MemTotal:       12113140 kB
MemFree:         1067912 kB
MemAvailable:    8361696 kB
Buffers:            7240 kB
Cached:          6808832 kB
SwapCached:            0 kB
Active:          4264420 kB
Inactive:        3988744 kB
Active(anon):    1179012 kB
Inactive(anon):   295776 kB
Active(file):    3085408 kB
Inactive(file):  3692968 kB
Unevictable:        5576 kB
Mlocked:            5576 kB
SwapTotal:       3145724 kB
SwapFree:        3143276 kB
Dirty:               920 kB
Writeback:            32 kB
AnonPages:       1442648 kB
Mapped:           645736 kB
Shmem:             33160 kB
KReclaimable:    1384112 kB
Slab:             227816 kB
SReclaimable:      83500 kB
SUnreclaim:       144316 kB
KernelStack:       48628 kB
PageTables:        64036 kB
NFS_Unstable:          0 kB
Bounce:                0 kB
WritebackTmp:          0 kB
CommitLimit:     9202292 kB
Committed_AS:   71340960 kB
VmallocTotal:   263061440 kB
VmallocUsed:      105564 kB
VmallocChunk:          0 kB
Percpu:             7616 kB
CmaTotal:         294912 kB
CmaFree:             304 kB
MemTotal:       12113140 kB
MemFree:         1104952 kB
MemAvailable:    8182004 kB
Buffers:            7240 kB
Cached:          6806592 kB
SwapCached:            0 kB
Active:          4227212 kB
Inactive:        3986320 kB
Active(anon):    1141776 kB
Inactive(anon):   294324 kB
Active(file):    3085436 kB
Inactive(file):  3691996 kB
Unevictable:        5576 kB
Mlocked:            5576 kB
SwapTotal:       3145724 kB
SwapFree:        3143276 kB
Dirty:              1064 kB
Writeback:             0 kB
AnonPages:       1405536 kB
Mapped:           661480 kB
Shmem:             31864 kB
KReclaimable:    1168324 kB
Slab:             228396 kB
SReclaimable:      83772 kB
SUnreclaim:       144624 kB
KernelStack:       49372 kB
PageTables:        65512 kB
NFS_Unstable:          0 kB
Bounce:                0 kB
WritebackTmp:          0 kB
CommitLimit:     9202292 kB
Committed_AS:   71379472 kB
VmallocTotal:   263061440 kB
VmallocUsed:      106332 kB
VmallocChunk:          0 kB
Percpu:             7616 kB
CmaTotal:         294912 kB
CmaFree:               0 kB
MemTotal:       12113140 kB
MemFree:         1093960 kB
MemAvailable:    8199444 kB
Buffers:            7240 kB
Cached:          6807756 kB
SwapCached:            0 kB
Active:          4234592 kB
Inactive:        3987032 kB
Active(anon):    1148644 kB
Inactive(anon):   295396 kB
Active(file):    3085948 kB
Inactive(file):  3691636 kB
Unevictable:        5576 kB
Mlocked:            5576 kB
SwapTotal:       3145724 kB
SwapFree:        3143276 kB
Dirty:              1420 kB
Writeback:             0 kB
AnonPages:       1412212 kB
Mapped:           667020 kB
Shmem:             32876 kB
KReclaimable:    1196604 kB
Slab:             228564 kB
SReclaimable:      83880 kB
SUnreclaim:       144684 kB
KernelStack:       49856 kB
PageTables:        65792 kB
NFS_Unstable:          0 kB
Bounce:                0 kB
WritebackTmp:          0 kB
CommitLimit:     9202292 kB
Committed_AS:   71384024 kB
VmallocTotal:   263061440 kB
VmallocUsed:      106732 kB
VmallocChunk:          0 kB
Percpu:             7616 kB
CmaTotal:         294912 kB
CmaFree:               0 kB
MemTotal:       12113140 kB
MemFree:         1090028 kB
MemAvailable:    8197388 kB
Buffers:            7240 kB
Cached:          6807768 kB
SwapCached:            0 kB
Active:          4237972 kB
Inactive:        3986912 kB
Active(anon):    1151876 kB
Inactive(anon):   295412 kB
Active(file):    3086096 kB
Inactive(file):  3691500 kB
Unevictable:        5576 kB
Mlocked:            5576 kB
SwapTotal:       3145724 kB
SwapFree:        3143276 kB
Dirty:              1428 kB
Writeback:             0 kB
AnonPages:       1414624 kB
Mapped:           666508 kB
Shmem:             32876 kB
KReclaimable:    1198468 kB
Slab:             228592 kB
SReclaimable:      83880 kB
SUnreclaim:       144712 kB
KernelStack:       49824 kB
PageTables:        65804 kB
NFS_Unstable:          0 kB
Bounce:                0 kB
WritebackTmp:          0 kB
CommitLimit:     9202292 kB
Committed_AS:   71388824 kB
VmallocTotal:   263061440 kB
VmallocUsed:      106780 kB
VmallocChunk:          0 kB
Percpu:             7616 kB
CmaTotal:         294912 kB
CmaFree:               0 kB
MemTotal:       12113140 kB
MemFree:         1088956 kB
MemAvailable:    8196328 kB
Buffers:            7240 kB
Cached:          6807644 kB
SwapCached:            0 kB
Active:          4237680 kB
Inactive:        3986708 kB
Active(anon):    1151456 kB
Inactive(anon):   295324 kB
Active(file):    3086224 kB
Inactive(file):  3691384 kB
Unevictable:        5576 kB
Mlocked:            5576 kB
SwapTotal:       3145724 kB
SwapFree:        3143276 kB
Dirty:              1568 kB
Writeback:             0 kB
AnonPages:       1415228 kB
Mapped:           666288 kB
Shmem:             32740 kB
KReclaimable:    1198468 kB
Slab:             228564 kB
SReclaimable:      83880 kB
SUnreclaim:       144684 kB
KernelStack:       49904 kB
PageTables:        65748 kB
NFS_Unstable:          0 kB
Bounce:                0 kB
WritebackTmp:          0 kB
CommitLimit:     9202292 kB
Committed_AS:   71388984 kB
VmallocTotal:   263061440 kB
VmallocUsed:      106876 kB
VmallocChunk:          0 kB
Percpu:             7616 kB
CmaTotal:         294912 kB
CmaFree:               0 kB
MemTotal:       12113140 kB
MemFree:         1134764 kB
MemAvailable:    8242400 kB
Buffers:            7240 kB
Cached:          6807908 kB
SwapCached:            0 kB
Active:          4190064 kB
Inactive:        3986836 kB
Active(anon):    1103704 kB
Inactive(anon):   295324 kB
Active(file):    3086360 kB
Inactive(file):  3691512 kB
Unevictable:        5576 kB
Mlocked:            5576 kB
SwapTotal:       3145724 kB
SwapFree:        3143276 kB
Dirty:              1608 kB
Writeback:             0 kB
AnonPages:       1367560 kB
Mapped:           666288 kB
Shmem:             32740 kB
KReclaimable:    1198468 kB
Slab:             228588 kB
SReclaimable:      83880 kB
SUnreclaim:       144708 kB
KernelStack:       49872 kB
PageTables:        65772 kB
NFS_Unstable:          0 kB
Bounce:                0 kB
WritebackTmp:          0 kB
CommitLimit:     9202292 kB
Committed_AS:   71388224 kB
VmallocTotal:   263061440 kB
VmallocUsed:      106812 kB
VmallocChunk:          0 kB
Percpu:             7616 kB
CmaTotal:         294912 kB
CmaFree:               0 kB
MemTotal:       12113140 kB
MemFree:         1134116 kB
MemAvailable:    8241760 kB
Buffers:            7240 kB
Cached:          6807940 kB
SwapCached:            0 kB
Active:          4191924 kB
Inactive:        3986736 kB
Active(anon):    1105432 kB
Inactive(anon):   295348 kB
Active(file):    3086492 kB
Inactive(file):  3691388 kB
Unevictable:        5576 kB
Mlocked:            5576 kB
SwapTotal:       3145724 kB
SwapFree:        3143276 kB
Dirty:              1712 kB
Writeback:             0 kB
AnonPages:       1369000 kB
Mapped:           666324 kB
Shmem:             32764 kB
KReclaimable:    1198468 kB
Slab:             228604 kB
SReclaimable:      83880 kB
SUnreclaim:       144724 kB
KernelStack:       49952 kB
PageTables:        65780 kB
NFS_Unstable:          0 kB
Bounce:                0 kB
WritebackTmp:          0 kB
CommitLimit:     9202292 kB
Committed_AS:   71387728 kB
VmallocTotal:   263061440 kB
VmallocUsed:      106908 kB
VmallocChunk:          0 kB
Percpu:             7616 kB
CmaTotal:         294912 kB
CmaFree:               0 kB
MemTotal:       12113140 kB
MemFree:         1147772 kB
MemAvailable:    8255448 kB
Buffers:            7240 kB
Cached:          6807956 kB
SwapCached:            0 kB
Active:          4177376 kB
Inactive:        3986752 kB
Active(anon):    1090884 kB
Inactive(anon):   295364 kB
Active(file):    3086492 kB
Inactive(file):  3691388 kB
Unevictable:        5576 kB
Mlocked:            5576 kB
SwapTotal:       3145724 kB
SwapFree:        3143276 kB
Dirty:              1716 kB
Writeback:             0 kB
AnonPages:       1354600 kB
Mapped:           663752 kB
Shmem:             32780 kB
KReclaimable:    1198500 kB
Slab:             228656 kB
SReclaimable:      83912 kB
SUnreclaim:       144744 kB
KernelStack:       50000 kB
PageTables:        65592 kB
NFS_Unstable:          0 kB
Bounce:                0 kB
WritebackTmp:          0 kB
CommitLimit:     9202292 kB
Committed_AS:   71387976 kB
VmallocTotal:   263061440 kB
VmallocUsed:      106940 kB
VmallocChunk:          0 kB
Percpu:             7616 kB
CmaTotal:         294912 kB
CmaFree:               4 kB
MemTotal:       12113140 kB
MemFree:          986888 kB
MemAvailable:    7975776 kB
Buffers:            7240 kB
Cached:          6808076 kB
SwapCached:            0 kB
Active:          4338988 kB
Inactive:        3986616 kB
Active(anon):    1252240 kB
Inactive(anon):   295344 kB
Active(file):    3086748 kB
Inactive(file):  3691272 kB
Unevictable:        5576 kB
Mlocked:            5576 kB
SwapTotal:       3145724 kB
SwapFree:        3143276 kB
Dirty:              1736 kB
Writeback:             0 kB
AnonPages:       1516008 kB
Mapped:           717312 kB
Shmem:             32760 kB
KReclaimable:    1079572 kB
Slab:             229160 kB
SReclaimable:      83928 kB
SUnreclaim:       145232 kB
KernelStack:       49856 kB
PageTables:        66164 kB
NFS_Unstable:          0 kB
Bounce:                0 kB
WritebackTmp:          0 kB
CommitLimit:     9202292 kB
Committed_AS:   71687424 kB
VmallocTotal:   263061440 kB
VmallocUsed:      106876 kB
VmallocChunk:          0 kB
Percpu:             7616 kB
CmaTotal:         294912 kB
CmaFree:               0 kB
MemTotal:       12113140 kB
MemFree:          982724 kB
MemAvailable:    7859132 kB
Buffers:            7248 kB
Cached:          6808100 kB
SwapCached:            0 kB
Active:          4344124 kB
Inactive:        3986512 kB
Active(anon):    1257240 kB
Inactive(anon):   295348 kB
Active(file):    3086884 kB
Inactive(file):  3691164 kB
Unevictable:        5576 kB
Mlocked:            5576 kB
SwapTotal:       3145724 kB
SwapFree:        3143276 kB
Dirty:              1192 kB
Writeback:             0 kB
AnonPages:       1520928 kB
Mapped:           829552 kB
Shmem:             32764 kB
KReclaimable:     967064 kB
Slab:             229152 kB
SReclaimable:      83928 kB
SUnreclaim:       145224 kB
KernelStack:       49840 kB
PageTables:        66672 kB
NFS_Unstable:          0 kB
Bounce:                0 kB
WritebackTmp:          0 kB
CommitLimit:     9202292 kB
Committed_AS:   71854960 kB
VmallocTotal:   263061440 kB
VmallocUsed:      106892 kB
VmallocChunk:          0 kB
Percpu:             7616 kB
CmaTotal:         294912 kB
CmaFree:               0 kB
MemTotal:       12113140 kB
MemFree:          880588 kB
MemAvailable:    7715924 kB
Buffers:            7248 kB
Cached:          6808172 kB
SwapCached:            0 kB
Active:          4444356 kB
Inactive:        3986504 kB
Active(anon):    1357392 kB
Inactive(anon):   295412 kB
Active(file):    3086964 kB
Inactive(file):  3691092 kB
Unevictable:        5576 kB
Mlocked:            5576 kB
SwapTotal:       3145724 kB
SwapFree:        3143276 kB
Dirty:              1244 kB
Writeback:             0 kB
AnonPages:       1621192 kB
Mapped:           843676 kB
Shmem:             32828 kB
KReclaimable:     925984 kB
Slab:             229336 kB
SReclaimable:      83976 kB
SUnreclaim:       145360 kB
KernelStack:       49984 kB
PageTables:        66956 kB
NFS_Unstable:          0 kB
Bounce:                0 kB
WritebackTmp:          0 kB
CommitLimit:     9202292 kB
Committed_AS:   72094656 kB
VmallocTotal:   263061440 kB
VmallocUsed:      106908 kB
VmallocChunk:          0 kB
Percpu:             7616 kB
CmaTotal:         294912 kB
CmaFree:               0 kB
MemTotal:       12113140 kB
MemFree:          694416 kB
MemAvailable:    7529756 kB
Buffers:            7248 kB
Cached:          6808172 kB
SwapCached:            0 kB
Active:          4628156 kB
Inactive:        3986504 kB
Active(anon):    1541192 kB
Inactive(anon):   295412 kB
Active(file):    3086964 kB
Inactive(file):  3691092 kB
Unevictable:        5576 kB
Mlocked:            5576 kB
SwapTotal:       3145724 kB
SwapFree:        3143276 kB
Dirty:              1240 kB
Writeback:             4 kB
AnonPages:       1804860 kB
Mapped:           843728 kB
Shmem:             32828 kB
KReclaimable:     925988 kB
Slab:             229320 kB
SReclaimable:      83976 kB
SUnreclaim:       145344 kB
KernelStack:       49920 kB
PageTables:        67316 kB
NFS_Unstable:          0 kB
Bounce:                0 kB
WritebackTmp:          0 kB
CommitLimit:     9202292 kB
Committed_AS:   72093576 kB
VmallocTotal:   263061440 kB
VmallocUsed:      106892 kB
VmallocChunk:          0 kB
Percpu:             7616 kB
CmaTotal:         294912 kB
CmaFree:               0 kB
MemTotal:       12113140 kB
MemFree:          371844 kB
MemAvailable:    7207184 kB
Buffers:            7248 kB
Cached:          6808176 kB
SwapCached:            0 kB
Active:          4949908 kB
Inactive:        3986508 kB
Active(anon):    1862944 kB
Inactive(anon):   295416 kB
Active(file):    3086964 kB
Inactive(file):  3691092 kB
Unevictable:        5576 kB
Mlocked:            5576 kB
SwapTotal:       3145724 kB
SwapFree:        3143276 kB
Dirty:              1268 kB
Writeback:             0 kB
AnonPages:       2126712 kB
Mapped:           843664 kB
Shmem:             32832 kB
KReclaimable:     925988 kB
Slab:             229336 kB
SReclaimable:      83976 kB
SUnreclaim:       145360 kB
KernelStack:       49904 kB
PageTables:        67888 kB
NFS_Unstable:          0 kB
Bounce:                0 kB
WritebackTmp:          0 kB
CommitLimit:     9202292 kB
Committed_AS:   72563436 kB
VmallocTotal:   263061440 kB
VmallocUsed:      106892 kB
VmallocChunk:          0 kB
Percpu:             7616 kB
CmaTotal:         294912 kB
CmaFree:               0 kB
MemTotal:       12113140 kB
MemFree:          840148 kB
MemAvailable:    6973964 kB
Buffers:            7248 kB
Cached:          6605648 kB
SwapCached:            0 kB
Active:          5022944 kB
Inactive:        3813376 kB
Active(anon):    1949956 kB
Inactive(anon):   310624 kB
Active(file):    3072988 kB
Inactive(file):  3502752 kB
Unevictable:        5576 kB
Mlocked:            5576 kB
SwapTotal:       3145724 kB
SwapFree:        3143276 kB
Dirty:              1304 kB
Writeback:             0 kB
AnonPages:       2229136 kB
Mapped:           843684 kB
Shmem:             32832 kB
KReclaimable:     559744 kB
Slab:             226932 kB
SReclaimable:      81540 kB
SUnreclaim:       145392 kB
KernelStack:       49968 kB
PageTables:        68908 kB
NFS_Unstable:          0 kB
Bounce:                0 kB
WritebackTmp:          0 kB
CommitLimit:     9202292 kB
Committed_AS:   72983672 kB
VmallocTotal:   263061440 kB
VmallocUsed:      106924 kB
VmallocChunk:          0 kB
Percpu:             7616 kB
CmaTotal:         294912 kB
CmaFree:               0 kB
MemTotal:       12113140 kB
MemFree:          841948 kB
MemAvailable:    6975168 kB
Buffers:            7248 kB
Cached:          6605424 kB
SwapCached:            0 kB
Active:          5020016 kB
Inactive:        3813384 kB
Active(anon):    1947204 kB
Inactive(anon):   310900 kB
Active(file):    3072812 kB
Inactive(file):  3502484 kB
Unevictable:        5576 kB
Mlocked:            5576 kB
SwapTotal:       3145724 kB
SwapFree:        3143276 kB
Dirty:              1304 kB
Writeback:             0 kB
AnonPages:       2226520 kB
Mapped:           843624 kB
Shmem:             32840 kB
KReclaimable:     559436 kB
Slab:             226716 kB
SReclaimable:      81344 kB
SUnreclaim:       145372 kB
KernelStack:       49920 kB
PageTables:        68872 kB
NFS_Unstable:          0 kB
Bounce:                0 kB
WritebackTmp:          0 kB
CommitLimit:     9202292 kB
Committed_AS:   72984012 kB
VmallocTotal:   263061440 kB
VmallocUsed:      106908 kB
VmallocChunk:          0 kB
Percpu:             7616 kB
CmaTotal:         294912 kB
CmaFree:               0 kB
MemTotal:       12113140 kB
MemFree:          826016 kB
MemAvailable:    6959236 kB
Buffers:            7248 kB
Cached:          6605424 kB
SwapCached:            0 kB
Active:          5037060 kB
Inactive:        3813384 kB
Active(anon):    1964248 kB
Inactive(anon):   310900 kB
Active(file):    3072812 kB
Inactive(file):  3502484 kB
Unevictable:        5576 kB
Mlocked:            5576 kB
SwapTotal:       3145724 kB
SwapFree:        3143276 kB
Dirty:              1316 kB
Writeback:             0 kB
AnonPages:       2243608 kB
Mapped:           843632 kB
Shmem:             32840 kB
KReclaimable:     559436 kB
Slab:             226756 kB
SReclaimable:      81344 kB
SUnreclaim:       145412 kB
KernelStack:       49920 kB
PageTables:        69064 kB
NFS_Unstable:          0 kB
Bounce:                0 kB
WritebackTmp:          0 kB
CommitLimit:     9202292 kB
Committed_AS:   73000508 kB
VmallocTotal:   263061440 kB
VmallocUsed:      106924 kB
VmallocChunk:          0 kB
Percpu:             7616 kB
CmaTotal:         294912 kB
CmaFree:               0 kB
MemTotal:       12113140 kB
MemFree:          822900 kB
MemAvailable:    6956116 kB
Buffers:            7248 kB
Cached:          6605428 kB
SwapCached:            0 kB
Active:          5037364 kB
Inactive:        3813388 kB
Active(anon):    1964552 kB
Inactive(anon):   310900 kB
Active(file):    3072812 kB
Inactive(file):  3502488 kB
Unevictable:        5576 kB
Mlocked:            5576 kB
SwapTotal:       3145724 kB
SwapFree:        3143276 kB
Dirty:              1320 kB
Writeback:             0 kB
AnonPages:       2243812 kB
Mapped:           843624 kB
Shmem:             32840 kB
KReclaimable:     559420 kB
Slab:             226692 kB
SReclaimable:      81328 kB
SUnreclaim:       145364 kB
KernelStack:       49904 kB
PageTables:        68916 kB
NFS_Unstable:          0 kB
Bounce:                0 kB
WritebackTmp:          0 kB
CommitLimit:     9202292 kB
Committed_AS:   72999996 kB
VmallocTotal:   263061440 kB
VmallocUsed:      106908 kB
VmallocChunk:          0 kB
Percpu:             7616 kB
CmaTotal:         294912 kB
CmaFree:               0 kB
MemTotal:       12113140 kB
MemFree:          822984 kB
MemAvailable:    6956200 kB
Buffers:            7248 kB
Cached:          6605428 kB
SwapCached:            0 kB
Active:          5037912 kB
Inactive:        3813388 kB
Active(anon):    1965100 kB
Inactive(anon):   310900 kB
Active(file):    3072812 kB
Inactive(file):  3502488 kB
Unevictable:        5576 kB
Mlocked:            5576 kB
SwapTotal:       3145724 kB
SwapFree:        3143276 kB
Dirty:              1320 kB
Writeback:             0 kB
AnonPages:       2244216 kB
Mapped:           843624 kB
Shmem:             32840 kB
KReclaimable:     559420 kB
Slab:             226688 kB
SReclaimable:      81328 kB
SUnreclaim:       145360 kB
KernelStack:       49904 kB
PageTables:        68924 kB
NFS_Unstable:          0 kB
Bounce:                0 kB
WritebackTmp:          0 kB
CommitLimit:     9202292 kB
Committed_AS:   72999652 kB
VmallocTotal:   263061440 kB
VmallocUsed:      106892 kB
VmallocChunk:          0 kB
Percpu:             7616 kB
CmaTotal:         294912 kB
CmaFree:               0 kB
MemTotal:       12113140 kB
MemFree:          823120 kB
MemAvailable:    6956368 kB
Buffers:            7248 kB
Cached:          6605428 kB
SwapCached:            0 kB
Active:          5038304 kB
Inactive:        3813388 kB
Active(anon):    1965492 kB
Inactive(anon):   310900 kB
Active(file):    3072812 kB
Inactive(file):  3502488 kB
Unevictable:        5576 kB
Mlocked:            5576 kB
SwapTotal:       3145724 kB
SwapFree:        3143276 kB
Dirty:              1332 kB
Writeback:             0 kB
AnonPages:       2244524 kB
Mapped:           843628 kB
Shmem:             32840 kB
KReclaimable:     559484 kB
Slab:             226760 kB
SReclaimable:      81392 kB
SUnreclaim:       145368 kB
KernelStack:       49920 kB
PageTables:        68964 kB
NFS_Unstable:          0 kB
Bounce:                0 kB
WritebackTmp:          0 kB
CommitLimit:     9202292 kB
Committed_AS:   72999236 kB
VmallocTotal:   263061440 kB
VmallocUsed:      106876 kB
VmallocChunk:          0 kB
Percpu:             7616 kB
CmaTotal:         294912 kB
CmaFree:               0 kB
MemTotal:       12113140 kB
MemFree:          792424 kB
MemAvailable:    6925672 kB
Buffers:            7248 kB
Cached:          6605428 kB
SwapCached:            0 kB
Active:          5068980 kB
Inactive:        3813352 kB
Active(anon):    1996132 kB
Inactive(anon):   310900 kB
Active(file):    3072848 kB
Inactive(file):  3502452 kB
Unevictable:        5576 kB
Mlocked:            5576 kB
SwapTotal:       3145724 kB
SwapFree:        3143276 kB
Dirty:               256 kB
Writeback:             0 kB
AnonPages:       2275424 kB
Mapped:           843624 kB
Shmem:             32840 kB
KReclaimable:     559484 kB
Slab:             226744 kB
SReclaimable:      81392 kB
SUnreclaim:       145352 kB
KernelStack:       49888 kB
PageTables:        68904 kB
NFS_Unstable:          0 kB
Bounce:                0 kB
WritebackTmp:          0 kB
CommitLimit:     9202292 kB
Committed_AS:   72998736 kB
VmallocTotal:   263061440 kB
VmallocUsed:      106892 kB
VmallocChunk:          0 kB
Percpu:             7616 kB
CmaTotal:         294912 kB
CmaFree:               0 kB
MemTotal:       12113140 kB
MemFree:          790572 kB
MemAvailable:    6923820 kB
Buffers:            7248 kB
Cached:          6605428 kB
SwapCached:            0 kB
Active:          5069824 kB
Inactive:        3813352 kB
Active(anon):    1996976 kB
Inactive(anon):   310900 kB
Active(file):    3072848 kB
Inactive(file):  3502452 kB
Unevictable:        5576 kB
Mlocked:            5576 kB
SwapTotal:       3145724 kB
SwapFree:        3143276 kB
Dirty:               288 kB
Writeback:             0 kB
AnonPages:       2275936 kB
Mapped:           843624 kB
Shmem:             32840 kB
KReclaimable:     559484 kB
Slab:             226752 kB
SReclaimable:      81392 kB
SUnreclaim:       145360 kB
KernelStack:       49904 kB
PageTables:        68904 kB
NFS_Unstable:          0 kB
Bounce:                0 kB
WritebackTmp:          0 kB
CommitLimit:     9202292 kB
Committed_AS:   73013308 kB
VmallocTotal:   263061440 kB
VmallocUsed:      106908 kB
VmallocChunk:          0 kB
Percpu:             7616 kB
CmaTotal:         294912 kB
CmaFree:               0 kB
MemTotal:       12113140 kB
MemFree:          761372 kB
MemAvailable:    6894628 kB
Buffers:            7248 kB
Cached:          6605628 kB
SwapCached:            0 kB
Active:          5097680 kB
Inactive:        3813424 kB
Active(anon):    2024828 kB
Inactive(anon):   310976 kB
Active(file):    3072852 kB
Inactive(file):  3502448 kB
Unevictable:        5576 kB
Mlocked:            5576 kB
SwapTotal:       3145724 kB
SwapFree:        3143276 kB
Dirty:               284 kB
Writeback:             4 kB
AnonPages:       2304008 kB
Mapped:           843836 kB
Shmem:             33040 kB
KReclaimable:     559500 kB
Slab:             226796 kB
SReclaimable:      81408 kB
SUnreclaim:       145388 kB
KernelStack:       49920 kB
PageTables:        69004 kB
NFS_Unstable:          0 kB
Bounce:                0 kB
WritebackTmp:          0 kB
CommitLimit:     9202292 kB
Committed_AS:   73017192 kB
VmallocTotal:   263061440 kB
VmallocUsed:      106924 kB
VmallocChunk:          0 kB
Percpu:             7616 kB
CmaTotal:         294912 kB
CmaFree:               0 kB
MemTotal:       12113140 kB
MemFree:          760368 kB
MemAvailable:    6893632 kB
Buffers:            7248 kB
Cached:          6605272 kB
SwapCached:            0 kB
Active:          5097388 kB
Inactive:        3813180 kB
Active(anon):    2024524 kB
Inactive(anon):   310744 kB
Active(file):    3072864 kB
Inactive(file):  3502436 kB
Unevictable:        5576 kB
Mlocked:            5576 kB
SwapTotal:       3145724 kB
SwapFree:        3143276 kB
Dirty:               356 kB
Writeback:             0 kB
AnonPages:       2303980 kB
Mapped:           843596 kB
Shmem:             32684 kB
KReclaimable:     559516 kB
Slab:             226808 kB
SReclaimable:      81424 kB
SUnreclaim:       145384 kB
KernelStack:       49888 kB
PageTables:        69056 kB
NFS_Unstable:          0 kB
Bounce:                0 kB
WritebackTmp:          0 kB
CommitLimit:     9202292 kB
Committed_AS:   73034876 kB
VmallocTotal:   263061440 kB
VmallocUsed:      106908 kB
VmallocChunk:          0 kB
Percpu:             7616 kB
CmaTotal:         294912 kB
CmaFree:               0 kB
MemTotal:       12113140 kB
MemFree:          929604 kB
MemAvailable:    7014528 kB
Buffers:            7248 kB
Cached:          6605428 kB
SwapCached:            0 kB
Active:          4928664 kB
Inactive:        3813336 kB
Active(anon):    1855800 kB
Inactive(anon):   310900 kB
Active(file):    3072864 kB
Inactive(file):  3502436 kB
Unevictable:        5576 kB
Mlocked:            5576 kB
SwapTotal:       3145724 kB
SwapFree:        3143276 kB
Dirty:               364 kB
Writeback:             0 kB
AnonPages:       2135012 kB
Mapped:           853816 kB
Shmem:             32840 kB
KReclaimable:     462836 kB
Slab:             226856 kB
SReclaimable:      81424 kB
SUnreclaim:       145432 kB
KernelStack:       49872 kB
PageTables:        68904 kB
NFS_Unstable:          0 kB
Bounce:                0 kB
WritebackTmp:          0 kB
CommitLimit:     9202292 kB
Committed_AS:   73034640 kB
VmallocTotal:   263061440 kB
VmallocUsed:      106908 kB
VmallocChunk:          0 kB
Percpu:             7616 kB
CmaTotal:         294912 kB
CmaFree:               0 kB
MemTotal:       12113140 kB
MemFree:          916272 kB
MemAvailable:    6974924 kB
Buffers:            7248 kB
Cached:          6605456 kB
SwapCached:            0 kB
Active:          4940092 kB
Inactive:        3813364 kB
Active(anon):    1867228 kB
Inactive(anon):   310928 kB
Active(file):    3072864 kB
Inactive(file):  3502436 kB
Unevictable:        5576 kB
Mlocked:            5576 kB
SwapTotal:       3145724 kB
SwapFree:        3143276 kB
Dirty:               376 kB
Writeback:             0 kB
AnonPages:       2146504 kB
Mapped:           868328 kB
Shmem:             32868 kB
KReclaimable:     410296 kB
Slab:             227044 kB
SReclaimable:      81440 kB
SUnreclaim:       145604 kB
KernelStack:       50000 kB
PageTables:        69004 kB
NFS_Unstable:          0 kB
Bounce:                0 kB
WritebackTmp:          0 kB
CommitLimit:     9202292 kB
Committed_AS:   73036124 kB
VmallocTotal:   263061440 kB
VmallocUsed:      106988 kB
VmallocChunk:          0 kB
Percpu:             7616 kB
CmaTotal:         294912 kB
CmaFree:               4 kB
MemTotal:       12113140 kB
MemFree:          889088 kB
MemAvailable:    7055356 kB
Buffers:            7248 kB
Cached:          6605456 kB
SwapCached:            0 kB
Active:          4970100 kB
Inactive:        3813376 kB
Active(anon):    1897248 kB
Inactive(anon):   310928 kB
Active(file):    3072852 kB
Inactive(file):  3502448 kB
Unevictable:        5576 kB
Mlocked:            5576 kB
SwapTotal:       3145724 kB
SwapFree:        3143276 kB
Dirty:               396 kB
Writeback:             0 kB
AnonPages:       2176412 kB
Mapped:           868664 kB
Shmem:             32868 kB
KReclaimable:     625524 kB
Slab:             227080 kB
SReclaimable:      81440 kB
SUnreclaim:       145640 kB
KernelStack:       50208 kB
PageTables:        68756 kB
NFS_Unstable:          0 kB
Bounce:                0 kB
WritebackTmp:          0 kB
CommitLimit:     9202292 kB
Committed_AS:   73036336 kB
VmallocTotal:   263061440 kB
VmallocUsed:      107148 kB
VmallocChunk:          0 kB
Percpu:             7616 kB
CmaTotal:         294912 kB
CmaFree:               0 kB
MemTotal:       12113140 kB
MemFree:          907476 kB
MemAvailable:    7073360 kB
Buffers:            7248 kB
Cached:          6605456 kB
SwapCached:            0 kB
Active:          4951828 kB
Inactive:        3813248 kB
Active(anon):    1878848 kB
Inactive(anon):   310928 kB
Active(file):    3072980 kB
Inactive(file):  3502320 kB
Unevictable:        5576 kB
Mlocked:            5576 kB
SwapTotal:       3145724 kB
SwapFree:        3143276 kB
Dirty:               396 kB
Writeback:             0 kB
AnonPages:       2157892 kB
Mapped:           869500 kB
Shmem:             32868 kB
KReclaimable:     624756 kB
Slab:             227084 kB
SReclaimable:      81440 kB
SUnreclaim:       145644 kB
KernelStack:       50144 kB
PageTables:        68712 kB
NFS_Unstable:          0 kB
Bounce:                0 kB
WritebackTmp:          0 kB
CommitLimit:     9202292 kB
Committed_AS:   73036188 kB
VmallocTotal:   263061440 kB
VmallocUsed:      107132 kB
VmallocChunk:          0 kB
Percpu:             7616 kB
CmaTotal:         294912 kB
CmaFree:              76 kB
MemTotal:       12113140 kB
MemFree:          906488 kB
MemAvailable:    7072380 kB
Buffers:            7248 kB
Cached:          6605456 kB
SwapCached:            0 kB
Active:          4954064 kB
Inactive:        3813000 kB
Active(anon):    1880836 kB
Inactive(anon):   310928 kB
Active(file):    3073228 kB
Inactive(file):  3502072 kB
Unevictable:        5576 kB
Mlocked:            5576 kB
SwapTotal:       3145724 kB
SwapFree:        3143276 kB
Dirty:               408 kB
Writeback:             0 kB
AnonPages:       2160124 kB
Mapped:           870204 kB
Shmem:             32868 kB
KReclaimable:     624772 kB
Slab:             227124 kB
SReclaimable:      81456 kB
SUnreclaim:       145668 kB
KernelStack:       50192 kB
PageTables:        68788 kB
NFS_Unstable:          0 kB
Bounce:                0 kB
WritebackTmp:          0 kB
CommitLimit:     9202292 kB
Committed_AS:   73030968 kB
VmallocTotal:   263061440 kB
VmallocUsed:      107148 kB
VmallocChunk:          0 kB
Percpu:             7616 kB
CmaTotal:         294912 kB
CmaFree:               0 kB
MemTotal:       12113140 kB
MemFree:          904140 kB
MemAvailable:    7070032 kB
Buffers:            7248 kB
Cached:          6605456 kB
SwapCached:            0 kB
Active:          4958268 kB
Inactive:        3812864 kB
Active(anon):    1884904 kB
Inactive(anon):   310928 kB
Active(file):    3073364 kB
Inactive(file):  3501936 kB
Unevictable:        5576 kB
Mlocked:            5576 kB
SwapTotal:       3145724 kB
SwapFree:        3143276 kB
Dirty:               412 kB
Writeback:             0 kB
AnonPages:       2163892 kB
Mapped:           870276 kB
Shmem:             32868 kB
KReclaimable:     624772 kB
Slab:             227124 kB
SReclaimable:      81456 kB
SUnreclaim:       145668 kB
KernelStack:       50176 kB
PageTables:        68736 kB
NFS_Unstable:          0 kB
Bounce:                0 kB
WritebackTmp:          0 kB
CommitLimit:     9202292 kB
Committed_AS:   73034632 kB
VmallocTotal:   263061440 kB
VmallocUsed:      107180 kB
VmallocChunk:          0 kB
Percpu:             7616 kB
CmaTotal:         294912 kB
CmaFree:               0 kB
MemTotal:       12113140 kB
MemFree:          878308 kB
MemAvailable:    7044248 kB
Buffers:            7248 kB
Cached:          6605504 kB
SwapCached:            0 kB
Active:          4985004 kB
Inactive:        3812784 kB
Active(anon):    1911512 kB
Inactive(anon):   310928 kB
Active(file):    3073492 kB
Inactive(file):  3501856 kB
Unevictable:        5576 kB
Mlocked:            5576 kB
SwapTotal:       3145724 kB
SwapFree:        3143276 kB
Dirty:               276 kB
Writeback:             0 kB
AnonPages:       2190736 kB
Mapped:           870276 kB
Shmem:             32868 kB
KReclaimable:     624772 kB
Slab:             227104 kB
SReclaimable:      81456 kB
SUnreclaim:       145648 kB
KernelStack:       50176 kB
PageTables:        68716 kB
NFS_Unstable:          0 kB
Bounce:                0 kB
WritebackTmp:          0 kB
CommitLimit:     9202292 kB
Committed_AS:   73035936 kB
VmallocTotal:   263061440 kB
VmallocUsed:      107180 kB
VmallocChunk:          0 kB
Percpu:             7616 kB
CmaTotal:         294912 kB
CmaFree:               0 kB
MemTotal:       12113140 kB
MemFree:          864272 kB
MemAvailable:    7030220 kB
Buffers:            7248 kB
Cached:          6605380 kB
SwapCached:            0 kB
Active:          4997620 kB
Inactive:        3812404 kB
Active(anon):    1923872 kB
Inactive(anon):   310804 kB
Active(file):    3073748 kB
Inactive(file):  3501600 kB
Unevictable:        5576 kB
Mlocked:            5576 kB
SwapTotal:       3145724 kB
SwapFree:        3143276 kB
Dirty:               320 kB
Writeback:             0 kB
AnonPages:       2203096 kB
Mapped:           870280 kB
Shmem:             32744 kB
KReclaimable:     624788 kB
Slab:             227128 kB
SReclaimable:      81472 kB
SUnreclaim:       145656 kB
KernelStack:       50128 kB
PageTables:        68732 kB
NFS_Unstable:          0 kB
Bounce:                0 kB
WritebackTmp:          0 kB
CommitLimit:     9202292 kB
Committed_AS:   73031616 kB
VmallocTotal:   263061440 kB
VmallocUsed:      107148 kB
VmallocChunk:          0 kB
Percpu:             7616 kB
CmaTotal:         294912 kB
CmaFree:               0 kB
MemTotal:       12113140 kB
MemFree:          862444 kB
MemAvailable:    7028392 kB
Buffers:            7248 kB
Cached:          6605380 kB
SwapCached:            0 kB
Active:          4999276 kB
Inactive:        3812276 kB
Active(anon):    1925400 kB
Inactive(anon):   310804 kB
Active(file):    3073876 kB
Inactive(file):  3501472 kB
Unevictable:        5576 kB
Mlocked:            5576 kB
SwapTotal:       3145724 kB
SwapFree:        3143276 kB
Dirty:               320 kB
Writeback:             0 kB
AnonPages:       2204700 kB
Mapped:           870280 kB
Shmem:             32744 kB
KReclaimable:     624788 kB
Slab:             227124 kB
SReclaimable:      81472 kB
SUnreclaim:       145652 kB
KernelStack:       50128 kB
PageTables:        68736 kB
NFS_Unstable:          0 kB
Bounce:                0 kB
WritebackTmp:          0 kB
CommitLimit:     9202292 kB
Committed_AS:   73035152 kB
VmallocTotal:   263061440 kB
VmallocUsed:      107180 kB
VmallocChunk:          0 kB
Percpu:             7616 kB
CmaTotal:         294912 kB
CmaFree:               0 kB
MemTotal:       12113140 kB
MemFree:          862036 kB
MemAvailable:    7027988 kB
Buffers:            7248 kB
Cached:          6605388 kB
SwapCached:            0 kB
Active:          5001620 kB
Inactive:        3812036 kB
Active(anon):    1927496 kB
Inactive(anon):   310808 kB
Active(file):    3074124 kB
Inactive(file):  3501228 kB
Unevictable:        5576 kB
Mlocked:            5576 kB
SwapTotal:       3145724 kB
SwapFree:        3143276 kB
Dirty:               340 kB
Writeback:             0 kB
AnonPages:       2206584 kB
Mapped:           870284 kB
Shmem:             32748 kB
KReclaimable:     624788 kB
Slab:             227140 kB
SReclaimable:      81472 kB
SUnreclaim:       145668 kB
KernelStack:       50144 kB
PageTables:        68788 kB
NFS_Unstable:          0 kB
Bounce:                0 kB
WritebackTmp:          0 kB
CommitLimit:     9202292 kB
Committed_AS:   73035464 kB
VmallocTotal:   263061440 kB
VmallocUsed:      107148 kB
VmallocChunk:          0 kB
Percpu:             7616 kB
CmaTotal:         294912 kB
CmaFree:               0 kB
MemTotal:       12113140 kB
MemFree:          859572 kB
MemAvailable:    7025516 kB
Buffers:            7248 kB
Cached:          6605388 kB
SwapCached:            0 kB
Active:          5003200 kB
Inactive:        3811900 kB
Active(anon):    1928940 kB
Inactive(anon):   310808 kB
Active(file):    3074260 kB
Inactive(file):  3501092 kB
Unevictable:        5576 kB
Mlocked:            5576 kB
SwapTotal:       3145724 kB
SwapFree:        3143276 kB
Dirty:               372 kB
Writeback:             0 kB
AnonPages:       2208260 kB
Mapped:           870348 kB
Shmem:             32748 kB
KReclaimable:     624772 kB
Slab:             227116 kB
SReclaimable:      81456 kB
SUnreclaim:       145660 kB
KernelStack:       50096 kB
PageTables:        68716 kB
NFS_Unstable:          0 kB
Bounce:                0 kB
WritebackTmp:          0 kB
CommitLimit:     9202292 kB
Committed_AS:   73034404 kB
VmallocTotal:   263061440 kB
VmallocUsed:      107132 kB
VmallocChunk:          0 kB
Percpu:             7616 kB
CmaTotal:         294912 kB
CmaFree:               0 kB
MemTotal:       12113140 kB
MemFree:          859068 kB
MemAvailable:    7025020 kB
Buffers:            7248 kB
Cached:          6605396 kB
SwapCached:            0 kB
Active:          5004696 kB
Inactive:        3811652 kB
Active(anon):    1930180 kB
Inactive(anon):   310808 kB
Active(file):    3074516 kB
Inactive(file):  3500844 kB
Unevictable:        5576 kB
Mlocked:            5576 kB
SwapTotal:       3145724 kB
SwapFree:        3143276 kB
Dirty:               376 kB
Writeback:             0 kB
AnonPages:       2209460 kB
Mapped:           870360 kB
Shmem:             32748 kB
KReclaimable:     624772 kB
Slab:             227116 kB
SReclaimable:      81456 kB
SUnreclaim:       145660 kB
KernelStack:       50128 kB
PageTables:        68728 kB
NFS_Unstable:          0 kB
Bounce:                0 kB
WritebackTmp:          0 kB
CommitLimit:     9202292 kB
Committed_AS:   73028816 kB
VmallocTotal:   263061440 kB
VmallocUsed:      107116 kB
VmallocChunk:          0 kB
Percpu:             7616 kB
CmaTotal:         294912 kB
CmaFree:               0 kB
MemTotal:       12113140 kB
MemFree:          858068 kB
MemAvailable:    7024028 kB
Buffers:            7248 kB
Cached:          6605396 kB
SwapCached:            0 kB
Active:          5005892 kB
Inactive:        3811524 kB
Active(anon):    1931248 kB
Inactive(anon):   310808 kB
Active(file):    3074644 kB
Inactive(file):  3500716 kB
Unevictable:        5576 kB
Mlocked:            5576 kB
SwapTotal:       3145724 kB
SwapFree:        3143276 kB
Dirty:               384 kB
Writeback:             0 kB
AnonPages:       2210468 kB
Mapped:           870424 kB
Shmem:             32748 kB
KReclaimable:     624788 kB
Slab:             227132 kB
SReclaimable:      81472 kB
SUnreclaim:       145660 kB
KernelStack:       50144 kB
PageTables:        68748 kB
NFS_Unstable:          0 kB
Bounce:                0 kB
WritebackTmp:          0 kB
CommitLimit:     9202292 kB
Committed_AS:   73033008 kB
VmallocTotal:   263061440 kB
VmallocUsed:      107132 kB
VmallocChunk:          0 kB
Percpu:             7616 kB
CmaTotal:         294912 kB
CmaFree:               0 kB
MemTotal:       12113140 kB
MemFree:          857068 kB
MemAvailable:    7023020 kB
Buffers:            7248 kB
Cached:          6605396 kB
SwapCached:            0 kB
Active:          5007600 kB
Inactive:        3811276 kB
Active(anon):    1932708 kB
Inactive(anon):   310808 kB
Active(file):    3074892 kB
Inactive(file):  3500468 kB
Unevictable:        5576 kB
Mlocked:            5576 kB
SwapTotal:       3145724 kB
SwapFree:        3143276 kB
Dirty:               396 kB
Writeback:             0 kB
AnonPages:       2211628 kB
Mapped:           870420 kB
Shmem:             32748 kB
KReclaimable:     624772 kB
Slab:             227124 kB
SReclaimable:      81456 kB
SUnreclaim:       145668 kB
KernelStack:       50112 kB
PageTables:        68728 kB
NFS_Unstable:          0 kB
Bounce:                0 kB
WritebackTmp:          0 kB
CommitLimit:     9202292 kB
Committed_AS:   73029464 kB
VmallocTotal:   263061440 kB
VmallocUsed:      107116 kB
VmallocChunk:          0 kB
Percpu:             7616 kB
CmaTotal:         294912 kB
CmaFree:               0 kB
MemTotal:       12113140 kB
MemFree:          855736 kB
MemAvailable:    7021688 kB
Buffers:            7248 kB
Cached:          6605404 kB
SwapCached:            0 kB
Active:          5008352 kB
Inactive:        3811148 kB
Active(anon):    1933324 kB
Inactive(anon):   310816 kB
Active(file):    3075028 kB
Inactive(file):  3500332 kB
Unevictable:        5576 kB
Mlocked:            5576 kB
SwapTotal:       3145724 kB
SwapFree:        3143276 kB
Dirty:               396 kB
Writeback:             0 kB
AnonPages:       2212736 kB
Mapped:           870604 kB
Shmem:             32756 kB
KReclaimable:     624772 kB
Slab:             227160 kB
SReclaimable:      81456 kB
SUnreclaim:       145704 kB
KernelStack:       50160 kB
PageTables:        68972 kB
NFS_Unstable:          0 kB
Bounce:                0 kB
WritebackTmp:          0 kB
CommitLimit:     9202292 kB
Committed_AS:   73028504 kB
VmallocTotal:   263061440 kB
VmallocUsed:      107132 kB
VmallocChunk:          0 kB
Percpu:             7616 kB
CmaTotal:         294912 kB
CmaFree:               0 kB
MemTotal:       12113140 kB
MemFree:          856220 kB
MemAvailable:    7022180 kB
Buffers:            7248 kB
Cached:          6605404 kB
SwapCached:            0 kB
Active:          5008640 kB
Inactive:        3810900 kB
Active(anon):    1933364 kB
Inactive(anon):   310816 kB
Active(file):    3075276 kB
Inactive(file):  3500084 kB
Unevictable:        5576 kB
Mlocked:            5576 kB
SwapTotal:       3145724 kB
SwapFree:        3143276 kB
Dirty:               396 kB
Writeback:             0 kB
AnonPages:       2212592 kB
Mapped:           870496 kB
Shmem:             32756 kB
KReclaimable:     624788 kB
Slab:             227128 kB
SReclaimable:      81472 kB
SUnreclaim:       145656 kB
KernelStack:       50112 kB
PageTables:        68728 kB
NFS_Unstable:          0 kB
Bounce:                0 kB
WritebackTmp:          0 kB
CommitLimit:     9202292 kB
Committed_AS:   73033068 kB
VmallocTotal:   263061440 kB
VmallocUsed:      107148 kB
VmallocChunk:          0 kB
Percpu:             7616 kB
CmaTotal:         294912 kB
CmaFree:               0 kB
MemTotal:       12113140 kB
MemFree:          854320 kB
MemAvailable:    7020280 kB
Buffers:            7248 kB
Cached:          6605404 kB
SwapCached:            0 kB
Active:          5009520 kB
Inactive:        3810892 kB
Active(anon):    1934236 kB
Inactive(anon):   310816 kB
Active(file):    3075284 kB
Inactive(file):  3500076 kB
Unevictable:        5576 kB
Mlocked:            5576 kB
SwapTotal:       3145724 kB
SwapFree:        3143276 kB
Dirty:               396 kB
Writeback:             0 kB
AnonPages:       2213856 kB
Mapped:           870788 kB
Shmem:             32756 kB
KReclaimable:     624788 kB
Slab:             227156 kB
SReclaimable:      81472 kB
SUnreclaim:       145684 kB
KernelStack:       50164 kB
PageTables:        69136 kB
NFS_Unstable:          0 kB
Bounce:                0 kB
WritebackTmp:          0 kB
CommitLimit:     9202292 kB
Committed_AS:   73032388 kB
VmallocTotal:   263061440 kB
VmallocUsed:      107100 kB
VmallocChunk:          0 kB
Percpu:             7616 kB
CmaTotal:         294912 kB
CmaFree:               0 kB
MemTotal:       12113140 kB
MemFree:          852896 kB
MemAvailable:    7018848 kB
Buffers:            7248 kB
Cached:          6605404 kB
SwapCached:            0 kB
Active:          5011896 kB
Inactive:        3810516 kB
Active(anon):    1936236 kB
Inactive(anon):   310816 kB
Active(file):    3075660 kB
Inactive(file):  3499700 kB
Unevictable:        5576 kB
Mlocked:            5576 kB
SwapTotal:       3145724 kB
SwapFree:        3143276 kB
Dirty:               420 kB
Writeback:             0 kB
AnonPages:       2215292 kB
Mapped:           870560 kB
Shmem:             32756 kB
KReclaimable:     624772 kB
Slab:             227124 kB
SReclaimable:      81456 kB
SUnreclaim:       145668 kB
KernelStack:       50112 kB
PageTables:        68724 kB
NFS_Unstable:          0 kB
Bounce:                0 kB
WritebackTmp:          0 kB
CommitLimit:     9202292 kB
Committed_AS:   73032064 kB
VmallocTotal:   263061440 kB
VmallocUsed:      107100 kB
VmallocChunk:          0 kB
Percpu:             7616 kB
CmaTotal:         294912 kB
CmaFree:               0 kB
MemTotal:       12113140 kB
MemFree:          851920 kB
MemAvailable:    7017872 kB
Buffers:            7248 kB
Cached:          6605404 kB
SwapCached:            0 kB
Active:          5012980 kB
Inactive:        3810388 kB
Active(anon):    1937192 kB
Inactive(anon):   310816 kB
Active(file):    3075788 kB
Inactive(file):  3499572 kB
Unevictable:        5576 kB
Mlocked:            5576 kB
SwapTotal:       3145724 kB
SwapFree:        3143276 kB
Dirty:               420 kB
Writeback:             0 kB
AnonPages:       2216396 kB
Mapped:           870560 kB
Shmem:             32756 kB
KReclaimable:     624772 kB
Slab:             227128 kB
SReclaimable:      81456 kB
SUnreclaim:       145672 kB
KernelStack:       50128 kB
PageTables:        68744 kB
NFS_Unstable:          0 kB
Bounce:                0 kB
WritebackTmp:          0 kB
CommitLimit:     9202292 kB
Committed_AS:   73026556 kB
VmallocTotal:   263061440 kB
VmallocUsed:      107116 kB
VmallocChunk:          0 kB
Percpu:             7616 kB
CmaTotal:         294912 kB
CmaFree:               0 kB
MemTotal:       12113140 kB
MemFree:          850932 kB
MemAvailable:    7016884 kB
Buffers:            7248 kB
Cached:          6605408 kB
SwapCached:            0 kB
Active:          5014004 kB
Inactive:        3810256 kB
Active(anon):    1938080 kB
Inactive(anon):   310820 kB
Active(file):    3075924 kB
Inactive(file):  3499436 kB
Unevictable:        5576 kB
Mlocked:            5576 kB
SwapTotal:       3145724 kB
SwapFree:        3143276 kB
Dirty:               456 kB
Writeback:             0 kB
AnonPages:       2217044 kB
Mapped:           870564 kB
Shmem:             32760 kB
KReclaimable:     624772 kB
Slab:             227104 kB
SReclaimable:      81456 kB
SUnreclaim:       145648 kB
KernelStack:       50096 kB
PageTables:        68724 kB
NFS_Unstable:          0 kB
Bounce:                0 kB
WritebackTmp:          0 kB
CommitLimit:     9202292 kB
Committed_AS:   73026024 kB
VmallocTotal:   263061440 kB
VmallocUsed:      107084 kB
VmallocChunk:          0 kB
Percpu:             7616 kB
CmaTotal:         294912 kB
CmaFree:               0 kB
MemTotal:       12113140 kB
MemFree:          850200 kB
MemAvailable:    7016152 kB
Buffers:            7248 kB
Cached:          6605408 kB
SwapCached:            0 kB
Active:          5015388 kB
Inactive:        3810128 kB
Active(anon):    1939336 kB
Inactive(anon):   310820 kB
Active(file):    3076052 kB
Inactive(file):  3499308 kB
Unevictable:        5576 kB
Mlocked:            5576 kB
SwapTotal:       3145724 kB
SwapFree:        3143276 kB
Dirty:               456 kB
Writeback:             0 kB
AnonPages:       2218528 kB
Mapped:           870740 kB
Shmem:             32760 kB
KReclaimable:     624772 kB
Slab:             227120 kB
SReclaimable:      81456 kB
SUnreclaim:       145664 kB
KernelStack:       50124 kB
PageTables:        68752 kB
NFS_Unstable:          0 kB
Bounce:                0 kB
WritebackTmp:          0 kB
CommitLimit:     9202292 kB
Committed_AS:   73020772 kB
VmallocTotal:   263061440 kB
VmallocUsed:      107084 kB
VmallocChunk:          0 kB
Percpu:             7616 kB
CmaTotal:         294912 kB
CmaFree:               0 kB
MemTotal:       12113140 kB
MemFree:          742816 kB
MemAvailable:    7020116 kB
Buffers:            7248 kB
Cached:          6605408 kB
SwapCached:            0 kB
Active:          5019076 kB
Inactive:        3809872 kB
Active(anon):    1942768 kB
Inactive(anon):   310820 kB
Active(file):    3076308 kB
Inactive(file):  3499052 kB
Unevictable:        5576 kB
Mlocked:            5576 kB
SwapTotal:       3145724 kB
SwapFree:        3143276 kB
Dirty:               456 kB
Writeback:             0 kB
AnonPages:       2221796 kB
Mapped:           753676 kB
Shmem:             32760 kB
KReclaimable:     759060 kB
Slab:             227168 kB
SReclaimable:      81456 kB
SUnreclaim:       145712 kB
KernelStack:       50112 kB
PageTables:        68676 kB
NFS_Unstable:          0 kB
Bounce:                0 kB
WritebackTmp:          0 kB
CommitLimit:     9202292 kB
Committed_AS:   73029812 kB
VmallocTotal:   263061440 kB
VmallocUsed:      107100 kB
VmallocChunk:          0 kB
Percpu:             7616 kB
CmaTotal:         294912 kB
CmaFree:               0 kB
MemTotal:       12113140 kB
MemFree:          771820 kB
MemAvailable:    7181208 kB
Buffers:            7248 kB
Cached:          6605408 kB
SwapCached:            0 kB
Active:          4989176 kB
Inactive:        3809744 kB
Active(anon):    1912740 kB
Inactive(anon):   310820 kB
Active(file):    3076436 kB
Inactive(file):  3498924 kB
Unevictable:        5576 kB
Mlocked:            5576 kB
SwapTotal:       3145724 kB
SwapFree:        3143276 kB
Dirty:               476 kB
Writeback:             0 kB
AnonPages:       2191696 kB
Mapped:           733304 kB
Shmem:             32760 kB
KReclaimable:     891148 kB
Slab:             227412 kB
SReclaimable:      81456 kB
SUnreclaim:       145956 kB
KernelStack:       51584 kB
PageTables:        68592 kB
NFS_Unstable:          0 kB
Bounce:                0 kB
WritebackTmp:          0 kB
CommitLimit:     9202292 kB
Committed_AS:   73030228 kB
VmallocTotal:   263061440 kB
VmallocUsed:      108508 kB
VmallocChunk:          0 kB
Percpu:             7616 kB
CmaTotal:         294912 kB
CmaFree:               0 kB
MemTotal:       12113140 kB
MemFree:          694968 kB
MemAvailable:    6880736 kB
Buffers:            7248 kB
Cached:          6605408 kB
SwapCached:            0 kB
Active:          5065944 kB
Inactive:        3809616 kB
Active(anon):    1989380 kB
Inactive(anon):   310820 kB
Active(file):    3076564 kB
Inactive(file):  3498796 kB
Unevictable:        5576 kB
Mlocked:            5576 kB
SwapTotal:       3145724 kB
SwapFree:        3143276 kB
Dirty:               480 kB
Writeback:             0 kB
AnonPages:       2268724 kB
Mapped:           853580 kB
Shmem:             32760 kB
KReclaimable:     664408 kB
Slab:             227436 kB
SReclaimable:      81456 kB
SUnreclaim:       145980 kB
KernelStack:       51568 kB
PageTables:        68864 kB
NFS_Unstable:          0 kB
Bounce:                0 kB
WritebackTmp:          0 kB
CommitLimit:     9202292 kB
Committed_AS:   73025604 kB
VmallocTotal:   263061440 kB
VmallocUsed:      108524 kB
VmallocChunk:          0 kB
Percpu:             7616 kB
CmaTotal:         294912 kB
CmaFree:               0 kB
MemTotal:       12113140 kB
MemFree:          721380 kB
MemAvailable:    6907156 kB
Buffers:            7248 kB
Cached:          6605408 kB
SwapCached:            0 kB
Active:          5039172 kB
Inactive:        3809616 kB
Active(anon):    1962608 kB
Inactive(anon):   310820 kB
Active(file):    3076564 kB
Inactive(file):  3498796 kB
Unevictable:        5576 kB
Mlocked:            5576 kB
SwapTotal:       3145724 kB
SwapFree:        3143276 kB
Dirty:               480 kB
Writeback:             0 kB
AnonPages:       2241656 kB
Mapped:           853828 kB
Shmem:             32760 kB
KReclaimable:     664424 kB
Slab:             227456 kB
SReclaimable:      81472 kB
SUnreclaim:       145984 kB
KernelStack:       51568 kB
PageTables:        68856 kB
NFS_Unstable:          0 kB
Bounce:                0 kB
WritebackTmp:          0 kB
CommitLimit:     9202292 kB
Committed_AS:   73024424 kB
VmallocTotal:   263061440 kB
VmallocUsed:      108572 kB
VmallocChunk:          0 kB
Percpu:             7616 kB
CmaTotal:         294912 kB
CmaFree:               0 kB
MemTotal:       12113140 kB
MemFree:          703352 kB
MemAvailable:    6886660 kB
Buffers:            7248 kB
Cached:          6605408 kB
SwapCached:            0 kB
Active:          5054864 kB
Inactive:        3809488 kB
Active(anon):    1978172 kB
Inactive(anon):   310820 kB
Active(file):    3076692 kB
Inactive(file):  3498668 kB
Unevictable:        5576 kB
Mlocked:            5576 kB
SwapTotal:       3145724 kB
SwapFree:        3143276 kB
Dirty:               492 kB
Writeback:             0 kB
AnonPages:       2257288 kB
Mapped:           855824 kB
Shmem:             32760 kB
KReclaimable:     659488 kB
Slab:             227460 kB
SReclaimable:      81472 kB
SUnreclaim:       145988 kB
KernelStack:       51504 kB
PageTables:        69088 kB
NFS_Unstable:          0 kB
Bounce:                0 kB
WritebackTmp:          0 kB
CommitLimit:     9202292 kB
Committed_AS:   73029356 kB
VmallocTotal:   263061440 kB
VmallocUsed:      108556 kB
VmallocChunk:          0 kB
Percpu:             7616 kB
CmaTotal:         294912 kB
CmaFree:               0 kB
MemTotal:       12113140 kB
MemFree:          701376 kB
MemAvailable:    6886804 kB
Buffers:            7248 kB
Cached:          6605412 kB
SwapCached:            0 kB
Active:          5057272 kB
Inactive:        3809364 kB
Active(anon):    1980452 kB
Inactive(anon):   310820 kB
Active(file):    3076820 kB
Inactive(file):  3498544 kB
Unevictable:        5576 kB
Mlocked:            5576 kB
SwapTotal:       3145724 kB
SwapFree:        3143276 kB
Dirty:               492 kB
Writeback:             4 kB
AnonPages:       2259560 kB
Mapped:           856132 kB
Shmem:             32760 kB
KReclaimable:     663720 kB
Slab:             227460 kB
SReclaimable:      81472 kB
SUnreclaim:       145988 kB
KernelStack:       51536 kB
PageTables:        68824 kB
NFS_Unstable:          0 kB
Bounce:                0 kB
WritebackTmp:          0 kB
CommitLimit:     9202292 kB
Committed_AS:   73023008 kB
VmallocTotal:   263061440 kB
VmallocUsed:      108556 kB
VmallocChunk:          0 kB
Percpu:             7616 kB
CmaTotal:         294912 kB
CmaFree:               0 kB
MemTotal:       12113140 kB
MemFree:          700604 kB
MemAvailable:    6886040 kB
Buffers:            7248 kB
Cached:          6605412 kB
SwapCached:            0 kB
Active:          5058016 kB
Inactive:        3809236 kB
Active(anon):    1981068 kB
Inactive(anon):   310820 kB
Active(file):    3076948 kB
Inactive(file):  3498416 kB
Unevictable:        5576 kB
Mlocked:            5576 kB
SwapTotal:       3145724 kB
SwapFree:        3143276 kB
Dirty:               308 kB
Writeback:             0 kB
AnonPages:       2260520 kB
Mapped:           856156 kB
Shmem:             32760 kB
KReclaimable:     663736 kB
Slab:             227488 kB
SReclaimable:      81488 kB
SUnreclaim:       146000 kB
KernelStack:       51552 kB
PageTables:        68852 kB
NFS_Unstable:          0 kB
Bounce:                0 kB
WritebackTmp:          0 kB
CommitLimit:     9202292 kB
Committed_AS:   73019464 kB
VmallocTotal:   263061440 kB
VmallocUsed:      108572 kB
VmallocChunk:          0 kB
Percpu:             7616 kB
CmaTotal:         294912 kB
CmaFree:               0 kB
MemTotal:       12113140 kB
MemFree:          678212 kB
MemAvailable:    6863636 kB
Buffers:            7248 kB
Cached:          6605412 kB
SwapCached:            0 kB
Active:          5079880 kB
Inactive:        3809108 kB
Active(anon):    2002804 kB
Inactive(anon):   310820 kB
Active(file):    3077076 kB
Inactive(file):  3498288 kB
Unevictable:        5576 kB
Mlocked:            5576 kB
SwapTotal:       3145724 kB
SwapFree:        3143276 kB
Dirty:               336 kB
Writeback:             0 kB
AnonPages:       2282068 kB
Mapped:           856148 kB
Shmem:             32760 kB
KReclaimable:     663712 kB
Slab:             227460 kB
SReclaimable:      81472 kB
SUnreclaim:       145988 kB
KernelStack:       51536 kB
PageTables:        68824 kB
NFS_Unstable:          0 kB
Bounce:                0 kB
WritebackTmp:          0 kB
CommitLimit:     9202292 kB
Committed_AS:   73022056 kB
VmallocTotal:   263061440 kB
VmallocUsed:      108572 kB
VmallocChunk:          0 kB
Percpu:             7616 kB
CmaTotal:         294912 kB
CmaFree:               0 kB
MemTotal:       12113140 kB
MemFree:          666916 kB
MemAvailable:    6852348 kB
Buffers:            7248 kB
Cached:          6605412 kB
SwapCached:            0 kB
Active:          5091524 kB
Inactive:        3808980 kB
Active(anon):    2014320 kB
Inactive(anon):   310820 kB
Active(file):    3077204 kB
Inactive(file):  3498160 kB
Unevictable:        5576 kB
Mlocked:            5576 kB
SwapTotal:       3145724 kB
SwapFree:        3143276 kB
Dirty:               336 kB
Writeback:             0 kB
AnonPages:       2293352 kB
Mapped:           856212 kB
Shmem:             32760 kB
KReclaimable:     663728 kB
Slab:             227480 kB
SReclaimable:      81488 kB
SUnreclaim:       145992 kB
KernelStack:       51536 kB
PageTables:        68824 kB
NFS_Unstable:          0 kB
Bounce:                0 kB
WritebackTmp:          0 kB
CommitLimit:     9202292 kB
Committed_AS:   73019704 kB
VmallocTotal:   263061440 kB
VmallocUsed:      108556 kB
VmallocChunk:          0 kB
Percpu:             7616 kB
CmaTotal:         294912 kB
CmaFree:               0 kB
MemTotal:       12113140 kB
MemFree:          663520 kB
MemAvailable:    6848952 kB
Buffers:            7248 kB
Cached:          6605416 kB
SwapCached:            0 kB
Active:          5093264 kB
Inactive:        3808984 kB
Active(anon):    2016060 kB
Inactive(anon):   310824 kB
Active(file):    3077204 kB
Inactive(file):  3498160 kB
Unevictable:        5576 kB
Mlocked:            5576 kB
SwapTotal:       3145724 kB
SwapFree:        3143276 kB
Dirty:               336 kB
Writeback:             0 kB
AnonPages:       2295088 kB
Mapped:           856304 kB
Shmem:             32764 kB
KReclaimable:     663728 kB
Slab:             227484 kB
SReclaimable:      81488 kB
SUnreclaim:       145996 kB
KernelStack:       51568 kB
PageTables:        68928 kB
NFS_Unstable:          0 kB
Bounce:                0 kB
WritebackTmp:          0 kB
CommitLimit:     9202292 kB
Committed_AS:   73025016 kB
VmallocTotal:   263061440 kB
VmallocUsed:      108540 kB
VmallocChunk:          0 kB
Percpu:             7616 kB
CmaTotal:         294912 kB
CmaFree:               4 kB
MemTotal:       12113140 kB
MemFree:          653572 kB
MemAvailable:    6839012 kB
Buffers:            7248 kB
Cached:          6605420 kB
SwapCached:            0 kB
Active:          5100636 kB
Inactive:        3808740 kB
Active(anon):    2023184 kB
Inactive(anon):   310828 kB
Active(file):    3077452 kB
Inactive(file):  3497912 kB
Unevictable:        5576 kB
Mlocked:            5576 kB
SwapTotal:       3145724 kB
SwapFree:        3143276 kB
Dirty:               348 kB
Writeback:             0 kB
AnonPages:       2302444 kB
Mapped:           856228 kB
Shmem:             32768 kB
KReclaimable:     663744 kB
Slab:             227484 kB
SReclaimable:      81504 kB
SUnreclaim:       145980 kB
KernelStack:       51520 kB
PageTables:        68828 kB
NFS_Unstable:          0 kB
Bounce:                0 kB
WritebackTmp:          0 kB
CommitLimit:     9202292 kB
Committed_AS:   73033816 kB
VmallocTotal:   263061440 kB
VmallocUsed:      108540 kB
VmallocChunk:          0 kB
Percpu:             7616 kB
CmaTotal:         294912 kB
CmaFree:               0 kB
MemTotal:       12113140 kB
MemFree:          682612 kB
MemAvailable:    6868044 kB
Buffers:            7248 kB
Cached:          6605420 kB
SwapCached:            0 kB
Active:          5071404 kB
Inactive:        3808612 kB
Active(anon):    1993824 kB
Inactive(anon):   310828 kB
Active(file):    3077580 kB
Inactive(file):  3497784 kB
Unevictable:        5576 kB
Mlocked:            5576 kB
SwapTotal:       3145724 kB
SwapFree:        3143276 kB
Dirty:               280 kB
Writeback:             0 kB
AnonPages:       2272968 kB
Mapped:           856228 kB
Shmem:             32768 kB
KReclaimable:     663728 kB
Slab:             227476 kB
SReclaimable:      81488 kB
SUnreclaim:       145988 kB
KernelStack:       51520 kB
PageTables:        68832 kB
NFS_Unstable:          0 kB
Bounce:                0 kB
WritebackTmp:          0 kB
CommitLimit:     9202292 kB
Committed_AS:   73033324 kB
VmallocTotal:   263061440 kB
VmallocUsed:      108556 kB
VmallocChunk:          0 kB
Percpu:             7616 kB
CmaTotal:         294912 kB
CmaFree:               0 kB
MemTotal:       12113140 kB
MemFree:          679084 kB
MemAvailable:    6864516 kB
Buffers:            7248 kB
Cached:          6605420 kB
SwapCached:            0 kB
Active:          5075544 kB
Inactive:        3808476 kB
Active(anon):    1997828 kB
Inactive(anon):   310828 kB
Active(file):    3077716 kB
Inactive(file):  3497648 kB
Unevictable:        5576 kB
Mlocked:            5576 kB
SwapTotal:       3145724 kB
SwapFree:        3143276 kB
Dirty:               280 kB
Writeback:             0 kB
AnonPages:       2277008 kB
Mapped:           856228 kB
Shmem:             32768 kB
KReclaimable:     663728 kB
Slab:             227492 kB
SReclaimable:      81488 kB
SUnreclaim:       146004 kB
KernelStack:       51536 kB
PageTables:        68980 kB
NFS_Unstable:          0 kB
Bounce:                0 kB
WritebackTmp:          0 kB
CommitLimit:     9202292 kB
Committed_AS:   73025136 kB
VmallocTotal:   263061440 kB
VmallocUsed:      108524 kB
VmallocChunk:          0 kB
Percpu:             7616 kB
CmaTotal:         294912 kB
CmaFree:               0 kB
MemTotal:       12113140 kB
MemFree:          693364 kB
MemAvailable:    6878796 kB
Buffers:            7248 kB
Cached:          6604012 kB
SwapCached:            0 kB
Active:          5064448 kB
Inactive:        3806960 kB
Active(anon):    1986624 kB
Inactive(anon):   309420 kB
Active(file):    3077824 kB
Inactive(file):  3497540 kB
Unevictable:        5576 kB
Mlocked:            5576 kB
SwapTotal:       3145724 kB
SwapFree:        3143276 kB
Dirty:               356 kB
Writeback:             0 kB
AnonPages:       2265912 kB
Mapped:           855276 kB
Shmem:             31360 kB
KReclaimable:     663728 kB
Slab:             227480 kB
SReclaimable:      81488 kB
SUnreclaim:       145992 kB
KernelStack:       51488 kB
PageTables:        68828 kB
NFS_Unstable:          0 kB
Bounce:                0 kB
WritebackTmp:          0 kB
CommitLimit:     9202292 kB
Committed_AS:   73017400 kB
VmallocTotal:   263061440 kB
VmallocUsed:      108524 kB
VmallocChunk:          0 kB
Percpu:             7616 kB
CmaTotal:         294912 kB
CmaFree:               0 kB
MemTotal:       12113140 kB
MemFree:          691088 kB
MemAvailable:    6877088 kB
Buffers:            7248 kB
Cached:          6604016 kB
SwapCached:            0 kB
Active:          5065948 kB
Inactive:        3806828 kB
Active(anon):    1987988 kB
Inactive(anon):   309424 kB
Active(file):    3077960 kB
Inactive(file):  3497404 kB
Unevictable:        5576 kB
Mlocked:            5576 kB
SwapTotal:       3145724 kB
SwapFree:        3143276 kB
Dirty:               356 kB
Writeback:             0 kB
AnonPages:       2267068 kB
Mapped:           855400 kB
Shmem:             31364 kB
KReclaimable:     664864 kB
Slab:             228612 kB
SReclaimable:      82624 kB
SUnreclaim:       145988 kB
KernelStack:       51520 kB
PageTables:        68852 kB
NFS_Unstable:          0 kB
Bounce:                0 kB
WritebackTmp:          0 kB
CommitLimit:     9202292 kB
Committed_AS:   73017340 kB
VmallocTotal:   263061440 kB
VmallocUsed:      108524 kB
VmallocChunk:          0 kB
Percpu:             7616 kB
CmaTotal:         294912 kB
CmaFree:               0 kB
MemTotal:       12113140 kB
MemFree:          691944 kB
MemAvailable:    6877952 kB
Buffers:            7248 kB
Cached:          6604016 kB
SwapCached:            0 kB
Active:          5067188 kB
Inactive:        3806700 kB
Active(anon):    1989100 kB
Inactive(anon):   309424 kB
Active(file):    3078088 kB
Inactive(file):  3497276 kB
Unevictable:        5576 kB
Mlocked:            5576 kB
SwapTotal:       3145724 kB
SwapFree:        3143276 kB
Dirty:               356 kB
Writeback:             0 kB
AnonPages:       2268268 kB
Mapped:           855280 kB
Shmem:             31364 kB
KReclaimable:     664880 kB
Slab:             228624 kB
SReclaimable:      82640 kB
SUnreclaim:       145984 kB
KernelStack:       51488 kB
PageTables:        68832 kB
NFS_Unstable:          0 kB
Bounce:                0 kB
WritebackTmp:          0 kB
CommitLimit:     9202292 kB
Committed_AS:   73017852 kB
VmallocTotal:   263061440 kB
VmallocUsed:      108508 kB
VmallocChunk:          0 kB
Percpu:             7616 kB
CmaTotal:         294912 kB
CmaFree:               0 kB
MemTotal:       12113140 kB
MemFree:          707152 kB
MemAvailable:    6893168 kB
Buffers:            7248 kB
Cached:          6604016 kB
SwapCached:            0 kB
Active:          5052440 kB
Inactive:        3806580 kB
Active(anon):    1974232 kB
Inactive(anon):   309424 kB
Active(file):    3078208 kB
Inactive(file):  3497156 kB
Unevictable:        5576 kB
Mlocked:            5576 kB
SwapTotal:       3145724 kB
SwapFree:        3143276 kB
Dirty:               312 kB
Writeback:             0 kB
AnonPages:       2253520 kB
Mapped:           855116 kB
Shmem:             31364 kB
KReclaimable:     664896 kB
Slab:             228640 kB
SReclaimable:      82656 kB
SUnreclaim:       145984 kB
KernelStack:       51440 kB
PageTables:        68844 kB
NFS_Unstable:          0 kB
Bounce:                0 kB
WritebackTmp:          0 kB
CommitLimit:     9202292 kB
Committed_AS:   73009560 kB
VmallocTotal:   263061440 kB
VmallocUsed:      108444 kB
VmallocChunk:          0 kB
Percpu:             7616 kB
CmaTotal:         294912 kB
CmaFree:               0 kB
MemTotal:       12113140 kB
MemFree:          706424 kB
MemAvailable:    6892448 kB
Buffers:            7248 kB
Cached:          6604016 kB
SwapCached:            0 kB
Active:          5053476 kB
Inactive:        3806452 kB
Active(anon):    1975140 kB
Inactive(anon):   309424 kB
Active(file):    3078336 kB
Inactive(file):  3497028 kB
Unevictable:        5576 kB
Mlocked:            5576 kB
SwapTotal:       3145724 kB
SwapFree:        3143276 kB
Dirty:               316 kB
Writeback:             0 kB
AnonPages:       2254412 kB
Mapped:           855096 kB
Shmem:             31364 kB
KReclaimable:     664912 kB
Slab:             228656 kB
SReclaimable:      82672 kB
SUnreclaim:       145984 kB
KernelStack:       51296 kB
PageTables:        68776 kB
NFS_Unstable:          0 kB
Bounce:                0 kB
WritebackTmp:          0 kB
CommitLimit:     9202292 kB
Committed_AS:   73016196 kB
VmallocTotal:   263061440 kB
VmallocUsed:      108332 kB
VmallocChunk:          0 kB
Percpu:             7616 kB
CmaTotal:         294912 kB
CmaFree:               0 kB
MemTotal:       12113140 kB
MemFree:          706724 kB
MemAvailable:    6892748 kB
Buffers:            7248 kB
Cached:          6603920 kB
SwapCached:            0 kB
Active:          5053472 kB
Inactive:        3806220 kB
Active(anon):    1975000 kB
Inactive(anon):   309328 kB
Active(file):    3078472 kB
Inactive(file):  3496892 kB
Unevictable:        5576 kB
Mlocked:            5576 kB
SwapTotal:       3145724 kB
SwapFree:        3143276 kB
Dirty:               316 kB
Writeback:             0 kB
AnonPages:       2254172 kB
Mapped:           855128 kB
Shmem:             31268 kB
KReclaimable:     664912 kB
Slab:             228656 kB
SReclaimable:      82672 kB
SUnreclaim:       145984 kB
KernelStack:       51184 kB
PageTables:        68780 kB
NFS_Unstable:          0 kB
Bounce:                0 kB
WritebackTmp:          0 kB
CommitLimit:     9202292 kB
Committed_AS:   73015916 kB
VmallocTotal:   263061440 kB
VmallocUsed:      108236 kB
VmallocChunk:          0 kB
Percpu:             7616 kB
CmaTotal:         294912 kB
CmaFree:               0 kB
MemTotal:       12113140 kB
MemFree:          707064 kB
MemAvailable:    6893088 kB
Buffers:            7248 kB
Cached:          6603920 kB
SwapCached:            0 kB
Active:          5053900 kB
Inactive:        3806016 kB
Active(anon):    1975224 kB
Inactive(anon):   309328 kB
Active(file):    3078676 kB
Inactive(file):  3496688 kB
Unevictable:        5576 kB
Mlocked:            5576 kB
SwapTotal:       3145724 kB
SwapFree:        3143276 kB
Dirty:               392 kB
Writeback:             0 kB
AnonPages:       2254384 kB
Mapped:           855136 kB
Shmem:             31268 kB
KReclaimable:     664912 kB
Slab:             228652 kB
SReclaimable:      82672 kB
SUnreclaim:       145980 kB
KernelStack:       51072 kB
PageTables:        68768 kB
NFS_Unstable:          0 kB
Bounce:                0 kB
WritebackTmp:          0 kB
CommitLimit:     9202292 kB
Committed_AS:   73013748 kB
VmallocTotal:   263061440 kB
VmallocUsed:      108124 kB
VmallocChunk:          0 kB
Percpu:             7616 kB
CmaTotal:         294912 kB
CmaFree:               0 kB
MemTotal:       12113140 kB
MemFree:          706400 kB
MemAvailable:    6892424 kB
Buffers:            7248 kB
Cached:          6603920 kB
SwapCached:            0 kB
Active:          5054264 kB
Inactive:        3805888 kB
Active(anon):    1975460 kB
Inactive(anon):   309328 kB
Active(file):    3078804 kB
Inactive(file):  3496560 kB
Unevictable:        5576 kB
Mlocked:            5576 kB
SwapTotal:       3145724 kB
SwapFree:        3143276 kB
Dirty:               408 kB
Writeback:             0 kB
AnonPages:       2254620 kB
Mapped:           855136 kB
Shmem:             31268 kB
KReclaimable:     664912 kB
Slab:             228652 kB
SReclaimable:      82672 kB
SUnreclaim:       145980 kB
KernelStack:       51056 kB
PageTables:        68760 kB
NFS_Unstable:          0 kB
Bounce:                0 kB
WritebackTmp:          0 kB
CommitLimit:     9202292 kB
Committed_AS:   73016988 kB
VmallocTotal:   263061440 kB
VmallocUsed:      108092 kB
VmallocChunk:          0 kB
Percpu:             7616 kB
CmaTotal:         294912 kB
CmaFree:               0 kB
MemTotal:       12113140 kB
MemFree:          705900 kB
MemAvailable:    6891928 kB
Buffers:            7248 kB
Cached:          6603924 kB
SwapCached:            0 kB
Active:          5053508 kB
Inactive:        3805764 kB
Active(anon):    1974576 kB
Inactive(anon):   309328 kB
Active(file):    3078932 kB
Inactive(file):  3496436 kB
Unevictable:        5576 kB
Mlocked:            5576 kB
SwapTotal:       3145724 kB
SwapFree:        3143276 kB
Dirty:               292 kB
Writeback:             0 kB
AnonPages:       2253824 kB
Mapped:           855136 kB
Shmem:             31268 kB
KReclaimable:     664912 kB
Slab:             228644 kB
SReclaimable:      82672 kB
SUnreclaim:       145972 kB
KernelStack:       51040 kB
PageTables:        68756 kB
NFS_Unstable:          0 kB
Bounce:                0 kB
WritebackTmp:          0 kB
CommitLimit:     9202292 kB
Committed_AS:   73016552 kB
VmallocTotal:   263061440 kB
VmallocUsed:      108092 kB
VmallocChunk:          0 kB
Percpu:             7616 kB
CmaTotal:         294912 kB
CmaFree:               0 kB
MemTotal:       12113140 kB
MemFree:          707680 kB
MemAvailable:    6893708 kB
Buffers:            7248 kB
Cached:          6603924 kB
SwapCached:            0 kB
Active:          5051672 kB
Inactive:        3805628 kB
Active(anon):    1972604 kB
Inactive(anon):   309328 kB
Active(file):    3079068 kB
Inactive(file):  3496300 kB
Unevictable:        5576 kB
Mlocked:            5576 kB
SwapTotal:       3145724 kB
SwapFree:        3143276 kB
Dirty:               320 kB
Writeback:             0 kB
AnonPages:       2251916 kB
Mapped:           855144 kB
Shmem:             31268 kB
KReclaimable:     664912 kB
Slab:             228644 kB
SReclaimable:      82672 kB
SUnreclaim:       145972 kB
KernelStack:       50960 kB
PageTables:        68752 kB
NFS_Unstable:          0 kB
Bounce:                0 kB
WritebackTmp:          0 kB
CommitLimit:     9202292 kB
Committed_AS:   73016360 kB
VmallocTotal:   263061440 kB
VmallocUsed:      108044 kB
VmallocChunk:          0 kB
Percpu:             7616 kB
CmaTotal:         294912 kB
CmaFree:               0 kB
MemTotal:       12113140 kB
MemFree:          708112 kB
MemAvailable:    6894140 kB
Buffers:            7248 kB
Cached:          6603924 kB
SwapCached:            0 kB
Active:          5051528 kB
Inactive:        3805508 kB
Active(anon):    1972340 kB
Inactive(anon):   309328 kB
Active(file):    3079188 kB
Inactive(file):  3496180 kB
Unevictable:        5576 kB
Mlocked:            5576 kB
SwapTotal:       3145724 kB
SwapFree:        3143276 kB
Dirty:               320 kB
Writeback:             0 kB
AnonPages:       2251636 kB
Mapped:           855208 kB
Shmem:             31268 kB
KReclaimable:     664912 kB
Slab:             228644 kB
SReclaimable:      82672 kB
SUnreclaim:       145972 kB
KernelStack:       50880 kB
PageTables:        68800 kB
NFS_Unstable:          0 kB
Bounce:                0 kB
WritebackTmp:          0 kB
CommitLimit:     9202292 kB
Committed_AS:   73016332 kB
VmallocTotal:   263061440 kB
VmallocUsed:      107916 kB
VmallocChunk:          0 kB
Percpu:             7616 kB
CmaTotal:         294912 kB
CmaFree:               0 kB
MemTotal:       12113140 kB
MemFree:          708412 kB
MemAvailable:    6894440 kB
Buffers:            7248 kB
Cached:          6603924 kB
SwapCached:            0 kB
Active:          5051740 kB
Inactive:        3805372 kB
Active(anon):    1972416 kB
Inactive(anon):   309328 kB
Active(file):    3079324 kB
Inactive(file):  3496044 kB
Unevictable:        5576 kB
Mlocked:            5576 kB
SwapTotal:       3145724 kB
SwapFree:        3143276 kB
Dirty:               320 kB
Writeback:             0 kB
AnonPages:       2251544 kB
Mapped:           855208 kB
Shmem:             31268 kB
KReclaimable:     664912 kB
Slab:             228644 kB
SReclaimable:      82672 kB
SUnreclaim:       145972 kB
KernelStack:       50800 kB
PageTables:        68744 kB
NFS_Unstable:          0 kB
Bounce:                0 kB
WritebackTmp:          0 kB
CommitLimit:     9202292 kB
Committed_AS:   73016280 kB
VmallocTotal:   263061440 kB
VmallocUsed:      107852 kB
VmallocChunk:          0 kB
Percpu:             7616 kB
CmaTotal:         294912 kB
CmaFree:               0 kB
MemTotal:       12113140 kB
MemFree:          707812 kB
MemAvailable:    6893848 kB
Buffers:            7248 kB
Cached:          6603932 kB
SwapCached:            0 kB
Active:          5051952 kB
Inactive:        3805260 kB
Active(anon):    1972508 kB
Inactive(anon):   309328 kB
Active(file):    3079444 kB
Inactive(file):  3495932 kB
Unevictable:        5576 kB
Mlocked:            5576 kB
SwapTotal:       3145724 kB
SwapFree:        3143276 kB
Dirty:               368 kB
Writeback:             0 kB
AnonPages:       2251780 kB
Mapped:           855216 kB
Shmem:             31268 kB
KReclaimable:     664912 kB
Slab:             228644 kB
SReclaimable:      82672 kB
SUnreclaim:       145972 kB
KernelStack:       50768 kB
PageTables:        68744 kB
NFS_Unstable:          0 kB
Bounce:                0 kB
WritebackTmp:          0 kB
CommitLimit:     9202292 kB
Committed_AS:   73016080 kB
VmallocTotal:   263061440 kB
VmallocUsed:      107820 kB
VmallocChunk:          0 kB
Percpu:             7616 kB
CmaTotal:         294912 kB
CmaFree:               0 kB
MemTotal:       12113140 kB
MemFree:          708348 kB
MemAvailable:    6894384 kB
Buffers:            7248 kB
Cached:          6603932 kB
SwapCached:            0 kB
Active:          5052584 kB
Inactive:        3805124 kB
Active(anon):    1973004 kB
Inactive(anon):   309328 kB
Active(file):    3079580 kB
Inactive(file):  3495796 kB
Unevictable:        5576 kB
Mlocked:            5576 kB
SwapTotal:       3145724 kB
SwapFree:        3143276 kB
Dirty:               284 kB
Writeback:             0 kB
AnonPages:       2252260 kB
Mapped:           855216 kB
Shmem:             31268 kB
KReclaimable:     664912 kB
Slab:             228644 kB
SReclaimable:      82672 kB
SUnreclaim:       145972 kB
KernelStack:       50768 kB
PageTables:        68744 kB
NFS_Unstable:          0 kB
Bounce:                0 kB
WritebackTmp:          0 kB
CommitLimit:     9202292 kB
Committed_AS:   73009864 kB
VmallocTotal:   263061440 kB
VmallocUsed:      107820 kB
VmallocChunk:          0 kB
Percpu:             7616 kB
CmaTotal:         294912 kB
CmaFree:               0 kB
MemTotal:       12113140 kB
MemFree:          708192 kB
MemAvailable:    6894228 kB
Buffers:            7248 kB
Cached:          6603932 kB
SwapCached:            0 kB
Active:          5052612 kB
Inactive:        3804996 kB
Active(anon):    1972904 kB
Inactive(anon):   309328 kB
Active(file):    3079708 kB
Inactive(file):  3495668 kB
Unevictable:        5576 kB
Mlocked:            5576 kB
SwapTotal:       3145724 kB
SwapFree:        3143276 kB
Dirty:               284 kB
Writeback:             0 kB
AnonPages:       2252060 kB
Mapped:           855280 kB
Shmem:             31268 kB
KReclaimable:     664912 kB
Slab:             228644 kB
SReclaimable:      82672 kB
SUnreclaim:       145972 kB
KernelStack:       50752 kB
PageTables:        68896 kB
NFS_Unstable:          0 kB
Bounce:                0 kB
WritebackTmp:          0 kB
CommitLimit:     9202292 kB
Committed_AS:   73004412 kB
VmallocTotal:   263061440 kB
VmallocUsed:      107788 kB
VmallocChunk:          0 kB
Percpu:             7616 kB
CmaTotal:         294912 kB
CmaFree:               0 kB
MemTotal:       12113140 kB
MemFree:          708980 kB
MemAvailable:    6895016 kB
Buffers:            7248 kB
Cached:          6603932 kB
SwapCached:            0 kB
Active:          5052656 kB
Inactive:        3804868 kB
Active(anon):    1972820 kB
Inactive(anon):   309328 kB
Active(file):    3079836 kB
Inactive(file):  3495540 kB
Unevictable:        5576 kB
Mlocked:            5576 kB
SwapTotal:       3145724 kB
SwapFree:        3143276 kB
Dirty:               368 kB
Writeback:             0 kB
AnonPages:       2252044 kB
Mapped:           855320 kB
Shmem:             31268 kB
KReclaimable:     664912 kB
Slab:             228644 kB
SReclaimable:      82672 kB
SUnreclaim:       145972 kB
KernelStack:       50704 kB
PageTables:        68740 kB
NFS_Unstable:          0 kB
Bounce:                0 kB
WritebackTmp:          0 kB
CommitLimit:     9202292 kB
Committed_AS:   73004324 kB
VmallocTotal:   263061440 kB
VmallocUsed:      107772 kB
VmallocChunk:          0 kB
Percpu:             7616 kB
CmaTotal:         294912 kB
CmaFree:               0 kB
MemTotal:       12113140 kB
MemFree:          709316 kB
MemAvailable:    6895352 kB
Buffers:            7248 kB
Cached:          6603932 kB
SwapCached:            0 kB
Active:          5052796 kB
Inactive:        3804868 kB
Active(anon):    1972960 kB
Inactive(anon):   309328 kB
Active(file):    3079836 kB
Inactive(file):  3495540 kB
Unevictable:        5576 kB
Mlocked:            5576 kB
SwapTotal:       3145724 kB
SwapFree:        3143276 kB
Dirty:               444 kB
Writeback:             0 kB
AnonPages:       2252092 kB
Mapped:           855160 kB
Shmem:             31268 kB
KReclaimable:     664912 kB
Slab:             228644 kB
SReclaimable:      82672 kB
SUnreclaim:       145972 kB
KernelStack:       50736 kB
PageTables:        68760 kB
NFS_Unstable:          0 kB
Bounce:                0 kB
WritebackTmp:          0 kB
CommitLimit:     9202292 kB
Committed_AS:   73004920 kB
VmallocTotal:   263061440 kB
VmallocUsed:      107756 kB
VmallocChunk:          0 kB
Percpu:             7616 kB
CmaTotal:         294912 kB
CmaFree:               0 kB
MemTotal:       12113140 kB
MemFree:          708336 kB
MemAvailable:    6894372 kB
Buffers:            7248 kB
Cached:          6603932 kB
SwapCached:            0 kB
Active:          5054116 kB
Inactive:        3804620 kB
Active(anon):    1974032 kB
Inactive(anon):   309328 kB
Active(file):    3080084 kB
Inactive(file):  3495292 kB
Unevictable:        5576 kB
Mlocked:            5576 kB
SwapTotal:       3145724 kB
SwapFree:        3143276 kB
Dirty:               444 kB
Writeback:             0 kB
AnonPages:       2253224 kB
Mapped:           855160 kB
Shmem:             31268 kB
KReclaimable:     664912 kB
Slab:             228644 kB
SReclaimable:      82672 kB
SUnreclaim:       145972 kB
KernelStack:       50704 kB
PageTables:        68744 kB
NFS_Unstable:          0 kB
Bounce:                0 kB
WritebackTmp:          0 kB
CommitLimit:     9202292 kB
Committed_AS:   73014828 kB
VmallocTotal:   263061440 kB
VmallocUsed:      107756 kB
VmallocChunk:          0 kB
Percpu:             7616 kB
CmaTotal:         294912 kB
CmaFree:               0 kB
MemTotal:       12113140 kB
MemFree:          707828 kB
MemAvailable:    6893864 kB
Buffers:            7248 kB
Cached:          6603932 kB
SwapCached:            0 kB
Active:          5054208 kB
Inactive:        3804612 kB
Active(anon):    1974116 kB
Inactive(anon):   309328 kB
Active(file):    3080092 kB
Inactive(file):  3495284 kB
Unevictable:        5576 kB
Mlocked:            5576 kB
SwapTotal:       3145724 kB
SwapFree:        3143276 kB
Dirty:               312 kB
Writeback:             0 kB
AnonPages:       2253276 kB
Mapped:           855168 kB
Shmem:             31268 kB
KReclaimable:     664912 kB
Slab:             228644 kB
SReclaimable:      82672 kB
SUnreclaim:       145972 kB
KernelStack:       50672 kB
PageTables:        68740 kB
NFS_Unstable:          0 kB
Bounce:                0 kB
WritebackTmp:          0 kB
CommitLimit:     9202292 kB
Committed_AS:   73014468 kB
VmallocTotal:   263061440 kB
VmallocUsed:      107724 kB
VmallocChunk:          0 kB
Percpu:             7616 kB
CmaTotal:         294912 kB
CmaFree:               0 kB
MemTotal:       12113140 kB
MemFree:          683596 kB
MemAvailable:    6869632 kB
Buffers:            7248 kB
Cached:          6603932 kB
SwapCached:            0 kB
Active:          5079204 kB
Inactive:        3804364 kB
Active(anon):    1998864 kB
Inactive(anon):   309328 kB
Active(file):    3080340 kB
Inactive(file):  3495036 kB
Unevictable:        5576 kB
Mlocked:            5576 kB
SwapTotal:       3145724 kB
SwapFree:        3143276 kB
Dirty:               312 kB
Writeback:             0 kB
AnonPages:       2278040 kB
Mapped:           855168 kB
Shmem:             31268 kB
KReclaimable:     664912 kB
Slab:             228652 kB
SReclaimable:      82672 kB
SUnreclaim:       145980 kB
KernelStack:       50672 kB
PageTables:        68736 kB
NFS_Unstable:          0 kB
Bounce:                0 kB
WritebackTmp:          0 kB
CommitLimit:     9202292 kB
Committed_AS:   73014592 kB
VmallocTotal:   263061440 kB
VmallocUsed:      107724 kB
VmallocChunk:          0 kB
Percpu:             7616 kB
CmaTotal:         294912 kB
CmaFree:               0 kB
MemTotal:       12113140 kB
MemFree:          683240 kB
MemAvailable:    6869276 kB
Buffers:            7248 kB
Cached:          6603932 kB
SwapCached:            0 kB
Active:          5078020 kB
Inactive:        3804236 kB
Active(anon):    1997552 kB
Inactive(anon):   309328 kB
Active(file):    3080468 kB
Inactive(file):  3494908 kB
Unevictable:        5576 kB
Mlocked:            5576 kB
SwapTotal:       3145724 kB
SwapFree:        3143276 kB
Dirty:               328 kB
Writeback:             0 kB
AnonPages:       2276784 kB
Mapped:           855232 kB
Shmem:             31268 kB
KReclaimable:     664912 kB
Slab:             228652 kB
SReclaimable:      82672 kB
SUnreclaim:       145980 kB
KernelStack:       50672 kB
PageTables:        68732 kB
NFS_Unstable:          0 kB
Bounce:                0 kB
WritebackTmp:          0 kB
CommitLimit:     9202292 kB
Committed_AS:   73014592 kB
VmallocTotal:   263061440 kB
VmallocUsed:      107708 kB
VmallocChunk:          0 kB
Percpu:             7616 kB
CmaTotal:         294912 kB
CmaFree:               0 kB
MemTotal:       12113140 kB
MemFree:          685828 kB
MemAvailable:    6871864 kB
Buffers:            7248 kB
Cached:          6603932 kB
SwapCached:            0 kB
Active:          5077796 kB
Inactive:        3804108 kB
Active(anon):    1997200 kB
Inactive(anon):   309328 kB
Active(file):    3080596 kB
Inactive(file):  3494780 kB
Unevictable:        5576 kB
Mlocked:            5576 kB
SwapTotal:       3145724 kB
SwapFree:        3143276 kB
Dirty:               340 kB
Writeback:             0 kB
AnonPages:       2276340 kB
Mapped:           855240 kB
Shmem:             31268 kB
KReclaimable:     664912 kB
Slab:             228652 kB
SReclaimable:      82672 kB
SUnreclaim:       145980 kB
KernelStack:       50672 kB
PageTables:        68740 kB
NFS_Unstable:          0 kB
Bounce:                0 kB
WritebackTmp:          0 kB
CommitLimit:     9202292 kB
Committed_AS:   73017764 kB
VmallocTotal:   263061440 kB
VmallocUsed:      107660 kB
VmallocChunk:          0 kB
Percpu:             7616 kB
CmaTotal:         294912 kB
CmaFree:               0 kB
MemTotal:       12113140 kB
MemFree:          683460 kB
MemAvailable:    6869496 kB
Buffers:            7248 kB
Cached:          6603932 kB
SwapCached:            0 kB
Active:          5078176 kB
Inactive:        3803972 kB
Active(anon):    1997444 kB
Inactive(anon):   309328 kB
Active(file):    3080732 kB
Inactive(file):  3494644 kB
Unevictable:        5576 kB
Mlocked:            5576 kB
SwapTotal:       3145724 kB
SwapFree:        3143276 kB
Dirty:               340 kB
Writeback:             0 kB
AnonPages:       2276708 kB
Mapped:           855240 kB
Shmem:             31268 kB
KReclaimable:     664912 kB
Slab:             228648 kB
SReclaimable:      82672 kB
SUnreclaim:       145976 kB
KernelStack:       50704 kB
PageTables:        68756 kB
NFS_Unstable:          0 kB
Bounce:                0 kB
WritebackTmp:          0 kB
CommitLimit:     9202292 kB
Committed_AS:   73012044 kB
VmallocTotal:   263061440 kB
VmallocUsed:      107676 kB
VmallocChunk:          0 kB
Percpu:             7616 kB
CmaTotal:         294912 kB
CmaFree:               0 kB
MemTotal:       12113140 kB
MemFree:          683744 kB
MemAvailable:    6869780 kB
Buffers:            7248 kB
Cached:          6603932 kB
SwapCached:            0 kB
Active:          5078788 kB
Inactive:        3803852 kB
Active(anon):    1997936 kB
Inactive(anon):   309328 kB
Active(file):    3080852 kB
Inactive(file):  3494524 kB
Unevictable:        5576 kB
Mlocked:            5576 kB
SwapTotal:       3145724 kB
SwapFree:        3143276 kB
Dirty:               360 kB
Writeback:             0 kB
AnonPages:       2277216 kB
Mapped:           855240 kB
Shmem:             31268 kB
KReclaimable:     664912 kB
Slab:             228648 kB
SReclaimable:      82672 kB
SUnreclaim:       145976 kB
KernelStack:       50672 kB
PageTables:        68732 kB
NFS_Unstable:          0 kB
Bounce:                0 kB
WritebackTmp:          0 kB
CommitLimit:     9202292 kB
Committed_AS:   73017260 kB
VmallocTotal:   263061440 kB
VmallocUsed:      107708 kB
VmallocChunk:          0 kB
Percpu:             7616 kB
CmaTotal:         294912 kB
CmaFree:               0 kB
MemTotal:       12113140 kB
MemFree:          682720 kB
MemAvailable:    6868760 kB
Buffers:            7248 kB
Cached:          6603936 kB
SwapCached:            0 kB
Active:          5079056 kB
Inactive:        3803728 kB
Active(anon):    1998076 kB
Inactive(anon):   309328 kB
Active(file):    3080980 kB
Inactive(file):  3494400 kB
Unevictable:        5576 kB
Mlocked:            5576 kB
SwapTotal:       3145724 kB
SwapFree:        3143276 kB
Dirty:               376 kB
Writeback:             0 kB
AnonPages:       2277320 kB
Mapped:           855312 kB
Shmem:             31268 kB
KReclaimable:     664912 kB
Slab:             228648 kB
SReclaimable:      82672 kB
SUnreclaim:       145976 kB
KernelStack:       50672 kB
PageTables:        68732 kB
NFS_Unstable:          0 kB
Bounce:                0 kB
WritebackTmp:          0 kB
CommitLimit:     9202292 kB
Committed_AS:   73017296 kB
VmallocTotal:   263061440 kB
VmallocUsed:      107724 kB
VmallocChunk:          0 kB
Percpu:             7616 kB
CmaTotal:         294912 kB
CmaFree:               0 kB
MemTotal:       12113140 kB
MemFree:          682064 kB
MemAvailable:    6868104 kB
Buffers:            7248 kB
Cached:          6603936 kB
SwapCached:            0 kB
Active:          5079480 kB
Inactive:        3803600 kB
Active(anon):    1998372 kB
Inactive(anon):   309328 kB
Active(file):    3081108 kB
Inactive(file):  3494272 kB
Unevictable:        5576 kB
Mlocked:            5576 kB
SwapTotal:       3145724 kB
SwapFree:        3143276 kB
Dirty:               384 kB
Writeback:             0 kB
AnonPages:       2277592 kB
Mapped:           855420 kB
Shmem:             31268 kB
KReclaimable:     664912 kB
Slab:             228648 kB
SReclaimable:      82672 kB
SUnreclaim:       145976 kB
KernelStack:       50688 kB
PageTables:        68776 kB
NFS_Unstable:          0 kB
Bounce:                0 kB
WritebackTmp:          0 kB
CommitLimit:     9202292 kB
Committed_AS:   73020776 kB
VmallocTotal:   263061440 kB
VmallocUsed:      107692 kB
VmallocChunk:          0 kB
Percpu:             7616 kB
CmaTotal:         294912 kB
CmaFree:               0 kB
MemTotal:       12113140 kB
MemFree:          683552 kB
MemAvailable:    6869600 kB
Buffers:            7248 kB
Cached:          6603948 kB
SwapCached:            0 kB
Active:          5078980 kB
Inactive:        3803476 kB
Active(anon):    1997740 kB
Inactive(anon):   309328 kB
Active(file):    3081240 kB
Inactive(file):  3494148 kB
Unevictable:        5576 kB
Mlocked:            5576 kB
SwapTotal:       3145724 kB
SwapFree:        3143276 kB
Dirty:               400 kB
Writeback:             0 kB
AnonPages:       2276856 kB
Mapped:           855316 kB
Shmem:             31268 kB
KReclaimable:     664912 kB
Slab:             228648 kB
SReclaimable:      82672 kB
SUnreclaim:       145976 kB
KernelStack:       50688 kB
PageTables:        68744 kB
NFS_Unstable:          0 kB
Bounce:                0 kB
WritebackTmp:          0 kB
CommitLimit:     9202292 kB
Committed_AS:   73020424 kB
VmallocTotal:   263061440 kB
VmallocUsed:      107692 kB
VmallocChunk:          0 kB
Percpu:             7616 kB
CmaTotal:         294912 kB
CmaFree:               0 kB
MemTotal:       12113140 kB
MemFree:          683924 kB
MemAvailable:    6869968 kB
Buffers:            7248 kB
Cached:          6603940 kB
SwapCached:            0 kB
Active:          5080364 kB
Inactive:        3803344 kB
Active(anon):    1998996 kB
Inactive(anon):   309328 kB
Active(file):    3081368 kB
Inactive(file):  3494016 kB
Unevictable:        5576 kB
Mlocked:            5576 kB
SwapTotal:       3145724 kB
SwapFree:        3143276 kB
Dirty:               400 kB
Writeback:             0 kB
AnonPages:       2278352 kB
Mapped:           855328 kB
Shmem:             31268 kB
KReclaimable:     664912 kB
Slab:             228648 kB
SReclaimable:      82672 kB
SUnreclaim:       145976 kB
KernelStack:       50672 kB
PageTables:        68764 kB
NFS_Unstable:          0 kB
Bounce:                0 kB
WritebackTmp:          0 kB
CommitLimit:     9202292 kB
Committed_AS:   73014816 kB
VmallocTotal:   263061440 kB
VmallocUsed:      107692 kB
VmallocChunk:          0 kB
Percpu:             7616 kB
CmaTotal:         294912 kB
CmaFree:               0 kB
MemTotal:       12113140 kB
MemFree:          682788 kB
MemAvailable:    6868832 kB
Buffers:            7248 kB
Cached:          6603940 kB
SwapCached:            0 kB
Active:          5081068 kB
Inactive:        3803208 kB
Active(anon):    1999564 kB
Inactive(anon):   309328 kB
Active(file):    3081504 kB
Inactive(file):  3493880 kB
Unevictable:        5576 kB
Mlocked:            5576 kB
SwapTotal:       3145724 kB
SwapFree:        3143276 kB
Dirty:               400 kB
Writeback:             0 kB
AnonPages:       2278564 kB
Mapped:           855136 kB
Shmem:             31268 kB
KReclaimable:     664912 kB
Slab:             228648 kB
SReclaimable:      82672 kB
SUnreclaim:       145976 kB
KernelStack:       50672 kB
PageTables:        68748 kB
NFS_Unstable:          0 kB
Bounce:                0 kB
WritebackTmp:          0 kB
CommitLimit:     9202292 kB
Committed_AS:   73014508 kB
VmallocTotal:   263061440 kB
VmallocUsed:      107676 kB
VmallocChunk:          0 kB
Percpu:             7616 kB
CmaTotal:         294912 kB
CmaFree:               0 kB
MemTotal:       12113140 kB
MemFree:          675140 kB
MemAvailable:    6859024 kB
Buffers:            7248 kB
Cached:          6603944 kB
SwapCached:            0 kB
Active:          5089512 kB
Inactive:        3803084 kB
Active(anon):    2007880 kB
Inactive(anon):   309332 kB
Active(file):    3081632 kB
Inactive(file):  3493752 kB
Unevictable:        5576 kB
Mlocked:            5576 kB
SwapTotal:       3145724 kB
SwapFree:        3143276 kB
Dirty:               404 kB
Writeback:             0 kB
AnonPages:       2287176 kB
Mapped:           855204 kB
Shmem:             31272 kB
KReclaimable:     660592 kB
Slab:             228648 kB
SReclaimable:      82672 kB
SUnreclaim:       145976 kB
KernelStack:       50656 kB
PageTables:        68652 kB
NFS_Unstable:          0 kB
Bounce:                0 kB
WritebackTmp:          0 kB
CommitLimit:     9202292 kB
Committed_AS:   73014480 kB
VmallocTotal:   263061440 kB
VmallocUsed:      107644 kB
VmallocChunk:          0 kB
Percpu:             7616 kB
CmaTotal:         294912 kB
CmaFree:               0 kB
MemTotal:       12113140 kB
MemFree:          755384 kB
MemAvailable:    7145900 kB
Buffers:            7248 kB
Cached:          6603944 kB
SwapCached:            0 kB
Active:          5008388 kB
Inactive:        3802964 kB
Active(anon):    1926636 kB
Inactive(anon):   309332 kB
Active(file):    3081752 kB
Inactive(file):  3493632 kB
Unevictable:        5576 kB
Mlocked:            5576 kB
SwapTotal:       3145724 kB
SwapFree:        3143276 kB
Dirty:               416 kB
Writeback:             0 kB
AnonPages:       2206040 kB
Mapped:           734904 kB
Shmem:             31272 kB
KReclaimable:     872252 kB
Slab:             228844 kB
SReclaimable:      82672 kB
SUnreclaim:       146172 kB
KernelStack:       50672 kB
PageTables:        68524 kB
NFS_Unstable:          0 kB
Bounce:                0 kB
WritebackTmp:          0 kB
CommitLimit:     9202292 kB
Committed_AS:   72990168 kB
VmallocTotal:   263061440 kB
VmallocUsed:      107644 kB
VmallocChunk:          0 kB
Percpu:             7616 kB
CmaTotal:         294912 kB
CmaFree:               0 kB
MemTotal:       12113140 kB
MemFree:          914292 kB
MemAvailable:    7080500 kB
Buffers:            7248 kB
Cached:          6603948 kB
SwapCached:            0 kB
Active:          4849852 kB
Inactive:        3802960 kB
Active(anon):    1768092 kB
Inactive(anon):   309336 kB
Active(file):    3081760 kB
Inactive(file):  3493624 kB
Unevictable:        5576 kB
Mlocked:            5576 kB
SwapTotal:       3145724 kB
SwapFree:        3143276 kB
Dirty:               416 kB
Writeback:             0 kB
AnonPages:       2047468 kB
Mapped:           913288 kB
Shmem:             31276 kB
KReclaimable:     625236 kB
Slab:             228820 kB
SReclaimable:      82672 kB
SUnreclaim:       146148 kB
KernelStack:       50672 kB
PageTables:        68072 kB
NFS_Unstable:          0 kB
Bounce:                0 kB
WritebackTmp:          0 kB
CommitLimit:     9202292 kB
Committed_AS:   72611536 kB
VmallocTotal:   263061440 kB
VmallocUsed:      107644 kB
VmallocChunk:          0 kB
Percpu:             7616 kB
CmaTotal:         294912 kB
CmaFree:               0 kB
MemTotal:       12113140 kB
MemFree:         1085864 kB
MemAvailable:    7251660 kB
Buffers:            7248 kB
Cached:          6603948 kB
SwapCached:            0 kB
Active:          4679452 kB
Inactive:        3802832 kB
Active(anon):    1597564 kB
Inactive(anon):   309336 kB
Active(file):    3081888 kB
Inactive(file):  3493496 kB
Unevictable:        5576 kB
Mlocked:            5576 kB
SwapTotal:       3145724 kB
SwapFree:        3143276 kB
Dirty:               416 kB
Writeback:             0 kB
AnonPages:       1876692 kB
Mapped:           913376 kB
Shmem:             31276 kB
KReclaimable:     624412 kB
Slab:             228864 kB
SReclaimable:      82672 kB
SUnreclaim:       146192 kB
KernelStack:       50640 kB
PageTables:        68116 kB
NFS_Unstable:          0 kB
Bounce:                0 kB
WritebackTmp:          0 kB
CommitLimit:     9202292 kB
Committed_AS:   72610820 kB
VmallocTotal:   263061440 kB
VmallocUsed:      107676 kB
VmallocChunk:          0 kB
Percpu:             7616 kB
CmaTotal:         294912 kB
CmaFree:               0 kB
MemTotal:       12113140 kB
MemFree:         1072132 kB
MemAvailable:    7190672 kB
Buffers:            7248 kB
Cached:          6603948 kB
SwapCached:            0 kB
Active:          4692924 kB
Inactive:        3802832 kB
Active(anon):    1611036 kB
Inactive(anon):   309336 kB
Active(file):    3081888 kB
Inactive(file):  3493496 kB
Unevictable:        5576 kB
Mlocked:            5576 kB
SwapTotal:       3145724 kB
SwapFree:        3143276 kB
Dirty:               440 kB
Writeback:             0 kB
AnonPages:       1890260 kB
Mapped:           921728 kB
Shmem:             31276 kB
KReclaimable:     529904 kB
Slab:             229004 kB
SReclaimable:      82672 kB
SUnreclaim:       146332 kB
KernelStack:       50672 kB
PageTables:        68176 kB
NFS_Unstable:          0 kB
Bounce:                0 kB
WritebackTmp:          0 kB
CommitLimit:     9202292 kB
Committed_AS:   72610552 kB
VmallocTotal:   263061440 kB
VmallocUsed:      107660 kB
VmallocChunk:          0 kB
Percpu:             7616 kB
CmaTotal:         294912 kB
CmaFree:               0 kB
MemTotal:       12113140 kB
MemFree:         1055572 kB
MemAvailable:    7204256 kB
Buffers:            7248 kB
Cached:          6603948 kB
SwapCached:            0 kB
Active:          4711128 kB
Inactive:        3802832 kB
Active(anon):    1629240 kB
Inactive(anon):   309336 kB
Active(file):    3081888 kB
Inactive(file):  3493496 kB
Unevictable:        5576 kB
Mlocked:            5576 kB
SwapTotal:       3145724 kB
SwapFree:        3143276 kB
Dirty:               448 kB
Writeback:             0 kB
AnonPages:       1908320 kB
Mapped:           936884 kB
Shmem:             31276 kB
KReclaimable:     590188 kB
Slab:             229204 kB
SReclaimable:      82672 kB
SUnreclaim:       146532 kB
KernelStack:       50672 kB
PageTables:        68212 kB
NFS_Unstable:          0 kB
Bounce:                0 kB
WritebackTmp:          0 kB
CommitLimit:     9202292 kB
Committed_AS:   72608196 kB
VmallocTotal:   263061440 kB
VmallocUsed:      107644 kB
VmallocChunk:          0 kB
Percpu:             7616 kB
CmaTotal:         294912 kB
CmaFree:               0 kB
MemTotal:       12113140 kB
MemFree:         1038904 kB
MemAvailable:    7189080 kB
Buffers:            7248 kB
Cached:          6603948 kB
SwapCached:            0 kB
Active:          4725488 kB
Inactive:        3802708 kB
Active(anon):    1643476 kB
Inactive(anon):   309336 kB
Active(file):    3082012 kB
Inactive(file):  3493372 kB
Unevictable:        5576 kB
Mlocked:            5576 kB
SwapTotal:       3145724 kB
SwapFree:        3143276 kB
Dirty:               460 kB
Writeback:             0 kB
AnonPages:       1922608 kB
Mapped:           937092 kB
Shmem:             31276 kB
KReclaimable:     593172 kB
Slab:             229204 kB
SReclaimable:      82672 kB
SUnreclaim:       146532 kB
KernelStack:       50640 kB
PageTables:        68176 kB
NFS_Unstable:          0 kB
Bounce:                0 kB
WritebackTmp:          0 kB
CommitLimit:     9202292 kB
Committed_AS:   72612588 kB
VmallocTotal:   263061440 kB
VmallocUsed:      107692 kB
VmallocChunk:          0 kB
Percpu:             7616 kB
CmaTotal:         294912 kB
CmaFree:               0 kB
MemTotal:       12113140 kB
MemFree:         1036936 kB
MemAvailable:    7187228 kB
Buffers:            7248 kB
Cached:          6603952 kB
SwapCached:            0 kB
Active:          4727076 kB
Inactive:        3802584 kB
Active(anon):    1644936 kB
Inactive(anon):   309336 kB
Active(file):    3082140 kB
Inactive(file):  3493248 kB
Unevictable:        5576 kB
Mlocked:            5576 kB
SwapTotal:       3145724 kB
SwapFree:        3143276 kB
Dirty:               380 kB
Writeback:             0 kB
AnonPages:       1924064 kB
Mapped:           937164 kB
Shmem:             31276 kB
KReclaimable:     593396 kB
Slab:             229200 kB
SReclaimable:      82672 kB
SUnreclaim:       146528 kB
KernelStack:       50640 kB
PageTables:        68168 kB
NFS_Unstable:          0 kB
Bounce:                0 kB
WritebackTmp:          0 kB
CommitLimit:     9202292 kB
Committed_AS:   72612280 kB
VmallocTotal:   263061440 kB
VmallocUsed:      107692 kB
