MemTotal:        7922396 kB
MemFree:         1386412 kB
MemAvailable:    3903600 kB
Buffers:           61172 kB
Cached:          1611716 kB
SwapCached:            0 kB
Active:           725056 kB
Inactive:        2408168 kB
Active(anon):      33836 kB
Inactive(anon):  1449816 kB
Active(file):     691220 kB
Inactive(file):   958352 kB
Unevictable:        6088 kB
Mlocked:            5648 kB
SwapTotal:       4718584 kB
SwapFree:        4700920 kB
Dirty:             31428 kB
Writeback:             0 kB
AnonPages:       1466352 kB
Mapped:           598812 kB
Shmem:             18716 kB
KReclaimable:    1257888 kB
Slab:             291528 kB
SReclaimable:      71880 kB
SUnreclaim:       219648 kB
KernelStack:       45264 kB
ShadowCallStack:   11340 kB
PageTables:        65364 kB
NFS_Unstable:          0 kB
Bounce:                0 kB
WritebackTmp:          0 kB
CommitLimit:     8679780 kB
Committed_AS:   69709636 kB
VmallocTotal:   263061440 kB
VmallocUsed:      126172 kB
VmallocChunk:          0 kB
Percpu:             6264 kB
CmaTotal:         405504 kB
CmaFree:           49164 kB
MemTotal:        7922396 kB
MemFree:         1329684 kB
MemAvailable:    3852464 kB
Buffers:           61252 kB
Cached:          1619184 kB
SwapCached:            4 kB
Active:           732628 kB
Inactive:        2454944 kB
Active(anon):      33948 kB
Inactive(anon):  1496572 kB
Active(file):     698680 kB
Inactive(file):   958372 kB
Unevictable:        6088 kB
Mlocked:            5648 kB
SwapTotal:       4718584 kB
SwapFree:        4700920 kB
Dirty:             31616 kB
Writeback:             0 kB
AnonPages:       1513288 kB
Mapped:           646128 kB
Shmem:             18784 kB
KReclaimable:    1256000 kB
Slab:             291648 kB
SReclaimable:      71952 kB
SUnreclaim:       219696 kB
KernelStack:       46016 kB
ShadowCallStack:   11528 kB
PageTables:        66652 kB
NFS_Unstable:          0 kB
Bounce:                0 kB
WritebackTmp:          0 kB
CommitLimit:     8679780 kB
Committed_AS:   71179280 kB
VmallocTotal:   263061440 kB
VmallocUsed:      127036 kB
VmallocChunk:          0 kB
Percpu:             6264 kB
CmaTotal:         405504 kB
CmaFree:           49164 kB
MemTotal:        7922396 kB
MemFree:         1492924 kB
MemAvailable:    4090872 kB
Buffers:           61356 kB
Cached:          1624116 kB
SwapCached:            4 kB
Active:           749196 kB
Inactive:        2271088 kB
Active(anon):      33916 kB
Inactive(anon):  1324936 kB
Active(file):     715280 kB
Inactive(file):   946152 kB
Unevictable:        6088 kB
Mlocked:            5648 kB
SwapTotal:       4718584 kB
SwapFree:        4700920 kB
Dirty:             31928 kB
Writeback:             4 kB
AnonPages:       1340584 kB
Mapped:           667016 kB
Shmem:             19408 kB
KReclaimable:    1326788 kB
Slab:             291868 kB
SReclaimable:      71992 kB
SUnreclaim:       219876 kB
KernelStack:       46464 kB
ShadowCallStack:   11676 kB
PageTables:        67524 kB
NFS_Unstable:          0 kB
Bounce:                0 kB
WritebackTmp:          0 kB
CommitLimit:     8679780 kB
Committed_AS:   71345356 kB
VmallocTotal:   263061440 kB
VmallocUsed:      127652 kB
VmallocChunk:          0 kB
Percpu:             6264 kB
CmaTotal:         405504 kB
CmaFree:           57252 kB
MemTotal:        7922396 kB
MemFree:         1113312 kB
MemAvailable:    3932048 kB
Buffers:           61372 kB
Cached:          1624388 kB
SwapCached:            4 kB
Active:           851676 kB
Inactive:        2548596 kB
Active(anon):      33916 kB
Inactive(anon):  1704656 kB
Active(file):     817760 kB
Inactive(file):   843940 kB
Unevictable:        6088 kB
Mlocked:            5648 kB
SwapTotal:       4718584 kB
SwapFree:        4700920 kB
Dirty:             32024 kB
Writeback:             0 kB
AnonPages:       1720596 kB
Mapped:           667732 kB
Shmem:             19460 kB
KReclaimable:    1547308 kB
Slab:             291644 kB
SReclaimable:      72008 kB
SUnreclaim:       219636 kB
KernelStack:       46496 kB
ShadowCallStack:   11648 kB
PageTables:        67908 kB
NFS_Unstable:          0 kB
Bounce:                0 kB
WritebackTmp:          0 kB
CommitLimit:     8679780 kB
Committed_AS:   71720020 kB
VmallocTotal:   263061440 kB
VmallocUsed:      127744 kB
VmallocChunk:          0 kB
Percpu:             6264 kB
CmaTotal:         405504 kB
CmaFree:           57328 kB
MemTotal:        7922396 kB
MemFree:         1094444 kB
MemAvailable:    3469748 kB
Buffers:           61372 kB
Cached:          1624412 kB
SwapCached:            4 kB
Active:           910232 kB
Inactive:        2505796 kB
Active(anon):      33916 kB
Inactive(anon):  1720388 kB
Active(file):     876316 kB
Inactive(file):   785408 kB
Unevictable:        6088 kB
Mlocked:            5648 kB
SwapTotal:       4718584 kB
SwapFree:        4700920 kB
Dirty:             32028 kB
Writeback:             0 kB
AnonPages:       1736204 kB
Mapped:           774244 kB
Shmem:             19460 kB
KReclaimable:    1103852 kB
Slab:             294640 kB
SReclaimable:      72056 kB
SUnreclaim:       222584 kB
KernelStack:       46464 kB
ShadowCallStack:   11652 kB
PageTables:        68332 kB
NFS_Unstable:          0 kB
Bounce:                0 kB
WritebackTmp:          0 kB
CommitLimit:     8679780 kB
Committed_AS:   71890584 kB
VmallocTotal:   263061440 kB
VmallocUsed:      127760 kB
VmallocChunk:          0 kB
Percpu:             6264 kB
CmaTotal:         405504 kB
CmaFree:           57344 kB
MemTotal:        7922396 kB
MemFree:          904964 kB
MemAvailable:    3280308 kB
Buffers:           61372 kB
Cached:          1624424 kB
SwapCached:            4 kB
Active:           917356 kB
Inactive:        2688444 kB
Active(anon):      33956 kB
Inactive(anon):  1910112 kB
Active(file):     883400 kB
Inactive(file):   778332 kB
Unevictable:        6088 kB
Mlocked:            5648 kB
SwapTotal:       4718584 kB
SwapFree:        4700920 kB
Dirty:             32056 kB
Writeback:             0 kB
AnonPages:       1926244 kB
Mapped:           775964 kB
Shmem:             19464 kB
KReclaimable:    1103884 kB
Slab:             294796 kB
SReclaimable:      72088 kB
SUnreclaim:       222708 kB
KernelStack:       46528 kB
ShadowCallStack:   11648 kB
PageTables:        68812 kB
NFS_Unstable:          0 kB
Bounce:                0 kB
WritebackTmp:          0 kB
CommitLimit:     8679780 kB
Committed_AS:   72108100 kB
VmallocTotal:   263061440 kB
VmallocUsed:      127760 kB
VmallocChunk:          0 kB
Percpu:             6264 kB
CmaTotal:         405504 kB
CmaFree:           57352 kB
MemTotal:        7922396 kB
MemFree:          931696 kB
MemAvailable:    3105600 kB
Buffers:           61372 kB
Cached:          1624248 kB
SwapCached:            4 kB
Active:           918524 kB
Inactive:        2656980 kB
Active(anon):      33940 kB
Inactive(anon):  1879816 kB
Active(file):     884584 kB
Inactive(file):   777164 kB
Unevictable:        6088 kB
Mlocked:            5648 kB
SwapTotal:       4718584 kB
SwapFree:        4700920 kB
Dirty:             32060 kB
Writeback:             0 kB
AnonPages:       1896276 kB
Mapped:           855916 kB
Shmem:             19272 kB
KReclaimable:     902428 kB
Slab:             295720 kB
SReclaimable:      72120 kB
SUnreclaim:       223600 kB
KernelStack:       46192 kB
ShadowCallStack:   11596 kB
PageTables:        68664 kB
NFS_Unstable:          0 kB
Bounce:                0 kB
WritebackTmp:          0 kB
CommitLimit:     8679780 kB
Committed_AS:   72290616 kB
VmallocTotal:   263061440 kB
VmallocUsed:      126880 kB
VmallocChunk:          0 kB
Percpu:             6264 kB
CmaTotal:         405504 kB
CmaFree:           57916 kB
MemTotal:        7922396 kB
MemFree:          821476 kB
MemAvailable:    3001576 kB
Buffers:           61388 kB
Cached:          1629052 kB
SwapCached:            4 kB
Active:           927580 kB
Inactive:        2760828 kB
Active(anon):      33952 kB
Inactive(anon):  1987928 kB
Active(file):     893628 kB
Inactive(file):   772900 kB
Unevictable:        6088 kB
Mlocked:            5648 kB
SwapTotal:       4718584 kB
SwapFree:        4700920 kB
Dirty:             32140 kB
Writeback:             0 kB
AnonPages:       2003980 kB
Mapped:           858772 kB
Shmem:             19312 kB
KReclaimable:     903844 kB
Slab:             295768 kB
SReclaimable:      72152 kB
SUnreclaim:       223616 kB
KernelStack:       46640 kB
ShadowCallStack:   11684 kB
PageTables:        69348 kB
NFS_Unstable:          0 kB
Bounce:                0 kB
WritebackTmp:          0 kB
CommitLimit:     8679780 kB
Committed_AS:   72433592 kB
VmallocTotal:   263061440 kB
VmallocUsed:      127368 kB
VmallocChunk:          0 kB
Percpu:             6264 kB
CmaTotal:         405504 kB
CmaFree:           57836 kB
MemTotal:        7922396 kB
MemFree:          577136 kB
MemAvailable:    2757236 kB
Buffers:           61388 kB
Cached:          1629080 kB
SwapCached:            4 kB
Active:           936452 kB
Inactive:        2995244 kB
Active(anon):      33948 kB
Inactive(anon):  2231220 kB
Active(file):     902504 kB
Inactive(file):   764024 kB
Unevictable:        6088 kB
Mlocked:            5648 kB
SwapTotal:       4718584 kB
SwapFree:        4700920 kB
Dirty:             32176 kB
Writeback:             0 kB
AnonPages:       2247408 kB
Mapped:           860360 kB
Shmem:             19340 kB
KReclaimable:     903844 kB
Slab:             295756 kB
SReclaimable:      72168 kB
SUnreclaim:       223588 kB
KernelStack:       46656 kB
ShadowCallStack:   11676 kB
PageTables:        69644 kB
NFS_Unstable:          0 kB
Bounce:                0 kB
WritebackTmp:          0 kB
CommitLimit:     8679780 kB
Committed_AS:   72628504 kB
VmallocTotal:   263061440 kB
VmallocUsed:      127436 kB
VmallocChunk:          0 kB
Percpu:             6264 kB
CmaTotal:         405504 kB
CmaFree:           57836 kB
MemTotal:        7922396 kB
MemFree:          453788 kB
MemAvailable:    2620820 kB
Buffers:           61388 kB
Cached:          1629140 kB
SwapCached:            4 kB
Active:           948588 kB
Inactive:        3105736 kB
Active(anon):      33948 kB
Inactive(anon):  2353812 kB
Active(file):     914640 kB
Inactive(file):   751924 kB
Unevictable:        6088 kB
Mlocked:            5648 kB
SwapTotal:       4718584 kB
SwapFree:        4700920 kB
Dirty:             32176 kB
Writeback:             0 kB
AnonPages:       2369940 kB
Mapped:           865764 kB
Shmem:             19348 kB
KReclaimable:     890740 kB
Slab:             295960 kB
SReclaimable:      72184 kB
SUnreclaim:       223776 kB
KernelStack:       46720 kB
ShadowCallStack:   11704 kB
PageTables:        70076 kB
NFS_Unstable:          0 kB
Bounce:                0 kB
WritebackTmp:          0 kB
CommitLimit:     8679780 kB
Committed_AS:   72723552 kB
VmallocTotal:   263061440 kB
VmallocUsed:      127460 kB
VmallocChunk:          0 kB
Percpu:             6264 kB
CmaTotal:         405504 kB
CmaFree:           57836 kB
MemTotal:        7922396 kB
MemFree:          412016 kB
MemAvailable:    2449916 kB
Buffers:           61388 kB
Cached:          1629168 kB
SwapCached:            4 kB
Active:           949180 kB
Inactive:        3145052 kB
Active(anon):      33948 kB
Inactive(anon):  2393680 kB
Active(file):     915232 kB
Inactive(file):   751372 kB
Unevictable:        6088 kB
Mlocked:            5648 kB
SwapTotal:       4718584 kB
SwapFree:        4700920 kB
Dirty:             32424 kB
Writeback:             0 kB
AnonPages:       2409844 kB
Mapped:           866032 kB
Shmem:             19352 kB
KReclaimable:     761568 kB
Slab:             296032 kB
SReclaimable:      72200 kB
SUnreclaim:       223832 kB
KernelStack:       46752 kB
ShadowCallStack:   11708 kB
PageTables:        70180 kB
NFS_Unstable:          0 kB
Bounce:                0 kB
WritebackTmp:          0 kB
CommitLimit:     8679780 kB
Committed_AS:   72723844 kB
VmallocTotal:   263061440 kB
VmallocUsed:      127548 kB
VmallocChunk:          0 kB
Percpu:             6264 kB
CmaTotal:         405504 kB
CmaFree:           57836 kB
MemTotal:        7922396 kB
MemFree:          360548 kB
MemAvailable:    2393248 kB
Buffers:           61396 kB
Cached:          1629312 kB
SwapCached:            4 kB
Active:           949188 kB
Inactive:        3195080 kB
Active(anon):      33948 kB
Inactive(anon):  2443704 kB
Active(file):     915240 kB
Inactive(file):   751376 kB
Unevictable:        6088 kB
Mlocked:            5648 kB
SwapTotal:       4718584 kB
SwapFree:        4700920 kB
Dirty:             32468 kB
Writeback:            12 kB
AnonPages:       2459652 kB
Mapped:           866740 kB
Shmem:             19492 kB
KReclaimable:     756356 kB
Slab:             296128 kB
SReclaimable:      72208 kB
SUnreclaim:       223920 kB
KernelStack:       46752 kB
ShadowCallStack:   11720 kB
PageTables:        70040 kB
NFS_Unstable:          0 kB
Bounce:                0 kB
WritebackTmp:          0 kB
CommitLimit:     8679780 kB
Committed_AS:   72723892 kB
VmallocTotal:   263061440 kB
VmallocUsed:      127560 kB
VmallocChunk:          0 kB
Percpu:             6264 kB
CmaTotal:         405504 kB
CmaFree:           22780 kB
MemTotal:        7922396 kB
MemFree:          451788 kB
MemAvailable:    2618888 kB
Buffers:           61412 kB
Cached:          1629184 kB
SwapCached:            4 kB
Active:           949212 kB
Inactive:        3105568 kB
Active(anon):      33952 kB
Inactive(anon):  2354196 kB
Active(file):     915260 kB
Inactive(file):   751372 kB
Unevictable:        6088 kB
Mlocked:            5648 kB
SwapTotal:       4718584 kB
SwapFree:        4700920 kB
Dirty:             32472 kB
Writeback:             0 kB
AnonPages:       2370340 kB
Mapped:           866948 kB
Shmem:             19364 kB
KReclaimable:     890740 kB
Slab:             296004 kB
SReclaimable:      72208 kB
SUnreclaim:       223796 kB
KernelStack:       46688 kB
ShadowCallStack:   11692 kB
PageTables:        69988 kB
NFS_Unstable:          0 kB
Bounce:                0 kB
WritebackTmp:          0 kB
CommitLimit:     8679780 kB
Committed_AS:   72723472 kB
VmallocTotal:   263061440 kB
VmallocUsed:      127460 kB
VmallocChunk:          0 kB
Percpu:             6264 kB
CmaTotal:         405504 kB
CmaFree:           52912 kB
MemTotal:        7922396 kB
MemFree:          445364 kB
MemAvailable:    2612484 kB
Buffers:           61412 kB
Cached:          1629192 kB
SwapCached:            4 kB
Active:           949208 kB
Inactive:        3112024 kB
Active(anon):      33948 kB
Inactive(anon):  2360648 kB
Active(file):     915260 kB
Inactive(file):   751376 kB
Unevictable:        6088 kB
Mlocked:            5648 kB
SwapTotal:       4718584 kB
SwapFree:        4700920 kB
Dirty:             33048 kB
Writeback:             0 kB
AnonPages:       2376816 kB
Mapped:           867276 kB
Shmem:             19368 kB
KReclaimable:     890756 kB
Slab:             295932 kB
SReclaimable:      72224 kB
SUnreclaim:       223708 kB
KernelStack:       46656 kB
ShadowCallStack:   11688 kB
PageTables:        70084 kB
NFS_Unstable:          0 kB
Bounce:                0 kB
WritebackTmp:          0 kB
CommitLimit:     8679780 kB
Committed_AS:   72723644 kB
VmallocTotal:   263061440 kB
VmallocUsed:      127380 kB
VmallocChunk:          0 kB
Percpu:             6264 kB
CmaTotal:         405504 kB
CmaFree:           52912 kB
MemTotal:        7922396 kB
MemFree:          445640 kB
MemAvailable:    2612760 kB
Buffers:           61412 kB
Cached:          1629192 kB
SwapCached:            4 kB
Active:           949216 kB
Inactive:        3111620 kB
Active(anon):      33956 kB
Inactive(anon):  2360244 kB
Active(file):     915260 kB
Inactive(file):   751376 kB
Unevictable:        6088 kB
Mlocked:            5648 kB
SwapTotal:       4718584 kB
SwapFree:        4700920 kB
Dirty:             33048 kB
Writeback:             0 kB
AnonPages:       2376368 kB
Mapped:           867276 kB
Shmem:             19368 kB
KReclaimable:     890756 kB
Slab:             296064 kB
SReclaimable:      72224 kB
SUnreclaim:       223840 kB
KernelStack:       46688 kB
ShadowCallStack:   11692 kB
PageTables:        70076 kB
NFS_Unstable:          0 kB
Bounce:                0 kB
WritebackTmp:          0 kB
CommitLimit:     8679780 kB
Committed_AS:   72723688 kB
VmallocTotal:   263061440 kB
VmallocUsed:      127436 kB
VmallocChunk:          0 kB
Percpu:             6264 kB
CmaTotal:         405504 kB
CmaFree:           53140 kB
MemTotal:        7922396 kB
MemFree:          445884 kB
MemAvailable:    2613004 kB
Buffers:           61412 kB
Cached:          1629200 kB
SwapCached:            4 kB
Active:           949212 kB
Inactive:        3112228 kB
Active(anon):      33952 kB
Inactive(anon):  2360852 kB
Active(file):     915260 kB
Inactive(file):   751376 kB
Unevictable:        6088 kB
Mlocked:            5648 kB
SwapTotal:       4718584 kB
SwapFree:        4700920 kB
Dirty:             33048 kB
Writeback:             0 kB
AnonPages:       2376940 kB
Mapped:           867480 kB
Shmem:             19376 kB
KReclaimable:     890756 kB
Slab:             295976 kB
SReclaimable:      72224 kB
SUnreclaim:       223752 kB
KernelStack:       46672 kB
ShadowCallStack:   11680 kB
PageTables:        70116 kB
NFS_Unstable:          0 kB
Bounce:                0 kB
WritebackTmp:          0 kB
CommitLimit:     8679780 kB
Committed_AS:   72723696 kB
VmallocTotal:   263061440 kB
VmallocUsed:      127416 kB
VmallocChunk:          0 kB
Percpu:             6264 kB
CmaTotal:         405504 kB
CmaFree:           53140 kB
MemTotal:        7922396 kB
MemFree:          444232 kB
MemAvailable:    2611352 kB
Buffers:           61412 kB
Cached:          1629200 kB
SwapCached:            4 kB
Active:           949212 kB
Inactive:        3112848 kB
Active(anon):      33952 kB
Inactive(anon):  2361472 kB
Active(file):     915260 kB
Inactive(file):   751376 kB
Unevictable:        6088 kB
Mlocked:            5648 kB
SwapTotal:       4718584 kB
SwapFree:        4700920 kB
Dirty:             33048 kB
Writeback:             0 kB
AnonPages:       2377500 kB
Mapped:           867432 kB
Shmem:             19376 kB
KReclaimable:     890756 kB
Slab:             295976 kB
SReclaimable:      72224 kB
SUnreclaim:       223752 kB
KernelStack:       46640 kB
ShadowCallStack:   11692 kB
PageTables:        69884 kB
NFS_Unstable:          0 kB
Bounce:                0 kB
WritebackTmp:          0 kB
CommitLimit:     8679780 kB
Committed_AS:   72723696 kB
VmallocTotal:   263061440 kB
VmallocUsed:      127420 kB
VmallocChunk:          0 kB
Percpu:             6264 kB
CmaTotal:         405504 kB
CmaFree:           53140 kB
MemTotal:        7922396 kB
MemFree:          444232 kB
MemAvailable:    2611368 kB
Buffers:           61428 kB
Cached:          1629200 kB
SwapCached:            4 kB
Active:           949232 kB
Inactive:        3113248 kB
Active(anon):      33956 kB
Inactive(anon):  2361872 kB
Active(file):     915276 kB
Inactive(file):   751376 kB
Unevictable:        6088 kB
Mlocked:            5648 kB
SwapTotal:       4718584 kB
SwapFree:        4700920 kB
Dirty:             33064 kB
Writeback:             0 kB
AnonPages:       2377860 kB
Mapped:           867324 kB
Shmem:             19376 kB
KReclaimable:     890756 kB
Slab:             296000 kB
SReclaimable:      72224 kB
SUnreclaim:       223776 kB
KernelStack:       46720 kB
ShadowCallStack:   11688 kB
PageTables:        69868 kB
NFS_Unstable:          0 kB
Bounce:                0 kB
WritebackTmp:          0 kB
CommitLimit:     8679780 kB
Committed_AS:   72723696 kB
VmallocTotal:   263061440 kB
VmallocUsed:      127432 kB
VmallocChunk:          0 kB
Percpu:             6264 kB
CmaTotal:         405504 kB
CmaFree:           53140 kB
MemTotal:        7922396 kB
MemFree:          443460 kB
MemAvailable:    2610196 kB
Buffers:           61428 kB
Cached:          1629200 kB
SwapCached:            4 kB
Active:           949228 kB
Inactive:        3113148 kB
Active(anon):      33952 kB
Inactive(anon):  2361772 kB
Active(file):     915276 kB
Inactive(file):   751376 kB
Unevictable:        6088 kB
Mlocked:            5648 kB
SwapTotal:       4718584 kB
SwapFree:        4700920 kB
Dirty:             33064 kB
Writeback:             0 kB
AnonPages:       2377696 kB
Mapped:           867796 kB
Shmem:             19376 kB
KReclaimable:     890356 kB
Slab:             295936 kB
SReclaimable:      72224 kB
SUnreclaim:       223712 kB
KernelStack:       46704 kB
ShadowCallStack:   11692 kB
PageTables:        70184 kB
NFS_Unstable:          0 kB
Bounce:                0 kB
WritebackTmp:          0 kB
CommitLimit:     8679780 kB
Committed_AS:   72723696 kB
VmallocTotal:   263061440 kB
VmallocUsed:      127428 kB
VmallocChunk:          0 kB
Percpu:             6264 kB
CmaTotal:         405504 kB
CmaFree:           56468 kB
MemTotal:        7922396 kB
MemFree:          441628 kB
MemAvailable:    2608768 kB
Buffers:           61436 kB
Cached:          1629200 kB
SwapCached:            4 kB
Active:           949300 kB
Inactive:        3113868 kB
Active(anon):      33952 kB
Inactive(anon):  2362556 kB
Active(file):     915348 kB
Inactive(file):   751312 kB
Unevictable:        6088 kB
Mlocked:            5648 kB
SwapTotal:       4718584 kB
SwapFree:        4700920 kB
Dirty:             33080 kB
Writeback:             0 kB
AnonPages:       2378856 kB
Mapped:           867680 kB
Shmem:             19376 kB
KReclaimable:     890752 kB
Slab:             296596 kB
SReclaimable:      72848 kB
SUnreclaim:       223748 kB
KernelStack:       46656 kB
ShadowCallStack:   11684 kB
PageTables:        69952 kB
NFS_Unstable:          0 kB
Bounce:                0 kB
WritebackTmp:          0 kB
CommitLimit:     8679780 kB
Committed_AS:   72723696 kB
VmallocTotal:   263061440 kB
VmallocUsed:      127436 kB
VmallocChunk:          0 kB
Percpu:             6264 kB
CmaTotal:         405504 kB
CmaFree:           56468 kB
MemTotal:        7922396 kB
MemFree:          440948 kB
MemAvailable:    2607912 kB
Buffers:           61436 kB
Cached:          1629200 kB
SwapCached:            4 kB
Active:           949320 kB
Inactive:        3114808 kB
Active(anon):      33956 kB
Inactive(anon):  2363512 kB
Active(file):     915364 kB
Inactive(file):   751296 kB
Unevictable:        6088 kB
Mlocked:            5648 kB
SwapTotal:       4718584 kB
SwapFree:        4700920 kB
Dirty:             33080 kB
Writeback:             0 kB
AnonPages:       2379652 kB
Mapped:           867976 kB
Shmem:             19376 kB
KReclaimable:     890576 kB
Slab:             296628 kB
SReclaimable:      72848 kB
SUnreclaim:       223780 kB
KernelStack:       46688 kB
ShadowCallStack:   11692 kB
PageTables:        70004 kB
NFS_Unstable:          0 kB
Bounce:                0 kB
WritebackTmp:          0 kB
CommitLimit:     8679780 kB
Committed_AS:   72723696 kB
VmallocTotal:   263061440 kB
VmallocUsed:      127432 kB
VmallocChunk:          0 kB
Percpu:             6264 kB
CmaTotal:         405504 kB
CmaFree:           56468 kB
MemTotal:        7922396 kB
MemFree:          440640 kB
MemAvailable:    2607104 kB
Buffers:           61436 kB
Cached:          1629200 kB
SwapCached:            4 kB
Active:           949328 kB
Inactive:        3114776 kB
Active(anon):      33964 kB
Inactive(anon):  2363480 kB
Active(file):     915364 kB
Inactive(file):   751296 kB
Unevictable:        6088 kB
Mlocked:            5648 kB
SwapTotal:       4718584 kB
SwapFree:        4700920 kB
Dirty:             33028 kB
Writeback:            52 kB
AnonPages:       2379512 kB
Mapped:           868380 kB
Shmem:             19376 kB
KReclaimable:     890076 kB
Slab:             296616 kB
SReclaimable:      72848 kB
SUnreclaim:       223768 kB
KernelStack:       46688 kB
ShadowCallStack:   11688 kB
PageTables:        70036 kB
NFS_Unstable:          0 kB
Bounce:                0 kB
WritebackTmp:          0 kB
CommitLimit:     8679780 kB
Committed_AS:   72723696 kB
VmallocTotal:   263061440 kB
VmallocUsed:      127432 kB
VmallocChunk:          0 kB
Percpu:             6264 kB
CmaTotal:         405504 kB
CmaFree:           56464 kB
MemTotal:        7922396 kB
MemFree:          439680 kB
MemAvailable:    2606140 kB
Buffers:           61452 kB
Cached:          1629204 kB
SwapCached:            4 kB
Active:           949332 kB
Inactive:        3116232 kB
Active(anon):      33952 kB
Inactive(anon):  2364936 kB
Active(file):     915380 kB
Inactive(file):   751296 kB
Unevictable:        6088 kB
Mlocked:            5648 kB
SwapTotal:       4718584 kB
SwapFree:        4700920 kB
Dirty:             33028 kB
Writeback:             0 kB
AnonPages:       2381076 kB
Mapped:           868380 kB
Shmem:             19380 kB
KReclaimable:     890056 kB
Slab:             296648 kB
SReclaimable:      72848 kB
SUnreclaim:       223800 kB
KernelStack:       46672 kB
ShadowCallStack:   11692 kB
PageTables:        70016 kB
NFS_Unstable:          0 kB
Bounce:                0 kB
WritebackTmp:          0 kB
CommitLimit:     8679780 kB
Committed_AS:   72723700 kB
VmallocTotal:   263061440 kB
VmallocUsed:      127416 kB
VmallocChunk:          0 kB
Percpu:             6264 kB
CmaTotal:         405504 kB
CmaFree:           56468 kB
MemTotal:        7922396 kB
MemFree:          438384 kB
MemAvailable:    2604780 kB
Buffers:           61452 kB
Cached:          1629204 kB
SwapCached:            4 kB
Active:           949328 kB
Inactive:        3116296 kB
Active(anon):      33944 kB
Inactive(anon):  2365004 kB
Active(file):     915384 kB
Inactive(file):   751292 kB
Unevictable:        6088 kB
Mlocked:            5648 kB
SwapTotal:       4718584 kB
SwapFree:        4700920 kB
Dirty:             33028 kB
Writeback:             0 kB
AnonPages:       2381248 kB
Mapped:           868764 kB
Shmem:             19380 kB
KReclaimable:     889992 kB
Slab:             296640 kB
SReclaimable:      72848 kB
SUnreclaim:       223792 kB
KernelStack:       46640 kB
ShadowCallStack:   11700 kB
PageTables:        69764 kB
NFS_Unstable:          0 kB
Bounce:                0 kB
WritebackTmp:          0 kB
CommitLimit:     8679780 kB
Committed_AS:   72723704 kB
VmallocTotal:   263061440 kB
VmallocUsed:      127428 kB
VmallocChunk:          0 kB
Percpu:             6264 kB
CmaTotal:         405504 kB
CmaFree:           56468 kB
MemTotal:        7922396 kB
MemFree:          438304 kB
MemAvailable:    2604700 kB
Buffers:           61452 kB
Cached:          1629204 kB
SwapCached:            4 kB
Active:           949336 kB
Inactive:        3117120 kB
Active(anon):      33952 kB
Inactive(anon):  2365828 kB
Active(file):     915384 kB
Inactive(file):   751292 kB
Unevictable:        6088 kB
Mlocked:            5648 kB
SwapTotal:       4718584 kB
SwapFree:        4700920 kB
Dirty:             33028 kB
Writeback:             0 kB
AnonPages:       2381964 kB
Mapped:           868452 kB
Shmem:             19380 kB
KReclaimable:     889992 kB
Slab:             296668 kB
SReclaimable:      72848 kB
SUnreclaim:       223820 kB
KernelStack:       46656 kB
ShadowCallStack:   11688 kB
PageTables:        69956 kB
NFS_Unstable:          0 kB
Bounce:                0 kB
WritebackTmp:          0 kB
CommitLimit:     8679780 kB
Committed_AS:   72723700 kB
VmallocTotal:   263061440 kB
VmallocUsed:      127416 kB
VmallocChunk:          0 kB
Percpu:             6264 kB
CmaTotal:         405504 kB
CmaFree:           56468 kB
MemTotal:        7922396 kB
MemFree:          437420 kB
MemAvailable:    2603824 kB
Buffers:           61460 kB
Cached:          1629204 kB
SwapCached:            4 kB
Active:           949356 kB
Inactive:        3117524 kB
Active(anon):      33952 kB
Inactive(anon):  2366244 kB
Active(file):     915404 kB
Inactive(file):   751280 kB
Unevictable:        6088 kB
Mlocked:            5648 kB
SwapTotal:       4718584 kB
SwapFree:        4700920 kB
Dirty:              1148 kB
Writeback:           108 kB
AnonPages:       2382524 kB
Mapped:           868772 kB
Shmem:             19380 kB
KReclaimable:     889992 kB
Slab:             296676 kB
SReclaimable:      72848 kB
SUnreclaim:       223828 kB
KernelStack:       46672 kB
ShadowCallStack:   11676 kB
PageTables:        70192 kB
NFS_Unstable:          0 kB
Bounce:                0 kB
WritebackTmp:          0 kB
CommitLimit:     8679780 kB
Committed_AS:   72723700 kB
VmallocTotal:   263061440 kB
VmallocUsed:      127436 kB
VmallocChunk:          0 kB
Percpu:             6264 kB
CmaTotal:         405504 kB
CmaFree:           56468 kB
MemTotal:        7922396 kB
MemFree:          435628 kB
MemAvailable:    2602032 kB
Buffers:           61460 kB
Cached:          1629204 kB
SwapCached:            4 kB
Active:           949364 kB
Inactive:        3117844 kB
Active(anon):      33960 kB
Inactive(anon):  2366564 kB
Active(file):     915404 kB
Inactive(file):   751280 kB
Unevictable:        6088 kB
Mlocked:            5648 kB
SwapTotal:       4718584 kB
SwapFree:        4700920 kB
Dirty:              1096 kB
Writeback:            16 kB
AnonPages:       2382640 kB
Mapped:           868576 kB
Shmem:             19380 kB
KReclaimable:     889992 kB
Slab:             296628 kB
SReclaimable:      72848 kB
SUnreclaim:       223780 kB
KernelStack:       46624 kB
ShadowCallStack:   11676 kB
PageTables:        69928 kB
NFS_Unstable:          0 kB
Bounce:                0 kB
WritebackTmp:          0 kB
CommitLimit:     8679780 kB
Committed_AS:   72723704 kB
VmallocTotal:   263061440 kB
VmallocUsed:      127436 kB
VmallocChunk:          0 kB
Percpu:             6264 kB
CmaTotal:         405504 kB
CmaFree:           56468 kB
MemTotal:        7922396 kB
MemFree:          436308 kB
MemAvailable:    2602728 kB
Buffers:           61472 kB
Cached:          1629216 kB
SwapCached:            4 kB
Active:           949364 kB
Inactive:        3118744 kB
Active(anon):      33948 kB
Inactive(anon):  2367460 kB
Active(file):     915416 kB
Inactive(file):   751284 kB
Unevictable:        6088 kB
Mlocked:            5648 kB
SwapTotal:       4718584 kB
SwapFree:        4700920 kB
Dirty:              1148 kB
Writeback:             0 kB
AnonPages:       2383356 kB
Mapped:           868464 kB
Shmem:             19388 kB
KReclaimable:     889992 kB
Slab:             296636 kB
SReclaimable:      72848 kB
SUnreclaim:       223788 kB
KernelStack:       46672 kB
ShadowCallStack:   11692 kB
PageTables:        70060 kB
NFS_Unstable:          0 kB
Bounce:                0 kB
WritebackTmp:          0 kB
CommitLimit:     8679780 kB
Committed_AS:   72723708 kB
VmallocTotal:   263061440 kB
VmallocUsed:      127416 kB
VmallocChunk:          0 kB
Percpu:             6264 kB
CmaTotal:         405504 kB
CmaFree:           56680 kB
MemTotal:        7922396 kB
MemFree:          435580 kB
MemAvailable:    2602000 kB
Buffers:           61472 kB
Cached:          1629216 kB
SwapCached:            4 kB
Active:           949368 kB
Inactive:        3118980 kB
Active(anon):      33952 kB
Inactive(anon):  2367696 kB
Active(file):     915416 kB
Inactive(file):   751284 kB
Unevictable:        6088 kB
Mlocked:            5648 kB
SwapTotal:       4718584 kB
SwapFree:        4700920 kB
Dirty:              1148 kB
Writeback:             0 kB
AnonPages:       2383696 kB
Mapped:           868484 kB
Shmem:             19388 kB
KReclaimable:     889992 kB
Slab:             296644 kB
SReclaimable:      72848 kB
SUnreclaim:       223796 kB
KernelStack:       46656 kB
ShadowCallStack:   11688 kB
PageTables:        69992 kB
NFS_Unstable:          0 kB
Bounce:                0 kB
WritebackTmp:          0 kB
CommitLimit:     8679780 kB
Committed_AS:   72723708 kB
VmallocTotal:   263061440 kB
VmallocUsed:      127432 kB
VmallocChunk:          0 kB
Percpu:             6264 kB
CmaTotal:         405504 kB
CmaFree:           56680 kB
MemTotal:        7922396 kB
MemFree:          435084 kB
MemAvailable:    2601424 kB
Buffers:           61472 kB
Cached:          1629216 kB
SwapCached:            4 kB
Active:           949372 kB
Inactive:        3118940 kB
Active(anon):      33956 kB
Inactive(anon):  2367656 kB
Active(file):     915416 kB
Inactive(file):   751284 kB
Unevictable:        6088 kB
Mlocked:            5648 kB
SwapTotal:       4718584 kB
SwapFree:        4700920 kB
Dirty:              1156 kB
Writeback:             0 kB
AnonPages:       2383796 kB
Mapped:           868608 kB
Shmem:             19388 kB
KReclaimable:     889912 kB
Slab:             296656 kB
SReclaimable:      72848 kB
SUnreclaim:       223808 kB
KernelStack:       46688 kB
ShadowCallStack:   11692 kB
PageTables:        69936 kB
NFS_Unstable:          0 kB
Bounce:                0 kB
WritebackTmp:          0 kB
CommitLimit:     8679780 kB
Committed_AS:   72723708 kB
VmallocTotal:   263061440 kB
VmallocUsed:      127416 kB
VmallocChunk:          0 kB
Percpu:             6264 kB
CmaTotal:         405504 kB
CmaFree:           56680 kB
MemTotal:        7922396 kB
MemFree:          437652 kB
MemAvailable:    2603992 kB
Buffers:           61472 kB
Cached:          1629216 kB
SwapCached:            4 kB
Active:           949356 kB
Inactive:        3117432 kB
Active(anon):      33940 kB
Inactive(anon):  2366148 kB
Active(file):     915416 kB
Inactive(file):   751284 kB
Unevictable:        6088 kB
Mlocked:            5648 kB
SwapTotal:       4718584 kB
SwapFree:        4700920 kB
Dirty:                96 kB
Writeback:             0 kB
AnonPages:       2382392 kB
Mapped:           868544 kB
Shmem:             19388 kB
KReclaimable:     889912 kB
Slab:             296664 kB
SReclaimable:      72848 kB
SUnreclaim:       223816 kB
KernelStack:       46576 kB
ShadowCallStack:   11664 kB
PageTables:        69924 kB
NFS_Unstable:          0 kB
Bounce:                0 kB
WritebackTmp:          0 kB
CommitLimit:     8679780 kB
Committed_AS:   72723344 kB
VmallocTotal:   263061440 kB
VmallocUsed:      127276 kB
VmallocChunk:          0 kB
Percpu:             6264 kB
CmaTotal:         405504 kB
CmaFree:           56680 kB
MemTotal:        7922396 kB
MemFree:          436752 kB
MemAvailable:    2603092 kB
Buffers:           61472 kB
Cached:          1629220 kB
SwapCached:            4 kB
Active:           949356 kB
Inactive:        3118200 kB
Active(anon):      33940 kB
Inactive(anon):  2366916 kB
Active(file):     915416 kB
Inactive(file):   751284 kB
Unevictable:        6088 kB
Mlocked:            5648 kB
SwapTotal:       4718584 kB
SwapFree:        4700920 kB
Dirty:               124 kB
Writeback:             0 kB
AnonPages:       2382996 kB
Mapped:           868512 kB
Shmem:             19392 kB
KReclaimable:     889912 kB
Slab:             296608 kB
SReclaimable:      72848 kB
SUnreclaim:       223760 kB
KernelStack:       46576 kB
ShadowCallStack:   11660 kB
PageTables:        69984 kB
NFS_Unstable:          0 kB
Bounce:                0 kB
WritebackTmp:          0 kB
CommitLimit:     8679780 kB
Committed_AS:   72723348 kB
VmallocTotal:   263061440 kB
VmallocUsed:      127292 kB
VmallocChunk:          0 kB
Percpu:             6264 kB
CmaTotal:         405504 kB
CmaFree:           56680 kB
MemTotal:        7922396 kB
MemFree:          348988 kB
MemAvailable:    2382312 kB
Buffers:           61488 kB
Cached:          1629364 kB
SwapCached:            4 kB
Active:           949372 kB
Inactive:        3206396 kB
Active(anon):      33940 kB
Inactive(anon):  2455112 kB
Active(file):     915432 kB
Inactive(file):   751284 kB
Unevictable:        6088 kB
Mlocked:            5648 kB
SwapTotal:       4718584 kB
SwapFree:        4700920 kB
Dirty:               248 kB
Writeback:             0 kB
AnonPages:       2471068 kB
Mapped:           869148 kB
Shmem:             19536 kB
KReclaimable:     756880 kB
Slab:             296752 kB
SReclaimable:      72848 kB
SUnreclaim:       223904 kB
KernelStack:       46640 kB
ShadowCallStack:   11684 kB
PageTables:        70108 kB
NFS_Unstable:          0 kB
Bounce:                0 kB
WritebackTmp:          0 kB
CommitLimit:     8679780 kB
Committed_AS:   72723728 kB
VmallocTotal:   263061440 kB
VmallocUsed:      127392 kB
VmallocChunk:          0 kB
Percpu:             6264 kB
CmaTotal:         405504 kB
CmaFree:           10448 kB
MemTotal:        7922396 kB
MemFree:          434456 kB
MemAvailable:    2600792 kB
Buffers:           61504 kB
Cached:          1629368 kB
SwapCached:            4 kB
Active:           949396 kB
Inactive:        3119160 kB
Active(anon):      33948 kB
Inactive(anon):  2367876 kB
Active(file):     915448 kB
Inactive(file):   751284 kB
Unevictable:        6088 kB
Mlocked:            5648 kB
SwapTotal:       4718584 kB
SwapFree:        4700920 kB
Dirty:               268 kB
Writeback:             0 kB
AnonPages:       2383808 kB
Mapped:           868764 kB
Shmem:             19540 kB
KReclaimable:     889876 kB
Slab:             296704 kB
SReclaimable:      72848 kB
SUnreclaim:       223856 kB
KernelStack:       46576 kB
ShadowCallStack:   11688 kB
PageTables:        70036 kB
NFS_Unstable:          0 kB
Bounce:                0 kB
WritebackTmp:          0 kB
CommitLimit:     8679780 kB
Committed_AS:   72723352 kB
VmallocTotal:   263061440 kB
VmallocUsed:      127276 kB
VmallocChunk:          0 kB
Percpu:             6264 kB
CmaTotal:         405504 kB
CmaFree:           55608 kB
MemTotal:        7922396 kB
MemFree:          434368 kB
MemAvailable:    2600740 kB
Buffers:           61504 kB
Cached:          1629224 kB
SwapCached:            4 kB
Active:           949388 kB
Inactive:        3119164 kB
Active(anon):      33940 kB
Inactive(anon):  2367880 kB
Active(file):     915448 kB
Inactive(file):   751284 kB
Unevictable:        6088 kB
Mlocked:            5648 kB
SwapTotal:       4718584 kB
SwapFree:        4700920 kB
Dirty:               276 kB
Writeback:             0 kB
AnonPages:       2383932 kB
Mapped:           868540 kB
Shmem:             19396 kB
KReclaimable:     889912 kB
Slab:             296700 kB
SReclaimable:      72848 kB
SUnreclaim:       223852 kB
KernelStack:       46528 kB
ShadowCallStack:   11664 kB
PageTables:        69956 kB
NFS_Unstable:          0 kB
Bounce:                0 kB
WritebackTmp:          0 kB
CommitLimit:     8679780 kB
Committed_AS:   72723144 kB
VmallocTotal:   263061440 kB
VmallocUsed:      127244 kB
VmallocChunk:          0 kB
Percpu:             6264 kB
CmaTotal:         405504 kB
CmaFree:           55616 kB
MemTotal:        7922396 kB
MemFree:          435624 kB
MemAvailable:    2602012 kB
Buffers:           61504 kB
Cached:          1629224 kB
SwapCached:            4 kB
Active:           949356 kB
Inactive:        3118624 kB
Active(anon):      33908 kB
Inactive(anon):  2367340 kB
Active(file):     915448 kB
Inactive(file):   751284 kB
Unevictable:        6088 kB
Mlocked:            5648 kB
SwapTotal:       4718584 kB
SwapFree:        4700920 kB
Dirty:               276 kB
Writeback:             0 kB
AnonPages:       2383336 kB
Mapped:           868568 kB
Shmem:             19396 kB
KReclaimable:     889928 kB
Slab:             296632 kB
SReclaimable:      72864 kB
SUnreclaim:       223768 kB
KernelStack:       46336 kB
ShadowCallStack:   11600 kB
PageTables:        70132 kB
NFS_Unstable:          0 kB
Bounce:                0 kB
WritebackTmp:          0 kB
CommitLimit:     8679780 kB
Committed_AS:   72722624 kB
VmallocTotal:   263061440 kB
VmallocUsed:      127020 kB
VmallocChunk:          0 kB
Percpu:             6264 kB
CmaTotal:         405504 kB
CmaFree:           55616 kB
MemTotal:        7922396 kB
MemFree:          435936 kB
MemAvailable:    2602324 kB
Buffers:           61504 kB
Cached:          1629228 kB
SwapCached:            4 kB
Active:           949364 kB
Inactive:        3119232 kB
Active(anon):      33916 kB
Inactive(anon):  2367948 kB
Active(file):     915448 kB
Inactive(file):   751284 kB
Unevictable:        6088 kB
Mlocked:            5648 kB
SwapTotal:       4718584 kB
SwapFree:        4700920 kB
Dirty:               292 kB
Writeback:             0 kB
AnonPages:       2384024 kB
Mapped:           868644 kB
Shmem:             19400 kB
KReclaimable:     889928 kB
Slab:             296620 kB
SReclaimable:      72864 kB
SUnreclaim:       223756 kB
KernelStack:       46320 kB
ShadowCallStack:   11608 kB
PageTables:        69836 kB
NFS_Unstable:          0 kB
Bounce:                0 kB
WritebackTmp:          0 kB
CommitLimit:     8679780 kB
Committed_AS:   72722628 kB
VmallocTotal:   263061440 kB
VmallocUsed:      127016 kB
VmallocChunk:          0 kB
Percpu:             6264 kB
CmaTotal:         405504 kB
CmaFree:           55616 kB
MemTotal:        7922396 kB
MemFree:          434160 kB
MemAvailable:    2600548 kB
Buffers:           61504 kB
Cached:          1629228 kB
SwapCached:            4 kB
Active:           949364 kB
Inactive:        3119356 kB
Active(anon):      33916 kB
Inactive(anon):  2368072 kB
Active(file):     915448 kB
Inactive(file):   751284 kB
Unevictable:        6088 kB
Mlocked:            5648 kB
SwapTotal:       4718584 kB
SwapFree:        4700920 kB
Dirty:               300 kB
Writeback:             0 kB
AnonPages:       2384004 kB
Mapped:           868544 kB
Shmem:             19400 kB
KReclaimable:     889928 kB
Slab:             296624 kB
SReclaimable:      72864 kB
SUnreclaim:       223760 kB
KernelStack:       46368 kB
ShadowCallStack:   11604 kB
PageTables:        69856 kB
NFS_Unstable:          0 kB
Bounce:                0 kB
WritebackTmp:          0 kB
CommitLimit:     8679780 kB
Committed_AS:   72722628 kB
VmallocTotal:   263061440 kB
VmallocUsed:      127012 kB
VmallocChunk:          0 kB
Percpu:             6264 kB
CmaTotal:         405504 kB
CmaFree:           55616 kB
MemTotal:        7922396 kB
MemFree:          434900 kB
MemAvailable:    2601296 kB
Buffers:           61512 kB
Cached:          1629228 kB
SwapCached:            4 kB
Active:           949372 kB
Inactive:        3119572 kB
Active(anon):      33916 kB
Inactive(anon):  2368288 kB
Active(file):     915456 kB
Inactive(file):   751284 kB
Unevictable:        6088 kB
Mlocked:            5648 kB
SwapTotal:       4718584 kB
SwapFree:        4700920 kB
Dirty:               328 kB
Writeback:             0 kB
AnonPages:       2384332 kB
Mapped:           868532 kB
Shmem:             19400 kB
KReclaimable:     889928 kB
Slab:             296624 kB
SReclaimable:      72864 kB
SUnreclaim:       223760 kB
KernelStack:       46288 kB
ShadowCallStack:   11600 kB
PageTables:        70012 kB
NFS_Unstable:          0 kB
Bounce:                0 kB
WritebackTmp:          0 kB
CommitLimit:     8679780 kB
Committed_AS:   72722628 kB
VmallocTotal:   263061440 kB
VmallocUsed:      127012 kB
VmallocChunk:          0 kB
Percpu:             6264 kB
CmaTotal:         405504 kB
CmaFree:           55616 kB
MemTotal:        7922396 kB
MemFree:          433544 kB
MemAvailable:    2599952 kB
Buffers:           61512 kB
Cached:          1629228 kB
SwapCached:            4 kB
Active:           949368 kB
Inactive:        3120492 kB
Active(anon):      33912 kB
Inactive(anon):  2369208 kB
Active(file):     915456 kB
Inactive(file):   751284 kB
Unevictable:        6088 kB
Mlocked:            5648 kB
SwapTotal:       4718584 kB
SwapFree:        4700920 kB
Dirty:               340 kB
Writeback:             0 kB
AnonPages:       2385324 kB
Mapped:           868592 kB
Shmem:             19400 kB
KReclaimable:     889940 kB
Slab:             296632 kB
SReclaimable:      72864 kB
SUnreclaim:       223768 kB
KernelStack:       46336 kB
ShadowCallStack:   11612 kB
PageTables:        70096 kB
NFS_Unstable:          0 kB
Bounce:                0 kB
WritebackTmp:          0 kB
CommitLimit:     8679780 kB
Committed_AS:   72722628 kB
VmallocTotal:   263061440 kB
VmallocUsed:      127016 kB
VmallocChunk:          0 kB
Percpu:             6264 kB
CmaTotal:         405504 kB
CmaFree:           55616 kB
MemTotal:        7922396 kB
MemFree:          432588 kB
MemAvailable:    2599012 kB
Buffers:           61512 kB
Cached:          1629228 kB
SwapCached:            4 kB
Active:           949376 kB
Inactive:        3120404 kB
Active(anon):      33920 kB
Inactive(anon):  2369120 kB
Active(file):     915456 kB
Inactive(file):   751284 kB
Unevictable:        6088 kB
Mlocked:            5648 kB
SwapTotal:       4718584 kB
SwapFree:        4700920 kB
Dirty:               344 kB
Writeback:             0 kB
AnonPages:       2385184 kB
Mapped:           868644 kB
Shmem:             19400 kB
KReclaimable:     889956 kB
Slab:             296600 kB
SReclaimable:      72864 kB
SUnreclaim:       223736 kB
KernelStack:       46320 kB
ShadowCallStack:   11600 kB
PageTables:        70128 kB
NFS_Unstable:          0 kB
Bounce:                0 kB
WritebackTmp:          0 kB
CommitLimit:     8679780 kB
Committed_AS:   72722632 kB
VmallocTotal:   263061440 kB
VmallocUsed:      127020 kB
VmallocChunk:          0 kB
Percpu:             6264 kB
CmaTotal:         405504 kB
CmaFree:           55616 kB
MemTotal:        7922396 kB
MemFree:          432028 kB
MemAvailable:    2598452 kB
Buffers:           61512 kB
Cached:          1629228 kB
SwapCached:            4 kB
Active:           949372 kB
Inactive:        3120576 kB
Active(anon):      33916 kB
Inactive(anon):  2369292 kB
Active(file):     915456 kB
Inactive(file):   751284 kB
Unevictable:        6088 kB
Mlocked:            5648 kB
SwapTotal:       4718584 kB
SwapFree:        4700920 kB
Dirty:               352 kB
Writeback:             0 kB
AnonPages:       2385364 kB
Mapped:           868520 kB
Shmem:             19400 kB
KReclaimable:     889956 kB
Slab:             296592 kB
SReclaimable:      72864 kB
SUnreclaim:       223728 kB
KernelStack:       46352 kB
ShadowCallStack:   11608 kB
PageTables:        69964 kB
NFS_Unstable:          0 kB
Bounce:                0 kB
WritebackTmp:          0 kB
CommitLimit:     8679780 kB
Committed_AS:   72722628 kB
VmallocTotal:   263061440 kB
VmallocUsed:      127012 kB
VmallocChunk:          0 kB
Percpu:             6264 kB
CmaTotal:         405504 kB
CmaFree:           55616 kB
MemTotal:        7922396 kB
MemFree:          432164 kB
MemAvailable:    2598556 kB
Buffers:           61512 kB
Cached:          1629228 kB
SwapCached:            4 kB
Active:           949376 kB
Inactive:        3120772 kB
Active(anon):      33920 kB
Inactive(anon):  2369488 kB
Active(file):     915456 kB
Inactive(file):   751284 kB
Unevictable:        6088 kB
Mlocked:            5648 kB
SwapTotal:       4718584 kB
SwapFree:        4700920 kB
Dirty:               356 kB
Writeback:             0 kB
AnonPages:       2385332 kB
Mapped:           868572 kB
Shmem:             19400 kB
KReclaimable:     889924 kB
Slab:             296600 kB
SReclaimable:      72864 kB
SUnreclaim:       223736 kB
KernelStack:       46336 kB
ShadowCallStack:   11608 kB
PageTables:        70180 kB
NFS_Unstable:          0 kB
Bounce:                0 kB
WritebackTmp:          0 kB
CommitLimit:     8679780 kB
Committed_AS:   72722628 kB
VmallocTotal:   263061440 kB
VmallocUsed:      127012 kB
VmallocChunk:          0 kB
Percpu:             6264 kB
CmaTotal:         405504 kB
CmaFree:           55616 kB
MemTotal:        7922396 kB
MemFree:          430568 kB
MemAvailable:    2596976 kB
Buffers:           61536 kB
Cached:          1629220 kB
SwapCached:            4 kB
Active:           949388 kB
Inactive:        3121760 kB
Active(anon):      33916 kB
Inactive(anon):  2370476 kB
Active(file):     915472 kB
Inactive(file):   751284 kB
Unevictable:        6088 kB
Mlocked:            5648 kB
SwapTotal:       4718584 kB
SwapFree:        4700920 kB
Dirty:               368 kB
Writeback:            28 kB
AnonPages:       2386560 kB
Mapped:           868552 kB
Shmem:             19400 kB
KReclaimable:     889924 kB
Slab:             296604 kB
SReclaimable:      72864 kB
SUnreclaim:       223740 kB
KernelStack:       46320 kB
ShadowCallStack:   11604 kB
PageTables:        69944 kB
NFS_Unstable:          0 kB
Bounce:                0 kB
WritebackTmp:          0 kB
CommitLimit:     8679780 kB
Committed_AS:   72722628 kB
VmallocTotal:   263061440 kB
VmallocUsed:      127012 kB
VmallocChunk:          0 kB
Percpu:             6264 kB
CmaTotal:         405504 kB
CmaFree:           55616 kB
MemTotal:        7922396 kB
MemFree:          432576 kB
MemAvailable:    2598996 kB
Buffers:           61536 kB
Cached:          1629232 kB
SwapCached:            4 kB
Active:           949392 kB
Inactive:        3120348 kB
Active(anon):      33912 kB
Inactive(anon):  2369060 kB
Active(file):     915480 kB
Inactive(file):   751288 kB
Unevictable:        6088 kB
Mlocked:            5648 kB
SwapTotal:       4718584 kB
SwapFree:        4700920 kB
Dirty:               416 kB
Writeback:             0 kB
AnonPages:       2385056 kB
Mapped:           868580 kB
Shmem:             19400 kB
KReclaimable:     889924 kB
Slab:             296624 kB
SReclaimable:      72864 kB
SUnreclaim:       223760 kB
KernelStack:       46336 kB
ShadowCallStack:   11608 kB
PageTables:        69884 kB
NFS_Unstable:          0 kB
Bounce:                0 kB
WritebackTmp:          0 kB
CommitLimit:     8679780 kB
Committed_AS:   72722628 kB
VmallocTotal:   263061440 kB
VmallocUsed:      126996 kB
VmallocChunk:          0 kB
Percpu:             6264 kB
CmaTotal:         405504 kB
CmaFree:           55844 kB
MemTotal:        7922396 kB
MemFree:          432012 kB
MemAvailable:    2598432 kB
Buffers:           61536 kB
Cached:          1629232 kB
SwapCached:            4 kB
Active:           949396 kB
Inactive:        3120320 kB
Active(anon):      33916 kB
Inactive(anon):  2369032 kB
Active(file):     915480 kB
Inactive(file):   751288 kB
Unevictable:        6088 kB
Mlocked:            5648 kB
SwapTotal:       4718584 kB
SwapFree:        4700920 kB
Dirty:               428 kB
Writeback:             0 kB
AnonPages:       2385124 kB
Mapped:           868728 kB
Shmem:             19400 kB
KReclaimable:     889924 kB
Slab:             296604 kB
SReclaimable:      72864 kB
SUnreclaim:       223740 kB
KernelStack:       46304 kB
ShadowCallStack:   11600 kB
PageTables:        70092 kB
NFS_Unstable:          0 kB
Bounce:                0 kB
WritebackTmp:          0 kB
CommitLimit:     8679780 kB
Committed_AS:   72722628 kB
VmallocTotal:   263061440 kB
VmallocUsed:      127016 kB
VmallocChunk:          0 kB
Percpu:             6264 kB
CmaTotal:         405504 kB
CmaFree:           55844 kB
MemTotal:        7922396 kB
MemFree:          431208 kB
MemAvailable:    2597628 kB
Buffers:           61536 kB
Cached:          1629232 kB
SwapCached:            4 kB
Active:           949400 kB
Inactive:        3120732 kB
Active(anon):      33920 kB
Inactive(anon):  2369444 kB
Active(file):     915480 kB
Inactive(file):   751288 kB
Unevictable:        6088 kB
Mlocked:            5648 kB
SwapTotal:       4718584 kB
SwapFree:        4700920 kB
Dirty:               428 kB
Writeback:             0 kB
AnonPages:       2385364 kB
Mapped:           868728 kB
Shmem:             19400 kB
KReclaimable:     889924 kB
Slab:             296616 kB
SReclaimable:      72864 kB
SUnreclaim:       223752 kB
KernelStack:       46352 kB
ShadowCallStack:   11604 kB
PageTables:        69908 kB
NFS_Unstable:          0 kB
Bounce:                0 kB
WritebackTmp:          0 kB
CommitLimit:     8679780 kB
Committed_AS:   72722628 kB
VmallocTotal:   263061440 kB
VmallocUsed:      127012 kB
VmallocChunk:          0 kB
Percpu:             6264 kB
CmaTotal:         405504 kB
CmaFree:           55844 kB
MemTotal:        7922396 kB
MemFree:          430496 kB
MemAvailable:    2596916 kB
Buffers:           61544 kB
Cached:          1629224 kB
SwapCached:            4 kB
Active:           949424 kB
Inactive:        3122096 kB
Active(anon):      33916 kB
Inactive(anon):  2370836 kB
Active(file):     915508 kB
Inactive(file):   751260 kB
Unevictable:        6088 kB
Mlocked:            5648 kB
SwapTotal:       4718584 kB
SwapFree:        4700920 kB
Dirty:               432 kB
Writeback:             0 kB
AnonPages:       2387036 kB
Mapped:           868676 kB
Shmem:             19400 kB
KReclaimable:     889924 kB
Slab:             296600 kB
SReclaimable:      72864 kB
SUnreclaim:       223736 kB
KernelStack:       46288 kB
ShadowCallStack:   11604 kB
PageTables:        69948 kB
NFS_Unstable:          0 kB
Bounce:                0 kB
WritebackTmp:          0 kB
CommitLimit:     8679780 kB
Committed_AS:   72722584 kB
VmallocTotal:   263061440 kB
VmallocUsed:      126992 kB
VmallocChunk:          0 kB
Percpu:             6264 kB
CmaTotal:         405504 kB
CmaFree:           55844 kB
MemTotal:        7922396 kB
MemFree:          429580 kB
MemAvailable:    2596008 kB
Buffers:           61544 kB
Cached:          1629236 kB
SwapCached:            4 kB
Active:           949440 kB
Inactive:        3122372 kB
Active(anon):      33920 kB
Inactive(anon):  2371116 kB
Active(file):     915520 kB
Inactive(file):   751256 kB
Unevictable:        6088 kB
Mlocked:            5648 kB
SwapTotal:       4718584 kB
SwapFree:        4700920 kB
Dirty:               440 kB
Writeback:             0 kB
AnonPages:       2387228 kB
Mapped:           868940 kB
Shmem:             19404 kB
KReclaimable:     889924 kB
Slab:             296604 kB
SReclaimable:      72864 kB
SUnreclaim:       223740 kB
KernelStack:       46368 kB
ShadowCallStack:   11600 kB
PageTables:        70088 kB
NFS_Unstable:          0 kB
Bounce:                0 kB
WritebackTmp:          0 kB
CommitLimit:     8679780 kB
Committed_AS:   72722592 kB
VmallocTotal:   263061440 kB
VmallocUsed:      126992 kB
VmallocChunk:          0 kB
Percpu:             6264 kB
CmaTotal:         405504 kB
CmaFree:           55844 kB
MemTotal:        7922396 kB
MemFree:          429468 kB
MemAvailable:    2595904 kB
Buffers:           61552 kB
Cached:          1629244 kB
SwapCached:            4 kB
Active:           949444 kB
Inactive:        3122636 kB
Active(anon):      33916 kB
Inactive(anon):  2371380 kB
Active(file):     915528 kB
Inactive(file):   751256 kB
Unevictable:        6088 kB
Mlocked:            5648 kB
SwapTotal:       4718584 kB
SwapFree:        4700920 kB
Dirty:               440 kB
Writeback:             0 kB
AnonPages:       2387480 kB
Mapped:           868768 kB
Shmem:             19412 kB
KReclaimable:     889924 kB
Slab:             296608 kB
SReclaimable:      72864 kB
SUnreclaim:       223744 kB
KernelStack:       46320 kB
ShadowCallStack:   11604 kB
PageTables:        70016 kB
NFS_Unstable:          0 kB
Bounce:                0 kB
WritebackTmp:          0 kB
CommitLimit:     8679780 kB
Committed_AS:   72722600 kB
VmallocTotal:   263061440 kB
VmallocUsed:      127000 kB
VmallocChunk:          0 kB
Percpu:             6264 kB
CmaTotal:         405504 kB
CmaFree:           55844 kB
MemTotal:        7922396 kB
MemFree:          429180 kB
MemAvailable:    2595616 kB
Buffers:           61552 kB
Cached:          1629244 kB
SwapCached:            4 kB
Active:           949456 kB
Inactive:        3122988 kB
Active(anon):      33916 kB
Inactive(anon):  2371744 kB
Active(file):     915540 kB
Inactive(file):   751244 kB
Unevictable:        6088 kB
Mlocked:            5648 kB
SwapTotal:       4718584 kB
SwapFree:        4700920 kB
Dirty:               452 kB
Writeback:             0 kB
AnonPages:       2387628 kB
Mapped:           868792 kB
Shmem:             19412 kB
KReclaimable:     889924 kB
Slab:             296608 kB
SReclaimable:      72864 kB
SUnreclaim:       223744 kB
KernelStack:       46320 kB
ShadowCallStack:   11588 kB
PageTables:        69860 kB
NFS_Unstable:          0 kB
Bounce:                0 kB
WritebackTmp:          0 kB
CommitLimit:     8679780 kB
Committed_AS:   72722596 kB
VmallocTotal:   263061440 kB
VmallocUsed:      126996 kB
VmallocChunk:          0 kB
Percpu:             6264 kB
CmaTotal:         405504 kB
CmaFree:           55848 kB
MemTotal:        7922396 kB
MemFree:          425776 kB
MemAvailable:    2590980 kB
Buffers:           61560 kB
Cached:          1629252 kB
SwapCached:            4 kB
Active:           949464 kB
Inactive:        3127592 kB
Active(anon):      33916 kB
Inactive(anon):  2376340 kB
Active(file):     915548 kB
Inactive(file):   751252 kB
Unevictable:        6088 kB
Mlocked:            5648 kB
SwapTotal:       4718584 kB
SwapFree:        4700920 kB
Dirty:               480 kB
Writeback:             0 kB
AnonPages:       2392496 kB
Mapped:           869540 kB
Shmem:             19412 kB
KReclaimable:     888676 kB
Slab:             296600 kB
SReclaimable:      72864 kB
SUnreclaim:       223736 kB
KernelStack:       46320 kB
ShadowCallStack:   11600 kB
PageTables:        70000 kB
NFS_Unstable:          0 kB
Bounce:                0 kB
WritebackTmp:          0 kB
CommitLimit:     8679780 kB
Committed_AS:   72739280 kB
VmallocTotal:   263061440 kB
VmallocUsed:      126984 kB
VmallocChunk:          0 kB
Percpu:             6264 kB
CmaTotal:         405504 kB
CmaFree:           56028 kB
MemTotal:        7922396 kB
MemFree:          421664 kB
MemAvailable:    2586104 kB
Buffers:           61568 kB
Cached:          1629248 kB
SwapCached:            4 kB
Active:           949560 kB
Inactive:        3130100 kB
Active(anon):      33916 kB
Inactive(anon):  2378944 kB
Active(file):     915644 kB
Inactive(file):   751156 kB
Unevictable:        6088 kB
Mlocked:            5648 kB
SwapTotal:       4718584 kB
SwapFree:        4700920 kB
Dirty:               492 kB
Writeback:             0 kB
AnonPages:       2394728 kB
Mapped:           869772 kB
Shmem:             19416 kB
KReclaimable:     887912 kB
Slab:             296596 kB
SReclaimable:      72864 kB
SUnreclaim:       223732 kB
KernelStack:       46352 kB
ShadowCallStack:   11608 kB
PageTables:        69956 kB
NFS_Unstable:          0 kB
Bounce:                0 kB
WritebackTmp:          0 kB
CommitLimit:     8679780 kB
Committed_AS:   72755672 kB
VmallocTotal:   263061440 kB
VmallocUsed:      126980 kB
VmallocChunk:          0 kB
Percpu:             6264 kB
CmaTotal:         405504 kB
CmaFree:           56028 kB
MemTotal:        7922396 kB
MemFree:          382620 kB
MemAvailable:    2417908 kB
Buffers:           61568 kB
Cached:          1629316 kB
SwapCached:            4 kB
Active:           951776 kB
Inactive:        3168656 kB
Active(anon):      33912 kB
Inactive(anon):  2419720 kB
Active(file):     917864 kB
Inactive(file):   748936 kB
Unevictable:        6088 kB
Mlocked:            5648 kB
SwapTotal:       4718584 kB
SwapFree:        4700920 kB
Dirty:               496 kB
Writeback:             0 kB
AnonPages:       2435600 kB
Mapped:           870860 kB
Shmem:             19484 kB
KReclaimable:     758760 kB
Slab:             296676 kB
SReclaimable:      72864 kB
SUnreclaim:       223812 kB
KernelStack:       46560 kB
ShadowCallStack:   11664 kB
PageTables:        70260 kB
NFS_Unstable:          0 kB
Bounce:                0 kB
WritebackTmp:          0 kB
CommitLimit:     8679780 kB
Committed_AS:   72756652 kB
VmallocTotal:   263061440 kB
VmallocUsed:      127268 kB
VmallocChunk:          0 kB
Percpu:             6264 kB
CmaTotal:         405504 kB
CmaFree:           43836 kB
MemTotal:        7922396 kB
MemFree:          334200 kB
MemAvailable:    2364248 kB
Buffers:           61592 kB
Cached:          1629428 kB
SwapCached:            4 kB
Active:           951804 kB
Inactive:        3214244 kB
Active(anon):      33916 kB
Inactive(anon):  2465308 kB
Active(file):     917888 kB
Inactive(file):   748936 kB
Unevictable:        6088 kB
Mlocked:            5648 kB
SwapTotal:       4718584 kB
SwapFree:        4700920 kB
Dirty:               500 kB
Writeback:             0 kB
AnonPages:       2481108 kB
Mapped:           871052 kB
Shmem:             19596 kB
KReclaimable:     753496 kB
Slab:             296744 kB
SReclaimable:      72880 kB
SUnreclaim:       223864 kB
KernelStack:       46592 kB
ShadowCallStack:   11672 kB
PageTables:        70096 kB
NFS_Unstable:          0 kB
Bounce:                0 kB
WritebackTmp:          0 kB
CommitLimit:     8679780 kB
Committed_AS:   72756752 kB
VmallocTotal:   263061440 kB
VmallocUsed:      127360 kB
VmallocChunk:          0 kB
Percpu:             6264 kB
CmaTotal:         405504 kB
CmaFree:               0 kB
MemTotal:        7922396 kB
MemFree:          420940 kB
MemAvailable:    2585364 kB
Buffers:           61592 kB
Cached:          1629284 kB
SwapCached:            4 kB
Active:           951800 kB
Inactive:        3126744 kB
Active(anon):      33912 kB
Inactive(anon):  2377808 kB
Active(file):     917888 kB
Inactive(file):   748936 kB
Unevictable:        6088 kB
Mlocked:            5648 kB
SwapTotal:       4718584 kB
SwapFree:        4700920 kB
Dirty:               504 kB
Writeback:             0 kB
AnonPages:       2393996 kB
Mapped:           870640 kB
Shmem:             19452 kB
KReclaimable:     887872 kB
Slab:             296752 kB
SReclaimable:      72880 kB
SUnreclaim:       223872 kB
KernelStack:       46544 kB
ShadowCallStack:   11660 kB
PageTables:        70168 kB
NFS_Unstable:          0 kB
Bounce:                0 kB
WritebackTmp:          0 kB
CommitLimit:     8679780 kB
Committed_AS:   72756376 kB
VmallocTotal:   263061440 kB
VmallocUsed:      127292 kB
VmallocChunk:          0 kB
Percpu:             6264 kB
CmaTotal:         405504 kB
CmaFree:           54104 kB
MemTotal:        7922396 kB
MemFree:          420264 kB
MemAvailable:    2584672 kB
Buffers:           61592 kB
Cached:          1629284 kB
SwapCached:            4 kB
Active:           951804 kB
Inactive:        3127424 kB
Active(anon):      33916 kB
Inactive(anon):  2378488 kB
Active(file):     917888 kB
Inactive(file):   748936 kB
Unevictable:        6088 kB
Mlocked:            5648 kB
SwapTotal:       4718584 kB
SwapFree:        4700920 kB
Dirty:               232 kB
Writeback:             0 kB
AnonPages:       2394512 kB
Mapped:           870576 kB
Shmem:             19452 kB
KReclaimable:     887856 kB
Slab:             296656 kB
SReclaimable:      72880 kB
SUnreclaim:       223776 kB
KernelStack:       46512 kB
ShadowCallStack:   11664 kB
PageTables:        69924 kB
NFS_Unstable:          0 kB
Bounce:                0 kB
WritebackTmp:          0 kB
CommitLimit:     8679780 kB
Committed_AS:   72756372 kB
VmallocTotal:   263061440 kB
VmallocUsed:      127284 kB
VmallocChunk:          0 kB
Percpu:             6264 kB
CmaTotal:         405504 kB
CmaFree:           54104 kB
MemTotal:        7922396 kB
MemFree:          419760 kB
MemAvailable:    2584168 kB
Buffers:           61592 kB
Cached:          1629284 kB
SwapCached:            4 kB
Active:           951828 kB
Inactive:        3127836 kB
Active(anon):      33920 kB
Inactive(anon):  2378920 kB
Active(file):     917908 kB
Inactive(file):   748916 kB
Unevictable:        6088 kB
Mlocked:            5648 kB
SwapTotal:       4718584 kB
SwapFree:        4700920 kB
Dirty:               276 kB
Writeback:             0 kB
AnonPages:       2394852 kB
Mapped:           870772 kB
Shmem:             19452 kB
KReclaimable:     887856 kB
Slab:             296664 kB
SReclaimable:      72880 kB
SUnreclaim:       223784 kB
KernelStack:       46560 kB
ShadowCallStack:   11660 kB
PageTables:        70100 kB
NFS_Unstable:          0 kB
Bounce:                0 kB
WritebackTmp:          0 kB
CommitLimit:     8679780 kB
Committed_AS:   72756372 kB
VmallocTotal:   263061440 kB
VmallocUsed:      127296 kB
VmallocChunk:          0 kB
Percpu:             6264 kB
CmaTotal:         405504 kB
CmaFree:           54104 kB
MemTotal:        7922396 kB
MemFree:          418848 kB
MemAvailable:    2583256 kB
Buffers:           61592 kB
Cached:          1629284 kB
SwapCached:            4 kB
Active:           951824 kB
Inactive:        3128388 kB
Active(anon):      33916 kB
Inactive(anon):  2379472 kB
Active(file):     917908 kB
Inactive(file):   748916 kB
Unevictable:        6088 kB
Mlocked:            5648 kB
SwapTotal:       4718584 kB
SwapFree:        4700920 kB
Dirty:               280 kB
Writeback:             0 kB
AnonPages:       2395440 kB
Mapped:           870596 kB
Shmem:             19452 kB
KReclaimable:     887856 kB
Slab:             296656 kB
SReclaimable:      72880 kB
SUnreclaim:       223776 kB
KernelStack:       46528 kB
ShadowCallStack:   11664 kB
PageTables:        70056 kB
NFS_Unstable:          0 kB
Bounce:                0 kB
WritebackTmp:          0 kB
CommitLimit:     8679780 kB
Committed_AS:   72756372 kB
VmallocTotal:   263061440 kB
VmallocUsed:      127260 kB
VmallocChunk:          0 kB
Percpu:             6264 kB
CmaTotal:         405504 kB
CmaFree:           54104 kB
MemTotal:        7922396 kB
MemFree:          420020 kB
MemAvailable:    2584440 kB
Buffers:           61600 kB
Cached:          1629292 kB
SwapCached:            4 kB
Active:           951832 kB
Inactive:        3128744 kB
Active(anon):      33916 kB
Inactive(anon):  2379824 kB
Active(file):     917916 kB
Inactive(file):   748920 kB
Unevictable:        6088 kB
Mlocked:            5648 kB
SwapTotal:       4718584 kB
SwapFree:        4700920 kB
Dirty:               284 kB
Writeback:             0 kB
AnonPages:       2395792 kB
Mapped:           870752 kB
Shmem:             19456 kB
KReclaimable:     887856 kB
Slab:             296676 kB
SReclaimable:      72880 kB
SUnreclaim:       223796 kB
KernelStack:       46544 kB
ShadowCallStack:   11660 kB
PageTables:        70020 kB
NFS_Unstable:          0 kB
Bounce:                0 kB
WritebackTmp:          0 kB
CommitLimit:     8679780 kB
Committed_AS:   72756376 kB
VmallocTotal:   263061440 kB
VmallocUsed:      127272 kB
VmallocChunk:          0 kB
Percpu:             6264 kB
CmaTotal:         405504 kB
CmaFree:           54104 kB
MemTotal:        7922396 kB
MemFree:          418480 kB
MemAvailable:    2582900 kB
Buffers:           61600 kB
Cached:          1629292 kB
SwapCached:            4 kB
Active:           951832 kB
Inactive:        3129140 kB
Active(anon):      33916 kB
Inactive(anon):  2380220 kB
Active(file):     917916 kB
Inactive(file):   748920 kB
Unevictable:        6088 kB
Mlocked:            5648 kB
SwapTotal:       4718584 kB
SwapFree:        4700920 kB
Dirty:               288 kB
Writeback:             0 kB
AnonPages:       2396120 kB
Mapped:           870584 kB
Shmem:             19456 kB
KReclaimable:     887856 kB
Slab:             296636 kB
SReclaimable:      72880 kB
SUnreclaim:       223756 kB
KernelStack:       46560 kB
ShadowCallStack:   11652 kB
PageTables:        70020 kB
NFS_Unstable:          0 kB
Bounce:                0 kB
WritebackTmp:          0 kB
CommitLimit:     8679780 kB
Committed_AS:   72756380 kB
VmallocTotal:   263061440 kB
VmallocUsed:      127272 kB
VmallocChunk:          0 kB
Percpu:             6264 kB
CmaTotal:         405504 kB
CmaFree:           54316 kB
MemTotal:        7922396 kB
MemFree:          421384 kB
MemAvailable:    2585804 kB
Buffers:           61600 kB
Cached:          1629292 kB
SwapCached:            4 kB
Active:           951836 kB
Inactive:        3126224 kB
Active(anon):      33920 kB
Inactive(anon):  2377304 kB
Active(file):     917916 kB
Inactive(file):   748920 kB
Unevictable:        6088 kB
Mlocked:            5648 kB
SwapTotal:       4718584 kB
SwapFree:        4700920 kB
Dirty:               120 kB
Writeback:             0 kB
AnonPages:       2393252 kB
Mapped:           870876 kB
Shmem:             19456 kB
KReclaimable:     887856 kB
Slab:             296676 kB
SReclaimable:      72880 kB
SUnreclaim:       223796 kB
KernelStack:       46592 kB
ShadowCallStack:   11660 kB
PageTables:        70204 kB
NFS_Unstable:          0 kB
Bounce:                0 kB
WritebackTmp:          0 kB
CommitLimit:     8679780 kB
Committed_AS:   72756380 kB
VmallocTotal:   263061440 kB
VmallocUsed:      127276 kB
VmallocChunk:          0 kB
Percpu:             6264 kB
CmaTotal:         405504 kB
CmaFree:           54300 kB
MemTotal:        7922396 kB
MemFree:          421800 kB
MemAvailable:    2586224 kB
Buffers:           61608 kB
Cached:          1629288 kB
SwapCached:            4 kB
Active:           951824 kB
Inactive:        3126288 kB
Active(anon):      33912 kB
Inactive(anon):  2377360 kB
Active(file):     917912 kB
Inactive(file):   748928 kB
Unevictable:        6088 kB
Mlocked:            5648 kB
SwapTotal:       4718584 kB
SwapFree:        4700920 kB
Dirty:               140 kB
Writeback:             0 kB
AnonPages:       2393332 kB
Mapped:           870584 kB
Shmem:             19456 kB
KReclaimable:     887856 kB
Slab:             296680 kB
SReclaimable:      72880 kB
SUnreclaim:       223800 kB
KernelStack:       46448 kB
ShadowCallStack:   11640 kB
PageTables:        70076 kB
NFS_Unstable:          0 kB
Bounce:                0 kB
WritebackTmp:          0 kB
CommitLimit:     8679780 kB
Committed_AS:   72756168 kB
VmallocTotal:   263061440 kB
VmallocUsed:      127180 kB
VmallocChunk:          0 kB
Percpu:             6264 kB
CmaTotal:         405504 kB
CmaFree:           54316 kB
MemTotal:        7922396 kB
MemFree:          422104 kB
MemAvailable:    2586532 kB
Buffers:           61608 kB
Cached:          1629292 kB
SwapCached:            4 kB
Active:           951808 kB
Inactive:        3126304 kB
Active(anon):      33892 kB
Inactive(anon):  2377376 kB
Active(file):     917916 kB
Inactive(file):   748928 kB
Unevictable:        6088 kB
Mlocked:            5648 kB
SwapTotal:       4718584 kB
SwapFree:        4700920 kB
Dirty:               144 kB
Writeback:             0 kB
AnonPages:       2393332 kB
Mapped:           870592 kB
Shmem:             19456 kB
KReclaimable:     887856 kB
Slab:             296660 kB
SReclaimable:      72880 kB
SUnreclaim:       223780 kB
KernelStack:       46384 kB
ShadowCallStack:   11620 kB
PageTables:        69880 kB
NFS_Unstable:          0 kB
Bounce:                0 kB
WritebackTmp:          0 kB
CommitLimit:     8679780 kB
Committed_AS:   72755856 kB
VmallocTotal:   263061440 kB
VmallocUsed:      127056 kB
VmallocChunk:          0 kB
Percpu:             6264 kB
CmaTotal:         405504 kB
CmaFree:           54316 kB
MemTotal:        7922396 kB
MemFree:          421904 kB
MemAvailable:    2586356 kB
Buffers:           61648 kB
Cached:          1629280 kB
SwapCached:            4 kB
Active:           951856 kB
Inactive:        3127660 kB
Active(anon):      33900 kB
Inactive(anon):  2378748 kB
Active(file):     917956 kB
Inactive(file):   748912 kB
Unevictable:        6088 kB
Mlocked:            5648 kB
SwapTotal:       4718584 kB
SwapFree:        4700920 kB
Dirty:               244 kB
Writeback:             0 kB
AnonPages:       2394696 kB
Mapped:           870596 kB
Shmem:             19460 kB
KReclaimable:     887856 kB
Slab:             296664 kB
SReclaimable:      72880 kB
SUnreclaim:       223784 kB
KernelStack:       46416 kB
ShadowCallStack:   11620 kB
PageTables:        70136 kB
NFS_Unstable:          0 kB
Bounce:                0 kB
WritebackTmp:          0 kB
CommitLimit:     8679780 kB
Committed_AS:   72755868 kB
VmallocTotal:   263061440 kB
VmallocUsed:      127076 kB
VmallocChunk:          0 kB
Percpu:             6264 kB
CmaTotal:         405504 kB
CmaFree:           54316 kB
MemTotal:        7922396 kB
MemFree:          420712 kB
MemAvailable:    2585180 kB
Buffers:           61648 kB
Cached:          1629296 kB
SwapCached:            4 kB
Active:           951856 kB
Inactive:        3128404 kB
Active(anon):      33900 kB
Inactive(anon):  2379476 kB
Active(file):     917956 kB
Inactive(file):   748928 kB
Unevictable:        6088 kB
Mlocked:            5648 kB
SwapTotal:       4718584 kB
SwapFree:        4700920 kB
Dirty:               248 kB
Writeback:             0 kB
AnonPages:       2395424 kB
Mapped:           870584 kB
Shmem:             19460 kB
KReclaimable:     887856 kB
Slab:             296668 kB
SReclaimable:      72880 kB
SUnreclaim:       223788 kB
KernelStack:       46384 kB
ShadowCallStack:   11608 kB
PageTables:        69960 kB
NFS_Unstable:          0 kB
Bounce:                0 kB
WritebackTmp:          0 kB
CommitLimit:     8679780 kB
Committed_AS:   72755868 kB
VmallocTotal:   263061440 kB
VmallocUsed:      127072 kB
VmallocChunk:          0 kB
Percpu:             6264 kB
CmaTotal:         405504 kB
CmaFree:           54316 kB
MemTotal:        7922396 kB
MemFree:          419768 kB
MemAvailable:    2584236 kB
Buffers:           61648 kB
Cached:          1629296 kB
SwapCached:            4 kB
Active:           951848 kB
Inactive:        3128692 kB
Active(anon):      33892 kB
Inactive(anon):  2379764 kB
Active(file):     917956 kB
Inactive(file):   748928 kB
Unevictable:        6088 kB
Mlocked:            5648 kB
SwapTotal:       4718584 kB
SwapFree:        4700920 kB
Dirty:               236 kB
Writeback:             0 kB
AnonPages:       2395752 kB
Mapped:           870584 kB
Shmem:             19460 kB
KReclaimable:     887856 kB
Slab:             296712 kB
SReclaimable:      72880 kB
SUnreclaim:       223832 kB
KernelStack:       46416 kB
ShadowCallStack:   11620 kB
PageTables:        70028 kB
NFS_Unstable:          0 kB
Bounce:                0 kB
WritebackTmp:          0 kB
CommitLimit:     8679780 kB
Committed_AS:   72755868 kB
VmallocTotal:   263061440 kB
VmallocUsed:      127072 kB
VmallocChunk:          0 kB
Percpu:             6264 kB
CmaTotal:         405504 kB
CmaFree:           54316 kB
MemTotal:        7922396 kB
MemFree:          420144 kB
MemAvailable:    2584612 kB
Buffers:           61648 kB
Cached:          1629296 kB
SwapCached:            4 kB
Active:           951852 kB
Inactive:        3128700 kB
Active(anon):      33896 kB
Inactive(anon):  2379772 kB
Active(file):     917956 kB
Inactive(file):   748928 kB
Unevictable:        6088 kB
Mlocked:            5648 kB
SwapTotal:       4718584 kB
SwapFree:        4700920 kB
Dirty:               224 kB
Writeback:            52 kB
AnonPages:       2395796 kB
Mapped:           870584 kB
Shmem:             19460 kB
KReclaimable:     887856 kB
Slab:             296708 kB
SReclaimable:      72880 kB
SUnreclaim:       223828 kB
KernelStack:       46368 kB
ShadowCallStack:   11616 kB
PageTables:        69984 kB
NFS_Unstable:          0 kB
Bounce:                0 kB
WritebackTmp:          0 kB
CommitLimit:     8679780 kB
Committed_AS:   72755816 kB
VmallocTotal:   263061440 kB
VmallocUsed:      126988 kB
VmallocChunk:          0 kB
Percpu:             6264 kB
CmaTotal:         405504 kB
CmaFree:           54316 kB
MemTotal:        7922396 kB
MemFree:          421860 kB
MemAvailable:    2586328 kB
Buffers:           61648 kB
Cached:          1629296 kB
SwapCached:            4 kB
Active:           951844 kB
Inactive:        3128744 kB
Active(anon):      33888 kB
Inactive(anon):  2379816 kB
Active(file):     917956 kB
Inactive(file):   748928 kB
Unevictable:        6088 kB
Mlocked:            5648 kB
SwapTotal:       4718584 kB
SwapFree:        4700920 kB
Dirty:               260 kB
Writeback:             0 kB
AnonPages:       2395720 kB
Mapped:           870584 kB
Shmem:             19460 kB
KReclaimable:     887856 kB
Slab:             296708 kB
SReclaimable:      72880 kB
SUnreclaim:       223828 kB
KernelStack:       46272 kB
ShadowCallStack:   11580 kB
PageTables:        69964 kB
NFS_Unstable:          0 kB
Bounce:                0 kB
WritebackTmp:          0 kB
CommitLimit:     8679780 kB
Committed_AS:   72755504 kB
VmallocTotal:   263061440 kB
VmallocUsed:      126916 kB
VmallocChunk:          0 kB
Percpu:             6264 kB
CmaTotal:         405504 kB
CmaFree:           54316 kB
MemTotal:        7922396 kB
MemFree:          420400 kB
MemAvailable:    2584868 kB
Buffers:           61648 kB
Cached:          1629296 kB
SwapCached:            4 kB
Active:           951840 kB
Inactive:        3128968 kB
Active(anon):      33884 kB
Inactive(anon):  2380040 kB
Active(file):     917956 kB
Inactive(file):   748928 kB
Unevictable:        6088 kB
Mlocked:            5648 kB
SwapTotal:       4718584 kB
SwapFree:        4700920 kB
Dirty:               264 kB
Writeback:             0 kB
AnonPages:       2396164 kB
Mapped:           870688 kB
Shmem:             19460 kB
KReclaimable:     887856 kB
Slab:             296708 kB
SReclaimable:      72880 kB
SUnreclaim:       223828 kB
KernelStack:       46224 kB
ShadowCallStack:   11600 kB
PageTables:        69976 kB
NFS_Unstable:          0 kB
Bounce:                0 kB
WritebackTmp:          0 kB
CommitLimit:     8679780 kB
Committed_AS:   72755452 kB
VmallocTotal:   263061440 kB
VmallocUsed:      126916 kB
VmallocChunk:          0 kB
Percpu:             6264 kB
CmaTotal:         405504 kB
CmaFree:           54316 kB
MemTotal:        7922396 kB
MemFree:          420576 kB
MemAvailable:    2585052 kB
Buffers:           61656 kB
Cached:          1629296 kB
SwapCached:            4 kB
Active:           951848 kB
Inactive:        3129516 kB
Active(anon):      33884 kB
Inactive(anon):  2380588 kB
Active(file):     917964 kB
Inactive(file):   748928 kB
Unevictable:        6088 kB
Mlocked:            5648 kB
SwapTotal:       4718584 kB
SwapFree:        4700920 kB
Dirty:               284 kB
Writeback:             0 kB
AnonPages:       2396540 kB
Mapped:           870584 kB
Shmem:             19460 kB
KReclaimable:     887856 kB
Slab:             296696 kB
SReclaimable:      72880 kB
SUnreclaim:       223816 kB
KernelStack:       46256 kB
ShadowCallStack:   11592 kB
PageTables:        70056 kB
NFS_Unstable:          0 kB
Bounce:                0 kB
WritebackTmp:          0 kB
CommitLimit:     8679780 kB
Committed_AS:   72755452 kB
VmallocTotal:   263061440 kB
VmallocUsed:      126912 kB
VmallocChunk:          0 kB
Percpu:             6264 kB
CmaTotal:         405504 kB
CmaFree:           54316 kB
MemTotal:        7922396 kB
MemFree:          421164 kB
MemAvailable:    2585640 kB
Buffers:           61656 kB
Cached:          1629296 kB
SwapCached:            4 kB
Active:           951840 kB
Inactive:        3129948 kB
Active(anon):      33876 kB
Inactive(anon):  2381020 kB
Active(file):     917964 kB
Inactive(file):   748928 kB
Unevictable:        6088 kB
Mlocked:            5648 kB
SwapTotal:       4718584 kB
SwapFree:        4700920 kB
Dirty:               284 kB
Writeback:             0 kB
AnonPages:       2397008 kB
Mapped:           870664 kB
Shmem:             19460 kB
KReclaimable:     887856 kB
Slab:             296712 kB
SReclaimable:      72880 kB
SUnreclaim:       223832 kB
KernelStack:       46192 kB
ShadowCallStack:   11584 kB
PageTables:        70032 kB
NFS_Unstable:          0 kB
Bounce:                0 kB
WritebackTmp:          0 kB
CommitLimit:     8679780 kB
Committed_AS:   72755348 kB
VmallocTotal:   263061440 kB
VmallocUsed:      126872 kB
VmallocChunk:          0 kB
Percpu:             6264 kB
CmaTotal:         405504 kB
CmaFree:           54316 kB
MemTotal:        7922396 kB
MemFree:          420740 kB
MemAvailable:    2585216 kB
Buffers:           61656 kB
Cached:          1629296 kB
SwapCached:            4 kB
Active:           951848 kB
Inactive:        3130588 kB
Active(anon):      33884 kB
Inactive(anon):  2381660 kB
Active(file):     917964 kB
Inactive(file):   748928 kB
Unevictable:        6088 kB
Mlocked:            5648 kB
SwapTotal:       4718584 kB
SwapFree:        4700920 kB
Dirty:               284 kB
Writeback:             0 kB
AnonPages:       2397588 kB
Mapped:           870584 kB
Shmem:             19460 kB
KReclaimable:     887856 kB
Slab:             296684 kB
SReclaimable:      72880 kB
SUnreclaim:       223804 kB
KernelStack:       46224 kB
ShadowCallStack:   11580 kB
PageTables:        70004 kB
NFS_Unstable:          0 kB
Bounce:                0 kB
WritebackTmp:          0 kB
CommitLimit:     8679780 kB
Committed_AS:   72755348 kB
VmallocTotal:   263061440 kB
VmallocUsed:      126884 kB
VmallocChunk:          0 kB
Percpu:             6264 kB
CmaTotal:         405504 kB
CmaFree:           54316 kB
MemTotal:        7922396 kB
MemFree:          420332 kB
MemAvailable:    2584808 kB
Buffers:           61656 kB
Cached:          1629296 kB
SwapCached:            4 kB
Active:           951848 kB
Inactive:        3130884 kB
Active(anon):      33884 kB
Inactive(anon):  2381956 kB
Active(file):     917964 kB
Inactive(file):   748928 kB
Unevictable:        6088 kB
Mlocked:            5648 kB
SwapTotal:       4718584 kB
SwapFree:        4700920 kB
Dirty:               284 kB
Writeback:             0 kB
AnonPages:       2397900 kB
Mapped:           870616 kB
Shmem:             19460 kB
KReclaimable:     887856 kB
Slab:             296680 kB
SReclaimable:      72880 kB
SUnreclaim:       223800 kB
KernelStack:       46224 kB
ShadowCallStack:   11580 kB
PageTables:        70036 kB
NFS_Unstable:          0 kB
Bounce:                0 kB
WritebackTmp:          0 kB
CommitLimit:     8679780 kB
Committed_AS:   72755348 kB
VmallocTotal:   263061440 kB
VmallocUsed:      126876 kB
VmallocChunk:          0 kB
Percpu:             6264 kB
CmaTotal:         405504 kB
CmaFree:           54316 kB
MemTotal:        7922396 kB
MemFree:          420076 kB
MemAvailable:    2584552 kB
Buffers:           61656 kB
Cached:          1629296 kB
SwapCached:            4 kB
Active:           951864 kB
Inactive:        3131348 kB
Active(anon):      33880 kB
Inactive(anon):  2382440 kB
Active(file):     917984 kB
Inactive(file):   748908 kB
Unevictable:        6088 kB
Mlocked:            5648 kB
SwapTotal:       4718584 kB
SwapFree:        4700920 kB
Dirty:               284 kB
Writeback:             0 kB
AnonPages:       2398304 kB
Mapped:           870584 kB
Shmem:             19460 kB
KReclaimable:     887856 kB
Slab:             296684 kB
SReclaimable:      72880 kB
SUnreclaim:       223804 kB
KernelStack:       46192 kB
ShadowCallStack:   11576 kB
PageTables:        70100 kB
NFS_Unstable:          0 kB
Bounce:                0 kB
WritebackTmp:          0 kB
CommitLimit:     8679780 kB
Committed_AS:   72755348 kB
VmallocTotal:   263061440 kB
VmallocUsed:      126856 kB
VmallocChunk:          0 kB
Percpu:             6264 kB
CmaTotal:         405504 kB
CmaFree:           54316 kB
MemTotal:        7922396 kB
MemFree:          333364 kB
MemAvailable:    2363472 kB
Buffers:           61672 kB
Cached:          1629448 kB
SwapCached:            4 kB
Active:           951892 kB
Inactive:        3220784 kB
Active(anon):      33892 kB
Inactive(anon):  2471876 kB
Active(file):     918000 kB
Inactive(file):   748908 kB
Unevictable:        6088 kB
Mlocked:            5648 kB
SwapTotal:       4718584 kB
SwapFree:        4700920 kB
Dirty:               284 kB
Writeback:             0 kB
AnonPages:       2487848 kB
Mapped:           871224 kB
Shmem:             19612 kB
KReclaimable:     753472 kB
Slab:             296780 kB
SReclaimable:      72880 kB
SUnreclaim:       223900 kB
KernelStack:       46352 kB
ShadowCallStack:   11608 kB
PageTables:        70056 kB
NFS_Unstable:          0 kB
Bounce:                0 kB
WritebackTmp:          0 kB
CommitLimit:     8679780 kB
Committed_AS:   72755740 kB
VmallocTotal:   263061440 kB
VmallocUsed:      126964 kB
VmallocChunk:          0 kB
Percpu:             6264 kB
CmaTotal:         405504 kB
CmaFree:               0 kB
MemTotal:        7922396 kB
MemFree:          418944 kB
MemAvailable:    2583436 kB
Buffers:           61672 kB
Cached:          1629308 kB
SwapCached:            4 kB
Active:           951880 kB
Inactive:        3132972 kB
Active(anon):      33880 kB
Inactive(anon):  2384064 kB
Active(file):     918000 kB
Inactive(file):   748908 kB
Unevictable:        6088 kB
Mlocked:            5648 kB
SwapTotal:       4718584 kB
SwapFree:        4700920 kB
Dirty:               284 kB
Writeback:             0 kB
AnonPages:       2400052 kB
Mapped:           870768 kB
Shmem:             19472 kB
KReclaimable:     887856 kB
Slab:             296736 kB
SReclaimable:      72880 kB
SUnreclaim:       223856 kB
KernelStack:       46208 kB
ShadowCallStack:   11580 kB
PageTables:        70112 kB
NFS_Unstable:          0 kB
Bounce:                0 kB
WritebackTmp:          0 kB
CommitLimit:     8679780 kB
Committed_AS:   72755364 kB
VmallocTotal:   263061440 kB
VmallocUsed:      126896 kB
VmallocChunk:          0 kB
Percpu:             6264 kB
CmaTotal:         405504 kB
CmaFree:           54252 kB
MemTotal:        7922396 kB
MemFree:          418064 kB
MemAvailable:    2582568 kB
Buffers:           61680 kB
Cached:          1629312 kB
SwapCached:            4 kB
Active:           951884 kB
Inactive:        3133400 kB
Active(anon):      33876 kB
Inactive(anon):  2384488 kB
Active(file):     918008 kB
Inactive(file):   748912 kB
Unevictable:        6088 kB
Mlocked:            5648 kB
SwapTotal:       4718584 kB
SwapFree:        4700920 kB
Dirty:               340 kB
Writeback:             0 kB
AnonPages:       2400360 kB
Mapped:           870540 kB
Shmem:             19472 kB
KReclaimable:     887856 kB
Slab:             296728 kB
SReclaimable:      72880 kB
SUnreclaim:       223848 kB
KernelStack:       46224 kB
ShadowCallStack:   11580 kB
PageTables:        69908 kB
NFS_Unstable:          0 kB
Bounce:                0 kB
WritebackTmp:          0 kB
CommitLimit:     8679780 kB
Committed_AS:   72755360 kB
VmallocTotal:   263061440 kB
VmallocUsed:      126876 kB
VmallocChunk:          0 kB
Percpu:             6264 kB
CmaTotal:         405504 kB
CmaFree:           54252 kB
MemTotal:        7922396 kB
MemFree:          419136 kB
MemAvailable:    2583640 kB
Buffers:           61680 kB
Cached:          1629312 kB
SwapCached:            4 kB
Active:           951892 kB
Inactive:        3133724 kB
Active(anon):      33884 kB
Inactive(anon):  2384812 kB
Active(file):     918008 kB
Inactive(file):   748912 kB
Unevictable:        6088 kB
Mlocked:            5648 kB
SwapTotal:       4718584 kB
SwapFree:        4700920 kB
Dirty:               340 kB
Writeback:             0 kB
AnonPages:       2400692 kB
Mapped:           870764 kB
Shmem:             19472 kB
KReclaimable:     887856 kB
Slab:             296712 kB
SReclaimable:      72880 kB
SUnreclaim:       223832 kB
KernelStack:       46208 kB
ShadowCallStack:   11584 kB
PageTables:        70060 kB
NFS_Unstable:          0 kB
Bounce:                0 kB
WritebackTmp:          0 kB
CommitLimit:     8679780 kB
Committed_AS:   72755360 kB
VmallocTotal:   263061440 kB
VmallocUsed:      126876 kB
VmallocChunk:          0 kB
Percpu:             6264 kB
CmaTotal:         405504 kB
CmaFree:           54252 kB
MemTotal:        7922396 kB
MemFree:          417384 kB
MemAvailable:    2581888 kB
Buffers:           61680 kB
Cached:          1629312 kB
SwapCached:            4 kB
Active:           951888 kB
Inactive:        3133784 kB
Active(anon):      33880 kB
Inactive(anon):  2384872 kB
Active(file):     918008 kB
Inactive(file):   748912 kB
Unevictable:        6088 kB
Mlocked:            5648 kB
SwapTotal:       4718584 kB
SwapFree:        4700920 kB
Dirty:               340 kB
Writeback:             0 kB
AnonPages:       2400752 kB
Mapped:           870668 kB
Shmem:             19472 kB
KReclaimable:     887856 kB
Slab:             296708 kB
SReclaimable:      72880 kB
SUnreclaim:       223828 kB
KernelStack:       46208 kB
ShadowCallStack:   11576 kB
PageTables:        70092 kB
NFS_Unstable:          0 kB
Bounce:                0 kB
WritebackTmp:          0 kB
CommitLimit:     8679780 kB
Committed_AS:   72755360 kB
VmallocTotal:   263061440 kB
VmallocUsed:      126868 kB
VmallocChunk:          0 kB
Percpu:             6264 kB
CmaTotal:         405504 kB
CmaFree:           54252 kB
MemTotal:        7922396 kB
MemFree:          417212 kB
MemAvailable:    2581724 kB
Buffers:           61688 kB
Cached:          1629312 kB
SwapCached:            4 kB
Active:           951896 kB
Inactive:        3134108 kB
Active(anon):      33880 kB
Inactive(anon):  2385196 kB
Active(file):     918016 kB
Inactive(file):   748912 kB
Unevictable:        6088 kB
Mlocked:            5648 kB
SwapTotal:       4718584 kB
SwapFree:        4700920 kB
Dirty:               340 kB
Writeback:             0 kB
AnonPages:       2401264 kB
Mapped:           870832 kB
Shmem:             19472 kB
KReclaimable:     887856 kB
Slab:             296704 kB
SReclaimable:      72880 kB
SUnreclaim:       223824 kB
KernelStack:       46224 kB
ShadowCallStack:   11580 kB
PageTables:        70140 kB
NFS_Unstable:          0 kB
Bounce:                0 kB
WritebackTmp:          0 kB
CommitLimit:     8679780 kB
Committed_AS:   72755360 kB
VmallocTotal:   263061440 kB
VmallocUsed:      126872 kB
VmallocChunk:          0 kB
Percpu:             6264 kB
CmaTotal:         405504 kB
CmaFree:           54252 kB
MemTotal:        7922396 kB
MemFree:          416060 kB
MemAvailable:    2580572 kB
Buffers:           61688 kB
Cached:          1629312 kB
SwapCached:            4 kB
Active:           951904 kB
Inactive:        3134536 kB
Active(anon):      33888 kB
Inactive(anon):  2385624 kB
Active(file):     918016 kB
Inactive(file):   748912 kB
Unevictable:        6088 kB
Mlocked:            5648 kB
SwapTotal:       4718584 kB
SwapFree:        4700920 kB
Dirty:               340 kB
Writeback:             0 kB
AnonPages:       2401392 kB
Mapped:           870828 kB
Shmem:             19472 kB
KReclaimable:     887856 kB
Slab:             296716 kB
SReclaimable:      72880 kB
SUnreclaim:       223836 kB
KernelStack:       46224 kB
ShadowCallStack:   11572 kB
PageTables:        70044 kB
NFS_Unstable:          0 kB
Bounce:                0 kB
WritebackTmp:          0 kB
CommitLimit:     8679780 kB
Committed_AS:   72755360 kB
VmallocTotal:   263061440 kB
VmallocUsed:      126836 kB
VmallocChunk:          0 kB
Percpu:             6264 kB
CmaTotal:         405504 kB
CmaFree:           54252 kB
MemTotal:        7922396 kB
MemFree:          416804 kB
MemAvailable:    2581316 kB
Buffers:           61688 kB
Cached:          1629312 kB
SwapCached:            4 kB
Active:           951900 kB
Inactive:        3134476 kB
Active(anon):      33884 kB
Inactive(anon):  2385564 kB
Active(file):     918016 kB
Inactive(file):   748912 kB
Unevictable:        6088 kB
Mlocked:            5648 kB
SwapTotal:       4718584 kB
SwapFree:        4700920 kB
Dirty:               340 kB
Writeback:             0 kB
AnonPages:       2401668 kB
Mapped:           870800 kB
Shmem:             19472 kB
KReclaimable:     887856 kB
Slab:             296732 kB
SReclaimable:      72880 kB
SUnreclaim:       223852 kB
KernelStack:       46176 kB
ShadowCallStack:   11572 kB
PageTables:        69888 kB
NFS_Unstable:          0 kB
Bounce:                0 kB
WritebackTmp:          0 kB
CommitLimit:     8679780 kB
Committed_AS:   72755360 kB
VmallocTotal:   263061440 kB
VmallocUsed:      126836 kB
VmallocChunk:          0 kB
Percpu:             6264 kB
CmaTotal:         405504 kB
CmaFree:           54252 kB
MemTotal:        7922396 kB
MemFree:          416232 kB
MemAvailable:    2580744 kB
Buffers:           61688 kB
Cached:          1629312 kB
SwapCached:            4 kB
Active:           951904 kB
Inactive:        3134948 kB
Active(anon):      33888 kB
Inactive(anon):  2386036 kB
Active(file):     918016 kB
Inactive(file):   748912 kB
Unevictable:        6088 kB
Mlocked:            5648 kB
SwapTotal:       4718584 kB
SwapFree:        4700920 kB
Dirty:               344 kB
Writeback:             0 kB
AnonPages:       2401924 kB
Mapped:           870660 kB
Shmem:             19472 kB
KReclaimable:     887856 kB
Slab:             296704 kB
SReclaimable:      72880 kB
SUnreclaim:       223824 kB
KernelStack:       46240 kB
ShadowCallStack:   11576 kB
PageTables:        70104 kB
NFS_Unstable:          0 kB
Bounce:                0 kB
WritebackTmp:          0 kB
CommitLimit:     8679780 kB
Committed_AS:   72755360 kB
VmallocTotal:   263061440 kB
VmallocUsed:      126852 kB
VmallocChunk:          0 kB
Percpu:             6264 kB
CmaTotal:         405504 kB
CmaFree:           54252 kB
MemTotal:        7922396 kB
MemFree:          416392 kB
MemAvailable:    2580904 kB
Buffers:           61688 kB
Cached:          1629312 kB
SwapCached:            4 kB
Active:           951896 kB
Inactive:        3135288 kB
Active(anon):      33880 kB
Inactive(anon):  2386376 kB
Active(file):     918016 kB
Inactive(file):   748912 kB
Unevictable:        6088 kB
Mlocked:            5648 kB
SwapTotal:       4718584 kB
SwapFree:        4700920 kB
Dirty:               348 kB
Writeback:             0 kB
AnonPages:       2402264 kB
Mapped:           870660 kB
Shmem:             19472 kB
KReclaimable:     887856 kB
Slab:             296704 kB
SReclaimable:      72880 kB
SUnreclaim:       223824 kB
KernelStack:       46176 kB
ShadowCallStack:   11576 kB
PageTables:        69996 kB
NFS_Unstable:          0 kB
Bounce:                0 kB
WritebackTmp:          0 kB
CommitLimit:     8679780 kB
Committed_AS:   72755364 kB
VmallocTotal:   263061440 kB
VmallocUsed:      126856 kB
VmallocChunk:          0 kB
Percpu:             6264 kB
CmaTotal:         405504 kB
CmaFree:           54252 kB
MemTotal:        7922396 kB
MemFree:          415036 kB
MemAvailable:    2579444 kB
Buffers:           61712 kB
Cached:          1629332 kB
SwapCached:            4 kB
Active:           951920 kB
Inactive:        3136428 kB
Active(anon):      33880 kB
Inactive(anon):  2387516 kB
Active(file):     918040 kB
Inactive(file):   748912 kB
Unevictable:        6088 kB
Mlocked:            5648 kB
SwapTotal:       4718584 kB
SwapFree:        4700920 kB
Dirty:               348 kB
Writeback:             0 kB
AnonPages:       2403424 kB
Mapped:           870948 kB
Shmem:             19492 kB
KReclaimable:     887728 kB
Slab:             296696 kB
SReclaimable:      72880 kB
SUnreclaim:       223816 kB
KernelStack:       46208 kB
ShadowCallStack:   11576 kB
PageTables:        70204 kB
NFS_Unstable:          0 kB
Bounce:                0 kB
WritebackTmp:          0 kB
CommitLimit:     8679780 kB
Committed_AS:   72755380 kB
VmallocTotal:   263061440 kB
VmallocUsed:      126836 kB
VmallocChunk:          0 kB
Percpu:             6264 kB
CmaTotal:         405504 kB
CmaFree:           54252 kB
MemTotal:        7922396 kB
MemFree:          414212 kB
MemAvailable:    2578620 kB
Buffers:           61712 kB
Cached:          1629332 kB
SwapCached:            4 kB
Active:           951924 kB
Inactive:        3136416 kB
Active(anon):      33884 kB
Inactive(anon):  2387504 kB
Active(file):     918040 kB
Inactive(file):   748912 kB
Unevictable:        6088 kB
Mlocked:            5648 kB
SwapTotal:       4718584 kB
SwapFree:        4700920 kB
Dirty:               352 kB
Writeback:             0 kB
AnonPages:       2403416 kB
Mapped:           870852 kB
Shmem:             19492 kB
KReclaimable:     887728 kB
Slab:             296700 kB
SReclaimable:      72880 kB
SUnreclaim:       223820 kB
KernelStack:       46192 kB
ShadowCallStack:   11568 kB
PageTables:        70144 kB
NFS_Unstable:          0 kB
Bounce:                0 kB
WritebackTmp:          0 kB
CommitLimit:     8679780 kB
Committed_AS:   72755380 kB
VmallocTotal:   263061440 kB
VmallocUsed:      126860 kB
VmallocChunk:          0 kB
Percpu:             6264 kB
CmaTotal:         405504 kB
CmaFree:           54236 kB
MemTotal:        7922396 kB
MemFree:          415324 kB
MemAvailable:    2579732 kB
Buffers:           61712 kB
Cached:          1629332 kB
SwapCached:            4 kB
Active:           951924 kB
Inactive:        3136768 kB
Active(anon):      33884 kB
Inactive(anon):  2387856 kB
Active(file):     918040 kB
Inactive(file):   748912 kB
Unevictable:        6088 kB
Mlocked:            5648 kB
SwapTotal:       4718584 kB
SwapFree:        4700920 kB
Dirty:               204 kB
Writeback:             0 kB
AnonPages:       2403752 kB
Mapped:           870920 kB
Shmem:             19492 kB
KReclaimable:     887728 kB
Slab:             296716 kB
SReclaimable:      72880 kB
SUnreclaim:       223836 kB
KernelStack:       46208 kB
ShadowCallStack:   11584 kB
PageTables:        69960 kB
NFS_Unstable:          0 kB
Bounce:                0 kB
WritebackTmp:          0 kB
CommitLimit:     8679780 kB
Committed_AS:   72755380 kB
VmallocTotal:   263061440 kB
VmallocUsed:      126840 kB
VmallocChunk:          0 kB
Percpu:             6264 kB
CmaTotal:         405504 kB
CmaFree:           54252 kB
MemTotal:        7922396 kB
MemFree:          414492 kB
MemAvailable:    2578900 kB
Buffers:           61712 kB
Cached:          1629332 kB
SwapCached:            4 kB
Active:           951920 kB
Inactive:        3137184 kB
Active(anon):      33880 kB
Inactive(anon):  2388272 kB
Active(file):     918040 kB
Inactive(file):   748912 kB
Unevictable:        6088 kB
Mlocked:            5648 kB
SwapTotal:       4718584 kB
SwapFree:        4700920 kB
Dirty:               208 kB
Writeback:             0 kB
AnonPages:       2404124 kB
Mapped:           870924 kB
Shmem:             19492 kB
KReclaimable:     887728 kB
Slab:             296724 kB
SReclaimable:      72880 kB
SUnreclaim:       223844 kB
KernelStack:       46192 kB
ShadowCallStack:   11572 kB
PageTables:        70028 kB
NFS_Unstable:          0 kB
Bounce:                0 kB
WritebackTmp:          0 kB
CommitLimit:     8679780 kB
Committed_AS:   72755380 kB
VmallocTotal:   263061440 kB
VmallocUsed:      126848 kB
VmallocChunk:          0 kB
Percpu:             6264 kB
CmaTotal:         405504 kB
CmaFree:           54252 kB
MemTotal:        7922396 kB
MemFree:          415424 kB
MemAvailable:    2579832 kB
Buffers:           61712 kB
Cached:          1629332 kB
SwapCached:            4 kB
Active:           951920 kB
Inactive:        3137272 kB
Active(anon):      33880 kB
Inactive(anon):  2388360 kB
Active(file):     918040 kB
Inactive(file):   748912 kB
Unevictable:        6088 kB
Mlocked:            5648 kB
SwapTotal:       4718584 kB
SwapFree:        4700920 kB
Dirty:               208 kB
Writeback:             0 kB
AnonPages:       2404232 kB
Mapped:           870752 kB
Shmem:             19492 kB
KReclaimable:     887728 kB
Slab:             296728 kB
SReclaimable:      72880 kB
SUnreclaim:       223848 kB
KernelStack:       46192 kB
ShadowCallStack:   11572 kB
PageTables:        70144 kB
NFS_Unstable:          0 kB
Bounce:                0 kB
WritebackTmp:          0 kB
CommitLimit:     8679780 kB
Committed_AS:   72755380 kB
VmallocTotal:   263061440 kB
VmallocUsed:      126836 kB
VmallocChunk:          0 kB
Percpu:             6264 kB
CmaTotal:         405504 kB
CmaFree:           54252 kB
MemTotal:        7922396 kB
MemFree:          412852 kB
MemAvailable:    2577260 kB
Buffers:           61712 kB
Cached:          1629336 kB
SwapCached:            4 kB
Active:           951924 kB
Inactive:        3139152 kB
Active(anon):      33884 kB
Inactive(anon):  2390240 kB
Active(file):     918040 kB
Inactive(file):   748912 kB
Unevictable:        6088 kB
Mlocked:            5648 kB
SwapTotal:       4718584 kB
SwapFree:        4700920 kB
Dirty:               220 kB
Writeback:             0 kB
AnonPages:       2406404 kB
Mapped:           870824 kB
Shmem:             19496 kB
KReclaimable:     887728 kB
Slab:             296740 kB
SReclaimable:      72880 kB
SUnreclaim:       223860 kB
KernelStack:       46240 kB
ShadowCallStack:   11580 kB
PageTables:        70004 kB
NFS_Unstable:          0 kB
Bounce:                0 kB
WritebackTmp:          0 kB
CommitLimit:     8679780 kB
Committed_AS:   72755544 kB
VmallocTotal:   263061440 kB
VmallocUsed:      126896 kB
VmallocChunk:          0 kB
Percpu:             6264 kB
CmaTotal:         405504 kB
CmaFree:           54252 kB
MemTotal:        7922396 kB
MemFree:          413028 kB
MemAvailable:    2577444 kB
Buffers:           61720 kB
Cached:          1629336 kB
SwapCached:            4 kB
Active:           951928 kB
Inactive:        3138332 kB
Active(anon):      33880 kB
Inactive(anon):  2389420 kB
Active(file):     918048 kB
Inactive(file):   748912 kB
Unevictable:        6088 kB
Mlocked:            5648 kB
SwapTotal:       4718584 kB
SwapFree:        4700920 kB
Dirty:               244 kB
Writeback:             0 kB
AnonPages:       2405344 kB
