MemTotal:        5980404 kB
MemFree:         1818712 kB
MemAvailable:    3252328 kB
Buffers:            4556 kB
Cached:          1540628 kB
SwapCached:            0 kB
Active:          1273064 kB
Inactive:        1388340 kB
Active(anon):    1122776 kB
Inactive(anon):    17164 kB
Active(file):     150288 kB
Inactive(file):  1371176 kB
Unevictable:        5712 kB
Mlocked:            5712 kB
SwapTotal:       3670008 kB
SwapFree:        3670008 kB
Dirty:             37340 kB
Writeback:             0 kB
AnonPages:       1122072 kB
Mapped:           825336 kB
Shmem:             18976 kB
KReclaimable:     474584 kB
Slab:             218012 kB
SReclaimable:      64368 kB
SUnreclaim:       153644 kB
KernelStack:       46356 kB
PageTables:        59828 kB
NFS_Unstable:          0 kB
Bounce:                0 kB
WritebackTmp:          0 kB
CommitLimit:     6660208 kB
Committed_AS:   72928572 kB
VmallocTotal:   263061440 kB
VmallocUsed:       86768 kB
VmallocChunk:          0 kB
Percpu:             7616 kB
CmaTotal:         315392 kB
CmaFree:               0 kB
MemTotal:        5980404 kB
MemFree:         1683632 kB
MemAvailable:    3200932 kB
Buffers:            4560 kB
Cached:          1624376 kB
SwapCached:            0 kB
Active:          1325464 kB
Inactive:        1471368 kB
Active(anon):    1174444 kB
Inactive(anon):    17088 kB
Active(file):     151020 kB
Inactive(file):  1454280 kB
Unevictable:        5712 kB
Mlocked:            5712 kB
SwapTotal:       3670008 kB
SwapFree:        3670008 kB
Dirty:             37428 kB
Writeback:             0 kB
AnonPages:       1173668 kB
Mapped:           881544 kB
Shmem:             18908 kB
KReclaimable:     474432 kB
Slab:             218908 kB
SReclaimable:      64916 kB
SUnreclaim:       153992 kB
KernelStack:       46416 kB
PageTables:        60256 kB
NFS_Unstable:          0 kB
Bounce:                0 kB
WritebackTmp:          0 kB
CommitLimit:     6660208 kB
Committed_AS:   73037120 kB
VmallocTotal:   263061440 kB
VmallocUsed:       86816 kB
VmallocChunk:          0 kB
Percpu:             7616 kB
CmaTotal:         315392 kB
CmaFree:               0 kB
MemTotal:        5980404 kB
MemFree:         1607176 kB
MemAvailable:    3197200 kB
Buffers:            4560 kB
Cached:          1670784 kB
SwapCached:            0 kB
Active:          1343984 kB
Inactive:        1516928 kB
Active(anon):    1192064 kB
Inactive(anon):    17148 kB
Active(file):     151920 kB
Inactive(file):  1499780 kB
Unevictable:        5712 kB
Mlocked:            5712 kB
SwapTotal:       3670008 kB
SwapFree:        3670008 kB
Dirty:             37436 kB
Writeback:             0 kB
AnonPages:       1191156 kB
Mapped:           908928 kB
Shmem:             18968 kB
KReclaimable:     500756 kB
Slab:             219348 kB
SReclaimable:      65148 kB
SUnreclaim:       154200 kB
KernelStack:       47088 kB
PageTables:        60720 kB
NFS_Unstable:          0 kB
Bounce:                0 kB
WritebackTmp:          0 kB
CommitLimit:     6660208 kB
Committed_AS:   73143392 kB
VmallocTotal:   263061440 kB
VmallocUsed:       87440 kB
VmallocChunk:          0 kB
Percpu:             7616 kB
CmaTotal:         315392 kB
CmaFree:             276 kB
MemTotal:        5980404 kB
MemFree:         1641448 kB
MemAvailable:    3229072 kB
Buffers:            4560 kB
Cached:          1686436 kB
SwapCached:            0 kB
Active:          1300160 kB
Inactive:        1523192 kB
Active(anon):    1138720 kB
Inactive(anon):    16536 kB
Active(file):     161440 kB
Inactive(file):  1506656 kB
Unevictable:        5712 kB
Mlocked:            5712 kB
SwapTotal:       3670008 kB
SwapFree:        3670008 kB
Dirty:             37648 kB
Writeback:             0 kB
AnonPages:       1137844 kB
Mapped:           899948 kB
Shmem:             18340 kB
KReclaimable:     481960 kB
Slab:             219924 kB
SReclaimable:      65432 kB
SUnreclaim:       154492 kB
KernelStack:       46204 kB
PageTables:        60076 kB
NFS_Unstable:          0 kB
Bounce:                0 kB
WritebackTmp:          0 kB
CommitLimit:     6660208 kB
Committed_AS:   71781940 kB
VmallocTotal:   263061440 kB
VmallocUsed:       86560 kB
VmallocChunk:          0 kB
Percpu:             7616 kB
CmaTotal:         315392 kB
CmaFree:              20 kB
MemTotal:        5980404 kB
MemFree:         1574144 kB
MemAvailable:    3187996 kB
Buffers:            4560 kB
Cached:          1697000 kB
SwapCached:            0 kB
Active:          1359956 kB
Inactive:        1533580 kB
Active(anon):    1198472 kB
Inactive(anon):    17228 kB
Active(file):     161484 kB
Inactive(file):  1516352 kB
Unevictable:        5712 kB
Mlocked:            5712 kB
SwapTotal:       3670008 kB
SwapFree:        3670008 kB
Dirty:             37904 kB
Writeback:             0 kB
AnonPages:       1197592 kB
Mapped:           921724 kB
Shmem:             19048 kB
KReclaimable:     498448 kB
Slab:             219692 kB
SReclaimable:      65448 kB
SUnreclaim:       154244 kB
KernelStack:       46400 kB
PageTables:        60032 kB
NFS_Unstable:          0 kB
Bounce:                0 kB
WritebackTmp:          0 kB
CommitLimit:     6660208 kB
Committed_AS:   71828400 kB
VmallocTotal:   263061440 kB
VmallocUsed:       86744 kB
VmallocChunk:          0 kB
Percpu:             7616 kB
CmaTotal:         315392 kB
CmaFree:               0 kB
MemTotal:        5980404 kB
MemFree:         1445624 kB
MemAvailable:    2963740 kB
Buffers:            4560 kB
Cached:          1702476 kB
SwapCached:            0 kB
Active:          1411876 kB
Inactive:        1538300 kB
Active(anon):    1249644 kB
Inactive(anon):    17276 kB
Active(file):     162232 kB
Inactive(file):  1521024 kB
Unevictable:        5712 kB
Mlocked:            5712 kB
SwapTotal:       3670008 kB
SwapFree:        3670008 kB
Dirty:             37928 kB
Writeback:             0 kB
AnonPages:       1248928 kB
Mapped:           914336 kB
Shmem:             19120 kB
KReclaimable:     397292 kB
Slab:             219740 kB
SReclaimable:      65464 kB
SUnreclaim:       154276 kB
KernelStack:       46368 kB
PageTables:        60256 kB
NFS_Unstable:          0 kB
Bounce:                0 kB
WritebackTmp:          0 kB
CommitLimit:     6660208 kB
Committed_AS:   71885904 kB
VmallocTotal:   263061440 kB
VmallocUsed:       86744 kB
VmallocChunk:          0 kB
Percpu:             7616 kB
CmaTotal:         315392 kB
CmaFree:              32 kB
MemTotal:        5980404 kB
MemFree:          854132 kB
MemAvailable:    2400452 kB
Buffers:            4560 kB
Cached:          1731912 kB
SwapCached:            0 kB
Active:          1782876 kB
Inactive:        1563744 kB
Active(anon):    1616568 kB
Inactive(anon):    17280 kB
Active(file):     166308 kB
Inactive(file):  1546464 kB
Unevictable:        5712 kB
Mlocked:            5712 kB
SwapTotal:       3670008 kB
SwapFree:        3670008 kB
Dirty:             37948 kB
Writeback:             0 kB
AnonPages:       1615652 kB
Mapped:           924788 kB
Shmem:             19124 kB
KReclaimable:     395980 kB
Slab:             219956 kB
SReclaimable:      65568 kB
SUnreclaim:       154388 kB
KernelStack:       46448 kB
PageTables:        61136 kB
NFS_Unstable:          0 kB
Bounce:                0 kB
WritebackTmp:          0 kB
CommitLimit:     6660208 kB
Committed_AS:   72265388 kB
VmallocTotal:   263061440 kB
VmallocUsed:       86744 kB
VmallocChunk:          0 kB
Percpu:             7616 kB
CmaTotal:         315392 kB
CmaFree:               0 kB
MemTotal:        5980404 kB
MemFree:          713684 kB
MemAvailable:    2263776 kB
Buffers:            4560 kB
Cached:          1735984 kB
SwapCached:            0 kB
Active:          1895264 kB
Inactive:        1567712 kB
Active(anon):    1728952 kB
Inactive(anon):    17280 kB
Active(file):     166312 kB
Inactive(file):  1550432 kB
Unevictable:        5712 kB
Mlocked:            5712 kB
SwapTotal:       3670008 kB
SwapFree:        3670008 kB
Dirty:             37956 kB
Writeback:             0 kB
AnonPages:       1728184 kB
Mapped:           931368 kB
Shmem:             19124 kB
KReclaimable:     395780 kB
Slab:             219932 kB
SReclaimable:      65568 kB
SUnreclaim:       154364 kB
KernelStack:       46400 kB
PageTables:        61372 kB
NFS_Unstable:          0 kB
Bounce:                0 kB
WritebackTmp:          0 kB
CommitLimit:     6660208 kB
Committed_AS:   72398276 kB
VmallocTotal:   263061440 kB
VmallocUsed:       86792 kB
VmallocChunk:          0 kB
Percpu:             7616 kB
CmaTotal:         315392 kB
CmaFree:               0 kB
MemTotal:        5980404 kB
MemFree:          648952 kB
MemAvailable:    2226328 kB
Buffers:            4560 kB
Cached:          1762492 kB
SwapCached:            0 kB
Active:          1937328 kB
Inactive:        1591112 kB
Active(anon):    1768188 kB
Inactive(anon):    16252 kB
Active(file):     169140 kB
Inactive(file):  1574860 kB
Unevictable:        5712 kB
Mlocked:            5712 kB
SwapTotal:       3670008 kB
SwapFree:        3670008 kB
Dirty:             37968 kB
Writeback:             0 kB
AnonPages:       1767348 kB
Mapped:           959408 kB
Shmem:             18096 kB
KReclaimable:     395808 kB
Slab:             219988 kB
SReclaimable:      65616 kB
SUnreclaim:       154372 kB
KernelStack:       46336 kB
PageTables:        61676 kB
NFS_Unstable:          0 kB
Bounce:                0 kB
WritebackTmp:          0 kB
CommitLimit:     6660208 kB
Committed_AS:   72544432 kB
VmallocTotal:   263061440 kB
VmallocUsed:       86728 kB
VmallocChunk:          0 kB
Percpu:             7616 kB
CmaTotal:         315392 kB
CmaFree:              24 kB
MemTotal:        5980404 kB
MemFree:          646892 kB
MemAvailable:    2265112 kB
Buffers:            4560 kB
Cached:          1764000 kB
SwapCached:            0 kB
Active:          1882604 kB
Inactive:        1592728 kB
Active(anon):    1713172 kB
Inactive(anon):    16232 kB
Active(file):     169432 kB
Inactive(file):  1576496 kB
Unevictable:        5712 kB
Mlocked:            5712 kB
SwapTotal:       3670008 kB
SwapFree:        3670008 kB
Dirty:             38000 kB
Writeback:             0 kB
AnonPages:       1712484 kB
Mapped:           962892 kB
Shmem:             18076 kB
KReclaimable:     434724 kB
Slab:             220036 kB
SReclaimable:      65632 kB
SUnreclaim:       154404 kB
KernelStack:       46352 kB
PageTables:        61828 kB
NFS_Unstable:          0 kB
Bounce:                0 kB
WritebackTmp:          0 kB
CommitLimit:     6660208 kB
Committed_AS:   72576980 kB
VmallocTotal:   263061440 kB
VmallocUsed:       86728 kB
VmallocChunk:          0 kB
Percpu:             7616 kB
CmaTotal:         315392 kB
CmaFree:               0 kB
MemTotal:        5980404 kB
MemFree:          542436 kB
MemAvailable:    2167892 kB
Buffers:            4560 kB
Cached:          1777684 kB
SwapCached:            0 kB
Active:          1974456 kB
Inactive:        1605800 kB
Active(anon):    1804628 kB
Inactive(anon):    16240 kB
Active(file):     169828 kB
Inactive(file):  1589560 kB
Unevictable:        5712 kB
Mlocked:            5712 kB
SwapTotal:       3670008 kB
SwapFree:        3670008 kB
Dirty:             38044 kB
Writeback:             0 kB
AnonPages:       1803792 kB
Mapped:           978912 kB
Shmem:             18084 kB
KReclaimable:     428500 kB
Slab:             220072 kB
SReclaimable:      65652 kB
SUnreclaim:       154420 kB
KernelStack:       46448 kB
PageTables:        61948 kB
NFS_Unstable:          0 kB
Bounce:                0 kB
WritebackTmp:          0 kB
CommitLimit:     6660208 kB
Committed_AS:   72668212 kB
VmallocTotal:   263061440 kB
VmallocUsed:       86872 kB
VmallocChunk:          0 kB
Percpu:             7616 kB
CmaTotal:         315392 kB
CmaFree:               0 kB
MemTotal:        5980404 kB
MemFree:          535532 kB
MemAvailable:    2159232 kB
Buffers:            4560 kB
Cached:          1779012 kB
SwapCached:            0 kB
Active:          1981256 kB
Inactive:        1606360 kB
Active(anon):    1810564 kB
Inactive(anon):    16244 kB
Active(file):     170692 kB
Inactive(file):  1590116 kB
Unevictable:        5712 kB
Mlocked:            5712 kB
SwapTotal:       3670008 kB
SwapFree:        3670008 kB
Dirty:             38052 kB
Writeback:             0 kB
AnonPages:       1809924 kB
Mapped:           939372 kB
Shmem:             18088 kB
KReclaimable:     425324 kB
Slab:             220092 kB
SReclaimable:      65676 kB
SUnreclaim:       154416 kB
KernelStack:       46492 kB
PageTables:        61580 kB
NFS_Unstable:          0 kB
Bounce:                0 kB
WritebackTmp:          0 kB
CommitLimit:     6660208 kB
Committed_AS:   72668072 kB
VmallocTotal:   263061440 kB
VmallocUsed:       86904 kB
VmallocChunk:          0 kB
Percpu:             7616 kB
CmaTotal:         315392 kB
CmaFree:               0 kB
MemTotal:        5980404 kB
MemFree:          520148 kB
MemAvailable:    2147380 kB
Buffers:            4560 kB
Cached:          1783996 kB
SwapCached:            0 kB
Active:          1990704 kB
Inactive:        1611300 kB
Active(anon):    1819968 kB
Inactive(anon):    16260 kB
Active(file):     170736 kB
Inactive(file):  1595040 kB
Unevictable:        5712 kB
Mlocked:            5712 kB
SwapTotal:       3670008 kB
SwapFree:        3670008 kB
Dirty:             38080 kB
Writeback:             4 kB
AnonPages:       1819344 kB
Mapped:           945320 kB
Shmem:             18104 kB
KReclaimable:     423888 kB
Slab:             220188 kB
SReclaimable:      65764 kB
SUnreclaim:       154424 kB
KernelStack:       46916 kB
PageTables:        61792 kB
NFS_Unstable:          0 kB
Bounce:                0 kB
WritebackTmp:          0 kB
CommitLimit:     6660208 kB
Committed_AS:   72699728 kB
VmallocTotal:   263061440 kB
VmallocUsed:       87272 kB
VmallocChunk:          0 kB
Percpu:             7616 kB
CmaTotal:         315392 kB
CmaFree:              28 kB
MemTotal:        5980404 kB
MemFree:          516936 kB
MemAvailable:    2144028 kB
Buffers:            4560 kB
Cached:          1784040 kB
SwapCached:            0 kB
Active:          1992932 kB
Inactive:        1611296 kB
Active(anon):    1822148 kB
Inactive(anon):    16292 kB
Active(file):     170784 kB
Inactive(file):  1595004 kB
Unevictable:        5712 kB
Mlocked:            5712 kB
SwapTotal:       3670008 kB
SwapFree:        3670008 kB
Dirty:             38124 kB
Writeback:             0 kB
AnonPages:       1821484 kB
Mapped:           947292 kB
Shmem:             18136 kB
KReclaimable:     423736 kB
Slab:             220252 kB
SReclaimable:      65812 kB
SUnreclaim:       154440 kB
KernelStack:       46936 kB
PageTables:        62024 kB
NFS_Unstable:          0 kB
Bounce:                0 kB
WritebackTmp:          0 kB
CommitLimit:     6660208 kB
Committed_AS:   72700964 kB
VmallocTotal:   263061440 kB
VmallocUsed:       87352 kB
VmallocChunk:          0 kB
Percpu:             7616 kB
CmaTotal:         315392 kB
CmaFree:               0 kB
MemTotal:        5980404 kB
MemFree:          515736 kB
MemAvailable:    2142832 kB
Buffers:            4560 kB
Cached:          1784044 kB
SwapCached:            0 kB
Active:          1994832 kB
Inactive:        1611300 kB
Active(anon):    1824048 kB
Inactive(anon):    16292 kB
Active(file):     170784 kB
Inactive(file):  1595008 kB
Unevictable:        5712 kB
Mlocked:            5712 kB
SwapTotal:       3670008 kB
SwapFree:        3670008 kB
Dirty:             38172 kB
Writeback:             0 kB
AnonPages:       1822832 kB
Mapped:           947380 kB
Shmem:             18136 kB
KReclaimable:     423736 kB
Slab:             220252 kB
SReclaimable:      65812 kB
SUnreclaim:       154440 kB
KernelStack:       46960 kB
PageTables:        61880 kB
NFS_Unstable:          0 kB
Bounce:                0 kB
WritebackTmp:          0 kB
CommitLimit:     6660208 kB
Committed_AS:   72700432 kB
VmallocTotal:   263061440 kB
VmallocUsed:       87288 kB
VmallocChunk:          0 kB
Percpu:             7616 kB
CmaTotal:         315392 kB
CmaFree:               8 kB
MemTotal:        5980404 kB
MemFree:          518004 kB
MemAvailable:    2146644 kB
Buffers:            4560 kB
Cached:          1785632 kB
SwapCached:            0 kB
Active:          1990740 kB
Inactive:        1612880 kB
Active(anon):    1819948 kB
Inactive(anon):    16304 kB
Active(file):     170792 kB
Inactive(file):  1596576 kB
Unevictable:        5712 kB
Mlocked:            5712 kB
SwapTotal:       3670008 kB
SwapFree:        3670008 kB
Dirty:             38188 kB
Writeback:             0 kB
AnonPages:       1819132 kB
Mapped:           950100 kB
Shmem:             18148 kB
KReclaimable:     423704 kB
Slab:             220252 kB
SReclaimable:      65812 kB
SUnreclaim:       154440 kB
KernelStack:       47052 kB
PageTables:        61836 kB
NFS_Unstable:          0 kB
Bounce:                0 kB
WritebackTmp:          0 kB
CommitLimit:     6660208 kB
Committed_AS:   72700224 kB
VmallocTotal:   263061440 kB
VmallocUsed:       87416 kB
VmallocChunk:          0 kB
Percpu:             7616 kB
CmaTotal:         315392 kB
CmaFree:               0 kB
MemTotal:        5980404 kB
MemFree:          512000 kB
MemAvailable:    2141212 kB
Buffers:            4564 kB
Cached:          1786312 kB
SwapCached:            0 kB
Active:          1994916 kB
Inactive:        1613272 kB
Active(anon):    1823944 kB
Inactive(anon):    16304 kB
Active(file):     170972 kB
Inactive(file):  1596968 kB
Unevictable:        5712 kB
Mlocked:            5712 kB
SwapTotal:       3670008 kB
SwapFree:        3670008 kB
Dirty:               416 kB
Writeback:             0 kB
AnonPages:       1823372 kB
Mapped:           951008 kB
Shmem:             18148 kB
KReclaimable:     423704 kB
Slab:             220292 kB
SReclaimable:      65812 kB
SUnreclaim:       154480 kB
KernelStack:       46944 kB
PageTables:        61896 kB
NFS_Unstable:          0 kB
Bounce:                0 kB
WritebackTmp:          0 kB
CommitLimit:     6660208 kB
Committed_AS:   72701128 kB
VmallocTotal:   263061440 kB
VmallocUsed:       87320 kB
VmallocChunk:          0 kB
Percpu:             7616 kB
CmaTotal:         315392 kB
CmaFree:               0 kB
MemTotal:        5980404 kB
MemFree:          490764 kB
MemAvailable:    2133344 kB
Buffers:            4564 kB
Cached:          1799692 kB
SwapCached:            0 kB
Active:          2003448 kB
Inactive:        1626176 kB
Active(anon):    1832020 kB
Inactive(anon):    16328 kB
Active(file):     171428 kB
Inactive(file):  1609848 kB
Unevictable:        5712 kB
Mlocked:            5712 kB
SwapTotal:       3670008 kB
SwapFree:        3670008 kB
Dirty:               492 kB
Writeback:             0 kB
AnonPages:       1831172 kB
Mapped:           956628 kB
Shmem:             18172 kB
KReclaimable:     423736 kB
Slab:             220324 kB
SReclaimable:      65844 kB
SUnreclaim:       154480 kB
KernelStack:       46956 kB
PageTables:        61924 kB
NFS_Unstable:          0 kB
Bounce:                0 kB
WritebackTmp:          0 kB
CommitLimit:     6660208 kB
Committed_AS:   72708648 kB
VmallocTotal:   263061440 kB
VmallocUsed:       87384 kB
VmallocChunk:          0 kB
Percpu:             7616 kB
CmaTotal:         315392 kB
CmaFree:               0 kB
MemTotal:        5980404 kB
MemFree:          452996 kB
MemAvailable:    2101576 kB
Buffers:            4564 kB
Cached:          1805748 kB
SwapCached:            0 kB
Active:          2038324 kB
Inactive:        1629976 kB
Active(anon):    1864728 kB
Inactive(anon):    16328 kB
Active(file):     173596 kB
Inactive(file):  1613648 kB
Unevictable:        5712 kB
Mlocked:            5712 kB
SwapTotal:       3670008 kB
SwapFree:        3670008 kB
Dirty:               492 kB
Writeback:             0 kB
AnonPages:       1864248 kB
Mapped:           960224 kB
Shmem:             18172 kB
KReclaimable:     423768 kB
Slab:             220356 kB
SReclaimable:      65876 kB
SUnreclaim:       154480 kB
KernelStack:       47140 kB
PageTables:        61900 kB
NFS_Unstable:          0 kB
Bounce:                0 kB
WritebackTmp:          0 kB
CommitLimit:     6660208 kB
Committed_AS:   72749380 kB
VmallocTotal:   263061440 kB
VmallocUsed:       87512 kB
VmallocChunk:          0 kB
Percpu:             7616 kB
CmaTotal:         315392 kB
CmaFree:               0 kB
MemTotal:        5980404 kB
MemFree:          355596 kB
MemAvailable:    2004468 kB
Buffers:            4564 kB
Cached:          1805836 kB
SwapCached:            0 kB
Active:          2134404 kB
Inactive:        1630092 kB
Active(anon):    1960616 kB
Inactive(anon):    16344 kB
Active(file):     173788 kB
Inactive(file):  1613748 kB
Unevictable:        5712 kB
Mlocked:            5712 kB
SwapTotal:       3670008 kB
SwapFree:        3670008 kB
Dirty:               524 kB
Writeback:             0 kB
AnonPages:       1959728 kB
Mapped:           960556 kB
Shmem:             18188 kB
KReclaimable:     423768 kB
Slab:             220356 kB
SReclaimable:      65876 kB
SUnreclaim:       154480 kB
KernelStack:       47164 kB
PageTables:        62224 kB
NFS_Unstable:          0 kB
Bounce:                0 kB
WritebackTmp:          0 kB
CommitLimit:     6660208 kB
Committed_AS:   72893244 kB
VmallocTotal:   263061440 kB
VmallocUsed:       87560 kB
VmallocChunk:          0 kB
Percpu:             7616 kB
CmaTotal:         315392 kB
CmaFree:               0 kB
MemTotal:        5980404 kB
MemFree:          316612 kB
MemAvailable:    1965996 kB
Buffers:            4564 kB
Cached:          1807276 kB
SwapCached:            0 kB
Active:          2172356 kB
Inactive:        1631532 kB
Active(anon):    1998568 kB
Inactive(anon):    16344 kB
Active(file):     173788 kB
Inactive(file):  1615188 kB
Unevictable:        5712 kB
Mlocked:            5712 kB
SwapTotal:       3670008 kB
SwapFree:        3670008 kB
Dirty:               528 kB
Writeback:             0 kB
AnonPages:       1998004 kB
Mapped:           961512 kB
Shmem:             18188 kB
KReclaimable:     422840 kB
Slab:             220364 kB
SReclaimable:      65876 kB
SUnreclaim:       154488 kB
KernelStack:       47180 kB
PageTables:        62264 kB
NFS_Unstable:          0 kB
Bounce:                0 kB
WritebackTmp:          0 kB
CommitLimit:     6660208 kB
Committed_AS:   72934708 kB
VmallocTotal:   263061440 kB
VmallocUsed:       87624 kB
VmallocChunk:          0 kB
Percpu:             7616 kB
CmaTotal:         315392 kB
CmaFree:               0 kB
MemTotal:        5980404 kB
MemFree:          314796 kB
MemAvailable:    1964436 kB
Buffers:            4564 kB
Cached:          1807372 kB
SwapCached:            0 kB
Active:          2173640 kB
Inactive:        1631492 kB
Active(anon):    1999716 kB
Inactive(anon):    16344 kB
Active(file):     173924 kB
Inactive(file):  1615148 kB
Unevictable:        5712 kB
Mlocked:            5712 kB
SwapTotal:       3670008 kB
SwapFree:        3670008 kB
Dirty:               536 kB
Writeback:             0 kB
AnonPages:       1998976 kB
Mapped:           961620 kB
Shmem:             18188 kB
KReclaimable:     423000 kB
Slab:             220440 kB
SReclaimable:      65924 kB
SUnreclaim:       154516 kB
KernelStack:       47136 kB
PageTables:        62444 kB
NFS_Unstable:          0 kB
Bounce:                0 kB
WritebackTmp:          0 kB
CommitLimit:     6660208 kB
Committed_AS:   72932184 kB
VmallocTotal:   263061440 kB
VmallocUsed:       87560 kB
VmallocChunk:          0 kB
Percpu:             7616 kB
CmaTotal:         315392 kB
CmaFree:               0 kB
MemTotal:        5980404 kB
MemFree:          295984 kB
MemAvailable:    1942728 kB
Buffers:            4564 kB
Cached:          1807420 kB
SwapCached:            0 kB
Active:          2194672 kB
Inactive:        1631528 kB
Active(anon):    2020736 kB
Inactive(anon):    16344 kB
Active(file):     173936 kB
Inactive(file):  1615184 kB
Unevictable:        5712 kB
Mlocked:            5712 kB
SwapTotal:       3670008 kB
SwapFree:        3670008 kB
Dirty:               476 kB
Writeback:           108 kB
AnonPages:       2019964 kB
Mapped:           961908 kB
Shmem:             18188 kB
KReclaimable:     420056 kB
Slab:             220472 kB
SReclaimable:      65956 kB
SUnreclaim:       154516 kB
KernelStack:       47176 kB
PageTables:        62720 kB
NFS_Unstable:          0 kB
Bounce:                0 kB
WritebackTmp:          0 kB
CommitLimit:     6660208 kB
Committed_AS:   72958848 kB
VmallocTotal:   263061440 kB
VmallocUsed:       87592 kB
VmallocChunk:          0 kB
Percpu:             7616 kB
CmaTotal:         315392 kB
CmaFree:               0 kB
MemTotal:        5980404 kB
MemFree:          284564 kB
MemAvailable:    1927384 kB
Buffers:            4564 kB
Cached:          1808208 kB
SwapCached:            0 kB
Active:          2206104 kB
Inactive:        1631048 kB
Active(anon):    2030896 kB
Inactive(anon):    16348 kB
Active(file):     175208 kB
Inactive(file):  1614700 kB
Unevictable:        5712 kB
Mlocked:            5712 kB
SwapTotal:       3670008 kB
SwapFree:        3670008 kB
Dirty:               572 kB
Writeback:             0 kB
AnonPages:       2030320 kB
Mapped:           961092 kB
Shmem:             18188 kB
KReclaimable:     415344 kB
Slab:             220476 kB
SReclaimable:      65960 kB
SUnreclaim:       154516 kB
KernelStack:       47208 kB
PageTables:        62808 kB
NFS_Unstable:          0 kB
Bounce:                0 kB
WritebackTmp:          0 kB
CommitLimit:     6660208 kB
Committed_AS:   72987720 kB
VmallocTotal:   263061440 kB
VmallocUsed:       87608 kB
VmallocChunk:          0 kB
Percpu:             7616 kB
CmaTotal:         315392 kB
CmaFree:               0 kB
MemTotal:        5980404 kB
MemFree:          265444 kB
MemAvailable:    1802932 kB
Buffers:            4564 kB
Cached:          1805584 kB
SwapCached:            0 kB
Active:          2277032 kB
Inactive:        1596632 kB
Active(anon):    2065568 kB
Inactive(anon):    21044 kB
Active(file):     211464 kB
Inactive(file):  1575588 kB
Unevictable:        5712 kB
Mlocked:            5712 kB
SwapTotal:       3670008 kB
SwapFree:        3670008 kB
Dirty:               588 kB
Writeback:             0 kB
AnonPages:       2069104 kB
Mapped:           954908 kB
Shmem:             18196 kB
KReclaimable:     298620 kB
Slab:             202368 kB
SReclaimable:      48044 kB
SUnreclaim:       154324 kB
KernelStack:       47136 kB
PageTables:        62588 kB
NFS_Unstable:          0 kB
Bounce:                0 kB
WritebackTmp:          0 kB
CommitLimit:     6660208 kB
Committed_AS:   72992916 kB
VmallocTotal:   263061440 kB
VmallocUsed:       87608 kB
VmallocChunk:          0 kB
Percpu:             7616 kB
CmaTotal:         315392 kB
CmaFree:               0 kB
MemTotal:        5980404 kB
MemFree:          221692 kB
MemAvailable:    1761292 kB
Buffers:            4564 kB
Cached:          1807576 kB
SwapCached:            0 kB
Active:          2318720 kB
Inactive:        1596396 kB
Active(anon):    2104940 kB
Inactive(anon):    20924 kB
Active(file):     213780 kB
Inactive(file):  1575472 kB
Unevictable:        5712 kB
Mlocked:            5712 kB
SwapTotal:       3670008 kB
SwapFree:        3670008 kB
Dirty:               596 kB
Writeback:             0 kB
AnonPages:       2108552 kB
Mapped:           955256 kB
Shmem:             18212 kB
KReclaimable:     298448 kB
Slab:             202132 kB
SReclaimable:      47876 kB
SUnreclaim:       154256 kB
KernelStack:       47104 kB
PageTables:        62708 kB
NFS_Unstable:          0 kB
Bounce:                0 kB
WritebackTmp:          0 kB
CommitLimit:     6660208 kB
Committed_AS:   73014060 kB
VmallocTotal:   263061440 kB
VmallocUsed:       87592 kB
VmallocChunk:          0 kB
Percpu:             7616 kB
CmaTotal:         315392 kB
CmaFree:               0 kB
MemTotal:        5980404 kB
MemFree:          183856 kB
MemAvailable:    1740144 kB
Buffers:            4564 kB
Cached:          1824260 kB
SwapCached:            0 kB
Active:          2322872 kB
Inactive:        1609464 kB
Active(anon):    2105476 kB
Inactive(anon):    20936 kB
Active(file):     217396 kB
Inactive(file):  1588528 kB
Unevictable:        5712 kB
Mlocked:            5712 kB
SwapTotal:       3670008 kB
SwapFree:        3670008 kB
Dirty:               636 kB
Writeback:             0 kB
AnonPages:       2109316 kB
Mapped:           961016 kB
Shmem:             18224 kB
KReclaimable:     298480 kB
Slab:             202180 kB
SReclaimable:      47908 kB
SUnreclaim:       154272 kB
KernelStack:       47120 kB
PageTables:        62868 kB
NFS_Unstable:          0 kB
Bounce:                0 kB
WritebackTmp:          0 kB
CommitLimit:     6660208 kB
Committed_AS:   73025960 kB
VmallocTotal:   263061440 kB
VmallocUsed:       87544 kB
VmallocChunk:          0 kB
Percpu:             7616 kB
CmaTotal:         315392 kB
CmaFree:               0 kB
MemTotal:        5980404 kB
MemFree:          246064 kB
MemAvailable:    1743212 kB
Buffers:            4588 kB
Cached:          1793740 kB
SwapCached:            0 kB
Active:          2342112 kB
Inactive:        1576068 kB
Active(anon):    2116860 kB
Inactive(anon):    26180 kB
Active(file):     225252 kB
Inactive(file):  1549888 kB
Unevictable:        5712 kB
Mlocked:            5712 kB
SwapTotal:       3670008 kB
SwapFree:        3670008 kB
Dirty:               644 kB
Writeback:             0 kB
AnonPages:       2125896 kB
Mapped:           958016 kB
Shmem:             18224 kB
KReclaimable:     241764 kB
Slab:             201024 kB
SReclaimable:      46764 kB
SUnreclaim:       154260 kB
KernelStack:       47192 kB
PageTables:        63020 kB
NFS_Unstable:          0 kB
Bounce:                0 kB
WritebackTmp:          0 kB
CommitLimit:     6660208 kB
Committed_AS:   73041120 kB
VmallocTotal:   263061440 kB
VmallocUsed:       87592 kB
VmallocChunk:          0 kB
Percpu:             7616 kB
CmaTotal:         315392 kB
CmaFree:               0 kB
MemTotal:        5980404 kB
MemFree:          335420 kB
MemAvailable:    1725104 kB
Buffers:            4584 kB
Cached:          1751728 kB
SwapCached:            0 kB
Active:          2383164 kB
Inactive:        1513720 kB
Active(anon):    2125888 kB
Inactive(anon):    37584 kB
Active(file):     257276 kB
Inactive(file):  1476136 kB
Unevictable:        5712 kB
Mlocked:            5712 kB
SwapTotal:       3670008 kB
SwapFree:        3670008 kB
Dirty:               684 kB
Writeback:             0 kB
AnonPages:       2146520 kB
Mapped:           940704 kB
Shmem:             18224 kB
KReclaimable:     110292 kB
Slab:             201024 kB
SReclaimable:      46648 kB
SUnreclaim:       154376 kB
KernelStack:       47168 kB
PageTables:        62988 kB
NFS_Unstable:          0 kB
Bounce:                0 kB
WritebackTmp:          0 kB
CommitLimit:     6660208 kB
Committed_AS:   73072332 kB
VmallocTotal:   263061440 kB
VmallocUsed:       87544 kB
VmallocChunk:          0 kB
Percpu:             7616 kB
CmaTotal:         315392 kB
CmaFree:               0 kB
MemTotal:        5980404 kB
MemFree:          212852 kB
MemAvailable:    1662812 kB
Buffers:            4584 kB
Cached:          1756168 kB
SwapCached:            0 kB
Active:          2421488 kB
Inactive:        1517864 kB
Active(anon):    2163916 kB
Inactive(anon):    37612 kB
Active(file):     257572 kB
Inactive(file):  1480252 kB
Unevictable:        5712 kB
Mlocked:            5712 kB
SwapTotal:       3670008 kB
SwapFree:        3670008 kB
Dirty:               748 kB
Writeback:            16 kB
AnonPages:       2183964 kB
Mapped:           947856 kB
Shmem:             18252 kB
KReclaimable:     222024 kB
Slab:             201116 kB
SReclaimable:      46664 kB
SUnreclaim:       154452 kB
KernelStack:       47248 kB
PageTables:        62892 kB
NFS_Unstable:          0 kB
Bounce:                0 kB
WritebackTmp:          0 kB
CommitLimit:     6660208 kB
Committed_AS:   73154404 kB
VmallocTotal:   263061440 kB
VmallocUsed:       87672 kB
VmallocChunk:          0 kB
Percpu:             7616 kB
CmaTotal:         315392 kB
CmaFree:               0 kB
MemTotal:        5980404 kB
MemFree:          288724 kB
MemAvailable:    1631688 kB
Buffers:            4584 kB
Cached:          1705508 kB
SwapCached:            0 kB
Active:          2433132 kB
Inactive:        1466896 kB
Active(anon):    2162268 kB
Inactive(anon):    50612 kB
Active(file):     270864 kB
Inactive(file):  1416284 kB
Unevictable:        5712 kB
Mlocked:            5712 kB
SwapTotal:       3670008 kB
SwapFree:        3670008 kB
Dirty:               756 kB
Writeback:             0 kB
AnonPages:       2195724 kB
Mapped:           935372 kB
Shmem:             18268 kB
KReclaimable:     109380 kB
Slab:             201052 kB
SReclaimable:      46588 kB
SUnreclaim:       154464 kB
KernelStack:       47184 kB
PageTables:        62976 kB
NFS_Unstable:          0 kB
Bounce:                0 kB
WritebackTmp:          0 kB
CommitLimit:     6660208 kB
Committed_AS:   73173968 kB
VmallocTotal:   263061440 kB
VmallocUsed:       87608 kB
VmallocChunk:          0 kB
Percpu:             7616 kB
CmaTotal:         315392 kB
CmaFree:               0 kB
MemTotal:        5980404 kB
MemFree:          288572 kB
MemAvailable:    1631512 kB
Buffers:            4588 kB
Cached:          1705520 kB
SwapCached:            0 kB
Active:          2433244 kB
Inactive:        1466796 kB
Active(anon):    2162264 kB
Inactive(anon):    50616 kB
Active(file):     270980 kB
Inactive(file):  1416180 kB
Unevictable:        5712 kB
Mlocked:            5712 kB
SwapTotal:       3670008 kB
SwapFree:        3670008 kB
Dirty:               768 kB
Writeback:             0 kB
AnonPages:       2195720 kB
Mapped:           935592 kB
Shmem:             18272 kB
KReclaimable:     109308 kB
Slab:             200984 kB
SReclaimable:      46516 kB
SUnreclaim:       154468 kB
KernelStack:       47196 kB
PageTables:        62868 kB
NFS_Unstable:          0 kB
Bounce:                0 kB
WritebackTmp:          0 kB
CommitLimit:     6660208 kB
Committed_AS:   73176076 kB
VmallocTotal:   263061440 kB
VmallocUsed:       87624 kB
VmallocChunk:          0 kB
Percpu:             7616 kB
CmaTotal:         315392 kB
CmaFree:               0 kB
MemTotal:        5980404 kB
MemFree:          288404 kB
MemAvailable:    1631268 kB
Buffers:            4588 kB
Cached:          1705560 kB
SwapCached:            0 kB
Active:          2434116 kB
Inactive:        1466820 kB
Active(anon):    2163120 kB
Inactive(anon):    50616 kB
Active(file):     270996 kB
Inactive(file):  1416204 kB
Unevictable:        5712 kB
Mlocked:            5712 kB
SwapTotal:       3670008 kB
SwapFree:        3670008 kB
Dirty:               764 kB
Writeback:             0 kB
AnonPages:       2196656 kB
Mapped:           935984 kB
Shmem:             18272 kB
KReclaimable:     109076 kB
Slab:             200988 kB
SReclaimable:      46516 kB
SUnreclaim:       154472 kB
KernelStack:       47228 kB
PageTables:        63240 kB
NFS_Unstable:          0 kB
Bounce:                0 kB
WritebackTmp:          0 kB
CommitLimit:     6660208 kB
Committed_AS:   73174580 kB
VmallocTotal:   263061440 kB
VmallocUsed:       87608 kB
VmallocChunk:          0 kB
Percpu:             7616 kB
CmaTotal:         315392 kB
CmaFree:               0 kB
MemTotal:        5980404 kB
MemFree:          287916 kB
MemAvailable:    1630800 kB
Buffers:            4588 kB
Cached:          1705592 kB
SwapCached:            0 kB
Active:          2434432 kB
Inactive:        1466844 kB
Active(anon):    2163428 kB
Inactive(anon):    50616 kB
Active(file):     271004 kB
Inactive(file):  1416228 kB
Unevictable:        5712 kB
Mlocked:            5712 kB
SwapTotal:       3670008 kB
SwapFree:        3670008 kB
Dirty:               772 kB
Writeback:             0 kB
AnonPages:       2196920 kB
Mapped:           935820 kB
Shmem:             18272 kB
KReclaimable:     109056 kB
Slab:             201004 kB
SReclaimable:      46520 kB
SUnreclaim:       154484 kB
KernelStack:       47212 kB
PageTables:        62924 kB
NFS_Unstable:          0 kB
Bounce:                0 kB
WritebackTmp:          0 kB
CommitLimit:     6660208 kB
Committed_AS:   73175496 kB
VmallocTotal:   263061440 kB
VmallocUsed:       87608 kB
VmallocChunk:          0 kB
Percpu:             7616 kB
CmaTotal:         315392 kB
CmaFree:               0 kB
MemTotal:        5980404 kB
MemFree:          287372 kB
MemAvailable:    1630256 kB
Buffers:            4588 kB
Cached:          1705596 kB
SwapCached:            0 kB
Active:          2434648 kB
Inactive:        1466844 kB
Active(anon):    2163640 kB
Inactive(anon):    50620 kB
Active(file):     271008 kB
Inactive(file):  1416224 kB
Unevictable:        5712 kB
Mlocked:            5712 kB
SwapTotal:       3670008 kB
SwapFree:        3670008 kB
Dirty:               772 kB
Writeback:             0 kB
AnonPages:       2196968 kB
Mapped:           935752 kB
Shmem:             18276 kB
KReclaimable:     109056 kB
Slab:             201008 kB
SReclaimable:      46520 kB
SUnreclaim:       154488 kB
KernelStack:       47184 kB
PageTables:        63016 kB
NFS_Unstable:          0 kB
Bounce:                0 kB
WritebackTmp:          0 kB
CommitLimit:     6660208 kB
Committed_AS:   73173872 kB
VmallocTotal:   263061440 kB
VmallocUsed:       87608 kB
VmallocChunk:          0 kB
Percpu:             7616 kB
CmaTotal:         315392 kB
CmaFree:               0 kB
MemTotal:        5980404 kB
MemFree:          288148 kB
MemAvailable:    1631048 kB
Buffers:            4588 kB
Cached:          1705612 kB
SwapCached:            0 kB
Active:          2435016 kB
Inactive:        1466856 kB
Active(anon):    2164004 kB
Inactive(anon):    50620 kB
Active(file):     271012 kB
Inactive(file):  1416236 kB
Unevictable:        5712 kB
Mlocked:            5712 kB
SwapTotal:       3670008 kB
SwapFree:        3670008 kB
Dirty:               788 kB
Writeback:             0 kB
AnonPages:       2197260 kB
Mapped:           936032 kB
Shmem:             18276 kB
KReclaimable:     109056 kB
Slab:             201000 kB
SReclaimable:      46520 kB
SUnreclaim:       154480 kB
KernelStack:       47228 kB
PageTables:        62884 kB
NFS_Unstable:          0 kB
Bounce:                0 kB
WritebackTmp:          0 kB
CommitLimit:     6660208 kB
Committed_AS:   73175568 kB
VmallocTotal:   263061440 kB
VmallocUsed:       87608 kB
VmallocChunk:          0 kB
Percpu:             7616 kB
CmaTotal:         315392 kB
CmaFree:               4 kB
MemTotal:        5980404 kB
MemFree:          285800 kB
MemAvailable:    1628716 kB
Buffers:            4588 kB
Cached:          1705628 kB
SwapCached:            0 kB
Active:          2435668 kB
Inactive:        1466824 kB
Active(anon):    2164608 kB
Inactive(anon):    50620 kB
Active(file):     271060 kB
Inactive(file):  1416204 kB
Unevictable:        5712 kB
Mlocked:            5712 kB
SwapTotal:       3670008 kB
SwapFree:        3670008 kB
Dirty:               792 kB
Writeback:             0 kB
AnonPages:       2197884 kB
Mapped:           935896 kB
Shmem:             18276 kB
KReclaimable:     109056 kB
Slab:             201020 kB
SReclaimable:      46520 kB
SUnreclaim:       154500 kB
KernelStack:       47248 kB
PageTables:        63128 kB
NFS_Unstable:          0 kB
Bounce:                0 kB
WritebackTmp:          0 kB
CommitLimit:     6660208 kB
Committed_AS:   73174812 kB
VmallocTotal:   263061440 kB
VmallocUsed:       87640 kB
VmallocChunk:          0 kB
Percpu:             7616 kB
CmaTotal:         315392 kB
CmaFree:               0 kB
MemTotal:        5980404 kB
MemFree:          286048 kB
MemAvailable:    1628972 kB
Buffers:            4588 kB
Cached:          1705636 kB
SwapCached:            0 kB
Active:          2435028 kB
Inactive:        1466816 kB
Active(anon):    2163952 kB
Inactive(anon):    50620 kB
Active(file):     271076 kB
Inactive(file):  1416196 kB
Unevictable:        5712 kB
Mlocked:            5712 kB
SwapTotal:       3670008 kB
SwapFree:        3670008 kB
Dirty:               800 kB
Writeback:             0 kB
AnonPages:       2197320 kB
Mapped:           935908 kB
Shmem:             18276 kB
KReclaimable:     109056 kB
Slab:             201036 kB
SReclaimable:      46520 kB
SUnreclaim:       154516 kB
KernelStack:       47184 kB
PageTables:        63008 kB
NFS_Unstable:          0 kB
Bounce:                0 kB
WritebackTmp:          0 kB
CommitLimit:     6660208 kB
Committed_AS:   73176052 kB
VmallocTotal:   263061440 kB
VmallocUsed:       87640 kB
VmallocChunk:          0 kB
Percpu:             7616 kB
CmaTotal:         315392 kB
CmaFree:               0 kB
MemTotal:        5980404 kB
MemFree:          286052 kB
MemAvailable:    1628984 kB
Buffers:            4588 kB
Cached:          1705644 kB
SwapCached:            0 kB
Active:          2435732 kB
Inactive:        1466820 kB
Active(anon):    2164652 kB
Inactive(anon):    50620 kB
Active(file):     271080 kB
Inactive(file):  1416200 kB
Unevictable:        5712 kB
Mlocked:            5712 kB
SwapTotal:       3670008 kB
SwapFree:        3670008 kB
Dirty:               808 kB
Writeback:             0 kB
AnonPages:       2198000 kB
Mapped:           935932 kB
Shmem:             18276 kB
KReclaimable:     109056 kB
Slab:             201016 kB
SReclaimable:      46520 kB
SUnreclaim:       154496 kB
KernelStack:       47152 kB
PageTables:        62956 kB
NFS_Unstable:          0 kB
Bounce:                0 kB
WritebackTmp:          0 kB
CommitLimit:     6660208 kB
Committed_AS:   73175404 kB
VmallocTotal:   263061440 kB
VmallocUsed:       87592 kB
VmallocChunk:          0 kB
Percpu:             7616 kB
CmaTotal:         315392 kB
CmaFree:               0 kB
MemTotal:        5980404 kB
MemFree:          286304 kB
MemAvailable:    1629228 kB
Buffers:            4588 kB
Cached:          1705648 kB
SwapCached:            0 kB
Active:          2436464 kB
Inactive:        1466812 kB
Active(anon):    2165384 kB
Inactive(anon):    50620 kB
Active(file):     271080 kB
Inactive(file):  1416192 kB
Unevictable:        5712 kB
Mlocked:            5712 kB
SwapTotal:       3670008 kB
SwapFree:        3670008 kB
Dirty:               812 kB
Writeback:             0 kB
AnonPages:       2198272 kB
Mapped:           935912 kB
Shmem:             18276 kB
KReclaimable:     109056 kB
Slab:             201024 kB
SReclaimable:      46520 kB
SUnreclaim:       154504 kB
KernelStack:       47212 kB
PageTables:        62944 kB
NFS_Unstable:          0 kB
Bounce:                0 kB
WritebackTmp:          0 kB
CommitLimit:     6660208 kB
Committed_AS:   73178156 kB
VmallocTotal:   263061440 kB
VmallocUsed:       87592 kB
VmallocChunk:          0 kB
Percpu:             7616 kB
CmaTotal:         315392 kB
CmaFree:               0 kB
MemTotal:        5980404 kB
MemFree:          285756 kB
MemAvailable:    1628692 kB
Buffers:            4588 kB
Cached:          1705652 kB
SwapCached:            0 kB
Active:          2435860 kB
Inactive:        1466828 kB
Active(anon):    2164780 kB
Inactive(anon):    50624 kB
Active(file):     271080 kB
Inactive(file):  1416204 kB
Unevictable:        5712 kB
Mlocked:            5712 kB
SwapTotal:       3670008 kB
SwapFree:        3670008 kB
Dirty:               812 kB
Writeback:             0 kB
AnonPages:       2198216 kB
Mapped:           936160 kB
Shmem:             18280 kB
KReclaimable:     109056 kB
Slab:             201032 kB
SReclaimable:      46520 kB
SUnreclaim:       154512 kB
KernelStack:       47168 kB
PageTables:        62936 kB
NFS_Unstable:          0 kB
Bounce:                0 kB
WritebackTmp:          0 kB
CommitLimit:     6660208 kB
Committed_AS:   73174516 kB
VmallocTotal:   263061440 kB
VmallocUsed:       87592 kB
VmallocChunk:          0 kB
Percpu:             7616 kB
CmaTotal:         315392 kB
CmaFree:               8 kB
MemTotal:        5980404 kB
MemFree:          286312 kB
MemAvailable:    1629252 kB
Buffers:            4588 kB
Cached:          1705664 kB
SwapCached:            0 kB
Active:          2434948 kB
Inactive:        1466832 kB
Active(anon):    2163860 kB
Inactive(anon):    50632 kB
Active(file):     271088 kB
Inactive(file):  1416200 kB
Unevictable:        5712 kB
Mlocked:            5712 kB
SwapTotal:       3670008 kB
SwapFree:        3670008 kB
Dirty:               820 kB
Writeback:             0 kB
AnonPages:       2197312 kB
Mapped:           936064 kB
Shmem:             18288 kB
KReclaimable:     109056 kB
Slab:             201032 kB
SReclaimable:      46520 kB
SUnreclaim:       154512 kB
KernelStack:       47224 kB
PageTables:        62888 kB
NFS_Unstable:          0 kB
Bounce:                0 kB
WritebackTmp:          0 kB
CommitLimit:     6660208 kB
Committed_AS:   73174260 kB
VmallocTotal:   263061440 kB
VmallocUsed:       87624 kB
VmallocChunk:          0 kB
Percpu:             7616 kB
CmaTotal:         315392 kB
CmaFree:              44 kB
MemTotal:        5980404 kB
MemFree:          285028 kB
MemAvailable:    1628256 kB
Buffers:            4588 kB
Cached:          1705760 kB
SwapCached:            0 kB
Active:          2435712 kB
Inactive:        1466840 kB
Active(anon):    2164536 kB
Inactive(anon):    50632 kB
Active(file):     271176 kB
Inactive(file):  1416208 kB
Unevictable:        5712 kB
Mlocked:            5712 kB
SwapTotal:       3670008 kB
SwapFree:        3670008 kB
Dirty:               832 kB
Writeback:             0 kB
AnonPages:       2197924 kB
Mapped:           936212 kB
Shmem:             18288 kB
KReclaimable:     109440 kB
Slab:             201416 kB
SReclaimable:      46904 kB
SUnreclaim:       154512 kB
KernelStack:       47196 kB
PageTables:        62964 kB
NFS_Unstable:          0 kB
Bounce:                0 kB
WritebackTmp:          0 kB
CommitLimit:     6660208 kB
Committed_AS:   73175192 kB
VmallocTotal:   263061440 kB
VmallocUsed:       87608 kB
VmallocChunk:          0 kB
Percpu:             7616 kB
CmaTotal:         315392 kB
CmaFree:               0 kB
MemTotal:        5980404 kB
MemFree:          284664 kB
MemAvailable:    1627912 kB
Buffers:            4588 kB
Cached:          1705772 kB
SwapCached:            0 kB
Active:          2435748 kB
Inactive:        1466852 kB
Active(anon):    2164572 kB
Inactive(anon):    50632 kB
Active(file):     271176 kB
Inactive(file):  1416220 kB
Unevictable:        5712 kB
Mlocked:            5712 kB
SwapTotal:       3670008 kB
SwapFree:        3670008 kB
Dirty:               844 kB
Writeback:             0 kB
AnonPages:       2198044 kB
Mapped:           936268 kB
Shmem:             18288 kB
KReclaimable:     109456 kB
Slab:             201436 kB
SReclaimable:      46920 kB
SUnreclaim:       154516 kB
KernelStack:       47180 kB
PageTables:        63040 kB
NFS_Unstable:          0 kB
Bounce:                0 kB
WritebackTmp:          0 kB
CommitLimit:     6660208 kB
Committed_AS:   73175272 kB
VmallocTotal:   263061440 kB
VmallocUsed:       87608 kB
VmallocChunk:          0 kB
Percpu:             7616 kB
CmaTotal:         315392 kB
CmaFree:               0 kB
MemTotal:        5980404 kB
MemFree:          283796 kB
MemAvailable:    1627056 kB
Buffers:            4588 kB
Cached:          1705784 kB
SwapCached:            0 kB
Active:          2435844 kB
Inactive:        1466864 kB
Active(anon):    2164668 kB
Inactive(anon):    50640 kB
Active(file):     271176 kB
Inactive(file):  1416224 kB
Unevictable:        5712 kB
Mlocked:            5712 kB
SwapTotal:       3670008 kB
SwapFree:        3670008 kB
Dirty:               848 kB
Writeback:             0 kB
AnonPages:       2198124 kB
Mapped:           936032 kB
Shmem:             18296 kB
KReclaimable:     109472 kB
Slab:             201436 kB
SReclaimable:      46936 kB
SUnreclaim:       154500 kB
KernelStack:       47136 kB
PageTables:        62960 kB
NFS_Unstable:          0 kB
Bounce:                0 kB
WritebackTmp:          0 kB
CommitLimit:     6660208 kB
Committed_AS:   73172272 kB
VmallocTotal:   263061440 kB
VmallocUsed:       87592 kB
VmallocChunk:          0 kB
Percpu:             7616 kB
CmaTotal:         315392 kB
CmaFree:               0 kB
MemTotal:        5980404 kB
MemFree:          284528 kB
MemAvailable:    1627796 kB
Buffers:            4588 kB
Cached:          1705792 kB
SwapCached:            0 kB
Active:          2435860 kB
Inactive:        1466872 kB
Active(anon):    2164684 kB
Inactive(anon):    50640 kB
Active(file):     271176 kB
Inactive(file):  1416232 kB
Unevictable:        5712 kB
Mlocked:            5712 kB
SwapTotal:       3670008 kB
SwapFree:        3670008 kB
Dirty:               856 kB
Writeback:             0 kB
AnonPages:       2198032 kB
Mapped:           936000 kB
Shmem:             18296 kB
KReclaimable:     109472 kB
Slab:             201448 kB
SReclaimable:      46936 kB
SUnreclaim:       154512 kB
KernelStack:       47136 kB
PageTables:        62988 kB
NFS_Unstable:          0 kB
Bounce:                0 kB
WritebackTmp:          0 kB
CommitLimit:     6660208 kB
Committed_AS:   73173068 kB
VmallocTotal:   263061440 kB
VmallocUsed:       87576 kB
VmallocChunk:          0 kB
Percpu:             7616 kB
CmaTotal:         315392 kB
CmaFree:               0 kB
MemTotal:        5980404 kB
MemFree:          284412 kB
MemAvailable:    1627696 kB
Buffers:            4592 kB
Cached:          1705804 kB
SwapCached:            0 kB
Active:          2436160 kB
Inactive:        1466868 kB
Active(anon):    2164964 kB
Inactive(anon):    50640 kB
Active(file):     271196 kB
Inactive(file):  1416228 kB
Unevictable:        5712 kB
Mlocked:            5712 kB
SwapTotal:       3670008 kB
SwapFree:        3670008 kB
Dirty:               404 kB
Writeback:             0 kB
AnonPages:       2198420 kB
Mapped:           936076 kB
Shmem:             18296 kB
KReclaimable:     109472 kB
Slab:             201448 kB
SReclaimable:      46936 kB
SUnreclaim:       154512 kB
KernelStack:       47132 kB
PageTables:        63188 kB
NFS_Unstable:          0 kB
Bounce:                0 kB
WritebackTmp:          0 kB
CommitLimit:     6660208 kB
Committed_AS:   73171480 kB
VmallocTotal:   263061440 kB
VmallocUsed:       87608 kB
VmallocChunk:          0 kB
Percpu:             7616 kB
CmaTotal:         315392 kB
CmaFree:               0 kB
MemTotal:        5980404 kB
MemFree:          284852 kB
MemAvailable:    1628140 kB
Buffers:            4592 kB
Cached:          1705808 kB
SwapCached:            0 kB
Active:          2436532 kB
Inactive:        1466872 kB
Active(anon):    2165336 kB
Inactive(anon):    50640 kB
Active(file):     271196 kB
Inactive(file):  1416232 kB
Unevictable:        5712 kB
Mlocked:            5712 kB
SwapTotal:       3670008 kB
SwapFree:        3670008 kB
Dirty:               432 kB
Writeback:             0 kB
AnonPages:       2198288 kB
Mapped:           936004 kB
Shmem:             18296 kB
KReclaimable:     109472 kB
Slab:             201452 kB
SReclaimable:      46936 kB
SUnreclaim:       154516 kB
KernelStack:       47136 kB
PageTables:        62984 kB
NFS_Unstable:          0 kB
Bounce:                0 kB
WritebackTmp:          0 kB
CommitLimit:     6660208 kB
Committed_AS:   73173604 kB
VmallocTotal:   263061440 kB
VmallocUsed:       87608 kB
VmallocChunk:          0 kB
Percpu:             7616 kB
CmaTotal:         315392 kB
CmaFree:               0 kB
MemTotal:        5980404 kB
MemFree:          284780 kB
MemAvailable:    1628084 kB
Buffers:            4592 kB
Cached:          1705824 kB
SwapCached:            0 kB
Active:          2436612 kB
Inactive:        1466888 kB
Active(anon):    2165416 kB
Inactive(anon):    50640 kB
Active(file):     271196 kB
Inactive(file):  1416248 kB
Unevictable:        5712 kB
Mlocked:            5712 kB
SwapTotal:       3670008 kB
SwapFree:        3670008 kB
Dirty:               448 kB
Writeback:             0 kB
AnonPages:       2198920 kB
Mapped:           936000 kB
Shmem:             18296 kB
KReclaimable:     109472 kB
Slab:             201464 kB
SReclaimable:      46936 kB
SUnreclaim:       154528 kB
KernelStack:       47168 kB
PageTables:        63176 kB
NFS_Unstable:          0 kB
Bounce:                0 kB
WritebackTmp:          0 kB
CommitLimit:     6660208 kB
Committed_AS:   73169736 kB
VmallocTotal:   263061440 kB
VmallocUsed:       87560 kB
VmallocChunk:          0 kB
Percpu:             7616 kB
CmaTotal:         315392 kB
CmaFree:               0 kB
MemTotal:        5980404 kB
MemFree:          284932 kB
MemAvailable:    1628240 kB
Buffers:            4592 kB
Cached:          1705828 kB
SwapCached:            0 kB
Active:          2436524 kB
Inactive:        1466892 kB
Active(anon):    2165328 kB
Inactive(anon):    50640 kB
Active(file):     271196 kB
Inactive(file):  1416252 kB
Unevictable:        5712 kB
Mlocked:            5712 kB
SwapTotal:       3670008 kB
SwapFree:        3670008 kB
Dirty:               452 kB
Writeback:             0 kB
AnonPages:       2198996 kB
Mapped:           936024 kB
Shmem:             18296 kB
KReclaimable:     109472 kB
Slab:             201456 kB
SReclaimable:      46936 kB
SUnreclaim:       154520 kB
KernelStack:       47140 kB
PageTables:        63232 kB
NFS_Unstable:          0 kB
Bounce:                0 kB
WritebackTmp:          0 kB
CommitLimit:     6660208 kB
Committed_AS:   73178968 kB
VmallocTotal:   263061440 kB
VmallocUsed:       87544 kB
VmallocChunk:          0 kB
Percpu:             7616 kB
CmaTotal:         315392 kB
CmaFree:               0 kB
MemTotal:        5980404 kB
MemFree:          284432 kB
MemAvailable:    1627748 kB
Buffers:            4592 kB
Cached:          1705836 kB
SwapCached:            0 kB
Active:          2437176 kB
Inactive:        1466900 kB
Active(anon):    2165980 kB
Inactive(anon):    50640 kB
Active(file):     271196 kB
Inactive(file):  1416260 kB
Unevictable:        5712 kB
Mlocked:            5712 kB
SwapTotal:       3670008 kB
SwapFree:        3670008 kB
Dirty:               460 kB
Writeback:             0 kB
AnonPages:       2199432 kB
Mapped:           936416 kB
Shmem:             18296 kB
KReclaimable:     109472 kB
Slab:             201464 kB
SReclaimable:      46936 kB
SUnreclaim:       154528 kB
KernelStack:       47104 kB
PageTables:        63000 kB
NFS_Unstable:          0 kB
Bounce:                0 kB
WritebackTmp:          0 kB
CommitLimit:     6660208 kB
Committed_AS:   73179520 kB
VmallocTotal:   263061440 kB
VmallocUsed:       87544 kB
VmallocChunk:          0 kB
Percpu:             7616 kB
CmaTotal:         315392 kB
CmaFree:               0 kB
MemTotal:        5980404 kB
MemFree:          282856 kB
MemAvailable:    1626180 kB
Buffers:            4592 kB
Cached:          1705836 kB
SwapCached:            0 kB
Active:          2437496 kB
Inactive:        1466884 kB
Active(anon):    2166284 kB
Inactive(anon):    50640 kB
Active(file):     271212 kB
Inactive(file):  1416244 kB
Unevictable:        5712 kB
Mlocked:            5712 kB
SwapTotal:       3670008 kB
SwapFree:        3670008 kB
Dirty:               396 kB
Writeback:             0 kB
AnonPages:       2199644 kB
Mapped:           936268 kB
Shmem:             18296 kB
KReclaimable:     109488 kB
Slab:             201476 kB
SReclaimable:      46952 kB
SUnreclaim:       154524 kB
KernelStack:       47120 kB
PageTables:        63052 kB
NFS_Unstable:          0 kB
Bounce:                0 kB
WritebackTmp:          0 kB
CommitLimit:     6660208 kB
Committed_AS:   73177220 kB
VmallocTotal:   263061440 kB
VmallocUsed:       87560 kB
VmallocChunk:          0 kB
Percpu:             7616 kB
CmaTotal:         315392 kB
CmaFree:               0 kB
MemTotal:        5980404 kB
MemFree:          282224 kB
MemAvailable:    1625976 kB
Buffers:            4592 kB
Cached:          1705848 kB
SwapCached:            0 kB
Active:          2438576 kB
Inactive:        1466896 kB
Active(anon):    2167364 kB
Inactive(anon):    50640 kB
Active(file):     271212 kB
Inactive(file):  1416256 kB
Unevictable:        5712 kB
Mlocked:            5712 kB
SwapTotal:       3670008 kB
SwapFree:        3670008 kB
Dirty:               440 kB
Writeback:             0 kB
AnonPages:       2201072 kB
Mapped:           936184 kB
Shmem:             18296 kB
KReclaimable:     110320 kB
Slab:             202332 kB
SReclaimable:      47784 kB
SUnreclaim:       154548 kB
KernelStack:       47104 kB
PageTables:        63012 kB
NFS_Unstable:          0 kB
Bounce:                0 kB
WritebackTmp:          0 kB
CommitLimit:     6660208 kB
Committed_AS:   73175012 kB
VmallocTotal:   263061440 kB
VmallocUsed:       87544 kB
VmallocChunk:          0 kB
Percpu:             7616 kB
CmaTotal:         315392 kB
CmaFree:               0 kB
MemTotal:        5980404 kB
MemFree:          280504 kB
MemAvailable:    1624332 kB
Buffers:            4592 kB
Cached:          1705864 kB
SwapCached:            0 kB
Active:          2438568 kB
Inactive:        1466908 kB
Active(anon):    2167356 kB
Inactive(anon):    50648 kB
Active(file):     271212 kB
Inactive(file):  1416260 kB
Unevictable:        5712 kB
Mlocked:            5712 kB
SwapTotal:       3670008 kB
SwapFree:        3670008 kB
Dirty:               472 kB
Writeback:             0 kB
AnonPages:       2200700 kB
Mapped:           936024 kB
Shmem:             18308 kB
KReclaimable:     110464 kB
Slab:             202484 kB
SReclaimable:      47928 kB
SUnreclaim:       154556 kB
KernelStack:       47136 kB
PageTables:        63104 kB
NFS_Unstable:          0 kB
Bounce:                0 kB
WritebackTmp:          0 kB
CommitLimit:     6660208 kB
Committed_AS:   73177560 kB
VmallocTotal:   263061440 kB
VmallocUsed:       87528 kB
VmallocChunk:          0 kB
Percpu:             7616 kB
CmaTotal:         315392 kB
CmaFree:               0 kB
MemTotal:        5980404 kB
MemFree:          280528 kB
MemAvailable:    1624360 kB
Buffers:            4592 kB
Cached:          1705868 kB
SwapCached:            0 kB
Active:          2439008 kB
Inactive:        1466912 kB
Active(anon):    2167796 kB
Inactive(anon):    50648 kB
Active(file):     271212 kB
Inactive(file):  1416264 kB
Unevictable:        5712 kB
Mlocked:            5712 kB
SwapTotal:       3670008 kB
SwapFree:        3670008 kB
Dirty:               476 kB
Writeback:             0 kB
AnonPages:       2201352 kB
Mapped:           936516 kB
Shmem:             18308 kB
KReclaimable:     110464 kB
Slab:             202492 kB
SReclaimable:      47928 kB
SUnreclaim:       154564 kB
KernelStack:       47136 kB
PageTables:        63312 kB
NFS_Unstable:          0 kB
Bounce:                0 kB
WritebackTmp:          0 kB
CommitLimit:     6660208 kB
Committed_AS:   73177008 kB
VmallocTotal:   263061440 kB
VmallocUsed:       87544 kB
VmallocChunk:          0 kB
Percpu:             7616 kB
CmaTotal:         315392 kB
CmaFree:               0 kB
MemTotal:        5980404 kB
MemFree:          279436 kB
MemAvailable:    1623276 kB
Buffers:            4592 kB
Cached:          1705880 kB
SwapCached:            0 kB
Active:          2438924 kB
Inactive:        1466924 kB
Active(anon):    2167712 kB
Inactive(anon):    50652 kB
Active(file):     271212 kB
Inactive(file):  1416272 kB
Unevictable:        5712 kB
Mlocked:            5712 kB
SwapTotal:       3670008 kB
SwapFree:        3670008 kB
Dirty:               484 kB
Writeback:             0 kB
AnonPages:       2201336 kB
Mapped:           936288 kB
Shmem:             18312 kB
KReclaimable:     110464 kB
Slab:             202500 kB
SReclaimable:      47928 kB
SUnreclaim:       154572 kB
KernelStack:       47120 kB
PageTables:        63044 kB
NFS_Unstable:          0 kB
Bounce:                0 kB
WritebackTmp:          0 kB
CommitLimit:     6660208 kB
Committed_AS:   73180672 kB
VmallocTotal:   263061440 kB
VmallocUsed:       87528 kB
VmallocChunk:          0 kB
Percpu:             7616 kB
CmaTotal:         315392 kB
CmaFree:               0 kB
MemTotal:        5980404 kB
MemFree:          281648 kB
MemAvailable:    1625508 kB
Buffers:            4592 kB
Cached:          1705900 kB
SwapCached:            0 kB
Active:          2439104 kB
Inactive:        1466932 kB
Active(anon):    2167880 kB
Inactive(anon):    50652 kB
Active(file):     271224 kB
Inactive(file):  1416280 kB
Unevictable:        5712 kB
Mlocked:            5712 kB
SwapTotal:       3670008 kB
SwapFree:        3670008 kB
Dirty:               408 kB
Writeback:             0 kB
AnonPages:       2201188 kB
Mapped:           936064 kB
Shmem:             18312 kB
KReclaimable:     110464 kB
Slab:             202508 kB
SReclaimable:      47928 kB
SUnreclaim:       154580 kB
KernelStack:       47088 kB
PageTables:        63116 kB
NFS_Unstable:          0 kB
Bounce:                0 kB
WritebackTmp:          0 kB
CommitLimit:     6660208 kB
Committed_AS:   73175532 kB
VmallocTotal:   263061440 kB
VmallocUsed:       87464 kB
VmallocChunk:          0 kB
Percpu:             7616 kB
CmaTotal:         315392 kB
CmaFree:               0 kB
MemTotal:        5980404 kB
MemFree:          280260 kB
MemAvailable:    1624128 kB
Buffers:            4592 kB
Cached:          1705900 kB
SwapCached:            0 kB
Active:          2439988 kB
Inactive:        1466932 kB
Active(anon):    2168764 kB
Inactive(anon):    50652 kB
Active(file):     271224 kB
Inactive(file):  1416280 kB
Unevictable:        5712 kB
Mlocked:            5712 kB
SwapTotal:       3670008 kB
SwapFree:        3670008 kB
Dirty:               444 kB
Writeback:             0 kB
AnonPages:       2202060 kB
Mapped:           936168 kB
Shmem:             18312 kB
KReclaimable:     110480 kB
Slab:             202532 kB
SReclaimable:      47944 kB
SUnreclaim:       154588 kB
KernelStack:       47152 kB
PageTables:        63192 kB
NFS_Unstable:          0 kB
Bounce:                0 kB
WritebackTmp:          0 kB
CommitLimit:     6660208 kB
Committed_AS:   73173216 kB
VmallocTotal:   263061440 kB
VmallocUsed:       87480 kB
VmallocChunk:          0 kB
Percpu:             7616 kB
CmaTotal:         315392 kB
CmaFree:               0 kB
MemTotal:        5980404 kB
MemFree:          280392 kB
MemAvailable:    1624268 kB
Buffers:            4592 kB
Cached:          1705908 kB
SwapCached:            0 kB
Active:          2440296 kB
Inactive:        1466940 kB
Active(anon):    2169072 kB
Inactive(anon):    50652 kB
Active(file):     271224 kB
Inactive(file):  1416288 kB
Unevictable:        5712 kB
Mlocked:            5712 kB
SwapTotal:       3670008 kB
SwapFree:        3670008 kB
Dirty:               452 kB
Writeback:             0 kB
AnonPages:       2202444 kB
Mapped:           936284 kB
Shmem:             18312 kB
KReclaimable:     110480 kB
Slab:             202516 kB
SReclaimable:      47944 kB
SUnreclaim:       154572 kB
KernelStack:       47132 kB
PageTables:        62976 kB
NFS_Unstable:          0 kB
Bounce:                0 kB
WritebackTmp:          0 kB
CommitLimit:     6660208 kB
Committed_AS:   73172680 kB
VmallocTotal:   263061440 kB
VmallocUsed:       87448 kB
VmallocChunk:          0 kB
Percpu:             7616 kB
CmaTotal:         315392 kB
CmaFree:               0 kB
MemTotal:        5980404 kB
MemFree:          277932 kB
MemAvailable:    1621820 kB
Buffers:            4592 kB
Cached:          1705924 kB
SwapCached:            0 kB
Active:          2442080 kB
Inactive:        1466956 kB
Active(anon):    2170856 kB
Inactive(anon):    50656 kB
Active(file):     271224 kB
Inactive(file):  1416300 kB
Unevictable:        5712 kB
Mlocked:            5712 kB
SwapTotal:       3670008 kB
SwapFree:        3670008 kB
Dirty:               464 kB
Writeback:             0 kB
AnonPages:       2204248 kB
Mapped:           936068 kB
Shmem:             18316 kB
KReclaimable:     110480 kB
Slab:             202532 kB
SReclaimable:      47944 kB
SUnreclaim:       154588 kB
KernelStack:       47152 kB
PageTables:        63080 kB
NFS_Unstable:          0 kB
Bounce:                0 kB
WritebackTmp:          0 kB
CommitLimit:     6660208 kB
Committed_AS:   73177300 kB
VmallocTotal:   263061440 kB
VmallocUsed:       87496 kB
VmallocChunk:          0 kB
Percpu:             7616 kB
CmaTotal:         315392 kB
CmaFree:               0 kB
MemTotal:        5980404 kB
MemFree:          274264 kB
MemAvailable:    1618152 kB
Buffers:            4592 kB
Cached:          1705924 kB
SwapCached:            0 kB
Active:          2443444 kB
Inactive:        1466956 kB
Active(anon):    2172220 kB
Inactive(anon):    50656 kB
Active(file):     271224 kB
Inactive(file):  1416300 kB
Unevictable:        5712 kB
Mlocked:            5712 kB
SwapTotal:       3670008 kB
SwapFree:        3670008 kB
Dirty:               464 kB
Writeback:             0 kB
AnonPages:       2205792 kB
Mapped:           936212 kB
Shmem:             18316 kB
KReclaimable:     110480 kB
Slab:             202508 kB
SReclaimable:      47944 kB
SUnreclaim:       154564 kB
KernelStack:       47072 kB
PageTables:        62984 kB
NFS_Unstable:          0 kB
Bounce:                0 kB
WritebackTmp:          0 kB
CommitLimit:     6660208 kB
Committed_AS:   73178012 kB
VmallocTotal:   263061440 kB
VmallocUsed:       87496 kB
VmallocChunk:          0 kB
Percpu:             7616 kB
CmaTotal:         315392 kB
CmaFree:               0 kB
MemTotal:        5980404 kB
MemFree:          273616 kB
MemAvailable:    1617524 kB
Buffers:            4596 kB
Cached:          1705940 kB
SwapCached:            0 kB
Active:          2445328 kB
Inactive:        1466964 kB
Active(anon):    2174092 kB
Inactive(anon):    50656 kB
Active(file):     271236 kB
Inactive(file):  1416308 kB
Unevictable:        5712 kB
Mlocked:            5712 kB
SwapTotal:       3670008 kB
SwapFree:        3670008 kB
Dirty:               508 kB
Writeback:             0 kB
AnonPages:       2207396 kB
Mapped:           936296 kB
Shmem:             18316 kB
KReclaimable:     110480 kB
Slab:             202516 kB
SReclaimable:      47944 kB
SUnreclaim:       154572 kB
KernelStack:       47088 kB
PageTables:        62976 kB
NFS_Unstable:          0 kB
Bounce:                0 kB
WritebackTmp:          0 kB
CommitLimit:     6660208 kB
Committed_AS:   73176708 kB
VmallocTotal:   263061440 kB
VmallocUsed:       87496 kB
VmallocChunk:          0 kB
Percpu:             7616 kB
CmaTotal:         315392 kB
CmaFree:               0 kB
MemTotal:        5980404 kB
MemFree:          270288 kB
MemAvailable:    1614208 kB
Buffers:            4596 kB
Cached:          1705956 kB
SwapCached:            0 kB
Active:          2446572 kB
Inactive:        1466972 kB
Active(anon):    2175328 kB
Inactive(anon):    50660 kB
Active(file):     271244 kB
Inactive(file):  1416312 kB
Unevictable:        5712 kB
Mlocked:            5712 kB
SwapTotal:       3670008 kB
SwapFree:        3670008 kB
Dirty:               464 kB
Writeback:             0 kB
AnonPages:       2208672 kB
Mapped:           936104 kB
Shmem:             18320 kB
KReclaimable:     110480 kB
Slab:             202540 kB
SReclaimable:      47944 kB
SUnreclaim:       154596 kB
KernelStack:       47136 kB
PageTables:        63100 kB
NFS_Unstable:          0 kB
Bounce:                0 kB
WritebackTmp:          0 kB
CommitLimit:     6660208 kB
Committed_AS:   73177300 kB
VmallocTotal:   263061440 kB
VmallocUsed:       87528 kB
VmallocChunk:          0 kB
Percpu:             7616 kB
CmaTotal:         315392 kB
CmaFree:               0 kB
MemTotal:        5980404 kB
MemFree:          269640 kB
MemAvailable:    1613572 kB
Buffers:            4596 kB
Cached:          1705968 kB
SwapCached:            0 kB
Active:          2448980 kB
Inactive:        1466984 kB
Active(anon):    2177736 kB
Inactive(anon):    50660 kB
Active(file):     271244 kB
Inactive(file):  1416324 kB
Unevictable:        5712 kB
Mlocked:            5712 kB
SwapTotal:       3670008 kB
SwapFree:        3670008 kB
Dirty:               492 kB
Writeback:            12 kB
AnonPages:       2211124 kB
Mapped:           936300 kB
Shmem:             18320 kB
KReclaimable:     110480 kB
Slab:             202528 kB
SReclaimable:      47944 kB
SUnreclaim:       154584 kB
KernelStack:       47072 kB
PageTables:        63016 kB
NFS_Unstable:          0 kB
Bounce:                0 kB
WritebackTmp:          0 kB
CommitLimit:     6660208 kB
Committed_AS:   73179440 kB
VmallocTotal:   263061440 kB
VmallocUsed:       87480 kB
VmallocChunk:          0 kB
Percpu:             7616 kB
CmaTotal:         315392 kB
CmaFree:               0 kB
MemTotal:        5980404 kB
MemFree:          269512 kB
MemAvailable:    1613444 kB
Buffers:            4596 kB
Cached:          1705972 kB
SwapCached:            0 kB
Active:          2448876 kB
Inactive:        1466988 kB
Active(anon):    2177632 kB
Inactive(anon):    50664 kB
Active(file):     271244 kB
Inactive(file):  1416324 kB
Unevictable:        5712 kB
Mlocked:            5712 kB
SwapTotal:       3670008 kB
SwapFree:        3670008 kB
Dirty:               488 kB
Writeback:             0 kB
AnonPages:       2210900 kB
Mapped:           936512 kB
Shmem:             18324 kB
KReclaimable:     110480 kB
Slab:             202528 kB
SReclaimable:      47944 kB
SUnreclaim:       154584 kB
KernelStack:       46944 kB
PageTables:        62968 kB
NFS_Unstable:          0 kB
Bounce:                0 kB
WritebackTmp:          0 kB
CommitLimit:     6660208 kB
Committed_AS:   73177028 kB
VmallocTotal:   263061440 kB
VmallocUsed:       87384 kB
VmallocChunk:          0 kB
Percpu:             7616 kB
CmaTotal:         315392 kB
CmaFree:               0 kB
MemTotal:        5980404 kB
MemFree:          271536 kB
MemAvailable:    1615468 kB
Buffers:            4596 kB
Cached:          1705988 kB
SwapCached:            0 kB
Active:          2448572 kB
Inactive:        1467004 kB
Active(anon):    2177328 kB
Inactive(anon):    50680 kB
Active(file):     271244 kB
Inactive(file):  1416324 kB
Unevictable:        5712 kB
Mlocked:            5712 kB
SwapTotal:       3670008 kB
SwapFree:        3670008 kB
Dirty:               488 kB
Writeback:             0 kB
AnonPages:       2211028 kB
Mapped:           936260 kB
Shmem:             18340 kB
KReclaimable:     110480 kB
Slab:             202512 kB
SReclaimable:      47944 kB
SUnreclaim:       154568 kB
KernelStack:       46928 kB
PageTables:        63024 kB
NFS_Unstable:          0 kB
Bounce:                0 kB
WritebackTmp:          0 kB
CommitLimit:     6660208 kB
Committed_AS:   73172664 kB
VmallocTotal:   263061440 kB
VmallocUsed:       87288 kB
VmallocChunk:          0 kB
Percpu:             7616 kB
CmaTotal:         315392 kB
CmaFree:               0 kB
MemTotal:        5980404 kB
MemFree:          270696 kB
MemAvailable:    1614640 kB
Buffers:            4596 kB
Cached:          1706000 kB
SwapCached:            0 kB
Active:          2448732 kB
Inactive:        1467016 kB
Active(anon):    2177488 kB
Inactive(anon):    50680 kB
Active(file):     271244 kB
Inactive(file):  1416336 kB
Unevictable:        5712 kB
Mlocked:            5712 kB
SwapTotal:       3670008 kB
SwapFree:        3670008 kB
Dirty:               516 kB
Writeback:             0 kB
AnonPages:       2210896 kB
Mapped:           936272 kB
Shmem:             18340 kB
KReclaimable:     110480 kB
Slab:             202512 kB
SReclaimable:      47944 kB
SUnreclaim:       154568 kB
KernelStack:       46908 kB
PageTables:        62896 kB
NFS_Unstable:          0 kB
Bounce:                0 kB
WritebackTmp:          0 kB
CommitLimit:     6660208 kB
Committed_AS:   73171336 kB
VmallocTotal:   263061440 kB
VmallocUsed:       87288 kB
VmallocChunk:          0 kB
Percpu:             7616 kB
CmaTotal:         315392 kB
CmaFree:               0 kB
MemTotal:        5980404 kB
MemFree:          270700 kB
MemAvailable:    1614652 kB
Buffers:            4596 kB
Cached:          1706008 kB
SwapCached:            0 kB
Active:          2449004 kB
Inactive:        1467024 kB
Active(anon):    2177760 kB
Inactive(anon):    50680 kB
Active(file):     271244 kB
Inactive(file):  1416344 kB
Unevictable:        5712 kB
Mlocked:            5712 kB
SwapTotal:       3670008 kB
SwapFree:        3670008 kB
Dirty:               444 kB
Writeback:             0 kB
AnonPages:       2211224 kB
Mapped:           936044 kB
Shmem:             18340 kB
KReclaimable:     110480 kB
Slab:             202516 kB
SReclaimable:      47944 kB
SUnreclaim:       154572 kB
KernelStack:       46928 kB
PageTables:        62920 kB
NFS_Unstable:          0 kB
Bounce:                0 kB
WritebackTmp:          0 kB
CommitLimit:     6660208 kB
Committed_AS:   73175112 kB
VmallocTotal:   263061440 kB
VmallocUsed:       87272 kB
VmallocChunk:          0 kB
Percpu:             7616 kB
CmaTotal:         315392 kB
CmaFree:               0 kB
MemTotal:        5980404 kB
MemFree:          269928 kB
MemAvailable:    1613884 kB
Buffers:            4596 kB
Cached:          1706012 kB
SwapCached:            0 kB
Active:          2448956 kB
Inactive:        1467028 kB
Active(anon):    2177712 kB
Inactive(anon):    50680 kB
Active(file):     271244 kB
Inactive(file):  1416348 kB
Unevictable:        5712 kB
Mlocked:            5712 kB
SwapTotal:       3670008 kB
SwapFree:        3670008 kB
Dirty:               448 kB
Writeback:             0 kB
AnonPages:       2211020 kB
Mapped:           936160 kB
Shmem:             18340 kB
KReclaimable:     110480 kB
Slab:             202516 kB
SReclaimable:      47944 kB
SUnreclaim:       154572 kB
KernelStack:       46864 kB
PageTables:        63032 kB
NFS_Unstable:          0 kB
Bounce:                0 kB
WritebackTmp:          0 kB
CommitLimit:     6660208 kB
Committed_AS:   73179368 kB
VmallocTotal:   263061440 kB
VmallocUsed:       87208 kB
VmallocChunk:          0 kB
Percpu:             7616 kB
CmaTotal:         315392 kB
CmaFree:               0 kB
MemTotal:        5980404 kB
MemFree:          270128 kB
MemAvailable:    1614092 kB
Buffers:            4596 kB
Cached:          1706020 kB
SwapCached:            0 kB
Active:          2448600 kB
Inactive:        1467036 kB
Active(anon):    2177356 kB
Inactive(anon):    50680 kB
Active(file):     271244 kB
Inactive(file):  1416356 kB
Unevictable:        5712 kB
Mlocked:            5712 kB
SwapTotal:       3670008 kB
SwapFree:        3670008 kB
Dirty:               480 kB
Writeback:             0 kB
AnonPages:       2210824 kB
Mapped:           936124 kB
Shmem:             18340 kB
KReclaimable:     110480 kB
Slab:             202524 kB
SReclaimable:      47944 kB
SUnreclaim:       154580 kB
KernelStack:       46704 kB
PageTables:        63084 kB
NFS_Unstable:          0 kB
Bounce:                0 kB
WritebackTmp:          0 kB
CommitLimit:     6660208 kB
Committed_AS:   73177140 kB
VmallocTotal:   263061440 kB
VmallocUsed:       87112 kB
VmallocChunk:          0 kB
Percpu:             7616 kB
CmaTotal:         315392 kB
CmaFree:               0 kB
MemTotal:        5980404 kB
MemFree:          270692 kB
MemAvailable:    1614664 kB
Buffers:            4596 kB
Cached:          1706036 kB
SwapCached:            0 kB
Active:          2448924 kB
Inactive:        1467052 kB
Active(anon):    2177680 kB
Inactive(anon):    50688 kB
Active(file):     271244 kB
Inactive(file):  1416364 kB
Unevictable:        5712 kB
Mlocked:            5712 kB
SwapTotal:       3670008 kB
SwapFree:        3670008 kB
Dirty:               496 kB
Writeback:             0 kB
AnonPages:       2211312 kB
Mapped:           936328 kB
Shmem:             18348 kB
KReclaimable:     110480 kB
Slab:             202524 kB
SReclaimable:      47944 kB
SUnreclaim:       154580 kB
KernelStack:       46636 kB
PageTables:        62940 kB
NFS_Unstable:          0 kB
Bounce:                0 kB
WritebackTmp:          0 kB
CommitLimit:     6660208 kB
Committed_AS:   73177456 kB
VmallocTotal:   263061440 kB
VmallocUsed:       87112 kB
VmallocChunk:          0 kB
Percpu:             7616 kB
CmaTotal:         315392 kB
CmaFree:               0 kB
MemTotal:        5980404 kB
MemFree:          269412 kB
MemAvailable:    1613380 kB
Buffers:            4596 kB
Cached:          1706056 kB
SwapCached:            0 kB
Active:          2448844 kB
Inactive:        1467072 kB
Active(anon):    2177600 kB
Inactive(anon):    50688 kB
Active(file):     271244 kB
Inactive(file):  1416384 kB
Unevictable:        5712 kB
Mlocked:            5712 kB
SwapTotal:       3670008 kB
SwapFree:        3670008 kB
Dirty:               424 kB
Writeback:             0 kB
AnonPages:       2210936 kB
Mapped:           936352 kB
Shmem:             18348 kB
KReclaimable:     110432 kB
Slab:             202508 kB
SReclaimable:      47928 kB
SUnreclaim:       154580 kB
KernelStack:       46608 kB
PageTables:        62988 kB
NFS_Unstable:          0 kB
Bounce:                0 kB
WritebackTmp:          0 kB
CommitLimit:     6660208 kB
Committed_AS:   73176908 kB
VmallocTotal:   263061440 kB
VmallocUsed:       87064 kB
VmallocChunk:          0 kB
Percpu:             7616 kB
CmaTotal:         315392 kB
CmaFree:               0 kB
MemTotal:        5980404 kB
MemFree:          269292 kB
MemAvailable:    1613268 kB
Buffers:            4596 kB
Cached:          1706064 kB
SwapCached:            0 kB
Active:          2449264 kB
Inactive:        1467080 kB
Active(anon):    2178020 kB
Inactive(anon):    50688 kB
Active(file):     271244 kB
Inactive(file):  1416392 kB
Unevictable:        5712 kB
Mlocked:            5712 kB
SwapTotal:       3670008 kB
SwapFree:        3670008 kB
Dirty:               456 kB
Writeback:             0 kB
AnonPages:       2211156 kB
Mapped:           936156 kB
Shmem:             18348 kB
KReclaimable:     110432 kB
Slab:             202508 kB
SReclaimable:      47928 kB
SUnreclaim:       154580 kB
KernelStack:       46624 kB
PageTables:        62964 kB
NFS_Unstable:          0 kB
Bounce:                0 kB
WritebackTmp:          0 kB
CommitLimit:     6660208 kB
Committed_AS:   73175444 kB
VmallocTotal:   263061440 kB
VmallocUsed:       87064 kB
VmallocChunk:          0 kB
Percpu:             7616 kB
CmaTotal:         315392 kB
CmaFree:               0 kB
MemTotal:        5980404 kB
MemFree:          269276 kB
MemAvailable:    1613256 kB
Buffers:            4596 kB
Cached:          1706076 kB
SwapCached:            0 kB
Active:          2449084 kB
Inactive:        1467092 kB
Active(anon):    2177840 kB
Inactive(anon):    50696 kB
Active(file):     271244 kB
Inactive(file):  1416396 kB
Unevictable:        5712 kB
Mlocked:            5712 kB
SwapTotal:       3670008 kB
SwapFree:        3670008 kB
Dirty:               460 kB
Writeback:             0 kB
AnonPages:       2211256 kB
Mapped:           936196 kB
Shmem:             18356 kB
KReclaimable:     110432 kB
Slab:             202508 kB
SReclaimable:      47928 kB
SUnreclaim:       154580 kB
KernelStack:       46640 kB
PageTables:        63012 kB
NFS_Unstable:          0 kB
Bounce:                0 kB
WritebackTmp:          0 kB
CommitLimit:     6660208 kB
Committed_AS:   73172624 kB
VmallocTotal:   263061440 kB
VmallocUsed:       87032 kB
VmallocChunk:          0 kB
Percpu:             7616 kB
CmaTotal:         315392 kB
CmaFree:               0 kB
MemTotal:        5980404 kB
MemFree:          271092 kB
MemAvailable:    1615084 kB
Buffers:            4596 kB
Cached:          1706088 kB
SwapCached:            0 kB
Active:          2449956 kB
Inactive:        1467100 kB
Active(anon):    2178708 kB
Inactive(anon):    50696 kB
Active(file):     271248 kB
Inactive(file):  1416404 kB
Unevictable:        5712 kB
Mlocked:            5712 kB
SwapTotal:       3670008 kB
SwapFree:        3670008 kB
Dirty:               536 kB
Writeback:             0 kB
AnonPages:       2211948 kB
Mapped:           936144 kB
Shmem:             18356 kB
KReclaimable:     110432 kB
Slab:             202508 kB
SReclaimable:      47928 kB
SUnreclaim:       154580 kB
KernelStack:       46608 kB
PageTables:        62968 kB
NFS_Unstable:          0 kB
Bounce:                0 kB
WritebackTmp:          0 kB
CommitLimit:     6660208 kB
Committed_AS:   73175428 kB
VmallocTotal:   263061440 kB
VmallocUsed:       87048 kB
VmallocChunk:          0 kB
Percpu:             7616 kB
CmaTotal:         315392 kB
CmaFree:               0 kB
MemTotal:        5980404 kB
MemFree:          269540 kB
MemAvailable:    1613536 kB
Buffers:            4596 kB
Cached:          1706092 kB
SwapCached:            0 kB
Active:          2449600 kB
Inactive:        1467104 kB
Active(anon):    2178352 kB
Inactive(anon):    50696 kB
Active(file):     271248 kB
Inactive(file):  1416408 kB
Unevictable:        5712 kB
Mlocked:            5712 kB
SwapTotal:       3670008 kB
SwapFree:        3670008 kB
Dirty:               540 kB
Writeback:             0 kB
AnonPages:       2211772 kB
Mapped:           936144 kB
Shmem:             18356 kB
KReclaimable:     110432 kB
Slab:             202516 kB
SReclaimable:      47928 kB
SUnreclaim:       154588 kB
KernelStack:       46656 kB
PageTables:        62988 kB
NFS_Unstable:          0 kB
Bounce:                0 kB
WritebackTmp:          0 kB
CommitLimit:     6660208 kB
Committed_AS:   73176328 kB
VmallocTotal:   263061440 kB
VmallocUsed:       87048 kB
VmallocChunk:          0 kB
Percpu:             7616 kB
CmaTotal:         315392 kB
CmaFree:               0 kB
MemTotal:        5980404 kB
MemFree:          270024 kB
MemAvailable:    1614032 kB
Buffers:            4596 kB
Cached:          1706104 kB
SwapCached:            0 kB
Active:          2450104 kB
Inactive:        1467116 kB
Active(anon):    2178856 kB
Inactive(anon):    50696 kB
Active(file):     271248 kB
Inactive(file):  1416420 kB
Unevictable:        5712 kB
Mlocked:            5712 kB
SwapTotal:       3670008 kB
SwapFree:        3670008 kB
Dirty:               424 kB
Writeback:             0 kB
AnonPages:       2212072 kB
Mapped:           936192 kB
Shmem:             18356 kB
KReclaimable:     110432 kB
Slab:             202524 kB
SReclaimable:      47928 kB
SUnreclaim:       154596 kB
KernelStack:       46640 kB
PageTables:        62916 kB
NFS_Unstable:          0 kB
Bounce:                0 kB
WritebackTmp:          0 kB
CommitLimit:     6660208 kB
Committed_AS:   73176164 kB
VmallocTotal:   263061440 kB
VmallocUsed:       87064 kB
VmallocChunk:          0 kB
Percpu:             7616 kB
CmaTotal:         315392 kB
CmaFree:               0 kB
MemTotal:        5980404 kB
MemFree:          269100 kB
MemAvailable:    1613140 kB
Buffers:            4600 kB
Cached:          1706132 kB
SwapCached:            0 kB
Active:          2449968 kB
Inactive:        1467144 kB
Active(anon):    2178716 kB
Inactive(anon):    50696 kB
Active(file):     271252 kB
Inactive(file):  1416448 kB
Unevictable:        5712 kB
Mlocked:            5712 kB
SwapTotal:       3670008 kB
SwapFree:        3670008 kB
Dirty:               468 kB
Writeback:             0 kB
AnonPages:       2211856 kB
Mapped:           936444 kB
Shmem:             18356 kB
KReclaimable:     110432 kB
Slab:             202528 kB
SReclaimable:      47928 kB
SUnreclaim:       154600 kB
KernelStack:       46704 kB
PageTables:        62792 kB
NFS_Unstable:          0 kB
Bounce:                0 kB
WritebackTmp:          0 kB
CommitLimit:     6660208 kB
Committed_AS:   73174484 kB
VmallocTotal:   263061440 kB
VmallocUsed:       87032 kB
VmallocChunk:          0 kB
Percpu:             7616 kB
CmaTotal:         315392 kB
CmaFree:               0 kB
MemTotal:        5980404 kB
MemFree:          269048 kB
MemAvailable:    1613096 kB
Buffers:            4600 kB
Cached:          1706140 kB
SwapCached:            0 kB
Active:          2450176 kB
Inactive:        1467148 kB
Active(anon):    2178920 kB
Inactive(anon):    50696 kB
Active(file):     271256 kB
Inactive(file):  1416452 kB
Unevictable:        5712 kB
Mlocked:            5712 kB
SwapTotal:       3670008 kB
SwapFree:        3670008 kB
Dirty:               496 kB
Writeback:             0 kB
AnonPages:       2212228 kB
Mapped:           936248 kB
Shmem:             18356 kB
KReclaimable:     110432 kB
Slab:             202528 kB
SReclaimable:      47928 kB
SUnreclaim:       154600 kB
KernelStack:       46692 kB
PageTables:        63368 kB
NFS_Unstable:          0 kB
Bounce:                0 kB
WritebackTmp:          0 kB
CommitLimit:     6660208 kB
Committed_AS:   73177596 kB
VmallocTotal:   263061440 kB
VmallocUsed:       87064 kB
VmallocChunk:          0 kB
Percpu:             7616 kB
CmaTotal:         315392 kB
CmaFree:               0 kB
MemTotal:        5980404 kB
MemFree:          268880 kB
MemAvailable:    1612936 kB
Buffers:            4600 kB
Cached:          1706152 kB
SwapCached:            0 kB
Active:          2450340 kB
Inactive:        1467160 kB
Active(anon):    2179084 kB
Inactive(anon):    50700 kB
Active(file):     271256 kB
Inactive(file):  1416460 kB
Unevictable:        5712 kB
Mlocked:            5712 kB
SwapTotal:       3670008 kB
SwapFree:        3670008 kB
Dirty:               504 kB
Writeback:             0 kB
AnonPages:       2212032 kB
Mapped:           936224 kB
Shmem:             18360 kB
KReclaimable:     110432 kB
Slab:             202532 kB
SReclaimable:      47928 kB
SUnreclaim:       154604 kB
KernelStack:       46688 kB
PageTables:        63180 kB
NFS_Unstable:          0 kB
Bounce:                0 kB
WritebackTmp:          0 kB
CommitLimit:     6660208 kB
Committed_AS:   73177508 kB
VmallocTotal:   263061440 kB
VmallocUsed:       87048 kB
VmallocChunk:          0 kB
Percpu:             7616 kB
CmaTotal:         315392 kB
CmaFree:               0 kB
MemTotal:        5980404 kB
MemFree:          269060 kB
MemAvailable:    1613120 kB
Buffers:            4600 kB
Cached:          1706156 kB
SwapCached:            0 kB
Active:          2450112 kB
Inactive:        1467164 kB
Active(anon):    2178856 kB
Inactive(anon):    50700 kB
Active(file):     271256 kB
Inactive(file):  1416464 kB
Unevictable:        5712 kB
Mlocked:            5712 kB
SwapTotal:       3670008 kB
SwapFree:        3670008 kB
Dirty:               508 kB
Writeback:             0 kB
AnonPages:       2212268 kB
Mapped:           944836 kB
Shmem:             18360 kB
KReclaimable:     110432 kB
Slab:             202532 kB
SReclaimable:      47928 kB
SUnreclaim:       154604 kB
KernelStack:       46672 kB
PageTables:        63040 kB
NFS_Unstable:          0 kB
Bounce:                0 kB
WritebackTmp:          0 kB
CommitLimit:     6660208 kB
Committed_AS:   73175180 kB
VmallocTotal:   263061440 kB
VmallocUsed:       87032 kB
VmallocChunk:          0 kB
Percpu:             7616 kB
CmaTotal:         315392 kB
CmaFree:               0 kB
MemTotal:        5980404 kB
MemFree:          270068 kB
MemAvailable:    1614132 kB
Buffers:            4600 kB
Cached:          1706160 kB
SwapCached:            0 kB
Active:          2448396 kB
Inactive:        1467168 kB
Active(anon):    2177140 kB
Inactive(anon):    50700 kB
Active(file):     271256 kB
Inactive(file):  1416468 kB
Unevictable:        5712 kB
Mlocked:            5712 kB
SwapTotal:       3670008 kB
SwapFree:        3670008 kB
Dirty:               528 kB
Writeback:             0 kB
AnonPages:       2210612 kB
Mapped:           936360 kB
Shmem:             18360 kB
KReclaimable:     110432 kB
Slab:             202536 kB
SReclaimable:      47928 kB
SUnreclaim:       154608 kB
KernelStack:       46640 kB
PageTables:        63048 kB
NFS_Unstable:          0 kB
Bounce:                0 kB
WritebackTmp:          0 kB
CommitLimit:     6660208 kB
Committed_AS:   73173244 kB
VmallocTotal:   263061440 kB
VmallocUsed:       87032 kB
VmallocChunk:          0 kB
Percpu:             7616 kB
CmaTotal:         315392 kB
CmaFree:               0 kB
MemTotal:        5980404 kB
MemFree:          281964 kB
MemAvailable:    1626040 kB
Buffers:            4600 kB
Cached:          1706172 kB
SwapCached:            0 kB
Active:          2435016 kB
Inactive:        1467180 kB
Active(anon):    2163760 kB
Inactive(anon):    50700 kB
Active(file):     271256 kB
Inactive(file):  1416480 kB
Unevictable:        5712 kB
Mlocked:            5712 kB
SwapTotal:       3670008 kB
SwapFree:        3670008 kB
Dirty:               488 kB
Writeback:             0 kB
AnonPages:       2197224 kB
Mapped:           936164 kB
Shmem:             18360 kB
KReclaimable:     110432 kB
Slab:             202528 kB
SReclaimable:      47928 kB
SUnreclaim:       154600 kB
KernelStack:       46704 kB
PageTables:        63100 kB
NFS_Unstable:          0 kB
Bounce:                0 kB
WritebackTmp:          0 kB
CommitLimit:     6660208 kB
Committed_AS:   73173164 kB
VmallocTotal:   263061440 kB
VmallocUsed:       87064 kB
VmallocChunk:          0 kB
Percpu:             7616 kB
CmaTotal:         315392 kB
CmaFree:             728 kB
MemTotal:        5980404 kB
MemFree:          282028 kB
MemAvailable:    1626116 kB
Buffers:            4600 kB
Cached:          1706184 kB
SwapCached:            0 kB
Active:          2435040 kB
Inactive:        1467192 kB
Active(anon):    2163784 kB
Inactive(anon):    50700 kB
Active(file):     271256 kB
Inactive(file):  1416492 kB
Unevictable:        5712 kB
Mlocked:            5712 kB
SwapTotal:       3670008 kB
SwapFree:        3670008 kB
Dirty:               504 kB
Writeback:             0 kB
AnonPages:       2197184 kB
Mapped:           936192 kB
Shmem:             18360 kB
KReclaimable:     110432 kB
Slab:             202524 kB
SReclaimable:      47928 kB
SUnreclaim:       154596 kB
KernelStack:       46704 kB
PageTables:        62928 kB
NFS_Unstable:          0 kB
Bounce:                0 kB
WritebackTmp:          0 kB
CommitLimit:     6660208 kB
Committed_AS:   73175352 kB
VmallocTotal:   263061440 kB
VmallocUsed:       87064 kB
VmallocChunk:          0 kB
Percpu:             7616 kB
CmaTotal:         315392 kB
CmaFree:             532 kB
MemTotal:        5980404 kB
MemFree:          282440 kB
MemAvailable:    1626532 kB
Buffers:            4600 kB
Cached:          1706188 kB
SwapCached:            0 kB
Active:          2435092 kB
Inactive:        1467196 kB
Active(anon):    2163836 kB
Inactive(anon):    50700 kB
Active(file):     271256 kB
Inactive(file):  1416496 kB
Unevictable:        5712 kB
Mlocked:            5712 kB
SwapTotal:       3670008 kB
SwapFree:        3670008 kB
Dirty:               508 kB
Writeback:             0 kB
AnonPages:       2197360 kB
Mapped:           936232 kB
Shmem:             18360 kB
KReclaimable:     110432 kB
Slab:             202516 kB
SReclaimable:      47928 kB
SUnreclaim:       154588 kB
KernelStack:       46720 kB
PageTables:        63068 kB
NFS_Unstable:          0 kB
Bounce:                0 kB
WritebackTmp:          0 kB
CommitLimit:     6660208 kB
Committed_AS:   73175200 kB
VmallocTotal:   263061440 kB
VmallocUsed:       87080 kB
VmallocChunk:          0 kB
Percpu:             7616 kB
CmaTotal:         315392 kB
CmaFree:             828 kB
MemTotal:        5980404 kB
MemFree:          280500 kB
MemAvailable:    1624604 kB
Buffers:            4600 kB
Cached:          1706204 kB
SwapCached:            0 kB
Active:          2436100 kB
Inactive:        1467208 kB
Active(anon):    2164840 kB
Inactive(anon):    50704 kB
Active(file):     271260 kB
Inactive(file):  1416504 kB
Unevictable:        5712 kB
Mlocked:            5712 kB
SwapTotal:       3670008 kB
SwapFree:        3670008 kB
Dirty:               532 kB
Writeback:             0 kB
AnonPages:       2198284 kB
Mapped:           936204 kB
Shmem:             18364 kB
KReclaimable:     110432 kB
Slab:             202516 kB
SReclaimable:      47928 kB
SUnreclaim:       154588 kB
KernelStack:       46656 kB
PageTables:        63152 kB
NFS_Unstable:          0 kB
Bounce:                0 kB
WritebackTmp:          0 kB
CommitLimit:     6660208 kB
Committed_AS:   73175276 kB
VmallocTotal:   263061440 kB
VmallocUsed:       87112 kB
VmallocChunk:          0 kB
Percpu:             7616 kB
CmaTotal:         315392 kB
CmaFree:               0 kB
MemTotal:        5980404 kB
MemFree:          234256 kB
MemAvailable:    1601728 kB
Buffers:            4600 kB
Cached:          1706208 kB
SwapCached:            0 kB
Active:          2436416 kB
Inactive:        1467212 kB
Active(anon):    2165156 kB
Inactive(anon):    50704 kB
Active(file):     271260 kB
Inactive(file):  1416508 kB
Unevictable:        5712 kB
Mlocked:            5712 kB
SwapTotal:       3670008 kB
SwapFree:        3670008 kB
Dirty:               456 kB
Writeback:             0 kB
AnonPages:       2198376 kB
Mapped:           936272 kB
Shmem:             18364 kB
KReclaimable:     157160 kB
Slab:             202516 kB
SReclaimable:      47928 kB
SUnreclaim:       154588 kB
KernelStack:       46704 kB
PageTables:        63252 kB
NFS_Unstable:          0 kB
Bounce:                0 kB
WritebackTmp:          0 kB
CommitLimit:     6660208 kB
Committed_AS:   73171592 kB
VmallocTotal:   263061440 kB
VmallocUsed:       87112 kB
VmallocChunk:          0 kB
Percpu:             7616 kB
CmaTotal:         315392 kB
CmaFree:             152 kB
MemTotal:        5980404 kB
MemFree:          234740 kB
MemAvailable:    1602220 kB
Buffers:            4600 kB
Cached:          1706216 kB
SwapCached:            0 kB
Active:          2436792 kB
Inactive:        1467220 kB
Active(anon):    2165532 kB
Inactive(anon):    50704 kB
Active(file):     271260 kB
Inactive(file):  1416516 kB
Unevictable:        5712 kB
Mlocked:            5712 kB
SwapTotal:       3670008 kB
SwapFree:        3670008 kB
Dirty:               492 kB
Writeback:             0 kB
AnonPages:       2198968 kB
Mapped:           936388 kB
Shmem:             18364 kB
KReclaimable:     157160 kB
Slab:             202520 kB
SReclaimable:      47928 kB
SUnreclaim:       154592 kB
KernelStack:       46688 kB
PageTables:        63216 kB
NFS_Unstable:          0 kB
Bounce:                0 kB
WritebackTmp:          0 kB
CommitLimit:     6660208 kB
Committed_AS:   73176224 kB
VmallocTotal:   263061440 kB
VmallocUsed:       87096 kB
VmallocChunk:          0 kB
Percpu:             7616 kB
CmaTotal:         315392 kB
CmaFree:             256 kB
MemTotal:        5980404 kB
MemFree:          234304 kB
MemAvailable:    1601796 kB
Buffers:            4600 kB
Cached:          1706232 kB
SwapCached:            0 kB
Active:          2437632 kB
Inactive:        1467232 kB
Active(anon):    2166368 kB
Inactive(anon):    50708 kB
Active(file):     271264 kB
Inactive(file):  1416524 kB
Unevictable:        5712 kB
Mlocked:            5712 kB
SwapTotal:       3670008 kB
SwapFree:        3670008 kB
Dirty:               524 kB
Writeback:             0 kB
AnonPages:       2199580 kB
Mapped:           936288 kB
Shmem:             18368 kB
KReclaimable:     157160 kB
Slab:             202520 kB
SReclaimable:      47928 kB
SUnreclaim:       154592 kB
KernelStack:       46688 kB
PageTables:        63304 kB
NFS_Unstable:          0 kB
Bounce:                0 kB
WritebackTmp:          0 kB
CommitLimit:     6660208 kB
Committed_AS:   73174524 kB
VmallocTotal:   263061440 kB
VmallocUsed:       87080 kB
VmallocChunk:          0 kB
Percpu:             7616 kB
CmaTotal:         315392 kB
CmaFree:               0 kB
MemTotal:        5980404 kB
MemFree:          235268 kB
MemAvailable:    1602772 kB
Buffers:            4600 kB
Cached:          1706248 kB
SwapCached:            0 kB
Active:          2436928 kB
Inactive:        1467248 kB
Active(anon):    2165664 kB
Inactive(anon):    50712 kB
Active(file):     271264 kB
Inactive(file):  1416536 kB
Unevictable:        5712 kB
Mlocked:            5712 kB
SwapTotal:       3670008 kB
SwapFree:        3670008 kB
Dirty:               604 kB
Writeback:             0 kB
AnonPages:       2199192 kB
Mapped:           936220 kB
Shmem:             18372 kB
KReclaimable:     157160 kB
Slab:             202524 kB
SReclaimable:      47928 kB
SUnreclaim:       154596 kB
KernelStack:       46656 kB
PageTables:        63064 kB
NFS_Unstable:          0 kB
Bounce:                0 kB
WritebackTmp:          0 kB
CommitLimit:     6660208 kB
Committed_AS:   73178788 kB
VmallocTotal:   263061440 kB
VmallocUsed:       87016 kB
VmallocChunk:          0 kB
Percpu:             7616 kB
CmaTotal:         315392 kB
CmaFree:               0 kB
MemTotal:        5980404 kB
MemFree:          233884 kB
MemAvailable:    1601388 kB
Buffers:            4600 kB
Cached:          1706248 kB
SwapCached:            0 kB
Active:          2437200 kB
Inactive:        1467248 kB
Active(anon):    2165936 kB
Inactive(anon):    50712 kB
Active(file):     271264 kB
Inactive(file):  1416536 kB
Unevictable:        5712 kB
Mlocked:            5712 kB
SwapTotal:       3670008 kB
SwapFree:        3670008 kB
Dirty:               612 kB
Writeback:             0 kB
AnonPages:       2199372 kB
Mapped:           936220 kB
Shmem:             18372 kB
KReclaimable:     157160 kB
Slab:             202528 kB
SReclaimable:      47928 kB
SUnreclaim:       154600 kB
KernelStack:       46672 kB
PageTables:        63056 kB
NFS_Unstable:          0 kB
Bounce:                0 kB
WritebackTmp:          0 kB
CommitLimit:     6660208 kB
Committed_AS:   73178724 kB
VmallocTotal:   263061440 kB
VmallocUsed:       87032 kB
VmallocChunk:          0 kB
Percpu:             7616 kB
CmaTotal:         315392 kB
CmaFree:               0 kB
MemTotal:        5980404 kB
MemFree:          234508 kB
MemAvailable:    1602016 kB
Buffers:            4600 kB
Cached:          1706252 kB
SwapCached:            0 kB
Active:          2437224 kB
Inactive:        1467252 kB
Active(anon):    2165960 kB
Inactive(anon):    50712 kB
Active(file):     271264 kB
Inactive(file):  1416540 kB
Unevictable:        5712 kB
Mlocked:            5712 kB
SwapTotal:       3670008 kB
SwapFree:        3670008 kB
Dirty:               392 kB
Writeback:             0 kB
AnonPages:       2199296 kB
Mapped:           936404 kB
Shmem:             18372 kB
KReclaimable:     157160 kB
Slab:             202532 kB
SReclaimable:      47928 kB
SUnreclaim:       154604 kB
KernelStack:       46628 kB
PageTables:        62960 kB
NFS_Unstable:          0 kB
Bounce:                0 kB
WritebackTmp:          0 kB
CommitLimit:     6660208 kB
Committed_AS:   73176064 kB
VmallocTotal:   263061440 kB
VmallocUsed:       87064 kB
VmallocChunk:          0 kB
Percpu:             7616 kB
CmaTotal:         315392 kB
CmaFree:               4 kB
MemTotal:        5980404 kB
MemFree:          233868 kB
MemAvailable:    1601408 kB
Buffers:            4608 kB
Cached:          1706276 kB
SwapCached:            0 kB
Active:          2437300 kB
Inactive:        1467264 kB
Active(anon):    2166016 kB
Inactive(anon):    50712 kB
Active(file):     271284 kB
Inactive(file):  1416552 kB
Unevictable:        5712 kB
Mlocked:            5712 kB
SwapTotal:       3670008 kB
SwapFree:        3670008 kB
Dirty:               456 kB
Writeback:             0 kB
AnonPages:       2199408 kB
Mapped:           936512 kB
Shmem:             18372 kB
KReclaimable:     157160 kB
Slab:             202532 kB
SReclaimable:      47928 kB
SUnreclaim:       154604 kB
KernelStack:       46640 kB
PageTables:        63028 kB
NFS_Unstable:          0 kB
Bounce:                0 kB
WritebackTmp:          0 kB
CommitLimit:     6660208 kB
Committed_AS:   73175424 kB
VmallocTotal:   263061440 kB
VmallocUsed:       87080 kB
VmallocChunk:          0 kB
Percpu:             7616 kB
CmaTotal:         315392 kB
CmaFree:               0 kB
MemTotal:        5980404 kB
MemFree:          234748 kB
MemAvailable:    1602300 kB
Buffers:            4608 kB
Cached:          1706288 kB
SwapCached:            0 kB
Active:          2437464 kB
Inactive:        1467276 kB
Active(anon):    2166180 kB
Inactive(anon):    50712 kB
Active(file):     271284 kB
Inactive(file):  1416564 kB
Unevictable:        5712 kB
Mlocked:            5712 kB
SwapTotal:       3670008 kB
SwapFree:        3670008 kB
Dirty:               468 kB
Writeback:             0 kB
AnonPages:       2199620 kB
Mapped:           936608 kB
Shmem:             18372 kB
KReclaimable:     157160 kB
Slab:             202536 kB
SReclaimable:      47928 kB
SUnreclaim:       154608 kB
KernelStack:       46624 kB
PageTables:        63120 kB
NFS_Unstable:          0 kB
Bounce:                0 kB
WritebackTmp:          0 kB
CommitLimit:     6660208 kB
Committed_AS:   73173948 kB
VmallocTotal:   263061440 kB
VmallocUsed:       87032 kB
