MemTotal:        5980404 kB
MemFree:         1229192 kB
MemAvailable:    2942624 kB
Buffers:            6340 kB
Cached:          1723680 kB
SwapCached:            0 kB
Active:          1245312 kB
Inactive:        1499520 kB
Active(anon):    1021136 kB
Inactive(anon):    20044 kB
Active(file):     224176 kB
Inactive(file):  1479476 kB
Unevictable:        5632 kB
Mlocked:            5632 kB
SwapTotal:       3670008 kB
SwapFree:        3670008 kB
Dirty:               200 kB
Writeback:             0 kB
AnonPages:       1019816 kB
Mapped:           780488 kB
Shmem:             21776 kB
KReclaimable:     572212 kB
Slab:             223332 kB
SReclaimable:      70192 kB
SUnreclaim:       153140 kB
KernelStack:       43296 kB
PageTables:        54936 kB
NFS_Unstable:          0 kB
Bounce:                0 kB
WritebackTmp:          0 kB
CommitLimit:     6660208 kB
Committed_AS:   61396456 kB
VmallocTotal:   263061440 kB
VmallocUsed:       83672 kB
VmallocChunk:          0 kB
Percpu:             7648 kB
CmaTotal:         315392 kB
CmaFree:               0 kB
MemTotal:        5980404 kB
MemFree:         1224668 kB
MemAvailable:    2938100 kB
Buffers:            6340 kB
Cached:          1723680 kB
SwapCached:            0 kB
Active:          1250044 kB
Inactive:        1499516 kB
Active(anon):    1025864 kB
Inactive(anon):    20044 kB
Active(file):     224180 kB
Inactive(file):  1479472 kB
Unevictable:        5632 kB
Mlocked:            5632 kB
SwapTotal:       3670008 kB
SwapFree:        3670008 kB
Dirty:               172 kB
Writeback:             0 kB
AnonPages:       1025080 kB
Mapped:           779856 kB
Shmem:             21776 kB
KReclaimable:     572212 kB
Slab:             223412 kB
SReclaimable:      70192 kB
SUnreclaim:       153220 kB
KernelStack:       43328 kB
PageTables:        55192 kB
NFS_Unstable:          0 kB
Bounce:                0 kB
WritebackTmp:          0 kB
CommitLimit:     6660208 kB
Committed_AS:   61401316 kB
VmallocTotal:   263061440 kB
VmallocUsed:       83672 kB
VmallocChunk:          0 kB
Percpu:             7648 kB
CmaTotal:         315392 kB
CmaFree:              24 kB
MemTotal:        5980404 kB
MemFree:         1224192 kB
MemAvailable:    2937624 kB
Buffers:            6340 kB
Cached:          1723680 kB
SwapCached:            0 kB
Active:          1250676 kB
Inactive:        1499516 kB
Active(anon):    1026496 kB
Inactive(anon):    20044 kB
Active(file):     224180 kB
Inactive(file):  1479472 kB
Unevictable:        5632 kB
Mlocked:            5632 kB
SwapTotal:       3670008 kB
SwapFree:        3670008 kB
Dirty:               172 kB
Writeback:             0 kB
AnonPages:       1025616 kB
Mapped:           779800 kB
Shmem:             21776 kB
KReclaimable:     572212 kB
Slab:             223372 kB
SReclaimable:      70192 kB
SUnreclaim:       153180 kB
KernelStack:       43360 kB
PageTables:        55232 kB
NFS_Unstable:          0 kB
Bounce:                0 kB
WritebackTmp:          0 kB
CommitLimit:     6660208 kB
Committed_AS:   61400132 kB
VmallocTotal:   263061440 kB
VmallocUsed:       83688 kB
VmallocChunk:          0 kB
Percpu:             7648 kB
CmaTotal:         315392 kB
CmaFree:               0 kB
MemTotal:        5980404 kB
MemFree:         1222564 kB
MemAvailable:    2935996 kB
Buffers:            6340 kB
Cached:          1723692 kB
SwapCached:            0 kB
Active:          1251340 kB
Inactive:        1499528 kB
Active(anon):    1027160 kB
Inactive(anon):    20056 kB
Active(file):     224180 kB
Inactive(file):  1479472 kB
Unevictable:        5632 kB
Mlocked:            5632 kB
SwapTotal:       3670008 kB
SwapFree:        3670008 kB
Dirty:               172 kB
Writeback:             0 kB
AnonPages:       1026412 kB
Mapped:           779868 kB
Shmem:             21788 kB
KReclaimable:     572212 kB
Slab:             223412 kB
SReclaimable:      70192 kB
SUnreclaim:       153220 kB
KernelStack:       43312 kB
PageTables:        55192 kB
NFS_Unstable:          0 kB
Bounce:                0 kB
WritebackTmp:          0 kB
CommitLimit:     6660208 kB
Committed_AS:   61404292 kB
VmallocTotal:   263061440 kB
VmallocUsed:       83656 kB
VmallocChunk:          0 kB
Percpu:             7648 kB
CmaTotal:         315392 kB
CmaFree:               0 kB
MemTotal:        5980404 kB
MemFree:         1222064 kB
MemAvailable:    2935504 kB
Buffers:            6348 kB
Cached:          1723692 kB
SwapCached:            0 kB
Active:          1251936 kB
Inactive:        1499532 kB
Active(anon):    1027752 kB
Inactive(anon):    20056 kB
Active(file):     224184 kB
Inactive(file):  1479476 kB
Unevictable:        5632 kB
Mlocked:            5632 kB
SwapTotal:       3670008 kB
SwapFree:        3670008 kB
Dirty:               164 kB
Writeback:             0 kB
AnonPages:       1026908 kB
Mapped:           779580 kB
Shmem:             21788 kB
KReclaimable:     572212 kB
Slab:             223376 kB
SReclaimable:      70192 kB
SUnreclaim:       153184 kB
KernelStack:       43332 kB
PageTables:        55520 kB
NFS_Unstable:          0 kB
Bounce:                0 kB
WritebackTmp:          0 kB
CommitLimit:     6660208 kB
Committed_AS:   61403080 kB
VmallocTotal:   263061440 kB
VmallocUsed:       83640 kB
VmallocChunk:          0 kB
Percpu:             7648 kB
CmaTotal:         315392 kB
CmaFree:               0 kB
MemTotal:        5980404 kB
MemFree:         1221084 kB
MemAvailable:    2934536 kB
Buffers:            6348 kB
Cached:          1723708 kB
SwapCached:            0 kB
Active:          1253304 kB
Inactive:        1499544 kB
Active(anon):    1029116 kB
Inactive(anon):    20060 kB
Active(file):     224188 kB
Inactive(file):  1479484 kB
Unevictable:        5632 kB
Mlocked:            5632 kB
SwapTotal:       3670008 kB
SwapFree:        3670008 kB
Dirty:               196 kB
Writeback:             0 kB
AnonPages:       1028124 kB
Mapped:           779868 kB
Shmem:             21792 kB
KReclaimable:     572212 kB
Slab:             223416 kB
SReclaimable:      70192 kB
SUnreclaim:       153224 kB
KernelStack:       43312 kB
PageTables:        55188 kB
NFS_Unstable:          0 kB
Bounce:                0 kB
WritebackTmp:          0 kB
CommitLimit:     6660208 kB
Committed_AS:   61405204 kB
VmallocTotal:   263061440 kB
VmallocUsed:       83624 kB
VmallocChunk:          0 kB
Percpu:             7648 kB
CmaTotal:         315392 kB
CmaFree:               0 kB
MemTotal:        5980404 kB
MemFree:         1221344 kB
MemAvailable:    2934792 kB
Buffers:            6348 kB
Cached:          1723708 kB
SwapCached:            0 kB
Active:          1253592 kB
Inactive:        1499548 kB
Active(anon):    1029408 kB
Inactive(anon):    20064 kB
Active(file):     224184 kB
Inactive(file):  1479484 kB
Unevictable:        5632 kB
Mlocked:            5632 kB
SwapTotal:       3670008 kB
SwapFree:        3670008 kB
Dirty:               200 kB
Writeback:             0 kB
AnonPages:       1028640 kB
Mapped:           780040 kB
Shmem:             21796 kB
KReclaimable:     572212 kB
Slab:             223416 kB
SReclaimable:      70192 kB
SUnreclaim:       153224 kB
KernelStack:       43280 kB
PageTables:        55320 kB
NFS_Unstable:          0 kB
Bounce:                0 kB
WritebackTmp:          0 kB
CommitLimit:     6660208 kB
Committed_AS:   61402400 kB
VmallocTotal:   263061440 kB
VmallocUsed:       83592 kB
VmallocChunk:          0 kB
Percpu:             7648 kB
CmaTotal:         315392 kB
CmaFree:             124 kB
MemTotal:        5980404 kB
MemFree:         1220760 kB
MemAvailable:    2934276 kB
Buffers:            6348 kB
Cached:          1723712 kB
SwapCached:            0 kB
Active:          1253760 kB
Inactive:        1499548 kB
Active(anon):    1029572 kB
Inactive(anon):    20064 kB
Active(file):     224188 kB
Inactive(file):  1479484 kB
Unevictable:        5632 kB
Mlocked:            5632 kB
SwapTotal:       3670008 kB
SwapFree:        3670008 kB
Dirty:               196 kB
Writeback:             0 kB
AnonPages:       1028932 kB
Mapped:           779712 kB
Shmem:             21796 kB
KReclaimable:     572212 kB
Slab:             223416 kB
SReclaimable:      70192 kB
SUnreclaim:       153224 kB
KernelStack:       43312 kB
PageTables:        55248 kB
NFS_Unstable:          0 kB
Bounce:                0 kB
WritebackTmp:          0 kB
CommitLimit:     6660208 kB
Committed_AS:   61400208 kB
VmallocTotal:   263061440 kB
VmallocUsed:       83576 kB
VmallocChunk:          0 kB
Percpu:             7648 kB
CmaTotal:         315392 kB
CmaFree:               4 kB
MemTotal:        5980404 kB
MemFree:         1219988 kB
MemAvailable:    2933440 kB
Buffers:            6348 kB
Cached:          1723712 kB
SwapCached:            0 kB
Active:          1254300 kB
Inactive:        1499548 kB
Active(anon):    1030112 kB
Inactive(anon):    20064 kB
Active(file):     224188 kB
Inactive(file):  1479484 kB
Unevictable:        5632 kB
Mlocked:            5632 kB
SwapTotal:       3670008 kB
SwapFree:        3670008 kB
Dirty:               204 kB
Writeback:             0 kB
AnonPages:       1029520 kB
Mapped:           779876 kB
Shmem:             21796 kB
KReclaimable:     572212 kB
Slab:             223424 kB
SReclaimable:      70192 kB
SUnreclaim:       153232 kB
KernelStack:       43296 kB
PageTables:        55320 kB
NFS_Unstable:          0 kB
Bounce:                0 kB
WritebackTmp:          0 kB
CommitLimit:     6660208 kB
Committed_AS:   61401132 kB
VmallocTotal:   263061440 kB
VmallocUsed:       83560 kB
VmallocChunk:          0 kB
Percpu:             7648 kB
CmaTotal:         315392 kB
CmaFree:               0 kB
MemTotal:        5980404 kB
MemFree:         1219456 kB
MemAvailable:    2932908 kB
Buffers:            6348 kB
Cached:          1723712 kB
SwapCached:            0 kB
Active:          1255548 kB
Inactive:        1499548 kB
Active(anon):    1031360 kB
Inactive(anon):    20064 kB
Active(file):     224188 kB
Inactive(file):  1479484 kB
Unevictable:        5632 kB
Mlocked:            5632 kB
SwapTotal:       3670008 kB
SwapFree:        3670008 kB
Dirty:               204 kB
Writeback:             0 kB
AnonPages:       1030484 kB
Mapped:           779796 kB
Shmem:             21796 kB
KReclaimable:     572212 kB
Slab:             223416 kB
SReclaimable:      70192 kB
SUnreclaim:       153224 kB
KernelStack:       43248 kB
PageTables:        55132 kB
NFS_Unstable:          0 kB
Bounce:                0 kB
WritebackTmp:          0 kB
CommitLimit:     6660208 kB
Committed_AS:   61402304 kB
VmallocTotal:   263061440 kB
VmallocUsed:       83576 kB
VmallocChunk:          0 kB
Percpu:             7648 kB
CmaTotal:         315392 kB
CmaFree:               0 kB
MemTotal:        5980404 kB
MemFree:         1218816 kB
MemAvailable:    2932268 kB
Buffers:            6348 kB
Cached:          1723712 kB
SwapCached:            0 kB
Active:          1255952 kB
Inactive:        1499548 kB
Active(anon):    1031764 kB
Inactive(anon):    20064 kB
Active(file):     224188 kB
Inactive(file):  1479484 kB
Unevictable:        5632 kB
Mlocked:            5632 kB
SwapTotal:       3670008 kB
SwapFree:        3670008 kB
Dirty:               204 kB
Writeback:             0 kB
AnonPages:       1031152 kB
Mapped:           779876 kB
Shmem:             21796 kB
KReclaimable:     572212 kB
Slab:             223368 kB
SReclaimable:      70192 kB
SUnreclaim:       153176 kB
KernelStack:       43312 kB
PageTables:        55192 kB
NFS_Unstable:          0 kB
Bounce:                0 kB
WritebackTmp:          0 kB
CommitLimit:     6660208 kB
Committed_AS:   61403256 kB
VmallocTotal:   263061440 kB
VmallocUsed:       83592 kB
VmallocChunk:          0 kB
Percpu:             7648 kB
CmaTotal:         315392 kB
CmaFree:              16 kB
MemTotal:        5980404 kB
MemFree:         1218428 kB
MemAvailable:    2931872 kB
Buffers:            6348 kB
Cached:          1723704 kB
SwapCached:            0 kB
Active:          1256532 kB
Inactive:        1499544 kB
Active(anon):    1032348 kB
Inactive(anon):    20064 kB
Active(file):     224184 kB
Inactive(file):  1479480 kB
Unevictable:        5632 kB
Mlocked:            5632 kB
SwapTotal:       3670008 kB
SwapFree:        3670008 kB
Dirty:               136 kB
Writeback:             0 kB
AnonPages:       1031704 kB
Mapped:           779848 kB
Shmem:             21796 kB
KReclaimable:     572212 kB
Slab:             223424 kB
SReclaimable:      70192 kB
SUnreclaim:       153232 kB
KernelStack:       43236 kB
PageTables:        55396 kB
NFS_Unstable:          0 kB
Bounce:                0 kB
WritebackTmp:          0 kB
CommitLimit:     6660208 kB
Committed_AS:   61401632 kB
VmallocTotal:   263061440 kB
VmallocUsed:       83560 kB
VmallocChunk:          0 kB
Percpu:             7648 kB
CmaTotal:         315392 kB
CmaFree:              20 kB
MemTotal:        5980404 kB
MemFree:         1225520 kB
MemAvailable:    2938980 kB
Buffers:            6348 kB
Cached:          1723720 kB
SwapCached:            0 kB
Active:          1248176 kB
Inactive:        1499552 kB
Active(anon):    1023984 kB
Inactive(anon):    20064 kB
Active(file):     224192 kB
Inactive(file):  1479488 kB
Unevictable:        5632 kB
Mlocked:            5632 kB
SwapTotal:       3670008 kB
SwapFree:        3670008 kB
Dirty:               148 kB
Writeback:             0 kB
AnonPages:       1023364 kB
Mapped:           779900 kB
Shmem:             21796 kB
KReclaimable:     572212 kB
Slab:             223360 kB
SReclaimable:      70192 kB
SUnreclaim:       153168 kB
KernelStack:       43260 kB
PageTables:        55288 kB
NFS_Unstable:          0 kB
Bounce:                0 kB
WritebackTmp:          0 kB
CommitLimit:     6660208 kB
Committed_AS:   61405264 kB
VmallocTotal:   263061440 kB
VmallocUsed:       83544 kB
VmallocChunk:          0 kB
Percpu:             7648 kB
CmaTotal:         315392 kB
CmaFree:             296 kB
MemTotal:        5980404 kB
MemFree:         1224944 kB
MemAvailable:    2938396 kB
Buffers:            6348 kB
Cached:          1723712 kB
SwapCached:            0 kB
Active:          1248236 kB
Inactive:        1499548 kB
Active(anon):    1024048 kB
Inactive(anon):    20064 kB
Active(file):     224188 kB
Inactive(file):  1479484 kB
Unevictable:        5632 kB
Mlocked:            5632 kB
SwapTotal:       3670008 kB
SwapFree:        3670008 kB
Dirty:               148 kB
Writeback:             0 kB
AnonPages:       1023072 kB
Mapped:           779896 kB
Shmem:             21796 kB
KReclaimable:     572212 kB
Slab:             223428 kB
SReclaimable:      70192 kB
SUnreclaim:       153236 kB
KernelStack:       43216 kB
PageTables:        55304 kB
NFS_Unstable:          0 kB
Bounce:                0 kB
WritebackTmp:          0 kB
CommitLimit:     6660208 kB
Committed_AS:   61404488 kB
VmallocTotal:   263061440 kB
VmallocUsed:       83544 kB
VmallocChunk:          0 kB
Percpu:             7648 kB
CmaTotal:         315392 kB
CmaFree:               0 kB
MemTotal:        5980404 kB
MemFree:         1224600 kB
MemAvailable:    2938060 kB
Buffers:            6348 kB
Cached:          1723720 kB
SwapCached:            0 kB
Active:          1248972 kB
Inactive:        1499556 kB
Active(anon):    1024784 kB
Inactive(anon):    20064 kB
Active(file):     224188 kB
Inactive(file):  1479492 kB
Unevictable:        5632 kB
Mlocked:            5632 kB
SwapTotal:       3670008 kB
SwapFree:        3670008 kB
Dirty:               196 kB
Writeback:             0 kB
AnonPages:       1024168 kB
Mapped:           779876 kB
Shmem:             21796 kB
KReclaimable:     572212 kB
Slab:             223424 kB
SReclaimable:      70192 kB
SUnreclaim:       153232 kB
KernelStack:       43232 kB
PageTables:        55080 kB
NFS_Unstable:          0 kB
Bounce:                0 kB
WritebackTmp:          0 kB
CommitLimit:     6660208 kB
Committed_AS:   61402060 kB
VmallocTotal:   263061440 kB
VmallocUsed:       83576 kB
VmallocChunk:          0 kB
Percpu:             7648 kB
CmaTotal:         315392 kB
CmaFree:              84 kB
MemTotal:        5980404 kB
MemFree:         1224468 kB
MemAvailable:    2937952 kB
Buffers:            6348 kB
Cached:          1723744 kB
SwapCached:            0 kB
Active:          1249896 kB
Inactive:        1499580 kB
Active(anon):    1025708 kB
Inactive(anon):    20064 kB
Active(file):     224188 kB
Inactive(file):  1479516 kB
Unevictable:        5632 kB
Mlocked:            5632 kB
SwapTotal:       3670008 kB
SwapFree:        3670008 kB
Dirty:               200 kB
Writeback:             0 kB
AnonPages:       1025164 kB
Mapped:           779876 kB
Shmem:             21796 kB
KReclaimable:     572212 kB
Slab:             223424 kB
SReclaimable:      70192 kB
SUnreclaim:       153232 kB
KernelStack:       43280 kB
PageTables:        55324 kB
NFS_Unstable:          0 kB
Bounce:                0 kB
WritebackTmp:          0 kB
CommitLimit:     6660208 kB
Committed_AS:   61399012 kB
VmallocTotal:   263061440 kB
VmallocUsed:       83608 kB
VmallocChunk:          0 kB
Percpu:             7648 kB
CmaTotal:         315392 kB
CmaFree:               0 kB
MemTotal:        5980404 kB
MemFree:         1223300 kB
MemAvailable:    2936784 kB
Buffers:            6348 kB
Cached:          1723744 kB
SwapCached:            0 kB
Active:          1250672 kB
Inactive:        1499580 kB
Active(anon):    1026484 kB
Inactive(anon):    20064 kB
Active(file):     224188 kB
Inactive(file):  1479516 kB
Unevictable:        5632 kB
Mlocked:            5632 kB
SwapTotal:       3670008 kB
SwapFree:        3670008 kB
Dirty:               160 kB
Writeback:             0 kB
AnonPages:       1025540 kB
Mapped:           779876 kB
Shmem:             21796 kB
KReclaimable:     572212 kB
Slab:             223460 kB
SReclaimable:      70192 kB
SUnreclaim:       153268 kB
KernelStack:       43280 kB
PageTables:        55248 kB
NFS_Unstable:          0 kB
Bounce:                0 kB
WritebackTmp:          0 kB
CommitLimit:     6660208 kB
Committed_AS:   61398844 kB
VmallocTotal:   263061440 kB
VmallocUsed:       83608 kB
VmallocChunk:          0 kB
Percpu:             7648 kB
CmaTotal:         315392 kB
CmaFree:               0 kB
MemTotal:        5980404 kB
MemFree:         1222584 kB
MemAvailable:    2936068 kB
Buffers:            6348 kB
Cached:          1723752 kB
SwapCached:            0 kB
Active:          1251972 kB
Inactive:        1499588 kB
Active(anon):    1027784 kB
Inactive(anon):    20072 kB
Active(file):     224188 kB
Inactive(file):  1479516 kB
Unevictable:        5632 kB
Mlocked:            5632 kB
SwapTotal:       3670008 kB
SwapFree:        3670008 kB
Dirty:               160 kB
Writeback:             0 kB
AnonPages:       1026916 kB
Mapped:           779884 kB
Shmem:             21804 kB
KReclaimable:     572212 kB
Slab:             223468 kB
SReclaimable:      70192 kB
SUnreclaim:       153276 kB
KernelStack:       43248 kB
PageTables:        55192 kB
NFS_Unstable:          0 kB
Bounce:                0 kB
WritebackTmp:          0 kB
CommitLimit:     6660208 kB
Committed_AS:   61401268 kB
VmallocTotal:   263061440 kB
VmallocUsed:       83624 kB
VmallocChunk:          0 kB
Percpu:             7648 kB
CmaTotal:         315392 kB
CmaFree:               0 kB
MemTotal:        5980404 kB
MemFree:         1222232 kB
MemAvailable:    2935716 kB
Buffers:            6348 kB
Cached:          1723752 kB
SwapCached:            0 kB
Active:          1252988 kB
Inactive:        1499588 kB
Active(anon):    1028800 kB
Inactive(anon):    20072 kB
Active(file):     224188 kB
Inactive(file):  1479516 kB
Unevictable:        5632 kB
Mlocked:            5632 kB
SwapTotal:       3670008 kB
SwapFree:        3670008 kB
Dirty:               160 kB
Writeback:             0 kB
AnonPages:       1027956 kB
Mapped:           779856 kB
Shmem:             21804 kB
KReclaimable:     572212 kB
Slab:             223452 kB
SReclaimable:      70192 kB
SUnreclaim:       153260 kB
KernelStack:       43296 kB
PageTables:        55320 kB
NFS_Unstable:          0 kB
Bounce:                0 kB
WritebackTmp:          0 kB
CommitLimit:     6660208 kB
Committed_AS:   61403376 kB
VmallocTotal:   263061440 kB
VmallocUsed:       83640 kB
VmallocChunk:          0 kB
Percpu:             7648 kB
CmaTotal:         315392 kB
CmaFree:               0 kB
MemTotal:        5980404 kB
MemFree:         1221188 kB
MemAvailable:    2934700 kB
Buffers:            6356 kB
Cached:          1723772 kB
SwapCached:            0 kB
Active:          1252996 kB
Inactive:        1499608 kB
Active(anon):    1028800 kB
Inactive(anon):    20072 kB
Active(file):     224196 kB
Inactive(file):  1479536 kB
Unevictable:        5632 kB
Mlocked:            5632 kB
SwapTotal:       3670008 kB
SwapFree:        3670008 kB
Dirty:               176 kB
Writeback:             0 kB
AnonPages:       1028192 kB
Mapped:           779720 kB
Shmem:             21804 kB
KReclaimable:     572212 kB
Slab:             223432 kB
SReclaimable:      70192 kB
SUnreclaim:       153240 kB
KernelStack:       43264 kB
PageTables:        55208 kB
NFS_Unstable:          0 kB
Bounce:                0 kB
WritebackTmp:          0 kB
CommitLimit:     6660208 kB
Committed_AS:   61404620 kB
VmallocTotal:   263061440 kB
VmallocUsed:       83656 kB
VmallocChunk:          0 kB
Percpu:             7648 kB
CmaTotal:         315392 kB
CmaFree:               0 kB
MemTotal:        5980404 kB
MemFree:         1221272 kB
MemAvailable:    2934784 kB
Buffers:            6356 kB
Cached:          1723772 kB
SwapCached:            0 kB
Active:          1253700 kB
Inactive:        1499608 kB
Active(anon):    1029504 kB
Inactive(anon):    20072 kB
Active(file):     224196 kB
Inactive(file):  1479536 kB
Unevictable:        5632 kB
Mlocked:            5632 kB
SwapTotal:       3670008 kB
SwapFree:        3670008 kB
Dirty:               176 kB
Writeback:             0 kB
AnonPages:       1028872 kB
Mapped:           779720 kB
Shmem:             21804 kB
KReclaimable:     572212 kB
Slab:             223560 kB
SReclaimable:      70192 kB
SUnreclaim:       153368 kB
KernelStack:       43248 kB
PageTables:        55120 kB
NFS_Unstable:          0 kB
Bounce:                0 kB
WritebackTmp:          0 kB
CommitLimit:     6660208 kB
Committed_AS:   61403656 kB
VmallocTotal:   263061440 kB
VmallocUsed:       83624 kB
VmallocChunk:          0 kB
Percpu:             7648 kB
CmaTotal:         315392 kB
CmaFree:               0 kB
MemTotal:        5980404 kB
MemFree:         1219660 kB
MemAvailable:    2933172 kB
Buffers:            6356 kB
Cached:          1723776 kB
SwapCached:            0 kB
Active:          1254824 kB
Inactive:        1499612 kB
Active(anon):    1030628 kB
Inactive(anon):    20076 kB
Active(file):     224196 kB
Inactive(file):  1479536 kB
Unevictable:        5632 kB
Mlocked:            5632 kB
SwapTotal:       3670008 kB
SwapFree:        3670008 kB
Dirty:               180 kB
Writeback:             0 kB
AnonPages:       1029740 kB
Mapped:           779884 kB
Shmem:             21808 kB
KReclaimable:     572212 kB
Slab:             223544 kB
SReclaimable:      70192 kB
SUnreclaim:       153352 kB
KernelStack:       43216 kB
PageTables:        55488 kB
NFS_Unstable:          0 kB
Bounce:                0 kB
WritebackTmp:          0 kB
CommitLimit:     6660208 kB
Committed_AS:   61405032 kB
VmallocTotal:   263061440 kB
VmallocUsed:       83544 kB
VmallocChunk:          0 kB
Percpu:             7648 kB
CmaTotal:         315392 kB
CmaFree:               0 kB
MemTotal:        5980404 kB
MemFree:         1219876 kB
MemAvailable:    2933368 kB
Buffers:            6356 kB
Cached:          1723756 kB
SwapCached:            0 kB
Active:          1255684 kB
Inactive:        1499592 kB
Active(anon):    1031488 kB
Inactive(anon):    20076 kB
Active(file):     224196 kB
Inactive(file):  1479516 kB
Unevictable:        5632 kB
Mlocked:            5632 kB
SwapTotal:       3670008 kB
SwapFree:        3670008 kB
Dirty:               180 kB
Writeback:             0 kB
AnonPages:       1030992 kB
Mapped:           779796 kB
Shmem:             21808 kB
KReclaimable:     572212 kB
Slab:             223456 kB
SReclaimable:      70192 kB
SUnreclaim:       153264 kB
KernelStack:       43184 kB
PageTables:        55180 kB
NFS_Unstable:          0 kB
Bounce:                0 kB
WritebackTmp:          0 kB
CommitLimit:     6660208 kB
Committed_AS:   61405300 kB
VmallocTotal:   263061440 kB
VmallocUsed:       83544 kB
VmallocChunk:          0 kB
Percpu:             7648 kB
CmaTotal:         315392 kB
CmaFree:               0 kB
MemTotal:        5980404 kB
MemFree:         1218312 kB
MemAvailable:    2931824 kB
Buffers:            6356 kB
Cached:          1723776 kB
SwapCached:            0 kB
Active:          1256608 kB
Inactive:        1499612 kB
Active(anon):    1032412 kB
Inactive(anon):    20076 kB
Active(file):     224196 kB
Inactive(file):  1479536 kB
Unevictable:        5632 kB
Mlocked:            5632 kB
SwapTotal:       3670008 kB
SwapFree:        3670008 kB
Dirty:               204 kB
Writeback:             0 kB
AnonPages:       1031616 kB
Mapped:           779844 kB
Shmem:             21808 kB
KReclaimable:     572212 kB
Slab:             223424 kB
SReclaimable:      70192 kB
SUnreclaim:       153232 kB
KernelStack:       43216 kB
PageTables:        55360 kB
NFS_Unstable:          0 kB
Bounce:                0 kB
WritebackTmp:          0 kB
CommitLimit:     6660208 kB
Committed_AS:   61399268 kB
VmallocTotal:   263061440 kB
VmallocUsed:       83512 kB
VmallocChunk:          0 kB
Percpu:             7648 kB
CmaTotal:         315392 kB
CmaFree:               0 kB
MemTotal:        5980404 kB
MemFree:         1218184 kB
MemAvailable:    2931696 kB
Buffers:            6356 kB
Cached:          1723776 kB
SwapCached:            0 kB
Active:          1257032 kB
Inactive:        1499612 kB
Active(anon):    1032836 kB
Inactive(anon):    20076 kB
Active(file):     224196 kB
Inactive(file):  1479536 kB
Unevictable:        5632 kB
Mlocked:            5632 kB
SwapTotal:       3670008 kB
SwapFree:        3670008 kB
Dirty:               204 kB
Writeback:             0 kB
AnonPages:       1031996 kB
Mapped:           779892 kB
Shmem:             21808 kB
KReclaimable:     572212 kB
Slab:             223496 kB
SReclaimable:      70192 kB
SUnreclaim:       153304 kB
KernelStack:       43216 kB
PageTables:        55188 kB
NFS_Unstable:          0 kB
Bounce:                0 kB
WritebackTmp:          0 kB
CommitLimit:     6660208 kB
Committed_AS:   61404044 kB
VmallocTotal:   263061440 kB
VmallocUsed:       83512 kB
VmallocChunk:          0 kB
Percpu:             7648 kB
CmaTotal:         315392 kB
CmaFree:               0 kB
MemTotal:        5980404 kB
MemFree:         1217108 kB
MemAvailable:    2930620 kB
Buffers:            6356 kB
Cached:          1723776 kB
SwapCached:            0 kB
Active:          1257700 kB
Inactive:        1499612 kB
Active(anon):    1033504 kB
Inactive(anon):    20076 kB
Active(file):     224196 kB
Inactive(file):  1479536 kB
Unevictable:        5632 kB
Mlocked:            5632 kB
SwapTotal:       3670008 kB
SwapFree:        3670008 kB
Dirty:               204 kB
Writeback:             0 kB
AnonPages:       1032484 kB
Mapped:           779608 kB
Shmem:             21808 kB
KReclaimable:     572212 kB
Slab:             223392 kB
SReclaimable:      70192 kB
SUnreclaim:       153200 kB
KernelStack:       43200 kB
PageTables:        55260 kB
NFS_Unstable:          0 kB
Bounce:                0 kB
WritebackTmp:          0 kB
CommitLimit:     6660208 kB
Committed_AS:   61403580 kB
VmallocTotal:   263061440 kB
VmallocUsed:       83528 kB
VmallocChunk:          0 kB
Percpu:             7648 kB
CmaTotal:         315392 kB
CmaFree:               8 kB
MemTotal:        5980404 kB
MemFree:         1216732 kB
MemAvailable:    2930236 kB
Buffers:            6356 kB
Cached:          1723768 kB
SwapCached:            0 kB
Active:          1258680 kB
Inactive:        1499608 kB
Active(anon):    1034488 kB
Inactive(anon):    20076 kB
Active(file):     224192 kB
Inactive(file):  1479532 kB
Unevictable:        5632 kB
Mlocked:            5632 kB
SwapTotal:       3670008 kB
SwapFree:        3670008 kB
Dirty:               200 kB
Writeback:             0 kB
AnonPages:       1033572 kB
Mapped:           779864 kB
Shmem:             21808 kB
KReclaimable:     572212 kB
Slab:             223448 kB
SReclaimable:      70192 kB
SUnreclaim:       153256 kB
KernelStack:       43200 kB
PageTables:        55160 kB
NFS_Unstable:          0 kB
Bounce:                0 kB
WritebackTmp:          0 kB
CommitLimit:     6660208 kB
Committed_AS:   61402092 kB
VmallocTotal:   263061440 kB
VmallocUsed:       83496 kB
VmallocChunk:          0 kB
Percpu:             7648 kB
CmaTotal:         315392 kB
CmaFree:               0 kB
MemTotal:        5980404 kB
MemFree:         1215764 kB
MemAvailable:    2929276 kB
Buffers:            6356 kB
Cached:          1723776 kB
SwapCached:            0 kB
Active:          1258660 kB
Inactive:        1499612 kB
Active(anon):    1034464 kB
Inactive(anon):    20076 kB
Active(file):     224196 kB
Inactive(file):  1479536 kB
Unevictable:        5632 kB
Mlocked:            5632 kB
SwapTotal:       3670008 kB
SwapFree:        3670008 kB
Dirty:               204 kB
Writeback:             0 kB
AnonPages:       1033624 kB
Mapped:           779884 kB
Shmem:             21808 kB
KReclaimable:     572212 kB
Slab:             223404 kB
SReclaimable:      70192 kB
SUnreclaim:       153212 kB
KernelStack:       43216 kB
PageTables:        55320 kB
NFS_Unstable:          0 kB
Bounce:                0 kB
WritebackTmp:          0 kB
CommitLimit:     6660208 kB
Committed_AS:   61402752 kB
VmallocTotal:   263061440 kB
VmallocUsed:       83544 kB
VmallocChunk:          0 kB
Percpu:             7648 kB
CmaTotal:         315392 kB
CmaFree:              84 kB
MemTotal:        5980404 kB
MemFree:         1221924 kB
MemAvailable:    2935444 kB
Buffers:            6356 kB
Cached:          1723784 kB
SwapCached:            0 kB
Active:          1250584 kB
Inactive:        1499620 kB
Active(anon):    1026388 kB
Inactive(anon):    20076 kB
Active(file):     224196 kB
Inactive(file):  1479544 kB
Unevictable:        5632 kB
Mlocked:            5632 kB
SwapTotal:       3670008 kB
SwapFree:        3670008 kB
Dirty:               224 kB
Writeback:             0 kB
AnonPages:       1025924 kB
Mapped:           779884 kB
Shmem:             21808 kB
KReclaimable:     572212 kB
Slab:             223444 kB
SReclaimable:      70192 kB
SUnreclaim:       153252 kB
KernelStack:       43216 kB
PageTables:        55188 kB
NFS_Unstable:          0 kB
Bounce:                0 kB
WritebackTmp:          0 kB
CommitLimit:     6660208 kB
Committed_AS:   61400220 kB
VmallocTotal:   263061440 kB
VmallocUsed:       83544 kB
VmallocChunk:          0 kB
Percpu:             7648 kB
CmaTotal:         315392 kB
CmaFree:             128 kB
MemTotal:        5980404 kB
MemFree:         1222904 kB
MemAvailable:    2936424 kB
Buffers:            6356 kB
Cached:          1723784 kB
SwapCached:            0 kB
Active:          1251336 kB
Inactive:        1499620 kB
Active(anon):    1027140 kB
Inactive(anon):    20076 kB
Active(file):     224196 kB
Inactive(file):  1479544 kB
Unevictable:        5632 kB
Mlocked:            5632 kB
SwapTotal:       3670008 kB
SwapFree:        3670008 kB
Dirty:               220 kB
Writeback:             0 kB
AnonPages:       1026488 kB
Mapped:           779824 kB
Shmem:             21808 kB
KReclaimable:     572212 kB
Slab:             223436 kB
SReclaimable:      70192 kB
SUnreclaim:       153244 kB
KernelStack:       43232 kB
PageTables:        55212 kB
NFS_Unstable:          0 kB
Bounce:                0 kB
WritebackTmp:          0 kB
CommitLimit:     6660208 kB
Committed_AS:   61402328 kB
VmallocTotal:   263061440 kB
VmallocUsed:       83528 kB
VmallocChunk:          0 kB
Percpu:             7648 kB
CmaTotal:         315392 kB
CmaFree:               0 kB
MemTotal:        5980404 kB
MemFree:         1221380 kB
MemAvailable:    2934900 kB
Buffers:            6356 kB
Cached:          1723784 kB
SwapCached:            0 kB
Active:          1251576 kB
Inactive:        1499620 kB
Active(anon):    1027380 kB
Inactive(anon):    20076 kB
Active(file):     224196 kB
Inactive(file):  1479544 kB
Unevictable:        5632 kB
Mlocked:            5632 kB
SwapTotal:       3670008 kB
SwapFree:        3670008 kB
Dirty:               220 kB
Writeback:             0 kB
AnonPages:       1026808 kB
Mapped:           779888 kB
Shmem:             21808 kB
KReclaimable:     572212 kB
Slab:             223444 kB
SReclaimable:      70192 kB
SUnreclaim:       153252 kB
KernelStack:       43232 kB
PageTables:        55324 kB
NFS_Unstable:          0 kB
Bounce:                0 kB
WritebackTmp:          0 kB
CommitLimit:     6660208 kB
Committed_AS:   61401664 kB
VmallocTotal:   263061440 kB
VmallocUsed:       83544 kB
VmallocChunk:          0 kB
Percpu:             7648 kB
CmaTotal:         315392 kB
CmaFree:               0 kB
MemTotal:        5980404 kB
MemFree:         1221500 kB
MemAvailable:    2935020 kB
Buffers:            6356 kB
Cached:          1723792 kB
SwapCached:            0 kB
Active:          1252508 kB
Inactive:        1499628 kB
Active(anon):    1028312 kB
Inactive(anon):    20084 kB
Active(file):     224196 kB
Inactive(file):  1479544 kB
Unevictable:        5632 kB
Mlocked:            5632 kB
SwapTotal:       3670008 kB
SwapFree:        3670008 kB
Dirty:               220 kB
Writeback:             0 kB
AnonPages:       1027572 kB
Mapped:           779896 kB
Shmem:             21816 kB
KReclaimable:     572212 kB
Slab:             223452 kB
SReclaimable:      70192 kB
SUnreclaim:       153260 kB
KernelStack:       43232 kB
PageTables:        55176 kB
NFS_Unstable:          0 kB
Bounce:                0 kB
WritebackTmp:          0 kB
CommitLimit:     6660208 kB
Committed_AS:   61401312 kB
VmallocTotal:   263061440 kB
VmallocUsed:       83560 kB
VmallocChunk:          0 kB
Percpu:             7648 kB
CmaTotal:         315392 kB
CmaFree:               0 kB
MemTotal:        5980404 kB
MemFree:         1220372 kB
MemAvailable:    2933892 kB
Buffers:            6356 kB
Cached:          1723792 kB
SwapCached:            0 kB
Active:          1253936 kB
Inactive:        1499628 kB
Active(anon):    1029740 kB
Inactive(anon):    20084 kB
Active(file):     224196 kB
Inactive(file):  1479544 kB
Unevictable:        5632 kB
Mlocked:            5632 kB
SwapTotal:       3670008 kB
SwapFree:        3670008 kB
Dirty:               228 kB
Writeback:             0 kB
AnonPages:       1028880 kB
Mapped:           779896 kB
Shmem:             21816 kB
KReclaimable:     572212 kB
Slab:             223452 kB
SReclaimable:      70192 kB
SUnreclaim:       153260 kB
KernelStack:       43216 kB
PageTables:        55188 kB
NFS_Unstable:          0 kB
Bounce:                0 kB
WritebackTmp:          0 kB
CommitLimit:     6660208 kB
Committed_AS:   61403276 kB
VmallocTotal:   263061440 kB
VmallocUsed:       83544 kB
VmallocChunk:          0 kB
Percpu:             7648 kB
CmaTotal:         315392 kB
CmaFree:               0 kB
MemTotal:        5980404 kB
MemFree:         1219516 kB
MemAvailable:    2933036 kB
Buffers:            6356 kB
Cached:          1723796 kB
SwapCached:            0 kB
Active:          1254964 kB
Inactive:        1499632 kB
Active(anon):    1030768 kB
Inactive(anon):    20088 kB
Active(file):     224196 kB
Inactive(file):  1479544 kB
Unevictable:        5632 kB
Mlocked:            5632 kB
SwapTotal:       3670008 kB
SwapFree:        3670008 kB
Dirty:               224 kB
Writeback:             0 kB
AnonPages:       1029804 kB
Mapped:           779912 kB
Shmem:             21820 kB
KReclaimable:     572212 kB
Slab:             223404 kB
SReclaimable:      70192 kB
SUnreclaim:       153212 kB
KernelStack:       43232 kB
PageTables:        55352 kB
NFS_Unstable:          0 kB
Bounce:                0 kB
WritebackTmp:          0 kB
CommitLimit:     6660208 kB
Committed_AS:   61400376 kB
VmallocTotal:   263061440 kB
VmallocUsed:       83528 kB
VmallocChunk:          0 kB
Percpu:             7648 kB
CmaTotal:         315392 kB
CmaFree:               0 kB
MemTotal:        5980404 kB
MemFree:         1219428 kB
MemAvailable:    2932964 kB
Buffers:            6360 kB
Cached:          1723808 kB
SwapCached:            0 kB
Active:          1255388 kB
Inactive:        1499644 kB
Active(anon):    1031188 kB
Inactive(anon):    20088 kB
Active(file):     224200 kB
Inactive(file):  1479556 kB
Unevictable:        5632 kB
Mlocked:            5632 kB
SwapTotal:       3670008 kB
SwapFree:        3670008 kB
Dirty:               208 kB
Writeback:             0 kB
AnonPages:       1030672 kB
Mapped:           779732 kB
Shmem:             21820 kB
KReclaimable:     572212 kB
Slab:             223448 kB
SReclaimable:      70192 kB
SUnreclaim:       153256 kB
KernelStack:       43232 kB
PageTables:        55240 kB
NFS_Unstable:          0 kB
Bounce:                0 kB
WritebackTmp:          0 kB
CommitLimit:     6660208 kB
Committed_AS:   61402760 kB
VmallocTotal:   263061440 kB
VmallocUsed:       83560 kB
VmallocChunk:          0 kB
Percpu:             7648 kB
CmaTotal:         315392 kB
CmaFree:               0 kB
MemTotal:        5980404 kB
MemFree:         1218680 kB
MemAvailable:    2932216 kB
Buffers:            6360 kB
Cached:          1723808 kB
SwapCached:            0 kB
Active:          1256168 kB
Inactive:        1499644 kB
Active(anon):    1031968 kB
Inactive(anon):    20088 kB
Active(file):     224200 kB
Inactive(file):  1479556 kB
Unevictable:        5632 kB
Mlocked:            5632 kB
SwapTotal:       3670008 kB
SwapFree:        3670008 kB
Dirty:               208 kB
Writeback:             0 kB
AnonPages:       1031424 kB
Mapped:           780092 kB
Shmem:             21820 kB
KReclaimable:     572212 kB
Slab:             223488 kB
SReclaimable:      70192 kB
SUnreclaim:       153296 kB
KernelStack:       43264 kB
PageTables:        55172 kB
NFS_Unstable:          0 kB
Bounce:                0 kB
WritebackTmp:          0 kB
CommitLimit:     6660208 kB
Committed_AS:   61402652 kB
VmallocTotal:   263061440 kB
VmallocUsed:       83512 kB
VmallocChunk:          0 kB
Percpu:             7648 kB
CmaTotal:         315392 kB
CmaFree:               0 kB
MemTotal:        5980404 kB
MemFree:         1217912 kB
MemAvailable:    2931448 kB
Buffers:            6360 kB
Cached:          1723808 kB
SwapCached:            0 kB
Active:          1257192 kB
Inactive:        1499644 kB
Active(anon):    1032992 kB
Inactive(anon):    20088 kB
Active(file):     224200 kB
Inactive(file):  1479556 kB
Unevictable:        5632 kB
Mlocked:            5632 kB
SwapTotal:       3670008 kB
SwapFree:        3670008 kB
Dirty:               220 kB
Writeback:             0 kB
AnonPages:       1031864 kB
Mapped:           779600 kB
Shmem:             21820 kB
KReclaimable:     572212 kB
Slab:             223448 kB
SReclaimable:      70192 kB
SUnreclaim:       153256 kB
KernelStack:       43200 kB
PageTables:        55096 kB
NFS_Unstable:          0 kB
Bounce:                0 kB
WritebackTmp:          0 kB
CommitLimit:     6660208 kB
Committed_AS:   61400520 kB
VmallocTotal:   263061440 kB
VmallocUsed:       83496 kB
VmallocChunk:          0 kB
Percpu:             7648 kB
CmaTotal:         315392 kB
CmaFree:               0 kB
MemTotal:        5980404 kB
MemFree:         1216068 kB
MemAvailable:    2929604 kB
Buffers:            6360 kB
Cached:          1723808 kB
SwapCached:            0 kB
Active:          1257928 kB
Inactive:        1499644 kB
Active(anon):    1033728 kB
Inactive(anon):    20088 kB
Active(file):     224200 kB
Inactive(file):  1479556 kB
Unevictable:        5632 kB
Mlocked:            5632 kB
SwapTotal:       3670008 kB
SwapFree:        3670008 kB
Dirty:               224 kB
Writeback:             0 kB
AnonPages:       1032976 kB
Mapped:           779732 kB
Shmem:             21820 kB
KReclaimable:     572212 kB
Slab:             223440 kB
SReclaimable:      70192 kB
SUnreclaim:       153248 kB
KernelStack:       43264 kB
PageTables:        55188 kB
NFS_Unstable:          0 kB
Bounce:                0 kB
WritebackTmp:          0 kB
CommitLimit:     6660208 kB
Committed_AS:   61402652 kB
VmallocTotal:   263061440 kB
VmallocUsed:       83544 kB
VmallocChunk:          0 kB
Percpu:             7648 kB
CmaTotal:         315392 kB
CmaFree:               4 kB
MemTotal:        5980404 kB
MemFree:         1214924 kB
MemAvailable:    2928460 kB
Buffers:            6360 kB
Cached:          1723808 kB
SwapCached:            0 kB
Active:          1258900 kB
Inactive:        1499644 kB
Active(anon):    1034700 kB
Inactive(anon):    20088 kB
Active(file):     224200 kB
Inactive(file):  1479556 kB
Unevictable:        5632 kB
Mlocked:            5632 kB
SwapTotal:       3670008 kB
SwapFree:        3670008 kB
Dirty:               228 kB
Writeback:             0 kB
AnonPages:       1033940 kB
Mapped:           779276 kB
Shmem:             21820 kB
KReclaimable:     572212 kB
Slab:             223340 kB
SReclaimable:      70192 kB
SUnreclaim:       153148 kB
KernelStack:       43200 kB
PageTables:        55396 kB
NFS_Unstable:          0 kB
Bounce:                0 kB
WritebackTmp:          0 kB
CommitLimit:     6660208 kB
Committed_AS:   61401692 kB
VmallocTotal:   263061440 kB
VmallocUsed:       83528 kB
VmallocChunk:          0 kB
Percpu:             7648 kB
CmaTotal:         315392 kB
CmaFree:               0 kB
MemTotal:        5980404 kB
MemFree:         1215500 kB
MemAvailable:    2929036 kB
Buffers:            6360 kB
Cached:          1723808 kB
SwapCached:            0 kB
Active:          1259600 kB
Inactive:        1499644 kB
Active(anon):    1035400 kB
Inactive(anon):    20088 kB
Active(file):     224200 kB
Inactive(file):  1479556 kB
Unevictable:        5632 kB
Mlocked:            5632 kB
SwapTotal:       3670008 kB
SwapFree:        3670008 kB
Dirty:               228 kB
Writeback:             0 kB
AnonPages:       1034936 kB
Mapped:           779232 kB
Shmem:             21820 kB
KReclaimable:     572212 kB
Slab:             223124 kB
SReclaimable:      70192 kB
SUnreclaim:       152932 kB
KernelStack:       43248 kB
PageTables:        55228 kB
NFS_Unstable:          0 kB
Bounce:                0 kB
WritebackTmp:          0 kB
CommitLimit:     6660208 kB
Committed_AS:   61400180 kB
VmallocTotal:   263061440 kB
VmallocUsed:       83560 kB
VmallocChunk:          0 kB
Percpu:             7648 kB
CmaTotal:         315392 kB
CmaFree:               0 kB
MemTotal:        5980404 kB
MemFree:         1213740 kB
MemAvailable:    2927276 kB
Buffers:            6360 kB
Cached:          1723808 kB
SwapCached:            0 kB
Active:          1260536 kB
Inactive:        1499644 kB
Active(anon):    1036336 kB
Inactive(anon):    20088 kB
Active(file):     224200 kB
Inactive(file):  1479556 kB
Unevictable:        5632 kB
Mlocked:            5632 kB
SwapTotal:       3670008 kB
SwapFree:        3670008 kB
Dirty:               232 kB
Writeback:             0 kB
AnonPages:       1035804 kB
Mapped:           779248 kB
Shmem:             21820 kB
KReclaimable:     572212 kB
Slab:             223124 kB
SReclaimable:      70192 kB
SUnreclaim:       152932 kB
KernelStack:       43200 kB
PageTables:        55180 kB
NFS_Unstable:          0 kB
Bounce:                0 kB
WritebackTmp:          0 kB
CommitLimit:     6660208 kB
Committed_AS:   61399740 kB
VmallocTotal:   263061440 kB
VmallocUsed:       83496 kB
VmallocChunk:          0 kB
Percpu:             7648 kB
CmaTotal:         315392 kB
CmaFree:               0 kB
MemTotal:        5980404 kB
MemFree:         1213700 kB
MemAvailable:    2927236 kB
Buffers:            6360 kB
Cached:          1723808 kB
SwapCached:            0 kB
Active:          1260832 kB
Inactive:        1499644 kB
Active(anon):    1036632 kB
Inactive(anon):    20088 kB
Active(file):     224200 kB
Inactive(file):  1479556 kB
Unevictable:        5632 kB
Mlocked:            5632 kB
SwapTotal:       3670008 kB
SwapFree:        3670008 kB
Dirty:               276 kB
Writeback:             0 kB
AnonPages:       1036064 kB
Mapped:           779092 kB
Shmem:             21820 kB
KReclaimable:     572212 kB
Slab:             223132 kB
SReclaimable:      70192 kB
SUnreclaim:       152940 kB
KernelStack:       43248 kB
PageTables:        55340 kB
NFS_Unstable:          0 kB
Bounce:                0 kB
WritebackTmp:          0 kB
CommitLimit:     6660208 kB
Committed_AS:   61398056 kB
VmallocTotal:   263061440 kB
VmallocUsed:       83528 kB
VmallocChunk:          0 kB
Percpu:             7648 kB
CmaTotal:         315392 kB
CmaFree:               4 kB
MemTotal:        5980404 kB
MemFree:         1212868 kB
MemAvailable:    2926404 kB
Buffers:            6360 kB
Cached:          1723808 kB
SwapCached:            0 kB
Active:          1261120 kB
Inactive:        1499644 kB
Active(anon):    1036920 kB
Inactive(anon):    20088 kB
Active(file):     224200 kB
Inactive(file):  1479556 kB
Unevictable:        5632 kB
Mlocked:            5632 kB
SwapTotal:       3670008 kB
SwapFree:        3670008 kB
Dirty:               272 kB
Writeback:             0 kB
AnonPages:       1036048 kB
Mapped:           779212 kB
Shmem:             21820 kB
KReclaimable:     572212 kB
Slab:             223084 kB
SReclaimable:      70192 kB
SUnreclaim:       152892 kB
KernelStack:       43252 kB
PageTables:        55104 kB
NFS_Unstable:          0 kB
Bounce:                0 kB
WritebackTmp:          0 kB
CommitLimit:     6660208 kB
Committed_AS:   61397536 kB
VmallocTotal:   263061440 kB
VmallocUsed:       83528 kB
VmallocChunk:          0 kB
Percpu:             7648 kB
CmaTotal:         315392 kB
CmaFree:              56 kB
MemTotal:        5980404 kB
MemFree:         1213088 kB
MemAvailable:    2926632 kB
Buffers:            6360 kB
Cached:          1723816 kB
SwapCached:            0 kB
Active:          1261512 kB
Inactive:        1499652 kB
Active(anon):    1037312 kB
Inactive(anon):    20088 kB
Active(file):     224200 kB
Inactive(file):  1479564 kB
Unevictable:        5632 kB
Mlocked:            5632 kB
SwapTotal:       3670008 kB
SwapFree:        3670008 kB
Dirty:               292 kB
Writeback:             0 kB
AnonPages:       1036636 kB
Mapped:           779328 kB
Shmem:             21820 kB
KReclaimable:     572212 kB
Slab:             223140 kB
SReclaimable:      70192 kB
SUnreclaim:       152948 kB
KernelStack:       43216 kB
PageTables:        55192 kB
NFS_Unstable:          0 kB
Bounce:                0 kB
WritebackTmp:          0 kB
CommitLimit:     6660208 kB
Committed_AS:   61403076 kB
VmallocTotal:   263061440 kB
VmallocUsed:       83576 kB
VmallocChunk:          0 kB
Percpu:             7648 kB
CmaTotal:         315392 kB
CmaFree:              88 kB
MemTotal:        5980404 kB
MemFree:         1220572 kB
MemAvailable:    2934084 kB
Buffers:            6360 kB
Cached:          1723780 kB
SwapCached:            0 kB
Active:          1253800 kB
Inactive:        1499620 kB
Active(anon):    1029604 kB
Inactive(anon):    20088 kB
Active(file):     224196 kB
Inactive(file):  1479532 kB
Unevictable:        5632 kB
Mlocked:            5632 kB
SwapTotal:       3670008 kB
SwapFree:        3670008 kB
Dirty:               296 kB
Writeback:             0 kB
AnonPages:       1028924 kB
Mapped:           779080 kB
Shmem:             21820 kB
KReclaimable:     572216 kB
Slab:             223200 kB
SReclaimable:      70196 kB
SUnreclaim:       153004 kB
KernelStack:       43228 kB
PageTables:        55196 kB
NFS_Unstable:          0 kB
Bounce:                0 kB
WritebackTmp:          0 kB
CommitLimit:     6660208 kB
Committed_AS:   61404760 kB
VmallocTotal:   263061440 kB
VmallocUsed:       83560 kB
VmallocChunk:          0 kB
Percpu:             7648 kB
CmaTotal:         315392 kB
CmaFree:             124 kB
MemTotal:        5980404 kB
MemFree:         1219940 kB
MemAvailable:    2933488 kB
Buffers:            6360 kB
Cached:          1723816 kB
SwapCached:            0 kB
Active:          1254476 kB
Inactive:        1499652 kB
Active(anon):    1030276 kB
Inactive(anon):    20088 kB
Active(file):     224200 kB
Inactive(file):  1479564 kB
Unevictable:        5632 kB
Mlocked:            5632 kB
SwapTotal:       3670008 kB
SwapFree:        3670008 kB
Dirty:               300 kB
Writeback:             0 kB
AnonPages:       1029852 kB
Mapped:           779140 kB
Shmem:             21820 kB
KReclaimable:     572216 kB
Slab:             223136 kB
SReclaimable:      70196 kB
SUnreclaim:       152940 kB
KernelStack:       43232 kB
PageTables:        55208 kB
NFS_Unstable:          0 kB
Bounce:                0 kB
WritebackTmp:          0 kB
CommitLimit:     6660208 kB
Committed_AS:   61398304 kB
VmallocTotal:   263061440 kB
VmallocUsed:       83544 kB
VmallocChunk:          0 kB
Percpu:             7648 kB
CmaTotal:         315392 kB
CmaFree:               0 kB
MemTotal:        5980404 kB
MemFree:         1220128 kB
MemAvailable:    2933676 kB
Buffers:            6360 kB
Cached:          1723816 kB
SwapCached:            0 kB
Active:          1255412 kB
Inactive:        1499652 kB
Active(anon):    1031212 kB
Inactive(anon):    20088 kB
Active(file):     224200 kB
Inactive(file):  1479564 kB
Unevictable:        5632 kB
Mlocked:            5632 kB
SwapTotal:       3670008 kB
SwapFree:        3670008 kB
Dirty:               304 kB
Writeback:             0 kB
AnonPages:       1030692 kB
Mapped:           779368 kB
Shmem:             21820 kB
KReclaimable:     572216 kB
Slab:             223136 kB
SReclaimable:      70196 kB
SUnreclaim:       152940 kB
KernelStack:       43232 kB
PageTables:        55376 kB
NFS_Unstable:          0 kB
Bounce:                0 kB
WritebackTmp:          0 kB
CommitLimit:     6660208 kB
Committed_AS:   61399564 kB
VmallocTotal:   263061440 kB
VmallocUsed:       83544 kB
VmallocChunk:          0 kB
Percpu:             7648 kB
CmaTotal:         315392 kB
CmaFree:               0 kB
MemTotal:        5980404 kB
MemFree:         1218904 kB
MemAvailable:    2932452 kB
Buffers:            6360 kB
Cached:          1723816 kB
SwapCached:            0 kB
Active:          1256224 kB
Inactive:        1499652 kB
Active(anon):    1032024 kB
Inactive(anon):    20088 kB
Active(file):     224200 kB
Inactive(file):  1479564 kB
Unevictable:        5632 kB
Mlocked:            5632 kB
SwapTotal:       3670008 kB
SwapFree:        3670008 kB
Dirty:               312 kB
Writeback:             0 kB
AnonPages:       1031040 kB
Mapped:           779292 kB
Shmem:             21820 kB
KReclaimable:     572216 kB
Slab:             223136 kB
SReclaimable:      70196 kB
SUnreclaim:       152940 kB
KernelStack:       43232 kB
PageTables:        55180 kB
NFS_Unstable:          0 kB
Bounce:                0 kB
WritebackTmp:          0 kB
CommitLimit:     6660208 kB
Committed_AS:   61400956 kB
VmallocTotal:   263061440 kB
VmallocUsed:       83544 kB
VmallocChunk:          0 kB
Percpu:             7648 kB
CmaTotal:         315392 kB
CmaFree:               0 kB
MemTotal:        5980404 kB
MemFree:         1217448 kB
MemAvailable:    2930996 kB
Buffers:            6360 kB
Cached:          1723820 kB
SwapCached:            0 kB
Active:          1257068 kB
Inactive:        1499656 kB
Active(anon):    1032868 kB
Inactive(anon):    20092 kB
Active(file):     224200 kB
Inactive(file):  1479564 kB
Unevictable:        5632 kB
Mlocked:            5632 kB
SwapTotal:       3670008 kB
SwapFree:        3670008 kB
Dirty:               328 kB
Writeback:             0 kB
AnonPages:       1032132 kB
Mapped:           779244 kB
Shmem:             21824 kB
KReclaimable:     572216 kB
Slab:             223152 kB
SReclaimable:      70196 kB
SUnreclaim:       152956 kB
KernelStack:       43184 kB
PageTables:        55348 kB
NFS_Unstable:          0 kB
Bounce:                0 kB
WritebackTmp:          0 kB
CommitLimit:     6660208 kB
Committed_AS:   61402492 kB
VmallocTotal:   263061440 kB
VmallocUsed:       83544 kB
VmallocChunk:          0 kB
Percpu:             7648 kB
CmaTotal:         315392 kB
CmaFree:               0 kB
MemTotal:        5980404 kB
MemFree:         1217188 kB
MemAvailable:    2930748 kB
Buffers:            6364 kB
Cached:          1723828 kB
SwapCached:            0 kB
Active:          1257100 kB
Inactive:        1499664 kB
Active(anon):    1032896 kB
Inactive(anon):    20092 kB
Active(file):     224204 kB
Inactive(file):  1479572 kB
Unevictable:        5632 kB
Mlocked:            5632 kB
SwapTotal:       3670008 kB
SwapFree:        3670008 kB
Dirty:               348 kB
Writeback:             0 kB
AnonPages:       1032276 kB
Mapped:           779256 kB
Shmem:             21824 kB
KReclaimable:     572216 kB
Slab:             223144 kB
SReclaimable:      70196 kB
SUnreclaim:       152948 kB
KernelStack:       43228 kB
PageTables:        54972 kB
NFS_Unstable:          0 kB
Bounce:                0 kB
WritebackTmp:          0 kB
CommitLimit:     6660208 kB
Committed_AS:   61396916 kB
VmallocTotal:   263061440 kB
VmallocUsed:       83544 kB
VmallocChunk:          0 kB
Percpu:             7648 kB
CmaTotal:         315392 kB
CmaFree:               0 kB
MemTotal:        5980404 kB
MemFree:         1217224 kB
MemAvailable:    2930788 kB
Buffers:            6364 kB
Cached:          1723832 kB
SwapCached:            0 kB
Active:          1257792 kB
Inactive:        1499668 kB
Active(anon):    1033588 kB
Inactive(anon):    20092 kB
Active(file):     224204 kB
Inactive(file):  1479576 kB
Unevictable:        5632 kB
Mlocked:            5632 kB
SwapTotal:       3670008 kB
SwapFree:        3670008 kB
Dirty:               372 kB
Writeback:             0 kB
AnonPages:       1032964 kB
Mapped:           779476 kB
Shmem:             21824 kB
KReclaimable:     572216 kB
Slab:             223144 kB
SReclaimable:      70196 kB
SUnreclaim:       152948 kB
KernelStack:       43232 kB
PageTables:        55268 kB
NFS_Unstable:          0 kB
Bounce:                0 kB
WritebackTmp:          0 kB
CommitLimit:     6660208 kB
Committed_AS:   61396880 kB
VmallocTotal:   263061440 kB
VmallocUsed:       83512 kB
VmallocChunk:          0 kB
Percpu:             7648 kB
CmaTotal:         315392 kB
CmaFree:               0 kB
MemTotal:        5980404 kB
MemFree:         1216424 kB
MemAvailable:    2929988 kB
Buffers:            6364 kB
Cached:          1723832 kB
SwapCached:            0 kB
Active:          1258440 kB
Inactive:        1499668 kB
Active(anon):    1034236 kB
Inactive(anon):    20092 kB
Active(file):     224204 kB
Inactive(file):  1479576 kB
Unevictable:        5632 kB
Mlocked:            5632 kB
SwapTotal:       3670008 kB
SwapFree:        3670008 kB
Dirty:               372 kB
Writeback:             0 kB
AnonPages:       1033488 kB
Mapped:           779144 kB
Shmem:             21824 kB
KReclaimable:     572216 kB
Slab:             223144 kB
SReclaimable:      70196 kB
SUnreclaim:       152948 kB
KernelStack:       43248 kB
PageTables:        55224 kB
NFS_Unstable:          0 kB
Bounce:                0 kB
WritebackTmp:          0 kB
CommitLimit:     6660208 kB
Committed_AS:   61398844 kB
VmallocTotal:   263061440 kB
VmallocUsed:       83528 kB
VmallocChunk:          0 kB
Percpu:             7648 kB
CmaTotal:         315392 kB
CmaFree:               0 kB
MemTotal:        5980404 kB
MemFree:         1216664 kB
MemAvailable:    2930228 kB
Buffers:            6364 kB
Cached:          1723832 kB
SwapCached:            0 kB
Active:          1257532 kB
Inactive:        1499668 kB
Active(anon):    1033328 kB
Inactive(anon):    20092 kB
Active(file):     224204 kB
Inactive(file):  1479576 kB
Unevictable:        5632 kB
Mlocked:            5632 kB
SwapTotal:       3670008 kB
SwapFree:        3670008 kB
Dirty:               372 kB
Writeback:             0 kB
AnonPages:       1032332 kB
Mapped:           779308 kB
Shmem:             21824 kB
KReclaimable:     572216 kB
Slab:             223016 kB
SReclaimable:      70196 kB
SUnreclaim:       152820 kB
KernelStack:       43232 kB
PageTables:        55200 kB
NFS_Unstable:          0 kB
Bounce:                0 kB
WritebackTmp:          0 kB
CommitLimit:     6660208 kB
Committed_AS:   61401516 kB
VmallocTotal:   263061440 kB
VmallocUsed:       83512 kB
VmallocChunk:          0 kB
Percpu:             7648 kB
CmaTotal:         315392 kB
CmaFree:               0 kB
MemTotal:        5980404 kB
MemFree:         1216384 kB
MemAvailable:    2929948 kB
Buffers:            6364 kB
Cached:          1723832 kB
SwapCached:            0 kB
Active:          1258512 kB
Inactive:        1499668 kB
Active(anon):    1034308 kB
Inactive(anon):    20092 kB
Active(file):     224204 kB
Inactive(file):  1479576 kB
Unevictable:        5632 kB
Mlocked:            5632 kB
SwapTotal:       3670008 kB
SwapFree:        3670008 kB
Dirty:               376 kB
Writeback:             0 kB
AnonPages:       1033668 kB
Mapped:           779144 kB
Shmem:             21824 kB
KReclaimable:     572216 kB
Slab:             223136 kB
SReclaimable:      70196 kB
SUnreclaim:       152940 kB
KernelStack:       43248 kB
PageTables:        55248 kB
NFS_Unstable:          0 kB
Bounce:                0 kB
WritebackTmp:          0 kB
CommitLimit:     6660208 kB
Committed_AS:   61401800 kB
VmallocTotal:   263061440 kB
VmallocUsed:       83528 kB
VmallocChunk:          0 kB
Percpu:             7648 kB
CmaTotal:         315392 kB
CmaFree:               0 kB
MemTotal:        5980404 kB
MemFree:         1215232 kB
MemAvailable:    2928796 kB
Buffers:            6364 kB
Cached:          1723832 kB
SwapCached:            0 kB
Active:          1258892 kB
Inactive:        1499668 kB
Active(anon):    1034688 kB
Inactive(anon):    20092 kB
Active(file):     224204 kB
Inactive(file):  1479576 kB
Unevictable:        5632 kB
Mlocked:            5632 kB
SwapTotal:       3670008 kB
SwapFree:        3670008 kB
Dirty:               376 kB
Writeback:             0 kB
AnonPages:       1034148 kB
Mapped:           779308 kB
Shmem:             21824 kB
KReclaimable:     572216 kB
Slab:             223144 kB
SReclaimable:      70196 kB
SUnreclaim:       152948 kB
KernelStack:       43216 kB
PageTables:        55188 kB
NFS_Unstable:          0 kB
Bounce:                0 kB
WritebackTmp:          0 kB
CommitLimit:     6660208 kB
Committed_AS:   61396316 kB
VmallocTotal:   263061440 kB
VmallocUsed:       83528 kB
VmallocChunk:          0 kB
Percpu:             7648 kB
CmaTotal:         315392 kB
CmaFree:               0 kB
MemTotal:        5980404 kB
MemFree:         1214908 kB
MemAvailable:    2928452 kB
Buffers:            6364 kB
Cached:          1723812 kB
SwapCached:            0 kB
Active:          1260056 kB
Inactive:        1499648 kB
Active(anon):    1035852 kB
Inactive(anon):    20092 kB
Active(file):     224204 kB
Inactive(file):  1479556 kB
Unevictable:        5632 kB
Mlocked:            5632 kB
SwapTotal:       3670008 kB
SwapFree:        3670008 kB
Dirty:               352 kB
Writeback:             0 kB
AnonPages:       1035332 kB
Mapped:           779204 kB
Shmem:             21824 kB
KReclaimable:     572216 kB
Slab:             223136 kB
SReclaimable:      70196 kB
SUnreclaim:       152940 kB
KernelStack:       43200 kB
PageTables:        55200 kB
NFS_Unstable:          0 kB
Bounce:                0 kB
WritebackTmp:          0 kB
CommitLimit:     6660208 kB
Committed_AS:   61397972 kB
VmallocTotal:   263061440 kB
VmallocUsed:       83544 kB
VmallocChunk:          0 kB
Percpu:             7648 kB
CmaTotal:         315392 kB
CmaFree:               0 kB
MemTotal:        5980404 kB
MemFree:         1213764 kB
MemAvailable:    2927328 kB
Buffers:            6364 kB
Cached:          1723832 kB
SwapCached:            0 kB
Active:          1260080 kB
Inactive:        1499668 kB
Active(anon):    1035876 kB
Inactive(anon):    20092 kB
Active(file):     224204 kB
Inactive(file):  1479576 kB
Unevictable:        5632 kB
Mlocked:            5632 kB
SwapTotal:       3670008 kB
SwapFree:        3670008 kB
Dirty:               176 kB
Writeback:             0 kB
AnonPages:       1035188 kB
Mapped:           779156 kB
Shmem:             21824 kB
KReclaimable:     572216 kB
Slab:             223148 kB
SReclaimable:      70196 kB
SUnreclaim:       152952 kB
KernelStack:       43216 kB
PageTables:        55076 kB
NFS_Unstable:          0 kB
Bounce:                0 kB
WritebackTmp:          0 kB
CommitLimit:     6660208 kB
Committed_AS:   61398964 kB
VmallocTotal:   263061440 kB
VmallocUsed:       83576 kB
VmallocChunk:          0 kB
Percpu:             7648 kB
CmaTotal:         315392 kB
CmaFree:              20 kB
MemTotal:        5980404 kB
MemFree:         1213224 kB
MemAvailable:    2926788 kB
Buffers:            6364 kB
Cached:          1723832 kB
SwapCached:            0 kB
Active:          1260784 kB
Inactive:        1499668 kB
Active(anon):    1036580 kB
Inactive(anon):    20092 kB
Active(file):     224204 kB
Inactive(file):  1479576 kB
Unevictable:        5632 kB
Mlocked:            5632 kB
SwapTotal:       3670008 kB
SwapFree:        3670008 kB
Dirty:               176 kB
Writeback:             0 kB
AnonPages:       1035836 kB
Mapped:           779300 kB
Shmem:             21824 kB
KReclaimable:     572216 kB
Slab:             223108 kB
SReclaimable:      70196 kB
SUnreclaim:       152912 kB
KernelStack:       43308 kB
PageTables:        55256 kB
NFS_Unstable:          0 kB
Bounce:                0 kB
WritebackTmp:          0 kB
CommitLimit:     6660208 kB
Committed_AS:   61400100 kB
VmallocTotal:   263061440 kB
VmallocUsed:       83624 kB
VmallocChunk:          0 kB
Percpu:             7648 kB
CmaTotal:         315392 kB
CmaFree:               0 kB
MemTotal:        5980404 kB
MemFree:         1213396 kB
MemAvailable:    2926968 kB
Buffers:            6364 kB
Cached:          1723840 kB
SwapCached:            0 kB
Active:          1261932 kB
Inactive:        1499676 kB
Active(anon):    1037728 kB
Inactive(anon):    20092 kB
Active(file):     224204 kB
Inactive(file):  1479584 kB
Unevictable:        5632 kB
Mlocked:            5632 kB
SwapTotal:       3670008 kB
SwapFree:        3670008 kB
Dirty:               196 kB
Writeback:             0 kB
AnonPages:       1037208 kB
Mapped:           779140 kB
Shmem:             21824 kB
KReclaimable:     572216 kB
Slab:             223140 kB
SReclaimable:      70196 kB
SUnreclaim:       152944 kB
KernelStack:       43248 kB
PageTables:        55240 kB
NFS_Unstable:          0 kB
Bounce:                0 kB
WritebackTmp:          0 kB
CommitLimit:     6660208 kB
Committed_AS:   61399028 kB
VmallocTotal:   263061440 kB
VmallocUsed:       83608 kB
VmallocChunk:          0 kB
Percpu:             7648 kB
CmaTotal:         315392 kB
CmaFree:               0 kB
MemTotal:        5980404 kB
MemFree:         1225500 kB
MemAvailable:    2939072 kB
Buffers:            6364 kB
Cached:          1723840 kB
SwapCached:            0 kB
Active:          1247648 kB
Inactive:        1499676 kB
Active(anon):    1023444 kB
Inactive(anon):    20092 kB
Active(file):     224204 kB
Inactive(file):  1479584 kB
Unevictable:        5632 kB
Mlocked:            5632 kB
SwapTotal:       3670008 kB
SwapFree:        3670008 kB
Dirty:               196 kB
Writeback:             0 kB
AnonPages:       1022840 kB
Mapped:           779144 kB
Shmem:             21824 kB
KReclaimable:     572216 kB
Slab:             223148 kB
SReclaimable:      70196 kB
SUnreclaim:       152952 kB
KernelStack:       43248 kB
PageTables:        55208 kB
NFS_Unstable:          0 kB
Bounce:                0 kB
WritebackTmp:          0 kB
CommitLimit:     6660208 kB
Committed_AS:   61401792 kB
VmallocTotal:   263061440 kB
VmallocUsed:       83608 kB
VmallocChunk:          0 kB
Percpu:             7648 kB
CmaTotal:         315392 kB
CmaFree:               0 kB
MemTotal:        5980404 kB
MemFree:         1225320 kB
MemAvailable:    2938892 kB
Buffers:            6364 kB
Cached:          1723840 kB
SwapCached:            0 kB
Active:          1248120 kB
Inactive:        1499676 kB
Active(anon):    1023916 kB
Inactive(anon):    20092 kB
Active(file):     224204 kB
Inactive(file):  1479584 kB
Unevictable:        5632 kB
Mlocked:            5632 kB
SwapTotal:       3670008 kB
SwapFree:        3670008 kB
Dirty:               196 kB
Writeback:             0 kB
AnonPages:       1023320 kB
Mapped:           779264 kB
Shmem:             21824 kB
KReclaimable:     572216 kB
Slab:             223236 kB
SReclaimable:      70196 kB
SUnreclaim:       153040 kB
KernelStack:       43216 kB
PageTables:        55228 kB
NFS_Unstable:          0 kB
Bounce:                0 kB
WritebackTmp:          0 kB
CommitLimit:     6660208 kB
Committed_AS:   61400208 kB
VmallocTotal:   263061440 kB
VmallocUsed:       83624 kB
VmallocChunk:          0 kB
Percpu:             7648 kB
CmaTotal:         315392 kB
CmaFree:               0 kB
MemTotal:        5980404 kB
MemFree:         1224688 kB
MemAvailable:    2938260 kB
Buffers:            6364 kB
Cached:          1723840 kB
SwapCached:            0 kB
Active:          1248876 kB
Inactive:        1499676 kB
Active(anon):    1024672 kB
Inactive(anon):    20092 kB
Active(file):     224204 kB
Inactive(file):  1479584 kB
Unevictable:        5632 kB
Mlocked:            5632 kB
SwapTotal:       3670008 kB
SwapFree:        3670008 kB
Dirty:               164 kB
Writeback:             0 kB
AnonPages:       1024176 kB
Mapped:           779124 kB
Shmem:             21824 kB
KReclaimable:     572216 kB
Slab:             223172 kB
SReclaimable:      70196 kB
SUnreclaim:       152976 kB
KernelStack:       43232 kB
PageTables:        55208 kB
NFS_Unstable:          0 kB
Bounce:                0 kB
WritebackTmp:          0 kB
CommitLimit:     6660208 kB
Committed_AS:   61401008 kB
VmallocTotal:   263061440 kB
VmallocUsed:       83608 kB
VmallocChunk:          0 kB
Percpu:             7648 kB
CmaTotal:         315392 kB
CmaFree:               0 kB
MemTotal:        5980404 kB
MemFree:         1223700 kB
MemAvailable:    2937272 kB
Buffers:            6364 kB
Cached:          1723840 kB
SwapCached:            0 kB
Active:          1249612 kB
Inactive:        1499676 kB
Active(anon):    1025408 kB
Inactive(anon):    20092 kB
Active(file):     224204 kB
Inactive(file):  1479584 kB
Unevictable:        5632 kB
Mlocked:            5632 kB
SwapTotal:       3670008 kB
SwapFree:        3670008 kB
Dirty:               164 kB
Writeback:             0 kB
AnonPages:       1024876 kB
Mapped:           779376 kB
Shmem:             21824 kB
KReclaimable:     572216 kB
Slab:             223116 kB
SReclaimable:      70196 kB
SUnreclaim:       152920 kB
KernelStack:       43200 kB
PageTables:        55372 kB
NFS_Unstable:          0 kB
Bounce:                0 kB
WritebackTmp:          0 kB
CommitLimit:     6660208 kB
Committed_AS:   61405456 kB
VmallocTotal:   263061440 kB
VmallocUsed:       83592 kB
VmallocChunk:          0 kB
Percpu:             7648 kB
CmaTotal:         315392 kB
CmaFree:               0 kB
MemTotal:        5980404 kB
MemFree:         1223332 kB
MemAvailable:    2936904 kB
Buffers:            6364 kB
Cached:          1723840 kB
SwapCached:            0 kB
Active:          1250668 kB
Inactive:        1499676 kB
Active(anon):    1026464 kB
Inactive(anon):    20092 kB
Active(file):     224204 kB
Inactive(file):  1479584 kB
Unevictable:        5632 kB
Mlocked:            5632 kB
SwapTotal:       3670008 kB
SwapFree:        3670008 kB
Dirty:               164 kB
Writeback:             0 kB
AnonPages:       1025668 kB
Mapped:           779080 kB
Shmem:             21824 kB
KReclaimable:     572216 kB
Slab:             223140 kB
SReclaimable:      70196 kB
SUnreclaim:       152944 kB
KernelStack:       43200 kB
PageTables:        55188 kB
NFS_Unstable:          0 kB
Bounce:                0 kB
WritebackTmp:          0 kB
CommitLimit:     6660208 kB
Committed_AS:   61401320 kB
VmallocTotal:   263061440 kB
VmallocUsed:       83544 kB
VmallocChunk:          0 kB
Percpu:             7648 kB
CmaTotal:         315392 kB
CmaFree:               0 kB
MemTotal:        5980404 kB
MemFree:         1223260 kB
MemAvailable:    2936840 kB
Buffers:            6368 kB
Cached:          1723844 kB
SwapCached:            0 kB
Active:          1251444 kB
Inactive:        1499684 kB
Active(anon):    1027240 kB
Inactive(anon):    20092 kB
Active(file):     224204 kB
Inactive(file):  1479592 kB
Unevictable:        5632 kB
Mlocked:            5632 kB
SwapTotal:       3670008 kB
SwapFree:        3670008 kB
Dirty:               184 kB
Writeback:             0 kB
AnonPages:       1026488 kB
Mapped:           779244 kB
Shmem:             21824 kB
KReclaimable:     572216 kB
Slab:             223172 kB
SReclaimable:      70196 kB
SUnreclaim:       152976 kB
KernelStack:       43292 kB
PageTables:        55144 kB
NFS_Unstable:          0 kB
Bounce:                0 kB
WritebackTmp:          0 kB
CommitLimit:     6660208 kB
Committed_AS:   61402640 kB
VmallocTotal:   263061440 kB
VmallocUsed:       83576 kB
VmallocChunk:          0 kB
Percpu:             7648 kB
CmaTotal:         315392 kB
CmaFree:               0 kB
MemTotal:        5980404 kB
MemFree:         1222832 kB
MemAvailable:    2936420 kB
Buffers:            6368 kB
Cached:          1723852 kB
SwapCached:            0 kB
Active:          1251056 kB
Inactive:        1499688 kB
Active(anon):    1026848 kB
Inactive(anon):    20092 kB
Active(file):     224208 kB
Inactive(file):  1479596 kB
Unevictable:        5632 kB
Mlocked:            5632 kB
SwapTotal:       3670008 kB
SwapFree:        3670008 kB
Dirty:               192 kB
Writeback:             0 kB
AnonPages:       1026068 kB
Mapped:           779184 kB
Shmem:             21824 kB
KReclaimable:     572216 kB
Slab:             223132 kB
SReclaimable:      70196 kB
SUnreclaim:       152936 kB
KernelStack:       43136 kB
PageTables:        54968 kB
NFS_Unstable:          0 kB
Bounce:                0 kB
WritebackTmp:          0 kB
CommitLimit:     6660208 kB
Committed_AS:   61401740 kB
VmallocTotal:   263061440 kB
VmallocUsed:       83528 kB
VmallocChunk:          0 kB
Percpu:             7648 kB
CmaTotal:         315392 kB
CmaFree:             140 kB
MemTotal:        5980404 kB
MemFree:         1222608 kB
MemAvailable:    2936196 kB
Buffers:            6368 kB
Cached:          1723852 kB
SwapCached:            0 kB
Active:          1251968 kB
Inactive:        1499688 kB
Active(anon):    1027760 kB
Inactive(anon):    20092 kB
Active(file):     224208 kB
Inactive(file):  1479596 kB
Unevictable:        5632 kB
Mlocked:            5632 kB
SwapTotal:       3670008 kB
SwapFree:        3670008 kB
Dirty:               192 kB
Writeback:             0 kB
AnonPages:       1026620 kB
Mapped:           779204 kB
Shmem:             21824 kB
KReclaimable:     572216 kB
Slab:             223156 kB
SReclaimable:      70196 kB
SUnreclaim:       152960 kB
KernelStack:       43284 kB
PageTables:        55228 kB
NFS_Unstable:          0 kB
Bounce:                0 kB
WritebackTmp:          0 kB
CommitLimit:     6660208 kB
Committed_AS:   61399240 kB
VmallocTotal:   263061440 kB
VmallocUsed:       83592 kB
VmallocChunk:          0 kB
Percpu:             7648 kB
CmaTotal:         315392 kB
CmaFree:               0 kB
MemTotal:        5980404 kB
MemFree:         1220320 kB
MemAvailable:    2933908 kB
Buffers:            6368 kB
Cached:          1723852 kB
SwapCached:            0 kB
Active:          1252192 kB
Inactive:        1499688 kB
Active(anon):    1027984 kB
Inactive(anon):    20092 kB
Active(file):     224208 kB
Inactive(file):  1479596 kB
Unevictable:        5632 kB
Mlocked:            5632 kB
SwapTotal:       3670008 kB
SwapFree:        3670008 kB
Dirty:               192 kB
Writeback:             0 kB
AnonPages:       1027436 kB
Mapped:           779368 kB
Shmem:             21824 kB
KReclaimable:     572216 kB
Slab:             223132 kB
SReclaimable:      70196 kB
SUnreclaim:       152936 kB
KernelStack:       43312 kB
PageTables:        55244 kB
NFS_Unstable:          0 kB
Bounce:                0 kB
WritebackTmp:          0 kB
CommitLimit:     6660208 kB
Committed_AS:   61398844 kB
VmallocTotal:   263061440 kB
VmallocUsed:       83624 kB
VmallocChunk:          0 kB
Percpu:             7648 kB
CmaTotal:         315392 kB
CmaFree:              84 kB
MemTotal:        5980404 kB
MemFree:         1219540 kB
MemAvailable:    2933128 kB
Buffers:            6368 kB
Cached:          1723852 kB
SwapCached:            0 kB
Active:          1253016 kB
Inactive:        1499688 kB
Active(anon):    1028808 kB
Inactive(anon):    20092 kB
Active(file):     224208 kB
Inactive(file):  1479596 kB
Unevictable:        5632 kB
Mlocked:            5632 kB
SwapTotal:       3670008 kB
SwapFree:        3670008 kB
Dirty:               208 kB
Writeback:             0 kB
AnonPages:       1028156 kB
Mapped:           779144 kB
Shmem:             21824 kB
KReclaimable:     572216 kB
Slab:             223172 kB
SReclaimable:      70196 kB
SUnreclaim:       152976 kB
KernelStack:       43264 kB
PageTables:        54948 kB
NFS_Unstable:          0 kB
Bounce:                0 kB
WritebackTmp:          0 kB
CommitLimit:     6660208 kB
Committed_AS:   61399512 kB
VmallocTotal:   263061440 kB
VmallocUsed:       83624 kB
VmallocChunk:          0 kB
Percpu:             7648 kB
CmaTotal:         315392 kB
CmaFree:               0 kB
MemTotal:        5980404 kB
MemFree:         1218704 kB
MemAvailable:    2932284 kB
Buffers:            6368 kB
Cached:          1723844 kB
SwapCached:            0 kB
Active:          1254436 kB
Inactive:        1499684 kB
Active(anon):    1030232 kB
Inactive(anon):    20092 kB
Active(file):     224204 kB
Inactive(file):  1479592 kB
Unevictable:        5632 kB
Mlocked:            5632 kB
SwapTotal:       3670008 kB
SwapFree:        3670008 kB
Dirty:               200 kB
Writeback:             0 kB
AnonPages:       1029436 kB
Mapped:           779332 kB
Shmem:             21824 kB
KReclaimable:     572216 kB
Slab:             223132 kB
SReclaimable:      70196 kB
SUnreclaim:       152936 kB
KernelStack:       43280 kB
PageTables:        55112 kB
NFS_Unstable:          0 kB
Bounce:                0 kB
WritebackTmp:          0 kB
CommitLimit:     6660208 kB
Committed_AS:   61405764 kB
VmallocTotal:   263061440 kB
VmallocUsed:       83608 kB
VmallocChunk:          0 kB
Percpu:             7648 kB
CmaTotal:         315392 kB
CmaFree:             192 kB
MemTotal:        5980404 kB
MemFree:         1218820 kB
MemAvailable:    2932408 kB
Buffers:            6368 kB
Cached:          1723852 kB
SwapCached:            0 kB
Active:          1254664 kB
Inactive:        1499688 kB
Active(anon):    1030456 kB
Inactive(anon):    20092 kB
Active(file):     224208 kB
Inactive(file):  1479596 kB
Unevictable:        5632 kB
Mlocked:            5632 kB
SwapTotal:       3670008 kB
SwapFree:        3670008 kB
Dirty:               208 kB
Writeback:             0 kB
AnonPages:       1029848 kB
Mapped:           779248 kB
Shmem:             21824 kB
KReclaimable:     572216 kB
Slab:             223212 kB
SReclaimable:      70196 kB
SUnreclaim:       153016 kB
KernelStack:       43296 kB
PageTables:        55336 kB
NFS_Unstable:          0 kB
Bounce:                0 kB
WritebackTmp:          0 kB
CommitLimit:     6660208 kB
Committed_AS:   61405296 kB
VmallocTotal:   263061440 kB
VmallocUsed:       83576 kB
VmallocChunk:          0 kB
Percpu:             7648 kB
CmaTotal:         315392 kB
CmaFree:               0 kB
MemTotal:        5980404 kB
MemFree:         1218688 kB
MemAvailable:    2932276 kB
Buffers:            6368 kB
Cached:          1723852 kB
SwapCached:            0 kB
Active:          1254224 kB
Inactive:        1499688 kB
Active(anon):    1030016 kB
Inactive(anon):    20092 kB
Active(file):     224208 kB
Inactive(file):  1479596 kB
Unevictable:        5632 kB
Mlocked:            5632 kB
SwapTotal:       3670008 kB
SwapFree:        3670008 kB
Dirty:               220 kB
Writeback:             0 kB
AnonPages:       1029976 kB
Mapped:           779304 kB
Shmem:             21824 kB
KReclaimable:     572216 kB
Slab:             223220 kB
SReclaimable:      70196 kB
SUnreclaim:       153024 kB
KernelStack:       43280 kB
PageTables:        55396 kB
NFS_Unstable:          0 kB
Bounce:                0 kB
WritebackTmp:          0 kB
CommitLimit:     6660208 kB
Committed_AS:   61402824 kB
VmallocTotal:   263061440 kB
VmallocUsed:       83624 kB
VmallocChunk:          0 kB
Percpu:             7648 kB
CmaTotal:         315392 kB
CmaFree:               0 kB
MemTotal:        5980404 kB
MemFree:         1222004 kB
MemAvailable:    2935592 kB
Buffers:            6368 kB
Cached:          1723852 kB
SwapCached:            0 kB
Active:          1250500 kB
Inactive:        1499688 kB
Active(anon):    1026292 kB
Inactive(anon):    20092 kB
Active(file):     224208 kB
Inactive(file):  1479596 kB
Unevictable:        5632 kB
Mlocked:            5632 kB
SwapTotal:       3670008 kB
SwapFree:        3670008 kB
Dirty:               224 kB
Writeback:             0 kB
AnonPages:       1025728 kB
Mapped:           779308 kB
Shmem:             21824 kB
KReclaimable:     572216 kB
Slab:             223148 kB
SReclaimable:      70196 kB
SUnreclaim:       152952 kB
KernelStack:       43296 kB
PageTables:        55192 kB
NFS_Unstable:          0 kB
Bounce:                0 kB
WritebackTmp:          0 kB
CommitLimit:     6660208 kB
Committed_AS:   61400664 kB
VmallocTotal:   263061440 kB
VmallocUsed:       83624 kB
VmallocChunk:          0 kB
Percpu:             7648 kB
CmaTotal:         315392 kB
CmaFree:               4 kB
MemTotal:        5980404 kB
MemFree:         1222292 kB
MemAvailable:    2935892 kB
Buffers:            6368 kB
Cached:          1723860 kB
SwapCached:            0 kB
Active:          1251352 kB
Inactive:        1499696 kB
Active(anon):    1027144 kB
Inactive(anon):    20092 kB
Active(file):     224208 kB
Inactive(file):  1479604 kB
Unevictable:        5632 kB
Mlocked:            5632 kB
SwapTotal:       3670008 kB
SwapFree:        3670008 kB
Dirty:               248 kB
Writeback:             0 kB
AnonPages:       1026360 kB
Mapped:           779120 kB
Shmem:             21824 kB
KReclaimable:     572220 kB
Slab:             223144 kB
SReclaimable:      70200 kB
SUnreclaim:       152944 kB
KernelStack:       43312 kB
PageTables:        55208 kB
NFS_Unstable:          0 kB
Bounce:                0 kB
WritebackTmp:          0 kB
CommitLimit:     6660208 kB
Committed_AS:   61402764 kB
VmallocTotal:   263061440 kB
VmallocUsed:       83640 kB
VmallocChunk:          0 kB
Percpu:             7648 kB
CmaTotal:         315392 kB
CmaFree:               0 kB
MemTotal:        5980404 kB
MemFree:         1221408 kB
MemAvailable:    2935008 kB
Buffers:            6368 kB
Cached:          1723860 kB
SwapCached:            0 kB
Active:          1252400 kB
Inactive:        1499696 kB
Active(anon):    1028192 kB
Inactive(anon):    20092 kB
Active(file):     224208 kB
Inactive(file):  1479604 kB
Unevictable:        5632 kB
Mlocked:            5632 kB
SwapTotal:       3670008 kB
SwapFree:        3670008 kB
Dirty:               248 kB
Writeback:             0 kB
AnonPages:       1027104 kB
Mapped:           779016 kB
Shmem:             21824 kB
KReclaimable:     572220 kB
Slab:             223152 kB
SReclaimable:      70200 kB
SUnreclaim:       152952 kB
KernelStack:       43292 kB
PageTables:        55136 kB
NFS_Unstable:          0 kB
Bounce:                0 kB
WritebackTmp:          0 kB
CommitLimit:     6660208 kB
Committed_AS:   61400044 kB
VmallocTotal:   263061440 kB
VmallocUsed:       83640 kB
VmallocChunk:          0 kB
Percpu:             7648 kB
CmaTotal:         315392 kB
CmaFree:               0 kB
MemTotal:        5980404 kB
MemFree:         1221240 kB
MemAvailable:    2934840 kB
Buffers:            6368 kB
Cached:          1723860 kB
SwapCached:            0 kB
Active:          1252960 kB
Inactive:        1499696 kB
Active(anon):    1028752 kB
Inactive(anon):    20092 kB
Active(file):     224208 kB
Inactive(file):  1479604 kB
Unevictable:        5632 kB
Mlocked:            5632 kB
SwapTotal:       3670008 kB
SwapFree:        3670008 kB
Dirty:               252 kB
Writeback:             0 kB
AnonPages:       1028104 kB
Mapped:           779144 kB
Shmem:             21824 kB
KReclaimable:     572220 kB
Slab:             223144 kB
SReclaimable:      70200 kB
SUnreclaim:       152944 kB
KernelStack:       43312 kB
PageTables:        55212 kB
NFS_Unstable:          0 kB
Bounce:                0 kB
WritebackTmp:          0 kB
CommitLimit:     6660208 kB
Committed_AS:   61394784 kB
VmallocTotal:   263061440 kB
VmallocUsed:       83608 kB
VmallocChunk:          0 kB
Percpu:             7648 kB
CmaTotal:         315392 kB
CmaFree:               0 kB
MemTotal:        5980404 kB
MemFree:         1219608 kB
MemAvailable:    2933212 kB
Buffers:            6368 kB
Cached:          1723868 kB
SwapCached:            0 kB
Active:          1253840 kB
Inactive:        1499704 kB
Active(anon):    1029632 kB
Inactive(anon):    20096 kB
Active(file):     224208 kB
Inactive(file):  1479608 kB
Unevictable:        5632 kB
Mlocked:            5632 kB
SwapTotal:       3670008 kB
SwapFree:        3670008 kB
Dirty:               196 kB
Writeback:             0 kB
AnonPages:       1028996 kB
Mapped:           779312 kB
Shmem:             21828 kB
KReclaimable:     572220 kB
Slab:             223152 kB
SReclaimable:      70200 kB
SUnreclaim:       152952 kB
KernelStack:       43280 kB
PageTables:        55076 kB
NFS_Unstable:          0 kB
Bounce:                0 kB
WritebackTmp:          0 kB
CommitLimit:     6660208 kB
Committed_AS:   61397756 kB
VmallocTotal:   263061440 kB
VmallocUsed:       83608 kB
VmallocChunk:          0 kB
Percpu:             7648 kB
CmaTotal:         315392 kB
CmaFree:               0 kB
MemTotal:        5980404 kB
MemFree:         1220512 kB
MemAvailable:    2934116 kB
Buffers:            6368 kB
Cached:          1723868 kB
SwapCached:            0 kB
Active:          1253484 kB
Inactive:        1499704 kB
Active(anon):    1029276 kB
Inactive(anon):    20096 kB
Active(file):     224208 kB
Inactive(file):  1479608 kB
Unevictable:        5632 kB
Mlocked:            5632 kB
SwapTotal:       3670008 kB
SwapFree:        3670008 kB
Dirty:               196 kB
Writeback:             0 kB
AnonPages:       1028784 kB
Mapped:           779312 kB
Shmem:             21828 kB
KReclaimable:     572220 kB
Slab:             223144 kB
SReclaimable:      70200 kB
SUnreclaim:       152944 kB
KernelStack:       43312 kB
PageTables:        55324 kB
NFS_Unstable:          0 kB
Bounce:                0 kB
WritebackTmp:          0 kB
CommitLimit:     6660208 kB
Committed_AS:   61395860 kB
VmallocTotal:   263061440 kB
VmallocUsed:       83560 kB
VmallocChunk:          0 kB
Percpu:             7648 kB
CmaTotal:         315392 kB
CmaFree:               0 kB
MemTotal:        5980404 kB
MemFree:         1220012 kB
MemAvailable:    2933616 kB
Buffers:            6368 kB
Cached:          1723868 kB
SwapCached:            0 kB
Active:          1254284 kB
Inactive:        1499704 kB
Active(anon):    1030076 kB
Inactive(anon):    20096 kB
Active(file):     224208 kB
Inactive(file):  1479608 kB
Unevictable:        5632 kB
Mlocked:            5632 kB
SwapTotal:       3670008 kB
SwapFree:        3670008 kB
Dirty:               196 kB
Writeback:             0 kB
AnonPages:       1029328 kB
Mapped:           779128 kB
Shmem:             21828 kB
KReclaimable:     572220 kB
Slab:             223256 kB
SReclaimable:      70200 kB
SUnreclaim:       153056 kB
KernelStack:       43296 kB
PageTables:        55212 kB
NFS_Unstable:          0 kB
Bounce:                0 kB
WritebackTmp:          0 kB
CommitLimit:     6660208 kB
Committed_AS:   61395592 kB
VmallocTotal:   263061440 kB
VmallocUsed:       83624 kB
VmallocChunk:          0 kB
Percpu:             7648 kB
CmaTotal:         315392 kB
CmaFree:               0 kB
MemTotal:        5980404 kB
MemFree:         1219772 kB
MemAvailable:    2933392 kB
Buffers:            6376 kB
Cached:          1723880 kB
SwapCached:            0 kB
Active:          1255056 kB
Inactive:        1499724 kB
Active(anon):    1030848 kB
Inactive(anon):    20100 kB
Active(file):     224208 kB
Inactive(file):  1479624 kB
Unevictable:        5632 kB
Mlocked:            5632 kB
SwapTotal:       3670008 kB
SwapFree:        3670008 kB
Dirty:               180 kB
Writeback:             0 kB
AnonPages:       1030340 kB
Mapped:           779308 kB
Shmem:             21832 kB
KReclaimable:     572220 kB
Slab:             223392 kB
SReclaimable:      70200 kB
SUnreclaim:       153192 kB
KernelStack:       43280 kB
PageTables:        55312 kB
NFS_Unstable:          0 kB
Bounce:                0 kB
WritebackTmp:          0 kB
CommitLimit:     6660208 kB
Committed_AS:   61397636 kB
VmallocTotal:   263061440 kB
VmallocUsed:       83624 kB
VmallocChunk:          0 kB
Percpu:             7648 kB
CmaTotal:         315392 kB
CmaFree:               0 kB
MemTotal:        5980404 kB
MemFree:         1218524 kB
MemAvailable:    2932116 kB
Buffers:            6376 kB
Cached:          1723852 kB
SwapCached:            0 kB
Active:          1256408 kB
Inactive:        1499692 kB
Active(anon):    1032196 kB
Inactive(anon):    20100 kB
Active(file):     224212 kB
Inactive(file):  1479592 kB
Unevictable:        5632 kB
Mlocked:            5632 kB
SwapTotal:       3670008 kB
SwapFree:        3670008 kB
Dirty:               172 kB
Writeback:             0 kB
AnonPages:       1031272 kB
Mapped:           779416 kB
Shmem:             21832 kB
KReclaimable:     572220 kB
Slab:             223176 kB
SReclaimable:      70200 kB
SUnreclaim:       152976 kB
KernelStack:       43292 kB
PageTables:        55104 kB
NFS_Unstable:          0 kB
Bounce:                0 kB
WritebackTmp:          0 kB
CommitLimit:     6660208 kB
Committed_AS:   61399456 kB
VmallocTotal:   263061440 kB
VmallocUsed:       83624 kB
VmallocChunk:          0 kB
Percpu:             7648 kB
CmaTotal:         315392 kB
CmaFree:               4 kB
MemTotal:        5980404 kB
MemFree:         1217664 kB
MemAvailable:    2931292 kB
Buffers:            6376 kB
Cached:          1723888 kB
SwapCached:            0 kB
Active:          1256608 kB
Inactive:        1499724 kB
Active(anon):    1032392 kB
Inactive(anon):    20100 kB
Active(file):     224216 kB
Inactive(file):  1479624 kB
Unevictable:        5632 kB
Mlocked:            5632 kB
SwapTotal:       3670008 kB
SwapFree:        3670008 kB
Dirty:               180 kB
Writeback:             0 kB
AnonPages:       1031688 kB
Mapped:           779152 kB
Shmem:             21832 kB
KReclaimable:     572220 kB
Slab:             223144 kB
SReclaimable:      70200 kB
SUnreclaim:       152944 kB
KernelStack:       43312 kB
PageTables:        55208 kB
NFS_Unstable:          0 kB
Bounce:                0 kB
WritebackTmp:          0 kB
CommitLimit:     6660208 kB
Committed_AS:   61397768 kB
VmallocTotal:   263061440 kB
VmallocUsed:       83656 kB
VmallocChunk:          0 kB
Percpu:             7648 kB
CmaTotal:         315392 kB
CmaFree:               4 kB
MemTotal:        5980404 kB
MemFree:         1216492 kB
MemAvailable:    2930120 kB
Buffers:            6376 kB
Cached:          1723888 kB
SwapCached:            0 kB
Active:          1257976 kB
Inactive:        1499724 kB
Active(anon):    1033760 kB
Inactive(anon):    20100 kB
Active(file):     224216 kB
Inactive(file):  1479624 kB
Unevictable:        5632 kB
Mlocked:            5632 kB
SwapTotal:       3670008 kB
SwapFree:        3670008 kB
Dirty:               180 kB
Writeback:             0 kB
AnonPages:       1033272 kB
Mapped:           779152 kB
Shmem:             21832 kB
KReclaimable:     572220 kB
Slab:             223152 kB
SReclaimable:      70200 kB
SUnreclaim:       152952 kB
KernelStack:       43296 kB
PageTables:        55144 kB
NFS_Unstable:          0 kB
Bounce:                0 kB
WritebackTmp:          0 kB
CommitLimit:     6660208 kB
Committed_AS:   61398704 kB
VmallocTotal:   263061440 kB
VmallocUsed:       83608 kB
VmallocChunk:          0 kB
Percpu:             7648 kB
CmaTotal:         315392 kB
CmaFree:               0 kB
MemTotal:        5980404 kB
MemFree:         1216304 kB
MemAvailable:    2929932 kB
Buffers:            6376 kB
Cached:          1723888 kB
SwapCached:            0 kB
Active:          1258840 kB
Inactive:        1499724 kB
Active(anon):    1034624 kB
Inactive(anon):    20100 kB
Active(file):     224216 kB
Inactive(file):  1479624 kB
Unevictable:        5632 kB
Mlocked:            5632 kB
SwapTotal:       3670008 kB
SwapFree:        3670008 kB
Dirty:               180 kB
Writeback:             0 kB
AnonPages:       1033952 kB
Mapped:           779152 kB
Shmem:             21832 kB
KReclaimable:     572220 kB
Slab:             223144 kB
SReclaimable:      70200 kB
SUnreclaim:       152944 kB
KernelStack:       43280 kB
PageTables:        55080 kB
NFS_Unstable:          0 kB
Bounce:                0 kB
WritebackTmp:          0 kB
CommitLimit:     6660208 kB
Committed_AS:   61395968 kB
VmallocTotal:   263061440 kB
VmallocUsed:       83624 kB
VmallocChunk:          0 kB
Percpu:             7648 kB
CmaTotal:         315392 kB
CmaFree:               0 kB
MemTotal:        5980404 kB
MemFree:         1215428 kB
MemAvailable:    2929056 kB
Buffers:            6376 kB
Cached:          1723888 kB
SwapCached:            0 kB
Active:          1259172 kB
Inactive:        1499724 kB
Active(anon):    1034956 kB
Inactive(anon):    20100 kB
Active(file):     224216 kB
Inactive(file):  1479624 kB
Unevictable:        5632 kB
Mlocked:            5632 kB
SwapTotal:       3670008 kB
SwapFree:        3670008 kB
Dirty:               180 kB
Writeback:             0 kB
AnonPages:       1034060 kB
Mapped:           779380 kB
Shmem:             21832 kB
KReclaimable:     572220 kB
Slab:             223160 kB
SReclaimable:      70200 kB
SUnreclaim:       152960 kB
KernelStack:       43232 kB
PageTables:        54980 kB
NFS_Unstable:          0 kB
Bounce:                0 kB
WritebackTmp:          0 kB
CommitLimit:     6660208 kB
Committed_AS:   61399920 kB
VmallocTotal:   263061440 kB
VmallocUsed:       83624 kB
VmallocChunk:          0 kB
Percpu:             7648 kB
CmaTotal:         315392 kB
CmaFree:              52 kB
MemTotal:        5980404 kB
MemFree:         1213716 kB
MemAvailable:    2927344 kB
Buffers:            6376 kB
Cached:          1723888 kB
SwapCached:            0 kB
Active:          1259636 kB
Inactive:        1499724 kB
Active(anon):    1035420 kB
Inactive(anon):    20100 kB
Active(file):     224216 kB
Inactive(file):  1479624 kB
Unevictable:        5632 kB
Mlocked:            5632 kB
SwapTotal:       3670008 kB
SwapFree:        3670008 kB
Dirty:               184 kB
Writeback:             0 kB
AnonPages:       1035064 kB
Mapped:           779632 kB
Shmem:             21832 kB
KReclaimable:     572220 kB
Slab:             223120 kB
SReclaimable:      70200 kB
SUnreclaim:       152920 kB
KernelStack:       43292 kB
PageTables:        55568 kB
NFS_Unstable:          0 kB
Bounce:                0 kB
WritebackTmp:          0 kB
CommitLimit:     6660208 kB
Committed_AS:   61403080 kB
VmallocTotal:   263061440 kB
VmallocUsed:       83608 kB
VmallocChunk:          0 kB
Percpu:             7648 kB
CmaTotal:         315392 kB
CmaFree:               4 kB
MemTotal:        5980404 kB
MemFree:         1226744 kB
MemAvailable:    2940372 kB
Buffers:            6376 kB
Cached:          1723888 kB
SwapCached:            0 kB
Active:          1246388 kB
Inactive:        1499724 kB
Active(anon):    1022172 kB
Inactive(anon):    20100 kB
Active(file):     224216 kB
Inactive(file):  1479624 kB
Unevictable:        5632 kB
Mlocked:            5632 kB
SwapTotal:       3670008 kB
SwapFree:        3670008 kB
Dirty:               196 kB
Writeback:             0 kB
AnonPages:       1021736 kB
Mapped:           779316 kB
Shmem:             21832 kB
KReclaimable:     572220 kB
Slab:             223152 kB
SReclaimable:      70200 kB
SUnreclaim:       152952 kB
KernelStack:       43296 kB
PageTables:        55324 kB
NFS_Unstable:          0 kB
Bounce:                0 kB
WritebackTmp:          0 kB
CommitLimit:     6660208 kB
Committed_AS:   61400660 kB
VmallocTotal:   263061440 kB
VmallocUsed:       83624 kB
VmallocChunk:          0 kB
Percpu:             7648 kB
CmaTotal:         315392 kB
CmaFree:               0 kB
MemTotal:        5980404 kB
MemFree:         1225988 kB
MemAvailable:    2939660 kB
Buffers:            6376 kB
Cached:          1723932 kB
SwapCached:            0 kB
Active:          1247660 kB
Inactive:        1499760 kB
Active(anon):    1023436 kB
Inactive(anon):    20100 kB
Active(file):     224224 kB
Inactive(file):  1479660 kB
Unevictable:        5632 kB
Mlocked:            5632 kB
SwapTotal:       3670008 kB
SwapFree:        3670008 kB
Dirty:               208 kB
Writeback:             0 kB
AnonPages:       1022596 kB
Mapped:           779396 kB
Shmem:             21832 kB
KReclaimable:     572220 kB
Slab:             223208 kB
SReclaimable:      70200 kB
SUnreclaim:       153008 kB
KernelStack:       43328 kB
PageTables:        55104 kB
NFS_Unstable:          0 kB
Bounce:                0 kB
WritebackTmp:          0 kB
CommitLimit:     6660208 kB
Committed_AS:   61398588 kB
VmallocTotal:   263061440 kB
VmallocUsed:       83576 kB
VmallocChunk:          0 kB
Percpu:             7648 kB
CmaTotal:         315392 kB
CmaFree:              56 kB
MemTotal:        5980404 kB
MemFree:         1225532 kB
MemAvailable:    2939172 kB
Buffers:            6376 kB
Cached:          1723900 kB
SwapCached:            0 kB
Active:          1248388 kB
Inactive:        1499736 kB
Active(anon):    1024172 kB
Inactive(anon):    20100 kB
Active(file):     224216 kB
Inactive(file):  1479636 kB
Unevictable:        5632 kB
Mlocked:            5632 kB
SwapTotal:       3670008 kB
SwapFree:        3670008 kB
Dirty:               212 kB
Writeback:             0 kB
AnonPages:       1023624 kB
Mapped:           779312 kB
Shmem:             21832 kB
KReclaimable:     572220 kB
Slab:             223104 kB
SReclaimable:      70200 kB
SUnreclaim:       152904 kB
KernelStack:       43264 kB
PageTables:        55116 kB
NFS_Unstable:          0 kB
Bounce:                0 kB
WritebackTmp:          0 kB
CommitLimit:     6660208 kB
Committed_AS:   61399488 kB
VmallocTotal:   263061440 kB
VmallocUsed:       83608 kB
VmallocChunk:          0 kB
Percpu:             7648 kB
CmaTotal:         315392 kB
CmaFree:               0 kB
MemTotal:        5980404 kB
MemFree:         1225188 kB
MemAvailable:    2938828 kB
Buffers:            6376 kB
Cached:          1723900 kB
SwapCached:            0 kB
Active:          1249072 kB
Inactive:        1499736 kB
Active(anon):    1024856 kB
Inactive(anon):    20100 kB
Active(file):     224216 kB
Inactive(file):  1479636 kB
Unevictable:        5632 kB
Mlocked:            5632 kB
SwapTotal:       3670008 kB
SwapFree:        3670008 kB
Dirty:               216 kB
Writeback:             0 kB
AnonPages:       1024172 kB
Mapped:           779152 kB
Shmem:             21832 kB
KReclaimable:     572220 kB
Slab:             223144 kB
SReclaimable:      70200 kB
SUnreclaim:       152944 kB
KernelStack:       43312 kB
PageTables:        55212 kB
NFS_Unstable:          0 kB
Bounce:                0 kB
WritebackTmp:          0 kB
CommitLimit:     6660208 kB
Committed_AS:   61397940 kB
VmallocTotal:   263061440 kB
VmallocUsed:       83576 kB
VmallocChunk:          0 kB
Percpu:             7648 kB
CmaTotal:         315392 kB
CmaFree:               0 kB
MemTotal:        5980404 kB
MemFree:         1223860 kB
MemAvailable:    2937500 kB
Buffers:            6376 kB
Cached:          1723900 kB
SwapCached:            0 kB
Active:          1249200 kB
Inactive:        1499736 kB
Active(anon):    1024984 kB
Inactive(anon):    20100 kB
Active(file):     224216 kB
Inactive(file):  1479636 kB
Unevictable:        5632 kB
Mlocked:            5632 kB
SwapTotal:       3670008 kB
SwapFree:        3670008 kB
Dirty:               216 kB
Writeback:             0 kB
AnonPages:       1024068 kB
Mapped:           779088 kB
Shmem:             21832 kB
KReclaimable:     572220 kB
Slab:             223112 kB
SReclaimable:      70200 kB
SUnreclaim:       152912 kB
KernelStack:       43280 kB
PageTables:        55076 kB
NFS_Unstable:          0 kB
Bounce:                0 kB
WritebackTmp:          0 kB
CommitLimit:     6660208 kB
Committed_AS:   61400072 kB
VmallocTotal:   263061440 kB
VmallocUsed:       83656 kB
VmallocChunk:          0 kB
Percpu:             7648 kB
CmaTotal:         315392 kB
CmaFree:               0 kB
MemTotal:        5980404 kB
MemFree:         1226684 kB
MemAvailable:    2940316 kB
Buffers:            6376 kB
Cached:          1723892 kB
SwapCached:            0 kB
Active:          1246432 kB
Inactive:        1499732 kB
Active(anon):    1022220 kB
Inactive(anon):    20100 kB
Active(file):     224212 kB
Inactive(file):  1479632 kB
Unevictable:        5632 kB
Mlocked:            5632 kB
SwapTotal:       3670008 kB
SwapFree:        3670008 kB
Dirty:               208 kB
Writeback:             0 kB
AnonPages:       1021520 kB
Mapped:           779336 kB
Shmem:             21832 kB
KReclaimable:     572220 kB
Slab:             223160 kB
SReclaimable:      70200 kB
SUnreclaim:       152960 kB
KernelStack:       43312 kB
PageTables:        55236 kB
NFS_Unstable:          0 kB
Bounce:                0 kB
WritebackTmp:          0 kB
CommitLimit:     6660208 kB
Committed_AS:   61400868 kB
VmallocTotal:   263061440 kB
VmallocUsed:       83656 kB
VmallocChunk:          0 kB
Percpu:             7648 kB
CmaTotal:         315392 kB
CmaFree:             148 kB
MemTotal:        5980404 kB
MemFree:         1226384 kB
MemAvailable:    2940024 kB
Buffers:            6376 kB
Cached:          1723900 kB
SwapCached:            0 kB
Active:          1246372 kB
Inactive:        1499736 kB
Active(anon):    1022156 kB
Inactive(anon):    20100 kB
Active(file):     224216 kB
Inactive(file):  1479636 kB
Unevictable:        5632 kB
Mlocked:            5632 kB
SwapTotal:       3670008 kB
SwapFree:        3670008 kB
Dirty:               232 kB
Writeback:             0 kB
AnonPages:       1021652 kB
Mapped:           779440 kB
Shmem:             21832 kB
KReclaimable:     572220 kB
Slab:             223152 kB
SReclaimable:      70200 kB
SUnreclaim:       152952 kB
KernelStack:       43280 kB
PageTables:        55124 kB
NFS_Unstable:          0 kB
Bounce:                0 kB
WritebackTmp:          0 kB
CommitLimit:     6660208 kB
Committed_AS:   61401300 kB
VmallocTotal:   263061440 kB
VmallocUsed:       83656 kB
VmallocChunk:          0 kB
Percpu:             7648 kB
CmaTotal:         315392 kB
CmaFree:               0 kB
MemTotal:        5980404 kB
MemFree:         1226776 kB
MemAvailable:    2940416 kB
Buffers:            6376 kB
Cached:          1723908 kB
SwapCached:            0 kB
Active:          1247336 kB
Inactive:        1499744 kB
Active(anon):    1023120 kB
Inactive(anon):    20108 kB
Active(file):     224216 kB
Inactive(file):  1479636 kB
Unevictable:        5632 kB
Mlocked:            5632 kB
SwapTotal:       3670008 kB
SwapFree:        3670008 kB
Dirty:               232 kB
Writeback:             0 kB
AnonPages:       1022500 kB
Mapped:           779324 kB
Shmem:             21840 kB
KReclaimable:     572220 kB
Slab:             223144 kB
SReclaimable:      70200 kB
SUnreclaim:       152944 kB
KernelStack:       43264 kB
PageTables:        55180 kB
NFS_Unstable:          0 kB
Bounce:                0 kB
WritebackTmp:          0 kB
CommitLimit:     6660208 kB
Committed_AS:   61402580 kB
VmallocTotal:   263061440 kB
VmallocUsed:       83640 kB
