MemTotal:       12113136 kB
MemFree:         4258864 kB
MemAvailable:    7607288 kB
Buffers:            6772 kB
Cached:          2517756 kB
SwapCached:            0 kB
Active:          1832776 kB
Inactive:        2145144 kB
Active(anon):    1462560 kB
Inactive(anon):    34384 kB
Active(file):     370216 kB
Inactive(file):  2110760 kB
Unevictable:        5564 kB
Mlocked:            5564 kB
SwapTotal:       3145724 kB
SwapFree:        3145724 kB
Dirty:               376 kB
Writeback:             0 kB
AnonPages:       1458952 kB
Mapped:           980288 kB
Shmem:             39076 kB
KReclaimable:    1736152 kB
Slab:             272328 kB
SReclaimable:     117396 kB
SUnreclaim:       154932 kB
KernelStack:       50516 kB
PageTables:        71072 kB
NFS_Unstable:          0 kB
Bounce:                0 kB
WritebackTmp:          0 kB
CommitLimit:     9202292 kB
Committed_AS:   77580488 kB
VmallocTotal:   263061440 kB
VmallocUsed:      107712 kB
VmallocChunk:          0 kB
Percpu:             7648 kB
CmaTotal:         294912 kB
CmaFree:               0 kB
MemTotal:       12113136 kB
MemFree:         4257232 kB
MemAvailable:    7605728 kB
Buffers:            6772 kB
Cached:          2517828 kB
SwapCached:            0 kB
Active:          1833800 kB
Inactive:        2145180 kB
Active(anon):    1463548 kB
Inactive(anon):    34384 kB
Active(file):     370252 kB
Inactive(file):  2110796 kB
Unevictable:        5564 kB
Mlocked:            5564 kB
SwapTotal:       3145724 kB
SwapFree:        3145724 kB
Dirty:               480 kB
Writeback:             0 kB
AnonPages:       1460084 kB
Mapped:           980316 kB
Shmem:             39076 kB
KReclaimable:    1736152 kB
Slab:             272336 kB
SReclaimable:     117396 kB
SUnreclaim:       154940 kB
KernelStack:       50480 kB
PageTables:        71044 kB
NFS_Unstable:          0 kB
Bounce:                0 kB
WritebackTmp:          0 kB
CommitLimit:     9202292 kB
Committed_AS:   77586224 kB
VmallocTotal:   263061440 kB
VmallocUsed:      107712 kB
VmallocChunk:          0 kB
Percpu:             7648 kB
CmaTotal:         294912 kB
CmaFree:               0 kB
MemTotal:       12113136 kB
MemFree:         4255664 kB
MemAvailable:    7604168 kB
Buffers:            6772 kB
Cached:          2517836 kB
SwapCached:            0 kB
Active:          1834840 kB
Inactive:        2145188 kB
Active(anon):    1464588 kB
Inactive(anon):    34384 kB
Active(file):     370252 kB
Inactive(file):  2110804 kB
Unevictable:        5564 kB
Mlocked:            5564 kB
SwapTotal:       3145724 kB
SwapFree:        3145724 kB
Dirty:               516 kB
Writeback:             0 kB
AnonPages:       1461080 kB
Mapped:           980372 kB
Shmem:             39076 kB
KReclaimable:    1736152 kB
Slab:             272336 kB
SReclaimable:     117396 kB
SUnreclaim:       154940 kB
KernelStack:       50480 kB
PageTables:        71052 kB
NFS_Unstable:          0 kB
Bounce:                0 kB
WritebackTmp:          0 kB
CommitLimit:     9202292 kB
Committed_AS:   77586000 kB
VmallocTotal:   263061440 kB
VmallocUsed:      107712 kB
VmallocChunk:          0 kB
Percpu:             7648 kB
CmaTotal:         294912 kB
CmaFree:               0 kB
MemTotal:       12113136 kB
MemFree:         4254084 kB
MemAvailable:    7602600 kB
Buffers:            6772 kB
Cached:          2517848 kB
SwapCached:            0 kB
Active:          1836148 kB
Inactive:        2145200 kB
Active(anon):    1465896 kB
Inactive(anon):    34384 kB
Active(file):     370252 kB
Inactive(file):  2110816 kB
Unevictable:        5564 kB
Mlocked:            5564 kB
SwapTotal:       3145724 kB
SwapFree:        3145724 kB
Dirty:               552 kB
Writeback:             0 kB
AnonPages:       1462372 kB
Mapped:           980396 kB
Shmem:             39076 kB
KReclaimable:    1736152 kB
Slab:             272320 kB
SReclaimable:     117396 kB
SUnreclaim:       154924 kB
KernelStack:       50464 kB
PageTables:        71000 kB
NFS_Unstable:          0 kB
Bounce:                0 kB
WritebackTmp:          0 kB
CommitLimit:     9202292 kB
Committed_AS:   77591164 kB
VmallocTotal:   263061440 kB
VmallocUsed:      107760 kB
VmallocChunk:          0 kB
Percpu:             7648 kB
CmaTotal:         294912 kB
CmaFree:               8 kB
MemTotal:       12113136 kB
MemFree:         4252760 kB
MemAvailable:    7601296 kB
Buffers:            6772 kB
Cached:          2517868 kB
SwapCached:            0 kB
Active:          1837664 kB
Inactive:        2145220 kB
Active(anon):    1467412 kB
Inactive(anon):    34384 kB
Active(file):     370252 kB
Inactive(file):  2110836 kB
Unevictable:        5564 kB
Mlocked:            5564 kB
SwapTotal:       3145724 kB
SwapFree:        3145724 kB
Dirty:               628 kB
Writeback:             0 kB
AnonPages:       1464132 kB
Mapped:           980424 kB
Shmem:             39076 kB
KReclaimable:    1736152 kB
Slab:             272312 kB
SReclaimable:     117396 kB
SUnreclaim:       154916 kB
KernelStack:       50496 kB
PageTables:        71180 kB
NFS_Unstable:          0 kB
Bounce:                0 kB
WritebackTmp:          0 kB
CommitLimit:     9202292 kB
Committed_AS:   77582172 kB
VmallocTotal:   263061440 kB
VmallocUsed:      107728 kB
VmallocChunk:          0 kB
Percpu:             7648 kB
CmaTotal:         294912 kB
CmaFree:               0 kB
MemTotal:       12113136 kB
MemFree:         4252532 kB
MemAvailable:    7601084 kB
Buffers:            6772 kB
Cached:          2517884 kB
SwapCached:            0 kB
Active:          1838844 kB
Inactive:        2145236 kB
Active(anon):    1468592 kB
Inactive(anon):    34384 kB
Active(file):     370252 kB
Inactive(file):  2110852 kB
Unevictable:        5564 kB
Mlocked:            5564 kB
SwapTotal:       3145724 kB
SwapFree:        3145724 kB
Dirty:               724 kB
Writeback:             0 kB
AnonPages:       1465124 kB
Mapped:           980456 kB
Shmem:             39076 kB
KReclaimable:    1736152 kB
Slab:             272304 kB
SReclaimable:     117396 kB
SUnreclaim:       154908 kB
KernelStack:       50528 kB
PageTables:        71152 kB
NFS_Unstable:          0 kB
Bounce:                0 kB
WritebackTmp:          0 kB
CommitLimit:     9202292 kB
Committed_AS:   77581956 kB
VmallocTotal:   263061440 kB
VmallocUsed:      107744 kB
VmallocChunk:          0 kB
Percpu:             7648 kB
CmaTotal:         294912 kB
CmaFree:               0 kB
MemTotal:       12113136 kB
MemFree:         4251132 kB
MemAvailable:    7599688 kB
Buffers:            6772 kB
Cached:          2517888 kB
SwapCached:            0 kB
Active:          1839620 kB
Inactive:        2145240 kB
Active(anon):    1469368 kB
Inactive(anon):    34384 kB
Active(file):     370252 kB
Inactive(file):  2110856 kB
Unevictable:        5564 kB
Mlocked:            5564 kB
SwapTotal:       3145724 kB
SwapFree:        3145724 kB
Dirty:               744 kB
Writeback:             0 kB
AnonPages:       1465668 kB
Mapped:           980480 kB
Shmem:             39076 kB
KReclaimable:    1736152 kB
Slab:             272304 kB
SReclaimable:     117396 kB
SUnreclaim:       154908 kB
KernelStack:       50480 kB
PageTables:        71044 kB
NFS_Unstable:          0 kB
Bounce:                0 kB
WritebackTmp:          0 kB
CommitLimit:     9202292 kB
Committed_AS:   77582040 kB
VmallocTotal:   263061440 kB
VmallocUsed:      107760 kB
VmallocChunk:          0 kB
Percpu:             7648 kB
CmaTotal:         294912 kB
CmaFree:               0 kB
MemTotal:       12113136 kB
MemFree:         4249868 kB
MemAvailable:    7598236 kB
Buffers:            6772 kB
Cached:          2517904 kB
SwapCached:            0 kB
Active:          1841128 kB
Inactive:        2145252 kB
Active(anon):    1470872 kB
Inactive(anon):    34384 kB
Active(file):     370256 kB
Inactive(file):  2110868 kB
Unevictable:        5564 kB
Mlocked:            5564 kB
SwapTotal:       3145724 kB
SwapFree:        3145724 kB
Dirty:               376 kB
Writeback:             0 kB
AnonPages:       1467312 kB
Mapped:           980516 kB
Shmem:             39076 kB
KReclaimable:    1735948 kB
Slab:             272276 kB
SReclaimable:     117396 kB
SUnreclaim:       154880 kB
KernelStack:       50496 kB
PageTables:        70996 kB
NFS_Unstable:          0 kB
Bounce:                0 kB
WritebackTmp:          0 kB
CommitLimit:     9202292 kB
Committed_AS:   77576204 kB
VmallocTotal:   263061440 kB
VmallocUsed:      107712 kB
VmallocChunk:          0 kB
Percpu:             7648 kB
CmaTotal:         294912 kB
CmaFree:               0 kB
MemTotal:       12113136 kB
MemFree:         4247764 kB
MemAvailable:    7596152 kB
Buffers:            6772 kB
Cached:          2517924 kB
SwapCached:            0 kB
Active:          1842540 kB
Inactive:        2145272 kB
Active(anon):    1472284 kB
Inactive(anon):    34384 kB
Active(file):     370256 kB
Inactive(file):  2110888 kB
Unevictable:        5564 kB
Mlocked:            5564 kB
SwapTotal:       3145724 kB
SwapFree:        3145724 kB
Dirty:               436 kB
Writeback:             0 kB
AnonPages:       1468992 kB
Mapped:           980556 kB
Shmem:             39076 kB
KReclaimable:    1735948 kB
Slab:             272280 kB
SReclaimable:     117396 kB
SUnreclaim:       154884 kB
KernelStack:       50512 kB
PageTables:        71092 kB
NFS_Unstable:          0 kB
Bounce:                0 kB
WritebackTmp:          0 kB
CommitLimit:     9202292 kB
Committed_AS:   77577884 kB
VmallocTotal:   263061440 kB
VmallocUsed:      107728 kB
VmallocChunk:          0 kB
Percpu:             7648 kB
CmaTotal:         294912 kB
CmaFree:               0 kB
MemTotal:       12113136 kB
MemFree:         4255960 kB
MemAvailable:    7604364 kB
Buffers:            6772 kB
Cached:          2517944 kB
SwapCached:            0 kB
Active:          1835496 kB
Inactive:        2145292 kB
Active(anon):    1465240 kB
Inactive(anon):    34388 kB
Active(file):     370256 kB
Inactive(file):  2110904 kB
Unevictable:        5564 kB
Mlocked:            5564 kB
SwapTotal:       3145724 kB
SwapFree:        3145724 kB
Dirty:               500 kB
Writeback:             0 kB
AnonPages:       1461500 kB
Mapped:           980704 kB
Shmem:             39080 kB
KReclaimable:    1735948 kB
Slab:             272280 kB
SReclaimable:     117396 kB
SUnreclaim:       154884 kB
KernelStack:       50528 kB
PageTables:        71124 kB
NFS_Unstable:          0 kB
Bounce:                0 kB
WritebackTmp:          0 kB
CommitLimit:     9202292 kB
Committed_AS:   77576856 kB
VmallocTotal:   263061440 kB
VmallocUsed:      107744 kB
VmallocChunk:          0 kB
Percpu:             7648 kB
CmaTotal:         294912 kB
CmaFree:               0 kB
MemTotal:       12113136 kB
MemFree:         4255076 kB
MemAvailable:    7603516 kB
Buffers:            6776 kB
Cached:          2517976 kB
SwapCached:            0 kB
Active:          1835824 kB
Inactive:        2145324 kB
Active(anon):    1465564 kB
Inactive(anon):    34388 kB
Active(file):     370260 kB
Inactive(file):  2110936 kB
Unevictable:        5564 kB
Mlocked:            5564 kB
SwapTotal:       3145724 kB
SwapFree:        3145724 kB
Dirty:               536 kB
Writeback:             0 kB
AnonPages:       1462004 kB
Mapped:           980608 kB
Shmem:             39080 kB
KReclaimable:    1735948 kB
Slab:             272280 kB
SReclaimable:     117396 kB
SUnreclaim:       154884 kB
KernelStack:       50480 kB
PageTables:        71036 kB
NFS_Unstable:          0 kB
Bounce:                0 kB
WritebackTmp:          0 kB
CommitLimit:     9202292 kB
Committed_AS:   77580120 kB
VmallocTotal:   263061440 kB
VmallocUsed:      107776 kB
VmallocChunk:          0 kB
Percpu:             7648 kB
CmaTotal:         294912 kB
CmaFree:               0 kB
MemTotal:       12113136 kB
MemFree:         4254376 kB
MemAvailable:    7602824 kB
Buffers:            6776 kB
Cached:          2517984 kB
SwapCached:            0 kB
Active:          1836872 kB
Inactive:        2145332 kB
Active(anon):    1466612 kB
Inactive(anon):    34388 kB
Active(file):     370260 kB
Inactive(file):  2110944 kB
Unevictable:        5564 kB
Mlocked:            5564 kB
SwapTotal:       3145724 kB
SwapFree:        3145724 kB
Dirty:               580 kB
Writeback:             0 kB
AnonPages:       1463148 kB
Mapped:           980660 kB
Shmem:             39080 kB
KReclaimable:    1735948 kB
Slab:             272276 kB
SReclaimable:     117396 kB
SUnreclaim:       154880 kB
KernelStack:       50528 kB
PageTables:        71128 kB
NFS_Unstable:          0 kB
Bounce:                0 kB
WritebackTmp:          0 kB
CommitLimit:     9202292 kB
Committed_AS:   77572780 kB
VmallocTotal:   263061440 kB
VmallocUsed:      107744 kB
VmallocChunk:          0 kB
Percpu:             7648 kB
CmaTotal:         294912 kB
CmaFree:               0 kB
MemTotal:       12113136 kB
MemFree:         4252472 kB
MemAvailable:    7600940 kB
Buffers:            6776 kB
Cached:          2518004 kB
SwapCached:            0 kB
Active:          1837892 kB
Inactive:        2145352 kB
Active(anon):    1467632 kB
Inactive(anon):    34388 kB
Active(file):     370260 kB
Inactive(file):  2110964 kB
Unevictable:        5564 kB
Mlocked:            5564 kB
SwapTotal:       3145724 kB
SwapFree:        3145724 kB
Dirty:               624 kB
Writeback:             0 kB
AnonPages:       1463920 kB
Mapped:           980656 kB
Shmem:             39080 kB
KReclaimable:    1735948 kB
Slab:             272284 kB
SReclaimable:     117396 kB
SUnreclaim:       154888 kB
KernelStack:       50480 kB
PageTables:        71048 kB
NFS_Unstable:          0 kB
Bounce:                0 kB
WritebackTmp:          0 kB
CommitLimit:     9202292 kB
Committed_AS:   77577348 kB
VmallocTotal:   263061440 kB
VmallocUsed:      107744 kB
VmallocChunk:          0 kB
Percpu:             7648 kB
CmaTotal:         294912 kB
CmaFree:               0 kB
MemTotal:       12113136 kB
MemFree:         4249660 kB
MemAvailable:    7598140 kB
Buffers:            6776 kB
Cached:          2518016 kB
SwapCached:            0 kB
Active:          1839920 kB
Inactive:        2145364 kB
Active(anon):    1469660 kB
Inactive(anon):    34388 kB
Active(file):     370260 kB
Inactive(file):  2110976 kB
Unevictable:        5564 kB
Mlocked:            5564 kB
SwapTotal:       3145724 kB
SwapFree:        3145724 kB
Dirty:               692 kB
Writeback:             0 kB
AnonPages:       1466024 kB
Mapped:           980700 kB
Shmem:             39080 kB
KReclaimable:    1735948 kB
Slab:             272284 kB
SReclaimable:     117396 kB
SUnreclaim:       154888 kB
KernelStack:       50496 kB
PageTables:        71040 kB
NFS_Unstable:          0 kB
Bounce:                0 kB
WritebackTmp:          0 kB
CommitLimit:     9202292 kB
Committed_AS:   77576232 kB
VmallocTotal:   263061440 kB
VmallocUsed:      107744 kB
VmallocChunk:          0 kB
Percpu:             7648 kB
CmaTotal:         294912 kB
CmaFree:               0 kB
MemTotal:       12113136 kB
MemFree:         4249172 kB
MemAvailable:    7597672 kB
Buffers:            6776 kB
Cached:          2518036 kB
SwapCached:            0 kB
Active:          1841076 kB
Inactive:        2145380 kB
Active(anon):    1470812 kB
Inactive(anon):    34388 kB
Active(file):     370264 kB
Inactive(file):  2110992 kB
Unevictable:        5564 kB
Mlocked:            5564 kB
SwapTotal:       3145724 kB
SwapFree:        3145724 kB
Dirty:               728 kB
Writeback:             0 kB
AnonPages:       1467308 kB
Mapped:           980736 kB
Shmem:             39080 kB
KReclaimable:    1735948 kB
Slab:             272276 kB
SReclaimable:     117396 kB
SUnreclaim:       154880 kB
KernelStack:       50496 kB
PageTables:        71180 kB
NFS_Unstable:          0 kB
Bounce:                0 kB
WritebackTmp:          0 kB
CommitLimit:     9202292 kB
Committed_AS:   77578460 kB
VmallocTotal:   263061440 kB
VmallocUsed:      107728 kB
VmallocChunk:          0 kB
Percpu:             7648 kB
CmaTotal:         294912 kB
CmaFree:               0 kB
MemTotal:       12113136 kB
MemFree:         4250220 kB
MemAvailable:    7598732 kB
Buffers:            6776 kB
Cached:          2518048 kB
SwapCached:            0 kB
Active:          1838368 kB
Inactive:        2145396 kB
Active(anon):    1468108 kB
Inactive(anon):    34388 kB
Active(file):     370260 kB
Inactive(file):  2111008 kB
Unevictable:        5564 kB
Mlocked:            5564 kB
SwapTotal:       3145724 kB
SwapFree:        3145724 kB
Dirty:               764 kB
Writeback:             0 kB
AnonPages:       1464540 kB
Mapped:           980776 kB
Shmem:             39080 kB
KReclaimable:    1735948 kB
Slab:             272276 kB
SReclaimable:     117396 kB
SUnreclaim:       154880 kB
KernelStack:       50464 kB
PageTables:        70996 kB
NFS_Unstable:          0 kB
Bounce:                0 kB
WritebackTmp:          0 kB
CommitLimit:     9202292 kB
Committed_AS:   77575100 kB
VmallocTotal:   263061440 kB
VmallocUsed:      107744 kB
VmallocChunk:          0 kB
Percpu:             7648 kB
CmaTotal:         294912 kB
CmaFree:             120 kB
MemTotal:       12113136 kB
MemFree:         4250852 kB
MemAvailable:    7599376 kB
Buffers:            6776 kB
Cached:          2518060 kB
SwapCached:            0 kB
Active:          1839064 kB
Inactive:        2145408 kB
Active(anon):    1468804 kB
Inactive(anon):    34388 kB
Active(file):     370260 kB
Inactive(file):  2111020 kB
Unevictable:        5564 kB
Mlocked:            5564 kB
SwapTotal:       3145724 kB
SwapFree:        3145724 kB
Dirty:               808 kB
Writeback:             0 kB
AnonPages:       1465088 kB
Mapped:           980804 kB
Shmem:             39080 kB
KReclaimable:    1735948 kB
Slab:             272276 kB
SReclaimable:     117396 kB
SUnreclaim:       154880 kB
KernelStack:       50480 kB
PageTables:        71124 kB
NFS_Unstable:          0 kB
Bounce:                0 kB
WritebackTmp:          0 kB
CommitLimit:     9202292 kB
Committed_AS:   77576452 kB
VmallocTotal:   263061440 kB
VmallocUsed:      107760 kB
VmallocChunk:          0 kB
Percpu:             7648 kB
CmaTotal:         294912 kB
CmaFree:               0 kB
MemTotal:       12113136 kB
MemFree:         4249596 kB
MemAvailable:    7598128 kB
Buffers:            6776 kB
Cached:          2518068 kB
SwapCached:            0 kB
Active:          1840336 kB
Inactive:        2145416 kB
Active(anon):    1470076 kB
Inactive(anon):    34388 kB
Active(file):     370260 kB
Inactive(file):  2111028 kB
Unevictable:        5564 kB
Mlocked:            5564 kB
SwapTotal:       3145724 kB
SwapFree:        3145724 kB
Dirty:               296 kB
Writeback:             0 kB
AnonPages:       1466336 kB
Mapped:           980820 kB
Shmem:             39080 kB
KReclaimable:    1735948 kB
Slab:             272276 kB
SReclaimable:     117396 kB
SUnreclaim:       154880 kB
KernelStack:       50480 kB
PageTables:        71048 kB
NFS_Unstable:          0 kB
Bounce:                0 kB
WritebackTmp:          0 kB
CommitLimit:     9202292 kB
Committed_AS:   77578496 kB
VmallocTotal:   263061440 kB
VmallocUsed:      107776 kB
VmallocChunk:          0 kB
Percpu:             7648 kB
CmaTotal:         294912 kB
CmaFree:               0 kB
MemTotal:       12113136 kB
MemFree:         4263332 kB
MemAvailable:    7611876 kB
Buffers:            6776 kB
Cached:          2518080 kB
SwapCached:            0 kB
Active:          1823696 kB
Inactive:        2145428 kB
Active(anon):    1453436 kB
Inactive(anon):    34388 kB
Active(file):     370260 kB
Inactive(file):  2111040 kB
Unevictable:        5564 kB
Mlocked:            5564 kB
SwapTotal:       3145724 kB
SwapFree:        3145724 kB
Dirty:               340 kB
Writeback:             0 kB
AnonPages:       1449796 kB
Mapped:           980860 kB
Shmem:             39080 kB
KReclaimable:    1735948 kB
Slab:             272276 kB
SReclaimable:     117396 kB
SUnreclaim:       154880 kB
KernelStack:       50544 kB
PageTables:        71124 kB
NFS_Unstable:          0 kB
Bounce:                0 kB
WritebackTmp:          0 kB
CommitLimit:     9202292 kB
Committed_AS:   77571564 kB
VmallocTotal:   263061440 kB
VmallocUsed:      107760 kB
VmallocChunk:          0 kB
Percpu:             7648 kB
CmaTotal:         294912 kB
CmaFree:               0 kB
MemTotal:       12113136 kB
MemFree:         4264388 kB
MemAvailable:    7612944 kB
Buffers:            6776 kB
Cached:          2518092 kB
SwapCached:            0 kB
Active:          1825096 kB
Inactive:        2145440 kB
Active(anon):    1454836 kB
Inactive(anon):    34388 kB
Active(file):     370260 kB
Inactive(file):  2111052 kB
Unevictable:        5564 kB
Mlocked:            5564 kB
SwapTotal:       3145724 kB
SwapFree:        3145724 kB
Dirty:               408 kB
Writeback:             0 kB
AnonPages:       1451312 kB
Mapped:           979928 kB
Shmem:             39080 kB
KReclaimable:    1735948 kB
Slab:             272284 kB
SReclaimable:     117396 kB
SUnreclaim:       154888 kB
KernelStack:       50496 kB
PageTables:        71016 kB
NFS_Unstable:          0 kB
Bounce:                0 kB
WritebackTmp:          0 kB
CommitLimit:     9202292 kB
Committed_AS:   77576108 kB
VmallocTotal:   263061440 kB
VmallocUsed:      107728 kB
VmallocChunk:          0 kB
Percpu:             7648 kB
CmaTotal:         294912 kB
CmaFree:               0 kB
MemTotal:       12113136 kB
MemFree:         4260952 kB
MemAvailable:    7609528 kB
Buffers:            6776 kB
Cached:          2518112 kB
SwapCached:            0 kB
Active:          1829580 kB
Inactive:        2145460 kB
Active(anon):    1459320 kB
Inactive(anon):    34388 kB
Active(file):     370260 kB
Inactive(file):  2111072 kB
Unevictable:        5564 kB
Mlocked:            5564 kB
SwapTotal:       3145724 kB
SwapFree:        3145724 kB
Dirty:               480 kB
Writeback:             0 kB
AnonPages:       1455332 kB
Mapped:           980080 kB
Shmem:             39080 kB
KReclaimable:    1735948 kB
Slab:             272276 kB
SReclaimable:     117396 kB
SUnreclaim:       154880 kB
KernelStack:       50496 kB
PageTables:        71128 kB
NFS_Unstable:          0 kB
Bounce:                0 kB
WritebackTmp:          0 kB
CommitLimit:     9202292 kB
Committed_AS:   77583712 kB
VmallocTotal:   263061440 kB
VmallocUsed:      107728 kB
VmallocChunk:          0 kB
Percpu:             7648 kB
CmaTotal:         294912 kB
CmaFree:               0 kB
MemTotal:       12113136 kB
MemFree:         4260636 kB
MemAvailable:    7609224 kB
Buffers:            6776 kB
Cached:          2518124 kB
SwapCached:            0 kB
Active:          1830136 kB
Inactive:        2145472 kB
Active(anon):    1459876 kB
Inactive(anon):    34388 kB
Active(file):     370260 kB
Inactive(file):  2111084 kB
Unevictable:        5564 kB
Mlocked:            5564 kB
SwapTotal:       3145724 kB
SwapFree:        3145724 kB
Dirty:               512 kB
Writeback:             0 kB
AnonPages:       1456576 kB
Mapped:           980000 kB
Shmem:             39080 kB
KReclaimable:    1735948 kB
Slab:             272276 kB
SReclaimable:     117396 kB
SUnreclaim:       154880 kB
KernelStack:       50480 kB
PageTables:        71032 kB
NFS_Unstable:          0 kB
Bounce:                0 kB
WritebackTmp:          0 kB
CommitLimit:     9202292 kB
Committed_AS:   77584368 kB
VmallocTotal:   263061440 kB
VmallocUsed:      107728 kB
VmallocChunk:          0 kB
Percpu:             7648 kB
CmaTotal:         294912 kB
CmaFree:               0 kB
MemTotal:       12113136 kB
MemFree:         4258680 kB
MemAvailable:    7607276 kB
Buffers:            6776 kB
Cached:          2518132 kB
SwapCached:            0 kB
Active:          1831044 kB
Inactive:        2145480 kB
Active(anon):    1460784 kB
Inactive(anon):    34388 kB
Active(file):     370260 kB
Inactive(file):  2111092 kB
Unevictable:        5564 kB
Mlocked:            5564 kB
SwapTotal:       3145724 kB
SwapFree:        3145724 kB
Dirty:               320 kB
Writeback:             0 kB
AnonPages:       1457044 kB
Mapped:           980036 kB
Shmem:             39080 kB
KReclaimable:    1735948 kB
Slab:             272304 kB
SReclaimable:     117396 kB
SUnreclaim:       154908 kB
KernelStack:       50512 kB
PageTables:        70908 kB
NFS_Unstable:          0 kB
Bounce:                0 kB
WritebackTmp:          0 kB
CommitLimit:     9202292 kB
Committed_AS:   77579528 kB
VmallocTotal:   263061440 kB
VmallocUsed:      107680 kB
VmallocChunk:          0 kB
Percpu:             7648 kB
CmaTotal:         294912 kB
CmaFree:               0 kB
MemTotal:       12113136 kB
MemFree:         4259540 kB
MemAvailable:    7608148 kB
Buffers:            6776 kB
Cached:          2518144 kB
SwapCached:            0 kB
Active:          1830972 kB
Inactive:        2145492 kB
Active(anon):    1460712 kB
Inactive(anon):    34388 kB
Active(file):     370260 kB
Inactive(file):  2111104 kB
Unevictable:        5564 kB
Mlocked:            5564 kB
SwapTotal:       3145724 kB
SwapFree:        3145724 kB
Dirty:               384 kB
Writeback:             0 kB
AnonPages:       1456936 kB
Mapped:           980068 kB
Shmem:             39080 kB
KReclaimable:    1735948 kB
Slab:             272296 kB
SReclaimable:     117396 kB
SUnreclaim:       154900 kB
KernelStack:       50464 kB
PageTables:        70992 kB
NFS_Unstable:          0 kB
Bounce:                0 kB
WritebackTmp:          0 kB
CommitLimit:     9202292 kB
Committed_AS:   77583588 kB
VmallocTotal:   263061440 kB
VmallocUsed:      107728 kB
VmallocChunk:          0 kB
Percpu:             7648 kB
CmaTotal:         294912 kB
CmaFree:               0 kB
MemTotal:       12113136 kB
MemFree:         4258836 kB
MemAvailable:    7607464 kB
Buffers:            6776 kB
Cached:          2518164 kB
SwapCached:            0 kB
Active:          1831940 kB
Inactive:        2145512 kB
Active(anon):    1461680 kB
Inactive(anon):    34388 kB
Active(file):     370260 kB
Inactive(file):  2111124 kB
Unevictable:        5564 kB
Mlocked:            5564 kB
SwapTotal:       3145724 kB
SwapFree:        3145724 kB
Dirty:               432 kB
Writeback:             0 kB
AnonPages:       1457856 kB
Mapped:           980092 kB
Shmem:             39080 kB
KReclaimable:    1735948 kB
Slab:             272304 kB
SReclaimable:     117396 kB
SUnreclaim:       154908 kB
KernelStack:       50496 kB
PageTables:        71172 kB
NFS_Unstable:          0 kB
Bounce:                0 kB
WritebackTmp:          0 kB
CommitLimit:     9202292 kB
Committed_AS:   77584620 kB
VmallocTotal:   263061440 kB
VmallocUsed:      107712 kB
VmallocChunk:          0 kB
Percpu:             7648 kB
CmaTotal:         294912 kB
CmaFree:               0 kB
MemTotal:       12113136 kB
MemFree:         4258240 kB
MemAvailable:    7606880 kB
Buffers:            6776 kB
Cached:          2518176 kB
SwapCached:            0 kB
Active:          1831772 kB
Inactive:        2145524 kB
Active(anon):    1461512 kB
Inactive(anon):    34388 kB
Active(file):     370260 kB
Inactive(file):  2111136 kB
Unevictable:        5564 kB
Mlocked:            5564 kB
SwapTotal:       3145724 kB
SwapFree:        3145724 kB
Dirty:               476 kB
Writeback:             0 kB
AnonPages:       1457536 kB
Mapped:           980080 kB
Shmem:             39080 kB
KReclaimable:    1735948 kB
Slab:             272296 kB
SReclaimable:     117396 kB
SUnreclaim:       154900 kB
KernelStack:       50480 kB
PageTables:        71108 kB
NFS_Unstable:          0 kB
Bounce:                0 kB
WritebackTmp:          0 kB
CommitLimit:     9202292 kB
Committed_AS:   77581812 kB
VmallocTotal:   263061440 kB
VmallocUsed:      107696 kB
VmallocChunk:          0 kB
Percpu:             7648 kB
CmaTotal:         294912 kB
CmaFree:               8 kB
MemTotal:       12113136 kB
MemFree:         4257104 kB
MemAvailable:    7605768 kB
Buffers:            6780 kB
Cached:          2518196 kB
SwapCached:            0 kB
Active:          1833112 kB
Inactive:        2145540 kB
Active(anon):    1462844 kB
Inactive(anon):    34388 kB
Active(file):     370268 kB
Inactive(file):  2111152 kB
Unevictable:        5564 kB
Mlocked:            5564 kB
SwapTotal:       3145724 kB
SwapFree:        3145724 kB
Dirty:               552 kB
Writeback:             0 kB
AnonPages:       1459168 kB
Mapped:           980168 kB
Shmem:             39080 kB
KReclaimable:    1735948 kB
Slab:             272312 kB
SReclaimable:     117396 kB
SUnreclaim:       154916 kB
KernelStack:       50496 kB
PageTables:        71176 kB
NFS_Unstable:          0 kB
Bounce:                0 kB
WritebackTmp:          0 kB
CommitLimit:     9202292 kB
Committed_AS:   77579372 kB
VmallocTotal:   263061440 kB
VmallocUsed:      107728 kB
VmallocChunk:          0 kB
Percpu:             7648 kB
CmaTotal:         294912 kB
CmaFree:               0 kB
MemTotal:       12113136 kB
MemFree:         4256540 kB
MemAvailable:    7605236 kB
Buffers:            6780 kB
Cached:          2518232 kB
SwapCached:            0 kB
Active:          1833664 kB
Inactive:        2145580 kB
Active(anon):    1463400 kB
Inactive(anon):    34392 kB
Active(file):     370264 kB
Inactive(file):  2111188 kB
Unevictable:        5564 kB
Mlocked:            5564 kB
SwapTotal:       3145724 kB
SwapFree:        3145724 kB
Dirty:               312 kB
Writeback:             0 kB
AnonPages:       1459696 kB
Mapped:           980168 kB
Shmem:             39084 kB
KReclaimable:    1735948 kB
Slab:             272296 kB
SReclaimable:     117396 kB
SUnreclaim:       154900 kB
KernelStack:       50528 kB
PageTables:        71104 kB
NFS_Unstable:          0 kB
Bounce:                0 kB
WritebackTmp:          0 kB
CommitLimit:     9202292 kB
Committed_AS:   77584460 kB
VmallocTotal:   263061440 kB
VmallocUsed:      107728 kB
VmallocChunk:          0 kB
Percpu:             7648 kB
CmaTotal:         294912 kB
CmaFree:               0 kB
MemTotal:       12113136 kB
MemFree:         4255860 kB
MemAvailable:    7604568 kB
Buffers:            6780 kB
Cached:          2518244 kB
SwapCached:            0 kB
Active:          1835196 kB
Inactive:        2145592 kB
Active(anon):    1464932 kB
Inactive(anon):    34392 kB
Active(file):     370264 kB
Inactive(file):  2111200 kB
Unevictable:        5564 kB
Mlocked:            5564 kB
SwapTotal:       3145724 kB
SwapFree:        3145724 kB
Dirty:               428 kB
Writeback:             0 kB
AnonPages:       1461464 kB
Mapped:           980392 kB
Shmem:             39084 kB
KReclaimable:    1735948 kB
Slab:             272296 kB
SReclaimable:     117396 kB
SUnreclaim:       154900 kB
KernelStack:       50512 kB
PageTables:        71220 kB
NFS_Unstable:          0 kB
Bounce:                0 kB
WritebackTmp:          0 kB
CommitLimit:     9202292 kB
Committed_AS:   77574964 kB
VmallocTotal:   263061440 kB
VmallocUsed:      107712 kB
VmallocChunk:          0 kB
Percpu:             7648 kB
CmaTotal:         294912 kB
CmaFree:               0 kB
MemTotal:       12113136 kB
MemFree:         4254084 kB
MemAvailable:    7602804 kB
Buffers:            6780 kB
Cached:          2518256 kB
SwapCached:            0 kB
Active:          1836960 kB
Inactive:        2145604 kB
Active(anon):    1466696 kB
Inactive(anon):    34392 kB
Active(file):     370264 kB
Inactive(file):  2111212 kB
Unevictable:        5564 kB
Mlocked:            5564 kB
SwapTotal:       3145724 kB
SwapFree:        3145724 kB
Dirty:               484 kB
Writeback:             0 kB
AnonPages:       1462656 kB
Mapped:           980252 kB
Shmem:             39084 kB
KReclaimable:    1735948 kB
Slab:             272304 kB
SReclaimable:     117396 kB
SUnreclaim:       154908 kB
KernelStack:       50448 kB
PageTables:        71032 kB
NFS_Unstable:          0 kB
Bounce:                0 kB
WritebackTmp:          0 kB
CommitLimit:     9202292 kB
Committed_AS:   77580260 kB
VmallocTotal:   263061440 kB
VmallocUsed:      107776 kB
VmallocChunk:          0 kB
Percpu:             7648 kB
CmaTotal:         294912 kB
CmaFree:               0 kB
MemTotal:       12113136 kB
MemFree:         4251636 kB
MemAvailable:    7600372 kB
Buffers:            6780 kB
Cached:          2518272 kB
SwapCached:            0 kB
Active:          1837932 kB
Inactive:        2145620 kB
Active(anon):    1467668 kB
Inactive(anon):    34392 kB
Active(file):     370264 kB
Inactive(file):  2111228 kB
Unevictable:        5564 kB
Mlocked:            5564 kB
SwapTotal:       3145724 kB
SwapFree:        3145724 kB
Dirty:               524 kB
Writeback:             0 kB
AnonPages:       1464192 kB
Mapped:           980276 kB
Shmem:             39084 kB
KReclaimable:    1735948 kB
Slab:             272312 kB
SReclaimable:     117396 kB
SUnreclaim:       154916 kB
KernelStack:       50512 kB
PageTables:        71088 kB
NFS_Unstable:          0 kB
Bounce:                0 kB
WritebackTmp:          0 kB
CommitLimit:     9202292 kB
Committed_AS:   77585700 kB
VmallocTotal:   263061440 kB
VmallocUsed:      107760 kB
VmallocChunk:          0 kB
Percpu:             7648 kB
CmaTotal:         294912 kB
CmaFree:               0 kB
MemTotal:       12113136 kB
MemFree:         4263024 kB
MemAvailable:    7611776 kB
Buffers:            6780 kB
Cached:          2518288 kB
SwapCached:            0 kB
Active:          1826024 kB
Inactive:        2145636 kB
Active(anon):    1455760 kB
Inactive(anon):    34392 kB
Active(file):     370264 kB
Inactive(file):  2111244 kB
Unevictable:        5564 kB
Mlocked:            5564 kB
SwapTotal:       3145724 kB
SwapFree:        3145724 kB
Dirty:               588 kB
Writeback:             0 kB
AnonPages:       1452232 kB
Mapped:           980312 kB
Shmem:             39084 kB
KReclaimable:    1735948 kB
Slab:             272296 kB
SReclaimable:     117396 kB
SUnreclaim:       154900 kB
KernelStack:       50512 kB
PageTables:        71044 kB
NFS_Unstable:          0 kB
Bounce:                0 kB
WritebackTmp:          0 kB
CommitLimit:     9202292 kB
Committed_AS:   77588656 kB
VmallocTotal:   263061440 kB
VmallocUsed:      107712 kB
VmallocChunk:          0 kB
Percpu:             7648 kB
CmaTotal:         294912 kB
CmaFree:               0 kB
MemTotal:       12113136 kB
MemFree:         4262460 kB
MemAvailable:    7611224 kB
Buffers:            6780 kB
Cached:          2518300 kB
SwapCached:            0 kB
Active:          1827232 kB
Inactive:        2145648 kB
Active(anon):    1456968 kB
Inactive(anon):    34392 kB
Active(file):     370264 kB
Inactive(file):  2111256 kB
Unevictable:        5564 kB
Mlocked:            5564 kB
SwapTotal:       3145724 kB
SwapFree:        3145724 kB
Dirty:               332 kB
Writeback:             0 kB
AnonPages:       1453708 kB
Mapped:           980348 kB
Shmem:             39084 kB
KReclaimable:    1735948 kB
Slab:             272308 kB
SReclaimable:     117396 kB
SUnreclaim:       154912 kB
KernelStack:       50528 kB
PageTables:        71144 kB
NFS_Unstable:          0 kB
Bounce:                0 kB
WritebackTmp:          0 kB
CommitLimit:     9202292 kB
Committed_AS:   77581036 kB
VmallocTotal:   263061440 kB
VmallocUsed:      107696 kB
VmallocChunk:          0 kB
Percpu:             7648 kB
CmaTotal:         294912 kB
CmaFree:              48 kB
MemTotal:       12113136 kB
MemFree:         4260460 kB
MemAvailable:    7609232 kB
Buffers:            6780 kB
Cached:          2518308 kB
SwapCached:            0 kB
Active:          1829100 kB
Inactive:        2145656 kB
Active(anon):    1458836 kB
Inactive(anon):    34392 kB
Active(file):     370264 kB
Inactive(file):  2111264 kB
Unevictable:        5564 kB
Mlocked:            5564 kB
SwapTotal:       3145724 kB
SwapFree:        3145724 kB
Dirty:               380 kB
Writeback:             0 kB
AnonPages:       1455340 kB
Mapped:           980380 kB
Shmem:             39084 kB
KReclaimable:    1735948 kB
Slab:             272308 kB
SReclaimable:     117396 kB
SUnreclaim:       154912 kB
KernelStack:       50480 kB
PageTables:        71040 kB
NFS_Unstable:          0 kB
Bounce:                0 kB
WritebackTmp:          0 kB
CommitLimit:     9202292 kB
Committed_AS:   77586220 kB
VmallocTotal:   263061440 kB
VmallocUsed:      107728 kB
VmallocChunk:          0 kB
Percpu:             7648 kB
CmaTotal:         294912 kB
CmaFree:               0 kB
MemTotal:       12113136 kB
MemFree:         4258748 kB
MemAvailable:    7607520 kB
Buffers:            6780 kB
Cached:          2518324 kB
SwapCached:            0 kB
Active:          1830968 kB
Inactive:        2145672 kB
Active(anon):    1460704 kB
Inactive(anon):    34392 kB
Active(file):     370264 kB
Inactive(file):  2111280 kB
Unevictable:        5564 kB
Mlocked:            5564 kB
SwapTotal:       3145724 kB
SwapFree:        3145724 kB
Dirty:               444 kB
Writeback:             0 kB
AnonPages:       1456824 kB
Mapped:           980356 kB
Shmem:             39084 kB
KReclaimable:    1735932 kB
Slab:             272308 kB
SReclaimable:     117396 kB
SUnreclaim:       154912 kB
KernelStack:       50544 kB
PageTables:        71288 kB
NFS_Unstable:          0 kB
Bounce:                0 kB
WritebackTmp:          0 kB
CommitLimit:     9202292 kB
Committed_AS:   77586064 kB
VmallocTotal:   263061440 kB
VmallocUsed:      107728 kB
VmallocChunk:          0 kB
Percpu:             7648 kB
CmaTotal:         294912 kB
CmaFree:               0 kB
MemTotal:       12113136 kB
MemFree:         4258360 kB
MemAvailable:    7607168 kB
Buffers:            6780 kB
Cached:          2518344 kB
SwapCached:            0 kB
Active:          1832508 kB
Inactive:        2145688 kB
Active(anon):    1462240 kB
Inactive(anon):    34392 kB
Active(file):     370268 kB
Inactive(file):  2111296 kB
Unevictable:        5564 kB
Mlocked:            5564 kB
SwapTotal:       3145724 kB
SwapFree:        3145724 kB
Dirty:               492 kB
Writeback:             0 kB
AnonPages:       1458580 kB
Mapped:           980352 kB
Shmem:             39084 kB
KReclaimable:    1735948 kB
Slab:             272312 kB
SReclaimable:     117396 kB
SUnreclaim:       154916 kB
KernelStack:       50576 kB
PageTables:        71180 kB
NFS_Unstable:          0 kB
Bounce:                0 kB
WritebackTmp:          0 kB
CommitLimit:     9202292 kB
Committed_AS:   77575128 kB
VmallocTotal:   263061440 kB
VmallocUsed:      107744 kB
VmallocChunk:          0 kB
Percpu:             7648 kB
CmaTotal:         294912 kB
CmaFree:               0 kB
MemTotal:       12113136 kB
MemFree:         4256732 kB
MemAvailable:    7605556 kB
Buffers:            6780 kB
Cached:          2518360 kB
SwapCached:            0 kB
Active:          1833236 kB
Inactive:        2145708 kB
Active(anon):    1462972 kB
Inactive(anon):    34392 kB
Active(file):     370264 kB
Inactive(file):  2111316 kB
Unevictable:        5564 kB
Mlocked:            5564 kB
SwapTotal:       3145724 kB
SwapFree:        3145724 kB
Dirty:               548 kB
Writeback:             0 kB
AnonPages:       1459524 kB
Mapped:           980368 kB
Shmem:             39084 kB
KReclaimable:    1735948 kB
Slab:             272304 kB
SReclaimable:     117396 kB
SUnreclaim:       154908 kB
KernelStack:       50592 kB
PageTables:        71112 kB
NFS_Unstable:          0 kB
Bounce:                0 kB
WritebackTmp:          0 kB
CommitLimit:     9202292 kB
Committed_AS:   77574752 kB
VmallocTotal:   263061440 kB
VmallocUsed:      107744 kB
VmallocChunk:          0 kB
Percpu:             7648 kB
CmaTotal:         294912 kB
CmaFree:               0 kB
MemTotal:       12113136 kB
MemFree:         4255404 kB
MemAvailable:    7604240 kB
Buffers:            6780 kB
Cached:          2518372 kB
SwapCached:            0 kB
Active:          1834324 kB
Inactive:        2145720 kB
Active(anon):    1464060 kB
Inactive(anon):    34392 kB
Active(file):     370264 kB
Inactive(file):  2111328 kB
Unevictable:        5564 kB
Mlocked:            5564 kB
SwapTotal:       3145724 kB
SwapFree:        3145724 kB
Dirty:               588 kB
Writeback:             0 kB
AnonPages:       1460428 kB
Mapped:           980508 kB
Shmem:             39084 kB
KReclaimable:    1735948 kB
Slab:             272312 kB
SReclaimable:     117396 kB
SUnreclaim:       154916 kB
KernelStack:       50560 kB
PageTables:        71036 kB
NFS_Unstable:          0 kB
Bounce:                0 kB
WritebackTmp:          0 kB
CommitLimit:     9202292 kB
Committed_AS:   77581456 kB
VmallocTotal:   263061440 kB
VmallocUsed:      107744 kB
VmallocChunk:          0 kB
Percpu:             7648 kB
CmaTotal:         294912 kB
CmaFree:               0 kB
MemTotal:       12113136 kB
MemFree:         4253784 kB
MemAvailable:    7602632 kB
Buffers:            6780 kB
Cached:          2518384 kB
SwapCached:            0 kB
Active:          1836180 kB
Inactive:        2145732 kB
Active(anon):    1465916 kB
Inactive(anon):    34392 kB
Active(file):     370264 kB
Inactive(file):  2111340 kB
Unevictable:        5564 kB
Mlocked:            5564 kB
SwapTotal:       3145724 kB
SwapFree:        3145724 kB
Dirty:               624 kB
Writeback:             0 kB
AnonPages:       1462424 kB
Mapped:           980536 kB
Shmem:             39084 kB
KReclaimable:    1735948 kB
Slab:             272304 kB
SReclaimable:     117396 kB
SUnreclaim:       154908 kB
KernelStack:       50576 kB
PageTables:        71020 kB
NFS_Unstable:          0 kB
Bounce:                0 kB
WritebackTmp:          0 kB
CommitLimit:     9202292 kB
Committed_AS:   77581180 kB
VmallocTotal:   263061440 kB
VmallocUsed:      107792 kB
VmallocChunk:          0 kB
Percpu:             7648 kB
CmaTotal:         294912 kB
CmaFree:               0 kB
MemTotal:       12113136 kB
MemFree:         4253688 kB
MemAvailable:    7602548 kB
Buffers:            6780 kB
Cached:          2518396 kB
SwapCached:            0 kB
Active:          1839304 kB
Inactive:        2145744 kB
Active(anon):    1469040 kB
Inactive(anon):    34392 kB
Active(file):     370264 kB
Inactive(file):  2111352 kB
Unevictable:        5564 kB
Mlocked:            5564 kB
SwapTotal:       3145724 kB
SwapFree:        3145724 kB
Dirty:               664 kB
Writeback:             0 kB
AnonPages:       1465356 kB
Mapped:           980576 kB
Shmem:             39084 kB
KReclaimable:    1735948 kB
Slab:             272312 kB
SReclaimable:     117396 kB
SUnreclaim:       154916 kB
KernelStack:       50560 kB
PageTables:        71040 kB
NFS_Unstable:          0 kB
Bounce:                0 kB
WritebackTmp:          0 kB
CommitLimit:     9202292 kB
Committed_AS:   77579684 kB
VmallocTotal:   263061440 kB
VmallocUsed:      107760 kB
VmallocChunk:          0 kB
Percpu:             7648 kB
CmaTotal:         294912 kB
CmaFree:               0 kB
MemTotal:       12113136 kB
MemFree:         4251268 kB
MemAvailable:    7600140 kB
Buffers:            6780 kB
Cached:          2518408 kB
SwapCached:            0 kB
Active:          1840648 kB
Inactive:        2145756 kB
Active(anon):    1470384 kB
Inactive(anon):    34392 kB
Active(file):     370264 kB
Inactive(file):  2111364 kB
Unevictable:        5564 kB
Mlocked:            5564 kB
SwapTotal:       3145724 kB
SwapFree:        3145724 kB
Dirty:               724 kB
Writeback:             0 kB
AnonPages:       1466880 kB
Mapped:           980608 kB
Shmem:             39084 kB
KReclaimable:    1735948 kB
Slab:             272304 kB
SReclaimable:     117396 kB
SUnreclaim:       154908 kB
KernelStack:       50560 kB
PageTables:        71028 kB
NFS_Unstable:          0 kB
Bounce:                0 kB
WritebackTmp:          0 kB
CommitLimit:     9202292 kB
Committed_AS:   77576632 kB
VmallocTotal:   263061440 kB
VmallocUsed:      107760 kB
VmallocChunk:          0 kB
Percpu:             7648 kB
CmaTotal:         294912 kB
CmaFree:               0 kB
MemTotal:       12113136 kB
MemFree:         4247748 kB
MemAvailable:    7596636 kB
Buffers:            6780 kB
Cached:          2518420 kB
SwapCached:            0 kB
Active:          1842152 kB
Inactive:        2145768 kB
Active(anon):    1471888 kB
Inactive(anon):    34388 kB
Active(file):     370264 kB
Inactive(file):  2111380 kB
Unevictable:        5564 kB
Mlocked:            5564 kB
SwapTotal:       3145724 kB
SwapFree:        3145724 kB
Dirty:               800 kB
Writeback:             0 kB
AnonPages:       1468228 kB
Mapped:           980628 kB
Shmem:             39080 kB
KReclaimable:    1735948 kB
Slab:             272312 kB
SReclaimable:     117396 kB
SUnreclaim:       154916 kB
KernelStack:       50560 kB
PageTables:        70960 kB
NFS_Unstable:          0 kB
Bounce:                0 kB
WritebackTmp:          0 kB
CommitLimit:     9202292 kB
Committed_AS:   77559544 kB
VmallocTotal:   263061440 kB
VmallocUsed:      107808 kB
VmallocChunk:          0 kB
Percpu:             7648 kB
CmaTotal:         294912 kB
CmaFree:               0 kB
MemTotal:       12113136 kB
MemFree:         4246344 kB
MemAvailable:    7595280 kB
Buffers:            6784 kB
Cached:          2518472 kB
SwapCached:            0 kB
Active:          1843180 kB
Inactive:        2145816 kB
Active(anon):    1472908 kB
Inactive(anon):    34396 kB
Active(file):     370272 kB
Inactive(file):  2111420 kB
Unevictable:        5564 kB
Mlocked:            5564 kB
SwapTotal:       3145724 kB
SwapFree:        3145724 kB
Dirty:               796 kB
Writeback:             0 kB
AnonPages:       1469280 kB
Mapped:           980668 kB
Shmem:             39088 kB
KReclaimable:    1735948 kB
Slab:             272360 kB
SReclaimable:     117396 kB
SUnreclaim:       154964 kB
KernelStack:       50560 kB
PageTables:        71056 kB
NFS_Unstable:          0 kB
Bounce:                0 kB
WritebackTmp:          0 kB
CommitLimit:     9202292 kB
Committed_AS:   77572084 kB
VmallocTotal:   263061440 kB
VmallocUsed:      107808 kB
VmallocChunk:          0 kB
Percpu:             7648 kB
CmaTotal:         294912 kB
CmaFree:               0 kB
MemTotal:       12113136 kB
MemFree:         4246388 kB
MemAvailable:    7595324 kB
Buffers:            6784 kB
Cached:          2518472 kB
SwapCached:            0 kB
Active:          1843428 kB
Inactive:        2145820 kB
Active(anon):    1473160 kB
Inactive(anon):    34396 kB
Active(file):     370268 kB
Inactive(file):  2111424 kB
Unevictable:        5564 kB
Mlocked:            5564 kB
SwapTotal:       3145724 kB
SwapFree:        3145724 kB
Dirty:               816 kB
Writeback:             0 kB
AnonPages:       1469680 kB
Mapped:           980692 kB
Shmem:             39088 kB
KReclaimable:    1735948 kB
Slab:             272296 kB
SReclaimable:     117396 kB
SUnreclaim:       154900 kB
KernelStack:       50576 kB
PageTables:        71088 kB
NFS_Unstable:          0 kB
Bounce:                0 kB
WritebackTmp:          0 kB
CommitLimit:     9202292 kB
Committed_AS:   77565960 kB
VmallocTotal:   263061440 kB
VmallocUsed:      107792 kB
VmallocChunk:          0 kB
Percpu:             7648 kB
CmaTotal:         294912 kB
CmaFree:               0 kB
MemTotal:       12113136 kB
MemFree:         4245124 kB
MemAvailable:    7594072 kB
Buffers:            6784 kB
Cached:          2518484 kB
SwapCached:            0 kB
Active:          1844284 kB
Inactive:        2145832 kB
Active(anon):    1474016 kB
Inactive(anon):    34396 kB
Active(file):     370268 kB
Inactive(file):  2111436 kB
Unevictable:        5564 kB
Mlocked:            5564 kB
SwapTotal:       3145724 kB
SwapFree:        3145724 kB
Dirty:               836 kB
Writeback:             0 kB
AnonPages:       1470568 kB
Mapped:           980736 kB
Shmem:             39088 kB
KReclaimable:    1735948 kB
Slab:             272312 kB
SReclaimable:     117396 kB
SUnreclaim:       154916 kB
KernelStack:       50592 kB
PageTables:        70808 kB
NFS_Unstable:          0 kB
Bounce:                0 kB
WritebackTmp:          0 kB
CommitLimit:     9202292 kB
Committed_AS:   77571852 kB
VmallocTotal:   263061440 kB
VmallocUsed:      107776 kB
VmallocChunk:          0 kB
Percpu:             7648 kB
CmaTotal:         294912 kB
CmaFree:               0 kB
MemTotal:       12113136 kB
MemFree:         4243524 kB
MemAvailable:    7592484 kB
Buffers:            6784 kB
Cached:          2518496 kB
SwapCached:            0 kB
Active:          1846016 kB
Inactive:        2145844 kB
Active(anon):    1475748 kB
Inactive(anon):    34396 kB
Active(file):     370268 kB
Inactive(file):  2111448 kB
Unevictable:        5564 kB
Mlocked:            5564 kB
SwapTotal:       3145724 kB
SwapFree:        3145724 kB
Dirty:               868 kB
Writeback:             0 kB
AnonPages:       1471904 kB
Mapped:           980744 kB
Shmem:             39088 kB
KReclaimable:    1735948 kB
Slab:             272288 kB
SReclaimable:     117396 kB
SUnreclaim:       154892 kB
KernelStack:       50592 kB
PageTables:        71160 kB
NFS_Unstable:          0 kB
Bounce:                0 kB
WritebackTmp:          0 kB
CommitLimit:     9202292 kB
Committed_AS:   77572248 kB
VmallocTotal:   263061440 kB
VmallocUsed:      107728 kB
VmallocChunk:          0 kB
Percpu:             7648 kB
CmaTotal:         294912 kB
CmaFree:               0 kB
MemTotal:       12113136 kB
MemFree:         4243668 kB
MemAvailable:    7592652 kB
Buffers:            6784 kB
Cached:          2518520 kB
SwapCached:            0 kB
Active:          1846976 kB
Inactive:        2145868 kB
Active(anon):    1476708 kB
Inactive(anon):    34396 kB
Active(file):     370268 kB
Inactive(file):  2111472 kB
Unevictable:        5564 kB
Mlocked:            5564 kB
SwapTotal:       3145724 kB
SwapFree:        3145724 kB
Dirty:               844 kB
Writeback:             0 kB
AnonPages:       1472812 kB
Mapped:           980800 kB
Shmem:             39088 kB
KReclaimable:    1735948 kB
Slab:             272280 kB
SReclaimable:     117396 kB
SUnreclaim:       154884 kB
KernelStack:       50544 kB
PageTables:        70912 kB
NFS_Unstable:          0 kB
Bounce:                0 kB
WritebackTmp:          0 kB
CommitLimit:     9202292 kB
Committed_AS:   77561772 kB
VmallocTotal:   263061440 kB
VmallocUsed:      107744 kB
VmallocChunk:          0 kB
Percpu:             7648 kB
CmaTotal:         294912 kB
CmaFree:               0 kB
MemTotal:       12113136 kB
MemFree:         4242348 kB
MemAvailable:    7591344 kB
Buffers:            6784 kB
Cached:          2518532 kB
SwapCached:            0 kB
Active:          1848252 kB
Inactive:        2145880 kB
Active(anon):    1477984 kB
Inactive(anon):    34396 kB
Active(file):     370268 kB
Inactive(file):  2111484 kB
Unevictable:        5564 kB
Mlocked:            5564 kB
SwapTotal:       3145724 kB
SwapFree:        3145724 kB
Dirty:               876 kB
Writeback:             0 kB
AnonPages:       1474256 kB
Mapped:           980824 kB
Shmem:             39088 kB
KReclaimable:    1735948 kB
Slab:             272256 kB
SReclaimable:     117396 kB
SUnreclaim:       154860 kB
KernelStack:       50560 kB
PageTables:        71044 kB
NFS_Unstable:          0 kB
Bounce:                0 kB
WritebackTmp:          0 kB
CommitLimit:     9202292 kB
Committed_AS:   77563844 kB
VmallocTotal:   263061440 kB
VmallocUsed:      107792 kB
VmallocChunk:          0 kB
Percpu:             7648 kB
CmaTotal:         294912 kB
CmaFree:               0 kB
MemTotal:       12113136 kB
MemFree:         4238972 kB
MemAvailable:    7587980 kB
Buffers:            6784 kB
Cached:          2518544 kB
SwapCached:            0 kB
Active:          1849724 kB
Inactive:        2145892 kB
Active(anon):    1479456 kB
Inactive(anon):    34396 kB
Active(file):     370268 kB
Inactive(file):  2111496 kB
Unevictable:        5564 kB
Mlocked:            5564 kB
SwapTotal:       3145724 kB
SwapFree:        3145724 kB
Dirty:               904 kB
Writeback:             0 kB
AnonPages:       1475680 kB
Mapped:           980816 kB
Shmem:             39088 kB
KReclaimable:    1735948 kB
Slab:             272280 kB
SReclaimable:     117396 kB
SUnreclaim:       154884 kB
KernelStack:       50624 kB
PageTables:        71200 kB
NFS_Unstable:          0 kB
Bounce:                0 kB
WritebackTmp:          0 kB
CommitLimit:     9202292 kB
Committed_AS:   77577916 kB
VmallocTotal:   263061440 kB
VmallocUsed:      107808 kB
VmallocChunk:          0 kB
Percpu:             7648 kB
CmaTotal:         294912 kB
CmaFree:               0 kB
MemTotal:       12113136 kB
MemFree:         4240188 kB
MemAvailable:    7589204 kB
Buffers:            6784 kB
Cached:          2518552 kB
SwapCached:            0 kB
Active:          1850212 kB
Inactive:        2145900 kB
Active(anon):    1479944 kB
Inactive(anon):    34396 kB
Active(file):     370268 kB
Inactive(file):  2111504 kB
Unevictable:        5564 kB
Mlocked:            5564 kB
SwapTotal:       3145724 kB
SwapFree:        3145724 kB
Dirty:               972 kB
Writeback:             0 kB
AnonPages:       1476024 kB
Mapped:           980832 kB
Shmem:             39088 kB
KReclaimable:    1735948 kB
Slab:             272272 kB
SReclaimable:     117396 kB
SUnreclaim:       154876 kB
KernelStack:       50560 kB
PageTables:        71056 kB
NFS_Unstable:          0 kB
Bounce:                0 kB
WritebackTmp:          0 kB
CommitLimit:     9202292 kB
Committed_AS:   77571868 kB
VmallocTotal:   263061440 kB
VmallocUsed:      107808 kB
VmallocChunk:          0 kB
Percpu:             7648 kB
CmaTotal:         294912 kB
CmaFree:               0 kB
MemTotal:       12113136 kB
MemFree:         4239432 kB
MemAvailable:    7588468 kB
Buffers:            6784 kB
Cached:          2518572 kB
SwapCached:            0 kB
Active:          1851196 kB
Inactive:        2145920 kB
Active(anon):    1480928 kB
Inactive(anon):    34396 kB
Active(file):     370268 kB
Inactive(file):  2111524 kB
Unevictable:        5564 kB
Mlocked:            5564 kB
SwapTotal:       3145724 kB
SwapFree:        3145724 kB
Dirty:              1004 kB
Writeback:             0 kB
AnonPages:       1477212 kB
Mapped:           980832 kB
Shmem:             39088 kB
KReclaimable:    1735948 kB
Slab:             272272 kB
SReclaimable:     117396 kB
SUnreclaim:       154876 kB
KernelStack:       50560 kB
PageTables:        71056 kB
NFS_Unstable:          0 kB
Bounce:                0 kB
WritebackTmp:          0 kB
CommitLimit:     9202292 kB
Committed_AS:   77572616 kB
VmallocTotal:   263061440 kB
VmallocUsed:      107824 kB
VmallocChunk:          0 kB
Percpu:             7648 kB
CmaTotal:         294912 kB
CmaFree:               0 kB
MemTotal:       12113136 kB
MemFree:         4248840 kB
MemAvailable:    7597892 kB
Buffers:            6784 kB
Cached:          2518588 kB
SwapCached:            0 kB
Active:          1841764 kB
Inactive:        2145936 kB
Active(anon):    1471496 kB
Inactive(anon):    34396 kB
Active(file):     370268 kB
Inactive(file):  2111540 kB
Unevictable:        5564 kB
Mlocked:            5564 kB
SwapTotal:       3145724 kB
SwapFree:        3145724 kB
Dirty:              1056 kB
Writeback:             0 kB
AnonPages:       1467908 kB
Mapped:           980840 kB
Shmem:             39088 kB
KReclaimable:    1735948 kB
Slab:             272264 kB
SReclaimable:     117396 kB
SUnreclaim:       154868 kB
KernelStack:       50592 kB
PageTables:        71028 kB
NFS_Unstable:          0 kB
Bounce:                0 kB
WritebackTmp:          0 kB
CommitLimit:     9202292 kB
Committed_AS:   77572476 kB
VmallocTotal:   263061440 kB
VmallocUsed:      107824 kB
VmallocChunk:          0 kB
Percpu:             7648 kB
CmaTotal:         294912 kB
CmaFree:               0 kB
MemTotal:       12113136 kB
MemFree:         4250260 kB
MemAvailable:    7599320 kB
Buffers:            6784 kB
Cached:          2518596 kB
SwapCached:            0 kB
Active:          1838620 kB
Inactive:        2145944 kB
Active(anon):    1468352 kB
Inactive(anon):    34396 kB
Active(file):     370268 kB
Inactive(file):  2111548 kB
Unevictable:        5564 kB
Mlocked:            5564 kB
SwapTotal:       3145724 kB
SwapFree:        3145724 kB
Dirty:               324 kB
Writeback:             0 kB
AnonPages:       1464520 kB
Mapped:           980828 kB
Shmem:             39088 kB
KReclaimable:    1735948 kB
Slab:             272352 kB
SReclaimable:     117396 kB
SUnreclaim:       154956 kB
KernelStack:       50592 kB
PageTables:        71048 kB
NFS_Unstable:          0 kB
Bounce:                0 kB
WritebackTmp:          0 kB
CommitLimit:     9202292 kB
Committed_AS:   77573340 kB
VmallocTotal:   263061440 kB
VmallocUsed:      107840 kB
VmallocChunk:          0 kB
Percpu:             7648 kB
CmaTotal:         294912 kB
CmaFree:             132 kB
MemTotal:       12113136 kB
MemFree:         4260616 kB
MemAvailable:    7609672 kB
Buffers:            6784 kB
Cached:          2518620 kB
SwapCached:            0 kB
Active:          1827888 kB
Inactive:        2145968 kB
Active(anon):    1457620 kB
Inactive(anon):    34396 kB
Active(file):     370268 kB
Inactive(file):  2111572 kB
Unevictable:        5564 kB
Mlocked:            5564 kB
SwapTotal:       3145724 kB
SwapFree:        3145724 kB
Dirty:               404 kB
Writeback:             0 kB
AnonPages:       1454144 kB
Mapped:           980804 kB
Shmem:             39088 kB
KReclaimable:    1735920 kB
Slab:             272348 kB
SReclaimable:     117396 kB
SUnreclaim:       154952 kB
KernelStack:       50576 kB
PageTables:        71380 kB
NFS_Unstable:          0 kB
Bounce:                0 kB
WritebackTmp:          0 kB
CommitLimit:     9202292 kB
Committed_AS:   77576884 kB
VmallocTotal:   263061440 kB
VmallocUsed:      107856 kB
VmallocChunk:          0 kB
Percpu:             7648 kB
CmaTotal:         294912 kB
CmaFree:               0 kB
MemTotal:       12113136 kB
MemFree:         4260744 kB
MemAvailable:    7609840 kB
Buffers:            6784 kB
Cached:          2518632 kB
SwapCached:            0 kB
Active:          1828756 kB
Inactive:        2145980 kB
Active(anon):    1458488 kB
Inactive(anon):    34396 kB
Active(file):     370268 kB
Inactive(file):  2111584 kB
Unevictable:        5564 kB
Mlocked:            5564 kB
SwapTotal:       3145724 kB
SwapFree:        3145724 kB
Dirty:               444 kB
Writeback:             0 kB
AnonPages:       1454632 kB
Mapped:           980844 kB
Shmem:             39088 kB
KReclaimable:    1735948 kB
Slab:             272356 kB
SReclaimable:     117396 kB
SUnreclaim:       154960 kB
KernelStack:       50640 kB
PageTables:        71172 kB
NFS_Unstable:          0 kB
Bounce:                0 kB
WritebackTmp:          0 kB
CommitLimit:     9202292 kB
Committed_AS:   77576172 kB
VmallocTotal:   263061440 kB
VmallocUsed:      107840 kB
VmallocChunk:          0 kB
Percpu:             7648 kB
CmaTotal:         294912 kB
CmaFree:               0 kB
MemTotal:       12113136 kB
MemFree:         4262880 kB
MemAvailable:    7611988 kB
Buffers:            6784 kB
Cached:          2518644 kB
SwapCached:            0 kB
Active:          1826380 kB
Inactive:        2145992 kB
Active(anon):    1456112 kB
Inactive(anon):    34396 kB
Active(file):     370268 kB
Inactive(file):  2111596 kB
Unevictable:        5564 kB
Mlocked:            5564 kB
SwapTotal:       3145724 kB
SwapFree:        3145724 kB
Dirty:               492 kB
Writeback:             0 kB
AnonPages:       1452592 kB
Mapped:           980844 kB
Shmem:             39088 kB
KReclaimable:    1735948 kB
Slab:             272348 kB
SReclaimable:     117396 kB
SUnreclaim:       154952 kB
KernelStack:       50608 kB
PageTables:        70984 kB
NFS_Unstable:          0 kB
Bounce:                0 kB
WritebackTmp:          0 kB
CommitLimit:     9202292 kB
Committed_AS:   77571948 kB
VmallocTotal:   263061440 kB
VmallocUsed:      107792 kB
VmallocChunk:          0 kB
Percpu:             7648 kB
CmaTotal:         294912 kB
CmaFree:              72 kB
MemTotal:       12113136 kB
MemFree:         4263404 kB
MemAvailable:    7612536 kB
Buffers:            6792 kB
Cached:          2518660 kB
SwapCached:            0 kB
Active:          1827940 kB
Inactive:        2146008 kB
Active(anon):    1457664 kB
Inactive(anon):    34396 kB
Active(file):     370276 kB
Inactive(file):  2111612 kB
Unevictable:        5564 kB
Mlocked:            5564 kB
SwapTotal:       3145724 kB
SwapFree:        3145724 kB
Dirty:               528 kB
Writeback:             0 kB
AnonPages:       1453544 kB
Mapped:           980852 kB
Shmem:             39088 kB
KReclaimable:    1735948 kB
Slab:             272348 kB
SReclaimable:     117396 kB
SUnreclaim:       154952 kB
KernelStack:       50592 kB
PageTables:        71060 kB
NFS_Unstable:          0 kB
Bounce:                0 kB
WritebackTmp:          0 kB
CommitLimit:     9202292 kB
Committed_AS:   77573176 kB
VmallocTotal:   263061440 kB
VmallocUsed:      107824 kB
VmallocChunk:          0 kB
Percpu:             7648 kB
CmaTotal:         294912 kB
CmaFree:               0 kB
MemTotal:       12113136 kB
MemFree:         4265152 kB
MemAvailable:    7614312 kB
Buffers:            6792 kB
Cached:          2518688 kB
SwapCached:            0 kB
Active:          1824728 kB
Inactive:        2146036 kB
Active(anon):    1454452 kB
Inactive(anon):    34396 kB
Active(file):     370276 kB
Inactive(file):  2111640 kB
Unevictable:        5564 kB
Mlocked:            5564 kB
SwapTotal:       3145724 kB
SwapFree:        3145724 kB
Dirty:               544 kB
Writeback:             0 kB
AnonPages:       1450692 kB
Mapped:           980868 kB
Shmem:             39088 kB
KReclaimable:    1735948 kB
Slab:             272348 kB
SReclaimable:     117396 kB
SUnreclaim:       154952 kB
KernelStack:       50592 kB
PageTables:        71056 kB
NFS_Unstable:          0 kB
Bounce:                0 kB
WritebackTmp:          0 kB
CommitLimit:     9202292 kB
Committed_AS:   77581432 kB
VmallocTotal:   263061440 kB
VmallocUsed:      107840 kB
VmallocChunk:          0 kB
Percpu:             7648 kB
CmaTotal:         294912 kB
CmaFree:               8 kB
MemTotal:       12113136 kB
MemFree:         4263608 kB
MemAvailable:    7612784 kB
Buffers:            6792 kB
Cached:          2518708 kB
SwapCached:            0 kB
Active:          1825464 kB
Inactive:        2146056 kB
Active(anon):    1455188 kB
Inactive(anon):    34400 kB
Active(file):     370276 kB
Inactive(file):  2111656 kB
Unevictable:        5564 kB
Mlocked:            5564 kB
SwapTotal:       3145724 kB
SwapFree:        3145724 kB
Dirty:               596 kB
Writeback:             0 kB
AnonPages:       1451988 kB
Mapped:           980880 kB
Shmem:             39092 kB
KReclaimable:    1735948 kB
Slab:             272348 kB
SReclaimable:     117396 kB
SUnreclaim:       154952 kB
KernelStack:       50624 kB
PageTables:        71176 kB
NFS_Unstable:          0 kB
Bounce:                0 kB
WritebackTmp:          0 kB
CommitLimit:     9202292 kB
Committed_AS:   77573212 kB
VmallocTotal:   263061440 kB
VmallocUsed:      107808 kB
VmallocChunk:          0 kB
Percpu:             7648 kB
CmaTotal:         294912 kB
CmaFree:               0 kB
MemTotal:       12113136 kB
MemFree:         4263348 kB
MemAvailable:    7612536 kB
Buffers:            6792 kB
Cached:          2518720 kB
SwapCached:            0 kB
Active:          1827216 kB
Inactive:        2146068 kB
Active(anon):    1456940 kB
Inactive(anon):    34400 kB
Active(file):     370276 kB
Inactive(file):  2111668 kB
Unevictable:        5564 kB
Mlocked:            5564 kB
SwapTotal:       3145724 kB
SwapFree:        3145724 kB
Dirty:               628 kB
Writeback:             0 kB
AnonPages:       1453312 kB
Mapped:           980876 kB
Shmem:             39092 kB
KReclaimable:    1735948 kB
Slab:             272348 kB
SReclaimable:     117396 kB
SUnreclaim:       154952 kB
KernelStack:       50608 kB
PageTables:        71176 kB
NFS_Unstable:          0 kB
Bounce:                0 kB
WritebackTmp:          0 kB
CommitLimit:     9202292 kB
Committed_AS:   77572824 kB
VmallocTotal:   263061440 kB
VmallocUsed:      107824 kB
VmallocChunk:          0 kB
Percpu:             7648 kB
CmaTotal:         294912 kB
CmaFree:               0 kB
MemTotal:       12113136 kB
MemFree:         4261868 kB
MemAvailable:    7611068 kB
Buffers:            6792 kB
Cached:          2518732 kB
SwapCached:            0 kB
Active:          1828028 kB
Inactive:        2146080 kB
Active(anon):    1457752 kB
Inactive(anon):    34400 kB
Active(file):     370276 kB
Inactive(file):  2111680 kB
Unevictable:        5564 kB
Mlocked:            5564 kB
SwapTotal:       3145724 kB
SwapFree:        3145724 kB
Dirty:               660 kB
Writeback:             0 kB
AnonPages:       1454184 kB
Mapped:           980920 kB
Shmem:             39092 kB
KReclaimable:    1735948 kB
Slab:             272348 kB
SReclaimable:     117396 kB
SUnreclaim:       154952 kB
KernelStack:       50640 kB
PageTables:        71204 kB
NFS_Unstable:          0 kB
Bounce:                0 kB
WritebackTmp:          0 kB
CommitLimit:     9202292 kB
Committed_AS:   77568736 kB
VmallocTotal:   263061440 kB
VmallocUsed:      107824 kB
VmallocChunk:          0 kB
Percpu:             7648 kB
CmaTotal:         294912 kB
CmaFree:               0 kB
MemTotal:       12113136 kB
MemFree:         4260604 kB
MemAvailable:    7609816 kB
Buffers:            6792 kB
Cached:          2518744 kB
SwapCached:            0 kB
Active:          1829548 kB
Inactive:        2146092 kB
Active(anon):    1459272 kB
Inactive(anon):    34400 kB
Active(file):     370276 kB
Inactive(file):  2111692 kB
Unevictable:        5564 kB
Mlocked:            5564 kB
SwapTotal:       3145724 kB
SwapFree:        3145724 kB
Dirty:               692 kB
Writeback:             0 kB
AnonPages:       1455772 kB
Mapped:           980868 kB
Shmem:             39092 kB
KReclaimable:    1735948 kB
Slab:             272356 kB
SReclaimable:     117396 kB
SUnreclaim:       154960 kB
KernelStack:       50640 kB
PageTables:        71148 kB
NFS_Unstable:          0 kB
Bounce:                0 kB
WritebackTmp:          0 kB
CommitLimit:     9202292 kB
Committed_AS:   77572160 kB
VmallocTotal:   263061440 kB
VmallocUsed:      107792 kB
VmallocChunk:          0 kB
Percpu:             7648 kB
CmaTotal:         294912 kB
CmaFree:               0 kB
MemTotal:       12113136 kB
MemFree:         4258500 kB
MemAvailable:    7607728 kB
Buffers:            6792 kB
Cached:          2518760 kB
SwapCached:            0 kB
Active:          1830300 kB
Inactive:        2146108 kB
Active(anon):    1460024 kB
Inactive(anon):    34400 kB
Active(file):     370276 kB
Inactive(file):  2111708 kB
Unevictable:        5564 kB
Mlocked:            5564 kB
SwapTotal:       3145724 kB
SwapFree:        3145724 kB
Dirty:               220 kB
Writeback:             0 kB
AnonPages:       1456640 kB
Mapped:           980924 kB
Shmem:             39092 kB
KReclaimable:    1735948 kB
Slab:             272336 kB
SReclaimable:     117396 kB
SUnreclaim:       154940 kB
KernelStack:       50592 kB
PageTables:        71028 kB
NFS_Unstable:          0 kB
Bounce:                0 kB
WritebackTmp:          0 kB
CommitLimit:     9202292 kB
Committed_AS:   77570176 kB
VmallocTotal:   263061440 kB
VmallocUsed:      107856 kB
VmallocChunk:          0 kB
Percpu:             7648 kB
CmaTotal:         294912 kB
CmaFree:               0 kB
MemTotal:       12113136 kB
MemFree:         4256568 kB
MemAvailable:    7605812 kB
Buffers:            6792 kB
Cached:          2518776 kB
SwapCached:            0 kB
Active:          1834384 kB
Inactive:        2146124 kB
Active(anon):    1464108 kB
Inactive(anon):    34400 kB
Active(file):     370276 kB
Inactive(file):  2111724 kB
Unevictable:        5564 kB
Mlocked:            5564 kB
SwapTotal:       3145724 kB
SwapFree:        3145724 kB
Dirty:               344 kB
Writeback:             0 kB
AnonPages:       1460144 kB
Mapped:           980880 kB
Shmem:             39092 kB
KReclaimable:    1735948 kB
Slab:             272336 kB
SReclaimable:     117396 kB
SUnreclaim:       154940 kB
KernelStack:       50608 kB
PageTables:        71068 kB
NFS_Unstable:          0 kB
Bounce:                0 kB
WritebackTmp:          0 kB
CommitLimit:     9202292 kB
Committed_AS:   77574216 kB
VmallocTotal:   263061440 kB
VmallocUsed:      107856 kB
VmallocChunk:          0 kB
Percpu:             7648 kB
CmaTotal:         294912 kB
CmaFree:               0 kB
MemTotal:       12113136 kB
MemFree:         4253312 kB
MemAvailable:    7602572 kB
Buffers:            6792 kB
Cached:          2518792 kB
SwapCached:            0 kB
Active:          1835076 kB
Inactive:        2146140 kB
Active(anon):    1464800 kB
Inactive(anon):    34400 kB
Active(file):     370276 kB
Inactive(file):  2111740 kB
Unevictable:        5564 kB
Mlocked:            5564 kB
SwapTotal:       3145724 kB
SwapFree:        3145724 kB
Dirty:               412 kB
Writeback:             0 kB
AnonPages:       1460860 kB
Mapped:           980956 kB
Shmem:             39092 kB
KReclaimable:    1735948 kB
Slab:             272336 kB
SReclaimable:     117396 kB
SUnreclaim:       154940 kB
KernelStack:       50608 kB
PageTables:        71032 kB
NFS_Unstable:          0 kB
Bounce:                0 kB
WritebackTmp:          0 kB
CommitLimit:     9202292 kB
Committed_AS:   77567896 kB
VmallocTotal:   263061440 kB
VmallocUsed:      107824 kB
VmallocChunk:          0 kB
Percpu:             7648 kB
CmaTotal:         294912 kB
CmaFree:               0 kB
MemTotal:       12113136 kB
MemFree:         4252172 kB
MemAvailable:    7601448 kB
Buffers:            6792 kB
Cached:          2518808 kB
SwapCached:            0 kB
Active:          1836068 kB
Inactive:        2146156 kB
Active(anon):    1465792 kB
Inactive(anon):    34400 kB
Active(file):     370276 kB
Inactive(file):  2111756 kB
Unevictable:        5564 kB
Mlocked:            5564 kB
SwapTotal:       3145724 kB
SwapFree:        3145724 kB
Dirty:               448 kB
Writeback:             0 kB
AnonPages:       1462192 kB
Mapped:           980804 kB
Shmem:             39092 kB
KReclaimable:    1735948 kB
Slab:             272336 kB
SReclaimable:     117396 kB
SUnreclaim:       154940 kB
KernelStack:       50624 kB
PageTables:        71056 kB
NFS_Unstable:          0 kB
Bounce:                0 kB
WritebackTmp:          0 kB
CommitLimit:     9202292 kB
Committed_AS:   77575928 kB
VmallocTotal:   263061440 kB
VmallocUsed:      107856 kB
VmallocChunk:          0 kB
Percpu:             7648 kB
CmaTotal:         294912 kB
CmaFree:               0 kB
MemTotal:       12113136 kB
MemFree:         4252376 kB
MemAvailable:    7601660 kB
Buffers:            6792 kB
Cached:          2518816 kB
SwapCached:            0 kB
Active:          1837208 kB
Inactive:        2146164 kB
Active(anon):    1466932 kB
Inactive(anon):    34400 kB
Active(file):     370276 kB
Inactive(file):  2111764 kB
Unevictable:        5564 kB
Mlocked:            5564 kB
SwapTotal:       3145724 kB
SwapFree:        3145724 kB
Dirty:               512 kB
Writeback:             0 kB
AnonPages:       1463428 kB
Mapped:           980884 kB
Shmem:             39092 kB
KReclaimable:    1735948 kB
Slab:             272336 kB
SReclaimable:     117396 kB
SUnreclaim:       154940 kB
KernelStack:       50624 kB
PageTables:        71064 kB
NFS_Unstable:          0 kB
Bounce:                0 kB
WritebackTmp:          0 kB
CommitLimit:     9202292 kB
Committed_AS:   77577052 kB
VmallocTotal:   263061440 kB
VmallocUsed:      107888 kB
VmallocChunk:          0 kB
Percpu:             7648 kB
CmaTotal:         294912 kB
CmaFree:               0 kB
MemTotal:       12113136 kB
MemFree:         4251048 kB
MemAvailable:    7600344 kB
Buffers:            6792 kB
Cached:          2518828 kB
SwapCached:            0 kB
Active:          1838872 kB
Inactive:        2146176 kB
Active(anon):    1468596 kB
Inactive(anon):    34400 kB
Active(file):     370276 kB
Inactive(file):  2111776 kB
Unevictable:        5564 kB
Mlocked:            5564 kB
SwapTotal:       3145724 kB
SwapFree:        3145724 kB
Dirty:               240 kB
Writeback:             0 kB
AnonPages:       1465040 kB
Mapped:           980884 kB
Shmem:             39092 kB
KReclaimable:    1735948 kB
Slab:             272304 kB
SReclaimable:     117396 kB
SUnreclaim:       154908 kB
KernelStack:       50624 kB
PageTables:        71064 kB
NFS_Unstable:          0 kB
Bounce:                0 kB
WritebackTmp:          0 kB
CommitLimit:     9202292 kB
Committed_AS:   77576656 kB
VmallocTotal:   263061440 kB
VmallocUsed:      107888 kB
VmallocChunk:          0 kB
Percpu:             7648 kB
CmaTotal:         294912 kB
CmaFree:               0 kB
MemTotal:       12113136 kB
MemFree:         4249840 kB
MemAvailable:    7599152 kB
Buffers:            6792 kB
Cached:          2518856 kB
SwapCached:            0 kB
Active:          1839856 kB
Inactive:        2146204 kB
Active(anon):    1469580 kB
Inactive(anon):    34412 kB
Active(file):     370276 kB
Inactive(file):  2111792 kB
Unevictable:        5564 kB
Mlocked:            5564 kB
SwapTotal:       3145724 kB
SwapFree:        3145724 kB
Dirty:               352 kB
Writeback:             0 kB
AnonPages:       1465964 kB
Mapped:           980140 kB
Shmem:             39104 kB
KReclaimable:    1735948 kB
Slab:             272308 kB
SReclaimable:     117396 kB
SUnreclaim:       154912 kB
KernelStack:       50624 kB
PageTables:        71068 kB
NFS_Unstable:          0 kB
Bounce:                0 kB
WritebackTmp:          0 kB
CommitLimit:     9202292 kB
Committed_AS:   77587948 kB
VmallocTotal:   263061440 kB
VmallocUsed:      107888 kB
VmallocChunk:          0 kB
Percpu:             7648 kB
CmaTotal:         294912 kB
CmaFree:               0 kB
MemTotal:       12113136 kB
MemFree:         4248436 kB
MemAvailable:    7597760 kB
Buffers:            6792 kB
Cached:          2518868 kB
SwapCached:            0 kB
Active:          1840980 kB
Inactive:        2146216 kB
Active(anon):    1470704 kB
Inactive(anon):    34412 kB
Active(file):     370276 kB
Inactive(file):  2111804 kB
Unevictable:        5564 kB
Mlocked:            5564 kB
SwapTotal:       3145724 kB
SwapFree:        3145724 kB
Dirty:               432 kB
Writeback:             0 kB
AnonPages:       1466732 kB
Mapped:           980176 kB
Shmem:             39104 kB
KReclaimable:    1735948 kB
Slab:             272324 kB
SReclaimable:     117396 kB
SUnreclaim:       154928 kB
KernelStack:       50640 kB
PageTables:        71056 kB
NFS_Unstable:          0 kB
Bounce:                0 kB
WritebackTmp:          0 kB
CommitLimit:     9202292 kB
Committed_AS:   77583740 kB
VmallocTotal:   263061440 kB
VmallocUsed:      107856 kB
VmallocChunk:          0 kB
Percpu:             7648 kB
CmaTotal:         294912 kB
CmaFree:               0 kB
MemTotal:       12113136 kB
MemFree:         4263484 kB
MemAvailable:    7612840 kB
Buffers:            6792 kB
Cached:          2518900 kB
SwapCached:            0 kB
Active:          1824884 kB
Inactive:        2146240 kB
Active(anon):    1454600 kB
Inactive(anon):    34416 kB
Active(file):     370284 kB
Inactive(file):  2111824 kB
Unevictable:        5564 kB
Mlocked:            5564 kB
SwapTotal:       3145724 kB
SwapFree:        3145724 kB
Dirty:               296 kB
Writeback:             0 kB
AnonPages:       1450620 kB
Mapped:           980212 kB
Shmem:             39108 kB
KReclaimable:    1735952 kB
Slab:             272288 kB
SReclaimable:     117400 kB
SUnreclaim:       154888 kB
KernelStack:       50640 kB
PageTables:        71196 kB
NFS_Unstable:          0 kB
Bounce:                0 kB
WritebackTmp:          0 kB
CommitLimit:     9202292 kB
Committed_AS:   77577916 kB
VmallocTotal:   263061440 kB
VmallocUsed:      107888 kB
VmallocChunk:          0 kB
Percpu:             7648 kB
CmaTotal:         294912 kB
CmaFree:              60 kB
MemTotal:       12113136 kB
MemFree:         4264504 kB
MemAvailable:    7613872 kB
Buffers:            6792 kB
Cached:          2518912 kB
SwapCached:            0 kB
Active:          1824272 kB
Inactive:        2146252 kB
Active(anon):    1453988 kB
Inactive(anon):    34416 kB
Active(file):     370284 kB
Inactive(file):  2111836 kB
Unevictable:        5564 kB
Mlocked:            5564 kB
SwapTotal:       3145724 kB
SwapFree:        3145724 kB
Dirty:               360 kB
Writeback:             0 kB
AnonPages:       1450400 kB
Mapped:           980352 kB
Shmem:             39108 kB
KReclaimable:    1735952 kB
Slab:             272280 kB
SReclaimable:     117400 kB
SUnreclaim:       154880 kB
KernelStack:       50656 kB
PageTables:        71084 kB
NFS_Unstable:          0 kB
Bounce:                0 kB
WritebackTmp:          0 kB
CommitLimit:     9202292 kB
Committed_AS:   77580300 kB
VmallocTotal:   263061440 kB
VmallocUsed:      107888 kB
VmallocChunk:          0 kB
Percpu:             7648 kB
CmaTotal:         294912 kB
CmaFree:               0 kB
MemTotal:       12113136 kB
MemFree:         4263416 kB
MemAvailable:    7612824 kB
Buffers:            6800 kB
Cached:          2518944 kB
SwapCached:            0 kB
Active:          1826104 kB
Inactive:        2146284 kB
Active(anon):    1455812 kB
Inactive(anon):    34416 kB
Active(file):     370292 kB
Inactive(file):  2111868 kB
Unevictable:        5564 kB
Mlocked:            5564 kB
SwapTotal:       3145724 kB
SwapFree:        3145724 kB
Dirty:               456 kB
Writeback:             0 kB
AnonPages:       1452124 kB
Mapped:           980404 kB
Shmem:             39108 kB
KReclaimable:    1735952 kB
Slab:             272288 kB
SReclaimable:     117400 kB
SUnreclaim:       154888 kB
KernelStack:       50688 kB
PageTables:        71208 kB
NFS_Unstable:          0 kB
Bounce:                0 kB
WritebackTmp:          0 kB
CommitLimit:     9202292 kB
Committed_AS:   77582240 kB
VmallocTotal:   263061440 kB
VmallocUsed:      107904 kB
VmallocChunk:          0 kB
Percpu:             7648 kB
CmaTotal:         294912 kB
CmaFree:               0 kB
MemTotal:       12113136 kB
MemFree:         4259604 kB
MemAvailable:    7609020 kB
Buffers:            6800 kB
Cached:          2518968 kB
SwapCached:            0 kB
Active:          1830968 kB
Inactive:        2146308 kB
Active(anon):    1460676 kB
Inactive(anon):    34432 kB
Active(file):     370292 kB
Inactive(file):  2111876 kB
Unevictable:        5564 kB
Mlocked:            5564 kB
SwapTotal:       3145724 kB
SwapFree:        3145724 kB
Dirty:               476 kB
Writeback:             0 kB
AnonPages:       1456676 kB
Mapped:           980304 kB
Shmem:             39124 kB
KReclaimable:    1735952 kB
Slab:             272280 kB
SReclaimable:     117400 kB
SUnreclaim:       154880 kB
KernelStack:       50676 kB
PageTables:        71012 kB
NFS_Unstable:          0 kB
Bounce:                0 kB
WritebackTmp:          0 kB
CommitLimit:     9202292 kB
Committed_AS:   77582108 kB
VmallocTotal:   263061440 kB
VmallocUsed:      107888 kB
VmallocChunk:          0 kB
Percpu:             7648 kB
CmaTotal:         294912 kB
CmaFree:               0 kB
MemTotal:       12113136 kB
MemFree:         4264708 kB
MemAvailable:    7614140 kB
Buffers:            6800 kB
Cached:          2518980 kB
SwapCached:            0 kB
Active:          1824096 kB
Inactive:        2146320 kB
Active(anon):    1453804 kB
Inactive(anon):    34428 kB
Active(file):     370292 kB
Inactive(file):  2111892 kB
Unevictable:        5564 kB
Mlocked:            5564 kB
SwapTotal:       3145724 kB
SwapFree:        3145724 kB
Dirty:               504 kB
Writeback:             0 kB
AnonPages:       1450508 kB
Mapped:           980400 kB
Shmem:             39120 kB
KReclaimable:    1735952 kB
Slab:             272280 kB
SReclaimable:     117400 kB
SUnreclaim:       154880 kB
KernelStack:       50708 kB
PageTables:        71032 kB
NFS_Unstable:          0 kB
Bounce:                0 kB
WritebackTmp:          0 kB
CommitLimit:     9202292 kB
Committed_AS:   77571732 kB
VmallocTotal:   263061440 kB
VmallocUsed:      107904 kB
VmallocChunk:          0 kB
Percpu:             7648 kB
CmaTotal:         294912 kB
CmaFree:               0 kB
MemTotal:       12113136 kB
MemFree:         4263572 kB
MemAvailable:    7613024 kB
Buffers:            6800 kB
Cached:          2519000 kB
SwapCached:            0 kB
Active:          1824660 kB
Inactive:        2146340 kB
Active(anon):    1454368 kB
Inactive(anon):    34428 kB
Active(file):     370292 kB
Inactive(file):  2111912 kB
Unevictable:        5564 kB
Mlocked:            5564 kB
SwapTotal:       3145724 kB
SwapFree:        3145724 kB
Dirty:               524 kB
Writeback:             0 kB
AnonPages:       1450456 kB
Mapped:           980364 kB
Shmem:             39120 kB
KReclaimable:    1735952 kB
Slab:             272280 kB
SReclaimable:     117400 kB
SUnreclaim:       154880 kB
KernelStack:       50624 kB
PageTables:        71072 kB
NFS_Unstable:          0 kB
Bounce:                0 kB
WritebackTmp:          0 kB
CommitLimit:     9202292 kB
Committed_AS:   77576676 kB
VmallocTotal:   263061440 kB
VmallocUsed:      107872 kB
VmallocChunk:          0 kB
Percpu:             7648 kB
CmaTotal:         294912 kB
CmaFree:               0 kB
MemTotal:       12113136 kB
MemFree:         4263060 kB
MemAvailable:    7612524 kB
Buffers:            6800 kB
Cached:          2519012 kB
SwapCached:            0 kB
Active:          1826216 kB
Inactive:        2146352 kB
Active(anon):    1455924 kB
Inactive(anon):    34428 kB
Active(file):     370292 kB
Inactive(file):  2111924 kB
Unevictable:        5564 kB
Mlocked:            5564 kB
SwapTotal:       3145724 kB
SwapFree:        3145724 kB
Dirty:               552 kB
Writeback:             0 kB
AnonPages:       1452224 kB
Mapped:           980460 kB
Shmem:             39120 kB
KReclaimable:    1735952 kB
Slab:             272280 kB
SReclaimable:     117400 kB
SUnreclaim:       154880 kB
KernelStack:       50672 kB
PageTables:        71172 kB
NFS_Unstable:          0 kB
Bounce:                0 kB
WritebackTmp:          0 kB
CommitLimit:     9202292 kB
Committed_AS:   77576116 kB
VmallocTotal:   263061440 kB
VmallocUsed:      107840 kB
VmallocChunk:          0 kB
Percpu:             7648 kB
CmaTotal:         294912 kB
CmaFree:               0 kB
MemTotal:       12113136 kB
MemFree:         4262640 kB
MemAvailable:    7612116 kB
Buffers:            6800 kB
Cached:          2519024 kB
SwapCached:            0 kB
Active:          1827180 kB
Inactive:        2146364 kB
Active(anon):    1456888 kB
Inactive(anon):    34428 kB
Active(file):     370292 kB
Inactive(file):  2111936 kB
Unevictable:        5564 kB
Mlocked:            5564 kB
SwapTotal:       3145724 kB
SwapFree:        3145724 kB
Dirty:               180 kB
Writeback:             0 kB
AnonPages:       1453664 kB
Mapped:           980436 kB
Shmem:             39120 kB
KReclaimable:    1735952 kB
Slab:             272304 kB
SReclaimable:     117400 kB
SUnreclaim:       154904 kB
KernelStack:       50656 kB
PageTables:        71116 kB
NFS_Unstable:          0 kB
Bounce:                0 kB
WritebackTmp:          0 kB
CommitLimit:     9202292 kB
Committed_AS:   77579692 kB
VmallocTotal:   263061440 kB
VmallocUsed:      107824 kB
VmallocChunk:          0 kB
Percpu:             7648 kB
CmaTotal:         294912 kB
CmaFree:               0 kB
MemTotal:       12113136 kB
MemFree:         4260676 kB
MemAvailable:    7610168 kB
Buffers:            6800 kB
Cached:          2519040 kB
SwapCached:            0 kB
Active:          1827644 kB
Inactive:        2146380 kB
Active(anon):    1457352 kB
Inactive(anon):    34428 kB
Active(file):     370292 kB
Inactive(file):  2111952 kB
Unevictable:        5564 kB
Mlocked:            5564 kB
SwapTotal:       3145724 kB
SwapFree:        3145724 kB
Dirty:               280 kB
Writeback:             0 kB
AnonPages:       1453800 kB
Mapped:           980472 kB
Shmem:             39120 kB
KReclaimable:    1735952 kB
Slab:             272312 kB
SReclaimable:     117400 kB
SUnreclaim:       154912 kB
KernelStack:       50608 kB
PageTables:        71056 kB
NFS_Unstable:          0 kB
Bounce:                0 kB
WritebackTmp:          0 kB
CommitLimit:     9202292 kB
Committed_AS:   77575656 kB
VmallocTotal:   263061440 kB
VmallocUsed:      107856 kB
VmallocChunk:          0 kB
Percpu:             7648 kB
CmaTotal:         294912 kB
CmaFree:               0 kB
MemTotal:       12113136 kB
MemFree:         4259948 kB
MemAvailable:    7609456 kB
Buffers:            6800 kB
Cached:          2519056 kB
SwapCached:            0 kB
Active:          1828584 kB
Inactive:        2146396 kB
Active(anon):    1458292 kB
Inactive(anon):    34428 kB
Active(file):     370292 kB
Inactive(file):  2111968 kB
Unevictable:        5564 kB
Mlocked:            5564 kB
SwapTotal:       3145724 kB
SwapFree:        3145724 kB
Dirty:               480 kB
Writeback:             0 kB
AnonPages:       1454476 kB
Mapped:           979792 kB
Shmem:             39120 kB
KReclaimable:    1735952 kB
Slab:             272328 kB
SReclaimable:     117400 kB
SUnreclaim:       154928 kB
KernelStack:       50672 kB
PageTables:        71188 kB
NFS_Unstable:          0 kB
Bounce:                0 kB
WritebackTmp:          0 kB
CommitLimit:     9202292 kB
Committed_AS:   77562324 kB
VmallocTotal:   263061440 kB
VmallocUsed:      107856 kB
VmallocChunk:          0 kB
Percpu:             7648 kB
CmaTotal:         294912 kB
CmaFree:               0 kB
MemTotal:       12113136 kB
MemFree:         4257012 kB
MemAvailable:    7606532 kB
Buffers:            6800 kB
Cached:          2519072 kB
SwapCached:            0 kB
Active:          1832148 kB
Inactive:        2146396 kB
Active(anon):    1461840 kB
Inactive(anon):    34432 kB
Active(file):     370308 kB
Inactive(file):  2111964 kB
Unevictable:        5564 kB
Mlocked:            5564 kB
SwapTotal:       3145724 kB
SwapFree:        3145724 kB
Dirty:               508 kB
Writeback:             0 kB
AnonPages:       1458180 kB
Mapped:           993144 kB
Shmem:             39124 kB
KReclaimable:    1735952 kB
Slab:             272288 kB
SReclaimable:     117400 kB
SUnreclaim:       154888 kB
KernelStack:       50720 kB
PageTables:        71104 kB
NFS_Unstable:          0 kB
Bounce:                0 kB
WritebackTmp:          0 kB
CommitLimit:     9202292 kB
Committed_AS:   77578180 kB
VmallocTotal:   263061440 kB
VmallocUsed:      107968 kB
VmallocChunk:          0 kB
Percpu:             7648 kB
CmaTotal:         294912 kB
CmaFree:               0 kB
MemTotal:       12113136 kB
MemFree:         4255560 kB
MemAvailable:    7605100 kB
Buffers:            6800 kB
Cached:          2519092 kB
SwapCached:            0 kB
Active:          1833600 kB
Inactive:        2146416 kB
Active(anon):    1463292 kB
Inactive(anon):    34432 kB
Active(file):     370308 kB
Inactive(file):  2111984 kB
Unevictable:        5564 kB
Mlocked:            5564 kB
SwapTotal:       3145724 kB
SwapFree:        3145724 kB
Dirty:               572 kB
Writeback:             0 kB
AnonPages:       1459784 kB
Mapped:           993188 kB
Shmem:             39124 kB
KReclaimable:    1735952 kB
Slab:             272292 kB
SReclaimable:     117400 kB
SUnreclaim:       154892 kB
KernelStack:       50720 kB
PageTables:        71124 kB
NFS_Unstable:          0 kB
Bounce:                0 kB
WritebackTmp:          0 kB
CommitLimit:     9202292 kB
Committed_AS:   77579396 kB
VmallocTotal:   263061440 kB
VmallocUsed:      107968 kB
VmallocChunk:          0 kB
Percpu:             7648 kB
CmaTotal:         294912 kB
CmaFree:               0 kB
MemTotal:       12113136 kB
MemFree:         4253764 kB
MemAvailable:    7603316 kB
Buffers:            6800 kB
Cached:          2519104 kB
SwapCached:            0 kB
Active:          1834876 kB
Inactive:        2146428 kB
Active(anon):    1464568 kB
Inactive(anon):    34432 kB
Active(file):     370308 kB
Inactive(file):  2111996 kB
Unevictable:        5564 kB
Mlocked:            5564 kB
SwapTotal:       3145724 kB
SwapFree:        3145724 kB
Dirty:               620 kB
Writeback:             0 kB
AnonPages:       1460920 kB
Mapped:           993220 kB
Shmem:             39124 kB
KReclaimable:    1735952 kB
Slab:             272296 kB
SReclaimable:     117400 kB
SUnreclaim:       154896 kB
KernelStack:       50704 kB
PageTables:        71116 kB
NFS_Unstable:          0 kB
Bounce:                0 kB
WritebackTmp:          0 kB
CommitLimit:     9202292 kB
Committed_AS:   77569720 kB
VmallocTotal:   263061440 kB
VmallocUsed:      107952 kB
VmallocChunk:          0 kB
Percpu:             7648 kB
CmaTotal:         294912 kB
CmaFree:               0 kB
MemTotal:       12113136 kB
MemFree:         4252756 kB
MemAvailable:    7602324 kB
Buffers:            6800 kB
Cached:          2519120 kB
SwapCached:            0 kB
Active:          1835752 kB
Inactive:        2146444 kB
Active(anon):    1465444 kB
Inactive(anon):    34432 kB
Active(file):     370308 kB
Inactive(file):  2112012 kB
Unevictable:        5564 kB
Mlocked:            5564 kB
SwapTotal:       3145724 kB
SwapFree:        3145724 kB
Dirty:               660 kB
Writeback:             0 kB
AnonPages:       1461092 kB
Mapped:           993248 kB
Shmem:             39124 kB
KReclaimable:    1735952 kB
Slab:             272296 kB
SReclaimable:     117400 kB
SUnreclaim:       154896 kB
KernelStack:       50752 kB
PageTables:        71188 kB
NFS_Unstable:          0 kB
Bounce:                0 kB
WritebackTmp:          0 kB
CommitLimit:     9202292 kB
Committed_AS:   77570068 kB
VmallocTotal:   263061440 kB
VmallocUsed:      107936 kB
VmallocChunk:          0 kB
Percpu:             7648 kB
CmaTotal:         294912 kB
CmaFree:               0 kB
MemTotal:       12113136 kB
MemFree:         4263240 kB
MemAvailable:    7612820 kB
Buffers:            6800 kB
Cached:          2519132 kB
SwapCached:            0 kB
Active:          1825444 kB
Inactive:        2146456 kB
Active(anon):    1455136 kB
Inactive(anon):    34432 kB
Active(file):     370308 kB
Inactive(file):  2112024 kB
Unevictable:        5564 kB
Mlocked:            5564 kB
SwapTotal:       3145724 kB
SwapFree:        3145724 kB
Dirty:               700 kB
Writeback:             0 kB
AnonPages:       1450964 kB
Mapped:           979980 kB
Shmem:             39124 kB
KReclaimable:    1735952 kB
Slab:             272292 kB
SReclaimable:     117400 kB
SUnreclaim:       154892 kB
KernelStack:       50688 kB
PageTables:        71056 kB
NFS_Unstable:          0 kB
Bounce:                0 kB
WritebackTmp:          0 kB
CommitLimit:     9202292 kB
Committed_AS:   77588820 kB
VmallocTotal:   263061440 kB
VmallocUsed:      107936 kB
VmallocChunk:          0 kB
Percpu:             7648 kB
CmaTotal:         294912 kB
CmaFree:               0 kB
MemTotal:       12113136 kB
MemFree:         4262424 kB
MemAvailable:    7612020 kB
Buffers:            6800 kB
Cached:          2519148 kB
SwapCached:            0 kB
Active:          1826988 kB
Inactive:        2146472 kB
Active(anon):    1456680 kB
Inactive(anon):    34432 kB
Active(file):     370308 kB
Inactive(file):  2112040 kB
Unevictable:        5564 kB
Mlocked:            5564 kB
SwapTotal:       3145724 kB
SwapFree:        3145724 kB
Dirty:               772 kB
Writeback:             0 kB
AnonPages:       1453152 kB
Mapped:           979976 kB
Shmem:             39124 kB
KReclaimable:    1735952 kB
Slab:             272292 kB
SReclaimable:     117400 kB
SUnreclaim:       154892 kB
KernelStack:       50720 kB
PageTables:        71196 kB
NFS_Unstable:          0 kB
Bounce:                0 kB
WritebackTmp:          0 kB
CommitLimit:     9202292 kB
Committed_AS:   77583200 kB
VmallocTotal:   263061440 kB
VmallocUsed:      107920 kB
VmallocChunk:          0 kB
Percpu:             7648 kB
CmaTotal:         294912 kB
CmaFree:               0 kB
MemTotal:       12113136 kB
MemFree:         4260324 kB
MemAvailable:    7609924 kB
Buffers:            6808 kB
Cached:          2519144 kB
SwapCached:            0 kB
Active:          1827908 kB
Inactive:        2146480 kB
Active(anon):    1457604 kB
Inactive(anon):    34432 kB
Active(file):     370304 kB
Inactive(file):  2112048 kB
Unevictable:        5564 kB
Mlocked:            5564 kB
SwapTotal:       3145724 kB
SwapFree:        3145724 kB
Dirty:               836 kB
Writeback:             0 kB
AnonPages:       1454144 kB
Mapped:           980020 kB
Shmem:             39124 kB
KReclaimable:    1735952 kB
Slab:             272296 kB
SReclaimable:     117400 kB
SUnreclaim:       154896 kB
KernelStack:       50704 kB
PageTables:        71068 kB
NFS_Unstable:          0 kB
Bounce:                0 kB
WritebackTmp:          0 kB
CommitLimit:     9202292 kB
Committed_AS:   77587452 kB
VmallocTotal:   263061440 kB
VmallocUsed:      107968 kB
VmallocChunk:          0 kB
Percpu:             7648 kB
CmaTotal:         294912 kB
CmaFree:               0 kB
MemTotal:       12113136 kB
MemFree:         4259120 kB
MemAvailable:    7608772 kB
Buffers:            6808 kB
Cached:          2519196 kB
SwapCached:            0 kB
Active:          1828804 kB
Inactive:        2146520 kB
Active(anon):    1458488 kB
Inactive(anon):    34432 kB
Active(file):     370316 kB
Inactive(file):  2112088 kB
Unevictable:        5564 kB
Mlocked:            5564 kB
SwapTotal:       3145724 kB
SwapFree:        3145724 kB
Dirty:               256 kB
Writeback:             0 kB
AnonPages:       1454908 kB
Mapped:           980064 kB
Shmem:             39124 kB
KReclaimable:    1735952 kB
Slab:             272316 kB
SReclaimable:     117400 kB
SUnreclaim:       154916 kB
KernelStack:       50704 kB
PageTables:        71076 kB
NFS_Unstable:          0 kB
Bounce:                0 kB
WritebackTmp:          0 kB
CommitLimit:     9202292 kB
Committed_AS:   77585792 kB
VmallocTotal:   263061440 kB
VmallocUsed:      108000 kB
VmallocChunk:          0 kB
Percpu:             7648 kB
CmaTotal:         294912 kB
CmaFree:               0 kB
MemTotal:       12113136 kB
MemFree:         4257436 kB
MemAvailable:    7607092 kB
Buffers:            6808 kB
Cached:          2519200 kB
SwapCached:            0 kB
Active:          1829752 kB
Inactive:        2146524 kB
Active(anon):    1459436 kB
Inactive(anon):    34432 kB
Active(file):     370316 kB
Inactive(file):  2112092 kB
Unevictable:        5564 kB
Mlocked:            5564 kB
SwapTotal:       3145724 kB
SwapFree:        3145724 kB
Dirty:               368 kB
Writeback:             0 kB
AnonPages:       1455948 kB
Mapped:           980088 kB
Shmem:             39124 kB
KReclaimable:    1735952 kB
Slab:             272308 kB
SReclaimable:     117400 kB
SUnreclaim:       154908 kB
KernelStack:       50768 kB
PageTables:        71088 kB
NFS_Unstable:          0 kB
Bounce:                0 kB
WritebackTmp:          0 kB
CommitLimit:     9202292 kB
Committed_AS:   77577788 kB
VmallocTotal:   263061440 kB
VmallocUsed:      108016 kB
VmallocChunk:          0 kB
Percpu:             7648 kB
CmaTotal:         294912 kB
CmaFree:               0 kB
MemTotal:       12113136 kB
MemFree:         4258480 kB
MemAvailable:    7608160 kB
Buffers:            6808 kB
Cached:          2519224 kB
SwapCached:            0 kB
Active:          1830972 kB
Inactive:        2146548 kB
Active(anon):    1460656 kB
Inactive(anon):    34432 kB
Active(file):     370316 kB
Inactive(file):  2112116 kB
Unevictable:        5564 kB
Mlocked:            5564 kB
SwapTotal:       3145724 kB
SwapFree:        3145724 kB
Dirty:               460 kB
Writeback:             0 kB
AnonPages:       1457272 kB
Mapped:           980116 kB
Shmem:             39124 kB
KReclaimable:    1735952 kB
Slab:             272316 kB
SReclaimable:     117400 kB
SUnreclaim:       154916 kB
KernelStack:       50720 kB
PageTables:        71160 kB
NFS_Unstable:          0 kB
Bounce:                0 kB
WritebackTmp:          0 kB
CommitLimit:     9202292 kB
Committed_AS:   77573548 kB
VmallocTotal:   263061440 kB
VmallocUsed:      107936 kB
VmallocChunk:          0 kB
Percpu:             7648 kB
CmaTotal:         294912 kB
CmaFree:               0 kB
MemTotal:       12113136 kB
MemFree:         4256596 kB
MemAvailable:    7606288 kB
Buffers:            6808 kB
Cached:          2519236 kB
SwapCached:            0 kB
Active:          1831296 kB
Inactive:        2146560 kB
Active(anon):    1460980 kB
Inactive(anon):    34432 kB
Active(file):     370316 kB
Inactive(file):  2112128 kB
Unevictable:        5564 kB
Mlocked:            5564 kB
SwapTotal:       3145724 kB
SwapFree:        3145724 kB
Dirty:               492 kB
Writeback:             0 kB
AnonPages:       1458016 kB
Mapped:           980148 kB
Shmem:             39124 kB
KReclaimable:    1735952 kB
Slab:             272312 kB
SReclaimable:     117400 kB
SUnreclaim:       154912 kB
KernelStack:       50752 kB
PageTables:        71168 kB
NFS_Unstable:          0 kB
Bounce:                0 kB
WritebackTmp:          0 kB
CommitLimit:     9202292 kB
Committed_AS:   77582720 kB
VmallocTotal:   263061440 kB
VmallocUsed:      107968 kB
VmallocChunk:          0 kB
Percpu:             7648 kB
CmaTotal:         294912 kB
CmaFree:               0 kB
MemTotal:       12113136 kB
MemFree:         4256380 kB
MemAvailable:    7606080 kB
Buffers:            6808 kB
Cached:          2519244 kB
SwapCached:            0 kB
Active:          1831852 kB
Inactive:        2146572 kB
Active(anon):    1461540 kB
Inactive(anon):    34432 kB
Active(file):     370312 kB
Inactive(file):  2112140 kB
Unevictable:        5564 kB
Mlocked:            5564 kB
SwapTotal:       3145724 kB
SwapFree:        3145724 kB
Dirty:               560 kB
Writeback:             0 kB
AnonPages:       1457656 kB
Mapped:           980184 kB
Shmem:             39124 kB
KReclaimable:    1735952 kB
Slab:             272320 kB
SReclaimable:     117400 kB
SUnreclaim:       154920 kB
KernelStack:       50704 kB
PageTables:        71072 kB
NFS_Unstable:          0 kB
Bounce:                0 kB
WritebackTmp:          0 kB
CommitLimit:     9202292 kB
Committed_AS:   77582916 kB
VmallocTotal:   263061440 kB
VmallocUsed:      107984 kB
VmallocChunk:          0 kB
Percpu:             7648 kB
CmaTotal:         294912 kB
CmaFree:               0 kB
MemTotal:       12113136 kB
MemFree:         4256600 kB
MemAvailable:    7606312 kB
Buffers:            6808 kB
Cached:          2519256 kB
SwapCached:            0 kB
Active:          1833312 kB
Inactive:        2146584 kB
Active(anon):    1463000 kB
Inactive(anon):    34432 kB
Active(file):     370312 kB
Inactive(file):  2112152 kB
Unevictable:        5564 kB
Mlocked:            5564 kB
SwapTotal:       3145724 kB
SwapFree:        3145724 kB
Dirty:               576 kB
Writeback:             0 kB
AnonPages:       1459552 kB
Mapped:           980216 kB
Shmem:             39124 kB
KReclaimable:    1735952 kB
Slab:             272320 kB
SReclaimable:     117400 kB
SUnreclaim:       154920 kB
KernelStack:       50752 kB
PageTables:        70864 kB
NFS_Unstable:          0 kB
Bounce:                0 kB
WritebackTmp:          0 kB
CommitLimit:     9202292 kB
Committed_AS:   77568712 kB
VmallocTotal:   263061440 kB
VmallocUsed:      107888 kB
VmallocChunk:          0 kB
Percpu:             7648 kB
CmaTotal:         294912 kB
CmaFree:               0 kB
MemTotal:       12113136 kB
MemFree:         4254812 kB
MemAvailable:    7604536 kB
Buffers:            6808 kB
Cached:          2519268 kB
SwapCached:            0 kB
Active:          1834524 kB
Inactive:        2146592 kB
Active(anon):    1464208 kB
Inactive(anon):    34432 kB
Active(file):     370316 kB
Inactive(file):  2112160 kB
Unevictable:        5564 kB
Mlocked:            5564 kB
SwapTotal:       3145724 kB
SwapFree:        3145724 kB
Dirty:               608 kB
Writeback:             0 kB
AnonPages:       1460516 kB
Mapped:           980236 kB
Shmem:             39124 kB
KReclaimable:    1735952 kB
Slab:             272320 kB
SReclaimable:     117400 kB
SUnreclaim:       154920 kB
KernelStack:       50720 kB
PageTables:        71044 kB
NFS_Unstable:          0 kB
Bounce:                0 kB
WritebackTmp:          0 kB
CommitLimit:     9202292 kB
Committed_AS:   77572760 kB
VmallocTotal:   263061440 kB
VmallocUsed:      107904 kB
