MemTotal:       12113132 kB
MemFree:         6280148 kB
MemAvailable:    7764712 kB
Buffers:            5364 kB
Cached:          1824088 kB
SwapCached:            0 kB
Active:          1585220 kB
Inactive:        1584484 kB
Active(anon):    1346668 kB
Inactive(anon):    25232 kB
Active(file):     238552 kB
Inactive(file):  1559252 kB
Unevictable:        5532 kB
Mlocked:            5532 kB
SwapTotal:       3145724 kB
SwapFree:        3145724 kB
Dirty:               196 kB
Writeback:             0 kB
AnonPages:       1345808 kB
Mapped:           874236 kB
Shmem:             27168 kB
KReclaimable:     555464 kB
Slab:             224612 kB
SReclaimable:      76092 kB
SUnreclaim:       148520 kB
KernelStack:       48896 kB
PageTables:        67692 kB
NFS_Unstable:          0 kB
Bounce:                0 kB
WritebackTmp:          0 kB
CommitLimit:     9202288 kB
Committed_AS:   75049656 kB
VmallocTotal:   263061440 kB
VmallocUsed:      106040 kB
VmallocChunk:          0 kB
Percpu:             7648 kB
CmaTotal:         294912 kB
CmaFree:               0 kB
MemTotal:       12113132 kB
MemFree:         6280160 kB
MemAvailable:    7764796 kB
Buffers:            5364 kB
Cached:          1824160 kB
SwapCached:            0 kB
Active:          1585492 kB
Inactive:        1584532 kB
Active(anon):    1346916 kB
Inactive(anon):    25232 kB
Active(file):     238576 kB
Inactive(file):  1559300 kB
Unevictable:        5532 kB
Mlocked:            5532 kB
SwapTotal:       3145724 kB
SwapFree:        3145724 kB
Dirty:               260 kB
Writeback:             0 kB
AnonPages:       1345908 kB
Mapped:           874292 kB
Shmem:             27168 kB
KReclaimable:     555464 kB
Slab:             224612 kB
SReclaimable:      76092 kB
SUnreclaim:       148520 kB
KernelStack:       48864 kB
PageTables:        67652 kB
NFS_Unstable:          0 kB
Bounce:                0 kB
WritebackTmp:          0 kB
CommitLimit:     9202288 kB
Committed_AS:   75050448 kB
VmallocTotal:   263061440 kB
VmallocUsed:      105992 kB
VmallocChunk:          0 kB
Percpu:             7648 kB
CmaTotal:         294912 kB
CmaFree:              12 kB
MemTotal:       12113132 kB
MemFree:         6278684 kB
MemAvailable:    7763324 kB
Buffers:            5364 kB
Cached:          1824168 kB
SwapCached:            0 kB
Active:          1586560 kB
Inactive:        1584540 kB
Active(anon):    1347984 kB
Inactive(anon):    25236 kB
Active(file):     238576 kB
Inactive(file):  1559304 kB
Unevictable:        5532 kB
Mlocked:            5532 kB
SwapTotal:       3145724 kB
SwapFree:        3145724 kB
Dirty:               316 kB
Writeback:             0 kB
AnonPages:       1347144 kB
Mapped:           874420 kB
Shmem:             27172 kB
KReclaimable:     555464 kB
Slab:             224612 kB
SReclaimable:      76092 kB
SUnreclaim:       148520 kB
KernelStack:       48912 kB
PageTables:        67744 kB
NFS_Unstable:          0 kB
Bounce:                0 kB
WritebackTmp:          0 kB
CommitLimit:     9202288 kB
Committed_AS:   75055228 kB
VmallocTotal:   263061440 kB
VmallocUsed:      106024 kB
VmallocChunk:          0 kB
Percpu:             7648 kB
CmaTotal:         294912 kB
CmaFree:               0 kB
MemTotal:       12113132 kB
MemFree:         6277496 kB
MemAvailable:    7762112 kB
Buffers:            5364 kB
Cached:          1824144 kB
SwapCached:            0 kB
Active:          1586888 kB
Inactive:        1584520 kB
Active(anon):    1348316 kB
Inactive(anon):    25236 kB
Active(file):     238572 kB
Inactive(file):  1559284 kB
Unevictable:        5532 kB
Mlocked:            5532 kB
SwapTotal:       3145724 kB
SwapFree:        3145724 kB
Dirty:               312 kB
Writeback:             0 kB
AnonPages:       1347456 kB
Mapped:           874644 kB
Shmem:             27172 kB
KReclaimable:     555464 kB
Slab:             224620 kB
SReclaimable:      76092 kB
SUnreclaim:       148528 kB
KernelStack:       48848 kB
PageTables:        67576 kB
NFS_Unstable:          0 kB
Bounce:                0 kB
WritebackTmp:          0 kB
CommitLimit:     9202288 kB
Committed_AS:   75044128 kB
VmallocTotal:   263061440 kB
VmallocUsed:      106024 kB
VmallocChunk:          0 kB
Percpu:             7648 kB
CmaTotal:         294912 kB
CmaFree:               0 kB
MemTotal:       12113132 kB
MemFree:         6278036 kB
MemAvailable:    7762704 kB
Buffers:            5364 kB
Cached:          1824196 kB
SwapCached:            0 kB
Active:          1587760 kB
Inactive:        1584568 kB
Active(anon):    1349184 kB
Inactive(anon):    25236 kB
Active(file):     238576 kB
Inactive(file):  1559332 kB
Unevictable:        5532 kB
Mlocked:            5532 kB
SwapTotal:       3145724 kB
SwapFree:        3145724 kB
Dirty:               384 kB
Writeback:             0 kB
AnonPages:       1348348 kB
Mapped:           874420 kB
Shmem:             27172 kB
KReclaimable:     555464 kB
Slab:             224612 kB
SReclaimable:      76092 kB
SUnreclaim:       148520 kB
KernelStack:       48912 kB
PageTables:        67748 kB
NFS_Unstable:          0 kB
Bounce:                0 kB
WritebackTmp:          0 kB
CommitLimit:     9202288 kB
Committed_AS:   75047828 kB
VmallocTotal:   263061440 kB
VmallocUsed:      106040 kB
VmallocChunk:          0 kB
Percpu:             7648 kB
CmaTotal:         294912 kB
CmaFree:               0 kB
MemTotal:       12113132 kB
MemFree:         6274692 kB
MemAvailable:    7759372 kB
Buffers:            5364 kB
Cached:          1824208 kB
SwapCached:            0 kB
Active:          1589272 kB
Inactive:        1584580 kB
Active(anon):    1350696 kB
Inactive(anon):    25236 kB
Active(file):     238576 kB
Inactive(file):  1559344 kB
Unevictable:        5532 kB
Mlocked:            5532 kB
SwapTotal:       3145724 kB
SwapFree:        3145724 kB
Dirty:               396 kB
Writeback:             0 kB
AnonPages:       1349728 kB
Mapped:           874660 kB
Shmem:             27172 kB
KReclaimable:     555464 kB
Slab:             224604 kB
SReclaimable:      76092 kB
SUnreclaim:       148512 kB
KernelStack:       48992 kB
PageTables:        67852 kB
NFS_Unstable:          0 kB
Bounce:                0 kB
WritebackTmp:          0 kB
CommitLimit:     9202288 kB
Committed_AS:   75057248 kB
VmallocTotal:   263061440 kB
VmallocUsed:      106088 kB
VmallocChunk:          0 kB
Percpu:             7648 kB
CmaTotal:         294912 kB
CmaFree:               0 kB
MemTotal:       12113132 kB
MemFree:         6274732 kB
MemAvailable:    7759420 kB
Buffers:            5364 kB
Cached:          1824220 kB
SwapCached:            0 kB
Active:          1589328 kB
Inactive:        1584592 kB
Active(anon):    1350752 kB
Inactive(anon):    25240 kB
Active(file):     238576 kB
Inactive(file):  1559352 kB
Unevictable:        5532 kB
Mlocked:            5532 kB
SwapTotal:       3145724 kB
SwapFree:        3145724 kB
Dirty:               404 kB
Writeback:             0 kB
AnonPages:       1350280 kB
Mapped:           874540 kB
Shmem:             27176 kB
KReclaimable:     555464 kB
Slab:             224636 kB
SReclaimable:      76092 kB
SUnreclaim:       148544 kB
KernelStack:       48880 kB
PageTables:        67676 kB
NFS_Unstable:          0 kB
Bounce:                0 kB
WritebackTmp:          0 kB
CommitLimit:     9202288 kB
Committed_AS:   75058332 kB
VmallocTotal:   263061440 kB
VmallocUsed:      106072 kB
VmallocChunk:          0 kB
Percpu:             7648 kB
CmaTotal:         294912 kB
CmaFree:               0 kB
MemTotal:       12113132 kB
MemFree:         6273612 kB
MemAvailable:    7758308 kB
Buffers:            5364 kB
Cached:          1824228 kB
SwapCached:            0 kB
Active:          1590332 kB
Inactive:        1584600 kB
Active(anon):    1351756 kB
Inactive(anon):    25240 kB
Active(file):     238576 kB
Inactive(file):  1559360 kB
Unevictable:        5532 kB
Mlocked:            5532 kB
SwapTotal:       3145724 kB
SwapFree:        3145724 kB
Dirty:               424 kB
Writeback:             0 kB
AnonPages:       1350116 kB
Mapped:           874780 kB
Shmem:             27176 kB
KReclaimable:     555464 kB
Slab:             224612 kB
SReclaimable:      76092 kB
SUnreclaim:       148520 kB
KernelStack:       48944 kB
PageTables:        67860 kB
NFS_Unstable:          0 kB
Bounce:                0 kB
WritebackTmp:          0 kB
CommitLimit:     9202288 kB
Committed_AS:   75052456 kB
VmallocTotal:   263061440 kB
VmallocUsed:      106088 kB
VmallocChunk:          0 kB
Percpu:             7648 kB
CmaTotal:         294912 kB
CmaFree:               4 kB
MemTotal:       12113132 kB
MemFree:         6273032 kB
MemAvailable:    7757744 kB
Buffers:            5364 kB
Cached:          1824264 kB
SwapCached:            0 kB
Active:          1591016 kB
Inactive:        1584636 kB
Active(anon):    1352440 kB
Inactive(anon):    25260 kB
Active(file):     238576 kB
Inactive(file):  1559376 kB
Unevictable:        5532 kB
Mlocked:            5532 kB
SwapTotal:       3145724 kB
SwapFree:        3145724 kB
Dirty:               444 kB
Writeback:             0 kB
AnonPages:       1351664 kB
Mapped:           874444 kB
Shmem:             27196 kB
KReclaimable:     555464 kB
Slab:             224628 kB
SReclaimable:      76092 kB
SUnreclaim:       148536 kB
KernelStack:       48896 kB
PageTables:        67732 kB
NFS_Unstable:          0 kB
Bounce:                0 kB
WritebackTmp:          0 kB
CommitLimit:     9202288 kB
Committed_AS:   75048928 kB
VmallocTotal:   263061440 kB
VmallocUsed:      106088 kB
VmallocChunk:          0 kB
Percpu:             7648 kB
CmaTotal:         294912 kB
CmaFree:               0 kB
MemTotal:       12113132 kB
MemFree:         6274208 kB
MemAvailable:    7758928 kB
Buffers:            5368 kB
Cached:          1824268 kB
SwapCached:            0 kB
Active:          1590780 kB
Inactive:        1584640 kB
Active(anon):    1352200 kB
Inactive(anon):    25260 kB
Active(file):     238580 kB
Inactive(file):  1559380 kB
Unevictable:        5532 kB
Mlocked:            5532 kB
SwapTotal:       3145724 kB
SwapFree:        3145724 kB
Dirty:               484 kB
Writeback:             0 kB
AnonPages:       1351220 kB
Mapped:           874468 kB
Shmem:             27196 kB
KReclaimable:     555464 kB
Slab:             224620 kB
SReclaimable:      76092 kB
SUnreclaim:       148528 kB
KernelStack:       48896 kB
PageTables:        67436 kB
NFS_Unstable:          0 kB
Bounce:                0 kB
WritebackTmp:          0 kB
CommitLimit:     9202288 kB
Committed_AS:   75043492 kB
VmallocTotal:   263061440 kB
VmallocUsed:      106056 kB
VmallocChunk:          0 kB
Percpu:             7648 kB
CmaTotal:         294912 kB
CmaFree:               0 kB
MemTotal:       12113132 kB
MemFree:         6272644 kB
MemAvailable:    7757400 kB
Buffers:            5368 kB
Cached:          1824308 kB
SwapCached:            0 kB
Active:          1591276 kB
Inactive:        1584680 kB
Active(anon):    1352696 kB
Inactive(anon):    25264 kB
Active(file):     238580 kB
Inactive(file):  1559416 kB
Unevictable:        5532 kB
Mlocked:            5532 kB
SwapTotal:       3145724 kB
SwapFree:        3145724 kB
Dirty:               492 kB
Writeback:             0 kB
AnonPages:       1351852 kB
Mapped:           874448 kB
Shmem:             27200 kB
KReclaimable:     555464 kB
Slab:             224620 kB
SReclaimable:      76092 kB
SUnreclaim:       148528 kB
KernelStack:       48912 kB
PageTables:        67752 kB
NFS_Unstable:          0 kB
Bounce:                0 kB
WritebackTmp:          0 kB
CommitLimit:     9202288 kB
Committed_AS:   75051952 kB
VmallocTotal:   263061440 kB
VmallocUsed:      106104 kB
VmallocChunk:          0 kB
Percpu:             7648 kB
CmaTotal:         294912 kB
CmaFree:               0 kB
MemTotal:       12113132 kB
MemFree:         6271980 kB
MemAvailable:    7756740 kB
Buffers:            5368 kB
Cached:          1824312 kB
SwapCached:            0 kB
Active:          1592096 kB
Inactive:        1584684 kB
Active(anon):    1353516 kB
Inactive(anon):    25264 kB
Active(file):     238580 kB
Inactive(file):  1559420 kB
Unevictable:        5532 kB
Mlocked:            5532 kB
SwapTotal:       3145724 kB
SwapFree:        3145724 kB
Dirty:               500 kB
Writeback:             0 kB
AnonPages:       1352368 kB
Mapped:           874516 kB
Shmem:             27200 kB
KReclaimable:     555464 kB
Slab:             224620 kB
SReclaimable:      76092 kB
SUnreclaim:       148528 kB
KernelStack:       48896 kB
PageTables:        67724 kB
NFS_Unstable:          0 kB
Bounce:                0 kB
WritebackTmp:          0 kB
CommitLimit:     9202288 kB
Committed_AS:   75051908 kB
VmallocTotal:   263061440 kB
VmallocUsed:      106072 kB
VmallocChunk:          0 kB
Percpu:             7648 kB
CmaTotal:         294912 kB
CmaFree:               0 kB
MemTotal:       12113132 kB
MemFree:         6271448 kB
MemAvailable:    7756228 kB
Buffers:            5368 kB
Cached:          1824332 kB
SwapCached:            0 kB
Active:          1592724 kB
Inactive:        1584696 kB
Active(anon):    1354136 kB
Inactive(anon):    25264 kB
Active(file):     238588 kB
Inactive(file):  1559432 kB
Unevictable:        5532 kB
Mlocked:            5532 kB
SwapTotal:       3145724 kB
SwapFree:        3145724 kB
Dirty:               528 kB
Writeback:             0 kB
AnonPages:       1353264 kB
Mapped:           874448 kB
Shmem:             27200 kB
KReclaimable:     555464 kB
Slab:             224620 kB
SReclaimable:      76092 kB
SUnreclaim:       148528 kB
KernelStack:       48912 kB
PageTables:        67780 kB
NFS_Unstable:          0 kB
Bounce:                0 kB
WritebackTmp:          0 kB
CommitLimit:     9202288 kB
Committed_AS:   75049624 kB
VmallocTotal:   263061440 kB
VmallocUsed:      106056 kB
VmallocChunk:          0 kB
Percpu:             7648 kB
CmaTotal:         294912 kB
CmaFree:               0 kB
MemTotal:       12113132 kB
MemFree:         6271020 kB
MemAvailable:    7755808 kB
Buffers:            5368 kB
Cached:          1824340 kB
SwapCached:            0 kB
Active:          1593324 kB
Inactive:        1584704 kB
Active(anon):    1354736 kB
Inactive(anon):    25264 kB
Active(file):     238588 kB
Inactive(file):  1559440 kB
Unevictable:        5532 kB
Mlocked:            5532 kB
SwapTotal:       3145724 kB
SwapFree:        3145724 kB
Dirty:               552 kB
Writeback:             0 kB
AnonPages:       1354092 kB
Mapped:           874376 kB
Shmem:             27200 kB
KReclaimable:     555464 kB
Slab:             224620 kB
SReclaimable:      76092 kB
SUnreclaim:       148528 kB
KernelStack:       48880 kB
PageTables:        67696 kB
NFS_Unstable:          0 kB
Bounce:                0 kB
WritebackTmp:          0 kB
CommitLimit:     9202288 kB
Committed_AS:   75049100 kB
VmallocTotal:   263061440 kB
VmallocUsed:      106088 kB
VmallocChunk:          0 kB
Percpu:             7648 kB
CmaTotal:         294912 kB
CmaFree:               0 kB
MemTotal:       12113132 kB
MemFree:         6269404 kB
MemAvailable:    7754204 kB
Buffers:            5368 kB
Cached:          1824352 kB
SwapCached:            0 kB
Active:          1593588 kB
Inactive:        1584716 kB
Active(anon):    1355000 kB
Inactive(anon):    25264 kB
Active(file):     238588 kB
Inactive(file):  1559452 kB
Unevictable:        5532 kB
Mlocked:            5532 kB
SwapTotal:       3145724 kB
SwapFree:        3145724 kB
Dirty:               560 kB
Writeback:             0 kB
AnonPages:       1353820 kB
Mapped:           874624 kB
Shmem:             27200 kB
KReclaimable:     555464 kB
Slab:             224612 kB
SReclaimable:      76092 kB
SUnreclaim:       148520 kB
KernelStack:       48832 kB
PageTables:        67636 kB
NFS_Unstable:          0 kB
Bounce:                0 kB
WritebackTmp:          0 kB
CommitLimit:     9202288 kB
Committed_AS:   75048468 kB
VmallocTotal:   263061440 kB
VmallocUsed:      106072 kB
VmallocChunk:          0 kB
Percpu:             7648 kB
CmaTotal:         294912 kB
CmaFree:               0 kB
MemTotal:       12113132 kB
MemFree:         6278032 kB
MemAvailable:    7762864 kB
Buffers:            5368 kB
Cached:          1824384 kB
SwapCached:            0 kB
Active:          1584840 kB
Inactive:        1584744 kB
Active(anon):    1346248 kB
Inactive(anon):    25264 kB
Active(file):     238592 kB
Inactive(file):  1559480 kB
Unevictable:        5532 kB
Mlocked:            5532 kB
SwapTotal:       3145724 kB
SwapFree:        3145724 kB
Dirty:               596 kB
Writeback:             0 kB
AnonPages:       1345324 kB
Mapped:           874700 kB
Shmem:             27200 kB
KReclaimable:     555464 kB
Slab:             224620 kB
SReclaimable:      76092 kB
SUnreclaim:       148528 kB
KernelStack:       48916 kB
PageTables:        67568 kB
NFS_Unstable:          0 kB
Bounce:                0 kB
WritebackTmp:          0 kB
CommitLimit:     9202288 kB
Committed_AS:   75055788 kB
VmallocTotal:   263061440 kB
VmallocUsed:      106120 kB
VmallocChunk:          0 kB
Percpu:             7648 kB
CmaTotal:         294912 kB
CmaFree:               0 kB
MemTotal:       12113132 kB
MemFree:         6319140 kB
MemAvailable:    7803960 kB
Buffers:            5368 kB
Cached:          1824372 kB
SwapCached:            0 kB
Active:          1543780 kB
Inactive:        1584736 kB
Active(anon):    1305192 kB
Inactive(anon):    25264 kB
Active(file):     238588 kB
Inactive(file):  1559472 kB
Unevictable:        5532 kB
Mlocked:            5532 kB
SwapTotal:       3145724 kB
SwapFree:        3145724 kB
Dirty:               248 kB
Writeback:             0 kB
AnonPages:       1304248 kB
Mapped:           874460 kB
Shmem:             27200 kB
KReclaimable:     555464 kB
Slab:             224652 kB
SReclaimable:      76092 kB
SUnreclaim:       148560 kB
KernelStack:       48896 kB
PageTables:        67652 kB
NFS_Unstable:          0 kB
Bounce:                0 kB
WritebackTmp:          0 kB
CommitLimit:     9202288 kB
Committed_AS:   75054952 kB
VmallocTotal:   263061440 kB
VmallocUsed:      106056 kB
VmallocChunk:          0 kB
Percpu:             7648 kB
CmaTotal:         294912 kB
CmaFree:               0 kB
MemTotal:       12113132 kB
MemFree:         6318040 kB
MemAvailable:    7802876 kB
Buffers:            5368 kB
Cached:          1824388 kB
SwapCached:            0 kB
Active:          1545668 kB
Inactive:        1584748 kB
Active(anon):    1307076 kB
Inactive(anon):    25264 kB
Active(file):     238592 kB
Inactive(file):  1559484 kB
Unevictable:        5532 kB
Mlocked:            5532 kB
SwapTotal:       3145724 kB
SwapFree:        3145724 kB
Dirty:               304 kB
Writeback:             0 kB
AnonPages:       1306208 kB
Mapped:           874656 kB
Shmem:             27200 kB
KReclaimable:     555464 kB
Slab:             224660 kB
SReclaimable:      76092 kB
SUnreclaim:       148568 kB
KernelStack:       48992 kB
PageTables:        67876 kB
NFS_Unstable:          0 kB
Bounce:                0 kB
WritebackTmp:          0 kB
CommitLimit:     9202288 kB
Committed_AS:   75050148 kB
VmallocTotal:   263061440 kB
VmallocUsed:      106120 kB
VmallocChunk:          0 kB
Percpu:             7648 kB
CmaTotal:         294912 kB
CmaFree:              80 kB
MemTotal:       12113132 kB
MemFree:         6316720 kB
MemAvailable:    7801588 kB
Buffers:            5368 kB
Cached:          1824420 kB
SwapCached:            0 kB
Active:          1546812 kB
Inactive:        1584780 kB
Active(anon):    1308220 kB
Inactive(anon):    25264 kB
Active(file):     238592 kB
Inactive(file):  1559516 kB
Unevictable:        5532 kB
Mlocked:            5532 kB
SwapTotal:       3145724 kB
SwapFree:        3145724 kB
Dirty:               352 kB
Writeback:             0 kB
AnonPages:       1307604 kB
Mapped:           874484 kB
Shmem:             27200 kB
KReclaimable:     555464 kB
Slab:             224660 kB
SReclaimable:      76092 kB
SUnreclaim:       148568 kB
KernelStack:       48928 kB
PageTables:        67812 kB
NFS_Unstable:          0 kB
Bounce:                0 kB
WritebackTmp:          0 kB
CommitLimit:     9202288 kB
Committed_AS:   75058396 kB
VmallocTotal:   263061440 kB
VmallocUsed:      106088 kB
VmallocChunk:          0 kB
Percpu:             7648 kB
CmaTotal:         294912 kB
CmaFree:               0 kB
MemTotal:       12113132 kB
MemFree:         6316280 kB
MemAvailable:    7801148 kB
Buffers:            5368 kB
Cached:          1824420 kB
SwapCached:            0 kB
Active:          1547284 kB
Inactive:        1584784 kB
Active(anon):    1308696 kB
Inactive(anon):    25264 kB
Active(file):     238588 kB
Inactive(file):  1559520 kB
Unevictable:        5532 kB
Mlocked:            5532 kB
SwapTotal:       3145724 kB
SwapFree:        3145724 kB
Dirty:               432 kB
Writeback:             0 kB
AnonPages:       1307996 kB
Mapped:           874520 kB
Shmem:             27200 kB
KReclaimable:     555464 kB
Slab:             224660 kB
SReclaimable:      76092 kB
SUnreclaim:       148568 kB
KernelStack:       48896 kB
PageTables:        67732 kB
NFS_Unstable:          0 kB
Bounce:                0 kB
WritebackTmp:          0 kB
CommitLimit:     9202288 kB
Committed_AS:   75052772 kB
VmallocTotal:   263061440 kB
VmallocUsed:      106072 kB
VmallocChunk:          0 kB
Percpu:             7648 kB
CmaTotal:         294912 kB
CmaFree:               8 kB
MemTotal:       12113132 kB
MemFree:         6315852 kB
MemAvailable:    7800736 kB
Buffers:            5368 kB
Cached:          1824436 kB
SwapCached:            0 kB
Active:          1547868 kB
Inactive:        1584800 kB
Active(anon):    1309280 kB
Inactive(anon):    25264 kB
Active(file):     238588 kB
Inactive(file):  1559536 kB
Unevictable:        5532 kB
Mlocked:            5532 kB
SwapTotal:       3145724 kB
SwapFree:        3145724 kB
Dirty:               452 kB
Writeback:             0 kB
AnonPages:       1308424 kB
Mapped:           874512 kB
Shmem:             27200 kB
KReclaimable:     555464 kB
Slab:             224660 kB
SReclaimable:      76092 kB
SUnreclaim:       148568 kB
KernelStack:       48880 kB
PageTables:        67780 kB
NFS_Unstable:          0 kB
Bounce:                0 kB
WritebackTmp:          0 kB
CommitLimit:     9202288 kB
Committed_AS:   75051700 kB
VmallocTotal:   263061440 kB
VmallocUsed:      106040 kB
VmallocChunk:          0 kB
Percpu:             7648 kB
CmaTotal:         294912 kB
CmaFree:               0 kB
MemTotal:       12113132 kB
MemFree:         6314900 kB
MemAvailable:    7799776 kB
Buffers:            5368 kB
Cached:          1824428 kB
SwapCached:            0 kB
Active:          1548532 kB
Inactive:        1584796 kB
Active(anon):    1309948 kB
Inactive(anon):    25264 kB
Active(file):     238584 kB
Inactive(file):  1559532 kB
Unevictable:        5532 kB
Mlocked:            5532 kB
SwapTotal:       3145724 kB
SwapFree:        3145724 kB
Dirty:               192 kB
Writeback:             0 kB
AnonPages:       1308912 kB
Mapped:           874840 kB
Shmem:             27200 kB
KReclaimable:     555464 kB
Slab:             224620 kB
SReclaimable:      76092 kB
SUnreclaim:       148528 kB
KernelStack:       48864 kB
PageTables:        67784 kB
NFS_Unstable:          0 kB
Bounce:                0 kB
WritebackTmp:          0 kB
CommitLimit:     9202288 kB
Committed_AS:   75055876 kB
VmallocTotal:   263061440 kB
VmallocUsed:      106040 kB
VmallocChunk:          0 kB
Percpu:             7648 kB
CmaTotal:         294912 kB
CmaFree:               0 kB
MemTotal:       12113132 kB
MemFree:         6315640 kB
MemAvailable:    7800540 kB
Buffers:            5368 kB
Cached:          1824452 kB
SwapCached:            0 kB
Active:          1549408 kB
Inactive:        1584816 kB
Active(anon):    1310820 kB
Inactive(anon):    25264 kB
Active(file):     238588 kB
Inactive(file):  1559552 kB
Unevictable:        5532 kB
Mlocked:            5532 kB
SwapTotal:       3145724 kB
SwapFree:        3145724 kB
Dirty:               320 kB
Writeback:             0 kB
AnonPages:       1309964 kB
Mapped:           874528 kB
Shmem:             27200 kB
KReclaimable:     555464 kB
Slab:             224612 kB
SReclaimable:      76092 kB
SUnreclaim:       148520 kB
KernelStack:       48848 kB
PageTables:        67692 kB
NFS_Unstable:          0 kB
Bounce:                0 kB
WritebackTmp:          0 kB
CommitLimit:     9202288 kB
Committed_AS:   75054628 kB
VmallocTotal:   263061440 kB
VmallocUsed:      106056 kB
VmallocChunk:          0 kB
Percpu:             7648 kB
CmaTotal:         294912 kB
CmaFree:               0 kB
MemTotal:       12113132 kB
MemFree:         6302440 kB
MemAvailable:    7787352 kB
Buffers:            5368 kB
Cached:          1824464 kB
SwapCached:            0 kB
Active:          1564084 kB
Inactive:        1584828 kB
Active(anon):    1325496 kB
Inactive(anon):    25264 kB
Active(file):     238588 kB
Inactive(file):  1559564 kB
Unevictable:        5532 kB
Mlocked:            5532 kB
SwapTotal:       3145724 kB
SwapFree:        3145724 kB
Dirty:               336 kB
Writeback:             0 kB
AnonPages:       1320124 kB
Mapped:           874828 kB
Shmem:             27200 kB
KReclaimable:     555464 kB
Slab:             224636 kB
SReclaimable:      76092 kB
SUnreclaim:       148544 kB
KernelStack:       48912 kB
PageTables:        67868 kB
NFS_Unstable:          0 kB
Bounce:                0 kB
WritebackTmp:          0 kB
CommitLimit:     9202288 kB
Committed_AS:   75056332 kB
VmallocTotal:   263061440 kB
VmallocUsed:      106088 kB
VmallocChunk:          0 kB
Percpu:             7648 kB
CmaTotal:         294912 kB
CmaFree:               0 kB
MemTotal:       12113132 kB
MemFree:         6278992 kB
MemAvailable:    7763952 kB
Buffers:            5376 kB
Cached:          1824504 kB
SwapCached:            0 kB
Active:          1586852 kB
Inactive:        1584868 kB
Active(anon):    1348256 kB
Inactive(anon):    25264 kB
Active(file):     238596 kB
Inactive(file):  1559604 kB
Unevictable:        5532 kB
Mlocked:            5532 kB
SwapTotal:       3145724 kB
SwapFree:        3145724 kB
Dirty:               348 kB
Writeback:             0 kB
AnonPages:       1347376 kB
Mapped:           874512 kB
Shmem:             27200 kB
KReclaimable:     555464 kB
Slab:             224620 kB
SReclaimable:      76092 kB
SUnreclaim:       148528 kB
KernelStack:       48848 kB
PageTables:        67780 kB
NFS_Unstable:          0 kB
Bounce:                0 kB
WritebackTmp:          0 kB
CommitLimit:     9202288 kB
Committed_AS:   75054596 kB
VmallocTotal:   263061440 kB
VmallocUsed:      105960 kB
VmallocChunk:          0 kB
Percpu:             7648 kB
CmaTotal:         294912 kB
CmaFree:               0 kB
MemTotal:       12113132 kB
MemFree:         6277592 kB
MemAvailable:    7762568 kB
Buffers:            5376 kB
Cached:          1824520 kB
SwapCached:            0 kB
Active:          1586892 kB
Inactive:        1584880 kB
Active(anon):    1348292 kB
Inactive(anon):    25264 kB
Active(file):     238600 kB
Inactive(file):  1559616 kB
Unevictable:        5532 kB
Mlocked:            5532 kB
SwapTotal:       3145724 kB
SwapFree:        3145724 kB
Dirty:               368 kB
Writeback:             0 kB
AnonPages:       1347112 kB
Mapped:           874596 kB
Shmem:             27200 kB
KReclaimable:     555464 kB
Slab:             224636 kB
SReclaimable:      76092 kB
SUnreclaim:       148544 kB
KernelStack:       48832 kB
PageTables:        67648 kB
NFS_Unstable:          0 kB
Bounce:                0 kB
WritebackTmp:          0 kB
CommitLimit:     9202288 kB
Committed_AS:   75051040 kB
VmallocTotal:   263061440 kB
VmallocUsed:      105960 kB
VmallocChunk:          0 kB
Percpu:             7648 kB
CmaTotal:         294912 kB
CmaFree:              12 kB
MemTotal:       12113132 kB
MemFree:         6271064 kB
MemAvailable:    7756040 kB
Buffers:            5376 kB
Cached:          1824520 kB
SwapCached:            0 kB
Active:          1593000 kB
Inactive:        1584884 kB
Active(anon):    1354404 kB
Inactive(anon):    25264 kB
Active(file):     238596 kB
Inactive(file):  1559620 kB
Unevictable:        5532 kB
Mlocked:            5532 kB
SwapTotal:       3145724 kB
SwapFree:        3145724 kB
Dirty:               192 kB
Writeback:             0 kB
AnonPages:       1353588 kB
Mapped:           874512 kB
Shmem:             27200 kB
KReclaimable:     555464 kB
Slab:             224612 kB
SReclaimable:      76092 kB
SUnreclaim:       148520 kB
KernelStack:       48816 kB
PageTables:        67804 kB
NFS_Unstable:          0 kB
Bounce:                0 kB
WritebackTmp:          0 kB
CommitLimit:     9202288 kB
Committed_AS:   75076040 kB
VmallocTotal:   263061440 kB
VmallocUsed:      105976 kB
VmallocChunk:          0 kB
Percpu:             7648 kB
CmaTotal:         294912 kB
CmaFree:               0 kB
MemTotal:       12113132 kB
MemFree:         6269960 kB
MemAvailable:    7754952 kB
Buffers:            5376 kB
Cached:          1824540 kB
SwapCached:            0 kB
Active:          1593504 kB
Inactive:        1584904 kB
Active(anon):    1354908 kB
Inactive(anon):    25268 kB
Active(file):     238596 kB
Inactive(file):  1559636 kB
Unevictable:        5532 kB
Mlocked:            5532 kB
SwapTotal:       3145724 kB
SwapFree:        3145724 kB
Dirty:               244 kB
Writeback:             0 kB
AnonPages:       1354060 kB
Mapped:           874572 kB
Shmem:             27204 kB
KReclaimable:     555464 kB
Slab:             224628 kB
SReclaimable:      76092 kB
SUnreclaim:       148536 kB
KernelStack:       48868 kB
PageTables:        67584 kB
NFS_Unstable:          0 kB
Bounce:                0 kB
WritebackTmp:          0 kB
CommitLimit:     9202288 kB
Committed_AS:   75065180 kB
VmallocTotal:   263061440 kB
VmallocUsed:      106008 kB
VmallocChunk:          0 kB
Percpu:             7648 kB
CmaTotal:         294912 kB
CmaFree:               0 kB
MemTotal:       12113132 kB
MemFree:         6269788 kB
MemAvailable:    7754788 kB
Buffers:            5376 kB
Cached:          1824548 kB
SwapCached:            0 kB
Active:          1593704 kB
Inactive:        1584916 kB
Active(anon):    1355112 kB
Inactive(anon):    25268 kB
Active(file):     238592 kB
Inactive(file):  1559648 kB
Unevictable:        5532 kB
Mlocked:            5532 kB
SwapTotal:       3145724 kB
SwapFree:        3145724 kB
Dirty:               336 kB
Writeback:             0 kB
AnonPages:       1354184 kB
Mapped:           874764 kB
Shmem:             27204 kB
KReclaimable:     555464 kB
Slab:             224636 kB
SReclaimable:      76092 kB
SUnreclaim:       148544 kB
KernelStack:       48848 kB
PageTables:        67648 kB
NFS_Unstable:          0 kB
Bounce:                0 kB
WritebackTmp:          0 kB
CommitLimit:     9202288 kB
Committed_AS:   75050564 kB
VmallocTotal:   263061440 kB
VmallocUsed:      105976 kB
VmallocChunk:          0 kB
Percpu:             7648 kB
CmaTotal:         294912 kB
CmaFree:               0 kB
MemTotal:       12113132 kB
MemFree:         6267920 kB
MemAvailable:    7752932 kB
Buffers:            5376 kB
Cached:          1824564 kB
SwapCached:            0 kB
Active:          1596240 kB
Inactive:        1584928 kB
Active(anon):    1357644 kB
Inactive(anon):    25272 kB
Active(file):     238596 kB
Inactive(file):  1559656 kB
Unevictable:        5532 kB
Mlocked:            5532 kB
SwapTotal:       3145724 kB
SwapFree:        3145724 kB
Dirty:               388 kB
Writeback:             0 kB
AnonPages:       1356512 kB
Mapped:           874564 kB
Shmem:             27208 kB
KReclaimable:     555464 kB
Slab:             224588 kB
SReclaimable:      76092 kB
SUnreclaim:       148496 kB
KernelStack:       48848 kB
PageTables:        67768 kB
NFS_Unstable:          0 kB
Bounce:                0 kB
WritebackTmp:          0 kB
CommitLimit:     9202288 kB
Committed_AS:   75050848 kB
VmallocTotal:   263061440 kB
VmallocUsed:      106008 kB
VmallocChunk:          0 kB
Percpu:             7648 kB
CmaTotal:         294912 kB
CmaFree:               0 kB
MemTotal:       12113132 kB
MemFree:         6267608 kB
MemAvailable:    7752640 kB
Buffers:            5376 kB
Cached:          1824584 kB
SwapCached:            0 kB
Active:          1595788 kB
Inactive:        1584948 kB
Active(anon):    1357192 kB
Inactive(anon):    25272 kB
Active(file):     238596 kB
Inactive(file):  1559676 kB
Unevictable:        5532 kB
Mlocked:            5532 kB
SwapTotal:       3145724 kB
SwapFree:        3145724 kB
Dirty:               404 kB
Writeback:             0 kB
AnonPages:       1356340 kB
Mapped:           874516 kB
Shmem:             27208 kB
KReclaimable:     555464 kB
Slab:             224628 kB
SReclaimable:      76092 kB
SUnreclaim:       148536 kB
KernelStack:       48816 kB
PageTables:        67704 kB
NFS_Unstable:          0 kB
Bounce:                0 kB
WritebackTmp:          0 kB
CommitLimit:     9202288 kB
Committed_AS:   75039344 kB
VmallocTotal:   263061440 kB
VmallocUsed:      105976 kB
VmallocChunk:          0 kB
Percpu:             7648 kB
CmaTotal:         294912 kB
CmaFree:               0 kB
MemTotal:       12113132 kB
MemFree:         6266404 kB
MemAvailable:    7751440 kB
Buffers:            5376 kB
Cached:          1824588 kB
SwapCached:            0 kB
Active:          1597048 kB
Inactive:        1584952 kB
Active(anon):    1358452 kB
Inactive(anon):    25272 kB
Active(file):     238596 kB
Inactive(file):  1559680 kB
Unevictable:        5532 kB
Mlocked:            5532 kB
SwapTotal:       3145724 kB
SwapFree:        3145724 kB
Dirty:               408 kB
Writeback:             0 kB
AnonPages:       1357160 kB
Mapped:           874772 kB
Shmem:             27208 kB
KReclaimable:     555464 kB
Slab:             224628 kB
SReclaimable:      76092 kB
SUnreclaim:       148536 kB
KernelStack:       48920 kB
PageTables:        67876 kB
NFS_Unstable:          0 kB
Bounce:                0 kB
WritebackTmp:          0 kB
CommitLimit:     9202288 kB
Committed_AS:   75050036 kB
VmallocTotal:   263061440 kB
VmallocUsed:      106040 kB
VmallocChunk:          0 kB
Percpu:             7648 kB
CmaTotal:         294912 kB
CmaFree:               0 kB
MemTotal:       12113132 kB
MemFree:         6267684 kB
MemAvailable:    7752740 kB
Buffers:            5376 kB
Cached:          1824608 kB
SwapCached:            0 kB
Active:          1594180 kB
Inactive:        1584972 kB
Active(anon):    1355584 kB
Inactive(anon):    25272 kB
Active(file):     238596 kB
Inactive(file):  1559700 kB
Unevictable:        5532 kB
Mlocked:            5532 kB
SwapTotal:       3145724 kB
SwapFree:        3145724 kB
Dirty:               444 kB
Writeback:             0 kB
AnonPages:       1354716 kB
Mapped:           874520 kB
Shmem:             27208 kB
KReclaimable:     555464 kB
Slab:             224620 kB
SReclaimable:      76092 kB
SUnreclaim:       148528 kB
KernelStack:       48784 kB
PageTables:        67684 kB
NFS_Unstable:          0 kB
Bounce:                0 kB
WritebackTmp:          0 kB
CommitLimit:     9202288 kB
Committed_AS:   75055632 kB
VmallocTotal:   263061440 kB
VmallocUsed:      106040 kB
VmallocChunk:          0 kB
Percpu:             7648 kB
CmaTotal:         294912 kB
CmaFree:               0 kB
MemTotal:       12113132 kB
MemFree:         6267644 kB
MemAvailable:    7752704 kB
Buffers:            5376 kB
Cached:          1824612 kB
SwapCached:            0 kB
Active:          1594768 kB
Inactive:        1584976 kB
Active(anon):    1356172 kB
Inactive(anon):    25272 kB
Active(file):     238596 kB
Inactive(file):  1559704 kB
Unevictable:        5532 kB
Mlocked:            5532 kB
SwapTotal:       3145724 kB
SwapFree:        3145724 kB
Dirty:               448 kB
Writeback:             0 kB
AnonPages:       1355256 kB
Mapped:           874548 kB
Shmem:             27208 kB
KReclaimable:     555464 kB
Slab:             224620 kB
SReclaimable:      76092 kB
SUnreclaim:       148528 kB
KernelStack:       48816 kB
PageTables:        67780 kB
NFS_Unstable:          0 kB
Bounce:                0 kB
WritebackTmp:          0 kB
CommitLimit:     9202288 kB
Committed_AS:   75054304 kB
VmallocTotal:   263061440 kB
VmallocUsed:      106024 kB
VmallocChunk:          0 kB
Percpu:             7648 kB
CmaTotal:         294912 kB
CmaFree:              20 kB
MemTotal:       12113132 kB
MemFree:         6268044 kB
MemAvailable:    7753136 kB
Buffers:            5376 kB
Cached:          1824644 kB
SwapCached:            0 kB
Active:          1595108 kB
Inactive:        1585008 kB
Active(anon):    1356512 kB
Inactive(anon):    25272 kB
Active(file):     238596 kB
Inactive(file):  1559736 kB
Unevictable:        5532 kB
Mlocked:            5532 kB
SwapTotal:       3145724 kB
SwapFree:        3145724 kB
Dirty:               536 kB
Writeback:             0 kB
AnonPages:       1355680 kB
Mapped:           874540 kB
Shmem:             27208 kB
KReclaimable:     555464 kB
Slab:             224628 kB
SReclaimable:      76092 kB
SUnreclaim:       148536 kB
KernelStack:       48816 kB
PageTables:        67728 kB
NFS_Unstable:          0 kB
Bounce:                0 kB
WritebackTmp:          0 kB
CommitLimit:     9202288 kB
Committed_AS:   75050080 kB
VmallocTotal:   263061440 kB
VmallocUsed:      105992 kB
VmallocChunk:          0 kB
Percpu:             7648 kB
CmaTotal:         294912 kB
CmaFree:               0 kB
MemTotal:       12113132 kB
MemFree:         6266728 kB
MemAvailable:    7751828 kB
Buffers:            5376 kB
Cached:          1824652 kB
SwapCached:            0 kB
Active:          1596372 kB
Inactive:        1585016 kB
Active(anon):    1357776 kB
Inactive(anon):    25272 kB
Active(file):     238596 kB
Inactive(file):  1559744 kB
Unevictable:        5532 kB
Mlocked:            5532 kB
SwapTotal:       3145724 kB
SwapFree:        3145724 kB
Dirty:               544 kB
Writeback:             0 kB
AnonPages:       1356800 kB
Mapped:           874568 kB
Shmem:             27208 kB
KReclaimable:     555464 kB
Slab:             224644 kB
SReclaimable:      76092 kB
SUnreclaim:       148552 kB
KernelStack:       48768 kB
PageTables:        67784 kB
NFS_Unstable:          0 kB
Bounce:                0 kB
WritebackTmp:          0 kB
CommitLimit:     9202288 kB
Committed_AS:   75047876 kB
VmallocTotal:   263061440 kB
VmallocUsed:      105976 kB
VmallocChunk:          0 kB
Percpu:             7648 kB
CmaTotal:         294912 kB
CmaFree:               8 kB
MemTotal:       12113132 kB
MemFree:         6274060 kB
MemAvailable:    7759180 kB
Buffers:            5376 kB
Cached:          1824672 kB
SwapCached:            0 kB
Active:          1588328 kB
Inactive:        1585032 kB
Active(anon):    1349728 kB
Inactive(anon):    25272 kB
Active(file):     238600 kB
Inactive(file):  1559760 kB
Unevictable:        5532 kB
Mlocked:            5532 kB
SwapTotal:       3145724 kB
SwapFree:        3145724 kB
Dirty:               200 kB
Writeback:             0 kB
AnonPages:       1348476 kB
Mapped:           874536 kB
Shmem:             27208 kB
KReclaimable:     555464 kB
Slab:             224620 kB
SReclaimable:      76092 kB
SUnreclaim:       148528 kB
KernelStack:       48896 kB
PageTables:        67976 kB
NFS_Unstable:          0 kB
Bounce:                0 kB
WritebackTmp:          0 kB
CommitLimit:     9202288 kB
Committed_AS:   75054072 kB
VmallocTotal:   263061440 kB
VmallocUsed:      105976 kB
VmallocChunk:          0 kB
Percpu:             7648 kB
CmaTotal:         294912 kB
CmaFree:               0 kB
MemTotal:       12113132 kB
MemFree:         6275116 kB
MemAvailable:    7760228 kB
Buffers:            5376 kB
Cached:          1824664 kB
SwapCached:            0 kB
Active:          1588428 kB
Inactive:        1585028 kB
Active(anon):    1349832 kB
Inactive(anon):    25272 kB
Active(file):     238596 kB
Inactive(file):  1559756 kB
Unevictable:        5532 kB
Mlocked:            5532 kB
SwapTotal:       3145724 kB
SwapFree:        3145724 kB
Dirty:               288 kB
Writeback:             0 kB
AnonPages:       1349404 kB
Mapped:           874800 kB
Shmem:             27208 kB
KReclaimable:     555464 kB
Slab:             224604 kB
SReclaimable:      76092 kB
SUnreclaim:       148512 kB
KernelStack:       48800 kB
PageTables:        67956 kB
NFS_Unstable:          0 kB
Bounce:                0 kB
WritebackTmp:          0 kB
CommitLimit:     9202288 kB
Committed_AS:   75040068 kB
VmallocTotal:   263061440 kB
VmallocUsed:      105960 kB
VmallocChunk:          0 kB
Percpu:             7648 kB
CmaTotal:         294912 kB
CmaFree:              40 kB
MemTotal:       12113132 kB
MemFree:         6273988 kB
MemAvailable:    7759084 kB
Buffers:            5376 kB
Cached:          1824648 kB
SwapCached:            0 kB
Active:          1589228 kB
Inactive:        1585016 kB
Active(anon):    1350636 kB
Inactive(anon):    25272 kB
Active(file):     238592 kB
Inactive(file):  1559744 kB
Unevictable:        5532 kB
Mlocked:            5532 kB
SwapTotal:       3145724 kB
SwapFree:        3145724 kB
Dirty:               300 kB
Writeback:             0 kB
AnonPages:       1349576 kB
Mapped:           874616 kB
Shmem:             27208 kB
KReclaimable:     555464 kB
Slab:             224620 kB
SReclaimable:      76092 kB
SUnreclaim:       148528 kB
KernelStack:       48848 kB
PageTables:        67736 kB
NFS_Unstable:          0 kB
Bounce:                0 kB
WritebackTmp:          0 kB
CommitLimit:     9202288 kB
Committed_AS:   75042120 kB
VmallocTotal:   263061440 kB
VmallocUsed:      106024 kB
VmallocChunk:          0 kB
Percpu:             7648 kB
CmaTotal:         294912 kB
CmaFree:             240 kB
MemTotal:       12113132 kB
MemFree:         6273424 kB
MemAvailable:    7758572 kB
Buffers:            5376 kB
Cached:          1824700 kB
SwapCached:            0 kB
Active:          1590644 kB
Inactive:        1585064 kB
Active(anon):    1352048 kB
Inactive(anon):    25272 kB
Active(file):     238596 kB
Inactive(file):  1559792 kB
Unevictable:        5532 kB
Mlocked:            5532 kB
SwapTotal:       3145724 kB
SwapFree:        3145724 kB
Dirty:               340 kB
Writeback:             0 kB
AnonPages:       1350928 kB
Mapped:           874544 kB
Shmem:             27208 kB
KReclaimable:     555464 kB
Slab:             224604 kB
SReclaimable:      76092 kB
SUnreclaim:       148512 kB
KernelStack:       48848 kB
PageTables:        67848 kB
NFS_Unstable:          0 kB
Bounce:                0 kB
WritebackTmp:          0 kB
CommitLimit:     9202288 kB
Committed_AS:   75043684 kB
VmallocTotal:   263061440 kB
VmallocUsed:      105992 kB
VmallocChunk:          0 kB
Percpu:             7648 kB
CmaTotal:         294912 kB
CmaFree:               0 kB
MemTotal:       12113132 kB
MemFree:         6272080 kB
MemAvailable:    7757252 kB
Buffers:            5380 kB
Cached:          1824724 kB
SwapCached:            0 kB
Active:          1591348 kB
Inactive:        1585092 kB
Active(anon):    1352752 kB
Inactive(anon):    25276 kB
Active(file):     238596 kB
Inactive(file):  1559816 kB
Unevictable:        5532 kB
Mlocked:            5532 kB
SwapTotal:       3145724 kB
SwapFree:        3145724 kB
Dirty:               332 kB
Writeback:             0 kB
AnonPages:       1351528 kB
Mapped:           874428 kB
Shmem:             27212 kB
KReclaimable:     555464 kB
Slab:             224636 kB
SReclaimable:      76092 kB
SUnreclaim:       148544 kB
KernelStack:       48864 kB
PageTables:        67896 kB
NFS_Unstable:          0 kB
Bounce:                0 kB
WritebackTmp:          0 kB
CommitLimit:     9202288 kB
Committed_AS:   75050040 kB
VmallocTotal:   263061440 kB
VmallocUsed:      106024 kB
VmallocChunk:          0 kB
Percpu:             7648 kB
CmaTotal:         294912 kB
CmaFree:             112 kB
MemTotal:       12113132 kB
MemFree:         6312792 kB
MemAvailable:    7797980 kB
Buffers:            5380 kB
Cached:          1824740 kB
SwapCached:            0 kB
Active:          1549504 kB
Inactive:        1585104 kB
Active(anon):    1310904 kB
Inactive(anon):    25276 kB
Active(file):     238600 kB
Inactive(file):  1559828 kB
Unevictable:        5532 kB
Mlocked:            5532 kB
SwapTotal:       3145724 kB
SwapFree:        3145724 kB
Dirty:               388 kB
Writeback:             0 kB
AnonPages:       1309928 kB
Mapped:           874656 kB
Shmem:             27212 kB
KReclaimable:     555464 kB
Slab:             224596 kB
SReclaimable:      76092 kB
SUnreclaim:       148504 kB
KernelStack:       48832 kB
PageTables:        67648 kB
NFS_Unstable:          0 kB
Bounce:                0 kB
WritebackTmp:          0 kB
CommitLimit:     9202288 kB
Committed_AS:   75045984 kB
VmallocTotal:   263061440 kB
VmallocUsed:      105976 kB
VmallocChunk:          0 kB
Percpu:             7648 kB
CmaTotal:         294912 kB
CmaFree:               0 kB
MemTotal:       12113132 kB
MemFree:         6312664 kB
MemAvailable:    7797868 kB
Buffers:            5380 kB
Cached:          1824756 kB
SwapCached:            0 kB
Active:          1550508 kB
Inactive:        1585120 kB
Active(anon):    1311908 kB
Inactive(anon):    25276 kB
Active(file):     238600 kB
Inactive(file):  1559844 kB
Unevictable:        5532 kB
Mlocked:            5532 kB
SwapTotal:       3145724 kB
SwapFree:        3145724 kB
Dirty:               416 kB
Writeback:             0 kB
AnonPages:       1311024 kB
Mapped:           874524 kB
Shmem:             27212 kB
KReclaimable:     555464 kB
Slab:             224620 kB
SReclaimable:      76092 kB
SUnreclaim:       148528 kB
KernelStack:       48832 kB
PageTables:        67760 kB
NFS_Unstable:          0 kB
Bounce:                0 kB
WritebackTmp:          0 kB
CommitLimit:     9202288 kB
Committed_AS:   75055344 kB
VmallocTotal:   263061440 kB
VmallocUsed:      106024 kB
VmallocChunk:          0 kB
Percpu:             7648 kB
CmaTotal:         294912 kB
CmaFree:               0 kB
MemTotal:       12113132 kB
MemFree:         6313260 kB
MemAvailable:    7798460 kB
Buffers:            5380 kB
Cached:          1824752 kB
SwapCached:            0 kB
Active:          1551100 kB
Inactive:        1585116 kB
Active(anon):    1312500 kB
Inactive(anon):    25276 kB
Active(file):     238600 kB
Inactive(file):  1559840 kB
Unevictable:        5532 kB
Mlocked:            5532 kB
SwapTotal:       3145724 kB
SwapFree:        3145724 kB
Dirty:               444 kB
Writeback:             0 kB
AnonPages:       1311332 kB
Mapped:           874520 kB
Shmem:             27212 kB
KReclaimable:     555464 kB
Slab:             224604 kB
SReclaimable:      76092 kB
SUnreclaim:       148512 kB
KernelStack:       48800 kB
PageTables:        67740 kB
NFS_Unstable:          0 kB
Bounce:                0 kB
WritebackTmp:          0 kB
CommitLimit:     9202288 kB
Committed_AS:   75046896 kB
VmallocTotal:   263061440 kB
VmallocUsed:      106024 kB
VmallocChunk:          0 kB
Percpu:             7648 kB
CmaTotal:         294912 kB
CmaFree:               0 kB
MemTotal:       12113132 kB
MemFree:         6311636 kB
MemAvailable:    7796864 kB
Buffers:            5380 kB
Cached:          1824780 kB
SwapCached:            0 kB
Active:          1551912 kB
Inactive:        1585144 kB
Active(anon):    1313312 kB
Inactive(anon):    25276 kB
Active(file):     238600 kB
Inactive(file):  1559868 kB
Unevictable:        5532 kB
Mlocked:            5532 kB
SwapTotal:       3145724 kB
SwapFree:        3145724 kB
Dirty:               456 kB
Writeback:             0 kB
AnonPages:       1312716 kB
Mapped:           874524 kB
Shmem:             27212 kB
KReclaimable:     555464 kB
Slab:             224620 kB
SReclaimable:      76092 kB
SUnreclaim:       148528 kB
KernelStack:       48832 kB
PageTables:        67760 kB
NFS_Unstable:          0 kB
Bounce:                0 kB
WritebackTmp:          0 kB
CommitLimit:     9202288 kB
Committed_AS:   75058160 kB
VmallocTotal:   263061440 kB
VmallocUsed:      106040 kB
VmallocChunk:          0 kB
Percpu:             7648 kB
CmaTotal:         294912 kB
CmaFree:               0 kB
MemTotal:       12113132 kB
MemFree:         6310788 kB
MemAvailable:    7796028 kB
Buffers:            5380 kB
Cached:          1824792 kB
SwapCached:            0 kB
Active:          1552532 kB
Inactive:        1585156 kB
Active(anon):    1313932 kB
Inactive(anon):    25276 kB
Active(file):     238600 kB
Inactive(file):  1559880 kB
Unevictable:        5532 kB
Mlocked:            5532 kB
SwapTotal:       3145724 kB
SwapFree:        3145724 kB
Dirty:               468 kB
Writeback:             0 kB
AnonPages:       1312648 kB
Mapped:           874852 kB
Shmem:             27212 kB
KReclaimable:     555464 kB
Slab:             224604 kB
SReclaimable:      76092 kB
SUnreclaim:       148512 kB
KernelStack:       48832 kB
PageTables:        67880 kB
NFS_Unstable:          0 kB
Bounce:                0 kB
WritebackTmp:          0 kB
CommitLimit:     9202288 kB
Committed_AS:   75053028 kB
VmallocTotal:   263061440 kB
VmallocUsed:      106008 kB
VmallocChunk:          0 kB
Percpu:             7648 kB
CmaTotal:         294912 kB
CmaFree:              20 kB
MemTotal:       12113132 kB
MemFree:         6311652 kB
MemAvailable:    7796904 kB
Buffers:            5380 kB
Cached:          1824804 kB
SwapCached:            0 kB
Active:          1553452 kB
Inactive:        1585168 kB
Active(anon):    1314852 kB
Inactive(anon):    25276 kB
Active(file):     238600 kB
Inactive(file):  1559892 kB
Unevictable:        5532 kB
Mlocked:            5532 kB
SwapTotal:       3145724 kB
SwapFree:        3145724 kB
Dirty:               484 kB
Writeback:             0 kB
AnonPages:       1314060 kB
Mapped:           874508 kB
Shmem:             27212 kB
KReclaimable:     555464 kB
Slab:             224616 kB
SReclaimable:      76092 kB
SUnreclaim:       148524 kB
KernelStack:       48800 kB
PageTables:        67704 kB
NFS_Unstable:          0 kB
Bounce:                0 kB
WritebackTmp:          0 kB
CommitLimit:     9202288 kB
Committed_AS:   75058628 kB
VmallocTotal:   263061440 kB
VmallocUsed:      106008 kB
VmallocChunk:          0 kB
Percpu:             7648 kB
CmaTotal:         294912 kB
CmaFree:               0 kB
MemTotal:       12113132 kB
MemFree:         6310804 kB
MemAvailable:    7796068 kB
Buffers:            5380 kB
Cached:          1824816 kB
SwapCached:            0 kB
Active:          1553780 kB
Inactive:        1585180 kB
Active(anon):    1315180 kB
Inactive(anon):    25276 kB
Active(file):     238600 kB
Inactive(file):  1559904 kB
Unevictable:        5532 kB
Mlocked:            5532 kB
SwapTotal:       3145724 kB
SwapFree:        3145724 kB
Dirty:               512 kB
Writeback:             0 kB
AnonPages:       1314172 kB
Mapped:           874524 kB
Shmem:             27212 kB
KReclaimable:     555464 kB
Slab:             224616 kB
SReclaimable:      76092 kB
SUnreclaim:       148524 kB
KernelStack:       48832 kB
PageTables:        67796 kB
NFS_Unstable:          0 kB
Bounce:                0 kB
WritebackTmp:          0 kB
CommitLimit:     9202288 kB
Committed_AS:   75053892 kB
VmallocTotal:   263061440 kB
VmallocUsed:      106008 kB
VmallocChunk:          0 kB
Percpu:             7648 kB
CmaTotal:         294912 kB
CmaFree:               0 kB
MemTotal:       12113132 kB
MemFree:         6310004 kB
MemAvailable:    7795248 kB
Buffers:            5380 kB
Cached:          1824796 kB
SwapCached:            0 kB
Active:          1554228 kB
Inactive:        1585164 kB
Active(anon):    1315632 kB
Inactive(anon):    25276 kB
Active(file):     238596 kB
Inactive(file):  1559888 kB
Unevictable:        5532 kB
Mlocked:            5532 kB
SwapTotal:       3145724 kB
SwapFree:        3145724 kB
Dirty:               512 kB
Writeback:             0 kB
AnonPages:       1314620 kB
Mapped:           874596 kB
Shmem:             27212 kB
KReclaimable:     555464 kB
Slab:             224616 kB
SReclaimable:      76092 kB
SUnreclaim:       148524 kB
KernelStack:       48832 kB
PageTables:        67744 kB
NFS_Unstable:          0 kB
Bounce:                0 kB
WritebackTmp:          0 kB
CommitLimit:     9202288 kB
Committed_AS:   75058204 kB
VmallocTotal:   263061440 kB
VmallocUsed:      106008 kB
VmallocChunk:          0 kB
Percpu:             7648 kB
CmaTotal:         294912 kB
CmaFree:               0 kB
MemTotal:       12113132 kB
MemFree:         6309860 kB
MemAvailable:    7795140 kB
Buffers:            5380 kB
Cached:          1824832 kB
SwapCached:            0 kB
Active:          1554020 kB
Inactive:        1585196 kB
Active(anon):    1315420 kB
Inactive(anon):    25276 kB
Active(file):     238600 kB
Inactive(file):  1559920 kB
Unevictable:        5532 kB
Mlocked:            5532 kB
SwapTotal:       3145724 kB
SwapFree:        3145724 kB
Dirty:               556 kB
Writeback:             0 kB
AnonPages:       1314456 kB
Mapped:           874592 kB
Shmem:             27212 kB
KReclaimable:     555464 kB
Slab:             224632 kB
SReclaimable:      76092 kB
SUnreclaim:       148540 kB
KernelStack:       48784 kB
PageTables:        67672 kB
NFS_Unstable:          0 kB
Bounce:                0 kB
WritebackTmp:          0 kB
CommitLimit:     9202288 kB
Committed_AS:   75051272 kB
VmallocTotal:   263061440 kB
VmallocUsed:      106040 kB
VmallocChunk:          0 kB
Percpu:             7648 kB
CmaTotal:         294912 kB
CmaFree:              96 kB
MemTotal:       12113132 kB
MemFree:         6308408 kB
MemAvailable:    7793712 kB
Buffers:            5380 kB
Cached:          1824852 kB
SwapCached:            0 kB
Active:          1555212 kB
Inactive:        1585216 kB
Active(anon):    1316612 kB
Inactive(anon):    25276 kB
Active(file):     238600 kB
Inactive(file):  1559940 kB
Unevictable:        5532 kB
Mlocked:            5532 kB
SwapTotal:       3145724 kB
SwapFree:        3145724 kB
Dirty:               588 kB
Writeback:             0 kB
AnonPages:       1315756 kB
Mapped:           874524 kB
Shmem:             27212 kB
KReclaimable:     555468 kB
Slab:             224620 kB
SReclaimable:      76096 kB
SUnreclaim:       148524 kB
KernelStack:       48784 kB
PageTables:        67688 kB
NFS_Unstable:          0 kB
Bounce:                0 kB
WritebackTmp:          0 kB
CommitLimit:     9202288 kB
Committed_AS:   75059376 kB
VmallocTotal:   263061440 kB
VmallocUsed:      106040 kB
VmallocChunk:          0 kB
Percpu:             7648 kB
CmaTotal:         294912 kB
CmaFree:               0 kB
MemTotal:       12113132 kB
MemFree:         6307696 kB
MemAvailable:    7793004 kB
Buffers:            5380 kB
Cached:          1824856 kB
SwapCached:            0 kB
Active:          1556040 kB
Inactive:        1585220 kB
Active(anon):    1317440 kB
Inactive(anon):    25276 kB
Active(file):     238600 kB
Inactive(file):  1559944 kB
Unevictable:        5532 kB
Mlocked:            5532 kB
SwapTotal:       3145724 kB
SwapFree:        3145724 kB
Dirty:               600 kB
Writeback:             0 kB
AnonPages:       1316344 kB
Mapped:           874532 kB
Shmem:             27212 kB
KReclaimable:     555468 kB
Slab:             224596 kB
SReclaimable:      76096 kB
SUnreclaim:       148500 kB
KernelStack:       48848 kB
PageTables:        67792 kB
NFS_Unstable:          0 kB
Bounce:                0 kB
WritebackTmp:          0 kB
CommitLimit:     9202288 kB
Committed_AS:   75050960 kB
VmallocTotal:   263061440 kB
VmallocUsed:      105992 kB
VmallocChunk:          0 kB
Percpu:             7648 kB
CmaTotal:         294912 kB
CmaFree:               0 kB
MemTotal:       12113132 kB
MemFree:         6306712 kB
MemAvailable:    7792032 kB
Buffers:            5380 kB
Cached:          1824868 kB
SwapCached:            0 kB
Active:          1556820 kB
Inactive:        1585232 kB
Active(anon):    1318220 kB
Inactive(anon):    25276 kB
Active(file):     238600 kB
Inactive(file):  1559956 kB
Unevictable:        5532 kB
Mlocked:            5532 kB
SwapTotal:       3145724 kB
SwapFree:        3145724 kB
Dirty:               632 kB
Writeback:             0 kB
AnonPages:       1317384 kB
Mapped:           874524 kB
Shmem:             27212 kB
KReclaimable:     555468 kB
Slab:             224612 kB
SReclaimable:      76096 kB
SUnreclaim:       148516 kB
KernelStack:       48832 kB
PageTables:        67756 kB
NFS_Unstable:          0 kB
Bounce:                0 kB
WritebackTmp:          0 kB
CommitLimit:     9202288 kB
Committed_AS:   75055908 kB
VmallocTotal:   263061440 kB
VmallocUsed:      106024 kB
VmallocChunk:          0 kB
Percpu:             7648 kB
CmaTotal:         294912 kB
CmaFree:               0 kB
MemTotal:       12113132 kB
MemFree:         6305760 kB
MemAvailable:    7791080 kB
Buffers:            5380 kB
Cached:          1824868 kB
SwapCached:            0 kB
Active:          1557152 kB
Inactive:        1585232 kB
Active(anon):    1318552 kB
Inactive(anon):    25276 kB
Active(file):     238600 kB
Inactive(file):  1559956 kB
Unevictable:        5532 kB
Mlocked:            5532 kB
SwapTotal:       3145724 kB
SwapFree:        3145724 kB
Dirty:               632 kB
Writeback:             0 kB
AnonPages:       1317284 kB
Mapped:           874744 kB
Shmem:             27212 kB
KReclaimable:     555468 kB
Slab:             224604 kB
SReclaimable:      76096 kB
SUnreclaim:       148508 kB
KernelStack:       48784 kB
PageTables:        67432 kB
NFS_Unstable:          0 kB
Bounce:                0 kB
WritebackTmp:          0 kB
CommitLimit:     9202288 kB
Committed_AS:   75055372 kB
VmallocTotal:   263061440 kB
VmallocUsed:      105992 kB
VmallocChunk:          0 kB
Percpu:             7648 kB
CmaTotal:         294912 kB
CmaFree:               0 kB
MemTotal:       12113132 kB
MemFree:         6287344 kB
MemAvailable:    7772692 kB
Buffers:            5380 kB
Cached:          1824896 kB
SwapCached:            0 kB
Active:          1576992 kB
Inactive:        1585260 kB
Active(anon):    1338392 kB
Inactive(anon):    25276 kB
Active(file):     238600 kB
Inactive(file):  1559984 kB
Unevictable:        5532 kB
Mlocked:            5532 kB
SwapTotal:       3145724 kB
SwapFree:        3145724 kB
Dirty:               660 kB
Writeback:             0 kB
AnonPages:       1337580 kB
Mapped:           874524 kB
Shmem:             27212 kB
KReclaimable:     555468 kB
Slab:             224612 kB
SReclaimable:      76096 kB
SUnreclaim:       148516 kB
KernelStack:       48816 kB
PageTables:        67732 kB
NFS_Unstable:          0 kB
Bounce:                0 kB
WritebackTmp:          0 kB
CommitLimit:     9202288 kB
Committed_AS:   75048344 kB
VmallocTotal:   263061440 kB
VmallocUsed:      105992 kB
VmallocChunk:          0 kB
Percpu:             7648 kB
CmaTotal:         294912 kB
CmaFree:               0 kB
MemTotal:       12113132 kB
MemFree:         6286352 kB
MemAvailable:    7771720 kB
Buffers:            5384 kB
Cached:          1824912 kB
SwapCached:            0 kB
Active:          1576936 kB
Inactive:        1585280 kB
Active(anon):    1338336 kB
Inactive(anon):    25276 kB
Active(file):     238600 kB
Inactive(file):  1560004 kB
Unevictable:        5532 kB
Mlocked:            5532 kB
SwapTotal:       3145724 kB
SwapFree:        3145724 kB
Dirty:               668 kB
Writeback:             0 kB
AnonPages:       1337660 kB
Mapped:           874500 kB
Shmem:             27212 kB
KReclaimable:     555468 kB
Slab:             224620 kB
SReclaimable:      76096 kB
SUnreclaim:       148524 kB
KernelStack:       48848 kB
PageTables:        67900 kB
NFS_Unstable:          0 kB
Bounce:                0 kB
WritebackTmp:          0 kB
CommitLimit:     9202288 kB
Committed_AS:   75043956 kB
VmallocTotal:   263061440 kB
VmallocUsed:      105976 kB
VmallocChunk:          0 kB
Percpu:             7648 kB
CmaTotal:         294912 kB
CmaFree:               0 kB
MemTotal:       12113132 kB
MemFree:         6273552 kB
MemAvailable:    7758944 kB
Buffers:            5384 kB
Cached:          1824936 kB
SwapCached:            0 kB
Active:          1589792 kB
Inactive:        1585300 kB
Active(anon):    1351188 kB
Inactive(anon):    25276 kB
Active(file):     238604 kB
Inactive(file):  1560024 kB
Unevictable:        5532 kB
Mlocked:            5532 kB
SwapTotal:       3145724 kB
SwapFree:        3145724 kB
Dirty:               208 kB
Writeback:             0 kB
AnonPages:       1350408 kB
Mapped:           874524 kB
Shmem:             27212 kB
KReclaimable:     555468 kB
Slab:             224612 kB
SReclaimable:      76096 kB
SUnreclaim:       148516 kB
KernelStack:       48800 kB
PageTables:        67700 kB
NFS_Unstable:          0 kB
Bounce:                0 kB
WritebackTmp:          0 kB
CommitLimit:     9202288 kB
Committed_AS:   75051820 kB
VmallocTotal:   263061440 kB
VmallocUsed:      105976 kB
VmallocChunk:          0 kB
Percpu:             7648 kB
CmaTotal:         294912 kB
CmaFree:              16 kB
MemTotal:       12113132 kB
MemFree:         6278660 kB
MemAvailable:    7764056 kB
Buffers:            5384 kB
Cached:          1824692 kB
SwapCached:            0 kB
Active:          1583556 kB
Inactive:        1585056 kB
Active(anon):    1344952 kB
Inactive(anon):    25028 kB
Active(file):     238604 kB
Inactive(file):  1560028 kB
Unevictable:        5532 kB
Mlocked:            5532 kB
SwapTotal:       3145724 kB
SwapFree:        3145724 kB
Dirty:               248 kB
Writeback:             0 kB
AnonPages:       1343528 kB
Mapped:           874532 kB
Shmem:             26964 kB
KReclaimable:     555468 kB
Slab:             224572 kB
SReclaimable:      76096 kB
SUnreclaim:       148476 kB
KernelStack:       48852 kB
PageTables:        67728 kB
NFS_Unstable:          0 kB
Bounce:                0 kB
WritebackTmp:          0 kB
CommitLimit:     9202288 kB
Committed_AS:   75066848 kB
VmallocTotal:   263061440 kB
VmallocUsed:      106008 kB
VmallocChunk:          0 kB
Percpu:             7648 kB
CmaTotal:         294912 kB
CmaFree:               0 kB
MemTotal:       12113132 kB
MemFree:         6278316 kB
MemAvailable:    7763736 kB
Buffers:            5384 kB
Cached:          1824964 kB
SwapCached:            0 kB
Active:          1584376 kB
Inactive:        1585328 kB
Active(anon):    1345772 kB
Inactive(anon):    25276 kB
Active(file):     238604 kB
Inactive(file):  1560052 kB
Unevictable:        5532 kB
Mlocked:            5532 kB
SwapTotal:       3145724 kB
SwapFree:        3145724 kB
Dirty:               296 kB
Writeback:             0 kB
AnonPages:       1345016 kB
Mapped:           874680 kB
Shmem:             27212 kB
KReclaimable:     555468 kB
Slab:             224740 kB
SReclaimable:      76096 kB
SUnreclaim:       148644 kB
KernelStack:       48832 kB
PageTables:        67628 kB
NFS_Unstable:          0 kB
Bounce:                0 kB
WritebackTmp:          0 kB
CommitLimit:     9202288 kB
Committed_AS:   75067364 kB
VmallocTotal:   263061440 kB
VmallocUsed:      105960 kB
VmallocChunk:          0 kB
Percpu:             7648 kB
CmaTotal:         294912 kB
CmaFree:               4 kB
MemTotal:       12113132 kB
MemFree:         6287636 kB
MemAvailable:    7773056 kB
Buffers:            5384 kB
Cached:          1824964 kB
SwapCached:            0 kB
Active:          1575992 kB
Inactive:        1585328 kB
Active(anon):    1337388 kB
Inactive(anon):    25276 kB
Active(file):     238604 kB
Inactive(file):  1560052 kB
Unevictable:        5532 kB
Mlocked:            5532 kB
SwapTotal:       3145724 kB
SwapFree:        3145724 kB
Dirty:               340 kB
Writeback:             0 kB
AnonPages:       1336552 kB
Mapped:           874520 kB
Shmem:             27212 kB
KReclaimable:     555468 kB
Slab:             224604 kB
SReclaimable:      76096 kB
SUnreclaim:       148508 kB
KernelStack:       48832 kB
PageTables:        67796 kB
NFS_Unstable:          0 kB
Bounce:                0 kB
WritebackTmp:          0 kB
CommitLimit:     9202288 kB
Committed_AS:   75066208 kB
VmallocTotal:   263061440 kB
VmallocUsed:      105976 kB
VmallocChunk:          0 kB
Percpu:             7648 kB
CmaTotal:         294912 kB
CmaFree:               0 kB
MemTotal:       12113132 kB
MemFree:         6286744 kB
MemAvailable:    7772176 kB
Buffers:            5384 kB
Cached:          1824976 kB
SwapCached:            0 kB
Active:          1577060 kB
Inactive:        1585340 kB
Active(anon):    1338456 kB
Inactive(anon):    25276 kB
Active(file):     238604 kB
Inactive(file):  1560064 kB
Unevictable:        5532 kB
Mlocked:            5532 kB
SwapTotal:       3145724 kB
SwapFree:        3145724 kB
Dirty:               360 kB
Writeback:             0 kB
AnonPages:       1337604 kB
Mapped:           874524 kB
Shmem:             27212 kB
KReclaimable:     555468 kB
Slab:             224612 kB
SReclaimable:      76096 kB
SUnreclaim:       148516 kB
KernelStack:       48800 kB
PageTables:        67704 kB
NFS_Unstable:          0 kB
Bounce:                0 kB
WritebackTmp:          0 kB
CommitLimit:     9202288 kB
Committed_AS:   75066984 kB
VmallocTotal:   263061440 kB
VmallocUsed:      105976 kB
VmallocChunk:          0 kB
Percpu:             7648 kB
CmaTotal:         294912 kB
CmaFree:               0 kB
MemTotal:       12113132 kB
MemFree:         6286288 kB
MemAvailable:    7771728 kB
Buffers:            5384 kB
Cached:          1824984 kB
SwapCached:            0 kB
Active:          1577604 kB
Inactive:        1585348 kB
Active(anon):    1339000 kB
Inactive(anon):    25276 kB
Active(file):     238604 kB
Inactive(file):  1560072 kB
Unevictable:        5532 kB
Mlocked:            5532 kB
SwapTotal:       3145724 kB
SwapFree:        3145724 kB
Dirty:               412 kB
Writeback:             0 kB
AnonPages:       1338204 kB
Mapped:           874524 kB
Shmem:             27212 kB
KReclaimable:     555468 kB
Slab:             224620 kB
SReclaimable:      76096 kB
SUnreclaim:       148524 kB
KernelStack:       48800 kB
PageTables:        67756 kB
NFS_Unstable:          0 kB
Bounce:                0 kB
WritebackTmp:          0 kB
CommitLimit:     9202288 kB
Committed_AS:   75066280 kB
VmallocTotal:   263061440 kB
VmallocUsed:      105992 kB
VmallocChunk:          0 kB
Percpu:             7648 kB
CmaTotal:         294912 kB
CmaFree:               0 kB
MemTotal:       12113132 kB
MemFree:         6292108 kB
MemAvailable:    7777560 kB
Buffers:            5384 kB
Cached:          1824996 kB
SwapCached:            0 kB
Active:          1569300 kB
Inactive:        1585360 kB
Active(anon):    1330696 kB
Inactive(anon):    25276 kB
Active(file):     238604 kB
Inactive(file):  1560084 kB
Unevictable:        5532 kB
Mlocked:            5532 kB
SwapTotal:       3145724 kB
SwapFree:        3145724 kB
Dirty:               296 kB
Writeback:             0 kB
AnonPages:       1329836 kB
Mapped:           874740 kB
Shmem:             27212 kB
KReclaimable:     555468 kB
Slab:             224572 kB
SReclaimable:      76096 kB
SUnreclaim:       148476 kB
KernelStack:       48816 kB
PageTables:        67728 kB
NFS_Unstable:          0 kB
Bounce:                0 kB
WritebackTmp:          0 kB
CommitLimit:     9202288 kB
Committed_AS:   75066388 kB
VmallocTotal:   263061440 kB
VmallocUsed:      106008 kB
VmallocChunk:          0 kB
Percpu:             7648 kB
CmaTotal:         294912 kB
CmaFree:               0 kB
MemTotal:       12113132 kB
MemFree:         6293784 kB
MemAvailable:    7779244 kB
Buffers:            5384 kB
Cached:          1825004 kB
SwapCached:            0 kB
Active:          1569908 kB
Inactive:        1585368 kB
Active(anon):    1331304 kB
Inactive(anon):    25276 kB
Active(file):     238604 kB
Inactive(file):  1560092 kB
Unevictable:        5532 kB
Mlocked:            5532 kB
SwapTotal:       3145724 kB
SwapFree:        3145724 kB
Dirty:               312 kB
Writeback:             0 kB
AnonPages:       1330360 kB
Mapped:           874796 kB
Shmem:             27212 kB
KReclaimable:     555468 kB
Slab:             224588 kB
SReclaimable:      76096 kB
SUnreclaim:       148492 kB
KernelStack:       48816 kB
PageTables:        67652 kB
NFS_Unstable:          0 kB
Bounce:                0 kB
WritebackTmp:          0 kB
CommitLimit:     9202288 kB
Committed_AS:   75065432 kB
VmallocTotal:   263061440 kB
VmallocUsed:      105992 kB
VmallocChunk:          0 kB
Percpu:             7648 kB
CmaTotal:         294912 kB
CmaFree:             224 kB
MemTotal:       12113132 kB
MemFree:         6293156 kB
MemAvailable:    7778640 kB
Buffers:            5384 kB
Cached:          1825032 kB
SwapCached:            0 kB
Active:          1570704 kB
Inactive:        1585396 kB
Active(anon):    1332100 kB
Inactive(anon):    25280 kB
Active(file):     238604 kB
Inactive(file):  1560116 kB
Unevictable:        5532 kB
Mlocked:            5532 kB
SwapTotal:       3145724 kB
SwapFree:        3145724 kB
Dirty:               368 kB
Writeback:             0 kB
AnonPages:       1331028 kB
Mapped:           874656 kB
Shmem:             27216 kB
KReclaimable:     555468 kB
Slab:             224580 kB
SReclaimable:      76096 kB
SUnreclaim:       148484 kB
KernelStack:       48832 kB
PageTables:        67780 kB
NFS_Unstable:          0 kB
Bounce:                0 kB
WritebackTmp:          0 kB
CommitLimit:     9202288 kB
Committed_AS:   75065284 kB
VmallocTotal:   263061440 kB
VmallocUsed:      106024 kB
VmallocChunk:          0 kB
Percpu:             7648 kB
CmaTotal:         294912 kB
CmaFree:               0 kB
MemTotal:       12113132 kB
MemFree:         6293808 kB
MemAvailable:    7779304 kB
Buffers:            5384 kB
Cached:          1825044 kB
SwapCached:            0 kB
Active:          1570808 kB
Inactive:        1585408 kB
Active(anon):    1332204 kB
Inactive(anon):    25280 kB
Active(file):     238604 kB
Inactive(file):  1560128 kB
Unevictable:        5532 kB
Mlocked:            5532 kB
SwapTotal:       3145724 kB
SwapFree:        3145724 kB
Dirty:               388 kB
Writeback:             0 kB
AnonPages:       1331232 kB
Mapped:           874800 kB
Shmem:             27216 kB
KReclaimable:     555468 kB
Slab:             224548 kB
SReclaimable:      76096 kB
SUnreclaim:       148452 kB
KernelStack:       48832 kB
PageTables:        67780 kB
NFS_Unstable:          0 kB
Bounce:                0 kB
WritebackTmp:          0 kB
CommitLimit:     9202288 kB
Committed_AS:   75047952 kB
VmallocTotal:   263061440 kB
VmallocUsed:      105976 kB
VmallocChunk:          0 kB
Percpu:             7648 kB
CmaTotal:         294912 kB
CmaFree:               0 kB
MemTotal:       12113132 kB
MemFree:         6292564 kB
MemAvailable:    7778072 kB
Buffers:            5384 kB
Cached:          1825056 kB
SwapCached:            0 kB
Active:          1571832 kB
Inactive:        1585416 kB
Active(anon):    1333224 kB
Inactive(anon):    25280 kB
Active(file):     238608 kB
Inactive(file):  1560136 kB
Unevictable:        5532 kB
Mlocked:            5532 kB
SwapTotal:       3145724 kB
SwapFree:        3145724 kB
Dirty:               204 kB
Writeback:             0 kB
AnonPages:       1332364 kB
Mapped:           874604 kB
Shmem:             27216 kB
KReclaimable:     555468 kB
Slab:             224580 kB
SReclaimable:      76096 kB
SUnreclaim:       148484 kB
KernelStack:       48832 kB
PageTables:        67760 kB
NFS_Unstable:          0 kB
Bounce:                0 kB
WritebackTmp:          0 kB
CommitLimit:     9202288 kB
Committed_AS:   75051872 kB
VmallocTotal:   263061440 kB
VmallocUsed:      105992 kB
VmallocChunk:          0 kB
Percpu:             7648 kB
CmaTotal:         294912 kB
CmaFree:               0 kB
MemTotal:       12113132 kB
MemFree:         6291328 kB
MemAvailable:    7776836 kB
Buffers:            5384 kB
Cached:          1825056 kB
SwapCached:            0 kB
Active:          1571808 kB
Inactive:        1585416 kB
Active(anon):    1333200 kB
Inactive(anon):    25280 kB
Active(file):     238608 kB
Inactive(file):  1560136 kB
Unevictable:        5532 kB
Mlocked:            5532 kB
SwapTotal:       3145724 kB
SwapFree:        3145724 kB
Dirty:               260 kB
Writeback:             0 kB
AnonPages:       1332776 kB
Mapped:           874808 kB
Shmem:             27216 kB
KReclaimable:     555468 kB
Slab:             224580 kB
SReclaimable:      76096 kB
SUnreclaim:       148484 kB
KernelStack:       48832 kB
PageTables:        67836 kB
NFS_Unstable:          0 kB
Bounce:                0 kB
WritebackTmp:          0 kB
CommitLimit:     9202288 kB
Committed_AS:   75055968 kB
VmallocTotal:   263061440 kB
VmallocUsed:      105928 kB
VmallocChunk:          0 kB
Percpu:             7648 kB
CmaTotal:         294912 kB
CmaFree:               0 kB
MemTotal:       12113132 kB
MemFree:         6290376 kB
MemAvailable:    7775908 kB
Buffers:            5384 kB
Cached:          1825080 kB
SwapCached:            0 kB
Active:          1572836 kB
Inactive:        1585440 kB
Active(anon):    1334228 kB
Inactive(anon):    25280 kB
Active(file):     238608 kB
Inactive(file):  1560160 kB
Unevictable:        5532 kB
Mlocked:            5532 kB
SwapTotal:       3145724 kB
SwapFree:        3145724 kB
Dirty:               320 kB
Writeback:             0 kB
AnonPages:       1333376 kB
Mapped:           874552 kB
Shmem:             27216 kB
KReclaimable:     555468 kB
Slab:             224580 kB
SReclaimable:      76096 kB
SUnreclaim:       148484 kB
KernelStack:       48784 kB
PageTables:        67708 kB
NFS_Unstable:          0 kB
Bounce:                0 kB
WritebackTmp:          0 kB
CommitLimit:     9202288 kB
Committed_AS:   75057284 kB
VmallocTotal:   263061440 kB
VmallocUsed:      105960 kB
VmallocChunk:          0 kB
Percpu:             7648 kB
CmaTotal:         294912 kB
CmaFree:               0 kB
MemTotal:       12113132 kB
MemFree:         6291508 kB
MemAvailable:    7777040 kB
Buffers:            5384 kB
Cached:          1825080 kB
SwapCached:            0 kB
Active:          1572976 kB
Inactive:        1585440 kB
Active(anon):    1334368 kB
Inactive(anon):    25280 kB
Active(file):     238608 kB
Inactive(file):  1560160 kB
Unevictable:        5532 kB
Mlocked:            5532 kB
SwapTotal:       3145724 kB
SwapFree:        3145724 kB
Dirty:               324 kB
Writeback:             0 kB
AnonPages:       1333992 kB
Mapped:           874768 kB
Shmem:             27216 kB
KReclaimable:     555468 kB
Slab:             224596 kB
SReclaimable:      76096 kB
SUnreclaim:       148500 kB
KernelStack:       48748 kB
PageTables:        67456 kB
NFS_Unstable:          0 kB
Bounce:                0 kB
WritebackTmp:          0 kB
CommitLimit:     9202288 kB
Committed_AS:   75044096 kB
VmallocTotal:   263061440 kB
VmallocUsed:      105912 kB
VmallocChunk:          0 kB
Percpu:             7648 kB
CmaTotal:         294912 kB
CmaFree:              16 kB
MemTotal:       12113132 kB
MemFree:         6291700 kB
MemAvailable:    7777280 kB
Buffers:            5388 kB
Cached:          1825124 kB
SwapCached:            0 kB
Active:          1571984 kB
Inactive:        1585480 kB
Active(anon):    1333368 kB
Inactive(anon):    25280 kB
Active(file):     238616 kB
Inactive(file):  1560200 kB
Unevictable:        5532 kB
Mlocked:            5532 kB
SwapTotal:       3145724 kB
SwapFree:        3145724 kB
Dirty:               404 kB
Writeback:             0 kB
AnonPages:       1332480 kB
Mapped:           874528 kB
Shmem:             27216 kB
KReclaimable:     555468 kB
Slab:             224580 kB
SReclaimable:      76096 kB
SUnreclaim:       148484 kB
KernelStack:       48768 kB
PageTables:        67812 kB
NFS_Unstable:          0 kB
Bounce:                0 kB
WritebackTmp:          0 kB
CommitLimit:     9202288 kB
Committed_AS:   75045276 kB
VmallocTotal:   263061440 kB
VmallocUsed:      105944 kB
VmallocChunk:          0 kB
Percpu:             7648 kB
CmaTotal:         294912 kB
CmaFree:               0 kB
MemTotal:       12113132 kB
MemFree:         6290864 kB
MemAvailable:    7776432 kB
Buffers:            5388 kB
Cached:          1825116 kB
SwapCached:            0 kB
Active:          1572680 kB
Inactive:        1585464 kB
Active(anon):    1334060 kB
Inactive(anon):    25280 kB
Active(file):     238620 kB
Inactive(file):  1560184 kB
Unevictable:        5532 kB
Mlocked:            5532 kB
SwapTotal:       3145724 kB
SwapFree:        3145724 kB
Dirty:               476 kB
Writeback:             0 kB
AnonPages:       1333368 kB
Mapped:           874844 kB
Shmem:             27216 kB
KReclaimable:     555468 kB
Slab:             224596 kB
SReclaimable:      76096 kB
SUnreclaim:       148500 kB
KernelStack:       48788 kB
PageTables:        67808 kB
NFS_Unstable:          0 kB
Bounce:                0 kB
WritebackTmp:          0 kB
CommitLimit:     9202288 kB
Committed_AS:   75049736 kB
VmallocTotal:   263061440 kB
VmallocUsed:      105960 kB
VmallocChunk:          0 kB
Percpu:             7648 kB
CmaTotal:         294912 kB
CmaFree:               0 kB
MemTotal:       12113132 kB
MemFree:         6290376 kB
MemAvailable:    7775976 kB
Buffers:            5388 kB
Cached:          1825144 kB
SwapCached:            0 kB
Active:          1574052 kB
Inactive:        1585500 kB
Active(anon):    1335436 kB
Inactive(anon):    25280 kB
Active(file):     238616 kB
Inactive(file):  1560220 kB
Unevictable:        5532 kB
Mlocked:            5532 kB
SwapTotal:       3145724 kB
SwapFree:        3145724 kB
Dirty:               468 kB
Writeback:             0 kB
AnonPages:       1334696 kB
Mapped:           874524 kB
Shmem:             27216 kB
KReclaimable:     555468 kB
Slab:             224580 kB
SReclaimable:      76096 kB
SUnreclaim:       148484 kB
KernelStack:       48784 kB
PageTables:        67752 kB
NFS_Unstable:          0 kB
Bounce:                0 kB
WritebackTmp:          0 kB
CommitLimit:     9202288 kB
Committed_AS:   75044772 kB
VmallocTotal:   263061440 kB
VmallocUsed:      105944 kB
VmallocChunk:          0 kB
Percpu:             7648 kB
CmaTotal:         294912 kB
CmaFree:               0 kB
MemTotal:       12113132 kB
MemFree:         6289776 kB
MemAvailable:    7775384 kB
Buffers:            5388 kB
Cached:          1825152 kB
SwapCached:            0 kB
Active:          1574644 kB
Inactive:        1585508 kB
Active(anon):    1336028 kB
Inactive(anon):    25280 kB
Active(file):     238616 kB
Inactive(file):  1560228 kB
Unevictable:        5532 kB
Mlocked:            5532 kB
SwapTotal:       3145724 kB
SwapFree:        3145724 kB
Dirty:               480 kB
Writeback:             0 kB
AnonPages:       1334936 kB
Mapped:           874640 kB
Shmem:             27216 kB
KReclaimable:     555468 kB
Slab:             224588 kB
SReclaimable:      76096 kB
SUnreclaim:       148492 kB
KernelStack:       48784 kB
PageTables:        67772 kB
NFS_Unstable:          0 kB
Bounce:                0 kB
WritebackTmp:          0 kB
CommitLimit:     9202288 kB
Committed_AS:   75045272 kB
VmallocTotal:   263061440 kB
VmallocUsed:      105944 kB
VmallocChunk:          0 kB
Percpu:             7648 kB
CmaTotal:         294912 kB
CmaFree:               0 kB
MemTotal:       12113132 kB
MemFree:         6288496 kB
MemAvailable:    7774124 kB
Buffers:            5388 kB
Cached:          1825172 kB
SwapCached:            0 kB
Active:          1574660 kB
Inactive:        1585528 kB
Active(anon):    1336044 kB
Inactive(anon):    25280 kB
Active(file):     238616 kB
Inactive(file):  1560248 kB
Unevictable:        5532 kB
Mlocked:            5532 kB
SwapTotal:       3145724 kB
SwapFree:        3145724 kB
Dirty:               560 kB
Writeback:             0 kB
AnonPages:       1335200 kB
Mapped:           874528 kB
Shmem:             27216 kB
KReclaimable:     555468 kB
Slab:             224596 kB
SReclaimable:      76096 kB
SUnreclaim:       148500 kB
KernelStack:       48752 kB
PageTables:        67688 kB
NFS_Unstable:          0 kB
Bounce:                0 kB
WritebackTmp:          0 kB
CommitLimit:     9202288 kB
Committed_AS:   75050172 kB
VmallocTotal:   263061440 kB
VmallocUsed:      105944 kB
VmallocChunk:          0 kB
Percpu:             7648 kB
CmaTotal:         294912 kB
CmaFree:               0 kB
MemTotal:       12113132 kB
MemFree:         6287680 kB
MemAvailable:    7773316 kB
Buffers:            5388 kB
Cached:          1825184 kB
SwapCached:            0 kB
Active:          1574764 kB
Inactive:        1585544 kB
Active(anon):    1336152 kB
Inactive(anon):    25284 kB
Active(file):     238612 kB
Inactive(file):  1560260 kB
Unevictable:        5532 kB
Mlocked:            5532 kB
SwapTotal:       3145724 kB
SwapFree:        3145724 kB
Dirty:               564 kB
Writeback:             0 kB
AnonPages:       1335352 kB
Mapped:           874532 kB
Shmem:             27220 kB
KReclaimable:     555468 kB
Slab:             224588 kB
SReclaimable:      76096 kB
SUnreclaim:       148492 kB
KernelStack:       48736 kB
PageTables:        67708 kB
NFS_Unstable:          0 kB
Bounce:                0 kB
WritebackTmp:          0 kB
CommitLimit:     9202288 kB
Committed_AS:   75050256 kB
VmallocTotal:   263061440 kB
VmallocUsed:      106008 kB
VmallocChunk:          0 kB
Percpu:             7648 kB
CmaTotal:         294912 kB
CmaFree:               0 kB
MemTotal:       12113132 kB
MemFree:         6287536 kB
MemAvailable:    7773184 kB
Buffers:            5388 kB
Cached:          1825196 kB
SwapCached:            0 kB
Active:          1575572 kB
Inactive:        1585552 kB
Active(anon):    1336956 kB
Inactive(anon):    25284 kB
Active(file):     238616 kB
Inactive(file):  1560268 kB
Unevictable:        5532 kB
Mlocked:            5532 kB
SwapTotal:       3145724 kB
SwapFree:        3145724 kB
Dirty:               580 kB
Writeback:             0 kB
AnonPages:       1336112 kB
Mapped:           874532 kB
Shmem:             27220 kB
KReclaimable:     555468 kB
Slab:             224588 kB
SReclaimable:      76096 kB
SUnreclaim:       148492 kB
KernelStack:       48800 kB
PageTables:        67800 kB
NFS_Unstable:          0 kB
Bounce:                0 kB
WritebackTmp:          0 kB
CommitLimit:     9202288 kB
Committed_AS:   75049708 kB
VmallocTotal:   263061440 kB
VmallocUsed:      105992 kB
VmallocChunk:          0 kB
Percpu:             7648 kB
CmaTotal:         294912 kB
CmaFree:               0 kB
MemTotal:       12113132 kB
MemFree:         6287064 kB
MemAvailable:    7772708 kB
Buffers:            5388 kB
Cached:          1825196 kB
SwapCached:            0 kB
Active:          1577152 kB
Inactive:        1585556 kB
Active(anon):    1338540 kB
Inactive(anon):    25288 kB
Active(file):     238612 kB
Inactive(file):  1560268 kB
Unevictable:        5532 kB
Mlocked:            5532 kB
SwapTotal:       3145724 kB
SwapFree:        3145724 kB
Dirty:               596 kB
Writeback:             0 kB
AnonPages:       1337584 kB
Mapped:           874640 kB
Shmem:             27224 kB
KReclaimable:     555468 kB
Slab:             224548 kB
SReclaimable:      76096 kB
SUnreclaim:       148452 kB
KernelStack:       48828 kB
PageTables:        67812 kB
NFS_Unstable:          0 kB
Bounce:                0 kB
WritebackTmp:          0 kB
CommitLimit:     9202288 kB
Committed_AS:   75036592 kB
VmallocTotal:   263061440 kB
VmallocUsed:      106040 kB
VmallocChunk:          0 kB
Percpu:             7648 kB
CmaTotal:         294912 kB
CmaFree:               0 kB
MemTotal:       12113132 kB
MemFree:         6284520 kB
MemAvailable:    7770180 kB
Buffers:            5388 kB
Cached:          1825212 kB
SwapCached:            0 kB
Active:          1577116 kB
Inactive:        1585572 kB
Active(anon):    1338504 kB
Inactive(anon):    25288 kB
Active(file):     238612 kB
Inactive(file):  1560284 kB
Unevictable:        5532 kB
Mlocked:            5532 kB
SwapTotal:       3145724 kB
SwapFree:        3145724 kB
Dirty:               680 kB
Writeback:             0 kB
AnonPages:       1337652 kB
Mapped:           874768 kB
Shmem:             27224 kB
KReclaimable:     555468 kB
Slab:             224548 kB
SReclaimable:      76096 kB
SUnreclaim:       148452 kB
KernelStack:       48948 kB
PageTables:        67792 kB
NFS_Unstable:          0 kB
Bounce:                0 kB
WritebackTmp:          0 kB
CommitLimit:     9202288 kB
Committed_AS:   75040896 kB
VmallocTotal:   263061440 kB
VmallocUsed:      106024 kB
VmallocChunk:          0 kB
Percpu:             7648 kB
CmaTotal:         294912 kB
CmaFree:               0 kB
MemTotal:       12113132 kB
MemFree:         6314360 kB
MemAvailable:    7800036 kB
Buffers:            5388 kB
Cached:          1825232 kB
SwapCached:            0 kB
Active:          1545888 kB
Inactive:        1585584 kB
Active(anon):    1307272 kB
Inactive(anon):    25288 kB
Active(file):     238616 kB
Inactive(file):  1560296 kB
Unevictable:        5532 kB
Mlocked:            5532 kB
SwapTotal:       3145724 kB
SwapFree:        3145724 kB
Dirty:               708 kB
Writeback:             0 kB
AnonPages:       1306436 kB
Mapped:           874772 kB
Shmem:             27224 kB
KReclaimable:     555468 kB
Slab:             224548 kB
SReclaimable:      76096 kB
SUnreclaim:       148452 kB
KernelStack:       48864 kB
PageTables:        67480 kB
NFS_Unstable:          0 kB
Bounce:                0 kB
WritebackTmp:          0 kB
CommitLimit:     9202288 kB
Committed_AS:   75034220 kB
VmallocTotal:   263061440 kB
VmallocUsed:      106024 kB
VmallocChunk:          0 kB
Percpu:             7648 kB
CmaTotal:         294912 kB
CmaFree:             200 kB
MemTotal:       12113132 kB
MemFree:         6317188 kB
MemAvailable:    7802884 kB
Buffers:            5388 kB
Cached:          1825252 kB
SwapCached:            0 kB
Active:          1545592 kB
Inactive:        1585608 kB
Active(anon):    1306976 kB
Inactive(anon):    25292 kB
Active(file):     238616 kB
Inactive(file):  1560316 kB
Unevictable:        5532 kB
Mlocked:            5532 kB
SwapTotal:       3145724 kB
SwapFree:        3145724 kB
Dirty:               764 kB
Writeback:             0 kB
AnonPages:       1306156 kB
Mapped:           874604 kB
Shmem:             27228 kB
KReclaimable:     555468 kB
Slab:             224548 kB
SReclaimable:      76096 kB
SUnreclaim:       148452 kB
KernelStack:       48896 kB
PageTables:        67792 kB
NFS_Unstable:          0 kB
Bounce:                0 kB
WritebackTmp:          0 kB
CommitLimit:     9202288 kB
Committed_AS:   75050756 kB
VmallocTotal:   263061440 kB
VmallocUsed:      106088 kB
VmallocChunk:          0 kB
Percpu:             7648 kB
CmaTotal:         294912 kB
CmaFree:               0 kB
MemTotal:       12113132 kB
MemFree:         6318188 kB
MemAvailable:    7803892 kB
Buffers:            5388 kB
Cached:          1825260 kB
SwapCached:            0 kB
Active:          1546168 kB
Inactive:        1585616 kB
Active(anon):    1307552 kB
Inactive(anon):    25292 kB
Active(file):     238616 kB
Inactive(file):  1560324 kB
Unevictable:        5532 kB
Mlocked:            5532 kB
SwapTotal:       3145724 kB
SwapFree:        3145724 kB
Dirty:               276 kB
Writeback:             0 kB
AnonPages:       1306608 kB
Mapped:           874780 kB
Shmem:             27228 kB
KReclaimable:     555468 kB
Slab:             224588 kB
SReclaimable:      76096 kB
SUnreclaim:       148492 kB
KernelStack:       48848 kB
PageTables:        67468 kB
NFS_Unstable:          0 kB
Bounce:                0 kB
WritebackTmp:          0 kB
CommitLimit:     9202288 kB
Committed_AS:   75050704 kB
VmallocTotal:   263061440 kB
VmallocUsed:      106072 kB
VmallocChunk:          0 kB
Percpu:             7648 kB
CmaTotal:         294912 kB
CmaFree:             148 kB
MemTotal:       12113132 kB
MemFree:         6317500 kB
MemAvailable:    7803188 kB
Buffers:            5388 kB
Cached:          1825244 kB
SwapCached:            0 kB
Active:          1546764 kB
Inactive:        1585604 kB
Active(anon):    1308152 kB
Inactive(anon):    25292 kB
Active(file):     238612 kB
Inactive(file):  1560312 kB
Unevictable:        5532 kB
Mlocked:            5532 kB
SwapTotal:       3145724 kB
SwapFree:        3145724 kB
Dirty:               312 kB
Writeback:             0 kB
AnonPages:       1307052 kB
Mapped:           874632 kB
Shmem:             27228 kB
KReclaimable:     555468 kB
Slab:             224620 kB
SReclaimable:      76096 kB
SUnreclaim:       148524 kB
KernelStack:       48896 kB
PageTables:        67768 kB
NFS_Unstable:          0 kB
Bounce:                0 kB
WritebackTmp:          0 kB
CommitLimit:     9202288 kB
Committed_AS:   75053324 kB
VmallocTotal:   263061440 kB
VmallocUsed:      106056 kB
VmallocChunk:          0 kB
Percpu:             7648 kB
CmaTotal:         294912 kB
CmaFree:               0 kB
MemTotal:       12113132 kB
MemFree:         6316568 kB
MemAvailable:    7802100 kB
Buffers:            5388 kB
Cached:          1825292 kB
SwapCached:            0 kB
Active:          1547436 kB
Inactive:        1585648 kB
Active(anon):    1308820 kB
Inactive(anon):    25292 kB
Active(file):     238616 kB
Inactive(file):  1560356 kB
Unevictable:        5532 kB
Mlocked:            5532 kB
SwapTotal:       3145724 kB
SwapFree:        3145724 kB
Dirty:               372 kB
Writeback:             0 kB
AnonPages:       1307980 kB
Mapped:           874596 kB
Shmem:             27228 kB
KReclaimable:     555264 kB
Slab:             224624 kB
SReclaimable:      76096 kB
SUnreclaim:       148528 kB
KernelStack:       48864 kB
PageTables:        67740 kB
NFS_Unstable:          0 kB
Bounce:                0 kB
WritebackTmp:          0 kB
CommitLimit:     9202288 kB
Committed_AS:   75059836 kB
VmallocTotal:   263061440 kB
VmallocUsed:      106072 kB
VmallocChunk:          0 kB
Percpu:             7648 kB
CmaTotal:         294912 kB
CmaFree:               0 kB
MemTotal:       12113132 kB
MemFree:         6314688 kB
MemAvailable:    7800228 kB
Buffers:            5388 kB
Cached:          1825300 kB
SwapCached:            0 kB
Active:          1548204 kB
Inactive:        1585656 kB
Active(anon):    1309588 kB
Inactive(anon):    25292 kB
Active(file):     238616 kB
Inactive(file):  1560364 kB
Unevictable:        5532 kB
Mlocked:            5532 kB
SwapTotal:       3145724 kB
SwapFree:        3145724 kB
Dirty:               384 kB
Writeback:             0 kB
AnonPages:       1308752 kB
Mapped:           874604 kB
Shmem:             27228 kB
KReclaimable:     555264 kB
Slab:             224632 kB
SReclaimable:      76096 kB
SUnreclaim:       148536 kB
KernelStack:       48848 kB
PageTables:        67692 kB
NFS_Unstable:          0 kB
Bounce:                0 kB
WritebackTmp:          0 kB
CommitLimit:     9202288 kB
Committed_AS:   75061524 kB
VmallocTotal:   263061440 kB
VmallocUsed:      106104 kB
VmallocChunk:          0 kB
Percpu:             7648 kB
CmaTotal:         294912 kB
CmaFree:               0 kB
MemTotal:       12113132 kB
MemFree:         6313068 kB
MemAvailable:    7798656 kB
Buffers:            5396 kB
Cached:          1825340 kB
SwapCached:            0 kB
Active:          1549148 kB
Inactive:        1585696 kB
Active(anon):    1310524 kB
Inactive(anon):    25292 kB
Active(file):     238624 kB
Inactive(file):  1560404 kB
Unevictable:        5532 kB
Mlocked:            5532 kB
SwapTotal:       3145724 kB
SwapFree:        3145724 kB
Dirty:               412 kB
Writeback:             0 kB
AnonPages:       1309856 kB
Mapped:           874720 kB
Shmem:             27228 kB
KReclaimable:     555264 kB
Slab:             224624 kB
SReclaimable:      76096 kB
SUnreclaim:       148528 kB
KernelStack:       48896 kB
PageTables:        67780 kB
NFS_Unstable:          0 kB
Bounce:                0 kB
WritebackTmp:          0 kB
CommitLimit:     9202288 kB
Committed_AS:   75051324 kB
VmallocTotal:   263061440 kB
VmallocUsed:      106120 kB
VmallocChunk:          0 kB
Percpu:             7648 kB
CmaTotal:         294912 kB
CmaFree:               8 kB
MemTotal:       12113132 kB
MemFree:         6302788 kB
MemAvailable:    7788380 kB
Buffers:            5396 kB
Cached:          1825344 kB
SwapCached:            0 kB
Active:          1561740 kB
Inactive:        1585700 kB
Active(anon):    1323116 kB
Inactive(anon):    25292 kB
Active(file):     238624 kB
Inactive(file):  1560408 kB
Unevictable:        5532 kB
Mlocked:            5532 kB
SwapTotal:       3145724 kB
SwapFree:        3145724 kB
Dirty:               432 kB
Writeback:             0 kB
AnonPages:       1322504 kB
Mapped:           874820 kB
Shmem:             27228 kB
KReclaimable:     555264 kB
Slab:             224632 kB
SReclaimable:      76096 kB
SUnreclaim:       148536 kB
KernelStack:       48868 kB
PageTables:        67712 kB
NFS_Unstable:          0 kB
Bounce:                0 kB
WritebackTmp:          0 kB
CommitLimit:     9202288 kB
Committed_AS:   75058768 kB
VmallocTotal:   263061440 kB
VmallocUsed:      106088 kB
VmallocChunk:          0 kB
Percpu:             7648 kB
CmaTotal:         294912 kB
CmaFree:               8 kB
MemTotal:       12113132 kB
MemFree:         6277636 kB
MemAvailable:    7763236 kB
Buffers:            5396 kB
Cached:          1825172 kB
SwapCached:            0 kB
Active:          1585504 kB
Inactive:        1585528 kB
Active(anon):    1346880 kB
Inactive(anon):    25112 kB
Active(file):     238624 kB
Inactive(file):  1560416 kB
Unevictable:        5532 kB
Mlocked:            5532 kB
SwapTotal:       3145724 kB
SwapFree:        3145724 kB
Dirty:               468 kB
Writeback:             0 kB
AnonPages:       1346000 kB
Mapped:           874540 kB
Shmem:             27048 kB
KReclaimable:     555264 kB
Slab:             224640 kB
SReclaimable:      76096 kB
SUnreclaim:       148544 kB
KernelStack:       48880 kB
PageTables:        67604 kB
NFS_Unstable:          0 kB
Bounce:                0 kB
WritebackTmp:          0 kB
CommitLimit:     9202288 kB
Committed_AS:   75055336 kB
VmallocTotal:   263061440 kB
VmallocUsed:      106040 kB
VmallocChunk:          0 kB
Percpu:             7648 kB
CmaTotal:         294912 kB
CmaFree:              28 kB
MemTotal:       12113132 kB
MemFree:         6275956 kB
MemAvailable:    7761572 kB
Buffers:            5396 kB
Cached:          1825368 kB
SwapCached:            0 kB
Active:          1586164 kB
Inactive:        1585724 kB
Active(anon):    1347540 kB
Inactive(anon):    25292 kB
Active(file):     238624 kB
Inactive(file):  1560432 kB
Unevictable:        5532 kB
Mlocked:            5532 kB
SwapTotal:       3145724 kB
SwapFree:        3145724 kB
Dirty:               540 kB
Writeback:             0 kB
AnonPages:       1346896 kB
Mapped:           874616 kB
Shmem:             27228 kB
KReclaimable:     555264 kB
Slab:             224656 kB
SReclaimable:      76096 kB
SUnreclaim:       148560 kB
KernelStack:       48880 kB
PageTables:        67732 kB
NFS_Unstable:          0 kB
Bounce:                0 kB
WritebackTmp:          0 kB
CommitLimit:     9202288 kB
Committed_AS:   75066492 kB
VmallocTotal:   263061440 kB
VmallocUsed:      106056 kB
VmallocChunk:          0 kB
Percpu:             7648 kB
CmaTotal:         294912 kB
CmaFree:               0 kB
MemTotal:       12113132 kB
MemFree:         6277860 kB
MemAvailable:    7763484 kB
Buffers:            5396 kB
Cached:          1825752 kB
SwapCached:            0 kB
Active:          1585144 kB
Inactive:        1586024 kB
Active(anon):    1346520 kB
Inactive(anon):    25584 kB
Active(file):     238624 kB
Inactive(file):  1560440 kB
Unevictable:        5532 kB
Mlocked:            5532 kB
SwapTotal:       3145724 kB
SwapFree:        3145724 kB
Dirty:               564 kB
Writeback:             0 kB
AnonPages:       1345360 kB
Mapped:           875044 kB
Shmem:             27604 kB
KReclaimable:     555264 kB
Slab:             224792 kB
SReclaimable:      76096 kB
SUnreclaim:       148696 kB
KernelStack:       48896 kB
PageTables:        67944 kB
NFS_Unstable:          0 kB
Bounce:                0 kB
WritebackTmp:          0 kB
CommitLimit:     9202288 kB
Committed_AS:   75067144 kB
VmallocTotal:   263061440 kB
VmallocUsed:      106056 kB
VmallocChunk:          0 kB
Percpu:             7648 kB
CmaTotal:         294912 kB
CmaFree:               0 kB
MemTotal:       12113132 kB
MemFree:         6275956 kB
MemAvailable:    7761600 kB
Buffers:            5396 kB
Cached:          1825396 kB
SwapCached:            0 kB
Active:          1585412 kB
Inactive:        1585752 kB
Active(anon):    1346788 kB
Inactive(anon):    25292 kB
Active(file):     238624 kB
Inactive(file):  1560460 kB
Unevictable:        5532 kB
Mlocked:            5532 kB
SwapTotal:       3145724 kB
SwapFree:        3145724 kB
Dirty:               584 kB
Writeback:             0 kB
AnonPages:       1346024 kB
Mapped:           874800 kB
Shmem:             27228 kB
KReclaimable:     555264 kB
Slab:             224656 kB
SReclaimable:      76096 kB
SUnreclaim:       148560 kB
KernelStack:       48896 kB
PageTables:        67748 kB
NFS_Unstable:          0 kB
Bounce:                0 kB
WritebackTmp:          0 kB
CommitLimit:     9202288 kB
Committed_AS:   75067120 kB
VmallocTotal:   263061440 kB
VmallocUsed:      106056 kB
VmallocChunk:          0 kB
Percpu:             7648 kB
CmaTotal:         294912 kB
CmaFree:               0 kB
MemTotal:       12113132 kB
MemFree:         6281860 kB
MemAvailable:    7767508 kB
Buffers:            5396 kB
Cached:          1825400 kB
SwapCached:            0 kB
Active:          1580656 kB
Inactive:        1585756 kB
Active(anon):    1342032 kB
Inactive(anon):    25292 kB
Active(file):     238624 kB
Inactive(file):  1560464 kB
Unevictable:        5532 kB
Mlocked:            5532 kB
SwapTotal:       3145724 kB
SwapFree:        3145724 kB
Dirty:               264 kB
Writeback:             0 kB
AnonPages:       1341332 kB
Mapped:           874884 kB
Shmem:             27228 kB
KReclaimable:     555264 kB
Slab:             224624 kB
SReclaimable:      76096 kB
SUnreclaim:       148528 kB
KernelStack:       48880 kB
PageTables:        67828 kB
NFS_Unstable:          0 kB
Bounce:                0 kB
WritebackTmp:          0 kB
CommitLimit:     9202288 kB
Committed_AS:   75055184 kB
VmallocTotal:   263061440 kB
VmallocUsed:      106024 kB
VmallocChunk:          0 kB
Percpu:             7648 kB
CmaTotal:         294912 kB
CmaFree:               0 kB
MemTotal:       12113132 kB
MemFree:         6282120 kB
MemAvailable:    7767780 kB
Buffers:            5396 kB
Cached:          1825412 kB
SwapCached:            0 kB
Active:          1581328 kB
Inactive:        1585768 kB
Active(anon):    1342704 kB
Inactive(anon):    25292 kB
Active(file):     238624 kB
Inactive(file):  1560476 kB
Unevictable:        5532 kB
Mlocked:            5532 kB
SwapTotal:       3145724 kB
SwapFree:        3145724 kB
Dirty:               316 kB
Writeback:             0 kB
AnonPages:       1341800 kB
Mapped:           874620 kB
Shmem:             27228 kB
KReclaimable:     555264 kB
Slab:             224624 kB
SReclaimable:      76096 kB
SUnreclaim:       148528 kB
KernelStack:       48880 kB
PageTables:        67852 kB
NFS_Unstable:          0 kB
Bounce:                0 kB
WritebackTmp:          0 kB
CommitLimit:     9202288 kB
Committed_AS:   75066332 kB
VmallocTotal:   263061440 kB
VmallocUsed:      106104 kB
VmallocChunk:          0 kB
Percpu:             7648 kB
CmaTotal:         294912 kB
CmaFree:              28 kB
MemTotal:       12113132 kB
MemFree:         6280872 kB
MemAvailable:    7766544 kB
Buffers:            5396 kB
Cached:          1825428 kB
SwapCached:            0 kB
Active:          1581720 kB
Inactive:        1585784 kB
Active(anon):    1343096 kB
Inactive(anon):    25296 kB
Active(file):     238624 kB
Inactive(file):  1560488 kB
Unevictable:        5532 kB
Mlocked:            5532 kB
SwapTotal:       3145724 kB
SwapFree:        3145724 kB
Dirty:               364 kB
Writeback:             0 kB
AnonPages:       1342288 kB
Mapped:           874752 kB
Shmem:             27232 kB
KReclaimable:     555264 kB
Slab:             224624 kB
SReclaimable:      76096 kB
SUnreclaim:       148528 kB
KernelStack:       48896 kB
PageTables:        67784 kB
NFS_Unstable:          0 kB
Bounce:                0 kB
WritebackTmp:          0 kB
CommitLimit:     9202288 kB
Committed_AS:   75057004 kB
VmallocTotal:   263061440 kB
VmallocUsed:      106088 kB
