MemTotal:       12113136 kB
MemFree:         6311596 kB
MemAvailable:    8021552 kB
Buffers:            5216 kB
Cached:          1914852 kB
SwapCached:            0 kB
Active:          1625620 kB
Inactive:        1612124 kB
Active(anon):    1324260 kB
Inactive(anon):    23212 kB
Active(file):     301360 kB
Inactive(file):  1588912 kB
Unevictable:        5616 kB
Mlocked:            5616 kB
SwapTotal:       3145724 kB
SwapFree:        3145724 kB
Dirty:               380 kB
Writeback:             0 kB
AnonPages:       1323244 kB
Mapped:           878204 kB
Shmem:             25232 kB
KReclaimable:     688388 kB
Slab:             229628 kB
SReclaimable:      80224 kB
SUnreclaim:       149404 kB
KernelStack:       48752 kB
PageTables:        68844 kB
NFS_Unstable:          0 kB
Bounce:                0 kB
WritebackTmp:          0 kB
CommitLimit:     9202292 kB
Committed_AS:   76608992 kB
VmallocTotal:   263061440 kB
VmallocUsed:      105788 kB
VmallocChunk:          0 kB
Percpu:             7648 kB
CmaTotal:         294912 kB
CmaFree:               0 kB
MemTotal:       12113136 kB
MemFree:         6309908 kB
MemAvailable:    8019924 kB
Buffers:            5216 kB
Cached:          1914912 kB
SwapCached:            0 kB
Active:          1626212 kB
Inactive:        1612156 kB
Active(anon):    1324824 kB
Inactive(anon):    23212 kB
Active(file):     301388 kB
Inactive(file):  1588944 kB
Unevictable:        5616 kB
Mlocked:            5616 kB
SwapTotal:       3145724 kB
SwapFree:        3145724 kB
Dirty:               440 kB
Writeback:             0 kB
AnonPages:       1324084 kB
Mapped:           878204 kB
Shmem:             25232 kB
KReclaimable:     688388 kB
Slab:             229624 kB
SReclaimable:      80224 kB
SUnreclaim:       149400 kB
KernelStack:       48736 kB
PageTables:        68724 kB
NFS_Unstable:          0 kB
Bounce:                0 kB
WritebackTmp:          0 kB
CommitLimit:     9202292 kB
Committed_AS:   76603612 kB
VmallocTotal:   263061440 kB
VmallocUsed:      105772 kB
VmallocChunk:          0 kB
Percpu:             7648 kB
CmaTotal:         294912 kB
CmaFree:               0 kB
MemTotal:       12113136 kB
MemFree:         6309716 kB
MemAvailable:    8019736 kB
Buffers:            5216 kB
Cached:          1914916 kB
SwapCached:            0 kB
Active:          1627048 kB
Inactive:        1612160 kB
Active(anon):    1325660 kB
Inactive(anon):    23212 kB
Active(file):     301388 kB
Inactive(file):  1588948 kB
Unevictable:        5616 kB
Mlocked:            5616 kB
SwapTotal:       3145724 kB
SwapFree:        3145724 kB
Dirty:               460 kB
Writeback:             0 kB
AnonPages:       1324672 kB
Mapped:           878312 kB
Shmem:             25232 kB
KReclaimable:     688388 kB
Slab:             229632 kB
SReclaimable:      80224 kB
SUnreclaim:       149408 kB
KernelStack:       48784 kB
PageTables:        68820 kB
NFS_Unstable:          0 kB
Bounce:                0 kB
WritebackTmp:          0 kB
CommitLimit:     9202292 kB
Committed_AS:   76603348 kB
VmallocTotal:   263061440 kB
VmallocUsed:      105788 kB
VmallocChunk:          0 kB
Percpu:             7648 kB
CmaTotal:         294912 kB
CmaFree:               0 kB
MemTotal:       12113136 kB
MemFree:         6307884 kB
MemAvailable:    8017916 kB
Buffers:            5216 kB
Cached:          1914928 kB
SwapCached:            0 kB
Active:          1627732 kB
Inactive:        1612172 kB
Active(anon):    1326344 kB
Inactive(anon):    23212 kB
Active(file):     301388 kB
Inactive(file):  1588960 kB
Unevictable:        5616 kB
Mlocked:            5616 kB
SwapTotal:       3145724 kB
SwapFree:        3145724 kB
Dirty:               488 kB
Writeback:             0 kB
AnonPages:       1325300 kB
Mapped:           878204 kB
Shmem:             25232 kB
KReclaimable:     688388 kB
Slab:             229640 kB
SReclaimable:      80224 kB
SUnreclaim:       149416 kB
KernelStack:       48736 kB
PageTables:        68716 kB
NFS_Unstable:          0 kB
Bounce:                0 kB
WritebackTmp:          0 kB
CommitLimit:     9202292 kB
Committed_AS:   76603956 kB
VmallocTotal:   263061440 kB
VmallocUsed:      105804 kB
VmallocChunk:          0 kB
Percpu:             7648 kB
CmaTotal:         294912 kB
CmaFree:               0 kB
MemTotal:       12113136 kB
MemFree:         6307076 kB
MemAvailable:    8017124 kB
Buffers:            5216 kB
Cached:          1914944 kB
SwapCached:            0 kB
Active:          1628028 kB
Inactive:        1612188 kB
Active(anon):    1326640 kB
Inactive(anon):    23212 kB
Active(file):     301388 kB
Inactive(file):  1588976 kB
Unevictable:        5616 kB
Mlocked:            5616 kB
SwapTotal:       3145724 kB
SwapFree:        3145724 kB
Dirty:               508 kB
Writeback:             0 kB
AnonPages:       1325888 kB
Mapped:           878204 kB
Shmem:             25232 kB
KReclaimable:     688388 kB
Slab:             229636 kB
SReclaimable:      80224 kB
SUnreclaim:       149412 kB
KernelStack:       48784 kB
PageTables:        68796 kB
NFS_Unstable:          0 kB
Bounce:                0 kB
WritebackTmp:          0 kB
CommitLimit:     9202292 kB
Committed_AS:   76611616 kB
VmallocTotal:   263061440 kB
VmallocUsed:      105804 kB
VmallocChunk:          0 kB
Percpu:             7648 kB
CmaTotal:         294912 kB
CmaFree:               0 kB
MemTotal:       12113136 kB
MemFree:         6308188 kB
MemAvailable:    8018248 kB
Buffers:            5216 kB
Cached:          1914956 kB
SwapCached:            0 kB
Active:          1628268 kB
Inactive:        1612200 kB
Active(anon):    1326880 kB
Inactive(anon):    23212 kB
Active(file):     301388 kB
Inactive(file):  1588988 kB
Unevictable:        5616 kB
Mlocked:            5616 kB
SwapTotal:       3145724 kB
SwapFree:        3145724 kB
Dirty:               160 kB
Writeback:             0 kB
AnonPages:       1326048 kB
Mapped:           878204 kB
Shmem:             25232 kB
KReclaimable:     688388 kB
Slab:             229660 kB
SReclaimable:      80224 kB
SUnreclaim:       149436 kB
KernelStack:       48720 kB
PageTables:        68668 kB
NFS_Unstable:          0 kB
Bounce:                0 kB
WritebackTmp:          0 kB
CommitLimit:     9202292 kB
Committed_AS:   76606460 kB
VmallocTotal:   263061440 kB
VmallocUsed:      105772 kB
VmallocChunk:          0 kB
Percpu:             7648 kB
CmaTotal:         294912 kB
CmaFree:               0 kB
MemTotal:       12113136 kB
MemFree:         6307060 kB
MemAvailable:    8017132 kB
Buffers:            5216 kB
Cached:          1914968 kB
SwapCached:            0 kB
Active:          1628896 kB
Inactive:        1612212 kB
Active(anon):    1327508 kB
Inactive(anon):    23212 kB
Active(file):     301388 kB
Inactive(file):  1589000 kB
Unevictable:        5616 kB
Mlocked:            5616 kB
SwapTotal:       3145724 kB
SwapFree:        3145724 kB
Dirty:               244 kB
Writeback:             0 kB
AnonPages:       1326588 kB
Mapped:           878204 kB
Shmem:             25232 kB
KReclaimable:     688388 kB
Slab:             229664 kB
SReclaimable:      80224 kB
SUnreclaim:       149440 kB
KernelStack:       48736 kB
PageTables:        68720 kB
NFS_Unstable:          0 kB
Bounce:                0 kB
WritebackTmp:          0 kB
CommitLimit:     9202292 kB
Committed_AS:   76606244 kB
VmallocTotal:   263061440 kB
VmallocUsed:      105788 kB
VmallocChunk:          0 kB
Percpu:             7648 kB
CmaTotal:         294912 kB
CmaFree:               0 kB
MemTotal:       12113136 kB
MemFree:         6305952 kB
MemAvailable:    8016032 kB
Buffers:            5216 kB
Cached:          1914976 kB
SwapCached:            0 kB
Active:          1629664 kB
Inactive:        1612220 kB
Active(anon):    1328276 kB
Inactive(anon):    23212 kB
Active(file):     301388 kB
Inactive(file):  1589008 kB
Unevictable:        5616 kB
Mlocked:            5616 kB
SwapTotal:       3145724 kB
SwapFree:        3145724 kB
Dirty:               252 kB
Writeback:             0 kB
AnonPages:       1327476 kB
Mapped:           878204 kB
Shmem:             25232 kB
KReclaimable:     688388 kB
Slab:             229680 kB
SReclaimable:      80224 kB
SUnreclaim:       149456 kB
KernelStack:       48720 kB
PageTables:        68664 kB
NFS_Unstable:          0 kB
Bounce:                0 kB
WritebackTmp:          0 kB
CommitLimit:     9202292 kB
Committed_AS:   76612640 kB
VmallocTotal:   263061440 kB
VmallocUsed:      105804 kB
VmallocChunk:          0 kB
Percpu:             7648 kB
CmaTotal:         294912 kB
CmaFree:               0 kB
MemTotal:       12113136 kB
MemFree:         6305376 kB
MemAvailable:    8015488 kB
Buffers:            5216 kB
Cached:          1915008 kB
SwapCached:            0 kB
Active:          1630800 kB
Inactive:        1612252 kB
Active(anon):    1329412 kB
Inactive(anon):    23212 kB
Active(file):     301388 kB
Inactive(file):  1589040 kB
Unevictable:        5616 kB
Mlocked:            5616 kB
SwapTotal:       3145724 kB
SwapFree:        3145724 kB
Dirty:               324 kB
Writeback:             0 kB
AnonPages:       1328448 kB
Mapped:           878204 kB
Shmem:             25232 kB
KReclaimable:     688388 kB
Slab:             229660 kB
SReclaimable:      80224 kB
SUnreclaim:       149436 kB
KernelStack:       48768 kB
PageTables:        68752 kB
NFS_Unstable:          0 kB
Bounce:                0 kB
WritebackTmp:          0 kB
CommitLimit:     9202292 kB
Committed_AS:   76606972 kB
VmallocTotal:   263061440 kB
VmallocUsed:      105820 kB
VmallocChunk:          0 kB
Percpu:             7648 kB
CmaTotal:         294912 kB
CmaFree:               0 kB
MemTotal:       12113136 kB
MemFree:         6303504 kB
MemAvailable:    8013620 kB
Buffers:            5216 kB
Cached:          1915080 kB
SwapCached:            0 kB
Active:          1632240 kB
Inactive:        1612324 kB
Active(anon):    1330852 kB
Inactive(anon):    23280 kB
Active(file):     301388 kB
Inactive(file):  1589044 kB
Unevictable:        5616 kB
Mlocked:            5616 kB
SwapTotal:       3145724 kB
SwapFree:        3145724 kB
Dirty:               372 kB
Writeback:             0 kB
AnonPages:       1329792 kB
Mapped:           878208 kB
Shmem:             25300 kB
KReclaimable:     688388 kB
Slab:             229664 kB
SReclaimable:      80224 kB
SUnreclaim:       149440 kB
KernelStack:       48736 kB
PageTables:        68724 kB
NFS_Unstable:          0 kB
Bounce:                0 kB
WritebackTmp:          0 kB
CommitLimit:     9202292 kB
Committed_AS:   76611980 kB
VmallocTotal:   263061440 kB
VmallocUsed:      105852 kB
VmallocChunk:          0 kB
Percpu:             7648 kB
CmaTotal:         294912 kB
CmaFree:               0 kB
MemTotal:       12113136 kB
MemFree:         6303192 kB
MemAvailable:    8013324 kB
Buffers:            5216 kB
Cached:          1915100 kB
SwapCached:            0 kB
Active:          1632360 kB
Inactive:        1612344 kB
Active(anon):    1330972 kB
Inactive(anon):    23284 kB
Active(file):     301388 kB
Inactive(file):  1589060 kB
Unevictable:        5616 kB
Mlocked:            5616 kB
SwapTotal:       3145724 kB
SwapFree:        3145724 kB
Dirty:               396 kB
Writeback:             0 kB
AnonPages:       1330244 kB
Mapped:           878212 kB
Shmem:             25304 kB
KReclaimable:     688388 kB
Slab:             229680 kB
SReclaimable:      80224 kB
SUnreclaim:       149456 kB
KernelStack:       48784 kB
PageTables:        68800 kB
NFS_Unstable:          0 kB
Bounce:                0 kB
WritebackTmp:          0 kB
CommitLimit:     9202292 kB
Committed_AS:   76611756 kB
VmallocTotal:   263061440 kB
VmallocUsed:      105852 kB
VmallocChunk:          0 kB
Percpu:             7648 kB
CmaTotal:         294912 kB
CmaFree:               0 kB
MemTotal:       12113136 kB
MemFree:         6311636 kB
MemAvailable:    8021792 kB
Buffers:            5216 kB
Cached:          1915108 kB
SwapCached:            0 kB
Active:          1622672 kB
Inactive:        1612352 kB
Active(anon):    1321284 kB
Inactive(anon):    23284 kB
Active(file):     301388 kB
Inactive(file):  1589068 kB
Unevictable:        5616 kB
Mlocked:            5616 kB
SwapTotal:       3145724 kB
SwapFree:        3145724 kB
Dirty:               412 kB
Writeback:             0 kB
AnonPages:       1320212 kB
Mapped:           878212 kB
Shmem:             25304 kB
KReclaimable:     688404 kB
Slab:             229692 kB
SReclaimable:      80240 kB
SUnreclaim:       149452 kB
KernelStack:       48752 kB
PageTables:        68728 kB
NFS_Unstable:          0 kB
Bounce:                0 kB
WritebackTmp:          0 kB
CommitLimit:     9202292 kB
Committed_AS:   76611496 kB
VmallocTotal:   263061440 kB
VmallocUsed:      105852 kB
VmallocChunk:          0 kB
Percpu:             7648 kB
CmaTotal:         294912 kB
CmaFree:             124 kB
MemTotal:       12113136 kB
MemFree:         6311180 kB
MemAvailable:    8021352 kB
Buffers:            5216 kB
Cached:          1915124 kB
SwapCached:            0 kB
Active:          1623348 kB
Inactive:        1612368 kB
Active(anon):    1321960 kB
Inactive(anon):    23284 kB
Active(file):     301388 kB
Inactive(file):  1589084 kB
Unevictable:        5616 kB
Mlocked:            5616 kB
SwapTotal:       3145724 kB
SwapFree:        3145724 kB
Dirty:               448 kB
Writeback:             0 kB
AnonPages:       1321196 kB
Mapped:           878212 kB
Shmem:             25304 kB
KReclaimable:     688404 kB
Slab:             229692 kB
SReclaimable:      80240 kB
SUnreclaim:       149452 kB
KernelStack:       48800 kB
PageTables:        68800 kB
NFS_Unstable:          0 kB
Bounce:                0 kB
WritebackTmp:          0 kB
CommitLimit:     9202292 kB
Committed_AS:   76612484 kB
VmallocTotal:   263061440 kB
VmallocUsed:      105820 kB
VmallocChunk:          0 kB
Percpu:             7648 kB
CmaTotal:         294912 kB
CmaFree:               0 kB
MemTotal:       12113136 kB
MemFree:         6311084 kB
MemAvailable:    8021268 kB
Buffers:            5216 kB
Cached:          1915136 kB
SwapCached:            0 kB
Active:          1624272 kB
Inactive:        1612380 kB
Active(anon):    1322884 kB
Inactive(anon):    23284 kB
Active(file):     301388 kB
Inactive(file):  1589096 kB
Unevictable:        5616 kB
Mlocked:            5616 kB
SwapTotal:       3145724 kB
SwapFree:        3145724 kB
Dirty:               460 kB
Writeback:             0 kB
AnonPages:       1322172 kB
Mapped:           878212 kB
Shmem:             25304 kB
KReclaimable:     688404 kB
Slab:             229684 kB
SReclaimable:      80240 kB
SUnreclaim:       149444 kB
KernelStack:       48752 kB
PageTables:        68728 kB
NFS_Unstable:          0 kB
Bounce:                0 kB
WritebackTmp:          0 kB
CommitLimit:     9202292 kB
Committed_AS:   76611464 kB
VmallocTotal:   263061440 kB
VmallocUsed:      105868 kB
VmallocChunk:          0 kB
Percpu:             7648 kB
CmaTotal:         294912 kB
CmaFree:               0 kB
MemTotal:       12113136 kB
MemFree:         6310104 kB
MemAvailable:    8020320 kB
Buffers:            5220 kB
Cached:          1915164 kB
SwapCached:            0 kB
Active:          1626400 kB
Inactive:        1612408 kB
Active(anon):    1325008 kB
Inactive(anon):    23284 kB
Active(file):     301392 kB
Inactive(file):  1589124 kB
Unevictable:        5616 kB
Mlocked:            5616 kB
SwapTotal:       3145724 kB
SwapFree:        3145724 kB
Dirty:               472 kB
Writeback:             0 kB
AnonPages:       1324284 kB
Mapped:           878332 kB
Shmem:             25304 kB
KReclaimable:     688404 kB
Slab:             229688 kB
SReclaimable:      80240 kB
SUnreclaim:       149448 kB
KernelStack:       48816 kB
PageTables:        68784 kB
NFS_Unstable:          0 kB
Bounce:                0 kB
WritebackTmp:          0 kB
CommitLimit:     9202292 kB
Committed_AS:   76603728 kB
VmallocTotal:   263061440 kB
VmallocUsed:      105820 kB
VmallocChunk:          0 kB
Percpu:             7648 kB
CmaTotal:         294912 kB
CmaFree:               0 kB
MemTotal:       12113136 kB
MemFree:         6309472 kB
MemAvailable:    8019700 kB
Buffers:            5220 kB
Cached:          1915176 kB
SwapCached:            0 kB
Active:          1626120 kB
Inactive:        1612420 kB
Active(anon):    1324728 kB
Inactive(anon):    23284 kB
Active(file):     301392 kB
Inactive(file):  1589136 kB
Unevictable:        5616 kB
Mlocked:            5616 kB
SwapTotal:       3145724 kB
SwapFree:        3145724 kB
Dirty:               188 kB
Writeback:             0 kB
AnonPages:       1323956 kB
Mapped:           878212 kB
Shmem:             25304 kB
KReclaimable:     688404 kB
Slab:             229672 kB
SReclaimable:      80240 kB
SUnreclaim:       149432 kB
KernelStack:       48736 kB
PageTables:        68676 kB
NFS_Unstable:          0 kB
Bounce:                0 kB
WritebackTmp:          0 kB
CommitLimit:     9202292 kB
Committed_AS:   76610680 kB
VmallocTotal:   263061440 kB
VmallocUsed:      105836 kB
VmallocChunk:          0 kB
Percpu:             7648 kB
CmaTotal:         294912 kB
CmaFree:               0 kB
MemTotal:       12113136 kB
MemFree:         6308688 kB
MemAvailable:    8018928 kB
Buffers:            5220 kB
Cached:          1915188 kB
SwapCached:            0 kB
Active:          1626532 kB
Inactive:        1612432 kB
Active(anon):    1325140 kB
Inactive(anon):    23284 kB
Active(file):     301392 kB
Inactive(file):  1589148 kB
Unevictable:        5616 kB
Mlocked:            5616 kB
SwapTotal:       3145724 kB
SwapFree:        3145724 kB
Dirty:               260 kB
Writeback:             0 kB
AnonPages:       1324340 kB
Mapped:           878212 kB
Shmem:             25304 kB
KReclaimable:     688404 kB
Slab:             229680 kB
SReclaimable:      80240 kB
SUnreclaim:       149440 kB
KernelStack:       48800 kB
PageTables:        68808 kB
NFS_Unstable:          0 kB
Bounce:                0 kB
WritebackTmp:          0 kB
CommitLimit:     9202292 kB
Committed_AS:   76612672 kB
VmallocTotal:   263061440 kB
VmallocUsed:      105852 kB
VmallocChunk:          0 kB
Percpu:             7648 kB
CmaTotal:         294912 kB
CmaFree:               0 kB
MemTotal:       12113136 kB
MemFree:         6307704 kB
MemAvailable:    8017952 kB
Buffers:            5220 kB
Cached:          1915196 kB
SwapCached:            0 kB
Active:          1626400 kB
Inactive:        1612440 kB
Active(anon):    1325008 kB
Inactive(anon):    23284 kB
Active(file):     301392 kB
Inactive(file):  1589156 kB
Unevictable:        5616 kB
Mlocked:            5616 kB
SwapTotal:       3145724 kB
SwapFree:        3145724 kB
Dirty:               268 kB
Writeback:             0 kB
AnonPages:       1323980 kB
Mapped:           878212 kB
Shmem:             25304 kB
KReclaimable:     688404 kB
Slab:             229664 kB
SReclaimable:      80240 kB
SUnreclaim:       149424 kB
KernelStack:       48752 kB
PageTables:        68724 kB
NFS_Unstable:          0 kB
Bounce:                0 kB
WritebackTmp:          0 kB
CommitLimit:     9202292 kB
Committed_AS:   76607684 kB
VmallocTotal:   263061440 kB
VmallocUsed:      105836 kB
VmallocChunk:          0 kB
Percpu:             7648 kB
CmaTotal:         294912 kB
CmaFree:               0 kB
MemTotal:       12113136 kB
MemFree:         6282624 kB
MemAvailable:    7992896 kB
Buffers:            5220 kB
Cached:          1915204 kB
SwapCached:            0 kB
Active:          1655348 kB
Inactive:        1612448 kB
Active(anon):    1353956 kB
Inactive(anon):    23284 kB
Active(file):     301392 kB
Inactive(file):  1589164 kB
Unevictable:        5616 kB
Mlocked:            5616 kB
SwapTotal:       3145724 kB
SwapFree:        3145724 kB
Dirty:               328 kB
Writeback:             0 kB
AnonPages:       1352956 kB
Mapped:           878212 kB
Shmem:             25304 kB
KReclaimable:     688420 kB
Slab:             229652 kB
SReclaimable:      80256 kB
SUnreclaim:       149396 kB
KernelStack:       48800 kB
PageTables:        68836 kB
NFS_Unstable:          0 kB
Bounce:                0 kB
WritebackTmp:          0 kB
CommitLimit:     9202292 kB
Committed_AS:   76611824 kB
VmallocTotal:   263061440 kB
VmallocUsed:      105852 kB
VmallocChunk:          0 kB
Percpu:             7648 kB
CmaTotal:         294912 kB
CmaFree:               0 kB
MemTotal:       12113136 kB
MemFree:         6280532 kB
MemAvailable:    7990820 kB
Buffers:            5220 kB
Cached:          1915220 kB
SwapCached:            0 kB
Active:          1657008 kB
Inactive:        1612464 kB
Active(anon):    1355616 kB
Inactive(anon):    23284 kB
Active(file):     301392 kB
Inactive(file):  1589180 kB
Unevictable:        5616 kB
Mlocked:            5616 kB
SwapTotal:       3145724 kB
SwapFree:        3145724 kB
Dirty:               344 kB
Writeback:             0 kB
AnonPages:       1354736 kB
Mapped:           878212 kB
Shmem:             25304 kB
KReclaimable:     688420 kB
Slab:             229628 kB
SReclaimable:      80256 kB
SUnreclaim:       149372 kB
KernelStack:       48816 kB
PageTables:        68736 kB
NFS_Unstable:          0 kB
Bounce:                0 kB
WritebackTmp:          0 kB
CommitLimit:     9202292 kB
Committed_AS:   76610792 kB
VmallocTotal:   263061440 kB
VmallocUsed:      105884 kB
VmallocChunk:          0 kB
Percpu:             7648 kB
CmaTotal:         294912 kB
CmaFree:               0 kB
MemTotal:       12113136 kB
MemFree:         6263688 kB
MemAvailable:    7973984 kB
Buffers:            5220 kB
Cached:          1915228 kB
SwapCached:            0 kB
Active:          1675456 kB
Inactive:        1612472 kB
Active(anon):    1374064 kB
Inactive(anon):    23284 kB
Active(file):     301392 kB
Inactive(file):  1589188 kB
Unevictable:        5616 kB
Mlocked:            5616 kB
SwapTotal:       3145724 kB
SwapFree:        3145724 kB
Dirty:               188 kB
Writeback:             0 kB
AnonPages:       1373192 kB
Mapped:           878212 kB
Shmem:             25304 kB
KReclaimable:     688420 kB
Slab:             229616 kB
SReclaimable:      80256 kB
SUnreclaim:       149360 kB
KernelStack:       48800 kB
PageTables:        68792 kB
NFS_Unstable:          0 kB
Bounce:                0 kB
WritebackTmp:          0 kB
CommitLimit:     9202292 kB
Committed_AS:   76610396 kB
VmallocTotal:   263061440 kB
VmallocUsed:      105804 kB
VmallocChunk:          0 kB
Percpu:             7648 kB
CmaTotal:         294912 kB
CmaFree:               0 kB
MemTotal:       12113136 kB
MemFree:         6279032 kB
MemAvailable:    7989360 kB
Buffers:            5220 kB
Cached:          1915244 kB
SwapCached:            0 kB
Active:          1657120 kB
Inactive:        1612488 kB
Active(anon):    1355728 kB
Inactive(anon):    23284 kB
Active(file):     301392 kB
Inactive(file):  1589204 kB
Unevictable:        5616 kB
Mlocked:            5616 kB
SwapTotal:       3145724 kB
SwapFree:        3145724 kB
Dirty:               292 kB
Writeback:             0 kB
AnonPages:       1354672 kB
Mapped:           878212 kB
Shmem:             25304 kB
KReclaimable:     688436 kB
Slab:             229676 kB
SReclaimable:      80272 kB
SUnreclaim:       149404 kB
KernelStack:       48768 kB
PageTables:        68708 kB
NFS_Unstable:          0 kB
Bounce:                0 kB
WritebackTmp:          0 kB
CommitLimit:     9202292 kB
Committed_AS:   76606712 kB
VmallocTotal:   263061440 kB
VmallocUsed:      105804 kB
VmallocChunk:          0 kB
Percpu:             7648 kB
CmaTotal:         294912 kB
CmaFree:               0 kB
MemTotal:       12113136 kB
MemFree:         6277092 kB
MemAvailable:    7987428 kB
Buffers:            5220 kB
Cached:          1915260 kB
SwapCached:            0 kB
Active:          1657864 kB
Inactive:        1612500 kB
Active(anon):    1356472 kB
Inactive(anon):    23288 kB
Active(file):     301392 kB
Inactive(file):  1589212 kB
Unevictable:        5616 kB
Mlocked:            5616 kB
SwapTotal:       3145724 kB
SwapFree:        3145724 kB
Dirty:               304 kB
Writeback:             0 kB
AnonPages:       1355412 kB
Mapped:           878220 kB
Shmem:             25312 kB
KReclaimable:     688436 kB
Slab:             229652 kB
SReclaimable:      80272 kB
SUnreclaim:       149380 kB
KernelStack:       48784 kB
PageTables:        68744 kB
NFS_Unstable:          0 kB
Bounce:                0 kB
WritebackTmp:          0 kB
CommitLimit:     9202292 kB
Committed_AS:   76607088 kB
VmallocTotal:   263061440 kB
VmallocUsed:      105772 kB
VmallocChunk:          0 kB
Percpu:             7648 kB
CmaTotal:         294912 kB
CmaFree:               0 kB
MemTotal:       12113136 kB
MemFree:         6276688 kB
MemAvailable:    7987060 kB
Buffers:            5220 kB
Cached:          1915296 kB
SwapCached:            0 kB
Active:          1658480 kB
Inactive:        1612544 kB
Active(anon):    1357092 kB
Inactive(anon):    23292 kB
Active(file):     301388 kB
Inactive(file):  1589252 kB
Unevictable:        5616 kB
Mlocked:            5616 kB
SwapTotal:       3145724 kB
SwapFree:        3145724 kB
Dirty:               356 kB
Writeback:             0 kB
AnonPages:       1356100 kB
Mapped:           878220 kB
Shmem:             25312 kB
KReclaimable:     688436 kB
Slab:             229656 kB
SReclaimable:      80272 kB
SUnreclaim:       149384 kB
KernelStack:       48752 kB
PageTables:        68728 kB
NFS_Unstable:          0 kB
Bounce:                0 kB
WritebackTmp:          0 kB
CommitLimit:     9202292 kB
Committed_AS:   76606692 kB
VmallocTotal:   263061440 kB
VmallocUsed:      105756 kB
VmallocChunk:          0 kB
Percpu:             7648 kB
CmaTotal:         294912 kB
CmaFree:               0 kB
MemTotal:       12113136 kB
MemFree:         6276608 kB
MemAvailable:    7986988 kB
Buffers:            5220 kB
Cached:          1915304 kB
SwapCached:            0 kB
Active:          1659664 kB
Inactive:        1612552 kB
Active(anon):    1358276 kB
Inactive(anon):    23292 kB
Active(file):     301388 kB
Inactive(file):  1589260 kB
Unevictable:        5616 kB
Mlocked:            5616 kB
SwapTotal:       3145724 kB
SwapFree:        3145724 kB
Dirty:               380 kB
Writeback:             0 kB
AnonPages:       1357308 kB
Mapped:           878220 kB
Shmem:             25312 kB
KReclaimable:     688436 kB
Slab:             229660 kB
SReclaimable:      80272 kB
SUnreclaim:       149388 kB
KernelStack:       48800 kB
PageTables:        68800 kB
NFS_Unstable:          0 kB
Bounce:                0 kB
WritebackTmp:          0 kB
CommitLimit:     9202292 kB
Committed_AS:   76608904 kB
VmallocTotal:   263061440 kB
VmallocUsed:      105788 kB
VmallocChunk:          0 kB
Percpu:             7648 kB
CmaTotal:         294912 kB
CmaFree:               0 kB
MemTotal:       12113136 kB
MemFree:         6275220 kB
MemAvailable:    7985608 kB
Buffers:            5220 kB
Cached:          1915312 kB
SwapCached:            0 kB
Active:          1660452 kB
Inactive:        1612556 kB
Active(anon):    1359060 kB
Inactive(anon):    23292 kB
Active(file):     301392 kB
Inactive(file):  1589264 kB
Unevictable:        5616 kB
Mlocked:            5616 kB
SwapTotal:       3145724 kB
SwapFree:        3145724 kB
Dirty:               404 kB
Writeback:             0 kB
AnonPages:       1357988 kB
Mapped:           878220 kB
Shmem:             25312 kB
KReclaimable:     688436 kB
Slab:             229660 kB
SReclaimable:      80272 kB
SUnreclaim:       149388 kB
KernelStack:       48752 kB
PageTables:        68728 kB
NFS_Unstable:          0 kB
Bounce:                0 kB
WritebackTmp:          0 kB
CommitLimit:     9202292 kB
Committed_AS:   76602036 kB
VmallocTotal:   263061440 kB
VmallocUsed:      105820 kB
VmallocChunk:          0 kB
Percpu:             7648 kB
CmaTotal:         294912 kB
CmaFree:               0 kB
MemTotal:       12113136 kB
MemFree:         6274452 kB
MemAvailable:    7984856 kB
Buffers:            5220 kB
Cached:          1915332 kB
SwapCached:            0 kB
Active:          1661148 kB
Inactive:        1612576 kB
Active(anon):    1359756 kB
Inactive(anon):    23296 kB
Active(file):     301392 kB
Inactive(file):  1589280 kB
Unevictable:        5616 kB
Mlocked:            5616 kB
SwapTotal:       3145724 kB
SwapFree:        3145724 kB
Dirty:               264 kB
Writeback:             0 kB
AnonPages:       1358756 kB
Mapped:           878224 kB
Shmem:             25316 kB
KReclaimable:     688436 kB
Slab:             229664 kB
SReclaimable:      80272 kB
SUnreclaim:       149392 kB
KernelStack:       48768 kB
PageTables:        68744 kB
NFS_Unstable:          0 kB
Bounce:                0 kB
WritebackTmp:          0 kB
CommitLimit:     9202292 kB
Committed_AS:   76605200 kB
VmallocTotal:   263061440 kB
VmallocUsed:      105836 kB
VmallocChunk:          0 kB
Percpu:             7648 kB
CmaTotal:         294912 kB
CmaFree:               0 kB
MemTotal:       12113136 kB
MemFree:         6282780 kB
MemAvailable:    7993200 kB
Buffers:            5220 kB
Cached:          1915348 kB
SwapCached:            0 kB
Active:          1652432 kB
Inactive:        1612592 kB
Active(anon):    1351040 kB
Inactive(anon):    23296 kB
Active(file):     301392 kB
Inactive(file):  1589296 kB
Unevictable:        5616 kB
Mlocked:            5616 kB
SwapTotal:       3145724 kB
SwapFree:        3145724 kB
Dirty:               304 kB
Writeback:             0 kB
AnonPages:       1350132 kB
Mapped:           878224 kB
Shmem:             25316 kB
KReclaimable:     688436 kB
Slab:             229664 kB
SReclaimable:      80272 kB
SUnreclaim:       149392 kB
KernelStack:       48752 kB
PageTables:        68720 kB
NFS_Unstable:          0 kB
Bounce:                0 kB
WritebackTmp:          0 kB
CommitLimit:     9202292 kB
Committed_AS:   76604896 kB
VmallocTotal:   263061440 kB
VmallocUsed:      105852 kB
VmallocChunk:          0 kB
Percpu:             7648 kB
CmaTotal:         294912 kB
CmaFree:              44 kB
MemTotal:       12113136 kB
MemFree:         6281468 kB
MemAvailable:    7991904 kB
Buffers:            5220 kB
Cached:          1915364 kB
SwapCached:            0 kB
Active:          1653380 kB
Inactive:        1612608 kB
Active(anon):    1351988 kB
Inactive(anon):    23296 kB
Active(file):     301392 kB
Inactive(file):  1589312 kB
Unevictable:        5616 kB
Mlocked:            5616 kB
SwapTotal:       3145724 kB
SwapFree:        3145724 kB
Dirty:               340 kB
Writeback:             0 kB
AnonPages:       1350960 kB
Mapped:           878380 kB
Shmem:             25316 kB
KReclaimable:     688436 kB
Slab:             229668 kB
SReclaimable:      80272 kB
SUnreclaim:       149396 kB
KernelStack:       48800 kB
PageTables:        68824 kB
NFS_Unstable:          0 kB
Bounce:                0 kB
WritebackTmp:          0 kB
CommitLimit:     9202292 kB
Committed_AS:   76607272 kB
VmallocTotal:   263061440 kB
VmallocUsed:      105852 kB
VmallocChunk:          0 kB
Percpu:             7648 kB
CmaTotal:         294912 kB
CmaFree:               0 kB
MemTotal:       12113136 kB
MemFree:         6281728 kB
MemAvailable:    7992192 kB
Buffers:            5224 kB
Cached:          1915388 kB
SwapCached:            0 kB
Active:          1653636 kB
Inactive:        1612632 kB
Active(anon):    1352240 kB
Inactive(anon):    23296 kB
Active(file):     301396 kB
Inactive(file):  1589336 kB
Unevictable:        5616 kB
Mlocked:            5616 kB
SwapTotal:       3145724 kB
SwapFree:        3145724 kB
Dirty:               336 kB
Writeback:             0 kB
AnonPages:       1351216 kB
Mapped:           878224 kB
Shmem:             25316 kB
KReclaimable:     688436 kB
Slab:             229668 kB
SReclaimable:      80272 kB
SUnreclaim:       149396 kB
KernelStack:       48752 kB
PageTables:        68728 kB
NFS_Unstable:          0 kB
Bounce:                0 kB
WritebackTmp:          0 kB
CommitLimit:     9202292 kB
Committed_AS:   76607956 kB
VmallocTotal:   263061440 kB
VmallocUsed:      105852 kB
VmallocChunk:          0 kB
Percpu:             7648 kB
CmaTotal:         294912 kB
CmaFree:              28 kB
MemTotal:       12113136 kB
MemFree:         6281496 kB
MemAvailable:    7991972 kB
Buffers:            5224 kB
Cached:          1915404 kB
SwapCached:            0 kB
Active:          1654308 kB
Inactive:        1612648 kB
Active(anon):    1352912 kB
Inactive(anon):    23300 kB
Active(file):     301396 kB
Inactive(file):  1589348 kB
Unevictable:        5616 kB
Mlocked:            5616 kB
SwapTotal:       3145724 kB
SwapFree:        3145724 kB
Dirty:               188 kB
Writeback:           172 kB
AnonPages:       1351924 kB
Mapped:           878264 kB
Shmem:             25320 kB
KReclaimable:     688436 kB
Slab:             229668 kB
SReclaimable:      80272 kB
SUnreclaim:       149396 kB
KernelStack:       48800 kB
PageTables:        68908 kB
NFS_Unstable:          0 kB
Bounce:                0 kB
WritebackTmp:          0 kB
CommitLimit:     9202292 kB
Committed_AS:   76607424 kB
VmallocTotal:   263061440 kB
VmallocUsed:      105820 kB
VmallocChunk:          0 kB
Percpu:             7648 kB
CmaTotal:         294912 kB
CmaFree:               0 kB
MemTotal:       12113136 kB
MemFree:         6280572 kB
MemAvailable:    7991064 kB
Buffers:            5224 kB
Cached:          1915420 kB
SwapCached:            0 kB
Active:          1654516 kB
Inactive:        1612664 kB
Active(anon):    1353120 kB
Inactive(anon):    23300 kB
Active(file):     301396 kB
Inactive(file):  1589364 kB
Unevictable:        5616 kB
Mlocked:            5616 kB
SwapTotal:       3145724 kB
SwapFree:        3145724 kB
Dirty:               244 kB
Writeback:             0 kB
AnonPages:       1352172 kB
Mapped:           878228 kB
Shmem:             25320 kB
KReclaimable:     688436 kB
Slab:             229680 kB
SReclaimable:      80272 kB
SUnreclaim:       149408 kB
KernelStack:       48752 kB
PageTables:        68732 kB
NFS_Unstable:          0 kB
Bounce:                0 kB
WritebackTmp:          0 kB
CommitLimit:     9202292 kB
Committed_AS:   76613812 kB
VmallocTotal:   263061440 kB
VmallocUsed:      105836 kB
VmallocChunk:          0 kB
Percpu:             7648 kB
CmaTotal:         294912 kB
CmaFree:               0 kB
MemTotal:       12113136 kB
MemFree:         6297648 kB
MemAvailable:    8008148 kB
Buffers:            5224 kB
Cached:          1915428 kB
SwapCached:            0 kB
Active:          1637100 kB
Inactive:        1612672 kB
Active(anon):    1335704 kB
Inactive(anon):    23300 kB
Active(file):     301396 kB
Inactive(file):  1589372 kB
Unevictable:        5616 kB
Mlocked:            5616 kB
SwapTotal:       3145724 kB
SwapFree:        3145724 kB
Dirty:               280 kB
Writeback:             0 kB
AnonPages:       1334688 kB
Mapped:           878228 kB
Shmem:             25320 kB
KReclaimable:     688436 kB
Slab:             229672 kB
SReclaimable:      80272 kB
SUnreclaim:       149400 kB
KernelStack:       48800 kB
PageTables:        68828 kB
NFS_Unstable:          0 kB
Bounce:                0 kB
WritebackTmp:          0 kB
CommitLimit:     9202292 kB
Committed_AS:   76614012 kB
VmallocTotal:   263061440 kB
VmallocUsed:      105868 kB
VmallocChunk:          0 kB
Percpu:             7648 kB
CmaTotal:         294912 kB
CmaFree:               0 kB
MemTotal:       12113136 kB
MemFree:         6306772 kB
MemAvailable:    8017288 kB
Buffers:            5224 kB
Cached:          1915448 kB
SwapCached:            0 kB
Active:          1627364 kB
Inactive:        1612692 kB
Active(anon):    1325968 kB
Inactive(anon):    23304 kB
Active(file):     301396 kB
Inactive(file):  1589388 kB
Unevictable:        5616 kB
Mlocked:            5616 kB
SwapTotal:       3145724 kB
SwapFree:        3145724 kB
Dirty:               336 kB
Writeback:             0 kB
AnonPages:       1324948 kB
Mapped:           878232 kB
Shmem:             25324 kB
KReclaimable:     688436 kB
Slab:             229672 kB
SReclaimable:      80272 kB
SUnreclaim:       149400 kB
KernelStack:       48736 kB
PageTables:        68732 kB
NFS_Unstable:          0 kB
Bounce:                0 kB
WritebackTmp:          0 kB
CommitLimit:     9202292 kB
Committed_AS:   76614152 kB
VmallocTotal:   263061440 kB
VmallocUsed:      105804 kB
VmallocChunk:          0 kB
Percpu:             7648 kB
CmaTotal:         294912 kB
CmaFree:               0 kB
MemTotal:       12113136 kB
MemFree:         6306696 kB
MemAvailable:    8017224 kB
Buffers:            5224 kB
Cached:          1915460 kB
SwapCached:            0 kB
Active:          1628832 kB
Inactive:        1612704 kB
Active(anon):    1327436 kB
Inactive(anon):    23304 kB
Active(file):     301396 kB
Inactive(file):  1589400 kB
Unevictable:        5616 kB
Mlocked:            5616 kB
SwapTotal:       3145724 kB
SwapFree:        3145724 kB
Dirty:               352 kB
Writeback:             0 kB
AnonPages:       1326464 kB
Mapped:           878232 kB
Shmem:             25324 kB
KReclaimable:     688436 kB
Slab:             229680 kB
SReclaimable:      80272 kB
SUnreclaim:       149408 kB
KernelStack:       48768 kB
PageTables:        68776 kB
NFS_Unstable:          0 kB
Bounce:                0 kB
WritebackTmp:          0 kB
CommitLimit:     9202292 kB
Committed_AS:   76614112 kB
VmallocTotal:   263061440 kB
VmallocUsed:      105836 kB
VmallocChunk:          0 kB
Percpu:             7648 kB
CmaTotal:         294912 kB
CmaFree:               0 kB
MemTotal:       12113136 kB
MemFree:         6306092 kB
MemAvailable:    8016632 kB
Buffers:            5224 kB
Cached:          1915472 kB
SwapCached:            0 kB
Active:          1629332 kB
Inactive:        1612716 kB
Active(anon):    1327936 kB
Inactive(anon):    23304 kB
Active(file):     301396 kB
Inactive(file):  1589412 kB
Unevictable:        5616 kB
Mlocked:            5616 kB
SwapTotal:       3145724 kB
SwapFree:        3145724 kB
Dirty:               364 kB
Writeback:             0 kB
AnonPages:       1326956 kB
Mapped:           878232 kB
Shmem:             25324 kB
KReclaimable:     688436 kB
Slab:             229680 kB
SReclaimable:      80272 kB
SUnreclaim:       149408 kB
KernelStack:       48736 kB
PageTables:        68732 kB
NFS_Unstable:          0 kB
Bounce:                0 kB
WritebackTmp:          0 kB
CommitLimit:     9202292 kB
Committed_AS:   76610704 kB
VmallocTotal:   263061440 kB
VmallocUsed:      105852 kB
VmallocChunk:          0 kB
Percpu:             7648 kB
CmaTotal:         294912 kB
CmaFree:               0 kB
MemTotal:       12113136 kB
MemFree:         6305740 kB
MemAvailable:    8016288 kB
Buffers:            5224 kB
Cached:          1915480 kB
SwapCached:            0 kB
Active:          1629144 kB
Inactive:        1612724 kB
Active(anon):    1327748 kB
Inactive(anon):    23304 kB
Active(file):     301396 kB
Inactive(file):  1589420 kB
Unevictable:        5616 kB
Mlocked:            5616 kB
SwapTotal:       3145724 kB
SwapFree:        3145724 kB
Dirty:               288 kB
Writeback:             0 kB
AnonPages:       1326676 kB
Mapped:           878244 kB
Shmem:             25324 kB
KReclaimable:     688436 kB
Slab:             229684 kB
SReclaimable:      80272 kB
SUnreclaim:       149412 kB
KernelStack:       48768 kB
PageTables:        68752 kB
NFS_Unstable:          0 kB
Bounce:                0 kB
WritebackTmp:          0 kB
CommitLimit:     9202292 kB
Committed_AS:   76609680 kB
VmallocTotal:   263061440 kB
VmallocUsed:      105820 kB
VmallocChunk:          0 kB
Percpu:             7648 kB
CmaTotal:         294912 kB
CmaFree:               0 kB
MemTotal:       12113136 kB
MemFree:         6305100 kB
MemAvailable:    8015656 kB
Buffers:            5224 kB
Cached:          1915488 kB
SwapCached:            0 kB
Active:          1629484 kB
Inactive:        1612732 kB
Active(anon):    1328088 kB
Inactive(anon):    23304 kB
Active(file):     301396 kB
Inactive(file):  1589428 kB
Unevictable:        5616 kB
Mlocked:            5616 kB
SwapTotal:       3145724 kB
SwapFree:        3145724 kB
Dirty:               300 kB
Writeback:             0 kB
AnonPages:       1327044 kB
Mapped:           878232 kB
Shmem:             25324 kB
KReclaimable:     688436 kB
Slab:             229684 kB
SReclaimable:      80272 kB
SUnreclaim:       149412 kB
KernelStack:       48736 kB
PageTables:        68724 kB
NFS_Unstable:          0 kB
Bounce:                0 kB
WritebackTmp:          0 kB
CommitLimit:     9202292 kB
Committed_AS:   76610184 kB
VmallocTotal:   263061440 kB
VmallocUsed:      105836 kB
VmallocChunk:          0 kB
Percpu:             7648 kB
CmaTotal:         294912 kB
CmaFree:               0 kB
MemTotal:       12113136 kB
MemFree:         6305060 kB
MemAvailable:    8015648 kB
Buffers:            5224 kB
Cached:          1915520 kB
SwapCached:            0 kB
Active:          1630512 kB
Inactive:        1612764 kB
Active(anon):    1329116 kB
Inactive(anon):    23304 kB
Active(file):     301396 kB
Inactive(file):  1589460 kB
Unevictable:        5616 kB
Mlocked:            5616 kB
SwapTotal:       3145724 kB
SwapFree:        3145724 kB
Dirty:               356 kB
Writeback:             0 kB
AnonPages:       1328308 kB
Mapped:           878232 kB
Shmem:             25324 kB
KReclaimable:     688436 kB
Slab:             229688 kB
SReclaimable:      80272 kB
SUnreclaim:       149416 kB
KernelStack:       48864 kB
PageTables:        68844 kB
NFS_Unstable:          0 kB
Bounce:                0 kB
WritebackTmp:          0 kB
CommitLimit:     9202292 kB
Committed_AS:   76610056 kB
VmallocTotal:   263061440 kB
VmallocUsed:      105868 kB
VmallocChunk:          0 kB
Percpu:             7648 kB
CmaTotal:         294912 kB
CmaFree:               0 kB
MemTotal:       12113136 kB
MemFree:         6304372 kB
MemAvailable:    8014968 kB
Buffers:            5224 kB
Cached:          1915528 kB
SwapCached:            0 kB
Active:          1629992 kB
Inactive:        1612772 kB
Active(anon):    1328596 kB
Inactive(anon):    23304 kB
Active(file):     301396 kB
Inactive(file):  1589468 kB
Unevictable:        5616 kB
Mlocked:            5616 kB
SwapTotal:       3145724 kB
SwapFree:        3145724 kB
Dirty:               408 kB
Writeback:             0 kB
AnonPages:       1327592 kB
Mapped:           878232 kB
Shmem:             25324 kB
KReclaimable:     688436 kB
Slab:             229688 kB
SReclaimable:      80272 kB
SUnreclaim:       149416 kB
KernelStack:       48832 kB
PageTables:        68868 kB
NFS_Unstable:          0 kB
Bounce:                0 kB
WritebackTmp:          0 kB
CommitLimit:     9202292 kB
Committed_AS:   76610612 kB
VmallocTotal:   263061440 kB
VmallocUsed:      105916 kB
VmallocChunk:          0 kB
Percpu:             7648 kB
CmaTotal:         294912 kB
CmaFree:               0 kB
MemTotal:       12113136 kB
MemFree:         6305208 kB
MemAvailable:    8015812 kB
Buffers:            5224 kB
Cached:          1915536 kB
SwapCached:            0 kB
Active:          1630652 kB
Inactive:        1612780 kB
Active(anon):    1329256 kB
Inactive(anon):    23304 kB
Active(file):     301396 kB
Inactive(file):  1589476 kB
Unevictable:        5616 kB
Mlocked:            5616 kB
SwapTotal:       3145724 kB
SwapFree:        3145724 kB
Dirty:               420 kB
Writeback:             0 kB
AnonPages:       1328288 kB
Mapped:           878236 kB
Shmem:             25324 kB
KReclaimable:     688436 kB
Slab:             229688 kB
SReclaimable:      80272 kB
SUnreclaim:       149416 kB
KernelStack:       48848 kB
PageTables:        68768 kB
NFS_Unstable:          0 kB
Bounce:                0 kB
WritebackTmp:          0 kB
CommitLimit:     9202292 kB
Committed_AS:   76606948 kB
VmallocTotal:   263061440 kB
VmallocUsed:      105900 kB
VmallocChunk:          0 kB
Percpu:             7648 kB
CmaTotal:         294912 kB
CmaFree:               0 kB
MemTotal:       12113136 kB
MemFree:         6303276 kB
MemAvailable:    8013892 kB
Buffers:            5224 kB
Cached:          1915548 kB
SwapCached:            0 kB
Active:          1631436 kB
Inactive:        1612792 kB
Active(anon):    1330040 kB
Inactive(anon):    23304 kB
Active(file):     301396 kB
Inactive(file):  1589488 kB
Unevictable:        5616 kB
Mlocked:            5616 kB
SwapTotal:       3145724 kB
SwapFree:        3145724 kB
Dirty:               284 kB
Writeback:             0 kB
AnonPages:       1328976 kB
Mapped:           878232 kB
Shmem:             25324 kB
KReclaimable:     688436 kB
Slab:             229688 kB
SReclaimable:      80272 kB
SUnreclaim:       149416 kB
KernelStack:       48816 kB
PageTables:        68740 kB
NFS_Unstable:          0 kB
Bounce:                0 kB
WritebackTmp:          0 kB
CommitLimit:     9202292 kB
Committed_AS:   76611484 kB
VmallocTotal:   263061440 kB
VmallocUsed:      105884 kB
VmallocChunk:          0 kB
Percpu:             7648 kB
CmaTotal:         294912 kB
CmaFree:               0 kB
MemTotal:       12113136 kB
MemFree:         6302732 kB
MemAvailable:    8013364 kB
Buffers:            5224 kB
Cached:          1915564 kB
SwapCached:            0 kB
Active:          1632104 kB
Inactive:        1612808 kB
Active(anon):    1330708 kB
Inactive(anon):    23304 kB
Active(file):     301396 kB
Inactive(file):  1589504 kB
Unevictable:        5616 kB
Mlocked:            5616 kB
SwapTotal:       3145724 kB
SwapFree:        3145724 kB
Dirty:               332 kB
Writeback:             0 kB
AnonPages:       1329760 kB
Mapped:           878232 kB
Shmem:             25324 kB
KReclaimable:     688436 kB
Slab:             229688 kB
SReclaimable:      80272 kB
SUnreclaim:       149416 kB
KernelStack:       48848 kB
PageTables:        68796 kB
NFS_Unstable:          0 kB
Bounce:                0 kB
WritebackTmp:          0 kB
CommitLimit:     9202292 kB
Committed_AS:   76611600 kB
VmallocTotal:   263061440 kB
VmallocUsed:      105868 kB
VmallocChunk:          0 kB
Percpu:             7648 kB
CmaTotal:         294912 kB
CmaFree:               0 kB
MemTotal:       12113136 kB
MemFree:         6302276 kB
MemAvailable:    8012920 kB
Buffers:            5224 kB
Cached:          1915576 kB
SwapCached:            0 kB
Active:          1632296 kB
Inactive:        1612820 kB
Active(anon):    1330900 kB
Inactive(anon):    23304 kB
Active(file):     301396 kB
Inactive(file):  1589516 kB
Unevictable:        5616 kB
Mlocked:            5616 kB
SwapTotal:       3145724 kB
SwapFree:        3145724 kB
Dirty:               344 kB
Writeback:             0 kB
AnonPages:       1330196 kB
Mapped:           878232 kB
Shmem:             25324 kB
KReclaimable:     688436 kB
Slab:             229688 kB
SReclaimable:      80272 kB
SUnreclaim:       149416 kB
KernelStack:       48816 kB
PageTables:        68744 kB
NFS_Unstable:          0 kB
Bounce:                0 kB
WritebackTmp:          0 kB
CommitLimit:     9202292 kB
Committed_AS:   76616004 kB
VmallocTotal:   263061440 kB
VmallocUsed:      105868 kB
VmallocChunk:          0 kB
Percpu:             7648 kB
CmaTotal:         294912 kB
CmaFree:               8 kB
MemTotal:       12113136 kB
MemFree:         6301956 kB
MemAvailable:    8012636 kB
Buffers:            5228 kB
Cached:          1915608 kB
SwapCached:            0 kB
Active:          1633396 kB
Inactive:        1612852 kB
Active(anon):    1331996 kB
Inactive(anon):    23304 kB
Active(file):     301400 kB
Inactive(file):  1589548 kB
Unevictable:        5616 kB
Mlocked:            5616 kB
SwapTotal:       3145724 kB
SwapFree:        3145724 kB
Dirty:               352 kB
Writeback:             0 kB
AnonPages:       1331224 kB
Mapped:           878356 kB
Shmem:             25324 kB
KReclaimable:     688436 kB
Slab:             229692 kB
SReclaimable:      80272 kB
SUnreclaim:       149420 kB
KernelStack:       48864 kB
PageTables:        68836 kB
NFS_Unstable:          0 kB
Bounce:                0 kB
WritebackTmp:          0 kB
CommitLimit:     9202292 kB
Committed_AS:   76615708 kB
VmallocTotal:   263061440 kB
VmallocUsed:      105884 kB
VmallocChunk:          0 kB
Percpu:             7648 kB
CmaTotal:         294912 kB
CmaFree:               0 kB
MemTotal:       12113136 kB
MemFree:         6301128 kB
MemAvailable:    8011816 kB
Buffers:            5228 kB
Cached:          1915620 kB
SwapCached:            0 kB
Active:          1634188 kB
Inactive:        1612864 kB
Active(anon):    1332788 kB
Inactive(anon):    23308 kB
Active(file):     301400 kB
Inactive(file):  1589556 kB
Unevictable:        5616 kB
Mlocked:            5616 kB
SwapTotal:       3145724 kB
SwapFree:        3145724 kB
Dirty:               384 kB
Writeback:             0 kB
AnonPages:       1331732 kB
Mapped:           878236 kB
Shmem:             25328 kB
KReclaimable:     688436 kB
Slab:             229692 kB
SReclaimable:      80272 kB
SUnreclaim:       149420 kB
KernelStack:       48832 kB
PageTables:        68864 kB
NFS_Unstable:          0 kB
Bounce:                0 kB
WritebackTmp:          0 kB
CommitLimit:     9202292 kB
Committed_AS:   76610516 kB
VmallocTotal:   263061440 kB
VmallocUsed:      105900 kB
VmallocChunk:          0 kB
Percpu:             7648 kB
CmaTotal:         294912 kB
CmaFree:               0 kB
MemTotal:       12113136 kB
MemFree:         6300436 kB
MemAvailable:    8011136 kB
Buffers:            5228 kB
Cached:          1915632 kB
SwapCached:            0 kB
Active:          1634880 kB
Inactive:        1612876 kB
Active(anon):    1333480 kB
Inactive(anon):    23308 kB
Active(file):     301400 kB
Inactive(file):  1589568 kB
Unevictable:        5616 kB
Mlocked:            5616 kB
SwapTotal:       3145724 kB
SwapFree:        3145724 kB
Dirty:               232 kB
Writeback:             0 kB
AnonPages:       1332476 kB
Mapped:           878240 kB
Shmem:             25328 kB
KReclaimable:     688436 kB
Slab:             229696 kB
SReclaimable:      80272 kB
SUnreclaim:       149424 kB
KernelStack:       48848 kB
PageTables:        68764 kB
NFS_Unstable:          0 kB
Bounce:                0 kB
WritebackTmp:          0 kB
CommitLimit:     9202292 kB
Committed_AS:   76610120 kB
VmallocTotal:   263061440 kB
VmallocUsed:      105916 kB
VmallocChunk:          0 kB
Percpu:             7648 kB
CmaTotal:         294912 kB
CmaFree:               0 kB
MemTotal:       12113136 kB
MemFree:         6299516 kB
MemAvailable:    8010232 kB
Buffers:            5228 kB
Cached:          1915648 kB
SwapCached:            0 kB
Active:          1635472 kB
Inactive:        1612892 kB
Active(anon):    1334072 kB
Inactive(anon):    23308 kB
Active(file):     301400 kB
Inactive(file):  1589584 kB
Unevictable:        5616 kB
Mlocked:            5616 kB
SwapTotal:       3145724 kB
SwapFree:        3145724 kB
Dirty:               288 kB
Writeback:             0 kB
AnonPages:       1332996 kB
Mapped:           878236 kB
Shmem:             25328 kB
KReclaimable:     688436 kB
Slab:             229696 kB
SReclaimable:      80272 kB
SUnreclaim:       149424 kB
KernelStack:       48832 kB
PageTables:        68712 kB
NFS_Unstable:          0 kB
Bounce:                0 kB
WritebackTmp:          0 kB
CommitLimit:     9202292 kB
Committed_AS:   76605640 kB
VmallocTotal:   263061440 kB
VmallocUsed:      105900 kB
VmallocChunk:          0 kB
Percpu:             7648 kB
CmaTotal:         294912 kB
CmaFree:               0 kB
MemTotal:       12113136 kB
MemFree:         6298824 kB
MemAvailable:    8009544 kB
Buffers:            5228 kB
Cached:          1915656 kB
SwapCached:            0 kB
Active:          1636356 kB
Inactive:        1612900 kB
Active(anon):    1334956 kB
Inactive(anon):    23312 kB
Active(file):     301400 kB
Inactive(file):  1589588 kB
Unevictable:        5616 kB
Mlocked:            5616 kB
SwapTotal:       3145724 kB
SwapFree:        3145724 kB
Dirty:               316 kB
Writeback:             0 kB
AnonPages:       1333936 kB
Mapped:           878240 kB
Shmem:             25332 kB
KReclaimable:     688436 kB
Slab:             229696 kB
SReclaimable:      80272 kB
SUnreclaim:       149424 kB
KernelStack:       48832 kB
PageTables:        68768 kB
NFS_Unstable:          0 kB
Bounce:                0 kB
WritebackTmp:          0 kB
CommitLimit:     9202292 kB
Committed_AS:   76611196 kB
VmallocTotal:   263061440 kB
VmallocUsed:      105868 kB
VmallocChunk:          0 kB
Percpu:             7648 kB
CmaTotal:         294912 kB
CmaFree:               0 kB
MemTotal:       12113136 kB
MemFree:         6299376 kB
MemAvailable:    8010092 kB
Buffers:            5228 kB
Cached:          1915676 kB
SwapCached:            0 kB
Active:          1636640 kB
Inactive:        1612904 kB
Active(anon):    1335244 kB
Inactive(anon):    23316 kB
Active(file):     301396 kB
Inactive(file):  1589588 kB
Unevictable:        5616 kB
Mlocked:            5616 kB
SwapTotal:       3145724 kB
SwapFree:        3145724 kB
Dirty:               332 kB
Writeback:             0 kB
AnonPages:       1334252 kB
Mapped:           878244 kB
Shmem:             25336 kB
KReclaimable:     688436 kB
Slab:             229700 kB
SReclaimable:      80272 kB
SUnreclaim:       149428 kB
KernelStack:       48816 kB
PageTables:        68744 kB
NFS_Unstable:          0 kB
Bounce:                0 kB
WritebackTmp:          0 kB
CommitLimit:     9202292 kB
Committed_AS:   76616044 kB
VmallocTotal:   263061440 kB
VmallocUsed:      105900 kB
VmallocChunk:          0 kB
Percpu:             7648 kB
CmaTotal:         294912 kB
CmaFree:               0 kB
MemTotal:       12113136 kB
MemFree:         6285684 kB
MemAvailable:    7996432 kB
Buffers:            5228 kB
Cached:          1915688 kB
SwapCached:            0 kB
Active:          1649640 kB
Inactive:        1612932 kB
Active(anon):    1348240 kB
Inactive(anon):    23316 kB
Active(file):     301400 kB
Inactive(file):  1589616 kB
Unevictable:        5616 kB
Mlocked:            5616 kB
SwapTotal:       3145724 kB
SwapFree:        3145724 kB
Dirty:               344 kB
Writeback:             0 kB
AnonPages:       1347684 kB
Mapped:           878372 kB
Shmem:             25336 kB
KReclaimable:     688436 kB
Slab:             229700 kB
SReclaimable:      80272 kB
SUnreclaim:       149428 kB
KernelStack:       48880 kB
PageTables:        68844 kB
NFS_Unstable:          0 kB
Bounce:                0 kB
WritebackTmp:          0 kB
CommitLimit:     9202292 kB
Committed_AS:   76616264 kB
VmallocTotal:   263061440 kB
VmallocUsed:      105932 kB
VmallocChunk:          0 kB
Percpu:             7648 kB
CmaTotal:         294912 kB
CmaFree:               0 kB
MemTotal:       12113136 kB
MemFree:         6261004 kB
MemAvailable:    7971780 kB
Buffers:            5228 kB
Cached:          1915700 kB
SwapCached:            0 kB
Active:          1675084 kB
Inactive:        1612944 kB
Active(anon):    1373684 kB
Inactive(anon):    23316 kB
Active(file):     301400 kB
Inactive(file):  1589628 kB
Unevictable:        5616 kB
Mlocked:            5616 kB
SwapTotal:       3145724 kB
SwapFree:        3145724 kB
Dirty:               256 kB
Writeback:             0 kB
AnonPages:       1372624 kB
Mapped:           878244 kB
Shmem:             25336 kB
KReclaimable:     688452 kB
Slab:             229720 kB
SReclaimable:      80288 kB
SUnreclaim:       149432 kB
KernelStack:       48832 kB
PageTables:        68744 kB
NFS_Unstable:          0 kB
Bounce:                0 kB
WritebackTmp:          0 kB
CommitLimit:     9202292 kB
Committed_AS:   76615788 kB
VmallocTotal:   263061440 kB
VmallocUsed:      105900 kB
VmallocChunk:          0 kB
Percpu:             7648 kB
CmaTotal:         294912 kB
CmaFree:               0 kB
MemTotal:       12113136 kB
MemFree:         6258836 kB
MemAvailable:    7969616 kB
Buffers:            5228 kB
Cached:          1915708 kB
SwapCached:            0 kB
Active:          1676412 kB
Inactive:        1612952 kB
Active(anon):    1375012 kB
Inactive(anon):    23320 kB
Active(file):     301400 kB
Inactive(file):  1589632 kB
Unevictable:        5616 kB
Mlocked:            5616 kB
SwapTotal:       3145724 kB
SwapFree:        3145724 kB
Dirty:               316 kB
Writeback:             0 kB
AnonPages:       1374032 kB
Mapped:           878308 kB
Shmem:             25340 kB
KReclaimable:     688452 kB
Slab:             229736 kB
SReclaimable:      80288 kB
SUnreclaim:       149448 kB
KernelStack:       48880 kB
PageTables:        68916 kB
NFS_Unstable:          0 kB
Bounce:                0 kB
WritebackTmp:          0 kB
CommitLimit:     9202292 kB
Committed_AS:   76606100 kB
VmallocTotal:   263061440 kB
VmallocUsed:      105900 kB
VmallocChunk:          0 kB
Percpu:             7648 kB
CmaTotal:         294912 kB
CmaFree:               0 kB
MemTotal:       12113136 kB
MemFree:         6259072 kB
MemAvailable:    7969872 kB
Buffers:            5228 kB
Cached:          1915724 kB
SwapCached:            0 kB
Active:          1676304 kB
Inactive:        1612968 kB
Active(anon):    1374904 kB
Inactive(anon):    23320 kB
Active(file):     301400 kB
Inactive(file):  1589648 kB
Unevictable:        5616 kB
Mlocked:            5616 kB
SwapTotal:       3145724 kB
SwapFree:        3145724 kB
Dirty:               344 kB
Writeback:             0 kB
AnonPages:       1373864 kB
Mapped:           878308 kB
Shmem:             25340 kB
KReclaimable:     688456 kB
Slab:             229740 kB
SReclaimable:      80292 kB
SUnreclaim:       149448 kB
KernelStack:       48832 kB
PageTables:        68748 kB
NFS_Unstable:          0 kB
Bounce:                0 kB
WritebackTmp:          0 kB
CommitLimit:     9202292 kB
Committed_AS:   76615940 kB
VmallocTotal:   263061440 kB
VmallocUsed:      105916 kB
VmallocChunk:          0 kB
Percpu:             7648 kB
CmaTotal:         294912 kB
CmaFree:               0 kB
MemTotal:       12113136 kB
MemFree:         6259524 kB
MemAvailable:    7970356 kB
Buffers:            5228 kB
Cached:          1915756 kB
SwapCached:            0 kB
Active:          1677576 kB
Inactive:        1613000 kB
Active(anon):    1376176 kB
Inactive(anon):    23320 kB
Active(file):     301400 kB
Inactive(file):  1589680 kB
Unevictable:        5616 kB
Mlocked:            5616 kB
SwapTotal:       3145724 kB
SwapFree:        3145724 kB
Dirty:               400 kB
Writeback:             0 kB
AnonPages:       1375120 kB
Mapped:           878308 kB
Shmem:             25340 kB
KReclaimable:     688456 kB
Slab:             229712 kB
SReclaimable:      80292 kB
SUnreclaim:       149420 kB
KernelStack:       48880 kB
PageTables:        68832 kB
NFS_Unstable:          0 kB
Bounce:                0 kB
WritebackTmp:          0 kB
CommitLimit:     9202292 kB
Committed_AS:   76615720 kB
VmallocTotal:   263061440 kB
VmallocUsed:      105884 kB
VmallocChunk:          0 kB
Percpu:             7648 kB
CmaTotal:         294912 kB
CmaFree:               0 kB
MemTotal:       12113136 kB
MemFree:         6257812 kB
MemAvailable:    7968648 kB
Buffers:            5228 kB
Cached:          1915764 kB
SwapCached:            0 kB
Active:          1678240 kB
Inactive:        1613008 kB
Active(anon):    1376840 kB
Inactive(anon):    23324 kB
Active(file):     301400 kB
Inactive(file):  1589684 kB
Unevictable:        5616 kB
Mlocked:            5616 kB
SwapTotal:       3145724 kB
SwapFree:        3145724 kB
Dirty:               408 kB
Writeback:             0 kB
AnonPages:       1375864 kB
Mapped:           878312 kB
Shmem:             25344 kB
KReclaimable:     688456 kB
Slab:             229720 kB
SReclaimable:      80292 kB
SUnreclaim:       149428 kB
KernelStack:       48832 kB
PageTables:        68752 kB
NFS_Unstable:          0 kB
Bounce:                0 kB
WritebackTmp:          0 kB
CommitLimit:     9202292 kB
Committed_AS:   76615228 kB
VmallocTotal:   263061440 kB
VmallocUsed:      105916 kB
VmallocChunk:          0 kB
Percpu:             7648 kB
CmaTotal:         294912 kB
CmaFree:               0 kB
MemTotal:       12113136 kB
MemFree:         6265640 kB
MemAvailable:    7976496 kB
Buffers:            5228 kB
Cached:          1915784 kB
SwapCached:            0 kB
Active:          1668780 kB
Inactive:        1613028 kB
Active(anon):    1367380 kB
Inactive(anon):    23324 kB
Active(file):     301400 kB
Inactive(file):  1589704 kB
Unevictable:        5616 kB
Mlocked:            5616 kB
SwapTotal:       3145724 kB
SwapFree:        3145724 kB
Dirty:               216 kB
Writeback:             0 kB
AnonPages:       1366608 kB
Mapped:           878312 kB
Shmem:             25344 kB
KReclaimable:     688456 kB
Slab:             229724 kB
SReclaimable:      80292 kB
SUnreclaim:       149432 kB
KernelStack:       48880 kB
PageTables:        68820 kB
NFS_Unstable:          0 kB
Bounce:                0 kB
WritebackTmp:          0 kB
CommitLimit:     9202292 kB
Committed_AS:   76615276 kB
VmallocTotal:   263061440 kB
VmallocUsed:      105900 kB
VmallocChunk:          0 kB
Percpu:             7648 kB
CmaTotal:         294912 kB
CmaFree:               0 kB
MemTotal:       12113136 kB
MemFree:         6264600 kB
MemAvailable:    7975464 kB
Buffers:            5228 kB
Cached:          1915792 kB
SwapCached:            0 kB
Active:          1669248 kB
Inactive:        1613036 kB
Active(anon):    1367848 kB
Inactive(anon):    23324 kB
Active(file):     301400 kB
Inactive(file):  1589712 kB
Unevictable:        5616 kB
Mlocked:            5616 kB
SwapTotal:       3145724 kB
SwapFree:        3145724 kB
Dirty:               280 kB
Writeback:             0 kB
AnonPages:       1366864 kB
Mapped:           878312 kB
Shmem:             25344 kB
KReclaimable:     688456 kB
Slab:             229724 kB
SReclaimable:      80292 kB
SUnreclaim:       149432 kB
KernelStack:       48832 kB
PageTables:        68752 kB
NFS_Unstable:          0 kB
Bounce:                0 kB
WritebackTmp:          0 kB
CommitLimit:     9202292 kB
Committed_AS:   76610148 kB
VmallocTotal:   263061440 kB
VmallocUsed:      105868 kB
VmallocChunk:          0 kB
Percpu:             7648 kB
CmaTotal:         294912 kB
CmaFree:              44 kB
MemTotal:       12113136 kB
MemFree:         6264104 kB
MemAvailable:    7974980 kB
Buffers:            5228 kB
Cached:          1915804 kB
SwapCached:            0 kB
Active:          1669956 kB
Inactive:        1613048 kB
Active(anon):    1368556 kB
Inactive(anon):    23324 kB
Active(file):     301400 kB
Inactive(file):  1589724 kB
Unevictable:        5616 kB
Mlocked:            5616 kB
SwapTotal:       3145724 kB
SwapFree:        3145724 kB
Dirty:               292 kB
Writeback:             0 kB
AnonPages:       1367504 kB
Mapped:           878312 kB
Shmem:             25344 kB
KReclaimable:     688456 kB
Slab:             229724 kB
SReclaimable:      80292 kB
SUnreclaim:       149432 kB
KernelStack:       48880 kB
PageTables:        68748 kB
NFS_Unstable:          0 kB
Bounce:                0 kB
WritebackTmp:          0 kB
CommitLimit:     9202292 kB
Committed_AS:   76606056 kB
VmallocTotal:   263061440 kB
VmallocUsed:      105884 kB
VmallocChunk:          0 kB
Percpu:             7648 kB
CmaTotal:         294912 kB
CmaFree:               0 kB
MemTotal:       12113136 kB
MemFree:         6264524 kB
MemAvailable:    7975416 kB
Buffers:            5228 kB
Cached:          1915820 kB
SwapCached:            0 kB
Active:          1670300 kB
Inactive:        1613064 kB
Active(anon):    1368900 kB
Inactive(anon):    23324 kB
Active(file):     301400 kB
Inactive(file):  1589740 kB
Unevictable:        5616 kB
Mlocked:            5616 kB
SwapTotal:       3145724 kB
SwapFree:        3145724 kB
Dirty:               324 kB
Writeback:             0 kB
AnonPages:       1367844 kB
Mapped:           878312 kB
Shmem:             25344 kB
KReclaimable:     688456 kB
Slab:             229728 kB
SReclaimable:      80292 kB
SUnreclaim:       149436 kB
KernelStack:       48848 kB
PageTables:        68756 kB
NFS_Unstable:          0 kB
Bounce:                0 kB
WritebackTmp:          0 kB
CommitLimit:     9202292 kB
Committed_AS:   76605792 kB
VmallocTotal:   263061440 kB
VmallocUsed:      105932 kB
VmallocChunk:          0 kB
Percpu:             7648 kB
CmaTotal:         294912 kB
CmaFree:              20 kB
MemTotal:       12113136 kB
MemFree:         6264760 kB
MemAvailable:    7975688 kB
Buffers:            5232 kB
Cached:          1915852 kB
SwapCached:            0 kB
Active:          1669972 kB
Inactive:        1613096 kB
Active(anon):    1368568 kB
Inactive(anon):    23324 kB
Active(file):     301404 kB
Inactive(file):  1589772 kB
Unevictable:        5616 kB
Mlocked:            5616 kB
SwapTotal:       3145724 kB
SwapFree:        3145724 kB
Dirty:               360 kB
Writeback:             0 kB
AnonPages:       1367776 kB
Mapped:           878312 kB
Shmem:             25344 kB
KReclaimable:     688456 kB
Slab:             229728 kB
SReclaimable:      80292 kB
SUnreclaim:       149436 kB
KernelStack:       48896 kB
PageTables:        68856 kB
NFS_Unstable:          0 kB
Bounce:                0 kB
WritebackTmp:          0 kB
CommitLimit:     9202292 kB
Committed_AS:   76600824 kB
VmallocTotal:   263061440 kB
VmallocUsed:      105948 kB
VmallocChunk:          0 kB
Percpu:             7648 kB
CmaTotal:         294912 kB
CmaFree:               0 kB
MemTotal:       12113136 kB
MemFree:         6264860 kB
MemAvailable:    7975796 kB
Buffers:            5232 kB
Cached:          1915860 kB
SwapCached:            0 kB
Active:          1670816 kB
Inactive:        1613104 kB
Active(anon):    1369412 kB
Inactive(anon):    23324 kB
Active(file):     301404 kB
Inactive(file):  1589780 kB
Unevictable:        5616 kB
Mlocked:            5616 kB
SwapTotal:       3145724 kB
SwapFree:        3145724 kB
Dirty:               232 kB
Writeback:             0 kB
AnonPages:       1368428 kB
Mapped:           878312 kB
Shmem:             25344 kB
KReclaimable:     688456 kB
Slab:             229728 kB
SReclaimable:      80292 kB
SUnreclaim:       149436 kB
KernelStack:       48848 kB
PageTables:        68756 kB
NFS_Unstable:          0 kB
Bounce:                0 kB
WritebackTmp:          0 kB
CommitLimit:     9202292 kB
Committed_AS:   76600496 kB
VmallocTotal:   263061440 kB
VmallocUsed:      105916 kB
VmallocChunk:          0 kB
Percpu:             7648 kB
CmaTotal:         294912 kB
CmaFree:               0 kB
MemTotal:       12113136 kB
MemFree:         6263640 kB
MemAvailable:    7974592 kB
Buffers:            5232 kB
Cached:          1915888 kB
SwapCached:            0 kB
Active:          1671948 kB
Inactive:        1613132 kB
Active(anon):    1370544 kB
Inactive(anon):    23336 kB
Active(file):     301404 kB
Inactive(file):  1589796 kB
Unevictable:        5616 kB
Mlocked:            5616 kB
SwapTotal:       3145724 kB
SwapFree:        3145724 kB
Dirty:               352 kB
Writeback:             0 kB
AnonPages:       1369548 kB
Mapped:           878324 kB
Shmem:             25356 kB
KReclaimable:     688456 kB
Slab:             229724 kB
SReclaimable:      80292 kB
SUnreclaim:       149432 kB
KernelStack:       48896 kB
PageTables:        68828 kB
NFS_Unstable:          0 kB
Bounce:                0 kB
WritebackTmp:          0 kB
CommitLimit:     9202292 kB
Committed_AS:   76601440 kB
VmallocTotal:   263061440 kB
VmallocUsed:      105900 kB
VmallocChunk:          0 kB
Percpu:             7648 kB
CmaTotal:         294912 kB
CmaFree:               0 kB
MemTotal:       12113136 kB
MemFree:         6263160 kB
MemAvailable:    7974116 kB
Buffers:            5232 kB
Cached:          1915892 kB
SwapCached:            0 kB
Active:          1672124 kB
Inactive:        1613136 kB
Active(anon):    1370720 kB
Inactive(anon):    23336 kB
Active(file):     301404 kB
Inactive(file):  1589800 kB
Unevictable:        5616 kB
Mlocked:            5616 kB
SwapTotal:       3145724 kB
SwapFree:        3145724 kB
Dirty:               380 kB
Writeback:             0 kB
AnonPages:       1369700 kB
Mapped:           878324 kB
Shmem:             25356 kB
KReclaimable:     688456 kB
Slab:             229736 kB
SReclaimable:      80292 kB
SUnreclaim:       149444 kB
KernelStack:       48848 kB
PageTables:        68764 kB
NFS_Unstable:          0 kB
Bounce:                0 kB
WritebackTmp:          0 kB
CommitLimit:     9202292 kB
Committed_AS:   76606724 kB
VmallocTotal:   263061440 kB
VmallocUsed:      105916 kB
VmallocChunk:          0 kB
Percpu:             7648 kB
CmaTotal:         294912 kB
CmaFree:               0 kB
MemTotal:       12113136 kB
MemFree:         6262772 kB
MemAvailable:    7973744 kB
Buffers:            5232 kB
Cached:          1915908 kB
SwapCached:            0 kB
Active:          1672356 kB
Inactive:        1613152 kB
Active(anon):    1370952 kB
Inactive(anon):    23336 kB
Active(file):     301404 kB
Inactive(file):  1589816 kB
Unevictable:        5616 kB
Mlocked:            5616 kB
SwapTotal:       3145724 kB
SwapFree:        3145724 kB
Dirty:               396 kB
Writeback:             0 kB
AnonPages:       1369880 kB
Mapped:           878356 kB
Shmem:             25356 kB
KReclaimable:     688456 kB
Slab:             229728 kB
SReclaimable:      80292 kB
SUnreclaim:       149436 kB
KernelStack:       48880 kB
PageTables:        68784 kB
NFS_Unstable:          0 kB
Bounce:                0 kB
WritebackTmp:          0 kB
CommitLimit:     9202292 kB
Committed_AS:   76610680 kB
VmallocTotal:   263061440 kB
VmallocUsed:      105900 kB
VmallocChunk:          0 kB
Percpu:             7648 kB
CmaTotal:         294912 kB
CmaFree:               0 kB
MemTotal:       12113136 kB
MemFree:         6261644 kB
MemAvailable:    7972624 kB
Buffers:            5232 kB
Cached:          1915916 kB
SwapCached:            0 kB
Active:          1672840 kB
Inactive:        1613160 kB
Active(anon):    1371436 kB
Inactive(anon):    23336 kB
Active(file):     301404 kB
Inactive(file):  1589824 kB
Unevictable:        5616 kB
Mlocked:            5616 kB
SwapTotal:       3145724 kB
SwapFree:        3145724 kB
Dirty:               412 kB
Writeback:             0 kB
AnonPages:       1370372 kB
Mapped:           878324 kB
Shmem:             25356 kB
KReclaimable:     688456 kB
Slab:             229736 kB
SReclaimable:      80292 kB
SUnreclaim:       149444 kB
KernelStack:       48848 kB
PageTables:        68752 kB
NFS_Unstable:          0 kB
Bounce:                0 kB
WritebackTmp:          0 kB
CommitLimit:     9202292 kB
Committed_AS:   76605752 kB
VmallocTotal:   263061440 kB
VmallocUsed:      105932 kB
VmallocChunk:          0 kB
Percpu:             7648 kB
CmaTotal:         294912 kB
CmaFree:               0 kB
MemTotal:       12113136 kB
MemFree:         6260032 kB
MemAvailable:    7971028 kB
Buffers:            5232 kB
Cached:          1915932 kB
SwapCached:            0 kB
Active:          1673908 kB
Inactive:        1613176 kB
Active(anon):    1372504 kB
Inactive(anon):    23336 kB
Active(file):     301404 kB
Inactive(file):  1589840 kB
Unevictable:        5616 kB
Mlocked:            5616 kB
SwapTotal:       3145724 kB
SwapFree:        3145724 kB
Dirty:               260 kB
Writeback:             0 kB
AnonPages:       1371520 kB
Mapped:           878324 kB
Shmem:             25356 kB
KReclaimable:     688456 kB
Slab:             229728 kB
SReclaimable:      80292 kB
SUnreclaim:       149436 kB
KernelStack:       48880 kB
PageTables:        68804 kB
NFS_Unstable:          0 kB
Bounce:                0 kB
WritebackTmp:          0 kB
CommitLimit:     9202292 kB
Committed_AS:   76610496 kB
VmallocTotal:   263061440 kB
VmallocUsed:      105948 kB
VmallocChunk:          0 kB
Percpu:             7648 kB
CmaTotal:         294912 kB
CmaFree:               0 kB
MemTotal:       12113136 kB
MemFree:         6263432 kB
MemAvailable:    7974436 kB
Buffers:            5232 kB
Cached:          1915940 kB
SwapCached:            0 kB
Active:          1671160 kB
Inactive:        1613184 kB
Active(anon):    1369756 kB
Inactive(anon):    23336 kB
Active(file):     301404 kB
Inactive(file):  1589848 kB
Unevictable:        5616 kB
Mlocked:            5616 kB
SwapTotal:       3145724 kB
SwapFree:        3145724 kB
Dirty:               288 kB
Writeback:             0 kB
AnonPages:       1368680 kB
Mapped:           878324 kB
Shmem:             25356 kB
KReclaimable:     688456 kB
Slab:             229732 kB
SReclaimable:      80292 kB
SUnreclaim:       149440 kB
KernelStack:       48848 kB
PageTables:        68756 kB
NFS_Unstable:          0 kB
Bounce:                0 kB
WritebackTmp:          0 kB
CommitLimit:     9202292 kB
Committed_AS:   76605904 kB
VmallocTotal:   263061440 kB
VmallocUsed:      105932 kB
VmallocChunk:          0 kB
Percpu:             7648 kB
CmaTotal:         294912 kB
CmaFree:               0 kB
MemTotal:       12113136 kB
MemFree:         6289220 kB
MemAvailable:    8000232 kB
Buffers:            5232 kB
Cached:          1915948 kB
SwapCached:            0 kB
Active:          1643840 kB
Inactive:        1613192 kB
Active(anon):    1342436 kB
Inactive(anon):    23336 kB
Active(file):     301404 kB
Inactive(file):  1589856 kB
Unevictable:        5616 kB
Mlocked:            5616 kB
SwapTotal:       3145724 kB
SwapFree:        3145724 kB
Dirty:               312 kB
Writeback:             0 kB
AnonPages:       1341456 kB
Mapped:           878340 kB
Shmem:             25356 kB
KReclaimable:     688456 kB
Slab:             229740 kB
SReclaimable:      80292 kB
SUnreclaim:       149448 kB
KernelStack:       48864 kB
PageTables:        68780 kB
NFS_Unstable:          0 kB
Bounce:                0 kB
WritebackTmp:          0 kB
CommitLimit:     9202292 kB
Committed_AS:   76610348 kB
VmallocTotal:   263061440 kB
VmallocUsed:      105900 kB
VmallocChunk:          0 kB
Percpu:             7648 kB
CmaTotal:         294912 kB
CmaFree:               0 kB
MemTotal:       12113136 kB
MemFree:         6289360 kB
MemAvailable:    8000408 kB
Buffers:            5232 kB
Cached:          1915996 kB
SwapCached:            0 kB
Active:          1645012 kB
Inactive:        1613240 kB
Active(anon):    1343608 kB
Inactive(anon):    23344 kB
Active(file):     301404 kB
Inactive(file):  1589896 kB
Unevictable:        5616 kB
Mlocked:            5616 kB
SwapTotal:       3145724 kB
SwapFree:        3145724 kB
Dirty:               384 kB
Writeback:             0 kB
AnonPages:       1342564 kB
Mapped:           878332 kB
Shmem:             25364 kB
KReclaimable:     688452 kB
Slab:             229720 kB
SReclaimable:      80288 kB
SUnreclaim:       149432 kB
KernelStack:       48832 kB
PageTables:        68752 kB
NFS_Unstable:          0 kB
Bounce:                0 kB
WritebackTmp:          0 kB
CommitLimit:     9202292 kB
Committed_AS:   76610628 kB
VmallocTotal:   263061440 kB
VmallocUsed:      105884 kB
VmallocChunk:          0 kB
Percpu:             7648 kB
CmaTotal:         294912 kB
CmaFree:               0 kB
MemTotal:       12113136 kB
MemFree:         6288568 kB
MemAvailable:    7999624 kB
Buffers:            5232 kB
Cached:          1916004 kB
SwapCached:            0 kB
Active:          1645252 kB
Inactive:        1613248 kB
Active(anon):    1343848 kB
Inactive(anon):    23344 kB
Active(file):     301404 kB
Inactive(file):  1589904 kB
Unevictable:        5616 kB
Mlocked:            5616 kB
SwapTotal:       3145724 kB
SwapFree:        3145724 kB
Dirty:               432 kB
Writeback:             0 kB
AnonPages:       1342884 kB
Mapped:           878332 kB
Shmem:             25364 kB
KReclaimable:     688452 kB
Slab:             229732 kB
SReclaimable:      80288 kB
SUnreclaim:       149444 kB
KernelStack:       48848 kB
PageTables:        68884 kB
NFS_Unstable:          0 kB
Bounce:                0 kB
WritebackTmp:          0 kB
CommitLimit:     9202292 kB
Committed_AS:   76607548 kB
VmallocTotal:   263061440 kB
VmallocUsed:      105868 kB
VmallocChunk:          0 kB
Percpu:             7648 kB
CmaTotal:         294912 kB
CmaFree:               4 kB
MemTotal:       12113136 kB
MemFree:         6287248 kB
MemAvailable:    7998312 kB
Buffers:            5232 kB
Cached:          1916028 kB
SwapCached:            0 kB
Active:          1645892 kB
Inactive:        1613272 kB
Active(anon):    1344488 kB
Inactive(anon):    23360 kB
Active(file):     301404 kB
Inactive(file):  1589912 kB
Unevictable:        5616 kB
Mlocked:            5616 kB
SwapTotal:       3145724 kB
SwapFree:        3145724 kB
Dirty:               444 kB
Writeback:             0 kB
AnonPages:       1343432 kB
Mapped:           878348 kB
Shmem:             25380 kB
KReclaimable:     688452 kB
Slab:             229732 kB
SReclaimable:      80288 kB
SUnreclaim:       149444 kB
KernelStack:       48832 kB
PageTables:        68752 kB
NFS_Unstable:          0 kB
Bounce:                0 kB
WritebackTmp:          0 kB
CommitLimit:     9202292 kB
Committed_AS:   76602368 kB
VmallocTotal:   263061440 kB
VmallocUsed:      105900 kB
VmallocChunk:          0 kB
Percpu:             7648 kB
CmaTotal:         294912 kB
CmaFree:               0 kB
MemTotal:       12113136 kB
MemFree:         6295488 kB
MemAvailable:    8006572 kB
Buffers:            5232 kB
Cached:          1916048 kB
SwapCached:            0 kB
Active:          1637916 kB
Inactive:        1613292 kB
Active(anon):    1336512 kB
Inactive(anon):    23360 kB
Active(file):     301404 kB
Inactive(file):  1589932 kB
Unevictable:        5616 kB
Mlocked:            5616 kB
SwapTotal:       3145724 kB
SwapFree:        3145724 kB
Dirty:               476 kB
Writeback:             0 kB
AnonPages:       1335460 kB
Mapped:           878348 kB
Shmem:             25380 kB
KReclaimable:     688452 kB
Slab:             229728 kB
SReclaimable:      80288 kB
SUnreclaim:       149440 kB
KernelStack:       48880 kB
PageTables:        68824 kB
NFS_Unstable:          0 kB
Bounce:                0 kB
WritebackTmp:          0 kB
CommitLimit:     9202292 kB
Committed_AS:   76608060 kB
VmallocTotal:   263061440 kB
VmallocUsed:      105932 kB
VmallocChunk:          0 kB
Percpu:             7648 kB
CmaTotal:         294912 kB
CmaFree:               0 kB
MemTotal:       12113136 kB
MemFree:         6295164 kB
MemAvailable:    8006252 kB
Buffers:            5232 kB
Cached:          1916056 kB
SwapCached:            0 kB
Active:          1638400 kB
Inactive:        1613300 kB
Active(anon):    1336996 kB
Inactive(anon):    23364 kB
Active(file):     301404 kB
Inactive(file):  1589936 kB
Unevictable:        5616 kB
Mlocked:            5616 kB
SwapTotal:       3145724 kB
SwapFree:        3145724 kB
Dirty:               484 kB
Writeback:             0 kB
AnonPages:       1336004 kB
Mapped:           878352 kB
Shmem:             25384 kB
KReclaimable:     688452 kB
Slab:             229728 kB
SReclaimable:      80288 kB
SUnreclaim:       149440 kB
KernelStack:       48832 kB
PageTables:        68752 kB
NFS_Unstable:          0 kB
Bounce:                0 kB
WritebackTmp:          0 kB
CommitLimit:     9202292 kB
Committed_AS:   76612944 kB
VmallocTotal:   263061440 kB
VmallocUsed:      105916 kB
VmallocChunk:          0 kB
Percpu:             7648 kB
CmaTotal:         294912 kB
CmaFree:               0 kB
MemTotal:       12113136 kB
MemFree:         6294780 kB
MemAvailable:    8005884 kB
Buffers:            5232 kB
Cached:          1916080 kB
SwapCached:            0 kB
Active:          1639688 kB
Inactive:        1613324 kB
Active(anon):    1338284 kB
Inactive(anon):    23372 kB
Active(file):     301404 kB
Inactive(file):  1589952 kB
Unevictable:        5616 kB
Mlocked:            5616 kB
SwapTotal:       3145724 kB
SwapFree:        3145724 kB
Dirty:               500 kB
Writeback:             0 kB
AnonPages:       1337356 kB
Mapped:           878360 kB
Shmem:             25392 kB
KReclaimable:     688452 kB
Slab:             229748 kB
SReclaimable:      80288 kB
SUnreclaim:       149460 kB
KernelStack:       48864 kB
PageTables:        68816 kB
NFS_Unstable:          0 kB
Bounce:                0 kB
WritebackTmp:          0 kB
CommitLimit:     9202292 kB
Committed_AS:   76612872 kB
VmallocTotal:   263061440 kB
VmallocUsed:      105948 kB
VmallocChunk:          0 kB
Percpu:             7648 kB
CmaTotal:         294912 kB
CmaFree:               0 kB
MemTotal:       12113136 kB
MemFree:         6294436 kB
MemAvailable:    8005576 kB
Buffers:            5236 kB
Cached:          1916112 kB
SwapCached:            0 kB
Active:          1640620 kB
Inactive:        1613356 kB
Active(anon):    1339212 kB
Inactive(anon):    23372 kB
Active(file):     301408 kB
Inactive(file):  1589984 kB
Unevictable:        5616 kB
Mlocked:            5616 kB
SwapTotal:       3145724 kB
SwapFree:        3145724 kB
Dirty:               492 kB
Writeback:             0 kB
AnonPages:       1338156 kB
Mapped:           878360 kB
Shmem:             25392 kB
KReclaimable:     688452 kB
Slab:             229740 kB
SReclaimable:      80288 kB
SUnreclaim:       149452 kB
KernelStack:       48832 kB
PageTables:        68756 kB
NFS_Unstable:          0 kB
Bounce:                0 kB
WritebackTmp:          0 kB
CommitLimit:     9202292 kB
Committed_AS:   76613004 kB
VmallocTotal:   263061440 kB
VmallocUsed:      105916 kB
VmallocChunk:          0 kB
Percpu:             7648 kB
CmaTotal:         294912 kB
CmaFree:               0 kB
MemTotal:       12113136 kB
MemFree:         6294236 kB
MemAvailable:    8005388 kB
Buffers:            5236 kB
Cached:          1916124 kB
SwapCached:            0 kB
Active:          1641428 kB
Inactive:        1613368 kB
Active(anon):    1340020 kB
Inactive(anon):    23372 kB
Active(file):     301408 kB
Inactive(file):  1589996 kB
Unevictable:        5616 kB
Mlocked:            5616 kB
SwapTotal:       3145724 kB
SwapFree:        3145724 kB
Dirty:               508 kB
Writeback:             0 kB
AnonPages:       1338952 kB
Mapped:           878360 kB
Shmem:             25392 kB
KReclaimable:     688452 kB
Slab:             229756 kB
SReclaimable:      80288 kB
SUnreclaim:       149468 kB
KernelStack:       48864 kB
PageTables:        68804 kB
NFS_Unstable:          0 kB
Bounce:                0 kB
WritebackTmp:          0 kB
CommitLimit:     9202292 kB
Committed_AS:   76613228 kB
VmallocTotal:   263061440 kB
VmallocUsed:      105900 kB
VmallocChunk:          0 kB
Percpu:             7648 kB
CmaTotal:         294912 kB
CmaFree:               0 kB
MemTotal:       12113136 kB
MemFree:         6292988 kB
MemAvailable:    8004148 kB
Buffers:            5236 kB
Cached:          1916132 kB
SwapCached:            0 kB
Active:          1641492 kB
Inactive:        1613376 kB
Active(anon):    1340084 kB
Inactive(anon):    23372 kB
Active(file):     301408 kB
Inactive(file):  1590004 kB
Unevictable:        5616 kB
Mlocked:            5616 kB
SwapTotal:       3145724 kB
SwapFree:        3145724 kB
Dirty:               520 kB
Writeback:             0 kB
AnonPages:       1339056 kB
Mapped:           878360 kB
Shmem:             25392 kB
KReclaimable:     688452 kB
Slab:             229744 kB
SReclaimable:      80288 kB
SUnreclaim:       149456 kB
KernelStack:       48832 kB
PageTables:        68756 kB
NFS_Unstable:          0 kB
Bounce:                0 kB
WritebackTmp:          0 kB
CommitLimit:     9202292 kB
Committed_AS:   76615808 kB
VmallocTotal:   263061440 kB
VmallocUsed:      105900 kB
VmallocChunk:          0 kB
Percpu:             7648 kB
CmaTotal:         294912 kB
CmaFree:               0 kB
MemTotal:       12113136 kB
MemFree:         6301388 kB
MemAvailable:    8012556 kB
Buffers:            5236 kB
Cached:          1916140 kB
SwapCached:            0 kB
Active:          1632644 kB
Inactive:        1613384 kB
Active(anon):    1331236 kB
Inactive(anon):    23372 kB
Active(file):     301408 kB
Inactive(file):  1590012 kB
Unevictable:        5616 kB
Mlocked:            5616 kB
SwapTotal:       3145724 kB
SwapFree:        3145724 kB
Dirty:               544 kB
Writeback:             0 kB
AnonPages:       1330264 kB
Mapped:           878360 kB
Shmem:             25392 kB
KReclaimable:     688452 kB
Slab:             229752 kB
SReclaimable:      80288 kB
SUnreclaim:       149464 kB
KernelStack:       48832 kB
PageTables:        68760 kB
NFS_Unstable:          0 kB
Bounce:                0 kB
WritebackTmp:          0 kB
CommitLimit:     9202292 kB
Committed_AS:   76609628 kB
VmallocTotal:   263061440 kB
VmallocUsed:      105916 kB
VmallocChunk:          0 kB
Percpu:             7648 kB
CmaTotal:         294912 kB
CmaFree:               0 kB
MemTotal:       12113136 kB
MemFree:         6300804 kB
MemAvailable:    8011988 kB
Buffers:            5236 kB
Cached:          1916156 kB
SwapCached:            0 kB
Active:          1632892 kB
Inactive:        1613400 kB
Active(anon):    1331484 kB
Inactive(anon):    23372 kB
Active(file):     301408 kB
Inactive(file):  1590028 kB
Unevictable:        5616 kB
Mlocked:            5616 kB
SwapTotal:       3145724 kB
SwapFree:        3145724 kB
Dirty:               560 kB
Writeback:             0 kB
AnonPages:       1330456 kB
Mapped:           878360 kB
Shmem:             25392 kB
KReclaimable:     688452 kB
Slab:             229744 kB
SReclaimable:      80288 kB
SUnreclaim:       149456 kB
KernelStack:       48832 kB
PageTables:        68760 kB
NFS_Unstable:          0 kB
Bounce:                0 kB
WritebackTmp:          0 kB
CommitLimit:     9202292 kB
Committed_AS:   76610068 kB
VmallocTotal:   263061440 kB
VmallocUsed:      105900 kB
VmallocChunk:          0 kB
Percpu:             7648 kB
CmaTotal:         294912 kB
CmaFree:               0 kB
MemTotal:       12113136 kB
MemFree:         6301040 kB
MemAvailable:    8012228 kB
Buffers:            5236 kB
Cached:          1916160 kB
SwapCached:            0 kB
Active:          1633572 kB
Inactive:        1613404 kB
Active(anon):    1332164 kB
Inactive(anon):    23372 kB
Active(file):     301408 kB
Inactive(file):  1590032 kB
Unevictable:        5616 kB
Mlocked:            5616 kB
SwapTotal:       3145724 kB
SwapFree:        3145724 kB
Dirty:               624 kB
Writeback:             0 kB
AnonPages:       1331160 kB
Mapped:           878360 kB
Shmem:             25392 kB
KReclaimable:     688452 kB
Slab:             229760 kB
SReclaimable:      80288 kB
SUnreclaim:       149472 kB
KernelStack:       48864 kB
PageTables:        68812 kB
NFS_Unstable:          0 kB
Bounce:                0 kB
WritebackTmp:          0 kB
CommitLimit:     9202292 kB
Committed_AS:   76612588 kB
VmallocTotal:   263061440 kB
VmallocUsed:      105852 kB
VmallocChunk:          0 kB
Percpu:             7648 kB
CmaTotal:         294912 kB
CmaFree:               0 kB
MemTotal:       12113136 kB
MemFree:         6272572 kB
MemAvailable:    7983764 kB
Buffers:            5236 kB
Cached:          1916180 kB
SwapCached:            0 kB
Active:          1662652 kB
Inactive:        1613424 kB
Active(anon):    1361244 kB
Inactive(anon):    23372 kB
Active(file):     301408 kB
Inactive(file):  1590052 kB
Unevictable:        5616 kB
Mlocked:            5616 kB
SwapTotal:       3145724 kB
SwapFree:        3145724 kB
Dirty:               236 kB
Writeback:             0 kB
AnonPages:       1360236 kB
Mapped:           878360 kB
Shmem:             25392 kB
KReclaimable:     688436 kB
Slab:             229744 kB
SReclaimable:      80272 kB
SUnreclaim:       149472 kB
KernelStack:       48832 kB
PageTables:        68760 kB
NFS_Unstable:          0 kB
Bounce:                0 kB
WritebackTmp:          0 kB
CommitLimit:     9202292 kB
Committed_AS:   76613020 kB
VmallocTotal:   263061440 kB
VmallocUsed:      105868 kB
VmallocChunk:          0 kB
Percpu:             7648 kB
CmaTotal:         294912 kB
CmaFree:               0 kB
MemTotal:       12113136 kB
MemFree:         6271344 kB
MemAvailable:    7982540 kB
Buffers:            5236 kB
Cached:          1916184 kB
SwapCached:            0 kB
Active:          1663448 kB
Inactive:        1613428 kB
Active(anon):    1362040 kB
Inactive(anon):    23372 kB
Active(file):     301408 kB
Inactive(file):  1590056 kB
Unevictable:        5616 kB
Mlocked:            5616 kB
SwapTotal:       3145724 kB
SwapFree:        3145724 kB
Dirty:               272 kB
Writeback:             0 kB
AnonPages:       1361104 kB
Mapped:           878360 kB
Shmem:             25392 kB
KReclaimable:     688436 kB
Slab:             229748 kB
SReclaimable:      80272 kB
SUnreclaim:       149476 kB
KernelStack:       48832 kB
PageTables:        68752 kB
NFS_Unstable:          0 kB
Bounce:                0 kB
WritebackTmp:          0 kB
CommitLimit:     9202292 kB
Committed_AS:   76615980 kB
VmallocTotal:   263061440 kB
VmallocUsed:      105852 kB
VmallocChunk:          0 kB
Percpu:             7648 kB
CmaTotal:         294912 kB
CmaFree:               0 kB
MemTotal:       12113136 kB
MemFree:         6259396 kB
MemAvailable:    7970608 kB
Buffers:            5236 kB
Cached:          1916200 kB
SwapCached:            0 kB
Active:          1677680 kB
Inactive:        1613444 kB
Active(anon):    1376272 kB
Inactive(anon):    23372 kB
Active(file):     301408 kB
Inactive(file):  1590072 kB
Unevictable:        5616 kB
Mlocked:            5616 kB
SwapTotal:       3145724 kB
SwapFree:        3145724 kB
Dirty:               288 kB
Writeback:             0 kB
AnonPages:       1375304 kB
Mapped:           878360 kB
Shmem:             25392 kB
KReclaimable:     688436 kB
Slab:             229764 kB
SReclaimable:      80272 kB
SUnreclaim:       149492 kB
KernelStack:       48848 kB
PageTables:        68728 kB
NFS_Unstable:          0 kB
Bounce:                0 kB
WritebackTmp:          0 kB
CommitLimit:     9202292 kB
Committed_AS:   76609816 kB
VmallocTotal:   263061440 kB
VmallocUsed:      105884 kB
VmallocChunk:          0 kB
Percpu:             7648 kB
CmaTotal:         294912 kB
CmaFree:               0 kB
MemTotal:       12113136 kB
MemFree:         6271268 kB
MemAvailable:    7982528 kB
Buffers:            5236 kB
Cached:          1916232 kB
SwapCached:            0 kB
Active:          1664260 kB
Inactive:        1613476 kB
Active(anon):    1362852 kB
Inactive(anon):    23376 kB
Active(file):     301408 kB
Inactive(file):  1590100 kB
Unevictable:        5616 kB
Mlocked:            5616 kB
SwapTotal:       3145724 kB
SwapFree:        3145724 kB
Dirty:               396 kB
Writeback:             0 kB
AnonPages:       1361792 kB
Mapped:           878364 kB
Shmem:             25396 kB
KReclaimable:     688456 kB
Slab:             229804 kB
SReclaimable:      80292 kB
SUnreclaim:       149512 kB
KernelStack:       48848 kB
PageTables:        68856 kB
NFS_Unstable:          0 kB
Bounce:                0 kB
WritebackTmp:          0 kB
CommitLimit:     9202292 kB
Committed_AS:   76604280 kB
VmallocTotal:   263061440 kB
VmallocUsed:      105900 kB
VmallocChunk:          0 kB
Percpu:             7648 kB
CmaTotal:         294912 kB
CmaFree:               0 kB
MemTotal:       12113136 kB
MemFree:         6270444 kB
MemAvailable:    7981716 kB
Buffers:            5236 kB
Cached:          1916244 kB
SwapCached:            0 kB
Active:          1665048 kB
Inactive:        1613488 kB
Active(anon):    1363640 kB
Inactive(anon):    23376 kB
Active(file):     301408 kB
Inactive(file):  1590112 kB
Unevictable:        5616 kB
Mlocked:            5616 kB
SwapTotal:       3145724 kB
SwapFree:        3145724 kB
Dirty:               408 kB
Writeback:             0 kB
AnonPages:       1362924 kB
Mapped:           877764 kB
Shmem:             25396 kB
KReclaimable:     688456 kB
Slab:             229784 kB
SReclaimable:      80292 kB
SUnreclaim:       149492 kB
KernelStack:       48816 kB
PageTables:        68756 kB
NFS_Unstable:          0 kB
Bounce:                0 kB
WritebackTmp:          0 kB
CommitLimit:     9202292 kB
Committed_AS:   76604040 kB
VmallocTotal:   263061440 kB
VmallocUsed:      105852 kB
VmallocChunk:          0 kB
Percpu:             7648 kB
CmaTotal:         294912 kB
CmaFree:               0 kB
MemTotal:       12113136 kB
MemFree:         6268600 kB
MemAvailable:    7979880 kB
Buffers:            5236 kB
Cached:          1916256 kB
SwapCached:            0 kB
Active:          1666220 kB
Inactive:        1613500 kB
Active(anon):    1364812 kB
Inactive(anon):    23380 kB
Active(file):     301408 kB
Inactive(file):  1590120 kB
Unevictable:        5616 kB
Mlocked:            5616 kB
SwapTotal:       3145724 kB
SwapFree:        3145724 kB
Dirty:               252 kB
Writeback:             0 kB
AnonPages:       1363840 kB
Mapped:           877876 kB
Shmem:             25400 kB
KReclaimable:     688456 kB
Slab:             229776 kB
SReclaimable:      80292 kB
SUnreclaim:       149484 kB
KernelStack:       48864 kB
PageTables:        68852 kB
NFS_Unstable:          0 kB
Bounce:                0 kB
WritebackTmp:          0 kB
CommitLimit:     9202292 kB
Committed_AS:   76608608 kB
VmallocTotal:   263061440 kB
VmallocUsed:      105884 kB
VmallocChunk:          0 kB
Percpu:             7648 kB
CmaTotal:         294912 kB
CmaFree:               0 kB
MemTotal:       12113136 kB
MemFree:         6267748 kB
MemAvailable:    7979044 kB
Buffers:            5236 kB
Cached:          1916272 kB
SwapCached:            0 kB
Active:          1667148 kB
Inactive:        1613516 kB
Active(anon):    1365740 kB
Inactive(anon):    23380 kB
Active(file):     301408 kB
Inactive(file):  1590136 kB
Unevictable:        5616 kB
Mlocked:            5616 kB
SwapTotal:       3145724 kB
SwapFree:        3145724 kB
Dirty:               328 kB
Writeback:             0 kB
AnonPages:       1364668 kB
Mapped:           877768 kB
Shmem:             25400 kB
KReclaimable:     688456 kB
Slab:             229780 kB
SReclaimable:      80292 kB
SUnreclaim:       149488 kB
KernelStack:       48816 kB
PageTables:        68756 kB
NFS_Unstable:          0 kB
Bounce:                0 kB
WritebackTmp:          0 kB
CommitLimit:     9202292 kB
Committed_AS:   76610552 kB
VmallocTotal:   263061440 kB
VmallocUsed:      105916 kB
VmallocChunk:          0 kB
Percpu:             7648 kB
CmaTotal:         294912 kB
CmaFree:               0 kB
MemTotal:       12113136 kB
MemFree:         6266868 kB
MemAvailable:    7978172 kB
Buffers:            5236 kB
Cached:          1916280 kB
SwapCached:            0 kB
Active:          1667756 kB
Inactive:        1613524 kB
Active(anon):    1366348 kB
Inactive(anon):    23380 kB
Active(file):     301408 kB
Inactive(file):  1590144 kB
Unevictable:        5616 kB
Mlocked:            5616 kB
SwapTotal:       3145724 kB
SwapFree:        3145724 kB
Dirty:               336 kB
Writeback:             0 kB
AnonPages:       1365556 kB
Mapped:           877768 kB
Shmem:             25400 kB
KReclaimable:     688456 kB
Slab:             229780 kB
SReclaimable:      80292 kB
SUnreclaim:       149488 kB
KernelStack:       48864 kB
PageTables:        68832 kB
NFS_Unstable:          0 kB
Bounce:                0 kB
WritebackTmp:          0 kB
CommitLimit:     9202292 kB
Committed_AS:   76615772 kB
VmallocTotal:   263061440 kB
VmallocUsed:      105932 kB
VmallocChunk:          0 kB
Percpu:             7648 kB
CmaTotal:         294912 kB
CmaFree:               0 kB
MemTotal:       12113136 kB
MemFree:         6266636 kB
MemAvailable:    7977952 kB
Buffers:            5236 kB
Cached:          1916292 kB
SwapCached:            0 kB
Active:          1667820 kB
Inactive:        1613536 kB
Active(anon):    1366412 kB
Inactive(anon):    23380 kB
Active(file):     301408 kB
Inactive(file):  1590156 kB
Unevictable:        5616 kB
Mlocked:            5616 kB
SwapTotal:       3145724 kB
SwapFree:        3145724 kB
Dirty:               348 kB
Writeback:             0 kB
AnonPages:       1365344 kB
Mapped:           877768 kB
Shmem:             25400 kB
KReclaimable:     688456 kB
Slab:             229772 kB
SReclaimable:      80292 kB
SUnreclaim:       149480 kB
KernelStack:       48816 kB
PageTables:        68756 kB
NFS_Unstable:          0 kB
Bounce:                0 kB
WritebackTmp:          0 kB
CommitLimit:     9202292 kB
Committed_AS:   76610984 kB
VmallocTotal:   263061440 kB
VmallocUsed:      105884 kB
VmallocChunk:          0 kB
Percpu:             7648 kB
CmaTotal:         294912 kB
CmaFree:               0 kB
MemTotal:       12113136 kB
MemFree:         6283200 kB
MemAvailable:    7994556 kB
Buffers:            5240 kB
Cached:          1916328 kB
SwapCached:            0 kB
Active:          1650380 kB
Inactive:        1613572 kB
Active(anon):    1348968 kB
Inactive(anon):    23380 kB
Active(file):     301412 kB
Inactive(file):  1590192 kB
Unevictable:        5616 kB
Mlocked:            5616 kB
SwapTotal:       3145724 kB
SwapFree:        3145724 kB
Dirty:               376 kB
Writeback:             0 kB
AnonPages:       1347904 kB
Mapped:           877768 kB
Shmem:             25400 kB
KReclaimable:     688456 kB
Slab:             229784 kB
SReclaimable:      80292 kB
SUnreclaim:       149492 kB
KernelStack:       48816 kB
PageTables:        68760 kB
NFS_Unstable:          0 kB
Bounce:                0 kB
WritebackTmp:          0 kB
CommitLimit:     9202292 kB
Committed_AS:   76611072 kB
VmallocTotal:   263061440 kB
VmallocUsed:      105884 kB
VmallocChunk:          0 kB
Percpu:             7648 kB
CmaTotal:         294912 kB
CmaFree:               0 kB
MemTotal:       12113136 kB
MemFree:         6283176 kB
MemAvailable:    7994536 kB
Buffers:            5240 kB
Cached:          1916332 kB
SwapCached:            0 kB
Active:          1650612 kB
Inactive:        1613576 kB
Active(anon):    1349200 kB
Inactive(anon):    23380 kB
Active(file):     301412 kB
Inactive(file):  1590196 kB
Unevictable:        5616 kB
Mlocked:            5616 kB
SwapTotal:       3145724 kB
SwapFree:        3145724 kB
Dirty:               224 kB
Writeback:             0 kB
AnonPages:       1348168 kB
Mapped:           877768 kB
Shmem:             25400 kB
KReclaimable:     688456 kB
Slab:             229776 kB
SReclaimable:      80292 kB
SUnreclaim:       149484 kB
KernelStack:       48816 kB
PageTables:        68752 kB
NFS_Unstable:          0 kB
Bounce:                0 kB
WritebackTmp:          0 kB
CommitLimit:     9202292 kB
Committed_AS:   76610984 kB
VmallocTotal:   263061440 kB
VmallocUsed:      105916 kB
VmallocChunk:          0 kB
Percpu:             7648 kB
CmaTotal:         294912 kB
CmaFree:               0 kB
MemTotal:       12113136 kB
MemFree:         6283012 kB
MemAvailable:    7994384 kB
Buffers:            5240 kB
Cached:          1916348 kB
SwapCached:            0 kB
Active:          1651460 kB
Inactive:        1613592 kB
Active(anon):    1350048 kB
Inactive(anon):    23384 kB
Active(file):     301412 kB
Inactive(file):  1590208 kB
Unevictable:        5616 kB
Mlocked:            5616 kB
SwapTotal:       3145724 kB
SwapFree:        3145724 kB
Dirty:               288 kB
Writeback:             0 kB
AnonPages:       1349036 kB
Mapped:           877772 kB
Shmem:             25404 kB
KReclaimable:     688456 kB
Slab:             229788 kB
SReclaimable:      80292 kB
SUnreclaim:       149496 kB
KernelStack:       48832 kB
PageTables:        68776 kB
NFS_Unstable:          0 kB
Bounce:                0 kB
WritebackTmp:          0 kB
CommitLimit:     9202292 kB
Committed_AS:   76611596 kB
VmallocTotal:   263061440 kB
VmallocUsed:      105932 kB
VmallocChunk:          0 kB
Percpu:             7648 kB
CmaTotal:         294912 kB
CmaFree:               0 kB
MemTotal:       12113136 kB
MemFree:         6282820 kB
MemAvailable:    7994204 kB
Buffers:            5240 kB
Cached:          1916360 kB
SwapCached:            0 kB
Active:          1652188 kB
Inactive:        1613604 kB
Active(anon):    1350776 kB
Inactive(anon):    23384 kB
Active(file):     301412 kB
Inactive(file):  1590220 kB
Unevictable:        5616 kB
Mlocked:            5616 kB
SwapTotal:       3145724 kB
SwapFree:        3145724 kB
Dirty:               328 kB
Writeback:             0 kB
AnonPages:       1349804 kB
Mapped:           877772 kB
Shmem:             25404 kB
KReclaimable:     688456 kB
Slab:             229788 kB
SReclaimable:      80292 kB
SUnreclaim:       149496 kB
KernelStack:       48816 kB
PageTables:        68760 kB
NFS_Unstable:          0 kB
Bounce:                0 kB
WritebackTmp:          0 kB
CommitLimit:     9202292 kB
Committed_AS:   76611644 kB
VmallocTotal:   263061440 kB
VmallocUsed:      105916 kB
