MemTotal:       12113140 kB
MemFree:         1605012 kB
MemAvailable:    8287848 kB
Buffers:            3504 kB
Cached:          6574492 kB
SwapCached:            0 kB
Active:          5521024 kB
Inactive:        2518260 kB
Active(anon):    1140420 kB
Inactive(anon):   361172 kB
Active(file):    4380604 kB
Inactive(file):  2157088 kB
Unevictable:        5576 kB
Mlocked:            5576 kB
SwapTotal:       3145724 kB
SwapFree:        3136528 kB
Dirty:              2608 kB
Writeback:             0 kB
AnonPages:       1466932 kB
Mapped:           549444 kB
Shmem:             35768 kB
KReclaimable:    1013848 kB
Slab:             243484 kB
SReclaimable:      95004 kB
SUnreclaim:       148480 kB
KernelStack:       51248 kB
PageTables:        63964 kB
NFS_Unstable:          0 kB
Bounce:                0 kB
WritebackTmp:          0 kB
CommitLimit:     9202292 kB
Committed_AS:   67622576 kB
VmallocTotal:   263061440 kB
VmallocUsed:      108172 kB
VmallocChunk:          0 kB
Percpu:             7616 kB
CmaTotal:         294912 kB
CmaFree:               0 kB
MemTotal:       12113140 kB
MemFree:         1640828 kB
MemAvailable:    8321908 kB
Buffers:            3504 kB
Cached:          6573612 kB
SwapCached:            0 kB
Active:          5480244 kB
Inactive:        2518372 kB
Active(anon):    1100708 kB
Inactive(anon):   361248 kB
Active(file):    4379536 kB
Inactive(file):  2157124 kB
Unevictable:        5576 kB
Mlocked:            5576 kB
SwapTotal:       3145724 kB
SwapFree:        3136528 kB
Dirty:              1576 kB
Writeback:             0 kB
AnonPages:       1427344 kB
Mapped:           566128 kB
Shmem:             35920 kB
KReclaimable:    1013124 kB
Slab:             243552 kB
SReclaimable:      95068 kB
SUnreclaim:       148484 kB
KernelStack:       51536 kB
PageTables:        64452 kB
NFS_Unstable:          0 kB
Bounce:                0 kB
WritebackTmp:          0 kB
CommitLimit:     9202292 kB
Committed_AS:   67621992 kB
VmallocTotal:   263061440 kB
VmallocUsed:      108476 kB
VmallocChunk:          0 kB
Percpu:             7616 kB
CmaTotal:         294912 kB
CmaFree:               8 kB
MemTotal:       12113140 kB
MemFree:         1353084 kB
MemAvailable:    8029476 kB
Buffers:            3504 kB
Cached:          6574104 kB
SwapCached:            0 kB
Active:          5768476 kB
Inactive:        2518628 kB
Active(anon):    1388652 kB
Inactive(anon):   361768 kB
Active(file):    4379824 kB
Inactive(file):  2156860 kB
Unevictable:        5576 kB
Mlocked:            5576 kB
SwapTotal:       3145724 kB
SwapFree:        3136528 kB
Dirty:              1924 kB
Writeback:             4 kB
AnonPages:       1715320 kB
Mapped:           567124 kB
Shmem:             36388 kB
KReclaimable:    1008412 kB
Slab:             243520 kB
SReclaimable:      95100 kB
SUnreclaim:       148420 kB
KernelStack:       51520 kB
PageTables:        64440 kB
NFS_Unstable:          0 kB
Bounce:                0 kB
WritebackTmp:          0 kB
CommitLimit:     9202292 kB
Committed_AS:   66607156 kB
VmallocTotal:   263061440 kB
VmallocUsed:      108468 kB
VmallocChunk:          0 kB
Percpu:             7616 kB
CmaTotal:         294912 kB
CmaFree:               0 kB
MemTotal:       12113140 kB
MemFree:         1000088 kB
MemAvailable:    7638232 kB
Buffers:            3504 kB
Cached:          6575460 kB
SwapCached:            0 kB
Active:          6118396 kB
Inactive:        2519980 kB
Active(anon):    1738568 kB
Inactive(anon):   363124 kB
Active(file):    4379828 kB
Inactive(file):  2156856 kB
Unevictable:        5576 kB
Mlocked:            5576 kB
SwapTotal:       3145724 kB
SwapFree:        3136528 kB
Dirty:              1948 kB
Writeback:             0 kB
AnonPages:       2065572 kB
Mapped:           568732 kB
Shmem:             37744 kB
KReclaimable:     970164 kB
Slab:             243520 kB
SReclaimable:      95100 kB
SUnreclaim:       148420 kB
KernelStack:       51552 kB
PageTables:        65384 kB
NFS_Unstable:          0 kB
Bounce:                0 kB
WritebackTmp:          0 kB
CommitLimit:     9202292 kB
Committed_AS:   66963088 kB
VmallocTotal:   263061440 kB
VmallocUsed:      108468 kB
VmallocChunk:          0 kB
Percpu:             7616 kB
CmaTotal:         294912 kB
CmaFree:               0 kB
MemTotal:       12113140 kB
MemFree:         1038164 kB
MemAvailable:    7271884 kB
Buffers:            3504 kB
Cached:          6575468 kB
SwapCached:            0 kB
Active:          6081012 kB
Inactive:        2519988 kB
Active(anon):    1701184 kB
Inactive(anon):   363124 kB
Active(file):    4379828 kB
Inactive(file):  2156864 kB
Unevictable:        5576 kB
Mlocked:            5576 kB
SwapTotal:       3145724 kB
SwapFree:        3136528 kB
Dirty:              1972 kB
Writeback:             0 kB
AnonPages:       2027672 kB
Mapped:           663320 kB
Shmem:             37744 kB
KReclaimable:     565732 kB
Slab:             244016 kB
SReclaimable:      95116 kB
SUnreclaim:       148900 kB
KernelStack:       51536 kB
PageTables:        65544 kB
NFS_Unstable:          0 kB
Bounce:                0 kB
WritebackTmp:          0 kB
CommitLimit:     9202292 kB
Committed_AS:   67068356 kB
VmallocTotal:   263061440 kB
VmallocUsed:      108484 kB
VmallocChunk:          0 kB
Percpu:             7616 kB
CmaTotal:         294912 kB
CmaFree:               0 kB
MemTotal:       12113140 kB
MemFree:          917912 kB
MemAvailable:    7151660 kB
Buffers:            3504 kB
Cached:          6575484 kB
SwapCached:            0 kB
Active:          6200492 kB
Inactive:        2520000 kB
Active(anon):    1820660 kB
Inactive(anon):   363128 kB
Active(file):    4379832 kB
Inactive(file):  2156872 kB
Unevictable:        5576 kB
Mlocked:            5576 kB
SwapTotal:       3145724 kB
SwapFree:        3136528 kB
Dirty:              2000 kB
Writeback:             0 kB
AnonPages:       2147176 kB
Mapped:           663464 kB
Shmem:             37748 kB
KReclaimable:     565748 kB
Slab:             244032 kB
SReclaimable:      95132 kB
SUnreclaim:       148900 kB
KernelStack:       51572 kB
PageTables:        66064 kB
NFS_Unstable:          0 kB
Bounce:                0 kB
WritebackTmp:          0 kB
CommitLimit:     9202292 kB
Committed_AS:   67208388 kB
VmallocTotal:   263061440 kB
VmallocUsed:      108500 kB
VmallocChunk:          0 kB
Percpu:             7616 kB
CmaTotal:         294912 kB
CmaFree:               0 kB
MemTotal:       12113140 kB
MemFree:          874404 kB
MemAvailable:    6969524 kB
Buffers:            3504 kB
Cached:          6575552 kB
SwapCached:            0 kB
Active:          6241308 kB
Inactive:        2520048 kB
Active(anon):    1861456 kB
Inactive(anon):   363180 kB
Active(file):    4379852 kB
Inactive(file):  2156868 kB
Unevictable:        5576 kB
Mlocked:            5576 kB
SwapTotal:       3145724 kB
SwapFree:        3136528 kB
Dirty:              2104 kB
Writeback:             0 kB
AnonPages:       2187700 kB
Mapped:           757112 kB
Shmem:             37800 kB
KReclaimable:     371972 kB
Slab:             244140 kB
SReclaimable:      95116 kB
SUnreclaim:       149024 kB
KernelStack:       51584 kB
PageTables:        66352 kB
NFS_Unstable:          0 kB
Bounce:                0 kB
WritebackTmp:          0 kB
CommitLimit:     9202292 kB
Committed_AS:   67449464 kB
VmallocTotal:   263061440 kB
VmallocUsed:      108548 kB
VmallocChunk:          0 kB
Percpu:             7616 kB
CmaTotal:         294912 kB
CmaFree:               0 kB
MemTotal:       12113140 kB
MemFree:          764988 kB
MemAvailable:    6860644 kB
Buffers:            3504 kB
Cached:          6575520 kB
SwapCached:            0 kB
Active:          6350576 kB
Inactive:        2520072 kB
Active(anon):    1970732 kB
Inactive(anon):   363176 kB
Active(file):    4379844 kB
Inactive(file):  2156896 kB
Unevictable:        5576 kB
Mlocked:            5576 kB
SwapTotal:       3145724 kB
SwapFree:        3136528 kB
Dirty:              2168 kB
Writeback:             0 kB
AnonPages:       2297384 kB
Mapped:           777108 kB
Shmem:             37748 kB
KReclaimable:     373008 kB
Slab:             244196 kB
SReclaimable:      95168 kB
SUnreclaim:       149028 kB
KernelStack:       52064 kB
PageTables:        66744 kB
NFS_Unstable:          0 kB
Bounce:                0 kB
WritebackTmp:          0 kB
CommitLimit:     9202292 kB
Committed_AS:   67593912 kB
VmallocTotal:   263061440 kB
VmallocUsed:      109012 kB
VmallocChunk:          0 kB
Percpu:             7616 kB
CmaTotal:         294912 kB
CmaFree:               0 kB
MemTotal:       12113140 kB
MemFree:          560512 kB
MemAvailable:    6656176 kB
Buffers:            3504 kB
Cached:          6575552 kB
SwapCached:            0 kB
Active:          6552224 kB
Inactive:        2520100 kB
Active(anon):    2172380 kB
Inactive(anon):   363204 kB
Active(file):    4379844 kB
Inactive(file):  2156896 kB
Unevictable:        5576 kB
Mlocked:            5576 kB
SwapTotal:       3145724 kB
SwapFree:        3136528 kB
Dirty:              1020 kB
Writeback:             0 kB
AnonPages:       2498988 kB
Mapped:           777184 kB
Shmem:             37780 kB
KReclaimable:     373024 kB
Slab:             244204 kB
SReclaimable:      95184 kB
SUnreclaim:       149020 kB
KernelStack:       52048 kB
PageTables:        67304 kB
NFS_Unstable:          0 kB
Bounce:                0 kB
WritebackTmp:          0 kB
CommitLimit:     9202292 kB
Committed_AS:   67753820 kB
VmallocTotal:   263061440 kB
VmallocUsed:      109060 kB
VmallocChunk:          0 kB
Percpu:             7616 kB
CmaTotal:         294912 kB
CmaFree:               0 kB
MemTotal:       12113140 kB
MemFree:          451024 kB
MemAvailable:    6542132 kB
Buffers:            3504 kB
Cached:          6575552 kB
SwapCached:            0 kB
Active:          6661764 kB
Inactive:        2520100 kB
Active(anon):    2281920 kB
Inactive(anon):   363204 kB
Active(file):    4379844 kB
Inactive(file):  2156896 kB
Unevictable:        5576 kB
Mlocked:            5576 kB
SwapTotal:       3145724 kB
SwapFree:        3136528 kB
Dirty:              1360 kB
Writeback:             0 kB
AnonPages:       2608412 kB
Mapped:           782732 kB
Shmem:             37780 kB
KReclaimable:     363908 kB
Slab:             244264 kB
SReclaimable:      95216 kB
SUnreclaim:       149048 kB
KernelStack:       52080 kB
PageTables:        67320 kB
NFS_Unstable:          0 kB
Bounce:                0 kB
WritebackTmp:          0 kB
CommitLimit:     9202292 kB
Committed_AS:   67826224 kB
VmallocTotal:   263061440 kB
VmallocUsed:      109060 kB
VmallocChunk:          0 kB
Percpu:             7616 kB
CmaTotal:         294912 kB
CmaFree:               0 kB
MemTotal:       12113140 kB
MemFree:          445476 kB
MemAvailable:    6536600 kB
Buffers:            3504 kB
Cached:          6575784 kB
SwapCached:            0 kB
Active:          6666300 kB
Inactive:        2520204 kB
Active(anon):    2286328 kB
Inactive(anon):   363428 kB
Active(file):    4379972 kB
Inactive(file):  2156776 kB
Unevictable:        5576 kB
Mlocked:            5576 kB
SwapTotal:       3145724 kB
SwapFree:        3136528 kB
Dirty:              1368 kB
Writeback:             0 kB
AnonPages:       2612780 kB
Mapped:           783164 kB
Shmem:             38004 kB
KReclaimable:     363924 kB
Slab:             244280 kB
SReclaimable:      95232 kB
SUnreclaim:       149048 kB
KernelStack:       52048 kB
PageTables:        67340 kB
NFS_Unstable:          0 kB
Bounce:                0 kB
WritebackTmp:          0 kB
CommitLimit:     9202292 kB
Committed_AS:   67828940 kB
VmallocTotal:   263061440 kB
VmallocUsed:      109044 kB
VmallocChunk:          0 kB
Percpu:             7616 kB
CmaTotal:         294912 kB
CmaFree:               0 kB
MemTotal:       12113140 kB
MemFree:          443460 kB
MemAvailable:    6534584 kB
Buffers:            3504 kB
Cached:          6575784 kB
SwapCached:            0 kB
Active:          6668128 kB
Inactive:        2520204 kB
Active(anon):    2288156 kB
Inactive(anon):   363428 kB
Active(file):    4379972 kB
Inactive(file):  2156776 kB
Unevictable:        5576 kB
Mlocked:            5576 kB
SwapTotal:       3145724 kB
SwapFree:        3136528 kB
Dirty:              1380 kB
Writeback:             0 kB
AnonPages:       2614844 kB
Mapped:           783576 kB
Shmem:             38004 kB
KReclaimable:     363924 kB
Slab:             244280 kB
SReclaimable:      95232 kB
SUnreclaim:       149048 kB
KernelStack:       52064 kB
PageTables:        67260 kB
NFS_Unstable:          0 kB
Bounce:                0 kB
WritebackTmp:          0 kB
CommitLimit:     9202292 kB
Committed_AS:   67823968 kB
VmallocTotal:   263061440 kB
VmallocUsed:      109028 kB
VmallocChunk:          0 kB
Percpu:             7616 kB
CmaTotal:         294912 kB
CmaFree:               0 kB
MemTotal:       12113140 kB
MemFree:          440752 kB
MemAvailable:    6531864 kB
Buffers:            3504 kB
Cached:          6575788 kB
SwapCached:            0 kB
Active:          6670956 kB
Inactive:        2520080 kB
Active(anon):    2290856 kB
Inactive(anon):   363432 kB
Active(file):    4380100 kB
Inactive(file):  2156648 kB
Unevictable:        5576 kB
Mlocked:            5576 kB
SwapTotal:       3145724 kB
SwapFree:        3136528 kB
Dirty:              1384 kB
Writeback:             0 kB
AnonPages:       2617212 kB
Mapped:           784308 kB
Shmem:             38008 kB
KReclaimable:     363900 kB
Slab:             244280 kB
SReclaimable:      95232 kB
SUnreclaim:       149048 kB
KernelStack:       52052 kB
PageTables:        67476 kB
NFS_Unstable:          0 kB
Bounce:                0 kB
WritebackTmp:          0 kB
CommitLimit:     9202292 kB
Committed_AS:   67828636 kB
VmallocTotal:   263061440 kB
VmallocUsed:      109012 kB
VmallocChunk:          0 kB
Percpu:             7616 kB
CmaTotal:         294912 kB
CmaFree:               0 kB
MemTotal:       12113140 kB
MemFree:          436864 kB
MemAvailable:    6527976 kB
Buffers:            3504 kB
Cached:          6575788 kB
SwapCached:            0 kB
Active:          6675772 kB
Inactive:        2520080 kB
Active(anon):    2295672 kB
Inactive(anon):   363432 kB
Active(file):    4380100 kB
Inactive(file):  2156648 kB
Unevictable:        5576 kB
Mlocked:            5576 kB
SwapTotal:       3145724 kB
SwapFree:        3136528 kB
Dirty:              1388 kB
Writeback:             0 kB
AnonPages:       2622280 kB
Mapped:           784708 kB
Shmem:             38008 kB
KReclaimable:     363900 kB
Slab:             244280 kB
SReclaimable:      95232 kB
SUnreclaim:       149048 kB
KernelStack:       52080 kB
PageTables:        67504 kB
NFS_Unstable:          0 kB
Bounce:                0 kB
WritebackTmp:          0 kB
CommitLimit:     9202292 kB
Committed_AS:   67829140 kB
VmallocTotal:   263061440 kB
VmallocUsed:      108996 kB
VmallocChunk:          0 kB
Percpu:             7616 kB
CmaTotal:         294912 kB
CmaFree:               0 kB
MemTotal:       12113140 kB
MemFree:          437060 kB
MemAvailable:    6528172 kB
Buffers:            3504 kB
Cached:          6575788 kB
SwapCached:            0 kB
Active:          6674020 kB
Inactive:        2520076 kB
Active(anon):    2293916 kB
Inactive(anon):   363432 kB
Active(file):    4380104 kB
Inactive(file):  2156644 kB
Unevictable:        5576 kB
Mlocked:            5576 kB
SwapTotal:       3145724 kB
SwapFree:        3136528 kB
Dirty:              1400 kB
Writeback:             0 kB
AnonPages:       2620164 kB
Mapped:           784708 kB
Shmem:             38008 kB
KReclaimable:     363900 kB
Slab:             244280 kB
SReclaimable:      95232 kB
SUnreclaim:       149048 kB
KernelStack:       52016 kB
PageTables:        67292 kB
NFS_Unstable:          0 kB
Bounce:                0 kB
WritebackTmp:          0 kB
CommitLimit:     9202292 kB
Committed_AS:   67824948 kB
VmallocTotal:   263061440 kB
VmallocUsed:      109028 kB
VmallocChunk:          0 kB
Percpu:             7616 kB
CmaTotal:         294912 kB
CmaFree:               0 kB
MemTotal:       12113140 kB
MemFree:          443100 kB
MemAvailable:    6534212 kB
Buffers:            3504 kB
Cached:          6575788 kB
SwapCached:            0 kB
Active:          6667696 kB
Inactive:        2519948 kB
Active(anon):    2287464 kB
Inactive(anon):   363432 kB
Active(file):    4380232 kB
Inactive(file):  2156516 kB
Unevictable:        5576 kB
Mlocked:            5576 kB
SwapTotal:       3145724 kB
SwapFree:        3136528 kB
Dirty:              1404 kB
Writeback:             0 kB
AnonPages:       2613576 kB
Mapped:           784712 kB
Shmem:             38008 kB
KReclaimable:     363900 kB
Slab:             244280 kB
SReclaimable:      95232 kB
SUnreclaim:       149048 kB
KernelStack:       52084 kB
PageTables:        67572 kB
NFS_Unstable:          0 kB
Bounce:                0 kB
WritebackTmp:          0 kB
CommitLimit:     9202292 kB
Committed_AS:   67829136 kB
VmallocTotal:   263061440 kB
VmallocUsed:      109028 kB
VmallocChunk:          0 kB
Percpu:             7616 kB
CmaTotal:         294912 kB
CmaFree:             260 kB
MemTotal:       12113140 kB
MemFree:          448232 kB
MemAvailable:    6539344 kB
Buffers:            3504 kB
Cached:          6575788 kB
SwapCached:            0 kB
Active:          6661988 kB
Inactive:        2519948 kB
Active(anon):    2281756 kB
Inactive(anon):   363432 kB
Active(file):    4380232 kB
Inactive(file):  2156516 kB
Unevictable:        5576 kB
Mlocked:            5576 kB
SwapTotal:       3145724 kB
SwapFree:        3136528 kB
Dirty:              1412 kB
Writeback:             0 kB
AnonPages:       2608328 kB
Mapped:           784884 kB
Shmem:             38008 kB
KReclaimable:     363900 kB
Slab:             244280 kB
SReclaimable:      95232 kB
SUnreclaim:       149048 kB
KernelStack:       52048 kB
PageTables:        67332 kB
NFS_Unstable:          0 kB
Bounce:                0 kB
WritebackTmp:          0 kB
CommitLimit:     9202292 kB
Committed_AS:   67828868 kB
VmallocTotal:   263061440 kB
VmallocUsed:      109012 kB
VmallocChunk:          0 kB
Percpu:             7616 kB
CmaTotal:         294912 kB
CmaFree:               0 kB
MemTotal:       12113140 kB
MemFree:          448556 kB
MemAvailable:    6539652 kB
Buffers:            3504 kB
Cached:          6575788 kB
SwapCached:            0 kB
Active:          6662320 kB
Inactive:        2519948 kB
Active(anon):    2282088 kB
Inactive(anon):   363432 kB
Active(file):    4380232 kB
Inactive(file):  2156516 kB
Unevictable:        5576 kB
Mlocked:            5576 kB
SwapTotal:       3145724 kB
SwapFree:        3136528 kB
Dirty:              1464 kB
Writeback:             0 kB
AnonPages:       2608592 kB
Mapped:           784772 kB
Shmem:             38008 kB
KReclaimable:     363868 kB
Slab:             244272 kB
SReclaimable:      95232 kB
SUnreclaim:       149040 kB
KernelStack:       52036 kB
PageTables:        67280 kB
NFS_Unstable:          0 kB
Bounce:                0 kB
WritebackTmp:          0 kB
CommitLimit:     9202292 kB
Committed_AS:   67822304 kB
VmallocTotal:   263061440 kB
VmallocUsed:      108996 kB
VmallocChunk:          0 kB
Percpu:             7616 kB
CmaTotal:         294912 kB
CmaFree:               0 kB
MemTotal:       12113140 kB
MemFree:          448092 kB
MemAvailable:    6538952 kB
Buffers:            3504 kB
Cached:          6575792 kB
SwapCached:            0 kB
Active:          6662740 kB
Inactive:        2519824 kB
Active(anon):    2282380 kB
Inactive(anon):   363432 kB
Active(file):    4380360 kB
Inactive(file):  2156392 kB
Unevictable:        5576 kB
Mlocked:            5576 kB
SwapTotal:       3145724 kB
SwapFree:        3136528 kB
Dirty:               996 kB
Writeback:             0 kB
AnonPages:       2608764 kB
Mapped:           785068 kB
Shmem:             38008 kB
KReclaimable:     363388 kB
Slab:             244264 kB
SReclaimable:      95232 kB
SUnreclaim:       149032 kB
KernelStack:       51968 kB
PageTables:        67348 kB
NFS_Unstable:          0 kB
Bounce:                0 kB
WritebackTmp:          0 kB
CommitLimit:     9202292 kB
Committed_AS:   67829176 kB
VmallocTotal:   263061440 kB
VmallocUsed:      108980 kB
VmallocChunk:          0 kB
Percpu:             7616 kB
CmaTotal:         294912 kB
CmaFree:               0 kB
MemTotal:       12113140 kB
MemFree:          450252 kB
MemAvailable:    6541080 kB
Buffers:            3504 kB
Cached:          6575792 kB
SwapCached:            0 kB
Active:          6661884 kB
Inactive:        2519824 kB
Active(anon):    2281524 kB
Inactive(anon):   363432 kB
Active(file):    4380360 kB
Inactive(file):  2156392 kB
Unevictable:        5576 kB
Mlocked:            5576 kB
SwapTotal:       3145724 kB
SwapFree:        3136528 kB
Dirty:              1000 kB
Writeback:             0 kB
AnonPages:       2608156 kB
Mapped:           785104 kB
Shmem:             38008 kB
KReclaimable:     363324 kB
Slab:             244264 kB
SReclaimable:      95232 kB
SUnreclaim:       149032 kB
KernelStack:       52004 kB
PageTables:        67480 kB
NFS_Unstable:          0 kB
Bounce:                0 kB
WritebackTmp:          0 kB
CommitLimit:     9202292 kB
Committed_AS:   67822336 kB
VmallocTotal:   263061440 kB
VmallocUsed:      108980 kB
VmallocChunk:          0 kB
Percpu:             7616 kB
CmaTotal:         294912 kB
CmaFree:               0 kB
MemTotal:       12113140 kB
MemFree:          448832 kB
MemAvailable:    6539324 kB
Buffers:            3504 kB
Cached:          6575796 kB
SwapCached:            0 kB
Active:          6662492 kB
Inactive:        2519828 kB
Active(anon):    2282132 kB
Inactive(anon):   363436 kB
Active(file):    4380360 kB
Inactive(file):  2156392 kB
Unevictable:        5576 kB
Mlocked:            5576 kB
SwapTotal:       3145724 kB
SwapFree:        3136528 kB
Dirty:              1000 kB
Writeback:             0 kB
AnonPages:       2608688 kB
Mapped:           785740 kB
Shmem:             38012 kB
KReclaimable:     362652 kB
Slab:             244252 kB
SReclaimable:      95216 kB
SUnreclaim:       149036 kB
KernelStack:       51956 kB
PageTables:        67468 kB
NFS_Unstable:          0 kB
Bounce:                0 kB
WritebackTmp:          0 kB
CommitLimit:     9202292 kB
Committed_AS:   67827604 kB
VmallocTotal:   263061440 kB
VmallocUsed:      108980 kB
VmallocChunk:          0 kB
Percpu:             7616 kB
CmaTotal:         294912 kB
CmaFree:               0 kB
MemTotal:       12113140 kB
MemFree:          448536 kB
MemAvailable:    6539288 kB
Buffers:            3504 kB
Cached:          6575796 kB
SwapCached:            0 kB
Active:          6663832 kB
Inactive:        2519700 kB
Active(anon):    2283344 kB
Inactive(anon):   363436 kB
Active(file):    4380488 kB
Inactive(file):  2156264 kB
Unevictable:        5576 kB
Mlocked:            5576 kB
SwapTotal:       3145724 kB
SwapFree:        3136528 kB
Dirty:              1028 kB
Writeback:            16 kB
AnonPages:       2609772 kB
Mapped:           785740 kB
Shmem:             38012 kB
KReclaimable:     362652 kB
Slab:             244252 kB
SReclaimable:      95216 kB
SUnreclaim:       149036 kB
KernelStack:       51952 kB
PageTables:        67124 kB
NFS_Unstable:          0 kB
Bounce:                0 kB
WritebackTmp:          0 kB
CommitLimit:     9202292 kB
Committed_AS:   67817608 kB
VmallocTotal:   263061440 kB
VmallocUsed:      108964 kB
VmallocChunk:          0 kB
Percpu:             7616 kB
CmaTotal:         294912 kB
CmaFree:               0 kB
MemTotal:       12113140 kB
MemFree:          447504 kB
MemAvailable:    6537996 kB
Buffers:            3504 kB
Cached:          6575796 kB
SwapCached:            0 kB
Active:          6664568 kB
Inactive:        2519700 kB
Active(anon):    2284080 kB
Inactive(anon):   363436 kB
Active(file):    4380488 kB
Inactive(file):  2156264 kB
Unevictable:        5576 kB
Mlocked:            5576 kB
SwapTotal:       3145724 kB
SwapFree:        3136528 kB
Dirty:              1052 kB
Writeback:             0 kB
AnonPages:       2610552 kB
Mapped:           785744 kB
Shmem:             38012 kB
KReclaimable:     362652 kB
Slab:             244252 kB
SReclaimable:      95216 kB
SUnreclaim:       149036 kB
KernelStack:       51920 kB
PageTables:        67340 kB
NFS_Unstable:          0 kB
Bounce:                0 kB
WritebackTmp:          0 kB
CommitLimit:     9202292 kB
Committed_AS:   67827844 kB
VmallocTotal:   263061440 kB
VmallocUsed:      108900 kB
VmallocChunk:          0 kB
Percpu:             7616 kB
CmaTotal:         294912 kB
CmaFree:               0 kB
MemTotal:       12113140 kB
MemFree:          447932 kB
MemAvailable:    6538400 kB
Buffers:            3504 kB
Cached:          6575796 kB
SwapCached:            0 kB
Active:          6664432 kB
Inactive:        2519572 kB
Active(anon):    2283816 kB
Inactive(anon):   363436 kB
Active(file):    4380616 kB
Inactive(file):  2156136 kB
Unevictable:        5576 kB
Mlocked:            5576 kB
SwapTotal:       3145724 kB
SwapFree:        3136528 kB
Dirty:              1068 kB
Writeback:             0 kB
AnonPages:       2610532 kB
Mapped:           785776 kB
Shmem:             38012 kB
KReclaimable:     362604 kB
Slab:             244252 kB
SReclaimable:      95216 kB
SUnreclaim:       149036 kB
KernelStack:       51780 kB
PageTables:        67272 kB
NFS_Unstable:          0 kB
Bounce:                0 kB
WritebackTmp:          0 kB
CommitLimit:     9202292 kB
Committed_AS:   67826504 kB
VmallocTotal:   263061440 kB
VmallocUsed:      108820 kB
VmallocChunk:          0 kB
Percpu:             7616 kB
CmaTotal:         294912 kB
CmaFree:               0 kB
MemTotal:       12113140 kB
MemFree:          448380 kB
MemAvailable:    6538840 kB
Buffers:            3504 kB
Cached:          6575796 kB
SwapCached:            0 kB
Active:          6665340 kB
Inactive:        2519572 kB
Active(anon):    2284724 kB
Inactive(anon):   363436 kB
Active(file):    4380616 kB
Inactive(file):  2156136 kB
Unevictable:        5576 kB
Mlocked:            5576 kB
SwapTotal:       3145724 kB
SwapFree:        3136528 kB
Dirty:              1068 kB
Writeback:             0 kB
AnonPages:       2611348 kB
Mapped:           785780 kB
Shmem:             38012 kB
KReclaimable:     362588 kB
Slab:             244236 kB
SReclaimable:      95200 kB
SUnreclaim:       149036 kB
KernelStack:       51792 kB
PageTables:        67340 kB
NFS_Unstable:          0 kB
Bounce:                0 kB
WritebackTmp:          0 kB
CommitLimit:     9202292 kB
Committed_AS:   67824848 kB
VmallocTotal:   263061440 kB
VmallocUsed:      108820 kB
VmallocChunk:          0 kB
Percpu:             7616 kB
CmaTotal:         294912 kB
CmaFree:               0 kB
MemTotal:       12113140 kB
MemFree:          447860 kB
MemAvailable:    6538320 kB
Buffers:            3504 kB
Cached:          6575796 kB
SwapCached:            0 kB
Active:          6665220 kB
Inactive:        2519572 kB
Active(anon):    2284604 kB
Inactive(anon):   363436 kB
Active(file):    4380616 kB
Inactive(file):  2156136 kB
Unevictable:        5576 kB
Mlocked:            5576 kB
SwapTotal:       3145724 kB
SwapFree:        3136528 kB
Dirty:              1068 kB
Writeback:             0 kB
AnonPages:       2611092 kB
Mapped:           785796 kB
Shmem:             38012 kB
KReclaimable:     362588 kB
Slab:             244236 kB
SReclaimable:      95200 kB
SUnreclaim:       149036 kB
KernelStack:       51744 kB
PageTables:        67140 kB
NFS_Unstable:          0 kB
Bounce:                0 kB
WritebackTmp:          0 kB
CommitLimit:     9202292 kB
Committed_AS:   67823492 kB
VmallocTotal:   263061440 kB
VmallocUsed:      108820 kB
VmallocChunk:          0 kB
Percpu:             7616 kB
CmaTotal:         294912 kB
CmaFree:               0 kB
MemTotal:       12113140 kB
MemFree:          447520 kB
MemAvailable:    6537984 kB
Buffers:            3504 kB
Cached:          6575800 kB
SwapCached:            0 kB
Active:          6665116 kB
Inactive:        2519448 kB
Active(anon):    2284372 kB
Inactive(anon):   363436 kB
Active(file):    4380744 kB
Inactive(file):  2156012 kB
Unevictable:        5576 kB
Mlocked:            5576 kB
SwapTotal:       3145724 kB
SwapFree:        3136528 kB
Dirty:              1236 kB
Writeback:             0 kB
AnonPages:       2610900 kB
Mapped:           785780 kB
Shmem:             38012 kB
KReclaimable:     362588 kB
Slab:             244236 kB
SReclaimable:      95200 kB
SUnreclaim:       149036 kB
KernelStack:       51712 kB
PageTables:        67480 kB
NFS_Unstable:          0 kB
Bounce:                0 kB
WritebackTmp:          0 kB
CommitLimit:     9202292 kB
Committed_AS:   67821720 kB
VmallocTotal:   263061440 kB
VmallocUsed:      108772 kB
VmallocChunk:          0 kB
Percpu:             7616 kB
CmaTotal:         294912 kB
CmaFree:               0 kB
MemTotal:       12113140 kB
MemFree:          448268 kB
MemAvailable:    6538732 kB
Buffers:            3504 kB
Cached:          6575800 kB
SwapCached:            0 kB
Active:          6663584 kB
Inactive:        2519448 kB
Active(anon):    2282840 kB
Inactive(anon):   363436 kB
Active(file):    4380744 kB
Inactive(file):  2156012 kB
Unevictable:        5576 kB
Mlocked:            5576 kB
SwapTotal:       3145724 kB
SwapFree:        3136528 kB
Dirty:              1244 kB
Writeback:             0 kB
AnonPages:       2609548 kB
Mapped:           785784 kB
Shmem:             38012 kB
KReclaimable:     362588 kB
Slab:             244236 kB
SReclaimable:      95200 kB
SUnreclaim:       149036 kB
KernelStack:       51760 kB
PageTables:        67324 kB
NFS_Unstable:          0 kB
Bounce:                0 kB
WritebackTmp:          0 kB
CommitLimit:     9202292 kB
Committed_AS:   67820912 kB
VmallocTotal:   263061440 kB
VmallocUsed:      108772 kB
VmallocChunk:          0 kB
Percpu:             7616 kB
CmaTotal:         294912 kB
CmaFree:             204 kB
MemTotal:       12113140 kB
MemFree:          447832 kB
MemAvailable:    6538296 kB
Buffers:            3504 kB
Cached:          6575800 kB
SwapCached:            0 kB
Active:          6664032 kB
Inactive:        2519448 kB
Active(anon):    2283288 kB
Inactive(anon):   363436 kB
Active(file):    4380744 kB
Inactive(file):  2156012 kB
Unevictable:        5576 kB
Mlocked:            5576 kB
SwapTotal:       3145724 kB
SwapFree:        3136528 kB
Dirty:              1000 kB
Writeback:             0 kB
AnonPages:       2609936 kB
Mapped:           785784 kB
Shmem:             38012 kB
KReclaimable:     362588 kB
Slab:             244236 kB
SReclaimable:      95200 kB
SUnreclaim:       149036 kB
KernelStack:       51744 kB
PageTables:        67432 kB
NFS_Unstable:          0 kB
Bounce:                0 kB
WritebackTmp:          0 kB
CommitLimit:     9202292 kB
Committed_AS:   67819640 kB
VmallocTotal:   263061440 kB
VmallocUsed:      108756 kB
VmallocChunk:          0 kB
Percpu:             7616 kB
CmaTotal:         294912 kB
CmaFree:               0 kB
MemTotal:       12113140 kB
MemFree:          447040 kB
MemAvailable:    6537504 kB
Buffers:            3504 kB
Cached:          6575800 kB
SwapCached:            0 kB
Active:          6664664 kB
Inactive:        2519320 kB
Active(anon):    2283792 kB
Inactive(anon):   363436 kB
Active(file):    4380872 kB
Inactive(file):  2155884 kB
Unevictable:        5576 kB
Mlocked:            5576 kB
SwapTotal:       3145724 kB
SwapFree:        3136528 kB
Dirty:              1004 kB
Writeback:             0 kB
AnonPages:       2610492 kB
Mapped:           785904 kB
Shmem:             38012 kB
KReclaimable:     362588 kB
Slab:             244236 kB
SReclaimable:      95200 kB
SUnreclaim:       149036 kB
KernelStack:       51712 kB
PageTables:        67256 kB
NFS_Unstable:          0 kB
Bounce:                0 kB
WritebackTmp:          0 kB
CommitLimit:     9202292 kB
Committed_AS:   67824292 kB
VmallocTotal:   263061440 kB
VmallocUsed:      108772 kB
VmallocChunk:          0 kB
Percpu:             7616 kB
CmaTotal:         294912 kB
CmaFree:               0 kB
MemTotal:       12113140 kB
MemFree:          446316 kB
MemAvailable:    6536780 kB
Buffers:            3504 kB
Cached:          6575800 kB
SwapCached:            0 kB
Active:          6664796 kB
Inactive:        2519320 kB
Active(anon):    2283924 kB
Inactive(anon):   363436 kB
Active(file):    4380872 kB
Inactive(file):  2155884 kB
Unevictable:        5576 kB
Mlocked:            5576 kB
SwapTotal:       3145724 kB
SwapFree:        3136528 kB
Dirty:              1048 kB
Writeback:             0 kB
AnonPages:       2610512 kB
Mapped:           785788 kB
Shmem:             38012 kB
KReclaimable:     362588 kB
Slab:             244236 kB
SReclaimable:      95200 kB
SUnreclaim:       149036 kB
KernelStack:       51744 kB
PageTables:        67104 kB
NFS_Unstable:          0 kB
Bounce:                0 kB
WritebackTmp:          0 kB
CommitLimit:     9202292 kB
Committed_AS:   67824632 kB
VmallocTotal:   263061440 kB
VmallocUsed:      108788 kB
VmallocChunk:          0 kB
Percpu:             7616 kB
CmaTotal:         294912 kB
CmaFree:               0 kB
MemTotal:       12113140 kB
MemFree:          447032 kB
MemAvailable:    6537496 kB
Buffers:            3504 kB
Cached:          6575800 kB
SwapCached:            0 kB
Active:          6665208 kB
Inactive:        2519192 kB
Active(anon):    2284208 kB
Inactive(anon):   363436 kB
Active(file):    4381000 kB
Inactive(file):  2155756 kB
Unevictable:        5576 kB
Mlocked:            5576 kB
SwapTotal:       3145724 kB
SwapFree:        3136528 kB
Dirty:              1064 kB
Writeback:             0 kB
AnonPages:       2610560 kB
Mapped:           785788 kB
Shmem:             38012 kB
KReclaimable:     362588 kB
Slab:             244236 kB
SReclaimable:      95200 kB
SUnreclaim:       149036 kB
KernelStack:       51764 kB
PageTables:        67520 kB
NFS_Unstable:          0 kB
Bounce:                0 kB
WritebackTmp:          0 kB
CommitLimit:     9202292 kB
Committed_AS:   67825008 kB
VmallocTotal:   263061440 kB
VmallocUsed:      108788 kB
VmallocChunk:          0 kB
Percpu:             7616 kB
CmaTotal:         294912 kB
CmaFree:               0 kB
MemTotal:       12113140 kB
MemFree:          447088 kB
MemAvailable:    6537552 kB
Buffers:            3504 kB
Cached:          6575804 kB
SwapCached:            0 kB
Active:          6667048 kB
Inactive:        2519196 kB
Active(anon):    2286048 kB
Inactive(anon):   363440 kB
Active(file):    4381000 kB
Inactive(file):  2155756 kB
Unevictable:        5576 kB
Mlocked:            5576 kB
SwapTotal:       3145724 kB
SwapFree:        3136528 kB
Dirty:              1084 kB
Writeback:             8 kB
AnonPages:       2612228 kB
Mapped:           785748 kB
Shmem:             38016 kB
KReclaimable:     362588 kB
Slab:             244236 kB
SReclaimable:      95200 kB
SUnreclaim:       149036 kB
KernelStack:       51776 kB
PageTables:        67484 kB
NFS_Unstable:          0 kB
Bounce:                0 kB
WritebackTmp:          0 kB
CommitLimit:     9202292 kB
Committed_AS:   67823496 kB
VmallocTotal:   263061440 kB
VmallocUsed:      108788 kB
VmallocChunk:          0 kB
Percpu:             7616 kB
CmaTotal:         294912 kB
CmaFree:               0 kB
MemTotal:       12113140 kB
MemFree:          447152 kB
MemAvailable:    6537616 kB
Buffers:            3504 kB
Cached:          6575804 kB
SwapCached:            0 kB
Active:          6667132 kB
Inactive:        2519076 kB
Active(anon):    2286012 kB
Inactive(anon):   363440 kB
Active(file):    4381120 kB
Inactive(file):  2155636 kB
Unevictable:        5576 kB
Mlocked:            5576 kB
SwapTotal:       3145724 kB
SwapFree:        3136528 kB
Dirty:              1000 kB
Writeback:             0 kB
AnonPages:       2612452 kB
Mapped:           785796 kB
Shmem:             38016 kB
KReclaimable:     362588 kB
Slab:             244236 kB
SReclaimable:      95200 kB
SUnreclaim:       149036 kB
KernelStack:       51696 kB
PageTables:        67344 kB
NFS_Unstable:          0 kB
Bounce:                0 kB
WritebackTmp:          0 kB
CommitLimit:     9202292 kB
Committed_AS:   67816648 kB
VmallocTotal:   263061440 kB
VmallocUsed:      108724 kB
VmallocChunk:          0 kB
Percpu:             7616 kB
CmaTotal:         294912 kB
CmaFree:               0 kB
MemTotal:       12113140 kB
MemFree:          445780 kB
MemAvailable:    6536244 kB
Buffers:            3504 kB
Cached:          6575804 kB
SwapCached:            0 kB
Active:          6667680 kB
Inactive:        2518956 kB
Active(anon):    2286440 kB
Inactive(anon):   363440 kB
Active(file):    4381240 kB
Inactive(file):  2155516 kB
Unevictable:        5576 kB
Mlocked:            5576 kB
SwapTotal:       3145724 kB
SwapFree:        3136528 kB
Dirty:              1080 kB
Writeback:             0 kB
AnonPages:       2613128 kB
Mapped:           785796 kB
Shmem:             38016 kB
KReclaimable:     362588 kB
Slab:             244236 kB
SReclaimable:      95200 kB
SUnreclaim:       149036 kB
KernelStack:       51700 kB
PageTables:        67256 kB
NFS_Unstable:          0 kB
Bounce:                0 kB
WritebackTmp:          0 kB
CommitLimit:     9202292 kB
Committed_AS:   67827888 kB
VmallocTotal:   263061440 kB
VmallocUsed:      108724 kB
VmallocChunk:          0 kB
Percpu:             7616 kB
CmaTotal:         294912 kB
CmaFree:               0 kB
MemTotal:       12113140 kB
MemFree:          445212 kB
MemAvailable:    6535676 kB
Buffers:            3504 kB
Cached:          6575804 kB
SwapCached:            0 kB
Active:          6668124 kB
Inactive:        2518956 kB
Active(anon):    2286884 kB
Inactive(anon):   363440 kB
Active(file):    4381240 kB
Inactive(file):  2155516 kB
Unevictable:        5576 kB
Mlocked:            5576 kB
SwapTotal:       3145724 kB
SwapFree:        3136528 kB
Dirty:              1084 kB
Writeback:             0 kB
AnonPages:       2613224 kB
Mapped:           785780 kB
Shmem:             38016 kB
KReclaimable:     362588 kB
Slab:             244236 kB
SReclaimable:      95200 kB
SUnreclaim:       149036 kB
KernelStack:       51664 kB
PageTables:        67296 kB
NFS_Unstable:          0 kB
Bounce:                0 kB
WritebackTmp:          0 kB
CommitLimit:     9202292 kB
Committed_AS:   67822648 kB
VmallocTotal:   263061440 kB
VmallocUsed:      108724 kB
VmallocChunk:          0 kB
Percpu:             7616 kB
CmaTotal:         294912 kB
CmaFree:               0 kB
MemTotal:       12113140 kB
MemFree:          445052 kB
MemAvailable:    6535516 kB
Buffers:            3504 kB
Cached:          6575804 kB
SwapCached:            0 kB
Active:          6668180 kB
Inactive:        2518956 kB
Active(anon):    2286940 kB
Inactive(anon):   363440 kB
Active(file):    4381240 kB
Inactive(file):  2155516 kB
Unevictable:        5576 kB
Mlocked:            5576 kB
SwapTotal:       3145724 kB
SwapFree:        3136528 kB
Dirty:              1108 kB
Writeback:             0 kB
AnonPages:       2613512 kB
Mapped:           785800 kB
Shmem:             38016 kB
KReclaimable:     362588 kB
Slab:             244236 kB
SReclaimable:      95200 kB
SUnreclaim:       149036 kB
KernelStack:       51664 kB
PageTables:        67288 kB
NFS_Unstable:          0 kB
Bounce:                0 kB
WritebackTmp:          0 kB
CommitLimit:     9202292 kB
Committed_AS:   67827808 kB
VmallocTotal:   263061440 kB
VmallocUsed:      108708 kB
VmallocChunk:          0 kB
Percpu:             7616 kB
CmaTotal:         294912 kB
CmaFree:               0 kB
MemTotal:       12113140 kB
MemFree:          445368 kB
MemAvailable:    6535832 kB
Buffers:            3504 kB
Cached:          6575804 kB
SwapCached:            0 kB
Active:          6668524 kB
Inactive:        2518828 kB
Active(anon):    2287156 kB
Inactive(anon):   363440 kB
Active(file):    4381368 kB
Inactive(file):  2155388 kB
Unevictable:        5576 kB
Mlocked:            5576 kB
SwapTotal:       3145724 kB
SwapFree:        3136528 kB
Dirty:              1108 kB
Writeback:             0 kB
AnonPages:       2613808 kB
Mapped:           785800 kB
Shmem:             38016 kB
KReclaimable:     362588 kB
Slab:             244236 kB
SReclaimable:      95200 kB
SUnreclaim:       149036 kB
KernelStack:       51668 kB
PageTables:        67304 kB
NFS_Unstable:          0 kB
Bounce:                0 kB
WritebackTmp:          0 kB
CommitLimit:     9202292 kB
Committed_AS:   67824596 kB
VmallocTotal:   263061440 kB
VmallocUsed:      108708 kB
VmallocChunk:          0 kB
Percpu:             7616 kB
CmaTotal:         294912 kB
CmaFree:               0 kB
MemTotal:       12113140 kB
MemFree:          444800 kB
MemAvailable:    6535264 kB
Buffers:            3504 kB
Cached:          6575804 kB
SwapCached:            0 kB
Active:          6668864 kB
Inactive:        2518828 kB
Active(anon):    2287496 kB
Inactive(anon):   363440 kB
Active(file):    4381368 kB
Inactive(file):  2155388 kB
Unevictable:        5576 kB
Mlocked:            5576 kB
SwapTotal:       3145724 kB
SwapFree:        3136528 kB
Dirty:              1024 kB
Writeback:             0 kB
AnonPages:       2613808 kB
Mapped:           785804 kB
Shmem:             38016 kB
KReclaimable:     362588 kB
Slab:             244236 kB
SReclaimable:      95200 kB
SUnreclaim:       149036 kB
KernelStack:       51680 kB
PageTables:        67488 kB
NFS_Unstable:          0 kB
Bounce:                0 kB
WritebackTmp:          0 kB
CommitLimit:     9202292 kB
Committed_AS:   67827488 kB
VmallocTotal:   263061440 kB
VmallocUsed:      108708 kB
VmallocChunk:          0 kB
Percpu:             7616 kB
CmaTotal:         294912 kB
CmaFree:               0 kB
MemTotal:       12113140 kB
MemFree:          444672 kB
MemAvailable:    6535136 kB
Buffers:            3504 kB
Cached:          6575804 kB
SwapCached:            0 kB
Active:          6669192 kB
Inactive:        2518700 kB
Active(anon):    2287696 kB
Inactive(anon):   363440 kB
Active(file):    4381496 kB
Inactive(file):  2155260 kB
Unevictable:        5576 kB
Mlocked:            5576 kB
SwapTotal:       3145724 kB
SwapFree:        3136528 kB
Dirty:              1028 kB
Writeback:             0 kB
AnonPages:       2614548 kB
Mapped:           785804 kB
Shmem:             38016 kB
KReclaimable:     362588 kB
Slab:             244236 kB
SReclaimable:      95200 kB
SUnreclaim:       149036 kB
KernelStack:       51668 kB
PageTables:        67328 kB
NFS_Unstable:          0 kB
Bounce:                0 kB
WritebackTmp:          0 kB
CommitLimit:     9202292 kB
Committed_AS:   67826796 kB
VmallocTotal:   263061440 kB
VmallocUsed:      108708 kB
VmallocChunk:          0 kB
Percpu:             7616 kB
CmaTotal:         294912 kB
CmaFree:               0 kB
MemTotal:       12113140 kB
MemFree:          445924 kB
MemAvailable:    6536384 kB
Buffers:            3504 kB
Cached:          6575804 kB
SwapCached:            0 kB
Active:          6668408 kB
Inactive:        2518700 kB
Active(anon):    2286912 kB
Inactive(anon):   363440 kB
Active(file):    4381496 kB
Inactive(file):  2155260 kB
Unevictable:        5576 kB
Mlocked:            5576 kB
SwapTotal:       3145724 kB
SwapFree:        3136528 kB
Dirty:              1028 kB
Writeback:             0 kB
AnonPages:       2613412 kB
Mapped:           785912 kB
Shmem:             38016 kB
KReclaimable:     362580 kB
Slab:             244236 kB
SReclaimable:      95200 kB
SUnreclaim:       149036 kB
KernelStack:       51648 kB
PageTables:        67296 kB
NFS_Unstable:          0 kB
Bounce:                0 kB
WritebackTmp:          0 kB
CommitLimit:     9202292 kB
Committed_AS:   67822412 kB
VmallocTotal:   263061440 kB
VmallocUsed:      108708 kB
VmallocChunk:          0 kB
Percpu:             7616 kB
CmaTotal:         294912 kB
CmaFree:               0 kB
MemTotal:       12113140 kB
MemFree:          444540 kB
MemAvailable:    6534964 kB
Buffers:            3504 kB
Cached:          6575804 kB
SwapCached:            0 kB
Active:          6667684 kB
Inactive:        2518700 kB
Active(anon):    2286188 kB
Inactive(anon):   363440 kB
Active(file):    4381496 kB
Inactive(file):  2155260 kB
Unevictable:        5576 kB
Mlocked:            5576 kB
SwapTotal:       3145724 kB
SwapFree:        3136528 kB
Dirty:              1116 kB
Writeback:             0 kB
AnonPages:       2612808 kB
Mapped:           785876 kB
Shmem:             38016 kB
KReclaimable:     362508 kB
Slab:             244236 kB
SReclaimable:      95200 kB
SUnreclaim:       149036 kB
KernelStack:       51632 kB
PageTables:        67432 kB
NFS_Unstable:          0 kB
Bounce:                0 kB
WritebackTmp:          0 kB
CommitLimit:     9202292 kB
Committed_AS:   67821460 kB
VmallocTotal:   263061440 kB
VmallocUsed:      108692 kB
VmallocChunk:          0 kB
Percpu:             7616 kB
CmaTotal:         294912 kB
CmaFree:               0 kB
MemTotal:       12113140 kB
MemFree:          445096 kB
MemAvailable:    6535524 kB
Buffers:            3504 kB
Cached:          6575808 kB
SwapCached:            0 kB
Active:          6668116 kB
Inactive:        2518584 kB
Active(anon):    2286500 kB
Inactive(anon):   363440 kB
Active(file):    4381616 kB
Inactive(file):  2155144 kB
Unevictable:        5576 kB
Mlocked:            5576 kB
SwapTotal:       3145724 kB
SwapFree:        3136528 kB
Dirty:              1128 kB
Writeback:             0 kB
AnonPages:       2612964 kB
Mapped:           785904 kB
Shmem:             38016 kB
KReclaimable:     362508 kB
Slab:             244236 kB
SReclaimable:      95200 kB
SUnreclaim:       149036 kB
KernelStack:       51632 kB
PageTables:        67288 kB
NFS_Unstable:          0 kB
Bounce:                0 kB
WritebackTmp:          0 kB
CommitLimit:     9202292 kB
Committed_AS:   67824388 kB
VmallocTotal:   263061440 kB
VmallocUsed:      108692 kB
VmallocChunk:          0 kB
Percpu:             7616 kB
CmaTotal:         294912 kB
CmaFree:               0 kB
MemTotal:       12113140 kB
MemFree:          444860 kB
MemAvailable:    6535288 kB
Buffers:            3504 kB
Cached:          6575808 kB
SwapCached:            0 kB
Active:          6669404 kB
Inactive:        2518576 kB
Active(anon):    2287780 kB
Inactive(anon):   363440 kB
Active(file):    4381624 kB
Inactive(file):  2155136 kB
Unevictable:        5576 kB
Mlocked:            5576 kB
SwapTotal:       3145724 kB
SwapFree:        3136528 kB
Dirty:              1024 kB
Writeback:             0 kB
AnonPages:       2614348 kB
Mapped:           785904 kB
Shmem:             38016 kB
KReclaimable:     362508 kB
Slab:             244236 kB
SReclaimable:      95200 kB
SUnreclaim:       149036 kB
KernelStack:       51600 kB
PageTables:        67288 kB
NFS_Unstable:          0 kB
Bounce:                0 kB
WritebackTmp:          0 kB
CommitLimit:     9202292 kB
Committed_AS:   67818576 kB
VmallocTotal:   263061440 kB
VmallocUsed:      108660 kB
VmallocChunk:          0 kB
Percpu:             7616 kB
CmaTotal:         294912 kB
CmaFree:               0 kB
MemTotal:       12113140 kB
MemFree:          445864 kB
MemAvailable:    6536292 kB
Buffers:            3504 kB
Cached:          6575808 kB
SwapCached:            0 kB
Active:          6666696 kB
Inactive:        2518580 kB
Active(anon):    2285076 kB
Inactive(anon):   363440 kB
Active(file):    4381620 kB
Inactive(file):  2155140 kB
Unevictable:        5576 kB
Mlocked:            5576 kB
SwapTotal:       3145724 kB
SwapFree:        3136528 kB
Dirty:              1040 kB
Writeback:             0 kB
AnonPages:       2611764 kB
Mapped:           785932 kB
Shmem:             38016 kB
KReclaimable:     362508 kB
Slab:             244236 kB
SReclaimable:      95200 kB
SUnreclaim:       149036 kB
KernelStack:       51664 kB
PageTables:        67112 kB
NFS_Unstable:          0 kB
Bounce:                0 kB
WritebackTmp:          0 kB
CommitLimit:     9202292 kB
Committed_AS:   67821084 kB
VmallocTotal:   263061440 kB
VmallocUsed:      108676 kB
VmallocChunk:          0 kB
Percpu:             7616 kB
CmaTotal:         294912 kB
CmaFree:              16 kB
MemTotal:       12113140 kB
MemFree:          434492 kB
MemAvailable:    6524920 kB
Buffers:            3504 kB
Cached:          6575808 kB
SwapCached:            0 kB
Active:          6681220 kB
Inactive:        2518448 kB
Active(anon):    2299472 kB
Inactive(anon):   363436 kB
Active(file):    4381748 kB
Inactive(file):  2155012 kB
Unevictable:        5576 kB
Mlocked:            5576 kB
SwapTotal:       3145724 kB
SwapFree:        3136528 kB
Dirty:              1080 kB
Writeback:             0 kB
AnonPages:       2626024 kB
Mapped:           785960 kB
Shmem:             38016 kB
KReclaimable:     362508 kB
Slab:             244236 kB
SReclaimable:      95200 kB
SUnreclaim:       149036 kB
KernelStack:       51616 kB
PageTables:        67476 kB
NFS_Unstable:          0 kB
Bounce:                0 kB
WritebackTmp:          0 kB
CommitLimit:     9202292 kB
Committed_AS:   67825120 kB
VmallocTotal:   263061440 kB
VmallocUsed:      108676 kB
VmallocChunk:          0 kB
Percpu:             7616 kB
CmaTotal:         294912 kB
CmaFree:               0 kB
MemTotal:       12113140 kB
MemFree:          414624 kB
MemAvailable:    6505052 kB
Buffers:            3504 kB
Cached:          6575808 kB
SwapCached:            0 kB
Active:          6698596 kB
Inactive:        2518448 kB
Active(anon):    2316848 kB
Inactive(anon):   363436 kB
Active(file):    4381748 kB
Inactive(file):  2155012 kB
Unevictable:        5576 kB
Mlocked:            5576 kB
SwapTotal:       3145724 kB
SwapFree:        3136528 kB
Dirty:              1084 kB
Writeback:             0 kB
AnonPages:       2643420 kB
Mapped:           785964 kB
Shmem:             38016 kB
KReclaimable:     362508 kB
Slab:             244244 kB
SReclaimable:      95200 kB
SUnreclaim:       149044 kB
KernelStack:       51664 kB
PageTables:        67504 kB
NFS_Unstable:          0 kB
Bounce:                0 kB
WritebackTmp:          0 kB
CommitLimit:     9202292 kB
Committed_AS:   67821828 kB
VmallocTotal:   263061440 kB
VmallocUsed:      108676 kB
VmallocChunk:          0 kB
Percpu:             7616 kB
CmaTotal:         294912 kB
CmaFree:               0 kB
MemTotal:       12113140 kB
MemFree:          404212 kB
MemAvailable:    6494640 kB
Buffers:            3504 kB
Cached:          6575808 kB
SwapCached:            0 kB
Active:          6709588 kB
Inactive:        2518328 kB
Active(anon):    2327720 kB
Inactive(anon):   363436 kB
Active(file):    4381868 kB
Inactive(file):  2154892 kB
Unevictable:        5576 kB
Mlocked:            5576 kB
SwapTotal:       3145724 kB
SwapFree:        3136528 kB
Dirty:              1088 kB
Writeback:             0 kB
AnonPages:       2654404 kB
Mapped:           786120 kB
Shmem:             38016 kB
KReclaimable:     362508 kB
Slab:             244236 kB
SReclaimable:      95200 kB
SUnreclaim:       149036 kB
KernelStack:       51616 kB
PageTables:        67288 kB
NFS_Unstable:          0 kB
Bounce:                0 kB
WritebackTmp:          0 kB
CommitLimit:     9202292 kB
Committed_AS:   67819540 kB
VmallocTotal:   263061440 kB
VmallocUsed:      108628 kB
VmallocChunk:          0 kB
Percpu:             7616 kB
CmaTotal:         294912 kB
CmaFree:               0 kB
MemTotal:       12113140 kB
MemFree:          400772 kB
MemAvailable:    6491200 kB
Buffers:            3504 kB
Cached:          6575444 kB
SwapCached:            0 kB
Active:          6711120 kB
Inactive:        2517956 kB
Active(anon):    2329244 kB
Inactive(anon):   363072 kB
Active(file):    4381876 kB
Inactive(file):  2154884 kB
Unevictable:        5576 kB
Mlocked:            5576 kB
SwapTotal:       3145724 kB
SwapFree:        3136528 kB
Dirty:              1000 kB
Writeback:             0 kB
AnonPages:       2655824 kB
Mapped:           785756 kB
Shmem:             37652 kB
KReclaimable:     362508 kB
Slab:             244244 kB
SReclaimable:      95200 kB
SUnreclaim:       149044 kB
KernelStack:       51616 kB
PageTables:        67280 kB
NFS_Unstable:          0 kB
Bounce:                0 kB
WritebackTmp:          0 kB
CommitLimit:     9202292 kB
Committed_AS:   67819416 kB
VmallocTotal:   263061440 kB
VmallocUsed:      108644 kB
VmallocChunk:          0 kB
Percpu:             7616 kB
CmaTotal:         294912 kB
CmaFree:               0 kB
MemTotal:       12113140 kB
MemFree:          399116 kB
MemAvailable:    6489544 kB
Buffers:            3504 kB
Cached:          6575812 kB
SwapCached:            0 kB
Active:          6712604 kB
Inactive:        2518204 kB
Active(anon):    2330608 kB
Inactive(anon):   363440 kB
Active(file):    4381996 kB
Inactive(file):  2154764 kB
Unevictable:        5576 kB
Mlocked:            5576 kB
SwapTotal:       3145724 kB
SwapFree:        3136528 kB
Dirty:              1004 kB
Writeback:             0 kB
AnonPages:       2657160 kB
Mapped:           786124 kB
Shmem:             38020 kB
KReclaimable:     362508 kB
Slab:             244236 kB
SReclaimable:      95200 kB
SUnreclaim:       149036 kB
KernelStack:       51616 kB
PageTables:        67292 kB
NFS_Unstable:          0 kB
Bounce:                0 kB
WritebackTmp:          0 kB
CommitLimit:     9202292 kB
Committed_AS:   67819108 kB
VmallocTotal:   263061440 kB
VmallocUsed:      108644 kB
VmallocChunk:          0 kB
Percpu:             7616 kB
CmaTotal:         294912 kB
CmaFree:               0 kB
MemTotal:       12113140 kB
MemFree:          397804 kB
MemAvailable:    6488232 kB
Buffers:            3504 kB
Cached:          6575812 kB
SwapCached:            0 kB
Active:          6712708 kB
Inactive:        2518196 kB
Active(anon):    2330704 kB
Inactive(anon):   363440 kB
Active(file):    4382004 kB
Inactive(file):  2154756 kB
Unevictable:        5576 kB
Mlocked:            5576 kB
SwapTotal:       3145724 kB
SwapFree:        3136528 kB
Dirty:              1032 kB
Writeback:             0 kB
AnonPages:       2657240 kB
Mapped:           786124 kB
Shmem:             38020 kB
KReclaimable:     362508 kB
Slab:             244252 kB
SReclaimable:      95200 kB
SUnreclaim:       149052 kB
KernelStack:       51616 kB
PageTables:        67288 kB
NFS_Unstable:          0 kB
Bounce:                0 kB
WritebackTmp:          0 kB
CommitLimit:     9202292 kB
Committed_AS:   67818844 kB
VmallocTotal:   263061440 kB
VmallocUsed:      108628 kB
VmallocChunk:          0 kB
Percpu:             7616 kB
CmaTotal:         294912 kB
CmaFree:               0 kB
MemTotal:       12113140 kB
MemFree:          395832 kB
MemAvailable:    6485708 kB
Buffers:            3504 kB
Cached:          6575812 kB
SwapCached:            0 kB
Active:          6715336 kB
Inactive:        2518196 kB
Active(anon):    2333332 kB
Inactive(anon):   363440 kB
Active(file):    4382004 kB
Inactive(file):  2154756 kB
Unevictable:        5576 kB
Mlocked:            5576 kB
SwapTotal:       3145724 kB
SwapFree:        3136528 kB
Dirty:              1056 kB
Writeback:             0 kB
AnonPages:       2659964 kB
Mapped:           787180 kB
Shmem:             38020 kB
KReclaimable:     361408 kB
Slab:             244300 kB
SReclaimable:      95248 kB
SUnreclaim:       149052 kB
KernelStack:       51632 kB
PageTables:        67300 kB
NFS_Unstable:          0 kB
Bounce:                0 kB
WritebackTmp:          0 kB
CommitLimit:     9202292 kB
Committed_AS:   67839404 kB
VmallocTotal:   263061440 kB
VmallocUsed:      108628 kB
VmallocChunk:          0 kB
Percpu:             7616 kB
CmaTotal:         294912 kB
CmaFree:               0 kB
MemTotal:       12113140 kB
MemFree:          393932 kB
MemAvailable:    6483600 kB
Buffers:            3504 kB
Cached:          6575816 kB
SwapCached:            0 kB
Active:          6718232 kB
Inactive:        2518200 kB
Active(anon):    2336228 kB
Inactive(anon):   363444 kB
Active(file):    4382004 kB
Inactive(file):  2154756 kB
Unevictable:        5576 kB
Mlocked:            5576 kB
SwapTotal:       3145724 kB
SwapFree:        3136528 kB
Dirty:              1064 kB
Writeback:             0 kB
AnonPages:       2662712 kB
Mapped:           787552 kB
Shmem:             38024 kB
KReclaimable:     360988 kB
Slab:             244300 kB
SReclaimable:      95248 kB
SUnreclaim:       149052 kB
KernelStack:       51632 kB
PageTables:        67316 kB
NFS_Unstable:          0 kB
Bounce:                0 kB
WritebackTmp:          0 kB
CommitLimit:     9202292 kB
Committed_AS:   67855800 kB
VmallocTotal:   263061440 kB
VmallocUsed:      108596 kB
VmallocChunk:          0 kB
Percpu:             7616 kB
CmaTotal:         294912 kB
CmaFree:               0 kB
MemTotal:       12113140 kB
MemFree:          390312 kB
MemAvailable:    6479804 kB
Buffers:            3504 kB
Cached:          6575828 kB
SwapCached:            0 kB
Active:          6723180 kB
Inactive:        2518084 kB
Active(anon):    2341048 kB
Inactive(anon):   363456 kB
Active(file):    4382132 kB
Inactive(file):  2154628 kB
Unevictable:        5576 kB
Mlocked:            5576 kB
SwapTotal:       3145724 kB
SwapFree:        3136528 kB
Dirty:              1064 kB
Writeback:             0 kB
AnonPages:       2667420 kB
Mapped:           788348 kB
Shmem:             38036 kB
KReclaimable:     360636 kB
Slab:             244304 kB
SReclaimable:      95248 kB
SUnreclaim:       149056 kB
KernelStack:       51776 kB
PageTables:        67352 kB
NFS_Unstable:          0 kB
Bounce:                0 kB
WritebackTmp:          0 kB
CommitLimit:     9202292 kB
Committed_AS:   67855880 kB
VmallocTotal:   263061440 kB
VmallocUsed:      108740 kB
VmallocChunk:          0 kB
Percpu:             7616 kB
CmaTotal:         294912 kB
CmaFree:               0 kB
MemTotal:       12113140 kB
MemFree:          389168 kB
MemAvailable:    6478680 kB
Buffers:            3504 kB
Cached:          6575848 kB
SwapCached:            0 kB
Active:          6724904 kB
Inactive:        2518100 kB
Active(anon):    2342768 kB
Inactive(anon):   363456 kB
Active(file):    4382136 kB
Inactive(file):  2154644 kB
Unevictable:        5576 kB
Mlocked:            5576 kB
SwapTotal:       3145724 kB
SwapFree:        3136528 kB
Dirty:              1036 kB
Writeback:             0 kB
AnonPages:       2669292 kB
Mapped:           788348 kB
Shmem:             38036 kB
KReclaimable:     360636 kB
Slab:             244304 kB
SReclaimable:      95248 kB
SUnreclaim:       149056 kB
KernelStack:       51808 kB
PageTables:        67364 kB
NFS_Unstable:          0 kB
Bounce:                0 kB
WritebackTmp:          0 kB
CommitLimit:     9202292 kB
Committed_AS:   67855848 kB
VmallocTotal:   263061440 kB
VmallocUsed:      108772 kB
VmallocChunk:          0 kB
Percpu:             7616 kB
CmaTotal:         294912 kB
CmaFree:               0 kB
MemTotal:       12113140 kB
MemFree:          387592 kB
MemAvailable:    6477096 kB
Buffers:            3504 kB
Cached:          6575832 kB
SwapCached:            0 kB
Active:          6725556 kB
Inactive:        2517968 kB
Active(anon):    2343304 kB
Inactive(anon):   363456 kB
Active(file):    4382252 kB
Inactive(file):  2154512 kB
Unevictable:        5576 kB
Mlocked:            5576 kB
SwapTotal:       3145724 kB
SwapFree:        3136528 kB
Dirty:              1044 kB
Writeback:             0 kB
AnonPages:       2669820 kB
Mapped:           788348 kB
Shmem:             38036 kB
KReclaimable:     360652 kB
Slab:             244320 kB
SReclaimable:      95264 kB
SUnreclaim:       149056 kB
KernelStack:       51808 kB
PageTables:        67364 kB
NFS_Unstable:          0 kB
Bounce:                0 kB
WritebackTmp:          0 kB
CommitLimit:     9202292 kB
Committed_AS:   67856072 kB
VmallocTotal:   263061440 kB
VmallocUsed:      108756 kB
VmallocChunk:          0 kB
Percpu:             7616 kB
CmaTotal:         294912 kB
CmaFree:               0 kB
MemTotal:       12113140 kB
MemFree:          407592 kB
MemAvailable:    6497112 kB
Buffers:            3504 kB
Cached:          6575832 kB
SwapCached:            0 kB
Active:          6705196 kB
Inactive:        2517960 kB
Active(anon):    2322936 kB
Inactive(anon):   363456 kB
Active(file):    4382260 kB
Inactive(file):  2154504 kB
Unevictable:        5576 kB
Mlocked:            5576 kB
SwapTotal:       3145724 kB
SwapFree:        3136528 kB
Dirty:              1048 kB
Writeback:             0 kB
AnonPages:       2649672 kB
Mapped:           788476 kB
Shmem:             38036 kB
KReclaimable:     360684 kB
Slab:             244352 kB
SReclaimable:      95296 kB
SUnreclaim:       149056 kB
KernelStack:       51808 kB
PageTables:        67376 kB
NFS_Unstable:          0 kB
Bounce:                0 kB
WritebackTmp:          0 kB
CommitLimit:     9202292 kB
Committed_AS:   67855896 kB
VmallocTotal:   263061440 kB
VmallocUsed:      108788 kB
VmallocChunk:          0 kB
Percpu:             7616 kB
CmaTotal:         294912 kB
CmaFree:              56 kB
MemTotal:       12113140 kB
MemFree:          407568 kB
MemAvailable:    6497120 kB
Buffers:            3504 kB
Cached:          6575832 kB
SwapCached:            0 kB
Active:          6706248 kB
Inactive:        2517908 kB
Active(anon):    2323936 kB
Inactive(anon):   363456 kB
Active(file):    4382312 kB
Inactive(file):  2154452 kB
Unevictable:        5576 kB
Mlocked:            5576 kB
SwapTotal:       3145724 kB
SwapFree:        3136528 kB
Dirty:              1100 kB
Writeback:             0 kB
AnonPages:       2650444 kB
Mapped:           788488 kB
Shmem:             38036 kB
KReclaimable:     360748 kB
Slab:             244404 kB
SReclaimable:      95360 kB
SUnreclaim:       149044 kB
KernelStack:       51808 kB
PageTables:        67372 kB
NFS_Unstable:          0 kB
Bounce:                0 kB
WritebackTmp:          0 kB
CommitLimit:     9202292 kB
Committed_AS:   67855412 kB
VmallocTotal:   263061440 kB
VmallocUsed:      108772 kB
VmallocChunk:          0 kB
Percpu:             7616 kB
CmaTotal:         294912 kB
CmaFree:               0 kB
MemTotal:       12113140 kB
MemFree:          409788 kB
MemAvailable:    6499336 kB
Buffers:            3504 kB
Cached:          6575836 kB
SwapCached:            0 kB
Active:          6703748 kB
Inactive:        2517784 kB
Active(anon):    2321308 kB
Inactive(anon):   363456 kB
Active(file):    4382440 kB
Inactive(file):  2154328 kB
Unevictable:        5576 kB
Mlocked:            5576 kB
SwapTotal:       3145724 kB
SwapFree:        3136528 kB
Dirty:              1112 kB
Writeback:             0 kB
AnonPages:       2647844 kB
Mapped:           788492 kB
Shmem:             38036 kB
KReclaimable:     360732 kB
Slab:             244388 kB
SReclaimable:      95344 kB
SUnreclaim:       149044 kB
KernelStack:       51904 kB
PageTables:        67368 kB
NFS_Unstable:          0 kB
Bounce:                0 kB
WritebackTmp:          0 kB
CommitLimit:     9202292 kB
Committed_AS:   67850564 kB
VmallocTotal:   263061440 kB
VmallocUsed:      108820 kB
VmallocChunk:          0 kB
Percpu:             7616 kB
CmaTotal:         294912 kB
CmaFree:               0 kB
MemTotal:       12113140 kB
MemFree:          409908 kB
MemAvailable:    6499456 kB
Buffers:            3504 kB
Cached:          6575836 kB
SwapCached:            0 kB
Active:          6704124 kB
Inactive:        2517784 kB
Active(anon):    2321684 kB
Inactive(anon):   363456 kB
Active(file):    4382440 kB
Inactive(file):  2154328 kB
Unevictable:        5576 kB
Mlocked:            5576 kB
SwapTotal:       3145724 kB
SwapFree:        3136528 kB
Dirty:              1000 kB
Writeback:             0 kB
AnonPages:       2648288 kB
Mapped:           788492 kB
Shmem:             38036 kB
KReclaimable:     360732 kB
Slab:             244388 kB
SReclaimable:      95344 kB
SUnreclaim:       149044 kB
KernelStack:       51904 kB
PageTables:        67368 kB
NFS_Unstable:          0 kB
Bounce:                0 kB
WritebackTmp:          0 kB
CommitLimit:     9202292 kB
Committed_AS:   67849816 kB
VmallocTotal:   263061440 kB
VmallocUsed:      108852 kB
VmallocChunk:          0 kB
Percpu:             7616 kB
CmaTotal:         294912 kB
CmaFree:               0 kB
MemTotal:       12113140 kB
MemFree:          409032 kB
MemAvailable:    6498580 kB
Buffers:            3504 kB
Cached:          6575836 kB
SwapCached:            0 kB
Active:          6704936 kB
Inactive:        2517664 kB
Active(anon):    2322376 kB
Inactive(anon):   363456 kB
Active(file):    4382560 kB
Inactive(file):  2154208 kB
Unevictable:        5576 kB
Mlocked:            5576 kB
SwapTotal:       3145724 kB
SwapFree:        3136528 kB
Dirty:              1048 kB
Writeback:             0 kB
AnonPages:       2648800 kB
Mapped:           788492 kB
Shmem:             38036 kB
KReclaimable:     360732 kB
Slab:             244388 kB
SReclaimable:      95344 kB
SUnreclaim:       149044 kB
KernelStack:       51904 kB
PageTables:        67380 kB
NFS_Unstable:          0 kB
Bounce:                0 kB
WritebackTmp:          0 kB
CommitLimit:     9202292 kB
Committed_AS:   67849464 kB
VmallocTotal:   263061440 kB
VmallocUsed:      108868 kB
VmallocChunk:          0 kB
Percpu:             7616 kB
CmaTotal:         294912 kB
CmaFree:               0 kB
MemTotal:       12113140 kB
MemFree:          409596 kB
MemAvailable:    6499144 kB
Buffers:            3504 kB
Cached:          6575836 kB
SwapCached:            0 kB
Active:          6705096 kB
Inactive:        2517656 kB
Active(anon):    2322528 kB
Inactive(anon):   363456 kB
Active(file):    4382568 kB
Inactive(file):  2154200 kB
Unevictable:        5576 kB
Mlocked:            5576 kB
SwapTotal:       3145724 kB
SwapFree:        3136528 kB
Dirty:              1048 kB
Writeback:             0 kB
AnonPages:       2649144 kB
Mapped:           788492 kB
Shmem:             38036 kB
KReclaimable:     360732 kB
Slab:             244388 kB
SReclaimable:      95344 kB
SUnreclaim:       149044 kB
KernelStack:       51904 kB
PageTables:        67608 kB
NFS_Unstable:          0 kB
Bounce:                0 kB
WritebackTmp:          0 kB
CommitLimit:     9202292 kB
Committed_AS:   67849612 kB
VmallocTotal:   263061440 kB
VmallocUsed:      108900 kB
VmallocChunk:          0 kB
Percpu:             7616 kB
CmaTotal:         294912 kB
CmaFree:               0 kB
MemTotal:       12113140 kB
MemFree:          408552 kB
MemAvailable:    6498100 kB
Buffers:            3504 kB
Cached:          6575836 kB
SwapCached:            0 kB
Active:          6705348 kB
Inactive:        2517656 kB
Active(anon):    2322780 kB
Inactive(anon):   363456 kB
Active(file):    4382568 kB
Inactive(file):  2154200 kB
Unevictable:        5576 kB
Mlocked:            5576 kB
SwapTotal:       3145724 kB
SwapFree:        3136528 kB
Dirty:              1064 kB
Writeback:             0 kB
AnonPages:       2649324 kB
Mapped:           788492 kB
Shmem:             38036 kB
KReclaimable:     360732 kB
Slab:             244388 kB
SReclaimable:      95344 kB
SUnreclaim:       149044 kB
KernelStack:       51824 kB
PageTables:        67368 kB
NFS_Unstable:          0 kB
Bounce:                0 kB
WritebackTmp:          0 kB
CommitLimit:     9202292 kB
Committed_AS:   67851808 kB
VmallocTotal:   263061440 kB
VmallocUsed:      108852 kB
VmallocChunk:          0 kB
Percpu:             7616 kB
CmaTotal:         294912 kB
CmaFree:               0 kB
MemTotal:       12113140 kB
MemFree:          409168 kB
MemAvailable:    6498700 kB
Buffers:            3504 kB
Cached:          6575836 kB
SwapCached:            0 kB
Active:          6705404 kB
Inactive:        2517656 kB
Active(anon):    2322836 kB
Inactive(anon):   363456 kB
Active(file):    4382568 kB
Inactive(file):  2154200 kB
Unevictable:        5576 kB
Mlocked:            5576 kB
SwapTotal:       3145724 kB
SwapFree:        3136528 kB
Dirty:              1076 kB
Writeback:             0 kB
AnonPages:       2649436 kB
Mapped:           788492 kB
Shmem:             38036 kB
KReclaimable:     360700 kB
Slab:             244356 kB
SReclaimable:      95312 kB
SUnreclaim:       149044 kB
KernelStack:       51744 kB
PageTables:        67360 kB
NFS_Unstable:          0 kB
Bounce:                0 kB
WritebackTmp:          0 kB
CommitLimit:     9202292 kB
Committed_AS:   67845600 kB
VmallocTotal:   263061440 kB
VmallocUsed:      108788 kB
VmallocChunk:          0 kB
Percpu:             7616 kB
CmaTotal:         294912 kB
CmaFree:               0 kB
MemTotal:       12113140 kB
MemFree:          408600 kB
MemAvailable:    6498132 kB
Buffers:            3504 kB
Cached:          6575836 kB
SwapCached:            0 kB
Active:          6707148 kB
Inactive:        2517528 kB
Active(anon):    2324452 kB
Inactive(anon):   363456 kB
Active(file):    4382696 kB
Inactive(file):  2154072 kB
Unevictable:        5576 kB
Mlocked:            5576 kB
SwapTotal:       3145724 kB
SwapFree:        3136528 kB
Dirty:              1008 kB
Writeback:             0 kB
AnonPages:       2651020 kB
Mapped:           788496 kB
Shmem:             38036 kB
KReclaimable:     360700 kB
Slab:             244356 kB
SReclaimable:      95312 kB
SUnreclaim:       149044 kB
KernelStack:       51744 kB
PageTables:        67388 kB
NFS_Unstable:          0 kB
Bounce:                0 kB
WritebackTmp:          0 kB
CommitLimit:     9202292 kB
Committed_AS:   67849440 kB
VmallocTotal:   263061440 kB
VmallocUsed:      108788 kB
VmallocChunk:          0 kB
Percpu:             7616 kB
CmaTotal:         294912 kB
CmaFree:               0 kB
MemTotal:       12113140 kB
MemFree:          407704 kB
MemAvailable:    6497236 kB
Buffers:            3504 kB
Cached:          6575836 kB
SwapCached:            0 kB
Active:          6708384 kB
Inactive:        2517528 kB
Active(anon):    2325688 kB
Inactive(anon):   363456 kB
Active(file):    4382696 kB
Inactive(file):  2154072 kB
Unevictable:        5576 kB
Mlocked:            5576 kB
SwapTotal:       3145724 kB
SwapFree:        3136528 kB
Dirty:              1032 kB
Writeback:             0 kB
AnonPages:       2652188 kB
Mapped:           788500 kB
Shmem:             38036 kB
KReclaimable:     360700 kB
Slab:             244356 kB
SReclaimable:      95312 kB
SUnreclaim:       149044 kB
KernelStack:       51712 kB
PageTables:        67380 kB
NFS_Unstable:          0 kB
Bounce:                0 kB
WritebackTmp:          0 kB
CommitLimit:     9202292 kB
Committed_AS:   67856920 kB
VmallocTotal:   263061440 kB
VmallocUsed:      108756 kB
VmallocChunk:          0 kB
Percpu:             7616 kB
CmaTotal:         294912 kB
CmaFree:               0 kB
MemTotal:       12113140 kB
MemFree:          428604 kB
MemAvailable:    6518136 kB
Buffers:            3504 kB
Cached:          6575836 kB
SwapCached:            0 kB
Active:          6685316 kB
Inactive:        2517408 kB
Active(anon):    2302500 kB
Inactive(anon):   363456 kB
Active(file):    4382816 kB
Inactive(file):  2153952 kB
Unevictable:        5576 kB
Mlocked:            5576 kB
SwapTotal:       3145724 kB
SwapFree:        3136528 kB
Dirty:              1068 kB
Writeback:             0 kB
AnonPages:       2629116 kB
Mapped:           788500 kB
Shmem:             38036 kB
KReclaimable:     360700 kB
Slab:             244356 kB
SReclaimable:      95312 kB
SUnreclaim:       149044 kB
KernelStack:       51680 kB
PageTables:        67376 kB
NFS_Unstable:          0 kB
Bounce:                0 kB
WritebackTmp:          0 kB
CommitLimit:     9202292 kB
Committed_AS:   67856480 kB
VmallocTotal:   263061440 kB
VmallocUsed:      108708 kB
VmallocChunk:          0 kB
Percpu:             7616 kB
CmaTotal:         294912 kB
CmaFree:              32 kB
MemTotal:       12113140 kB
MemFree:          429132 kB
MemAvailable:    6518664 kB
Buffers:            3504 kB
Cached:          6575836 kB
SwapCached:            0 kB
Active:          6685496 kB
Inactive:        2517408 kB
Active(anon):    2302680 kB
Inactive(anon):   363456 kB
Active(file):    4382816 kB
Inactive(file):  2153952 kB
Unevictable:        5576 kB
Mlocked:            5576 kB
SwapTotal:       3145724 kB
SwapFree:        3136528 kB
Dirty:              1072 kB
Writeback:             0 kB
AnonPages:       2629184 kB
Mapped:           788500 kB
Shmem:             38036 kB
KReclaimable:     360700 kB
Slab:             244356 kB
SReclaimable:      95312 kB
SUnreclaim:       149044 kB
KernelStack:       51632 kB
PageTables:        67380 kB
NFS_Unstable:          0 kB
Bounce:                0 kB
WritebackTmp:          0 kB
CommitLimit:     9202292 kB
Committed_AS:   67856172 kB
VmallocTotal:   263061440 kB
VmallocUsed:      108612 kB
VmallocChunk:          0 kB
Percpu:             7616 kB
CmaTotal:         294912 kB
CmaFree:               0 kB
MemTotal:       12113140 kB
MemFree:          442396 kB
MemAvailable:    6531928 kB
Buffers:            3504 kB
Cached:          6573604 kB
SwapCached:            0 kB
Active:          6674936 kB
Inactive:        2515056 kB
Active(anon):    2292000 kB
Inactive(anon):   361224 kB
Active(file):    4382936 kB
Inactive(file):  2153832 kB
Unevictable:        5576 kB
Mlocked:            5576 kB
SwapTotal:       3145724 kB
SwapFree:        3136528 kB
Dirty:              1076 kB
Writeback:             0 kB
AnonPages:       2618596 kB
Mapped:           788500 kB
Shmem:             35804 kB
KReclaimable:     360700 kB
Slab:             244356 kB
SReclaimable:      95312 kB
SUnreclaim:       149044 kB
KernelStack:       51584 kB
PageTables:        67796 kB
NFS_Unstable:          0 kB
Bounce:                0 kB
WritebackTmp:          0 kB
CommitLimit:     9202292 kB
Committed_AS:   67852972 kB
VmallocTotal:   263061440 kB
VmallocUsed:      108612 kB
VmallocChunk:          0 kB
Percpu:             7616 kB
CmaTotal:         294912 kB
CmaFree:               0 kB
MemTotal:       12113140 kB
MemFree:          441660 kB
MemAvailable:    6531192 kB
Buffers:            3504 kB
Cached:          6573600 kB
SwapCached:            0 kB
Active:          6676168 kB
Inactive:        2515036 kB
Active(anon):    2293216 kB
Inactive(anon):   361220 kB
Active(file):    4382952 kB
Inactive(file):  2153816 kB
Unevictable:        5576 kB
Mlocked:            5576 kB
SwapTotal:       3145724 kB
SwapFree:        3136528 kB
Dirty:              1096 kB
Writeback:             0 kB
AnonPages:       2619604 kB
Mapped:           788504 kB
Shmem:             35800 kB
KReclaimable:     360700 kB
Slab:             244356 kB
SReclaimable:      95312 kB
SUnreclaim:       149044 kB
KernelStack:       51584 kB
PageTables:        67368 kB
NFS_Unstable:          0 kB
Bounce:                0 kB
WritebackTmp:          0 kB
CommitLimit:     9202292 kB
Committed_AS:   67852656 kB
VmallocTotal:   263061440 kB
VmallocUsed:      108596 kB
VmallocChunk:          0 kB
Percpu:             7616 kB
CmaTotal:         294912 kB
CmaFree:               0 kB
MemTotal:       12113140 kB
MemFree:          441184 kB
MemAvailable:    6530716 kB
Buffers:            3504 kB
Cached:          6573600 kB
SwapCached:            0 kB
Active:          6676512 kB
Inactive:        2515036 kB
Active(anon):    2293560 kB
Inactive(anon):   361220 kB
Active(file):    4382952 kB
Inactive(file):  2153816 kB
Unevictable:        5576 kB
Mlocked:            5576 kB
SwapTotal:       3145724 kB
SwapFree:        3136528 kB
Dirty:              1132 kB
Writeback:             0 kB
AnonPages:       2619936 kB
Mapped:           788504 kB
Shmem:             35800 kB
KReclaimable:     360700 kB
Slab:             244356 kB
SReclaimable:      95312 kB
SUnreclaim:       149044 kB
KernelStack:       51568 kB
PageTables:        67368 kB
NFS_Unstable:          0 kB
Bounce:                0 kB
WritebackTmp:          0 kB
CommitLimit:     9202292 kB
Committed_AS:   67852544 kB
VmallocTotal:   263061440 kB
VmallocUsed:      108580 kB
VmallocChunk:          0 kB
Percpu:             7616 kB
CmaTotal:         294912 kB
CmaFree:               0 kB
MemTotal:       12113140 kB
MemFree:          440896 kB
MemAvailable:    6530436 kB
Buffers:            3504 kB
Cached:          6573600 kB
SwapCached:            0 kB
Active:          6676588 kB
Inactive:        2515036 kB
Active(anon):    2293636 kB
Inactive(anon):   361220 kB
Active(file):    4382952 kB
Inactive(file):  2153816 kB
Unevictable:        5576 kB
Mlocked:            5576 kB
SwapTotal:       3145724 kB
SwapFree:        3136528 kB
Dirty:              1132 kB
Writeback:             0 kB
AnonPages:       2620188 kB
Mapped:           788504 kB
Shmem:             35800 kB
KReclaimable:     360716 kB
Slab:             244372 kB
SReclaimable:      95328 kB
SUnreclaim:       149044 kB
KernelStack:       51520 kB
PageTables:        67576 kB
NFS_Unstable:          0 kB
Bounce:                0 kB
WritebackTmp:          0 kB
CommitLimit:     9202292 kB
Committed_AS:   67848160 kB
VmallocTotal:   263061440 kB
VmallocUsed:      108516 kB
VmallocChunk:          0 kB
Percpu:             7616 kB
CmaTotal:         294912 kB
CmaFree:               0 kB
MemTotal:       12113140 kB
MemFree:          442128 kB
MemAvailable:    6531668 kB
Buffers:            3504 kB
Cached:          6573604 kB
SwapCached:            0 kB
Active:          6674316 kB
Inactive:        2514920 kB
Active(anon):    2291244 kB
Inactive(anon):   361224 kB
Active(file):    4383072 kB
Inactive(file):  2153696 kB
Unevictable:        5576 kB
Mlocked:            5576 kB
SwapTotal:       3145724 kB
SwapFree:        3136528 kB
Dirty:              1140 kB
Writeback:             0 kB
AnonPages:       2617520 kB
Mapped:           788508 kB
Shmem:             35804 kB
KReclaimable:     360716 kB
Slab:             244372 kB
SReclaimable:      95328 kB
SUnreclaim:       149044 kB
KernelStack:       51536 kB
PageTables:        67556 kB
NFS_Unstable:          0 kB
Bounce:                0 kB
WritebackTmp:          0 kB
CommitLimit:     9202292 kB
Committed_AS:   67854020 kB
VmallocTotal:   263061440 kB
VmallocUsed:      108548 kB
VmallocChunk:          0 kB
Percpu:             7616 kB
CmaTotal:         294912 kB
CmaFree:              20 kB
MemTotal:       12113140 kB
MemFree:          443020 kB
MemAvailable:    6532560 kB
Buffers:            3504 kB
Cached:          6573604 kB
SwapCached:            0 kB
Active:          6674536 kB
Inactive:        2514912 kB
Active(anon):    2291456 kB
Inactive(anon):   361224 kB
Active(file):    4383080 kB
Inactive(file):  2153688 kB
Unevictable:        5576 kB
Mlocked:            5576 kB
SwapTotal:       3145724 kB
SwapFree:        3136528 kB
Dirty:              1140 kB
Writeback:             0 kB
AnonPages:       2618040 kB
Mapped:           788508 kB
Shmem:             35804 kB
KReclaimable:     360716 kB
Slab:             244372 kB
SReclaimable:      95328 kB
SUnreclaim:       149044 kB
KernelStack:       51536 kB
PageTables:        67560 kB
NFS_Unstable:          0 kB
Bounce:                0 kB
WritebackTmp:          0 kB
CommitLimit:     9202292 kB
Committed_AS:   67853624 kB
VmallocTotal:   263061440 kB
VmallocUsed:      108532 kB
VmallocChunk:          0 kB
Percpu:             7616 kB
CmaTotal:         294912 kB
CmaFree:               0 kB
MemTotal:       12113140 kB
MemFree:          443312 kB
MemAvailable:    6532856 kB
Buffers:            3504 kB
Cached:          6573608 kB
SwapCached:            0 kB
Active:          6675160 kB
Inactive:        2514788 kB
Active(anon):    2291952 kB
Inactive(anon):   361224 kB
Active(file):    4383208 kB
Inactive(file):  2153564 kB
Unevictable:        5576 kB
Mlocked:            5576 kB
SwapTotal:       3145724 kB
SwapFree:        3136528 kB
Dirty:              1004 kB
Writeback:             0 kB
AnonPages:       2618444 kB
Mapped:           788508 kB
Shmem:             35804 kB
KReclaimable:     360716 kB
Slab:             244372 kB
SReclaimable:      95328 kB
SUnreclaim:       149044 kB
KernelStack:       51520 kB
PageTables:        67772 kB
NFS_Unstable:          0 kB
Bounce:                0 kB
WritebackTmp:          0 kB
CommitLimit:     9202292 kB
Committed_AS:   67855124 kB
VmallocTotal:   263061440 kB
VmallocUsed:      108548 kB
VmallocChunk:          0 kB
Percpu:             7616 kB
CmaTotal:         294912 kB
CmaFree:               0 kB
MemTotal:       12113140 kB
MemFree:          441044 kB
MemAvailable:    6530600 kB
Buffers:            3504 kB
Cached:          6573612 kB
SwapCached:            0 kB
Active:          6677376 kB
Inactive:        2514788 kB
Active(anon):    2294164 kB
Inactive(anon):   361224 kB
Active(file):    4383212 kB
Inactive(file):  2153564 kB
Unevictable:        5576 kB
Mlocked:            5576 kB
SwapTotal:       3145724 kB
SwapFree:        3136528 kB
Dirty:              1092 kB
Writeback:             0 kB
AnonPages:       2620788 kB
Mapped:           788508 kB
Shmem:             35804 kB
KReclaimable:     360732 kB
Slab:             244388 kB
SReclaimable:      95344 kB
SUnreclaim:       149044 kB
KernelStack:       51520 kB
PageTables:        67356 kB
NFS_Unstable:          0 kB
Bounce:                0 kB
WritebackTmp:          0 kB
CommitLimit:     9202292 kB
Committed_AS:   67854860 kB
VmallocTotal:   263061440 kB
VmallocUsed:      108564 kB
VmallocChunk:          0 kB
Percpu:             7616 kB
CmaTotal:         294912 kB
CmaFree:               0 kB
MemTotal:       12113140 kB
MemFree:          440832 kB
MemAvailable:    6530388 kB
Buffers:            3504 kB
Cached:          6573612 kB
SwapCached:            0 kB
Active:          6677932 kB
Inactive:        2514788 kB
Active(anon):    2294720 kB
Inactive(anon):   361224 kB
Active(file):    4383212 kB
Inactive(file):  2153564 kB
Unevictable:        5576 kB
Mlocked:            5576 kB
SwapTotal:       3145724 kB
SwapFree:        3136528 kB
Dirty:              1092 kB
Writeback:             0 kB
AnonPages:       2621264 kB
Mapped:           788508 kB
Shmem:             35804 kB
KReclaimable:     360732 kB
Slab:             244388 kB
SReclaimable:      95344 kB
SUnreclaim:       149044 kB
KernelStack:       51520 kB
PageTables:        67356 kB
NFS_Unstable:          0 kB
Bounce:                0 kB
WritebackTmp:          0 kB
CommitLimit:     9202292 kB
Committed_AS:   67854224 kB
VmallocTotal:   263061440 kB
VmallocUsed:      108548 kB
VmallocChunk:          0 kB
Percpu:             7616 kB
CmaTotal:         294912 kB
CmaFree:               0 kB
MemTotal:       12113140 kB
MemFree:          408192 kB
MemAvailable:    6497740 kB
Buffers:            3504 kB
Cached:          6573612 kB
SwapCached:            0 kB
Active:          6709756 kB
Inactive:        2514660 kB
Active(anon):    2326416 kB
Inactive(anon):   361224 kB
Active(file):    4383340 kB
Inactive(file):  2153436 kB
Unevictable:        5576 kB
Mlocked:            5576 kB
SwapTotal:       3145724 kB
SwapFree:        3136528 kB
Dirty:              1092 kB
Writeback:             0 kB
AnonPages:       2652992 kB
Mapped:           788508 kB
Shmem:             35804 kB
KReclaimable:     360716 kB
Slab:             244372 kB
SReclaimable:      95328 kB
SUnreclaim:       149044 kB
KernelStack:       51520 kB
PageTables:        67356 kB
NFS_Unstable:          0 kB
Bounce:                0 kB
WritebackTmp:          0 kB
CommitLimit:     9202292 kB
Committed_AS:   67855460 kB
VmallocTotal:   263061440 kB
VmallocUsed:      108548 kB
VmallocChunk:          0 kB
Percpu:             7616 kB
CmaTotal:         294912 kB
CmaFree:               0 kB
MemTotal:       12113140 kB
MemFree:          391740 kB
MemAvailable:    6481296 kB
Buffers:            3504 kB
Cached:          6574956 kB
SwapCached:            0 kB
Active:          6723836 kB
Inactive:        2516004 kB
Active(anon):    2340496 kB
Inactive(anon):   362568 kB
Active(file):    4383340 kB
Inactive(file):  2153436 kB
Unevictable:        5576 kB
Mlocked:            5576 kB
SwapTotal:       3145724 kB
SwapFree:        3136528 kB
Dirty:              1128 kB
Writeback:             0 kB
AnonPages:       2666700 kB
Mapped:           788508 kB
Shmem:             37148 kB
KReclaimable:     360732 kB
Slab:             244388 kB
SReclaimable:      95344 kB
SUnreclaim:       149044 kB
KernelStack:       51552 kB
PageTables:        67208 kB
NFS_Unstable:          0 kB
Bounce:                0 kB
WritebackTmp:          0 kB
CommitLimit:     9202292 kB
Committed_AS:   67855744 kB
VmallocTotal:   263061440 kB
VmallocUsed:      108548 kB
VmallocChunk:          0 kB
Percpu:             7616 kB
CmaTotal:         294912 kB
CmaFree:               0 kB
MemTotal:       12113140 kB
MemFree:          389656 kB
MemAvailable:    6479212 kB
Buffers:            3504 kB
Cached:          6574956 kB
SwapCached:            0 kB
Active:          6723548 kB
Inactive:        2515884 kB
Active(anon):    2340088 kB
Inactive(anon):   362568 kB
Active(file):    4383460 kB
Inactive(file):  2153316 kB
Unevictable:        5576 kB
Mlocked:            5576 kB
SwapTotal:       3145724 kB
SwapFree:        3136528 kB
Dirty:              1020 kB
Writeback:             0 kB
AnonPages:       2666560 kB
Mapped:           788624 kB
Shmem:             37148 kB
KReclaimable:     360732 kB
Slab:             244380 kB
SReclaimable:      95344 kB
SUnreclaim:       149036 kB
KernelStack:       51552 kB
PageTables:        67188 kB
NFS_Unstable:          0 kB
Bounce:                0 kB
WritebackTmp:          0 kB
CommitLimit:     9202292 kB
Committed_AS:   67848684 kB
VmallocTotal:   263061440 kB
VmallocUsed:      108564 kB
VmallocChunk:          0 kB
Percpu:             7616 kB
CmaTotal:         294912 kB
CmaFree:               0 kB
MemTotal:       12113140 kB
MemFree:          385124 kB
MemAvailable:    6474672 kB
Buffers:            3504 kB
Cached:          6574956 kB
SwapCached:            0 kB
Active:          6726412 kB
Inactive:        2515876 kB
Active(anon):    2342944 kB
Inactive(anon):   362568 kB
Active(file):    4383468 kB
Inactive(file):  2153308 kB
Unevictable:        5576 kB
Mlocked:            5576 kB
SwapTotal:       3145724 kB
SwapFree:        3136528 kB
Dirty:              1036 kB
Writeback:             0 kB
AnonPages:       2669152 kB
Mapped:           788508 kB
Shmem:             37148 kB
KReclaimable:     360716 kB
Slab:             244364 kB
SReclaimable:      95328 kB
SUnreclaim:       149036 kB
KernelStack:       51536 kB
PageTables:        67364 kB
NFS_Unstable:          0 kB
Bounce:                0 kB
WritebackTmp:          0 kB
CommitLimit:     9202292 kB
Committed_AS:   67854712 kB
VmallocTotal:   263061440 kB
VmallocUsed:      108564 kB
VmallocChunk:          0 kB
Percpu:             7616 kB
CmaTotal:         294912 kB
CmaFree:               0 kB
MemTotal:       12113140 kB
MemFree:          385160 kB
MemAvailable:    6474716 kB
Buffers:            3504 kB
Cached:          6574956 kB
SwapCached:            0 kB
Active:          6726524 kB
Inactive:        2515876 kB
Active(anon):    2343056 kB
Inactive(anon):   362568 kB
Active(file):    4383468 kB
Inactive(file):  2153308 kB
Unevictable:        5576 kB
Mlocked:            5576 kB
SwapTotal:       3145724 kB
SwapFree:        3136528 kB
Dirty:              1060 kB
Writeback:             0 kB
AnonPages:       2669644 kB
Mapped:           788508 kB
Shmem:             37148 kB
KReclaimable:     360732 kB
Slab:             244380 kB
SReclaimable:      95344 kB
SUnreclaim:       149036 kB
KernelStack:       51536 kB
PageTables:        67352 kB
NFS_Unstable:          0 kB
Bounce:                0 kB
WritebackTmp:          0 kB
CommitLimit:     9202292 kB
Committed_AS:   67854404 kB
VmallocTotal:   263061440 kB
VmallocUsed:      108580 kB
VmallocChunk:          0 kB
Percpu:             7616 kB
CmaTotal:         294912 kB
CmaFree:               0 kB
MemTotal:       12113140 kB
MemFree:          384868 kB
MemAvailable:    6474424 kB
Buffers:            3504 kB
Cached:          6574956 kB
SwapCached:            0 kB
Active:          6727416 kB
Inactive:        2515748 kB
Active(anon):    2343820 kB
Inactive(anon):   362568 kB
Active(file):    4383596 kB
Inactive(file):  2153180 kB
Unevictable:        5576 kB
Mlocked:            5576 kB
SwapTotal:       3145724 kB
SwapFree:        3136528 kB
Dirty:              1060 kB
Writeback:             0 kB
AnonPages:       2670336 kB
Mapped:           788508 kB
Shmem:             37148 kB
KReclaimable:     360732 kB
Slab:             244380 kB
SReclaimable:      95344 kB
SUnreclaim:       149036 kB
KernelStack:       51536 kB
PageTables:        67360 kB
NFS_Unstable:          0 kB
Bounce:                0 kB
WritebackTmp:          0 kB
CommitLimit:     9202292 kB
Committed_AS:   67854548 kB
VmallocTotal:   263061440 kB
VmallocUsed:      108548 kB
VmallocChunk:          0 kB
Percpu:             7616 kB
CmaTotal:         294912 kB
CmaFree:               0 kB
MemTotal:       12113140 kB
MemFree:          386280 kB
MemAvailable:    6475836 kB
Buffers:            3504 kB
Cached:          6574956 kB
SwapCached:            0 kB
Active:          6727912 kB
Inactive:        2515748 kB
Active(anon):    2344316 kB
Inactive(anon):   362568 kB
Active(file):    4383596 kB
Inactive(file):  2153180 kB
Unevictable:        5576 kB
Mlocked:            5576 kB
SwapTotal:       3145724 kB
SwapFree:        3136528 kB
Dirty:              1060 kB
Writeback:             0 kB
AnonPages:       2670904 kB
Mapped:           788508 kB
Shmem:             37148 kB
KReclaimable:     360732 kB
Slab:             244380 kB
SReclaimable:      95344 kB
SUnreclaim:       149036 kB
KernelStack:       51536 kB
PageTables:        67360 kB
NFS_Unstable:          0 kB
Bounce:                0 kB
WritebackTmp:          0 kB
CommitLimit:     9202292 kB
Committed_AS:   67852984 kB
VmallocTotal:   263061440 kB
VmallocUsed:      108532 kB
VmallocChunk:          0 kB
Percpu:             7616 kB
CmaTotal:         294912 kB
CmaFree:               0 kB
MemTotal:       12113140 kB
MemFree:          388076 kB
MemAvailable:    6477632 kB
Buffers:            3504 kB
Cached:          6574956 kB
SwapCached:            0 kB
Active:          6728128 kB
Inactive:        2515748 kB
Active(anon):    2344532 kB
Inactive(anon):   362568 kB
Active(file):    4383596 kB
Inactive(file):  2153180 kB
Unevictable:        5576 kB
Mlocked:            5576 kB
SwapTotal:       3145724 kB
SwapFree:        3136528 kB
Dirty:              1052 kB
Writeback:             0 kB
AnonPages:       2670872 kB
Mapped:           788508 kB
Shmem:             37148 kB
KReclaimable:     360732 kB
Slab:             244380 kB
SReclaimable:      95344 kB
SUnreclaim:       149036 kB
KernelStack:       51552 kB
PageTables:        67440 kB
NFS_Unstable:          0 kB
Bounce:                0 kB
WritebackTmp:          0 kB
CommitLimit:     9202292 kB
Committed_AS:   67846916 kB
VmallocTotal:   263061440 kB
VmallocUsed:      108532 kB
VmallocChunk:          0 kB
Percpu:             7616 kB
CmaTotal:         294912 kB
CmaFree:               0 kB
MemTotal:       12113140 kB
MemFree:          388852 kB
MemAvailable:    6478408 kB
Buffers:            3504 kB
Cached:          6574956 kB
SwapCached:            0 kB
Active:          6729128 kB
Inactive:        2515620 kB
Active(anon):    2345404 kB
Inactive(anon):   362568 kB
Active(file):    4383724 kB
Inactive(file):  2153052 kB
Unevictable:        5576 kB
Mlocked:            5576 kB
SwapTotal:       3145724 kB
SwapFree:        3136528 kB
Dirty:              1060 kB
Writeback:             0 kB
AnonPages:       2672028 kB
Mapped:           788508 kB
Shmem:             37148 kB
KReclaimable:     360732 kB
Slab:             244380 kB
SReclaimable:      95344 kB
SUnreclaim:       149036 kB
KernelStack:       51552 kB
PageTables:        67360 kB
NFS_Unstable:          0 kB
Bounce:                0 kB
WritebackTmp:          0 kB
CommitLimit:     9202292 kB
Committed_AS:   67846280 kB
VmallocTotal:   263061440 kB
VmallocUsed:      108532 kB
VmallocChunk:          0 kB
Percpu:             7616 kB
CmaTotal:         294912 kB
CmaFree:               0 kB
MemTotal:       12113140 kB
MemFree:          387592 kB
MemAvailable:    6477140 kB
Buffers:            3504 kB
Cached:          6574956 kB
SwapCached:            0 kB
Active:          6729916 kB
Inactive:        2515620 kB
Active(anon):    2346192 kB
Inactive(anon):   362568 kB
Active(file):    4383724 kB
Inactive(file):  2153052 kB
Unevictable:        5576 kB
Mlocked:            5576 kB
SwapTotal:       3145724 kB
SwapFree:        3136528 kB
Dirty:              1064 kB
Writeback:             0 kB
AnonPages:       2672800 kB
Mapped:           788508 kB
Shmem:             37148 kB
KReclaimable:     360716 kB
Slab:             244364 kB
SReclaimable:      95328 kB
SUnreclaim:       149036 kB
KernelStack:       51536 kB
PageTables:        67356 kB
NFS_Unstable:          0 kB
Bounce:                0 kB
WritebackTmp:          0 kB
CommitLimit:     9202292 kB
Committed_AS:   67845976 kB
VmallocTotal:   263061440 kB
VmallocUsed:      108548 kB
VmallocChunk:          0 kB
Percpu:             7616 kB
CmaTotal:         294912 kB
CmaFree:               0 kB
MemTotal:       12113140 kB
MemFree:          388024 kB
MemAvailable:    6477580 kB
Buffers:            3504 kB
Cached:          6574956 kB
SwapCached:            0 kB
Active:          6730508 kB
Inactive:        2515492 kB
Active(anon):    2346656 kB
Inactive(anon):   362568 kB
Active(file):    4383852 kB
Inactive(file):  2152924 kB
Unevictable:        5576 kB
Mlocked:            5576 kB
SwapTotal:       3145724 kB
SwapFree:        3136528 kB
Dirty:              1080 kB
Writeback:             0 kB
AnonPages:       2673252 kB
Mapped:           788508 kB
Shmem:             37148 kB
KReclaimable:     360732 kB
Slab:             244380 kB
SReclaimable:      95344 kB
SUnreclaim:       149036 kB
KernelStack:       51536 kB
PageTables:        67384 kB
NFS_Unstable:          0 kB
Bounce:                0 kB
WritebackTmp:          0 kB
CommitLimit:     9202292 kB
Committed_AS:   67851556 kB
VmallocTotal:   263061440 kB
VmallocUsed:      108548 kB
VmallocChunk:          0 kB
Percpu:             7616 kB
CmaTotal:         294912 kB
CmaFree:               0 kB
MemTotal:       12113140 kB
MemFree:          388064 kB
MemAvailable:    6477620 kB
Buffers:            3504 kB
Cached:          6574956 kB
SwapCached:            0 kB
Active:          6730568 kB
Inactive:        2515492 kB
Active(anon):    2346716 kB
Inactive(anon):   362568 kB
Active(file):    4383852 kB
Inactive(file):  2152924 kB
Unevictable:        5576 kB
Mlocked:            5576 kB
SwapTotal:       3145724 kB
SwapFree:        3136528 kB
Dirty:              1112 kB
Writeback:             0 kB
AnonPages:       2673328 kB
Mapped:           788508 kB
Shmem:             37148 kB
KReclaimable:     360732 kB
Slab:             244380 kB
SReclaimable:      95344 kB
SUnreclaim:       149036 kB
KernelStack:       51536 kB
PageTables:        67356 kB
NFS_Unstable:          0 kB
Bounce:                0 kB
WritebackTmp:          0 kB
CommitLimit:     9202292 kB
Committed_AS:   67851380 kB
VmallocTotal:   263061440 kB
VmallocUsed:      108532 kB
VmallocChunk:          0 kB
Percpu:             7616 kB
CmaTotal:         294912 kB
CmaFree:               0 kB
MemTotal:       12113140 kB
MemFree:          387812 kB
MemAvailable:    6477368 kB
Buffers:            3504 kB
Cached:          6574956 kB
SwapCached:            0 kB
Active:          6730208 kB
Inactive:        2515492 kB
Active(anon):    2346356 kB
Inactive(anon):   362568 kB
Active(file):    4383852 kB
Inactive(file):  2152924 kB
Unevictable:        5576 kB
Mlocked:            5576 kB
SwapTotal:       3145724 kB
SwapFree:        3136528 kB
Dirty:              1008 kB
Writeback:             0 kB
AnonPages:       2672864 kB
Mapped:           788508 kB
Shmem:             37148 kB
KReclaimable:     360732 kB
Slab:             244380 kB
SReclaimable:      95344 kB
SUnreclaim:       149036 kB
KernelStack:       51536 kB
PageTables:        67744 kB
NFS_Unstable:          0 kB
Bounce:                0 kB
WritebackTmp:          0 kB
CommitLimit:     9202292 kB
Committed_AS:   67851248 kB
VmallocTotal:   263061440 kB
VmallocUsed:      108532 kB
VmallocChunk:          0 kB
Percpu:             7616 kB
CmaTotal:         294912 kB
CmaFree:               0 kB
MemTotal:       12113140 kB
MemFree:          387828 kB
MemAvailable:    6477388 kB
Buffers:            3504 kB
Cached:          6574960 kB
SwapCached:            0 kB
Active:          6730732 kB
Inactive:        2515368 kB
Active(anon):    2346752 kB
Inactive(anon):   362568 kB
Active(file):    4383980 kB
Inactive(file):  2152800 kB
Unevictable:        5576 kB
Mlocked:            5576 kB
SwapTotal:       3145724 kB
SwapFree:        3136528 kB
Dirty:              1036 kB
Writeback:             0 kB
AnonPages:       2673236 kB
Mapped:           788508 kB
Shmem:             37148 kB
KReclaimable:     360732 kB
Slab:             244380 kB
SReclaimable:      95344 kB
SUnreclaim:       149036 kB
KernelStack:       51536 kB
PageTables:        67356 kB
NFS_Unstable:          0 kB
Bounce:                0 kB
WritebackTmp:          0 kB
CommitLimit:     9202292 kB
Committed_AS:   67850612 kB
VmallocTotal:   263061440 kB
VmallocUsed:      108516 kB
VmallocChunk:          0 kB
Percpu:             7616 kB
CmaTotal:         294912 kB
CmaFree:               0 kB
MemTotal:       12113140 kB
MemFree:          386192 kB
MemAvailable:    6475744 kB
Buffers:            3504 kB
Cached:          6574960 kB
SwapCached:            0 kB
Active:          6730584 kB
Inactive:        2515368 kB
Active(anon):    2346604 kB
Inactive(anon):   362568 kB
Active(file):    4383980 kB
Inactive(file):  2152800 kB
Unevictable:        5576 kB
Mlocked:            5576 kB
SwapTotal:       3145724 kB
SwapFree:        3136528 kB
Dirty:              1068 kB
Writeback:             0 kB
AnonPages:       2673124 kB
Mapped:           788508 kB
Shmem:             37148 kB
KReclaimable:     360716 kB
Slab:             244372 kB
SReclaimable:      95328 kB
SUnreclaim:       149044 kB
KernelStack:       51536 kB
PageTables:        67360 kB
NFS_Unstable:          0 kB
Bounce:                0 kB
WritebackTmp:          0 kB
CommitLimit:     9202292 kB
Committed_AS:   67850348 kB
VmallocTotal:   263061440 kB
VmallocUsed:      108516 kB
VmallocChunk:          0 kB
Percpu:             7616 kB
CmaTotal:         294912 kB
CmaFree:               0 kB
MemTotal:       12113140 kB
MemFree:          387096 kB
MemAvailable:    6476656 kB
Buffers:            3504 kB
Cached:          6574960 kB
SwapCached:            0 kB
Active:          6730992 kB
Inactive:        2515368 kB
Active(anon):    2347012 kB
Inactive(anon):   362568 kB
Active(file):    4383980 kB
Inactive(file):  2152800 kB
Unevictable:        5576 kB
Mlocked:            5576 kB
SwapTotal:       3145724 kB
SwapFree:        3136528 kB
Dirty:              1068 kB
Writeback:             0 kB
AnonPages:       2673500 kB
Mapped:           788508 kB
Shmem:             37148 kB
KReclaimable:     360732 kB
Slab:             244388 kB
SReclaimable:      95344 kB
SUnreclaim:       149044 kB
KernelStack:       51552 kB
PageTables:        67356 kB
NFS_Unstable:          0 kB
Bounce:                0 kB
WritebackTmp:          0 kB
CommitLimit:     9202292 kB
Committed_AS:   67850040 kB
VmallocTotal:   263061440 kB
VmallocUsed:      108516 kB
VmallocChunk:          0 kB
Percpu:             7616 kB
CmaTotal:         294912 kB
CmaFree:               0 kB
MemTotal:       12113140 kB
MemFree:          377456 kB
MemAvailable:    6466864 kB
Buffers:            3504 kB
Cached:          6581956 kB
SwapCached:            0 kB
Active:          6731856 kB
Inactive:        2522236 kB
Active(anon):    2347748 kB
Inactive(anon):   369460 kB
Active(file):    4384108 kB
Inactive(file):  2152776 kB
Unevictable:        5576 kB
Mlocked:            5576 kB
SwapTotal:       3145724 kB
SwapFree:        3136528 kB
Dirty:              1188 kB
Writeback:             0 kB
AnonPages:       2674452 kB
Mapped:           795564 kB
Shmem:             44040 kB
KReclaimable:     360224 kB
Slab:             244400 kB
SReclaimable:      95356 kB
SUnreclaim:       149044 kB
KernelStack:       51552 kB
PageTables:        67376 kB
NFS_Unstable:          0 kB
Bounce:                0 kB
WritebackTmp:          0 kB
CommitLimit:     9202292 kB
Committed_AS:   67864864 kB
VmallocTotal:   263061440 kB
VmallocUsed:      108548 kB
