MemTotal:       12113144 kB
MemFree:         6656336 kB
MemAvailable:    8098268 kB
Buffers:            6296 kB
Cached:          1635736 kB
SwapCached:            0 kB
Active:          1525820 kB
Inactive:        1351236 kB
Active(anon):    1242176 kB
Inactive(anon):    22340 kB
Active(file):     283644 kB
Inactive(file):  1328896 kB
Unevictable:        5864 kB
Mlocked:            5864 kB
SwapTotal:       3145724 kB
SwapFree:        3145724 kB
Dirty:               316 kB
Writeback:             0 kB
AnonPages:       1241056 kB
Mapped:           810296 kB
Shmem:             24660 kB
KReclaimable:     698096 kB
Slab:             204572 kB
SReclaimable:      67616 kB
SUnreclaim:       136956 kB
KernelStack:       42464 kB
PageTables:        56676 kB
NFS_Unstable:          0 kB
Bounce:                0 kB
WritebackTmp:          0 kB
CommitLimit:     9202296 kB
Committed_AS:   57817700 kB
VmallocTotal:   263061440 kB
VmallocUsed:       99344 kB
VmallocChunk:          0 kB
Percpu:             7616 kB
CmaTotal:         294912 kB
CmaFree:               0 kB
MemTotal:       12113144 kB
MemFree:         6653248 kB
MemAvailable:    8095192 kB
Buffers:            6300 kB
Cached:          1635744 kB
SwapCached:            0 kB
Active:          1528492 kB
Inactive:        1351248 kB
Active(anon):    1244848 kB
Inactive(anon):    22340 kB
Active(file):     283644 kB
Inactive(file):  1328908 kB
Unevictable:        5864 kB
Mlocked:            5864 kB
SwapTotal:       3145724 kB
SwapFree:        3145724 kB
Dirty:               312 kB
Writeback:             0 kB
AnonPages:       1244028 kB
Mapped:           807932 kB
Shmem:             24660 kB
KReclaimable:     698096 kB
Slab:             204564 kB
SReclaimable:      67616 kB
SUnreclaim:       136948 kB
KernelStack:       42464 kB
PageTables:        56764 kB
NFS_Unstable:          0 kB
Bounce:                0 kB
WritebackTmp:          0 kB
CommitLimit:     9202296 kB
Committed_AS:   57823764 kB
VmallocTotal:   263061440 kB
VmallocUsed:       99376 kB
VmallocChunk:          0 kB
Percpu:             7616 kB
CmaTotal:         294912 kB
CmaFree:               0 kB
MemTotal:       12113144 kB
MemFree:         6652692 kB
MemAvailable:    8094640 kB
Buffers:            6300 kB
Cached:          1635748 kB
SwapCached:            0 kB
Active:          1528536 kB
Inactive:        1351248 kB
Active(anon):    1244888 kB
Inactive(anon):    22340 kB
Active(file):     283648 kB
Inactive(file):  1328908 kB
Unevictable:        5864 kB
Mlocked:            5864 kB
SwapTotal:       3145724 kB
SwapFree:        3145724 kB
Dirty:               308 kB
Writeback:             0 kB
AnonPages:       1243596 kB
Mapped:           807932 kB
Shmem:             24660 kB
KReclaimable:     698096 kB
Slab:             204564 kB
SReclaimable:      67616 kB
SUnreclaim:       136948 kB
KernelStack:       42464 kB
PageTables:        56760 kB
NFS_Unstable:          0 kB
Bounce:                0 kB
WritebackTmp:          0 kB
CommitLimit:     9202296 kB
Committed_AS:   57824668 kB
VmallocTotal:   263061440 kB
VmallocUsed:       99392 kB
VmallocChunk:          0 kB
Percpu:             7616 kB
CmaTotal:         294912 kB
CmaFree:               0 kB
MemTotal:       12113144 kB
MemFree:         6652488 kB
MemAvailable:    8094436 kB
Buffers:            6300 kB
Cached:          1635748 kB
SwapCached:            0 kB
Active:          1529300 kB
Inactive:        1351248 kB
Active(anon):    1245652 kB
Inactive(anon):    22340 kB
Active(file):     283648 kB
Inactive(file):  1328908 kB
Unevictable:        5864 kB
Mlocked:            5864 kB
SwapTotal:       3145724 kB
SwapFree:        3145724 kB
Dirty:               308 kB
Writeback:             0 kB
AnonPages:       1244640 kB
Mapped:           807932 kB
Shmem:             24660 kB
KReclaimable:     698096 kB
Slab:             204564 kB
SReclaimable:      67616 kB
SUnreclaim:       136948 kB
KernelStack:       42448 kB
PageTables:        56764 kB
NFS_Unstable:          0 kB
Bounce:                0 kB
WritebackTmp:          0 kB
CommitLimit:     9202296 kB
Committed_AS:   57824272 kB
VmallocTotal:   263061440 kB
VmallocUsed:       99360 kB
VmallocChunk:          0 kB
Percpu:             7616 kB
CmaTotal:         294912 kB
CmaFree:               0 kB
MemTotal:       12113144 kB
MemFree:         6651640 kB
MemAvailable:    8093652 kB
Buffers:            6300 kB
Cached:          1635748 kB
SwapCached:            0 kB
Active:          1531536 kB
Inactive:        1351248 kB
Active(anon):    1247888 kB
Inactive(anon):    22340 kB
Active(file):     283648 kB
Inactive(file):  1328908 kB
Unevictable:        5864 kB
Mlocked:            5864 kB
SwapTotal:       3145724 kB
SwapFree:        3145724 kB
Dirty:               308 kB
Writeback:             0 kB
AnonPages:       1246444 kB
Mapped:           807932 kB
Shmem:             24660 kB
KReclaimable:     698096 kB
Slab:             204564 kB
SReclaimable:      67616 kB
SUnreclaim:       136948 kB
KernelStack:       42448 kB
PageTables:        56772 kB
NFS_Unstable:          0 kB
Bounce:                0 kB
WritebackTmp:          0 kB
CommitLimit:     9202296 kB
Committed_AS:   57823316 kB
VmallocTotal:   263061440 kB
VmallocUsed:       99360 kB
VmallocChunk:          0 kB
Percpu:             7616 kB
CmaTotal:         294912 kB
CmaFree:               0 kB
MemTotal:       12113144 kB
MemFree:         6650304 kB
MemAvailable:    8092240 kB
Buffers:            6300 kB
Cached:          1635736 kB
SwapCached:            0 kB
Active:          1530468 kB
Inactive:        1351240 kB
Active(anon):    1246824 kB
Inactive(anon):    22340 kB
Active(file):     283644 kB
Inactive(file):  1328900 kB
Unevictable:        5864 kB
Mlocked:            5864 kB
SwapTotal:       3145724 kB
SwapFree:        3145724 kB
Dirty:               420 kB
Writeback:             0 kB
AnonPages:       1245424 kB
Mapped:           807932 kB
Shmem:             24660 kB
KReclaimable:     698096 kB
Slab:             204572 kB
SReclaimable:      67616 kB
SUnreclaim:       136956 kB
KernelStack:       42496 kB
PageTables:        56768 kB
NFS_Unstable:          0 kB
Bounce:                0 kB
WritebackTmp:          0 kB
CommitLimit:     9202296 kB
Committed_AS:   57824392 kB
VmallocTotal:   263061440 kB
VmallocUsed:       99296 kB
VmallocChunk:          0 kB
Percpu:             7616 kB
CmaTotal:         294912 kB
CmaFree:               0 kB
MemTotal:       12113144 kB
MemFree:         6650412 kB
MemAvailable:    8092360 kB
Buffers:            6300 kB
Cached:          1635748 kB
SwapCached:            0 kB
Active:          1530260 kB
Inactive:        1351248 kB
Active(anon):    1246612 kB
Inactive(anon):    22340 kB
Active(file):     283648 kB
Inactive(file):  1328908 kB
Unevictable:        5864 kB
Mlocked:            5864 kB
SwapTotal:       3145724 kB
SwapFree:        3145724 kB
Dirty:               468 kB
Writeback:             0 kB
AnonPages:       1245544 kB
Mapped:           807672 kB
Shmem:             24660 kB
KReclaimable:     698096 kB
Slab:             204564 kB
SReclaimable:      67616 kB
SUnreclaim:       136948 kB
KernelStack:       42448 kB
PageTables:        56772 kB
NFS_Unstable:          0 kB
Bounce:                0 kB
WritebackTmp:          0 kB
CommitLimit:     9202296 kB
Committed_AS:   57823756 kB
VmallocTotal:   263061440 kB
VmallocUsed:       99312 kB
VmallocChunk:          0 kB
Percpu:             7616 kB
CmaTotal:         294912 kB
CmaFree:               0 kB
MemTotal:       12113144 kB
MemFree:         6650820 kB
MemAvailable:    8092768 kB
Buffers:            6300 kB
Cached:          1635748 kB
SwapCached:            0 kB
Active:          1529664 kB
Inactive:        1351248 kB
Active(anon):    1246016 kB
Inactive(anon):    22340 kB
Active(file):     283648 kB
Inactive(file):  1328908 kB
Unevictable:        5864 kB
Mlocked:            5864 kB
SwapTotal:       3145724 kB
SwapFree:        3145724 kB
Dirty:               468 kB
Writeback:             0 kB
AnonPages:       1244948 kB
Mapped:           807676 kB
Shmem:             24660 kB
KReclaimable:     698096 kB
Slab:             204564 kB
SReclaimable:      67616 kB
SUnreclaim:       136948 kB
KernelStack:       42448 kB
PageTables:        56768 kB
NFS_Unstable:          0 kB
Bounce:                0 kB
WritebackTmp:          0 kB
CommitLimit:     9202296 kB
Committed_AS:   57823492 kB
VmallocTotal:   263061440 kB
VmallocUsed:       99280 kB
VmallocChunk:          0 kB
Percpu:             7616 kB
CmaTotal:         294912 kB
CmaFree:               0 kB
MemTotal:       12113144 kB
MemFree:         6651212 kB
MemAvailable:    8093160 kB
Buffers:            6300 kB
Cached:          1635748 kB
SwapCached:            0 kB
Active:          1530440 kB
Inactive:        1351248 kB
Active(anon):    1246792 kB
Inactive(anon):    22340 kB
Active(file):     283648 kB
Inactive(file):  1328908 kB
Unevictable:        5864 kB
Mlocked:            5864 kB
SwapTotal:       3145724 kB
SwapFree:        3145724 kB
Dirty:               296 kB
Writeback:             0 kB
AnonPages:       1245524 kB
Mapped:           807932 kB
Shmem:             24660 kB
KReclaimable:     698096 kB
Slab:             204568 kB
SReclaimable:      67616 kB
SUnreclaim:       136952 kB
KernelStack:       42416 kB
PageTables:        56772 kB
NFS_Unstable:          0 kB
Bounce:                0 kB
WritebackTmp:          0 kB
CommitLimit:     9202296 kB
Committed_AS:   57823536 kB
VmallocTotal:   263061440 kB
VmallocUsed:       99280 kB
VmallocChunk:          0 kB
Percpu:             7616 kB
CmaTotal:         294912 kB
CmaFree:               0 kB
MemTotal:       12113144 kB
MemFree:         6662416 kB
MemAvailable:    8104368 kB
Buffers:            6300 kB
Cached:          1635752 kB
SwapCached:            0 kB
Active:          1518872 kB
Inactive:        1351248 kB
Active(anon):    1235220 kB
Inactive(anon):    22340 kB
Active(file):     283652 kB
Inactive(file):  1328908 kB
Unevictable:        5864 kB
Mlocked:            5864 kB
SwapTotal:       3145724 kB
SwapFree:        3145724 kB
Dirty:               304 kB
Writeback:             0 kB
AnonPages:       1234004 kB
Mapped:           807864 kB
Shmem:             24660 kB
KReclaimable:     698096 kB
Slab:             204560 kB
SReclaimable:      67616 kB
SUnreclaim:       136944 kB
KernelStack:       42416 kB
PageTables:        56760 kB
NFS_Unstable:          0 kB
Bounce:                0 kB
WritebackTmp:          0 kB
CommitLimit:     9202296 kB
Committed_AS:   57823648 kB
VmallocTotal:   263061440 kB
VmallocUsed:       99280 kB
VmallocChunk:          0 kB
Percpu:             7616 kB
CmaTotal:         294912 kB
CmaFree:               0 kB
MemTotal:       12113144 kB
MemFree:         6661864 kB
MemAvailable:    8103808 kB
Buffers:            6300 kB
Cached:          1635744 kB
SwapCached:            0 kB
Active:          1519496 kB
Inactive:        1351244 kB
Active(anon):    1235848 kB
Inactive(anon):    22340 kB
Active(file):     283648 kB
Inactive(file):  1328904 kB
Unevictable:        5864 kB
Mlocked:            5864 kB
SwapTotal:       3145724 kB
SwapFree:        3145724 kB
Dirty:               324 kB
Writeback:             0 kB
AnonPages:       1234624 kB
Mapped:           807864 kB
Shmem:             24660 kB
KReclaimable:     698096 kB
Slab:             204568 kB
SReclaimable:      67616 kB
SUnreclaim:       136952 kB
KernelStack:       42416 kB
PageTables:        56760 kB
NFS_Unstable:          0 kB
Bounce:                0 kB
WritebackTmp:          0 kB
CommitLimit:     9202296 kB
Committed_AS:   57823524 kB
VmallocTotal:   263061440 kB
VmallocUsed:       99264 kB
VmallocChunk:          0 kB
Percpu:             7616 kB
CmaTotal:         294912 kB
CmaFree:               0 kB
MemTotal:       12113144 kB
MemFree:         6661236 kB
MemAvailable:    8103180 kB
Buffers:            6300 kB
Cached:          1635744 kB
SwapCached:            0 kB
Active:          1520284 kB
Inactive:        1351248 kB
Active(anon):    1236640 kB
Inactive(anon):    22340 kB
Active(file):     283644 kB
Inactive(file):  1328908 kB
Unevictable:        5864 kB
Mlocked:            5864 kB
SwapTotal:       3145724 kB
SwapFree:        3145724 kB
Dirty:               352 kB
Writeback:             0 kB
AnonPages:       1235516 kB
Mapped:           807864 kB
Shmem:             24660 kB
KReclaimable:     698096 kB
Slab:             204568 kB
SReclaimable:      67616 kB
SUnreclaim:       136952 kB
KernelStack:       42416 kB
PageTables:        56760 kB
NFS_Unstable:          0 kB
Bounce:                0 kB
WritebackTmp:          0 kB
CommitLimit:     9202296 kB
Committed_AS:   57823364 kB
VmallocTotal:   263061440 kB
VmallocUsed:       99264 kB
VmallocChunk:          0 kB
Percpu:             7616 kB
CmaTotal:         294912 kB
CmaFree:               0 kB
MemTotal:       12113144 kB
MemFree:         6661012 kB
MemAvailable:    8102964 kB
Buffers:            6300 kB
Cached:          1635752 kB
SwapCached:            0 kB
Active:          1520364 kB
Inactive:        1351252 kB
Active(anon):    1236716 kB
Inactive(anon):    22340 kB
Active(file):     283648 kB
Inactive(file):  1328912 kB
Unevictable:        5864 kB
Mlocked:            5864 kB
SwapTotal:       3145724 kB
SwapFree:        3145724 kB
Dirty:               356 kB
Writeback:             0 kB
AnonPages:       1235636 kB
Mapped:           807864 kB
Shmem:             24660 kB
KReclaimable:     698096 kB
Slab:             204568 kB
SReclaimable:      67616 kB
SUnreclaim:       136952 kB
KernelStack:       42416 kB
PageTables:        56760 kB
NFS_Unstable:          0 kB
Bounce:                0 kB
WritebackTmp:          0 kB
CommitLimit:     9202296 kB
Committed_AS:   57823188 kB
VmallocTotal:   263061440 kB
VmallocUsed:       99264 kB
VmallocChunk:          0 kB
Percpu:             7616 kB
CmaTotal:         294912 kB
CmaFree:               0 kB
MemTotal:       12113144 kB
MemFree:         6660252 kB
MemAvailable:    8102204 kB
Buffers:            6300 kB
Cached:          1635752 kB
SwapCached:            0 kB
Active:          1520972 kB
Inactive:        1351252 kB
Active(anon):    1237324 kB
Inactive(anon):    22340 kB
Active(file):     283648 kB
Inactive(file):  1328912 kB
Unevictable:        5864 kB
Mlocked:            5864 kB
SwapTotal:       3145724 kB
SwapFree:        3145724 kB
Dirty:               304 kB
Writeback:             0 kB
AnonPages:       1236088 kB
Mapped:           807796 kB
Shmem:             24660 kB
KReclaimable:     698096 kB
Slab:             204568 kB
SReclaimable:      67616 kB
SUnreclaim:       136952 kB
KernelStack:       42416 kB
PageTables:        56708 kB
NFS_Unstable:          0 kB
Bounce:                0 kB
WritebackTmp:          0 kB
CommitLimit:     9202296 kB
Committed_AS:   57822844 kB
VmallocTotal:   263061440 kB
VmallocUsed:       99264 kB
VmallocChunk:          0 kB
Percpu:             7616 kB
CmaTotal:         294912 kB
CmaFree:               0 kB
MemTotal:       12113144 kB
MemFree:         6660100 kB
MemAvailable:    8102052 kB
Buffers:            6300 kB
Cached:          1635752 kB
SwapCached:            0 kB
Active:          1521428 kB
Inactive:        1351252 kB
Active(anon):    1237780 kB
Inactive(anon):    22340 kB
Active(file):     283648 kB
Inactive(file):  1328912 kB
Unevictable:        5864 kB
Mlocked:            5864 kB
SwapTotal:       3145724 kB
SwapFree:        3145724 kB
Dirty:               304 kB
Writeback:             0 kB
AnonPages:       1236076 kB
Mapped:           807864 kB
Shmem:             24660 kB
KReclaimable:     698096 kB
Slab:             204568 kB
SReclaimable:      67616 kB
SUnreclaim:       136952 kB
KernelStack:       42416 kB
PageTables:        56764 kB
NFS_Unstable:          0 kB
Bounce:                0 kB
WritebackTmp:          0 kB
CommitLimit:     9202296 kB
Committed_AS:   57822600 kB
VmallocTotal:   263061440 kB
VmallocUsed:       99248 kB
VmallocChunk:          0 kB
Percpu:             7616 kB
CmaTotal:         294912 kB
CmaFree:               0 kB
MemTotal:       12113144 kB
MemFree:         6659948 kB
MemAvailable:    8101900 kB
Buffers:            6300 kB
Cached:          1635752 kB
SwapCached:            0 kB
Active:          1521880 kB
Inactive:        1351252 kB
Active(anon):    1238232 kB
Inactive(anon):    22340 kB
Active(file):     283648 kB
Inactive(file):  1328912 kB
Unevictable:        5864 kB
Mlocked:            5864 kB
SwapTotal:       3145724 kB
SwapFree:        3145724 kB
Dirty:               304 kB
Writeback:             0 kB
AnonPages:       1236804 kB
Mapped:           807796 kB
Shmem:             24660 kB
KReclaimable:     698096 kB
Slab:             204568 kB
SReclaimable:      67616 kB
SUnreclaim:       136952 kB
KernelStack:       42384 kB
PageTables:        56700 kB
NFS_Unstable:          0 kB
Bounce:                0 kB
WritebackTmp:          0 kB
CommitLimit:     9202296 kB
Committed_AS:   57822468 kB
VmallocTotal:   263061440 kB
VmallocUsed:       99280 kB
VmallocChunk:          0 kB
Percpu:             7616 kB
CmaTotal:         294912 kB
CmaFree:               0 kB
MemTotal:       12113144 kB
MemFree:         6659164 kB
MemAvailable:    8101116 kB
Buffers:            6304 kB
Cached:          1635748 kB
SwapCached:            0 kB
Active:          1522740 kB
Inactive:        1351256 kB
Active(anon):    1239096 kB
Inactive(anon):    22340 kB
Active(file):     283644 kB
Inactive(file):  1328916 kB
Unevictable:        5864 kB
Mlocked:            5864 kB
SwapTotal:       3145724 kB
SwapFree:        3145724 kB
Dirty:               284 kB
Writeback:             0 kB
AnonPages:       1237516 kB
Mapped:           807604 kB
Shmem:             24660 kB
KReclaimable:     698096 kB
Slab:             204560 kB
SReclaimable:      67616 kB
SUnreclaim:       136944 kB
KernelStack:       42416 kB
PageTables:        56756 kB
NFS_Unstable:          0 kB
Bounce:                0 kB
WritebackTmp:          0 kB
CommitLimit:     9202296 kB
Committed_AS:   57822344 kB
VmallocTotal:   263061440 kB
VmallocUsed:       99280 kB
VmallocChunk:          0 kB
Percpu:             7616 kB
CmaTotal:         294912 kB
CmaFree:               0 kB
MemTotal:       12113144 kB
MemFree:         6658628 kB
MemAvailable:    8100592 kB
Buffers:            6304 kB
Cached:          1635760 kB
SwapCached:            0 kB
Active:          1521840 kB
Inactive:        1351260 kB
Active(anon):    1238188 kB
Inactive(anon):    22340 kB
Active(file):     283652 kB
Inactive(file):  1328920 kB
Unevictable:        5864 kB
Mlocked:            5864 kB
SwapTotal:       3145724 kB
SwapFree:        3145724 kB
Dirty:               308 kB
Writeback:             0 kB
AnonPages:       1236908 kB
Mapped:           807864 kB
Shmem:             24660 kB
KReclaimable:     698096 kB
Slab:             204552 kB
SReclaimable:      67616 kB
SUnreclaim:       136936 kB
KernelStack:       42416 kB
PageTables:        56764 kB
NFS_Unstable:          0 kB
Bounce:                0 kB
WritebackTmp:          0 kB
CommitLimit:     9202296 kB
Committed_AS:   57822028 kB
VmallocTotal:   263061440 kB
VmallocUsed:       99280 kB
VmallocChunk:          0 kB
Percpu:             7616 kB
CmaTotal:         294912 kB
CmaFree:               0 kB
MemTotal:       12113144 kB
MemFree:         6659908 kB
MemAvailable:    8101872 kB
Buffers:            6304 kB
Cached:          1635760 kB
SwapCached:            0 kB
Active:          1522684 kB
Inactive:        1351260 kB
Active(anon):    1239032 kB
Inactive(anon):    22340 kB
Active(file):     283652 kB
Inactive(file):  1328920 kB
Unevictable:        5864 kB
Mlocked:            5864 kB
SwapTotal:       3145724 kB
SwapFree:        3145724 kB
Dirty:               308 kB
Writeback:             0 kB
AnonPages:       1237704 kB
Mapped:           807604 kB
Shmem:             24660 kB
KReclaimable:     698096 kB
Slab:             204552 kB
SReclaimable:      67616 kB
SUnreclaim:       136936 kB
KernelStack:       42416 kB
PageTables:        56776 kB
NFS_Unstable:          0 kB
Bounce:                0 kB
WritebackTmp:          0 kB
CommitLimit:     9202296 kB
Committed_AS:   57821632 kB
VmallocTotal:   263061440 kB
VmallocUsed:       99264 kB
VmallocChunk:          0 kB
Percpu:             7616 kB
CmaTotal:         294912 kB
CmaFree:               0 kB
MemTotal:       12113144 kB
MemFree:         6659700 kB
MemAvailable:    8101664 kB
Buffers:            6304 kB
Cached:          1635760 kB
SwapCached:            0 kB
Active:          1522540 kB
Inactive:        1351260 kB
Active(anon):    1238888 kB
Inactive(anon):    22340 kB
Active(file):     283652 kB
Inactive(file):  1328920 kB
Unevictable:        5864 kB
Mlocked:            5864 kB
SwapTotal:       3145724 kB
SwapFree:        3145724 kB
Dirty:               308 kB
Writeback:             0 kB
AnonPages:       1237620 kB
Mapped:           807864 kB
Shmem:             24660 kB
KReclaimable:     698096 kB
Slab:             204552 kB
SReclaimable:      67616 kB
SUnreclaim:       136936 kB
KernelStack:       42416 kB
PageTables:        56764 kB
NFS_Unstable:          0 kB
Bounce:                0 kB
WritebackTmp:          0 kB
CommitLimit:     9202296 kB
Committed_AS:   57818424 kB
VmallocTotal:   263061440 kB
VmallocUsed:       99248 kB
VmallocChunk:          0 kB
Percpu:             7616 kB
CmaTotal:         294912 kB
CmaFree:               0 kB
MemTotal:       12113144 kB
MemFree:         6660140 kB
MemAvailable:    8102104 kB
Buffers:            6304 kB
Cached:          1635764 kB
SwapCached:            0 kB
Active:          1522136 kB
Inactive:        1351264 kB
Active(anon):    1238484 kB
Inactive(anon):    22344 kB
Active(file):     283652 kB
Inactive(file):  1328920 kB
Unevictable:        5864 kB
Mlocked:            5864 kB
SwapTotal:       3145724 kB
SwapFree:        3145724 kB
Dirty:               308 kB
Writeback:             0 kB
AnonPages:       1237264 kB
Mapped:           807608 kB
Shmem:             24664 kB
KReclaimable:     698096 kB
Slab:             204552 kB
SReclaimable:      67616 kB
SUnreclaim:       136936 kB
KernelStack:       42416 kB
PageTables:        56768 kB
NFS_Unstable:          0 kB
Bounce:                0 kB
WritebackTmp:          0 kB
CommitLimit:     9202296 kB
Committed_AS:   57817876 kB
VmallocTotal:   263061440 kB
VmallocUsed:       99264 kB
VmallocChunk:          0 kB
Percpu:             7616 kB
CmaTotal:         294912 kB
CmaFree:               0 kB
MemTotal:       12113144 kB
MemFree:         6658712 kB
MemAvailable:    8100676 kB
Buffers:            6304 kB
Cached:          1635764 kB
SwapCached:            0 kB
Active:          1522412 kB
Inactive:        1351264 kB
Active(anon):    1238760 kB
Inactive(anon):    22344 kB
Active(file):     283652 kB
Inactive(file):  1328920 kB
Unevictable:        5864 kB
Mlocked:            5864 kB
SwapTotal:       3145724 kB
SwapFree:        3145724 kB
Dirty:               308 kB
Writeback:             0 kB
AnonPages:       1237604 kB
Mapped:           807608 kB
Shmem:             24664 kB
KReclaimable:     698096 kB
Slab:             204568 kB
SReclaimable:      67616 kB
SUnreclaim:       136952 kB
KernelStack:       42416 kB
PageTables:        56764 kB
NFS_Unstable:          0 kB
Bounce:                0 kB
WritebackTmp:          0 kB
CommitLimit:     9202296 kB
Committed_AS:   57817524 kB
VmallocTotal:   263061440 kB
VmallocUsed:       99248 kB
VmallocChunk:          0 kB
Percpu:             7616 kB
CmaTotal:         294912 kB
CmaFree:               0 kB
MemTotal:       12113144 kB
MemFree:         6659192 kB
MemAvailable:    8101156 kB
Buffers:            6304 kB
Cached:          1635764 kB
SwapCached:            0 kB
Active:          1523176 kB
Inactive:        1351264 kB
Active(anon):    1239524 kB
Inactive(anon):    22344 kB
Active(file):     283652 kB
Inactive(file):  1328920 kB
Unevictable:        5864 kB
Mlocked:            5864 kB
SwapTotal:       3145724 kB
SwapFree:        3145724 kB
Dirty:               320 kB
Writeback:             0 kB
AnonPages:       1238296 kB
Mapped:           807632 kB
Shmem:             24664 kB
KReclaimable:     698096 kB
Slab:             204536 kB
SReclaimable:      67616 kB
SUnreclaim:       136920 kB
KernelStack:       42400 kB
PageTables:        56788 kB
NFS_Unstable:          0 kB
Bounce:                0 kB
WritebackTmp:          0 kB
CommitLimit:     9202296 kB
Committed_AS:   57812564 kB
VmallocTotal:   263061440 kB
VmallocUsed:       99232 kB
VmallocChunk:          0 kB
Percpu:             7616 kB
CmaTotal:         294912 kB
CmaFree:               0 kB
MemTotal:       12113144 kB
MemFree:         6658292 kB
MemAvailable:    8100256 kB
Buffers:            6304 kB
Cached:          1635764 kB
SwapCached:            0 kB
Active:          1524108 kB
Inactive:        1351264 kB
Active(anon):    1240456 kB
Inactive(anon):    22344 kB
Active(file):     283652 kB
Inactive(file):  1328920 kB
Unevictable:        5864 kB
Mlocked:            5864 kB
SwapTotal:       3145724 kB
SwapFree:        3145724 kB
Dirty:               308 kB
Writeback:             0 kB
AnonPages:       1238716 kB
Mapped:           807840 kB
Shmem:             24664 kB
KReclaimable:     698096 kB
Slab:             204560 kB
SReclaimable:      67616 kB
SUnreclaim:       136944 kB
KernelStack:       42384 kB
PageTables:        56808 kB
NFS_Unstable:          0 kB
Bounce:                0 kB
WritebackTmp:          0 kB
CommitLimit:     9202296 kB
Committed_AS:   57812388 kB
VmallocTotal:   263061440 kB
VmallocUsed:       99232 kB
VmallocChunk:          0 kB
Percpu:             7616 kB
CmaTotal:         294912 kB
CmaFree:               0 kB
MemTotal:       12113144 kB
MemFree:         6658008 kB
MemAvailable:    8099964 kB
Buffers:            6304 kB
Cached:          1635756 kB
SwapCached:            0 kB
Active:          1523864 kB
Inactive:        1351260 kB
Active(anon):    1240216 kB
Inactive(anon):    22344 kB
Active(file):     283648 kB
Inactive(file):  1328916 kB
Unevictable:        5864 kB
Mlocked:            5864 kB
SwapTotal:       3145724 kB
SwapFree:        3145724 kB
Dirty:               324 kB
Writeback:             0 kB
AnonPages:       1238992 kB
Mapped:           807868 kB
Shmem:             24664 kB
KReclaimable:     698096 kB
Slab:             204560 kB
SReclaimable:      67616 kB
SUnreclaim:       136944 kB
KernelStack:       42368 kB
PageTables:        56772 kB
NFS_Unstable:          0 kB
Bounce:                0 kB
WritebackTmp:          0 kB
CommitLimit:     9202296 kB
Committed_AS:   57817424 kB
VmallocTotal:   263061440 kB
VmallocUsed:       99248 kB
VmallocChunk:          0 kB
Percpu:             7616 kB
CmaTotal:         294912 kB
CmaFree:               0 kB
MemTotal:       12113144 kB
MemFree:         6657592 kB
MemAvailable:    8099556 kB
Buffers:            6304 kB
Cached:          1635768 kB
SwapCached:            0 kB
Active:          1524348 kB
Inactive:        1351264 kB
Active(anon):    1240696 kB
Inactive(anon):    22344 kB
Active(file):     283652 kB
Inactive(file):  1328920 kB
Unevictable:        5864 kB
Mlocked:            5864 kB
SwapTotal:       3145724 kB
SwapFree:        3145724 kB
Dirty:               368 kB
Writeback:             0 kB
AnonPages:       1239308 kB
Mapped:           807868 kB
Shmem:             24664 kB
KReclaimable:     698096 kB
Slab:             204560 kB
SReclaimable:      67616 kB
SUnreclaim:       136944 kB
KernelStack:       42400 kB
PageTables:        56760 kB
NFS_Unstable:          0 kB
Bounce:                0 kB
WritebackTmp:          0 kB
CommitLimit:     9202296 kB
Committed_AS:   57814592 kB
VmallocTotal:   263061440 kB
VmallocUsed:       99264 kB
VmallocChunk:          0 kB
Percpu:             7616 kB
CmaTotal:         294912 kB
CmaFree:               0 kB
MemTotal:       12113144 kB
MemFree:         6657772 kB
MemAvailable:    8099740 kB
Buffers:            6304 kB
Cached:          1635768 kB
SwapCached:            0 kB
Active:          1523588 kB
Inactive:        1351268 kB
Active(anon):    1239936 kB
Inactive(anon):    22344 kB
Active(file):     283652 kB
Inactive(file):  1328924 kB
Unevictable:        5864 kB
Mlocked:            5864 kB
SwapTotal:       3145724 kB
SwapFree:        3145724 kB
Dirty:               368 kB
Writeback:             0 kB
AnonPages:       1238728 kB
Mapped:           807608 kB
Shmem:             24664 kB
KReclaimable:     698096 kB
Slab:             204568 kB
SReclaimable:      67616 kB
SUnreclaim:       136952 kB
KernelStack:       42384 kB
PageTables:        56776 kB
NFS_Unstable:          0 kB
Bounce:                0 kB
WritebackTmp:          0 kB
CommitLimit:     9202296 kB
Committed_AS:   57818536 kB
VmallocTotal:   263061440 kB
VmallocUsed:       99264 kB
VmallocChunk:          0 kB
Percpu:             7616 kB
CmaTotal:         294912 kB
CmaFree:               0 kB
MemTotal:       12113144 kB
MemFree:         6657424 kB
MemAvailable:    8099392 kB
Buffers:            6304 kB
Cached:          1635768 kB
SwapCached:            0 kB
Active:          1523964 kB
Inactive:        1351268 kB
Active(anon):    1240312 kB
Inactive(anon):    22344 kB
Active(file):     283652 kB
Inactive(file):  1328924 kB
Unevictable:        5864 kB
Mlocked:            5864 kB
SwapTotal:       3145724 kB
SwapFree:        3145724 kB
Dirty:               368 kB
Writeback:             0 kB
AnonPages:       1239096 kB
Mapped:           807872 kB
Shmem:             24664 kB
KReclaimable:     698096 kB
Slab:             204568 kB
SReclaimable:      67616 kB
SUnreclaim:       136952 kB
KernelStack:       42384 kB
PageTables:        56768 kB
NFS_Unstable:          0 kB
Bounce:                0 kB
WritebackTmp:          0 kB
CommitLimit:     9202296 kB
Committed_AS:   57818200 kB
VmallocTotal:   263061440 kB
VmallocUsed:       99264 kB
VmallocChunk:          0 kB
Percpu:             7616 kB
CmaTotal:         294912 kB
CmaFree:               0 kB
MemTotal:       12113144 kB
MemFree:         6657108 kB
MemAvailable:    8099076 kB
Buffers:            6304 kB
Cached:          1635768 kB
SwapCached:            0 kB
Active:          1524360 kB
Inactive:        1351268 kB
Active(anon):    1240708 kB
Inactive(anon):    22344 kB
Active(file):     283652 kB
Inactive(file):  1328924 kB
Unevictable:        5864 kB
Mlocked:            5864 kB
SwapTotal:       3145724 kB
SwapFree:        3145724 kB
Dirty:               316 kB
Writeback:             0 kB
AnonPages:       1239608 kB
Mapped:           807868 kB
Shmem:             24664 kB
KReclaimable:     698096 kB
Slab:             204528 kB
SReclaimable:      67616 kB
SUnreclaim:       136912 kB
KernelStack:       42384 kB
PageTables:        56764 kB
NFS_Unstable:          0 kB
Bounce:                0 kB
WritebackTmp:          0 kB
CommitLimit:     9202296 kB
Committed_AS:   57814212 kB
VmallocTotal:   263061440 kB
VmallocUsed:       99248 kB
VmallocChunk:          0 kB
Percpu:             7616 kB
CmaTotal:         294912 kB
CmaFree:               0 kB
MemTotal:       12113144 kB
MemFree:         6656488 kB
MemAvailable:    8098456 kB
Buffers:            6304 kB
Cached:          1635768 kB
SwapCached:            0 kB
Active:          1524600 kB
Inactive:        1351268 kB
Active(anon):    1240948 kB
Inactive(anon):    22344 kB
Active(file):     283652 kB
Inactive(file):  1328924 kB
Unevictable:        5864 kB
Mlocked:            5864 kB
SwapTotal:       3145724 kB
SwapFree:        3145724 kB
Dirty:               340 kB
Writeback:             0 kB
AnonPages:       1239556 kB
Mapped:           807612 kB
Shmem:             24664 kB
KReclaimable:     698096 kB
Slab:             204592 kB
SReclaimable:      67616 kB
SUnreclaim:       136976 kB
KernelStack:       42400 kB
PageTables:        56904 kB
NFS_Unstable:          0 kB
Bounce:                0 kB
WritebackTmp:          0 kB
CommitLimit:     9202296 kB
Committed_AS:   57808640 kB
VmallocTotal:   263061440 kB
VmallocUsed:       99248 kB
VmallocChunk:          0 kB
Percpu:             7616 kB
CmaTotal:         294912 kB
CmaFree:               0 kB
MemTotal:       12113144 kB
MemFree:         6656272 kB
MemAvailable:    8098240 kB
Buffers:            6304 kB
Cached:          1635768 kB
SwapCached:            0 kB
Active:          1525916 kB
Inactive:        1351268 kB
Active(anon):    1242264 kB
Inactive(anon):    22344 kB
Active(file):     283652 kB
Inactive(file):  1328924 kB
Unevictable:        5864 kB
Mlocked:            5864 kB
SwapTotal:       3145724 kB
SwapFree:        3145724 kB
Dirty:               360 kB
Writeback:             0 kB
AnonPages:       1241064 kB
Mapped:           807868 kB
Shmem:             24664 kB
KReclaimable:     698096 kB
Slab:             204552 kB
SReclaimable:      67616 kB
SUnreclaim:       136936 kB
KernelStack:       42384 kB
PageTables:        56764 kB
NFS_Unstable:          0 kB
Bounce:                0 kB
WritebackTmp:          0 kB
CommitLimit:     9202296 kB
Committed_AS:   57808596 kB
VmallocTotal:   263061440 kB
VmallocUsed:       99232 kB
VmallocChunk:          0 kB
Percpu:             7616 kB
CmaTotal:         294912 kB
CmaFree:               0 kB
MemTotal:       12113144 kB
MemFree:         6655792 kB
MemAvailable:    8097776 kB
Buffers:            6308 kB
Cached:          1635780 kB
SwapCached:            0 kB
Active:          1525912 kB
Inactive:        1351280 kB
Active(anon):    1242256 kB
Inactive(anon):    22344 kB
Active(file):     283656 kB
Inactive(file):  1328936 kB
Unevictable:        5864 kB
Mlocked:            5864 kB
SwapTotal:       3145724 kB
SwapFree:        3145724 kB
Dirty:               364 kB
Writeback:             0 kB
AnonPages:       1241440 kB
Mapped:           807608 kB
Shmem:             24664 kB
KReclaimable:     698096 kB
Slab:             204560 kB
SReclaimable:      67616 kB
SUnreclaim:       136944 kB
KernelStack:       42352 kB
PageTables:        56760 kB
NFS_Unstable:          0 kB
Bounce:                0 kB
WritebackTmp:          0 kB
CommitLimit:     9202296 kB
Committed_AS:   57808436 kB
VmallocTotal:   263061440 kB
VmallocUsed:       99216 kB
VmallocChunk:          0 kB
Percpu:             7616 kB
CmaTotal:         294912 kB
CmaFree:               0 kB
MemTotal:       12113144 kB
MemFree:         6655416 kB
MemAvailable:    8097400 kB
Buffers:            6308 kB
Cached:          1635780 kB
SwapCached:            0 kB
Active:          1526480 kB
Inactive:        1351280 kB
Active(anon):    1242824 kB
Inactive(anon):    22344 kB
Active(file):     283656 kB
Inactive(file):  1328936 kB
Unevictable:        5864 kB
Mlocked:            5864 kB
SwapTotal:       3145724 kB
SwapFree:        3145724 kB
Dirty:               368 kB
Writeback:             0 kB
AnonPages:       1241724 kB
Mapped:           807868 kB
Shmem:             24664 kB
KReclaimable:     698096 kB
Slab:             204560 kB
SReclaimable:      67616 kB
SUnreclaim:       136944 kB
KernelStack:       42352 kB
PageTables:        56764 kB
NFS_Unstable:          0 kB
Bounce:                0 kB
WritebackTmp:          0 kB
CommitLimit:     9202296 kB
Committed_AS:   57808172 kB
VmallocTotal:   263061440 kB
VmallocUsed:       99200 kB
VmallocChunk:          0 kB
Percpu:             7616 kB
CmaTotal:         294912 kB
CmaFree:               0 kB
MemTotal:       12113144 kB
MemFree:         6654556 kB
MemAvailable:    8096540 kB
Buffers:            6308 kB
Cached:          1635784 kB
SwapCached:            0 kB
Active:          1526880 kB
Inactive:        1351284 kB
Active(anon):    1243224 kB
Inactive(anon):    22348 kB
Active(file):     283656 kB
Inactive(file):  1328936 kB
Unevictable:        5864 kB
Mlocked:            5864 kB
SwapTotal:       3145724 kB
SwapFree:        3145724 kB
Dirty:               368 kB
Writeback:             0 kB
AnonPages:       1242528 kB
Mapped:           807656 kB
Shmem:             24668 kB
KReclaimable:     698096 kB
Slab:             204560 kB
SReclaimable:      67616 kB
SUnreclaim:       136944 kB
KernelStack:       42400 kB
PageTables:        56788 kB
NFS_Unstable:          0 kB
Bounce:                0 kB
WritebackTmp:          0 kB
CommitLimit:     9202296 kB
Committed_AS:   57807804 kB
VmallocTotal:   263061440 kB
VmallocUsed:       99200 kB
VmallocChunk:          0 kB
Percpu:             7616 kB
CmaTotal:         294912 kB
CmaFree:               0 kB
MemTotal:       12113144 kB
MemFree:         6653520 kB
MemAvailable:    8095504 kB
Buffers:            6308 kB
Cached:          1635784 kB
SwapCached:            0 kB
Active:          1527172 kB
Inactive:        1351284 kB
Active(anon):    1243516 kB
Inactive(anon):    22348 kB
Active(file):     283656 kB
Inactive(file):  1328936 kB
Unevictable:        5864 kB
Mlocked:            5864 kB
SwapTotal:       3145724 kB
SwapFree:        3145724 kB
Dirty:               340 kB
Writeback:             0 kB
AnonPages:       1242256 kB
Mapped:           807612 kB
Shmem:             24668 kB
KReclaimable:     698096 kB
Slab:             204528 kB
SReclaimable:      67616 kB
SUnreclaim:       136912 kB
KernelStack:       42352 kB
PageTables:        56764 kB
NFS_Unstable:          0 kB
Bounce:                0 kB
WritebackTmp:          0 kB
CommitLimit:     9202296 kB
Committed_AS:   57807124 kB
VmallocTotal:   263061440 kB
VmallocUsed:       99200 kB
VmallocChunk:          0 kB
Percpu:             7616 kB
CmaTotal:         294912 kB
CmaFree:               0 kB
MemTotal:       12113144 kB
MemFree:         6653120 kB
MemAvailable:    8095104 kB
Buffers:            6308 kB
Cached:          1635784 kB
SwapCached:            0 kB
Active:          1527816 kB
Inactive:        1351284 kB
Active(anon):    1244160 kB
Inactive(anon):    22348 kB
Active(file):     283656 kB
Inactive(file):  1328936 kB
Unevictable:        5864 kB
Mlocked:            5864 kB
SwapTotal:       3145724 kB
SwapFree:        3145724 kB
Dirty:               340 kB
Writeback:             0 kB
AnonPages:       1242912 kB
Mapped:           807876 kB
Shmem:             24668 kB
KReclaimable:     698096 kB
Slab:             204552 kB
SReclaimable:      67616 kB
SUnreclaim:       136936 kB
KernelStack:       42368 kB
PageTables:        56784 kB
NFS_Unstable:          0 kB
Bounce:                0 kB
WritebackTmp:          0 kB
CommitLimit:     9202296 kB
Committed_AS:   57806728 kB
VmallocTotal:   263061440 kB
VmallocUsed:       99200 kB
VmallocChunk:          0 kB
Percpu:             7616 kB
CmaTotal:         294912 kB
CmaFree:               0 kB
MemTotal:       12113144 kB
MemFree:         6652752 kB
MemAvailable:    8094728 kB
Buffers:            6308 kB
Cached:          1635780 kB
SwapCached:            0 kB
Active:          1528304 kB
Inactive:        1351228 kB
Active(anon):    1244600 kB
Inactive(anon):    22348 kB
Active(file):     283704 kB
Inactive(file):  1328880 kB
Unevictable:        5864 kB
Mlocked:            5864 kB
SwapTotal:       3145724 kB
SwapFree:        3145724 kB
Dirty:               372 kB
Writeback:             0 kB
AnonPages:       1242936 kB
Mapped:           807872 kB
Shmem:             24668 kB
KReclaimable:     698096 kB
Slab:             204560 kB
SReclaimable:      67616 kB
SUnreclaim:       136944 kB
KernelStack:       42320 kB
PageTables:        56764 kB
NFS_Unstable:          0 kB
Bounce:                0 kB
WritebackTmp:          0 kB
CommitLimit:     9202296 kB
Committed_AS:   57806992 kB
VmallocTotal:   263061440 kB
VmallocUsed:       99200 kB
VmallocChunk:          0 kB
Percpu:             7616 kB
CmaTotal:         294912 kB
CmaFree:               0 kB
MemTotal:       12113144 kB
MemFree:         6652168 kB
MemAvailable:    8094152 kB
Buffers:            6308 kB
Cached:          1635784 kB
SwapCached:            0 kB
Active:          1528512 kB
Inactive:        1351232 kB
Active(anon):    1244804 kB
Inactive(anon):    22348 kB
Active(file):     283708 kB
Inactive(file):  1328884 kB
Unevictable:        5864 kB
Mlocked:            5864 kB
SwapTotal:       3145724 kB
SwapFree:        3145724 kB
Dirty:               368 kB
Writeback:             0 kB
AnonPages:       1243836 kB
Mapped:           807700 kB
Shmem:             24668 kB
KReclaimable:     698096 kB
Slab:             204560 kB
SReclaimable:      67616 kB
SUnreclaim:       136944 kB
KernelStack:       42352 kB
PageTables:        56732 kB
NFS_Unstable:          0 kB
Bounce:                0 kB
WritebackTmp:          0 kB
CommitLimit:     9202296 kB
Committed_AS:   57806720 kB
VmallocTotal:   263061440 kB
VmallocUsed:       99184 kB
VmallocChunk:          0 kB
Percpu:             7616 kB
CmaTotal:         294912 kB
CmaFree:               0 kB
MemTotal:       12113144 kB
MemFree:         6652172 kB
MemAvailable:    8094156 kB
Buffers:            6308 kB
Cached:          1635784 kB
SwapCached:            0 kB
Active:          1528872 kB
Inactive:        1351232 kB
Active(anon):    1245164 kB
Inactive(anon):    22348 kB
Active(file):     283708 kB
Inactive(file):  1328884 kB
Unevictable:        5864 kB
Mlocked:            5864 kB
SwapTotal:       3145724 kB
SwapFree:        3145724 kB
Dirty:               308 kB
Writeback:            60 kB
AnonPages:       1243952 kB
Mapped:           807876 kB
Shmem:             24668 kB
KReclaimable:     698096 kB
Slab:             204560 kB
SReclaimable:      67616 kB
SUnreclaim:       136944 kB
KernelStack:       42336 kB
PageTables:        56916 kB
NFS_Unstable:          0 kB
Bounce:                0 kB
WritebackTmp:          0 kB
CommitLimit:     9202296 kB
Committed_AS:   57801104 kB
VmallocTotal:   263061440 kB
VmallocUsed:       99168 kB
VmallocChunk:          0 kB
Percpu:             7616 kB
CmaTotal:         294912 kB
CmaFree:               0 kB
MemTotal:       12113144 kB
MemFree:         6651820 kB
MemAvailable:    8093796 kB
Buffers:            6308 kB
Cached:          1635776 kB
SwapCached:            0 kB
Active:          1529108 kB
Inactive:        1351228 kB
Active(anon):    1245404 kB
Inactive(anon):    22348 kB
Active(file):     283704 kB
Inactive(file):  1328880 kB
Unevictable:        5864 kB
Mlocked:            5864 kB
SwapTotal:       3145724 kB
SwapFree:        3145724 kB
Dirty:               304 kB
Writeback:             0 kB
AnonPages:       1244312 kB
Mapped:           807616 kB
Shmem:             24668 kB
KReclaimable:     698096 kB
Slab:             204560 kB
SReclaimable:      67616 kB
SUnreclaim:       136944 kB
KernelStack:       42336 kB
PageTables:        56776 kB
NFS_Unstable:          0 kB
Bounce:                0 kB
WritebackTmp:          0 kB
CommitLimit:     9202296 kB
Committed_AS:   57801428 kB
VmallocTotal:   263061440 kB
VmallocUsed:       99216 kB
VmallocChunk:          0 kB
Percpu:             7616 kB
CmaTotal:         294912 kB
CmaFree:               0 kB
MemTotal:       12113144 kB
MemFree:         6651288 kB
MemAvailable:    8093272 kB
Buffers:            6308 kB
Cached:          1635784 kB
SwapCached:            0 kB
Active:          1530004 kB
Inactive:        1351232 kB
Active(anon):    1246296 kB
Inactive(anon):    22348 kB
Active(file):     283708 kB
Inactive(file):  1328884 kB
Unevictable:        5864 kB
Mlocked:            5864 kB
SwapTotal:       3145724 kB
SwapFree:        3145724 kB
Dirty:               320 kB
Writeback:             0 kB
AnonPages:       1244760 kB
Mapped:           807612 kB
Shmem:             24668 kB
KReclaimable:     698096 kB
Slab:             204560 kB
SReclaimable:      67616 kB
SUnreclaim:       136944 kB
KernelStack:       42336 kB
PageTables:        56776 kB
NFS_Unstable:          0 kB
Bounce:                0 kB
WritebackTmp:          0 kB
CommitLimit:     9202296 kB
Committed_AS:   57801040 kB
VmallocTotal:   263061440 kB
VmallocUsed:       99200 kB
VmallocChunk:          0 kB
Percpu:             7616 kB
CmaTotal:         294912 kB
CmaFree:               0 kB
MemTotal:       12113144 kB
MemFree:         6652008 kB
MemAvailable:    8093992 kB
Buffers:            6308 kB
Cached:          1635784 kB
SwapCached:            0 kB
Active:          1529656 kB
Inactive:        1351232 kB
Active(anon):    1245948 kB
Inactive(anon):    22348 kB
Active(file):     283708 kB
Inactive(file):  1328884 kB
Unevictable:        5864 kB
Mlocked:            5864 kB
SwapTotal:       3145724 kB
SwapFree:        3145724 kB
Dirty:               344 kB
Writeback:             0 kB
AnonPages:       1244676 kB
Mapped:           807676 kB
Shmem:             24668 kB
KReclaimable:     698096 kB
Slab:             204560 kB
SReclaimable:      67616 kB
SUnreclaim:       136944 kB
KernelStack:       42384 kB
PageTables:        56820 kB
NFS_Unstable:          0 kB
Bounce:                0 kB
WritebackTmp:          0 kB
CommitLimit:     9202296 kB
Committed_AS:   57805908 kB
VmallocTotal:   263061440 kB
VmallocUsed:       99200 kB
VmallocChunk:          0 kB
Percpu:             7616 kB
CmaTotal:         294912 kB
CmaFree:               0 kB
MemTotal:       12113144 kB
MemFree:         6651568 kB
MemAvailable:    8093552 kB
Buffers:            6308 kB
Cached:          1635784 kB
SwapCached:            0 kB
Active:          1528240 kB
Inactive:        1351232 kB
Active(anon):    1244532 kB
Inactive(anon):    22348 kB
Active(file):     283708 kB
Inactive(file):  1328884 kB
Unevictable:        5864 kB
Mlocked:            5864 kB
SwapTotal:       3145724 kB
SwapFree:        3145724 kB
Dirty:               388 kB
Writeback:             0 kB
AnonPages:       1243308 kB
Mapped:           807872 kB
Shmem:             24668 kB
KReclaimable:     698096 kB
Slab:             204556 kB
SReclaimable:      67616 kB
SUnreclaim:       136940 kB
KernelStack:       42336 kB
PageTables:        56768 kB
NFS_Unstable:          0 kB
Bounce:                0 kB
WritebackTmp:          0 kB
CommitLimit:     9202296 kB
Committed_AS:   57811340 kB
VmallocTotal:   263061440 kB
VmallocUsed:       99232 kB
VmallocChunk:          0 kB
Percpu:             7616 kB
CmaTotal:         294912 kB
CmaFree:               0 kB
MemTotal:       12113144 kB
MemFree:         6651536 kB
MemAvailable:    8093520 kB
Buffers:            6308 kB
Cached:          1635784 kB
SwapCached:            0 kB
Active:          1528940 kB
Inactive:        1351232 kB
Active(anon):    1245232 kB
Inactive(anon):    22348 kB
Active(file):     283708 kB
Inactive(file):  1328884 kB
Unevictable:        5864 kB
Mlocked:            5864 kB
SwapTotal:       3145724 kB
SwapFree:        3145724 kB
Dirty:               316 kB
Writeback:             0 kB
AnonPages:       1244224 kB
Mapped:           807872 kB
Shmem:             24668 kB
KReclaimable:     698096 kB
Slab:             204572 kB
SReclaimable:      67616 kB
SUnreclaim:       136956 kB
KernelStack:       42352 kB
PageTables:        56764 kB
NFS_Unstable:          0 kB
Bounce:                0 kB
WritebackTmp:          0 kB
CommitLimit:     9202296 kB
Committed_AS:   57810996 kB
VmallocTotal:   263061440 kB
VmallocUsed:       99248 kB
VmallocChunk:          0 kB
Percpu:             7616 kB
CmaTotal:         294912 kB
CmaFree:               0 kB
MemTotal:       12113144 kB
MemFree:         6651544 kB
MemAvailable:    8093528 kB
Buffers:            6308 kB
Cached:          1635784 kB
SwapCached:            0 kB
Active:          1529124 kB
Inactive:        1351232 kB
Active(anon):    1245416 kB
Inactive(anon):    22348 kB
Active(file):     283708 kB
Inactive(file):  1328884 kB
Unevictable:        5864 kB
Mlocked:            5864 kB
SwapTotal:       3145724 kB
SwapFree:        3145724 kB
Dirty:               316 kB
Writeback:             0 kB
AnonPages:       1244232 kB
Mapped:           807944 kB
Shmem:             24668 kB
KReclaimable:     698096 kB
Slab:             204556 kB
SReclaimable:      67616 kB
SUnreclaim:       136940 kB
KernelStack:       42368 kB
PageTables:        56824 kB
NFS_Unstable:          0 kB
Bounce:                0 kB
WritebackTmp:          0 kB
CommitLimit:     9202296 kB
Committed_AS:   57811260 kB
VmallocTotal:   263061440 kB
VmallocUsed:       99248 kB
VmallocChunk:          0 kB
Percpu:             7616 kB
CmaTotal:         294912 kB
CmaFree:               0 kB
MemTotal:       12113144 kB
MemFree:         6659316 kB
MemAvailable:    8101300 kB
Buffers:            6308 kB
Cached:          1635784 kB
SwapCached:            0 kB
Active:          1520448 kB
Inactive:        1351232 kB
Active(anon):    1236740 kB
Inactive(anon):    22348 kB
Active(file):     283708 kB
Inactive(file):  1328884 kB
Unevictable:        5864 kB
Mlocked:            5864 kB
SwapTotal:       3145724 kB
SwapFree:        3145724 kB
Dirty:               316 kB
Writeback:             0 kB
AnonPages:       1235612 kB
Mapped:           807872 kB
Shmem:             24668 kB
KReclaimable:     698096 kB
Slab:             204556 kB
SReclaimable:      67616 kB
SUnreclaim:       136940 kB
KernelStack:       42352 kB
PageTables:        56764 kB
NFS_Unstable:          0 kB
Bounce:                0 kB
WritebackTmp:          0 kB
CommitLimit:     9202296 kB
Committed_AS:   57810820 kB
VmallocTotal:   263061440 kB
VmallocUsed:       99232 kB
VmallocChunk:          0 kB
Percpu:             7616 kB
CmaTotal:         294912 kB
CmaFree:               0 kB
MemTotal:       12113144 kB
MemFree:         6659720 kB
MemAvailable:    8101704 kB
Buffers:            6312 kB
Cached:          1635780 kB
SwapCached:            0 kB
Active:          1520448 kB
Inactive:        1351232 kB
Active(anon):    1236740 kB
Inactive(anon):    22348 kB
Active(file):     283708 kB
Inactive(file):  1328884 kB
Unevictable:        5864 kB
Mlocked:            5864 kB
SwapTotal:       3145724 kB
SwapFree:        3145724 kB
Dirty:               316 kB
Writeback:             0 kB
AnonPages:       1235832 kB
Mapped:           807872 kB
Shmem:             24668 kB
KReclaimable:     698096 kB
Slab:             204556 kB
SReclaimable:      67616 kB
SUnreclaim:       136940 kB
KernelStack:       42352 kB
PageTables:        56768 kB
NFS_Unstable:          0 kB
Bounce:                0 kB
WritebackTmp:          0 kB
CommitLimit:     9202296 kB
Committed_AS:   57810600 kB
VmallocTotal:   263061440 kB
VmallocUsed:       99200 kB
VmallocChunk:          0 kB
Percpu:             7616 kB
CmaTotal:         294912 kB
CmaFree:               0 kB
MemTotal:       12113144 kB
MemFree:         6658812 kB
MemAvailable:    8100808 kB
Buffers:            6312 kB
Cached:          1635792 kB
SwapCached:            0 kB
Active:          1521036 kB
Inactive:        1351240 kB
Active(anon):    1237324 kB
Inactive(anon):    22348 kB
Active(file):     283712 kB
Inactive(file):  1328892 kB
Unevictable:        5864 kB
Mlocked:            5864 kB
SwapTotal:       3145724 kB
SwapFree:        3145724 kB
Dirty:               308 kB
Writeback:             0 kB
AnonPages:       1236132 kB
Mapped:           807872 kB
Shmem:             24668 kB
KReclaimable:     698096 kB
Slab:             204564 kB
SReclaimable:      67616 kB
SUnreclaim:       136948 kB
KernelStack:       42352 kB
PageTables:        56768 kB
NFS_Unstable:          0 kB
Bounce:                0 kB
WritebackTmp:          0 kB
CommitLimit:     9202296 kB
Committed_AS:   57810380 kB
VmallocTotal:   263061440 kB
VmallocUsed:       99200 kB
VmallocChunk:          0 kB
Percpu:             7616 kB
CmaTotal:         294912 kB
CmaFree:               0 kB
MemTotal:       12113144 kB
MemFree:         6658556 kB
MemAvailable:    8100552 kB
Buffers:            6312 kB
Cached:          1635792 kB
SwapCached:            0 kB
Active:          1521180 kB
Inactive:        1351240 kB
Active(anon):    1237468 kB
Inactive(anon):    22348 kB
Active(file):     283712 kB
Inactive(file):  1328892 kB
Unevictable:        5864 kB
Mlocked:            5864 kB
SwapTotal:       3145724 kB
SwapFree:        3145724 kB
Dirty:               308 kB
Writeback:             0 kB
AnonPages:       1236344 kB
Mapped:           807612 kB
Shmem:             24668 kB
KReclaimable:     698096 kB
Slab:             204556 kB
SReclaimable:      67616 kB
SUnreclaim:       136940 kB
KernelStack:       42352 kB
PageTables:        56768 kB
NFS_Unstable:          0 kB
Bounce:                0 kB
WritebackTmp:          0 kB
CommitLimit:     9202296 kB
Committed_AS:   57810028 kB
VmallocTotal:   263061440 kB
VmallocUsed:       99184 kB
VmallocChunk:          0 kB
Percpu:             7616 kB
CmaTotal:         294912 kB
CmaFree:               0 kB
MemTotal:       12113144 kB
MemFree:         6658976 kB
MemAvailable:    8100972 kB
Buffers:            6312 kB
Cached:          1635792 kB
SwapCached:            0 kB
Active:          1521664 kB
Inactive:        1351240 kB
Active(anon):    1237952 kB
Inactive(anon):    22348 kB
Active(file):     283712 kB
Inactive(file):  1328892 kB
Unevictable:        5864 kB
Mlocked:            5864 kB
SwapTotal:       3145724 kB
SwapFree:        3145724 kB
Dirty:               300 kB
Writeback:             0 kB
AnonPages:       1236860 kB
Mapped:           807876 kB
Shmem:             24668 kB
KReclaimable:     698096 kB
Slab:             204564 kB
SReclaimable:      67616 kB
SUnreclaim:       136948 kB
KernelStack:       42352 kB
PageTables:        56776 kB
NFS_Unstable:          0 kB
Bounce:                0 kB
WritebackTmp:          0 kB
CommitLimit:     9202296 kB
Committed_AS:   57809808 kB
VmallocTotal:   263061440 kB
VmallocUsed:       99184 kB
VmallocChunk:          0 kB
Percpu:             7616 kB
CmaTotal:         294912 kB
CmaFree:               0 kB
MemTotal:       12113144 kB
MemFree:         6658560 kB
MemAvailable:    8100556 kB
Buffers:            6312 kB
Cached:          1635792 kB
SwapCached:            0 kB
Active:          1522264 kB
Inactive:        1351240 kB
Active(anon):    1238552 kB
Inactive(anon):    22348 kB
Active(file):     283712 kB
Inactive(file):  1328892 kB
Unevictable:        5864 kB
Mlocked:            5864 kB
SwapTotal:       3145724 kB
SwapFree:        3145724 kB
Dirty:               300 kB
Writeback:             0 kB
AnonPages:       1237428 kB
Mapped:           807872 kB
Shmem:             24668 kB
KReclaimable:     698096 kB
Slab:             204564 kB
SReclaimable:      67616 kB
SUnreclaim:       136948 kB
KernelStack:       42336 kB
PageTables:        56772 kB
NFS_Unstable:          0 kB
Bounce:                0 kB
WritebackTmp:          0 kB
CommitLimit:     9202296 kB
Committed_AS:   57809464 kB
VmallocTotal:   263061440 kB
VmallocUsed:       99200 kB
VmallocChunk:          0 kB
Percpu:             7616 kB
CmaTotal:         294912 kB
CmaFree:               0 kB
MemTotal:       12113144 kB
MemFree:         6658680 kB
MemAvailable:    8100676 kB
Buffers:            6312 kB
Cached:          1635792 kB
SwapCached:            0 kB
Active:          1522932 kB
Inactive:        1351240 kB
Active(anon):    1239220 kB
Inactive(anon):    22348 kB
Active(file):     283712 kB
Inactive(file):  1328892 kB
Unevictable:        5864 kB
Mlocked:            5864 kB
SwapTotal:       3145724 kB
SwapFree:        3145724 kB
Dirty:               316 kB
Writeback:             0 kB
AnonPages:       1238252 kB
Mapped:           807916 kB
Shmem:             24668 kB
KReclaimable:     698096 kB
Slab:             204556 kB
SReclaimable:      67616 kB
SUnreclaim:       136940 kB
KernelStack:       42336 kB
PageTables:        56768 kB
NFS_Unstable:          0 kB
Bounce:                0 kB
WritebackTmp:          0 kB
CommitLimit:     9202296 kB
Committed_AS:   57809832 kB
VmallocTotal:   263061440 kB
VmallocUsed:       99184 kB
VmallocChunk:          0 kB
Percpu:             7616 kB
CmaTotal:         294912 kB
CmaFree:               0 kB
MemTotal:       12113144 kB
MemFree:         6658524 kB
MemAvailable:    8100520 kB
Buffers:            6312 kB
Cached:          1635792 kB
SwapCached:            0 kB
Active:          1523588 kB
Inactive:        1351240 kB
Active(anon):    1239876 kB
Inactive(anon):    22348 kB
Active(file):     283712 kB
Inactive(file):  1328892 kB
Unevictable:        5864 kB
Mlocked:            5864 kB
SwapTotal:       3145724 kB
SwapFree:        3145724 kB
Dirty:               352 kB
Writeback:             0 kB
AnonPages:       1238736 kB
Mapped:           807916 kB
Shmem:             24668 kB
KReclaimable:     698096 kB
Slab:             204564 kB
SReclaimable:      67616 kB
SUnreclaim:       136948 kB
KernelStack:       42336 kB
PageTables:        56768 kB
NFS_Unstable:          0 kB
Bounce:                0 kB
WritebackTmp:          0 kB
CommitLimit:     9202296 kB
Committed_AS:   57809524 kB
VmallocTotal:   263061440 kB
VmallocUsed:       99184 kB
VmallocChunk:          0 kB
Percpu:             7616 kB
CmaTotal:         294912 kB
CmaFree:               0 kB
MemTotal:       12113144 kB
MemFree:         6657928 kB
MemAvailable:    8099924 kB
Buffers:            6312 kB
Cached:          1635792 kB
SwapCached:            0 kB
Active:          1524228 kB
Inactive:        1351240 kB
Active(anon):    1240516 kB
Inactive(anon):    22348 kB
Active(file):     283712 kB
Inactive(file):  1328892 kB
Unevictable:        5864 kB
Mlocked:            5864 kB
SwapTotal:       3145724 kB
SwapFree:        3145724 kB
Dirty:               360 kB
Writeback:             0 kB
AnonPages:       1239416 kB
Mapped:           807920 kB
Shmem:             24668 kB
KReclaimable:     698096 kB
Slab:             204548 kB
SReclaimable:      67616 kB
SUnreclaim:       136932 kB
KernelStack:       42352 kB
PageTables:        56908 kB
NFS_Unstable:          0 kB
Bounce:                0 kB
WritebackTmp:          0 kB
CommitLimit:     9202296 kB
Committed_AS:   57808932 kB
VmallocTotal:   263061440 kB
VmallocUsed:       99184 kB
VmallocChunk:          0 kB
Percpu:             7616 kB
CmaTotal:         294912 kB
CmaFree:               0 kB
MemTotal:       12113144 kB
MemFree:         6656772 kB
MemAvailable:    8098768 kB
Buffers:            6312 kB
Cached:          1635792 kB
SwapCached:            0 kB
Active:          1524132 kB
Inactive:        1351240 kB
Active(anon):    1240420 kB
Inactive(anon):    22348 kB
Active(file):     283712 kB
Inactive(file):  1328892 kB
Unevictable:        5864 kB
Mlocked:            5864 kB
SwapTotal:       3145724 kB
SwapFree:        3145724 kB
Dirty:               352 kB
Writeback:             0 kB
AnonPages:       1239404 kB
Mapped:           807916 kB
Shmem:             24668 kB
KReclaimable:     698096 kB
Slab:             204580 kB
SReclaimable:      67616 kB
SUnreclaim:       136964 kB
KernelStack:       42320 kB
PageTables:        56768 kB
NFS_Unstable:          0 kB
Bounce:                0 kB
WritebackTmp:          0 kB
CommitLimit:     9202296 kB
Committed_AS:   57814516 kB
VmallocTotal:   263061440 kB
VmallocUsed:       99168 kB
VmallocChunk:          0 kB
Percpu:             7616 kB
CmaTotal:         294912 kB
CmaFree:               0 kB
MemTotal:       12113144 kB
MemFree:         6657264 kB
MemAvailable:    8099260 kB
Buffers:            6312 kB
Cached:          1635792 kB
SwapCached:            0 kB
Active:          1524688 kB
Inactive:        1351240 kB
Active(anon):    1240976 kB
Inactive(anon):    22348 kB
Active(file):     283712 kB
Inactive(file):  1328892 kB
Unevictable:        5864 kB
Mlocked:            5864 kB
SwapTotal:       3145724 kB
SwapFree:        3145724 kB
Dirty:               352 kB
Writeback:             0 kB
AnonPages:       1239792 kB
Mapped:           807916 kB
Shmem:             24668 kB
KReclaimable:     698096 kB
Slab:             204564 kB
SReclaimable:      67616 kB
SUnreclaim:       136948 kB
KernelStack:       42320 kB
PageTables:        56768 kB
NFS_Unstable:          0 kB
Bounce:                0 kB
WritebackTmp:          0 kB
CommitLimit:     9202296 kB
Committed_AS:   57814384 kB
VmallocTotal:   263061440 kB
VmallocUsed:       99168 kB
VmallocChunk:          0 kB
Percpu:             7616 kB
CmaTotal:         294912 kB
CmaFree:               0 kB
MemTotal:       12113144 kB
MemFree:         6656252 kB
MemAvailable:    8098256 kB
Buffers:            6312 kB
Cached:          1635800 kB
SwapCached:            0 kB
Active:          1525632 kB
Inactive:        1351248 kB
Active(anon):    1241920 kB
Inactive(anon):    22348 kB
Active(file):     283712 kB
Inactive(file):  1328900 kB
Unevictable:        5864 kB
Mlocked:            5864 kB
SwapTotal:       3145724 kB
SwapFree:        3145724 kB
Dirty:               368 kB
Writeback:             4 kB
AnonPages:       1240688 kB
Mapped:           807944 kB
Shmem:             24668 kB
KReclaimable:     698096 kB
Slab:             204540 kB
SReclaimable:      67616 kB
SUnreclaim:       136924 kB
KernelStack:       42288 kB
PageTables:        56768 kB
NFS_Unstable:          0 kB
Bounce:                0 kB
WritebackTmp:          0 kB
CommitLimit:     9202296 kB
Committed_AS:   57813944 kB
VmallocTotal:   263061440 kB
VmallocUsed:       99136 kB
VmallocChunk:          0 kB
Percpu:             7616 kB
CmaTotal:         294912 kB
CmaFree:               0 kB
MemTotal:       12113144 kB
MemFree:         6665888 kB
MemAvailable:    8107888 kB
Buffers:            6312 kB
Cached:          1635796 kB
SwapCached:            0 kB
Active:          1514836 kB
Inactive:        1351244 kB
Active(anon):    1231124 kB
Inactive(anon):    22348 kB
Active(file):     283712 kB
Inactive(file):  1328896 kB
Unevictable:        5864 kB
Mlocked:            5864 kB
SwapTotal:       3145724 kB
SwapFree:        3145724 kB
Dirty:               376 kB
Writeback:             0 kB
AnonPages:       1229984 kB
Mapped:           807692 kB
Shmem:             24668 kB
KReclaimable:     698096 kB
Slab:             204556 kB
SReclaimable:      67616 kB
SUnreclaim:       136940 kB
KernelStack:       42288 kB
PageTables:        56772 kB
NFS_Unstable:          0 kB
Bounce:                0 kB
WritebackTmp:          0 kB
CommitLimit:     9202296 kB
Committed_AS:   57813864 kB
VmallocTotal:   263061440 kB
VmallocUsed:       99168 kB
VmallocChunk:          0 kB
Percpu:             7616 kB
CmaTotal:         294912 kB
CmaFree:               0 kB
MemTotal:       12113144 kB
MemFree:         6666424 kB
MemAvailable:    8108424 kB
Buffers:            6312 kB
Cached:          1635796 kB
SwapCached:            0 kB
Active:          1515436 kB
Inactive:        1351244 kB
Active(anon):    1231724 kB
Inactive(anon):    22348 kB
Active(file):     283712 kB
Inactive(file):  1328896 kB
Unevictable:        5864 kB
Mlocked:            5864 kB
SwapTotal:       3145724 kB
SwapFree:        3145724 kB
Dirty:               376 kB
Writeback:             0 kB
AnonPages:       1230468 kB
Mapped:           807952 kB
Shmem:             24668 kB
KReclaimable:     698096 kB
Slab:             204548 kB
SReclaimable:      67616 kB
SUnreclaim:       136932 kB
KernelStack:       42288 kB
PageTables:        56768 kB
NFS_Unstable:          0 kB
Bounce:                0 kB
WritebackTmp:          0 kB
CommitLimit:     9202296 kB
Committed_AS:   57813820 kB
VmallocTotal:   263061440 kB
VmallocUsed:       99200 kB
VmallocChunk:          0 kB
Percpu:             7616 kB
CmaTotal:         294912 kB
CmaFree:               4 kB
MemTotal:       12113144 kB
MemFree:         6664732 kB
MemAvailable:    8106720 kB
Buffers:            6312 kB
Cached:          1635784 kB
SwapCached:            0 kB
Active:          1515916 kB
Inactive:        1351236 kB
Active(anon):    1232208 kB
Inactive(anon):    22348 kB
Active(file):     283708 kB
Inactive(file):  1328888 kB
Unevictable:        5864 kB
Mlocked:            5864 kB
SwapTotal:       3145724 kB
SwapFree:        3145724 kB
Dirty:               296 kB
Writeback:             0 kB
AnonPages:       1230928 kB
Mapped:           807952 kB
Shmem:             24668 kB
KReclaimable:     698096 kB
Slab:             204572 kB
SReclaimable:      67616 kB
SUnreclaim:       136956 kB
KernelStack:       42288 kB
PageTables:        56760 kB
NFS_Unstable:          0 kB
Bounce:                0 kB
WritebackTmp:          0 kB
CommitLimit:     9202296 kB
Committed_AS:   57813900 kB
VmallocTotal:   263061440 kB
VmallocUsed:       99184 kB
VmallocChunk:          0 kB
Percpu:             7616 kB
CmaTotal:         294912 kB
CmaFree:               0 kB
MemTotal:       12113144 kB
MemFree:         6665184 kB
MemAvailable:    8107184 kB
Buffers:            6312 kB
Cached:          1635796 kB
SwapCached:            0 kB
Active:          1515784 kB
Inactive:        1351244 kB
Active(anon):    1232072 kB
Inactive(anon):    22348 kB
Active(file):     283712 kB
Inactive(file):  1328896 kB
Unevictable:        5864 kB
Mlocked:            5864 kB
SwapTotal:       3145724 kB
SwapFree:        3145724 kB
Dirty:               304 kB
Writeback:             0 kB
AnonPages:       1230912 kB
Mapped:           807692 kB
Shmem:             24668 kB
KReclaimable:     698096 kB
Slab:             204524 kB
SReclaimable:      67616 kB
SUnreclaim:       136908 kB
KernelStack:       42288 kB
PageTables:        56768 kB
NFS_Unstable:          0 kB
Bounce:                0 kB
WritebackTmp:          0 kB
CommitLimit:     9202296 kB
Committed_AS:   57819316 kB
VmallocTotal:   263061440 kB
VmallocUsed:       99184 kB
VmallocChunk:          0 kB
Percpu:             7616 kB
CmaTotal:         294912 kB
CmaFree:               0 kB
MemTotal:       12113144 kB
MemFree:         6664320 kB
MemAvailable:    8106324 kB
Buffers:            6316 kB
Cached:          1635796 kB
SwapCached:            0 kB
Active:          1516892 kB
Inactive:        1351244 kB
Active(anon):    1233176 kB
Inactive(anon):    22348 kB
Active(file):     283716 kB
Inactive(file):  1328896 kB
Unevictable:        5864 kB
Mlocked:            5864 kB
SwapTotal:       3145724 kB
SwapFree:        3145724 kB
Dirty:               320 kB
Writeback:             0 kB
AnonPages:       1232044 kB
Mapped:           807884 kB
Shmem:             24668 kB
KReclaimable:     698096 kB
Slab:             204564 kB
SReclaimable:      67616 kB
SUnreclaim:       136948 kB
KernelStack:       42272 kB
PageTables:        56772 kB
NFS_Unstable:          0 kB
Bounce:                0 kB
WritebackTmp:          0 kB
CommitLimit:     9202296 kB
Committed_AS:   57819008 kB
VmallocTotal:   263061440 kB
VmallocUsed:       99184 kB
VmallocChunk:          0 kB
Percpu:             7616 kB
CmaTotal:         294912 kB
CmaFree:               0 kB
MemTotal:       12113144 kB
MemFree:         6663932 kB
MemAvailable:    8105948 kB
Buffers:            6316 kB
Cached:          1635808 kB
SwapCached:            0 kB
Active:          1517424 kB
Inactive:        1351256 kB
Active(anon):    1233708 kB
Inactive(anon):    22348 kB
Active(file):     283716 kB
Inactive(file):  1328908 kB
Unevictable:        5864 kB
Mlocked:            5864 kB
SwapTotal:       3145724 kB
SwapFree:        3145724 kB
Dirty:               308 kB
Writeback:             0 kB
AnonPages:       1232432 kB
Mapped:           807952 kB
Shmem:             24668 kB
KReclaimable:     698096 kB
Slab:             204556 kB
SReclaimable:      67616 kB
SUnreclaim:       136940 kB
KernelStack:       42288 kB
PageTables:        56768 kB
NFS_Unstable:          0 kB
Bounce:                0 kB
WritebackTmp:          0 kB
CommitLimit:     9202296 kB
Committed_AS:   57818832 kB
VmallocTotal:   263061440 kB
VmallocUsed:       99184 kB
VmallocChunk:          0 kB
Percpu:             7616 kB
CmaTotal:         294912 kB
CmaFree:               0 kB
MemTotal:       12113144 kB
MemFree:         6663724 kB
MemAvailable:    8105736 kB
Buffers:            6316 kB
Cached:          1635804 kB
SwapCached:            0 kB
Active:          1517660 kB
Inactive:        1351256 kB
Active(anon):    1233948 kB
Inactive(anon):    22348 kB
Active(file):     283712 kB
Inactive(file):  1328908 kB
Unevictable:        5864 kB
Mlocked:            5864 kB
SwapTotal:       3145724 kB
SwapFree:        3145724 kB
Dirty:               312 kB
Writeback:             0 kB
AnonPages:       1232676 kB
Mapped:           807692 kB
Shmem:             24668 kB
KReclaimable:     698096 kB
Slab:             204564 kB
SReclaimable:      67616 kB
SUnreclaim:       136948 kB
KernelStack:       42288 kB
PageTables:        56768 kB
NFS_Unstable:          0 kB
Bounce:                0 kB
WritebackTmp:          0 kB
CommitLimit:     9202296 kB
Committed_AS:   57818612 kB
VmallocTotal:   263061440 kB
VmallocUsed:       99200 kB
VmallocChunk:          0 kB
Percpu:             7616 kB
CmaTotal:         294912 kB
CmaFree:               0 kB
MemTotal:       12113144 kB
MemFree:         6663136 kB
MemAvailable:    8105152 kB
Buffers:            6316 kB
Cached:          1635808 kB
SwapCached:            0 kB
Active:          1518292 kB
Inactive:        1351256 kB
Active(anon):    1234576 kB
Inactive(anon):    22348 kB
Active(file):     283716 kB
Inactive(file):  1328908 kB
Unevictable:        5864 kB
Mlocked:            5864 kB
SwapTotal:       3145724 kB
SwapFree:        3145724 kB
Dirty:               308 kB
Writeback:             0 kB
AnonPages:       1233512 kB
Mapped:           807952 kB
Shmem:             24668 kB
KReclaimable:     698096 kB
Slab:             204556 kB
SReclaimable:      67616 kB
SUnreclaim:       136940 kB
KernelStack:       42304 kB
PageTables:        56904 kB
NFS_Unstable:          0 kB
Bounce:                0 kB
WritebackTmp:          0 kB
CommitLimit:     9202296 kB
Committed_AS:   57813128 kB
VmallocTotal:   263061440 kB
VmallocUsed:       99184 kB
VmallocChunk:          0 kB
Percpu:             7616 kB
CmaTotal:         294912 kB
CmaFree:               0 kB
MemTotal:       12113144 kB
MemFree:         6662780 kB
MemAvailable:    8104808 kB
Buffers:            6316 kB
Cached:          1635820 kB
SwapCached:            0 kB
Active:          1517804 kB
Inactive:        1351264 kB
Active(anon):    1234084 kB
Inactive(anon):    22348 kB
Active(file):     283720 kB
Inactive(file):  1328916 kB
Unevictable:        5864 kB
Mlocked:            5864 kB
SwapTotal:       3145724 kB
SwapFree:        3145724 kB
Dirty:               312 kB
Writeback:             0 kB
AnonPages:       1232356 kB
Mapped:           807692 kB
Shmem:             24668 kB
KReclaimable:     698096 kB
Slab:             204564 kB
SReclaimable:      67616 kB
SUnreclaim:       136948 kB
KernelStack:       42304 kB
PageTables:        56768 kB
NFS_Unstable:          0 kB
Bounce:                0 kB
WritebackTmp:          0 kB
CommitLimit:     9202296 kB
Committed_AS:   57812996 kB
VmallocTotal:   263061440 kB
VmallocUsed:       99168 kB
VmallocChunk:          0 kB
Percpu:             7616 kB
CmaTotal:         294912 kB
CmaFree:               0 kB
MemTotal:       12113144 kB
MemFree:         6662944 kB
MemAvailable:    8104960 kB
Buffers:            6316 kB
Cached:          1635808 kB
SwapCached:            0 kB
Active:          1517688 kB
Inactive:        1351256 kB
Active(anon):    1233972 kB
Inactive(anon):    22348 kB
Active(file):     283716 kB
Inactive(file):  1328908 kB
Unevictable:        5864 kB
Mlocked:            5864 kB
SwapTotal:       3145724 kB
SwapFree:        3145724 kB
Dirty:               308 kB
Writeback:             0 kB
AnonPages:       1232432 kB
Mapped:           807952 kB
Shmem:             24668 kB
KReclaimable:     698096 kB
Slab:             204580 kB
SReclaimable:      67616 kB
SUnreclaim:       136964 kB
KernelStack:       42304 kB
PageTables:        56780 kB
NFS_Unstable:          0 kB
Bounce:                0 kB
WritebackTmp:          0 kB
CommitLimit:     9202296 kB
Committed_AS:   57812644 kB
VmallocTotal:   263061440 kB
VmallocUsed:       99168 kB
VmallocChunk:          0 kB
Percpu:             7616 kB
CmaTotal:         294912 kB
CmaFree:               8 kB
MemTotal:       12113144 kB
MemFree:         6663364 kB
MemAvailable:    8105380 kB
Buffers:            6316 kB
Cached:          1635808 kB
SwapCached:            0 kB
Active:          1517784 kB
Inactive:        1351256 kB
Active(anon):    1234068 kB
Inactive(anon):    22348 kB
Active(file):     283716 kB
Inactive(file):  1328908 kB
Unevictable:        5864 kB
Mlocked:            5864 kB
SwapTotal:       3145724 kB
SwapFree:        3145724 kB
Dirty:               308 kB
Writeback:             0 kB
AnonPages:       1232880 kB
Mapped:           807692 kB
Shmem:             24668 kB
KReclaimable:     698096 kB
Slab:             204572 kB
SReclaimable:      67616 kB
SUnreclaim:       136956 kB
KernelStack:       42304 kB
PageTables:        56768 kB
NFS_Unstable:          0 kB
Bounce:                0 kB
WritebackTmp:          0 kB
CommitLimit:     9202296 kB
Committed_AS:   57812380 kB
VmallocTotal:   263061440 kB
VmallocUsed:       99168 kB
VmallocChunk:          0 kB
Percpu:             7616 kB
CmaTotal:         294912 kB
CmaFree:               0 kB
MemTotal:       12113144 kB
MemFree:         6662544 kB
MemAvailable:    8104560 kB
Buffers:            6316 kB
Cached:          1635808 kB
SwapCached:            0 kB
Active:          1517888 kB
Inactive:        1351256 kB
Active(anon):    1234172 kB
Inactive(anon):    22348 kB
Active(file):     283716 kB
Inactive(file):  1328908 kB
Unevictable:        5864 kB
Mlocked:            5864 kB
SwapTotal:       3145724 kB
SwapFree:        3145724 kB
Dirty:               308 kB
Writeback:             0 kB
AnonPages:       1233072 kB
Mapped:           807952 kB
Shmem:             24668 kB
KReclaimable:     698096 kB
Slab:             204572 kB
SReclaimable:      67616 kB
SUnreclaim:       136956 kB
KernelStack:       42304 kB
PageTables:        56768 kB
NFS_Unstable:          0 kB
Bounce:                0 kB
WritebackTmp:          0 kB
CommitLimit:     9202296 kB
Committed_AS:   57812020 kB
VmallocTotal:   263061440 kB
VmallocUsed:       99168 kB
VmallocChunk:          0 kB
Percpu:             7616 kB
CmaTotal:         294912 kB
CmaFree:               0 kB
MemTotal:       12113144 kB
MemFree:         6661724 kB
MemAvailable:    8103740 kB
Buffers:            6316 kB
Cached:          1635808 kB
SwapCached:            0 kB
Active:          1518852 kB
Inactive:        1351256 kB
Active(anon):    1235136 kB
Inactive(anon):    22348 kB
Active(file):     283716 kB
Inactive(file):  1328908 kB
Unevictable:        5864 kB
Mlocked:            5864 kB
SwapTotal:       3145724 kB
SwapFree:        3145724 kB
Dirty:               308 kB
Writeback:             0 kB
AnonPages:       1234140 kB
Mapped:           807952 kB
Shmem:             24668 kB
KReclaimable:     698096 kB
Slab:             204572 kB
SReclaimable:      67616 kB
SUnreclaim:       136956 kB
KernelStack:       42304 kB
PageTables:        56768 kB
NFS_Unstable:          0 kB
Bounce:                0 kB
WritebackTmp:          0 kB
CommitLimit:     9202296 kB
Committed_AS:   57812124 kB
VmallocTotal:   263061440 kB
VmallocUsed:       99152 kB
VmallocChunk:          0 kB
Percpu:             7616 kB
CmaTotal:         294912 kB
CmaFree:               0 kB
MemTotal:       12113144 kB
MemFree:         6661480 kB
MemAvailable:    8103496 kB
Buffers:            6316 kB
Cached:          1635808 kB
SwapCached:            0 kB
Active:          1519140 kB
Inactive:        1351256 kB
Active(anon):    1235424 kB
Inactive(anon):    22348 kB
Active(file):     283716 kB
Inactive(file):  1328908 kB
Unevictable:        5864 kB
Mlocked:            5864 kB
SwapTotal:       3145724 kB
SwapFree:        3145724 kB
Dirty:               308 kB
Writeback:             0 kB
AnonPages:       1234112 kB
Mapped:           807764 kB
Shmem:             24668 kB
KReclaimable:     698096 kB
Slab:             204564 kB
SReclaimable:      67616 kB
SUnreclaim:       136948 kB
KernelStack:       42320 kB
PageTables:        56824 kB
NFS_Unstable:          0 kB
Bounce:                0 kB
WritebackTmp:          0 kB
CommitLimit:     9202296 kB
Committed_AS:   57811912 kB
VmallocTotal:   263061440 kB
VmallocUsed:       99200 kB
VmallocChunk:          0 kB
Percpu:             7616 kB
CmaTotal:         294912 kB
CmaFree:               0 kB
MemTotal:       12113144 kB
MemFree:         6661504 kB
MemAvailable:    8103520 kB
Buffers:            6316 kB
Cached:          1635808 kB
SwapCached:            0 kB
Active:          1519496 kB
Inactive:        1351256 kB
Active(anon):    1235780 kB
Inactive(anon):    22348 kB
Active(file):     283716 kB
Inactive(file):  1328908 kB
Unevictable:        5864 kB
Mlocked:            5864 kB
SwapTotal:       3145724 kB
SwapFree:        3145724 kB
Dirty:               360 kB
Writeback:             0 kB
AnonPages:       1235068 kB
Mapped:           807952 kB
Shmem:             24668 kB
KReclaimable:     698096 kB
Slab:             204564 kB
SReclaimable:      67616 kB
SUnreclaim:       136948 kB
KernelStack:       42304 kB
PageTables:        56760 kB
NFS_Unstable:          0 kB
Bounce:                0 kB
WritebackTmp:          0 kB
CommitLimit:     9202296 kB
Committed_AS:   57811532 kB
VmallocTotal:   263061440 kB
VmallocUsed:       99184 kB
VmallocChunk:          0 kB
Percpu:             7616 kB
CmaTotal:         294912 kB
CmaFree:               0 kB
MemTotal:       12113144 kB
MemFree:         6661228 kB
MemAvailable:    8103244 kB
Buffers:            6316 kB
Cached:          1635812 kB
SwapCached:            0 kB
Active:          1520196 kB
Inactive:        1351260 kB
Active(anon):    1236480 kB
Inactive(anon):    22352 kB
Active(file):     283716 kB
Inactive(file):  1328908 kB
Unevictable:        5864 kB
Mlocked:            5864 kB
SwapTotal:       3145724 kB
SwapFree:        3145724 kB
Dirty:               360 kB
Writeback:             0 kB
AnonPages:       1235236 kB
Mapped:           807696 kB
Shmem:             24672 kB
KReclaimable:     698096 kB
Slab:             204564 kB
SReclaimable:      67616 kB
SUnreclaim:       136948 kB
KernelStack:       42304 kB
PageTables:        56768 kB
NFS_Unstable:          0 kB
Bounce:                0 kB
WritebackTmp:          0 kB
CommitLimit:     9202296 kB
Committed_AS:   57812040 kB
VmallocTotal:   263061440 kB
VmallocUsed:       99184 kB
VmallocChunk:          0 kB
Percpu:             7616 kB
CmaTotal:         294912 kB
CmaFree:               0 kB
MemTotal:       12113144 kB
MemFree:         6660092 kB
MemAvailable:    8102108 kB
Buffers:            6316 kB
Cached:          1635812 kB
SwapCached:            0 kB
Active:          1520500 kB
Inactive:        1351260 kB
Active(anon):    1236784 kB
Inactive(anon):    22352 kB
Active(file):     283716 kB
Inactive(file):  1328908 kB
Unevictable:        5864 kB
Mlocked:            5864 kB
SwapTotal:       3145724 kB
SwapFree:        3145724 kB
Dirty:               360 kB
Writeback:             0 kB
AnonPages:       1235456 kB
Mapped:           807956 kB
Shmem:             24672 kB
KReclaimable:     698096 kB
Slab:             204564 kB
SReclaimable:      67616 kB
SUnreclaim:       136948 kB
KernelStack:       42304 kB
PageTables:        56768 kB
NFS_Unstable:          0 kB
Bounce:                0 kB
WritebackTmp:          0 kB
CommitLimit:     9202296 kB
Committed_AS:   57806292 kB
VmallocTotal:   263061440 kB
VmallocUsed:       99168 kB
VmallocChunk:          0 kB
Percpu:             7616 kB
CmaTotal:         294912 kB
CmaFree:               0 kB
MemTotal:       12113144 kB
MemFree:         6660220 kB
MemAvailable:    8102236 kB
Buffers:            6316 kB
Cached:          1635812 kB
SwapCached:            0 kB
Active:          1520736 kB
Inactive:        1351260 kB
Active(anon):    1237020 kB
Inactive(anon):    22352 kB
Active(file):     283716 kB
Inactive(file):  1328908 kB
Unevictable:        5864 kB
Mlocked:            5864 kB
SwapTotal:       3145724 kB
SwapFree:        3145724 kB
Dirty:               320 kB
Writeback:             0 kB
AnonPages:       1236072 kB
Mapped:           807700 kB
Shmem:             24672 kB
KReclaimable:     698096 kB
Slab:             204564 kB
SReclaimable:      67616 kB
SUnreclaim:       136948 kB
KernelStack:       42320 kB
PageTables:        56772 kB
NFS_Unstable:          0 kB
Bounce:                0 kB
WritebackTmp:          0 kB
CommitLimit:     9202296 kB
Committed_AS:   57811292 kB
VmallocTotal:   263061440 kB
VmallocUsed:       99168 kB
VmallocChunk:          0 kB
Percpu:             7616 kB
CmaTotal:         294912 kB
CmaFree:               0 kB
MemTotal:       12113144 kB
MemFree:         6659488 kB
MemAvailable:    8101516 kB
Buffers:            6316 kB
Cached:          1635824 kB
SwapCached:            0 kB
Active:          1521548 kB
Inactive:        1351268 kB
Active(anon):    1237828 kB
Inactive(anon):    22352 kB
Active(file):     283720 kB
Inactive(file):  1328916 kB
Unevictable:        5864 kB
Mlocked:            5864 kB
SwapTotal:       3145724 kB
SwapFree:        3145724 kB
Dirty:               328 kB
Writeback:             0 kB
AnonPages:       1236704 kB
Mapped:           807704 kB
Shmem:             24672 kB
KReclaimable:     698096 kB
Slab:             204564 kB
SReclaimable:      67616 kB
SUnreclaim:       136948 kB
KernelStack:       42320 kB
PageTables:        56780 kB
NFS_Unstable:          0 kB
Bounce:                0 kB
WritebackTmp:          0 kB
CommitLimit:     9202296 kB
Committed_AS:   57810992 kB
VmallocTotal:   263061440 kB
VmallocUsed:       99152 kB
VmallocChunk:          0 kB
Percpu:             7616 kB
CmaTotal:         294912 kB
CmaFree:               0 kB
MemTotal:       12113144 kB
MemFree:         6659524 kB
MemAvailable:    8101548 kB
Buffers:            6320 kB
Cached:          1635812 kB
SwapCached:            0 kB
Active:          1522108 kB
Inactive:        1351260 kB
Active(anon):    1238388 kB
Inactive(anon):    22352 kB
Active(file):     283720 kB
Inactive(file):  1328908 kB
Unevictable:        5864 kB
Mlocked:            5864 kB
SwapTotal:       3145724 kB
SwapFree:        3145724 kB
Dirty:               320 kB
Writeback:             0 kB
AnonPages:       1237196 kB
Mapped:           807696 kB
Shmem:             24672 kB
KReclaimable:     698100 kB
Slab:             204568 kB
SReclaimable:      67620 kB
SUnreclaim:       136948 kB
KernelStack:       42320 kB
PageTables:        56780 kB
NFS_Unstable:          0 kB
Bounce:                0 kB
WritebackTmp:          0 kB
CommitLimit:     9202296 kB
Committed_AS:   57811212 kB
VmallocTotal:   263061440 kB
VmallocUsed:       99168 kB
VmallocChunk:          0 kB
Percpu:             7616 kB
CmaTotal:         294912 kB
CmaFree:               0 kB
MemTotal:       12113144 kB
MemFree:         6659496 kB
MemAvailable:    8101528 kB
Buffers:            6320 kB
Cached:          1635820 kB
SwapCached:            0 kB
Active:          1522572 kB
Inactive:        1351268 kB
Active(anon):    1238852 kB
Inactive(anon):    22352 kB
Active(file):     283720 kB
Inactive(file):  1328916 kB
Unevictable:        5864 kB
Mlocked:            5864 kB
SwapTotal:       3145724 kB
SwapFree:        3145724 kB
Dirty:               308 kB
Writeback:             0 kB
AnonPages:       1237772 kB
Mapped:           807960 kB
Shmem:             24672 kB
KReclaimable:     698100 kB
Slab:             204568 kB
SReclaimable:      67620 kB
SUnreclaim:       136948 kB
KernelStack:       42336 kB
PageTables:        56788 kB
NFS_Unstable:          0 kB
Bounce:                0 kB
WritebackTmp:          0 kB
CommitLimit:     9202296 kB
Committed_AS:   57810664 kB
VmallocTotal:   263061440 kB
VmallocUsed:       99168 kB
VmallocChunk:          0 kB
Percpu:             7616 kB
CmaTotal:         294912 kB
CmaFree:               0 kB
MemTotal:       12113144 kB
MemFree:         6658984 kB
MemAvailable:    8101016 kB
Buffers:            6320 kB
Cached:          1635820 kB
SwapCached:            0 kB
Active:          1522708 kB
Inactive:        1351268 kB
Active(anon):    1238988 kB
Inactive(anon):    22352 kB
Active(file):     283720 kB
Inactive(file):  1328916 kB
Unevictable:        5864 kB
Mlocked:            5864 kB
SwapTotal:       3145724 kB
SwapFree:        3145724 kB
Dirty:               308 kB
Writeback:             0 kB
AnonPages:       1237948 kB
Mapped:           807956 kB
Shmem:             24672 kB
KReclaimable:     698100 kB
Slab:             204576 kB
SReclaimable:      67620 kB
SUnreclaim:       136956 kB
KernelStack:       42320 kB
PageTables:        56772 kB
NFS_Unstable:          0 kB
Bounce:                0 kB
WritebackTmp:          0 kB
CommitLimit:     9202296 kB
Committed_AS:   57810312 kB
VmallocTotal:   263061440 kB
VmallocUsed:       99168 kB
VmallocChunk:          0 kB
Percpu:             7616 kB
CmaTotal:         294912 kB
CmaFree:               0 kB
MemTotal:       12113144 kB
MemFree:         6659408 kB
MemAvailable:    8101440 kB
Buffers:            6320 kB
Cached:          1635820 kB
SwapCached:            0 kB
Active:          1523164 kB
Inactive:        1351268 kB
Active(anon):    1239444 kB
Inactive(anon):    22352 kB
Active(file):     283720 kB
Inactive(file):  1328916 kB
Unevictable:        5864 kB
Mlocked:            5864 kB
SwapTotal:       3145724 kB
SwapFree:        3145724 kB
Dirty:               308 kB
Writeback:             0 kB
AnonPages:       1238228 kB
Mapped:           807756 kB
Shmem:             24672 kB
KReclaimable:     698100 kB
Slab:             204568 kB
SReclaimable:      67620 kB
SUnreclaim:       136948 kB
KernelStack:       42320 kB
PageTables:        56664 kB
NFS_Unstable:          0 kB
Bounce:                0 kB
WritebackTmp:          0 kB
CommitLimit:     9202296 kB
Committed_AS:   57804500 kB
VmallocTotal:   263061440 kB
VmallocUsed:       99168 kB
VmallocChunk:          0 kB
Percpu:             7616 kB
CmaTotal:         294912 kB
CmaFree:               0 kB
MemTotal:       12113144 kB
MemFree:         6658788 kB
MemAvailable:    8100808 kB
Buffers:            6320 kB
Cached:          1635808 kB
SwapCached:            0 kB
Active:          1523712 kB
Inactive:        1351260 kB
Active(anon):    1239996 kB
Inactive(anon):    22352 kB
Active(file):     283716 kB
Inactive(file):  1328908 kB
Unevictable:        5864 kB
Mlocked:            5864 kB
SwapTotal:       3145724 kB
SwapFree:        3145724 kB
Dirty:               300 kB
Writeback:             0 kB
AnonPages:       1238924 kB
Mapped:           807956 kB
Shmem:             24672 kB
KReclaimable:     698100 kB
Slab:             204576 kB
SReclaimable:      67620 kB
SUnreclaim:       136956 kB
KernelStack:       42320 kB
PageTables:        56772 kB
NFS_Unstable:          0 kB
Bounce:                0 kB
WritebackTmp:          0 kB
CommitLimit:     9202296 kB
Committed_AS:   57804456 kB
VmallocTotal:   263061440 kB
VmallocUsed:       99168 kB
VmallocChunk:          0 kB
Percpu:             7616 kB
CmaTotal:         294912 kB
CmaFree:               0 kB
MemTotal:       12113144 kB
MemFree:         6657532 kB
MemAvailable:    8099564 kB
Buffers:            6320 kB
Cached:          1635820 kB
SwapCached:            0 kB
Active:          1523560 kB
Inactive:        1351268 kB
Active(anon):    1239840 kB
Inactive(anon):    22352 kB
Active(file):     283720 kB
Inactive(file):  1328916 kB
Unevictable:        5864 kB
Mlocked:            5864 kB
SwapTotal:       3145724 kB
SwapFree:        3145724 kB
Dirty:               308 kB
Writeback:             0 kB
AnonPages:       1238808 kB
Mapped:           807956 kB
Shmem:             24672 kB
KReclaimable:     698100 kB
Slab:             204576 kB
SReclaimable:      67620 kB
SUnreclaim:       136956 kB
KernelStack:       42288 kB
PageTables:        56776 kB
NFS_Unstable:          0 kB
Bounce:                0 kB
WritebackTmp:          0 kB
CommitLimit:     9202296 kB
Committed_AS:   57809468 kB
VmallocTotal:   263061440 kB
VmallocUsed:       99152 kB
VmallocChunk:          0 kB
Percpu:             7616 kB
CmaTotal:         294912 kB
CmaFree:               0 kB
MemTotal:       12113144 kB
MemFree:         6657852 kB
MemAvailable:    8099884 kB
Buffers:            6320 kB
Cached:          1635820 kB
SwapCached:            0 kB
Active:          1524060 kB
Inactive:        1351268 kB
Active(anon):    1240340 kB
Inactive(anon):    22352 kB
Active(file):     283720 kB
Inactive(file):  1328916 kB
Unevictable:        5864 kB
Mlocked:            5864 kB
SwapTotal:       3145724 kB
SwapFree:        3145724 kB
Dirty:               316 kB
Writeback:             0 kB
AnonPages:       1239236 kB
Mapped:           807956 kB
Shmem:             24672 kB
KReclaimable:     698100 kB
Slab:             204584 kB
SReclaimable:      67620 kB
SUnreclaim:       136964 kB
KernelStack:       42304 kB
PageTables:        56756 kB
NFS_Unstable:          0 kB
Bounce:                0 kB
WritebackTmp:          0 kB
CommitLimit:     9202296 kB
Committed_AS:   57809116 kB
VmallocTotal:   263061440 kB
VmallocUsed:       99136 kB
VmallocChunk:          0 kB
Percpu:             7616 kB
CmaTotal:         294912 kB
CmaFree:               0 kB
MemTotal:       12113144 kB
MemFree:         6657376 kB
MemAvailable:    8099408 kB
Buffers:            6320 kB
Cached:          1635820 kB
SwapCached:            0 kB
Active:          1524328 kB
Inactive:        1351268 kB
Active(anon):    1240608 kB
Inactive(anon):    22352 kB
Active(file):     283720 kB
Inactive(file):  1328916 kB
Unevictable:        5864 kB
Mlocked:            5864 kB
SwapTotal:       3145724 kB
SwapFree:        3145724 kB
Dirty:               308 kB
Writeback:             0 kB
AnonPages:       1239536 kB
Mapped:           807956 kB
Shmem:             24672 kB
KReclaimable:     698100 kB
Slab:             204576 kB
SReclaimable:      67620 kB
SUnreclaim:       136956 kB
KernelStack:       42288 kB
PageTables:        56764 kB
NFS_Unstable:          0 kB
Bounce:                0 kB
WritebackTmp:          0 kB
CommitLimit:     9202296 kB
Committed_AS:   57812712 kB
VmallocTotal:   263061440 kB
VmallocUsed:       99136 kB
VmallocChunk:          0 kB
Percpu:             7616 kB
CmaTotal:         294912 kB
CmaFree:               0 kB
MemTotal:       12113144 kB
MemFree:         6656488 kB
MemAvailable:    8098520 kB
Buffers:            6320 kB
Cached:          1635820 kB
SwapCached:            0 kB
Active:          1524656 kB
Inactive:        1351268 kB
Active(anon):    1240936 kB
Inactive(anon):    22352 kB
Active(file):     283720 kB
Inactive(file):  1328916 kB
Unevictable:        5864 kB
Mlocked:            5864 kB
SwapTotal:       3145724 kB
SwapFree:        3145724 kB
Dirty:               332 kB
Writeback:             0 kB
AnonPages:       1239580 kB
Mapped:           807696 kB
Shmem:             24672 kB
KReclaimable:     698100 kB
Slab:             204576 kB
SReclaimable:      67620 kB
SUnreclaim:       136956 kB
KernelStack:       42288 kB
PageTables:        56776 kB
NFS_Unstable:          0 kB
Bounce:                0 kB
WritebackTmp:          0 kB
CommitLimit:     9202296 kB
Committed_AS:   57812544 kB
VmallocTotal:   263061440 kB
VmallocUsed:       99136 kB
VmallocChunk:          0 kB
Percpu:             7616 kB
CmaTotal:         294912 kB
CmaFree:               0 kB
MemTotal:       12113144 kB
MemFree:         6656916 kB
MemAvailable:    8098940 kB
Buffers:            6320 kB
Cached:          1635812 kB
SwapCached:            0 kB
Active:          1524932 kB
Inactive:        1351264 kB
Active(anon):    1241216 kB
Inactive(anon):    22352 kB
Active(file):     283716 kB
Inactive(file):  1328912 kB
Unevictable:        5864 kB
Mlocked:            5864 kB
SwapTotal:       3145724 kB
SwapFree:        3145724 kB
Dirty:               348 kB
Writeback:             0 kB
AnonPages:       1240024 kB
Mapped:           807944 kB
Shmem:             24672 kB
KReclaimable:     698100 kB
Slab:             204576 kB
SReclaimable:      67620 kB
SUnreclaim:       136956 kB
KernelStack:       42272 kB
PageTables:        56692 kB
NFS_Unstable:          0 kB
Bounce:                0 kB
WritebackTmp:          0 kB
CommitLimit:     9202296 kB
Committed_AS:   57812608 kB
VmallocTotal:   263061440 kB
VmallocUsed:       99136 kB
VmallocChunk:          0 kB
Percpu:             7616 kB
CmaTotal:         294912 kB
CmaFree:               0 kB
MemTotal:       12113144 kB
MemFree:         6656440 kB
MemAvailable:    8098472 kB
Buffers:            6320 kB
Cached:          1635820 kB
SwapCached:            0 kB
Active:          1525520 kB
Inactive:        1351272 kB
Active(anon):    1241804 kB
Inactive(anon):    22352 kB
Active(file):     283716 kB
Inactive(file):  1328920 kB
Unevictable:        5864 kB
Mlocked:            5864 kB
SwapTotal:       3145724 kB
SwapFree:        3145724 kB
Dirty:               364 kB
Writeback:             0 kB
AnonPages:       1240232 kB
Mapped:           807956 kB
Shmem:             24672 kB
KReclaimable:     698100 kB
Slab:             204568 kB
SReclaimable:      67620 kB
SUnreclaim:       136948 kB
KernelStack:       42288 kB
PageTables:        56768 kB
NFS_Unstable:          0 kB
Bounce:                0 kB
WritebackTmp:          0 kB
CommitLimit:     9202296 kB
Committed_AS:   57812124 kB
VmallocTotal:   263061440 kB
VmallocUsed:       99136 kB
VmallocChunk:          0 kB
Percpu:             7616 kB
CmaTotal:         294912 kB
CmaFree:               0 kB
MemTotal:       12113144 kB
MemFree:         6656600 kB
MemAvailable:    8098640 kB
Buffers:            6320 kB
Cached:          1635828 kB
SwapCached:            0 kB
Active:          1524676 kB
Inactive:        1351276 kB
Active(anon):    1240956 kB
Inactive(anon):    22352 kB
Active(file):     283720 kB
Inactive(file):  1328924 kB
Unevictable:        5864 kB
Mlocked:            5864 kB
SwapTotal:       3145724 kB
SwapFree:        3145724 kB
Dirty:               368 kB
Writeback:             0 kB
AnonPages:       1239744 kB
Mapped:           807696 kB
Shmem:             24672 kB
KReclaimable:     698100 kB
Slab:             204568 kB
SReclaimable:      67620 kB
SUnreclaim:       136948 kB
KernelStack:       42288 kB
PageTables:        56768 kB
NFS_Unstable:          0 kB
Bounce:                0 kB
WritebackTmp:          0 kB
CommitLimit:     9202296 kB
Committed_AS:   57811532 kB
VmallocTotal:   263061440 kB
VmallocUsed:       99136 kB
VmallocChunk:          0 kB
Percpu:             7616 kB
CmaTotal:         294912 kB
CmaFree:               0 kB
MemTotal:       12113144 kB
MemFree:         6655524 kB
MemAvailable:    8097564 kB
Buffers:            6320 kB
Cached:          1635828 kB
SwapCached:            0 kB
Active:          1525568 kB
Inactive:        1351276 kB
Active(anon):    1241848 kB
Inactive(anon):    22352 kB
Active(file):     283720 kB
Inactive(file):  1328924 kB
Unevictable:        5864 kB
Mlocked:            5864 kB
SwapTotal:       3145724 kB
SwapFree:        3145724 kB
Dirty:               372 kB
Writeback:             0 kB
AnonPages:       1240704 kB
Mapped:           807956 kB
Shmem:             24672 kB
KReclaimable:     698100 kB
Slab:             204568 kB
SReclaimable:      67620 kB
SUnreclaim:       136948 kB
KernelStack:       42288 kB
PageTables:        56776 kB
NFS_Unstable:          0 kB
Bounce:                0 kB
WritebackTmp:          0 kB
CommitLimit:     9202296 kB
Committed_AS:   57811320 kB
VmallocTotal:   263061440 kB
VmallocUsed:       99120 kB
VmallocChunk:          0 kB
Percpu:             7616 kB
CmaTotal:         294912 kB
CmaFree:               0 kB
MemTotal:       12113144 kB
MemFree:         6655592 kB
MemAvailable:    8097632 kB
Buffers:            6320 kB
Cached:          1635828 kB
SwapCached:            0 kB
Active:          1526408 kB
Inactive:        1351276 kB
Active(anon):    1242688 kB
Inactive(anon):    22352 kB
Active(file):     283720 kB
Inactive(file):  1328924 kB
Unevictable:        5864 kB
Mlocked:            5864 kB
SwapTotal:       3145724 kB
SwapFree:        3145724 kB
Dirty:               316 kB
Writeback:             0 kB
AnonPages:       1241260 kB
Mapped:           807696 kB
Shmem:             24672 kB
KReclaimable:     698100 kB
Slab:             204568 kB
SReclaimable:      67620 kB
SUnreclaim:       136948 kB
KernelStack:       42288 kB
PageTables:        56772 kB
NFS_Unstable:          0 kB
Bounce:                0 kB
WritebackTmp:          0 kB
CommitLimit:     9202296 kB
Committed_AS:   57811856 kB
VmallocTotal:   263061440 kB
VmallocUsed:       99120 kB
VmallocChunk:          0 kB
Percpu:             7616 kB
CmaTotal:         294912 kB
CmaFree:               0 kB
MemTotal:       12113144 kB
MemFree:         6655720 kB
MemAvailable:    8097760 kB
Buffers:            6320 kB
Cached:          1635828 kB
SwapCached:            0 kB
Active:          1526076 kB
Inactive:        1351276 kB
Active(anon):    1242356 kB
Inactive(anon):    22352 kB
Active(file):     283720 kB
Inactive(file):  1328924 kB
Unevictable:        5864 kB
Mlocked:            5864 kB
SwapTotal:       3145724 kB
SwapFree:        3145724 kB
Dirty:               344 kB
Writeback:             0 kB
AnonPages:       1241016 kB
Mapped:           807956 kB
Shmem:             24672 kB
KReclaimable:     698100 kB
Slab:             204568 kB
SReclaimable:      67620 kB
SUnreclaim:       136948 kB
KernelStack:       42304 kB
PageTables:        56904 kB
NFS_Unstable:          0 kB
Bounce:                0 kB
WritebackTmp:          0 kB
CommitLimit:     9202296 kB
Committed_AS:   57812168 kB
VmallocTotal:   263061440 kB
VmallocUsed:       99136 kB
VmallocChunk:          0 kB
Percpu:             7616 kB
CmaTotal:         294912 kB
CmaFree:               0 kB
MemTotal:       12113144 kB
MemFree:         6658292 kB
MemAvailable:    8100332 kB
Buffers:            6320 kB
Cached:          1635828 kB
SwapCached:            0 kB
Active:          1522872 kB
Inactive:        1351276 kB
Active(anon):    1239152 kB
Inactive(anon):    22352 kB
Active(file):     283720 kB
Inactive(file):  1328924 kB
Unevictable:        5864 kB
Mlocked:            5864 kB
SwapTotal:       3145724 kB
SwapFree:        3145724 kB
Dirty:               356 kB
Writeback:             0 kB
AnonPages:       1238196 kB
Mapped:           807960 kB
Shmem:             24672 kB
KReclaimable:     698100 kB
Slab:             204568 kB
SReclaimable:      67620 kB
SUnreclaim:       136948 kB
KernelStack:       42304 kB
PageTables:        56772 kB
NFS_Unstable:          0 kB
Bounce:                0 kB
WritebackTmp:          0 kB
CommitLimit:     9202296 kB
Committed_AS:   57811992 kB
VmallocTotal:   263061440 kB
VmallocUsed:       99136 kB
VmallocChunk:          0 kB
Percpu:             7616 kB
CmaTotal:         294912 kB
CmaFree:               0 kB
MemTotal:       12113144 kB
MemFree:         6657892 kB
MemAvailable:    8099932 kB
Buffers:            6324 kB
Cached:          1635828 kB
SwapCached:            0 kB
Active:          1523324 kB
Inactive:        1351280 kB
Active(anon):    1239604 kB
Inactive(anon):    22356 kB
Active(file):     283720 kB
Inactive(file):  1328924 kB
Unevictable:        5864 kB
Mlocked:            5864 kB
SwapTotal:       3145724 kB
SwapFree:        3145724 kB
Dirty:               344 kB
Writeback:             0 kB
AnonPages:       1238448 kB
Mapped:           807700 kB
Shmem:             24676 kB
KReclaimable:     698100 kB
Slab:             204552 kB
SReclaimable:      67620 kB
SUnreclaim:       136932 kB
KernelStack:       42288 kB
PageTables:        56776 kB
NFS_Unstable:          0 kB
Bounce:                0 kB
WritebackTmp:          0 kB
CommitLimit:     9202296 kB
Committed_AS:   57811816 kB
VmallocTotal:   263061440 kB
VmallocUsed:       99136 kB
VmallocChunk:          0 kB
Percpu:             7616 kB
CmaTotal:         294912 kB
CmaFree:               0 kB
MemTotal:       12113144 kB
MemFree:         6656332 kB
MemAvailable:    8098392 kB
Buffers:            6324 kB
Cached:          1635848 kB
SwapCached:            0 kB
Active:          1523796 kB
Inactive:        1351292 kB
Active(anon):    1240068 kB
Inactive(anon):    22356 kB
Active(file):     283728 kB
Inactive(file):  1328936 kB
Unevictable:        5864 kB
Mlocked:            5864 kB
SwapTotal:       3145724 kB
SwapFree:        3145724 kB
Dirty:               316 kB
Writeback:             0 kB
AnonPages:       1239096 kB
Mapped:           807960 kB
Shmem:             24676 kB
KReclaimable:     698100 kB
Slab:             204576 kB
SReclaimable:      67620 kB
SUnreclaim:       136956 kB
KernelStack:       42288 kB
PageTables:        56760 kB
NFS_Unstable:          0 kB
Bounce:                0 kB
WritebackTmp:          0 kB
CommitLimit:     9202296 kB
Committed_AS:   57811828 kB
VmallocTotal:   263061440 kB
VmallocUsed:       99136 kB
