MemTotal:        5980404 kB
MemFree:          572196 kB
MemAvailable:    2801092 kB
Buffers:            7076 kB
Cached:          2374876 kB
SwapCached:            0 kB
Active:          1584360 kB
Inactive:        1909584 kB
Active(anon):    1016228 kB
Inactive(anon):   124036 kB
Active(file):     568132 kB
Inactive(file):  1785548 kB
Unevictable:        5672 kB
Mlocked:            5672 kB
SwapTotal:       3670008 kB
SwapFree:        3670008 kB
Dirty:               252 kB
Writeback:             0 kB
AnonPages:       1117948 kB
Mapped:           639780 kB
Shmem:             23640 kB
KReclaimable:     437648 kB
Slab:             210568 kB
SReclaimable:      56876 kB
SUnreclaim:       153692 kB
KernelStack:       43196 kB
PageTables:        54356 kB
NFS_Unstable:          0 kB
Bounce:                0 kB
WritebackTmp:          0 kB
CommitLimit:     6660208 kB
Committed_AS:   58890420 kB
VmallocTotal:   263061440 kB
VmallocUsed:       83576 kB
VmallocChunk:          0 kB
Percpu:             7616 kB
CmaTotal:         315392 kB
CmaFree:               0 kB
MemTotal:        5980404 kB
MemFree:          570504 kB
MemAvailable:    2799392 kB
Buffers:            7076 kB
Cached:          2374868 kB
SwapCached:            0 kB
Active:          1585724 kB
Inactive:        1909580 kB
Active(anon):    1017596 kB
Inactive(anon):   124036 kB
Active(file):     568128 kB
Inactive(file):  1785544 kB
Unevictable:        5672 kB
Mlocked:            5672 kB
SwapTotal:       3670008 kB
SwapFree:        3670008 kB
Dirty:               256 kB
Writeback:             0 kB
AnonPages:       1119356 kB
Mapped:           637392 kB
Shmem:             23640 kB
KReclaimable:     437648 kB
Slab:             210528 kB
SReclaimable:      56876 kB
SUnreclaim:       153652 kB
KernelStack:       43232 kB
PageTables:        54072 kB
NFS_Unstable:          0 kB
Bounce:                0 kB
WritebackTmp:          0 kB
CommitLimit:     6660208 kB
Committed_AS:   58889880 kB
VmallocTotal:   263061440 kB
VmallocUsed:       83640 kB
VmallocChunk:          0 kB
Percpu:             7616 kB
CmaTotal:         315392 kB
CmaFree:               0 kB
MemTotal:        5980404 kB
MemFree:          569964 kB
MemAvailable:    2798876 kB
Buffers:            7076 kB
Cached:          2374892 kB
SwapCached:            0 kB
Active:          1585952 kB
Inactive:        1909596 kB
Active(anon):    1017816 kB
Inactive(anon):   124036 kB
Active(file):     568136 kB
Inactive(file):  1785560 kB
Unevictable:        5672 kB
Mlocked:            5672 kB
SwapTotal:       3670008 kB
SwapFree:        3670008 kB
Dirty:               272 kB
Writeback:             0 kB
AnonPages:       1119448 kB
Mapped:           637448 kB
Shmem:             23640 kB
KReclaimable:     437648 kB
Slab:             210552 kB
SReclaimable:      56876 kB
SUnreclaim:       153676 kB
KernelStack:       43264 kB
PageTables:        54176 kB
NFS_Unstable:          0 kB
Bounce:                0 kB
WritebackTmp:          0 kB
CommitLimit:     6660208 kB
Committed_AS:   58890196 kB
VmallocTotal:   263061440 kB
VmallocUsed:       83592 kB
VmallocChunk:          0 kB
Percpu:             7616 kB
CmaTotal:         315392 kB
CmaFree:               0 kB
MemTotal:        5980404 kB
MemFree:          570180 kB
MemAvailable:    2799076 kB
Buffers:            7076 kB
Cached:          2374880 kB
SwapCached:            0 kB
Active:          1586704 kB
Inactive:        1909588 kB
Active(anon):    1018572 kB
Inactive(anon):   124040 kB
Active(file):     568132 kB
Inactive(file):  1785548 kB
Unevictable:        5672 kB
Mlocked:            5672 kB
SwapTotal:       3670008 kB
SwapFree:        3670008 kB
Dirty:               264 kB
Writeback:             0 kB
AnonPages:       1120324 kB
Mapped:           637588 kB
Shmem:             23644 kB
KReclaimable:     437648 kB
Slab:             210480 kB
SReclaimable:      56876 kB
SUnreclaim:       153604 kB
KernelStack:       43264 kB
PageTables:        54328 kB
NFS_Unstable:          0 kB
Bounce:                0 kB
WritebackTmp:          0 kB
CommitLimit:     6660208 kB
Committed_AS:   58889856 kB
VmallocTotal:   263061440 kB
VmallocUsed:       83640 kB
VmallocChunk:          0 kB
Percpu:             7616 kB
CmaTotal:         315392 kB
CmaFree:               0 kB
MemTotal:        5980404 kB
MemFree:          570700 kB
MemAvailable:    2799588 kB
Buffers:            7076 kB
Cached:          2374872 kB
SwapCached:            0 kB
Active:          1585760 kB
Inactive:        1909584 kB
Active(anon):    1017632 kB
Inactive(anon):   124040 kB
Active(file):     568128 kB
Inactive(file):  1785544 kB
Unevictable:        5672 kB
Mlocked:            5672 kB
SwapTotal:       3670008 kB
SwapFree:        3670008 kB
Dirty:               264 kB
Writeback:             0 kB
AnonPages:       1119356 kB
Mapped:           637400 kB
Shmem:             23644 kB
KReclaimable:     437648 kB
Slab:             210528 kB
SReclaimable:      56876 kB
SUnreclaim:       153652 kB
KernelStack:       43232 kB
PageTables:        54208 kB
NFS_Unstable:          0 kB
Bounce:                0 kB
WritebackTmp:          0 kB
CommitLimit:     6660208 kB
Committed_AS:   58887780 kB
VmallocTotal:   263061440 kB
VmallocUsed:       83608 kB
VmallocChunk:          0 kB
Percpu:             7616 kB
CmaTotal:         315392 kB
CmaFree:               0 kB
MemTotal:        5980404 kB
MemFree:          570604 kB
MemAvailable:    2799492 kB
Buffers:            7076 kB
Cached:          2374872 kB
SwapCached:            0 kB
Active:          1586528 kB
Inactive:        1909584 kB
Active(anon):    1018400 kB
Inactive(anon):   124040 kB
Active(file):     568128 kB
Inactive(file):  1785544 kB
Unevictable:        5672 kB
Mlocked:            5672 kB
SwapTotal:       3670008 kB
SwapFree:        3670008 kB
Dirty:               264 kB
Writeback:             0 kB
AnonPages:       1119744 kB
Mapped:           637576 kB
Shmem:             23644 kB
KReclaimable:     437648 kB
Slab:             210464 kB
SReclaimable:      56876 kB
SUnreclaim:       153588 kB
KernelStack:       43232 kB
PageTables:        54056 kB
NFS_Unstable:          0 kB
Bounce:                0 kB
WritebackTmp:          0 kB
CommitLimit:     6660208 kB
Committed_AS:   58889640 kB
VmallocTotal:   263061440 kB
VmallocUsed:       83624 kB
VmallocChunk:          0 kB
Percpu:             7616 kB
CmaTotal:         315392 kB
CmaFree:               0 kB
MemTotal:        5980404 kB
MemFree:          569832 kB
MemAvailable:    2798732 kB
Buffers:            7080 kB
Cached:          2374880 kB
SwapCached:            0 kB
Active:          1586644 kB
Inactive:        1909592 kB
Active(anon):    1018512 kB
Inactive(anon):   124040 kB
Active(file):     568132 kB
Inactive(file):  1785552 kB
Unevictable:        5672 kB
Mlocked:            5672 kB
SwapTotal:       3670008 kB
SwapFree:        3670008 kB
Dirty:               248 kB
Writeback:             0 kB
AnonPages:       1119992 kB
Mapped:           637580 kB
Shmem:             23644 kB
KReclaimable:     437648 kB
Slab:             210528 kB
SReclaimable:      56876 kB
SUnreclaim:       153652 kB
KernelStack:       43232 kB
PageTables:        54208 kB
NFS_Unstable:          0 kB
Bounce:                0 kB
WritebackTmp:          0 kB
CommitLimit:     6660208 kB
Committed_AS:   58888896 kB
VmallocTotal:   263061440 kB
VmallocUsed:       83624 kB
VmallocChunk:          0 kB
Percpu:             7616 kB
CmaTotal:         315392 kB
CmaFree:               0 kB
MemTotal:        5980404 kB
MemFree:          569368 kB
MemAvailable:    2798272 kB
Buffers:            7080 kB
Cached:          2374888 kB
SwapCached:            0 kB
Active:          1587448 kB
Inactive:        1909600 kB
Active(anon):    1019316 kB
Inactive(anon):   124044 kB
Active(file):     568132 kB
Inactive(file):  1785556 kB
Unevictable:        5672 kB
Mlocked:            5672 kB
SwapTotal:       3670008 kB
SwapFree:        3670008 kB
Dirty:               248 kB
Writeback:             0 kB
AnonPages:       1120532 kB
Mapped:           637360 kB
Shmem:             23648 kB
KReclaimable:     437648 kB
Slab:             210520 kB
SReclaimable:      56876 kB
SUnreclaim:       153644 kB
KernelStack:       43232 kB
PageTables:        54352 kB
NFS_Unstable:          0 kB
Bounce:                0 kB
WritebackTmp:          0 kB
CommitLimit:     6660208 kB
Committed_AS:   58891460 kB
VmallocTotal:   263061440 kB
VmallocUsed:       83624 kB
VmallocChunk:          0 kB
Percpu:             7616 kB
CmaTotal:         315392 kB
CmaFree:               0 kB
MemTotal:        5980404 kB
MemFree:          569316 kB
MemAvailable:    2798220 kB
Buffers:            7080 kB
Cached:          2374888 kB
SwapCached:            0 kB
Active:          1587720 kB
Inactive:        1909600 kB
Active(anon):    1019588 kB
Inactive(anon):   124044 kB
Active(file):     568132 kB
Inactive(file):  1785556 kB
Unevictable:        5672 kB
Mlocked:            5672 kB
SwapTotal:       3670008 kB
SwapFree:        3670008 kB
Dirty:               256 kB
Writeback:             0 kB
AnonPages:       1120756 kB
Mapped:           637512 kB
Shmem:             23648 kB
KReclaimable:     437648 kB
Slab:             210504 kB
SReclaimable:      56876 kB
SUnreclaim:       153628 kB
KernelStack:       43244 kB
PageTables:        54372 kB
NFS_Unstable:          0 kB
Bounce:                0 kB
WritebackTmp:          0 kB
CommitLimit:     6660208 kB
Committed_AS:   58886808 kB
VmallocTotal:   263061440 kB
VmallocUsed:       83624 kB
VmallocChunk:          0 kB
Percpu:             7616 kB
CmaTotal:         315392 kB
CmaFree:               0 kB
MemTotal:        5980404 kB
MemFree:          569200 kB
MemAvailable:    2798104 kB
Buffers:            7080 kB
Cached:          2374888 kB
SwapCached:            0 kB
Active:          1588720 kB
Inactive:        1909600 kB
Active(anon):    1020588 kB
Inactive(anon):   124044 kB
Active(file):     568132 kB
Inactive(file):  1785556 kB
Unevictable:        5672 kB
Mlocked:            5672 kB
SwapTotal:       3670008 kB
SwapFree:        3670008 kB
Dirty:               256 kB
Writeback:             0 kB
AnonPages:       1121812 kB
Mapped:           637464 kB
Shmem:             23648 kB
KReclaimable:     437648 kB
Slab:             210520 kB
SReclaimable:      56876 kB
SUnreclaim:       153644 kB
KernelStack:       43232 kB
PageTables:        54284 kB
NFS_Unstable:          0 kB
Bounce:                0 kB
WritebackTmp:          0 kB
CommitLimit:     6660208 kB
Committed_AS:   58894364 kB
VmallocTotal:   263061440 kB
VmallocUsed:       83576 kB
VmallocChunk:          0 kB
Percpu:             7616 kB
CmaTotal:         315392 kB
CmaFree:               0 kB
MemTotal:        5980404 kB
MemFree:          568328 kB
MemAvailable:    2797232 kB
Buffers:            7080 kB
Cached:          2374888 kB
SwapCached:            0 kB
Active:          1588620 kB
Inactive:        1909600 kB
Active(anon):    1020488 kB
Inactive(anon):   124044 kB
Active(file):     568132 kB
Inactive(file):  1785556 kB
Unevictable:        5672 kB
Mlocked:            5672 kB
SwapTotal:       3670008 kB
SwapFree:        3670008 kB
Dirty:               260 kB
Writeback:             0 kB
AnonPages:       1121904 kB
Mapped:           637712 kB
Shmem:             23648 kB
KReclaimable:     437648 kB
Slab:             210520 kB
SReclaimable:      56876 kB
SUnreclaim:       153644 kB
KernelStack:       43216 kB
PageTables:        54100 kB
NFS_Unstable:          0 kB
Bounce:                0 kB
WritebackTmp:          0 kB
CommitLimit:     6660208 kB
Committed_AS:   58892884 kB
VmallocTotal:   263061440 kB
VmallocUsed:       83592 kB
VmallocChunk:          0 kB
Percpu:             7616 kB
CmaTotal:         315392 kB
CmaFree:              36 kB
MemTotal:        5980404 kB
MemFree:          567348 kB
MemAvailable:    2796252 kB
Buffers:            7080 kB
Cached:          2374888 kB
SwapCached:            0 kB
Active:          1589208 kB
Inactive:        1909588 kB
Active(anon):    1021064 kB
Inactive(anon):   124044 kB
Active(file):     568144 kB
Inactive(file):  1785544 kB
Unevictable:        5672 kB
Mlocked:            5672 kB
SwapTotal:       3670008 kB
SwapFree:        3670008 kB
Dirty:               260 kB
Writeback:             0 kB
AnonPages:       1122552 kB
Mapped:           637424 kB
Shmem:             23648 kB
KReclaimable:     437648 kB
Slab:             210520 kB
SReclaimable:      56876 kB
SUnreclaim:       153644 kB
KernelStack:       43232 kB
PageTables:        54232 kB
NFS_Unstable:          0 kB
Bounce:                0 kB
WritebackTmp:          0 kB
CommitLimit:     6660208 kB
Committed_AS:   58890548 kB
VmallocTotal:   263061440 kB
VmallocUsed:       83560 kB
VmallocChunk:          0 kB
Percpu:             7616 kB
CmaTotal:         315392 kB
CmaFree:               0 kB
MemTotal:        5980404 kB
MemFree:          566692 kB
MemAvailable:    2795596 kB
Buffers:            7080 kB
Cached:          2374888 kB
SwapCached:            0 kB
Active:          1589352 kB
Inactive:        1909592 kB
Active(anon):    1021212 kB
Inactive(anon):   124044 kB
Active(file):     568140 kB
Inactive(file):  1785548 kB
Unevictable:        5672 kB
Mlocked:            5672 kB
SwapTotal:       3670008 kB
SwapFree:        3670008 kB
Dirty:               260 kB
Writeback:             0 kB
AnonPages:       1123172 kB
Mapped:           637688 kB
Shmem:             23648 kB
KReclaimable:     437648 kB
Slab:             210512 kB
SReclaimable:      56876 kB
SUnreclaim:       153636 kB
KernelStack:       43248 kB
PageTables:        54120 kB
NFS_Unstable:          0 kB
Bounce:                0 kB
WritebackTmp:          0 kB
CommitLimit:     6660208 kB
Committed_AS:   58890092 kB
VmallocTotal:   263061440 kB
VmallocUsed:       83560 kB
VmallocChunk:          0 kB
Percpu:             7616 kB
CmaTotal:         315392 kB
CmaFree:               0 kB
MemTotal:        5980404 kB
MemFree:          566580 kB
MemAvailable:    2795488 kB
Buffers:            7080 kB
Cached:          2374896 kB
SwapCached:            0 kB
Active:          1589848 kB
Inactive:        1909600 kB
Active(anon):    1021708 kB
Inactive(anon):   124048 kB
Active(file):     568140 kB
Inactive(file):  1785552 kB
Unevictable:        5672 kB
Mlocked:            5672 kB
SwapTotal:       3670008 kB
SwapFree:        3670008 kB
Dirty:               256 kB
Writeback:             0 kB
AnonPages:       1123244 kB
Mapped:           637516 kB
Shmem:             23652 kB
KReclaimable:     437648 kB
Slab:             210528 kB
SReclaimable:      56876 kB
SUnreclaim:       153652 kB
KernelStack:       43200 kB
PageTables:        54440 kB
NFS_Unstable:          0 kB
Bounce:                0 kB
WritebackTmp:          0 kB
CommitLimit:     6660208 kB
Committed_AS:   58892196 kB
VmallocTotal:   263061440 kB
VmallocUsed:       83528 kB
VmallocChunk:          0 kB
Percpu:             7616 kB
CmaTotal:         315392 kB
CmaFree:               0 kB
MemTotal:        5980404 kB
MemFree:          565648 kB
MemAvailable:    2794552 kB
Buffers:            7080 kB
Cached:          2374892 kB
SwapCached:            0 kB
Active:          1590088 kB
Inactive:        1909592 kB
Active(anon):    1021944 kB
Inactive(anon):   124048 kB
Active(file):     568144 kB
Inactive(file):  1785544 kB
Unevictable:        5672 kB
Mlocked:            5672 kB
SwapTotal:       3670008 kB
SwapFree:        3670008 kB
Dirty:               272 kB
Writeback:             0 kB
AnonPages:       1123488 kB
Mapped:           637588 kB
Shmem:             23652 kB
KReclaimable:     437648 kB
Slab:             210504 kB
SReclaimable:      56876 kB
SUnreclaim:       153628 kB
KernelStack:       43232 kB
PageTables:        54184 kB
NFS_Unstable:          0 kB
Bounce:                0 kB
WritebackTmp:          0 kB
CommitLimit:     6660208 kB
Committed_AS:   58889700 kB
VmallocTotal:   263061440 kB
VmallocUsed:       83528 kB
VmallocChunk:          0 kB
Percpu:             7616 kB
CmaTotal:         315392 kB
CmaFree:               4 kB
MemTotal:        5980404 kB
MemFree:          566812 kB
MemAvailable:    2795716 kB
Buffers:            7080 kB
Cached:          2374892 kB
SwapCached:            0 kB
Active:          1590616 kB
Inactive:        1909592 kB
Active(anon):    1022472 kB
Inactive(anon):   124048 kB
Active(file):     568144 kB
Inactive(file):  1785544 kB
Unevictable:        5672 kB
Mlocked:            5672 kB
SwapTotal:       3670008 kB
SwapFree:        3670008 kB
Dirty:               276 kB
Writeback:             0 kB
AnonPages:       1123812 kB
Mapped:           637560 kB
Shmem:             23652 kB
KReclaimable:     437648 kB
Slab:             210520 kB
SReclaimable:      56876 kB
SUnreclaim:       153644 kB
KernelStack:       43236 kB
PageTables:        54260 kB
NFS_Unstable:          0 kB
Bounce:                0 kB
WritebackTmp:          0 kB
CommitLimit:     6660208 kB
Committed_AS:   58886004 kB
VmallocTotal:   263061440 kB
VmallocUsed:       83528 kB
VmallocChunk:          0 kB
Percpu:             7616 kB
CmaTotal:         315392 kB
CmaFree:               0 kB
MemTotal:        5980404 kB
MemFree:          567288 kB
MemAvailable:    2796192 kB
Buffers:            7080 kB
Cached:          2374892 kB
SwapCached:            0 kB
Active:          1590500 kB
Inactive:        1909592 kB
Active(anon):    1022356 kB
Inactive(anon):   124048 kB
Active(file):     568144 kB
Inactive(file):  1785544 kB
Unevictable:        5672 kB
Mlocked:            5672 kB
SwapTotal:       3670008 kB
SwapFree:        3670008 kB
Dirty:               296 kB
Writeback:             0 kB
AnonPages:       1123688 kB
Mapped:           637656 kB
Shmem:             23652 kB
KReclaimable:     437648 kB
Slab:             210520 kB
SReclaimable:      56876 kB
SUnreclaim:       153644 kB
KernelStack:       43232 kB
PageTables:        54052 kB
NFS_Unstable:          0 kB
Bounce:                0 kB
WritebackTmp:          0 kB
CommitLimit:     6660208 kB
Committed_AS:   58884464 kB
VmallocTotal:   263061440 kB
VmallocUsed:       83496 kB
VmallocChunk:          0 kB
Percpu:             7616 kB
CmaTotal:         315392 kB
CmaFree:               0 kB
MemTotal:        5980404 kB
MemFree:          566112 kB
MemAvailable:    2795016 kB
Buffers:            7080 kB
Cached:          2374892 kB
SwapCached:            0 kB
Active:          1590936 kB
Inactive:        1909592 kB
Active(anon):    1022792 kB
Inactive(anon):   124048 kB
Active(file):     568144 kB
Inactive(file):  1785544 kB
Unevictable:        5672 kB
Mlocked:            5672 kB
SwapTotal:       3670008 kB
SwapFree:        3670008 kB
Dirty:               312 kB
Writeback:             0 kB
AnonPages:       1124320 kB
Mapped:           637532 kB
Shmem:             23652 kB
KReclaimable:     437648 kB
Slab:             210520 kB
SReclaimable:      56876 kB
SUnreclaim:       153644 kB
KernelStack:       43232 kB
PageTables:        54284 kB
NFS_Unstable:          0 kB
Bounce:                0 kB
WritebackTmp:          0 kB
CommitLimit:     6660208 kB
Committed_AS:   58888864 kB
VmallocTotal:   263061440 kB
VmallocUsed:       83544 kB
VmallocChunk:          0 kB
Percpu:             7616 kB
CmaTotal:         315392 kB
CmaFree:              24 kB
MemTotal:        5980404 kB
MemFree:          565952 kB
MemAvailable:    2794856 kB
Buffers:            7080 kB
Cached:          2374892 kB
SwapCached:            0 kB
Active:          1591732 kB
Inactive:        1909592 kB
Active(anon):    1023588 kB
Inactive(anon):   124048 kB
Active(file):     568144 kB
Inactive(file):  1785544 kB
Unevictable:        5672 kB
Mlocked:            5672 kB
SwapTotal:       3670008 kB
SwapFree:        3670008 kB
Dirty:               316 kB
Writeback:             0 kB
AnonPages:       1125244 kB
Mapped:           637592 kB
Shmem:             23652 kB
KReclaimable:     437648 kB
Slab:             210488 kB
SReclaimable:      56876 kB
SUnreclaim:       153612 kB
KernelStack:       43232 kB
PageTables:        54304 kB
NFS_Unstable:          0 kB
Bounce:                0 kB
WritebackTmp:          0 kB
CommitLimit:     6660208 kB
Committed_AS:   58891468 kB
VmallocTotal:   263061440 kB
VmallocUsed:       83528 kB
VmallocChunk:          0 kB
Percpu:             7616 kB
CmaTotal:         315392 kB
CmaFree:               0 kB
MemTotal:        5980404 kB
MemFree:          564024 kB
MemAvailable:    2792928 kB
Buffers:            7080 kB
Cached:          2374892 kB
SwapCached:            0 kB
Active:          1592320 kB
Inactive:        1909592 kB
Active(anon):    1024176 kB
Inactive(anon):   124048 kB
Active(file):     568144 kB
Inactive(file):  1785544 kB
Unevictable:        5672 kB
Mlocked:            5672 kB
SwapTotal:       3670008 kB
SwapFree:        3670008 kB
Dirty:               320 kB
Writeback:             0 kB
AnonPages:       1125860 kB
Mapped:           637748 kB
Shmem:             23652 kB
KReclaimable:     437648 kB
Slab:             210528 kB
SReclaimable:      56876 kB
SUnreclaim:       153652 kB
KernelStack:       43200 kB
PageTables:        54092 kB
NFS_Unstable:          0 kB
Bounce:                0 kB
WritebackTmp:          0 kB
CommitLimit:     6660208 kB
Committed_AS:   58888868 kB
VmallocTotal:   263061440 kB
VmallocUsed:       83560 kB
VmallocChunk:          0 kB
Percpu:             7616 kB
CmaTotal:         315392 kB
CmaFree:               0 kB
MemTotal:        5980404 kB
MemFree:          563380 kB
MemAvailable:    2792276 kB
Buffers:            7080 kB
Cached:          2374884 kB
SwapCached:            0 kB
Active:          1593148 kB
Inactive:        1909588 kB
Active(anon):    1025008 kB
Inactive(anon):   124048 kB
Active(file):     568140 kB
Inactive(file):  1785540 kB
Unevictable:        5672 kB
Mlocked:            5672 kB
SwapTotal:       3670008 kB
SwapFree:        3670008 kB
Dirty:               196 kB
Writeback:             0 kB
AnonPages:       1126276 kB
Mapped:           637672 kB
Shmem:             23652 kB
KReclaimable:     437648 kB
Slab:             210496 kB
SReclaimable:      56876 kB
SUnreclaim:       153620 kB
KernelStack:       43168 kB
PageTables:        54160 kB
NFS_Unstable:          0 kB
Bounce:                0 kB
WritebackTmp:          0 kB
CommitLimit:     6660208 kB
Committed_AS:   58887188 kB
VmallocTotal:   263061440 kB
VmallocUsed:       83544 kB
VmallocChunk:          0 kB
Percpu:             7616 kB
CmaTotal:         315392 kB
CmaFree:               4 kB
MemTotal:        5980404 kB
MemFree:          563236 kB
MemAvailable:    2792152 kB
Buffers:            7088 kB
Cached:          2374892 kB
SwapCached:            0 kB
Active:          1593152 kB
Inactive:        1909592 kB
Active(anon):    1025000 kB
Inactive(anon):   124048 kB
Active(file):     568152 kB
Inactive(file):  1785544 kB
Unevictable:        5672 kB
Mlocked:            5672 kB
SwapTotal:       3670008 kB
SwapFree:        3670008 kB
Dirty:               184 kB
Writeback:             0 kB
AnonPages:       1126648 kB
Mapped:           637784 kB
Shmem:             23652 kB
KReclaimable:     437652 kB
Slab:             210532 kB
SReclaimable:      56880 kB
SUnreclaim:       153652 kB
KernelStack:       43248 kB
PageTables:        54464 kB
NFS_Unstable:          0 kB
Bounce:                0 kB
WritebackTmp:          0 kB
CommitLimit:     6660208 kB
Committed_AS:   58893212 kB
VmallocTotal:   263061440 kB
VmallocUsed:       83544 kB
VmallocChunk:          0 kB
Percpu:             7616 kB
CmaTotal:         315392 kB
CmaFree:               4 kB
MemTotal:        5980404 kB
MemFree:          563160 kB
MemAvailable:    2792092 kB
Buffers:            7088 kB
Cached:          2374908 kB
SwapCached:            0 kB
Active:          1593488 kB
Inactive:        1909608 kB
Active(anon):    1025336 kB
Inactive(anon):   124048 kB
Active(file):     568152 kB
Inactive(file):  1785560 kB
Unevictable:        5672 kB
Mlocked:            5672 kB
SwapTotal:       3670008 kB
SwapFree:        3670008 kB
Dirty:               176 kB
Writeback:             0 kB
AnonPages:       1126572 kB
Mapped:           637676 kB
Shmem:             23652 kB
KReclaimable:     437652 kB
Slab:             210492 kB
SReclaimable:      56880 kB
SUnreclaim:       153612 kB
KernelStack:       43264 kB
PageTables:        54332 kB
NFS_Unstable:          0 kB
Bounce:                0 kB
WritebackTmp:          0 kB
CommitLimit:     6660208 kB
Committed_AS:   58891916 kB
VmallocTotal:   263061440 kB
VmallocUsed:       83592 kB
VmallocChunk:          0 kB
Percpu:             7616 kB
CmaTotal:         315392 kB
CmaFree:               0 kB
MemTotal:        5980404 kB
MemFree:          563828 kB
MemAvailable:    2792760 kB
Buffers:            7088 kB
Cached:          2374908 kB
SwapCached:            0 kB
Active:          1593052 kB
Inactive:        1909608 kB
Active(anon):    1024900 kB
Inactive(anon):   124048 kB
Active(file):     568152 kB
Inactive(file):  1785560 kB
Unevictable:        5672 kB
Mlocked:            5672 kB
SwapTotal:       3670008 kB
SwapFree:        3670008 kB
Dirty:               176 kB
Writeback:             0 kB
AnonPages:       1126332 kB
Mapped:           637728 kB
Shmem:             23652 kB
KReclaimable:     437652 kB
Slab:             210524 kB
SReclaimable:      56880 kB
SUnreclaim:       153644 kB
KernelStack:       43184 kB
PageTables:        54276 kB
NFS_Unstable:          0 kB
Bounce:                0 kB
WritebackTmp:          0 kB
CommitLimit:     6660208 kB
Committed_AS:   58886760 kB
VmallocTotal:   263061440 kB
VmallocUsed:       83592 kB
VmallocChunk:          0 kB
Percpu:             7616 kB
CmaTotal:         315392 kB
CmaFree:               0 kB
MemTotal:        5980404 kB
MemFree:          563512 kB
MemAvailable:    2792444 kB
Buffers:            7088 kB
Cached:          2374908 kB
SwapCached:            0 kB
Active:          1593828 kB
Inactive:        1909608 kB
Active(anon):    1025676 kB
Inactive(anon):   124048 kB
Active(file):     568152 kB
Inactive(file):  1785560 kB
Unevictable:        5672 kB
Mlocked:            5672 kB
SwapTotal:       3670008 kB
SwapFree:        3670008 kB
Dirty:               188 kB
Writeback:             0 kB
AnonPages:       1126916 kB
Mapped:           637532 kB
Shmem:             23652 kB
KReclaimable:     437652 kB
Slab:             210508 kB
SReclaimable:      56880 kB
SUnreclaim:       153628 kB
KernelStack:       43200 kB
PageTables:        54276 kB
NFS_Unstable:          0 kB
Bounce:                0 kB
WritebackTmp:          0 kB
CommitLimit:     6660208 kB
Committed_AS:   58885248 kB
VmallocTotal:   263061440 kB
VmallocUsed:       83560 kB
VmallocChunk:          0 kB
Percpu:             7616 kB
CmaTotal:         315392 kB
CmaFree:               0 kB
MemTotal:        5980404 kB
MemFree:          573280 kB
MemAvailable:    2802208 kB
Buffers:            7088 kB
Cached:          2374904 kB
SwapCached:            0 kB
Active:          1583284 kB
Inactive:        1909600 kB
Active(anon):    1015128 kB
Inactive(anon):   124048 kB
Active(file):     568156 kB
Inactive(file):  1785552 kB
Unevictable:        5672 kB
Mlocked:            5672 kB
SwapTotal:       3670008 kB
SwapFree:        3670008 kB
Dirty:               196 kB
Writeback:             0 kB
AnonPages:       1116476 kB
Mapped:           637788 kB
Shmem:             23652 kB
KReclaimable:     437652 kB
Slab:             210540 kB
SReclaimable:      56880 kB
SUnreclaim:       153660 kB
KernelStack:       43200 kB
PageTables:        54120 kB
NFS_Unstable:          0 kB
Bounce:                0 kB
WritebackTmp:          0 kB
CommitLimit:     6660208 kB
Committed_AS:   58887452 kB
VmallocTotal:   263061440 kB
VmallocUsed:       83560 kB
VmallocChunk:          0 kB
Percpu:             7616 kB
CmaTotal:         315392 kB
CmaFree:             148 kB
MemTotal:        5980404 kB
MemFree:          572196 kB
MemAvailable:    2801128 kB
Buffers:            7088 kB
Cached:          2374908 kB
SwapCached:            0 kB
Active:          1583772 kB
Inactive:        1909608 kB
Active(anon):    1015620 kB
Inactive(anon):   124048 kB
Active(file):     568152 kB
Inactive(file):  1785560 kB
Unevictable:        5672 kB
Mlocked:            5672 kB
SwapTotal:       3670008 kB
SwapFree:        3670008 kB
Dirty:               192 kB
Writeback:             0 kB
AnonPages:       1117268 kB
Mapped:           637768 kB
Shmem:             23652 kB
KReclaimable:     437652 kB
Slab:             210524 kB
SReclaimable:      56880 kB
SUnreclaim:       153644 kB
KernelStack:       43216 kB
PageTables:        54324 kB
NFS_Unstable:          0 kB
Bounce:                0 kB
WritebackTmp:          0 kB
CommitLimit:     6660208 kB
Committed_AS:   58884540 kB
VmallocTotal:   263061440 kB
VmallocUsed:       83544 kB
VmallocChunk:          0 kB
Percpu:             7616 kB
CmaTotal:         315392 kB
CmaFree:               0 kB
MemTotal:        5980404 kB
MemFree:          571616 kB
MemAvailable:    2800556 kB
Buffers:            7088 kB
Cached:          2374916 kB
SwapCached:            0 kB
Active:          1584360 kB
Inactive:        1909612 kB
Active(anon):    1016204 kB
Inactive(anon):   124048 kB
Active(file):     568156 kB
Inactive(file):  1785564 kB
Unevictable:        5672 kB
Mlocked:            5672 kB
SwapTotal:       3670008 kB
SwapFree:        3670008 kB
Dirty:               216 kB
Writeback:             0 kB
AnonPages:       1117436 kB
Mapped:           637844 kB
Shmem:             23652 kB
KReclaimable:     437652 kB
Slab:             210524 kB
SReclaimable:      56880 kB
SUnreclaim:       153644 kB
KernelStack:       43216 kB
PageTables:        54244 kB
NFS_Unstable:          0 kB
Bounce:                0 kB
WritebackTmp:          0 kB
CommitLimit:     6660208 kB
Committed_AS:   58887088 kB
VmallocTotal:   263061440 kB
VmallocUsed:       83560 kB
VmallocChunk:          0 kB
Percpu:             7616 kB
CmaTotal:         315392 kB
CmaFree:               0 kB
MemTotal:        5980404 kB
MemFree:          572224 kB
MemAvailable:    2801156 kB
Buffers:            7088 kB
Cached:          2374908 kB
SwapCached:            0 kB
Active:          1584332 kB
Inactive:        1909608 kB
Active(anon):    1016180 kB
Inactive(anon):   124048 kB
Active(file):     568152 kB
Inactive(file):  1785560 kB
Unevictable:        5672 kB
Mlocked:            5672 kB
SwapTotal:       3670008 kB
SwapFree:        3670008 kB
Dirty:               212 kB
Writeback:             0 kB
AnonPages:       1117732 kB
Mapped:           637832 kB
Shmem:             23652 kB
KReclaimable:     437652 kB
Slab:             210524 kB
SReclaimable:      56880 kB
SUnreclaim:       153644 kB
KernelStack:       43248 kB
PageTables:        54252 kB
NFS_Unstable:          0 kB
Bounce:                0 kB
WritebackTmp:          0 kB
CommitLimit:     6660208 kB
Committed_AS:   58887072 kB
VmallocTotal:   263061440 kB
VmallocUsed:       83544 kB
VmallocChunk:          0 kB
Percpu:             7616 kB
CmaTotal:         315392 kB
CmaFree:               0 kB
MemTotal:        5980404 kB
MemFree:          572592 kB
MemAvailable:    2801532 kB
Buffers:            7088 kB
Cached:          2374916 kB
SwapCached:            0 kB
Active:          1585160 kB
Inactive:        1909612 kB
Active(anon):    1017004 kB
Inactive(anon):   124048 kB
Active(file):     568156 kB
Inactive(file):  1785564 kB
Unevictable:        5672 kB
Mlocked:            5672 kB
SwapTotal:       3670008 kB
SwapFree:        3670008 kB
Dirty:               224 kB
Writeback:             0 kB
AnonPages:       1118740 kB
Mapped:           637740 kB
Shmem:             23652 kB
KReclaimable:     437652 kB
Slab:             210532 kB
SReclaimable:      56880 kB
SUnreclaim:       153652 kB
KernelStack:       43232 kB
PageTables:        54016 kB
NFS_Unstable:          0 kB
Bounce:                0 kB
WritebackTmp:          0 kB
CommitLimit:     6660208 kB
Committed_AS:   58884976 kB
VmallocTotal:   263061440 kB
VmallocUsed:       83528 kB
VmallocChunk:          0 kB
Percpu:             7616 kB
CmaTotal:         315392 kB
CmaFree:               0 kB
MemTotal:        5980404 kB
MemFree:          569948 kB
MemAvailable:    2798880 kB
Buffers:            7088 kB
Cached:          2374908 kB
SwapCached:            0 kB
Active:          1585332 kB
Inactive:        1909608 kB
Active(anon):    1017180 kB
Inactive(anon):   124048 kB
Active(file):     568152 kB
Inactive(file):  1785560 kB
Unevictable:        5672 kB
Mlocked:            5672 kB
SwapTotal:       3670008 kB
SwapFree:        3670008 kB
Dirty:               216 kB
Writeback:             0 kB
AnonPages:       1118724 kB
Mapped:           637764 kB
Shmem:             23652 kB
KReclaimable:     437652 kB
Slab:             210532 kB
SReclaimable:      56880 kB
SUnreclaim:       153652 kB
KernelStack:       43184 kB
PageTables:        54188 kB
NFS_Unstable:          0 kB
Bounce:                0 kB
WritebackTmp:          0 kB
CommitLimit:     6660208 kB
Committed_AS:   58883668 kB
VmallocTotal:   263061440 kB
VmallocUsed:       83496 kB
VmallocChunk:          0 kB
Percpu:             7616 kB
CmaTotal:         315392 kB
CmaFree:              16 kB
MemTotal:        5980404 kB
MemFree:          571600 kB
MemAvailable:    2800540 kB
Buffers:            7088 kB
Cached:          2374916 kB
SwapCached:            0 kB
Active:          1585980 kB
Inactive:        1909612 kB
Active(anon):    1017824 kB
Inactive(anon):   124048 kB
Active(file):     568156 kB
Inactive(file):  1785564 kB
Unevictable:        5672 kB
Mlocked:            5672 kB
SwapTotal:       3670008 kB
SwapFree:        3670008 kB
Dirty:               240 kB
Writeback:             0 kB
AnonPages:       1119252 kB
Mapped:           638020 kB
Shmem:             23652 kB
KReclaimable:     437652 kB
Slab:             210532 kB
SReclaimable:      56880 kB
SUnreclaim:       153652 kB
KernelStack:       43216 kB
PageTables:        54124 kB
NFS_Unstable:          0 kB
Bounce:                0 kB
WritebackTmp:          0 kB
CommitLimit:     6660208 kB
Committed_AS:   58884452 kB
VmallocTotal:   263061440 kB
VmallocUsed:       83496 kB
VmallocChunk:          0 kB
Percpu:             7616 kB
CmaTotal:         315392 kB
CmaFree:               0 kB
MemTotal:        5980404 kB
MemFree:          570224 kB
MemAvailable:    2799156 kB
Buffers:            7088 kB
Cached:          2374908 kB
SwapCached:            0 kB
Active:          1586448 kB
Inactive:        1909612 kB
Active(anon):    1018300 kB
Inactive(anon):   124048 kB
Active(file):     568148 kB
Inactive(file):  1785564 kB
Unevictable:        5672 kB
Mlocked:            5672 kB
SwapTotal:       3670008 kB
SwapFree:        3670008 kB
Dirty:               232 kB
Writeback:             0 kB
AnonPages:       1119468 kB
Mapped:           637764 kB
Shmem:             23652 kB
KReclaimable:     437652 kB
Slab:             210540 kB
SReclaimable:      56880 kB
SUnreclaim:       153660 kB
KernelStack:       43216 kB
PageTables:        54216 kB
NFS_Unstable:          0 kB
Bounce:                0 kB
WritebackTmp:          0 kB
CommitLimit:     6660208 kB
Committed_AS:   58882520 kB
VmallocTotal:   263061440 kB
VmallocUsed:       83496 kB
VmallocChunk:          0 kB
Percpu:             7616 kB
CmaTotal:         315392 kB
CmaFree:               0 kB
MemTotal:        5980404 kB
MemFree:          570296 kB
MemAvailable:    2799228 kB
Buffers:            7088 kB
Cached:          2374908 kB
SwapCached:            0 kB
Active:          1586520 kB
Inactive:        1909608 kB
Active(anon):    1018368 kB
Inactive(anon):   124048 kB
Active(file):     568152 kB
Inactive(file):  1785560 kB
Unevictable:        5672 kB
Mlocked:            5672 kB
SwapTotal:       3670008 kB
SwapFree:        3670008 kB
Dirty:               244 kB
Writeback:             0 kB
AnonPages:       1119892 kB
Mapped:           637660 kB
Shmem:             23652 kB
KReclaimable:     437652 kB
Slab:             210524 kB
SReclaimable:      56880 kB
SUnreclaim:       153644 kB
KernelStack:       43148 kB
PageTables:        54272 kB
NFS_Unstable:          0 kB
Bounce:                0 kB
WritebackTmp:          0 kB
CommitLimit:     6660208 kB
Committed_AS:   58887760 kB
VmallocTotal:   263061440 kB
VmallocUsed:       83480 kB
VmallocChunk:          0 kB
Percpu:             7616 kB
CmaTotal:         315392 kB
CmaFree:               0 kB
MemTotal:        5980404 kB
MemFree:          570216 kB
MemAvailable:    2799148 kB
Buffers:            7088 kB
Cached:          2374908 kB
SwapCached:            0 kB
Active:          1586796 kB
Inactive:        1909608 kB
Active(anon):    1018644 kB
Inactive(anon):   124048 kB
Active(file):     568152 kB
Inactive(file):  1785560 kB
Unevictable:        5672 kB
Mlocked:            5672 kB
SwapTotal:       3670008 kB
SwapFree:        3670008 kB
Dirty:               248 kB
Writeback:             0 kB
AnonPages:       1120356 kB
Mapped:           638016 kB
Shmem:             23652 kB
KReclaimable:     437652 kB
Slab:             210516 kB
SReclaimable:      56880 kB
SUnreclaim:       153636 kB
KernelStack:       43168 kB
PageTables:        54204 kB
NFS_Unstable:          0 kB
Bounce:                0 kB
WritebackTmp:          0 kB
CommitLimit:     6660208 kB
Committed_AS:   58887420 kB
VmallocTotal:   263061440 kB
VmallocUsed:       83544 kB
VmallocChunk:          0 kB
Percpu:             7616 kB
CmaTotal:         315392 kB
CmaFree:               4 kB
MemTotal:        5980404 kB
MemFree:          569184 kB
MemAvailable:    2798116 kB
Buffers:            7088 kB
Cached:          2374908 kB
SwapCached:            0 kB
Active:          1587480 kB
Inactive:        1909608 kB
Active(anon):    1019328 kB
Inactive(anon):   124048 kB
Active(file):     568152 kB
Inactive(file):  1785560 kB
Unevictable:        5672 kB
Mlocked:            5672 kB
SwapTotal:       3670008 kB
SwapFree:        3670008 kB
Dirty:               248 kB
Writeback:             0 kB
AnonPages:       1120632 kB
Mapped:           637916 kB
Shmem:             23652 kB
KReclaimable:     437652 kB
Slab:             210548 kB
SReclaimable:      56880 kB
SUnreclaim:       153668 kB
KernelStack:       43104 kB
PageTables:        54144 kB
NFS_Unstable:          0 kB
Bounce:                0 kB
WritebackTmp:          0 kB
CommitLimit:     6660208 kB
Committed_AS:   58883728 kB
VmallocTotal:   263061440 kB
VmallocUsed:       83480 kB
VmallocChunk:          0 kB
Percpu:             7616 kB
CmaTotal:         315392 kB
CmaFree:               0 kB
MemTotal:        5980404 kB
MemFree:          569524 kB
MemAvailable:    2798456 kB
Buffers:            7088 kB
Cached:          2374908 kB
SwapCached:            0 kB
Active:          1587980 kB
Inactive:        1909608 kB
Active(anon):    1019828 kB
Inactive(anon):   124048 kB
Active(file):     568152 kB
Inactive(file):  1785560 kB
Unevictable:        5672 kB
Mlocked:            5672 kB
SwapTotal:       3670008 kB
SwapFree:        3670008 kB
Dirty:               252 kB
Writeback:             0 kB
AnonPages:       1121212 kB
Mapped:           637900 kB
Shmem:             23652 kB
KReclaimable:     437652 kB
Slab:             210516 kB
SReclaimable:      56880 kB
SUnreclaim:       153636 kB
KernelStack:       43120 kB
PageTables:        54296 kB
NFS_Unstable:          0 kB
Bounce:                0 kB
WritebackTmp:          0 kB
CommitLimit:     6660208 kB
Committed_AS:   58888932 kB
VmallocTotal:   263061440 kB
VmallocUsed:       83480 kB
VmallocChunk:          0 kB
Percpu:             7616 kB
CmaTotal:         315392 kB
CmaFree:               0 kB
MemTotal:        5980404 kB
MemFree:          568700 kB
MemAvailable:    2797636 kB
Buffers:            7092 kB
Cached:          2374908 kB
SwapCached:            0 kB
Active:          1588056 kB
Inactive:        1909608 kB
Active(anon):    1019900 kB
Inactive(anon):   124048 kB
Active(file):     568156 kB
Inactive(file):  1785560 kB
Unevictable:        5672 kB
Mlocked:            5672 kB
SwapTotal:       3670008 kB
SwapFree:        3670008 kB
Dirty:               252 kB
Writeback:             0 kB
AnonPages:       1121356 kB
Mapped:           637760 kB
Shmem:             23652 kB
KReclaimable:     437652 kB
Slab:             210540 kB
SReclaimable:      56880 kB
SUnreclaim:       153660 kB
KernelStack:       43184 kB
PageTables:        54384 kB
NFS_Unstable:          0 kB
Bounce:                0 kB
WritebackTmp:          0 kB
CommitLimit:     6660208 kB
Committed_AS:   58891728 kB
VmallocTotal:   263061440 kB
VmallocUsed:       83496 kB
VmallocChunk:          0 kB
Percpu:             7616 kB
CmaTotal:         315392 kB
CmaFree:               0 kB
MemTotal:        5980404 kB
MemFree:          567960 kB
MemAvailable:    2796912 kB
Buffers:            7092 kB
Cached:          2374924 kB
SwapCached:            0 kB
Active:          1589328 kB
Inactive:        1909624 kB
Active(anon):    1021172 kB
Inactive(anon):   124048 kB
Active(file):     568156 kB
Inactive(file):  1785576 kB
Unevictable:        5672 kB
Mlocked:            5672 kB
SwapTotal:       3670008 kB
SwapFree:        3670008 kB
Dirty:               240 kB
Writeback:             0 kB
AnonPages:       1122480 kB
Mapped:           637840 kB
Shmem:             23652 kB
KReclaimable:     437652 kB
Slab:             210508 kB
SReclaimable:      56880 kB
SUnreclaim:       153628 kB
KernelStack:       43216 kB
PageTables:        54520 kB
NFS_Unstable:          0 kB
Bounce:                0 kB
WritebackTmp:          0 kB
CommitLimit:     6660208 kB
Committed_AS:   58889156 kB
VmallocTotal:   263061440 kB
VmallocUsed:       83512 kB
VmallocChunk:          0 kB
Percpu:             7616 kB
CmaTotal:         315392 kB
CmaFree:               0 kB
MemTotal:        5980404 kB
MemFree:          569176 kB
MemAvailable:    2798136 kB
Buffers:            7092 kB
Cached:          2374936 kB
SwapCached:            0 kB
Active:          1587472 kB
Inactive:        1909636 kB
Active(anon):    1019316 kB
Inactive(anon):   124052 kB
Active(file):     568156 kB
Inactive(file):  1785584 kB
Unevictable:        5672 kB
Mlocked:            5672 kB
SwapTotal:       3670008 kB
SwapFree:        3670008 kB
Dirty:               308 kB
Writeback:             0 kB
AnonPages:       1120816 kB
Mapped:           637912 kB
Shmem:             23656 kB
KReclaimable:     437652 kB
Slab:             210540 kB
SReclaimable:      56880 kB
SUnreclaim:       153660 kB
KernelStack:       43124 kB
PageTables:        54108 kB
NFS_Unstable:          0 kB
Bounce:                0 kB
WritebackTmp:          0 kB
CommitLimit:     6660208 kB
Committed_AS:   58887564 kB
VmallocTotal:   263061440 kB
VmallocUsed:       83480 kB
VmallocChunk:          0 kB
Percpu:             7616 kB
CmaTotal:         315392 kB
CmaFree:               0 kB
MemTotal:        5980404 kB
MemFree:          574124 kB
MemAvailable:    2803076 kB
Buffers:            7092 kB
Cached:          2374928 kB
SwapCached:            0 kB
Active:          1583404 kB
Inactive:        1909628 kB
Active(anon):    1015248 kB
Inactive(anon):   124052 kB
Active(file):     568156 kB
Inactive(file):  1785576 kB
Unevictable:        5672 kB
Mlocked:            5672 kB
SwapTotal:       3670008 kB
SwapFree:        3670008 kB
Dirty:               308 kB
Writeback:             0 kB
AnonPages:       1116668 kB
Mapped:           637812 kB
Shmem:             23656 kB
KReclaimable:     437652 kB
Slab:             210524 kB
SReclaimable:      56880 kB
SUnreclaim:       153644 kB
KernelStack:       43104 kB
PageTables:        54060 kB
NFS_Unstable:          0 kB
Bounce:                0 kB
WritebackTmp:          0 kB
CommitLimit:     6660208 kB
Committed_AS:   58889236 kB
VmallocTotal:   263061440 kB
VmallocUsed:       83480 kB
VmallocChunk:          0 kB
Percpu:             7616 kB
CmaTotal:         315392 kB
CmaFree:              24 kB
MemTotal:        5980404 kB
MemFree:          573300 kB
MemAvailable:    2802252 kB
Buffers:            7092 kB
Cached:          2374928 kB
SwapCached:            0 kB
Active:          1583608 kB
Inactive:        1909628 kB
Active(anon):    1015452 kB
Inactive(anon):   124052 kB
Active(file):     568156 kB
Inactive(file):  1785576 kB
Unevictable:        5672 kB
Mlocked:            5672 kB
SwapTotal:       3670008 kB
SwapFree:        3670008 kB
Dirty:               308 kB
Writeback:             0 kB
AnonPages:       1117148 kB
Mapped:           637680 kB
Shmem:             23656 kB
KReclaimable:     437652 kB
Slab:             210524 kB
SReclaimable:      56880 kB
SUnreclaim:       153644 kB
KernelStack:       43088 kB
PageTables:        54092 kB
NFS_Unstable:          0 kB
Bounce:                0 kB
WritebackTmp:          0 kB
CommitLimit:     6660208 kB
Committed_AS:   58885576 kB
VmallocTotal:   263061440 kB
VmallocUsed:       83480 kB
VmallocChunk:          0 kB
Percpu:             7616 kB
CmaTotal:         315392 kB
CmaFree:               0 kB
MemTotal:        5980404 kB
MemFree:          573912 kB
MemAvailable:    2802864 kB
Buffers:            7092 kB
Cached:          2374928 kB
SwapCached:            0 kB
Active:          1584172 kB
Inactive:        1909628 kB
Active(anon):    1016016 kB
Inactive(anon):   124052 kB
Active(file):     568156 kB
Inactive(file):  1785576 kB
Unevictable:        5672 kB
Mlocked:            5672 kB
SwapTotal:       3670008 kB
SwapFree:        3670008 kB
Dirty:               308 kB
Writeback:             0 kB
AnonPages:       1117372 kB
Mapped:           637628 kB
Shmem:             23656 kB
KReclaimable:     437652 kB
Slab:             210524 kB
SReclaimable:      56880 kB
SUnreclaim:       153644 kB
KernelStack:       43136 kB
PageTables:        54204 kB
NFS_Unstable:          0 kB
Bounce:                0 kB
WritebackTmp:          0 kB
CommitLimit:     6660208 kB
Committed_AS:   58887848 kB
VmallocTotal:   263061440 kB
VmallocUsed:       83512 kB
VmallocChunk:          0 kB
Percpu:             7616 kB
CmaTotal:         315392 kB
CmaFree:               0 kB
MemTotal:        5980404 kB
MemFree:          571020 kB
MemAvailable:    2799972 kB
Buffers:            7092 kB
Cached:          2374948 kB
SwapCached:            0 kB
Active:          1584600 kB
Inactive:        1909644 kB
Active(anon):    1016444 kB
Inactive(anon):   124068 kB
Active(file):     568156 kB
Inactive(file):  1785576 kB
Unevictable:        5672 kB
Mlocked:            5672 kB
SwapTotal:       3670008 kB
SwapFree:        3670008 kB
Dirty:               308 kB
Writeback:             0 kB
AnonPages:       1117840 kB
Mapped:           637824 kB
Shmem:             23676 kB
KReclaimable:     437652 kB
Slab:             210532 kB
SReclaimable:      56880 kB
SUnreclaim:       153652 kB
KernelStack:       43104 kB
PageTables:        54280 kB
NFS_Unstable:          0 kB
Bounce:                0 kB
WritebackTmp:          0 kB
CommitLimit:     6660208 kB
Committed_AS:   58887644 kB
VmallocTotal:   263061440 kB
VmallocUsed:       83480 kB
VmallocChunk:          0 kB
Percpu:             7616 kB
CmaTotal:         315392 kB
CmaFree:               0 kB
MemTotal:        5980404 kB
MemFree:          571240 kB
MemAvailable:    2800192 kB
Buffers:            7092 kB
Cached:          2374948 kB
SwapCached:            0 kB
Active:          1585244 kB
Inactive:        1909648 kB
Active(anon):    1017088 kB
Inactive(anon):   124072 kB
Active(file):     568156 kB
Inactive(file):  1785576 kB
Unevictable:        5672 kB
Mlocked:            5672 kB
SwapTotal:       3670008 kB
SwapFree:        3670008 kB
Dirty:               308 kB
Writeback:             0 kB
AnonPages:       1118676 kB
Mapped:           637776 kB
Shmem:             23676 kB
KReclaimable:     437652 kB
Slab:             210516 kB
SReclaimable:      56880 kB
SUnreclaim:       153636 kB
KernelStack:       43104 kB
PageTables:        54272 kB
NFS_Unstable:          0 kB
Bounce:                0 kB
WritebackTmp:          0 kB
CommitLimit:     6660208 kB
Committed_AS:   58884756 kB
VmallocTotal:   263061440 kB
VmallocUsed:       83496 kB
VmallocChunk:          0 kB
Percpu:             7616 kB
CmaTotal:         315392 kB
CmaFree:               0 kB
MemTotal:        5980404 kB
MemFree:          570480 kB
MemAvailable:    2799432 kB
Buffers:            7092 kB
Cached:          2374948 kB
SwapCached:            0 kB
Active:          1585812 kB
Inactive:        1909648 kB
Active(anon):    1017656 kB
Inactive(anon):   124072 kB
Active(file):     568156 kB
Inactive(file):  1785576 kB
Unevictable:        5672 kB
Mlocked:            5672 kB
SwapTotal:       3670008 kB
SwapFree:        3670008 kB
Dirty:               308 kB
Writeback:             0 kB
AnonPages:       1119000 kB
Mapped:           638092 kB
Shmem:             23676 kB
KReclaimable:     437652 kB
Slab:             210532 kB
SReclaimable:      56880 kB
SUnreclaim:       153652 kB
KernelStack:       43136 kB
PageTables:        54216 kB
NFS_Unstable:          0 kB
Bounce:                0 kB
WritebackTmp:          0 kB
CommitLimit:     6660208 kB
Committed_AS:   58887468 kB
VmallocTotal:   263061440 kB
VmallocUsed:       83480 kB
VmallocChunk:          0 kB
Percpu:             7616 kB
CmaTotal:         315392 kB
CmaFree:               0 kB
MemTotal:        5980404 kB
MemFree:          570684 kB
MemAvailable:    2799644 kB
Buffers:            7092 kB
Cached:          2374956 kB
SwapCached:            0 kB
Active:          1585852 kB
Inactive:        1909652 kB
Active(anon):    1017692 kB
Inactive(anon):   124072 kB
Active(file):     568160 kB
Inactive(file):  1785580 kB
Unevictable:        5672 kB
Mlocked:            5672 kB
SwapTotal:       3670008 kB
SwapFree:        3670008 kB
Dirty:               332 kB
Writeback:             0 kB
AnonPages:       1119516 kB
Mapped:           637912 kB
Shmem:             23676 kB
KReclaimable:     437652 kB
Slab:             210524 kB
SReclaimable:      56880 kB
SUnreclaim:       153644 kB
KernelStack:       43100 kB
PageTables:        54436 kB
NFS_Unstable:          0 kB
Bounce:                0 kB
WritebackTmp:          0 kB
CommitLimit:     6660208 kB
Committed_AS:   58888952 kB
VmallocTotal:   263061440 kB
VmallocUsed:       83496 kB
VmallocChunk:          0 kB
Percpu:             7616 kB
CmaTotal:         315392 kB
CmaFree:              12 kB
MemTotal:        5980404 kB
MemFree:          570112 kB
MemAvailable:    2799056 kB
Buffers:            7092 kB
Cached:          2374940 kB
SwapCached:            0 kB
Active:          1586200 kB
Inactive:        1909640 kB
Active(anon):    1018044 kB
Inactive(anon):   124072 kB
Active(file):     568156 kB
Inactive(file):  1785568 kB
Unevictable:        5672 kB
Mlocked:            5672 kB
SwapTotal:       3670008 kB
SwapFree:        3670008 kB
Dirty:               324 kB
Writeback:             0 kB
AnonPages:       1119556 kB
Mapped:           637876 kB
Shmem:             23676 kB
KReclaimable:     437652 kB
Slab:             210532 kB
SReclaimable:      56880 kB
SUnreclaim:       153652 kB
KernelStack:       43136 kB
PageTables:        54160 kB
NFS_Unstable:          0 kB
Bounce:                0 kB
WritebackTmp:          0 kB
CommitLimit:     6660208 kB
Committed_AS:   58888748 kB
VmallocTotal:   263061440 kB
VmallocUsed:       83464 kB
VmallocChunk:          0 kB
Percpu:             7616 kB
CmaTotal:         315392 kB
CmaFree:               4 kB
MemTotal:        5980404 kB
MemFree:          571588 kB
MemAvailable:    2800540 kB
Buffers:            7092 kB
Cached:          2374948 kB
SwapCached:            0 kB
Active:          1585952 kB
Inactive:        1909644 kB
Active(anon):    1017792 kB
Inactive(anon):   124072 kB
Active(file):     568160 kB
Inactive(file):  1785572 kB
Unevictable:        5672 kB
Mlocked:            5672 kB
SwapTotal:       3670008 kB
SwapFree:        3670008 kB
Dirty:               332 kB
Writeback:             0 kB
AnonPages:       1119360 kB
Mapped:           637736 kB
Shmem:             23676 kB
KReclaimable:     437652 kB
Slab:             210516 kB
SReclaimable:      56880 kB
SUnreclaim:       153636 kB
KernelStack:       43136 kB
PageTables:        54216 kB
NFS_Unstable:          0 kB
Bounce:                0 kB
WritebackTmp:          0 kB
CommitLimit:     6660208 kB
Committed_AS:   58890892 kB
VmallocTotal:   263061440 kB
VmallocUsed:       83464 kB
VmallocChunk:          0 kB
Percpu:             7616 kB
CmaTotal:         315392 kB
CmaFree:              24 kB
MemTotal:        5980404 kB
MemFree:          570796 kB
MemAvailable:    2799748 kB
Buffers:            7092 kB
Cached:          2374948 kB
SwapCached:            0 kB
Active:          1586456 kB
Inactive:        1909644 kB
Active(anon):    1018296 kB
Inactive(anon):   124072 kB
Active(file):     568160 kB
Inactive(file):  1785572 kB
Unevictable:        5672 kB
Mlocked:            5672 kB
SwapTotal:       3670008 kB
SwapFree:        3670008 kB
Dirty:               332 kB
Writeback:             0 kB
AnonPages:       1119472 kB
Mapped:           637772 kB
Shmem:             23676 kB
KReclaimable:     437652 kB
Slab:             210532 kB
SReclaimable:      56880 kB
SUnreclaim:       153652 kB
KernelStack:       43104 kB
PageTables:        54236 kB
NFS_Unstable:          0 kB
Bounce:                0 kB
WritebackTmp:          0 kB
CommitLimit:     6660208 kB
Committed_AS:   58890644 kB
VmallocTotal:   263061440 kB
VmallocUsed:       83480 kB
VmallocChunk:          0 kB
Percpu:             7616 kB
CmaTotal:         315392 kB
CmaFree:               0 kB
MemTotal:        5980404 kB
MemFree:          571140 kB
MemAvailable:    2800092 kB
Buffers:            7092 kB
Cached:          2374948 kB
SwapCached:            0 kB
Active:          1586236 kB
Inactive:        1909644 kB
Active(anon):    1018076 kB
Inactive(anon):   124072 kB
Active(file):     568160 kB
Inactive(file):  1785572 kB
Unevictable:        5672 kB
Mlocked:            5672 kB
SwapTotal:       3670008 kB
SwapFree:        3670008 kB
Dirty:               332 kB
Writeback:             0 kB
AnonPages:       1119928 kB
Mapped:           637628 kB
Shmem:             23676 kB
KReclaimable:     437652 kB
Slab:             210516 kB
SReclaimable:      56880 kB
SUnreclaim:       153636 kB
KernelStack:       43120 kB
PageTables:        54240 kB
NFS_Unstable:          0 kB
Bounce:                0 kB
WritebackTmp:          0 kB
CommitLimit:     6660208 kB
Committed_AS:   58891100 kB
VmallocTotal:   263061440 kB
VmallocUsed:       83432 kB
VmallocChunk:          0 kB
Percpu:             7616 kB
CmaTotal:         315392 kB
CmaFree:               8 kB
MemTotal:        5980404 kB
MemFree:          569856 kB
MemAvailable:    2798808 kB
Buffers:            7092 kB
Cached:          2374948 kB
SwapCached:            0 kB
Active:          1586988 kB
Inactive:        1909644 kB
Active(anon):    1018828 kB
Inactive(anon):   124072 kB
Active(file):     568160 kB
Inactive(file):  1785572 kB
Unevictable:        5672 kB
Mlocked:            5672 kB
SwapTotal:       3670008 kB
SwapFree:        3670008 kB
Dirty:               332 kB
Writeback:             0 kB
AnonPages:       1120184 kB
Mapped:           637856 kB
Shmem:             23676 kB
KReclaimable:     437652 kB
Slab:             210532 kB
SReclaimable:      56880 kB
SUnreclaim:       153652 kB
KernelStack:       43092 kB
PageTables:        53928 kB
NFS_Unstable:          0 kB
Bounce:                0 kB
WritebackTmp:          0 kB
CommitLimit:     6660208 kB
Committed_AS:   58887664 kB
VmallocTotal:   263061440 kB
VmallocUsed:       83416 kB
VmallocChunk:          0 kB
Percpu:             7616 kB
CmaTotal:         315392 kB
CmaFree:               0 kB
MemTotal:        5980404 kB
MemFree:          570832 kB
MemAvailable:    2799800 kB
Buffers:            7096 kB
Cached:          2374964 kB
SwapCached:            0 kB
Active:          1587060 kB
Inactive:        1909660 kB
Active(anon):    1018900 kB
Inactive(anon):   124072 kB
Active(file):     568160 kB
Inactive(file):  1785588 kB
Unevictable:        5672 kB
Mlocked:            5672 kB
SwapTotal:       3670008 kB
SwapFree:        3670008 kB
Dirty:               308 kB
Writeback:             0 kB
AnonPages:       1120412 kB
Mapped:           637808 kB
Shmem:             23676 kB
KReclaimable:     437652 kB
Slab:             210516 kB
SReclaimable:      56880 kB
SUnreclaim:       153636 kB
KernelStack:       43168 kB
PageTables:        54100 kB
NFS_Unstable:          0 kB
Bounce:                0 kB
WritebackTmp:          0 kB
CommitLimit:     6660208 kB
Committed_AS:   58887684 kB
VmallocTotal:   263061440 kB
VmallocUsed:       83464 kB
VmallocChunk:          0 kB
Percpu:             7616 kB
CmaTotal:         315392 kB
CmaFree:               0 kB
MemTotal:        5980404 kB
MemFree:          569508 kB
MemAvailable:    2798472 kB
Buffers:            7096 kB
Cached:          2374956 kB
SwapCached:            0 kB
Active:          1587400 kB
Inactive:        1909656 kB
Active(anon):    1019240 kB
Inactive(anon):   124072 kB
Active(file):     568160 kB
Inactive(file):  1785584 kB
Unevictable:        5672 kB
Mlocked:            5672 kB
SwapTotal:       3670008 kB
SwapFree:        3670008 kB
Dirty:               308 kB
Writeback:             0 kB
AnonPages:       1120736 kB
Mapped:           638044 kB
Shmem:             23676 kB
KReclaimable:     437652 kB
Slab:             210564 kB
SReclaimable:      56880 kB
SUnreclaim:       153684 kB
KernelStack:       43124 kB
PageTables:        54004 kB
NFS_Unstable:          0 kB
Bounce:                0 kB
WritebackTmp:          0 kB
CommitLimit:     6660208 kB
Committed_AS:   58887200 kB
VmallocTotal:   263061440 kB
VmallocUsed:       83448 kB
VmallocChunk:          0 kB
Percpu:             7616 kB
CmaTotal:         315392 kB
CmaFree:               0 kB
MemTotal:        5980404 kB
MemFree:          567552 kB
MemAvailable:    2796532 kB
Buffers:            7096 kB
Cached:          2374972 kB
SwapCached:            0 kB
Active:          1588196 kB
Inactive:        1909664 kB
Active(anon):    1020028 kB
Inactive(anon):   124072 kB
Active(file):     568168 kB
Inactive(file):  1785592 kB
Unevictable:        5672 kB
Mlocked:            5672 kB
SwapTotal:       3670008 kB
SwapFree:        3670008 kB
Dirty:               316 kB
Writeback:             0 kB
AnonPages:       1121300 kB
Mapped:           637856 kB
Shmem:             23676 kB
KReclaimable:     437652 kB
Slab:             210492 kB
SReclaimable:      56880 kB
SUnreclaim:       153612 kB
KernelStack:       43120 kB
PageTables:        54204 kB
NFS_Unstable:          0 kB
Bounce:                0 kB
WritebackTmp:          0 kB
CommitLimit:     6660208 kB
Committed_AS:   58890016 kB
VmallocTotal:   263061440 kB
VmallocUsed:       83448 kB
VmallocChunk:          0 kB
Percpu:             7616 kB
CmaTotal:         315392 kB
CmaFree:               0 kB
MemTotal:        5980404 kB
MemFree:          568820 kB
MemAvailable:    2797792 kB
Buffers:            7096 kB
Cached:          2374968 kB
SwapCached:            0 kB
Active:          1588500 kB
Inactive:        1909664 kB
Active(anon):    1020336 kB
Inactive(anon):   124076 kB
Active(file):     568164 kB
Inactive(file):  1785588 kB
Unevictable:        5672 kB
Mlocked:            5672 kB
SwapTotal:       3670008 kB
SwapFree:        3670008 kB
Dirty:               176 kB
Writeback:             0 kB
AnonPages:       1121568 kB
Mapped:           638012 kB
Shmem:             23680 kB
KReclaimable:     437652 kB
Slab:             210532 kB
SReclaimable:      56880 kB
SUnreclaim:       153652 kB
KernelStack:       43152 kB
PageTables:        54348 kB
NFS_Unstable:          0 kB
Bounce:                0 kB
WritebackTmp:          0 kB
CommitLimit:     6660208 kB
Committed_AS:   58885588 kB
VmallocTotal:   263061440 kB
VmallocUsed:       83448 kB
VmallocChunk:          0 kB
Percpu:             7616 kB
CmaTotal:         315392 kB
CmaFree:               8 kB
MemTotal:        5980404 kB
MemFree:          567008 kB
MemAvailable:    2795980 kB
Buffers:            7096 kB
Cached:          2374968 kB
SwapCached:            0 kB
Active:          1588904 kB
Inactive:        1909664 kB
Active(anon):    1020740 kB
Inactive(anon):   124076 kB
Active(file):     568164 kB
Inactive(file):  1785588 kB
Unevictable:        5672 kB
Mlocked:            5672 kB
SwapTotal:       3670008 kB
SwapFree:        3670008 kB
Dirty:               192 kB
Writeback:             0 kB
AnonPages:       1122288 kB
Mapped:           637736 kB
Shmem:             23680 kB
KReclaimable:     437652 kB
Slab:             210524 kB
SReclaimable:      56880 kB
SUnreclaim:       153644 kB
KernelStack:       43132 kB
PageTables:        54216 kB
NFS_Unstable:          0 kB
Bounce:                0 kB
WritebackTmp:          0 kB
CommitLimit:     6660208 kB
Committed_AS:   58885936 kB
VmallocTotal:   263061440 kB
VmallocUsed:       83496 kB
VmallocChunk:          0 kB
Percpu:             7616 kB
CmaTotal:         315392 kB
CmaFree:               0 kB
MemTotal:        5980404 kB
MemFree:          567948 kB
MemAvailable:    2796920 kB
Buffers:            7096 kB
Cached:          2374968 kB
SwapCached:            0 kB
Active:          1589288 kB
Inactive:        1909664 kB
Active(anon):    1021124 kB
Inactive(anon):   124076 kB
Active(file):     568164 kB
Inactive(file):  1785588 kB
Unevictable:        5672 kB
Mlocked:            5672 kB
SwapTotal:       3670008 kB
SwapFree:        3670008 kB
Dirty:               212 kB
Writeback:             0 kB
AnonPages:       1122276 kB
Mapped:           637636 kB
Shmem:             23680 kB
KReclaimable:     437652 kB
Slab:             210524 kB
SReclaimable:      56880 kB
SUnreclaim:       153644 kB
KernelStack:       43148 kB
PageTables:        54040 kB
NFS_Unstable:          0 kB
Bounce:                0 kB
WritebackTmp:          0 kB
CommitLimit:     6660208 kB
Committed_AS:   58884864 kB
VmallocTotal:   263061440 kB
VmallocUsed:       83496 kB
VmallocChunk:          0 kB
Percpu:             7616 kB
CmaTotal:         315392 kB
CmaFree:               0 kB
MemTotal:        5980404 kB
MemFree:          567912 kB
MemAvailable:    2796876 kB
Buffers:            7096 kB
Cached:          2374960 kB
SwapCached:            0 kB
Active:          1589512 kB
Inactive:        1909660 kB
Active(anon):    1021352 kB
Inactive(anon):   124076 kB
Active(file):     568160 kB
Inactive(file):  1785584 kB
Unevictable:        5672 kB
Mlocked:            5672 kB
SwapTotal:       3670008 kB
SwapFree:        3670008 kB
Dirty:               204 kB
Writeback:             0 kB
AnonPages:       1122972 kB
Mapped:           637556 kB
Shmem:             23680 kB
KReclaimable:     437652 kB
Slab:             210524 kB
SReclaimable:      56880 kB
SUnreclaim:       153644 kB
KernelStack:       43152 kB
PageTables:        54248 kB
NFS_Unstable:          0 kB
Bounce:                0 kB
WritebackTmp:          0 kB
CommitLimit:     6660208 kB
Committed_AS:   58888036 kB
VmallocTotal:   263061440 kB
VmallocUsed:       83480 kB
VmallocChunk:          0 kB
Percpu:             7616 kB
CmaTotal:         315392 kB
CmaFree:               0 kB
MemTotal:        5980404 kB
MemFree:          567128 kB
MemAvailable:    2796100 kB
Buffers:            7096 kB
Cached:          2374968 kB
SwapCached:            0 kB
Active:          1590180 kB
Inactive:        1909664 kB
Active(anon):    1022016 kB
Inactive(anon):   124076 kB
Active(file):     568164 kB
Inactive(file):  1785588 kB
Unevictable:        5672 kB
Mlocked:            5672 kB
SwapTotal:       3670008 kB
SwapFree:        3670008 kB
Dirty:               212 kB
Writeback:             0 kB
AnonPages:       1123660 kB
Mapped:           637796 kB
Shmem:             23680 kB
KReclaimable:     437652 kB
Slab:             210532 kB
SReclaimable:      56880 kB
SUnreclaim:       153652 kB
KernelStack:       43088 kB
PageTables:        54180 kB
NFS_Unstable:          0 kB
Bounce:                0 kB
WritebackTmp:          0 kB
CommitLimit:     6660208 kB
Committed_AS:   58885692 kB
VmallocTotal:   263061440 kB
VmallocUsed:       83448 kB
VmallocChunk:          0 kB
Percpu:             7616 kB
CmaTotal:         315392 kB
CmaFree:               0 kB
MemTotal:        5980404 kB
MemFree:          565140 kB
MemAvailable:    2794120 kB
Buffers:            7096 kB
Cached:          2374960 kB
SwapCached:            0 kB
Active:          1590668 kB
Inactive:        1909656 kB
Active(anon):    1022504 kB
Inactive(anon):   124076 kB
Active(file):     568164 kB
Inactive(file):  1785580 kB
Unevictable:        5672 kB
Mlocked:            5672 kB
SwapTotal:       3670008 kB
SwapFree:        3670008 kB
Dirty:               212 kB
Writeback:             0 kB
AnonPages:       1123968 kB
Mapped:           637792 kB
Shmem:             23680 kB
KReclaimable:     437668 kB
Slab:             210532 kB
SReclaimable:      56896 kB
SUnreclaim:       153636 kB
KernelStack:       43120 kB
PageTables:        54312 kB
NFS_Unstable:          0 kB
Bounce:                0 kB
WritebackTmp:          0 kB
CommitLimit:     6660208 kB
Committed_AS:   58885344 kB
VmallocTotal:   263061440 kB
VmallocUsed:       83448 kB
VmallocChunk:          0 kB
Percpu:             7616 kB
CmaTotal:         315392 kB
CmaFree:               4 kB
MemTotal:        5980404 kB
MemFree:          566280 kB
MemAvailable:    2795252 kB
Buffers:            7096 kB
Cached:          2374968 kB
SwapCached:            0 kB
Active:          1591360 kB
Inactive:        1909664 kB
Active(anon):    1023196 kB
Inactive(anon):   124076 kB
Active(file):     568164 kB
Inactive(file):  1785588 kB
Unevictable:        5672 kB
Mlocked:            5672 kB
SwapTotal:       3670008 kB
SwapFree:        3670008 kB
Dirty:               212 kB
Writeback:             0 kB
AnonPages:       1124380 kB
Mapped:           637664 kB
Shmem:             23680 kB
KReclaimable:     437652 kB
Slab:             210548 kB
SReclaimable:      56880 kB
SUnreclaim:       153668 kB
KernelStack:       43136 kB
PageTables:        54308 kB
NFS_Unstable:          0 kB
Bounce:                0 kB
WritebackTmp:          0 kB
CommitLimit:     6660208 kB
Committed_AS:   58887384 kB
VmallocTotal:   263061440 kB
VmallocUsed:       83416 kB
VmallocChunk:          0 kB
Percpu:             7616 kB
CmaTotal:         315392 kB
CmaFree:               0 kB
MemTotal:        5980404 kB
MemFree:          566508 kB
MemAvailable:    2795480 kB
Buffers:            7096 kB
Cached:          2374968 kB
SwapCached:            0 kB
Active:          1591516 kB
Inactive:        1909664 kB
Active(anon):    1023352 kB
Inactive(anon):   124076 kB
Active(file):     568164 kB
Inactive(file):  1785588 kB
Unevictable:        5672 kB
Mlocked:            5672 kB
SwapTotal:       3670008 kB
SwapFree:        3670008 kB
Dirty:               228 kB
Writeback:             0 kB
AnonPages:       1124736 kB
Mapped:           637776 kB
Shmem:             23680 kB
KReclaimable:     437652 kB
Slab:             210524 kB
SReclaimable:      56880 kB
SUnreclaim:       153644 kB
KernelStack:       43088 kB
PageTables:        54096 kB
NFS_Unstable:          0 kB
Bounce:                0 kB
WritebackTmp:          0 kB
CommitLimit:     6660208 kB
Committed_AS:   58888304 kB
VmallocTotal:   263061440 kB
VmallocUsed:       83416 kB
VmallocChunk:          0 kB
Percpu:             7616 kB
CmaTotal:         315392 kB
CmaFree:               0 kB
MemTotal:        5980404 kB
MemFree:          566676 kB
MemAvailable:    2795640 kB
Buffers:            7096 kB
Cached:          2374960 kB
SwapCached:            0 kB
Active:          1591512 kB
Inactive:        1909656 kB
Active(anon):    1023348 kB
Inactive(anon):   124076 kB
Active(file):     568164 kB
Inactive(file):  1785580 kB
Unevictable:        5672 kB
Mlocked:            5672 kB
SwapTotal:       3670008 kB
SwapFree:        3670008 kB
Dirty:               236 kB
Writeback:             0 kB
AnonPages:       1124916 kB
Mapped:           637928 kB
Shmem:             23680 kB
KReclaimable:     437652 kB
Slab:             210540 kB
SReclaimable:      56880 kB
SUnreclaim:       153660 kB
KernelStack:       43168 kB
PageTables:        54384 kB
NFS_Unstable:          0 kB
Bounce:                0 kB
WritebackTmp:          0 kB
CommitLimit:     6660208 kB
Committed_AS:   58889316 kB
VmallocTotal:   263061440 kB
VmallocUsed:       83432 kB
VmallocChunk:          0 kB
Percpu:             7616 kB
CmaTotal:         315392 kB
CmaFree:               0 kB
MemTotal:        5980404 kB
MemFree:          564896 kB
MemAvailable:    2793876 kB
Buffers:            7096 kB
Cached:          2374976 kB
SwapCached:            0 kB
Active:          1591912 kB
Inactive:        1909668 kB
Active(anon):    1023744 kB
Inactive(anon):   124076 kB
Active(file):     568168 kB
Inactive(file):  1785592 kB
Unevictable:        5672 kB
Mlocked:            5672 kB
SwapTotal:       3670008 kB
SwapFree:        3670008 kB
Dirty:               244 kB
Writeback:             0 kB
AnonPages:       1125116 kB
Mapped:           638000 kB
Shmem:             23680 kB
KReclaimable:     437652 kB
Slab:             210524 kB
SReclaimable:      56880 kB
SUnreclaim:       153644 kB
KernelStack:       43056 kB
PageTables:        54000 kB
NFS_Unstable:          0 kB
Bounce:                0 kB
WritebackTmp:          0 kB
CommitLimit:     6660208 kB
Committed_AS:   58884272 kB
VmallocTotal:   263061440 kB
VmallocUsed:       83416 kB
VmallocChunk:          0 kB
Percpu:             7616 kB
CmaTotal:         315392 kB
CmaFree:               0 kB
MemTotal:        5980404 kB
MemFree:          565132 kB
MemAvailable:    2794104 kB
Buffers:            7096 kB
Cached:          2374968 kB
SwapCached:            0 kB
Active:          1592264 kB
Inactive:        1909664 kB
Active(anon):    1024100 kB
Inactive(anon):   124076 kB
Active(file):     568164 kB
Inactive(file):  1785588 kB
Unevictable:        5672 kB
Mlocked:            5672 kB
SwapTotal:       3670008 kB
SwapFree:        3670008 kB
Dirty:               236 kB
Writeback:             0 kB
AnonPages:       1125360 kB
Mapped:           637756 kB
Shmem:             23680 kB
KReclaimable:     437652 kB
Slab:             210532 kB
SReclaimable:      56880 kB
SUnreclaim:       153652 kB
KernelStack:       43088 kB
PageTables:        54360 kB
NFS_Unstable:          0 kB
Bounce:                0 kB
WritebackTmp:          0 kB
CommitLimit:     6660208 kB
Committed_AS:   58886152 kB
VmallocTotal:   263061440 kB
VmallocUsed:       83384 kB
VmallocChunk:          0 kB
Percpu:             7616 kB
CmaTotal:         315392 kB
CmaFree:               0 kB
MemTotal:        5980404 kB
MemFree:          563968 kB
MemAvailable:    2792940 kB
Buffers:            7096 kB
Cached:          2374968 kB
SwapCached:            0 kB
Active:          1592600 kB
Inactive:        1909664 kB
Active(anon):    1024436 kB
Inactive(anon):   124076 kB
Active(file):     568164 kB
Inactive(file):  1785588 kB
Unevictable:        5672 kB
Mlocked:            5672 kB
SwapTotal:       3670008 kB
SwapFree:        3670008 kB
Dirty:               240 kB
Writeback:             0 kB
AnonPages:       1126112 kB
Mapped:           637796 kB
Shmem:             23680 kB
KReclaimable:     437652 kB
Slab:             210524 kB
SReclaimable:      56880 kB
SUnreclaim:       153644 kB
KernelStack:       43104 kB
PageTables:        54320 kB
NFS_Unstable:          0 kB
Bounce:                0 kB
WritebackTmp:          0 kB
CommitLimit:     6660208 kB
Committed_AS:   58885892 kB
VmallocTotal:   263061440 kB
VmallocUsed:       83416 kB
VmallocChunk:          0 kB
Percpu:             7616 kB
CmaTotal:         315392 kB
CmaFree:               0 kB
MemTotal:        5980404 kB
MemFree:          563412 kB
MemAvailable:    2792400 kB
Buffers:            7104 kB
Cached:          2374976 kB
SwapCached:            0 kB
Active:          1592792 kB
Inactive:        1909676 kB
Active(anon):    1024624 kB
Inactive(anon):   124076 kB
Active(file):     568168 kB
Inactive(file):  1785600 kB
Unevictable:        5672 kB
Mlocked:            5672 kB
SwapTotal:       3670008 kB
SwapFree:        3670008 kB
Dirty:               224 kB
Writeback:             0 kB
AnonPages:       1126000 kB
Mapped:           637792 kB
Shmem:             23680 kB
KReclaimable:     437652 kB
Slab:             210524 kB
SReclaimable:      56880 kB
SUnreclaim:       153644 kB
KernelStack:       43104 kB
PageTables:        54176 kB
NFS_Unstable:          0 kB
Bounce:                0 kB
WritebackTmp:          0 kB
CommitLimit:     6660208 kB
Committed_AS:   58884844 kB
VmallocTotal:   263061440 kB
VmallocUsed:       83384 kB
VmallocChunk:          0 kB
Percpu:             7616 kB
CmaTotal:         315392 kB
CmaFree:               0 kB
MemTotal:        5980404 kB
MemFree:          562724 kB
MemAvailable:    2791720 kB
Buffers:            7104 kB
Cached:          2374984 kB
SwapCached:            0 kB
Active:          1593164 kB
Inactive:        1909676 kB
Active(anon):    1024988 kB
Inactive(anon):   124076 kB
Active(file):     568176 kB
Inactive(file):  1785600 kB
Unevictable:        5672 kB
Mlocked:            5672 kB
SwapTotal:       3670008 kB
SwapFree:        3670008 kB
Dirty:               228 kB
Writeback:             0 kB
AnonPages:       1126560 kB
Mapped:           637512 kB
Shmem:             23680 kB
KReclaimable:     437652 kB
Slab:             210524 kB
SReclaimable:      56880 kB
SUnreclaim:       153644 kB
KernelStack:       43120 kB
PageTables:        54112 kB
NFS_Unstable:          0 kB
Bounce:                0 kB
WritebackTmp:          0 kB
CommitLimit:     6660208 kB
Committed_AS:   58887624 kB
VmallocTotal:   263061440 kB
VmallocUsed:       83432 kB
VmallocChunk:          0 kB
Percpu:             7616 kB
CmaTotal:         315392 kB
CmaFree:               8 kB
MemTotal:        5980404 kB
MemFree:          562800 kB
MemAvailable:    2791804 kB
Buffers:            7104 kB
Cached:          2374992 kB
SwapCached:            0 kB
Active:          1593192 kB
Inactive:        1909680 kB
Active(anon):    1025012 kB
Inactive(anon):   124076 kB
Active(file):     568180 kB
Inactive(file):  1785604 kB
Unevictable:        5672 kB
Mlocked:            5672 kB
SwapTotal:       3670008 kB
SwapFree:        3670008 kB
Dirty:               232 kB
Writeback:             0 kB
AnonPages:       1126712 kB
Mapped:           638048 kB
Shmem:             23680 kB
KReclaimable:     437652 kB
Slab:             210532 kB
SReclaimable:      56880 kB
SUnreclaim:       153652 kB
KernelStack:       43040 kB
PageTables:        54180 kB
NFS_Unstable:          0 kB
Bounce:                0 kB
WritebackTmp:          0 kB
CommitLimit:     6660208 kB
Committed_AS:   58886680 kB
VmallocTotal:   263061440 kB
VmallocUsed:       83448 kB
VmallocChunk:          0 kB
Percpu:             7616 kB
CmaTotal:         315392 kB
CmaFree:               0 kB
MemTotal:        5980404 kB
MemFree:          572992 kB
MemAvailable:    2801992 kB
Buffers:            7104 kB
Cached:          2374988 kB
SwapCached:            0 kB
Active:          1582556 kB
Inactive:        1909680 kB
Active(anon):    1014380 kB
Inactive(anon):   124076 kB
Active(file):     568176 kB
Inactive(file):  1785604 kB
Unevictable:        5672 kB
Mlocked:            5672 kB
SwapTotal:       3670008 kB
SwapFree:        3670008 kB
Dirty:               236 kB
Writeback:             0 kB
AnonPages:       1115984 kB
Mapped:           637796 kB
Shmem:             23680 kB
KReclaimable:     437652 kB
Slab:             210532 kB
SReclaimable:      56880 kB
SUnreclaim:       153652 kB
KernelStack:       43120 kB
PageTables:        54320 kB
NFS_Unstable:          0 kB
Bounce:                0 kB
WritebackTmp:          0 kB
CommitLimit:     6660208 kB
Committed_AS:   58885232 kB
VmallocTotal:   263061440 kB
VmallocUsed:       83416 kB
VmallocChunk:          0 kB
Percpu:             7616 kB
CmaTotal:         315392 kB
CmaFree:               0 kB
MemTotal:        5980404 kB
MemFree:          573072 kB
MemAvailable:    2802072 kB
Buffers:            7104 kB
Cached:          2374988 kB
SwapCached:            0 kB
Active:          1583324 kB
Inactive:        1909680 kB
Active(anon):    1015148 kB
Inactive(anon):   124076 kB
Active(file):     568176 kB
Inactive(file):  1785604 kB
Unevictable:        5672 kB
Mlocked:            5672 kB
SwapTotal:       3670008 kB
SwapFree:        3670008 kB
Dirty:               236 kB
Writeback:             0 kB
AnonPages:       1116672 kB
Mapped:           637568 kB
Shmem:             23680 kB
KReclaimable:     437652 kB
Slab:             210516 kB
SReclaimable:      56880 kB
SUnreclaim:       153636 kB
KernelStack:       43120 kB
PageTables:        54320 kB
NFS_Unstable:          0 kB
Bounce:                0 kB
WritebackTmp:          0 kB
CommitLimit:     6660208 kB
Committed_AS:   58885928 kB
VmallocTotal:   263061440 kB
VmallocUsed:       83416 kB
VmallocChunk:          0 kB
Percpu:             7616 kB
CmaTotal:         315392 kB
CmaFree:               0 kB
MemTotal:        5980404 kB
MemFree:          572416 kB
MemAvailable:    2801424 kB
Buffers:            7104 kB
Cached:          2374996 kB
SwapCached:            0 kB
Active:          1583620 kB
Inactive:        1909684 kB
Active(anon):    1015440 kB
Inactive(anon):   124076 kB
Active(file):     568180 kB
Inactive(file):  1785608 kB
Unevictable:        5672 kB
Mlocked:            5672 kB
SwapTotal:       3670008 kB
SwapFree:        3670008 kB
Dirty:               240 kB
Writeback:             0 kB
AnonPages:       1117096 kB
Mapped:           637660 kB
Shmem:             23680 kB
KReclaimable:     437652 kB
Slab:             210540 kB
SReclaimable:      56880 kB
SUnreclaim:       153660 kB
KernelStack:       43088 kB
PageTables:        54204 kB
NFS_Unstable:          0 kB
Bounce:                0 kB
WritebackTmp:          0 kB
CommitLimit:     6660208 kB
Committed_AS:   58886512 kB
VmallocTotal:   263061440 kB
VmallocUsed:       83384 kB
VmallocChunk:          0 kB
Percpu:             7616 kB
CmaTotal:         315392 kB
CmaFree:               0 kB
MemTotal:        5980404 kB
MemFree:          572172 kB
MemAvailable:    2801172 kB
Buffers:            7104 kB
Cached:          2374988 kB
SwapCached:            0 kB
Active:          1584156 kB
Inactive:        1909680 kB
Active(anon):    1015980 kB
Inactive(anon):   124076 kB
Active(file):     568176 kB
Inactive(file):  1785604 kB
Unevictable:        5672 kB
Mlocked:            5672 kB
SwapTotal:       3670008 kB
SwapFree:        3670008 kB
Dirty:               236 kB
Writeback:             0 kB
AnonPages:       1117424 kB
Mapped:           637976 kB
Shmem:             23680 kB
KReclaimable:     437652 kB
Slab:             210532 kB
SReclaimable:      56880 kB
SUnreclaim:       153652 kB
KernelStack:       43136 kB
PageTables:        54028 kB
NFS_Unstable:          0 kB
Bounce:                0 kB
WritebackTmp:          0 kB
CommitLimit:     6660208 kB
Committed_AS:   58883908 kB
VmallocTotal:   263061440 kB
VmallocUsed:       83400 kB
VmallocChunk:          0 kB
Percpu:             7616 kB
CmaTotal:         315392 kB
CmaFree:              16 kB
MemTotal:        5980404 kB
MemFree:          572488 kB
MemAvailable:    2801488 kB
Buffers:            7104 kB
Cached:          2374988 kB
SwapCached:            0 kB
Active:          1583716 kB
Inactive:        1909680 kB
Active(anon):    1015540 kB
Inactive(anon):   124076 kB
Active(file):     568176 kB
Inactive(file):  1785604 kB
Unevictable:        5672 kB
Mlocked:            5672 kB
SwapTotal:       3670008 kB
SwapFree:        3670008 kB
Dirty:               236 kB
Writeback:             0 kB
AnonPages:       1117024 kB
Mapped:           637636 kB
Shmem:             23680 kB
KReclaimable:     437652 kB
Slab:             210524 kB
SReclaimable:      56880 kB
SUnreclaim:       153644 kB
KernelStack:       43072 kB
PageTables:        54092 kB
NFS_Unstable:          0 kB
Bounce:                0 kB
WritebackTmp:          0 kB
CommitLimit:     6660208 kB
Committed_AS:   58885948 kB
VmallocTotal:   263061440 kB
VmallocUsed:       83384 kB
VmallocChunk:          0 kB
Percpu:             7616 kB
CmaTotal:         315392 kB
CmaFree:               0 kB
MemTotal:        5980404 kB
MemFree:          571036 kB
MemAvailable:    2800044 kB
Buffers:            7104 kB
Cached:          2374996 kB
SwapCached:            0 kB
Active:          1584316 kB
Inactive:        1909684 kB
Active(anon):    1016136 kB
Inactive(anon):   124076 kB
Active(file):     568180 kB
Inactive(file):  1785608 kB
Unevictable:        5672 kB
Mlocked:            5672 kB
SwapTotal:       3670008 kB
SwapFree:        3670008 kB
Dirty:               240 kB
Writeback:             0 kB
AnonPages:       1117452 kB
Mapped:           637916 kB
Shmem:             23680 kB
KReclaimable:     437652 kB
Slab:             210532 kB
SReclaimable:      56880 kB
SUnreclaim:       153652 kB
KernelStack:       43116 kB
PageTables:        54168 kB
NFS_Unstable:          0 kB
Bounce:                0 kB
WritebackTmp:          0 kB
CommitLimit:     6660208 kB
Committed_AS:   58884792 kB
VmallocTotal:   263061440 kB
VmallocUsed:       83416 kB
VmallocChunk:          0 kB
Percpu:             7616 kB
CmaTotal:         315392 kB
CmaFree:               4 kB
MemTotal:        5980404 kB
MemFree:          570808 kB
MemAvailable:    2799824 kB
Buffers:            7104 kB
Cached:          2375004 kB
SwapCached:            0 kB
Active:          1584408 kB
Inactive:        1909692 kB
Active(anon):    1016228 kB
Inactive(anon):   124076 kB
Active(file):     568180 kB
Inactive(file):  1785616 kB
Unevictable:        5672 kB
Mlocked:            5672 kB
SwapTotal:       3670008 kB
SwapFree:        3670008 kB
Dirty:               264 kB
Writeback:             0 kB
AnonPages:       1117824 kB
Mapped:           637796 kB
Shmem:             23680 kB
KReclaimable:     437652 kB
Slab:             210532 kB
SReclaimable:      56880 kB
SUnreclaim:       153652 kB
KernelStack:       43060 kB
PageTables:        54356 kB
NFS_Unstable:          0 kB
Bounce:                0 kB
WritebackTmp:          0 kB
CommitLimit:     6660208 kB
Committed_AS:   58885564 kB
VmallocTotal:   263061440 kB
VmallocUsed:       83400 kB
VmallocChunk:          0 kB
Percpu:             7616 kB
CmaTotal:         315392 kB
CmaFree:               0 kB
MemTotal:        5980404 kB
MemFree:          570636 kB
MemAvailable:    2799748 kB
Buffers:            7104 kB
Cached:          2375092 kB
SwapCached:            0 kB
Active:          1584900 kB
Inactive:        1909784 kB
Active(anon):    1016724 kB
Inactive(anon):   124076 kB
Active(file):     568176 kB
Inactive(file):  1785708 kB
Unevictable:        5672 kB
Mlocked:            5672 kB
SwapTotal:       3670008 kB
SwapFree:        3670008 kB
Dirty:               368 kB
Writeback:             0 kB
AnonPages:       1118364 kB
Mapped:           637796 kB
Shmem:             23680 kB
KReclaimable:     437660 kB
Slab:             210540 kB
SReclaimable:      56888 kB
SUnreclaim:       153652 kB
KernelStack:       43072 kB
PageTables:        54180 kB
NFS_Unstable:          0 kB
Bounce:                0 kB
WritebackTmp:          0 kB
CommitLimit:     6660208 kB
Committed_AS:   58882796 kB
VmallocTotal:   263061440 kB
VmallocUsed:       83384 kB
VmallocChunk:          0 kB
Percpu:             7616 kB
CmaTotal:         315392 kB
CmaFree:               0 kB
MemTotal:        5980404 kB
MemFree:          570668 kB
MemAvailable:    2799780 kB
Buffers:            7104 kB
Cached:          2375140 kB
SwapCached:            0 kB
Active:          1587120 kB
Inactive:        1909824 kB
Active(anon):    1018936 kB
Inactive(anon):   124124 kB
Active(file):     568184 kB
Inactive(file):  1785700 kB
Unevictable:        5672 kB
Mlocked:            5672 kB
SwapTotal:       3670008 kB
SwapFree:        3670008 kB
Dirty:               496 kB
Writeback:             0 kB
AnonPages:       1120596 kB
Mapped:           637880 kB
Shmem:             23728 kB
KReclaimable:     437660 kB
Slab:             210540 kB
SReclaimable:      56888 kB
SUnreclaim:       153652 kB
KernelStack:       43316 kB
PageTables:        54288 kB
NFS_Unstable:          0 kB
Bounce:                0 kB
WritebackTmp:          0 kB
CommitLimit:     6660208 kB
Committed_AS:   58886604 kB
VmallocTotal:   263061440 kB
VmallocUsed:       83624 kB
VmallocChunk:          0 kB
Percpu:             7616 kB
CmaTotal:         315392 kB
CmaFree:             132 kB
MemTotal:        5980404 kB
MemFree:          564664 kB
MemAvailable:    2793800 kB
Buffers:            7104 kB
Cached:          2375132 kB
SwapCached:            0 kB
Active:          1590592 kB
Inactive:        1909788 kB
Active(anon):    1022380 kB
Inactive(anon):   124124 kB
Active(file):     568212 kB
Inactive(file):  1785664 kB
Unevictable:        5672 kB
Mlocked:            5672 kB
SwapTotal:       3670008 kB
SwapFree:        3670008 kB
Dirty:               904 kB
Writeback:             0 kB
AnonPages:       1123764 kB
Mapped:           646852 kB
Shmem:             23728 kB
KReclaimable:     437692 kB
Slab:             210588 kB
SReclaimable:      56920 kB
SUnreclaim:       153668 kB
KernelStack:       43488 kB
PageTables:        54452 kB
NFS_Unstable:          0 kB
Bounce:                0 kB
WritebackTmp:          0 kB
CommitLimit:     6660208 kB
Committed_AS:   58888508 kB
VmallocTotal:   263061440 kB
VmallocUsed:       83784 kB
VmallocChunk:          0 kB
Percpu:             7616 kB
CmaTotal:         315392 kB
CmaFree:              16 kB
MemTotal:        5980404 kB
MemFree:          564960 kB
MemAvailable:    2794128 kB
Buffers:            7104 kB
Cached:          2375136 kB
SwapCached:            0 kB
Active:          1591996 kB
Inactive:        1909792 kB
Active(anon):    1023784 kB
Inactive(anon):   124128 kB
Active(file):     568212 kB
Inactive(file):  1785664 kB
Unevictable:        5672 kB
Mlocked:            5672 kB
SwapTotal:       3670008 kB
SwapFree:        3670008 kB
Dirty:               912 kB
Writeback:             0 kB
AnonPages:       1125460 kB
Mapped:           646772 kB
Shmem:             23732 kB
KReclaimable:     437724 kB
Slab:             210604 kB
SReclaimable:      56952 kB
SUnreclaim:       153652 kB
KernelStack:       43440 kB
PageTables:        54264 kB
NFS_Unstable:          0 kB
Bounce:                0 kB
WritebackTmp:          0 kB
CommitLimit:     6660208 kB
Committed_AS:   58887816 kB
VmallocTotal:   263061440 kB
VmallocUsed:       83816 kB
VmallocChunk:          0 kB
Percpu:             7616 kB
CmaTotal:         315392 kB
CmaFree:               0 kB
MemTotal:        5980404 kB
MemFree:          563260 kB
MemAvailable:    2792428 kB
Buffers:            7104 kB
Cached:          2375136 kB
SwapCached:            0 kB
Active:          1592472 kB
Inactive:        1909792 kB
Active(anon):    1024260 kB
Inactive(anon):   124128 kB
Active(file):     568212 kB
Inactive(file):  1785664 kB
Unevictable:        5672 kB
Mlocked:            5672 kB
SwapTotal:       3670008 kB
SwapFree:        3670008 kB
Dirty:               928 kB
Writeback:             0 kB
AnonPages:       1125784 kB
Mapped:           646780 kB
Shmem:             23732 kB
KReclaimable:     437724 kB
Slab:             210604 kB
SReclaimable:      56952 kB
SUnreclaim:       153652 kB
KernelStack:       43504 kB
PageTables:        54304 kB
NFS_Unstable:          0 kB
Bounce:                0 kB
WritebackTmp:          0 kB
CommitLimit:     6660208 kB
Committed_AS:   58888952 kB
VmallocTotal:   263061440 kB
VmallocUsed:       83800 kB
VmallocChunk:          0 kB
Percpu:             7616 kB
CmaTotal:         315392 kB
CmaFree:               0 kB
MemTotal:        5980404 kB
MemFree:          563700 kB
MemAvailable:    2792892 kB
Buffers:            7108 kB
Cached:          2375152 kB
SwapCached:            0 kB
Active:          1592508 kB
Inactive:        1909812 kB
Active(anon):    1024296 kB
Inactive(anon):   124128 kB
Active(file):     568212 kB
Inactive(file):  1785684 kB
Unevictable:        5672 kB
Mlocked:            5672 kB
SwapTotal:       3670008 kB
SwapFree:        3670008 kB
Dirty:               908 kB
Writeback:             0 kB
AnonPages:       1125708 kB
Mapped:           646568 kB
Shmem:             23732 kB
KReclaimable:     437728 kB
Slab:             210608 kB
SReclaimable:      56956 kB
SUnreclaim:       153652 kB
KernelStack:       43472 kB
PageTables:        54288 kB
NFS_Unstable:          0 kB
Bounce:                0 kB
WritebackTmp:          0 kB
CommitLimit:     6660208 kB
Committed_AS:   58888308 kB
VmallocTotal:   263061440 kB
VmallocUsed:       83784 kB
VmallocChunk:          0 kB
Percpu:             7616 kB
CmaTotal:         315392 kB
CmaFree:               0 kB
MemTotal:        5980404 kB
MemFree:          562920 kB
MemAvailable:    2792132 kB
Buffers:            7108 kB
Cached:          2375172 kB
SwapCached:            0 kB
Active:          1593068 kB
Inactive:        1909824 kB
Active(anon):    1024848 kB
Inactive(anon):   124128 kB
Active(file):     568220 kB
Inactive(file):  1785696 kB
Unevictable:        5672 kB
Mlocked:            5672 kB
SwapTotal:       3670008 kB
SwapFree:        3670008 kB
Dirty:               928 kB
Writeback:             0 kB
AnonPages:       1126580 kB
Mapped:           646784 kB
Shmem:             23732 kB
KReclaimable:     437728 kB
Slab:             210608 kB
SReclaimable:      56956 kB
SUnreclaim:       153652 kB
KernelStack:       43472 kB
PageTables:        54124 kB
NFS_Unstable:          0 kB
Bounce:                0 kB
WritebackTmp:          0 kB
CommitLimit:     6660208 kB
Committed_AS:   58887276 kB
VmallocTotal:   263061440 kB
VmallocUsed:       83800 kB
VmallocChunk:          0 kB
Percpu:             7616 kB
CmaTotal:         315392 kB
CmaFree:               0 kB
MemTotal:        5980404 kB
MemFree:          562188 kB
MemAvailable:    2791384 kB
Buffers:            7108 kB
Cached:          2375156 kB
SwapCached:            0 kB
Active:          1593984 kB
Inactive:        1909812 kB
Active(anon):    1025768 kB
Inactive(anon):   124128 kB
Active(file):     568216 kB
Inactive(file):  1785684 kB
Unevictable:        5672 kB
Mlocked:            5672 kB
SwapTotal:       3670008 kB
SwapFree:        3670008 kB
Dirty:               920 kB
Writeback:             0 kB
AnonPages:       1127324 kB
Mapped:           647012 kB
Shmem:             23732 kB
KReclaimable:     437728 kB
Slab:             210608 kB
SReclaimable:      56956 kB
SUnreclaim:       153652 kB
KernelStack:       43452 kB
PageTables:        53992 kB
NFS_Unstable:          0 kB
Bounce:                0 kB
WritebackTmp:          0 kB
CommitLimit:     6660208 kB
Committed_AS:   58889180 kB
VmallocTotal:   263061440 kB
VmallocUsed:       83816 kB
VmallocChunk:          0 kB
Percpu:             7616 kB
CmaTotal:         315392 kB
CmaFree:               0 kB
MemTotal:        5980404 kB
MemFree:          561076 kB
MemAvailable:    2790272 kB
Buffers:            7108 kB
Cached:          2375156 kB
SwapCached:            0 kB
Active:          1594432 kB
Inactive:        1909812 kB
Active(anon):    1026216 kB
Inactive(anon):   124128 kB
Active(file):     568216 kB
Inactive(file):  1785684 kB
Unevictable:        5672 kB
Mlocked:            5672 kB
SwapTotal:       3670008 kB
SwapFree:        3670008 kB
Dirty:               920 kB
Writeback:             0 kB
AnonPages:       1127596 kB
Mapped:           646808 kB
Shmem:             23732 kB
KReclaimable:     437728 kB
Slab:             210608 kB
SReclaimable:      56956 kB
SUnreclaim:       153652 kB
KernelStack:       43472 kB
PageTables:        54276 kB
NFS_Unstable:          0 kB
Bounce:                0 kB
WritebackTmp:          0 kB
CommitLimit:     6660208 kB
Committed_AS:   58892232 kB
VmallocTotal:   263061440 kB
VmallocUsed:       83800 kB
VmallocChunk:          0 kB
Percpu:             7616 kB
CmaTotal:         315392 kB
CmaFree:               0 kB
MemTotal:        5980404 kB
MemFree:          559820 kB
MemAvailable:    2789016 kB
Buffers:            7108 kB
Cached:          2375156 kB
SwapCached:            0 kB
Active:          1594520 kB
Inactive:        1909812 kB
Active(anon):    1026304 kB
Inactive(anon):   124128 kB
Active(file):     568216 kB
Inactive(file):  1785684 kB
Unevictable:        5672 kB
Mlocked:            5672 kB
SwapTotal:       3670008 kB
SwapFree:        3670008 kB
Dirty:               920 kB
Writeback:             0 kB
AnonPages:       1127892 kB
Mapped:           646624 kB
Shmem:             23732 kB
KReclaimable:     437728 kB
Slab:             210608 kB
SReclaimable:      56956 kB
SUnreclaim:       153652 kB
KernelStack:       43472 kB
PageTables:        54296 kB
NFS_Unstable:          0 kB
Bounce:                0 kB
WritebackTmp:          0 kB
CommitLimit:     6660208 kB
Committed_AS:   58891580 kB
VmallocTotal:   263061440 kB
VmallocUsed:       83816 kB
VmallocChunk:          0 kB
Percpu:             7616 kB
CmaTotal:         315392 kB
CmaFree:               0 kB
MemTotal:        5980404 kB
MemFree:          559384 kB
MemAvailable:    2788580 kB
Buffers:            7108 kB
Cached:          2375156 kB
SwapCached:            0 kB
Active:          1595012 kB
Inactive:        1909812 kB
Active(anon):    1026796 kB
Inactive(anon):   124128 kB
Active(file):     568216 kB
Inactive(file):  1785684 kB
Unevictable:        5672 kB
Mlocked:            5672 kB
SwapTotal:       3670008 kB
SwapFree:        3670008 kB
Dirty:               924 kB
Writeback:             0 kB
AnonPages:       1128284 kB
Mapped:           646904 kB
Shmem:             23732 kB
KReclaimable:     437728 kB
Slab:             210608 kB
SReclaimable:      56956 kB
SUnreclaim:       153652 kB
KernelStack:       43504 kB
PageTables:        54664 kB
NFS_Unstable:          0 kB
Bounce:                0 kB
WritebackTmp:          0 kB
CommitLimit:     6660208 kB
Committed_AS:   58893348 kB
VmallocTotal:   263061440 kB
VmallocUsed:       83848 kB
VmallocChunk:          0 kB
Percpu:             7616 kB
CmaTotal:         315392 kB
CmaFree:               0 kB
MemTotal:        5980404 kB
MemFree:          560176 kB
MemAvailable:    2789372 kB
Buffers:            7108 kB
Cached:          2375156 kB
SwapCached:            0 kB
Active:          1595776 kB
Inactive:        1909812 kB
Active(anon):    1027560 kB
Inactive(anon):   124128 kB
Active(file):     568216 kB
Inactive(file):  1785684 kB
Unevictable:        5672 kB
Mlocked:            5672 kB
SwapTotal:       3670008 kB
SwapFree:        3670008 kB
Dirty:               932 kB
Writeback:             0 kB
AnonPages:       1128980 kB
Mapped:           646812 kB
Shmem:             23732 kB
KReclaimable:     437728 kB
Slab:             210608 kB
SReclaimable:      56956 kB
SUnreclaim:       153652 kB
KernelStack:       43472 kB
PageTables:        54480 kB
NFS_Unstable:          0 kB
Bounce:                0 kB
WritebackTmp:          0 kB
CommitLimit:     6660208 kB
Committed_AS:   58893600 kB
VmallocTotal:   263061440 kB
VmallocUsed:       83832 kB
VmallocChunk:          0 kB
Percpu:             7616 kB
CmaTotal:         315392 kB
CmaFree:               0 kB
MemTotal:        5980404 kB
MemFree:          558596 kB
MemAvailable:    2787792 kB
Buffers:            7108 kB
Cached:          2375156 kB
SwapCached:            0 kB
Active:          1596520 kB
Inactive:        1909812 kB
Active(anon):    1028304 kB
Inactive(anon):   124128 kB
Active(file):     568216 kB
Inactive(file):  1785684 kB
Unevictable:        5672 kB
Mlocked:            5672 kB
SwapTotal:       3670008 kB
SwapFree:        3670008 kB
Dirty:               936 kB
Writeback:             0 kB
AnonPages:       1130052 kB
Mapped:           646812 kB
Shmem:             23732 kB
KReclaimable:     437728 kB
Slab:             210608 kB
SReclaimable:      56956 kB
SUnreclaim:       153652 kB
KernelStack:       43440 kB
PageTables:        54140 kB
NFS_Unstable:          0 kB
Bounce:                0 kB
WritebackTmp:          0 kB
CommitLimit:     6660208 kB
Committed_AS:   58890956 kB
VmallocTotal:   263061440 kB
VmallocUsed:       83816 kB
VmallocChunk:          0 kB
Percpu:             7616 kB
CmaTotal:         315392 kB
CmaFree:               0 kB
MemTotal:        5980404 kB
MemFree:          561496 kB
MemAvailable:    2790684 kB
Buffers:            7108 kB
Cached:          2375148 kB
SwapCached:            0 kB
Active:          1592984 kB
Inactive:        1909808 kB
Active(anon):    1024772 kB
Inactive(anon):   124128 kB
Active(file):     568212 kB
Inactive(file):  1785680 kB
Unevictable:        5672 kB
Mlocked:            5672 kB
SwapTotal:       3670008 kB
SwapFree:        3670008 kB
Dirty:               808 kB
Writeback:             0 kB
AnonPages:       1126196 kB
Mapped:           646752 kB
Shmem:             23732 kB
KReclaimable:     437728 kB
Slab:             210608 kB
SReclaimable:      56956 kB
SUnreclaim:       153652 kB
KernelStack:       43472 kB
PageTables:        54180 kB
NFS_Unstable:          0 kB
Bounce:                0 kB
WritebackTmp:          0 kB
CommitLimit:     6660208 kB
Committed_AS:   58891780 kB
VmallocTotal:   263061440 kB
VmallocUsed:       83800 kB
VmallocChunk:          0 kB
Percpu:             7616 kB
CmaTotal:         315392 kB
CmaFree:              88 kB
MemTotal:        5980404 kB
MemFree:          560700 kB
MemAvailable:    2789908 kB
Buffers:            7108 kB
Cached:          2375168 kB
SwapCached:            0 kB
Active:          1593156 kB
Inactive:        1909824 kB
Active(anon):    1024940 kB
Inactive(anon):   124128 kB
Active(file):     568216 kB
Inactive(file):  1785696 kB
Unevictable:        5672 kB
Mlocked:            5672 kB
SwapTotal:       3670008 kB
SwapFree:        3670008 kB
Dirty:               828 kB
Writeback:             0 kB
AnonPages:       1126552 kB
Mapped:           646812 kB
Shmem:             23732 kB
KReclaimable:     437728 kB
Slab:             210608 kB
SReclaimable:      56956 kB
SUnreclaim:       153652 kB
KernelStack:       43488 kB
PageTables:        54260 kB
NFS_Unstable:          0 kB
Bounce:                0 kB
WritebackTmp:          0 kB
CommitLimit:     6660208 kB
Committed_AS:   58888128 kB
VmallocTotal:   263061440 kB
VmallocUsed:       83816 kB
VmallocChunk:          0 kB
Percpu:             7616 kB
CmaTotal:         315392 kB
CmaFree:               0 kB
MemTotal:        5980404 kB
MemFree:          562072 kB
MemAvailable:    2791284 kB
Buffers:            7108 kB
Cached:          2375172 kB
SwapCached:            0 kB
Active:          1593732 kB
Inactive:        1909828 kB
Active(anon):    1025516 kB
Inactive(anon):   124128 kB
Active(file):     568216 kB
Inactive(file):  1785700 kB
Unevictable:        5672 kB
Mlocked:            5672 kB
SwapTotal:       3670008 kB
SwapFree:        3670008 kB
Dirty:               832 kB
Writeback:             0 kB
AnonPages:       1127100 kB
Mapped:           646600 kB
Shmem:             23732 kB
KReclaimable:     437728 kB
Slab:             210608 kB
SReclaimable:      56956 kB
SUnreclaim:       153652 kB
KernelStack:       43456 kB
PageTables:        54356 kB
NFS_Unstable:          0 kB
Bounce:                0 kB
WritebackTmp:          0 kB
CommitLimit:     6660208 kB
Committed_AS:   58888924 kB
VmallocTotal:   263061440 kB
VmallocUsed:       83784 kB
VmallocChunk:          0 kB
Percpu:             7616 kB
CmaTotal:         315392 kB
CmaFree:               4 kB
MemTotal:        5980404 kB
MemFree:          560956 kB
MemAvailable:    2790168 kB
Buffers:            7108 kB
Cached:          2375172 kB
SwapCached:            0 kB
Active:          1594212 kB
Inactive:        1909828 kB
Active(anon):    1025996 kB
Inactive(anon):   124128 kB
Active(file):     568216 kB
Inactive(file):  1785700 kB
Unevictable:        5672 kB
Mlocked:            5672 kB
SwapTotal:       3670008 kB
SwapFree:        3670008 kB
Dirty:               832 kB
Writeback:             0 kB
AnonPages:       1127392 kB
Mapped:           646580 kB
Shmem:             23732 kB
KReclaimable:     437728 kB
Slab:             210608 kB
SReclaimable:      56956 kB
SUnreclaim:       153652 kB
KernelStack:       43424 kB
PageTables:        54328 kB
NFS_Unstable:          0 kB
Bounce:                0 kB
WritebackTmp:          0 kB
CommitLimit:     6660208 kB
Committed_AS:   58888260 kB
VmallocTotal:   263061440 kB
VmallocUsed:       83800 kB
