MemTotal:       12113140 kB
MemFree:         3207636 kB
MemAvailable:    8465696 kB
Buffers:            5980 kB
Cached:          5006492 kB
SwapCached:            0 kB
Active:          2494200 kB
Inactive:        3872288 kB
Active(anon):    1360856 kB
Inactive(anon):    27824 kB
Active(file):    1133344 kB
Inactive(file):  3844464 kB
Unevictable:        5576 kB
Mlocked:            5576 kB
SwapTotal:       3145724 kB
SwapFree:        3145724 kB
Dirty:               456 kB
Writeback:             0 kB
AnonPages:       1359704 kB
Mapped:           888072 kB
Shmem:             30128 kB
KReclaimable:    1148956 kB
Slab:             230152 kB
SReclaimable:      87368 kB
SUnreclaim:       142784 kB
KernelStack:       47440 kB
PageTables:        63676 kB
NFS_Unstable:          0 kB
Bounce:                0 kB
WritebackTmp:          0 kB
CommitLimit:     9202292 kB
Committed_AS:   71188760 kB
VmallocTotal:   263061440 kB
VmallocUsed:      104416 kB
VmallocChunk:          0 kB
Percpu:             7552 kB
CmaTotal:         294912 kB
CmaFree:               4 kB
MemTotal:       12113140 kB
MemFree:         3186076 kB
MemAvailable:    8440324 kB
Buffers:            5984 kB
Cached:          5005000 kB
SwapCached:            0 kB
Active:          2509860 kB
Inactive:        3871816 kB
Active(anon):    1377588 kB
Inactive(anon):    27308 kB
Active(file):    1132272 kB
Inactive(file):  3844508 kB
Unevictable:        5576 kB
Mlocked:            5576 kB
SwapTotal:       3145724 kB
SwapFree:        3145724 kB
Dirty:               480 kB
Writeback:             0 kB
AnonPages:       1361584 kB
Mapped:           900140 kB
Shmem:             29668 kB
KReclaimable:    1146172 kB
Slab:             230212 kB
SReclaimable:      87368 kB
SUnreclaim:       142844 kB
KernelStack:       47776 kB
PageTables:        64080 kB
NFS_Unstable:          0 kB
Bounce:                0 kB
WritebackTmp:          0 kB
CommitLimit:     9202292 kB
Committed_AS:   71281256 kB
VmallocTotal:   263061440 kB
VmallocUsed:      104768 kB
VmallocChunk:          0 kB
Percpu:             7552 kB
CmaTotal:         294912 kB
CmaFree:               0 kB
MemTotal:       12113140 kB
MemFree:         3040444 kB
MemAvailable:    8341200 kB
Buffers:            5984 kB
Cached:          5004892 kB
SwapCached:            0 kB
Active:          2659112 kB
Inactive:        3871772 kB
Active(anon):    1526832 kB
Inactive(anon):    27272 kB
Active(file):    1132280 kB
Inactive(file):  3844500 kB
Unevictable:        5576 kB
Mlocked:            5576 kB
SwapTotal:       3145724 kB
SwapFree:        3145724 kB
Dirty:               508 kB
Writeback:             0 kB
AnonPages:       1525636 kB
Mapped:           908728 kB
Shmem:             29560 kB
KReclaimable:    1192680 kB
Slab:             230256 kB
SReclaimable:      87368 kB
SUnreclaim:       142888 kB
KernelStack:       48020 kB
PageTables:        64528 kB
NFS_Unstable:          0 kB
Bounce:                0 kB
WritebackTmp:          0 kB
CommitLimit:     9202292 kB
Committed_AS:   71435320 kB
VmallocTotal:   263061440 kB
VmallocUsed:      105008 kB
VmallocChunk:          0 kB
Percpu:             7552 kB
CmaTotal:         294912 kB
CmaFree:               0 kB
MemTotal:       12113140 kB
MemFree:         2881768 kB
MemAvailable:    8166224 kB
Buffers:            5984 kB
Cached:          5004892 kB
SwapCached:            0 kB
Active:          2814544 kB
Inactive:        3871772 kB
Active(anon):    1682264 kB
Inactive(anon):    27272 kB
Active(file):    1132280 kB
Inactive(file):  3844500 kB
Unevictable:        5576 kB
Mlocked:            5576 kB
SwapTotal:       3145724 kB
SwapFree:        3145724 kB
Dirty:               512 kB
Writeback:             0 kB
AnonPages:       1681072 kB
Mapped:           908784 kB
Shmem:             29560 kB
KReclaimable:    1176380 kB
Slab:             230320 kB
SReclaimable:      87368 kB
SUnreclaim:       142952 kB
KernelStack:       48048 kB
PageTables:        65016 kB
NFS_Unstable:          0 kB
Bounce:                0 kB
WritebackTmp:          0 kB
CommitLimit:     9202292 kB
Committed_AS:   71600208 kB
VmallocTotal:   263061440 kB
VmallocUsed:      105040 kB
VmallocChunk:          0 kB
Percpu:             7552 kB
CmaTotal:         294912 kB
CmaFree:               0 kB
MemTotal:       12113140 kB
MemFree:         2935416 kB
MemAvailable:    8040824 kB
Buffers:            5984 kB
Cached:          5004892 kB
SwapCached:            0 kB
Active:          2760232 kB
Inactive:        3871764 kB
Active(anon):    1627944 kB
Inactive(anon):    27272 kB
Active(file):    1132288 kB
Inactive(file):  3844492 kB
Unevictable:        5576 kB
Mlocked:            5576 kB
SwapTotal:       3145724 kB
SwapFree:        3145724 kB
Dirty:               516 kB
Writeback:             0 kB
AnonPages:       1626956 kB
Mapped:           914448 kB
Shmem:             29560 kB
KReclaimable:     997332 kB
Slab:             230436 kB
SReclaimable:      87368 kB
SUnreclaim:       143068 kB
KernelStack:       48080 kB
PageTables:        65092 kB
NFS_Unstable:          0 kB
Bounce:                0 kB
WritebackTmp:          0 kB
CommitLimit:     9202292 kB
Committed_AS:   71562648 kB
VmallocTotal:   263061440 kB
VmallocUsed:      105056 kB
VmallocChunk:          0 kB
Percpu:             7552 kB
CmaTotal:         294912 kB
CmaFree:               0 kB
MemTotal:       12113140 kB
MemFree:         2940960 kB
MemAvailable:    7983968 kB
Buffers:            5984 kB
Cached:          5000600 kB
SwapCached:            0 kB
Active:          2760136 kB
Inactive:        3864896 kB
Active(anon):    1625316 kB
Inactive(anon):    26916 kB
Active(file):    1134820 kB
Inactive(file):  3837980 kB
Unevictable:        5576 kB
Mlocked:            5576 kB
SwapTotal:       3145724 kB
SwapFree:        3145724 kB
Dirty:               648 kB
Writeback:             4 kB
AnonPages:       1624056 kB
Mapped:           902792 kB
Shmem:             29248 kB
KReclaimable:     938912 kB
Slab:             230668 kB
SReclaimable:      87400 kB
SUnreclaim:       143268 kB
KernelStack:       48384 kB
PageTables:        65368 kB
NFS_Unstable:          0 kB
Bounce:                0 kB
WritebackTmp:          0 kB
CommitLimit:     9202292 kB
Committed_AS:   71565812 kB
VmallocTotal:   263061440 kB
VmallocUsed:      105312 kB
VmallocChunk:          0 kB
Percpu:             7552 kB
CmaTotal:         294912 kB
CmaFree:               0 kB
MemTotal:       12113140 kB
MemFree:         2897616 kB
MemAvailable:    7777336 kB
Buffers:            5984 kB
Cached:          5000880 kB
SwapCached:            0 kB
Active:          2799260 kB
Inactive:        3863036 kB
Active(anon):    1662300 kB
Inactive(anon):    27164 kB
Active(file):    1136960 kB
Inactive(file):  3835872 kB
Unevictable:        5576 kB
Mlocked:            5576 kB
SwapTotal:       3145724 kB
SwapFree:        3145724 kB
Dirty:               840 kB
Writeback:             8 kB
AnonPages:       1661008 kB
Mapped:           918292 kB
Shmem:             29496 kB
KReclaimable:     775592 kB
Slab:             230972 kB
SReclaimable:      87432 kB
SUnreclaim:       143540 kB
KernelStack:       48496 kB
PageTables:        65536 kB
NFS_Unstable:          0 kB
Bounce:                0 kB
WritebackTmp:          0 kB
CommitLimit:     9202292 kB
Committed_AS:   71621464 kB
VmallocTotal:   263061440 kB
VmallocUsed:      105488 kB
VmallocChunk:          0 kB
Percpu:             7552 kB
CmaTotal:         294912 kB
CmaFree:               0 kB
MemTotal:       12113140 kB
MemFree:         2787368 kB
MemAvailable:    7747928 kB
Buffers:            5984 kB
Cached:          5000888 kB
SwapCached:            0 kB
Active:          2987088 kB
Inactive:        3783848 kB
Active(anon):    1770932 kB
Inactive(anon):    27180 kB
Active(file):    1216156 kB
Inactive(file):  3756668 kB
Unevictable:        5576 kB
Mlocked:            5576 kB
SwapTotal:       3145724 kB
SwapFree:        3145724 kB
Dirty:               876 kB
Writeback:             0 kB
AnonPages:       1770048 kB
Mapped:           918472 kB
Shmem:             29512 kB
KReclaimable:     856440 kB
Slab:             231052 kB
SReclaimable:      87432 kB
SUnreclaim:       143620 kB
KernelStack:       48608 kB
PageTables:        65932 kB
NFS_Unstable:          0 kB
Bounce:                0 kB
WritebackTmp:          0 kB
CommitLimit:     9202292 kB
Committed_AS:   71746396 kB
VmallocTotal:   263061440 kB
VmallocUsed:      105504 kB
VmallocChunk:          0 kB
Percpu:             7552 kB
CmaTotal:         294912 kB
CmaFree:               0 kB
MemTotal:       12113140 kB
MemFree:         2761316 kB
MemAvailable:    7722464 kB
Buffers:            5984 kB
Cached:          5001232 kB
SwapCached:            0 kB
Active:          3017800 kB
Inactive:        3779752 kB
Active(anon):    1797204 kB
Inactive(anon):    27184 kB
Active(file):    1220596 kB
Inactive(file):  3752568 kB
Unevictable:        5576 kB
Mlocked:            5576 kB
SwapTotal:       3145724 kB
SwapFree:        3145724 kB
Dirty:               924 kB
Writeback:             0 kB
AnonPages:       1796216 kB
Mapped:           918648 kB
Shmem:             29516 kB
KReclaimable:     856688 kB
Slab:             231084 kB
SReclaimable:      87432 kB
SUnreclaim:       143652 kB
KernelStack:       48592 kB
PageTables:        65912 kB
NFS_Unstable:          0 kB
Bounce:                0 kB
WritebackTmp:          0 kB
CommitLimit:     9202292 kB
Committed_AS:   71761480 kB
VmallocTotal:   263061440 kB
VmallocUsed:      105520 kB
VmallocChunk:          0 kB
Percpu:             7552 kB
CmaTotal:         294912 kB
CmaFree:               0 kB
MemTotal:       12113140 kB
MemFree:         2737152 kB
MemAvailable:    7599916 kB
Buffers:            5984 kB
Cached:          5001276 kB
SwapCached:            0 kB
Active:          3099908 kB
Inactive:        3721120 kB
Active(anon):    1820636 kB
Inactive(anon):    27228 kB
Active(file):    1279272 kB
Inactive(file):  3693892 kB
Unevictable:        5576 kB
Mlocked:            5576 kB
SwapTotal:       3145724 kB
SwapFree:        3145724 kB
Dirty:              1084 kB
Writeback:             0 kB
AnonPages:       1819564 kB
Mapped:           921400 kB
Shmem:             29560 kB
KReclaimable:     758304 kB
Slab:             231188 kB
SReclaimable:      87448 kB
SUnreclaim:       143740 kB
KernelStack:       48624 kB
PageTables:        66136 kB
NFS_Unstable:          0 kB
Bounce:                0 kB
WritebackTmp:          0 kB
CommitLimit:     9202292 kB
Committed_AS:   71814804 kB
VmallocTotal:   263061440 kB
VmallocUsed:      105568 kB
VmallocChunk:          0 kB
Percpu:             7552 kB
CmaTotal:         294912 kB
CmaFree:               0 kB
MemTotal:       12113140 kB
MemFree:         2753044 kB
MemAvailable:    7577628 kB
Buffers:            5984 kB
Cached:          5002532 kB
SwapCached:            0 kB
Active:          3096004 kB
Inactive:        3710388 kB
Active(anon):    1804744 kB
Inactive(anon):    27212 kB
Active(file):    1291260 kB
Inactive(file):  3683176 kB
Unevictable:        5576 kB
Mlocked:            5576 kB
SwapTotal:       3145724 kB
SwapFree:        3145724 kB
Dirty:              1104 kB
Writeback:             0 kB
AnonPages:       1803432 kB
Mapped:           931108 kB
Shmem:             29544 kB
KReclaimable:     718852 kB
Slab:             231404 kB
SReclaimable:      87448 kB
SUnreclaim:       143956 kB
KernelStack:       48564 kB
PageTables:        66004 kB
NFS_Unstable:          0 kB
Bounce:                0 kB
WritebackTmp:          0 kB
CommitLimit:     9202292 kB
Committed_AS:   71778072 kB
VmallocTotal:   263061440 kB
VmallocUsed:      105552 kB
VmallocChunk:          0 kB
Percpu:             7552 kB
CmaTotal:         294912 kB
CmaFree:              72 kB
MemTotal:       12113140 kB
MemFree:         2751748 kB
MemAvailable:    7576136 kB
Buffers:            5984 kB
Cached:          5002472 kB
SwapCached:            0 kB
Active:          3097884 kB
Inactive:        3710168 kB
Active(anon):    1806588 kB
Inactive(anon):    27212 kB
Active(file):    1291296 kB
Inactive(file):  3682956 kB
Unevictable:        5576 kB
Mlocked:            5576 kB
SwapTotal:       3145724 kB
SwapFree:        3145724 kB
Dirty:              2776 kB
Writeback:             0 kB
AnonPages:       1805312 kB
Mapped:           931060 kB
Shmem:             29544 kB
KReclaimable:     718840 kB
Slab:             231464 kB
SReclaimable:      87432 kB
SUnreclaim:       144032 kB
KernelStack:       48512 kB
PageTables:        66124 kB
NFS_Unstable:          0 kB
Bounce:                0 kB
WritebackTmp:          0 kB
CommitLimit:     9202292 kB
Committed_AS:   71780516 kB
VmallocTotal:   263061440 kB
VmallocUsed:      105568 kB
VmallocChunk:          0 kB
Percpu:             7552 kB
CmaTotal:         294912 kB
CmaFree:               0 kB
MemTotal:       12113140 kB
MemFree:         2749968 kB
MemAvailable:    7574512 kB
Buffers:            5984 kB
Cached:          5002492 kB
SwapCached:            0 kB
Active:          3098472 kB
Inactive:        3710312 kB
Active(anon):    1807176 kB
Inactive(anon):    27216 kB
Active(file):    1291296 kB
Inactive(file):  3683096 kB
Unevictable:        5576 kB
Mlocked:            5576 kB
SwapTotal:       3145724 kB
SwapFree:        3145724 kB
Dirty:              3036 kB
Writeback:             0 kB
AnonPages:       1806064 kB
Mapped:           931212 kB
Shmem:             29548 kB
KReclaimable:     718856 kB
Slab:             231452 kB
SReclaimable:      87448 kB
SUnreclaim:       144004 kB
KernelStack:       48516 kB
PageTables:        66128 kB
NFS_Unstable:          0 kB
Bounce:                0 kB
WritebackTmp:          0 kB
CommitLimit:     9202292 kB
Committed_AS:   71784980 kB
VmallocTotal:   263061440 kB
VmallocUsed:      105568 kB
VmallocChunk:          0 kB
Percpu:             7552 kB
CmaTotal:         294912 kB
CmaFree:               0 kB
MemTotal:       12113140 kB
MemFree:         2747600 kB
MemAvailable:    7572832 kB
Buffers:            5984 kB
Cached:          5003208 kB
SwapCached:            0 kB
Active:          3099788 kB
Inactive:        3711020 kB
Active(anon):    1808492 kB
Inactive(anon):    27220 kB
Active(file):    1291296 kB
Inactive(file):  3683800 kB
Unevictable:        5576 kB
Mlocked:            5576 kB
SwapTotal:       3145724 kB
SwapFree:        3145724 kB
Dirty:              3048 kB
Writeback:             0 kB
AnonPages:       1807336 kB
Mapped:           931128 kB
Shmem:             29552 kB
KReclaimable:     718840 kB
Slab:             231464 kB
SReclaimable:      87448 kB
SUnreclaim:       144016 kB
KernelStack:       48512 kB
PageTables:        66096 kB
NFS_Unstable:          0 kB
Bounce:                0 kB
WritebackTmp:          0 kB
CommitLimit:     9202292 kB
Committed_AS:   71784372 kB
VmallocTotal:   263061440 kB
VmallocUsed:      105504 kB
VmallocChunk:          0 kB
Percpu:             7552 kB
CmaTotal:         294912 kB
CmaFree:               0 kB
MemTotal:       12113140 kB
MemFree:         2745724 kB
MemAvailable:    7572064 kB
Buffers:            5984 kB
Cached:          5004316 kB
SwapCached:            0 kB
Active:          3102348 kB
Inactive:        3712112 kB
Active(anon):    1811036 kB
Inactive(anon):    27220 kB
Active(file):    1291312 kB
Inactive(file):  3684892 kB
Unevictable:        5576 kB
Mlocked:            5576 kB
SwapTotal:       3145724 kB
SwapFree:        3145724 kB
Dirty:              3188 kB
Writeback:             0 kB
AnonPages:       1809756 kB
Mapped:           931216 kB
Shmem:             29552 kB
KReclaimable:     718840 kB
Slab:             231460 kB
SReclaimable:      87448 kB
SUnreclaim:       144012 kB
KernelStack:       48480 kB
PageTables:        66108 kB
NFS_Unstable:          0 kB
Bounce:                0 kB
WritebackTmp:          0 kB
CommitLimit:     9202292 kB
Committed_AS:   71784028 kB
VmallocTotal:   263061440 kB
VmallocUsed:      105520 kB
VmallocChunk:          0 kB
Percpu:             7552 kB
CmaTotal:         294912 kB
CmaFree:               0 kB
MemTotal:       12113140 kB
MemFree:         2748840 kB
MemAvailable:    7575188 kB
Buffers:            5984 kB
Cached:          5004316 kB
SwapCached:            0 kB
Active:          3096980 kB
Inactive:        3712048 kB
Active(anon):    1805596 kB
Inactive(anon):    27220 kB
Active(file):    1291384 kB
Inactive(file):  3684828 kB
Unevictable:        5576 kB
Mlocked:            5576 kB
SwapTotal:       3145724 kB
SwapFree:        3145724 kB
Dirty:              2704 kB
Writeback:             0 kB
AnonPages:       1804016 kB
Mapped:           931772 kB
Shmem:             29552 kB
KReclaimable:     718840 kB
Slab:             231688 kB
SReclaimable:      87448 kB
SUnreclaim:       144240 kB
KernelStack:       48532 kB
PageTables:        66028 kB
NFS_Unstable:          0 kB
Bounce:                0 kB
WritebackTmp:          0 kB
CommitLimit:     9202292 kB
Committed_AS:   71784312 kB
VmallocTotal:   263061440 kB
VmallocUsed:      105536 kB
VmallocChunk:          0 kB
Percpu:             7552 kB
CmaTotal:         294912 kB
CmaFree:               0 kB
MemTotal:       12113140 kB
MemFree:         2748152 kB
MemAvailable:    7574256 kB
Buffers:            5984 kB
Cached:          5004316 kB
SwapCached:            0 kB
Active:          3097888 kB
Inactive:        3712036 kB
Active(anon):    1806492 kB
Inactive(anon):    27220 kB
Active(file):    1291396 kB
Inactive(file):  3684816 kB
Unevictable:        5576 kB
Mlocked:            5576 kB
SwapTotal:       3145724 kB
SwapFree:        3145724 kB
Dirty:              2608 kB
Writeback:             0 kB
AnonPages:       1805304 kB
Mapped:           932020 kB
Shmem:             29552 kB
KReclaimable:     718596 kB
Slab:             231488 kB
SReclaimable:      87448 kB
SUnreclaim:       144040 kB
KernelStack:       48464 kB
PageTables:        66100 kB
NFS_Unstable:          0 kB
Bounce:                0 kB
WritebackTmp:          0 kB
CommitLimit:     9202292 kB
Committed_AS:   71783960 kB
VmallocTotal:   263061440 kB
VmallocUsed:      105520 kB
VmallocChunk:          0 kB
Percpu:             7552 kB
CmaTotal:         294912 kB
CmaFree:               0 kB
MemTotal:       12113140 kB
MemFree:         2747368 kB
MemAvailable:    7573600 kB
Buffers:            5988 kB
Cached:          5004440 kB
SwapCached:            0 kB
Active:          3097688 kB
Inactive:        3712164 kB
Active(anon):    1806292 kB
Inactive(anon):    27220 kB
Active(file):    1291396 kB
Inactive(file):  3684944 kB
Unevictable:        5576 kB
Mlocked:            5576 kB
SwapTotal:       3145724 kB
SwapFree:        3145724 kB
Dirty:              2740 kB
Writeback:             0 kB
AnonPages:       1805156 kB
Mapped:           932008 kB
Shmem:             29552 kB
KReclaimable:     718596 kB
Slab:             231448 kB
SReclaimable:      87448 kB
SUnreclaim:       144000 kB
KernelStack:       48464 kB
PageTables:        66024 kB
NFS_Unstable:          0 kB
Bounce:                0 kB
WritebackTmp:          0 kB
CommitLimit:     9202292 kB
Committed_AS:   71783664 kB
VmallocTotal:   263061440 kB
VmallocUsed:      105520 kB
VmallocChunk:          0 kB
Percpu:             7552 kB
CmaTotal:         294912 kB
CmaFree:               0 kB
MemTotal:       12113140 kB
MemFree:         2746612 kB
MemAvailable:    7572864 kB
Buffers:            5988 kB
Cached:          5004460 kB
SwapCached:            0 kB
Active:          3098580 kB
Inactive:        3712180 kB
Active(anon):    1807180 kB
Inactive(anon):    27220 kB
Active(file):    1291400 kB
Inactive(file):  3684960 kB
Unevictable:        5576 kB
Mlocked:            5576 kB
SwapTotal:       3145724 kB
SwapFree:        3145724 kB
Dirty:              2772 kB
Writeback:             0 kB
AnonPages:       1805860 kB
Mapped:           932376 kB
Shmem:             29552 kB
KReclaimable:     718596 kB
Slab:             231488 kB
SReclaimable:      87448 kB
SUnreclaim:       144040 kB
KernelStack:       48448 kB
PageTables:        66108 kB
NFS_Unstable:          0 kB
Bounce:                0 kB
WritebackTmp:          0 kB
CommitLimit:     9202292 kB
Committed_AS:   71782956 kB
VmallocTotal:   263061440 kB
VmallocUsed:      105520 kB
VmallocChunk:          0 kB
Percpu:             7552 kB
CmaTotal:         294912 kB
CmaFree:               0 kB
MemTotal:       12113140 kB
MemFree:         2746172 kB
MemAvailable:    7572964 kB
Buffers:            5988 kB
Cached:          5005000 kB
SwapCached:            0 kB
Active:          3099084 kB
Inactive:        3712648 kB
Active(anon):    1807612 kB
Inactive(anon):    27220 kB
Active(file):    1291472 kB
Inactive(file):  3685428 kB
Unevictable:        5576 kB
Mlocked:            5576 kB
SwapTotal:       3145724 kB
SwapFree:        3145724 kB
Dirty:              2788 kB
Writeback:             0 kB
AnonPages:       1806452 kB
Mapped:           932148 kB
Shmem:             29552 kB
KReclaimable:     718596 kB
Slab:             231488 kB
SReclaimable:      87448 kB
SUnreclaim:       144040 kB
KernelStack:       48464 kB
PageTables:        66104 kB
NFS_Unstable:          0 kB
Bounce:                0 kB
WritebackTmp:          0 kB
CommitLimit:     9202292 kB
Committed_AS:   71782516 kB
VmallocTotal:   263061440 kB
VmallocUsed:      105520 kB
VmallocChunk:          0 kB
Percpu:             7552 kB
CmaTotal:         294912 kB
CmaFree:               0 kB
MemTotal:       12113140 kB
MemFree:         2745768 kB
MemAvailable:    7572548 kB
Buffers:            5988 kB
Cached:          5005008 kB
SwapCached:            0 kB
Active:          3098640 kB
Inactive:        3712524 kB
Active(anon):    1807036 kB
Inactive(anon):    27224 kB
Active(file):    1291604 kB
Inactive(file):  3685300 kB
Unevictable:        5576 kB
Mlocked:            5576 kB
SwapTotal:       3145724 kB
SwapFree:        3145724 kB
Dirty:              2804 kB
Writeback:             0 kB
AnonPages:       1805804 kB
Mapped:           932364 kB
Shmem:             29556 kB
KReclaimable:     718580 kB
Slab:             231452 kB
SReclaimable:      87432 kB
SUnreclaim:       144020 kB
KernelStack:       48500 kB
PageTables:        66036 kB
NFS_Unstable:          0 kB
Bounce:                0 kB
WritebackTmp:          0 kB
CommitLimit:     9202292 kB
Committed_AS:   71782776 kB
VmallocTotal:   263061440 kB
VmallocUsed:      105520 kB
VmallocChunk:          0 kB
Percpu:             7552 kB
CmaTotal:         294912 kB
CmaFree:              12 kB
MemTotal:       12113140 kB
MemFree:         2745056 kB
MemAvailable:    7571964 kB
Buffers:            5988 kB
Cached:          5005136 kB
SwapCached:            0 kB
Active:          3099952 kB
Inactive:        3712648 kB
Active(anon):    1808344 kB
Inactive(anon):    27224 kB
Active(file):    1291608 kB
Inactive(file):  3685424 kB
Unevictable:        5576 kB
Mlocked:            5576 kB
SwapTotal:       3145724 kB
SwapFree:        3145724 kB
Dirty:              2936 kB
Writeback:             0 kB
AnonPages:       1806964 kB
Mapped:           932388 kB
Shmem:             29556 kB
KReclaimable:     718580 kB
Slab:             231440 kB
SReclaimable:      87432 kB
SUnreclaim:       144008 kB
KernelStack:       48416 kB
PageTables:        66044 kB
NFS_Unstable:          0 kB
Bounce:                0 kB
WritebackTmp:          0 kB
CommitLimit:     9202292 kB
Committed_AS:   71782740 kB
VmallocTotal:   263061440 kB
VmallocUsed:      105520 kB
VmallocChunk:          0 kB
Percpu:             7552 kB
CmaTotal:         294912 kB
CmaFree:               0 kB
MemTotal:       12113140 kB
MemFree:         2743848 kB
MemAvailable:    7570772 kB
Buffers:            5988 kB
Cached:          5005136 kB
SwapCached:            0 kB
Active:          3100236 kB
Inactive:        3712576 kB
Active(anon):    1808556 kB
Inactive(anon):    27224 kB
Active(file):    1291680 kB
Inactive(file):  3685352 kB
Unevictable:        5576 kB
Mlocked:            5576 kB
SwapTotal:       3145724 kB
SwapFree:        3145724 kB
Dirty:              2944 kB
Writeback:             0 kB
AnonPages:       1807432 kB
Mapped:           932224 kB
Shmem:             29556 kB
KReclaimable:     718596 kB
Slab:             231488 kB
SReclaimable:      87448 kB
SUnreclaim:       144040 kB
KernelStack:       48384 kB
PageTables:        66088 kB
NFS_Unstable:          0 kB
Bounce:                0 kB
WritebackTmp:          0 kB
CommitLimit:     9202292 kB
Committed_AS:   71782556 kB
VmallocTotal:   263061440 kB
VmallocUsed:      105456 kB
VmallocChunk:          0 kB
Percpu:             7552 kB
CmaTotal:         294912 kB
CmaFree:               0 kB
MemTotal:       12113140 kB
MemFree:         2743724 kB
MemAvailable:    7570892 kB
Buffers:            5988 kB
Cached:          5005392 kB
SwapCached:            0 kB
Active:          3100652 kB
Inactive:        3712812 kB
Active(anon):    1808964 kB
Inactive(anon):    27224 kB
Active(file):    1291688 kB
Inactive(file):  3685588 kB
Unevictable:        5576 kB
Mlocked:            5576 kB
SwapTotal:       3145724 kB
SwapFree:        3145724 kB
Dirty:              3072 kB
Writeback:             0 kB
AnonPages:       1807576 kB
Mapped:           932240 kB
Shmem:             29556 kB
KReclaimable:     718596 kB
Slab:             231480 kB
SReclaimable:      87448 kB
SUnreclaim:       144032 kB
KernelStack:       48368 kB
PageTables:        66072 kB
NFS_Unstable:          0 kB
Bounce:                0 kB
WritebackTmp:          0 kB
CommitLimit:     9202292 kB
Committed_AS:   71782204 kB
VmallocTotal:   263061440 kB
VmallocUsed:      105456 kB
VmallocChunk:          0 kB
Percpu:             7552 kB
CmaTotal:         294912 kB
CmaFree:               0 kB
MemTotal:       12113140 kB
MemFree:         2744232 kB
MemAvailable:    7571412 kB
Buffers:            5988 kB
Cached:          5005392 kB
SwapCached:            0 kB
Active:          3100740 kB
Inactive:        3712756 kB
Active(anon):    1808984 kB
Inactive(anon):    27224 kB
Active(file):    1291756 kB
Inactive(file):  3685532 kB
Unevictable:        5576 kB
Mlocked:            5576 kB
SwapTotal:       3145724 kB
SwapFree:        3145724 kB
Dirty:              3084 kB
Writeback:             0 kB
AnonPages:       1807788 kB
Mapped:           932256 kB
Shmem:             29556 kB
KReclaimable:     718596 kB
Slab:             231480 kB
SReclaimable:      87448 kB
SUnreclaim:       144032 kB
KernelStack:       48368 kB
PageTables:        66080 kB
NFS_Unstable:          0 kB
Bounce:                0 kB
WritebackTmp:          0 kB
CommitLimit:     9202292 kB
Committed_AS:   71782144 kB
VmallocTotal:   263061440 kB
VmallocUsed:      105456 kB
VmallocChunk:          0 kB
Percpu:             7552 kB
CmaTotal:         294912 kB
CmaFree:               0 kB
MemTotal:       12113140 kB
MemFree:         2743772 kB
MemAvailable:    7571264 kB
Buffers:            5988 kB
Cached:          5005720 kB
SwapCached:            0 kB
Active:          3101008 kB
Inactive:        3713080 kB
Active(anon):    1809248 kB
Inactive(anon):    27224 kB
Active(file):    1291760 kB
Inactive(file):  3685856 kB
Unevictable:        5576 kB
Mlocked:            5576 kB
SwapTotal:       3145724 kB
SwapFree:        3145724 kB
Dirty:              3084 kB
Writeback:             0 kB
AnonPages:       1807980 kB
Mapped:           932288 kB
Shmem:             29556 kB
KReclaimable:     718580 kB
Slab:             231464 kB
SReclaimable:      87432 kB
SUnreclaim:       144032 kB
KernelStack:       48368 kB
PageTables:        66072 kB
NFS_Unstable:          0 kB
Bounce:                0 kB
WritebackTmp:          0 kB
CommitLimit:     9202292 kB
Committed_AS:   71781792 kB
VmallocTotal:   263061440 kB
VmallocUsed:      105456 kB
VmallocChunk:          0 kB
Percpu:             7552 kB
CmaTotal:         294912 kB
CmaFree:               0 kB
MemTotal:       12113140 kB
MemFree:         2742652 kB
MemAvailable:    7570416 kB
Buffers:            5988 kB
Cached:          5006000 kB
SwapCached:            0 kB
Active:          3101192 kB
Inactive:        3713352 kB
Active(anon):    1809424 kB
Inactive(anon):    27232 kB
Active(file):    1291768 kB
Inactive(file):  3686120 kB
Unevictable:        5576 kB
Mlocked:            5576 kB
SwapTotal:       3145724 kB
SwapFree:        3145724 kB
Dirty:              3240 kB
Writeback:             0 kB
AnonPages:       1808204 kB
Mapped:           932316 kB
Shmem:             29564 kB
KReclaimable:     718580 kB
Slab:             231464 kB
SReclaimable:      87432 kB
SUnreclaim:       144032 kB
KernelStack:       48368 kB
PageTables:        66068 kB
NFS_Unstable:          0 kB
Bounce:                0 kB
WritebackTmp:          0 kB
CommitLimit:     9202292 kB
Committed_AS:   71781336 kB
VmallocTotal:   263061440 kB
VmallocUsed:      105456 kB
VmallocChunk:          0 kB
Percpu:             7552 kB
CmaTotal:         294912 kB
CmaFree:               0 kB
MemTotal:       12113140 kB
MemFree:         2741968 kB
MemAvailable:    7569728 kB
Buffers:            5988 kB
Cached:          5005996 kB
SwapCached:            0 kB
Active:          3101180 kB
Inactive:        3713344 kB
Active(anon):    1809408 kB
Inactive(anon):    27232 kB
Active(file):    1291772 kB
Inactive(file):  3686112 kB
Unevictable:        5576 kB
Mlocked:            5576 kB
SwapTotal:       3145724 kB
SwapFree:        3145724 kB
Dirty:              3240 kB
Writeback:             0 kB
AnonPages:       1807692 kB
Mapped:           932404 kB
Shmem:             29564 kB
KReclaimable:     718580 kB
Slab:             231472 kB
SReclaimable:      87432 kB
SUnreclaim:       144040 kB
KernelStack:       48400 kB
PageTables:        66124 kB
NFS_Unstable:          0 kB
Bounce:                0 kB
WritebackTmp:          0 kB
CommitLimit:     9202292 kB
Committed_AS:   71781036 kB
VmallocTotal:   263061440 kB
VmallocUsed:      105456 kB
VmallocChunk:          0 kB
Percpu:             7552 kB
CmaTotal:         294912 kB
CmaFree:               0 kB
MemTotal:       12113140 kB
MemFree:         2741864 kB
MemAvailable:    7570216 kB
Buffers:            5988 kB
Cached:          5006720 kB
SwapCached:            0 kB
Active:          3101316 kB
Inactive:        3713936 kB
Active(anon):    1809544 kB
Inactive(anon):    27232 kB
Active(file):    1291772 kB
Inactive(file):  3686704 kB
Unevictable:        5576 kB
Mlocked:            5576 kB
SwapTotal:       3145724 kB
SwapFree:        3145724 kB
Dirty:              3240 kB
Writeback:             0 kB
AnonPages:       1808196 kB
Mapped:           932356 kB
Shmem:             29564 kB
KReclaimable:     718580 kB
Slab:             231464 kB
SReclaimable:      87432 kB
SUnreclaim:       144032 kB
KernelStack:       48368 kB
PageTables:        66068 kB
NFS_Unstable:          0 kB
Bounce:                0 kB
WritebackTmp:          0 kB
CommitLimit:     9202292 kB
Committed_AS:   71780596 kB
VmallocTotal:   263061440 kB
VmallocUsed:      105456 kB
VmallocChunk:          0 kB
Percpu:             7552 kB
CmaTotal:         294912 kB
CmaFree:               0 kB
MemTotal:       12113140 kB
MemFree:         2740484 kB
MemAvailable:    7569620 kB
Buffers:            5988 kB
Cached:          5007372 kB
SwapCached:            0 kB
Active:          3102040 kB
Inactive:        3714708 kB
Active(anon):    1810256 kB
Inactive(anon):    27232 kB
Active(file):    1291784 kB
Inactive(file):  3687476 kB
Unevictable:        5576 kB
Mlocked:            5576 kB
SwapTotal:       3145724 kB
SwapFree:        3145724 kB
Dirty:              3380 kB
Writeback:             0 kB
AnonPages:       1808948 kB
Mapped:           932384 kB
Shmem:             29564 kB
KReclaimable:     718580 kB
Slab:             231472 kB
SReclaimable:      87432 kB
SUnreclaim:       144040 kB
KernelStack:       48384 kB
PageTables:        66068 kB
NFS_Unstable:          0 kB
Bounce:                0 kB
WritebackTmp:          0 kB
CommitLimit:     9202292 kB
Committed_AS:   71780332 kB
VmallocTotal:   263061440 kB
VmallocUsed:      105456 kB
VmallocChunk:          0 kB
Percpu:             7552 kB
CmaTotal:         294912 kB
CmaFree:               0 kB
MemTotal:       12113140 kB
MemFree:         2739680 kB
MemAvailable:    7569224 kB
Buffers:            5988 kB
Cached:          5007892 kB
SwapCached:            0 kB
Active:          3103156 kB
Inactive:        3715024 kB
Active(anon):    1811296 kB
Inactive(anon):    27232 kB
Active(file):    1291860 kB
Inactive(file):  3687792 kB
Unevictable:        5576 kB
Mlocked:            5576 kB
SwapTotal:       3145724 kB
SwapFree:        3145724 kB
Dirty:               520 kB
Writeback:             0 kB
AnonPages:       1809944 kB
Mapped:           932600 kB
Shmem:             29564 kB
KReclaimable:     718596 kB
Slab:             231464 kB
SReclaimable:      87448 kB
SUnreclaim:       144016 kB
KernelStack:       48336 kB
PageTables:        66028 kB
NFS_Unstable:          0 kB
Bounce:                0 kB
WritebackTmp:          0 kB
CommitLimit:     9202292 kB
Committed_AS:   71780172 kB
VmallocTotal:   263061440 kB
VmallocUsed:      105456 kB
VmallocChunk:          0 kB
Percpu:             7552 kB
CmaTotal:         294912 kB
CmaFree:               0 kB
MemTotal:       12113140 kB
MemFree:         2739660 kB
MemAvailable:    7569336 kB
Buffers:            5988 kB
Cached:          5007900 kB
SwapCached:            0 kB
Active:          3103164 kB
Inactive:        3715156 kB
Active(anon):    1811300 kB
Inactive(anon):    27236 kB
Active(file):    1291864 kB
Inactive(file):  3687920 kB
Unevictable:        5576 kB
Mlocked:            5576 kB
SwapTotal:       3145724 kB
SwapFree:        3145724 kB
Dirty:               356 kB
Writeback:             0 kB
AnonPages:       1809940 kB
Mapped:           932424 kB
Shmem:             29568 kB
KReclaimable:     718596 kB
Slab:             231520 kB
SReclaimable:      87448 kB
SUnreclaim:       144072 kB
KernelStack:       48368 kB
PageTables:        66084 kB
NFS_Unstable:          0 kB
Bounce:                0 kB
WritebackTmp:          0 kB
CommitLimit:     9202292 kB
Committed_AS:   71780032 kB
VmallocTotal:   263061440 kB
VmallocUsed:      105456 kB
VmallocChunk:          0 kB
Percpu:             7552 kB
CmaTotal:         294912 kB
CmaFree:               0 kB
MemTotal:       12113140 kB
MemFree:         2709512 kB
MemAvailable:    7539476 kB
Buffers:            5992 kB
Cached:          5008228 kB
SwapCached:            0 kB
Active:          3132612 kB
Inactive:        3715448 kB
Active(anon):    1840748 kB
Inactive(anon):    27240 kB
Active(file):    1291864 kB
Inactive(file):  3688208 kB
Unevictable:        5576 kB
Mlocked:            5576 kB
SwapTotal:       3145724 kB
SwapFree:        3145724 kB
Dirty:               492 kB
Writeback:             0 kB
AnonPages:       1839292 kB
Mapped:           932484 kB
Shmem:             29572 kB
KReclaimable:     718596 kB
Slab:             231496 kB
SReclaimable:      87448 kB
SUnreclaim:       144048 kB
KernelStack:       48420 kB
PageTables:        66000 kB
NFS_Unstable:          0 kB
Bounce:                0 kB
WritebackTmp:          0 kB
CommitLimit:     9202292 kB
Committed_AS:   71781864 kB
VmallocTotal:   263061440 kB
VmallocUsed:      105440 kB
VmallocChunk:          0 kB
Percpu:             7552 kB
CmaTotal:         294912 kB
CmaFree:               0 kB
MemTotal:       12113140 kB
MemFree:         2708336 kB
MemAvailable:    7538736 kB
Buffers:            5992 kB
Cached:          5008768 kB
SwapCached:            0 kB
Active:          3132856 kB
Inactive:        3715888 kB
Active(anon):    1840980 kB
Inactive(anon):    27240 kB
Active(file):    1291876 kB
Inactive(file):  3688648 kB
Unevictable:        5576 kB
Mlocked:            5576 kB
SwapTotal:       3145724 kB
SwapFree:        3145724 kB
Dirty:               512 kB
Writeback:             0 kB
AnonPages:       1839832 kB
Mapped:           932464 kB
Shmem:             29572 kB
KReclaimable:     718580 kB
Slab:             231500 kB
SReclaimable:      87432 kB
SUnreclaim:       144068 kB
KernelStack:       48368 kB
PageTables:        66064 kB
NFS_Unstable:          0 kB
Bounce:                0 kB
WritebackTmp:          0 kB
CommitLimit:     9202292 kB
Committed_AS:   71781116 kB
VmallocTotal:   263061440 kB
VmallocUsed:      105440 kB
VmallocChunk:          0 kB
Percpu:             7552 kB
CmaTotal:         294912 kB
CmaFree:               0 kB
MemTotal:       12113140 kB
MemFree:         2699676 kB
MemAvailable:    7530484 kB
Buffers:            5992 kB
Cached:          5009176 kB
SwapCached:            0 kB
Active:          3142004 kB
Inactive:        3716292 kB
Active(anon):    1850124 kB
Inactive(anon):    27240 kB
Active(file):    1291880 kB
Inactive(file):  3689052 kB
Unevictable:        5576 kB
Mlocked:            5576 kB
SwapTotal:       3145724 kB
SwapFree:        3145724 kB
Dirty:               516 kB
Writeback:             0 kB
AnonPages:       1848804 kB
Mapped:           932660 kB
Shmem:             29572 kB
KReclaimable:     718580 kB
Slab:             231500 kB
SReclaimable:      87432 kB
SUnreclaim:       144068 kB
KernelStack:       48404 kB
PageTables:        66012 kB
NFS_Unstable:          0 kB
Bounce:                0 kB
WritebackTmp:          0 kB
CommitLimit:     9202292 kB
Committed_AS:   71780860 kB
VmallocTotal:   263061440 kB
VmallocUsed:      105440 kB
VmallocChunk:          0 kB
Percpu:             7552 kB
CmaTotal:         294912 kB
CmaFree:               0 kB
MemTotal:       12113140 kB
MemFree:         2702892 kB
MemAvailable:    7533908 kB
Buffers:            5992 kB
Cached:          5009188 kB
SwapCached:            0 kB
Active:          3134124 kB
Inactive:        3716428 kB
Active(anon):    1842240 kB
Inactive(anon):    27172 kB
Active(file):    1291884 kB
Inactive(file):  3689256 kB
Unevictable:        5576 kB
Mlocked:            5576 kB
SwapTotal:       3145724 kB
SwapFree:        3145724 kB
Dirty:               656 kB
Writeback:             0 kB
AnonPages:       1841120 kB
Mapped:           932396 kB
Shmem:             29504 kB
KReclaimable:     718580 kB
Slab:             231340 kB
SReclaimable:      87432 kB
SUnreclaim:       143908 kB
KernelStack:       48384 kB
PageTables:        66064 kB
NFS_Unstable:          0 kB
Bounce:                0 kB
WritebackTmp:          0 kB
CommitLimit:     9202292 kB
Committed_AS:   71792284 kB
VmallocTotal:   263061440 kB
VmallocUsed:      105440 kB
VmallocChunk:          0 kB
Percpu:             7552 kB
CmaTotal:         294912 kB
CmaFree:               0 kB
MemTotal:       12113140 kB
MemFree:         2702516 kB
MemAvailable:    7533868 kB
Buffers:            5992 kB
Cached:          5009592 kB
SwapCached:            0 kB
Active:          3134464 kB
Inactive:        3716824 kB
Active(anon):    1842572 kB
Inactive(anon):    27240 kB
Active(file):    1291892 kB
Inactive(file):  3689584 kB
Unevictable:        5576 kB
Mlocked:            5576 kB
SwapTotal:       3145724 kB
SwapFree:        3145724 kB
Dirty:               672 kB
Writeback:             0 kB
AnonPages:       1841292 kB
Mapped:           932476 kB
Shmem:             29572 kB
KReclaimable:     718580 kB
Slab:             231588 kB
SReclaimable:      87432 kB
SUnreclaim:       144156 kB
KernelStack:       48404 kB
PageTables:        66100 kB
NFS_Unstable:          0 kB
Bounce:                0 kB
WritebackTmp:          0 kB
CommitLimit:     9202292 kB
Committed_AS:   71791976 kB
VmallocTotal:   263061440 kB
VmallocUsed:      105456 kB
VmallocChunk:          0 kB
Percpu:             7552 kB
CmaTotal:         294912 kB
CmaFree:               0 kB
MemTotal:       12113140 kB
MemFree:         2699280 kB
MemAvailable:    7531676 kB
Buffers:            5992 kB
Cached:          5011148 kB
SwapCached:            0 kB
Active:          3134576 kB
Inactive:        3717860 kB
Active(anon):    1842676 kB
Inactive(anon):    27240 kB
Active(file):    1291900 kB
Inactive(file):  3690620 kB
Unevictable:        5576 kB
Mlocked:            5576 kB
SwapTotal:       3145724 kB
SwapFree:        3145724 kB
Dirty:               668 kB
Writeback:             0 kB
AnonPages:       1841348 kB
Mapped:           932464 kB
Shmem:             29572 kB
KReclaimable:     718580 kB
Slab:             231500 kB
SReclaimable:      87432 kB
SUnreclaim:       144068 kB
KernelStack:       48384 kB
PageTables:        66064 kB
NFS_Unstable:          0 kB
Bounce:                0 kB
WritebackTmp:          0 kB
CommitLimit:     9202292 kB
Committed_AS:   71791812 kB
VmallocTotal:   263061440 kB
VmallocUsed:      105456 kB
VmallocChunk:          0 kB
Percpu:             7552 kB
CmaTotal:         294912 kB
CmaFree:               0 kB
MemTotal:       12113140 kB
MemFree:         2697268 kB
MemAvailable:    7530944 kB
Buffers:            5992 kB
Cached:          5011916 kB
SwapCached:            0 kB
Active:          3135540 kB
Inactive:        3719052 kB
Active(anon):    1843552 kB
Inactive(anon):    27240 kB
Active(file):    1291988 kB
Inactive(file):  3691812 kB
Unevictable:        5576 kB
Mlocked:            5576 kB
SwapTotal:       3145724 kB
SwapFree:        3145724 kB
Dirty:               796 kB
Writeback:             0 kB
AnonPages:       1842288 kB
Mapped:           932464 kB
Shmem:             29572 kB
KReclaimable:     718580 kB
Slab:             231500 kB
SReclaimable:      87432 kB
SUnreclaim:       144068 kB
KernelStack:       48384 kB
PageTables:        66068 kB
NFS_Unstable:          0 kB
Bounce:                0 kB
WritebackTmp:          0 kB
CommitLimit:     9202292 kB
Committed_AS:   71791344 kB
VmallocTotal:   263061440 kB
VmallocUsed:      105456 kB
VmallocChunk:          0 kB
Percpu:             7552 kB
CmaTotal:         294912 kB
CmaFree:               0 kB
MemTotal:       12113140 kB
MemFree:         2698832 kB
MemAvailable:    7532896 kB
Buffers:            5992 kB
Cached:          5012432 kB
SwapCached:            0 kB
Active:          3135308 kB
Inactive:        3719372 kB
Active(anon):    1843252 kB
Inactive(anon):    27240 kB
Active(file):    1292056 kB
Inactive(file):  3692132 kB
Unevictable:        5576 kB
Mlocked:            5576 kB
SwapTotal:       3145724 kB
SwapFree:        3145724 kB
Dirty:               816 kB
Writeback:             0 kB
AnonPages:       1841892 kB
Mapped:           932464 kB
Shmem:             29572 kB
KReclaimable:     718580 kB
Slab:             231484 kB
SReclaimable:      87432 kB
SUnreclaim:       144052 kB
KernelStack:       48384 kB
PageTables:        65988 kB
NFS_Unstable:          0 kB
Bounce:                0 kB
WritebackTmp:          0 kB
CommitLimit:     9202292 kB
Committed_AS:   71791536 kB
VmallocTotal:   263061440 kB
VmallocUsed:      105456 kB
VmallocChunk:          0 kB
Percpu:             7552 kB
CmaTotal:         294912 kB
CmaFree:             140 kB
MemTotal:       12113140 kB
MemFree:         2698796 kB
MemAvailable:    7533120 kB
Buffers:            5992 kB
Cached:          5012564 kB
SwapCached:            0 kB
Active:          3135708 kB
Inactive:        3719624 kB
Active(anon):    1843644 kB
Inactive(anon):    27240 kB
Active(file):    1292064 kB
Inactive(file):  3692384 kB
Unevictable:        5576 kB
Mlocked:            5576 kB
SwapTotal:       3145724 kB
SwapFree:        3145724 kB
Dirty:               944 kB
Writeback:             0 kB
AnonPages:       1842212 kB
Mapped:           932664 kB
Shmem:             29572 kB
KReclaimable:     718580 kB
Slab:             231492 kB
SReclaimable:      87432 kB
SUnreclaim:       144060 kB
KernelStack:       48404 kB
PageTables:        66028 kB
NFS_Unstable:          0 kB
Bounce:                0 kB
WritebackTmp:          0 kB
CommitLimit:     9202292 kB
Committed_AS:   71791176 kB
VmallocTotal:   263061440 kB
VmallocUsed:      105456 kB
VmallocChunk:          0 kB
Percpu:             7552 kB
CmaTotal:         294912 kB
CmaFree:               0 kB
MemTotal:       12113140 kB
MemFree:         2698308 kB
MemAvailable:    7532832 kB
Buffers:            5992 kB
Cached:          5012760 kB
SwapCached:            0 kB
Active:          3135964 kB
Inactive:        3719816 kB
Active(anon):    1843896 kB
Inactive(anon):    27240 kB
Active(file):    1292068 kB
Inactive(file):  3692576 kB
Unevictable:        5576 kB
Mlocked:            5576 kB
SwapTotal:       3145724 kB
SwapFree:        3145724 kB
Dirty:               956 kB
Writeback:             0 kB
AnonPages:       1842676 kB
Mapped:           932468 kB
Shmem:             29572 kB
KReclaimable:     718584 kB
Slab:             231512 kB
SReclaimable:      87436 kB
SUnreclaim:       144076 kB
KernelStack:       48352 kB
PageTables:        66076 kB
NFS_Unstable:          0 kB
Bounce:                0 kB
WritebackTmp:          0 kB
CommitLimit:     9202292 kB
Committed_AS:   71791192 kB
VmallocTotal:   263061440 kB
VmallocUsed:      105440 kB
VmallocChunk:          0 kB
Percpu:             7552 kB
CmaTotal:         294912 kB
CmaFree:               0 kB
MemTotal:       12113140 kB
MemFree:         2736128 kB
MemAvailable:    7570732 kB
Buffers:            5992 kB
Cached:          5012840 kB
SwapCached:            0 kB
Active:          3098984 kB
Inactive:        3719892 kB
Active(anon):    1806912 kB
Inactive(anon):    27240 kB
Active(file):    1292072 kB
Inactive(file):  3692652 kB
Unevictable:        5576 kB
Mlocked:            5576 kB
SwapTotal:       3145724 kB
SwapFree:        3145724 kB
Dirty:               968 kB
Writeback:             0 kB
AnonPages:       1805816 kB
Mapped:           932464 kB
Shmem:             29572 kB
KReclaimable:     718584 kB
Slab:             231504 kB
SReclaimable:      87436 kB
SUnreclaim:       144068 kB
KernelStack:       48384 kB
PageTables:        66076 kB
NFS_Unstable:          0 kB
Bounce:                0 kB
WritebackTmp:          0 kB
CommitLimit:     9202292 kB
Committed_AS:   71790796 kB
VmallocTotal:   263061440 kB
VmallocUsed:      105440 kB
VmallocChunk:          0 kB
Percpu:             7552 kB
CmaTotal:         294912 kB
CmaFree:               0 kB
MemTotal:       12113140 kB
MemFree:         2740556 kB
MemAvailable:    7575160 kB
Buffers:            5992 kB
Cached:          5012844 kB
SwapCached:            0 kB
Active:          3094476 kB
Inactive:        3719884 kB
Active(anon):    1802392 kB
Inactive(anon):    27244 kB
Active(file):    1292084 kB
Inactive(file):  3692640 kB
Unevictable:        5576 kB
Mlocked:            5576 kB
SwapTotal:       3145724 kB
SwapFree:        3145724 kB
Dirty:               968 kB
Writeback:             0 kB
AnonPages:       1801420 kB
Mapped:           932464 kB
Shmem:             29576 kB
KReclaimable:     718584 kB
Slab:             231504 kB
SReclaimable:      87436 kB
SUnreclaim:       144068 kB
KernelStack:       48400 kB
PageTables:        66020 kB
NFS_Unstable:          0 kB
Bounce:                0 kB
WritebackTmp:          0 kB
CommitLimit:     9202292 kB
Committed_AS:   71790576 kB
VmallocTotal:   263061440 kB
VmallocUsed:      105424 kB
VmallocChunk:          0 kB
Percpu:             7552 kB
CmaTotal:         294912 kB
CmaFree:               0 kB
MemTotal:       12113140 kB
MemFree:         2740832 kB
MemAvailable:    7575632 kB
Buffers:            5992 kB
Cached:          5013048 kB
SwapCached:            0 kB
Active:          3094812 kB
Inactive:        3720012 kB
Active(anon):    1802652 kB
Inactive(anon):    27252 kB
Active(file):    1292160 kB
Inactive(file):  3692760 kB
Unevictable:        5576 kB
Mlocked:            5576 kB
SwapTotal:       3145724 kB
SwapFree:        3145724 kB
Dirty:              1112 kB
Writeback:             0 kB
AnonPages:       1801476 kB
Mapped:           932476 kB
Shmem:             29584 kB
KReclaimable:     718584 kB
Slab:             231512 kB
SReclaimable:      87436 kB
SUnreclaim:       144076 kB
KernelStack:       48352 kB
PageTables:        66052 kB
NFS_Unstable:          0 kB
Bounce:                0 kB
WritebackTmp:          0 kB
CommitLimit:     9202292 kB
Committed_AS:   71790180 kB
VmallocTotal:   263061440 kB
VmallocUsed:      105424 kB
VmallocChunk:          0 kB
Percpu:             7552 kB
CmaTotal:         294912 kB
CmaFree:               0 kB
MemTotal:       12113140 kB
MemFree:         2740056 kB
MemAvailable:    7575116 kB
Buffers:            5992 kB
Cached:          5013316 kB
SwapCached:            0 kB
Active:          3095296 kB
Inactive:        3720208 kB
Active(anon):    1803064 kB
Inactive(anon):    27260 kB
Active(file):    1292232 kB
Inactive(file):  3692948 kB
Unevictable:        5576 kB
Mlocked:            5576 kB
SwapTotal:       3145724 kB
SwapFree:        3145724 kB
Dirty:               332 kB
Writeback:             0 kB
AnonPages:       1801856 kB
Mapped:           932484 kB
Shmem:             29592 kB
KReclaimable:     718584 kB
Slab:             231504 kB
SReclaimable:      87436 kB
SUnreclaim:       144068 kB
KernelStack:       48352 kB
PageTables:        66044 kB
NFS_Unstable:          0 kB
Bounce:                0 kB
WritebackTmp:          0 kB
CommitLimit:     9202292 kB
Committed_AS:   71789676 kB
VmallocTotal:   263061440 kB
VmallocUsed:      105424 kB
VmallocChunk:          0 kB
Percpu:             7552 kB
CmaTotal:         294912 kB
CmaFree:               0 kB
MemTotal:       12113140 kB
MemFree:         2740096 kB
MemAvailable:    7575284 kB
Buffers:            5992 kB
Cached:          5013448 kB
SwapCached:            0 kB
Active:          3096288 kB
Inactive:        3720208 kB
Active(anon):    1803924 kB
Inactive(anon):    27264 kB
Active(file):    1292364 kB
Inactive(file):  3692944 kB
Unevictable:        5576 kB
Mlocked:            5576 kB
SwapTotal:       3145724 kB
SwapFree:        3145724 kB
Dirty:               464 kB
Writeback:             0 kB
AnonPages:       1802600 kB
Mapped:           932488 kB
Shmem:             29596 kB
KReclaimable:     718584 kB
Slab:             231468 kB
SReclaimable:      87436 kB
SUnreclaim:       144032 kB
KernelStack:       48448 kB
PageTables:        66036 kB
NFS_Unstable:          0 kB
Bounce:                0 kB
WritebackTmp:          0 kB
CommitLimit:     9202292 kB
Committed_AS:   71784688 kB
VmallocTotal:   263061440 kB
VmallocUsed:      105456 kB
VmallocChunk:          0 kB
Percpu:             7552 kB
CmaTotal:         294912 kB
CmaFree:               0 kB
MemTotal:       12113140 kB
MemFree:         2739844 kB
MemAvailable:    7575424 kB
Buffers:            5996 kB
Cached:          5013964 kB
SwapCached:            0 kB
Active:          3096792 kB
Inactive:        3720536 kB
Active(anon):    1804364 kB
Inactive(anon):    27264 kB
Active(file):    1292428 kB
Inactive(file):  3693272 kB
Unevictable:        5576 kB
Mlocked:            5576 kB
SwapTotal:       3145724 kB
SwapFree:        3145724 kB
Dirty:               488 kB
Writeback:             0 kB
AnonPages:       1803220 kB
Mapped:           932492 kB
Shmem:             29596 kB
KReclaimable:     718584 kB
Slab:             231464 kB
SReclaimable:      87436 kB
SUnreclaim:       144028 kB
KernelStack:       48432 kB
PageTables:        66332 kB
NFS_Unstable:          0 kB
Bounce:                0 kB
WritebackTmp:          0 kB
CommitLimit:     9202292 kB
Committed_AS:   71784776 kB
VmallocTotal:   263061440 kB
VmallocUsed:      105488 kB
VmallocChunk:          0 kB
Percpu:             7552 kB
CmaTotal:         294912 kB
CmaFree:               0 kB
MemTotal:       12113140 kB
MemFree:         2739404 kB
MemAvailable:    7575392 kB
Buffers:            5996 kB
Cached:          5014252 kB
SwapCached:            0 kB
Active:          3096956 kB
Inactive:        3720932 kB
Active(anon):    1804516 kB
Inactive(anon):    27264 kB
Active(file):    1292440 kB
Inactive(file):  3693668 kB
Unevictable:        5576 kB
Mlocked:            5576 kB
SwapTotal:       3145724 kB
SwapFree:        3145724 kB
Dirty:               652 kB
Writeback:             0 kB
AnonPages:       1803320 kB
Mapped:           932492 kB
Shmem:             29596 kB
KReclaimable:     718584 kB
Slab:             231464 kB
SReclaimable:      87436 kB
SUnreclaim:       144028 kB
KernelStack:       48496 kB
PageTables:        66056 kB
NFS_Unstable:          0 kB
Bounce:                0 kB
WritebackTmp:          0 kB
CommitLimit:     9202292 kB
Committed_AS:   71784336 kB
VmallocTotal:   263061440 kB
VmallocUsed:      105488 kB
VmallocChunk:          0 kB
Percpu:             7552 kB
CmaTotal:         294912 kB
CmaFree:               0 kB
MemTotal:       12113140 kB
MemFree:         2738388 kB
MemAvailable:    7574888 kB
Buffers:            5996 kB
Cached:          5014764 kB
SwapCached:            0 kB
Active:          3097252 kB
Inactive:        3721440 kB
Active(anon):    1804808 kB
Inactive(anon):    27264 kB
Active(file):    1292444 kB
Inactive(file):  3694176 kB
Unevictable:        5576 kB
Mlocked:            5576 kB
SwapTotal:       3145724 kB
SwapFree:        3145724 kB
Dirty:               656 kB
Writeback:             0 kB
AnonPages:       1803528 kB
Mapped:           932496 kB
Shmem:             29596 kB
KReclaimable:     718584 kB
Slab:             231464 kB
SReclaimable:      87436 kB
SUnreclaim:       144028 kB
KernelStack:       48480 kB
PageTables:        66052 kB
NFS_Unstable:          0 kB
Bounce:                0 kB
WritebackTmp:          0 kB
CommitLimit:     9202292 kB
Committed_AS:   71789232 kB
VmallocTotal:   263061440 kB
VmallocUsed:      105504 kB
VmallocChunk:          0 kB
Percpu:             7552 kB
CmaTotal:         294912 kB
CmaFree:               0 kB
MemTotal:       12113140 kB
MemFree:         2737916 kB
MemAvailable:    7574832 kB
Buffers:            5996 kB
Cached:          5015172 kB
SwapCached:            0 kB
Active:          3097840 kB
Inactive:        3721856 kB
Active(anon):    1805396 kB
Inactive(anon):    27264 kB
Active(file):    1292444 kB
Inactive(file):  3694592 kB
Unevictable:        5576 kB
Mlocked:            5576 kB
SwapTotal:       3145724 kB
SwapFree:        3145724 kB
Dirty:               676 kB
Writeback:             0 kB
AnonPages:       1804224 kB
Mapped:           932748 kB
Shmem:             29596 kB
KReclaimable:     718584 kB
Slab:             231456 kB
SReclaimable:      87436 kB
SUnreclaim:       144020 kB
KernelStack:       48448 kB
PageTables:        65996 kB
NFS_Unstable:          0 kB
Bounce:                0 kB
WritebackTmp:          0 kB
CommitLimit:     9202292 kB
Committed_AS:   71783988 kB
VmallocTotal:   263061440 kB
VmallocUsed:      105504 kB
VmallocChunk:          0 kB
Percpu:             7552 kB
CmaTotal:         294912 kB
CmaFree:               0 kB
MemTotal:       12113140 kB
MemFree:         2737196 kB
MemAvailable:    7574244 kB
Buffers:            5996 kB
Cached:          5015304 kB
SwapCached:            0 kB
Active:          3097780 kB
Inactive:        3721984 kB
Active(anon):    1805332 kB
Inactive(anon):    27264 kB
Active(file):    1292448 kB
Inactive(file):  3694720 kB
Unevictable:        5576 kB
Mlocked:            5576 kB
SwapTotal:       3145724 kB
SwapFree:        3145724 kB
Dirty:               676 kB
Writeback:             0 kB
AnonPages:       1803912 kB
Mapped:           932748 kB
Shmem:             29596 kB
KReclaimable:     718584 kB
Slab:             231476 kB
SReclaimable:      87436 kB
SUnreclaim:       144040 kB
KernelStack:       48448 kB
PageTables:        66120 kB
NFS_Unstable:          0 kB
Bounce:                0 kB
WritebackTmp:          0 kB
CommitLimit:     9202292 kB
Committed_AS:   71779844 kB
VmallocTotal:   263061440 kB
VmallocUsed:      105520 kB
VmallocChunk:          0 kB
Percpu:             7552 kB
CmaTotal:         294912 kB
CmaFree:               0 kB
MemTotal:       12113140 kB
MemFree:         2735636 kB
MemAvailable:    7573900 kB
Buffers:            5996 kB
Cached:          5016588 kB
SwapCached:            0 kB
Active:          3098312 kB
Inactive:        3723164 kB
Active(anon):    1805792 kB
Inactive(anon):    27300 kB
Active(file):    1292520 kB
Inactive(file):  3695864 kB
Unevictable:        5576 kB
Mlocked:            5576 kB
SwapTotal:       3145724 kB
SwapFree:        3145724 kB
Dirty:               804 kB
Writeback:             0 kB
AnonPages:       1804604 kB
Mapped:           932560 kB
Shmem:             29632 kB
KReclaimable:     718584 kB
Slab:             231476 kB
SReclaimable:      87436 kB
SUnreclaim:       144040 kB
KernelStack:       48464 kB
PageTables:        66040 kB
NFS_Unstable:          0 kB
Bounce:                0 kB
WritebackTmp:          0 kB
CommitLimit:     9202292 kB
Committed_AS:   71779580 kB
VmallocTotal:   263061440 kB
VmallocUsed:      105504 kB
VmallocChunk:          0 kB
Percpu:             7552 kB
CmaTotal:         294912 kB
CmaFree:               0 kB
MemTotal:       12113140 kB
MemFree:         2733952 kB
MemAvailable:    7572780 kB
Buffers:            5996 kB
Cached:          5017264 kB
SwapCached:            0 kB
Active:          3099832 kB
Inactive:        3723856 kB
Active(anon):    1807296 kB
Inactive(anon):    27460 kB
Active(file):    1292536 kB
Inactive(file):  3696396 kB
Unevictable:        5576 kB
Mlocked:            5576 kB
SwapTotal:       3145724 kB
SwapFree:        3145724 kB
Dirty:               824 kB
Writeback:             0 kB
AnonPages:       1806064 kB
Mapped:           932560 kB
Shmem:             29792 kB
KReclaimable:     718600 kB
Slab:             231500 kB
SReclaimable:      87452 kB
SUnreclaim:       144048 kB
KernelStack:       48464 kB
PageTables:        66064 kB
NFS_Unstable:          0 kB
Bounce:                0 kB
WritebackTmp:          0 kB
CommitLimit:     9202292 kB
Committed_AS:   71769912 kB
VmallocTotal:   263061440 kB
VmallocUsed:      105488 kB
VmallocChunk:          0 kB
Percpu:             7552 kB
CmaTotal:         294912 kB
CmaFree:               0 kB
MemTotal:       12113140 kB
MemFree:         2733560 kB
MemAvailable:    7572632 kB
Buffers:            5996 kB
Cached:          5017524 kB
SwapCached:            0 kB
Active:          3100288 kB
Inactive:        3724056 kB
Active(anon):    1807692 kB
Inactive(anon):    27460 kB
Active(file):    1292596 kB
Inactive(file):  3696596 kB
Unevictable:        5576 kB
Mlocked:            5576 kB
SwapTotal:       3145724 kB
SwapFree:        3145724 kB
Dirty:               956 kB
Writeback:             0 kB
AnonPages:       1806148 kB
Mapped:           932516 kB
Shmem:             29792 kB
KReclaimable:     718584 kB
Slab:             231480 kB
SReclaimable:      87436 kB
SUnreclaim:       144044 kB
KernelStack:       48448 kB
PageTables:        66036 kB
NFS_Unstable:          0 kB
Bounce:                0 kB
WritebackTmp:          0 kB
CommitLimit:     9202292 kB
Committed_AS:   71769604 kB
VmallocTotal:   263061440 kB
VmallocUsed:      105504 kB
VmallocChunk:          0 kB
Percpu:             7552 kB
CmaTotal:         294912 kB
CmaFree:               0 kB
MemTotal:       12113140 kB
MemFree:         2732724 kB
MemAvailable:    7571812 kB
Buffers:            5996 kB
Cached:          5017528 kB
SwapCached:            0 kB
Active:          3100588 kB
Inactive:        3724044 kB
Active(anon):    1807976 kB
Inactive(anon):    27464 kB
Active(file):    1292612 kB
Inactive(file):  3696580 kB
Unevictable:        5576 kB
Mlocked:            5576 kB
SwapTotal:       3145724 kB
SwapFree:        3145724 kB
Dirty:               956 kB
Writeback:             0 kB
AnonPages:       1806596 kB
Mapped:           932564 kB
Shmem:             29796 kB
KReclaimable:     718600 kB
Slab:             231520 kB
SReclaimable:      87452 kB
SUnreclaim:       144068 kB
KernelStack:       48480 kB
PageTables:        66196 kB
NFS_Unstable:          0 kB
Bounce:                0 kB
WritebackTmp:          0 kB
CommitLimit:     9202292 kB
Committed_AS:   71769672 kB
VmallocTotal:   263061440 kB
VmallocUsed:      105504 kB
VmallocChunk:          0 kB
Percpu:             7552 kB
CmaTotal:         294912 kB
CmaFree:               0 kB
MemTotal:       12113140 kB
MemFree:         2731960 kB
MemAvailable:    7571048 kB
Buffers:            5996 kB
Cached:          5017528 kB
SwapCached:            0 kB
Active:          3101000 kB
Inactive:        3724044 kB
Active(anon):    1808388 kB
Inactive(anon):    27464 kB
Active(file):    1292612 kB
Inactive(file):  3696580 kB
Unevictable:        5576 kB
Mlocked:            5576 kB
SwapTotal:       3145724 kB
SwapFree:        3145724 kB
Dirty:               968 kB
Writeback:             0 kB
AnonPages:       1806824 kB
Mapped:           932640 kB
Shmem:             29796 kB
KReclaimable:     718600 kB
Slab:             231504 kB
SReclaimable:      87452 kB
SUnreclaim:       144052 kB
KernelStack:       48480 kB
PageTables:        66136 kB
NFS_Unstable:          0 kB
Bounce:                0 kB
WritebackTmp:          0 kB
CommitLimit:     9202292 kB
Committed_AS:   71769364 kB
VmallocTotal:   263061440 kB
VmallocUsed:      105488 kB
VmallocChunk:          0 kB
Percpu:             7552 kB
CmaTotal:         294912 kB
CmaFree:               0 kB
MemTotal:       12113140 kB
MemFree:         2731284 kB
MemAvailable:    7570572 kB
Buffers:            5996 kB
Cached:          5017744 kB
SwapCached:            0 kB
Active:          3101084 kB
Inactive:        3724256 kB
Active(anon):    1808468 kB
Inactive(anon):    27464 kB
Active(file):    1292616 kB
Inactive(file):  3696792 kB
Unevictable:        5576 kB
Mlocked:            5576 kB
SwapTotal:       3145724 kB
SwapFree:        3145724 kB
Dirty:               992 kB
Writeback:             0 kB
AnonPages:       1807012 kB
Mapped:           932756 kB
Shmem:             29796 kB
KReclaimable:     718584 kB
Slab:             231464 kB
SReclaimable:      87436 kB
SUnreclaim:       144028 kB
KernelStack:       48432 kB
PageTables:        65912 kB
NFS_Unstable:          0 kB
Bounce:                0 kB
WritebackTmp:          0 kB
CommitLimit:     9202292 kB
Committed_AS:   71773948 kB
VmallocTotal:   263061440 kB
VmallocUsed:      105520 kB
VmallocChunk:          0 kB
Percpu:             7552 kB
CmaTotal:         294912 kB
CmaFree:               0 kB
MemTotal:       12113140 kB
MemFree:         2731244 kB
MemAvailable:    7571256 kB
Buffers:            5996 kB
Cached:          5018452 kB
SwapCached:            0 kB
Active:          3101324 kB
Inactive:        3724944 kB
Active(anon):    1808704 kB
Inactive(anon):    27464 kB
Active(file):    1292620 kB
Inactive(file):  3697480 kB
Unevictable:        5576 kB
Mlocked:            5576 kB
SwapTotal:       3145724 kB
SwapFree:        3145724 kB
Dirty:              1120 kB
Writeback:             0 kB
AnonPages:       1807500 kB
Mapped:           932564 kB
Shmem:             29796 kB
KReclaimable:     718616 kB
Slab:             231520 kB
SReclaimable:      87468 kB
SUnreclaim:       144052 kB
KernelStack:       48464 kB
PageTables:        66192 kB
NFS_Unstable:          0 kB
Bounce:                0 kB
WritebackTmp:          0 kB
CommitLimit:     9202292 kB
Committed_AS:   71773124 kB
VmallocTotal:   263061440 kB
VmallocUsed:      105472 kB
VmallocChunk:          0 kB
Percpu:             7552 kB
CmaTotal:         294912 kB
CmaFree:               0 kB
MemTotal:       12113140 kB
MemFree:         2731620 kB
MemAvailable:    7571908 kB
Buffers:            5996 kB
Cached:          5018840 kB
SwapCached:            0 kB
Active:          3101380 kB
Inactive:        3725212 kB
Active(anon):    1808752 kB
Inactive(anon):    27464 kB
Active(file):    1292628 kB
Inactive(file):  3697748 kB
Unevictable:        5576 kB
Mlocked:            5576 kB
SwapTotal:       3145724 kB
SwapFree:        3145724 kB
Dirty:              1120 kB
Writeback:             0 kB
AnonPages:       1807528 kB
Mapped:           932828 kB
Shmem:             29796 kB
KReclaimable:     718616 kB
Slab:             231512 kB
SReclaimable:      87468 kB
SUnreclaim:       144044 kB
KernelStack:       48448 kB
PageTables:        66108 kB
NFS_Unstable:          0 kB
Bounce:                0 kB
WritebackTmp:          0 kB
CommitLimit:     9202292 kB
Committed_AS:   71783752 kB
VmallocTotal:   263061440 kB
VmallocUsed:      105488 kB
VmallocChunk:          0 kB
Percpu:             7552 kB
CmaTotal:         294912 kB
CmaFree:               0 kB
MemTotal:       12113140 kB
MemFree:         2729484 kB
MemAvailable:    7570144 kB
Buffers:            5996 kB
Cached:          5019092 kB
SwapCached:            0 kB
Active:          3101348 kB
Inactive:        3725572 kB
Active(anon):    1808708 kB
Inactive(anon):    27464 kB
Active(file):    1292640 kB
Inactive(file):  3698108 kB
Unevictable:        5576 kB
Mlocked:            5576 kB
SwapTotal:       3145724 kB
SwapFree:        3145724 kB
Dirty:              1288 kB
Writeback:             0 kB
AnonPages:       1807532 kB
Mapped:           932760 kB
Shmem:             29796 kB
KReclaimable:     718616 kB
Slab:             231528 kB
SReclaimable:      87468 kB
SUnreclaim:       144060 kB
KernelStack:       48464 kB
PageTables:        66148 kB
NFS_Unstable:          0 kB
Bounce:                0 kB
WritebackTmp:          0 kB
CommitLimit:     9202292 kB
Committed_AS:   71779408 kB
VmallocTotal:   263061440 kB
VmallocUsed:      105472 kB
VmallocChunk:          0 kB
Percpu:             7552 kB
CmaTotal:         294912 kB
CmaFree:               0 kB
MemTotal:       12113140 kB
MemFree:         2729920 kB
MemAvailable:    7570592 kB
Buffers:            5996 kB
Cached:          5019096 kB
SwapCached:            0 kB
Active:          3100664 kB
Inactive:        3725516 kB
Active(anon):    1807956 kB
Inactive(anon):    27464 kB
Active(file):    1292708 kB
Inactive(file):  3698052 kB
Unevictable:        5576 kB
Mlocked:            5576 kB
SwapTotal:       3145724 kB
SwapFree:        3145724 kB
Dirty:               352 kB
Writeback:             0 kB
AnonPages:       1806708 kB
Mapped:           932568 kB
Shmem:             29796 kB
KReclaimable:     718616 kB
Slab:             231536 kB
SReclaimable:      87468 kB
SUnreclaim:       144068 kB
KernelStack:       48464 kB
PageTables:        66200 kB
NFS_Unstable:          0 kB
Bounce:                0 kB
WritebackTmp:          0 kB
CommitLimit:     9202292 kB
Committed_AS:   71779840 kB
VmallocTotal:   263061440 kB
VmallocUsed:      105472 kB
VmallocChunk:          0 kB
Percpu:             7552 kB
CmaTotal:         294912 kB
CmaFree:              56 kB
MemTotal:       12113140 kB
MemFree:         2728444 kB
MemAvailable:    7570316 kB
Buffers:            5996 kB
Cached:          5020344 kB
SwapCached:            0 kB
Active:          3101260 kB
Inactive:        3726640 kB
Active(anon):    1808476 kB
Inactive(anon):    27464 kB
Active(file):    1292784 kB
Inactive(file):  3699176 kB
Unevictable:        5576 kB
Mlocked:            5576 kB
SwapTotal:       3145724 kB
SwapFree:        3145724 kB
Dirty:               380 kB
Writeback:             0 kB
AnonPages:       1807344 kB
Mapped:           932564 kB
Shmem:             29796 kB
KReclaimable:     718616 kB
Slab:             231512 kB
SReclaimable:      87468 kB
SUnreclaim:       144044 kB
KernelStack:       48400 kB
PageTables:        66064 kB
NFS_Unstable:          0 kB
Bounce:                0 kB
WritebackTmp:          0 kB
CommitLimit:     9202292 kB
Committed_AS:   71779664 kB
VmallocTotal:   263061440 kB
VmallocUsed:      105424 kB
VmallocChunk:          0 kB
Percpu:             7552 kB
CmaTotal:         294912 kB
CmaFree:               0 kB
MemTotal:       12113140 kB
MemFree:         2729100 kB
MemAvailable:    7571172 kB
Buffers:            6000 kB
Cached:          5020492 kB
SwapCached:            0 kB
Active:          3102164 kB
Inactive:        3726828 kB
Active(anon):    1809368 kB
Inactive(anon):    27464 kB
Active(file):    1292796 kB
Inactive(file):  3699364 kB
Unevictable:        5576 kB
Mlocked:            5576 kB
SwapTotal:       3145724 kB
SwapFree:        3145724 kB
Dirty:               428 kB
Writeback:             0 kB
AnonPages:       1808128 kB
Mapped:           932628 kB
Shmem:             29796 kB
KReclaimable:     718616 kB
Slab:             231528 kB
SReclaimable:      87468 kB
SUnreclaim:       144060 kB
KernelStack:       48400 kB
PageTables:        66128 kB
NFS_Unstable:          0 kB
Bounce:                0 kB
WritebackTmp:          0 kB
CommitLimit:     9202292 kB
Committed_AS:   71775616 kB
VmallocTotal:   263061440 kB
VmallocUsed:      105440 kB
VmallocChunk:          0 kB
Percpu:             7552 kB
CmaTotal:         294912 kB
CmaFree:               0 kB
MemTotal:       12113140 kB
MemFree:         2718864 kB
MemAvailable:    7561796 kB
Buffers:            6000 kB
Cached:          5021360 kB
SwapCached:            0 kB
Active:          3109248 kB
Inactive:        3727688 kB
Active(anon):    1816452 kB
Inactive(anon):    27464 kB
Active(file):    1292796 kB
Inactive(file):  3700224 kB
Unevictable:        5576 kB
Mlocked:            5576 kB
SwapTotal:       3145724 kB
SwapFree:        3145724 kB
Dirty:               556 kB
Writeback:             0 kB
AnonPages:       1815192 kB
Mapped:           932824 kB
Shmem:             29796 kB
KReclaimable:     718616 kB
Slab:             231504 kB
SReclaimable:      87468 kB
SUnreclaim:       144036 kB
KernelStack:       48368 kB
PageTables:        66072 kB
NFS_Unstable:          0 kB
Bounce:                0 kB
WritebackTmp:          0 kB
CommitLimit:     9202292 kB
Committed_AS:   71775164 kB
VmallocTotal:   263061440 kB
VmallocUsed:      105456 kB
VmallocChunk:          0 kB
Percpu:             7552 kB
CmaTotal:         294912 kB
CmaFree:               0 kB
MemTotal:       12113140 kB
MemFree:         2687472 kB
MemAvailable:    7530576 kB
Buffers:            6000 kB
Cached:          5021500 kB
SwapCached:            0 kB
Active:          3141240 kB
Inactive:        3727760 kB
Active(anon):    1848368 kB
Inactive(anon):    27472 kB
Active(file):    1292872 kB
Inactive(file):  3700288 kB
Unevictable:        5576 kB
Mlocked:            5576 kB
SwapTotal:       3145724 kB
SwapFree:        3145724 kB
Dirty:               540 kB
Writeback:             0 kB
AnonPages:       1847136 kB
Mapped:           932640 kB
Shmem:             29804 kB
KReclaimable:     718648 kB
Slab:             231536 kB
SReclaimable:      87500 kB
SUnreclaim:       144036 kB
KernelStack:       48384 kB
PageTables:        66076 kB
NFS_Unstable:          0 kB
Bounce:                0 kB
WritebackTmp:          0 kB
CommitLimit:     9202292 kB
Committed_AS:   71785392 kB
VmallocTotal:   263061440 kB
VmallocUsed:      105376 kB
VmallocChunk:          0 kB
Percpu:             7552 kB
CmaTotal:         294912 kB
CmaFree:               0 kB
MemTotal:       12113140 kB
MemFree:         2686124 kB
MemAvailable:    7529228 kB
Buffers:            6000 kB
Cached:          5021500 kB
SwapCached:            0 kB
Active:          3141452 kB
Inactive:        3727684 kB
Active(anon):    1848504 kB
Inactive(anon):    27472 kB
Active(file):    1292948 kB
Inactive(file):  3700212 kB
Unevictable:        5576 kB
Mlocked:            5576 kB
SwapTotal:       3145724 kB
SwapFree:        3145724 kB
Dirty:               536 kB
Writeback:             0 kB
AnonPages:       1847280 kB
Mapped:           932636 kB
Shmem:             29804 kB
KReclaimable:     718648 kB
Slab:             231416 kB
SReclaimable:      87500 kB
SUnreclaim:       143916 kB
KernelStack:       48288 kB
PageTables:        66060 kB
NFS_Unstable:          0 kB
Bounce:                0 kB
WritebackTmp:          0 kB
CommitLimit:     9202292 kB
Committed_AS:   71785084 kB
VmallocTotal:   263061440 kB
VmallocUsed:      105328 kB
VmallocChunk:          0 kB
Percpu:             7552 kB
CmaTotal:         294912 kB
CmaFree:               0 kB
MemTotal:       12113140 kB
MemFree:         2693076 kB
MemAvailable:    7536580 kB
Buffers:            6000 kB
Cached:          5021900 kB
SwapCached:            0 kB
Active:          3134468 kB
Inactive:        3728080 kB
Active(anon):    1841516 kB
Inactive(anon):    27472 kB
Active(file):    1292952 kB
Inactive(file):  3700608 kB
Unevictable:        5576 kB
Mlocked:            5576 kB
SwapTotal:       3145724 kB
SwapFree:        3145724 kB
Dirty:               680 kB
Writeback:             0 kB
AnonPages:       1840236 kB
Mapped:           932640 kB
Shmem:             29804 kB
KReclaimable:     718648 kB
Slab:             231440 kB
SReclaimable:      87500 kB
SUnreclaim:       143940 kB
KernelStack:       48304 kB
PageTables:        66056 kB
NFS_Unstable:          0 kB
Bounce:                0 kB
WritebackTmp:          0 kB
CommitLimit:     9202292 kB
Committed_AS:   71767120 kB
VmallocTotal:   263061440 kB
VmallocUsed:      105312 kB
VmallocChunk:          0 kB
Percpu:             7552 kB
CmaTotal:         294912 kB
CmaFree:              44 kB
MemTotal:       12113140 kB
MemFree:         2688572 kB
MemAvailable:    7497712 kB
Buffers:            6000 kB
Cached:          5022164 kB
SwapCached:            0 kB
Active:          3137100 kB
Inactive:        3727824 kB
Active(anon):    1843628 kB
Inactive(anon):    27472 kB
Active(file):    1293472 kB
Inactive(file):  3700352 kB
Unevictable:        5576 kB
Mlocked:            5576 kB
SwapTotal:       3145724 kB
SwapFree:        3145724 kB
Dirty:               720 kB
Writeback:             4 kB
AnonPages:       1842456 kB
Mapped:           933420 kB
Shmem:             29804 kB
KReclaimable:     684020 kB
Slab:             231652 kB
SReclaimable:      87500 kB
SUnreclaim:       144152 kB
KernelStack:       48272 kB
PageTables:        66204 kB
NFS_Unstable:          0 kB
Bounce:                0 kB
WritebackTmp:          0 kB
CommitLimit:     9202292 kB
Committed_AS:   71780260 kB
VmallocTotal:   263061440 kB
VmallocUsed:      105312 kB
VmallocChunk:          0 kB
Percpu:             7552 kB
CmaTotal:         294912 kB
CmaFree:               0 kB
MemTotal:       12113140 kB
MemFree:         2687236 kB
MemAvailable:    7496500 kB
Buffers:            6000 kB
Cached:          5022296 kB
SwapCached:            0 kB
Active:          3137420 kB
Inactive:        3727956 kB
Active(anon):    1843948 kB
Inactive(anon):    27472 kB
Active(file):    1293472 kB
Inactive(file):  3700484 kB
Unevictable:        5576 kB
Mlocked:            5576 kB
SwapTotal:       3145724 kB
SwapFree:        3145724 kB
Dirty:               856 kB
Writeback:             0 kB
AnonPages:       1843104 kB
Mapped:           933432 kB
Shmem:             29804 kB
KReclaimable:     684012 kB
Slab:             231524 kB
SReclaimable:      87500 kB
SUnreclaim:       144024 kB
KernelStack:       48224 kB
PageTables:        66204 kB
NFS_Unstable:          0 kB
Bounce:                0 kB
WritebackTmp:          0 kB
CommitLimit:     9202292 kB
Committed_AS:   71778364 kB
VmallocTotal:   263061440 kB
VmallocUsed:      105296 kB
VmallocChunk:          0 kB
Percpu:             7552 kB
CmaTotal:         294912 kB
CmaFree:               0 kB
MemTotal:       12113140 kB
MemFree:         2686668 kB
MemAvailable:    7495932 kB
Buffers:            6000 kB
Cached:          5022296 kB
SwapCached:            0 kB
Active:          3138020 kB
Inactive:        3727956 kB
Active(anon):    1844548 kB
Inactive(anon):    27472 kB
Active(file):    1293472 kB
Inactive(file):  3700484 kB
Unevictable:        5576 kB
Mlocked:            5576 kB
SwapTotal:       3145724 kB
SwapFree:        3145724 kB
Dirty:               856 kB
Writeback:             0 kB
AnonPages:       1843388 kB
Mapped:           933560 kB
Shmem:             29804 kB
KReclaimable:     684012 kB
Slab:             231588 kB
SReclaimable:      87500 kB
SUnreclaim:       144088 kB
KernelStack:       48228 kB
PageTables:        66096 kB
NFS_Unstable:          0 kB
Bounce:                0 kB
WritebackTmp:          0 kB
CommitLimit:     9202292 kB
Committed_AS:   71773556 kB
VmallocTotal:   263061440 kB
VmallocUsed:      105248 kB
VmallocChunk:          0 kB
Percpu:             7552 kB
CmaTotal:         294912 kB
CmaFree:               0 kB
MemTotal:       12113140 kB
MemFree:         2687672 kB
MemAvailable:    7496936 kB
Buffers:            6000 kB
Cached:          5022300 kB
SwapCached:            0 kB
Active:          3138108 kB
Inactive:        3727960 kB
Active(anon):    1844636 kB
Inactive(anon):    27476 kB
Active(file):    1293472 kB
Inactive(file):  3700484 kB
Unevictable:        5576 kB
Mlocked:            5576 kB
SwapTotal:       3145724 kB
SwapFree:        3145724 kB
Dirty:               332 kB
Writeback:             0 kB
AnonPages:       1842992 kB
Mapped:           933628 kB
Shmem:             29808 kB
KReclaimable:     684012 kB
Slab:             231580 kB
SReclaimable:      87500 kB
SUnreclaim:       144080 kB
KernelStack:       48128 kB
PageTables:        66072 kB
NFS_Unstable:          0 kB
Bounce:                0 kB
WritebackTmp:          0 kB
CommitLimit:     9202292 kB
Committed_AS:   71773620 kB
VmallocTotal:   263061440 kB
VmallocUsed:      105184 kB
VmallocChunk:          0 kB
Percpu:             7552 kB
CmaTotal:         294912 kB
CmaFree:               4 kB
MemTotal:       12113140 kB
MemFree:         2688524 kB
MemAvailable:    7497796 kB
Buffers:            6000 kB
Cached:          5022308 kB
SwapCached:            0 kB
Active:          3138040 kB
Inactive:        3727968 kB
Active(anon):    1844568 kB
Inactive(anon):    27476 kB
Active(file):    1293472 kB
Inactive(file):  3700492 kB
Unevictable:        5576 kB
Mlocked:            5576 kB
SwapTotal:       3145724 kB
SwapFree:        3145724 kB
Dirty:               408 kB
Writeback:             0 kB
AnonPages:       1843568 kB
Mapped:           933436 kB
Shmem:             29808 kB
KReclaimable:     684012 kB
Slab:             231588 kB
SReclaimable:      87500 kB
SUnreclaim:       144088 kB
KernelStack:       48112 kB
PageTables:        66196 kB
NFS_Unstable:          0 kB
Bounce:                0 kB
WritebackTmp:          0 kB
CommitLimit:     9202292 kB
Committed_AS:   71763220 kB
VmallocTotal:   263061440 kB
VmallocUsed:      105184 kB
VmallocChunk:          0 kB
Percpu:             7552 kB
CmaTotal:         294912 kB
CmaFree:               0 kB
MemTotal:       12113140 kB
MemFree:         2689756 kB
MemAvailable:    7499156 kB
Buffers:            6000 kB
Cached:          5022436 kB
SwapCached:            0 kB
Active:          3138504 kB
Inactive:        3728096 kB
Active(anon):    1845032 kB
Inactive(anon):    27476 kB
Active(file):    1293472 kB
Inactive(file):  3700620 kB
Unevictable:        5576 kB
Mlocked:            5576 kB
SwapTotal:       3145724 kB
SwapFree:        3145724 kB
Dirty:               536 kB
Writeback:             0 kB
AnonPages:       1843816 kB
Mapped:           933556 kB
Shmem:             29808 kB
KReclaimable:     684012 kB
Slab:             231596 kB
SReclaimable:      87500 kB
SUnreclaim:       144096 kB
KernelStack:       48096 kB
PageTables:        66212 kB
NFS_Unstable:          0 kB
Bounce:                0 kB
WritebackTmp:          0 kB
CommitLimit:     9202292 kB
Committed_AS:   71764592 kB
VmallocTotal:   263061440 kB
VmallocUsed:      105104 kB
VmallocChunk:          0 kB
Percpu:             7552 kB
CmaTotal:         294912 kB
CmaFree:               0 kB
MemTotal:       12113140 kB
MemFree:         2690840 kB
MemAvailable:    7500368 kB
Buffers:            6000 kB
Cached:          5022572 kB
SwapCached:            0 kB
Active:          3137988 kB
Inactive:        3728228 kB
Active(anon):    1844512 kB
Inactive(anon):    27484 kB
Active(file):    1293476 kB
Inactive(file):  3700744 kB
Unevictable:        5576 kB
Mlocked:            5576 kB
SwapTotal:       3145724 kB
SwapFree:        3145724 kB
Dirty:               764 kB
Writeback:             0 kB
AnonPages:       1843352 kB
Mapped:           933468 kB
Shmem:             29816 kB
KReclaimable:     684012 kB
Slab:             231580 kB
SReclaimable:      87500 kB
SUnreclaim:       144080 kB
KernelStack:       48080 kB
PageTables:        66216 kB
NFS_Unstable:          0 kB
Bounce:                0 kB
WritebackTmp:          0 kB
CommitLimit:     9202292 kB
Committed_AS:   71764240 kB
VmallocTotal:   263061440 kB
VmallocUsed:      105072 kB
VmallocChunk:          0 kB
Percpu:             7552 kB
CmaTotal:         294912 kB
CmaFree:               0 kB
MemTotal:       12113140 kB
MemFree:         2690268 kB
MemAvailable:    7499796 kB
Buffers:            6000 kB
Cached:          5022576 kB
SwapCached:            0 kB
Active:          3138204 kB
Inactive:        3728232 kB
Active(anon):    1844728 kB
Inactive(anon):    27488 kB
Active(file):    1293476 kB
Inactive(file):  3700744 kB
Unevictable:        5576 kB
Mlocked:            5576 kB
SwapTotal:       3145724 kB
SwapFree:        3145724 kB
Dirty:               764 kB
Writeback:             0 kB
AnonPages:       1843488 kB
Mapped:           933644 kB
Shmem:             29820 kB
KReclaimable:     684012 kB
Slab:             231580 kB
SReclaimable:      87500 kB
SUnreclaim:       144080 kB
KernelStack:       48000 kB
PageTables:        66176 kB
NFS_Unstable:          0 kB
Bounce:                0 kB
WritebackTmp:          0 kB
CommitLimit:     9202292 kB
Committed_AS:   71764396 kB
VmallocTotal:   263061440 kB
VmallocUsed:      105040 kB
VmallocChunk:          0 kB
Percpu:             7552 kB
CmaTotal:         294912 kB
CmaFree:               0 kB
MemTotal:       12113140 kB
MemFree:         2690736 kB
MemAvailable:    7500264 kB
Buffers:            6000 kB
Cached:          5022576 kB
SwapCached:            0 kB
Active:          3138512 kB
Inactive:        3728232 kB
Active(anon):    1845036 kB
Inactive(anon):    27488 kB
Active(file):    1293476 kB
Inactive(file):  3700744 kB
Unevictable:        5576 kB
Mlocked:            5576 kB
SwapTotal:       3145724 kB
SwapFree:        3145724 kB
Dirty:               768 kB
Writeback:             0 kB
AnonPages:       1843708 kB
Mapped:           933640 kB
Shmem:             29820 kB
KReclaimable:     684012 kB
Slab:             231572 kB
SReclaimable:      87500 kB
SUnreclaim:       144072 kB
KernelStack:       48000 kB
PageTables:        66124 kB
NFS_Unstable:          0 kB
Bounce:                0 kB
WritebackTmp:          0 kB
CommitLimit:     9202292 kB
Committed_AS:   71764088 kB
VmallocTotal:   263061440 kB
VmallocUsed:      105056 kB
VmallocChunk:          0 kB
Percpu:             7552 kB
CmaTotal:         294912 kB
CmaFree:               8 kB
MemTotal:       12113140 kB
MemFree:         2684352 kB
MemAvailable:    7489852 kB
Buffers:            6004 kB
Cached:          5022592 kB
SwapCached:            0 kB
Active:          3146224 kB
Inactive:        3728248 kB
Active(anon):    1852744 kB
Inactive(anon):    27488 kB
Active(file):    1293480 kB
Inactive(file):  3700760 kB
Unevictable:        5576 kB
Mlocked:            5576 kB
SwapTotal:       3145724 kB
SwapFree:        3145724 kB
Dirty:               780 kB
Writeback:             0 kB
AnonPages:       1851768 kB
Mapped:           933516 kB
Shmem:             29820 kB
KReclaimable:     679964 kB
Slab:             231580 kB
SReclaimable:      87500 kB
SUnreclaim:       144080 kB
KernelStack:       48048 kB
PageTables:        66204 kB
NFS_Unstable:          0 kB
Bounce:                0 kB
WritebackTmp:          0 kB
CommitLimit:     9202292 kB
Committed_AS:   71773736 kB
VmallocTotal:   263061440 kB
VmallocUsed:      105008 kB
VmallocChunk:          0 kB
Percpu:             7552 kB
CmaTotal:         294912 kB
CmaFree:               0 kB
MemTotal:       12113140 kB
MemFree:         2679300 kB
MemAvailable:    7442112 kB
Buffers:            6004 kB
Cached:          5022740 kB
SwapCached:            0 kB
Active:          3152628 kB
Inactive:        3723676 kB
Active(anon):    1854428 kB
Inactive(anon):    27492 kB
Active(file):    1298200 kB
Inactive(file):  3696184 kB
Unevictable:        5576 kB
Mlocked:            5576 kB
SwapTotal:       3145724 kB
SwapFree:        3145724 kB
Dirty:               928 kB
Writeback:             0 kB
AnonPages:       1853064 kB
Mapped:           933284 kB
Shmem:             29824 kB
KReclaimable:     637132 kB
Slab:             231588 kB
SReclaimable:      87500 kB
SUnreclaim:       144088 kB
KernelStack:       48052 kB
PageTables:        66220 kB
NFS_Unstable:          0 kB
Bounce:                0 kB
WritebackTmp:          0 kB
CommitLimit:     9202292 kB
Committed_AS:   71786904 kB
VmallocTotal:   263061440 kB
VmallocUsed:      105056 kB
VmallocChunk:          0 kB
Percpu:             7552 kB
CmaTotal:         294912 kB
CmaFree:              76 kB
MemTotal:       12113140 kB
MemFree:         2682604 kB
MemAvailable:    7260716 kB
Buffers:            6004 kB
Cached:          5022736 kB
SwapCached:            0 kB
Active:          3150088 kB
Inactive:        3723396 kB
Active(anon):    1851612 kB
Inactive(anon):    27492 kB
Active(file):    1298476 kB
Inactive(file):  3695904 kB
Unevictable:        5576 kB
Mlocked:            5576 kB
SwapTotal:       3145724 kB
SwapFree:        3145724 kB
Dirty:               928 kB
Writeback:             0 kB
AnonPages:       1850212 kB
Mapped:           935080 kB
Shmem:             29824 kB
KReclaimable:     422640 kB
Slab:             231692 kB
SReclaimable:      87500 kB
SUnreclaim:       144192 kB
KernelStack:       48096 kB
PageTables:        66452 kB
NFS_Unstable:          0 kB
Bounce:                0 kB
WritebackTmp:          0 kB
CommitLimit:     9202292 kB
Committed_AS:   71779320 kB
VmallocTotal:   263061440 kB
VmallocUsed:      105024 kB
VmallocChunk:          0 kB
Percpu:             7552 kB
CmaTotal:         294912 kB
CmaFree:               4 kB
MemTotal:       12113140 kB
MemFree:         2700004 kB
MemAvailable:    7278116 kB
Buffers:            6004 kB
Cached:          5022740 kB
SwapCached:            0 kB
Active:          3131728 kB
Inactive:        3723312 kB
Active(anon):    1833164 kB
Inactive(anon):    27496 kB
Active(file):    1298564 kB
Inactive(file):  3695816 kB
Unevictable:        5576 kB
Mlocked:            5576 kB
SwapTotal:       3145724 kB
SwapFree:        3145724 kB
Dirty:               948 kB
Writeback:             0 kB
AnonPages:       1831756 kB
Mapped:           921688 kB
Shmem:             29828 kB
KReclaimable:     422640 kB
Slab:             231644 kB
SReclaimable:      87500 kB
SUnreclaim:       144144 kB
KernelStack:       48084 kB
PageTables:        66204 kB
NFS_Unstable:          0 kB
Bounce:                0 kB
WritebackTmp:          0 kB
CommitLimit:     9202292 kB
Committed_AS:   71786960 kB
VmallocTotal:   263061440 kB
VmallocUsed:      105088 kB
VmallocChunk:          0 kB
Percpu:             7552 kB
CmaTotal:         294912 kB
CmaFree:              48 kB
MemTotal:       12113140 kB
MemFree:         2699416 kB
MemAvailable:    7277836 kB
Buffers:            6004 kB
Cached:          5023052 kB
SwapCached:            0 kB
Active:          3133184 kB
Inactive:        3723552 kB
Active(anon):    1834548 kB
Inactive(anon):    27500 kB
Active(file):    1298636 kB
Inactive(file):  3696052 kB
Unevictable:        5576 kB
Mlocked:            5576 kB
SwapTotal:       3145724 kB
SwapFree:        3145724 kB
Dirty:              2188 kB
Writeback:             0 kB
AnonPages:       1833080 kB
Mapped:           928868 kB
Shmem:             29832 kB
KReclaimable:     422640 kB
Slab:             231700 kB
SReclaimable:      87500 kB
SUnreclaim:       144200 kB
KernelStack:       48096 kB
PageTables:        66296 kB
NFS_Unstable:          0 kB
Bounce:                0 kB
WritebackTmp:          0 kB
CommitLimit:     9202292 kB
Committed_AS:   71780992 kB
VmallocTotal:   263061440 kB
VmallocUsed:      105168 kB
VmallocChunk:          0 kB
Percpu:             7552 kB
CmaTotal:         294912 kB
CmaFree:             172 kB
MemTotal:       12113140 kB
MemFree:         2698988 kB
MemAvailable:    7277236 kB
Buffers:            6004 kB
Cached:          5022884 kB
SwapCached:            0 kB
Active:          3134084 kB
Inactive:        3723260 kB
Active(anon):    1835324 kB
Inactive(anon):    27504 kB
Active(file):    1298760 kB
Inactive(file):  3695756 kB
Unevictable:        5576 kB
Mlocked:            5576 kB
SwapTotal:       3145724 kB
SwapFree:        3145724 kB
Dirty:              2204 kB
Writeback:             0 kB
AnonPages:       1834208 kB
Mapped:           934868 kB
Shmem:             29836 kB
KReclaimable:     422640 kB
Slab:             231716 kB
SReclaimable:      87500 kB
SUnreclaim:       144216 kB
KernelStack:       48144 kB
PageTables:        66368 kB
NFS_Unstable:          0 kB
Bounce:                0 kB
WritebackTmp:          0 kB
CommitLimit:     9202292 kB
Committed_AS:   71780596 kB
VmallocTotal:   263061440 kB
VmallocUsed:      105152 kB
VmallocChunk:          0 kB
Percpu:             7552 kB
CmaTotal:         294912 kB
CmaFree:               0 kB
MemTotal:       12113140 kB
MemFree:         2698160 kB
MemAvailable:    7276528 kB
Buffers:            6004 kB
Cached:          5023012 kB
SwapCached:            0 kB
Active:          3134220 kB
Inactive:        3723380 kB
Active(anon):    1835460 kB
Inactive(anon):    27504 kB
Active(file):    1298760 kB
Inactive(file):  3695876 kB
Unevictable:        5576 kB
Mlocked:            5576 kB
SwapTotal:       3145724 kB
SwapFree:        3145724 kB
Dirty:              2332 kB
Writeback:             0 kB
AnonPages:       1834036 kB
Mapped:           934880 kB
Shmem:             29836 kB
KReclaimable:     422640 kB
Slab:             231716 kB
SReclaimable:      87500 kB
SUnreclaim:       144216 kB
KernelStack:       48144 kB
PageTables:        66384 kB
NFS_Unstable:          0 kB
Bounce:                0 kB
WritebackTmp:          0 kB
CommitLimit:     9202292 kB
Committed_AS:   71771844 kB
VmallocTotal:   263061440 kB
VmallocUsed:      105136 kB
VmallocChunk:          0 kB
Percpu:             7552 kB
CmaTotal:         294912 kB
CmaFree:               0 kB
MemTotal:       12113140 kB
MemFree:         2696020 kB
MemAvailable:    7274396 kB
Buffers:            6004 kB
Cached:          5023012 kB
SwapCached:            0 kB
Active:          3135752 kB
Inactive:        3723388 kB
Active(anon):    1836992 kB
Inactive(anon):    27504 kB
Active(file):    1298760 kB
Inactive(file):  3695884 kB
Unevictable:        5576 kB
Mlocked:            5576 kB
SwapTotal:       3145724 kB
SwapFree:        3145724 kB
Dirty:              2360 kB
Writeback:             0 kB
AnonPages:       1835824 kB
Mapped:           934880 kB
Shmem:             29836 kB
KReclaimable:     422640 kB
Slab:             231724 kB
SReclaimable:      87500 kB
SUnreclaim:       144224 kB
KernelStack:       48144 kB
PageTables:        66364 kB
NFS_Unstable:          0 kB
Bounce:                0 kB
WritebackTmp:          0 kB
CommitLimit:     9202292 kB
Committed_AS:   71782472 kB
VmallocTotal:   263061440 kB
VmallocUsed:      105184 kB
VmallocChunk:          0 kB
Percpu:             7552 kB
CmaTotal:         294912 kB
CmaFree:               0 kB
MemTotal:       12113140 kB
MemFree:         2696272 kB
MemAvailable:    7274648 kB
Buffers:            6004 kB
Cached:          5023012 kB
SwapCached:            0 kB
Active:          3136116 kB
Inactive:        3723324 kB
Active(anon):    1837292 kB
Inactive(anon):    27504 kB
Active(file):    1298824 kB
Inactive(file):  3695820 kB
Unevictable:        5576 kB
Mlocked:            5576 kB
SwapTotal:       3145724 kB
SwapFree:        3145724 kB
Dirty:              2360 kB
Writeback:             0 kB
AnonPages:       1835912 kB
Mapped:           934896 kB
Shmem:             29836 kB
KReclaimable:     422640 kB
Slab:             231716 kB
SReclaimable:      87500 kB
SUnreclaim:       144216 kB
KernelStack:       48160 kB
PageTables:        66372 kB
NFS_Unstable:          0 kB
Bounce:                0 kB
WritebackTmp:          0 kB
CommitLimit:     9202292 kB
Committed_AS:   71782216 kB
VmallocTotal:   263061440 kB
VmallocUsed:      105184 kB
VmallocChunk:          0 kB
Percpu:             7552 kB
CmaTotal:         294912 kB
CmaFree:               0 kB
MemTotal:       12113140 kB
MemFree:         2695276 kB
MemAvailable:    7273656 kB
Buffers:            6004 kB
Cached:          5023016 kB
SwapCached:            0 kB
Active:          3136968 kB
Inactive:        3723328 kB
Active(anon):    1838144 kB
Inactive(anon):    27504 kB
Active(file):    1298824 kB
Inactive(file):  3695824 kB
Unevictable:        5576 kB
Mlocked:            5576 kB
SwapTotal:       3145724 kB
SwapFree:        3145724 kB
Dirty:              2376 kB
Writeback:             0 kB
AnonPages:       1836772 kB
Mapped:           935084 kB
Shmem:             29836 kB
KReclaimable:     422640 kB
Slab:             231684 kB
SReclaimable:      87500 kB
SUnreclaim:       144184 kB
KernelStack:       48144 kB
PageTables:        66292 kB
NFS_Unstable:          0 kB
Bounce:                0 kB
WritebackTmp:          0 kB
CommitLimit:     9202292 kB
Committed_AS:   71782232 kB
VmallocTotal:   263061440 kB
VmallocUsed:      105184 kB
VmallocChunk:          0 kB
Percpu:             7552 kB
CmaTotal:         294912 kB
CmaFree:               0 kB
MemTotal:       12113140 kB
MemFree:         2695552 kB
MemAvailable:    7274068 kB
Buffers:            6004 kB
Cached:          5023152 kB
SwapCached:            0 kB
Active:          3136788 kB
Inactive:        3723464 kB
Active(anon):    1837964 kB
Inactive(anon):    27504 kB
Active(file):    1298824 kB
Inactive(file):  3695960 kB
Unevictable:        5576 kB
Mlocked:            5576 kB
SwapTotal:       3145724 kB
SwapFree:        3145724 kB
Dirty:              2516 kB
Writeback:             0 kB
AnonPages:       1836740 kB
Mapped:           934988 kB
Shmem:             29836 kB
KReclaimable:     422640 kB
Slab:             231740 kB
SReclaimable:      87500 kB
SUnreclaim:       144240 kB
KernelStack:       48192 kB
PageTables:        66444 kB
NFS_Unstable:          0 kB
Bounce:                0 kB
WritebackTmp:          0 kB
CommitLimit:     9202292 kB
Committed_AS:   71781792 kB
VmallocTotal:   263061440 kB
VmallocUsed:      105168 kB
VmallocChunk:          0 kB
Percpu:             7552 kB
CmaTotal:         294912 kB
CmaFree:               0 kB
MemTotal:       12113140 kB
MemFree:         2694768 kB
MemAvailable:    7273352 kB
Buffers:            6004 kB
Cached:          5023220 kB
SwapCached:            0 kB
Active:          3136800 kB
Inactive:        3723412 kB
Active(anon):    1837856 kB
Inactive(anon):    27504 kB
Active(file):    1298944 kB
Inactive(file):  3695908 kB
Unevictable:        5576 kB
Mlocked:            5576 kB
SwapTotal:       3145724 kB
SwapFree:        3145724 kB
Dirty:              2516 kB
Writeback:             0 kB
AnonPages:       1836648 kB
Mapped:           935044 kB
Shmem:             29836 kB
KReclaimable:     422640 kB
Slab:             231716 kB
SReclaimable:      87500 kB
SUnreclaim:       144216 kB
KernelStack:       48196 kB
PageTables:        66380 kB
NFS_Unstable:          0 kB
Bounce:                0 kB
WritebackTmp:          0 kB
CommitLimit:     9202292 kB
Committed_AS:   71781688 kB
VmallocTotal:   263061440 kB
VmallocUsed:      105232 kB
VmallocChunk:          0 kB
Percpu:             7552 kB
CmaTotal:         294912 kB
CmaFree:               0 kB
MemTotal:       12113140 kB
MemFree:         2694164 kB
MemAvailable:    7272748 kB
Buffers:            6004 kB
Cached:          5023220 kB
SwapCached:            0 kB
Active:          3137564 kB
Inactive:        3723412 kB
Active(anon):    1838620 kB
Inactive(anon):    27504 kB
Active(file):    1298944 kB
Inactive(file):  3695908 kB
Unevictable:        5576 kB
Mlocked:            5576 kB
SwapTotal:       3145724 kB
SwapFree:        3145724 kB
Dirty:              2516 kB
Writeback:             0 kB
AnonPages:       1837256 kB
Mapped:           934984 kB
Shmem:             29836 kB
KReclaimable:     422640 kB
Slab:             231740 kB
SReclaimable:      87500 kB
SUnreclaim:       144240 kB
KernelStack:       48144 kB
PageTables:        66436 kB
NFS_Unstable:          0 kB
Bounce:                0 kB
WritebackTmp:          0 kB
CommitLimit:     9202292 kB
Committed_AS:   71776292 kB
VmallocTotal:   263061440 kB
VmallocUsed:      105200 kB
VmallocChunk:          0 kB
Percpu:             7552 kB
CmaTotal:         294912 kB
CmaFree:               4 kB
MemTotal:       12113140 kB
MemFree:         2694088 kB
MemAvailable:    7272804 kB
Buffers:            6004 kB
Cached:          5023356 kB
SwapCached:            0 kB
Active:          3137612 kB
Inactive:        3723468 kB
Active(anon):    1838588 kB
Inactive(anon):    27508 kB
Active(file):    1299024 kB
Inactive(file):  3695960 kB
Unevictable:        5576 kB
Mlocked:            5576 kB
SwapTotal:       3145724 kB
SwapFree:        3145724 kB
Dirty:              2660 kB
Writeback:             0 kB
AnonPages:       1837288 kB
Mapped:           934900 kB
Shmem:             29840 kB
KReclaimable:     422640 kB
Slab:             231724 kB
SReclaimable:      87500 kB
SUnreclaim:       144224 kB
KernelStack:       48144 kB
PageTables:        66352 kB
NFS_Unstable:          0 kB
Bounce:                0 kB
WritebackTmp:          0 kB
CommitLimit:     9202292 kB
Committed_AS:   71780724 kB
VmallocTotal:   263061440 kB
VmallocUsed:      105200 kB
VmallocChunk:          0 kB
Percpu:             7552 kB
CmaTotal:         294912 kB
CmaFree:               0 kB
MemTotal:       12113140 kB
MemFree:         2692924 kB
MemAvailable:    7271640 kB
Buffers:            6004 kB
Cached:          5023356 kB
SwapCached:            0 kB
Active:          3138144 kB
Inactive:        3723468 kB
Active(anon):    1839120 kB
Inactive(anon):    27508 kB
Active(file):    1299024 kB
Inactive(file):  3695960 kB
Unevictable:        5576 kB
Mlocked:            5576 kB
SwapTotal:       3145724 kB
SwapFree:        3145724 kB
Dirty:              2656 kB
Writeback:             0 kB
AnonPages:       1837692 kB
Mapped:           935140 kB
Shmem:             29840 kB
KReclaimable:     422640 kB
Slab:             231748 kB
SReclaimable:      87500 kB
SUnreclaim:       144248 kB
KernelStack:       48128 kB
PageTables:        66448 kB
NFS_Unstable:          0 kB
Bounce:                0 kB
WritebackTmp:          0 kB
CommitLimit:     9202292 kB
Committed_AS:   71776656 kB
VmallocTotal:   263061440 kB
VmallocUsed:      105168 kB
VmallocChunk:          0 kB
Percpu:             7552 kB
CmaTotal:         294912 kB
CmaFree:               0 kB
MemTotal:       12113140 kB
MemFree:         2726388 kB
MemAvailable:    7305104 kB
Buffers:            6008 kB
Cached:          5023352 kB
SwapCached:            0 kB
Active:          3105200 kB
Inactive:        3723400 kB
Active(anon):    1806108 kB
Inactive(anon):    27508 kB
Active(file):    1299092 kB
Inactive(file):  3695892 kB
Unevictable:        5576 kB
Mlocked:            5576 kB
SwapTotal:       3145724 kB
SwapFree:        3145724 kB
Dirty:              2656 kB
Writeback:             0 kB
AnonPages:       1804484 kB
Mapped:           935152 kB
Shmem:             29840 kB
KReclaimable:     422640 kB
Slab:             231716 kB
SReclaimable:      87500 kB
SUnreclaim:       144216 kB
KernelStack:       48128 kB
PageTables:        66312 kB
NFS_Unstable:          0 kB
Bounce:                0 kB
WritebackTmp:          0 kB
CommitLimit:     9202292 kB
Committed_AS:   71777504 kB
VmallocTotal:   263061440 kB
VmallocUsed:      105168 kB
VmallocChunk:          0 kB
Percpu:             7552 kB
CmaTotal:         294912 kB
CmaFree:               0 kB
MemTotal:       12113140 kB
MemFree:         2726428 kB
MemAvailable:    7305288 kB
Buffers:            6008 kB
Cached:          5023496 kB
SwapCached:            0 kB
Active:          3105768 kB
Inactive:        3723544 kB
Active(anon):    1806676 kB
Inactive(anon):    27508 kB
Active(file):    1299092 kB
Inactive(file):  3696036 kB
Unevictable:        5576 kB
Mlocked:            5576 kB
SwapTotal:       3145724 kB
SwapFree:        3145724 kB
Dirty:              2792 kB
Writeback:             0 kB
AnonPages:       1805360 kB
Mapped:           934968 kB
Shmem:             29840 kB
KReclaimable:     422640 kB
Slab:             231748 kB
SReclaimable:      87500 kB
SUnreclaim:       144248 kB
KernelStack:       48160 kB
PageTables:        66496 kB
NFS_Unstable:          0 kB
Bounce:                0 kB
WritebackTmp:          0 kB
CommitLimit:     9202292 kB
Committed_AS:   71774796 kB
VmallocTotal:   263061440 kB
VmallocUsed:      105168 kB
