MemTotal:       12113132 kB
MemFree:         6221452 kB
MemAvailable:    8033612 kB
Buffers:            7412 kB
Cached:          1906868 kB
SwapCached:            0 kB
Active:          1440008 kB
Inactive:        1655144 kB
Active(anon):    1187332 kB
Inactive(anon):    27680 kB
Active(file):     252676 kB
Inactive(file):  1627464 kB
Unevictable:        5532 kB
Mlocked:            5532 kB
SwapTotal:       3145724 kB
SwapFree:        3145724 kB
Dirty:               244 kB
Writeback:             0 kB
AnonPages:       1185972 kB
Mapped:           862620 kB
Shmem:             29660 kB
KReclaimable:     800724 kB
Slab:             222188 kB
SReclaimable:      78236 kB
SUnreclaim:       143952 kB
KernelStack:       46080 kB
PageTables:        62652 kB
NFS_Unstable:          0 kB
Bounce:                0 kB
WritebackTmp:          0 kB
CommitLimit:     9202288 kB
Committed_AS:   66042616 kB
VmallocTotal:   263061440 kB
VmallocUsed:      103040 kB
VmallocChunk:          0 kB
Percpu:             7648 kB
CmaTotal:         294912 kB
CmaFree:               0 kB
MemTotal:       12113132 kB
MemFree:         6221608 kB
MemAvailable:    8033820 kB
Buffers:            7412 kB
Cached:          1906920 kB
SwapCached:            0 kB
Active:          1440212 kB
Inactive:        1655172 kB
Active(anon):    1187512 kB
Inactive(anon):    27680 kB
Active(file):     252700 kB
Inactive(file):  1627492 kB
Unevictable:        5532 kB
Mlocked:            5532 kB
SwapTotal:       3145724 kB
SwapFree:        3145724 kB
Dirty:               296 kB
Writeback:             0 kB
AnonPages:       1186224 kB
Mapped:           862624 kB
Shmem:             29660 kB
KReclaimable:     800724 kB
Slab:             222220 kB
SReclaimable:      78236 kB
SUnreclaim:       143984 kB
KernelStack:       46144 kB
PageTables:        62764 kB
NFS_Unstable:          0 kB
Bounce:                0 kB
WritebackTmp:          0 kB
CommitLimit:     9202288 kB
Committed_AS:   66042872 kB
VmallocTotal:   263061440 kB
VmallocUsed:      103072 kB
VmallocChunk:          0 kB
Percpu:             7648 kB
CmaTotal:         294912 kB
CmaFree:             100 kB
MemTotal:       12113132 kB
MemFree:         6222680 kB
MemAvailable:    8034916 kB
Buffers:            7412 kB
Cached:          1906944 kB
SwapCached:            0 kB
Active:          1439144 kB
Inactive:        1655188 kB
Active(anon):    1186436 kB
Inactive(anon):    27680 kB
Active(file):     252708 kB
Inactive(file):  1627508 kB
Unevictable:        5532 kB
Mlocked:            5532 kB
SwapTotal:       3145724 kB
SwapFree:        3145724 kB
Dirty:               332 kB
Writeback:             0 kB
AnonPages:       1185472 kB
Mapped:           862696 kB
Shmem:             29660 kB
KReclaimable:     800724 kB
Slab:             222156 kB
SReclaimable:      78236 kB
SUnreclaim:       143920 kB
KernelStack:       46140 kB
PageTables:        62896 kB
NFS_Unstable:          0 kB
Bounce:                0 kB
WritebackTmp:          0 kB
CommitLimit:     9202288 kB
Committed_AS:   66047228 kB
VmallocTotal:   263061440 kB
VmallocUsed:      103104 kB
VmallocChunk:          0 kB
Percpu:             7648 kB
CmaTotal:         294912 kB
CmaFree:              44 kB
MemTotal:       12113132 kB
MemFree:         6221540 kB
MemAvailable:    8033796 kB
Buffers:            7412 kB
Cached:          1906964 kB
SwapCached:            0 kB
Active:          1439976 kB
Inactive:        1655208 kB
Active(anon):    1187268 kB
Inactive(anon):    27680 kB
Active(file):     252708 kB
Inactive(file):  1627528 kB
Unevictable:        5532 kB
Mlocked:            5532 kB
SwapTotal:       3145724 kB
SwapFree:        3145724 kB
Dirty:               352 kB
Writeback:             0 kB
AnonPages:       1186412 kB
Mapped:           862628 kB
Shmem:             29660 kB
KReclaimable:     800724 kB
Slab:             222236 kB
SReclaimable:      78236 kB
SUnreclaim:       144000 kB
KernelStack:       46176 kB
PageTables:        62776 kB
NFS_Unstable:          0 kB
Bounce:                0 kB
WritebackTmp:          0 kB
CommitLimit:     9202288 kB
Committed_AS:   66047660 kB
VmallocTotal:   263061440 kB
VmallocUsed:      103120 kB
VmallocChunk:          0 kB
Percpu:             7648 kB
CmaTotal:         294912 kB
CmaFree:               0 kB
MemTotal:       12113132 kB
MemFree:         6220892 kB
MemAvailable:    8033180 kB
Buffers:            7412 kB
Cached:          1906996 kB
SwapCached:            0 kB
Active:          1440888 kB
Inactive:        1655240 kB
Active(anon):    1188180 kB
Inactive(anon):    27680 kB
Active(file):     252708 kB
Inactive(file):  1627560 kB
Unevictable:        5532 kB
Mlocked:            5532 kB
SwapTotal:       3145724 kB
SwapFree:        3145724 kB
Dirty:               408 kB
Writeback:             0 kB
AnonPages:       1187452 kB
Mapped:           862812 kB
Shmem:             29660 kB
KReclaimable:     800724 kB
Slab:             222164 kB
SReclaimable:      78236 kB
SUnreclaim:       143928 kB
KernelStack:       46144 kB
PageTables:        62772 kB
NFS_Unstable:          0 kB
Bounce:                0 kB
WritebackTmp:          0 kB
CommitLimit:     9202288 kB
Committed_AS:   66052788 kB
VmallocTotal:   263061440 kB
VmallocUsed:      103152 kB
VmallocChunk:          0 kB
Percpu:             7648 kB
CmaTotal:         294912 kB
CmaFree:               0 kB
MemTotal:       12113132 kB
MemFree:         6218928 kB
MemAvailable:    8031228 kB
Buffers:            7412 kB
Cached:          1907008 kB
SwapCached:            0 kB
Active:          1441200 kB
Inactive:        1655252 kB
Active(anon):    1188492 kB
Inactive(anon):    27680 kB
Active(file):     252708 kB
Inactive(file):  1627572 kB
Unevictable:        5532 kB
Mlocked:            5532 kB
SwapTotal:       3145724 kB
SwapFree:        3145724 kB
Dirty:               488 kB
Writeback:             0 kB
AnonPages:       1187676 kB
Mapped:           862744 kB
Shmem:             29660 kB
KReclaimable:     800724 kB
Slab:             222260 kB
SReclaimable:      78236 kB
SUnreclaim:       144024 kB
KernelStack:       46148 kB
PageTables:        62640 kB
NFS_Unstable:          0 kB
Bounce:                0 kB
WritebackTmp:          0 kB
CommitLimit:     9202288 kB
Committed_AS:   66052484 kB
VmallocTotal:   263061440 kB
VmallocUsed:      103168 kB
VmallocChunk:          0 kB
Percpu:             7648 kB
CmaTotal:         294912 kB
CmaFree:               0 kB
MemTotal:       12113132 kB
MemFree:         6220028 kB
MemAvailable:    8032340 kB
Buffers:            7412 kB
Cached:          1907020 kB
SwapCached:            0 kB
Active:          1441172 kB
Inactive:        1655264 kB
Active(anon):    1188464 kB
Inactive(anon):    27680 kB
Active(file):     252708 kB
Inactive(file):  1627584 kB
Unevictable:        5532 kB
Mlocked:            5532 kB
SwapTotal:       3145724 kB
SwapFree:        3145724 kB
Dirty:               504 kB
Writeback:             0 kB
AnonPages:       1187640 kB
Mapped:           862812 kB
Shmem:             29660 kB
KReclaimable:     800724 kB
Slab:             222116 kB
SReclaimable:      78236 kB
SUnreclaim:       143880 kB
KernelStack:       46096 kB
PageTables:        62764 kB
NFS_Unstable:          0 kB
Bounce:                0 kB
WritebackTmp:          0 kB
CommitLimit:     9202288 kB
Committed_AS:   66053876 kB
VmallocTotal:   263061440 kB
VmallocUsed:      103088 kB
VmallocChunk:          0 kB
Percpu:             7648 kB
CmaTotal:         294912 kB
CmaFree:              44 kB
MemTotal:       12113132 kB
MemFree:         6219188 kB
MemAvailable:    8031504 kB
Buffers:            7412 kB
Cached:          1907024 kB
SwapCached:            0 kB
Active:          1441772 kB
Inactive:        1655268 kB
Active(anon):    1189064 kB
Inactive(anon):    27680 kB
Active(file):     252708 kB
Inactive(file):  1627588 kB
Unevictable:        5532 kB
Mlocked:            5532 kB
SwapTotal:       3145724 kB
SwapFree:        3145724 kB
Dirty:               508 kB
Writeback:             0 kB
AnonPages:       1188012 kB
Mapped:           862816 kB
Shmem:             29660 kB
KReclaimable:     800724 kB
Slab:             222220 kB
SReclaimable:      78236 kB
SUnreclaim:       143984 kB
KernelStack:       46112 kB
PageTables:        62700 kB
NFS_Unstable:          0 kB
Bounce:                0 kB
WritebackTmp:          0 kB
CommitLimit:     9202288 kB
Committed_AS:   66050076 kB
VmallocTotal:   263061440 kB
VmallocUsed:      103072 kB
VmallocChunk:          0 kB
Percpu:             7648 kB
CmaTotal:         294912 kB
CmaFree:               0 kB
MemTotal:       12113132 kB
MemFree:         6218928 kB
MemAvailable:    8031280 kB
Buffers:            7412 kB
Cached:          1907060 kB
SwapCached:            0 kB
Active:          1442336 kB
Inactive:        1655304 kB
Active(anon):    1189628 kB
Inactive(anon):    27680 kB
Active(file):     252708 kB
Inactive(file):  1627624 kB
Unevictable:        5532 kB
Mlocked:            5532 kB
SwapTotal:       3145724 kB
SwapFree:        3145724 kB
Dirty:               564 kB
Writeback:             0 kB
AnonPages:       1188636 kB
Mapped:           862576 kB
Shmem:             29660 kB
KReclaimable:     800724 kB
Slab:             222188 kB
SReclaimable:      78236 kB
SUnreclaim:       143952 kB
KernelStack:       46192 kB
PageTables:        62772 kB
NFS_Unstable:          0 kB
Bounce:                0 kB
WritebackTmp:          0 kB
CommitLimit:     9202288 kB
Committed_AS:   66048928 kB
VmallocTotal:   263061440 kB
VmallocUsed:      103088 kB
VmallocChunk:          0 kB
Percpu:             7648 kB
CmaTotal:         294912 kB
CmaFree:               0 kB
MemTotal:       12113132 kB
MemFree:         6217164 kB
MemAvailable:    8029536 kB
Buffers:            7412 kB
Cached:          1907080 kB
SwapCached:            0 kB
Active:          1442760 kB
Inactive:        1655324 kB
Active(anon):    1190052 kB
Inactive(anon):    27680 kB
Active(file):     252708 kB
Inactive(file):  1627644 kB
Unevictable:        5532 kB
Mlocked:            5532 kB
SwapTotal:       3145724 kB
SwapFree:        3145724 kB
Dirty:               584 kB
Writeback:             0 kB
AnonPages:       1189436 kB
Mapped:           862744 kB
Shmem:             29660 kB
KReclaimable:     800724 kB
Slab:             222196 kB
SReclaimable:      78236 kB
SUnreclaim:       143960 kB
KernelStack:       46112 kB
PageTables:        62648 kB
NFS_Unstable:          0 kB
Bounce:                0 kB
WritebackTmp:          0 kB
CommitLimit:     9202288 kB
Committed_AS:   66054692 kB
VmallocTotal:   263061440 kB
VmallocUsed:      103136 kB
VmallocChunk:          0 kB
Percpu:             7648 kB
CmaTotal:         294912 kB
CmaFree:               0 kB
MemTotal:       12113132 kB
MemFree:         6216684 kB
MemAvailable:    8029084 kB
Buffers:            7412 kB
Cached:          1907108 kB
SwapCached:            0 kB
Active:          1444352 kB
Inactive:        1655348 kB
Active(anon):    1191640 kB
Inactive(anon):    27680 kB
Active(file):     252712 kB
Inactive(file):  1627668 kB
Unevictable:        5532 kB
Mlocked:            5532 kB
SwapTotal:       3145724 kB
SwapFree:        3145724 kB
Dirty:               612 kB
Writeback:             0 kB
AnonPages:       1190860 kB
Mapped:           862812 kB
Shmem:             29660 kB
KReclaimable:     800724 kB
Slab:             222204 kB
SReclaimable:      78236 kB
SUnreclaim:       143968 kB
KernelStack:       46144 kB
PageTables:        62764 kB
NFS_Unstable:          0 kB
Bounce:                0 kB
WritebackTmp:          0 kB
CommitLimit:     9202288 kB
Committed_AS:   66050248 kB
VmallocTotal:   263061440 kB
VmallocUsed:      103152 kB
VmallocChunk:          0 kB
Percpu:             7648 kB
CmaTotal:         294912 kB
CmaFree:              20 kB
MemTotal:       12113132 kB
MemFree:         6216024 kB
MemAvailable:    8028420 kB
Buffers:            7412 kB
Cached:          1907104 kB
SwapCached:            0 kB
Active:          1444800 kB
Inactive:        1655352 kB
Active(anon):    1192096 kB
Inactive(anon):    27680 kB
Active(file):     252704 kB
Inactive(file):  1627672 kB
Unevictable:        5532 kB
Mlocked:            5532 kB
SwapTotal:       3145724 kB
SwapFree:        3145724 kB
Dirty:               624 kB
Writeback:             0 kB
AnonPages:       1190896 kB
Mapped:           862816 kB
Shmem:             29660 kB
KReclaimable:     800724 kB
Slab:             222188 kB
SReclaimable:      78236 kB
SUnreclaim:       143952 kB
KernelStack:       46128 kB
PageTables:        62708 kB
NFS_Unstable:          0 kB
Bounce:                0 kB
WritebackTmp:          0 kB
CommitLimit:     9202288 kB
Committed_AS:   66053584 kB
VmallocTotal:   263061440 kB
VmallocUsed:      103168 kB
VmallocChunk:          0 kB
Percpu:             7648 kB
CmaTotal:         294912 kB
CmaFree:              16 kB
MemTotal:       12113132 kB
MemFree:         6183072 kB
MemAvailable:    7995508 kB
Buffers:            7412 kB
Cached:          1907144 kB
SwapCached:            0 kB
Active:          1479176 kB
Inactive:        1655384 kB
Active(anon):    1226464 kB
Inactive(anon):    27680 kB
Active(file):     252712 kB
Inactive(file):  1627704 kB
Unevictable:        5532 kB
Mlocked:            5532 kB
SwapTotal:       3145724 kB
SwapFree:        3145724 kB
Dirty:               656 kB
Writeback:             0 kB
AnonPages:       1225840 kB
Mapped:           862744 kB
Shmem:             29660 kB
KReclaimable:     800724 kB
Slab:             222108 kB
SReclaimable:      78236 kB
SUnreclaim:       143872 kB
KernelStack:       46176 kB
PageTables:        62764 kB
NFS_Unstable:          0 kB
Bounce:                0 kB
WritebackTmp:          0 kB
CommitLimit:     9202288 kB
Committed_AS:   66053216 kB
VmallocTotal:   263061440 kB
VmallocUsed:      103152 kB
VmallocChunk:          0 kB
Percpu:             7648 kB
CmaTotal:         294912 kB
CmaFree:               0 kB
MemTotal:       12113132 kB
MemFree:         6180360 kB
MemAvailable:    7992808 kB
Buffers:            7416 kB
Cached:          1907152 kB
SwapCached:            0 kB
Active:          1479824 kB
Inactive:        1655396 kB
Active(anon):    1227112 kB
Inactive(anon):    27680 kB
Active(file):     252712 kB
Inactive(file):  1627716 kB
Unevictable:        5532 kB
Mlocked:            5532 kB
SwapTotal:       3145724 kB
SwapFree:        3145724 kB
Dirty:               164 kB
Writeback:             0 kB
AnonPages:       1226020 kB
Mapped:           862652 kB
Shmem:             29660 kB
KReclaimable:     800724 kB
Slab:             222104 kB
SReclaimable:      78236 kB
SUnreclaim:       143868 kB
KernelStack:       46208 kB
PageTables:        62916 kB
NFS_Unstable:          0 kB
Bounce:                0 kB
WritebackTmp:          0 kB
CommitLimit:     9202288 kB
Committed_AS:   66045040 kB
VmallocTotal:   263061440 kB
VmallocUsed:      103120 kB
VmallocChunk:          0 kB
Percpu:             7648 kB
CmaTotal:         294912 kB
CmaFree:              12 kB
MemTotal:       12113132 kB
MemFree:         6179648 kB
MemAvailable:    7992112 kB
Buffers:            7416 kB
Cached:          1907168 kB
SwapCached:            0 kB
Active:          1480616 kB
Inactive:        1655412 kB
Active(anon):    1227904 kB
Inactive(anon):    27680 kB
Active(file):     252712 kB
Inactive(file):  1627732 kB
Unevictable:        5532 kB
Mlocked:            5532 kB
SwapTotal:       3145724 kB
SwapFree:        3145724 kB
Dirty:               236 kB
Writeback:             0 kB
AnonPages:       1227020 kB
Mapped:           862812 kB
Shmem:             29660 kB
KReclaimable:     800724 kB
Slab:             222096 kB
SReclaimable:      78236 kB
SUnreclaim:       143860 kB
KernelStack:       46160 kB
PageTables:        62880 kB
NFS_Unstable:          0 kB
Bounce:                0 kB
WritebackTmp:          0 kB
CommitLimit:     9202288 kB
Committed_AS:   66049596 kB
VmallocTotal:   263061440 kB
VmallocUsed:      103136 kB
VmallocChunk:          0 kB
Percpu:             7648 kB
CmaTotal:         294912 kB
CmaFree:               0 kB
MemTotal:       12113132 kB
MemFree:         6180604 kB
MemAvailable:    7993084 kB
Buffers:            7416 kB
Cached:          1907184 kB
SwapCached:            0 kB
Active:          1480512 kB
Inactive:        1655428 kB
Active(anon):    1227800 kB
Inactive(anon):    27680 kB
Active(file):     252712 kB
Inactive(file):  1627748 kB
Unevictable:        5532 kB
Mlocked:            5532 kB
SwapTotal:       3145724 kB
SwapFree:        3145724 kB
Dirty:               268 kB
Writeback:             0 kB
AnonPages:       1226540 kB
Mapped:           862816 kB
Shmem:             29660 kB
KReclaimable:     800724 kB
Slab:             222104 kB
SReclaimable:      78236 kB
SUnreclaim:       143868 kB
KernelStack:       46128 kB
PageTables:        62700 kB
NFS_Unstable:          0 kB
Bounce:                0 kB
WritebackTmp:          0 kB
CommitLimit:     9202288 kB
Committed_AS:   66052096 kB
VmallocTotal:   263061440 kB
VmallocUsed:      103136 kB
VmallocChunk:          0 kB
Percpu:             7648 kB
CmaTotal:         294912 kB
CmaFree:               0 kB
MemTotal:       12113132 kB
MemFree:         6179872 kB
MemAvailable:    7992372 kB
Buffers:            7416 kB
Cached:          1907204 kB
SwapCached:            0 kB
Active:          1480932 kB
Inactive:        1655448 kB
Active(anon):    1228220 kB
Inactive(anon):    27680 kB
Active(file):     252712 kB
Inactive(file):  1627768 kB
Unevictable:        5532 kB
Mlocked:            5532 kB
SwapTotal:       3145724 kB
SwapFree:        3145724 kB
Dirty:               288 kB
Writeback:             0 kB
AnonPages:       1227220 kB
Mapped:           862816 kB
Shmem:             29660 kB
KReclaimable:     800724 kB
Slab:             222088 kB
SReclaimable:      78236 kB
SUnreclaim:       143852 kB
KernelStack:       46160 kB
PageTables:        62700 kB
NFS_Unstable:          0 kB
Bounce:                0 kB
WritebackTmp:          0 kB
CommitLimit:     9202288 kB
Committed_AS:   66051832 kB
VmallocTotal:   263061440 kB
VmallocUsed:      103152 kB
VmallocChunk:          0 kB
Percpu:             7648 kB
CmaTotal:         294912 kB
CmaFree:               8 kB
MemTotal:       12113132 kB
MemFree:         6181204 kB
MemAvailable:    7993716 kB
Buffers:            7416 kB
Cached:          1907216 kB
SwapCached:            0 kB
Active:          1478856 kB
Inactive:        1655460 kB
Active(anon):    1226144 kB
Inactive(anon):    27680 kB
Active(file):     252712 kB
Inactive(file):  1627780 kB
Unevictable:        5532 kB
Mlocked:            5532 kB
SwapTotal:       3145724 kB
SwapFree:        3145724 kB
Dirty:               332 kB
Writeback:             0 kB
AnonPages:       1225088 kB
Mapped:           862744 kB
Shmem:             29660 kB
KReclaimable:     800724 kB
Slab:             222112 kB
SReclaimable:      78236 kB
SUnreclaim:       143876 kB
KernelStack:       46180 kB
PageTables:        62652 kB
NFS_Unstable:          0 kB
Bounce:                0 kB
WritebackTmp:          0 kB
CommitLimit:     9202288 kB
Committed_AS:   66051716 kB
VmallocTotal:   263061440 kB
VmallocUsed:      103152 kB
VmallocChunk:          0 kB
Percpu:             7648 kB
CmaTotal:         294912 kB
CmaFree:               0 kB
MemTotal:       12113132 kB
MemFree:         6182632 kB
MemAvailable:    7995156 kB
Buffers:            7416 kB
Cached:          1907228 kB
SwapCached:            0 kB
Active:          1477656 kB
Inactive:        1655472 kB
Active(anon):    1224944 kB
Inactive(anon):    27680 kB
Active(file):     252712 kB
Inactive(file):  1627792 kB
Unevictable:        5532 kB
Mlocked:            5532 kB
SwapTotal:       3145724 kB
SwapFree:        3145724 kB
Dirty:               344 kB
Writeback:             0 kB
AnonPages:       1224020 kB
Mapped:           862744 kB
Shmem:             29660 kB
KReclaimable:     800724 kB
Slab:             222104 kB
SReclaimable:      78236 kB
SUnreclaim:       143868 kB
KernelStack:       46128 kB
PageTables:        62664 kB
NFS_Unstable:          0 kB
Bounce:                0 kB
WritebackTmp:          0 kB
CommitLimit:     9202288 kB
Committed_AS:   66054332 kB
VmallocTotal:   263061440 kB
VmallocUsed:      103184 kB
VmallocChunk:          0 kB
Percpu:             7648 kB
CmaTotal:         294912 kB
CmaFree:               0 kB
MemTotal:       12113132 kB
MemFree:         6189876 kB
MemAvailable:    8002412 kB
Buffers:            7416 kB
Cached:          1907240 kB
SwapCached:            0 kB
Active:          1469620 kB
Inactive:        1655488 kB
Active(anon):    1216912 kB
Inactive(anon):    27680 kB
Active(file):     252708 kB
Inactive(file):  1627808 kB
Unevictable:        5532 kB
Mlocked:            5532 kB
SwapTotal:       3145724 kB
SwapFree:        3145724 kB
Dirty:               360 kB
Writeback:             0 kB
AnonPages:       1215908 kB
Mapped:           862816 kB
Shmem:             29660 kB
KReclaimable:     800724 kB
Slab:             222104 kB
SReclaimable:      78236 kB
SUnreclaim:       143868 kB
KernelStack:       46128 kB
PageTables:        62696 kB
NFS_Unstable:          0 kB
Bounce:                0 kB
WritebackTmp:          0 kB
CommitLimit:     9202288 kB
Committed_AS:   66048656 kB
VmallocTotal:   263061440 kB
VmallocUsed:      103136 kB
VmallocChunk:          0 kB
Percpu:             7648 kB
CmaTotal:         294912 kB
CmaFree:              40 kB
MemTotal:       12113132 kB
MemFree:         6189732 kB
MemAvailable:    8002284 kB
Buffers:            7416 kB
Cached:          1907256 kB
SwapCached:            0 kB
Active:          1470936 kB
Inactive:        1655500 kB
Active(anon):    1218224 kB
Inactive(anon):    27680 kB
Active(file):     252712 kB
Inactive(file):  1627820 kB
Unevictable:        5532 kB
Mlocked:            5532 kB
SwapTotal:       3145724 kB
SwapFree:        3145724 kB
Dirty:               404 kB
Writeback:             0 kB
AnonPages:       1217220 kB
Mapped:           862620 kB
Shmem:             29660 kB
KReclaimable:     800724 kB
Slab:             222104 kB
SReclaimable:      78236 kB
SUnreclaim:       143868 kB
KernelStack:       46144 kB
PageTables:        62752 kB
NFS_Unstable:          0 kB
Bounce:                0 kB
WritebackTmp:          0 kB
CommitLimit:     9202288 kB
Committed_AS:   66048372 kB
VmallocTotal:   263061440 kB
VmallocUsed:      103136 kB
VmallocChunk:          0 kB
Percpu:             7648 kB
CmaTotal:         294912 kB
CmaFree:               0 kB
MemTotal:       12113132 kB
MemFree:         6188744 kB
MemAvailable:    8001316 kB
Buffers:            7416 kB
Cached:          1907276 kB
SwapCached:            0 kB
Active:          1471016 kB
Inactive:        1655520 kB
Active(anon):    1218304 kB
Inactive(anon):    27680 kB
Active(file):     252712 kB
Inactive(file):  1627840 kB
Unevictable:        5532 kB
Mlocked:            5532 kB
SwapTotal:       3145724 kB
SwapFree:        3145724 kB
Dirty:               412 kB
Writeback:             0 kB
AnonPages:       1217388 kB
Mapped:           862744 kB
Shmem:             29660 kB
KReclaimable:     800724 kB
Slab:             222104 kB
SReclaimable:      78236 kB
SUnreclaim:       143868 kB
KernelStack:       46196 kB
PageTables:        62648 kB
NFS_Unstable:          0 kB
Bounce:                0 kB
WritebackTmp:          0 kB
CommitLimit:     9202288 kB
Committed_AS:   66054080 kB
VmallocTotal:   263061440 kB
VmallocUsed:      103136 kB
VmallocChunk:          0 kB
Percpu:             7648 kB
CmaTotal:         294912 kB
CmaFree:               4 kB
MemTotal:       12113132 kB
MemFree:         6188860 kB
MemAvailable:    8001452 kB
Buffers:            7416 kB
Cached:          1907296 kB
SwapCached:            0 kB
Active:          1471584 kB
Inactive:        1655540 kB
Active(anon):    1218872 kB
Inactive(anon):    27680 kB
Active(file):     252712 kB
Inactive(file):  1627860 kB
Unevictable:        5532 kB
Mlocked:            5532 kB
SwapTotal:       3145724 kB
SwapFree:        3145724 kB
Dirty:               432 kB
Writeback:             0 kB
AnonPages:       1217684 kB
Mapped:           862744 kB
Shmem:             29660 kB
KReclaimable:     800724 kB
Slab:             222104 kB
SReclaimable:      78236 kB
SUnreclaim:       143868 kB
KernelStack:       46080 kB
PageTables:        62704 kB
NFS_Unstable:          0 kB
Bounce:                0 kB
WritebackTmp:          0 kB
CommitLimit:     9202288 kB
Committed_AS:   66054852 kB
VmallocTotal:   263061440 kB
VmallocUsed:      103136 kB
VmallocChunk:          0 kB
Percpu:             7648 kB
CmaTotal:         294912 kB
CmaFree:               8 kB
MemTotal:       12113132 kB
MemFree:         6189216 kB
MemAvailable:    8001832 kB
Buffers:            7416 kB
Cached:          1907324 kB
SwapCached:            0 kB
Active:          1471500 kB
Inactive:        1655568 kB
Active(anon):    1218788 kB
Inactive(anon):    27684 kB
Active(file):     252712 kB
Inactive(file):  1627884 kB
Unevictable:        5532 kB
Mlocked:            5532 kB
SwapTotal:       3145724 kB
SwapFree:        3145724 kB
Dirty:               224 kB
Writeback:             0 kB
AnonPages:       1218012 kB
Mapped:           862820 kB
Shmem:             29664 kB
KReclaimable:     800724 kB
Slab:             222104 kB
SReclaimable:      78236 kB
SUnreclaim:       143868 kB
KernelStack:       46144 kB
PageTables:        62700 kB
NFS_Unstable:          0 kB
Bounce:                0 kB
WritebackTmp:          0 kB
CommitLimit:     9202288 kB
Committed_AS:   66054636 kB
VmallocTotal:   263061440 kB
VmallocUsed:      103088 kB
VmallocChunk:          0 kB
Percpu:             7648 kB
CmaTotal:         294912 kB
CmaFree:               0 kB
MemTotal:       12113132 kB
MemFree:         6188424 kB
MemAvailable:    8001060 kB
Buffers:            7416 kB
Cached:          1907344 kB
SwapCached:            0 kB
Active:          1472324 kB
Inactive:        1655588 kB
Active(anon):    1219612 kB
Inactive(anon):    27684 kB
Active(file):     252712 kB
Inactive(file):  1627904 kB
Unevictable:        5532 kB
Mlocked:            5532 kB
SwapTotal:       3145724 kB
SwapFree:        3145724 kB
Dirty:               252 kB
Writeback:             0 kB
AnonPages:       1218328 kB
Mapped:           862748 kB
Shmem:             29664 kB
KReclaimable:     800724 kB
Slab:             222104 kB
SReclaimable:      78236 kB
SUnreclaim:       143868 kB
KernelStack:       46048 kB
PageTables:        62644 kB
NFS_Unstable:          0 kB
Bounce:                0 kB
WritebackTmp:          0 kB
CommitLimit:     9202288 kB
Committed_AS:   66054736 kB
VmallocTotal:   263061440 kB
VmallocUsed:      103136 kB
VmallocChunk:          0 kB
Percpu:             7648 kB
CmaTotal:         294912 kB
CmaFree:               8 kB
MemTotal:       12113132 kB
MemFree:         6187768 kB
MemAvailable:    8000424 kB
Buffers:            7416 kB
Cached:          1907364 kB
SwapCached:            0 kB
Active:          1472772 kB
Inactive:        1655608 kB
Active(anon):    1220060 kB
Inactive(anon):    27684 kB
Active(file):     252712 kB
Inactive(file):  1627924 kB
Unevictable:        5532 kB
Mlocked:            5532 kB
SwapTotal:       3145724 kB
SwapFree:        3145724 kB
Dirty:               272 kB
Writeback:             0 kB
AnonPages:       1219296 kB
Mapped:           862820 kB
Shmem:             29664 kB
KReclaimable:     800724 kB
Slab:             222104 kB
SReclaimable:      78236 kB
SUnreclaim:       143868 kB
KernelStack:       46180 kB
PageTables:        62708 kB
NFS_Unstable:          0 kB
Bounce:                0 kB
WritebackTmp:          0 kB
CommitLimit:     9202288 kB
Committed_AS:   66055076 kB
VmallocTotal:   263061440 kB
VmallocUsed:      103152 kB
VmallocChunk:          0 kB
Percpu:             7648 kB
CmaTotal:         294912 kB
CmaFree:              64 kB
MemTotal:       12113132 kB
MemFree:         6187696 kB
MemAvailable:    8000388 kB
Buffers:            7416 kB
Cached:          1907400 kB
SwapCached:            0 kB
Active:          1474200 kB
Inactive:        1655636 kB
Active(anon):    1221480 kB
Inactive(anon):    27684 kB
Active(file):     252720 kB
Inactive(file):  1627952 kB
Unevictable:        5532 kB
Mlocked:            5532 kB
SwapTotal:       3145724 kB
SwapFree:        3145724 kB
Dirty:               320 kB
Writeback:             0 kB
AnonPages:       1220676 kB
Mapped:           862836 kB
Shmem:             29664 kB
KReclaimable:     800724 kB
Slab:             222096 kB
SReclaimable:      78236 kB
SUnreclaim:       143860 kB
KernelStack:       46160 kB
PageTables:        62788 kB
NFS_Unstable:          0 kB
Bounce:                0 kB
WritebackTmp:          0 kB
CommitLimit:     9202288 kB
Committed_AS:   66054940 kB
VmallocTotal:   263061440 kB
VmallocUsed:      103120 kB
VmallocChunk:          0 kB
Percpu:             7648 kB
CmaTotal:         294912 kB
CmaFree:               0 kB
MemTotal:       12113132 kB
MemFree:         6187092 kB
MemAvailable:    7999780 kB
Buffers:            7416 kB
Cached:          1907400 kB
SwapCached:            0 kB
Active:          1474224 kB
Inactive:        1655640 kB
Active(anon):    1221512 kB
Inactive(anon):    27684 kB
Active(file):     252712 kB
Inactive(file):  1627956 kB
Unevictable:        5532 kB
Mlocked:            5532 kB
SwapTotal:       3145724 kB
SwapFree:        3145724 kB
Dirty:               340 kB
Writeback:             4 kB
AnonPages:       1220360 kB
Mapped:           862748 kB
Shmem:             29664 kB
KReclaimable:     800724 kB
Slab:             222096 kB
SReclaimable:      78236 kB
SUnreclaim:       143860 kB
KernelStack:       46148 kB
PageTables:        62652 kB
NFS_Unstable:          0 kB
Bounce:                0 kB
WritebackTmp:          0 kB
CommitLimit:     9202288 kB
Committed_AS:   66054676 kB
VmallocTotal:   263061440 kB
VmallocUsed:      103136 kB
VmallocChunk:          0 kB
Percpu:             7648 kB
CmaTotal:         294912 kB
CmaFree:               0 kB
MemTotal:       12113132 kB
MemFree:         6186400 kB
MemAvailable:    7999100 kB
Buffers:            7420 kB
Cached:          1907404 kB
SwapCached:            0 kB
Active:          1474748 kB
Inactive:        1655652 kB
Active(anon):    1222036 kB
Inactive(anon):    27684 kB
Active(file):     252712 kB
Inactive(file):  1627968 kB
Unevictable:        5532 kB
Mlocked:            5532 kB
SwapTotal:       3145724 kB
SwapFree:        3145724 kB
Dirty:               348 kB
Writeback:             0 kB
AnonPages:       1220780 kB
Mapped:           862816 kB
Shmem:             29664 kB
KReclaimable:     800724 kB
Slab:             222088 kB
SReclaimable:      78236 kB
SUnreclaim:       143852 kB
KernelStack:       46048 kB
PageTables:        62708 kB
NFS_Unstable:          0 kB
Bounce:                0 kB
WritebackTmp:          0 kB
CommitLimit:     9202288 kB
Committed_AS:   66055212 kB
VmallocTotal:   263061440 kB
VmallocUsed:      103088 kB
VmallocChunk:          0 kB
Percpu:             7648 kB
CmaTotal:         294912 kB
CmaFree:               0 kB
MemTotal:       12113132 kB
MemFree:         6185072 kB
MemAvailable:    7997792 kB
Buffers:            7420 kB
Cached:          1907424 kB
SwapCached:            0 kB
Active:          1475644 kB
Inactive:        1655668 kB
Active(anon):    1222928 kB
Inactive(anon):    27684 kB
Active(file):     252716 kB
Inactive(file):  1627984 kB
Unevictable:        5532 kB
Mlocked:            5532 kB
SwapTotal:       3145724 kB
SwapFree:        3145724 kB
Dirty:               272 kB
Writeback:             0 kB
AnonPages:       1221660 kB
Mapped:           862748 kB
Shmem:             29664 kB
KReclaimable:     800724 kB
Slab:             222096 kB
SReclaimable:      78236 kB
SUnreclaim:       143860 kB
KernelStack:       46164 kB
PageTables:        62644 kB
NFS_Unstable:          0 kB
Bounce:                0 kB
WritebackTmp:          0 kB
CommitLimit:     9202288 kB
Committed_AS:   66055040 kB
VmallocTotal:   263061440 kB
VmallocUsed:      103152 kB
VmallocChunk:          0 kB
Percpu:             7648 kB
CmaTotal:         294912 kB
CmaFree:               0 kB
MemTotal:       12113132 kB
MemFree:         6184980 kB
MemAvailable:    7997712 kB
Buffers:            7420 kB
Cached:          1907436 kB
SwapCached:            0 kB
Active:          1476460 kB
Inactive:        1655680 kB
Active(anon):    1223744 kB
Inactive(anon):    27684 kB
Active(file):     252716 kB
Inactive(file):  1627996 kB
Unevictable:        5532 kB
Mlocked:            5532 kB
SwapTotal:       3145724 kB
SwapFree:        3145724 kB
Dirty:               284 kB
Writeback:             0 kB
AnonPages:       1223052 kB
Mapped:           862816 kB
Shmem:             29664 kB
KReclaimable:     800724 kB
Slab:             222072 kB
SReclaimable:      78236 kB
SUnreclaim:       143836 kB
KernelStack:       46128 kB
PageTables:        62720 kB
NFS_Unstable:          0 kB
Bounce:                0 kB
WritebackTmp:          0 kB
CommitLimit:     9202288 kB
Committed_AS:   66054428 kB
VmallocTotal:   263061440 kB
VmallocUsed:      103152 kB
VmallocChunk:          0 kB
Percpu:             7648 kB
CmaTotal:         294912 kB
CmaFree:               4 kB
MemTotal:       12113132 kB
MemFree:         6222988 kB
MemAvailable:    8035744 kB
Buffers:            7420 kB
Cached:          1907460 kB
SwapCached:            0 kB
Active:          1436640 kB
Inactive:        1655704 kB
Active(anon):    1183924 kB
Inactive(anon):    27684 kB
Active(file):     252716 kB
Inactive(file):  1628020 kB
Unevictable:        5532 kB
Mlocked:            5532 kB
SwapTotal:       3145724 kB
SwapFree:        3145724 kB
Dirty:               308 kB
Writeback:             0 kB
AnonPages:       1182784 kB
Mapped:           862816 kB
Shmem:             29664 kB
KReclaimable:     800724 kB
Slab:             222064 kB
SReclaimable:      78236 kB
SUnreclaim:       143828 kB
KernelStack:       46112 kB
PageTables:        62704 kB
NFS_Unstable:          0 kB
Bounce:                0 kB
WritebackTmp:          0 kB
CommitLimit:     9202288 kB
Committed_AS:   66054588 kB
VmallocTotal:   263061440 kB
VmallocUsed:      103184 kB
VmallocChunk:          0 kB
Percpu:             7648 kB
CmaTotal:         294912 kB
CmaFree:            1868 kB
MemTotal:       12113132 kB
MemFree:         6222016 kB
MemAvailable:    8034780 kB
Buffers:            7420 kB
Cached:          1907468 kB
SwapCached:            0 kB
Active:          1437096 kB
Inactive:        1655712 kB
Active(anon):    1184380 kB
Inactive(anon):    27684 kB
Active(file):     252716 kB
Inactive(file):  1628028 kB
Unevictable:        5532 kB
Mlocked:            5532 kB
SwapTotal:       3145724 kB
SwapFree:        3145724 kB
Dirty:               348 kB
Writeback:             0 kB
AnonPages:       1183712 kB
Mapped:           862744 kB
Shmem:             29664 kB
KReclaimable:     800724 kB
Slab:             222096 kB
SReclaimable:      78236 kB
SUnreclaim:       143860 kB
KernelStack:       46144 kB
PageTables:        62680 kB
NFS_Unstable:          0 kB
Bounce:                0 kB
WritebackTmp:          0 kB
CommitLimit:     9202288 kB
Committed_AS:   66050184 kB
VmallocTotal:   263061440 kB
VmallocUsed:      103152 kB
VmallocChunk:          0 kB
Percpu:             7648 kB
CmaTotal:         294912 kB
CmaFree:             184 kB
MemTotal:       12113132 kB
MemFree:         6221504 kB
MemAvailable:    8034288 kB
Buffers:            7420 kB
Cached:          1907492 kB
SwapCached:            0 kB
Active:          1437480 kB
Inactive:        1655736 kB
Active(anon):    1184764 kB
Inactive(anon):    27688 kB
Active(file):     252716 kB
Inactive(file):  1628048 kB
Unevictable:        5532 kB
Mlocked:            5532 kB
SwapTotal:       3145724 kB
SwapFree:        3145724 kB
Dirty:               408 kB
Writeback:             0 kB
AnonPages:       1183752 kB
Mapped:           862752 kB
Shmem:             29668 kB
KReclaimable:     800724 kB
Slab:             222088 kB
SReclaimable:      78236 kB
SUnreclaim:       143852 kB
KernelStack:       46128 kB
PageTables:        62704 kB
NFS_Unstable:          0 kB
Bounce:                0 kB
WritebackTmp:          0 kB
CommitLimit:     9202288 kB
Committed_AS:   66044468 kB
VmallocTotal:   263061440 kB
VmallocUsed:      103152 kB
VmallocChunk:          0 kB
Percpu:             7648 kB
CmaTotal:         294912 kB
CmaFree:             252 kB
MemTotal:       12113132 kB
MemFree:         6221148 kB
MemAvailable:    8033952 kB
Buffers:            7420 kB
Cached:          1907512 kB
SwapCached:            0 kB
Active:          1438972 kB
Inactive:        1655752 kB
Active(anon):    1186252 kB
Inactive(anon):    27688 kB
Active(file):     252720 kB
Inactive(file):  1628064 kB
Unevictable:        5532 kB
Mlocked:            5532 kB
SwapTotal:       3145724 kB
SwapFree:        3145724 kB
Dirty:               444 kB
Writeback:             0 kB
AnonPages:       1185080 kB
Mapped:           862768 kB
Shmem:             29668 kB
KReclaimable:     800724 kB
Slab:             222040 kB
SReclaimable:      78236 kB
SUnreclaim:       143804 kB
KernelStack:       46160 kB
PageTables:        62688 kB
NFS_Unstable:          0 kB
Bounce:                0 kB
WritebackTmp:          0 kB
CommitLimit:     9202288 kB
Committed_AS:   66049648 kB
VmallocTotal:   263061440 kB
VmallocUsed:      103168 kB
VmallocChunk:          0 kB
Percpu:             7648 kB
CmaTotal:         294912 kB
CmaFree:               0 kB
MemTotal:       12113132 kB
MemFree:         6221604 kB
MemAvailable:    8034424 kB
Buffers:            7420 kB
Cached:          1907528 kB
SwapCached:            0 kB
Active:          1438228 kB
Inactive:        1655768 kB
Active(anon):    1185508 kB
Inactive(anon):    27688 kB
Active(file):     252720 kB
Inactive(file):  1628080 kB
Unevictable:        5532 kB
Mlocked:            5532 kB
SwapTotal:       3145724 kB
SwapFree:        3145724 kB
Dirty:               476 kB
Writeback:             0 kB
AnonPages:       1184936 kB
Mapped:           862752 kB
Shmem:             29668 kB
KReclaimable:     800724 kB
Slab:             222128 kB
SReclaimable:      78236 kB
SUnreclaim:       143892 kB
KernelStack:       46128 kB
PageTables:        62648 kB
NFS_Unstable:          0 kB
Bounce:                0 kB
WritebackTmp:          0 kB
CommitLimit:     9202288 kB
Committed_AS:   66049560 kB
VmallocTotal:   263061440 kB
VmallocUsed:      103168 kB
VmallocChunk:          0 kB
Percpu:             7648 kB
CmaTotal:         294912 kB
CmaFree:               0 kB
MemTotal:       12113132 kB
MemFree:         6221412 kB
MemAvailable:    8034244 kB
Buffers:            7420 kB
Cached:          1907540 kB
SwapCached:            0 kB
Active:          1438548 kB
Inactive:        1655780 kB
Active(anon):    1185828 kB
Inactive(anon):    27688 kB
Active(file):     252720 kB
Inactive(file):  1628092 kB
Unevictable:        5532 kB
Mlocked:            5532 kB
SwapTotal:       3145724 kB
SwapFree:        3145724 kB
Dirty:               488 kB
Writeback:             0 kB
AnonPages:       1185100 kB
Mapped:           862752 kB
Shmem:             29668 kB
KReclaimable:     800724 kB
Slab:             222024 kB
SReclaimable:      78236 kB
SUnreclaim:       143788 kB
KernelStack:       46128 kB
PageTables:        62784 kB
NFS_Unstable:          0 kB
Bounce:                0 kB
WritebackTmp:          0 kB
CommitLimit:     9202288 kB
Committed_AS:   66049428 kB
VmallocTotal:   263061440 kB
VmallocUsed:      103168 kB
VmallocChunk:          0 kB
Percpu:             7648 kB
CmaTotal:         294912 kB
CmaFree:              12 kB
MemTotal:       12113132 kB
MemFree:         6220064 kB
MemAvailable:    8032908 kB
Buffers:            7420 kB
Cached:          1907552 kB
SwapCached:            0 kB
Active:          1439628 kB
Inactive:        1655792 kB
Active(anon):    1186908 kB
Inactive(anon):    27688 kB
Active(file):     252720 kB
Inactive(file):  1628104 kB
Unevictable:        5532 kB
Mlocked:            5532 kB
SwapTotal:       3145724 kB
SwapFree:        3145724 kB
Dirty:               500 kB
Writeback:             0 kB
AnonPages:       1185668 kB
Mapped:           862752 kB
Shmem:             29668 kB
KReclaimable:     800724 kB
Slab:             222152 kB
SReclaimable:      78236 kB
SUnreclaim:       143916 kB
KernelStack:       46132 kB
PageTables:        62640 kB
NFS_Unstable:          0 kB
Bounce:                0 kB
WritebackTmp:          0 kB
CommitLimit:     9202288 kB
Committed_AS:   66055204 kB
VmallocTotal:   263061440 kB
VmallocUsed:      103168 kB
VmallocChunk:          0 kB
Percpu:             7648 kB
CmaTotal:         294912 kB
CmaFree:             240 kB
MemTotal:       12113132 kB
MemFree:         6220340 kB
MemAvailable:    8033212 kB
Buffers:            7420 kB
Cached:          1907580 kB
SwapCached:            0 kB
Active:          1440020 kB
Inactive:        1655820 kB
Active(anon):    1187300 kB
Inactive(anon):    27688 kB
Active(file):     252720 kB
Inactive(file):  1628132 kB
Unevictable:        5532 kB
Mlocked:            5532 kB
SwapTotal:       3145724 kB
SwapFree:        3145724 kB
Dirty:               292 kB
Writeback:             0 kB
AnonPages:       1186476 kB
Mapped:           862824 kB
Shmem:             29668 kB
KReclaimable:     800724 kB
Slab:             222040 kB
SReclaimable:      78236 kB
SUnreclaim:       143804 kB
KernelStack:       46208 kB
PageTables:        62768 kB
NFS_Unstable:          0 kB
Bounce:                0 kB
WritebackTmp:          0 kB
CommitLimit:     9202288 kB
Committed_AS:   66054812 kB
VmallocTotal:   263061440 kB
VmallocUsed:      103152 kB
VmallocChunk:          0 kB
Percpu:             7648 kB
CmaTotal:         294912 kB
CmaFree:               0 kB
MemTotal:       12113132 kB
MemFree:         6219376 kB
MemAvailable:    8032272 kB
Buffers:            7420 kB
Cached:          1907604 kB
SwapCached:            0 kB
Active:          1441056 kB
Inactive:        1655844 kB
Active(anon):    1188336 kB
Inactive(anon):    27688 kB
Active(file):     252720 kB
Inactive(file):  1628156 kB
Unevictable:        5532 kB
Mlocked:            5532 kB
SwapTotal:       3145724 kB
SwapFree:        3145724 kB
Dirty:               276 kB
Writeback:             0 kB
AnonPages:       1187516 kB
Mapped:           862520 kB
Shmem:             29668 kB
KReclaimable:     800724 kB
Slab:             222152 kB
SReclaimable:      78236 kB
SUnreclaim:       143916 kB
KernelStack:       46164 kB
PageTables:        62660 kB
NFS_Unstable:          0 kB
Bounce:                0 kB
WritebackTmp:          0 kB
CommitLimit:     9202288 kB
Committed_AS:   66050620 kB
VmallocTotal:   263061440 kB
VmallocUsed:      103184 kB
VmallocChunk:          0 kB
Percpu:             7648 kB
CmaTotal:         294912 kB
CmaFree:               0 kB
MemTotal:       12113132 kB
MemFree:         6219056 kB
MemAvailable:    8031960 kB
Buffers:            7420 kB
Cached:          1907612 kB
SwapCached:            0 kB
Active:          1441932 kB
Inactive:        1655852 kB
Active(anon):    1189212 kB
Inactive(anon):    27688 kB
Active(file):     252720 kB
Inactive(file):  1628164 kB
Unevictable:        5532 kB
Mlocked:            5532 kB
SwapTotal:       3145724 kB
SwapFree:        3145724 kB
Dirty:               280 kB
Writeback:             0 kB
AnonPages:       1187928 kB
Mapped:           862748 kB
Shmem:             29668 kB
KReclaimable:     800724 kB
Slab:             222032 kB
SReclaimable:      78236 kB
SUnreclaim:       143796 kB
KernelStack:       46144 kB
PageTables:        62776 kB
NFS_Unstable:          0 kB
Bounce:                0 kB
WritebackTmp:          0 kB
CommitLimit:     9202288 kB
Committed_AS:   66051520 kB
VmallocTotal:   263061440 kB
VmallocUsed:      103168 kB
VmallocChunk:          0 kB
Percpu:             7648 kB
CmaTotal:         294912 kB
CmaFree:              20 kB
MemTotal:       12113132 kB
MemFree:         6218488 kB
MemAvailable:    8031412 kB
Buffers:            7420 kB
Cached:          1907632 kB
SwapCached:            0 kB
Active:          1442288 kB
Inactive:        1655872 kB
Active(anon):    1189568 kB
Inactive(anon):    27688 kB
Active(file):     252720 kB
Inactive(file):  1628184 kB
Unevictable:        5532 kB
Mlocked:            5532 kB
SwapTotal:       3145724 kB
SwapFree:        3145724 kB
Dirty:               332 kB
Writeback:             0 kB
AnonPages:       1188640 kB
Mapped:           862632 kB
Shmem:             29668 kB
KReclaimable:     800724 kB
Slab:             222136 kB
SReclaimable:      78236 kB
SUnreclaim:       143900 kB
KernelStack:       46144 kB
PageTables:        62716 kB
NFS_Unstable:          0 kB
Bounce:                0 kB
WritebackTmp:          0 kB
CommitLimit:     9202288 kB
Committed_AS:   66051816 kB
VmallocTotal:   263061440 kB
VmallocUsed:      103184 kB
VmallocChunk:          0 kB
Percpu:             7648 kB
CmaTotal:         294912 kB
CmaFree:               0 kB
MemTotal:       12113132 kB
MemFree:         6193200 kB
MemAvailable:    8006136 kB
Buffers:            7420 kB
Cached:          1907644 kB
SwapCached:            0 kB
Active:          1468980 kB
Inactive:        1655436 kB
Active(anon):    1216260 kB
Inactive(anon):    27240 kB
Active(file):     252720 kB
Inactive(file):  1628196 kB
Unevictable:        5532 kB
Mlocked:            5532 kB
SwapTotal:       3145724 kB
SwapFree:        3145724 kB
Dirty:               344 kB
Writeback:             0 kB
AnonPages:       1214820 kB
Mapped:           862436 kB
Shmem:             29668 kB
KReclaimable:     800724 kB
Slab:             222056 kB
SReclaimable:      78236 kB
SUnreclaim:       143820 kB
KernelStack:       46160 kB
PageTables:        62728 kB
NFS_Unstable:          0 kB
Bounce:                0 kB
WritebackTmp:          0 kB
CommitLimit:     9202288 kB
Committed_AS:   66052292 kB
VmallocTotal:   263061440 kB
VmallocUsed:      103168 kB
VmallocChunk:          0 kB
Percpu:             7648 kB
CmaTotal:         294912 kB
CmaFree:             160 kB
MemTotal:       12113132 kB
MemFree:         6208240 kB
MemAvailable:    8021200 kB
Buffers:            7420 kB
Cached:          1907668 kB
SwapCached:            0 kB
Active:          1451768 kB
Inactive:        1655908 kB
Active(anon):    1199048 kB
Inactive(anon):    27688 kB
Active(file):     252720 kB
Inactive(file):  1628220 kB
Unevictable:        5532 kB
Mlocked:            5532 kB
SwapTotal:       3145724 kB
SwapFree:        3145724 kB
Dirty:               384 kB
Writeback:             0 kB
AnonPages:       1198032 kB
Mapped:           862784 kB
Shmem:             29668 kB
KReclaimable:     800724 kB
Slab:             222112 kB
SReclaimable:      78236 kB
SUnreclaim:       143876 kB
KernelStack:       46196 kB
PageTables:        62708 kB
NFS_Unstable:          0 kB
Bounce:                0 kB
WritebackTmp:          0 kB
CommitLimit:     9202288 kB
Committed_AS:   66052228 kB
VmallocTotal:   263061440 kB
VmallocUsed:      103168 kB
VmallocChunk:          0 kB
Percpu:             7648 kB
CmaTotal:         294912 kB
CmaFree:             220 kB
MemTotal:       12113132 kB
MemFree:         6210064 kB
MemAvailable:    8023056 kB
Buffers:            7428 kB
Cached:          1907692 kB
SwapCached:            0 kB
Active:          1452036 kB
Inactive:        1655932 kB
Active(anon):    1199308 kB
Inactive(anon):    27692 kB
Active(file):     252728 kB
Inactive(file):  1628240 kB
Unevictable:        5532 kB
Mlocked:            5532 kB
SwapTotal:       3145724 kB
SwapFree:        3145724 kB
Dirty:               256 kB
Writeback:             0 kB
AnonPages:       1198328 kB
Mapped:           862744 kB
Shmem:             29672 kB
KReclaimable:     800728 kB
Slab:             222044 kB
SReclaimable:      78240 kB
SUnreclaim:       143804 kB
KernelStack:       46160 kB
PageTables:        62748 kB
NFS_Unstable:          0 kB
Bounce:                0 kB
WritebackTmp:          0 kB
CommitLimit:     9202288 kB
Committed_AS:   66048700 kB
VmallocTotal:   263061440 kB
VmallocUsed:      103152 kB
VmallocChunk:          0 kB
Percpu:             7648 kB
CmaTotal:         294912 kB
CmaFree:               0 kB
MemTotal:       12113132 kB
MemFree:         6190500 kB
MemAvailable:    8003496 kB
Buffers:            7428 kB
Cached:          1907528 kB
SwapCached:            0 kB
Active:          1469928 kB
Inactive:        1655772 kB
Active(anon):    1217204 kB
Inactive(anon):    27524 kB
Active(file):     252724 kB
Inactive(file):  1628248 kB
Unevictable:        5532 kB
Mlocked:            5532 kB
SwapTotal:       3145724 kB
SwapFree:        3145724 kB
Dirty:               296 kB
Writeback:             0 kB
AnonPages:       1216220 kB
Mapped:           862584 kB
Shmem:             29504 kB
KReclaimable:     800728 kB
Slab:             222104 kB
SReclaimable:      78240 kB
SUnreclaim:       143864 kB
KernelStack:       46196 kB
PageTables:        62640 kB
NFS_Unstable:          0 kB
Bounce:                0 kB
WritebackTmp:          0 kB
CommitLimit:     9202288 kB
Committed_AS:   66051968 kB
VmallocTotal:   263061440 kB
VmallocUsed:      103120 kB
VmallocChunk:          0 kB
Percpu:             7648 kB
CmaTotal:         294912 kB
CmaFree:              32 kB
MemTotal:       12113132 kB
MemFree:         6191224 kB
MemAvailable:    8004244 kB
Buffers:            7428 kB
Cached:          1907720 kB
SwapCached:            0 kB
Active:          1470868 kB
Inactive:        1655960 kB
Active(anon):    1218140 kB
Inactive(anon):    27692 kB
Active(file):     252728 kB
Inactive(file):  1628268 kB
Unevictable:        5532 kB
Mlocked:            5532 kB
SwapTotal:       3145724 kB
SwapFree:        3145724 kB
Dirty:               320 kB
Writeback:             0 kB
AnonPages:       1217012 kB
Mapped:           862768 kB
Shmem:             29672 kB
KReclaimable:     800728 kB
Slab:             222096 kB
SReclaimable:      78240 kB
SUnreclaim:       143856 kB
KernelStack:       46160 kB
PageTables:        62812 kB
NFS_Unstable:          0 kB
Bounce:                0 kB
WritebackTmp:          0 kB
CommitLimit:     9202288 kB
Committed_AS:   66052372 kB
VmallocTotal:   263061440 kB
VmallocUsed:      103120 kB
VmallocChunk:          0 kB
Percpu:             7648 kB
CmaTotal:         294912 kB
CmaFree:               0 kB
MemTotal:       12113132 kB
MemFree:         6189500 kB
MemAvailable:    8002536 kB
Buffers:            7428 kB
Cached:          1907736 kB
SwapCached:            0 kB
Active:          1471528 kB
Inactive:        1655976 kB
Active(anon):    1218800 kB
Inactive(anon):    27692 kB
Active(file):     252728 kB
Inactive(file):  1628284 kB
Unevictable:        5532 kB
Mlocked:            5532 kB
SwapTotal:       3145724 kB
SwapFree:        3145724 kB
Dirty:               348 kB
Writeback:             0 kB
AnonPages:       1218080 kB
Mapped:           862788 kB
Shmem:             29672 kB
KReclaimable:     800728 kB
Slab:             222096 kB
SReclaimable:      78240 kB
SUnreclaim:       143856 kB
KernelStack:       46196 kB
PageTables:        62700 kB
NFS_Unstable:          0 kB
Bounce:                0 kB
WritebackTmp:          0 kB
CommitLimit:     9202288 kB
Committed_AS:   66052548 kB
VmallocTotal:   263061440 kB
VmallocUsed:      103168 kB
VmallocChunk:          0 kB
Percpu:             7648 kB
CmaTotal:         294912 kB
CmaFree:               0 kB
MemTotal:       12113132 kB
MemFree:         6190120 kB
MemAvailable:    8003172 kB
Buffers:            7428 kB
Cached:          1907752 kB
SwapCached:            0 kB
Active:          1471744 kB
Inactive:        1655992 kB
Active(anon):    1219016 kB
Inactive(anon):    27692 kB
Active(file):     252728 kB
Inactive(file):  1628300 kB
Unevictable:        5532 kB
Mlocked:            5532 kB
SwapTotal:       3145724 kB
SwapFree:        3145724 kB
Dirty:               380 kB
Writeback:             0 kB
AnonPages:       1218248 kB
Mapped:           862776 kB
Shmem:             29672 kB
KReclaimable:     800728 kB
Slab:             222104 kB
SReclaimable:      78240 kB
SUnreclaim:       143864 kB
KernelStack:       46160 kB
PageTables:        62732 kB
NFS_Unstable:          0 kB
Bounce:                0 kB
WritebackTmp:          0 kB
CommitLimit:     9202288 kB
Committed_AS:   66052592 kB
VmallocTotal:   263061440 kB
VmallocUsed:      103168 kB
VmallocChunk:          0 kB
Percpu:             7648 kB
CmaTotal:         294912 kB
CmaFree:              12 kB
MemTotal:       12113132 kB
MemFree:         6187608 kB
MemAvailable:    8000672 kB
Buffers:            7428 kB
Cached:          1907764 kB
SwapCached:            0 kB
Active:          1472892 kB
Inactive:        1656004 kB
Active(anon):    1220164 kB
Inactive(anon):    27692 kB
Active(file):     252728 kB
Inactive(file):  1628312 kB
Unevictable:        5532 kB
Mlocked:            5532 kB
SwapTotal:       3145724 kB
SwapFree:        3145724 kB
Dirty:               396 kB
Writeback:             0 kB
AnonPages:       1219340 kB
Mapped:           862632 kB
Shmem:             29672 kB
KReclaimable:     800728 kB
Slab:             222096 kB
SReclaimable:      78240 kB
SUnreclaim:       143856 kB
KernelStack:       46192 kB
PageTables:        62756 kB
NFS_Unstable:          0 kB
Bounce:                0 kB
WritebackTmp:          0 kB
CommitLimit:     9202288 kB
Committed_AS:   66054776 kB
VmallocTotal:   263061440 kB
VmallocUsed:      103168 kB
VmallocChunk:          0 kB
Percpu:             7648 kB
CmaTotal:         294912 kB
CmaFree:               0 kB
MemTotal:       12113132 kB
MemFree:         6188048 kB
MemAvailable:    8001136 kB
Buffers:            7428 kB
Cached:          1907788 kB
SwapCached:            0 kB
Active:          1473212 kB
Inactive:        1656028 kB
Active(anon):    1220484 kB
Inactive(anon):    27692 kB
Active(file):     252728 kB
Inactive(file):  1628336 kB
Unevictable:        5532 kB
Mlocked:            5532 kB
SwapTotal:       3145724 kB
SwapFree:        3145724 kB
Dirty:               436 kB
Writeback:             0 kB
AnonPages:       1219828 kB
Mapped:           862756 kB
Shmem:             29672 kB
KReclaimable:     800728 kB
Slab:             222096 kB
SReclaimable:      78240 kB
SUnreclaim:       143856 kB
KernelStack:       46164 kB
PageTables:        62636 kB
NFS_Unstable:          0 kB
Bounce:                0 kB
WritebackTmp:          0 kB
CommitLimit:     9202288 kB
Committed_AS:   66054428 kB
VmallocTotal:   263061440 kB
VmallocUsed:      103152 kB
VmallocChunk:          0 kB
Percpu:             7648 kB
CmaTotal:         294912 kB
CmaFree:               0 kB
MemTotal:       12113132 kB
MemFree:         6187260 kB
MemAvailable:    8000380 kB
Buffers:            7428 kB
Cached:          1907820 kB
SwapCached:            0 kB
Active:          1474480 kB
Inactive:        1656056 kB
Active(anon):    1221748 kB
Inactive(anon):    27692 kB
Active(file):     252732 kB
Inactive(file):  1628364 kB
Unevictable:        5532 kB
Mlocked:            5532 kB
SwapTotal:       3145724 kB
SwapFree:        3145724 kB
Dirty:               452 kB
Writeback:             0 kB
AnonPages:       1220732 kB
Mapped:           862828 kB
Shmem:             29672 kB
KReclaimable:     800728 kB
Slab:             222096 kB
SReclaimable:      78240 kB
SUnreclaim:       143856 kB
KernelStack:       46096 kB
PageTables:        63008 kB
NFS_Unstable:          0 kB
Bounce:                0 kB
WritebackTmp:          0 kB
CommitLimit:     9202288 kB
Committed_AS:   66053244 kB
VmallocTotal:   263061440 kB
VmallocUsed:      103136 kB
VmallocChunk:          0 kB
Percpu:             7648 kB
CmaTotal:         294912 kB
CmaFree:               0 kB
MemTotal:       12113132 kB
MemFree:         6212504 kB
MemAvailable:    8025612 kB
Buffers:            7428 kB
Cached:          1907808 kB
SwapCached:            0 kB
Active:          1448712 kB
Inactive:        1656048 kB
Active(anon):    1195984 kB
Inactive(anon):    27692 kB
Active(file):     252728 kB
Inactive(file):  1628356 kB
Unevictable:        5532 kB
Mlocked:            5532 kB
SwapTotal:       3145724 kB
SwapFree:        3145724 kB
Dirty:               488 kB
Writeback:             0 kB
AnonPages:       1195360 kB
Mapped:           862792 kB
Shmem:             29672 kB
KReclaimable:     800728 kB
Slab:             222104 kB
SReclaimable:      78240 kB
SUnreclaim:       143864 kB
KernelStack:       46176 kB
PageTables:        62732 kB
NFS_Unstable:          0 kB
Bounce:                0 kB
WritebackTmp:          0 kB
CommitLimit:     9202288 kB
Committed_AS:   66053360 kB
VmallocTotal:   263061440 kB
VmallocUsed:      103200 kB
VmallocChunk:          0 kB
Percpu:             7648 kB
CmaTotal:         294912 kB
CmaFree:               0 kB
MemTotal:       12113132 kB
MemFree:         6210660 kB
MemAvailable:    8023804 kB
Buffers:            7428 kB
Cached:          1907844 kB
SwapCached:            0 kB
Active:          1449544 kB
Inactive:        1656080 kB
Active(anon):    1196812 kB
Inactive(anon):    27692 kB
Active(file):     252732 kB
Inactive(file):  1628388 kB
Unevictable:        5532 kB
Mlocked:            5532 kB
SwapTotal:       3145724 kB
SwapFree:        3145724 kB
Dirty:               608 kB
Writeback:             0 kB
AnonPages:       1196032 kB
Mapped:           862848 kB
Shmem:             29672 kB
KReclaimable:     800728 kB
Slab:             222104 kB
SReclaimable:      78240 kB
SUnreclaim:       143864 kB
KernelStack:       46212 kB
PageTables:        63108 kB
NFS_Unstable:          0 kB
Bounce:                0 kB
WritebackTmp:          0 kB
CommitLimit:     9202288 kB
Committed_AS:   66049932 kB
VmallocTotal:   263061440 kB
VmallocUsed:      103184 kB
VmallocChunk:          0 kB
Percpu:             7648 kB
CmaTotal:         294912 kB
CmaFree:               0 kB
MemTotal:       12113132 kB
MemFree:         6210204 kB
MemAvailable:    8023360 kB
Buffers:            7428 kB
Cached:          1907856 kB
SwapCached:            0 kB
Active:          1450416 kB
Inactive:        1656096 kB
Active(anon):    1197688 kB
Inactive(anon):    27692 kB
Active(file):     252728 kB
Inactive(file):  1628404 kB
Unevictable:        5532 kB
Mlocked:            5532 kB
SwapTotal:       3145724 kB
SwapFree:        3145724 kB
Dirty:               632 kB
Writeback:             0 kB
AnonPages:       1196760 kB
Mapped:           862692 kB
Shmem:             29672 kB
KReclaimable:     800728 kB
Slab:             222096 kB
SReclaimable:      78240 kB
SUnreclaim:       143856 kB
KernelStack:       46176 kB
PageTables:        62744 kB
NFS_Unstable:          0 kB
Bounce:                0 kB
WritebackTmp:          0 kB
CommitLimit:     9202288 kB
Committed_AS:   66049448 kB
VmallocTotal:   263061440 kB
VmallocUsed:      103232 kB
VmallocChunk:          0 kB
Percpu:             7648 kB
CmaTotal:         294912 kB
CmaFree:             104 kB
MemTotal:       12113132 kB
MemFree:         6210032 kB
MemAvailable:    8023200 kB
Buffers:            7428 kB
Cached:          1907868 kB
SwapCached:            0 kB
Active:          1451088 kB
Inactive:        1656108 kB
Active(anon):    1198360 kB
Inactive(anon):    27692 kB
Active(file):     252728 kB
Inactive(file):  1628416 kB
Unevictable:        5532 kB
Mlocked:            5532 kB
SwapTotal:       3145724 kB
SwapFree:        3145724 kB
Dirty:               644 kB
Writeback:             0 kB
AnonPages:       1197588 kB
Mapped:           862816 kB
Shmem:             29672 kB
KReclaimable:     800728 kB
Slab:             222104 kB
SReclaimable:      78240 kB
SUnreclaim:       143864 kB
KernelStack:       46228 kB
PageTables:        63000 kB
NFS_Unstable:          0 kB
Bounce:                0 kB
WritebackTmp:          0 kB
CommitLimit:     9202288 kB
Committed_AS:   66053352 kB
VmallocTotal:   263061440 kB
VmallocUsed:      103296 kB
VmallocChunk:          0 kB
Percpu:             7648 kB
CmaTotal:         294912 kB
CmaFree:               4 kB
MemTotal:       12113132 kB
MemFree:         6208772 kB
MemAvailable:    8021960 kB
Buffers:            7428 kB
Cached:          1907888 kB
SwapCached:            0 kB
Active:          1451696 kB
Inactive:        1656128 kB
Active(anon):    1198968 kB
Inactive(anon):    27692 kB
Active(file):     252728 kB
Inactive(file):  1628436 kB
Unevictable:        5532 kB
Mlocked:            5532 kB
SwapTotal:       3145724 kB
SwapFree:        3145724 kB
Dirty:               680 kB
Writeback:             0 kB
AnonPages:       1198144 kB
Mapped:           862884 kB
Shmem:             29672 kB
KReclaimable:     800728 kB
Slab:             222104 kB
SReclaimable:      78240 kB
SUnreclaim:       143864 kB
KernelStack:       46272 kB
PageTables:        62764 kB
NFS_Unstable:          0 kB
Bounce:                0 kB
WritebackTmp:          0 kB
CommitLimit:     9202288 kB
Committed_AS:   66053128 kB
VmallocTotal:   263061440 kB
VmallocUsed:      103296 kB
VmallocChunk:          0 kB
Percpu:             7648 kB
CmaTotal:         294912 kB
CmaFree:              20 kB
MemTotal:       12113132 kB
MemFree:         6208384 kB
MemAvailable:    8021588 kB
Buffers:            7428 kB
Cached:          1907904 kB
SwapCached:            0 kB
Active:          1452204 kB
Inactive:        1656144 kB
Active(anon):    1199476 kB
Inactive(anon):    27692 kB
Active(file):     252728 kB
Inactive(file):  1628452 kB
Unevictable:        5532 kB
Mlocked:            5532 kB
SwapTotal:       3145724 kB
SwapFree:        3145724 kB
Dirty:               700 kB
Writeback:             0 kB
AnonPages:       1198332 kB
Mapped:           862816 kB
Shmem:             29672 kB
KReclaimable:     800728 kB
Slab:             222088 kB
SReclaimable:      78240 kB
SUnreclaim:       143848 kB
KernelStack:       46292 kB
PageTables:        62644 kB
NFS_Unstable:          0 kB
Bounce:                0 kB
WritebackTmp:          0 kB
CommitLimit:     9202288 kB
Committed_AS:   66054876 kB
VmallocTotal:   263061440 kB
VmallocUsed:      103296 kB
VmallocChunk:          0 kB
Percpu:             7648 kB
CmaTotal:         294912 kB
CmaFree:               0 kB
MemTotal:       12113132 kB
MemFree:         6208312 kB
MemAvailable:    8021540 kB
Buffers:            7432 kB
Cached:          1907924 kB
SwapCached:            0 kB
Active:          1452796 kB
Inactive:        1656164 kB
Active(anon):    1200064 kB
Inactive(anon):    27692 kB
Active(file):     252732 kB
Inactive(file):  1628472 kB
Unevictable:        5532 kB
Mlocked:            5532 kB
SwapTotal:       3145724 kB
SwapFree:        3145724 kB
Dirty:               696 kB
Writeback:             0 kB
AnonPages:       1199328 kB
Mapped:           862836 kB
Shmem:             29672 kB
KReclaimable:     800728 kB
Slab:             222096 kB
SReclaimable:      78240 kB
SUnreclaim:       143856 kB
KernelStack:       46288 kB
PageTables:        62724 kB
NFS_Unstable:          0 kB
Bounce:                0 kB
WritebackTmp:          0 kB
CommitLimit:     9202288 kB
Committed_AS:   66050164 kB
VmallocTotal:   263061440 kB
VmallocUsed:      103280 kB
VmallocChunk:          0 kB
Percpu:             7648 kB
CmaTotal:         294912 kB
CmaFree:               0 kB
MemTotal:       12113132 kB
MemFree:         6206724 kB
MemAvailable:    8019964 kB
Buffers:            7432 kB
Cached:          1907936 kB
SwapCached:            0 kB
Active:          1453788 kB
Inactive:        1656176 kB
Active(anon):    1201056 kB
Inactive(anon):    27692 kB
Active(file):     252732 kB
Inactive(file):  1628484 kB
Unevictable:        5532 kB
Mlocked:            5532 kB
SwapTotal:       3145724 kB
SwapFree:        3145724 kB
Dirty:               724 kB
Writeback:             0 kB
AnonPages:       1200448 kB
Mapped:           862888 kB
Shmem:             29672 kB
KReclaimable:     800728 kB
Slab:             222088 kB
SReclaimable:      78240 kB
SUnreclaim:       143848 kB
KernelStack:       46276 kB
PageTables:        62708 kB
NFS_Unstable:          0 kB
Bounce:                0 kB
WritebackTmp:          0 kB
CommitLimit:     9202288 kB
Committed_AS:   66055600 kB
VmallocTotal:   263061440 kB
VmallocUsed:      103264 kB
VmallocChunk:          0 kB
Percpu:             7648 kB
CmaTotal:         294912 kB
CmaFree:               0 kB
MemTotal:       12113132 kB
MemFree:         6206036 kB
MemAvailable:    8019296 kB
Buffers:            7432 kB
Cached:          1907956 kB
SwapCached:            0 kB
Active:          1455224 kB
Inactive:        1656196 kB
Active(anon):    1202492 kB
Inactive(anon):    27692 kB
Active(file):     252732 kB
Inactive(file):  1628504 kB
Unevictable:        5532 kB
Mlocked:            5532 kB
SwapTotal:       3145724 kB
SwapFree:        3145724 kB
Dirty:               756 kB
Writeback:             0 kB
AnonPages:       1201336 kB
Mapped:           862204 kB
Shmem:             29672 kB
KReclaimable:     800728 kB
Slab:             222096 kB
SReclaimable:      78240 kB
SUnreclaim:       143856 kB
KernelStack:       46260 kB
PageTables:        62660 kB
NFS_Unstable:          0 kB
Bounce:                0 kB
WritebackTmp:          0 kB
CommitLimit:     9202288 kB
Committed_AS:   66055304 kB
VmallocTotal:   263061440 kB
VmallocUsed:      103296 kB
VmallocChunk:          0 kB
Percpu:             7648 kB
CmaTotal:         294912 kB
CmaFree:               0 kB
MemTotal:       12113132 kB
MemFree:         6204984 kB
MemAvailable:    8018252 kB
Buffers:            7432 kB
Cached:          1907964 kB
SwapCached:            0 kB
Active:          1455472 kB
Inactive:        1656204 kB
Active(anon):    1202740 kB
Inactive(anon):    27692 kB
Active(file):     252732 kB
Inactive(file):  1628512 kB
Unevictable:        5532 kB
Mlocked:            5532 kB
SwapTotal:       3145724 kB
SwapFree:        3145724 kB
Dirty:               764 kB
Writeback:             0 kB
AnonPages:       1201364 kB
Mapped:           862276 kB
Shmem:             29672 kB
KReclaimable:     800728 kB
Slab:             222096 kB
SReclaimable:      78240 kB
SUnreclaim:       143856 kB
KernelStack:       46324 kB
PageTables:        62720 kB
NFS_Unstable:          0 kB
Bounce:                0 kB
WritebackTmp:          0 kB
CommitLimit:     9202288 kB
Committed_AS:   66055044 kB
VmallocTotal:   263061440 kB
VmallocUsed:      103280 kB
VmallocChunk:          0 kB
Percpu:             7648 kB
CmaTotal:         294912 kB
CmaFree:               0 kB
MemTotal:       12113132 kB
MemFree:         6203660 kB
MemAvailable:    8016952 kB
Buffers:            7432 kB
Cached:          1907988 kB
SwapCached:            0 kB
Active:          1456396 kB
Inactive:        1656228 kB
Active(anon):    1203664 kB
Inactive(anon):    27692 kB
Active(file):     252732 kB
Inactive(file):  1628536 kB
Unevictable:        5532 kB
Mlocked:            5532 kB
SwapTotal:       3145724 kB
SwapFree:        3145724 kB
Dirty:               796 kB
Writeback:             0 kB
AnonPages:       1202872 kB
Mapped:           862144 kB
Shmem:             29672 kB
KReclaimable:     800728 kB
Slab:             222112 kB
SReclaimable:      78240 kB
SUnreclaim:       143872 kB
KernelStack:       46256 kB
PageTables:        62748 kB
NFS_Unstable:          0 kB
Bounce:                0 kB
WritebackTmp:          0 kB
CommitLimit:     9202288 kB
Committed_AS:   66055168 kB
VmallocTotal:   263061440 kB
VmallocUsed:      103296 kB
VmallocChunk:          0 kB
Percpu:             7648 kB
CmaTotal:         294912 kB
CmaFree:               0 kB
MemTotal:       12113132 kB
MemFree:         6203924 kB
MemAvailable:    8017224 kB
Buffers:            7432 kB
Cached:          1907996 kB
SwapCached:            0 kB
Active:          1457020 kB
Inactive:        1656236 kB
Active(anon):    1204288 kB
Inactive(anon):    27692 kB
Active(file):     252732 kB
Inactive(file):  1628544 kB
Unevictable:        5532 kB
Mlocked:            5532 kB
SwapTotal:       3145724 kB
SwapFree:        3145724 kB
Dirty:               300 kB
Writeback:             0 kB
AnonPages:       1203292 kB
Mapped:           862276 kB
Shmem:             29672 kB
KReclaimable:     800728 kB
Slab:             222088 kB
SReclaimable:      78240 kB
SUnreclaim:       143848 kB
KernelStack:       46324 kB
PageTables:        62704 kB
NFS_Unstable:          0 kB
Bounce:                0 kB
WritebackTmp:          0 kB
CommitLimit:     9202288 kB
Committed_AS:   66054880 kB
VmallocTotal:   263061440 kB
VmallocUsed:      103280 kB
VmallocChunk:          0 kB
Percpu:             7648 kB
CmaTotal:         294912 kB
CmaFree:               0 kB
MemTotal:       12113132 kB
MemFree:         6215396 kB
MemAvailable:    8028720 kB
Buffers:            7432 kB
Cached:          1908020 kB
SwapCached:            0 kB
Active:          1442732 kB
Inactive:        1656256 kB
Active(anon):    1189996 kB
Inactive(anon):    27692 kB
Active(file):     252736 kB
Inactive(file):  1628564 kB
Unevictable:        5532 kB
Mlocked:            5532 kB
SwapTotal:       3145724 kB
SwapFree:        3145724 kB
Dirty:               316 kB
Writeback:             0 kB
AnonPages:       1189284 kB
Mapped:           862204 kB
Shmem:             29672 kB
KReclaimable:     800728 kB
Slab:             222116 kB
SReclaimable:      78240 kB
SUnreclaim:       143876 kB
KernelStack:       46256 kB
PageTables:        62668 kB
NFS_Unstable:          0 kB
Bounce:                0 kB
WritebackTmp:          0 kB
CommitLimit:     9202288 kB
Committed_AS:   66049936 kB
VmallocTotal:   263061440 kB
VmallocUsed:      103264 kB
VmallocChunk:          0 kB
Percpu:             7648 kB
CmaTotal:         294912 kB
CmaFree:             552 kB
MemTotal:       12113132 kB
MemFree:         6215916 kB
MemAvailable:    8029256 kB
Buffers:            7432 kB
Cached:          1908036 kB
SwapCached:            0 kB
Active:          1442944 kB
Inactive:        1656276 kB
Active(anon):    1190212 kB
Inactive(anon):    27692 kB
Active(file):     252732 kB
Inactive(file):  1628584 kB
Unevictable:        5532 kB
Mlocked:            5532 kB
SwapTotal:       3145724 kB
SwapFree:        3145724 kB
Dirty:               412 kB
Writeback:             0 kB
AnonPages:       1189464 kB
Mapped:           862080 kB
Shmem:             29672 kB
KReclaimable:     800728 kB
Slab:             222068 kB
SReclaimable:      78240 kB
SUnreclaim:       143828 kB
KernelStack:       46288 kB
PageTables:        62796 kB
NFS_Unstable:          0 kB
Bounce:                0 kB
WritebackTmp:          0 kB
CommitLimit:     9202288 kB
Committed_AS:   66049984 kB
VmallocTotal:   263061440 kB
VmallocUsed:      103264 kB
VmallocChunk:          0 kB
Percpu:             7648 kB
CmaTotal:         294912 kB
CmaFree:             184 kB
MemTotal:       12113132 kB
MemFree:         6219844 kB
MemAvailable:    8033196 kB
Buffers:            7432 kB
Cached:          1908048 kB
SwapCached:            0 kB
Active:          1438820 kB
Inactive:        1656288 kB
Active(anon):    1186088 kB
Inactive(anon):    27692 kB
Active(file):     252732 kB
Inactive(file):  1628596 kB
Unevictable:        5532 kB
Mlocked:            5532 kB
SwapTotal:       3145724 kB
SwapFree:        3145724 kB
Dirty:               456 kB
Writeback:             0 kB
AnonPages:       1185276 kB
Mapped:           862272 kB
Shmem:             29672 kB
KReclaimable:     800728 kB
Slab:             222132 kB
SReclaimable:      78240 kB
SUnreclaim:       143892 kB
KernelStack:       46304 kB
PageTables:        62820 kB
NFS_Unstable:          0 kB
Bounce:                0 kB
WritebackTmp:          0 kB
CommitLimit:     9202288 kB
Committed_AS:   66044552 kB
VmallocTotal:   263061440 kB
VmallocUsed:      103248 kB
VmallocChunk:          0 kB
Percpu:             7648 kB
CmaTotal:         294912 kB
CmaFree:             108 kB
MemTotal:       12113132 kB
MemFree:         6218980 kB
MemAvailable:    8032340 kB
Buffers:            7432 kB
Cached:          1908056 kB
SwapCached:            0 kB
Active:          1438892 kB
Inactive:        1656300 kB
Active(anon):    1186164 kB
Inactive(anon):    27692 kB
Active(file):     252728 kB
Inactive(file):  1628608 kB
Unevictable:        5532 kB
Mlocked:            5532 kB
SwapTotal:       3145724 kB
SwapFree:        3145724 kB
Dirty:               472 kB
Writeback:             0 kB
AnonPages:       1185200 kB
Mapped:           862348 kB
Shmem:             29672 kB
KReclaimable:     800728 kB
Slab:             222076 kB
SReclaimable:      78240 kB
SUnreclaim:       143836 kB
KernelStack:       46288 kB
PageTables:        62764 kB
NFS_Unstable:          0 kB
Bounce:                0 kB
WritebackTmp:          0 kB
CommitLimit:     9202288 kB
Committed_AS:   66055056 kB
VmallocTotal:   263061440 kB
VmallocUsed:      103216 kB
VmallocChunk:          0 kB
Percpu:             7648 kB
CmaTotal:         294912 kB
CmaFree:             268 kB
MemTotal:       12113132 kB
MemFree:         6219028 kB
MemAvailable:    8032420 kB
Buffers:            7432 kB
Cached:          1908088 kB
SwapCached:            0 kB
Active:          1439696 kB
Inactive:        1656328 kB
Active(anon):    1186964 kB
Inactive(anon):    27692 kB
Active(file):     252732 kB
Inactive(file):  1628636 kB
Unevictable:        5532 kB
Mlocked:            5532 kB
SwapTotal:       3145724 kB
SwapFree:        3145724 kB
Dirty:               496 kB
Writeback:             0 kB
AnonPages:       1186208 kB
Mapped:           862084 kB
Shmem:             29672 kB
KReclaimable:     800728 kB
Slab:             222108 kB
SReclaimable:      78240 kB
SUnreclaim:       143868 kB
KernelStack:       46240 kB
PageTables:        62752 kB
NFS_Unstable:          0 kB
Bounce:                0 kB
WritebackTmp:          0 kB
CommitLimit:     9202288 kB
Committed_AS:   66048904 kB
VmallocTotal:   263061440 kB
VmallocUsed:      103216 kB
VmallocChunk:          0 kB
Percpu:             7648 kB
CmaTotal:         294912 kB
CmaFree:               0 kB
MemTotal:       12113132 kB
MemFree:         6218836 kB
MemAvailable:    8032248 kB
Buffers:            7432 kB
Cached:          1908108 kB
SwapCached:            0 kB
Active:          1440764 kB
Inactive:        1656348 kB
Active(anon):    1188032 kB
Inactive(anon):    27692 kB
Active(file):     252732 kB
Inactive(file):  1628656 kB
Unevictable:        5532 kB
Mlocked:            5532 kB
SwapTotal:       3145724 kB
SwapFree:        3145724 kB
Dirty:               520 kB
Writeback:             0 kB
AnonPages:       1187060 kB
Mapped:           862088 kB
Shmem:             29672 kB
KReclaimable:     800728 kB
Slab:             222076 kB
SReclaimable:      78240 kB
SUnreclaim:       143836 kB
KernelStack:       46240 kB
PageTables:        62776 kB
NFS_Unstable:          0 kB
Bounce:                0 kB
WritebackTmp:          0 kB
CommitLimit:     9202288 kB
Committed_AS:   66048260 kB
VmallocTotal:   263061440 kB
VmallocUsed:      103200 kB
VmallocChunk:          0 kB
Percpu:             7648 kB
CmaTotal:         294912 kB
CmaFree:               0 kB
MemTotal:       12113132 kB
MemFree:         6218444 kB
MemAvailable:    8031868 kB
Buffers:            7432 kB
Cached:          1908124 kB
SwapCached:            0 kB
Active:          1441736 kB
Inactive:        1656364 kB
Active(anon):    1189004 kB
Inactive(anon):    27696 kB
Active(file):     252732 kB
Inactive(file):  1628668 kB
Unevictable:        5532 kB
Mlocked:            5532 kB
SwapTotal:       3145724 kB
SwapFree:        3145724 kB
Dirty:               548 kB
Writeback:             0 kB
AnonPages:       1187780 kB
Mapped:           862088 kB
Shmem:             29676 kB
KReclaimable:     800728 kB
Slab:             222100 kB
SReclaimable:      78240 kB
SUnreclaim:       143860 kB
KernelStack:       46240 kB
PageTables:        62872 kB
NFS_Unstable:          0 kB
Bounce:                0 kB
WritebackTmp:          0 kB
CommitLimit:     9202288 kB
Committed_AS:   66049432 kB
VmallocTotal:   263061440 kB
VmallocUsed:      103216 kB
VmallocChunk:          0 kB
Percpu:             7648 kB
CmaTotal:         294912 kB
CmaFree:               0 kB
MemTotal:       12113132 kB
MemFree:         6218260 kB
MemAvailable:    8031688 kB
Buffers:            7432 kB
Cached:          1908128 kB
SwapCached:            0 kB
Active:          1442412 kB
Inactive:        1656368 kB
Active(anon):    1189680 kB
Inactive(anon):    27696 kB
Active(file):     252732 kB
Inactive(file):  1628672 kB
Unevictable:        5532 kB
Mlocked:            5532 kB
SwapTotal:       3145724 kB
SwapFree:        3145724 kB
Dirty:               552 kB
Writeback:             0 kB
AnonPages:       1188588 kB
Mapped:           862280 kB
Shmem:             29676 kB
KReclaimable:     800728 kB
Slab:             222124 kB
SReclaimable:      78240 kB
SUnreclaim:       143884 kB
KernelStack:       46176 kB
PageTables:        62724 kB
NFS_Unstable:          0 kB
Bounce:                0 kB
WritebackTmp:          0 kB
CommitLimit:     9202288 kB
Committed_AS:   66049508 kB
VmallocTotal:   263061440 kB
VmallocUsed:      103216 kB
VmallocChunk:          0 kB
Percpu:             7648 kB
CmaTotal:         294912 kB
CmaFree:              28 kB
MemTotal:       12113132 kB
MemFree:         6217772 kB
MemAvailable:    8031220 kB
Buffers:            7432 kB
Cached:          1908148 kB
SwapCached:            0 kB
Active:          1443080 kB
Inactive:        1656388 kB
Active(anon):    1190348 kB
Inactive(anon):    27696 kB
Active(file):     252732 kB
Inactive(file):  1628692 kB
Unevictable:        5532 kB
Mlocked:            5532 kB
SwapTotal:       3145724 kB
SwapFree:        3145724 kB
Dirty:               608 kB
Writeback:             0 kB
AnonPages:       1189200 kB
Mapped:           862072 kB
Shmem:             29676 kB
KReclaimable:     800728 kB
Slab:             222100 kB
SReclaimable:      78240 kB
SUnreclaim:       143860 kB
KernelStack:       46240 kB
PageTables:        62788 kB
NFS_Unstable:          0 kB
Bounce:                0 kB
WritebackTmp:          0 kB
CommitLimit:     9202288 kB
Committed_AS:   66055040 kB
VmallocTotal:   263061440 kB
VmallocUsed:      103200 kB
VmallocChunk:          0 kB
Percpu:             7648 kB
CmaTotal:         294912 kB
CmaFree:               0 kB
MemTotal:       12113132 kB
MemFree:         6216780 kB
MemAvailable:    8030252 kB
Buffers:            7432 kB
Cached:          1908176 kB
SwapCached:            0 kB
Active:          1443676 kB
Inactive:        1656416 kB
Active(anon):    1190944 kB
Inactive(anon):    27700 kB
Active(file):     252732 kB
Inactive(file):  1628716 kB
Unevictable:        5532 kB
Mlocked:            5532 kB
SwapTotal:       3145724 kB
SwapFree:        3145724 kB
Dirty:               632 kB
Writeback:             0 kB
AnonPages:       1190076 kB
Mapped:           862284 kB
Shmem:             29680 kB
KReclaimable:     800728 kB
Slab:             222124 kB
SReclaimable:      78240 kB
SUnreclaim:       143884 kB
KernelStack:       46244 kB
PageTables:        62716 kB
NFS_Unstable:          0 kB
Bounce:                0 kB
WritebackTmp:          0 kB
CommitLimit:     9202288 kB
Committed_AS:   66054768 kB
VmallocTotal:   263061440 kB
VmallocUsed:      103216 kB
VmallocChunk:          0 kB
Percpu:             7648 kB
CmaTotal:         294912 kB
CmaFree:               0 kB
MemTotal:       12113132 kB
MemFree:         6216824 kB
MemAvailable:    8030296 kB
Buffers:            7432 kB
Cached:          1908176 kB
SwapCached:            0 kB
Active:          1443624 kB
Inactive:        1656420 kB
Active(anon):    1190896 kB
Inactive(anon):    27700 kB
Active(file):     252728 kB
Inactive(file):  1628720 kB
Unevictable:        5532 kB
Mlocked:            5532 kB
SwapTotal:       3145724 kB
SwapFree:        3145724 kB
Dirty:               624 kB
Writeback:             0 kB
AnonPages:       1189616 kB
Mapped:           862232 kB
Shmem:             29680 kB
KReclaimable:     800728 kB
Slab:             222100 kB
SReclaimable:      78240 kB
SUnreclaim:       143860 kB
KernelStack:       46240 kB
PageTables:        62780 kB
NFS_Unstable:          0 kB
Bounce:                0 kB
WritebackTmp:          0 kB
CommitLimit:     9202288 kB
Committed_AS:   66054372 kB
VmallocTotal:   263061440 kB
VmallocUsed:      103200 kB
VmallocChunk:          0 kB
Percpu:             7648 kB
CmaTotal:         294912 kB
CmaFree:               0 kB
MemTotal:       12113132 kB
MemFree:         6180880 kB
MemAvailable:    7994372 kB
Buffers:            7432 kB
Cached:          1907940 kB
SwapCached:            0 kB
Active:          1479520 kB
Inactive:        1656536 kB
Active(anon):    1226788 kB
Inactive(anon):    27800 kB
Active(file):     252732 kB
Inactive(file):  1628736 kB
Unevictable:        5532 kB
Mlocked:            5532 kB
SwapTotal:       3145724 kB
SwapFree:        3145724 kB
Dirty:               644 kB
Writeback:             0 kB
AnonPages:       1225828 kB
Mapped:           862196 kB
Shmem:             29424 kB
KReclaimable:     800728 kB
Slab:             222116 kB
SReclaimable:      78240 kB
SUnreclaim:       143876 kB
KernelStack:       46192 kB
PageTables:        62724 kB
NFS_Unstable:          0 kB
Bounce:                0 kB
WritebackTmp:          0 kB
CommitLimit:     9202288 kB
Committed_AS:   66054440 kB
VmallocTotal:   263061440 kB
VmallocUsed:      103184 kB
VmallocChunk:          0 kB
Percpu:             7648 kB
CmaTotal:         294912 kB
CmaFree:               0 kB
MemTotal:       12113132 kB
MemFree:         6181000 kB
MemAvailable:    7994524 kB
Buffers:            7432 kB
Cached:          1908228 kB
SwapCached:            0 kB
Active:          1480052 kB
Inactive:        1656468 kB
Active(anon):    1227320 kB
Inactive(anon):    27700 kB
Active(file):     252732 kB
Inactive(file):  1628768 kB
Unevictable:        5532 kB
Mlocked:            5532 kB
SwapTotal:       3145724 kB
SwapFree:        3145724 kB
Dirty:               676 kB
Writeback:             0 kB
AnonPages:       1226608 kB
Mapped:           862224 kB
Shmem:             29680 kB
KReclaimable:     800728 kB
Slab:             222140 kB
SReclaimable:      78240 kB
SUnreclaim:       143900 kB
KernelStack:       46224 kB
PageTables:        62804 kB
NFS_Unstable:          0 kB
Bounce:                0 kB
WritebackTmp:          0 kB
CommitLimit:     9202288 kB
Committed_AS:   66054080 kB
VmallocTotal:   263061440 kB
VmallocUsed:      103184 kB
VmallocChunk:          0 kB
Percpu:             7648 kB
CmaTotal:         294912 kB
CmaFree:               0 kB
MemTotal:       12113132 kB
MemFree:         6178252 kB
MemAvailable:    7991788 kB
Buffers:            7432 kB
Cached:          1908248 kB
SwapCached:            0 kB
Active:          1482376 kB
Inactive:        1656488 kB
Active(anon):    1229648 kB
Inactive(anon):    27704 kB
Active(file):     252728 kB
Inactive(file):  1628784 kB
Unevictable:        5532 kB
Mlocked:            5532 kB
SwapTotal:       3145724 kB
SwapFree:        3145724 kB
Dirty:               708 kB
Writeback:             0 kB
AnonPages:       1228876 kB
Mapped:           862288 kB
Shmem:             29684 kB
KReclaimable:     800728 kB
Slab:             222100 kB
SReclaimable:      78240 kB
SUnreclaim:       143860 kB
KernelStack:       46176 kB
PageTables:        62700 kB
NFS_Unstable:          0 kB
Bounce:                0 kB
WritebackTmp:          0 kB
CommitLimit:     9202288 kB
Committed_AS:   66054768 kB
VmallocTotal:   263061440 kB
VmallocUsed:      103216 kB
VmallocChunk:          0 kB
Percpu:             7648 kB
CmaTotal:         294912 kB
CmaFree:               0 kB
MemTotal:       12113132 kB
MemFree:         6177032 kB
MemAvailable:    7990556 kB
Buffers:            7432 kB
Cached:          1908232 kB
SwapCached:            0 kB
Active:          1482648 kB
Inactive:        1656476 kB
Active(anon):    1229920 kB
Inactive(anon):    27704 kB
Active(file):     252728 kB
Inactive(file):  1628772 kB
Unevictable:        5532 kB
Mlocked:            5532 kB
SwapTotal:       3145724 kB
SwapFree:        3145724 kB
Dirty:               716 kB
Writeback:             0 kB
AnonPages:       1228960 kB
Mapped:           862236 kB
Shmem:             29684 kB
KReclaimable:     800728 kB
Slab:             222100 kB
SReclaimable:      78240 kB
SUnreclaim:       143860 kB
KernelStack:       46224 kB
PageTables:        62700 kB
NFS_Unstable:          0 kB
Bounce:                0 kB
WritebackTmp:          0 kB
CommitLimit:     9202288 kB
Committed_AS:   66050292 kB
VmallocTotal:   263061440 kB
VmallocUsed:      103216 kB
VmallocChunk:          0 kB
Percpu:             7648 kB
CmaTotal:         294912 kB
CmaFree:              28 kB
MemTotal:       12113132 kB
MemFree:         6177644 kB
MemAvailable:    7991208 kB
Buffers:            7432 kB
Cached:          1908276 kB
SwapCached:            0 kB
Active:          1483832 kB
Inactive:        1656512 kB
Active(anon):    1231100 kB
Inactive(anon):    27704 kB
Active(file):     252732 kB
Inactive(file):  1628808 kB
Unevictable:        5532 kB
Mlocked:            5532 kB
SwapTotal:       3145724 kB
SwapFree:        3145724 kB
Dirty:               740 kB
Writeback:             0 kB
AnonPages:       1229812 kB
Mapped:           862096 kB
Shmem:             29684 kB
KReclaimable:     800728 kB
Slab:             222108 kB
SReclaimable:      78240 kB
SUnreclaim:       143868 kB
KernelStack:       46192 kB
PageTables:        62712 kB
NFS_Unstable:          0 kB
Bounce:                0 kB
WritebackTmp:          0 kB
CommitLimit:     9202288 kB
Committed_AS:   66051552 kB
VmallocTotal:   263061440 kB
VmallocUsed:      103216 kB
VmallocChunk:          0 kB
Percpu:             7648 kB
CmaTotal:         294912 kB
CmaFree:               0 kB
MemTotal:       12113132 kB
MemFree:         6178984 kB
MemAvailable:    7992560 kB
Buffers:            7432 kB
Cached:          1908284 kB
SwapCached:            0 kB
Active:          1482764 kB
Inactive:        1656528 kB
Active(anon):    1230036 kB
Inactive(anon):    27704 kB
Active(file):     252728 kB
Inactive(file):  1628824 kB
Unevictable:        5532 kB
Mlocked:            5532 kB
SwapTotal:       3145724 kB
SwapFree:        3145724 kB
Dirty:               756 kB
Writeback:             0 kB
AnonPages:       1228920 kB
Mapped:           862288 kB
Shmem:             29684 kB
KReclaimable:     800728 kB
Slab:             222108 kB
SReclaimable:      78240 kB
SUnreclaim:       143868 kB
KernelStack:       46260 kB
PageTables:        62712 kB
NFS_Unstable:          0 kB
Bounce:                0 kB
WritebackTmp:          0 kB
CommitLimit:     9202288 kB
Committed_AS:   66046692 kB
VmallocTotal:   263061440 kB
VmallocUsed:      103200 kB
VmallocChunk:          0 kB
Percpu:             7648 kB
CmaTotal:         294912 kB
CmaFree:               0 kB
MemTotal:       12113132 kB
MemFree:         6177160 kB
MemAvailable:    7990764 kB
Buffers:            7432 kB
Cached:          1908312 kB
SwapCached:            0 kB
Active:          1483664 kB
Inactive:        1656552 kB
Active(anon):    1230932 kB
Inactive(anon):    27704 kB
Active(file):     252732 kB
Inactive(file):  1628848 kB
Unevictable:        5532 kB
Mlocked:            5532 kB
SwapTotal:       3145724 kB
SwapFree:        3145724 kB
Dirty:               792 kB
Writeback:             0 kB
AnonPages:       1229680 kB
Mapped:           862288 kB
Shmem:             29684 kB
KReclaimable:     800728 kB
Slab:             222108 kB
SReclaimable:      78240 kB
SUnreclaim:       143868 kB
KernelStack:       46176 kB
PageTables:        62644 kB
NFS_Unstable:          0 kB
Bounce:                0 kB
WritebackTmp:          0 kB
CommitLimit:     9202288 kB
Committed_AS:   66054572 kB
VmallocTotal:   263061440 kB
VmallocUsed:      103200 kB
VmallocChunk:          0 kB
Percpu:             7648 kB
CmaTotal:         294912 kB
CmaFree:               0 kB
MemTotal:       12113132 kB
MemFree:         6175240 kB
MemAvailable:    7988852 kB
Buffers:            7432 kB
Cached:          1908320 kB
SwapCached:            0 kB
Active:          1484328 kB
Inactive:        1656560 kB
Active(anon):    1231596 kB
Inactive(anon):    27704 kB
Active(file):     252732 kB
Inactive(file):  1628856 kB
Unevictable:        5532 kB
Mlocked:            5532 kB
SwapTotal:       3145724 kB
SwapFree:        3145724 kB
Dirty:               800 kB
Writeback:             0 kB
AnonPages:       1230244 kB
Mapped:           862216 kB
Shmem:             29684 kB
KReclaimable:     800728 kB
Slab:             222108 kB
SReclaimable:      78240 kB
SUnreclaim:       143868 kB
KernelStack:       46176 kB
PageTables:        62668 kB
NFS_Unstable:          0 kB
Bounce:                0 kB
WritebackTmp:          0 kB
CommitLimit:     9202288 kB
Committed_AS:   66054356 kB
VmallocTotal:   263061440 kB
VmallocUsed:      103232 kB
VmallocChunk:          0 kB
Percpu:             7648 kB
CmaTotal:         294912 kB
CmaFree:               0 kB
MemTotal:       12113132 kB
MemFree:         6174700 kB
MemAvailable:    7988336 kB
Buffers:            7432 kB
Cached:          1908344 kB
SwapCached:            0 kB
Active:          1484620 kB
Inactive:        1656584 kB
Active(anon):    1231888 kB
Inactive(anon):    27704 kB
Active(file):     252732 kB
Inactive(file):  1628880 kB
Unevictable:        5532 kB
Mlocked:            5532 kB
SwapTotal:       3145724 kB
SwapFree:        3145724 kB
Dirty:               848 kB
Writeback:             0 kB
AnonPages:       1230544 kB
Mapped:           862288 kB
Shmem:             29684 kB
KReclaimable:     800728 kB
Slab:             222108 kB
SReclaimable:      78240 kB
SUnreclaim:       143868 kB
KernelStack:       46144 kB
PageTables:        62848 kB
NFS_Unstable:          0 kB
Bounce:                0 kB
WritebackTmp:          0 kB
CommitLimit:     9202288 kB
Committed_AS:   66049400 kB
VmallocTotal:   263061440 kB
VmallocUsed:      103152 kB
VmallocChunk:          0 kB
Percpu:             7648 kB
CmaTotal:         294912 kB
CmaFree:               0 kB
MemTotal:       12113132 kB
MemFree:         6174676 kB
MemAvailable:    7988332 kB
Buffers:            7432 kB
Cached:          1908364 kB
SwapCached:            0 kB
Active:          1484968 kB
Inactive:        1656604 kB
Active(anon):    1232236 kB
Inactive(anon):    27704 kB
Active(file):     252732 kB
Inactive(file):  1628900 kB
Unevictable:        5532 kB
Mlocked:            5532 kB
SwapTotal:       3145724 kB
SwapFree:        3145724 kB
Dirty:               884 kB
Writeback:             0 kB
AnonPages:       1231128 kB
Mapped:           862184 kB
Shmem:             29684 kB
KReclaimable:     800728 kB
Slab:             222108 kB
SReclaimable:      78240 kB
SUnreclaim:       143868 kB
KernelStack:       46160 kB
PageTables:        62772 kB
NFS_Unstable:          0 kB
Bounce:                0 kB
WritebackTmp:          0 kB
CommitLimit:     9202288 kB
Committed_AS:   66049092 kB
VmallocTotal:   263061440 kB
VmallocUsed:      103152 kB
VmallocChunk:          0 kB
Percpu:             7648 kB
CmaTotal:         294912 kB
CmaFree:              96 kB
MemTotal:       12113132 kB
MemFree:         6173836 kB
MemAvailable:    7987496 kB
Buffers:            7432 kB
Cached:          1908368 kB
SwapCached:            0 kB
Active:          1485496 kB
Inactive:        1656616 kB
Active(anon):    1232772 kB
Inactive(anon):    27704 kB
Active(file):     252724 kB
Inactive(file):  1628912 kB
Unevictable:        5532 kB
Mlocked:            5532 kB
SwapTotal:       3145724 kB
SwapFree:        3145724 kB
Dirty:               888 kB
Writeback:             0 kB
AnonPages:       1231956 kB
Mapped:           862092 kB
Shmem:             29684 kB
KReclaimable:     800728 kB
Slab:             222112 kB
SReclaimable:      78240 kB
SUnreclaim:       143872 kB
KernelStack:       46128 kB
PageTables:        62756 kB
NFS_Unstable:          0 kB
Bounce:                0 kB
WritebackTmp:          0 kB
CommitLimit:     9202288 kB
Committed_AS:   66049744 kB
VmallocTotal:   263061440 kB
VmallocUsed:      103136 kB
VmallocChunk:          0 kB
Percpu:             7648 kB
CmaTotal:         294912 kB
CmaFree:               0 kB
MemTotal:       12113132 kB
MemFree:         6173380 kB
MemAvailable:    7987068 kB
Buffers:            7432 kB
Cached:          1908396 kB
SwapCached:            0 kB
Active:          1485452 kB
Inactive:        1656636 kB
Active(anon):    1232720 kB
Inactive(anon):    27704 kB
Active(file):     252732 kB
Inactive(file):  1628932 kB
Unevictable:        5532 kB
Mlocked:            5532 kB
SwapTotal:       3145724 kB
SwapFree:        3145724 kB
Dirty:               932 kB
Writeback:             0 kB
AnonPages:       1232036 kB
Mapped:           862288 kB
Shmem:             29684 kB
KReclaimable:     800728 kB
Slab:             222116 kB
SReclaimable:      78240 kB
SUnreclaim:       143876 kB
KernelStack:       46144 kB
PageTables:        62732 kB
NFS_Unstable:          0 kB
Bounce:                0 kB
WritebackTmp:          0 kB
CommitLimit:     9202288 kB
Committed_AS:   66054928 kB
VmallocTotal:   263061440 kB
VmallocUsed:      103120 kB
VmallocChunk:          0 kB
Percpu:             7648 kB
CmaTotal:         294912 kB
CmaFree:               0 kB
MemTotal:       12113132 kB
MemFree:         6173124 kB
MemAvailable:    7986836 kB
Buffers:            7432 kB
Cached:          1908420 kB
SwapCached:            0 kB
Active:          1486296 kB
Inactive:        1656660 kB
Active(anon):    1233564 kB
Inactive(anon):    27704 kB
Active(file):     252732 kB
Inactive(file):  1628956 kB
Unevictable:        5532 kB
Mlocked:            5532 kB
SwapTotal:       3145724 kB
SwapFree:        3145724 kB
Dirty:               956 kB
Writeback:             0 kB
AnonPages:       1232612 kB
Mapped:           862216 kB
Shmem:             29684 kB
KReclaimable:     800728 kB
Slab:             222120 kB
SReclaimable:      78240 kB
SUnreclaim:       143880 kB
KernelStack:       46164 kB
PageTables:        62648 kB
NFS_Unstable:          0 kB
Bounce:                0 kB
WritebackTmp:          0 kB
CommitLimit:     9202288 kB
Committed_AS:   66054636 kB
VmallocTotal:   263061440 kB
VmallocUsed:      103152 kB
VmallocChunk:          0 kB
Percpu:             7648 kB
CmaTotal:         294912 kB
CmaFree:              56 kB
MemTotal:       12113132 kB
MemFree:         6172908 kB
MemAvailable:    7986668 kB
Buffers:            7436 kB
Cached:          1908464 kB
SwapCached:            0 kB
Active:          1486148 kB
Inactive:        1656700 kB
Active(anon):    1233408 kB
Inactive(anon):    27704 kB
Active(file):     252740 kB
Inactive(file):  1628996 kB
Unevictable:        5532 kB
Mlocked:            5532 kB
SwapTotal:       3145724 kB
SwapFree:        3145724 kB
Dirty:               960 kB
Writeback:             0 kB
AnonPages:       1232592 kB
Mapped:           862216 kB
Shmem:             29684 kB
KReclaimable:     800728 kB
Slab:             222120 kB
SReclaimable:      78240 kB
SUnreclaim:       143880 kB
KernelStack:       46128 kB
PageTables:        62668 kB
NFS_Unstable:          0 kB
Bounce:                0 kB
WritebackTmp:          0 kB
CommitLimit:     9202288 kB
Committed_AS:   66055024 kB
VmallocTotal:   263061440 kB
VmallocUsed:      103136 kB
VmallocChunk:          0 kB
Percpu:             7648 kB
CmaTotal:         294912 kB
CmaFree:              16 kB
MemTotal:       12113132 kB
MemFree:         6172680 kB
MemAvailable:    7986424 kB
Buffers:            7436 kB
Cached:          1908448 kB
SwapCached:            0 kB
Active:          1486512 kB
Inactive:        1656688 kB
Active(anon):    1233776 kB
Inactive(anon):    27704 kB
Active(file):     252736 kB
Inactive(file):  1628984 kB
Unevictable:        5532 kB
Mlocked:            5532 kB
SwapTotal:       3145724 kB
SwapFree:        3145724 kB
Dirty:               956 kB
Writeback:             0 kB
AnonPages:       1232772 kB
Mapped:           862288 kB
Shmem:             29684 kB
KReclaimable:     800728 kB
Slab:             222120 kB
SReclaimable:      78240 kB
SUnreclaim:       143880 kB
KernelStack:       46112 kB
PageTables:        62700 kB
NFS_Unstable:          0 kB
Bounce:                0 kB
WritebackTmp:          0 kB
CommitLimit:     9202288 kB
Committed_AS:   66055228 kB
VmallocTotal:   263061440 kB
VmallocUsed:      103152 kB
VmallocChunk:          0 kB
Percpu:             7648 kB
CmaTotal:         294912 kB
CmaFree:               0 kB
MemTotal:       12113132 kB
MemFree:         6171756 kB
MemAvailable:    7985508 kB
Buffers:            7436 kB
Cached:          1908456 kB
SwapCached:            0 kB
Active:          1487696 kB
Inactive:        1656696 kB
Active(anon):    1234960 kB
Inactive(anon):    27704 kB
Active(file):     252736 kB
Inactive(file):  1628992 kB
Unevictable:        5532 kB
Mlocked:            5532 kB
SwapTotal:       3145724 kB
SwapFree:        3145724 kB
Dirty:               984 kB
Writeback:             0 kB
AnonPages:       1234072 kB
Mapped:           862216 kB
Shmem:             29684 kB
KReclaimable:     800728 kB
Slab:             222124 kB
SReclaimable:      78240 kB
SUnreclaim:       143884 kB
KernelStack:       46144 kB
PageTables:        62960 kB
NFS_Unstable:          0 kB
Bounce:                0 kB
WritebackTmp:          0 kB
CommitLimit:     9202288 kB
Committed_AS:   66055364 kB
VmallocTotal:   263061440 kB
VmallocUsed:      103136 kB
VmallocChunk:          0 kB
Percpu:             7648 kB
CmaTotal:         294912 kB
CmaFree:               0 kB
MemTotal:       12113132 kB
MemFree:         6171140 kB
MemAvailable:    7984916 kB
Buffers:            7436 kB
Cached:          1908480 kB
SwapCached:            0 kB
Active:          1488216 kB
Inactive:        1656720 kB
Active(anon):    1235480 kB
Inactive(anon):    27704 kB
Active(file):     252736 kB
Inactive(file):  1629016 kB
Unevictable:        5532 kB
Mlocked:            5532 kB
SwapTotal:       3145724 kB
SwapFree:        3145724 kB
Dirty:              1008 kB
Writeback:             0 kB
AnonPages:       1234572 kB
Mapped:           862216 kB
Shmem:             29684 kB
KReclaimable:     800728 kB
Slab:             222124 kB
SReclaimable:      78240 kB
SUnreclaim:       143884 kB
KernelStack:       46100 kB
PageTables:        62636 kB
NFS_Unstable:          0 kB
Bounce:                0 kB
WritebackTmp:          0 kB
CommitLimit:     9202288 kB
Committed_AS:   66055264 kB
VmallocTotal:   263061440 kB
VmallocUsed:      103104 kB
VmallocChunk:          0 kB
Percpu:             7648 kB
CmaTotal:         294912 kB
CmaFree:               4 kB
MemTotal:       12113132 kB
MemFree:         6169360 kB
MemAvailable:    7983176 kB
Buffers:            7436 kB
Cached:          1908520 kB
SwapCached:            0 kB
Active:          1489112 kB
Inactive:        1656756 kB
Active(anon):    1236372 kB
Inactive(anon):    27704 kB
Active(file):     252740 kB
Inactive(file):  1629052 kB
Unevictable:        5532 kB
Mlocked:            5532 kB
SwapTotal:       3145724 kB
SwapFree:        3145724 kB
Dirty:              1044 kB
Writeback:             0 kB
AnonPages:       1235164 kB
Mapped:           862288 kB
Shmem:             29684 kB
KReclaimable:     800728 kB
Slab:             222128 kB
SReclaimable:      78240 kB
SUnreclaim:       143888 kB
KernelStack:       46180 kB
PageTables:        62716 kB
NFS_Unstable:          0 kB
Bounce:                0 kB
WritebackTmp:          0 kB
CommitLimit:     9202288 kB
Committed_AS:   66055104 kB
VmallocTotal:   263061440 kB
VmallocUsed:      103152 kB
VmallocChunk:          0 kB
Percpu:             7648 kB
CmaTotal:         294912 kB
CmaFree:              36 kB
MemTotal:       12113132 kB
MemFree:         6170400 kB
MemAvailable:    7984208 kB
Buffers:            7436 kB
Cached:          1908512 kB
SwapCached:            0 kB
Active:          1489752 kB
Inactive:        1656752 kB
Active(anon):    1237016 kB
Inactive(anon):    27704 kB
Active(file):     252736 kB
Inactive(file):  1629048 kB
Unevictable:        5532 kB
Mlocked:            5532 kB
SwapTotal:       3145724 kB
SwapFree:        3145724 kB
Dirty:              1056 kB
Writeback:             0 kB
AnonPages:       1236008 kB
Mapped:           862216 kB
Shmem:             29684 kB
KReclaimable:     800728 kB
Slab:             222132 kB
SReclaimable:      78240 kB
SUnreclaim:       143892 kB
KernelStack:       46148 kB
PageTables:        62656 kB
NFS_Unstable:          0 kB
Bounce:                0 kB
WritebackTmp:          0 kB
CommitLimit:     9202288 kB
Committed_AS:   66054752 kB
VmallocTotal:   263061440 kB
VmallocUsed:      103184 kB
