MemTotal:       12113132 kB
MemFree:         6215708 kB
MemAvailable:    8029208 kB
Buffers:            7620 kB
Cached:          1908104 kB
SwapCached:            0 kB
Active:          1453092 kB
Inactive:        1647812 kB
Active(anon):    1191640 kB
Inactive(anon):    27832 kB
Active(file):     261452 kB
Inactive(file):  1619980 kB
Unevictable:        5532 kB
Mlocked:            5532 kB
SwapTotal:       3145724 kB
SwapFree:        3145724 kB
Dirty:               200 kB
Writeback:             4 kB
AnonPages:       1190992 kB
Mapped:           853148 kB
Shmem:             29812 kB
KReclaimable:     800772 kB
Slab:             222248 kB
SReclaimable:      78284 kB
SUnreclaim:       143964 kB
KernelStack:       46104 kB
PageTables:        62776 kB
NFS_Unstable:          0 kB
Bounce:                0 kB
WritebackTmp:          0 kB
CommitLimit:     9202288 kB
Committed_AS:   66031272 kB
VmallocTotal:   263061440 kB
VmallocUsed:      103072 kB
VmallocChunk:          0 kB
Percpu:             7648 kB
CmaTotal:         294912 kB
CmaFree:             124 kB
MemTotal:       12113132 kB
MemFree:         6215076 kB
MemAvailable:    8028672 kB
Buffers:            7620 kB
Cached:          1908200 kB
SwapCached:            0 kB
Active:          1453868 kB
Inactive:        1647872 kB
Active(anon):    1192384 kB
Inactive(anon):    27832 kB
Active(file):     261484 kB
Inactive(file):  1620040 kB
Unevictable:        5532 kB
Mlocked:            5532 kB
SwapTotal:       3145724 kB
SwapFree:        3145724 kB
Dirty:               316 kB
Writeback:             0 kB
AnonPages:       1191388 kB
Mapped:           853108 kB
Shmem:             29812 kB
KReclaimable:     800776 kB
Slab:             222232 kB
SReclaimable:      78288 kB
SUnreclaim:       143944 kB
KernelStack:       46112 kB
PageTables:        62496 kB
NFS_Unstable:          0 kB
Bounce:                0 kB
WritebackTmp:          0 kB
CommitLimit:     9202288 kB
Committed_AS:   66036764 kB
VmallocTotal:   263061440 kB
VmallocUsed:      103056 kB
VmallocChunk:          0 kB
Percpu:             7648 kB
CmaTotal:         294912 kB
CmaFree:             112 kB
MemTotal:       12113132 kB
MemFree:         6214500 kB
MemAvailable:    8028124 kB
Buffers:            7620 kB
Cached:          1908224 kB
SwapCached:            0 kB
Active:          1454744 kB
Inactive:        1647888 kB
Active(anon):    1193248 kB
Inactive(anon):    27832 kB
Active(file):     261496 kB
Inactive(file):  1620056 kB
Unevictable:        5532 kB
Mlocked:            5532 kB
SwapTotal:       3145724 kB
SwapFree:        3145724 kB
Dirty:               344 kB
Writeback:             0 kB
AnonPages:       1192404 kB
Mapped:           852980 kB
Shmem:             29812 kB
KReclaimable:     800776 kB
Slab:             222264 kB
SReclaimable:      78288 kB
SUnreclaim:       143976 kB
KernelStack:       46096 kB
PageTables:        62540 kB
NFS_Unstable:          0 kB
Bounce:                0 kB
WritebackTmp:          0 kB
CommitLimit:     9202288 kB
Committed_AS:   66036036 kB
VmallocTotal:   263061440 kB
VmallocUsed:      103072 kB
VmallocChunk:          0 kB
Percpu:             7648 kB
CmaTotal:         294912 kB
CmaFree:               0 kB
MemTotal:       12113132 kB
MemFree:         6213324 kB
MemAvailable:    8026964 kB
Buffers:            7620 kB
Cached:          1908240 kB
SwapCached:            0 kB
Active:          1454488 kB
Inactive:        1647904 kB
Active(anon):    1192992 kB
Inactive(anon):    27832 kB
Active(file):     261496 kB
Inactive(file):  1620072 kB
Unevictable:        5532 kB
Mlocked:            5532 kB
SwapTotal:       3145724 kB
SwapFree:        3145724 kB
Dirty:               368 kB
Writeback:             0 kB
AnonPages:       1192112 kB
Mapped:           852840 kB
Shmem:             29812 kB
KReclaimable:     800776 kB
Slab:             222220 kB
SReclaimable:      78288 kB
SUnreclaim:       143932 kB
KernelStack:       46144 kB
PageTables:        62604 kB
NFS_Unstable:          0 kB
Bounce:                0 kB
WritebackTmp:          0 kB
CommitLimit:     9202288 kB
Committed_AS:   66024272 kB
VmallocTotal:   263061440 kB
VmallocUsed:      103088 kB
VmallocChunk:          0 kB
Percpu:             7648 kB
CmaTotal:         294912 kB
CmaFree:              52 kB
MemTotal:       12113132 kB
MemFree:         6213996 kB
MemAvailable:    8027656 kB
Buffers:            7620 kB
Cached:          1908260 kB
SwapCached:            0 kB
Active:          1455032 kB
Inactive:        1647924 kB
Active(anon):    1193536 kB
Inactive(anon):    27832 kB
Active(file):     261496 kB
Inactive(file):  1620092 kB
Unevictable:        5532 kB
Mlocked:            5532 kB
SwapTotal:       3145724 kB
SwapFree:        3145724 kB
Dirty:               388 kB
Writeback:             0 kB
AnonPages:       1192780 kB
Mapped:           853176 kB
Shmem:             29812 kB
KReclaimable:     800776 kB
Slab:             222276 kB
SReclaimable:      78288 kB
SUnreclaim:       143988 kB
KernelStack:       46112 kB
PageTables:        62500 kB
NFS_Unstable:          0 kB
Bounce:                0 kB
WritebackTmp:          0 kB
CommitLimit:     9202288 kB
Committed_AS:   66029284 kB
VmallocTotal:   263061440 kB
VmallocUsed:      103104 kB
VmallocChunk:          0 kB
Percpu:             7648 kB
CmaTotal:         294912 kB
CmaFree:               0 kB
MemTotal:       12113132 kB
MemFree:         6213028 kB
MemAvailable:    8026700 kB
Buffers:            7620 kB
Cached:          1908272 kB
SwapCached:            0 kB
Active:          1455580 kB
Inactive:        1647936 kB
Active(anon):    1194084 kB
Inactive(anon):    27832 kB
Active(file):     261496 kB
Inactive(file):  1620104 kB
Unevictable:        5532 kB
Mlocked:            5532 kB
SwapTotal:       3145724 kB
SwapFree:        3145724 kB
Dirty:               372 kB
Writeback:             0 kB
AnonPages:       1193204 kB
Mapped:           853104 kB
Shmem:             29812 kB
KReclaimable:     800776 kB
Slab:             222236 kB
SReclaimable:      78288 kB
SUnreclaim:       143948 kB
KernelStack:       46112 kB
PageTables:        62452 kB
NFS_Unstable:          0 kB
Bounce:                0 kB
WritebackTmp:          0 kB
CommitLimit:     9202288 kB
Committed_AS:   66024748 kB
VmallocTotal:   263061440 kB
VmallocUsed:      103120 kB
VmallocChunk:          0 kB
Percpu:             7648 kB
CmaTotal:         294912 kB
CmaFree:               8 kB
MemTotal:       12113132 kB
MemFree:         6211608 kB
MemAvailable:    8025284 kB
Buffers:            7620 kB
Cached:          1908276 kB
SwapCached:            0 kB
Active:          1456256 kB
Inactive:        1647944 kB
Active(anon):    1194764 kB
Inactive(anon):    27832 kB
Active(file):     261492 kB
Inactive(file):  1620112 kB
Unevictable:        5532 kB
Mlocked:            5532 kB
SwapTotal:       3145724 kB
SwapFree:        3145724 kB
Dirty:               400 kB
Writeback:             0 kB
AnonPages:       1194248 kB
Mapped:           853176 kB
Shmem:             29812 kB
KReclaimable:     800776 kB
Slab:             222264 kB
SReclaimable:      78288 kB
SUnreclaim:       143976 kB
KernelStack:       46112 kB
PageTables:        62512 kB
NFS_Unstable:          0 kB
Bounce:                0 kB
WritebackTmp:          0 kB
CommitLimit:     9202288 kB
Committed_AS:   66030888 kB
VmallocTotal:   263061440 kB
VmallocUsed:      103072 kB
VmallocChunk:          0 kB
Percpu:             7648 kB
CmaTotal:         294912 kB
CmaFree:               0 kB
MemTotal:       12113132 kB
MemFree:         6224756 kB
MemAvailable:    8038452 kB
Buffers:            7620 kB
Cached:          1908296 kB
SwapCached:            0 kB
Active:          1442528 kB
Inactive:        1647960 kB
Active(anon):    1181032 kB
Inactive(anon):    27832 kB
Active(file):     261496 kB
Inactive(file):  1620128 kB
Unevictable:        5532 kB
Mlocked:            5532 kB
SwapTotal:       3145724 kB
SwapFree:        3145724 kB
Dirty:               420 kB
Writeback:             0 kB
AnonPages:       1180308 kB
Mapped:           853072 kB
Shmem:             29812 kB
KReclaimable:     800776 kB
Slab:             222248 kB
SReclaimable:      78288 kB
SUnreclaim:       143960 kB
KernelStack:       46016 kB
PageTables:        62468 kB
NFS_Unstable:          0 kB
Bounce:                0 kB
WritebackTmp:          0 kB
CommitLimit:     9202288 kB
Committed_AS:   66028720 kB
VmallocTotal:   263061440 kB
VmallocUsed:      103056 kB
VmallocChunk:          0 kB
Percpu:             7648 kB
CmaTotal:         294912 kB
CmaFree:             532 kB
MemTotal:       12113132 kB
MemFree:         6224676 kB
MemAvailable:    8038396 kB
Buffers:            7620 kB
Cached:          1908320 kB
SwapCached:            0 kB
Active:          1443464 kB
Inactive:        1647984 kB
Active(anon):    1181968 kB
Inactive(anon):    27832 kB
Active(file):     261496 kB
Inactive(file):  1620152 kB
Unevictable:        5532 kB
Mlocked:            5532 kB
SwapTotal:       3145724 kB
SwapFree:        3145724 kB
Dirty:               448 kB
Writeback:             0 kB
AnonPages:       1181108 kB
Mapped:           853104 kB
Shmem:             29812 kB
KReclaimable:     800776 kB
Slab:             222272 kB
SReclaimable:      78288 kB
SUnreclaim:       143984 kB
KernelStack:       46100 kB
PageTables:        62544 kB
NFS_Unstable:          0 kB
Bounce:                0 kB
WritebackTmp:          0 kB
CommitLimit:     9202288 kB
Committed_AS:   66026332 kB
VmallocTotal:   263061440 kB
VmallocUsed:      103072 kB
VmallocChunk:          0 kB
Percpu:             7648 kB
CmaTotal:         294912 kB
CmaFree:              52 kB
MemTotal:       12113132 kB
MemFree:         6223688 kB
MemAvailable:    8037416 kB
Buffers:            7620 kB
Cached:          1908328 kB
SwapCached:            0 kB
Active:          1444348 kB
Inactive:        1647992 kB
Active(anon):    1182852 kB
Inactive(anon):    27832 kB
Active(file):     261496 kB
Inactive(file):  1620160 kB
Unevictable:        5532 kB
Mlocked:            5532 kB
SwapTotal:       3145724 kB
SwapFree:        3145724 kB
Dirty:               232 kB
Writeback:             0 kB
AnonPages:       1181788 kB
Mapped:           853104 kB
Shmem:             29812 kB
KReclaimable:     800776 kB
Slab:             222256 kB
SReclaimable:      78288 kB
SUnreclaim:       143968 kB
KernelStack:       46032 kB
PageTables:        62436 kB
NFS_Unstable:          0 kB
Bounce:                0 kB
WritebackTmp:          0 kB
CommitLimit:     9202288 kB
Committed_AS:   66030748 kB
VmallocTotal:   263061440 kB
VmallocUsed:      103088 kB
VmallocChunk:          0 kB
Percpu:             7648 kB
CmaTotal:         294912 kB
CmaFree:               0 kB
MemTotal:       12113132 kB
MemFree:         6223660 kB
MemAvailable:    8037396 kB
Buffers:            7620 kB
Cached:          1908336 kB
SwapCached:            0 kB
Active:          1444988 kB
Inactive:        1648000 kB
Active(anon):    1183492 kB
Inactive(anon):    27832 kB
Active(file):     261496 kB
Inactive(file):  1620168 kB
Unevictable:        5532 kB
Mlocked:            5532 kB
SwapTotal:       3145724 kB
SwapFree:        3145724 kB
Dirty:               216 kB
Writeback:             0 kB
AnonPages:       1182604 kB
Mapped:           852984 kB
Shmem:             29812 kB
KReclaimable:     800776 kB
Slab:             222276 kB
SReclaimable:      78288 kB
SUnreclaim:       143988 kB
KernelStack:       46032 kB
PageTables:        62504 kB
NFS_Unstable:          0 kB
Bounce:                0 kB
WritebackTmp:          0 kB
CommitLimit:     9202288 kB
Committed_AS:   66031392 kB
VmallocTotal:   263061440 kB
VmallocUsed:      103072 kB
VmallocChunk:          0 kB
Percpu:             7648 kB
CmaTotal:         294912 kB
CmaFree:               0 kB
MemTotal:       12113132 kB
MemFree:         6223040 kB
MemAvailable:    8036800 kB
Buffers:            7620 kB
Cached:          1908360 kB
SwapCached:            0 kB
Active:          1445356 kB
Inactive:        1648024 kB
Active(anon):    1183860 kB
Inactive(anon):    27832 kB
Active(file):     261496 kB
Inactive(file):  1620192 kB
Unevictable:        5532 kB
Mlocked:            5532 kB
SwapTotal:       3145724 kB
SwapFree:        3145724 kB
Dirty:               244 kB
Writeback:             0 kB
AnonPages:       1183176 kB
Mapped:           853228 kB
Shmem:             29812 kB
KReclaimable:     800776 kB
Slab:             222260 kB
SReclaimable:      78288 kB
SUnreclaim:       143972 kB
KernelStack:       46064 kB
PageTables:        62548 kB
NFS_Unstable:          0 kB
Bounce:                0 kB
WritebackTmp:          0 kB
CommitLimit:     9202288 kB
Committed_AS:   66026264 kB
VmallocTotal:   263061440 kB
VmallocUsed:      103088 kB
VmallocChunk:          0 kB
Percpu:             7648 kB
CmaTotal:         294912 kB
CmaFree:               0 kB
MemTotal:       12113132 kB
MemFree:         6221528 kB
MemAvailable:    8035312 kB
Buffers:            7620 kB
Cached:          1908384 kB
SwapCached:            0 kB
Active:          1446388 kB
Inactive:        1648048 kB
Active(anon):    1184892 kB
Inactive(anon):    27832 kB
Active(file):     261496 kB
Inactive(file):  1620216 kB
Unevictable:        5532 kB
Mlocked:            5532 kB
SwapTotal:       3145724 kB
SwapFree:        3145724 kB
Dirty:               324 kB
Writeback:             0 kB
AnonPages:       1183668 kB
Mapped:           853176 kB
Shmem:             29812 kB
KReclaimable:     800776 kB
Slab:             222260 kB
SReclaimable:      78288 kB
SUnreclaim:       143972 kB
KernelStack:       46084 kB
PageTables:        62484 kB
NFS_Unstable:          0 kB
Bounce:                0 kB
WritebackTmp:          0 kB
CommitLimit:     9202288 kB
Committed_AS:   66031648 kB
VmallocTotal:   263061440 kB
VmallocUsed:      103104 kB
VmallocChunk:          0 kB
Percpu:             7648 kB
CmaTotal:         294912 kB
CmaFree:               4 kB
MemTotal:       12113132 kB
MemFree:         6221064 kB
MemAvailable:    8034860 kB
Buffers:            7620 kB
Cached:          1908396 kB
SwapCached:            0 kB
Active:          1446556 kB
Inactive:        1648056 kB
Active(anon):    1185056 kB
Inactive(anon):    27832 kB
Active(file):     261500 kB
Inactive(file):  1620224 kB
Unevictable:        5532 kB
Mlocked:            5532 kB
SwapTotal:       3145724 kB
SwapFree:        3145724 kB
Dirty:               336 kB
Writeback:             0 kB
AnonPages:       1184236 kB
Mapped:           853092 kB
Shmem:             29812 kB
KReclaimable:     800776 kB
Slab:             222276 kB
SReclaimable:      78288 kB
SUnreclaim:       143988 kB
KernelStack:       46064 kB
PageTables:        62528 kB
NFS_Unstable:          0 kB
Bounce:                0 kB
WritebackTmp:          0 kB
CommitLimit:     9202288 kB
Committed_AS:   66036064 kB
VmallocTotal:   263061440 kB
VmallocUsed:      103072 kB
VmallocChunk:          0 kB
Percpu:             7648 kB
CmaTotal:         294912 kB
CmaFree:             148 kB
MemTotal:       12113132 kB
MemFree:         6219600 kB
MemAvailable:    8033412 kB
Buffers:            7620 kB
Cached:          1908412 kB
SwapCached:            0 kB
Active:          1447588 kB
Inactive:        1648072 kB
Active(anon):    1186088 kB
Inactive(anon):    27832 kB
Active(file):     261500 kB
Inactive(file):  1620240 kB
Unevictable:        5532 kB
Mlocked:            5532 kB
SwapTotal:       3145724 kB
SwapFree:        3145724 kB
Dirty:               376 kB
Writeback:             0 kB
AnonPages:       1185184 kB
Mapped:           853104 kB
Shmem:             29812 kB
KReclaimable:     800776 kB
Slab:             222276 kB
SReclaimable:      78288 kB
SUnreclaim:       143988 kB
KernelStack:       46100 kB
PageTables:        62440 kB
NFS_Unstable:          0 kB
Bounce:                0 kB
WritebackTmp:          0 kB
CommitLimit:     9202288 kB
Committed_AS:   66036388 kB
VmallocTotal:   263061440 kB
VmallocUsed:      103088 kB
VmallocChunk:          0 kB
Percpu:             7648 kB
CmaTotal:         294912 kB
CmaFree:              16 kB
MemTotal:       12113132 kB
MemFree:         6195036 kB
MemAvailable:    8008868 kB
Buffers:            7620 kB
Cached:          1908308 kB
SwapCached:            0 kB
Active:          1474484 kB
Inactive:        1648180 kB
Active(anon):    1212976 kB
Inactive(anon):    27928 kB
Active(file):     261508 kB
Inactive(file):  1620252 kB
Unevictable:        5532 kB
Mlocked:            5532 kB
SwapTotal:       3145724 kB
SwapFree:        3145724 kB
Dirty:               348 kB
Writeback:             0 kB
AnonPages:       1212016 kB
Mapped:           853048 kB
Shmem:             29688 kB
KReclaimable:     800776 kB
Slab:             222276 kB
SReclaimable:      78288 kB
SUnreclaim:       143988 kB
KernelStack:       46064 kB
PageTables:        62480 kB
NFS_Unstable:          0 kB
Bounce:                0 kB
WritebackTmp:          0 kB
CommitLimit:     9202288 kB
Committed_AS:   66036220 kB
VmallocTotal:   263061440 kB
VmallocUsed:      103088 kB
VmallocChunk:          0 kB
Percpu:             7648 kB
CmaTotal:         294912 kB
CmaFree:              24 kB
MemTotal:       12113132 kB
MemFree:         6194176 kB
MemAvailable:    8008028 kB
Buffers:            7620 kB
Cached:          1908452 kB
SwapCached:            0 kB
Active:          1473604 kB
Inactive:        1648104 kB
Active(anon):    1212096 kB
Inactive(anon):    27832 kB
Active(file):     261508 kB
Inactive(file):  1620272 kB
Unevictable:        5532 kB
Mlocked:            5532 kB
SwapTotal:       3145724 kB
SwapFree:        3145724 kB
Dirty:               368 kB
Writeback:             0 kB
AnonPages:       1211128 kB
Mapped:           853104 kB
Shmem:             29812 kB
KReclaimable:     800776 kB
Slab:             222248 kB
SReclaimable:      78288 kB
SUnreclaim:       143960 kB
KernelStack:       46068 kB
PageTables:        62424 kB
NFS_Unstable:          0 kB
Bounce:                0 kB
WritebackTmp:          0 kB
CommitLimit:     9202288 kB
Committed_AS:   66036088 kB
VmallocTotal:   263061440 kB
VmallocUsed:      103104 kB
VmallocChunk:          0 kB
Percpu:             7648 kB
CmaTotal:         294912 kB
CmaFree:              12 kB
MemTotal:       12113132 kB
MemFree:         6192524 kB
MemAvailable:    8006388 kB
Buffers:            7620 kB
Cached:          1908464 kB
SwapCached:            0 kB
Active:          1474380 kB
Inactive:        1648116 kB
Active(anon):    1212872 kB
Inactive(anon):    27832 kB
Active(file):     261508 kB
Inactive(file):  1620284 kB
Unevictable:        5532 kB
Mlocked:            5532 kB
SwapTotal:       3145724 kB
SwapFree:        3145724 kB
Dirty:               384 kB
Writeback:             0 kB
AnonPages:       1212008 kB
Mapped:           853032 kB
Shmem:             29812 kB
KReclaimable:     800776 kB
Slab:             222240 kB
SReclaimable:      78288 kB
SUnreclaim:       143952 kB
KernelStack:       46048 kB
PageTables:        62656 kB
NFS_Unstable:          0 kB
Bounce:                0 kB
WritebackTmp:          0 kB
CommitLimit:     9202288 kB
Committed_AS:   66030464 kB
VmallocTotal:   263061440 kB
VmallocUsed:      103088 kB
VmallocChunk:          0 kB
Percpu:             7648 kB
CmaTotal:         294912 kB
CmaFree:              12 kB
MemTotal:       12113132 kB
MemFree:         6194692 kB
MemAvailable:    8008568 kB
Buffers:            7620 kB
Cached:          1908476 kB
SwapCached:            0 kB
Active:          1474976 kB
Inactive:        1648124 kB
Active(anon):    1213464 kB
Inactive(anon):    27832 kB
Active(file):     261512 kB
Inactive(file):  1620292 kB
Unevictable:        5532 kB
Mlocked:            5532 kB
SwapTotal:       3145724 kB
SwapFree:        3145724 kB
Dirty:               436 kB
Writeback:             0 kB
AnonPages:       1212364 kB
Mapped:           853176 kB
Shmem:             29812 kB
KReclaimable:     800776 kB
Slab:             222256 kB
SReclaimable:      78288 kB
SUnreclaim:       143968 kB
KernelStack:       46064 kB
PageTables:        62672 kB
NFS_Unstable:          0 kB
Bounce:                0 kB
WritebackTmp:          0 kB
CommitLimit:     9202288 kB
Committed_AS:   66024988 kB
VmallocTotal:   263061440 kB
VmallocUsed:      103056 kB
VmallocChunk:          0 kB
Percpu:             7648 kB
CmaTotal:         294912 kB
CmaFree:               0 kB
MemTotal:       12113132 kB
MemFree:         6202292 kB
MemAvailable:    8016184 kB
Buffers:            7628 kB
Cached:          1908484 kB
SwapCached:            0 kB
Active:          1466192 kB
Inactive:        1648140 kB
Active(anon):    1204680 kB
Inactive(anon):    27832 kB
Active(file):     261512 kB
Inactive(file):  1620308 kB
Unevictable:        5532 kB
Mlocked:            5532 kB
SwapTotal:       3145724 kB
SwapFree:        3145724 kB
Dirty:               452 kB
Writeback:             0 kB
AnonPages:       1203844 kB
Mapped:           853176 kB
Shmem:             29812 kB
KReclaimable:     800776 kB
Slab:             222224 kB
SReclaimable:      78288 kB
SUnreclaim:       143936 kB
KernelStack:       46064 kB
PageTables:        62564 kB
NFS_Unstable:          0 kB
Bounce:                0 kB
WritebackTmp:          0 kB
CommitLimit:     9202288 kB
Committed_AS:   66025544 kB
VmallocTotal:   263061440 kB
VmallocUsed:      103056 kB
VmallocChunk:          0 kB
Percpu:             7648 kB
CmaTotal:         294912 kB
CmaFree:               0 kB
MemTotal:       12113132 kB
MemFree:         6201100 kB
MemAvailable:    8015020 kB
Buffers:            7628 kB
Cached:          1908512 kB
SwapCached:            0 kB
Active:          1466620 kB
Inactive:        1648160 kB
Active(anon):    1205100 kB
Inactive(anon):    27832 kB
Active(file):     261520 kB
Inactive(file):  1620328 kB
Unevictable:        5532 kB
Mlocked:            5532 kB
SwapTotal:       3145724 kB
SwapFree:        3145724 kB
Dirty:               452 kB
Writeback:             0 kB
AnonPages:       1204276 kB
Mapped:           852980 kB
Shmem:             29812 kB
KReclaimable:     800776 kB
Slab:             222252 kB
SReclaimable:      78288 kB
SUnreclaim:       143964 kB
KernelStack:       46048 kB
PageTables:        62532 kB
NFS_Unstable:          0 kB
Bounce:                0 kB
WritebackTmp:          0 kB
CommitLimit:     9202288 kB
Committed_AS:   66031072 kB
VmallocTotal:   263061440 kB
VmallocUsed:      103072 kB
VmallocChunk:          0 kB
Percpu:             7648 kB
CmaTotal:         294912 kB
CmaFree:               0 kB
MemTotal:       12113132 kB
MemFree:         6200684 kB
MemAvailable:    8014612 kB
Buffers:            7628 kB
Cached:          1908520 kB
SwapCached:            0 kB
Active:          1467668 kB
Inactive:        1648168 kB
Active(anon):    1206148 kB
Inactive(anon):    27832 kB
Active(file):     261520 kB
Inactive(file):  1620336 kB
Unevictable:        5532 kB
Mlocked:            5532 kB
SwapTotal:       3145724 kB
SwapFree:        3145724 kB
Dirty:               476 kB
Writeback:             0 kB
AnonPages:       1205288 kB
Mapped:           853100 kB
Shmem:             29812 kB
KReclaimable:     800776 kB
Slab:             222252 kB
SReclaimable:      78288 kB
SUnreclaim:       143964 kB
KernelStack:       46084 kB
PageTables:        62772 kB
NFS_Unstable:          0 kB
Bounce:                0 kB
WritebackTmp:          0 kB
CommitLimit:     9202288 kB
Committed_AS:   66031400 kB
VmallocTotal:   263061440 kB
VmallocUsed:      103088 kB
VmallocChunk:          0 kB
Percpu:             7648 kB
CmaTotal:         294912 kB
CmaFree:               0 kB
MemTotal:       12113132 kB
MemFree:         6200224 kB
MemAvailable:    8014164 kB
Buffers:            7628 kB
Cached:          1908532 kB
SwapCached:            0 kB
Active:          1468272 kB
Inactive:        1648180 kB
Active(anon):    1206752 kB
Inactive(anon):    27832 kB
Active(file):     261520 kB
Inactive(file):  1620348 kB
Unevictable:        5532 kB
Mlocked:            5532 kB
SwapTotal:       3145724 kB
SwapFree:        3145724 kB
Dirty:               488 kB
Writeback:             0 kB
AnonPages:       1205668 kB
Mapped:           853104 kB
Shmem:             29812 kB
KReclaimable:     800776 kB
Slab:             222268 kB
SReclaimable:      78288 kB
SUnreclaim:       143980 kB
KernelStack:       46100 kB
PageTables:        62424 kB
NFS_Unstable:          0 kB
Bounce:                0 kB
WritebackTmp:          0 kB
CommitLimit:     9202288 kB
Committed_AS:   66032164 kB
VmallocTotal:   263061440 kB
VmallocUsed:      103056 kB
VmallocChunk:          0 kB
Percpu:             7648 kB
CmaTotal:         294912 kB
CmaFree:               0 kB
MemTotal:       12113132 kB
MemFree:         6199688 kB
MemAvailable:    8013656 kB
Buffers:            7628 kB
Cached:          1908560 kB
SwapCached:            0 kB
Active:          1468160 kB
Inactive:        1648208 kB
Active(anon):    1206640 kB
Inactive(anon):    27832 kB
Active(file):     261520 kB
Inactive(file):  1620376 kB
Unevictable:        5532 kB
Mlocked:            5532 kB
SwapTotal:       3145724 kB
SwapFree:        3145724 kB
Dirty:               516 kB
Writeback:             0 kB
AnonPages:       1205972 kB
Mapped:           852980 kB
Shmem:             29812 kB
KReclaimable:     800776 kB
Slab:             222248 kB
SReclaimable:      78288 kB
SUnreclaim:       143960 kB
KernelStack:       46080 kB
PageTables:        62648 kB
NFS_Unstable:          0 kB
Bounce:                0 kB
WritebackTmp:          0 kB
CommitLimit:     9202288 kB
Committed_AS:   66031744 kB
VmallocTotal:   263061440 kB
VmallocUsed:      103072 kB
VmallocChunk:          0 kB
Percpu:             7648 kB
CmaTotal:         294912 kB
CmaFree:               0 kB
MemTotal:       12113132 kB
MemFree:         6200264 kB
MemAvailable:    8014248 kB
Buffers:            7628 kB
Cached:          1908576 kB
SwapCached:            0 kB
Active:          1468456 kB
Inactive:        1648224 kB
Active(anon):    1206936 kB
Inactive(anon):    27832 kB
Active(file):     261520 kB
Inactive(file):  1620392 kB
Unevictable:        5532 kB
Mlocked:            5532 kB
SwapTotal:       3145724 kB
SwapFree:        3145724 kB
Dirty:               544 kB
Writeback:             0 kB
AnonPages:       1205744 kB
Mapped:           853104 kB
Shmem:             29812 kB
KReclaimable:     800776 kB
Slab:             222256 kB
SReclaimable:      78288 kB
SUnreclaim:       143968 kB
KernelStack:       46084 kB
PageTables:        62432 kB
NFS_Unstable:          0 kB
Bounce:                0 kB
WritebackTmp:          0 kB
CommitLimit:     9202288 kB
Committed_AS:   66031320 kB
VmallocTotal:   263061440 kB
VmallocUsed:      103088 kB
VmallocChunk:          0 kB
Percpu:             7648 kB
CmaTotal:         294912 kB
CmaFree:               0 kB
MemTotal:       12113132 kB
MemFree:         6198512 kB
MemAvailable:    8012504 kB
Buffers:            7628 kB
Cached:          1908584 kB
SwapCached:            0 kB
Active:          1468932 kB
Inactive:        1648236 kB
Active(anon):    1207416 kB
Inactive(anon):    27832 kB
Active(file):     261516 kB
Inactive(file):  1620404 kB
Unevictable:        5532 kB
Mlocked:            5532 kB
SwapTotal:       3145724 kB
SwapFree:        3145724 kB
Dirty:               556 kB
Writeback:             0 kB
AnonPages:       1206716 kB
Mapped:           853036 kB
Shmem:             29812 kB
KReclaimable:     800776 kB
Slab:             222272 kB
SReclaimable:      78288 kB
SUnreclaim:       143984 kB
KernelStack:       46064 kB
PageTables:        62532 kB
NFS_Unstable:          0 kB
Bounce:                0 kB
WritebackTmp:          0 kB
CommitLimit:     9202288 kB
Committed_AS:   66031548 kB
VmallocTotal:   263061440 kB
VmallocUsed:      103056 kB
VmallocChunk:          0 kB
Percpu:             7648 kB
CmaTotal:         294912 kB
CmaFree:               0 kB
MemTotal:       12113132 kB
MemFree:         6198520 kB
MemAvailable:    8012528 kB
Buffers:            7628 kB
Cached:          1908600 kB
SwapCached:            0 kB
Active:          1469624 kB
Inactive:        1648248 kB
Active(anon):    1208104 kB
Inactive(anon):    27832 kB
Active(file):     261520 kB
Inactive(file):  1620416 kB
Unevictable:        5532 kB
Mlocked:            5532 kB
SwapTotal:       3145724 kB
SwapFree:        3145724 kB
Dirty:               584 kB
Writeback:             0 kB
AnonPages:       1207100 kB
Mapped:           853104 kB
Shmem:             29812 kB
KReclaimable:     800776 kB
Slab:             222248 kB
SReclaimable:      78288 kB
SUnreclaim:       143960 kB
KernelStack:       46080 kB
PageTables:        62424 kB
NFS_Unstable:          0 kB
Bounce:                0 kB
WritebackTmp:          0 kB
CommitLimit:     9202288 kB
Committed_AS:   66027876 kB
VmallocTotal:   263061440 kB
VmallocUsed:      103072 kB
VmallocChunk:          0 kB
Percpu:             7648 kB
CmaTotal:         294912 kB
CmaFree:              12 kB
MemTotal:       12113132 kB
MemFree:         6198284 kB
MemAvailable:    8012316 kB
Buffers:            7628 kB
Cached:          1908624 kB
SwapCached:            0 kB
Active:          1470392 kB
Inactive:        1648272 kB
Active(anon):    1208872 kB
Inactive(anon):    27832 kB
Active(file):     261520 kB
Inactive(file):  1620440 kB
Unevictable:        5532 kB
Mlocked:            5532 kB
SwapTotal:       3145724 kB
SwapFree:        3145724 kB
Dirty:               620 kB
Writeback:             0 kB
AnonPages:       1207912 kB
Mapped:           853128 kB
Shmem:             29812 kB
KReclaimable:     800776 kB
Slab:             222280 kB
SReclaimable:      78288 kB
SUnreclaim:       143992 kB
KernelStack:       46080 kB
PageTables:        62512 kB
NFS_Unstable:          0 kB
Bounce:                0 kB
WritebackTmp:          0 kB
CommitLimit:     9202288 kB
Committed_AS:   66027488 kB
VmallocTotal:   263061440 kB
VmallocUsed:      103088 kB
VmallocChunk:          0 kB
Percpu:             7648 kB
CmaTotal:         294912 kB
CmaFree:               0 kB
MemTotal:       12113132 kB
MemFree:         6197120 kB
MemAvailable:    8011164 kB
Buffers:            7628 kB
Cached:          1908636 kB
SwapCached:            0 kB
Active:          1471288 kB
Inactive:        1648288 kB
Active(anon):    1209772 kB
Inactive(anon):    27832 kB
Active(file):     261516 kB
Inactive(file):  1620456 kB
Unevictable:        5532 kB
Mlocked:            5532 kB
SwapTotal:       3145724 kB
SwapFree:        3145724 kB
Dirty:               632 kB
Writeback:             0 kB
AnonPages:       1208572 kB
Mapped:           853176 kB
Shmem:             29812 kB
KReclaimable:     800776 kB
Slab:             222240 kB
SReclaimable:      78288 kB
SUnreclaim:       143952 kB
KernelStack:       46032 kB
PageTables:        62496 kB
NFS_Unstable:          0 kB
Bounce:                0 kB
WritebackTmp:          0 kB
CommitLimit:     9202288 kB
Committed_AS:   66027804 kB
VmallocTotal:   263061440 kB
VmallocUsed:      103056 kB
VmallocChunk:          0 kB
Percpu:             7648 kB
CmaTotal:         294912 kB
CmaFree:               0 kB
MemTotal:       12113132 kB
MemFree:         6197544 kB
MemAvailable:    8011612 kB
Buffers:            7628 kB
Cached:          1908660 kB
SwapCached:            0 kB
Active:          1470712 kB
Inactive:        1648312 kB
Active(anon):    1209196 kB
Inactive(anon):    27832 kB
Active(file):     261516 kB
Inactive(file):  1620480 kB
Unevictable:        5532 kB
Mlocked:            5532 kB
SwapTotal:       3145724 kB
SwapFree:        3145724 kB
Dirty:               684 kB
Writeback:             0 kB
AnonPages:       1208328 kB
Mapped:           853128 kB
Shmem:             29812 kB
KReclaimable:     800776 kB
Slab:             222284 kB
SReclaimable:      78288 kB
SUnreclaim:       143996 kB
KernelStack:       46080 kB
PageTables:        62448 kB
NFS_Unstable:          0 kB
Bounce:                0 kB
WritebackTmp:          0 kB
CommitLimit:     9202288 kB
Committed_AS:   66032648 kB
VmallocTotal:   263061440 kB
VmallocUsed:      103024 kB
VmallocChunk:          0 kB
Percpu:             7648 kB
CmaTotal:         294912 kB
CmaFree:              76 kB
MemTotal:       12113132 kB
MemFree:         6196400 kB
MemAvailable:    8010476 kB
Buffers:            7628 kB
Cached:          1908668 kB
SwapCached:            0 kB
Active:          1471456 kB
Inactive:        1648316 kB
Active(anon):    1209936 kB
Inactive(anon):    27832 kB
Active(file):     261520 kB
Inactive(file):  1620484 kB
Unevictable:        5532 kB
Mlocked:            5532 kB
SwapTotal:       3145724 kB
SwapFree:        3145724 kB
Dirty:               704 kB
Writeback:             0 kB
AnonPages:       1209316 kB
Mapped:           853176 kB
Shmem:             29812 kB
KReclaimable:     800776 kB
Slab:             222300 kB
SReclaimable:      78288 kB
SUnreclaim:       144012 kB
KernelStack:       46100 kB
PageTables:        62488 kB
NFS_Unstable:          0 kB
Bounce:                0 kB
WritebackTmp:          0 kB
CommitLimit:     9202288 kB
Committed_AS:   66031808 kB
VmallocTotal:   263061440 kB
VmallocUsed:      103056 kB
VmallocChunk:          0 kB
Percpu:             7648 kB
CmaTotal:         294912 kB
CmaFree:              32 kB
MemTotal:       12113132 kB
MemFree:         6195900 kB
MemAvailable:    8010004 kB
Buffers:            7628 kB
Cached:          1908696 kB
SwapCached:            0 kB
Active:          1472384 kB
Inactive:        1648344 kB
Active(anon):    1210864 kB
Inactive(anon):    27832 kB
Active(file):     261520 kB
Inactive(file):  1620512 kB
Unevictable:        5532 kB
Mlocked:            5532 kB
SwapTotal:       3145724 kB
SwapFree:        3145724 kB
Dirty:               732 kB
Writeback:             0 kB
AnonPages:       1210080 kB
Mapped:           853108 kB
Shmem:             29812 kB
KReclaimable:     800776 kB
Slab:             222268 kB
SReclaimable:      78288 kB
SUnreclaim:       143980 kB
KernelStack:       46116 kB
PageTables:        62900 kB
NFS_Unstable:          0 kB
Bounce:                0 kB
WritebackTmp:          0 kB
CommitLimit:     9202288 kB
Committed_AS:   66028956 kB
VmallocTotal:   263061440 kB
VmallocUsed:      103056 kB
VmallocChunk:          0 kB
Percpu:             7648 kB
CmaTotal:         294912 kB
CmaFree:              24 kB
MemTotal:       12113132 kB
MemFree:         6195516 kB
MemAvailable:    8009628 kB
Buffers:            7628 kB
Cached:          1908704 kB
SwapCached:            0 kB
Active:          1472044 kB
Inactive:        1648352 kB
Active(anon):    1210524 kB
Inactive(anon):    27832 kB
Active(file):     261520 kB
Inactive(file):  1620520 kB
Unevictable:        5532 kB
Mlocked:            5532 kB
SwapTotal:       3145724 kB
SwapFree:        3145724 kB
Dirty:               748 kB
Writeback:             0 kB
AnonPages:       1209400 kB
Mapped:           853100 kB
Shmem:             29812 kB
KReclaimable:     800776 kB
Slab:             222288 kB
SReclaimable:      78288 kB
SUnreclaim:       144000 kB
KernelStack:       46084 kB
PageTables:        62428 kB
NFS_Unstable:          0 kB
Bounce:                0 kB
WritebackTmp:          0 kB
CommitLimit:     9202288 kB
Committed_AS:   66035080 kB
VmallocTotal:   263061440 kB
VmallocUsed:      103072 kB
VmallocChunk:          0 kB
Percpu:             7648 kB
CmaTotal:         294912 kB
CmaFree:              28 kB
MemTotal:       12113132 kB
MemFree:         6195204 kB
MemAvailable:    8009324 kB
Buffers:            7628 kB
Cached:          1908712 kB
SwapCached:            0 kB
Active:          1472284 kB
Inactive:        1648360 kB
Active(anon):    1210764 kB
Inactive(anon):    27832 kB
Active(file):     261520 kB
Inactive(file):  1620528 kB
Unevictable:        5532 kB
Mlocked:            5532 kB
SwapTotal:       3145724 kB
SwapFree:        3145724 kB
Dirty:               768 kB
Writeback:             0 kB
AnonPages:       1209848 kB
Mapped:           853108 kB
Shmem:             29812 kB
KReclaimable:     800776 kB
Slab:             222264 kB
SReclaimable:      78288 kB
SUnreclaim:       143976 kB
KernelStack:       46096 kB
PageTables:        62592 kB
NFS_Unstable:          0 kB
Bounce:                0 kB
WritebackTmp:          0 kB
CommitLimit:     9202288 kB
Committed_AS:   66034948 kB
VmallocTotal:   263061440 kB
VmallocUsed:      103072 kB
VmallocChunk:          0 kB
Percpu:             7648 kB
CmaTotal:         294912 kB
CmaFree:              12 kB
MemTotal:       12113132 kB
MemFree:         6193884 kB
MemAvailable:    8008036 kB
Buffers:            7632 kB
Cached:          1908740 kB
SwapCached:            0 kB
Active:          1473620 kB
Inactive:        1648388 kB
Active(anon):    1212096 kB
Inactive(anon):    27832 kB
Active(file):     261524 kB
Inactive(file):  1620556 kB
Unevictable:        5532 kB
Mlocked:            5532 kB
SwapTotal:       3145724 kB
SwapFree:        3145724 kB
Dirty:               796 kB
Writeback:             0 kB
AnonPages:       1211024 kB
Mapped:           852976 kB
Shmem:             29812 kB
KReclaimable:     800776 kB
Slab:             222292 kB
SReclaimable:      78288 kB
SUnreclaim:       144004 kB
KernelStack:       46064 kB
PageTables:        62544 kB
NFS_Unstable:          0 kB
Bounce:                0 kB
WritebackTmp:          0 kB
CommitLimit:     9202288 kB
Committed_AS:   66035916 kB
VmallocTotal:   263061440 kB
VmallocUsed:      103088 kB
VmallocChunk:          0 kB
Percpu:             7648 kB
CmaTotal:         294912 kB
CmaFree:               0 kB
MemTotal:       12113132 kB
MemFree:         6193324 kB
MemAvailable:    8007500 kB
Buffers:            7632 kB
Cached:          1908760 kB
SwapCached:            0 kB
Active:          1474072 kB
Inactive:        1648408 kB
Active(anon):    1212548 kB
Inactive(anon):    27832 kB
Active(file):     261524 kB
Inactive(file):  1620576 kB
Unevictable:        5532 kB
Mlocked:            5532 kB
SwapTotal:       3145724 kB
SwapFree:        3145724 kB
Dirty:               792 kB
Writeback:             0 kB
AnonPages:       1211324 kB
Mapped:           853128 kB
Shmem:             29812 kB
KReclaimable:     800780 kB
Slab:             222272 kB
SReclaimable:      78292 kB
SUnreclaim:       143980 kB
KernelStack:       46080 kB
PageTables:        62400 kB
NFS_Unstable:          0 kB
Bounce:                0 kB
WritebackTmp:          0 kB
CommitLimit:     9202288 kB
Committed_AS:   66030580 kB
VmallocTotal:   263061440 kB
VmallocUsed:      103056 kB
VmallocChunk:          0 kB
Percpu:             7648 kB
CmaTotal:         294912 kB
CmaFree:              68 kB
MemTotal:       12113132 kB
MemFree:         6192224 kB
MemAvailable:    8006404 kB
Buffers:            7632 kB
Cached:          1908764 kB
SwapCached:            0 kB
Active:          1474672 kB
Inactive:        1648412 kB
Active(anon):    1213148 kB
Inactive(anon):    27832 kB
Active(file):     261524 kB
Inactive(file):  1620580 kB
Unevictable:        5532 kB
Mlocked:            5532 kB
SwapTotal:       3145724 kB
SwapFree:        3145724 kB
Dirty:               812 kB
Writeback:             0 kB
AnonPages:       1212620 kB
Mapped:           853228 kB
Shmem:             29812 kB
KReclaimable:     800780 kB
Slab:             222312 kB
SReclaimable:      78292 kB
SUnreclaim:       144020 kB
KernelStack:       46032 kB
PageTables:        62504 kB
NFS_Unstable:          0 kB
Bounce:                0 kB
WritebackTmp:          0 kB
CommitLimit:     9202288 kB
Committed_AS:   66031376 kB
VmallocTotal:   263061440 kB
VmallocUsed:      103104 kB
VmallocChunk:          0 kB
Percpu:             7648 kB
CmaTotal:         294912 kB
CmaFree:               8 kB
MemTotal:       12113132 kB
MemFree:         6190896 kB
MemAvailable:    8005096 kB
Buffers:            7632 kB
Cached:          1908784 kB
SwapCached:            0 kB
Active:          1475580 kB
Inactive:        1648432 kB
Active(anon):    1214056 kB
Inactive(anon):    27832 kB
Active(file):     261524 kB
Inactive(file):  1620600 kB
Unevictable:        5532 kB
Mlocked:            5532 kB
SwapTotal:       3145724 kB
SwapFree:        3145724 kB
Dirty:               876 kB
Writeback:             0 kB
AnonPages:       1212600 kB
Mapped:           853188 kB
Shmem:             29812 kB
KReclaimable:     800780 kB
Slab:             222284 kB
SReclaimable:      78292 kB
SUnreclaim:       143992 kB
KernelStack:       46096 kB
PageTables:        62512 kB
NFS_Unstable:          0 kB
Bounce:                0 kB
WritebackTmp:          0 kB
CommitLimit:     9202288 kB
Committed_AS:   66035688 kB
VmallocTotal:   263061440 kB
VmallocUsed:      103072 kB
VmallocChunk:          0 kB
Percpu:             7648 kB
CmaTotal:         294912 kB
CmaFree:               0 kB
MemTotal:       12113132 kB
MemFree:         6190608 kB
MemAvailable:    8004828 kB
Buffers:            7632 kB
Cached:          1908804 kB
SwapCached:            0 kB
Active:          1476220 kB
Inactive:        1648452 kB
Active(anon):    1214696 kB
Inactive(anon):    27832 kB
Active(file):     261524 kB
Inactive(file):  1620620 kB
Unevictable:        5532 kB
Mlocked:            5532 kB
SwapTotal:       3145724 kB
SwapFree:        3145724 kB
Dirty:               908 kB
Writeback:             0 kB
AnonPages:       1213308 kB
Mapped:           853160 kB
Shmem:             29812 kB
KReclaimable:     800780 kB
Slab:             222292 kB
SReclaimable:      78292 kB
SUnreclaim:       144000 kB
KernelStack:       46084 kB
PageTables:        62464 kB
NFS_Unstable:          0 kB
Bounce:                0 kB
WritebackTmp:          0 kB
CommitLimit:     9202288 kB
Committed_AS:   66036092 kB
VmallocTotal:   263061440 kB
VmallocUsed:      103072 kB
VmallocChunk:          0 kB
Percpu:             7648 kB
CmaTotal:         294912 kB
CmaFree:               0 kB
MemTotal:       12113132 kB
MemFree:         6208692 kB
MemAvailable:    8022928 kB
Buffers:            7632 kB
Cached:          1908820 kB
SwapCached:            0 kB
Active:          1458148 kB
Inactive:        1648468 kB
Active(anon):    1196624 kB
Inactive(anon):    27832 kB
Active(file):     261524 kB
Inactive(file):  1620636 kB
Unevictable:        5532 kB
Mlocked:            5532 kB
SwapTotal:       3145724 kB
SwapFree:        3145724 kB
Dirty:               948 kB
Writeback:             0 kB
AnonPages:       1195624 kB
Mapped:           853116 kB
Shmem:             29812 kB
KReclaimable:     800780 kB
Slab:             222288 kB
SReclaimable:      78292 kB
SUnreclaim:       143996 kB
KernelStack:       46064 kB
PageTables:        62456 kB
NFS_Unstable:          0 kB
Bounce:                0 kB
WritebackTmp:          0 kB
CommitLimit:     9202288 kB
Committed_AS:   66031580 kB
VmallocTotal:   263061440 kB
VmallocUsed:      103072 kB
VmallocChunk:          0 kB
Percpu:             7648 kB
CmaTotal:         294912 kB
CmaFree:             168 kB
MemTotal:       12113132 kB
MemFree:         6221080 kB
MemAvailable:    8035340 kB
Buffers:            7632 kB
Cached:          1908844 kB
SwapCached:            0 kB
Active:          1445092 kB
Inactive:        1648492 kB
Active(anon):    1183568 kB
Inactive(anon):    27832 kB
Active(file):     261524 kB
Inactive(file):  1620660 kB
Unevictable:        5532 kB
Mlocked:            5532 kB
SwapTotal:       3145724 kB
SwapFree:        3145724 kB
Dirty:               936 kB
Writeback:             0 kB
AnonPages:       1182584 kB
Mapped:           853236 kB
Shmem:             29812 kB
KReclaimable:     800780 kB
Slab:             222312 kB
SReclaimable:      78292 kB
SUnreclaim:       144020 kB
KernelStack:       46048 kB
PageTables:        62504 kB
NFS_Unstable:          0 kB
Bounce:                0 kB
WritebackTmp:          0 kB
CommitLimit:     9202288 kB
Committed_AS:   66036128 kB
VmallocTotal:   263061440 kB
VmallocUsed:      103088 kB
VmallocChunk:          0 kB
Percpu:             7648 kB
CmaTotal:         294912 kB
CmaFree:             152 kB
MemTotal:       12113132 kB
MemFree:         6220488 kB
MemAvailable:    8034752 kB
Buffers:            7632 kB
Cached:          1908848 kB
SwapCached:            0 kB
Active:          1445252 kB
Inactive:        1648496 kB
Active(anon):    1183728 kB
Inactive(anon):    27832 kB
Active(file):     261524 kB
Inactive(file):  1620664 kB
Unevictable:        5532 kB
Mlocked:            5532 kB
SwapTotal:       3145724 kB
SwapFree:        3145724 kB
Dirty:               968 kB
Writeback:             0 kB
AnonPages:       1182816 kB
Mapped:           853188 kB
Shmem:             29812 kB
KReclaimable:     800780 kB
Slab:             222296 kB
SReclaimable:      78292 kB
SUnreclaim:       144004 kB
KernelStack:       46080 kB
PageTables:        62504 kB
NFS_Unstable:          0 kB
Bounce:                0 kB
WritebackTmp:          0 kB
CommitLimit:     9202288 kB
Committed_AS:   66036216 kB
VmallocTotal:   263061440 kB
VmallocUsed:      103088 kB
VmallocChunk:          0 kB
Percpu:             7648 kB
CmaTotal:         294912 kB
CmaFree:             316 kB
MemTotal:       12113132 kB
MemFree:         6220076 kB
MemAvailable:    8034356 kB
Buffers:            7632 kB
Cached:          1908864 kB
SwapCached:            0 kB
Active:          1445960 kB
Inactive:        1648512 kB
Active(anon):    1184436 kB
Inactive(anon):    27832 kB
Active(file):     261524 kB
Inactive(file):  1620680 kB
Unevictable:        5532 kB
Mlocked:            5532 kB
SwapTotal:       3145724 kB
SwapFree:        3145724 kB
Dirty:               996 kB
Writeback:             0 kB
AnonPages:       1183816 kB
Mapped:           853196 kB
Shmem:             29812 kB
KReclaimable:     800780 kB
Slab:             222304 kB
SReclaimable:      78292 kB
SUnreclaim:       144012 kB
KernelStack:       46100 kB
PageTables:        62508 kB
NFS_Unstable:          0 kB
Bounce:                0 kB
WritebackTmp:          0 kB
CommitLimit:     9202288 kB
Committed_AS:   66036164 kB
VmallocTotal:   263061440 kB
VmallocUsed:      103104 kB
VmallocChunk:          0 kB
Percpu:             7648 kB
CmaTotal:         294912 kB
CmaFree:               0 kB
MemTotal:       12113132 kB
MemFree:         6197372 kB
MemAvailable:    8011676 kB
Buffers:            7632 kB
Cached:          1908960 kB
SwapCached:            0 kB
Active:          1472884 kB
Inactive:        1648608 kB
Active(anon):    1211360 kB
Inactive(anon):    27904 kB
Active(file):     261524 kB
Inactive(file):  1620704 kB
Unevictable:        5532 kB
Mlocked:            5532 kB
SwapTotal:       3145724 kB
SwapFree:        3145724 kB
Dirty:              1028 kB
Writeback:             0 kB
AnonPages:       1210276 kB
Mapped:           853232 kB
Shmem:             29884 kB
KReclaimable:     800780 kB
Slab:             222296 kB
SReclaimable:      78292 kB
SUnreclaim:       144004 kB
KernelStack:       46032 kB
PageTables:        62416 kB
NFS_Unstable:          0 kB
Bounce:                0 kB
WritebackTmp:          0 kB
CommitLimit:     9202288 kB
Committed_AS:   66035952 kB
VmallocTotal:   263061440 kB
VmallocUsed:      103104 kB
VmallocChunk:          0 kB
Percpu:             7648 kB
CmaTotal:         294912 kB
CmaFree:               0 kB
MemTotal:       12113132 kB
MemFree:         6195304 kB
MemAvailable:    8009624 kB
Buffers:            7632 kB
Cached:          1908904 kB
SwapCached:            0 kB
Active:          1473900 kB
Inactive:        1648552 kB
Active(anon):    1212376 kB
Inactive(anon):    27832 kB
Active(file):     261524 kB
Inactive(file):  1620720 kB
Unevictable:        5532 kB
Mlocked:            5532 kB
SwapTotal:       3145724 kB
SwapFree:        3145724 kB
Dirty:               272 kB
Writeback:             0 kB
AnonPages:       1211184 kB
Mapped:           853164 kB
Shmem:             29812 kB
KReclaimable:     800780 kB
Slab:             222304 kB
SReclaimable:      78292 kB
SUnreclaim:       144012 kB
KernelStack:       46084 kB
PageTables:        62432 kB
NFS_Unstable:          0 kB
Bounce:                0 kB
WritebackTmp:          0 kB
CommitLimit:     9202288 kB
Committed_AS:   66036128 kB
VmallocTotal:   263061440 kB
VmallocUsed:      103072 kB
VmallocChunk:          0 kB
Percpu:             7648 kB
CmaTotal:         294912 kB
CmaFree:               0 kB
MemTotal:       12113132 kB
MemFree:         6194616 kB
MemAvailable:    8008960 kB
Buffers:            7632 kB
Cached:          1908928 kB
SwapCached:            0 kB
Active:          1474088 kB
Inactive:        1648576 kB
Active(anon):    1212564 kB
Inactive(anon):    27832 kB
Active(file):     261524 kB
Inactive(file):  1620744 kB
Unevictable:        5532 kB
Mlocked:            5532 kB
SwapTotal:       3145724 kB
SwapFree:        3145724 kB
Dirty:               276 kB
Writeback:             0 kB
AnonPages:       1211652 kB
Mapped:           853164 kB
Shmem:             29812 kB
KReclaimable:     800780 kB
Slab:             222300 kB
SReclaimable:      78292 kB
SUnreclaim:       144008 kB
KernelStack:       46068 kB
PageTables:        62424 kB
NFS_Unstable:          0 kB
Bounce:                0 kB
WritebackTmp:          0 kB
CommitLimit:     9202288 kB
Committed_AS:   66041968 kB
VmallocTotal:   263061440 kB
VmallocUsed:      103088 kB
VmallocChunk:          0 kB
Percpu:             7648 kB
CmaTotal:         294912 kB
CmaFree:              44 kB
MemTotal:       12113132 kB
MemFree:         6193480 kB
MemAvailable:    8007864 kB
Buffers:            7632 kB
Cached:          1908968 kB
SwapCached:            0 kB
Active:          1473948 kB
Inactive:        1648616 kB
Active(anon):    1212424 kB
Inactive(anon):    27832 kB
Active(file):     261524 kB
Inactive(file):  1620784 kB
Unevictable:        5532 kB
Mlocked:            5532 kB
SwapTotal:       3145724 kB
SwapFree:        3145724 kB
Dirty:               304 kB
Writeback:             0 kB
AnonPages:       1211264 kB
Mapped:           853232 kB
Shmem:             29812 kB
KReclaimable:     800780 kB
Slab:             222316 kB
SReclaimable:      78292 kB
SUnreclaim:       144024 kB
KernelStack:       46084 kB
PageTables:        62484 kB
NFS_Unstable:          0 kB
Bounce:                0 kB
WritebackTmp:          0 kB
CommitLimit:     9202288 kB
Committed_AS:   66035296 kB
VmallocTotal:   263061440 kB
VmallocUsed:      103072 kB
VmallocChunk:          0 kB
Percpu:             7648 kB
CmaTotal:         294912 kB
CmaFree:               0 kB
MemTotal:       12113132 kB
MemFree:         6192672 kB
MemAvailable:    8007048 kB
Buffers:            7632 kB
Cached:          1908960 kB
SwapCached:            0 kB
Active:          1475312 kB
Inactive:        1648608 kB
Active(anon):    1213788 kB
Inactive(anon):    27832 kB
Active(file):     261524 kB
Inactive(file):  1620776 kB
Unevictable:        5532 kB
Mlocked:            5532 kB
SwapTotal:       3145724 kB
SwapFree:        3145724 kB
Dirty:               320 kB
Writeback:             0 kB
AnonPages:       1212532 kB
Mapped:           853164 kB
Shmem:             29812 kB
KReclaimable:     800780 kB
Slab:             222296 kB
SReclaimable:      78292 kB
SUnreclaim:       144004 kB
KernelStack:       46100 kB
PageTables:        62432 kB
NFS_Unstable:          0 kB
Bounce:                0 kB
WritebackTmp:          0 kB
CommitLimit:     9202288 kB
Committed_AS:   66036592 kB
VmallocTotal:   263061440 kB
VmallocUsed:      103072 kB
VmallocChunk:          0 kB
Percpu:             7648 kB
CmaTotal:         294912 kB
CmaFree:              32 kB
MemTotal:       12113132 kB
MemFree:         6192596 kB
MemAvailable:    8006976 kB
Buffers:            7632 kB
Cached:          1908964 kB
SwapCached:            0 kB
Active:          1475288 kB
Inactive:        1648612 kB
Active(anon):    1213764 kB
Inactive(anon):    27832 kB
Active(file):     261524 kB
Inactive(file):  1620780 kB
Unevictable:        5532 kB
Mlocked:            5532 kB
SwapTotal:       3145724 kB
SwapFree:        3145724 kB
Dirty:               360 kB
Writeback:             0 kB
AnonPages:       1212964 kB
Mapped:           853276 kB
Shmem:             29812 kB
KReclaimable:     800780 kB
Slab:             222316 kB
SReclaimable:      78292 kB
SUnreclaim:       144024 kB
KernelStack:       46032 kB
PageTables:        62608 kB
NFS_Unstable:          0 kB
Bounce:                0 kB
WritebackTmp:          0 kB
CommitLimit:     9202288 kB
Committed_AS:   66030968 kB
VmallocTotal:   263061440 kB
VmallocUsed:      103056 kB
VmallocChunk:          0 kB
Percpu:             7648 kB
CmaTotal:         294912 kB
CmaFree:               0 kB
MemTotal:       12113132 kB
MemFree:         6191780 kB
MemAvailable:    8006176 kB
Buffers:            7636 kB
Cached:          1908976 kB
SwapCached:            0 kB
Active:          1476112 kB
Inactive:        1648628 kB
Active(anon):    1214588 kB
Inactive(anon):    27832 kB
Active(file):     261524 kB
Inactive(file):  1620796 kB
Unevictable:        5532 kB
Mlocked:            5532 kB
SwapTotal:       3145724 kB
SwapFree:        3145724 kB
Dirty:               424 kB
Writeback:             0 kB
AnonPages:       1214060 kB
Mapped:           853056 kB
Shmem:             29812 kB
KReclaimable:     800780 kB
Slab:             222344 kB
SReclaimable:      78292 kB
SUnreclaim:       144052 kB
KernelStack:       46080 kB
PageTables:        62648 kB
NFS_Unstable:          0 kB
Bounce:                0 kB
WritebackTmp:          0 kB
CommitLimit:     9202288 kB
Committed_AS:   66025752 kB
VmallocTotal:   263061440 kB
VmallocUsed:      103040 kB
VmallocChunk:          0 kB
Percpu:             7648 kB
CmaTotal:         294912 kB
CmaFree:               0 kB
MemTotal:       12113132 kB
MemFree:         6192552 kB
MemAvailable:    8006972 kB
Buffers:            7636 kB
Cached:          1909012 kB
SwapCached:            0 kB
Active:          1476776 kB
Inactive:        1648648 kB
Active(anon):    1215248 kB
Inactive(anon):    27832 kB
Active(file):     261528 kB
Inactive(file):  1620816 kB
Unevictable:        5532 kB
Mlocked:            5532 kB
SwapTotal:       3145724 kB
SwapFree:        3145724 kB
Dirty:               496 kB
Writeback:             0 kB
AnonPages:       1214452 kB
Mapped:           853276 kB
Shmem:             29812 kB
KReclaimable:     800780 kB
Slab:             222324 kB
SReclaimable:      78292 kB
SUnreclaim:       144032 kB
KernelStack:       46032 kB
PageTables:        62496 kB
NFS_Unstable:          0 kB
Bounce:                0 kB
WritebackTmp:          0 kB
CommitLimit:     9202288 kB
Committed_AS:   66031024 kB
VmallocTotal:   263061440 kB
VmallocUsed:      103024 kB
VmallocChunk:          0 kB
Percpu:             7648 kB
CmaTotal:         294912 kB
CmaFree:               0 kB
MemTotal:       12113132 kB
MemFree:         6199104 kB
MemAvailable:    8013544 kB
Buffers:            7636 kB
Cached:          1909020 kB
SwapCached:            0 kB
Active:          1468716 kB
Inactive:        1648668 kB
Active(anon):    1207188 kB
Inactive(anon):    27832 kB
Active(file):     261528 kB
Inactive(file):  1620836 kB
Unevictable:        5532 kB
Mlocked:            5532 kB
SwapTotal:       3145724 kB
SwapFree:        3145724 kB
Dirty:               520 kB
Writeback:             0 kB
AnonPages:       1206396 kB
Mapped:           853164 kB
Shmem:             29812 kB
KReclaimable:     800780 kB
Slab:             222340 kB
SReclaimable:      78292 kB
SUnreclaim:       144048 kB
KernelStack:       46064 kB
PageTables:        62648 kB
NFS_Unstable:          0 kB
Bounce:                0 kB
WritebackTmp:          0 kB
CommitLimit:     9202288 kB
Committed_AS:   66031224 kB
VmallocTotal:   263061440 kB
VmallocUsed:      103056 kB
VmallocChunk:          0 kB
Percpu:             7648 kB
CmaTotal:         294912 kB
CmaFree:               0 kB
MemTotal:       12113132 kB
MemFree:         6198756 kB
MemAvailable:    8013200 kB
Buffers:            7636 kB
Cached:          1909024 kB
SwapCached:            0 kB
Active:          1469416 kB
Inactive:        1648672 kB
Active(anon):    1207888 kB
Inactive(anon):    27832 kB
Active(file):     261528 kB
Inactive(file):  1620840 kB
Unevictable:        5532 kB
Mlocked:            5532 kB
SwapTotal:       3145724 kB
SwapFree:        3145724 kB
Dirty:               524 kB
Writeback:             0 kB
AnonPages:       1207184 kB
Mapped:           853228 kB
Shmem:             29812 kB
KReclaimable:     800780 kB
Slab:             222292 kB
SReclaimable:      78292 kB
SUnreclaim:       144000 kB
KernelStack:       46100 kB
PageTables:        62528 kB
NFS_Unstable:          0 kB
Bounce:                0 kB
WritebackTmp:          0 kB
CommitLimit:     9202288 kB
Committed_AS:   66028884 kB
VmallocTotal:   263061440 kB
VmallocUsed:      103056 kB
VmallocChunk:          0 kB
Percpu:             7648 kB
CmaTotal:         294912 kB
CmaFree:               0 kB
MemTotal:       12113132 kB
MemFree:         6198776 kB
MemAvailable:    8013244 kB
Buffers:            7636 kB
Cached:          1909048 kB
SwapCached:            0 kB
Active:          1470256 kB
Inactive:        1648696 kB
Active(anon):    1208728 kB
Inactive(anon):    27832 kB
Active(file):     261528 kB
Inactive(file):  1620864 kB
Unevictable:        5532 kB
Mlocked:            5532 kB
SwapTotal:       3145724 kB
SwapFree:        3145724 kB
Dirty:               584 kB
Writeback:             0 kB
AnonPages:       1207912 kB
Mapped:           853052 kB
Shmem:             29812 kB
KReclaimable:     800780 kB
Slab:             222312 kB
SReclaimable:      78292 kB
SUnreclaim:       144020 kB
KernelStack:       46080 kB
PageTables:        62476 kB
NFS_Unstable:          0 kB
Bounce:                0 kB
WritebackTmp:          0 kB
CommitLimit:     9202288 kB
Committed_AS:   66031324 kB
VmallocTotal:   263061440 kB
VmallocUsed:      103072 kB
VmallocChunk:          0 kB
Percpu:             7648 kB
CmaTotal:         294912 kB
CmaFree:              16 kB
MemTotal:       12113132 kB
MemFree:         6198500 kB
MemAvailable:    8012988 kB
Buffers:            7636 kB
Cached:          1909068 kB
SwapCached:            0 kB
Active:          1470860 kB
Inactive:        1648716 kB
Active(anon):    1209332 kB
Inactive(anon):    27832 kB
Active(file):     261528 kB
Inactive(file):  1620884 kB
Unevictable:        5532 kB
Mlocked:            5532 kB
SwapTotal:       3145724 kB
SwapFree:        3145724 kB
Dirty:               616 kB
Writeback:             0 kB
AnonPages:       1208016 kB
Mapped:           853040 kB
Shmem:             29812 kB
KReclaimable:     800780 kB
Slab:             222304 kB
SReclaimable:      78292 kB
SUnreclaim:       144012 kB
KernelStack:       46032 kB
PageTables:        62544 kB
NFS_Unstable:          0 kB
Bounce:                0 kB
WritebackTmp:          0 kB
CommitLimit:     9202288 kB
Committed_AS:   66026444 kB
VmallocTotal:   263061440 kB
VmallocUsed:      103056 kB
VmallocChunk:          0 kB
Percpu:             7648 kB
CmaTotal:         294912 kB
CmaFree:               0 kB
MemTotal:       12113132 kB
MemFree:         6196848 kB
MemAvailable:    8011352 kB
Buffers:            7636 kB
Cached:          1909084 kB
SwapCached:            0 kB
Active:          1471672 kB
Inactive:        1648732 kB
Active(anon):    1210144 kB
Inactive(anon):    27832 kB
Active(file):     261528 kB
Inactive(file):  1620900 kB
Unevictable:        5532 kB
Mlocked:            5532 kB
SwapTotal:       3145724 kB
SwapFree:        3145724 kB
Dirty:               656 kB
Writeback:             0 kB
AnonPages:       1209280 kB
Mapped:           853164 kB
Shmem:             29812 kB
KReclaimable:     800780 kB
Slab:             222316 kB
SReclaimable:      78292 kB
SUnreclaim:       144024 kB
KernelStack:       46100 kB
PageTables:        62528 kB
NFS_Unstable:          0 kB
Bounce:                0 kB
WritebackTmp:          0 kB
CommitLimit:     9202288 kB
Committed_AS:   66025460 kB
VmallocTotal:   263061440 kB
VmallocUsed:      103056 kB
VmallocChunk:          0 kB
Percpu:             7648 kB
CmaTotal:         294912 kB
CmaFree:              28 kB
MemTotal:       12113132 kB
MemFree:         6212776 kB
MemAvailable:    8027300 kB
Buffers:            7636 kB
Cached:          1909104 kB
SwapCached:            0 kB
Active:          1454592 kB
Inactive:        1648752 kB
Active(anon):    1193064 kB
Inactive(anon):    27832 kB
Active(file):     261528 kB
Inactive(file):  1620920 kB
Unevictable:        5532 kB
Mlocked:            5532 kB
SwapTotal:       3145724 kB
SwapFree:        3145724 kB
Dirty:               676 kB
Writeback:             0 kB
AnonPages:       1192196 kB
Mapped:           853164 kB
Shmem:             29812 kB
KReclaimable:     800780 kB
Slab:             222372 kB
SReclaimable:      78292 kB
SUnreclaim:       144080 kB
KernelStack:       46084 kB
PageTables:        62428 kB
NFS_Unstable:          0 kB
Bounce:                0 kB
WritebackTmp:          0 kB
CommitLimit:     9202288 kB
Committed_AS:   66025996 kB
VmallocTotal:   263061440 kB
VmallocUsed:      103056 kB
VmallocChunk:          0 kB
Percpu:             7648 kB
CmaTotal:         294912 kB
CmaFree:              28 kB
MemTotal:       12113132 kB
MemFree:         6211844 kB
MemAvailable:    8026384 kB
Buffers:            7636 kB
Cached:          1909120 kB
SwapCached:            0 kB
Active:          1455616 kB
Inactive:        1648768 kB
Active(anon):    1194088 kB
Inactive(anon):    27832 kB
Active(file):     261528 kB
Inactive(file):  1620936 kB
Unevictable:        5532 kB
Mlocked:            5532 kB
SwapTotal:       3145724 kB
SwapFree:        3145724 kB
Dirty:               700 kB
Writeback:             0 kB
AnonPages:       1192888 kB
Mapped:           853024 kB
Shmem:             29812 kB
KReclaimable:     800780 kB
Slab:             222324 kB
SReclaimable:      78292 kB
SUnreclaim:       144032 kB
KernelStack:       46096 kB
PageTables:        62680 kB
NFS_Unstable:          0 kB
Bounce:                0 kB
WritebackTmp:          0 kB
CommitLimit:     9202288 kB
Committed_AS:   66025932 kB
VmallocTotal:   263061440 kB
VmallocUsed:      103024 kB
VmallocChunk:          0 kB
Percpu:             7648 kB
CmaTotal:         294912 kB
CmaFree:               0 kB
MemTotal:       12113132 kB
MemFree:         6210380 kB
MemAvailable:    8024936 kB
Buffers:            7636 kB
Cached:          1909136 kB
SwapCached:            0 kB
Active:          1456064 kB
Inactive:        1648784 kB
Active(anon):    1194536 kB
Inactive(anon):    27832 kB
Active(file):     261528 kB
Inactive(file):  1620952 kB
Unevictable:        5532 kB
Mlocked:            5532 kB
SwapTotal:       3145724 kB
SwapFree:        3145724 kB
Dirty:               728 kB
Writeback:             0 kB
AnonPages:       1193488 kB
Mapped:           853200 kB
Shmem:             29812 kB
KReclaimable:     800780 kB
Slab:             222288 kB
SReclaimable:      78292 kB
SUnreclaim:       143996 kB
KernelStack:       46084 kB
PageTables:        62488 kB
NFS_Unstable:          0 kB
Bounce:                0 kB
WritebackTmp:          0 kB
CommitLimit:     9202288 kB
Committed_AS:   66036060 kB
VmallocTotal:   263061440 kB
VmallocUsed:      103056 kB
VmallocChunk:          0 kB
Percpu:             7648 kB
CmaTotal:         294912 kB
CmaFree:               0 kB
MemTotal:       12113132 kB
MemFree:         6210140 kB
MemAvailable:    8024720 kB
Buffers:            7636 kB
Cached:          1909156 kB
SwapCached:            0 kB
Active:          1457092 kB
Inactive:        1648808 kB
Active(anon):    1195564 kB
Inactive(anon):    27832 kB
Active(file):     261528 kB
Inactive(file):  1620976 kB
Unevictable:        5532 kB
Mlocked:            5532 kB
SwapTotal:       3145724 kB
SwapFree:        3145724 kB
Dirty:               772 kB
Writeback:             0 kB
AnonPages:       1194372 kB
Mapped:           853108 kB
Shmem:             29812 kB
KReclaimable:     800780 kB
Slab:             222328 kB
SReclaimable:      78292 kB
SUnreclaim:       144036 kB
KernelStack:       46048 kB
PageTables:        62608 kB
NFS_Unstable:          0 kB
Bounce:                0 kB
WritebackTmp:          0 kB
CommitLimit:     9202288 kB
Committed_AS:   66036000 kB
VmallocTotal:   263061440 kB
VmallocUsed:      103088 kB
VmallocChunk:          0 kB
Percpu:             7648 kB
CmaTotal:         294912 kB
CmaFree:               0 kB
MemTotal:       12113132 kB
MemFree:         6209648 kB
MemAvailable:    8024236 kB
Buffers:            7636 kB
Cached:          1909168 kB
SwapCached:            0 kB
Active:          1457344 kB
Inactive:        1648816 kB
Active(anon):    1195816 kB
Inactive(anon):    27832 kB
Active(file):     261528 kB
Inactive(file):  1620984 kB
Unevictable:        5532 kB
Mlocked:            5532 kB
SwapTotal:       3145724 kB
SwapFree:        3145724 kB
Dirty:               804 kB
Writeback:             0 kB
AnonPages:       1194912 kB
Mapped:           853164 kB
Shmem:             29812 kB
KReclaimable:     800780 kB
Slab:             222316 kB
SReclaimable:      78292 kB
SUnreclaim:       144024 kB
KernelStack:       46084 kB
PageTables:        62424 kB
NFS_Unstable:          0 kB
Bounce:                0 kB
WritebackTmp:          0 kB
CommitLimit:     9202288 kB
Committed_AS:   66030732 kB
VmallocTotal:   263061440 kB
VmallocUsed:      103072 kB
VmallocChunk:          0 kB
Percpu:             7648 kB
CmaTotal:         294912 kB
CmaFree:               0 kB
MemTotal:       12113132 kB
MemFree:         6209296 kB
MemAvailable:    8023896 kB
Buffers:            7636 kB
Cached:          1909180 kB
SwapCached:            0 kB
Active:          1458328 kB
Inactive:        1648828 kB
Active(anon):    1196800 kB
Inactive(anon):    27832 kB
Active(file):     261528 kB
Inactive(file):  1620996 kB
Unevictable:        5532 kB
Mlocked:            5532 kB
SwapTotal:       3145724 kB
SwapFree:        3145724 kB
Dirty:               816 kB
Writeback:             0 kB
AnonPages:       1195756 kB
Mapped:           853040 kB
Shmem:             29812 kB
KReclaimable:     800780 kB
Slab:             222344 kB
SReclaimable:      78292 kB
SUnreclaim:       144052 kB
KernelStack:       46096 kB
PageTables:        62660 kB
NFS_Unstable:          0 kB
Bounce:                0 kB
WritebackTmp:          0 kB
CommitLimit:     9202288 kB
Committed_AS:   66026364 kB
VmallocTotal:   263061440 kB
VmallocUsed:      103104 kB
VmallocChunk:          0 kB
Percpu:             7648 kB
CmaTotal:         294912 kB
CmaFree:               0 kB
MemTotal:       12113132 kB
MemFree:         6208280 kB
MemAvailable:    8022904 kB
Buffers:            7636 kB
Cached:          1909204 kB
SwapCached:            0 kB
Active:          1458936 kB
Inactive:        1648852 kB
Active(anon):    1197408 kB
Inactive(anon):    27832 kB
Active(file):     261528 kB
Inactive(file):  1621020 kB
Unevictable:        5532 kB
Mlocked:            5532 kB
SwapTotal:       3145724 kB
SwapFree:        3145724 kB
Dirty:               848 kB
Writeback:             0 kB
AnonPages:       1195960 kB
Mapped:           853236 kB
Shmem:             29812 kB
KReclaimable:     800780 kB
Slab:             222320 kB
SReclaimable:      78292 kB
SUnreclaim:       144028 kB
KernelStack:       46048 kB
PageTables:        62488 kB
NFS_Unstable:          0 kB
Bounce:                0 kB
WritebackTmp:          0 kB
CommitLimit:     9202288 kB
Committed_AS:   66036088 kB
VmallocTotal:   263061440 kB
VmallocUsed:      103088 kB
VmallocChunk:          0 kB
Percpu:             7648 kB
CmaTotal:         294912 kB
CmaFree:               0 kB
MemTotal:       12113132 kB
MemFree:         6207540 kB
MemAvailable:    8022172 kB
Buffers:            7636 kB
Cached:          1909212 kB
SwapCached:            0 kB
Active:          1459356 kB
Inactive:        1648860 kB
Active(anon):    1197828 kB
Inactive(anon):    27832 kB
Active(file):     261528 kB
Inactive(file):  1621028 kB
Unevictable:        5532 kB
Mlocked:            5532 kB
SwapTotal:       3145724 kB
SwapFree:        3145724 kB
Dirty:               868 kB
Writeback:             0 kB
AnonPages:       1197068 kB
Mapped:           853040 kB
Shmem:             29812 kB
KReclaimable:     800780 kB
Slab:             222364 kB
SReclaimable:      78292 kB
SUnreclaim:       144072 kB
KernelStack:       46096 kB
PageTables:        62644 kB
NFS_Unstable:          0 kB
Bounce:                0 kB
WritebackTmp:          0 kB
CommitLimit:     9202288 kB
Committed_AS:   66035656 kB
VmallocTotal:   263061440 kB
VmallocUsed:      103088 kB
VmallocChunk:          0 kB
Percpu:             7648 kB
CmaTotal:         294912 kB
CmaFree:               0 kB
MemTotal:       12113132 kB
MemFree:         6207932 kB
MemAvailable:    8022580 kB
Buffers:            7636 kB
Cached:          1909228 kB
SwapCached:            0 kB
Active:          1459428 kB
Inactive:        1648876 kB
Active(anon):    1197900 kB
Inactive(anon):    27832 kB
Active(file):     261528 kB
Inactive(file):  1621044 kB
Unevictable:        5532 kB
Mlocked:            5532 kB
SwapTotal:       3145724 kB
SwapFree:        3145724 kB
Dirty:               888 kB
Writeback:             0 kB
AnonPages:       1196904 kB
Mapped:           853232 kB
Shmem:             29812 kB
KReclaimable:     800780 kB
Slab:             222300 kB
SReclaimable:      78292 kB
SUnreclaim:       144008 kB
KernelStack:       46116 kB
PageTables:        62488 kB
NFS_Unstable:          0 kB
Bounce:                0 kB
WritebackTmp:          0 kB
CommitLimit:     9202288 kB
Committed_AS:   66036864 kB
VmallocTotal:   263061440 kB
VmallocUsed:      103088 kB
VmallocChunk:          0 kB
Percpu:             7648 kB
CmaTotal:         294912 kB
CmaFree:               0 kB
MemTotal:       12113132 kB
MemFree:         6208316 kB
MemAvailable:    8022988 kB
Buffers:            7640 kB
Cached:          1909248 kB
SwapCached:            0 kB
Active:          1460080 kB
Inactive:        1648896 kB
Active(anon):    1198548 kB
Inactive(anon):    27832 kB
Active(file):     261532 kB
Inactive(file):  1621064 kB
Unevictable:        5532 kB
Mlocked:            5532 kB
SwapTotal:       3145724 kB
SwapFree:        3145724 kB
Dirty:               252 kB
Writeback:             0 kB
AnonPages:       1197728 kB
Mapped:           853164 kB
Shmem:             29812 kB
KReclaimable:     800780 kB
Slab:             222332 kB
SReclaimable:      78292 kB
SUnreclaim:       144040 kB
KernelStack:       46116 kB
PageTables:        62572 kB
NFS_Unstable:          0 kB
Bounce:                0 kB
WritebackTmp:          0 kB
CommitLimit:     9202288 kB
Committed_AS:   66031244 kB
VmallocTotal:   263061440 kB
VmallocUsed:      103088 kB
VmallocChunk:          0 kB
Percpu:             7648 kB
CmaTotal:         294912 kB
CmaFree:               0 kB
MemTotal:       12113132 kB
MemFree:         6207768 kB
MemAvailable:    8022456 kB
Buffers:            7640 kB
Cached:          1909264 kB
SwapCached:            0 kB
Active:          1459676 kB
Inactive:        1648912 kB
Active(anon):    1198144 kB
Inactive(anon):    27832 kB
Active(file):     261532 kB
Inactive(file):  1621080 kB
Unevictable:        5532 kB
Mlocked:            5532 kB
SwapTotal:       3145724 kB
SwapFree:        3145724 kB
Dirty:               296 kB
Writeback:             0 kB
AnonPages:       1197248 kB
Mapped:           853164 kB
Shmem:             29812 kB
KReclaimable:     800780 kB
Slab:             222304 kB
SReclaimable:      78292 kB
SUnreclaim:       144012 kB
KernelStack:       46084 kB
PageTables:        62440 kB
NFS_Unstable:          0 kB
Bounce:                0 kB
WritebackTmp:          0 kB
CommitLimit:     9202288 kB
Committed_AS:   66036076 kB
VmallocTotal:   263061440 kB
VmallocUsed:      103088 kB
VmallocChunk:          0 kB
Percpu:             7648 kB
CmaTotal:         294912 kB
CmaFree:               0 kB
MemTotal:       12113132 kB
MemFree:         6208884 kB
MemAvailable:    8023588 kB
Buffers:            7640 kB
Cached:          1909280 kB
SwapCached:            0 kB
Active:          1457116 kB
Inactive:        1648928 kB
Active(anon):    1195584 kB
Inactive(anon):    27832 kB
Active(file):     261532 kB
Inactive(file):  1621096 kB
Unevictable:        5532 kB
Mlocked:            5532 kB
SwapTotal:       3145724 kB
SwapFree:        3145724 kB
Dirty:               312 kB
Writeback:             0 kB
AnonPages:       1194500 kB
Mapped:           853164 kB
Shmem:             29812 kB
KReclaimable:     800780 kB
Slab:             222348 kB
SReclaimable:      78292 kB
SUnreclaim:       144056 kB
KernelStack:       46084 kB
PageTables:        62432 kB
NFS_Unstable:          0 kB
Bounce:                0 kB
WritebackTmp:          0 kB
CommitLimit:     9202288 kB
Committed_AS:   66034708 kB
VmallocTotal:   263061440 kB
VmallocUsed:      103072 kB
VmallocChunk:          0 kB
Percpu:             7648 kB
CmaTotal:         294912 kB
CmaFree:               0 kB
MemTotal:       12113132 kB
MemFree:         6208292 kB
MemAvailable:    8023012 kB
Buffers:            7640 kB
Cached:          1909296 kB
SwapCached:            0 kB
Active:          1457420 kB
Inactive:        1648944 kB
Active(anon):    1195888 kB
Inactive(anon):    27832 kB
Active(file):     261532 kB
Inactive(file):  1621112 kB
Unevictable:        5532 kB
Mlocked:            5532 kB
SwapTotal:       3145724 kB
SwapFree:        3145724 kB
Dirty:               332 kB
Writeback:             0 kB
AnonPages:       1195200 kB
Mapped:           853040 kB
Shmem:             29812 kB
KReclaimable:     800780 kB
Slab:             222344 kB
SReclaimable:      78292 kB
SUnreclaim:       144052 kB
KernelStack:       46048 kB
PageTables:        62536 kB
NFS_Unstable:          0 kB
Bounce:                0 kB
WritebackTmp:          0 kB
CommitLimit:     9202288 kB
Committed_AS:   66035904 kB
VmallocTotal:   263061440 kB
VmallocUsed:      103088 kB
VmallocChunk:          0 kB
Percpu:             7648 kB
CmaTotal:         294912 kB
CmaFree:             148 kB
MemTotal:       12113132 kB
MemFree:         6210276 kB
MemAvailable:    8025016 kB
Buffers:            7640 kB
Cached:          1909316 kB
SwapCached:            0 kB
Active:          1456268 kB
Inactive:        1648964 kB
Active(anon):    1194736 kB
Inactive(anon):    27832 kB
Active(file):     261532 kB
Inactive(file):  1621132 kB
Unevictable:        5532 kB
Mlocked:            5532 kB
SwapTotal:       3145724 kB
SwapFree:        3145724 kB
Dirty:               364 kB
Writeback:             0 kB
AnonPages:       1193856 kB
Mapped:           853164 kB
Shmem:             29812 kB
KReclaimable:     800780 kB
Slab:             222364 kB
SReclaimable:      78292 kB
SUnreclaim:       144072 kB
KernelStack:       46084 kB
PageTables:        62448 kB
NFS_Unstable:          0 kB
Bounce:                0 kB
WritebackTmp:          0 kB
CommitLimit:     9202288 kB
Committed_AS:   66035516 kB
VmallocTotal:   263061440 kB
VmallocUsed:      103056 kB
VmallocChunk:          0 kB
Percpu:             7648 kB
CmaTotal:         294912 kB
CmaFree:             320 kB
MemTotal:       12113132 kB
MemFree:         6209076 kB
MemAvailable:    8023828 kB
Buffers:            7640 kB
Cached:          1909328 kB
SwapCached:            0 kB
Active:          1456592 kB
Inactive:        1648976 kB
Active(anon):    1195060 kB
Inactive(anon):    27832 kB
Active(file):     261532 kB
Inactive(file):  1621144 kB
Unevictable:        5532 kB
Mlocked:            5532 kB
SwapTotal:       3145724 kB
SwapFree:        3145724 kB
Dirty:               384 kB
Writeback:             0 kB
AnonPages:       1194156 kB
Mapped:           853236 kB
Shmem:             29812 kB
KReclaimable:     800780 kB
Slab:             222308 kB
SReclaimable:      78292 kB
SUnreclaim:       144016 kB
KernelStack:       46052 kB
PageTables:        62836 kB
NFS_Unstable:          0 kB
Bounce:                0 kB
WritebackTmp:          0 kB
CommitLimit:     9202288 kB
Committed_AS:   66036344 kB
VmallocTotal:   263061440 kB
VmallocUsed:      103040 kB
VmallocChunk:          0 kB
Percpu:             7648 kB
CmaTotal:         294912 kB
CmaFree:             100 kB
MemTotal:       12113132 kB
MemFree:         6209248 kB
MemAvailable:    8024016 kB
Buffers:            7640 kB
Cached:          1909348 kB
SwapCached:            0 kB
Active:          1457500 kB
Inactive:        1648996 kB
Active(anon):    1195968 kB
Inactive(anon):    27836 kB
Active(file):     261532 kB
Inactive(file):  1621160 kB
Unevictable:        5532 kB
Mlocked:            5532 kB
SwapTotal:       3145724 kB
SwapFree:        3145724 kB
Dirty:               404 kB
Writeback:             0 kB
AnonPages:       1195176 kB
Mapped:           853204 kB
Shmem:             29816 kB
KReclaimable:     800780 kB
Slab:             222352 kB
SReclaimable:      78292 kB
SUnreclaim:       144060 kB
KernelStack:       46084 kB
PageTables:        62452 kB
NFS_Unstable:          0 kB
Bounce:                0 kB
WritebackTmp:          0 kB
CommitLimit:     9202288 kB
Committed_AS:   66025920 kB
VmallocTotal:   263061440 kB
VmallocUsed:      103056 kB
VmallocChunk:          0 kB
Percpu:             7648 kB
CmaTotal:         294912 kB
CmaFree:              16 kB
MemTotal:       12113132 kB
MemFree:         6208668 kB
MemAvailable:    8023456 kB
Buffers:            7640 kB
Cached:          1909368 kB
SwapCached:            0 kB
Active:          1458112 kB
Inactive:        1649016 kB
Active(anon):    1196580 kB
Inactive(anon):    27836 kB
Active(file):     261532 kB
Inactive(file):  1621180 kB
Unevictable:        5532 kB
Mlocked:            5532 kB
SwapTotal:       3145724 kB
SwapFree:        3145724 kB
Dirty:               436 kB
Writeback:             0 kB
AnonPages:       1195412 kB
Mapped:           853172 kB
Shmem:             29816 kB
KReclaimable:     800780 kB
Slab:             222328 kB
SReclaimable:      78292 kB
SUnreclaim:       144036 kB
KernelStack:       46052 kB
PageTables:        62416 kB
NFS_Unstable:          0 kB
Bounce:                0 kB
WritebackTmp:          0 kB
CommitLimit:     9202288 kB
Committed_AS:   66036288 kB
VmallocTotal:   263061440 kB
VmallocUsed:      103056 kB
VmallocChunk:          0 kB
Percpu:             7648 kB
CmaTotal:         294912 kB
CmaFree:              12 kB
MemTotal:       12113132 kB
MemFree:         6196344 kB
MemAvailable:    8011144 kB
Buffers:            7640 kB
Cached:          1909540 kB
SwapCached:            0 kB
Active:          1471324 kB
Inactive:        1649276 kB
Active(anon):    1209792 kB
Inactive(anon):    28084 kB
Active(file):     261532 kB
Inactive(file):  1621192 kB
Unevictable:        5532 kB
Mlocked:            5532 kB
SwapTotal:       3145724 kB
SwapFree:        3145724 kB
Dirty:               452 kB
Writeback:             0 kB
AnonPages:       1209076 kB
Mapped:           853348 kB
Shmem:             29976 kB
KReclaimable:     800780 kB
Slab:             222348 kB
SReclaimable:      78292 kB
SUnreclaim:       144056 kB
KernelStack:       46048 kB
PageTables:        62772 kB
NFS_Unstable:          0 kB
Bounce:                0 kB
WritebackTmp:          0 kB
CommitLimit:     9202288 kB
Committed_AS:   66031328 kB
VmallocTotal:   263061440 kB
VmallocUsed:      102992 kB
VmallocChunk:          0 kB
Percpu:             7648 kB
CmaTotal:         294912 kB
CmaFree:              92 kB
MemTotal:       12113132 kB
MemFree:         6195168 kB
MemAvailable:    8009980 kB
Buffers:            7640 kB
Cached:          1909396 kB
SwapCached:            0 kB
Active:          1473200 kB
Inactive:        1649044 kB
Active(anon):    1211668 kB
Inactive(anon):    27836 kB
Active(file):     261532 kB
Inactive(file):  1621208 kB
Unevictable:        5532 kB
Mlocked:            5532 kB
SwapTotal:       3145724 kB
SwapFree:        3145724 kB
Dirty:               464 kB
Writeback:             0 kB
AnonPages:       1210280 kB
Mapped:           853168 kB
Shmem:             29816 kB
KReclaimable:     800776 kB
Slab:             222368 kB
SReclaimable:      78288 kB
SUnreclaim:       144080 kB
KernelStack:       46052 kB
PageTables:        62424 kB
NFS_Unstable:          0 kB
Bounce:                0 kB
WritebackTmp:          0 kB
CommitLimit:     9202288 kB
Committed_AS:   66031324 kB
VmallocTotal:   263061440 kB
VmallocUsed:      102992 kB
VmallocChunk:          0 kB
Percpu:             7648 kB
CmaTotal:         294912 kB
CmaFree:               0 kB
MemTotal:       12113132 kB
MemFree:         6187288 kB
MemAvailable:    8002132 kB
Buffers:            7640 kB
Cached:          1909432 kB
SwapCached:            0 kB
Active:          1482220 kB
Inactive:        1649076 kB
Active(anon):    1220684 kB
Inactive(anon):    27840 kB
Active(file):     261536 kB
Inactive(file):  1621236 kB
Unevictable:        5532 kB
Mlocked:            5532 kB
SwapTotal:       3145724 kB
SwapFree:        3145724 kB
Dirty:               536 kB
Writeback:             0 kB
AnonPages:       1220144 kB
Mapped:           852532 kB
Shmem:             29820 kB
KReclaimable:     800776 kB
Slab:             222360 kB
SReclaimable:      78288 kB
SUnreclaim:       144072 kB
KernelStack:       46016 kB
PageTables:        62476 kB
NFS_Unstable:          0 kB
Bounce:                0 kB
WritebackTmp:          0 kB
CommitLimit:     9202288 kB
Committed_AS:   66035420 kB
VmallocTotal:   263061440 kB
VmallocUsed:      103024 kB
VmallocChunk:          0 kB
Percpu:             7648 kB
CmaTotal:         294912 kB
CmaFree:               0 kB
MemTotal:       12113132 kB
MemFree:         6183816 kB
MemAvailable:    7998664 kB
Buffers:            7640 kB
Cached:          1909436 kB
SwapCached:            0 kB
Active:          1482540 kB
Inactive:        1649084 kB
Active(anon):    1221008 kB
Inactive(anon):    27840 kB
Active(file):     261532 kB
Inactive(file):  1621244 kB
Unevictable:        5532 kB
Mlocked:            5532 kB
SwapTotal:       3145724 kB
SwapFree:        3145724 kB
Dirty:               548 kB
Writeback:             0 kB
AnonPages:       1219984 kB
Mapped:           852564 kB
Shmem:             29820 kB
KReclaimable:     800776 kB
Slab:             222364 kB
SReclaimable:      78288 kB
SUnreclaim:       144076 kB
KernelStack:       46036 kB
PageTables:        62440 kB
NFS_Unstable:          0 kB
Bounce:                0 kB
WritebackTmp:          0 kB
CommitLimit:     9202288 kB
Committed_AS:   66035512 kB
VmallocTotal:   263061440 kB
VmallocUsed:      103056 kB
VmallocChunk:          0 kB
Percpu:             7648 kB
CmaTotal:         294912 kB
CmaFree:               0 kB
MemTotal:       12113132 kB
MemFree:         6184696 kB
MemAvailable:    7999560 kB
Buffers:            7640 kB
Cached:          1909456 kB
SwapCached:            0 kB
Active:          1482908 kB
Inactive:        1649104 kB
Active(anon):    1221376 kB
Inactive(anon):    27844 kB
Active(file):     261532 kB
Inactive(file):  1621260 kB
Unevictable:        5532 kB
Mlocked:            5532 kB
SwapTotal:       3145724 kB
SwapFree:        3145724 kB
Dirty:               568 kB
Writeback:             0 kB
AnonPages:       1220592 kB
Mapped:           852516 kB
Shmem:             29824 kB
KReclaimable:     800776 kB
Slab:             222364 kB
SReclaimable:      78288 kB
SUnreclaim:       144076 kB
KernelStack:       46048 kB
PageTables:        62524 kB
NFS_Unstable:          0 kB
Bounce:                0 kB
WritebackTmp:          0 kB
CommitLimit:     9202288 kB
Committed_AS:   66035428 kB
VmallocTotal:   263061440 kB
VmallocUsed:      103040 kB
VmallocChunk:          0 kB
Percpu:             7648 kB
CmaTotal:         294912 kB
CmaFree:               0 kB
MemTotal:       12113132 kB
MemFree:         6184016 kB
MemAvailable:    7998892 kB
Buffers:            7640 kB
Cached:          1909468 kB
SwapCached:            0 kB
Active:          1483776 kB
Inactive:        1649116 kB
Active(anon):    1222244 kB
Inactive(anon):    27844 kB
Active(file):     261532 kB
Inactive(file):  1621272 kB
Unevictable:        5532 kB
Mlocked:            5532 kB
SwapTotal:       3145724 kB
SwapFree:        3145724 kB
Dirty:               592 kB
Writeback:             0 kB
AnonPages:       1221384 kB
Mapped:           852640 kB
Shmem:             29824 kB
KReclaimable:     800776 kB
Slab:             222364 kB
SReclaimable:      78288 kB
SUnreclaim:       144076 kB
KernelStack:       46000 kB
PageTables:        62544 kB
NFS_Unstable:          0 kB
Bounce:                0 kB
WritebackTmp:          0 kB
CommitLimit:     9202288 kB
Committed_AS:   66030588 kB
VmallocTotal:   263061440 kB
VmallocUsed:      103040 kB
VmallocChunk:          0 kB
Percpu:             7648 kB
CmaTotal:         294912 kB
CmaFree:               0 kB
MemTotal:       12113132 kB
MemFree:         6183588 kB
MemAvailable:    7998488 kB
Buffers:            7640 kB
Cached:          1909492 kB
SwapCached:            0 kB
Active:          1484216 kB
Inactive:        1649136 kB
Active(anon):    1222680 kB
Inactive(anon):    27844 kB
Active(file):     261536 kB
Inactive(file):  1621292 kB
Unevictable:        5532 kB
Mlocked:            5532 kB
SwapTotal:       3145724 kB
SwapFree:        3145724 kB
Dirty:               628 kB
Writeback:             0 kB
AnonPages:       1221748 kB
Mapped:           852376 kB
Shmem:             29824 kB
KReclaimable:     800776 kB
Slab:             222364 kB
SReclaimable:      78288 kB
SUnreclaim:       144076 kB
KernelStack:       46052 kB
PageTables:        62392 kB
NFS_Unstable:          0 kB
Bounce:                0 kB
WritebackTmp:          0 kB
CommitLimit:     9202288 kB
Committed_AS:   66031064 kB
VmallocTotal:   263061440 kB
VmallocUsed:      103072 kB
VmallocChunk:          0 kB
Percpu:             7648 kB
CmaTotal:         294912 kB
CmaFree:               0 kB
MemTotal:       12113132 kB
MemFree:         6182228 kB
MemAvailable:    7997132 kB
Buffers:            7648 kB
Cached:          1909488 kB
SwapCached:            0 kB
Active:          1485316 kB
Inactive:        1649144 kB
Active(anon):    1223784 kB
Inactive(anon):    27844 kB
Active(file):     261532 kB
Inactive(file):  1621300 kB
Unevictable:        5532 kB
Mlocked:            5532 kB
SwapTotal:       3145724 kB
SwapFree:        3145724 kB
Dirty:               632 kB
Writeback:             0 kB
AnonPages:       1222332 kB
Mapped:           852708 kB
Shmem:             29824 kB
KReclaimable:     800776 kB
Slab:             222356 kB
SReclaimable:      78288 kB
SUnreclaim:       144068 kB
KernelStack:       46032 kB
PageTables:        62544 kB
NFS_Unstable:          0 kB
Bounce:                0 kB
WritebackTmp:          0 kB
CommitLimit:     9202288 kB
Committed_AS:   66034964 kB
VmallocTotal:   263061440 kB
VmallocUsed:      103024 kB
VmallocChunk:          0 kB
Percpu:             7648 kB
CmaTotal:         294912 kB
CmaFree:               0 kB
MemTotal:       12113132 kB
MemFree:         6181332 kB
MemAvailable:    7996268 kB
Buffers:            7648 kB
Cached:          1909520 kB
SwapCached:            0 kB
Active:          1485732 kB
Inactive:        1649168 kB
Active(anon):    1224192 kB
Inactive(anon):    27844 kB
Active(file):     261540 kB
Inactive(file):  1621324 kB
Unevictable:        5532 kB
Mlocked:            5532 kB
SwapTotal:       3145724 kB
SwapFree:        3145724 kB
Dirty:               640 kB
Writeback:             0 kB
AnonPages:       1223212 kB
Mapped:           852552 kB
Shmem:             29824 kB
KReclaimable:     800776 kB
Slab:             222376 kB
SReclaimable:      78288 kB
SUnreclaim:       144088 kB
KernelStack:       45984 kB
PageTables:        62440 kB
NFS_Unstable:          0 kB
Bounce:                0 kB
WritebackTmp:          0 kB
CommitLimit:     9202288 kB
Committed_AS:   66036116 kB
VmallocTotal:   263061440 kB
VmallocUsed:      103024 kB
VmallocChunk:          0 kB
Percpu:             7648 kB
CmaTotal:         294912 kB
CmaFree:               0 kB
MemTotal:       12113132 kB
MemFree:         6180392 kB
MemAvailable:    7995328 kB
Buffers:            7648 kB
Cached:          1909520 kB
SwapCached:            0 kB
Active:          1486816 kB
Inactive:        1649172 kB
Active(anon):    1225280 kB
Inactive(anon):    27844 kB
Active(file):     261536 kB
Inactive(file):  1621328 kB
Unevictable:        5532 kB
Mlocked:            5532 kB
SwapTotal:       3145724 kB
SwapFree:        3145724 kB
Dirty:               644 kB
Writeback:             0 kB
AnonPages:       1223924 kB
Mapped:           852636 kB
Shmem:             29824 kB
KReclaimable:     800776 kB
Slab:             222360 kB
SReclaimable:      78288 kB
SUnreclaim:       144072 kB
KernelStack:       46084 kB
PageTables:        62480 kB
NFS_Unstable:          0 kB
Bounce:                0 kB
WritebackTmp:          0 kB
CommitLimit:     9202288 kB
Committed_AS:   66036116 kB
VmallocTotal:   263061440 kB
VmallocUsed:      103008 kB
VmallocChunk:          0 kB
Percpu:             7648 kB
CmaTotal:         294912 kB
CmaFree:               0 kB
MemTotal:       12113132 kB
MemFree:         6180528 kB
MemAvailable:    7995496 kB
Buffers:            7648 kB
Cached:          1909552 kB
SwapCached:            0 kB
Active:          1486984 kB
Inactive:        1649200 kB
Active(anon):    1225444 kB
Inactive(anon):    27844 kB
Active(file):     261540 kB
Inactive(file):  1621356 kB
Unevictable:        5532 kB
Mlocked:            5532 kB
SwapTotal:       3145724 kB
SwapFree:        3145724 kB
Dirty:               676 kB
Writeback:             0 kB
AnonPages:       1224108 kB
Mapped:           852568 kB
Shmem:             29824 kB
KReclaimable:     800776 kB
Slab:             222384 kB
SReclaimable:      78288 kB
SUnreclaim:       144096 kB
KernelStack:       46052 kB
PageTables:        62468 kB
NFS_Unstable:          0 kB
Bounce:                0 kB
WritebackTmp:          0 kB
CommitLimit:     9202288 kB
Committed_AS:   66035768 kB
VmallocTotal:   263061440 kB
VmallocUsed:      103040 kB
VmallocChunk:          0 kB
Percpu:             7648 kB
CmaTotal:         294912 kB
CmaFree:               0 kB
MemTotal:       12113132 kB
MemFree:         6179540 kB
MemAvailable:    7994520 kB
Buffers:            7648 kB
Cached:          1909564 kB
SwapCached:            0 kB
Active:          1487712 kB
Inactive:        1649212 kB
Active(anon):    1226172 kB
Inactive(anon):    27844 kB
Active(file):     261540 kB
Inactive(file):  1621368 kB
Unevictable:        5532 kB
Mlocked:            5532 kB
SwapTotal:       3145724 kB
SwapFree:        3145724 kB
Dirty:               712 kB
Writeback:             0 kB
AnonPages:       1225104 kB
Mapped:           852568 kB
Shmem:             29824 kB
KReclaimable:     800776 kB
Slab:             222364 kB
SReclaimable:      78288 kB
SUnreclaim:       144076 kB
KernelStack:       46036 kB
PageTables:        62424 kB
NFS_Unstable:          0 kB
Bounce:                0 kB
WritebackTmp:          0 kB
CommitLimit:     9202288 kB
Committed_AS:   66030976 kB
VmallocTotal:   263061440 kB
VmallocUsed:      103008 kB
VmallocChunk:          0 kB
Percpu:             7648 kB
CmaTotal:         294912 kB
CmaFree:               0 kB
MemTotal:       12113132 kB
MemFree:         6178740 kB
MemAvailable:    7993724 kB
Buffers:            7648 kB
Cached:          1909568 kB
SwapCached:            0 kB
Active:          1488824 kB
Inactive:        1649216 kB
Active(anon):    1227284 kB
Inactive(anon):    27844 kB
Active(file):     261540 kB
Inactive(file):  1621372 kB
Unevictable:        5532 kB
Mlocked:            5532 kB
SwapTotal:       3145724 kB
SwapFree:        3145724 kB
Dirty:               176 kB
Writeback:            44 kB
AnonPages:       1226208 kB
Mapped:           852568 kB
Shmem:             29824 kB
KReclaimable:     800776 kB
Slab:             222380 kB
SReclaimable:      78288 kB
SUnreclaim:       144092 kB
KernelStack:       46004 kB
PageTables:        62448 kB
NFS_Unstable:          0 kB
Bounce:                0 kB
WritebackTmp:          0 kB
CommitLimit:     9202288 kB
Committed_AS:   66030756 kB
VmallocTotal:   263061440 kB
VmallocUsed:      103008 kB
VmallocChunk:          0 kB
Percpu:             7648 kB
CmaTotal:         294912 kB
CmaFree:               0 kB
MemTotal:       12113132 kB
MemFree:         6178164 kB
MemAvailable:    7993164 kB
Buffers:            7648 kB
Cached:          1909584 kB
SwapCached:            0 kB
Active:          1488704 kB
Inactive:        1649236 kB
Active(anon):    1227168 kB
Inactive(anon):    27844 kB
Active(file):     261536 kB
Inactive(file):  1621392 kB
Unevictable:        5532 kB
Mlocked:            5532 kB
SwapTotal:       3145724 kB
SwapFree:        3145724 kB
Dirty:               240 kB
Writeback:             0 kB
AnonPages:       1226056 kB
Mapped:           852568 kB
Shmem:             29824 kB
KReclaimable:     800776 kB
Slab:             222368 kB
SReclaimable:      78288 kB
SUnreclaim:       144080 kB
KernelStack:       46036 kB
PageTables:        62432 kB
NFS_Unstable:          0 kB
Bounce:                0 kB
WritebackTmp:          0 kB
CommitLimit:     9202288 kB
Committed_AS:   66035860 kB
VmallocTotal:   263061440 kB
VmallocUsed:      102992 kB
VmallocChunk:          0 kB
Percpu:             7648 kB
CmaTotal:         294912 kB
CmaFree:               0 kB
MemTotal:       12113132 kB
MemFree:         6178016 kB
MemAvailable:    7993044 kB
Buffers:            7648 kB
Cached:          1909612 kB
SwapCached:            0 kB
Active:          1489368 kB
Inactive:        1649260 kB
Active(anon):    1227828 kB
Inactive(anon):    27844 kB
Active(file):     261540 kB
Inactive(file):  1621416 kB
Unevictable:        5532 kB
Mlocked:            5532 kB
SwapTotal:       3145724 kB
SwapFree:        3145724 kB
Dirty:               316 kB
Writeback:             0 kB
AnonPages:       1226880 kB
Mapped:           852592 kB
Shmem:             29824 kB
KReclaimable:     800776 kB
Slab:             222380 kB
SReclaimable:      78288 kB
SUnreclaim:       144092 kB
KernelStack:       45984 kB
PageTables:        62368 kB
NFS_Unstable:          0 kB
Bounce:                0 kB
WritebackTmp:          0 kB
CommitLimit:     9202288 kB
Committed_AS:   66031876 kB
VmallocTotal:   263061440 kB
VmallocUsed:      102992 kB
VmallocChunk:          0 kB
Percpu:             7648 kB
CmaTotal:         294912 kB
CmaFree:               8 kB
MemTotal:       12113132 kB
MemFree:         6176744 kB
MemAvailable:    7991808 kB
Buffers:            7648 kB
Cached:          1909648 kB
SwapCached:            0 kB
Active:          1490184 kB
Inactive:        1649292 kB
Active(anon):    1228640 kB
Inactive(anon):    27844 kB
Active(file):     261544 kB
Inactive(file):  1621448 kB
Unevictable:        5532 kB
Mlocked:            5532 kB
SwapTotal:       3145724 kB
SwapFree:        3145724 kB
Dirty:               336 kB
Writeback:             0 kB
AnonPages:       1227556 kB
Mapped:           852568 kB
Shmem:             29824 kB
KReclaimable:     800776 kB
Slab:             222388 kB
SReclaimable:      78288 kB
SUnreclaim:       144100 kB
KernelStack:       46068 kB
PageTables:        62496 kB
NFS_Unstable:          0 kB
Bounce:                0 kB
WritebackTmp:          0 kB
CommitLimit:     9202288 kB
Committed_AS:   66034420 kB
VmallocTotal:   263061440 kB
VmallocUsed:      102992 kB
VmallocChunk:          0 kB
Percpu:             7648 kB
CmaTotal:         294912 kB
CmaFree:               0 kB
MemTotal:       12113132 kB
MemFree:         6177612 kB
MemAvailable:    7992664 kB
Buffers:            7648 kB
Cached:          1909636 kB
SwapCached:            0 kB
Active:          1489468 kB
Inactive:        1649284 kB
Active(anon):    1227928 kB
Inactive(anon):    27844 kB
Active(file):     261540 kB
Inactive(file):  1621440 kB
Unevictable:        5532 kB
Mlocked:            5532 kB
SwapTotal:       3145724 kB
SwapFree:        3145724 kB
Dirty:               388 kB
Writeback:             0 kB
AnonPages:       1226940 kB
Mapped:           852636 kB
Shmem:             29824 kB
KReclaimable:     800776 kB
Slab:             222392 kB
SReclaimable:      78288 kB
SUnreclaim:       144104 kB
KernelStack:       46036 kB
PageTables:        62472 kB
NFS_Unstable:          0 kB
Bounce:                0 kB
WritebackTmp:          0 kB
CommitLimit:     9202288 kB
Committed_AS:   66034796 kB
VmallocTotal:   263061440 kB
VmallocUsed:      103040 kB
VmallocChunk:          0 kB
Percpu:             7648 kB
CmaTotal:         294912 kB
CmaFree:              88 kB
MemTotal:       12113132 kB
MemFree:         6176664 kB
MemAvailable:    7991744 kB
Buffers:            7648 kB
Cached:          1909664 kB
SwapCached:            0 kB
Active:          1489736 kB
Inactive:        1649308 kB
Active(anon):    1228192 kB
Inactive(anon):    27844 kB
Active(file):     261544 kB
Inactive(file):  1621464 kB
Unevictable:        5532 kB
Mlocked:            5532 kB
SwapTotal:       3145724 kB
SwapFree:        3145724 kB
Dirty:               444 kB
Writeback:             0 kB
AnonPages:       1227940 kB
Mapped:           852640 kB
Shmem:             29824 kB
KReclaimable:     800776 kB
Slab:             222400 kB
SReclaimable:      78288 kB
SUnreclaim:       144112 kB
KernelStack:       46016 kB
PageTables:        62492 kB
NFS_Unstable:          0 kB
Bounce:                0 kB
WritebackTmp:          0 kB
CommitLimit:     9202288 kB
Committed_AS:   66029232 kB
VmallocTotal:   263061440 kB
VmallocUsed:      103024 kB
VmallocChunk:          0 kB
Percpu:             7648 kB
CmaTotal:         294912 kB
CmaFree:               0 kB
MemTotal:       12113132 kB
MemFree:         6176460 kB
MemAvailable:    7991556 kB
Buffers:            7648 kB
Cached:          1909680 kB
SwapCached:            0 kB
Active:          1490728 kB
Inactive:        1649324 kB
Active(anon):    1229184 kB
Inactive(anon):    27844 kB
Active(file):     261544 kB
Inactive(file):  1621480 kB
Unevictable:        5532 kB
Mlocked:            5532 kB
SwapTotal:       3145724 kB
SwapFree:        3145724 kB
Dirty:               288 kB
Writeback:             0 kB
AnonPages:       1228064 kB
Mapped:           852444 kB
Shmem:             29824 kB
KReclaimable:     800776 kB
Slab:             222380 kB
SReclaimable:      78288 kB
SUnreclaim:       144092 kB
KernelStack:       46000 kB
PageTables:        62532 kB
NFS_Unstable:          0 kB
Bounce:                0 kB
WritebackTmp:          0 kB
CommitLimit:     9202288 kB
Committed_AS:   66028764 kB
VmallocTotal:   263061440 kB
VmallocUsed:      103008 kB
VmallocChunk:          0 kB
Percpu:             7648 kB
CmaTotal:         294912 kB
CmaFree:               0 kB
MemTotal:       12113132 kB
MemFree:         6184432 kB
MemAvailable:    7999540 kB
Buffers:            7648 kB
Cached:          1909692 kB
SwapCached:            0 kB
Active:          1482656 kB
Inactive:        1649336 kB
Active(anon):    1221112 kB
Inactive(anon):    27844 kB
Active(file):     261544 kB
Inactive(file):  1621492 kB
Unevictable:        5532 kB
Mlocked:            5532 kB
SwapTotal:       3145724 kB
SwapFree:        3145724 kB
Dirty:               300 kB
Writeback:             0 kB
AnonPages:       1220184 kB
Mapped:           852640 kB
Shmem:             29824 kB
KReclaimable:     800776 kB
Slab:             222396 kB
SReclaimable:      78288 kB
SUnreclaim:       144108 kB
KernelStack:       46036 kB
PageTables:        62452 kB
NFS_Unstable:          0 kB
Bounce:                0 kB
WritebackTmp:          0 kB
CommitLimit:     9202288 kB
Committed_AS:   66031104 kB
VmallocTotal:   263061440 kB
VmallocUsed:      103024 kB
VmallocChunk:          0 kB
Percpu:             7648 kB
CmaTotal:         294912 kB
CmaFree:             112 kB
MemTotal:       12113132 kB
MemFree:         6184144 kB
MemAvailable:    7999272 kB
Buffers:            7648 kB
Cached:          1909712 kB
SwapCached:            0 kB
Active:          1483048 kB
Inactive:        1649356 kB
Active(anon):    1221504 kB
Inactive(anon):    27844 kB
Active(file):     261544 kB
Inactive(file):  1621512 kB
Unevictable:        5532 kB
Mlocked:            5532 kB
SwapTotal:       3145724 kB
SwapFree:        3145724 kB
Dirty:               324 kB
Writeback:             0 kB
AnonPages:       1220512 kB
Mapped:           852568 kB
Shmem:             29824 kB
KReclaimable:     800776 kB
Slab:             222388 kB
SReclaimable:      78288 kB
SUnreclaim:       144100 kB
KernelStack:       46000 kB
PageTables:        62496 kB
NFS_Unstable:          0 kB
Bounce:                0 kB
WritebackTmp:          0 kB
CommitLimit:     9202288 kB
Committed_AS:   66030804 kB
VmallocTotal:   263061440 kB
VmallocUsed:      103024 kB
