MemTotal:       12113136 kB
MemFree:         6265500 kB
MemAvailable:    7887344 kB
Buffers:            5692 kB
Cached:          1844076 kB
SwapCached:            0 kB
Active:          1554072 kB
Inactive:        1603880 kB
Active(anon):    1314540 kB
Inactive(anon):    25328 kB
Active(file):     239532 kB
Inactive(file):  1578552 kB
Unevictable:        5508 kB
Mlocked:            5508 kB
SwapTotal:       3145724 kB
SwapFree:        3145724 kB
Dirty:               192 kB
Writeback:             0 kB
AnonPages:       1313964 kB
Mapped:           862964 kB
Shmem:             27232 kB
KReclaimable:     672464 kB
Slab:             225392 kB
SReclaimable:      77844 kB
SUnreclaim:       147548 kB
KernelStack:       47136 kB
PageTables:        63800 kB
NFS_Unstable:          0 kB
Bounce:                0 kB
WritebackTmp:          0 kB
CommitLimit:     9202292 kB
Committed_AS:   67333464 kB
VmallocTotal:   263061440 kB
VmallocUsed:      104008 kB
VmallocChunk:          0 kB
Percpu:             7616 kB
CmaTotal:         294912 kB
CmaFree:               0 kB
MemTotal:       12113136 kB
MemFree:         6273328 kB
MemAvailable:    7895220 kB
Buffers:            5692 kB
Cached:          1844124 kB
SwapCached:            0 kB
Active:          1544732 kB
Inactive:        1603908 kB
Active(anon):    1305180 kB
Inactive(anon):    25328 kB
Active(file):     239552 kB
Inactive(file):  1578580 kB
Unevictable:        5508 kB
Mlocked:            5508 kB
SwapTotal:       3145724 kB
SwapFree:        3145724 kB
Dirty:               240 kB
Writeback:             0 kB
AnonPages:       1304228 kB
Mapped:           862960 kB
Shmem:             27232 kB
KReclaimable:     672464 kB
Slab:             225384 kB
SReclaimable:      77844 kB
SUnreclaim:       147540 kB
KernelStack:       47088 kB
PageTables:        63644 kB
NFS_Unstable:          0 kB
Bounce:                0 kB
WritebackTmp:          0 kB
CommitLimit:     9202292 kB
Committed_AS:   67338836 kB
VmallocTotal:   263061440 kB
VmallocUsed:      104008 kB
VmallocChunk:          0 kB
Percpu:             7616 kB
CmaTotal:         294912 kB
CmaFree:               0 kB
MemTotal:       12113136 kB
MemFree:         6273584 kB
MemAvailable:    7895480 kB
Buffers:            5692 kB
Cached:          1844132 kB
SwapCached:            0 kB
Active:          1542624 kB
Inactive:        1603916 kB
Active(anon):    1303072 kB
Inactive(anon):    25332 kB
Active(file):     239552 kB
Inactive(file):  1578584 kB
Unevictable:        5508 kB
Mlocked:            5508 kB
SwapTotal:       3145724 kB
SwapFree:        3145724 kB
Dirty:               296 kB
Writeback:             0 kB
AnonPages:       1302372 kB
Mapped:           863112 kB
Shmem:             27236 kB
KReclaimable:     672464 kB
Slab:             225392 kB
SReclaimable:      77844 kB
SUnreclaim:       147548 kB
KernelStack:       47104 kB
PageTables:        63696 kB
NFS_Unstable:          0 kB
Bounce:                0 kB
WritebackTmp:          0 kB
CommitLimit:     9202292 kB
Committed_AS:   67335560 kB
VmallocTotal:   263061440 kB
VmallocUsed:      104008 kB
VmallocChunk:          0 kB
Percpu:             7616 kB
CmaTotal:         294912 kB
CmaFree:               0 kB
MemTotal:       12113136 kB
MemFree:         6262848 kB
MemAvailable:    7884776 kB
Buffers:            5692 kB
Cached:          1844168 kB
SwapCached:            0 kB
Active:          1554916 kB
Inactive:        1603952 kB
Active(anon):    1315364 kB
Inactive(anon):    25336 kB
Active(file):     239552 kB
Inactive(file):  1578616 kB
Unevictable:        5508 kB
Mlocked:            5508 kB
SwapTotal:       3145724 kB
SwapFree:        3145724 kB
Dirty:               336 kB
Writeback:             0 kB
AnonPages:       1314604 kB
Mapped:           862972 kB
Shmem:             27240 kB
KReclaimable:     672464 kB
Slab:             225384 kB
SReclaimable:      77844 kB
SUnreclaim:       147540 kB
KernelStack:       47120 kB
PageTables:        63732 kB
NFS_Unstable:          0 kB
Bounce:                0 kB
WritebackTmp:          0 kB
CommitLimit:     9202292 kB
Committed_AS:   67334096 kB
VmallocTotal:   263061440 kB
VmallocUsed:      103992 kB
VmallocChunk:          0 kB
Percpu:             7616 kB
CmaTotal:         294912 kB
CmaFree:              88 kB
MemTotal:       12113136 kB
MemFree:         6273764 kB
MemAvailable:    7895704 kB
Buffers:            5692 kB
Cached:          1844180 kB
SwapCached:            0 kB
Active:          1543708 kB
Inactive:        1603964 kB
Active(anon):    1304156 kB
Inactive(anon):    25336 kB
Active(file):     239552 kB
Inactive(file):  1578628 kB
Unevictable:        5508 kB
Mlocked:            5508 kB
SwapTotal:       3145724 kB
SwapFree:        3145724 kB
Dirty:               348 kB
Writeback:             0 kB
AnonPages:       1303456 kB
Mapped:           862936 kB
Shmem:             27240 kB
KReclaimable:     672464 kB
Slab:             225384 kB
SReclaimable:      77844 kB
SUnreclaim:       147540 kB
KernelStack:       47088 kB
PageTables:        63772 kB
NFS_Unstable:          0 kB
Bounce:                0 kB
WritebackTmp:          0 kB
CommitLimit:     9202292 kB
Committed_AS:   67332844 kB
VmallocTotal:   263061440 kB
VmallocUsed:      104008 kB
VmallocChunk:          0 kB
Percpu:             7616 kB
CmaTotal:         294912 kB
CmaFree:              16 kB
MemTotal:       12113136 kB
MemFree:         6272608 kB
MemAvailable:    7894560 kB
Buffers:            5692 kB
Cached:          1844192 kB
SwapCached:            0 kB
Active:          1544692 kB
Inactive:        1603976 kB
Active(anon):    1305140 kB
Inactive(anon):    25336 kB
Active(file):     239552 kB
Inactive(file):  1578640 kB
Unevictable:        5508 kB
Mlocked:            5508 kB
SwapTotal:       3145724 kB
SwapFree:        3145724 kB
Dirty:               372 kB
Writeback:             0 kB
AnonPages:       1304332 kB
Mapped:           863080 kB
Shmem:             27240 kB
KReclaimable:     672464 kB
Slab:             225400 kB
SReclaimable:      77844 kB
SUnreclaim:       147556 kB
KernelStack:       47120 kB
PageTables:        63736 kB
NFS_Unstable:          0 kB
Bounce:                0 kB
WritebackTmp:          0 kB
CommitLimit:     9202292 kB
Committed_AS:   67332260 kB
VmallocTotal:   263061440 kB
VmallocUsed:      104024 kB
VmallocChunk:          0 kB
Percpu:             7616 kB
CmaTotal:         294912 kB
CmaFree:              12 kB
MemTotal:       12113136 kB
MemFree:         6272144 kB
MemAvailable:    7894104 kB
Buffers:            5692 kB
Cached:          1844200 kB
SwapCached:            0 kB
Active:          1545008 kB
Inactive:        1603984 kB
Active(anon):    1305456 kB
Inactive(anon):    25336 kB
Active(file):     239552 kB
Inactive(file):  1578648 kB
Unevictable:        5508 kB
Mlocked:            5508 kB
SwapTotal:       3145724 kB
SwapFree:        3145724 kB
Dirty:               380 kB
Writeback:             0 kB
AnonPages:       1304912 kB
Mapped:           863096 kB
Shmem:             27240 kB
KReclaimable:     672464 kB
Slab:             225400 kB
SReclaimable:      77844 kB
SUnreclaim:       147556 kB
KernelStack:       47056 kB
PageTables:        63652 kB
NFS_Unstable:          0 kB
Bounce:                0 kB
WritebackTmp:          0 kB
CommitLimit:     9202292 kB
Committed_AS:   67333520 kB
VmallocTotal:   263061440 kB
VmallocUsed:      104024 kB
VmallocChunk:          0 kB
Percpu:             7616 kB
CmaTotal:         294912 kB
CmaFree:               0 kB
MemTotal:       12113136 kB
MemFree:         6273416 kB
MemAvailable:    7895384 kB
Buffers:            5692 kB
Cached:          1844208 kB
SwapCached:            0 kB
Active:          1544160 kB
Inactive:        1603992 kB
Active(anon):    1304608 kB
Inactive(anon):    25336 kB
Active(file):     239552 kB
Inactive(file):  1578656 kB
Unevictable:        5508 kB
Mlocked:            5508 kB
SwapTotal:       3145724 kB
SwapFree:        3145724 kB
Dirty:               388 kB
Writeback:             0 kB
AnonPages:       1303664 kB
Mapped:           862888 kB
Shmem:             27240 kB
KReclaimable:     672464 kB
Slab:             225392 kB
SReclaimable:      77844 kB
SUnreclaim:       147548 kB
KernelStack:       47040 kB
PageTables:        63924 kB
NFS_Unstable:          0 kB
Bounce:                0 kB
WritebackTmp:          0 kB
CommitLimit:     9202292 kB
Committed_AS:   67337856 kB
VmallocTotal:   263061440 kB
VmallocUsed:      104024 kB
VmallocChunk:          0 kB
Percpu:             7616 kB
CmaTotal:         294912 kB
CmaFree:               0 kB
MemTotal:       12113136 kB
MemFree:         6259620 kB
MemAvailable:    7881604 kB
Buffers:            5692 kB
Cached:          1844224 kB
SwapCached:            0 kB
Active:          1561200 kB
Inactive:        1604008 kB
Active(anon):    1321648 kB
Inactive(anon):    25336 kB
Active(file):     239552 kB
Inactive(file):  1578672 kB
Unevictable:        5508 kB
Mlocked:            5508 kB
SwapTotal:       3145724 kB
SwapFree:        3145724 kB
Dirty:               420 kB
Writeback:             0 kB
AnonPages:       1320856 kB
Mapped:           863012 kB
Shmem:             27240 kB
KReclaimable:     672464 kB
Slab:             225384 kB
SReclaimable:      77844 kB
SUnreclaim:       147540 kB
KernelStack:       47056 kB
PageTables:        63560 kB
NFS_Unstable:          0 kB
Bounce:                0 kB
WritebackTmp:          0 kB
CommitLimit:     9202292 kB
Committed_AS:   67336740 kB
VmallocTotal:   263061440 kB
VmallocUsed:      104040 kB
VmallocChunk:          0 kB
Percpu:             7616 kB
CmaTotal:         294912 kB
CmaFree:              84 kB
MemTotal:       12113136 kB
MemFree:         6270720 kB
MemAvailable:    7892748 kB
Buffers:            5700 kB
Cached:          1844260 kB
SwapCached:            0 kB
Active:          1545744 kB
Inactive:        1604040 kB
Active(anon):    1306180 kB
Inactive(anon):    25336 kB
Active(file):     239564 kB
Inactive(file):  1578704 kB
Unevictable:        5508 kB
Mlocked:            5508 kB
SwapTotal:       3145724 kB
SwapFree:        3145724 kB
Dirty:               408 kB
Writeback:             0 kB
AnonPages:       1305440 kB
Mapped:           863084 kB
Shmem:             27240 kB
KReclaimable:     672464 kB
Slab:             225392 kB
SReclaimable:      77844 kB
SUnreclaim:       147548 kB
KernelStack:       47140 kB
PageTables:        64008 kB
NFS_Unstable:          0 kB
Bounce:                0 kB
WritebackTmp:          0 kB
CommitLimit:     9202292 kB
Committed_AS:   67337592 kB
VmallocTotal:   263061440 kB
VmallocUsed:      104056 kB
VmallocChunk:          0 kB
Percpu:             7616 kB
CmaTotal:         294912 kB
CmaFree:               4 kB
MemTotal:       12113136 kB
MemFree:         6270048 kB
MemAvailable:    7892084 kB
Buffers:            5700 kB
Cached:          1844268 kB
SwapCached:            0 kB
Active:          1546188 kB
Inactive:        1604052 kB
Active(anon):    1306628 kB
Inactive(anon):    25336 kB
Active(file):     239560 kB
Inactive(file):  1578716 kB
Unevictable:        5508 kB
Mlocked:            5508 kB
SwapTotal:       3145724 kB
SwapFree:        3145724 kB
Dirty:               144 kB
Writeback:             0 kB
AnonPages:       1305824 kB
Mapped:           862972 kB
Shmem:             27240 kB
KReclaimable:     672464 kB
Slab:             225328 kB
SReclaimable:      77844 kB
SUnreclaim:       147484 kB
KernelStack:       47072 kB
PageTables:        63636 kB
NFS_Unstable:          0 kB
Bounce:                0 kB
WritebackTmp:          0 kB
CommitLimit:     9202292 kB
Committed_AS:   67338788 kB
VmallocTotal:   263061440 kB
VmallocUsed:      104040 kB
VmallocChunk:          0 kB
Percpu:             7616 kB
CmaTotal:         294912 kB
CmaFree:               0 kB
MemTotal:       12113136 kB
MemFree:         6259100 kB
MemAvailable:    7881140 kB
Buffers:            5700 kB
Cached:          1844272 kB
SwapCached:            0 kB
Active:          1559884 kB
Inactive:        1604056 kB
Active(anon):    1320324 kB
Inactive(anon):    25336 kB
Active(file):     239560 kB
Inactive(file):  1578720 kB
Unevictable:        5508 kB
Mlocked:            5508 kB
SwapTotal:       3145724 kB
SwapFree:        3145724 kB
Dirty:               224 kB
Writeback:             0 kB
AnonPages:       1319820 kB
Mapped:           863020 kB
Shmem:             27240 kB
KReclaimable:     672464 kB
Slab:             225320 kB
SReclaimable:      77844 kB
SUnreclaim:       147476 kB
KernelStack:       47120 kB
PageTables:        63636 kB
NFS_Unstable:          0 kB
Bounce:                0 kB
WritebackTmp:          0 kB
CommitLimit:     9202292 kB
Committed_AS:   67334184 kB
VmallocTotal:   263061440 kB
VmallocUsed:      104024 kB
VmallocChunk:          0 kB
Percpu:             7616 kB
CmaTotal:         294912 kB
CmaFree:               0 kB
MemTotal:       12113136 kB
MemFree:         6271268 kB
MemAvailable:    7893328 kB
Buffers:            5700 kB
Cached:          1844304 kB
SwapCached:            0 kB
Active:          1548056 kB
Inactive:        1604088 kB
Active(anon):    1308496 kB
Inactive(anon):    25348 kB
Active(file):     239560 kB
Inactive(file):  1578740 kB
Unevictable:        5508 kB
Mlocked:            5508 kB
SwapTotal:       3145724 kB
SwapFree:        3145724 kB
Dirty:               264 kB
Writeback:             0 kB
AnonPages:       1307568 kB
Mapped:           862864 kB
Shmem:             27252 kB
KReclaimable:     672464 kB
Slab:             225328 kB
SReclaimable:      77844 kB
SUnreclaim:       147484 kB
KernelStack:       47104 kB
PageTables:        63644 kB
NFS_Unstable:          0 kB
Bounce:                0 kB
WritebackTmp:          0 kB
CommitLimit:     9202292 kB
Committed_AS:   67336880 kB
VmallocTotal:   263061440 kB
VmallocUsed:      103992 kB
VmallocChunk:          0 kB
Percpu:             7616 kB
CmaTotal:         294912 kB
CmaFree:               0 kB
MemTotal:       12113136 kB
MemFree:         6278568 kB
MemAvailable:    7900636 kB
Buffers:            5700 kB
Cached:          1844312 kB
SwapCached:            0 kB
Active:          1538644 kB
Inactive:        1604096 kB
Active(anon):    1299084 kB
Inactive(anon):    25348 kB
Active(file):     239560 kB
Inactive(file):  1578748 kB
Unevictable:        5508 kB
Mlocked:            5508 kB
SwapTotal:       3145724 kB
SwapFree:        3145724 kB
Dirty:               288 kB
Writeback:             0 kB
AnonPages:       1298404 kB
Mapped:           862972 kB
Shmem:             27252 kB
KReclaimable:     672464 kB
Slab:             225328 kB
SReclaimable:      77844 kB
SUnreclaim:       147484 kB
KernelStack:       47056 kB
PageTables:        63556 kB
NFS_Unstable:          0 kB
Bounce:                0 kB
WritebackTmp:          0 kB
CommitLimit:     9202292 kB
Committed_AS:   67337568 kB
VmallocTotal:   263061440 kB
VmallocUsed:      104024 kB
VmallocChunk:          0 kB
Percpu:             7616 kB
CmaTotal:         294912 kB
CmaFree:             392 kB
MemTotal:       12113136 kB
MemFree:         6266928 kB
MemAvailable:    7889008 kB
Buffers:            5700 kB
Cached:          1844324 kB
SwapCached:            0 kB
Active:          1551272 kB
Inactive:        1604108 kB
Active(anon):    1311712 kB
Inactive(anon):    25348 kB
Active(file):     239560 kB
Inactive(file):  1578760 kB
Unevictable:        5508 kB
Mlocked:            5508 kB
SwapTotal:       3145724 kB
SwapFree:        3145724 kB
Dirty:               312 kB
Writeback:             0 kB
AnonPages:       1310892 kB
Mapped:           862972 kB
Shmem:             27252 kB
KReclaimable:     672464 kB
Slab:             225336 kB
SReclaimable:      77844 kB
SUnreclaim:       147492 kB
KernelStack:       47124 kB
PageTables:        63952 kB
NFS_Unstable:          0 kB
Bounce:                0 kB
WritebackTmp:          0 kB
CommitLimit:     9202292 kB
Committed_AS:   67333580 kB
VmallocTotal:   263061440 kB
VmallocUsed:      104056 kB
VmallocChunk:          0 kB
Percpu:             7616 kB
CmaTotal:         294912 kB
CmaFree:             404 kB
MemTotal:       12113136 kB
MemFree:         6276812 kB
MemAvailable:    7898908 kB
Buffers:            5700 kB
Cached:          1844340 kB
SwapCached:            0 kB
Active:          1538656 kB
Inactive:        1604124 kB
Active(anon):    1299096 kB
Inactive(anon):    25348 kB
Active(file):     239560 kB
Inactive(file):  1578776 kB
Unevictable:        5508 kB
Mlocked:            5508 kB
SwapTotal:       3145724 kB
SwapFree:        3145724 kB
Dirty:               328 kB
Writeback:             0 kB
AnonPages:       1298300 kB
Mapped:           862984 kB
Shmem:             27252 kB
KReclaimable:     672464 kB
Slab:             225328 kB
SReclaimable:      77844 kB
SUnreclaim:       147484 kB
KernelStack:       47120 kB
PageTables:        63744 kB
NFS_Unstable:          0 kB
Bounce:                0 kB
WritebackTmp:          0 kB
CommitLimit:     9202292 kB
Committed_AS:   67337064 kB
VmallocTotal:   263061440 kB
VmallocUsed:      104056 kB
VmallocChunk:          0 kB
Percpu:             7616 kB
CmaTotal:         294912 kB
CmaFree:               0 kB
MemTotal:       12113136 kB
MemFree:         6277500 kB
MemAvailable:    7899608 kB
Buffers:            5700 kB
Cached:          1844352 kB
SwapCached:            0 kB
Active:          1539336 kB
Inactive:        1604136 kB
Active(anon):    1299776 kB
Inactive(anon):    25348 kB
Active(file):     239560 kB
Inactive(file):  1578788 kB
Unevictable:        5508 kB
Mlocked:            5508 kB
SwapTotal:       3145724 kB
SwapFree:        3145724 kB
Dirty:               340 kB
Writeback:             0 kB
AnonPages:       1299032 kB
Mapped:           862988 kB
Shmem:             27252 kB
KReclaimable:     672464 kB
Slab:             225336 kB
SReclaimable:      77844 kB
SUnreclaim:       147492 kB
KernelStack:       47120 kB
PageTables:        63880 kB
NFS_Unstable:          0 kB
Bounce:                0 kB
WritebackTmp:          0 kB
CommitLimit:     9202292 kB
Committed_AS:   67338868 kB
VmallocTotal:   263061440 kB
VmallocUsed:      104024 kB
VmallocChunk:          0 kB
Percpu:             7616 kB
CmaTotal:         294912 kB
CmaFree:               0 kB
MemTotal:       12113136 kB
MemFree:         6263516 kB
MemAvailable:    7885628 kB
Buffers:            5700 kB
Cached:          1844356 kB
SwapCached:            0 kB
Active:          1555844 kB
Inactive:        1604140 kB
Active(anon):    1316284 kB
Inactive(anon):    25348 kB
Active(file):     239560 kB
Inactive(file):  1578792 kB
Unevictable:        5508 kB
Mlocked:            5508 kB
SwapTotal:       3145724 kB
SwapFree:        3145724 kB
Dirty:               356 kB
Writeback:             0 kB
AnonPages:       1315100 kB
Mapped:           863020 kB
Shmem:             27252 kB
KReclaimable:     672464 kB
Slab:             225328 kB
SReclaimable:      77844 kB
SUnreclaim:       147484 kB
KernelStack:       47072 kB
PageTables:        63568 kB
NFS_Unstable:          0 kB
Bounce:                0 kB
WritebackTmp:          0 kB
CommitLimit:     9202292 kB
Committed_AS:   67329636 kB
VmallocTotal:   263061440 kB
VmallocUsed:      104024 kB
VmallocChunk:          0 kB
Percpu:             7616 kB
CmaTotal:         294912 kB
CmaFree:               0 kB
MemTotal:       12113136 kB
MemFree:         6278112 kB
MemAvailable:    7900252 kB
Buffers:            5700 kB
Cached:          1844384 kB
SwapCached:            0 kB
Active:          1540500 kB
Inactive:        1604168 kB
Active(anon):    1300940 kB
Inactive(anon):    25348 kB
Active(file):     239560 kB
Inactive(file):  1578820 kB
Unevictable:        5508 kB
Mlocked:            5508 kB
SwapTotal:       3145724 kB
SwapFree:        3145724 kB
Dirty:               396 kB
Writeback:             0 kB
AnonPages:       1300180 kB
Mapped:           863092 kB
Shmem:             27252 kB
KReclaimable:     672464 kB
Slab:             225328 kB
SReclaimable:      77844 kB
SUnreclaim:       147484 kB
KernelStack:       47088 kB
PageTables:        63620 kB
NFS_Unstable:          0 kB
Bounce:                0 kB
WritebackTmp:          0 kB
CommitLimit:     9202292 kB
Committed_AS:   67338828 kB
VmallocTotal:   263061440 kB
VmallocUsed:      104072 kB
VmallocChunk:          0 kB
Percpu:             7616 kB
CmaTotal:         294912 kB
CmaFree:               0 kB
MemTotal:       12113136 kB
MemFree:         6276504 kB
MemAvailable:    7898656 kB
Buffers:            5700 kB
Cached:          1844396 kB
SwapCached:            0 kB
Active:          1540876 kB
Inactive:        1604180 kB
Active(anon):    1301316 kB
Inactive(anon):    25348 kB
Active(file):     239560 kB
Inactive(file):  1578832 kB
Unevictable:        5508 kB
Mlocked:            5508 kB
SwapTotal:       3145724 kB
SwapFree:        3145724 kB
Dirty:               428 kB
Writeback:             0 kB
AnonPages:       1300488 kB
Mapped:           862984 kB
Shmem:             27252 kB
KReclaimable:     672464 kB
Slab:             225328 kB
SReclaimable:      77844 kB
SUnreclaim:       147484 kB
KernelStack:       47056 kB
PageTables:        63628 kB
NFS_Unstable:          0 kB
Bounce:                0 kB
WritebackTmp:          0 kB
CommitLimit:     9202292 kB
Committed_AS:   67337648 kB
VmallocTotal:   263061440 kB
VmallocUsed:      104072 kB
VmallocChunk:          0 kB
Percpu:             7616 kB
CmaTotal:         294912 kB
CmaFree:               4 kB
MemTotal:       12113136 kB
MemFree:         6260332 kB
MemAvailable:    7882500 kB
Buffers:            5700 kB
Cached:          1844412 kB
SwapCached:            0 kB
Active:          1558208 kB
Inactive:        1604196 kB
Active(anon):    1318648 kB
Inactive(anon):    25348 kB
Active(file):     239560 kB
Inactive(file):  1578848 kB
Unevictable:        5508 kB
Mlocked:            5508 kB
SwapTotal:       3145724 kB
SwapFree:        3145724 kB
Dirty:               164 kB
Writeback:             0 kB
AnonPages:       1317828 kB
Mapped:           863004 kB
Shmem:             27252 kB
KReclaimable:     672464 kB
Slab:             225328 kB
SReclaimable:      77844 kB
SUnreclaim:       147484 kB
KernelStack:       47088 kB
PageTables:        63620 kB
NFS_Unstable:          0 kB
Bounce:                0 kB
WritebackTmp:          0 kB
CommitLimit:     9202292 kB
Committed_AS:   67335864 kB
VmallocTotal:   263061440 kB
VmallocUsed:      104024 kB
VmallocChunk:          0 kB
Percpu:             7616 kB
CmaTotal:         294912 kB
CmaFree:             160 kB
MemTotal:       12113136 kB
MemFree:         6274952 kB
MemAvailable:    7897128 kB
Buffers:            5700 kB
Cached:          1844420 kB
SwapCached:            0 kB
Active:          1542028 kB
Inactive:        1604204 kB
Active(anon):    1302468 kB
Inactive(anon):    25348 kB
Active(file):     239560 kB
Inactive(file):  1578856 kB
Unevictable:        5508 kB
Mlocked:            5508 kB
SwapTotal:       3145724 kB
SwapFree:        3145724 kB
Dirty:               204 kB
Writeback:             0 kB
AnonPages:       1301500 kB
Mapped:           863092 kB
Shmem:             27252 kB
KReclaimable:     672464 kB
Slab:             225328 kB
SReclaimable:      77844 kB
SUnreclaim:       147484 kB
KernelStack:       47136 kB
PageTables:        63708 kB
NFS_Unstable:          0 kB
Bounce:                0 kB
WritebackTmp:          0 kB
CommitLimit:     9202292 kB
Committed_AS:   67343432 kB
VmallocTotal:   263061440 kB
VmallocUsed:      104056 kB
VmallocChunk:          0 kB
Percpu:             7616 kB
CmaTotal:         294912 kB
CmaFree:               0 kB
MemTotal:       12113136 kB
MemFree:         6275348 kB
MemAvailable:    7897536 kB
Buffers:            5700 kB
Cached:          1844432 kB
SwapCached:            0 kB
Active:          1543028 kB
Inactive:        1604216 kB
Active(anon):    1303468 kB
Inactive(anon):    25348 kB
Active(file):     239560 kB
Inactive(file):  1578868 kB
Unevictable:        5508 kB
Mlocked:            5508 kB
SwapTotal:       3145724 kB
SwapFree:        3145724 kB
Dirty:               240 kB
Writeback:             0 kB
AnonPages:       1302644 kB
Mapped:           862984 kB
Shmem:             27252 kB
KReclaimable:     672464 kB
Slab:             225328 kB
SReclaimable:      77844 kB
SUnreclaim:       147484 kB
KernelStack:       47088 kB
PageTables:        63728 kB
NFS_Unstable:          0 kB
Bounce:                0 kB
WritebackTmp:          0 kB
CommitLimit:     9202292 kB
Committed_AS:   67333308 kB
VmallocTotal:   263061440 kB
VmallocUsed:      104040 kB
VmallocChunk:          0 kB
Percpu:             7616 kB
CmaTotal:         294912 kB
CmaFree:               0 kB
MemTotal:       12113136 kB
MemFree:         6275020 kB
MemAvailable:    7897220 kB
Buffers:            5700 kB
Cached:          1844444 kB
SwapCached:            0 kB
Active:          1544808 kB
Inactive:        1604228 kB
Active(anon):    1305248 kB
Inactive(anon):    25348 kB
Active(file):     239560 kB
Inactive(file):  1578880 kB
Unevictable:        5508 kB
Mlocked:            5508 kB
SwapTotal:       3145724 kB
SwapFree:        3145724 kB
Dirty:               280 kB
Writeback:             0 kB
AnonPages:       1304628 kB
Mapped:           863072 kB
Shmem:             27252 kB
KReclaimable:     672464 kB
Slab:             225320 kB
SReclaimable:      77844 kB
SUnreclaim:       147476 kB
KernelStack:       47056 kB
PageTables:        63932 kB
NFS_Unstable:          0 kB
Bounce:                0 kB
WritebackTmp:          0 kB
CommitLimit:     9202292 kB
Committed_AS:   67336724 kB
VmallocTotal:   263061440 kB
VmallocUsed:      104056 kB
VmallocChunk:          0 kB
Percpu:             7616 kB
CmaTotal:         294912 kB
CmaFree:              92 kB
MemTotal:       12113136 kB
MemFree:         6273280 kB
MemAvailable:    7895516 kB
Buffers:            5708 kB
Cached:          1844472 kB
SwapCached:            0 kB
Active:          1544300 kB
Inactive:        1604256 kB
Active(anon):    1304732 kB
Inactive(anon):    25348 kB
Active(file):     239568 kB
Inactive(file):  1578908 kB
Unevictable:        5508 kB
Mlocked:            5508 kB
SwapTotal:       3145724 kB
SwapFree:        3145724 kB
Dirty:               300 kB
Writeback:             0 kB
AnonPages:       1303748 kB
Mapped:           862984 kB
Shmem:             27252 kB
KReclaimable:     672464 kB
Slab:             225320 kB
SReclaimable:      77844 kB
SUnreclaim:       147476 kB
KernelStack:       47072 kB
PageTables:        63636 kB
NFS_Unstable:          0 kB
Bounce:                0 kB
WritebackTmp:          0 kB
CommitLimit:     9202292 kB
Committed_AS:   67333624 kB
VmallocTotal:   263061440 kB
VmallocUsed:      104056 kB
VmallocChunk:          0 kB
Percpu:             7616 kB
CmaTotal:         294912 kB
CmaFree:               0 kB
MemTotal:       12113136 kB
MemFree:         6272000 kB
MemAvailable:    7894252 kB
Buffers:            5708 kB
Cached:          1844488 kB
SwapCached:            0 kB
Active:          1545276 kB
Inactive:        1604272 kB
Active(anon):    1305708 kB
Inactive(anon):    25348 kB
Active(file):     239568 kB
Inactive(file):  1578924 kB
Unevictable:        5508 kB
Mlocked:            5508 kB
SwapTotal:       3145724 kB
SwapFree:        3145724 kB
Dirty:               336 kB
Writeback:             0 kB
AnonPages:       1304792 kB
Mapped:           863048 kB
Shmem:             27252 kB
KReclaimable:     672464 kB
Slab:             225328 kB
SReclaimable:      77844 kB
SUnreclaim:       147484 kB
KernelStack:       47072 kB
PageTables:        63600 kB
NFS_Unstable:          0 kB
Bounce:                0 kB
WritebackTmp:          0 kB
CommitLimit:     9202292 kB
Committed_AS:   67335920 kB
VmallocTotal:   263061440 kB
VmallocUsed:      104008 kB
VmallocChunk:          0 kB
Percpu:             7616 kB
CmaTotal:         294912 kB
CmaFree:               0 kB
MemTotal:       12113136 kB
MemFree:         6254884 kB
MemAvailable:    7877144 kB
Buffers:            5708 kB
Cached:          1844496 kB
SwapCached:            0 kB
Active:          1564756 kB
Inactive:        1604280 kB
Active(anon):    1325188 kB
Inactive(anon):    25348 kB
Active(file):     239568 kB
Inactive(file):  1578932 kB
Unevictable:        5508 kB
Mlocked:            5508 kB
SwapTotal:       3145724 kB
SwapFree:        3145724 kB
Dirty:               300 kB
Writeback:             0 kB
AnonPages:       1324508 kB
Mapped:           863048 kB
Shmem:             27252 kB
KReclaimable:     672464 kB
Slab:             225328 kB
SReclaimable:      77844 kB
SUnreclaim:       147484 kB
KernelStack:       47056 kB
PageTables:        63620 kB
NFS_Unstable:          0 kB
Bounce:                0 kB
WritebackTmp:          0 kB
CommitLimit:     9202292 kB
Committed_AS:   67328888 kB
VmallocTotal:   263061440 kB
VmallocUsed:      104008 kB
VmallocChunk:          0 kB
Percpu:             7616 kB
CmaTotal:         294912 kB
CmaFree:               0 kB
MemTotal:       12113136 kB
MemFree:         6260616 kB
MemAvailable:    7882896 kB
Buffers:            5708 kB
Cached:          1844516 kB
SwapCached:            0 kB
Active:          1555480 kB
Inactive:        1604300 kB
Active(anon):    1315912 kB
Inactive(anon):    25348 kB
Active(file):     239568 kB
Inactive(file):  1578952 kB
Unevictable:        5508 kB
Mlocked:            5508 kB
SwapTotal:       3145724 kB
SwapFree:        3145724 kB
Dirty:               332 kB
Writeback:             0 kB
AnonPages:       1315024 kB
Mapped:           863048 kB
Shmem:             27252 kB
KReclaimable:     672464 kB
Slab:             225328 kB
SReclaimable:      77844 kB
SUnreclaim:       147484 kB
KernelStack:       47040 kB
PageTables:        63664 kB
NFS_Unstable:          0 kB
Bounce:                0 kB
WritebackTmp:          0 kB
CommitLimit:     9202292 kB
Committed_AS:   67371664 kB
VmallocTotal:   263061440 kB
VmallocUsed:      104040 kB
VmallocChunk:          0 kB
Percpu:             7616 kB
CmaTotal:         294912 kB
CmaFree:               0 kB
MemTotal:       12113136 kB
MemFree:         6261064 kB
MemAvailable:    7883356 kB
Buffers:            5708 kB
Cached:          1844528 kB
SwapCached:            0 kB
Active:          1555720 kB
Inactive:        1604312 kB
Active(anon):    1316152 kB
Inactive(anon):    25348 kB
Active(file):     239568 kB
Inactive(file):  1578964 kB
Unevictable:        5508 kB
Mlocked:            5508 kB
SwapTotal:       3145724 kB
SwapFree:        3145724 kB
Dirty:               344 kB
Writeback:             0 kB
AnonPages:       1315348 kB
Mapped:           863048 kB
Shmem:             27252 kB
KReclaimable:     672464 kB
Slab:             225336 kB
SReclaimable:      77844 kB
SUnreclaim:       147492 kB
KernelStack:       47040 kB
PageTables:        63664 kB
NFS_Unstable:          0 kB
Bounce:                0 kB
WritebackTmp:          0 kB
CommitLimit:     9202292 kB
Committed_AS:   67371444 kB
VmallocTotal:   263061440 kB
VmallocUsed:      104040 kB
VmallocChunk:          0 kB
Percpu:             7616 kB
CmaTotal:         294912 kB
CmaFree:               0 kB
MemTotal:       12113136 kB
MemFree:         6242480 kB
MemAvailable:    7864780 kB
Buffers:            5708 kB
Cached:          1844536 kB
SwapCached:            0 kB
Active:          1576724 kB
Inactive:        1604320 kB
Active(anon):    1337156 kB
Inactive(anon):    25348 kB
Active(file):     239568 kB
Inactive(file):  1578972 kB
Unevictable:        5508 kB
Mlocked:            5508 kB
SwapTotal:       3145724 kB
SwapFree:        3145724 kB
Dirty:               380 kB
Writeback:             0 kB
AnonPages:       1336688 kB
Mapped:           863048 kB
Shmem:             27252 kB
KReclaimable:     672464 kB
Slab:             225316 kB
SReclaimable:      77844 kB
SUnreclaim:       147472 kB
KernelStack:       47040 kB
PageTables:        63664 kB
NFS_Unstable:          0 kB
Bounce:                0 kB
WritebackTmp:          0 kB
CommitLimit:     9202292 kB
Committed_AS:   67371992 kB
VmallocTotal:   263061440 kB
VmallocUsed:      104040 kB
VmallocChunk:          0 kB
Percpu:             7616 kB
CmaTotal:         294912 kB
CmaFree:               0 kB
MemTotal:       12113136 kB
MemFree:         6250696 kB
MemAvailable:    7873008 kB
Buffers:            5708 kB
Cached:          1844548 kB
SwapCached:            0 kB
Active:          1566364 kB
Inactive:        1604332 kB
Active(anon):    1326796 kB
Inactive(anon):    25348 kB
Active(file):     239568 kB
Inactive(file):  1578984 kB
Unevictable:        5508 kB
Mlocked:            5508 kB
SwapTotal:       3145724 kB
SwapFree:        3145724 kB
Dirty:               440 kB
Writeback:             0 kB
AnonPages:       1326232 kB
Mapped:           863048 kB
Shmem:             27252 kB
KReclaimable:     672464 kB
Slab:             225324 kB
SReclaimable:      77844 kB
SUnreclaim:       147480 kB
KernelStack:       47040 kB
PageTables:        63680 kB
NFS_Unstable:          0 kB
Bounce:                0 kB
WritebackTmp:          0 kB
CommitLimit:     9202292 kB
Committed_AS:   67367324 kB
VmallocTotal:   263061440 kB
VmallocUsed:      104040 kB
VmallocChunk:          0 kB
Percpu:             7616 kB
CmaTotal:         294912 kB
CmaFree:               0 kB
MemTotal:       12113136 kB
MemFree:         6251856 kB
MemAvailable:    7874180 kB
Buffers:            5708 kB
Cached:          1844560 kB
SwapCached:            0 kB
Active:          1567332 kB
Inactive:        1604344 kB
Active(anon):    1327764 kB
Inactive(anon):    25348 kB
Active(file):     239568 kB
Inactive(file):  1578996 kB
Unevictable:        5508 kB
Mlocked:            5508 kB
SwapTotal:       3145724 kB
SwapFree:        3145724 kB
Dirty:               224 kB
Writeback:             0 kB
AnonPages:       1326984 kB
Mapped:           863048 kB
Shmem:             27252 kB
KReclaimable:     672464 kB
Slab:             225328 kB
SReclaimable:      77844 kB
SUnreclaim:       147484 kB
KernelStack:       47056 kB
PageTables:        63668 kB
NFS_Unstable:          0 kB
Bounce:                0 kB
WritebackTmp:          0 kB
CommitLimit:     9202292 kB
Committed_AS:   67367292 kB
VmallocTotal:   263061440 kB
VmallocUsed:      104008 kB
VmallocChunk:          0 kB
Percpu:             7616 kB
CmaTotal:         294912 kB
CmaFree:               0 kB
MemTotal:       12113136 kB
MemFree:         6239284 kB
MemAvailable:    7861624 kB
Buffers:            5708 kB
Cached:          1844580 kB
SwapCached:            0 kB
Active:          1580204 kB
Inactive:        1604364 kB
Active(anon):    1340636 kB
Inactive(anon):    25352 kB
Active(file):     239568 kB
Inactive(file):  1579012 kB
Unevictable:        5508 kB
Mlocked:            5508 kB
SwapTotal:       3145724 kB
SwapFree:        3145724 kB
Dirty:               304 kB
Writeback:             0 kB
AnonPages:       1339948 kB
Mapped:           863052 kB
Shmem:             27256 kB
KReclaimable:     672464 kB
Slab:             225320 kB
SReclaimable:      77844 kB
SUnreclaim:       147476 kB
KernelStack:       47040 kB
PageTables:        63684 kB
NFS_Unstable:          0 kB
Bounce:                0 kB
WritebackTmp:          0 kB
CommitLimit:     9202292 kB
Committed_AS:   67371792 kB
VmallocTotal:   263061440 kB
VmallocUsed:      104024 kB
VmallocChunk:          0 kB
Percpu:             7616 kB
CmaTotal:         294912 kB
CmaFree:               0 kB
MemTotal:       12113136 kB
MemFree:         6232088 kB
MemAvailable:    7854436 kB
Buffers:            5708 kB
Cached:          1844588 kB
SwapCached:            0 kB
Active:          1586324 kB
Inactive:        1604372 kB
Active(anon):    1346756 kB
Inactive(anon):    25352 kB
Active(file):     239568 kB
Inactive(file):  1579020 kB
Unevictable:        5508 kB
Mlocked:            5508 kB
SwapTotal:       3145724 kB
SwapFree:        3145724 kB
Dirty:               312 kB
Writeback:             0 kB
AnonPages:       1345844 kB
Mapped:           863160 kB
Shmem:             27256 kB
KReclaimable:     672464 kB
Slab:             225320 kB
SReclaimable:      77844 kB
SUnreclaim:       147476 kB
KernelStack:       47040 kB
PageTables:        63700 kB
NFS_Unstable:          0 kB
Bounce:                0 kB
WritebackTmp:          0 kB
CommitLimit:     9202292 kB
Committed_AS:   67394844 kB
VmallocTotal:   263061440 kB
VmallocUsed:      104024 kB
VmallocChunk:          0 kB
Percpu:             7616 kB
CmaTotal:         294912 kB
CmaFree:               0 kB
MemTotal:       12113136 kB
MemFree:         6229808 kB
MemAvailable:    7852192 kB
Buffers:            5708 kB
Cached:          1844624 kB
SwapCached:            0 kB
Active:          1587568 kB
Inactive:        1604408 kB
Active(anon):    1348000 kB
Inactive(anon):    25352 kB
Active(file):     239568 kB
Inactive(file):  1579056 kB
Unevictable:        5508 kB
Mlocked:            5508 kB
SwapTotal:       3145724 kB
SwapFree:        3145724 kB
Dirty:               360 kB
Writeback:             0 kB
AnonPages:       1346940 kB
Mapped:           863052 kB
Shmem:             27256 kB
KReclaimable:     672464 kB
Slab:             225328 kB
SReclaimable:      77844 kB
SUnreclaim:       147484 kB
KernelStack:       47024 kB
PageTables:        63724 kB
NFS_Unstable:          0 kB
Bounce:                0 kB
WritebackTmp:          0 kB
CommitLimit:     9202292 kB
Committed_AS:   67403800 kB
VmallocTotal:   263061440 kB
VmallocUsed:      104056 kB
VmallocChunk:          0 kB
Percpu:             7616 kB
CmaTotal:         294912 kB
CmaFree:               0 kB
MemTotal:       12113136 kB
MemFree:         6221656 kB
MemAvailable:    7844052 kB
Buffers:            5708 kB
Cached:          1844636 kB
SwapCached:            0 kB
Active:          1597632 kB
Inactive:        1604420 kB
Active(anon):    1358064 kB
Inactive(anon):    25352 kB
Active(file):     239568 kB
Inactive(file):  1579068 kB
Unevictable:        5508 kB
Mlocked:            5508 kB
SwapTotal:       3145724 kB
SwapFree:        3145724 kB
Dirty:               388 kB
Writeback:             0 kB
AnonPages:       1357400 kB
Mapped:           863052 kB
Shmem:             27256 kB
KReclaimable:     672464 kB
Slab:             225328 kB
SReclaimable:      77844 kB
SUnreclaim:       147484 kB
KernelStack:       47024 kB
PageTables:        63740 kB
NFS_Unstable:          0 kB
Bounce:                0 kB
WritebackTmp:          0 kB
CommitLimit:     9202292 kB
Committed_AS:   67404748 kB
VmallocTotal:   263061440 kB
VmallocUsed:      104024 kB
VmallocChunk:          0 kB
Percpu:             7616 kB
CmaTotal:         294912 kB
CmaFree:              32 kB
MemTotal:       12113136 kB
MemFree:         6237596 kB
MemAvailable:    7860000 kB
Buffers:            5708 kB
Cached:          1844644 kB
SwapCached:            0 kB
Active:          1578808 kB
Inactive:        1604428 kB
Active(anon):    1339240 kB
Inactive(anon):    25352 kB
Active(file):     239568 kB
Inactive(file):  1579076 kB
Unevictable:        5508 kB
Mlocked:            5508 kB
SwapTotal:       3145724 kB
SwapFree:        3145724 kB
Dirty:               232 kB
Writeback:             0 kB
AnonPages:       1338588 kB
Mapped:           863052 kB
Shmem:             27256 kB
KReclaimable:     672464 kB
Slab:             225328 kB
SReclaimable:      77844 kB
SUnreclaim:       147484 kB
KernelStack:       47024 kB
PageTables:        63724 kB
NFS_Unstable:          0 kB
Bounce:                0 kB
WritebackTmp:          0 kB
CommitLimit:     9202292 kB
Committed_AS:   67401244 kB
VmallocTotal:   263061440 kB
VmallocUsed:      104040 kB
VmallocChunk:          0 kB
Percpu:             7616 kB
CmaTotal:         294912 kB
CmaFree:               0 kB
MemTotal:       12113136 kB
MemFree:         6236724 kB
MemAvailable:    7859136 kB
Buffers:            5708 kB
Cached:          1844652 kB
SwapCached:            0 kB
Active:          1579164 kB
Inactive:        1604436 kB
Active(anon):    1339596 kB
Inactive(anon):    25352 kB
Active(file):     239568 kB
Inactive(file):  1579084 kB
Unevictable:        5508 kB
Mlocked:            5508 kB
SwapTotal:       3145724 kB
SwapFree:        3145724 kB
Dirty:               300 kB
Writeback:             0 kB
AnonPages:       1338828 kB
Mapped:           863052 kB
Shmem:             27256 kB
KReclaimable:     672464 kB
Slab:             225328 kB
SReclaimable:      77844 kB
SUnreclaim:       147484 kB
KernelStack:       47024 kB
PageTables:        63736 kB
NFS_Unstable:          0 kB
Bounce:                0 kB
WritebackTmp:          0 kB
CommitLimit:     9202292 kB
Committed_AS:   67402100 kB
VmallocTotal:   263061440 kB
VmallocUsed:      104072 kB
VmallocChunk:          0 kB
Percpu:             7616 kB
CmaTotal:         294912 kB
CmaFree:               0 kB
MemTotal:       12113136 kB
MemFree:         6223948 kB
MemAvailable:    7846376 kB
Buffers:            5708 kB
Cached:          1844668 kB
SwapCached:            0 kB
Active:          1594140 kB
Inactive:        1604452 kB
Active(anon):    1354572 kB
Inactive(anon):    25352 kB
Active(file):     239568 kB
Inactive(file):  1579100 kB
Unevictable:        5508 kB
Mlocked:            5508 kB
SwapTotal:       3145724 kB
SwapFree:        3145724 kB
Dirty:               348 kB
Writeback:             0 kB
AnonPages:       1354204 kB
Mapped:           863052 kB
Shmem:             27256 kB
KReclaimable:     672464 kB
Slab:             225328 kB
SReclaimable:      77844 kB
SUnreclaim:       147484 kB
KernelStack:       47024 kB
PageTables:        63716 kB
NFS_Unstable:          0 kB
Bounce:                0 kB
WritebackTmp:          0 kB
CommitLimit:     9202292 kB
Committed_AS:   67401800 kB
VmallocTotal:   263061440 kB
VmallocUsed:      104056 kB
VmallocChunk:          0 kB
Percpu:             7616 kB
CmaTotal:         294912 kB
CmaFree:               0 kB
MemTotal:       12113136 kB
MemFree:         6237836 kB
MemAvailable:    7860300 kB
Buffers:            5716 kB
Cached:          1844696 kB
SwapCached:            0 kB
Active:          1579776 kB
Inactive:        1604480 kB
Active(anon):    1340200 kB
Inactive(anon):    25352 kB
Active(file):     239576 kB
Inactive(file):  1579128 kB
Unevictable:        5508 kB
Mlocked:            5508 kB
SwapTotal:       3145724 kB
SwapFree:        3145724 kB
Dirty:               344 kB
Writeback:             0 kB
AnonPages:       1339372 kB
Mapped:           863052 kB
Shmem:             27256 kB
KReclaimable:     672464 kB
Slab:             225320 kB
SReclaimable:      77844 kB
SUnreclaim:       147476 kB
KernelStack:       47040 kB
PageTables:        63704 kB
NFS_Unstable:          0 kB
Bounce:                0 kB
WritebackTmp:          0 kB
CommitLimit:     9202292 kB
Committed_AS:   67396892 kB
VmallocTotal:   263061440 kB
VmallocUsed:      104056 kB
VmallocChunk:          0 kB
Percpu:             7616 kB
CmaTotal:         294912 kB
CmaFree:               0 kB
MemTotal:       12113136 kB
MemFree:         6236072 kB
MemAvailable:    7858548 kB
Buffers:            5716 kB
Cached:          1844708 kB
SwapCached:            0 kB
Active:          1580276 kB
Inactive:        1604492 kB
Active(anon):    1340700 kB
Inactive(anon):    25352 kB
Active(file):     239576 kB
Inactive(file):  1579140 kB
Unevictable:        5508 kB
Mlocked:            5508 kB
SwapTotal:       3145724 kB
SwapFree:        3145724 kB
Dirty:               356 kB
Writeback:             0 kB
AnonPages:       1339940 kB
Mapped:           863052 kB
Shmem:             27256 kB
KReclaimable:     672464 kB
Slab:             225320 kB
SReclaimable:      77844 kB
SUnreclaim:       147476 kB
KernelStack:       47024 kB
PageTables:        63724 kB
NFS_Unstable:          0 kB
Bounce:                0 kB
WritebackTmp:          0 kB
CommitLimit:     9202292 kB
Committed_AS:   67399908 kB
VmallocTotal:   263061440 kB
VmallocUsed:      104056 kB
VmallocChunk:          0 kB
Percpu:             7616 kB
CmaTotal:         294912 kB
CmaFree:               0 kB
MemTotal:       12113136 kB
MemFree:         6220080 kB
MemAvailable:    7842564 kB
Buffers:            5716 kB
Cached:          1844716 kB
SwapCached:            0 kB
Active:          1599804 kB
Inactive:        1604500 kB
Active(anon):    1360228 kB
Inactive(anon):    25352 kB
Active(file):     239576 kB
Inactive(file):  1579148 kB
Unevictable:        5508 kB
Mlocked:            5508 kB
SwapTotal:       3145724 kB
SwapFree:        3145724 kB
Dirty:               376 kB
Writeback:             0 kB
AnonPages:       1359500 kB
Mapped:           863052 kB
Shmem:             27256 kB
KReclaimable:     672464 kB
Slab:             225320 kB
SReclaimable:      77844 kB
SUnreclaim:       147476 kB
KernelStack:       47008 kB
PageTables:        63732 kB
NFS_Unstable:          0 kB
Bounce:                0 kB
WritebackTmp:          0 kB
CommitLimit:     9202292 kB
Committed_AS:   67399824 kB
VmallocTotal:   263061440 kB
VmallocUsed:      104040 kB
VmallocChunk:          0 kB
Percpu:             7616 kB
CmaTotal:         294912 kB
CmaFree:              24 kB
MemTotal:       12113136 kB
MemFree:         6233904 kB
MemAvailable:    7856404 kB
Buffers:            5716 kB
Cached:          1844732 kB
SwapCached:            0 kB
Active:          1582160 kB
Inactive:        1604516 kB
Active(anon):    1342584 kB
Inactive(anon):    25352 kB
Active(file):     239576 kB
Inactive(file):  1579164 kB
Unevictable:        5508 kB
Mlocked:            5508 kB
SwapTotal:       3145724 kB
SwapFree:        3145724 kB
Dirty:               396 kB
Writeback:             0 kB
AnonPages:       1341808 kB
Mapped:           863052 kB
Shmem:             27256 kB
KReclaimable:     672464 kB
Slab:             225312 kB
SReclaimable:      77844 kB
SUnreclaim:       147468 kB
KernelStack:       47024 kB
PageTables:        63728 kB
NFS_Unstable:          0 kB
Bounce:                0 kB
WritebackTmp:          0 kB
CommitLimit:     9202292 kB
Committed_AS:   67403376 kB
VmallocTotal:   263061440 kB
VmallocUsed:      104024 kB
VmallocChunk:          0 kB
Percpu:             7616 kB
CmaTotal:         294912 kB
CmaFree:               0 kB
MemTotal:       12113136 kB
MemFree:         6233936 kB
MemAvailable:    7856444 kB
Buffers:            5716 kB
Cached:          1844740 kB
SwapCached:            0 kB
Active:          1582888 kB
Inactive:        1604528 kB
Active(anon):    1343316 kB
Inactive(anon):    25352 kB
Active(file):     239572 kB
Inactive(file):  1579176 kB
Unevictable:        5508 kB
Mlocked:            5508 kB
SwapTotal:       3145724 kB
SwapFree:        3145724 kB
Dirty:               404 kB
Writeback:             0 kB
AnonPages:       1342556 kB
Mapped:           863052 kB
Shmem:             27256 kB
KReclaimable:     672464 kB
Slab:             225328 kB
SReclaimable:      77844 kB
SUnreclaim:       147484 kB
KernelStack:       47008 kB
PageTables:        63724 kB
NFS_Unstable:          0 kB
Bounce:                0 kB
WritebackTmp:          0 kB
CommitLimit:     9202292 kB
Committed_AS:   67394700 kB
VmallocTotal:   263061440 kB
VmallocUsed:      104024 kB
VmallocChunk:          0 kB
Percpu:             7616 kB
CmaTotal:         294912 kB
CmaFree:               0 kB
MemTotal:       12113136 kB
MemFree:         6249916 kB
MemAvailable:    7872444 kB
Buffers:            5716 kB
Cached:          1844760 kB
SwapCached:            0 kB
Active:          1568172 kB
Inactive:        1604544 kB
Active(anon):    1328596 kB
Inactive(anon):    25352 kB
Active(file):     239576 kB
Inactive(file):  1579192 kB
Unevictable:        5508 kB
Mlocked:            5508 kB
SwapTotal:       3145724 kB
SwapFree:        3145724 kB
Dirty:               436 kB
Writeback:             0 kB
AnonPages:       1327876 kB
Mapped:           863052 kB
Shmem:             27256 kB
KReclaimable:     672464 kB
Slab:             225304 kB
SReclaimable:      77844 kB
SUnreclaim:       147460 kB
KernelStack:       47008 kB
PageTables:        63728 kB
NFS_Unstable:          0 kB
Bounce:                0 kB
WritebackTmp:          0 kB
CommitLimit:     9202292 kB
Committed_AS:   67395648 kB
VmallocTotal:   263061440 kB
VmallocUsed:      104024 kB
VmallocChunk:          0 kB
Percpu:             7616 kB
CmaTotal:         294912 kB
CmaFree:               0 kB
MemTotal:       12113136 kB
MemFree:         6241180 kB
MemAvailable:    7863720 kB
Buffers:            5716 kB
Cached:          1844772 kB
SwapCached:            0 kB
Active:          1574900 kB
Inactive:        1604556 kB
Active(anon):    1335324 kB
Inactive(anon):    25352 kB
Active(file):     239576 kB
Inactive(file):  1579204 kB
Unevictable:        5508 kB
Mlocked:            5508 kB
SwapTotal:       3145724 kB
SwapFree:        3145724 kB
Dirty:               452 kB
Writeback:             0 kB
AnonPages:       1334576 kB
Mapped:           863052 kB
Shmem:             27256 kB
KReclaimable:     672464 kB
Slab:             225328 kB
SReclaimable:      77844 kB
SUnreclaim:       147484 kB
KernelStack:       47008 kB
PageTables:        63724 kB
NFS_Unstable:          0 kB
Bounce:                0 kB
WritebackTmp:          0 kB
CommitLimit:     9202292 kB
Committed_AS:   67395812 kB
VmallocTotal:   263061440 kB
VmallocUsed:      104024 kB
VmallocChunk:          0 kB
Percpu:             7616 kB
CmaTotal:         294912 kB
CmaFree:               0 kB
MemTotal:       12113136 kB
MemFree:         6240380 kB
MemAvailable:    7862928 kB
Buffers:            5716 kB
Cached:          1844780 kB
SwapCached:            0 kB
Active:          1575404 kB
Inactive:        1604564 kB
Active(anon):    1335828 kB
Inactive(anon):    25352 kB
Active(file):     239576 kB
Inactive(file):  1579212 kB
Unevictable:        5508 kB
Mlocked:            5508 kB
SwapTotal:       3145724 kB
SwapFree:        3145724 kB
Dirty:               460 kB
Writeback:             0 kB
AnonPages:       1334900 kB
Mapped:           863052 kB
Shmem:             27256 kB
KReclaimable:     672464 kB
Slab:             225328 kB
SReclaimable:      77844 kB
SUnreclaim:       147484 kB
KernelStack:       46976 kB
PageTables:        63724 kB
NFS_Unstable:          0 kB
Bounce:                0 kB
WritebackTmp:          0 kB
CommitLimit:     9202292 kB
Committed_AS:   67399124 kB
VmallocTotal:   263061440 kB
VmallocUsed:      104056 kB
VmallocChunk:          0 kB
Percpu:             7616 kB
CmaTotal:         294912 kB
CmaFree:               0 kB
MemTotal:       12113136 kB
MemFree:         6229132 kB
MemAvailable:    7851696 kB
Buffers:            5716 kB
Cached:          1844796 kB
SwapCached:            0 kB
Active:          1587944 kB
Inactive:        1604580 kB
Active(anon):    1348368 kB
Inactive(anon):    25352 kB
Active(file):     239576 kB
Inactive(file):  1579228 kB
Unevictable:        5508 kB
Mlocked:            5508 kB
SwapTotal:       3145724 kB
SwapFree:        3145724 kB
Dirty:               492 kB
Writeback:             0 kB
AnonPages:       1347300 kB
Mapped:           863052 kB
Shmem:             27256 kB
KReclaimable:     672464 kB
Slab:             225328 kB
SReclaimable:      77844 kB
SUnreclaim:       147484 kB
KernelStack:       46976 kB
PageTables:        63724 kB
NFS_Unstable:          0 kB
Bounce:                0 kB
WritebackTmp:          0 kB
CommitLimit:     9202292 kB
Committed_AS:   67399836 kB
VmallocTotal:   263061440 kB
VmallocUsed:      104008 kB
VmallocChunk:          0 kB
Percpu:             7616 kB
CmaTotal:         294912 kB
CmaFree:               0 kB
MemTotal:       12113136 kB
MemFree:         6250476 kB
MemAvailable:    7873048 kB
Buffers:            5716 kB
Cached:          1844804 kB
SwapCached:            0 kB
Active:          1568068 kB
Inactive:        1604588 kB
Active(anon):    1328492 kB
Inactive(anon):    25352 kB
Active(file):     239576 kB
Inactive(file):  1579236 kB
Unevictable:        5508 kB
Mlocked:            5508 kB
SwapTotal:       3145724 kB
SwapFree:        3145724 kB
Dirty:               508 kB
Writeback:             0 kB
AnonPages:       1327548 kB
Mapped:           863052 kB
Shmem:             27256 kB
KReclaimable:     672464 kB
Slab:             225320 kB
SReclaimable:      77844 kB
SUnreclaim:       147476 kB
KernelStack:       46992 kB
PageTables:        63472 kB
NFS_Unstable:          0 kB
Bounce:                0 kB
WritebackTmp:          0 kB
CommitLimit:     9202292 kB
Committed_AS:   67389256 kB
VmallocTotal:   263061440 kB
VmallocUsed:      103976 kB
VmallocChunk:          0 kB
Percpu:             7616 kB
CmaTotal:         294912 kB
CmaFree:               0 kB
MemTotal:       12113136 kB
MemFree:         6248528 kB
MemAvailable:    7871128 kB
Buffers:            5716 kB
Cached:          1844832 kB
SwapCached:            0 kB
Active:          1568820 kB
Inactive:        1604616 kB
Active(anon):    1329244 kB
Inactive(anon):    25352 kB
Active(file):     239576 kB
Inactive(file):  1579264 kB
Unevictable:        5508 kB
Mlocked:            5508 kB
SwapTotal:       3145724 kB
SwapFree:        3145724 kB
Dirty:               552 kB
Writeback:             0 kB
AnonPages:       1328580 kB
Mapped:           863052 kB
Shmem:             27256 kB
KReclaimable:     672464 kB
Slab:             225320 kB
SReclaimable:      77844 kB
SUnreclaim:       147476 kB
KernelStack:       46976 kB
PageTables:        63732 kB
NFS_Unstable:          0 kB
Bounce:                0 kB
WritebackTmp:          0 kB
CommitLimit:     9202292 kB
Committed_AS:   67399228 kB
VmallocTotal:   263061440 kB
VmallocUsed:      103992 kB
VmallocChunk:          0 kB
Percpu:             7616 kB
CmaTotal:         294912 kB
CmaFree:               0 kB
MemTotal:       12113136 kB
MemFree:         6228772 kB
MemAvailable:    7851384 kB
Buffers:            5716 kB
Cached:          1844844 kB
SwapCached:            0 kB
Active:          1590180 kB
Inactive:        1604628 kB
Active(anon):    1350604 kB
Inactive(anon):    25352 kB
Active(file):     239576 kB
Inactive(file):  1579276 kB
Unevictable:        5508 kB
Mlocked:            5508 kB
SwapTotal:       3145724 kB
SwapFree:        3145724 kB
Dirty:               580 kB
Writeback:             0 kB
AnonPages:       1341372 kB
Mapped:           863052 kB
Shmem:             27256 kB
KReclaimable:     672464 kB
Slab:             225320 kB
SReclaimable:      77844 kB
SUnreclaim:       147476 kB
KernelStack:       46976 kB
PageTables:        63728 kB
NFS_Unstable:          0 kB
Bounce:                0 kB
WritebackTmp:          0 kB
CommitLimit:     9202292 kB
Committed_AS:   67401336 kB
VmallocTotal:   263061440 kB
VmallocUsed:      104008 kB
VmallocChunk:          0 kB
Percpu:             7616 kB
CmaTotal:         294912 kB
CmaFree:               0 kB
MemTotal:       12113136 kB
MemFree:         6227904 kB
MemAvailable:    7850528 kB
Buffers:            5716 kB
Cached:          1844856 kB
SwapCached:            0 kB
Active:          1588648 kB
Inactive:        1604640 kB
Active(anon):    1349072 kB
Inactive(anon):    25352 kB
Active(file):     239576 kB
Inactive(file):  1579288 kB
Unevictable:        5508 kB
Mlocked:            5508 kB
SwapTotal:       3145724 kB
SwapFree:        3145724 kB
Dirty:               232 kB
Writeback:             0 kB
AnonPages:       1348160 kB
Mapped:           863208 kB
Shmem:             27256 kB
KReclaimable:     672464 kB
Slab:             225320 kB
SReclaimable:      77844 kB
SUnreclaim:       147476 kB
KernelStack:       47040 kB
PageTables:        63864 kB
NFS_Unstable:          0 kB
Bounce:                0 kB
WritebackTmp:          0 kB
CommitLimit:     9202292 kB
Committed_AS:   67398820 kB
VmallocTotal:   263061440 kB
VmallocUsed:      104008 kB
VmallocChunk:          0 kB
Percpu:             7616 kB
CmaTotal:         294912 kB
CmaFree:               0 kB
MemTotal:       12113136 kB
MemFree:         6227608 kB
MemAvailable:    7850240 kB
Buffers:            5716 kB
Cached:          1844864 kB
SwapCached:            0 kB
Active:          1588804 kB
Inactive:        1604648 kB
Active(anon):    1349228 kB
Inactive(anon):    25352 kB
Active(file):     239576 kB
Inactive(file):  1579296 kB
Unevictable:        5508 kB
Mlocked:            5508 kB
SwapTotal:       3145724 kB
SwapFree:        3145724 kB
Dirty:               300 kB
Writeback:             0 kB
AnonPages:       1348832 kB
Mapped:           863208 kB
Shmem:             27256 kB
KReclaimable:     672464 kB
Slab:             225320 kB
SReclaimable:      77844 kB
SUnreclaim:       147476 kB
KernelStack:       46976 kB
PageTables:        63724 kB
NFS_Unstable:          0 kB
Bounce:                0 kB
WritebackTmp:          0 kB
CommitLimit:     9202292 kB
Committed_AS:   67395320 kB
VmallocTotal:   263061440 kB
VmallocUsed:      104024 kB
VmallocChunk:          0 kB
Percpu:             7616 kB
CmaTotal:         294912 kB
CmaFree:               0 kB
MemTotal:       12113136 kB
MemFree:         6245940 kB
MemAvailable:    7868584 kB
Buffers:            5716 kB
Cached:          1844876 kB
SwapCached:            0 kB
Active:          1571780 kB
Inactive:        1604660 kB
Active(anon):    1332204 kB
Inactive(anon):    25352 kB
Active(file):     239576 kB
Inactive(file):  1579308 kB
Unevictable:        5508 kB
Mlocked:            5508 kB
SwapTotal:       3145724 kB
SwapFree:        3145724 kB
Dirty:               340 kB
Writeback:             0 kB
AnonPages:       1331492 kB
Mapped:           863208 kB
Shmem:             27256 kB
KReclaimable:     672464 kB
Slab:             225328 kB
SReclaimable:      77844 kB
SUnreclaim:       147484 kB
KernelStack:       46976 kB
PageTables:        63732 kB
NFS_Unstable:          0 kB
Bounce:                0 kB
WritebackTmp:          0 kB
CommitLimit:     9202292 kB
Committed_AS:   67399176 kB
VmallocTotal:   263061440 kB
VmallocUsed:      104008 kB
VmallocChunk:          0 kB
Percpu:             7616 kB
CmaTotal:         294912 kB
CmaFree:             624 kB
MemTotal:       12113136 kB
MemFree:         6218404 kB
MemAvailable:    7841068 kB
Buffers:            5716 kB
Cached:          1844896 kB
SwapCached:            0 kB
Active:          1599008 kB
Inactive:        1604680 kB
Active(anon):    1359432 kB
Inactive(anon):    25352 kB
Active(file):     239576 kB
Inactive(file):  1579328 kB
Unevictable:        5508 kB
Mlocked:            5508 kB
SwapTotal:       3145724 kB
SwapFree:        3145724 kB
Dirty:               360 kB
Writeback:             0 kB
AnonPages:       1358688 kB
Mapped:           863208 kB
Shmem:             27256 kB
KReclaimable:     672464 kB
Slab:             225312 kB
SReclaimable:      77844 kB
SUnreclaim:       147468 kB
KernelStack:       46976 kB
PageTables:        63736 kB
NFS_Unstable:          0 kB
Bounce:                0 kB
WritebackTmp:          0 kB
CommitLimit:     9202292 kB
Committed_AS:   67399292 kB
VmallocTotal:   263061440 kB
VmallocUsed:      104008 kB
VmallocChunk:          0 kB
Percpu:             7616 kB
CmaTotal:         294912 kB
CmaFree:               0 kB
MemTotal:       12113136 kB
MemFree:         6217196 kB
MemAvailable:    7840180 kB
Buffers:            5724 kB
Cached:          1844924 kB
SwapCached:            0 kB
Active:          1598992 kB
Inactive:        1604708 kB
Active(anon):    1359408 kB
Inactive(anon):    25356 kB
Active(file):     239584 kB
Inactive(file):  1579352 kB
Unevictable:        5508 kB
Mlocked:            5508 kB
SwapTotal:       3145724 kB
SwapFree:        3145724 kB
Dirty:               348 kB
Writeback:             0 kB
AnonPages:       1358660 kB
Mapped:           863212 kB
Shmem:             27260 kB
KReclaimable:     672464 kB
Slab:             225320 kB
SReclaimable:      77844 kB
SUnreclaim:       147476 kB
KernelStack:       46976 kB
PageTables:        63756 kB
NFS_Unstable:          0 kB
Bounce:                0 kB
WritebackTmp:          0 kB
CommitLimit:     9202292 kB
Committed_AS:   67402052 kB
VmallocTotal:   263061440 kB
VmallocUsed:      103976 kB
VmallocChunk:          0 kB
Percpu:             7616 kB
CmaTotal:         294912 kB
CmaFree:               0 kB
MemTotal:       12113136 kB
MemFree:         6205912 kB
MemAvailable:    7828624 kB
Buffers:            5724 kB
Cached:          1844940 kB
SwapCached:            0 kB
Active:          1613632 kB
Inactive:        1604724 kB
Active(anon):    1374048 kB
Inactive(anon):    25356 kB
Active(file):     239584 kB
Inactive(file):  1579368 kB
Unevictable:        5508 kB
Mlocked:            5508 kB
SwapTotal:       3145724 kB
SwapFree:        3145724 kB
Dirty:               200 kB
Writeback:             0 kB
AnonPages:       1373052 kB
Mapped:           863212 kB
Shmem:             27260 kB
KReclaimable:     672464 kB
Slab:             225328 kB
SReclaimable:      77844 kB
SUnreclaim:       147484 kB
KernelStack:       46976 kB
PageTables:        63756 kB
NFS_Unstable:          0 kB
Bounce:                0 kB
WritebackTmp:          0 kB
CommitLimit:     9202292 kB
Committed_AS:   67400020 kB
VmallocTotal:   263061440 kB
VmallocUsed:      103976 kB
VmallocChunk:          0 kB
Percpu:             7616 kB
CmaTotal:         294912 kB
CmaFree:               0 kB
MemTotal:       12113136 kB
MemFree:         6226000 kB
MemAvailable:    7848724 kB
Buffers:            5724 kB
Cached:          1844952 kB
SwapCached:            0 kB
Active:          1590308 kB
Inactive:        1604736 kB
Active(anon):    1350724 kB
Inactive(anon):    25356 kB
Active(file):     239584 kB
Inactive(file):  1579380 kB
Unevictable:        5508 kB
Mlocked:            5508 kB
SwapTotal:       3145724 kB
SwapFree:        3145724 kB
Dirty:               268 kB
Writeback:             0 kB
AnonPages:       1349988 kB
Mapped:           863212 kB
Shmem:             27260 kB
KReclaimable:     672464 kB
Slab:             225328 kB
SReclaimable:      77844 kB
SUnreclaim:       147484 kB
KernelStack:       46976 kB
PageTables:        63756 kB
NFS_Unstable:          0 kB
Bounce:                0 kB
WritebackTmp:          0 kB
CommitLimit:     9202292 kB
Committed_AS:   67404048 kB
VmallocTotal:   263061440 kB
VmallocUsed:      103960 kB
VmallocChunk:          0 kB
Percpu:             7616 kB
CmaTotal:         294912 kB
CmaFree:               0 kB
MemTotal:       12113136 kB
MemFree:         6224932 kB
MemAvailable:    7847668 kB
Buffers:            5724 kB
Cached:          1844964 kB
SwapCached:            0 kB
Active:          1590988 kB
Inactive:        1604748 kB
Active(anon):    1351404 kB
Inactive(anon):    25356 kB
Active(file):     239584 kB
Inactive(file):  1579392 kB
Unevictable:        5508 kB
Mlocked:            5508 kB
SwapTotal:       3145724 kB
SwapFree:        3145724 kB
Dirty:               312 kB
Writeback:             0 kB
AnonPages:       1350580 kB
Mapped:           863212 kB
Shmem:             27260 kB
KReclaimable:     672464 kB
Slab:             225328 kB
SReclaimable:      77844 kB
SUnreclaim:       147484 kB
KernelStack:       46976 kB
PageTables:        63744 kB
NFS_Unstable:          0 kB
Bounce:                0 kB
WritebackTmp:          0 kB
CommitLimit:     9202292 kB
Committed_AS:   67399220 kB
VmallocTotal:   263061440 kB
VmallocUsed:      103992 kB
VmallocChunk:          0 kB
Percpu:             7616 kB
CmaTotal:         294912 kB
CmaFree:               0 kB
MemTotal:       12113136 kB
MemFree:         6209776 kB
MemAvailable:    7832524 kB
Buffers:            5724 kB
Cached:          1844976 kB
SwapCached:            0 kB
Active:          1608916 kB
Inactive:        1604760 kB
Active(anon):    1369332 kB
Inactive(anon):    25356 kB
Active(file):     239584 kB
Inactive(file):  1579404 kB
Unevictable:        5508 kB
Mlocked:            5508 kB
SwapTotal:       3145724 kB
SwapFree:        3145724 kB
Dirty:               324 kB
Writeback:             0 kB
AnonPages:       1368748 kB
Mapped:           863212 kB
Shmem:             27260 kB
KReclaimable:     672464 kB
Slab:             225320 kB
SReclaimable:      77844 kB
SUnreclaim:       147476 kB
KernelStack:       46976 kB
PageTables:        63748 kB
NFS_Unstable:          0 kB
Bounce:                0 kB
WritebackTmp:          0 kB
CommitLimit:     9202292 kB
Committed_AS:   67404396 kB
VmallocTotal:   263061440 kB
VmallocUsed:      104008 kB
VmallocChunk:          0 kB
Percpu:             7616 kB
CmaTotal:         294912 kB
CmaFree:              64 kB
MemTotal:       12113136 kB
MemFree:         6225700 kB
MemAvailable:    7848460 kB
Buffers:            5724 kB
Cached:          1844988 kB
SwapCached:            0 kB
Active:          1591504 kB
Inactive:        1604772 kB
Active(anon):    1351920 kB
Inactive(anon):    25356 kB
Active(file):     239584 kB
Inactive(file):  1579416 kB
Unevictable:        5508 kB
Mlocked:            5508 kB
SwapTotal:       3145724 kB
SwapFree:        3145724 kB
Dirty:               348 kB
Writeback:             0 kB
AnonPages:       1351116 kB
Mapped:           863212 kB
Shmem:             27260 kB
KReclaimable:     672464 kB
Slab:             225312 kB
SReclaimable:      77844 kB
SUnreclaim:       147468 kB
KernelStack:       46976 kB
PageTables:        63744 kB
NFS_Unstable:          0 kB
Bounce:                0 kB
WritebackTmp:          0 kB
CommitLimit:     9202292 kB
Committed_AS:   67404132 kB
VmallocTotal:   263061440 kB
VmallocUsed:      104040 kB
VmallocChunk:          0 kB
Percpu:             7616 kB
CmaTotal:         294912 kB
CmaFree:               0 kB
MemTotal:       12113136 kB
MemFree:         6224844 kB
MemAvailable:    7847612 kB
Buffers:            5724 kB
Cached:          1844996 kB
SwapCached:            0 kB
Active:          1592044 kB
Inactive:        1604780 kB
Active(anon):    1352460 kB
Inactive(anon):    25356 kB
Active(file):     239584 kB
Inactive(file):  1579424 kB
Unevictable:        5508 kB
Mlocked:            5508 kB
SwapTotal:       3145724 kB
SwapFree:        3145724 kB
Dirty:               356 kB
Writeback:             0 kB
AnonPages:       1351744 kB
Mapped:           863212 kB
Shmem:             27260 kB
KReclaimable:     672464 kB
Slab:             225320 kB
SReclaimable:      77844 kB
SUnreclaim:       147476 kB
KernelStack:       46976 kB
PageTables:        63744 kB
NFS_Unstable:          0 kB
Bounce:                0 kB
WritebackTmp:          0 kB
CommitLimit:     9202292 kB
Committed_AS:   67404176 kB
VmallocTotal:   263061440 kB
VmallocUsed:      104040 kB
VmallocChunk:          0 kB
Percpu:             7616 kB
CmaTotal:         294912 kB
CmaFree:               0 kB
MemTotal:       12113136 kB
MemFree:         6213156 kB
MemAvailable:    7835936 kB
Buffers:            5724 kB
Cached:          1845008 kB
SwapCached:            0 kB
Active:          1604336 kB
Inactive:        1604792 kB
Active(anon):    1364752 kB
Inactive(anon):    25356 kB
Active(file):     239584 kB
Inactive(file):  1579436 kB
Unevictable:        5508 kB
Mlocked:            5508 kB
SwapTotal:       3145724 kB
SwapFree:        3145724 kB
Dirty:               368 kB
Writeback:             0 kB
AnonPages:       1363996 kB
Mapped:           863212 kB
Shmem:             27260 kB
KReclaimable:     672464 kB
Slab:             225312 kB
SReclaimable:      77844 kB
SUnreclaim:       147468 kB
KernelStack:       46976 kB
PageTables:        63748 kB
NFS_Unstable:          0 kB
Bounce:                0 kB
WritebackTmp:          0 kB
CommitLimit:     9202292 kB
Committed_AS:   67403964 kB
VmallocTotal:   263061440 kB
VmallocUsed:      104024 kB
VmallocChunk:          0 kB
Percpu:             7616 kB
CmaTotal:         294912 kB
CmaFree:               8 kB
MemTotal:       12113136 kB
MemFree:         6223812 kB
MemAvailable:    7846600 kB
Buffers:            5724 kB
Cached:          1845016 kB
SwapCached:            0 kB
Active:          1593208 kB
Inactive:        1604800 kB
Active(anon):    1353624 kB
Inactive(anon):    25356 kB
Active(file):     239584 kB
Inactive(file):  1579444 kB
Unevictable:        5508 kB
Mlocked:            5508 kB
SwapTotal:       3145724 kB
SwapFree:        3145724 kB
Dirty:               392 kB
Writeback:             0 kB
AnonPages:       1352700 kB
Mapped:           863212 kB
Shmem:             27260 kB
KReclaimable:     672464 kB
Slab:             225308 kB
SReclaimable:      77844 kB
SUnreclaim:       147464 kB
KernelStack:       46976 kB
PageTables:        63748 kB
NFS_Unstable:          0 kB
Bounce:                0 kB
WritebackTmp:          0 kB
CommitLimit:     9202292 kB
Committed_AS:   67403748 kB
VmallocTotal:   263061440 kB
VmallocUsed:      103992 kB
VmallocChunk:          0 kB
Percpu:             7616 kB
CmaTotal:         294912 kB
CmaFree:               0 kB
MemTotal:       12113136 kB
MemFree:         6220936 kB
MemAvailable:    7843752 kB
Buffers:            5724 kB
Cached:          1845044 kB
SwapCached:            0 kB
Active:          1594068 kB
Inactive:        1604828 kB
Active(anon):    1354484 kB
Inactive(anon):    25356 kB
Active(file):     239584 kB
Inactive(file):  1579472 kB
Unevictable:        5508 kB
Mlocked:            5508 kB
SwapTotal:       3145724 kB
SwapFree:        3145724 kB
Dirty:               432 kB
Writeback:             0 kB
AnonPages:       1353648 kB
Mapped:           863212 kB
Shmem:             27260 kB
KReclaimable:     672464 kB
Slab:             225316 kB
SReclaimable:      77844 kB
SUnreclaim:       147472 kB
KernelStack:       46976 kB
PageTables:        63744 kB
NFS_Unstable:          0 kB
Bounce:                0 kB
WritebackTmp:          0 kB
CommitLimit:     9202292 kB
Committed_AS:   67404188 kB
VmallocTotal:   263061440 kB
VmallocUsed:      103992 kB
VmallocChunk:          0 kB
Percpu:             7616 kB
CmaTotal:         294912 kB
CmaFree:               0 kB
MemTotal:       12113136 kB
MemFree:         6209604 kB
MemAvailable:    7832432 kB
Buffers:            5724 kB
Cached:          1845056 kB
SwapCached:            0 kB
Active:          1608124 kB
Inactive:        1604840 kB
Active(anon):    1368540 kB
Inactive(anon):    25356 kB
Active(file):     239584 kB
Inactive(file):  1579484 kB
Unevictable:        5508 kB
Mlocked:            5508 kB
SwapTotal:       3145724 kB
SwapFree:        3145724 kB
Dirty:               444 kB
Writeback:             0 kB
AnonPages:       1367672 kB
Mapped:           863212 kB
Shmem:             27260 kB
KReclaimable:     672464 kB
Slab:             225316 kB
SReclaimable:      77844 kB
SUnreclaim:       147472 kB
KernelStack:       46976 kB
PageTables:        63744 kB
NFS_Unstable:          0 kB
Bounce:                0 kB
WritebackTmp:          0 kB
CommitLimit:     9202292 kB
Committed_AS:   67404604 kB
VmallocTotal:   263061440 kB
VmallocUsed:      104024 kB
VmallocChunk:          0 kB
Percpu:             7616 kB
CmaTotal:         294912 kB
CmaFree:               0 kB
MemTotal:       12113136 kB
MemFree:         6225056 kB
MemAvailable:    7847900 kB
Buffers:            5724 kB
Cached:          1845072 kB
SwapCached:            0 kB
Active:          1590728 kB
Inactive:        1604856 kB
Active(anon):    1351144 kB
Inactive(anon):    25356 kB
Active(file):     239584 kB
Inactive(file):  1579500 kB
Unevictable:        5508 kB
Mlocked:            5508 kB
SwapTotal:       3145724 kB
SwapFree:        3145724 kB
Dirty:               216 kB
Writeback:             0 kB
AnonPages:       1350400 kB
Mapped:           863212 kB
Shmem:             27260 kB
KReclaimable:     672464 kB
Slab:             225316 kB
SReclaimable:      77844 kB
SUnreclaim:       147472 kB
KernelStack:       46976 kB
PageTables:        63744 kB
NFS_Unstable:          0 kB
Bounce:                0 kB
WritebackTmp:          0 kB
CommitLimit:     9202292 kB
Committed_AS:   67404328 kB
VmallocTotal:   263061440 kB
VmallocUsed:      103992 kB
VmallocChunk:          0 kB
Percpu:             7616 kB
CmaTotal:         294912 kB
CmaFree:               0 kB
MemTotal:       12113136 kB
MemFree:         6224088 kB
MemAvailable:    7846940 kB
Buffers:            5724 kB
Cached:          1845080 kB
SwapCached:            0 kB
Active:          1591140 kB
Inactive:        1604864 kB
Active(anon):    1351556 kB
Inactive(anon):    25356 kB
Active(file):     239584 kB
Inactive(file):  1579508 kB
Unevictable:        5508 kB
Mlocked:            5508 kB
SwapTotal:       3145724 kB
SwapFree:        3145724 kB
Dirty:               260 kB
Writeback:             0 kB
AnonPages:       1350984 kB
Mapped:           863212 kB
Shmem:             27260 kB
KReclaimable:     672464 kB
Slab:             225316 kB
SReclaimable:      77844 kB
SUnreclaim:       147472 kB
KernelStack:       46976 kB
PageTables:        63748 kB
NFS_Unstable:          0 kB
Bounce:                0 kB
WritebackTmp:          0 kB
CommitLimit:     9202292 kB
Committed_AS:   67404428 kB
VmallocTotal:   263061440 kB
VmallocUsed:      103992 kB
VmallocChunk:          0 kB
Percpu:             7616 kB
CmaTotal:         294912 kB
CmaFree:               0 kB
MemTotal:       12113136 kB
MemFree:         6213452 kB
MemAvailable:    7836316 kB
Buffers:            5724 kB
Cached:          1845092 kB
SwapCached:            0 kB
Active:          1604012 kB
Inactive:        1604876 kB
Active(anon):    1364428 kB
Inactive(anon):    25356 kB
Active(file):     239584 kB
Inactive(file):  1579520 kB
Unevictable:        5508 kB
Mlocked:            5508 kB
SwapTotal:       3145724 kB
SwapFree:        3145724 kB
Dirty:               272 kB
Writeback:             0 kB
AnonPages:       1363768 kB
Mapped:           863212 kB
Shmem:             27260 kB
KReclaimable:     672464 kB
Slab:             225316 kB
SReclaimable:      77844 kB
SUnreclaim:       147472 kB
KernelStack:       46976 kB
PageTables:        63748 kB
NFS_Unstable:          0 kB
Bounce:                0 kB
WritebackTmp:          0 kB
CommitLimit:     9202292 kB
Committed_AS:   67404472 kB
VmallocTotal:   263061440 kB
VmallocUsed:      104008 kB
VmallocChunk:          0 kB
Percpu:             7616 kB
CmaTotal:         294912 kB
CmaFree:               0 kB
MemTotal:       12113136 kB
MemFree:         6224004 kB
MemAvailable:    7846888 kB
Buffers:            5724 kB
Cached:          1845112 kB
SwapCached:            0 kB
Active:          1592604 kB
Inactive:        1604892 kB
Active(anon):    1353016 kB
Inactive(anon):    25356 kB
Active(file):     239588 kB
Inactive(file):  1579536 kB
Unevictable:        5508 kB
Mlocked:            5508 kB
SwapTotal:       3145724 kB
SwapFree:        3145724 kB
Dirty:               324 kB
Writeback:             0 kB
AnonPages:       1351868 kB
Mapped:           863212 kB
Shmem:             27260 kB
KReclaimable:     672464 kB
Slab:             225308 kB
SReclaimable:      77844 kB
SUnreclaim:       147464 kB
KernelStack:       46944 kB
PageTables:        63744 kB
NFS_Unstable:          0 kB
Bounce:                0 kB
WritebackTmp:          0 kB
CommitLimit:     9202292 kB
Committed_AS:   67408268 kB
VmallocTotal:   263061440 kB
VmallocUsed:      103928 kB
VmallocChunk:          0 kB
Percpu:             7616 kB
CmaTotal:         294912 kB
CmaFree:               0 kB
MemTotal:       12113136 kB
MemFree:         6222128 kB
MemAvailable:    7845076 kB
Buffers:            5732 kB
Cached:          1845164 kB
SwapCached:            0 kB
Active:          1593060 kB
Inactive:        1604944 kB
Active(anon):    1353464 kB
Inactive(anon):    25356 kB
Active(file):     239596 kB
Inactive(file):  1579588 kB
Unevictable:        5508 kB
Mlocked:            5508 kB
SwapTotal:       3145724 kB
SwapFree:        3145724 kB
Dirty:               344 kB
Writeback:             0 kB
AnonPages:       1352448 kB
Mapped:           863212 kB
Shmem:             27260 kB
KReclaimable:     672468 kB
Slab:             225320 kB
SReclaimable:      77848 kB
SUnreclaim:       147472 kB
KernelStack:       46944 kB
PageTables:        63752 kB
NFS_Unstable:          0 kB
Bounce:                0 kB
WritebackTmp:          0 kB
CommitLimit:     9202292 kB
Committed_AS:   67408224 kB
VmallocTotal:   263061440 kB
VmallocUsed:      103944 kB
VmallocChunk:          0 kB
Percpu:             7616 kB
CmaTotal:         294912 kB
CmaFree:               0 kB
MemTotal:       12113136 kB
MemFree:         6209084 kB
MemAvailable:    7832020 kB
Buffers:            5732 kB
Cached:          1845152 kB
SwapCached:            0 kB
Active:          1607968 kB
Inactive:        1604936 kB
Active(anon):    1368376 kB
Inactive(anon):    25356 kB
Active(file):     239592 kB
Inactive(file):  1579580 kB
Unevictable:        5508 kB
Mlocked:            5508 kB
SwapTotal:       3145724 kB
SwapFree:        3145724 kB
Dirty:               360 kB
Writeback:             0 kB
AnonPages:       1367616 kB
Mapped:           863212 kB
Shmem:             27260 kB
KReclaimable:     672468 kB
Slab:             225320 kB
SReclaimable:      77848 kB
SUnreclaim:       147472 kB
KernelStack:       46944 kB
PageTables:        63748 kB
NFS_Unstable:          0 kB
Bounce:                0 kB
WritebackTmp:          0 kB
CommitLimit:     9202292 kB
Committed_AS:   67401700 kB
VmallocTotal:   263061440 kB
VmallocUsed:      103912 kB
VmallocChunk:          0 kB
Percpu:             7616 kB
CmaTotal:         294912 kB
CmaFree:               0 kB
MemTotal:       12113136 kB
MemFree:         6220376 kB
MemAvailable:    7843324 kB
Buffers:            5732 kB
Cached:          1845168 kB
SwapCached:            0 kB
Active:          1594284 kB
Inactive:        1604952 kB
Active(anon):    1354692 kB
Inactive(anon):    25360 kB
Active(file):     239592 kB
Inactive(file):  1579592 kB
Unevictable:        5508 kB
Mlocked:            5508 kB
SwapTotal:       3145724 kB
SwapFree:        3145724 kB
Dirty:               384 kB
Writeback:             0 kB
AnonPages:       1353952 kB
Mapped:           863180 kB
Shmem:             27264 kB
KReclaimable:     672468 kB
Slab:             225328 kB
SReclaimable:      77848 kB
SUnreclaim:       147480 kB
KernelStack:       46960 kB
PageTables:        63872 kB
NFS_Unstable:          0 kB
Bounce:                0 kB
WritebackTmp:          0 kB
CommitLimit:     9202292 kB
Committed_AS:   67396308 kB
VmallocTotal:   263061440 kB
VmallocUsed:      103944 kB
VmallocChunk:          0 kB
Percpu:             7616 kB
CmaTotal:         294912 kB
CmaFree:               0 kB
MemTotal:       12113136 kB
MemFree:         6251748 kB
MemAvailable:    7874700 kB
Buffers:            5732 kB
Cached:          1845172 kB
SwapCached:            0 kB
Active:          1562820 kB
Inactive:        1604956 kB
Active(anon):    1323228 kB
Inactive(anon):    25360 kB
Active(file):     239592 kB
Inactive(file):  1579596 kB
Unevictable:        5508 kB
Mlocked:            5508 kB
SwapTotal:       3145724 kB
SwapFree:        3145724 kB
Dirty:               408 kB
Writeback:             0 kB
AnonPages:       1322440 kB
Mapped:           863216 kB
Shmem:             27264 kB
KReclaimable:     672468 kB
Slab:             225320 kB
SReclaimable:      77848 kB
SUnreclaim:       147472 kB
KernelStack:       46944 kB
PageTables:        63760 kB
NFS_Unstable:          0 kB
Bounce:                0 kB
WritebackTmp:          0 kB
CommitLimit:     9202292 kB
Committed_AS:   67407660 kB
VmallocTotal:   263061440 kB
VmallocUsed:      103944 kB
VmallocChunk:          0 kB
Percpu:             7616 kB
CmaTotal:         294912 kB
CmaFree:              52 kB
MemTotal:       12113136 kB
MemFree:         6240072 kB
MemAvailable:    7863040 kB
Buffers:            5732 kB
Cached:          1845188 kB
SwapCached:            0 kB
Active:          1576420 kB
Inactive:        1604972 kB
Active(anon):    1336828 kB
Inactive(anon):    25360 kB
Active(file):     239592 kB
Inactive(file):  1579612 kB
Unevictable:        5508 kB
Mlocked:            5508 kB
SwapTotal:       3145724 kB
SwapFree:        3145724 kB
Dirty:               476 kB
Writeback:             0 kB
AnonPages:       1335876 kB
Mapped:           863216 kB
Shmem:             27264 kB
KReclaimable:     672468 kB
Slab:             225320 kB
SReclaimable:      77848 kB
SUnreclaim:       147472 kB
KernelStack:       46944 kB
PageTables:        63740 kB
NFS_Unstable:          0 kB
Bounce:                0 kB
WritebackTmp:          0 kB
CommitLimit:     9202292 kB
Committed_AS:   67406860 kB
VmallocTotal:   263061440 kB
VmallocUsed:      103960 kB
VmallocChunk:          0 kB
Percpu:             7616 kB
CmaTotal:         294912 kB
CmaFree:               0 kB
MemTotal:       12113136 kB
MemFree:         6234688 kB
MemAvailable:    7857672 kB
Buffers:            5732 kB
Cached:          1845204 kB
SwapCached:            0 kB
Active:          1582076 kB
Inactive:        1604988 kB
Active(anon):    1342484 kB
Inactive(anon):    25360 kB
Active(file):     239592 kB
Inactive(file):  1579628 kB
Unevictable:        5508 kB
Mlocked:            5508 kB
SwapTotal:       3145724 kB
SwapFree:        3145724 kB
Dirty:               508 kB
Writeback:             0 kB
AnonPages:       1341684 kB
Mapped:           863216 kB
Shmem:             27264 kB
KReclaimable:     672468 kB
Slab:             225312 kB
SReclaimable:      77848 kB
SUnreclaim:       147464 kB
KernelStack:       46944 kB
PageTables:        63756 kB
NFS_Unstable:          0 kB
Bounce:                0 kB
WritebackTmp:          0 kB
CommitLimit:     9202292 kB
Committed_AS:   67401596 kB
VmallocTotal:   263061440 kB
VmallocUsed:      103944 kB
VmallocChunk:          0 kB
Percpu:             7616 kB
CmaTotal:         294912 kB
CmaFree:               0 kB
MemTotal:       12113136 kB
MemFree:         6232908 kB
MemAvailable:    7855904 kB
Buffers:            5732 kB
Cached:          1845216 kB
SwapCached:            0 kB
Active:          1582692 kB
Inactive:        1604992 kB
Active(anon):    1343092 kB
Inactive(anon):    25360 kB
Active(file):     239600 kB
Inactive(file):  1579632 kB
Unevictable:        5508 kB
Mlocked:            5508 kB
SwapTotal:       3145724 kB
SwapFree:        3145724 kB
Dirty:               520 kB
Writeback:             0 kB
AnonPages:       1342412 kB
Mapped:           863216 kB
Shmem:             27264 kB
KReclaimable:     672468 kB
Slab:             225328 kB
SReclaimable:      77848 kB
SUnreclaim:       147480 kB
KernelStack:       46944 kB
PageTables:        63744 kB
NFS_Unstable:          0 kB
Bounce:                0 kB
WritebackTmp:          0 kB
CommitLimit:     9202292 kB
Committed_AS:   67399540 kB
VmallocTotal:   263061440 kB
VmallocUsed:      103960 kB
VmallocChunk:          0 kB
Percpu:             7616 kB
CmaTotal:         294912 kB
CmaFree:               0 kB
MemTotal:       12113136 kB
MemFree:         6236536 kB
MemAvailable:    7859540 kB
Buffers:            5732 kB
Cached:          1845224 kB
SwapCached:            0 kB
Active:          1582232 kB
Inactive:        1605000 kB
Active(anon):    1342632 kB
Inactive(anon):    25360 kB
Active(file):     239600 kB
Inactive(file):  1579640 kB
Unevictable:        5508 kB
Mlocked:            5508 kB
SwapTotal:       3145724 kB
SwapFree:        3145724 kB
Dirty:               528 kB
Writeback:             0 kB
AnonPages:       1341904 kB
Mapped:           863216 kB
Shmem:             27264 kB
KReclaimable:     672468 kB
Slab:             225320 kB
SReclaimable:      77848 kB
SUnreclaim:       147472 kB
KernelStack:       46944 kB
PageTables:        63752 kB
NFS_Unstable:          0 kB
Bounce:                0 kB
WritebackTmp:          0 kB
CommitLimit:     9202292 kB
Committed_AS:   67404124 kB
VmallocTotal:   263061440 kB
VmallocUsed:      103976 kB
VmallocChunk:          0 kB
Percpu:             7616 kB
CmaTotal:         294912 kB
CmaFree:               0 kB
MemTotal:       12113136 kB
MemFree:         6225440 kB
MemAvailable:    7848460 kB
Buffers:            5732 kB
Cached:          1845240 kB
SwapCached:            0 kB
Active:          1590964 kB
Inactive:        1605012 kB
Active(anon):    1351360 kB
Inactive(anon):    25360 kB
Active(file):     239604 kB
Inactive(file):  1579652 kB
Unevictable:        5508 kB
Mlocked:            5508 kB
SwapTotal:       3145724 kB
SwapFree:        3145724 kB
Dirty:               560 kB
Writeback:             0 kB
AnonPages:       1350412 kB
Mapped:           863216 kB
Shmem:             27264 kB
KReclaimable:     672468 kB
Slab:             225320 kB
SReclaimable:      77848 kB
SUnreclaim:       147472 kB
KernelStack:       46944 kB
PageTables:        63748 kB
NFS_Unstable:          0 kB
Bounce:                0 kB
WritebackTmp:          0 kB
CommitLimit:     9202292 kB
Committed_AS:   67394500 kB
VmallocTotal:   263061440 kB
VmallocUsed:      103976 kB
VmallocChunk:          0 kB
Percpu:             7616 kB
CmaTotal:         294912 kB
CmaFree:               0 kB
MemTotal:       12113136 kB
MemFree:         6224976 kB
MemAvailable:    7848020 kB
Buffers:            5732 kB
Cached:          1845268 kB
SwapCached:            0 kB
Active:          1591728 kB
Inactive:        1605036 kB
Active(anon):    1352124 kB
Inactive(anon):    25360 kB
Active(file):     239604 kB
Inactive(file):  1579676 kB
Unevictable:        5508 kB
Mlocked:            5508 kB
SwapTotal:       3145724 kB
SwapFree:        3145724 kB
Dirty:               608 kB
Writeback:             0 kB
AnonPages:       1351440 kB
Mapped:           863216 kB
Shmem:             27264 kB
KReclaimable:     672468 kB
Slab:             225312 kB
SReclaimable:      77848 kB
SUnreclaim:       147464 kB
KernelStack:       46944 kB
PageTables:        63756 kB
NFS_Unstable:          0 kB
Bounce:                0 kB
WritebackTmp:          0 kB
CommitLimit:     9202292 kB
Committed_AS:   67404344 kB
VmallocTotal:   263061440 kB
VmallocUsed:      103976 kB
VmallocChunk:          0 kB
Percpu:             7616 kB
CmaTotal:         294912 kB
CmaFree:               0 kB
MemTotal:       12113136 kB
MemFree:         6219420 kB
MemAvailable:    7842468 kB
Buffers:            5732 kB
Cached:          1845268 kB
SwapCached:            0 kB
Active:          1597888 kB
Inactive:        1605044 kB
Active(anon):    1358288 kB
Inactive(anon):    25360 kB
Active(file):     239600 kB
Inactive(file):  1579684 kB
Unevictable:        5508 kB
Mlocked:            5508 kB
SwapTotal:       3145724 kB
SwapFree:        3145724 kB
Dirty:               636 kB
Writeback:             0 kB
AnonPages:       1357432 kB
Mapped:           863216 kB
Shmem:             27264 kB
KReclaimable:     672468 kB
Slab:             225328 kB
SReclaimable:      77848 kB
SUnreclaim:       147480 kB
KernelStack:       46944 kB
PageTables:        63740 kB
NFS_Unstable:          0 kB
Bounce:                0 kB
WritebackTmp:          0 kB
CommitLimit:     9202292 kB
Committed_AS:   67404672 kB
VmallocTotal:   263061440 kB
VmallocUsed:      103944 kB
VmallocChunk:          0 kB
Percpu:             7616 kB
CmaTotal:         294912 kB
CmaFree:               0 kB
MemTotal:       12113136 kB
MemFree:         6233344 kB
MemAvailable:    7856408 kB
Buffers:            5732 kB
Cached:          1845284 kB
SwapCached:            0 kB
Active:          1583252 kB
Inactive:        1605060 kB
Active(anon):    1343652 kB
Inactive(anon):    25360 kB
Active(file):     239600 kB
Inactive(file):  1579700 kB
Unevictable:        5508 kB
Mlocked:            5508 kB
SwapTotal:       3145724 kB
SwapFree:        3145724 kB
Dirty:               248 kB
Writeback:             0 kB
AnonPages:       1342900 kB
Mapped:           863216 kB
Shmem:             27264 kB
KReclaimable:     672468 kB
Slab:             225320 kB
SReclaimable:      77848 kB
SUnreclaim:       147472 kB
KernelStack:       46944 kB
PageTables:        63740 kB
NFS_Unstable:          0 kB
Bounce:                0 kB
WritebackTmp:          0 kB
CommitLimit:     9202292 kB
Committed_AS:   67404764 kB
VmallocTotal:   263061440 kB
VmallocUsed:      103944 kB
VmallocChunk:          0 kB
Percpu:             7616 kB
CmaTotal:         294912 kB
CmaFree:               0 kB
MemTotal:       12113136 kB
MemFree:         6232000 kB
MemAvailable:    7855068 kB
Buffers:            5732 kB
Cached:          1845288 kB
SwapCached:            0 kB
Active:          1584088 kB
Inactive:        1605064 kB
Active(anon):    1344488 kB
Inactive(anon):    25360 kB
Active(file):     239600 kB
Inactive(file):  1579704 kB
Unevictable:        5508 kB
Mlocked:            5508 kB
SwapTotal:       3145724 kB
SwapFree:        3145724 kB
Dirty:               292 kB
Writeback:             0 kB
AnonPages:       1343724 kB
Mapped:           863216 kB
Shmem:             27264 kB
KReclaimable:     672468 kB
Slab:             225320 kB
SReclaimable:      77848 kB
SUnreclaim:       147472 kB
KernelStack:       46944 kB
PageTables:        63748 kB
NFS_Unstable:          0 kB
Bounce:                0 kB
WritebackTmp:          0 kB
CommitLimit:     9202292 kB
Committed_AS:   67404088 kB
VmallocTotal:   263061440 kB
VmallocUsed:      103960 kB
VmallocChunk:          0 kB
Percpu:             7616 kB
CmaTotal:         294912 kB
CmaFree:               0 kB
MemTotal:       12113136 kB
MemFree:         6220476 kB
MemAvailable:    7843564 kB
Buffers:            5732 kB
Cached:          1845308 kB
SwapCached:            0 kB
Active:          1596992 kB
Inactive:        1605084 kB
Active(anon):    1357392 kB
Inactive(anon):    25360 kB
Active(file):     239600 kB
Inactive(file):  1579724 kB
Unevictable:        5508 kB
Mlocked:            5508 kB
SwapTotal:       3145724 kB
SwapFree:        3145724 kB
Dirty:               312 kB
Writeback:             0 kB
AnonPages:       1356844 kB
Mapped:           863216 kB
Shmem:             27264 kB
KReclaimable:     672468 kB
Slab:             225320 kB
SReclaimable:      77848 kB
SUnreclaim:       147472 kB
KernelStack:       46944 kB
PageTables:        63740 kB
NFS_Unstable:          0 kB
Bounce:                0 kB
WritebackTmp:          0 kB
CommitLimit:     9202292 kB
Committed_AS:   67403816 kB
VmallocTotal:   263061440 kB
VmallocUsed:      103960 kB
VmallocChunk:          0 kB
Percpu:             7616 kB
CmaTotal:         294912 kB
CmaFree:               0 kB
MemTotal:       12113136 kB
MemFree:         6222860 kB
MemAvailable:    7845956 kB
Buffers:            5732 kB
Cached:          1845316 kB
SwapCached:            0 kB
Active:          1594548 kB
Inactive:        1605092 kB
Active(anon):    1354948 kB
Inactive(anon):    25360 kB
Active(file):     239600 kB
Inactive(file):  1579732 kB
Unevictable:        5508 kB
Mlocked:            5508 kB
SwapTotal:       3145724 kB
SwapFree:        3145724 kB
Dirty:               360 kB
Writeback:             0 kB
AnonPages:       1354260 kB
Mapped:           863216 kB
Shmem:             27264 kB
KReclaimable:     672468 kB
Slab:             225312 kB
SReclaimable:      77848 kB
SUnreclaim:       147464 kB
KernelStack:       46944 kB
PageTables:        63760 kB
NFS_Unstable:          0 kB
Bounce:                0 kB
WritebackTmp:          0 kB
CommitLimit:     9202292 kB
Committed_AS:   67444492 kB
VmallocTotal:   263061440 kB
VmallocUsed:      103960 kB
VmallocChunk:          0 kB
Percpu:             7616 kB
CmaTotal:         294912 kB
CmaFree:               0 kB
MemTotal:       12113136 kB
MemFree:         6221000 kB
MemAvailable:    7844136 kB
Buffers:            5740 kB
Cached:          1845348 kB
SwapCached:            0 kB
Active:          1595412 kB
Inactive:        1605124 kB
Active(anon):    1355804 kB
Inactive(anon):    25360 kB
Active(file):     239608 kB
Inactive(file):  1579764 kB
Unevictable:        5508 kB
Mlocked:            5508 kB
SwapTotal:       3145724 kB
SwapFree:        3145724 kB
Dirty:               352 kB
Writeback:             0 kB
AnonPages:       1355092 kB
Mapped:           863268 kB
Shmem:             27264 kB
KReclaimable:     672468 kB
Slab:             225304 kB
SReclaimable:      77848 kB
SUnreclaim:       147456 kB
KernelStack:       46944 kB
PageTables:        63760 kB
NFS_Unstable:          0 kB
Bounce:                0 kB
WritebackTmp:          0 kB
CommitLimit:     9202292 kB
Committed_AS:   67440664 kB
VmallocTotal:   263061440 kB
VmallocUsed:      103960 kB
VmallocChunk:          0 kB
Percpu:             7616 kB
CmaTotal:         294912 kB
CmaFree:               0 kB
MemTotal:       12113136 kB
MemFree:         6209332 kB
MemAvailable:    7832480 kB
Buffers:            5740 kB
Cached:          1845360 kB
SwapCached:            0 kB
Active:          1609332 kB
Inactive:        1605136 kB
Active(anon):    1369724 kB
Inactive(anon):    25360 kB
Active(file):     239608 kB
Inactive(file):  1579776 kB
Unevictable:        5508 kB
Mlocked:            5508 kB
SwapTotal:       3145724 kB
SwapFree:        3145724 kB
Dirty:               232 kB
Writeback:             0 kB
AnonPages:       1368664 kB
Mapped:           863268 kB
Shmem:             27264 kB
KReclaimable:     672468 kB
Slab:             225320 kB
SReclaimable:      77848 kB
SUnreclaim:       147472 kB
KernelStack:       46944 kB
PageTables:        63772 kB
NFS_Unstable:          0 kB
Bounce:                0 kB
WritebackTmp:          0 kB
CommitLimit:     9202292 kB
Committed_AS:   67440492 kB
VmallocTotal:   263061440 kB
VmallocUsed:      104008 kB
VmallocChunk:          0 kB
Percpu:             7616 kB
CmaTotal:         294912 kB
CmaFree:               0 kB
MemTotal:       12113136 kB
MemFree:         6219904 kB
MemAvailable:    7843040 kB
Buffers:            5740 kB
Cached:          1845348 kB
SwapCached:            0 kB
Active:          1597204 kB
Inactive:        1605128 kB
Active(anon):    1357600 kB
Inactive(anon):    25360 kB
Active(file):     239604 kB
Inactive(file):  1579768 kB
Unevictable:        5508 kB
Mlocked:            5508 kB
SwapTotal:       3145724 kB
SwapFree:        3145724 kB
Dirty:               312 kB
Writeback:             0 kB
AnonPages:       1356808 kB
Mapped:           863268 kB
Shmem:             27264 kB
KReclaimable:     672468 kB
Slab:             225328 kB
SReclaimable:      77848 kB
SUnreclaim:       147480 kB
KernelStack:       46944 kB
PageTables:        63764 kB
NFS_Unstable:          0 kB
Bounce:                0 kB
WritebackTmp:          0 kB
CommitLimit:     9202292 kB
Committed_AS:   67444924 kB
VmallocTotal:   263061440 kB
VmallocUsed:      104024 kB
VmallocChunk:          0 kB
Percpu:             7616 kB
CmaTotal:         294912 kB
CmaFree:               0 kB
MemTotal:       12113136 kB
MemFree:         6218756 kB
MemAvailable:    7841928 kB
Buffers:            5740 kB
Cached:          1845384 kB
SwapCached:            0 kB
Active:          1597648 kB
Inactive:        1605160 kB
Active(anon):    1358040 kB
Inactive(anon):    25360 kB
Active(file):     239608 kB
Inactive(file):  1579800 kB
Unevictable:        5508 kB
Mlocked:            5508 kB
SwapTotal:       3145724 kB
SwapFree:        3145724 kB
Dirty:               328 kB
Writeback:             0 kB
AnonPages:       1357188 kB
Mapped:           863268 kB
Shmem:             27264 kB
KReclaimable:     672468 kB
Slab:             225320 kB
SReclaimable:      77848 kB
SUnreclaim:       147472 kB
KernelStack:       46928 kB
PageTables:        63716 kB
NFS_Unstable:          0 kB
Bounce:                0 kB
WritebackTmp:          0 kB
CommitLimit:     9202292 kB
Committed_AS:   67445812 kB
VmallocTotal:   263061440 kB
VmallocUsed:      104008 kB
VmallocChunk:          0 kB
Percpu:             7616 kB
CmaTotal:         294912 kB
CmaFree:               0 kB
MemTotal:       12113136 kB
MemFree:         6203460 kB
MemAvailable:    7826644 kB
Buffers:            5740 kB
Cached:          1845404 kB
SwapCached:            0 kB
Active:          1614664 kB
Inactive:        1605180 kB
Active(anon):    1375056 kB
Inactive(anon):    25368 kB
Active(file):     239608 kB
Inactive(file):  1579812 kB
Unevictable:        5508 kB
Mlocked:            5508 kB
SwapTotal:       3145724 kB
SwapFree:        3145724 kB
Dirty:               372 kB
Writeback:             0 kB
AnonPages:       1374032 kB
Mapped:           863276 kB
Shmem:             27272 kB
KReclaimable:     672468 kB
Slab:             225328 kB
SReclaimable:      77848 kB
SUnreclaim:       147480 kB
KernelStack:       46976 kB
PageTables:        63768 kB
NFS_Unstable:          0 kB
Bounce:                0 kB
WritebackTmp:          0 kB
CommitLimit:     9202292 kB
Committed_AS:   67445080 kB
VmallocTotal:   263061440 kB
VmallocUsed:      103928 kB
VmallocChunk:          0 kB
Percpu:             7616 kB
CmaTotal:         294912 kB
CmaFree:               0 kB
MemTotal:       12113136 kB
MemFree:         6215276 kB
MemAvailable:    7838472 kB
Buffers:            5740 kB
Cached:          1845416 kB
SwapCached:            0 kB
Active:          1598728 kB
Inactive:        1605192 kB
Active(anon):    1359120 kB
Inactive(anon):    25368 kB
Active(file):     239608 kB
Inactive(file):  1579824 kB
Unevictable:        5508 kB
Mlocked:            5508 kB
SwapTotal:       3145724 kB
SwapFree:        3145724 kB
Dirty:               432 kB
Writeback:             0 kB
AnonPages:       1358188 kB
Mapped:           863276 kB
Shmem:             27272 kB
KReclaimable:     672468 kB
Slab:             225312 kB
SReclaimable:      77848 kB
SUnreclaim:       147464 kB
KernelStack:       46944 kB
PageTables:        63768 kB
NFS_Unstable:          0 kB
Bounce:                0 kB
WritebackTmp:          0 kB
CommitLimit:     9202292 kB
Committed_AS:   67439312 kB
VmallocTotal:   263061440 kB
VmallocUsed:      103944 kB
VmallocChunk:          0 kB
Percpu:             7616 kB
CmaTotal:         294912 kB
CmaFree:               0 kB
MemTotal:       12113136 kB
MemFree:         6215616 kB
MemAvailable:    7838824 kB
Buffers:            5740 kB
Cached:          1845428 kB
SwapCached:            0 kB
Active:          1599856 kB
Inactive:        1605204 kB
Active(anon):    1360248 kB
Inactive(anon):    25368 kB
Active(file):     239608 kB
Inactive(file):  1579836 kB
Unevictable:        5508 kB
Mlocked:            5508 kB
SwapTotal:       3145724 kB
SwapFree:        3145724 kB
Dirty:               216 kB
Writeback:             0 kB
AnonPages:       1359428 kB
Mapped:           863276 kB
Shmem:             27272 kB
KReclaimable:     672468 kB
Slab:             225320 kB
SReclaimable:      77848 kB
SUnreclaim:       147472 kB
KernelStack:       46960 kB
PageTables:        63732 kB
NFS_Unstable:          0 kB
Bounce:                0 kB
WritebackTmp:          0 kB
CommitLimit:     9202292 kB
Committed_AS:   67440080 kB
VmallocTotal:   263061440 kB
VmallocUsed:      103896 kB
VmallocChunk:          0 kB
Percpu:             7616 kB
CmaTotal:         294912 kB
CmaFree:               0 kB
MemTotal:       12113136 kB
MemFree:         6206228 kB
MemAvailable:    7829440 kB
Buffers:            5740 kB
Cached:          1845432 kB
SwapCached:            0 kB
Active:          1610376 kB
Inactive:        1605208 kB
Active(anon):    1370768 kB
Inactive(anon):    25368 kB
Active(file):     239608 kB
Inactive(file):  1579840 kB
Unevictable:        5508 kB
Mlocked:            5508 kB
SwapTotal:       3145724 kB
SwapFree:        3145724 kB
Dirty:               276 kB
Writeback:             0 kB
AnonPages:       1370016 kB
Mapped:           863276 kB
Shmem:             27272 kB
KReclaimable:     672468 kB
Slab:             225328 kB
SReclaimable:      77848 kB
SUnreclaim:       147480 kB
KernelStack:       46944 kB
PageTables:        63760 kB
NFS_Unstable:          0 kB
Bounce:                0 kB
WritebackTmp:          0 kB
CommitLimit:     9202292 kB
Committed_AS:   67440456 kB
VmallocTotal:   263061440 kB
VmallocUsed:      103912 kB
VmallocChunk:          0 kB
Percpu:             7616 kB
CmaTotal:         294912 kB
CmaFree:              40 kB
MemTotal:       12113136 kB
MemFree:         6216508 kB
MemAvailable:    7839736 kB
Buffers:            5740 kB
Cached:          1845448 kB
SwapCached:            0 kB
Active:          1599452 kB
Inactive:        1605224 kB
Active(anon):    1359844 kB
Inactive(anon):    25368 kB
Active(file):     239608 kB
Inactive(file):  1579856 kB
Unevictable:        5508 kB
Mlocked:            5508 kB
SwapTotal:       3145724 kB
SwapFree:        3145724 kB
Dirty:               300 kB
Writeback:             0 kB
AnonPages:       1359104 kB
Mapped:           863276 kB
Shmem:             27272 kB
KReclaimable:     672468 kB
Slab:             225296 kB
SReclaimable:      77848 kB
SUnreclaim:       147448 kB
KernelStack:       46928 kB
PageTables:        63760 kB
NFS_Unstable:          0 kB
Bounce:                0 kB
WritebackTmp:          0 kB
CommitLimit:     9202292 kB
Committed_AS:   67445132 kB
VmallocTotal:   263061440 kB
VmallocUsed:      103944 kB
