MemTotal:       12113132 kB
MemFree:         6433968 kB
MemAvailable:    7852800 kB
Buffers:            4828 kB
Cached:          1645628 kB
SwapCached:            0 kB
Active:          1575356 kB
Inactive:        1468180 kB
Active(anon):    1399404 kB
Inactive(anon):    23788 kB
Active(file):     175952 kB
Inactive(file):  1444392 kB
Unevictable:        5444 kB
Mlocked:            5444 kB
SwapTotal:       3145724 kB
SwapFree:        3145724 kB
Dirty:               192 kB
Writeback:             0 kB
AnonPages:       1398368 kB
Mapped:           867468 kB
Shmem:             25716 kB
KReclaimable:     667192 kB
Slab:             222404 kB
SReclaimable:      72256 kB
SUnreclaim:       150148 kB
KernelStack:       48400 kB
PageTables:        68912 kB
NFS_Unstable:          0 kB
Bounce:                0 kB
WritebackTmp:          0 kB
CommitLimit:     9202288 kB
Committed_AS:   76703808 kB
VmallocTotal:   263061440 kB
VmallocUsed:      105384 kB
VmallocChunk:          0 kB
Percpu:             7584 kB
CmaTotal:         294912 kB
CmaFree:               0 kB
MemTotal:       12113132 kB
MemFree:         6432160 kB
MemAvailable:    7851040 kB
Buffers:            4828 kB
Cached:          1645676 kB
SwapCached:            0 kB
Active:          1575900 kB
Inactive:        1468208 kB
Active(anon):    1399928 kB
Inactive(anon):    23788 kB
Active(file):     175972 kB
Inactive(file):  1444420 kB
Unevictable:        5444 kB
Mlocked:            5444 kB
SwapTotal:       3145724 kB
SwapFree:        3145724 kB
Dirty:               240 kB
Writeback:             0 kB
AnonPages:       1399240 kB
Mapped:           867632 kB
Shmem:             25716 kB
KReclaimable:     667192 kB
Slab:             222396 kB
SReclaimable:      72256 kB
SUnreclaim:       150140 kB
KernelStack:       48416 kB
PageTables:        69048 kB
NFS_Unstable:          0 kB
Bounce:                0 kB
WritebackTmp:          0 kB
CommitLimit:     9202288 kB
Committed_AS:   76703808 kB
VmallocTotal:   263061440 kB
VmallocUsed:      105400 kB
VmallocChunk:          0 kB
Percpu:             7584 kB
CmaTotal:         294912 kB
CmaFree:              16 kB
MemTotal:       12113132 kB
MemFree:         6431688 kB
MemAvailable:    7850584 kB
Buffers:            4832 kB
Cached:          1645696 kB
SwapCached:            0 kB
Active:          1576260 kB
Inactive:        1468220 kB
Active(anon):    1400284 kB
Inactive(anon):    23788 kB
Active(file):     175976 kB
Inactive(file):  1444432 kB
Unevictable:        5444 kB
Mlocked:            5444 kB
SwapTotal:       3145724 kB
SwapFree:        3145724 kB
Dirty:               260 kB
Writeback:             0 kB
AnonPages:       1399684 kB
Mapped:           867468 kB
Shmem:             25716 kB
KReclaimable:     667192 kB
Slab:             222408 kB
SReclaimable:      72256 kB
SUnreclaim:       150152 kB
KernelStack:       48384 kB
PageTables:        68948 kB
NFS_Unstable:          0 kB
Bounce:                0 kB
WritebackTmp:          0 kB
CommitLimit:     9202288 kB
Committed_AS:   76702208 kB
VmallocTotal:   263061440 kB
VmallocUsed:      105416 kB
VmallocChunk:          0 kB
Percpu:             7584 kB
CmaTotal:         294912 kB
CmaFree:               0 kB
MemTotal:       12113132 kB
MemFree:         6432752 kB
MemAvailable:    7851688 kB
Buffers:            4832 kB
Cached:          1645728 kB
SwapCached:            0 kB
Active:          1577012 kB
Inactive:        1468256 kB
Active(anon):    1401032 kB
Inactive(anon):    23788 kB
Active(file):     175980 kB
Inactive(file):  1444468 kB
Unevictable:        5444 kB
Mlocked:            5444 kB
SwapTotal:       3145724 kB
SwapFree:        3145724 kB
Dirty:               288 kB
Writeback:             0 kB
AnonPages:       1400356 kB
Mapped:           867472 kB
Shmem:             25716 kB
KReclaimable:     667192 kB
Slab:             222416 kB
SReclaimable:      72256 kB
SUnreclaim:       150160 kB
KernelStack:       48432 kB
PageTables:        69024 kB
NFS_Unstable:          0 kB
Bounce:                0 kB
WritebackTmp:          0 kB
CommitLimit:     9202288 kB
Committed_AS:   76707068 kB
VmallocTotal:   263061440 kB
VmallocUsed:      105432 kB
VmallocChunk:          0 kB
Percpu:             7584 kB
CmaTotal:         294912 kB
CmaFree:               0 kB
MemTotal:       12113132 kB
MemFree:         6430200 kB
MemAvailable:    7849144 kB
Buffers:            4832 kB
Cached:          1645736 kB
SwapCached:            0 kB
Active:          1577748 kB
Inactive:        1468268 kB
Active(anon):    1401772 kB
Inactive(anon):    23788 kB
Active(file):     175976 kB
Inactive(file):  1444480 kB
Unevictable:        5444 kB
Mlocked:            5444 kB
SwapTotal:       3145724 kB
SwapFree:        3145724 kB
Dirty:               300 kB
Writeback:             0 kB
AnonPages:       1400932 kB
Mapped:           867468 kB
Shmem:             25716 kB
KReclaimable:     667192 kB
Slab:             222412 kB
SReclaimable:      72256 kB
SUnreclaim:       150156 kB
KernelStack:       48384 kB
PageTables:        68952 kB
NFS_Unstable:          0 kB
Bounce:                0 kB
WritebackTmp:          0 kB
CommitLimit:     9202288 kB
Committed_AS:   76711064 kB
VmallocTotal:   263061440 kB
VmallocUsed:      105448 kB
VmallocChunk:          0 kB
Percpu:             7584 kB
CmaTotal:         294912 kB
CmaFree:               0 kB
MemTotal:       12113132 kB
MemFree:         6430364 kB
MemAvailable:    7849324 kB
Buffers:            4832 kB
Cached:          1645756 kB
SwapCached:            0 kB
Active:          1578792 kB
Inactive:        1468284 kB
Active(anon):    1402812 kB
Inactive(anon):    23792 kB
Active(file):     175980 kB
Inactive(file):  1444492 kB
Unevictable:        5444 kB
Mlocked:            5444 kB
SwapTotal:       3145724 kB
SwapFree:        3145724 kB
Dirty:               312 kB
Writeback:             0 kB
AnonPages:       1401908 kB
Mapped:           867664 kB
Shmem:             25720 kB
KReclaimable:     667192 kB
Slab:             222412 kB
SReclaimable:      72256 kB
SUnreclaim:       150156 kB
KernelStack:       48368 kB
PageTables:        68908 kB
NFS_Unstable:          0 kB
Bounce:                0 kB
WritebackTmp:          0 kB
CommitLimit:     9202288 kB
Committed_AS:   76711320 kB
VmallocTotal:   263061440 kB
VmallocUsed:      105448 kB
VmallocChunk:          0 kB
Percpu:             7584 kB
CmaTotal:         294912 kB
CmaFree:               0 kB
MemTotal:       12113132 kB
MemFree:         6439288 kB
MemAvailable:    7858248 kB
Buffers:            4832 kB
Cached:          1645756 kB
SwapCached:            0 kB
Active:          1568472 kB
Inactive:        1468288 kB
Active(anon):    1392496 kB
Inactive(anon):    23792 kB
Active(file):     175976 kB
Inactive(file):  1444496 kB
Unevictable:        5444 kB
Mlocked:            5444 kB
SwapTotal:       3145724 kB
SwapFree:        3145724 kB
Dirty:               324 kB
Writeback:             0 kB
AnonPages:       1391504 kB
Mapped:           867472 kB
Shmem:             25720 kB
KReclaimable:     667192 kB
Slab:             222424 kB
SReclaimable:      72256 kB
SUnreclaim:       150168 kB
KernelStack:       48400 kB
PageTables:        68952 kB
NFS_Unstable:          0 kB
Bounce:                0 kB
WritebackTmp:          0 kB
CommitLimit:     9202288 kB
Committed_AS:   76712436 kB
VmallocTotal:   263061440 kB
VmallocUsed:      105448 kB
VmallocChunk:          0 kB
Percpu:             7584 kB
CmaTotal:         294912 kB
CmaFree:             260 kB
MemTotal:       12113132 kB
MemFree:         6439432 kB
MemAvailable:    7858420 kB
Buffers:            4832 kB
Cached:          1645784 kB
SwapCached:            0 kB
Active:          1569100 kB
Inactive:        1468308 kB
Active(anon):    1393116 kB
Inactive(anon):    23792 kB
Active(file):     175984 kB
Inactive(file):  1444516 kB
Unevictable:        5444 kB
Mlocked:            5444 kB
SwapTotal:       3145724 kB
SwapFree:        3145724 kB
Dirty:               348 kB
Writeback:             0 kB
AnonPages:       1392528 kB
Mapped:           867664 kB
Shmem:             25720 kB
KReclaimable:     667192 kB
Slab:             222408 kB
SReclaimable:      72256 kB
SUnreclaim:       150152 kB
KernelStack:       48420 kB
PageTables:        68888 kB
NFS_Unstable:          0 kB
Bounce:                0 kB
WritebackTmp:          0 kB
CommitLimit:     9202288 kB
Committed_AS:   76717620 kB
VmallocTotal:   263061440 kB
VmallocUsed:      105464 kB
VmallocChunk:          0 kB
Percpu:             7584 kB
CmaTotal:         294912 kB
CmaFree:               0 kB
MemTotal:       12113132 kB
MemFree:         6439036 kB
MemAvailable:    7858032 kB
Buffers:            4832 kB
Cached:          1645792 kB
SwapCached:            0 kB
Active:          1569948 kB
Inactive:        1468320 kB
Active(anon):    1393968 kB
Inactive(anon):    23792 kB
Active(file):     175980 kB
Inactive(file):  1444528 kB
Unevictable:        5444 kB
Mlocked:            5444 kB
SwapTotal:       3145724 kB
SwapFree:        3145724 kB
Dirty:               360 kB
Writeback:             0 kB
AnonPages:       1392940 kB
Mapped:           867472 kB
Shmem:             25720 kB
KReclaimable:     667192 kB
Slab:             222424 kB
SReclaimable:      72256 kB
SUnreclaim:       150168 kB
KernelStack:       48432 kB
PageTables:        69064 kB
NFS_Unstable:          0 kB
Bounce:                0 kB
WritebackTmp:          0 kB
CommitLimit:     9202288 kB
Committed_AS:   76717400 kB
VmallocTotal:   263061440 kB
VmallocUsed:      105448 kB
VmallocChunk:          0 kB
Percpu:             7584 kB
CmaTotal:         294912 kB
CmaFree:               8 kB
MemTotal:       12113132 kB
MemFree:         6438568 kB
MemAvailable:    7857568 kB
Buffers:            4832 kB
Cached:          1645796 kB
SwapCached:            0 kB
Active:          1570536 kB
Inactive:        1468324 kB
Active(anon):    1394556 kB
Inactive(anon):    23792 kB
Active(file):     175980 kB
Inactive(file):  1444532 kB
Unevictable:        5444 kB
Mlocked:            5444 kB
SwapTotal:       3145724 kB
SwapFree:        3145724 kB
Dirty:               376 kB
Writeback:             0 kB
AnonPages:       1393700 kB
Mapped:           867472 kB
Shmem:             25720 kB
KReclaimable:     667192 kB
Slab:             222412 kB
SReclaimable:      72256 kB
SUnreclaim:       150156 kB
KernelStack:       48384 kB
PageTables:        68952 kB
NFS_Unstable:          0 kB
Bounce:                0 kB
WritebackTmp:          0 kB
CommitLimit:     9202288 kB
Committed_AS:   76717060 kB
VmallocTotal:   263061440 kB
VmallocUsed:      105464 kB
VmallocChunk:          0 kB
Percpu:             7584 kB
CmaTotal:         294912 kB
CmaFree:               0 kB
MemTotal:       12113132 kB
MemFree:         6436672 kB
MemAvailable:    7855684 kB
Buffers:            4832 kB
Cached:          1645808 kB
SwapCached:            0 kB
Active:          1571356 kB
Inactive:        1468336 kB
Active(anon):    1395376 kB
Inactive(anon):    23792 kB
Active(file):     175980 kB
Inactive(file):  1444544 kB
Unevictable:        5444 kB
Mlocked:            5444 kB
SwapTotal:       3145724 kB
SwapFree:        3145724 kB
Dirty:               388 kB
Writeback:             0 kB
AnonPages:       1394476 kB
Mapped:           867580 kB
Shmem:             25720 kB
KReclaimable:     667192 kB
Slab:             222420 kB
SReclaimable:      72256 kB
SUnreclaim:       150164 kB
KernelStack:       48384 kB
PageTables:        68944 kB
NFS_Unstable:          0 kB
Bounce:                0 kB
WritebackTmp:          0 kB
CommitLimit:     9202288 kB
Committed_AS:   76707892 kB
VmallocTotal:   263061440 kB
VmallocUsed:      105432 kB
VmallocChunk:          0 kB
Percpu:             7584 kB
CmaTotal:         294912 kB
CmaFree:               0 kB
MemTotal:       12113132 kB
MemFree:         6427704 kB
MemAvailable:    7846728 kB
Buffers:            4832 kB
Cached:          1645640 kB
SwapCached:            0 kB
Active:          1581524 kB
Inactive:        1468172 kB
Active(anon):    1405544 kB
Inactive(anon):    23616 kB
Active(file):     175980 kB
Inactive(file):  1444556 kB
Unevictable:        5444 kB
Mlocked:            5444 kB
SwapTotal:       3145724 kB
SwapFree:        3145724 kB
Dirty:               404 kB
Writeback:             0 kB
AnonPages:       1404692 kB
Mapped:           867244 kB
Shmem:             25540 kB
KReclaimable:     667192 kB
Slab:             222420 kB
SReclaimable:      72256 kB
SUnreclaim:       150164 kB
KernelStack:       48416 kB
PageTables:        68964 kB
NFS_Unstable:          0 kB
Bounce:                0 kB
WritebackTmp:          0 kB
CommitLimit:     9202288 kB
Committed_AS:   76712228 kB
VmallocTotal:   263061440 kB
VmallocUsed:      105480 kB
VmallocChunk:          0 kB
Percpu:             7584 kB
CmaTotal:         294912 kB
CmaFree:              48 kB
MemTotal:       12113132 kB
MemFree:         6434984 kB
MemAvailable:    7854044 kB
Buffers:            4832 kB
Cached:          1645856 kB
SwapCached:            0 kB
Active:          1572312 kB
Inactive:        1468384 kB
Active(anon):    1396332 kB
Inactive(anon):    23792 kB
Active(file):     175980 kB
Inactive(file):  1444592 kB
Unevictable:        5444 kB
Mlocked:            5444 kB
SwapTotal:       3145724 kB
SwapFree:        3145724 kB
Dirty:               460 kB
Writeback:             0 kB
AnonPages:       1395376 kB
Mapped:           867472 kB
Shmem:             25720 kB
KReclaimable:     667192 kB
Slab:             222424 kB
SReclaimable:      72256 kB
SUnreclaim:       150168 kB
KernelStack:       48384 kB
PageTables:        68956 kB
NFS_Unstable:          0 kB
Bounce:                0 kB
WritebackTmp:          0 kB
CommitLimit:     9202288 kB
Committed_AS:   76712388 kB
VmallocTotal:   263061440 kB
VmallocUsed:      105464 kB
VmallocChunk:          0 kB
Percpu:             7584 kB
CmaTotal:         294912 kB
CmaFree:               0 kB
MemTotal:       12113132 kB
MemFree:         6434980 kB
MemAvailable:    7854052 kB
Buffers:            4832 kB
Cached:          1645868 kB
SwapCached:            0 kB
Active:          1572576 kB
Inactive:        1468396 kB
Active(anon):    1396596 kB
Inactive(anon):    23792 kB
Active(file):     175980 kB
Inactive(file):  1444604 kB
Unevictable:        5444 kB
Mlocked:            5444 kB
SwapTotal:       3145724 kB
SwapFree:        3145724 kB
Dirty:               472 kB
Writeback:             0 kB
AnonPages:       1395800 kB
Mapped:           867664 kB
Shmem:             25720 kB
KReclaimable:     667192 kB
Slab:             222424 kB
SReclaimable:      72256 kB
SUnreclaim:       150168 kB
KernelStack:       48368 kB
PageTables:        68916 kB
NFS_Unstable:          0 kB
Bounce:                0 kB
WritebackTmp:          0 kB
CommitLimit:     9202288 kB
Committed_AS:   76712260 kB
VmallocTotal:   263061440 kB
VmallocUsed:      105480 kB
VmallocChunk:          0 kB
Percpu:             7584 kB
CmaTotal:         294912 kB
CmaFree:               0 kB
MemTotal:       12113132 kB
MemFree:         6421688 kB
MemAvailable:    7840772 kB
Buffers:            4832 kB
Cached:          1645880 kB
SwapCached:            0 kB
Active:          1588776 kB
Inactive:        1468408 kB
Active(anon):    1412796 kB
Inactive(anon):    23792 kB
Active(file):     175980 kB
Inactive(file):  1444616 kB
Unevictable:        5444 kB
Mlocked:            5444 kB
SwapTotal:       3145724 kB
SwapFree:        3145724 kB
Dirty:               484 kB
Writeback:             0 kB
AnonPages:       1411960 kB
Mapped:           867472 kB
Shmem:             25720 kB
KReclaimable:     667192 kB
Slab:             222428 kB
SReclaimable:      72256 kB
SUnreclaim:       150172 kB
KernelStack:       48384 kB
PageTables:        68960 kB
NFS_Unstable:          0 kB
Bounce:                0 kB
WritebackTmp:          0 kB
CommitLimit:     9202288 kB
Committed_AS:   76711904 kB
VmallocTotal:   263061440 kB
VmallocUsed:      105480 kB
VmallocChunk:          0 kB
Percpu:             7584 kB
CmaTotal:         294912 kB
CmaFree:               0 kB
MemTotal:       12113132 kB
MemFree:         6433852 kB
MemAvailable:    7852944 kB
Buffers:            4832 kB
Cached:          1645888 kB
SwapCached:            0 kB
Active:          1574264 kB
Inactive:        1468416 kB
Active(anon):    1398284 kB
Inactive(anon):    23792 kB
Active(file):     175980 kB
Inactive(file):  1444624 kB
Unevictable:        5444 kB
Mlocked:            5444 kB
SwapTotal:       3145724 kB
SwapFree:        3145724 kB
Dirty:               504 kB
Writeback:             0 kB
AnonPages:       1397400 kB
Mapped:           867664 kB
Shmem:             25720 kB
KReclaimable:     667192 kB
Slab:             222412 kB
SReclaimable:      72256 kB
SUnreclaim:       150156 kB
KernelStack:       48368 kB
PageTables:        68904 kB
NFS_Unstable:          0 kB
Bounce:                0 kB
WritebackTmp:          0 kB
CommitLimit:     9202288 kB
Committed_AS:   76717516 kB
VmallocTotal:   263061440 kB
VmallocUsed:      105464 kB
VmallocChunk:          0 kB
Percpu:             7584 kB
CmaTotal:         294912 kB
CmaFree:               0 kB
MemTotal:       12113132 kB
MemFree:         6433148 kB
MemAvailable:    7852252 kB
Buffers:            4832 kB
Cached:          1645904 kB
SwapCached:            0 kB
Active:          1575276 kB
Inactive:        1468440 kB
Active(anon):    1399304 kB
Inactive(anon):    23796 kB
Active(file):     175972 kB
Inactive(file):  1444644 kB
Unevictable:        5444 kB
Mlocked:            5444 kB
SwapTotal:       3145724 kB
SwapFree:        3145724 kB
Dirty:               516 kB
Writeback:             0 kB
AnonPages:       1398496 kB
Mapped:           867476 kB
Shmem:             25724 kB
KReclaimable:     667192 kB
Slab:             222436 kB
SReclaimable:      72256 kB
SUnreclaim:       150180 kB
KernelStack:       48384 kB
PageTables:        68964 kB
NFS_Unstable:          0 kB
Bounce:                0 kB
WritebackTmp:          0 kB
CommitLimit:     9202288 kB
Committed_AS:   76717116 kB
VmallocTotal:   263061440 kB
VmallocUsed:      105480 kB
VmallocChunk:          0 kB
Percpu:             7584 kB
CmaTotal:         294912 kB
CmaFree:               0 kB
MemTotal:       12113132 kB
MemFree:         6424404 kB
MemAvailable:    7843520 kB
Buffers:            4836 kB
Cached:          1645868 kB
SwapCached:            0 kB
Active:          1584612 kB
Inactive:        1468400 kB
Active(anon):    1408636 kB
Inactive(anon):    23748 kB
Active(file):     175976 kB
Inactive(file):  1444652 kB
Unevictable:        5444 kB
Mlocked:            5444 kB
SwapTotal:       3145724 kB
SwapFree:        3145724 kB
Dirty:               528 kB
Writeback:             0 kB
AnonPages:       1407504 kB
Mapped:           867620 kB
Shmem:             25680 kB
KReclaimable:     667192 kB
Slab:             222432 kB
SReclaimable:      72256 kB
SUnreclaim:       150176 kB
KernelStack:       48384 kB
PageTables:        68920 kB
NFS_Unstable:          0 kB
Bounce:                0 kB
WritebackTmp:          0 kB
CommitLimit:     9202288 kB
Committed_AS:   76706580 kB
VmallocTotal:   263061440 kB
VmallocUsed:      105480 kB
VmallocChunk:          0 kB
Percpu:             7584 kB
CmaTotal:         294912 kB
CmaFree:             148 kB
MemTotal:       12113132 kB
MemFree:         6432416 kB
MemAvailable:    7851656 kB
Buffers:            4836 kB
Cached:          1645940 kB
SwapCached:            0 kB
Active:          1575312 kB
Inactive:        1468468 kB
Active(anon):    1399328 kB
Inactive(anon):    23796 kB
Active(file):     175984 kB
Inactive(file):  1444672 kB
Unevictable:        5444 kB
Mlocked:            5444 kB
SwapTotal:       3145724 kB
SwapFree:        3145724 kB
Dirty:               528 kB
Writeback:             0 kB
AnonPages:       1398556 kB
Mapped:           867476 kB
Shmem:             25724 kB
KReclaimable:     667192 kB
Slab:             222416 kB
SReclaimable:      72256 kB
SUnreclaim:       150160 kB
KernelStack:       48400 kB
PageTables:        68956 kB
NFS_Unstable:          0 kB
Bounce:                0 kB
WritebackTmp:          0 kB
CommitLimit:     9202288 kB
Committed_AS:   76712308 kB
VmallocTotal:   263061440 kB
VmallocUsed:      105432 kB
VmallocChunk:          0 kB
Percpu:             7584 kB
CmaTotal:         294912 kB
CmaFree:               8 kB
MemTotal:       12113132 kB
MemFree:         6431600 kB
MemAvailable:    7850756 kB
Buffers:            4836 kB
Cached:          1645952 kB
SwapCached:            0 kB
Active:          1576096 kB
Inactive:        1468480 kB
Active(anon):    1400112 kB
Inactive(anon):    23796 kB
Active(file):     175984 kB
Inactive(file):  1444684 kB
Unevictable:        5444 kB
Mlocked:            5444 kB
SwapTotal:       3145724 kB
SwapFree:        3145724 kB
Dirty:               148 kB
Writeback:             0 kB
AnonPages:       1399404 kB
Mapped:           867668 kB
Shmem:             25724 kB
KReclaimable:     667192 kB
Slab:             222428 kB
SReclaimable:      72256 kB
SUnreclaim:       150172 kB
KernelStack:       48416 kB
PageTables:        68900 kB
NFS_Unstable:          0 kB
Bounce:                0 kB
WritebackTmp:          0 kB
CommitLimit:     9202288 kB
Committed_AS:   76712000 kB
VmallocTotal:   263061440 kB
VmallocUsed:      105416 kB
VmallocChunk:          0 kB
Percpu:             7584 kB
CmaTotal:         294912 kB
CmaFree:               0 kB
MemTotal:       12113132 kB
MemFree:         6422032 kB
MemAvailable:    7841200 kB
Buffers:            4836 kB
Cached:          1645964 kB
SwapCached:            0 kB
Active:          1586836 kB
Inactive:        1468492 kB
Active(anon):    1410852 kB
Inactive(anon):    23796 kB
Active(file):     175984 kB
Inactive(file):  1444696 kB
Unevictable:        5444 kB
Mlocked:            5444 kB
SwapTotal:       3145724 kB
SwapFree:        3145724 kB
Dirty:               196 kB
Writeback:             0 kB
AnonPages:       1409912 kB
Mapped:           867476 kB
Shmem:             25724 kB
KReclaimable:     667192 kB
Slab:             222428 kB
SReclaimable:      72256 kB
SUnreclaim:       150172 kB
KernelStack:       48400 kB
PageTables:        68944 kB
NFS_Unstable:          0 kB
Bounce:                0 kB
WritebackTmp:          0 kB
CommitLimit:     9202288 kB
Committed_AS:   76715156 kB
VmallocTotal:   263061440 kB
VmallocUsed:      105464 kB
VmallocChunk:          0 kB
Percpu:             7584 kB
CmaTotal:         294912 kB
CmaFree:               0 kB
MemTotal:       12113132 kB
MemFree:         6429848 kB
MemAvailable:    7849028 kB
Buffers:            4836 kB
Cached:          1645976 kB
SwapCached:            0 kB
Active:          1577608 kB
Inactive:        1468504 kB
Active(anon):    1401624 kB
Inactive(anon):    23796 kB
Active(file):     175984 kB
Inactive(file):  1444708 kB
Unevictable:        5444 kB
Mlocked:            5444 kB
SwapTotal:       3145724 kB
SwapFree:        3145724 kB
Dirty:               240 kB
Writeback:             0 kB
AnonPages:       1400988 kB
Mapped:           867668 kB
Shmem:             25724 kB
KReclaimable:     667192 kB
Slab:             222436 kB
SReclaimable:      72256 kB
SUnreclaim:       150180 kB
KernelStack:       48416 kB
PageTables:        68960 kB
NFS_Unstable:          0 kB
Bounce:                0 kB
WritebackTmp:          0 kB
CommitLimit:     9202288 kB
Committed_AS:   76719880 kB
VmallocTotal:   263061440 kB
VmallocUsed:      105432 kB
VmallocChunk:          0 kB
Percpu:             7584 kB
CmaTotal:         294912 kB
CmaFree:               0 kB
MemTotal:       12113132 kB
MemFree:         6428968 kB
MemAvailable:    7848160 kB
Buffers:            4836 kB
Cached:          1645988 kB
SwapCached:            0 kB
Active:          1579024 kB
Inactive:        1468516 kB
Active(anon):    1403040 kB
Inactive(anon):    23796 kB
Active(file):     175984 kB
Inactive(file):  1444720 kB
Unevictable:        5444 kB
Mlocked:            5444 kB
SwapTotal:       3145724 kB
SwapFree:        3145724 kB
Dirty:               292 kB
Writeback:             0 kB
AnonPages:       1402104 kB
Mapped:           867668 kB
Shmem:             25724 kB
KReclaimable:     667192 kB
Slab:             222440 kB
SReclaimable:      72256 kB
SUnreclaim:       150184 kB
KernelStack:       48400 kB
PageTables:        68928 kB
NFS_Unstable:          0 kB
Bounce:                0 kB
WritebackTmp:          0 kB
CommitLimit:     9202288 kB
Committed_AS:   76719564 kB
VmallocTotal:   263061440 kB
VmallocUsed:      105432 kB
VmallocChunk:          0 kB
Percpu:             7584 kB
CmaTotal:         294912 kB
CmaFree:               0 kB
MemTotal:       12113132 kB
MemFree:         6417356 kB
MemAvailable:    7836552 kB
Buffers:            4836 kB
Cached:          1646016 kB
SwapCached:            0 kB
Active:          1591536 kB
Inactive:        1468544 kB
Active(anon):    1415556 kB
Inactive(anon):    23816 kB
Active(file):     175980 kB
Inactive(file):  1444728 kB
Unevictable:        5444 kB
Mlocked:            5444 kB
SwapTotal:       3145724 kB
SwapFree:        3145724 kB
Dirty:               304 kB
Writeback:             0 kB
AnonPages:       1415380 kB
Mapped:           867688 kB
Shmem:             25748 kB
KReclaimable:     667192 kB
Slab:             222444 kB
SReclaimable:      72256 kB
SUnreclaim:       150188 kB
KernelStack:       48384 kB
PageTables:        68908 kB
NFS_Unstable:          0 kB
Bounce:                0 kB
WritebackTmp:          0 kB
CommitLimit:     9202288 kB
Committed_AS:   76712716 kB
VmallocTotal:   263061440 kB
VmallocUsed:      105448 kB
VmallocChunk:          0 kB
Percpu:             7584 kB
CmaTotal:         294912 kB
CmaFree:               0 kB
MemTotal:       12113132 kB
MemFree:         6426808 kB
MemAvailable:    7846024 kB
Buffers:            4836 kB
Cached:          1646012 kB
SwapCached:            0 kB
Active:          1580260 kB
Inactive:        1468540 kB
Active(anon):    1404276 kB
Inactive(anon):    23796 kB
Active(file):     175984 kB
Inactive(file):  1444744 kB
Unevictable:        5444 kB
Mlocked:            5444 kB
SwapTotal:       3145724 kB
SwapFree:        3145724 kB
Dirty:               184 kB
Writeback:             0 kB
AnonPages:       1403456 kB
Mapped:           867612 kB
Shmem:             25724 kB
KReclaimable:     667192 kB
Slab:             222456 kB
SReclaimable:      72256 kB
SUnreclaim:       150200 kB
KernelStack:       48432 kB
PageTables:        69016 kB
NFS_Unstable:          0 kB
Bounce:                0 kB
WritebackTmp:          0 kB
CommitLimit:     9202288 kB
Committed_AS:   76712452 kB
VmallocTotal:   263061440 kB
VmallocUsed:      105448 kB
VmallocChunk:          0 kB
Percpu:             7584 kB
CmaTotal:         294912 kB
CmaFree:               0 kB
MemTotal:       12113132 kB
MemFree:         6425384 kB
MemAvailable:    7844608 kB
Buffers:            4836 kB
Cached:          1646020 kB
SwapCached:            0 kB
Active:          1580680 kB
Inactive:        1468548 kB
Active(anon):    1404696 kB
Inactive(anon):    23796 kB
Active(file):     175984 kB
Inactive(file):  1444752 kB
Unevictable:        5444 kB
Mlocked:            5444 kB
SwapTotal:       3145724 kB
SwapFree:        3145724 kB
Dirty:               224 kB
Writeback:             0 kB
AnonPages:       1403968 kB
Mapped:           867668 kB
Shmem:             25724 kB
KReclaimable:     667192 kB
Slab:             222464 kB
SReclaimable:      72256 kB
SUnreclaim:       150208 kB
KernelStack:       48436 kB
PageTables:        68896 kB
NFS_Unstable:          0 kB
Bounce:                0 kB
WritebackTmp:          0 kB
CommitLimit:     9202288 kB
Committed_AS:   76713028 kB
VmallocTotal:   263061440 kB
VmallocUsed:      105480 kB
VmallocChunk:          0 kB
Percpu:             7584 kB
CmaTotal:         294912 kB
CmaFree:               0 kB
MemTotal:       12113132 kB
MemFree:         6415288 kB
MemAvailable:    7834524 kB
Buffers:            4836 kB
Cached:          1646036 kB
SwapCached:            0 kB
Active:          1592880 kB
Inactive:        1468796 kB
Active(anon):    1416896 kB
Inactive(anon):    24032 kB
Active(file):     175984 kB
Inactive(file):  1444764 kB
Unevictable:        5444 kB
Mlocked:            5444 kB
SwapTotal:       3145724 kB
SwapFree:        3145724 kB
Dirty:               236 kB
Writeback:             0 kB
AnonPages:       1416112 kB
Mapped:           867712 kB
Shmem:             25728 kB
KReclaimable:     667192 kB
Slab:             222448 kB
SReclaimable:      72256 kB
SUnreclaim:       150192 kB
KernelStack:       48400 kB
PageTables:        68948 kB
NFS_Unstable:          0 kB
Bounce:                0 kB
WritebackTmp:          0 kB
CommitLimit:     9202288 kB
Committed_AS:   76717748 kB
VmallocTotal:   263061440 kB
VmallocUsed:      105480 kB
VmallocChunk:          0 kB
Percpu:             7584 kB
CmaTotal:         294912 kB
CmaFree:               0 kB
MemTotal:       12113132 kB
MemFree:         6424376 kB
MemAvailable:    7843640 kB
Buffers:            4836 kB
Cached:          1646068 kB
SwapCached:            0 kB
Active:          1582604 kB
Inactive:        1468596 kB
Active(anon):    1406620 kB
Inactive(anon):    23804 kB
Active(file):     175984 kB
Inactive(file):  1444792 kB
Unevictable:        5444 kB
Mlocked:            5444 kB
SwapTotal:       3145724 kB
SwapFree:        3145724 kB
Dirty:               300 kB
Writeback:             0 kB
AnonPages:       1405936 kB
Mapped:           867676 kB
Shmem:             25732 kB
KReclaimable:     667192 kB
Slab:             222452 kB
SReclaimable:      72256 kB
SUnreclaim:       150196 kB
KernelStack:       48384 kB
PageTables:        68904 kB
NFS_Unstable:          0 kB
Bounce:                0 kB
WritebackTmp:          0 kB
CommitLimit:     9202288 kB
Committed_AS:   76721280 kB
VmallocTotal:   263061440 kB
VmallocUsed:      105480 kB
VmallocChunk:          0 kB
Percpu:             7584 kB
CmaTotal:         294912 kB
CmaFree:               0 kB
MemTotal:       12113132 kB
MemFree:         6425416 kB
MemAvailable:    7844696 kB
Buffers:            4836 kB
Cached:          1646084 kB
SwapCached:            0 kB
Active:          1583308 kB
Inactive:        1468612 kB
Active(anon):    1407324 kB
Inactive(anon):    23804 kB
Active(file):     175984 kB
Inactive(file):  1444808 kB
Unevictable:        5444 kB
Mlocked:            5444 kB
SwapTotal:       3145724 kB
SwapFree:        3145724 kB
Dirty:               324 kB
Writeback:             0 kB
AnonPages:       1406508 kB
Mapped:           867484 kB
Shmem:             25732 kB
KReclaimable:     667192 kB
Slab:             222460 kB
SReclaimable:      72256 kB
SUnreclaim:       150204 kB
KernelStack:       48400 kB
PageTables:        68956 kB
NFS_Unstable:          0 kB
Bounce:                0 kB
WritebackTmp:          0 kB
CommitLimit:     9202288 kB
Committed_AS:   76721128 kB
VmallocTotal:   263061440 kB
VmallocUsed:      105480 kB
VmallocChunk:          0 kB
Percpu:             7584 kB
CmaTotal:         294912 kB
CmaFree:               0 kB
MemTotal:       12113132 kB
MemFree:         6409816 kB
MemAvailable:    7829104 kB
Buffers:            4836 kB
Cached:          1646092 kB
SwapCached:            0 kB
Active:          1599380 kB
Inactive:        1468620 kB
Active(anon):    1423396 kB
Inactive(anon):    23804 kB
Active(file):     175984 kB
Inactive(file):  1444816 kB
Unevictable:        5444 kB
Mlocked:            5444 kB
SwapTotal:       3145724 kB
SwapFree:        3145724 kB
Dirty:               364 kB
Writeback:             0 kB
AnonPages:       1417124 kB
Mapped:           867488 kB
Shmem:             25732 kB
KReclaimable:     667192 kB
Slab:             222464 kB
SReclaimable:      72256 kB
SUnreclaim:       150208 kB
KernelStack:       48400 kB
PageTables:        68956 kB
NFS_Unstable:          0 kB
Bounce:                0 kB
WritebackTmp:          0 kB
CommitLimit:     9202288 kB
Committed_AS:   76717180 kB
VmallocTotal:   263061440 kB
VmallocUsed:      105496 kB
VmallocChunk:          0 kB
Percpu:             7584 kB
CmaTotal:         294912 kB
CmaFree:               0 kB
MemTotal:       12113132 kB
MemFree:         6421628 kB
MemAvailable:    7840928 kB
Buffers:            4836 kB
Cached:          1646108 kB
SwapCached:            0 kB
Active:          1585452 kB
Inactive:        1468636 kB
Active(anon):    1409468 kB
Inactive(anon):    23808 kB
Active(file):     175984 kB
Inactive(file):  1444828 kB
Unevictable:        5444 kB
Mlocked:            5444 kB
SwapTotal:       3145724 kB
SwapFree:        3145724 kB
Dirty:               388 kB
Writeback:             0 kB
AnonPages:       1408676 kB
Mapped:           867488 kB
Shmem:             25736 kB
KReclaimable:     667192 kB
Slab:             222448 kB
SReclaimable:      72256 kB
SUnreclaim:       150192 kB
KernelStack:       48496 kB
PageTables:        68968 kB
NFS_Unstable:          0 kB
Bounce:                0 kB
WritebackTmp:          0 kB
CommitLimit:     9202288 kB
Committed_AS:   76712868 kB
VmallocTotal:   263061440 kB
VmallocUsed:      105496 kB
VmallocChunk:          0 kB
Percpu:             7584 kB
CmaTotal:         294912 kB
CmaFree:               0 kB
MemTotal:       12113132 kB
MemFree:         6432024 kB
MemAvailable:    7851340 kB
Buffers:            4836 kB
Cached:          1646124 kB
SwapCached:            0 kB
Active:          1574832 kB
Inactive:        1468652 kB
Active(anon):    1398848 kB
Inactive(anon):    23808 kB
Active(file):     175984 kB
Inactive(file):  1444844 kB
Unevictable:        5444 kB
Mlocked:            5444 kB
SwapTotal:       3145724 kB
SwapFree:        3145724 kB
Dirty:               416 kB
Writeback:             0 kB
AnonPages:       1397900 kB
Mapped:           867680 kB
Shmem:             25736 kB
KReclaimable:     667192 kB
Slab:             222456 kB
SReclaimable:      72256 kB
SUnreclaim:       150200 kB
KernelStack:       48480 kB
PageTables:        68912 kB
NFS_Unstable:          0 kB
Bounce:                0 kB
WritebackTmp:          0 kB
CommitLimit:     9202288 kB
Committed_AS:   76712976 kB
VmallocTotal:   263061440 kB
VmallocUsed:      105512 kB
VmallocChunk:          0 kB
Percpu:             7584 kB
CmaTotal:         294912 kB
CmaFree:             108 kB
MemTotal:       12113132 kB
MemFree:         6407820 kB
MemAvailable:    7838848 kB
Buffers:            4836 kB
Cached:          1657420 kB
SwapCached:            0 kB
Active:          1591968 kB
Inactive:        1476412 kB
Active(anon):    1412492 kB
Inactive(anon):    23812 kB
Active(file):     179476 kB
Inactive(file):  1452600 kB
Unevictable:        5444 kB
Mlocked:            5444 kB
SwapTotal:       3145724 kB
SwapFree:        3145724 kB
Dirty:               428 kB
Writeback:             0 kB
AnonPages:       1411568 kB
Mapped:           867652 kB
Shmem:             25740 kB
KReclaimable:     667656 kB
Slab:             222920 kB
SReclaimable:      72720 kB
SUnreclaim:       150200 kB
KernelStack:       48512 kB
PageTables:        68972 kB
NFS_Unstable:          0 kB
Bounce:                0 kB
WritebackTmp:          0 kB
CommitLimit:     9202288 kB
Committed_AS:   76719308 kB
VmallocTotal:   263061440 kB
VmallocUsed:      105560 kB
VmallocChunk:          0 kB
Percpu:             7584 kB
CmaTotal:         294912 kB
CmaFree:               0 kB
MemTotal:       12113132 kB
MemFree:         6390172 kB
MemAvailable:    7844024 kB
Buffers:            4872 kB
Cached:          1680012 kB
SwapCached:            0 kB
Active:          1590200 kB
Inactive:        1491380 kB
Active(anon):    1403084 kB
Inactive(anon):    23812 kB
Active(file):     187116 kB
Inactive(file):  1467568 kB
Unevictable:        5444 kB
Mlocked:            5444 kB
SwapTotal:       3145724 kB
SwapFree:        3145724 kB
Dirty:               428 kB
Writeback:             0 kB
AnonPages:       1402292 kB
Mapped:           867944 kB
Shmem:             25740 kB
KReclaimable:     667872 kB
Slab:             223156 kB
SReclaimable:      72936 kB
SUnreclaim:       150220 kB
KernelStack:       48528 kB
PageTables:        68968 kB
NFS_Unstable:          0 kB
Bounce:                0 kB
WritebackTmp:          0 kB
CommitLimit:     9202288 kB
Committed_AS:   76718396 kB
VmallocTotal:   263061440 kB
VmallocUsed:      105576 kB
VmallocChunk:          0 kB
Percpu:             7584 kB
CmaTotal:         294912 kB
CmaFree:               0 kB
MemTotal:       12113132 kB
MemFree:         6371728 kB
MemAvailable:    7838728 kB
Buffers:            4904 kB
Cached:          1692756 kB
SwapCached:            0 kB
Active:          1598860 kB
Inactive:        1497964 kB
Active(anon):    1405516 kB
Inactive(anon):    23812 kB
Active(file):     193344 kB
Inactive(file):  1474152 kB
Unevictable:        5444 kB
Mlocked:            5444 kB
SwapTotal:       3145724 kB
SwapFree:        3145724 kB
Dirty:               440 kB
Writeback:             0 kB
AnonPages:       1404888 kB
Mapped:           867760 kB
Shmem:             25740 kB
KReclaimable:     668208 kB
Slab:             223472 kB
SReclaimable:      73272 kB
SUnreclaim:       150200 kB
KernelStack:       48364 kB
PageTables:        68924 kB
NFS_Unstable:          0 kB
Bounce:                0 kB
WritebackTmp:          0 kB
CommitLimit:     9202288 kB
Committed_AS:   76717884 kB
VmallocTotal:   263061440 kB
VmallocUsed:      105464 kB
VmallocChunk:          0 kB
Percpu:             7584 kB
CmaTotal:         294912 kB
CmaFree:               0 kB
MemTotal:       12113132 kB
MemFree:         6340896 kB
MemAvailable:    7822908 kB
Buffers:            4956 kB
Cached:          1707180 kB
SwapCached:            0 kB
Active:          1616124 kB
Inactive:        1507476 kB
Active(anon):    1417832 kB
Inactive(anon):    23812 kB
Active(file):     198292 kB
Inactive(file):  1483664 kB
Unevictable:        5444 kB
Mlocked:            5444 kB
SwapTotal:       3145724 kB
SwapFree:        3145724 kB
Dirty:               236 kB
Writeback:             0 kB
AnonPages:       1417016 kB
Mapped:           867684 kB
Shmem:             25740 kB
KReclaimable:     668760 kB
Slab:             224072 kB
SReclaimable:      73824 kB
SUnreclaim:       150248 kB
KernelStack:       48388 kB
PageTables:        68872 kB
NFS_Unstable:          0 kB
Bounce:                0 kB
WritebackTmp:          0 kB
CommitLimit:     9202288 kB
Committed_AS:   76708136 kB
VmallocTotal:   263061440 kB
VmallocUsed:      105432 kB
VmallocChunk:          0 kB
Percpu:             7584 kB
CmaTotal:         294912 kB
CmaFree:               0 kB
MemTotal:       12113132 kB
MemFree:         6336264 kB
MemAvailable:    7829580 kB
Buffers:            5012 kB
Cached:          1718120 kB
SwapCached:            0 kB
Active:          1614820 kB
Inactive:        1512028 kB
Active(anon):    1410040 kB
Inactive(anon):    23812 kB
Active(file):     204780 kB
Inactive(file):  1488216 kB
Unevictable:        5444 kB
Mlocked:            5444 kB
SwapTotal:       3145724 kB
SwapFree:        3145724 kB
Dirty:               300 kB
Writeback:             0 kB
AnonPages:       1409264 kB
Mapped:           867492 kB
Shmem:             25740 kB
KReclaimable:     669024 kB
Slab:             224308 kB
SReclaimable:      74088 kB
SUnreclaim:       150220 kB
KernelStack:       48352 kB
PageTables:        68980 kB
NFS_Unstable:          0 kB
Bounce:                0 kB
WritebackTmp:          0 kB
CommitLimit:     9202288 kB
Committed_AS:   76707472 kB
VmallocTotal:   263061440 kB
VmallocUsed:      105416 kB
VmallocChunk:          0 kB
Percpu:             7584 kB
CmaTotal:         294912 kB
CmaFree:               0 kB
MemTotal:       12113132 kB
MemFree:         6316972 kB
MemAvailable:    7826280 kB
Buffers:            5048 kB
Cached:          1733916 kB
SwapCached:            0 kB
Active:          1622060 kB
Inactive:        1522508 kB
Active(anon):    1412100 kB
Inactive(anon):    23812 kB
Active(file):     209960 kB
Inactive(file):  1498696 kB
Unevictable:        5444 kB
Mlocked:            5444 kB
SwapTotal:       3145724 kB
SwapFree:        3145724 kB
Dirty:               308 kB
Writeback:             0 kB
AnonPages:       1411180 kB
Mapped:           867716 kB
Shmem:             25740 kB
KReclaimable:     669356 kB
Slab:             224632 kB
SReclaimable:      74420 kB
SUnreclaim:       150212 kB
KernelStack:       48336 kB
PageTables:        69036 kB
NFS_Unstable:          0 kB
Bounce:                0 kB
WritebackTmp:          0 kB
CommitLimit:     9202288 kB
Committed_AS:   76723440 kB
VmallocTotal:   263061440 kB
VmallocUsed:      105448 kB
VmallocChunk:          0 kB
Percpu:             7584 kB
CmaTotal:         294912 kB
CmaFree:               0 kB
MemTotal:       12113132 kB
MemFree:         6333376 kB
MemAvailable:    7857020 kB
Buffers:            5072 kB
Cached:          1747408 kB
SwapCached:            0 kB
Active:          1593384 kB
Inactive:        1533000 kB
Active(anon):    1380256 kB
Inactive(anon):    23812 kB
Active(file):     213128 kB
Inactive(file):  1509188 kB
Unevictable:        5444 kB
Mlocked:            5444 kB
SwapTotal:       3145724 kB
SwapFree:        3145724 kB
Dirty:               320 kB
Writeback:             0 kB
AnonPages:       1379696 kB
Mapped:           867960 kB
Shmem:             25740 kB
KReclaimable:     670032 kB
Slab:             225272 kB
SReclaimable:      75096 kB
SUnreclaim:       150176 kB
KernelStack:       48352 kB
PageTables:        69056 kB
NFS_Unstable:          0 kB
Bounce:                0 kB
WritebackTmp:          0 kB
CommitLimit:     9202288 kB
Committed_AS:   76716476 kB
VmallocTotal:   263061440 kB
VmallocUsed:      105400 kB
VmallocChunk:          0 kB
Percpu:             7584 kB
CmaTotal:         294912 kB
CmaFree:               0 kB
MemTotal:       12113132 kB
MemFree:         6344452 kB
MemAvailable:    7881488 kB
Buffers:            5072 kB
Cached:          1759868 kB
SwapCached:            0 kB
Active:          1571568 kB
Inactive:        1544256 kB
Active(anon):    1357264 kB
Inactive(anon):    23812 kB
Active(file):     214304 kB
Inactive(file):  1520444 kB
Unevictable:        5444 kB
Mlocked:            5444 kB
SwapTotal:       3145724 kB
SwapFree:        3145724 kB
Dirty:               208 kB
Writeback:             0 kB
AnonPages:       1356232 kB
Mapped:           867960 kB
Shmem:             25740 kB
KReclaimable:     670992 kB
Slab:             226248 kB
SReclaimable:      76056 kB
SUnreclaim:       150192 kB
KernelStack:       48368 kB
PageTables:        69020 kB
NFS_Unstable:          0 kB
Bounce:                0 kB
WritebackTmp:          0 kB
CommitLimit:     9202288 kB
Committed_AS:   76716508 kB
VmallocTotal:   263061440 kB
VmallocUsed:      105368 kB
VmallocChunk:          0 kB
Percpu:             7584 kB
CmaTotal:         294912 kB
CmaFree:              28 kB
MemTotal:       12113132 kB
MemFree:         6355100 kB
MemAvailable:    7914864 kB
Buffers:            5088 kB
Cached:          1782700 kB
SwapCached:            0 kB
Active:          1543208 kB
Inactive:        1560984 kB
Active(anon):    1323144 kB
Inactive(anon):    23816 kB
Active(file):     220064 kB
Inactive(file):  1537168 kB
Unevictable:        5444 kB
Mlocked:            5444 kB
SwapTotal:       3145724 kB
SwapFree:        3145724 kB
Dirty:               240 kB
Writeback:             0 kB
AnonPages:       1322188 kB
Mapped:           867888 kB
Shmem:             25744 kB
KReclaimable:     671236 kB
Slab:             226484 kB
SReclaimable:      76300 kB
SUnreclaim:       150184 kB
KernelStack:       48352 kB
PageTables:        68964 kB
NFS_Unstable:          0 kB
Bounce:                0 kB
WritebackTmp:          0 kB
CommitLimit:     9202288 kB
Committed_AS:   76705608 kB
VmallocTotal:   263061440 kB
VmallocUsed:      105336 kB
VmallocChunk:          0 kB
Percpu:             7584 kB
CmaTotal:         294912 kB
CmaFree:               0 kB
MemTotal:       12113132 kB
MemFree:         6305408 kB
MemAvailable:    7882644 kB
Buffers:            5116 kB
Cached:          1799332 kB
SwapCached:            0 kB
Active:          1582456 kB
Inactive:        1572412 kB
Active(anon):    1356744 kB
Inactive(anon):    23816 kB
Active(file):     225712 kB
Inactive(file):  1548596 kB
Unevictable:        5444 kB
Mlocked:            5444 kB
SwapTotal:       3145724 kB
SwapFree:        3145724 kB
Dirty:               268 kB
Writeback:             0 kB
AnonPages:       1355904 kB
Mapped:           867712 kB
Shmem:             25744 kB
KReclaimable:     671632 kB
Slab:             226884 kB
SReclaimable:      76696 kB
SUnreclaim:       150188 kB
KernelStack:       48384 kB
PageTables:        68860 kB
NFS_Unstable:          0 kB
Bounce:                0 kB
WritebackTmp:          0 kB
CommitLimit:     9202288 kB
Committed_AS:   76706928 kB
VmallocTotal:   263061440 kB
VmallocUsed:      105352 kB
VmallocChunk:          0 kB
Percpu:             7584 kB
CmaTotal:         294912 kB
CmaFree:               0 kB
MemTotal:       12113132 kB
MemFree:         6297684 kB
MemAvailable:    7892796 kB
Buffers:            5176 kB
Cached:          1817136 kB
SwapCached:            0 kB
Active:          1575332 kB
Inactive:        1584812 kB
Active(anon):    1344364 kB
Inactive(anon):    23816 kB
Active(file):     230968 kB
Inactive(file):  1560996 kB
Unevictable:        5444 kB
Mlocked:            5444 kB
SwapTotal:       3145724 kB
SwapFree:        3145724 kB
Dirty:               356 kB
Writeback:             0 kB
AnonPages:       1343180 kB
Mapped:           867644 kB
Shmem:             25744 kB
KReclaimable:     671852 kB
Slab:             227112 kB
SReclaimable:      76916 kB
SUnreclaim:       150196 kB
KernelStack:       48416 kB
PageTables:        68856 kB
NFS_Unstable:          0 kB
Bounce:                0 kB
WritebackTmp:          0 kB
CommitLimit:     9202288 kB
Committed_AS:   76709648 kB
VmallocTotal:   263061440 kB
VmallocUsed:      105352 kB
VmallocChunk:          0 kB
Percpu:             7584 kB
CmaTotal:         294912 kB
CmaFree:               0 kB
MemTotal:       12113132 kB
MemFree:         6292968 kB
MemAvailable:    7891804 kB
Buffers:            5176 kB
Cached:          1820540 kB
SwapCached:            0 kB
Active:          1577244 kB
Inactive:        1587288 kB
Active(anon):    1345140 kB
Inactive(anon):    23816 kB
Active(file):     232104 kB
Inactive(file):  1563472 kB
Unevictable:        5444 kB
Mlocked:            5444 kB
SwapTotal:       3145724 kB
SwapFree:        3145724 kB
Dirty:               372 kB
Writeback:             0 kB
AnonPages:       1344472 kB
Mapped:           867568 kB
Shmem:             25744 kB
KReclaimable:     671964 kB
Slab:             227228 kB
SReclaimable:      77028 kB
SUnreclaim:       150200 kB
KernelStack:       48352 kB
PageTables:        68864 kB
NFS_Unstable:          0 kB
Bounce:                0 kB
WritebackTmp:          0 kB
CommitLimit:     9202288 kB
Committed_AS:   76699792 kB
VmallocTotal:   263061440 kB
VmallocUsed:      105352 kB
VmallocChunk:          0 kB
Percpu:             7584 kB
CmaTotal:         294912 kB
CmaFree:               0 kB
MemTotal:       12113132 kB
MemFree:         6278196 kB
MemAvailable:    7877068 kB
Buffers:            5176 kB
Cached:          1820560 kB
SwapCached:            0 kB
Active:          1590692 kB
Inactive:        1587308 kB
Active(anon):    1358588 kB
Inactive(anon):    23816 kB
Active(file):     232104 kB
Inactive(file):  1563492 kB
Unevictable:        5444 kB
Mlocked:            5444 kB
SwapTotal:       3145724 kB
SwapFree:        3145724 kB
Dirty:               432 kB
Writeback:             0 kB
AnonPages:       1354756 kB
Mapped:           867552 kB
Shmem:             25744 kB
KReclaimable:     671980 kB
Slab:             227256 kB
SReclaimable:      77044 kB
SUnreclaim:       150212 kB
KernelStack:       48352 kB
PageTables:        68972 kB
NFS_Unstable:          0 kB
Bounce:                0 kB
WritebackTmp:          0 kB
CommitLimit:     9202288 kB
Committed_AS:   76712516 kB
VmallocTotal:   263061440 kB
VmallocUsed:      105400 kB
VmallocChunk:          0 kB
Percpu:             7584 kB
CmaTotal:         294912 kB
CmaFree:               0 kB
MemTotal:       12113132 kB
MemFree:         6280944 kB
MemAvailable:    7879824 kB
Buffers:            5176 kB
Cached:          1820572 kB
SwapCached:            0 kB
Active:          1588456 kB
Inactive:        1587324 kB
Active(anon):    1356356 kB
Inactive(anon):    23820 kB
Active(file):     232100 kB
Inactive(file):  1563504 kB
Unevictable:        5444 kB
Mlocked:            5444 kB
SwapTotal:       3145724 kB
SwapFree:        3145724 kB
Dirty:               408 kB
Writeback:             0 kB
AnonPages:       1355412 kB
Mapped:           867748 kB
Shmem:             25748 kB
KReclaimable:     671980 kB
Slab:             227240 kB
SReclaimable:      77044 kB
SUnreclaim:       150196 kB
KernelStack:       48480 kB
PageTables:        68928 kB
NFS_Unstable:          0 kB
Bounce:                0 kB
WritebackTmp:          0 kB
CommitLimit:     9202288 kB
Committed_AS:   76713388 kB
VmallocTotal:   263061440 kB
VmallocUsed:      105464 kB
VmallocChunk:          0 kB
Percpu:             7584 kB
CmaTotal:         294912 kB
CmaFree:               0 kB
MemTotal:       12113132 kB
MemFree:         6279272 kB
MemAvailable:    7878168 kB
Buffers:            5176 kB
Cached:          1820588 kB
SwapCached:            0 kB
Active:          1591568 kB
Inactive:        1587332 kB
Active(anon):    1359460 kB
Inactive(anon):    23820 kB
Active(file):     232108 kB
Inactive(file):  1563512 kB
Unevictable:        5444 kB
Mlocked:            5444 kB
SwapTotal:       3145724 kB
SwapFree:        3145724 kB
Dirty:               468 kB
Writeback:             0 kB
AnonPages:       1358720 kB
Mapped:           880956 kB
Shmem:             25748 kB
KReclaimable:     671980 kB
Slab:             227260 kB
SReclaimable:      77044 kB
SUnreclaim:       150216 kB
KernelStack:       48432 kB
PageTables:        69028 kB
NFS_Unstable:          0 kB
Bounce:                0 kB
WritebackTmp:          0 kB
CommitLimit:     9202288 kB
Committed_AS:   76712920 kB
VmallocTotal:   263061440 kB
VmallocUsed:      105480 kB
VmallocChunk:          0 kB
Percpu:             7584 kB
CmaTotal:         294912 kB
CmaFree:               0 kB
MemTotal:       12113132 kB
MemFree:         6263216 kB
MemAvailable:    7861620 kB
Buffers:            5180 kB
Cached:          1820624 kB
SwapCached:            0 kB
Active:          1608448 kB
Inactive:        1587372 kB
Active(anon):    1376340 kB
Inactive(anon):    23848 kB
Active(file):     232108 kB
Inactive(file):  1563524 kB
Unevictable:        5444 kB
Mlocked:            5444 kB
SwapTotal:       3145724 kB
SwapFree:        3145724 kB
Dirty:               496 kB
Writeback:             0 kB
AnonPages:       1375988 kB
Mapped:           881176 kB
Shmem:             25776 kB
KReclaimable:     671980 kB
Slab:             227268 kB
SReclaimable:      77044 kB
SUnreclaim:       150224 kB
KernelStack:       48496 kB
PageTables:        69020 kB
NFS_Unstable:          0 kB
Bounce:                0 kB
WritebackTmp:          0 kB
CommitLimit:     9202288 kB
Committed_AS:   76712708 kB
VmallocTotal:   263061440 kB
VmallocUsed:      105576 kB
VmallocChunk:          0 kB
Percpu:             7584 kB
CmaTotal:         294912 kB
CmaFree:               0 kB
MemTotal:       12113132 kB
MemFree:         6291844 kB
MemAvailable:    7890800 kB
Buffers:            5180 kB
Cached:          1820656 kB
SwapCached:            0 kB
Active:          1575832 kB
Inactive:        1587400 kB
Active(anon):    1343720 kB
Inactive(anon):    23848 kB
Active(file):     232112 kB
Inactive(file):  1563552 kB
Unevictable:        5444 kB
Mlocked:            5444 kB
SwapTotal:       3145724 kB
SwapFree:        3145724 kB
Dirty:               552 kB
Writeback:             0 kB
AnonPages:       1342968 kB
Mapped:           880984 kB
Shmem:             25776 kB
KReclaimable:     671996 kB
Slab:             227280 kB
SReclaimable:      77060 kB
SUnreclaim:       150220 kB
KernelStack:       48512 kB
PageTables:        69044 kB
NFS_Unstable:          0 kB
Bounce:                0 kB
WritebackTmp:          0 kB
CommitLimit:     9202288 kB
Committed_AS:   76713176 kB
VmallocTotal:   263061440 kB
VmallocUsed:      105560 kB
VmallocChunk:          0 kB
Percpu:             7584 kB
CmaTotal:         294912 kB
CmaFree:               0 kB
MemTotal:       12113132 kB
MemFree:         6290500 kB
MemAvailable:    7889468 kB
Buffers:            5180 kB
Cached:          1820668 kB
SwapCached:            0 kB
Active:          1576224 kB
Inactive:        1587412 kB
Active(anon):    1344112 kB
Inactive(anon):    23848 kB
Active(file):     232112 kB
Inactive(file):  1563564 kB
Unevictable:        5444 kB
Mlocked:            5444 kB
SwapTotal:       3145724 kB
SwapFree:        3145724 kB
Dirty:               328 kB
Writeback:             0 kB
AnonPages:       1343220 kB
Mapped:           881176 kB
Shmem:             25776 kB
KReclaimable:     671996 kB
Slab:             227280 kB
SReclaimable:      77060 kB
SUnreclaim:       150220 kB
KernelStack:       48480 kB
PageTables:        68988 kB
NFS_Unstable:          0 kB
Bounce:                0 kB
WritebackTmp:          0 kB
CommitLimit:     9202288 kB
Committed_AS:   76718636 kB
VmallocTotal:   263061440 kB
VmallocUsed:      105576 kB
VmallocChunk:          0 kB
Percpu:             7584 kB
CmaTotal:         294912 kB
CmaFree:               0 kB
MemTotal:       12113132 kB
MemFree:         6280736 kB
MemAvailable:    7879712 kB
Buffers:            5180 kB
Cached:          1820608 kB
SwapCached:            0 kB
Active:          1591916 kB
Inactive:        1587352 kB
Active(anon):    1359804 kB
Inactive(anon):    23776 kB
Active(file):     232112 kB
Inactive(file):  1563576 kB
Unevictable:        5444 kB
Mlocked:            5444 kB
SwapTotal:       3145724 kB
SwapFree:        3145724 kB
Dirty:               252 kB
Writeback:             0 kB
AnonPages:       1359052 kB
Mapped:           880908 kB
Shmem:             25704 kB
KReclaimable:     671992 kB
Slab:             227268 kB
SReclaimable:      77056 kB
SUnreclaim:       150212 kB
KernelStack:       48480 kB
PageTables:        69004 kB
NFS_Unstable:          0 kB
Bounce:                0 kB
WritebackTmp:          0 kB
CommitLimit:     9202288 kB
Committed_AS:   76718636 kB
VmallocTotal:   263061440 kB
VmallocUsed:      105576 kB
VmallocChunk:          0 kB
Percpu:             7584 kB
CmaTotal:         294912 kB
CmaFree:               4 kB
MemTotal:       12113132 kB
MemFree:         6281612 kB
MemAvailable:    7880596 kB
Buffers:            5180 kB
Cached:          1820688 kB
SwapCached:            0 kB
Active:          1586896 kB
Inactive:        1587432 kB
Active(anon):    1354784 kB
Inactive(anon):    23848 kB
Active(file):     232112 kB
Inactive(file):  1563584 kB
Unevictable:        5444 kB
Mlocked:            5444 kB
SwapTotal:       3145724 kB
SwapFree:        3145724 kB
Dirty:               300 kB
Writeback:             0 kB
AnonPages:       1354116 kB
Mapped:           881176 kB
Shmem:             25776 kB
KReclaimable:     671992 kB
Slab:             227280 kB
SReclaimable:      77056 kB
SUnreclaim:       150224 kB
KernelStack:       48480 kB
PageTables:        68984 kB
NFS_Unstable:          0 kB
Bounce:                0 kB
WritebackTmp:          0 kB
CommitLimit:     9202288 kB
Committed_AS:   76718460 kB
VmallocTotal:   263061440 kB
VmallocUsed:      105576 kB
VmallocChunk:          0 kB
Percpu:             7584 kB
CmaTotal:         294912 kB
CmaFree:               0 kB
MemTotal:       12113132 kB
MemFree:         6280360 kB
MemAvailable:    7879356 kB
Buffers:            5180 kB
Cached:          1820696 kB
SwapCached:            0 kB
Active:          1587784 kB
Inactive:        1587440 kB
Active(anon):    1355672 kB
Inactive(anon):    23848 kB
Active(file):     232112 kB
Inactive(file):  1563592 kB
Unevictable:        5444 kB
Mlocked:            5444 kB
SwapTotal:       3145724 kB
SwapFree:        3145724 kB
Dirty:               308 kB
Writeback:             0 kB
AnonPages:       1354956 kB
Mapped:           880984 kB
Shmem:             25776 kB
KReclaimable:     671996 kB
Slab:             227292 kB
SReclaimable:      77060 kB
SUnreclaim:       150232 kB
KernelStack:       48496 kB
PageTables:        69044 kB
NFS_Unstable:          0 kB
Bounce:                0 kB
WritebackTmp:          0 kB
CommitLimit:     9202288 kB
Committed_AS:   76718724 kB
VmallocTotal:   263061440 kB
VmallocUsed:      105560 kB
VmallocChunk:          0 kB
Percpu:             7584 kB
CmaTotal:         294912 kB
CmaFree:               0 kB
MemTotal:       12113132 kB
MemFree:         6286124 kB
MemAvailable:    7885136 kB
Buffers:            5180 kB
Cached:          1820712 kB
SwapCached:            0 kB
Active:          1583884 kB
Inactive:        1587456 kB
Active(anon):    1351772 kB
Inactive(anon):    23848 kB
Active(file):     232112 kB
Inactive(file):  1563608 kB
Unevictable:        5444 kB
Mlocked:            5444 kB
SwapTotal:       3145724 kB
SwapFree:        3145724 kB
Dirty:               324 kB
Writeback:             0 kB
AnonPages:       1343968 kB
Mapped:           867584 kB
Shmem:             25776 kB
KReclaimable:     671996 kB
Slab:             227296 kB
SReclaimable:      77060 kB
SUnreclaim:       150236 kB
KernelStack:       48496 kB
PageTables:        68988 kB
NFS_Unstable:          0 kB
Bounce:                0 kB
WritebackTmp:          0 kB
CommitLimit:     9202288 kB
Committed_AS:   76718496 kB
VmallocTotal:   263061440 kB
VmallocUsed:      105560 kB
VmallocChunk:          0 kB
Percpu:             7584 kB
CmaTotal:         294912 kB
CmaFree:              12 kB
MemTotal:       12113132 kB
MemFree:         6292384 kB
MemAvailable:    7891408 kB
Buffers:            5180 kB
Cached:          1820724 kB
SwapCached:            0 kB
Active:          1576292 kB
Inactive:        1587468 kB
Active(anon):    1344180 kB
Inactive(anon):    23848 kB
Active(file):     232112 kB
Inactive(file):  1563620 kB
Unevictable:        5444 kB
Mlocked:            5444 kB
SwapTotal:       3145724 kB
SwapFree:        3145724 kB
Dirty:               200 kB
Writeback:             0 kB
AnonPages:       1343340 kB
Mapped:           867584 kB
Shmem:             25776 kB
KReclaimable:     671996 kB
Slab:             227288 kB
SReclaimable:      77060 kB
SUnreclaim:       150228 kB
KernelStack:       48480 kB
PageTables:        68940 kB
NFS_Unstable:          0 kB
Bounce:                0 kB
WritebackTmp:          0 kB
CommitLimit:     9202288 kB
Committed_AS:   76714912 kB
VmallocTotal:   263061440 kB
VmallocUsed:      105560 kB
VmallocChunk:          0 kB
Percpu:             7584 kB
CmaTotal:         294912 kB
CmaFree:               0 kB
MemTotal:       12113132 kB
MemFree:         6292352 kB
MemAvailable:    7891388 kB
Buffers:            5180 kB
Cached:          1820736 kB
SwapCached:            0 kB
Active:          1577160 kB
Inactive:        1587480 kB
Active(anon):    1345048 kB
Inactive(anon):    23848 kB
Active(file):     232112 kB
Inactive(file):  1563632 kB
Unevictable:        5444 kB
Mlocked:            5444 kB
SwapTotal:       3145724 kB
SwapFree:        3145724 kB
Dirty:               264 kB
Writeback:             0 kB
AnonPages:       1344296 kB
Mapped:           867776 kB
Shmem:             25776 kB
KReclaimable:     671996 kB
Slab:             227288 kB
SReclaimable:      77060 kB
SUnreclaim:       150228 kB
KernelStack:       48480 kB
PageTables:        68936 kB
NFS_Unstable:          0 kB
Bounce:                0 kB
WritebackTmp:          0 kB
CommitLimit:     9202288 kB
Committed_AS:   76718564 kB
VmallocTotal:   263061440 kB
VmallocUsed:      105560 kB
VmallocChunk:          0 kB
Percpu:             7584 kB
CmaTotal:         294912 kB
CmaFree:               0 kB
MemTotal:       12113132 kB
MemFree:         6267068 kB
MemAvailable:    7866116 kB
Buffers:            5180 kB
Cached:          1820748 kB
SwapCached:            0 kB
Active:          1603760 kB
Inactive:        1587492 kB
Active(anon):    1371648 kB
Inactive(anon):    23848 kB
Active(file):     232112 kB
Inactive(file):  1563644 kB
Unevictable:        5444 kB
Mlocked:            5444 kB
SwapTotal:       3145724 kB
SwapFree:        3145724 kB
Dirty:               280 kB
Writeback:             0 kB
AnonPages:       1370588 kB
Mapped:           867776 kB
Shmem:             25776 kB
KReclaimable:     671996 kB
Slab:             227284 kB
SReclaimable:      77060 kB
SUnreclaim:       150224 kB
KernelStack:       48512 kB
PageTables:        69064 kB
NFS_Unstable:          0 kB
Bounce:                0 kB
WritebackTmp:          0 kB
CommitLimit:     9202288 kB
Committed_AS:   76718460 kB
VmallocTotal:   263061440 kB
VmallocUsed:      105528 kB
VmallocChunk:          0 kB
Percpu:             7584 kB
CmaTotal:         294912 kB
CmaFree:               0 kB
MemTotal:       12113132 kB
MemFree:         6282600 kB
MemAvailable:    7881680 kB
Buffers:            5180 kB
Cached:          1820764 kB
SwapCached:            0 kB
Active:          1587640 kB
Inactive:        1587508 kB
Active(anon):    1355528 kB
Inactive(anon):    23848 kB
Active(file):     232112 kB
Inactive(file):  1563660 kB
Unevictable:        5444 kB
Mlocked:            5444 kB
SwapTotal:       3145724 kB
SwapFree:        3145724 kB
Dirty:               320 kB
Writeback:             0 kB
AnonPages:       1354804 kB
Mapped:           867776 kB
Shmem:             25776 kB
KReclaimable:     672012 kB
Slab:             227312 kB
SReclaimable:      77076 kB
SUnreclaim:       150236 kB
KernelStack:       48532 kB
PageTables:        68936 kB
NFS_Unstable:          0 kB
Bounce:                0 kB
WritebackTmp:          0 kB
CommitLimit:     9202288 kB
Committed_AS:   76718972 kB
VmallocTotal:   263061440 kB
VmallocUsed:      105528 kB
VmallocChunk:          0 kB
Percpu:             7584 kB
CmaTotal:         294912 kB
CmaFree:               0 kB
MemTotal:       12113132 kB
MemFree:         6281608 kB
MemAvailable:    7880688 kB
Buffers:            5180 kB
Cached:          1820764 kB
SwapCached:            0 kB
Active:          1588480 kB
Inactive:        1587512 kB
Active(anon):    1356372 kB
Inactive(anon):    23848 kB
Active(file):     232108 kB
Inactive(file):  1563664 kB
Unevictable:        5444 kB
Mlocked:            5444 kB
SwapTotal:       3145724 kB
SwapFree:        3145724 kB
Dirty:               344 kB
Writeback:             0 kB
AnonPages:       1355336 kB
Mapped:           867584 kB
Shmem:             25776 kB
KReclaimable:     672012 kB
Slab:             227324 kB
SReclaimable:      77076 kB
SUnreclaim:       150248 kB
KernelStack:       48496 kB
PageTables:        68996 kB
NFS_Unstable:          0 kB
Bounce:                0 kB
WritebackTmp:          0 kB
CommitLimit:     9202288 kB
Committed_AS:   76718752 kB
VmallocTotal:   263061440 kB
VmallocUsed:      105544 kB
VmallocChunk:          0 kB
Percpu:             7584 kB
CmaTotal:         294912 kB
CmaFree:               0 kB
MemTotal:       12113132 kB
MemFree:         6266352 kB
MemAvailable:    7865464 kB
Buffers:            5180 kB
Cached:          1820876 kB
SwapCached:            0 kB
Active:          1605836 kB
Inactive:        1587616 kB
Active(anon):    1373724 kB
Inactive(anon):    23924 kB
Active(file):     232112 kB
Inactive(file):  1563692 kB
Unevictable:        5444 kB
Mlocked:            5444 kB
SwapTotal:       3145724 kB
SwapFree:        3145724 kB
Dirty:               380 kB
Writeback:             0 kB
AnonPages:       1372768 kB
Mapped:           867812 kB
Shmem:             25856 kB
KReclaimable:     672012 kB
Slab:             227316 kB
SReclaimable:      77076 kB
SUnreclaim:       150240 kB
KernelStack:       48548 kB
PageTables:        68904 kB
NFS_Unstable:          0 kB
Bounce:                0 kB
WritebackTmp:          0 kB
CommitLimit:     9202288 kB
Committed_AS:   76713512 kB
VmallocTotal:   263061440 kB
VmallocUsed:      105560 kB
VmallocChunk:          0 kB
Percpu:             7584 kB
CmaTotal:         294912 kB
CmaFree:               4 kB
MemTotal:       12113132 kB
MemFree:         6279320 kB
MemAvailable:    7878444 kB
Buffers:            5180 kB
Cached:          1820808 kB
SwapCached:            0 kB
Active:          1589748 kB
Inactive:        1587552 kB
Active(anon):    1357636 kB
Inactive(anon):    23848 kB
Active(file):     232112 kB
Inactive(file):  1563704 kB
Unevictable:        5444 kB
Mlocked:            5444 kB
SwapTotal:       3145724 kB
SwapFree:        3145724 kB
Dirty:               404 kB
Writeback:             0 kB
AnonPages:       1356740 kB
Mapped:           867584 kB
Shmem:             25776 kB
KReclaimable:     672012 kB
Slab:             227312 kB
SReclaimable:      77076 kB
SUnreclaim:       150236 kB
KernelStack:       48512 kB
PageTables:        68988 kB
NFS_Unstable:          0 kB
Bounce:                0 kB
WritebackTmp:          0 kB
CommitLimit:     9202288 kB
Committed_AS:   76713332 kB
VmallocTotal:   263061440 kB
VmallocUsed:      105528 kB
VmallocChunk:          0 kB
Percpu:             7584 kB
CmaTotal:         294912 kB
CmaFree:               0 kB
MemTotal:       12113132 kB
MemFree:         6277264 kB
MemAvailable:    7876364 kB
Buffers:            5180 kB
Cached:          1820788 kB
SwapCached:            0 kB
Active:          1591080 kB
Inactive:        1587536 kB
Active(anon):    1358972 kB
Inactive(anon):    23852 kB
Active(file):     232108 kB
Inactive(file):  1563684 kB
Unevictable:        5444 kB
Mlocked:            5444 kB
SwapTotal:       3145724 kB
SwapFree:        3145724 kB
Dirty:               404 kB
Writeback:             4 kB
AnonPages:       1358216 kB
Mapped:           867780 kB
Shmem:             25780 kB
KReclaimable:     672012 kB
Slab:             227400 kB
SReclaimable:      77076 kB
SUnreclaim:       150324 kB
KernelStack:       48512 kB
PageTables:        68948 kB
NFS_Unstable:          0 kB
Bounce:                0 kB
WritebackTmp:          0 kB
CommitLimit:     9202288 kB
Committed_AS:   76718240 kB
VmallocTotal:   263061440 kB
VmallocUsed:      105544 kB
VmallocChunk:          0 kB
Percpu:             7584 kB
CmaTotal:         294912 kB
CmaFree:               0 kB
MemTotal:       12113132 kB
MemFree:         6266840 kB
MemAvailable:    7865992 kB
Buffers:            5184 kB
Cached:          1820840 kB
SwapCached:            0 kB
Active:          1602600 kB
Inactive:        1587584 kB
Active(anon):    1370484 kB
Inactive(anon):    23856 kB
Active(file):     232116 kB
Inactive(file):  1563728 kB
Unevictable:        5444 kB
Mlocked:            5444 kB
SwapTotal:       3145724 kB
SwapFree:        3145724 kB
Dirty:               432 kB
Writeback:             0 kB
AnonPages:       1369764 kB
Mapped:           867092 kB
Shmem:             25784 kB
KReclaimable:     672012 kB
Slab:             227348 kB
SReclaimable:      77076 kB
SUnreclaim:       150272 kB
KernelStack:       48512 kB
PageTables:        68992 kB
NFS_Unstable:          0 kB
Bounce:                0 kB
WritebackTmp:          0 kB
CommitLimit:     9202288 kB
Committed_AS:   76714140 kB
VmallocTotal:   263061440 kB
VmallocUsed:      105512 kB
VmallocChunk:          0 kB
Percpu:             7584 kB
CmaTotal:         294912 kB
CmaFree:               0 kB
MemTotal:       12113132 kB
MemFree:         6275176 kB
MemAvailable:    7874352 kB
Buffers:            5184 kB
Cached:          1820864 kB
SwapCached:            0 kB
Active:          1592156 kB
Inactive:        1587608 kB
Active(anon):    1360040 kB
Inactive(anon):    23856 kB
Active(file):     232116 kB
Inactive(file):  1563752 kB
Unevictable:        5444 kB
Mlocked:            5444 kB
SwapTotal:       3145724 kB
SwapFree:        3145724 kB
Dirty:               476 kB
Writeback:             0 kB
AnonPages:       1359648 kB
Mapped:           867180 kB
Shmem:             25784 kB
KReclaimable:     672012 kB
Slab:             227344 kB
SReclaimable:      77076 kB
SUnreclaim:       150268 kB
KernelStack:       48496 kB
PageTables:        68944 kB
NFS_Unstable:          0 kB
Bounce:                0 kB
WritebackTmp:          0 kB
CommitLimit:     9202288 kB
Committed_AS:   76718644 kB
VmallocTotal:   263061440 kB
VmallocUsed:      105512 kB
VmallocChunk:          0 kB
Percpu:             7584 kB
CmaTotal:         294912 kB
CmaFree:               0 kB
MemTotal:       12113132 kB
MemFree:         6274672 kB
MemAvailable:    7873864 kB
Buffers:            5184 kB
Cached:          1820880 kB
SwapCached:            0 kB
Active:          1592972 kB
Inactive:        1587624 kB
Active(anon):    1360856 kB
Inactive(anon):    23856 kB
Active(file):     232116 kB
Inactive(file):  1563768 kB
Unevictable:        5444 kB
Mlocked:            5444 kB
SwapTotal:       3145724 kB
SwapFree:        3145724 kB
Dirty:               232 kB
Writeback:             0 kB
AnonPages:       1360120 kB
Mapped:           866988 kB
Shmem:             25784 kB
KReclaimable:     672012 kB
Slab:             227336 kB
SReclaimable:      77076 kB
SUnreclaim:       150260 kB
KernelStack:       48512 kB
PageTables:        68988 kB
NFS_Unstable:          0 kB
Bounce:                0 kB
WritebackTmp:          0 kB
CommitLimit:     9202288 kB
Committed_AS:   76718260 kB
VmallocTotal:   263061440 kB
VmallocUsed:      105528 kB
VmallocChunk:          0 kB
Percpu:             7584 kB
CmaTotal:         294912 kB
CmaFree:               0 kB
MemTotal:       12113132 kB
MemFree:         6266596 kB
MemAvailable:    7865796 kB
Buffers:            5184 kB
Cached:          1820888 kB
SwapCached:            0 kB
Active:          1605680 kB
Inactive:        1587632 kB
Active(anon):    1373564 kB
Inactive(anon):    23856 kB
Active(file):     232116 kB
Inactive(file):  1563776 kB
Unevictable:        5444 kB
Mlocked:            5444 kB
SwapTotal:       3145724 kB
SwapFree:        3145724 kB
Dirty:               256 kB
Writeback:             0 kB
AnonPages:       1372932 kB
Mapped:           866988 kB
Shmem:             25784 kB
KReclaimable:     672012 kB
Slab:             227364 kB
SReclaimable:      77076 kB
SUnreclaim:       150288 kB
KernelStack:       48512 kB
PageTables:        68988 kB
NFS_Unstable:          0 kB
Bounce:                0 kB
WritebackTmp:          0 kB
CommitLimit:     9202288 kB
Committed_AS:   76718040 kB
VmallocTotal:   263061440 kB
VmallocUsed:      105560 kB
VmallocChunk:          0 kB
Percpu:             7584 kB
CmaTotal:         294912 kB
CmaFree:               8 kB
MemTotal:       12113132 kB
MemFree:         6274608 kB
MemAvailable:    7873820 kB
Buffers:            5184 kB
Cached:          1820904 kB
SwapCached:            0 kB
Active:          1594920 kB
Inactive:        1587648 kB
Active(anon):    1362804 kB
Inactive(anon):    23860 kB
Active(file):     232116 kB
Inactive(file):  1563788 kB
Unevictable:        5444 kB
Mlocked:            5444 kB
SwapTotal:       3145724 kB
SwapFree:        3145724 kB
Dirty:               308 kB
Writeback:             0 kB
AnonPages:       1362000 kB
Mapped:           866992 kB
Shmem:             25788 kB
KReclaimable:     672012 kB
Slab:             227372 kB
SReclaimable:      77076 kB
SUnreclaim:       150296 kB
KernelStack:       48512 kB
PageTables:        68988 kB
NFS_Unstable:          0 kB
Bounce:                0 kB
WritebackTmp:          0 kB
CommitLimit:     9202288 kB
Committed_AS:   76717680 kB
VmallocTotal:   263061440 kB
VmallocUsed:      105544 kB
VmallocChunk:          0 kB
Percpu:             7584 kB
CmaTotal:         294912 kB
CmaFree:               0 kB
MemTotal:       12113132 kB
MemFree:         6276360 kB
MemAvailable:    7875584 kB
Buffers:            5184 kB
Cached:          1820920 kB
SwapCached:            0 kB
Active:          1591880 kB
Inactive:        1587664 kB
Active(anon):    1359764 kB
Inactive(anon):    23864 kB
Active(file):     232116 kB
Inactive(file):  1563800 kB
Unevictable:        5444 kB
Mlocked:            5444 kB
SwapTotal:       3145724 kB
SwapFree:        3145724 kB
Dirty:               320 kB
Writeback:             0 kB
AnonPages:       1358712 kB
Mapped:           867188 kB
Shmem:             25792 kB
KReclaimable:     672012 kB
Slab:             227356 kB
SReclaimable:      77076 kB
SUnreclaim:       150280 kB
KernelStack:       48564 kB
PageTables:        68948 kB
NFS_Unstable:          0 kB
Bounce:                0 kB
WritebackTmp:          0 kB
CommitLimit:     9202288 kB
Committed_AS:   76717720 kB
VmallocTotal:   263061440 kB
VmallocUsed:      105592 kB
VmallocChunk:          0 kB
Percpu:             7584 kB
CmaTotal:         294912 kB
CmaFree:               8 kB
MemTotal:       12113132 kB
MemFree:         6263304 kB
MemAvailable:    7862544 kB
Buffers:            5184 kB
Cached:          1820872 kB
SwapCached:            0 kB
Active:          1608548 kB
Inactive:        1587616 kB
Active(anon):    1376428 kB
Inactive(anon):    23804 kB
Active(file):     232120 kB
Inactive(file):  1563812 kB
Unevictable:        5444 kB
Mlocked:            5444 kB
SwapTotal:       3145724 kB
SwapFree:        3145724 kB
Dirty:               336 kB
Writeback:             0 kB
AnonPages:       1375872 kB
Mapped:           866936 kB
Shmem:             25728 kB
KReclaimable:     672012 kB
Slab:             227360 kB
SReclaimable:      77076 kB
SUnreclaim:       150284 kB
KernelStack:       48512 kB
PageTables:        68992 kB
NFS_Unstable:          0 kB
Bounce:                0 kB
WritebackTmp:          0 kB
CommitLimit:     9202288 kB
Committed_AS:   76717132 kB
VmallocTotal:   263061440 kB
VmallocUsed:      105576 kB
VmallocChunk:          0 kB
Percpu:             7584 kB
CmaTotal:         294912 kB
CmaFree:               0 kB
MemTotal:       12113132 kB
MemFree:         6277360 kB
MemAvailable:    7876596 kB
Buffers:            5184 kB
Cached:          1820948 kB
SwapCached:            0 kB
Active:          1592964 kB
Inactive:        1587692 kB
Active(anon):    1360848 kB
Inactive(anon):    23864 kB
Active(file):     232116 kB
Inactive(file):  1563828 kB
Unevictable:        5444 kB
Mlocked:            5444 kB
SwapTotal:       3145724 kB
SwapFree:        3145724 kB
Dirty:               400 kB
Writeback:             0 kB
AnonPages:       1360160 kB
Mapped:           866996 kB
Shmem:             25792 kB
KReclaimable:     671996 kB
Slab:             227352 kB
SReclaimable:      77060 kB
SUnreclaim:       150292 kB
KernelStack:       48528 kB
PageTables:        68936 kB
NFS_Unstable:          0 kB
Bounce:                0 kB
WritebackTmp:          0 kB
CommitLimit:     9202288 kB
Committed_AS:   76708988 kB
VmallocTotal:   263061440 kB
VmallocUsed:      105544 kB
VmallocChunk:          0 kB
Percpu:             7584 kB
CmaTotal:         294912 kB
CmaFree:               0 kB
MemTotal:       12113132 kB
MemFree:         6277708 kB
MemAvailable:    7876944 kB
Buffers:            5184 kB
Cached:          1820948 kB
SwapCached:            0 kB
Active:          1591552 kB
Inactive:        1587696 kB
Active(anon):    1359440 kB
Inactive(anon):    23864 kB
Active(file):     232112 kB
Inactive(file):  1563832 kB
Unevictable:        5444 kB
Mlocked:            5444 kB
SwapTotal:       3145724 kB
SwapFree:        3145724 kB
Dirty:               248 kB
Writeback:             0 kB
AnonPages:       1358936 kB
Mapped:           866996 kB
Shmem:             25792 kB
KReclaimable:     671996 kB
Slab:             227352 kB
SReclaimable:      77060 kB
SUnreclaim:       150292 kB
KernelStack:       48480 kB
PageTables:        68928 kB
NFS_Unstable:          0 kB
Bounce:                0 kB
WritebackTmp:          0 kB
CommitLimit:     9202288 kB
Committed_AS:   76717808 kB
VmallocTotal:   263061440 kB
VmallocUsed:      105528 kB
VmallocChunk:          0 kB
Percpu:             7584 kB
CmaTotal:         294912 kB
CmaFree:               0 kB
MemTotal:       12113132 kB
MemFree:         6264980 kB
MemAvailable:    7864232 kB
Buffers:            5184 kB
Cached:          1820964 kB
SwapCached:            0 kB
Active:          1605732 kB
Inactive:        1587708 kB
Active(anon):    1373616 kB
Inactive(anon):    23864 kB
Active(file):     232116 kB
Inactive(file):  1563844 kB
Unevictable:        5444 kB
Mlocked:            5444 kB
SwapTotal:       3145724 kB
SwapFree:        3145724 kB
Dirty:               292 kB
Writeback:             0 kB
AnonPages:       1372840 kB
Mapped:           866996 kB
Shmem:             25792 kB
KReclaimable:     671996 kB
Slab:             227356 kB
SReclaimable:      77060 kB
SUnreclaim:       150296 kB
KernelStack:       48496 kB
PageTables:        69000 kB
NFS_Unstable:          0 kB
Bounce:                0 kB
WritebackTmp:          0 kB
CommitLimit:     9202288 kB
Committed_AS:   76718940 kB
VmallocTotal:   263061440 kB
VmallocUsed:      105512 kB
VmallocChunk:          0 kB
Percpu:             7584 kB
CmaTotal:         294912 kB
CmaFree:              12 kB
MemTotal:       12113132 kB
MemFree:         6275828 kB
MemAvailable:    7875112 kB
Buffers:            5184 kB
Cached:          1821000 kB
SwapCached:            0 kB
Active:          1593100 kB
Inactive:        1587744 kB
Active(anon):    1360984 kB
Inactive(anon):    23872 kB
Active(file):     232116 kB
Inactive(file):  1563872 kB
Unevictable:        5444 kB
Mlocked:            5444 kB
SwapTotal:       3145724 kB
SwapFree:        3145724 kB
Dirty:               344 kB
Writeback:             0 kB
AnonPages:       1360148 kB
Mapped:           867004 kB
Shmem:             25800 kB
KReclaimable:     672000 kB
Slab:             227364 kB
SReclaimable:      77064 kB
SUnreclaim:       150300 kB
KernelStack:       48496 kB
PageTables:        68992 kB
NFS_Unstable:          0 kB
Bounce:                0 kB
WritebackTmp:          0 kB
CommitLimit:     9202288 kB
Committed_AS:   76714328 kB
VmallocTotal:   263061440 kB
VmallocUsed:      105512 kB
VmallocChunk:          0 kB
Percpu:             7584 kB
CmaTotal:         294912 kB
CmaFree:               0 kB
MemTotal:       12113132 kB
MemFree:         6274932 kB
MemAvailable:    7874232 kB
Buffers:            5184 kB
Cached:          1821016 kB
SwapCached:            0 kB
Active:          1593584 kB
Inactive:        1587760 kB
Active(anon):    1361468 kB
Inactive(anon):    23872 kB
Active(file):     232116 kB
Inactive(file):  1563888 kB
Unevictable:        5444 kB
Mlocked:            5444 kB
SwapTotal:       3145724 kB
SwapFree:        3145724 kB
Dirty:               380 kB
Writeback:             0 kB
AnonPages:       1360892 kB
Mapped:           867196 kB
Shmem:             25800 kB
KReclaimable:     672000 kB
Slab:             227372 kB
SReclaimable:      77064 kB
SUnreclaim:       150308 kB
KernelStack:       48496 kB
PageTables:        68940 kB
NFS_Unstable:          0 kB
Bounce:                0 kB
WritebackTmp:          0 kB
CommitLimit:     9202288 kB
Committed_AS:   76714480 kB
VmallocTotal:   263061440 kB
VmallocUsed:      105560 kB
VmallocChunk:          0 kB
Percpu:             7584 kB
CmaTotal:         294912 kB
CmaFree:               0 kB
MemTotal:       12113132 kB
MemFree:         6263784 kB
MemAvailable:    7863096 kB
Buffers:            5184 kB
Cached:          1820876 kB
SwapCached:            0 kB
Active:          1607304 kB
Inactive:        1587620 kB
Active(anon):    1375188 kB
Inactive(anon):    23720 kB
Active(file):     232116 kB
Inactive(file):  1563900 kB
Unevictable:        5444 kB
Mlocked:            5444 kB
SwapTotal:       3145724 kB
SwapFree:        3145724 kB
Dirty:               392 kB
Writeback:             0 kB
AnonPages:       1373948 kB
Mapped:           866832 kB
Shmem:             25648 kB
KReclaimable:     672000 kB
Slab:             227376 kB
SReclaimable:      77064 kB
SUnreclaim:       150312 kB
KernelStack:       48512 kB
PageTables:        69076 kB
NFS_Unstable:          0 kB
Bounce:                0 kB
WritebackTmp:          0 kB
CommitLimit:     9202288 kB
Committed_AS:   76714068 kB
VmallocTotal:   263061440 kB
VmallocUsed:      105560 kB
VmallocChunk:          0 kB
Percpu:             7584 kB
CmaTotal:         294912 kB
CmaFree:               0 kB
MemTotal:       12113132 kB
MemFree:         6274484 kB
MemAvailable:    7873816 kB
Buffers:            5184 kB
Cached:          1821036 kB
SwapCached:            0 kB
Active:          1595000 kB
Inactive:        1587780 kB
Active(anon):    1362884 kB
Inactive(anon):    23876 kB
Active(file):     232116 kB
Inactive(file):  1563904 kB
Unevictable:        5444 kB
Mlocked:            5444 kB
SwapTotal:       3145724 kB
SwapFree:        3145724 kB
Dirty:               304 kB
Writeback:             0 kB
AnonPages:       1361976 kB
Mapped:           867200 kB
Shmem:             25804 kB
KReclaimable:     672016 kB
Slab:             227376 kB
SReclaimable:      77080 kB
SUnreclaim:       150296 kB
KernelStack:       48512 kB
PageTables:        68972 kB
NFS_Unstable:          0 kB
Bounce:                0 kB
WritebackTmp:          0 kB
CommitLimit:     9202288 kB
Committed_AS:   76718700 kB
VmallocTotal:   263061440 kB
VmallocUsed:      105560 kB
VmallocChunk:          0 kB
Percpu:             7584 kB
CmaTotal:         294912 kB
CmaFree:               0 kB
MemTotal:       12113132 kB
MemFree:         6283432 kB
MemAvailable:    7882784 kB
Buffers:            5184 kB
Cached:          1821056 kB
SwapCached:            0 kB
Active:          1584676 kB
Inactive:        1587796 kB
Active(anon):    1352556 kB
Inactive(anon):    23876 kB
Active(file):     232120 kB
Inactive(file):  1563920 kB
Unevictable:        5444 kB
Mlocked:            5444 kB
SwapTotal:       3145724 kB
SwapFree:        3145724 kB
Dirty:               352 kB
Writeback:             0 kB
AnonPages:       1351552 kB
Mapped:           867008 kB
Shmem:             25804 kB
KReclaimable:     672016 kB
Slab:             227388 kB
SReclaimable:      77080 kB
SUnreclaim:       150308 kB
KernelStack:       48496 kB
PageTables:        69000 kB
NFS_Unstable:          0 kB
Bounce:                0 kB
WritebackTmp:          0 kB
CommitLimit:     9202288 kB
Committed_AS:   76718656 kB
VmallocTotal:   263061440 kB
VmallocUsed:      105592 kB
VmallocChunk:          0 kB
Percpu:             7584 kB
CmaTotal:         294912 kB
CmaFree:               0 kB
MemTotal:       12113132 kB
MemFree:         6271268 kB
MemAvailable:    7870640 kB
Buffers:            5188 kB
Cached:          1821068 kB
SwapCached:            0 kB
Active:          1599148 kB
Inactive:        1587808 kB
Active(anon):    1367024 kB
Inactive(anon):    23876 kB
Active(file):     232124 kB
Inactive(file):  1563932 kB
Unevictable:        5444 kB
Mlocked:            5444 kB
SwapTotal:       3145724 kB
SwapFree:        3145724 kB
Dirty:               364 kB
Writeback:             0 kB
AnonPages:       1366632 kB
Mapped:           867200 kB
Shmem:             25804 kB
KReclaimable:     672020 kB
Slab:             227384 kB
SReclaimable:      77084 kB
SUnreclaim:       150300 kB
KernelStack:       48532 kB
PageTables:        68944 kB
NFS_Unstable:          0 kB
Bounce:                0 kB
WritebackTmp:          0 kB
CommitLimit:     9202288 kB
Committed_AS:   76713016 kB
VmallocTotal:   263061440 kB
VmallocUsed:      105560 kB
VmallocChunk:          0 kB
Percpu:             7584 kB
CmaTotal:         294912 kB
CmaFree:              92 kB
MemTotal:       12113132 kB
MemFree:         6283624 kB
MemAvailable:    7883028 kB
Buffers:            5188 kB
Cached:          1821100 kB
SwapCached:            0 kB
Active:          1586232 kB
Inactive:        1587840 kB
Active(anon):    1354108 kB
Inactive(anon):    23876 kB
Active(file):     232124 kB
Inactive(file):  1563964 kB
Unevictable:        5444 kB
Mlocked:            5444 kB
SwapTotal:       3145724 kB
SwapFree:        3145724 kB
Dirty:               384 kB
Writeback:             0 kB
AnonPages:       1353452 kB
Mapped:           867200 kB
Shmem:             25804 kB
KReclaimable:     672020 kB
Slab:             227392 kB
SReclaimable:      77084 kB
SUnreclaim:       150308 kB
KernelStack:       48480 kB
PageTables:        68952 kB
NFS_Unstable:          0 kB
Bounce:                0 kB
WritebackTmp:          0 kB
CommitLimit:     9202288 kB
Committed_AS:   76718312 kB
VmallocTotal:   263061440 kB
VmallocUsed:      105576 kB
VmallocChunk:          0 kB
Percpu:             7584 kB
CmaTotal:         294912 kB
CmaFree:               0 kB
MemTotal:       12113132 kB
MemFree:         6281284 kB
MemAvailable:    7880696 kB
Buffers:            5188 kB
Cached:          1821108 kB
SwapCached:            0 kB
Active:          1587092 kB
Inactive:        1587848 kB
Active(anon):    1354968 kB
Inactive(anon):    23876 kB
Active(file):     232124 kB
Inactive(file):  1563972 kB
Unevictable:        5444 kB
Mlocked:            5444 kB
SwapTotal:       3145724 kB
SwapFree:        3145724 kB
Dirty:               392 kB
Writeback:             0 kB
AnonPages:       1354512 kB
Mapped:           867200 kB
Shmem:             25804 kB
KReclaimable:     672020 kB
Slab:             227388 kB
SReclaimable:      77084 kB
SUnreclaim:       150304 kB
KernelStack:       48480 kB
PageTables:        68948 kB
NFS_Unstable:          0 kB
Bounce:                0 kB
WritebackTmp:          0 kB
CommitLimit:     9202288 kB
Committed_AS:   76718132 kB
VmallocTotal:   263061440 kB
VmallocUsed:      105576 kB
VmallocChunk:          0 kB
Percpu:             7584 kB
CmaTotal:         294912 kB
CmaFree:               0 kB
MemTotal:       12113132 kB
MemFree:         6269344 kB
MemAvailable:    7868768 kB
Buffers:            5188 kB
Cached:          1821120 kB
SwapCached:            0 kB
Active:          1600944 kB
Inactive:        1587860 kB
Active(anon):    1368820 kB
Inactive(anon):    23876 kB
Active(file):     232124 kB
Inactive(file):  1563984 kB
Unevictable:        5444 kB
Mlocked:            5444 kB
SwapTotal:       3145724 kB
SwapFree:        3145724 kB
Dirty:               404 kB
Writeback:             0 kB
AnonPages:       1368280 kB
Mapped:           867004 kB
Shmem:             25804 kB
KReclaimable:     672020 kB
Slab:             227396 kB
SReclaimable:      77084 kB
SUnreclaim:       150312 kB
KernelStack:       48496 kB
PageTables:        69004 kB
NFS_Unstable:          0 kB
Bounce:                0 kB
WritebackTmp:          0 kB
CommitLimit:     9202288 kB
Committed_AS:   76718092 kB
VmallocTotal:   263061440 kB
VmallocUsed:      105576 kB
VmallocChunk:          0 kB
Percpu:             7584 kB
CmaTotal:         294912 kB
CmaFree:               0 kB
MemTotal:       12113132 kB
MemFree:         6279484 kB
MemAvailable:    7878904 kB
Buffers:            5188 kB
Cached:          1821132 kB
SwapCached:            0 kB
Active:          1588484 kB
Inactive:        1587872 kB
Active(anon):    1356360 kB
Inactive(anon):    23876 kB
Active(file):     232124 kB
Inactive(file):  1563996 kB
Unevictable:        5444 kB
Mlocked:            5444 kB
SwapTotal:       3145724 kB
SwapFree:        3145724 kB
Dirty:               440 kB
Writeback:             0 kB
AnonPages:       1355432 kB
Mapped:           867008 kB
Shmem:             25804 kB
KReclaimable:     672004 kB
Slab:             227376 kB
SReclaimable:      77068 kB
SUnreclaim:       150308 kB
KernelStack:       48496 kB
PageTables:        69000 kB
NFS_Unstable:          0 kB
Bounce:                0 kB
WritebackTmp:          0 kB
CommitLimit:     9202288 kB
Committed_AS:   76718004 kB
VmallocTotal:   263061440 kB
VmallocUsed:      105544 kB
VmallocChunk:          0 kB
Percpu:             7584 kB
CmaTotal:         294912 kB
CmaFree:               0 kB
MemTotal:       12113132 kB
MemFree:         6279136 kB
MemAvailable:    7878572 kB
Buffers:            5188 kB
Cached:          1821148 kB
SwapCached:            0 kB
Active:          1589116 kB
Inactive:        1587888 kB
Active(anon):    1356992 kB
Inactive(anon):    23880 kB
Active(file):     232124 kB
Inactive(file):  1564008 kB
Unevictable:        5444 kB
Mlocked:            5444 kB
SwapTotal:       3145724 kB
SwapFree:        3145724 kB
Dirty:               460 kB
Writeback:             0 kB
AnonPages:       1356216 kB
Mapped:           867012 kB
Shmem:             25808 kB
KReclaimable:     672008 kB
Slab:             227380 kB
SReclaimable:      77072 kB
SUnreclaim:       150308 kB
KernelStack:       48496 kB
PageTables:        68996 kB
NFS_Unstable:          0 kB
Bounce:                0 kB
WritebackTmp:          0 kB
CommitLimit:     9202288 kB
Committed_AS:   76718096 kB
VmallocTotal:   263061440 kB
VmallocUsed:      105528 kB
VmallocChunk:          0 kB
Percpu:             7584 kB
CmaTotal:         294912 kB
CmaFree:               0 kB
MemTotal:       12113132 kB
MemFree:         6269492 kB
MemAvailable:    7868936 kB
Buffers:            5188 kB
Cached:          1821156 kB
SwapCached:            0 kB
Active:          1600036 kB
Inactive:        1587896 kB
Active(anon):    1367912 kB
Inactive(anon):    23880 kB
Active(file):     232124 kB
Inactive(file):  1564016 kB
Unevictable:        5444 kB
Mlocked:            5444 kB
SwapTotal:       3145724 kB
SwapFree:        3145724 kB
Dirty:               468 kB
Writeback:             0 kB
AnonPages:       1366776 kB
Mapped:           867016 kB
Shmem:             25808 kB
KReclaimable:     672008 kB
Slab:             227396 kB
SReclaimable:      77072 kB
SUnreclaim:       150324 kB
KernelStack:       48480 kB
PageTables:        69004 kB
NFS_Unstable:          0 kB
Bounce:                0 kB
WritebackTmp:          0 kB
CommitLimit:     9202288 kB
Committed_AS:   76718008 kB
VmallocTotal:   263061440 kB
VmallocUsed:      105560 kB
VmallocChunk:          0 kB
Percpu:             7584 kB
CmaTotal:         294912 kB
CmaFree:               0 kB
MemTotal:       12113132 kB
MemFree:         6278944 kB
MemAvailable:    7878408 kB
Buffers:            5188 kB
Cached:          1821176 kB
SwapCached:            0 kB
Active:          1590268 kB
Inactive:        1587912 kB
Active(anon):    1358140 kB
Inactive(anon):    23880 kB
Active(file):     232128 kB
Inactive(file):  1564032 kB
Unevictable:        5444 kB
Mlocked:            5444 kB
SwapTotal:       3145724 kB
SwapFree:        3145724 kB
Dirty:               244 kB
Writeback:             0 kB
AnonPages:       1357372 kB
Mapped:           867012 kB
Shmem:             25808 kB
KReclaimable:     672008 kB
Slab:             227392 kB
SReclaimable:      77072 kB
SUnreclaim:       150320 kB
KernelStack:       48496 kB
PageTables:        69004 kB
NFS_Unstable:          0 kB
Bounce:                0 kB
WritebackTmp:          0 kB
CommitLimit:     9202288 kB
Committed_AS:   76717664 kB
VmallocTotal:   263061440 kB
VmallocUsed:      105560 kB
VmallocChunk:          0 kB
Percpu:             7584 kB
CmaTotal:         294912 kB
CmaFree:               0 kB
MemTotal:       12113132 kB
MemFree:         6276764 kB
MemAvailable:    7876240 kB
Buffers:            5188 kB
Cached:          1821188 kB
SwapCached:            0 kB
Active:          1590932 kB
Inactive:        1587928 kB
Active(anon):    1358808 kB
Inactive(anon):    23880 kB
Active(file):     232124 kB
Inactive(file):  1564048 kB
Unevictable:        5444 kB
Mlocked:            5444 kB
SwapTotal:       3145724 kB
SwapFree:        3145724 kB
Dirty:               288 kB
Writeback:             0 kB
AnonPages:       1358032 kB
Mapped:           867204 kB
Shmem:             25808 kB
KReclaimable:     672008 kB
Slab:             227392 kB
SReclaimable:      77072 kB
SUnreclaim:       150320 kB
KernelStack:       48480 kB
PageTables:        68944 kB
NFS_Unstable:          0 kB
Bounce:                0 kB
WritebackTmp:          0 kB
CommitLimit:     9202288 kB
Committed_AS:   76717532 kB
VmallocTotal:   263061440 kB
VmallocUsed:      105560 kB
VmallocChunk:          0 kB
Percpu:             7584 kB
CmaTotal:         294912 kB
CmaFree:               0 kB
MemTotal:       12113132 kB
MemFree:         6264800 kB
MemAvailable:    7864300 kB
Buffers:            5188 kB
Cached:          1821276 kB
SwapCached:            0 kB
Active:          1606084 kB
Inactive:        1588160 kB
Active(anon):    1373960 kB
Inactive(anon):    24104 kB
Active(file):     232124 kB
Inactive(file):  1564056 kB
Unevictable:        5444 kB
Mlocked:            5444 kB
SwapTotal:       3145724 kB
SwapFree:        3145724 kB
Dirty:               304 kB
Writeback:             0 kB
AnonPages:       1373324 kB
Mapped:           867236 kB
Shmem:             25888 kB
KReclaimable:     672024 kB
Slab:             227412 kB
SReclaimable:      77088 kB
SUnreclaim:       150324 kB
KernelStack:       48544 kB
PageTables:        69080 kB
NFS_Unstable:          0 kB
Bounce:                0 kB
WritebackTmp:          0 kB
CommitLimit:     9202288 kB
Committed_AS:   76712460 kB
VmallocTotal:   263061440 kB
VmallocUsed:      105544 kB
VmallocChunk:          0 kB
Percpu:             7584 kB
CmaTotal:         294912 kB
CmaFree:               0 kB
MemTotal:       12113132 kB
MemFree:         6275588 kB
MemAvailable:    7875104 kB
Buffers:            5188 kB
Cached:          1821212 kB
SwapCached:            0 kB
Active:          1592744 kB
Inactive:        1587952 kB
Active(anon):    1360620 kB
Inactive(anon):    23880 kB
Active(file):     232124 kB
Inactive(file):  1564072 kB
Unevictable:        5444 kB
Mlocked:            5444 kB
SwapTotal:       3145724 kB
SwapFree:        3145724 kB
Dirty:               344 kB
Writeback:             0 kB
AnonPages:       1360044 kB
Mapped:           867204 kB
Shmem:             25808 kB
KReclaimable:     672024 kB
Slab:             227420 kB
SReclaimable:      77088 kB
SUnreclaim:       150332 kB
KernelStack:       48544 kB
PageTables:        69208 kB
NFS_Unstable:          0 kB
Bounce:                0 kB
WritebackTmp:          0 kB
CommitLimit:     9202288 kB
Committed_AS:   76709984 kB
VmallocTotal:   263061440 kB
VmallocUsed:      105560 kB
VmallocChunk:          0 kB
Percpu:             7584 kB
CmaTotal:         294912 kB
CmaFree:               0 kB
MemTotal:       12113132 kB
MemFree:         6275416 kB
MemAvailable:    7874952 kB
Buffers:            5188 kB
Cached:          1821232 kB
SwapCached:            0 kB
Active:          1593440 kB
Inactive:        1587972 kB
Active(anon):    1361316 kB
Inactive(anon):    23880 kB
Active(file):     232124 kB
Inactive(file):  1564092 kB
Unevictable:        5444 kB
Mlocked:            5444 kB
SwapTotal:       3145724 kB
SwapFree:        3145724 kB
Dirty:               408 kB
Writeback:             0 kB
AnonPages:       1360368 kB
Mapped:           867012 kB
Shmem:             25808 kB
KReclaimable:     672024 kB
Slab:             227416 kB
SReclaimable:      77088 kB
SUnreclaim:       150328 kB
KernelStack:       48528 kB
PageTables:        69004 kB
NFS_Unstable:          0 kB
Bounce:                0 kB
WritebackTmp:          0 kB
CommitLimit:     9202288 kB
Committed_AS:   76716744 kB
VmallocTotal:   263061440 kB
VmallocUsed:      105608 kB
VmallocChunk:          0 kB
Percpu:             7584 kB
CmaTotal:         294912 kB
CmaFree:               0 kB
MemTotal:       12113132 kB
MemFree:         6251812 kB
MemAvailable:    7851364 kB
Buffers:            5188 kB
Cached:          1820868 kB
SwapCached:            0 kB
Active:          1617344 kB
Inactive:        1587612 kB
Active(anon):    1385220 kB
Inactive(anon):    23504 kB
Active(file):     232124 kB
Inactive(file):  1564108 kB
Unevictable:        5444 kB
Mlocked:            5444 kB
SwapTotal:       3145724 kB
SwapFree:        3145724 kB
Dirty:               436 kB
Writeback:             0 kB
AnonPages:       1379204 kB
Mapped:           866532 kB
Shmem:             25428 kB
KReclaimable:     672024 kB
Slab:             227424 kB
SReclaimable:      77088 kB
SUnreclaim:       150336 kB
KernelStack:       48512 kB
PageTables:        68948 kB
NFS_Unstable:          0 kB
Bounce:                0 kB
WritebackTmp:          0 kB
CommitLimit:     9202288 kB
Committed_AS:   76713372 kB
VmallocTotal:   263061440 kB
VmallocUsed:      105592 kB
VmallocChunk:          0 kB
Percpu:             7584 kB
CmaTotal:         294912 kB
CmaFree:               0 kB
MemTotal:       12113132 kB
MemFree:         6299184 kB
MemAvailable:    7898748 kB
Buffers:            5188 kB
Cached:          1821260 kB
SwapCached:            0 kB
Active:          1568248 kB
Inactive:        1588000 kB
Active(anon):    1336124 kB
Inactive(anon):    23880 kB
Active(file):     232124 kB
Inactive(file):  1564120 kB
Unevictable:        5444 kB
Mlocked:            5444 kB
SwapTotal:       3145724 kB
SwapFree:        3145724 kB
Dirty:               304 kB
Writeback:             0 kB
AnonPages:       1335368 kB
Mapped:           867068 kB
Shmem:             25808 kB
KReclaimable:     672024 kB
Slab:             227408 kB
SReclaimable:      77088 kB
SUnreclaim:       150320 kB
KernelStack:       48496 kB
PageTables:        69080 kB
NFS_Unstable:          0 kB
Bounce:                0 kB
WritebackTmp:          0 kB
CommitLimit:     9202288 kB
Committed_AS:   76718988 kB
VmallocTotal:   263061440 kB
VmallocUsed:      105560 kB
VmallocChunk:          0 kB
Percpu:             7584 kB
CmaTotal:         294912 kB
CmaFree:               0 kB
MemTotal:       12113132 kB
MemFree:         6298504 kB
MemAvailable:    7898072 kB
Buffers:            5188 kB
Cached:          1821264 kB
SwapCached:            0 kB
Active:          1569084 kB
Inactive:        1588004 kB
Active(anon):    1336960 kB
Inactive(anon):    23880 kB
Active(file):     232124 kB
Inactive(file):  1564124 kB
Unevictable:        5444 kB
Mlocked:            5444 kB
SwapTotal:       3145724 kB
SwapFree:        3145724 kB
Dirty:               316 kB
Writeback:             0 kB
AnonPages:       1335868 kB
Mapped:           867204 kB
Shmem:             25808 kB
KReclaimable:     672024 kB
Slab:             227428 kB
SReclaimable:      77088 kB
SUnreclaim:       150340 kB
KernelStack:       48448 kB
PageTables:        68948 kB
NFS_Unstable:          0 kB
Bounce:                0 kB
WritebackTmp:          0 kB
CommitLimit:     9202288 kB
Committed_AS:   76718424 kB
VmallocTotal:   263061440 kB
VmallocUsed:      105528 kB
VmallocChunk:          0 kB
Percpu:             7584 kB
CmaTotal:         294912 kB
CmaFree:               0 kB
MemTotal:       12113132 kB
MemFree:         6261368 kB
MemAvailable:    7860948 kB
Buffers:            5188 kB
Cached:          1821396 kB
SwapCached:            0 kB
Active:          1608892 kB
Inactive:        1588208 kB
Active(anon):    1376768 kB
Inactive(anon):    24072 kB
Active(file):     232124 kB
Inactive(file):  1564136 kB
Unevictable:        5444 kB
Mlocked:            5444 kB
SwapTotal:       3145724 kB
SwapFree:        3145724 kB
Dirty:               328 kB
Writeback:             0 kB
AnonPages:       1375376 kB
Mapped:           867204 kB
Shmem:             25928 kB
KReclaimable:     672024 kB
Slab:             227420 kB
SReclaimable:      77088 kB
SUnreclaim:       150332 kB
KernelStack:       48480 kB
PageTables:        69156 kB
NFS_Unstable:          0 kB
Bounce:                0 kB
WritebackTmp:          0 kB
CommitLimit:     9202288 kB
Committed_AS:   76713068 kB
VmallocTotal:   263061440 kB
VmallocUsed:      105512 kB
VmallocChunk:          0 kB
Percpu:             7584 kB
CmaTotal:         294912 kB
CmaFree:               0 kB
MemTotal:       12113132 kB
MemFree:         6260736 kB
MemAvailable:    7860320 kB
Buffers:            5196 kB
Cached:          1821272 kB
SwapCached:            0 kB
Active:          1606644 kB
Inactive:        1588024 kB
Active(anon):    1374524 kB
Inactive(anon):    23880 kB
Active(file):     232120 kB
Inactive(file):  1564144 kB
Unevictable:        5444 kB
Mlocked:            5444 kB
SwapTotal:       3145724 kB
SwapFree:        3145724 kB
Dirty:               372 kB
Writeback:             0 kB
AnonPages:       1373560 kB
Mapped:           867016 kB
Shmem:             25808 kB
KReclaimable:     672024 kB
Slab:             227416 kB
SReclaimable:      77088 kB
SUnreclaim:       150328 kB
KernelStack:       48496 kB
PageTables:        69148 kB
NFS_Unstable:          0 kB
Bounce:                0 kB
WritebackTmp:          0 kB
CommitLimit:     9202288 kB
Committed_AS:   76708248 kB
VmallocTotal:   263061440 kB
VmallocUsed:      105480 kB
