MemTotal:        5980404 kB
MemFree:          582608 kB
MemAvailable:    2810048 kB
Buffers:            6964 kB
Cached:          2373452 kB
SwapCached:            0 kB
Active:          1575620 kB
Inactive:        1908152 kB
Active(anon):    1007592 kB
Inactive(anon):   123904 kB
Active(file):     568028 kB
Inactive(file):  1784248 kB
Unevictable:        5672 kB
Mlocked:            5672 kB
SwapTotal:       3670008 kB
SwapFree:        3670008 kB
Dirty:               156 kB
Writeback:             0 kB
AnonPages:       1109200 kB
Mapped:           640124 kB
Shmem:             23508 kB
KReclaimable:     437596 kB
Slab:             210476 kB
SReclaimable:      56824 kB
SUnreclaim:       153652 kB
KernelStack:       43200 kB
PageTables:        53988 kB
NFS_Unstable:          0 kB
Bounce:                0 kB
WritebackTmp:          0 kB
CommitLimit:     6660208 kB
Committed_AS:   58890540 kB
VmallocTotal:   263061440 kB
VmallocUsed:       83592 kB
VmallocChunk:          0 kB
Percpu:             7616 kB
CmaTotal:         315392 kB
CmaFree:               0 kB
MemTotal:        5980404 kB
MemFree:          578068 kB
MemAvailable:    2805508 kB
Buffers:            6964 kB
Cached:          2373452 kB
SwapCached:            0 kB
Active:          1578388 kB
Inactive:        1908152 kB
Active(anon):    1010360 kB
Inactive(anon):   123904 kB
Active(file):     568028 kB
Inactive(file):  1784248 kB
Unevictable:        5672 kB
Mlocked:            5672 kB
SwapTotal:       3670008 kB
SwapFree:        3670008 kB
Dirty:               164 kB
Writeback:             0 kB
AnonPages:       1111932 kB
Mapped:           637476 kB
Shmem:             23508 kB
KReclaimable:     437596 kB
Slab:             210460 kB
SReclaimable:      56824 kB
SUnreclaim:       153636 kB
KernelStack:       43152 kB
PageTables:        54216 kB
NFS_Unstable:          0 kB
Bounce:                0 kB
WritebackTmp:          0 kB
CommitLimit:     6660208 kB
Committed_AS:   58890680 kB
VmallocTotal:   263061440 kB
VmallocUsed:       83576 kB
VmallocChunk:          0 kB
Percpu:             7616 kB
CmaTotal:         315392 kB
CmaFree:               0 kB
MemTotal:        5980404 kB
MemFree:          577288 kB
MemAvailable:    2804728 kB
Buffers:            6964 kB
Cached:          2373452 kB
SwapCached:            0 kB
Active:          1578752 kB
Inactive:        1908152 kB
Active(anon):    1010724 kB
Inactive(anon):   123904 kB
Active(file):     568028 kB
Inactive(file):  1784248 kB
Unevictable:        5672 kB
Mlocked:            5672 kB
SwapTotal:       3670008 kB
SwapFree:        3670008 kB
Dirty:               176 kB
Writeback:             0 kB
AnonPages:       1112008 kB
Mapped:           637448 kB
Shmem:             23508 kB
KReclaimable:     437596 kB
Slab:             210484 kB
SReclaimable:      56824 kB
SUnreclaim:       153660 kB
KernelStack:       43168 kB
PageTables:        54200 kB
NFS_Unstable:          0 kB
Bounce:                0 kB
WritebackTmp:          0 kB
CommitLimit:     6660208 kB
Committed_AS:   58889856 kB
VmallocTotal:   263061440 kB
VmallocUsed:       83592 kB
VmallocChunk:          0 kB
Percpu:             7616 kB
CmaTotal:         315392 kB
CmaFree:               0 kB
MemTotal:        5980404 kB
MemFree:          578312 kB
MemAvailable:    2805752 kB
Buffers:            6964 kB
Cached:          2373452 kB
SwapCached:            0 kB
Active:          1579096 kB
Inactive:        1908152 kB
Active(anon):    1011068 kB
Inactive(anon):   123904 kB
Active(file):     568028 kB
Inactive(file):  1784248 kB
Unevictable:        5672 kB
Mlocked:            5672 kB
SwapTotal:       3670008 kB
SwapFree:        3670008 kB
Dirty:               176 kB
Writeback:             0 kB
AnonPages:       1112672 kB
Mapped:           637540 kB
Shmem:             23508 kB
KReclaimable:     437596 kB
Slab:             210468 kB
SReclaimable:      56824 kB
SUnreclaim:       153644 kB
KernelStack:       43152 kB
PageTables:        54052 kB
NFS_Unstable:          0 kB
Bounce:                0 kB
WritebackTmp:          0 kB
CommitLimit:     6660208 kB
Committed_AS:   58888268 kB
VmallocTotal:   263061440 kB
VmallocUsed:       83544 kB
VmallocChunk:          0 kB
Percpu:             7616 kB
CmaTotal:         315392 kB
CmaFree:               0 kB
MemTotal:        5980404 kB
MemFree:          578444 kB
MemAvailable:    2805884 kB
Buffers:            6964 kB
Cached:          2373452 kB
SwapCached:            0 kB
Active:          1579452 kB
Inactive:        1908152 kB
Active(anon):    1011424 kB
Inactive(anon):   123904 kB
Active(file):     568028 kB
Inactive(file):  1784248 kB
Unevictable:        5672 kB
Mlocked:            5672 kB
SwapTotal:       3670008 kB
SwapFree:        3670008 kB
Dirty:               180 kB
Writeback:             0 kB
AnonPages:       1112988 kB
Mapped:           637500 kB
Shmem:             23508 kB
KReclaimable:     437596 kB
Slab:             210484 kB
SReclaimable:      56824 kB
SUnreclaim:       153660 kB
KernelStack:       43216 kB
PageTables:        54220 kB
NFS_Unstable:          0 kB
Bounce:                0 kB
WritebackTmp:          0 kB
CommitLimit:     6660208 kB
Committed_AS:   58891952 kB
VmallocTotal:   263061440 kB
VmallocUsed:       83544 kB
VmallocChunk:          0 kB
Percpu:             7616 kB
CmaTotal:         315392 kB
CmaFree:               0 kB
MemTotal:        5980404 kB
MemFree:          576512 kB
MemAvailable:    2803944 kB
Buffers:            6964 kB
Cached:          2373444 kB
SwapCached:            0 kB
Active:          1579940 kB
Inactive:        1908148 kB
Active(anon):    1011916 kB
Inactive(anon):   123904 kB
Active(file):     568024 kB
Inactive(file):  1784244 kB
Unevictable:        5672 kB
Mlocked:            5672 kB
SwapTotal:       3670008 kB
SwapFree:        3670008 kB
Dirty:               172 kB
Writeback:             0 kB
AnonPages:       1113600 kB
Mapped:           637304 kB
Shmem:             23508 kB
KReclaimable:     437596 kB
Slab:             210476 kB
SReclaimable:      56824 kB
SUnreclaim:       153652 kB
KernelStack:       43168 kB
PageTables:        54104 kB
NFS_Unstable:          0 kB
Bounce:                0 kB
WritebackTmp:          0 kB
CommitLimit:     6660208 kB
Committed_AS:   58889112 kB
VmallocTotal:   263061440 kB
VmallocUsed:       83544 kB
VmallocChunk:          0 kB
Percpu:             7616 kB
CmaTotal:         315392 kB
CmaFree:               0 kB
MemTotal:        5980404 kB
MemFree:          575192 kB
MemAvailable:    2802648 kB
Buffers:            6972 kB
Cached:          2373464 kB
SwapCached:            0 kB
Active:          1581564 kB
Inactive:        1908172 kB
Active(anon):    1013536 kB
Inactive(anon):   123908 kB
Active(file):     568028 kB
Inactive(file):  1784264 kB
Unevictable:        5672 kB
Mlocked:            5672 kB
SwapTotal:       3670008 kB
SwapFree:        3670008 kB
Dirty:               204 kB
Writeback:             0 kB
AnonPages:       1114824 kB
Mapped:           637424 kB
Shmem:             23512 kB
KReclaimable:     437596 kB
Slab:             210484 kB
SReclaimable:      56824 kB
SUnreclaim:       153660 kB
KernelStack:       43280 kB
PageTables:        54200 kB
NFS_Unstable:          0 kB
Bounce:                0 kB
WritebackTmp:          0 kB
CommitLimit:     6660208 kB
Committed_AS:   58892132 kB
VmallocTotal:   263061440 kB
VmallocUsed:       83560 kB
VmallocChunk:          0 kB
Percpu:             7616 kB
CmaTotal:         315392 kB
CmaFree:               0 kB
MemTotal:        5980404 kB
MemFree:          574680 kB
MemAvailable:    2802144 kB
Buffers:            6972 kB
Cached:          2373472 kB
SwapCached:            0 kB
Active:          1581748 kB
Inactive:        1908172 kB
Active(anon):    1013712 kB
Inactive(anon):   123908 kB
Active(file):     568036 kB
Inactive(file):  1784264 kB
Unevictable:        5672 kB
Mlocked:            5672 kB
SwapTotal:       3670008 kB
SwapFree:        3670008 kB
Dirty:               164 kB
Writeback:             0 kB
AnonPages:       1114976 kB
Mapped:           637440 kB
Shmem:             23512 kB
KReclaimable:     437596 kB
Slab:             210468 kB
SReclaimable:      56824 kB
SUnreclaim:       153644 kB
KernelStack:       43264 kB
PageTables:        54144 kB
NFS_Unstable:          0 kB
Bounce:                0 kB
WritebackTmp:          0 kB
CommitLimit:     6660208 kB
Committed_AS:   58890780 kB
VmallocTotal:   263061440 kB
VmallocUsed:       83576 kB
VmallocChunk:          0 kB
Percpu:             7616 kB
CmaTotal:         315392 kB
CmaFree:               0 kB
MemTotal:        5980404 kB
MemFree:          575304 kB
MemAvailable:    2802768 kB
Buffers:            6972 kB
Cached:          2373472 kB
SwapCached:            0 kB
Active:          1582340 kB
Inactive:        1908172 kB
Active(anon):    1014304 kB
Inactive(anon):   123908 kB
Active(file):     568036 kB
Inactive(file):  1784264 kB
Unevictable:        5672 kB
Mlocked:            5672 kB
SwapTotal:       3670008 kB
SwapFree:        3670008 kB
Dirty:               168 kB
Writeback:             0 kB
AnonPages:       1115688 kB
Mapped:           637316 kB
Shmem:             23512 kB
KReclaimable:     437596 kB
Slab:             210484 kB
SReclaimable:      56824 kB
SUnreclaim:       153660 kB
KernelStack:       43248 kB
PageTables:        54076 kB
NFS_Unstable:          0 kB
Bounce:                0 kB
WritebackTmp:          0 kB
CommitLimit:     6660208 kB
Committed_AS:   58889616 kB
VmallocTotal:   263061440 kB
VmallocUsed:       83592 kB
VmallocChunk:          0 kB
Percpu:             7616 kB
CmaTotal:         315392 kB
CmaFree:               0 kB
MemTotal:        5980404 kB
MemFree:          576128 kB
MemAvailable:    2803592 kB
Buffers:            6972 kB
Cached:          2373472 kB
SwapCached:            0 kB
Active:          1582244 kB
Inactive:        1908172 kB
Active(anon):    1014208 kB
Inactive(anon):   123908 kB
Active(file):     568036 kB
Inactive(file):  1784264 kB
Unevictable:        5672 kB
Mlocked:            5672 kB
SwapTotal:       3670008 kB
SwapFree:        3670008 kB
Dirty:               168 kB
Writeback:             0 kB
AnonPages:       1115576 kB
Mapped:           637480 kB
Shmem:             23512 kB
KReclaimable:     437596 kB
Slab:             210476 kB
SReclaimable:      56824 kB
SUnreclaim:       153652 kB
KernelStack:       43264 kB
PageTables:        54224 kB
NFS_Unstable:          0 kB
Bounce:                0 kB
WritebackTmp:          0 kB
CommitLimit:     6660208 kB
Committed_AS:   58890624 kB
VmallocTotal:   263061440 kB
VmallocUsed:       83560 kB
VmallocChunk:          0 kB
Percpu:             7616 kB
CmaTotal:         315392 kB
CmaFree:               0 kB
MemTotal:        5980404 kB
MemFree:          575048 kB
MemAvailable:    2802520 kB
Buffers:            6972 kB
Cached:          2373480 kB
SwapCached:            0 kB
Active:          1582440 kB
Inactive:        1908176 kB
Active(anon):    1014400 kB
Inactive(anon):   123908 kB
Active(file):     568040 kB
Inactive(file):  1784268 kB
Unevictable:        5672 kB
Mlocked:            5672 kB
SwapTotal:       3670008 kB
SwapFree:        3670008 kB
Dirty:               184 kB
Writeback:             0 kB
AnonPages:       1115732 kB
Mapped:           637252 kB
Shmem:             23512 kB
KReclaimable:     437596 kB
Slab:             210500 kB
SReclaimable:      56824 kB
SUnreclaim:       153676 kB
KernelStack:       43248 kB
PageTables:        54160 kB
NFS_Unstable:          0 kB
Bounce:                0 kB
WritebackTmp:          0 kB
CommitLimit:     6660208 kB
Committed_AS:   58891292 kB
VmallocTotal:   263061440 kB
VmallocUsed:       83592 kB
VmallocChunk:          0 kB
Percpu:             7616 kB
CmaTotal:         315392 kB
CmaFree:               0 kB
MemTotal:        5980404 kB
MemFree:          574544 kB
MemAvailable:    2802008 kB
Buffers:            6972 kB
Cached:          2373472 kB
SwapCached:            0 kB
Active:          1582788 kB
Inactive:        1908172 kB
Active(anon):    1014752 kB
Inactive(anon):   123908 kB
Active(file):     568036 kB
Inactive(file):  1784264 kB
Unevictable:        5672 kB
Mlocked:            5672 kB
SwapTotal:       3670008 kB
SwapFree:        3670008 kB
Dirty:               208 kB
Writeback:             0 kB
AnonPages:       1116188 kB
Mapped:           637252 kB
Shmem:             23512 kB
KReclaimable:     437596 kB
Slab:             210476 kB
SReclaimable:      56824 kB
SUnreclaim:       153652 kB
KernelStack:       43248 kB
PageTables:        54160 kB
NFS_Unstable:          0 kB
Bounce:                0 kB
WritebackTmp:          0 kB
CommitLimit:     6660208 kB
Committed_AS:   58891268 kB
VmallocTotal:   263061440 kB
VmallocUsed:       83608 kB
VmallocChunk:          0 kB
Percpu:             7616 kB
CmaTotal:         315392 kB
CmaFree:              16 kB
MemTotal:        5980404 kB
MemFree:          572876 kB
MemAvailable:    2800328 kB
Buffers:            6972 kB
Cached:          2373460 kB
SwapCached:            0 kB
Active:          1583304 kB
Inactive:        1908164 kB
Active(anon):    1015272 kB
Inactive(anon):   123908 kB
Active(file):     568032 kB
Inactive(file):  1784256 kB
Unevictable:        5672 kB
Mlocked:            5672 kB
SwapTotal:       3670008 kB
SwapFree:        3670008 kB
Dirty:               228 kB
Writeback:             0 kB
AnonPages:       1116620 kB
Mapped:           637332 kB
Shmem:             23512 kB
KReclaimable:     437596 kB
Slab:             210492 kB
SReclaimable:      56824 kB
SUnreclaim:       153668 kB
KernelStack:       43264 kB
PageTables:        54164 kB
NFS_Unstable:          0 kB
Bounce:                0 kB
WritebackTmp:          0 kB
CommitLimit:     6660208 kB
Committed_AS:   58888228 kB
VmallocTotal:   263061440 kB
VmallocUsed:       83592 kB
VmallocChunk:          0 kB
Percpu:             7616 kB
CmaTotal:         315392 kB
CmaFree:               0 kB
MemTotal:        5980404 kB
MemFree:          572520 kB
MemAvailable:    2799972 kB
Buffers:            6972 kB
Cached:          2373460 kB
SwapCached:            0 kB
Active:          1583812 kB
Inactive:        1908164 kB
Active(anon):    1015780 kB
Inactive(anon):   123908 kB
Active(file):     568032 kB
Inactive(file):  1784256 kB
Unevictable:        5672 kB
Mlocked:            5672 kB
SwapTotal:       3670008 kB
SwapFree:        3670008 kB
Dirty:               232 kB
Writeback:             0 kB
AnonPages:       1117128 kB
Mapped:           637604 kB
Shmem:             23512 kB
KReclaimable:     437596 kB
Slab:             210468 kB
SReclaimable:      56824 kB
SUnreclaim:       153644 kB
KernelStack:       43264 kB
PageTables:        54492 kB
NFS_Unstable:          0 kB
Bounce:                0 kB
WritebackTmp:          0 kB
CommitLimit:     6660208 kB
Committed_AS:   58891788 kB
VmallocTotal:   263061440 kB
VmallocUsed:       83576 kB
VmallocChunk:          0 kB
Percpu:             7616 kB
CmaTotal:         315392 kB
CmaFree:               0 kB
MemTotal:        5980404 kB
MemFree:          572108 kB
MemAvailable:    2799572 kB
Buffers:            6972 kB
Cached:          2373480 kB
SwapCached:            0 kB
Active:          1583724 kB
Inactive:        1908180 kB
Active(anon):    1015688 kB
Inactive(anon):   123916 kB
Active(file):     568036 kB
Inactive(file):  1784264 kB
Unevictable:        5672 kB
Mlocked:            5672 kB
SwapTotal:       3670008 kB
SwapFree:        3670008 kB
Dirty:               244 kB
Writeback:             0 kB
AnonPages:       1117256 kB
Mapped:           637384 kB
Shmem:             23520 kB
KReclaimable:     437596 kB
Slab:             210492 kB
SReclaimable:      56824 kB
SUnreclaim:       153668 kB
KernelStack:       43264 kB
PageTables:        54168 kB
NFS_Unstable:          0 kB
Bounce:                0 kB
WritebackTmp:          0 kB
CommitLimit:     6660208 kB
Committed_AS:   58890832 kB
VmallocTotal:   263061440 kB
VmallocUsed:       83624 kB
VmallocChunk:          0 kB
Percpu:             7616 kB
CmaTotal:         315392 kB
CmaFree:               0 kB
MemTotal:        5980404 kB
MemFree:          585176 kB
MemAvailable:    2812640 kB
Buffers:            6972 kB
Cached:          2373480 kB
SwapCached:            0 kB
Active:          1571132 kB
Inactive:        1908180 kB
Active(anon):    1003096 kB
Inactive(anon):   123916 kB
Active(file):     568036 kB
Inactive(file):  1784264 kB
Unevictable:        5672 kB
Mlocked:            5672 kB
SwapTotal:       3670008 kB
SwapFree:        3670008 kB
Dirty:               244 kB
Writeback:             0 kB
AnonPages:       1104476 kB
Mapped:           637448 kB
Shmem:             23520 kB
KReclaimable:     437596 kB
Slab:             210468 kB
SReclaimable:      56824 kB
SUnreclaim:       153644 kB
KernelStack:       43264 kB
PageTables:        54264 kB
NFS_Unstable:          0 kB
Bounce:                0 kB
WritebackTmp:          0 kB
CommitLimit:     6660208 kB
Committed_AS:   58892900 kB
VmallocTotal:   263061440 kB
VmallocUsed:       83608 kB
VmallocChunk:          0 kB
Percpu:             7616 kB
CmaTotal:         315392 kB
CmaFree:             168 kB
MemTotal:        5980404 kB
MemFree:          583196 kB
MemAvailable:    2810672 kB
Buffers:            6972 kB
Cached:          2373492 kB
SwapCached:            0 kB
Active:          1571472 kB
Inactive:        1908192 kB
Active(anon):    1003436 kB
Inactive(anon):   123916 kB
Active(file):     568036 kB
Inactive(file):  1784276 kB
Unevictable:        5672 kB
Mlocked:            5672 kB
SwapTotal:       3670008 kB
SwapFree:        3670008 kB
Dirty:               268 kB
Writeback:             0 kB
AnonPages:       1104860 kB
Mapped:           637488 kB
Shmem:             23520 kB
KReclaimable:     437596 kB
Slab:             210484 kB
SReclaimable:      56824 kB
SUnreclaim:       153660 kB
KernelStack:       43312 kB
PageTables:        54224 kB
NFS_Unstable:          0 kB
Bounce:                0 kB
WritebackTmp:          0 kB
CommitLimit:     6660208 kB
Committed_AS:   58892136 kB
VmallocTotal:   263061440 kB
VmallocUsed:       83576 kB
VmallocChunk:          0 kB
Percpu:             7616 kB
CmaTotal:         315392 kB
CmaFree:               0 kB
MemTotal:        5980404 kB
MemFree:          584084 kB
MemAvailable:    2811560 kB
Buffers:            6972 kB
Cached:          2373492 kB
SwapCached:            0 kB
Active:          1571576 kB
Inactive:        1908192 kB
Active(anon):    1003540 kB
Inactive(anon):   123916 kB
Active(file):     568036 kB
Inactive(file):  1784276 kB
Unevictable:        5672 kB
Mlocked:            5672 kB
SwapTotal:       3670008 kB
SwapFree:        3670008 kB
Dirty:               268 kB
Writeback:             0 kB
AnonPages:       1105084 kB
Mapped:           637612 kB
Shmem:             23520 kB
KReclaimable:     437596 kB
Slab:             210476 kB
SReclaimable:      56824 kB
SUnreclaim:       153652 kB
KernelStack:       43264 kB
PageTables:        54164 kB
NFS_Unstable:          0 kB
Bounce:                0 kB
WritebackTmp:          0 kB
CommitLimit:     6660208 kB
Committed_AS:   58888608 kB
VmallocTotal:   263061440 kB
VmallocUsed:       83576 kB
VmallocChunk:          0 kB
Percpu:             7616 kB
CmaTotal:         315392 kB
CmaFree:               8 kB
MemTotal:        5980404 kB
MemFree:          583576 kB
MemAvailable:    2811060 kB
Buffers:            6972 kB
Cached:          2373500 kB
SwapCached:            0 kB
Active:          1572316 kB
Inactive:        1908196 kB
Active(anon):    1004276 kB
Inactive(anon):   123916 kB
Active(file):     568040 kB
Inactive(file):  1784280 kB
Unevictable:        5672 kB
Mlocked:            5672 kB
SwapTotal:       3670008 kB
SwapFree:        3670008 kB
Dirty:               272 kB
Writeback:             0 kB
AnonPages:       1105668 kB
Mapped:           637612 kB
Shmem:             23520 kB
KReclaimable:     437596 kB
Slab:             210484 kB
SReclaimable:      56824 kB
SUnreclaim:       153660 kB
KernelStack:       43264 kB
PageTables:        54076 kB
NFS_Unstable:          0 kB
Bounce:                0 kB
WritebackTmp:          0 kB
CommitLimit:     6660208 kB
Committed_AS:   58892532 kB
VmallocTotal:   263061440 kB
VmallocUsed:       83624 kB
VmallocChunk:          0 kB
Percpu:             7616 kB
CmaTotal:         315392 kB
CmaFree:               0 kB
MemTotal:        5980404 kB
MemFree:          583844 kB
MemAvailable:    2811320 kB
Buffers:            6972 kB
Cached:          2373492 kB
SwapCached:            0 kB
Active:          1572760 kB
Inactive:        1908192 kB
Active(anon):    1004724 kB
Inactive(anon):   123916 kB
Active(file):     568036 kB
Inactive(file):  1784276 kB
Unevictable:        5672 kB
Mlocked:            5672 kB
SwapTotal:       3670008 kB
SwapFree:        3670008 kB
Dirty:               268 kB
Writeback:             0 kB
AnonPages:       1105796 kB
Mapped:           637512 kB
Shmem:             23520 kB
KReclaimable:     437596 kB
Slab:             210476 kB
SReclaimable:      56824 kB
SUnreclaim:       153652 kB
KernelStack:       43280 kB
PageTables:        54072 kB
NFS_Unstable:          0 kB
Bounce:                0 kB
WritebackTmp:          0 kB
CommitLimit:     6660208 kB
Committed_AS:   58887524 kB
VmallocTotal:   263061440 kB
VmallocUsed:       83624 kB
VmallocChunk:          0 kB
Percpu:             7616 kB
CmaTotal:         315392 kB
CmaFree:               0 kB
MemTotal:        5980404 kB
MemFree:          584772 kB
MemAvailable:    2812228 kB
Buffers:            6972 kB
Cached:          2373476 kB
SwapCached:            0 kB
Active:          1571532 kB
Inactive:        1908184 kB
Active(anon):    1003504 kB
Inactive(anon):   123920 kB
Active(file):     568028 kB
Inactive(file):  1784264 kB
Unevictable:        5672 kB
Mlocked:            5672 kB
SwapTotal:       3670008 kB
SwapFree:        3670008 kB
Dirty:               284 kB
Writeback:             0 kB
AnonPages:       1104780 kB
Mapped:           637452 kB
Shmem:             23524 kB
KReclaimable:     437596 kB
Slab:             210460 kB
SReclaimable:      56824 kB
SUnreclaim:       153636 kB
KernelStack:       43264 kB
PageTables:        54040 kB
NFS_Unstable:          0 kB
Bounce:                0 kB
WritebackTmp:          0 kB
CommitLimit:     6660208 kB
Committed_AS:   58889976 kB
VmallocTotal:   263061440 kB
VmallocUsed:       83608 kB
VmallocChunk:          0 kB
Percpu:             7616 kB
CmaTotal:         315392 kB
CmaFree:               0 kB
MemTotal:        5980404 kB
MemFree:          584264 kB
MemAvailable:    2811760 kB
Buffers:            6976 kB
Cached:          2373512 kB
SwapCached:            0 kB
Active:          1571860 kB
Inactive:        1908212 kB
Active(anon):    1003820 kB
Inactive(anon):   123920 kB
Active(file):     568040 kB
Inactive(file):  1784292 kB
Unevictable:        5672 kB
Mlocked:            5672 kB
SwapTotal:       3670008 kB
SwapFree:        3670008 kB
Dirty:               272 kB
Writeback:             0 kB
AnonPages:       1105380 kB
Mapped:           637624 kB
Shmem:             23524 kB
KReclaimable:     437596 kB
Slab:             210476 kB
SReclaimable:      56824 kB
SUnreclaim:       153652 kB
KernelStack:       43280 kB
PageTables:        54280 kB
NFS_Unstable:          0 kB
Bounce:                0 kB
WritebackTmp:          0 kB
CommitLimit:     6660208 kB
Committed_AS:   58891604 kB
VmallocTotal:   263061440 kB
VmallocUsed:       83592 kB
VmallocChunk:          0 kB
Percpu:             7616 kB
CmaTotal:         315392 kB
CmaFree:               0 kB
MemTotal:        5980404 kB
MemFree:          584156 kB
MemAvailable:    2811652 kB
Buffers:            6976 kB
Cached:          2373512 kB
SwapCached:            0 kB
Active:          1572376 kB
Inactive:        1908212 kB
Active(anon):    1004336 kB
Inactive(anon):   123920 kB
Active(file):     568040 kB
Inactive(file):  1784292 kB
Unevictable:        5672 kB
Mlocked:            5672 kB
SwapTotal:       3670008 kB
SwapFree:        3670008 kB
Dirty:               272 kB
Writeback:             0 kB
AnonPages:       1105812 kB
Mapped:           637492 kB
Shmem:             23524 kB
KReclaimable:     437596 kB
Slab:             210468 kB
SReclaimable:      56824 kB
SUnreclaim:       153644 kB
KernelStack:       43264 kB
PageTables:        54184 kB
NFS_Unstable:          0 kB
Bounce:                0 kB
WritebackTmp:          0 kB
CommitLimit:     6660208 kB
Committed_AS:   58893264 kB
VmallocTotal:   263061440 kB
VmallocUsed:       83640 kB
VmallocChunk:          0 kB
Percpu:             7616 kB
CmaTotal:         315392 kB
CmaFree:               0 kB
MemTotal:        5980404 kB
MemFree:          583948 kB
MemAvailable:    2811452 kB
Buffers:            6976 kB
Cached:          2373520 kB
SwapCached:            0 kB
Active:          1572492 kB
Inactive:        1908216 kB
Active(anon):    1004448 kB
Inactive(anon):   123920 kB
Active(file):     568044 kB
Inactive(file):  1784296 kB
Unevictable:        5672 kB
Mlocked:            5672 kB
SwapTotal:       3670008 kB
SwapFree:        3670008 kB
Dirty:               280 kB
Writeback:             0 kB
AnonPages:       1105816 kB
Mapped:           637624 kB
Shmem:             23524 kB
KReclaimable:     437596 kB
Slab:             210484 kB
SReclaimable:      56824 kB
SUnreclaim:       153660 kB
KernelStack:       43264 kB
PageTables:        54148 kB
NFS_Unstable:          0 kB
Bounce:                0 kB
WritebackTmp:          0 kB
CommitLimit:     6660208 kB
Committed_AS:   58890540 kB
VmallocTotal:   263061440 kB
VmallocUsed:       83656 kB
VmallocChunk:          0 kB
Percpu:             7616 kB
CmaTotal:         315392 kB
CmaFree:               0 kB
MemTotal:        5980404 kB
MemFree:          584136 kB
MemAvailable:    2811632 kB
Buffers:            6976 kB
Cached:          2373512 kB
SwapCached:            0 kB
Active:          1572984 kB
Inactive:        1908212 kB
Active(anon):    1004944 kB
Inactive(anon):   123920 kB
Active(file):     568040 kB
Inactive(file):  1784292 kB
Unevictable:        5672 kB
Mlocked:            5672 kB
SwapTotal:       3670008 kB
SwapFree:        3670008 kB
Dirty:               272 kB
Writeback:             0 kB
AnonPages:       1106580 kB
Mapped:           637764 kB
Shmem:             23524 kB
KReclaimable:     437596 kB
Slab:             210476 kB
SReclaimable:      56824 kB
SUnreclaim:       153652 kB
KernelStack:       43296 kB
PageTables:        54092 kB
NFS_Unstable:          0 kB
Bounce:                0 kB
WritebackTmp:          0 kB
CommitLimit:     6660208 kB
Committed_AS:   58890264 kB
VmallocTotal:   263061440 kB
VmallocUsed:       83640 kB
VmallocChunk:          0 kB
Percpu:             7616 kB
CmaTotal:         315392 kB
CmaFree:               0 kB
MemTotal:        5980404 kB
MemFree:          583832 kB
MemAvailable:    2811328 kB
Buffers:            6976 kB
Cached:          2373512 kB
SwapCached:            0 kB
Active:          1572744 kB
Inactive:        1908212 kB
Active(anon):    1004704 kB
Inactive(anon):   123920 kB
Active(file):     568040 kB
Inactive(file):  1784292 kB
Unevictable:        5672 kB
Mlocked:            5672 kB
SwapTotal:       3670008 kB
SwapFree:        3670008 kB
Dirty:               140 kB
Writeback:             0 kB
AnonPages:       1106256 kB
Mapped:           637436 kB
Shmem:             23524 kB
KReclaimable:     437596 kB
Slab:             210492 kB
SReclaimable:      56824 kB
SUnreclaim:       153668 kB
KernelStack:       43312 kB
PageTables:        54356 kB
NFS_Unstable:          0 kB
Bounce:                0 kB
WritebackTmp:          0 kB
CommitLimit:     6660208 kB
Committed_AS:   58890804 kB
VmallocTotal:   263061440 kB
VmallocUsed:       83624 kB
VmallocChunk:          0 kB
Percpu:             7616 kB
CmaTotal:         315392 kB
CmaFree:               0 kB
MemTotal:        5980404 kB
MemFree:          584108 kB
MemAvailable:    2811604 kB
Buffers:            6976 kB
Cached:          2373512 kB
SwapCached:            0 kB
Active:          1573100 kB
Inactive:        1908212 kB
Active(anon):    1005060 kB
Inactive(anon):   123920 kB
Active(file):     568040 kB
Inactive(file):  1784292 kB
Unevictable:        5672 kB
Mlocked:            5672 kB
SwapTotal:       3670008 kB
SwapFree:        3670008 kB
Dirty:               172 kB
Writeback:             0 kB
AnonPages:       1106376 kB
Mapped:           637704 kB
Shmem:             23524 kB
KReclaimable:     437596 kB
Slab:             210468 kB
SReclaimable:      56824 kB
SUnreclaim:       153644 kB
KernelStack:       43232 kB
PageTables:        54116 kB
NFS_Unstable:          0 kB
Bounce:                0 kB
WritebackTmp:          0 kB
CommitLimit:     6660208 kB
Committed_AS:   58892184 kB
VmallocTotal:   263061440 kB
VmallocUsed:       83560 kB
VmallocChunk:          0 kB
Percpu:             7616 kB
CmaTotal:         315392 kB
CmaFree:               0 kB
MemTotal:        5980404 kB
MemFree:          583356 kB
MemAvailable:    2810852 kB
Buffers:            6976 kB
Cached:          2373512 kB
SwapCached:            0 kB
Active:          1573424 kB
Inactive:        1908212 kB
Active(anon):    1005384 kB
Inactive(anon):   123920 kB
Active(file):     568040 kB
Inactive(file):  1784292 kB
Unevictable:        5672 kB
Mlocked:            5672 kB
SwapTotal:       3670008 kB
SwapFree:        3670008 kB
Dirty:               172 kB
Writeback:             0 kB
AnonPages:       1106748 kB
Mapped:           637664 kB
Shmem:             23524 kB
KReclaimable:     437596 kB
Slab:             210484 kB
SReclaimable:      56824 kB
SUnreclaim:       153660 kB
KernelStack:       43248 kB
PageTables:        54284 kB
NFS_Unstable:          0 kB
Bounce:                0 kB
WritebackTmp:          0 kB
CommitLimit:     6660208 kB
Committed_AS:   58892168 kB
VmallocTotal:   263061440 kB
VmallocUsed:       83544 kB
VmallocChunk:          0 kB
Percpu:             7616 kB
CmaTotal:         315392 kB
CmaFree:               0 kB
MemTotal:        5980404 kB
MemFree:          582820 kB
MemAvailable:    2810316 kB
Buffers:            6976 kB
Cached:          2373512 kB
SwapCached:            0 kB
Active:          1573960 kB
Inactive:        1908212 kB
Active(anon):    1005920 kB
Inactive(anon):   123920 kB
Active(file):     568040 kB
Inactive(file):  1784292 kB
Unevictable:        5672 kB
Mlocked:            5672 kB
SwapTotal:       3670008 kB
SwapFree:        3670008 kB
Dirty:               172 kB
Writeback:             0 kB
AnonPages:       1106960 kB
Mapped:           637664 kB
Shmem:             23524 kB
KReclaimable:     437596 kB
Slab:             210476 kB
SReclaimable:      56824 kB
SUnreclaim:       153652 kB
KernelStack:       43200 kB
PageTables:        54156 kB
NFS_Unstable:          0 kB
Bounce:                0 kB
WritebackTmp:          0 kB
CommitLimit:     6660208 kB
Committed_AS:   58891436 kB
VmallocTotal:   263061440 kB
VmallocUsed:       83544 kB
VmallocChunk:          0 kB
Percpu:             7616 kB
CmaTotal:         315392 kB
CmaFree:               0 kB
MemTotal:        5980404 kB
MemFree:          583420 kB
MemAvailable:    2810912 kB
Buffers:            6976 kB
Cached:          2373508 kB
SwapCached:            0 kB
Active:          1574080 kB
Inactive:        1908208 kB
Active(anon):    1006040 kB
Inactive(anon):   123920 kB
Active(file):     568040 kB
Inactive(file):  1784288 kB
Unevictable:        5672 kB
Mlocked:            5672 kB
SwapTotal:       3670008 kB
SwapFree:        3670008 kB
Dirty:               172 kB
Writeback:             0 kB
AnonPages:       1107524 kB
Mapped:           637624 kB
Shmem:             23524 kB
KReclaimable:     437596 kB
Slab:             210476 kB
SReclaimable:      56824 kB
SUnreclaim:       153652 kB
KernelStack:       43248 kB
PageTables:        54336 kB
NFS_Unstable:          0 kB
Bounce:                0 kB
WritebackTmp:          0 kB
CommitLimit:     6660208 kB
Committed_AS:   58892652 kB
VmallocTotal:   263061440 kB
VmallocUsed:       83560 kB
VmallocChunk:          0 kB
Percpu:             7616 kB
CmaTotal:         315392 kB
CmaFree:               0 kB
MemTotal:        5980404 kB
MemFree:          582868 kB
MemAvailable:    2810364 kB
Buffers:            6976 kB
Cached:          2373512 kB
SwapCached:            0 kB
Active:          1573652 kB
Inactive:        1908212 kB
Active(anon):    1005612 kB
Inactive(anon):   123920 kB
Active(file):     568040 kB
Inactive(file):  1784292 kB
Unevictable:        5672 kB
Mlocked:            5672 kB
SwapTotal:       3670008 kB
SwapFree:        3670008 kB
Dirty:               180 kB
Writeback:             0 kB
AnonPages:       1106964 kB
Mapped:           637436 kB
Shmem:             23524 kB
KReclaimable:     437596 kB
Slab:             210476 kB
SReclaimable:      56824 kB
SUnreclaim:       153652 kB
KernelStack:       43264 kB
PageTables:        54160 kB
NFS_Unstable:          0 kB
Bounce:                0 kB
WritebackTmp:          0 kB
CommitLimit:     6660208 kB
Committed_AS:   58893316 kB
VmallocTotal:   263061440 kB
VmallocUsed:       83576 kB
VmallocChunk:          0 kB
Percpu:             7616 kB
CmaTotal:         315392 kB
CmaFree:              84 kB
MemTotal:        5980404 kB
MemFree:          583384 kB
MemAvailable:    2810872 kB
Buffers:            6976 kB
Cached:          2373504 kB
SwapCached:            0 kB
Active:          1574144 kB
Inactive:        1908208 kB
Active(anon):    1006108 kB
Inactive(anon):   123920 kB
Active(file):     568036 kB
Inactive(file):  1784288 kB
Unevictable:        5672 kB
Mlocked:            5672 kB
SwapTotal:       3670008 kB
SwapFree:        3670008 kB
Dirty:               192 kB
Writeback:             0 kB
AnonPages:       1107376 kB
Mapped:           637396 kB
Shmem:             23524 kB
KReclaimable:     437596 kB
Slab:             210492 kB
SReclaimable:      56824 kB
SUnreclaim:       153668 kB
KernelStack:       43248 kB
PageTables:        54196 kB
NFS_Unstable:          0 kB
Bounce:                0 kB
WritebackTmp:          0 kB
CommitLimit:     6660208 kB
Committed_AS:   58894644 kB
VmallocTotal:   263061440 kB
VmallocUsed:       83576 kB
VmallocChunk:          0 kB
Percpu:             7616 kB
CmaTotal:         315392 kB
CmaFree:               4 kB
MemTotal:        5980404 kB
MemFree:          582608 kB
MemAvailable:    2810100 kB
Buffers:            6976 kB
Cached:          2373508 kB
SwapCached:            0 kB
Active:          1574656 kB
Inactive:        1908208 kB
Active(anon):    1006616 kB
Inactive(anon):   123920 kB
Active(file):     568040 kB
Inactive(file):  1784288 kB
Unevictable:        5672 kB
Mlocked:            5672 kB
SwapTotal:       3670008 kB
SwapFree:        3670008 kB
Dirty:               200 kB
Writeback:             0 kB
AnonPages:       1108092 kB
Mapped:           637372 kB
Shmem:             23524 kB
KReclaimable:     437596 kB
Slab:             210476 kB
SReclaimable:      56824 kB
SUnreclaim:       153652 kB
KernelStack:       43232 kB
PageTables:        54072 kB
NFS_Unstable:          0 kB
Bounce:                0 kB
WritebackTmp:          0 kB
CommitLimit:     6660208 kB
Committed_AS:   58891784 kB
VmallocTotal:   263061440 kB
VmallocUsed:       83544 kB
VmallocChunk:          0 kB
Percpu:             7616 kB
CmaTotal:         315392 kB
CmaFree:               0 kB
MemTotal:        5980404 kB
MemFree:          581388 kB
MemAvailable:    2808884 kB
Buffers:            6976 kB
Cached:          2373512 kB
SwapCached:            0 kB
Active:          1574756 kB
Inactive:        1908212 kB
Active(anon):    1006716 kB
Inactive(anon):   123920 kB
Active(file):     568040 kB
Inactive(file):  1784292 kB
Unevictable:        5672 kB
Mlocked:            5672 kB
SwapTotal:       3670008 kB
SwapFree:        3670008 kB
Dirty:               204 kB
Writeback:             0 kB
AnonPages:       1108144 kB
Mapped:           637396 kB
Shmem:             23524 kB
KReclaimable:     437596 kB
Slab:             210468 kB
SReclaimable:      56824 kB
SUnreclaim:       153644 kB
KernelStack:       43296 kB
PageTables:        54292 kB
NFS_Unstable:          0 kB
Bounce:                0 kB
WritebackTmp:          0 kB
CommitLimit:     6660208 kB
Committed_AS:   58889116 kB
VmallocTotal:   263061440 kB
VmallocUsed:       83576 kB
VmallocChunk:          0 kB
Percpu:             7616 kB
CmaTotal:         315392 kB
CmaFree:               0 kB
MemTotal:        5980404 kB
MemFree:          581360 kB
MemAvailable:    2808856 kB
Buffers:            6976 kB
Cached:          2373512 kB
SwapCached:            0 kB
Active:          1575276 kB
Inactive:        1908212 kB
Active(anon):    1007236 kB
Inactive(anon):   123920 kB
Active(file):     568040 kB
Inactive(file):  1784292 kB
Unevictable:        5672 kB
Mlocked:            5672 kB
SwapTotal:       3670008 kB
SwapFree:        3670008 kB
Dirty:               208 kB
Writeback:             0 kB
AnonPages:       1108560 kB
Mapped:           637664 kB
Shmem:             23524 kB
KReclaimable:     437596 kB
Slab:             210476 kB
SReclaimable:      56824 kB
SUnreclaim:       153652 kB
KernelStack:       43232 kB
PageTables:        54112 kB
NFS_Unstable:          0 kB
Bounce:                0 kB
WritebackTmp:          0 kB
CommitLimit:     6660208 kB
Committed_AS:   58889580 kB
VmallocTotal:   263061440 kB
VmallocUsed:       83576 kB
VmallocChunk:          0 kB
Percpu:             7616 kB
CmaTotal:         315392 kB
CmaFree:               0 kB
MemTotal:        5980404 kB
MemFree:          581620 kB
MemAvailable:    2809116 kB
Buffers:            6976 kB
Cached:          2373512 kB
SwapCached:            0 kB
Active:          1575416 kB
Inactive:        1908216 kB
Active(anon):    1007380 kB
Inactive(anon):   123920 kB
Active(file):     568036 kB
Inactive(file):  1784296 kB
Unevictable:        5672 kB
Mlocked:            5672 kB
SwapTotal:       3670008 kB
SwapFree:        3670008 kB
Dirty:               208 kB
Writeback:             0 kB
AnonPages:       1109048 kB
Mapped:           637664 kB
Shmem:             23524 kB
KReclaimable:     437596 kB
Slab:             210468 kB
SReclaimable:      56824 kB
SUnreclaim:       153644 kB
KernelStack:       43280 kB
PageTables:        54420 kB
NFS_Unstable:          0 kB
Bounce:                0 kB
WritebackTmp:          0 kB
CommitLimit:     6660208 kB
Committed_AS:   58890476 kB
VmallocTotal:   263061440 kB
VmallocUsed:       83576 kB
VmallocChunk:          0 kB
Percpu:             7616 kB
CmaTotal:         315392 kB
CmaFree:               0 kB
MemTotal:        5980404 kB
MemFree:          578868 kB
MemAvailable:    2806384 kB
Buffers:            6980 kB
Cached:          2373528 kB
SwapCached:            0 kB
Active:          1576536 kB
Inactive:        1908228 kB
Active(anon):    1008492 kB
Inactive(anon):   123920 kB
Active(file):     568044 kB
Inactive(file):  1784308 kB
Unevictable:        5672 kB
Mlocked:            5672 kB
SwapTotal:       3670008 kB
SwapFree:        3670008 kB
Dirty:               192 kB
Writeback:             0 kB
AnonPages:       1109884 kB
Mapped:           637476 kB
Shmem:             23524 kB
KReclaimable:     437596 kB
Slab:             210476 kB
SReclaimable:      56824 kB
SUnreclaim:       153652 kB
KernelStack:       43264 kB
PageTables:        54228 kB
NFS_Unstable:          0 kB
Bounce:                0 kB
WritebackTmp:          0 kB
CommitLimit:     6660208 kB
Committed_AS:   58887524 kB
VmallocTotal:   263061440 kB
VmallocUsed:       83560 kB
VmallocChunk:          0 kB
Percpu:             7616 kB
CmaTotal:         315392 kB
CmaFree:               0 kB
MemTotal:        5980404 kB
MemFree:          578780 kB
MemAvailable:    2806304 kB
Buffers:            6980 kB
Cached:          2373536 kB
SwapCached:            0 kB
Active:          1576780 kB
Inactive:        1908232 kB
Active(anon):    1008732 kB
Inactive(anon):   123920 kB
Active(file):     568048 kB
Inactive(file):  1784312 kB
Unevictable:        5672 kB
Mlocked:            5672 kB
SwapTotal:       3670008 kB
SwapFree:        3670008 kB
Dirty:               196 kB
Writeback:             0 kB
AnonPages:       1110260 kB
Mapped:           637664 kB
Shmem:             23524 kB
KReclaimable:     437596 kB
Slab:             210460 kB
SReclaimable:      56824 kB
SUnreclaim:       153636 kB
KernelStack:       43312 kB
PageTables:        54088 kB
NFS_Unstable:          0 kB
Bounce:                0 kB
WritebackTmp:          0 kB
CommitLimit:     6660208 kB
Committed_AS:   58888800 kB
VmallocTotal:   263061440 kB
VmallocUsed:       83560 kB
VmallocChunk:          0 kB
Percpu:             7616 kB
CmaTotal:         315392 kB
CmaFree:               0 kB
MemTotal:        5980404 kB
MemFree:          579988 kB
MemAvailable:    2807504 kB
Buffers:            6980 kB
Cached:          2373528 kB
SwapCached:            0 kB
Active:          1577232 kB
Inactive:        1908228 kB
Active(anon):    1009188 kB
Inactive(anon):   123920 kB
Active(file):     568044 kB
Inactive(file):  1784308 kB
Unevictable:        5672 kB
Mlocked:            5672 kB
SwapTotal:       3670008 kB
SwapFree:        3670008 kB
Dirty:               192 kB
Writeback:             0 kB
AnonPages:       1110708 kB
Mapped:           637664 kB
Shmem:             23524 kB
KReclaimable:     437596 kB
Slab:             210484 kB
SReclaimable:      56824 kB
SUnreclaim:       153660 kB
KernelStack:       43264 kB
PageTables:        54216 kB
NFS_Unstable:          0 kB
Bounce:                0 kB
WritebackTmp:          0 kB
CommitLimit:     6660208 kB
Committed_AS:   58891032 kB
VmallocTotal:   263061440 kB
VmallocUsed:       83576 kB
VmallocChunk:          0 kB
Percpu:             7616 kB
CmaTotal:         315392 kB
CmaFree:               0 kB
MemTotal:        5980404 kB
MemFree:          578732 kB
MemAvailable:    2806256 kB
Buffers:            6980 kB
Cached:          2373536 kB
SwapCached:            0 kB
Active:          1577792 kB
Inactive:        1908232 kB
Active(anon):    1009744 kB
Inactive(anon):   123920 kB
Active(file):     568048 kB
Inactive(file):  1784312 kB
Unevictable:        5672 kB
Mlocked:            5672 kB
SwapTotal:       3670008 kB
SwapFree:        3670008 kB
Dirty:               200 kB
Writeback:             0 kB
AnonPages:       1111196 kB
Mapped:           637504 kB
Shmem:             23524 kB
KReclaimable:     437596 kB
Slab:             210468 kB
SReclaimable:      56824 kB
SUnreclaim:       153644 kB
KernelStack:       43280 kB
PageTables:        54224 kB
NFS_Unstable:          0 kB
Bounce:                0 kB
WritebackTmp:          0 kB
CommitLimit:     6660208 kB
Committed_AS:   58890440 kB
VmallocTotal:   263061440 kB
VmallocUsed:       83640 kB
VmallocChunk:          0 kB
Percpu:             7616 kB
CmaTotal:         315392 kB
CmaFree:               0 kB
MemTotal:        5980404 kB
MemFree:          578196 kB
MemAvailable:    2805712 kB
Buffers:            6980 kB
Cached:          2373528 kB
SwapCached:            0 kB
Active:          1578188 kB
Inactive:        1908228 kB
Active(anon):    1010144 kB
Inactive(anon):   123920 kB
Active(file):     568044 kB
Inactive(file):  1784308 kB
Unevictable:        5672 kB
Mlocked:            5672 kB
SwapTotal:       3670008 kB
SwapFree:        3670008 kB
Dirty:               196 kB
Writeback:             0 kB
AnonPages:       1111324 kB
Mapped:           637664 kB
Shmem:             23524 kB
KReclaimable:     437596 kB
Slab:             210492 kB
SReclaimable:      56824 kB
SUnreclaim:       153668 kB
KernelStack:       43248 kB
PageTables:        54296 kB
NFS_Unstable:          0 kB
Bounce:                0 kB
WritebackTmp:          0 kB
CommitLimit:     6660208 kB
Committed_AS:   58890636 kB
VmallocTotal:   263061440 kB
VmallocUsed:       83576 kB
VmallocChunk:          0 kB
Percpu:             7616 kB
CmaTotal:         315392 kB
CmaFree:               0 kB
MemTotal:        5980404 kB
MemFree:          577800 kB
MemAvailable:    2805316 kB
Buffers:            6980 kB
Cached:          2373528 kB
SwapCached:            0 kB
Active:          1578820 kB
Inactive:        1908228 kB
Active(anon):    1010776 kB
Inactive(anon):   123920 kB
Active(file):     568044 kB
Inactive(file):  1784308 kB
Unevictable:        5672 kB
Mlocked:            5672 kB
SwapTotal:       3670008 kB
SwapFree:        3670008 kB
Dirty:               200 kB
Writeback:             0 kB
AnonPages:       1112172 kB
Mapped:           637512 kB
Shmem:             23524 kB
KReclaimable:     437596 kB
Slab:             210484 kB
SReclaimable:      56824 kB
SUnreclaim:       153660 kB
KernelStack:       43280 kB
PageTables:        54208 kB
NFS_Unstable:          0 kB
Bounce:                0 kB
WritebackTmp:          0 kB
CommitLimit:     6660208 kB
Committed_AS:   58890812 kB
VmallocTotal:   263061440 kB
VmallocUsed:       83624 kB
VmallocChunk:          0 kB
Percpu:             7616 kB
CmaTotal:         315392 kB
CmaFree:               0 kB
MemTotal:        5980404 kB
MemFree:          577060 kB
MemAvailable:    2804564 kB
Buffers:            6980 kB
Cached:          2373516 kB
SwapCached:            0 kB
Active:          1579420 kB
Inactive:        1908220 kB
Active(anon):    1011380 kB
Inactive(anon):   123920 kB
Active(file):     568040 kB
Inactive(file):  1784300 kB
Unevictable:        5672 kB
Mlocked:            5672 kB
SwapTotal:       3670008 kB
SwapFree:        3670008 kB
Dirty:               196 kB
Writeback:             0 kB
AnonPages:       1112400 kB
Mapped:           637588 kB
Shmem:             23524 kB
KReclaimable:     437596 kB
Slab:             210476 kB
SReclaimable:      56824 kB
SUnreclaim:       153652 kB
KernelStack:       43280 kB
PageTables:        54340 kB
NFS_Unstable:          0 kB
Bounce:                0 kB
WritebackTmp:          0 kB
CommitLimit:     6660208 kB
Committed_AS:   58892232 kB
VmallocTotal:   263061440 kB
VmallocUsed:       83640 kB
VmallocChunk:          0 kB
Percpu:             7616 kB
CmaTotal:         315392 kB
CmaFree:               0 kB
MemTotal:        5980404 kB
MemFree:          576720 kB
MemAvailable:    2804236 kB
Buffers:            6980 kB
Cached:          2373528 kB
SwapCached:            0 kB
Active:          1580132 kB
Inactive:        1908228 kB
Active(anon):    1012088 kB
Inactive(anon):   123920 kB
Active(file):     568044 kB
Inactive(file):  1784308 kB
Unevictable:        5672 kB
Mlocked:            5672 kB
SwapTotal:       3670008 kB
SwapFree:        3670008 kB
Dirty:               204 kB
Writeback:             0 kB
AnonPages:       1113196 kB
Mapped:           637436 kB
Shmem:             23524 kB
KReclaimable:     437596 kB
Slab:             210484 kB
SReclaimable:      56824 kB
SUnreclaim:       153660 kB
KernelStack:       43248 kB
PageTables:        53828 kB
NFS_Unstable:          0 kB
Bounce:                0 kB
WritebackTmp:          0 kB
CommitLimit:     6660208 kB
Committed_AS:   58889056 kB
VmallocTotal:   263061440 kB
VmallocUsed:       83608 kB
VmallocChunk:          0 kB
Percpu:             7616 kB
CmaTotal:         315392 kB
CmaFree:               0 kB
MemTotal:        5980404 kB
MemFree:          576668 kB
MemAvailable:    2804176 kB
Buffers:            6980 kB
Cached:          2373520 kB
SwapCached:            0 kB
Active:          1580196 kB
Inactive:        1908224 kB
Active(anon):    1012156 kB
Inactive(anon):   123920 kB
Active(file):     568040 kB
Inactive(file):  1784304 kB
Unevictable:        5672 kB
Mlocked:            5672 kB
SwapTotal:       3670008 kB
SwapFree:        3670008 kB
Dirty:               196 kB
Writeback:             0 kB
AnonPages:       1113560 kB
Mapped:           637664 kB
Shmem:             23524 kB
KReclaimable:     437596 kB
Slab:             210460 kB
SReclaimable:      56824 kB
SUnreclaim:       153636 kB
KernelStack:       43232 kB
PageTables:        54100 kB
NFS_Unstable:          0 kB
Bounce:                0 kB
WritebackTmp:          0 kB
CommitLimit:     6660208 kB
Committed_AS:   58891248 kB
VmallocTotal:   263061440 kB
VmallocUsed:       83608 kB
VmallocChunk:          0 kB
Percpu:             7616 kB
CmaTotal:         315392 kB
CmaFree:               0 kB
MemTotal:        5980404 kB
MemFree:          577840 kB
MemAvailable:    2805356 kB
Buffers:            6980 kB
Cached:          2373528 kB
SwapCached:            0 kB
Active:          1581076 kB
Inactive:        1908228 kB
Active(anon):    1013032 kB
Inactive(anon):   123920 kB
Active(file):     568044 kB
Inactive(file):  1784308 kB
Unevictable:        5672 kB
Mlocked:            5672 kB
SwapTotal:       3670008 kB
SwapFree:        3670008 kB
Dirty:               204 kB
Writeback:             0 kB
AnonPages:       1114372 kB
Mapped:           637664 kB
Shmem:             23524 kB
KReclaimable:     437596 kB
Slab:             210476 kB
SReclaimable:      56824 kB
SUnreclaim:       153652 kB
KernelStack:       43280 kB
PageTables:        54356 kB
NFS_Unstable:          0 kB
Bounce:                0 kB
WritebackTmp:          0 kB
CommitLimit:     6660208 kB
Committed_AS:   58887000 kB
VmallocTotal:   263061440 kB
VmallocUsed:       83640 kB
VmallocChunk:          0 kB
Percpu:             7616 kB
CmaTotal:         315392 kB
CmaFree:               0 kB
MemTotal:        5980404 kB
MemFree:          575384 kB
MemAvailable:    2802900 kB
Buffers:            6980 kB
Cached:          2373528 kB
SwapCached:            0 kB
Active:          1581368 kB
Inactive:        1908228 kB
Active(anon):    1013324 kB
Inactive(anon):   123920 kB
Active(file):     568044 kB
Inactive(file):  1784308 kB
Unevictable:        5672 kB
Mlocked:            5672 kB
SwapTotal:       3670008 kB
SwapFree:        3670008 kB
Dirty:               216 kB
Writeback:             0 kB
AnonPages:       1114628 kB
Mapped:           637728 kB
Shmem:             23524 kB
KReclaimable:     437596 kB
Slab:             210468 kB
SReclaimable:      56824 kB
SUnreclaim:       153644 kB
KernelStack:       43248 kB
PageTables:        54200 kB
NFS_Unstable:          0 kB
Bounce:                0 kB
WritebackTmp:          0 kB
CommitLimit:     6660208 kB
Committed_AS:   58888896 kB
VmallocTotal:   263061440 kB
VmallocUsed:       83608 kB
VmallocChunk:          0 kB
Percpu:             7616 kB
CmaTotal:         315392 kB
CmaFree:               0 kB
MemTotal:        5980404 kB
MemFree:          575268 kB
MemAvailable:    2802784 kB
Buffers:            6980 kB
Cached:          2373528 kB
SwapCached:            0 kB
Active:          1581560 kB
Inactive:        1908228 kB
Active(anon):    1013516 kB
Inactive(anon):   123920 kB
Active(file):     568044 kB
Inactive(file):  1784308 kB
Unevictable:        5672 kB
Mlocked:            5672 kB
SwapTotal:       3670008 kB
SwapFree:        3670008 kB
Dirty:               216 kB
Writeback:             0 kB
AnonPages:       1115124 kB
Mapped:           637664 kB
Shmem:             23524 kB
KReclaimable:     437596 kB
Slab:             210476 kB
SReclaimable:      56824 kB
SUnreclaim:       153652 kB
KernelStack:       43232 kB
PageTables:        54156 kB
NFS_Unstable:          0 kB
Bounce:                0 kB
WritebackTmp:          0 kB
CommitLimit:     6660208 kB
Committed_AS:   58894292 kB
VmallocTotal:   263061440 kB
VmallocUsed:       83640 kB
VmallocChunk:          0 kB
Percpu:             7616 kB
CmaTotal:         315392 kB
CmaFree:               0 kB
MemTotal:        5980404 kB
MemFree:          574504 kB
MemAvailable:    2802020 kB
Buffers:            6980 kB
Cached:          2373528 kB
SwapCached:            0 kB
Active:          1581832 kB
Inactive:        1908228 kB
Active(anon):    1013788 kB
Inactive(anon):   123920 kB
Active(file):     568044 kB
Inactive(file):  1784308 kB
Unevictable:        5672 kB
Mlocked:            5672 kB
SwapTotal:       3670008 kB
SwapFree:        3670008 kB
Dirty:               216 kB
Writeback:             0 kB
AnonPages:       1115404 kB
Mapped:           637704 kB
Shmem:             23524 kB
KReclaimable:     437596 kB
Slab:             210476 kB
SReclaimable:      56824 kB
SUnreclaim:       153652 kB
KernelStack:       43264 kB
PageTables:        54176 kB
NFS_Unstable:          0 kB
Bounce:                0 kB
WritebackTmp:          0 kB
CommitLimit:     6660208 kB
Committed_AS:   58892632 kB
VmallocTotal:   263061440 kB
VmallocUsed:       83592 kB
VmallocChunk:          0 kB
Percpu:             7616 kB
CmaTotal:         315392 kB
CmaFree:               0 kB
MemTotal:        5980404 kB
MemFree:          574696 kB
MemAvailable:    2802212 kB
Buffers:            6980 kB
Cached:          2373528 kB
SwapCached:            0 kB
Active:          1581412 kB
Inactive:        1908228 kB
Active(anon):    1013368 kB
Inactive(anon):   123920 kB
Active(file):     568044 kB
Inactive(file):  1784308 kB
Unevictable:        5672 kB
Mlocked:            5672 kB
SwapTotal:       3670008 kB
SwapFree:        3670008 kB
Dirty:               232 kB
Writeback:             0 kB
AnonPages:       1115012 kB
Mapped:           637396 kB
Shmem:             23524 kB
KReclaimable:     437596 kB
Slab:             210484 kB
SReclaimable:      56824 kB
SUnreclaim:       153660 kB
KernelStack:       43232 kB
PageTables:        54140 kB
NFS_Unstable:          0 kB
Bounce:                0 kB
WritebackTmp:          0 kB
CommitLimit:     6660208 kB
Committed_AS:   58893492 kB
VmallocTotal:   263061440 kB
VmallocUsed:       83608 kB
VmallocChunk:          0 kB
Percpu:             7616 kB
CmaTotal:         315392 kB
CmaFree:               0 kB
MemTotal:        5980404 kB
MemFree:          574756 kB
MemAvailable:    2802264 kB
Buffers:            6980 kB
Cached:          2373520 kB
SwapCached:            0 kB
Active:          1582148 kB
Inactive:        1908224 kB
Active(anon):    1014108 kB
Inactive(anon):   123920 kB
Active(file):     568040 kB
Inactive(file):  1784304 kB
Unevictable:        5672 kB
Mlocked:            5672 kB
SwapTotal:       3670008 kB
SwapFree:        3670008 kB
Dirty:               256 kB
Writeback:             0 kB
AnonPages:       1115152 kB
Mapped:           637436 kB
Shmem:             23524 kB
KReclaimable:     437596 kB
Slab:             210476 kB
SReclaimable:      56824 kB
SUnreclaim:       153652 kB
KernelStack:       43248 kB
PageTables:        54164 kB
NFS_Unstable:          0 kB
Bounce:                0 kB
WritebackTmp:          0 kB
CommitLimit:     6660208 kB
Committed_AS:   58893032 kB
VmallocTotal:   263061440 kB
VmallocUsed:       83608 kB
VmallocChunk:          0 kB
Percpu:             7616 kB
CmaTotal:         315392 kB
CmaFree:               0 kB
MemTotal:        5980404 kB
MemFree:          573388 kB
MemAvailable:    2800916 kB
Buffers:            6984 kB
Cached:          2373536 kB
SwapCached:            0 kB
Active:          1581920 kB
Inactive:        1908236 kB
Active(anon):    1013872 kB
Inactive(anon):   123920 kB
Active(file):     568048 kB
Inactive(file):  1784316 kB
Unevictable:        5672 kB
Mlocked:            5672 kB
SwapTotal:       3670008 kB
SwapFree:        3670008 kB
Dirty:               256 kB
Writeback:             0 kB
AnonPages:       1115528 kB
Mapped:           637436 kB
Shmem:             23524 kB
KReclaimable:     437596 kB
Slab:             210484 kB
SReclaimable:      56824 kB
SUnreclaim:       153660 kB
KernelStack:       43232 kB
PageTables:        54040 kB
NFS_Unstable:          0 kB
Bounce:                0 kB
WritebackTmp:          0 kB
CommitLimit:     6660208 kB
Committed_AS:   58890792 kB
VmallocTotal:   263061440 kB
VmallocUsed:       83592 kB
VmallocChunk:          0 kB
Percpu:             7616 kB
CmaTotal:         315392 kB
CmaFree:               0 kB
MemTotal:        5980404 kB
MemFree:          574716 kB
MemAvailable:    2802248 kB
Buffers:            6984 kB
Cached:          2373540 kB
SwapCached:            0 kB
Active:          1582096 kB
Inactive:        1908240 kB
Active(anon):    1014048 kB
Inactive(anon):   123920 kB
Active(file):     568048 kB
Inactive(file):  1784320 kB
Unevictable:        5672 kB
Mlocked:            5672 kB
SwapTotal:       3670008 kB
SwapFree:        3670008 kB
Dirty:               252 kB
Writeback:             0 kB
AnonPages:       1115444 kB
Mapped:           637492 kB
Shmem:             23524 kB
KReclaimable:     437596 kB
Slab:             210476 kB
SReclaimable:      56824 kB
SUnreclaim:       153652 kB
KernelStack:       43292 kB
PageTables:        54184 kB
NFS_Unstable:          0 kB
Bounce:                0 kB
WritebackTmp:          0 kB
CommitLimit:     6660208 kB
Committed_AS:   58890004 kB
VmallocTotal:   263061440 kB
VmallocUsed:       83640 kB
VmallocChunk:          0 kB
Percpu:             7616 kB
CmaTotal:         315392 kB
CmaFree:               0 kB
MemTotal:        5980404 kB
MemFree:          573392 kB
MemAvailable:    2800892 kB
Buffers:            6984 kB
Cached:          2373540 kB
SwapCached:            0 kB
Active:          1582432 kB
Inactive:        1908240 kB
Active(anon):    1014384 kB
Inactive(anon):   123920 kB
Active(file):     568048 kB
Inactive(file):  1784320 kB
Unevictable:        5672 kB
Mlocked:            5672 kB
SwapTotal:       3670008 kB
SwapFree:        3670008 kB
Dirty:               252 kB
Writeback:             0 kB
AnonPages:       1115880 kB
Mapped:           637476 kB
Shmem:             23524 kB
KReclaimable:     437596 kB
Slab:             210484 kB
SReclaimable:      56824 kB
SUnreclaim:       153660 kB
KernelStack:       43264 kB
PageTables:        54184 kB
NFS_Unstable:          0 kB
Bounce:                0 kB
WritebackTmp:          0 kB
CommitLimit:     6660208 kB
Committed_AS:   58890108 kB
VmallocTotal:   263061440 kB
VmallocUsed:       83624 kB
VmallocChunk:          0 kB
Percpu:             7616 kB
CmaTotal:         315392 kB
CmaFree:               0 kB
MemTotal:        5980404 kB
MemFree:          572720 kB
MemAvailable:    2800252 kB
Buffers:            6984 kB
Cached:          2373540 kB
SwapCached:            0 kB
Active:          1582940 kB
Inactive:        1908240 kB
Active(anon):    1014892 kB
Inactive(anon):   123920 kB
Active(file):     568048 kB
Inactive(file):  1784320 kB
Unevictable:        5672 kB
Mlocked:            5672 kB
SwapTotal:       3670008 kB
SwapFree:        3670008 kB
Dirty:               252 kB
Writeback:             0 kB
AnonPages:       1116548 kB
Mapped:           637664 kB
Shmem:             23524 kB
KReclaimable:     437596 kB
Slab:             210476 kB
SReclaimable:      56824 kB
SUnreclaim:       153652 kB
KernelStack:       43232 kB
PageTables:        54156 kB
NFS_Unstable:          0 kB
Bounce:                0 kB
WritebackTmp:          0 kB
CommitLimit:     6660208 kB
Committed_AS:   58889104 kB
VmallocTotal:   263061440 kB
VmallocUsed:       83608 kB
VmallocChunk:          0 kB
Percpu:             7616 kB
CmaTotal:         315392 kB
CmaFree:               0 kB
MemTotal:        5980404 kB
MemFree:          572260 kB
MemAvailable:    2799800 kB
Buffers:            6984 kB
Cached:          2373548 kB
SwapCached:            0 kB
Active:          1583964 kB
Inactive:        1908244 kB
Active(anon):    1015912 kB
Inactive(anon):   123920 kB
Active(file):     568052 kB
Inactive(file):  1784324 kB
Unevictable:        5672 kB
Mlocked:            5672 kB
SwapTotal:       3670008 kB
SwapFree:        3670008 kB
Dirty:               164 kB
Writeback:             0 kB
AnonPages:       1117516 kB
Mapped:           637712 kB
Shmem:             23524 kB
KReclaimable:     437596 kB
Slab:             210476 kB
SReclaimable:      56824 kB
SUnreclaim:       153652 kB
KernelStack:       43296 kB
PageTables:        54168 kB
NFS_Unstable:          0 kB
Bounce:                0 kB
WritebackTmp:          0 kB
CommitLimit:     6660208 kB
Committed_AS:   58891656 kB
VmallocTotal:   263061440 kB
VmallocUsed:       83640 kB
VmallocChunk:          0 kB
Percpu:             7616 kB
CmaTotal:         315392 kB
CmaFree:               0 kB
MemTotal:        5980404 kB
MemFree:          571624 kB
MemAvailable:    2799156 kB
Buffers:            6984 kB
Cached:          2373540 kB
SwapCached:            0 kB
Active:          1584216 kB
Inactive:        1908240 kB
Active(anon):    1016168 kB
Inactive(anon):   123920 kB
Active(file):     568048 kB
Inactive(file):  1784320 kB
Unevictable:        5672 kB
Mlocked:            5672 kB
SwapTotal:       3670008 kB
SwapFree:        3670008 kB
Dirty:               184 kB
Writeback:             0 kB
AnonPages:       1117800 kB
Mapped:           637696 kB
Shmem:             23524 kB
KReclaimable:     437596 kB
Slab:             210476 kB
SReclaimable:      56824 kB
SUnreclaim:       153652 kB
KernelStack:       43248 kB
PageTables:        54248 kB
NFS_Unstable:          0 kB
Bounce:                0 kB
WritebackTmp:          0 kB
CommitLimit:     6660208 kB
Committed_AS:   58891592 kB
VmallocTotal:   263061440 kB
VmallocUsed:       83640 kB
VmallocChunk:          0 kB
Percpu:             7616 kB
CmaTotal:         315392 kB
CmaFree:               0 kB
MemTotal:        5980404 kB
MemFree:          572408 kB
MemAvailable:    2799940 kB
Buffers:            6984 kB
Cached:          2373540 kB
SwapCached:            0 kB
Active:          1584384 kB
Inactive:        1908240 kB
Active(anon):    1016336 kB
Inactive(anon):   123920 kB
Active(file):     568048 kB
Inactive(file):  1784320 kB
Unevictable:        5672 kB
Mlocked:            5672 kB
SwapTotal:       3670008 kB
SwapFree:        3670008 kB
Dirty:               184 kB
Writeback:             0 kB
AnonPages:       1117880 kB
Mapped:           637696 kB
Shmem:             23524 kB
KReclaimable:     437596 kB
Slab:             210484 kB
SReclaimable:      56824 kB
SUnreclaim:       153660 kB
KernelStack:       43248 kB
PageTables:        54120 kB
NFS_Unstable:          0 kB
Bounce:                0 kB
WritebackTmp:          0 kB
CommitLimit:     6660208 kB
Committed_AS:   58889756 kB
VmallocTotal:   263061440 kB
VmallocUsed:       83640 kB
VmallocChunk:          0 kB
Percpu:             7616 kB
CmaTotal:         315392 kB
CmaFree:               0 kB
MemTotal:        5980404 kB
MemFree:          572284 kB
MemAvailable:    2799816 kB
Buffers:            6984 kB
Cached:          2373540 kB
SwapCached:            0 kB
Active:          1584804 kB
Inactive:        1908240 kB
Active(anon):    1016756 kB
Inactive(anon):   123920 kB
Active(file):     568048 kB
Inactive(file):  1784320 kB
Unevictable:        5672 kB
Mlocked:            5672 kB
SwapTotal:       3670008 kB
SwapFree:        3670008 kB
Dirty:               184 kB
Writeback:             0 kB
AnonPages:       1118280 kB
Mapped:           637484 kB
Shmem:             23524 kB
KReclaimable:     437596 kB
Slab:             210476 kB
SReclaimable:      56824 kB
SUnreclaim:       153652 kB
KernelStack:       43232 kB
PageTables:        54152 kB
NFS_Unstable:          0 kB
Bounce:                0 kB
WritebackTmp:          0 kB
CommitLimit:     6660208 kB
Committed_AS:   58891716 kB
VmallocTotal:   263061440 kB
VmallocUsed:       83576 kB
VmallocChunk:          0 kB
Percpu:             7616 kB
CmaTotal:         315392 kB
CmaFree:               8 kB
MemTotal:        5980404 kB
MemFree:          570436 kB
MemAvailable:    2797968 kB
Buffers:            6984 kB
Cached:          2373540 kB
SwapCached:            0 kB
Active:          1585220 kB
Inactive:        1908240 kB
Active(anon):    1017172 kB
Inactive(anon):   123920 kB
Active(file):     568048 kB
Inactive(file):  1784320 kB
Unevictable:        5672 kB
Mlocked:            5672 kB
SwapTotal:       3670008 kB
SwapFree:        3670008 kB
Dirty:               184 kB
Writeback:             0 kB
AnonPages:       1118684 kB
Mapped:           637868 kB
Shmem:             23524 kB
KReclaimable:     437596 kB
Slab:             210492 kB
SReclaimable:      56824 kB
SUnreclaim:       153668 kB
KernelStack:       43280 kB
PageTables:        54320 kB
NFS_Unstable:          0 kB
Bounce:                0 kB
WritebackTmp:          0 kB
CommitLimit:     6660208 kB
Committed_AS:   58892712 kB
VmallocTotal:   263061440 kB
VmallocUsed:       83624 kB
VmallocChunk:          0 kB
Percpu:             7616 kB
CmaTotal:         315392 kB
CmaFree:               0 kB
MemTotal:        5980404 kB
MemFree:          571760 kB
MemAvailable:    2799292 kB
Buffers:            6984 kB
Cached:          2373540 kB
SwapCached:            0 kB
Active:          1585468 kB
Inactive:        1908240 kB
Active(anon):    1017420 kB
Inactive(anon):   123920 kB
Active(file):     568048 kB
Inactive(file):  1784320 kB
Unevictable:        5672 kB
Mlocked:            5672 kB
SwapTotal:       3670008 kB
SwapFree:        3670008 kB
Dirty:               188 kB
Writeback:             0 kB
AnonPages:       1118644 kB
Mapped:           637656 kB
Shmem:             23524 kB
KReclaimable:     437596 kB
Slab:             210484 kB
SReclaimable:      56824 kB
SUnreclaim:       153660 kB
KernelStack:       43264 kB
PageTables:        54264 kB
NFS_Unstable:          0 kB
Bounce:                0 kB
WritebackTmp:          0 kB
CommitLimit:     6660208 kB
Committed_AS:   58887696 kB
VmallocTotal:   263061440 kB
VmallocUsed:       83608 kB
VmallocChunk:          0 kB
Percpu:             7616 kB
CmaTotal:         315392 kB
CmaFree:              16 kB
MemTotal:        5980404 kB
MemFree:          570364 kB
MemAvailable:    2797892 kB
Buffers:            6984 kB
Cached:          2373536 kB
SwapCached:            0 kB
Active:          1586396 kB
Inactive:        1908240 kB
Active(anon):    1018352 kB
Inactive(anon):   123920 kB
Active(file):     568044 kB
Inactive(file):  1784320 kB
Unevictable:        5672 kB
Mlocked:            5672 kB
SwapTotal:       3670008 kB
SwapFree:        3670008 kB
Dirty:               204 kB
Writeback:             0 kB
AnonPages:       1119864 kB
Mapped:           637776 kB
Shmem:             23524 kB
KReclaimable:     437596 kB
Slab:             210484 kB
SReclaimable:      56824 kB
SUnreclaim:       153660 kB
KernelStack:       43296 kB
PageTables:        54188 kB
NFS_Unstable:          0 kB
Bounce:                0 kB
WritebackTmp:          0 kB
CommitLimit:     6660208 kB
Committed_AS:   58890760 kB
VmallocTotal:   263061440 kB
VmallocUsed:       83624 kB
VmallocChunk:          0 kB
Percpu:             7616 kB
CmaTotal:         315392 kB
CmaFree:               0 kB
MemTotal:        5980404 kB
MemFree:          571308 kB
MemAvailable:    2798840 kB
Buffers:            6984 kB
Cached:          2373544 kB
SwapCached:            0 kB
Active:          1586548 kB
Inactive:        1908244 kB
Active(anon):    1018500 kB
Inactive(anon):   123920 kB
Active(file):     568048 kB
Inactive(file):  1784324 kB
Unevictable:        5672 kB
Mlocked:            5672 kB
SwapTotal:       3670008 kB
SwapFree:        3670008 kB
Dirty:               224 kB
Writeback:             0 kB
AnonPages:       1120012 kB
Mapped:           637712 kB
Shmem:             23524 kB
KReclaimable:     437592 kB
Slab:             210480 kB
SReclaimable:      56820 kB
SUnreclaim:       153660 kB
KernelStack:       43280 kB
PageTables:        54164 kB
NFS_Unstable:          0 kB
Bounce:                0 kB
WritebackTmp:          0 kB
CommitLimit:     6660208 kB
Committed_AS:   58882956 kB
VmallocTotal:   263061440 kB
VmallocUsed:       83624 kB
VmallocChunk:          0 kB
Percpu:             7616 kB
CmaTotal:         315392 kB
CmaFree:               0 kB
MemTotal:        5980404 kB
MemFree:          570364 kB
MemAvailable:    2797888 kB
Buffers:            6984 kB
Cached:          2373536 kB
SwapCached:            0 kB
Active:          1586956 kB
Inactive:        1908240 kB
Active(anon):    1018912 kB
Inactive(anon):   123920 kB
Active(file):     568044 kB
Inactive(file):  1784320 kB
Unevictable:        5672 kB
Mlocked:            5672 kB
SwapTotal:       3670008 kB
SwapFree:        3670008 kB
Dirty:               220 kB
Writeback:             0 kB
AnonPages:       1120600 kB
Mapped:           637712 kB
Shmem:             23524 kB
KReclaimable:     437592 kB
Slab:             210480 kB
SReclaimable:      56820 kB
SUnreclaim:       153660 kB
KernelStack:       43264 kB
PageTables:        54156 kB
NFS_Unstable:          0 kB
Bounce:                0 kB
WritebackTmp:          0 kB
CommitLimit:     6660208 kB
Committed_AS:   58891336 kB
VmallocTotal:   263061440 kB
VmallocUsed:       83624 kB
VmallocChunk:          0 kB
Percpu:             7616 kB
CmaTotal:         315392 kB
CmaFree:               0 kB
MemTotal:        5980404 kB
MemFree:          580072 kB
MemAvailable:    2807604 kB
Buffers:            6984 kB
Cached:          2373544 kB
SwapCached:            0 kB
Active:          1574784 kB
Inactive:        1908244 kB
Active(anon):    1006736 kB
Inactive(anon):   123920 kB
Active(file):     568048 kB
Inactive(file):  1784324 kB
Unevictable:        5672 kB
Mlocked:            5672 kB
SwapTotal:       3670008 kB
SwapFree:        3670008 kB
Dirty:               224 kB
Writeback:             0 kB
AnonPages:       1108308 kB
Mapped:           637712 kB
Shmem:             23524 kB
KReclaimable:     437592 kB
Slab:             210480 kB
SReclaimable:      56820 kB
SUnreclaim:       153660 kB
KernelStack:       43280 kB
PageTables:        54160 kB
NFS_Unstable:          0 kB
Bounce:                0 kB
WritebackTmp:          0 kB
CommitLimit:     6660208 kB
Committed_AS:   58888516 kB
VmallocTotal:   263061440 kB
VmallocUsed:       83656 kB
VmallocChunk:          0 kB
Percpu:             7616 kB
CmaTotal:         315392 kB
CmaFree:               0 kB
MemTotal:        5980404 kB
MemFree:          580120 kB
MemAvailable:    2807652 kB
Buffers:            6984 kB
Cached:          2373544 kB
SwapCached:            0 kB
Active:          1575616 kB
Inactive:        1908244 kB
Active(anon):    1007568 kB
Inactive(anon):   123920 kB
Active(file):     568048 kB
Inactive(file):  1784324 kB
Unevictable:        5672 kB
Mlocked:            5672 kB
SwapTotal:       3670008 kB
SwapFree:        3670008 kB
Dirty:               224 kB
Writeback:             0 kB
AnonPages:       1109160 kB
Mapped:           637712 kB
Shmem:             23524 kB
KReclaimable:     437592 kB
Slab:             210480 kB
SReclaimable:      56820 kB
SUnreclaim:       153660 kB
KernelStack:       43264 kB
PageTables:        54160 kB
NFS_Unstable:          0 kB
Bounce:                0 kB
WritebackTmp:          0 kB
CommitLimit:     6660208 kB
Committed_AS:   58891264 kB
VmallocTotal:   263061440 kB
VmallocUsed:       83624 kB
VmallocChunk:          0 kB
Percpu:             7616 kB
CmaTotal:         315392 kB
CmaFree:               0 kB
MemTotal:        5980404 kB
MemFree:          580180 kB
MemAvailable:    2807712 kB
Buffers:            6984 kB
Cached:          2373556 kB
SwapCached:            0 kB
Active:          1576632 kB
Inactive:        1908256 kB
Active(anon):    1008584 kB
Inactive(anon):   123932 kB
Active(file):     568048 kB
Inactive(file):  1784324 kB
Unevictable:        5672 kB
Mlocked:            5672 kB
SwapTotal:       3670008 kB
SwapFree:        3670008 kB
Dirty:               188 kB
Writeback:             0 kB
AnonPages:       1109984 kB
Mapped:           637724 kB
Shmem:             23536 kB
KReclaimable:     437592 kB
Slab:             210480 kB
SReclaimable:      56820 kB
SUnreclaim:       153660 kB
KernelStack:       43216 kB
PageTables:        54296 kB
NFS_Unstable:          0 kB
Bounce:                0 kB
WritebackTmp:          0 kB
CommitLimit:     6660208 kB
Committed_AS:   58891004 kB
VmallocTotal:   263061440 kB
VmallocUsed:       83560 kB
VmallocChunk:          0 kB
Percpu:             7616 kB
CmaTotal:         315392 kB
CmaFree:               0 kB
MemTotal:        5980404 kB
MemFree:          579252 kB
MemAvailable:    2806804 kB
Buffers:            6988 kB
Cached:          2373576 kB
SwapCached:            0 kB
Active:          1577072 kB
Inactive:        1908276 kB
Active(anon):    1009020 kB
Inactive(anon):   123936 kB
Active(file):     568052 kB
Inactive(file):  1784340 kB
Unevictable:        5672 kB
Mlocked:            5672 kB
SwapTotal:       3670008 kB
SwapFree:        3670008 kB
Dirty:               208 kB
Writeback:             0 kB
AnonPages:       1110280 kB
Mapped:           637728 kB
Shmem:             23540 kB
KReclaimable:     437592 kB
Slab:             210480 kB
SReclaimable:      56820 kB
SUnreclaim:       153660 kB
KernelStack:       43216 kB
PageTables:        54164 kB
NFS_Unstable:          0 kB
Bounce:                0 kB
WritebackTmp:          0 kB
CommitLimit:     6660208 kB
Committed_AS:   58890032 kB
VmallocTotal:   263061440 kB
VmallocUsed:       83544 kB
VmallocChunk:          0 kB
Percpu:             7616 kB
CmaTotal:         315392 kB
CmaFree:               0 kB
MemTotal:        5980404 kB
MemFree:          578960 kB
MemAvailable:    2806512 kB
Buffers:            6988 kB
Cached:          2373576 kB
SwapCached:            0 kB
Active:          1577108 kB
Inactive:        1908276 kB
Active(anon):    1009056 kB
Inactive(anon):   123936 kB
Active(file):     568052 kB
Inactive(file):  1784340 kB
Unevictable:        5672 kB
Mlocked:            5672 kB
SwapTotal:       3670008 kB
SwapFree:        3670008 kB
Dirty:               208 kB
Writeback:             0 kB
AnonPages:       1110504 kB
Mapped:           637688 kB
Shmem:             23540 kB
KReclaimable:     437592 kB
Slab:             210480 kB
SReclaimable:      56820 kB
SUnreclaim:       153660 kB
KernelStack:       43232 kB
PageTables:        54288 kB
NFS_Unstable:          0 kB
Bounce:                0 kB
WritebackTmp:          0 kB
CommitLimit:     6660208 kB
Committed_AS:   58887980 kB
VmallocTotal:   263061440 kB
VmallocUsed:       83544 kB
VmallocChunk:          0 kB
Percpu:             7616 kB
CmaTotal:         315392 kB
CmaFree:               0 kB
MemTotal:        5980404 kB
MemFree:          579248 kB
MemAvailable:    2806796 kB
Buffers:            6988 kB
Cached:          2373572 kB
SwapCached:            0 kB
Active:          1577704 kB
Inactive:        1908272 kB
Active(anon):    1009652 kB
Inactive(anon):   123936 kB
Active(file):     568052 kB
Inactive(file):  1784336 kB
Unevictable:        5672 kB
Mlocked:            5672 kB
SwapTotal:       3670008 kB
SwapFree:        3670008 kB
Dirty:               220 kB
Writeback:             0 kB
AnonPages:       1111176 kB
Mapped:           637500 kB
Shmem:             23540 kB
KReclaimable:     437592 kB
Slab:             210480 kB
SReclaimable:      56820 kB
SUnreclaim:       153660 kB
KernelStack:       43200 kB
PageTables:        54552 kB
NFS_Unstable:          0 kB
Bounce:                0 kB
WritebackTmp:          0 kB
CommitLimit:     6660208 kB
Committed_AS:   58890688 kB
VmallocTotal:   263061440 kB
VmallocUsed:       83592 kB
VmallocChunk:          0 kB
Percpu:             7616 kB
CmaTotal:         315392 kB
CmaFree:               4 kB
MemTotal:        5980404 kB
MemFree:          579780 kB
MemAvailable:    2807332 kB
Buffers:            6988 kB
Cached:          2373576 kB
SwapCached:            0 kB
Active:          1578332 kB
Inactive:        1908276 kB
Active(anon):    1010280 kB
Inactive(anon):   123936 kB
Active(file):     568052 kB
Inactive(file):  1784340 kB
Unevictable:        5672 kB
Mlocked:            5672 kB
SwapTotal:       3670008 kB
SwapFree:        3670008 kB
Dirty:               220 kB
Writeback:             0 kB
AnonPages:       1111648 kB
Mapped:           637564 kB
Shmem:             23540 kB
KReclaimable:     437592 kB
Slab:             210480 kB
SReclaimable:      56820 kB
SUnreclaim:       153660 kB
KernelStack:       43232 kB
PageTables:        54144 kB
NFS_Unstable:          0 kB
Bounce:                0 kB
WritebackTmp:          0 kB
CommitLimit:     6660208 kB
Committed_AS:   58888992 kB
VmallocTotal:   263061440 kB
VmallocUsed:       83576 kB
VmallocChunk:          0 kB
Percpu:             7616 kB
CmaTotal:         315392 kB
CmaFree:               0 kB
MemTotal:        5980404 kB
MemFree:          578396 kB
MemAvailable:    2805948 kB
Buffers:            6988 kB
Cached:          2373576 kB
SwapCached:            0 kB
Active:          1578708 kB
Inactive:        1908276 kB
Active(anon):    1010656 kB
Inactive(anon):   123936 kB
Active(file):     568052 kB
Inactive(file):  1784340 kB
Unevictable:        5672 kB
Mlocked:            5672 kB
SwapTotal:       3670008 kB
SwapFree:        3670008 kB
Dirty:               264 kB
Writeback:             0 kB
AnonPages:       1112228 kB
Mapped:           637728 kB
Shmem:             23540 kB
KReclaimable:     437592 kB
Slab:             210480 kB
SReclaimable:      56820 kB
SUnreclaim:       153660 kB
KernelStack:       43168 kB
PageTables:        54076 kB
NFS_Unstable:          0 kB
Bounce:                0 kB
WritebackTmp:          0 kB
CommitLimit:     6660208 kB
Committed_AS:   58888780 kB
VmallocTotal:   263061440 kB
VmallocUsed:       83480 kB
VmallocChunk:          0 kB
Percpu:             7616 kB
CmaTotal:         315392 kB
CmaFree:               0 kB
MemTotal:        5980404 kB
MemFree:          578164 kB
MemAvailable:    2805716 kB
Buffers:            6988 kB
Cached:          2373576 kB
SwapCached:            0 kB
Active:          1579064 kB
Inactive:        1908276 kB
Active(anon):    1011012 kB
Inactive(anon):   123936 kB
Active(file):     568052 kB
Inactive(file):  1784340 kB
Unevictable:        5672 kB
Mlocked:            5672 kB
SwapTotal:       3670008 kB
SwapFree:        3670008 kB
Dirty:               292 kB
Writeback:             0 kB
AnonPages:       1112312 kB
Mapped:           637796 kB
Shmem:             23540 kB
KReclaimable:     437592 kB
Slab:             210480 kB
SReclaimable:      56820 kB
SUnreclaim:       153660 kB
KernelStack:       43168 kB
PageTables:        54004 kB
NFS_Unstable:          0 kB
Bounce:                0 kB
WritebackTmp:          0 kB
CommitLimit:     6660208 kB
Committed_AS:   58890824 kB
VmallocTotal:   263061440 kB
VmallocUsed:       83464 kB
VmallocChunk:          0 kB
Percpu:             7616 kB
CmaTotal:         315392 kB
CmaFree:               0 kB
MemTotal:        5980404 kB
MemFree:          577620 kB
MemAvailable:    2805172 kB
Buffers:            6988 kB
Cached:          2373576 kB
SwapCached:            0 kB
Active:          1579712 kB
Inactive:        1908276 kB
Active(anon):    1011660 kB
Inactive(anon):   123936 kB
Active(file):     568052 kB
Inactive(file):  1784340 kB
Unevictable:        5672 kB
Mlocked:            5672 kB
SwapTotal:       3670008 kB
SwapFree:        3670008 kB
Dirty:               296 kB
Writeback:             0 kB
AnonPages:       1113276 kB
Mapped:           637852 kB
Shmem:             23540 kB
KReclaimable:     437592 kB
Slab:             210480 kB
SReclaimable:      56820 kB
SUnreclaim:       153660 kB
KernelStack:       43200 kB
PageTables:        54352 kB
NFS_Unstable:          0 kB
Bounce:                0 kB
WritebackTmp:          0 kB
CommitLimit:     6660208 kB
Committed_AS:   58891636 kB
VmallocTotal:   263061440 kB
VmallocUsed:       83464 kB
VmallocChunk:          0 kB
Percpu:             7616 kB
CmaTotal:         315392 kB
CmaFree:               0 kB
MemTotal:        5980404 kB
MemFree:          577796 kB
MemAvailable:    2805348 kB
Buffers:            6988 kB
Cached:          2373576 kB
SwapCached:            0 kB
Active:          1579188 kB
Inactive:        1908276 kB
Active(anon):    1011136 kB
Inactive(anon):   123936 kB
Active(file):     568052 kB
Inactive(file):  1784340 kB
Unevictable:        5672 kB
Mlocked:            5672 kB
SwapTotal:       3670008 kB
SwapFree:        3670008 kB
Dirty:               296 kB
Writeback:             0 kB
AnonPages:       1112824 kB
Mapped:           637792 kB
Shmem:             23540 kB
KReclaimable:     437592 kB
Slab:             210480 kB
SReclaimable:      56820 kB
SUnreclaim:       153660 kB
KernelStack:       43184 kB
PageTables:        54200 kB
NFS_Unstable:          0 kB
Bounce:                0 kB
WritebackTmp:          0 kB
CommitLimit:     6660208 kB
Committed_AS:   58889976 kB
VmallocTotal:   263061440 kB
VmallocUsed:       83448 kB
VmallocChunk:          0 kB
Percpu:             7616 kB
CmaTotal:         315392 kB
CmaFree:               0 kB
MemTotal:        5980404 kB
MemFree:          578048 kB
MemAvailable:    2805600 kB
Buffers:            6988 kB
Cached:          2373576 kB
SwapCached:            0 kB
Active:          1579060 kB
Inactive:        1908276 kB
Active(anon):    1011008 kB
Inactive(anon):   123936 kB
Active(file):     568052 kB
Inactive(file):  1784340 kB
Unevictable:        5672 kB
Mlocked:            5672 kB
SwapTotal:       3670008 kB
SwapFree:        3670008 kB
Dirty:               292 kB
Writeback:             0 kB
AnonPages:       1112532 kB
Mapped:           637852 kB
Shmem:             23540 kB
KReclaimable:     437592 kB
Slab:             210480 kB
SReclaimable:      56820 kB
SUnreclaim:       153660 kB
KernelStack:       43216 kB
PageTables:        54104 kB
NFS_Unstable:          0 kB
Bounce:                0 kB
WritebackTmp:          0 kB
CommitLimit:     6660208 kB
Committed_AS:   58890420 kB
VmallocTotal:   263061440 kB
VmallocUsed:       83496 kB
VmallocChunk:          0 kB
Percpu:             7616 kB
CmaTotal:         315392 kB
CmaFree:               0 kB
MemTotal:        5980404 kB
MemFree:          579416 kB
MemAvailable:    2806940 kB
Buffers:            6988 kB
Cached:          2373548 kB
SwapCached:            0 kB
Active:          1578500 kB
Inactive:        1908260 kB
Active(anon):    1010460 kB
Inactive(anon):   123936 kB
Active(file):     568040 kB
Inactive(file):  1784324 kB
Unevictable:        5672 kB
Mlocked:            5672 kB
SwapTotal:       3670008 kB
SwapFree:        3670008 kB
Dirty:               288 kB
Writeback:             0 kB
AnonPages:       1111764 kB
Mapped:           637852 kB
Shmem:             23540 kB
KReclaimable:     437592 kB
Slab:             210480 kB
SReclaimable:      56820 kB
SUnreclaim:       153660 kB
KernelStack:       43184 kB
PageTables:        54164 kB
NFS_Unstable:          0 kB
Bounce:                0 kB
WritebackTmp:          0 kB
CommitLimit:     6660208 kB
Committed_AS:   58889812 kB
VmallocTotal:   263061440 kB
VmallocUsed:       83480 kB
VmallocChunk:          0 kB
Percpu:             7616 kB
CmaTotal:         315392 kB
CmaFree:               0 kB
MemTotal:        5980404 kB
MemFree:          579376 kB
MemAvailable:    2806928 kB
Buffers:            6988 kB
Cached:          2373580 kB
SwapCached:            0 kB
Active:          1578596 kB
Inactive:        1908280 kB
Active(anon):    1010544 kB
Inactive(anon):   123940 kB
Active(file):     568052 kB
Inactive(file):  1784340 kB
Unevictable:        5672 kB
Mlocked:            5672 kB
SwapTotal:       3670008 kB
SwapFree:        3670008 kB
Dirty:               312 kB
Writeback:             0 kB
AnonPages:       1112004 kB
Mapped:           637800 kB
Shmem:             23544 kB
KReclaimable:     437592 kB
Slab:             210480 kB
SReclaimable:      56820 kB
SUnreclaim:       153660 kB
KernelStack:       43184 kB
PageTables:        54248 kB
NFS_Unstable:          0 kB
Bounce:                0 kB
WritebackTmp:          0 kB
CommitLimit:     6660208 kB
Committed_AS:   58889148 kB
VmallocTotal:   263061440 kB
VmallocUsed:       83528 kB
VmallocChunk:          0 kB
Percpu:             7616 kB
CmaTotal:         315392 kB
CmaFree:               0 kB
MemTotal:        5980404 kB
MemFree:          578432 kB
MemAvailable:    2805984 kB
Buffers:            6988 kB
Cached:          2373580 kB
SwapCached:            0 kB
Active:          1579112 kB
Inactive:        1908280 kB
Active(anon):    1011060 kB
Inactive(anon):   123940 kB
Active(file):     568052 kB
Inactive(file):  1784340 kB
Unevictable:        5672 kB
Mlocked:            5672 kB
SwapTotal:       3670008 kB
SwapFree:        3670008 kB
Dirty:               312 kB
Writeback:             0 kB
AnonPages:       1112316 kB
Mapped:           637628 kB
Shmem:             23544 kB
KReclaimable:     437592 kB
Slab:             210480 kB
SReclaimable:      56820 kB
SUnreclaim:       153660 kB
KernelStack:       43184 kB
PageTables:        54304 kB
NFS_Unstable:          0 kB
Bounce:                0 kB
WritebackTmp:          0 kB
CommitLimit:     6660208 kB
Committed_AS:   58891260 kB
VmallocTotal:   263061440 kB
VmallocUsed:       83512 kB
VmallocChunk:          0 kB
Percpu:             7616 kB
CmaTotal:         315392 kB
CmaFree:               0 kB
MemTotal:        5980404 kB
MemFree:          577316 kB
MemAvailable:    2804856 kB
Buffers:            6988 kB
Cached:          2373568 kB
SwapCached:            0 kB
Active:          1579404 kB
Inactive:        1908272 kB
Active(anon):    1011356 kB
Inactive(anon):   123940 kB
Active(file):     568048 kB
Inactive(file):  1784332 kB
Unevictable:        5672 kB
Mlocked:            5672 kB
SwapTotal:       3670008 kB
SwapFree:        3670008 kB
Dirty:               304 kB
Writeback:             0 kB
AnonPages:       1113004 kB
Mapped:           637704 kB
Shmem:             23544 kB
KReclaimable:     437592 kB
Slab:             210480 kB
SReclaimable:      56820 kB
SUnreclaim:       153660 kB
KernelStack:       43168 kB
PageTables:        54420 kB
NFS_Unstable:          0 kB
Bounce:                0 kB
WritebackTmp:          0 kB
CommitLimit:     6660208 kB
Committed_AS:   58888616 kB
VmallocTotal:   263061440 kB
VmallocUsed:       83544 kB
VmallocChunk:          0 kB
Percpu:             7616 kB
CmaTotal:         315392 kB
CmaFree:               0 kB
MemTotal:        5980404 kB
MemFree:          576880 kB
MemAvailable:    2804432 kB
Buffers:            6988 kB
Cached:          2373580 kB
SwapCached:            0 kB
Active:          1579628 kB
Inactive:        1908280 kB
Active(anon):    1011576 kB
Inactive(anon):   123940 kB
Active(file):     568052 kB
Inactive(file):  1784340 kB
Unevictable:        5672 kB
Mlocked:            5672 kB
SwapTotal:       3670008 kB
SwapFree:        3670008 kB
Dirty:               312 kB
Writeback:             0 kB
AnonPages:       1113216 kB
Mapped:           637652 kB
Shmem:             23544 kB
KReclaimable:     437592 kB
Slab:             210480 kB
SReclaimable:      56820 kB
SUnreclaim:       153660 kB
KernelStack:       43200 kB
PageTables:        54004 kB
NFS_Unstable:          0 kB
Bounce:                0 kB
WritebackTmp:          0 kB
CommitLimit:     6660208 kB
Committed_AS:   58891508 kB
VmallocTotal:   263061440 kB
VmallocUsed:       83512 kB
VmallocChunk:          0 kB
Percpu:             7616 kB
CmaTotal:         315392 kB
CmaFree:               0 kB
MemTotal:        5980404 kB
MemFree:          575840 kB
MemAvailable:    2803392 kB
Buffers:            6988 kB
Cached:          2373584 kB
SwapCached:            0 kB
Active:          1580424 kB
Inactive:        1908284 kB
Active(anon):    1012372 kB
Inactive(anon):   123944 kB
Active(file):     568052 kB
Inactive(file):  1784340 kB
Unevictable:        5672 kB
Mlocked:            5672 kB
SwapTotal:       3670008 kB
SwapFree:        3670008 kB
Dirty:               312 kB
Writeback:             0 kB
AnonPages:       1113808 kB
Mapped:           637760 kB
Shmem:             23548 kB
KReclaimable:     437592 kB
Slab:             210480 kB
SReclaimable:      56820 kB
SUnreclaim:       153660 kB
KernelStack:       43200 kB
PageTables:        54248 kB
NFS_Unstable:          0 kB
Bounce:                0 kB
WritebackTmp:          0 kB
CommitLimit:     6660208 kB
Committed_AS:   58893500 kB
VmallocTotal:   263061440 kB
VmallocUsed:       83464 kB
VmallocChunk:          0 kB
Percpu:             7616 kB
CmaTotal:         315392 kB
CmaFree:               0 kB
MemTotal:        5980404 kB
MemFree:          576088 kB
MemAvailable:    2803656 kB
Buffers:            6992 kB
Cached:          2373596 kB
SwapCached:            0 kB
Active:          1581140 kB
Inactive:        1908300 kB
Active(anon):    1013088 kB
Inactive(anon):   123944 kB
Active(file):     568052 kB
Inactive(file):  1784356 kB
Unevictable:        5672 kB
Mlocked:            5672 kB
SwapTotal:       3670008 kB
SwapFree:        3670008 kB
Dirty:               296 kB
Writeback:             0 kB
AnonPages:       1114268 kB
Mapped:           637860 kB
Shmem:             23548 kB
KReclaimable:     437592 kB
Slab:             210480 kB
SReclaimable:      56820 kB
SUnreclaim:       153660 kB
KernelStack:       43200 kB
PageTables:        54184 kB
NFS_Unstable:          0 kB
Bounce:                0 kB
WritebackTmp:          0 kB
CommitLimit:     6660208 kB
Committed_AS:   58889564 kB
VmallocTotal:   263061440 kB
VmallocUsed:       83480 kB
VmallocChunk:          0 kB
Percpu:             7616 kB
CmaTotal:         315392 kB
CmaFree:               0 kB
MemTotal:        5980404 kB
MemFree:          577072 kB
MemAvailable:    2804644 kB
Buffers:            6992 kB
Cached:          2373600 kB
SwapCached:            0 kB
Active:          1581212 kB
Inactive:        1908300 kB
Active(anon):    1013156 kB
Inactive(anon):   123944 kB
Active(file):     568056 kB
Inactive(file):  1784356 kB
Unevictable:        5672 kB
Mlocked:            5672 kB
SwapTotal:       3670008 kB
SwapFree:        3670008 kB
Dirty:               296 kB
Writeback:             0 kB
AnonPages:       1114568 kB
Mapped:           637848 kB
Shmem:             23548 kB
KReclaimable:     437592 kB
Slab:             210480 kB
SReclaimable:      56820 kB
SUnreclaim:       153660 kB
KernelStack:       43152 kB
PageTables:        54100 kB
NFS_Unstable:          0 kB
Bounce:                0 kB
WritebackTmp:          0 kB
CommitLimit:     6660208 kB
Committed_AS:   58892348 kB
VmallocTotal:   263061440 kB
VmallocUsed:       83528 kB
VmallocChunk:          0 kB
Percpu:             7616 kB
CmaTotal:         315392 kB
CmaFree:               0 kB
MemTotal:        5980404 kB
MemFree:          575340 kB
MemAvailable:    2802912 kB
Buffers:            6992 kB
Cached:          2373600 kB
SwapCached:            0 kB
Active:          1581444 kB
Inactive:        1908300 kB
Active(anon):    1013388 kB
Inactive(anon):   123944 kB
Active(file):     568056 kB
Inactive(file):  1784356 kB
Unevictable:        5672 kB
Mlocked:            5672 kB
SwapTotal:       3670008 kB
SwapFree:        3670008 kB
Dirty:               296 kB
Writeback:             0 kB
AnonPages:       1114708 kB
Mapped:           637876 kB
Shmem:             23548 kB
KReclaimable:     437592 kB
Slab:             210480 kB
SReclaimable:      56820 kB
SUnreclaim:       153660 kB
KernelStack:       43184 kB
PageTables:        54220 kB
NFS_Unstable:          0 kB
Bounce:                0 kB
WritebackTmp:          0 kB
CommitLimit:     6660208 kB
Committed_AS:   58892348 kB
VmallocTotal:   263061440 kB
VmallocUsed:       83512 kB
VmallocChunk:          0 kB
Percpu:             7616 kB
CmaTotal:         315392 kB
CmaFree:               0 kB
MemTotal:        5980404 kB
MemFree:          574524 kB
MemAvailable:    2802096 kB
Buffers:            6992 kB
Cached:          2373600 kB
SwapCached:            0 kB
Active:          1582132 kB
Inactive:        1908300 kB
Active(anon):    1014076 kB
Inactive(anon):   123944 kB
Active(file):     568056 kB
Inactive(file):  1784356 kB
Unevictable:        5672 kB
Mlocked:            5672 kB
SwapTotal:       3670008 kB
SwapFree:        3670008 kB
Dirty:               296 kB
Writeback:             0 kB
AnonPages:       1115592 kB
Mapped:           637860 kB
Shmem:             23548 kB
KReclaimable:     437592 kB
Slab:             210480 kB
SReclaimable:      56820 kB
SUnreclaim:       153660 kB
KernelStack:       43152 kB
PageTables:        54372 kB
NFS_Unstable:          0 kB
Bounce:                0 kB
WritebackTmp:          0 kB
CommitLimit:     6660208 kB
Committed_AS:   58888236 kB
VmallocTotal:   263061440 kB
VmallocUsed:       83560 kB
VmallocChunk:          0 kB
Percpu:             7616 kB
CmaTotal:         315392 kB
CmaFree:               0 kB
MemTotal:        5980404 kB
MemFree:          575540 kB
MemAvailable:    2803104 kB
Buffers:            6992 kB
Cached:          2373592 kB
SwapCached:            0 kB
Active:          1581548 kB
Inactive:        1908296 kB
Active(anon):    1013496 kB
Inactive(anon):   123944 kB
Active(file):     568052 kB
Inactive(file):  1784352 kB
Unevictable:        5672 kB
Mlocked:            5672 kB
SwapTotal:       3670008 kB
SwapFree:        3670008 kB
Dirty:               288 kB
Writeback:             0 kB
AnonPages:       1114964 kB
Mapped:           637860 kB
Shmem:             23548 kB
KReclaimable:     437592 kB
Slab:             210480 kB
SReclaimable:      56820 kB
SUnreclaim:       153660 kB
KernelStack:       43184 kB
PageTables:        54220 kB
NFS_Unstable:          0 kB
Bounce:                0 kB
WritebackTmp:          0 kB
CommitLimit:     6660208 kB
Committed_AS:   58887112 kB
VmallocTotal:   263061440 kB
VmallocUsed:       83544 kB
VmallocChunk:          0 kB
Percpu:             7616 kB
CmaTotal:         315392 kB
CmaFree:               0 kB
MemTotal:        5980404 kB
MemFree:          574344 kB
MemAvailable:    2801924 kB
Buffers:            6992 kB
Cached:          2373608 kB
SwapCached:            0 kB
Active:          1582556 kB
Inactive:        1908304 kB
Active(anon):    1014496 kB
Inactive(anon):   123944 kB
Active(file):     568060 kB
Inactive(file):  1784360 kB
Unevictable:        5672 kB
Mlocked:            5672 kB
SwapTotal:       3670008 kB
SwapFree:        3670008 kB
Dirty:               304 kB
Writeback:             0 kB
AnonPages:       1115740 kB
Mapped:           637724 kB
Shmem:             23548 kB
KReclaimable:     437592 kB
Slab:             210480 kB
SReclaimable:      56820 kB
SUnreclaim:       153660 kB
KernelStack:       43232 kB
PageTables:        54196 kB
NFS_Unstable:          0 kB
Bounce:                0 kB
WritebackTmp:          0 kB
CommitLimit:     6660208 kB
Committed_AS:   58886332 kB
VmallocTotal:   263061440 kB
VmallocUsed:       83560 kB
VmallocChunk:          0 kB
Percpu:             7616 kB
CmaTotal:         315392 kB
CmaFree:               0 kB
MemTotal:        5980404 kB
MemFree:          575112 kB
MemAvailable:    2802676 kB
Buffers:            6992 kB
Cached:          2373592 kB
SwapCached:            0 kB
Active:          1582536 kB
Inactive:        1908296 kB
Active(anon):    1014484 kB
Inactive(anon):   123944 kB
Active(file):     568052 kB
Inactive(file):  1784352 kB
Unevictable:        5672 kB
Mlocked:            5672 kB
SwapTotal:       3670008 kB
SwapFree:        3670008 kB
Dirty:               292 kB
Writeback:             0 kB
AnonPages:       1116264 kB
Mapped:           637696 kB
Shmem:             23548 kB
KReclaimable:     437592 kB
Slab:             210480 kB
SReclaimable:      56820 kB
SUnreclaim:       153660 kB
KernelStack:       43200 kB
PageTables:        54308 kB
NFS_Unstable:          0 kB
Bounce:                0 kB
WritebackTmp:          0 kB
CommitLimit:     6660208 kB
Committed_AS:   58890080 kB
VmallocTotal:   263061440 kB
VmallocUsed:       83560 kB
VmallocChunk:          0 kB
Percpu:             7616 kB
CmaTotal:         315392 kB
CmaFree:               0 kB
MemTotal:        5980404 kB
MemFree:          574844 kB
MemAvailable:    2802416 kB
Buffers:            6992 kB
Cached:          2373600 kB
SwapCached:            0 kB
Active:          1582764 kB
Inactive:        1908300 kB
Active(anon):    1014708 kB
Inactive(anon):   123944 kB
Active(file):     568056 kB
Inactive(file):  1784356 kB
Unevictable:        5672 kB
Mlocked:            5672 kB
SwapTotal:       3670008 kB
SwapFree:        3670008 kB
Dirty:               296 kB
Writeback:             0 kB
AnonPages:       1116192 kB
Mapped:           638064 kB
Shmem:             23548 kB
KReclaimable:     437592 kB
Slab:             210480 kB
SReclaimable:      56820 kB
SUnreclaim:       153660 kB
KernelStack:       43228 kB
PageTables:        54440 kB
NFS_Unstable:          0 kB
Bounce:                0 kB
WritebackTmp:          0 kB
CommitLimit:     6660208 kB
Committed_AS:   58891036 kB
VmallocTotal:   263061440 kB
VmallocUsed:       83544 kB
VmallocChunk:          0 kB
Percpu:             7616 kB
CmaTotal:         315392 kB
CmaFree:               0 kB
MemTotal:        5980404 kB
MemFree:          577248 kB
MemAvailable:    2804820 kB
Buffers:            6992 kB
Cached:          2373600 kB
SwapCached:            0 kB
Active:          1579512 kB
Inactive:        1908300 kB
Active(anon):    1011456 kB
Inactive(anon):   123944 kB
Active(file):     568056 kB
Inactive(file):  1784356 kB
Unevictable:        5672 kB
Mlocked:            5672 kB
SwapTotal:       3670008 kB
SwapFree:        3670008 kB
Dirty:               156 kB
Writeback:             0 kB
AnonPages:       1112564 kB
Mapped:           637800 kB
Shmem:             23548 kB
KReclaimable:     437592 kB
Slab:             210480 kB
SReclaimable:      56820 kB
SUnreclaim:       153660 kB
KernelStack:       43136 kB
PageTables:        54148 kB
NFS_Unstable:          0 kB
Bounce:                0 kB
WritebackTmp:          0 kB
CommitLimit:     6660208 kB
Committed_AS:   58890648 kB
VmallocTotal:   263061440 kB
VmallocUsed:       83544 kB
VmallocChunk:          0 kB
Percpu:             7616 kB
CmaTotal:         315392 kB
CmaFree:             208 kB
MemTotal:        5980404 kB
MemFree:          575620 kB
MemAvailable:    2803192 kB
Buffers:            6992 kB
Cached:          2373604 kB
SwapCached:            0 kB
Active:          1580428 kB
Inactive:        1908304 kB
Active(anon):    1012372 kB
Inactive(anon):   123948 kB
Active(file):     568056 kB
Inactive(file):  1784356 kB
Unevictable:        5672 kB
Mlocked:            5672 kB
SwapTotal:       3670008 kB
SwapFree:        3670008 kB
Dirty:               172 kB
Writeback:             0 kB
AnonPages:       1113884 kB
Mapped:           637992 kB
Shmem:             23552 kB
KReclaimable:     437592 kB
Slab:             210480 kB
SReclaimable:      56820 kB
SUnreclaim:       153660 kB
KernelStack:       43168 kB
PageTables:        54356 kB
NFS_Unstable:          0 kB
Bounce:                0 kB
WritebackTmp:          0 kB
CommitLimit:     6660208 kB
Committed_AS:   58890216 kB
VmallocTotal:   263061440 kB
VmallocUsed:       83528 kB
VmallocChunk:          0 kB
Percpu:             7616 kB
CmaTotal:         315392 kB
CmaFree:               0 kB
MemTotal:        5980404 kB
MemFree:          575788 kB
MemAvailable:    2803360 kB
Buffers:            6992 kB
Cached:          2373604 kB
SwapCached:            0 kB
Active:          1580752 kB
Inactive:        1908304 kB
Active(anon):    1012696 kB
Inactive(anon):   123948 kB
Active(file):     568056 kB
Inactive(file):  1784356 kB
Unevictable:        5672 kB
Mlocked:            5672 kB
SwapTotal:       3670008 kB
SwapFree:        3670008 kB
Dirty:               188 kB
Writeback:             0 kB
AnonPages:       1113992 kB
Mapped:           637864 kB
Shmem:             23552 kB
KReclaimable:     437592 kB
Slab:             210480 kB
SReclaimable:      56820 kB
SUnreclaim:       153660 kB
KernelStack:       43152 kB
PageTables:        54208 kB
NFS_Unstable:          0 kB
Bounce:                0 kB
WritebackTmp:          0 kB
CommitLimit:     6660208 kB
Committed_AS:   58892324 kB
VmallocTotal:   263061440 kB
VmallocUsed:       83528 kB
VmallocChunk:          0 kB
Percpu:             7616 kB
CmaTotal:         315392 kB
CmaFree:               0 kB
MemTotal:        5980404 kB
MemFree:          575020 kB
MemAvailable:    2802592 kB
Buffers:            6992 kB
Cached:          2373604 kB
SwapCached:            0 kB
Active:          1580992 kB
Inactive:        1908304 kB
Active(anon):    1012936 kB
Inactive(anon):   123948 kB
Active(file):     568056 kB
Inactive(file):  1784356 kB
Unevictable:        5672 kB
Mlocked:            5672 kB
SwapTotal:       3670008 kB
SwapFree:        3670008 kB
Dirty:               208 kB
Writeback:             0 kB
AnonPages:       1114268 kB
Mapped:           637864 kB
Shmem:             23552 kB
KReclaimable:     437592 kB
Slab:             210480 kB
SReclaimable:      56820 kB
SUnreclaim:       153660 kB
KernelStack:       43168 kB
PageTables:        54292 kB
NFS_Unstable:          0 kB
Bounce:                0 kB
WritebackTmp:          0 kB
CommitLimit:     6660208 kB
Committed_AS:   58891492 kB
VmallocTotal:   263061440 kB
VmallocUsed:       83528 kB
