MemTotal:       12113144 kB
MemFree:         6934144 kB
MemAvailable:    8334188 kB
Buffers:            6408 kB
Cached:          1622884 kB
SwapCached:            0 kB
Active:          1377644 kB
Inactive:        1413716 kB
Active(anon):    1168592 kB
Inactive(anon):    21372 kB
Active(file):     209052 kB
Inactive(file):  1392344 kB
Unevictable:        5692 kB
Mlocked:            5692 kB
SwapTotal:       3145724 kB
SwapFree:        3145724 kB
Dirty:               216 kB
Writeback:             0 kB
AnonPages:       1167652 kB
Mapped:           805260 kB
Shmem:             23244 kB
KReclaimable:     667352 kB
Slab:             202464 kB
SReclaimable:      66960 kB
SUnreclaim:       135504 kB
KernelStack:       41520 kB
PageTables:        55692 kB
NFS_Unstable:          0 kB
Bounce:                0 kB
WritebackTmp:          0 kB
CommitLimit:     9202296 kB
Committed_AS:   56398608 kB
VmallocTotal:   263061440 kB
VmallocUsed:       98372 kB
VmallocChunk:          0 kB
Percpu:             7584 kB
CmaTotal:         294912 kB
CmaFree:               0 kB
MemTotal:       12113144 kB
MemFree:         6933656 kB
MemAvailable:    8333700 kB
Buffers:            6408 kB
Cached:          1622896 kB
SwapCached:            0 kB
Active:          1378100 kB
Inactive:        1413728 kB
Active(anon):    1169048 kB
Inactive(anon):    21384 kB
Active(file):     209052 kB
Inactive(file):  1392344 kB
Unevictable:        5692 kB
Mlocked:            5692 kB
SwapTotal:       3145724 kB
SwapFree:        3145724 kB
Dirty:               216 kB
Writeback:             0 kB
AnonPages:       1168224 kB
Mapped:           805196 kB
Shmem:             23256 kB
KReclaimable:     667352 kB
Slab:             202464 kB
SReclaimable:      66960 kB
SUnreclaim:       135504 kB
KernelStack:       41504 kB
PageTables:        55712 kB
NFS_Unstable:          0 kB
Bounce:                0 kB
WritebackTmp:          0 kB
CommitLimit:     9202296 kB
Committed_AS:   56403240 kB
VmallocTotal:   263061440 kB
VmallocUsed:       98404 kB
VmallocChunk:          0 kB
Percpu:             7584 kB
CmaTotal:         294912 kB
CmaFree:               0 kB
MemTotal:       12113144 kB
MemFree:         6932884 kB
MemAvailable:    8332944 kB
Buffers:            6412 kB
Cached:          1622908 kB
SwapCached:            0 kB
Active:          1378304 kB
Inactive:        1413740 kB
Active(anon):    1169248 kB
Inactive(anon):    21384 kB
Active(file):     209056 kB
Inactive(file):  1392356 kB
Unevictable:        5692 kB
Mlocked:            5692 kB
SwapTotal:       3145724 kB
SwapFree:        3145724 kB
Dirty:               208 kB
Writeback:             0 kB
AnonPages:       1168448 kB
Mapped:           805456 kB
Shmem:             23256 kB
KReclaimable:     667352 kB
Slab:             202464 kB
SReclaimable:      66960 kB
SUnreclaim:       135504 kB
KernelStack:       41504 kB
PageTables:        55704 kB
NFS_Unstable:          0 kB
Bounce:                0 kB
WritebackTmp:          0 kB
CommitLimit:     9202296 kB
Committed_AS:   56403024 kB
VmallocTotal:   263061440 kB
VmallocUsed:       98404 kB
VmallocChunk:          0 kB
Percpu:             7584 kB
CmaTotal:         294912 kB
CmaFree:               0 kB
MemTotal:       12113144 kB
MemFree:         6932068 kB
MemAvailable:    8332128 kB
Buffers:            6412 kB
Cached:          1622908 kB
SwapCached:            0 kB
Active:          1377780 kB
Inactive:        1413740 kB
Active(anon):    1168724 kB
Inactive(anon):    21384 kB
Active(file):     209056 kB
Inactive(file):  1392356 kB
Unevictable:        5692 kB
Mlocked:            5692 kB
SwapTotal:       3145724 kB
SwapFree:        3145724 kB
Dirty:               208 kB
Writeback:             0 kB
AnonPages:       1167940 kB
Mapped:           805456 kB
Shmem:             23256 kB
KReclaimable:     667352 kB
Slab:             202448 kB
SReclaimable:      66960 kB
SUnreclaim:       135488 kB
KernelStack:       41504 kB
PageTables:        55704 kB
NFS_Unstable:          0 kB
Bounce:                0 kB
WritebackTmp:          0 kB
CommitLimit:     9202296 kB
Committed_AS:   56403032 kB
VmallocTotal:   263061440 kB
VmallocUsed:       98404 kB
VmallocChunk:          0 kB
Percpu:             7584 kB
CmaTotal:         294912 kB
CmaFree:               0 kB
MemTotal:       12113144 kB
MemFree:         6933164 kB
MemAvailable:    8333224 kB
Buffers:            6412 kB
Cached:          1622908 kB
SwapCached:            0 kB
Active:          1377432 kB
Inactive:        1413740 kB
Active(anon):    1168376 kB
Inactive(anon):    21384 kB
Active(file):     209056 kB
Inactive(file):  1392356 kB
Unevictable:        5692 kB
Mlocked:            5692 kB
SwapTotal:       3145724 kB
SwapFree:        3145724 kB
Dirty:               208 kB
Writeback:             0 kB
AnonPages:       1167584 kB
Mapped:           805196 kB
Shmem:             23256 kB
KReclaimable:     667352 kB
Slab:             202464 kB
SReclaimable:      66960 kB
SUnreclaim:       135504 kB
KernelStack:       41536 kB
PageTables:        55728 kB
NFS_Unstable:          0 kB
Bounce:                0 kB
WritebackTmp:          0 kB
CommitLimit:     9202296 kB
Committed_AS:   56402812 kB
VmallocTotal:   263061440 kB
VmallocUsed:       98404 kB
VmallocChunk:          0 kB
Percpu:             7584 kB
CmaTotal:         294912 kB
CmaFree:               0 kB
MemTotal:       12113144 kB
MemFree:         6932488 kB
MemAvailable:    8332548 kB
Buffers:            6412 kB
Cached:          1622908 kB
SwapCached:            0 kB
Active:          1377900 kB
Inactive:        1413744 kB
Active(anon):    1168848 kB
Inactive(anon):    21384 kB
Active(file):     209052 kB
Inactive(file):  1392360 kB
Unevictable:        5692 kB
Mlocked:            5692 kB
SwapTotal:       3145724 kB
SwapFree:        3145724 kB
Dirty:               208 kB
Writeback:             0 kB
AnonPages:       1168056 kB
Mapped:           805456 kB
Shmem:             23256 kB
KReclaimable:     667352 kB
Slab:             202456 kB
SReclaimable:      66960 kB
SUnreclaim:       135496 kB
KernelStack:       41520 kB
PageTables:        55832 kB
NFS_Unstable:          0 kB
Bounce:                0 kB
WritebackTmp:          0 kB
CommitLimit:     9202296 kB
Committed_AS:   56405784 kB
VmallocTotal:   263061440 kB
VmallocUsed:       98388 kB
VmallocChunk:          0 kB
Percpu:             7584 kB
CmaTotal:         294912 kB
CmaFree:               0 kB
MemTotal:       12113144 kB
MemFree:         6932616 kB
MemAvailable:    8332676 kB
Buffers:            6412 kB
Cached:          1622908 kB
SwapCached:            0 kB
Active:          1378360 kB
Inactive:        1413740 kB
Active(anon):    1169304 kB
Inactive(anon):    21384 kB
Active(file):     209056 kB
Inactive(file):  1392356 kB
Unevictable:        5692 kB
Mlocked:            5692 kB
SwapTotal:       3145724 kB
SwapFree:        3145724 kB
Dirty:               212 kB
Writeback:             0 kB
AnonPages:       1168552 kB
Mapped:           805196 kB
Shmem:             23256 kB
KReclaimable:     667352 kB
Slab:             202448 kB
SReclaimable:      66960 kB
SUnreclaim:       135488 kB
KernelStack:       41504 kB
PageTables:        55704 kB
NFS_Unstable:          0 kB
Bounce:                0 kB
WritebackTmp:          0 kB
CommitLimit:     9202296 kB
Committed_AS:   56403256 kB
VmallocTotal:   263061440 kB
VmallocUsed:       98372 kB
VmallocChunk:          0 kB
Percpu:             7584 kB
CmaTotal:         294912 kB
CmaFree:               0 kB
MemTotal:       12113144 kB
MemFree:         6931684 kB
MemAvailable:    8331744 kB
Buffers:            6412 kB
Cached:          1622908 kB
SwapCached:            0 kB
Active:          1378764 kB
Inactive:        1413740 kB
Active(anon):    1169708 kB
Inactive(anon):    21384 kB
Active(file):     209056 kB
Inactive(file):  1392356 kB
Unevictable:        5692 kB
Mlocked:            5692 kB
SwapTotal:       3145724 kB
SwapFree:        3145724 kB
Dirty:               212 kB
Writeback:             0 kB
AnonPages:       1168860 kB
Mapped:           805200 kB
Shmem:             23256 kB
KReclaimable:     667352 kB
Slab:             202464 kB
SReclaimable:      66960 kB
SUnreclaim:       135504 kB
KernelStack:       41504 kB
PageTables:        55704 kB
NFS_Unstable:          0 kB
Bounce:                0 kB
WritebackTmp:          0 kB
CommitLimit:     9202296 kB
Committed_AS:   56405952 kB
VmallocTotal:   263061440 kB
VmallocUsed:       98372 kB
VmallocChunk:          0 kB
Percpu:             7584 kB
CmaTotal:         294912 kB
CmaFree:               0 kB
MemTotal:       12113144 kB
MemFree:         6931888 kB
MemAvailable:    8331948 kB
Buffers:            6412 kB
Cached:          1622908 kB
SwapCached:            0 kB
Active:          1379504 kB
Inactive:        1413740 kB
Active(anon):    1170448 kB
Inactive(anon):    21384 kB
Active(file):     209056 kB
Inactive(file):  1392356 kB
Unevictable:        5692 kB
Mlocked:            5692 kB
SwapTotal:       3145724 kB
SwapFree:        3145724 kB
Dirty:               212 kB
Writeback:             0 kB
AnonPages:       1169668 kB
Mapped:           805460 kB
Shmem:             23256 kB
KReclaimable:     667352 kB
Slab:             202440 kB
SReclaimable:      66960 kB
SUnreclaim:       135480 kB
KernelStack:       41504 kB
PageTables:        55716 kB
NFS_Unstable:          0 kB
Bounce:                0 kB
WritebackTmp:          0 kB
CommitLimit:     9202296 kB
Committed_AS:   56406512 kB
VmallocTotal:   263061440 kB
VmallocUsed:       98388 kB
VmallocChunk:          0 kB
Percpu:             7584 kB
CmaTotal:         294912 kB
CmaFree:               0 kB
MemTotal:       12113144 kB
MemFree:         6930684 kB
MemAvailable:    8330744 kB
Buffers:            6412 kB
Cached:          1622908 kB
SwapCached:            0 kB
Active:          1379716 kB
Inactive:        1413740 kB
Active(anon):    1170660 kB
Inactive(anon):    21384 kB
Active(file):     209056 kB
Inactive(file):  1392356 kB
Unevictable:        5692 kB
Mlocked:            5692 kB
SwapTotal:       3145724 kB
SwapFree:        3145724 kB
Dirty:               212 kB
Writeback:             0 kB
AnonPages:       1169848 kB
Mapped:           805240 kB
Shmem:             23256 kB
KReclaimable:     667352 kB
Slab:             202456 kB
SReclaimable:      66960 kB
SUnreclaim:       135496 kB
KernelStack:       41488 kB
PageTables:        55724 kB
NFS_Unstable:          0 kB
Bounce:                0 kB
WritebackTmp:          0 kB
CommitLimit:     9202296 kB
Committed_AS:   56406576 kB
VmallocTotal:   263061440 kB
VmallocUsed:       98340 kB
VmallocChunk:          0 kB
Percpu:             7584 kB
CmaTotal:         294912 kB
CmaFree:               0 kB
MemTotal:       12113144 kB
MemFree:         6930972 kB
MemAvailable:    8331032 kB
Buffers:            6412 kB
Cached:          1622908 kB
SwapCached:            0 kB
Active:          1380344 kB
Inactive:        1413740 kB
Active(anon):    1171288 kB
Inactive(anon):    21384 kB
Active(file):     209056 kB
Inactive(file):  1392356 kB
Unevictable:        5692 kB
Mlocked:            5692 kB
SwapTotal:       3145724 kB
SwapFree:        3145724 kB
Dirty:               212 kB
Writeback:             0 kB
AnonPages:       1170432 kB
Mapped:           805416 kB
Shmem:             23256 kB
KReclaimable:     667352 kB
Slab:             202456 kB
SReclaimable:      66960 kB
SUnreclaim:       135496 kB
KernelStack:       41504 kB
PageTables:        55756 kB
NFS_Unstable:          0 kB
Bounce:                0 kB
WritebackTmp:          0 kB
CommitLimit:     9202296 kB
Committed_AS:   56406576 kB
VmallocTotal:   263061440 kB
VmallocUsed:       98356 kB
VmallocChunk:          0 kB
Percpu:             7584 kB
CmaTotal:         294912 kB
CmaFree:               0 kB
MemTotal:       12113144 kB
MemFree:         6929764 kB
MemAvailable:    8329836 kB
Buffers:            6412 kB
Cached:          1622920 kB
SwapCached:            0 kB
Active:          1380400 kB
Inactive:        1413748 kB
Active(anon):    1171340 kB
Inactive(anon):    21384 kB
Active(file):     209060 kB
Inactive(file):  1392364 kB
Unevictable:        5692 kB
Mlocked:            5692 kB
SwapTotal:       3145724 kB
SwapFree:        3145724 kB
Dirty:               232 kB
Writeback:             0 kB
AnonPages:       1170564 kB
Mapped:           805460 kB
Shmem:             23256 kB
KReclaimable:     667352 kB
Slab:             202476 kB
SReclaimable:      66960 kB
SUnreclaim:       135516 kB
KernelStack:       41472 kB
PageTables:        55704 kB
NFS_Unstable:          0 kB
Bounce:                0 kB
WritebackTmp:          0 kB
CommitLimit:     9202296 kB
Committed_AS:   56401160 kB
VmallocTotal:   263061440 kB
VmallocUsed:       98372 kB
VmallocChunk:          0 kB
Percpu:             7584 kB
CmaTotal:         294912 kB
CmaFree:               0 kB
MemTotal:       12113144 kB
MemFree:         6918120 kB
MemAvailable:    8318184 kB
Buffers:            6412 kB
Cached:          1622912 kB
SwapCached:            0 kB
Active:          1394656 kB
Inactive:        1413744 kB
Active(anon):    1185600 kB
Inactive(anon):    21384 kB
Active(file):     209056 kB
Inactive(file):  1392360 kB
Unevictable:        5692 kB
Mlocked:            5692 kB
SwapTotal:       3145724 kB
SwapFree:        3145724 kB
Dirty:               224 kB
Writeback:             0 kB
AnonPages:       1181808 kB
Mapped:           805460 kB
Shmem:             23256 kB
KReclaimable:     667352 kB
Slab:             202452 kB
SReclaimable:      66960 kB
SUnreclaim:       135492 kB
KernelStack:       41472 kB
PageTables:        55708 kB
NFS_Unstable:          0 kB
Bounce:                0 kB
WritebackTmp:          0 kB
CommitLimit:     9202296 kB
Committed_AS:   56401020 kB
VmallocTotal:   263061440 kB
VmallocUsed:       98372 kB
VmallocChunk:          0 kB
Percpu:             7584 kB
CmaTotal:         294912 kB
CmaFree:               0 kB
MemTotal:       12113144 kB
MemFree:         6908120 kB
MemAvailable:    8308184 kB
Buffers:            6412 kB
Cached:          1622912 kB
SwapCached:            0 kB
Active:          1401728 kB
Inactive:        1413744 kB
Active(anon):    1192672 kB
Inactive(anon):    21384 kB
Active(file):     209056 kB
Inactive(file):  1392360 kB
Unevictable:        5692 kB
Mlocked:            5692 kB
SwapTotal:       3145724 kB
SwapFree:        3145724 kB
Dirty:               224 kB
Writeback:             0 kB
AnonPages:       1191972 kB
Mapped:           805460 kB
Shmem:             23256 kB
KReclaimable:     667352 kB
Slab:             202460 kB
SReclaimable:      66960 kB
SUnreclaim:       135500 kB
KernelStack:       41472 kB
PageTables:        55708 kB
NFS_Unstable:          0 kB
Bounce:                0 kB
WritebackTmp:          0 kB
CommitLimit:     9202296 kB
Committed_AS:   56406716 kB
VmallocTotal:   263061440 kB
VmallocUsed:       98372 kB
VmallocChunk:          0 kB
Percpu:             7584 kB
CmaTotal:         294912 kB
CmaFree:               0 kB
MemTotal:       12113144 kB
MemFree:         6907664 kB
MemAvailable:    8307728 kB
Buffers:            6412 kB
Cached:          1622912 kB
SwapCached:            0 kB
Active:          1402140 kB
Inactive:        1413744 kB
Active(anon):    1193084 kB
Inactive(anon):    21384 kB
Active(file):     209056 kB
Inactive(file):  1392360 kB
Unevictable:        5692 kB
Mlocked:            5692 kB
SwapTotal:       3145724 kB
SwapFree:        3145724 kB
Dirty:               224 kB
Writeback:             0 kB
AnonPages:       1192200 kB
Mapped:           805460 kB
Shmem:             23256 kB
KReclaimable:     667352 kB
Slab:             202476 kB
SReclaimable:      66960 kB
SUnreclaim:       135516 kB
KernelStack:       41504 kB
PageTables:        55728 kB
NFS_Unstable:          0 kB
Bounce:                0 kB
WritebackTmp:          0 kB
CommitLimit:     9202296 kB
Committed_AS:   56406760 kB
VmallocTotal:   263061440 kB
VmallocUsed:       98372 kB
VmallocChunk:          0 kB
Percpu:             7584 kB
CmaTotal:         294912 kB
CmaFree:               0 kB
MemTotal:       12113144 kB
MemFree:         6917828 kB
MemAvailable:    8317892 kB
Buffers:            6412 kB
Cached:          1622912 kB
SwapCached:            0 kB
Active:          1391856 kB
Inactive:        1413744 kB
Active(anon):    1182800 kB
Inactive(anon):    21384 kB
Active(file):     209056 kB
Inactive(file):  1392360 kB
Unevictable:        5692 kB
Mlocked:            5692 kB
SwapTotal:       3145724 kB
SwapFree:        3145724 kB
Dirty:               224 kB
Writeback:             0 kB
AnonPages:       1181976 kB
Mapped:           805200 kB
Shmem:             23256 kB
KReclaimable:     667352 kB
Slab:             202468 kB
SReclaimable:      66960 kB
SUnreclaim:       135508 kB
KernelStack:       41472 kB
PageTables:        55708 kB
NFS_Unstable:          0 kB
Bounce:                0 kB
WritebackTmp:          0 kB
CommitLimit:     9202296 kB
Committed_AS:   56406540 kB
VmallocTotal:   263061440 kB
VmallocUsed:       98356 kB
VmallocChunk:          0 kB
Percpu:             7584 kB
CmaTotal:         294912 kB
CmaFree:               0 kB
MemTotal:       12113144 kB
MemFree:         6917256 kB
MemAvailable:    8317320 kB
Buffers:            6412 kB
Cached:          1622912 kB
SwapCached:            0 kB
Active:          1392164 kB
Inactive:        1413744 kB
Active(anon):    1183108 kB
Inactive(anon):    21384 kB
Active(file):     209056 kB
Inactive(file):  1392360 kB
Unevictable:        5692 kB
Mlocked:            5692 kB
SwapTotal:       3145724 kB
SwapFree:        3145724 kB
Dirty:               224 kB
Writeback:             0 kB
AnonPages:       1182384 kB
Mapped:           805240 kB
Shmem:             23256 kB
KReclaimable:     667352 kB
Slab:             202468 kB
SReclaimable:      66960 kB
SUnreclaim:       135508 kB
KernelStack:       41520 kB
PageTables:        55728 kB
NFS_Unstable:          0 kB
Bounce:                0 kB
WritebackTmp:          0 kB
CommitLimit:     9202296 kB
Committed_AS:   56406424 kB
VmallocTotal:   263061440 kB
VmallocUsed:       98340 kB
VmallocChunk:          0 kB
Percpu:             7584 kB
CmaTotal:         294912 kB
CmaFree:               0 kB
MemTotal:       12113144 kB
MemFree:         6917040 kB
MemAvailable:    8317116 kB
Buffers:            6416 kB
Cached:          1622920 kB
SwapCached:            0 kB
Active:          1392588 kB
Inactive:        1413752 kB
Active(anon):    1183528 kB
Inactive(anon):    21384 kB
Active(file):     209060 kB
Inactive(file):  1392368 kB
Unevictable:        5692 kB
Mlocked:            5692 kB
SwapTotal:       3145724 kB
SwapFree:        3145724 kB
Dirty:               212 kB
Writeback:             0 kB
AnonPages:       1182872 kB
Mapped:           805460 kB
Shmem:             23256 kB
KReclaimable:     667352 kB
Slab:             202468 kB
SReclaimable:      66960 kB
SUnreclaim:       135508 kB
KernelStack:       41488 kB
PageTables:        55696 kB
NFS_Unstable:          0 kB
Bounce:                0 kB
WritebackTmp:          0 kB
CommitLimit:     9202296 kB
Committed_AS:   56406300 kB
VmallocTotal:   263061440 kB
VmallocUsed:       98372 kB
VmallocChunk:          0 kB
Percpu:             7584 kB
CmaTotal:         294912 kB
CmaFree:               0 kB
MemTotal:       12113144 kB
MemFree:         6916344 kB
MemAvailable:    8316420 kB
Buffers:            6416 kB
Cached:          1622920 kB
SwapCached:            0 kB
Active:          1393368 kB
Inactive:        1413752 kB
Active(anon):    1184308 kB
Inactive(anon):    21384 kB
Active(file):     209060 kB
Inactive(file):  1392368 kB
Unevictable:        5692 kB
Mlocked:            5692 kB
SwapTotal:       3145724 kB
SwapFree:        3145724 kB
Dirty:               108 kB
Writeback:             0 kB
AnonPages:       1183436 kB
Mapped:           805460 kB
Shmem:             23256 kB
KReclaimable:     667352 kB
Slab:             202468 kB
SReclaimable:      66960 kB
SUnreclaim:       135508 kB
KernelStack:       41504 kB
PageTables:        55824 kB
NFS_Unstable:          0 kB
Bounce:                0 kB
WritebackTmp:          0 kB
CommitLimit:     9202296 kB
Committed_AS:   56406176 kB
VmallocTotal:   263061440 kB
VmallocUsed:       98372 kB
VmallocChunk:          0 kB
Percpu:             7584 kB
CmaTotal:         294912 kB
CmaFree:               0 kB
MemTotal:       12113144 kB
MemFree:         6916724 kB
MemAvailable:    8316812 kB
Buffers:            6416 kB
Cached:          1622932 kB
SwapCached:            0 kB
Active:          1393628 kB
Inactive:        1413760 kB
Active(anon):    1184564 kB
Inactive(anon):    21384 kB
Active(file):     209064 kB
Inactive(file):  1392376 kB
Unevictable:        5692 kB
Mlocked:            5692 kB
SwapTotal:       3145724 kB
SwapFree:        3145724 kB
Dirty:               112 kB
Writeback:             4 kB
AnonPages:       1183844 kB
Mapped:           805200 kB
Shmem:             23256 kB
KReclaimable:     667352 kB
Slab:             202468 kB
SReclaimable:      66960 kB
SUnreclaim:       135508 kB
KernelStack:       41488 kB
PageTables:        55696 kB
NFS_Unstable:          0 kB
Bounce:                0 kB
WritebackTmp:          0 kB
CommitLimit:     9202296 kB
Committed_AS:   56406168 kB
VmallocTotal:   263061440 kB
VmallocUsed:       98356 kB
VmallocChunk:          0 kB
Percpu:             7584 kB
CmaTotal:         294912 kB
CmaFree:               0 kB
MemTotal:       12113144 kB
MemFree:         6917760 kB
MemAvailable:    8317836 kB
Buffers:            6416 kB
Cached:          1622920 kB
SwapCached:            0 kB
Active:          1392548 kB
Inactive:        1413752 kB
Active(anon):    1183488 kB
Inactive(anon):    21384 kB
Active(file):     209060 kB
Inactive(file):  1392368 kB
Unevictable:        5692 kB
Mlocked:            5692 kB
SwapTotal:       3145724 kB
SwapFree:        3145724 kB
Dirty:               108 kB
Writeback:             0 kB
AnonPages:       1182800 kB
Mapped:           805200 kB
Shmem:             23256 kB
KReclaimable:     667352 kB
Slab:             202468 kB
SReclaimable:      66960 kB
SUnreclaim:       135508 kB
KernelStack:       41488 kB
PageTables:        55696 kB
NFS_Unstable:          0 kB
Bounce:                0 kB
WritebackTmp:          0 kB
CommitLimit:     9202296 kB
Committed_AS:   56406080 kB
VmallocTotal:   263061440 kB
VmallocUsed:       98340 kB
VmallocChunk:          0 kB
Percpu:             7584 kB
CmaTotal:         294912 kB
CmaFree:               0 kB
MemTotal:       12113144 kB
MemFree:         6917380 kB
MemAvailable:    8317456 kB
Buffers:            6416 kB
Cached:          1622920 kB
SwapCached:            0 kB
Active:          1393240 kB
Inactive:        1413752 kB
Active(anon):    1184180 kB
Inactive(anon):    21384 kB
Active(file):     209060 kB
Inactive(file):  1392368 kB
Unevictable:        5692 kB
Mlocked:            5692 kB
SwapTotal:       3145724 kB
SwapFree:        3145724 kB
Dirty:               108 kB
Writeback:             0 kB
AnonPages:       1183620 kB
Mapped:           805200 kB
Shmem:             23256 kB
KReclaimable:     667352 kB
Slab:             202468 kB
SReclaimable:      66960 kB
SUnreclaim:       135508 kB
KernelStack:       41488 kB
PageTables:        55696 kB
NFS_Unstable:          0 kB
Bounce:                0 kB
WritebackTmp:          0 kB
CommitLimit:     9202296 kB
Committed_AS:   56406132 kB
VmallocTotal:   263061440 kB
VmallocUsed:       98356 kB
VmallocChunk:          0 kB
Percpu:             7584 kB
CmaTotal:         294912 kB
CmaFree:               0 kB
MemTotal:       12113144 kB
MemFree:         6916876 kB
MemAvailable:    8316952 kB
Buffers:            6416 kB
Cached:          1622920 kB
SwapCached:            0 kB
Active:          1393380 kB
Inactive:        1413752 kB
Active(anon):    1184320 kB
Inactive(anon):    21384 kB
Active(file):     209060 kB
Inactive(file):  1392368 kB
Unevictable:        5692 kB
Mlocked:            5692 kB
SwapTotal:       3145724 kB
SwapFree:        3145724 kB
Dirty:               108 kB
Writeback:             0 kB
AnonPages:       1183584 kB
Mapped:           805264 kB
Shmem:             23256 kB
KReclaimable:     667352 kB
Slab:             202468 kB
SReclaimable:      66960 kB
SUnreclaim:       135508 kB
KernelStack:       41552 kB
PageTables:        55728 kB
NFS_Unstable:          0 kB
Bounce:                0 kB
WritebackTmp:          0 kB
CommitLimit:     9202296 kB
Committed_AS:   56405824 kB
VmallocTotal:   263061440 kB
VmallocUsed:       98356 kB
VmallocChunk:          0 kB
Percpu:             7584 kB
CmaTotal:         294912 kB
CmaFree:               0 kB
MemTotal:       12113144 kB
MemFree:         6916056 kB
MemAvailable:    8316132 kB
Buffers:            6416 kB
Cached:          1622920 kB
SwapCached:            0 kB
Active:          1393284 kB
Inactive:        1413752 kB
Active(anon):    1184224 kB
Inactive(anon):    21384 kB
Active(file):     209060 kB
Inactive(file):  1392368 kB
Unevictable:        5692 kB
Mlocked:            5692 kB
SwapTotal:       3145724 kB
SwapFree:        3145724 kB
Dirty:               108 kB
Writeback:             0 kB
AnonPages:       1183544 kB
Mapped:           805200 kB
Shmem:             23256 kB
KReclaimable:     667352 kB
Slab:             202468 kB
SReclaimable:      66960 kB
SUnreclaim:       135508 kB
KernelStack:       41504 kB
PageTables:        55704 kB
NFS_Unstable:          0 kB
Bounce:                0 kB
WritebackTmp:          0 kB
CommitLimit:     9202296 kB
Committed_AS:   56406184 kB
VmallocTotal:   263061440 kB
VmallocUsed:       98372 kB
VmallocChunk:          0 kB
Percpu:             7584 kB
CmaTotal:         294912 kB
CmaFree:               0 kB
MemTotal:       12113144 kB
MemFree:         6927464 kB
MemAvailable:    8327540 kB
Buffers:            6416 kB
Cached:          1622920 kB
SwapCached:            0 kB
Active:          1382424 kB
Inactive:        1413752 kB
Active(anon):    1173364 kB
Inactive(anon):    21384 kB
Active(file):     209060 kB
Inactive(file):  1392368 kB
Unevictable:        5692 kB
Mlocked:            5692 kB
SwapTotal:       3145724 kB
SwapFree:        3145724 kB
Dirty:               108 kB
Writeback:             0 kB
AnonPages:       1172628 kB
Mapped:           805200 kB
Shmem:             23256 kB
KReclaimable:     667352 kB
Slab:             202468 kB
SReclaimable:      66960 kB
SUnreclaim:       135508 kB
KernelStack:       41504 kB
PageTables:        55704 kB
NFS_Unstable:          0 kB
Bounce:                0 kB
WritebackTmp:          0 kB
CommitLimit:     9202296 kB
Committed_AS:   56406096 kB
VmallocTotal:   263061440 kB
VmallocUsed:       98404 kB
VmallocChunk:          0 kB
Percpu:             7584 kB
CmaTotal:         294912 kB
CmaFree:               0 kB
MemTotal:       12113144 kB
MemFree:         6926892 kB
MemAvailable:    8326968 kB
Buffers:            6416 kB
Cached:          1622920 kB
SwapCached:            0 kB
Active:          1382648 kB
Inactive:        1413752 kB
Active(anon):    1173588 kB
Inactive(anon):    21384 kB
Active(file):     209060 kB
Inactive(file):  1392368 kB
Unevictable:        5692 kB
Mlocked:            5692 kB
SwapTotal:       3145724 kB
SwapFree:        3145724 kB
Dirty:               108 kB
Writeback:             0 kB
AnonPages:       1172880 kB
Mapped:           805460 kB
Shmem:             23256 kB
KReclaimable:     667352 kB
Slab:             202468 kB
SReclaimable:      66960 kB
SUnreclaim:       135508 kB
KernelStack:       41520 kB
PageTables:        55704 kB
NFS_Unstable:          0 kB
Bounce:                0 kB
WritebackTmp:          0 kB
CommitLimit:     9202296 kB
Committed_AS:   56405920 kB
VmallocTotal:   263061440 kB
VmallocUsed:       98436 kB
VmallocChunk:          0 kB
Percpu:             7584 kB
CmaTotal:         294912 kB
CmaFree:               0 kB
MemTotal:       12113144 kB
MemFree:         6927588 kB
MemAvailable:    8327664 kB
Buffers:            6416 kB
Cached:          1622920 kB
SwapCached:            0 kB
Active:          1383212 kB
Inactive:        1413752 kB
Active(anon):    1174152 kB
Inactive(anon):    21384 kB
Active(file):     209060 kB
Inactive(file):  1392368 kB
Unevictable:        5692 kB
Mlocked:            5692 kB
SwapTotal:       3145724 kB
SwapFree:        3145724 kB
Dirty:               160 kB
Writeback:             0 kB
AnonPages:       1173456 kB
Mapped:           805460 kB
Shmem:             23256 kB
KReclaimable:     667352 kB
Slab:             202468 kB
SReclaimable:      66960 kB
SUnreclaim:       135508 kB
KernelStack:       41520 kB
PageTables:        55712 kB
NFS_Unstable:          0 kB
Bounce:                0 kB
WritebackTmp:          0 kB
CommitLimit:     9202296 kB
Committed_AS:   56405788 kB
VmallocTotal:   263061440 kB
VmallocUsed:       98420 kB
VmallocChunk:          0 kB
Percpu:             7584 kB
CmaTotal:         294912 kB
CmaFree:               0 kB
MemTotal:       12113144 kB
MemFree:         6926384 kB
MemAvailable:    8326460 kB
Buffers:            6416 kB
Cached:          1622920 kB
SwapCached:            0 kB
Active:          1383564 kB
Inactive:        1413752 kB
Active(anon):    1174504 kB
Inactive(anon):    21384 kB
Active(file):     209060 kB
Inactive(file):  1392368 kB
Unevictable:        5692 kB
Mlocked:            5692 kB
SwapTotal:       3145724 kB
SwapFree:        3145724 kB
Dirty:               160 kB
Writeback:             0 kB
AnonPages:       1173760 kB
Mapped:           805460 kB
Shmem:             23256 kB
KReclaimable:     667352 kB
Slab:             202460 kB
SReclaimable:      66960 kB
SUnreclaim:       135500 kB
KernelStack:       41520 kB
PageTables:        55704 kB
NFS_Unstable:          0 kB
Bounce:                0 kB
WritebackTmp:          0 kB
CommitLimit:     9202296 kB
Committed_AS:   56405832 kB
VmallocTotal:   263061440 kB
VmallocUsed:       98436 kB
VmallocChunk:          0 kB
Percpu:             7584 kB
CmaTotal:         294912 kB
CmaFree:               0 kB
MemTotal:       12113144 kB
MemFree:         6926108 kB
MemAvailable:    8326184 kB
Buffers:            6416 kB
Cached:          1622920 kB
SwapCached:            0 kB
Active:          1384480 kB
Inactive:        1413752 kB
Active(anon):    1175420 kB
Inactive(anon):    21384 kB
Active(file):     209060 kB
Inactive(file):  1392368 kB
Unevictable:        5692 kB
Mlocked:            5692 kB
SwapTotal:       3145724 kB
SwapFree:        3145724 kB
Dirty:               160 kB
Writeback:             0 kB
AnonPages:       1174728 kB
Mapped:           805264 kB
Shmem:             23256 kB
KReclaimable:     667352 kB
Slab:             202460 kB
SReclaimable:      66960 kB
SUnreclaim:       135500 kB
KernelStack:       41552 kB
PageTables:        55728 kB
NFS_Unstable:          0 kB
Bounce:                0 kB
WritebackTmp:          0 kB
CommitLimit:     9202296 kB
Committed_AS:   56406148 kB
VmallocTotal:   263061440 kB
VmallocUsed:       98420 kB
VmallocChunk:          0 kB
Percpu:             7584 kB
CmaTotal:         294912 kB
CmaFree:               0 kB
MemTotal:       12113144 kB
MemFree:         6926644 kB
MemAvailable:    8326720 kB
Buffers:            6416 kB
Cached:          1622920 kB
SwapCached:            0 kB
Active:          1384756 kB
Inactive:        1413752 kB
Active(anon):    1175696 kB
Inactive(anon):    21384 kB
Active(file):     209060 kB
Inactive(file):  1392368 kB
Unevictable:        5692 kB
Mlocked:            5692 kB
SwapTotal:       3145724 kB
SwapFree:        3145724 kB
Dirty:               160 kB
Writeback:             0 kB
AnonPages:       1175152 kB
Mapped:           805200 kB
Shmem:             23256 kB
KReclaimable:     667352 kB
Slab:             202460 kB
SReclaimable:      66960 kB
SUnreclaim:       135500 kB
KernelStack:       41520 kB
PageTables:        55700 kB
NFS_Unstable:          0 kB
Bounce:                0 kB
WritebackTmp:          0 kB
CommitLimit:     9202296 kB
Committed_AS:   56405708 kB
VmallocTotal:   263061440 kB
VmallocUsed:       98420 kB
VmallocChunk:          0 kB
Percpu:             7584 kB
CmaTotal:         294912 kB
CmaFree:               0 kB
MemTotal:       12113144 kB
MemFree:         6925280 kB
MemAvailable:    8325356 kB
Buffers:            6416 kB
Cached:          1622920 kB
SwapCached:            0 kB
Active:          1385444 kB
Inactive:        1413752 kB
Active(anon):    1176384 kB
Inactive(anon):    21384 kB
Active(file):     209060 kB
Inactive(file):  1392368 kB
Unevictable:        5692 kB
Mlocked:            5692 kB
SwapTotal:       3145724 kB
SwapFree:        3145724 kB
Dirty:               160 kB
Writeback:             0 kB
AnonPages:       1175752 kB
Mapped:           805460 kB
Shmem:             23256 kB
KReclaimable:     667352 kB
Slab:             202468 kB
SReclaimable:      66960 kB
SUnreclaim:       135508 kB
KernelStack:       41520 kB
PageTables:        55700 kB
NFS_Unstable:          0 kB
Bounce:                0 kB
WritebackTmp:          0 kB
CommitLimit:     9202296 kB
Committed_AS:   56400804 kB
VmallocTotal:   263061440 kB
VmallocUsed:       98404 kB
VmallocChunk:          0 kB
Percpu:             7584 kB
CmaTotal:         294912 kB
CmaFree:               0 kB
MemTotal:       12113144 kB
MemFree:         6924720 kB
MemAvailable:    8324816 kB
Buffers:            6424 kB
Cached:          1622932 kB
SwapCached:            0 kB
Active:          1385884 kB
Inactive:        1413764 kB
Active(anon):    1176816 kB
Inactive(anon):    21384 kB
Active(file):     209068 kB
Inactive(file):  1392380 kB
Unevictable:        5692 kB
Mlocked:            5692 kB
SwapTotal:       3145724 kB
SwapFree:        3145724 kB
Dirty:               172 kB
Writeback:             0 kB
AnonPages:       1176036 kB
Mapped:           805460 kB
Shmem:             23256 kB
KReclaimable:     667352 kB
Slab:             202460 kB
SReclaimable:      66960 kB
SUnreclaim:       135500 kB
KernelStack:       41520 kB
PageTables:        55704 kB
NFS_Unstable:          0 kB
Bounce:                0 kB
WritebackTmp:          0 kB
CommitLimit:     9202296 kB
Committed_AS:   56400452 kB
VmallocTotal:   263061440 kB
VmallocUsed:       98420 kB
VmallocChunk:          0 kB
Percpu:             7584 kB
CmaTotal:         294912 kB
CmaFree:               0 kB
MemTotal:       12113144 kB
MemFree:         6924028 kB
MemAvailable:    8324124 kB
Buffers:            6424 kB
Cached:          1622932 kB
SwapCached:            0 kB
Active:          1385696 kB
Inactive:        1413764 kB
Active(anon):    1176628 kB
Inactive(anon):    21384 kB
Active(file):     209068 kB
Inactive(file):  1392380 kB
Unevictable:        5692 kB
Mlocked:            5692 kB
SwapTotal:       3145724 kB
SwapFree:        3145724 kB
Dirty:               172 kB
Writeback:             0 kB
AnonPages:       1175916 kB
Mapped:           805460 kB
Shmem:             23256 kB
KReclaimable:     667352 kB
Slab:             202460 kB
SReclaimable:      66960 kB
SUnreclaim:       135500 kB
KernelStack:       41520 kB
PageTables:        55700 kB
NFS_Unstable:          0 kB
Bounce:                0 kB
WritebackTmp:          0 kB
CommitLimit:     9202296 kB
Committed_AS:   56400576 kB
VmallocTotal:   263061440 kB
VmallocUsed:       98404 kB
VmallocChunk:          0 kB
Percpu:             7584 kB
CmaTotal:         294912 kB
CmaFree:               0 kB
MemTotal:       12113144 kB
MemFree:         6923260 kB
MemAvailable:    8323356 kB
Buffers:            6424 kB
Cached:          1622932 kB
SwapCached:            0 kB
Active:          1386912 kB
Inactive:        1413764 kB
Active(anon):    1177844 kB
Inactive(anon):    21384 kB
Active(file):     209068 kB
Inactive(file):  1392380 kB
Unevictable:        5692 kB
Mlocked:            5692 kB
SwapTotal:       3145724 kB
SwapFree:        3145724 kB
Dirty:               204 kB
Writeback:             0 kB
AnonPages:       1177168 kB
Mapped:           805200 kB
Shmem:             23256 kB
KReclaimable:     667352 kB
Slab:             202468 kB
SReclaimable:      66960 kB
SUnreclaim:       135508 kB
KernelStack:       41520 kB
PageTables:        55704 kB
NFS_Unstable:          0 kB
Bounce:                0 kB
WritebackTmp:          0 kB
CommitLimit:     9202296 kB
Committed_AS:   56400268 kB
VmallocTotal:   263061440 kB
VmallocUsed:       98388 kB
VmallocChunk:          0 kB
Percpu:             7584 kB
CmaTotal:         294912 kB
CmaFree:               0 kB
MemTotal:       12113144 kB
MemFree:         6922500 kB
MemAvailable:    8322596 kB
Buffers:            6424 kB
Cached:          1622932 kB
SwapCached:            0 kB
Active:          1387248 kB
Inactive:        1413764 kB
Active(anon):    1178180 kB
Inactive(anon):    21384 kB
Active(file):     209068 kB
Inactive(file):  1392380 kB
Unevictable:        5692 kB
Mlocked:            5692 kB
SwapTotal:       3145724 kB
SwapFree:        3145724 kB
Dirty:               212 kB
Writeback:             0 kB
AnonPages:       1177372 kB
Mapped:           805460 kB
Shmem:             23256 kB
KReclaimable:     667352 kB
Slab:             202468 kB
SReclaimable:      66960 kB
SUnreclaim:       135508 kB
KernelStack:       41520 kB
PageTables:        55700 kB
NFS_Unstable:          0 kB
Bounce:                0 kB
WritebackTmp:          0 kB
CommitLimit:     9202296 kB
Committed_AS:   56400224 kB
VmallocTotal:   263061440 kB
VmallocUsed:       98388 kB
VmallocChunk:          0 kB
Percpu:             7584 kB
CmaTotal:         294912 kB
CmaFree:               0 kB
MemTotal:       12113144 kB
MemFree:         6922132 kB
MemAvailable:    8322228 kB
Buffers:            6424 kB
Cached:          1622932 kB
SwapCached:            0 kB
Active:          1387656 kB
Inactive:        1413768 kB
Active(anon):    1178592 kB
Inactive(anon):    21384 kB
Active(file):     209064 kB
Inactive(file):  1392384 kB
Unevictable:        5692 kB
Mlocked:            5692 kB
SwapTotal:       3145724 kB
SwapFree:        3145724 kB
Dirty:               212 kB
Writeback:             0 kB
AnonPages:       1177868 kB
Mapped:           805460 kB
Shmem:             23256 kB
KReclaimable:     667352 kB
Slab:             202460 kB
SReclaimable:      66960 kB
SUnreclaim:       135500 kB
KernelStack:       41520 kB
PageTables:        55708 kB
NFS_Unstable:          0 kB
Bounce:                0 kB
WritebackTmp:          0 kB
CommitLimit:     9202296 kB
Committed_AS:   56406420 kB
VmallocTotal:   263061440 kB
VmallocUsed:       98388 kB
VmallocChunk:          0 kB
Percpu:             7584 kB
CmaTotal:         294912 kB
CmaFree:               0 kB
MemTotal:       12113144 kB
MemFree:         6922008 kB
MemAvailable:    8322104 kB
Buffers:            6424 kB
Cached:          1622932 kB
SwapCached:            0 kB
Active:          1388552 kB
Inactive:        1413764 kB
Active(anon):    1179484 kB
Inactive(anon):    21384 kB
Active(file):     209068 kB
Inactive(file):  1392380 kB
Unevictable:        5692 kB
Mlocked:            5692 kB
SwapTotal:       3145724 kB
SwapFree:        3145724 kB
Dirty:               232 kB
Writeback:             0 kB
AnonPages:       1178768 kB
Mapped:           805460 kB
Shmem:             23256 kB
KReclaimable:     667352 kB
Slab:             202460 kB
SReclaimable:      66960 kB
SUnreclaim:       135500 kB
KernelStack:       41520 kB
PageTables:        55712 kB
NFS_Unstable:          0 kB
Bounce:                0 kB
WritebackTmp:          0 kB
CommitLimit:     9202296 kB
Committed_AS:   56406348 kB
VmallocTotal:   263061440 kB
VmallocUsed:       98388 kB
VmallocChunk:          0 kB
Percpu:             7584 kB
CmaTotal:         294912 kB
CmaFree:               0 kB
MemTotal:       12113144 kB
MemFree:         6921192 kB
MemAvailable:    8321288 kB
Buffers:            6424 kB
Cached:          1622932 kB
SwapCached:            0 kB
Active:          1389176 kB
Inactive:        1413764 kB
Active(anon):    1180108 kB
Inactive(anon):    21384 kB
Active(file):     209068 kB
Inactive(file):  1392380 kB
Unevictable:        5692 kB
Mlocked:            5692 kB
SwapTotal:       3145724 kB
SwapFree:        3145724 kB
Dirty:               236 kB
Writeback:             0 kB
AnonPages:       1179424 kB
Mapped:           805200 kB
Shmem:             23256 kB
KReclaimable:     667352 kB
Slab:             202460 kB
SReclaimable:      66960 kB
SUnreclaim:       135500 kB
KernelStack:       41520 kB
PageTables:        55712 kB
NFS_Unstable:          0 kB
Bounce:                0 kB
WritebackTmp:          0 kB
CommitLimit:     9202296 kB
Committed_AS:   56406084 kB
VmallocTotal:   263061440 kB
VmallocUsed:       98356 kB
VmallocChunk:          0 kB
Percpu:             7584 kB
CmaTotal:         294912 kB
CmaFree:               0 kB
MemTotal:       12113144 kB
MemFree:         6920344 kB
MemAvailable:    8320444 kB
Buffers:            6424 kB
Cached:          1622936 kB
SwapCached:            0 kB
Active:          1389644 kB
Inactive:        1413768 kB
Active(anon):    1180576 kB
Inactive(anon):    21384 kB
Active(file):     209068 kB
Inactive(file):  1392384 kB
Unevictable:        5692 kB
Mlocked:            5692 kB
SwapTotal:       3145724 kB
SwapFree:        3145724 kB
Dirty:               252 kB
Writeback:             0 kB
AnonPages:       1179860 kB
Mapped:           805200 kB
Shmem:             23256 kB
KReclaimable:     667352 kB
Slab:             202460 kB
SReclaimable:      66960 kB
SUnreclaim:       135500 kB
KernelStack:       41520 kB
PageTables:        55704 kB
NFS_Unstable:          0 kB
Bounce:                0 kB
WritebackTmp:          0 kB
CommitLimit:     9202296 kB
Committed_AS:   56405952 kB
VmallocTotal:   263061440 kB
VmallocUsed:       98372 kB
VmallocChunk:          0 kB
Percpu:             7584 kB
CmaTotal:         294912 kB
CmaFree:               0 kB
MemTotal:       12113144 kB
MemFree:         6920088 kB
MemAvailable:    8320188 kB
Buffers:            6424 kB
Cached:          1622936 kB
SwapCached:            0 kB
Active:          1389332 kB
Inactive:        1413768 kB
Active(anon):    1180264 kB
Inactive(anon):    21384 kB
Active(file):     209068 kB
Inactive(file):  1392384 kB
Unevictable:        5692 kB
Mlocked:            5692 kB
SwapTotal:       3145724 kB
SwapFree:        3145724 kB
Dirty:               256 kB
Writeback:             0 kB
AnonPages:       1179472 kB
Mapped:           805200 kB
Shmem:             23256 kB
KReclaimable:     667352 kB
Slab:             202460 kB
SReclaimable:      66960 kB
SUnreclaim:       135500 kB
KernelStack:       41520 kB
PageTables:        55704 kB
NFS_Unstable:          0 kB
Bounce:                0 kB
WritebackTmp:          0 kB
CommitLimit:     9202296 kB
Committed_AS:   56405908 kB
VmallocTotal:   263061440 kB
VmallocUsed:       98372 kB
VmallocChunk:          0 kB
Percpu:             7584 kB
CmaTotal:         294912 kB
CmaFree:               0 kB
MemTotal:       12113144 kB
MemFree:         6920316 kB
MemAvailable:    8320416 kB
Buffers:            6424 kB
Cached:          1622936 kB
SwapCached:            0 kB
Active:          1389728 kB
Inactive:        1413768 kB
Active(anon):    1180660 kB
Inactive(anon):    21384 kB
Active(file):     209068 kB
Inactive(file):  1392384 kB
Unevictable:        5692 kB
Mlocked:            5692 kB
SwapTotal:       3145724 kB
SwapFree:        3145724 kB
Dirty:               264 kB
Writeback:             0 kB
AnonPages:       1179852 kB
Mapped:           805200 kB
Shmem:             23256 kB
KReclaimable:     667352 kB
Slab:             202460 kB
SReclaimable:      66960 kB
SUnreclaim:       135500 kB
KernelStack:       41520 kB
PageTables:        55708 kB
NFS_Unstable:          0 kB
Bounce:                0 kB
WritebackTmp:          0 kB
CommitLimit:     9202296 kB
Committed_AS:   56405988 kB
VmallocTotal:   263061440 kB
VmallocUsed:       98372 kB
VmallocChunk:          0 kB
Percpu:             7584 kB
CmaTotal:         294912 kB
CmaFree:               0 kB
MemTotal:       12113144 kB
MemFree:         6919284 kB
MemAvailable:    8319384 kB
Buffers:            6424 kB
Cached:          1622936 kB
SwapCached:            0 kB
Active:          1391088 kB
Inactive:        1413768 kB
Active(anon):    1182020 kB
Inactive(anon):    21384 kB
Active(file):     209068 kB
Inactive(file):  1392384 kB
Unevictable:        5692 kB
Mlocked:            5692 kB
SwapTotal:       3145724 kB
SwapFree:        3145724 kB
Dirty:               264 kB
Writeback:             0 kB
AnonPages:       1181296 kB
Mapped:           805240 kB
Shmem:             23256 kB
KReclaimable:     667352 kB
Slab:             202444 kB
SReclaimable:      66960 kB
SUnreclaim:       135484 kB
KernelStack:       41648 kB
PageTables:        55768 kB
NFS_Unstable:          0 kB
Bounce:                0 kB
WritebackTmp:          0 kB
CommitLimit:     9202296 kB
Committed_AS:   56405768 kB
VmallocTotal:   263061440 kB
VmallocUsed:       98452 kB
VmallocChunk:          0 kB
Percpu:             7584 kB
CmaTotal:         294912 kB
CmaFree:               0 kB
MemTotal:       12113144 kB
MemFree:         6919324 kB
MemAvailable:    8319424 kB
Buffers:            6424 kB
Cached:          1622936 kB
SwapCached:            0 kB
Active:          1391620 kB
Inactive:        1413768 kB
Active(anon):    1182552 kB
Inactive(anon):    21384 kB
Active(file):     209068 kB
Inactive(file):  1392384 kB
Unevictable:        5692 kB
Mlocked:            5692 kB
SwapTotal:       3145724 kB
SwapFree:        3145724 kB
Dirty:               272 kB
Writeback:             0 kB
AnonPages:       1181912 kB
Mapped:           805460 kB
Shmem:             23256 kB
KReclaimable:     667352 kB
Slab:             202468 kB
SReclaimable:      66960 kB
SUnreclaim:       135508 kB
KernelStack:       41616 kB
PageTables:        55716 kB
NFS_Unstable:          0 kB
Bounce:                0 kB
WritebackTmp:          0 kB
CommitLimit:     9202296 kB
Committed_AS:   56405600 kB
VmallocTotal:   263061440 kB
VmallocUsed:       98452 kB
VmallocChunk:          0 kB
Percpu:             7584 kB
CmaTotal:         294912 kB
CmaFree:               0 kB
MemTotal:       12113144 kB
MemFree:         6918756 kB
MemAvailable:    8318856 kB
Buffers:            6424 kB
Cached:          1622936 kB
SwapCached:            0 kB
Active:          1392200 kB
Inactive:        1413768 kB
Active(anon):    1183132 kB
Inactive(anon):    21384 kB
Active(file):     209068 kB
Inactive(file):  1392384 kB
Unevictable:        5692 kB
Mlocked:            5692 kB
SwapTotal:       3145724 kB
SwapFree:        3145724 kB
Dirty:               280 kB
Writeback:             0 kB
AnonPages:       1182268 kB
Mapped:           805204 kB
Shmem:             23256 kB
KReclaimable:     667352 kB
Slab:             202468 kB
SReclaimable:      66960 kB
SUnreclaim:       135508 kB
KernelStack:       41648 kB
PageTables:        55740 kB
NFS_Unstable:          0 kB
Bounce:                0 kB
WritebackTmp:          0 kB
CommitLimit:     9202296 kB
Committed_AS:   56405516 kB
VmallocTotal:   263061440 kB
VmallocUsed:       98452 kB
VmallocChunk:          0 kB
Percpu:             7584 kB
CmaTotal:         294912 kB
CmaFree:               0 kB
MemTotal:       12113144 kB
MemFree:         6918756 kB
MemAvailable:    8318872 kB
Buffers:            6428 kB
Cached:          1622948 kB
SwapCached:            0 kB
Active:          1392648 kB
Inactive:        1413780 kB
Active(anon):    1183576 kB
Inactive(anon):    21384 kB
Active(file):     209072 kB
Inactive(file):  1392396 kB
Unevictable:        5692 kB
Mlocked:            5692 kB
SwapTotal:       3145724 kB
SwapFree:        3145724 kB
Dirty:               280 kB
Writeback:             0 kB
AnonPages:       1182788 kB
Mapped:           805328 kB
Shmem:             23256 kB
KReclaimable:     667352 kB
Slab:             202468 kB
SReclaimable:      66960 kB
SUnreclaim:       135508 kB
KernelStack:       41648 kB
PageTables:        55752 kB
NFS_Unstable:          0 kB
Bounce:                0 kB
WritebackTmp:          0 kB
CommitLimit:     9202296 kB
Committed_AS:   56405860 kB
VmallocTotal:   263061440 kB
VmallocUsed:       98468 kB
VmallocChunk:          0 kB
Percpu:             7584 kB
CmaTotal:         294912 kB
CmaFree:               0 kB
MemTotal:       12113144 kB
MemFree:         6918424 kB
MemAvailable:    8318540 kB
Buffers:            6428 kB
Cached:          1622948 kB
SwapCached:            0 kB
Active:          1393100 kB
Inactive:        1413780 kB
Active(anon):    1184028 kB
Inactive(anon):    21384 kB
Active(file):     209072 kB
Inactive(file):  1392396 kB
Unevictable:        5692 kB
Mlocked:            5692 kB
SwapTotal:       3145724 kB
SwapFree:        3145724 kB
Dirty:               288 kB
Writeback:             0 kB
AnonPages:       1183300 kB
Mapped:           805204 kB
Shmem:             23256 kB
KReclaimable:     667352 kB
Slab:             202452 kB
SReclaimable:      66960 kB
SUnreclaim:       135492 kB
KernelStack:       41616 kB
PageTables:        55712 kB
NFS_Unstable:          0 kB
Bounce:                0 kB
WritebackTmp:          0 kB
CommitLimit:     9202296 kB
Committed_AS:   56405640 kB
VmallocTotal:   263061440 kB
VmallocUsed:       98468 kB
VmallocChunk:          0 kB
Percpu:             7584 kB
CmaTotal:         294912 kB
CmaFree:               0 kB
MemTotal:       12113144 kB
MemFree:         6917880 kB
MemAvailable:    8317996 kB
Buffers:            6428 kB
Cached:          1622948 kB
SwapCached:            0 kB
Active:          1393388 kB
Inactive:        1413780 kB
Active(anon):    1184316 kB
Inactive(anon):    21384 kB
Active(file):     209072 kB
Inactive(file):  1392396 kB
Unevictable:        5692 kB
Mlocked:            5692 kB
SwapTotal:       3145724 kB
SwapFree:        3145724 kB
Dirty:               288 kB
Writeback:             0 kB
AnonPages:       1183672 kB
Mapped:           805464 kB
Shmem:             23256 kB
KReclaimable:     667352 kB
Slab:             202460 kB
SReclaimable:      66960 kB
SUnreclaim:       135500 kB
KernelStack:       41616 kB
PageTables:        55712 kB
NFS_Unstable:          0 kB
Bounce:                0 kB
WritebackTmp:          0 kB
CommitLimit:     9202296 kB
Committed_AS:   56405736 kB
VmallocTotal:   263061440 kB
VmallocUsed:       98452 kB
VmallocChunk:          0 kB
Percpu:             7584 kB
CmaTotal:         294912 kB
CmaFree:               0 kB
MemTotal:       12113144 kB
MemFree:         6917604 kB
MemAvailable:    8317720 kB
Buffers:            6428 kB
Cached:          1622948 kB
SwapCached:            0 kB
Active:          1393840 kB
Inactive:        1413780 kB
Active(anon):    1184768 kB
Inactive(anon):    21384 kB
Active(file):     209072 kB
Inactive(file):  1392396 kB
Unevictable:        5692 kB
Mlocked:            5692 kB
SwapTotal:       3145724 kB
SwapFree:        3145724 kB
Dirty:               288 kB
Writeback:             0 kB
AnonPages:       1184168 kB
Mapped:           805464 kB
Shmem:             23256 kB
KReclaimable:     667352 kB
Slab:             202452 kB
SReclaimable:      66960 kB
SUnreclaim:       135492 kB
KernelStack:       41616 kB
PageTables:        55720 kB
NFS_Unstable:          0 kB
Bounce:                0 kB
WritebackTmp:          0 kB
CommitLimit:     9202296 kB
Committed_AS:   56405480 kB
VmallocTotal:   263061440 kB
VmallocUsed:       98484 kB
VmallocChunk:          0 kB
Percpu:             7584 kB
CmaTotal:         294912 kB
CmaFree:               0 kB
MemTotal:       12113144 kB
MemFree:         6916400 kB
MemAvailable:    8316516 kB
Buffers:            6428 kB
Cached:          1622948 kB
SwapCached:            0 kB
Active:          1395472 kB
Inactive:        1413780 kB
Active(anon):    1186400 kB
Inactive(anon):    21384 kB
Active(file):     209072 kB
Inactive(file):  1392396 kB
Unevictable:        5692 kB
Mlocked:            5692 kB
SwapTotal:       3145724 kB
SwapFree:        3145724 kB
Dirty:               316 kB
Writeback:             0 kB
AnonPages:       1185688 kB
Mapped:           805204 kB
Shmem:             23256 kB
KReclaimable:     667352 kB
Slab:             202452 kB
SReclaimable:      66960 kB
SUnreclaim:       135492 kB
KernelStack:       41616 kB
PageTables:        55712 kB
NFS_Unstable:          0 kB
Bounce:                0 kB
WritebackTmp:          0 kB
CommitLimit:     9202296 kB
Committed_AS:   56405296 kB
VmallocTotal:   263061440 kB
VmallocUsed:       98484 kB
VmallocChunk:          0 kB
Percpu:             7584 kB
CmaTotal:         294912 kB
CmaFree:               0 kB
MemTotal:       12113144 kB
MemFree:         6914996 kB
MemAvailable:    8315112 kB
Buffers:            6428 kB
Cached:          1622956 kB
SwapCached:            0 kB
Active:          1394956 kB
Inactive:        1413788 kB
Active(anon):    1185884 kB
Inactive(anon):    21392 kB
Active(file):     209072 kB
Inactive(file):  1392396 kB
Unevictable:        5692 kB
Mlocked:            5692 kB
SwapTotal:       3145724 kB
SwapFree:        3145724 kB
Dirty:               332 kB
Writeback:             0 kB
AnonPages:       1185060 kB
Mapped:           805220 kB
Shmem:             23264 kB
KReclaimable:     667352 kB
Slab:             202476 kB
SReclaimable:      66960 kB
SUnreclaim:       135516 kB
KernelStack:       41616 kB
PageTables:        55720 kB
NFS_Unstable:          0 kB
Bounce:                0 kB
WritebackTmp:          0 kB
CommitLimit:     9202296 kB
Committed_AS:   56405120 kB
VmallocTotal:   263061440 kB
VmallocUsed:       98516 kB
VmallocChunk:          0 kB
Percpu:             7584 kB
CmaTotal:         294912 kB
CmaFree:               0 kB
MemTotal:       12113144 kB
MemFree:         6914788 kB
MemAvailable:    8314900 kB
Buffers:            6428 kB
Cached:          1622956 kB
SwapCached:            0 kB
Active:          1395344 kB
Inactive:        1413788 kB
Active(anon):    1186272 kB
Inactive(anon):    21392 kB
Active(file):     209072 kB
Inactive(file):  1392396 kB
Unevictable:        5692 kB
Mlocked:            5692 kB
SwapTotal:       3145724 kB
SwapFree:        3145724 kB
Dirty:               332 kB
Writeback:             0 kB
AnonPages:       1185580 kB
Mapped:           805480 kB
Shmem:             23264 kB
KReclaimable:     667348 kB
Slab:             202456 kB
SReclaimable:      66956 kB
SUnreclaim:       135500 kB
KernelStack:       41600 kB
PageTables:        55716 kB
NFS_Unstable:          0 kB
Bounce:                0 kB
WritebackTmp:          0 kB
CommitLimit:     9202296 kB
Committed_AS:   56405208 kB
VmallocTotal:   263061440 kB
VmallocUsed:       98500 kB
VmallocChunk:          0 kB
Percpu:             7584 kB
CmaTotal:         294912 kB
CmaFree:               0 kB
MemTotal:       12113144 kB
MemFree:         6914264 kB
MemAvailable:    8314380 kB
Buffers:            6428 kB
Cached:          1622960 kB
SwapCached:            0 kB
Active:          1395900 kB
Inactive:        1413792 kB
Active(anon):    1186828 kB
Inactive(anon):    21392 kB
Active(file):     209072 kB
Inactive(file):  1392400 kB
Unevictable:        5692 kB
Mlocked:            5692 kB
SwapTotal:       3145724 kB
SwapFree:        3145724 kB
Dirty:               348 kB
Writeback:             0 kB
AnonPages:       1186152 kB
Mapped:           805480 kB
Shmem:             23264 kB
KReclaimable:     667348 kB
Slab:             202448 kB
SReclaimable:      66956 kB
SUnreclaim:       135492 kB
KernelStack:       41600 kB
PageTables:        55708 kB
NFS_Unstable:          0 kB
Bounce:                0 kB
WritebackTmp:          0 kB
CommitLimit:     9202296 kB
Committed_AS:   56406140 kB
VmallocTotal:   263061440 kB
VmallocUsed:       98500 kB
VmallocChunk:          0 kB
Percpu:             7584 kB
CmaTotal:         294912 kB
CmaFree:               0 kB
MemTotal:       12113144 kB
MemFree:         6913464 kB
MemAvailable:    8313580 kB
Buffers:            6428 kB
Cached:          1622960 kB
SwapCached:            0 kB
Active:          1396344 kB
Inactive:        1413792 kB
Active(anon):    1187272 kB
Inactive(anon):    21392 kB
Active(file):     209072 kB
Inactive(file):  1392400 kB
Unevictable:        5692 kB
Mlocked:            5692 kB
SwapTotal:       3145724 kB
SwapFree:        3145724 kB
Dirty:               348 kB
Writeback:             0 kB
AnonPages:       1186512 kB
Mapped:           805480 kB
Shmem:             23264 kB
KReclaimable:     667348 kB
Slab:             202456 kB
SReclaimable:      66956 kB
SUnreclaim:       135500 kB
KernelStack:       41600 kB
PageTables:        55712 kB
NFS_Unstable:          0 kB
Bounce:                0 kB
WritebackTmp:          0 kB
CommitLimit:     9202296 kB
Committed_AS:   56406000 kB
VmallocTotal:   263061440 kB
VmallocUsed:       98484 kB
VmallocChunk:          0 kB
Percpu:             7584 kB
CmaTotal:         294912 kB
CmaFree:               0 kB
MemTotal:       12113144 kB
MemFree:         6913436 kB
MemAvailable:    8313552 kB
Buffers:            6428 kB
Cached:          1622960 kB
SwapCached:            0 kB
Active:          1395940 kB
Inactive:        1413792 kB
Active(anon):    1186868 kB
Inactive(anon):    21392 kB
Active(file):     209072 kB
Inactive(file):  1392400 kB
Unevictable:        5692 kB
Mlocked:            5692 kB
SwapTotal:       3145724 kB
SwapFree:        3145724 kB
Dirty:               348 kB
Writeback:             0 kB
AnonPages:       1186116 kB
Mapped:           805480 kB
Shmem:             23264 kB
KReclaimable:     667348 kB
Slab:             202448 kB
SReclaimable:      66956 kB
SUnreclaim:       135492 kB
KernelStack:       41600 kB
PageTables:        55712 kB
NFS_Unstable:          0 kB
Bounce:                0 kB
WritebackTmp:          0 kB
CommitLimit:     9202296 kB
Committed_AS:   56406192 kB
VmallocTotal:   263061440 kB
VmallocUsed:       98500 kB
VmallocChunk:          0 kB
Percpu:             7584 kB
CmaTotal:         294912 kB
CmaFree:               0 kB
MemTotal:       12113144 kB
MemFree:         6912700 kB
MemAvailable:    8312816 kB
Buffers:            6428 kB
Cached:          1622960 kB
SwapCached:            0 kB
Active:          1396468 kB
Inactive:        1413792 kB
Active(anon):    1187396 kB
Inactive(anon):    21392 kB
Active(file):     209072 kB
Inactive(file):  1392400 kB
Unevictable:        5692 kB
Mlocked:            5692 kB
SwapTotal:       3145724 kB
SwapFree:        3145724 kB
Dirty:               152 kB
Writeback:             0 kB
AnonPages:       1186688 kB
Mapped:           805220 kB
Shmem:             23264 kB
KReclaimable:     667348 kB
Slab:             202492 kB
SReclaimable:      66956 kB
SUnreclaim:       135536 kB
KernelStack:       41600 kB
PageTables:        55720 kB
NFS_Unstable:          0 kB
Bounce:                0 kB
WritebackTmp:          0 kB
CommitLimit:     9202296 kB
Committed_AS:   56406060 kB
VmallocTotal:   263061440 kB
VmallocUsed:       98484 kB
VmallocChunk:          0 kB
Percpu:             7584 kB
CmaTotal:         294912 kB
CmaFree:               0 kB
MemTotal:       12113144 kB
MemFree:         6912672 kB
MemAvailable:    8312788 kB
Buffers:            6428 kB
Cached:          1622960 kB
SwapCached:            0 kB
Active:          1396764 kB
Inactive:        1413792 kB
Active(anon):    1187692 kB
Inactive(anon):    21392 kB
Active(file):     209072 kB
Inactive(file):  1392400 kB
Unevictable:        5692 kB
Mlocked:            5692 kB
SwapTotal:       3145724 kB
SwapFree:        3145724 kB
Dirty:               152 kB
Writeback:             0 kB
AnonPages:       1186896 kB
Mapped:           805316 kB
Shmem:             23264 kB
KReclaimable:     667348 kB
Slab:             202468 kB
SReclaimable:      66956 kB
SUnreclaim:       135512 kB
KernelStack:       41632 kB
PageTables:        55740 kB
NFS_Unstable:          0 kB
Bounce:                0 kB
WritebackTmp:          0 kB
CommitLimit:     9202296 kB
Committed_AS:   56405884 kB
VmallocTotal:   263061440 kB
VmallocUsed:       98468 kB
VmallocChunk:          0 kB
Percpu:             7584 kB
CmaTotal:         294912 kB
CmaFree:               0 kB
MemTotal:       12113144 kB
MemFree:         6912808 kB
MemAvailable:    8312928 kB
Buffers:            6432 kB
Cached:          1622968 kB
SwapCached:            0 kB
Active:          1397136 kB
Inactive:        1413796 kB
Active(anon):    1188064 kB
Inactive(anon):    21392 kB
Active(file):     209072 kB
Inactive(file):  1392404 kB
Unevictable:        5692 kB
Mlocked:            5692 kB
SwapTotal:       3145724 kB
SwapFree:        3145724 kB
Dirty:               160 kB
Writeback:             0 kB
AnonPages:       1187316 kB
Mapped:           805480 kB
Shmem:             23264 kB
KReclaimable:     667348 kB
Slab:             202484 kB
SReclaimable:      66956 kB
SUnreclaim:       135528 kB
KernelStack:       41600 kB
PageTables:        55720 kB
NFS_Unstable:          0 kB
Bounce:                0 kB
WritebackTmp:          0 kB
CommitLimit:     9202296 kB
Committed_AS:   56406140 kB
VmallocTotal:   263061440 kB
VmallocUsed:       98484 kB
VmallocChunk:          0 kB
Percpu:             7584 kB
CmaTotal:         294912 kB
CmaFree:               0 kB
MemTotal:       12113144 kB
MemFree:         6912832 kB
MemAvailable:    8312964 kB
Buffers:            6432 kB
Cached:          1622972 kB
SwapCached:            0 kB
Active:          1397644 kB
Inactive:        1413804 kB
Active(anon):    1188568 kB
Inactive(anon):    21392 kB
Active(file):     209076 kB
Inactive(file):  1392412 kB
Unevictable:        5692 kB
Mlocked:            5692 kB
SwapTotal:       3145724 kB
SwapFree:        3145724 kB
Dirty:               136 kB
Writeback:             0 kB
AnonPages:       1187852 kB
Mapped:           805480 kB
Shmem:             23264 kB
KReclaimable:     667348 kB
Slab:             202468 kB
SReclaimable:      66956 kB
SUnreclaim:       135512 kB
KernelStack:       41600 kB
PageTables:        55716 kB
NFS_Unstable:          0 kB
Bounce:                0 kB
WritebackTmp:          0 kB
CommitLimit:     9202296 kB
Committed_AS:   56405956 kB
VmallocTotal:   263061440 kB
VmallocUsed:       98484 kB
VmallocChunk:          0 kB
Percpu:             7584 kB
CmaTotal:         294912 kB
CmaFree:               0 kB
MemTotal:       12113144 kB
MemFree:         6911752 kB
MemAvailable:    8311884 kB
Buffers:            6432 kB
Cached:          1622972 kB
SwapCached:            0 kB
Active:          1398352 kB
Inactive:        1413804 kB
Active(anon):    1189276 kB
Inactive(anon):    21392 kB
Active(file):     209076 kB
Inactive(file):  1392412 kB
Unevictable:        5692 kB
Mlocked:            5692 kB
SwapTotal:       3145724 kB
SwapFree:        3145724 kB
Dirty:               136 kB
Writeback:             0 kB
AnonPages:       1188528 kB
Mapped:           805480 kB
Shmem:             23264 kB
KReclaimable:     667348 kB
Slab:             202468 kB
SReclaimable:      66956 kB
SUnreclaim:       135512 kB
KernelStack:       41600 kB
PageTables:        55720 kB
NFS_Unstable:          0 kB
Bounce:                0 kB
WritebackTmp:          0 kB
CommitLimit:     9202296 kB
Committed_AS:   56405964 kB
VmallocTotal:   263061440 kB
VmallocUsed:       98484 kB
VmallocChunk:          0 kB
Percpu:             7584 kB
CmaTotal:         294912 kB
CmaFree:               0 kB
MemTotal:       12113144 kB
MemFree:         6911700 kB
MemAvailable:    8311832 kB
Buffers:            6432 kB
Cached:          1622972 kB
SwapCached:            0 kB
Active:          1398864 kB
Inactive:        1413804 kB
Active(anon):    1189788 kB
Inactive(anon):    21392 kB
Active(file):     209076 kB
Inactive(file):  1392412 kB
Unevictable:        5692 kB
Mlocked:            5692 kB
SwapTotal:       3145724 kB
SwapFree:        3145724 kB
Dirty:               136 kB
Writeback:             0 kB
AnonPages:       1188948 kB
Mapped:           805220 kB
Shmem:             23264 kB
KReclaimable:     667348 kB
Slab:             202468 kB
SReclaimable:      66956 kB
SUnreclaim:       135512 kB
KernelStack:       41632 kB
PageTables:        55732 kB
NFS_Unstable:          0 kB
Bounce:                0 kB
WritebackTmp:          0 kB
CommitLimit:     9202296 kB
Committed_AS:   56405832 kB
VmallocTotal:   263061440 kB
VmallocUsed:       98484 kB
VmallocChunk:          0 kB
Percpu:             7584 kB
CmaTotal:         294912 kB
CmaFree:               0 kB
MemTotal:       12113144 kB
MemFree:         6915736 kB
MemAvailable:    8314144 kB
Buffers:            6432 kB
Cached:          1623696 kB
SwapCached:            0 kB
Active:          1391840 kB
Inactive:        1414476 kB
Active(anon):    1182760 kB
Inactive(anon):    21548 kB
Active(file):     209080 kB
Inactive(file):  1392928 kB
Unevictable:        5692 kB
Mlocked:            5692 kB
SwapTotal:       3145724 kB
SwapFree:        3145724 kB
Dirty:               220 kB
Writeback:             0 kB
AnonPages:       1182024 kB
Mapped:           803800 kB
Shmem:             23468 kB
KReclaimable:     665104 kB
Slab:             202492 kB
SReclaimable:      66956 kB
SUnreclaim:       135536 kB
KernelStack:       41728 kB
PageTables:        55728 kB
NFS_Unstable:          0 kB
Bounce:                0 kB
WritebackTmp:          0 kB
CommitLimit:     9202296 kB
Committed_AS:   56421584 kB
VmallocTotal:   263061440 kB
VmallocUsed:       98580 kB
VmallocChunk:          0 kB
Percpu:             7584 kB
CmaTotal:         294912 kB
CmaFree:               0 kB
MemTotal:       12113144 kB
MemFree:         6914232 kB
MemAvailable:    8312640 kB
Buffers:            6432 kB
Cached:          1623680 kB
SwapCached:            0 kB
Active:          1391788 kB
Inactive:        1414460 kB
Active(anon):    1182708 kB
Inactive(anon):    21532 kB
Active(file):     209080 kB
Inactive(file):  1392928 kB
Unevictable:        5692 kB
Mlocked:            5692 kB
SwapTotal:       3145724 kB
SwapFree:        3145724 kB
Dirty:               248 kB
Writeback:             0 kB
AnonPages:       1181968 kB
Mapped:           803796 kB
Shmem:             23452 kB
KReclaimable:     665104 kB
Slab:             202524 kB
SReclaimable:      66956 kB
SUnreclaim:       135568 kB
KernelStack:       41744 kB
PageTables:        55716 kB
NFS_Unstable:          0 kB
Bounce:                0 kB
WritebackTmp:          0 kB
CommitLimit:     9202296 kB
Committed_AS:   56422056 kB
VmallocTotal:   263061440 kB
VmallocUsed:       98596 kB
VmallocChunk:          0 kB
Percpu:             7584 kB
CmaTotal:         294912 kB
CmaFree:               0 kB
MemTotal:       12113144 kB
MemFree:         6914456 kB
MemAvailable:    8312864 kB
Buffers:            6432 kB
Cached:          1623680 kB
SwapCached:            0 kB
Active:          1391856 kB
Inactive:        1414460 kB
Active(anon):    1182776 kB
Inactive(anon):    21532 kB
Active(file):     209080 kB
Inactive(file):  1392928 kB
Unevictable:        5692 kB
Mlocked:            5692 kB
SwapTotal:       3145724 kB
SwapFree:        3145724 kB
Dirty:               248 kB
Writeback:             0 kB
AnonPages:       1181900 kB
Mapped:           803860 kB
Shmem:             23452 kB
KReclaimable:     665104 kB
Slab:             202508 kB
SReclaimable:      66956 kB
SUnreclaim:       135552 kB
KernelStack:       41776 kB
PageTables:        55744 kB
NFS_Unstable:          0 kB
Bounce:                0 kB
WritebackTmp:          0 kB
CommitLimit:     9202296 kB
Committed_AS:   56411436 kB
VmallocTotal:   263061440 kB
VmallocUsed:       98660 kB
VmallocChunk:          0 kB
Percpu:             7584 kB
CmaTotal:         294912 kB
CmaFree:               0 kB
MemTotal:       12113144 kB
MemFree:         6914816 kB
MemAvailable:    8313224 kB
Buffers:            6432 kB
Cached:          1623680 kB
SwapCached:            0 kB
Active:          1392552 kB
Inactive:        1414460 kB
Active(anon):    1183472 kB
Inactive(anon):    21532 kB
Active(file):     209080 kB
Inactive(file):  1392928 kB
Unevictable:        5692 kB
Mlocked:            5692 kB
SwapTotal:       3145724 kB
SwapFree:        3145724 kB
Dirty:               276 kB
Writeback:             0 kB
AnonPages:       1182560 kB
Mapped:           803860 kB
Shmem:             23452 kB
KReclaimable:     665104 kB
Slab:             202500 kB
SReclaimable:      66956 kB
SUnreclaim:       135544 kB
KernelStack:       41808 kB
PageTables:        55756 kB
NFS_Unstable:          0 kB
Bounce:                0 kB
WritebackTmp:          0 kB
CommitLimit:     9202296 kB
Committed_AS:   56411560 kB
VmallocTotal:   263061440 kB
VmallocUsed:       98660 kB
VmallocChunk:          0 kB
Percpu:             7584 kB
CmaTotal:         294912 kB
CmaFree:               0 kB
MemTotal:       12113144 kB
MemFree:         6926324 kB
MemAvailable:    8326696 kB
Buffers:            6432 kB
Cached:          1623556 kB
SwapCached:            0 kB
Active:          1381308 kB
Inactive:        1414360 kB
Active(anon):    1172228 kB
Inactive(anon):    21420 kB
Active(file):     209080 kB
Inactive(file):  1392940 kB
Unevictable:        5692 kB
Mlocked:            5692 kB
SwapTotal:       3145724 kB
SwapFree:        3145724 kB
Dirty:               308 kB
Writeback:             0 kB
AnonPages:       1171404 kB
Mapped:           803644 kB
Shmem:             23316 kB
KReclaimable:     667056 kB
Slab:             202496 kB
SReclaimable:      66956 kB
SUnreclaim:       135540 kB
KernelStack:       41712 kB
PageTables:        55848 kB
NFS_Unstable:          0 kB
Bounce:                0 kB
WritebackTmp:          0 kB
CommitLimit:     9202296 kB
Committed_AS:   56398644 kB
VmallocTotal:   263061440 kB
VmallocUsed:       98580 kB
VmallocChunk:          0 kB
Percpu:             7584 kB
CmaTotal:         294912 kB
CmaFree:               0 kB
MemTotal:       12113144 kB
MemFree:         6925236 kB
MemAvailable:    8325588 kB
Buffers:            6432 kB
Cached:          1623556 kB
SwapCached:            0 kB
Active:          1381628 kB
Inactive:        1414360 kB
Active(anon):    1172548 kB
Inactive(anon):    21420 kB
Active(file):     209080 kB
Inactive(file):  1392940 kB
Unevictable:        5692 kB
Mlocked:            5692 kB
SwapTotal:       3145724 kB
SwapFree:        3145724 kB
Dirty:               308 kB
Writeback:             0 kB
AnonPages:       1171632 kB
Mapped:           803876 kB
Shmem:             23316 kB
KReclaimable:     667036 kB
Slab:             202484 kB
SReclaimable:      66936 kB
SUnreclaim:       135548 kB
KernelStack:       41728 kB
PageTables:        55784 kB
NFS_Unstable:          0 kB
Bounce:                0 kB
WritebackTmp:          0 kB
CommitLimit:     9202296 kB
Committed_AS:   56408900 kB
VmallocTotal:   263061440 kB
VmallocUsed:       98596 kB
VmallocChunk:          0 kB
Percpu:             7584 kB
CmaTotal:         294912 kB
CmaFree:               0 kB
MemTotal:       12113144 kB
MemFree:         6925328 kB
MemAvailable:    8325680 kB
Buffers:            6432 kB
Cached:          1623556 kB
SwapCached:            0 kB
Active:          1382148 kB
Inactive:        1414360 kB
Active(anon):    1173068 kB
Inactive(anon):    21420 kB
Active(file):     209080 kB
Inactive(file):  1392940 kB
Unevictable:        5692 kB
Mlocked:            5692 kB
SwapTotal:       3145724 kB
SwapFree:        3145724 kB
Dirty:               308 kB
Writeback:             0 kB
AnonPages:       1172312 kB
Mapped:           803904 kB
Shmem:             23316 kB
KReclaimable:     667036 kB
Slab:             202484 kB
SReclaimable:      66936 kB
SUnreclaim:       135548 kB
KernelStack:       41712 kB
PageTables:        55716 kB
NFS_Unstable:          0 kB
Bounce:                0 kB
WritebackTmp:          0 kB
CommitLimit:     9202296 kB
Committed_AS:   56414252 kB
VmallocTotal:   263061440 kB
VmallocUsed:       98596 kB
VmallocChunk:          0 kB
Percpu:             7584 kB
CmaTotal:         294912 kB
CmaFree:               0 kB
MemTotal:       12113144 kB
MemFree:         6925344 kB
MemAvailable:    8325696 kB
Buffers:            6432 kB
Cached:          1623556 kB
SwapCached:            0 kB
Active:          1382468 kB
Inactive:        1414360 kB
Active(anon):    1173388 kB
Inactive(anon):    21420 kB
Active(file):     209080 kB
Inactive(file):  1392940 kB
Unevictable:        5692 kB
Mlocked:            5692 kB
SwapTotal:       3145724 kB
SwapFree:        3145724 kB
Dirty:               292 kB
Writeback:             0 kB
AnonPages:       1172504 kB
Mapped:           803904 kB
Shmem:             23316 kB
KReclaimable:     667036 kB
Slab:             202500 kB
SReclaimable:      66936 kB
SUnreclaim:       135564 kB
KernelStack:       41712 kB
PageTables:        55720 kB
NFS_Unstable:          0 kB
Bounce:                0 kB
WritebackTmp:          0 kB
CommitLimit:     9202296 kB
Committed_AS:   56414120 kB
VmallocTotal:   263061440 kB
VmallocUsed:       98596 kB
VmallocChunk:          0 kB
Percpu:             7584 kB
CmaTotal:         294912 kB
CmaFree:               0 kB
MemTotal:       12113144 kB
MemFree:         6924172 kB
MemAvailable:    8324524 kB
Buffers:            6432 kB
Cached:          1623556 kB
SwapCached:            0 kB
Active:          1383300 kB
Inactive:        1414360 kB
Active(anon):    1174220 kB
Inactive(anon):    21420 kB
Active(file):     209080 kB
Inactive(file):  1392940 kB
Unevictable:        5692 kB
Mlocked:            5692 kB
SwapTotal:       3145724 kB
SwapFree:        3145724 kB
Dirty:               292 kB
Writeback:             0 kB
AnonPages:       1173464 kB
Mapped:           803644 kB
Shmem:             23316 kB
KReclaimable:     667036 kB
Slab:             202484 kB
SReclaimable:      66936 kB
SUnreclaim:       135548 kB
KernelStack:       41712 kB
PageTables:        55720 kB
NFS_Unstable:          0 kB
Bounce:                0 kB
WritebackTmp:          0 kB
CommitLimit:     9202296 kB
Committed_AS:   56408840 kB
VmallocTotal:   263061440 kB
VmallocUsed:       98580 kB
VmallocChunk:          0 kB
Percpu:             7584 kB
CmaTotal:         294912 kB
CmaFree:               0 kB
MemTotal:       12113144 kB
MemFree:         6924540 kB
MemAvailable:    8324892 kB
Buffers:            6432 kB
Cached:          1623556 kB
SwapCached:            0 kB
Active:          1382936 kB
Inactive:        1414360 kB
Active(anon):    1173856 kB
Inactive(anon):    21420 kB
Active(file):     209080 kB
Inactive(file):  1392940 kB
Unevictable:        5692 kB
Mlocked:            5692 kB
SwapTotal:       3145724 kB
SwapFree:        3145724 kB
Dirty:               292 kB
Writeback:             0 kB
AnonPages:       1173016 kB
Mapped:           803844 kB
Shmem:             23316 kB
KReclaimable:     667036 kB
Slab:             202484 kB
SReclaimable:      66936 kB
SUnreclaim:       135548 kB
KernelStack:       41744 kB
PageTables:        55760 kB
NFS_Unstable:          0 kB
Bounce:                0 kB
WritebackTmp:          0 kB
CommitLimit:     9202296 kB
Committed_AS:   56408976 kB
VmallocTotal:   263061440 kB
VmallocUsed:       98564 kB
VmallocChunk:          0 kB
Percpu:             7584 kB
CmaTotal:         294912 kB
CmaFree:               0 kB
MemTotal:       12113144 kB
MemFree:         6924080 kB
MemAvailable:    8324444 kB
Buffers:            6436 kB
Cached:          1623564 kB
SwapCached:            0 kB
Active:          1383444 kB
Inactive:        1414368 kB
Active(anon):    1174360 kB
Inactive(anon):    21420 kB
Active(file):     209084 kB
Inactive(file):  1392948 kB
Unevictable:        5692 kB
Mlocked:            5692 kB
SwapTotal:       3145724 kB
SwapFree:        3145724 kB
Dirty:               292 kB
Writeback:             0 kB
AnonPages:       1173620 kB
Mapped:           803644 kB
Shmem:             23316 kB
KReclaimable:     667036 kB
Slab:             202500 kB
SReclaimable:      66936 kB
SUnreclaim:       135564 kB
KernelStack:       41712 kB
PageTables:        55716 kB
NFS_Unstable:          0 kB
Bounce:                0 kB
WritebackTmp:          0 kB
CommitLimit:     9202296 kB
Committed_AS:   56409928 kB
VmallocTotal:   263061440 kB
VmallocUsed:       98564 kB
VmallocChunk:          0 kB
Percpu:             7584 kB
CmaTotal:         294912 kB
CmaFree:               0 kB
MemTotal:       12113144 kB
MemFree:         6924376 kB
MemAvailable:    8324740 kB
Buffers:            6436 kB
Cached:          1623564 kB
SwapCached:            0 kB
Active:          1383268 kB
Inactive:        1414368 kB
Active(anon):    1174184 kB
Inactive(anon):    21420 kB
Active(file):     209084 kB
Inactive(file):  1392948 kB
Unevictable:        5692 kB
Mlocked:            5692 kB
SwapTotal:       3145724 kB
SwapFree:        3145724 kB
Dirty:               292 kB
Writeback:             0 kB
AnonPages:       1173228 kB
Mapped:           803904 kB
Shmem:             23316 kB
KReclaimable:     667036 kB
Slab:             202484 kB
SReclaimable:      66936 kB
SUnreclaim:       135548 kB
KernelStack:       41744 kB
PageTables:        55772 kB
NFS_Unstable:          0 kB
Bounce:                0 kB
WritebackTmp:          0 kB
CommitLimit:     9202296 kB
Committed_AS:   56413828 kB
VmallocTotal:   263061440 kB
VmallocUsed:       98564 kB
VmallocChunk:          0 kB
Percpu:             7584 kB
CmaTotal:         294912 kB
CmaFree:               0 kB
MemTotal:       12113144 kB
MemFree:         6924620 kB
MemAvailable:    8324984 kB
Buffers:            6436 kB
Cached:          1623564 kB
SwapCached:            0 kB
Active:          1383456 kB
Inactive:        1414368 kB
Active(anon):    1174372 kB
Inactive(anon):    21420 kB
Active(file):     209084 kB
Inactive(file):  1392948 kB
Unevictable:        5692 kB
Mlocked:            5692 kB
SwapTotal:       3145724 kB
SwapFree:        3145724 kB
Dirty:               292 kB
Writeback:             0 kB
AnonPages:       1173700 kB
Mapped:           803684 kB
Shmem:             23316 kB
KReclaimable:     667036 kB
Slab:             202492 kB
SReclaimable:      66936 kB
SUnreclaim:       135556 kB
KernelStack:       41712 kB
PageTables:        55744 kB
NFS_Unstable:          0 kB
Bounce:                0 kB
WritebackTmp:          0 kB
CommitLimit:     9202296 kB
Committed_AS:   56413704 kB
VmallocTotal:   263061440 kB
VmallocUsed:       98564 kB
VmallocChunk:          0 kB
Percpu:             7584 kB
CmaTotal:         294912 kB
CmaFree:               0 kB
MemTotal:       12113144 kB
MemFree:         6923404 kB
MemAvailable:    8323768 kB
Buffers:            6436 kB
Cached:          1623572 kB
SwapCached:            0 kB
Active:          1384164 kB
Inactive:        1414376 kB
Active(anon):    1175080 kB
Inactive(anon):    21428 kB
Active(file):     209084 kB
Inactive(file):  1392948 kB
Unevictable:        5692 kB
Mlocked:            5692 kB
SwapTotal:       3145724 kB
SwapFree:        3145724 kB
Dirty:               292 kB
Writeback:             0 kB
AnonPages:       1174264 kB
Mapped:           803828 kB
Shmem:             23324 kB
KReclaimable:     667036 kB
Slab:             202476 kB
SReclaimable:      66936 kB
SUnreclaim:       135540 kB
KernelStack:       41712 kB
PageTables:        55772 kB
NFS_Unstable:          0 kB
Bounce:                0 kB
WritebackTmp:          0 kB
CommitLimit:     9202296 kB
Committed_AS:   56413448 kB
VmallocTotal:   263061440 kB
VmallocUsed:       98548 kB
VmallocChunk:          0 kB
Percpu:             7584 kB
CmaTotal:         294912 kB
CmaFree:               0 kB
MemTotal:       12113144 kB
MemFree:         6923092 kB
MemAvailable:    8323456 kB
Buffers:            6436 kB
Cached:          1623572 kB
SwapCached:            0 kB
Active:          1384676 kB
Inactive:        1414376 kB
Active(anon):    1175592 kB
Inactive(anon):    21428 kB
Active(file):     209084 kB
Inactive(file):  1392948 kB
Unevictable:        5692 kB
Mlocked:            5692 kB
SwapTotal:       3145724 kB
SwapFree:        3145724 kB
Dirty:               292 kB
Writeback:             0 kB
AnonPages:       1174880 kB
Mapped:           803656 kB
Shmem:             23324 kB
KReclaimable:     667036 kB
Slab:             202476 kB
SReclaimable:      66936 kB
SUnreclaim:       135540 kB
KernelStack:       41680 kB
PageTables:        55716 kB
NFS_Unstable:          0 kB
Bounce:                0 kB
WritebackTmp:          0 kB
CommitLimit:     9202296 kB
Committed_AS:   56413756 kB
VmallocTotal:   263061440 kB
VmallocUsed:       98516 kB
VmallocChunk:          0 kB
Percpu:             7584 kB
CmaTotal:         294912 kB
CmaFree:               0 kB
MemTotal:       12113144 kB
MemFree:         6923312 kB
MemAvailable:    8323676 kB
Buffers:            6436 kB
Cached:          1623572 kB
SwapCached:            0 kB
Active:          1384836 kB
Inactive:        1414376 kB
Active(anon):    1175752 kB
Inactive(anon):    21428 kB
Active(file):     209084 kB
Inactive(file):  1392948 kB
Unevictable:        5692 kB
Mlocked:            5692 kB
SwapTotal:       3145724 kB
SwapFree:        3145724 kB
Dirty:               292 kB
Writeback:             0 kB
AnonPages:       1175000 kB
Mapped:           803916 kB
Shmem:             23324 kB
KReclaimable:     667036 kB
Slab:             202468 kB
SReclaimable:      66936 kB
SUnreclaim:       135532 kB
KernelStack:       41680 kB
PageTables:        55728 kB
NFS_Unstable:          0 kB
Bounce:                0 kB
WritebackTmp:          0 kB
CommitLimit:     9202296 kB
Committed_AS:   56413784 kB
VmallocTotal:   263061440 kB
VmallocUsed:       98500 kB
VmallocChunk:          0 kB
Percpu:             7584 kB
CmaTotal:         294912 kB
CmaFree:               0 kB
MemTotal:       12113144 kB
MemFree:         6923748 kB
MemAvailable:    8324112 kB
Buffers:            6436 kB
Cached:          1623576 kB
SwapCached:            0 kB
Active:          1384536 kB
Inactive:        1414380 kB
Active(anon):    1175452 kB
Inactive(anon):    21432 kB
Active(file):     209084 kB
Inactive(file):  1392948 kB
Unevictable:        5692 kB
Mlocked:            5692 kB
SwapTotal:       3145724 kB
SwapFree:        3145724 kB
Dirty:               292 kB
Writeback:             0 kB
AnonPages:       1174720 kB
Mapped:           803836 kB
Shmem:             23328 kB
KReclaimable:     667036 kB
Slab:             202484 kB
SReclaimable:      66936 kB
SUnreclaim:       135548 kB
KernelStack:       41712 kB
PageTables:        55760 kB
NFS_Unstable:          0 kB
Bounce:                0 kB
WritebackTmp:          0 kB
CommitLimit:     9202296 kB
Committed_AS:   56413520 kB
VmallocTotal:   263061440 kB
VmallocUsed:       98516 kB
VmallocChunk:          0 kB
Percpu:             7584 kB
CmaTotal:         294912 kB
CmaFree:               0 kB
MemTotal:       12113144 kB
MemFree:         6923416 kB
MemAvailable:    8323780 kB
Buffers:            6436 kB
Cached:          1623576 kB
SwapCached:            0 kB
Active:          1384884 kB
Inactive:        1414380 kB
Active(anon):    1175800 kB
Inactive(anon):    21432 kB
Active(file):     209084 kB
Inactive(file):  1392948 kB
Unevictable:        5692 kB
Mlocked:            5692 kB
SwapTotal:       3145724 kB
SwapFree:        3145724 kB
Dirty:               292 kB
Writeback:             0 kB
AnonPages:       1175024 kB
Mapped:           803444 kB
Shmem:             23328 kB
KReclaimable:     667036 kB
Slab:             202500 kB
SReclaimable:      66936 kB
SUnreclaim:       135564 kB
KernelStack:       41728 kB
PageTables:        55740 kB
NFS_Unstable:          0 kB
Bounce:                0 kB
WritebackTmp:          0 kB
CommitLimit:     9202296 kB
Committed_AS:   56413984 kB
VmallocTotal:   263061440 kB
VmallocUsed:       98516 kB
VmallocChunk:          0 kB
Percpu:             7584 kB
CmaTotal:         294912 kB
CmaFree:               0 kB
MemTotal:       12113144 kB
MemFree:         6923692 kB
MemAvailable:    8324056 kB
Buffers:            6436 kB
Cached:          1623580 kB
SwapCached:            0 kB
Active:          1385360 kB
Inactive:        1414388 kB
Active(anon):    1176280 kB
Inactive(anon):    21436 kB
Active(file):     209080 kB
Inactive(file):  1392952 kB
Unevictable:        5692 kB
Mlocked:            5692 kB
SwapTotal:       3145724 kB
SwapFree:        3145724 kB
Dirty:               292 kB
Writeback:             0 kB
AnonPages:       1175464 kB
Mapped:           803668 kB
Shmem:             23332 kB
KReclaimable:     667036 kB
Slab:             202476 kB
SReclaimable:      66936 kB
SUnreclaim:       135540 kB
KernelStack:       41696 kB
PageTables:        55724 kB
NFS_Unstable:          0 kB
Bounce:                0 kB
WritebackTmp:          0 kB
CommitLimit:     9202296 kB
Committed_AS:   56409768 kB
VmallocTotal:   263061440 kB
VmallocUsed:       98564 kB
VmallocChunk:          0 kB
Percpu:             7584 kB
CmaTotal:         294912 kB
CmaFree:               0 kB
MemTotal:       12113144 kB
MemFree:         6922184 kB
MemAvailable:    8322548 kB
Buffers:            6436 kB
Cached:          1623580 kB
SwapCached:            0 kB
Active:          1385716 kB
Inactive:        1414384 kB
Active(anon):    1176632 kB
Inactive(anon):    21436 kB
Active(file):     209084 kB
Inactive(file):  1392948 kB
Unevictable:        5692 kB
Mlocked:            5692 kB
SwapTotal:       3145724 kB
SwapFree:        3145724 kB
Dirty:               296 kB
Writeback:             0 kB
AnonPages:       1175828 kB
Mapped:           803708 kB
Shmem:             23332 kB
KReclaimable:     667036 kB
Slab:             202484 kB
SReclaimable:      66936 kB
SUnreclaim:       135548 kB
KernelStack:       41728 kB
PageTables:        55736 kB
NFS_Unstable:          0 kB
Bounce:                0 kB
WritebackTmp:          0 kB
CommitLimit:     9202296 kB
Committed_AS:   56413956 kB
VmallocTotal:   263061440 kB
VmallocUsed:       98564 kB
VmallocChunk:          0 kB
Percpu:             7584 kB
CmaTotal:         294912 kB
CmaFree:               0 kB
MemTotal:       12113144 kB
MemFree:         6921836 kB
MemAvailable:    8322204 kB
Buffers:            6436 kB
Cached:          1623584 kB
SwapCached:            0 kB
Active:          1386808 kB
Inactive:        1414388 kB
Active(anon):    1177724 kB
Inactive(anon):    21436 kB
Active(file):     209084 kB
Inactive(file):  1392952 kB
Unevictable:        5692 kB
Mlocked:            5692 kB
SwapTotal:       3145724 kB
SwapFree:        3145724 kB
Dirty:               308 kB
Writeback:             0 kB
AnonPages:       1176864 kB
Mapped:           803708 kB
Shmem:             23332 kB
KReclaimable:     667036 kB
Slab:             202508 kB
SReclaimable:      66936 kB
SUnreclaim:       135572 kB
KernelStack:       41728 kB
PageTables:        55744 kB
NFS_Unstable:          0 kB
Bounce:                0 kB
WritebackTmp:          0 kB
CommitLimit:     9202296 kB
Committed_AS:   56409344 kB
VmallocTotal:   263061440 kB
VmallocUsed:       98548 kB
VmallocChunk:          0 kB
Percpu:             7584 kB
CmaTotal:         294912 kB
CmaFree:               0 kB
MemTotal:       12113144 kB
MemFree:         6921124 kB
MemAvailable:    8321492 kB
Buffers:            6436 kB
Cached:          1623584 kB
SwapCached:            0 kB
Active:          1387140 kB
Inactive:        1414388 kB
Active(anon):    1178056 kB
Inactive(anon):    21436 kB
Active(file):     209084 kB
Inactive(file):  1392952 kB
Unevictable:        5692 kB
Mlocked:            5692 kB
SwapTotal:       3145724 kB
SwapFree:        3145724 kB
Dirty:               308 kB
Writeback:             0 kB
AnonPages:       1177360 kB
Mapped:           803668 kB
Shmem:             23332 kB
KReclaimable:     667036 kB
Slab:             202492 kB
SReclaimable:      66936 kB
SUnreclaim:       135556 kB
KernelStack:       41696 kB
PageTables:        55724 kB
NFS_Unstable:          0 kB
Bounce:                0 kB
WritebackTmp:          0 kB
CommitLimit:     9202296 kB
Committed_AS:   56403756 kB
VmallocTotal:   263061440 kB
VmallocUsed:       98532 kB
VmallocChunk:          0 kB
Percpu:             7584 kB
CmaTotal:         294912 kB
CmaFree:               0 kB
MemTotal:       12113144 kB
MemFree:         6924296 kB
MemAvailable:    8324664 kB
Buffers:            6436 kB
Cached:          1623584 kB
SwapCached:            0 kB
Active:          1383872 kB
Inactive:        1414388 kB
Active(anon):    1174788 kB
Inactive(anon):    21436 kB
Active(file):     209084 kB
Inactive(file):  1392952 kB
Unevictable:        5692 kB
Mlocked:            5692 kB
SwapTotal:       3145724 kB
SwapFree:        3145724 kB
Dirty:               308 kB
Writeback:             0 kB
AnonPages:       1174040 kB
Mapped:           803708 kB
Shmem:             23332 kB
KReclaimable:     667036 kB
Slab:             202516 kB
SReclaimable:      66936 kB
SUnreclaim:       135580 kB
KernelStack:       41728 kB
PageTables:        55736 kB
NFS_Unstable:          0 kB
Bounce:                0 kB
WritebackTmp:          0 kB
CommitLimit:     9202296 kB
Committed_AS:   56403572 kB
VmallocTotal:   263061440 kB
VmallocUsed:       98548 kB
VmallocChunk:          0 kB
Percpu:             7584 kB
CmaTotal:         294912 kB
CmaFree:               0 kB
MemTotal:       12113144 kB
MemFree:         6923104 kB
MemAvailable:    8323472 kB
Buffers:            6436 kB
Cached:          1623584 kB
SwapCached:            0 kB
Active:          1384316 kB
Inactive:        1414388 kB
Active(anon):    1175232 kB
Inactive(anon):    21436 kB
Active(file):     209084 kB
Inactive(file):  1392952 kB
Unevictable:        5692 kB
Mlocked:            5692 kB
SwapTotal:       3145724 kB
SwapFree:        3145724 kB
Dirty:               308 kB
Writeback:             0 kB
AnonPages:       1174632 kB
Mapped:           803928 kB
Shmem:             23332 kB
KReclaimable:     667036 kB
Slab:             202500 kB
SReclaimable:      66936 kB
SUnreclaim:       135564 kB
KernelStack:       41696 kB
PageTables:        55728 kB
NFS_Unstable:          0 kB
Bounce:                0 kB
WritebackTmp:          0 kB
CommitLimit:     9202296 kB
Committed_AS:   56403616 kB
VmallocTotal:   263061440 kB
VmallocUsed:       98548 kB
VmallocChunk:          0 kB
Percpu:             7584 kB
CmaTotal:         294912 kB
CmaFree:               0 kB
MemTotal:       12113144 kB
MemFree:         6922632 kB
MemAvailable:    8323020 kB
Buffers:            6444 kB
Cached:          1623596 kB
SwapCached:            0 kB
Active:          1384304 kB
Inactive:        1414400 kB
Active(anon):    1175212 kB
Inactive(anon):    21436 kB
Active(file):     209092 kB
Inactive(file):  1392964 kB
Unevictable:        5692 kB
Mlocked:            5692 kB
SwapTotal:       3145724 kB
SwapFree:        3145724 kB
Dirty:               296 kB
Writeback:             0 kB
AnonPages:       1174604 kB
Mapped:           803708 kB
Shmem:             23332 kB
KReclaimable:     667036 kB
Slab:             202484 kB
SReclaimable:      66936 kB
SUnreclaim:       135548 kB
KernelStack:       41728 kB
PageTables:        55748 kB
NFS_Unstable:          0 kB
Bounce:                0 kB
WritebackTmp:          0 kB
CommitLimit:     9202296 kB
Committed_AS:   56402508 kB
VmallocTotal:   263061440 kB
VmallocUsed:       98548 kB
VmallocChunk:          0 kB
Percpu:             7584 kB
CmaTotal:         294912 kB
CmaFree:               0 kB
MemTotal:       12113144 kB
MemFree:         6923480 kB
MemAvailable:    8323868 kB
Buffers:            6444 kB
Cached:          1623608 kB
SwapCached:            0 kB
Active:          1384364 kB
Inactive:        1414412 kB
Active(anon):    1175272 kB
Inactive(anon):    21448 kB
Active(file):     209092 kB
Inactive(file):  1392964 kB
Unevictable:        5692 kB
Mlocked:            5692 kB
SwapTotal:       3145724 kB
SwapFree:        3145724 kB
Dirty:               296 kB
Writeback:             0 kB
AnonPages:       1174624 kB
Mapped:           803952 kB
Shmem:             23344 kB
KReclaimable:     667036 kB
Slab:             202500 kB
SReclaimable:      66936 kB
SUnreclaim:       135564 kB
KernelStack:       41696 kB
PageTables:        55720 kB
NFS_Unstable:          0 kB
Bounce:                0 kB
WritebackTmp:          0 kB
CommitLimit:     9202296 kB
Committed_AS:   56396836 kB
VmallocTotal:   263061440 kB
VmallocUsed:       98548 kB
VmallocChunk:          0 kB
Percpu:             7584 kB
CmaTotal:         294912 kB
CmaFree:               0 kB
MemTotal:       12113144 kB
MemFree:         6923348 kB
MemAvailable:    8323736 kB
Buffers:            6444 kB
Cached:          1623608 kB
SwapCached:            0 kB
Active:          1384304 kB
Inactive:        1414412 kB
Active(anon):    1175212 kB
Inactive(anon):    21448 kB
Active(file):     209092 kB
Inactive(file):  1392964 kB
Unevictable:        5692 kB
Mlocked:            5692 kB
SwapTotal:       3145724 kB
SwapFree:        3145724 kB
Dirty:               296 kB
Writeback:             0 kB
AnonPages:       1174344 kB
Mapped:           803692 kB
Shmem:             23344 kB
KReclaimable:     667036 kB
Slab:             202492 kB
SReclaimable:      66936 kB
SUnreclaim:       135556 kB
KernelStack:       41696 kB
PageTables:        55732 kB
NFS_Unstable:          0 kB
Bounce:                0 kB
WritebackTmp:          0 kB
CommitLimit:     9202296 kB
Committed_AS:   56396764 kB
VmallocTotal:   263061440 kB
VmallocUsed:       98548 kB
VmallocChunk:          0 kB
Percpu:             7584 kB
CmaTotal:         294912 kB
CmaFree:               0 kB
MemTotal:       12113144 kB
MemFree:         6923132 kB
MemAvailable:    8323520 kB
Buffers:            6444 kB
Cached:          1623608 kB
SwapCached:            0 kB
Active:          1384680 kB
Inactive:        1414412 kB
Active(anon):    1175588 kB
Inactive(anon):    21448 kB
Active(file):     209092 kB
Inactive(file):  1392964 kB
Unevictable:        5692 kB
Mlocked:            5692 kB
SwapTotal:       3145724 kB
SwapFree:        3145724 kB
Dirty:               296 kB
Writeback:             0 kB
AnonPages:       1174816 kB
Mapped:           803952 kB
Shmem:             23344 kB
KReclaimable:     667036 kB
Slab:             202484 kB
SReclaimable:      66936 kB
SUnreclaim:       135548 kB
KernelStack:       41696 kB
PageTables:        55720 kB
NFS_Unstable:          0 kB
Bounce:                0 kB
WritebackTmp:          0 kB
CommitLimit:     9202296 kB
Committed_AS:   56396456 kB
VmallocTotal:   263061440 kB
VmallocUsed:       98548 kB
VmallocChunk:          0 kB
Percpu:             7584 kB
CmaTotal:         294912 kB
CmaFree:               0 kB
MemTotal:       12113144 kB
MemFree:         6921812 kB
MemAvailable:    8322200 kB
Buffers:            6444 kB
Cached:          1623608 kB
SwapCached:            0 kB
Active:          1385468 kB
Inactive:        1414412 kB
Active(anon):    1176376 kB
Inactive(anon):    21448 kB
Active(file):     209092 kB
Inactive(file):  1392964 kB
Unevictable:        5692 kB
Mlocked:            5692 kB
SwapTotal:       3145724 kB
SwapFree:        3145724 kB
Dirty:               296 kB
Writeback:             0 kB
AnonPages:       1175624 kB
Mapped:           803692 kB
Shmem:             23344 kB
KReclaimable:     667036 kB
Slab:             202492 kB
SReclaimable:      66936 kB
SUnreclaim:       135556 kB
KernelStack:       41696 kB
PageTables:        55728 kB
NFS_Unstable:          0 kB
Bounce:                0 kB
WritebackTmp:          0 kB
CommitLimit:     9202296 kB
Committed_AS:   56398524 kB
VmallocTotal:   263061440 kB
VmallocUsed:       98580 kB
VmallocChunk:          0 kB
Percpu:             7584 kB
CmaTotal:         294912 kB
CmaFree:               0 kB
MemTotal:       12113144 kB
MemFree:         6921304 kB
MemAvailable:    8321692 kB
Buffers:            6444 kB
Cached:          1623612 kB
SwapCached:            0 kB
Active:          1386080 kB
Inactive:        1414416 kB
Active(anon):    1176988 kB
Inactive(anon):    21452 kB
Active(file):     209092 kB
Inactive(file):  1392964 kB
Unevictable:        5692 kB
Mlocked:            5692 kB
SwapTotal:       3145724 kB
SwapFree:        3145724 kB
Dirty:               296 kB
Writeback:             0 kB
AnonPages:       1176092 kB
Mapped:           803956 kB
Shmem:             23348 kB
KReclaimable:     667036 kB
Slab:             202484 kB
SReclaimable:      66936 kB
SUnreclaim:       135548 kB
KernelStack:       41728 kB
PageTables:        55744 kB
NFS_Unstable:          0 kB
Bounce:                0 kB
WritebackTmp:          0 kB
CommitLimit:     9202296 kB
Committed_AS:   56398128 kB
VmallocTotal:   263061440 kB
VmallocUsed:       98564 kB
VmallocChunk:          0 kB
Percpu:             7584 kB
CmaTotal:         294912 kB
CmaFree:               0 kB
MemTotal:       12113144 kB
MemFree:         6921240 kB
MemAvailable:    8321628 kB
Buffers:            6444 kB
Cached:          1623612 kB
SwapCached:            0 kB
Active:          1386944 kB
Inactive:        1414416 kB
Active(anon):    1177852 kB
Inactive(anon):    21452 kB
Active(file):     209092 kB
Inactive(file):  1392964 kB
Unevictable:        5692 kB
Mlocked:            5692 kB
SwapTotal:       3145724 kB
SwapFree:        3145724 kB
Dirty:               172 kB
Writeback:             0 kB
AnonPages:       1176996 kB
Mapped:           803956 kB
Shmem:             23348 kB
KReclaimable:     667036 kB
Slab:             202444 kB
SReclaimable:      66936 kB
SUnreclaim:       135508 kB
KernelStack:       41712 kB
PageTables:        55848 kB
NFS_Unstable:          0 kB
Bounce:                0 kB
WritebackTmp:          0 kB
CommitLimit:     9202296 kB
Committed_AS:   56404492 kB
VmallocTotal:   263061440 kB
VmallocUsed:       98564 kB
VmallocChunk:          0 kB
Percpu:             7584 kB
CmaTotal:         294912 kB
CmaFree:               0 kB
MemTotal:       12113144 kB
MemFree:         6920700 kB
MemAvailable:    8321084 kB
Buffers:            6444 kB
Cached:          1623608 kB
SwapCached:            0 kB
Active:          1387188 kB
Inactive:        1414412 kB
Active(anon):    1178096 kB
Inactive(anon):    21452 kB
Active(file):     209092 kB
Inactive(file):  1392960 kB
Unevictable:        5692 kB
Mlocked:            5692 kB
SwapTotal:       3145724 kB
SwapFree:        3145724 kB
Dirty:               188 kB
Writeback:             0 kB
AnonPages:       1177420 kB
Mapped:           803736 kB
Shmem:             23348 kB
KReclaimable:     667036 kB
Slab:             202460 kB
SReclaimable:      66936 kB
SUnreclaim:       135524 kB
KernelStack:       41728 kB
PageTables:        55748 kB
NFS_Unstable:          0 kB
Bounce:                0 kB
WritebackTmp:          0 kB
CommitLimit:     9202296 kB
Committed_AS:   56404404 kB
VmallocTotal:   263061440 kB
VmallocUsed:       98548 kB
VmallocChunk:          0 kB
Percpu:             7584 kB
CmaTotal:         294912 kB
CmaFree:               0 kB
MemTotal:       12113144 kB
MemFree:         6920268 kB
MemAvailable:    8320656 kB
Buffers:            6444 kB
Cached:          1623612 kB
SwapCached:            0 kB
Active:          1387488 kB
Inactive:        1414416 kB
Active(anon):    1178396 kB
Inactive(anon):    21452 kB
Active(file):     209092 kB
Inactive(file):  1392964 kB
Unevictable:        5692 kB
Mlocked:            5692 kB
SwapTotal:       3145724 kB
SwapFree:        3145724 kB
Dirty:               216 kB
Writeback:             0 kB
AnonPages:       1177632 kB
Mapped:           803696 kB
Shmem:             23348 kB
KReclaimable:     667036 kB
Slab:             202460 kB
SReclaimable:      66936 kB
SUnreclaim:       135524 kB
KernelStack:       41712 kB
PageTables:        55844 kB
NFS_Unstable:          0 kB
Bounce:                0 kB
WritebackTmp:          0 kB
CommitLimit:     9202296 kB
Committed_AS:   56401872 kB
VmallocTotal:   263061440 kB
VmallocUsed:       98564 kB
VmallocChunk:          0 kB
Percpu:             7584 kB
CmaTotal:         294912 kB
CmaFree:               0 kB
MemTotal:       12113144 kB
MemFree:         6920152 kB
MemAvailable:    8320548 kB
Buffers:            6444 kB
Cached:          1623620 kB
SwapCached:            0 kB
Active:          1387876 kB
Inactive:        1414424 kB
Active(anon):    1178784 kB
Inactive(anon):    21452 kB
Active(file):     209092 kB
Inactive(file):  1392972 kB
Unevictable:        5692 kB
Mlocked:            5692 kB
SwapTotal:       3145724 kB
SwapFree:        3145724 kB
Dirty:               232 kB
Writeback:             0 kB
AnonPages:       1177956 kB
Mapped:           803956 kB
Shmem:             23348 kB
KReclaimable:     667036 kB
Slab:             202444 kB
SReclaimable:      66936 kB
SUnreclaim:       135508 kB
KernelStack:       41696 kB
PageTables:        55728 kB
NFS_Unstable:          0 kB
Bounce:                0 kB
WritebackTmp:          0 kB
CommitLimit:     9202296 kB
Committed_AS:   56401404 kB
VmallocTotal:   263061440 kB
VmallocUsed:       98548 kB
