MemTotal:        7922396 kB
MemFree:         1552488 kB
MemAvailable:    3932936 kB
Buffers:           54392 kB
Cached:          1492992 kB
SwapCached:            8 kB
Active:          1155860 kB
Inactive:        1787832 kB
Active(anon):      59680 kB
Inactive(anon):  1363032 kB
Active(file):    1096180 kB
Inactive(file):   424800 kB
Unevictable:        6088 kB
Mlocked:            5648 kB
SwapTotal:       4718584 kB
SwapFree:        4627448 kB
Dirty:             46004 kB
Writeback:             4 kB
AnonPages:       1402480 kB
Mapped:           530612 kB
Shmem:             21804 kB
KReclaimable:    1249740 kB
Slab:             287820 kB
SReclaimable:      71796 kB
SUnreclaim:       216024 kB
KernelStack:       43600 kB
ShadowCallStack:   10920 kB
PageTables:        60580 kB
NFS_Unstable:          0 kB
Bounce:                0 kB
WritebackTmp:          0 kB
CommitLimit:     8679780 kB
Committed_AS:   59551356 kB
VmallocTotal:   263061440 kB
VmallocUsed:      124048 kB
VmallocChunk:          0 kB
Percpu:             6264 kB
CmaTotal:         405504 kB
CmaFree:           31420 kB
MemTotal:        7922396 kB
MemFree:         1490332 kB
MemAvailable:    3869020 kB
Buffers:           54464 kB
Cached:          1493292 kB
SwapCached:         1088 kB
Active:          1157288 kB
Inactive:        1848928 kB
Active(anon):      60868 kB
Inactive(anon):  1424044 kB
Active(file):    1096420 kB
Inactive(file):   424884 kB
Unevictable:        6088 kB
Mlocked:            5648 kB
SwapTotal:       4718584 kB
SwapFree:        4627448 kB
Dirty:             46296 kB
Writeback:             0 kB
AnonPages:       1463516 kB
Mapped:           579496 kB
Shmem:             21852 kB
KReclaimable:    1247656 kB
Slab:             288016 kB
SReclaimable:      71968 kB
SUnreclaim:       216048 kB
KernelStack:       44352 kB
ShadowCallStack:   11112 kB
PageTables:        61940 kB
NFS_Unstable:          0 kB
Bounce:                0 kB
WritebackTmp:          0 kB
CommitLimit:     8679780 kB
Committed_AS:   61043064 kB
VmallocTotal:   263061440 kB
VmallocUsed:      124928 kB
VmallocChunk:          0 kB
Percpu:             6264 kB
CmaTotal:         405504 kB
CmaFree:           31424 kB
MemTotal:        7922396 kB
MemFree:         1640160 kB
MemAvailable:    4091756 kB
Buffers:           54600 kB
Cached:          1493964 kB
SwapCached:         1112 kB
Active:          1157564 kB
Inactive:        1696668 kB
Active(anon):      60872 kB
Inactive(anon):  1271836 kB
Active(file):    1096692 kB
Inactive(file):   424832 kB
Unevictable:        6088 kB
Mlocked:            5648 kB
SwapTotal:       4718584 kB
SwapFree:        4627448 kB
Dirty:             46652 kB
Writeback:             0 kB
AnonPages:       1310828 kB
Mapped:           597624 kB
Shmem:             22440 kB
KReclaimable:    1320344 kB
Slab:             288116 kB
SReclaimable:      72068 kB
SUnreclaim:       216048 kB
KernelStack:       44752 kB
ShadowCallStack:   11220 kB
PageTables:        62896 kB
NFS_Unstable:          0 kB
Bounce:                0 kB
WritebackTmp:          0 kB
CommitLimit:     8679780 kB
Committed_AS:   61202592 kB
VmallocTotal:   263061440 kB
VmallocUsed:      125484 kB
VmallocChunk:          0 kB
Percpu:             6264 kB
CmaTotal:         405504 kB
CmaFree:           31424 kB
MemTotal:        7922396 kB
MemFree:         1239932 kB
MemAvailable:    3913380 kB
Buffers:           54608 kB
Cached:          1494116 kB
SwapCached:         1116 kB
Active:          1157768 kB
Inactive:        2096516 kB
Active(anon):      60868 kB
Inactive(anon):  1671684 kB
Active(file):    1096900 kB
Inactive(file):   424832 kB
Unevictable:        6088 kB
Mlocked:            5648 kB
SwapTotal:       4718584 kB
SwapFree:        4627448 kB
Dirty:             46688 kB
Writeback:             0 kB
AnonPages:       1710532 kB
Mapped:           602736 kB
Shmem:             22392 kB
KReclaimable:    1541988 kB
Slab:             287884 kB
SReclaimable:      72068 kB
SUnreclaim:       215816 kB
KernelStack:       44768 kB
ShadowCallStack:   11204 kB
PageTables:        63264 kB
NFS_Unstable:          0 kB
Bounce:                0 kB
WritebackTmp:          0 kB
CommitLimit:     8679780 kB
Committed_AS:   61623484 kB
VmallocTotal:   263061440 kB
VmallocUsed:      125548 kB
VmallocChunk:          0 kB
Percpu:             6264 kB
CmaTotal:         405504 kB
CmaFree:           31424 kB
MemTotal:        7922396 kB
MemFree:         1253036 kB
MemAvailable:    3483164 kB
Buffers:           54608 kB
Cached:          1494276 kB
SwapCached:         1116 kB
Active:          1157924 kB
Inactive:        2079252 kB
Active(anon):      60872 kB
Inactive(anon):  1654420 kB
Active(file):    1097052 kB
Inactive(file):   424832 kB
Unevictable:        6088 kB
Mlocked:            5648 kB
SwapTotal:       4718584 kB
SwapFree:        4627448 kB
Dirty:             46640 kB
Writeback:             0 kB
AnonPages:       1693232 kB
Mapped:           711200 kB
Shmem:             22400 kB
KReclaimable:    1098516 kB
Slab:             290080 kB
SReclaimable:      72068 kB
SUnreclaim:       218012 kB
KernelStack:       44752 kB
ShadowCallStack:   11200 kB
PageTables:        63936 kB
NFS_Unstable:          0 kB
Bounce:                0 kB
WritebackTmp:          0 kB
CommitLimit:     8679780 kB
Committed_AS:   61744528 kB
VmallocTotal:   263061440 kB
VmallocUsed:      125512 kB
VmallocChunk:          0 kB
Percpu:             6264 kB
CmaTotal:         405504 kB
CmaFree:           31424 kB
MemTotal:        7922396 kB
MemFree:         1066328 kB
MemAvailable:    3296464 kB
Buffers:           54608 kB
Cached:          1494288 kB
SwapCached:         1116 kB
Active:          1157960 kB
Inactive:        2266684 kB
Active(anon):      60908 kB
Inactive(anon):  1841844 kB
Active(file):    1097052 kB
Inactive(file):   424840 kB
Unevictable:        6088 kB
Mlocked:            5648 kB
SwapTotal:       4718584 kB
SwapFree:        4627448 kB
Dirty:             46668 kB
Writeback:             0 kB
AnonPages:       1880848 kB
Mapped:           711668 kB
Shmem:             22404 kB
KReclaimable:    1098516 kB
Slab:             290124 kB
SReclaimable:      72068 kB
SUnreclaim:       218056 kB
KernelStack:       44768 kB
ShadowCallStack:   11212 kB
PageTables:        64332 kB
NFS_Unstable:          0 kB
Bounce:                0 kB
WritebackTmp:          0 kB
CommitLimit:     8679780 kB
Committed_AS:   62095612 kB
VmallocTotal:   263061440 kB
VmallocUsed:      125508 kB
VmallocChunk:          0 kB
Percpu:             6264 kB
CmaTotal:         405504 kB
CmaFree:           31424 kB
MemTotal:        7922396 kB
MemFree:         1037824 kB
MemAvailable:    3063588 kB
Buffers:           54608 kB
Cached:          1494288 kB
SwapCached:         1116 kB
Active:          1157944 kB
Inactive:        2292744 kB
Active(anon):      60892 kB
Inactive(anon):  1867904 kB
Active(file):    1097052 kB
Inactive(file):   424840 kB
Unevictable:        6088 kB
Mlocked:            5648 kB
SwapTotal:       4718584 kB
SwapFree:        4627448 kB
Dirty:             46688 kB
Writeback:             0 kB
AnonPages:       1906808 kB
Mapped:           791556 kB
Shmem:             22404 kB
KReclaimable:     894144 kB
Slab:             291160 kB
SReclaimable:      72068 kB
SUnreclaim:       219092 kB
KernelStack:       44480 kB
ShadowCallStack:   11140 kB
PageTables:        64544 kB
NFS_Unstable:          0 kB
Bounce:                0 kB
WritebackTmp:          0 kB
CommitLimit:     8679780 kB
Committed_AS:   62188712 kB
VmallocTotal:   263061440 kB
VmallocUsed:      124604 kB
VmallocChunk:          0 kB
Percpu:             6264 kB
CmaTotal:         405504 kB
CmaFree:           31424 kB
MemTotal:        7922396 kB
MemFree:          951348 kB
MemAvailable:    2978720 kB
Buffers:           54624 kB
Cached:          1494556 kB
SwapCached:         1120 kB
Active:          1158304 kB
Inactive:        2379392 kB
Active(anon):      60908 kB
Inactive(anon):  1954612 kB
Active(file):    1097396 kB
Inactive(file):   424780 kB
Unevictable:        6088 kB
Mlocked:            5648 kB
SwapTotal:       4718584 kB
SwapFree:        4627448 kB
Dirty:             46772 kB
Writeback:             0 kB
AnonPages:       1993396 kB
Mapped:           795836 kB
Shmem:             22404 kB
KReclaimable:     895468 kB
Slab:             291196 kB
SReclaimable:      72068 kB
SUnreclaim:       219128 kB
KernelStack:       44896 kB
ShadowCallStack:   11252 kB
PageTables:        65060 kB
NFS_Unstable:          0 kB
Bounce:                0 kB
WritebackTmp:          0 kB
CommitLimit:     8679780 kB
Committed_AS:   62285524 kB
VmallocTotal:   263061440 kB
VmallocUsed:      125184 kB
VmallocChunk:          0 kB
Percpu:             6264 kB
CmaTotal:         405504 kB
CmaFree:           31424 kB
MemTotal:        7922396 kB
MemFree:          715504 kB
MemAvailable:    2742940 kB
Buffers:           54624 kB
Cached:          1494596 kB
SwapCached:         1132 kB
Active:          1158336 kB
Inactive:        2615268 kB
Active(anon):      60916 kB
Inactive(anon):  2190512 kB
Active(file):    1097420 kB
Inactive(file):   424756 kB
Unevictable:        6088 kB
Mlocked:            5648 kB
SwapTotal:       4718584 kB
SwapFree:        4627448 kB
Dirty:             46784 kB
Writeback:             0 kB
AnonPages:       2229296 kB
Mapped:           795960 kB
Shmem:             22444 kB
KReclaimable:     895532 kB
Slab:             291308 kB
SReclaimable:      72132 kB
SUnreclaim:       219176 kB
KernelStack:       44944 kB
ShadowCallStack:   11272 kB
PageTables:        65224 kB
NFS_Unstable:          0 kB
Bounce:                0 kB
WritebackTmp:          0 kB
CommitLimit:     8679780 kB
Committed_AS:   62480212 kB
VmallocTotal:   263061440 kB
VmallocUsed:      125196 kB
VmallocChunk:          0 kB
Percpu:             6264 kB
CmaTotal:         405504 kB
CmaFree:           31424 kB
MemTotal:        7922396 kB
MemFree:          617492 kB
MemAvailable:    2632052 kB
Buffers:           54624 kB
Cached:          1494612 kB
SwapCached:         1136 kB
Active:          1158328 kB
Inactive:        2710628 kB
Active(anon):      60920 kB
Inactive(anon):  2285860 kB
Active(file):    1097408 kB
Inactive(file):   424768 kB
Unevictable:        6088 kB
Mlocked:            5648 kB
SwapTotal:       4718584 kB
SwapFree:        4627448 kB
Dirty:             46792 kB
Writeback:           136 kB
AnonPages:       2324900 kB
Mapped:           801292 kB
Shmem:             22460 kB
KReclaimable:     882656 kB
Slab:             291424 kB
SReclaimable:      72136 kB
SUnreclaim:       219288 kB
KernelStack:       44944 kB
ShadowCallStack:   11272 kB
PageTables:        65556 kB
NFS_Unstable:          0 kB
Bounce:                0 kB
WritebackTmp:          0 kB
CommitLimit:     8679780 kB
Committed_AS:   62557812 kB
VmallocTotal:   263061440 kB
VmallocUsed:      125232 kB
VmallocChunk:          0 kB
Percpu:             6264 kB
CmaTotal:         405504 kB
CmaFree:           31424 kB
MemTotal:        7922396 kB
MemFree:          615456 kB
MemAvailable:    2630016 kB
Buffers:           54624 kB
Cached:          1494612 kB
SwapCached:         1136 kB
Active:          1158328 kB
Inactive:        2713672 kB
Active(anon):      60920 kB
Inactive(anon):  2288904 kB
Active(file):    1097408 kB
Inactive(file):   424768 kB
Unevictable:        6088 kB
Mlocked:            5648 kB
SwapTotal:       4718584 kB
SwapFree:        4627448 kB
Dirty:             46800 kB
Writeback:             0 kB
AnonPages:       2327740 kB
Mapped:           801208 kB
Shmem:             22460 kB
KReclaimable:     882656 kB
Slab:             291432 kB
SReclaimable:      72136 kB
SUnreclaim:       219296 kB
KernelStack:       44992 kB
ShadowCallStack:   11272 kB
PageTables:        65716 kB
NFS_Unstable:          0 kB
Bounce:                0 kB
WritebackTmp:          0 kB
CommitLimit:     8679780 kB
Committed_AS:   62557812 kB
VmallocTotal:   263061440 kB
VmallocUsed:      125248 kB
VmallocChunk:          0 kB
Percpu:             6264 kB
CmaTotal:         405504 kB
CmaFree:           31424 kB
MemTotal:        7922396 kB
MemFree:          612700 kB
MemAvailable:    2627248 kB
Buffers:           54636 kB
Cached:          1494612 kB
SwapCached:         1136 kB
Active:          1158340 kB
Inactive:        2714836 kB
Active(anon):      60920 kB
Inactive(anon):  2290068 kB
Active(file):    1097420 kB
Inactive(file):   424768 kB
Unevictable:        6088 kB
Mlocked:            5648 kB
SwapTotal:       4718584 kB
SwapFree:        4627448 kB
Dirty:             46836 kB
Writeback:             0 kB
AnonPages:       2328900 kB
Mapped:           801832 kB
Shmem:             22460 kB
KReclaimable:     882632 kB
Slab:             291432 kB
SReclaimable:      72136 kB
SUnreclaim:       219296 kB
KernelStack:       44976 kB
ShadowCallStack:   11268 kB
PageTables:        65592 kB
NFS_Unstable:          0 kB
Bounce:                0 kB
WritebackTmp:          0 kB
CommitLimit:     8679780 kB
Committed_AS:   62557812 kB
VmallocTotal:   263061440 kB
VmallocUsed:      125252 kB
VmallocChunk:          0 kB
Percpu:             6264 kB
CmaTotal:         405504 kB
CmaFree:           31424 kB
MemTotal:        7922396 kB
MemFree:          563088 kB
MemAvailable:    2448448 kB
Buffers:           54652 kB
Cached:          1494652 kB
SwapCached:         1136 kB
Active:          1158348 kB
Inactive:        2764568 kB
Active(anon):      60912 kB
Inactive(anon):  2339800 kB
Active(file):    1097436 kB
Inactive(file):   424768 kB
Unevictable:        6088 kB
Mlocked:            5648 kB
SwapTotal:       4718584 kB
SwapFree:        4627448 kB
Dirty:             46884 kB
Writeback:             0 kB
AnonPages:       2378692 kB
Mapped:           803520 kB
Shmem:             22500 kB
KReclaimable:     753428 kB
Slab:             291376 kB
SReclaimable:      72140 kB
SUnreclaim:       219236 kB
KernelStack:       45040 kB
ShadowCallStack:   11272 kB
PageTables:        65512 kB
NFS_Unstable:          0 kB
Bounce:                0 kB
WritebackTmp:          0 kB
CommitLimit:     8679780 kB
Committed_AS:   62558148 kB
VmallocTotal:   263061440 kB
VmallocUsed:      125316 kB
VmallocChunk:          0 kB
Percpu:             6264 kB
CmaTotal:         405504 kB
CmaFree:           31424 kB
MemTotal:        7922396 kB
MemFree:          514292 kB
MemAvailable:    2395828 kB
Buffers:           54652 kB
Cached:          1494768 kB
SwapCached:         1136 kB
Active:          1158352 kB
Inactive:        2812976 kB
Active(anon):      60916 kB
Inactive(anon):  2388208 kB
Active(file):    1097436 kB
Inactive(file):   424768 kB
Unevictable:        6088 kB
Mlocked:            5648 kB
SwapTotal:       4718584 kB
SwapFree:        4627448 kB
Dirty:             46884 kB
Writeback:             0 kB
AnonPages:       2426852 kB
Mapped:           803648 kB
Shmem:             22616 kB
KReclaimable:     749604 kB
Slab:             291440 kB
SReclaimable:      72140 kB
SUnreclaim:       219300 kB
KernelStack:       45040 kB
ShadowCallStack:   11268 kB
PageTables:        65792 kB
NFS_Unstable:          0 kB
Bounce:                0 kB
WritebackTmp:          0 kB
CommitLimit:     8679780 kB
Committed_AS:   62558404 kB
VmallocTotal:   263061440 kB
VmallocUsed:      125296 kB
VmallocChunk:          0 kB
Percpu:             6264 kB
CmaTotal:         405504 kB
CmaFree:           31424 kB
MemTotal:        7922396 kB
MemFree:          604000 kB
MemAvailable:    2618568 kB
Buffers:           54652 kB
Cached:          1494624 kB
SwapCached:         1136 kB
Active:          1158356 kB
Inactive:        2723588 kB
Active(anon):      60920 kB
Inactive(anon):  2298820 kB
Active(file):    1097436 kB
Inactive(file):   424768 kB
Unevictable:        6088 kB
Mlocked:            5648 kB
SwapTotal:       4718584 kB
SwapFree:        4627448 kB
Dirty:             46884 kB
Writeback:             0 kB
AnonPages:       2337784 kB
Mapped:           803016 kB
Shmem:             22472 kB
KReclaimable:     882636 kB
Slab:             291420 kB
SReclaimable:      72140 kB
SUnreclaim:       219280 kB
KernelStack:       44944 kB
ShadowCallStack:   11252 kB
PageTables:        65568 kB
NFS_Unstable:          0 kB
Bounce:                0 kB
WritebackTmp:          0 kB
CommitLimit:     8679780 kB
Committed_AS:   62558024 kB
VmallocTotal:   263061440 kB
VmallocUsed:      125228 kB
VmallocChunk:          0 kB
Percpu:             6264 kB
CmaTotal:         405504 kB
CmaFree:           31392 kB
MemTotal:        7922396 kB
MemFree:          603968 kB
MemAvailable:    2618536 kB
Buffers:           54652 kB
Cached:          1494628 kB
SwapCached:         1136 kB
Active:          1158348 kB
Inactive:        2723968 kB
Active(anon):      60912 kB
Inactive(anon):  2299200 kB
Active(file):    1097436 kB
Inactive(file):   424768 kB
Unevictable:        6088 kB
Mlocked:            5648 kB
SwapTotal:       4718584 kB
SwapFree:        4627448 kB
Dirty:             46884 kB
Writeback:             0 kB
AnonPages:       2338028 kB
Mapped:           803172 kB
Shmem:             22476 kB
KReclaimable:     882636 kB
Slab:             291444 kB
SReclaimable:      72140 kB
SUnreclaim:       219304 kB
KernelStack:       44944 kB
ShadowCallStack:   11264 kB
PageTables:        65476 kB
NFS_Unstable:          0 kB
Bounce:                0 kB
WritebackTmp:          0 kB
CommitLimit:     8679780 kB
Committed_AS:   62558028 kB
VmallocTotal:   263061440 kB
VmallocUsed:      125224 kB
VmallocChunk:          0 kB
Percpu:             6264 kB
CmaTotal:         405504 kB
CmaFree:           31424 kB
MemTotal:        7922396 kB
MemFree:          603748 kB
MemAvailable:    2618316 kB
Buffers:           54652 kB
Cached:          1494628 kB
SwapCached:         1136 kB
Active:          1158360 kB
Inactive:        2724564 kB
Active(anon):      60924 kB
Inactive(anon):  2299796 kB
Active(file):    1097436 kB
Inactive(file):   424768 kB
Unevictable:        6088 kB
Mlocked:            5648 kB
SwapTotal:       4718584 kB
SwapFree:        4627448 kB
Dirty:             46884 kB
Writeback:             0 kB
AnonPages:       2338628 kB
Mapped:           803020 kB
Shmem:             22476 kB
KReclaimable:     882636 kB
Slab:             291424 kB
SReclaimable:      72140 kB
SUnreclaim:       219284 kB
KernelStack:       44960 kB
ShadowCallStack:   11248 kB
PageTables:        65692 kB
NFS_Unstable:          0 kB
Bounce:                0 kB
WritebackTmp:          0 kB
CommitLimit:     8679780 kB
Committed_AS:   62558028 kB
VmallocTotal:   263061440 kB
VmallocUsed:      125200 kB
VmallocChunk:          0 kB
Percpu:             6264 kB
CmaTotal:         405504 kB
CmaFree:           31424 kB
MemTotal:        7922396 kB
MemFree:          602380 kB
MemAvailable:    2616928 kB
Buffers:           54660 kB
Cached:          1494632 kB
SwapCached:         1136 kB
Active:          1158364 kB
Inactive:        2724972 kB
Active(anon):      60920 kB
Inactive(anon):  2300200 kB
Active(file):    1097444 kB
Inactive(file):   424772 kB
Unevictable:        6088 kB
Mlocked:            5648 kB
SwapTotal:       4718584 kB
SwapFree:        4627448 kB
Dirty:             46888 kB
Writeback:             0 kB
AnonPages:       2339088 kB
Mapped:           803248 kB
Shmem:             22476 kB
KReclaimable:     882604 kB
Slab:             291472 kB
SReclaimable:      72140 kB
SUnreclaim:       219332 kB
KernelStack:       44960 kB
ShadowCallStack:   11264 kB
PageTables:        65556 kB
NFS_Unstable:          0 kB
Bounce:                0 kB
WritebackTmp:          0 kB
CommitLimit:     8679780 kB
Committed_AS:   62558028 kB
VmallocTotal:   263061440 kB
VmallocUsed:      125252 kB
VmallocChunk:          0 kB
Percpu:             6264 kB
CmaTotal:         405504 kB
CmaFree:           31424 kB
MemTotal:        7922396 kB
MemFree:          602560 kB
MemAvailable:    2616548 kB
Buffers:           54668 kB
Cached:          1494624 kB
SwapCached:         1136 kB
Active:          1158360 kB
Inactive:        2725060 kB
Active(anon):      60916 kB
Inactive(anon):  2300288 kB
Active(file):    1097444 kB
Inactive(file):   424772 kB
Unevictable:        6088 kB
Mlocked:            5648 kB
SwapTotal:       4718584 kB
SwapFree:        4627448 kB
Dirty:             46888 kB
Writeback:             0 kB
AnonPages:       2339084 kB
Mapped:           803380 kB
Shmem:             22476 kB
KReclaimable:     882044 kB
Slab:             291420 kB
SReclaimable:      72140 kB
SUnreclaim:       219280 kB
KernelStack:       44928 kB
ShadowCallStack:   11264 kB
PageTables:        65368 kB
NFS_Unstable:          0 kB
Bounce:                0 kB
WritebackTmp:          0 kB
CommitLimit:     8679780 kB
Committed_AS:   62558028 kB
VmallocTotal:   263061440 kB
VmallocUsed:      125228 kB
VmallocChunk:          0 kB
Percpu:             6264 kB
CmaTotal:         405504 kB
CmaFree:           31424 kB
MemTotal:        7922396 kB
MemFree:          602232 kB
MemAvailable:    2616164 kB
Buffers:           54668 kB
Cached:          1494632 kB
SwapCached:         1136 kB
Active:          1158368 kB
Inactive:        2725784 kB
Active(anon):      60916 kB
Inactive(anon):  2301012 kB
Active(file):    1097452 kB
Inactive(file):   424772 kB
Unevictable:        6088 kB
Mlocked:            5648 kB
SwapTotal:       4718584 kB
SwapFree:        4627448 kB
Dirty:             46940 kB
Writeback:             0 kB
AnonPages:       2339868 kB
Mapped:           803476 kB
Shmem:             22476 kB
KReclaimable:     881980 kB
Slab:             291524 kB
SReclaimable:      72140 kB
SUnreclaim:       219384 kB
KernelStack:       45008 kB
ShadowCallStack:   11268 kB
PageTables:        65736 kB
NFS_Unstable:          0 kB
Bounce:                0 kB
WritebackTmp:          0 kB
CommitLimit:     8679780 kB
Committed_AS:   62558028 kB
VmallocTotal:   263061440 kB
VmallocUsed:      125236 kB
VmallocChunk:          0 kB
Percpu:             6264 kB
CmaTotal:         405504 kB
CmaFree:           31424 kB
MemTotal:        7922396 kB
MemFree:          601632 kB
MemAvailable:    2614752 kB
Buffers:           54668 kB
Cached:          1494632 kB
SwapCached:         1136 kB
Active:          1158372 kB
Inactive:        2725920 kB
Active(anon):      60920 kB
Inactive(anon):  2301148 kB
Active(file):    1097452 kB
Inactive(file):   424772 kB
Unevictable:        6088 kB
Mlocked:            5648 kB
SwapTotal:       4718584 kB
SwapFree:        4627448 kB
Dirty:             46940 kB
Writeback:             0 kB
AnonPages:       2339988 kB
Mapped:           804248 kB
Shmem:             22476 kB
KReclaimable:     881168 kB
Slab:             291544 kB
SReclaimable:      72140 kB
SUnreclaim:       219404 kB
KernelStack:       44960 kB
ShadowCallStack:   11264 kB
PageTables:        65572 kB
NFS_Unstable:          0 kB
Bounce:                0 kB
WritebackTmp:          0 kB
CommitLimit:     8679780 kB
Committed_AS:   62558028 kB
VmallocTotal:   263061440 kB
VmallocUsed:      125248 kB
VmallocChunk:          0 kB
Percpu:             6264 kB
CmaTotal:         405504 kB
CmaFree:           31424 kB
MemTotal:        7922396 kB
MemFree:          601072 kB
MemAvailable:    2614176 kB
Buffers:           54668 kB
Cached:          1494632 kB
SwapCached:         1136 kB
Active:          1158372 kB
Inactive:        2726368 kB
Active(anon):      60920 kB
Inactive(anon):  2301596 kB
Active(file):    1097452 kB
Inactive(file):   424772 kB
Unevictable:        6088 kB
Mlocked:            5648 kB
SwapTotal:       4718584 kB
SwapFree:        4627448 kB
Dirty:             46940 kB
Writeback:             0 kB
AnonPages:       2340448 kB
Mapped:           804148 kB
Shmem:             22476 kB
KReclaimable:     881152 kB
Slab:             291500 kB
SReclaimable:      72140 kB
SUnreclaim:       219360 kB
KernelStack:       44976 kB
ShadowCallStack:   11268 kB
PageTables:        65568 kB
NFS_Unstable:          0 kB
Bounce:                0 kB
WritebackTmp:          0 kB
CommitLimit:     8679780 kB
Committed_AS:   62558028 kB
VmallocTotal:   263061440 kB
VmallocUsed:      125248 kB
VmallocChunk:          0 kB
Percpu:             6264 kB
CmaTotal:         405504 kB
CmaFree:           31424 kB
MemTotal:        7922396 kB
MemFree:          600668 kB
MemAvailable:    2613792 kB
Buffers:           54684 kB
Cached:          1494636 kB
SwapCached:         1136 kB
Active:          1158372 kB
Inactive:        2727628 kB
Active(anon):      60916 kB
Inactive(anon):  2302840 kB
Active(file):    1097456 kB
Inactive(file):   424788 kB
Unevictable:        6088 kB
Mlocked:            5648 kB
SwapTotal:       4718584 kB
SwapFree:        4627448 kB
Dirty:             46940 kB
Writeback:            32 kB
AnonPages:       2341712 kB
Mapped:           804148 kB
Shmem:             22476 kB
KReclaimable:     881152 kB
Slab:             291576 kB
SReclaimable:      72140 kB
SUnreclaim:       219436 kB
KernelStack:       44976 kB
ShadowCallStack:   11276 kB
PageTables:        65668 kB
NFS_Unstable:          0 kB
Bounce:                0 kB
WritebackTmp:          0 kB
CommitLimit:     8679780 kB
Committed_AS:   62558028 kB
VmallocTotal:   263061440 kB
VmallocUsed:      125232 kB
VmallocChunk:          0 kB
Percpu:             6264 kB
CmaTotal:         405504 kB
CmaFree:           31432 kB
MemTotal:        7922396 kB
MemFree:          599768 kB
MemAvailable:    2612888 kB
Buffers:           54684 kB
Cached:          1494632 kB
SwapCached:         1136 kB
Active:          1158384 kB
Inactive:        2728124 kB
Active(anon):      60916 kB
Inactive(anon):  2303352 kB
Active(file):    1097468 kB
Inactive(file):   424772 kB
Unevictable:        6088 kB
Mlocked:            5648 kB
SwapTotal:       4718584 kB
SwapFree:        4627448 kB
Dirty:             46888 kB
Writeback:             0 kB
AnonPages:       2342184 kB
Mapped:           804436 kB
Shmem:             22476 kB
KReclaimable:     881152 kB
Slab:             291592 kB
SReclaimable:      72140 kB
SUnreclaim:       219452 kB
KernelStack:       45024 kB
ShadowCallStack:   11264 kB
PageTables:        65596 kB
NFS_Unstable:          0 kB
Bounce:                0 kB
WritebackTmp:          0 kB
CommitLimit:     8679780 kB
Committed_AS:   62558028 kB
VmallocTotal:   263061440 kB
VmallocUsed:      125228 kB
VmallocChunk:          0 kB
Percpu:             6264 kB
CmaTotal:         405504 kB
CmaFree:           31420 kB
MemTotal:        7922396 kB
MemFree:          599072 kB
MemAvailable:    2612196 kB
Buffers:           54688 kB
Cached:          1494632 kB
SwapCached:         1136 kB
Active:          1158392 kB
Inactive:        2728472 kB
Active(anon):      60920 kB
Inactive(anon):  2303700 kB
Active(file):    1097472 kB
Inactive(file):   424772 kB
Unevictable:        6088 kB
Mlocked:            5648 kB
SwapTotal:       4718584 kB
SwapFree:        4627448 kB
Dirty:                20 kB
Writeback:             0 kB
AnonPages:       2342572 kB
Mapped:           804156 kB
Shmem:             22476 kB
KReclaimable:     881152 kB
Slab:             291416 kB
SReclaimable:      72140 kB
SUnreclaim:       219276 kB
KernelStack:       44960 kB
ShadowCallStack:   11264 kB
PageTables:        65532 kB
NFS_Unstable:          0 kB
Bounce:                0 kB
WritebackTmp:          0 kB
CommitLimit:     8679780 kB
Committed_AS:   62558028 kB
VmallocTotal:   263061440 kB
VmallocUsed:      125252 kB
VmallocChunk:          0 kB
Percpu:             6264 kB
CmaTotal:         405504 kB
CmaFree:           31424 kB
MemTotal:        7922396 kB
MemFree:          598788 kB
MemAvailable:    2611912 kB
Buffers:           54688 kB
Cached:          1494632 kB
SwapCached:         1136 kB
Active:          1158392 kB
Inactive:        2728600 kB
Active(anon):      60920 kB
Inactive(anon):  2303828 kB
Active(file):    1097472 kB
Inactive(file):   424772 kB
Unevictable:        6088 kB
Mlocked:            5648 kB
SwapTotal:       4718584 kB
SwapFree:        4627448 kB
Dirty:                20 kB
Writeback:             0 kB
AnonPages:       2342628 kB
Mapped:           804152 kB
Shmem:             22476 kB
KReclaimable:     881152 kB
Slab:             291356 kB
SReclaimable:      72140 kB
SUnreclaim:       219216 kB
KernelStack:       44960 kB
ShadowCallStack:   11264 kB
PageTables:        65468 kB
NFS_Unstable:          0 kB
Bounce:                0 kB
WritebackTmp:          0 kB
CommitLimit:     8679780 kB
Committed_AS:   62558028 kB
VmallocTotal:   263061440 kB
VmallocUsed:      125244 kB
VmallocChunk:          0 kB
Percpu:             6264 kB
CmaTotal:         405504 kB
CmaFree:           31424 kB
MemTotal:        7922396 kB
MemFree:          598452 kB
MemAvailable:    2611576 kB
Buffers:           54688 kB
Cached:          1494632 kB
SwapCached:         1136 kB
Active:          1158388 kB
Inactive:        2728792 kB
Active(anon):      60916 kB
Inactive(anon):  2304020 kB
Active(file):    1097472 kB
Inactive(file):   424772 kB
Unevictable:        6088 kB
Mlocked:            5648 kB
SwapTotal:       4718584 kB
SwapFree:        4627448 kB
Dirty:                40 kB
Writeback:             0 kB
AnonPages:       2342952 kB
Mapped:           804240 kB
Shmem:             22476 kB
KReclaimable:     881152 kB
Slab:             291420 kB
SReclaimable:      72140 kB
SUnreclaim:       219280 kB
KernelStack:       44976 kB
ShadowCallStack:   11268 kB
PageTables:        65600 kB
NFS_Unstable:          0 kB
Bounce:                0 kB
WritebackTmp:          0 kB
CommitLimit:     8679780 kB
Committed_AS:   62558028 kB
VmallocTotal:   263061440 kB
VmallocUsed:      125248 kB
VmallocChunk:          0 kB
Percpu:             6264 kB
CmaTotal:         405504 kB
CmaFree:           31424 kB
MemTotal:        7922396 kB
MemFree:          598568 kB
MemAvailable:    2611704 kB
Buffers:           54700 kB
Cached:          1494632 kB
SwapCached:         1136 kB
Active:          1158392 kB
Inactive:        2728760 kB
Active(anon):      60908 kB
Inactive(anon):  2303988 kB
Active(file):    1097484 kB
Inactive(file):   424772 kB
Unevictable:        6088 kB
Mlocked:            5648 kB
SwapTotal:       4718584 kB
SwapFree:        4627448 kB
Dirty:               120 kB
Writeback:             0 kB
AnonPages:       2342812 kB
Mapped:           804168 kB
Shmem:             22476 kB
KReclaimable:     881152 kB
Slab:             291496 kB
SReclaimable:      72140 kB
SUnreclaim:       219356 kB
KernelStack:       44992 kB
ShadowCallStack:   11268 kB
PageTables:        65548 kB
NFS_Unstable:          0 kB
Bounce:                0 kB
WritebackTmp:          0 kB
CommitLimit:     8679780 kB
Committed_AS:   62558028 kB
VmallocTotal:   263061440 kB
VmallocUsed:      125252 kB
VmallocChunk:          0 kB
Percpu:             6264 kB
CmaTotal:         405504 kB
CmaFree:           31424 kB
MemTotal:        7922396 kB
MemFree:          598756 kB
MemAvailable:    2611892 kB
Buffers:           54700 kB
Cached:          1494632 kB
SwapCached:         1136 kB
Active:          1158400 kB
Inactive:        2728948 kB
Active(anon):      60916 kB
Inactive(anon):  2304176 kB
Active(file):    1097484 kB
Inactive(file):   424772 kB
Unevictable:        6088 kB
Mlocked:            5648 kB
SwapTotal:       4718584 kB
SwapFree:        4627448 kB
Dirty:               124 kB
Writeback:             0 kB
AnonPages:       2343020 kB
Mapped:           804168 kB
Shmem:             22476 kB
KReclaimable:     881152 kB
Slab:             291428 kB
SReclaimable:      72140 kB
SUnreclaim:       219288 kB
KernelStack:       44992 kB
ShadowCallStack:   11268 kB
PageTables:        65604 kB
NFS_Unstable:          0 kB
Bounce:                0 kB
WritebackTmp:          0 kB
CommitLimit:     8679780 kB
Committed_AS:   62558028 kB
VmallocTotal:   263061440 kB
VmallocUsed:      125244 kB
VmallocChunk:          0 kB
Percpu:             6264 kB
CmaTotal:         405504 kB
CmaFree:           31424 kB
MemTotal:        7922396 kB
MemFree:          598900 kB
MemAvailable:    2612012 kB
Buffers:           54700 kB
Cached:          1494632 kB
SwapCached:         1136 kB
Active:          1158404 kB
Inactive:        2729420 kB
Active(anon):      60920 kB
Inactive(anon):  2304648 kB
Active(file):    1097484 kB
Inactive(file):   424772 kB
Unevictable:        6088 kB
Mlocked:            5648 kB
SwapTotal:       4718584 kB
SwapFree:        4627448 kB
Dirty:               128 kB
Writeback:             0 kB
AnonPages:       2343392 kB
Mapped:           804268 kB
Shmem:             22476 kB
KReclaimable:     881128 kB
Slab:             291380 kB
SReclaimable:      72140 kB
SUnreclaim:       219240 kB
KernelStack:       44944 kB
ShadowCallStack:   11268 kB
PageTables:        65544 kB
NFS_Unstable:          0 kB
Bounce:                0 kB
WritebackTmp:          0 kB
CommitLimit:     8679780 kB
Committed_AS:   62557976 kB
VmallocTotal:   263061440 kB
VmallocUsed:      125224 kB
VmallocChunk:          0 kB
Percpu:             6264 kB
CmaTotal:         405504 kB
CmaFree:           31428 kB
MemTotal:        7922396 kB
MemFree:          598708 kB
MemAvailable:    2611824 kB
Buffers:           54700 kB
Cached:          1494636 kB
SwapCached:         1136 kB
Active:          1158392 kB
Inactive:        2729196 kB
Active(anon):      60908 kB
Inactive(anon):  2304420 kB
Active(file):    1097484 kB
Inactive(file):   424776 kB
Unevictable:        6088 kB
Mlocked:            5648 kB
SwapTotal:       4718584 kB
SwapFree:        4627448 kB
Dirty:               136 kB
Writeback:             0 kB
AnonPages:       2343260 kB
Mapped:           804176 kB
Shmem:             22476 kB
KReclaimable:     881128 kB
Slab:             291348 kB
SReclaimable:      72140 kB
SUnreclaim:       219208 kB
KernelStack:       44848 kB
ShadowCallStack:   11236 kB
PageTables:        65656 kB
NFS_Unstable:          0 kB
Bounce:                0 kB
WritebackTmp:          0 kB
CommitLimit:     8679780 kB
Committed_AS:   62557668 kB
VmallocTotal:   263061440 kB
VmallocUsed:      125108 kB
VmallocChunk:          0 kB
Percpu:             6264 kB
CmaTotal:         405504 kB
CmaFree:           31424 kB
MemTotal:        7922396 kB
MemFree:          598204 kB
MemAvailable:    2611320 kB
Buffers:           54700 kB
Cached:          1494640 kB
SwapCached:         1136 kB
Active:          1158396 kB
Inactive:        2729432 kB
Active(anon):      60912 kB
Inactive(anon):  2304656 kB
Active(file):    1097484 kB
Inactive(file):   424776 kB
Unevictable:        6088 kB
Mlocked:            5648 kB
SwapTotal:       4718584 kB
SwapFree:        4627448 kB
Dirty:               152 kB
Writeback:             0 kB
AnonPages:       2343500 kB
Mapped:           804180 kB
Shmem:             22480 kB
KReclaimable:     881128 kB
Slab:             291348 kB
SReclaimable:      72140 kB
SUnreclaim:       219208 kB
KernelStack:       44864 kB
ShadowCallStack:   11240 kB
PageTables:        65548 kB
NFS_Unstable:          0 kB
Bounce:                0 kB
WritebackTmp:          0 kB
CommitLimit:     8679780 kB
Committed_AS:   62557668 kB
VmallocTotal:   263061440 kB
VmallocUsed:      125112 kB
VmallocChunk:          0 kB
Percpu:             6264 kB
CmaTotal:         405504 kB
CmaFree:           31424 kB
MemTotal:        7922396 kB
MemFree:          598228 kB
MemAvailable:    2611356 kB
Buffers:           54724 kB
Cached:          1494628 kB
SwapCached:         1136 kB
Active:          1158412 kB
Inactive:        2730220 kB
Active(anon):      60920 kB
Inactive(anon):  2305440 kB
Active(file):    1097492 kB
Inactive(file):   424780 kB
Unevictable:        6088 kB
Mlocked:            5648 kB
SwapTotal:       4718584 kB
SwapFree:        4627448 kB
Dirty:               196 kB
Writeback:             0 kB
AnonPages:       2344440 kB
Mapped:           804448 kB
Shmem:             22480 kB
KReclaimable:     881128 kB
Slab:             291348 kB
SReclaimable:      72140 kB
SUnreclaim:       219208 kB
KernelStack:       44848 kB
ShadowCallStack:   11252 kB
PageTables:        65628 kB
NFS_Unstable:          0 kB
Bounce:                0 kB
WritebackTmp:          0 kB
CommitLimit:     8679780 kB
Committed_AS:   62557672 kB
VmallocTotal:   263061440 kB
VmallocUsed:      125100 kB
VmallocChunk:          0 kB
Percpu:             6264 kB
CmaTotal:         405504 kB
CmaFree:           31424 kB
MemTotal:        7922396 kB
MemFree:          584880 kB
MemAvailable:    2598024 kB
Buffers:           54724 kB
Cached:          1494648 kB
SwapCached:         1136 kB
Active:          1158420 kB
Inactive:        2743424 kB
Active(anon):      60912 kB
Inactive(anon):  2318644 kB
Active(file):    1097508 kB
Inactive(file):   424780 kB
Unevictable:        6088 kB
Mlocked:            5648 kB
SwapTotal:       4718584 kB
SwapFree:        4627448 kB
Dirty:               220 kB
Writeback:             0 kB
AnonPages:       2357576 kB
Mapped:           804152 kB
Shmem:             22484 kB
KReclaimable:     881128 kB
Slab:             291356 kB
SReclaimable:      72140 kB
SUnreclaim:       219216 kB
KernelStack:       44896 kB
ShadowCallStack:   11224 kB
PageTables:        65620 kB
NFS_Unstable:          0 kB
Bounce:                0 kB
WritebackTmp:          0 kB
CommitLimit:     8679780 kB
Committed_AS:   62557868 kB
VmallocTotal:   263061440 kB
VmallocUsed:      125100 kB
VmallocChunk:          0 kB
Percpu:             6264 kB
CmaTotal:         405504 kB
CmaFree:           31424 kB
MemTotal:        7922396 kB
MemFree:          508524 kB
MemAvailable:    2386584 kB
Buffers:           54732 kB
Cached:          1494792 kB
SwapCached:         1136 kB
Active:          1158420 kB
Inactive:        2819196 kB
Active(anon):      60904 kB
Inactive(anon):  2394416 kB
Active(file):    1097516 kB
Inactive(file):   424780 kB
Unevictable:        6088 kB
Mlocked:            5648 kB
SwapTotal:       4718584 kB
SwapFree:        4627448 kB
Dirty:               276 kB
Writeback:             0 kB
AnonPages:       2433164 kB
Mapped:           804844 kB
Shmem:             22628 kB
KReclaimable:     746036 kB
Slab:             291460 kB
SReclaimable:      72140 kB
SUnreclaim:       219320 kB
KernelStack:       44928 kB
ShadowCallStack:   11260 kB
PageTables:        65636 kB
NFS_Unstable:          0 kB
Bounce:                0 kB
WritebackTmp:          0 kB
CommitLimit:     8679780 kB
Committed_AS:   62557952 kB
VmallocTotal:   263061440 kB
VmallocUsed:      125164 kB
VmallocChunk:          0 kB
Percpu:             6264 kB
CmaTotal:         405504 kB
CmaFree:           31424 kB
MemTotal:        7922396 kB
MemFree:          598180 kB
MemAvailable:    2611360 kB
Buffers:           54732 kB
Cached:          1494652 kB
SwapCached:         1136 kB
Active:          1158412 kB
Inactive:        2730800 kB
Active(anon):      60896 kB
Inactive(anon):  2306020 kB
Active(file):    1097516 kB
Inactive(file):   424780 kB
Unevictable:        6088 kB
Mlocked:            5648 kB
SwapTotal:       4718584 kB
SwapFree:        4627448 kB
Dirty:               280 kB
Writeback:             0 kB
AnonPages:       2344792 kB
Mapped:           804224 kB
Shmem:             22488 kB
KReclaimable:     881156 kB
Slab:             291372 kB
SReclaimable:      72140 kB
SUnreclaim:       219232 kB
KernelStack:       44672 kB
ShadowCallStack:   11192 kB
PageTables:        65512 kB
NFS_Unstable:          0 kB
Bounce:                0 kB
WritebackTmp:          0 kB
CommitLimit:     8679780 kB
Committed_AS:   62557052 kB
VmallocTotal:   263061440 kB
VmallocUsed:      124860 kB
VmallocChunk:          0 kB
Percpu:             6264 kB
CmaTotal:         405504 kB
CmaFree:           31424 kB
MemTotal:        7922396 kB
MemFree:          598432 kB
MemAvailable:    2611612 kB
Buffers:           54732 kB
Cached:          1494652 kB
SwapCached:         1136 kB
Active:          1158408 kB
Inactive:        2731024 kB
Active(anon):      60892 kB
Inactive(anon):  2306244 kB
Active(file):    1097516 kB
Inactive(file):   424780 kB
Unevictable:        6088 kB
Mlocked:            5648 kB
SwapTotal:       4718584 kB
SwapFree:        4627448 kB
Dirty:               280 kB
Writeback:             0 kB
AnonPages:       2345092 kB
Mapped:           804340 kB
Shmem:             22488 kB
KReclaimable:     881156 kB
Slab:             291348 kB
SReclaimable:      72140 kB
SUnreclaim:       219208 kB
KernelStack:       44624 kB
ShadowCallStack:   11200 kB
PageTables:        65588 kB
NFS_Unstable:          0 kB
Bounce:                0 kB
WritebackTmp:          0 kB
CommitLimit:     8679780 kB
Committed_AS:   62557052 kB
VmallocTotal:   263061440 kB
VmallocUsed:      124856 kB
VmallocChunk:          0 kB
Percpu:             6264 kB
CmaTotal:         405504 kB
CmaFree:           31444 kB
MemTotal:        7922396 kB
MemFree:          597864 kB
MemAvailable:    2611044 kB
Buffers:           54732 kB
Cached:          1494652 kB
SwapCached:         1136 kB
Active:          1158412 kB
Inactive:        2731148 kB
Active(anon):      60896 kB
Inactive(anon):  2306368 kB
Active(file):    1097516 kB
Inactive(file):   424780 kB
Unevictable:        6088 kB
Mlocked:            5648 kB
SwapTotal:       4718584 kB
SwapFree:        4627448 kB
Dirty:               328 kB
Writeback:             0 kB
AnonPages:       2345072 kB
Mapped:           804224 kB
Shmem:             22488 kB
KReclaimable:     881156 kB
Slab:             291356 kB
SReclaimable:      72140 kB
SUnreclaim:       219216 kB
KernelStack:       44624 kB
ShadowCallStack:   11192 kB
PageTables:        65480 kB
NFS_Unstable:          0 kB
Bounce:                0 kB
WritebackTmp:          0 kB
CommitLimit:     8679780 kB
Committed_AS:   62557052 kB
VmallocTotal:   263061440 kB
VmallocUsed:      124868 kB
VmallocChunk:          0 kB
Percpu:             6264 kB
CmaTotal:         405504 kB
CmaFree:           31424 kB
MemTotal:        7922396 kB
MemFree:          596792 kB
MemAvailable:    2609992 kB
Buffers:           54740 kB
Cached:          1494648 kB
SwapCached:         1136 kB
Active:          1158408 kB
Inactive:        2731256 kB
Active(anon):      60888 kB
Inactive(anon):  2306476 kB
Active(file):    1097520 kB
Inactive(file):   424780 kB
Unevictable:        6088 kB
Mlocked:            5648 kB
SwapTotal:       4718584 kB
SwapFree:        4627448 kB
Dirty:               332 kB
Writeback:             0 kB
AnonPages:       2345236 kB
Mapped:           804448 kB
Shmem:             22488 kB
KReclaimable:     881172 kB
Slab:             291388 kB
SReclaimable:      72156 kB
SUnreclaim:       219232 kB
KernelStack:       44704 kB
ShadowCallStack:   11196 kB
PageTables:        65588 kB
NFS_Unstable:          0 kB
Bounce:                0 kB
WritebackTmp:          0 kB
CommitLimit:     8679780 kB
Committed_AS:   62557052 kB
VmallocTotal:   263061440 kB
VmallocUsed:      124872 kB
VmallocChunk:          0 kB
Percpu:             6264 kB
CmaTotal:         405504 kB
CmaFree:           31424 kB
MemTotal:        7922396 kB
MemFree:          596020 kB
MemAvailable:    2609216 kB
Buffers:           54740 kB
Cached:          1494652 kB
SwapCached:         1136 kB
Active:          1158424 kB
Inactive:        2731632 kB
Active(anon):      60896 kB
Inactive(anon):  2306856 kB
Active(file):    1097528 kB
Inactive(file):   424776 kB
Unevictable:        6088 kB
Mlocked:            5648 kB
SwapTotal:       4718584 kB
SwapFree:        4627448 kB
Dirty:               332 kB
Writeback:             0 kB
AnonPages:       2345632 kB
Mapped:           804252 kB
Shmem:             22488 kB
KReclaimable:     881164 kB
Slab:             291392 kB
SReclaimable:      72156 kB
SUnreclaim:       219236 kB
KernelStack:       44656 kB
ShadowCallStack:   11188 kB
PageTables:        65408 kB
NFS_Unstable:          0 kB
Bounce:                0 kB
WritebackTmp:          0 kB
CommitLimit:     8679780 kB
Committed_AS:   62557052 kB
VmallocTotal:   263061440 kB
VmallocUsed:      124868 kB
VmallocChunk:          0 kB
Percpu:             6264 kB
CmaTotal:         405504 kB
CmaFree:           31424 kB
MemTotal:        7922396 kB
MemFree:          597540 kB
MemAvailable:    2610736 kB
Buffers:           54740 kB
Cached:          1494652 kB
SwapCached:         1136 kB
Active:          1158424 kB
Inactive:        2731888 kB
Active(anon):      60896 kB
Inactive(anon):  2307112 kB
Active(file):    1097528 kB
Inactive(file):   424776 kB
Unevictable:        6088 kB
Mlocked:            5648 kB
SwapTotal:       4718584 kB
SwapFree:        4627448 kB
Dirty:               332 kB
Writeback:             0 kB
AnonPages:       2345916 kB
Mapped:           804340 kB
Shmem:             22488 kB
KReclaimable:     881164 kB
Slab:             291380 kB
SReclaimable:      72156 kB
SUnreclaim:       219224 kB
KernelStack:       44672 kB
ShadowCallStack:   11192 kB
PageTables:        65556 kB
NFS_Unstable:          0 kB
Bounce:                0 kB
WritebackTmp:          0 kB
CommitLimit:     8679780 kB
Committed_AS:   62557056 kB
VmallocTotal:   263061440 kB
VmallocUsed:      124872 kB
VmallocChunk:          0 kB
Percpu:             6264 kB
CmaTotal:         405504 kB
CmaFree:           31424 kB
MemTotal:        7922396 kB
MemFree:          595812 kB
MemAvailable:    2609008 kB
Buffers:           54740 kB
Cached:          1494652 kB
SwapCached:         1136 kB
Active:          1158428 kB
Inactive:        2732060 kB
Active(anon):      60900 kB
Inactive(anon):  2307284 kB
Active(file):    1097528 kB
Inactive(file):   424776 kB
Unevictable:        6088 kB
Mlocked:            5648 kB
SwapTotal:       4718584 kB
SwapFree:        4627448 kB
Dirty:               332 kB
Writeback:             0 kB
AnonPages:       2346080 kB
Mapped:           804400 kB
Shmem:             22488 kB
KReclaimable:     881164 kB
Slab:             291384 kB
SReclaimable:      72156 kB
SUnreclaim:       219228 kB
KernelStack:       44656 kB
ShadowCallStack:   11184 kB
PageTables:        65552 kB
NFS_Unstable:          0 kB
Bounce:                0 kB
WritebackTmp:          0 kB
CommitLimit:     8679780 kB
Committed_AS:   62557052 kB
VmallocTotal:   263061440 kB
VmallocUsed:      124872 kB
VmallocChunk:          0 kB
Percpu:             6264 kB
CmaTotal:         405504 kB
CmaFree:           31424 kB
MemTotal:        7922396 kB
MemFree:          596116 kB
MemAvailable:    2609248 kB
Buffers:           54740 kB
Cached:          1494652 kB
SwapCached:         1136 kB
Active:          1158424 kB
Inactive:        2732496 kB
Active(anon):      60896 kB
Inactive(anon):  2307720 kB
Active(file):    1097528 kB
Inactive(file):   424776 kB
Unevictable:        6088 kB
Mlocked:            5648 kB
SwapTotal:       4718584 kB
SwapFree:        4627448 kB
Dirty:               332 kB
Writeback:             0 kB
AnonPages:       2346288 kB
Mapped:           804376 kB
Shmem:             22488 kB
KReclaimable:     881100 kB
Slab:             291396 kB
SReclaimable:      72156 kB
SUnreclaim:       219240 kB
KernelStack:       44672 kB
ShadowCallStack:   11196 kB
PageTables:        65436 kB
NFS_Unstable:          0 kB
Bounce:                0 kB
WritebackTmp:          0 kB
CommitLimit:     8679780 kB
Committed_AS:   62557056 kB
VmallocTotal:   263061440 kB
VmallocUsed:      124872 kB
VmallocChunk:          0 kB
Percpu:             6264 kB
CmaTotal:         405504 kB
CmaFree:           31424 kB
MemTotal:        7922396 kB
MemFree:          594952 kB
MemAvailable:    2608100 kB
Buffers:           54756 kB
Cached:          1494652 kB
SwapCached:         1136 kB
Active:          1158444 kB
Inactive:        2733840 kB
Active(anon):      60900 kB
Inactive(anon):  2309064 kB
Active(file):    1097544 kB
Inactive(file):   424776 kB
Unevictable:        6088 kB
Mlocked:            5648 kB
SwapTotal:       4718584 kB
SwapFree:        4627448 kB
Dirty:               340 kB
Writeback:             0 kB
AnonPages:       2347832 kB
Mapped:           804440 kB
Shmem:             22488 kB
KReclaimable:     881100 kB
Slab:             291380 kB
SReclaimable:      72156 kB
SUnreclaim:       219224 kB
KernelStack:       44688 kB
ShadowCallStack:   11192 kB
PageTables:        65580 kB
NFS_Unstable:          0 kB
Bounce:                0 kB
WritebackTmp:          0 kB
CommitLimit:     8679780 kB
Committed_AS:   62557052 kB
VmallocTotal:   263061440 kB
VmallocUsed:      124868 kB
VmallocChunk:          0 kB
Percpu:             6264 kB
CmaTotal:         405504 kB
CmaFree:           31424 kB
MemTotal:        7922396 kB
MemFree:          593900 kB
MemAvailable:    2607048 kB
Buffers:           54756 kB
Cached:          1494660 kB
SwapCached:         1136 kB
Active:          1158432 kB
Inactive:        2734012 kB
Active(anon):      60888 kB
Inactive(anon):  2309236 kB
Active(file):    1097544 kB
Inactive(file):   424776 kB
Unevictable:        6088 kB
Mlocked:            5648 kB
SwapTotal:       4718584 kB
SwapFree:        4627448 kB
Dirty:               340 kB
Writeback:             0 kB
AnonPages:       2348176 kB
Mapped:           804420 kB
Shmem:             22496 kB
KReclaimable:     881100 kB
Slab:             291388 kB
SReclaimable:      72156 kB
SUnreclaim:       219232 kB
KernelStack:       44640 kB
ShadowCallStack:   11180 kB
PageTables:        65652 kB
NFS_Unstable:          0 kB
Bounce:                0 kB
WritebackTmp:          0 kB
CommitLimit:     8679780 kB
Committed_AS:   62557060 kB
VmallocTotal:   263061440 kB
VmallocUsed:      124864 kB
VmallocChunk:          0 kB
Percpu:             6264 kB
CmaTotal:         405504 kB
CmaFree:           31428 kB
MemTotal:        7922396 kB
MemFree:          593716 kB
MemAvailable:    2606864 kB
Buffers:           54756 kB
Cached:          1494660 kB
SwapCached:         1136 kB
Active:          1158436 kB
Inactive:        2734380 kB
Active(anon):      60892 kB
Inactive(anon):  2309604 kB
Active(file):    1097544 kB
Inactive(file):   424776 kB
Unevictable:        6088 kB
Mlocked:            5648 kB
SwapTotal:       4718584 kB
SwapFree:        4627448 kB
Dirty:               340 kB
Writeback:             0 kB
AnonPages:       2348472 kB
Mapped:           804340 kB
Shmem:             22496 kB
KReclaimable:     881100 kB
Slab:             291380 kB
SReclaimable:      72156 kB
SUnreclaim:       219224 kB
KernelStack:       44688 kB
ShadowCallStack:   11192 kB
PageTables:        65568 kB
NFS_Unstable:          0 kB
Bounce:                0 kB
WritebackTmp:          0 kB
CommitLimit:     8679780 kB
Committed_AS:   62557060 kB
VmallocTotal:   263061440 kB
VmallocUsed:      124872 kB
VmallocChunk:          0 kB
Percpu:             6264 kB
CmaTotal:         405504 kB
CmaFree:           31424 kB
MemTotal:        7922396 kB
MemFree:          593744 kB
MemAvailable:    2606876 kB
Buffers:           54756 kB
Cached:          1494660 kB
SwapCached:         1136 kB
Active:          1158436 kB
Inactive:        2734412 kB
Active(anon):      60892 kB
Inactive(anon):  2309636 kB
Active(file):    1097544 kB
Inactive(file):   424776 kB
Unevictable:        6088 kB
Mlocked:            5648 kB
SwapTotal:       4718584 kB
SwapFree:        4627448 kB
Dirty:               340 kB
Writeback:             0 kB
AnonPages:       2348392 kB
Mapped:           804388 kB
Shmem:             22496 kB
KReclaimable:     881084 kB
Slab:             291392 kB
SReclaimable:      72156 kB
SUnreclaim:       219236 kB
KernelStack:       44656 kB
ShadowCallStack:   11176 kB
PageTables:        65440 kB
NFS_Unstable:          0 kB
Bounce:                0 kB
WritebackTmp:          0 kB
CommitLimit:     8679780 kB
Committed_AS:   62557060 kB
VmallocTotal:   263061440 kB
VmallocUsed:      124868 kB
VmallocChunk:          0 kB
Percpu:             6264 kB
CmaTotal:         405504 kB
CmaFree:           31424 kB
MemTotal:        7922396 kB
MemFree:          595232 kB
MemAvailable:    2608364 kB
Buffers:           54756 kB
Cached:          1494660 kB
SwapCached:         1136 kB
Active:          1158440 kB
Inactive:        2731912 kB
Active(anon):      60896 kB
Inactive(anon):  2307136 kB
Active(file):    1097544 kB
Inactive(file):   424776 kB
Unevictable:        6088 kB
Mlocked:            5648 kB
SwapTotal:       4718584 kB
SwapFree:        4627448 kB
Dirty:               340 kB
Writeback:             0 kB
AnonPages:       2346024 kB
Mapped:           804524 kB
Shmem:             22496 kB
KReclaimable:     881084 kB
Slab:             291396 kB
SReclaimable:      72156 kB
SUnreclaim:       219240 kB
KernelStack:       44688 kB
ShadowCallStack:   11184 kB
PageTables:        65528 kB
NFS_Unstable:          0 kB
Bounce:                0 kB
WritebackTmp:          0 kB
CommitLimit:     8679780 kB
Committed_AS:   62557020 kB
VmallocTotal:   263061440 kB
VmallocUsed:      124848 kB
VmallocChunk:          0 kB
Percpu:             6264 kB
CmaTotal:         405504 kB
CmaFree:           31396 kB
MemTotal:        7922396 kB
MemFree:          598208 kB
MemAvailable:    2611344 kB
Buffers:           54764 kB
Cached:          1494656 kB
SwapCached:         1136 kB
Active:          1158444 kB
Inactive:        2730472 kB
Active(anon):      60896 kB
Inactive(anon):  2305696 kB
Active(file):    1097548 kB
Inactive(file):   424776 kB
Unevictable:        6088 kB
Mlocked:            5648 kB
SwapTotal:       4718584 kB
SwapFree:        4627448 kB
Dirty:               340 kB
Writeback:             0 kB
AnonPages:       2344500 kB
Mapped:           804536 kB
Shmem:             22496 kB
KReclaimable:     881084 kB
Slab:             291392 kB
SReclaimable:      72156 kB
SUnreclaim:       219236 kB
KernelStack:       44624 kB
ShadowCallStack:   11172 kB
PageTables:        65476 kB
NFS_Unstable:          0 kB
Bounce:                0 kB
WritebackTmp:          0 kB
CommitLimit:     8679780 kB
Committed_AS:   62557016 kB
VmallocTotal:   263061440 kB
VmallocUsed:      124828 kB
VmallocChunk:          0 kB
Percpu:             6264 kB
CmaTotal:         405504 kB
CmaFree:           31420 kB
MemTotal:        7922396 kB
MemFree:          597368 kB
MemAvailable:    2610520 kB
Buffers:           54780 kB
Cached:          1494656 kB
SwapCached:         1136 kB
Active:          1158464 kB
Inactive:        2730760 kB
Active(anon):      60896 kB
Inactive(anon):  2305988 kB
Active(file):    1097568 kB
Inactive(file):   424772 kB
Unevictable:        6088 kB
Mlocked:            5648 kB
SwapTotal:       4718584 kB
SwapFree:        4627448 kB
Dirty:                48 kB
Writeback:            76 kB
AnonPages:       2344832 kB
Mapped:           804536 kB
Shmem:             22496 kB
KReclaimable:     881084 kB
Slab:             291416 kB
SReclaimable:      72156 kB
SUnreclaim:       219260 kB
KernelStack:       44624 kB
ShadowCallStack:   11200 kB
PageTables:        65364 kB
NFS_Unstable:          0 kB
Bounce:                0 kB
WritebackTmp:          0 kB
CommitLimit:     8679780 kB
Committed_AS:   62557016 kB
VmallocTotal:   263061440 kB
VmallocUsed:      124836 kB
VmallocChunk:          0 kB
Percpu:             6264 kB
CmaTotal:         405504 kB
CmaFree:           31424 kB
MemTotal:        7922396 kB
MemFree:          597144 kB
MemAvailable:    2610304 kB
Buffers:           54780 kB
Cached:          1494664 kB
SwapCached:         1136 kB
Active:          1158460 kB
Inactive:        2731132 kB
Active(anon):      60888 kB
Inactive(anon):  2306356 kB
Active(file):    1097572 kB
Inactive(file):   424776 kB
Unevictable:        6088 kB
Mlocked:            5648 kB
SwapTotal:       4718584 kB
SwapFree:        4627448 kB
Dirty:                88 kB
Writeback:             0 kB
AnonPages:       2345100 kB
Mapped:           804644 kB
Shmem:             22496 kB
KReclaimable:     881084 kB
Slab:             291388 kB
SReclaimable:      72156 kB
SUnreclaim:       219232 kB
KernelStack:       44656 kB
ShadowCallStack:   11188 kB
PageTables:        65556 kB
NFS_Unstable:          0 kB
Bounce:                0 kB
WritebackTmp:          0 kB
CommitLimit:     8679780 kB
Committed_AS:   62557016 kB
VmallocTotal:   263061440 kB
VmallocUsed:      124832 kB
VmallocChunk:          0 kB
Percpu:             6264 kB
CmaTotal:         405504 kB
CmaFree:           31424 kB
MemTotal:        7922396 kB
MemFree:          596744 kB
MemAvailable:    2609904 kB
Buffers:           54780 kB
Cached:          1494664 kB
SwapCached:         1136 kB
Active:          1158472 kB
Inactive:        2731028 kB
Active(anon):      60900 kB
Inactive(anon):  2306252 kB
Active(file):    1097572 kB
Inactive(file):   424776 kB
Unevictable:        6088 kB
Mlocked:            5648 kB
SwapTotal:       4718584 kB
SwapFree:        4627448 kB
Dirty:                88 kB
Writeback:             0 kB
AnonPages:       2345232 kB
Mapped:           804784 kB
Shmem:             22496 kB
KReclaimable:     881084 kB
Slab:             291384 kB
SReclaimable:      72156 kB
SUnreclaim:       219228 kB
KernelStack:       44672 kB
ShadowCallStack:   11168 kB
PageTables:        65456 kB
NFS_Unstable:          0 kB
Bounce:                0 kB
WritebackTmp:          0 kB
CommitLimit:     8679780 kB
Committed_AS:   62557016 kB
VmallocTotal:   263061440 kB
VmallocUsed:      124844 kB
VmallocChunk:          0 kB
Percpu:             6264 kB
CmaTotal:         405504 kB
CmaFree:           31424 kB
MemTotal:        7922396 kB
MemFree:          590724 kB
MemAvailable:    2601940 kB
Buffers:           54796 kB
Cached:          1494664 kB
SwapCached:         1136 kB
Active:          1158484 kB
Inactive:        2737968 kB
Active(anon):      60896 kB
Inactive(anon):  2313192 kB
Active(file):    1097588 kB
Inactive(file):   424776 kB
Unevictable:        6088 kB
Mlocked:            5648 kB
SwapTotal:       4718584 kB
SwapFree:        4627448 kB
Dirty:               188 kB
Writeback:             0 kB
AnonPages:       2351988 kB
Mapped:           805880 kB
Shmem:             22496 kB
KReclaimable:     879124 kB
Slab:             291412 kB
SReclaimable:      72156 kB
SUnreclaim:       219256 kB
KernelStack:       44672 kB
ShadowCallStack:   11188 kB
PageTables:        65508 kB
NFS_Unstable:          0 kB
Bounce:                0 kB
WritebackTmp:          0 kB
CommitLimit:     8679780 kB
Committed_AS:   62573700 kB
VmallocTotal:   263061440 kB
VmallocUsed:      124868 kB
VmallocChunk:          0 kB
Percpu:             6264 kB
CmaTotal:         405504 kB
CmaFree:           31424 kB
MemTotal:        7922396 kB
MemFree:          608108 kB
MemAvailable:    2619100 kB
Buffers:           54812 kB
Cached:          1494684 kB
SwapCached:         1136 kB
Active:          1158500 kB
Inactive:        2725292 kB
Active(anon):      60896 kB
Inactive(anon):  2300516 kB
Active(file):    1097604 kB
Inactive(file):   424776 kB
Unevictable:        6088 kB
Mlocked:            5648 kB
SwapTotal:       4718584 kB
SwapFree:        4627448 kB
Dirty:               200 kB
Writeback:             0 kB
AnonPages:       2339288 kB
Mapped:           801644 kB
Shmem:             22516 kB
KReclaimable:     878884 kB
Slab:             291424 kB
SReclaimable:      72156 kB
SUnreclaim:       219268 kB
KernelStack:       44880 kB
ShadowCallStack:   11244 kB
PageTables:        65552 kB
NFS_Unstable:          0 kB
Bounce:                0 kB
WritebackTmp:          0 kB
CommitLimit:     8679780 kB
Committed_AS:   62590772 kB
VmallocTotal:   263061440 kB
VmallocUsed:      125096 kB
VmallocChunk:          0 kB
Percpu:             6264 kB
CmaTotal:         405504 kB
CmaFree:           29928 kB
MemTotal:        7922396 kB
MemFree:          608512 kB
MemAvailable:    2619504 kB
Buffers:           54812 kB
Cached:          1494684 kB
SwapCached:         1136 kB
Active:          1158500 kB
Inactive:        2726116 kB
Active(anon):      60896 kB
Inactive(anon):  2301340 kB
Active(file):    1097604 kB
Inactive(file):   424776 kB
Unevictable:        6088 kB
Mlocked:            5648 kB
SwapTotal:       4718584 kB
SwapFree:        4627448 kB
Dirty:               204 kB
Writeback:             0 kB
AnonPages:       2340092 kB
Mapped:           801644 kB
Shmem:             22516 kB
KReclaimable:     878884 kB
Slab:             291436 kB
SReclaimable:      72156 kB
SUnreclaim:       219280 kB
KernelStack:       44848 kB
ShadowCallStack:   11236 kB
PageTables:        65508 kB
NFS_Unstable:          0 kB
Bounce:                0 kB
WritebackTmp:          0 kB
CommitLimit:     8679780 kB
Committed_AS:   62590776 kB
VmallocTotal:   263061440 kB
VmallocUsed:      125132 kB
VmallocChunk:          0 kB
Percpu:             6264 kB
CmaTotal:         405504 kB
CmaFree:           29928 kB
MemTotal:        7922396 kB
MemFree:          519872 kB
MemAvailable:    2396480 kB
Buffers:           54812 kB
Cached:          1494796 kB
SwapCached:         1136 kB
Active:          1158492 kB
Inactive:        2814252 kB
Active(anon):      60888 kB
Inactive(anon):  2389476 kB
Active(file):    1097604 kB
Inactive(file):   424776 kB
Unevictable:        6088 kB
Mlocked:            5648 kB
SwapTotal:       4718584 kB
SwapFree:        4627448 kB
Dirty:                56 kB
Writeback:             0 kB
AnonPages:       2427816 kB
Mapped:           802260 kB
Shmem:             22628 kB
KReclaimable:     744500 kB
Slab:             291480 kB
SReclaimable:      72156 kB
SUnreclaim:       219324 kB
KernelStack:       44944 kB
ShadowCallStack:   11256 kB
PageTables:        65748 kB
NFS_Unstable:          0 kB
Bounce:                0 kB
WritebackTmp:          0 kB
CommitLimit:     8679780 kB
Committed_AS:   62591152 kB
VmallocTotal:   263061440 kB
VmallocUsed:      125220 kB
VmallocChunk:          0 kB
Percpu:             6264 kB
CmaTotal:         405504 kB
CmaFree:           29928 kB
MemTotal:        7922396 kB
MemFree:          587388 kB
MemAvailable:    2530996 kB
Buffers:           54812 kB
Cached:          1494684 kB
SwapCached:         1136 kB
Active:          1158496 kB
Inactive:        2746436 kB
Active(anon):      60892 kB
Inactive(anon):  2321660 kB
Active(file):    1097604 kB
Inactive(file):   424776 kB
Unevictable:        6088 kB
Mlocked:            5648 kB
SwapTotal:       4718584 kB
SwapFree:        4627448 kB
Dirty:               104 kB
Writeback:             0 kB
AnonPages:       2360456 kB
Mapped:           802000 kB
Shmem:             22516 kB
KReclaimable:     811500 kB
Slab:             291484 kB
SReclaimable:      72156 kB
SUnreclaim:       219328 kB
KernelStack:       44896 kB
ShadowCallStack:   11244 kB
PageTables:        65520 kB
NFS_Unstable:          0 kB
Bounce:                0 kB
WritebackTmp:          0 kB
CommitLimit:     8679780 kB
Committed_AS:   62590788 kB
VmallocTotal:   263061440 kB
VmallocUsed:      125164 kB
VmallocChunk:          0 kB
Percpu:             6264 kB
CmaTotal:         405504 kB
CmaFree:           29928 kB
MemTotal:        7922396 kB
MemFree:          606336 kB
MemAvailable:    2617328 kB
Buffers:           54812 kB
Cached:          1494684 kB
SwapCached:         1136 kB
Active:          1158496 kB
Inactive:        2727744 kB
Active(anon):      60892 kB
Inactive(anon):  2302968 kB
Active(file):    1097604 kB
Inactive(file):   424776 kB
Unevictable:        6088 kB
Mlocked:            5648 kB
SwapTotal:       4718584 kB
SwapFree:        4627448 kB
Dirty:               112 kB
Writeback:             0 kB
AnonPages:       2341684 kB
Mapped:           801652 kB
Shmem:             22516 kB
KReclaimable:     878884 kB
Slab:             291512 kB
SReclaimable:      72156 kB
SUnreclaim:       219356 kB
KernelStack:       44832 kB
ShadowCallStack:   11236 kB
PageTables:        65480 kB
NFS_Unstable:          0 kB
Bounce:                0 kB
WritebackTmp:          0 kB
CommitLimit:     8679780 kB
Committed_AS:   62590772 kB
VmallocTotal:   263061440 kB
VmallocUsed:      125132 kB
VmallocChunk:          0 kB
Percpu:             6264 kB
CmaTotal:         405504 kB
CmaFree:           29928 kB
MemTotal:        7922396 kB
MemFree:          606560 kB
MemAvailable:    2617576 kB
Buffers:           54836 kB
Cached:          1494684 kB
SwapCached:         1136 kB
Active:          1158520 kB
Inactive:        2727224 kB
Active(anon):      60892 kB
Inactive(anon):  2302448 kB
Active(file):    1097628 kB
Inactive(file):   424776 kB
Unevictable:        6088 kB
Mlocked:            5648 kB
SwapTotal:       4718584 kB
SwapFree:        4627448 kB
Dirty:               168 kB
Writeback:             0 kB
AnonPages:       2341228 kB
Mapped:           801652 kB
Shmem:             22516 kB
KReclaimable:     878884 kB
Slab:             291460 kB
SReclaimable:      72156 kB
SUnreclaim:       219304 kB
KernelStack:       44880 kB
ShadowCallStack:   11244 kB
PageTables:        65644 kB
NFS_Unstable:          0 kB
Bounce:                0 kB
WritebackTmp:          0 kB
CommitLimit:     8679780 kB
Committed_AS:   62590772 kB
VmallocTotal:   263061440 kB
VmallocUsed:      125132 kB
VmallocChunk:          0 kB
Percpu:             6264 kB
CmaTotal:         405504 kB
CmaFree:           29928 kB
MemTotal:        7922396 kB
MemFree:          605992 kB
MemAvailable:    2617008 kB
Buffers:           54836 kB
Cached:          1494684 kB
SwapCached:         1136 kB
Active:          1158520 kB
Inactive:        2727624 kB
Active(anon):      60892 kB
Inactive(anon):  2302848 kB
Active(file):    1097628 kB
Inactive(file):   424776 kB
Unevictable:        6088 kB
Mlocked:            5648 kB
SwapTotal:       4718584 kB
SwapFree:        4627448 kB
Dirty:               172 kB
Writeback:             0 kB
AnonPages:       2341636 kB
Mapped:           801712 kB
Shmem:             22516 kB
KReclaimable:     878884 kB
Slab:             291456 kB
SReclaimable:      72156 kB
SUnreclaim:       219300 kB
KernelStack:       44912 kB
ShadowCallStack:   11244 kB
PageTables:        65712 kB
NFS_Unstable:          0 kB
Bounce:                0 kB
WritebackTmp:          0 kB
CommitLimit:     8679780 kB
Committed_AS:   62590772 kB
VmallocTotal:   263061440 kB
VmallocUsed:      125124 kB
VmallocChunk:          0 kB
Percpu:             6264 kB
CmaTotal:         405504 kB
CmaFree:           29928 kB
MemTotal:        7922396 kB
MemFree:          606048 kB
MemAvailable:    2617064 kB
Buffers:           54836 kB
Cached:          1494684 kB
SwapCached:         1136 kB
Active:          1158524 kB
Inactive:        2727752 kB
Active(anon):      60896 kB
Inactive(anon):  2302976 kB
Active(file):    1097628 kB
Inactive(file):   424776 kB
Unevictable:        6088 kB
Mlocked:            5648 kB
SwapTotal:       4718584 kB
SwapFree:        4627448 kB
Dirty:                52 kB
Writeback:             0 kB
AnonPages:       2341608 kB
Mapped:           801708 kB
Shmem:             22516 kB
KReclaimable:     878884 kB
Slab:             291460 kB
SReclaimable:      72156 kB
SUnreclaim:       219304 kB
KernelStack:       44880 kB
ShadowCallStack:   11244 kB
PageTables:        65544 kB
NFS_Unstable:          0 kB
Bounce:                0 kB
WritebackTmp:          0 kB
CommitLimit:     8679780 kB
Committed_AS:   62590772 kB
VmallocTotal:   263061440 kB
VmallocUsed:      125140 kB
VmallocChunk:          0 kB
Percpu:             6264 kB
CmaTotal:         405504 kB
CmaFree:           29928 kB
MemTotal:        7922396 kB
MemFree:          605948 kB
MemAvailable:    2616964 kB
Buffers:           54836 kB
Cached:          1494684 kB
SwapCached:         1136 kB
Active:          1158520 kB
Inactive:        2727868 kB
Active(anon):      60892 kB
Inactive(anon):  2303092 kB
Active(file):    1097628 kB
Inactive(file):   424776 kB
Unevictable:        6088 kB
Mlocked:            5648 kB
SwapTotal:       4718584 kB
SwapFree:        4627448 kB
Dirty:                88 kB
Writeback:             0 kB
AnonPages:       2342020 kB
Mapped:           801964 kB
Shmem:             22516 kB
KReclaimable:     878884 kB
Slab:             291468 kB
SReclaimable:      72156 kB
SUnreclaim:       219312 kB
KernelStack:       44880 kB
ShadowCallStack:   11248 kB
PageTables:        65764 kB
NFS_Unstable:          0 kB
Bounce:                0 kB
WritebackTmp:          0 kB
CommitLimit:     8679780 kB
Committed_AS:   62590772 kB
VmallocTotal:   263061440 kB
VmallocUsed:      125132 kB
VmallocChunk:          0 kB
Percpu:             6264 kB
CmaTotal:         405504 kB
CmaFree:           29928 kB
MemTotal:        7922396 kB
MemFree:          604972 kB
MemAvailable:    2616016 kB
Buffers:           54836 kB
Cached:          1494684 kB
SwapCached:         1136 kB
Active:          1158516 kB
Inactive:        2727724 kB
Active(anon):      60888 kB
Inactive(anon):  2302948 kB
Active(file):    1097628 kB
Inactive(file):   424776 kB
Unevictable:        6088 kB
Mlocked:            5648 kB
SwapTotal:       4718584 kB
SwapFree:        4627448 kB
Dirty:                96 kB
Writeback:             0 kB
AnonPages:       2341688 kB
Mapped:           801636 kB
Shmem:             22516 kB
KReclaimable:     878912 kB
Slab:             291464 kB
SReclaimable:      72156 kB
SUnreclaim:       219308 kB
KernelStack:       44832 kB
ShadowCallStack:   11240 kB
PageTables:        65500 kB
NFS_Unstable:          0 kB
Bounce:                0 kB
WritebackTmp:          0 kB
CommitLimit:     8679780 kB
Committed_AS:   62590616 kB
VmallocTotal:   263061440 kB
VmallocUsed:      125076 kB
VmallocChunk:          0 kB
Percpu:             6264 kB
CmaTotal:         405504 kB
CmaFree:           29928 kB
MemTotal:        7922396 kB
MemFree:          606860 kB
MemAvailable:    2617908 kB
Buffers:           54844 kB
Cached:          1494680 kB
SwapCached:         1136 kB
Active:          1158504 kB
Inactive:        2727632 kB
Active(anon):      60872 kB
Inactive(anon):  2302856 kB
Active(file):    1097632 kB
Inactive(file):   424776 kB
Unevictable:        6088 kB
Mlocked:            5648 kB
SwapTotal:       4718584 kB
SwapFree:        4627448 kB
Dirty:               156 kB
Writeback:             0 kB
AnonPages:       2341660 kB
Mapped:           801636 kB
Shmem:             22516 kB
KReclaimable:     878912 kB
Slab:             291476 kB
SReclaimable:      72156 kB
SUnreclaim:       219320 kB
KernelStack:       44752 kB
ShadowCallStack:   11200 kB
PageTables:        65464 kB
NFS_Unstable:          0 kB
Bounce:                0 kB
WritebackTmp:          0 kB
CommitLimit:     8679780 kB
Committed_AS:   62590356 kB
VmallocTotal:   263061440 kB
VmallocUsed:      124972 kB
VmallocChunk:          0 kB
Percpu:             6264 kB
CmaTotal:         405504 kB
CmaFree:           29928 kB
MemTotal:        7922396 kB
MemFree:          604700 kB
MemAvailable:    2615776 kB
Buffers:           54868 kB
Cached:          1494684 kB
SwapCached:         1136 kB
Active:          1158536 kB
Inactive:        2729044 kB
Active(anon):      60876 kB
Inactive(anon):  2304268 kB
Active(file):    1097660 kB
Inactive(file):   424776 kB
Unevictable:        6088 kB
Mlocked:            5648 kB
SwapTotal:       4718584 kB
SwapFree:        4627448 kB
Dirty:               172 kB
Writeback:             0 kB
AnonPages:       2343036 kB
Mapped:           801636 kB
Shmem:             22516 kB
KReclaimable:     878912 kB
Slab:             291460 kB
SReclaimable:      72156 kB
SUnreclaim:       219304 kB
KernelStack:       44752 kB
ShadowCallStack:   11208 kB
PageTables:        65468 kB
NFS_Unstable:          0 kB
Bounce:                0 kB
WritebackTmp:          0 kB
CommitLimit:     8679780 kB
Committed_AS:   62590304 kB
VmallocTotal:   263061440 kB
VmallocUsed:      124948 kB
VmallocChunk:          0 kB
Percpu:             6264 kB
CmaTotal:         405504 kB
CmaFree:           29928 kB
MemTotal:        7922396 kB
MemFree:          604400 kB
MemAvailable:    2615476 kB
Buffers:           54868 kB
Cached:          1494684 kB
SwapCached:         1136 kB
Active:          1158536 kB
Inactive:        2729028 kB
Active(anon):      60876 kB
Inactive(anon):  2304252 kB
Active(file):    1097660 kB
Inactive(file):   424776 kB
Unevictable:        6088 kB
Mlocked:            5648 kB
SwapTotal:       4718584 kB
SwapFree:        4627448 kB
Dirty:               176 kB
Writeback:             0 kB
AnonPages:       2342968 kB
Mapped:           801640 kB
Shmem:             22516 kB
KReclaimable:     878912 kB
Slab:             291452 kB
SReclaimable:      72156 kB
SUnreclaim:       219296 kB
KernelStack:       44736 kB
ShadowCallStack:   11200 kB
PageTables:        65356 kB
NFS_Unstable:          0 kB
Bounce:                0 kB
WritebackTmp:          0 kB
CommitLimit:     8679780 kB
Committed_AS:   62590304 kB
VmallocTotal:   263061440 kB
VmallocUsed:      124952 kB
VmallocChunk:          0 kB
Percpu:             6264 kB
CmaTotal:         405504 kB
CmaFree:           29928 kB
MemTotal:        7922396 kB
MemFree:          603764 kB
MemAvailable:    2614844 kB
Buffers:           54868 kB
Cached:          1494688 kB
SwapCached:         1136 kB
Active:          1158532 kB
Inactive:        2729316 kB
Active(anon):      60872 kB
Inactive(anon):  2304536 kB
Active(file):    1097660 kB
Inactive(file):   424780 kB
Unevictable:        6088 kB
Mlocked:            5648 kB
SwapTotal:       4718584 kB
SwapFree:        4627448 kB
Dirty:                96 kB
Writeback:             0 kB
AnonPages:       2343388 kB
Mapped:           801636 kB
Shmem:             22516 kB
KReclaimable:     878912 kB
Slab:             291480 kB
SReclaimable:      72156 kB
SUnreclaim:       219324 kB
KernelStack:       44736 kB
ShadowCallStack:   11208 kB
PageTables:        65532 kB
NFS_Unstable:          0 kB
Bounce:                0 kB
WritebackTmp:          0 kB
CommitLimit:     8679780 kB
Committed_AS:   62590308 kB
VmallocTotal:   263061440 kB
VmallocUsed:      124944 kB
VmallocChunk:          0 kB
Percpu:             6264 kB
CmaTotal:         405504 kB
CmaFree:           29928 kB
MemTotal:        7922396 kB
MemFree:          603456 kB
MemAvailable:    2614536 kB
Buffers:           54868 kB
Cached:          1494688 kB
SwapCached:         1136 kB
Active:          1158536 kB
Inactive:        2729516 kB
Active(anon):      60876 kB
Inactive(anon):  2304736 kB
Active(file):    1097660 kB
Inactive(file):   424780 kB
Unevictable:        6088 kB
Mlocked:            5648 kB
SwapTotal:       4718584 kB
SwapFree:        4627448 kB
Dirty:               112 kB
Writeback:             0 kB
AnonPages:       2343524 kB
Mapped:           801688 kB
Shmem:             22516 kB
KReclaimable:     878912 kB
Slab:             291480 kB
SReclaimable:      72156 kB
SUnreclaim:       219324 kB
KernelStack:       44640 kB
ShadowCallStack:   11192 kB
PageTables:        65624 kB
NFS_Unstable:          0 kB
Bounce:                0 kB
WritebackTmp:          0 kB
CommitLimit:     8679780 kB
Committed_AS:   62589996 kB
VmallocTotal:   263061440 kB
VmallocUsed:      124872 kB
VmallocChunk:          0 kB
Percpu:             6264 kB
CmaTotal:         405504 kB
CmaFree:           29920 kB
MemTotal:        7922396 kB
MemFree:          605136 kB
MemAvailable:    2616208 kB
Buffers:           54868 kB
Cached:          1494688 kB
SwapCached:         1136 kB
Active:          1158528 kB
Inactive:        2729756 kB
Active(anon):      60868 kB
Inactive(anon):  2304976 kB
Active(file):    1097660 kB
Inactive(file):   424780 kB
Unevictable:        6088 kB
Mlocked:            5648 kB
SwapTotal:       4718584 kB
SwapFree:        4627448 kB
Dirty:               116 kB
Writeback:             0 kB
AnonPages:       2343756 kB
Mapped:           801840 kB
Shmem:             22516 kB
KReclaimable:     878904 kB
Slab:             291484 kB
SReclaimable:      72156 kB
SUnreclaim:       219328 kB
KernelStack:       44624 kB
ShadowCallStack:   11188 kB
PageTables:        65516 kB
NFS_Unstable:          0 kB
Bounce:                0 kB
WritebackTmp:          0 kB
CommitLimit:     8679780 kB
Committed_AS:   62589992 kB
VmallocTotal:   263061440 kB
VmallocUsed:      124812 kB
VmallocChunk:          0 kB
Percpu:             6264 kB
CmaTotal:         405504 kB
CmaFree:           29928 kB
MemTotal:        7922396 kB
MemFree:          603592 kB
MemAvailable:    2614672 kB
Buffers:           54876 kB
Cached:          1494688 kB
SwapCached:         1136 kB
Active:          1158532 kB
Inactive:        2730052 kB
Active(anon):      60864 kB
Inactive(anon):  2305272 kB
Active(file):    1097668 kB
Inactive(file):   424780 kB
Unevictable:        6088 kB
Mlocked:            5648 kB
SwapTotal:       4718584 kB
SwapFree:        4627448 kB
Dirty:               100 kB
Writeback:             0 kB
AnonPages:       2344016 kB
Mapped:           801620 kB
Shmem:             22516 kB
KReclaimable:     878904 kB
Slab:             291488 kB
SReclaimable:      72156 kB
SUnreclaim:       219332 kB
KernelStack:       44592 kB
ShadowCallStack:   11172 kB
PageTables:        65664 kB
NFS_Unstable:          0 kB
Bounce:                0 kB
WritebackTmp:          0 kB
CommitLimit:     8679780 kB
Committed_AS:   62589836 kB
VmallocTotal:   263061440 kB
VmallocUsed:      124776 kB
VmallocChunk:          0 kB
Percpu:             6264 kB
CmaTotal:         405504 kB
CmaFree:           29928 kB
MemTotal:        7922396 kB
MemFree:          603588 kB
MemAvailable:    2614668 kB
Buffers:           54876 kB
Cached:          1494688 kB
SwapCached:         1136 kB
Active:          1158528 kB
Inactive:        2730424 kB
Active(anon):      60860 kB
Inactive(anon):  2305644 kB
Active(file):    1097668 kB
Inactive(file):   424780 kB
Unevictable:        6088 kB
Mlocked:            5648 kB
SwapTotal:       4718584 kB
SwapFree:        4627448 kB
Dirty:               100 kB
Writeback:             0 kB
AnonPages:       2344552 kB
Mapped:           801648 kB
Shmem:             22516 kB
KReclaimable:     878904 kB
Slab:             291488 kB
SReclaimable:      72156 kB
SUnreclaim:       219332 kB
KernelStack:       44576 kB
ShadowCallStack:   11168 kB
PageTables:        65712 kB
NFS_Unstable:          0 kB
Bounce:                0 kB
WritebackTmp:          0 kB
CommitLimit:     8679780 kB
Committed_AS:   62589836 kB
VmallocTotal:   263061440 kB
VmallocUsed:      124768 kB
VmallocChunk:          0 kB
Percpu:             6264 kB
CmaTotal:         405504 kB
CmaFree:           29928 kB
MemTotal:        7922396 kB
MemFree:          603560 kB
MemAvailable:    2614640 kB
Buffers:           54876 kB
Cached:          1494688 kB
SwapCached:         1136 kB
Active:          1158532 kB
Inactive:        2730700 kB
Active(anon):      60864 kB
Inactive(anon):  2305920 kB
Active(file):    1097668 kB
Inactive(file):   424780 kB
Unevictable:        6088 kB
Mlocked:            5648 kB
SwapTotal:       4718584 kB
SwapFree:        4627448 kB
Dirty:                 0 kB
Writeback:             0 kB
AnonPages:       2344660 kB
Mapped:           801644 kB
Shmem:             22516 kB
KReclaimable:     878904 kB
Slab:             291420 kB
SReclaimable:      72156 kB
SUnreclaim:       219264 kB
KernelStack:       44592 kB
ShadowCallStack:   11176 kB
PageTables:        65496 kB
NFS_Unstable:          0 kB
Bounce:                0 kB
WritebackTmp:          0 kB
CommitLimit:     8679780 kB
Committed_AS:   62589836 kB
VmallocTotal:   263061440 kB
VmallocUsed:      124768 kB
VmallocChunk:          0 kB
Percpu:             6264 kB
CmaTotal:         405504 kB
CmaFree:           29928 kB
MemTotal:        7922396 kB
MemFree:          603252 kB
MemAvailable:    2614332 kB
Buffers:           54876 kB
Cached:          1494688 kB
SwapCached:         1136 kB
Active:          1158528 kB
Inactive:        2730976 kB
Active(anon):      60860 kB
Inactive(anon):  2306196 kB
Active(file):    1097668 kB
Inactive(file):   424780 kB
Unevictable:        6088 kB
Mlocked:            5648 kB
SwapTotal:       4718584 kB
SwapFree:        4627448 kB
Dirty:                20 kB
Writeback:             0 kB
AnonPages:       2344776 kB
Mapped:           801748 kB
Shmem:             22516 kB
KReclaimable:     878904 kB
Slab:             291424 kB
SReclaimable:      72156 kB
SUnreclaim:       219268 kB
KernelStack:       44608 kB
ShadowCallStack:   11168 kB
PageTables:        65392 kB
NFS_Unstable:          0 kB
Bounce:                0 kB
WritebackTmp:          0 kB
CommitLimit:     8679780 kB
Committed_AS:   62589836 kB
VmallocTotal:   263061440 kB
VmallocUsed:      124768 kB
VmallocChunk:          0 kB
Percpu:             6264 kB
CmaTotal:         405504 kB
CmaFree:           29928 kB
MemTotal:        7922396 kB
MemFree:          603452 kB
MemAvailable:    2614532 kB
Buffers:           54876 kB
Cached:          1494688 kB
SwapCached:         1136 kB
Active:          1158532 kB
Inactive:        2731484 kB
Active(anon):      60864 kB
Inactive(anon):  2306704 kB
Active(file):    1097668 kB
Inactive(file):   424780 kB
Unevictable:        6088 kB
Mlocked:            5648 kB
SwapTotal:       4718584 kB
SwapFree:        4627448 kB
Dirty:                36 kB
Writeback:             0 kB
AnonPages:       2345268 kB
Mapped:           801656 kB
Shmem:             22516 kB
KReclaimable:     878904 kB
Slab:             291424 kB
SReclaimable:      72156 kB
SUnreclaim:       219268 kB
KernelStack:       44544 kB
ShadowCallStack:   11164 kB
PageTables:        65372 kB
NFS_Unstable:          0 kB
Bounce:                0 kB
WritebackTmp:          0 kB
CommitLimit:     8679780 kB
Committed_AS:   62589836 kB
VmallocTotal:   263061440 kB
VmallocUsed:      124752 kB
VmallocChunk:          0 kB
Percpu:             6264 kB
CmaTotal:         405504 kB
CmaFree:           29928 kB
MemTotal:        7922396 kB
MemFree:          603632 kB
MemAvailable:    2614736 kB
Buffers:           54900 kB
Cached:          1494688 kB
SwapCached:         1136 kB
Active:          1158556 kB
Inactive:        2730868 kB
Active(anon):      60864 kB
Inactive(anon):  2306088 kB
Active(file):    1097692 kB
Inactive(file):   424780 kB
Unevictable:        6088 kB
Mlocked:            5648 kB
SwapTotal:       4718584 kB
SwapFree:        4627448 kB
Dirty:               112 kB
Writeback:             0 kB
AnonPages:       2344720 kB
Mapped:           801684 kB
Shmem:             22516 kB
KReclaimable:     878904 kB
Slab:             291444 kB
SReclaimable:      72156 kB
SUnreclaim:       219288 kB
KernelStack:       44608 kB
ShadowCallStack:   11168 kB
PageTables:        65672 kB
NFS_Unstable:          0 kB
Bounce:                0 kB
WritebackTmp:          0 kB
CommitLimit:     8679780 kB
Committed_AS:   62589836 kB
VmallocTotal:   263061440 kB
VmallocUsed:      124740 kB
VmallocChunk:          0 kB
Percpu:             6264 kB
CmaTotal:         405504 kB
CmaFree:           29956 kB
MemTotal:        7922396 kB
MemFree:          603080 kB
MemAvailable:    2614184 kB
Buffers:           54900 kB
Cached:          1494688 kB
SwapCached:         1136 kB
Active:          1158548 kB
Inactive:        2731256 kB
Active(anon):      60856 kB
Inactive(anon):  2306476 kB
Active(file):    1097692 kB
Inactive(file):   424780 kB
Unevictable:        6088 kB
Mlocked:            5648 kB
SwapTotal:       4718584 kB
SwapFree:        4627448 kB
Dirty:               132 kB
Writeback:             0 kB
AnonPages:       2345264 kB
Mapped:           801612 kB
Shmem:             22516 kB
KReclaimable:     878904 kB
Slab:             291436 kB
SReclaimable:      72156 kB
SUnreclaim:       219280 kB
KernelStack:       44560 kB
ShadowCallStack:   11160 kB
PageTables:        65604 kB
NFS_Unstable:          0 kB
Bounce:                0 kB
WritebackTmp:          0 kB
CommitLimit:     8679780 kB
Committed_AS:   62589836 kB
VmallocTotal:   263061440 kB
VmallocUsed:      124788 kB
VmallocChunk:          0 kB
Percpu:             6264 kB
CmaTotal:         405504 kB
CmaFree:           29932 kB
MemTotal:        7922396 kB
MemFree:          578668 kB
MemAvailable:    2541784 kB
Buffers:           54900 kB
Cached:          1494704 kB
SwapCached:         1136 kB
Active:          1158552 kB
Inactive:        2755736 kB
Active(anon):      60860 kB
Inactive(anon):  2330956 kB
Active(file):    1097692 kB
Inactive(file):   424780 kB
Unevictable:        6088 kB
Mlocked:            5648 kB
SwapTotal:       4718584 kB
SwapFree:        4627448 kB
Dirty:                 0 kB
Writeback:             0 kB
AnonPages:       2369556 kB
Mapped:           801804 kB
Shmem:             22532 kB
KReclaimable:     830916 kB
Slab:             291436 kB
SReclaimable:      72156 kB
SUnreclaim:       219280 kB
KernelStack:       44656 kB
ShadowCallStack:   11180 kB
PageTables:        65680 kB
NFS_Unstable:          0 kB
Bounce:                0 kB
WritebackTmp:          0 kB
CommitLimit:     8679780 kB
Committed_AS:   62590076 kB
VmallocTotal:   263061440 kB
VmallocUsed:      124804 kB
VmallocChunk:          0 kB
Percpu:             6264 kB
CmaTotal:         405504 kB
CmaFree:           29928 kB
MemTotal:        7922396 kB
MemFree:          514024 kB
MemAvailable:    2382120 kB
Buffers:           54900 kB
Cached:          1494832 kB
SwapCached:         1136 kB
Active:          1158556 kB
Inactive:        2819416 kB
Active(anon):      60864 kB
Inactive(anon):  2394636 kB
Active(file):    1097692 kB
Inactive(file):   424780 kB
Unevictable:        6088 kB
Mlocked:            5648 kB
SwapTotal:       4718584 kB
SwapFree:        4627448 kB
Dirty:                20 kB
Writeback:             0 kB
AnonPages:       2433196 kB
Mapped:           802136 kB
Shmem:             22660 kB
KReclaimable:     735896 kB
Slab:             291516 kB
SReclaimable:      72156 kB
SUnreclaim:       219360 kB
KernelStack:       44656 kB
ShadowCallStack:   11188 kB
PageTables:        65608 kB
NFS_Unstable:          0 kB
Bounce:                0 kB
WritebackTmp:          0 kB
CommitLimit:     8679780 kB
Committed_AS:   62590216 kB
VmallocTotal:   263061440 kB
VmallocUsed:      124868 kB
VmallocChunk:          0 kB
Percpu:             6264 kB
CmaTotal:         405504 kB
CmaFree:           29928 kB
MemTotal:        7922396 kB
MemFree:          602884 kB
MemAvailable:    2613988 kB
Buffers:           54900 kB
Cached:          1494688 kB
SwapCached:         1136 kB
Active:          1158556 kB
Inactive:        2731440 kB
Active(anon):      60864 kB
Inactive(anon):  2306660 kB
Active(file):    1097692 kB
Inactive(file):   424780 kB
Unevictable:        6088 kB
Mlocked:            5648 kB
SwapTotal:       4718584 kB
SwapFree:        4627448 kB
Dirty:                36 kB
Writeback:             0 kB
AnonPages:       2345416 kB
Mapped:           801756 kB
Shmem:             22516 kB
KReclaimable:     878904 kB
Slab:             291476 kB
SReclaimable:      72156 kB
SUnreclaim:       219320 kB
KernelStack:       44592 kB
ShadowCallStack:   11176 kB
PageTables:        65384 kB
NFS_Unstable:          0 kB
Bounce:                0 kB
WritebackTmp:          0 kB
CommitLimit:     8679780 kB
Committed_AS:   62589836 kB
VmallocTotal:   263061440 kB
VmallocUsed:      124768 kB
VmallocChunk:          0 kB
Percpu:             6264 kB
CmaTotal:         405504 kB
CmaFree:           29928 kB
MemTotal:        7922396 kB
MemFree:          602316 kB
MemAvailable:    2613428 kB
Buffers:           54908 kB
Cached:          1494688 kB
SwapCached:         1136 kB
Active:          1158560 kB
Inactive:        2731976 kB
Active(anon):      60860 kB
Inactive(anon):  2307196 kB
Active(file):    1097700 kB
Inactive(file):   424780 kB
Unevictable:        6088 kB
Mlocked:            5648 kB
SwapTotal:       4718584 kB
SwapFree:        4627448 kB
Dirty:                92 kB
Writeback:             0 kB
AnonPages:       2346036 kB
Mapped:           801712 kB
Shmem:             22516 kB
KReclaimable:     878904 kB
Slab:             291480 kB
SReclaimable:      72156 kB
SUnreclaim:       219324 kB
KernelStack:       44576 kB
ShadowCallStack:   11168 kB
PageTables:        65596 kB
NFS_Unstable:          0 kB
Bounce:                0 kB
WritebackTmp:          0 kB
CommitLimit:     8679780 kB
Committed_AS:   62589836 kB
VmallocTotal:   263061440 kB
VmallocUsed:      124768 kB
VmallocChunk:          0 kB
Percpu:             6264 kB
CmaTotal:         405504 kB
CmaFree:           29928 kB
MemTotal:        7922396 kB
MemFree:          602064 kB
MemAvailable:    2613184 kB
Buffers:           54916 kB
Cached:          1494688 kB
SwapCached:         1136 kB
Active:          1158572 kB
Inactive:        2732184 kB
Active(anon):      60864 kB
Inactive(anon):  2307404 kB
Active(file):    1097708 kB
Inactive(file):   424780 kB
Unevictable:        6088 kB
Mlocked:            5648 kB
SwapTotal:       4718584 kB
SwapFree:        4627448 kB
Dirty:               104 kB
Writeback:             0 kB
AnonPages:       2346196 kB
Mapped:           801676 kB
Shmem:             22516 kB
KReclaimable:     878904 kB
Slab:             291484 kB
SReclaimable:      72156 kB
SUnreclaim:       219328 kB
KernelStack:       44608 kB
ShadowCallStack:   11180 kB
PageTables:        65496 kB
NFS_Unstable:          0 kB
Bounce:                0 kB
WritebackTmp:          0 kB
CommitLimit:     8679780 kB
Committed_AS:   62589836 kB
VmallocTotal:   263061440 kB
VmallocUsed:      124772 kB
VmallocChunk:          0 kB
Percpu:             6264 kB
CmaTotal:         405504 kB
CmaFree:           29928 kB
MemTotal:        7922396 kB
MemFree:          601512 kB
MemAvailable:    2612636 kB
Buffers:           54916 kB
Cached:          1494692 kB
SwapCached:         1136 kB
Active:          1158568 kB
Inactive:        2732588 kB
Active(anon):      60860 kB
Inactive(anon):  2307804 kB
Active(file):    1097708 kB
Inactive(file):   424784 kB
Unevictable:        6088 kB
Mlocked:            5648 kB
SwapTotal:       4718584 kB
SwapFree:        4627448 kB
Dirty:               112 kB
Writeback:             0 kB
AnonPages:       2346532 kB
Mapped:           801652 kB
Shmem:             22516 kB
KReclaimable:     878904 kB
Slab:             291488 kB
SReclaimable:      72156 kB
SUnreclaim:       219332 kB
KernelStack:       44608 kB
ShadowCallStack:   11172 kB
PageTables:        65492 kB
NFS_Unstable:          0 kB
Bounce:                0 kB
WritebackTmp:          0 kB
CommitLimit:     8679780 kB
Committed_AS:   62589836 kB
VmallocTotal:   263061440 kB
VmallocUsed:      124768 kB
VmallocChunk:          0 kB
Percpu:             6264 kB
CmaTotal:         405504 kB
CmaFree:           29928 kB
MemTotal:        7922396 kB
MemFree:          601844 kB
MemAvailable:    2612968 kB
Buffers:           54916 kB
Cached:          1494692 kB
SwapCached:         1136 kB
Active:          1158572 kB
Inactive:        2733448 kB
Active(anon):      60864 kB
Inactive(anon):  2308664 kB
Active(file):    1097708 kB
Inactive(file):   424784 kB
Unevictable:        6088 kB
Mlocked:            5648 kB
SwapTotal:       4718584 kB
SwapFree:        4627448 kB
Dirty:                56 kB
Writeback:             0 kB
AnonPages:       2347288 kB
Mapped:           801644 kB
Shmem:             22516 kB
KReclaimable:     878904 kB
Slab:             291484 kB
SReclaimable:      72156 kB
SUnreclaim:       219328 kB
KernelStack:       44592 kB
ShadowCallStack:   11168 kB
PageTables:        65652 kB
NFS_Unstable:          0 kB
Bounce:                0 kB
WritebackTmp:          0 kB
CommitLimit:     8679780 kB
Committed_AS:   62589840 kB
VmallocTotal:   263061440 kB
VmallocUsed:      124764 kB
VmallocChunk:          0 kB
Percpu:             6264 kB
CmaTotal:         405504 kB
CmaFree:           29928 kB
MemTotal:        7922396 kB
MemFree:          600772 kB
MemAvailable:    2611896 kB
Buffers:           54916 kB
Cached:          1494692 kB
SwapCached:         1136 kB
Active:          1158576 kB
Inactive:        2733452 kB
Active(anon):      60868 kB
Inactive(anon):  2308668 kB
Active(file):    1097708 kB
Inactive(file):   424784 kB
Unevictable:        6088 kB
Mlocked:            5648 kB
SwapTotal:       4718584 kB
SwapFree:        4627448 kB
Dirty:                72 kB
Writeback:             0 kB
AnonPages:       2347440 kB
Mapped:           801876 kB
Shmem:             22516 kB
KReclaimable:     878904 kB
Slab:             291496 kB
SReclaimable:      72156 kB
SUnreclaim:       219340 kB
KernelStack:       44576 kB
ShadowCallStack:   11164 kB
PageTables:        65464 kB
NFS_Unstable:          0 kB
Bounce:                0 kB
WritebackTmp:          0 kB
CommitLimit:     8679780 kB
Committed_AS:   62589836 kB
VmallocTotal:   263061440 kB
VmallocUsed:      124732 kB
VmallocChunk:          0 kB
Percpu:             6264 kB
CmaTotal:         405504 kB
CmaFree:           29928 kB
MemTotal:        7922396 kB
MemFree:          600268 kB
MemAvailable:    2611392 kB
Buffers:           54916 kB
Cached:          1494692 kB
SwapCached:         1136 kB
Active:          1158568 kB
Inactive:        2733808 kB
Active(anon):      60860 kB
Inactive(anon):  2309024 kB
Active(file):    1097708 kB
Inactive(file):   424784 kB
Unevictable:        6088 kB
Mlocked:            5648 kB
SwapTotal:       4718584 kB
SwapFree:        4627448 kB
Dirty:                88 kB
Writeback:             0 kB
AnonPages:       2347620 kB
Mapped:           801644 kB
Shmem:             22516 kB
KReclaimable:     878904 kB
Slab:             291508 kB
SReclaimable:      72156 kB
SUnreclaim:       219352 kB
KernelStack:       44560 kB
ShadowCallStack:   11160 kB
PageTables:        65464 kB
NFS_Unstable:          0 kB
Bounce:                0 kB
WritebackTmp:          0 kB
CommitLimit:     8679780 kB
Committed_AS:   62589836 kB
VmallocTotal:   263061440 kB
VmallocUsed:      124732 kB
VmallocChunk:          0 kB
Percpu:             6264 kB
CmaTotal:         405504 kB
CmaFree:           29928 kB
MemTotal:        7922396 kB
MemFree:          614112 kB
MemAvailable:    2625260 kB
Buffers:           54940 kB
Cached:          1494004 kB
SwapCached:         1136 kB
Active:          1158584 kB
Inactive:        2719980 kB
Active(anon):      60852 kB
Inactive(anon):  2295196 kB
Active(file):    1097732 kB
Inactive(file):   424784 kB
Unevictable:        6088 kB
Mlocked:            5648 kB
SwapTotal:       4718584 kB
SwapFree:        4627448 kB
Dirty:               152 kB
Writeback:             0 kB
AnonPages:       2335024 kB
Mapped:           800956 kB
Shmem:             21828 kB
KReclaimable:     878904 kB
Slab:             291468 kB
SReclaimable:      72156 kB
SUnreclaim:       219312 kB
KernelStack:       44560 kB
ShadowCallStack:   11164 kB
PageTables:        65396 kB
NFS_Unstable:          0 kB
Bounce:                0 kB
WritebackTmp:          0 kB
CommitLimit:     8679780 kB
Committed_AS:   62581644 kB
VmallocTotal:   263061440 kB
VmallocUsed:      124744 kB
VmallocChunk:          0 kB
Percpu:             6264 kB
CmaTotal:         405504 kB
CmaFree:           29904 kB
MemTotal:        7922396 kB
MemFree:          613472 kB
MemAvailable:    2624620 kB
Buffers:           54940 kB
Cached:          1493668 kB
SwapCached:         1136 kB
Active:          1158600 kB
Inactive:        2720408 kB
Active(anon):      60868 kB
Inactive(anon):  2295624 kB
Active(file):    1097732 kB
Inactive(file):   424784 kB
Unevictable:        6088 kB
Mlocked:            5648 kB
SwapTotal:       4718584 kB
SwapFree:        4627448 kB
Dirty:               156 kB
Writeback:             0 kB
AnonPages:       2335448 kB
Mapped:           800760 kB
Shmem:             21492 kB
KReclaimable:     878904 kB
Slab:             291468 kB
SReclaimable:      72156 kB
SUnreclaim:       219312 kB
KernelStack:       44608 kB
ShadowCallStack:   11148 kB
PageTables:        65412 kB
NFS_Unstable:          0 kB
Bounce:                0 kB
WritebackTmp:          0 kB
CommitLimit:     8679780 kB
Committed_AS:   62581644 kB
VmallocTotal:   263061440 kB
VmallocUsed:      124768 kB
VmallocChunk:          0 kB
Percpu:             6264 kB
CmaTotal:         405504 kB
CmaFree:           29928 kB
MemTotal:        7922396 kB
MemFree:          612460 kB
MemAvailable:    2623608 kB
Buffers:           54940 kB
Cached:          1493668 kB
SwapCached:         1136 kB
Active:          1158592 kB
Inactive:        2721120 kB
Active(anon):      60860 kB
Inactive(anon):  2296336 kB
Active(file):    1097732 kB
Inactive(file):   424784 kB
Unevictable:        6088 kB
Mlocked:            5648 kB
SwapTotal:       4718584 kB
SwapFree:        4627448 kB
Dirty:                52 kB
Writeback:           100 kB
AnonPages:       2336232 kB
Mapped:           800644 kB
Shmem:             21492 kB
KReclaimable:     878904 kB
Slab:             291464 kB
SReclaimable:      72156 kB
SUnreclaim:       219308 kB
KernelStack:       44560 kB
ShadowCallStack:   11156 kB
PageTables:        65420 kB
NFS_Unstable:          0 kB
Bounce:                0 kB
WritebackTmp:          0 kB
CommitLimit:     8679780 kB
Committed_AS:   62581648 kB
VmallocTotal:   263061440 kB
VmallocUsed:      124748 kB
VmallocChunk:          0 kB
Percpu:             6264 kB
CmaTotal:         405504 kB
CmaFree:           29928 kB
MemTotal:        7922396 kB
MemFree:          611908 kB
MemAvailable:    2623056 kB
Buffers:           54940 kB
Cached:          1493668 kB
SwapCached:         1136 kB
Active:          1158596 kB
Inactive:        2721520 kB
Active(anon):      60864 kB
Inactive(anon):  2296736 kB
Active(file):    1097732 kB
Inactive(file):   424784 kB
Unevictable:        6088 kB
Mlocked:            5648 kB
SwapTotal:       4718584 kB
SwapFree:        4627448 kB
Dirty:                84 kB
Writeback:             0 kB
AnonPages:       2336456 kB
Mapped:           800620 kB
Shmem:             21492 kB
KReclaimable:     878904 kB
Slab:             291460 kB
SReclaimable:      72156 kB
SUnreclaim:       219304 kB
KernelStack:       44576 kB
ShadowCallStack:   11168 kB
PageTables:        65492 kB
NFS_Unstable:          0 kB
Bounce:                0 kB
WritebackTmp:          0 kB
CommitLimit:     8679780 kB
Committed_AS:   62581644 kB
VmallocTotal:   263061440 kB
VmallocUsed:      124732 kB
VmallocChunk:          0 kB
Percpu:             6264 kB
CmaTotal:         405504 kB
CmaFree:           29928 kB
MemTotal:        7922396 kB
MemFree:          611940 kB
MemAvailable:    2623088 kB
Buffers:           54940 kB
Cached:          1493668 kB
SwapCached:         1136 kB
Active:          1158592 kB
Inactive:        2721568 kB
Active(anon):      60860 kB
Inactive(anon):  2296784 kB
Active(file):    1097732 kB
Inactive(file):   424784 kB
Unevictable:        6088 kB
Mlocked:            5648 kB
SwapTotal:       4718584 kB
SwapFree:        4627448 kB
Dirty:                88 kB
Writeback:             0 kB
AnonPages:       2336592 kB
Mapped:           800620 kB
Shmem:             21492 kB
KReclaimable:     878904 kB
Slab:             291464 kB
SReclaimable:      72156 kB
SUnreclaim:       219308 kB
KernelStack:       44528 kB
ShadowCallStack:   11160 kB
PageTables:        65460 kB
NFS_Unstable:          0 kB
Bounce:                0 kB
WritebackTmp:          0 kB
CommitLimit:     8679780 kB
Committed_AS:   62581644 kB
VmallocTotal:   263061440 kB
VmallocUsed:      124736 kB
VmallocChunk:          0 kB
Percpu:             6264 kB
CmaTotal:         405504 kB
CmaFree:           29928 kB
MemTotal:        7922396 kB
MemFree:          611152 kB
MemAvailable:    2622308 kB
Buffers:           54948 kB
Cached:          1493668 kB
SwapCached:         1136 kB
Active:          1158604 kB
Inactive:        2723436 kB
Active(anon):      60864 kB
Inactive(anon):  2298652 kB
Active(file):    1097740 kB
Inactive(file):   424784 kB
Unevictable:        6088 kB
Mlocked:            5648 kB
SwapTotal:       4718584 kB
SwapFree:        4627448 kB
Dirty:                96 kB
Writeback:             0 kB
AnonPages:       2338384 kB
Mapped:           800620 kB
Shmem:             21492 kB
KReclaimable:     878904 kB
Slab:             291464 kB
SReclaimable:      72156 kB
SUnreclaim:       219308 kB
KernelStack:       44608 kB
ShadowCallStack:   11176 kB
PageTables:        65636 kB
NFS_Unstable:          0 kB
Bounce:                0 kB
WritebackTmp:          0 kB
CommitLimit:     8679780 kB
Committed_AS:   62581748 kB
VmallocTotal:   263061440 kB
VmallocUsed:      124756 kB
VmallocChunk:          0 kB
Percpu:             6264 kB
CmaTotal:         405504 kB
CmaFree:           29928 kB
MemTotal:        7922396 kB
MemFree:          609764 kB
MemAvailable:    2620920 kB
Buffers:           54948 kB
Cached:          1493668 kB
SwapCached:         1136 kB
Active:          1158600 kB
Inactive:        2724064 kB
Active(anon):      60860 kB
Inactive(anon):  2299280 kB
Active(file):    1097740 kB
Inactive(file):   424784 kB
Unevictable:        6088 kB
Mlocked:            5648 kB
SwapTotal:       4718584 kB
SwapFree:        4627448 kB
Dirty:               100 kB
Writeback:             0 kB
AnonPages:       2339040 kB
