MemTotal:       12113136 kB
MemFree:         4264668 kB
MemAvailable:    7612356 kB
Buffers:            6648 kB
Cached:          2516776 kB
SwapCached:            0 kB
Active:          1827100 kB
Inactive:        2144196 kB
Active(anon):    1457040 kB
Inactive(anon):    34188 kB
Active(file):     370060 kB
Inactive(file):  2110008 kB
Unevictable:        5564 kB
Mlocked:            5564 kB
SwapTotal:       3145724 kB
SwapFree:        3145724 kB
Dirty:               200 kB
Writeback:             0 kB
AnonPages:       1453580 kB
Mapped:           981012 kB
Shmem:             38880 kB
KReclaimable:    1736324 kB
Slab:             272252 kB
SReclaimable:     117364 kB
SUnreclaim:       154888 kB
KernelStack:       50416 kB
PageTables:        71064 kB
NFS_Unstable:          0 kB
Bounce:                0 kB
WritebackTmp:          0 kB
CommitLimit:     9202292 kB
Committed_AS:   77574400 kB
VmallocTotal:   263061440 kB
VmallocUsed:      107648 kB
VmallocChunk:          0 kB
Percpu:             7648 kB
CmaTotal:         294912 kB
CmaFree:               0 kB
MemTotal:       12113136 kB
MemFree:         4264872 kB
MemAvailable:    7612636 kB
Buffers:            6648 kB
Cached:          2516852 kB
SwapCached:            0 kB
Active:          1826100 kB
Inactive:        2144240 kB
Active(anon):    1456008 kB
Inactive(anon):    34188 kB
Active(file):     370092 kB
Inactive(file):  2110052 kB
Unevictable:        5564 kB
Mlocked:            5564 kB
SwapTotal:       3145724 kB
SwapFree:        3145724 kB
Dirty:               304 kB
Writeback:             0 kB
AnonPages:       1452452 kB
Mapped:           981008 kB
Shmem:             38880 kB
KReclaimable:    1736324 kB
Slab:             272260 kB
SReclaimable:     117364 kB
SUnreclaim:       154896 kB
KernelStack:       50416 kB
PageTables:        71036 kB
NFS_Unstable:          0 kB
Bounce:                0 kB
WritebackTmp:          0 kB
CommitLimit:     9202292 kB
Committed_AS:   77583904 kB
VmallocTotal:   263061440 kB
VmallocUsed:      107648 kB
VmallocChunk:          0 kB
Percpu:             7648 kB
CmaTotal:         294912 kB
CmaFree:               0 kB
MemTotal:       12113136 kB
MemFree:         4262904 kB
MemAvailable:    7610676 kB
Buffers:            6648 kB
Cached:          2516860 kB
SwapCached:            0 kB
Active:          1827616 kB
Inactive:        2144248 kB
Active(anon):    1457524 kB
Inactive(anon):    34188 kB
Active(file):     370092 kB
Inactive(file):  2110060 kB
Unevictable:        5564 kB
Mlocked:            5564 kB
SwapTotal:       3145724 kB
SwapFree:        3145724 kB
Dirty:               328 kB
Writeback:             0 kB
AnonPages:       1454040 kB
Mapped:           981012 kB
Shmem:             38880 kB
KReclaimable:    1736324 kB
Slab:             272252 kB
SReclaimable:     117364 kB
SUnreclaim:       154888 kB
KernelStack:       50448 kB
PageTables:        71228 kB
NFS_Unstable:          0 kB
Bounce:                0 kB
WritebackTmp:          0 kB
CommitLimit:     9202292 kB
Committed_AS:   77578500 kB
VmallocTotal:   263061440 kB
VmallocUsed:      107648 kB
VmallocChunk:          0 kB
Percpu:             7648 kB
CmaTotal:         294912 kB
CmaFree:               0 kB
MemTotal:       12113136 kB
MemFree:         4261412 kB
MemAvailable:    7609196 kB
Buffers:            6648 kB
Cached:          2516872 kB
SwapCached:            0 kB
Active:          1828948 kB
Inactive:        2144260 kB
Active(anon):    1458856 kB
Inactive(anon):    34188 kB
Active(file):     370092 kB
Inactive(file):  2110072 kB
Unevictable:        5564 kB
Mlocked:            5564 kB
SwapTotal:       3145724 kB
SwapFree:        3145724 kB
Dirty:               372 kB
Writeback:             0 kB
AnonPages:       1455360 kB
Mapped:           980996 kB
Shmem:             38880 kB
KReclaimable:    1736324 kB
Slab:             272252 kB
SReclaimable:     117364 kB
SUnreclaim:       154888 kB
KernelStack:       50432 kB
PageTables:        71156 kB
NFS_Unstable:          0 kB
Bounce:                0 kB
WritebackTmp:          0 kB
CommitLimit:     9202292 kB
Committed_AS:   77575548 kB
VmallocTotal:   263061440 kB
VmallocUsed:      107648 kB
VmallocChunk:          0 kB
Percpu:             7648 kB
CmaTotal:         294912 kB
CmaFree:               0 kB
MemTotal:       12113136 kB
MemFree:         4261580 kB
MemAvailable:    7609384 kB
Buffers:            6648 kB
Cached:          2516892 kB
SwapCached:            0 kB
Active:          1829588 kB
Inactive:        2144280 kB
Active(anon):    1459496 kB
Inactive(anon):    34188 kB
Active(file):     370092 kB
Inactive(file):  2110092 kB
Unevictable:        5564 kB
Mlocked:            5564 kB
SwapTotal:       3145724 kB
SwapFree:        3145724 kB
Dirty:               412 kB
Writeback:             0 kB
AnonPages:       1456016 kB
Mapped:           981120 kB
Shmem:             38880 kB
KReclaimable:    1736324 kB
Slab:             272252 kB
SReclaimable:     117364 kB
SUnreclaim:       154888 kB
KernelStack:       50464 kB
PageTables:        71124 kB
NFS_Unstable:          0 kB
Bounce:                0 kB
WritebackTmp:          0 kB
CommitLimit:     9202292 kB
Committed_AS:   77564188 kB
VmallocTotal:   263061440 kB
VmallocUsed:      107616 kB
VmallocChunk:          0 kB
Percpu:             7648 kB
CmaTotal:         294912 kB
CmaFree:               0 kB
MemTotal:       12113136 kB
MemFree:         4261012 kB
MemAvailable:    7608828 kB
Buffers:            6648 kB
Cached:          2516904 kB
SwapCached:            0 kB
Active:          1830568 kB
Inactive:        2144292 kB
Active(anon):    1460476 kB
Inactive(anon):    34188 kB
Active(file):     370092 kB
Inactive(file):  2110104 kB
Unevictable:        5564 kB
Mlocked:            5564 kB
SwapTotal:       3145724 kB
SwapFree:        3145724 kB
Dirty:               476 kB
Writeback:             0 kB
AnonPages:       1457288 kB
Mapped:           981012 kB
Shmem:             38880 kB
KReclaimable:    1736324 kB
Slab:             272252 kB
SReclaimable:     117364 kB
SUnreclaim:       154888 kB
KernelStack:       50416 kB
PageTables:        71040 kB
NFS_Unstable:          0 kB
Bounce:                0 kB
WritebackTmp:          0 kB
CommitLimit:     9202292 kB
Committed_AS:   77570100 kB
VmallocTotal:   263061440 kB
VmallocUsed:      107712 kB
VmallocChunk:          0 kB
Percpu:             7648 kB
CmaTotal:         294912 kB
CmaFree:               0 kB
MemTotal:       12113136 kB
MemFree:         4260096 kB
MemAvailable:    7607912 kB
Buffers:            6648 kB
Cached:          2516904 kB
SwapCached:            0 kB
Active:          1834704 kB
Inactive:        2144292 kB
Active(anon):    1464612 kB
Inactive(anon):    34188 kB
Active(file):     370092 kB
Inactive(file):  2110104 kB
Unevictable:        5564 kB
Mlocked:            5564 kB
SwapTotal:       3145724 kB
SwapFree:        3145724 kB
Dirty:               560 kB
Writeback:             0 kB
AnonPages:       1461180 kB
Mapped:           981020 kB
Shmem:             38880 kB
KReclaimable:    1736324 kB
Slab:             272260 kB
SReclaimable:     117364 kB
SUnreclaim:       154896 kB
KernelStack:       50416 kB
PageTables:        71044 kB
NFS_Unstable:          0 kB
Bounce:                0 kB
WritebackTmp:          0 kB
CommitLimit:     9202292 kB
Committed_AS:   77580380 kB
VmallocTotal:   263061440 kB
VmallocUsed:      107696 kB
VmallocChunk:          0 kB
Percpu:             7648 kB
CmaTotal:         294912 kB
CmaFree:               0 kB
MemTotal:       12113136 kB
MemFree:         4255884 kB
MemAvailable:    7603716 kB
Buffers:            6648 kB
Cached:          2516920 kB
SwapCached:            0 kB
Active:          1835448 kB
Inactive:        2144308 kB
Active(anon):    1465356 kB
Inactive(anon):    34188 kB
Active(file):     370092 kB
Inactive(file):  2110120 kB
Unevictable:        5564 kB
Mlocked:            5564 kB
SwapTotal:       3145724 kB
SwapFree:        3145724 kB
Dirty:               596 kB
Writeback:             0 kB
AnonPages:       1461912 kB
Mapped:           981020 kB
Shmem:             38880 kB
KReclaimable:    1736324 kB
Slab:             272260 kB
SReclaimable:     117364 kB
SUnreclaim:       154896 kB
KernelStack:       50416 kB
PageTables:        71044 kB
NFS_Unstable:          0 kB
Bounce:                0 kB
WritebackTmp:          0 kB
CommitLimit:     9202292 kB
Committed_AS:   77572288 kB
VmallocTotal:   263061440 kB
VmallocUsed:      107664 kB
VmallocChunk:          0 kB
Percpu:             7648 kB
CmaTotal:         294912 kB
CmaFree:               0 kB
MemTotal:       12113136 kB
MemFree:         4255184 kB
MemAvailable:    7603036 kB
Buffers:            6648 kB
Cached:          2516940 kB
SwapCached:            0 kB
Active:          1837000 kB
Inactive:        2144328 kB
Active(anon):    1466908 kB
Inactive(anon):    34188 kB
Active(file):     370092 kB
Inactive(file):  2110140 kB
Unevictable:        5564 kB
Mlocked:            5564 kB
SwapTotal:       3145724 kB
SwapFree:        3145724 kB
Dirty:               248 kB
Writeback:             0 kB
AnonPages:       1462852 kB
Mapped:           981008 kB
Shmem:             38880 kB
KReclaimable:    1736324 kB
Slab:             272272 kB
SReclaimable:     117364 kB
SUnreclaim:       154908 kB
KernelStack:       50416 kB
PageTables:        71044 kB
NFS_Unstable:          0 kB
Bounce:                0 kB
WritebackTmp:          0 kB
CommitLimit:     9202292 kB
Committed_AS:   77572024 kB
VmallocTotal:   263061440 kB
VmallocUsed:      107664 kB
VmallocChunk:          0 kB
Percpu:             7648 kB
CmaTotal:         294912 kB
CmaFree:               0 kB
MemTotal:       12113136 kB
MemFree:         4252504 kB
MemAvailable:    7600380 kB
Buffers:            6648 kB
Cached:          2516964 kB
SwapCached:            0 kB
Active:          1838244 kB
Inactive:        2144348 kB
Active(anon):    1468148 kB
Inactive(anon):    34188 kB
Active(file):     370096 kB
Inactive(file):  2110160 kB
Unevictable:        5564 kB
Mlocked:            5564 kB
SwapTotal:       3145724 kB
SwapFree:        3145724 kB
Dirty:               332 kB
Writeback:             0 kB
AnonPages:       1464184 kB
Mapped:           981024 kB
Shmem:             38880 kB
KReclaimable:    1736324 kB
Slab:             272288 kB
SReclaimable:     117364 kB
SUnreclaim:       154924 kB
KernelStack:       50416 kB
PageTables:        71036 kB
NFS_Unstable:          0 kB
Bounce:                0 kB
WritebackTmp:          0 kB
CommitLimit:     9202292 kB
Committed_AS:   77565728 kB
VmallocTotal:   263061440 kB
VmallocUsed:      107648 kB
VmallocChunk:          0 kB
Percpu:             7648 kB
CmaTotal:         294912 kB
CmaFree:               0 kB
MemTotal:       12113136 kB
MemFree:         4271664 kB
MemAvailable:    7619548 kB
Buffers:            6648 kB
Cached:          2516972 kB
SwapCached:            0 kB
Active:          1819192 kB
Inactive:        2144360 kB
Active(anon):    1449100 kB
Inactive(anon):    34188 kB
Active(file):     370092 kB
Inactive(file):  2110172 kB
Unevictable:        5564 kB
Mlocked:            5564 kB
SwapTotal:       3145724 kB
SwapFree:        3145724 kB
Dirty:               376 kB
Writeback:             0 kB
AnonPages:       1445796 kB
Mapped:           981020 kB
Shmem:             38880 kB
KReclaimable:    1736324 kB
Slab:             272272 kB
SReclaimable:     117364 kB
SUnreclaim:       154908 kB
KernelStack:       50400 kB
PageTables:        70904 kB
NFS_Unstable:          0 kB
Bounce:                0 kB
WritebackTmp:          0 kB
CommitLimit:     9202292 kB
Committed_AS:   77570776 kB
VmallocTotal:   263061440 kB
VmallocUsed:      107616 kB
VmallocChunk:          0 kB
Percpu:             7648 kB
CmaTotal:         294912 kB
CmaFree:               0 kB
MemTotal:       12113136 kB
MemFree:         4270184 kB
MemAvailable:    7618072 kB
Buffers:            6648 kB
Cached:          2516976 kB
SwapCached:            0 kB
Active:          1820612 kB
Inactive:        2144364 kB
Active(anon):    1450520 kB
Inactive(anon):    34188 kB
Active(file):     370092 kB
Inactive(file):  2110176 kB
Unevictable:        5564 kB
Mlocked:            5564 kB
SwapTotal:       3145724 kB
SwapFree:        3145724 kB
Dirty:               364 kB
Writeback:             0 kB
AnonPages:       1446972 kB
Mapped:           981036 kB
Shmem:             38880 kB
KReclaimable:    1736324 kB
Slab:             272288 kB
SReclaimable:     117364 kB
SUnreclaim:       154924 kB
KernelStack:       50416 kB
PageTables:        71036 kB
NFS_Unstable:          0 kB
Bounce:                0 kB
WritebackTmp:          0 kB
CommitLimit:     9202292 kB
Committed_AS:   77560408 kB
VmallocTotal:   263061440 kB
VmallocUsed:      107632 kB
VmallocChunk:          0 kB
Percpu:             7648 kB
CmaTotal:         294912 kB
CmaFree:               0 kB
MemTotal:       12113136 kB
MemFree:         4269780 kB
MemAvailable:    7617692 kB
Buffers:            6648 kB
Cached:          2517000 kB
SwapCached:            0 kB
Active:          1821964 kB
Inactive:        2144384 kB
Active(anon):    1451868 kB
Inactive(anon):    34188 kB
Active(file):     370096 kB
Inactive(file):  2110196 kB
Unevictable:        5564 kB
Mlocked:            5564 kB
SwapTotal:       3145724 kB
SwapFree:        3145724 kB
Dirty:               472 kB
Writeback:             0 kB
AnonPages:       1448340 kB
Mapped:           981016 kB
Shmem:             38880 kB
KReclaimable:    1736324 kB
Slab:             272288 kB
SReclaimable:     117364 kB
SUnreclaim:       154924 kB
KernelStack:       50448 kB
PageTables:        71132 kB
NFS_Unstable:          0 kB
Bounce:                0 kB
WritebackTmp:          0 kB
CommitLimit:     9202292 kB
Committed_AS:   77564312 kB
VmallocTotal:   263061440 kB
VmallocUsed:      107600 kB
VmallocChunk:          0 kB
Percpu:             7648 kB
CmaTotal:         294912 kB
CmaFree:               0 kB
MemTotal:       12113136 kB
MemFree:         4268212 kB
MemAvailable:    7616160 kB
Buffers:            6656 kB
Cached:          2517028 kB
SwapCached:            0 kB
Active:          1822912 kB
Inactive:        2144412 kB
Active(anon):    1452808 kB
Inactive(anon):    34188 kB
Active(file):     370104 kB
Inactive(file):  2110224 kB
Unevictable:        5564 kB
Mlocked:            5564 kB
SwapTotal:       3145724 kB
SwapFree:        3145724 kB
Dirty:               276 kB
Writeback:             0 kB
AnonPages:       1449016 kB
Mapped:           981044 kB
Shmem:             38880 kB
KReclaimable:    1736324 kB
Slab:             272324 kB
SReclaimable:     117364 kB
SUnreclaim:       154960 kB
KernelStack:       50416 kB
PageTables:        71040 kB
NFS_Unstable:          0 kB
Bounce:                0 kB
WritebackTmp:          0 kB
CommitLimit:     9202292 kB
Committed_AS:   77564996 kB
VmallocTotal:   263061440 kB
VmallocUsed:      107664 kB
VmallocChunk:          0 kB
Percpu:             7648 kB
CmaTotal:         294912 kB
CmaFree:              12 kB
MemTotal:       12113136 kB
MemFree:         4267140 kB
MemAvailable:    7615108 kB
Buffers:            6656 kB
Cached:          2517064 kB
SwapCached:            0 kB
Active:          1824076 kB
Inactive:        2144444 kB
Active(anon):    1453968 kB
Inactive(anon):    34204 kB
Active(file):     370108 kB
Inactive(file):  2110240 kB
Unevictable:        5564 kB
Mlocked:            5564 kB
SwapTotal:       3145724 kB
SwapFree:        3145724 kB
Dirty:               328 kB
Writeback:             0 kB
AnonPages:       1450428 kB
Mapped:           981060 kB
Shmem:             38896 kB
KReclaimable:    1736324 kB
Slab:             272308 kB
SReclaimable:     117364 kB
SUnreclaim:       154944 kB
KernelStack:       50384 kB
PageTables:        71036 kB
NFS_Unstable:          0 kB
Bounce:                0 kB
WritebackTmp:          0 kB
CommitLimit:     9202292 kB
Committed_AS:   77565080 kB
VmallocTotal:   263061440 kB
VmallocUsed:      107648 kB
VmallocChunk:          0 kB
Percpu:             7648 kB
CmaTotal:         294912 kB
CmaFree:               0 kB
MemTotal:       12113136 kB
MemFree:         4267952 kB
MemAvailable:    7615928 kB
Buffers:            6656 kB
Cached:          2517072 kB
SwapCached:            0 kB
Active:          1824664 kB
Inactive:        2144456 kB
Active(anon):    1454560 kB
Inactive(anon):    34204 kB
Active(file):     370104 kB
Inactive(file):  2110252 kB
Unevictable:        5564 kB
Mlocked:            5564 kB
SwapTotal:       3145724 kB
SwapFree:        3145724 kB
Dirty:               384 kB
Writeback:             0 kB
AnonPages:       1451096 kB
Mapped:           981056 kB
Shmem:             38896 kB
KReclaimable:    1736324 kB
Slab:             272340 kB
SReclaimable:     117364 kB
SUnreclaim:       154976 kB
KernelStack:       50416 kB
PageTables:        71092 kB
NFS_Unstable:          0 kB
Bounce:                0 kB
WritebackTmp:          0 kB
CommitLimit:     9202292 kB
Committed_AS:   77570320 kB
VmallocTotal:   263061440 kB
VmallocUsed:      107648 kB
VmallocChunk:          0 kB
Percpu:             7648 kB
CmaTotal:         294912 kB
CmaFree:               0 kB
MemTotal:       12113136 kB
MemFree:         4267628 kB
MemAvailable:    7615620 kB
Buffers:            6656 kB
Cached:          2517088 kB
SwapCached:            0 kB
Active:          1823588 kB
Inactive:        2144472 kB
Active(anon):    1453484 kB
Inactive(anon):    34204 kB
Active(file):     370104 kB
Inactive(file):  2110268 kB
Unevictable:        5564 kB
Mlocked:            5564 kB
SwapTotal:       3145724 kB
SwapFree:        3145724 kB
Dirty:               436 kB
Writeback:             0 kB
AnonPages:       1449812 kB
Mapped:           981060 kB
Shmem:             38896 kB
KReclaimable:    1736324 kB
Slab:             272292 kB
SReclaimable:     117364 kB
SUnreclaim:       154928 kB
KernelStack:       50480 kB
PageTables:        70956 kB
NFS_Unstable:          0 kB
Bounce:                0 kB
WritebackTmp:          0 kB
CommitLimit:     9202292 kB
Committed_AS:   77578076 kB
VmallocTotal:   263061440 kB
VmallocUsed:      107760 kB
VmallocChunk:          0 kB
Percpu:             7648 kB
CmaTotal:         294912 kB
CmaFree:               4 kB
MemTotal:       12113136 kB
MemFree:         4263540 kB
MemAvailable:    7611540 kB
Buffers:            6656 kB
Cached:          2517104 kB
SwapCached:            0 kB
Active:          1827660 kB
Inactive:        2144488 kB
Active(anon):    1457556 kB
Inactive(anon):    34212 kB
Active(file):     370104 kB
Inactive(file):  2110276 kB
Unevictable:        5564 kB
Mlocked:            5564 kB
SwapTotal:       3145724 kB
SwapFree:        3145724 kB
Dirty:               464 kB
Writeback:             0 kB
AnonPages:       1454024 kB
Mapped:           981084 kB
Shmem:             38904 kB
KReclaimable:    1736324 kB
Slab:             272308 kB
SReclaimable:     117364 kB
SUnreclaim:       154944 kB
KernelStack:       50480 kB
PageTables:        71052 kB
NFS_Unstable:          0 kB
Bounce:                0 kB
WritebackTmp:          0 kB
CommitLimit:     9202292 kB
Committed_AS:   77579932 kB
VmallocTotal:   263061440 kB
VmallocUsed:      107744 kB
VmallocChunk:          0 kB
Percpu:             7648 kB
CmaTotal:         294912 kB
CmaFree:               0 kB
MemTotal:       12113136 kB
MemFree:         4263160 kB
MemAvailable:    7611164 kB
Buffers:            6656 kB
Cached:          2517108 kB
SwapCached:            0 kB
Active:          1828608 kB
Inactive:        2144496 kB
Active(anon):    1458508 kB
Inactive(anon):    34212 kB
Active(file):     370100 kB
Inactive(file):  2110284 kB
Unevictable:        5564 kB
Mlocked:            5564 kB
SwapTotal:       3145724 kB
SwapFree:        3145724 kB
Dirty:               256 kB
Writeback:             0 kB
AnonPages:       1455052 kB
Mapped:           981076 kB
Shmem:             38904 kB
KReclaimable:    1736324 kB
Slab:             272252 kB
SReclaimable:     117364 kB
SUnreclaim:       154888 kB
KernelStack:       50480 kB
PageTables:        71040 kB
NFS_Unstable:          0 kB
Bounce:                0 kB
WritebackTmp:          0 kB
CommitLimit:     9202292 kB
Committed_AS:   77574948 kB
VmallocTotal:   263061440 kB
VmallocUsed:      107728 kB
VmallocChunk:          0 kB
Percpu:             7648 kB
CmaTotal:         294912 kB
CmaFree:               0 kB
MemTotal:       12113136 kB
MemFree:         4273340 kB
MemAvailable:    7621364 kB
Buffers:            6656 kB
Cached:          2517128 kB
SwapCached:            0 kB
Active:          1818320 kB
Inactive:        2144512 kB
Active(anon):    1448216 kB
Inactive(anon):    34212 kB
Active(file):     370104 kB
Inactive(file):  2110300 kB
Unevictable:        5564 kB
Mlocked:            5564 kB
SwapTotal:       3145724 kB
SwapFree:        3145724 kB
Dirty:               340 kB
Writeback:             0 kB
AnonPages:       1444580 kB
Mapped:           981076 kB
Shmem:             38904 kB
KReclaimable:    1736324 kB
Slab:             272268 kB
SReclaimable:     117364 kB
SUnreclaim:       154904 kB
KernelStack:       50480 kB
PageTables:        70872 kB
NFS_Unstable:          0 kB
Bounce:                0 kB
WritebackTmp:          0 kB
CommitLimit:     9202292 kB
Committed_AS:   77569980 kB
VmallocTotal:   263061440 kB
VmallocUsed:      107728 kB
VmallocChunk:          0 kB
Percpu:             7648 kB
CmaTotal:         294912 kB
CmaFree:               0 kB
MemTotal:       12113136 kB
MemFree:         4271980 kB
MemAvailable:    7620024 kB
Buffers:            6656 kB
Cached:          2517148 kB
SwapCached:            0 kB
Active:          1820920 kB
Inactive:        2144532 kB
Active(anon):    1450816 kB
Inactive(anon):    34212 kB
Active(file):     370104 kB
Inactive(file):  2110320 kB
Unevictable:        5564 kB
Mlocked:            5564 kB
SwapTotal:       3145724 kB
SwapFree:        3145724 kB
Dirty:               464 kB
Writeback:             0 kB
AnonPages:       1447056 kB
Mapped:           981088 kB
Shmem:             38904 kB
KReclaimable:    1736324 kB
Slab:             272236 kB
SReclaimable:     117364 kB
SUnreclaim:       154872 kB
KernelStack:       50464 kB
PageTables:        70896 kB
NFS_Unstable:          0 kB
Bounce:                0 kB
WritebackTmp:          0 kB
CommitLimit:     9202292 kB
Committed_AS:   77567408 kB
VmallocTotal:   263061440 kB
VmallocUsed:      107680 kB
VmallocChunk:          0 kB
Percpu:             7648 kB
CmaTotal:         294912 kB
CmaFree:               4 kB
MemTotal:       12113136 kB
MemFree:         4270580 kB
MemAvailable:    7618636 kB
Buffers:            6656 kB
Cached:          2517160 kB
SwapCached:            0 kB
Active:          1820792 kB
Inactive:        2144544 kB
Active(anon):    1450688 kB
Inactive(anon):    34212 kB
Active(file):     370104 kB
Inactive(file):  2110332 kB
Unevictable:        5564 kB
Mlocked:            5564 kB
SwapTotal:       3145724 kB
SwapFree:        3145724 kB
Dirty:               536 kB
Writeback:             0 kB
AnonPages:       1446428 kB
Mapped:           981084 kB
Shmem:             38904 kB
KReclaimable:    1736324 kB
Slab:             272252 kB
SReclaimable:     117364 kB
SUnreclaim:       154888 kB
KernelStack:       50480 kB
PageTables:        70960 kB
NFS_Unstable:          0 kB
Bounce:                0 kB
WritebackTmp:          0 kB
CommitLimit:     9202292 kB
Committed_AS:   77563860 kB
VmallocTotal:   263061440 kB
VmallocUsed:      107696 kB
VmallocChunk:          0 kB
Percpu:             7648 kB
CmaTotal:         294912 kB
CmaFree:               0 kB
MemTotal:       12113136 kB
MemFree:         4269048 kB
MemAvailable:    7617112 kB
Buffers:            6656 kB
Cached:          2517168 kB
SwapCached:            0 kB
Active:          1821416 kB
Inactive:        2144552 kB
Active(anon):    1451312 kB
Inactive(anon):    34212 kB
Active(file):     370104 kB
Inactive(file):  2110340 kB
Unevictable:        5564 kB
Mlocked:            5564 kB
SwapTotal:       3145724 kB
SwapFree:        3145724 kB
Dirty:               592 kB
Writeback:             0 kB
AnonPages:       1447780 kB
Mapped:           981088 kB
Shmem:             38904 kB
KReclaimable:    1736324 kB
Slab:             272244 kB
SReclaimable:     117364 kB
SUnreclaim:       154880 kB
KernelStack:       50448 kB
PageTables:        71004 kB
NFS_Unstable:          0 kB
Bounce:                0 kB
WritebackTmp:          0 kB
CommitLimit:     9202292 kB
Committed_AS:   77569104 kB
VmallocTotal:   263061440 kB
VmallocUsed:      107728 kB
VmallocChunk:          0 kB
Percpu:             7648 kB
CmaTotal:         294912 kB
CmaFree:               0 kB
MemTotal:       12113136 kB
MemFree:         4269092 kB
MemAvailable:    7617168 kB
Buffers:            6656 kB
Cached:          2517180 kB
SwapCached:            0 kB
Active:          1822756 kB
Inactive:        2144564 kB
Active(anon):    1452652 kB
Inactive(anon):    34212 kB
Active(file):     370104 kB
Inactive(file):  2110352 kB
Unevictable:        5564 kB
Mlocked:            5564 kB
SwapTotal:       3145724 kB
SwapFree:        3145724 kB
Dirty:               292 kB
Writeback:             0 kB
AnonPages:       1448832 kB
Mapped:           981208 kB
Shmem:             38904 kB
KReclaimable:    1736324 kB
Slab:             272264 kB
SReclaimable:     117364 kB
SUnreclaim:       154900 kB
KernelStack:       50464 kB
PageTables:        71008 kB
NFS_Unstable:          0 kB
Bounce:                0 kB
WritebackTmp:          0 kB
CommitLimit:     9202292 kB
Committed_AS:   77575184 kB
VmallocTotal:   263061440 kB
VmallocUsed:      107712 kB
VmallocChunk:          0 kB
Percpu:             7648 kB
CmaTotal:         294912 kB
CmaFree:               0 kB
MemTotal:       12113136 kB
MemFree:         4264880 kB
MemAvailable:    7612976 kB
Buffers:            6656 kB
Cached:          2517220 kB
SwapCached:            0 kB
Active:          1824360 kB
Inactive:        2144596 kB
Active(anon):    1454248 kB
Inactive(anon):    34232 kB
Active(file):     370112 kB
Inactive(file):  2110364 kB
Unevictable:        5564 kB
Mlocked:            5564 kB
SwapTotal:       3145724 kB
SwapFree:        3145724 kB
Dirty:               512 kB
Writeback:             0 kB
AnonPages:       1450736 kB
Mapped:           980352 kB
Shmem:             38924 kB
KReclaimable:    1736324 kB
Slab:             272252 kB
SReclaimable:     117364 kB
SUnreclaim:       154888 kB
KernelStack:       50560 kB
PageTables:        71052 kB
NFS_Unstable:          0 kB
Bounce:                0 kB
WritebackTmp:          0 kB
CommitLimit:     9202292 kB
Committed_AS:   77567040 kB
VmallocTotal:   263061440 kB
VmallocUsed:      107808 kB
VmallocChunk:          0 kB
Percpu:             7648 kB
CmaTotal:         294912 kB
CmaFree:               8 kB
MemTotal:       12113136 kB
MemFree:         4263056 kB
MemAvailable:    7611164 kB
Buffers:            6656 kB
Cached:          2517232 kB
SwapCached:            0 kB
Active:          1827740 kB
Inactive:        2144612 kB
Active(anon):    1457632 kB
Inactive(anon):    34232 kB
Active(file):     370108 kB
Inactive(file):  2110380 kB
Unevictable:        5564 kB
Mlocked:            5564 kB
SwapTotal:       3145724 kB
SwapFree:        3145724 kB
Dirty:               604 kB
Writeback:             0 kB
AnonPages:       1454112 kB
Mapped:           993664 kB
Shmem:             38924 kB
KReclaimable:    1736324 kB
Slab:             272252 kB
SReclaimable:     117364 kB
SUnreclaim:       154888 kB
KernelStack:       50608 kB
PageTables:        71224 kB
NFS_Unstable:          0 kB
Bounce:                0 kB
WritebackTmp:          0 kB
CommitLimit:     9202292 kB
Committed_AS:   77566928 kB
VmallocTotal:   263061440 kB
VmallocUsed:      107760 kB
VmallocChunk:          0 kB
Percpu:             7648 kB
CmaTotal:         294912 kB
CmaFree:               0 kB
MemTotal:       12113136 kB
MemFree:         4261124 kB
MemAvailable:    7609240 kB
Buffers:            6656 kB
Cached:          2517240 kB
SwapCached:            0 kB
Active:          1829164 kB
Inactive:        2144620 kB
Active(anon):    1459056 kB
Inactive(anon):    34232 kB
Active(file):     370108 kB
Inactive(file):  2110388 kB
Unevictable:        5564 kB
Mlocked:            5564 kB
SwapTotal:       3145724 kB
SwapFree:        3145724 kB
Dirty:               652 kB
Writeback:             0 kB
AnonPages:       1455512 kB
Mapped:           993660 kB
Shmem:             38924 kB
KReclaimable:    1736324 kB
Slab:             272252 kB
SReclaimable:     117364 kB
SUnreclaim:       154888 kB
KernelStack:       50612 kB
PageTables:        71008 kB
NFS_Unstable:          0 kB
Bounce:                0 kB
WritebackTmp:          0 kB
CommitLimit:     9202292 kB
Committed_AS:   77572412 kB
VmallocTotal:   263061440 kB
VmallocUsed:      107840 kB
VmallocChunk:          0 kB
Percpu:             7648 kB
CmaTotal:         294912 kB
CmaFree:               0 kB
MemTotal:       12113136 kB
MemFree:         4259584 kB
MemAvailable:    7607736 kB
Buffers:            6664 kB
Cached:          2517240 kB
SwapCached:            0 kB
Active:          1834104 kB
Inactive:        2144620 kB
Active(anon):    1463988 kB
Inactive(anon):    34204 kB
Active(file):     370116 kB
Inactive(file):  2110416 kB
Unevictable:        5564 kB
Mlocked:            5564 kB
SwapTotal:       3145724 kB
SwapFree:        3145724 kB
Dirty:               712 kB
Writeback:             0 kB
AnonPages:       1460392 kB
Mapped:           993648 kB
Shmem:             38896 kB
KReclaimable:    1736324 kB
Slab:             272252 kB
SReclaimable:     117364 kB
SUnreclaim:       154888 kB
KernelStack:       50576 kB
PageTables:        71244 kB
NFS_Unstable:          0 kB
Bounce:                0 kB
WritebackTmp:          0 kB
CommitLimit:     9202292 kB
Committed_AS:   77574984 kB
VmallocTotal:   263061440 kB
VmallocUsed:      107824 kB
VmallocChunk:          0 kB
Percpu:             7648 kB
CmaTotal:         294912 kB
CmaFree:               0 kB
MemTotal:       12113136 kB
MemFree:         4256908 kB
MemAvailable:    7605072 kB
Buffers:            6664 kB
Cached:          2517280 kB
SwapCached:            0 kB
Active:          1834692 kB
Inactive:        2144664 kB
Active(anon):    1464580 kB
Inactive(anon):    34232 kB
Active(file):     370112 kB
Inactive(file):  2110432 kB
Unevictable:        5564 kB
Mlocked:            5564 kB
SwapTotal:       3145724 kB
SwapFree:        3145724 kB
Dirty:               268 kB
Writeback:             0 kB
AnonPages:       1460996 kB
Mapped:           993668 kB
Shmem:             38924 kB
KReclaimable:    1736324 kB
Slab:             272264 kB
SReclaimable:     117364 kB
SUnreclaim:       154900 kB
KernelStack:       50576 kB
PageTables:        71104 kB
NFS_Unstable:          0 kB
Bounce:                0 kB
WritebackTmp:          0 kB
CommitLimit:     9202292 kB
Committed_AS:   77575316 kB
VmallocTotal:   263061440 kB
VmallocUsed:      107808 kB
VmallocChunk:          0 kB
Percpu:             7648 kB
CmaTotal:         294912 kB
CmaFree:               0 kB
MemTotal:       12113136 kB
MemFree:         4255284 kB
MemAvailable:    7603472 kB
Buffers:            6664 kB
Cached:          2517304 kB
SwapCached:            0 kB
Active:          1835592 kB
Inactive:        2144684 kB
Active(anon):    1465476 kB
Inactive(anon):    34232 kB
Active(file):     370116 kB
Inactive(file):  2110452 kB
Unevictable:        5564 kB
Mlocked:            5564 kB
SwapTotal:       3145724 kB
SwapFree:        3145724 kB
Dirty:               332 kB
Writeback:             0 kB
AnonPages:       1461824 kB
Mapped:           993780 kB
Shmem:             38924 kB
KReclaimable:    1736324 kB
Slab:             272240 kB
SReclaimable:     117364 kB
SUnreclaim:       154876 kB
KernelStack:       50544 kB
PageTables:        71036 kB
NFS_Unstable:          0 kB
Bounce:                0 kB
WritebackTmp:          0 kB
CommitLimit:     9202292 kB
Committed_AS:   77566212 kB
VmallocTotal:   263061440 kB
VmallocUsed:      107840 kB
VmallocChunk:          0 kB
Percpu:             7648 kB
CmaTotal:         294912 kB
CmaFree:               0 kB
MemTotal:       12113136 kB
MemFree:         4253864 kB
MemAvailable:    7602064 kB
Buffers:            6664 kB
Cached:          2517316 kB
SwapCached:            0 kB
Active:          1836960 kB
Inactive:        2144696 kB
Active(anon):    1466844 kB
Inactive(anon):    34232 kB
Active(file):     370116 kB
Inactive(file):  2110464 kB
Unevictable:        5564 kB
Mlocked:            5564 kB
SwapTotal:       3145724 kB
SwapFree:        3145724 kB
Dirty:               428 kB
Writeback:             0 kB
AnonPages:       1463356 kB
Mapped:           993688 kB
Shmem:             38924 kB
KReclaimable:    1736324 kB
Slab:             272248 kB
SReclaimable:     117364 kB
SUnreclaim:       154884 kB
KernelStack:       50624 kB
PageTables:        71212 kB
NFS_Unstable:          0 kB
Bounce:                0 kB
WritebackTmp:          0 kB
CommitLimit:     9202292 kB
Committed_AS:   77574068 kB
VmallocTotal:   263061440 kB
VmallocUsed:      107792 kB
VmallocChunk:          0 kB
Percpu:             7648 kB
CmaTotal:         294912 kB
CmaFree:               0 kB
MemTotal:       12113136 kB
MemFree:         4252008 kB
MemAvailable:    7600228 kB
Buffers:            6664 kB
Cached:          2517336 kB
SwapCached:            0 kB
Active:          1838508 kB
Inactive:        2144716 kB
Active(anon):    1468392 kB
Inactive(anon):    34232 kB
Active(file):     370116 kB
Inactive(file):  2110484 kB
Unevictable:        5564 kB
Mlocked:            5564 kB
SwapTotal:       3145724 kB
SwapFree:        3145724 kB
Dirty:               476 kB
Writeback:             0 kB
AnonPages:       1464860 kB
Mapped:           993684 kB
Shmem:             38924 kB
KReclaimable:    1736324 kB
Slab:             272248 kB
SReclaimable:     117364 kB
SUnreclaim:       154884 kB
KernelStack:       50592 kB
PageTables:        71120 kB
NFS_Unstable:          0 kB
Bounce:                0 kB
WritebackTmp:          0 kB
CommitLimit:     9202292 kB
Committed_AS:   77568056 kB
VmallocTotal:   263061440 kB
VmallocUsed:      107792 kB
VmallocChunk:          0 kB
Percpu:             7648 kB
CmaTotal:         294912 kB
CmaFree:               0 kB
MemTotal:       12113136 kB
MemFree:         4250424 kB
MemAvailable:    7598648 kB
Buffers:            6664 kB
Cached:          2517344 kB
SwapCached:            0 kB
Active:          1839688 kB
Inactive:        2144728 kB
Active(anon):    1469576 kB
Inactive(anon):    34236 kB
Active(file):     370112 kB
Inactive(file):  2110492 kB
Unevictable:        5564 kB
Mlocked:            5564 kB
SwapTotal:       3145724 kB
SwapFree:        3145724 kB
Dirty:               528 kB
Writeback:             0 kB
AnonPages:       1466400 kB
Mapped:           993684 kB
Shmem:             38928 kB
KReclaimable:    1736324 kB
Slab:             272256 kB
SReclaimable:     117364 kB
SUnreclaim:       154892 kB
KernelStack:       50560 kB
PageTables:        71116 kB
NFS_Unstable:          0 kB
Bounce:                0 kB
WritebackTmp:          0 kB
CommitLimit:     9202292 kB
Committed_AS:   77563772 kB
VmallocTotal:   263061440 kB
VmallocUsed:      107808 kB
VmallocChunk:          0 kB
Percpu:             7648 kB
CmaTotal:         294912 kB
CmaFree:               0 kB
MemTotal:       12113136 kB
MemFree:         4247772 kB
MemAvailable:    7596012 kB
Buffers:            6664 kB
Cached:          2517360 kB
SwapCached:            0 kB
Active:          1841896 kB
Inactive:        2144740 kB
Active(anon):    1471780 kB
Inactive(anon):    34236 kB
Active(file):     370116 kB
Inactive(file):  2110504 kB
Unevictable:        5564 kB
Mlocked:            5564 kB
SwapTotal:       3145724 kB
SwapFree:        3145724 kB
Dirty:               324 kB
Writeback:             0 kB
AnonPages:       1468252 kB
Mapped:           993692 kB
Shmem:             38928 kB
KReclaimable:    1736324 kB
Slab:             272284 kB
SReclaimable:     117364 kB
SUnreclaim:       154920 kB
KernelStack:       50560 kB
PageTables:        71120 kB
NFS_Unstable:          0 kB
Bounce:                0 kB
WritebackTmp:          0 kB
CommitLimit:     9202292 kB
Committed_AS:   77573736 kB
VmallocTotal:   263061440 kB
VmallocUsed:      107824 kB
VmallocChunk:          0 kB
Percpu:             7648 kB
CmaTotal:         294912 kB
CmaFree:               0 kB
MemTotal:       12113136 kB
MemFree:         4246696 kB
MemAvailable:    7594956 kB
Buffers:            6664 kB
Cached:          2517380 kB
SwapCached:            0 kB
Active:          1842500 kB
Inactive:        2144760 kB
Active(anon):    1472384 kB
Inactive(anon):    34236 kB
Active(file):     370116 kB
Inactive(file):  2110524 kB
Unevictable:        5564 kB
Mlocked:            5564 kB
SwapTotal:       3145724 kB
SwapFree:        3145724 kB
Dirty:               468 kB
Writeback:             0 kB
AnonPages:       1468440 kB
Mapped:           993692 kB
Shmem:             38928 kB
KReclaimable:    1736324 kB
Slab:             272316 kB
SReclaimable:     117364 kB
SUnreclaim:       154952 kB
KernelStack:       50640 kB
PageTables:        71216 kB
NFS_Unstable:          0 kB
Bounce:                0 kB
WritebackTmp:          0 kB
CommitLimit:     9202292 kB
Committed_AS:   77573828 kB
VmallocTotal:   263061440 kB
VmallocUsed:      107856 kB
VmallocChunk:          0 kB
Percpu:             7648 kB
CmaTotal:         294912 kB
CmaFree:               0 kB
MemTotal:       12113136 kB
MemFree:         4247128 kB
MemAvailable:    7595400 kB
Buffers:            6664 kB
Cached:          2517392 kB
SwapCached:            0 kB
Active:          1844944 kB
Inactive:        2144772 kB
Active(anon):    1474828 kB
Inactive(anon):    34236 kB
Active(file):     370116 kB
Inactive(file):  2110536 kB
Unevictable:        5564 kB
Mlocked:            5564 kB
SwapTotal:       3145724 kB
SwapFree:        3145724 kB
Dirty:               512 kB
Writeback:             0 kB
AnonPages:       1471300 kB
Mapped:           993696 kB
Shmem:             38928 kB
KReclaimable:    1736324 kB
Slab:             272316 kB
SReclaimable:     117364 kB
SUnreclaim:       154952 kB
KernelStack:       50624 kB
PageTables:        71220 kB
NFS_Unstable:          0 kB
Bounce:                0 kB
WritebackTmp:          0 kB
CommitLimit:     9202292 kB
Committed_AS:   77574296 kB
VmallocTotal:   263061440 kB
VmallocUsed:      107792 kB
VmallocChunk:          0 kB
Percpu:             7648 kB
CmaTotal:         294912 kB
CmaFree:               0 kB
MemTotal:       12113136 kB
MemFree:         4249752 kB
MemAvailable:    7598036 kB
Buffers:            6664 kB
Cached:          2517404 kB
SwapCached:            0 kB
Active:          1840368 kB
Inactive:        2144784 kB
Active(anon):    1470252 kB
Inactive(anon):    34236 kB
Active(file):     370116 kB
Inactive(file):  2110548 kB
Unevictable:        5564 kB
Mlocked:            5564 kB
SwapTotal:       3145724 kB
SwapFree:        3145724 kB
Dirty:               564 kB
Writeback:             0 kB
AnonPages:       1466488 kB
Mapped:           993696 kB
Shmem:             38928 kB
KReclaimable:    1736324 kB
Slab:             272316 kB
SReclaimable:     117364 kB
SUnreclaim:       154952 kB
KernelStack:       50572 kB
PageTables:        71196 kB
NFS_Unstable:          0 kB
Bounce:                0 kB
WritebackTmp:          0 kB
CommitLimit:     9202292 kB
Committed_AS:   77577864 kB
VmallocTotal:   263061440 kB
VmallocUsed:      107776 kB
VmallocChunk:          0 kB
Percpu:             7648 kB
CmaTotal:         294912 kB
CmaFree:              16 kB
MemTotal:       12113136 kB
MemFree:         4249984 kB
MemAvailable:    7598280 kB
Buffers:            6664 kB
Cached:          2517416 kB
SwapCached:            0 kB
Active:          1841388 kB
Inactive:        2144796 kB
Active(anon):    1471272 kB
Inactive(anon):    34236 kB
Active(file):     370116 kB
Inactive(file):  2110560 kB
Unevictable:        5564 kB
Mlocked:            5564 kB
SwapTotal:       3145724 kB
SwapFree:        3145724 kB
Dirty:               624 kB
Writeback:             0 kB
AnonPages:       1467840 kB
Mapped:           993700 kB
Shmem:             38928 kB
KReclaimable:    1736324 kB
Slab:             272316 kB
SReclaimable:     117364 kB
SUnreclaim:       154952 kB
KernelStack:       50720 kB
PageTables:        71228 kB
NFS_Unstable:          0 kB
Bounce:                0 kB
WritebackTmp:          0 kB
CommitLimit:     9202292 kB
Committed_AS:   77577168 kB
VmallocTotal:   263061440 kB
VmallocUsed:      107856 kB
VmallocChunk:          0 kB
Percpu:             7648 kB
CmaTotal:         294912 kB
CmaFree:               0 kB
MemTotal:       12113136 kB
MemFree:         4248984 kB
MemAvailable:    7597296 kB
Buffers:            6664 kB
Cached:          2517432 kB
SwapCached:            0 kB
Active:          1842460 kB
Inactive:        2144812 kB
Active(anon):    1472344 kB
Inactive(anon):    34236 kB
Active(file):     370116 kB
Inactive(file):  2110576 kB
Unevictable:        5564 kB
Mlocked:            5564 kB
SwapTotal:       3145724 kB
SwapFree:        3145724 kB
Dirty:               296 kB
Writeback:             0 kB
AnonPages:       1468708 kB
Mapped:           993696 kB
Shmem:             38928 kB
KReclaimable:    1736324 kB
Slab:             272352 kB
SReclaimable:     117364 kB
SUnreclaim:       154988 kB
KernelStack:       50656 kB
PageTables:        70988 kB
NFS_Unstable:          0 kB
Bounce:                0 kB
WritebackTmp:          0 kB
CommitLimit:     9202292 kB
Committed_AS:   77569832 kB
VmallocTotal:   263061440 kB
VmallocUsed:      107920 kB
VmallocChunk:          0 kB
Percpu:             7648 kB
CmaTotal:         294912 kB
CmaFree:               4 kB
MemTotal:       12113136 kB
MemFree:         4247444 kB
MemAvailable:    7595768 kB
Buffers:            6664 kB
Cached:          2517444 kB
SwapCached:            0 kB
Active:          1843264 kB
Inactive:        2144824 kB
Active(anon):    1473148 kB
Inactive(anon):    34236 kB
Active(file):     370116 kB
Inactive(file):  2110588 kB
Unevictable:        5564 kB
Mlocked:            5564 kB
SwapTotal:       3145724 kB
SwapFree:        3145724 kB
Dirty:               400 kB
Writeback:             0 kB
AnonPages:       1469472 kB
Mapped:           993716 kB
Shmem:             38928 kB
KReclaimable:    1736324 kB
Slab:             272340 kB
SReclaimable:     117364 kB
SUnreclaim:       154976 kB
KernelStack:       50720 kB
PageTables:        71196 kB
NFS_Unstable:          0 kB
Bounce:                0 kB
WritebackTmp:          0 kB
CommitLimit:     9202292 kB
Committed_AS:   77570228 kB
VmallocTotal:   263061440 kB
VmallocUsed:      107920 kB
VmallocChunk:          0 kB
Percpu:             7648 kB
CmaTotal:         294912 kB
CmaFree:               0 kB
MemTotal:       12113136 kB
MemFree:         4262428 kB
MemAvailable:    7610760 kB
Buffers:            6664 kB
Cached:          2517452 kB
SwapCached:            0 kB
Active:          1827452 kB
Inactive:        2144832 kB
Active(anon):    1457336 kB
Inactive(anon):    34236 kB
Active(file):     370116 kB
Inactive(file):  2110596 kB
Unevictable:        5564 kB
Mlocked:            5564 kB
SwapTotal:       3145724 kB
SwapFree:        3145724 kB
Dirty:               428 kB
Writeback:             0 kB
AnonPages:       1454232 kB
Mapped:           992936 kB
Shmem:             38928 kB
KReclaimable:    1736324 kB
Slab:             272344 kB
SReclaimable:     117364 kB
SUnreclaim:       154980 kB
KernelStack:       50656 kB
PageTables:        71116 kB
NFS_Unstable:          0 kB
Bounce:                0 kB
WritebackTmp:          0 kB
CommitLimit:     9202292 kB
Committed_AS:   77572216 kB
VmallocTotal:   263061440 kB
VmallocUsed:      107888 kB
VmallocChunk:          0 kB
Percpu:             7648 kB
CmaTotal:         294912 kB
CmaFree:               0 kB
MemTotal:       12113136 kB
MemFree:         4260848 kB
MemAvailable:    7609200 kB
Buffers:            6664 kB
Cached:          2517476 kB
SwapCached:            0 kB
Active:          1829188 kB
Inactive:        2144856 kB
Active(anon):    1459072 kB
Inactive(anon):    34240 kB
Active(file):     370116 kB
Inactive(file):  2110616 kB
Unevictable:        5564 kB
Mlocked:            5564 kB
SwapTotal:       3145724 kB
SwapFree:        3145724 kB
Dirty:               480 kB
Writeback:             0 kB
AnonPages:       1455532 kB
Mapped:           992940 kB
Shmem:             38932 kB
KReclaimable:    1736324 kB
Slab:             272336 kB
SReclaimable:     117364 kB
SUnreclaim:       154972 kB
KernelStack:       50704 kB
PageTables:        71232 kB
NFS_Unstable:          0 kB
Bounce:                0 kB
WritebackTmp:          0 kB
CommitLimit:     9202292 kB
Committed_AS:   77576800 kB
VmallocTotal:   263061440 kB
VmallocUsed:      107936 kB
VmallocChunk:          0 kB
Percpu:             7648 kB
CmaTotal:         294912 kB
CmaFree:               0 kB
MemTotal:       12113136 kB
MemFree:         4260176 kB
MemAvailable:    7608544 kB
Buffers:            6664 kB
Cached:          2517492 kB
SwapCached:            0 kB
Active:          1829356 kB
Inactive:        2144872 kB
Active(anon):    1459240 kB
Inactive(anon):    34240 kB
Active(file):     370116 kB
Inactive(file):  2110632 kB
Unevictable:        5564 kB
Mlocked:            5564 kB
SwapTotal:       3145724 kB
SwapFree:        3145724 kB
Dirty:               544 kB
Writeback:             0 kB
AnonPages:       1455780 kB
Mapped:           992952 kB
Shmem:             38932 kB
KReclaimable:    1736324 kB
Slab:             272360 kB
SReclaimable:     117364 kB
SUnreclaim:       154996 kB
KernelStack:       50688 kB
PageTables:        71124 kB
NFS_Unstable:          0 kB
Bounce:                0 kB
WritebackTmp:          0 kB
CommitLimit:     9202292 kB
Committed_AS:   77574228 kB
VmallocTotal:   263061440 kB
VmallocUsed:      107904 kB
VmallocChunk:          0 kB
Percpu:             7648 kB
CmaTotal:         294912 kB
CmaFree:               0 kB
MemTotal:       12113136 kB
MemFree:         4259992 kB
MemAvailable:    7608408 kB
Buffers:            6672 kB
Cached:          2517532 kB
SwapCached:            0 kB
Active:          1830500 kB
Inactive:        2144912 kB
Active(anon):    1460376 kB
Inactive(anon):    34240 kB
Active(file):     370124 kB
Inactive(file):  2110672 kB
Unevictable:        5564 kB
Mlocked:            5564 kB
SwapTotal:       3145724 kB
SwapFree:        3145724 kB
Dirty:               280 kB
Writeback:             0 kB
AnonPages:       1456848 kB
Mapped:           992956 kB
Shmem:             38932 kB
KReclaimable:    1736324 kB
Slab:             272260 kB
SReclaimable:     117364 kB
SUnreclaim:       154896 kB
KernelStack:       50640 kB
PageTables:        71076 kB
NFS_Unstable:          0 kB
Bounce:                0 kB
WritebackTmp:          0 kB
CommitLimit:     9202292 kB
Committed_AS:   77576652 kB
VmallocTotal:   263061440 kB
VmallocUsed:      107904 kB
VmallocChunk:          0 kB
Percpu:             7648 kB
CmaTotal:         294912 kB
CmaFree:               0 kB
MemTotal:       12113136 kB
MemFree:         4258840 kB
MemAvailable:    7607264 kB
Buffers:            6672 kB
Cached:          2517540 kB
SwapCached:            0 kB
Active:          1831788 kB
Inactive:        2144920 kB
Active(anon):    1461664 kB
Inactive(anon):    34240 kB
Active(file):     370124 kB
Inactive(file):  2110680 kB
Unevictable:        5564 kB
Mlocked:            5564 kB
SwapTotal:       3145724 kB
SwapFree:        3145724 kB
Dirty:               364 kB
Writeback:             0 kB
AnonPages:       1458196 kB
Mapped:           992956 kB
Shmem:             38932 kB
KReclaimable:    1736324 kB
Slab:             272268 kB
SReclaimable:     117364 kB
SUnreclaim:       154904 kB
KernelStack:       50672 kB
PageTables:        71172 kB
NFS_Unstable:          0 kB
Bounce:                0 kB
WritebackTmp:          0 kB
CommitLimit:     9202292 kB
Committed_AS:   77572268 kB
VmallocTotal:   263061440 kB
VmallocUsed:      107888 kB
VmallocChunk:          0 kB
Percpu:             7648 kB
CmaTotal:         294912 kB
CmaFree:               0 kB
MemTotal:       12113136 kB
MemFree:         4258444 kB
MemAvailable:    7606880 kB
Buffers:            6672 kB
Cached:          2517552 kB
SwapCached:            0 kB
Active:          1832184 kB
Inactive:        2144932 kB
Active(anon):    1462060 kB
Inactive(anon):    34240 kB
Active(file):     370124 kB
Inactive(file):  2110692 kB
Unevictable:        5564 kB
Mlocked:            5564 kB
SwapTotal:       3145724 kB
SwapFree:        3145724 kB
Dirty:               424 kB
Writeback:             0 kB
AnonPages:       1458660 kB
Mapped:           992960 kB
Shmem:             38932 kB
KReclaimable:    1736324 kB
Slab:             272260 kB
SReclaimable:     117364 kB
SUnreclaim:       154896 kB
KernelStack:       50688 kB
PageTables:        71124 kB
NFS_Unstable:          0 kB
Bounce:                0 kB
WritebackTmp:          0 kB
CommitLimit:     9202292 kB
Committed_AS:   77581568 kB
VmallocTotal:   263061440 kB
VmallocUsed:      107888 kB
VmallocChunk:          0 kB
Percpu:             7648 kB
CmaTotal:         294912 kB
CmaFree:               0 kB
MemTotal:       12113136 kB
MemFree:         4255732 kB
MemAvailable:    7604292 kB
Buffers:            6672 kB
Cached:          2517668 kB
SwapCached:            0 kB
Active:          1834152 kB
Inactive:        2145048 kB
Active(anon):    1464028 kB
Inactive(anon):    34240 kB
Active(file):     370124 kB
Inactive(file):  2110808 kB
Unevictable:        5564 kB
Mlocked:            5564 kB
SwapTotal:       3145724 kB
SwapFree:        3145724 kB
Dirty:               572 kB
Writeback:             0 kB
AnonPages:       1460300 kB
Mapped:           992984 kB
Shmem:             38932 kB
KReclaimable:    1736332 kB
Slab:             272268 kB
SReclaimable:     117372 kB
SUnreclaim:       154896 kB
KernelStack:       50672 kB
PageTables:        71112 kB
NFS_Unstable:          0 kB
Bounce:                0 kB
WritebackTmp:          0 kB
CommitLimit:     9202292 kB
Committed_AS:   77567352 kB
VmallocTotal:   263061440 kB
VmallocUsed:      107904 kB
VmallocChunk:          0 kB
Percpu:             7648 kB
CmaTotal:         294912 kB
CmaFree:               0 kB
MemTotal:       12113136 kB
MemFree:         4255208 kB
MemAvailable:    7603892 kB
Buffers:            6672 kB
Cached:          2517780 kB
SwapCached:            0 kB
Active:          1835164 kB
Inactive:        2145160 kB
Active(anon):    1465040 kB
Inactive(anon):    34240 kB
Active(file):     370124 kB
Inactive(file):  2110920 kB
Unevictable:        5564 kB
Mlocked:            5564 kB
SwapTotal:       3145724 kB
SwapFree:        3145724 kB
Dirty:               704 kB
Writeback:             0 kB
AnonPages:       1461608 kB
Mapped:           993024 kB
Shmem:             38932 kB
KReclaimable:    1736344 kB
Slab:             272256 kB
SReclaimable:     117384 kB
SUnreclaim:       154872 kB
KernelStack:       50720 kB
PageTables:        71304 kB
NFS_Unstable:          0 kB
Bounce:                0 kB
WritebackTmp:          0 kB
CommitLimit:     9202292 kB
Committed_AS:   77570744 kB
VmallocTotal:   263061440 kB
VmallocUsed:      107936 kB
VmallocChunk:          0 kB
Percpu:             7648 kB
CmaTotal:         294912 kB
CmaFree:               0 kB
MemTotal:       12113136 kB
MemFree:         4271056 kB
MemAvailable:    7619752 kB
Buffers:            6672 kB
Cached:          2517792 kB
SwapCached:            0 kB
Active:          1818040 kB
Inactive:        2145172 kB
Active(anon):    1447916 kB
Inactive(anon):    34240 kB
Active(file):     370124 kB
Inactive(file):  2110932 kB
Unevictable:        5564 kB
Mlocked:            5564 kB
SwapTotal:       3145724 kB
SwapFree:        3145724 kB
Dirty:               748 kB
Writeback:             0 kB
AnonPages:       1444312 kB
Mapped:           979720 kB
Shmem:             38932 kB
KReclaimable:    1736344 kB
Slab:             272280 kB
SReclaimable:     117384 kB
SUnreclaim:       154896 kB
KernelStack:       50656 kB
PageTables:        70928 kB
NFS_Unstable:          0 kB
Bounce:                0 kB
WritebackTmp:          0 kB
CommitLimit:     9202292 kB
Committed_AS:   77571724 kB
VmallocTotal:   263061440 kB
VmallocUsed:      107952 kB
VmallocChunk:          0 kB
Percpu:             7648 kB
CmaTotal:         294912 kB
CmaFree:              20 kB
MemTotal:       12113136 kB
MemFree:         4268460 kB
MemAvailable:    7617168 kB
Buffers:            6672 kB
Cached:          2517824 kB
SwapCached:            0 kB
Active:          1822108 kB
Inactive:        2145204 kB
Active(anon):    1451984 kB
Inactive(anon):    34260 kB
Active(file):     370124 kB
Inactive(file):  2110944 kB
Unevictable:        5564 kB
Mlocked:            5564 kB
SwapTotal:       3145724 kB
SwapFree:        3145724 kB
Dirty:               776 kB
Writeback:             0 kB
AnonPages:       1448380 kB
Mapped:           979796 kB
Shmem:             38952 kB
KReclaimable:    1736344 kB
Slab:             272272 kB
SReclaimable:     117384 kB
SUnreclaim:       154888 kB
KernelStack:       50752 kB
PageTables:        71220 kB
NFS_Unstable:          0 kB
Bounce:                0 kB
WritebackTmp:          0 kB
CommitLimit:     9202292 kB
Committed_AS:   77572356 kB
VmallocTotal:   263061440 kB
VmallocUsed:      108000 kB
VmallocChunk:          0 kB
Percpu:             7648 kB
CmaTotal:         294912 kB
CmaFree:               0 kB
MemTotal:       12113136 kB
MemFree:         4266928 kB
MemAvailable:    7615652 kB
Buffers:            6672 kB
Cached:          2517840 kB
SwapCached:            0 kB
Active:          1822888 kB
Inactive:        2145220 kB
Active(anon):    1452764 kB
Inactive(anon):    34260 kB
Active(file):     370124 kB
Inactive(file):  2110960 kB
Unevictable:        5564 kB
Mlocked:            5564 kB
SwapTotal:       3145724 kB
SwapFree:        3145724 kB
Dirty:               816 kB
Writeback:             0 kB
AnonPages:       1449516 kB
Mapped:           979828 kB
Shmem:             38952 kB
KReclaimable:    1736344 kB
Slab:             272264 kB
SReclaimable:     117384 kB
SUnreclaim:       154880 kB
KernelStack:       50704 kB
PageTables:        71112 kB
NFS_Unstable:          0 kB
Bounce:                0 kB
WritebackTmp:          0 kB
CommitLimit:     9202292 kB
Committed_AS:   77577664 kB
VmallocTotal:   263061440 kB
VmallocUsed:      107968 kB
VmallocChunk:          0 kB
Percpu:             7648 kB
CmaTotal:         294912 kB
CmaFree:               0 kB
MemTotal:       12113136 kB
MemFree:         4268680 kB
MemAvailable:    7617416 kB
Buffers:            6672 kB
Cached:          2517852 kB
SwapCached:            0 kB
Active:          1821720 kB
Inactive:        2145228 kB
Active(anon):    1451592 kB
Inactive(anon):    34260 kB
Active(file):     370128 kB
Inactive(file):  2110968 kB
Unevictable:        5564 kB
Mlocked:            5564 kB
SwapTotal:       3145724 kB
SwapFree:        3145724 kB
Dirty:               860 kB
Writeback:             0 kB
AnonPages:       1448032 kB
Mapped:           979852 kB
Shmem:             38952 kB
KReclaimable:    1736344 kB
Slab:             272264 kB
SReclaimable:     117384 kB
SUnreclaim:       154880 kB
KernelStack:       50704 kB
PageTables:        71148 kB
NFS_Unstable:          0 kB
Bounce:                0 kB
WritebackTmp:          0 kB
CommitLimit:     9202292 kB
Committed_AS:   77580468 kB
VmallocTotal:   263061440 kB
VmallocUsed:      107936 kB
VmallocChunk:          0 kB
Percpu:             7648 kB
CmaTotal:         294912 kB
CmaFree:               4 kB
MemTotal:       12113136 kB
MemFree:         4273212 kB
MemAvailable:    7621976 kB
Buffers:            6680 kB
Cached:          2517872 kB
SwapCached:            0 kB
Active:          1817616 kB
Inactive:        2145248 kB
Active(anon):    1447480 kB
Inactive(anon):    34260 kB
Active(file):     370136 kB
Inactive(file):  2110988 kB
Unevictable:        5564 kB
Mlocked:            5564 kB
SwapTotal:       3145724 kB
SwapFree:        3145724 kB
Dirty:               892 kB
Writeback:             0 kB
AnonPages:       1444196 kB
Mapped:           979888 kB
Shmem:             38952 kB
KReclaimable:    1736344 kB
Slab:             272280 kB
SReclaimable:     117384 kB
SUnreclaim:       154896 kB
KernelStack:       50688 kB
PageTables:        71068 kB
NFS_Unstable:          0 kB
Bounce:                0 kB
WritebackTmp:          0 kB
CommitLimit:     9202292 kB
Committed_AS:   77561700 kB
VmallocTotal:   263061440 kB
VmallocUsed:      107872 kB
VmallocChunk:          0 kB
Percpu:             7648 kB
CmaTotal:         294912 kB
CmaFree:               0 kB
MemTotal:       12113136 kB
MemFree:         4270932 kB
MemAvailable:    7619720 kB
Buffers:            6680 kB
Cached:          2517896 kB
SwapCached:            0 kB
Active:          1818920 kB
Inactive:        2145272 kB
Active(anon):    1448784 kB
Inactive(anon):    34260 kB
Active(file):     370136 kB
Inactive(file):  2111012 kB
Unevictable:        5564 kB
Mlocked:            5564 kB
SwapTotal:       3145724 kB
SwapFree:        3145724 kB
Dirty:               484 kB
Writeback:             0 kB
AnonPages:       1445312 kB
Mapped:           979924 kB
Shmem:             38952 kB
KReclaimable:    1736344 kB
Slab:             272260 kB
SReclaimable:     117384 kB
SUnreclaim:       154876 kB
KernelStack:       50704 kB
PageTables:        71112 kB
NFS_Unstable:          0 kB
Bounce:                0 kB
WritebackTmp:          0 kB
CommitLimit:     9202292 kB
Committed_AS:   77569188 kB
VmallocTotal:   263061440 kB
VmallocUsed:      107952 kB
VmallocChunk:          0 kB
Percpu:             7648 kB
CmaTotal:         294912 kB
CmaFree:               0 kB
MemTotal:       12113136 kB
MemFree:         4269744 kB
MemAvailable:    7618544 kB
Buffers:            6680 kB
Cached:          2517912 kB
SwapCached:            0 kB
Active:          1820696 kB
Inactive:        2145288 kB
Active(anon):    1450560 kB
Inactive(anon):    34264 kB
Active(file):     370136 kB
Inactive(file):  2111024 kB
Unevictable:        5564 kB
Mlocked:            5564 kB
SwapTotal:       3145724 kB
SwapFree:        3145724 kB
Dirty:               600 kB
Writeback:             0 kB
AnonPages:       1446872 kB
Mapped:           979972 kB
Shmem:             38956 kB
KReclaimable:    1736344 kB
Slab:             272292 kB
SReclaimable:     117384 kB
SUnreclaim:       154908 kB
KernelStack:       50736 kB
PageTables:        71164 kB
NFS_Unstable:          0 kB
Bounce:                0 kB
WritebackTmp:          0 kB
CommitLimit:     9202292 kB
Committed_AS:   77581980 kB
VmallocTotal:   263061440 kB
VmallocUsed:      107968 kB
VmallocChunk:          0 kB
Percpu:             7648 kB
CmaTotal:         294912 kB
CmaFree:               0 kB
MemTotal:       12113136 kB
MemFree:         4268440 kB
MemAvailable:    7617248 kB
Buffers:            6680 kB
Cached:          2517956 kB
SwapCached:            0 kB
Active:          1821272 kB
Inactive:        2145332 kB
Active(anon):    1451136 kB
Inactive(anon):    34300 kB
Active(file):     370136 kB
Inactive(file):  2111032 kB
Unevictable:        5564 kB
Mlocked:            5564 kB
SwapTotal:       3145724 kB
SwapFree:        3145724 kB
Dirty:               628 kB
Writeback:             0 kB
AnonPages:       1447576 kB
Mapped:           980020 kB
Shmem:             38992 kB
KReclaimable:    1736344 kB
Slab:             272268 kB
SReclaimable:     117384 kB
SUnreclaim:       154884 kB
KernelStack:       50736 kB
PageTables:        71152 kB
NFS_Unstable:          0 kB
Bounce:                0 kB
WritebackTmp:          0 kB
CommitLimit:     9202292 kB
Committed_AS:   77572988 kB
VmallocTotal:   263061440 kB
VmallocUsed:      107936 kB
VmallocChunk:          0 kB
Percpu:             7648 kB
CmaTotal:         294912 kB
CmaFree:               0 kB
MemTotal:       12113136 kB
MemFree:         4268048 kB
MemAvailable:    7616876 kB
Buffers:            6680 kB
Cached:          2517976 kB
SwapCached:            0 kB
Active:          1820668 kB
Inactive:        2145352 kB
Active(anon):    1450532 kB
Inactive(anon):    34300 kB
Active(file):     370136 kB
Inactive(file):  2111052 kB
Unevictable:        5564 kB
Mlocked:            5564 kB
SwapTotal:       3145724 kB
SwapFree:        3145724 kB
Dirty:               680 kB
Writeback:             0 kB
AnonPages:       1447116 kB
Mapped:           980048 kB
Shmem:             38992 kB
KReclaimable:    1736344 kB
Slab:             272260 kB
SReclaimable:     117384 kB
SUnreclaim:       154876 kB
KernelStack:       50756 kB
PageTables:        71448 kB
NFS_Unstable:          0 kB
Bounce:                0 kB
WritebackTmp:          0 kB
CommitLimit:     9202292 kB
Committed_AS:   77583424 kB
VmallocTotal:   263061440 kB
VmallocUsed:      107936 kB
VmallocChunk:          0 kB
Percpu:             7648 kB
CmaTotal:         294912 kB
CmaFree:               0 kB
MemTotal:       12113136 kB
MemFree:         4270456 kB
MemAvailable:    7619304 kB
Buffers:            6688 kB
Cached:          2517988 kB
SwapCached:            0 kB
Active:          1819956 kB
Inactive:        2145364 kB
Active(anon):    1449812 kB
Inactive(anon):    34300 kB
Active(file):     370144 kB
Inactive(file):  2111064 kB
Unevictable:        5564 kB
Mlocked:            5564 kB
SwapTotal:       3145724 kB
SwapFree:        3145724 kB
Dirty:               756 kB
Writeback:             0 kB
AnonPages:       1446216 kB
Mapped:           980076 kB
Shmem:             38992 kB
KReclaimable:    1736344 kB
Slab:             272276 kB
SReclaimable:     117384 kB
SUnreclaim:       154892 kB
KernelStack:       50720 kB
PageTables:        71012 kB
NFS_Unstable:          0 kB
Bounce:                0 kB
WritebackTmp:          0 kB
CommitLimit:     9202292 kB
Committed_AS:   77580316 kB
VmallocTotal:   263061440 kB
VmallocUsed:      107888 kB
VmallocChunk:          0 kB
Percpu:             7648 kB
CmaTotal:         294912 kB
CmaFree:               0 kB
MemTotal:       12113136 kB
MemFree:         4268756 kB
MemAvailable:    7617640 kB
Buffers:            6688 kB
Cached:          2518024 kB
SwapCached:            0 kB
Active:          1820692 kB
Inactive:        2145400 kB
Active(anon):    1450548 kB
Inactive(anon):    34300 kB
Active(file):     370144 kB
Inactive(file):  2111100 kB
Unevictable:        5564 kB
Mlocked:            5564 kB
SwapTotal:       3145724 kB
SwapFree:        3145724 kB
Dirty:               496 kB
Writeback:             0 kB
AnonPages:       1446968 kB
Mapped:           980120 kB
Shmem:             38992 kB
KReclaimable:    1736344 kB
Slab:             272268 kB
SReclaimable:     117384 kB
SUnreclaim:       154884 kB
KernelStack:       50672 kB
PageTables:        70920 kB
NFS_Unstable:          0 kB
Bounce:                0 kB
WritebackTmp:          0 kB
CommitLimit:     9202292 kB
Committed_AS:   77580084 kB
VmallocTotal:   263061440 kB
VmallocUsed:      107920 kB
VmallocChunk:          0 kB
Percpu:             7648 kB
CmaTotal:         294912 kB
CmaFree:               0 kB
MemTotal:       12113136 kB
MemFree:         4267100 kB
MemAvailable:    7615992 kB
Buffers:            6688 kB
Cached:          2518032 kB
SwapCached:            0 kB
Active:          1822704 kB
Inactive:        2145408 kB
Active(anon):    1452560 kB
Inactive(anon):    34300 kB
Active(file):     370144 kB
Inactive(file):  2111108 kB
Unevictable:        5564 kB
Mlocked:            5564 kB
SwapTotal:       3145724 kB
SwapFree:        3145724 kB
Dirty:               584 kB
Writeback:             0 kB
AnonPages:       1448580 kB
Mapped:           979548 kB
Shmem:             38992 kB
KReclaimable:    1736344 kB
Slab:             272268 kB
SReclaimable:     117384 kB
SUnreclaim:       154884 kB
KernelStack:       50672 kB
PageTables:        70936 kB
NFS_Unstable:          0 kB
Bounce:                0 kB
WritebackTmp:          0 kB
CommitLimit:     9202292 kB
Committed_AS:   77580944 kB
VmallocTotal:   263061440 kB
VmallocUsed:      107920 kB
VmallocChunk:          0 kB
Percpu:             7648 kB
CmaTotal:         294912 kB
CmaFree:               0 kB
MemTotal:       12113136 kB
MemFree:         4262588 kB
MemAvailable:    7611492 kB
Buffers:            6688 kB
Cached:          2518044 kB
SwapCached:            0 kB
Active:          1827968 kB
Inactive:        2145420 kB
Active(anon):    1457824 kB
Inactive(anon):    34300 kB
Active(file):     370144 kB
Inactive(file):  2111120 kB
Unevictable:        5564 kB
Mlocked:            5564 kB
SwapTotal:       3145724 kB
SwapFree:        3145724 kB
Dirty:               644 kB
Writeback:             0 kB
AnonPages:       1454104 kB
Mapped:           979576 kB
Shmem:             38992 kB
KReclaimable:    1736344 kB
Slab:             272272 kB
SReclaimable:     117384 kB
SUnreclaim:       154888 kB
KernelStack:       50752 kB
PageTables:        71100 kB
NFS_Unstable:          0 kB
Bounce:                0 kB
WritebackTmp:          0 kB
CommitLimit:     9202292 kB
Committed_AS:   77579748 kB
VmallocTotal:   263061440 kB
VmallocUsed:      107936 kB
VmallocChunk:          0 kB
Percpu:             7648 kB
CmaTotal:         294912 kB
CmaFree:               0 kB
MemTotal:       12113136 kB
MemFree:         4262096 kB
MemAvailable:    7611008 kB
Buffers:            6688 kB
Cached:          2518052 kB
SwapCached:            0 kB
Active:          1828716 kB
Inactive:        2145428 kB
Active(anon):    1458572 kB
Inactive(anon):    34300 kB
Active(file):     370144 kB
Inactive(file):  2111128 kB
Unevictable:        5564 kB
Mlocked:            5564 kB
SwapTotal:       3145724 kB
SwapFree:        3145724 kB
Dirty:               680 kB
Writeback:             0 kB
AnonPages:       1454604 kB
Mapped:           979608 kB
Shmem:             38992 kB
KReclaimable:    1736344 kB
Slab:             272268 kB
SReclaimable:     117384 kB
SUnreclaim:       154884 kB
KernelStack:       50688 kB
PageTables:        71068 kB
NFS_Unstable:          0 kB
Bounce:                0 kB
WritebackTmp:          0 kB
CommitLimit:     9202292 kB
Committed_AS:   77580092 kB
VmallocTotal:   263061440 kB
VmallocUsed:      107920 kB
VmallocChunk:          0 kB
Percpu:             7648 kB
CmaTotal:         294912 kB
CmaFree:               0 kB
MemTotal:       12113136 kB
MemFree:         4260516 kB
MemAvailable:    7609608 kB
Buffers:            6688 kB
Cached:          2518232 kB
SwapCached:            0 kB
Active:          1829500 kB
Inactive:        2145608 kB
Active(anon):    1459356 kB
Inactive(anon):    34300 kB
Active(file):     370144 kB
Inactive(file):  2111308 kB
Unevictable:        5564 kB
Mlocked:            5564 kB
SwapTotal:       3145724 kB
SwapFree:        3145724 kB
Dirty:               728 kB
Writeback:             0 kB
AnonPages:       1455784 kB
Mapped:           979384 kB
Shmem:             38992 kB
KReclaimable:    1736344 kB
Slab:             272268 kB
SReclaimable:     117384 kB
SUnreclaim:       154884 kB
KernelStack:       50688 kB
PageTables:        70804 kB
NFS_Unstable:          0 kB
Bounce:                0 kB
WritebackTmp:          0 kB
CommitLimit:     9202292 kB
Committed_AS:   77565340 kB
VmallocTotal:   263061440 kB
VmallocUsed:      107888 kB
VmallocChunk:          0 kB
Percpu:             7648 kB
CmaTotal:         294912 kB
CmaFree:               0 kB
MemTotal:       12113136 kB
MemFree:         4258840 kB
MemAvailable:    7607948 kB
Buffers:            6688 kB
Cached:          2518248 kB
SwapCached:            0 kB
Active:          1831068 kB
Inactive:        2145612 kB
Active(anon):    1460912 kB
Inactive(anon):    34300 kB
Active(file):     370156 kB
Inactive(file):  2111312 kB
Unevictable:        5564 kB
Mlocked:            5564 kB
SwapTotal:       3145724 kB
SwapFree:        3145724 kB
Dirty:               288 kB
Writeback:             0 kB
AnonPages:       1457500 kB
Mapped:           979420 kB
Shmem:             38992 kB
KReclaimable:    1736344 kB
Slab:             272280 kB
SReclaimable:     117384 kB
SUnreclaim:       154896 kB
KernelStack:       50688 kB
PageTables:        71208 kB
NFS_Unstable:          0 kB
Bounce:                0 kB
WritebackTmp:          0 kB
CommitLimit:     9202292 kB
Committed_AS:   77572424 kB
VmallocTotal:   263061440 kB
VmallocUsed:      107840 kB
VmallocChunk:          0 kB
Percpu:             7648 kB
CmaTotal:         294912 kB
CmaFree:               0 kB
MemTotal:       12113136 kB
MemFree:         4257484 kB
MemAvailable:    7606608 kB
Buffers:            6688 kB
Cached:          2518264 kB
SwapCached:            0 kB
Active:          1832076 kB
Inactive:        2145628 kB
Active(anon):    1461920 kB
Inactive(anon):    34300 kB
Active(file):     370156 kB
Inactive(file):  2111328 kB
Unevictable:        5564 kB
Mlocked:            5564 kB
SwapTotal:       3145724 kB
SwapFree:        3145724 kB
Dirty:               388 kB
Writeback:             0 kB
AnonPages:       1458548 kB
Mapped:           979324 kB
Shmem:             38992 kB
KReclaimable:    1736344 kB
Slab:             272272 kB
SReclaimable:     117384 kB
SUnreclaim:       154888 kB
KernelStack:       50720 kB
PageTables:        71144 kB
NFS_Unstable:          0 kB
Bounce:                0 kB
WritebackTmp:          0 kB
CommitLimit:     9202292 kB
Committed_AS:   77582560 kB
VmallocTotal:   263061440 kB
VmallocUsed:      107904 kB
VmallocChunk:          0 kB
Percpu:             7648 kB
CmaTotal:         294912 kB
CmaFree:               0 kB
MemTotal:       12113136 kB
MemFree:         4256452 kB
MemAvailable:    7605592 kB
Buffers:            6688 kB
Cached:          2518280 kB
SwapCached:            0 kB
Active:          1833492 kB
Inactive:        2145644 kB
Active(anon):    1463336 kB
Inactive(anon):    34300 kB
Active(file):     370156 kB
Inactive(file):  2111344 kB
Unevictable:        5564 kB
Mlocked:            5564 kB
SwapTotal:       3145724 kB
SwapFree:        3145724 kB
Dirty:               440 kB
Writeback:             0 kB
AnonPages:       1459680 kB
Mapped:           979480 kB
Shmem:             38992 kB
KReclaimable:    1736344 kB
Slab:             272272 kB
SReclaimable:     117384 kB
SUnreclaim:       154888 kB
KernelStack:       50688 kB
PageTables:        71064 kB
NFS_Unstable:          0 kB
Bounce:                0 kB
WritebackTmp:          0 kB
CommitLimit:     9202292 kB
Committed_AS:   77572852 kB
VmallocTotal:   263061440 kB
VmallocUsed:      107888 kB
VmallocChunk:          0 kB
Percpu:             7648 kB
CmaTotal:         294912 kB
CmaFree:               0 kB
MemTotal:       12113136 kB
MemFree:         4264488 kB
MemAvailable:    7613636 kB
Buffers:            6688 kB
Cached:          2518288 kB
SwapCached:            0 kB
Active:          1825336 kB
Inactive:        2145652 kB
Active(anon):    1455180 kB
Inactive(anon):    34300 kB
Active(file):     370156 kB
Inactive(file):  2111352 kB
Unevictable:        5564 kB
Mlocked:            5564 kB
SwapTotal:       3145724 kB
SwapFree:        3145724 kB
Dirty:               496 kB
Writeback:             0 kB
AnonPages:       1451612 kB
Mapped:           979508 kB
Shmem:             38992 kB
KReclaimable:    1736344 kB
Slab:             272272 kB
SReclaimable:     117384 kB
SUnreclaim:       154888 kB
KernelStack:       50672 kB
PageTables:        71056 kB
NFS_Unstable:          0 kB
Bounce:                0 kB
WritebackTmp:          0 kB
CommitLimit:     9202292 kB
Committed_AS:   77578468 kB
VmallocTotal:   263061440 kB
VmallocUsed:      107904 kB
VmallocChunk:          0 kB
Percpu:             7648 kB
CmaTotal:         294912 kB
CmaFree:               8 kB
MemTotal:       12113136 kB
MemFree:         4263364 kB
MemAvailable:    7612536 kB
Buffers:            6696 kB
Cached:          2518304 kB
SwapCached:            0 kB
Active:          1826992 kB
Inactive:        2145668 kB
Active(anon):    1456828 kB
Inactive(anon):    34300 kB
Active(file):     370164 kB
Inactive(file):  2111368 kB
Unevictable:        5564 kB
Mlocked:            5564 kB
SwapTotal:       3145724 kB
SwapFree:        3145724 kB
Dirty:               536 kB
Writeback:             0 kB
AnonPages:       1452660 kB
Mapped:           979544 kB
Shmem:             38992 kB
KReclaimable:    1736344 kB
Slab:             272272 kB
SReclaimable:     117384 kB
SUnreclaim:       154888 kB
KernelStack:       50688 kB
PageTables:        70812 kB
NFS_Unstable:          0 kB
Bounce:                0 kB
WritebackTmp:          0 kB
CommitLimit:     9202292 kB
Committed_AS:   77567188 kB
VmallocTotal:   263061440 kB
VmallocUsed:      107888 kB
VmallocChunk:          0 kB
Percpu:             7648 kB
CmaTotal:         294912 kB
CmaFree:               0 kB
MemTotal:       12113136 kB
MemFree:         4262356 kB
MemAvailable:    7611560 kB
Buffers:            6696 kB
Cached:          2518336 kB
SwapCached:            0 kB
Active:          1827952 kB
Inactive:        2145692 kB
Active(anon):    1457780 kB
Inactive(anon):    34300 kB
Active(file):     370172 kB
Inactive(file):  2111392 kB
Unevictable:        5564 kB
Mlocked:            5564 kB
SwapTotal:       3145724 kB
SwapFree:        3145724 kB
Dirty:               272 kB
Writeback:             0 kB
AnonPages:       1454120 kB
Mapped:           979588 kB
Shmem:             38992 kB
KReclaimable:    1736344 kB
Slab:             272300 kB
SReclaimable:     117384 kB
SUnreclaim:       154916 kB
KernelStack:       50720 kB
PageTables:        71168 kB
NFS_Unstable:          0 kB
Bounce:                0 kB
WritebackTmp:          0 kB
CommitLimit:     9202292 kB
Committed_AS:   77562948 kB
VmallocTotal:   263061440 kB
VmallocUsed:      107888 kB
VmallocChunk:          0 kB
Percpu:             7648 kB
CmaTotal:         294912 kB
CmaFree:               0 kB
MemTotal:       12113136 kB
MemFree:         4261336 kB
MemAvailable:    7610540 kB
Buffers:            6696 kB
Cached:          2518336 kB
SwapCached:            0 kB
Active:          1829100 kB
Inactive:        2145700 kB
Active(anon):    1458936 kB
Inactive(anon):    34300 kB
Active(file):     370164 kB
Inactive(file):  2111400 kB
Unevictable:        5564 kB
Mlocked:            5564 kB
SwapTotal:       3145724 kB
SwapFree:        3145724 kB
Dirty:               372 kB
Writeback:             0 kB
AnonPages:       1454920 kB
Mapped:           979604 kB
Shmem:             38992 kB
KReclaimable:    1736344 kB
Slab:             272300 kB
SReclaimable:     117384 kB
SUnreclaim:       154916 kB
KernelStack:       50656 kB
PageTables:        71016 kB
NFS_Unstable:          0 kB
Bounce:                0 kB
WritebackTmp:          0 kB
CommitLimit:     9202292 kB
Committed_AS:   77572728 kB
VmallocTotal:   263061440 kB
VmallocUsed:      107872 kB
VmallocChunk:          0 kB
Percpu:             7648 kB
CmaTotal:         294912 kB
CmaFree:               0 kB
MemTotal:       12113136 kB
MemFree:         4275416 kB
MemAvailable:    7624636 kB
Buffers:            6696 kB
Cached:          2518352 kB
SwapCached:            0 kB
Active:          1816104 kB
Inactive:        2145716 kB
Active(anon):    1445940 kB
Inactive(anon):    34300 kB
Active(file):     370164 kB
Inactive(file):  2111416 kB
Unevictable:        5564 kB
Mlocked:            5564 kB
SwapTotal:       3145724 kB
SwapFree:        3145724 kB
Dirty:               416 kB
Writeback:             0 kB
AnonPages:       1442268 kB
Mapped:           979684 kB
Shmem:             38992 kB
KReclaimable:    1736344 kB
Slab:             272300 kB
SReclaimable:     117384 kB
SUnreclaim:       154916 kB
KernelStack:       50688 kB
PageTables:        71068 kB
NFS_Unstable:          0 kB
Bounce:                0 kB
WritebackTmp:          0 kB
CommitLimit:     9202292 kB
Committed_AS:   77563968 kB
VmallocTotal:   263061440 kB
VmallocUsed:      107936 kB
VmallocChunk:          0 kB
Percpu:             7648 kB
CmaTotal:         294912 kB
CmaFree:               0 kB
MemTotal:       12113136 kB
MemFree:         4272472 kB
MemAvailable:    7621704 kB
Buffers:            6696 kB
Cached:          2518364 kB
SwapCached:            0 kB
Active:          1817540 kB
Inactive:        2145728 kB
Active(anon):    1447376 kB
Inactive(anon):    34300 kB
Active(file):     370164 kB
Inactive(file):  2111428 kB
Unevictable:        5564 kB
Mlocked:            5564 kB
SwapTotal:       3145724 kB
SwapFree:        3145724 kB
Dirty:               452 kB
Writeback:             0 kB
AnonPages:       1443548 kB
Mapped:           979672 kB
Shmem:             38992 kB
KReclaimable:    1736344 kB
Slab:             272300 kB
SReclaimable:     117384 kB
SUnreclaim:       154916 kB
KernelStack:       50752 kB
PageTables:        71272 kB
NFS_Unstable:          0 kB
Bounce:                0 kB
WritebackTmp:          0 kB
CommitLimit:     9202292 kB
Committed_AS:   77570028 kB
VmallocTotal:   263061440 kB
VmallocUsed:      107904 kB
VmallocChunk:          0 kB
Percpu:             7648 kB
CmaTotal:         294912 kB
CmaFree:               0 kB
MemTotal:       12113136 kB
MemFree:         4270600 kB
MemAvailable:    7619860 kB
Buffers:            6696 kB
Cached:          2518392 kB
SwapCached:            0 kB
Active:          1818092 kB
Inactive:        2145752 kB
Active(anon):    1447924 kB
Inactive(anon):    34300 kB
Active(file):     370168 kB
Inactive(file):  2111452 kB
Unevictable:        5564 kB
Mlocked:            5564 kB
SwapTotal:       3145724 kB
SwapFree:        3145724 kB
Dirty:               532 kB
Writeback:             0 kB
AnonPages:       1444408 kB
Mapped:           979580 kB
Shmem:             38992 kB
KReclaimable:    1736344 kB
Slab:             272308 kB
SReclaimable:     117384 kB
SUnreclaim:       154924 kB
KernelStack:       50704 kB
PageTables:        71136 kB
NFS_Unstable:          0 kB
Bounce:                0 kB
WritebackTmp:          0 kB
CommitLimit:     9202292 kB
Committed_AS:   77565720 kB
VmallocTotal:   263061440 kB
VmallocUsed:      107904 kB
VmallocChunk:          0 kB
Percpu:             7648 kB
CmaTotal:         294912 kB
CmaFree:               0 kB
MemTotal:       12113136 kB
MemFree:         4270704 kB
MemAvailable:    7619996 kB
Buffers:            6704 kB
Cached:          2518412 kB
SwapCached:            0 kB
Active:          1819084 kB
Inactive:        2145776 kB
Active(anon):    1448912 kB
Inactive(anon):    34300 kB
Active(file):     370172 kB
Inactive(file):  2111476 kB
Unevictable:        5564 kB
Mlocked:            5564 kB
SwapTotal:       3145724 kB
SwapFree:        3145724 kB
Dirty:               276 kB
Writeback:             0 kB
AnonPages:       1445456 kB
Mapped:           979844 kB
Shmem:             38992 kB
KReclaimable:    1736348 kB
Slab:             272340 kB
SReclaimable:     117388 kB
SUnreclaim:       154952 kB
KernelStack:       50688 kB
PageTables:        71080 kB
NFS_Unstable:          0 kB
Bounce:                0 kB
WritebackTmp:          0 kB
CommitLimit:     9202292 kB
Committed_AS:   77570100 kB
VmallocTotal:   263061440 kB
VmallocUsed:      107904 kB
VmallocChunk:          0 kB
Percpu:             7648 kB
CmaTotal:         294912 kB
CmaFree:               0 kB
MemTotal:       12113136 kB
MemFree:         4273496 kB
MemAvailable:    7622800 kB
Buffers:            6704 kB
Cached:          2518424 kB
SwapCached:            0 kB
Active:          1816200 kB
Inactive:        2145788 kB
Active(anon):    1446028 kB
Inactive(anon):    34300 kB
Active(file):     370172 kB
Inactive(file):  2111488 kB
Unevictable:        5564 kB
Mlocked:            5564 kB
SwapTotal:       3145724 kB
SwapFree:        3145724 kB
Dirty:               388 kB
Writeback:             0 kB
AnonPages:       1441984 kB
Mapped:           979768 kB
Shmem:             38992 kB
KReclaimable:    1736348 kB
Slab:             272340 kB
SReclaimable:     117388 kB
SUnreclaim:       154952 kB
KernelStack:       50672 kB
PageTables:        71048 kB
NFS_Unstable:          0 kB
Bounce:                0 kB
WritebackTmp:          0 kB
CommitLimit:     9202292 kB
Committed_AS:   77567504 kB
VmallocTotal:   263061440 kB
VmallocUsed:      107888 kB
VmallocChunk:          0 kB
Percpu:             7648 kB
CmaTotal:         294912 kB
CmaFree:               0 kB
MemTotal:       12113136 kB
MemFree:         4272228 kB
MemAvailable:    7621552 kB
Buffers:            6704 kB
Cached:          2518444 kB
SwapCached:            0 kB
Active:          1817060 kB
Inactive:        2145808 kB
Active(anon):    1446888 kB
Inactive(anon):    34300 kB
Active(file):     370172 kB
Inactive(file):  2111508 kB
Unevictable:        5564 kB
Mlocked:            5564 kB
SwapTotal:       3145724 kB
SwapFree:        3145724 kB
Dirty:               452 kB
Writeback:             0 kB
AnonPages:       1443292 kB
Mapped:           979800 kB
Shmem:             38992 kB
KReclaimable:    1736348 kB
Slab:             272356 kB
SReclaimable:     117388 kB
SUnreclaim:       154968 kB
KernelStack:       50688 kB
PageTables:        71248 kB
NFS_Unstable:          0 kB
Bounce:                0 kB
WritebackTmp:          0 kB
CommitLimit:     9202292 kB
Committed_AS:   77572872 kB
VmallocTotal:   263061440 kB
VmallocUsed:      107888 kB
VmallocChunk:          0 kB
Percpu:             7648 kB
CmaTotal:         294912 kB
CmaFree:               0 kB
MemTotal:       12113136 kB
MemFree:         4270576 kB
MemAvailable:    7619912 kB
Buffers:            6704 kB
Cached:          2518456 kB
SwapCached:            0 kB
Active:          1818140 kB
Inactive:        2145820 kB
Active(anon):    1447968 kB
Inactive(anon):    34300 kB
Active(file):     370172 kB
Inactive(file):  2111520 kB
Unevictable:        5564 kB
Mlocked:            5564 kB
SwapTotal:       3145724 kB
SwapFree:        3145724 kB
Dirty:               492 kB
Writeback:             0 kB
AnonPages:       1444492 kB
Mapped:           979824 kB
Shmem:             38992 kB
KReclaimable:    1736348 kB
Slab:             272340 kB
SReclaimable:     117388 kB
SUnreclaim:       154952 kB
KernelStack:       50656 kB
PageTables:        71148 kB
NFS_Unstable:          0 kB
Bounce:                0 kB
WritebackTmp:          0 kB
CommitLimit:     9202292 kB
Committed_AS:   77569888 kB
VmallocTotal:   263061440 kB
VmallocUsed:      107904 kB
VmallocChunk:          0 kB
Percpu:             7648 kB
CmaTotal:         294912 kB
CmaFree:               4 kB
MemTotal:       12113136 kB
MemFree:         4270296 kB
MemAvailable:    7619648 kB
Buffers:            6704 kB
Cached:          2518472 kB
SwapCached:            0 kB
Active:          1820204 kB
Inactive:        2145836 kB
Active(anon):    1450032 kB
Inactive(anon):    34300 kB
Active(file):     370172 kB
Inactive(file):  2111536 kB
Unevictable:        5564 kB
Mlocked:            5564 kB
SwapTotal:       3145724 kB
SwapFree:        3145724 kB
Dirty:               528 kB
Writeback:             0 kB
AnonPages:       1446496 kB
Mapped:           979856 kB
Shmem:             38992 kB
KReclaimable:    1736348 kB
Slab:             272340 kB
SReclaimable:     117388 kB
SUnreclaim:       154952 kB
KernelStack:       50688 kB
PageTables:        71116 kB
NFS_Unstable:          0 kB
Bounce:                0 kB
WritebackTmp:          0 kB
CommitLimit:     9202292 kB
Committed_AS:   77575168 kB
VmallocTotal:   263061440 kB
VmallocUsed:      107840 kB
VmallocChunk:          0 kB
Percpu:             7648 kB
CmaTotal:         294912 kB
CmaFree:               0 kB
MemTotal:       12113136 kB
MemFree:         4267672 kB
MemAvailable:    7617044 kB
Buffers:            6704 kB
Cached:          2518492 kB
SwapCached:            0 kB
Active:          1820972 kB
Inactive:        2145852 kB
Active(anon):    1450796 kB
Inactive(anon):    34300 kB
Active(file):     370176 kB
Inactive(file):  2111552 kB
Unevictable:        5564 kB
Mlocked:            5564 kB
SwapTotal:       3145724 kB
SwapFree:        3145724 kB
Dirty:               320 kB
Writeback:             0 kB
AnonPages:       1447208 kB
Mapped:           979884 kB
Shmem:             38992 kB
KReclaimable:    1736348 kB
Slab:             272340 kB
SReclaimable:     117388 kB
SUnreclaim:       154952 kB
KernelStack:       50624 kB
PageTables:        71068 kB
NFS_Unstable:          0 kB
Bounce:                0 kB
WritebackTmp:          0 kB
CommitLimit:     9202292 kB
Committed_AS:   77580324 kB
VmallocTotal:   263061440 kB
VmallocUsed:      107856 kB
VmallocChunk:          0 kB
Percpu:             7648 kB
CmaTotal:         294912 kB
CmaFree:               0 kB
MemTotal:       12113136 kB
MemFree:         4266880 kB
MemAvailable:    7616540 kB
Buffers:            6704 kB
Cached:          2518492 kB
SwapCached:            0 kB
Active:          1821780 kB
Inactive:        2145852 kB
Active(anon):    1451604 kB
Inactive(anon):    34300 kB
Active(file):     370176 kB
Inactive(file):  2111552 kB
Unevictable:        5564 kB
Mlocked:            5564 kB
SwapTotal:       3145724 kB
SwapFree:        3145724 kB
Dirty:               380 kB
Writeback:             0 kB
AnonPages:       1447824 kB
Mapped:           979932 kB
Shmem:             38992 kB
KReclaimable:    1736348 kB
Slab:             272280 kB
SReclaimable:     117388 kB
SUnreclaim:       154892 kB
KernelStack:       50640 kB
PageTables:        71188 kB
NFS_Unstable:          0 kB
Bounce:                0 kB
WritebackTmp:          0 kB
CommitLimit:     9202292 kB
Committed_AS:   77579220 kB
VmallocTotal:   263061440 kB
VmallocUsed:      107856 kB
VmallocChunk:          0 kB
Percpu:             7648 kB
CmaTotal:         294912 kB
CmaFree:               0 kB
MemTotal:       12113136 kB
MemFree:         4265948 kB
MemAvailable:    7615336 kB
Buffers:            6704 kB
Cached:          2518508 kB
SwapCached:            0 kB
Active:          1823776 kB
Inactive:        2145868 kB
Active(anon):    1453600 kB
Inactive(anon):    34300 kB
Active(file):     370176 kB
Inactive(file):  2111568 kB
Unevictable:        5564 kB
Mlocked:            5564 kB
SwapTotal:       3145724 kB
SwapFree:        3145724 kB
Dirty:               416 kB
Writeback:             0 kB
AnonPages:       1450036 kB
Mapped:           979964 kB
Shmem:             38992 kB
KReclaimable:    1736348 kB
Slab:             272272 kB
SReclaimable:     117388 kB
SUnreclaim:       154884 kB
KernelStack:       50640 kB
PageTables:        70964 kB
NFS_Unstable:          0 kB
Bounce:                0 kB
WritebackTmp:          0 kB
CommitLimit:     9202292 kB
Committed_AS:   77568592 kB
VmallocTotal:   263061440 kB
VmallocUsed:      107840 kB
VmallocChunk:          0 kB
Percpu:             7648 kB
CmaTotal:         294912 kB
CmaFree:               0 kB
MemTotal:       12113136 kB
MemFree:         4262896 kB
MemAvailable:    7612296 kB
Buffers:            6704 kB
Cached:          2518524 kB
SwapCached:            0 kB
Active:          1826548 kB
Inactive:        2145884 kB
Active(anon):    1456372 kB
Inactive(anon):    34304 kB
Active(file):     370176 kB
Inactive(file):  2111580 kB
Unevictable:        5564 kB
Mlocked:            5564 kB
SwapTotal:       3145724 kB
SwapFree:        3145724 kB
Dirty:               472 kB
Writeback:             0 kB
AnonPages:       1452536 kB
Mapped:           979988 kB
Shmem:             38996 kB
KReclaimable:    1736348 kB
Slab:             272280 kB
SReclaimable:     117388 kB
SUnreclaim:       154892 kB
KernelStack:       50624 kB
PageTables:        71148 kB
NFS_Unstable:          0 kB
Bounce:                0 kB
WritebackTmp:          0 kB
CommitLimit:     9202292 kB
Committed_AS:   77580624 kB
VmallocTotal:   263061440 kB
VmallocUsed:      107856 kB
VmallocChunk:          0 kB
Percpu:             7648 kB
CmaTotal:         294912 kB
CmaFree:               0 kB
MemTotal:       12113136 kB
MemFree:         4262256 kB
MemAvailable:    7611668 kB
Buffers:            6704 kB
Cached:          2518536 kB
SwapCached:            0 kB
Active:          1828112 kB
Inactive:        2145896 kB
Active(anon):    1457936 kB
Inactive(anon):    34304 kB
Active(file):     370176 kB
Inactive(file):  2111592 kB
Unevictable:        5564 kB
Mlocked:            5564 kB
SwapTotal:       3145724 kB
SwapFree:        3145724 kB
Dirty:               556 kB
Writeback:             0 kB
AnonPages:       1454428 kB
Mapped:           979284 kB
Shmem:             38996 kB
KReclaimable:    1736348 kB
Slab:             272272 kB
SReclaimable:     117388 kB
SUnreclaim:       154884 kB
KernelStack:       50576 kB
PageTables:        71024 kB
NFS_Unstable:          0 kB
Bounce:                0 kB
WritebackTmp:          0 kB
CommitLimit:     9202292 kB
Committed_AS:   77582668 kB
VmallocTotal:   263061440 kB
VmallocUsed:      107872 kB
VmallocChunk:          0 kB
Percpu:             7648 kB
CmaTotal:         294912 kB
CmaFree:               0 kB
MemTotal:       12113136 kB
MemFree:         4260964 kB
MemAvailable:    7610396 kB
Buffers:            6704 kB
Cached:          2518556 kB
SwapCached:            0 kB
Active:          1828876 kB
Inactive:        2145912 kB
Active(anon):    1458696 kB
Inactive(anon):    34304 kB
Active(file):     370180 kB
Inactive(file):  2111608 kB
Unevictable:        5564 kB
Mlocked:            5564 kB
SwapTotal:       3145724 kB
SwapFree:        3145724 kB
Dirty:               340 kB
Writeback:             0 kB
AnonPages:       1454816 kB
Mapped:           979344 kB
Shmem:             38996 kB
KReclaimable:    1736348 kB
Slab:             272272 kB
SReclaimable:     117388 kB
SUnreclaim:       154884 kB
KernelStack:       50592 kB
PageTables:        71060 kB
NFS_Unstable:          0 kB
Bounce:                0 kB
WritebackTmp:          0 kB
CommitLimit:     9202292 kB
Committed_AS:   77571056 kB
VmallocTotal:   263061440 kB
VmallocUsed:      107856 kB
VmallocChunk:          0 kB
Percpu:             7648 kB
CmaTotal:         294912 kB
CmaFree:               0 kB
MemTotal:       12113136 kB
MemFree:         4260172 kB
MemAvailable:    7609612 kB
Buffers:            6704 kB
Cached:          2518564 kB
SwapCached:            0 kB
Active:          1829380 kB
Inactive:        2145924 kB
Active(anon):    1459204 kB
Inactive(anon):    34304 kB
Active(file):     370176 kB
Inactive(file):  2111620 kB
Unevictable:        5564 kB
Mlocked:            5564 kB
SwapTotal:       3145724 kB
SwapFree:        3145724 kB
Dirty:               440 kB
Writeback:             0 kB
AnonPages:       1455812 kB
Mapped:           979392 kB
Shmem:             38996 kB
KReclaimable:    1736348 kB
Slab:             272308 kB
SReclaimable:     117388 kB
SUnreclaim:       154920 kB
KernelStack:       50544 kB
PageTables:        71052 kB
NFS_Unstable:          0 kB
Bounce:                0 kB
WritebackTmp:          0 kB
CommitLimit:     9202292 kB
Committed_AS:   77572276 kB
VmallocTotal:   263061440 kB
VmallocUsed:      107840 kB
VmallocChunk:          0 kB
Percpu:             7648 kB
CmaTotal:         294912 kB
CmaFree:               0 kB
MemTotal:       12113136 kB
MemFree:         4259248 kB
MemAvailable:    7608704 kB
Buffers:            6704 kB
Cached:          2518580 kB
SwapCached:            0 kB
Active:          1831228 kB
Inactive:        2145940 kB
Active(anon):    1461052 kB
Inactive(anon):    34304 kB
Active(file):     370176 kB
Inactive(file):  2111636 kB
Unevictable:        5564 kB
Mlocked:            5564 kB
SwapTotal:       3145724 kB
SwapFree:        3145724 kB
Dirty:               480 kB
Writeback:             0 kB
AnonPages:       1457556 kB
Mapped:           979424 kB
Shmem:             38996 kB
KReclaimable:    1736348 kB
Slab:             272316 kB
SReclaimable:     117388 kB
SUnreclaim:       154928 kB
KernelStack:       50528 kB
PageTables:        70972 kB
NFS_Unstable:          0 kB
Bounce:                0 kB
WritebackTmp:          0 kB
CommitLimit:     9202292 kB
Committed_AS:   77562532 kB
VmallocTotal:   263061440 kB
VmallocUsed:      107824 kB
VmallocChunk:          0 kB
Percpu:             7648 kB
CmaTotal:         294912 kB
CmaFree:               0 kB
MemTotal:       12113136 kB
MemFree:         4257772 kB
MemAvailable:    7607240 kB
Buffers:            6704 kB
Cached:          2518592 kB
SwapCached:            0 kB
Active:          1832840 kB
Inactive:        2145952 kB
Active(anon):    1462664 kB
Inactive(anon):    34304 kB
Active(file):     370176 kB
Inactive(file):  2111648 kB
Unevictable:        5564 kB
Mlocked:            5564 kB
SwapTotal:       3145724 kB
SwapFree:        3145724 kB
Dirty:               532 kB
Writeback:             0 kB
AnonPages:       1459208 kB
Mapped:           979436 kB
Shmem:             38996 kB
KReclaimable:    1736348 kB
Slab:             272308 kB
SReclaimable:     117388 kB
SUnreclaim:       154920 kB
KernelStack:       50576 kB
PageTables:        71160 kB
NFS_Unstable:          0 kB
Bounce:                0 kB
WritebackTmp:          0 kB
CommitLimit:     9202292 kB
Committed_AS:   77577468 kB
VmallocTotal:   263061440 kB
VmallocUsed:      107856 kB
VmallocChunk:          0 kB
Percpu:             7648 kB
CmaTotal:         294912 kB
CmaFree:               0 kB
MemTotal:       12113136 kB
MemFree:         4256292 kB
MemAvailable:    7605772 kB
Buffers:            6704 kB
Cached:          2518604 kB
SwapCached:            0 kB
Active:          1833508 kB
Inactive:        2145964 kB
Active(anon):    1463332 kB
Inactive(anon):    34304 kB
Active(file):     370176 kB
Inactive(file):  2111660 kB
Unevictable:        5564 kB
Mlocked:            5564 kB
SwapTotal:       3145724 kB
SwapFree:        3145724 kB
Dirty:               572 kB
Writeback:             0 kB
AnonPages:       1459636 kB
Mapped:           979468 kB
Shmem:             38996 kB
KReclaimable:    1736348 kB
Slab:             272308 kB
SReclaimable:     117388 kB
SUnreclaim:       154920 kB
KernelStack:       50576 kB
PageTables:        71160 kB
NFS_Unstable:          0 kB
Bounce:                0 kB
WritebackTmp:          0 kB
CommitLimit:     9202292 kB
Committed_AS:   77577500 kB
VmallocTotal:   263061440 kB
VmallocUsed:      107840 kB
VmallocChunk:          0 kB
Percpu:             7648 kB
CmaTotal:         294912 kB
CmaFree:               0 kB
MemTotal:       12113136 kB
MemFree:         4255992 kB
MemAvailable:    7605508 kB
Buffers:            6712 kB
Cached:          2518632 kB
SwapCached:            0 kB
Active:          1834184 kB
Inactive:        2145992 kB
Active(anon):    1464000 kB
Inactive(anon):    34304 kB
Active(file):     370184 kB
Inactive(file):  2111688 kB
Unevictable:        5564 kB
Mlocked:            5564 kB
SwapTotal:       3145724 kB
SwapFree:        3145724 kB
Dirty:               584 kB
Writeback:             0 kB
AnonPages:       1460396 kB
Mapped:           979508 kB
Shmem:             38996 kB
KReclaimable:    1736348 kB
Slab:             272308 kB
SReclaimable:     117388 kB
SUnreclaim:       154920 kB
KernelStack:       50512 kB
PageTables:        71044 kB
NFS_Unstable:          0 kB
Bounce:                0 kB
WritebackTmp:          0 kB
CommitLimit:     9202292 kB
Committed_AS:   77563572 kB
VmallocTotal:   263061440 kB
VmallocUsed:      107760 kB
VmallocChunk:          0 kB
Percpu:             7648 kB
CmaTotal:         294912 kB
CmaFree:               0 kB
MemTotal:       12113136 kB
MemFree:         4253604 kB
MemAvailable:    7603144 kB
Buffers:            6712 kB
Cached:          2518656 kB
SwapCached:            0 kB
Active:          1835564 kB
Inactive:        2146016 kB
Active(anon):    1465380 kB
Inactive(anon):    34304 kB
Active(file):     370184 kB
Inactive(file):  2111712 kB
Unevictable:        5564 kB
Mlocked:            5564 kB
SwapTotal:       3145724 kB
SwapFree:        3145724 kB
Dirty:               632 kB
Writeback:             0 kB
AnonPages:       1461444 kB
Mapped:           979532 kB
Shmem:             38996 kB
KReclaimable:    1736348 kB
Slab:             272308 kB
SReclaimable:     117388 kB
SUnreclaim:       154920 kB
KernelStack:       50528 kB
PageTables:        71100 kB
NFS_Unstable:          0 kB
Bounce:                0 kB
WritebackTmp:          0 kB
CommitLimit:     9202292 kB
Committed_AS:   77568588 kB
VmallocTotal:   263061440 kB
VmallocUsed:      107792 kB
VmallocChunk:          0 kB
Percpu:             7648 kB
CmaTotal:         294912 kB
CmaFree:               0 kB
MemTotal:       12113136 kB
MemFree:         4252720 kB
MemAvailable:    7602272 kB
Buffers:            6712 kB
Cached:          2518668 kB
SwapCached:            0 kB
Active:          1836928 kB
Inactive:        2146028 kB
Active(anon):    1466744 kB
Inactive(anon):    34304 kB
Active(file):     370184 kB
Inactive(file):  2111724 kB
Unevictable:        5564 kB
Mlocked:            5564 kB
SwapTotal:       3145724 kB
SwapFree:        3145724 kB
Dirty:               716 kB
Writeback:             0 kB
AnonPages:       1463488 kB
Mapped:           979576 kB
Shmem:             38996 kB
KReclaimable:    1736348 kB
Slab:             272308 kB
SReclaimable:     117388 kB
SUnreclaim:       154920 kB
KernelStack:       50544 kB
PageTables:        71132 kB
NFS_Unstable:          0 kB
Bounce:                0 kB
WritebackTmp:          0 kB
CommitLimit:     9202292 kB
Committed_AS:   77572780 kB
VmallocTotal:   263061440 kB
VmallocUsed:      107792 kB
VmallocChunk:          0 kB
Percpu:             7648 kB
CmaTotal:         294912 kB
CmaFree:               0 kB
MemTotal:       12113136 kB
MemFree:         4252716 kB
MemAvailable:    7602276 kB
Buffers:            6712 kB
Cached:          2518676 kB
SwapCached:            0 kB
Active:          1837580 kB
Inactive:        2146036 kB
Active(anon):    1467396 kB
Inactive(anon):    34304 kB
Active(file):     370184 kB
Inactive(file):  2111732 kB
Unevictable:        5564 kB
Mlocked:            5564 kB
SwapTotal:       3145724 kB
SwapFree:        3145724 kB
Dirty:               748 kB
Writeback:             0 kB
AnonPages:       1463944 kB
Mapped:           979600 kB
Shmem:             38996 kB
KReclaimable:    1736348 kB
Slab:             272308 kB
SReclaimable:     117388 kB
SUnreclaim:       154920 kB
KernelStack:       50496 kB
PageTables:        71056 kB
NFS_Unstable:          0 kB
Bounce:                0 kB
WritebackTmp:          0 kB
CommitLimit:     9202292 kB
Committed_AS:   77573428 kB
VmallocTotal:   263061440 kB
VmallocUsed:      107728 kB
VmallocChunk:          0 kB
Percpu:             7648 kB
CmaTotal:         294912 kB
CmaFree:               0 kB
MemTotal:       12113136 kB
MemFree:         4253144 kB
MemAvailable:    7602716 kB
Buffers:            6712 kB
Cached:          2518688 kB
SwapCached:            0 kB
Active:          1836204 kB
Inactive:        2146048 kB
Active(anon):    1466020 kB
Inactive(anon):    34304 kB
Active(file):     370184 kB
Inactive(file):  2111744 kB
Unevictable:        5564 kB
Mlocked:            5564 kB
SwapTotal:       3145724 kB
SwapFree:        3145724 kB
Dirty:               792 kB
Writeback:             0 kB
AnonPages:       1462300 kB
Mapped:           979636 kB
Shmem:             38996 kB
KReclaimable:    1736348 kB
Slab:             272316 kB
SReclaimable:     117388 kB
SUnreclaim:       154928 kB
KernelStack:       50512 kB
PageTables:        71044 kB
NFS_Unstable:          0 kB
Bounce:                0 kB
WritebackTmp:          0 kB
CommitLimit:     9202292 kB
Committed_AS:   77585412 kB
VmallocTotal:   263061440 kB
VmallocUsed:      107760 kB
VmallocChunk:          0 kB
Percpu:             7648 kB
CmaTotal:         294912 kB
CmaFree:               0 kB
MemTotal:       12113136 kB
MemFree:         4252424 kB
MemAvailable:    7602008 kB
Buffers:            6712 kB
Cached:          2518700 kB
SwapCached:            0 kB
Active:          1836600 kB
Inactive:        2146060 kB
Active(anon):    1466416 kB
Inactive(anon):    34304 kB
Active(file):     370184 kB
Inactive(file):  2111756 kB
Unevictable:        5564 kB
Mlocked:            5564 kB
SwapTotal:       3145724 kB
SwapFree:        3145724 kB
Dirty:               352 kB
Writeback:             0 kB
AnonPages:       1462868 kB
Mapped:           979664 kB
Shmem:             38996 kB
KReclaimable:    1736348 kB
Slab:             272316 kB
SReclaimable:     117388 kB
SUnreclaim:       154928 kB
KernelStack:       50496 kB
PageTables:        71056 kB
NFS_Unstable:          0 kB
Bounce:                0 kB
WritebackTmp:          0 kB
CommitLimit:     9202292 kB
Committed_AS:   77579860 kB
VmallocTotal:   263061440 kB
VmallocUsed:      107728 kB
