MemTotal:       12113136 kB
MemFree:         6434432 kB
MemAvailable:    8040316 kB
Buffers:            5748 kB
Cached:          1835860 kB
SwapCached:            0 kB
Active:          1450816 kB
Inactive:        1594908 kB
Active(anon):    1210604 kB
Inactive(anon):    24852 kB
Active(file):     240212 kB
Inactive(file):  1570056 kB
Unevictable:        5620 kB
Mlocked:            5620 kB
SwapTotal:       3145724 kB
SwapFree:        3145724 kB
Dirty:                96 kB
Writeback:             0 kB
AnonPages:       1209628 kB
Mapped:           854268 kB
Shmem:             26772 kB
KReclaimable:     664320 kB
Slab:             222548 kB
SReclaimable:      77256 kB
SUnreclaim:       145292 kB
KernelStack:       45920 kB
PageTables:        62136 kB
NFS_Unstable:          0 kB
Bounce:                0 kB
WritebackTmp:          0 kB
CommitLimit:     9202292 kB
Committed_AS:   65805920 kB
VmallocTotal:   263061440 kB
VmallocUsed:      102944 kB
VmallocChunk:          0 kB
Percpu:             7552 kB
CmaTotal:         294912 kB
CmaFree:               0 kB
MemTotal:       12113136 kB
MemFree:         6433136 kB
MemAvailable:    8039080 kB
Buffers:            5748 kB
Cached:          1835920 kB
SwapCached:            0 kB
Active:          1451748 kB
Inactive:        1594940 kB
Active(anon):    1211508 kB
Inactive(anon):    24852 kB
Active(file):     240240 kB
Inactive(file):  1570088 kB
Unevictable:        5620 kB
Mlocked:            5620 kB
SwapTotal:       3145724 kB
SwapFree:        3145724 kB
Dirty:               156 kB
Writeback:             0 kB
AnonPages:       1210700 kB
Mapped:           854268 kB
Shmem:             26772 kB
KReclaimable:     664320 kB
Slab:             222556 kB
SReclaimable:      77256 kB
SUnreclaim:       145300 kB
KernelStack:       45920 kB
PageTables:        62140 kB
NFS_Unstable:          0 kB
Bounce:                0 kB
WritebackTmp:          0 kB
CommitLimit:     9202292 kB
Committed_AS:   65807372 kB
VmallocTotal:   263061440 kB
VmallocUsed:      102928 kB
VmallocChunk:          0 kB
Percpu:             7552 kB
CmaTotal:         294912 kB
CmaFree:               0 kB
MemTotal:       12113136 kB
MemFree:         6443876 kB
MemAvailable:    8049832 kB
Buffers:            5748 kB
Cached:          1835932 kB
SwapCached:            0 kB
Active:          1439124 kB
Inactive:        1594952 kB
Active(anon):    1198884 kB
Inactive(anon):    24852 kB
Active(file):     240240 kB
Inactive(file):  1570100 kB
Unevictable:        5620 kB
Mlocked:            5620 kB
SwapTotal:       3145724 kB
SwapFree:        3145724 kB
Dirty:               176 kB
Writeback:             0 kB
AnonPages:       1197948 kB
Mapped:           854332 kB
Shmem:             26772 kB
KReclaimable:     664320 kB
Slab:             222564 kB
SReclaimable:      77256 kB
SUnreclaim:       145308 kB
KernelStack:       45904 kB
PageTables:        62132 kB
NFS_Unstable:          0 kB
Bounce:                0 kB
WritebackTmp:          0 kB
CommitLimit:     9202292 kB
Committed_AS:   65807516 kB
VmallocTotal:   263061440 kB
VmallocUsed:      102880 kB
VmallocChunk:          0 kB
Percpu:             7552 kB
CmaTotal:         294912 kB
CmaFree:             256 kB
MemTotal:       12113136 kB
MemFree:         6443524 kB
MemAvailable:    8049492 kB
Buffers:            5748 kB
Cached:          1835944 kB
SwapCached:            0 kB
Active:          1440168 kB
Inactive:        1594964 kB
Active(anon):    1199928 kB
Inactive(anon):    24852 kB
Active(file):     240240 kB
Inactive(file):  1570112 kB
Unevictable:        5620 kB
Mlocked:            5620 kB
SwapTotal:       3145724 kB
SwapFree:        3145724 kB
Dirty:               232 kB
Writeback:             0 kB
AnonPages:       1198932 kB
Mapped:           854332 kB
Shmem:             26772 kB
KReclaimable:     664320 kB
Slab:             222556 kB
SReclaimable:      77256 kB
SUnreclaim:       145300 kB
KernelStack:       45920 kB
PageTables:        62116 kB
NFS_Unstable:          0 kB
Bounce:                0 kB
WritebackTmp:          0 kB
CommitLimit:     9202292 kB
Committed_AS:   65802104 kB
VmallocTotal:   263061440 kB
VmallocUsed:      102880 kB
VmallocChunk:          0 kB
Percpu:             7552 kB
CmaTotal:         294912 kB
CmaFree:             136 kB
MemTotal:       12113136 kB
MemFree:         6443748 kB
MemAvailable:    8049732 kB
Buffers:            5748 kB
Cached:          1835960 kB
SwapCached:            0 kB
Active:          1439072 kB
Inactive:        1594980 kB
Active(anon):    1198832 kB
Inactive(anon):    24852 kB
Active(file):     240240 kB
Inactive(file):  1570128 kB
Unevictable:        5620 kB
Mlocked:            5620 kB
SwapTotal:       3145724 kB
SwapFree:        3145724 kB
Dirty:               264 kB
Writeback:             0 kB
AnonPages:       1197868 kB
Mapped:           854332 kB
Shmem:             26772 kB
KReclaimable:     664320 kB
Slab:             222560 kB
SReclaimable:      77256 kB
SUnreclaim:       145304 kB
KernelStack:       45904 kB
PageTables:        62136 kB
NFS_Unstable:          0 kB
Bounce:                0 kB
WritebackTmp:          0 kB
CommitLimit:     9202292 kB
Committed_AS:   65804712 kB
VmallocTotal:   263061440 kB
VmallocUsed:      102944 kB
VmallocChunk:          0 kB
Percpu:             7552 kB
CmaTotal:         294912 kB
CmaFree:               8 kB
MemTotal:       12113136 kB
MemFree:         6446652 kB
MemAvailable:    8052648 kB
Buffers:            5748 kB
Cached:          1835980 kB
SwapCached:            0 kB
Active:          1437000 kB
Inactive:        1594992 kB
Active(anon):    1196752 kB
Inactive(anon):    24860 kB
Active(file):     240248 kB
Inactive(file):  1570132 kB
Unevictable:        5620 kB
Mlocked:            5620 kB
SwapTotal:       3145724 kB
SwapFree:        3145724 kB
Dirty:               452 kB
Writeback:             0 kB
AnonPages:       1196072 kB
Mapped:           854340 kB
Shmem:             26780 kB
KReclaimable:     664320 kB
Slab:             222560 kB
SReclaimable:      77256 kB
SUnreclaim:       145304 kB
KernelStack:       45984 kB
PageTables:        62148 kB
NFS_Unstable:          0 kB
Bounce:                0 kB
WritebackTmp:          0 kB
CommitLimit:     9202292 kB
Committed_AS:   65805644 kB
VmallocTotal:   263061440 kB
VmallocUsed:      102976 kB
VmallocChunk:          0 kB
Percpu:             7552 kB
CmaTotal:         294912 kB
CmaFree:               0 kB
MemTotal:       12113136 kB
MemFree:         6445676 kB
MemAvailable:    8051676 kB
Buffers:            5748 kB
Cached:          1835984 kB
SwapCached:            0 kB
Active:          1438356 kB
Inactive:        1594996 kB
Active(anon):    1198108 kB
Inactive(anon):    24860 kB
Active(file):     240248 kB
Inactive(file):  1570136 kB
Unevictable:        5620 kB
Mlocked:            5620 kB
SwapTotal:       3145724 kB
SwapFree:        3145724 kB
Dirty:               460 kB
Writeback:             0 kB
AnonPages:       1197136 kB
Mapped:           867784 kB
Shmem:             26780 kB
KReclaimable:     664320 kB
Slab:             222560 kB
SReclaimable:      77256 kB
SUnreclaim:       145304 kB
KernelStack:       45984 kB
PageTables:        62192 kB
NFS_Unstable:          0 kB
Bounce:                0 kB
WritebackTmp:          0 kB
CommitLimit:     9202292 kB
Committed_AS:   65807668 kB
VmallocTotal:   263061440 kB
VmallocUsed:      102992 kB
VmallocChunk:          0 kB
Percpu:             7552 kB
CmaTotal:         294912 kB
CmaFree:               0 kB
MemTotal:       12113136 kB
MemFree:         6443792 kB
MemAvailable:    8049804 kB
Buffers:            5748 kB
Cached:          1835996 kB
SwapCached:            0 kB
Active:          1438948 kB
Inactive:        1595008 kB
Active(anon):    1198700 kB
Inactive(anon):    24860 kB
Active(file):     240248 kB
Inactive(file):  1570148 kB
Unevictable:        5620 kB
Mlocked:            5620 kB
SwapTotal:       3145724 kB
SwapFree:        3145724 kB
Dirty:               472 kB
Writeback:             0 kB
AnonPages:       1197656 kB
Mapped:           867784 kB
Shmem:             26780 kB
KReclaimable:     664320 kB
Slab:             222548 kB
SReclaimable:      77256 kB
SUnreclaim:       145292 kB
KernelStack:       45984 kB
PageTables:        62160 kB
NFS_Unstable:          0 kB
Bounce:                0 kB
WritebackTmp:          0 kB
CommitLimit:     9202292 kB
Committed_AS:   65806756 kB
VmallocTotal:   263061440 kB
VmallocUsed:      103024 kB
VmallocChunk:          0 kB
Percpu:             7552 kB
CmaTotal:         294912 kB
CmaFree:               0 kB
MemTotal:       12113136 kB
MemFree:         6443736 kB
MemAvailable:    8049764 kB
Buffers:            5748 kB
Cached:          1836016 kB
SwapCached:            0 kB
Active:          1438976 kB
Inactive:        1595028 kB
Active(anon):    1198728 kB
Inactive(anon):    24860 kB
Active(file):     240248 kB
Inactive(file):  1570168 kB
Unevictable:        5620 kB
Mlocked:            5620 kB
SwapTotal:       3145724 kB
SwapFree:        3145724 kB
Dirty:               612 kB
Writeback:             0 kB
AnonPages:       1197856 kB
Mapped:           867784 kB
Shmem:             26780 kB
KReclaimable:     664316 kB
Slab:             222560 kB
SReclaimable:      77252 kB
SUnreclaim:       145308 kB
KernelStack:       46016 kB
PageTables:        62192 kB
NFS_Unstable:          0 kB
Bounce:                0 kB
WritebackTmp:          0 kB
CommitLimit:     9202292 kB
Committed_AS:   65813308 kB
VmallocTotal:   263061440 kB
VmallocUsed:      102992 kB
VmallocChunk:          0 kB
Percpu:             7552 kB
CmaTotal:         294912 kB
CmaFree:               0 kB
MemTotal:       12113136 kB
MemFree:         6444172 kB
MemAvailable:    8050208 kB
Buffers:            5748 kB
Cached:          1836024 kB
SwapCached:            0 kB
Active:          1439564 kB
Inactive:        1595036 kB
Active(anon):    1199316 kB
Inactive(anon):    24860 kB
Active(file):     240248 kB
Inactive(file):  1570176 kB
Unevictable:        5620 kB
Mlocked:            5620 kB
SwapTotal:       3145724 kB
SwapFree:        3145724 kB
Dirty:               716 kB
Writeback:             0 kB
AnonPages:       1198532 kB
Mapped:           867784 kB
Shmem:             26780 kB
KReclaimable:     664316 kB
Slab:             222564 kB
SReclaimable:      77252 kB
SUnreclaim:       145312 kB
KernelStack:       45968 kB
PageTables:        62132 kB
NFS_Unstable:          0 kB
Bounce:                0 kB
WritebackTmp:          0 kB
CommitLimit:     9202292 kB
Committed_AS:   65807976 kB
VmallocTotal:   263061440 kB
VmallocUsed:      102976 kB
VmallocChunk:          0 kB
Percpu:             7552 kB
CmaTotal:         294912 kB
CmaFree:               0 kB
MemTotal:       12113136 kB
MemFree:         6443844 kB
MemAvailable:    8049896 kB
Buffers:            5748 kB
Cached:          1836040 kB
SwapCached:            0 kB
Active:          1440800 kB
Inactive:        1595052 kB
Active(anon):    1200552 kB
Inactive(anon):    24860 kB
Active(file):     240248 kB
Inactive(file):  1570192 kB
Unevictable:        5620 kB
Mlocked:            5620 kB
SwapTotal:       3145724 kB
SwapFree:        3145724 kB
Dirty:               240 kB
Writeback:             0 kB
AnonPages:       1199636 kB
Mapped:           867784 kB
Shmem:             26780 kB
KReclaimable:     664316 kB
Slab:             222172 kB
SReclaimable:      77252 kB
SUnreclaim:       144920 kB
KernelStack:       45984 kB
PageTables:        62188 kB
NFS_Unstable:          0 kB
Bounce:                0 kB
WritebackTmp:          0 kB
CommitLimit:     9202292 kB
Committed_AS:   65807892 kB
VmallocTotal:   263061440 kB
VmallocUsed:      102992 kB
VmallocChunk:          0 kB
Percpu:             7552 kB
CmaTotal:         294912 kB
CmaFree:               0 kB
MemTotal:       12113136 kB
MemFree:         6416332 kB
MemAvailable:    8022388 kB
Buffers:            5748 kB
Cached:          1836044 kB
SwapCached:            0 kB
Active:          1468796 kB
Inactive:        1595084 kB
Active(anon):    1228548 kB
Inactive(anon):    24888 kB
Active(file):     240248 kB
Inactive(file):  1570196 kB
Unevictable:        5620 kB
Mlocked:            5620 kB
SwapTotal:       3145724 kB
SwapFree:        3145724 kB
Dirty:               316 kB
Writeback:             0 kB
AnonPages:       1227776 kB
Mapped:           867784 kB
Shmem:             26780 kB
KReclaimable:     664316 kB
Slab:             222172 kB
SReclaimable:      77252 kB
SUnreclaim:       144920 kB
KernelStack:       45984 kB
PageTables:        62188 kB
NFS_Unstable:          0 kB
Bounce:                0 kB
WritebackTmp:          0 kB
CommitLimit:     9202292 kB
Committed_AS:   65807488 kB
VmallocTotal:   263061440 kB
VmallocUsed:      102992 kB
VmallocChunk:          0 kB
Percpu:             7552 kB
CmaTotal:         294912 kB
CmaFree:               0 kB
MemTotal:       12113136 kB
MemFree:         6415808 kB
MemAvailable:    8021880 kB
Buffers:            5748 kB
Cached:          1836060 kB
SwapCached:            0 kB
Active:          1467940 kB
Inactive:        1595072 kB
Active(anon):    1227692 kB
Inactive(anon):    24860 kB
Active(file):     240248 kB
Inactive(file):  1570212 kB
Unevictable:        5620 kB
Mlocked:            5620 kB
SwapTotal:       3145724 kB
SwapFree:        3145724 kB
Dirty:               340 kB
Writeback:             0 kB
AnonPages:       1226880 kB
Mapped:           867784 kB
Shmem:             26780 kB
KReclaimable:     664316 kB
Slab:             222132 kB
SReclaimable:      77252 kB
SUnreclaim:       144880 kB
KernelStack:       46032 kB
PageTables:        62304 kB
NFS_Unstable:          0 kB
Bounce:                0 kB
WritebackTmp:          0 kB
CommitLimit:     9202292 kB
Committed_AS:   65808076 kB
VmallocTotal:   263061440 kB
VmallocUsed:      102992 kB
VmallocChunk:          0 kB
Percpu:             7552 kB
CmaTotal:         294912 kB
CmaFree:               0 kB
MemTotal:       12113136 kB
MemFree:         6415696 kB
MemAvailable:    8021780 kB
Buffers:            5752 kB
Cached:          1836068 kB
SwapCached:            0 kB
Active:          1468692 kB
Inactive:        1595084 kB
Active(anon):    1228444 kB
Inactive(anon):    24860 kB
Active(file):     240248 kB
Inactive(file):  1570224 kB
Unevictable:        5620 kB
Mlocked:            5620 kB
SwapTotal:       3145724 kB
SwapFree:        3145724 kB
Dirty:               356 kB
Writeback:             0 kB
AnonPages:       1227668 kB
Mapped:           867784 kB
Shmem:             26780 kB
KReclaimable:     664316 kB
Slab:             222140 kB
SReclaimable:      77252 kB
SUnreclaim:       144888 kB
KernelStack:       45984 kB
PageTables:        62188 kB
NFS_Unstable:          0 kB
Bounce:                0 kB
WritebackTmp:          0 kB
CommitLimit:     9202292 kB
Committed_AS:   65807900 kB
VmallocTotal:   263061440 kB
VmallocUsed:      102976 kB
VmallocChunk:          0 kB
Percpu:             7552 kB
CmaTotal:         294912 kB
CmaFree:               0 kB
MemTotal:       12113136 kB
MemFree:         6414800 kB
MemAvailable:    8020920 kB
Buffers:            5752 kB
Cached:          1836104 kB
SwapCached:            0 kB
Active:          1469144 kB
Inactive:        1595204 kB
Active(anon):    1228892 kB
Inactive(anon):    24948 kB
Active(file):     240252 kB
Inactive(file):  1570256 kB
Unevictable:        5620 kB
Mlocked:            5620 kB
SwapTotal:       3145724 kB
SwapFree:        3145724 kB
Dirty:               372 kB
Writeback:             0 kB
AnonPages:       1228276 kB
Mapped:           867928 kB
Shmem:             26780 kB
KReclaimable:     664316 kB
Slab:             222140 kB
SReclaimable:      77252 kB
SUnreclaim:       144888 kB
KernelStack:       46032 kB
PageTables:        62300 kB
NFS_Unstable:          0 kB
Bounce:                0 kB
WritebackTmp:          0 kB
CommitLimit:     9202292 kB
Committed_AS:   65823740 kB
VmallocTotal:   263061440 kB
VmallocUsed:      102960 kB
VmallocChunk:          0 kB
Percpu:             7552 kB
CmaTotal:         294912 kB
CmaFree:               0 kB
MemTotal:       12113136 kB
MemFree:         6414076 kB
MemAvailable:    8020208 kB
Buffers:            5752 kB
Cached:          1836120 kB
SwapCached:            0 kB
Active:          1470684 kB
Inactive:        1595132 kB
Active(anon):    1230432 kB
Inactive(anon):    24864 kB
Active(file):     240252 kB
Inactive(file):  1570268 kB
Unevictable:        5620 kB
Mlocked:            5620 kB
SwapTotal:       3145724 kB
SwapFree:        3145724 kB
Dirty:               256 kB
Writeback:             0 kB
AnonPages:       1229384 kB
Mapped:           867788 kB
Shmem:             26784 kB
KReclaimable:     664316 kB
Slab:             222132 kB
SReclaimable:      77252 kB
SUnreclaim:       144880 kB
KernelStack:       46064 kB
PageTables:        62204 kB
NFS_Unstable:          0 kB
Bounce:                0 kB
WritebackTmp:          0 kB
CommitLimit:     9202292 kB
Committed_AS:   65817404 kB
VmallocTotal:   263061440 kB
VmallocUsed:      103056 kB
VmallocChunk:          0 kB
Percpu:             7552 kB
CmaTotal:         294912 kB
CmaFree:               0 kB
MemTotal:       12113136 kB
MemFree:         6413504 kB
MemAvailable:    8019652 kB
Buffers:            5752 kB
Cached:          1836136 kB
SwapCached:            0 kB
Active:          1471440 kB
Inactive:        1595148 kB
Active(anon):    1231188 kB
Inactive(anon):    24864 kB
Active(file):     240252 kB
Inactive(file):  1570284 kB
Unevictable:        5620 kB
Mlocked:            5620 kB
SwapTotal:       3145724 kB
SwapFree:        3145724 kB
Dirty:               300 kB
Writeback:             0 kB
AnonPages:       1230104 kB
Mapped:           867788 kB
Shmem:             26784 kB
KReclaimable:     664316 kB
Slab:             222132 kB
SReclaimable:      77252 kB
SUnreclaim:       144880 kB
KernelStack:       46064 kB
PageTables:        62196 kB
NFS_Unstable:          0 kB
Bounce:                0 kB
WritebackTmp:          0 kB
CommitLimit:     9202292 kB
Committed_AS:   65821392 kB
VmallocTotal:   263061440 kB
VmallocUsed:      103088 kB
VmallocChunk:          0 kB
Percpu:             7552 kB
CmaTotal:         294912 kB
CmaFree:               0 kB
MemTotal:       12113136 kB
MemFree:         6412312 kB
MemAvailable:    8018464 kB
Buffers:            5752 kB
Cached:          1836140 kB
SwapCached:            0 kB
Active:          1472236 kB
Inactive:        1595152 kB
Active(anon):    1231984 kB
Inactive(anon):    24864 kB
Active(file):     240252 kB
Inactive(file):  1570288 kB
Unevictable:        5620 kB
Mlocked:            5620 kB
SwapTotal:       3145724 kB
SwapFree:        3145724 kB
Dirty:               348 kB
Writeback:             0 kB
AnonPages:       1231116 kB
Mapped:           867788 kB
Shmem:             26784 kB
KReclaimable:     664316 kB
Slab:             222148 kB
SReclaimable:      77252 kB
SUnreclaim:       144896 kB
KernelStack:       46064 kB
PageTables:        62196 kB
NFS_Unstable:          0 kB
Bounce:                0 kB
WritebackTmp:          0 kB
CommitLimit:     9202292 kB
Committed_AS:   65824616 kB
VmallocTotal:   263061440 kB
VmallocUsed:      103088 kB
VmallocChunk:          0 kB
Percpu:             7552 kB
CmaTotal:         294912 kB
CmaFree:               0 kB
MemTotal:       12113136 kB
MemFree:         6411064 kB
MemAvailable:    8017228 kB
Buffers:            5752 kB
Cached:          1836152 kB
SwapCached:            0 kB
Active:          1473048 kB
Inactive:        1595164 kB
Active(anon):    1232796 kB
Inactive(anon):    24864 kB
Active(file):     240252 kB
Inactive(file):  1570300 kB
Unevictable:        5620 kB
Mlocked:            5620 kB
SwapTotal:       3145724 kB
SwapFree:        3145724 kB
Dirty:               364 kB
Writeback:             0 kB
AnonPages:       1232108 kB
Mapped:           867788 kB
Shmem:             26784 kB
KReclaimable:     664316 kB
Slab:             222132 kB
SReclaimable:      77252 kB
SUnreclaim:       144880 kB
KernelStack:       46064 kB
PageTables:        62196 kB
NFS_Unstable:          0 kB
Bounce:                0 kB
WritebackTmp:          0 kB
CommitLimit:     9202292 kB
Committed_AS:   65824440 kB
VmallocTotal:   263061440 kB
VmallocUsed:      103072 kB
VmallocChunk:          0 kB
Percpu:             7552 kB
CmaTotal:         294912 kB
CmaFree:               0 kB
MemTotal:       12113136 kB
MemFree:         6410984 kB
MemAvailable:    8017152 kB
Buffers:            5752 kB
Cached:          1836156 kB
SwapCached:            0 kB
Active:          1473676 kB
Inactive:        1595172 kB
Active(anon):    1233428 kB
Inactive(anon):    24864 kB
Active(file):     240248 kB
Inactive(file):  1570308 kB
Unevictable:        5620 kB
Mlocked:            5620 kB
SwapTotal:       3145724 kB
SwapFree:        3145724 kB
Dirty:               372 kB
Writeback:             0 kB
AnonPages:       1232684 kB
Mapped:           867788 kB
Shmem:             26784 kB
KReclaimable:     664316 kB
Slab:             222140 kB
SReclaimable:      77252 kB
SUnreclaim:       144888 kB
KernelStack:       46064 kB
PageTables:        62200 kB
NFS_Unstable:          0 kB
Bounce:                0 kB
WritebackTmp:          0 kB
CommitLimit:     9202292 kB
Committed_AS:   65820868 kB
VmallocTotal:   263061440 kB
VmallocUsed:      103088 kB
VmallocChunk:          0 kB
Percpu:             7552 kB
CmaTotal:         294912 kB
CmaFree:               0 kB
MemTotal:       12113136 kB
MemFree:         6409816 kB
MemAvailable:    8016004 kB
Buffers:            5752 kB
Cached:          1836176 kB
SwapCached:            0 kB
Active:          1473848 kB
Inactive:        1595188 kB
Active(anon):    1233596 kB
Inactive(anon):    24864 kB
Active(file):     240252 kB
Inactive(file):  1570324 kB
Unevictable:        5620 kB
Mlocked:            5620 kB
SwapTotal:       3145724 kB
SwapFree:        3145724 kB
Dirty:               244 kB
Writeback:             0 kB
AnonPages:       1232756 kB
Mapped:           867788 kB
Shmem:             26784 kB
KReclaimable:     664316 kB
Slab:             222140 kB
SReclaimable:      77252 kB
SUnreclaim:       144888 kB
KernelStack:       46080 kB
PageTables:        62248 kB
NFS_Unstable:          0 kB
Bounce:                0 kB
WritebackTmp:          0 kB
CommitLimit:     9202292 kB
Committed_AS:   65817156 kB
VmallocTotal:   263061440 kB
VmallocUsed:      103056 kB
VmallocChunk:          0 kB
Percpu:             7552 kB
CmaTotal:         294912 kB
CmaFree:               0 kB
MemTotal:       12113136 kB
MemFree:         6410316 kB
MemAvailable:    8016516 kB
Buffers:            5752 kB
Cached:          1836188 kB
SwapCached:            0 kB
Active:          1474440 kB
Inactive:        1595200 kB
Active(anon):    1234188 kB
Inactive(anon):    24864 kB
Active(file):     240252 kB
Inactive(file):  1570336 kB
Unevictable:        5620 kB
Mlocked:            5620 kB
SwapTotal:       3145724 kB
SwapFree:        3145724 kB
Dirty:               300 kB
Writeback:             0 kB
AnonPages:       1233420 kB
Mapped:           867788 kB
Shmem:             26784 kB
KReclaimable:     664316 kB
Slab:             222148 kB
SReclaimable:      77252 kB
SUnreclaim:       144896 kB
KernelStack:       46032 kB
PageTables:        62204 kB
NFS_Unstable:          0 kB
Bounce:                0 kB
WritebackTmp:          0 kB
CommitLimit:     9202292 kB
Committed_AS:   65817156 kB
VmallocTotal:   263061440 kB
VmallocUsed:      103072 kB
VmallocChunk:          0 kB
Percpu:             7552 kB
CmaTotal:         294912 kB
CmaFree:               0 kB
MemTotal:       12113136 kB
MemFree:         6418360 kB
MemAvailable:    8024572 kB
Buffers:            5752 kB
Cached:          1836204 kB
SwapCached:            0 kB
Active:          1465144 kB
Inactive:        1595216 kB
Active(anon):    1224892 kB
Inactive(anon):    24868 kB
Active(file):     240252 kB
Inactive(file):  1570348 kB
Unevictable:        5620 kB
Mlocked:            5620 kB
SwapTotal:       3145724 kB
SwapFree:        3145724 kB
Dirty:               316 kB
Writeback:             0 kB
AnonPages:       1223932 kB
Mapped:           867792 kB
Shmem:             26788 kB
KReclaimable:     664316 kB
Slab:             222132 kB
SReclaimable:      77252 kB
SUnreclaim:       144880 kB
KernelStack:       46048 kB
PageTables:        62204 kB
NFS_Unstable:          0 kB
Bounce:                0 kB
WritebackTmp:          0 kB
CommitLimit:     9202292 kB
Committed_AS:   65817692 kB
VmallocTotal:   263061440 kB
VmallocUsed:      103056 kB
VmallocChunk:          0 kB
Percpu:             7552 kB
CmaTotal:         294912 kB
CmaFree:               0 kB
MemTotal:       12113136 kB
MemFree:         6417900 kB
MemAvailable:    8024172 kB
Buffers:            5752 kB
Cached:          1836232 kB
SwapCached:            0 kB
Active:          1466380 kB
Inactive:        1595244 kB
Active(anon):    1226128 kB
Inactive(anon):    24868 kB
Active(file):     240252 kB
Inactive(file):  1570376 kB
Unevictable:        5620 kB
Mlocked:            5620 kB
SwapTotal:       3145724 kB
SwapFree:        3145724 kB
Dirty:               380 kB
Writeback:             0 kB
AnonPages:       1225340 kB
Mapped:           867792 kB
Shmem:             26788 kB
KReclaimable:     664316 kB
Slab:             222140 kB
SReclaimable:      77252 kB
SUnreclaim:       144888 kB
KernelStack:       46048 kB
PageTables:        62208 kB
NFS_Unstable:          0 kB
Bounce:                0 kB
WritebackTmp:          0 kB
CommitLimit:     9202292 kB
Committed_AS:   65817136 kB
VmallocTotal:   263061440 kB
VmallocUsed:      103056 kB
VmallocChunk:          0 kB
Percpu:             7552 kB
CmaTotal:         294912 kB
CmaFree:               0 kB
MemTotal:       12113136 kB
MemFree:         6416796 kB
MemAvailable:    8023044 kB
Buffers:            5752 kB
Cached:          1836240 kB
SwapCached:            0 kB
Active:          1467016 kB
Inactive:        1595252 kB
Active(anon):    1226764 kB
Inactive(anon):    24868 kB
Active(file):     240252 kB
Inactive(file):  1570384 kB
Unevictable:        5620 kB
Mlocked:            5620 kB
SwapTotal:       3145724 kB
SwapFree:        3145724 kB
Dirty:               388 kB
Writeback:             0 kB
AnonPages:       1226084 kB
Mapped:           867792 kB
Shmem:             26788 kB
KReclaimable:     664316 kB
Slab:             222148 kB
SReclaimable:      77252 kB
SUnreclaim:       144896 kB
KernelStack:       46064 kB
PageTables:        62176 kB
NFS_Unstable:          0 kB
Bounce:                0 kB
WritebackTmp:          0 kB
CommitLimit:     9202292 kB
Committed_AS:   65812516 kB
VmallocTotal:   263061440 kB
VmallocUsed:      103008 kB
VmallocChunk:          0 kB
Percpu:             7552 kB
CmaTotal:         294912 kB
CmaFree:               0 kB
MemTotal:       12113136 kB
MemFree:         6415480 kB
MemAvailable:    8021744 kB
Buffers:            5752 kB
Cached:          1836256 kB
SwapCached:            0 kB
Active:          1467652 kB
Inactive:        1595268 kB
Active(anon):    1227400 kB
Inactive(anon):    24868 kB
Active(file):     240252 kB
Inactive(file):  1570400 kB
Unevictable:        5620 kB
Mlocked:            5620 kB
SwapTotal:       3145724 kB
SwapFree:        3145724 kB
Dirty:               432 kB
Writeback:             0 kB
AnonPages:       1226596 kB
Mapped:           867792 kB
Shmem:             26788 kB
KReclaimable:     664316 kB
Slab:             222148 kB
SReclaimable:      77252 kB
SUnreclaim:       144896 kB
KernelStack:       46048 kB
PageTables:        62208 kB
NFS_Unstable:          0 kB
Bounce:                0 kB
WritebackTmp:          0 kB
CommitLimit:     9202292 kB
Committed_AS:   65816936 kB
VmallocTotal:   263061440 kB
VmallocUsed:      103056 kB
VmallocChunk:          0 kB
Percpu:             7552 kB
CmaTotal:         294912 kB
CmaFree:               0 kB
MemTotal:       12113136 kB
MemFree:         6415008 kB
MemAvailable:    8021276 kB
Buffers:            5752 kB
Cached:          1836260 kB
SwapCached:            0 kB
Active:          1467996 kB
Inactive:        1595272 kB
Active(anon):    1227744 kB
Inactive(anon):    24868 kB
Active(file):     240252 kB
Inactive(file):  1570404 kB
Unevictable:        5620 kB
Mlocked:            5620 kB
SwapTotal:       3145724 kB
SwapFree:        3145724 kB
Dirty:               428 kB
Writeback:             0 kB
AnonPages:       1227072 kB
Mapped:           867792 kB
Shmem:             26788 kB
KReclaimable:     664316 kB
Slab:             222148 kB
SReclaimable:      77252 kB
SUnreclaim:       144896 kB
KernelStack:       46048 kB
PageTables:        62204 kB
NFS_Unstable:          0 kB
Bounce:                0 kB
WritebackTmp:          0 kB
CommitLimit:     9202292 kB
Committed_AS:   65817460 kB
VmallocTotal:   263061440 kB
VmallocUsed:      103040 kB
VmallocChunk:          0 kB
Percpu:             7552 kB
CmaTotal:         294912 kB
CmaFree:               0 kB
MemTotal:       12113136 kB
MemFree:         6425892 kB
MemAvailable:    8032180 kB
Buffers:            5752 kB
Cached:          1836284 kB
SwapCached:            0 kB
Active:          1456276 kB
Inactive:        1595296 kB
Active(anon):    1216024 kB
Inactive(anon):    24872 kB
Active(file):     240252 kB
Inactive(file):  1570424 kB
Unevictable:        5620 kB
Mlocked:            5620 kB
SwapTotal:       3145724 kB
SwapFree:        3145724 kB
Dirty:               448 kB
Writeback:             0 kB
AnonPages:       1215276 kB
Mapped:           854352 kB
Shmem:             26792 kB
KReclaimable:     664316 kB
Slab:             222140 kB
SReclaimable:      77252 kB
SUnreclaim:       144888 kB
KernelStack:       46048 kB
PageTables:        62156 kB
NFS_Unstable:          0 kB
Bounce:                0 kB
WritebackTmp:          0 kB
CommitLimit:     9202292 kB
Committed_AS:   65813132 kB
VmallocTotal:   263061440 kB
VmallocUsed:      103072 kB
VmallocChunk:          0 kB
Percpu:             7552 kB
CmaTotal:         294912 kB
CmaFree:               4 kB
MemTotal:       12113136 kB
MemFree:         6425912 kB
MemAvailable:    8032212 kB
Buffers:            5752 kB
Cached:          1836296 kB
SwapCached:            0 kB
Active:          1456808 kB
Inactive:        1595308 kB
Active(anon):    1216556 kB
Inactive(anon):    24872 kB
Active(file):     240252 kB
Inactive(file):  1570436 kB
Unevictable:        5620 kB
Mlocked:            5620 kB
SwapTotal:       3145724 kB
SwapFree:        3145724 kB
Dirty:               468 kB
Writeback:             0 kB
AnonPages:       1215688 kB
Mapped:           854352 kB
Shmem:             26792 kB
KReclaimable:     664316 kB
Slab:             222148 kB
SReclaimable:      77252 kB
SUnreclaim:       144896 kB
KernelStack:       46064 kB
PageTables:        62124 kB
NFS_Unstable:          0 kB
Bounce:                0 kB
WritebackTmp:          0 kB
CommitLimit:     9202292 kB
Committed_AS:   65807620 kB
VmallocTotal:   263061440 kB
VmallocUsed:      103072 kB
VmallocChunk:          0 kB
Percpu:             7552 kB
CmaTotal:         294912 kB
CmaFree:             132 kB
MemTotal:       12113136 kB
MemFree:         6425768 kB
MemAvailable:    8032092 kB
Buffers:            5756 kB
Cached:          1836316 kB
SwapCached:            0 kB
Active:          1457340 kB
Inactive:        1595328 kB
Active(anon):    1217084 kB
Inactive(anon):    24872 kB
Active(file):     240256 kB
Inactive(file):  1570456 kB
Unevictable:        5620 kB
Mlocked:            5620 kB
SwapTotal:       3145724 kB
SwapFree:        3145724 kB
Dirty:               484 kB
Writeback:             0 kB
AnonPages:       1216296 kB
Mapped:           854352 kB
Shmem:             26792 kB
KReclaimable:     664316 kB
Slab:             222140 kB
SReclaimable:      77252 kB
SUnreclaim:       144888 kB
KernelStack:       46048 kB
PageTables:        62156 kB
NFS_Unstable:          0 kB
Bounce:                0 kB
WritebackTmp:          0 kB
CommitLimit:     9202292 kB
Committed_AS:   65807272 kB
VmallocTotal:   263061440 kB
VmallocUsed:      103088 kB
VmallocChunk:          0 kB
Percpu:             7552 kB
CmaTotal:         294912 kB
CmaFree:               0 kB
MemTotal:       12113136 kB
MemFree:         6442556 kB
MemAvailable:    8048896 kB
Buffers:            5756 kB
Cached:          1836332 kB
SwapCached:            0 kB
Active:          1439720 kB
Inactive:        1595344 kB
Active(anon):    1199464 kB
Inactive(anon):    24872 kB
Active(file):     240256 kB
Inactive(file):  1570472 kB
Unevictable:        5620 kB
Mlocked:            5620 kB
SwapTotal:       3145724 kB
SwapFree:        3145724 kB
Dirty:               512 kB
Writeback:             0 kB
AnonPages:       1198584 kB
Mapped:           854352 kB
Shmem:             26792 kB
KReclaimable:     664316 kB
Slab:             222148 kB
SReclaimable:      77252 kB
SUnreclaim:       144896 kB
KernelStack:       46048 kB
PageTables:        62152 kB
NFS_Unstable:          0 kB
Bounce:                0 kB
WritebackTmp:          0 kB
CommitLimit:     9202292 kB
Committed_AS:   65811724 kB
VmallocTotal:   263061440 kB
VmallocUsed:      103072 kB
VmallocChunk:          0 kB
Percpu:             7552 kB
CmaTotal:         294912 kB
CmaFree:             136 kB
MemTotal:       12113136 kB
MemFree:         6442876 kB
MemAvailable:    8049228 kB
Buffers:            5756 kB
Cached:          1836344 kB
SwapCached:            0 kB
Active:          1440504 kB
Inactive:        1595360 kB
Active(anon):    1200252 kB
Inactive(anon):    24872 kB
Active(file):     240252 kB
Inactive(file):  1570488 kB
Unevictable:        5620 kB
Mlocked:            5620 kB
SwapTotal:       3145724 kB
SwapFree:        3145724 kB
Dirty:               524 kB
Writeback:             0 kB
AnonPages:       1199456 kB
Mapped:           854352 kB
Shmem:             26792 kB
KReclaimable:     664316 kB
Slab:             222136 kB
SReclaimable:      77252 kB
SUnreclaim:       144884 kB
KernelStack:       46048 kB
PageTables:        62156 kB
NFS_Unstable:          0 kB
Bounce:                0 kB
WritebackTmp:          0 kB
CommitLimit:     9202292 kB
Committed_AS:   65811328 kB
VmallocTotal:   263061440 kB
VmallocUsed:      103056 kB
VmallocChunk:          0 kB
Percpu:             7552 kB
CmaTotal:         294912 kB
CmaFree:               0 kB
MemTotal:       12113136 kB
MemFree:         6441996 kB
MemAvailable:    8048364 kB
Buffers:            5756 kB
Cached:          1836360 kB
SwapCached:            0 kB
Active:          1440576 kB
Inactive:        1595376 kB
Active(anon):    1200324 kB
Inactive(anon):    24872 kB
Active(file):     240252 kB
Inactive(file):  1570504 kB
Unevictable:        5620 kB
Mlocked:            5620 kB
SwapTotal:       3145724 kB
SwapFree:        3145724 kB
Dirty:               552 kB
Writeback:             0 kB
AnonPages:       1199412 kB
Mapped:           854352 kB
Shmem:             26792 kB
KReclaimable:     664316 kB
Slab:             222136 kB
SReclaimable:      77252 kB
SUnreclaim:       144884 kB
KernelStack:       46048 kB
PageTables:        62148 kB
NFS_Unstable:          0 kB
Bounce:                0 kB
WritebackTmp:          0 kB
CommitLimit:     9202292 kB
Committed_AS:   65806240 kB
VmallocTotal:   263061440 kB
VmallocUsed:      103040 kB
VmallocChunk:          0 kB
Percpu:             7552 kB
CmaTotal:         294912 kB
CmaFree:               0 kB
MemTotal:       12113136 kB
MemFree:         6442884 kB
MemAvailable:    8049260 kB
Buffers:            5756 kB
Cached:          1836368 kB
SwapCached:            0 kB
Active:          1440800 kB
Inactive:        1595380 kB
Active(anon):    1200544 kB
Inactive(anon):    24872 kB
Active(file):     240256 kB
Inactive(file):  1570508 kB
Unevictable:        5620 kB
Mlocked:            5620 kB
SwapTotal:       3145724 kB
SwapFree:        3145724 kB
Dirty:               564 kB
Writeback:             0 kB
AnonPages:       1199512 kB
Mapped:           854352 kB
Shmem:             26792 kB
KReclaimable:     664316 kB
Slab:             222144 kB
SReclaimable:      77252 kB
SUnreclaim:       144892 kB
KernelStack:       46048 kB
PageTables:        62156 kB
NFS_Unstable:          0 kB
Bounce:                0 kB
WritebackTmp:          0 kB
CommitLimit:     9202292 kB
Committed_AS:   65798196 kB
VmallocTotal:   263061440 kB
VmallocUsed:      103072 kB
VmallocChunk:          0 kB
Percpu:             7552 kB
CmaTotal:         294912 kB
CmaFree:               0 kB
MemTotal:       12113136 kB
MemFree:         6441476 kB
MemAvailable:    8047868 kB
Buffers:            5756 kB
Cached:          1836384 kB
SwapCached:            0 kB
Active:          1441344 kB
Inactive:        1595396 kB
Active(anon):    1201088 kB
Inactive(anon):    24872 kB
Active(file):     240256 kB
Inactive(file):  1570524 kB
Unevictable:        5620 kB
Mlocked:            5620 kB
SwapTotal:       3145724 kB
SwapFree:        3145724 kB
Dirty:               580 kB
Writeback:             0 kB
AnonPages:       1200364 kB
Mapped:           854352 kB
Shmem:             26792 kB
KReclaimable:     664316 kB
Slab:             222136 kB
SReclaimable:      77252 kB
SUnreclaim:       144884 kB
KernelStack:       46048 kB
PageTables:        62148 kB
NFS_Unstable:          0 kB
Bounce:                0 kB
WritebackTmp:          0 kB
CommitLimit:     9202292 kB
Committed_AS:   65808268 kB
VmallocTotal:   263061440 kB
VmallocUsed:      103056 kB
VmallocChunk:          0 kB
Percpu:             7552 kB
CmaTotal:         294912 kB
CmaFree:               0 kB
MemTotal:       12113136 kB
MemFree:         6441060 kB
MemAvailable:    8047468 kB
Buffers:            5756 kB
Cached:          1836400 kB
SwapCached:            0 kB
Active:          1442288 kB
Inactive:        1595412 kB
Active(anon):    1202032 kB
Inactive(anon):    24872 kB
Active(file):     240256 kB
Inactive(file):  1570540 kB
Unevictable:        5620 kB
Mlocked:            5620 kB
SwapTotal:       3145724 kB
SwapFree:        3145724 kB
Dirty:               272 kB
Writeback:             0 kB
AnonPages:       1201268 kB
Mapped:           854352 kB
Shmem:             26792 kB
KReclaimable:     664316 kB
Slab:             222132 kB
SReclaimable:      77252 kB
SUnreclaim:       144880 kB
KernelStack:       46048 kB
PageTables:        62156 kB
NFS_Unstable:          0 kB
Bounce:                0 kB
WritebackTmp:          0 kB
CommitLimit:     9202292 kB
Committed_AS:   65808228 kB
VmallocTotal:   263061440 kB
VmallocUsed:      103072 kB
VmallocChunk:          0 kB
Percpu:             7552 kB
CmaTotal:         294912 kB
CmaFree:               0 kB
MemTotal:       12113136 kB
MemFree:         6440692 kB
MemAvailable:    8047108 kB
Buffers:            5756 kB
Cached:          1836408 kB
SwapCached:            0 kB
Active:          1442848 kB
Inactive:        1595420 kB
Active(anon):    1202592 kB
Inactive(anon):    24872 kB
Active(file):     240256 kB
Inactive(file):  1570548 kB
Unevictable:        5620 kB
Mlocked:            5620 kB
SwapTotal:       3145724 kB
SwapFree:        3145724 kB
Dirty:               324 kB
Writeback:             0 kB
AnonPages:       1201864 kB
Mapped:           854352 kB
Shmem:             26792 kB
KReclaimable:     664316 kB
Slab:             222140 kB
SReclaimable:      77252 kB
SUnreclaim:       144888 kB
KernelStack:       46048 kB
PageTables:        62144 kB
NFS_Unstable:          0 kB
Bounce:                0 kB
WritebackTmp:          0 kB
CommitLimit:     9202292 kB
Committed_AS:   65808096 kB
VmallocTotal:   263061440 kB
VmallocUsed:      103088 kB
VmallocChunk:          0 kB
Percpu:             7552 kB
CmaTotal:         294912 kB
CmaFree:               0 kB
MemTotal:       12113136 kB
MemFree:         6439904 kB
MemAvailable:    8046332 kB
Buffers:            5756 kB
Cached:          1836424 kB
SwapCached:            0 kB
Active:          1444272 kB
Inactive:        1595436 kB
Active(anon):    1204016 kB
Inactive(anon):    24876 kB
Active(file):     240256 kB
Inactive(file):  1570560 kB
Unevictable:        5620 kB
Mlocked:            5620 kB
SwapTotal:       3145724 kB
SwapFree:        3145724 kB
Dirty:               340 kB
Writeback:             0 kB
AnonPages:       1203184 kB
Mapped:           854356 kB
Shmem:             26796 kB
KReclaimable:     664316 kB
Slab:             222132 kB
SReclaimable:      77252 kB
SUnreclaim:       144880 kB
KernelStack:       46064 kB
PageTables:        62108 kB
NFS_Unstable:          0 kB
Bounce:                0 kB
WritebackTmp:          0 kB
CommitLimit:     9202292 kB
Committed_AS:   65808940 kB
VmallocTotal:   263061440 kB
VmallocUsed:      103040 kB
VmallocChunk:          0 kB
Percpu:             7552 kB
CmaTotal:         294912 kB
CmaFree:               0 kB
MemTotal:       12113136 kB
MemFree:         6439068 kB
MemAvailable:    8045516 kB
Buffers:            5756 kB
Cached:          1836444 kB
SwapCached:            0 kB
Active:          1445132 kB
Inactive:        1595456 kB
Active(anon):    1204876 kB
Inactive(anon):    24876 kB
Active(file):     240256 kB
Inactive(file):  1570580 kB
Unevictable:        5620 kB
Mlocked:            5620 kB
SwapTotal:       3145724 kB
SwapFree:        3145724 kB
Dirty:               388 kB
Writeback:             0 kB
AnonPages:       1203904 kB
Mapped:           854356 kB
Shmem:             26796 kB
KReclaimable:     664316 kB
Slab:             222140 kB
SReclaimable:      77252 kB
SUnreclaim:       144888 kB
KernelStack:       46048 kB
PageTables:        62148 kB
NFS_Unstable:          0 kB
Bounce:                0 kB
WritebackTmp:          0 kB
CommitLimit:     9202292 kB
Committed_AS:   65814088 kB
VmallocTotal:   263061440 kB
VmallocUsed:      103056 kB
VmallocChunk:          0 kB
Percpu:             7552 kB
CmaTotal:         294912 kB
CmaFree:               0 kB
MemTotal:       12113136 kB
MemFree:         6438256 kB
MemAvailable:    8044716 kB
Buffers:            5756 kB
Cached:          1836456 kB
SwapCached:            0 kB
Active:          1445088 kB
Inactive:        1595468 kB
Active(anon):    1204832 kB
Inactive(anon):    24876 kB
Active(file):     240256 kB
Inactive(file):  1570592 kB
Unevictable:        5620 kB
Mlocked:            5620 kB
SwapTotal:       3145724 kB
SwapFree:        3145724 kB
Dirty:               404 kB
Writeback:             0 kB
AnonPages:       1204020 kB
Mapped:           854428 kB
Shmem:             26796 kB
KReclaimable:     664316 kB
Slab:             222132 kB
SReclaimable:      77252 kB
SUnreclaim:       144880 kB
KernelStack:       46048 kB
PageTables:        62128 kB
NFS_Unstable:          0 kB
Bounce:                0 kB
WritebackTmp:          0 kB
CommitLimit:     9202292 kB
Committed_AS:   65802644 kB
VmallocTotal:   263061440 kB
VmallocUsed:      103072 kB
VmallocChunk:          0 kB
Percpu:             7552 kB
CmaTotal:         294912 kB
CmaFree:               0 kB
MemTotal:       12113136 kB
MemFree:         6436232 kB
MemAvailable:    8042700 kB
Buffers:            5756 kB
Cached:          1836464 kB
SwapCached:            0 kB
Active:          1445980 kB
Inactive:        1595476 kB
Active(anon):    1205724 kB
Inactive(anon):    24876 kB
Active(file):     240256 kB
Inactive(file):  1570600 kB
Unevictable:        5620 kB
Mlocked:            5620 kB
SwapTotal:       3145724 kB
SwapFree:        3145724 kB
Dirty:               416 kB
Writeback:             0 kB
AnonPages:       1204676 kB
Mapped:           854356 kB
Shmem:             26796 kB
KReclaimable:     664316 kB
Slab:             222132 kB
SReclaimable:      77252 kB
SUnreclaim:       144880 kB
KernelStack:       46048 kB
PageTables:        62152 kB
NFS_Unstable:          0 kB
Bounce:                0 kB
WritebackTmp:          0 kB
CommitLimit:     9202292 kB
Committed_AS:   65806028 kB
VmallocTotal:   263061440 kB
VmallocUsed:      103072 kB
VmallocChunk:          0 kB
Percpu:             7552 kB
CmaTotal:         294912 kB
CmaFree:               0 kB
MemTotal:       12113136 kB
MemFree:         6436144 kB
MemAvailable:    8042624 kB
Buffers:            5756 kB
Cached:          1836476 kB
SwapCached:            0 kB
Active:          1446940 kB
Inactive:        1595484 kB
Active(anon):    1206680 kB
Inactive(anon):    24876 kB
Active(file):     240260 kB
Inactive(file):  1570608 kB
Unevictable:        5620 kB
Mlocked:            5620 kB
SwapTotal:       3145724 kB
SwapFree:        3145724 kB
Dirty:               444 kB
Writeback:             0 kB
AnonPages:       1205896 kB
Mapped:           854356 kB
Shmem:             26796 kB
KReclaimable:     664316 kB
Slab:             222132 kB
SReclaimable:      77252 kB
SUnreclaim:       144880 kB
KernelStack:       46048 kB
PageTables:        62160 kB
NFS_Unstable:          0 kB
Bounce:                0 kB
WritebackTmp:          0 kB
CommitLimit:     9202292 kB
Committed_AS:   65805940 kB
VmallocTotal:   263061440 kB
VmallocUsed:      103072 kB
VmallocChunk:          0 kB
Percpu:             7552 kB
CmaTotal:         294912 kB
CmaFree:               0 kB
MemTotal:       12113136 kB
MemFree:         6436632 kB
MemAvailable:    8043128 kB
Buffers:            5756 kB
Cached:          1836496 kB
SwapCached:            0 kB
Active:          1447876 kB
Inactive:        1595504 kB
Active(anon):    1207616 kB
Inactive(anon):    24880 kB
Active(file):     240260 kB
Inactive(file):  1570624 kB
Unevictable:        5620 kB
Mlocked:            5620 kB
SwapTotal:       3145724 kB
SwapFree:        3145724 kB
Dirty:               464 kB
Writeback:             0 kB
AnonPages:       1206680 kB
Mapped:           854360 kB
Shmem:             26800 kB
KReclaimable:     664316 kB
Slab:             222132 kB
SReclaimable:      77252 kB
SUnreclaim:       144880 kB
KernelStack:       46048 kB
PageTables:        62152 kB
NFS_Unstable:          0 kB
Bounce:                0 kB
WritebackTmp:          0 kB
CommitLimit:     9202292 kB
Committed_AS:   65804204 kB
VmallocTotal:   263061440 kB
VmallocUsed:      103088 kB
VmallocChunk:          0 kB
Percpu:             7552 kB
CmaTotal:         294912 kB
CmaFree:               0 kB
MemTotal:       12113136 kB
MemFree:         6436664 kB
MemAvailable:    8043176 kB
Buffers:            5756 kB
Cached:          1836512 kB
SwapCached:            0 kB
Active:          1448768 kB
Inactive:        1595520 kB
Active(anon):    1208508 kB
Inactive(anon):    24880 kB
Active(file):     240260 kB
Inactive(file):  1570640 kB
Unevictable:        5620 kB
Mlocked:            5620 kB
SwapTotal:       3145724 kB
SwapFree:        3145724 kB
Dirty:               484 kB
Writeback:             0 kB
AnonPages:       1207704 kB
Mapped:           854360 kB
Shmem:             26800 kB
KReclaimable:     664316 kB
Slab:             222132 kB
SReclaimable:      77252 kB
SUnreclaim:       144880 kB
KernelStack:       46048 kB
PageTables:        62156 kB
NFS_Unstable:          0 kB
Bounce:                0 kB
WritebackTmp:          0 kB
CommitLimit:     9202292 kB
Committed_AS:   65808816 kB
VmallocTotal:   263061440 kB
VmallocUsed:      103056 kB
VmallocChunk:          0 kB
Percpu:             7552 kB
CmaTotal:         294912 kB
CmaFree:               0 kB
MemTotal:       12113136 kB
MemFree:         6400464 kB
MemAvailable:    8007012 kB
Buffers:            5760 kB
Cached:          1836544 kB
SwapCached:            0 kB
Active:          1486228 kB
Inactive:        1595552 kB
Active(anon):    1245964 kB
Inactive(anon):    24880 kB
Active(file):     240264 kB
Inactive(file):  1570672 kB
Unevictable:        5620 kB
Mlocked:            5620 kB
SwapTotal:       3145724 kB
SwapFree:        3145724 kB
Dirty:               484 kB
Writeback:             0 kB
AnonPages:       1244928 kB
Mapped:           854360 kB
Shmem:             26800 kB
KReclaimable:     664316 kB
Slab:             222140 kB
SReclaimable:      77252 kB
SUnreclaim:       144888 kB
KernelStack:       46096 kB
PageTables:        62204 kB
NFS_Unstable:          0 kB
Bounce:                0 kB
WritebackTmp:          0 kB
CommitLimit:     9202292 kB
Committed_AS:   65802744 kB
VmallocTotal:   263061440 kB
VmallocUsed:      103072 kB
VmallocChunk:          0 kB
Percpu:             7552 kB
CmaTotal:         294912 kB
CmaFree:               0 kB
MemTotal:       12113136 kB
MemFree:         6398208 kB
MemAvailable:    8004768 kB
Buffers:            5760 kB
Cached:          1836556 kB
SwapCached:            0 kB
Active:          1485616 kB
Inactive:        1595564 kB
Active(anon):    1245352 kB
Inactive(anon):    24880 kB
Active(file):     240264 kB
Inactive(file):  1570684 kB
Unevictable:        5620 kB
Mlocked:            5620 kB
SwapTotal:       3145724 kB
SwapFree:        3145724 kB
Dirty:               500 kB
Writeback:             0 kB
AnonPages:       1244504 kB
Mapped:           854360 kB
Shmem:             26800 kB
KReclaimable:     664316 kB
Slab:             222140 kB
SReclaimable:      77252 kB
SUnreclaim:       144888 kB
KernelStack:       46048 kB
PageTables:        62160 kB
NFS_Unstable:          0 kB
Bounce:                0 kB
WritebackTmp:          0 kB
CommitLimit:     9202292 kB
Committed_AS:   65808016 kB
VmallocTotal:   263061440 kB
VmallocUsed:      103024 kB
VmallocChunk:          0 kB
Percpu:             7552 kB
CmaTotal:         294912 kB
CmaFree:               0 kB
MemTotal:       12113136 kB
MemFree:         6397384 kB
MemAvailable:    8003948 kB
Buffers:            5760 kB
Cached:          1836560 kB
SwapCached:            0 kB
Active:          1485748 kB
Inactive:        1595568 kB
Active(anon):    1245484 kB
Inactive(anon):    24880 kB
Active(file):     240264 kB
Inactive(file):  1570688 kB
Unevictable:        5620 kB
Mlocked:            5620 kB
SwapTotal:       3145724 kB
SwapFree:        3145724 kB
Dirty:               508 kB
Writeback:             0 kB
AnonPages:       1244504 kB
Mapped:           854360 kB
Shmem:             26800 kB
KReclaimable:     664316 kB
Slab:             222140 kB
SReclaimable:      77252 kB
SUnreclaim:       144888 kB
KernelStack:       46032 kB
PageTables:        62148 kB
NFS_Unstable:          0 kB
Bounce:                0 kB
WritebackTmp:          0 kB
CommitLimit:     9202292 kB
Committed_AS:   65808256 kB
VmallocTotal:   263061440 kB
VmallocUsed:      103056 kB
VmallocChunk:          0 kB
Percpu:             7552 kB
CmaTotal:         294912 kB
CmaFree:               0 kB
MemTotal:       12113136 kB
MemFree:         6397000 kB
MemAvailable:    8003584 kB
Buffers:            5760 kB
Cached:          1836580 kB
SwapCached:            0 kB
Active:          1486536 kB
Inactive:        1595588 kB
Active(anon):    1246272 kB
Inactive(anon):    24880 kB
Active(file):     240264 kB
Inactive(file):  1570708 kB
Unevictable:        5620 kB
Mlocked:            5620 kB
SwapTotal:       3145724 kB
SwapFree:        3145724 kB
Dirty:               540 kB
Writeback:             0 kB
AnonPages:       1245316 kB
Mapped:           854360 kB
Shmem:             26800 kB
KReclaimable:     664316 kB
Slab:             222140 kB
SReclaimable:      77252 kB
SUnreclaim:       144888 kB
KernelStack:       46032 kB
PageTables:        62152 kB
NFS_Unstable:          0 kB
Bounce:                0 kB
WritebackTmp:          0 kB
CommitLimit:     9202292 kB
Committed_AS:   65814792 kB
VmallocTotal:   263061440 kB
VmallocUsed:      103072 kB
VmallocChunk:          0 kB
Percpu:             7552 kB
CmaTotal:         294912 kB
CmaFree:               0 kB
MemTotal:       12113136 kB
MemFree:         6396624 kB
MemAvailable:    8003212 kB
Buffers:            5760 kB
Cached:          1836584 kB
SwapCached:            0 kB
Active:          1487396 kB
Inactive:        1595592 kB
Active(anon):    1247132 kB
Inactive(anon):    24880 kB
Active(file):     240264 kB
Inactive(file):  1570712 kB
Unevictable:        5620 kB
Mlocked:            5620 kB
SwapTotal:       3145724 kB
SwapFree:        3145724 kB
Dirty:               544 kB
Writeback:             0 kB
AnonPages:       1246184 kB
Mapped:           854360 kB
Shmem:             26800 kB
KReclaimable:     664316 kB
Slab:             222128 kB
SReclaimable:      77252 kB
SUnreclaim:       144876 kB
KernelStack:       46032 kB
PageTables:        62144 kB
NFS_Unstable:          0 kB
Bounce:                0 kB
WritebackTmp:          0 kB
CommitLimit:     9202292 kB
Committed_AS:   65817332 kB
VmallocTotal:   263061440 kB
VmallocUsed:      103072 kB
VmallocChunk:          0 kB
Percpu:             7552 kB
CmaTotal:         294912 kB
CmaFree:               0 kB
MemTotal:       12113136 kB
MemFree:         6396736 kB
MemAvailable:    8003340 kB
Buffers:            5760 kB
Cached:          1836600 kB
SwapCached:            0 kB
Active:          1488080 kB
Inactive:        1595608 kB
Active(anon):    1247816 kB
Inactive(anon):    24880 kB
Active(file):     240264 kB
Inactive(file):  1570728 kB
Unevictable:        5620 kB
Mlocked:            5620 kB
SwapTotal:       3145724 kB
SwapFree:        3145724 kB
Dirty:               564 kB
Writeback:             0 kB
AnonPages:       1247140 kB
Mapped:           854360 kB
Shmem:             26800 kB
KReclaimable:     664316 kB
Slab:             222128 kB
SReclaimable:      77252 kB
SUnreclaim:       144876 kB
KernelStack:       46032 kB
PageTables:        62144 kB
NFS_Unstable:          0 kB
Bounce:                0 kB
WritebackTmp:          0 kB
CommitLimit:     9202292 kB
Committed_AS:   65817108 kB
VmallocTotal:   263061440 kB
VmallocUsed:      103072 kB
VmallocChunk:          0 kB
Percpu:             7552 kB
CmaTotal:         294912 kB
CmaFree:               0 kB
MemTotal:       12113136 kB
MemFree:         6396000 kB
MemAvailable:    8002620 kB
Buffers:            5760 kB
Cached:          1836616 kB
SwapCached:            0 kB
Active:          1488868 kB
Inactive:        1595624 kB
Active(anon):    1248604 kB
Inactive(anon):    24880 kB
Active(file):     240264 kB
Inactive(file):  1570744 kB
Unevictable:        5620 kB
Mlocked:            5620 kB
SwapTotal:       3145724 kB
SwapFree:        3145724 kB
Dirty:               268 kB
Writeback:             0 kB
AnonPages:       1247628 kB
Mapped:           854360 kB
Shmem:             26800 kB
KReclaimable:     664316 kB
Slab:             222128 kB
SReclaimable:      77252 kB
SUnreclaim:       144876 kB
KernelStack:       46032 kB
PageTables:        62148 kB
NFS_Unstable:          0 kB
Bounce:                0 kB
WritebackTmp:          0 kB
CommitLimit:     9202292 kB
Committed_AS:   65817024 kB
VmallocTotal:   263061440 kB
VmallocUsed:      103072 kB
VmallocChunk:          0 kB
Percpu:             7552 kB
CmaTotal:         294912 kB
CmaFree:               0 kB
MemTotal:       12113136 kB
MemFree:         6403088 kB
MemAvailable:    8009712 kB
Buffers:            5760 kB
Cached:          1836620 kB
SwapCached:            0 kB
Active:          1480284 kB
Inactive:        1595628 kB
Active(anon):    1240020 kB
Inactive(anon):    24880 kB
Active(file):     240264 kB
Inactive(file):  1570748 kB
Unevictable:        5620 kB
Mlocked:            5620 kB
SwapTotal:       3145724 kB
SwapFree:        3145724 kB
Dirty:               328 kB
Writeback:             0 kB
AnonPages:       1239216 kB
Mapped:           854360 kB
Shmem:             26800 kB
KReclaimable:     664316 kB
Slab:             222136 kB
SReclaimable:      77252 kB
SUnreclaim:       144884 kB
KernelStack:       46000 kB
PageTables:        62100 kB
NFS_Unstable:          0 kB
Bounce:                0 kB
WritebackTmp:          0 kB
CommitLimit:     9202292 kB
Committed_AS:   65817044 kB
VmallocTotal:   263061440 kB
VmallocUsed:      103056 kB
VmallocChunk:          0 kB
Percpu:             7552 kB
CmaTotal:         294912 kB
CmaFree:               0 kB
MemTotal:       12113136 kB
MemFree:         6401944 kB
MemAvailable:    8008588 kB
Buffers:            5760 kB
Cached:          1836644 kB
SwapCached:            0 kB
Active:          1481592 kB
Inactive:        1595648 kB
Active(anon):    1241324 kB
Inactive(anon):    24884 kB
Active(file):     240268 kB
Inactive(file):  1570764 kB
Unevictable:        5620 kB
Mlocked:            5620 kB
SwapTotal:       3145724 kB
SwapFree:        3145724 kB
Dirty:               364 kB
Writeback:             0 kB
AnonPages:       1240324 kB
Mapped:           854472 kB
Shmem:             26804 kB
KReclaimable:     664316 kB
Slab:             222136 kB
SReclaimable:      77252 kB
SUnreclaim:       144884 kB
KernelStack:       46016 kB
PageTables:        62140 kB
NFS_Unstable:          0 kB
Bounce:                0 kB
WritebackTmp:          0 kB
CommitLimit:     9202292 kB
Committed_AS:   65808476 kB
VmallocTotal:   263061440 kB
VmallocUsed:      103072 kB
VmallocChunk:          0 kB
Percpu:             7552 kB
CmaTotal:         294912 kB
CmaFree:               0 kB
MemTotal:       12113136 kB
MemFree:         6401728 kB
MemAvailable:    8008392 kB
Buffers:            5760 kB
Cached:          1836664 kB
SwapCached:            0 kB
Active:          1481920 kB
Inactive:        1595672 kB
Active(anon):    1241656 kB
Inactive(anon):    24884 kB
Active(file):     240264 kB
Inactive(file):  1570788 kB
Unevictable:        5620 kB
Mlocked:            5620 kB
SwapTotal:       3145724 kB
SwapFree:        3145724 kB
Dirty:               420 kB
Writeback:             0 kB
AnonPages:       1240864 kB
Mapped:           854364 kB
Shmem:             26804 kB
KReclaimable:     664316 kB
Slab:             222128 kB
SReclaimable:      77252 kB
SUnreclaim:       144876 kB
KernelStack:       46016 kB
PageTables:        62156 kB
NFS_Unstable:          0 kB
Bounce:                0 kB
WritebackTmp:          0 kB
CommitLimit:     9202292 kB
Committed_AS:   65807864 kB
VmallocTotal:   263061440 kB
VmallocUsed:      103072 kB
VmallocChunk:          0 kB
Percpu:             7552 kB
CmaTotal:         294912 kB
CmaFree:               0 kB
MemTotal:       12113136 kB
MemFree:         6400464 kB
MemAvailable:    8007148 kB
Buffers:            5760 kB
Cached:          1836684 kB
SwapCached:            0 kB
Active:          1482656 kB
Inactive:        1595692 kB
Active(anon):    1242392 kB
Inactive(anon):    24884 kB
Active(file):     240264 kB
Inactive(file):  1570808 kB
Unevictable:        5620 kB
Mlocked:            5620 kB
SwapTotal:       3145724 kB
SwapFree:        3145724 kB
Dirty:               488 kB
Writeback:             0 kB
AnonPages:       1241480 kB
Mapped:           854364 kB
Shmem:             26804 kB
KReclaimable:     664316 kB
Slab:             222112 kB
SReclaimable:      77252 kB
SUnreclaim:       144860 kB
KernelStack:       46016 kB
PageTables:        62148 kB
NFS_Unstable:          0 kB
Bounce:                0 kB
WritebackTmp:          0 kB
CommitLimit:     9202292 kB
Committed_AS:   65813464 kB
VmallocTotal:   263061440 kB
VmallocUsed:      103056 kB
VmallocChunk:          0 kB
Percpu:             7552 kB
CmaTotal:         294912 kB
CmaFree:               0 kB
MemTotal:       12113136 kB
MemFree:         6413196 kB
MemAvailable:    8019884 kB
Buffers:            5760 kB
Cached:          1836688 kB
SwapCached:            0 kB
Active:          1469468 kB
Inactive:        1595696 kB
Active(anon):    1229204 kB
Inactive(anon):    24884 kB
Active(file):     240264 kB
Inactive(file):  1570812 kB
Unevictable:        5620 kB
Mlocked:            5620 kB
SwapTotal:       3145724 kB
SwapFree:        3145724 kB
Dirty:               492 kB
Writeback:             0 kB
AnonPages:       1228440 kB
Mapped:           854364 kB
Shmem:             26804 kB
KReclaimable:     664316 kB
Slab:             222128 kB
SReclaimable:      77252 kB
SUnreclaim:       144876 kB
KernelStack:       46016 kB
PageTables:        62148 kB
NFS_Unstable:          0 kB
Bounce:                0 kB
WritebackTmp:          0 kB
CommitLimit:     9202292 kB
Committed_AS:   65813028 kB
VmallocTotal:   263061440 kB
VmallocUsed:      103056 kB
VmallocChunk:          0 kB
Percpu:             7552 kB
CmaTotal:         294912 kB
CmaFree:             172 kB
MemTotal:       12113136 kB
MemFree:         6439516 kB
MemAvailable:    8046220 kB
Buffers:            5760 kB
Cached:          1836704 kB
SwapCached:            0 kB
Active:          1443248 kB
Inactive:        1595712 kB
Active(anon):    1202984 kB
Inactive(anon):    24884 kB
Active(file):     240264 kB
Inactive(file):  1570828 kB
Unevictable:        5620 kB
Mlocked:            5620 kB
SwapTotal:       3145724 kB
SwapFree:        3145724 kB
Dirty:               520 kB
Writeback:             0 kB
AnonPages:       1202020 kB
Mapped:           854364 kB
Shmem:             26804 kB
KReclaimable:     664316 kB
Slab:             222136 kB
SReclaimable:      77252 kB
SUnreclaim:       144884 kB
KernelStack:       46016 kB
PageTables:        62148 kB
NFS_Unstable:          0 kB
Bounce:                0 kB
WritebackTmp:          0 kB
CommitLimit:     9202292 kB
Committed_AS:   65813464 kB
VmallocTotal:   263061440 kB
VmallocUsed:      103024 kB
VmallocChunk:          0 kB
Percpu:             7552 kB
CmaTotal:         294912 kB
CmaFree:             116 kB
MemTotal:       12113136 kB
MemFree:         6439848 kB
MemAvailable:    8046564 kB
Buffers:            5760 kB
Cached:          1836716 kB
SwapCached:            0 kB
Active:          1443236 kB
Inactive:        1595724 kB
Active(anon):    1202972 kB
Inactive(anon):    24884 kB
Active(file):     240264 kB
Inactive(file):  1570840 kB
Unevictable:        5620 kB
Mlocked:            5620 kB
SwapTotal:       3145724 kB
SwapFree:        3145724 kB
Dirty:               536 kB
Writeback:             0 kB
AnonPages:       1202432 kB
Mapped:           854364 kB
Shmem:             26804 kB
KReclaimable:     664316 kB
Slab:             222128 kB
SReclaimable:      77252 kB
SUnreclaim:       144876 kB
KernelStack:       46016 kB
PageTables:        62148 kB
NFS_Unstable:          0 kB
Bounce:                0 kB
WritebackTmp:          0 kB
CommitLimit:     9202292 kB
Committed_AS:   65813072 kB
VmallocTotal:   263061440 kB
VmallocUsed:      103040 kB
VmallocChunk:          0 kB
Percpu:             7552 kB
CmaTotal:         294912 kB
CmaFree:               0 kB
MemTotal:       12113136 kB
MemFree:         6439484 kB
MemAvailable:    8046208 kB
Buffers:            5760 kB
Cached:          1836724 kB
SwapCached:            0 kB
Active:          1445228 kB
Inactive:        1595732 kB
Active(anon):    1204964 kB
Inactive(anon):    24884 kB
Active(file):     240264 kB
Inactive(file):  1570848 kB
Unevictable:        5620 kB
Mlocked:            5620 kB
SwapTotal:       3145724 kB
SwapFree:        3145724 kB
Dirty:               552 kB
Writeback:             0 kB
AnonPages:       1204124 kB
Mapped:           854364 kB
Shmem:             26804 kB
KReclaimable:     664316 kB
Slab:             222120 kB
SReclaimable:      77252 kB
SUnreclaim:       144868 kB
KernelStack:       46032 kB
PageTables:        62144 kB
NFS_Unstable:          0 kB
Bounce:                0 kB
WritebackTmp:          0 kB
CommitLimit:     9202292 kB
Committed_AS:   65813196 kB
VmallocTotal:   263061440 kB
VmallocUsed:      103040 kB
VmallocChunk:          0 kB
Percpu:             7552 kB
CmaTotal:         294912 kB
CmaFree:               0 kB
MemTotal:       12113136 kB
MemFree:         6443260 kB
MemAvailable:    8050028 kB
Buffers:            5764 kB
Cached:          1836764 kB
SwapCached:            0 kB
Active:          1440148 kB
Inactive:        1595768 kB
Active(anon):    1199876 kB
Inactive(anon):    24884 kB
Active(file):     240272 kB
Inactive(file):  1570884 kB
Unevictable:        5620 kB
Mlocked:            5620 kB
SwapTotal:       3145724 kB
SwapFree:        3145724 kB
Dirty:               588 kB
Writeback:             0 kB
AnonPages:       1199040 kB
Mapped:           854364 kB
Shmem:             26804 kB
KReclaimable:     664316 kB
Slab:             222128 kB
SReclaimable:      77252 kB
SUnreclaim:       144876 kB
KernelStack:       46016 kB
PageTables:        62152 kB
NFS_Unstable:          0 kB
Bounce:                0 kB
WritebackTmp:          0 kB
CommitLimit:     9202292 kB
Committed_AS:   65807720 kB
VmallocTotal:   263061440 kB
VmallocUsed:      102992 kB
VmallocChunk:          0 kB
Percpu:             7552 kB
CmaTotal:         294912 kB
CmaFree:             132 kB
MemTotal:       12113136 kB
MemFree:         6442592 kB
MemAvailable:    8049360 kB
Buffers:            5764 kB
Cached:          1836764 kB
SwapCached:            0 kB
Active:          1440192 kB
Inactive:        1595772 kB
Active(anon):    1199924 kB
Inactive(anon):    24884 kB
Active(file):     240268 kB
Inactive(file):  1570888 kB
Unevictable:        5620 kB
Mlocked:            5620 kB
SwapTotal:       3145724 kB
SwapFree:        3145724 kB
Dirty:               244 kB
Writeback:             0 kB
AnonPages:       1198968 kB
Mapped:           854364 kB
Shmem:             26804 kB
KReclaimable:     664316 kB
Slab:             222140 kB
SReclaimable:      77252 kB
SUnreclaim:       144888 kB
KernelStack:       46016 kB
PageTables:        62144 kB
NFS_Unstable:          0 kB
Bounce:                0 kB
WritebackTmp:          0 kB
CommitLimit:     9202292 kB
Committed_AS:   65813476 kB
VmallocTotal:   263061440 kB
VmallocUsed:      102976 kB
VmallocChunk:          0 kB
Percpu:             7552 kB
CmaTotal:         294912 kB
CmaFree:              28 kB
MemTotal:       12113136 kB
MemFree:         6442172 kB
MemAvailable:    8048948 kB
Buffers:            5764 kB
Cached:          1836772 kB
SwapCached:            0 kB
Active:          1440948 kB
Inactive:        1595780 kB
Active(anon):    1200680 kB
Inactive(anon):    24884 kB
Active(file):     240268 kB
Inactive(file):  1570896 kB
Unevictable:        5620 kB
Mlocked:            5620 kB
SwapTotal:       3145724 kB
SwapFree:        3145724 kB
Dirty:               308 kB
Writeback:             0 kB
AnonPages:       1199848 kB
Mapped:           854364 kB
Shmem:             26804 kB
KReclaimable:     664316 kB
Slab:             222140 kB
SReclaimable:      77252 kB
SUnreclaim:       144888 kB
KernelStack:       46016 kB
PageTables:        62144 kB
NFS_Unstable:          0 kB
Bounce:                0 kB
WritebackTmp:          0 kB
CommitLimit:     9202292 kB
Committed_AS:   65813572 kB
VmallocTotal:   263061440 kB
VmallocUsed:      103056 kB
VmallocChunk:          0 kB
Percpu:             7552 kB
CmaTotal:         294912 kB
CmaFree:               0 kB
MemTotal:       12113136 kB
MemFree:         6442308 kB
MemAvailable:    8049100 kB
Buffers:            5764 kB
Cached:          1836788 kB
SwapCached:            0 kB
Active:          1441772 kB
Inactive:        1595796 kB
Active(anon):    1201504 kB
Inactive(anon):    24884 kB
Active(file):     240268 kB
Inactive(file):  1570912 kB
Unevictable:        5620 kB
Mlocked:            5620 kB
SwapTotal:       3145724 kB
SwapFree:        3145724 kB
Dirty:               360 kB
Writeback:             0 kB
AnonPages:       1200536 kB
Mapped:           854420 kB
Shmem:             26804 kB
KReclaimable:     664316 kB
Slab:             222140 kB
SReclaimable:      77252 kB
SUnreclaim:       144888 kB
KernelStack:       46016 kB
PageTables:        62144 kB
NFS_Unstable:          0 kB
Bounce:                0 kB
WritebackTmp:          0 kB
CommitLimit:     9202292 kB
Committed_AS:   65813824 kB
VmallocTotal:   263061440 kB
VmallocUsed:      103024 kB
VmallocChunk:          0 kB
Percpu:             7552 kB
CmaTotal:         294912 kB
CmaFree:               0 kB
MemTotal:       12113136 kB
MemFree:         6441480 kB
MemAvailable:    8048280 kB
Buffers:            5764 kB
Cached:          1836796 kB
SwapCached:            0 kB
Active:          1442764 kB
Inactive:        1595804 kB
Active(anon):    1202496 kB
Inactive(anon):    24884 kB
Active(file):     240268 kB
Inactive(file):  1570920 kB
Unevictable:        5620 kB
Mlocked:            5620 kB
SwapTotal:       3145724 kB
SwapFree:        3145724 kB
Dirty:               396 kB
Writeback:             0 kB
AnonPages:       1201564 kB
Mapped:           854580 kB
Shmem:             26804 kB
KReclaimable:     664316 kB
Slab:             222132 kB
SReclaimable:      77252 kB
SUnreclaim:       144880 kB
KernelStack:       46016 kB
PageTables:        62152 kB
NFS_Unstable:          0 kB
Bounce:                0 kB
WritebackTmp:          0 kB
CommitLimit:     9202292 kB
Committed_AS:   65813788 kB
VmallocTotal:   263061440 kB
VmallocUsed:      103024 kB
VmallocChunk:          0 kB
Percpu:             7552 kB
CmaTotal:         294912 kB
CmaFree:               0 kB
MemTotal:       12113136 kB
MemFree:         6441852 kB
MemAvailable:    8048668 kB
Buffers:            5764 kB
Cached:          1836812 kB
SwapCached:            0 kB
Active:          1442928 kB
Inactive:        1595820 kB
Active(anon):    1202660 kB
Inactive(anon):    24884 kB
Active(file):     240268 kB
Inactive(file):  1570936 kB
Unevictable:        5620 kB
Mlocked:            5620 kB
SwapTotal:       3145724 kB
SwapFree:        3145724 kB
Dirty:               428 kB
Writeback:             0 kB
AnonPages:       1201780 kB
Mapped:           854700 kB
Shmem:             26804 kB
KReclaimable:     664316 kB
Slab:             222132 kB
SReclaimable:      77252 kB
SUnreclaim:       144880 kB
KernelStack:       46016 kB
PageTables:        62160 kB
NFS_Unstable:          0 kB
Bounce:                0 kB
WritebackTmp:          0 kB
CommitLimit:     9202292 kB
Committed_AS:   65803924 kB
VmallocTotal:   263061440 kB
VmallocUsed:      103024 kB
VmallocChunk:          0 kB
Percpu:             7552 kB
CmaTotal:         294912 kB
CmaFree:               0 kB
MemTotal:       12113136 kB
MemFree:         6440420 kB
MemAvailable:    8047248 kB
Buffers:            5764 kB
Cached:          1836824 kB
SwapCached:            0 kB
Active:          1443576 kB
Inactive:        1595832 kB
Active(anon):    1203308 kB
Inactive(anon):    24884 kB
Active(file):     240268 kB
Inactive(file):  1570948 kB
Unevictable:        5620 kB
Mlocked:            5620 kB
SwapTotal:       3145724 kB
SwapFree:        3145724 kB
Dirty:               244 kB
Writeback:             0 kB
AnonPages:       1202520 kB
Mapped:           854580 kB
Shmem:             26804 kB
KReclaimable:     664316 kB
Slab:             222128 kB
SReclaimable:      77252 kB
SUnreclaim:       144876 kB
KernelStack:       45968 kB
PageTables:        62152 kB
NFS_Unstable:          0 kB
Bounce:                0 kB
WritebackTmp:          0 kB
CommitLimit:     9202292 kB
Committed_AS:   65808048 kB
VmallocTotal:   263061440 kB
VmallocUsed:      103008 kB
VmallocChunk:          0 kB
Percpu:             7552 kB
CmaTotal:         294912 kB
CmaFree:              28 kB
MemTotal:       12113136 kB
MemFree:         6439708 kB
MemAvailable:    8046548 kB
Buffers:            5764 kB
Cached:          1836836 kB
SwapCached:            0 kB
Active:          1443760 kB
Inactive:        1595844 kB
Active(anon):    1203492 kB
Inactive(anon):    24884 kB
Active(file):     240268 kB
Inactive(file):  1570960 kB
Unevictable:        5620 kB
Mlocked:            5620 kB
SwapTotal:       3145724 kB
SwapFree:        3145724 kB
Dirty:               296 kB
Writeback:             0 kB
AnonPages:       1202576 kB
Mapped:           854580 kB
Shmem:             26804 kB
KReclaimable:     664316 kB
Slab:             222136 kB
SReclaimable:      77252 kB
SUnreclaim:       144884 kB
KernelStack:       46000 kB
PageTables:        62144 kB
NFS_Unstable:          0 kB
Bounce:                0 kB
WritebackTmp:          0 kB
CommitLimit:     9202292 kB
Committed_AS:   65803848 kB
VmallocTotal:   263061440 kB
VmallocUsed:      102976 kB
VmallocChunk:          0 kB
Percpu:             7552 kB
CmaTotal:         294912 kB
CmaFree:              48 kB
MemTotal:       12113136 kB
MemFree:         6442064 kB
MemAvailable:    8048908 kB
Buffers:            5764 kB
Cached:          1836840 kB
SwapCached:            0 kB
Active:          1440744 kB
Inactive:        1595848 kB
Active(anon):    1200476 kB
Inactive(anon):    24884 kB
Active(file):     240268 kB
Inactive(file):  1570964 kB
Unevictable:        5620 kB
Mlocked:            5620 kB
SwapTotal:       3145724 kB
SwapFree:        3145724 kB
Dirty:               332 kB
Writeback:             0 kB
AnonPages:       1199708 kB
Mapped:           854580 kB
Shmem:             26804 kB
KReclaimable:     664316 kB
Slab:             222144 kB
SReclaimable:      77252 kB
SUnreclaim:       144892 kB
KernelStack:       45968 kB
PageTables:        62156 kB
NFS_Unstable:          0 kB
Bounce:                0 kB
WritebackTmp:          0 kB
CommitLimit:     9202292 kB
Committed_AS:   65808420 kB
VmallocTotal:   263061440 kB
VmallocUsed:      102976 kB
VmallocChunk:          0 kB
Percpu:             7552 kB
CmaTotal:         294912 kB
CmaFree:               0 kB
MemTotal:       12113136 kB
MemFree:         6440624 kB
MemAvailable:    8047500 kB
Buffers:            5764 kB
Cached:          1836868 kB
SwapCached:            0 kB
Active:          1441892 kB
Inactive:        1595876 kB
Active(anon):    1201624 kB
Inactive(anon):    24884 kB
Active(file):     240268 kB
Inactive(file):  1570992 kB
Unevictable:        5620 kB
Mlocked:            5620 kB
SwapTotal:       3145724 kB
SwapFree:        3145724 kB
Dirty:               472 kB
Writeback:             0 kB
AnonPages:       1200652 kB
Mapped:           854580 kB
Shmem:             26804 kB
KReclaimable:     664320 kB
Slab:             222108 kB
SReclaimable:      77256 kB
SUnreclaim:       144852 kB
KernelStack:       46016 kB
PageTables:        62148 kB
NFS_Unstable:          0 kB
Bounce:                0 kB
WritebackTmp:          0 kB
CommitLimit:     9202292 kB
Committed_AS:   65813452 kB
VmallocTotal:   263061440 kB
VmallocUsed:      102944 kB
VmallocChunk:          0 kB
Percpu:             7552 kB
CmaTotal:         294912 kB
CmaFree:             364 kB
MemTotal:       12113136 kB
MemFree:         6440164 kB
MemAvailable:    8047052 kB
Buffers:            5764 kB
Cached:          1836880 kB
SwapCached:            0 kB
Active:          1442116 kB
Inactive:        1595888 kB
Active(anon):    1201848 kB
Inactive(anon):    24884 kB
Active(file):     240268 kB
Inactive(file):  1571004 kB
Unevictable:        5620 kB
Mlocked:            5620 kB
SwapTotal:       3145724 kB
SwapFree:        3145724 kB
Dirty:               588 kB
Writeback:             0 kB
AnonPages:       1201100 kB
Mapped:           854580 kB
Shmem:             26804 kB
KReclaimable:     664320 kB
Slab:             222092 kB
SReclaimable:      77256 kB
SUnreclaim:       144836 kB
KernelStack:       45968 kB
PageTables:        62156 kB
NFS_Unstable:          0 kB
Bounce:                0 kB
WritebackTmp:          0 kB
CommitLimit:     9202292 kB
Committed_AS:   65813408 kB
VmallocTotal:   263061440 kB
VmallocUsed:      102944 kB
VmallocChunk:          0 kB
Percpu:             7552 kB
CmaTotal:         294912 kB
CmaFree:             144 kB
MemTotal:       12113136 kB
MemFree:         6440356 kB
MemAvailable:    8047256 kB
Buffers:            5764 kB
Cached:          1836892 kB
SwapCached:            0 kB
Active:          1442748 kB
Inactive:        1595900 kB
Active(anon):    1202480 kB
Inactive(anon):    24884 kB
Active(file):     240268 kB
Inactive(file):  1571016 kB
Unevictable:        5620 kB
Mlocked:            5620 kB
SwapTotal:       3145724 kB
SwapFree:        3145724 kB
Dirty:               232 kB
Writeback:             0 kB
AnonPages:       1201596 kB
Mapped:           854580 kB
Shmem:             26804 kB
KReclaimable:     664320 kB
Slab:             222104 kB
SReclaimable:      77256 kB
SUnreclaim:       144848 kB
KernelStack:       45920 kB
PageTables:        62144 kB
NFS_Unstable:          0 kB
Bounce:                0 kB
WritebackTmp:          0 kB
CommitLimit:     9202292 kB
Committed_AS:   65813224 kB
VmallocTotal:   263061440 kB
VmallocUsed:      102928 kB
VmallocChunk:          0 kB
Percpu:             7552 kB
CmaTotal:         294912 kB
CmaFree:               0 kB
MemTotal:       12113136 kB
MemFree:         6440168 kB
MemAvailable:    8047076 kB
Buffers:            5764 kB
Cached:          1836900 kB
SwapCached:            0 kB
Active:          1443600 kB
Inactive:        1595908 kB
Active(anon):    1203332 kB
Inactive(anon):    24884 kB
Active(file):     240268 kB
Inactive(file):  1571024 kB
Unevictable:        5620 kB
Mlocked:            5620 kB
SwapTotal:       3145724 kB
SwapFree:        3145724 kB
Dirty:               332 kB
Writeback:             0 kB
AnonPages:       1202460 kB
Mapped:           854712 kB
Shmem:             26804 kB
KReclaimable:     664320 kB
Slab:             222096 kB
SReclaimable:      77256 kB
SUnreclaim:       144840 kB
KernelStack:       45936 kB
PageTables:        62272 kB
NFS_Unstable:          0 kB
Bounce:                0 kB
WritebackTmp:          0 kB
CommitLimit:     9202292 kB
Committed_AS:   65790988 kB
VmallocTotal:   263061440 kB
VmallocUsed:      102944 kB
VmallocChunk:          0 kB
Percpu:             7552 kB
CmaTotal:         294912 kB
CmaFree:               0 kB
MemTotal:       12113136 kB
MemFree:         6439744 kB
MemAvailable:    8046668 kB
Buffers:            5764 kB
Cached:          1836916 kB
SwapCached:            0 kB
Active:          1444704 kB
Inactive:        1595924 kB
Active(anon):    1204436 kB
Inactive(anon):    24884 kB
Active(file):     240268 kB
Inactive(file):  1571040 kB
Unevictable:        5620 kB
Mlocked:            5620 kB
SwapTotal:       3145724 kB
SwapFree:        3145724 kB
Dirty:               360 kB
Writeback:             0 kB
AnonPages:       1203480 kB
Mapped:           854580 kB
Shmem:             26804 kB
KReclaimable:     664320 kB
Slab:             222112 kB
SReclaimable:      77256 kB
SUnreclaim:       144856 kB
KernelStack:       45952 kB
PageTables:        62140 kB
NFS_Unstable:          0 kB
Bounce:                0 kB
WritebackTmp:          0 kB
CommitLimit:     9202292 kB
Committed_AS:   65795268 kB
VmallocTotal:   263061440 kB
VmallocUsed:      102960 kB
VmallocChunk:          0 kB
Percpu:             7552 kB
CmaTotal:         294912 kB
CmaFree:               0 kB
MemTotal:       12113136 kB
MemFree:         6438744 kB
MemAvailable:    8045676 kB
Buffers:            5764 kB
Cached:          1836924 kB
SwapCached:            0 kB
Active:          1445064 kB
Inactive:        1595932 kB
Active(anon):    1204796 kB
Inactive(anon):    24884 kB
Active(file):     240268 kB
Inactive(file):  1571048 kB
Unevictable:        5620 kB
Mlocked:            5620 kB
SwapTotal:       3145724 kB
SwapFree:        3145724 kB
Dirty:               364 kB
Writeback:             0 kB
AnonPages:       1203972 kB
Mapped:           854580 kB
Shmem:             26804 kB
KReclaimable:     664320 kB
Slab:             222104 kB
SReclaimable:      77256 kB
SUnreclaim:       144848 kB
KernelStack:       45936 kB
PageTables:        62088 kB
NFS_Unstable:          0 kB
Bounce:                0 kB
WritebackTmp:          0 kB
CommitLimit:     9202292 kB
Committed_AS:   65800520 kB
VmallocTotal:   263061440 kB
VmallocUsed:      102976 kB
VmallocChunk:          0 kB
Percpu:             7552 kB
CmaTotal:         294912 kB
CmaFree:               0 kB
MemTotal:       12113136 kB
MemFree:         6430276 kB
MemAvailable:    8037248 kB
Buffers:            5768 kB
Cached:          1836964 kB
SwapCached:            0 kB
Active:          1457212 kB
Inactive:        1595972 kB
Active(anon):    1216940 kB
Inactive(anon):    24888 kB
Active(file):     240272 kB
Inactive(file):  1571084 kB
Unevictable:        5620 kB
Mlocked:            5620 kB
SwapTotal:       3145724 kB
SwapFree:        3145724 kB
Dirty:               408 kB
Writeback:             0 kB
AnonPages:       1215960 kB
Mapped:           854584 kB
Shmem:             26808 kB
KReclaimable:     664320 kB
Slab:             222104 kB
SReclaimable:      77256 kB
SUnreclaim:       144848 kB
KernelStack:       45952 kB
PageTables:        62140 kB
NFS_Unstable:          0 kB
Bounce:                0 kB
WritebackTmp:          0 kB
CommitLimit:     9202292 kB
Committed_AS:   65800308 kB
VmallocTotal:   263061440 kB
VmallocUsed:      102960 kB
VmallocChunk:          0 kB
Percpu:             7552 kB
CmaTotal:         294912 kB
CmaFree:              12 kB
MemTotal:       12113136 kB
MemFree:         6413136 kB
MemAvailable:    8020124 kB
Buffers:            5768 kB
Cached:          1836980 kB
SwapCached:            0 kB
Active:          1473276 kB
Inactive:        1595988 kB
Active(anon):    1233004 kB
Inactive(anon):    24888 kB
Active(file):     240272 kB
Inactive(file):  1571100 kB
Unevictable:        5620 kB
Mlocked:            5620 kB
SwapTotal:       3145724 kB
SwapFree:        3145724 kB
Dirty:               272 kB
Writeback:             0 kB
AnonPages:       1232192 kB
Mapped:           854584 kB
Shmem:             26808 kB
KReclaimable:     664320 kB
Slab:             222104 kB
SReclaimable:      77256 kB
SUnreclaim:       144848 kB
KernelStack:       45888 kB
PageTables:        62148 kB
NFS_Unstable:          0 kB
Bounce:                0 kB
WritebackTmp:          0 kB
CommitLimit:     9202292 kB
Committed_AS:   65807012 kB
VmallocTotal:   263061440 kB
VmallocUsed:      102880 kB
VmallocChunk:          0 kB
Percpu:             7552 kB
CmaTotal:         294912 kB
CmaFree:               0 kB
MemTotal:       12113136 kB
MemFree:         6410668 kB
MemAvailable:    8017668 kB
Buffers:            5768 kB
Cached:          1836992 kB
SwapCached:            0 kB
Active:          1473896 kB
Inactive:        1596000 kB
Active(anon):    1233624 kB
Inactive(anon):    24888 kB
Active(file):     240272 kB
Inactive(file):  1571112 kB
Unevictable:        5620 kB
Mlocked:            5620 kB
SwapTotal:       3145724 kB
SwapFree:        3145724 kB
Dirty:               324 kB
Writeback:             0 kB
AnonPages:       1232804 kB
Mapped:           854584 kB
Shmem:             26808 kB
KReclaimable:     664320 kB
Slab:             222112 kB
SReclaimable:      77256 kB
SUnreclaim:       144856 kB
KernelStack:       45888 kB
PageTables:        62136 kB
NFS_Unstable:          0 kB
Bounce:                0 kB
WritebackTmp:          0 kB
CommitLimit:     9202292 kB
Committed_AS:   65807524 kB
VmallocTotal:   263061440 kB
VmallocUsed:      102880 kB
VmallocChunk:          0 kB
Percpu:             7552 kB
CmaTotal:         294912 kB
CmaFree:               0 kB
MemTotal:       12113136 kB
MemFree:         6410060 kB
MemAvailable:    8017076 kB
Buffers:            5768 kB
Cached:          1837008 kB
SwapCached:            0 kB
Active:          1474704 kB
Inactive:        1596016 kB
Active(anon):    1234432 kB
Inactive(anon):    24888 kB
Active(file):     240272 kB
Inactive(file):  1571128 kB
Unevictable:        5620 kB
Mlocked:            5620 kB
SwapTotal:       3145724 kB
SwapFree:        3145724 kB
Dirty:               388 kB
Writeback:             0 kB
AnonPages:       1233580 kB
Mapped:           854584 kB
Shmem:             26808 kB
KReclaimable:     664320 kB
Slab:             222112 kB
SReclaimable:      77256 kB
SUnreclaim:       144856 kB
KernelStack:       45920 kB
PageTables:        62136 kB
NFS_Unstable:          0 kB
Bounce:                0 kB
WritebackTmp:          0 kB
CommitLimit:     9202292 kB
Committed_AS:   65816180 kB
VmallocTotal:   263061440 kB
VmallocUsed:      102912 kB
VmallocChunk:          0 kB
Percpu:             7552 kB
CmaTotal:         294912 kB
CmaFree:               0 kB
MemTotal:       12113136 kB
MemFree:         6409568 kB
MemAvailable:    8016588 kB
Buffers:            5768 kB
Cached:          1837012 kB
SwapCached:            0 kB
Active:          1475396 kB
Inactive:        1596020 kB
Active(anon):    1235124 kB
Inactive(anon):    24888 kB
Active(file):     240272 kB
Inactive(file):  1571132 kB
Unevictable:        5620 kB
Mlocked:            5620 kB
SwapTotal:       3145724 kB
SwapFree:        3145724 kB
Dirty:               392 kB
Writeback:             0 kB
AnonPages:       1234240 kB
Mapped:           854584 kB
Shmem:             26808 kB
KReclaimable:     664320 kB
Slab:             222072 kB
SReclaimable:      77256 kB
SUnreclaim:       144816 kB
KernelStack:       45920 kB
PageTables:        62148 kB
NFS_Unstable:          0 kB
Bounce:                0 kB
WritebackTmp:          0 kB
CommitLimit:     9202292 kB
Committed_AS:   65816268 kB
VmallocTotal:   263061440 kB
VmallocUsed:      102928 kB
VmallocChunk:          0 kB
Percpu:             7552 kB
CmaTotal:         294912 kB
CmaFree:               0 kB
MemTotal:       12113136 kB
MemFree:         6407984 kB
MemAvailable:    8015048 kB
Buffers:            5768 kB
Cached:          1837056 kB
SwapCached:            0 kB
Active:          1475912 kB
Inactive:        1596060 kB
Active(anon):    1235636 kB
Inactive(anon):    24888 kB
Active(file):     240276 kB
Inactive(file):  1571172 kB
Unevictable:        5620 kB
Mlocked:            5620 kB
SwapTotal:       3145724 kB
SwapFree:        3145724 kB
Dirty:               420 kB
Writeback:             0 kB
AnonPages:       1234892 kB
Mapped:           854584 kB
Shmem:             26808 kB
KReclaimable:     664320 kB
Slab:             222080 kB
SReclaimable:      77256 kB
SUnreclaim:       144824 kB
KernelStack:       45920 kB
PageTables:        62144 kB
NFS_Unstable:          0 kB
Bounce:                0 kB
WritebackTmp:          0 kB
CommitLimit:     9202292 kB
Committed_AS:   65816688 kB
VmallocTotal:   263061440 kB
VmallocUsed:      102912 kB
VmallocChunk:          0 kB
Percpu:             7552 kB
CmaTotal:         294912 kB
CmaFree:               0 kB
MemTotal:       12113136 kB
MemFree:         6407556 kB
MemAvailable:    8014596 kB
Buffers:            5768 kB
Cached:          1837032 kB
SwapCached:            0 kB
Active:          1476480 kB
Inactive:        1596040 kB
Active(anon):    1236208 kB
Inactive(anon):    24888 kB
Active(file):     240272 kB
Inactive(file):  1571152 kB
Unevictable:        5620 kB
Mlocked:            5620 kB
SwapTotal:       3145724 kB
SwapFree:        3145724 kB
Dirty:               428 kB
Writeback:             0 kB
AnonPages:       1235256 kB
Mapped:           854584 kB
Shmem:             26808 kB
KReclaimable:     664320 kB
Slab:             222072 kB
SReclaimable:      77256 kB
SUnreclaim:       144816 kB
KernelStack:       45904 kB
PageTables:        62136 kB
NFS_Unstable:          0 kB
Bounce:                0 kB
WritebackTmp:          0 kB
CommitLimit:     9202292 kB
Committed_AS:   65816204 kB
VmallocTotal:   263061440 kB
VmallocUsed:      102912 kB
VmallocChunk:          0 kB
Percpu:             7552 kB
CmaTotal:         294912 kB
CmaFree:               0 kB
MemTotal:       12113136 kB
MemFree:         6407336 kB
MemAvailable:    8014396 kB
Buffers:            5768 kB
Cached:          1837052 kB
SwapCached:            0 kB
Active:          1477124 kB
Inactive:        1596060 kB
Active(anon):    1236852 kB
Inactive(anon):    24888 kB
Active(file):     240272 kB
Inactive(file):  1571172 kB
Unevictable:        5620 kB
Mlocked:            5620 kB
SwapTotal:       3145724 kB
SwapFree:        3145724 kB
Dirty:               452 kB
Writeback:             0 kB
AnonPages:       1236028 kB
Mapped:           854584 kB
Shmem:             26808 kB
KReclaimable:     664320 kB
Slab:             222072 kB
SReclaimable:      77256 kB
SUnreclaim:       144816 kB
KernelStack:       45904 kB
PageTables:        62100 kB
NFS_Unstable:          0 kB
Bounce:                0 kB
WritebackTmp:          0 kB
CommitLimit:     9202292 kB
Committed_AS:   65811624 kB
VmallocTotal:   263061440 kB
VmallocUsed:      102896 kB
VmallocChunk:          0 kB
Percpu:             7552 kB
CmaTotal:         294912 kB
CmaFree:               0 kB
MemTotal:       12113136 kB
MemFree:         6417288 kB
MemAvailable:    8024352 kB
Buffers:            5768 kB
Cached:          1837056 kB
SwapCached:            0 kB
Active:          1464848 kB
Inactive:        1596064 kB
Active(anon):    1224576 kB
Inactive(anon):    24888 kB
Active(file):     240272 kB
Inactive(file):  1571176 kB
Unevictable:        5620 kB
Mlocked:            5620 kB
SwapTotal:       3145724 kB
SwapFree:        3145724 kB
Dirty:               456 kB
Writeback:             0 kB
AnonPages:       1223648 kB
Mapped:           854584 kB
Shmem:             26808 kB
KReclaimable:     664320 kB
Slab:             222072 kB
SReclaimable:      77256 kB
SUnreclaim:       144816 kB
KernelStack:       45888 kB
PageTables:        62132 kB
NFS_Unstable:          0 kB
Bounce:                0 kB
WritebackTmp:          0 kB
CommitLimit:     9202292 kB
Committed_AS:   65816420 kB
VmallocTotal:   263061440 kB
VmallocUsed:      102928 kB
VmallocChunk:          0 kB
Percpu:             7552 kB
CmaTotal:         294912 kB
CmaFree:               8 kB
MemTotal:       12113136 kB
MemFree:         6425712 kB
MemAvailable:    8032812 kB
Buffers:            5768 kB
Cached:          1837092 kB
SwapCached:            0 kB
Active:          1456612 kB
Inactive:        1596100 kB
Active(anon):    1216340 kB
Inactive(anon):    24888 kB
Active(file):     240272 kB
Inactive(file):  1571212 kB
Unevictable:        5620 kB
Mlocked:            5620 kB
SwapTotal:       3145724 kB
SwapFree:        3145724 kB
Dirty:               536 kB
Writeback:             0 kB
AnonPages:       1215508 kB
Mapped:           854584 kB
Shmem:             26808 kB
KReclaimable:     664320 kB
Slab:             222072 kB
SReclaimable:      77256 kB
SUnreclaim:       144816 kB
KernelStack:       45904 kB
PageTables:        62160 kB
NFS_Unstable:          0 kB
Bounce:                0 kB
WritebackTmp:          0 kB
CommitLimit:     9202292 kB
Committed_AS:   65806424 kB
VmallocTotal:   263061440 kB
VmallocUsed:      102928 kB
VmallocChunk:          0 kB
Percpu:             7552 kB
CmaTotal:         294912 kB
CmaFree:               0 kB
MemTotal:       12113136 kB
MemFree:         6425732 kB
MemAvailable:    8032840 kB
Buffers:            5768 kB
Cached:          1837100 kB
SwapCached:            0 kB
Active:          1457288 kB
Inactive:        1596108 kB
Active(anon):    1217016 kB
Inactive(anon):    24888 kB
Active(file):     240272 kB
Inactive(file):  1571220 kB
Unevictable:        5620 kB
Mlocked:            5620 kB
SwapTotal:       3145724 kB
SwapFree:        3145724 kB
Dirty:               548 kB
Writeback:             0 kB
AnonPages:       1216124 kB
Mapped:           854584 kB
Shmem:             26808 kB
KReclaimable:     664320 kB
Slab:             222080 kB
SReclaimable:      77256 kB
SUnreclaim:       144824 kB
KernelStack:       45888 kB
PageTables:        62132 kB
NFS_Unstable:          0 kB
Bounce:                0 kB
WritebackTmp:          0 kB
CommitLimit:     9202292 kB
Committed_AS:   65810892 kB
VmallocTotal:   263061440 kB
VmallocUsed:      102912 kB
VmallocChunk:          0 kB
Percpu:             7552 kB
CmaTotal:         294912 kB
CmaFree:               4 kB
MemTotal:       12113136 kB
MemFree:         6424944 kB
MemAvailable:    8032064 kB
Buffers:            5768 kB
Cached:          1837112 kB
SwapCached:            0 kB
Active:          1458132 kB
Inactive:        1596120 kB
Active(anon):    1217860 kB
Inactive(anon):    24888 kB
Active(file):     240272 kB
Inactive(file):  1571232 kB
Unevictable:        5620 kB
Mlocked:            5620 kB
SwapTotal:       3145724 kB
SwapFree:        3145724 kB
Dirty:               564 kB
Writeback:             0 kB
AnonPages:       1217052 kB
Mapped:           854584 kB
Shmem:             26808 kB
KReclaimable:     664320 kB
Slab:             222080 kB
SReclaimable:      77256 kB
SUnreclaim:       144824 kB
KernelStack:       45888 kB
PageTables:        62132 kB
NFS_Unstable:          0 kB
Bounce:                0 kB
WritebackTmp:          0 kB
CommitLimit:     9202292 kB
Committed_AS:   65813072 kB
VmallocTotal:   263061440 kB
VmallocUsed:      102896 kB
VmallocChunk:          0 kB
Percpu:             7552 kB
CmaTotal:         294912 kB
CmaFree:             256 kB
MemTotal:       12113136 kB
MemFree:         6423976 kB
MemAvailable:    8031112 kB
Buffers:            5768 kB
Cached:          1837128 kB
SwapCached:            0 kB
Active:          1457848 kB
Inactive:        1596136 kB
Active(anon):    1217576 kB
Inactive(anon):    24888 kB
Active(file):     240272 kB
Inactive(file):  1571248 kB
Unevictable:        5620 kB
Mlocked:            5620 kB
SwapTotal:       3145724 kB
SwapFree:        3145724 kB
Dirty:               592 kB
Writeback:             0 kB
AnonPages:       1216804 kB
Mapped:           854584 kB
Shmem:             26808 kB
KReclaimable:     664320 kB
Slab:             222080 kB
SReclaimable:      77256 kB
SUnreclaim:       144824 kB
KernelStack:       45888 kB
PageTables:        62124 kB
NFS_Unstable:          0 kB
Bounce:                0 kB
WritebackTmp:          0 kB
CommitLimit:     9202292 kB
Committed_AS:   65810360 kB
VmallocTotal:   263061440 kB
VmallocUsed:      102928 kB
VmallocChunk:          0 kB
Percpu:             7552 kB
CmaTotal:         294912 kB
CmaFree:               0 kB
MemTotal:       12113136 kB
MemFree:         6424636 kB
MemAvailable:    8031780 kB
Buffers:            5768 kB
Cached:          1837136 kB
SwapCached:            0 kB
Active:          1458068 kB
Inactive:        1596144 kB
Active(anon):    1217796 kB
Inactive(anon):    24888 kB
Active(file):     240272 kB
Inactive(file):  1571256 kB
Unevictable:        5620 kB
Mlocked:            5620 kB
SwapTotal:       3145724 kB
SwapFree:        3145724 kB
Dirty:               600 kB
Writeback:             0 kB
AnonPages:       1217224 kB
Mapped:           854584 kB
Shmem:             26808 kB
KReclaimable:     664320 kB
Slab:             222080 kB
SReclaimable:      77256 kB
SUnreclaim:       144824 kB
KernelStack:       45888 kB
PageTables:        62144 kB
NFS_Unstable:          0 kB
Bounce:                0 kB
WritebackTmp:          0 kB
CommitLimit:     9202292 kB
Committed_AS:   65811512 kB
VmallocTotal:   263061440 kB
VmallocUsed:      102976 kB
VmallocChunk:          0 kB
Percpu:             7552 kB
CmaTotal:         294912 kB
CmaFree:               4 kB
MemTotal:       12113136 kB
MemFree:         6424512 kB
MemAvailable:    8031668 kB
Buffers:            5768 kB
Cached:          1837148 kB
SwapCached:            0 kB
Active:          1458860 kB
Inactive:        1596156 kB
Active(anon):    1218588 kB
Inactive(anon):    24888 kB
Active(file):     240272 kB
Inactive(file):  1571268 kB
Unevictable:        5620 kB
Mlocked:            5620 kB
SwapTotal:       3145724 kB
SwapFree:        3145724 kB
Dirty:               616 kB
Writeback:             0 kB
AnonPages:       1217748 kB
Mapped:           854776 kB
Shmem:             26808 kB
KReclaimable:     664320 kB
Slab:             222080 kB
SReclaimable:      77256 kB
SUnreclaim:       144824 kB
KernelStack:       45984 kB
PageTables:        62236 kB
NFS_Unstable:          0 kB
Bounce:                0 kB
WritebackTmp:          0 kB
CommitLimit:     9202292 kB
Committed_AS:   65812500 kB
VmallocTotal:   263061440 kB
VmallocUsed:      102992 kB
VmallocChunk:          0 kB
Percpu:             7552 kB
CmaTotal:         294912 kB
CmaFree:               0 kB
MemTotal:       12113136 kB
MemFree:         6423284 kB
MemAvailable:    8030472 kB
Buffers:            5772 kB
Cached:          1837176 kB
SwapCached:            0 kB
Active:          1459560 kB
Inactive:        1596184 kB
Active(anon):    1219284 kB
Inactive(anon):    24888 kB
Active(file):     240276 kB
Inactive(file):  1571296 kB
Unevictable:        5620 kB
Mlocked:            5620 kB
SwapTotal:       3145724 kB
SwapFree:        3145724 kB
Dirty:               608 kB
Writeback:             0 kB
AnonPages:       1218464 kB
Mapped:           854584 kB
Shmem:             26808 kB
KReclaimable:     664320 kB
Slab:             222076 kB
SReclaimable:      77256 kB
SUnreclaim:       144820 kB
KernelStack:       45936 kB
PageTables:        62140 kB
NFS_Unstable:          0 kB
Bounce:                0 kB
WritebackTmp:          0 kB
CommitLimit:     9202292 kB
Committed_AS:   65808404 kB
VmallocTotal:   263061440 kB
VmallocUsed:      102976 kB
VmallocChunk:          0 kB
Percpu:             7552 kB
CmaTotal:         294912 kB
CmaFree:               0 kB
MemTotal:       12113136 kB
MemFree:         6423192 kB
MemAvailable:    8030396 kB
Buffers:            5772 kB
Cached:          1837192 kB
SwapCached:            0 kB
Active:          1460072 kB
Inactive:        1596200 kB
Active(anon):    1219796 kB
Inactive(anon):    24888 kB
Active(file):     240276 kB
Inactive(file):  1571312 kB
Unevictable:        5620 kB
Mlocked:            5620 kB
SwapTotal:       3145724 kB
SwapFree:        3145724 kB
Dirty:               264 kB
Writeback:             0 kB
AnonPages:       1218932 kB
Mapped:           854584 kB
Shmem:             26808 kB
KReclaimable:     664320 kB
Slab:             222072 kB
SReclaimable:      77256 kB
SUnreclaim:       144816 kB
KernelStack:       45936 kB
PageTables:        62136 kB
NFS_Unstable:          0 kB
Bounce:                0 kB
WritebackTmp:          0 kB
CommitLimit:     9202292 kB
Committed_AS:   65812848 kB
VmallocTotal:   263061440 kB
VmallocUsed:      102944 kB
VmallocChunk:          0 kB
Percpu:             7552 kB
CmaTotal:         294912 kB
CmaFree:               0 kB
MemTotal:       12113136 kB
MemFree:         6422408 kB
MemAvailable:    8029620 kB
Buffers:            5772 kB
Cached:          1837200 kB
SwapCached:            0 kB
Active:          1460748 kB
Inactive:        1596208 kB
Active(anon):    1220472 kB
Inactive(anon):    24888 kB
Active(file):     240276 kB
Inactive(file):  1571320 kB
Unevictable:        5620 kB
Mlocked:            5620 kB
SwapTotal:       3145724 kB
SwapFree:        3145724 kB
Dirty:               308 kB
Writeback:             0 kB
AnonPages:       1219816 kB
Mapped:           854584 kB
Shmem:             26808 kB
KReclaimable:     664320 kB
Slab:             222072 kB
SReclaimable:      77256 kB
SUnreclaim:       144816 kB
KernelStack:       45936 kB
PageTables:        62136 kB
NFS_Unstable:          0 kB
Bounce:                0 kB
WritebackTmp:          0 kB
CommitLimit:     9202292 kB
Committed_AS:   65812976 kB
VmallocTotal:   263061440 kB
VmallocUsed:      102928 kB
VmallocChunk:          0 kB
Percpu:             7552 kB
CmaTotal:         294912 kB
CmaFree:               0 kB
MemTotal:       12113136 kB
MemFree:         6422848 kB
MemAvailable:    8030068 kB
Buffers:            5772 kB
Cached:          1837208 kB
SwapCached:            0 kB
Active:          1460140 kB
Inactive:        1596216 kB
Active(anon):    1219864 kB
Inactive(anon):    24888 kB
Active(file):     240276 kB
Inactive(file):  1571328 kB
Unevictable:        5620 kB
Mlocked:            5620 kB
SwapTotal:       3145724 kB
SwapFree:        3145724 kB
Dirty:               360 kB
Writeback:             0 kB
AnonPages:       1219212 kB
Mapped:           854584 kB
Shmem:             26808 kB
KReclaimable:     664320 kB
Slab:             222072 kB
SReclaimable:      77256 kB
SUnreclaim:       144816 kB
KernelStack:       45984 kB
PageTables:        62248 kB
NFS_Unstable:          0 kB
Bounce:                0 kB
WritebackTmp:          0 kB
CommitLimit:     9202292 kB
Committed_AS:   65812712 kB
VmallocTotal:   263061440 kB
VmallocUsed:      102928 kB
VmallocChunk:          0 kB
Percpu:             7552 kB
CmaTotal:         294912 kB
CmaFree:               0 kB
MemTotal:       12113136 kB
MemFree:         6422748 kB
MemAvailable:    8029984 kB
Buffers:            5772 kB
Cached:          1837236 kB
SwapCached:            0 kB
Active:          1462048 kB
Inactive:        1596244 kB
Active(anon):    1221772 kB
Inactive(anon):    24900 kB
Active(file):     240276 kB
Inactive(file):  1571344 kB
Unevictable:        5620 kB
Mlocked:            5620 kB
SwapTotal:       3145724 kB
SwapFree:        3145724 kB
Dirty:               380 kB
Writeback:             0 kB
AnonPages:       1221032 kB
Mapped:           854596 kB
Shmem:             26820 kB
KReclaimable:     664320 kB
Slab:             222040 kB
SReclaimable:      77256 kB
SUnreclaim:       144784 kB
KernelStack:       45952 kB
PageTables:        62100 kB
NFS_Unstable:          0 kB
Bounce:                0 kB
WritebackTmp:          0 kB
CommitLimit:     9202292 kB
Committed_AS:   65807988 kB
VmallocTotal:   263061440 kB
VmallocUsed:      102928 kB
