MemTotal:        7922396 kB
MemFree:         1529772 kB
MemAvailable:    3852688 kB
Buffers:           63328 kB
Cached:          1493412 kB
SwapCached:         2028 kB
Active:          1198460 kB
Inactive:        1822880 kB
Active(anon):      80616 kB
Inactive(anon):  1411984 kB
Active(file):    1117844 kB
Inactive(file):   410896 kB
Unevictable:        6088 kB
Mlocked:            5648 kB
SwapTotal:       4718584 kB
SwapFree:        4612344 kB
Dirty:             32008 kB
Writeback:             0 kB
AnonPages:       1468720 kB
Mapped:           587024 kB
Shmem:             23400 kB
KReclaimable:    1184448 kB
Slab:             288668 kB
SReclaimable:      72308 kB
SUnreclaim:       216360 kB
KernelStack:       44800 kB
ShadowCallStack:   11228 kB
PageTables:        62248 kB
NFS_Unstable:          0 kB
Bounce:                0 kB
WritebackTmp:          0 kB
CommitLimit:     8679780 kB
Committed_AS:   61107020 kB
VmallocTotal:   263061440 kB
VmallocUsed:      125472 kB
VmallocChunk:          0 kB
Percpu:             6264 kB
CmaTotal:         405504 kB
CmaFree:            9768 kB
MemTotal:        7922396 kB
MemFree:         1695256 kB
MemAvailable:    4091172 kB
Buffers:           63440 kB
Cached:          1494048 kB
SwapCached:         2028 kB
Active:          1198676 kB
Inactive:        1656532 kB
Active(anon):      80584 kB
Inactive(anon):  1245720 kB
Active(file):    1118092 kB
Inactive(file):   410812 kB
Unevictable:        6088 kB
Mlocked:            5648 kB
SwapTotal:       4718584 kB
SwapFree:        4612344 kB
Dirty:             32316 kB
Writeback:             0 kB
AnonPages:       1301864 kB
Mapped:           597524 kB
Shmem:             23984 kB
KReclaimable:    1257284 kB
Slab:             288944 kB
SReclaimable:      72612 kB
SUnreclaim:       216332 kB
KernelStack:       45104 kB
ShadowCallStack:   11300 kB
PageTables:        63200 kB
NFS_Unstable:          0 kB
Bounce:                0 kB
WritebackTmp:          0 kB
CommitLimit:     8679780 kB
Committed_AS:   61244108 kB
VmallocTotal:   263061440 kB
VmallocUsed:      125860 kB
VmallocChunk:          0 kB
Percpu:             6264 kB
CmaTotal:         405504 kB
CmaFree:            9768 kB
MemTotal:        7922396 kB
MemFree:         1271840 kB
MemAvailable:    3888376 kB
Buffers:           63440 kB
Cached:          1494056 kB
SwapCached:         2040 kB
Active:          1198696 kB
Inactive:        2078908 kB
Active(anon):      80604 kB
Inactive(anon):  1668092 kB
Active(file):    1118092 kB
Inactive(file):   410816 kB
Unevictable:        6088 kB
Mlocked:            5648 kB
SwapTotal:       4718584 kB
SwapFree:        4612344 kB
Dirty:             32400 kB
Writeback:             0 kB
AnonPages:       1724044 kB
Mapped:           598064 kB
Shmem:             23988 kB
KReclaimable:    1477900 kB
Slab:             288764 kB
SReclaimable:      72628 kB
SUnreclaim:       216136 kB
KernelStack:       45120 kB
ShadowCallStack:   11304 kB
PageTables:        63624 kB
NFS_Unstable:          0 kB
Bounce:                0 kB
WritebackTmp:          0 kB
CommitLimit:     8679780 kB
Committed_AS:   61686892 kB
VmallocTotal:   263061440 kB
VmallocUsed:      125912 kB
VmallocChunk:          0 kB
Percpu:             6264 kB
CmaTotal:         405504 kB
CmaFree:            9768 kB
MemTotal:        7922396 kB
MemFree:         1295708 kB
MemAvailable:    3468780 kB
Buffers:           63440 kB
Cached:          1494068 kB
SwapCached:         2040 kB
Active:          1198692 kB
Inactive:        2051824 kB
Active(anon):      80600 kB
Inactive(anon):  1641000 kB
Active(file):    1118092 kB
Inactive(file):   410824 kB
Unevictable:        6088 kB
Mlocked:            5648 kB
SwapTotal:       4718584 kB
SwapFree:        4612344 kB
Dirty:             32412 kB
Writeback:             0 kB
AnonPages:       1697348 kB
Mapped:           705444 kB
Shmem:             23992 kB
KReclaimable:    1034428 kB
Slab:             290840 kB
SReclaimable:      72660 kB
SUnreclaim:       218180 kB
KernelStack:       45072 kB
ShadowCallStack:   11296 kB
PageTables:        63908 kB
NFS_Unstable:          0 kB
Bounce:                0 kB
WritebackTmp:          0 kB
CommitLimit:     8679780 kB
Committed_AS:   61797384 kB
VmallocTotal:   263061440 kB
VmallocUsed:      125932 kB
VmallocChunk:          0 kB
Percpu:             6264 kB
CmaTotal:         405504 kB
CmaFree:            9780 kB
MemTotal:        7922396 kB
MemFree:         1115344 kB
MemAvailable:    3288432 kB
Buffers:           63440 kB
Cached:          1494068 kB
SwapCached:         2040 kB
Active:          1198736 kB
Inactive:        2231604 kB
Active(anon):      80640 kB
Inactive(anon):  1820784 kB
Active(file):    1118096 kB
Inactive(file):   410820 kB
Unevictable:        6088 kB
Mlocked:            5648 kB
SwapTotal:       4718584 kB
SwapFree:        4612344 kB
Dirty:             32384 kB
Writeback:             0 kB
AnonPages:       1876892 kB
Mapped:           706296 kB
Shmem:             23992 kB
KReclaimable:    1034444 kB
Slab:             291060 kB
SReclaimable:      72676 kB
SUnreclaim:       218384 kB
KernelStack:       45152 kB
ShadowCallStack:   11304 kB
PageTables:        64372 kB
NFS_Unstable:          0 kB
Bounce:                0 kB
WritebackTmp:          0 kB
CommitLimit:     8679780 kB
Committed_AS:   62006704 kB
VmallocTotal:   263061440 kB
VmallocUsed:      125948 kB
VmallocChunk:          0 kB
Percpu:             6264 kB
CmaTotal:         405504 kB
CmaFree:            9692 kB
MemTotal:        7922396 kB
MemFree:         1086720 kB
MemAvailable:    3055584 kB
Buffers:           63440 kB
Cached:          1494068 kB
SwapCached:         2040 kB
Active:          1198712 kB
Inactive:        2259620 kB
Active(anon):      80616 kB
Inactive(anon):  1848800 kB
Active(file):    1118096 kB
Inactive(file):   410820 kB
Unevictable:        6088 kB
Mlocked:            5648 kB
SwapTotal:       4718584 kB
SwapFree:        4612344 kB
Dirty:             32396 kB
Writeback:             0 kB
AnonPages:       1904992 kB
Mapped:           786048 kB
Shmem:             23992 kB
KReclaimable:     830220 kB
Slab:             292092 kB
SReclaimable:      72692 kB
SUnreclaim:       219400 kB
KernelStack:       44800 kB
ShadowCallStack:   11224 kB
PageTables:        64880 kB
NFS_Unstable:          0 kB
Bounce:                0 kB
WritebackTmp:          0 kB
CommitLimit:     8679780 kB
Committed_AS:   62252124 kB
VmallocTotal:   263061440 kB
VmallocUsed:      125052 kB
VmallocChunk:          0 kB
Percpu:             6264 kB
CmaTotal:         405504 kB
CmaFree:            9836 kB
MemTotal:        7922396 kB
MemFree:          997680 kB
MemAvailable:    2967832 kB
Buffers:           63456 kB
Cached:          1494088 kB
SwapCached:         2044 kB
Active:          1198752 kB
Inactive:        2347572 kB
Active(anon):      80640 kB
Inactive(anon):  1936736 kB
Active(file):    1118112 kB
Inactive(file):   410836 kB
Unevictable:        6088 kB
Mlocked:            5648 kB
SwapTotal:       4718584 kB
SwapFree:        4612344 kB
Dirty:             32468 kB
Writeback:             0 kB
AnonPages:       1992748 kB
Mapped:           790920 kB
Shmem:             23996 kB
KReclaimable:     831476 kB
Slab:             292172 kB
SReclaimable:      72756 kB
SUnreclaim:       219416 kB
KernelStack:       45232 kB
ShadowCallStack:   11352 kB
PageTables:        65176 kB
NFS_Unstable:          0 kB
Bounce:                0 kB
WritebackTmp:          0 kB
CommitLimit:     8679780 kB
Committed_AS:   62338680 kB
VmallocTotal:   263061440 kB
VmallocUsed:      125568 kB
VmallocChunk:          0 kB
Percpu:             6264 kB
CmaTotal:         405504 kB
CmaFree:            9768 kB
MemTotal:        7922396 kB
MemFree:          759444 kB
MemAvailable:    2729596 kB
Buffers:           63456 kB
Cached:          1494116 kB
SwapCached:         2048 kB
Active:          1198756 kB
Inactive:        2584172 kB
Active(anon):      80644 kB
Inactive(anon):  2173336 kB
Active(file):    1118112 kB
Inactive(file):   410836 kB
Unevictable:        6088 kB
Mlocked:            5648 kB
SwapTotal:       4718584 kB
SwapFree:        4612344 kB
Dirty:             32476 kB
Writeback:             0 kB
AnonPages:       2229424 kB
Mapped:           791268 kB
Shmem:             24024 kB
KReclaimable:     831476 kB
Slab:             292168 kB
SReclaimable:      72756 kB
SUnreclaim:       219412 kB
KernelStack:       45232 kB
ShadowCallStack:   11332 kB
PageTables:        65580 kB
NFS_Unstable:          0 kB
Bounce:                0 kB
WritebackTmp:          0 kB
CommitLimit:     8679780 kB
Committed_AS:   62533308 kB
VmallocTotal:   263061440 kB
VmallocUsed:      125608 kB
VmallocChunk:          0 kB
Percpu:             6264 kB
CmaTotal:         405504 kB
CmaFree:            9768 kB
MemTotal:        7922396 kB
MemFree:          650296 kB
MemAvailable:    2607572 kB
Buffers:           63456 kB
Cached:          1494124 kB
SwapCached:         2064 kB
Active:          1198752 kB
Inactive:        2694012 kB
Active(anon):      80652 kB
Inactive(anon):  2283164 kB
Active(file):    1118100 kB
Inactive(file):   410848 kB
Unevictable:        6088 kB
Mlocked:            5648 kB
SwapTotal:       4718584 kB
SwapFree:        4612344 kB
Dirty:             32480 kB
Writeback:           148 kB
AnonPages:       2339376 kB
Mapped:           796756 kB
Shmem:             24032 kB
KReclaimable:     818600 kB
Slab:             292196 kB
SReclaimable:      72760 kB
SUnreclaim:       219436 kB
KernelStack:       45200 kB
ShadowCallStack:   11352 kB
PageTables:        65676 kB
NFS_Unstable:          0 kB
Bounce:                0 kB
WritebackTmp:          0 kB
CommitLimit:     8679780 kB
Committed_AS:   62610852 kB
VmallocTotal:   263061440 kB
VmallocUsed:      125592 kB
VmallocChunk:          0 kB
Percpu:             6264 kB
CmaTotal:         405504 kB
CmaFree:            9896 kB
MemTotal:        7922396 kB
MemFree:          653364 kB
MemAvailable:    2610656 kB
Buffers:           63456 kB
Cached:          1494124 kB
SwapCached:         2064 kB
Active:          1198764 kB
Inactive:        2690296 kB
Active(anon):      80664 kB
Inactive(anon):  2279448 kB
Active(file):    1118100 kB
Inactive(file):   410848 kB
Unevictable:        6088 kB
Mlocked:            5648 kB
SwapTotal:       4718584 kB
SwapFree:        4612344 kB
Dirty:             32488 kB
Writeback:             0 kB
AnonPages:       2335640 kB
Mapped:           796652 kB
Shmem:             24032 kB
KReclaimable:     818616 kB
Slab:             292236 kB
SReclaimable:      72776 kB
SUnreclaim:       219460 kB
KernelStack:       45232 kB
ShadowCallStack:   11316 kB
PageTables:        65804 kB
NFS_Unstable:          0 kB
Bounce:                0 kB
WritebackTmp:          0 kB
CommitLimit:     8679780 kB
Committed_AS:   62610800 kB
VmallocTotal:   263061440 kB
VmallocUsed:      125556 kB
VmallocChunk:          0 kB
Percpu:             6264 kB
CmaTotal:         405504 kB
CmaFree:           12348 kB
MemTotal:        7922396 kB
MemFree:          650940 kB
MemAvailable:    2608224 kB
Buffers:           63472 kB
Cached:          1494124 kB
SwapCached:         2064 kB
Active:          1198776 kB
Inactive:        2691956 kB
Active(anon):      80660 kB
Inactive(anon):  2281108 kB
Active(file):    1118116 kB
Inactive(file):   410848 kB
Unevictable:        6088 kB
Mlocked:            5648 kB
SwapTotal:       4718584 kB
SwapFree:        4612344 kB
Dirty:             32528 kB
Writeback:             0 kB
AnonPages:       2337208 kB
Mapped:           797164 kB
Shmem:             24032 kB
KReclaimable:     818592 kB
Slab:             292160 kB
SReclaimable:      72776 kB
SUnreclaim:       219384 kB
KernelStack:       45200 kB
ShadowCallStack:   11320 kB
PageTables:        65756 kB
NFS_Unstable:          0 kB
Bounce:                0 kB
WritebackTmp:          0 kB
CommitLimit:     8679780 kB
Committed_AS:   62610800 kB
VmallocTotal:   263061440 kB
VmallocUsed:      125572 kB
VmallocChunk:          0 kB
Percpu:             6264 kB
CmaTotal:         405504 kB
CmaFree:           12336 kB
MemTotal:        7922396 kB
MemFree:          648568 kB
MemAvailable:    2605872 kB
Buffers:           63488 kB
Cached:          1494124 kB
SwapCached:         2064 kB
Active:          1198792 kB
Inactive:        2694540 kB
Active(anon):      80660 kB
Inactive(anon):  2283692 kB
Active(file):    1118132 kB
Inactive(file):   410848 kB
Unevictable:        6088 kB
Mlocked:            5648 kB
SwapTotal:       4718584 kB
SwapFree:        4612344 kB
Dirty:             32536 kB
Writeback:             0 kB
AnonPages:       2339608 kB
Mapped:           797820 kB
Shmem:             24032 kB
KReclaimable:     818596 kB
Slab:             292216 kB
SReclaimable:      72780 kB
SUnreclaim:       219436 kB
KernelStack:       45184 kB
ShadowCallStack:   11336 kB
PageTables:        65800 kB
NFS_Unstable:          0 kB
Bounce:                0 kB
WritebackTmp:          0 kB
CommitLimit:     8679780 kB
Committed_AS:   62610748 kB
VmallocTotal:   263061440 kB
VmallocUsed:      125560 kB
VmallocChunk:          0 kB
Percpu:             6264 kB
CmaTotal:         405504 kB
CmaFree:           12344 kB
MemTotal:        7922396 kB
MemFree:          608960 kB
MemAvailable:    2566264 kB
Buffers:           63488 kB
Cached:          1494124 kB
SwapCached:         2064 kB
Active:          1198792 kB
Inactive:        2735436 kB
Active(anon):      80660 kB
Inactive(anon):  2324588 kB
Active(file):    1118132 kB
Inactive(file):   410848 kB
Unevictable:        6088 kB
Mlocked:            5648 kB
SwapTotal:       4718584 kB
SwapFree:        4612344 kB
Dirty:             32572 kB
Writeback:             0 kB
AnonPages:       2380688 kB
Mapped:           798196 kB
Shmem:             24032 kB
KReclaimable:     818596 kB
Slab:             292248 kB
SReclaimable:      72780 kB
SUnreclaim:       219468 kB
KernelStack:       45152 kB
ShadowCallStack:   11312 kB
PageTables:        65820 kB
NFS_Unstable:          0 kB
Bounce:                0 kB
WritebackTmp:          0 kB
CommitLimit:     8679780 kB
Committed_AS:   62645348 kB
VmallocTotal:   263061440 kB
VmallocUsed:      125488 kB
VmallocChunk:          0 kB
Percpu:             6264 kB
CmaTotal:         405504 kB
CmaFree:           12344 kB
MemTotal:        7922396 kB
MemFree:          609184 kB
MemAvailable:    2566488 kB
Buffers:           63496 kB
Cached:          1494116 kB
SwapCached:         2064 kB
Active:          1198792 kB
Inactive:        2733700 kB
Active(anon):      80660 kB
Inactive(anon):  2322852 kB
Active(file):    1118132 kB
Inactive(file):   410848 kB
Unevictable:        6088 kB
Mlocked:            5648 kB
SwapTotal:       4718584 kB
SwapFree:        4612344 kB
Dirty:             32572 kB
Writeback:             0 kB
AnonPages:       2378924 kB
Mapped:           798340 kB
Shmem:             24032 kB
KReclaimable:     818596 kB
Slab:             292200 kB
SReclaimable:      72780 kB
SUnreclaim:       219420 kB
KernelStack:       45152 kB
ShadowCallStack:   11312 kB
PageTables:        65936 kB
NFS_Unstable:          0 kB
Bounce:                0 kB
WritebackTmp:          0 kB
CommitLimit:     8679780 kB
Committed_AS:   62645392 kB
VmallocTotal:   263061440 kB
VmallocUsed:      125492 kB
VmallocChunk:          0 kB
Percpu:             6264 kB
CmaTotal:         405504 kB
CmaFree:           12216 kB
MemTotal:        7922396 kB
MemFree:          609176 kB
MemAvailable:    2566500 kB
Buffers:           63496 kB
Cached:          1494128 kB
SwapCached:         2064 kB
Active:          1198800 kB
Inactive:        2733928 kB
Active(anon):      80660 kB
Inactive(anon):  2323080 kB
Active(file):    1118140 kB
Inactive(file):   410848 kB
Unevictable:        6088 kB
Mlocked:            5648 kB
SwapTotal:       4718584 kB
SwapFree:        4612344 kB
Dirty:             32624 kB
Writeback:             0 kB
AnonPages:       2379192 kB
Mapped:           798208 kB
Shmem:             24036 kB
KReclaimable:     818608 kB
Slab:             292268 kB
SReclaimable:      72796 kB
SUnreclaim:       219472 kB
KernelStack:       45152 kB
ShadowCallStack:   11312 kB
PageTables:        65856 kB
NFS_Unstable:          0 kB
Bounce:                0 kB
WritebackTmp:          0 kB
CommitLimit:     8679780 kB
Committed_AS:   62645352 kB
VmallocTotal:   263061440 kB
VmallocUsed:      125476 kB
VmallocChunk:          0 kB
Percpu:             6264 kB
CmaTotal:         405504 kB
CmaFree:           12344 kB
MemTotal:        7922396 kB
MemFree:          609136 kB
MemAvailable:    2566460 kB
Buffers:           63496 kB
Cached:          1494128 kB
SwapCached:         2064 kB
Active:          1198796 kB
Inactive:        2734004 kB
Active(anon):      80656 kB
Inactive(anon):  2323156 kB
Active(file):    1118140 kB
Inactive(file):   410848 kB
Unevictable:        6088 kB
Mlocked:            5648 kB
SwapTotal:       4718584 kB
SwapFree:        4612344 kB
Dirty:             32624 kB
Writeback:             0 kB
AnonPages:       2379208 kB
Mapped:           798204 kB
Shmem:             24036 kB
KReclaimable:     818608 kB
Slab:             292280 kB
SReclaimable:      72796 kB
SUnreclaim:       219484 kB
KernelStack:       45184 kB
ShadowCallStack:   11320 kB
PageTables:        65720 kB
NFS_Unstable:          0 kB
Bounce:                0 kB
WritebackTmp:          0 kB
CommitLimit:     8679780 kB
Committed_AS:   62645420 kB
VmallocTotal:   263061440 kB
VmallocUsed:      125512 kB
VmallocChunk:          0 kB
Percpu:             6264 kB
CmaTotal:         405504 kB
CmaFree:           12344 kB
MemTotal:        7922396 kB
MemFree:          607684 kB
MemAvailable:    2564984 kB
Buffers:           63504 kB
Cached:          1494128 kB
SwapCached:         2064 kB
Active:          1198808 kB
Inactive:        2734760 kB
Active(anon):      80660 kB
Inactive(anon):  2323912 kB
Active(file):    1118148 kB
Inactive(file):   410848 kB
Unevictable:        6088 kB
Mlocked:            5648 kB
SwapTotal:       4718584 kB
SwapFree:        4612344 kB
Dirty:             32624 kB
Writeback:             0 kB
AnonPages:       2379892 kB
Mapped:           798368 kB
Shmem:             24036 kB
KReclaimable:     818576 kB
Slab:             292260 kB
SReclaimable:      72796 kB
SUnreclaim:       219464 kB
KernelStack:       45136 kB
ShadowCallStack:   11312 kB
PageTables:        65696 kB
NFS_Unstable:          0 kB
Bounce:                0 kB
WritebackTmp:          0 kB
CommitLimit:     8679780 kB
Committed_AS:   62645240 kB
VmallocTotal:   263061440 kB
VmallocUsed:      125468 kB
VmallocChunk:          0 kB
Percpu:             6264 kB
CmaTotal:         405504 kB
CmaFree:           12344 kB
MemTotal:        7922396 kB
MemFree:          607580 kB
MemAvailable:    2564512 kB
Buffers:           63504 kB
Cached:          1494128 kB
SwapCached:         2064 kB
Active:          1198808 kB
Inactive:        2734840 kB
Active(anon):      80660 kB
Inactive(anon):  2323992 kB
Active(file):    1118148 kB
Inactive(file):   410848 kB
Unevictable:        6088 kB
Mlocked:            5648 kB
SwapTotal:       4718584 kB
SwapFree:        4612344 kB
Dirty:             32624 kB
Writeback:             0 kB
AnonPages:       2380096 kB
Mapped:           798672 kB
Shmem:             24036 kB
KReclaimable:     818208 kB
Slab:             292276 kB
SReclaimable:      72796 kB
SUnreclaim:       219480 kB
KernelStack:       45040 kB
ShadowCallStack:   11292 kB
PageTables:        65660 kB
NFS_Unstable:          0 kB
Bounce:                0 kB
WritebackTmp:          0 kB
CommitLimit:     8679780 kB
Committed_AS:   62645084 kB
VmallocTotal:   263061440 kB
VmallocUsed:      125352 kB
VmallocChunk:          0 kB
Percpu:             6264 kB
CmaTotal:         405504 kB
CmaFree:           12344 kB
MemTotal:        7922396 kB
MemFree:          608460 kB
MemAvailable:    2565184 kB
Buffers:           63504 kB
Cached:          1494128 kB
SwapCached:         2064 kB
Active:          1198816 kB
Inactive:        2735252 kB
Active(anon):      80668 kB
Inactive(anon):  2324404 kB
Active(file):    1118148 kB
Inactive(file):   410848 kB
Unevictable:        6088 kB
Mlocked:            5648 kB
SwapTotal:       4718584 kB
SwapFree:        4612344 kB
Dirty:             32620 kB
Writeback:             4 kB
AnonPages:       2380524 kB
Mapped:           798692 kB
Shmem:             24036 kB
KReclaimable:     818000 kB
Slab:             292256 kB
SReclaimable:      72796 kB
SUnreclaim:       219460 kB
KernelStack:       45072 kB
ShadowCallStack:   11296 kB
PageTables:        65636 kB
NFS_Unstable:          0 kB
Bounce:                0 kB
WritebackTmp:          0 kB
CommitLimit:     8679780 kB
Committed_AS:   62645084 kB
VmallocTotal:   263061440 kB
VmallocUsed:      125372 kB
VmallocChunk:          0 kB
Percpu:             6264 kB
CmaTotal:         405504 kB
CmaFree:           12344 kB
MemTotal:        7922396 kB
MemFree:          561804 kB
MemAvailable:    2388804 kB
Buffers:           63504 kB
Cached:          1494200 kB
SwapCached:         2064 kB
Active:          1198812 kB
Inactive:        2781816 kB
Active(anon):      80664 kB
Inactive(anon):  2370964 kB
Active(file):    1118148 kB
Inactive(file):   410852 kB
Unevictable:        6088 kB
Mlocked:            5648 kB
SwapTotal:       4718584 kB
SwapFree:        4612344 kB
Dirty:             32576 kB
Writeback:             0 kB
AnonPages:       2426944 kB
Mapped:           799608 kB
Shmem:             24104 kB
KReclaimable:     688272 kB
Slab:             292312 kB
SReclaimable:      72796 kB
SUnreclaim:       219516 kB
KernelStack:       45184 kB
ShadowCallStack:   11312 kB
PageTables:        66060 kB
NFS_Unstable:          0 kB
Bounce:                0 kB
WritebackTmp:          0 kB
CommitLimit:     8679780 kB
Committed_AS:   62645464 kB
VmallocTotal:   263061440 kB
VmallocUsed:      125464 kB
VmallocChunk:          0 kB
Percpu:             6264 kB
CmaTotal:         405504 kB
CmaFree:           12344 kB
MemTotal:        7922396 kB
MemFree:          532204 kB
MemAvailable:    2353924 kB
Buffers:           63504 kB
Cached:          1494276 kB
SwapCached:         2064 kB
Active:          1198808 kB
Inactive:        2810056 kB
Active(anon):      80660 kB
Inactive(anon):  2399204 kB
Active(file):    1118148 kB
Inactive(file):   410852 kB
Unevictable:        6088 kB
Mlocked:            5648 kB
SwapTotal:       4718584 kB
SwapFree:        4612344 kB
Dirty:             32576 kB
Writeback:             0 kB
AnonPages:       2455116 kB
Mapped:           795376 kB
Shmem:             24180 kB
KReclaimable:     682992 kB
Slab:             292320 kB
SReclaimable:      72796 kB
SUnreclaim:       219524 kB
KernelStack:       45120 kB
ShadowCallStack:   11316 kB
PageTables:        65924 kB
NFS_Unstable:          0 kB
Bounce:                0 kB
WritebackTmp:          0 kB
CommitLimit:     8679780 kB
Committed_AS:   62645468 kB
VmallocTotal:   263061440 kB
VmallocUsed:      125480 kB
VmallocChunk:          0 kB
Percpu:             6264 kB
CmaTotal:         405504 kB
CmaFree:           12344 kB
MemTotal:        7922396 kB
MemFree:          618424 kB
MemAvailable:    2574264 kB
Buffers:           63528 kB
Cached:          1494140 kB
SwapCached:         2064 kB
Active:          1198836 kB
Inactive:        2723868 kB
Active(anon):      80664 kB
Inactive(anon):  2313016 kB
Active(file):    1118172 kB
Inactive(file):   410852 kB
Unevictable:        6088 kB
Mlocked:            5648 kB
SwapTotal:       4718584 kB
SwapFree:        4612344 kB
Dirty:             32576 kB
Writeback:             0 kB
AnonPages:       2368984 kB
Mapped:           794860 kB
Shmem:             24044 kB
KReclaimable:     817088 kB
Slab:             292260 kB
SReclaimable:      72796 kB
SUnreclaim:       219464 kB
KernelStack:       45040 kB
ShadowCallStack:   11300 kB
PageTables:        65716 kB
NFS_Unstable:          0 kB
Bounce:                0 kB
WritebackTmp:          0 kB
CommitLimit:     8679780 kB
Committed_AS:   62645096 kB
VmallocTotal:   263061440 kB
VmallocUsed:      125376 kB
VmallocChunk:          0 kB
Percpu:             6264 kB
CmaTotal:         405504 kB
CmaFree:           12344 kB
MemTotal:        7922396 kB
MemFree:          618364 kB
MemAvailable:    2574204 kB
Buffers:           63528 kB
Cached:          1494140 kB
SwapCached:         2064 kB
Active:          1198836 kB
Inactive:        2723980 kB
Active(anon):      80664 kB
Inactive(anon):  2313128 kB
Active(file):    1118172 kB
Inactive(file):   410852 kB
Unevictable:        6088 kB
Mlocked:            5648 kB
SwapTotal:       4718584 kB
SwapFree:        4612344 kB
Dirty:             32576 kB
Writeback:             0 kB
AnonPages:       2369216 kB
Mapped:           794836 kB
Shmem:             24044 kB
KReclaimable:     817088 kB
Slab:             292260 kB
SReclaimable:      72796 kB
SUnreclaim:       219464 kB
KernelStack:       45056 kB
ShadowCallStack:   11288 kB
PageTables:        65680 kB
NFS_Unstable:          0 kB
Bounce:                0 kB
WritebackTmp:          0 kB
CommitLimit:     8679780 kB
Committed_AS:   62645096 kB
VmallocTotal:   263061440 kB
VmallocUsed:      125372 kB
VmallocChunk:          0 kB
Percpu:             6264 kB
CmaTotal:         405504 kB
CmaFree:           12344 kB
MemTotal:        7922396 kB
MemFree:          621024 kB
MemAvailable:    2578168 kB
Buffers:           63528 kB
Cached:          1494140 kB
SwapCached:         2064 kB
Active:          1198836 kB
Inactive:        2721740 kB
Active(anon):      80664 kB
Inactive(anon):  2310888 kB
Active(file):    1118172 kB
Inactive(file):   410852 kB
Unevictable:        6088 kB
Mlocked:            5648 kB
SwapTotal:       4718584 kB
SwapFree:        4612344 kB
Dirty:             32576 kB
Writeback:             0 kB
AnonPages:       2366908 kB
Mapped:           794876 kB
Shmem:             24044 kB
KReclaimable:     818392 kB
Slab:             292268 kB
SReclaimable:      72796 kB
SUnreclaim:       219472 kB
KernelStack:       45088 kB
ShadowCallStack:   11292 kB
PageTables:        65660 kB
NFS_Unstable:          0 kB
Bounce:                0 kB
WritebackTmp:          0 kB
CommitLimit:     8679780 kB
Committed_AS:   62645060 kB
VmallocTotal:   263061440 kB
VmallocUsed:      125372 kB
VmallocChunk:          0 kB
Percpu:             6264 kB
CmaTotal:         405504 kB
CmaFree:           12276 kB
MemTotal:        7922396 kB
MemFree:          621148 kB
MemAvailable:    2578292 kB
Buffers:           63528 kB
Cached:          1494108 kB
SwapCached:         2064 kB
Active:          1198840 kB
Inactive:        2721928 kB
Active(anon):      80668 kB
Inactive(anon):  2311076 kB
Active(file):    1118172 kB
Inactive(file):   410852 kB
Unevictable:        6088 kB
Mlocked:            5648 kB
SwapTotal:       4718584 kB
SwapFree:        4612344 kB
Dirty:             32576 kB
Writeback:             0 kB
AnonPages:       2367104 kB
Mapped:           794848 kB
Shmem:             24012 kB
KReclaimable:     818392 kB
Slab:             292256 kB
SReclaimable:      72796 kB
SUnreclaim:       219460 kB
KernelStack:       45104 kB
ShadowCallStack:   11292 kB
PageTables:        65792 kB
NFS_Unstable:          0 kB
Bounce:                0 kB
WritebackTmp:          0 kB
CommitLimit:     8679780 kB
Committed_AS:   62645060 kB
VmallocTotal:   263061440 kB
VmallocUsed:      125372 kB
VmallocChunk:          0 kB
Percpu:             6264 kB
CmaTotal:         405504 kB
CmaFree:           12344 kB
MemTotal:        7922396 kB
MemFree:          620064 kB
MemAvailable:    2577208 kB
Buffers:           63528 kB
Cached:          1494108 kB
SwapCached:         2064 kB
Active:          1198832 kB
Inactive:        2722144 kB
Active(anon):      80660 kB
Inactive(anon):  2311292 kB
Active(file):    1118172 kB
Inactive(file):   410852 kB
Unevictable:        6088 kB
Mlocked:            5648 kB
SwapTotal:       4718584 kB
SwapFree:        4612344 kB
Dirty:             32576 kB
Writeback:             0 kB
AnonPages:       2367612 kB
Mapped:           794956 kB
Shmem:             24012 kB
KReclaimable:     818392 kB
Slab:             292244 kB
SReclaimable:      72796 kB
SUnreclaim:       219448 kB
KernelStack:       45088 kB
ShadowCallStack:   11284 kB
PageTables:        65728 kB
NFS_Unstable:          0 kB
Bounce:                0 kB
WritebackTmp:          0 kB
CommitLimit:     8679780 kB
Committed_AS:   62645060 kB
VmallocTotal:   263061440 kB
VmallocUsed:      125392 kB
VmallocChunk:          0 kB
Percpu:             6264 kB
CmaTotal:         405504 kB
CmaFree:           12340 kB
MemTotal:        7922396 kB
MemFree:          619676 kB
MemAvailable:    2576828 kB
Buffers:           63536 kB
Cached:          1494108 kB
SwapCached:         2064 kB
Active:          1198844 kB
Inactive:        2722900 kB
Active(anon):      80664 kB
Inactive(anon):  2312048 kB
Active(file):    1118180 kB
Inactive(file):   410852 kB
Unevictable:        6088 kB
Mlocked:            5648 kB
SwapTotal:       4718584 kB
SwapFree:        4612344 kB
Dirty:             32576 kB
Writeback:             0 kB
AnonPages:       2368200 kB
Mapped:           794836 kB
Shmem:             24012 kB
KReclaimable:     818392 kB
Slab:             292260 kB
SReclaimable:      72796 kB
SUnreclaim:       219464 kB
KernelStack:       45072 kB
ShadowCallStack:   11292 kB
PageTables:        65724 kB
NFS_Unstable:          0 kB
Bounce:                0 kB
WritebackTmp:          0 kB
CommitLimit:     8679780 kB
Committed_AS:   62645060 kB
VmallocTotal:   263061440 kB
VmallocUsed:      125392 kB
VmallocChunk:          0 kB
Percpu:             6264 kB
CmaTotal:         405504 kB
CmaFree:           12344 kB
MemTotal:        7922396 kB
MemFree:          619484 kB
MemAvailable:    2576636 kB
Buffers:           63536 kB
Cached:          1494108 kB
SwapCached:         2064 kB
Active:          1198844 kB
Inactive:        2723108 kB
Active(anon):      80664 kB
Inactive(anon):  2312256 kB
Active(file):    1118180 kB
Inactive(file):   410852 kB
Unevictable:        6088 kB
Mlocked:            5648 kB
SwapTotal:       4718584 kB
SwapFree:        4612344 kB
Dirty:             32576 kB
Writeback:             0 kB
AnonPages:       2368352 kB
Mapped:           794848 kB
Shmem:             24012 kB
KReclaimable:     818392 kB
Slab:             292252 kB
SReclaimable:      72796 kB
SUnreclaim:       219456 kB
KernelStack:       45040 kB
ShadowCallStack:   11304 kB
PageTables:        65576 kB
NFS_Unstable:          0 kB
Bounce:                0 kB
WritebackTmp:          0 kB
CommitLimit:     8679780 kB
Committed_AS:   62645060 kB
VmallocTotal:   263061440 kB
VmallocUsed:      125368 kB
VmallocChunk:          0 kB
Percpu:             6264 kB
CmaTotal:         405504 kB
CmaFree:           12344 kB
MemTotal:        7922396 kB
MemFree:          619560 kB
MemAvailable:    2576720 kB
Buffers:           63544 kB
Cached:          1494108 kB
SwapCached:         2064 kB
Active:          1198848 kB
Inactive:        2723540 kB
Active(anon):      80660 kB
Inactive(anon):  2312688 kB
Active(file):    1118188 kB
Inactive(file):   410852 kB
Unevictable:        6088 kB
Mlocked:            5648 kB
SwapTotal:       4718584 kB
SwapFree:        4612344 kB
Dirty:             32632 kB
Writeback:             0 kB
AnonPages:       2368792 kB
Mapped:           794764 kB
Shmem:             24012 kB
KReclaimable:     818392 kB
Slab:             292228 kB
SReclaimable:      72796 kB
SUnreclaim:       219432 kB
KernelStack:       45056 kB
ShadowCallStack:   11284 kB
PageTables:        65680 kB
NFS_Unstable:          0 kB
Bounce:                0 kB
WritebackTmp:          0 kB
CommitLimit:     8679780 kB
Committed_AS:   62644956 kB
VmallocTotal:   263061440 kB
VmallocUsed:      125348 kB
VmallocChunk:          0 kB
Percpu:             6264 kB
CmaTotal:         405504 kB
CmaFree:           12344 kB
MemTotal:        7922396 kB
MemFree:          619632 kB
MemAvailable:    2576792 kB
Buffers:           63544 kB
Cached:          1494108 kB
SwapCached:         2064 kB
Active:          1198836 kB
Inactive:        2723196 kB
Active(anon):      80648 kB
Inactive(anon):  2312344 kB
Active(file):    1118188 kB
Inactive(file):   410852 kB
Unevictable:        6088 kB
Mlocked:            5648 kB
SwapTotal:       4718584 kB
SwapFree:        4612344 kB
Dirty:               404 kB
Writeback:           132 kB
AnonPages:       2368340 kB
Mapped:           794840 kB
Shmem:             24012 kB
KReclaimable:     818392 kB
Slab:             292316 kB
SReclaimable:      72796 kB
SUnreclaim:       219520 kB
KernelStack:       44928 kB
ShadowCallStack:   11272 kB
PageTables:        65768 kB
NFS_Unstable:          0 kB
Bounce:                0 kB
WritebackTmp:          0 kB
CommitLimit:     8679780 kB
Committed_AS:   62644644 kB
VmallocTotal:   263061440 kB
VmallocUsed:      125208 kB
VmallocChunk:          0 kB
Percpu:             6264 kB
CmaTotal:         405504 kB
CmaFree:           12344 kB
MemTotal:        7922396 kB
MemFree:          619980 kB
MemAvailable:    2577140 kB
Buffers:           63544 kB
Cached:          1494108 kB
SwapCached:         2064 kB
Active:          1198840 kB
Inactive:        2723632 kB
Active(anon):      80652 kB
Inactive(anon):  2312780 kB
Active(file):    1118188 kB
Inactive(file):   410852 kB
Unevictable:        6088 kB
Mlocked:            5648 kB
SwapTotal:       4718584 kB
SwapFree:        4612344 kB
Dirty:               300 kB
Writeback:             0 kB
AnonPages:       2368664 kB
Mapped:           794960 kB
Shmem:             24012 kB
KReclaimable:     818392 kB
Slab:             292168 kB
SReclaimable:      72796 kB
SUnreclaim:       219372 kB
KernelStack:       44960 kB
ShadowCallStack:   11256 kB
PageTables:        65540 kB
NFS_Unstable:          0 kB
Bounce:                0 kB
WritebackTmp:          0 kB
CommitLimit:     8679780 kB
Committed_AS:   62644648 kB
VmallocTotal:   263061440 kB
VmallocUsed:      125224 kB
VmallocChunk:          0 kB
Percpu:             6264 kB
CmaTotal:         405504 kB
CmaFree:           12344 kB
MemTotal:        7922396 kB
MemFree:          618540 kB
MemAvailable:    2575700 kB
Buffers:           63572 kB
Cached:          1494084 kB
SwapCached:         2064 kB
Active:          1198836 kB
Inactive:        2724260 kB
Active(anon):      80648 kB
Inactive(anon):  2313408 kB
Active(file):    1118188 kB
Inactive(file):   410852 kB
Unevictable:        6088 kB
Mlocked:            5648 kB
SwapTotal:       4718584 kB
SwapFree:        4612344 kB
Dirty:               304 kB
Writeback:             0 kB
AnonPages:       2369468 kB
Mapped:           794988 kB
Shmem:             24016 kB
KReclaimable:     818392 kB
Slab:             292176 kB
SReclaimable:      72796 kB
SUnreclaim:       219380 kB
KernelStack:       44928 kB
ShadowCallStack:   11256 kB
PageTables:        65780 kB
NFS_Unstable:          0 kB
Bounce:                0 kB
WritebackTmp:          0 kB
CommitLimit:     8679780 kB
Committed_AS:   62644652 kB
VmallocTotal:   263061440 kB
VmallocUsed:      125204 kB
VmallocChunk:          0 kB
Percpu:             6264 kB
CmaTotal:         405504 kB
CmaFree:           12344 kB
MemTotal:        7922396 kB
MemFree:          618940 kB
MemAvailable:    2576128 kB
Buffers:           63572 kB
Cached:          1494112 kB
SwapCached:         2064 kB
Active:          1198868 kB
Inactive:        2724964 kB
Active(anon):      80652 kB
Inactive(anon):  2314112 kB
Active(file):    1118216 kB
Inactive(file):   410852 kB
Unevictable:        6088 kB
Mlocked:            5648 kB
SwapTotal:       4718584 kB
SwapFree:        4612344 kB
Dirty:               436 kB
Writeback:             0 kB
AnonPages:       2370020 kB
Mapped:           794884 kB
Shmem:             24016 kB
KReclaimable:     818392 kB
Slab:             292172 kB
SReclaimable:      72796 kB
SUnreclaim:       219376 kB
KernelStack:       44976 kB
ShadowCallStack:   11260 kB
PageTables:        65616 kB
NFS_Unstable:          0 kB
Bounce:                0 kB
WritebackTmp:          0 kB
CommitLimit:     8679780 kB
Committed_AS:   62644648 kB
VmallocTotal:   263061440 kB
VmallocUsed:      125188 kB
VmallocChunk:          0 kB
Percpu:             6264 kB
CmaTotal:         405504 kB
CmaFree:           12344 kB
MemTotal:        7922396 kB
MemFree:          618316 kB
MemAvailable:    2575504 kB
Buffers:           63572 kB
Cached:          1494112 kB
SwapCached:         2064 kB
Active:          1198856 kB
Inactive:        2724636 kB
Active(anon):      80640 kB
Inactive(anon):  2313784 kB
Active(file):    1118216 kB
Inactive(file):   410852 kB
Unevictable:        6088 kB
Mlocked:            5648 kB
SwapTotal:       4718584 kB
SwapFree:        4612344 kB
Dirty:               388 kB
Writeback:            52 kB
AnonPages:       2369724 kB
Mapped:           794852 kB
Shmem:             24016 kB
KReclaimable:     818392 kB
Slab:             292148 kB
SReclaimable:      72796 kB
SUnreclaim:       219352 kB
KernelStack:       44848 kB
ShadowCallStack:   11256 kB
PageTables:        65716 kB
NFS_Unstable:          0 kB
Bounce:                0 kB
WritebackTmp:          0 kB
CommitLimit:     8679780 kB
Committed_AS:   62644336 kB
VmallocTotal:   263061440 kB
VmallocUsed:      125096 kB
VmallocChunk:          0 kB
Percpu:             6264 kB
CmaTotal:         405504 kB
CmaFree:           12344 kB
MemTotal:        7922396 kB
MemFree:          618620 kB
MemAvailable:    2575808 kB
Buffers:           63572 kB
Cached:          1494112 kB
SwapCached:         2064 kB
Active:          1198836 kB
Inactive:        2724164 kB
Active(anon):      80620 kB
Inactive(anon):  2313312 kB
Active(file):    1118216 kB
Inactive(file):   410852 kB
Unevictable:        6088 kB
Mlocked:            5648 kB
SwapTotal:       4718584 kB
SwapFree:        4612344 kB
Dirty:               172 kB
Writeback:             0 kB
AnonPages:       2369448 kB
Mapped:           794876 kB
Shmem:             24016 kB
KReclaimable:     818392 kB
Slab:             292180 kB
SReclaimable:      72796 kB
SUnreclaim:       219384 kB
KernelStack:       44736 kB
ShadowCallStack:   11200 kB
PageTables:        65796 kB
NFS_Unstable:          0 kB
Bounce:                0 kB
WritebackTmp:          0 kB
CommitLimit:     8679780 kB
Committed_AS:   62643924 kB
VmallocTotal:   263061440 kB
VmallocUsed:      124928 kB
VmallocChunk:          0 kB
Percpu:             6264 kB
CmaTotal:         405504 kB
CmaFree:           12344 kB
MemTotal:        7922396 kB
MemFree:          619072 kB
MemAvailable:    2576260 kB
Buffers:           63572 kB
Cached:          1494116 kB
SwapCached:         2064 kB
Active:          1198844 kB
Inactive:        2724356 kB
Active(anon):      80628 kB
Inactive(anon):  2313504 kB
Active(file):    1118216 kB
Inactive(file):   410852 kB
Unevictable:        6088 kB
Mlocked:            5648 kB
SwapTotal:       4718584 kB
SwapFree:        4612344 kB
Dirty:               192 kB
Writeback:             0 kB
AnonPages:       2369528 kB
Mapped:           794976 kB
Shmem:             24020 kB
KReclaimable:     818392 kB
Slab:             292168 kB
SReclaimable:      72796 kB
SUnreclaim:       219372 kB
KernelStack:       44672 kB
ShadowCallStack:   11196 kB
PageTables:        65428 kB
NFS_Unstable:          0 kB
Bounce:                0 kB
WritebackTmp:          0 kB
CommitLimit:     8679780 kB
Committed_AS:   62643924 kB
VmallocTotal:   263061440 kB
VmallocUsed:      124928 kB
VmallocChunk:          0 kB
Percpu:             6264 kB
CmaTotal:         405504 kB
CmaFree:           12344 kB
MemTotal:        7922396 kB
MemFree:          619456 kB
MemAvailable:    2576648 kB
Buffers:           63572 kB
Cached:          1494120 kB
SwapCached:         2064 kB
Active:          1198832 kB
Inactive:        2724576 kB
Active(anon):      80616 kB
Inactive(anon):  2313720 kB
Active(file):    1118216 kB
Inactive(file):   410856 kB
Unevictable:        6088 kB
Mlocked:            5648 kB
SwapTotal:       4718584 kB
SwapFree:        4612344 kB
Dirty:               204 kB
Writeback:             0 kB
AnonPages:       2369644 kB
Mapped:           794808 kB
Shmem:             24020 kB
KReclaimable:     818392 kB
Slab:             292180 kB
SReclaimable:      72796 kB
SUnreclaim:       219384 kB
KernelStack:       44752 kB
ShadowCallStack:   11196 kB
PageTables:        65904 kB
NFS_Unstable:          0 kB
Bounce:                0 kB
WritebackTmp:          0 kB
CommitLimit:     8679780 kB
Committed_AS:   62643928 kB
VmallocTotal:   263061440 kB
VmallocUsed:      124924 kB
VmallocChunk:          0 kB
Percpu:             6264 kB
CmaTotal:         405504 kB
CmaFree:           12348 kB
MemTotal:        7922396 kB
MemFree:          618632 kB
MemAvailable:    2575832 kB
Buffers:           63580 kB
Cached:          1494120 kB
SwapCached:         2064 kB
Active:          1198852 kB
Inactive:        2724900 kB
Active(anon):      80628 kB
Inactive(anon):  2314044 kB
Active(file):    1118224 kB
Inactive(file):   410856 kB
Unevictable:        6088 kB
Mlocked:            5648 kB
SwapTotal:       4718584 kB
SwapFree:        4612344 kB
Dirty:               236 kB
Writeback:             0 kB
AnonPages:       2370128 kB
Mapped:           794864 kB
Shmem:             24020 kB
KReclaimable:     818392 kB
Slab:             292184 kB
SReclaimable:      72796 kB
SUnreclaim:       219388 kB
KernelStack:       44688 kB
ShadowCallStack:   11200 kB
PageTables:        65588 kB
NFS_Unstable:          0 kB
Bounce:                0 kB
WritebackTmp:          0 kB
CommitLimit:     8679780 kB
Committed_AS:   62643924 kB
VmallocTotal:   263061440 kB
VmallocUsed:      124940 kB
VmallocChunk:          0 kB
Percpu:             6264 kB
CmaTotal:         405504 kB
CmaFree:           12340 kB
MemTotal:        7922396 kB
MemFree:          618236 kB
MemAvailable:    2575436 kB
Buffers:           63580 kB
Cached:          1494120 kB
SwapCached:         2064 kB
Active:          1198848 kB
Inactive:        2724940 kB
Active(anon):      80624 kB
Inactive(anon):  2314084 kB
Active(file):    1118224 kB
Inactive(file):   410856 kB
Unevictable:        6088 kB
Mlocked:            5648 kB
SwapTotal:       4718584 kB
SwapFree:        4612344 kB
Dirty:               236 kB
Writeback:             0 kB
AnonPages:       2370172 kB
Mapped:           794872 kB
Shmem:             24020 kB
KReclaimable:     818392 kB
Slab:             292192 kB
SReclaimable:      72796 kB
SUnreclaim:       219396 kB
KernelStack:       44720 kB
ShadowCallStack:   11204 kB
PageTables:        65872 kB
NFS_Unstable:          0 kB
Bounce:                0 kB
WritebackTmp:          0 kB
CommitLimit:     8679780 kB
Committed_AS:   62643928 kB
VmallocTotal:   263061440 kB
VmallocUsed:      124936 kB
VmallocChunk:          0 kB
Percpu:             6264 kB
CmaTotal:         405504 kB
CmaFree:           12344 kB
MemTotal:        7922396 kB
MemFree:          619800 kB
MemAvailable:    2577000 kB
Buffers:           63580 kB
Cached:          1494120 kB
SwapCached:         2064 kB
Active:          1198852 kB
Inactive:        2723928 kB
Active(anon):      80628 kB
Inactive(anon):  2313072 kB
Active(file):    1118224 kB
Inactive(file):   410856 kB
Unevictable:        6088 kB
Mlocked:            5648 kB
SwapTotal:       4718584 kB
SwapFree:        4612344 kB
Dirty:               240 kB
Writeback:             0 kB
AnonPages:       2369120 kB
Mapped:           794864 kB
Shmem:             24020 kB
KReclaimable:     818392 kB
Slab:             292192 kB
SReclaimable:      72796 kB
SUnreclaim:       219396 kB
KernelStack:       44752 kB
ShadowCallStack:   11208 kB
PageTables:        65712 kB
NFS_Unstable:          0 kB
Bounce:                0 kB
WritebackTmp:          0 kB
CommitLimit:     8679780 kB
Committed_AS:   62643924 kB
VmallocTotal:   263061440 kB
VmallocUsed:      124936 kB
VmallocChunk:          0 kB
Percpu:             6264 kB
CmaTotal:         405504 kB
CmaFree:           12344 kB
MemTotal:        7922396 kB
MemFree:          619320 kB
MemAvailable:    2576520 kB
Buffers:           63580 kB
Cached:          1494120 kB
SwapCached:         2064 kB
Active:          1198852 kB
Inactive:        2724444 kB
Active(anon):      80628 kB
Inactive(anon):  2313588 kB
Active(file):    1118224 kB
Inactive(file):   410856 kB
Unevictable:        6088 kB
Mlocked:            5648 kB
SwapTotal:       4718584 kB
SwapFree:        4612344 kB
Dirty:               244 kB
Writeback:             0 kB
AnonPages:       2369576 kB
Mapped:           794936 kB
Shmem:             24020 kB
KReclaimable:     818392 kB
Slab:             292184 kB
SReclaimable:      72796 kB
SUnreclaim:       219388 kB
KernelStack:       44688 kB
ShadowCallStack:   11212 kB
PageTables:        65568 kB
NFS_Unstable:          0 kB
Bounce:                0 kB
WritebackTmp:          0 kB
CommitLimit:     8679780 kB
Committed_AS:   62643924 kB
VmallocTotal:   263061440 kB
VmallocUsed:      124936 kB
VmallocChunk:          0 kB
Percpu:             6264 kB
CmaTotal:         405504 kB
CmaFree:           12344 kB
MemTotal:        7922396 kB
MemFree:          530904 kB
MemAvailable:    2352952 kB
Buffers:           63580 kB
Cached:          1494264 kB
SwapCached:         2064 kB
Active:          1198852 kB
Inactive:        2812620 kB
Active(anon):      80628 kB
Inactive(anon):  2401764 kB
Active(file):    1118224 kB
Inactive(file):   410856 kB
Unevictable:        6088 kB
Mlocked:            5648 kB
SwapTotal:       4718584 kB
SwapFree:        4612344 kB
Dirty:               248 kB
Writeback:             0 kB
AnonPages:       2457688 kB
Mapped:           795384 kB
Shmem:             24164 kB
KReclaimable:     683240 kB
Slab:             292232 kB
SReclaimable:      72796 kB
SUnreclaim:       219436 kB
KernelStack:       44816 kB
ShadowCallStack:   11228 kB
PageTables:        65840 kB
NFS_Unstable:          0 kB
Bounce:                0 kB
WritebackTmp:          0 kB
CommitLimit:     8679780 kB
Committed_AS:   62644304 kB
VmallocTotal:   263061440 kB
VmallocUsed:      125004 kB
VmallocChunk:          0 kB
Percpu:             6264 kB
CmaTotal:         405504 kB
CmaFree:           12344 kB
MemTotal:        7922396 kB
MemFree:          618328 kB
MemAvailable:    2575520 kB
Buffers:           63604 kB
Cached:          1494120 kB
SwapCached:         2064 kB
Active:          1198876 kB
Inactive:        2725872 kB
Active(anon):      80628 kB
Inactive(anon):  2315016 kB
Active(file):    1118248 kB
Inactive(file):   410856 kB
Unevictable:        6088 kB
Mlocked:            5648 kB
SwapTotal:       4718584 kB
SwapFree:        4612344 kB
Dirty:               256 kB
Writeback:             0 kB
AnonPages:       2371060 kB
Mapped:           794900 kB
Shmem:             24020 kB
KReclaimable:     818360 kB
Slab:             292220 kB
SReclaimable:      72796 kB
SUnreclaim:       219424 kB
KernelStack:       44736 kB
ShadowCallStack:   11208 kB
PageTables:        65716 kB
NFS_Unstable:          0 kB
Bounce:                0 kB
WritebackTmp:          0 kB
CommitLimit:     8679780 kB
Committed_AS:   62643924 kB
VmallocTotal:   263061440 kB
VmallocUsed:      124952 kB
VmallocChunk:          0 kB
Percpu:             6264 kB
CmaTotal:         405504 kB
CmaFree:           12344 kB
MemTotal:        7922396 kB
MemFree:          620180 kB
MemAvailable:    2577372 kB
Buffers:           63604 kB
Cached:          1494120 kB
SwapCached:         2064 kB
Active:          1198876 kB
Inactive:        2723024 kB
Active(anon):      80628 kB
Inactive(anon):  2312168 kB
Active(file):    1118248 kB
Inactive(file):   410856 kB
Unevictable:        6088 kB
Mlocked:            5648 kB
SwapTotal:       4718584 kB
SwapFree:        4612344 kB
Dirty:               260 kB
Writeback:             0 kB
AnonPages:       2368380 kB
Mapped:           794900 kB
Shmem:             24020 kB
KReclaimable:     818360 kB
Slab:             292228 kB
SReclaimable:      72796 kB
SUnreclaim:       219432 kB
KernelStack:       44688 kB
ShadowCallStack:   11212 kB
PageTables:        65524 kB
NFS_Unstable:          0 kB
Bounce:                0 kB
WritebackTmp:          0 kB
CommitLimit:     8679780 kB
Committed_AS:   62643924 kB
VmallocTotal:   263061440 kB
VmallocUsed:      124952 kB
VmallocChunk:          0 kB
Percpu:             6264 kB
CmaTotal:         405504 kB
CmaFree:           12344 kB
MemTotal:        7922396 kB
MemFree:          619800 kB
MemAvailable:    2577000 kB
Buffers:           63612 kB
Cached:          1494120 kB
SwapCached:         2064 kB
Active:          1198880 kB
Inactive:        2723124 kB
Active(anon):      80624 kB
Inactive(anon):  2312268 kB
Active(file):    1118256 kB
Inactive(file):   410856 kB
Unevictable:        6088 kB
Mlocked:            5648 kB
SwapTotal:       4718584 kB
SwapFree:        4612344 kB
Dirty:               316 kB
Writeback:             0 kB
AnonPages:       2368464 kB
Mapped:           795100 kB
Shmem:             24020 kB
KReclaimable:     818360 kB
Slab:             292220 kB
SReclaimable:      72796 kB
SUnreclaim:       219424 kB
KernelStack:       44736 kB
ShadowCallStack:   11208 kB
PageTables:        65796 kB
NFS_Unstable:          0 kB
Bounce:                0 kB
WritebackTmp:          0 kB
CommitLimit:     8679780 kB
Committed_AS:   62643924 kB
VmallocTotal:   263061440 kB
VmallocUsed:      124948 kB
VmallocChunk:          0 kB
Percpu:             6264 kB
CmaTotal:         405504 kB
CmaFree:           12344 kB
MemTotal:        7922396 kB
MemFree:          620636 kB
MemAvailable:    2577836 kB
Buffers:           63612 kB
Cached:          1494120 kB
SwapCached:         2064 kB
Active:          1198876 kB
Inactive:        2723160 kB
Active(anon):      80620 kB
Inactive(anon):  2312304 kB
Active(file):    1118256 kB
Inactive(file):   410856 kB
Unevictable:        6088 kB
Mlocked:            5648 kB
SwapTotal:       4718584 kB
SwapFree:        4612344 kB
Dirty:               316 kB
Writeback:             0 kB
AnonPages:       2368464 kB
Mapped:           795108 kB
Shmem:             24020 kB
KReclaimable:     818360 kB
Slab:             292228 kB
SReclaimable:      72796 kB
SUnreclaim:       219432 kB
KernelStack:       44736 kB
ShadowCallStack:   11204 kB
PageTables:        65564 kB
NFS_Unstable:          0 kB
Bounce:                0 kB
WritebackTmp:          0 kB
CommitLimit:     8679780 kB
Committed_AS:   62643924 kB
VmallocTotal:   263061440 kB
VmallocUsed:      124952 kB
VmallocChunk:          0 kB
Percpu:             6264 kB
CmaTotal:         405504 kB
CmaFree:           12344 kB
MemTotal:        7922396 kB
MemFree:          620184 kB
MemAvailable:    2577384 kB
Buffers:           63612 kB
Cached:          1494120 kB
SwapCached:         2064 kB
Active:          1198888 kB
Inactive:        2723352 kB
Active(anon):      80632 kB
Inactive(anon):  2312496 kB
Active(file):    1118256 kB
Inactive(file):   410856 kB
Unevictable:        6088 kB
Mlocked:            5648 kB
SwapTotal:       4718584 kB
SwapFree:        4612344 kB
Dirty:               320 kB
Writeback:             0 kB
AnonPages:       2368608 kB
Mapped:           795144 kB
Shmem:             24020 kB
KReclaimable:     818360 kB
Slab:             292236 kB
SReclaimable:      72796 kB
SUnreclaim:       219440 kB
KernelStack:       44752 kB
ShadowCallStack:   11200 kB
PageTables:        65824 kB
NFS_Unstable:          0 kB
Bounce:                0 kB
WritebackTmp:          0 kB
CommitLimit:     8679780 kB
Committed_AS:   62643880 kB
VmallocTotal:   263061440 kB
VmallocUsed:      124932 kB
VmallocChunk:          0 kB
Percpu:             6264 kB
CmaTotal:         405504 kB
CmaFree:           12344 kB
MemTotal:        7922396 kB
MemFree:          619948 kB
MemAvailable:    2577148 kB
Buffers:           63612 kB
Cached:          1494120 kB
SwapCached:         2064 kB
Active:          1198876 kB
Inactive:        2723816 kB
Active(anon):      80620 kB
Inactive(anon):  2312960 kB
Active(file):    1118256 kB
Inactive(file):   410856 kB
Unevictable:        6088 kB
Mlocked:            5648 kB
SwapTotal:       4718584 kB
SwapFree:        4612344 kB
Dirty:               324 kB
Writeback:             0 kB
AnonPages:       2369064 kB
Mapped:           795172 kB
Shmem:             24020 kB
KReclaimable:     818360 kB
Slab:             292228 kB
SReclaimable:      72796 kB
SUnreclaim:       219432 kB
KernelStack:       44736 kB
ShadowCallStack:   11204 kB
PageTables:        65876 kB
NFS_Unstable:          0 kB
Bounce:                0 kB
WritebackTmp:          0 kB
CommitLimit:     8679780 kB
Committed_AS:   62643884 kB
VmallocTotal:   263061440 kB
VmallocUsed:      124932 kB
VmallocChunk:          0 kB
Percpu:             6264 kB
CmaTotal:         405504 kB
CmaFree:           12344 kB
MemTotal:        7922396 kB
MemFree:          626508 kB
MemAvailable:    2583716 kB
Buffers:           63620 kB
Cached:          1494120 kB
SwapCached:         2064 kB
Active:          1198896 kB
Inactive:        2717196 kB
Active(anon):      80632 kB
Inactive(anon):  2306340 kB
Active(file):    1118264 kB
Inactive(file):   410856 kB
Unevictable:        6088 kB
Mlocked:            5648 kB
SwapTotal:       4718584 kB
SwapFree:        4612344 kB
Dirty:               352 kB
Writeback:             0 kB
AnonPages:       2362400 kB
Mapped:           795108 kB
Shmem:             24020 kB
KReclaimable:     818360 kB
Slab:             292212 kB
SReclaimable:      72796 kB
SUnreclaim:       219416 kB
KernelStack:       44720 kB
ShadowCallStack:   11204 kB
PageTables:        65608 kB
NFS_Unstable:          0 kB
Bounce:                0 kB
WritebackTmp:          0 kB
CommitLimit:     8679780 kB
Committed_AS:   62643932 kB
VmallocTotal:   263061440 kB
VmallocUsed:      124952 kB
VmallocChunk:          0 kB
Percpu:             6264 kB
CmaTotal:         405504 kB
CmaFree:           12472 kB
MemTotal:        7922396 kB
MemFree:          626200 kB
MemAvailable:    2583408 kB
Buffers:           63620 kB
Cached:          1494120 kB
SwapCached:         2064 kB
Active:          1198900 kB
Inactive:        2717612 kB
Active(anon):      80636 kB
Inactive(anon):  2306756 kB
Active(file):    1118264 kB
Inactive(file):   410856 kB
Unevictable:        6088 kB
Mlocked:            5648 kB
SwapTotal:       4718584 kB
SwapFree:        4612344 kB
Dirty:               356 kB
Writeback:             0 kB
AnonPages:       2362792 kB
Mapped:           795176 kB
Shmem:             24020 kB
KReclaimable:     818360 kB
Slab:             292212 kB
SReclaimable:      72796 kB
SUnreclaim:       219416 kB
KernelStack:       44752 kB
ShadowCallStack:   11204 kB
PageTables:        65736 kB
NFS_Unstable:          0 kB
Bounce:                0 kB
WritebackTmp:          0 kB
CommitLimit:     8679780 kB
Committed_AS:   62643932 kB
VmallocTotal:   263061440 kB
VmallocUsed:      124936 kB
VmallocChunk:          0 kB
Percpu:             6264 kB
CmaTotal:         405504 kB
CmaFree:           12480 kB
MemTotal:        7922396 kB
MemFree:          621608 kB
MemAvailable:    2576404 kB
Buffers:           63636 kB
Cached:          1494116 kB
SwapCached:         2064 kB
Active:          1198900 kB
Inactive:        2722824 kB
Active(anon):      80628 kB
Inactive(anon):  2311964 kB
Active(file):    1118272 kB
Inactive(file):   410860 kB
Unevictable:        6088 kB
Mlocked:            5648 kB
SwapTotal:       4718584 kB
SwapFree:        4612344 kB
Dirty:               336 kB
Writeback:            16 kB
AnonPages:       2367972 kB
Mapped:           796484 kB
Shmem:             24020 kB
KReclaimable:     815936 kB
Slab:             292164 kB
SReclaimable:      72752 kB
SUnreclaim:       219412 kB
KernelStack:       44720 kB
ShadowCallStack:   11204 kB
PageTables:        65716 kB
NFS_Unstable:          0 kB
Bounce:                0 kB
WritebackTmp:          0 kB
CommitLimit:     8679780 kB
Committed_AS:   62677000 kB
VmallocTotal:   263061440 kB
VmallocUsed:      124920 kB
VmallocChunk:          0 kB
Percpu:             6264 kB
CmaTotal:         405504 kB
CmaFree:           12472 kB
MemTotal:        7922396 kB
MemFree:          618280 kB
MemAvailable:    2572928 kB
Buffers:           63636 kB
Cached:          1494128 kB
SwapCached:         2064 kB
Active:          1198908 kB
Inactive:        2726604 kB
Active(anon):      80628 kB
Inactive(anon):  2315740 kB
Active(file):    1118280 kB
Inactive(file):   410864 kB
Unevictable:        6088 kB
Mlocked:            5648 kB
SwapTotal:       4718584 kB
SwapFree:        4612344 kB
Dirty:               344 kB
Writeback:             0 kB
AnonPages:       2371824 kB
Mapped:           796796 kB
Shmem:             24020 kB
KReclaimable:     815776 kB
Slab:             292176 kB
SReclaimable:      72752 kB
SUnreclaim:       219424 kB
KernelStack:       44752 kB
ShadowCallStack:   11220 kB
PageTables:        65700 kB
NFS_Unstable:          0 kB
Bounce:                0 kB
WritebackTmp:          0 kB
CommitLimit:     8679780 kB
Committed_AS:   62677000 kB
VmallocTotal:   263061440 kB
VmallocUsed:      124936 kB
VmallocChunk:          0 kB
Percpu:             6264 kB
CmaTotal:         405504 kB
CmaFree:           12472 kB
MemTotal:        7922396 kB
MemFree:          618784 kB
MemAvailable:    2572944 kB
Buffers:           63660 kB
Cached:          1493644 kB
SwapCached:         2064 kB
Active:          1198628 kB
Inactive:        2730980 kB
Active(anon):      80620 kB
Inactive(anon):  2320328 kB
Active(file):    1118008 kB
Inactive(file):   410652 kB
Unevictable:        6088 kB
Mlocked:            5648 kB
SwapTotal:       4718584 kB
SwapFree:        4612344 kB
Dirty:               368 kB
Writeback:             0 kB
AnonPages:       2376516 kB
Mapped:           797172 kB
Shmem:             24044 kB
KReclaimable:     815772 kB
Slab:             292184 kB
SReclaimable:      72756 kB
SUnreclaim:       219428 kB
KernelStack:       44912 kB
ShadowCallStack:   11244 kB
PageTables:        65716 kB
NFS_Unstable:          0 kB
Bounce:                0 kB
WritebackTmp:          0 kB
CommitLimit:     8679780 kB
Committed_AS:   62677488 kB
VmallocTotal:   263061440 kB
VmallocUsed:      125136 kB
VmallocChunk:          0 kB
Percpu:             6264 kB
CmaTotal:         405504 kB
CmaFree:           13696 kB
MemTotal:        7922396 kB
MemFree:          617744 kB
MemAvailable:    2571904 kB
Buffers:           63660 kB
Cached:          1493644 kB
SwapCached:         2064 kB
Active:          1198632 kB
Inactive:        2732760 kB
Active(anon):      80624 kB
Inactive(anon):  2322108 kB
Active(file):    1118008 kB
Inactive(file):   410652 kB
Unevictable:        6088 kB
Mlocked:            5648 kB
SwapTotal:       4718584 kB
SwapFree:        4612344 kB
Dirty:               372 kB
Writeback:             0 kB
AnonPages:       2378148 kB
Mapped:           797172 kB
Shmem:             24044 kB
KReclaimable:     815772 kB
Slab:             292180 kB
SReclaimable:      72756 kB
SUnreclaim:       219424 kB
KernelStack:       44896 kB
ShadowCallStack:   11244 kB
PageTables:        65896 kB
NFS_Unstable:          0 kB
Bounce:                0 kB
WritebackTmp:          0 kB
CommitLimit:     8679780 kB
Committed_AS:   62677540 kB
VmallocTotal:   263061440 kB
VmallocUsed:      125136 kB
VmallocChunk:          0 kB
Percpu:             6264 kB
CmaTotal:         405504 kB
CmaFree:           13696 kB
MemTotal:        7922396 kB
MemFree:          617240 kB
MemAvailable:    2571400 kB
Buffers:           63660 kB
Cached:          1493644 kB
SwapCached:         2064 kB
Active:          1198632 kB
Inactive:        2732984 kB
Active(anon):      80624 kB
Inactive(anon):  2322332 kB
Active(file):    1118008 kB
Inactive(file):   410652 kB
Unevictable:        6088 kB
Mlocked:            5648 kB
SwapTotal:       4718584 kB
SwapFree:        4612344 kB
Dirty:               392 kB
Writeback:             0 kB
AnonPages:       2378388 kB
Mapped:           797172 kB
Shmem:             24044 kB
KReclaimable:     815772 kB
Slab:             292240 kB
SReclaimable:      72756 kB
SUnreclaim:       219484 kB
KernelStack:       44912 kB
ShadowCallStack:   11252 kB
PageTables:        65876 kB
NFS_Unstable:          0 kB
Bounce:                0 kB
WritebackTmp:          0 kB
CommitLimit:     8679780 kB
Committed_AS:   62677596 kB
VmallocTotal:   263061440 kB
VmallocUsed:      125168 kB
VmallocChunk:          0 kB
Percpu:             6264 kB
CmaTotal:         405504 kB
CmaFree:           13696 kB
MemTotal:        7922396 kB
MemFree:          616180 kB
MemAvailable:    2570316 kB
Buffers:           63660 kB
Cached:          1493644 kB
SwapCached:         2064 kB
Active:          1198632 kB
Inactive:        2733504 kB
Active(anon):      80624 kB
Inactive(anon):  2322852 kB
Active(file):    1118008 kB
Inactive(file):   410652 kB
Unevictable:        6088 kB
Mlocked:            5648 kB
SwapTotal:       4718584 kB
SwapFree:        4612344 kB
Dirty:                28 kB
Writeback:             0 kB
AnonPages:       2378960 kB
Mapped:           797220 kB
Shmem:             24044 kB
KReclaimable:     815748 kB
Slab:             292236 kB
SReclaimable:      72756 kB
SUnreclaim:       219480 kB
KernelStack:       44912 kB
ShadowCallStack:   11240 kB
PageTables:        65936 kB
NFS_Unstable:          0 kB
Bounce:                0 kB
WritebackTmp:          0 kB
CommitLimit:     8679780 kB
Committed_AS:   62677592 kB
VmallocTotal:   263061440 kB
VmallocUsed:      125172 kB
VmallocChunk:          0 kB
Percpu:             6264 kB
CmaTotal:         405504 kB
CmaFree:           13696 kB
MemTotal:        7922396 kB
MemFree:          615980 kB
MemAvailable:    2570144 kB
Buffers:           63660 kB
Cached:          1493644 kB
SwapCached:         2064 kB
Active:          1198636 kB
Inactive:        2734628 kB
Active(anon):      80628 kB
Inactive(anon):  2323976 kB
Active(file):    1118008 kB
Inactive(file):   410652 kB
Unevictable:        6088 kB
Mlocked:            5648 kB
SwapTotal:       4718584 kB
SwapFree:        4612344 kB
Dirty:                48 kB
Writeback:             0 kB
AnonPages:       2379996 kB
Mapped:           797172 kB
Shmem:             24044 kB
KReclaimable:     815776 kB
Slab:             292252 kB
SReclaimable:      72756 kB
SUnreclaim:       219496 kB
KernelStack:       44912 kB
ShadowCallStack:   11252 kB
PageTables:        65744 kB
NFS_Unstable:          0 kB
Bounce:                0 kB
WritebackTmp:          0 kB
CommitLimit:     8679780 kB
Committed_AS:   62677592 kB
VmallocTotal:   263061440 kB
VmallocUsed:      125168 kB
VmallocChunk:          0 kB
Percpu:             6264 kB
CmaTotal:         405504 kB
CmaFree:           13696 kB
MemTotal:        7922396 kB
MemFree:          615064 kB
MemAvailable:    2569228 kB
Buffers:           63660 kB
Cached:          1493648 kB
SwapCached:         2064 kB
Active:          1198636 kB
Inactive:        2735028 kB
Active(anon):      80628 kB
Inactive(anon):  2324376 kB
Active(file):    1118008 kB
Inactive(file):   410652 kB
Unevictable:        6088 kB
Mlocked:            5648 kB
SwapTotal:       4718584 kB
SwapFree:        4612344 kB
Dirty:                52 kB
Writeback:             0 kB
AnonPages:       2380372 kB
Mapped:           797176 kB
Shmem:             24048 kB
KReclaimable:     815776 kB
Slab:             292232 kB
SReclaimable:      72756 kB
SUnreclaim:       219476 kB
KernelStack:       44864 kB
ShadowCallStack:   11244 kB
PageTables:        65580 kB
NFS_Unstable:          0 kB
Bounce:                0 kB
WritebackTmp:          0 kB
CommitLimit:     8679780 kB
Committed_AS:   62677596 kB
VmallocTotal:   263061440 kB
VmallocUsed:      125168 kB
VmallocChunk:          0 kB
Percpu:             6264 kB
CmaTotal:         405504 kB
CmaFree:           13696 kB
MemTotal:        7922396 kB
MemFree:          614404 kB
MemAvailable:    2568580 kB
Buffers:           63692 kB
Cached:          1493648 kB
SwapCached:         2064 kB
Active:          1198664 kB
Inactive:        2735880 kB
Active(anon):      80624 kB
Inactive(anon):  2325228 kB
Active(file):    1118040 kB
Inactive(file):   410652 kB
Unevictable:        6088 kB
Mlocked:            5648 kB
SwapTotal:       4718584 kB
SwapFree:        4612344 kB
Dirty:               152 kB
Writeback:             0 kB
AnonPages:       2381232 kB
Mapped:           797176 kB
Shmem:             24048 kB
KReclaimable:     815756 kB
Slab:             292248 kB
SReclaimable:      72736 kB
SUnreclaim:       219512 kB
KernelStack:       44912 kB
ShadowCallStack:   11252 kB
PageTables:        65876 kB
NFS_Unstable:          0 kB
Bounce:                0 kB
WritebackTmp:          0 kB
CommitLimit:     8679780 kB
Committed_AS:   62677596 kB
VmallocTotal:   263061440 kB
VmallocUsed:      125168 kB
VmallocChunk:          0 kB
Percpu:             6264 kB
CmaTotal:         405504 kB
CmaFree:           13696 kB
MemTotal:        7922396 kB
MemFree:          613528 kB
MemAvailable:    2567696 kB
Buffers:           63700 kB
Cached:          1493648 kB
SwapCached:         2064 kB
Active:          1198676 kB
Inactive:        2736320 kB
Active(anon):      80628 kB
Inactive(anon):  2325668 kB
Active(file):    1118048 kB
Inactive(file):   410652 kB
Unevictable:        6088 kB
Mlocked:            5648 kB
SwapTotal:       4718584 kB
SwapFree:        4612344 kB
Dirty:               208 kB
Writeback:             0 kB
AnonPages:       2381608 kB
Mapped:           797312 kB
Shmem:             24048 kB
KReclaimable:     815740 kB
Slab:             292244 kB
SReclaimable:      72736 kB
SUnreclaim:       219508 kB
KernelStack:       44896 kB
ShadowCallStack:   11236 kB
PageTables:        65736 kB
NFS_Unstable:          0 kB
Bounce:                0 kB
WritebackTmp:          0 kB
CommitLimit:     8679780 kB
Committed_AS:   62677596 kB
VmallocTotal:   263061440 kB
VmallocUsed:      125168 kB
VmallocChunk:          0 kB
Percpu:             6264 kB
CmaTotal:         405504 kB
CmaFree:           13696 kB
MemTotal:        7922396 kB
MemFree:          613164 kB
MemAvailable:    2567332 kB
Buffers:           63700 kB
Cached:          1493648 kB
SwapCached:         2064 kB
Active:          1198668 kB
Inactive:        2736424 kB
Active(anon):      80620 kB
Inactive(anon):  2325772 kB
Active(file):    1118048 kB
Inactive(file):   410652 kB
Unevictable:        6088 kB
Mlocked:            5648 kB
SwapTotal:       4718584 kB
SwapFree:        4612344 kB
Dirty:               216 kB
Writeback:             0 kB
AnonPages:       2381824 kB
Mapped:           797260 kB
Shmem:             24048 kB
KReclaimable:     815740 kB
Slab:             292256 kB
SReclaimable:      72736 kB
SUnreclaim:       219520 kB
KernelStack:       44912 kB
ShadowCallStack:   11252 kB
PageTables:        65704 kB
NFS_Unstable:          0 kB
Bounce:                0 kB
WritebackTmp:          0 kB
CommitLimit:     8679780 kB
Committed_AS:   62677596 kB
VmallocTotal:   263061440 kB
VmallocUsed:      125168 kB
VmallocChunk:          0 kB
Percpu:             6264 kB
CmaTotal:         405504 kB
CmaFree:           13696 kB
MemTotal:        7922396 kB
MemFree:          613304 kB
MemAvailable:    2567472 kB
Buffers:           63700 kB
Cached:          1493648 kB
SwapCached:         2064 kB
Active:          1198664 kB
Inactive:        2736428 kB
Active(anon):      80616 kB
Inactive(anon):  2325776 kB
Active(file):    1118048 kB
Inactive(file):   410652 kB
Unevictable:        6088 kB
Mlocked:            5648 kB
SwapTotal:       4718584 kB
SwapFree:        4612344 kB
Dirty:               220 kB
Writeback:             0 kB
AnonPages:       2381948 kB
Mapped:           797156 kB
Shmem:             24048 kB
KReclaimable:     815740 kB
Slab:             292240 kB
SReclaimable:      72736 kB
SUnreclaim:       219504 kB
KernelStack:       44848 kB
ShadowCallStack:   11244 kB
PageTables:        65676 kB
NFS_Unstable:          0 kB
Bounce:                0 kB
WritebackTmp:          0 kB
CommitLimit:     8679780 kB
Committed_AS:   62677444 kB
VmallocTotal:   263061440 kB
VmallocUsed:      125108 kB
VmallocChunk:          0 kB
Percpu:             6264 kB
CmaTotal:         405504 kB
CmaFree:           13696 kB
MemTotal:        7922396 kB
MemFree:          567204 kB
MemAvailable:    2392156 kB
Buffers:           63700 kB
Cached:          1493724 kB
SwapCached:         2064 kB
Active:          1198656 kB
Inactive:        2782736 kB
Active(anon):      80608 kB
Inactive(anon):  2372084 kB
Active(file):    1118048 kB
Inactive(file):   410652 kB
Unevictable:        6088 kB
Mlocked:            5648 kB
SwapTotal:       4718584 kB
SwapFree:        4612344 kB
Dirty:               228 kB
Writeback:             0 kB
AnonPages:       2427852 kB
Mapped:           797792 kB
Shmem:             24124 kB
KReclaimable:     686524 kB
Slab:             292256 kB
SReclaimable:      72736 kB
SUnreclaim:       219520 kB
KernelStack:       44848 kB
ShadowCallStack:   11236 kB
PageTables:        65880 kB
NFS_Unstable:          0 kB
Bounce:                0 kB
WritebackTmp:          0 kB
CommitLimit:     8679780 kB
Committed_AS:   62677512 kB
VmallocTotal:   263061440 kB
VmallocUsed:      125092 kB
VmallocChunk:          0 kB
Percpu:             6264 kB
CmaTotal:         405504 kB
CmaFree:           13696 kB
MemTotal:        7922396 kB
MemFree:          524048 kB
MemAvailable:    2335272 kB
Buffers:           63716 kB
Cached:          1493796 kB
SwapCached:         2064 kB
Active:          1198664 kB
Inactive:        2825936 kB
Active(anon):      80600 kB
Inactive(anon):  2415284 kB
Active(file):    1118064 kB
Inactive(file):   410652 kB
Unevictable:        6088 kB
Mlocked:            5648 kB
SwapTotal:       4718584 kB
SwapFree:        4612344 kB
Dirty:               244 kB
Writeback:             0 kB
AnonPages:       2471328 kB
Mapped:           797784 kB
Shmem:             24196 kB
KReclaimable:     672780 kB
Slab:             292252 kB
SReclaimable:      72736 kB
SUnreclaim:       219516 kB
KernelStack:       44800 kB
ShadowCallStack:   11228 kB
PageTables:        65784 kB
NFS_Unstable:          0 kB
Bounce:                0 kB
WritebackTmp:          0 kB
CommitLimit:     8679780 kB
Committed_AS:   62677512 kB
VmallocTotal:   263061440 kB
VmallocUsed:      125100 kB
VmallocChunk:          0 kB
Percpu:             6264 kB
CmaTotal:         405504 kB
CmaFree:           13704 kB
MemTotal:        7922396 kB
MemFree:          611372 kB
MemAvailable:    2565412 kB
Buffers:           63716 kB
Cached:          1493652 kB
SwapCached:         2064 kB
Active:          1198676 kB
Inactive:        2738552 kB
Active(anon):      80612 kB
Inactive(anon):  2327900 kB
Active(file):    1118064 kB
Inactive(file):   410652 kB
Unevictable:        6088 kB
Mlocked:            5648 kB
SwapTotal:       4718584 kB
SwapFree:        4612344 kB
Dirty:               248 kB
Writeback:             0 kB
AnonPages:       2384032 kB
Mapped:           797332 kB
Shmem:             24052 kB
KReclaimable:     815596 kB
Slab:             292252 kB
SReclaimable:      72736 kB
SUnreclaim:       219516 kB
KernelStack:       44784 kB
ShadowCallStack:   11216 kB
PageTables:        65828 kB
NFS_Unstable:          0 kB
Bounce:                0 kB
WritebackTmp:          0 kB
CommitLimit:     8679780 kB
Committed_AS:   62677132 kB
VmallocTotal:   263061440 kB
VmallocUsed:      125000 kB
VmallocChunk:          0 kB
Percpu:             6264 kB
CmaTotal:         405504 kB
CmaFree:           13696 kB
MemTotal:        7922396 kB
MemFree:          611276 kB
MemAvailable:    2565188 kB
Buffers:           63716 kB
Cached:          1493652 kB
SwapCached:         2064 kB
Active:          1198672 kB
Inactive:        2738760 kB
Active(anon):      80608 kB
Inactive(anon):  2328108 kB
Active(file):    1118064 kB
Inactive(file):   410652 kB
Unevictable:        6088 kB
Mlocked:            5648 kB
SwapTotal:       4718584 kB
SwapFree:        4612344 kB
Dirty:               252 kB
Writeback:             0 kB
AnonPages:       2384148 kB
Mapped:           797408 kB
Shmem:             24052 kB
KReclaimable:     815468 kB
Slab:             292256 kB
SReclaimable:      72736 kB
SUnreclaim:       219520 kB
KernelStack:       44736 kB
ShadowCallStack:   11212 kB
PageTables:        65744 kB
NFS_Unstable:          0 kB
Bounce:                0 kB
WritebackTmp:          0 kB
CommitLimit:     8679780 kB
Committed_AS:   62677132 kB
VmallocTotal:   263061440 kB
VmallocUsed:      124972 kB
VmallocChunk:          0 kB
Percpu:             6264 kB
CmaTotal:         405504 kB
CmaFree:           13696 kB
MemTotal:        7922396 kB
MemFree:          611132 kB
MemAvailable:    2565044 kB
Buffers:           63716 kB
Cached:          1493652 kB
SwapCached:         2064 kB
Active:          1198664 kB
Inactive:        2738664 kB
Active(anon):      80600 kB
Inactive(anon):  2328012 kB
Active(file):    1118064 kB
Inactive(file):   410652 kB
Unevictable:        6088 kB
Mlocked:            5648 kB
SwapTotal:       4718584 kB
SwapFree:        4612344 kB
Dirty:               256 kB
Writeback:             0 kB
AnonPages:       2384048 kB
Mapped:           797524 kB
Shmem:             24052 kB
KReclaimable:     815468 kB
Slab:             292252 kB
SReclaimable:      72736 kB
SUnreclaim:       219516 kB
KernelStack:       44672 kB
ShadowCallStack:   11204 kB
PageTables:        65780 kB
NFS_Unstable:          0 kB
Bounce:                0 kB
WritebackTmp:          0 kB
CommitLimit:     8679780 kB
Committed_AS:   62676820 kB
VmallocTotal:   263061440 kB
VmallocUsed:      124900 kB
VmallocChunk:          0 kB
Percpu:             6264 kB
CmaTotal:         405504 kB
CmaFree:           13696 kB
MemTotal:        7922396 kB
MemFree:          611908 kB
MemAvailable:    2565824 kB
Buffers:           63716 kB
Cached:          1493656 kB
SwapCached:         2064 kB
Active:          1198664 kB
Inactive:        2738820 kB
Active(anon):      80600 kB
Inactive(anon):  2328164 kB
Active(file):    1118064 kB
Inactive(file):   410656 kB
Unevictable:        6088 kB
Mlocked:            5648 kB
SwapTotal:       4718584 kB
SwapFree:        4612344 kB
Dirty:               264 kB
Writeback:             0 kB
AnonPages:       2384176 kB
Mapped:           797408 kB
Shmem:             24052 kB
KReclaimable:     815468 kB
Slab:             292260 kB
SReclaimable:      72736 kB
SUnreclaim:       219524 kB
KernelStack:       44672 kB
ShadowCallStack:   11196 kB
PageTables:        65800 kB
NFS_Unstable:          0 kB
Bounce:                0 kB
WritebackTmp:          0 kB
CommitLimit:     8679780 kB
Committed_AS:   62676716 kB
VmallocTotal:   263061440 kB
VmallocUsed:      124828 kB
VmallocChunk:          0 kB
Percpu:             6264 kB
CmaTotal:         405504 kB
CmaFree:           13696 kB
MemTotal:        7922396 kB
MemFree:          611692 kB
MemAvailable:    2565616 kB
Buffers:           63724 kB
Cached:          1493656 kB
SwapCached:         2064 kB
Active:          1198664 kB
Inactive:        2738956 kB
Active(anon):      80592 kB
Inactive(anon):  2328300 kB
Active(file):    1118072 kB
Inactive(file):   410656 kB
Unevictable:        6088 kB
Mlocked:            5648 kB
SwapTotal:       4718584 kB
SwapFree:        4612344 kB
Dirty:               268 kB
Writeback:             0 kB
AnonPages:       2384320 kB
Mapped:           797408 kB
Shmem:             24052 kB
KReclaimable:     815468 kB
Slab:             292268 kB
SReclaimable:      72736 kB
SUnreclaim:       219532 kB
KernelStack:       44608 kB
ShadowCallStack:   11176 kB
PageTables:        65860 kB
NFS_Unstable:          0 kB
Bounce:                0 kB
WritebackTmp:          0 kB
CommitLimit:     8679780 kB
Committed_AS:   62676664 kB
VmallocTotal:   263061440 kB
VmallocUsed:      124812 kB
VmallocChunk:          0 kB
Percpu:             6264 kB
CmaTotal:         405504 kB
CmaFree:           13696 kB
MemTotal:        7922396 kB
MemFree:          611044 kB
MemAvailable:    2564968 kB
Buffers:           63724 kB
Cached:          1493656 kB
SwapCached:         2064 kB
Active:          1198668 kB
Inactive:        2739700 kB
Active(anon):      80596 kB
Inactive(anon):  2329044 kB
Active(file):    1118072 kB
Inactive(file):   410656 kB
Unevictable:        6088 kB
Mlocked:            5648 kB
SwapTotal:       4718584 kB
SwapFree:        4612344 kB
Dirty:               272 kB
Writeback:             0 kB
AnonPages:       2385024 kB
Mapped:           797592 kB
Shmem:             24052 kB
KReclaimable:     815468 kB
Slab:             292260 kB
SReclaimable:      72736 kB
SUnreclaim:       219524 kB
KernelStack:       44624 kB
ShadowCallStack:   11176 kB
PageTables:        65640 kB
NFS_Unstable:          0 kB
Bounce:                0 kB
WritebackTmp:          0 kB
CommitLimit:     8679780 kB
Committed_AS:   62676664 kB
VmallocTotal:   263061440 kB
VmallocUsed:      124804 kB
VmallocChunk:          0 kB
Percpu:             6264 kB
CmaTotal:         405504 kB
CmaFree:           13696 kB
MemTotal:        7922396 kB
MemFree:          610776 kB
MemAvailable:    2564700 kB
Buffers:           63724 kB
Cached:          1493656 kB
SwapCached:         2064 kB
Active:          1198664 kB
Inactive:        2740024 kB
Active(anon):      80592 kB
Inactive(anon):  2329368 kB
Active(file):    1118072 kB
Inactive(file):   410656 kB
Unevictable:        6088 kB
Mlocked:            5648 kB
SwapTotal:       4718584 kB
SwapFree:        4612344 kB
Dirty:               280 kB
Writeback:             0 kB
AnonPages:       2385360 kB
Mapped:           797408 kB
Shmem:             24052 kB
KReclaimable:     815468 kB
Slab:             292256 kB
SReclaimable:      72736 kB
SUnreclaim:       219520 kB
KernelStack:       44592 kB
ShadowCallStack:   11176 kB
PageTables:        65832 kB
NFS_Unstable:          0 kB
Bounce:                0 kB
WritebackTmp:          0 kB
CommitLimit:     8679780 kB
Committed_AS:   62676664 kB
VmallocTotal:   263061440 kB
VmallocUsed:      124792 kB
VmallocChunk:          0 kB
Percpu:             6264 kB
CmaTotal:         405504 kB
CmaFree:           13696 kB
MemTotal:        7922396 kB
MemFree:          609708 kB
MemAvailable:    2563632 kB
Buffers:           63724 kB
Cached:          1493656 kB
SwapCached:         2064 kB
Active:          1198656 kB
Inactive:        2740808 kB
Active(anon):      80584 kB
Inactive(anon):  2330152 kB
Active(file):    1118072 kB
Inactive(file):   410656 kB
Unevictable:        6088 kB
Mlocked:            5648 kB
SwapTotal:       4718584 kB
SwapFree:        4612344 kB
Dirty:               284 kB
Writeback:             0 kB
AnonPages:       2386120 kB
Mapped:           797408 kB
Shmem:             24052 kB
KReclaimable:     815468 kB
Slab:             292268 kB
SReclaimable:      72736 kB
SUnreclaim:       219532 kB
KernelStack:       44640 kB
ShadowCallStack:   11180 kB
PageTables:        66000 kB
NFS_Unstable:          0 kB
Bounce:                0 kB
WritebackTmp:          0 kB
CommitLimit:     8679780 kB
Committed_AS:   62676664 kB
VmallocTotal:   263061440 kB
VmallocUsed:      124812 kB
VmallocChunk:          0 kB
Percpu:             6264 kB
CmaTotal:         405504 kB
CmaFree:           13696 kB
MemTotal:        7922396 kB
MemFree:          609800 kB
MemAvailable:    2563724 kB
Buffers:           63724 kB
Cached:          1493656 kB
SwapCached:         2064 kB
Active:          1198668 kB
Inactive:        2741196 kB
Active(anon):      80596 kB
Inactive(anon):  2330540 kB
Active(file):    1118072 kB
Inactive(file):   410656 kB
Unevictable:        6088 kB
Mlocked:            5648 kB
SwapTotal:       4718584 kB
SwapFree:        4612344 kB
Dirty:               288 kB
Writeback:             0 kB
AnonPages:       2386480 kB
Mapped:           797424 kB
Shmem:             24052 kB
KReclaimable:     815468 kB
Slab:             292260 kB
SReclaimable:      72736 kB
SUnreclaim:       219524 kB
KernelStack:       44640 kB
ShadowCallStack:   11180 kB
PageTables:        65940 kB
NFS_Unstable:          0 kB
Bounce:                0 kB
WritebackTmp:          0 kB
CommitLimit:     8679780 kB
Committed_AS:   62676664 kB
VmallocTotal:   263061440 kB
VmallocUsed:      124808 kB
VmallocChunk:          0 kB
Percpu:             6264 kB
CmaTotal:         405504 kB
CmaFree:           13696 kB
MemTotal:        7922396 kB
MemFree:          610576 kB
MemAvailable:    2564664 kB
Buffers:           63748 kB
Cached:          1493800 kB
SwapCached:         2064 kB
Active:          1198816 kB
Inactive:        2739748 kB
Active(anon):      80596 kB
Inactive(anon):  2329076 kB
Active(file):    1118220 kB
Inactive(file):   410672 kB
Unevictable:        6088 kB
Mlocked:            5648 kB
SwapTotal:       4718584 kB
SwapFree:        4612344 kB
Dirty:               308 kB
Writeback:            16 kB
AnonPages:       2385152 kB
Mapped:           797484 kB
Shmem:             24056 kB
KReclaimable:     815468 kB
Slab:             292252 kB
SReclaimable:      72736 kB
SUnreclaim:       219516 kB
KernelStack:       44672 kB
ShadowCallStack:   11196 kB
PageTables:        65624 kB
NFS_Unstable:          0 kB
Bounce:                0 kB
WritebackTmp:          0 kB
CommitLimit:     8679780 kB
Committed_AS:   62676668 kB
VmallocTotal:   263061440 kB
VmallocUsed:      124816 kB
VmallocChunk:          0 kB
Percpu:             6264 kB
CmaTotal:         405504 kB
CmaFree:           13620 kB
MemTotal:        7922396 kB
MemFree:          610032 kB
MemAvailable:    2564124 kB
Buffers:           63756 kB
Cached:          1493796 kB
SwapCached:         2064 kB
Active:          1198840 kB
Inactive:        2740048 kB
Active(anon):      80600 kB
Inactive(anon):  2329392 kB
Active(file):    1118240 kB
Inactive(file):   410656 kB
Unevictable:        6088 kB
Mlocked:            5648 kB
SwapTotal:       4718584 kB
SwapFree:        4612344 kB
Dirty:               336 kB
Writeback:             0 kB
AnonPages:       2385340 kB
Mapped:           797584 kB
Shmem:             24056 kB
KReclaimable:     815468 kB
Slab:             292236 kB
SReclaimable:      72736 kB
SUnreclaim:       219500 kB
KernelStack:       44624 kB
ShadowCallStack:   11180 kB
PageTables:        65736 kB
NFS_Unstable:          0 kB
Bounce:                0 kB
WritebackTmp:          0 kB
CommitLimit:     8679780 kB
Committed_AS:   62676668 kB
VmallocTotal:   263061440 kB
VmallocUsed:      124808 kB
VmallocChunk:          0 kB
Percpu:             6264 kB
CmaTotal:         405504 kB
CmaFree:           13696 kB
MemTotal:        7922396 kB
MemFree:          609648 kB
MemAvailable:    2563740 kB
Buffers:           63756 kB
Cached:          1493796 kB
SwapCached:         2064 kB
Active:          1198828 kB
Inactive:        2740404 kB
Active(anon):      80588 kB
Inactive(anon):  2329748 kB
Active(file):    1118240 kB
Inactive(file):   410656 kB
Unevictable:        6088 kB
Mlocked:            5648 kB
SwapTotal:       4718584 kB
SwapFree:        4612344 kB
Dirty:               336 kB
Writeback:             0 kB
AnonPages:       2385692 kB
Mapped:           797436 kB
Shmem:             24056 kB
KReclaimable:     815468 kB
Slab:             292220 kB
SReclaimable:      72736 kB
SUnreclaim:       219484 kB
KernelStack:       44624 kB
ShadowCallStack:   11180 kB
PageTables:        65968 kB
NFS_Unstable:          0 kB
Bounce:                0 kB
WritebackTmp:          0 kB
CommitLimit:     8679780 kB
Committed_AS:   62676668 kB
VmallocTotal:   263061440 kB
VmallocUsed:      124804 kB
VmallocChunk:          0 kB
Percpu:             6264 kB
CmaTotal:         405504 kB
CmaFree:           13696 kB
MemTotal:        7922396 kB
MemFree:          609516 kB
MemAvailable:    2563608 kB
Buffers:           63756 kB
Cached:          1493796 kB
SwapCached:         2064 kB
Active:          1198836 kB
Inactive:        2740548 kB
Active(anon):      80596 kB
Inactive(anon):  2329892 kB
Active(file):    1118240 kB
Inactive(file):   410656 kB
Unevictable:        6088 kB
Mlocked:            5648 kB
SwapTotal:       4718584 kB
SwapFree:        4612344 kB
Dirty:               340 kB
Writeback:             0 kB
AnonPages:       2385808 kB
Mapped:           797608 kB
Shmem:             24056 kB
KReclaimable:     815468 kB
Slab:             292228 kB
SReclaimable:      72736 kB
SUnreclaim:       219492 kB
KernelStack:       44608 kB
ShadowCallStack:   11172 kB
PageTables:        65820 kB
NFS_Unstable:          0 kB
Bounce:                0 kB
WritebackTmp:          0 kB
CommitLimit:     8679780 kB
Committed_AS:   62676668 kB
VmallocTotal:   263061440 kB
VmallocUsed:      124812 kB
VmallocChunk:          0 kB
Percpu:             6264 kB
CmaTotal:         405504 kB
CmaFree:           13696 kB
MemTotal:        7922396 kB
MemFree:          609232 kB
MemAvailable:    2563332 kB
Buffers:           63764 kB
Cached:          1493796 kB
SwapCached:         2064 kB
Active:          1198844 kB
Inactive:        2741648 kB
Active(anon):      80596 kB
Inactive(anon):  2330992 kB
Active(file):    1118248 kB
Inactive(file):   410656 kB
Unevictable:        6088 kB
Mlocked:            5648 kB
SwapTotal:       4718584 kB
SwapFree:        4612344 kB
Dirty:               364 kB
Writeback:             0 kB
AnonPages:       2386976 kB
Mapped:           797436 kB
Shmem:             24056 kB
KReclaimable:     815468 kB
Slab:             292232 kB
SReclaimable:      72736 kB
SUnreclaim:       219496 kB
KernelStack:       44608 kB
ShadowCallStack:   11176 kB
PageTables:        65760 kB
NFS_Unstable:          0 kB
Bounce:                0 kB
WritebackTmp:          0 kB
CommitLimit:     8679780 kB
Committed_AS:   62676616 kB
VmallocTotal:   263061440 kB
VmallocUsed:      124792 kB
VmallocChunk:          0 kB
Percpu:             6264 kB
CmaTotal:         405504 kB
CmaFree:           13696 kB
MemTotal:        7922396 kB
MemFree:          609476 kB
MemAvailable:    2563576 kB
Buffers:           63764 kB
Cached:          1493796 kB
SwapCached:         2064 kB
Active:          1198844 kB
Inactive:        2741264 kB
Active(anon):      80596 kB
Inactive(anon):  2330608 kB
Active(file):    1118248 kB
Inactive(file):   410656 kB
Unevictable:        6088 kB
Mlocked:            5648 kB
SwapTotal:       4718584 kB
SwapFree:        4612344 kB
Dirty:               364 kB
Writeback:             0 kB
AnonPages:       2386632 kB
Mapped:           797444 kB
Shmem:             24056 kB
KReclaimable:     815468 kB
Slab:             292224 kB
SReclaimable:      72736 kB
SUnreclaim:       219488 kB
KernelStack:       44624 kB
ShadowCallStack:   11180 kB
PageTables:        65708 kB
NFS_Unstable:          0 kB
Bounce:                0 kB
WritebackTmp:          0 kB
CommitLimit:     8679780 kB
Committed_AS:   62676616 kB
VmallocTotal:   263061440 kB
VmallocUsed:      124792 kB
VmallocChunk:          0 kB
Percpu:             6264 kB
CmaTotal:         405504 kB
CmaFree:           13696 kB
MemTotal:        7922396 kB
MemFree:          608448 kB
MemAvailable:    2562548 kB
Buffers:           63764 kB
Cached:          1493796 kB
SwapCached:         2064 kB
Active:          1198844 kB
Inactive:        2741704 kB
Active(anon):      80596 kB
Inactive(anon):  2331048 kB
Active(file):    1118248 kB
Inactive(file):   410656 kB
Unevictable:        6088 kB
Mlocked:            5648 kB
SwapTotal:       4718584 kB
SwapFree:        4612344 kB
Dirty:               368 kB
Writeback:             0 kB
AnonPages:       2387048 kB
Mapped:           797460 kB
Shmem:             24056 kB
KReclaimable:     815468 kB
Slab:             292244 kB
SReclaimable:      72736 kB
SUnreclaim:       219508 kB
KernelStack:       44592 kB
ShadowCallStack:   11164 kB
PageTables:        65736 kB
NFS_Unstable:          0 kB
Bounce:                0 kB
WritebackTmp:          0 kB
CommitLimit:     8679780 kB
Committed_AS:   62676668 kB
VmallocTotal:   263061440 kB
VmallocUsed:      124792 kB
VmallocChunk:          0 kB
Percpu:             6264 kB
CmaTotal:         405504 kB
CmaFree:           13696 kB
MemTotal:        7922396 kB
MemFree:          608032 kB
MemAvailable:    2562132 kB
Buffers:           63764 kB
Cached:          1493796 kB
SwapCached:         2064 kB
Active:          1198836 kB
Inactive:        2741944 kB
Active(anon):      80588 kB
Inactive(anon):  2331288 kB
Active(file):    1118248 kB
Inactive(file):   410656 kB
Unevictable:        6088 kB
Mlocked:            5648 kB
SwapTotal:       4718584 kB
SwapFree:        4612344 kB
Dirty:               372 kB
Writeback:             0 kB
AnonPages:       2387432 kB
Mapped:           797436 kB
Shmem:             24056 kB
KReclaimable:     815468 kB
Slab:             292244 kB
SReclaimable:      72736 kB
SUnreclaim:       219508 kB
KernelStack:       44608 kB
ShadowCallStack:   11176 kB
PageTables:        65880 kB
NFS_Unstable:          0 kB
Bounce:                0 kB
WritebackTmp:          0 kB
CommitLimit:     8679780 kB
Committed_AS:   62676668 kB
VmallocTotal:   263061440 kB
VmallocUsed:      124812 kB
VmallocChunk:          0 kB
Percpu:             6264 kB
CmaTotal:         405504 kB
CmaFree:           13696 kB
MemTotal:        7922396 kB
MemFree:          608000 kB
MemAvailable:    2562100 kB
Buffers:           63764 kB
Cached:          1493800 kB
SwapCached:         2064 kB
Active:          1198836 kB
Inactive:        2742272 kB
Active(anon):      80588 kB
Inactive(anon):  2331616 kB
Active(file):    1118248 kB
Inactive(file):   410656 kB
Unevictable:        6088 kB
Mlocked:            5648 kB
SwapTotal:       4718584 kB
SwapFree:        4612344 kB
Dirty:               376 kB
Writeback:             0 kB
AnonPages:       2387688 kB
Mapped:           797560 kB
Shmem:             24060 kB
KReclaimable:     815468 kB
Slab:             292244 kB
SReclaimable:      72736 kB
SUnreclaim:       219508 kB
KernelStack:       44640 kB
ShadowCallStack:   11180 kB
PageTables:        65764 kB
NFS_Unstable:          0 kB
Bounce:                0 kB
WritebackTmp:          0 kB
CommitLimit:     8679780 kB
Committed_AS:   62676672 kB
VmallocTotal:   263061440 kB
VmallocUsed:      124828 kB
VmallocChunk:          0 kB
Percpu:             6264 kB
CmaTotal:         405504 kB
CmaFree:           13696 kB
MemTotal:        7922396 kB
MemFree:          607868 kB
MemAvailable:    2561968 kB
Buffers:           63772 kB
Cached:          1493792 kB
SwapCached:         2064 kB
Active:          1198836 kB
Inactive:        2742592 kB
Active(anon):      80588 kB
Inactive(anon):  2331936 kB
Active(file):    1118248 kB
Inactive(file):   410656 kB
Unevictable:        6088 kB
Mlocked:            5648 kB
SwapTotal:       4718584 kB
SwapFree:        4612344 kB
Dirty:               380 kB
Writeback:             0 kB
AnonPages:       2387944 kB
Mapped:           797440 kB
Shmem:             24060 kB
KReclaimable:     815468 kB
Slab:             292248 kB
SReclaimable:      72736 kB
SUnreclaim:       219512 kB
KernelStack:       44608 kB
ShadowCallStack:   11164 kB
PageTables:        65864 kB
NFS_Unstable:          0 kB
Bounce:                0 kB
WritebackTmp:          0 kB
CommitLimit:     8679780 kB
Committed_AS:   62676676 kB
VmallocTotal:   263061440 kB
VmallocUsed:      124812 kB
VmallocChunk:          0 kB
Percpu:             6264 kB
CmaTotal:         405504 kB
CmaFree:           13696 kB
MemTotal:        7922396 kB
MemFree:          606364 kB
MemAvailable:    2560488 kB
Buffers:           63788 kB
Cached:          1493800 kB
SwapCached:         2064 kB
Active:          1198864 kB
Inactive:        2744064 kB
Active(anon):      80592 kB
Inactive(anon):  2333408 kB
Active(file):    1118272 kB
Inactive(file):   410656 kB
Unevictable:        6088 kB
Mlocked:            5648 kB
SwapTotal:       4718584 kB
SwapFree:        4612344 kB
Dirty:               384 kB
Writeback:             0 kB
AnonPages:       2389496 kB
Mapped:           797440 kB
Shmem:             24060 kB
KReclaimable:     815468 kB
Slab:             292256 kB
SReclaimable:      72736 kB
SUnreclaim:       219520 kB
KernelStack:       44640 kB
ShadowCallStack:   11180 kB
PageTables:        65708 kB
NFS_Unstable:          0 kB
Bounce:                0 kB
WritebackTmp:          0 kB
CommitLimit:     8679780 kB
Committed_AS:   62676672 kB
VmallocTotal:   263061440 kB
VmallocUsed:      124812 kB
VmallocChunk:          0 kB
Percpu:             6264 kB
CmaTotal:         405504 kB
CmaFree:           13696 kB
MemTotal:        7922396 kB
MemFree:          518560 kB
MemAvailable:    2338304 kB
Buffers:           63788 kB
Cached:          1493948 kB
SwapCached:         2064 kB
Active:          1198868 kB
Inactive:        2832680 kB
Active(anon):      80596 kB
Inactive(anon):  2422020 kB
Active(file):    1118272 kB
Inactive(file):   410660 kB
Unevictable:        6088 kB
Mlocked:            5648 kB
SwapTotal:       4718584 kB
SwapFree:        4612344 kB
Dirty:               392 kB
Writeback:             0 kB
AnonPages:       2477852 kB
Mapped:           797928 kB
Shmem:             24204 kB
KReclaimable:     681084 kB
Slab:             292224 kB
SReclaimable:      72736 kB
SUnreclaim:       219488 kB
KernelStack:       44688 kB
ShadowCallStack:   11196 kB
PageTables:        65884 kB
NFS_Unstable:          0 kB
Bounce:                0 kB
WritebackTmp:          0 kB
CommitLimit:     8679780 kB
Committed_AS:   62677052 kB
VmallocTotal:   263061440 kB
VmallocUsed:      124868 kB
VmallocChunk:          0 kB
Percpu:             6264 kB
CmaTotal:         405504 kB
CmaFree:           13696 kB
MemTotal:        7922396 kB
MemFree:          605136 kB
MemAvailable:    2558832 kB
Buffers:           63788 kB
Cached:          1493948 kB
SwapCached:         2064 kB
Active:          1198864 kB
Inactive:        2744816 kB
Active(anon):      80592 kB
Inactive(anon):  2334156 kB
Active(file):    1118272 kB
Inactive(file):   410660 kB
Unevictable:        6088 kB
Mlocked:            5648 kB
SwapTotal:       4718584 kB
SwapFree:        4612344 kB
Dirty:               396 kB
Writeback:             0 kB
AnonPages:       2390200 kB
Mapped:           797584 kB
Shmem:             24204 kB
KReclaimable:     815036 kB
Slab:             292228 kB
SReclaimable:      72736 kB
SUnreclaim:       219492 kB
KernelStack:       44608 kB
ShadowCallStack:   11188 kB
PageTables:        65596 kB
NFS_Unstable:          0 kB
Bounce:                0 kB
WritebackTmp:          0 kB
CommitLimit:     8679780 kB
Committed_AS:   62676676 kB
VmallocTotal:   263061440 kB
VmallocUsed:      124772 kB
VmallocChunk:          0 kB
Percpu:             6264 kB
CmaTotal:         405504 kB
CmaFree:           13696 kB
MemTotal:        7922396 kB
MemFree:          605504 kB
MemAvailable:    2559644 kB
Buffers:           63796 kB
Cached:          1493804 kB
SwapCached:         2064 kB
Active:          1198876 kB
Inactive:        2745348 kB
Active(anon):      80596 kB
Inactive(anon):  2334688 kB
Active(file):    1118280 kB
Inactive(file):   410660 kB
Unevictable:        6088 kB
Mlocked:            5648 kB
SwapTotal:       4718584 kB
SwapFree:        4612344 kB
Dirty:               200 kB
Writeback:             0 kB
AnonPages:       2390672 kB
Mapped:           797440 kB
Shmem:             24060 kB
KReclaimable:     815472 kB
Slab:             292224 kB
SReclaimable:      72740 kB
SUnreclaim:       219484 kB
KernelStack:       44608 kB
ShadowCallStack:   11176 kB
PageTables:        65768 kB
NFS_Unstable:          0 kB
Bounce:                0 kB
WritebackTmp:          0 kB
CommitLimit:     8679780 kB
Committed_AS:   62676676 kB
VmallocTotal:   263061440 kB
VmallocUsed:      124792 kB
VmallocChunk:          0 kB
Percpu:             6264 kB
CmaTotal:         405504 kB
CmaFree:           13696 kB
MemTotal:        7922396 kB
MemFree:          604780 kB
MemAvailable:    2558948 kB
Buffers:           63796 kB
Cached:          1493804 kB
SwapCached:         2064 kB
Active:          1198876 kB
Inactive:        2745592 kB
Active(anon):      80596 kB
Inactive(anon):  2334932 kB
Active(file):    1118280 kB
Inactive(file):   410660 kB
Unevictable:        6088 kB
Mlocked:            5648 kB
SwapTotal:       4718584 kB
SwapFree:        4612344 kB
Dirty:               228 kB
Writeback:             0 kB
AnonPages:       2390944 kB
Mapped:           797416 kB
Shmem:             24060 kB
KReclaimable:     815500 kB
Slab:             292232 kB
SReclaimable:      72740 kB
SUnreclaim:       219492 kB
KernelStack:       44608 kB
ShadowCallStack:   11172 kB
PageTables:        65720 kB
NFS_Unstable:          0 kB
Bounce:                0 kB
WritebackTmp:          0 kB
CommitLimit:     8679780 kB
Committed_AS:   62676672 kB
VmallocTotal:   263061440 kB
VmallocUsed:      124788 kB
VmallocChunk:          0 kB
Percpu:             6264 kB
CmaTotal:         405504 kB
CmaFree:           13696 kB
MemTotal:        7922396 kB
MemFree:          604308 kB
MemAvailable:    2558476 kB
Buffers:           63796 kB
Cached:          1493804 kB
SwapCached:         2064 kB
Active:          1198876 kB
Inactive:        2746376 kB
Active(anon):      80596 kB
Inactive(anon):  2335716 kB
Active(file):    1118280 kB
Inactive(file):   410660 kB
Unevictable:        6088 kB
Mlocked:            5648 kB
SwapTotal:       4718584 kB
SwapFree:        4612344 kB
Dirty:               232 kB
Writeback:             0 kB
AnonPages:       2391768 kB
Mapped:           797416 kB
Shmem:             24060 kB
KReclaimable:     815500 kB
Slab:             292224 kB
SReclaimable:      72740 kB
SUnreclaim:       219484 kB
KernelStack:       44640 kB
ShadowCallStack:   11176 kB
PageTables:        65768 kB
NFS_Unstable:          0 kB
Bounce:                0 kB
WritebackTmp:          0 kB
CommitLimit:     8679780 kB
Committed_AS:   62676672 kB
VmallocTotal:   263061440 kB
VmallocUsed:      124788 kB
VmallocChunk:          0 kB
Percpu:             6264 kB
CmaTotal:         405504 kB
CmaFree:           13696 kB
MemTotal:        7922396 kB
MemFree:          602052 kB
MemAvailable:    2556220 kB
Buffers:           63804 kB
Cached:          1493800 kB
SwapCached:         2064 kB
Active:          1198876 kB
Inactive:        2748324 kB
Active(anon):      80596 kB
Inactive(anon):  2337664 kB
Active(file):    1118280 kB
Inactive(file):   410660 kB
Unevictable:        6088 kB
Mlocked:            5648 kB
SwapTotal:       4718584 kB
SwapFree:        4612344 kB
Dirty:               240 kB
Writeback:             0 kB
AnonPages:       2393644 kB
Mapped:           797424 kB
Shmem:             24064 kB
KReclaimable:     815500 kB
Slab:             292236 kB
SReclaimable:      72740 kB
SUnreclaim:       219496 kB
KernelStack:       44672 kB
ShadowCallStack:   11196 kB
PageTables:        65856 kB
NFS_Unstable:          0 kB
Bounce:                0 kB
WritebackTmp:          0 kB
CommitLimit:     8679780 kB
Committed_AS:   62676884 kB
VmallocTotal:   263061440 kB
VmallocUsed:      124852 kB
VmallocChunk:          0 kB
Percpu:             6264 kB
CmaTotal:         405504 kB
CmaFree:           13696 kB
MemTotal:        7922396 kB
MemFree:          601440 kB
MemAvailable:    2555616 kB
Buffers:           63804 kB
Cached:          1493808 kB
SwapCached:         2064 kB
Active:          1198884 kB
Inactive:        2748624 kB
Active(anon):      80596 kB
Inactive(anon):  2337964 kB
Active(file):    1118288 kB
Inactive(file):   410660 kB
Unevictable:        6088 kB
Mlocked:            5648 kB
SwapTotal:       4718584 kB
SwapFree:        4612344 kB
Dirty:               244 kB
Writeback:             0 kB
AnonPages:       2393896 kB
Mapped:           797448 kB
Shmem:             24064 kB
KReclaimable:     815500 kB
Slab:             292228 kB
SReclaimable:      72740 kB
SUnreclaim:       219488 kB
KernelStack:       44672 kB
ShadowCallStack:   11192 kB
PageTables:        65980 kB
NFS_Unstable:          0 kB
Bounce:                0 kB
WritebackTmp:          0 kB
CommitLimit:     8679780 kB
Committed_AS:   62676884 kB
VmallocTotal:   263061440 kB
VmallocUsed:      124852 kB
VmallocChunk:          0 kB
Percpu:             6264 kB
CmaTotal:         405504 kB
CmaFree:           13696 kB
MemTotal:        7922396 kB
MemFree:          601560 kB
MemAvailable:    2555744 kB
Buffers:           63812 kB
Cached:          1493808 kB
SwapCached:         2064 kB
Active:          1198888 kB
Inactive:        2748908 kB
Active(anon):      80592 kB
Inactive(anon):  2338248 kB
Active(file):    1118296 kB
Inactive(file):   410660 kB
Unevictable:        6088 kB
Mlocked:            5648 kB
SwapTotal:       4718584 kB
SwapFree:        4612344 kB
Dirty:               100 kB
Writeback:             0 kB
AnonPages:       2394116 kB
