MemTotal:       12113140 kB
MemFree:         6862888 kB
MemAvailable:    8253136 kB
Buffers:            6160 kB
Cached:          1629344 kB
SwapCached:            0 kB
Active:          1334464 kB
Inactive:        1421836 kB
Active(anon):    1127256 kB
Inactive(anon):    20352 kB
Active(file):     207208 kB
Inactive(file):  1401484 kB
Unevictable:        5556 kB
Mlocked:            5556 kB
SwapTotal:       3145724 kB
SwapFree:        3145724 kB
Dirty:               196 kB
Writeback:             0 kB
AnonPages:       1126188 kB
Mapped:           811800 kB
Shmem:             22292 kB
KReclaimable:     650260 kB
Slab:             205176 kB
SReclaimable:      67708 kB
SUnreclaim:       137468 kB
KernelStack:       42372 kB
PageTables:        56432 kB
NFS_Unstable:          0 kB
Bounce:                0 kB
WritebackTmp:          0 kB
CommitLimit:     9202292 kB
Committed_AS:   57846544 kB
VmallocTotal:   263061440 kB
VmallocUsed:       99216 kB
VmallocChunk:          0 kB
Percpu:             7616 kB
CmaTotal:         294912 kB
CmaFree:               0 kB
MemTotal:       12113140 kB
MemFree:         6859804 kB
MemAvailable:    8250052 kB
Buffers:            6160 kB
Cached:          1629344 kB
SwapCached:            0 kB
Active:          1336352 kB
Inactive:        1421832 kB
Active(anon):    1129140 kB
Inactive(anon):    20352 kB
Active(file):     207212 kB
Inactive(file):  1401480 kB
Unevictable:        5556 kB
Mlocked:            5556 kB
SwapTotal:       3145724 kB
SwapFree:        3145724 kB
Dirty:               196 kB
Writeback:             0 kB
AnonPages:       1128336 kB
Mapped:           809132 kB
Shmem:             22292 kB
KReclaimable:     650260 kB
Slab:             205172 kB
SReclaimable:      67708 kB
SUnreclaim:       137464 kB
KernelStack:       42368 kB
PageTables:        56368 kB
NFS_Unstable:          0 kB
Bounce:                0 kB
WritebackTmp:          0 kB
CommitLimit:     9202292 kB
Committed_AS:   57855636 kB
VmallocTotal:   263061440 kB
VmallocUsed:       99264 kB
VmallocChunk:          0 kB
Percpu:             7616 kB
CmaTotal:         294912 kB
CmaFree:               0 kB
MemTotal:       12113140 kB
MemFree:         6859140 kB
MemAvailable:    8249388 kB
Buffers:            6160 kB
Cached:          1629344 kB
SwapCached:            0 kB
Active:          1336776 kB
Inactive:        1421832 kB
Active(anon):    1129564 kB
Inactive(anon):    20352 kB
Active(file):     207212 kB
Inactive(file):  1401480 kB
Unevictable:        5556 kB
Mlocked:            5556 kB
SwapTotal:       3145724 kB
SwapFree:        3145724 kB
Dirty:               196 kB
Writeback:             0 kB
AnonPages:       1128628 kB
Mapped:           808868 kB
Shmem:             22292 kB
KReclaimable:     650260 kB
Slab:             205168 kB
SReclaimable:      67708 kB
SUnreclaim:       137460 kB
KernelStack:       42368 kB
PageTables:        56364 kB
NFS_Unstable:          0 kB
Bounce:                0 kB
WritebackTmp:          0 kB
CommitLimit:     9202292 kB
Committed_AS:   57856140 kB
VmallocTotal:   263061440 kB
VmallocUsed:       99264 kB
VmallocChunk:          0 kB
Percpu:             7616 kB
CmaTotal:         294912 kB
CmaFree:               0 kB
MemTotal:       12113140 kB
MemFree:         6859120 kB
MemAvailable:    8249368 kB
Buffers:            6160 kB
Cached:          1629344 kB
SwapCached:            0 kB
Active:          1337316 kB
Inactive:        1421832 kB
Active(anon):    1130104 kB
Inactive(anon):    20352 kB
Active(file):     207212 kB
Inactive(file):  1401480 kB
Unevictable:        5556 kB
Mlocked:            5556 kB
SwapTotal:       3145724 kB
SwapFree:        3145724 kB
Dirty:               196 kB
Writeback:             0 kB
AnonPages:       1129176 kB
Mapped:           809064 kB
Shmem:             22292 kB
KReclaimable:     650260 kB
Slab:             205168 kB
SReclaimable:      67708 kB
SUnreclaim:       137460 kB
KernelStack:       42336 kB
PageTables:        56308 kB
NFS_Unstable:          0 kB
Bounce:                0 kB
WritebackTmp:          0 kB
CommitLimit:     9202292 kB
Committed_AS:   57855724 kB
VmallocTotal:   263061440 kB
VmallocUsed:       99264 kB
VmallocChunk:          0 kB
Percpu:             7616 kB
CmaTotal:         294912 kB
CmaFree:               0 kB
MemTotal:       12113140 kB
MemFree:         6856928 kB
MemAvailable:    8247176 kB
Buffers:            6160 kB
Cached:          1629344 kB
SwapCached:            0 kB
Active:          1337708 kB
Inactive:        1421832 kB
Active(anon):    1130496 kB
Inactive(anon):    20352 kB
Active(file):     207212 kB
Inactive(file):  1401480 kB
Unevictable:        5556 kB
Mlocked:            5556 kB
SwapTotal:       3145724 kB
SwapFree:        3145724 kB
Dirty:               196 kB
Writeback:             0 kB
AnonPages:       1129152 kB
Mapped:           808948 kB
Shmem:             22292 kB
KReclaimable:     650260 kB
Slab:             205168 kB
SReclaimable:      67708 kB
SUnreclaim:       137460 kB
KernelStack:       42384 kB
PageTables:        56432 kB
NFS_Unstable:          0 kB
Bounce:                0 kB
WritebackTmp:          0 kB
CommitLimit:     9202292 kB
Committed_AS:   57855584 kB
VmallocTotal:   263061440 kB
VmallocUsed:       99248 kB
VmallocChunk:          0 kB
Percpu:             7616 kB
CmaTotal:         294912 kB
CmaFree:               0 kB
MemTotal:       12113140 kB
MemFree:         6857480 kB
MemAvailable:    8247728 kB
Buffers:            6160 kB
Cached:          1629344 kB
SwapCached:            0 kB
Active:          1338276 kB
Inactive:        1421828 kB
Active(anon):    1131060 kB
Inactive(anon):    20352 kB
Active(file):     207216 kB
Inactive(file):  1401476 kB
Unevictable:        5556 kB
Mlocked:            5556 kB
SwapTotal:       3145724 kB
SwapFree:        3145724 kB
Dirty:               132 kB
Writeback:             0 kB
AnonPages:       1130228 kB
Mapped:           808876 kB
Shmem:             22292 kB
KReclaimable:     650260 kB
Slab:             205168 kB
SReclaimable:      67708 kB
SUnreclaim:       137460 kB
KernelStack:       42368 kB
PageTables:        56372 kB
NFS_Unstable:          0 kB
Bounce:                0 kB
WritebackTmp:          0 kB
CommitLimit:     9202292 kB
Committed_AS:   57855100 kB
VmallocTotal:   263061440 kB
VmallocUsed:       99248 kB
VmallocChunk:          0 kB
Percpu:             7616 kB
CmaTotal:         294912 kB
CmaFree:               0 kB
MemTotal:       12113140 kB
MemFree:         6856532 kB
MemAvailable:    8246780 kB
Buffers:            6160 kB
Cached:          1629344 kB
SwapCached:            0 kB
Active:          1338820 kB
Inactive:        1421828 kB
Active(anon):    1131604 kB
Inactive(anon):    20352 kB
Active(file):     207216 kB
Inactive(file):  1401476 kB
Unevictable:        5556 kB
Mlocked:            5556 kB
SwapTotal:       3145724 kB
SwapFree:        3145724 kB
Dirty:               132 kB
Writeback:             0 kB
AnonPages:       1130772 kB
Mapped:           809132 kB
Shmem:             22292 kB
KReclaimable:     650260 kB
Slab:             205172 kB
SReclaimable:      67708 kB
SUnreclaim:       137464 kB
KernelStack:       42368 kB
PageTables:        56368 kB
NFS_Unstable:          0 kB
Bounce:                0 kB
WritebackTmp:          0 kB
CommitLimit:     9202292 kB
Committed_AS:   57854660 kB
VmallocTotal:   263061440 kB
VmallocUsed:       99248 kB
VmallocChunk:          0 kB
Percpu:             7616 kB
CmaTotal:         294912 kB
CmaFree:               0 kB
MemTotal:       12113140 kB
MemFree:         6855932 kB
MemAvailable:    8246180 kB
Buffers:            6160 kB
Cached:          1629344 kB
SwapCached:            0 kB
Active:          1338848 kB
Inactive:        1421828 kB
Active(anon):    1131632 kB
Inactive(anon):    20352 kB
Active(file):     207216 kB
Inactive(file):  1401476 kB
Unevictable:        5556 kB
Mlocked:            5556 kB
SwapTotal:       3145724 kB
SwapFree:        3145724 kB
Dirty:               132 kB
Writeback:             0 kB
AnonPages:       1130428 kB
Mapped:           808932 kB
Shmem:             22292 kB
KReclaimable:     650260 kB
Slab:             205172 kB
SReclaimable:      67708 kB
SUnreclaim:       137464 kB
KernelStack:       42368 kB
PageTables:        56420 kB
NFS_Unstable:          0 kB
Bounce:                0 kB
WritebackTmp:          0 kB
CommitLimit:     9202292 kB
Committed_AS:   57855056 kB
VmallocTotal:   263061440 kB
VmallocUsed:       99248 kB
VmallocChunk:          0 kB
Percpu:             7616 kB
CmaTotal:         294912 kB
CmaFree:               0 kB
MemTotal:       12113140 kB
MemFree:         6855588 kB
MemAvailable:    8245840 kB
Buffers:            6160 kB
Cached:          1629348 kB
SwapCached:            0 kB
Active:          1339228 kB
Inactive:        1421832 kB
Active(anon):    1132012 kB
Inactive(anon):    20352 kB
Active(file):     207216 kB
Inactive(file):  1401480 kB
Unevictable:        5556 kB
Mlocked:            5556 kB
SwapTotal:       3145724 kB
SwapFree:        3145724 kB
Dirty:               152 kB
Writeback:             0 kB
AnonPages:       1131232 kB
Mapped:           809132 kB
Shmem:             22292 kB
KReclaimable:     650260 kB
Slab:             205172 kB
SReclaimable:      67708 kB
SUnreclaim:       137464 kB
KernelStack:       42368 kB
PageTables:        56368 kB
NFS_Unstable:          0 kB
Bounce:                0 kB
WritebackTmp:          0 kB
CommitLimit:     9202292 kB
Committed_AS:   57854872 kB
VmallocTotal:   263061440 kB
VmallocUsed:       99248 kB
VmallocChunk:          0 kB
Percpu:             7616 kB
CmaTotal:         294912 kB
CmaFree:               0 kB
MemTotal:       12113140 kB
MemFree:         6855528 kB
MemAvailable:    8245780 kB
Buffers:            6160 kB
Cached:          1629348 kB
SwapCached:            0 kB
Active:          1339964 kB
Inactive:        1421832 kB
Active(anon):    1132748 kB
Inactive(anon):    20352 kB
Active(file):     207216 kB
Inactive(file):  1401480 kB
Unevictable:        5556 kB
Mlocked:            5556 kB
SwapTotal:       3145724 kB
SwapFree:        3145724 kB
Dirty:               152 kB
Writeback:             0 kB
AnonPages:       1131604 kB
Mapped:           808932 kB
Shmem:             22292 kB
KReclaimable:     650260 kB
Slab:             205172 kB
SReclaimable:      67708 kB
SUnreclaim:       137464 kB
KernelStack:       42352 kB
PageTables:        56400 kB
NFS_Unstable:          0 kB
Bounce:                0 kB
WritebackTmp:          0 kB
CommitLimit:     9202292 kB
Committed_AS:   57854784 kB
VmallocTotal:   263061440 kB
VmallocUsed:       99200 kB
VmallocChunk:          0 kB
Percpu:             7616 kB
CmaTotal:         294912 kB
CmaFree:               0 kB
MemTotal:       12113140 kB
MemFree:         6855304 kB
MemAvailable:    8245556 kB
Buffers:            6160 kB
Cached:          1629348 kB
SwapCached:            0 kB
Active:          1340524 kB
Inactive:        1421832 kB
Active(anon):    1133308 kB
Inactive(anon):    20352 kB
Active(file):     207216 kB
Inactive(file):  1401480 kB
Unevictable:        5556 kB
Mlocked:            5556 kB
SwapTotal:       3145724 kB
SwapFree:        3145724 kB
Dirty:               156 kB
Writeback:             0 kB
AnonPages:       1132408 kB
Mapped:           808872 kB
Shmem:             22292 kB
KReclaimable:     650260 kB
Slab:             205176 kB
SReclaimable:      67708 kB
SUnreclaim:       137468 kB
KernelStack:       42304 kB
PageTables:        56368 kB
NFS_Unstable:          0 kB
Bounce:                0 kB
WritebackTmp:          0 kB
CommitLimit:     9202292 kB
Committed_AS:   57853960 kB
VmallocTotal:   263061440 kB
VmallocUsed:       99200 kB
VmallocChunk:          0 kB
Percpu:             7616 kB
CmaTotal:         294912 kB
CmaFree:               0 kB
MemTotal:       12113140 kB
MemFree:         6854704 kB
MemAvailable:    8244956 kB
Buffers:            6160 kB
Cached:          1629356 kB
SwapCached:            0 kB
Active:          1341156 kB
Inactive:        1421840 kB
Active(anon):    1133940 kB
Inactive(anon):    20360 kB
Active(file):     207216 kB
Inactive(file):  1401480 kB
Unevictable:        5556 kB
Mlocked:            5556 kB
SwapTotal:       3145724 kB
SwapFree:        3145724 kB
Dirty:               152 kB
Writeback:             0 kB
AnonPages:       1132820 kB
Mapped:           808880 kB
Shmem:             22300 kB
KReclaimable:     650260 kB
Slab:             205176 kB
SReclaimable:      67708 kB
SUnreclaim:       137468 kB
KernelStack:       42304 kB
PageTables:        56368 kB
NFS_Unstable:          0 kB
Bounce:                0 kB
WritebackTmp:          0 kB
CommitLimit:     9202292 kB
Committed_AS:   57854928 kB
VmallocTotal:   263061440 kB
VmallocUsed:       99200 kB
VmallocChunk:          0 kB
Percpu:             7616 kB
CmaTotal:         294912 kB
CmaFree:               0 kB
MemTotal:       12113140 kB
MemFree:         6854044 kB
MemAvailable:    8244296 kB
Buffers:            6168 kB
Cached:          1629348 kB
SwapCached:            0 kB
Active:          1341148 kB
Inactive:        1421840 kB
Active(anon):    1133932 kB
Inactive(anon):    20360 kB
Active(file):     207216 kB
Inactive(file):  1401480 kB
Unevictable:        5556 kB
Mlocked:            5556 kB
SwapTotal:       3145724 kB
SwapFree:        3145724 kB
Dirty:               152 kB
Writeback:             0 kB
AnonPages:       1133352 kB
Mapped:           809144 kB
Shmem:             22300 kB
KReclaimable:     650260 kB
Slab:             205176 kB
SReclaimable:      67708 kB
SUnreclaim:       137468 kB
KernelStack:       42320 kB
PageTables:        56372 kB
NFS_Unstable:          0 kB
Bounce:                0 kB
WritebackTmp:          0 kB
CommitLimit:     9202292 kB
Committed_AS:   57861100 kB
VmallocTotal:   263061440 kB
VmallocUsed:       99200 kB
VmallocChunk:          0 kB
Percpu:             7616 kB
CmaTotal:         294912 kB
CmaFree:               0 kB
MemTotal:       12113140 kB
MemFree:         6853920 kB
MemAvailable:    8244188 kB
Buffers:            6168 kB
Cached:          1629364 kB
SwapCached:            0 kB
Active:          1341900 kB
Inactive:        1421848 kB
Active(anon):    1134676 kB
Inactive(anon):    20360 kB
Active(file):     207224 kB
Inactive(file):  1401488 kB
Unevictable:        5556 kB
Mlocked:            5556 kB
SwapTotal:       3145724 kB
SwapFree:        3145724 kB
Dirty:               132 kB
Writeback:             0 kB
AnonPages:       1133952 kB
Mapped:           808884 kB
Shmem:             22300 kB
KReclaimable:     650260 kB
Slab:             205176 kB
SReclaimable:      67708 kB
SUnreclaim:       137468 kB
KernelStack:       42320 kB
PageTables:        56372 kB
NFS_Unstable:          0 kB
Bounce:                0 kB
WritebackTmp:          0 kB
CommitLimit:     9202292 kB
Committed_AS:   57855660 kB
VmallocTotal:   263061440 kB
VmallocUsed:       99168 kB
VmallocChunk:          0 kB
Percpu:             7616 kB
CmaTotal:         294912 kB
CmaFree:               0 kB
MemTotal:       12113140 kB
MemFree:         6854388 kB
MemAvailable:    8244656 kB
Buffers:            6168 kB
Cached:          1629364 kB
SwapCached:            0 kB
Active:          1342164 kB
Inactive:        1421848 kB
Active(anon):    1134940 kB
Inactive(anon):    20360 kB
Active(file):     207224 kB
Inactive(file):  1401488 kB
Unevictable:        5556 kB
Mlocked:            5556 kB
SwapTotal:       3145724 kB
SwapFree:        3145724 kB
Dirty:               132 kB
Writeback:             0 kB
AnonPages:       1133804 kB
Mapped:           809144 kB
Shmem:             22300 kB
KReclaimable:     650260 kB
Slab:             205176 kB
SReclaimable:      67708 kB
SUnreclaim:       137468 kB
KernelStack:       42272 kB
PageTables:        56372 kB
NFS_Unstable:          0 kB
Bounce:                0 kB
WritebackTmp:          0 kB
CommitLimit:     9202292 kB
Committed_AS:   57855528 kB
VmallocTotal:   263061440 kB
VmallocUsed:       99184 kB
VmallocChunk:          0 kB
Percpu:             7616 kB
CmaTotal:         294912 kB
CmaFree:               0 kB
MemTotal:       12113140 kB
MemFree:         6853100 kB
MemAvailable:    8243368 kB
Buffers:            6168 kB
Cached:          1629364 kB
SwapCached:            0 kB
Active:          1342408 kB
Inactive:        1421848 kB
Active(anon):    1135184 kB
Inactive(anon):    20360 kB
Active(file):     207224 kB
Inactive(file):  1401488 kB
Unevictable:        5556 kB
Mlocked:            5556 kB
SwapTotal:       3145724 kB
SwapFree:        3145724 kB
Dirty:               152 kB
Writeback:             0 kB
AnonPages:       1134432 kB
Mapped:           809144 kB
Shmem:             22300 kB
KReclaimable:     650260 kB
Slab:             205180 kB
SReclaimable:      67708 kB
SUnreclaim:       137472 kB
KernelStack:       42320 kB
PageTables:        56372 kB
NFS_Unstable:          0 kB
Bounce:                0 kB
WritebackTmp:          0 kB
CommitLimit:     9202292 kB
Committed_AS:   57860916 kB
VmallocTotal:   263061440 kB
VmallocUsed:       99184 kB
VmallocChunk:          0 kB
Percpu:             7616 kB
CmaTotal:         294912 kB
CmaFree:               0 kB
MemTotal:       12113140 kB
MemFree:         6852836 kB
MemAvailable:    8243104 kB
Buffers:            6168 kB
Cached:          1629364 kB
SwapCached:            0 kB
Active:          1343240 kB
Inactive:        1421848 kB
Active(anon):    1136016 kB
Inactive(anon):    20360 kB
Active(file):     207224 kB
Inactive(file):  1401488 kB
Unevictable:        5556 kB
Mlocked:            5556 kB
SwapTotal:       3145724 kB
SwapFree:        3145724 kB
Dirty:               160 kB
Writeback:             0 kB
AnonPages:       1134904 kB
Mapped:           809148 kB
Shmem:             22300 kB
KReclaimable:     650260 kB
Slab:             205180 kB
SReclaimable:      67708 kB
SUnreclaim:       137472 kB
KernelStack:       42320 kB
PageTables:        56376 kB
NFS_Unstable:          0 kB
Bounce:                0 kB
WritebackTmp:          0 kB
CommitLimit:     9202292 kB
Committed_AS:   57855264 kB
VmallocTotal:   263061440 kB
VmallocUsed:       99184 kB
VmallocChunk:          0 kB
Percpu:             7616 kB
CmaTotal:         294912 kB
CmaFree:               0 kB
MemTotal:       12113140 kB
MemFree:         6852632 kB
MemAvailable:    8242900 kB
Buffers:            6168 kB
Cached:          1629364 kB
SwapCached:            0 kB
Active:          1343176 kB
Inactive:        1421848 kB
Active(anon):    1135952 kB
Inactive(anon):    20360 kB
Active(file):     207224 kB
Inactive(file):  1401488 kB
Unevictable:        5556 kB
Mlocked:            5556 kB
SwapTotal:       3145724 kB
SwapFree:        3145724 kB
Dirty:               160 kB
Writeback:             0 kB
AnonPages:       1135152 kB
Mapped:           808880 kB
Shmem:             22300 kB
KReclaimable:     650260 kB
Slab:             205184 kB
SReclaimable:      67708 kB
SUnreclaim:       137476 kB
KernelStack:       42304 kB
PageTables:        56368 kB
NFS_Unstable:          0 kB
Bounce:                0 kB
WritebackTmp:          0 kB
CommitLimit:     9202292 kB
Committed_AS:   57850264 kB
VmallocTotal:   263061440 kB
VmallocUsed:       99200 kB
VmallocChunk:          0 kB
Percpu:             7616 kB
CmaTotal:         294912 kB
CmaFree:               0 kB
MemTotal:       12113140 kB
MemFree:         6852368 kB
MemAvailable:    8242636 kB
Buffers:            6168 kB
Cached:          1629364 kB
SwapCached:            0 kB
Active:          1344172 kB
Inactive:        1421848 kB
Active(anon):    1136948 kB
Inactive(anon):    20360 kB
Active(file):     207224 kB
Inactive(file):  1401488 kB
Unevictable:        5556 kB
Mlocked:            5556 kB
SwapTotal:       3145724 kB
SwapFree:        3145724 kB
Dirty:               164 kB
Writeback:             0 kB
AnonPages:       1136128 kB
Mapped:           809060 kB
Shmem:             22300 kB
KReclaimable:     650260 kB
Slab:             205184 kB
SReclaimable:      67708 kB
SUnreclaim:       137476 kB
KernelStack:       42276 kB
PageTables:        56248 kB
NFS_Unstable:          0 kB
Bounce:                0 kB
WritebackTmp:          0 kB
CommitLimit:     9202292 kB
Committed_AS:   57850548 kB
VmallocTotal:   263061440 kB
VmallocUsed:       99136 kB
VmallocChunk:          0 kB
Percpu:             7616 kB
CmaTotal:         294912 kB
CmaFree:               0 kB
MemTotal:       12113140 kB
MemFree:         6851352 kB
MemAvailable:    8241620 kB
Buffers:            6168 kB
Cached:          1629364 kB
SwapCached:            0 kB
Active:          1343864 kB
Inactive:        1421848 kB
Active(anon):    1136640 kB
Inactive(anon):    20360 kB
Active(file):     207224 kB
Inactive(file):  1401488 kB
Unevictable:        5556 kB
Mlocked:            5556 kB
SwapTotal:       3145724 kB
SwapFree:        3145724 kB
Dirty:               164 kB
Writeback:             0 kB
AnonPages:       1135896 kB
Mapped:           809140 kB
Shmem:             22300 kB
KReclaimable:     650260 kB
Slab:             205184 kB
SReclaimable:      67708 kB
SUnreclaim:       137476 kB
KernelStack:       42224 kB
PageTables:        56368 kB
NFS_Unstable:          0 kB
Bounce:                0 kB
WritebackTmp:          0 kB
CommitLimit:     9202292 kB
Committed_AS:   57849868 kB
VmallocTotal:   263061440 kB
VmallocUsed:       99120 kB
VmallocChunk:          0 kB
Percpu:             7616 kB
CmaTotal:         294912 kB
CmaFree:               0 kB
MemTotal:       12113140 kB
MemFree:         6850752 kB
MemAvailable:    8241020 kB
Buffers:            6168 kB
Cached:          1629364 kB
SwapCached:            0 kB
Active:          1344420 kB
Inactive:        1421848 kB
Active(anon):    1137196 kB
Inactive(anon):    20360 kB
Active(file):     207224 kB
Inactive(file):  1401488 kB
Unevictable:        5556 kB
Mlocked:            5556 kB
SwapTotal:       3145724 kB
SwapFree:        3145724 kB
Dirty:               168 kB
Writeback:             0 kB
AnonPages:       1136444 kB
Mapped:           809048 kB
Shmem:             22300 kB
KReclaimable:     650260 kB
Slab:             205184 kB
SReclaimable:      67708 kB
SUnreclaim:       137476 kB
KernelStack:       42256 kB
PageTables:        56396 kB
NFS_Unstable:          0 kB
Bounce:                0 kB
WritebackTmp:          0 kB
CommitLimit:     9202292 kB
Committed_AS:   57850864 kB
VmallocTotal:   263061440 kB
VmallocUsed:       99104 kB
VmallocChunk:          0 kB
Percpu:             7616 kB
CmaTotal:         294912 kB
CmaFree:               0 kB
MemTotal:       12113140 kB
MemFree:         6850468 kB
MemAvailable:    8240752 kB
Buffers:            6168 kB
Cached:          1629400 kB
SwapCached:            0 kB
Active:          1344648 kB
Inactive:        1421880 kB
Active(anon):    1137420 kB
Inactive(anon):    20380 kB
Active(file):     207228 kB
Inactive(file):  1401500 kB
Unevictable:        5556 kB
Mlocked:            5556 kB
SwapTotal:       3145724 kB
SwapFree:        3145724 kB
Dirty:               180 kB
Writeback:             0 kB
AnonPages:       1136640 kB
Mapped:           808924 kB
Shmem:             22320 kB
KReclaimable:     650260 kB
Slab:             205184 kB
SReclaimable:      67708 kB
SUnreclaim:       137476 kB
KernelStack:       42208 kB
PageTables:        56392 kB
NFS_Unstable:          0 kB
Bounce:                0 kB
WritebackTmp:          0 kB
CommitLimit:     9202292 kB
Committed_AS:   57850776 kB
VmallocTotal:   263061440 kB
VmallocUsed:       99088 kB
VmallocChunk:          0 kB
Percpu:             7616 kB
CmaTotal:         294912 kB
CmaFree:              12 kB
MemTotal:       12113140 kB
MemFree:         6850264 kB
MemAvailable:    8240536 kB
Buffers:            6168 kB
Cached:          1629388 kB
SwapCached:            0 kB
Active:          1345124 kB
Inactive:        1421872 kB
Active(anon):    1137900 kB
Inactive(anon):    20380 kB
Active(file):     207224 kB
Inactive(file):  1401492 kB
Unevictable:        5556 kB
Mlocked:            5556 kB
SwapTotal:       3145724 kB
SwapFree:        3145724 kB
Dirty:               200 kB
Writeback:             0 kB
AnonPages:       1136992 kB
Mapped:           809072 kB
Shmem:             22320 kB
KReclaimable:     650260 kB
Slab:             205188 kB
SReclaimable:      67708 kB
SUnreclaim:       137480 kB
KernelStack:       42240 kB
PageTables:        56408 kB
NFS_Unstable:          0 kB
Bounce:                0 kB
WritebackTmp:          0 kB
CommitLimit:     9202292 kB
Committed_AS:   57845804 kB
VmallocTotal:   263061440 kB
VmallocUsed:       99072 kB
VmallocChunk:          0 kB
Percpu:             7616 kB
CmaTotal:         294912 kB
CmaFree:               0 kB
MemTotal:       12113140 kB
MemFree:         6850080 kB
MemAvailable:    8240368 kB
Buffers:            6168 kB
Cached:          1629404 kB
SwapCached:            0 kB
Active:          1345980 kB
Inactive:        1421884 kB
Active(anon):    1138752 kB
Inactive(anon):    20380 kB
Active(file):     207228 kB
Inactive(file):  1401504 kB
Unevictable:        5556 kB
Mlocked:            5556 kB
SwapTotal:       3145724 kB
SwapFree:        3145724 kB
Dirty:               244 kB
Writeback:             0 kB
AnonPages:       1137996 kB
Mapped:           809164 kB
Shmem:             22320 kB
KReclaimable:     650260 kB
Slab:             205188 kB
SReclaimable:      67708 kB
SUnreclaim:       137480 kB
KernelStack:       42208 kB
PageTables:        56372 kB
NFS_Unstable:          0 kB
Bounce:                0 kB
WritebackTmp:          0 kB
CommitLimit:     9202292 kB
Committed_AS:   57851568 kB
VmallocTotal:   263061440 kB
VmallocUsed:       99056 kB
VmallocChunk:          0 kB
Percpu:             7616 kB
CmaTotal:         294912 kB
CmaFree:               0 kB
MemTotal:       12113140 kB
MemFree:         6849928 kB
MemAvailable:    8240200 kB
Buffers:            6168 kB
Cached:          1629388 kB
SwapCached:            0 kB
Active:          1346052 kB
Inactive:        1421872 kB
Active(anon):    1138828 kB
Inactive(anon):    20380 kB
Active(file):     207224 kB
Inactive(file):  1401492 kB
Unevictable:        5556 kB
Mlocked:            5556 kB
SwapTotal:       3145724 kB
SwapFree:        3145724 kB
Dirty:               236 kB
Writeback:             0 kB
AnonPages:       1137956 kB
Mapped:           808908 kB
Shmem:             22320 kB
KReclaimable:     650260 kB
Slab:             205188 kB
SReclaimable:      67708 kB
SUnreclaim:       137480 kB
KernelStack:       42240 kB
PageTables:        56376 kB
NFS_Unstable:          0 kB
Bounce:                0 kB
WritebackTmp:          0 kB
CommitLimit:     9202292 kB
Committed_AS:   57851260 kB
VmallocTotal:   263061440 kB
VmallocUsed:       99040 kB
VmallocChunk:          0 kB
Percpu:             7616 kB
CmaTotal:         294912 kB
CmaFree:               0 kB
MemTotal:       12113140 kB
MemFree:         6850264 kB
MemAvailable:    8240536 kB
Buffers:            6168 kB
Cached:          1629388 kB
SwapCached:            0 kB
Active:          1345104 kB
Inactive:        1421872 kB
Active(anon):    1137880 kB
Inactive(anon):    20380 kB
Active(file):     207224 kB
Inactive(file):  1401492 kB
Unevictable:        5556 kB
Mlocked:            5556 kB
SwapTotal:       3145724 kB
SwapFree:        3145724 kB
Dirty:               236 kB
Writeback:             0 kB
AnonPages:       1136920 kB
Mapped:           808904 kB
Shmem:             22320 kB
KReclaimable:     650260 kB
Slab:             205188 kB
SReclaimable:      67708 kB
SUnreclaim:       137480 kB
KernelStack:       42192 kB
PageTables:        56500 kB
NFS_Unstable:          0 kB
Bounce:                0 kB
WritebackTmp:          0 kB
CommitLimit:     9202292 kB
Committed_AS:   57845996 kB
VmallocTotal:   263061440 kB
VmallocUsed:       99040 kB
VmallocChunk:          0 kB
Percpu:             7616 kB
CmaTotal:         294912 kB
CmaFree:              72 kB
MemTotal:       12113140 kB
MemFree:         6850272 kB
MemAvailable:    8240544 kB
Buffers:            6168 kB
Cached:          1629388 kB
SwapCached:            0 kB
Active:          1345180 kB
Inactive:        1421872 kB
Active(anon):    1137956 kB
Inactive(anon):    20380 kB
Active(file):     207224 kB
Inactive(file):  1401492 kB
Unevictable:        5556 kB
Mlocked:            5556 kB
SwapTotal:       3145724 kB
SwapFree:        3145724 kB
Dirty:               240 kB
Writeback:             0 kB
AnonPages:       1137192 kB
Mapped:           809160 kB
Shmem:             22320 kB
KReclaimable:     650260 kB
Slab:             205188 kB
SReclaimable:      67708 kB
SUnreclaim:       137480 kB
KernelStack:       42160 kB
PageTables:        56364 kB
NFS_Unstable:          0 kB
Bounce:                0 kB
WritebackTmp:          0 kB
CommitLimit:     9202292 kB
Committed_AS:   57845644 kB
VmallocTotal:   263061440 kB
VmallocUsed:       99024 kB
VmallocChunk:          0 kB
Percpu:             7616 kB
CmaTotal:         294912 kB
CmaFree:               0 kB
MemTotal:       12113140 kB
MemFree:         6849832 kB
MemAvailable:    8240096 kB
Buffers:            6168 kB
Cached:          1629380 kB
SwapCached:            0 kB
Active:          1345772 kB
Inactive:        1421868 kB
Active(anon):    1138552 kB
Inactive(anon):    20380 kB
Active(file):     207220 kB
Inactive(file):  1401488 kB
Unevictable:        5556 kB
Mlocked:            5556 kB
SwapTotal:       3145724 kB
SwapFree:        3145724 kB
Dirty:               232 kB
Writeback:             0 kB
AnonPages:       1137812 kB
Mapped:           808924 kB
Shmem:             22320 kB
KReclaimable:     650260 kB
Slab:             205188 kB
SReclaimable:      67708 kB
SUnreclaim:       137480 kB
KernelStack:       42208 kB
PageTables:        56480 kB
NFS_Unstable:          0 kB
Bounce:                0 kB
WritebackTmp:          0 kB
CommitLimit:     9202292 kB
Committed_AS:   57847452 kB
VmallocTotal:   263061440 kB
VmallocUsed:       99008 kB
VmallocChunk:          0 kB
Percpu:             7616 kB
CmaTotal:         294912 kB
CmaFree:               0 kB
MemTotal:       12113140 kB
MemFree:         6862588 kB
MemAvailable:    8252860 kB
Buffers:            6176 kB
Cached:          1629380 kB
SwapCached:            0 kB
Active:          1333348 kB
Inactive:        1421872 kB
Active(anon):    1126124 kB
Inactive(anon):    20380 kB
Active(file):     207224 kB
Inactive(file):  1401492 kB
Unevictable:        5556 kB
Mlocked:            5556 kB
SwapTotal:       3145724 kB
SwapFree:        3145724 kB
Dirty:               240 kB
Writeback:             0 kB
AnonPages:       1124964 kB
Mapped:           809168 kB
Shmem:             22320 kB
KReclaimable:     650260 kB
Slab:             205192 kB
SReclaimable:      67708 kB
SUnreclaim:       137484 kB
KernelStack:       42160 kB
PageTables:        56372 kB
NFS_Unstable:          0 kB
Bounce:                0 kB
WritebackTmp:          0 kB
CommitLimit:     9202292 kB
Committed_AS:   57847372 kB
VmallocTotal:   263061440 kB
VmallocUsed:       99008 kB
VmallocChunk:          0 kB
Percpu:             7616 kB
CmaTotal:         294912 kB
CmaFree:             108 kB
MemTotal:       12113140 kB
MemFree:         6861672 kB
MemAvailable:    8251960 kB
Buffers:            6176 kB
Cached:          1629396 kB
SwapCached:            0 kB
Active:          1333540 kB
Inactive:        1421880 kB
Active(anon):    1126308 kB
Inactive(anon):    20380 kB
Active(file):     207232 kB
Inactive(file):  1401500 kB
Unevictable:        5556 kB
Mlocked:            5556 kB
SwapTotal:       3145724 kB
SwapFree:        3145724 kB
Dirty:               228 kB
Writeback:             0 kB
AnonPages:       1125540 kB
Mapped:           808904 kB
Shmem:             22320 kB
KReclaimable:     650260 kB
Slab:             205196 kB
SReclaimable:      67708 kB
SUnreclaim:       137488 kB
KernelStack:       42160 kB
PageTables:        56368 kB
NFS_Unstable:          0 kB
Bounce:                0 kB
WritebackTmp:          0 kB
CommitLimit:     9202292 kB
Committed_AS:   57847108 kB
VmallocTotal:   263061440 kB
VmallocUsed:       99008 kB
VmallocChunk:          0 kB
Percpu:             7616 kB
CmaTotal:         294912 kB
CmaFree:               0 kB
MemTotal:       12113140 kB
MemFree:         6860964 kB
MemAvailable:    8251252 kB
Buffers:            6176 kB
Cached:          1629396 kB
SwapCached:            0 kB
Active:          1334552 kB
Inactive:        1421880 kB
Active(anon):    1127320 kB
Inactive(anon):    20380 kB
Active(file):     207232 kB
Inactive(file):  1401500 kB
Unevictable:        5556 kB
Mlocked:            5556 kB
SwapTotal:       3145724 kB
SwapFree:        3145724 kB
Dirty:               228 kB
Writeback:             0 kB
AnonPages:       1125884 kB
Mapped:           808668 kB
Shmem:             22320 kB
KReclaimable:     650260 kB
Slab:             205196 kB
SReclaimable:      67708 kB
SUnreclaim:       137488 kB
KernelStack:       42192 kB
PageTables:        56392 kB
NFS_Unstable:          0 kB
Bounce:                0 kB
WritebackTmp:          0 kB
CommitLimit:     9202292 kB
Committed_AS:   57852208 kB
VmallocTotal:   263061440 kB
VmallocUsed:       99008 kB
VmallocChunk:          0 kB
Percpu:             7616 kB
CmaTotal:         294912 kB
CmaFree:               0 kB
MemTotal:       12113140 kB
MemFree:         6860708 kB
MemAvailable:    8250996 kB
Buffers:            6176 kB
Cached:          1629396 kB
SwapCached:            0 kB
Active:          1334828 kB
Inactive:        1421880 kB
Active(anon):    1127596 kB
Inactive(anon):    20380 kB
Active(file):     207232 kB
Inactive(file):  1401500 kB
Unevictable:        5556 kB
Mlocked:            5556 kB
SwapTotal:       3145724 kB
SwapFree:        3145724 kB
Dirty:               228 kB
Writeback:             0 kB
AnonPages:       1126840 kB
Mapped:           809160 kB
Shmem:             22320 kB
KReclaimable:     650260 kB
Slab:             205196 kB
SReclaimable:      67708 kB
SUnreclaim:       137488 kB
KernelStack:       42160 kB
PageTables:        56364 kB
NFS_Unstable:          0 kB
Bounce:                0 kB
WritebackTmp:          0 kB
CommitLimit:     9202292 kB
Committed_AS:   57851616 kB
VmallocTotal:   263061440 kB
VmallocUsed:       99024 kB
VmallocChunk:          0 kB
Percpu:             7616 kB
CmaTotal:         294912 kB
CmaFree:               0 kB
MemTotal:       12113140 kB
MemFree:         6858884 kB
MemAvailable:    8249168 kB
Buffers:            6176 kB
Cached:          1629396 kB
SwapCached:            0 kB
Active:          1335908 kB
Inactive:        1421880 kB
Active(anon):    1128676 kB
Inactive(anon):    20380 kB
Active(file):     207232 kB
Inactive(file):  1401500 kB
Unevictable:        5556 kB
Mlocked:            5556 kB
SwapTotal:       3145724 kB
SwapFree:        3145724 kB
Dirty:               228 kB
Writeback:             0 kB
AnonPages:       1128000 kB
Mapped:           809160 kB
Shmem:             22320 kB
KReclaimable:     650256 kB
Slab:             205192 kB
SReclaimable:      67704 kB
SUnreclaim:       137488 kB
KernelStack:       42128 kB
PageTables:        56364 kB
NFS_Unstable:          0 kB
Bounce:                0 kB
WritebackTmp:          0 kB
CommitLimit:     9202292 kB
Committed_AS:   57851620 kB
VmallocTotal:   263061440 kB
VmallocUsed:       99040 kB
VmallocChunk:          0 kB
Percpu:             7616 kB
CmaTotal:         294912 kB
CmaFree:               0 kB
MemTotal:       12113140 kB
MemFree:         6858724 kB
MemAvailable:    8249008 kB
Buffers:            6176 kB
Cached:          1629396 kB
SwapCached:            0 kB
Active:          1335940 kB
Inactive:        1421880 kB
Active(anon):    1128708 kB
Inactive(anon):    20380 kB
Active(file):     207232 kB
Inactive(file):  1401500 kB
Unevictable:        5556 kB
Mlocked:            5556 kB
SwapTotal:       3145724 kB
SwapFree:        3145724 kB
Dirty:               236 kB
Writeback:             0 kB
AnonPages:       1127960 kB
Mapped:           808904 kB
Shmem:             22320 kB
KReclaimable:     650256 kB
Slab:             205180 kB
SReclaimable:      67704 kB
SUnreclaim:       137476 kB
KernelStack:       42176 kB
PageTables:        56368 kB
NFS_Unstable:          0 kB
Bounce:                0 kB
WritebackTmp:          0 kB
CommitLimit:     9202292 kB
Committed_AS:   57851224 kB
VmallocTotal:   263061440 kB
VmallocUsed:       99024 kB
VmallocChunk:          0 kB
Percpu:             7616 kB
CmaTotal:         294912 kB
CmaFree:               0 kB
MemTotal:       12113140 kB
MemFree:         6858184 kB
MemAvailable:    8248468 kB
Buffers:            6176 kB
Cached:          1629396 kB
SwapCached:            0 kB
Active:          1336196 kB
Inactive:        1421880 kB
Active(anon):    1128964 kB
Inactive(anon):    20380 kB
Active(file):     207232 kB
Inactive(file):  1401500 kB
Unevictable:        5556 kB
Mlocked:            5556 kB
SwapTotal:       3145724 kB
SwapFree:        3145724 kB
Dirty:               236 kB
Writeback:             0 kB
AnonPages:       1128048 kB
Mapped:           809168 kB
Shmem:             22320 kB
KReclaimable:     650256 kB
Slab:             205180 kB
SReclaimable:      67704 kB
SUnreclaim:       137476 kB
KernelStack:       42160 kB
PageTables:        56372 kB
NFS_Unstable:          0 kB
Bounce:                0 kB
WritebackTmp:          0 kB
CommitLimit:     9202292 kB
Committed_AS:   57850784 kB
VmallocTotal:   263061440 kB
VmallocUsed:       99024 kB
VmallocChunk:          0 kB
Percpu:             7616 kB
CmaTotal:         294912 kB
CmaFree:               0 kB
MemTotal:       12113140 kB
MemFree:         6859808 kB
MemAvailable:    8250092 kB
Buffers:            6176 kB
Cached:          1629396 kB
SwapCached:            0 kB
Active:          1335920 kB
Inactive:        1421880 kB
Active(anon):    1128688 kB
Inactive(anon):    20380 kB
Active(file):     207232 kB
Inactive(file):  1401500 kB
Unevictable:        5556 kB
Mlocked:            5556 kB
SwapTotal:       3145724 kB
SwapFree:        3145724 kB
Dirty:               240 kB
Writeback:             0 kB
AnonPages:       1127520 kB
Mapped:           808920 kB
Shmem:             22320 kB
KReclaimable:     650256 kB
Slab:             205184 kB
SReclaimable:      67704 kB
SUnreclaim:       137480 kB
KernelStack:       42192 kB
PageTables:        56352 kB
NFS_Unstable:          0 kB
Bounce:                0 kB
WritebackTmp:          0 kB
CommitLimit:     9202292 kB
Committed_AS:   57847804 kB
VmallocTotal:   263061440 kB
VmallocUsed:       99024 kB
VmallocChunk:          0 kB
Percpu:             7616 kB
CmaTotal:         294912 kB
CmaFree:               0 kB
MemTotal:       12113140 kB
MemFree:         6859532 kB
MemAvailable:    8249816 kB
Buffers:            6176 kB
Cached:          1629396 kB
SwapCached:            0 kB
Active:          1335936 kB
Inactive:        1421880 kB
Active(anon):    1128704 kB
Inactive(anon):    20380 kB
Active(file):     207232 kB
Inactive(file):  1401500 kB
Unevictable:        5556 kB
Mlocked:            5556 kB
SwapTotal:       3145724 kB
SwapFree:        3145724 kB
Dirty:               240 kB
Writeback:             0 kB
AnonPages:       1127892 kB
Mapped:           808948 kB
Shmem:             22320 kB
KReclaimable:     650256 kB
Slab:             205192 kB
SReclaimable:      67704 kB
SUnreclaim:       137488 kB
KernelStack:       42160 kB
PageTables:        56392 kB
NFS_Unstable:          0 kB
Bounce:                0 kB
WritebackTmp:          0 kB
CommitLimit:     9202292 kB
Committed_AS:   57847452 kB
VmallocTotal:   263061440 kB
VmallocUsed:       99024 kB
VmallocChunk:          0 kB
Percpu:             7616 kB
CmaTotal:         294912 kB
CmaFree:               0 kB
MemTotal:       12113140 kB
MemFree:         6859904 kB
MemAvailable:    8250192 kB
Buffers:            6176 kB
Cached:          1629400 kB
SwapCached:            0 kB
Active:          1336564 kB
Inactive:        1421884 kB
Active(anon):    1129332 kB
Inactive(anon):    20380 kB
Active(file):     207232 kB
Inactive(file):  1401504 kB
Unevictable:        5556 kB
Mlocked:            5556 kB
SwapTotal:       3145724 kB
SwapFree:        3145724 kB
Dirty:               240 kB
Writeback:             0 kB
AnonPages:       1128144 kB
Mapped:           808904 kB
Shmem:             22320 kB
KReclaimable:     650256 kB
Slab:             205184 kB
SReclaimable:      67704 kB
SUnreclaim:       137480 kB
KernelStack:       42160 kB
PageTables:        56368 kB
NFS_Unstable:          0 kB
Bounce:                0 kB
WritebackTmp:          0 kB
CommitLimit:     9202292 kB
Committed_AS:   57848372 kB
VmallocTotal:   263061440 kB
VmallocUsed:       99024 kB
VmallocChunk:          0 kB
Percpu:             7616 kB
CmaTotal:         294912 kB
CmaFree:               0 kB
MemTotal:       12113140 kB
MemFree:         6858648 kB
MemAvailable:    8248936 kB
Buffers:            6176 kB
Cached:          1629400 kB
SwapCached:            0 kB
Active:          1336892 kB
Inactive:        1421888 kB
Active(anon):    1129664 kB
Inactive(anon):    20380 kB
Active(file):     207228 kB
Inactive(file):  1401508 kB
Unevictable:        5556 kB
Mlocked:            5556 kB
SwapTotal:       3145724 kB
SwapFree:        3145724 kB
Dirty:               256 kB
Writeback:             0 kB
AnonPages:       1128816 kB
Mapped:           808908 kB
Shmem:             22320 kB
KReclaimable:     650256 kB
Slab:             205184 kB
SReclaimable:      67704 kB
SUnreclaim:       137480 kB
KernelStack:       42176 kB
PageTables:        56372 kB
NFS_Unstable:          0 kB
Bounce:                0 kB
WritebackTmp:          0 kB
CommitLimit:     9202292 kB
Committed_AS:   57848740 kB
VmallocTotal:   263061440 kB
VmallocUsed:       99008 kB
VmallocChunk:          0 kB
Percpu:             7616 kB
CmaTotal:         294912 kB
CmaFree:               0 kB
MemTotal:       12113140 kB
MemFree:         6858176 kB
MemAvailable:    8248472 kB
Buffers:            6176 kB
Cached:          1629408 kB
SwapCached:            0 kB
Active:          1337792 kB
Inactive:        1421892 kB
Active(anon):    1130560 kB
Inactive(anon):    20380 kB
Active(file):     207232 kB
Inactive(file):  1401512 kB
Unevictable:        5556 kB
Mlocked:            5556 kB
SwapTotal:       3145724 kB
SwapFree:        3145724 kB
Dirty:               260 kB
Writeback:             0 kB
AnonPages:       1130064 kB
Mapped:           808968 kB
Shmem:             22320 kB
KReclaimable:     650256 kB
Slab:             205176 kB
SReclaimable:      67704 kB
SUnreclaim:       137472 kB
KernelStack:       42176 kB
PageTables:        56388 kB
NFS_Unstable:          0 kB
Bounce:                0 kB
WritebackTmp:          0 kB
CommitLimit:     9202292 kB
Committed_AS:   57848432 kB
VmallocTotal:   263061440 kB
VmallocUsed:       99008 kB
VmallocChunk:          0 kB
Percpu:             7616 kB
CmaTotal:         294912 kB
CmaFree:               0 kB
MemTotal:       12113140 kB
MemFree:         6856720 kB
MemAvailable:    8247024 kB
Buffers:            6176 kB
Cached:          1629416 kB
SwapCached:            0 kB
Active:          1338240 kB
Inactive:        1421896 kB
Active(anon):    1131004 kB
Inactive(anon):    20380 kB
Active(file):     207236 kB
Inactive(file):  1401516 kB
Unevictable:        5556 kB
Mlocked:            5556 kB
SwapTotal:       3145724 kB
SwapFree:        3145724 kB
Dirty:               152 kB
Writeback:             0 kB
AnonPages:       1130064 kB
Mapped:           809200 kB
Shmem:             22320 kB
KReclaimable:     650256 kB
Slab:             205192 kB
SReclaimable:      67704 kB
SUnreclaim:       137488 kB
KernelStack:       42160 kB
PageTables:        56364 kB
NFS_Unstable:          0 kB
Bounce:                0 kB
WritebackTmp:          0 kB
CommitLimit:     9202292 kB
Committed_AS:   57848036 kB
VmallocTotal:   263061440 kB
VmallocUsed:       99008 kB
VmallocChunk:          0 kB
Percpu:             7616 kB
CmaTotal:         294912 kB
CmaFree:               0 kB
MemTotal:       12113140 kB
MemFree:         6856824 kB
MemAvailable:    8247120 kB
Buffers:            6176 kB
Cached:          1629408 kB
SwapCached:            0 kB
Active:          1339048 kB
Inactive:        1421892 kB
Active(anon):    1131816 kB
Inactive(anon):    20380 kB
Active(file):     207232 kB
Inactive(file):  1401512 kB
Unevictable:        5556 kB
Mlocked:            5556 kB
SwapTotal:       3145724 kB
SwapFree:        3145724 kB
Dirty:               148 kB
Writeback:             0 kB
AnonPages:       1130880 kB
Mapped:           808984 kB
Shmem:             22320 kB
KReclaimable:     650256 kB
Slab:             205192 kB
SReclaimable:      67704 kB
SUnreclaim:       137488 kB
KernelStack:       42176 kB
PageTables:        56388 kB
NFS_Unstable:          0 kB
Bounce:                0 kB
WritebackTmp:          0 kB
CommitLimit:     9202292 kB
Committed_AS:   57847684 kB
VmallocTotal:   263061440 kB
VmallocUsed:       99008 kB
VmallocChunk:          0 kB
Percpu:             7616 kB
CmaTotal:         294912 kB
CmaFree:               0 kB
MemTotal:       12113140 kB
MemFree:         6856600 kB
MemAvailable:    8246896 kB
Buffers:            6176 kB
Cached:          1629408 kB
SwapCached:            0 kB
Active:          1339256 kB
Inactive:        1421892 kB
Active(anon):    1132024 kB
Inactive(anon):    20380 kB
Active(file):     207232 kB
Inactive(file):  1401512 kB
Unevictable:        5556 kB
Mlocked:            5556 kB
SwapTotal:       3145724 kB
SwapFree:        3145724 kB
Dirty:               156 kB
Writeback:             0 kB
AnonPages:       1131012 kB
Mapped:           809132 kB
Shmem:             22320 kB
KReclaimable:     650256 kB
Slab:             205200 kB
SReclaimable:      67704 kB
SUnreclaim:       137496 kB
KernelStack:       42208 kB
PageTables:        56412 kB
NFS_Unstable:          0 kB
Bounce:                0 kB
WritebackTmp:          0 kB
CommitLimit:     9202292 kB
Committed_AS:   57847288 kB
VmallocTotal:   263061440 kB
VmallocUsed:       98992 kB
VmallocChunk:          0 kB
Percpu:             7616 kB
CmaTotal:         294912 kB
CmaFree:               0 kB
MemTotal:       12113140 kB
MemFree:         6855688 kB
MemAvailable:    8245988 kB
Buffers:            6184 kB
Cached:          1629404 kB
SwapCached:            0 kB
Active:          1339668 kB
Inactive:        1421892 kB
Active(anon):    1132432 kB
Inactive(anon):    20380 kB
Active(file):     207236 kB
Inactive(file):  1401512 kB
Unevictable:        5556 kB
Mlocked:            5556 kB
SwapTotal:       3145724 kB
SwapFree:        3145724 kB
Dirty:               160 kB
Writeback:             0 kB
AnonPages:       1131780 kB
Mapped:           809204 kB
Shmem:             22320 kB
KReclaimable:     650256 kB
Slab:             205192 kB
SReclaimable:      67704 kB
SUnreclaim:       137488 kB
KernelStack:       42160 kB
PageTables:        56368 kB
NFS_Unstable:          0 kB
Bounce:                0 kB
WritebackTmp:          0 kB
CommitLimit:     9202292 kB
Committed_AS:   57846848 kB
VmallocTotal:   263061440 kB
VmallocUsed:       99008 kB
VmallocChunk:          0 kB
Percpu:             7616 kB
CmaTotal:         294912 kB
CmaFree:               0 kB
MemTotal:       12113140 kB
MemFree:         6855312 kB
MemAvailable:    8245624 kB
Buffers:            6184 kB
Cached:          1629416 kB
SwapCached:            0 kB
Active:          1339088 kB
Inactive:        1421900 kB
Active(anon):    1131848 kB
Inactive(anon):    20380 kB
Active(file):     207240 kB
Inactive(file):  1401520 kB
Unevictable:        5556 kB
Mlocked:            5556 kB
SwapTotal:       3145724 kB
SwapFree:        3145724 kB
Dirty:               152 kB
Writeback:             0 kB
AnonPages:       1130964 kB
Mapped:           809152 kB
Shmem:             22320 kB
KReclaimable:     650256 kB
Slab:             205216 kB
SReclaimable:      67704 kB
SUnreclaim:       137512 kB
KernelStack:       42176 kB
PageTables:        56528 kB
NFS_Unstable:          0 kB
Bounce:                0 kB
WritebackTmp:          0 kB
CommitLimit:     9202292 kB
Committed_AS:   57846796 kB
VmallocTotal:   263061440 kB
VmallocUsed:       99024 kB
VmallocChunk:          0 kB
Percpu:             7616 kB
CmaTotal:         294912 kB
CmaFree:               0 kB
MemTotal:       12113140 kB
MemFree:         6855836 kB
MemAvailable:    8246148 kB
Buffers:            6184 kB
Cached:          1629416 kB
SwapCached:            0 kB
Active:          1339652 kB
Inactive:        1421900 kB
Active(anon):    1132412 kB
Inactive(anon):    20380 kB
Active(file):     207240 kB
Inactive(file):  1401520 kB
Unevictable:        5556 kB
Mlocked:            5556 kB
SwapTotal:       3145724 kB
SwapFree:        3145724 kB
Dirty:               152 kB
Writeback:             0 kB
AnonPages:       1131780 kB
Mapped:           809200 kB
Shmem:             22320 kB
KReclaimable:     650256 kB
Slab:             205196 kB
SReclaimable:      67704 kB
SUnreclaim:       137492 kB
KernelStack:       42160 kB
PageTables:        56364 kB
NFS_Unstable:          0 kB
Bounce:                0 kB
WritebackTmp:          0 kB
CommitLimit:     9202292 kB
Committed_AS:   57858652 kB
VmallocTotal:   263061440 kB
VmallocUsed:       99008 kB
VmallocChunk:          0 kB
Percpu:             7616 kB
CmaTotal:         294912 kB
CmaFree:               0 kB
MemTotal:       12113140 kB
MemFree:         6855600 kB
MemAvailable:    8245912 kB
Buffers:            6184 kB
Cached:          1629416 kB
SwapCached:            0 kB
Active:          1340236 kB
Inactive:        1421900 kB
Active(anon):    1132996 kB
Inactive(anon):    20380 kB
Active(file):     207240 kB
Inactive(file):  1401520 kB
Unevictable:        5556 kB
Mlocked:            5556 kB
SwapTotal:       3145724 kB
SwapFree:        3145724 kB
Dirty:               152 kB
Writeback:             0 kB
AnonPages:       1132176 kB
Mapped:           809200 kB
Shmem:             22320 kB
KReclaimable:     650256 kB
Slab:             205204 kB
SReclaimable:      67704 kB
SUnreclaim:       137500 kB
KernelStack:       42160 kB
PageTables:        56364 kB
NFS_Unstable:          0 kB
Bounce:                0 kB
WritebackTmp:          0 kB
CommitLimit:     9202292 kB
Committed_AS:   57858284 kB
VmallocTotal:   263061440 kB
VmallocUsed:       99024 kB
VmallocChunk:          0 kB
Percpu:             7616 kB
CmaTotal:         294912 kB
CmaFree:               0 kB
MemTotal:       12113140 kB
MemFree:         6854412 kB
MemAvailable:    8244724 kB
Buffers:            6184 kB
Cached:          1629416 kB
SwapCached:            0 kB
Active:          1340840 kB
Inactive:        1421900 kB
Active(anon):    1133600 kB
Inactive(anon):    20380 kB
Active(file):     207240 kB
Inactive(file):  1401520 kB
Unevictable:        5556 kB
Mlocked:            5556 kB
SwapTotal:       3145724 kB
SwapFree:        3145724 kB
Dirty:               152 kB
Writeback:             0 kB
AnonPages:       1132644 kB
Mapped:           808968 kB
Shmem:             22320 kB
KReclaimable:     650256 kB
Slab:             205196 kB
SReclaimable:      67704 kB
SUnreclaim:       137492 kB
KernelStack:       42208 kB
PageTables:        56388 kB
NFS_Unstable:          0 kB
Bounce:                0 kB
WritebackTmp:          0 kB
CommitLimit:     9202292 kB
Committed_AS:   57857888 kB
VmallocTotal:   263061440 kB
VmallocUsed:       99008 kB
VmallocChunk:          0 kB
Percpu:             7616 kB
CmaTotal:         294912 kB
CmaFree:               0 kB
MemTotal:       12113140 kB
MemFree:         6853932 kB
MemAvailable:    8244244 kB
Buffers:            6184 kB
Cached:          1629416 kB
SwapCached:            0 kB
Active:          1340980 kB
Inactive:        1421900 kB
Active(anon):    1133740 kB
Inactive(anon):    20380 kB
Active(file):     207240 kB
Inactive(file):  1401520 kB
Unevictable:        5556 kB
Mlocked:            5556 kB
SwapTotal:       3145724 kB
SwapFree:        3145724 kB
Dirty:               152 kB
Writeback:             0 kB
AnonPages:       1132652 kB
Mapped:           809080 kB
Shmem:             22320 kB
KReclaimable:     650256 kB
Slab:             205196 kB
SReclaimable:      67704 kB
SUnreclaim:       137492 kB
KernelStack:       42128 kB
PageTables:        56724 kB
NFS_Unstable:          0 kB
Bounce:                0 kB
WritebackTmp:          0 kB
CommitLimit:     9202292 kB
Committed_AS:   57852852 kB
VmallocTotal:   263061440 kB
VmallocUsed:       99008 kB
VmallocChunk:          0 kB
Percpu:             7616 kB
CmaTotal:         294912 kB
CmaFree:               0 kB
MemTotal:       12113140 kB
MemFree:         6853900 kB
MemAvailable:    8244212 kB
Buffers:            6184 kB
Cached:          1629416 kB
SwapCached:            0 kB
Active:          1341824 kB
Inactive:        1421900 kB
Active(anon):    1134584 kB
Inactive(anon):    20380 kB
Active(file):     207240 kB
Inactive(file):  1401520 kB
Unevictable:        5556 kB
Mlocked:            5556 kB
SwapTotal:       3145724 kB
SwapFree:        3145724 kB
Dirty:               152 kB
Writeback:             0 kB
AnonPages:       1133872 kB
Mapped:           809204 kB
Shmem:             22320 kB
KReclaimable:     650256 kB
Slab:             205204 kB
SReclaimable:      67704 kB
SUnreclaim:       137500 kB
KernelStack:       42176 kB
PageTables:        56368 kB
NFS_Unstable:          0 kB
Bounce:                0 kB
WritebackTmp:          0 kB
CommitLimit:     9202292 kB
Committed_AS:   57854292 kB
VmallocTotal:   263061440 kB
VmallocUsed:       99008 kB
VmallocChunk:          0 kB
Percpu:             7616 kB
CmaTotal:         294912 kB
CmaFree:               0 kB
MemTotal:       12113140 kB
MemFree:         6852792 kB
MemAvailable:    8243112 kB
Buffers:            6184 kB
Cached:          1629432 kB
SwapCached:            0 kB
Active:          1342312 kB
Inactive:        1421912 kB
Active(anon):    1135068 kB
Inactive(anon):    20388 kB
Active(file):     207244 kB
Inactive(file):  1401524 kB
Unevictable:        5556 kB
Mlocked:            5556 kB
SwapTotal:       3145724 kB
SwapFree:        3145724 kB
Dirty:               156 kB
Writeback:             0 kB
AnonPages:       1134396 kB
Mapped:           809208 kB
Shmem:             22328 kB
KReclaimable:     650256 kB
Slab:             205212 kB
SReclaimable:      67704 kB
SUnreclaim:       137508 kB
KernelStack:       42160 kB
PageTables:        56364 kB
NFS_Unstable:          0 kB
Bounce:                0 kB
WritebackTmp:          0 kB
CommitLimit:     9202292 kB
Committed_AS:   57853024 kB
VmallocTotal:   263061440 kB
VmallocUsed:       99024 kB
VmallocChunk:          0 kB
Percpu:             7616 kB
CmaTotal:         294912 kB
CmaFree:               0 kB
MemTotal:       12113140 kB
MemFree:         6853144 kB
MemAvailable:    8243448 kB
Buffers:            6184 kB
Cached:          1629416 kB
SwapCached:            0 kB
Active:          1343056 kB
Inactive:        1421904 kB
Active(anon):    1135820 kB
Inactive(anon):    20388 kB
Active(file):     207236 kB
Inactive(file):  1401516 kB
Unevictable:        5556 kB
Mlocked:            5556 kB
SwapTotal:       3145724 kB
SwapFree:        3145724 kB
Dirty:               144 kB
Writeback:             0 kB
AnonPages:       1135032 kB
Mapped:           808992 kB
Shmem:             22328 kB
KReclaimable:     650256 kB
Slab:             205212 kB
SReclaimable:      67704 kB
SUnreclaim:       137508 kB
KernelStack:       42192 kB
PageTables:        56392 kB
NFS_Unstable:          0 kB
Bounce:                0 kB
WritebackTmp:          0 kB
CommitLimit:     9202292 kB
Committed_AS:   57852776 kB
VmallocTotal:   263061440 kB
VmallocUsed:       99024 kB
VmallocChunk:          0 kB
Percpu:             7616 kB
CmaTotal:         294912 kB
CmaFree:               0 kB
MemTotal:       12113140 kB
MemFree:         6852796 kB
MemAvailable:    8243124 kB
Buffers:            6184 kB
Cached:          1629440 kB
SwapCached:            0 kB
Active:          1343084 kB
Inactive:        1421920 kB
Active(anon):    1135840 kB
Inactive(anon):    20388 kB
Active(file):     207244 kB
Inactive(file):  1401532 kB
Unevictable:        5556 kB
Mlocked:            5556 kB
SwapTotal:       3145724 kB
SwapFree:        3145724 kB
Dirty:               164 kB
Writeback:             0 kB
AnonPages:       1134880 kB
Mapped:           808996 kB
Shmem:             22328 kB
KReclaimable:     650256 kB
Slab:             205212 kB
SReclaimable:      67704 kB
SUnreclaim:       137508 kB
KernelStack:       42192 kB
PageTables:        56400 kB
NFS_Unstable:          0 kB
Bounce:                0 kB
WritebackTmp:          0 kB
CommitLimit:     9202292 kB
Committed_AS:   57857544 kB
VmallocTotal:   263061440 kB
VmallocUsed:       99024 kB
VmallocChunk:          0 kB
Percpu:             7616 kB
CmaTotal:         294912 kB
CmaFree:               0 kB
MemTotal:       12113140 kB
MemFree:         6852520 kB
MemAvailable:    8242840 kB
Buffers:            6184 kB
Cached:          1629432 kB
SwapCached:            0 kB
Active:          1343524 kB
Inactive:        1421916 kB
Active(anon):    1136284 kB
Inactive(anon):    20388 kB
Active(file):     207240 kB
Inactive(file):  1401528 kB
Unevictable:        5556 kB
Mlocked:            5556 kB
SwapTotal:       3145724 kB
SwapFree:        3145724 kB
Dirty:               168 kB
Writeback:             0 kB
AnonPages:       1135644 kB
Mapped:           808952 kB
Shmem:             22328 kB
KReclaimable:     650256 kB
Slab:             205212 kB
SReclaimable:      67704 kB
SUnreclaim:       137508 kB
KernelStack:       42160 kB
PageTables:        56372 kB
NFS_Unstable:          0 kB
Bounce:                0 kB
WritebackTmp:          0 kB
CommitLimit:     9202292 kB
Committed_AS:   57852736 kB
VmallocTotal:   263061440 kB
VmallocUsed:       99024 kB
VmallocChunk:          0 kB
Percpu:             7616 kB
CmaTotal:         294912 kB
CmaFree:               0 kB
MemTotal:       12113140 kB
MemFree:         6852208 kB
MemAvailable:    8242528 kB
Buffers:            6184 kB
Cached:          1629432 kB
SwapCached:            0 kB
Active:          1344032 kB
Inactive:        1421916 kB
Active(anon):    1136792 kB
Inactive(anon):    20388 kB
Active(file):     207240 kB
Inactive(file):  1401528 kB
Unevictable:        5556 kB
Mlocked:            5556 kB
SwapTotal:       3145724 kB
SwapFree:        3145724 kB
Dirty:               168 kB
Writeback:             0 kB
AnonPages:       1136100 kB
Mapped:           809124 kB
Shmem:             22328 kB
KReclaimable:     650256 kB
Slab:             205212 kB
SReclaimable:      67704 kB
SUnreclaim:       137508 kB
KernelStack:       42160 kB
PageTables:        56412 kB
NFS_Unstable:          0 kB
Bounce:                0 kB
WritebackTmp:          0 kB
CommitLimit:     9202292 kB
Committed_AS:   57857580 kB
VmallocTotal:   263061440 kB
VmallocUsed:       99024 kB
VmallocChunk:          0 kB
Percpu:             7616 kB
CmaTotal:         294912 kB
CmaFree:               0 kB
MemTotal:       12113140 kB
MemFree:         6850784 kB
MemAvailable:    8241104 kB
Buffers:            6184 kB
Cached:          1629436 kB
SwapCached:            0 kB
Active:          1344668 kB
Inactive:        1421920 kB
Active(anon):    1137428 kB
Inactive(anon):    20392 kB
Active(file):     207240 kB
Inactive(file):  1401528 kB
Unevictable:        5556 kB
Mlocked:            5556 kB
SwapTotal:       3145724 kB
SwapFree:        3145724 kB
Dirty:               168 kB
Writeback:             0 kB
AnonPages:       1136808 kB
Mapped:           808952 kB
Shmem:             22332 kB
KReclaimable:     650256 kB
Slab:             205216 kB
SReclaimable:      67704 kB
SUnreclaim:       137512 kB
KernelStack:       42160 kB
PageTables:        56368 kB
NFS_Unstable:          0 kB
Bounce:                0 kB
WritebackTmp:          0 kB
CommitLimit:     9202292 kB
Committed_AS:   57856900 kB
VmallocTotal:   263061440 kB
VmallocUsed:       99024 kB
VmallocChunk:          0 kB
Percpu:             7616 kB
CmaTotal:         294912 kB
CmaFree:               0 kB
MemTotal:       12113140 kB
MemFree:         6850496 kB
MemAvailable:    8240816 kB
Buffers:            6184 kB
Cached:          1629436 kB
SwapCached:            0 kB
Active:          1345136 kB
Inactive:        1421920 kB
Active(anon):    1137896 kB
Inactive(anon):    20392 kB
Active(file):     207240 kB
Inactive(file):  1401528 kB
Unevictable:        5556 kB
Mlocked:            5556 kB
SwapTotal:       3145724 kB
SwapFree:        3145724 kB
Dirty:               168 kB
Writeback:             0 kB
AnonPages:       1137092 kB
Mapped:           809104 kB
Shmem:             22332 kB
KReclaimable:     650256 kB
Slab:             205216 kB
SReclaimable:      67704 kB
SUnreclaim:       137512 kB
KernelStack:       42192 kB
PageTables:        56404 kB
NFS_Unstable:          0 kB
Bounce:                0 kB
WritebackTmp:          0 kB
CommitLimit:     9202292 kB
Committed_AS:   57856112 kB
VmallocTotal:   263061440 kB
VmallocUsed:       99024 kB
VmallocChunk:          0 kB
Percpu:             7616 kB
CmaTotal:         294912 kB
CmaFree:               0 kB
MemTotal:       12113140 kB
MemFree:         6851076 kB
MemAvailable:    8241388 kB
Buffers:            6184 kB
Cached:          1629428 kB
SwapCached:            0 kB
Active:          1346072 kB
Inactive:        1421916 kB
Active(anon):    1138836 kB
Inactive(anon):    20392 kB
Active(file):     207236 kB
Inactive(file):  1401524 kB
Unevictable:        5556 kB
Mlocked:            5556 kB
SwapTotal:       3145724 kB
SwapFree:        3145724 kB
Dirty:               168 kB
Writeback:             0 kB
AnonPages:       1138132 kB
Mapped:           809216 kB
Shmem:             22332 kB
KReclaimable:     650256 kB
Slab:             205216 kB
SReclaimable:      67704 kB
SUnreclaim:       137512 kB
KernelStack:       42224 kB
PageTables:        56504 kB
NFS_Unstable:          0 kB
Bounce:                0 kB
WritebackTmp:          0 kB
CommitLimit:     9202292 kB
Committed_AS:   57853160 kB
VmallocTotal:   263061440 kB
VmallocUsed:       99024 kB
VmallocChunk:          0 kB
Percpu:             7616 kB
CmaTotal:         294912 kB
CmaFree:               0 kB
MemTotal:       12113140 kB
MemFree:         6849964 kB
MemAvailable:    8240292 kB
Buffers:            6192 kB
Cached:          1629436 kB
SwapCached:            0 kB
Active:          1346076 kB
Inactive:        1421920 kB
Active(anon):    1138828 kB
Inactive(anon):    20392 kB
Active(file):     207248 kB
Inactive(file):  1401528 kB
Unevictable:        5556 kB
Mlocked:            5556 kB
SwapTotal:       3145724 kB
SwapFree:        3145724 kB
Dirty:               176 kB
Writeback:             0 kB
AnonPages:       1138148 kB
Mapped:           809148 kB
Shmem:             22332 kB
KReclaimable:     650256 kB
Slab:             205216 kB
SReclaimable:      67704 kB
SUnreclaim:       137512 kB
KernelStack:       42160 kB
PageTables:        56376 kB
NFS_Unstable:          0 kB
Bounce:                0 kB
WritebackTmp:          0 kB
CommitLimit:     9202292 kB
Committed_AS:   57853128 kB
VmallocTotal:   263061440 kB
VmallocUsed:       99040 kB
VmallocChunk:          0 kB
Percpu:             7616 kB
CmaTotal:         294912 kB
CmaFree:               0 kB
MemTotal:       12113140 kB
MemFree:         6849812 kB
MemAvailable:    8240140 kB
Buffers:            6192 kB
Cached:          1629436 kB
SwapCached:            0 kB
Active:          1346704 kB
Inactive:        1421924 kB
Active(anon):    1139460 kB
Inactive(anon):    20392 kB
Active(file):     207244 kB
Inactive(file):  1401532 kB
Unevictable:        5556 kB
Mlocked:            5556 kB
SwapTotal:       3145724 kB
SwapFree:        3145724 kB
Dirty:               156 kB
Writeback:             0 kB
AnonPages:       1138668 kB
Mapped:           808956 kB
Shmem:             22332 kB
KReclaimable:     650256 kB
Slab:             205216 kB
SReclaimable:      67704 kB
SUnreclaim:       137512 kB
KernelStack:       42144 kB
PageTables:        56372 kB
NFS_Unstable:          0 kB
Bounce:                0 kB
WritebackTmp:          0 kB
CommitLimit:     9202292 kB
Committed_AS:   57853084 kB
VmallocTotal:   263061440 kB
VmallocUsed:       99040 kB
VmallocChunk:          0 kB
Percpu:             7616 kB
CmaTotal:         294912 kB
CmaFree:               0 kB
MemTotal:       12113140 kB
MemFree:         6849940 kB
MemAvailable:    8240276 kB
Buffers:            6192 kB
Cached:          1629444 kB
SwapCached:            0 kB
Active:          1346688 kB
Inactive:        1421928 kB
Active(anon):    1139440 kB
Inactive(anon):    20392 kB
Active(file):     207248 kB
Inactive(file):  1401536 kB
Unevictable:        5556 kB
Mlocked:            5556 kB
SwapTotal:       3145724 kB
SwapFree:        3145724 kB
Dirty:               164 kB
Writeback:             0 kB
AnonPages:       1138664 kB
Mapped:           808960 kB
Shmem:             22332 kB
KReclaimable:     650256 kB
Slab:             205216 kB
SReclaimable:      67704 kB
SUnreclaim:       137512 kB
KernelStack:       42176 kB
PageTables:        56376 kB
NFS_Unstable:          0 kB
Bounce:                0 kB
WritebackTmp:          0 kB
CommitLimit:     9202292 kB
Committed_AS:   57847668 kB
VmallocTotal:   263061440 kB
VmallocUsed:       99040 kB
VmallocChunk:          0 kB
Percpu:             7616 kB
CmaTotal:         294912 kB
CmaFree:               0 kB
MemTotal:       12113140 kB
MemFree:         6849788 kB
MemAvailable:    8240124 kB
Buffers:            6192 kB
Cached:          1629444 kB
SwapCached:            0 kB
Active:          1346792 kB
Inactive:        1421928 kB
Active(anon):    1139544 kB
Inactive(anon):    20392 kB
Active(file):     207248 kB
Inactive(file):  1401536 kB
Unevictable:        5556 kB
Mlocked:            5556 kB
SwapTotal:       3145724 kB
SwapFree:        3145724 kB
Dirty:               164 kB
Writeback:             0 kB
AnonPages:       1138624 kB
Mapped:           808956 kB
Shmem:             22332 kB
KReclaimable:     650256 kB
Slab:             205220 kB
SReclaimable:      67704 kB
SUnreclaim:       137516 kB
KernelStack:       42160 kB
PageTables:        56368 kB
NFS_Unstable:          0 kB
Bounce:                0 kB
WritebackTmp:          0 kB
CommitLimit:     9202292 kB
Committed_AS:   57851148 kB
VmallocTotal:   263061440 kB
VmallocUsed:       99024 kB
VmallocChunk:          0 kB
Percpu:             7616 kB
CmaTotal:         294912 kB
CmaFree:               0 kB
MemTotal:       12113140 kB
MemFree:         6848740 kB
MemAvailable:    8239092 kB
Buffers:            6192 kB
Cached:          1629460 kB
SwapCached:            0 kB
Active:          1347644 kB
Inactive:        1421940 kB
Active(anon):    1140392 kB
Inactive(anon):    20392 kB
Active(file):     207252 kB
Inactive(file):  1401548 kB
Unevictable:        5556 kB
Mlocked:            5556 kB
SwapTotal:       3145724 kB
SwapFree:        3145724 kB
Dirty:               184 kB
Writeback:             0 kB
AnonPages:       1139604 kB
Mapped:           808952 kB
Shmem:             22332 kB
KReclaimable:     650256 kB
Slab:             205220 kB
SReclaimable:      67704 kB
SUnreclaim:       137516 kB
KernelStack:       42160 kB
PageTables:        56368 kB
NFS_Unstable:          0 kB
Bounce:                0 kB
WritebackTmp:          0 kB
CommitLimit:     9202292 kB
Committed_AS:   57854748 kB
VmallocTotal:   263061440 kB
VmallocUsed:       99040 kB
VmallocChunk:          0 kB
Percpu:             7616 kB
CmaTotal:         294912 kB
CmaFree:               0 kB
MemTotal:       12113140 kB
MemFree:         6848560 kB
MemAvailable:    8238896 kB
Buffers:            6192 kB
Cached:          1629444 kB
SwapCached:            0 kB
Active:          1347764 kB
Inactive:        1421928 kB
Active(anon):    1140516 kB
Inactive(anon):    20392 kB
Active(file):     207248 kB
Inactive(file):  1401536 kB
Unevictable:        5556 kB
Mlocked:            5556 kB
SwapTotal:       3145724 kB
SwapFree:        3145724 kB
Dirty:               164 kB
Writeback:             0 kB
AnonPages:       1139620 kB
Mapped:           809120 kB
Shmem:             22332 kB
KReclaimable:     650256 kB
Slab:             205220 kB
SReclaimable:      67704 kB
SUnreclaim:       137516 kB
KernelStack:       42176 kB
PageTables:        56396 kB
NFS_Unstable:          0 kB
Bounce:                0 kB
WritebackTmp:          0 kB
CommitLimit:     9202292 kB
Committed_AS:   57854352 kB
VmallocTotal:   263061440 kB
VmallocUsed:       99024 kB
VmallocChunk:          0 kB
Percpu:             7616 kB
CmaTotal:         294912 kB
CmaFree:               0 kB
MemTotal:       12113140 kB
MemFree:         6847640 kB
MemAvailable:    8237976 kB
Buffers:            6192 kB
Cached:          1629444 kB
SwapCached:            0 kB
Active:          1348036 kB
Inactive:        1421928 kB
Active(anon):    1140788 kB
Inactive(anon):    20392 kB
Active(file):     207248 kB
Inactive(file):  1401536 kB
Unevictable:        5556 kB
Mlocked:            5556 kB
SwapTotal:       3145724 kB
SwapFree:        3145724 kB
Dirty:               164 kB
Writeback:             0 kB
AnonPages:       1140176 kB
Mapped:           808960 kB
Shmem:             22332 kB
KReclaimable:     650256 kB
Slab:             205220 kB
SReclaimable:      67704 kB
SUnreclaim:       137516 kB
KernelStack:       42176 kB
PageTables:        56376 kB
NFS_Unstable:          0 kB
Bounce:                0 kB
WritebackTmp:          0 kB
CommitLimit:     9202292 kB
Committed_AS:   57854220 kB
VmallocTotal:   263061440 kB
VmallocUsed:       99008 kB
VmallocChunk:          0 kB
Percpu:             7616 kB
CmaTotal:         294912 kB
CmaFree:               0 kB
MemTotal:       12113140 kB
MemFree:         6847836 kB
MemAvailable:    8238176 kB
Buffers:            6192 kB
Cached:          1629448 kB
SwapCached:            0 kB
Active:          1348148 kB
Inactive:        1421932 kB
Active(anon):    1140900 kB
Inactive(anon):    20392 kB
Active(file):     207248 kB
Inactive(file):  1401540 kB
Unevictable:        5556 kB
Mlocked:            5556 kB
SwapTotal:       3145724 kB
SwapFree:        3145724 kB
Dirty:               164 kB
Writeback:             0 kB
AnonPages:       1140004 kB
Mapped:           808952 kB
Shmem:             22332 kB
KReclaimable:     650256 kB
Slab:             205224 kB
SReclaimable:      67704 kB
SUnreclaim:       137520 kB
KernelStack:       42128 kB
PageTables:        56368 kB
NFS_Unstable:          0 kB
Bounce:                0 kB
WritebackTmp:          0 kB
CommitLimit:     9202292 kB
Committed_AS:   57854132 kB
VmallocTotal:   263061440 kB
VmallocUsed:       99024 kB
VmallocChunk:          0 kB
Percpu:             7616 kB
CmaTotal:         294912 kB
CmaFree:               0 kB
MemTotal:       12113140 kB
MemFree:         6847928 kB
MemAvailable:    8238268 kB
Buffers:            6192 kB
Cached:          1629448 kB
SwapCached:            0 kB
Active:          1348776 kB
Inactive:        1421932 kB
Active(anon):    1141528 kB
Inactive(anon):    20392 kB
Active(file):     207248 kB
Inactive(file):  1401540 kB
Unevictable:        5556 kB
Mlocked:            5556 kB
SwapTotal:       3145724 kB
SwapFree:        3145724 kB
Dirty:               164 kB
Writeback:             0 kB
AnonPages:       1141000 kB
Mapped:           808956 kB
Shmem:             22332 kB
KReclaimable:     650256 kB
Slab:             205224 kB
SReclaimable:      67704 kB
SUnreclaim:       137520 kB
KernelStack:       42144 kB
PageTables:        56368 kB
NFS_Unstable:          0 kB
Bounce:                0 kB
WritebackTmp:          0 kB
CommitLimit:     9202292 kB
Committed_AS:   57854300 kB
VmallocTotal:   263061440 kB
VmallocUsed:       99024 kB
VmallocChunk:          0 kB
Percpu:             7616 kB
CmaTotal:         294912 kB
CmaFree:               0 kB
MemTotal:       12113140 kB
MemFree:         6847844 kB
MemAvailable:    8238184 kB
Buffers:            6192 kB
Cached:          1629448 kB
SwapCached:            0 kB
Active:          1348504 kB
Inactive:        1421932 kB
Active(anon):    1141256 kB
Inactive(anon):    20392 kB
Active(file):     207248 kB
Inactive(file):  1401540 kB
Unevictable:        5556 kB
Mlocked:            5556 kB
SwapTotal:       3145724 kB
SwapFree:        3145724 kB
Dirty:               164 kB
Writeback:             0 kB
AnonPages:       1140308 kB
Mapped:           809272 kB
Shmem:             22332 kB
KReclaimable:     650256 kB
Slab:             205228 kB
SReclaimable:      67704 kB
SUnreclaim:       137524 kB
KernelStack:       42224 kB
PageTables:        56340 kB
NFS_Unstable:          0 kB
Bounce:                0 kB
WritebackTmp:          0 kB
CommitLimit:     9202292 kB
Committed_AS:   57848804 kB
VmallocTotal:   263061440 kB
VmallocUsed:       99056 kB
VmallocChunk:          0 kB
Percpu:             7616 kB
CmaTotal:         294912 kB
CmaFree:               0 kB
MemTotal:       12113140 kB
MemFree:         6847180 kB
MemAvailable:    8237520 kB
Buffers:            6192 kB
Cached:          1629448 kB
SwapCached:            0 kB
Active:          1348632 kB
Inactive:        1421936 kB
Active(anon):    1141388 kB
Inactive(anon):    20392 kB
Active(file):     207244 kB
Inactive(file):  1401544 kB
Unevictable:        5556 kB
Mlocked:            5556 kB
SwapTotal:       3145724 kB
SwapFree:        3145724 kB
Dirty:               168 kB
Writeback:             0 kB
AnonPages:       1140608 kB
Mapped:           809168 kB
Shmem:             22332 kB
KReclaimable:     650256 kB
Slab:             205228 kB
SReclaimable:      67704 kB
SUnreclaim:       137524 kB
KernelStack:       42224 kB
PageTables:        56432 kB
NFS_Unstable:          0 kB
Bounce:                0 kB
WritebackTmp:          0 kB
CommitLimit:     9202292 kB
Committed_AS:   57848408 kB
VmallocTotal:   263061440 kB
VmallocUsed:       99072 kB
VmallocChunk:          0 kB
Percpu:             7616 kB
CmaTotal:         294912 kB
CmaFree:               0 kB
MemTotal:       12113140 kB
MemFree:         6857596 kB
MemAvailable:    8247944 kB
Buffers:            6192 kB
Cached:          1629456 kB
SwapCached:            0 kB
Active:          1337624 kB
Inactive:        1421940 kB
Active(anon):    1130376 kB
Inactive(anon):    20392 kB
Active(file):     207248 kB
Inactive(file):  1401548 kB
Unevictable:        5556 kB
Mlocked:            5556 kB
SwapTotal:       3145724 kB
SwapFree:        3145724 kB
Dirty:               176 kB
Writeback:             0 kB
AnonPages:       1129580 kB
Mapped:           809356 kB
Shmem:             22332 kB
KReclaimable:     650256 kB
Slab:             205228 kB
SReclaimable:      67704 kB
SUnreclaim:       137524 kB
KernelStack:       42192 kB
PageTables:        56368 kB
NFS_Unstable:          0 kB
Bounce:                0 kB
WritebackTmp:          0 kB
CommitLimit:     9202292 kB
Committed_AS:   57849788 kB
VmallocTotal:   263061440 kB
VmallocUsed:       99072 kB
VmallocChunk:          0 kB
Percpu:             7616 kB
CmaTotal:         294912 kB
CmaFree:               0 kB
MemTotal:       12113140 kB
MemFree:         6857708 kB
MemAvailable:    8248056 kB
Buffers:            6192 kB
Cached:          1629456 kB
SwapCached:            0 kB
Active:          1338180 kB
Inactive:        1421940 kB
Active(anon):    1130932 kB
Inactive(anon):    20392 kB
Active(file):     207248 kB
Inactive(file):  1401548 kB
Unevictable:        5556 kB
Mlocked:            5556 kB
SwapTotal:       3145724 kB
SwapFree:        3145724 kB
Dirty:               172 kB
Writeback:             0 kB
AnonPages:       1130268 kB
Mapped:           809340 kB
Shmem:             22332 kB
KReclaimable:     650256 kB
Slab:             205228 kB
SReclaimable:      67704 kB
SUnreclaim:       137524 kB
KernelStack:       42192 kB
PageTables:        56300 kB
NFS_Unstable:          0 kB
Bounce:                0 kB
WritebackTmp:          0 kB
CommitLimit:     9202292 kB
Committed_AS:   57849852 kB
VmallocTotal:   263061440 kB
VmallocUsed:       99072 kB
VmallocChunk:          0 kB
Percpu:             7616 kB
CmaTotal:         294912 kB
CmaFree:               0 kB
MemTotal:       12113140 kB
MemFree:         6857416 kB
MemAvailable:    8247764 kB
Buffers:            6192 kB
Cached:          1629456 kB
SwapCached:            0 kB
Active:          1338380 kB
Inactive:        1421940 kB
Active(anon):    1131132 kB
Inactive(anon):    20392 kB
Active(file):     207248 kB
Inactive(file):  1401548 kB
Unevictable:        5556 kB
Mlocked:            5556 kB
SwapTotal:       3145724 kB
SwapFree:        3145724 kB
Dirty:               168 kB
Writeback:             0 kB
AnonPages:       1130260 kB
Mapped:           809428 kB
Shmem:             22332 kB
KReclaimable:     650256 kB
Slab:             205228 kB
SReclaimable:      67704 kB
SUnreclaim:       137524 kB
KernelStack:       42208 kB
PageTables:        56428 kB
NFS_Unstable:          0 kB
Bounce:                0 kB
WritebackTmp:          0 kB
CommitLimit:     9202292 kB
Committed_AS:   57853924 kB
VmallocTotal:   263061440 kB
VmallocUsed:       99056 kB
VmallocChunk:          0 kB
Percpu:             7616 kB
CmaTotal:         294912 kB
CmaFree:               0 kB
MemTotal:       12113140 kB
MemFree:         6857708 kB
MemAvailable:    8248056 kB
Buffers:            6192 kB
Cached:          1629456 kB
SwapCached:            0 kB
Active:          1338704 kB
Inactive:        1421940 kB
Active(anon):    1131456 kB
Inactive(anon):    20392 kB
Active(file):     207248 kB
Inactive(file):  1401548 kB
Unevictable:        5556 kB
Mlocked:            5556 kB
SwapTotal:       3145724 kB
SwapFree:        3145724 kB
Dirty:               172 kB
Writeback:             0 kB
AnonPages:       1130336 kB
Mapped:           808948 kB
Shmem:             22332 kB
KReclaimable:     650256 kB
Slab:             205228 kB
SReclaimable:      67704 kB
SUnreclaim:       137524 kB
KernelStack:       42176 kB
PageTables:        56672 kB
NFS_Unstable:          0 kB
Bounce:                0 kB
WritebackTmp:          0 kB
CommitLimit:     9202292 kB
Committed_AS:   57854608 kB
VmallocTotal:   263061440 kB
VmallocUsed:       99056 kB
VmallocChunk:          0 kB
Percpu:             7616 kB
CmaTotal:         294912 kB
CmaFree:               0 kB
MemTotal:       12113140 kB
MemFree:         6857444 kB
MemAvailable:    8247808 kB
Buffers:            6200 kB
Cached:          1629464 kB
SwapCached:            0 kB
Active:          1339848 kB
Inactive:        1421948 kB
Active(anon):    1132592 kB
Inactive(anon):    20392 kB
Active(file):     207256 kB
Inactive(file):  1401556 kB
Unevictable:        5556 kB
Mlocked:            5556 kB
SwapTotal:       3145724 kB
SwapFree:        3145724 kB
Dirty:               180 kB
Writeback:             0 kB
AnonPages:       1131832 kB
Mapped:           809340 kB
Shmem:             22332 kB
KReclaimable:     650256 kB
Slab:             204940 kB
SReclaimable:      67704 kB
SUnreclaim:       137236 kB
KernelStack:       42192 kB
PageTables:        56296 kB
NFS_Unstable:          0 kB
Bounce:                0 kB
WritebackTmp:          0 kB
CommitLimit:     9202292 kB
Committed_AS:   57854532 kB
VmallocTotal:   263061440 kB
VmallocUsed:       99024 kB
VmallocChunk:          0 kB
Percpu:             7616 kB
CmaTotal:         294912 kB
CmaFree:               0 kB
MemTotal:       12113140 kB
MemFree:         6857316 kB
MemAvailable:    8247680 kB
Buffers:            6200 kB
Cached:          1629464 kB
SwapCached:            0 kB
Active:          1339952 kB
Inactive:        1421948 kB
Active(anon):    1132696 kB
Inactive(anon):    20392 kB
Active(file):     207256 kB
Inactive(file):  1401556 kB
Unevictable:        5556 kB
Mlocked:            5556 kB
SwapTotal:       3145724 kB
SwapFree:        3145724 kB
Dirty:               168 kB
Writeback:             0 kB
AnonPages:       1132032 kB
Mapped:           809104 kB
Shmem:             22332 kB
KReclaimable:     650256 kB
Slab:             204940 kB
SReclaimable:      67704 kB
SUnreclaim:       137236 kB
KernelStack:       42176 kB
PageTables:        56372 kB
NFS_Unstable:          0 kB
Bounce:                0 kB
WritebackTmp:          0 kB
CommitLimit:     9202292 kB
Committed_AS:   57854444 kB
VmallocTotal:   263061440 kB
VmallocUsed:       99056 kB
VmallocChunk:          0 kB
Percpu:             7616 kB
CmaTotal:         294912 kB
CmaFree:               0 kB
MemTotal:       12113140 kB
MemFree:         6856196 kB
MemAvailable:    8246560 kB
Buffers:            6200 kB
Cached:          1629476 kB
SwapCached:            0 kB
Active:          1340564 kB
Inactive:        1421960 kB
Active(anon):    1133308 kB
Inactive(anon):    20404 kB
Active(file):     207256 kB
Inactive(file):  1401556 kB
Unevictable:        5556 kB
Mlocked:            5556 kB
SwapTotal:       3145724 kB
SwapFree:        3145724 kB
Dirty:               148 kB
Writeback:             0 kB
AnonPages:       1132600 kB
Mapped:           809372 kB
Shmem:             22344 kB
KReclaimable:     650256 kB
Slab:             204940 kB
SReclaimable:      67704 kB
SUnreclaim:       137236 kB
KernelStack:       42192 kB
PageTables:        56368 kB
NFS_Unstable:          0 kB
Bounce:                0 kB
WritebackTmp:          0 kB
CommitLimit:     9202292 kB
Committed_AS:   57853984 kB
VmallocTotal:   263061440 kB
VmallocUsed:       99056 kB
VmallocChunk:          0 kB
Percpu:             7616 kB
CmaTotal:         294912 kB
CmaFree:               0 kB
MemTotal:       12113140 kB
MemFree:         6855656 kB
MemAvailable:    8246020 kB
Buffers:            6200 kB
Cached:          1629480 kB
SwapCached:            0 kB
Active:          1341268 kB
Inactive:        1421964 kB
Active(anon):    1134012 kB
Inactive(anon):    20408 kB
Active(file):     207256 kB
Inactive(file):  1401556 kB
Unevictable:        5556 kB
Mlocked:            5556 kB
SwapTotal:       3145724 kB
SwapFree:        3145724 kB
Dirty:               152 kB
Writeback:             0 kB
AnonPages:       1132984 kB
Mapped:           809304 kB
Shmem:             22348 kB
KReclaimable:     650256 kB
Slab:             204940 kB
SReclaimable:      67704 kB
SUnreclaim:       137236 kB
KernelStack:       42228 kB
PageTables:        56372 kB
NFS_Unstable:          0 kB
Bounce:                0 kB
WritebackTmp:          0 kB
CommitLimit:     9202292 kB
Committed_AS:   57854244 kB
VmallocTotal:   263061440 kB
VmallocUsed:       99072 kB
VmallocChunk:          0 kB
Percpu:             7616 kB
CmaTotal:         294912 kB
CmaFree:               0 kB
MemTotal:       12113140 kB
MemFree:         6855100 kB
MemAvailable:    8245464 kB
Buffers:            6200 kB
Cached:          1629480 kB
SwapCached:            0 kB
Active:          1341640 kB
Inactive:        1421964 kB
Active(anon):    1134384 kB
Inactive(anon):    20408 kB
Active(file):     207256 kB
Inactive(file):  1401556 kB
Unevictable:        5556 kB
Mlocked:            5556 kB
SwapTotal:       3145724 kB
SwapFree:        3145724 kB
Dirty:               156 kB
Writeback:             0 kB
AnonPages:       1133416 kB
Mapped:           808900 kB
Shmem:             22348 kB
KReclaimable:     650256 kB
Slab:             204940 kB
SReclaimable:      67704 kB
SUnreclaim:       137236 kB
KernelStack:       42272 kB
PageTables:        56652 kB
NFS_Unstable:          0 kB
Bounce:                0 kB
WritebackTmp:          0 kB
CommitLimit:     9202292 kB
Committed_AS:   57849020 kB
VmallocTotal:   263061440 kB
VmallocUsed:       99056 kB
VmallocChunk:          0 kB
Percpu:             7616 kB
CmaTotal:         294912 kB
CmaFree:               0 kB
MemTotal:       12113140 kB
MemFree:         6855624 kB
MemAvailable:    8246004 kB
Buffers:            6200 kB
Cached:          1629496 kB
SwapCached:            0 kB
Active:          1342000 kB
Inactive:        1421976 kB
Active(anon):    1134740 kB
Inactive(anon):    20408 kB
Active(file):     207260 kB
Inactive(file):  1401568 kB
Unevictable:        5556 kB
Mlocked:            5556 kB
SwapTotal:       3145724 kB
SwapFree:        3145724 kB
Dirty:               164 kB
Writeback:            12 kB
AnonPages:       1133964 kB
Mapped:           809372 kB
Shmem:             22348 kB
KReclaimable:     650256 kB
Slab:             204940 kB
SReclaimable:      67704 kB
SUnreclaim:       137236 kB
KernelStack:       42192 kB
PageTables:        56368 kB
NFS_Unstable:          0 kB
Bounce:                0 kB
WritebackTmp:          0 kB
CommitLimit:     9202292 kB
Committed_AS:   57854064 kB
VmallocTotal:   263061440 kB
VmallocUsed:       99056 kB
VmallocChunk:          0 kB
Percpu:             7616 kB
CmaTotal:         294912 kB
CmaFree:               0 kB
MemTotal:       12113140 kB
MemFree:         6853216 kB
MemAvailable:    8243580 kB
Buffers:            6200 kB
Cached:          1629480 kB
SwapCached:            0 kB
Active:          1342336 kB
Inactive:        1421964 kB
Active(anon):    1135080 kB
Inactive(anon):    20408 kB
Active(file):     207256 kB
Inactive(file):  1401556 kB
Unevictable:        5556 kB
Mlocked:            5556 kB
SwapTotal:       3145724 kB
SwapFree:        3145724 kB
Dirty:               156 kB
Writeback:             0 kB
AnonPages:       1134552 kB
Mapped:           809112 kB
Shmem:             22348 kB
KReclaimable:     650256 kB
Slab:             204940 kB
SReclaimable:      67704 kB
SUnreclaim:       137236 kB
KernelStack:       42176 kB
PageTables:        56264 kB
NFS_Unstable:          0 kB
Bounce:                0 kB
WritebackTmp:          0 kB
CommitLimit:     9202292 kB
Committed_AS:   57851708 kB
VmallocTotal:   263061440 kB
VmallocUsed:       99072 kB
VmallocChunk:          0 kB
Percpu:             7616 kB
CmaTotal:         294912 kB
CmaFree:               0 kB
MemTotal:       12113140 kB
MemFree:         6853724 kB
MemAvailable:    8244088 kB
Buffers:            6200 kB
Cached:          1629480 kB
SwapCached:            0 kB
Active:          1342584 kB
Inactive:        1421964 kB
Active(anon):    1135328 kB
Inactive(anon):    20408 kB
Active(file):     207256 kB
Inactive(file):  1401556 kB
Unevictable:        5556 kB
Mlocked:            5556 kB
SwapTotal:       3145724 kB
SwapFree:        3145724 kB
Dirty:               160 kB
Writeback:             0 kB
AnonPages:       1134880 kB
Mapped:           809120 kB
Shmem:             22348 kB
KReclaimable:     650256 kB
Slab:             204940 kB
SReclaimable:      67704 kB
SUnreclaim:       137236 kB
KernelStack:       42208 kB
PageTables:        56504 kB
NFS_Unstable:          0 kB
Bounce:                0 kB
WritebackTmp:          0 kB
CommitLimit:     9202292 kB
Committed_AS:   57846268 kB
VmallocTotal:   263061440 kB
VmallocUsed:       99056 kB
VmallocChunk:          0 kB
Percpu:             7616 kB
CmaTotal:         294912 kB
CmaFree:               0 kB
MemTotal:       12113140 kB
MemFree:         6853220 kB
MemAvailable:    8243584 kB
Buffers:            6200 kB
Cached:          1629480 kB
SwapCached:            0 kB
Active:          1343520 kB
Inactive:        1421964 kB
Active(anon):    1136264 kB
Inactive(anon):    20408 kB
Active(file):     207256 kB
Inactive(file):  1401556 kB
Unevictable:        5556 kB
Mlocked:            5556 kB
SwapTotal:       3145724 kB
SwapFree:        3145724 kB
Dirty:               164 kB
Writeback:             0 kB
AnonPages:       1135332 kB
Mapped:           809376 kB
Shmem:             22348 kB
KReclaimable:     650256 kB
Slab:             204940 kB
SReclaimable:      67704 kB
SUnreclaim:       137236 kB
KernelStack:       42192 kB
PageTables:        56372 kB
NFS_Unstable:          0 kB
Bounce:                0 kB
WritebackTmp:          0 kB
CommitLimit:     9202292 kB
Committed_AS:   57843376 kB
VmallocTotal:   263061440 kB
VmallocUsed:       99040 kB
VmallocChunk:          0 kB
Percpu:             7616 kB
CmaTotal:         294912 kB
CmaFree:               0 kB
MemTotal:       12113140 kB
MemFree:         6852596 kB
MemAvailable:    8242960 kB
Buffers:            6200 kB
Cached:          1629480 kB
SwapCached:            0 kB
Active:          1343960 kB
Inactive:        1421964 kB
Active(anon):    1136704 kB
Inactive(anon):    20408 kB
Active(file):     207256 kB
Inactive(file):  1401556 kB
Unevictable:        5556 kB
Mlocked:            5556 kB
SwapTotal:       3145724 kB
SwapFree:        3145724 kB
Dirty:               176 kB
Writeback:             0 kB
AnonPages:       1135948 kB
Mapped:           809308 kB
Shmem:             22348 kB
KReclaimable:     650256 kB
Slab:             204940 kB
SReclaimable:      67704 kB
SUnreclaim:       137236 kB
KernelStack:       42176 kB
PageTables:        56312 kB
NFS_Unstable:          0 kB
Bounce:                0 kB
WritebackTmp:          0 kB
CommitLimit:     9202292 kB
Committed_AS:   57843068 kB
VmallocTotal:   263061440 kB
VmallocUsed:       99056 kB
VmallocChunk:          0 kB
Percpu:             7616 kB
CmaTotal:         294912 kB
CmaFree:               0 kB
MemTotal:       12113140 kB
MemFree:         6852572 kB
MemAvailable:    8242936 kB
Buffers:            6200 kB
Cached:          1629480 kB
SwapCached:            0 kB
Active:          1344468 kB
Inactive:        1421964 kB
Active(anon):    1137212 kB
Inactive(anon):    20408 kB
Active(file):     207256 kB
Inactive(file):  1401556 kB
Unevictable:        5556 kB
Mlocked:            5556 kB
SwapTotal:       3145724 kB
SwapFree:        3145724 kB
Dirty:               208 kB
Writeback:             0 kB
AnonPages:       1136216 kB
Mapped:           809376 kB
Shmem:             22348 kB
KReclaimable:     650256 kB
Slab:             204940 kB
SReclaimable:      67704 kB
SUnreclaim:       137236 kB
KernelStack:       42208 kB
PageTables:        56376 kB
NFS_Unstable:          0 kB
Bounce:                0 kB
WritebackTmp:          0 kB
CommitLimit:     9202292 kB
Committed_AS:   57839576 kB
VmallocTotal:   263061440 kB
VmallocUsed:       99008 kB
VmallocChunk:          0 kB
Percpu:             7616 kB
CmaTotal:         294912 kB
CmaFree:               0 kB
MemTotal:       12113140 kB
MemFree:         6851620 kB
MemAvailable:    8241984 kB
Buffers:            6200 kB
Cached:          1629480 kB
SwapCached:            0 kB
Active:          1344480 kB
Inactive:        1421964 kB
Active(anon):    1137224 kB
Inactive(anon):    20408 kB
Active(file):     207256 kB
Inactive(file):  1401556 kB
Unevictable:        5556 kB
Mlocked:            5556 kB
SwapTotal:       3145724 kB
SwapFree:        3145724 kB
Dirty:               216 kB
Writeback:             0 kB
AnonPages:       1136636 kB
Mapped:           809116 kB
Shmem:             22348 kB
KReclaimable:     650256 kB
Slab:             204940 kB
SReclaimable:      67704 kB
SUnreclaim:       137236 kB
KernelStack:       42208 kB
PageTables:        56376 kB
NFS_Unstable:          0 kB
Bounce:                0 kB
WritebackTmp:          0 kB
CommitLimit:     9202292 kB
Committed_AS:   57843084 kB
VmallocTotal:   263061440 kB
VmallocUsed:       99008 kB
VmallocChunk:          0 kB
Percpu:             7616 kB
CmaTotal:         294912 kB
CmaFree:               0 kB
MemTotal:       12113140 kB
MemFree:         6851464 kB
MemAvailable:    8241828 kB
Buffers:            6200 kB
Cached:          1629480 kB
SwapCached:            0 kB
Active:          1344724 kB
Inactive:        1421964 kB
Active(anon):    1137468 kB
Inactive(anon):    20408 kB
Active(file):     207256 kB
Inactive(file):  1401556 kB
Unevictable:        5556 kB
Mlocked:            5556 kB
SwapTotal:       3145724 kB
SwapFree:        3145724 kB
Dirty:               216 kB
Writeback:             0 kB
AnonPages:       1136788 kB
Mapped:           809376 kB
Shmem:             22348 kB
KReclaimable:     650256 kB
Slab:             204940 kB
SReclaimable:      67704 kB
SUnreclaim:       137236 kB
KernelStack:       42208 kB
PageTables:        56500 kB
NFS_Unstable:          0 kB
Bounce:                0 kB
WritebackTmp:          0 kB
CommitLimit:     9202292 kB
Committed_AS:   57841232 kB
VmallocTotal:   263061440 kB
VmallocUsed:       98976 kB
VmallocChunk:          0 kB
Percpu:             7616 kB
CmaTotal:         294912 kB
CmaFree:               0 kB
MemTotal:       12113140 kB
MemFree:         6850516 kB
MemAvailable:    8240880 kB
Buffers:            6200 kB
Cached:          1629480 kB
SwapCached:            0 kB
Active:          1345116 kB
Inactive:        1421964 kB
Active(anon):    1137860 kB
Inactive(anon):    20408 kB
Active(file):     207256 kB
Inactive(file):  1401556 kB
Unevictable:        5556 kB
Mlocked:            5556 kB
SwapTotal:       3145724 kB
SwapFree:        3145724 kB
Dirty:               220 kB
Writeback:             0 kB
AnonPages:       1136952 kB
Mapped:           809164 kB
Shmem:             22348 kB
KReclaimable:     650256 kB
Slab:             204940 kB
SReclaimable:      67704 kB
SUnreclaim:       137236 kB
KernelStack:       42272 kB
PageTables:        56404 kB
NFS_Unstable:          0 kB
Bounce:                0 kB
WritebackTmp:          0 kB
CommitLimit:     9202292 kB
Committed_AS:   57840792 kB
VmallocTotal:   263061440 kB
VmallocUsed:       98976 kB
VmallocChunk:          0 kB
Percpu:             7616 kB
CmaTotal:         294912 kB
CmaFree:               0 kB
MemTotal:       12113140 kB
MemFree:         6850928 kB
MemAvailable:    8241292 kB
Buffers:            6200 kB
Cached:          1629480 kB
SwapCached:            0 kB
Active:          1345600 kB
Inactive:        1421964 kB
Active(anon):    1138344 kB
Inactive(anon):    20408 kB
Active(file):     207256 kB
Inactive(file):  1401556 kB
Unevictable:        5556 kB
Mlocked:            5556 kB
SwapTotal:       3145724 kB
SwapFree:        3145724 kB
Dirty:               220 kB
Writeback:             0 kB
AnonPages:       1137556 kB
Mapped:           809372 kB
Shmem:             22348 kB
KReclaimable:     650256 kB
Slab:             204940 kB
SReclaimable:      67704 kB
SUnreclaim:       137236 kB
KernelStack:       42192 kB
PageTables:        56372 kB
NFS_Unstable:          0 kB
Bounce:                0 kB
WritebackTmp:          0 kB
CommitLimit:     9202292 kB
Committed_AS:   57847588 kB
VmallocTotal:   263061440 kB
VmallocUsed:       99008 kB
VmallocChunk:          0 kB
Percpu:             7616 kB
CmaTotal:         294912 kB
CmaFree:               0 kB
MemTotal:       12113140 kB
MemFree:         6850332 kB
MemAvailable:    8240700 kB
Buffers:            6208 kB
Cached:          1629476 kB
SwapCached:            0 kB
Active:          1346132 kB
Inactive:        1421964 kB
Active(anon):    1138872 kB
Inactive(anon):    20408 kB
Active(file):     207260 kB
Inactive(file):  1401556 kB
Unevictable:        5556 kB
Mlocked:            5556 kB
SwapTotal:       3145724 kB
SwapFree:        3145724 kB
Dirty:               192 kB
Writeback:             0 kB
AnonPages:       1138008 kB
Mapped:           809128 kB
Shmem:             22348 kB
KReclaimable:     650256 kB
Slab:             204940 kB
SReclaimable:      67704 kB
SUnreclaim:       137236 kB
KernelStack:       42212 kB
PageTables:        56292 kB
NFS_Unstable:          0 kB
Bounce:                0 kB
WritebackTmp:          0 kB
CommitLimit:     9202292 kB
Committed_AS:   57846952 kB
VmallocTotal:   263061440 kB
VmallocUsed:       99024 kB
VmallocChunk:          0 kB
Percpu:             7616 kB
CmaTotal:         294912 kB
CmaFree:               0 kB
MemTotal:       12113140 kB
MemFree:         6849580 kB
MemAvailable:    8239960 kB
Buffers:            6208 kB
Cached:          1629488 kB
SwapCached:            0 kB
Active:          1346580 kB
Inactive:        1421972 kB
Active(anon):    1139316 kB
Inactive(anon):    20408 kB
Active(file):     207264 kB
Inactive(file):  1401564 kB
Unevictable:        5556 kB
Mlocked:            5556 kB
SwapTotal:       3145724 kB
SwapFree:        3145724 kB
Dirty:               208 kB
Writeback:             0 kB
AnonPages:       1138484 kB
Mapped:           809116 kB
Shmem:             22348 kB
KReclaimable:     650256 kB
Slab:             204940 kB
SReclaimable:      67704 kB
SUnreclaim:       137236 kB
KernelStack:       42208 kB
PageTables:        56376 kB
NFS_Unstable:          0 kB
Bounce:                0 kB
WritebackTmp:          0 kB
CommitLimit:     9202292 kB
Committed_AS:   57847196 kB
VmallocTotal:   263061440 kB
VmallocUsed:       99024 kB
VmallocChunk:          0 kB
Percpu:             7616 kB
CmaTotal:         294912 kB
CmaFree:               0 kB
MemTotal:       12113140 kB
MemFree:         6850704 kB
MemAvailable:    8241096 kB
Buffers:            6208 kB
Cached:          1629500 kB
SwapCached:            0 kB
Active:          1346720 kB
Inactive:        1421976 kB
Active(anon):    1139448 kB
Inactive(anon):    20408 kB
Active(file):     207272 kB
Inactive(file):  1401568 kB
Unevictable:        5556 kB
Mlocked:            5556 kB
SwapTotal:       3145724 kB
SwapFree:        3145724 kB
Dirty:               220 kB
Writeback:             0 kB
AnonPages:       1138684 kB
Mapped:           809112 kB
Shmem:             22348 kB
KReclaimable:     650256 kB
Slab:             204940 kB
SReclaimable:      67704 kB
SUnreclaim:       137236 kB
KernelStack:       42192 kB
PageTables:        56372 kB
NFS_Unstable:          0 kB
Bounce:                0 kB
WritebackTmp:          0 kB
CommitLimit:     9202292 kB
Committed_AS:   57847848 kB
VmallocTotal:   263061440 kB
VmallocUsed:       99040 kB
VmallocChunk:          0 kB
Percpu:             7616 kB
CmaTotal:         294912 kB
CmaFree:               0 kB
MemTotal:       12113140 kB
MemFree:         6852432 kB
MemAvailable:    8242812 kB
Buffers:            6208 kB
Cached:          1629488 kB
SwapCached:            0 kB
Active:          1343380 kB
Inactive:        1421972 kB
Active(anon):    1136116 kB
Inactive(anon):    20408 kB
Active(file):     207264 kB
Inactive(file):  1401564 kB
Unevictable:        5556 kB
Mlocked:            5556 kB
SwapTotal:       3145724 kB
SwapFree:        3145724 kB
Dirty:               204 kB
Writeback:             0 kB
AnonPages:       1135360 kB
Mapped:           809372 kB
Shmem:             22348 kB
KReclaimable:     650256 kB
Slab:             204940 kB
SReclaimable:      67704 kB
SUnreclaim:       137236 kB
KernelStack:       42192 kB
PageTables:        56372 kB
NFS_Unstable:          0 kB
Bounce:                0 kB
WritebackTmp:          0 kB
CommitLimit:     9202292 kB
Committed_AS:   57847672 kB
VmallocTotal:   263061440 kB
VmallocUsed:       99040 kB
VmallocChunk:          0 kB
Percpu:             7616 kB
CmaTotal:         294912 kB
CmaFree:             180 kB
MemTotal:       12113140 kB
MemFree:         6850424 kB
MemAvailable:    8240804 kB
Buffers:            6208 kB
Cached:          1629488 kB
SwapCached:            0 kB
Active:          1344376 kB
Inactive:        1421972 kB
Active(anon):    1137112 kB
Inactive(anon):    20408 kB
Active(file):     207264 kB
Inactive(file):  1401564 kB
Unevictable:        5556 kB
Mlocked:            5556 kB
SwapTotal:       3145724 kB
SwapFree:        3145724 kB
Dirty:               204 kB
Writeback:             0 kB
AnonPages:       1136208 kB
Mapped:           809380 kB
Shmem:             22348 kB
KReclaimable:     650256 kB
Slab:             204940 kB
SReclaimable:      67704 kB
SUnreclaim:       137236 kB
KernelStack:       42244 kB
PageTables:        56384 kB
NFS_Unstable:          0 kB
Bounce:                0 kB
WritebackTmp:          0 kB
CommitLimit:     9202292 kB
Committed_AS:   57847452 kB
VmallocTotal:   263061440 kB
VmallocUsed:       99040 kB
VmallocChunk:          0 kB
Percpu:             7616 kB
CmaTotal:         294912 kB
CmaFree:              44 kB
MemTotal:       12113140 kB
MemFree:         6851340 kB
MemAvailable:    8241720 kB
Buffers:            6208 kB
Cached:          1629504 kB
SwapCached:            0 kB
Active:          1344272 kB
Inactive:        1421988 kB
Active(anon):    1137008 kB
Inactive(anon):    20424 kB
Active(file):     207264 kB
Inactive(file):  1401564 kB
Unevictable:        5556 kB
Mlocked:            5556 kB
SwapTotal:       3145724 kB
SwapFree:        3145724 kB
Dirty:               232 kB
Writeback:             0 kB
AnonPages:       1136200 kB
Mapped:           809128 kB
Shmem:             22364 kB
KReclaimable:     650256 kB
Slab:             204940 kB
SReclaimable:      67704 kB
SUnreclaim:       137236 kB
KernelStack:       42192 kB
PageTables:        56372 kB
NFS_Unstable:          0 kB
Bounce:                0 kB
WritebackTmp:          0 kB
CommitLimit:     9202292 kB
Committed_AS:   57847680 kB
VmallocTotal:   263061440 kB
VmallocUsed:       99040 kB
