MemTotal:        5980404 kB
MemFree:         1085880 kB
MemAvailable:    2844128 kB
Buffers:            6164 kB
Cached:          1715244 kB
SwapCached:            0 kB
Active:          1297160 kB
Inactive:        1468236 kB
Active(anon):    1050608 kB
Inactive(anon):    20036 kB
Active(file):     246552 kB
Inactive(file):  1448200 kB
Unevictable:        5628 kB
Mlocked:            5628 kB
SwapTotal:       3670008 kB
SwapFree:        3670008 kB
Dirty:               228 kB
Writeback:             0 kB
AnonPages:       1049640 kB
Mapped:           782072 kB
Shmem:             22068 kB
KReclaimable:     625928 kB
Slab:             223164 kB
SReclaimable:      69580 kB
SUnreclaim:       153584 kB
KernelStack:       43488 kB
PageTables:        55244 kB
NFS_Unstable:          0 kB
Bounce:                0 kB
WritebackTmp:          0 kB
CommitLimit:     6660208 kB
Committed_AS:   61316280 kB
VmallocTotal:   263061440 kB
VmallocUsed:       83844 kB
VmallocChunk:          0 kB
Percpu:             7552 kB
CmaTotal:         315392 kB
CmaFree:               0 kB
MemTotal:        5980404 kB
MemFree:         1082344 kB
MemAvailable:    2840584 kB
Buffers:            6164 kB
Cached:          1715236 kB
SwapCached:            0 kB
Active:          1300272 kB
Inactive:        1468228 kB
Active(anon):    1053720 kB
Inactive(anon):    20036 kB
Active(file):     246552 kB
Inactive(file):  1448192 kB
Unevictable:        5628 kB
Mlocked:            5628 kB
SwapTotal:       3670008 kB
SwapFree:        3670008 kB
Dirty:               220 kB
Writeback:             0 kB
AnonPages:       1052876 kB
Mapped:           780152 kB
Shmem:             22068 kB
KReclaimable:     625928 kB
Slab:             223172 kB
SReclaimable:      69580 kB
SUnreclaim:       153592 kB
KernelStack:       43488 kB
PageTables:        55480 kB
NFS_Unstable:          0 kB
Bounce:                0 kB
WritebackTmp:          0 kB
CommitLimit:     6660208 kB
Committed_AS:   61320580 kB
VmallocTotal:   263061440 kB
VmallocUsed:       83828 kB
VmallocChunk:          0 kB
Percpu:             7552 kB
CmaTotal:         315392 kB
CmaFree:               0 kB
MemTotal:        5980404 kB
MemFree:         1081592 kB
MemAvailable:    2839832 kB
Buffers:            6164 kB
Cached:          1715236 kB
SwapCached:            0 kB
Active:          1300460 kB
Inactive:        1468228 kB
Active(anon):    1053908 kB
Inactive(anon):    20036 kB
Active(file):     246552 kB
Inactive(file):  1448192 kB
Unevictable:        5628 kB
Mlocked:            5628 kB
SwapTotal:       3670008 kB
SwapFree:        3670008 kB
Dirty:               220 kB
Writeback:             0 kB
AnonPages:       1053224 kB
Mapped:           780276 kB
Shmem:             22068 kB
KReclaimable:     625928 kB
Slab:             223164 kB
SReclaimable:      69580 kB
SUnreclaim:       153584 kB
KernelStack:       43424 kB
PageTables:        55256 kB
NFS_Unstable:          0 kB
Bounce:                0 kB
WritebackTmp:          0 kB
CommitLimit:     6660208 kB
Committed_AS:   61319588 kB
VmallocTotal:   263061440 kB
VmallocUsed:       83844 kB
VmallocChunk:          0 kB
Percpu:             7552 kB
CmaTotal:         315392 kB
CmaFree:               0 kB
MemTotal:        5980404 kB
MemFree:         1080440 kB
MemAvailable:    2838680 kB
Buffers:            6164 kB
Cached:          1715240 kB
SwapCached:            0 kB
Active:          1300884 kB
Inactive:        1468232 kB
Active(anon):    1054332 kB
Inactive(anon):    20040 kB
Active(file):     246552 kB
Inactive(file):  1448192 kB
Unevictable:        5628 kB
Mlocked:            5628 kB
SwapTotal:       3670008 kB
SwapFree:        3670008 kB
Dirty:               220 kB
Writeback:             0 kB
AnonPages:       1053344 kB
Mapped:           780280 kB
Shmem:             22072 kB
KReclaimable:     625928 kB
Slab:             223172 kB
SReclaimable:      69580 kB
SUnreclaim:       153592 kB
KernelStack:       43456 kB
PageTables:        55356 kB
NFS_Unstable:          0 kB
Bounce:                0 kB
WritebackTmp:          0 kB
CommitLimit:     6660208 kB
Committed_AS:   61320140 kB
VmallocTotal:   263061440 kB
VmallocUsed:       83844 kB
VmallocChunk:          0 kB
Percpu:             7552 kB
CmaTotal:         315392 kB
CmaFree:               0 kB
MemTotal:        5980404 kB
MemFree:         1080996 kB
MemAvailable:    2839236 kB
Buffers:            6164 kB
Cached:          1715240 kB
SwapCached:            0 kB
Active:          1301004 kB
Inactive:        1468232 kB
Active(anon):    1054452 kB
Inactive(anon):    20040 kB
Active(file):     246552 kB
Inactive(file):  1448192 kB
Unevictable:        5628 kB
Mlocked:            5628 kB
SwapTotal:       3670008 kB
SwapFree:        3670008 kB
Dirty:               220 kB
Writeback:             0 kB
AnonPages:       1053404 kB
Mapped:           780052 kB
Shmem:             22072 kB
KReclaimable:     625928 kB
Slab:             223172 kB
SReclaimable:      69580 kB
SUnreclaim:       153592 kB
KernelStack:       43484 kB
PageTables:        55568 kB
NFS_Unstable:          0 kB
Bounce:                0 kB
WritebackTmp:          0 kB
CommitLimit:     6660208 kB
Committed_AS:   61318780 kB
VmallocTotal:   263061440 kB
VmallocUsed:       83860 kB
VmallocChunk:          0 kB
Percpu:             7552 kB
CmaTotal:         315392 kB
CmaFree:               0 kB
MemTotal:        5980404 kB
MemFree:         1081292 kB
MemAvailable:    2839532 kB
Buffers:            6164 kB
Cached:          1715244 kB
SwapCached:            0 kB
Active:          1301372 kB
Inactive:        1468236 kB
Active(anon):    1054820 kB
Inactive(anon):    20044 kB
Active(file):     246552 kB
Inactive(file):  1448192 kB
Unevictable:        5628 kB
Mlocked:            5628 kB
SwapTotal:       3670008 kB
SwapFree:        3670008 kB
Dirty:               220 kB
Writeback:             0 kB
AnonPages:       1054040 kB
Mapped:           780284 kB
Shmem:             22076 kB
KReclaimable:     625928 kB
Slab:             223172 kB
SReclaimable:      69580 kB
SUnreclaim:       153592 kB
KernelStack:       43424 kB
PageTables:        55568 kB
NFS_Unstable:          0 kB
Bounce:                0 kB
WritebackTmp:          0 kB
CommitLimit:     6660208 kB
Committed_AS:   61317180 kB
VmallocTotal:   263061440 kB
VmallocUsed:       83876 kB
VmallocChunk:          0 kB
Percpu:             7552 kB
CmaTotal:         315392 kB
CmaFree:               0 kB
MemTotal:        5980404 kB
MemFree:         1079868 kB
MemAvailable:    2838108 kB
Buffers:            6164 kB
Cached:          1715244 kB
SwapCached:            0 kB
Active:          1302604 kB
Inactive:        1468236 kB
Active(anon):    1056052 kB
Inactive(anon):    20044 kB
Active(file):     246552 kB
Inactive(file):  1448192 kB
Unevictable:        5628 kB
Mlocked:            5628 kB
SwapTotal:       3670008 kB
SwapFree:        3670008 kB
Dirty:               220 kB
Writeback:             0 kB
AnonPages:       1055252 kB
Mapped:           780296 kB
Shmem:             22076 kB
KReclaimable:     625928 kB
Slab:             223180 kB
SReclaimable:      69580 kB
SUnreclaim:       153600 kB
KernelStack:       43456 kB
PageTables:        55364 kB
NFS_Unstable:          0 kB
Bounce:                0 kB
WritebackTmp:          0 kB
CommitLimit:     6660208 kB
Committed_AS:   61316848 kB
VmallocTotal:   263061440 kB
VmallocUsed:       83828 kB
VmallocChunk:          0 kB
Percpu:             7552 kB
CmaTotal:         315392 kB
CmaFree:               0 kB
MemTotal:        5980404 kB
MemFree:         1080856 kB
MemAvailable:    2839096 kB
Buffers:            6164 kB
Cached:          1715244 kB
SwapCached:            0 kB
Active:          1303068 kB
Inactive:        1468236 kB
Active(anon):    1056516 kB
Inactive(anon):    20044 kB
Active(file):     246552 kB
Inactive(file):  1448192 kB
Unevictable:        5628 kB
Mlocked:            5628 kB
SwapTotal:       3670008 kB
SwapFree:        3670008 kB
Dirty:               308 kB
Writeback:             4 kB
AnonPages:       1055400 kB
Mapped:           780116 kB
Shmem:             22076 kB
KReclaimable:     625928 kB
Slab:             223164 kB
SReclaimable:      69580 kB
SUnreclaim:       153584 kB
KernelStack:       43424 kB
PageTables:        55404 kB
NFS_Unstable:          0 kB
Bounce:                0 kB
WritebackTmp:          0 kB
CommitLimit:     6660208 kB
Committed_AS:   61318828 kB
VmallocTotal:   263061440 kB
VmallocUsed:       83780 kB
VmallocChunk:          0 kB
Percpu:             7552 kB
CmaTotal:         315392 kB
CmaFree:               0 kB
MemTotal:        5980404 kB
MemFree:         1079216 kB
MemAvailable:    2837456 kB
Buffers:            6164 kB
Cached:          1715244 kB
SwapCached:            0 kB
Active:          1302960 kB
Inactive:        1468236 kB
Active(anon):    1056408 kB
Inactive(anon):    20044 kB
Active(file):     246552 kB
Inactive(file):  1448192 kB
Unevictable:        5628 kB
Mlocked:            5628 kB
SwapTotal:       3670008 kB
SwapFree:        3670008 kB
Dirty:               456 kB
Writeback:             0 kB
AnonPages:       1055548 kB
Mapped:           780056 kB
Shmem:             22076 kB
KReclaimable:     625928 kB
Slab:             223164 kB
SReclaimable:      69580 kB
SUnreclaim:       153584 kB
KernelStack:       43424 kB
PageTables:        55292 kB
NFS_Unstable:          0 kB
Bounce:                0 kB
WritebackTmp:          0 kB
CommitLimit:     6660208 kB
Committed_AS:   61319640 kB
VmallocTotal:   263061440 kB
VmallocUsed:       83764 kB
VmallocChunk:          0 kB
Percpu:             7552 kB
CmaTotal:         315392 kB
CmaFree:               0 kB
MemTotal:        5980404 kB
MemFree:         1078952 kB
MemAvailable:    2837196 kB
Buffers:            6164 kB
Cached:          1715248 kB
SwapCached:            0 kB
Active:          1303272 kB
Inactive:        1468240 kB
Active(anon):    1056720 kB
Inactive(anon):    20044 kB
Active(file):     246552 kB
Inactive(file):  1448196 kB
Unevictable:        5628 kB
Mlocked:            5628 kB
SwapTotal:       3670008 kB
SwapFree:        3670008 kB
Dirty:               136 kB
Writeback:             0 kB
AnonPages:       1055880 kB
Mapped:           780348 kB
Shmem:             22076 kB
KReclaimable:     625928 kB
Slab:             223200 kB
SReclaimable:      69580 kB
SUnreclaim:       153620 kB
KernelStack:       43456 kB
PageTables:        55376 kB
NFS_Unstable:          0 kB
Bounce:                0 kB
WritebackTmp:          0 kB
CommitLimit:     6660208 kB
Committed_AS:   61319376 kB
VmallocTotal:   263061440 kB
VmallocUsed:       83796 kB
VmallocChunk:          0 kB
Percpu:             7552 kB
CmaTotal:         315392 kB
CmaFree:               0 kB
MemTotal:        5980404 kB
MemFree:         1079184 kB
MemAvailable:    2837432 kB
Buffers:            6164 kB
Cached:          1715252 kB
SwapCached:            0 kB
Active:          1303480 kB
Inactive:        1468244 kB
Active(anon):    1056928 kB
Inactive(anon):    20044 kB
Active(file):     246552 kB
Inactive(file):  1448200 kB
Unevictable:        5628 kB
Mlocked:            5628 kB
SwapTotal:       3670008 kB
SwapFree:        3670008 kB
Dirty:               148 kB
Writeback:             0 kB
AnonPages:       1056248 kB
Mapped:           780216 kB
Shmem:             22076 kB
KReclaimable:     625928 kB
Slab:             223200 kB
SReclaimable:      69580 kB
SUnreclaim:       153620 kB
KernelStack:       43456 kB
PageTables:        55292 kB
NFS_Unstable:          0 kB
Bounce:                0 kB
WritebackTmp:          0 kB
CommitLimit:     6660208 kB
Committed_AS:   61317612 kB
VmallocTotal:   263061440 kB
VmallocUsed:       83780 kB
VmallocChunk:          0 kB
Percpu:             7552 kB
CmaTotal:         315392 kB
CmaFree:               0 kB
MemTotal:        5980404 kB
MemFree:         1078380 kB
MemAvailable:    2836628 kB
Buffers:            6164 kB
Cached:          1715260 kB
SwapCached:            0 kB
Active:          1303808 kB
Inactive:        1468248 kB
Active(anon):    1057252 kB
Inactive(anon):    20052 kB
Active(file):     246556 kB
Inactive(file):  1448196 kB
Unevictable:        5628 kB
Mlocked:            5628 kB
SwapTotal:       3670008 kB
SwapFree:        3670008 kB
Dirty:               264 kB
Writeback:             0 kB
AnonPages:       1056092 kB
Mapped:           780476 kB
Shmem:             22084 kB
KReclaimable:     625928 kB
Slab:             223200 kB
SReclaimable:      69580 kB
SUnreclaim:       153620 kB
KernelStack:       43552 kB
PageTables:        55388 kB
NFS_Unstable:          0 kB
Bounce:                0 kB
WritebackTmp:          0 kB
CommitLimit:     6660208 kB
Committed_AS:   61317468 kB
VmallocTotal:   263061440 kB
VmallocUsed:       83860 kB
VmallocChunk:          0 kB
Percpu:             7552 kB
CmaTotal:         315392 kB
CmaFree:               0 kB
MemTotal:        5980404 kB
MemFree:         1078536 kB
MemAvailable:    2836784 kB
Buffers:            6164 kB
Cached:          1715260 kB
SwapCached:            0 kB
Active:          1304208 kB
Inactive:        1468248 kB
Active(anon):    1057652 kB
Inactive(anon):    20052 kB
Active(file):     246556 kB
Inactive(file):  1448196 kB
Unevictable:        5628 kB
Mlocked:            5628 kB
SwapTotal:       3670008 kB
SwapFree:        3670008 kB
Dirty:               264 kB
Writeback:             0 kB
AnonPages:       1056596 kB
Mapped:           780292 kB
Shmem:             22084 kB
KReclaimable:     625928 kB
Slab:             223200 kB
SReclaimable:      69580 kB
SUnreclaim:       153620 kB
KernelStack:       43536 kB
PageTables:        55364 kB
NFS_Unstable:          0 kB
Bounce:                0 kB
WritebackTmp:          0 kB
CommitLimit:     6660208 kB
Committed_AS:   61319280 kB
VmallocTotal:   263061440 kB
VmallocUsed:       83844 kB
VmallocChunk:          0 kB
Percpu:             7552 kB
CmaTotal:         315392 kB
CmaFree:               0 kB
MemTotal:        5980404 kB
MemFree:         1077796 kB
MemAvailable:    2836044 kB
Buffers:            6164 kB
Cached:          1715260 kB
SwapCached:            0 kB
Active:          1304308 kB
Inactive:        1468248 kB
Active(anon):    1057752 kB
Inactive(anon):    20052 kB
Active(file):     246556 kB
Inactive(file):  1448196 kB
Unevictable:        5628 kB
Mlocked:            5628 kB
SwapTotal:       3670008 kB
SwapFree:        3670008 kB
Dirty:               264 kB
Writeback:             0 kB
AnonPages:       1056780 kB
Mapped:           780064 kB
Shmem:             22084 kB
KReclaimable:     625928 kB
Slab:             223200 kB
SReclaimable:      69580 kB
SUnreclaim:       153620 kB
KernelStack:       43596 kB
PageTables:        55372 kB
NFS_Unstable:          0 kB
Bounce:                0 kB
WritebackTmp:          0 kB
CommitLimit:     6660208 kB
Committed_AS:   61316604 kB
VmallocTotal:   263061440 kB
VmallocUsed:       83892 kB
VmallocChunk:          0 kB
Percpu:             7552 kB
CmaTotal:         315392 kB
CmaFree:               0 kB
MemTotal:        5980404 kB
MemFree:         1077872 kB
MemAvailable:    2836132 kB
Buffers:            6168 kB
Cached:          1715268 kB
SwapCached:            0 kB
Active:          1304496 kB
Inactive:        1468260 kB
Active(anon):    1057940 kB
Inactive(anon):    20052 kB
Active(file):     246556 kB
Inactive(file):  1448208 kB
Unevictable:        5628 kB
Mlocked:            5628 kB
SwapTotal:       3670008 kB
SwapFree:        3670008 kB
Dirty:               244 kB
Writeback:             0 kB
AnonPages:       1057168 kB
Mapped:           780292 kB
Shmem:             22084 kB
KReclaimable:     625928 kB
Slab:             223200 kB
SReclaimable:      69580 kB
SUnreclaim:       153620 kB
KernelStack:       43568 kB
PageTables:        55492 kB
NFS_Unstable:          0 kB
Bounce:                0 kB
WritebackTmp:          0 kB
CommitLimit:     6660208 kB
Committed_AS:   61320104 kB
VmallocTotal:   263061440 kB
VmallocUsed:       83860 kB
VmallocChunk:          0 kB
Percpu:             7552 kB
CmaTotal:         315392 kB
CmaFree:               0 kB
MemTotal:        5980404 kB
MemFree:         1077228 kB
MemAvailable:    2835492 kB
Buffers:            6168 kB
Cached:          1715276 kB
SwapCached:            0 kB
Active:          1305364 kB
Inactive:        1468264 kB
Active(anon):    1058804 kB
Inactive(anon):    20056 kB
Active(file):     246560 kB
Inactive(file):  1448208 kB
Unevictable:        5628 kB
Mlocked:            5628 kB
SwapTotal:       3670008 kB
SwapFree:        3670008 kB
Dirty:               248 kB
Writeback:             0 kB
AnonPages:       1057904 kB
Mapped:           780296 kB
Shmem:             22088 kB
KReclaimable:     625928 kB
Slab:             223208 kB
SReclaimable:      69580 kB
SUnreclaim:       153628 kB
KernelStack:       43536 kB
PageTables:        55372 kB
NFS_Unstable:          0 kB
Bounce:                0 kB
WritebackTmp:          0 kB
CommitLimit:     6660208 kB
Committed_AS:   61316144 kB
VmallocTotal:   263061440 kB
VmallocUsed:       83844 kB
VmallocChunk:          0 kB
Percpu:             7552 kB
CmaTotal:         315392 kB
CmaFree:               0 kB
MemTotal:        5980404 kB
MemFree:         1077780 kB
MemAvailable:    2836044 kB
Buffers:            6168 kB
Cached:          1715276 kB
SwapCached:            0 kB
Active:          1305064 kB
Inactive:        1468264 kB
Active(anon):    1058504 kB
Inactive(anon):    20056 kB
Active(file):     246560 kB
Inactive(file):  1448208 kB
Unevictable:        5628 kB
Mlocked:            5628 kB
SwapTotal:       3670008 kB
SwapFree:        3670008 kB
Dirty:               268 kB
Writeback:             0 kB
AnonPages:       1057460 kB
Mapped:           780276 kB
Shmem:             22088 kB
KReclaimable:     625928 kB
Slab:             223200 kB
SReclaimable:      69580 kB
SUnreclaim:       153620 kB
KernelStack:       43552 kB
PageTables:        55316 kB
NFS_Unstable:          0 kB
Bounce:                0 kB
WritebackTmp:          0 kB
CommitLimit:     6660208 kB
Committed_AS:   61319120 kB
VmallocTotal:   263061440 kB
VmallocUsed:       83828 kB
VmallocChunk:          0 kB
Percpu:             7552 kB
CmaTotal:         315392 kB
CmaFree:               0 kB
MemTotal:        5980404 kB
MemFree:         1077408 kB
MemAvailable:    2835672 kB
Buffers:            6168 kB
Cached:          1715276 kB
SwapCached:            0 kB
Active:          1304936 kB
Inactive:        1468264 kB
Active(anon):    1058376 kB
Inactive(anon):    20056 kB
Active(file):     246560 kB
Inactive(file):  1448208 kB
Unevictable:        5628 kB
Mlocked:            5628 kB
SwapTotal:       3670008 kB
SwapFree:        3670008 kB
Dirty:               364 kB
Writeback:             0 kB
AnonPages:       1057748 kB
Mapped:           780336 kB
Shmem:             22088 kB
KReclaimable:     625928 kB
Slab:             223200 kB
SReclaimable:      69580 kB
SUnreclaim:       153620 kB
KernelStack:       43552 kB
PageTables:        55556 kB
NFS_Unstable:          0 kB
Bounce:                0 kB
WritebackTmp:          0 kB
CommitLimit:     6660208 kB
Committed_AS:   61320220 kB
VmallocTotal:   263061440 kB
VmallocUsed:       83844 kB
VmallocChunk:          0 kB
Percpu:             7552 kB
CmaTotal:         315392 kB
CmaFree:               0 kB
MemTotal:        5980404 kB
MemFree:         1077644 kB
MemAvailable:    2835908 kB
Buffers:            6168 kB
Cached:          1715276 kB
SwapCached:            0 kB
Active:          1305352 kB
Inactive:        1468264 kB
Active(anon):    1058792 kB
Inactive(anon):    20056 kB
Active(file):     246560 kB
Inactive(file):  1448208 kB
Unevictable:        5628 kB
Mlocked:            5628 kB
SwapTotal:       3670008 kB
SwapFree:        3670008 kB
Dirty:               364 kB
Writeback:             0 kB
AnonPages:       1057780 kB
Mapped:           780316 kB
Shmem:             22088 kB
KReclaimable:     625928 kB
Slab:             223200 kB
SReclaimable:      69580 kB
SUnreclaim:       153620 kB
KernelStack:       43568 kB
PageTables:        55404 kB
NFS_Unstable:          0 kB
Bounce:                0 kB
WritebackTmp:          0 kB
CommitLimit:     6660208 kB
Committed_AS:   61317384 kB
VmallocTotal:   263061440 kB
VmallocUsed:       83860 kB
VmallocChunk:          0 kB
Percpu:             7552 kB
CmaTotal:         315392 kB
CmaFree:               4 kB
MemTotal:        5980404 kB
MemFree:         1078224 kB
MemAvailable:    2836488 kB
Buffers:            6168 kB
Cached:          1715276 kB
SwapCached:            0 kB
Active:          1305216 kB
Inactive:        1468264 kB
Active(anon):    1058656 kB
Inactive(anon):    20056 kB
Active(file):     246560 kB
Inactive(file):  1448208 kB
Unevictable:        5628 kB
Mlocked:            5628 kB
SwapTotal:       3670008 kB
SwapFree:        3670008 kB
Dirty:               120 kB
Writeback:             0 kB
AnonPages:       1057868 kB
Mapped:           780336 kB
Shmem:             22088 kB
KReclaimable:     625928 kB
Slab:             223224 kB
SReclaimable:      69580 kB
SUnreclaim:       153644 kB
KernelStack:       43520 kB
PageTables:        55236 kB
NFS_Unstable:          0 kB
Bounce:                0 kB
WritebackTmp:          0 kB
CommitLimit:     6660208 kB
Committed_AS:   61315744 kB
VmallocTotal:   263061440 kB
VmallocUsed:       83860 kB
VmallocChunk:          0 kB
Percpu:             7552 kB
CmaTotal:         315392 kB
CmaFree:               0 kB
MemTotal:        5980404 kB
MemFree:         1078096 kB
MemAvailable:    2836360 kB
Buffers:            6168 kB
Cached:          1715276 kB
SwapCached:            0 kB
Active:          1306164 kB
Inactive:        1468264 kB
Active(anon):    1059604 kB
Inactive(anon):    20056 kB
Active(file):     246560 kB
Inactive(file):  1448208 kB
Unevictable:        5628 kB
Mlocked:            5628 kB
SwapTotal:       3670008 kB
SwapFree:        3670008 kB
Dirty:               120 kB
Writeback:             0 kB
AnonPages:       1058568 kB
Mapped:           780336 kB
Shmem:             22088 kB
KReclaimable:     625928 kB
Slab:             223240 kB
SReclaimable:      69580 kB
SUnreclaim:       153660 kB
KernelStack:       43536 kB
PageTables:        55372 kB
NFS_Unstable:          0 kB
Bounce:                0 kB
WritebackTmp:          0 kB
CommitLimit:     6660208 kB
Committed_AS:   61317160 kB
VmallocTotal:   263061440 kB
VmallocUsed:       83860 kB
VmallocChunk:          0 kB
Percpu:             7552 kB
CmaTotal:         315392 kB
CmaFree:               0 kB
MemTotal:        5980404 kB
MemFree:         1077064 kB
MemAvailable:    2835328 kB
Buffers:            6168 kB
Cached:          1715276 kB
SwapCached:            0 kB
Active:          1305564 kB
Inactive:        1468264 kB
Active(anon):    1059004 kB
Inactive(anon):    20056 kB
Active(file):     246560 kB
Inactive(file):  1448208 kB
Unevictable:        5628 kB
Mlocked:            5628 kB
SwapTotal:       3670008 kB
SwapFree:        3670008 kB
Dirty:               136 kB
Writeback:             0 kB
AnonPages:       1058196 kB
Mapped:           780336 kB
Shmem:             22088 kB
KReclaimable:     625928 kB
Slab:             223224 kB
SReclaimable:      69580 kB
SUnreclaim:       153644 kB
KernelStack:       43536 kB
PageTables:        55364 kB
NFS_Unstable:          0 kB
Bounce:                0 kB
WritebackTmp:          0 kB
CommitLimit:     6660208 kB
Committed_AS:   61319980 kB
VmallocTotal:   263061440 kB
VmallocUsed:       83876 kB
VmallocChunk:          0 kB
Percpu:             7552 kB
CmaTotal:         315392 kB
CmaFree:               0 kB
MemTotal:        5980404 kB
MemFree:         1076308 kB
MemAvailable:    2834572 kB
Buffers:            6168 kB
Cached:          1715276 kB
SwapCached:            0 kB
Active:          1305948 kB
Inactive:        1468264 kB
Active(anon):    1059388 kB
Inactive(anon):    20056 kB
Active(file):     246560 kB
Inactive(file):  1448208 kB
Unevictable:        5628 kB
Mlocked:            5628 kB
SwapTotal:       3670008 kB
SwapFree:        3670008 kB
Dirty:               136 kB
Writeback:             0 kB
AnonPages:       1058736 kB
Mapped:           780360 kB
Shmem:             22088 kB
KReclaimable:     625928 kB
Slab:             223240 kB
SReclaimable:      69580 kB
SUnreclaim:       153660 kB
KernelStack:       43568 kB
PageTables:        55476 kB
NFS_Unstable:          0 kB
Bounce:                0 kB
WritebackTmp:          0 kB
CommitLimit:     6660208 kB
Committed_AS:   61318128 kB
VmallocTotal:   263061440 kB
VmallocUsed:       83876 kB
VmallocChunk:          0 kB
Percpu:             7552 kB
CmaTotal:         315392 kB
CmaFree:               0 kB
MemTotal:        5980404 kB
MemFree:         1076700 kB
MemAvailable:    2834964 kB
Buffers:            6168 kB
Cached:          1715276 kB
SwapCached:            0 kB
Active:          1306536 kB
Inactive:        1468264 kB
Active(anon):    1059976 kB
Inactive(anon):    20056 kB
Active(file):     246560 kB
Inactive(file):  1448208 kB
Unevictable:        5628 kB
Mlocked:            5628 kB
SwapTotal:       3670008 kB
SwapFree:        3670008 kB
Dirty:               136 kB
Writeback:             0 kB
AnonPages:       1058848 kB
Mapped:           780232 kB
Shmem:             22088 kB
KReclaimable:     625928 kB
Slab:             223264 kB
SReclaimable:      69580 kB
SUnreclaim:       153684 kB
KernelStack:       43568 kB
PageTables:        55464 kB
NFS_Unstable:          0 kB
Bounce:                0 kB
WritebackTmp:          0 kB
CommitLimit:     6660208 kB
Committed_AS:   61320196 kB
VmallocTotal:   263061440 kB
VmallocUsed:       83844 kB
VmallocChunk:          0 kB
Percpu:             7552 kB
CmaTotal:         315392 kB
CmaFree:               0 kB
MemTotal:        5980404 kB
MemFree:         1076244 kB
MemAvailable:    2834516 kB
Buffers:            6168 kB
Cached:          1715284 kB
SwapCached:            0 kB
Active:          1306508 kB
Inactive:        1468272 kB
Active(anon):    1059948 kB
Inactive(anon):    20056 kB
Active(file):     246560 kB
Inactive(file):  1448216 kB
Unevictable:        5628 kB
Mlocked:            5628 kB
SwapTotal:       3670008 kB
SwapFree:        3670008 kB
Dirty:               160 kB
Writeback:             0 kB
AnonPages:       1058860 kB
Mapped:           780320 kB
Shmem:             22088 kB
KReclaimable:     625928 kB
Slab:             223232 kB
SReclaimable:      69580 kB
SUnreclaim:       153652 kB
KernelStack:       43600 kB
PageTables:        55456 kB
NFS_Unstable:          0 kB
Bounce:                0 kB
WritebackTmp:          0 kB
CommitLimit:     6660208 kB
Committed_AS:   61316496 kB
VmallocTotal:   263061440 kB
VmallocUsed:       83860 kB
VmallocChunk:          0 kB
Percpu:             7552 kB
CmaTotal:         315392 kB
CmaFree:               0 kB
MemTotal:        5980404 kB
MemFree:         1075920 kB
MemAvailable:    2834192 kB
Buffers:            6168 kB
Cached:          1715296 kB
SwapCached:            0 kB
Active:          1307220 kB
Inactive:        1468284 kB
Active(anon):    1060660 kB
Inactive(anon):    20064 kB
Active(file):     246560 kB
Inactive(file):  1448220 kB
Unevictable:        5628 kB
Mlocked:            5628 kB
SwapTotal:       3670008 kB
SwapFree:        3670008 kB
Dirty:               184 kB
Writeback:             0 kB
AnonPages:       1059388 kB
Mapped:           780572 kB
Shmem:             22096 kB
KReclaimable:     625924 kB
Slab:             223228 kB
SReclaimable:      69576 kB
SUnreclaim:       153652 kB
KernelStack:       43568 kB
PageTables:        55488 kB
NFS_Unstable:          0 kB
Bounce:                0 kB
WritebackTmp:          0 kB
CommitLimit:     6660208 kB
Committed_AS:   61317040 kB
VmallocTotal:   263061440 kB
VmallocUsed:       83844 kB
VmallocChunk:          0 kB
Percpu:             7552 kB
CmaTotal:         315392 kB
CmaFree:               0 kB
MemTotal:        5980404 kB
MemFree:         1075888 kB
MemAvailable:    2834160 kB
Buffers:            6168 kB
Cached:          1715300 kB
SwapCached:            0 kB
Active:          1307656 kB
Inactive:        1468288 kB
Active(anon):    1061096 kB
Inactive(anon):    20068 kB
Active(file):     246560 kB
Inactive(file):  1448220 kB
Unevictable:        5628 kB
Mlocked:            5628 kB
SwapTotal:       3670008 kB
SwapFree:        3670008 kB
Dirty:               184 kB
Writeback:             0 kB
AnonPages:       1060500 kB
Mapped:           780348 kB
Shmem:             22100 kB
KReclaimable:     625924 kB
Slab:             223228 kB
SReclaimable:      69576 kB
SUnreclaim:       153652 kB
KernelStack:       43536 kB
PageTables:        55364 kB
NFS_Unstable:          0 kB
Bounce:                0 kB
WritebackTmp:          0 kB
CommitLimit:     6660208 kB
Committed_AS:   61316248 kB
VmallocTotal:   263061440 kB
VmallocUsed:       83860 kB
VmallocChunk:          0 kB
Percpu:             7552 kB
CmaTotal:         315392 kB
CmaFree:               0 kB
MemTotal:        5980404 kB
MemFree:         1074416 kB
MemAvailable:    2832688 kB
Buffers:            6168 kB
Cached:          1715300 kB
SwapCached:            0 kB
Active:          1307880 kB
Inactive:        1468288 kB
Active(anon):    1061320 kB
Inactive(anon):    20068 kB
Active(file):     246560 kB
Inactive(file):  1448220 kB
Unevictable:        5628 kB
Mlocked:            5628 kB
SwapTotal:       3670008 kB
SwapFree:        3670008 kB
Dirty:               184 kB
Writeback:             0 kB
AnonPages:       1060536 kB
Mapped:           780348 kB
Shmem:             22100 kB
KReclaimable:     625924 kB
Slab:             223228 kB
SReclaimable:      69576 kB
SUnreclaim:       153652 kB
KernelStack:       43584 kB
PageTables:        55504 kB
NFS_Unstable:          0 kB
Bounce:                0 kB
WritebackTmp:          0 kB
CommitLimit:     6660208 kB
Committed_AS:   61317960 kB
VmallocTotal:   263061440 kB
VmallocUsed:       83860 kB
VmallocChunk:          0 kB
Percpu:             7552 kB
CmaTotal:         315392 kB
CmaFree:               0 kB
MemTotal:        5980404 kB
MemFree:         1074548 kB
MemAvailable:    2832820 kB
Buffers:            6168 kB
Cached:          1715300 kB
SwapCached:            0 kB
Active:          1307700 kB
Inactive:        1468288 kB
Active(anon):    1061140 kB
Inactive(anon):    20068 kB
Active(file):     246560 kB
Inactive(file):  1448220 kB
Unevictable:        5628 kB
Mlocked:            5628 kB
SwapTotal:       3670008 kB
SwapFree:        3670008 kB
Dirty:               184 kB
Writeback:             0 kB
AnonPages:       1060112 kB
Mapped:           780348 kB
Shmem:             22100 kB
KReclaimable:     625924 kB
Slab:             223276 kB
SReclaimable:      69576 kB
SUnreclaim:       153700 kB
KernelStack:       43552 kB
PageTables:        55364 kB
NFS_Unstable:          0 kB
Bounce:                0 kB
WritebackTmp:          0 kB
CommitLimit:     6660208 kB
Committed_AS:   61320448 kB
VmallocTotal:   263061440 kB
VmallocUsed:       83844 kB
VmallocChunk:          0 kB
Percpu:             7552 kB
CmaTotal:         315392 kB
CmaFree:             128 kB
MemTotal:        5980404 kB
MemFree:         1074644 kB
MemAvailable:    2832916 kB
Buffers:            6168 kB
Cached:          1715300 kB
SwapCached:            0 kB
Active:          1307820 kB
Inactive:        1468288 kB
Active(anon):    1061260 kB
Inactive(anon):    20068 kB
Active(file):     246560 kB
Inactive(file):  1448220 kB
Unevictable:        5628 kB
Mlocked:            5628 kB
SwapTotal:       3670008 kB
SwapFree:        3670008 kB
Dirty:                96 kB
Writeback:             0 kB
AnonPages:       1060320 kB
Mapped:           780348 kB
Shmem:             22100 kB
KReclaimable:     625924 kB
Slab:             223204 kB
SReclaimable:      69576 kB
SUnreclaim:       153628 kB
KernelStack:       43584 kB
PageTables:        55624 kB
NFS_Unstable:          0 kB
Bounce:                0 kB
WritebackTmp:          0 kB
CommitLimit:     6660208 kB
Committed_AS:   61317968 kB
VmallocTotal:   263061440 kB
VmallocUsed:       83876 kB
VmallocChunk:          0 kB
Percpu:             7552 kB
CmaTotal:         315392 kB
CmaFree:               8 kB
MemTotal:        5980404 kB
MemFree:         1075212 kB
MemAvailable:    2833484 kB
Buffers:            6168 kB
Cached:          1715300 kB
SwapCached:            0 kB
Active:          1308176 kB
Inactive:        1468288 kB
Active(anon):    1061616 kB
Inactive(anon):    20068 kB
Active(file):     246560 kB
Inactive(file):  1448220 kB
Unevictable:        5628 kB
Mlocked:            5628 kB
SwapTotal:       3670008 kB
SwapFree:        3670008 kB
Dirty:                96 kB
Writeback:             0 kB
AnonPages:       1060604 kB
Mapped:           780348 kB
Shmem:             22100 kB
KReclaimable:     625924 kB
Slab:             223204 kB
SReclaimable:      69576 kB
SUnreclaim:       153628 kB
KernelStack:       43536 kB
PageTables:        55416 kB
NFS_Unstable:          0 kB
Bounce:                0 kB
WritebackTmp:          0 kB
CommitLimit:     6660208 kB
Committed_AS:   61317996 kB
VmallocTotal:   263061440 kB
VmallocUsed:       83844 kB
VmallocChunk:          0 kB
Percpu:             7552 kB
CmaTotal:         315392 kB
CmaFree:               0 kB
MemTotal:        5980404 kB
MemFree:         1074348 kB
MemAvailable:    2832644 kB
Buffers:            6176 kB
Cached:          1715316 kB
SwapCached:            0 kB
Active:          1309172 kB
Inactive:        1468304 kB
Active(anon):    1062604 kB
Inactive(anon):    20068 kB
Active(file):     246568 kB
Inactive(file):  1448236 kB
Unevictable:        5628 kB
Mlocked:            5628 kB
SwapTotal:       3670008 kB
SwapFree:        3670008 kB
Dirty:               120 kB
Writeback:             0 kB
AnonPages:       1061612 kB
Mapped:           780348 kB
Shmem:             22100 kB
KReclaimable:     625924 kB
Slab:             223196 kB
SReclaimable:      69576 kB
SUnreclaim:       153620 kB
KernelStack:       43568 kB
PageTables:        55492 kB
NFS_Unstable:          0 kB
Bounce:                0 kB
WritebackTmp:          0 kB
CommitLimit:     6660208 kB
Committed_AS:   61318236 kB
VmallocTotal:   263061440 kB
VmallocUsed:       83860 kB
VmallocChunk:          0 kB
Percpu:             7552 kB
CmaTotal:         315392 kB
CmaFree:               0 kB
MemTotal:        5980404 kB
MemFree:         1074396 kB
MemAvailable:    2832692 kB
Buffers:            6176 kB
Cached:          1715316 kB
SwapCached:            0 kB
Active:          1309328 kB
Inactive:        1468304 kB
Active(anon):    1062760 kB
Inactive(anon):    20068 kB
Active(file):     246568 kB
Inactive(file):  1448236 kB
Unevictable:        5628 kB
Mlocked:            5628 kB
SwapTotal:       3670008 kB
SwapFree:        3670008 kB
Dirty:               120 kB
Writeback:             0 kB
AnonPages:       1061860 kB
Mapped:           780332 kB
Shmem:             22100 kB
KReclaimable:     625924 kB
Slab:             223212 kB
SReclaimable:      69576 kB
SUnreclaim:       153636 kB
KernelStack:       43552 kB
PageTables:        55432 kB
NFS_Unstable:          0 kB
Bounce:                0 kB
WritebackTmp:          0 kB
CommitLimit:     6660208 kB
Committed_AS:   61319492 kB
VmallocTotal:   263061440 kB
VmallocUsed:       83876 kB
VmallocChunk:          0 kB
Percpu:             7552 kB
CmaTotal:         315392 kB
CmaFree:               0 kB
MemTotal:        5980404 kB
MemFree:         1073112 kB
MemAvailable:    2831408 kB
Buffers:            6176 kB
Cached:          1715316 kB
SwapCached:            0 kB
Active:          1309800 kB
Inactive:        1468304 kB
Active(anon):    1063232 kB
Inactive(anon):    20068 kB
Active(file):     246568 kB
Inactive(file):  1448236 kB
Unevictable:        5628 kB
Mlocked:            5628 kB
SwapTotal:       3670008 kB
SwapFree:        3670008 kB
Dirty:               148 kB
Writeback:             0 kB
AnonPages:       1062064 kB
Mapped:           780120 kB
Shmem:             22100 kB
KReclaimable:     625924 kB
Slab:             223196 kB
SReclaimable:      69576 kB
SUnreclaim:       153620 kB
KernelStack:       43536 kB
PageTables:        55356 kB
NFS_Unstable:          0 kB
Bounce:                0 kB
WritebackTmp:          0 kB
CommitLimit:     6660208 kB
Committed_AS:   61317784 kB
VmallocTotal:   263061440 kB
VmallocUsed:       83892 kB
VmallocChunk:          0 kB
Percpu:             7552 kB
CmaTotal:         315392 kB
CmaFree:               0 kB
MemTotal:        5980404 kB
MemFree:         1073024 kB
MemAvailable:    2831320 kB
Buffers:            6176 kB
Cached:          1715316 kB
SwapCached:            0 kB
Active:          1309636 kB
Inactive:        1468304 kB
Active(anon):    1063068 kB
Inactive(anon):    20068 kB
Active(file):     246568 kB
Inactive(file):  1448236 kB
Unevictable:        5628 kB
Mlocked:            5628 kB
SwapTotal:       3670008 kB
SwapFree:        3670008 kB
Dirty:               120 kB
Writeback:             0 kB
AnonPages:       1062272 kB
Mapped:           780120 kB
Shmem:             22100 kB
KReclaimable:     625924 kB
Slab:             223196 kB
SReclaimable:      69576 kB
SUnreclaim:       153620 kB
KernelStack:       43520 kB
PageTables:        55364 kB
NFS_Unstable:          0 kB
Bounce:                0 kB
WritebackTmp:          0 kB
CommitLimit:     6660208 kB
Committed_AS:   61317936 kB
VmallocTotal:   263061440 kB
VmallocUsed:       83844 kB
VmallocChunk:          0 kB
Percpu:             7552 kB
CmaTotal:         315392 kB
CmaFree:               0 kB
MemTotal:        5980404 kB
MemFree:         1072828 kB
MemAvailable:    2831124 kB
Buffers:            6176 kB
Cached:          1715316 kB
SwapCached:            0 kB
Active:          1310060 kB
Inactive:        1468304 kB
Active(anon):    1063492 kB
Inactive(anon):    20068 kB
Active(file):     246568 kB
Inactive(file):  1448236 kB
Unevictable:        5628 kB
Mlocked:            5628 kB
SwapTotal:       3670008 kB
SwapFree:        3670008 kB
Dirty:               120 kB
Writeback:             0 kB
AnonPages:       1062688 kB
Mapped:           780348 kB
Shmem:             22100 kB
KReclaimable:     625924 kB
Slab:             223196 kB
SReclaimable:      69576 kB
SUnreclaim:       153620 kB
KernelStack:       43536 kB
PageTables:        55564 kB
NFS_Unstable:          0 kB
Bounce:                0 kB
WritebackTmp:          0 kB
CommitLimit:     6660208 kB
Committed_AS:   61314344 kB
VmallocTotal:   263061440 kB
VmallocUsed:       83876 kB
VmallocChunk:          0 kB
Percpu:             7552 kB
CmaTotal:         315392 kB
CmaFree:               0 kB
MemTotal:        5980404 kB
MemFree:         1073216 kB
MemAvailable:    2831512 kB
Buffers:            6176 kB
Cached:          1715316 kB
SwapCached:            0 kB
Active:          1309228 kB
Inactive:        1468304 kB
Active(anon):    1062660 kB
Inactive(anon):    20068 kB
Active(file):     246568 kB
Inactive(file):  1448236 kB
Unevictable:        5628 kB
Mlocked:            5628 kB
SwapTotal:       3670008 kB
SwapFree:        3670008 kB
Dirty:               120 kB
Writeback:             0 kB
AnonPages:       1061708 kB
Mapped:           780328 kB
Shmem:             22100 kB
KReclaimable:     625924 kB
Slab:             223188 kB
SReclaimable:      69576 kB
SUnreclaim:       153612 kB
KernelStack:       43568 kB
PageTables:        55452 kB
NFS_Unstable:          0 kB
Bounce:                0 kB
WritebackTmp:          0 kB
CommitLimit:     6660208 kB
Committed_AS:   61317536 kB
VmallocTotal:   263061440 kB
VmallocUsed:       83860 kB
VmallocChunk:          0 kB
Percpu:             7552 kB
CmaTotal:         315392 kB
CmaFree:               0 kB
MemTotal:        5980404 kB
MemFree:         1072896 kB
MemAvailable:    2831184 kB
Buffers:            6176 kB
Cached:          1715312 kB
SwapCached:            0 kB
Active:          1309852 kB
Inactive:        1468304 kB
Active(anon):    1063288 kB
Inactive(anon):    20072 kB
Active(file):     246564 kB
Inactive(file):  1448232 kB
Unevictable:        5628 kB
Mlocked:            5628 kB
SwapTotal:       3670008 kB
SwapFree:        3670008 kB
Dirty:               108 kB
Writeback:             0 kB
AnonPages:       1062188 kB
Mapped:           780312 kB
Shmem:             22104 kB
KReclaimable:     625924 kB
Slab:             223204 kB
SReclaimable:      69576 kB
SUnreclaim:       153628 kB
KernelStack:       43568 kB
PageTables:        55532 kB
NFS_Unstable:          0 kB
Bounce:                0 kB
WritebackTmp:          0 kB
CommitLimit:     6660208 kB
Committed_AS:   61315688 kB
VmallocTotal:   263061440 kB
VmallocUsed:       83844 kB
VmallocChunk:          0 kB
Percpu:             7552 kB
CmaTotal:         315392 kB
CmaFree:               0 kB
MemTotal:        5980404 kB
MemFree:         1072972 kB
MemAvailable:    2831268 kB
Buffers:            6176 kB
Cached:          1715320 kB
SwapCached:            0 kB
Active:          1310156 kB
Inactive:        1468308 kB
Active(anon):    1063588 kB
Inactive(anon):    20072 kB
Active(file):     246568 kB
Inactive(file):  1448236 kB
Unevictable:        5628 kB
Mlocked:            5628 kB
SwapTotal:       3670008 kB
SwapFree:        3670008 kB
Dirty:               120 kB
Writeback:             0 kB
AnonPages:       1062548 kB
Mapped:           780164 kB
Shmem:             22104 kB
KReclaimable:     625924 kB
Slab:             223188 kB
SReclaimable:      69576 kB
SUnreclaim:       153612 kB
KernelStack:       43536 kB
PageTables:        55384 kB
NFS_Unstable:          0 kB
Bounce:                0 kB
WritebackTmp:          0 kB
CommitLimit:     6660208 kB
Committed_AS:   61316328 kB
VmallocTotal:   263061440 kB
VmallocUsed:       83844 kB
VmallocChunk:          0 kB
Percpu:             7552 kB
CmaTotal:         315392 kB
CmaFree:               0 kB
MemTotal:        5980404 kB
MemFree:         1073612 kB
MemAvailable:    2831908 kB
Buffers:            6176 kB
Cached:          1715320 kB
SwapCached:            0 kB
Active:          1310232 kB
Inactive:        1468308 kB
Active(anon):    1063664 kB
Inactive(anon):    20072 kB
Active(file):     246568 kB
Inactive(file):  1448236 kB
Unevictable:        5628 kB
Mlocked:            5628 kB
SwapTotal:       3670008 kB
SwapFree:        3670008 kB
Dirty:               100 kB
Writeback:             0 kB
AnonPages:       1062728 kB
Mapped:           780200 kB
Shmem:             22104 kB
KReclaimable:     625924 kB
Slab:             223196 kB
SReclaimable:      69576 kB
SUnreclaim:       153620 kB
KernelStack:       43536 kB
PageTables:        55632 kB
NFS_Unstable:          0 kB
Bounce:                0 kB
WritebackTmp:          0 kB
CommitLimit:     6660208 kB
Committed_AS:   61316148 kB
VmallocTotal:   263061440 kB
VmallocUsed:       83876 kB
VmallocChunk:          0 kB
Percpu:             7552 kB
CmaTotal:         315392 kB
CmaFree:               0 kB
MemTotal:        5980404 kB
MemFree:         1078944 kB
MemAvailable:    2837248 kB
Buffers:            6176 kB
Cached:          1715328 kB
SwapCached:            0 kB
Active:          1303172 kB
Inactive:        1468316 kB
Active(anon):    1056604 kB
Inactive(anon):    20072 kB
Active(file):     246568 kB
Inactive(file):  1448244 kB
Unevictable:        5628 kB
Mlocked:            5628 kB
SwapTotal:       3670008 kB
SwapFree:        3670008 kB
Dirty:               116 kB
Writeback:             0 kB
AnonPages:       1055692 kB
Mapped:           780100 kB
Shmem:             22104 kB
KReclaimable:     625924 kB
Slab:             223196 kB
SReclaimable:      69576 kB
SUnreclaim:       153620 kB
KernelStack:       43568 kB
PageTables:        55388 kB
NFS_Unstable:          0 kB
Bounce:                0 kB
WritebackTmp:          0 kB
CommitLimit:     6660208 kB
Committed_AS:   61317712 kB
VmallocTotal:   263061440 kB
VmallocUsed:       83876 kB
VmallocChunk:          0 kB
Percpu:             7552 kB
CmaTotal:         315392 kB
CmaFree:               0 kB
MemTotal:        5980404 kB
MemFree:         1078668 kB
MemAvailable:    2836972 kB
Buffers:            6176 kB
Cached:          1715328 kB
SwapCached:            0 kB
Active:          1303708 kB
Inactive:        1468316 kB
Active(anon):    1057140 kB
Inactive(anon):    20072 kB
Active(file):     246568 kB
Inactive(file):  1448244 kB
Unevictable:        5628 kB
Mlocked:            5628 kB
SwapTotal:       3670008 kB
SwapFree:        3670008 kB
Dirty:               116 kB
Writeback:             0 kB
AnonPages:       1056168 kB
Mapped:           780312 kB
Shmem:             22104 kB
KReclaimable:     625924 kB
Slab:             223196 kB
SReclaimable:      69576 kB
SUnreclaim:       153620 kB
KernelStack:       43536 kB
PageTables:        55680 kB
NFS_Unstable:          0 kB
Bounce:                0 kB
WritebackTmp:          0 kB
CommitLimit:     6660208 kB
Committed_AS:   61316280 kB
VmallocTotal:   263061440 kB
VmallocUsed:       83876 kB
VmallocChunk:          0 kB
Percpu:             7552 kB
CmaTotal:         315392 kB
CmaFree:               8 kB
MemTotal:        5980404 kB
MemFree:         1078980 kB
MemAvailable:    2837284 kB
Buffers:            6176 kB
Cached:          1715328 kB
SwapCached:            0 kB
Active:          1303904 kB
Inactive:        1468316 kB
Active(anon):    1057336 kB
Inactive(anon):    20072 kB
Active(file):     246568 kB
Inactive(file):  1448244 kB
Unevictable:        5628 kB
Mlocked:            5628 kB
SwapTotal:       3670008 kB
SwapFree:        3670008 kB
Dirty:               116 kB
Writeback:             0 kB
AnonPages:       1056612 kB
Mapped:           780352 kB
Shmem:             22104 kB
KReclaimable:     625924 kB
Slab:             223260 kB
SReclaimable:      69576 kB
SUnreclaim:       153684 kB
KernelStack:       43520 kB
PageTables:        55156 kB
NFS_Unstable:          0 kB
Bounce:                0 kB
WritebackTmp:          0 kB
CommitLimit:     6660208 kB
Committed_AS:   61318696 kB
VmallocTotal:   263061440 kB
VmallocUsed:       83876 kB
VmallocChunk:          0 kB
Percpu:             7552 kB
CmaTotal:         315392 kB
CmaFree:               0 kB
MemTotal:        5980404 kB
MemFree:         1077900 kB
MemAvailable:    2836204 kB
Buffers:            6176 kB
Cached:          1715328 kB
SwapCached:            0 kB
Active:          1304476 kB
Inactive:        1468316 kB
Active(anon):    1057908 kB
Inactive(anon):    20072 kB
Active(file):     246568 kB
Inactive(file):  1448244 kB
Unevictable:        5628 kB
Mlocked:            5628 kB
SwapTotal:       3670008 kB
SwapFree:        3670008 kB
Dirty:               132 kB
Writeback:             0 kB
AnonPages:       1057052 kB
Mapped:           780352 kB
Shmem:             22104 kB
KReclaimable:     625924 kB
Slab:             223196 kB
SReclaimable:      69576 kB
SUnreclaim:       153620 kB
KernelStack:       43536 kB
PageTables:        55440 kB
NFS_Unstable:          0 kB
Bounce:                0 kB
WritebackTmp:          0 kB
CommitLimit:     6660208 kB
Committed_AS:   61316052 kB
VmallocTotal:   263061440 kB
VmallocUsed:       83876 kB
VmallocChunk:          0 kB
Percpu:             7552 kB
CmaTotal:         315392 kB
CmaFree:               0 kB
MemTotal:        5980404 kB
MemFree:         1077512 kB
MemAvailable:    2835816 kB
Buffers:            6176 kB
Cached:          1715328 kB
SwapCached:            0 kB
Active:          1304660 kB
Inactive:        1468316 kB
Active(anon):    1058092 kB
Inactive(anon):    20072 kB
Active(file):     246568 kB
Inactive(file):  1448244 kB
Unevictable:        5628 kB
Mlocked:            5628 kB
SwapTotal:       3670008 kB
SwapFree:        3670008 kB
Dirty:               104 kB
Writeback:             0 kB
AnonPages:       1057028 kB
Mapped:           780412 kB
Shmem:             22104 kB
KReclaimable:     625924 kB
Slab:             223164 kB
SReclaimable:      69576 kB
SUnreclaim:       153588 kB
KernelStack:       43580 kB
PageTables:        55296 kB
NFS_Unstable:          0 kB
Bounce:                0 kB
WritebackTmp:          0 kB
CommitLimit:     6660208 kB
Committed_AS:   61317692 kB
VmallocTotal:   263061440 kB
VmallocUsed:       83892 kB
VmallocChunk:          0 kB
Percpu:             7552 kB
CmaTotal:         315392 kB
CmaFree:               0 kB
MemTotal:        5980404 kB
MemFree:         1077616 kB
MemAvailable:    2835920 kB
Buffers:            6180 kB
Cached:          1715324 kB
SwapCached:            0 kB
Active:          1304948 kB
Inactive:        1468316 kB
Active(anon):    1058380 kB
Inactive(anon):    20072 kB
Active(file):     246568 kB
Inactive(file):  1448244 kB
Unevictable:        5628 kB
Mlocked:            5628 kB
SwapTotal:       3670008 kB
SwapFree:        3670008 kB
Dirty:               140 kB
Writeback:             0 kB
AnonPages:       1057752 kB
Mapped:           780352 kB
Shmem:             22104 kB
KReclaimable:     625924 kB
Slab:             223164 kB
SReclaimable:      69576 kB
SUnreclaim:       153588 kB
KernelStack:       43552 kB
PageTables:        55504 kB
NFS_Unstable:          0 kB
Bounce:                0 kB
WritebackTmp:          0 kB
CommitLimit:     6660208 kB
Committed_AS:   61318212 kB
VmallocTotal:   263061440 kB
VmallocUsed:       83812 kB
VmallocChunk:          0 kB
Percpu:             7552 kB
CmaTotal:         315392 kB
CmaFree:               0 kB
MemTotal:        5980404 kB
MemFree:         1078060 kB
MemAvailable:    2836388 kB
Buffers:            6180 kB
Cached:          1715348 kB
SwapCached:            0 kB
Active:          1304836 kB
Inactive:        1468332 kB
Active(anon):    1058260 kB
Inactive(anon):    20072 kB
Active(file):     246576 kB
Inactive(file):  1448260 kB
Unevictable:        5628 kB
Mlocked:            5628 kB
SwapTotal:       3670008 kB
SwapFree:        3670008 kB
Dirty:               164 kB
Writeback:             0 kB
AnonPages:       1057452 kB
Mapped:           780368 kB
Shmem:             22104 kB
KReclaimable:     625924 kB
Slab:             223164 kB
SReclaimable:      69576 kB
SUnreclaim:       153588 kB
KernelStack:       43520 kB
PageTables:        55444 kB
NFS_Unstable:          0 kB
Bounce:                0 kB
WritebackTmp:          0 kB
CommitLimit:     6660208 kB
Committed_AS:   61317208 kB
VmallocTotal:   263061440 kB
VmallocUsed:       83812 kB
VmallocChunk:          0 kB
Percpu:             7552 kB
CmaTotal:         315392 kB
CmaFree:               0 kB
MemTotal:        5980404 kB
MemFree:         1077976 kB
MemAvailable:    2836296 kB
Buffers:            6180 kB
Cached:          1715340 kB
SwapCached:            0 kB
Active:          1304984 kB
Inactive:        1468328 kB
Active(anon):    1058412 kB
Inactive(anon):    20072 kB
Active(file):     246572 kB
Inactive(file):  1448256 kB
Unevictable:        5628 kB
Mlocked:            5628 kB
SwapTotal:       3670008 kB
SwapFree:        3670008 kB
Dirty:               160 kB
Writeback:             0 kB
AnonPages:       1057380 kB
Mapped:           780164 kB
Shmem:             22104 kB
KReclaimable:     625924 kB
Slab:             223172 kB
SReclaimable:      69576 kB
SUnreclaim:       153596 kB
KernelStack:       43536 kB
PageTables:        55328 kB
NFS_Unstable:          0 kB
Bounce:                0 kB
WritebackTmp:          0 kB
CommitLimit:     6660208 kB
Committed_AS:   61316052 kB
VmallocTotal:   263061440 kB
VmallocUsed:       83828 kB
VmallocChunk:          0 kB
Percpu:             7552 kB
CmaTotal:         315392 kB
CmaFree:               0 kB
MemTotal:        5980404 kB
MemFree:         1077832 kB
MemAvailable:    2836152 kB
Buffers:            6180 kB
Cached:          1715340 kB
SwapCached:            0 kB
Active:          1305324 kB
Inactive:        1468328 kB
Active(anon):    1058752 kB
Inactive(anon):    20072 kB
Active(file):     246572 kB
Inactive(file):  1448256 kB
Unevictable:        5628 kB
Mlocked:            5628 kB
SwapTotal:       3670008 kB
SwapFree:        3670008 kB
Dirty:               160 kB
Writeback:             0 kB
AnonPages:       1057852 kB
Mapped:           780352 kB
Shmem:             22104 kB
KReclaimable:     625924 kB
Slab:             223164 kB
SReclaimable:      69576 kB
SUnreclaim:       153588 kB
KernelStack:       43504 kB
PageTables:        55240 kB
NFS_Unstable:          0 kB
Bounce:                0 kB
WritebackTmp:          0 kB
CommitLimit:     6660208 kB
Committed_AS:   61314180 kB
VmallocTotal:   263061440 kB
VmallocUsed:       83828 kB
VmallocChunk:          0 kB
Percpu:             7552 kB
CmaTotal:         315392 kB
CmaFree:               0 kB
MemTotal:        5980404 kB
MemFree:         1077884 kB
MemAvailable:    2836204 kB
Buffers:            6180 kB
Cached:          1715340 kB
SwapCached:            0 kB
Active:          1306168 kB
Inactive:        1468328 kB
Active(anon):    1059596 kB
Inactive(anon):    20072 kB
Active(file):     246572 kB
Inactive(file):  1448256 kB
Unevictable:        5628 kB
Mlocked:            5628 kB
SwapTotal:       3670008 kB
SwapFree:        3670008 kB
Dirty:               120 kB
Writeback:             0 kB
AnonPages:       1058576 kB
Mapped:           780352 kB
Shmem:             22104 kB
KReclaimable:     625924 kB
Slab:             223164 kB
SReclaimable:      69576 kB
SUnreclaim:       153588 kB
KernelStack:       43536 kB
PageTables:        55492 kB
NFS_Unstable:          0 kB
Bounce:                0 kB
WritebackTmp:          0 kB
CommitLimit:     6660208 kB
Committed_AS:   61317996 kB
VmallocTotal:   263061440 kB
VmallocUsed:       83812 kB
VmallocChunk:          0 kB
Percpu:             7552 kB
CmaTotal:         315392 kB
CmaFree:               0 kB
MemTotal:        5980404 kB
MemFree:         1076984 kB
MemAvailable:    2835304 kB
Buffers:            6180 kB
Cached:          1715340 kB
SwapCached:            0 kB
Active:          1305952 kB
Inactive:        1468328 kB
Active(anon):    1059380 kB
Inactive(anon):    20072 kB
Active(file):     246572 kB
Inactive(file):  1448256 kB
Unevictable:        5628 kB
Mlocked:            5628 kB
SwapTotal:       3670008 kB
SwapFree:        3670008 kB
Dirty:               120 kB
Writeback:             0 kB
AnonPages:       1058552 kB
Mapped:           780368 kB
Shmem:             22104 kB
KReclaimable:     625924 kB
Slab:             223164 kB
SReclaimable:      69576 kB
SUnreclaim:       153588 kB
KernelStack:       43520 kB
PageTables:        55364 kB
NFS_Unstable:          0 kB
Bounce:                0 kB
WritebackTmp:          0 kB
CommitLimit:     6660208 kB
Committed_AS:   61316816 kB
VmallocTotal:   263061440 kB
VmallocUsed:       83860 kB
VmallocChunk:          0 kB
Percpu:             7552 kB
CmaTotal:         315392 kB
CmaFree:               0 kB
MemTotal:        5980404 kB
MemFree:         1077512 kB
MemAvailable:    2835832 kB
Buffers:            6180 kB
Cached:          1715340 kB
SwapCached:            0 kB
Active:          1306964 kB
Inactive:        1468328 kB
Active(anon):    1060392 kB
Inactive(anon):    20072 kB
Active(file):     246572 kB
Inactive(file):  1448256 kB
Unevictable:        5628 kB
Mlocked:            5628 kB
SwapTotal:       3670008 kB
SwapFree:        3670008 kB
Dirty:               120 kB
Writeback:             0 kB
AnonPages:       1059236 kB
Mapped:           780124 kB
Shmem:             22104 kB
KReclaimable:     625924 kB
Slab:             223164 kB
SReclaimable:      69576 kB
SUnreclaim:       153588 kB
KernelStack:       43536 kB
PageTables:        55312 kB
NFS_Unstable:          0 kB
Bounce:                0 kB
WritebackTmp:          0 kB
CommitLimit:     6660208 kB
Committed_AS:   61318052 kB
VmallocTotal:   263061440 kB
VmallocUsed:       83828 kB
VmallocChunk:          0 kB
Percpu:             7552 kB
CmaTotal:         315392 kB
CmaFree:               4 kB
MemTotal:        5980404 kB
MemFree:         1076328 kB
MemAvailable:    2834648 kB
Buffers:            6180 kB
Cached:          1715340 kB
SwapCached:            0 kB
Active:          1306912 kB
Inactive:        1468328 kB
Active(anon):    1060340 kB
Inactive(anon):    20072 kB
Active(file):     246572 kB
Inactive(file):  1448256 kB
Unevictable:        5628 kB
Mlocked:            5628 kB
SwapTotal:       3670008 kB
SwapFree:        3670008 kB
Dirty:               156 kB
Writeback:             0 kB
AnonPages:       1059584 kB
Mapped:           780236 kB
Shmem:             22104 kB
KReclaimable:     625924 kB
Slab:             223164 kB
SReclaimable:      69576 kB
SUnreclaim:       153588 kB
KernelStack:       43552 kB
PageTables:        55448 kB
NFS_Unstable:          0 kB
Bounce:                0 kB
WritebackTmp:          0 kB
CommitLimit:     6660208 kB
Committed_AS:   61314808 kB
VmallocTotal:   263061440 kB
VmallocUsed:       83828 kB
VmallocChunk:          0 kB
Percpu:             7552 kB
CmaTotal:         315392 kB
CmaFree:               0 kB
MemTotal:        5980404 kB
MemFree:         1075932 kB
MemAvailable:    2834252 kB
Buffers:            6180 kB
Cached:          1715340 kB
SwapCached:            0 kB
Active:          1307548 kB
Inactive:        1468328 kB
Active(anon):    1060976 kB
Inactive(anon):    20072 kB
Active(file):     246572 kB
Inactive(file):  1448256 kB
Unevictable:        5628 kB
Mlocked:            5628 kB
SwapTotal:       3670008 kB
SwapFree:        3670008 kB
Dirty:               156 kB
Writeback:             0 kB
AnonPages:       1060036 kB
Mapped:           780392 kB
Shmem:             22104 kB
KReclaimable:     625924 kB
Slab:             223092 kB
SReclaimable:      69576 kB
SUnreclaim:       153516 kB
KernelStack:       43552 kB
PageTables:        55332 kB
NFS_Unstable:          0 kB
Bounce:                0 kB
WritebackTmp:          0 kB
CommitLimit:     6660208 kB
Committed_AS:   61313036 kB
VmallocTotal:   263061440 kB
VmallocUsed:       83844 kB
VmallocChunk:          0 kB
Percpu:             7552 kB
CmaTotal:         315392 kB
CmaFree:               0 kB
MemTotal:        5980404 kB
MemFree:         1074932 kB
MemAvailable:    2833252 kB
Buffers:            6180 kB
Cached:          1715340 kB
SwapCached:            0 kB
Active:          1307868 kB
Inactive:        1468328 kB
Active(anon):    1061296 kB
Inactive(anon):    20072 kB
Active(file):     246572 kB
Inactive(file):  1448256 kB
Unevictable:        5628 kB
Mlocked:            5628 kB
SwapTotal:       3670008 kB
SwapFree:        3670008 kB
Dirty:               100 kB
Writeback:             0 kB
AnonPages:       1060276 kB
Mapped:           780352 kB
Shmem:             22104 kB
KReclaimable:     625924 kB
Slab:             223164 kB
SReclaimable:      69576 kB
SUnreclaim:       153588 kB
KernelStack:       43536 kB
PageTables:        55236 kB
NFS_Unstable:          0 kB
Bounce:                0 kB
WritebackTmp:          0 kB
CommitLimit:     6660208 kB
Committed_AS:   61313884 kB
VmallocTotal:   263061440 kB
VmallocUsed:       83860 kB
VmallocChunk:          0 kB
Percpu:             7552 kB
CmaTotal:         315392 kB
CmaFree:               0 kB
MemTotal:        5980404 kB
MemFree:         1074556 kB
MemAvailable:    2832880 kB
Buffers:            6180 kB
Cached:          1715360 kB
SwapCached:            0 kB
Active:          1308760 kB
Inactive:        1468348 kB
Active(anon):    1062188 kB
Inactive(anon):    20088 kB
Active(file):     246572 kB
Inactive(file):  1448260 kB
Unevictable:        5628 kB
Mlocked:            5628 kB
SwapTotal:       3670008 kB
SwapFree:        3670008 kB
Dirty:               172 kB
Writeback:             0 kB
AnonPages:       1061208 kB
Mapped:           780368 kB
Shmem:             22120 kB
KReclaimable:     625924 kB
Slab:             223172 kB
SReclaimable:      69576 kB
SUnreclaim:       153596 kB
KernelStack:       43616 kB
PageTables:        55236 kB
NFS_Unstable:          0 kB
Bounce:                0 kB
WritebackTmp:          0 kB
CommitLimit:     6660208 kB
Committed_AS:   61316472 kB
VmallocTotal:   263061440 kB
VmallocUsed:       83924 kB
VmallocChunk:          0 kB
Percpu:             7552 kB
CmaTotal:         315392 kB
CmaFree:               0 kB
MemTotal:        5980404 kB
MemFree:         1074484 kB
MemAvailable:    2832808 kB
Buffers:            6180 kB
Cached:          1715360 kB
SwapCached:            0 kB
Active:          1309608 kB
Inactive:        1468348 kB
Active(anon):    1063036 kB
Inactive(anon):    20088 kB
Active(file):     246572 kB
Inactive(file):  1448260 kB
Unevictable:        5628 kB
Mlocked:            5628 kB
SwapTotal:       3670008 kB
SwapFree:        3670008 kB
Dirty:               172 kB
Writeback:             0 kB
AnonPages:       1062220 kB
Mapped:           780256 kB
Shmem:             22120 kB
KReclaimable:     625924 kB
Slab:             223172 kB
SReclaimable:      69576 kB
SUnreclaim:       153596 kB
KernelStack:       43648 kB
PageTables:        55268 kB
NFS_Unstable:          0 kB
Bounce:                0 kB
WritebackTmp:          0 kB
CommitLimit:     6660208 kB
Committed_AS:   61317128 kB
VmallocTotal:   263061440 kB
VmallocUsed:       83940 kB
VmallocChunk:          0 kB
Percpu:             7552 kB
CmaTotal:         315392 kB
CmaFree:               0 kB
MemTotal:        5980404 kB
MemFree:         1074180 kB
MemAvailable:    2832504 kB
Buffers:            6180 kB
Cached:          1715360 kB
SwapCached:            0 kB
Active:          1309716 kB
Inactive:        1468348 kB
Active(anon):    1063144 kB
Inactive(anon):    20088 kB
Active(file):     246572 kB
Inactive(file):  1448260 kB
Unevictable:        5628 kB
Mlocked:            5628 kB
SwapTotal:       3670008 kB
SwapFree:        3670008 kB
Dirty:               180 kB
Writeback:             0 kB
AnonPages:       1062320 kB
Mapped:           780368 kB
Shmem:             22120 kB
KReclaimable:     625924 kB
Slab:             223164 kB
SReclaimable:      69576 kB
SUnreclaim:       153588 kB
KernelStack:       43616 kB
PageTables:        55260 kB
NFS_Unstable:          0 kB
Bounce:                0 kB
WritebackTmp:          0 kB
CommitLimit:     6660208 kB
Committed_AS:   61315988 kB
VmallocTotal:   263061440 kB
VmallocUsed:       83972 kB
VmallocChunk:          0 kB
Percpu:             7552 kB
CmaTotal:         315392 kB
CmaFree:               0 kB
MemTotal:        5980404 kB
MemFree:         1074584 kB
MemAvailable:    2832908 kB
Buffers:            6180 kB
Cached:          1715360 kB
SwapCached:            0 kB
Active:          1310356 kB
Inactive:        1468348 kB
Active(anon):    1063784 kB
Inactive(anon):    20088 kB
Active(file):     246572 kB
Inactive(file):  1448260 kB
Unevictable:        5628 kB
Mlocked:            5628 kB
SwapTotal:       3670008 kB
SwapFree:        3670008 kB
Dirty:               192 kB
Writeback:             0 kB
AnonPages:       1062836 kB
Mapped:           780100 kB
Shmem:             22120 kB
KReclaimable:     625924 kB
Slab:             223164 kB
SReclaimable:      69576 kB
SUnreclaim:       153588 kB
KernelStack:       43648 kB
PageTables:        55484 kB
NFS_Unstable:          0 kB
Bounce:                0 kB
WritebackTmp:          0 kB
CommitLimit:     6660208 kB
Committed_AS:   61317092 kB
VmallocTotal:   263061440 kB
VmallocUsed:       83956 kB
VmallocChunk:          0 kB
Percpu:             7552 kB
CmaTotal:         315392 kB
CmaFree:               0 kB
MemTotal:        5980404 kB
MemFree:         1073264 kB
MemAvailable:    2831588 kB
Buffers:            6180 kB
Cached:          1715360 kB
SwapCached:            0 kB
Active:          1310328 kB
Inactive:        1468348 kB
Active(anon):    1063756 kB
Inactive(anon):    20088 kB
Active(file):     246572 kB
Inactive(file):  1448260 kB
Unevictable:        5628 kB
Mlocked:            5628 kB
SwapTotal:       3670008 kB
SwapFree:        3670008 kB
Dirty:               192 kB
Writeback:             0 kB
AnonPages:       1062832 kB
Mapped:           780196 kB
Shmem:             22120 kB
KReclaimable:     625924 kB
Slab:             223164 kB
SReclaimable:      69576 kB
SUnreclaim:       153588 kB
KernelStack:       43632 kB
PageTables:        55512 kB
NFS_Unstable:          0 kB
Bounce:                0 kB
WritebackTmp:          0 kB
CommitLimit:     6660208 kB
Committed_AS:   61314292 kB
VmallocTotal:   263061440 kB
VmallocUsed:       83988 kB
VmallocChunk:          0 kB
Percpu:             7552 kB
CmaTotal:         315392 kB
CmaFree:               0 kB
MemTotal:        5980404 kB
MemFree:         1074284 kB
MemAvailable:    2832608 kB
Buffers:            6180 kB
Cached:          1715360 kB
SwapCached:            0 kB
Active:          1306908 kB
Inactive:        1468348 kB
Active(anon):    1060336 kB
Inactive(anon):    20088 kB
Active(file):     246572 kB
Inactive(file):  1448260 kB
Unevictable:        5628 kB
Mlocked:            5628 kB
SwapTotal:       3670008 kB
SwapFree:        3670008 kB
Dirty:               192 kB
Writeback:             0 kB
AnonPages:       1059260 kB
Mapped:           780232 kB
Shmem:             22120 kB
KReclaimable:     625924 kB
Slab:             223172 kB
SReclaimable:      69576 kB
SUnreclaim:       153596 kB
KernelStack:       43628 kB
PageTables:        55644 kB
NFS_Unstable:          0 kB
Bounce:                0 kB
WritebackTmp:          0 kB
CommitLimit:     6660208 kB
Committed_AS:   61315460 kB
VmallocTotal:   263061440 kB
VmallocUsed:       83940 kB
VmallocChunk:          0 kB
Percpu:             7552 kB
CmaTotal:         315392 kB
CmaFree:             128 kB
MemTotal:        5980404 kB
MemFree:         1075616 kB
MemAvailable:    2833956 kB
Buffers:            6184 kB
Cached:          1715372 kB
SwapCached:            0 kB
Active:          1307120 kB
Inactive:        1468360 kB
Active(anon):    1060544 kB
Inactive(anon):    20088 kB
Active(file):     246576 kB
Inactive(file):  1448272 kB
Unevictable:        5628 kB
Mlocked:            5628 kB
SwapTotal:       3670008 kB
SwapFree:        3670008 kB
Dirty:               192 kB
Writeback:             0 kB
AnonPages:       1059556 kB
Mapped:           780200 kB
Shmem:             22120 kB
KReclaimable:     625924 kB
Slab:             223164 kB
SReclaimable:      69576 kB
SUnreclaim:       153588 kB
KernelStack:       43664 kB
PageTables:        55316 kB
NFS_Unstable:          0 kB
Bounce:                0 kB
WritebackTmp:          0 kB
CommitLimit:     6660208 kB
Committed_AS:   61316692 kB
VmallocTotal:   263061440 kB
VmallocUsed:       83956 kB
VmallocChunk:          0 kB
Percpu:             7552 kB
CmaTotal:         315392 kB
CmaFree:               0 kB
MemTotal:        5980404 kB
MemFree:         1074760 kB
MemAvailable:    2833100 kB
Buffers:            6184 kB
Cached:          1715372 kB
SwapCached:            0 kB
Active:          1307352 kB
Inactive:        1468360 kB
Active(anon):    1060776 kB
Inactive(anon):    20088 kB
Active(file):     246576 kB
Inactive(file):  1448272 kB
Unevictable:        5628 kB
Mlocked:            5628 kB
SwapTotal:       3670008 kB
SwapFree:        3670008 kB
Dirty:               192 kB
Writeback:             0 kB
AnonPages:       1059872 kB
Mapped:           779656 kB
Shmem:             22120 kB
KReclaimable:     625924 kB
Slab:             223164 kB
SReclaimable:      69576 kB
SUnreclaim:       153588 kB
KernelStack:       43616 kB
PageTables:        55300 kB
NFS_Unstable:          0 kB
Bounce:                0 kB
WritebackTmp:          0 kB
CommitLimit:     6660208 kB
Committed_AS:   61313432 kB
VmallocTotal:   263061440 kB
VmallocUsed:       83956 kB
VmallocChunk:          0 kB
Percpu:             7552 kB
CmaTotal:         315392 kB
CmaFree:               0 kB
MemTotal:        5980404 kB
MemFree:         1074656 kB
MemAvailable:    2833000 kB
Buffers:            6184 kB
Cached:          1715384 kB
SwapCached:            0 kB
Active:          1306848 kB
Inactive:        1468368 kB
Active(anon):    1060268 kB
Inactive(anon):    20096 kB
Active(file):     246580 kB
Inactive(file):  1448272 kB
Unevictable:        5628 kB
Mlocked:            5628 kB
SwapTotal:       3670008 kB
SwapFree:        3670008 kB
Dirty:               192 kB
Writeback:             0 kB
AnonPages:       1059256 kB
Mapped:           779736 kB
Shmem:             22128 kB
KReclaimable:     625924 kB
Slab:             223180 kB
SReclaimable:      69576 kB
SUnreclaim:       153604 kB
KernelStack:       43632 kB
PageTables:        55720 kB
NFS_Unstable:          0 kB
Bounce:                0 kB
WritebackTmp:          0 kB
CommitLimit:     6660208 kB
Committed_AS:   61312072 kB
VmallocTotal:   263061440 kB
VmallocUsed:       83940 kB
VmallocChunk:          0 kB
Percpu:             7552 kB
CmaTotal:         315392 kB
CmaFree:               0 kB
MemTotal:        5980404 kB
MemFree:         1074736 kB
MemAvailable:    2833080 kB
Buffers:            6184 kB
Cached:          1715384 kB
SwapCached:            0 kB
Active:          1307260 kB
Inactive:        1468368 kB
Active(anon):    1060680 kB
Inactive(anon):    20096 kB
Active(file):     246580 kB
Inactive(file):  1448272 kB
Unevictable:        5628 kB
Mlocked:            5628 kB
SwapTotal:       3670008 kB
SwapFree:        3670008 kB
Dirty:               192 kB
Writeback:             0 kB
AnonPages:       1059944 kB
Mapped:           779736 kB
Shmem:             22128 kB
KReclaimable:     625924 kB
Slab:             223172 kB
SReclaimable:      69576 kB
SUnreclaim:       153596 kB
KernelStack:       43632 kB
PageTables:        55372 kB
NFS_Unstable:          0 kB
Bounce:                0 kB
WritebackTmp:          0 kB
CommitLimit:     6660208 kB
Committed_AS:   61312956 kB
VmallocTotal:   263061440 kB
VmallocUsed:       83956 kB
VmallocChunk:          0 kB
Percpu:             7552 kB
CmaTotal:         315392 kB
CmaFree:               0 kB
MemTotal:        5980404 kB
MemFree:         1074508 kB
MemAvailable:    2832852 kB
Buffers:            6184 kB
Cached:          1715384 kB
SwapCached:            0 kB
Active:          1307584 kB
Inactive:        1468368 kB
Active(anon):    1061004 kB
Inactive(anon):    20096 kB
Active(file):     246580 kB
Inactive(file):  1448272 kB
Unevictable:        5628 kB
Mlocked:            5628 kB
SwapTotal:       3670008 kB
SwapFree:        3670008 kB
Dirty:               192 kB
Writeback:             0 kB
AnonPages:       1060308 kB
Mapped:           779680 kB
Shmem:             22128 kB
KReclaimable:     625924 kB
Slab:             223172 kB
SReclaimable:      69576 kB
SUnreclaim:       153596 kB
KernelStack:       43632 kB
PageTables:        55408 kB
NFS_Unstable:          0 kB
Bounce:                0 kB
WritebackTmp:          0 kB
CommitLimit:     6660208 kB
Committed_AS:   61314608 kB
VmallocTotal:   263061440 kB
VmallocUsed:       83908 kB
VmallocChunk:          0 kB
Percpu:             7552 kB
CmaTotal:         315392 kB
CmaFree:               0 kB
MemTotal:        5980404 kB
MemFree:         1073324 kB
MemAvailable:    2831668 kB
Buffers:            6184 kB
Cached:          1715384 kB
SwapCached:            0 kB
Active:          1308544 kB
Inactive:        1468368 kB
Active(anon):    1061964 kB
Inactive(anon):    20096 kB
Active(file):     246580 kB
Inactive(file):  1448272 kB
Unevictable:        5628 kB
Mlocked:            5628 kB
SwapTotal:       3670008 kB
SwapFree:        3670008 kB
Dirty:               192 kB
Writeback:             0 kB
AnonPages:       1061008 kB
Mapped:           779736 kB
Shmem:             22128 kB
KReclaimable:     625924 kB
Slab:             223164 kB
SReclaimable:      69576 kB
SUnreclaim:       153588 kB
KernelStack:       43632 kB
PageTables:        55388 kB
NFS_Unstable:          0 kB
Bounce:                0 kB
WritebackTmp:          0 kB
CommitLimit:     6660208 kB
Committed_AS:   61314044 kB
VmallocTotal:   263061440 kB
VmallocUsed:       83940 kB
VmallocChunk:          0 kB
Percpu:             7552 kB
CmaTotal:         315392 kB
CmaFree:               0 kB
MemTotal:        5980404 kB
MemFree:         1072860 kB
MemAvailable:    2831204 kB
Buffers:            6184 kB
Cached:          1715384 kB
SwapCached:            0 kB
Active:          1309232 kB
Inactive:        1468368 kB
Active(anon):    1062652 kB
Inactive(anon):    20096 kB
Active(file):     246580 kB
Inactive(file):  1448272 kB
Unevictable:        5628 kB
Mlocked:            5628 kB
SwapTotal:       3670008 kB
SwapFree:        3670008 kB
Dirty:               260 kB
Writeback:             0 kB
AnonPages:       1061672 kB
Mapped:           779736 kB
Shmem:             22128 kB
KReclaimable:     625924 kB
Slab:             223172 kB
SReclaimable:      69576 kB
SUnreclaim:       153596 kB
KernelStack:       43584 kB
PageTables:        55232 kB
NFS_Unstable:          0 kB
Bounce:                0 kB
WritebackTmp:          0 kB
CommitLimit:     6660208 kB
Committed_AS:   61311496 kB
VmallocTotal:   263061440 kB
VmallocUsed:       83972 kB
VmallocChunk:          0 kB
Percpu:             7552 kB
CmaTotal:         315392 kB
CmaFree:               0 kB
MemTotal:        5980404 kB
MemFree:         1073668 kB
MemAvailable:    2832012 kB
Buffers:            6184 kB
Cached:          1715384 kB
SwapCached:            0 kB
Active:          1309168 kB
Inactive:        1468368 kB
Active(anon):    1062588 kB
Inactive(anon):    20096 kB
Active(file):     246580 kB
Inactive(file):  1448272 kB
Unevictable:        5628 kB
Mlocked:            5628 kB
SwapTotal:       3670008 kB
SwapFree:        3670008 kB
Dirty:               368 kB
Writeback:             0 kB
AnonPages:       1061756 kB
Mapped:           779736 kB
Shmem:             22128 kB
KReclaimable:     625924 kB
Slab:             223164 kB
SReclaimable:      69576 kB
SUnreclaim:       153588 kB
KernelStack:       43600 kB
PageTables:        55472 kB
NFS_Unstable:          0 kB
Bounce:                0 kB
WritebackTmp:          0 kB
CommitLimit:     6660208 kB
Committed_AS:   61313044 kB
VmallocTotal:   263061440 kB
VmallocUsed:       83956 kB
VmallocChunk:          0 kB
Percpu:             7552 kB
CmaTotal:         315392 kB
CmaFree:               0 kB
MemTotal:        5980404 kB
MemFree:         1073352 kB
MemAvailable:    2831696 kB
Buffers:            6184 kB
Cached:          1715384 kB
SwapCached:            0 kB
Active:          1309592 kB
Inactive:        1468368 kB
Active(anon):    1063012 kB
Inactive(anon):    20096 kB
Active(file):     246580 kB
Inactive(file):  1448272 kB
Unevictable:        5628 kB
Mlocked:            5628 kB
SwapTotal:       3670008 kB
SwapFree:        3670008 kB
Dirty:               104 kB
Writeback:             0 kB
AnonPages:       1062232 kB
Mapped:           779736 kB
Shmem:             22128 kB
KReclaimable:     625924 kB
Slab:             223196 kB
SReclaimable:      69576 kB
SUnreclaim:       153620 kB
KernelStack:       43632 kB
PageTables:        55500 kB
NFS_Unstable:          0 kB
Bounce:                0 kB
WritebackTmp:          0 kB
CommitLimit:     6660208 kB
Committed_AS:   61318172 kB
VmallocTotal:   263061440 kB
VmallocUsed:       83972 kB
VmallocChunk:          0 kB
Percpu:             7552 kB
CmaTotal:         315392 kB
CmaFree:               0 kB
MemTotal:        5980404 kB
MemFree:         1073540 kB
MemAvailable:    2831892 kB
Buffers:            6184 kB
Cached:          1715392 kB
SwapCached:            0 kB
Active:          1309336 kB
Inactive:        1468376 kB
Active(anon):    1062756 kB
Inactive(anon):    20096 kB
Active(file):     246580 kB
Inactive(file):  1448280 kB
Unevictable:        5628 kB
Mlocked:            5628 kB
SwapTotal:       3670008 kB
SwapFree:        3670008 kB
Dirty:               116 kB
Writeback:             0 kB
AnonPages:       1062012 kB
Mapped:           779508 kB
Shmem:             22128 kB
KReclaimable:     625924 kB
Slab:             223236 kB
SReclaimable:      69576 kB
SUnreclaim:       153660 kB
KernelStack:       43600 kB
PageTables:        55304 kB
NFS_Unstable:          0 kB
Bounce:                0 kB
WritebackTmp:          0 kB
CommitLimit:     6660208 kB
Committed_AS:   61315732 kB
VmallocTotal:   263061440 kB
VmallocUsed:       83972 kB
VmallocChunk:          0 kB
Percpu:             7552 kB
CmaTotal:         315392 kB
CmaFree:               0 kB
MemTotal:        5980404 kB
MemFree:         1073684 kB
MemAvailable:    2832036 kB
Buffers:            6184 kB
Cached:          1715392 kB
SwapCached:            0 kB
Active:          1309224 kB
Inactive:        1468376 kB
Active(anon):    1062644 kB
Inactive(anon):    20096 kB
Active(file):     246580 kB
Inactive(file):  1448280 kB
Unevictable:        5628 kB
Mlocked:            5628 kB
SwapTotal:       3670008 kB
SwapFree:        3670008 kB
Dirty:               116 kB
Writeback:             0 kB
AnonPages:       1061472 kB
Mapped:           779736 kB
Shmem:             22128 kB
KReclaimable:     625924 kB
Slab:             223236 kB
SReclaimable:      69576 kB
SUnreclaim:       153660 kB
KernelStack:       43536 kB
PageTables:        55376 kB
NFS_Unstable:          0 kB
Bounce:                0 kB
WritebackTmp:          0 kB
CommitLimit:     6660208 kB
Committed_AS:   61315828 kB
VmallocTotal:   263061440 kB
VmallocUsed:       83940 kB
VmallocChunk:          0 kB
Percpu:             7552 kB
CmaTotal:         315392 kB
CmaFree:               0 kB
MemTotal:        5980404 kB
MemFree:         1073524 kB
MemAvailable:    2831876 kB
Buffers:            6184 kB
Cached:          1715392 kB
SwapCached:            0 kB
Active:          1309852 kB
Inactive:        1468376 kB
Active(anon):    1063272 kB
Inactive(anon):    20096 kB
Active(file):     246580 kB
Inactive(file):  1448280 kB
Unevictable:        5628 kB
Mlocked:            5628 kB
SwapTotal:       3670008 kB
SwapFree:        3670008 kB
Dirty:               148 kB
Writeback:             0 kB
AnonPages:       1062132 kB
Mapped:           779724 kB
Shmem:             22128 kB
KReclaimable:     625924 kB
Slab:             223236 kB
SReclaimable:      69576 kB
SUnreclaim:       153660 kB
KernelStack:       43584 kB
PageTables:        55440 kB
NFS_Unstable:          0 kB
Bounce:                0 kB
WritebackTmp:          0 kB
CommitLimit:     6660208 kB
Committed_AS:   61318556 kB
VmallocTotal:   263061440 kB
VmallocUsed:       83924 kB
VmallocChunk:          0 kB
Percpu:             7552 kB
CmaTotal:         315392 kB
CmaFree:               0 kB
MemTotal:        5980404 kB
MemFree:         1073344 kB
MemAvailable:    2831696 kB
Buffers:            6184 kB
Cached:          1715392 kB
SwapCached:            0 kB
Active:          1309700 kB
Inactive:        1468376 kB
Active(anon):    1063120 kB
Inactive(anon):    20096 kB
Active(file):     246580 kB
Inactive(file):  1448280 kB
Unevictable:        5628 kB
Mlocked:            5628 kB
SwapTotal:       3670008 kB
SwapFree:        3670008 kB
Dirty:               156 kB
Writeback:             0 kB
AnonPages:       1062300 kB
Mapped:           779572 kB
Shmem:             22128 kB
KReclaimable:     625924 kB
Slab:             223204 kB
SReclaimable:      69576 kB
SUnreclaim:       153628 kB
KernelStack:       43568 kB
PageTables:        55452 kB
NFS_Unstable:          0 kB
Bounce:                0 kB
WritebackTmp:          0 kB
CommitLimit:     6660208 kB
Committed_AS:   61317192 kB
VmallocTotal:   263061440 kB
VmallocUsed:       83876 kB
VmallocChunk:          0 kB
Percpu:             7552 kB
CmaTotal:         315392 kB
CmaFree:               0 kB
MemTotal:        5980404 kB
MemFree:         1072888 kB
MemAvailable:    2831240 kB
Buffers:            6184 kB
Cached:          1715392 kB
SwapCached:            0 kB
Active:          1309840 kB
Inactive:        1468376 kB
Active(anon):    1063260 kB
Inactive(anon):    20096 kB
Active(file):     246580 kB
Inactive(file):  1448280 kB
Unevictable:        5628 kB
Mlocked:            5628 kB
SwapTotal:       3670008 kB
SwapFree:        3670008 kB
Dirty:               156 kB
Writeback:             0 kB
AnonPages:       1062456 kB
Mapped:           779736 kB
Shmem:             22128 kB
KReclaimable:     625924 kB
Slab:             223196 kB
SReclaimable:      69576 kB
SUnreclaim:       153620 kB
KernelStack:       43568 kB
PageTables:        55372 kB
NFS_Unstable:          0 kB
Bounce:                0 kB
WritebackTmp:          0 kB
CommitLimit:     6660208 kB
Committed_AS:   61315340 kB
VmallocTotal:   263061440 kB
VmallocUsed:       83860 kB
VmallocChunk:          0 kB
Percpu:             7552 kB
CmaTotal:         315392 kB
CmaFree:               0 kB
MemTotal:        5980404 kB
MemFree:         1071532 kB
MemAvailable:    2829884 kB
Buffers:            6184 kB
Cached:          1715392 kB
SwapCached:            0 kB
Active:          1310976 kB
Inactive:        1468376 kB
Active(anon):    1064396 kB
Inactive(anon):    20096 kB
Active(file):     246580 kB
Inactive(file):  1448280 kB
Unevictable:        5628 kB
Mlocked:            5628 kB
SwapTotal:       3670008 kB
SwapFree:        3670008 kB
Dirty:               160 kB
Writeback:             0 kB
AnonPages:       1063144 kB
Mapped:           779844 kB
Shmem:             22128 kB
KReclaimable:     625924 kB
Slab:             223204 kB
SReclaimable:      69576 kB
SUnreclaim:       153628 kB
KernelStack:       43600 kB
PageTables:        55436 kB
NFS_Unstable:          0 kB
Bounce:                0 kB
WritebackTmp:          0 kB
CommitLimit:     6660208 kB
Committed_AS:   61321480 kB
VmallocTotal:   263061440 kB
VmallocUsed:       83908 kB
VmallocChunk:          0 kB
Percpu:             7552 kB
CmaTotal:         315392 kB
CmaFree:               0 kB
MemTotal:        5980404 kB
MemFree:         1071924 kB
MemAvailable:    2830296 kB
Buffers:            6188 kB
Cached:          1715408 kB
SwapCached:            0 kB
Active:          1311144 kB
Inactive:        1468392 kB
Active(anon):    1064560 kB
Inactive(anon):    20100 kB
Active(file):     246584 kB
Inactive(file):  1448292 kB
Unevictable:        5628 kB
Mlocked:            5628 kB
SwapTotal:       3670008 kB
SwapFree:        3670008 kB
Dirty:               184 kB
Writeback:             0 kB
AnonPages:       1063700 kB
Mapped:           779620 kB
Shmem:             22132 kB
KReclaimable:     625928 kB
Slab:             223200 kB
SReclaimable:      69580 kB
SUnreclaim:       153620 kB
KernelStack:       43536 kB
PageTables:        55260 kB
NFS_Unstable:          0 kB
Bounce:                0 kB
WritebackTmp:          0 kB
CommitLimit:     6660208 kB
Committed_AS:   61317212 kB
VmallocTotal:   263061440 kB
VmallocUsed:       83876 kB
VmallocChunk:          0 kB
Percpu:             7552 kB
CmaTotal:         315392 kB
CmaFree:               0 kB
MemTotal:        5980404 kB
MemFree:         1072360 kB
MemAvailable:    2830732 kB
Buffers:            6188 kB
Cached:          1715408 kB
SwapCached:            0 kB
Active:          1310988 kB
Inactive:        1468392 kB
Active(anon):    1064404 kB
Inactive(anon):    20100 kB
Active(file):     246584 kB
Inactive(file):  1448292 kB
Unevictable:        5628 kB
Mlocked:            5628 kB
SwapTotal:       3670008 kB
SwapFree:        3670008 kB
Dirty:               192 kB
Writeback:             0 kB
AnonPages:       1063572 kB
Mapped:           779784 kB
Shmem:             22132 kB
KReclaimable:     625928 kB
Slab:             223200 kB
SReclaimable:      69580 kB
SUnreclaim:       153620 kB
KernelStack:       43520 kB
PageTables:        55368 kB
NFS_Unstable:          0 kB
Bounce:                0 kB
WritebackTmp:          0 kB
CommitLimit:     6660208 kB
Committed_AS:   61316916 kB
VmallocTotal:   263061440 kB
VmallocUsed:       83844 kB
VmallocChunk:          0 kB
Percpu:             7552 kB
CmaTotal:         315392 kB
CmaFree:               0 kB
MemTotal:        5980404 kB
MemFree:         1071968 kB
MemAvailable:    2830340 kB
Buffers:            6188 kB
Cached:          1715408 kB
SwapCached:            0 kB
Active:          1311384 kB
Inactive:        1468392 kB
Active(anon):    1064800 kB
Inactive(anon):    20100 kB
Active(file):     246584 kB
Inactive(file):  1448292 kB
Unevictable:        5628 kB
Mlocked:            5628 kB
SwapTotal:       3670008 kB
SwapFree:        3670008 kB
Dirty:               192 kB
Writeback:             0 kB
AnonPages:       1063764 kB
Mapped:           779784 kB
Shmem:             22132 kB
KReclaimable:     625928 kB
Slab:             223200 kB
SReclaimable:      69580 kB
SUnreclaim:       153620 kB
KernelStack:       43504 kB
PageTables:        55164 kB
NFS_Unstable:          0 kB
Bounce:                0 kB
WritebackTmp:          0 kB
CommitLimit:     6660208 kB
Committed_AS:   61317776 kB
VmallocTotal:   263061440 kB
VmallocUsed:       83812 kB
VmallocChunk:          0 kB
Percpu:             7552 kB
CmaTotal:         315392 kB
CmaFree:               0 kB
MemTotal:        5980404 kB
MemFree:         1077280 kB
MemAvailable:    2835652 kB
Buffers:            6188 kB
Cached:          1715408 kB
SwapCached:            0 kB
Active:          1304620 kB
Inactive:        1468392 kB
Active(anon):    1058036 kB
Inactive(anon):    20100 kB
Active(file):     246584 kB
Inactive(file):  1448292 kB
Unevictable:        5628 kB
Mlocked:            5628 kB
SwapTotal:       3670008 kB
SwapFree:        3670008 kB
Dirty:               192 kB
Writeback:             0 kB
AnonPages:       1057012 kB
Mapped:           779784 kB
Shmem:             22132 kB
KReclaimable:     625928 kB
Slab:             223216 kB
SReclaimable:      69580 kB
SUnreclaim:       153636 kB
KernelStack:       43504 kB
PageTables:        55368 kB
NFS_Unstable:          0 kB
Bounce:                0 kB
WritebackTmp:          0 kB
CommitLimit:     6660208 kB
Committed_AS:   61318584 kB
VmallocTotal:   263061440 kB
VmallocUsed:       83812 kB
VmallocChunk:          0 kB
Percpu:             7552 kB
CmaTotal:         315392 kB
CmaFree:               0 kB
MemTotal:        5980404 kB
MemFree:         1077872 kB
MemAvailable:    2836244 kB
Buffers:            6188 kB
Cached:          1715408 kB
SwapCached:            0 kB
Active:          1304684 kB
Inactive:        1468392 kB
Active(anon):    1058100 kB
Inactive(anon):    20100 kB
Active(file):     246584 kB
Inactive(file):  1448292 kB
Unevictable:        5628 kB
Mlocked:            5628 kB
SwapTotal:       3670008 kB
SwapFree:        3670008 kB
Dirty:               192 kB
Writeback:             0 kB
AnonPages:       1057388 kB
Mapped:           779968 kB
Shmem:             22132 kB
KReclaimable:     625928 kB
Slab:             223208 kB
SReclaimable:      69580 kB
SUnreclaim:       153628 kB
KernelStack:       43504 kB
PageTables:        55404 kB
NFS_Unstable:          0 kB
Bounce:                0 kB
WritebackTmp:          0 kB
CommitLimit:     6660208 kB
Committed_AS:   61318100 kB
VmallocTotal:   263061440 kB
VmallocUsed:       83828 kB
VmallocChunk:          0 kB
Percpu:             7552 kB
CmaTotal:         315392 kB
CmaFree:               0 kB
MemTotal:        5980404 kB
MemFree:         1077780 kB
MemAvailable:    2836152 kB
Buffers:            6188 kB
Cached:          1715408 kB
SwapCached:            0 kB
Active:          1305220 kB
Inactive:        1468392 kB
Active(anon):    1058636 kB
Inactive(anon):    20100 kB
Active(file):     246584 kB
Inactive(file):  1448292 kB
Unevictable:        5628 kB
Mlocked:            5628 kB
SwapTotal:       3670008 kB
SwapFree:        3670008 kB
Dirty:               192 kB
Writeback:             0 kB
AnonPages:       1057736 kB
Mapped:           779728 kB
Shmem:             22132 kB
KReclaimable:     625928 kB
Slab:             223208 kB
SReclaimable:      69580 kB
SUnreclaim:       153628 kB
KernelStack:       43536 kB
PageTables:        55404 kB
NFS_Unstable:          0 kB
Bounce:                0 kB
WritebackTmp:          0 kB
CommitLimit:     6660208 kB
Committed_AS:   61317092 kB
VmallocTotal:   263061440 kB
VmallocUsed:       83828 kB
VmallocChunk:          0 kB
Percpu:             7552 kB
CmaTotal:         315392 kB
CmaFree:               0 kB
MemTotal:        5980404 kB
MemFree:         1077128 kB
MemAvailable:    2835500 kB
Buffers:            6188 kB
Cached:          1715408 kB
SwapCached:            0 kB
Active:          1305456 kB
Inactive:        1468392 kB
Active(anon):    1058872 kB
Inactive(anon):    20100 kB
Active(file):     246584 kB
Inactive(file):  1448292 kB
Unevictable:        5628 kB
Mlocked:            5628 kB
SwapTotal:       3670008 kB
SwapFree:        3670008 kB
Dirty:               192 kB
Writeback:             0 kB
AnonPages:       1058088 kB
Mapped:           779784 kB
Shmem:             22132 kB
KReclaimable:     625928 kB
Slab:             223200 kB
SReclaimable:      69580 kB
SUnreclaim:       153620 kB
KernelStack:       43552 kB
PageTables:        55628 kB
NFS_Unstable:          0 kB
Bounce:                0 kB
WritebackTmp:          0 kB
CommitLimit:     6660208 kB
Committed_AS:   61312388 kB
VmallocTotal:   263061440 kB
VmallocUsed:       83844 kB
VmallocChunk:          0 kB
Percpu:             7552 kB
CmaTotal:         315392 kB
CmaFree:               0 kB
MemTotal:        5980404 kB
MemFree:         1076928 kB
MemAvailable:    2835308 kB
Buffers:            6188 kB
Cached:          1715416 kB
SwapCached:            0 kB
Active:          1305676 kB
Inactive:        1468396 kB
Active(anon):    1059088 kB
Inactive(anon):    20100 kB
Active(file):     246588 kB
Inactive(file):  1448296 kB
Unevictable:        5628 kB
Mlocked:            5628 kB
SwapTotal:       3670008 kB
SwapFree:        3670008 kB
Dirty:               196 kB
Writeback:             0 kB
AnonPages:       1058200 kB
Mapped:           779728 kB
Shmem:             22132 kB
KReclaimable:     625928 kB
Slab:             223208 kB
SReclaimable:      69580 kB
SUnreclaim:       153628 kB
KernelStack:       43520 kB
PageTables:        55408 kB
NFS_Unstable:          0 kB
Bounce:                0 kB
WritebackTmp:          0 kB
CommitLimit:     6660208 kB
Committed_AS:   61309064 kB
VmallocTotal:   263061440 kB
VmallocUsed:       83796 kB
VmallocChunk:          0 kB
Percpu:             7552 kB
CmaTotal:         315392 kB
CmaFree:               0 kB
MemTotal:        5980404 kB
MemFree:         1077712 kB
MemAvailable:    2836084 kB
Buffers:            6188 kB
Cached:          1715408 kB
SwapCached:            0 kB
Active:          1305972 kB
Inactive:        1468392 kB
Active(anon):    1059388 kB
Inactive(anon):    20100 kB
Active(file):     246584 kB
Inactive(file):  1448292 kB
Unevictable:        5628 kB
Mlocked:            5628 kB
SwapTotal:       3670008 kB
SwapFree:        3670008 kB
Dirty:               192 kB
Writeback:             0 kB
AnonPages:       1058788 kB
Mapped:           779784 kB
Shmem:             22132 kB
KReclaimable:     625928 kB
Slab:             223208 kB
SReclaimable:      69580 kB
SUnreclaim:       153628 kB
KernelStack:       43520 kB
PageTables:        55424 kB
NFS_Unstable:          0 kB
Bounce:                0 kB
WritebackTmp:          0 kB
CommitLimit:     6660208 kB
Committed_AS:   61310264 kB
VmallocTotal:   263061440 kB
VmallocUsed:       83812 kB
VmallocChunk:          0 kB
Percpu:             7552 kB
CmaTotal:         315392 kB
CmaFree:               0 kB
MemTotal:        5980404 kB
MemFree:         1077928 kB
MemAvailable:    2836308 kB
Buffers:            6188 kB
Cached:          1715416 kB
SwapCached:            0 kB
Active:          1306388 kB
Inactive:        1468400 kB
Active(anon):    1059804 kB
Inactive(anon):    20100 kB
Active(file):     246584 kB
Inactive(file):  1448300 kB
Unevictable:        5628 kB
Mlocked:            5628 kB
SwapTotal:       3670008 kB
SwapFree:        3670008 kB
Dirty:               212 kB
Writeback:             0 kB
AnonPages:       1058884 kB
Mapped:           779744 kB
Shmem:             22132 kB
KReclaimable:     625928 kB
Slab:             223208 kB
SReclaimable:      69580 kB
SUnreclaim:       153628 kB
KernelStack:       43552 kB
PageTables:        55272 kB
NFS_Unstable:          0 kB
Bounce:                0 kB
WritebackTmp:          0 kB
CommitLimit:     6660208 kB
Committed_AS:   61312084 kB
VmallocTotal:   263061440 kB
VmallocUsed:       83796 kB
VmallocChunk:          0 kB
Percpu:             7552 kB
CmaTotal:         315392 kB
CmaFree:               0 kB
MemTotal:        5980404 kB
MemFree:         1077756 kB
MemAvailable:    2836136 kB
Buffers:            6188 kB
Cached:          1715416 kB
SwapCached:            0 kB
Active:          1306640 kB
Inactive:        1468400 kB
Active(anon):    1060056 kB
Inactive(anon):    20100 kB
Active(file):     246584 kB
Inactive(file):  1448300 kB
Unevictable:        5628 kB
Mlocked:            5628 kB
SwapTotal:       3670008 kB
SwapFree:        3670008 kB
Dirty:               216 kB
Writeback:             0 kB
AnonPages:       1059240 kB
Mapped:           779784 kB
Shmem:             22132 kB
KReclaimable:     625928 kB
Slab:             223216 kB
SReclaimable:      69580 kB
SUnreclaim:       153636 kB
KernelStack:       43536 kB
PageTables:        55496 kB
NFS_Unstable:          0 kB
Bounce:                0 kB
WritebackTmp:          0 kB
CommitLimit:     6660208 kB
Committed_AS:   61309300 kB
VmallocTotal:   263061440 kB
VmallocUsed:       83844 kB
VmallocChunk:          0 kB
Percpu:             7552 kB
CmaTotal:         315392 kB
CmaFree:               0 kB
MemTotal:        5980404 kB
MemFree:         1077640 kB
MemAvailable:    2836020 kB
Buffers:            6188 kB
Cached:          1715416 kB
SwapCached:            0 kB
Active:          1307080 kB
Inactive:        1468400 kB
Active(anon):    1060496 kB
Inactive(anon):    20100 kB
Active(file):     246584 kB
Inactive(file):  1448300 kB
Unevictable:        5628 kB
Mlocked:            5628 kB
SwapTotal:       3670008 kB
SwapFree:        3670008 kB
Dirty:               216 kB
Writeback:             0 kB
AnonPages:       1059832 kB
Mapped:           779784 kB
Shmem:             22132 kB
KReclaimable:     625928 kB
Slab:             223208 kB
SReclaimable:      69580 kB
SUnreclaim:       153628 kB
KernelStack:       43504 kB
PageTables:        55424 kB
NFS_Unstable:          0 kB
Bounce:                0 kB
WritebackTmp:          0 kB
CommitLimit:     6660208 kB
Committed_AS:   61310592 kB
VmallocTotal:   263061440 kB
VmallocUsed:       83828 kB
VmallocChunk:          0 kB
Percpu:             7552 kB
CmaTotal:         315392 kB
CmaFree:               0 kB
MemTotal:        5980404 kB
MemFree:         1076420 kB
MemAvailable:    2834800 kB
Buffers:            6188 kB
Cached:          1715416 kB
SwapCached:            0 kB
Active:          1307460 kB
Inactive:        1468400 kB
Active(anon):    1060876 kB
Inactive(anon):    20100 kB
Active(file):     246584 kB
Inactive(file):  1448300 kB
Unevictable:        5628 kB
Mlocked:            5628 kB
SwapTotal:       3670008 kB
SwapFree:        3670008 kB
Dirty:               216 kB
Writeback:             0 kB
AnonPages:       1059976 kB
Mapped:           779592 kB
Shmem:             22132 kB
KReclaimable:     625928 kB
Slab:             223208 kB
SReclaimable:      69580 kB
SUnreclaim:       153628 kB
KernelStack:       43504 kB
PageTables:        55500 kB
NFS_Unstable:          0 kB
Bounce:                0 kB
WritebackTmp:          0 kB
CommitLimit:     6660208 kB
Committed_AS:   61307916 kB
VmallocTotal:   263061440 kB
VmallocUsed:       83812 kB
VmallocChunk:          0 kB
Percpu:             7552 kB
CmaTotal:         315392 kB
CmaFree:               0 kB
MemTotal:        5980404 kB
MemFree:         1076836 kB
MemAvailable:    2835216 kB
Buffers:            6188 kB
Cached:          1715416 kB
SwapCached:            0 kB
Active:          1307700 kB
Inactive:        1468400 kB
Active(anon):    1061116 kB
Inactive(anon):    20100 kB
Active(file):     246584 kB
Inactive(file):  1448300 kB
Unevictable:        5628 kB
Mlocked:            5628 kB
SwapTotal:       3670008 kB
SwapFree:        3670008 kB
Dirty:               216 kB
Writeback:             0 kB
AnonPages:       1060056 kB
Mapped:           779620 kB
Shmem:             22132 kB
KReclaimable:     625928 kB
Slab:             223208 kB
SReclaimable:      69580 kB
SUnreclaim:       153628 kB
KernelStack:       43488 kB
PageTables:        55260 kB
NFS_Unstable:          0 kB
Bounce:                0 kB
WritebackTmp:          0 kB
CommitLimit:     6660208 kB
Committed_AS:   61309912 kB
VmallocTotal:   263061440 kB
VmallocUsed:       83796 kB
VmallocChunk:          0 kB
Percpu:             7552 kB
CmaTotal:         315392 kB
CmaFree:               0 kB
MemTotal:        5980404 kB
MemFree:         1078512 kB
MemAvailable:    2836892 kB
Buffers:            6188 kB
Cached:          1715416 kB
SwapCached:            0 kB
Active:          1303952 kB
Inactive:        1468400 kB
Active(anon):    1057368 kB
Inactive(anon):    20100 kB
Active(file):     246584 kB
Inactive(file):  1448300 kB
Unevictable:        5628 kB
Mlocked:            5628 kB
SwapTotal:       3670008 kB
SwapFree:        3670008 kB
Dirty:               216 kB
Writeback:             0 kB
AnonPages:       1056668 kB
Mapped:           779808 kB
Shmem:             22132 kB
KReclaimable:     625928 kB
Slab:             223208 kB
SReclaimable:      69580 kB
SUnreclaim:       153628 kB
KernelStack:       43488 kB
PageTables:        55236 kB
NFS_Unstable:          0 kB
Bounce:                0 kB
WritebackTmp:          0 kB
CommitLimit:     6660208 kB
Committed_AS:   61305764 kB
VmallocTotal:   263061440 kB
VmallocUsed:       83780 kB
VmallocChunk:          0 kB
Percpu:             7552 kB
CmaTotal:         315392 kB
CmaFree:               0 kB
MemTotal:        5980404 kB
MemFree:         1078336 kB
MemAvailable:    2836740 kB
Buffers:            6196 kB
Cached:          1715428 kB
SwapCached:            0 kB
Active:          1303784 kB
Inactive:        1468412 kB
Active(anon):    1057192 kB
Inactive(anon):    20100 kB
Active(file):     246592 kB
Inactive(file):  1448312 kB
Unevictable:        5628 kB
Mlocked:            5628 kB
SwapTotal:       3670008 kB
SwapFree:        3670008 kB
Dirty:               204 kB
Writeback:             0 kB
AnonPages:       1056104 kB
Mapped:           779756 kB
Shmem:             22132 kB
KReclaimable:     625932 kB
Slab:             223212 kB
SReclaimable:      69584 kB
SUnreclaim:       153628 kB
KernelStack:       43520 kB
PageTables:        55408 kB
NFS_Unstable:          0 kB
Bounce:                0 kB
WritebackTmp:          0 kB
CommitLimit:     6660208 kB
Committed_AS:   61314040 kB
VmallocTotal:   263061440 kB
VmallocUsed:       83828 kB
VmallocChunk:          0 kB
Percpu:             7552 kB
CmaTotal:         315392 kB
CmaFree:               0 kB
MemTotal:        5980404 kB
MemFree:         1077868 kB
MemAvailable:    2836272 kB
Buffers:            6196 kB
Cached:          1715428 kB
SwapCached:            0 kB
Active:          1304152 kB
Inactive:        1468412 kB
Active(anon):    1057560 kB
Inactive(anon):    20100 kB
Active(file):     246592 kB
Inactive(file):  1448312 kB
Unevictable:        5628 kB
Mlocked:            5628 kB
SwapTotal:       3670008 kB
SwapFree:        3670008 kB
Dirty:               204 kB
Writeback:             0 kB
AnonPages:       1056660 kB
Mapped:           779620 kB
Shmem:             22132 kB
KReclaimable:     625932 kB
Slab:             223212 kB
SReclaimable:      69584 kB
SUnreclaim:       153628 kB
KernelStack:       43520 kB
PageTables:        55396 kB
NFS_Unstable:          0 kB
Bounce:                0 kB
WritebackTmp:          0 kB
CommitLimit:     6660208 kB
Committed_AS:   61312724 kB
VmallocTotal:   263061440 kB
VmallocUsed:       83828 kB
VmallocChunk:          0 kB
Percpu:             7552 kB
CmaTotal:         315392 kB
CmaFree:              48 kB
MemTotal:        5980404 kB
MemFree:         1078032 kB
MemAvailable:    2836436 kB
Buffers:            6196 kB
Cached:          1715428 kB
SwapCached:            0 kB
Active:          1304756 kB
Inactive:        1468412 kB
Active(anon):    1058164 kB
Inactive(anon):    20100 kB
Active(file):     246592 kB
Inactive(file):  1448312 kB
Unevictable:        5628 kB
Mlocked:            5628 kB
SwapTotal:       3670008 kB
SwapFree:        3670008 kB
Dirty:               204 kB
Writeback:             0 kB
AnonPages:       1057176 kB
Mapped:           779748 kB
Shmem:             22132 kB
KReclaimable:     625932 kB
Slab:             223324 kB
SReclaimable:      69584 kB
SUnreclaim:       153740 kB
KernelStack:       43552 kB
PageTables:        55348 kB
NFS_Unstable:          0 kB
Bounce:                0 kB
WritebackTmp:          0 kB
CommitLimit:     6660208 kB
Committed_AS:   61308792 kB
VmallocTotal:   263061440 kB
VmallocUsed:       83812 kB
