MemTotal:       12113136 kB
MemFree:          777192 kB
MemAvailable:    7848428 kB
Buffers:            8648 kB
Cached:          7131836 kB
SwapCached:            0 kB
Active:          2348672 kB
Inactive:        6110644 kB
Active(anon):    1031716 kB
Inactive(anon):   346988 kB
Active(file):    1316956 kB
Inactive(file):  5763656 kB
Unevictable:        5592 kB
Mlocked:            5592 kB
SwapTotal:       3145724 kB
SwapFree:        3145724 kB
Dirty:               416 kB
Writeback:             0 kB
AnonPages:       1324564 kB
Mapped:           698336 kB
Shmem:             55328 kB
KReclaimable:     875712 kB
Slab:             245808 kB
SReclaimable:      97964 kB
SUnreclaim:       147844 kB
KernelStack:       47636 kB
PageTables:        64288 kB
NFS_Unstable:          0 kB
Bounce:                0 kB
WritebackTmp:          0 kB
CommitLimit:     9202292 kB
Committed_AS:   67539720 kB
VmallocTotal:   263061440 kB
VmallocUsed:      104520 kB
VmallocChunk:          0 kB
Percpu:             7680 kB
CmaTotal:         294912 kB
CmaFree:               0 kB
MemTotal:       12113136 kB
MemFree:          773904 kB
MemAvailable:    7845224 kB
Buffers:            8648 kB
Cached:          7132180 kB
SwapCached:            0 kB
Active:          2351536 kB
Inactive:        6110952 kB
Active(anon):    1034544 kB
Inactive(anon):   347248 kB
Active(file):    1316992 kB
Inactive(file):  5763704 kB
Unevictable:        5592 kB
Mlocked:            5592 kB
SwapTotal:       3145724 kB
SwapFree:        3145724 kB
Dirty:               580 kB
Writeback:             0 kB
AnonPages:       1327428 kB
Mapped:           698580 kB
Shmem:             55588 kB
KReclaimable:     875712 kB
Slab:             245840 kB
SReclaimable:      97964 kB
SUnreclaim:       147876 kB
KernelStack:       47696 kB
PageTables:        64500 kB
NFS_Unstable:          0 kB
Bounce:                0 kB
WritebackTmp:          0 kB
CommitLimit:     9202292 kB
Committed_AS:   67551804 kB
VmallocTotal:   263061440 kB
VmallocUsed:      104568 kB
VmallocChunk:          0 kB
Percpu:             7680 kB
CmaTotal:         294912 kB
CmaFree:               0 kB
MemTotal:       12113136 kB
MemFree:          771156 kB
MemAvailable:    7842492 kB
Buffers:            8648 kB
Cached:          7132452 kB
SwapCached:            0 kB
Active:          2351756 kB
Inactive:        6111224 kB
Active(anon):    1034764 kB
Inactive(anon):   347504 kB
Active(file):    1316992 kB
Inactive(file):  5763720 kB
Unevictable:        5592 kB
Mlocked:            5592 kB
SwapTotal:       3145724 kB
SwapFree:        3145724 kB
Dirty:               788 kB
Writeback:             0 kB
AnonPages:       1327712 kB
Mapped:           698540 kB
Shmem:             55844 kB
KReclaimable:     875712 kB
Slab:             245848 kB
SReclaimable:      97964 kB
SUnreclaim:       147884 kB
KernelStack:       47664 kB
PageTables:        64344 kB
NFS_Unstable:          0 kB
Bounce:                0 kB
WritebackTmp:          0 kB
CommitLimit:     9202292 kB
Committed_AS:   67551364 kB
VmallocTotal:   263061440 kB
VmallocUsed:      104552 kB
VmallocChunk:          0 kB
Percpu:             7680 kB
CmaTotal:         294912 kB
CmaFree:               0 kB
MemTotal:       12113136 kB
MemFree:          769208 kB
MemAvailable:    7840580 kB
Buffers:            8652 kB
Cached:          7132740 kB
SwapCached:            0 kB
Active:          2352868 kB
Inactive:        6111516 kB
Active(anon):    1035876 kB
Inactive(anon):   347760 kB
Active(file):    1316992 kB
Inactive(file):  5763756 kB
Unevictable:        5592 kB
Mlocked:            5592 kB
SwapTotal:       3145724 kB
SwapFree:        3145724 kB
Dirty:              1084 kB
Writeback:             0 kB
AnonPages:       1328452 kB
Mapped:           698712 kB
Shmem:             56100 kB
KReclaimable:     875712 kB
Slab:             245856 kB
SReclaimable:      97964 kB
SUnreclaim:       147892 kB
KernelStack:       47584 kB
PageTables:        64464 kB
NFS_Unstable:          0 kB
Bounce:                0 kB
WritebackTmp:          0 kB
CommitLimit:     9202292 kB
Committed_AS:   67551416 kB
VmallocTotal:   263061440 kB
VmallocUsed:      104536 kB
VmallocChunk:          0 kB
Percpu:             7680 kB
CmaTotal:         294912 kB
CmaFree:               0 kB
MemTotal:       12113136 kB
MemFree:          768136 kB
MemAvailable:    7839536 kB
Buffers:            8652 kB
Cached:          7133024 kB
SwapCached:            0 kB
Active:          2354536 kB
Inactive:        6111796 kB
Active(anon):    1037540 kB
Inactive(anon):   348016 kB
Active(file):    1316996 kB
Inactive(file):  5763780 kB
Unevictable:        5592 kB
Mlocked:            5592 kB
SwapTotal:       3145724 kB
SwapFree:        3145724 kB
Dirty:              1212 kB
Writeback:             0 kB
AnonPages:       1330144 kB
Mapped:           698412 kB
Shmem:             56356 kB
KReclaimable:     875712 kB
Slab:             245864 kB
SReclaimable:      97964 kB
SUnreclaim:       147900 kB
KernelStack:       47616 kB
PageTables:        64352 kB
NFS_Unstable:          0 kB
Bounce:                0 kB
WritebackTmp:          0 kB
CommitLimit:     9202292 kB
Committed_AS:   67559276 kB
VmallocTotal:   263061440 kB
VmallocUsed:      104600 kB
VmallocChunk:          0 kB
Percpu:             7680 kB
CmaTotal:         294912 kB
CmaFree:               0 kB
MemTotal:       12113136 kB
MemFree:          792268 kB
MemAvailable:    7863688 kB
Buffers:            8652 kB
Cached:          7124980 kB
SwapCached:            0 kB
Active:          2337416 kB
Inactive:        6103752 kB
Active(anon):    1020420 kB
Inactive(anon):   339952 kB
Active(file):    1316996 kB
Inactive(file):  5763800 kB
Unevictable:        5592 kB
Mlocked:            5592 kB
SwapTotal:       3145724 kB
SwapFree:        3145724 kB
Dirty:              1248 kB
Writeback:             0 kB
AnonPages:       1313204 kB
Mapped:           698680 kB
Shmem:             48292 kB
KReclaimable:     875712 kB
Slab:             245928 kB
SReclaimable:      97964 kB
SUnreclaim:       147964 kB
KernelStack:       47648 kB
PageTables:        64536 kB
NFS_Unstable:          0 kB
Bounce:                0 kB
WritebackTmp:          0 kB
CommitLimit:     9202292 kB
Committed_AS:   67557332 kB
VmallocTotal:   263061440 kB
VmallocUsed:      104584 kB
VmallocChunk:          0 kB
Percpu:             7680 kB
CmaTotal:         294912 kB
CmaFree:              40 kB
MemTotal:       12113136 kB
MemFree:          792516 kB
MemAvailable:    7863948 kB
Buffers:            8652 kB
Cached:          7124864 kB
SwapCached:            0 kB
Active:          2337880 kB
Inactive:        6103636 kB
Active(anon):    1020884 kB
Inactive(anon):   339824 kB
Active(file):    1316996 kB
Inactive(file):  5763812 kB
Unevictable:        5592 kB
Mlocked:            5592 kB
SwapTotal:       3145724 kB
SwapFree:        3145724 kB
Dirty:               264 kB
Writeback:             0 kB
AnonPages:       1313456 kB
Mapped:           698720 kB
Shmem:             48164 kB
KReclaimable:     875712 kB
Slab:             245900 kB
SReclaimable:      97964 kB
SUnreclaim:       147936 kB
KernelStack:       47616 kB
PageTables:        64820 kB
NFS_Unstable:          0 kB
Bounce:                0 kB
WritebackTmp:          0 kB
CommitLimit:     9202292 kB
Committed_AS:   67549484 kB
VmallocTotal:   263061440 kB
VmallocUsed:      104600 kB
VmallocChunk:          0 kB
Percpu:             7680 kB
CmaTotal:         294912 kB
CmaFree:               0 kB
MemTotal:       12113136 kB
MemFree:          792568 kB
MemAvailable:    7864008 kB
Buffers:            8652 kB
Cached:          7125128 kB
SwapCached:            0 kB
Active:          2339172 kB
Inactive:        6103900 kB
Active(anon):    1022176 kB
Inactive(anon):   340080 kB
Active(file):    1316996 kB
Inactive(file):  5763820 kB
Unevictable:        5592 kB
Mlocked:            5592 kB
SwapTotal:       3145724 kB
SwapFree:        3145724 kB
Dirty:               332 kB
Writeback:             0 kB
AnonPages:       1314752 kB
Mapped:           698688 kB
Shmem:             48420 kB
KReclaimable:     875712 kB
Slab:             245732 kB
SReclaimable:      97964 kB
SUnreclaim:       147768 kB
KernelStack:       47644 kB
PageTables:        64640 kB
NFS_Unstable:          0 kB
Bounce:                0 kB
WritebackTmp:          0 kB
CommitLimit:     9202292 kB
Committed_AS:   67543824 kB
VmallocTotal:   263061440 kB
VmallocUsed:      104600 kB
VmallocChunk:          0 kB
Percpu:             7680 kB
CmaTotal:         294912 kB
CmaFree:               0 kB
MemTotal:       12113136 kB
MemFree:          791140 kB
MemAvailable:    7862620 kB
Buffers:            8652 kB
Cached:          7125408 kB
SwapCached:            0 kB
Active:          2340232 kB
Inactive:        6104180 kB
Active(anon):    1023236 kB
Inactive(anon):   340320 kB
Active(file):    1316996 kB
Inactive(file):  5763860 kB
Unevictable:        5592 kB
Mlocked:            5592 kB
SwapTotal:       3145724 kB
SwapFree:        3145724 kB
Dirty:               444 kB
Writeback:             0 kB
AnonPages:       1315888 kB
Mapped:           698764 kB
Shmem:             48660 kB
KReclaimable:     875712 kB
Slab:             245732 kB
SReclaimable:      97964 kB
SUnreclaim:       147768 kB
KernelStack:       47648 kB
PageTables:        64420 kB
NFS_Unstable:          0 kB
Bounce:                0 kB
WritebackTmp:          0 kB
CommitLimit:     9202292 kB
Committed_AS:   67549384 kB
VmallocTotal:   263061440 kB
VmallocUsed:      104648 kB
VmallocChunk:          0 kB
Percpu:             7680 kB
CmaTotal:         294912 kB
CmaFree:               0 kB
MemTotal:       12113136 kB
MemFree:          789660 kB
MemAvailable:    7861156 kB
Buffers:            8652 kB
Cached:          7125572 kB
SwapCached:            0 kB
Active:          2341580 kB
Inactive:        6104340 kB
Active(anon):    1024584 kB
Inactive(anon):   340464 kB
Active(file):    1316996 kB
Inactive(file):  5763876 kB
Unevictable:        5592 kB
Mlocked:            5592 kB
SwapTotal:       3145724 kB
SwapFree:        3145724 kB
Dirty:               484 kB
Writeback:             0 kB
AnonPages:       1317544 kB
Mapped:           698536 kB
Shmem:             48804 kB
KReclaimable:     875712 kB
Slab:             245748 kB
SReclaimable:      97964 kB
SUnreclaim:       147784 kB
KernelStack:       47616 kB
PageTables:        64272 kB
NFS_Unstable:          0 kB
Bounce:                0 kB
WritebackTmp:          0 kB
CommitLimit:     9202292 kB
Committed_AS:   67543700 kB
VmallocTotal:   263061440 kB
VmallocUsed:      104584 kB
VmallocChunk:          0 kB
Percpu:             7680 kB
CmaTotal:         294912 kB
CmaFree:               0 kB
MemTotal:       12113136 kB
MemFree:          787528 kB
MemAvailable:    7859048 kB
Buffers:            8652 kB
Cached:          7125976 kB
SwapCached:            0 kB
Active:          2343372 kB
Inactive:        6104748 kB
Active(anon):    1026376 kB
Inactive(anon):   340848 kB
Active(file):    1316996 kB
Inactive(file):  5763900 kB
Unevictable:        5592 kB
Mlocked:            5592 kB
SwapTotal:       3145724 kB
SwapFree:        3145724 kB
Dirty:               524 kB
Writeback:             0 kB
AnonPages:       1319096 kB
Mapped:           698848 kB
Shmem:             49188 kB
KReclaimable:     875712 kB
Slab:             245724 kB
SReclaimable:      97964 kB
SUnreclaim:       147760 kB
KernelStack:       47584 kB
PageTables:        64400 kB
NFS_Unstable:          0 kB
Bounce:                0 kB
WritebackTmp:          0 kB
CommitLimit:     9202292 kB
Committed_AS:   67538692 kB
VmallocTotal:   263061440 kB
VmallocUsed:      104568 kB
VmallocChunk:          0 kB
Percpu:             7680 kB
CmaTotal:         294912 kB
CmaFree:               0 kB
MemTotal:       12113136 kB
MemFree:          785144 kB
MemAvailable:    7856680 kB
Buffers:            8652 kB
Cached:          7126248 kB
SwapCached:            0 kB
Active:          2343860 kB
Inactive:        6105020 kB
Active(anon):    1026864 kB
Inactive(anon):   341104 kB
Active(file):    1316996 kB
Inactive(file):  5763916 kB
Unevictable:        5592 kB
Mlocked:            5592 kB
SwapTotal:       3145724 kB
SwapFree:        3145724 kB
Dirty:               572 kB
Writeback:             0 kB
AnonPages:       1319352 kB
Mapped:           698592 kB
Shmem:             49444 kB
KReclaimable:     875712 kB
Slab:             245764 kB
SReclaimable:      97964 kB
SUnreclaim:       147800 kB
KernelStack:       47616 kB
PageTables:        64536 kB
NFS_Unstable:          0 kB
Bounce:                0 kB
WritebackTmp:          0 kB
CommitLimit:     9202292 kB
Committed_AS:   67540936 kB
VmallocTotal:   263061440 kB
VmallocUsed:      104568 kB
VmallocChunk:          0 kB
Percpu:             7680 kB
CmaTotal:         294912 kB
CmaFree:               0 kB
MemTotal:       12113136 kB
MemFree:          785220 kB
MemAvailable:    7856784 kB
Buffers:            8652 kB
Cached:          7126532 kB
SwapCached:            0 kB
Active:          2344588 kB
Inactive:        6105304 kB
Active(anon):    1027592 kB
Inactive(anon):   341360 kB
Active(file):    1316996 kB
Inactive(file):  5763944 kB
Unevictable:        5592 kB
Mlocked:            5592 kB
SwapTotal:       3145724 kB
SwapFree:        3145724 kB
Dirty:               636 kB
Writeback:             0 kB
AnonPages:       1320216 kB
Mapped:           698652 kB
Shmem:             49700 kB
KReclaimable:     875712 kB
Slab:             245732 kB
SReclaimable:      97964 kB
SUnreclaim:       147768 kB
KernelStack:       47600 kB
PageTables:        64404 kB
NFS_Unstable:          0 kB
Bounce:                0 kB
WritebackTmp:          0 kB
CommitLimit:     9202292 kB
Committed_AS:   67550760 kB
VmallocTotal:   263061440 kB
VmallocUsed:      104584 kB
VmallocChunk:          0 kB
Percpu:             7680 kB
CmaTotal:         294912 kB
CmaFree:               0 kB
MemTotal:       12113136 kB
MemFree:          783708 kB
MemAvailable:    7855300 kB
Buffers:            8652 kB
Cached:          7126816 kB
SwapCached:            0 kB
Active:          2345940 kB
Inactive:        6105588 kB
Active(anon):    1028944 kB
Inactive(anon):   341616 kB
Active(file):    1316996 kB
Inactive(file):  5763972 kB
Unevictable:        5592 kB
Mlocked:            5592 kB
SwapTotal:       3145724 kB
SwapFree:        3145724 kB
Dirty:               688 kB
Writeback:             0 kB
AnonPages:       1321676 kB
Mapped:           698868 kB
Shmem:             49956 kB
KReclaimable:     875712 kB
Slab:             245764 kB
SReclaimable:      97964 kB
SUnreclaim:       147800 kB
KernelStack:       47600 kB
PageTables:        64348 kB
NFS_Unstable:          0 kB
Bounce:                0 kB
WritebackTmp:          0 kB
CommitLimit:     9202292 kB
Committed_AS:   67557260 kB
VmallocTotal:   263061440 kB
VmallocUsed:      104600 kB
VmallocChunk:          0 kB
Percpu:             7680 kB
CmaTotal:         294912 kB
CmaFree:               0 kB
MemTotal:       12113136 kB
MemFree:          781692 kB
MemAvailable:    7853308 kB
Buffers:            8652 kB
Cached:          7127096 kB
SwapCached:            0 kB
Active:          2347088 kB
Inactive:        6105868 kB
Active(anon):    1030092 kB
Inactive(anon):   341872 kB
Active(file):    1316996 kB
Inactive(file):  5763996 kB
Unevictable:        5592 kB
Mlocked:            5592 kB
SwapTotal:       3145724 kB
SwapFree:        3145724 kB
Dirty:               748 kB
Writeback:             0 kB
AnonPages:       1322464 kB
Mapped:           698872 kB
Shmem:             50212 kB
KReclaimable:     875712 kB
Slab:             245732 kB
SReclaimable:      97964 kB
SUnreclaim:       147768 kB
KernelStack:       47616 kB
PageTables:        64388 kB
NFS_Unstable:          0 kB
Bounce:                0 kB
WritebackTmp:          0 kB
CommitLimit:     9202292 kB
Committed_AS:   67547248 kB
VmallocTotal:   263061440 kB
VmallocUsed:      104632 kB
VmallocChunk:          0 kB
Percpu:             7680 kB
CmaTotal:         294912 kB
CmaFree:               0 kB
MemTotal:       12113136 kB
MemFree:          794184 kB
MemAvailable:    7865812 kB
Buffers:            8652 kB
Cached:          7127364 kB
SwapCached:            0 kB
Active:          2333780 kB
Inactive:        6106136 kB
Active(anon):    1016784 kB
Inactive(anon):   342128 kB
Active(file):    1316996 kB
Inactive(file):  5764008 kB
Unevictable:        5592 kB
Mlocked:            5592 kB
SwapTotal:       3145724 kB
SwapFree:        3145724 kB
Dirty:               776 kB
Writeback:             0 kB
AnonPages:       1309708 kB
Mapped:           689560 kB
Shmem:             50468 kB
KReclaimable:     875712 kB
Slab:             245748 kB
SReclaimable:      97964 kB
SUnreclaim:       147784 kB
KernelStack:       47600 kB
PageTables:        64388 kB
NFS_Unstable:          0 kB
Bounce:                0 kB
WritebackTmp:          0 kB
CommitLimit:     9202292 kB
Committed_AS:   67554208 kB
VmallocTotal:   263061440 kB
VmallocUsed:      104616 kB
VmallocChunk:          0 kB
Percpu:             7680 kB
CmaTotal:         294912 kB
CmaFree:             104 kB
MemTotal:       12113136 kB
MemFree:          795412 kB
MemAvailable:    7867068 kB
Buffers:            8652 kB
Cached:          7127648 kB
SwapCached:            0 kB
Active:          2331340 kB
Inactive:        6106420 kB
Active(anon):    1014344 kB
Inactive(anon):   342384 kB
Active(file):    1316996 kB
Inactive(file):  5764036 kB
Unevictable:        5592 kB
Mlocked:            5592 kB
SwapTotal:       3145724 kB
SwapFree:        3145724 kB
Dirty:               308 kB
Writeback:             0 kB
AnonPages:       1307216 kB
Mapped:           689692 kB
Shmem:             50724 kB
KReclaimable:     875712 kB
Slab:             245724 kB
SReclaimable:      97964 kB
SUnreclaim:       147760 kB
KernelStack:       47616 kB
PageTables:        64364 kB
NFS_Unstable:          0 kB
Bounce:                0 kB
WritebackTmp:          0 kB
CommitLimit:     9202292 kB
Committed_AS:   67546584 kB
VmallocTotal:   263061440 kB
VmallocUsed:      104600 kB
VmallocChunk:          0 kB
Percpu:             7680 kB
CmaTotal:         294912 kB
CmaFree:              16 kB
MemTotal:       12113136 kB
MemFree:          795312 kB
MemAvailable:    7866992 kB
Buffers:            8652 kB
Cached:          7127928 kB
SwapCached:            0 kB
Active:          2332820 kB
Inactive:        6106700 kB
Active(anon):    1015824 kB
Inactive(anon):   342640 kB
Active(file):    1316996 kB
Inactive(file):  5764060 kB
Unevictable:        5592 kB
Mlocked:            5592 kB
SwapTotal:       3145724 kB
SwapFree:        3145724 kB
Dirty:               372 kB
Writeback:             0 kB
AnonPages:       1308148 kB
Mapped:           689532 kB
Shmem:             50980 kB
KReclaimable:     875712 kB
Slab:             245728 kB
SReclaimable:      97964 kB
SUnreclaim:       147764 kB
KernelStack:       47632 kB
PageTables:        64360 kB
NFS_Unstable:          0 kB
Bounce:                0 kB
WritebackTmp:          0 kB
CommitLimit:     9202292 kB
Committed_AS:   67550496 kB
VmallocTotal:   263061440 kB
VmallocUsed:      104584 kB
VmallocChunk:          0 kB
Percpu:             7680 kB
CmaTotal:         294912 kB
CmaFree:               0 kB
MemTotal:       12113136 kB
MemFree:          794008 kB
MemAvailable:    7865700 kB
Buffers:            8652 kB
Cached:          7128196 kB
SwapCached:            0 kB
Active:          2333532 kB
Inactive:        6106968 kB
Active(anon):    1016536 kB
Inactive(anon):   342896 kB
Active(file):    1316996 kB
Inactive(file):  5764072 kB
Unevictable:        5592 kB
Mlocked:            5592 kB
SwapTotal:       3145724 kB
SwapFree:        3145724 kB
Dirty:               408 kB
Writeback:             0 kB
AnonPages:       1309448 kB
Mapped:           689560 kB
Shmem:             51236 kB
KReclaimable:     875712 kB
Slab:             245704 kB
SReclaimable:      97964 kB
SUnreclaim:       147740 kB
KernelStack:       47616 kB
PageTables:        64364 kB
NFS_Unstable:          0 kB
Bounce:                0 kB
WritebackTmp:          0 kB
CommitLimit:     9202292 kB
Committed_AS:   67549944 kB
VmallocTotal:   263061440 kB
VmallocUsed:      104584 kB
VmallocChunk:          0 kB
Percpu:             7680 kB
CmaTotal:         294912 kB
CmaFree:               0 kB
MemTotal:       12113136 kB
MemFree:          792652 kB
MemAvailable:    7864380 kB
Buffers:            8660 kB
Cached:          7128480 kB
SwapCached:            0 kB
Active:          2335056 kB
Inactive:        6107252 kB
Active(anon):    1018052 kB
Inactive(anon):   343152 kB
Active(file):    1317004 kB
Inactive(file):  5764100 kB
Unevictable:        5592 kB
Mlocked:            5592 kB
SwapTotal:       3145724 kB
SwapFree:        3145724 kB
Dirty:               432 kB
Writeback:             0 kB
AnonPages:       1310512 kB
Mapped:           689820 kB
Shmem:             51492 kB
KReclaimable:     875712 kB
Slab:             245704 kB
SReclaimable:      97964 kB
SUnreclaim:       147740 kB
KernelStack:       47628 kB
PageTables:        64444 kB
NFS_Unstable:          0 kB
Bounce:                0 kB
WritebackTmp:          0 kB
CommitLimit:     9202292 kB
Committed_AS:   67547380 kB
VmallocTotal:   263061440 kB
VmallocUsed:      104584 kB
VmallocChunk:          0 kB
Percpu:             7680 kB
CmaTotal:         294912 kB
CmaFree:               0 kB
MemTotal:       12113136 kB
MemFree:          791492 kB
MemAvailable:    7863256 kB
Buffers:            8660 kB
Cached:          7128772 kB
SwapCached:            0 kB
Active:          2336540 kB
Inactive:        6107544 kB
Active(anon):    1019536 kB
Inactive(anon):   343408 kB
Active(file):    1317004 kB
Inactive(file):  5764136 kB
Unevictable:        5592 kB
Mlocked:            5592 kB
SwapTotal:       3145724 kB
SwapFree:        3145724 kB
Dirty:               512 kB
Writeback:             0 kB
AnonPages:       1312740 kB
Mapped:           689812 kB
Shmem:             51748 kB
KReclaimable:     875712 kB
Slab:             245712 kB
SReclaimable:      97964 kB
SUnreclaim:       147748 kB
KernelStack:       47636 kB
PageTables:        64248 kB
NFS_Unstable:          0 kB
Bounce:                0 kB
WritebackTmp:          0 kB
CommitLimit:     9202292 kB
Committed_AS:   67545456 kB
VmallocTotal:   263061440 kB
VmallocUsed:      104616 kB
VmallocChunk:          0 kB
Percpu:             7680 kB
CmaTotal:         294912 kB
CmaFree:               0 kB
MemTotal:       12113136 kB
MemFree:          791172 kB
MemAvailable:    7862960 kB
Buffers:            8660 kB
Cached:          7129052 kB
SwapCached:            0 kB
Active:          2337036 kB
Inactive:        6107824 kB
Active(anon):    1020032 kB
Inactive(anon):   343664 kB
Active(file):    1317004 kB
Inactive(file):  5764160 kB
Unevictable:        5592 kB
Mlocked:            5592 kB
SwapTotal:       3145724 kB
SwapFree:        3145724 kB
Dirty:               300 kB
Writeback:             0 kB
AnonPages:       1312680 kB
Mapped:           689912 kB
Shmem:             52004 kB
KReclaimable:     875712 kB
Slab:             245712 kB
SReclaimable:      97964 kB
SUnreclaim:       147748 kB
KernelStack:       47616 kB
PageTables:        64360 kB
NFS_Unstable:          0 kB
Bounce:                0 kB
WritebackTmp:          0 kB
CommitLimit:     9202292 kB
Committed_AS:   67545324 kB
VmallocTotal:   263061440 kB
VmallocUsed:      104600 kB
VmallocChunk:          0 kB
Percpu:             7680 kB
CmaTotal:         294912 kB
CmaFree:             128 kB
MemTotal:       12113136 kB
MemFree:          788700 kB
MemAvailable:    7860508 kB
Buffers:            8660 kB
Cached:          7129200 kB
SwapCached:            0 kB
Active:          2336940 kB
Inactive:        6107976 kB
Active(anon):    1019936 kB
Inactive(anon):   343796 kB
Active(file):    1317004 kB
Inactive(file):  5764180 kB
Unevictable:        5592 kB
Mlocked:            5592 kB
SwapTotal:       3145724 kB
SwapFree:        3145724 kB
Dirty:               324 kB
Writeback:             0 kB
AnonPages:       1313004 kB
Mapped:           689816 kB
Shmem:             52132 kB
KReclaimable:     875712 kB
Slab:             245696 kB
SReclaimable:      97964 kB
SUnreclaim:       147732 kB
KernelStack:       47632 kB
PageTables:        64328 kB
NFS_Unstable:          0 kB
Bounce:                0 kB
WritebackTmp:          0 kB
CommitLimit:     9202292 kB
Committed_AS:   67546224 kB
VmallocTotal:   263061440 kB
VmallocUsed:      104584 kB
VmallocChunk:          0 kB
Percpu:             7680 kB
CmaTotal:         294912 kB
CmaFree:               0 kB
MemTotal:       12113136 kB
MemFree:          785952 kB
MemAvailable:    7857784 kB
Buffers:            8660 kB
Cached:          7129608 kB
SwapCached:            0 kB
Active:          2338580 kB
Inactive:        6108380 kB
Active(anon):    1021576 kB
Inactive(anon):   344176 kB
Active(file):    1317004 kB
Inactive(file):  5764204 kB
Unevictable:        5592 kB
Mlocked:            5592 kB
SwapTotal:       3145724 kB
SwapFree:        3145724 kB
Dirty:               424 kB
Writeback:             0 kB
AnonPages:       1314288 kB
Mapped:           689712 kB
Shmem:             52516 kB
KReclaimable:     875712 kB
Slab:             245696 kB
SReclaimable:      97964 kB
SUnreclaim:       147732 kB
KernelStack:       47616 kB
PageTables:        64360 kB
NFS_Unstable:          0 kB
Bounce:                0 kB
WritebackTmp:          0 kB
CommitLimit:     9202292 kB
Committed_AS:   67553960 kB
VmallocTotal:   263061440 kB
VmallocUsed:      104632 kB
VmallocChunk:          0 kB
Percpu:             7680 kB
CmaTotal:         294912 kB
CmaFree:               0 kB
MemTotal:       12113136 kB
MemFree:          786380 kB
MemAvailable:    7858236 kB
Buffers:            8660 kB
Cached:          7129888 kB
SwapCached:            0 kB
Active:          2340060 kB
Inactive:        6108656 kB
Active(anon):    1023052 kB
Inactive(anon):   344432 kB
Active(file):    1317008 kB
Inactive(file):  5764224 kB
Unevictable:        5592 kB
Mlocked:            5592 kB
SwapTotal:       3145724 kB
SwapFree:        3145724 kB
Dirty:               468 kB
Writeback:             0 kB
AnonPages:       1316004 kB
Mapped:           689720 kB
Shmem:             52772 kB
KReclaimable:     875712 kB
Slab:             245712 kB
SReclaimable:      97964 kB
SUnreclaim:       147748 kB
KernelStack:       47648 kB
PageTables:        64360 kB
NFS_Unstable:          0 kB
Bounce:                0 kB
WritebackTmp:          0 kB
CommitLimit:     9202292 kB
Committed_AS:   67549292 kB
VmallocTotal:   263061440 kB
VmallocUsed:      104584 kB
VmallocChunk:          0 kB
Percpu:             7680 kB
CmaTotal:         294912 kB
CmaFree:               0 kB
MemTotal:       12113136 kB
MemFree:          784968 kB
MemAvailable:    7856836 kB
Buffers:            8660 kB
Cached:          7129952 kB
SwapCached:            0 kB
Active:          2340084 kB
Inactive:        6108724 kB
Active(anon):    1023080 kB
Inactive(anon):   344484 kB
Active(file):    1317004 kB
Inactive(file):  5764240 kB
Unevictable:        5592 kB
Mlocked:            5592 kB
SwapTotal:       3145724 kB
SwapFree:        3145724 kB
Dirty:               500 kB
Writeback:             0 kB
AnonPages:       1316160 kB
Mapped:           689852 kB
Shmem:             52824 kB
KReclaimable:     875712 kB
Slab:             245704 kB
SReclaimable:      97964 kB
SUnreclaim:       147740 kB
KernelStack:       47620 kB
PageTables:        64244 kB
NFS_Unstable:          0 kB
Bounce:                0 kB
WritebackTmp:          0 kB
CommitLimit:     9202292 kB
Committed_AS:   67551772 kB
VmallocTotal:   263061440 kB
VmallocUsed:      104600 kB
VmallocChunk:          0 kB
Percpu:             7680 kB
CmaTotal:         294912 kB
CmaFree:               0 kB
MemTotal:       12113136 kB
MemFree:          783468 kB
MemAvailable:    7855356 kB
Buffers:            8660 kB
Cached:          7130440 kB
SwapCached:            0 kB
Active:          2341876 kB
Inactive:        6109212 kB
Active(anon):    1024872 kB
Inactive(anon):   344952 kB
Active(file):    1317004 kB
Inactive(file):  5764260 kB
Unevictable:        5592 kB
Mlocked:            5592 kB
SwapTotal:       3145724 kB
SwapFree:        3145724 kB
Dirty:               572 kB
Writeback:             0 kB
AnonPages:       1317852 kB
Mapped:           690000 kB
Shmem:             53292 kB
KReclaimable:     875712 kB
Slab:             245708 kB
SReclaimable:      97964 kB
SUnreclaim:       147744 kB
KernelStack:       47568 kB
PageTables:        64356 kB
NFS_Unstable:          0 kB
Bounce:                0 kB
WritebackTmp:          0 kB
CommitLimit:     9202292 kB
Committed_AS:   67549460 kB
VmallocTotal:   263061440 kB
VmallocUsed:      104600 kB
VmallocChunk:          0 kB
Percpu:             7680 kB
CmaTotal:         294912 kB
CmaFree:               0 kB
MemTotal:       12113136 kB
MemFree:          782208 kB
MemAvailable:    7854116 kB
Buffers:            8660 kB
Cached:          7130716 kB
SwapCached:            0 kB
Active:          2342856 kB
Inactive:        6109488 kB
Active(anon):    1025852 kB
Inactive(anon):   345208 kB
Active(file):    1317004 kB
Inactive(file):  5764280 kB
Unevictable:        5592 kB
Mlocked:            5592 kB
SwapTotal:       3145724 kB
SwapFree:        3145724 kB
Dirty:               612 kB
Writeback:             0 kB
AnonPages:       1318448 kB
Mapped:           689932 kB
Shmem:             53548 kB
KReclaimable:     875712 kB
Slab:             245716 kB
SReclaimable:      97964 kB
SUnreclaim:       147752 kB
KernelStack:       47584 kB
PageTables:        64304 kB
NFS_Unstable:          0 kB
Bounce:                0 kB
WritebackTmp:          0 kB
CommitLimit:     9202292 kB
Committed_AS:   67560104 kB
VmallocTotal:   263061440 kB
VmallocUsed:      104584 kB
VmallocChunk:          0 kB
Percpu:             7680 kB
CmaTotal:         294912 kB
CmaFree:               0 kB
MemTotal:       12113136 kB
MemFree:          780648 kB
MemAvailable:    7852588 kB
Buffers:            8660 kB
Cached:          7130804 kB
SwapCached:            0 kB
Active:          2344076 kB
Inactive:        6109584 kB
Active(anon):    1027076 kB
Inactive(anon):   345268 kB
Active(file):    1317000 kB
Inactive(file):  5764316 kB
Unevictable:        5592 kB
Mlocked:            5592 kB
SwapTotal:       3145724 kB
SwapFree:        3145724 kB
Dirty:               676 kB
Writeback:             0 kB
AnonPages:       1319784 kB
Mapped:           689740 kB
Shmem:             53604 kB
KReclaimable:     875712 kB
Slab:             245720 kB
SReclaimable:      97964 kB
SUnreclaim:       147756 kB
KernelStack:       47632 kB
PageTables:        64468 kB
NFS_Unstable:          0 kB
Bounce:                0 kB
WritebackTmp:          0 kB
CommitLimit:     9202292 kB
Committed_AS:   67549144 kB
VmallocTotal:   263061440 kB
VmallocUsed:      104584 kB
VmallocChunk:          0 kB
Percpu:             7680 kB
CmaTotal:         294912 kB
CmaFree:               0 kB
MemTotal:       12113136 kB
MemFree:          778356 kB
MemAvailable:    7850308 kB
Buffers:            8660 kB
Cached:          7131116 kB
SwapCached:            0 kB
Active:          2345516 kB
Inactive:        6109888 kB
Active(anon):    1028516 kB
Inactive(anon):   345560 kB
Active(file):    1317000 kB
Inactive(file):  5764328 kB
Unevictable:        5592 kB
Mlocked:            5592 kB
SwapTotal:       3145724 kB
SwapFree:        3145724 kB
Dirty:               732 kB
Writeback:             0 kB
AnonPages:       1321572 kB
Mapped:           690008 kB
Shmem:             53900 kB
KReclaimable:     875712 kB
Slab:             245788 kB
SReclaimable:      97964 kB
SUnreclaim:       147824 kB
KernelStack:       47584 kB
PageTables:        64356 kB
NFS_Unstable:          0 kB
Bounce:                0 kB
WritebackTmp:          0 kB
CommitLimit:     9202292 kB
Committed_AS:   67554108 kB
VmallocTotal:   263061440 kB
VmallocUsed:      104584 kB
VmallocChunk:          0 kB
Percpu:             7680 kB
CmaTotal:         294912 kB
CmaFree:               0 kB
MemTotal:       12113136 kB
MemFree:          781460 kB
MemAvailable:    7853436 kB
Buffers:            8660 kB
Cached:          7131552 kB
SwapCached:            0 kB
Active:          2341488 kB
Inactive:        6110328 kB
Active(anon):    1024488 kB
Inactive(anon):   345976 kB
Active(file):    1317000 kB
Inactive(file):  5764352 kB
Unevictable:        5592 kB
Mlocked:            5592 kB
SwapTotal:       3145724 kB
SwapFree:        3145724 kB
Dirty:               776 kB
Writeback:             0 kB
AnonPages:       1317200 kB
Mapped:           688080 kB
Shmem:             54316 kB
KReclaimable:     875712 kB
Slab:             245816 kB
SReclaimable:      97964 kB
SUnreclaim:       147852 kB
KernelStack:       47620 kB
PageTables:        64204 kB
NFS_Unstable:          0 kB
Bounce:                0 kB
WritebackTmp:          0 kB
CommitLimit:     9202292 kB
Committed_AS:   67549832 kB
VmallocTotal:   263061440 kB
VmallocUsed:      104616 kB
VmallocChunk:          0 kB
Percpu:             7680 kB
CmaTotal:         294912 kB
CmaFree:             512 kB
MemTotal:       12113136 kB
MemFree:          778504 kB
MemAvailable:    7850504 kB
Buffers:            8660 kB
Cached:          7131736 kB
SwapCached:            0 kB
Active:          2342668 kB
Inactive:        6110508 kB
Active(anon):    1025664 kB
Inactive(anon):   346136 kB
Active(file):    1317004 kB
Inactive(file):  5764372 kB
Unevictable:        5592 kB
Mlocked:            5592 kB
SwapTotal:       3145724 kB
SwapFree:        3145724 kB
Dirty:               272 kB
Writeback:             0 kB
AnonPages:       1318516 kB
Mapped:           687976 kB
Shmem:             54476 kB
KReclaimable:     875712 kB
Slab:             245800 kB
SReclaimable:      97964 kB
SUnreclaim:       147836 kB
KernelStack:       47584 kB
PageTables:        64348 kB
NFS_Unstable:          0 kB
Bounce:                0 kB
WritebackTmp:          0 kB
CommitLimit:     9202292 kB
Committed_AS:   67557720 kB
VmallocTotal:   263061440 kB
VmallocUsed:      104648 kB
VmallocChunk:          0 kB
Percpu:             7680 kB
CmaTotal:         294912 kB
CmaFree:               0 kB
MemTotal:       12113136 kB
MemFree:          777544 kB
MemAvailable:    7849552 kB
Buffers:            8660 kB
Cached:          7132096 kB
SwapCached:            0 kB
Active:          2343960 kB
Inactive:        6110872 kB
Active(anon):    1026960 kB
Inactive(anon):   346488 kB
Active(file):    1317000 kB
Inactive(file):  5764384 kB
Unevictable:        5592 kB
Mlocked:            5592 kB
SwapTotal:       3145724 kB
SwapFree:        3145724 kB
Dirty:               392 kB
Writeback:             0 kB
AnonPages:       1319596 kB
Mapped:           688016 kB
Shmem:             54828 kB
KReclaimable:     875712 kB
Slab:             245808 kB
SReclaimable:      97964 kB
SUnreclaim:       147844 kB
KernelStack:       47584 kB
PageTables:        64584 kB
NFS_Unstable:          0 kB
Bounce:                0 kB
WritebackTmp:          0 kB
CommitLimit:     9202292 kB
Committed_AS:   67553476 kB
VmallocTotal:   263061440 kB
VmallocUsed:      104616 kB
VmallocChunk:          0 kB
Percpu:             7680 kB
CmaTotal:         294912 kB
CmaFree:               0 kB
MemTotal:       12113136 kB
MemFree:          776936 kB
MemAvailable:    7848988 kB
Buffers:            8664 kB
Cached:          7132392 kB
SwapCached:            0 kB
Active:          2345588 kB
Inactive:        6111168 kB
Active(anon):    1028584 kB
Inactive(anon):   346744 kB
Active(file):    1317004 kB
Inactive(file):  5764424 kB
Unevictable:        5592 kB
Mlocked:            5592 kB
SwapTotal:       3145724 kB
SwapFree:        3145724 kB
Dirty:               416 kB
Writeback:             0 kB
AnonPages:       1320900 kB
Mapped:           689400 kB
Shmem:             55084 kB
KReclaimable:     875712 kB
Slab:             245848 kB
SReclaimable:      97964 kB
SUnreclaim:       147884 kB
KernelStack:       47600 kB
PageTables:        64328 kB
NFS_Unstable:          0 kB
Bounce:                0 kB
WritebackTmp:          0 kB
CommitLimit:     9202292 kB
Committed_AS:   67547640 kB
VmallocTotal:   263061440 kB
VmallocUsed:      104568 kB
VmallocChunk:          0 kB
Percpu:             7680 kB
CmaTotal:         294912 kB
CmaFree:               0 kB
MemTotal:       12113136 kB
MemFree:          776596 kB
MemAvailable:    7848672 kB
Buffers:            8664 kB
Cached:          7132656 kB
SwapCached:            0 kB
Active:          2346904 kB
Inactive:        6111428 kB
Active(anon):    1029896 kB
Inactive(anon):   346984 kB
Active(file):    1317008 kB
Inactive(file):  5764444 kB
Unevictable:        5592 kB
Mlocked:            5592 kB
SwapTotal:       3145724 kB
SwapFree:        3145724 kB
Dirty:               484 kB
Writeback:             0 kB
AnonPages:       1322780 kB
Mapped:           689972 kB
Shmem:             55324 kB
KReclaimable:     875712 kB
Slab:             245868 kB
SReclaimable:      97964 kB
SUnreclaim:       147904 kB
KernelStack:       47568 kB
PageTables:        64308 kB
NFS_Unstable:          0 kB
Bounce:                0 kB
WritebackTmp:          0 kB
CommitLimit:     9202292 kB
Committed_AS:   67560772 kB
VmallocTotal:   263061440 kB
VmallocUsed:      104568 kB
VmallocChunk:          0 kB
Percpu:             7680 kB
CmaTotal:         294912 kB
CmaFree:               0 kB
MemTotal:       12113136 kB
MemFree:          773952 kB
MemAvailable:    7846052 kB
Buffers:            8664 kB
Cached:          7132952 kB
SwapCached:            0 kB
Active:          2348236 kB
Inactive:        6111724 kB
Active(anon):    1031228 kB
Inactive(anon):   347256 kB
Active(file):    1317008 kB
Inactive(file):  5764468 kB
Unevictable:        5592 kB
Mlocked:            5592 kB
SwapTotal:       3145724 kB
SwapFree:        3145724 kB
Dirty:               548 kB
Writeback:             0 kB
AnonPages:       1324308 kB
Mapped:           689768 kB
Shmem:             55596 kB
KReclaimable:     875712 kB
Slab:             245900 kB
SReclaimable:      97964 kB
SUnreclaim:       147936 kB
KernelStack:       47600 kB
PageTables:        64488 kB
NFS_Unstable:          0 kB
Bounce:                0 kB
WritebackTmp:          0 kB
CommitLimit:     9202292 kB
Committed_AS:   67557128 kB
VmallocTotal:   263061440 kB
VmallocUsed:      104568 kB
VmallocChunk:          0 kB
Percpu:             7680 kB
CmaTotal:         294912 kB
CmaFree:               0 kB
MemTotal:       12113136 kB
MemFree:          772404 kB
MemAvailable:    7844520 kB
Buffers:            8664 kB
Cached:          7133224 kB
SwapCached:            0 kB
Active:          2349684 kB
Inactive:        6111996 kB
Active(anon):    1032676 kB
Inactive(anon):   347512 kB
Active(file):    1317008 kB
Inactive(file):  5764484 kB
Unevictable:        5592 kB
Mlocked:            5592 kB
SwapTotal:       3145724 kB
SwapFree:        3145724 kB
Dirty:               324 kB
Writeback:             0 kB
AnonPages:       1325360 kB
Mapped:           689960 kB
Shmem:             55852 kB
KReclaimable:     875712 kB
Slab:             245900 kB
SReclaimable:      97964 kB
SUnreclaim:       147936 kB
KernelStack:       47632 kB
PageTables:        64540 kB
NFS_Unstable:          0 kB
Bounce:                0 kB
WritebackTmp:          0 kB
CommitLimit:     9202292 kB
Committed_AS:   67551604 kB
VmallocTotal:   263061440 kB
VmallocUsed:      104600 kB
VmallocChunk:          0 kB
Percpu:             7680 kB
CmaTotal:         294912 kB
CmaFree:               0 kB
MemTotal:       12113136 kB
MemFree:          772664 kB
MemAvailable:    7844800 kB
Buffers:            8664 kB
Cached:          7133340 kB
SwapCached:            0 kB
Active:          2350592 kB
Inactive:        6112112 kB
Active(anon):    1033584 kB
Inactive(anon):   347608 kB
Active(file):    1317008 kB
Inactive(file):  5764504 kB
Unevictable:        5592 kB
Mlocked:            5592 kB
SwapTotal:       3145724 kB
SwapFree:        3145724 kB
Dirty:               364 kB
Writeback:             0 kB
AnonPages:       1326492 kB
Mapped:           689772 kB
Shmem:             55948 kB
KReclaimable:     875712 kB
Slab:             245916 kB
SReclaimable:      97964 kB
SUnreclaim:       147952 kB
KernelStack:       47584 kB
PageTables:        64356 kB
NFS_Unstable:          0 kB
Bounce:                0 kB
WritebackTmp:          0 kB
CommitLimit:     9202292 kB
Committed_AS:   67548576 kB
VmallocTotal:   263061440 kB
VmallocUsed:      104600 kB
VmallocChunk:          0 kB
Percpu:             7680 kB
CmaTotal:         294912 kB
CmaFree:               0 kB
MemTotal:       12113136 kB
MemFree:          795220 kB
MemAvailable:    7867372 kB
Buffers:            8664 kB
Cached:          7125324 kB
SwapCached:            0 kB
Active:          2334912 kB
Inactive:        6104096 kB
Active(anon):    1017904 kB
Inactive(anon):   339576 kB
Active(file):    1317008 kB
Inactive(file):  5764520 kB
Unevictable:        5592 kB
Mlocked:            5592 kB
SwapTotal:       3145724 kB
SwapFree:        3145724 kB
Dirty:               456 kB
Writeback:             0 kB
AnonPages:       1310648 kB
Mapped:           690036 kB
Shmem:             47916 kB
KReclaimable:     875712 kB
Slab:             245736 kB
SReclaimable:      97964 kB
SUnreclaim:       147772 kB
KernelStack:       47584 kB
PageTables:        64356 kB
NFS_Unstable:          0 kB
Bounce:                0 kB
WritebackTmp:          0 kB
CommitLimit:     9202292 kB
Committed_AS:   67553572 kB
VmallocTotal:   263061440 kB
VmallocUsed:      104584 kB
VmallocChunk:          0 kB
Percpu:             7680 kB
CmaTotal:         294912 kB
CmaFree:               0 kB
MemTotal:       12113136 kB
MemFree:          793524 kB
MemAvailable:    7865700 kB
Buffers:            8664 kB
Cached:          7125436 kB
SwapCached:            0 kB
Active:          2336028 kB
Inactive:        6104208 kB
Active(anon):    1019020 kB
Inactive(anon):   339664 kB
Active(file):    1317008 kB
Inactive(file):  5764544 kB
Unevictable:        5592 kB
Mlocked:            5592 kB
SwapTotal:       3145724 kB
SwapFree:        3145724 kB
Dirty:               492 kB
Writeback:             0 kB
AnonPages:       1311924 kB
Mapped:           689784 kB
Shmem:             48004 kB
KReclaimable:     875712 kB
Slab:             245736 kB
SReclaimable:      97964 kB
SUnreclaim:       147772 kB
KernelStack:       47568 kB
PageTables:        64300 kB
NFS_Unstable:          0 kB
Bounce:                0 kB
WritebackTmp:          0 kB
CommitLimit:     9202292 kB
Committed_AS:   67544516 kB
VmallocTotal:   263061440 kB
VmallocUsed:      104568 kB
VmallocChunk:          0 kB
Percpu:             7680 kB
CmaTotal:         294912 kB
CmaFree:              24 kB
MemTotal:       12113136 kB
MemFree:          792272 kB
MemAvailable:    7864472 kB
Buffers:            8664 kB
Cached:          7125892 kB
SwapCached:            0 kB
Active:          2337876 kB
Inactive:        6104664 kB
Active(anon):    1020868 kB
Inactive(anon):   340096 kB
Active(file):    1317008 kB
Inactive(file):  5764568 kB
Unevictable:        5592 kB
Mlocked:            5592 kB
SwapTotal:       3145724 kB
SwapFree:        3145724 kB
Dirty:               540 kB
Writeback:             0 kB
AnonPages:       1313660 kB
Mapped:           690048 kB
Shmem:             48436 kB
KReclaimable:     875712 kB
Slab:             245768 kB
SReclaimable:      97964 kB
SUnreclaim:       147804 kB
KernelStack:       47568 kB
PageTables:        64304 kB
NFS_Unstable:          0 kB
Bounce:                0 kB
WritebackTmp:          0 kB
CommitLimit:     9202292 kB
Committed_AS:   67543920 kB
VmallocTotal:   263061440 kB
VmallocUsed:      104616 kB
VmallocChunk:          0 kB
Percpu:             7680 kB
CmaTotal:         294912 kB
CmaFree:               0 kB
MemTotal:       12113136 kB
MemFree:          790056 kB
MemAvailable:    7862268 kB
Buffers:            8664 kB
Cached:          7126064 kB
SwapCached:            0 kB
Active:          2339384 kB
Inactive:        6104836 kB
Active(anon):    1022376 kB
Inactive(anon):   340256 kB
Active(file):    1317008 kB
Inactive(file):  5764580 kB
Unevictable:        5592 kB
Mlocked:            5592 kB
SwapTotal:       3145724 kB
SwapFree:        3145724 kB
Dirty:               328 kB
Writeback:             0 kB
AnonPages:       1314968 kB
Mapped:           689988 kB
Shmem:             48596 kB
KReclaimable:     875712 kB
Slab:             245752 kB
SReclaimable:      97964 kB
SUnreclaim:       147788 kB
KernelStack:       47652 kB
PageTables:        64304 kB
NFS_Unstable:          0 kB
Bounce:                0 kB
WritebackTmp:          0 kB
CommitLimit:     9202292 kB
Committed_AS:   67544036 kB
VmallocTotal:   263061440 kB
VmallocUsed:      104616 kB
VmallocChunk:          0 kB
Percpu:             7680 kB
CmaTotal:         294912 kB
CmaFree:               0 kB
MemTotal:       12113136 kB
MemFree:          789580 kB
MemAvailable:    7861828 kB
Buffers:            8664 kB
Cached:          7126404 kB
SwapCached:            0 kB
Active:          2339488 kB
Inactive:        6105172 kB
Active(anon):    1022476 kB
Inactive(anon):   340560 kB
Active(file):    1317012 kB
Inactive(file):  5764612 kB
Unevictable:        5592 kB
Mlocked:            5592 kB
SwapTotal:       3145724 kB
SwapFree:        3145724 kB
Dirty:               396 kB
Writeback:             0 kB
AnonPages:       1315052 kB
Mapped:           689776 kB
Shmem:             48900 kB
KReclaimable:     875712 kB
Slab:             245704 kB
SReclaimable:      97964 kB
SUnreclaim:       147740 kB
KernelStack:       47616 kB
PageTables:        64652 kB
NFS_Unstable:          0 kB
Bounce:                0 kB
WritebackTmp:          0 kB
CommitLimit:     9202292 kB
Committed_AS:   67550520 kB
VmallocTotal:   263061440 kB
VmallocUsed:      104568 kB
VmallocChunk:          0 kB
Percpu:             7680 kB
CmaTotal:         294912 kB
CmaFree:               0 kB
MemTotal:       12113136 kB
MemFree:          788916 kB
MemAvailable:    7861196 kB
Buffers:            8664 kB
Cached:          7126740 kB
SwapCached:            0 kB
Active:          2340492 kB
Inactive:        6105512 kB
Active(anon):    1023484 kB
Inactive(anon):   340864 kB
Active(file):    1317008 kB
Inactive(file):  5764648 kB
Unevictable:        5592 kB
Mlocked:            5592 kB
SwapTotal:       3145724 kB
SwapFree:        3145724 kB
Dirty:               468 kB
Writeback:             0 kB
AnonPages:       1316252 kB
Mapped:           690092 kB
Shmem:             49204 kB
KReclaimable:     875712 kB
Slab:             245720 kB
SReclaimable:      97964 kB
SUnreclaim:       147756 kB
KernelStack:       47712 kB
PageTables:        64408 kB
NFS_Unstable:          0 kB
Bounce:                0 kB
WritebackTmp:          0 kB
CommitLimit:     9202292 kB
Committed_AS:   67545996 kB
VmallocTotal:   263061440 kB
VmallocUsed:      104632 kB
VmallocChunk:          0 kB
Percpu:             7680 kB
CmaTotal:         294912 kB
CmaFree:               0 kB
MemTotal:       12113136 kB
MemFree:          786540 kB
MemAvailable:    7858836 kB
Buffers:            8664 kB
Cached:          7126788 kB
SwapCached:            0 kB
Active:          2342552 kB
Inactive:        6105560 kB
Active(anon):    1025544 kB
Inactive(anon):   340896 kB
Active(file):    1317008 kB
Inactive(file):  5764664 kB
Unevictable:        5592 kB
Mlocked:            5592 kB
SwapTotal:       3145724 kB
SwapFree:        3145724 kB
Dirty:               496 kB
Writeback:             0 kB
AnonPages:       1318456 kB
Mapped:           689276 kB
Shmem:             49236 kB
KReclaimable:     875712 kB
Slab:             245752 kB
SReclaimable:      97964 kB
SUnreclaim:       147788 kB
KernelStack:       47680 kB
PageTables:        64360 kB
NFS_Unstable:          0 kB
Bounce:                0 kB
WritebackTmp:          0 kB
CommitLimit:     9202292 kB
Committed_AS:   67546000 kB
VmallocTotal:   263061440 kB
VmallocUsed:      104680 kB
VmallocChunk:          0 kB
Percpu:             7680 kB
CmaTotal:         294912 kB
CmaFree:               0 kB
MemTotal:       12113136 kB
MemFree:          785860 kB
MemAvailable:    7858168 kB
Buffers:            8664 kB
Cached:          7127280 kB
SwapCached:            0 kB
Active:          2344268 kB
Inactive:        6106056 kB
Active(anon):    1027264 kB
Inactive(anon):   341376 kB
Active(file):    1317004 kB
Inactive(file):  5764680 kB
Unevictable:        5592 kB
Mlocked:            5592 kB
SwapTotal:       3145724 kB
SwapFree:        3145724 kB
Dirty:               568 kB
Writeback:             0 kB
AnonPages:       1319960 kB
Mapped:           689308 kB
Shmem:             49716 kB
KReclaimable:     875712 kB
Slab:             245716 kB
SReclaimable:      97964 kB
SUnreclaim:       147752 kB
KernelStack:       47696 kB
PageTables:        64332 kB
NFS_Unstable:          0 kB
Bounce:                0 kB
WritebackTmp:          0 kB
CommitLimit:     9202292 kB
Committed_AS:   67550484 kB
VmallocTotal:   263061440 kB
VmallocUsed:      104680 kB
VmallocChunk:          0 kB
Percpu:             7680 kB
CmaTotal:         294912 kB
CmaFree:               0 kB
MemTotal:       12113136 kB
MemFree:          784228 kB
MemAvailable:    7856560 kB
Buffers:            8664 kB
Cached:          7127448 kB
SwapCached:            0 kB
Active:          2345564 kB
Inactive:        6106220 kB
Active(anon):    1028556 kB
Inactive(anon):   341520 kB
Active(file):    1317008 kB
Inactive(file):  5764700 kB
Unevictable:        5592 kB
Mlocked:            5592 kB
SwapTotal:       3145724 kB
SwapFree:        3145724 kB
Dirty:               388 kB
Writeback:             0 kB
AnonPages:       1320936 kB
Mapped:           689052 kB
Shmem:             49860 kB
KReclaimable:     875712 kB
Slab:             245756 kB
SReclaimable:      97964 kB
SUnreclaim:       147792 kB
KernelStack:       47712 kB
PageTables:        64380 kB
NFS_Unstable:          0 kB
Bounce:                0 kB
WritebackTmp:          0 kB
CommitLimit:     9202292 kB
Committed_AS:   67550216 kB
VmallocTotal:   263061440 kB
VmallocUsed:      104664 kB
VmallocChunk:          0 kB
Percpu:             7680 kB
CmaTotal:         294912 kB
CmaFree:               0 kB
MemTotal:       12113136 kB
MemFree:          783028 kB
MemAvailable:    7855384 kB
Buffers:            8664 kB
Cached:          7127680 kB
SwapCached:            0 kB
Active:          2345192 kB
Inactive:        6106452 kB
Active(anon):    1028184 kB
Inactive(anon):   341728 kB
Active(file):    1317008 kB
Inactive(file):  5764724 kB
Unevictable:        5592 kB
Mlocked:            5592 kB
SwapTotal:       3145724 kB
SwapFree:        3145724 kB
Dirty:               420 kB
Writeback:             0 kB
AnonPages:       1320844 kB
Mapped:           689124 kB
Shmem:             50068 kB
KReclaimable:     875712 kB
Slab:             245728 kB
SReclaimable:      97964 kB
SUnreclaim:       147764 kB
KernelStack:       47712 kB
PageTables:        64344 kB
NFS_Unstable:          0 kB
Bounce:                0 kB
WritebackTmp:          0 kB
CommitLimit:     9202292 kB
Committed_AS:   67551680 kB
VmallocTotal:   263061440 kB
VmallocUsed:      104680 kB
VmallocChunk:          0 kB
Percpu:             7680 kB
CmaTotal:         294912 kB
CmaFree:               0 kB
MemTotal:       12113136 kB
MemFree:          781200 kB
MemAvailable:    7853580 kB
Buffers:            8668 kB
Cached:          7128116 kB
SwapCached:            0 kB
Active:          2344264 kB
Inactive:        6106892 kB
Active(anon):    1027256 kB
Inactive(anon):   342144 kB
Active(file):    1317008 kB
Inactive(file):  5764748 kB
Unevictable:        5592 kB
Mlocked:            5592 kB
SwapTotal:       3145724 kB
SwapFree:        3145724 kB
Dirty:               448 kB
Writeback:             0 kB
AnonPages:       1319952 kB
Mapped:           689364 kB
Shmem:             50484 kB
KReclaimable:     875712 kB
Slab:             245736 kB
SReclaimable:      97964 kB
SUnreclaim:       147772 kB
KernelStack:       47680 kB
PageTables:        64360 kB
NFS_Unstable:          0 kB
Bounce:                0 kB
WritebackTmp:          0 kB
CommitLimit:     9202292 kB
Committed_AS:   67552416 kB
VmallocTotal:   263061440 kB
VmallocUsed:      104728 kB
VmallocChunk:          0 kB
Percpu:             7680 kB
CmaTotal:         294912 kB
CmaFree:              52 kB
MemTotal:       12113136 kB
MemFree:          780484 kB
MemAvailable:    7852900 kB
Buffers:            8668 kB
Cached:          7128220 kB
SwapCached:            0 kB
Active:          2346168 kB
Inactive:        6106992 kB
Active(anon):    1029156 kB
Inactive(anon):   342212 kB
Active(file):    1317012 kB
Inactive(file):  5764780 kB
Unevictable:        5592 kB
Mlocked:            5592 kB
SwapTotal:       3145724 kB
SwapFree:        3145724 kB
Dirty:               504 kB
Writeback:             0 kB
AnonPages:       1321912 kB
Mapped:           689440 kB
Shmem:             50552 kB
KReclaimable:     875712 kB
Slab:             245728 kB
SReclaimable:      97964 kB
SUnreclaim:       147764 kB
KernelStack:       47696 kB
PageTables:        64428 kB
NFS_Unstable:          0 kB
Bounce:                0 kB
WritebackTmp:          0 kB
CommitLimit:     9202292 kB
Committed_AS:   67547804 kB
VmallocTotal:   263061440 kB
VmallocUsed:      104680 kB
VmallocChunk:          0 kB
Percpu:             7680 kB
CmaTotal:         294912 kB
CmaFree:               0 kB
MemTotal:       12113136 kB
MemFree:          779128 kB
MemAvailable:    7851564 kB
Buffers:            8668 kB
Cached:          7128560 kB
SwapCached:            0 kB
Active:          2347540 kB
Inactive:        6107332 kB
Active(anon):    1030528 kB
Inactive(anon):   342532 kB
Active(file):    1317012 kB
Inactive(file):  5764800 kB
Unevictable:        5592 kB
Mlocked:            5592 kB
SwapTotal:       3145724 kB
SwapFree:        3145724 kB
Dirty:               568 kB
Writeback:             0 kB
AnonPages:       1323316 kB
Mapped:           689172 kB
Shmem:             50872 kB
KReclaimable:     875712 kB
Slab:             245748 kB
SReclaimable:      97964 kB
SUnreclaim:       147784 kB
KernelStack:       47680 kB
PageTables:        64360 kB
NFS_Unstable:          0 kB
Bounce:                0 kB
WritebackTmp:          0 kB
CommitLimit:     9202292 kB
Committed_AS:   67547072 kB
VmallocTotal:   263061440 kB
VmallocUsed:      104680 kB
VmallocChunk:          0 kB
Percpu:             7680 kB
CmaTotal:         294912 kB
CmaFree:               0 kB
MemTotal:       12113136 kB
MemFree:          778016 kB
MemAvailable:    7850472 kB
Buffers:            8668 kB
Cached:          7128804 kB
SwapCached:            0 kB
Active:          2348208 kB
Inactive:        6107576 kB
Active(anon):    1031196 kB
Inactive(anon):   342756 kB
Active(file):    1317012 kB
Inactive(file):  5764820 kB
Unevictable:        5592 kB
Mlocked:            5592 kB
SwapTotal:       3145724 kB
SwapFree:        3145724 kB
Dirty:               352 kB
Writeback:             0 kB
AnonPages:       1323936 kB
Mapped:           689564 kB
Shmem:             51096 kB
KReclaimable:     875712 kB
Slab:             245724 kB
SReclaimable:      97964 kB
SUnreclaim:       147760 kB
KernelStack:       47728 kB
PageTables:        64272 kB
NFS_Unstable:          0 kB
Bounce:                0 kB
WritebackTmp:          0 kB
CommitLimit:     9202292 kB
Committed_AS:   67538884 kB
VmallocTotal:   263061440 kB
VmallocUsed:      104664 kB
VmallocChunk:          0 kB
Percpu:             7680 kB
CmaTotal:         294912 kB
CmaFree:               0 kB
MemTotal:       12113136 kB
MemFree:          775732 kB
MemAvailable:    7848204 kB
Buffers:            8668 kB
Cached:          7129204 kB
SwapCached:            0 kB
Active:          2349912 kB
Inactive:        6107976 kB
Active(anon):    1032900 kB
Inactive(anon):   343140 kB
Active(file):    1317012 kB
Inactive(file):  5764836 kB
Unevictable:        5592 kB
Mlocked:            5592 kB
SwapTotal:       3145724 kB
SwapFree:        3145724 kB
Dirty:               360 kB
Writeback:             0 kB
AnonPages:       1325932 kB
Mapped:           689464 kB
Shmem:             51480 kB
KReclaimable:     875712 kB
Slab:             245780 kB
SReclaimable:      97964 kB
SUnreclaim:       147816 kB
KernelStack:       47712 kB
PageTables:        64412 kB
NFS_Unstable:          0 kB
Bounce:                0 kB
WritebackTmp:          0 kB
CommitLimit:     9202292 kB
Committed_AS:   67543692 kB
VmallocTotal:   263061440 kB
VmallocUsed:      104696 kB
VmallocChunk:          0 kB
Percpu:             7680 kB
CmaTotal:         294912 kB
CmaFree:               0 kB
MemTotal:       12113136 kB
MemFree:          775552 kB
MemAvailable:    7848044 kB
Buffers:            8668 kB
Cached:          7129420 kB
SwapCached:            0 kB
Active:          2350916 kB
Inactive:        6108188 kB
Active(anon):    1033904 kB
Inactive(anon):   343332 kB
Active(file):    1317012 kB
Inactive(file):  5764856 kB
Unevictable:        5592 kB
Mlocked:            5592 kB
SwapTotal:       3145724 kB
SwapFree:        3145724 kB
Dirty:               472 kB
Writeback:             0 kB
AnonPages:       1326580 kB
Mapped:           689392 kB
Shmem:             51672 kB
KReclaimable:     875712 kB
Slab:             245776 kB
SReclaimable:      97964 kB
SUnreclaim:       147812 kB
KernelStack:       47652 kB
PageTables:        64620 kB
NFS_Unstable:          0 kB
Bounce:                0 kB
WritebackTmp:          0 kB
CommitLimit:     9202292 kB
Committed_AS:   67543344 kB
VmallocTotal:   263061440 kB
VmallocUsed:      104664 kB
VmallocChunk:          0 kB
Percpu:             7680 kB
CmaTotal:         294912 kB
CmaFree:               0 kB
MemTotal:       12113136 kB
MemFree:          775176 kB
MemAvailable:    7847696 kB
Buffers:            8668 kB
Cached:          7129588 kB
SwapCached:            0 kB
Active:          2349244 kB
Inactive:        6108360 kB
Active(anon):    1032232 kB
Inactive(anon):   343476 kB
Active(file):    1317012 kB
Inactive(file):  5764884 kB
Unevictable:        5592 kB
Mlocked:            5592 kB
SwapTotal:       3145724 kB
SwapFree:        3145724 kB
Dirty:               504 kB
Writeback:             0 kB
AnonPages:       1325012 kB
Mapped:           689296 kB
Shmem:             51816 kB
KReclaimable:     875712 kB
Slab:             245776 kB
SReclaimable:      97964 kB
SUnreclaim:       147812 kB
KernelStack:       47632 kB
PageTables:        64436 kB
NFS_Unstable:          0 kB
Bounce:                0 kB
WritebackTmp:          0 kB
CommitLimit:     9202292 kB
Committed_AS:   67552536 kB
VmallocTotal:   263061440 kB
VmallocUsed:      104664 kB
VmallocChunk:          0 kB
Percpu:             7680 kB
CmaTotal:         294912 kB
CmaFree:               0 kB
MemTotal:       12113136 kB
MemFree:          772084 kB
MemAvailable:    7844624 kB
Buffers:            8668 kB
Cached:          7129940 kB
SwapCached:            0 kB
Active:          2350728 kB
Inactive:        6108712 kB
Active(anon):    1033716 kB
Inactive(anon):   343808 kB
Active(file):    1317012 kB
Inactive(file):  5764904 kB
Unevictable:        5592 kB
Mlocked:            5592 kB
SwapTotal:       3145724 kB
SwapFree:        3145724 kB
Dirty:               552 kB
Writeback:             0 kB
AnonPages:       1326372 kB
Mapped:           688588 kB
Shmem:             52148 kB
KReclaimable:     875712 kB
Slab:             245780 kB
SReclaimable:      97964 kB
SUnreclaim:       147816 kB
KernelStack:       47632 kB
PageTables:        64360 kB
NFS_Unstable:          0 kB
Bounce:                0 kB
WritebackTmp:          0 kB
CommitLimit:     9202292 kB
Committed_AS:   67553792 kB
VmallocTotal:   263061440 kB
VmallocUsed:      104632 kB
VmallocChunk:          0 kB
Percpu:             7680 kB
CmaTotal:         294912 kB
CmaFree:               0 kB
MemTotal:       12113136 kB
MemFree:          772128 kB
MemAvailable:    7844688 kB
Buffers:            8668 kB
Cached:          7130252 kB
SwapCached:            0 kB
Active:          2351992 kB
Inactive:        6109024 kB
Active(anon):    1034980 kB
Inactive(anon):   344100 kB
Active(file):    1317012 kB
Inactive(file):  5764924 kB
Unevictable:        5592 kB
Mlocked:            5592 kB
SwapTotal:       3145724 kB
SwapFree:        3145724 kB
Dirty:               356 kB
Writeback:             0 kB
AnonPages:       1327240 kB
Mapped:           688752 kB
Shmem:             52440 kB
KReclaimable:     875712 kB
Slab:             245776 kB
SReclaimable:      97964 kB
SUnreclaim:       147812 kB
KernelStack:       47620 kB
PageTables:        64248 kB
NFS_Unstable:          0 kB
Bounce:                0 kB
WritebackTmp:          0 kB
CommitLimit:     9202292 kB
Committed_AS:   67553636 kB
VmallocTotal:   263061440 kB
VmallocUsed:      104616 kB
VmallocChunk:          0 kB
Percpu:             7680 kB
CmaTotal:         294912 kB
CmaFree:               0 kB
MemTotal:       12113136 kB
MemFree:          774312 kB
MemAvailable:    7846892 kB
Buffers:            8668 kB
Cached:          7130528 kB
SwapCached:            0 kB
Active:          2349496 kB
Inactive:        6109300 kB
Active(anon):    1032484 kB
Inactive(anon):   344356 kB
Active(file):    1317012 kB
Inactive(file):  5764944 kB
Unevictable:        5592 kB
Mlocked:            5592 kB
SwapTotal:       3145724 kB
SwapFree:        3145724 kB
Dirty:               400 kB
Writeback:             0 kB
AnonPages:       1325368 kB
Mapped:           686872 kB
Shmem:             52696 kB
KReclaimable:     875712 kB
Slab:             245784 kB
SReclaimable:      97964 kB
SUnreclaim:       147820 kB
KernelStack:       47600 kB
PageTables:        64456 kB
NFS_Unstable:          0 kB
Bounce:                0 kB
WritebackTmp:          0 kB
CommitLimit:     9202292 kB
Committed_AS:   67549328 kB
VmallocTotal:   263061440 kB
VmallocUsed:      104568 kB
VmallocChunk:          0 kB
Percpu:             7680 kB
CmaTotal:         294912 kB
CmaFree:               0 kB
MemTotal:       12113136 kB
MemFree:          773820 kB
MemAvailable:    7846432 kB
Buffers:            8668 kB
Cached:          7130816 kB
SwapCached:            0 kB
Active:          2350172 kB
Inactive:        6109588 kB
Active(anon):    1033160 kB
Inactive(anon):   344612 kB
Active(file):    1317012 kB
Inactive(file):  5764976 kB
Unevictable:        5592 kB
Mlocked:            5592 kB
SwapTotal:       3145724 kB
SwapFree:        3145724 kB
Dirty:               492 kB
Writeback:             8 kB
AnonPages:       1325864 kB
Mapped:           686936 kB
Shmem:             52952 kB
KReclaimable:     875712 kB
Slab:             245792 kB
SReclaimable:      97964 kB
SUnreclaim:       147828 kB
KernelStack:       47520 kB
PageTables:        64260 kB
NFS_Unstable:          0 kB
Bounce:                0 kB
WritebackTmp:          0 kB
CommitLimit:     9202292 kB
Committed_AS:   67546380 kB
VmallocTotal:   263061440 kB
VmallocUsed:      104536 kB
VmallocChunk:          0 kB
Percpu:             7680 kB
CmaTotal:         294912 kB
CmaFree:               0 kB
MemTotal:       12113136 kB
MemFree:          772384 kB
MemAvailable:    7845016 kB
Buffers:            8668 kB
Cached:          7130980 kB
SwapCached:            0 kB
Active:          2351844 kB
Inactive:        6109752 kB
Active(anon):    1034832 kB
Inactive(anon):   344756 kB
Active(file):    1317012 kB
Inactive(file):  5764996 kB
Unevictable:        5592 kB
Mlocked:            5592 kB
SwapTotal:       3145724 kB
SwapFree:        3145724 kB
Dirty:               520 kB
Writeback:             0 kB
AnonPages:       1327632 kB
Mapped:           688740 kB
Shmem:             53096 kB
KReclaimable:     875712 kB
Slab:             245804 kB
SReclaimable:      97964 kB
SUnreclaim:       147840 kB
KernelStack:       47536 kB
PageTables:        64344 kB
NFS_Unstable:          0 kB
Bounce:                0 kB
WritebackTmp:          0 kB
CommitLimit:     9202292 kB
Committed_AS:   67552840 kB
VmallocTotal:   263061440 kB
VmallocUsed:      104552 kB
VmallocChunk:          0 kB
Percpu:             7680 kB
CmaTotal:         294912 kB
CmaFree:               0 kB
MemTotal:       12113136 kB
MemFree:          784296 kB
MemAvailable:    7856948 kB
Buffers:            8668 kB
Cached:          7131288 kB
SwapCached:            0 kB
Active:          2338748 kB
Inactive:        6110060 kB
Active(anon):    1021736 kB
Inactive(anon):   345044 kB
Active(file):    1317012 kB
Inactive(file):  5765016 kB
Unevictable:        5592 kB
Mlocked:            5592 kB
SwapTotal:       3145724 kB
SwapFree:        3145724 kB
Dirty:               580 kB
Writeback:             0 kB
AnonPages:       1314352 kB
Mapped:           689000 kB
Shmem:             53384 kB
KReclaimable:     875712 kB
Slab:             245812 kB
SReclaimable:      97964 kB
SUnreclaim:       147848 kB
KernelStack:       47520 kB
PageTables:        64356 kB
NFS_Unstable:          0 kB
Bounce:                0 kB
WritebackTmp:          0 kB
CommitLimit:     9202292 kB
Committed_AS:   67557492 kB
VmallocTotal:   263061440 kB
VmallocUsed:      104568 kB
VmallocChunk:          0 kB
Percpu:             7680 kB
CmaTotal:         294912 kB
CmaFree:             256 kB
MemTotal:       12113136 kB
MemFree:          784084 kB
MemAvailable:    7856756 kB
Buffers:            8668 kB
Cached:          7131644 kB
SwapCached:            0 kB
Active:          2340824 kB
Inactive:        6110416 kB
Active(anon):    1023812 kB
Inactive(anon):   345380 kB
Active(file):    1317012 kB
Inactive(file):  5765036 kB
Unevictable:        5592 kB
Mlocked:            5592 kB
SwapTotal:       3145724 kB
SwapFree:        3145724 kB
Dirty:               416 kB
Writeback:             0 kB
AnonPages:       1316716 kB
Mapped:           688804 kB
Shmem:             53720 kB
KReclaimable:     875712 kB
Slab:             245776 kB
SReclaimable:      97964 kB
SUnreclaim:       147812 kB
KernelStack:       47488 kB
PageTables:        64356 kB
NFS_Unstable:          0 kB
Bounce:                0 kB
WritebackTmp:          0 kB
CommitLimit:     9202292 kB
Committed_AS:   67548024 kB
VmallocTotal:   263061440 kB
VmallocUsed:      104520 kB
VmallocChunk:          0 kB
Percpu:             7680 kB
CmaTotal:         294912 kB
CmaFree:               0 kB
MemTotal:       12113136 kB
MemFree:          781532 kB
MemAvailable:    7854224 kB
Buffers:            8668 kB
Cached:          7131968 kB
SwapCached:            0 kB
Active:          2341140 kB
Inactive:        6110740 kB
Active(anon):    1024128 kB
Inactive(anon):   345684 kB
Active(file):    1317012 kB
Inactive(file):  5765056 kB
Unevictable:        5592 kB
Mlocked:            5592 kB
SwapTotal:       3145724 kB
SwapFree:        3145724 kB
Dirty:               592 kB
Writeback:             0 kB
AnonPages:       1316944 kB
Mapped:           688876 kB
Shmem:             54024 kB
KReclaimable:     875712 kB
Slab:             245792 kB
SReclaimable:      97964 kB
SUnreclaim:       147828 kB
KernelStack:       47536 kB
PageTables:        64516 kB
NFS_Unstable:          0 kB
Bounce:                0 kB
WritebackTmp:          0 kB
CommitLimit:     9202292 kB
Committed_AS:   67537540 kB
VmallocTotal:   263061440 kB
VmallocUsed:      104504 kB
VmallocChunk:          0 kB
Percpu:             7680 kB
CmaTotal:         294912 kB
CmaFree:               0 kB
MemTotal:       12113136 kB
MemFree:          780360 kB
MemAvailable:    7853100 kB
Buffers:            8676 kB
Cached:          7132312 kB
SwapCached:            0 kB
Active:          2342868 kB
Inactive:        6111084 kB
Active(anon):    1025848 kB
Inactive(anon):   345988 kB
Active(file):    1317020 kB
Inactive(file):  5765096 kB
Unevictable:        5592 kB
Mlocked:            5592 kB
SwapTotal:       3145724 kB
SwapFree:        3145724 kB
Dirty:               744 kB
Writeback:             0 kB
AnonPages:       1318572 kB
Mapped:           689124 kB
Shmem:             54328 kB
KReclaimable:     875712 kB
Slab:             245824 kB
SReclaimable:      97964 kB
SUnreclaim:       147860 kB
KernelStack:       47536 kB
PageTables:        64456 kB
NFS_Unstable:          0 kB
Bounce:                0 kB
WritebackTmp:          0 kB
CommitLimit:     9202292 kB
Committed_AS:   67547032 kB
VmallocTotal:   263061440 kB
VmallocUsed:      104440 kB
VmallocChunk:          0 kB
Percpu:             7680 kB
CmaTotal:         294912 kB
CmaFree:               0 kB
MemTotal:       12113136 kB
MemFree:          777284 kB
MemAvailable:    7850044 kB
Buffers:            8676 kB
Cached:          7132528 kB
SwapCached:            0 kB
Active:          2344608 kB
Inactive:        6111300 kB
Active(anon):    1027588 kB
Inactive(anon):   346184 kB
Active(file):    1317020 kB
Inactive(file):  5765116 kB
Unevictable:        5592 kB
Mlocked:            5592 kB
SwapTotal:       3145724 kB
SwapFree:        3145724 kB
Dirty:              1116 kB
Writeback:             0 kB
AnonPages:       1320304 kB
Mapped:           689160 kB
Shmem:             54524 kB
KReclaimable:     875712 kB
Slab:             245852 kB
SReclaimable:      97964 kB
SUnreclaim:       147888 kB
KernelStack:       47424 kB
PageTables:        64300 kB
NFS_Unstable:          0 kB
Bounce:                0 kB
WritebackTmp:          0 kB
CommitLimit:     9202292 kB
Committed_AS:   67552944 kB
VmallocTotal:   263061440 kB
VmallocUsed:      104456 kB
VmallocChunk:          0 kB
Percpu:             7680 kB
CmaTotal:         294912 kB
CmaFree:               0 kB
MemTotal:       12113136 kB
MemFree:          778456 kB
MemAvailable:    7851240 kB
Buffers:            8676 kB
Cached:          7132872 kB
SwapCached:            0 kB
Active:          2343032 kB
Inactive:        6111644 kB
Active(anon):    1026012 kB
Inactive(anon):   346504 kB
Active(file):    1317020 kB
Inactive(file):  5765140 kB
Unevictable:        5592 kB
Mlocked:            5592 kB
SwapTotal:       3145724 kB
SwapFree:        3145724 kB
Dirty:              1364 kB
Writeback:             0 kB
AnonPages:       1318864 kB
Mapped:           689188 kB
Shmem:             54844 kB
KReclaimable:     875712 kB
Slab:             245892 kB
SReclaimable:      97964 kB
SUnreclaim:       147928 kB
KernelStack:       47488 kB
PageTables:        64352 kB
NFS_Unstable:          0 kB
Bounce:                0 kB
WritebackTmp:          0 kB
CommitLimit:     9202292 kB
Committed_AS:   67560316 kB
VmallocTotal:   263061440 kB
VmallocUsed:      104504 kB
VmallocChunk:          0 kB
Percpu:             7680 kB
CmaTotal:         294912 kB
CmaFree:               8 kB
MemTotal:       12113136 kB
MemFree:          777604 kB
MemAvailable:    7850408 kB
Buffers:            8676 kB
Cached:          7132956 kB
SwapCached:            0 kB
Active:          2344276 kB
Inactive:        6111728 kB
Active(anon):    1027256 kB
Inactive(anon):   346568 kB
Active(file):    1317020 kB
Inactive(file):  5765160 kB
Unevictable:        5592 kB
Mlocked:            5592 kB
SwapTotal:       3145724 kB
SwapFree:        3145724 kB
Dirty:               304 kB
Writeback:           204 kB
AnonPages:       1320212 kB
Mapped:           688956 kB
Shmem:             54908 kB
KReclaimable:     875712 kB
Slab:             246016 kB
SReclaimable:      97964 kB
SUnreclaim:       148052 kB
KernelStack:       47472 kB
PageTables:        64352 kB
NFS_Unstable:          0 kB
Bounce:                0 kB
WritebackTmp:          0 kB
CommitLimit:     9202292 kB
Committed_AS:   67562116 kB
VmallocTotal:   263061440 kB
VmallocUsed:      104520 kB
VmallocChunk:          0 kB
Percpu:             7680 kB
CmaTotal:         294912 kB
CmaFree:               0 kB
MemTotal:       12113136 kB
MemFree:          779508 kB
MemAvailable:    7852328 kB
Buffers:            8676 kB
Cached:          7133420 kB
SwapCached:            0 kB
Active:          2341720 kB
Inactive:        6112192 kB
Active(anon):    1024700 kB
Inactive(anon):   347016 kB
Active(file):    1317020 kB
Inactive(file):  5765176 kB
Unevictable:        5592 kB
Mlocked:            5592 kB
SwapTotal:       3145724 kB
SwapFree:        3145724 kB
Dirty:               428 kB
Writeback:             0 kB
AnonPages:       1317336 kB
Mapped:           689216 kB
Shmem:             55356 kB
KReclaimable:     875712 kB
Slab:             245964 kB
SReclaimable:      97964 kB
SUnreclaim:       148000 kB
KernelStack:       47456 kB
PageTables:        64300 kB
NFS_Unstable:          0 kB
Bounce:                0 kB
WritebackTmp:          0 kB
CommitLimit:     9202292 kB
Committed_AS:   67562308 kB
VmallocTotal:   263061440 kB
VmallocUsed:      104504 kB
VmallocChunk:          0 kB
Percpu:             7680 kB
CmaTotal:         294912 kB
CmaFree:               0 kB
MemTotal:       12113136 kB
MemFree:          778884 kB
MemAvailable:    7851724 kB
Buffers:            8676 kB
Cached:          7133440 kB
SwapCached:            0 kB
Active:          2343036 kB
Inactive:        6112212 kB
Active(anon):    1026016 kB
Inactive(anon):   347016 kB
Active(file):    1317020 kB
Inactive(file):  5765196 kB
Unevictable:        5592 kB
Mlocked:            5592 kB
SwapTotal:       3145724 kB
SwapFree:        3145724 kB
Dirty:               452 kB
Writeback:             0 kB
AnonPages:       1318380 kB
Mapped:           689276 kB
Shmem:             55356 kB
KReclaimable:     875712 kB
Slab:             245940 kB
SReclaimable:      97964 kB
SUnreclaim:       147976 kB
KernelStack:       47504 kB
PageTables:        64404 kB
NFS_Unstable:          0 kB
Bounce:                0 kB
WritebackTmp:          0 kB
CommitLimit:     9202292 kB
Committed_AS:   67555804 kB
VmallocTotal:   263061440 kB
VmallocUsed:      104504 kB
VmallocChunk:          0 kB
Percpu:             7680 kB
CmaTotal:         294912 kB
CmaFree:               0 kB
MemTotal:       12113136 kB
MemFree:          800240 kB
MemAvailable:    7873092 kB
Buffers:            8676 kB
Cached:          7126424 kB
SwapCached:            0 kB
Active:          2328468 kB
Inactive:        6105196 kB
Active(anon):    1011448 kB
Inactive(anon):   339988 kB
Active(file):    1317020 kB
Inactive(file):  5765208 kB
Unevictable:        5592 kB
Mlocked:            5592 kB
SwapTotal:       3145724 kB
SwapFree:        3145724 kB
Dirty:               532 kB
Writeback:             0 kB
AnonPages:       1303928 kB
Mapped:           689196 kB
Shmem:             48328 kB
KReclaimable:     875712 kB
Slab:             245988 kB
SReclaimable:      97964 kB
SUnreclaim:       148024 kB
KernelStack:       47500 kB
PageTables:        64432 kB
NFS_Unstable:          0 kB
Bounce:                0 kB
WritebackTmp:          0 kB
CommitLimit:     9202292 kB
Committed_AS:   67555572 kB
VmallocTotal:   263061440 kB
VmallocUsed:      104456 kB
VmallocChunk:          0 kB
Percpu:             7680 kB
CmaTotal:         294912 kB
CmaFree:               0 kB
MemTotal:       12113136 kB
MemFree:          798624 kB
MemAvailable:    7871496 kB
Buffers:            8676 kB
Cached:          7126208 kB
SwapCached:            0 kB
Active:          2329648 kB
Inactive:        6104984 kB
Active(anon):    1012632 kB
Inactive(anon):   339752 kB
Active(file):    1317016 kB
Inactive(file):  5765232 kB
Unevictable:        5592 kB
Mlocked:            5592 kB
SwapTotal:       3145724 kB
SwapFree:        3145724 kB
Dirty:               556 kB
Writeback:             0 kB
AnonPages:       1305324 kB
Mapped:           689292 kB
Shmem:             48092 kB
KReclaimable:     875712 kB
Slab:             245784 kB
SReclaimable:      97964 kB
SUnreclaim:       147820 kB
KernelStack:       47504 kB
PageTables:        64380 kB
NFS_Unstable:          0 kB
Bounce:                0 kB
WritebackTmp:          0 kB
CommitLimit:     9202292 kB
Committed_AS:   67554640 kB
VmallocTotal:   263061440 kB
VmallocUsed:      104472 kB
VmallocChunk:          0 kB
Percpu:             7680 kB
CmaTotal:         294912 kB
CmaFree:               0 kB
MemTotal:       12113136 kB
MemFree:          798464 kB
MemAvailable:    7871352 kB
Buffers:            8676 kB
Cached:          7126672 kB
SwapCached:            0 kB
Active:          2330872 kB
Inactive:        6105444 kB
Active(anon):    1013852 kB
Inactive(anon):   340200 kB
Active(file):    1317020 kB
Inactive(file):  5765244 kB
Unevictable:        5592 kB
Mlocked:            5592 kB
SwapTotal:       3145724 kB
SwapFree:        3145724 kB
Dirty:               620 kB
Writeback:             0 kB
AnonPages:       1306652 kB
Mapped:           689080 kB
Shmem:             48540 kB
KReclaimable:     875712 kB
Slab:             245808 kB
SReclaimable:      97964 kB
SUnreclaim:       147844 kB
KernelStack:       47488 kB
PageTables:        64356 kB
NFS_Unstable:          0 kB
Bounce:                0 kB
WritebackTmp:          0 kB
CommitLimit:     9202292 kB
Committed_AS:   67550156 kB
VmallocTotal:   263061440 kB
VmallocUsed:      104440 kB
VmallocChunk:          0 kB
Percpu:             7680 kB
CmaTotal:         294912 kB
CmaFree:               0 kB
MemTotal:       12113136 kB
MemFree:          797324 kB
MemAvailable:    7870244 kB
Buffers:            8676 kB
Cached:          7126736 kB
SwapCached:            0 kB
Active:          2331636 kB
Inactive:        6105504 kB
Active(anon):    1014612 kB
Inactive(anon):   340232 kB
Active(file):    1317024 kB
Inactive(file):  5765272 kB
Unevictable:        5592 kB
Mlocked:            5592 kB
SwapTotal:       3145724 kB
SwapFree:        3145724 kB
Dirty:               668 kB
Writeback:             0 kB
AnonPages:       1307688 kB
Mapped:           689192 kB
Shmem:             48572 kB
KReclaimable:     875712 kB
Slab:             245768 kB
SReclaimable:      97964 kB
SUnreclaim:       147804 kB
KernelStack:       47504 kB
PageTables:        64332 kB
NFS_Unstable:          0 kB
Bounce:                0 kB
WritebackTmp:          0 kB
CommitLimit:     9202292 kB
Committed_AS:   67555096 kB
VmallocTotal:   263061440 kB
VmallocUsed:      104472 kB
VmallocChunk:          0 kB
Percpu:             7680 kB
CmaTotal:         294912 kB
CmaFree:              40 kB
MemTotal:       12113136 kB
MemFree:          797184 kB
MemAvailable:    7870128 kB
Buffers:            8676 kB
Cached:          7127184 kB
SwapCached:            0 kB
Active:          2331188 kB
Inactive:        6105956 kB
Active(anon):    1014168 kB
Inactive(anon):   340656 kB
Active(file):    1317020 kB
Inactive(file):  5765300 kB
Unevictable:        5592 kB
Mlocked:            5592 kB
SwapTotal:       3145724 kB
SwapFree:        3145724 kB
Dirty:               752 kB
Writeback:             0 kB
AnonPages:       1306796 kB
Mapped:           689268 kB
Shmem:             48996 kB
KReclaimable:     875712 kB
Slab:             245804 kB
SReclaimable:      97964 kB
SUnreclaim:       147840 kB
KernelStack:       47472 kB
PageTables:        64376 kB
NFS_Unstable:          0 kB
Bounce:                0 kB
WritebackTmp:          0 kB
CommitLimit:     9202292 kB
Committed_AS:   67547440 kB
VmallocTotal:   263061440 kB
VmallocUsed:      104456 kB
VmallocChunk:          0 kB
Percpu:             7680 kB
CmaTotal:         294912 kB
CmaFree:               0 kB
MemTotal:       12113136 kB
MemFree:          795236 kB
MemAvailable:    7868204 kB
Buffers:            8676 kB
Cached:          7127496 kB
SwapCached:            0 kB
Active:          2333368 kB
Inactive:        6106268 kB
Active(anon):    1016348 kB
Inactive(anon):   340944 kB
Active(file):    1317020 kB
Inactive(file):  5765324 kB
Unevictable:        5592 kB
Mlocked:            5592 kB
SwapTotal:       3145724 kB
SwapFree:        3145724 kB
Dirty:               824 kB
Writeback:             0 kB
AnonPages:       1309148 kB
Mapped:           689464 kB
Shmem:             49284 kB
KReclaimable:     875712 kB
Slab:             245788 kB
SReclaimable:      97964 kB
SUnreclaim:       147824 kB
KernelStack:       47472 kB
PageTables:        64356 kB
NFS_Unstable:          0 kB
Bounce:                0 kB
WritebackTmp:          0 kB
CommitLimit:     9202292 kB
Committed_AS:   67551620 kB
VmallocTotal:   263061440 kB
VmallocUsed:      104472 kB
VmallocChunk:          0 kB
Percpu:             7680 kB
CmaTotal:         294912 kB
CmaFree:               0 kB
MemTotal:       12113136 kB
MemFree:          794796 kB
MemAvailable:    7867788 kB
Buffers:            8676 kB
Cached:          7127668 kB
SwapCached:            0 kB
Active:          2334744 kB
Inactive:        6106440 kB
Active(anon):    1017724 kB
Inactive(anon):   341092 kB
Active(file):    1317020 kB
Inactive(file):  5765348 kB
Unevictable:        5592 kB
Mlocked:            5592 kB
SwapTotal:       3145724 kB
SwapFree:        3145724 kB
Dirty:               856 kB
Writeback:             0 kB
AnonPages:       1310468 kB
Mapped:           689212 kB
Shmem:             49432 kB
KReclaimable:     875712 kB
Slab:             245808 kB
SReclaimable:      97964 kB
SUnreclaim:       147844 kB
KernelStack:       47488 kB
PageTables:        64324 kB
NFS_Unstable:          0 kB
Bounce:                0 kB
WritebackTmp:          0 kB
CommitLimit:     9202292 kB
Committed_AS:   67547128 kB
VmallocTotal:   263061440 kB
VmallocUsed:      104456 kB
VmallocChunk:          0 kB
Percpu:             7680 kB
CmaTotal:         294912 kB
CmaFree:               0 kB
MemTotal:       12113136 kB
MemFree:          792816 kB
MemAvailable:    7865824 kB
Buffers:            8676 kB
Cached:          7127920 kB
SwapCached:            0 kB
Active:          2335896 kB
Inactive:        6106692 kB
Active(anon):    1018876 kB
Inactive(anon):   341328 kB
Active(file):    1317020 kB
Inactive(file):  5765364 kB
Unevictable:        5592 kB
Mlocked:            5592 kB
SwapTotal:       3145724 kB
SwapFree:        3145724 kB
Dirty:               276 kB
Writeback:             0 kB
AnonPages:       1311884 kB
Mapped:           689524 kB
Shmem:             49668 kB
KReclaimable:     875712 kB
Slab:             245748 kB
SReclaimable:      97964 kB
SUnreclaim:       147784 kB
KernelStack:       47520 kB
PageTables:        64460 kB
NFS_Unstable:          0 kB
Bounce:                0 kB
WritebackTmp:          0 kB
CommitLimit:     9202292 kB
Committed_AS:   67549676 kB
VmallocTotal:   263061440 kB
VmallocUsed:      104504 kB
VmallocChunk:          0 kB
Percpu:             7680 kB
CmaTotal:         294912 kB
CmaFree:               0 kB
MemTotal:       12113136 kB
MemFree:          791764 kB
MemAvailable:    7864800 kB
Buffers:            8676 kB
Cached:          7128260 kB
SwapCached:            0 kB
Active:          2336868 kB
Inactive:        6107028 kB
Active(anon):    1019848 kB
Inactive(anon):   341636 kB
Active(file):    1317020 kB
Inactive(file):  5765392 kB
Unevictable:        5592 kB
Mlocked:            5592 kB
SwapTotal:       3145724 kB
SwapFree:        3145724 kB
Dirty:               392 kB
Writeback:             0 kB
AnonPages:       1312672 kB
Mapped:           689280 kB
Shmem:             49980 kB
KReclaimable:     875712 kB
Slab:             245780 kB
SReclaimable:      97964 kB
SUnreclaim:       147816 kB
KernelStack:       47472 kB
PageTables:        64356 kB
NFS_Unstable:          0 kB
Bounce:                0 kB
WritebackTmp:          0 kB
CommitLimit:     9202292 kB
Committed_AS:   67549256 kB
VmallocTotal:   263061440 kB
VmallocUsed:      104488 kB
VmallocChunk:          0 kB
Percpu:             7680 kB
CmaTotal:         294912 kB
CmaFree:               0 kB
MemTotal:       12113136 kB
MemFree:          788948 kB
MemAvailable:    7862008 kB
Buffers:            8680 kB
Cached:          7128312 kB
SwapCached:            0 kB
Active:          2337884 kB
Inactive:        6107084 kB
Active(anon):    1020864 kB
Inactive(anon):   341668 kB
Active(file):    1317020 kB
Inactive(file):  5765416 kB
Unevictable:        5592 kB
Mlocked:            5592 kB
SwapTotal:       3145724 kB
SwapFree:        3145724 kB
Dirty:               384 kB
Writeback:             0 kB
AnonPages:       1313776 kB
Mapped:           689600 kB
Shmem:             50012 kB
KReclaimable:     875712 kB
Slab:             245780 kB
SReclaimable:      97964 kB
SUnreclaim:       147816 kB
KernelStack:       47456 kB
PageTables:        64344 kB
NFS_Unstable:          0 kB
Bounce:                0 kB
WritebackTmp:          0 kB
CommitLimit:     9202292 kB
Committed_AS:   67552816 kB
VmallocTotal:   263061440 kB
VmallocUsed:      104472 kB
VmallocChunk:          0 kB
Percpu:             7680 kB
CmaTotal:         294912 kB
CmaFree:               0 kB
MemTotal:       12113136 kB
MemFree:          788024 kB
MemAvailable:    7861112 kB
Buffers:            8680 kB
Cached:          7128828 kB
SwapCached:            0 kB
Active:          2340400 kB
Inactive:        6107600 kB
Active(anon):    1023376 kB
Inactive(anon):   342160 kB
Active(file):    1317024 kB
Inactive(file):  5765440 kB
Unevictable:        5592 kB
Mlocked:            5592 kB
SwapTotal:       3145724 kB
SwapFree:        3145724 kB
Dirty:               508 kB
Writeback:             0 kB
AnonPages:       1315900 kB
Mapped:           689428 kB
Shmem:             50500 kB
KReclaimable:     875712 kB
Slab:             245760 kB
SReclaimable:      97964 kB
SUnreclaim:       147796 kB
KernelStack:       47504 kB
PageTables:        64428 kB
NFS_Unstable:          0 kB
Bounce:                0 kB
WritebackTmp:          0 kB
CommitLimit:     9202292 kB
Committed_AS:   67552692 kB
VmallocTotal:   263061440 kB
VmallocUsed:      104456 kB
VmallocChunk:          0 kB
Percpu:             7680 kB
CmaTotal:         294912 kB
CmaFree:               0 kB
MemTotal:       12113136 kB
MemFree:          785864 kB
MemAvailable:    7858968 kB
Buffers:            8680 kB
Cached:          7129092 kB
SwapCached:            0 kB
Active:          2341528 kB
Inactive:        6107864 kB
Active(anon):    1024504 kB
Inactive(anon):   342408 kB
Active(file):    1317024 kB
Inactive(file):  5765456 kB
Unevictable:        5592 kB
Mlocked:            5592 kB
SwapTotal:       3145724 kB
SwapFree:        3145724 kB
Dirty:               560 kB
Writeback:             0 kB
AnonPages:       1317196 kB
Mapped:           689640 kB
Shmem:             50748 kB
KReclaimable:     875712 kB
Slab:             245760 kB
SReclaimable:      97964 kB
SUnreclaim:       147796 kB
KernelStack:       47488 kB
PageTables:        64360 kB
NFS_Unstable:          0 kB
Bounce:                0 kB
WritebackTmp:          0 kB
CommitLimit:     9202292 kB
Committed_AS:   67552516 kB
VmallocTotal:   263061440 kB
VmallocUsed:      104456 kB
VmallocChunk:          0 kB
Percpu:             7680 kB
CmaTotal:         294912 kB
CmaFree:               0 kB
MemTotal:       12113136 kB
MemFree:          784064 kB
MemAvailable:    7857200 kB
Buffers:            8680 kB
Cached:          7129484 kB
SwapCached:            0 kB
Active:          2342728 kB
Inactive:        6108256 kB
Active(anon):    1025704 kB
Inactive(anon):   342768 kB
Active(file):    1317024 kB
Inactive(file):  5765488 kB
Unevictable:        5592 kB
Mlocked:            5592 kB
SwapTotal:       3145724 kB
SwapFree:        3145724 kB
Dirty:               632 kB
Writeback:             0 kB
AnonPages:       1318364 kB
Mapped:           689512 kB
Shmem:             51108 kB
KReclaimable:     875712 kB
Slab:             245784 kB
SReclaimable:      97964 kB
SUnreclaim:       147820 kB
KernelStack:       47472 kB
PageTables:        64272 kB
NFS_Unstable:          0 kB
Bounce:                0 kB
WritebackTmp:          0 kB
CommitLimit:     9202292 kB
Committed_AS:   67555984 kB
VmallocTotal:   263061440 kB
VmallocUsed:      104488 kB
VmallocChunk:          0 kB
Percpu:             7680 kB
CmaTotal:         294912 kB
CmaFree:               0 kB
MemTotal:       12113136 kB
MemFree:          782224 kB
MemAvailable:    7855372 kB
Buffers:            8680 kB
Cached:          7129688 kB
SwapCached:            0 kB
Active:          2344092 kB
Inactive:        6108460 kB
Active(anon):    1027068 kB
Inactive(anon):   342960 kB
Active(file):    1317024 kB
Inactive(file):  5765500 kB
Unevictable:        5592 kB
Mlocked:            5592 kB
SwapTotal:       3145724 kB
SwapFree:        3145724 kB
Dirty:               380 kB
Writeback:             0 kB
AnonPages:       1319796 kB
Mapped:           689636 kB
Shmem:             51300 kB
KReclaimable:     875712 kB
Slab:             245772 kB
SReclaimable:      97964 kB
SUnreclaim:       147808 kB
KernelStack:       47508 kB
PageTables:        64304 kB
NFS_Unstable:          0 kB
Bounce:                0 kB
WritebackTmp:          0 kB
CommitLimit:     9202292 kB
Committed_AS:   67556708 kB
VmallocTotal:   263061440 kB
VmallocUsed:      104488 kB
VmallocChunk:          0 kB
Percpu:             7680 kB
CmaTotal:         294912 kB
CmaFree:               0 kB
MemTotal:       12113136 kB
MemFree:          781436 kB
MemAvailable:    7854596 kB
Buffers:            8680 kB
Cached:          7129860 kB
SwapCached:            0 kB
Active:          2344980 kB
Inactive:        6108636 kB
Active(anon):    1027960 kB
Inactive(anon):   343120 kB
Active(file):    1317020 kB
Inactive(file):  5765516 kB
Unevictable:        5592 kB
Mlocked:            5592 kB
SwapTotal:       3145724 kB
SwapFree:        3145724 kB
Dirty:               432 kB
Writeback:             0 kB
AnonPages:       1321072 kB
Mapped:           689636 kB
Shmem:             51460 kB
KReclaimable:     875712 kB
Slab:             245772 kB
SReclaimable:      97964 kB
SUnreclaim:       147808 kB
KernelStack:       47472 kB
PageTables:        64264 kB
NFS_Unstable:          0 kB
Bounce:                0 kB
WritebackTmp:          0 kB
CommitLimit:     9202292 kB
Committed_AS:   67551644 kB
VmallocTotal:   263061440 kB
VmallocUsed:      104520 kB
VmallocChunk:          0 kB
Percpu:             7680 kB
CmaTotal:         294912 kB
CmaFree:               0 kB
MemTotal:       12113136 kB
MemFree:          779700 kB
MemAvailable:    7852896 kB
Buffers:            8680 kB
Cached:          7130152 kB
SwapCached:            0 kB
Active:          2346108 kB
Inactive:        6108924 kB
Active(anon):    1029084 kB
Inactive(anon):   343376 kB
Active(file):    1317024 kB
Inactive(file):  5765548 kB
Unevictable:        5592 kB
Mlocked:            5592 kB
SwapTotal:       3145724 kB
SwapFree:        3145724 kB
Dirty:               516 kB
Writeback:             0 kB
AnonPages:       1321952 kB
Mapped:           689516 kB
Shmem:             51716 kB
KReclaimable:     875712 kB
Slab:             245768 kB
SReclaimable:      97964 kB
SUnreclaim:       147804 kB
KernelStack:       47472 kB
PageTables:        64356 kB
NFS_Unstable:          0 kB
Bounce:                0 kB
WritebackTmp:          0 kB
CommitLimit:     9202292 kB
Committed_AS:   67552900 kB
VmallocTotal:   263061440 kB
VmallocUsed:      104456 kB
VmallocChunk:          0 kB
Percpu:             7680 kB
CmaTotal:         294912 kB
CmaFree:               0 kB
MemTotal:       12113136 kB
MemFree:          778208 kB
MemAvailable:    7851424 kB
Buffers:            8680 kB
Cached:          7130588 kB
SwapCached:            0 kB
Active:          2346920 kB
Inactive:        6109360 kB
Active(anon):    1029896 kB
Inactive(anon):   343792 kB
Active(file):    1317024 kB
Inactive(file):  5765568 kB
Unevictable:        5592 kB
Mlocked:            5592 kB
SwapTotal:       3145724 kB
SwapFree:        3145724 kB
Dirty:               568 kB
Writeback:             0 kB
AnonPages:       1322548 kB
Mapped:           689984 kB
Shmem:             52132 kB
KReclaimable:     875712 kB
Slab:             245780 kB
SReclaimable:      97964 kB
SUnreclaim:       147816 kB
KernelStack:       47456 kB
PageTables:        64608 kB
NFS_Unstable:          0 kB
Bounce:                0 kB
WritebackTmp:          0 kB
CommitLimit:     9202292 kB
Committed_AS:   67548228 kB
VmallocTotal:   263061440 kB
VmallocUsed:      104456 kB
VmallocChunk:          0 kB
Percpu:             7680 kB
CmaTotal:         294912 kB
CmaFree:               0 kB
MemTotal:       12113136 kB
MemFree:          776884 kB
MemAvailable:    7850120 kB
Buffers:            8680 kB
Cached:          7130728 kB
SwapCached:            0 kB
Active:          2348732 kB
Inactive:        6109504 kB
Active(anon):    1031708 kB
Inactive(anon):   343916 kB
Active(file):    1317024 kB
Inactive(file):  5765588 kB
Unevictable:        5592 kB
Mlocked:            5592 kB
SwapTotal:       3145724 kB
SwapFree:        3145724 kB
Dirty:               596 kB
Writeback:             0 kB
AnonPages:       1324480 kB
Mapped:           689820 kB
Shmem:             52252 kB
KReclaimable:     875712 kB
Slab:             245780 kB
SReclaimable:      97964 kB
SUnreclaim:       147816 kB
KernelStack:       47488 kB
PageTables:        64324 kB
NFS_Unstable:          0 kB
Bounce:                0 kB
WritebackTmp:          0 kB
CommitLimit:     9202292 kB
Committed_AS:   67554340 kB
VmallocTotal:   263061440 kB
VmallocUsed:      104472 kB
VmallocChunk:          0 kB
Percpu:             7680 kB
CmaTotal:         294912 kB
CmaFree:               0 kB
MemTotal:       12113136 kB
MemFree:          774200 kB
MemAvailable:    7847456 kB
Buffers:            8680 kB
Cached:          7131140 kB
SwapCached:            0 kB
Active:          2349808 kB
Inactive:        6109912 kB
Active(anon):    1032784 kB
Inactive(anon):   344304 kB
Active(file):    1317024 kB
Inactive(file):  5765608 kB
Unevictable:        5592 kB
Mlocked:            5592 kB
SwapTotal:       3145724 kB
SwapFree:        3145724 kB
Dirty:               396 kB
Writeback:             0 kB
AnonPages:       1325700 kB
Mapped:           689800 kB
Shmem:             52644 kB
KReclaimable:     875712 kB
Slab:             245824 kB
SReclaimable:      97964 kB
SUnreclaim:       147860 kB
KernelStack:       47472 kB
PageTables:        64344 kB
NFS_Unstable:          0 kB
Bounce:                0 kB
WritebackTmp:          0 kB
CommitLimit:     9202292 kB
Committed_AS:   67558916 kB
VmallocTotal:   263061440 kB
VmallocUsed:      104504 kB
VmallocChunk:          0 kB
Percpu:             7680 kB
CmaTotal:         294912 kB
CmaFree:               0 kB
MemTotal:       12113136 kB
MemFree:          773216 kB
MemAvailable:    7846496 kB
Buffers:            8680 kB
Cached:          7131244 kB
SwapCached:            0 kB
Active:          2351216 kB
Inactive:        6110016 kB
Active(anon):    1034192 kB
Inactive(anon):   344384 kB
Active(file):    1317024 kB
Inactive(file):  5765632 kB
Unevictable:        5592 kB
Mlocked:            5592 kB
SwapTotal:       3145724 kB
SwapFree:        3145724 kB
Dirty:               452 kB
Writeback:             0 kB
AnonPages:       1327280 kB
Mapped:           689888 kB
Shmem:             52724 kB
KReclaimable:     875712 kB
Slab:             245792 kB
SReclaimable:      97964 kB
SUnreclaim:       147828 kB
KernelStack:       47488 kB
PageTables:        64356 kB
NFS_Unstable:          0 kB
Bounce:                0 kB
WritebackTmp:          0 kB
CommitLimit:     9202292 kB
Committed_AS:   67559408 kB
VmallocTotal:   263061440 kB
VmallocUsed:      104520 kB
VmallocChunk:          0 kB
Percpu:             7680 kB
CmaTotal:         294912 kB
CmaFree:               0 kB
MemTotal:       12113136 kB
MemFree:          775372 kB
MemAvailable:    7848676 kB
Buffers:            8680 kB
Cached:          7131700 kB
SwapCached:            0 kB
Active:          2347984 kB
Inactive:        6110472 kB
Active(anon):    1030960 kB
Inactive(anon):   344816 kB
Active(file):    1317024 kB
Inactive(file):  5765656 kB
Unevictable:        5592 kB
Mlocked:            5592 kB
SwapTotal:       3145724 kB
SwapFree:        3145724 kB
Dirty:               512 kB
Writeback:             0 kB
AnonPages:       1323548 kB
Mapped:           687768 kB
Shmem:             53156 kB
KReclaimable:     875712 kB
Slab:             245828 kB
SReclaimable:      97964 kB
SUnreclaim:       147864 kB
KernelStack:       47536 kB
PageTables:        64476 kB
NFS_Unstable:          0 kB
Bounce:                0 kB
WritebackTmp:          0 kB
CommitLimit:     9202292 kB
Committed_AS:   67549904 kB
VmallocTotal:   263061440 kB
VmallocUsed:      104504 kB
VmallocChunk:          0 kB
Percpu:             7680 kB
CmaTotal:         294912 kB
CmaFree:             100 kB
MemTotal:       12113136 kB
MemFree:          774620 kB
MemAvailable:    7847944 kB
Buffers:            8680 kB
Cached:          7131944 kB
SwapCached:            0 kB
Active:          2348936 kB
Inactive:        6110716 kB
Active(anon):    1031912 kB
Inactive(anon):   345040 kB
Active(file):    1317024 kB
Inactive(file):  5765676 kB
Unevictable:        5592 kB
Mlocked:            5592 kB
SwapTotal:       3145724 kB
SwapFree:        3145724 kB
Dirty:               584 kB
Writeback:             0 kB
AnonPages:       1324624 kB
Mapped:           687888 kB
Shmem:             53380 kB
KReclaimable:     875712 kB
Slab:             245812 kB
SReclaimable:      97964 kB
SUnreclaim:       147848 kB
KernelStack:       47472 kB
PageTables:        64348 kB
NFS_Unstable:          0 kB
Bounce:                0 kB
WritebackTmp:          0 kB
CommitLimit:     9202292 kB
Committed_AS:   67555344 kB
VmallocTotal:   263061440 kB
VmallocUsed:      104488 kB
VmallocChunk:          0 kB
Percpu:             7680 kB
CmaTotal:         294912 kB
CmaFree:               0 kB
MemTotal:       12113136 kB
MemFree:          772972 kB
MemAvailable:    7846308 kB
Buffers:            8680 kB
Cached:          7132180 kB
SwapCached:            0 kB
Active:          2350300 kB
Inactive:        6110952 kB
Active(anon):    1033276 kB
Inactive(anon):   345264 kB
Active(file):    1317024 kB
Inactive(file):  5765688 kB
Unevictable:        5592 kB
Mlocked:            5592 kB
SwapTotal:       3145724 kB
SwapFree:        3145724 kB
Dirty:               600 kB
Writeback:             0 kB
AnonPages:       1325548 kB
Mapped:           687948 kB
Shmem:             53604 kB
KReclaimable:     875712 kB
Slab:             245836 kB
SReclaimable:      97964 kB
SUnreclaim:       147872 kB
KernelStack:       47472 kB
PageTables:        64348 kB
NFS_Unstable:          0 kB
Bounce:                0 kB
WritebackTmp:          0 kB
CommitLimit:     9202292 kB
Committed_AS:   67554992 kB
VmallocTotal:   263061440 kB
VmallocUsed:      104488 kB
VmallocChunk:          0 kB
Percpu:             7680 kB
CmaTotal:         294912 kB
CmaFree:               0 kB
MemTotal:       12113136 kB
MemFree:          772224 kB
MemAvailable:    7845584 kB
Buffers:            8680 kB
Cached:          7132204 kB
SwapCached:            0 kB
Active:          2351320 kB
Inactive:        6110976 kB
Active(anon):    1034296 kB
Inactive(anon):   345264 kB
Active(file):    1317024 kB
Inactive(file):  5765712 kB
Unevictable:        5592 kB
Mlocked:            5592 kB
SwapTotal:       3145724 kB
SwapFree:        3145724 kB
Dirty:               332 kB
Writeback:             0 kB
AnonPages:       1326684 kB
Mapped:           687928 kB
Shmem:             53604 kB
KReclaimable:     875712 kB
Slab:             245856 kB
SReclaimable:      97964 kB
SUnreclaim:       147892 kB
KernelStack:       47536 kB
PageTables:        64456 kB
NFS_Unstable:          0 kB
Bounce:                0 kB
WritebackTmp:          0 kB
CommitLimit:     9202292 kB
Committed_AS:   67550224 kB
VmallocTotal:   263061440 kB
VmallocUsed:      104456 kB
VmallocChunk:          0 kB
Percpu:             7680 kB
CmaTotal:         294912 kB
CmaFree:               0 kB
MemTotal:       12113136 kB
MemFree:          769892 kB
MemAvailable:    7843276 kB
Buffers:            8680 kB
Cached:          7132804 kB
SwapCached:            0 kB
Active:          2353104 kB
Inactive:        6111576 kB
Active(anon):    1036080 kB
Inactive(anon):   345840 kB
Active(file):    1317024 kB
Inactive(file):  5765736 kB
Unevictable:        5592 kB
Mlocked:            5592 kB
SwapTotal:       3145724 kB
SwapFree:        3145724 kB
Dirty:               496 kB
Writeback:             0 kB
AnonPages:       1328844 kB
Mapped:           689780 kB
Shmem:             54180 kB
KReclaimable:     875712 kB
Slab:             245888 kB
SReclaimable:      97964 kB
SUnreclaim:       147924 kB
KernelStack:       47472 kB
PageTables:        64356 kB
NFS_Unstable:          0 kB
Bounce:                0 kB
WritebackTmp:          0 kB
CommitLimit:     9202292 kB
Committed_AS:   67555664 kB
VmallocTotal:   263061440 kB
VmallocUsed:      104488 kB
