MemTotal:        5980404 kB
MemFree:         1234576 kB
MemAvailable:    2923280 kB
Buffers:            6480 kB
Cached:          1683772 kB
SwapCached:            0 kB
Active:          1249420 kB
Inactive:        1460688 kB
Active(anon):    1026012 kB
Inactive(anon):    20288 kB
Active(file):     223408 kB
Inactive(file):  1440400 kB
Unevictable:        5428 kB
Mlocked:            5428 kB
SwapTotal:       3670008 kB
SwapFree:        3670008 kB
Dirty:               548 kB
Writeback:             0 kB
AnonPages:       1025236 kB
Mapped:           776804 kB
Shmem:             22056 kB
KReclaimable:     587328 kB
Slab:             222372 kB
SReclaimable:      68912 kB
SUnreclaim:       153460 kB
KernelStack:       43376 kB
PageTables:        55220 kB
NFS_Unstable:          0 kB
Bounce:                0 kB
WritebackTmp:          0 kB
CommitLimit:     6660208 kB
Committed_AS:   61280140 kB
VmallocTotal:   263061440 kB
VmallocUsed:       83732 kB
VmallocChunk:          0 kB
Percpu:             7616 kB
CmaTotal:         315392 kB
CmaFree:               0 kB
MemTotal:        5980404 kB
MemFree:         1233388 kB
MemAvailable:    2922108 kB
Buffers:            6484 kB
Cached:          1683788 kB
SwapCached:            0 kB
Active:          1249064 kB
Inactive:        1460704 kB
Active(anon):    1025652 kB
Inactive(anon):    20292 kB
Active(file):     223412 kB
Inactive(file):  1440412 kB
Unevictable:        5428 kB
Mlocked:            5428 kB
SwapTotal:       3670008 kB
SwapFree:        3670008 kB
Dirty:               296 kB
Writeback:             0 kB
AnonPages:       1024992 kB
Mapped:           776644 kB
Shmem:             22060 kB
KReclaimable:     587328 kB
Slab:             222384 kB
SReclaimable:      68912 kB
SUnreclaim:       153472 kB
KernelStack:       43376 kB
PageTables:        55264 kB
NFS_Unstable:          0 kB
Bounce:                0 kB
WritebackTmp:          0 kB
CommitLimit:     6660208 kB
Committed_AS:   61276308 kB
VmallocTotal:   263061440 kB
VmallocUsed:       83780 kB
VmallocChunk:          0 kB
Percpu:             7616 kB
CmaTotal:         315392 kB
CmaFree:               0 kB
MemTotal:        5980404 kB
MemFree:         1232668 kB
MemAvailable:    2921396 kB
Buffers:            6484 kB
Cached:          1683804 kB
SwapCached:            0 kB
Active:          1250176 kB
Inactive:        1460720 kB
Active(anon):    1026764 kB
Inactive(anon):    20300 kB
Active(file):     223412 kB
Inactive(file):  1440420 kB
Unevictable:        5428 kB
Mlocked:            5428 kB
SwapTotal:       3670008 kB
SwapFree:        3670008 kB
Dirty:               388 kB
Writeback:             0 kB
AnonPages:       1026164 kB
Mapped:           776860 kB
Shmem:             22068 kB
KReclaimable:     587328 kB
Slab:             222384 kB
SReclaimable:      68912 kB
SUnreclaim:       153472 kB
KernelStack:       43344 kB
PageTables:        55212 kB
NFS_Unstable:          0 kB
Bounce:                0 kB
WritebackTmp:          0 kB
CommitLimit:     6660208 kB
Committed_AS:   61278464 kB
VmallocTotal:   263061440 kB
VmallocUsed:       83732 kB
VmallocChunk:          0 kB
Percpu:             7616 kB
CmaTotal:         315392 kB
CmaFree:               0 kB
MemTotal:        5980404 kB
MemFree:         1232040 kB
MemAvailable:    2920792 kB
Buffers:            6492 kB
Cached:          1683820 kB
SwapCached:            0 kB
Active:          1250388 kB
Inactive:        1460736 kB
Active(anon):    1026968 kB
Inactive(anon):    20300 kB
Active(file):     223420 kB
Inactive(file):  1440436 kB
Unevictable:        5428 kB
Mlocked:            5428 kB
SwapTotal:       3670008 kB
SwapFree:        3670008 kB
Dirty:               628 kB
Writeback:             0 kB
AnonPages:       1026392 kB
Mapped:           776860 kB
Shmem:             22068 kB
KReclaimable:     587328 kB
Slab:             222380 kB
SReclaimable:      68912 kB
SUnreclaim:       153468 kB
KernelStack:       43360 kB
PageTables:        55208 kB
NFS_Unstable:          0 kB
Bounce:                0 kB
WritebackTmp:          0 kB
CommitLimit:     6660208 kB
Committed_AS:   61273204 kB
VmallocTotal:   263061440 kB
VmallocUsed:       83764 kB
VmallocChunk:          0 kB
Percpu:             7616 kB
CmaTotal:         315392 kB
CmaFree:             176 kB
MemTotal:        5980404 kB
MemFree:         1230480 kB
MemAvailable:    2919232 kB
Buffers:            6492 kB
Cached:          1683824 kB
SwapCached:            0 kB
Active:          1252216 kB
Inactive:        1460740 kB
Active(anon):    1028796 kB
Inactive(anon):    20304 kB
Active(file):     223420 kB
Inactive(file):  1440436 kB
Unevictable:        5428 kB
Mlocked:            5428 kB
SwapTotal:       3670008 kB
SwapFree:        3670008 kB
Dirty:               376 kB
Writeback:             0 kB
AnonPages:       1028212 kB
Mapped:           776864 kB
Shmem:             22072 kB
KReclaimable:     587328 kB
Slab:             222384 kB
SReclaimable:      68912 kB
SUnreclaim:       153472 kB
KernelStack:       43344 kB
PageTables:        55208 kB
NFS_Unstable:          0 kB
Bounce:                0 kB
WritebackTmp:          0 kB
CommitLimit:     6660208 kB
Committed_AS:   61272516 kB
VmallocTotal:   263061440 kB
VmallocUsed:       83748 kB
VmallocChunk:          0 kB
Percpu:             7616 kB
CmaTotal:         315392 kB
CmaFree:               0 kB
MemTotal:        5980404 kB
MemFree:         1229140 kB
MemAvailable:    2917912 kB
Buffers:            6492 kB
Cached:          1683856 kB
SwapCached:            0 kB
Active:          1253652 kB
Inactive:        1460768 kB
Active(anon):    1030228 kB
Inactive(anon):    20316 kB
Active(file):     223424 kB
Inactive(file):  1440452 kB
Unevictable:        5428 kB
Mlocked:            5428 kB
SwapTotal:       3670008 kB
SwapFree:        3670008 kB
Dirty:               496 kB
Writeback:             0 kB
AnonPages:       1029776 kB
Mapped:           776876 kB
Shmem:             22084 kB
KReclaimable:     587328 kB
Slab:             222384 kB
SReclaimable:      68912 kB
SUnreclaim:       153472 kB
KernelStack:       43376 kB
PageTables:        55340 kB
NFS_Unstable:          0 kB
Bounce:                0 kB
WritebackTmp:          0 kB
CommitLimit:     6660208 kB
Committed_AS:   61273364 kB
VmallocTotal:   263061440 kB
VmallocUsed:       83764 kB
VmallocChunk:          0 kB
Percpu:             7616 kB
CmaTotal:         315392 kB
CmaFree:               0 kB
MemTotal:        5980404 kB
MemFree:         1227600 kB
MemAvailable:    2916472 kB
Buffers:            6496 kB
Cached:          1683960 kB
SwapCached:            0 kB
Active:          1255864 kB
Inactive:        1460876 kB
Active(anon):    1032440 kB
Inactive(anon):    20332 kB
Active(file):     223424 kB
Inactive(file):  1440544 kB
Unevictable:        5428 kB
Mlocked:            5428 kB
SwapTotal:       3670008 kB
SwapFree:        3670008 kB
Dirty:               360 kB
Writeback:             0 kB
AnonPages:       1031484 kB
Mapped:           777024 kB
Shmem:             22100 kB
KReclaimable:     587336 kB
Slab:             222436 kB
SReclaimable:      68920 kB
SUnreclaim:       153516 kB
KernelStack:       43404 kB
PageTables:        55208 kB
NFS_Unstable:          0 kB
Bounce:                0 kB
WritebackTmp:          0 kB
CommitLimit:     6660208 kB
Committed_AS:   61275352 kB
VmallocTotal:   263061440 kB
VmallocUsed:       83828 kB
VmallocChunk:          0 kB
Percpu:             7616 kB
CmaTotal:         315392 kB
CmaFree:               0 kB
MemTotal:        5980404 kB
MemFree:         1225032 kB
MemAvailable:    2913944 kB
Buffers:            6504 kB
Cached:          1683992 kB
SwapCached:            0 kB
Active:          1259212 kB
Inactive:        1460908 kB
Active(anon):    1035780 kB
Inactive(anon):    20332 kB
Active(file):     223432 kB
Inactive(file):  1440576 kB
Unevictable:        5428 kB
Mlocked:            5428 kB
SwapTotal:       3670008 kB
SwapFree:        3670008 kB
Dirty:               384 kB
Writeback:             0 kB
AnonPages:       1035084 kB
Mapped:           777024 kB
Shmem:             22100 kB
KReclaimable:     587336 kB
Slab:             222436 kB
SReclaimable:      68920 kB
SUnreclaim:       153516 kB
KernelStack:       43248 kB
PageTables:        55324 kB
NFS_Unstable:          0 kB
Bounce:                0 kB
WritebackTmp:          0 kB
CommitLimit:     6660208 kB
Committed_AS:   61277076 kB
VmallocTotal:   263061440 kB
VmallocUsed:       83684 kB
VmallocChunk:          0 kB
Percpu:             7616 kB
CmaTotal:         315392 kB
CmaFree:              48 kB
MemTotal:        5980404 kB
MemFree:         1223644 kB
MemAvailable:    2912568 kB
Buffers:            6508 kB
Cached:          1684008 kB
SwapCached:            0 kB
Active:          1260468 kB
Inactive:        1460924 kB
Active(anon):    1037036 kB
Inactive(anon):    20336 kB
Active(file):     223432 kB
Inactive(file):  1440588 kB
Unevictable:        5428 kB
Mlocked:            5428 kB
SwapTotal:       3670008 kB
SwapFree:        3670008 kB
Dirty:               536 kB
Writeback:             0 kB
AnonPages:       1036280 kB
Mapped:           776800 kB
Shmem:             22104 kB
KReclaimable:     587336 kB
Slab:             222448 kB
SReclaimable:      68920 kB
SUnreclaim:       153528 kB
KernelStack:       43248 kB
PageTables:        55096 kB
NFS_Unstable:          0 kB
Bounce:                0 kB
WritebackTmp:          0 kB
CommitLimit:     6660208 kB
Committed_AS:   61276976 kB
VmallocTotal:   263061440 kB
VmallocUsed:       83636 kB
VmallocChunk:          0 kB
Percpu:             7616 kB
CmaTotal:         315392 kB
CmaFree:               0 kB
MemTotal:        5980404 kB
MemFree:         1220068 kB
MemAvailable:    2909328 kB
Buffers:            6512 kB
Cached:          1684368 kB
SwapCached:            0 kB
Active:          1264716 kB
Inactive:        1461284 kB
Active(anon):    1041276 kB
Inactive(anon):    20368 kB
Active(file):     223440 kB
Inactive(file):  1440916 kB
Unevictable:        5428 kB
Mlocked:            5428 kB
SwapTotal:       3670008 kB
SwapFree:        3670008 kB
Dirty:               240 kB
Writeback:             0 kB
AnonPages:       1040512 kB
Mapped:           776880 kB
Shmem:             22136 kB
KReclaimable:     587336 kB
Slab:             222436 kB
SReclaimable:      68920 kB
SUnreclaim:       153516 kB
KernelStack:       43328 kB
PageTables:        55336 kB
NFS_Unstable:          0 kB
Bounce:                0 kB
WritebackTmp:          0 kB
CommitLimit:     6660208 kB
Committed_AS:   61269548 kB
VmallocTotal:   263061440 kB
VmallocUsed:       83668 kB
VmallocChunk:          0 kB
Percpu:             7616 kB
CmaTotal:         315392 kB
CmaFree:               0 kB
MemTotal:        5980404 kB
MemFree:         1226856 kB
MemAvailable:    2916420 kB
Buffers:            6516 kB
Cached:          1684668 kB
SwapCached:            0 kB
Active:          1258588 kB
Inactive:        1459304 kB
Active(anon):    1032864 kB
Inactive(anon):    20372 kB
Active(file):     225724 kB
Inactive(file):  1438932 kB
Unevictable:        5428 kB
Mlocked:            5428 kB
SwapTotal:       3670008 kB
SwapFree:        3670008 kB
Dirty:              1452 kB
Writeback:             0 kB
AnonPages:       1032228 kB
Mapped:           777112 kB
Shmem:             22140 kB
KReclaimable:     587340 kB
Slab:             222404 kB
SReclaimable:      68924 kB
SUnreclaim:       153480 kB
KernelStack:       43296 kB
PageTables:        55204 kB
NFS_Unstable:          0 kB
Bounce:                0 kB
WritebackTmp:          0 kB
CommitLimit:     6660208 kB
Committed_AS:   61271896 kB
VmallocTotal:   263061440 kB
VmallocUsed:       83748 kB
VmallocChunk:          0 kB
Percpu:             7616 kB
CmaTotal:         315392 kB
CmaFree:             128 kB
MemTotal:        5980404 kB
MemFree:         1222828 kB
MemAvailable:    2912400 kB
Buffers:            6516 kB
Cached:          1684676 kB
SwapCached:            0 kB
Active:          1258776 kB
Inactive:        1459312 kB
Active(anon):    1033052 kB
Inactive(anon):    20372 kB
Active(file):     225724 kB
Inactive(file):  1438940 kB
Unevictable:        5428 kB
Mlocked:            5428 kB
SwapTotal:       3670008 kB
SwapFree:        3670008 kB
Dirty:               460 kB
Writeback:             0 kB
AnonPages:       1032540 kB
Mapped:           777112 kB
Shmem:             22140 kB
KReclaimable:     587340 kB
Slab:             222412 kB
SReclaimable:      68924 kB
SUnreclaim:       153488 kB
KernelStack:       43328 kB
PageTables:        55336 kB
NFS_Unstable:          0 kB
Bounce:                0 kB
WritebackTmp:          0 kB
CommitLimit:     6660208 kB
Committed_AS:   61275068 kB
VmallocTotal:   263061440 kB
VmallocUsed:       83748 kB
VmallocChunk:          0 kB
Percpu:             7616 kB
CmaTotal:         315392 kB
CmaFree:               0 kB
MemTotal:        5980404 kB
MemFree:         1218404 kB
MemAvailable:    2908000 kB
Buffers:            6524 kB
Cached:          1684692 kB
SwapCached:            0 kB
Active:          1259996 kB
Inactive:        1459328 kB
Active(anon):    1034264 kB
Inactive(anon):    20372 kB
Active(file):     225732 kB
Inactive(file):  1438956 kB
Unevictable:        5428 kB
Mlocked:            5428 kB
SwapTotal:       3670008 kB
SwapFree:        3670008 kB
Dirty:               748 kB
Writeback:             0 kB
AnonPages:       1033640 kB
Mapped:           777212 kB
Shmem:             22140 kB
KReclaimable:     587340 kB
Slab:             222412 kB
SReclaimable:      68924 kB
SUnreclaim:       153488 kB
KernelStack:       43376 kB
PageTables:        55336 kB
NFS_Unstable:          0 kB
Bounce:                0 kB
WritebackTmp:          0 kB
CommitLimit:     6660208 kB
Committed_AS:   61277472 kB
VmallocTotal:   263061440 kB
VmallocUsed:       83796 kB
VmallocChunk:          0 kB
Percpu:             7616 kB
CmaTotal:         315392 kB
CmaFree:               0 kB
MemTotal:        5980404 kB
MemFree:         1212600 kB
MemAvailable:    2902216 kB
Buffers:            6524 kB
Cached:          1684712 kB
SwapCached:            0 kB
Active:          1262020 kB
Inactive:        1459348 kB
Active(anon):    1036288 kB
Inactive(anon):    20372 kB
Active(file):     225732 kB
Inactive(file):  1438976 kB
Unevictable:        5428 kB
Mlocked:            5428 kB
SwapTotal:       3670008 kB
SwapFree:        3670008 kB
Dirty:               400 kB
Writeback:             0 kB
AnonPages:       1035444 kB
Mapped:           777212 kB
Shmem:             22140 kB
KReclaimable:     587340 kB
Slab:             222644 kB
SReclaimable:      68924 kB
SUnreclaim:       153720 kB
KernelStack:       43440 kB
PageTables:        55216 kB
NFS_Unstable:          0 kB
Bounce:                0 kB
WritebackTmp:          0 kB
CommitLimit:     6660208 kB
Committed_AS:   61274336 kB
VmallocTotal:   263061440 kB
VmallocUsed:       83860 kB
VmallocChunk:          0 kB
Percpu:             7616 kB
CmaTotal:         315392 kB
CmaFree:               0 kB
MemTotal:        5980404 kB
MemFree:         1206860 kB
MemAvailable:    2896492 kB
Buffers:            6528 kB
Cached:          1684728 kB
SwapCached:            0 kB
Active:          1262976 kB
Inactive:        1459364 kB
Active(anon):    1037240 kB
Inactive(anon):    20376 kB
Active(file):     225736 kB
Inactive(file):  1438988 kB
Unevictable:        5428 kB
Mlocked:            5428 kB
SwapTotal:       3670008 kB
SwapFree:        3670008 kB
Dirty:               296 kB
Writeback:             0 kB
AnonPages:       1036664 kB
Mapped:           777216 kB
Shmem:             22144 kB
KReclaimable:     587340 kB
Slab:             222856 kB
SReclaimable:      68924 kB
SUnreclaim:       153932 kB
KernelStack:       43472 kB
PageTables:        55348 kB
NFS_Unstable:          0 kB
Bounce:                0 kB
WritebackTmp:          0 kB
CommitLimit:     6660208 kB
Committed_AS:   61275708 kB
VmallocTotal:   263061440 kB
VmallocUsed:       83876 kB
VmallocChunk:          0 kB
Percpu:             7616 kB
CmaTotal:         315392 kB
CmaFree:               0 kB
MemTotal:        5980404 kB
MemFree:         1205212 kB
MemAvailable:    2894844 kB
Buffers:            6528 kB
Cached:          1684728 kB
SwapCached:            0 kB
Active:          1262476 kB
Inactive:        1459364 kB
Active(anon):    1036740 kB
Inactive(anon):    20376 kB
Active(file):     225736 kB
Inactive(file):  1438988 kB
Unevictable:        5428 kB
Mlocked:            5428 kB
SwapTotal:       3670008 kB
SwapFree:        3670008 kB
Dirty:               376 kB
Writeback:             0 kB
AnonPages:       1036116 kB
Mapped:           777216 kB
Shmem:             22144 kB
KReclaimable:     587340 kB
Slab:             222872 kB
SReclaimable:      68924 kB
SUnreclaim:       153948 kB
KernelStack:       43472 kB
PageTables:        55348 kB
NFS_Unstable:          0 kB
Bounce:                0 kB
WritebackTmp:          0 kB
CommitLimit:     6660208 kB
Committed_AS:   61277284 kB
VmallocTotal:   263061440 kB
VmallocUsed:       83892 kB
VmallocChunk:          0 kB
Percpu:             7616 kB
CmaTotal:         315392 kB
CmaFree:               0 kB
MemTotal:        5980404 kB
MemFree:         1203876 kB
MemAvailable:    2893512 kB
Buffers:            6528 kB
Cached:          1684732 kB
SwapCached:            0 kB
Active:          1265440 kB
Inactive:        1459368 kB
Active(anon):    1039704 kB
Inactive(anon):    20376 kB
Active(file):     225736 kB
Inactive(file):  1438992 kB
Unevictable:        5428 kB
Mlocked:            5428 kB
SwapTotal:       3670008 kB
SwapFree:        3670008 kB
Dirty:               588 kB
Writeback:             0 kB
AnonPages:       1039104 kB
Mapped:           777028 kB
Shmem:             22144 kB
KReclaimable:     587340 kB
Slab:             222824 kB
SReclaimable:      68924 kB
SUnreclaim:       153900 kB
KernelStack:       43472 kB
PageTables:        55248 kB
NFS_Unstable:          0 kB
Bounce:                0 kB
WritebackTmp:          0 kB
CommitLimit:     6660208 kB
Committed_AS:   61279156 kB
VmallocTotal:   263061440 kB
VmallocUsed:       83876 kB
VmallocChunk:          0 kB
Percpu:             7616 kB
CmaTotal:         315392 kB
CmaFree:               0 kB
MemTotal:        5980404 kB
MemFree:         1207364 kB
MemAvailable:    2897028 kB
Buffers:            6536 kB
Cached:          1684752 kB
SwapCached:            0 kB
Active:          1260844 kB
Inactive:        1459388 kB
Active(anon):    1035100 kB
Inactive(anon):    20380 kB
Active(file):     225744 kB
Inactive(file):  1439008 kB
Unevictable:        5428 kB
Mlocked:            5428 kB
SwapTotal:       3670008 kB
SwapFree:        3670008 kB
Dirty:               588 kB
Writeback:             0 kB
AnonPages:       1034540 kB
Mapped:           777236 kB
Shmem:             22148 kB
KReclaimable:     587344 kB
Slab:             222880 kB
SReclaimable:      68928 kB
SUnreclaim:       153952 kB
KernelStack:       43456 kB
PageTables:        55276 kB
NFS_Unstable:          0 kB
Bounce:                0 kB
WritebackTmp:          0 kB
CommitLimit:     6660208 kB
Committed_AS:   61277844 kB
VmallocTotal:   263061440 kB
VmallocUsed:       83892 kB
VmallocChunk:          0 kB
Percpu:             7616 kB
CmaTotal:         315392 kB
CmaFree:             228 kB
MemTotal:        5980404 kB
MemFree:         1210636 kB
MemAvailable:    2900624 kB
Buffers:            6536 kB
Cached:          1685088 kB
SwapCached:            0 kB
Active:          1257864 kB
Inactive:        1459720 kB
Active(anon):    1032116 kB
Inactive(anon):    20388 kB
Active(file):     225748 kB
Inactive(file):  1439332 kB
Unevictable:        5428 kB
Mlocked:            5428 kB
SwapTotal:       3670008 kB
SwapFree:        3670008 kB
Dirty:               512 kB
Writeback:             0 kB
AnonPages:       1031376 kB
Mapped:           777268 kB
Shmem:             22156 kB
KReclaimable:     587340 kB
Slab:             222848 kB
SReclaimable:      68924 kB
SUnreclaim:       153924 kB
KernelStack:       43328 kB
PageTables:        55344 kB
NFS_Unstable:          0 kB
Bounce:                0 kB
WritebackTmp:          0 kB
CommitLimit:     6660208 kB
Committed_AS:   61277428 kB
VmallocTotal:   263061440 kB
VmallocUsed:       83748 kB
VmallocChunk:          0 kB
Percpu:             7616 kB
CmaTotal:         315392 kB
CmaFree:             124 kB
MemTotal:        5980404 kB
MemFree:         1210324 kB
MemAvailable:    2900356 kB
Buffers:            6540 kB
Cached:          1685128 kB
SwapCached:            0 kB
Active:          1258092 kB
Inactive:        1459404 kB
Active(anon):    1031984 kB
Inactive(anon):    20388 kB
Active(file):     226108 kB
Inactive(file):  1439016 kB
Unevictable:        5428 kB
Mlocked:            5428 kB
SwapTotal:       3670008 kB
SwapFree:        3670008 kB
Dirty:              1528 kB
Writeback:             0 kB
AnonPages:       1031152 kB
Mapped:           777268 kB
Shmem:             22156 kB
KReclaimable:     587340 kB
Slab:             222916 kB
SReclaimable:      68924 kB
SUnreclaim:       153992 kB
KernelStack:       43312 kB
PageTables:        55216 kB
NFS_Unstable:          0 kB
Bounce:                0 kB
WritebackTmp:          0 kB
CommitLimit:     6660208 kB
Committed_AS:   61277400 kB
VmallocTotal:   263061440 kB
VmallocUsed:       83700 kB
VmallocChunk:          0 kB
Percpu:             7616 kB
CmaTotal:         315392 kB
CmaFree:             232 kB
MemTotal:        5980404 kB
MemFree:         1208904 kB
MemAvailable:    2898936 kB
Buffers:            6540 kB
Cached:          1685144 kB
SwapCached:            0 kB
Active:          1260536 kB
Inactive:        1459408 kB
Active(anon):    1034428 kB
Inactive(anon):    20392 kB
Active(file):     226108 kB
Inactive(file):  1439016 kB
Unevictable:        5428 kB
Mlocked:            5428 kB
SwapTotal:       3670008 kB
SwapFree:        3670008 kB
Dirty:               528 kB
Writeback:             0 kB
AnonPages:       1033752 kB
Mapped:           777272 kB
Shmem:             22160 kB
KReclaimable:     587340 kB
Slab:             222980 kB
SReclaimable:      68924 kB
SUnreclaim:       154056 kB
KernelStack:       43340 kB
PageTables:        55448 kB
NFS_Unstable:          0 kB
Bounce:                0 kB
WritebackTmp:          0 kB
CommitLimit:     6660208 kB
Committed_AS:   61274584 kB
VmallocTotal:   263061440 kB
VmallocUsed:       83716 kB
VmallocChunk:          0 kB
Percpu:             7616 kB
CmaTotal:         315392 kB
CmaFree:               0 kB
MemTotal:        5980404 kB
MemFree:         1207392 kB
MemAvailable:    2897464 kB
Buffers:            6548 kB
Cached:          1685172 kB
SwapCached:            0 kB
Active:          1263528 kB
Inactive:        1459448 kB
Active(anon):    1037412 kB
Inactive(anon):    20400 kB
Active(file):     226116 kB
Inactive(file):  1439048 kB
Unevictable:        5428 kB
Mlocked:            5428 kB
SwapTotal:       3670008 kB
SwapFree:        3670008 kB
Dirty:               320 kB
Writeback:             0 kB
AnonPages:       1036724 kB
Mapped:           777116 kB
Shmem:             22168 kB
KReclaimable:     587340 kB
Slab:             222932 kB
SReclaimable:      68924 kB
SUnreclaim:       154008 kB
KernelStack:       43232 kB
PageTables:        55144 kB
NFS_Unstable:          0 kB
Bounce:                0 kB
WritebackTmp:          0 kB
CommitLimit:     6660208 kB
Committed_AS:   61276696 kB
VmallocTotal:   263061440 kB
VmallocUsed:       83684 kB
VmallocChunk:          0 kB
Percpu:             7616 kB
CmaTotal:         315392 kB
CmaFree:               0 kB
MemTotal:        5980404 kB
MemFree:         1207576 kB
MemAvailable:    2897656 kB
Buffers:            6548 kB
Cached:          1685180 kB
SwapCached:            0 kB
Active:          1261228 kB
Inactive:        1459456 kB
Active(anon):    1035112 kB
Inactive(anon):    20400 kB
Active(file):     226116 kB
Inactive(file):  1439056 kB
Unevictable:        5428 kB
Mlocked:            5428 kB
SwapTotal:       3670008 kB
SwapFree:        3670008 kB
Dirty:               320 kB
Writeback:             0 kB
AnonPages:       1034596 kB
Mapped:           777280 kB
Shmem:             22168 kB
KReclaimable:     587340 kB
Slab:             222988 kB
SReclaimable:      68924 kB
SUnreclaim:       154064 kB
KernelStack:       43184 kB
PageTables:        55212 kB
NFS_Unstable:          0 kB
Bounce:                0 kB
WritebackTmp:          0 kB
CommitLimit:     6660208 kB
Committed_AS:   61276716 kB
VmallocTotal:   263061440 kB
VmallocUsed:       83588 kB
VmallocChunk:          0 kB
Percpu:             7616 kB
CmaTotal:         315392 kB
CmaFree:               0 kB
MemTotal:        5980404 kB
MemFree:         1204516 kB
MemAvailable:    2894620 kB
Buffers:            6552 kB
Cached:          1685204 kB
SwapCached:            0 kB
Active:          1265552 kB
Inactive:        1459480 kB
Active(anon):    1039432 kB
Inactive(anon):    20404 kB
Active(file):     226120 kB
Inactive(file):  1439076 kB
Unevictable:        5428 kB
Mlocked:            5428 kB
SwapTotal:       3670008 kB
SwapFree:        3670008 kB
Dirty:               536 kB
Writeback:             0 kB
AnonPages:       1038608 kB
Mapped:           777284 kB
Shmem:             22172 kB
KReclaimable:     587340 kB
Slab:             222908 kB
SReclaimable:      68924 kB
SUnreclaim:       153984 kB
KernelStack:       43184 kB
PageTables:        55424 kB
NFS_Unstable:          0 kB
Bounce:                0 kB
WritebackTmp:          0 kB
CommitLimit:     6660208 kB
Committed_AS:   61276776 kB
VmallocTotal:   263061440 kB
VmallocUsed:       83588 kB
VmallocChunk:          0 kB
Percpu:             7616 kB
CmaTotal:         315392 kB
CmaFree:               0 kB
MemTotal:        5980404 kB
MemFree:         1203368 kB
MemAvailable:    2893472 kB
Buffers:            6552 kB
Cached:          1685204 kB
SwapCached:            0 kB
Active:          1265928 kB
Inactive:        1459480 kB
Active(anon):    1039808 kB
Inactive(anon):    20404 kB
Active(file):     226120 kB
Inactive(file):  1439076 kB
Unevictable:        5428 kB
Mlocked:            5428 kB
SwapTotal:       3670008 kB
SwapFree:        3670008 kB
Dirty:               580 kB
Writeback:             0 kB
AnonPages:       1039392 kB
Mapped:           777504 kB
Shmem:             22172 kB
KReclaimable:     587340 kB
Slab:             222908 kB
SReclaimable:      68924 kB
SUnreclaim:       153984 kB
KernelStack:       43148 kB
PageTables:        55504 kB
NFS_Unstable:          0 kB
Bounce:                0 kB
WritebackTmp:          0 kB
CommitLimit:     6660208 kB
Committed_AS:   61273944 kB
VmallocTotal:   263061440 kB
VmallocUsed:       83588 kB
VmallocChunk:          0 kB
Percpu:             7616 kB
CmaTotal:         315392 kB
CmaFree:               0 kB
MemTotal:        5980404 kB
MemFree:         1202924 kB
MemAvailable:    2893028 kB
Buffers:            6552 kB
Cached:          1685212 kB
SwapCached:            0 kB
Active:          1267092 kB
Inactive:        1459488 kB
Active(anon):    1040972 kB
Inactive(anon):    20412 kB
Active(file):     226120 kB
Inactive(file):  1439076 kB
Unevictable:        5428 kB
Mlocked:            5428 kB
SwapTotal:       3670008 kB
SwapFree:        3670008 kB
Dirty:               628 kB
Writeback:             0 kB
AnonPages:       1040484 kB
Mapped:           776956 kB
Shmem:             22180 kB
KReclaimable:     587340 kB
Slab:             222916 kB
SReclaimable:      68924 kB
SUnreclaim:       153992 kB
KernelStack:       43248 kB
PageTables:        55380 kB
NFS_Unstable:          0 kB
Bounce:                0 kB
WritebackTmp:          0 kB
CommitLimit:     6660208 kB
Committed_AS:   61277188 kB
VmallocTotal:   263061440 kB
VmallocUsed:       83588 kB
VmallocChunk:          0 kB
Percpu:             7616 kB
CmaTotal:         315392 kB
CmaFree:               0 kB
MemTotal:        5980404 kB
MemFree:         1202076 kB
MemAvailable:    2892180 kB
Buffers:            6552 kB
Cached:          1685216 kB
SwapCached:            0 kB
Active:          1268020 kB
Inactive:        1459492 kB
Active(anon):    1041900 kB
Inactive(anon):    20416 kB
Active(file):     226120 kB
Inactive(file):  1439076 kB
Unevictable:        5428 kB
Mlocked:            5428 kB
SwapTotal:       3670008 kB
SwapFree:        3670008 kB
Dirty:               280 kB
Writeback:             0 kB
AnonPages:       1041096 kB
Mapped:           777068 kB
Shmem:             22184 kB
KReclaimable:     587340 kB
Slab:             222952 kB
SReclaimable:      68924 kB
SUnreclaim:       154028 kB
KernelStack:       43200 kB
PageTables:        55212 kB
NFS_Unstable:          0 kB
Bounce:                0 kB
WritebackTmp:          0 kB
CommitLimit:     6660208 kB
Committed_AS:   61273408 kB
VmallocTotal:   263061440 kB
VmallocUsed:       83572 kB
VmallocChunk:          0 kB
Percpu:             7616 kB
CmaTotal:         315392 kB
CmaFree:               0 kB
MemTotal:        5980404 kB
MemFree:         1201532 kB
MemAvailable:    2891636 kB
Buffers:            6552 kB
Cached:          1685216 kB
SwapCached:            0 kB
Active:          1268616 kB
Inactive:        1459492 kB
Active(anon):    1042496 kB
Inactive(anon):    20416 kB
Active(file):     226120 kB
Inactive(file):  1439076 kB
Unevictable:        5428 kB
Mlocked:            5428 kB
SwapTotal:       3670008 kB
SwapFree:        3670008 kB
Dirty:               324 kB
Writeback:             0 kB
AnonPages:       1041720 kB
Mapped:           777476 kB
Shmem:             22184 kB
KReclaimable:     587340 kB
Slab:             222952 kB
SReclaimable:      68924 kB
SUnreclaim:       154028 kB
KernelStack:       43220 kB
PageTables:        55228 kB
NFS_Unstable:          0 kB
Bounce:                0 kB
WritebackTmp:          0 kB
CommitLimit:     6660208 kB
Committed_AS:   61276620 kB
VmallocTotal:   263061440 kB
VmallocUsed:       83572 kB
VmallocChunk:          0 kB
Percpu:             7616 kB
CmaTotal:         315392 kB
CmaFree:               0 kB
MemTotal:        5980404 kB
MemFree:         1200840 kB
MemAvailable:    2890968 kB
Buffers:            6560 kB
Cached:          1685228 kB
SwapCached:            0 kB
Active:          1268960 kB
Inactive:        1459508 kB
Active(anon):    1042836 kB
Inactive(anon):    20416 kB
Active(file):     226124 kB
Inactive(file):  1439092 kB
Unevictable:        5428 kB
Mlocked:            5428 kB
SwapTotal:       3670008 kB
SwapFree:        3670008 kB
Dirty:               320 kB
Writeback:             0 kB
AnonPages:       1042224 kB
Mapped:           777068 kB
Shmem:             22184 kB
KReclaimable:     587344 kB
Slab:             222956 kB
SReclaimable:      68928 kB
SUnreclaim:       154028 kB
KernelStack:       43168 kB
PageTables:        55212 kB
NFS_Unstable:          0 kB
Bounce:                0 kB
WritebackTmp:          0 kB
CommitLimit:     6660208 kB
Committed_AS:   61277400 kB
VmallocTotal:   263061440 kB
VmallocUsed:       83572 kB
VmallocChunk:          0 kB
Percpu:             7616 kB
CmaTotal:         315392 kB
CmaFree:               0 kB
MemTotal:        5980404 kB
MemFree:         1203088 kB
MemAvailable:    2893220 kB
Buffers:            6560 kB
Cached:          1685232 kB
SwapCached:            0 kB
Active:          1265916 kB
Inactive:        1459508 kB
Active(anon):    1039788 kB
Inactive(anon):    20416 kB
Active(file):     226128 kB
Inactive(file):  1439092 kB
Unevictable:        5428 kB
Mlocked:            5428 kB
SwapTotal:       3670008 kB
SwapFree:        3670008 kB
Dirty:               344 kB
Writeback:             0 kB
AnonPages:       1039244 kB
Mapped:           777228 kB
Shmem:             22184 kB
KReclaimable:     587344 kB
Slab:             222956 kB
SReclaimable:      68928 kB
SUnreclaim:       154028 kB
KernelStack:       43200 kB
PageTables:        55424 kB
NFS_Unstable:          0 kB
Bounce:                0 kB
WritebackTmp:          0 kB
CommitLimit:     6660208 kB
Committed_AS:   61275788 kB
VmallocTotal:   263061440 kB
VmallocUsed:       83588 kB
VmallocChunk:          0 kB
Percpu:             7616 kB
CmaTotal:         315392 kB
CmaFree:             136 kB
MemTotal:        5980404 kB
MemFree:         1202368 kB
MemAvailable:    2892500 kB
Buffers:            6560 kB
Cached:          1685240 kB
SwapCached:            0 kB
Active:          1267084 kB
Inactive:        1459516 kB
Active(anon):    1040956 kB
Inactive(anon):    20424 kB
Active(file):     226128 kB
Inactive(file):  1439092 kB
Unevictable:        5428 kB
Mlocked:            5428 kB
SwapTotal:       3670008 kB
SwapFree:        3670008 kB
Dirty:               392 kB
Writeback:             0 kB
AnonPages:       1040180 kB
Mapped:           777304 kB
Shmem:             22192 kB
KReclaimable:     587344 kB
Slab:             222948 kB
SReclaimable:      68928 kB
SUnreclaim:       154020 kB
KernelStack:       43200 kB
PageTables:        55212 kB
NFS_Unstable:          0 kB
Bounce:                0 kB
WritebackTmp:          0 kB
CommitLimit:     6660208 kB
Committed_AS:   61274772 kB
VmallocTotal:   263061440 kB
VmallocUsed:       83556 kB
VmallocChunk:          0 kB
Percpu:             7616 kB
CmaTotal:         315392 kB
CmaFree:               0 kB
MemTotal:        5980404 kB
MemFree:         1202636 kB
MemAvailable:    2892768 kB
Buffers:            6560 kB
Cached:          1685240 kB
SwapCached:            0 kB
Active:          1267952 kB
Inactive:        1459516 kB
Active(anon):    1041824 kB
Inactive(anon):    20424 kB
Active(file):     226128 kB
Inactive(file):  1439092 kB
Unevictable:        5428 kB
Mlocked:            5428 kB
SwapTotal:       3670008 kB
SwapFree:        3670008 kB
Dirty:               272 kB
Writeback:             0 kB
AnonPages:       1040944 kB
Mapped:           777304 kB
Shmem:             22192 kB
KReclaimable:     587344 kB
Slab:             222940 kB
SReclaimable:      68928 kB
SUnreclaim:       154012 kB
KernelStack:       43184 kB
PageTables:        55212 kB
NFS_Unstable:          0 kB
Bounce:                0 kB
WritebackTmp:          0 kB
CommitLimit:     6660208 kB
Committed_AS:   61277328 kB
VmallocTotal:   263061440 kB
VmallocUsed:       83524 kB
VmallocChunk:          0 kB
Percpu:             7616 kB
CmaTotal:         315392 kB
CmaFree:               0 kB
MemTotal:        5980404 kB
MemFree:         1201620 kB
MemAvailable:    2891752 kB
Buffers:            6560 kB
Cached:          1685240 kB
SwapCached:            0 kB
Active:          1268508 kB
Inactive:        1459516 kB
Active(anon):    1042380 kB
Inactive(anon):    20424 kB
Active(file):     226128 kB
Inactive(file):  1439092 kB
Unevictable:        5428 kB
Mlocked:            5428 kB
SwapTotal:       3670008 kB
SwapFree:        3670008 kB
Dirty:               268 kB
Writeback:            36 kB
AnonPages:       1041640 kB
Mapped:           777332 kB
Shmem:             22192 kB
KReclaimable:     587344 kB
Slab:             222940 kB
SReclaimable:      68928 kB
SUnreclaim:       154012 kB
KernelStack:       43184 kB
PageTables:        55132 kB
NFS_Unstable:          0 kB
Bounce:                0 kB
WritebackTmp:          0 kB
CommitLimit:     6660208 kB
Committed_AS:   61276464 kB
VmallocTotal:   263061440 kB
VmallocUsed:       83556 kB
VmallocChunk:          0 kB
Percpu:             7616 kB
CmaTotal:         315392 kB
CmaFree:               0 kB
MemTotal:        5980404 kB
MemFree:         1201644 kB
MemAvailable:    2891776 kB
Buffers:            6560 kB
Cached:          1685240 kB
SwapCached:            0 kB
Active:          1269088 kB
Inactive:        1459516 kB
Active(anon):    1042960 kB
Inactive(anon):    20424 kB
Active(file):     226128 kB
Inactive(file):  1439092 kB
Unevictable:        5428 kB
Mlocked:            5428 kB
SwapTotal:       3670008 kB
SwapFree:        3670008 kB
Dirty:               304 kB
Writeback:             0 kB
AnonPages:       1042328 kB
Mapped:           777140 kB
Shmem:             22192 kB
KReclaimable:     587344 kB
Slab:             222940 kB
SReclaimable:      68928 kB
SUnreclaim:       154012 kB
KernelStack:       43200 kB
PageTables:        55232 kB
NFS_Unstable:          0 kB
Bounce:                0 kB
WritebackTmp:          0 kB
CommitLimit:     6660208 kB
Committed_AS:   61275084 kB
VmallocTotal:   263061440 kB
VmallocUsed:       83556 kB
VmallocChunk:          0 kB
Percpu:             7616 kB
CmaTotal:         315392 kB
CmaFree:               0 kB
MemTotal:        5980404 kB
MemFree:         1200792 kB
MemAvailable:    2890924 kB
Buffers:            6560 kB
Cached:          1685240 kB
SwapCached:            0 kB
Active:          1269632 kB
Inactive:        1459516 kB
Active(anon):    1043504 kB
Inactive(anon):    20424 kB
Active(file):     226128 kB
Inactive(file):  1439092 kB
Unevictable:        5428 kB
Mlocked:            5428 kB
SwapTotal:       3670008 kB
SwapFree:        3670008 kB
Dirty:               304 kB
Writeback:             0 kB
AnonPages:       1042724 kB
Mapped:           777304 kB
Shmem:             22192 kB
KReclaimable:     587344 kB
Slab:             222948 kB
SReclaimable:      68928 kB
SUnreclaim:       154020 kB
KernelStack:       43200 kB
PageTables:        55228 kB
NFS_Unstable:          0 kB
Bounce:                0 kB
WritebackTmp:          0 kB
CommitLimit:     6660208 kB
Committed_AS:   61276008 kB
VmallocTotal:   263061440 kB
VmallocUsed:       83540 kB
VmallocChunk:          0 kB
Percpu:             7616 kB
CmaTotal:         315392 kB
CmaFree:               0 kB
MemTotal:        5980404 kB
MemFree:         1200116 kB
MemAvailable:    2890248 kB
Buffers:            6560 kB
Cached:          1685240 kB
SwapCached:            0 kB
Active:          1270588 kB
Inactive:        1459516 kB
Active(anon):    1044460 kB
Inactive(anon):    20424 kB
Active(file):     226128 kB
Inactive(file):  1439092 kB
Unevictable:        5428 kB
Mlocked:            5428 kB
SwapTotal:       3670008 kB
SwapFree:        3670008 kB
Dirty:               304 kB
Writeback:             0 kB
AnonPages:       1043932 kB
Mapped:           777096 kB
Shmem:             22192 kB
KReclaimable:     587344 kB
Slab:             222940 kB
SReclaimable:      68928 kB
SUnreclaim:       154012 kB
KernelStack:       43216 kB
PageTables:        55268 kB
NFS_Unstable:          0 kB
Bounce:                0 kB
WritebackTmp:          0 kB
CommitLimit:     6660208 kB
Committed_AS:   61278268 kB
VmallocTotal:   263061440 kB
VmallocUsed:       83588 kB
VmallocChunk:          0 kB
Percpu:             7616 kB
CmaTotal:         315392 kB
CmaFree:               0 kB
MemTotal:        5980404 kB
MemFree:         1199004 kB
MemAvailable:    2889136 kB
Buffers:            6560 kB
Cached:          1685240 kB
SwapCached:            0 kB
Active:          1271804 kB
Inactive:        1459516 kB
Active(anon):    1045676 kB
Inactive(anon):    20424 kB
Active(file):     226128 kB
Inactive(file):  1439092 kB
Unevictable:        5428 kB
Mlocked:            5428 kB
SwapTotal:       3670008 kB
SwapFree:        3670008 kB
Dirty:               244 kB
Writeback:             0 kB
AnonPages:       1044816 kB
Mapped:           776796 kB
Shmem:             22192 kB
KReclaimable:     587344 kB
Slab:             222956 kB
SReclaimable:      68928 kB
SUnreclaim:       154028 kB
KernelStack:       43200 kB
PageTables:        55252 kB
NFS_Unstable:          0 kB
Bounce:                0 kB
WritebackTmp:          0 kB
CommitLimit:     6660208 kB
Committed_AS:   61277748 kB
VmallocTotal:   263061440 kB
VmallocUsed:       83572 kB
VmallocChunk:          0 kB
Percpu:             7616 kB
CmaTotal:         315392 kB
CmaFree:               0 kB
MemTotal:        5980404 kB
MemFree:         1200608 kB
MemAvailable:    2890744 kB
Buffers:            6560 kB
Cached:          1685244 kB
SwapCached:            0 kB
Active:          1268268 kB
Inactive:        1459520 kB
Active(anon):    1042140 kB
Inactive(anon):    20424 kB
Active(file):     226128 kB
Inactive(file):  1439096 kB
Unevictable:        5428 kB
Mlocked:            5428 kB
SwapTotal:       3670008 kB
SwapFree:        3670008 kB
Dirty:               300 kB
Writeback:             0 kB
AnonPages:       1041464 kB
Mapped:           776416 kB
Shmem:             22192 kB
KReclaimable:     587344 kB
Slab:             222948 kB
SReclaimable:      68928 kB
SUnreclaim:       154020 kB
KernelStack:       43196 kB
PageTables:        55316 kB
NFS_Unstable:          0 kB
Bounce:                0 kB
WritebackTmp:          0 kB
CommitLimit:     6660208 kB
Committed_AS:   61276612 kB
VmallocTotal:   263061440 kB
VmallocUsed:       83540 kB
VmallocChunk:          0 kB
Percpu:             7616 kB
CmaTotal:         315392 kB
CmaFree:               0 kB
