MemTotal:       12113136 kB
MemFree:         6441288 kB
MemAvailable:    7989448 kB
Buffers:            4828 kB
Cached:          1757344 kB
SwapCached:            0 kB
Active:          1624648 kB
Inactive:        1503640 kB
Active(anon):    1372700 kB
Inactive(anon):    22780 kB
Active(file):     251948 kB
Inactive(file):  1480860 kB
Unevictable:        5616 kB
Mlocked:            5616 kB
SwapTotal:       3145724 kB
SwapFree:        3145724 kB
Dirty:               108 kB
Writeback:             0 kB
AnonPages:       1371732 kB
Mapped:           876900 kB
Shmem:             24800 kB
KReclaimable:     684056 kB
Slab:             224884 kB
SReclaimable:      75892 kB
SUnreclaim:       148992 kB
KernelStack:       48756 kB
PageTables:        68612 kB
NFS_Unstable:          0 kB
Bounce:                0 kB
WritebackTmp:          0 kB
CommitLimit:     9202292 kB
Committed_AS:   76602352 kB
VmallocTotal:   263061440 kB
VmallocUsed:      105756 kB
VmallocChunk:          0 kB
Percpu:             7648 kB
CmaTotal:         294912 kB
CmaFree:              28 kB
MemTotal:       12113136 kB
MemFree:         6439768 kB
MemAvailable:    7988004 kB
Buffers:            4828 kB
Cached:          1757420 kB
SwapCached:            0 kB
Active:          1625224 kB
Inactive:        1503688 kB
Active(anon):    1373248 kB
Inactive(anon):    22780 kB
Active(file):     251976 kB
Inactive(file):  1480908 kB
Unevictable:        5616 kB
Mlocked:            5616 kB
SwapTotal:       3145724 kB
SwapFree:        3145724 kB
Dirty:               200 kB
Writeback:             0 kB
AnonPages:       1372140 kB
Mapped:           877108 kB
Shmem:             24800 kB
KReclaimable:     684056 kB
Slab:             224876 kB
SReclaimable:      75892 kB
SUnreclaim:       148984 kB
KernelStack:       48736 kB
PageTables:        68684 kB
NFS_Unstable:          0 kB
Bounce:                0 kB
WritebackTmp:          0 kB
CommitLimit:     9202292 kB
Committed_AS:   76598024 kB
VmallocTotal:   263061440 kB
VmallocUsed:      105756 kB
VmallocChunk:          0 kB
Percpu:             7648 kB
CmaTotal:         294912 kB
CmaFree:               0 kB
MemTotal:       12113136 kB
MemFree:         6438520 kB
MemAvailable:    7986788 kB
Buffers:            4828 kB
Cached:          1757452 kB
SwapCached:            0 kB
Active:          1625852 kB
Inactive:        1503712 kB
Active(anon):    1373868 kB
Inactive(anon):    22780 kB
Active(file):     251984 kB
Inactive(file):  1480932 kB
Unevictable:        5616 kB
Mlocked:            5616 kB
SwapTotal:       3145724 kB
SwapFree:        3145724 kB
Dirty:               224 kB
Writeback:             0 kB
AnonPages:       1372716 kB
Mapped:           877032 kB
Shmem:             24800 kB
KReclaimable:     684056 kB
Slab:             224892 kB
SReclaimable:      75892 kB
SUnreclaim:       149000 kB
KernelStack:       48720 kB
PageTables:        68508 kB
NFS_Unstable:          0 kB
Bounce:                0 kB
WritebackTmp:          0 kB
CommitLimit:     9202292 kB
Committed_AS:   76602204 kB
VmallocTotal:   263061440 kB
VmallocUsed:      105772 kB
VmallocChunk:          0 kB
Percpu:             7648 kB
CmaTotal:         294912 kB
CmaFree:               0 kB
MemTotal:       12113136 kB
MemFree:         6437608 kB
MemAvailable:    7985864 kB
Buffers:            4828 kB
Cached:          1757440 kB
SwapCached:            0 kB
Active:          1626812 kB
Inactive:        1503700 kB
Active(anon):    1374828 kB
Inactive(anon):    22780 kB
Active(file):     251984 kB
Inactive(file):  1480920 kB
Unevictable:        5616 kB
Mlocked:            5616 kB
SwapTotal:       3145724 kB
SwapFree:        3145724 kB
Dirty:               256 kB
Writeback:             0 kB
AnonPages:       1373976 kB
Mapped:           876916 kB
Shmem:             24800 kB
KReclaimable:     684056 kB
Slab:             224876 kB
SReclaimable:      75892 kB
SUnreclaim:       148984 kB
KernelStack:       48768 kB
PageTables:        68624 kB
NFS_Unstable:          0 kB
Bounce:                0 kB
WritebackTmp:          0 kB
CommitLimit:     9202292 kB
Committed_AS:   76606540 kB
VmallocTotal:   263061440 kB
VmallocUsed:      105756 kB
VmallocChunk:          0 kB
Percpu:             7648 kB
CmaTotal:         294912 kB
CmaFree:               0 kB
MemTotal:       12113136 kB
MemFree:         6435824 kB
MemAvailable:    7984100 kB
Buffers:            4828 kB
Cached:          1757472 kB
SwapCached:            0 kB
Active:          1627372 kB
Inactive:        1503728 kB
Active(anon):    1375388 kB
Inactive(anon):    22788 kB
Active(file):     251984 kB
Inactive(file):  1480940 kB
Unevictable:        5616 kB
Mlocked:            5616 kB
SwapTotal:       3145724 kB
SwapFree:        3145724 kB
Dirty:               284 kB
Writeback:             0 kB
AnonPages:       1374244 kB
Mapped:           876972 kB
Shmem:             24808 kB
KReclaimable:     684056 kB
Slab:             224876 kB
SReclaimable:      75892 kB
SUnreclaim:       148984 kB
KernelStack:       48756 kB
PageTables:        68868 kB
NFS_Unstable:          0 kB
Bounce:                0 kB
WritebackTmp:          0 kB
CommitLimit:     9202292 kB
Committed_AS:   76606856 kB
VmallocTotal:   263061440 kB
VmallocUsed:      105788 kB
VmallocChunk:          0 kB
Percpu:             7648 kB
CmaTotal:         294912 kB
CmaFree:               4 kB
MemTotal:       12113136 kB
MemFree:         6434804 kB
MemAvailable:    7983096 kB
Buffers:            4828 kB
Cached:          1757488 kB
SwapCached:            0 kB
Active:          1628028 kB
Inactive:        1503744 kB
Active(anon):    1376040 kB
Inactive(anon):    22792 kB
Active(file):     251988 kB
Inactive(file):  1480952 kB
Unevictable:        5616 kB
Mlocked:            5616 kB
SwapTotal:       3145724 kB
SwapFree:        3145724 kB
Dirty:               308 kB
Writeback:             0 kB
AnonPages:       1375280 kB
Mapped:           877044 kB
Shmem:             24812 kB
KReclaimable:     684056 kB
Slab:             224884 kB
SReclaimable:      75892 kB
SUnreclaim:       148992 kB
KernelStack:       48756 kB
PageTables:        68484 kB
NFS_Unstable:          0 kB
Bounce:                0 kB
WritebackTmp:          0 kB
CommitLimit:     9202292 kB
Committed_AS:   76608828 kB
VmallocTotal:   263061440 kB
VmallocUsed:      105836 kB
VmallocChunk:          0 kB
Percpu:             7648 kB
CmaTotal:         294912 kB
CmaFree:               0 kB
MemTotal:       12113136 kB
MemFree:         6434584 kB
MemAvailable:    7982884 kB
Buffers:            4832 kB
Cached:          1757496 kB
SwapCached:            0 kB
Active:          1628728 kB
Inactive:        1503752 kB
Active(anon):    1376740 kB
Inactive(anon):    22792 kB
Active(file):     251988 kB
Inactive(file):  1480960 kB
Unevictable:        5616 kB
Mlocked:            5616 kB
SwapTotal:       3145724 kB
SwapFree:        3145724 kB
Dirty:               320 kB
Writeback:             0 kB
AnonPages:       1375532 kB
Mapped:           876972 kB
Shmem:             24812 kB
KReclaimable:     684056 kB
Slab:             224884 kB
SReclaimable:      75892 kB
SUnreclaim:       148992 kB
KernelStack:       48740 kB
PageTables:        68820 kB
NFS_Unstable:          0 kB
Bounce:                0 kB
WritebackTmp:          0 kB
CommitLimit:     9202292 kB
Committed_AS:   76608764 kB
VmallocTotal:   263061440 kB
VmallocUsed:      105820 kB
VmallocChunk:          0 kB
Percpu:             7648 kB
CmaTotal:         294912 kB
CmaFree:               0 kB
MemTotal:       12113136 kB
MemFree:         6449488 kB
MemAvailable:    7997828 kB
Buffers:            4832 kB
Cached:          1757532 kB
SwapCached:            0 kB
Active:          1612072 kB
Inactive:        1503784 kB
Active(anon):    1360076 kB
Inactive(anon):    22792 kB
Active(file):     251996 kB
Inactive(file):  1480992 kB
Unevictable:        5616 kB
Mlocked:            5616 kB
SwapTotal:       3145724 kB
SwapFree:        3145724 kB
Dirty:               308 kB
Writeback:             0 kB
AnonPages:       1359124 kB
Mapped:           877044 kB
Shmem:             24812 kB
KReclaimable:     684056 kB
Slab:             224884 kB
SReclaimable:      75892 kB
SUnreclaim:       148992 kB
KernelStack:       48740 kB
PageTables:        68492 kB
NFS_Unstable:          0 kB
Bounce:                0 kB
WritebackTmp:          0 kB
CommitLimit:     9202292 kB
Committed_AS:   76599256 kB
VmallocTotal:   263061440 kB
VmallocUsed:      105788 kB
VmallocChunk:          0 kB
Percpu:             7648 kB
CmaTotal:         294912 kB
CmaFree:             384 kB
MemTotal:       12113136 kB
MemFree:         6446584 kB
MemAvailable:    7995200 kB
Buffers:            4832 kB
Cached:          1757548 kB
SwapCached:            0 kB
Active:          1616404 kB
Inactive:        1503796 kB
Active(anon):    1364404 kB
Inactive(anon):    22792 kB
Active(file):     252000 kB
Inactive(file):  1481004 kB
Unevictable:        5616 kB
Mlocked:            5616 kB
SwapTotal:       3145724 kB
SwapFree:        3145724 kB
Dirty:               360 kB
Writeback:             0 kB
AnonPages:       1363276 kB
Mapped:           877032 kB
Shmem:             24812 kB
KReclaimable:     684056 kB
Slab:             224948 kB
SReclaimable:      75892 kB
SUnreclaim:       149056 kB
KernelStack:       48708 kB
PageTables:        68828 kB
NFS_Unstable:          0 kB
Bounce:                0 kB
WritebackTmp:          0 kB
CommitLimit:     9202292 kB
Committed_AS:   76609444 kB
VmallocTotal:   263061440 kB
VmallocUsed:      105756 kB
VmallocChunk:          0 kB
Percpu:             7648 kB
CmaTotal:         294912 kB
CmaFree:              28 kB
MemTotal:       12113136 kB
MemFree:         6451776 kB
MemAvailable:    8000128 kB
Buffers:            4832 kB
Cached:          1757548 kB
SwapCached:            0 kB
Active:          1613112 kB
Inactive:        1503804 kB
Active(anon):    1361120 kB
Inactive(anon):    22796 kB
Active(file):     251992 kB
Inactive(file):  1481008 kB
Unevictable:        5616 kB
Mlocked:            5616 kB
SwapTotal:       3145724 kB
SwapFree:        3145724 kB
Dirty:               396 kB
Writeback:             0 kB
AnonPages:       1360296 kB
Mapped:           877304 kB
Shmem:             24816 kB
KReclaimable:     684056 kB
Slab:             224916 kB
SReclaimable:      75892 kB
SUnreclaim:       149024 kB
KernelStack:       48712 kB
PageTables:        68628 kB
NFS_Unstable:          0 kB
Bounce:                0 kB
WritebackTmp:          0 kB
CommitLimit:     9202292 kB
Committed_AS:   76612916 kB
VmallocTotal:   263061440 kB
VmallocUsed:      105788 kB
VmallocChunk:          0 kB
Percpu:             7648 kB
CmaTotal:         294912 kB
CmaFree:               0 kB
MemTotal:       12113136 kB
MemFree:         6450200 kB
MemAvailable:    7998560 kB
Buffers:            4832 kB
Cached:          1757620 kB
SwapCached:            0 kB
Active:          1613668 kB
Inactive:        1503876 kB
Active(anon):    1361676 kB
Inactive(anon):    22860 kB
Active(file):     251992 kB
Inactive(file):  1481016 kB
Unevictable:        5616 kB
Mlocked:            5616 kB
SwapTotal:       3145724 kB
SwapFree:        3145724 kB
Dirty:               412 kB
Writeback:             0 kB
AnonPages:       1361332 kB
Mapped:           877144 kB
Shmem:             24880 kB
KReclaimable:     684056 kB
Slab:             224908 kB
SReclaimable:      75892 kB
SUnreclaim:       149016 kB
KernelStack:       48724 kB
PageTables:        68860 kB
NFS_Unstable:          0 kB
Bounce:                0 kB
WritebackTmp:          0 kB
CommitLimit:     9202292 kB
Committed_AS:   76612740 kB
VmallocTotal:   263061440 kB
VmallocUsed:      105804 kB
VmallocChunk:          0 kB
Percpu:             7648 kB
CmaTotal:         294912 kB
CmaFree:               4 kB
MemTotal:       12113136 kB
MemFree:         6448428 kB
MemAvailable:    7996800 kB
Buffers:            4832 kB
Cached:          1757640 kB
SwapCached:            0 kB
Active:          1614584 kB
Inactive:        1503896 kB
Active(anon):    1362592 kB
Inactive(anon):    22868 kB
Active(file):     251992 kB
Inactive(file):  1481028 kB
Unevictable:        5616 kB
Mlocked:            5616 kB
SwapTotal:       3145724 kB
SwapFree:        3145724 kB
Dirty:               436 kB
Writeback:             0 kB
AnonPages:       1361624 kB
Mapped:           877216 kB
Shmem:             24888 kB
KReclaimable:     684056 kB
Slab:             224924 kB
SReclaimable:      75892 kB
SUnreclaim:       149032 kB
KernelStack:       48740 kB
PageTables:        68496 kB
NFS_Unstable:          0 kB
Bounce:                0 kB
WritebackTmp:          0 kB
CommitLimit:     9202292 kB
Committed_AS:   76609164 kB
VmallocTotal:   263061440 kB
VmallocUsed:      105788 kB
VmallocChunk:          0 kB
Percpu:             7648 kB
CmaTotal:         294912 kB
CmaFree:               0 kB
MemTotal:       12113136 kB
MemFree:         6475824 kB
MemAvailable:    8024208 kB
Buffers:            4832 kB
Cached:          1757652 kB
SwapCached:            0 kB
Active:          1587796 kB
Inactive:        1503908 kB
Active(anon):    1335804 kB
Inactive(anon):    22868 kB
Active(file):     251992 kB
Inactive(file):  1481040 kB
Unevictable:        5616 kB
Mlocked:            5616 kB
SwapTotal:       3145724 kB
SwapFree:        3145724 kB
Dirty:               448 kB
Writeback:             0 kB
AnonPages:       1334492 kB
Mapped:           877216 kB
Shmem:             24888 kB
KReclaimable:     684056 kB
Slab:             224900 kB
SReclaimable:      75892 kB
SUnreclaim:       149008 kB
KernelStack:       48708 kB
PageTables:        68824 kB
NFS_Unstable:          0 kB
Bounce:                0 kB
WritebackTmp:          0 kB
CommitLimit:     9202292 kB
Committed_AS:   76605088 kB
VmallocTotal:   263061440 kB
VmallocUsed:      105772 kB
VmallocChunk:          0 kB
Percpu:             7648 kB
CmaTotal:         294912 kB
CmaFree:              72 kB
MemTotal:       12113136 kB
MemFree:         6474276 kB
MemAvailable:    8022684 kB
Buffers:            4832 kB
Cached:          1757684 kB
SwapCached:            0 kB
Active:          1589936 kB
Inactive:        1503936 kB
Active(anon):    1337940 kB
Inactive(anon):    22876 kB
Active(file):     251996 kB
Inactive(file):  1481060 kB
Unevictable:        5616 kB
Mlocked:            5616 kB
SwapTotal:       3145724 kB
SwapFree:        3145724 kB
Dirty:               472 kB
Writeback:             0 kB
AnonPages:       1336552 kB
Mapped:           877296 kB
Shmem:             24896 kB
KReclaimable:     684056 kB
Slab:             224916 kB
SReclaimable:      75892 kB
SUnreclaim:       149024 kB
KernelStack:       48772 kB
PageTables:        68556 kB
NFS_Unstable:          0 kB
Bounce:                0 kB
WritebackTmp:          0 kB
CommitLimit:     9202292 kB
Committed_AS:   76605264 kB
VmallocTotal:   263061440 kB
VmallocUsed:      105740 kB
VmallocChunk:          0 kB
Percpu:             7648 kB
CmaTotal:         294912 kB
CmaFree:               0 kB
MemTotal:       12113136 kB
MemFree:         6474236 kB
MemAvailable:    8022648 kB
Buffers:            4832 kB
Cached:          1757688 kB
SwapCached:            0 kB
Active:          1589956 kB
Inactive:        1503944 kB
Active(anon):    1337964 kB
Inactive(anon):    22876 kB
Active(file):     251992 kB
Inactive(file):  1481068 kB
Unevictable:        5616 kB
Mlocked:            5616 kB
SwapTotal:       3145724 kB
SwapFree:        3145724 kB
Dirty:               552 kB
Writeback:             0 kB
AnonPages:       1336836 kB
Mapped:           877156 kB
Shmem:             24896 kB
KReclaimable:     684056 kB
Slab:             224940 kB
SReclaimable:      75892 kB
SUnreclaim:       149048 kB
KernelStack:       48720 kB
PageTables:        68848 kB
NFS_Unstable:          0 kB
Bounce:                0 kB
WritebackTmp:          0 kB
CommitLimit:     9202292 kB
Committed_AS:   76609504 kB
VmallocTotal:   263061440 kB
VmallocUsed:      105724 kB
VmallocChunk:          0 kB
Percpu:             7648 kB
CmaTotal:         294912 kB
CmaFree:              32 kB
MemTotal:       12113136 kB
MemFree:         6472764 kB
MemAvailable:    8021184 kB
Buffers:            4832 kB
Cached:          1757696 kB
SwapCached:            0 kB
Active:          1589988 kB
Inactive:        1503952 kB
Active(anon):    1337996 kB
Inactive(anon):    22876 kB
Active(file):     251992 kB
Inactive(file):  1481076 kB
Unevictable:        5616 kB
Mlocked:            5616 kB
SwapTotal:       3145724 kB
SwapFree:        3145724 kB
Dirty:               560 kB
Writeback:             0 kB
AnonPages:       1337440 kB
Mapped:           877296 kB
Shmem:             24896 kB
KReclaimable:     684056 kB
Slab:             224956 kB
SReclaimable:      75892 kB
SUnreclaim:       149064 kB
KernelStack:       48688 kB
PageTables:        68568 kB
NFS_Unstable:          0 kB
Bounce:                0 kB
WritebackTmp:          0 kB
CommitLimit:     9202292 kB
Committed_AS:   76609628 kB
VmallocTotal:   263061440 kB
VmallocUsed:      105740 kB
VmallocChunk:          0 kB
Percpu:             7648 kB
CmaTotal:         294912 kB
CmaFree:               0 kB
MemTotal:       12113136 kB
MemFree:         6473388 kB
MemAvailable:    8021844 kB
Buffers:            4832 kB
Cached:          1757732 kB
SwapCached:            0 kB
Active:          1590264 kB
Inactive:        1503988 kB
Active(anon):    1338272 kB
Inactive(anon):    22876 kB
Active(file):     251992 kB
Inactive(file):  1481112 kB
Unevictable:        5616 kB
Mlocked:            5616 kB
SwapTotal:       3145724 kB
SwapFree:        3145724 kB
Dirty:               604 kB
Writeback:             0 kB
AnonPages:       1337780 kB
Mapped:           877052 kB
Shmem:             24896 kB
KReclaimable:     684056 kB
Slab:             224940 kB
SReclaimable:      75892 kB
SUnreclaim:       149048 kB
KernelStack:       48720 kB
PageTables:        68588 kB
NFS_Unstable:          0 kB
Bounce:                0 kB
WritebackTmp:          0 kB
CommitLimit:     9202292 kB
Committed_AS:   76605288 kB
VmallocTotal:   263061440 kB
VmallocUsed:      105756 kB
VmallocChunk:          0 kB
Percpu:             7648 kB
CmaTotal:         294912 kB
CmaFree:               8 kB
MemTotal:       12113136 kB
MemFree:         6470988 kB
MemAvailable:    8019444 kB
Buffers:            4832 kB
Cached:          1757732 kB
SwapCached:            0 kB
Active:          1591664 kB
Inactive:        1503988 kB
Active(anon):    1339672 kB
Inactive(anon):    22876 kB
Active(file):     251992 kB
Inactive(file):  1481112 kB
Unevictable:        5616 kB
Mlocked:            5616 kB
SwapTotal:       3145724 kB
SwapFree:        3145724 kB
Dirty:               616 kB
Writeback:             0 kB
AnonPages:       1338792 kB
Mapped:           877228 kB
Shmem:             24896 kB
KReclaimable:     684056 kB
Slab:             224956 kB
SReclaimable:      75892 kB
SUnreclaim:       149064 kB
KernelStack:       48704 kB
PageTables:        68568 kB
NFS_Unstable:          0 kB
Bounce:                0 kB
WritebackTmp:          0 kB
CommitLimit:     9202292 kB
Committed_AS:   76609404 kB
VmallocTotal:   263061440 kB
VmallocUsed:      105772 kB
VmallocChunk:          0 kB
Percpu:             7648 kB
CmaTotal:         294912 kB
CmaFree:               0 kB
MemTotal:       12113136 kB
MemFree:         6483344 kB
MemAvailable:    8031796 kB
Buffers:            4832 kB
Cached:          1757728 kB
SwapCached:            0 kB
Active:          1579816 kB
Inactive:        1503984 kB
Active(anon):    1327824 kB
Inactive(anon):    22876 kB
Active(file):     251992 kB
Inactive(file):  1481108 kB
Unevictable:        5616 kB
Mlocked:            5616 kB
SwapTotal:       3145724 kB
SwapFree:        3145724 kB
Dirty:               380 kB
Writeback:             0 kB
AnonPages:       1327032 kB
Mapped:           877368 kB
Shmem:             24896 kB
KReclaimable:     684056 kB
Slab:             224940 kB
SReclaimable:      75892 kB
SUnreclaim:       149048 kB
KernelStack:       48736 kB
PageTables:        68620 kB
NFS_Unstable:          0 kB
Bounce:                0 kB
WritebackTmp:          0 kB
CommitLimit:     9202292 kB
Committed_AS:   76609036 kB
VmallocTotal:   263061440 kB
VmallocUsed:      105772 kB
VmallocChunk:          0 kB
Percpu:             7648 kB
CmaTotal:         294912 kB
CmaFree:             528 kB
MemTotal:       12113136 kB
MemFree:         6491856 kB
MemAvailable:    8040372 kB
Buffers:            4832 kB
Cached:          1757792 kB
SwapCached:            0 kB
Active:          1571444 kB
Inactive:        1504044 kB
Active(anon):    1319448 kB
Inactive(anon):    22876 kB
Active(file):     251996 kB
Inactive(file):  1481168 kB
Unevictable:        5616 kB
Mlocked:            5616 kB
SwapTotal:       3145724 kB
SwapFree:        3145724 kB
Dirty:               256 kB
Writeback:             0 kB
AnonPages:       1318364 kB
Mapped:           877208 kB
Shmem:             24896 kB
KReclaimable:     684056 kB
Slab:             225004 kB
SReclaimable:      75892 kB
SUnreclaim:       149112 kB
KernelStack:       48704 kB
PageTables:        68552 kB
NFS_Unstable:          0 kB
Bounce:                0 kB
WritebackTmp:          0 kB
CommitLimit:     9202292 kB
Committed_AS:   76609552 kB
VmallocTotal:   263061440 kB
VmallocUsed:      105772 kB
VmallocChunk:          0 kB
Percpu:             7648 kB
CmaTotal:         294912 kB
CmaFree:               0 kB
MemTotal:       12113136 kB
MemFree:         6491444 kB
MemAvailable:    8039944 kB
Buffers:            4832 kB
Cached:          1757776 kB
SwapCached:            0 kB
Active:          1571884 kB
Inactive:        1504028 kB
Active(anon):    1319888 kB
Inactive(anon):    22876 kB
Active(file):     251996 kB
Inactive(file):  1481152 kB
Unevictable:        5616 kB
Mlocked:            5616 kB
SwapTotal:       3145724 kB
SwapFree:        3145724 kB
Dirty:               284 kB
Writeback:             0 kB
AnonPages:       1319156 kB
Mapped:           877224 kB
Shmem:             24896 kB
KReclaimable:     684056 kB
Slab:             224980 kB
SReclaimable:      75892 kB
SUnreclaim:       149088 kB
KernelStack:       48724 kB
PageTables:        68824 kB
NFS_Unstable:          0 kB
Bounce:                0 kB
WritebackTmp:          0 kB
CommitLimit:     9202292 kB
Committed_AS:   76609772 kB
VmallocTotal:   263061440 kB
VmallocUsed:      105804 kB
VmallocChunk:          0 kB
Percpu:             7648 kB
CmaTotal:         294912 kB
CmaFree:              76 kB
MemTotal:       12113136 kB
MemFree:         6490036 kB
MemAvailable:    8038552 kB
Buffers:            4836 kB
Cached:          1757792 kB
SwapCached:            0 kB
Active:          1572772 kB
Inactive:        1504048 kB
Active(anon):    1320776 kB
Inactive(anon):    22880 kB
Active(file):     251996 kB
Inactive(file):  1481168 kB
Unevictable:        5616 kB
Mlocked:            5616 kB
SwapTotal:       3145724 kB
SwapFree:        3145724 kB
Dirty:               328 kB
Writeback:             0 kB
AnonPages:       1319884 kB
Mapped:           877228 kB
Shmem:             24900 kB
KReclaimable:     684056 kB
Slab:             224980 kB
SReclaimable:      75892 kB
SUnreclaim:       149088 kB
KernelStack:       48740 kB
PageTables:        68520 kB
NFS_Unstable:          0 kB
Bounce:                0 kB
WritebackTmp:          0 kB
CommitLimit:     9202292 kB
Committed_AS:   76604804 kB
VmallocTotal:   263061440 kB
VmallocUsed:      105820 kB
VmallocChunk:          0 kB
Percpu:             7648 kB
CmaTotal:         294912 kB
CmaFree:               0 kB
MemTotal:       12113136 kB
MemFree:         6489172 kB
MemAvailable:    8037716 kB
Buffers:            4836 kB
Cached:          1757820 kB
SwapCached:            0 kB
Active:          1573008 kB
Inactive:        1504076 kB
Active(anon):    1321012 kB
Inactive(anon):    22880 kB
Active(file):     251996 kB
Inactive(file):  1481196 kB
Unevictable:        5616 kB
Mlocked:            5616 kB
SwapTotal:       3145724 kB
SwapFree:        3145724 kB
Dirty:               320 kB
Writeback:             0 kB
AnonPages:       1320132 kB
Mapped:           877160 kB
Shmem:             24900 kB
KReclaimable:     684056 kB
Slab:             224964 kB
SReclaimable:      75892 kB
SUnreclaim:       149072 kB
KernelStack:       48708 kB
PageTables:        68840 kB
NFS_Unstable:          0 kB
Bounce:                0 kB
WritebackTmp:          0 kB
CommitLimit:     9202292 kB
Committed_AS:   76609172 kB
VmallocTotal:   263061440 kB
VmallocUsed:      105836 kB
VmallocChunk:          0 kB
Percpu:             7648 kB
CmaTotal:         294912 kB
CmaFree:             144 kB
MemTotal:       12113136 kB
MemFree:         6488548 kB
MemAvailable:    8037104 kB
Buffers:            4836 kB
Cached:          1757832 kB
SwapCached:            0 kB
Active:          1574628 kB
Inactive:        1504088 kB
Active(anon):    1322632 kB
Inactive(anon):    22880 kB
Active(file):     251996 kB
Inactive(file):  1481208 kB
Unevictable:        5616 kB
Mlocked:            5616 kB
SwapTotal:       3145724 kB
SwapFree:        3145724 kB
Dirty:               340 kB
Writeback:             0 kB
AnonPages:       1321652 kB
Mapped:           877228 kB
Shmem:             24900 kB
KReclaimable:     684056 kB
Slab:             224988 kB
SReclaimable:      75892 kB
SUnreclaim:       149096 kB
KernelStack:       48740 kB
PageTables:        68580 kB
NFS_Unstable:          0 kB
Bounce:                0 kB
WritebackTmp:          0 kB
CommitLimit:     9202292 kB
Committed_AS:   76609260 kB
VmallocTotal:   263061440 kB
VmallocUsed:      105804 kB
VmallocChunk:          0 kB
Percpu:             7648 kB
CmaTotal:         294912 kB
CmaFree:               0 kB
MemTotal:       12113136 kB
MemFree:         6487916 kB
MemAvailable:    8036484 kB
Buffers:            4836 kB
Cached:          1757844 kB
SwapCached:            0 kB
Active:          1575044 kB
Inactive:        1504100 kB
Active(anon):    1323048 kB
Inactive(anon):    22880 kB
Active(file):     251996 kB
Inactive(file):  1481220 kB
Unevictable:        5616 kB
Mlocked:            5616 kB
SwapTotal:       3145724 kB
SwapFree:        3145724 kB
Dirty:               244 kB
Writeback:             0 kB
AnonPages:       1322060 kB
Mapped:           877160 kB
Shmem:             24900 kB
KReclaimable:     684056 kB
Slab:             224924 kB
SReclaimable:      75892 kB
SUnreclaim:       149032 kB
KernelStack:       48724 kB
PageTables:        68856 kB
NFS_Unstable:          0 kB
Bounce:                0 kB
WritebackTmp:          0 kB
CommitLimit:     9202292 kB
Committed_AS:   76605160 kB
VmallocTotal:   263061440 kB
VmallocUsed:      105772 kB
VmallocChunk:          0 kB
Percpu:             7648 kB
CmaTotal:         294912 kB
CmaFree:               0 kB
MemTotal:       12113136 kB
MemFree:         6498560 kB
MemAvailable:    8047128 kB
Buffers:            4836 kB
Cached:          1757848 kB
SwapCached:            0 kB
Active:          1563516 kB
Inactive:        1504108 kB
Active(anon):    1311524 kB
Inactive(anon):    22884 kB
Active(file):     251992 kB
Inactive(file):  1481224 kB
Unevictable:        5616 kB
Mlocked:            5616 kB
SwapTotal:       3145724 kB
SwapFree:        3145724 kB
Dirty:               252 kB
Writeback:             0 kB
AnonPages:       1310112 kB
Mapped:           877232 kB
Shmem:             24904 kB
KReclaimable:     684056 kB
Slab:             224956 kB
SReclaimable:      75892 kB
SUnreclaim:       149064 kB
KernelStack:       48740 kB
PageTables:        68792 kB
NFS_Unstable:          0 kB
Bounce:                0 kB
WritebackTmp:          0 kB
CommitLimit:     9202292 kB
Committed_AS:   76601688 kB
VmallocTotal:   263061440 kB
VmallocUsed:      105788 kB
VmallocChunk:          0 kB
Percpu:             7648 kB
CmaTotal:         294912 kB
CmaFree:             464 kB
MemTotal:       12113136 kB
MemFree:         6497096 kB
MemAvailable:    8045712 kB
Buffers:            4836 kB
Cached:          1757896 kB
SwapCached:            0 kB
Active:          1563940 kB
Inactive:        1504144 kB
Active(anon):    1311936 kB
Inactive(anon):    22884 kB
Active(file):     252004 kB
Inactive(file):  1481260 kB
Unevictable:        5616 kB
Mlocked:            5616 kB
SwapTotal:       3145724 kB
SwapFree:        3145724 kB
Dirty:               288 kB
Writeback:            24 kB
AnonPages:       1310976 kB
Mapped:           877164 kB
Shmem:             24904 kB
KReclaimable:     684056 kB
Slab:             224940 kB
SReclaimable:      75892 kB
SUnreclaim:       149048 kB
KernelStack:       48756 kB
PageTables:        68828 kB
NFS_Unstable:          0 kB
Bounce:                0 kB
WritebackTmp:          0 kB
CommitLimit:     9202292 kB
Committed_AS:   76609884 kB
VmallocTotal:   263061440 kB
VmallocUsed:      105772 kB
VmallocChunk:          0 kB
Percpu:             7648 kB
CmaTotal:         294912 kB
CmaFree:             276 kB
MemTotal:       12113136 kB
MemFree:         6496240 kB
MemAvailable:    8044832 kB
Buffers:            4836 kB
Cached:          1757872 kB
SwapCached:            0 kB
Active:          1565092 kB
Inactive:        1504124 kB
Active(anon):    1313092 kB
Inactive(anon):    22884 kB
Active(file):     252000 kB
Inactive(file):  1481240 kB
Unevictable:        5616 kB
Mlocked:            5616 kB
SwapTotal:       3145724 kB
SwapFree:        3145724 kB
Dirty:               308 kB
Writeback:             0 kB
AnonPages:       1312164 kB
Mapped:           877164 kB
Shmem:             24904 kB
KReclaimable:     684056 kB
Slab:             224980 kB
SReclaimable:      75892 kB
SUnreclaim:       149088 kB
KernelStack:       48756 kB
PageTables:        68852 kB
NFS_Unstable:          0 kB
Bounce:                0 kB
WritebackTmp:          0 kB
CommitLimit:     9202292 kB
Committed_AS:   76609532 kB
VmallocTotal:   263061440 kB
VmallocUsed:      105788 kB
VmallocChunk:          0 kB
Percpu:             7648 kB
CmaTotal:         294912 kB
CmaFree:               0 kB
MemTotal:       12113136 kB
MemFree:         6496564 kB
MemAvailable:    8045164 kB
Buffers:            4836 kB
Cached:          1757880 kB
SwapCached:            0 kB
Active:          1565416 kB
Inactive:        1504132 kB
Active(anon):    1313416 kB
Inactive(anon):    22884 kB
Active(file):     252000 kB
Inactive(file):  1481248 kB
Unevictable:        5616 kB
Mlocked:            5616 kB
SwapTotal:       3145724 kB
SwapFree:        3145724 kB
Dirty:               340 kB
Writeback:             0 kB
AnonPages:       1312372 kB
Mapped:           877376 kB
Shmem:             24904 kB
KReclaimable:     684056 kB
Slab:             224932 kB
SReclaimable:      75892 kB
SUnreclaim:       149040 kB
KernelStack:       48736 kB
PageTables:        68736 kB
NFS_Unstable:          0 kB
Bounce:                0 kB
WritebackTmp:          0 kB
CommitLimit:     9202292 kB
Committed_AS:   76603640 kB
VmallocTotal:   263061440 kB
VmallocUsed:      105772 kB
VmallocChunk:          0 kB
Percpu:             7648 kB
CmaTotal:         294912 kB
CmaFree:               0 kB
MemTotal:       12113136 kB
MemFree:         6495600 kB
MemAvailable:    8044216 kB
Buffers:            4836 kB
Cached:          1757900 kB
SwapCached:            0 kB
Active:          1566628 kB
Inactive:        1504148 kB
Active(anon):    1314628 kB
Inactive(anon):    22884 kB
Active(file):     252000 kB
Inactive(file):  1481264 kB
Unevictable:        5616 kB
Mlocked:            5616 kB
SwapTotal:       3145724 kB
SwapFree:        3145724 kB
Dirty:               376 kB
Writeback:             0 kB
AnonPages:       1313432 kB
Mapped:           877292 kB
Shmem:             24904 kB
KReclaimable:     684056 kB
Slab:             224988 kB
SReclaimable:      75892 kB
SUnreclaim:       149096 kB
KernelStack:       48724 kB
PageTables:        68636 kB
NFS_Unstable:          0 kB
Bounce:                0 kB
WritebackTmp:          0 kB
CommitLimit:     9202292 kB
Committed_AS:   76609208 kB
VmallocTotal:   263061440 kB
VmallocUsed:      105788 kB
VmallocChunk:          0 kB
Percpu:             7648 kB
CmaTotal:         294912 kB
CmaFree:               0 kB
MemTotal:       12113136 kB
MemFree:         6469168 kB
MemAvailable:    8017796 kB
Buffers:            4836 kB
Cached:          1758168 kB
SwapCached:            0 kB
Active:          1594904 kB
Inactive:        1504160 kB
Active(anon):    1342904 kB
Inactive(anon):    22884 kB
Active(file):     252000 kB
Inactive(file):  1481276 kB
Unevictable:        5616 kB
Mlocked:            5616 kB
SwapTotal:       3145724 kB
SwapFree:        3145724 kB
Dirty:               384 kB
Writeback:             0 kB
AnonPages:       1341992 kB
Mapped:           877240 kB
Shmem:             25164 kB
KReclaimable:     684056 kB
Slab:             224948 kB
SReclaimable:      75892 kB
SUnreclaim:       149056 kB
KernelStack:       48772 kB
PageTables:        68896 kB
NFS_Unstable:          0 kB
Bounce:                0 kB
WritebackTmp:          0 kB
CommitLimit:     9202292 kB
Committed_AS:   76604808 kB
VmallocTotal:   263061440 kB
VmallocUsed:      105772 kB
VmallocChunk:          0 kB
Percpu:             7648 kB
CmaTotal:         294912 kB
CmaFree:              48 kB
MemTotal:       12113136 kB
MemFree:         6468644 kB
MemAvailable:    8017288 kB
Buffers:            4836 kB
Cached:          1757932 kB
SwapCached:            0 kB
Active:          1595768 kB
Inactive:        1504184 kB
Active(anon):    1343768 kB
Inactive(anon):    22892 kB
Active(file):     252000 kB
Inactive(file):  1481292 kB
Unevictable:        5616 kB
Mlocked:            5616 kB
SwapTotal:       3145724 kB
SwapFree:        3145724 kB
Dirty:               408 kB
Writeback:             0 kB
AnonPages:       1342808 kB
Mapped:           877244 kB
Shmem:             24912 kB
KReclaimable:     684056 kB
Slab:             224948 kB
SReclaimable:      75892 kB
SUnreclaim:       149056 kB
KernelStack:       48704 kB
PageTables:        68548 kB
NFS_Unstable:          0 kB
Bounce:                0 kB
WritebackTmp:          0 kB
CommitLimit:     9202292 kB
Committed_AS:   76604464 kB
VmallocTotal:   263061440 kB
VmallocUsed:      105756 kB
VmallocChunk:          0 kB
Percpu:             7648 kB
CmaTotal:         294912 kB
CmaFree:              24 kB
MemTotal:       12113136 kB
MemFree:         6466368 kB
MemAvailable:    8015036 kB
Buffers:            4836 kB
Cached:          1757956 kB
SwapCached:            0 kB
Active:          1598012 kB
Inactive:        1504208 kB
Active(anon):    1346012 kB
Inactive(anon):    22892 kB
Active(file):     252000 kB
Inactive(file):  1481316 kB
Unevictable:        5616 kB
Mlocked:            5616 kB
SwapTotal:       3145724 kB
SwapFree:        3145724 kB
Dirty:               456 kB
Writeback:             0 kB
AnonPages:       1345136 kB
Mapped:           877244 kB
Shmem:             24912 kB
KReclaimable:     684056 kB
Slab:             224932 kB
SReclaimable:      75892 kB
SUnreclaim:       149040 kB
KernelStack:       48792 kB
PageTables:        68500 kB
NFS_Unstable:          0 kB
Bounce:                0 kB
WritebackTmp:          0 kB
CommitLimit:     9202292 kB
Committed_AS:   76604208 kB
VmallocTotal:   263061440 kB
VmallocUsed:      105820 kB
VmallocChunk:          0 kB
Percpu:             7648 kB
CmaTotal:         294912 kB
CmaFree:               0 kB
MemTotal:       12113136 kB
MemFree:         6481560 kB
MemAvailable:    8030248 kB
Buffers:            4836 kB
Cached:          1757976 kB
SwapCached:            0 kB
Active:          1582680 kB
Inactive:        1504228 kB
Active(anon):    1330680 kB
Inactive(anon):    22892 kB
Active(file):     252000 kB
Inactive(file):  1481336 kB
Unevictable:        5616 kB
Mlocked:            5616 kB
SwapTotal:       3145724 kB
SwapFree:        3145724 kB
Dirty:               220 kB
Writeback:             0 kB
AnonPages:       1329828 kB
Mapped:           877312 kB
Shmem:             24912 kB
KReclaimable:     684056 kB
Slab:             224964 kB
SReclaimable:      75892 kB
SUnreclaim:       149072 kB
KernelStack:       48820 kB
PageTables:        68588 kB
NFS_Unstable:          0 kB
Bounce:                0 kB
WritebackTmp:          0 kB
CommitLimit:     9202292 kB
Committed_AS:   76616224 kB
VmallocTotal:   263061440 kB
VmallocUsed:      105836 kB
VmallocChunk:          0 kB
Percpu:             7648 kB
CmaTotal:         294912 kB
CmaFree:               0 kB
MemTotal:       12113136 kB
MemFree:         6492548 kB
MemAvailable:    8041244 kB
Buffers:            4836 kB
Cached:          1757984 kB
SwapCached:            0 kB
Active:          1570056 kB
Inactive:        1504236 kB
Active(anon):    1318056 kB
Inactive(anon):    22892 kB
Active(file):     252000 kB
Inactive(file):  1481344 kB
Unevictable:        5616 kB
Mlocked:            5616 kB
SwapTotal:       3145724 kB
SwapFree:        3145724 kB
Dirty:               244 kB
Writeback:             0 kB
AnonPages:       1317216 kB
Mapped:           877316 kB
Shmem:             24912 kB
KReclaimable:     684056 kB
Slab:             224940 kB
SReclaimable:      75892 kB
SUnreclaim:       149048 kB
KernelStack:       48852 kB
PageTables:        68576 kB
NFS_Unstable:          0 kB
Bounce:                0 kB
WritebackTmp:          0 kB
CommitLimit:     9202292 kB
Committed_AS:   76616048 kB
VmallocTotal:   263061440 kB
VmallocUsed:      105852 kB
VmallocChunk:          0 kB
Percpu:             7648 kB
CmaTotal:         294912 kB
CmaFree:               0 kB
MemTotal:       12113136 kB
MemFree:         6493096 kB
MemAvailable:    8041812 kB
Buffers:            4836 kB
Cached:          1758004 kB
SwapCached:            0 kB
Active:          1570412 kB
Inactive:        1504256 kB
Active(anon):    1318412 kB
Inactive(anon):    22892 kB
Active(file):     252000 kB
Inactive(file):  1481364 kB
Unevictable:        5616 kB
Mlocked:            5616 kB
SwapTotal:       3145724 kB
SwapFree:        3145724 kB
Dirty:               304 kB
Writeback:             0 kB
AnonPages:       1317632 kB
Mapped:           877308 kB
Shmem:             24912 kB
KReclaimable:     684056 kB
Slab:             224972 kB
SReclaimable:      75892 kB
SUnreclaim:       149080 kB
KernelStack:       48800 kB
PageTables:        68644 kB
NFS_Unstable:          0 kB
Bounce:                0 kB
WritebackTmp:          0 kB
CommitLimit:     9202292 kB
Committed_AS:   76612948 kB
VmallocTotal:   263061440 kB
VmallocUsed:      105852 kB
VmallocChunk:          0 kB
Percpu:             7648 kB
CmaTotal:         294912 kB
CmaFree:               0 kB
MemTotal:       12113136 kB
MemFree:         6492244 kB
MemAvailable:    8040968 kB
Buffers:            4840 kB
Cached:          1758008 kB
SwapCached:            0 kB
Active:          1571020 kB
Inactive:        1504264 kB
Active(anon):    1319020 kB
Inactive(anon):    22892 kB
Active(file):     252000 kB
Inactive(file):  1481372 kB
Unevictable:        5616 kB
Mlocked:            5616 kB
SwapTotal:       3145724 kB
SwapFree:        3145724 kB
Dirty:               340 kB
Writeback:             0 kB
AnonPages:       1317920 kB
Mapped:           877244 kB
Shmem:             24912 kB
KReclaimable:     684056 kB
Slab:             224900 kB
SReclaimable:      75892 kB
SUnreclaim:       149008 kB
KernelStack:       48836 kB
PageTables:        68516 kB
NFS_Unstable:          0 kB
Bounce:                0 kB
WritebackTmp:          0 kB
CommitLimit:     9202292 kB
Committed_AS:   76608840 kB
VmallocTotal:   263061440 kB
VmallocUsed:      105852 kB
VmallocChunk:          0 kB
Percpu:             7648 kB
CmaTotal:         294912 kB
CmaFree:               0 kB
MemTotal:       12113136 kB
MemFree:         6491204 kB
MemAvailable:    8039956 kB
Buffers:            4840 kB
Cached:          1758036 kB
SwapCached:            0 kB
Active:          1572120 kB
Inactive:        1504288 kB
Active(anon):    1320116 kB
Inactive(anon):    22892 kB
Active(file):     252004 kB
Inactive(file):  1481396 kB
Unevictable:        5616 kB
Mlocked:            5616 kB
SwapTotal:       3145724 kB
SwapFree:        3145724 kB
Dirty:               340 kB
Writeback:             0 kB
AnonPages:       1318988 kB
Mapped:           877236 kB
Shmem:             24912 kB
KReclaimable:     684056 kB
Slab:             224972 kB
SReclaimable:      75892 kB
SUnreclaim:       149080 kB
KernelStack:       48836 kB
PageTables:        68496 kB
NFS_Unstable:          0 kB
Bounce:                0 kB
WritebackTmp:          0 kB
CommitLimit:     9202292 kB
Committed_AS:   76600700 kB
VmallocTotal:   263061440 kB
VmallocUsed:      105836 kB
VmallocChunk:          0 kB
Percpu:             7648 kB
CmaTotal:         294912 kB
CmaFree:               0 kB
MemTotal:       12113136 kB
MemFree:         6489820 kB
MemAvailable:    8038584 kB
Buffers:            4840 kB
Cached:          1758048 kB
SwapCached:            0 kB
Active:          1572988 kB
Inactive:        1504300 kB
Active(anon):    1320984 kB
Inactive(anon):    22892 kB
Active(file):     252004 kB
Inactive(file):  1481408 kB
Unevictable:        5616 kB
Mlocked:            5616 kB
SwapTotal:       3145724 kB
SwapFree:        3145724 kB
Dirty:               368 kB
Writeback:             0 kB
AnonPages:       1319776 kB
Mapped:           877116 kB
Shmem:             24912 kB
KReclaimable:     684056 kB
Slab:             224956 kB
SReclaimable:      75892 kB
SUnreclaim:       149064 kB
KernelStack:       48784 kB
PageTables:        68612 kB
NFS_Unstable:          0 kB
Bounce:                0 kB
WritebackTmp:          0 kB
CommitLimit:     9202292 kB
Committed_AS:   76607900 kB
VmallocTotal:   263061440 kB
VmallocUsed:      105852 kB
VmallocChunk:          0 kB
Percpu:             7648 kB
CmaTotal:         294912 kB
CmaFree:               0 kB
MemTotal:       12113136 kB
MemFree:         6488544 kB
MemAvailable:    8037320 kB
Buffers:            4840 kB
Cached:          1758060 kB
SwapCached:            0 kB
Active:          1573816 kB
Inactive:        1504312 kB
Active(anon):    1321812 kB
Inactive(anon):    22892 kB
Active(file):     252004 kB
Inactive(file):  1481420 kB
Unevictable:        5616 kB
Mlocked:            5616 kB
SwapTotal:       3145724 kB
SwapFree:        3145724 kB
Dirty:               380 kB
Writeback:             0 kB
AnonPages:       1320588 kB
Mapped:           877240 kB
Shmem:             24912 kB
KReclaimable:     684056 kB
Slab:             224948 kB
SReclaimable:      75892 kB
SUnreclaim:       149056 kB
KernelStack:       48836 kB
PageTables:        68524 kB
NFS_Unstable:          0 kB
Bounce:                0 kB
WritebackTmp:          0 kB
CommitLimit:     9202292 kB
Committed_AS:   76609512 kB
VmallocTotal:   263061440 kB
VmallocUsed:      105884 kB
VmallocChunk:          0 kB
Percpu:             7648 kB
CmaTotal:         294912 kB
CmaFree:               0 kB
MemTotal:       12113136 kB
MemFree:         6487552 kB
MemAvailable:    8036328 kB
Buffers:            4840 kB
Cached:          1758060 kB
SwapCached:            0 kB
Active:          1574080 kB
Inactive:        1504312 kB
Active(anon):    1322076 kB
Inactive(anon):    22892 kB
Active(file):     252004 kB
Inactive(file):  1481420 kB
Unevictable:        5616 kB
Mlocked:            5616 kB
SwapTotal:       3145724 kB
SwapFree:        3145724 kB
Dirty:               380 kB
Writeback:             0 kB
AnonPages:       1321212 kB
Mapped:           877172 kB
Shmem:             24912 kB
KReclaimable:     684056 kB
Slab:             224956 kB
SReclaimable:      75892 kB
SUnreclaim:       149064 kB
KernelStack:       48820 kB
PageTables:        68760 kB
NFS_Unstable:          0 kB
Bounce:                0 kB
WritebackTmp:          0 kB
CommitLimit:     9202292 kB
Committed_AS:   76604932 kB
VmallocTotal:   263061440 kB
VmallocUsed:      105884 kB
VmallocChunk:          0 kB
Percpu:             7648 kB
CmaTotal:         294912 kB
CmaFree:               0 kB
MemTotal:       12113136 kB
MemFree:         6488092 kB
MemAvailable:    8036884 kB
Buffers:            4840 kB
Cached:          1758104 kB
SwapCached:            0 kB
Active:          1575588 kB
Inactive:        1504356 kB
Active(anon):    1323584 kB
Inactive(anon):    22920 kB
Active(file):     252004 kB
Inactive(file):  1481436 kB
Unevictable:        5616 kB
Mlocked:            5616 kB
SwapTotal:       3145724 kB
SwapFree:        3145724 kB
Dirty:               412 kB
Writeback:             0 kB
AnonPages:       1322588 kB
Mapped:           877340 kB
Shmem:             24940 kB
KReclaimable:     684056 kB
Slab:             224964 kB
SReclaimable:      75892 kB
SUnreclaim:       149072 kB
KernelStack:       48816 kB
PageTables:        68576 kB
NFS_Unstable:          0 kB
Bounce:                0 kB
WritebackTmp:          0 kB
CommitLimit:     9202292 kB
Committed_AS:   76600408 kB
VmallocTotal:   263061440 kB
VmallocUsed:      105836 kB
VmallocChunk:          0 kB
Percpu:             7648 kB
CmaTotal:         294912 kB
CmaFree:               0 kB
MemTotal:       12113136 kB
MemFree:         6487628 kB
MemAvailable:    8036432 kB
Buffers:            4840 kB
Cached:          1758116 kB
SwapCached:            0 kB
Active:          1575012 kB
Inactive:        1504368 kB
Active(anon):    1323008 kB
Inactive(anon):    22920 kB
Active(file):     252004 kB
Inactive(file):  1481448 kB
Unevictable:        5616 kB
Mlocked:            5616 kB
SwapTotal:       3145724 kB
SwapFree:        3145724 kB
Dirty:               424 kB
Writeback:             0 kB
AnonPages:       1322300 kB
Mapped:           877272 kB
Shmem:             24940 kB
KReclaimable:     684056 kB
Slab:             224940 kB
SReclaimable:      75892 kB
SUnreclaim:       149048 kB
KernelStack:       48752 kB
PageTables:        68508 kB
NFS_Unstable:          0 kB
Bounce:                0 kB
WritebackTmp:          0 kB
CommitLimit:     9202292 kB
Committed_AS:   76605584 kB
VmallocTotal:   263061440 kB
VmallocUsed:      105836 kB
VmallocChunk:          0 kB
Percpu:             7648 kB
CmaTotal:         294912 kB
CmaFree:               0 kB
MemTotal:       12113136 kB
MemFree:         6486172 kB
MemAvailable:    8034992 kB
Buffers:            4840 kB
Cached:          1758136 kB
SwapCached:            0 kB
Active:          1577048 kB
Inactive:        1504388 kB
Active(anon):    1325044 kB
Inactive(anon):    22924 kB
Active(file):     252004 kB
Inactive(file):  1481464 kB
Unevictable:        5616 kB
Mlocked:            5616 kB
SwapTotal:       3145724 kB
SwapFree:        3145724 kB
Dirty:               448 kB
Writeback:             0 kB
AnonPages:       1324024 kB
Mapped:           877268 kB
Shmem:             24944 kB
KReclaimable:     684056 kB
Slab:             224956 kB
SReclaimable:      75892 kB
SUnreclaim:       149064 kB
KernelStack:       48836 kB
PageTables:        68520 kB
NFS_Unstable:          0 kB
Bounce:                0 kB
WritebackTmp:          0 kB
CommitLimit:     9202292 kB
Committed_AS:   76610176 kB
VmallocTotal:   263061440 kB
VmallocUsed:      105868 kB
VmallocChunk:          0 kB
Percpu:             7648 kB
CmaTotal:         294912 kB
CmaFree:               0 kB
MemTotal:       12113136 kB
MemFree:         6485340 kB
MemAvailable:    8034180 kB
Buffers:            4840 kB
Cached:          1758156 kB
SwapCached:            0 kB
Active:          1577548 kB
Inactive:        1504408 kB
Active(anon):    1325544 kB
Inactive(anon):    22924 kB
Active(file):     252004 kB
Inactive(file):  1481484 kB
Unevictable:        5616 kB
Mlocked:            5616 kB
SwapTotal:       3145724 kB
SwapFree:        3145724 kB
Dirty:               480 kB
Writeback:             0 kB
AnonPages:       1324584 kB
Mapped:           877148 kB
Shmem:             24944 kB
KReclaimable:     684056 kB
Slab:             224980 kB
SReclaimable:      75892 kB
SUnreclaim:       149088 kB
KernelStack:       48864 kB
PageTables:        68768 kB
NFS_Unstable:          0 kB
Bounce:                0 kB
WritebackTmp:          0 kB
CommitLimit:     9202292 kB
Committed_AS:   76609868 kB
VmallocTotal:   263061440 kB
VmallocUsed:      105916 kB
VmallocChunk:          0 kB
Percpu:             7648 kB
CmaTotal:         294912 kB
CmaFree:               0 kB
MemTotal:       12113136 kB
MemFree:         6484596 kB
MemAvailable:    8033448 kB
Buffers:            4840 kB
Cached:          1758168 kB
SwapCached:            0 kB
Active:          1578740 kB
Inactive:        1504420 kB
Active(anon):    1326736 kB
Inactive(anon):    22924 kB
Active(file):     252004 kB
Inactive(file):  1481496 kB
Unevictable:        5616 kB
Mlocked:            5616 kB
SwapTotal:       3145724 kB
SwapFree:        3145724 kB
Dirty:               492 kB
Writeback:             0 kB
AnonPages:       1325348 kB
Mapped:           877340 kB
Shmem:             24944 kB
KReclaimable:     684056 kB
Slab:             224948 kB
SReclaimable:      75892 kB
SUnreclaim:       149056 kB
KernelStack:       48868 kB
PageTables:        68588 kB
NFS_Unstable:          0 kB
Bounce:                0 kB
WritebackTmp:          0 kB
CommitLimit:     9202292 kB
Committed_AS:   76609664 kB
VmallocTotal:   263061440 kB
VmallocUsed:      105932 kB
VmallocChunk:          0 kB
Percpu:             7648 kB
CmaTotal:         294912 kB
CmaFree:               0 kB
MemTotal:       12113136 kB
MemFree:         6483272 kB
MemAvailable:    8032132 kB
Buffers:            4840 kB
Cached:          1758176 kB
SwapCached:            0 kB
Active:          1579316 kB
Inactive:        1504432 kB
Active(anon):    1327316 kB
Inactive(anon):    22924 kB
Active(file):     252000 kB
Inactive(file):  1481508 kB
Unevictable:        5616 kB
Mlocked:            5616 kB
SwapTotal:       3145724 kB
SwapFree:        3145724 kB
Dirty:               532 kB
Writeback:             0 kB
AnonPages:       1326348 kB
Mapped:           877212 kB
Shmem:             24944 kB
KReclaimable:     684056 kB
Slab:             224964 kB
SReclaimable:      75892 kB
SUnreclaim:       149072 kB
KernelStack:       48868 kB
PageTables:        68584 kB
NFS_Unstable:          0 kB
Bounce:                0 kB
WritebackTmp:          0 kB
CommitLimit:     9202292 kB
Committed_AS:   76604484 kB
VmallocTotal:   263061440 kB
VmallocUsed:      105916 kB
VmallocChunk:          0 kB
Percpu:             7648 kB
CmaTotal:         294912 kB
CmaFree:               0 kB
MemTotal:       12113136 kB
MemFree:         6482368 kB
MemAvailable:    8031220 kB
Buffers:            4840 kB
Cached:          1758184 kB
SwapCached:            0 kB
Active:          1580032 kB
Inactive:        1504448 kB
Active(anon):    1328040 kB
Inactive(anon):    22940 kB
Active(file):     251992 kB
Inactive(file):  1481508 kB
Unevictable:        5616 kB
Mlocked:            5616 kB
SwapTotal:       3145724 kB
SwapFree:        3145724 kB
Dirty:               592 kB
Writeback:             0 kB
AnonPages:       1327028 kB
Mapped:           877424 kB
Shmem:             24960 kB
KReclaimable:     684056 kB
Slab:             224940 kB
SReclaimable:      75892 kB
SUnreclaim:       149048 kB
KernelStack:       48832 kB
PageTables:        68632 kB
NFS_Unstable:          0 kB
Bounce:                0 kB
WritebackTmp:          0 kB
CommitLimit:     9202292 kB
Committed_AS:   76604288 kB
VmallocTotal:   263061440 kB
VmallocUsed:      105900 kB
VmallocChunk:          0 kB
Percpu:             7648 kB
CmaTotal:         294912 kB
CmaFree:               0 kB
MemTotal:       12113136 kB
MemFree:         6482168 kB
MemAvailable:    8031052 kB
Buffers:            4840 kB
Cached:          1758216 kB
SwapCached:            0 kB
Active:          1579872 kB
Inactive:        1504476 kB
Active(anon):    1327876 kB
Inactive(anon):    22940 kB
Active(file):     251996 kB
Inactive(file):  1481536 kB
Unevictable:        5616 kB
Mlocked:            5616 kB
SwapTotal:       3145724 kB
SwapFree:        3145724 kB
Dirty:               356 kB
Writeback:             0 kB
AnonPages:       1326480 kB
Mapped:           877356 kB
Shmem:             24960 kB
KReclaimable:     684056 kB
Slab:             224972 kB
SReclaimable:      75892 kB
SUnreclaim:       149080 kB
KernelStack:       48868 kB
PageTables:        68916 kB
NFS_Unstable:          0 kB
Bounce:                0 kB
WritebackTmp:          0 kB
CommitLimit:     9202292 kB
Committed_AS:   76604332 kB
VmallocTotal:   263061440 kB
VmallocUsed:      105916 kB
VmallocChunk:          0 kB
Percpu:             7648 kB
CmaTotal:         294912 kB
CmaFree:               0 kB
MemTotal:       12113136 kB
MemFree:         6481048 kB
MemAvailable:    8029944 kB
Buffers:            4840 kB
Cached:          1758232 kB
SwapCached:            0 kB
Active:          1580588 kB
Inactive:        1504492 kB
Active(anon):    1328592 kB
Inactive(anon):    22944 kB
Active(file):     251996 kB
Inactive(file):  1481548 kB
Unevictable:        5616 kB
Mlocked:            5616 kB
SwapTotal:       3145724 kB
SwapFree:        3145724 kB
Dirty:               260 kB
Writeback:             0 kB
AnonPages:       1327512 kB
Mapped:           877308 kB
Shmem:             24964 kB
KReclaimable:     684056 kB
Slab:             225020 kB
SReclaimable:      75892 kB
SUnreclaim:       149128 kB
KernelStack:       48832 kB
PageTables:        68560 kB
NFS_Unstable:          0 kB
Bounce:                0 kB
WritebackTmp:          0 kB
CommitLimit:     9202292 kB
Committed_AS:   76604060 kB
VmallocTotal:   263061440 kB
VmallocUsed:      105900 kB
VmallocChunk:          0 kB
Percpu:             7648 kB
CmaTotal:         294912 kB
CmaFree:              84 kB
MemTotal:       12113136 kB
MemFree:         6480712 kB
MemAvailable:    8029628 kB
Buffers:            4840 kB
Cached:          1758252 kB
SwapCached:            0 kB
Active:          1581372 kB
Inactive:        1504512 kB
Active(anon):    1329376 kB
Inactive(anon):    22944 kB
Active(file):     251996 kB
Inactive(file):  1481568 kB
Unevictable:        5616 kB
Mlocked:            5616 kB
SwapTotal:       3145724 kB
SwapFree:        3145724 kB
Dirty:               296 kB
Writeback:             0 kB
AnonPages:       1328440 kB
Mapped:           877356 kB
Shmem:             24964 kB
KReclaimable:     684056 kB
Slab:             224948 kB
SReclaimable:      75892 kB
SUnreclaim:       149056 kB
KernelStack:       48836 kB
PageTables:        68468 kB
NFS_Unstable:          0 kB
Bounce:                0 kB
WritebackTmp:          0 kB
CommitLimit:     9202292 kB
Committed_AS:   76603388 kB
VmallocTotal:   263061440 kB
VmallocUsed:      105884 kB
VmallocChunk:          0 kB
Percpu:             7648 kB
CmaTotal:         294912 kB
CmaFree:               4 kB
MemTotal:       12113136 kB
MemFree:         6480540 kB
MemAvailable:    8029468 kB
Buffers:            4840 kB
Cached:          1758264 kB
SwapCached:            0 kB
Active:          1581972 kB
Inactive:        1504524 kB
Active(anon):    1329976 kB
Inactive(anon):    22944 kB
Active(file):     251996 kB
Inactive(file):  1481580 kB
Unevictable:        5616 kB
Mlocked:            5616 kB
SwapTotal:       3145724 kB
SwapFree:        3145724 kB
Dirty:               324 kB
Writeback:             0 kB
AnonPages:       1329244 kB
Mapped:           877356 kB
Shmem:             24964 kB
KReclaimable:     684056 kB
Slab:             224988 kB
SReclaimable:      75892 kB
SUnreclaim:       149096 kB
KernelStack:       48868 kB
PageTables:        68520 kB
NFS_Unstable:          0 kB
Bounce:                0 kB
WritebackTmp:          0 kB
CommitLimit:     9202292 kB
Committed_AS:   76607928 kB
VmallocTotal:   263061440 kB
VmallocUsed:      105900 kB
VmallocChunk:          0 kB
Percpu:             7648 kB
CmaTotal:         294912 kB
CmaFree:               4 kB
MemTotal:       12113136 kB
MemFree:         6490160 kB
MemAvailable:    8039096 kB
Buffers:            4844 kB
Cached:          1758268 kB
SwapCached:            0 kB
Active:          1571232 kB
Inactive:        1504528 kB
Active(anon):    1319232 kB
Inactive(anon):    22944 kB
Active(file):     252000 kB
Inactive(file):  1481584 kB
Unevictable:        5616 kB
Mlocked:            5616 kB
SwapTotal:       3145724 kB
SwapFree:        3145724 kB
Dirty:               340 kB
Writeback:             0 kB
AnonPages:       1317980 kB
Mapped:           877356 kB
Shmem:             24964 kB
KReclaimable:     684056 kB
Slab:             224988 kB
SReclaimable:      75892 kB
SUnreclaim:       149096 kB
KernelStack:       48852 kB
PageTables:        68804 kB
NFS_Unstable:          0 kB
Bounce:                0 kB
WritebackTmp:          0 kB
CommitLimit:     9202292 kB
Committed_AS:   76608792 kB
VmallocTotal:   263061440 kB
VmallocUsed:      105900 kB
VmallocChunk:          0 kB
Percpu:             7648 kB
CmaTotal:         294912 kB
CmaFree:             304 kB
MemTotal:       12113136 kB
MemFree:         6490076 kB
MemAvailable:    8039040 kB
Buffers:            4844 kB
Cached:          1758292 kB
SwapCached:            0 kB
Active:          1571524 kB
Inactive:        1504552 kB
Active(anon):    1319524 kB
Inactive(anon):    22944 kB
Active(file):     252000 kB
Inactive(file):  1481608 kB
Unevictable:        5616 kB
Mlocked:            5616 kB
SwapTotal:       3145724 kB
SwapFree:        3145724 kB
Dirty:               344 kB
Writeback:             0 kB
AnonPages:       1318424 kB
Mapped:           877428 kB
Shmem:             24964 kB
KReclaimable:     684060 kB
Slab:             225000 kB
SReclaimable:      75896 kB
SUnreclaim:       149104 kB
KernelStack:       48800 kB
PageTables:        68588 kB
NFS_Unstable:          0 kB
Bounce:                0 kB
WritebackTmp:          0 kB
CommitLimit:     9202292 kB
Committed_AS:   76609760 kB
VmallocTotal:   263061440 kB
VmallocUsed:      105884 kB
VmallocChunk:          0 kB
Percpu:             7648 kB
CmaTotal:         294912 kB
CmaFree:             144 kB
MemTotal:       12113136 kB
MemFree:         6489324 kB
MemAvailable:    8038312 kB
Buffers:            4844 kB
Cached:          1758328 kB
SwapCached:            0 kB
Active:          1572128 kB
Inactive:        1504588 kB
Active(anon):    1320128 kB
Inactive(anon):    22956 kB
Active(file):     252000 kB
Inactive(file):  1481632 kB
Unevictable:        5616 kB
Mlocked:            5616 kB
SwapTotal:       3145724 kB
SwapFree:        3145724 kB
Dirty:               372 kB
Writeback:             0 kB
AnonPages:       1318992 kB
Mapped:           877296 kB
Shmem:             24976 kB
KReclaimable:     684060 kB
Slab:             224992 kB
SReclaimable:      75896 kB
SUnreclaim:       149096 kB
KernelStack:       48868 kB
PageTables:        68596 kB
NFS_Unstable:          0 kB
Bounce:                0 kB
WritebackTmp:          0 kB
CommitLimit:     9202292 kB
Committed_AS:   76609760 kB
VmallocTotal:   263061440 kB
VmallocUsed:      105884 kB
VmallocChunk:          0 kB
Percpu:             7648 kB
CmaTotal:         294912 kB
CmaFree:              68 kB
MemTotal:       12113136 kB
MemFree:         6489004 kB
MemAvailable:    8038000 kB
Buffers:            4844 kB
Cached:          1758336 kB
SwapCached:            0 kB
Active:          1572444 kB
Inactive:        1504596 kB
Active(anon):    1320444 kB
Inactive(anon):    22956 kB
Active(file):     252000 kB
Inactive(file):  1481640 kB
Unevictable:        5616 kB
Mlocked:            5616 kB
SwapTotal:       3145724 kB
SwapFree:        3145724 kB
Dirty:               380 kB
Writeback:             0 kB
AnonPages:       1319272 kB
Mapped:           877368 kB
Shmem:             24976 kB
KReclaimable:     684060 kB
Slab:             224984 kB
SReclaimable:      75896 kB
SUnreclaim:       149088 kB
KernelStack:       48852 kB
PageTables:        68536 kB
NFS_Unstable:          0 kB
Bounce:                0 kB
WritebackTmp:          0 kB
CommitLimit:     9202292 kB
Committed_AS:   76609640 kB
VmallocTotal:   263061440 kB
VmallocUsed:      105884 kB
VmallocChunk:          0 kB
Percpu:             7648 kB
CmaTotal:         294912 kB
CmaFree:               0 kB
MemTotal:       12113136 kB
MemFree:         6487732 kB
MemAvailable:    8036744 kB
Buffers:            4844 kB
Cached:          1758352 kB
SwapCached:            0 kB
Active:          1573848 kB
Inactive:        1504612 kB
Active(anon):    1321848 kB
Inactive(anon):    22956 kB
Active(file):     252000 kB
Inactive(file):  1481656 kB
Unevictable:        5616 kB
Mlocked:            5616 kB
SwapTotal:       3145724 kB
SwapFree:        3145724 kB
Dirty:               404 kB
Writeback:             4 kB
AnonPages:       1320608 kB
Mapped:           877368 kB
Shmem:             24976 kB
KReclaimable:     684060 kB
Slab:             225024 kB
SReclaimable:      75896 kB
SUnreclaim:       149128 kB
KernelStack:       48836 kB
PageTables:        68932 kB
NFS_Unstable:          0 kB
Bounce:                0 kB
WritebackTmp:          0 kB
CommitLimit:     9202292 kB
Committed_AS:   76604280 kB
VmallocTotal:   263061440 kB
VmallocUsed:      105868 kB
VmallocChunk:          0 kB
Percpu:             7648 kB
CmaTotal:         294912 kB
CmaFree:               0 kB
MemTotal:       12113136 kB
MemFree:         6488308 kB
MemAvailable:    8037328 kB
Buffers:            4844 kB
Cached:          1758360 kB
SwapCached:            0 kB
Active:          1574100 kB
Inactive:        1504620 kB
Active(anon):    1322100 kB
Inactive(anon):    22956 kB
Active(file):     252000 kB
Inactive(file):  1481664 kB
Unevictable:        5616 kB
Mlocked:            5616 kB
SwapTotal:       3145724 kB
SwapFree:        3145724 kB
Dirty:               428 kB
Writeback:             0 kB
AnonPages:       1321032 kB
Mapped:           877368 kB
Shmem:             24976 kB
KReclaimable:     684060 kB
Slab:             224936 kB
SReclaimable:      75896 kB
SUnreclaim:       149040 kB
KernelStack:       48868 kB
PageTables:        68536 kB
NFS_Unstable:          0 kB
Bounce:                0 kB
WritebackTmp:          0 kB
CommitLimit:     9202292 kB
Committed_AS:   76609748 kB
VmallocTotal:   263061440 kB
VmallocUsed:      105884 kB
VmallocChunk:          0 kB
Percpu:             7648 kB
CmaTotal:         294912 kB
CmaFree:              12 kB
MemTotal:       12113136 kB
MemFree:         6487636 kB
MemAvailable:    8036668 kB
Buffers:            4844 kB
Cached:          1758372 kB
SwapCached:            0 kB
Active:          1574900 kB
Inactive:        1504628 kB
Active(anon):    1322896 kB
Inactive(anon):    22956 kB
Active(file):     252004 kB
Inactive(file):  1481672 kB
Unevictable:        5616 kB
Mlocked:            5616 kB
SwapTotal:       3145724 kB
SwapFree:        3145724 kB
Dirty:               444 kB
Writeback:             0 kB
AnonPages:       1321704 kB
Mapped:           877372 kB
Shmem:             24976 kB
KReclaimable:     684060 kB
Slab:             225000 kB
SReclaimable:      75896 kB
SUnreclaim:       149104 kB
KernelStack:       48868 kB
PageTables:        68540 kB
NFS_Unstable:          0 kB
Bounce:                0 kB
WritebackTmp:          0 kB
CommitLimit:     9202292 kB
Committed_AS:   76609428 kB
VmallocTotal:   263061440 kB
VmallocUsed:      105900 kB
VmallocChunk:          0 kB
Percpu:             7648 kB
CmaTotal:         294912 kB
CmaFree:               4 kB
MemTotal:       12113136 kB
MemFree:         6486676 kB
MemAvailable:    8035724 kB
Buffers:            4844 kB
Cached:          1758396 kB
SwapCached:            0 kB
Active:          1575560 kB
Inactive:        1504652 kB
Active(anon):    1323556 kB
Inactive(anon):    22964 kB
Active(file):     252004 kB
Inactive(file):  1481688 kB
Unevictable:        5616 kB
Mlocked:            5616 kB
SwapTotal:       3145724 kB
SwapFree:        3145724 kB
Dirty:               472 kB
Writeback:             0 kB
AnonPages:       1322900 kB
Mapped:           877376 kB
Shmem:             24984 kB
KReclaimable:     684060 kB
Slab:             224960 kB
SReclaimable:      75896 kB
SUnreclaim:       149064 kB
KernelStack:       48852 kB
PageTables:        68528 kB
NFS_Unstable:          0 kB
Bounce:                0 kB
WritebackTmp:          0 kB
CommitLimit:     9202292 kB
Committed_AS:   76609252 kB
VmallocTotal:   263061440 kB
VmallocUsed:      105900 kB
VmallocChunk:          0 kB
Percpu:             7648 kB
CmaTotal:         294912 kB
CmaFree:              60 kB
MemTotal:       12113136 kB
MemFree:         6461288 kB
MemAvailable:    8010344 kB
Buffers:            4844 kB
Cached:          1758116 kB
SwapCached:            0 kB
Active:          1604492 kB
Inactive:        1504892 kB
Active(anon):    1352488 kB
Inactive(anon):    23196 kB
Active(file):     252004 kB
Inactive(file):  1481696 kB
Unevictable:        5616 kB
Mlocked:            5616 kB
SwapTotal:       3145724 kB
SwapFree:        3145724 kB
Dirty:               480 kB
Writeback:             0 kB
AnonPages:       1351532 kB
Mapped:           877536 kB
Shmem:             24696 kB
KReclaimable:     684060 kB
Slab:             225000 kB
SReclaimable:      75896 kB
SUnreclaim:       149104 kB
KernelStack:       48836 kB
PageTables:        68756 kB
NFS_Unstable:          0 kB
Bounce:                0 kB
WritebackTmp:          0 kB
CommitLimit:     9202292 kB
Committed_AS:   76605272 kB
VmallocTotal:   263061440 kB
VmallocUsed:      105884 kB
VmallocChunk:          0 kB
Percpu:             7648 kB
CmaTotal:         294912 kB
CmaFree:               0 kB
MemTotal:       12113136 kB
MemFree:         6459376 kB
MemAvailable:    8008444 kB
Buffers:            4844 kB
Cached:          1758416 kB
SwapCached:            0 kB
Active:          1604548 kB
Inactive:        1504672 kB
Active(anon):    1352544 kB
Inactive(anon):    22964 kB
Active(file):     252004 kB
Inactive(file):  1481708 kB
Unevictable:        5616 kB
Mlocked:            5616 kB
SwapTotal:       3145724 kB
SwapFree:        3145724 kB
Dirty:               492 kB
Writeback:             0 kB
AnonPages:       1351584 kB
Mapped:           877376 kB
Shmem:             24984 kB
KReclaimable:     684060 kB
Slab:             224992 kB
SReclaimable:      75896 kB
SUnreclaim:       149096 kB
KernelStack:       48784 kB
PageTables:        68536 kB
NFS_Unstable:          0 kB
Bounce:                0 kB
WritebackTmp:          0 kB
CommitLimit:     9202292 kB
Committed_AS:   76603840 kB
VmallocTotal:   263061440 kB
VmallocUsed:      105900 kB
VmallocChunk:          0 kB
Percpu:             7648 kB
CmaTotal:         294912 kB
CmaFree:               0 kB
MemTotal:       12113136 kB
MemFree:         6456728 kB
MemAvailable:    8005824 kB
Buffers:            4844 kB
Cached:          1758452 kB
SwapCached:            0 kB
Active:          1607312 kB
Inactive:        1504708 kB
Active(anon):    1355308 kB
Inactive(anon):    22972 kB
Active(file):     252004 kB
Inactive(file):  1481736 kB
Unevictable:        5616 kB
Mlocked:            5616 kB
SwapTotal:       3145724 kB
SwapFree:        3145724 kB
Dirty:               564 kB
Writeback:             0 kB
AnonPages:       1354692 kB
Mapped:           877316 kB
Shmem:             24992 kB
KReclaimable:     684060 kB
Slab:             225008 kB
SReclaimable:      75896 kB
SUnreclaim:       149112 kB
KernelStack:       48868 kB
PageTables:        68512 kB
NFS_Unstable:          0 kB
Bounce:                0 kB
WritebackTmp:          0 kB
CommitLimit:     9202292 kB
Committed_AS:   76608652 kB
VmallocTotal:   263061440 kB
VmallocUsed:      105900 kB
VmallocChunk:          0 kB
Percpu:             7648 kB
CmaTotal:         294912 kB
CmaFree:               0 kB
MemTotal:       12113136 kB
MemFree:         6455744 kB
MemAvailable:    8004848 kB
Buffers:            4844 kB
Cached:          1758484 kB
SwapCached:            0 kB
Active:          1606488 kB
Inactive:        1504740 kB
Active(anon):    1354484 kB
Inactive(anon):    22996 kB
Active(file):     252004 kB
Inactive(file):  1481744 kB
Unevictable:        5616 kB
Mlocked:            5616 kB
SwapTotal:       3145724 kB
SwapFree:        3145724 kB
Dirty:               580 kB
Writeback:             0 kB
AnonPages:       1353656 kB
Mapped:           877496 kB
Shmem:             25016 kB
KReclaimable:     684060 kB
Slab:             225136 kB
SReclaimable:      75896 kB
SUnreclaim:       149240 kB
KernelStack:       48864 kB
PageTables:        68688 kB
NFS_Unstable:          0 kB
Bounce:                0 kB
WritebackTmp:          0 kB
CommitLimit:     9202292 kB
Committed_AS:   76615632 kB
VmallocTotal:   263061440 kB
VmallocUsed:      105900 kB
VmallocChunk:          0 kB
Percpu:             7648 kB
CmaTotal:         294912 kB
CmaFree:               4 kB
MemTotal:       12113136 kB
MemFree:         6455892 kB
MemAvailable:    8005008 kB
Buffers:            4844 kB
Cached:          1758472 kB
SwapCached:            0 kB
Active:          1607076 kB
Inactive:        1504728 kB
Active(anon):    1355072 kB
Inactive(anon):    22972 kB
Active(file):     252004 kB
Inactive(file):  1481756 kB
Unevictable:        5616 kB
Mlocked:            5616 kB
SwapTotal:       3145724 kB
SwapFree:        3145724 kB
Dirty:               620 kB
Writeback:             0 kB
AnonPages:       1354252 kB
Mapped:           877332 kB
Shmem:             24992 kB
KReclaimable:     684060 kB
Slab:             224984 kB
SReclaimable:      75896 kB
SUnreclaim:       149088 kB
KernelStack:       48804 kB
PageTables:        68804 kB
NFS_Unstable:          0 kB
Bounce:                0 kB
WritebackTmp:          0 kB
CommitLimit:     9202292 kB
Committed_AS:   76608280 kB
VmallocTotal:   263061440 kB
VmallocUsed:      105932 kB
VmallocChunk:          0 kB
Percpu:             7648 kB
CmaTotal:         294912 kB
CmaFree:               0 kB
MemTotal:       12113136 kB
MemFree:         6456064 kB
MemAvailable:    8005196 kB
Buffers:            4844 kB
Cached:          1758488 kB
SwapCached:            0 kB
Active:          1607928 kB
Inactive:        1504744 kB
Active(anon):    1355924 kB
Inactive(anon):    22972 kB
Active(file):     252004 kB
Inactive(file):  1481772 kB
Unevictable:        5616 kB
Mlocked:            5616 kB
SwapTotal:       3145724 kB
SwapFree:        3145724 kB
Dirty:               652 kB
Writeback:             0 kB
AnonPages:       1354772 kB
Mapped:           877400 kB
Shmem:             24992 kB
KReclaimable:     684060 kB
Slab:             224976 kB
SReclaimable:      75896 kB
SUnreclaim:       149080 kB
KernelStack:       48852 kB
PageTables:        68524 kB
NFS_Unstable:          0 kB
Bounce:                0 kB
WritebackTmp:          0 kB
CommitLimit:     9202292 kB
Committed_AS:   76604160 kB
VmallocTotal:   263061440 kB
VmallocUsed:      105916 kB
VmallocChunk:          0 kB
Percpu:             7648 kB
CmaTotal:         294912 kB
CmaFree:               0 kB
MemTotal:       12113136 kB
MemFree:         6454296 kB
MemAvailable:    8003468 kB
Buffers:            4844 kB
Cached:          1758528 kB
SwapCached:            0 kB
Active:          1608852 kB
Inactive:        1504780 kB
Active(anon):    1356844 kB
Inactive(anon):    22972 kB
Active(file):     252008 kB
Inactive(file):  1481808 kB
Unevictable:        5616 kB
Mlocked:            5616 kB
SwapTotal:       3145724 kB
SwapFree:        3145724 kB
Dirty:               676 kB
Writeback:             0 kB
AnonPages:       1355856 kB
Mapped:           877404 kB
Shmem:             24992 kB
KReclaimable:     684060 kB
Slab:             224996 kB
SReclaimable:      75896 kB
SUnreclaim:       149100 kB
KernelStack:       48868 kB
PageTables:        68924 kB
NFS_Unstable:          0 kB
Bounce:                0 kB
WritebackTmp:          0 kB
CommitLimit:     9202292 kB
Committed_AS:   76605520 kB
VmallocTotal:   263061440 kB
VmallocUsed:      105900 kB
VmallocChunk:          0 kB
Percpu:             7648 kB
CmaTotal:         294912 kB
CmaFree:               0 kB
MemTotal:       12113136 kB
MemFree:         6455760 kB
MemAvailable:    8004924 kB
Buffers:            4848 kB
Cached:          1758516 kB
SwapCached:            0 kB
Active:          1605516 kB
Inactive:        1504776 kB
Active(anon):    1353512 kB
Inactive(anon):    22972 kB
Active(file):     252004 kB
Inactive(file):  1481804 kB
Unevictable:        5616 kB
Mlocked:            5616 kB
SwapTotal:       3145724 kB
SwapFree:        3145724 kB
Dirty:               692 kB
Writeback:             0 kB
AnonPages:       1352580 kB
Mapped:           877472 kB
Shmem:             24992 kB
KReclaimable:     684060 kB
Slab:             224956 kB
SReclaimable:      75896 kB
SUnreclaim:       149060 kB
KernelStack:       48868 kB
PageTables:        68592 kB
NFS_Unstable:          0 kB
Bounce:                0 kB
WritebackTmp:          0 kB
CommitLimit:     9202292 kB
Committed_AS:   76609636 kB
VmallocTotal:   263061440 kB
VmallocUsed:      105916 kB
VmallocChunk:          0 kB
Percpu:             7648 kB
CmaTotal:         294912 kB
CmaFree:              92 kB
MemTotal:       12113136 kB
MemFree:         6454460 kB
MemAvailable:    8003640 kB
Buffers:            4848 kB
Cached:          1758532 kB
SwapCached:            0 kB
Active:          1606392 kB
Inactive:        1504788 kB
Active(anon):    1354384 kB
Inactive(anon):    22972 kB
Active(file):     252008 kB
Inactive(file):  1481816 kB
Unevictable:        5616 kB
Mlocked:            5616 kB
SwapTotal:       3145724 kB
SwapFree:        3145724 kB
Dirty:               656 kB
Writeback:             0 kB
AnonPages:       1353416 kB
Mapped:           877328 kB
Shmem:             24992 kB
KReclaimable:     684060 kB
Slab:             224956 kB
SReclaimable:      75896 kB
SUnreclaim:       149060 kB
KernelStack:       48836 kB
PageTables:        68852 kB
NFS_Unstable:          0 kB
Bounce:                0 kB
WritebackTmp:          0 kB
CommitLimit:     9202292 kB
Committed_AS:   76609816 kB
VmallocTotal:   263061440 kB
VmallocUsed:      105932 kB
VmallocChunk:          0 kB
Percpu:             7648 kB
CmaTotal:         294912 kB
CmaFree:             216 kB
MemTotal:       12113136 kB
MemFree:         6455288 kB
MemAvailable:    8004492 kB
Buffers:            4848 kB
Cached:          1758564 kB
SwapCached:            0 kB
Active:          1607136 kB
Inactive:        1504820 kB
Active(anon):    1355128 kB
Inactive(anon):    22980 kB
Active(file):     252008 kB
Inactive(file):  1481840 kB
Unevictable:        5616 kB
Mlocked:            5616 kB
SwapTotal:       3145724 kB
SwapFree:        3145724 kB
Dirty:               692 kB
Writeback:             0 kB
AnonPages:       1354060 kB
Mapped:           877408 kB
Shmem:             25000 kB
KReclaimable:     684060 kB
Slab:             224932 kB
SReclaimable:      75896 kB
SUnreclaim:       149036 kB
KernelStack:       48816 kB
PageTables:        68584 kB
NFS_Unstable:          0 kB
Bounce:                0 kB
WritebackTmp:          0 kB
CommitLimit:     9202292 kB
Committed_AS:   76604556 kB
VmallocTotal:   263061440 kB
VmallocUsed:      105884 kB
VmallocChunk:          0 kB
Percpu:             7648 kB
CmaTotal:         294912 kB
CmaFree:               0 kB
MemTotal:       12113136 kB
MemFree:         6453480 kB
MemAvailable:    8002692 kB
Buffers:            4848 kB
Cached:          1758572 kB
SwapCached:            0 kB
Active:          1607576 kB
Inactive:        1504828 kB
Active(anon):    1355568 kB
Inactive(anon):    22980 kB
Active(file):     252008 kB
Inactive(file):  1481848 kB
Unevictable:        5616 kB
Mlocked:            5616 kB
SwapTotal:       3145724 kB
SwapFree:        3145724 kB
Dirty:               704 kB
Writeback:             0 kB
AnonPages:       1354544 kB
Mapped:           877412 kB
Shmem:             25000 kB
KReclaimable:     684060 kB
Slab:             224948 kB
SReclaimable:      75896 kB
SUnreclaim:       149052 kB
KernelStack:       48868 kB
PageTables:        68920 kB
NFS_Unstable:          0 kB
Bounce:                0 kB
WritebackTmp:          0 kB
CommitLimit:     9202292 kB
Committed_AS:   76609808 kB
VmallocTotal:   263061440 kB
VmallocUsed:      105884 kB
VmallocChunk:          0 kB
Percpu:             7648 kB
CmaTotal:         294912 kB
CmaFree:               0 kB
MemTotal:       12113136 kB
MemFree:         6453664 kB
MemAvailable:    8002880 kB
Buffers:            4848 kB
Cached:          1758576 kB
SwapCached:            0 kB
Active:          1608276 kB
Inactive:        1504832 kB
Active(anon):    1356268 kB
Inactive(anon):    22980 kB
Active(file):     252008 kB
Inactive(file):  1481852 kB
Unevictable:        5616 kB
Mlocked:            5616 kB
SwapTotal:       3145724 kB
SwapFree:        3145724 kB
Dirty:               720 kB
Writeback:             0 kB
AnonPages:       1355316 kB
Mapped:           877456 kB
Shmem:             25000 kB
KReclaimable:     684060 kB
Slab:             224948 kB
SReclaimable:      75896 kB
SUnreclaim:       149052 kB
KernelStack:       48848 kB
PageTables:        68612 kB
NFS_Unstable:          0 kB
Bounce:                0 kB
WritebackTmp:          0 kB
CommitLimit:     9202292 kB
Committed_AS:   76609560 kB
VmallocTotal:   263061440 kB
VmallocUsed:      105916 kB
VmallocChunk:          0 kB
Percpu:             7648 kB
CmaTotal:         294912 kB
CmaFree:               0 kB
MemTotal:       12113136 kB
MemFree:         6453760 kB
MemAvailable:    8003000 kB
Buffers:            4848 kB
Cached:          1758600 kB
SwapCached:            0 kB
Active:          1608876 kB
Inactive:        1504856 kB
Active(anon):    1356868 kB
Inactive(anon):    22980 kB
Active(file):     252008 kB
Inactive(file):  1481876 kB
Unevictable:        5616 kB
Mlocked:            5616 kB
SwapTotal:       3145724 kB
SwapFree:        3145724 kB
Dirty:               748 kB
Writeback:             0 kB
AnonPages:       1355740 kB
Mapped:           877516 kB
Shmem:             25000 kB
KReclaimable:     684060 kB
Slab:             224980 kB
SReclaimable:      75896 kB
SUnreclaim:       149084 kB
KernelStack:       48800 kB
PageTables:        68588 kB
NFS_Unstable:          0 kB
Bounce:                0 kB
WritebackTmp:          0 kB
CommitLimit:     9202292 kB
Committed_AS:   76609988 kB
VmallocTotal:   263061440 kB
VmallocUsed:      105900 kB
VmallocChunk:          0 kB
Percpu:             7648 kB
CmaTotal:         294912 kB
CmaFree:               0 kB
MemTotal:       12113136 kB
MemFree:         6453628 kB
MemAvailable:    8002872 kB
Buffers:            4848 kB
Cached:          1758604 kB
SwapCached:            0 kB
Active:          1610224 kB
Inactive:        1504860 kB
Active(anon):    1358216 kB
Inactive(anon):    22980 kB
Active(file):     252008 kB
Inactive(file):  1481880 kB
Unevictable:        5616 kB
Mlocked:            5616 kB
SwapTotal:       3145724 kB
SwapFree:        3145724 kB
Dirty:               760 kB
Writeback:             0 kB
AnonPages:       1357060 kB
Mapped:           877408 kB
Shmem:             25000 kB
KReclaimable:     684060 kB
Slab:             224932 kB
SReclaimable:      75896 kB
SUnreclaim:       149036 kB
KernelStack:       48800 kB
PageTables:        68528 kB
NFS_Unstable:          0 kB
Bounce:                0 kB
WritebackTmp:          0 kB
CommitLimit:     9202292 kB
Committed_AS:   76609384 kB
VmallocTotal:   263061440 kB
VmallocUsed:      105916 kB
VmallocChunk:          0 kB
Percpu:             7648 kB
CmaTotal:         294912 kB
CmaFree:               0 kB
MemTotal:       12113136 kB
MemFree:         6453556 kB
MemAvailable:    8002816 kB
Buffers:            4848 kB
Cached:          1758620 kB
SwapCached:            0 kB
Active:          1609772 kB
Inactive:        1504876 kB
Active(anon):    1357764 kB
Inactive(anon):    22980 kB
Active(file):     252008 kB
Inactive(file):  1481896 kB
Unevictable:        5616 kB
Mlocked:            5616 kB
SwapTotal:       3145724 kB
SwapFree:        3145724 kB
Dirty:               828 kB
Writeback:             0 kB
AnonPages:       1356824 kB
Mapped:           877412 kB
Shmem:             25000 kB
KReclaimable:     684060 kB
Slab:             224972 kB
SReclaimable:      75896 kB
SUnreclaim:       149076 kB
KernelStack:       48832 kB
PageTables:        68532 kB
NFS_Unstable:          0 kB
Bounce:                0 kB
WritebackTmp:          0 kB
CommitLimit:     9202292 kB
Committed_AS:   76603724 kB
VmallocTotal:   263061440 kB
VmallocUsed:      105868 kB
VmallocChunk:          0 kB
Percpu:             7648 kB
CmaTotal:         294912 kB
CmaFree:              28 kB
MemTotal:       12113136 kB
MemFree:         6451716 kB
MemAvailable:    8000988 kB
Buffers:            4848 kB
Cached:          1758632 kB
SwapCached:            0 kB
Active:          1610240 kB
Inactive:        1504888 kB
Active(anon):    1358232 kB
Inactive(anon):    22980 kB
Active(file):     252008 kB
Inactive(file):  1481908 kB
Unevictable:        5616 kB
Mlocked:            5616 kB
SwapTotal:       3145724 kB
SwapFree:        3145724 kB
Dirty:               848 kB
Writeback:             0 kB
AnonPages:       1357156 kB
Mapped:           877408 kB
Shmem:             25000 kB
KReclaimable:     684060 kB
Slab:             224900 kB
SReclaimable:      75896 kB
SUnreclaim:       149004 kB
KernelStack:       48868 kB
PageTables:        68656 kB
NFS_Unstable:          0 kB
Bounce:                0 kB
WritebackTmp:          0 kB
CommitLimit:     9202292 kB
Committed_AS:   76604644 kB
VmallocTotal:   263061440 kB
VmallocUsed:      105884 kB
VmallocChunk:          0 kB
Percpu:             7648 kB
CmaTotal:         294912 kB
CmaFree:               0 kB
MemTotal:       12113136 kB
MemFree:         6451396 kB
MemAvailable:    8000680 kB
Buffers:            4848 kB
Cached:          1758644 kB
SwapCached:            0 kB
Active:          1610684 kB
Inactive:        1504900 kB
Active(anon):    1358676 kB
Inactive(anon):    22980 kB
Active(file):     252008 kB
Inactive(file):  1481920 kB
Unevictable:        5616 kB
Mlocked:            5616 kB
SwapTotal:       3145724 kB
SwapFree:        3145724 kB
Dirty:               856 kB
Writeback:             0 kB
AnonPages:       1357632 kB
Mapped:           877480 kB
Shmem:             25000 kB
KReclaimable:     684060 kB
Slab:             224972 kB
SReclaimable:      75896 kB
SUnreclaim:       149076 kB
KernelStack:       48868 kB
PageTables:        68556 kB
NFS_Unstable:          0 kB
Bounce:                0 kB
WritebackTmp:          0 kB
CommitLimit:     9202292 kB
Committed_AS:   76599836 kB
VmallocTotal:   263061440 kB
VmallocUsed:      105868 kB
VmallocChunk:          0 kB
Percpu:             7648 kB
CmaTotal:         294912 kB
CmaFree:               4 kB
MemTotal:       12113136 kB
MemFree:         6451936 kB
MemAvailable:    8001240 kB
Buffers:            4848 kB
Cached:          1758664 kB
SwapCached:            0 kB
Active:          1611960 kB
Inactive:        1504920 kB
Active(anon):    1359952 kB
Inactive(anon):    22980 kB
Active(file):     252008 kB
Inactive(file):  1481940 kB
Unevictable:        5616 kB
Mlocked:            5616 kB
SwapTotal:       3145724 kB
SwapFree:        3145724 kB
Dirty:               896 kB
Writeback:             0 kB
AnonPages:       1359116 kB
Mapped:           877292 kB
Shmem:             25000 kB
KReclaimable:     684060 kB
Slab:             224916 kB
SReclaimable:      75896 kB
SUnreclaim:       149020 kB
KernelStack:       48848 kB
PageTables:        68664 kB
NFS_Unstable:          0 kB
Bounce:                0 kB
WritebackTmp:          0 kB
CommitLimit:     9202292 kB
Committed_AS:   76599272 kB
VmallocTotal:   263061440 kB
VmallocUsed:      105852 kB
VmallocChunk:          0 kB
Percpu:             7648 kB
CmaTotal:         294912 kB
CmaFree:               0 kB
MemTotal:       12113136 kB
MemFree:         6461808 kB
MemAvailable:    8011132 kB
Buffers:            4848 kB
Cached:          1758684 kB
SwapCached:            0 kB
Active:          1601236 kB
Inactive:        1504936 kB
Active(anon):    1349224 kB
Inactive(anon):    22980 kB
Active(file):     252012 kB
Inactive(file):  1481956 kB
Unevictable:        5616 kB
Mlocked:            5616 kB
SwapTotal:       3145724 kB
SwapFree:        3145724 kB
Dirty:               744 kB
Writeback:             0 kB
AnonPages:       1348100 kB
Mapped:           877100 kB
Shmem:             25000 kB
KReclaimable:     684060 kB
Slab:             224964 kB
SReclaimable:      75896 kB
SUnreclaim:       149068 kB
KernelStack:       48832 kB
PageTables:        68616 kB
NFS_Unstable:          0 kB
Bounce:                0 kB
WritebackTmp:          0 kB
CommitLimit:     9202292 kB
Committed_AS:   76604548 kB
VmallocTotal:   263061440 kB
VmallocUsed:      105868 kB
VmallocChunk:          0 kB
Percpu:             7648 kB
CmaTotal:         294912 kB
CmaFree:             128 kB
MemTotal:       12113136 kB
MemFree:         6486340 kB
MemAvailable:    8035668 kB
Buffers:            4848 kB
Cached:          1758688 kB
SwapCached:            0 kB
Active:          1574680 kB
Inactive:        1504944 kB
Active(anon):    1322672 kB
Inactive(anon):    22980 kB
Active(file):     252008 kB
Inactive(file):  1481964 kB
Unevictable:        5616 kB
Mlocked:            5616 kB
SwapTotal:       3145724 kB
SwapFree:        3145724 kB
Dirty:               780 kB
Writeback:             0 kB
AnonPages:       1321408 kB
Mapped:           877260 kB
Shmem:             25000 kB
KReclaimable:     684060 kB
Slab:             224980 kB
SReclaimable:      75896 kB
SUnreclaim:       149084 kB
KernelStack:       48868 kB
PageTables:        68948 kB
NFS_Unstable:          0 kB
Bounce:                0 kB
WritebackTmp:          0 kB
CommitLimit:     9202292 kB
Committed_AS:   76606104 kB
VmallocTotal:   263061440 kB
VmallocUsed:      105900 kB
VmallocChunk:          0 kB
Percpu:             7648 kB
CmaTotal:         294912 kB
CmaFree:             124 kB
MemTotal:       12113136 kB
MemFree:         6486264 kB
MemAvailable:    8035600 kB
Buffers:            4848 kB
Cached:          1758700 kB
SwapCached:            0 kB
Active:          1575660 kB
Inactive:        1504956 kB
Active(anon):    1323652 kB
Inactive(anon):    22984 kB
Active(file):     252008 kB
Inactive(file):  1481972 kB
Unevictable:        5616 kB
Mlocked:            5616 kB
SwapTotal:       3145724 kB
SwapFree:        3145724 kB
Dirty:               860 kB
Writeback:             0 kB
AnonPages:       1322472 kB
Mapped:           877412 kB
Shmem:             25004 kB
KReclaimable:     684060 kB
Slab:             224988 kB
SReclaimable:      75896 kB
SUnreclaim:       149092 kB
KernelStack:       48836 kB
PageTables:        68872 kB
NFS_Unstable:          0 kB
Bounce:                0 kB
WritebackTmp:          0 kB
CommitLimit:     9202292 kB
Committed_AS:   76603988 kB
VmallocTotal:   263061440 kB
VmallocUsed:      105932 kB
VmallocChunk:          0 kB
Percpu:             7648 kB
CmaTotal:         294912 kB
CmaFree:              12 kB
MemTotal:       12113136 kB
MemFree:         6486400 kB
MemAvailable:    8035752 kB
Buffers:            4848 kB
Cached:          1758716 kB
SwapCached:            0 kB
Active:          1576328 kB
Inactive:        1504972 kB
Active(anon):    1324320 kB
Inactive(anon):    22984 kB
Active(file):     252008 kB
Inactive(file):  1481988 kB
Unevictable:        5616 kB
Mlocked:            5616 kB
SwapTotal:       3145724 kB
SwapFree:        3145724 kB
Dirty:               880 kB
Writeback:             0 kB
AnonPages:       1323160 kB
Mapped:           877252 kB
Shmem:             25004 kB
KReclaimable:     684060 kB
Slab:             224980 kB
SReclaimable:      75896 kB
SUnreclaim:       149084 kB
KernelStack:       48800 kB
PageTables:        68580 kB
NFS_Unstable:          0 kB
Bounce:                0 kB
WritebackTmp:          0 kB
CommitLimit:     9202292 kB
Committed_AS:   76603676 kB
VmallocTotal:   263061440 kB
VmallocUsed:      105916 kB
VmallocChunk:          0 kB
Percpu:             7648 kB
CmaTotal:         294912 kB
CmaFree:               4 kB
MemTotal:       12113136 kB
MemFree:         6485632 kB
MemAvailable:    8035004 kB
Buffers:            4852 kB
Cached:          1758732 kB
SwapCached:            0 kB
Active:          1576684 kB
Inactive:        1504988 kB
Active(anon):    1324672 kB
Inactive(anon):    22984 kB
Active(file):     252012 kB
Inactive(file):  1482004 kB
Unevictable:        5616 kB
Mlocked:            5616 kB
SwapTotal:       3145724 kB
SwapFree:        3145724 kB
Dirty:               900 kB
Writeback:             0 kB
AnonPages:       1323704 kB
Mapped:           877344 kB
Shmem:             25004 kB
KReclaimable:     684060 kB
Slab:             224972 kB
SReclaimable:      75896 kB
SUnreclaim:       149076 kB
KernelStack:       48836 kB
PageTables:        68884 kB
NFS_Unstable:          0 kB
Bounce:                0 kB
WritebackTmp:          0 kB
CommitLimit:     9202292 kB
Committed_AS:   76604536 kB
VmallocTotal:   263061440 kB
VmallocUsed:      105916 kB
VmallocChunk:          0 kB
Percpu:             7648 kB
CmaTotal:         294912 kB
CmaFree:               0 kB
MemTotal:       12113136 kB
MemFree:         6484388 kB
MemAvailable:    8033788 kB
Buffers:            4852 kB
Cached:          1758760 kB
SwapCached:            0 kB
Active:          1577772 kB
Inactive:        1505016 kB
Active(anon):    1325760 kB
Inactive(anon):    22984 kB
Active(file):     252012 kB
Inactive(file):  1482032 kB
Unevictable:        5616 kB
Mlocked:            5616 kB
SwapTotal:       3145724 kB
SwapFree:        3145724 kB
Dirty:               364 kB
Writeback:             0 kB
AnonPages:       1324692 kB
Mapped:           877480 kB
Shmem:             25004 kB
KReclaimable:     684060 kB
Slab:             224956 kB
SReclaimable:      75896 kB
SUnreclaim:       149060 kB
KernelStack:       48816 kB
PageTables:        68620 kB
NFS_Unstable:          0 kB
Bounce:                0 kB
WritebackTmp:          0 kB
CommitLimit:     9202292 kB
Committed_AS:   76604592 kB
VmallocTotal:   263061440 kB
VmallocUsed:      105916 kB
VmallocChunk:          0 kB
Percpu:             7648 kB
CmaTotal:         294912 kB
CmaFree:               0 kB
MemTotal:       12113136 kB
MemFree:         6483660 kB
MemAvailable:    8032968 kB
Buffers:            4852 kB
Cached:          1758764 kB
SwapCached:            0 kB
Active:          1578540 kB
Inactive:        1505024 kB
Active(anon):    1326532 kB
Inactive(anon):    22984 kB
Active(file):     252008 kB
Inactive(file):  1482040 kB
Unevictable:        5616 kB
Mlocked:            5616 kB
SwapTotal:       3145724 kB
SwapFree:        3145724 kB
Dirty:               256 kB
Writeback:             0 kB
AnonPages:       1325508 kB
Mapped:           877284 kB
Shmem:             25004 kB
KReclaimable:     684060 kB
Slab:             224948 kB
SReclaimable:      75896 kB
SUnreclaim:       149052 kB
KernelStack:       48816 kB
PageTables:        68700 kB
NFS_Unstable:          0 kB
Bounce:                0 kB
WritebackTmp:          0 kB
CommitLimit:     9202292 kB
Committed_AS:   76604240 kB
VmallocTotal:   263061440 kB
VmallocUsed:      105916 kB
VmallocChunk:          0 kB
Percpu:             7648 kB
CmaTotal:         294912 kB
CmaFree:               0 kB
MemTotal:       12113136 kB
MemFree:         6482008 kB
MemAvailable:    8031428 kB
Buffers:            4852 kB
Cached:          1758780 kB
SwapCached:            0 kB
Active:          1579440 kB
Inactive:        1505040 kB
Active(anon):    1327432 kB
Inactive(anon):    22984 kB
Active(file):     252008 kB
Inactive(file):  1482056 kB
Unevictable:        5616 kB
Mlocked:            5616 kB
SwapTotal:       3145724 kB
SwapFree:        3145724 kB
Dirty:               300 kB
Writeback:             0 kB
AnonPages:       1326180 kB
Mapped:           877484 kB
Shmem:             25004 kB
KReclaimable:     684060 kB
Slab:             224932 kB
SReclaimable:      75896 kB
SUnreclaim:       149036 kB
KernelStack:       48816 kB
PageTables:        68600 kB
NFS_Unstable:          0 kB
Bounce:                0 kB
WritebackTmp:          0 kB
CommitLimit:     9202292 kB
Committed_AS:   76604456 kB
VmallocTotal:   263061440 kB
VmallocUsed:      105868 kB
VmallocChunk:          0 kB
Percpu:             7648 kB
CmaTotal:         294912 kB
CmaFree:               0 kB
MemTotal:       12113136 kB
MemFree:         6481224 kB
MemAvailable:    8030652 kB
Buffers:            4852 kB
Cached:          1758804 kB
SwapCached:            0 kB
Active:          1580540 kB
Inactive:        1505064 kB
Active(anon):    1328532 kB
Inactive(anon):    23000 kB
Active(file):     252008 kB
Inactive(file):  1482064 kB
Unevictable:        5616 kB
Mlocked:            5616 kB
SwapTotal:       3145724 kB
SwapFree:        3145724 kB
Dirty:               332 kB
Writeback:             0 kB
AnonPages:       1327312 kB
Mapped:           877428 kB
Shmem:             25020 kB
KReclaimable:     684060 kB
Slab:             224948 kB
SReclaimable:      75896 kB
SUnreclaim:       149052 kB
KernelStack:       48836 kB
PageTables:        68804 kB
NFS_Unstable:          0 kB
Bounce:                0 kB
WritebackTmp:          0 kB
CommitLimit:     9202292 kB
Committed_AS:   76605304 kB
VmallocTotal:   263061440 kB
VmallocUsed:      105900 kB
VmallocChunk:          0 kB
Percpu:             7648 kB
CmaTotal:         294912 kB
CmaFree:               0 kB
MemTotal:       12113136 kB
MemFree:         6480612 kB
MemAvailable:    8030056 kB
Buffers:            4852 kB
Cached:          1758824 kB
SwapCached:            0 kB
Active:          1580888 kB
Inactive:        1505084 kB
Active(anon):    1328880 kB
Inactive(anon):    23004 kB
Active(file):     252008 kB
Inactive(file):  1482080 kB
Unevictable:        5616 kB
Mlocked:            5616 kB
SwapTotal:       3145724 kB
SwapFree:        3145724 kB
Dirty:               360 kB
Writeback:             0 kB
AnonPages:       1327788 kB
Mapped:           877504 kB
Shmem:             25024 kB
KReclaimable:     684060 kB
Slab:             224844 kB
SReclaimable:      75896 kB
SUnreclaim:       148948 kB
KernelStack:       48868 kB
PageTables:        68600 kB
NFS_Unstable:          0 kB
Bounce:                0 kB
WritebackTmp:          0 kB
CommitLimit:     9202292 kB
Committed_AS:   76609720 kB
VmallocTotal:   263061440 kB
VmallocUsed:      105916 kB
VmallocChunk:          0 kB
Percpu:             7648 kB
CmaTotal:         294912 kB
CmaFree:               0 kB
MemTotal:       12113136 kB
MemFree:         6479484 kB
MemAvailable:    8028940 kB
Buffers:            4852 kB
Cached:          1758840 kB
SwapCached:            0 kB
Active:          1581684 kB
Inactive:        1505100 kB
Active(anon):    1329676 kB
Inactive(anon):    23008 kB
Active(file):     252008 kB
Inactive(file):  1482092 kB
Unevictable:        5616 kB
Mlocked:            5616 kB
SwapTotal:       3145724 kB
SwapFree:        3145724 kB
Dirty:               372 kB
Writeback:             0 kB
AnonPages:       1328716 kB
Mapped:           877368 kB
Shmem:             25028 kB
KReclaimable:     684060 kB
Slab:             224972 kB
SReclaimable:      75896 kB
SUnreclaim:       149076 kB
KernelStack:       48836 kB
PageTables:        68476 kB
NFS_Unstable:          0 kB
Bounce:                0 kB
WritebackTmp:          0 kB
CommitLimit:     9202292 kB
Committed_AS:   76604408 kB
VmallocTotal:   263061440 kB
VmallocUsed:      105868 kB
VmallocChunk:          0 kB
Percpu:             7648 kB
CmaTotal:         294912 kB
CmaFree:               0 kB
MemTotal:       12113136 kB
MemFree:         6479116 kB
MemAvailable:    8028580 kB
Buffers:            4852 kB
Cached:          1758848 kB
SwapCached:            0 kB
Active:          1582792 kB
Inactive:        1505108 kB
Active(anon):    1330784 kB
Inactive(anon):    23008 kB
Active(file):     252008 kB
Inactive(file):  1482100 kB
Unevictable:        5616 kB
Mlocked:            5616 kB
SwapTotal:       3145724 kB
SwapFree:        3145724 kB
Dirty:               396 kB
Writeback:             0 kB
AnonPages:       1329792 kB
Mapped:           877504 kB
Shmem:             25028 kB
KReclaimable:     684060 kB
Slab:             224908 kB
SReclaimable:      75896 kB
SUnreclaim:       149012 kB
KernelStack:       48868 kB
PageTables:        68596 kB
NFS_Unstable:          0 kB
Bounce:                0 kB
WritebackTmp:          0 kB
CommitLimit:     9202292 kB
Committed_AS:   76609764 kB
VmallocTotal:   263061440 kB
VmallocUsed:      105868 kB
VmallocChunk:          0 kB
Percpu:             7648 kB
CmaTotal:         294912 kB
CmaFree:               0 kB
MemTotal:       12113136 kB
MemFree:         6478892 kB
MemAvailable:    8028364 kB
Buffers:            4852 kB
Cached:          1758860 kB
SwapCached:            0 kB
Active:          1583400 kB
Inactive:        1505116 kB
Active(anon):    1331392 kB
Inactive(anon):    23008 kB
Active(file):     252008 kB
Inactive(file):  1482108 kB
Unevictable:        5616 kB
Mlocked:            5616 kB
SwapTotal:       3145724 kB
SwapFree:        3145724 kB
Dirty:               408 kB
Writeback:             0 kB
AnonPages:       1330264 kB
Mapped:           877460 kB
Shmem:             25028 kB
KReclaimable:     684060 kB
Slab:             224956 kB
SReclaimable:      75896 kB
SUnreclaim:       149060 kB
KernelStack:       48816 kB
PageTables:        68596 kB
NFS_Unstable:          0 kB
Bounce:                0 kB
WritebackTmp:          0 kB
CommitLimit:     9202292 kB
Committed_AS:   76609596 kB
VmallocTotal:   263061440 kB
VmallocUsed:      105884 kB
VmallocChunk:          0 kB
Percpu:             7648 kB
CmaTotal:         294912 kB
CmaFree:               0 kB
MemTotal:       12113136 kB
MemFree:         6479696 kB
MemAvailable:    8029184 kB
Buffers:            4852 kB
Cached:          1758872 kB
SwapCached:            0 kB
Active:          1583668 kB
Inactive:        1505132 kB
Active(anon):    1331660 kB
Inactive(anon):    23008 kB
Active(file):     252008 kB
Inactive(file):  1482124 kB
Unevictable:        5616 kB
Mlocked:            5616 kB
SwapTotal:       3145724 kB
SwapFree:        3145724 kB
Dirty:               432 kB
Writeback:             0 kB
AnonPages:       1330976 kB
Mapped:           877320 kB
Shmem:             25028 kB
KReclaimable:     684060 kB
Slab:             224924 kB
SReclaimable:      75896 kB
SUnreclaim:       149028 kB
KernelStack:       48864 kB
PageTables:        68748 kB
NFS_Unstable:          0 kB
Bounce:                0 kB
WritebackTmp:          0 kB
CommitLimit:     9202292 kB
Committed_AS:   76599096 kB
VmallocTotal:   263061440 kB
VmallocUsed:      105820 kB
VmallocChunk:          0 kB
Percpu:             7648 kB
CmaTotal:         294912 kB
CmaFree:               0 kB
MemTotal:       12113136 kB
MemFree:         6478680 kB
MemAvailable:    8028200 kB
Buffers:            4852 kB
Cached:          1758904 kB
SwapCached:            0 kB
Active:          1584736 kB
Inactive:        1505164 kB
Active(anon):    1332728 kB
Inactive(anon):    23008 kB
Active(file):     252008 kB
Inactive(file):  1482156 kB
Unevictable:        5616 kB
Mlocked:            5616 kB
SwapTotal:       3145724 kB
SwapFree:        3145724 kB
Dirty:               492 kB
Writeback:             0 kB
AnonPages:       1331912 kB
Mapped:           877388 kB
Shmem:             25028 kB
KReclaimable:     684060 kB
Slab:             224948 kB
SReclaimable:      75896 kB
SUnreclaim:       149052 kB
KernelStack:       48736 kB
PageTables:        68540 kB
NFS_Unstable:          0 kB
Bounce:                0 kB
WritebackTmp:          0 kB
CommitLimit:     9202292 kB
Committed_AS:   76608816 kB
VmallocTotal:   263061440 kB
VmallocUsed:      105804 kB
VmallocChunk:          0 kB
Percpu:             7648 kB
CmaTotal:         294912 kB
CmaFree:               0 kB
MemTotal:       12113136 kB
MemFree:         6443300 kB
MemAvailable:    7992816 kB
Buffers:            4852 kB
Cached:          1758644 kB
SwapCached:            0 kB
Active:          1619516 kB
Inactive:        1504908 kB
Active(anon):    1367512 kB
Inactive(anon):    22752 kB
Active(file):     252004 kB
Inactive(file):  1482156 kB
Unevictable:        5616 kB
Mlocked:            5616 kB
SwapTotal:       3145724 kB
SwapFree:        3145724 kB
Dirty:               232 kB
Writeback:             0 kB
AnonPages:       1366768 kB
Mapped:           877064 kB
Shmem:             24772 kB
KReclaimable:     684060 kB
Slab:             224964 kB
SReclaimable:      75896 kB
SUnreclaim:       149068 kB
KernelStack:       48768 kB
PageTables:        68636 kB
NFS_Unstable:          0 kB
Bounce:                0 kB
WritebackTmp:          0 kB
CommitLimit:     9202292 kB
Committed_AS:   76608356 kB
VmallocTotal:   263061440 kB
VmallocUsed:      105772 kB
