MemTotal:        7922396 kB
MemFree:          876372 kB
MemAvailable:    4438532 kB
Buffers:           76512 kB
Cached:          2335752 kB
SwapCached:         1880 kB
Active:          1843036 kB
Inactive:        1677556 kB
Active(anon):      98968 kB
Inactive(anon):  1045816 kB
Active(file):    1744068 kB
Inactive(file):   631740 kB
Unevictable:        6048 kB
Mlocked:            5608 kB
SwapTotal:       4718584 kB
SwapFree:        4562424 kB
Dirty:             37348 kB
Writeback:             0 kB
AnonPages:       1112588 kB
Mapped:           583648 kB
Shmem:             31904 kB
KReclaimable:    1576624 kB
Slab:             295320 kB
SReclaimable:      76316 kB
SUnreclaim:       219004 kB
KernelStack:       46016 kB
ShadowCallStack:   11528 kB
PageTables:        64028 kB
NFS_Unstable:          0 kB
Bounce:                0 kB
WritebackTmp:          0 kB
CommitLimit:     8679780 kB
Committed_AS:   63724272 kB
VmallocTotal:   263061440 kB
VmallocUsed:      127160 kB
VmallocChunk:          0 kB
Percpu:             6264 kB
CmaTotal:         405504 kB
CmaFree:            9132 kB
MemTotal:        7922396 kB
MemFree:          839060 kB
MemAvailable:    4402704 kB
Buffers:           76592 kB
Cached:          2341860 kB
SwapCached:         1880 kB
Active:          1843232 kB
Inactive:        1713964 kB
Active(anon):      99080 kB
Inactive(anon):  1076172 kB
Active(file):    1744152 kB
Inactive(file):   637792 kB
Unevictable:        6048 kB
Mlocked:            5608 kB
SwapTotal:       4718584 kB
SwapFree:        4562424 kB
Dirty:             43540 kB
Writeback:             0 kB
AnonPages:       1143016 kB
Mapped:           647208 kB
Shmem:             31956 kB
KReclaimable:    1571972 kB
Slab:             295588 kB
SReclaimable:      76504 kB
SUnreclaim:       219084 kB
KernelStack:       46272 kB
ShadowCallStack:   11592 kB
PageTables:        64924 kB
NFS_Unstable:          0 kB
Bounce:                0 kB
WritebackTmp:          0 kB
CommitLimit:     8679780 kB
Committed_AS:   65088648 kB
VmallocTotal:   263061440 kB
VmallocUsed:      127472 kB
VmallocChunk:          0 kB
Percpu:             6264 kB
CmaTotal:         405504 kB
CmaFree:            9132 kB
MemTotal:        7922396 kB
MemFree:          536164 kB
MemAvailable:    4093256 kB
Buffers:           76636 kB
Cached:          2341956 kB
SwapCached:         1880 kB
Active:          1843276 kB
Inactive:        2014820 kB
Active(anon):      99084 kB
Inactive(anon):  1377008 kB
Active(file):    1744192 kB
Inactive(file):   637812 kB
Unevictable:        6048 kB
Mlocked:            5608 kB
SwapTotal:       4718584 kB
SwapFree:        4562424 kB
Dirty:             43624 kB
Writeback:             0 kB
AnonPages:       1443836 kB
Mapped:           782552 kB
Shmem:             32036 kB
KReclaimable:    1565360 kB
Slab:             295872 kB
SReclaimable:      76528 kB
SUnreclaim:       219344 kB
KernelStack:       47280 kB
ShadowCallStack:   11848 kB
PageTables:        65736 kB
NFS_Unstable:          0 kB
Bounce:                0 kB
WritebackTmp:          0 kB
CommitLimit:     8679780 kB
Committed_AS:   65193380 kB
VmallocTotal:   263061440 kB
VmallocUsed:      128724 kB
VmallocChunk:          0 kB
Percpu:             6264 kB
CmaTotal:         405504 kB
CmaFree:            9132 kB
MemTotal:        7922396 kB
MemFree:          425900 kB
MemAvailable:    3893096 kB
Buffers:           76656 kB
Cached:          2341832 kB
SwapCached:         1880 kB
Active:          1843320 kB
Inactive:        2126092 kB
Active(anon):      99088 kB
Inactive(anon):  1488284 kB
Active(file):    1744232 kB
Inactive(file):   637808 kB
Unevictable:        6048 kB
Mlocked:            5608 kB
SwapTotal:       4718584 kB
SwapFree:        4562424 kB
Dirty:               356 kB
Writeback:             0 kB
AnonPages:       1555296 kB
Mapped:           785992 kB
Shmem:             31896 kB
KReclaimable:    1475428 kB
Slab:             296212 kB
SReclaimable:      76532 kB
SUnreclaim:       219680 kB
KernelStack:       47392 kB
ShadowCallStack:   11868 kB
PageTables:        66164 kB
NFS_Unstable:          0 kB
Bounce:                0 kB
WritebackTmp:          0 kB
CommitLimit:     8679780 kB
Committed_AS:   65354172 kB
VmallocTotal:   263061440 kB
VmallocUsed:      128824 kB
VmallocChunk:          0 kB
Percpu:             6264 kB
CmaTotal:         405504 kB
CmaFree:           23692 kB
MemTotal:        7922396 kB
MemFree:          435216 kB
MemAvailable:    3318668 kB
Buffers:           76656 kB
Cached:          2337752 kB
SwapCached:         1880 kB
Active:          1820344 kB
Inactive:        2371740 kB
Active(anon):      99088 kB
Inactive(anon):  1715036 kB
Active(file):    1721256 kB
Inactive(file):   656704 kB
Unevictable:        6048 kB
Mlocked:            5608 kB
SwapTotal:       4718584 kB
SwapFree:        4562424 kB
Dirty:               388 kB
Writeback:             0 kB
AnonPages:       1781840 kB
Mapped:           891648 kB
Shmem:             31896 kB
KReclaimable:     903956 kB
Slab:             294848 kB
SReclaimable:      74580 kB
SUnreclaim:       220268 kB
KernelStack:       47424 kB
ShadowCallStack:   11868 kB
PageTables:        67352 kB
NFS_Unstable:          0 kB
Bounce:                0 kB
WritebackTmp:          0 kB
CommitLimit:     8679780 kB
Committed_AS:   65559696 kB
VmallocTotal:   263061440 kB
VmallocUsed:      128956 kB
VmallocChunk:          0 kB
Percpu:             6264 kB
CmaTotal:         405504 kB
CmaFree:             256 kB
MemTotal:        7922396 kB
MemFree:          410940 kB
MemAvailable:    3065052 kB
Buffers:           76660 kB
Cached:          2337912 kB
SwapCached:         1880 kB
Active:          1820348 kB
Inactive:        2353832 kB
Active(anon):      99088 kB
Inactive(anon):  1697112 kB
Active(file):    1721260 kB
Inactive(file):   656720 kB
Unevictable:        6048 kB
Mlocked:            5608 kB
SwapTotal:       4718584 kB
SwapFree:        4562424 kB
Dirty:               428 kB
Writeback:             0 kB
AnonPages:       1763892 kB
Mapped:           932580 kB
Shmem:             32040 kB
KReclaimable:     674596 kB
Slab:             295628 kB
SReclaimable:      74580 kB
SUnreclaim:       221048 kB
KernelStack:       47440 kB
ShadowCallStack:   11884 kB
PageTables:        67268 kB
NFS_Unstable:          0 kB
Bounce:                0 kB
WritebackTmp:          0 kB
CommitLimit:     8679780 kB
Committed_AS:   65500996 kB
VmallocTotal:   263061440 kB
VmallocUsed:      128964 kB
VmallocChunk:          0 kB
Percpu:             6264 kB
CmaTotal:         405504 kB
CmaFree:            1432 kB
MemTotal:        7922396 kB
MemFree:          436288 kB
MemAvailable:    3173748 kB
Buffers:           76716 kB
Cached:          2338532 kB
SwapCached:         1880 kB
Active:          1820588 kB
Inactive:        2300576 kB
Active(anon):      99024 kB
Inactive(anon):  1644088 kB
Active(file):    1721564 kB
Inactive(file):   656488 kB
Unevictable:        6048 kB
Mlocked:            5608 kB
SwapTotal:       4718584 kB
SwapFree:        4562424 kB
Dirty:               584 kB
Writeback:             0 kB
AnonPages:       1710184 kB
Mapped:           928620 kB
Shmem:             32644 kB
KReclaimable:     757872 kB
Slab:             296164 kB
SReclaimable:      74824 kB
SUnreclaim:       221340 kB
KernelStack:       47568 kB
ShadowCallStack:   11916 kB
PageTables:        67556 kB
NFS_Unstable:          0 kB
Bounce:                0 kB
WritebackTmp:          0 kB
CommitLimit:     8679780 kB
Committed_AS:   65525284 kB
VmallocTotal:   263061440 kB
VmallocUsed:      129116 kB
VmallocChunk:          0 kB
Percpu:             6264 kB
CmaTotal:         405504 kB
CmaFree:            9304 kB
MemTotal:        7922396 kB
MemFree:          307188 kB
MemAvailable:    3017712 kB
Buffers:           76952 kB
Cached:          2337836 kB
SwapCached:         1880 kB
Active:          1820824 kB
Inactive:        2302684 kB
Active(anon):      99024 kB
Inactive(anon):  1647076 kB
Active(file):    1721800 kB
Inactive(file):   655608 kB
Unevictable:        6048 kB
Mlocked:            5608 kB
SwapTotal:       4718584 kB
SwapFree:        4562424 kB
Dirty:               748 kB
Writeback:             0 kB
AnonPages:       1713084 kB
Mapped:           906192 kB
Shmem:             32828 kB
KReclaimable:     731580 kB
Slab:             296432 kB
SReclaimable:      74616 kB
SUnreclaim:       221816 kB
KernelStack:       47376 kB
ShadowCallStack:   11872 kB
PageTables:        67800 kB
NFS_Unstable:          0 kB
Bounce:                0 kB
WritebackTmp:          0 kB
CommitLimit:     8679780 kB
Committed_AS:   65564684 kB
VmallocTotal:   263061440 kB
VmallocUsed:      128392 kB
VmallocChunk:          0 kB
Percpu:             6264 kB
CmaTotal:         405504 kB
CmaFree:            2348 kB
MemTotal:        7922396 kB
MemFree:          395268 kB
MemAvailable:    2849112 kB
Buffers:           76328 kB
Cached:          2252776 kB
SwapCached:         1880 kB
Active:          1828228 kB
Inactive:        2354956 kB
Active(anon):      99024 kB
Inactive(anon):  1792488 kB
Active(file):    1729204 kB
Inactive(file):   562468 kB
Unevictable:        6048 kB
Mlocked:            5608 kB
SwapTotal:       4718584 kB
SwapFree:        4562424 kB
Dirty:               780 kB
Writeback:             0 kB
AnonPages:       1858348 kB
Mapped:           888880 kB
Shmem:             32828 kB
KReclaimable:     560636 kB
Slab:             295460 kB
SReclaimable:      73464 kB
SUnreclaim:       221996 kB
KernelStack:       47360 kB
ShadowCallStack:   11872 kB
PageTables:        68056 kB
NFS_Unstable:          0 kB
Bounce:                0 kB
WritebackTmp:          0 kB
CommitLimit:     8679780 kB
Committed_AS:   65724220 kB
VmallocTotal:   263061440 kB
VmallocUsed:      128404 kB
VmallocChunk:          0 kB
Percpu:             6264 kB
CmaTotal:         405504 kB
CmaFree:            2388 kB
MemTotal:        7922396 kB
MemFree:          400040 kB
MemAvailable:    2827420 kB
Buffers:           75984 kB
Cached:          2236156 kB
SwapCached:         1880 kB
Active:          1829920 kB
Inactive:        2347880 kB
Active(anon):      99060 kB
Inactive(anon):  1803980 kB
Active(file):    1730860 kB
Inactive(file):   543900 kB
Unevictable:        6048 kB
Mlocked:            5608 kB
SwapTotal:       4718584 kB
SwapFree:        4562424 kB
Dirty:               804 kB
Writeback:             0 kB
AnonPages:       1869952 kB
Mapped:           892200 kB
Shmem:             32828 kB
KReclaimable:     542892 kB
Slab:             295564 kB
SReclaimable:      73368 kB
SUnreclaim:       222196 kB
KernelStack:       47360 kB
ShadowCallStack:   11892 kB
PageTables:        67908 kB
NFS_Unstable:          0 kB
Bounce:                0 kB
WritebackTmp:          0 kB
CommitLimit:     8679780 kB
Committed_AS:   65729660 kB
VmallocTotal:   263061440 kB
VmallocUsed:      128376 kB
VmallocChunk:          0 kB
Percpu:             6264 kB
CmaTotal:         405504 kB
CmaFree:             344 kB
MemTotal:        7922396 kB
MemFree:          398828 kB
MemAvailable:    2825464 kB
Buffers:           75984 kB
Cached:          2236192 kB
SwapCached:         1880 kB
Active:          1829928 kB
Inactive:        2347664 kB
Active(anon):      99068 kB
Inactive(anon):  1803760 kB
Active(file):    1730860 kB
Inactive(file):   543904 kB
Unevictable:        6048 kB
Mlocked:            5608 kB
SwapTotal:       4718584 kB
SwapFree:        4562424 kB
Dirty:               852 kB
Writeback:             0 kB
AnonPages:       1869768 kB
Mapped:           893452 kB
Shmem:             32860 kB
KReclaimable:     542144 kB
Slab:             295700 kB
SReclaimable:      73368 kB
SUnreclaim:       222332 kB
KernelStack:       47392 kB
ShadowCallStack:   11860 kB
PageTables:        68264 kB
NFS_Unstable:          0 kB
Bounce:                0 kB
WritebackTmp:          0 kB
CommitLimit:     8679780 kB
Committed_AS:   65729692 kB
VmallocTotal:   263061440 kB
VmallocUsed:      128368 kB
VmallocChunk:          0 kB
Percpu:             6264 kB
CmaTotal:         405504 kB
CmaFree:             344 kB
MemTotal:        7922396 kB
MemFree:          395140 kB
MemAvailable:    2821884 kB
Buffers:           76036 kB
Cached:          2236204 kB
SwapCached:         1880 kB
Active:          1830332 kB
Inactive:        2350656 kB
Active(anon):      99428 kB
Inactive(anon):  1806728 kB
Active(file):    1730904 kB
Inactive(file):   543928 kB
Unevictable:        6048 kB
Mlocked:            5608 kB
SwapTotal:       4718584 kB
SwapFree:        4562424 kB
Dirty:               924 kB
Writeback:             0 kB
AnonPages:       1872964 kB
Mapped:           893472 kB
Shmem:             32856 kB
KReclaimable:     542184 kB
Slab:             295888 kB
SReclaimable:      73416 kB
SUnreclaim:       222472 kB
KernelStack:       47280 kB
ShadowCallStack:   11852 kB
PageTables:        68228 kB
NFS_Unstable:          0 kB
Bounce:                0 kB
WritebackTmp:          0 kB
CommitLimit:     8679780 kB
Committed_AS:   65722280 kB
VmallocTotal:   263061440 kB
VmallocUsed:      128324 kB
VmallocChunk:          0 kB
Percpu:             6264 kB
CmaTotal:         405504 kB
CmaFree:             344 kB
MemTotal:        7922396 kB
MemFree:          393356 kB
MemAvailable:    2820176 kB
Buffers:           76052 kB
Cached:          2236228 kB
SwapCached:         1880 kB
Active:          1830364 kB
Inactive:        2353132 kB
Active(anon):      99440 kB
Inactive(anon):  1809188 kB
Active(file):    1730924 kB
Inactive(file):   543944 kB
Unevictable:        6048 kB
Mlocked:            5608 kB
SwapTotal:       4718584 kB
SwapFree:        4562424 kB
Dirty:               956 kB
Writeback:             0 kB
AnonPages:       1875464 kB
Mapped:           893524 kB
Shmem:             32860 kB
KReclaimable:     542224 kB
Slab:             295964 kB
SReclaimable:      73496 kB
SUnreclaim:       222468 kB
KernelStack:       47296 kB
ShadowCallStack:   11848 kB
PageTables:        68196 kB
NFS_Unstable:          0 kB
Bounce:                0 kB
WritebackTmp:          0 kB
CommitLimit:     8679780 kB
Committed_AS:   65722284 kB
VmallocTotal:   263061440 kB
VmallocUsed:      128304 kB
VmallocChunk:          0 kB
Percpu:             6264 kB
CmaTotal:         405504 kB
CmaFree:             344 kB
MemTotal:        7922396 kB
MemFree:          391704 kB
MemAvailable:    2818848 kB
Buffers:           76052 kB
Cached:          2236232 kB
SwapCached:         1880 kB
Active:          1830364 kB
Inactive:        2353600 kB
Active(anon):      99440 kB
Inactive(anon):  1809652 kB
Active(file):    1730924 kB
Inactive(file):   543948 kB
Unevictable:        6048 kB
Mlocked:            5608 kB
SwapTotal:       4718584 kB
SwapFree:        4562424 kB
Dirty:               960 kB
Writeback:             0 kB
AnonPages:       1875908 kB
Mapped:           893540 kB
Shmem:             32860 kB
KReclaimable:     542544 kB
Slab:             296236 kB
SReclaimable:      73816 kB
SUnreclaim:       222420 kB
KernelStack:       47312 kB
ShadowCallStack:   11852 kB
PageTables:        68148 kB
NFS_Unstable:          0 kB
Bounce:                0 kB
WritebackTmp:          0 kB
CommitLimit:     8679780 kB
Committed_AS:   65722284 kB
VmallocTotal:   263061440 kB
VmallocUsed:      128288 kB
VmallocChunk:          0 kB
Percpu:             6264 kB
CmaTotal:         405504 kB
CmaFree:             344 kB
MemTotal:        7922396 kB
MemFree:          390380 kB
MemAvailable:    2817624 kB
Buffers:           76084 kB
Cached:          2236236 kB
SwapCached:         1880 kB
Active:          1830392 kB
Inactive:        2354344 kB
Active(anon):      99436 kB
Inactive(anon):  1810392 kB
Active(file):    1730956 kB
Inactive(file):   543952 kB
Unevictable:        6048 kB
Mlocked:            5608 kB
SwapTotal:       4718584 kB
SwapFree:        4562424 kB
Dirty:               964 kB
Writeback:             0 kB
AnonPages:       1876724 kB
Mapped:           893532 kB
Shmem:             32860 kB
KReclaimable:     542608 kB
Slab:             296200 kB
SReclaimable:      73880 kB
SUnreclaim:       222320 kB
KernelStack:       47264 kB
ShadowCallStack:   11848 kB
PageTables:        68280 kB
NFS_Unstable:          0 kB
Bounce:                0 kB
WritebackTmp:          0 kB
CommitLimit:     8679780 kB
Committed_AS:   65722284 kB
VmallocTotal:   263061440 kB
VmallocUsed:      128292 kB
VmallocChunk:          0 kB
Percpu:             6264 kB
CmaTotal:         405504 kB
CmaFree:             344 kB
MemTotal:        7922396 kB
MemFree:          391120 kB
MemAvailable:    2818396 kB
Buffers:           76084 kB
Cached:          2236252 kB
SwapCached:         1880 kB
Active:          1830392 kB
Inactive:        2354240 kB
Active(anon):      99436 kB
Inactive(anon):  1810272 kB
Active(file):    1730956 kB
Inactive(file):   543968 kB
Unevictable:        6048 kB
Mlocked:            5608 kB
SwapTotal:       4718584 kB
SwapFree:        4562424 kB
Dirty:               980 kB
Writeback:             0 kB
AnonPages:       1876516 kB
Mapped:           893572 kB
Shmem:             32860 kB
KReclaimable:     542624 kB
Slab:             296104 kB
SReclaimable:      73896 kB
SUnreclaim:       222208 kB
KernelStack:       47312 kB
ShadowCallStack:   11856 kB
PageTables:        68044 kB
NFS_Unstable:          0 kB
Bounce:                0 kB
WritebackTmp:          0 kB
CommitLimit:     8679780 kB
Committed_AS:   65726380 kB
VmallocTotal:   263061440 kB
VmallocUsed:      128292 kB
VmallocChunk:          0 kB
Percpu:             6264 kB
CmaTotal:         405504 kB
CmaFree:             344 kB
MemTotal:        7922396 kB
MemFree:          389840 kB
MemAvailable:    2817124 kB
Buffers:           76084 kB
Cached:          2236260 kB
SwapCached:         1880 kB
Active:          1830384 kB
Inactive:        2354964 kB
Active(anon):      99428 kB
Inactive(anon):  1810988 kB
Active(file):    1730956 kB
Inactive(file):   543976 kB
Unevictable:        6048 kB
Mlocked:            5608 kB
SwapTotal:       4718584 kB
SwapFree:        4562424 kB
Dirty:               988 kB
Writeback:             0 kB
AnonPages:       1877240 kB
Mapped:           893700 kB
Shmem:             32860 kB
KReclaimable:     542624 kB
Slab:             296160 kB
SReclaimable:      73896 kB
SUnreclaim:       222264 kB
KernelStack:       47264 kB
ShadowCallStack:   11852 kB
PageTables:        68232 kB
NFS_Unstable:          0 kB
Bounce:                0 kB
WritebackTmp:          0 kB
CommitLimit:     8679780 kB
Committed_AS:   65726380 kB
VmallocTotal:   263061440 kB
VmallocUsed:      128284 kB
VmallocChunk:          0 kB
Percpu:             6264 kB
CmaTotal:         405504 kB
CmaFree:             344 kB
MemTotal:        7922396 kB
MemFree:          405852 kB
MemAvailable:    2833204 kB
Buffers:           76084 kB
Cached:          2236200 kB
SwapCached:         1880 kB
Active:          1830396 kB
Inactive:        2338688 kB
Active(anon):      99436 kB
Inactive(anon):  1794712 kB
Active(file):    1730960 kB
Inactive(file):   543976 kB
Unevictable:        6048 kB
Mlocked:            5608 kB
SwapTotal:       4718584 kB
SwapFree:        4562424 kB
Dirty:               992 kB
Writeback:             0 kB
AnonPages:       1861136 kB
Mapped:           890688 kB
Shmem:             32796 kB
KReclaimable:     542688 kB
Slab:             296292 kB
SReclaimable:      73960 kB
SUnreclaim:       222332 kB
KernelStack:       47344 kB
ShadowCallStack:   11856 kB
PageTables:        67968 kB
NFS_Unstable:          0 kB
Bounce:                0 kB
WritebackTmp:          0 kB
CommitLimit:     8679780 kB
Committed_AS:   65726368 kB
VmallocTotal:   263061440 kB
VmallocUsed:      128312 kB
VmallocChunk:          0 kB
Percpu:             6264 kB
CmaTotal:         405504 kB
CmaFree:             620 kB
MemTotal:        7922396 kB
MemFree:          414264 kB
MemAvailable:    2841668 kB
Buffers:           76084 kB
Cached:          2236204 kB
SwapCached:         1880 kB
Active:          1830400 kB
Inactive:        2330628 kB
Active(anon):      99440 kB
Inactive(anon):  1786648 kB
Active(file):    1730960 kB
Inactive(file):   543980 kB
Unevictable:        6048 kB
Mlocked:            5608 kB
SwapTotal:       4718584 kB
SwapFree:        4562424 kB
Dirty:               996 kB
Writeback:             0 kB
AnonPages:       1852884 kB
Mapped:           890868 kB
Shmem:             32796 kB
KReclaimable:     542736 kB
Slab:             296580 kB
SReclaimable:      74008 kB
SUnreclaim:       222572 kB
KernelStack:       47360 kB
ShadowCallStack:   11852 kB
PageTables:        68068 kB
NFS_Unstable:          0 kB
Bounce:                0 kB
WritebackTmp:          0 kB
CommitLimit:     8679780 kB
Committed_AS:   65726372 kB
VmallocTotal:   263061440 kB
VmallocUsed:      128316 kB
VmallocChunk:          0 kB
Percpu:             6264 kB
CmaTotal:         405504 kB
CmaFree:             620 kB
MemTotal:        7922396 kB
MemFree:          423076 kB
MemAvailable:    2850088 kB
Buffers:           76092 kB
Cached:          2236220 kB
SwapCached:         1880 kB
Active:          1830400 kB
Inactive:        2321992 kB
Active(anon):      99432 kB
Inactive(anon):  1777996 kB
Active(file):    1730968 kB
Inactive(file):   543996 kB
Unevictable:        6048 kB
Mlocked:            5608 kB
SwapTotal:       4718584 kB
SwapFree:        4562424 kB
Dirty:              1012 kB
Writeback:             0 kB
AnonPages:       1844388 kB
Mapped:           891652 kB
Shmem:             32796 kB
KReclaimable:     542320 kB
Slab:             296388 kB
SReclaimable:      74072 kB
SUnreclaim:       222316 kB
KernelStack:       47264 kB
ShadowCallStack:   11852 kB
PageTables:        67984 kB
NFS_Unstable:          0 kB
Bounce:                0 kB
WritebackTmp:          0 kB
CommitLimit:     8679780 kB
Committed_AS:   65713320 kB
VmallocTotal:   263061440 kB
VmallocUsed:      128292 kB
VmallocChunk:          0 kB
Percpu:             6264 kB
CmaTotal:         405504 kB
CmaFree:            1932 kB
MemTotal:        7922396 kB
MemFree:          421576 kB
MemAvailable:    2848620 kB
Buffers:           76196 kB
Cached:          2236232 kB
SwapCached:         1880 kB
Active:          1830508 kB
Inactive:        2322784 kB
Active(anon):      99440 kB
Inactive(anon):  1778780 kB
Active(file):    1731068 kB
Inactive(file):   544004 kB
Unevictable:        6048 kB
Mlocked:            5608 kB
SwapTotal:       4718584 kB
SwapFree:        4562424 kB
Dirty:              1036 kB
Writeback:             0 kB
AnonPages:       1845132 kB
Mapped:           891612 kB
Shmem:             32804 kB
KReclaimable:     542244 kB
Slab:             296364 kB
SReclaimable:      74056 kB
SUnreclaim:       222308 kB
KernelStack:       47328 kB
ShadowCallStack:   11852 kB
PageTables:        68136 kB
NFS_Unstable:          0 kB
Bounce:                0 kB
WritebackTmp:          0 kB
CommitLimit:     8679780 kB
Committed_AS:   65713324 kB
VmallocTotal:   263061440 kB
VmallocUsed:      128324 kB
VmallocChunk:          0 kB
Percpu:             6264 kB
CmaTotal:         405504 kB
CmaFree:            1932 kB
MemTotal:        7922396 kB
MemFree:          421284 kB
MemAvailable:    2848240 kB
Buffers:           76196 kB
Cached:          2236236 kB
SwapCached:         1880 kB
Active:          1830512 kB
Inactive:        2323628 kB
Active(anon):      99440 kB
Inactive(anon):  1779624 kB
Active(file):    1731072 kB
Inactive(file):   544004 kB
Unevictable:        6048 kB
Mlocked:            5608 kB
SwapTotal:       4718584 kB
SwapFree:        4562424 kB
Dirty:              1060 kB
Writeback:             0 kB
AnonPages:       1845900 kB
Mapped:           891864 kB
Shmem:             32804 kB
KReclaimable:     542152 kB
Slab:             296432 kB
SReclaimable:      73976 kB
SUnreclaim:       222456 kB
KernelStack:       47328 kB
ShadowCallStack:   11848 kB
PageTables:        68096 kB
NFS_Unstable:          0 kB
Bounce:                0 kB
WritebackTmp:          0 kB
CommitLimit:     8679780 kB
Committed_AS:   65713324 kB
VmallocTotal:   263061440 kB
VmallocUsed:      128276 kB
VmallocChunk:          0 kB
Percpu:             6264 kB
CmaTotal:         405504 kB
CmaFree:            1932 kB
MemTotal:        7922396 kB
MemFree:          419836 kB
MemAvailable:    2846804 kB
Buffers:           76196 kB
Cached:          2236248 kB
SwapCached:         1880 kB
Active:          1830512 kB
Inactive:        2324424 kB
Active(anon):      99440 kB
Inactive(anon):  1780408 kB
Active(file):    1731072 kB
Inactive(file):   544016 kB
Unevictable:        6048 kB
Mlocked:            5608 kB
SwapTotal:       4718584 kB
SwapFree:        4562424 kB
Dirty:              1072 kB
Writeback:             0 kB
AnonPages:       1846732 kB
Mapped:           891668 kB
Shmem:             32804 kB
KReclaimable:     542152 kB
Slab:             296388 kB
SReclaimable:      73976 kB
SUnreclaim:       222412 kB
KernelStack:       47328 kB
ShadowCallStack:   11856 kB
PageTables:        68124 kB
NFS_Unstable:          0 kB
Bounce:                0 kB
WritebackTmp:          0 kB
CommitLimit:     8679780 kB
Committed_AS:   65713324 kB
VmallocTotal:   263061440 kB
VmallocUsed:      128312 kB
VmallocChunk:          0 kB
Percpu:             6264 kB
CmaTotal:         405504 kB
CmaFree:            1932 kB
MemTotal:        7922396 kB
MemFree:          419108 kB
MemAvailable:    2846100 kB
Buffers:           76212 kB
Cached:          2236256 kB
SwapCached:         1880 kB
Active:          1830528 kB
Inactive:        2325912 kB
Active(anon):      99440 kB
Inactive(anon):  1781888 kB
Active(file):    1731088 kB
Inactive(file):   544024 kB
Unevictable:        6048 kB
Mlocked:            5608 kB
SwapTotal:       4718584 kB
SwapFree:        4562424 kB
Dirty:              1080 kB
Writeback:             0 kB
AnonPages:       1848204 kB
Mapped:           891552 kB
Shmem:             32804 kB
KReclaimable:     542152 kB
Slab:             296340 kB
SReclaimable:      73976 kB
SUnreclaim:       222364 kB
KernelStack:       47328 kB
ShadowCallStack:   11844 kB
PageTables:        68060 kB
NFS_Unstable:          0 kB
Bounce:                0 kB
WritebackTmp:          0 kB
CommitLimit:     8679780 kB
Committed_AS:   65713328 kB
VmallocTotal:   263061440 kB
VmallocUsed:      128308 kB
VmallocChunk:          0 kB
Percpu:             6264 kB
CmaTotal:         405504 kB
CmaFree:            1932 kB
MemTotal:        7922396 kB
MemFree:          417552 kB
MemAvailable:    2844556 kB
Buffers:           76212 kB
Cached:          2236268 kB
SwapCached:         1880 kB
Active:          1830532 kB
Inactive:        2326640 kB
Active(anon):      99444 kB
Inactive(anon):  1782604 kB
Active(file):    1731088 kB
Inactive(file):   544036 kB
Unevictable:        6048 kB
Mlocked:            5608 kB
SwapTotal:       4718584 kB
SwapFree:        4562424 kB
Dirty:              1092 kB
Writeback:             0 kB
AnonPages:       1849012 kB
Mapped:           891872 kB
Shmem:             32804 kB
KReclaimable:     542152 kB
Slab:             296440 kB
SReclaimable:      73976 kB
SUnreclaim:       222464 kB
KernelStack:       47328 kB
ShadowCallStack:   11856 kB
PageTables:        68104 kB
NFS_Unstable:          0 kB
Bounce:                0 kB
WritebackTmp:          0 kB
CommitLimit:     8679780 kB
Committed_AS:   65713324 kB
VmallocTotal:   263061440 kB
VmallocUsed:      128276 kB
VmallocChunk:          0 kB
Percpu:             6264 kB
CmaTotal:         405504 kB
CmaFree:            1932 kB
MemTotal:        7922396 kB
MemFree:          417688 kB
MemAvailable:    2844680 kB
Buffers:           76212 kB
Cached:          2236268 kB
SwapCached:         1880 kB
Active:          1830532 kB
Inactive:        2327176 kB
Active(anon):      99444 kB
Inactive(anon):  1783140 kB
Active(file):    1731088 kB
Inactive(file):   544036 kB
Unevictable:        6048 kB
Mlocked:            5608 kB
SwapTotal:       4718584 kB
SwapFree:        4562424 kB
Dirty:              1092 kB
Writeback:             0 kB
AnonPages:       1849524 kB
Mapped:           891776 kB
Shmem:             32804 kB
KReclaimable:     542140 kB
Slab:             296292 kB
SReclaimable:      73976 kB
SUnreclaim:       222316 kB
KernelStack:       47296 kB
ShadowCallStack:   11860 kB
PageTables:        67940 kB
NFS_Unstable:          0 kB
Bounce:                0 kB
WritebackTmp:          0 kB
CommitLimit:     8679780 kB
Committed_AS:   65713324 kB
VmallocTotal:   263061440 kB
VmallocUsed:      128292 kB
VmallocChunk:          0 kB
Percpu:             6264 kB
CmaTotal:         405504 kB
CmaFree:            1932 kB
MemTotal:        7922396 kB
MemFree:          319200 kB
MemAvailable:    2628840 kB
Buffers:           74800 kB
Cached:          2220708 kB
SwapCached:         1880 kB
Active:          1830908 kB
Inactive:        2397712 kB
Active(anon):      99444 kB
Inactive(anon):  1871168 kB
Active(file):    1731464 kB
Inactive(file):   526544 kB
Unevictable:        6048 kB
Mlocked:            5608 kB
SwapTotal:       4718584 kB
SwapFree:        4562424 kB
Dirty:              1104 kB
Writeback:             0 kB
AnonPages:       1937344 kB
Mapped:           886044 kB
Shmem:             32948 kB
KReclaimable:     441904 kB
Slab:             296088 kB
SReclaimable:      73592 kB
SUnreclaim:       222496 kB
KernelStack:       47424 kB
ShadowCallStack:   11880 kB
PageTables:        68196 kB
NFS_Unstable:          0 kB
Bounce:                0 kB
WritebackTmp:          0 kB
CommitLimit:     8679780 kB
Committed_AS:   65713704 kB
VmallocTotal:   263061440 kB
VmallocUsed:      128432 kB
VmallocChunk:          0 kB
Percpu:             6264 kB
CmaTotal:         405504 kB
CmaFree:            2240 kB
MemTotal:        7922396 kB
MemFree:          403572 kB
MemAvailable:    2845516 kB
Buffers:           74800 kB
Cached:          2220572 kB
SwapCached:         1880 kB
Active:          1830896 kB
Inactive:        2309268 kB
Active(anon):      99432 kB
Inactive(anon):  1782716 kB
Active(file):    1731464 kB
Inactive(file):   526552 kB
Unevictable:        6048 kB
Mlocked:            5608 kB
SwapTotal:       4718584 kB
SwapFree:        4562424 kB
Dirty:              1112 kB
Writeback:             0 kB
AnonPages:       1849000 kB
Mapped:           885432 kB
Shmem:             32804 kB
KReclaimable:     574200 kB
Slab:             296068 kB
SReclaimable:      73592 kB
SUnreclaim:       222476 kB
KernelStack:       47280 kB
ShadowCallStack:   11852 kB
PageTables:        67872 kB
NFS_Unstable:          0 kB
Bounce:                0 kB
WritebackTmp:          0 kB
CommitLimit:     8679780 kB
Committed_AS:   65687220 kB
VmallocTotal:   263061440 kB
VmallocUsed:      128328 kB
VmallocChunk:          0 kB
Percpu:             6264 kB
CmaTotal:         405504 kB
CmaFree:           11352 kB
MemTotal:        7922396 kB
MemFree:          404628 kB
MemAvailable:    2846428 kB
Buffers:           74808 kB
Cached:          2220580 kB
SwapCached:         1880 kB
Active:          1830892 kB
Inactive:        2308712 kB
Active(anon):      99420 kB
Inactive(anon):  1782152 kB
Active(file):    1731472 kB
Inactive(file):   526560 kB
Unevictable:        6048 kB
Mlocked:            5608 kB
SwapTotal:       4718584 kB
SwapFree:        4562424 kB
Dirty:              1120 kB
Writeback:             0 kB
AnonPages:       1848584 kB
Mapped:           885616 kB
Shmem:             32804 kB
KReclaimable:     574040 kB
Slab:             295872 kB
SReclaimable:      73432 kB
SUnreclaim:       222440 kB
KernelStack:       47280 kB
ShadowCallStack:   11836 kB
PageTables:        67788 kB
NFS_Unstable:          0 kB
Bounce:                0 kB
WritebackTmp:          0 kB
CommitLimit:     8679780 kB
Committed_AS:   65674264 kB
VmallocTotal:   263061440 kB
VmallocUsed:      128220 kB
VmallocChunk:          0 kB
Percpu:             6264 kB
CmaTotal:         405504 kB
CmaFree:           11352 kB
MemTotal:        7922396 kB
MemFree:          404244 kB
MemAvailable:    2846116 kB
Buffers:           74808 kB
Cached:          2220588 kB
SwapCached:         1880 kB
Active:          1830900 kB
Inactive:        2309696 kB
Active(anon):      99428 kB
Inactive(anon):  1783128 kB
Active(file):    1731472 kB
Inactive(file):   526568 kB
Unevictable:        6048 kB
Mlocked:            5608 kB
SwapTotal:       4718584 kB
SwapFree:        4562424 kB
Dirty:              1128 kB
Writeback:             0 kB
AnonPages:       1849492 kB
Mapped:           885352 kB
Shmem:             32804 kB
KReclaimable:     574104 kB
Slab:             295872 kB
SReclaimable:      73496 kB
SUnreclaim:       222376 kB
KernelStack:       47248 kB
ShadowCallStack:   11840 kB
PageTables:        67828 kB
NFS_Unstable:          0 kB
Bounce:                0 kB
WritebackTmp:          0 kB
CommitLimit:     8679780 kB
Committed_AS:   65674264 kB
VmallocTotal:   263061440 kB
VmallocUsed:      128212 kB
VmallocChunk:          0 kB
Percpu:             6264 kB
CmaTotal:         405504 kB
CmaFree:           11352 kB
MemTotal:        7922396 kB
MemFree:          403764 kB
MemAvailable:    2845680 kB
Buffers:           74808 kB
Cached:          2220600 kB
SwapCached:         1880 kB
Active:          1830908 kB
Inactive:        2310064 kB
Active(anon):      99436 kB
Inactive(anon):  1783484 kB
Active(file):    1731472 kB
Inactive(file):   526580 kB
Unevictable:        6048 kB
Mlocked:            5608 kB
SwapTotal:       4718584 kB
SwapFree:        4562424 kB
Dirty:              1140 kB
Writeback:             0 kB
AnonPages:       1849836 kB
Mapped:           885468 kB
Shmem:             32804 kB
KReclaimable:     574136 kB
Slab:             295908 kB
SReclaimable:      73528 kB
SUnreclaim:       222380 kB
KernelStack:       47280 kB
ShadowCallStack:   11844 kB
PageTables:        67772 kB
NFS_Unstable:          0 kB
Bounce:                0 kB
WritebackTmp:          0 kB
CommitLimit:     8679780 kB
Committed_AS:   65674268 kB
VmallocTotal:   263061440 kB
VmallocUsed:      128248 kB
VmallocChunk:          0 kB
Percpu:             6264 kB
CmaTotal:         405504 kB
CmaFree:           11352 kB
MemTotal:        7922396 kB
MemFree:          402464 kB
MemAvailable:    2844436 kB
Buffers:           74808 kB
Cached:          2220608 kB
SwapCached:         1880 kB
Active:          1830904 kB
Inactive:        2311244 kB
Active(anon):      99432 kB
Inactive(anon):  1784656 kB
Active(file):    1731472 kB
Inactive(file):   526588 kB
Unevictable:        6048 kB
Mlocked:            5608 kB
SwapTotal:       4718584 kB
SwapFree:        4562424 kB
Dirty:              1148 kB
Writeback:             0 kB
AnonPages:       1851088 kB
Mapped:           885476 kB
Shmem:             32804 kB
KReclaimable:     574184 kB
Slab:             295948 kB
SReclaimable:      73576 kB
SUnreclaim:       222372 kB
KernelStack:       47280 kB
ShadowCallStack:   11856 kB
PageTables:        68036 kB
NFS_Unstable:          0 kB
Bounce:                0 kB
WritebackTmp:          0 kB
CommitLimit:     8679780 kB
Committed_AS:   65687296 kB
VmallocTotal:   263061440 kB
VmallocUsed:      128312 kB
VmallocChunk:          0 kB
Percpu:             6264 kB
CmaTotal:         405504 kB
CmaFree:           11352 kB
MemTotal:        7922396 kB
MemFree:          402040 kB
MemAvailable:    2844048 kB
Buffers:           74808 kB
Cached:          2220612 kB
SwapCached:         1880 kB
Active:          1830904 kB
Inactive:        2311532 kB
Active(anon):      99432 kB
Inactive(anon):  1784940 kB
Active(file):    1731472 kB
Inactive(file):   526592 kB
Unevictable:        6048 kB
Mlocked:            5608 kB
SwapTotal:       4718584 kB
SwapFree:        4562424 kB
Dirty:              1152 kB
Writeback:             0 kB
AnonPages:       1851224 kB
Mapped:           885480 kB
Shmem:             32804 kB
KReclaimable:     574216 kB
Slab:             296100 kB
SReclaimable:      73608 kB
SUnreclaim:       222492 kB
KernelStack:       47328 kB
ShadowCallStack:   11856 kB
PageTables:        67988 kB
NFS_Unstable:          0 kB
Bounce:                0 kB
WritebackTmp:          0 kB
CommitLimit:     8679780 kB
Committed_AS:   65687296 kB
VmallocTotal:   263061440 kB
VmallocUsed:      128296 kB
VmallocChunk:          0 kB
Percpu:             6264 kB
CmaTotal:         405504 kB
CmaFree:           11352 kB
MemTotal:        7922396 kB
MemFree:          400264 kB
MemAvailable:    2842260 kB
Buffers:           74832 kB
Cached:          2220624 kB
SwapCached:         1880 kB
Active:          1830916 kB
Inactive:        2313120 kB
Active(anon):      99436 kB
Inactive(anon):  1786500 kB
Active(file):    1731480 kB
Inactive(file):   526620 kB
Unevictable:        6048 kB
Mlocked:            5608 kB
SwapTotal:       4718584 kB
SwapFree:        4562424 kB
Dirty:               776 kB
Writeback:             0 kB
AnonPages:       1853116 kB
Mapped:           885728 kB
Shmem:             32804 kB
KReclaimable:     574168 kB
Slab:             296124 kB
SReclaimable:      73560 kB
SUnreclaim:       222564 kB
KernelStack:       47328 kB
ShadowCallStack:   11848 kB
PageTables:        67888 kB
NFS_Unstable:          0 kB
Bounce:                0 kB
WritebackTmp:          0 kB
CommitLimit:     8679780 kB
Committed_AS:   65691268 kB
VmallocTotal:   263061440 kB
VmallocUsed:      128296 kB
VmallocChunk:          0 kB
Percpu:             6264 kB
CmaTotal:         405504 kB
CmaFree:           11352 kB
MemTotal:        7922396 kB
MemFree:          399224 kB
MemAvailable:    2841228 kB
Buffers:           74832 kB
Cached:          2220632 kB
SwapCached:         1880 kB
Active:          1830912 kB
Inactive:        2313776 kB
Active(anon):      99432 kB
Inactive(anon):  1787148 kB
Active(file):    1731480 kB
Inactive(file):   526628 kB
Unevictable:        6048 kB
Mlocked:            5608 kB
SwapTotal:       4718584 kB
SwapFree:        4562424 kB
Dirty:               816 kB
Writeback:             0 kB
AnonPages:       1853524 kB
Mapped:           885628 kB
Shmem:             32804 kB
KReclaimable:     574168 kB
Slab:             296084 kB
SReclaimable:      73560 kB
SUnreclaim:       222524 kB
KernelStack:       47328 kB
ShadowCallStack:   11848 kB
PageTables:        67976 kB
NFS_Unstable:          0 kB
Bounce:                0 kB
WritebackTmp:          0 kB
CommitLimit:     8679780 kB
Committed_AS:   65691264 kB
VmallocTotal:   263061440 kB
VmallocUsed:      128284 kB
VmallocChunk:          0 kB
Percpu:             6264 kB
CmaTotal:         405504 kB
CmaFree:           11352 kB
MemTotal:        7922396 kB
MemFree:          398884 kB
MemAvailable:    2840888 kB
Buffers:           74832 kB
Cached:          2220632 kB
SwapCached:         1880 kB
Active:          1830916 kB
Inactive:        2313996 kB
Active(anon):      99436 kB
Inactive(anon):  1787368 kB
Active(file):    1731480 kB
Inactive(file):   526628 kB
Unevictable:        6048 kB
Mlocked:            5608 kB
SwapTotal:       4718584 kB
SwapFree:        4562424 kB
Dirty:               816 kB
Writeback:             0 kB
AnonPages:       1853652 kB
Mapped:           885520 kB
Shmem:             32804 kB
KReclaimable:     574168 kB
Slab:             296024 kB
SReclaimable:      73560 kB
SUnreclaim:       222464 kB
KernelStack:       47280 kB
ShadowCallStack:   11856 kB
PageTables:        68008 kB
NFS_Unstable:          0 kB
Bounce:                0 kB
WritebackTmp:          0 kB
CommitLimit:     8679780 kB
Committed_AS:   65691268 kB
VmallocTotal:   263061440 kB
VmallocUsed:      128272 kB
VmallocChunk:          0 kB
Percpu:             6264 kB
CmaTotal:         405504 kB
CmaFree:           11352 kB
MemTotal:        7922396 kB
MemFree:          399560 kB
MemAvailable:    2841584 kB
Buffers:           74840 kB
Cached:          2220644 kB
SwapCached:         1880 kB
Active:          1830928 kB
Inactive:        2314320 kB
Active(anon):      99440 kB
Inactive(anon):  1787680 kB
Active(file):    1731488 kB
Inactive(file):   526640 kB
Unevictable:        6048 kB
Mlocked:            5608 kB
SwapTotal:       4718584 kB
SwapFree:        4562424 kB
Dirty:               832 kB
Writeback:             0 kB
AnonPages:       1854144 kB
Mapped:           885520 kB
Shmem:             32804 kB
KReclaimable:     574168 kB
Slab:             296016 kB
SReclaimable:      73560 kB
SUnreclaim:       222456 kB
KernelStack:       47264 kB
ShadowCallStack:   11840 kB
PageTables:        68020 kB
NFS_Unstable:          0 kB
Bounce:                0 kB
WritebackTmp:          0 kB
CommitLimit:     8679780 kB
Committed_AS:   65691264 kB
VmallocTotal:   263061440 kB
VmallocUsed:      128272 kB
VmallocChunk:          0 kB
Percpu:             6264 kB
CmaTotal:         405504 kB
CmaFree:           11352 kB
MemTotal:        7922396 kB
MemFree:          399968 kB
MemAvailable:    2842000 kB
Buffers:           74840 kB
Cached:          2220652 kB
SwapCached:         1880 kB
Active:          1830924 kB
Inactive:        2313820 kB
Active(anon):      99436 kB
Inactive(anon):  1787172 kB
Active(file):    1731488 kB
Inactive(file):   526648 kB
Unevictable:        6048 kB
Mlocked:            5608 kB
SwapTotal:       4718584 kB
SwapFree:        4562424 kB
Dirty:               848 kB
Writeback:             0 kB
AnonPages:       1853528 kB
Mapped:           885668 kB
Shmem:             32804 kB
KReclaimable:     574168 kB
Slab:             296020 kB
SReclaimable:      73560 kB
SUnreclaim:       222460 kB
KernelStack:       47312 kB
ShadowCallStack:   11852 kB
PageTables:        67968 kB
NFS_Unstable:          0 kB
Bounce:                0 kB
WritebackTmp:          0 kB
CommitLimit:     8679780 kB
Committed_AS:   65691268 kB
VmallocTotal:   263061440 kB
VmallocUsed:      128292 kB
VmallocChunk:          0 kB
Percpu:             6264 kB
CmaTotal:         405504 kB
CmaFree:           11480 kB
MemTotal:        7922396 kB
MemFree:          399580 kB
MemAvailable:    2841628 kB
Buffers:           74848 kB
Cached:          2220660 kB
SwapCached:         1880 kB
Active:          1830944 kB
Inactive:        2314148 kB
Active(anon):      99440 kB
Inactive(anon):  1787500 kB
Active(file):    1731504 kB
Inactive(file):   526648 kB
Unevictable:        6048 kB
Mlocked:            5608 kB
SwapTotal:       4718584 kB
SwapFree:        4562424 kB
Dirty:               132 kB
Writeback:            40 kB
AnonPages:       1853936 kB
Mapped:           885672 kB
Shmem:             32804 kB
KReclaimable:     574168 kB
Slab:             296020 kB
SReclaimable:      73560 kB
SUnreclaim:       222460 kB
KernelStack:       47344 kB
ShadowCallStack:   11848 kB
PageTables:        68144 kB
NFS_Unstable:          0 kB
Bounce:                0 kB
WritebackTmp:          0 kB
CommitLimit:     8679780 kB
Committed_AS:   65691264 kB
VmallocTotal:   263061440 kB
VmallocUsed:      128272 kB
VmallocChunk:          0 kB
Percpu:             6264 kB
CmaTotal:         405504 kB
CmaFree:           11480 kB
MemTotal:        7922396 kB
MemFree:          400540 kB
MemAvailable:    2842596 kB
Buffers:           74848 kB
Cached:          2220668 kB
SwapCached:         1880 kB
Active:          1830932 kB
Inactive:        2314024 kB
Active(anon):      99432 kB
Inactive(anon):  1787364 kB
Active(file):    1731500 kB
Inactive(file):   526660 kB
Unevictable:        6048 kB
Mlocked:            5608 kB
SwapTotal:       4718584 kB
SwapFree:        4562424 kB
Dirty:               172 kB
Writeback:             0 kB
AnonPages:       1853640 kB
Mapped:           885540 kB
Shmem:             32804 kB
KReclaimable:     574168 kB
Slab:             296040 kB
SReclaimable:      73560 kB
SUnreclaim:       222480 kB
KernelStack:       47248 kB
ShadowCallStack:   11836 kB
PageTables:        68016 kB
NFS_Unstable:          0 kB
Bounce:                0 kB
WritebackTmp:          0 kB
CommitLimit:     8679780 kB
Committed_AS:   65678232 kB
VmallocTotal:   263061440 kB
VmallocUsed:      128232 kB
VmallocChunk:          0 kB
Percpu:             6264 kB
CmaTotal:         405504 kB
CmaFree:           11480 kB
MemTotal:        7922396 kB
MemFree:          398796 kB
MemAvailable:    2840900 kB
Buffers:           74848 kB
Cached:          2220688 kB
SwapCached:         1880 kB
Active:          1830924 kB
Inactive:        2314452 kB
Active(anon):      99424 kB
Inactive(anon):  1787776 kB
Active(file):    1731500 kB
Inactive(file):   526676 kB
Unevictable:        6048 kB
Mlocked:            5608 kB
SwapTotal:       4718584 kB
SwapFree:        4562424 kB
Dirty:               188 kB
Writeback:             0 kB
AnonPages:       1854008 kB
Mapped:           885556 kB
Shmem:             32808 kB
KReclaimable:     574200 kB
Slab:             296064 kB
SReclaimable:      73592 kB
SUnreclaim:       222472 kB
KernelStack:       47248 kB
ShadowCallStack:   11844 kB
PageTables:        67748 kB
NFS_Unstable:          0 kB
Bounce:                0 kB
WritebackTmp:          0 kB
CommitLimit:     8679780 kB
Committed_AS:   65678236 kB
VmallocTotal:   263061440 kB
VmallocUsed:      128232 kB
VmallocChunk:          0 kB
Percpu:             6264 kB
CmaTotal:         405504 kB
CmaFree:           11480 kB
MemTotal:        7922396 kB
MemFree:          399380 kB
MemAvailable:    2841492 kB
Buffers:           74848 kB
Cached:          2220696 kB
SwapCached:         1880 kB
Active:          1830932 kB
Inactive:        2314696 kB
Active(anon):      99432 kB
Inactive(anon):  1788012 kB
Active(file):    1731500 kB
Inactive(file):   526684 kB
Unevictable:        6048 kB
Mlocked:            5608 kB
SwapTotal:       4718584 kB
SwapFree:        4562424 kB
Dirty:               208 kB
Writeback:             0 kB
AnonPages:       1854356 kB
Mapped:           885748 kB
Shmem:             32808 kB
KReclaimable:     574200 kB
Slab:             296004 kB
SReclaimable:      73592 kB
SUnreclaim:       222412 kB
KernelStack:       47248 kB
ShadowCallStack:   11828 kB
PageTables:        67808 kB
NFS_Unstable:          0 kB
Bounce:                0 kB
WritebackTmp:          0 kB
CommitLimit:     8679780 kB
Committed_AS:   65678236 kB
VmallocTotal:   263061440 kB
VmallocUsed:      128232 kB
VmallocChunk:          0 kB
Percpu:             6264 kB
CmaTotal:         405504 kB
CmaFree:           11480 kB
MemTotal:        7922396 kB
MemFree:          395772 kB
MemAvailable:    2837920 kB
Buffers:           74848 kB
Cached:          2220700 kB
SwapCached:         1880 kB
Active:          1830936 kB
Inactive:        2317236 kB
Active(anon):      99436 kB
Inactive(anon):  1790548 kB
Active(file):    1731500 kB
Inactive(file):   526688 kB
Unevictable:        6048 kB
Mlocked:            5608 kB
SwapTotal:       4718584 kB
SwapFree:        4562424 kB
Dirty:               176 kB
Writeback:             0 kB
AnonPages:       1856872 kB
Mapped:           885676 kB
Shmem:             32808 kB
KReclaimable:     574232 kB
Slab:             296080 kB
SReclaimable:      73624 kB
SUnreclaim:       222456 kB
KernelStack:       47344 kB
ShadowCallStack:   11856 kB
PageTables:        68180 kB
NFS_Unstable:          0 kB
Bounce:                0 kB
WritebackTmp:          0 kB
CommitLimit:     8679780 kB
Committed_AS:   65717296 kB
VmallocTotal:   263061440 kB
VmallocUsed:      128332 kB
VmallocChunk:          0 kB
Percpu:             6264 kB
CmaTotal:         405504 kB
CmaFree:           11480 kB
MemTotal:        7922396 kB
MemFree:          395164 kB
MemAvailable:    2837344 kB
Buffers:           74856 kB
Cached:          2220708 kB
SwapCached:         1880 kB
Active:          1830944 kB
Inactive:        2317432 kB
Active(anon):      99440 kB
Inactive(anon):  1790732 kB
Active(file):    1731504 kB
Inactive(file):   526700 kB
Unevictable:        6048 kB
Mlocked:            5608 kB
SwapTotal:       4718584 kB
SwapFree:        4562424 kB
Dirty:               196 kB
Writeback:             0 kB
AnonPages:       1856856 kB
Mapped:           885716 kB
Shmem:             32808 kB
KReclaimable:     574248 kB
Slab:             296076 kB
SReclaimable:      73640 kB
SUnreclaim:       222436 kB
KernelStack:       47344 kB
ShadowCallStack:   11848 kB
PageTables:        68140 kB
NFS_Unstable:          0 kB
Bounce:                0 kB
WritebackTmp:          0 kB
CommitLimit:     8679780 kB
Committed_AS:   65717300 kB
VmallocTotal:   263061440 kB
VmallocUsed:      128332 kB
VmallocChunk:          0 kB
Percpu:             6264 kB
CmaTotal:         405504 kB
CmaFree:             368 kB
MemTotal:        7922396 kB
MemFree:          393612 kB
MemAvailable:    2835880 kB
Buffers:           74872 kB
Cached:          2220728 kB
SwapCached:         1880 kB
Active:          1830972 kB
Inactive:        2319608 kB
Active(anon):      99448 kB
Inactive(anon):  1792904 kB
Active(file):    1731524 kB
Inactive(file):   526704 kB
Unevictable:        6048 kB
Mlocked:            5608 kB
SwapTotal:       4718584 kB
SwapFree:        4562424 kB
Dirty:               288 kB
Writeback:             0 kB
AnonPages:       1859148 kB
Mapped:           885768 kB
Shmem:             32820 kB
KReclaimable:     574312 kB
Slab:             296224 kB
SReclaimable:      73704 kB
SUnreclaim:       222520 kB
KernelStack:       47312 kB
ShadowCallStack:   11840 kB
PageTables:        68228 kB
NFS_Unstable:          0 kB
Bounce:                0 kB
WritebackTmp:          0 kB
CommitLimit:     8679780 kB
Committed_AS:   65717204 kB
VmallocTotal:   263061440 kB
VmallocUsed:      128288 kB
VmallocChunk:          0 kB
Percpu:             6264 kB
CmaTotal:         405504 kB
CmaFree:             344 kB
MemTotal:        7922396 kB
MemFree:          394584 kB
MemAvailable:    2836844 kB
Buffers:           74872 kB
Cached:          2220736 kB
SwapCached:         1880 kB
Active:          1830956 kB
Inactive:        2319464 kB
Active(anon):      99432 kB
Inactive(anon):  1792752 kB
Active(file):    1731524 kB
Inactive(file):   526712 kB
Unevictable:        6048 kB
Mlocked:            5608 kB
SwapTotal:       4718584 kB
SwapFree:        4562424 kB
Dirty:               300 kB
Writeback:             0 kB
AnonPages:       1859020 kB
Mapped:           885660 kB
Shmem:             32820 kB
KReclaimable:     574296 kB
Slab:             296264 kB
SReclaimable:      73688 kB
SUnreclaim:       222576 kB
KernelStack:       47264 kB
ShadowCallStack:   11824 kB
PageTables:        68196 kB
NFS_Unstable:          0 kB
Bounce:                0 kB
WritebackTmp:          0 kB
CommitLimit:     8679780 kB
Committed_AS:   65716944 kB
VmallocTotal:   263061440 kB
VmallocUsed:      128208 kB
VmallocChunk:          0 kB
Percpu:             6264 kB
CmaTotal:         405504 kB
CmaFree:             368 kB
MemTotal:        7922396 kB
MemFree:          393584 kB
MemAvailable:    2835848 kB
Buffers:           74872 kB
Cached:          2220740 kB
SwapCached:         1880 kB
Active:          1830960 kB
Inactive:        2319604 kB
Active(anon):      99436 kB
Inactive(anon):  1792888 kB
Active(file):    1731524 kB
Inactive(file):   526716 kB
Unevictable:        6048 kB
Mlocked:            5608 kB
SwapTotal:       4718584 kB
SwapFree:        4562424 kB
Dirty:               308 kB
Writeback:             0 kB
AnonPages:       1859348 kB
Mapped:           885688 kB
Shmem:             32820 kB
KReclaimable:     574296 kB
Slab:             296208 kB
SReclaimable:      73688 kB
SUnreclaim:       222520 kB
KernelStack:       47200 kB
ShadowCallStack:   11824 kB
PageTables:        67840 kB
NFS_Unstable:          0 kB
Bounce:                0 kB
WritebackTmp:          0 kB
CommitLimit:     8679780 kB
Committed_AS:   65716944 kB
VmallocTotal:   263061440 kB
VmallocUsed:      128204 kB
VmallocChunk:          0 kB
Percpu:             6264 kB
CmaTotal:         405504 kB
CmaFree:             368 kB
MemTotal:        7922396 kB
MemFree:          354636 kB
MemAvailable:    2667696 kB
Buffers:           74872 kB
Cached:          2220808 kB
SwapCached:         1880 kB
Active:          1830960 kB
Inactive:        2359072 kB
Active(anon):      99436 kB
Inactive(anon):  1832344 kB
Active(file):    1731524 kB
Inactive(file):   526728 kB
Unevictable:        6048 kB
Mlocked:            5608 kB
SwapTotal:       4718584 kB
SwapFree:        4562424 kB
Dirty:               324 kB
Writeback:             0 kB
AnonPages:       1898640 kB
Mapped:           886112 kB
Shmem:             32876 kB
KReclaimable:     445080 kB
Slab:             296280 kB
SReclaimable:      73688 kB
SUnreclaim:       222592 kB
KernelStack:       47296 kB
ShadowCallStack:   11848 kB
PageTables:        68200 kB
NFS_Unstable:          0 kB
Bounce:                0 kB
WritebackTmp:          0 kB
CommitLimit:     8679780 kB
Committed_AS:   65717280 kB
VmallocTotal:   263061440 kB
VmallocUsed:      128264 kB
VmallocChunk:          0 kB
Percpu:             6264 kB
CmaTotal:         405504 kB
CmaFree:               0 kB
MemTotal:        7922396 kB
MemFree:          314864 kB
MemAvailable:    2581612 kB
Buffers:           74768 kB
Cached:          2216584 kB
SwapCached:         1880 kB
Active:          1831000 kB
Inactive:        2405144 kB
Active(anon):      99432 kB
Inactive(anon):  1882876 kB
Active(file):    1731568 kB
Inactive(file):   522268 kB
Unevictable:        6048 kB
Mlocked:            5608 kB
SwapTotal:       4718584 kB
SwapFree:        4562424 kB
Dirty:               360 kB
Writeback:             0 kB
AnonPages:       1948976 kB
Mapped:           882740 kB
Shmem:             32964 kB
KReclaimable:     435952 kB
Slab:             296004 kB
SReclaimable:      73464 kB
SUnreclaim:       222540 kB
KernelStack:       47312 kB
ShadowCallStack:   11840 kB
PageTables:        68192 kB
NFS_Unstable:          0 kB
Bounce:                0 kB
WritebackTmp:          0 kB
CommitLimit:     8679780 kB
Committed_AS:   65717328 kB
VmallocTotal:   263061440 kB
VmallocUsed:      128288 kB
VmallocChunk:          0 kB
Percpu:             6264 kB
CmaTotal:         405504 kB
CmaFree:               0 kB
MemTotal:        7922396 kB
MemFree:          407524 kB
MemAvailable:    2807188 kB
Buffers:           74776 kB
Cached:          2216444 kB
SwapCached:         1880 kB
Active:          1830984 kB
Inactive:        2309936 kB
Active(anon):      99412 kB
Inactive(anon):  1787660 kB
Active(file):    1731572 kB
Inactive(file):   522276 kB
Unevictable:        6048 kB
Mlocked:            5608 kB
SwapTotal:       4718584 kB
SwapFree:        4562424 kB
Dirty:                48 kB
Writeback:             0 kB
AnonPages:       1854064 kB
Mapped:           882192 kB
Shmem:             32820 kB
KReclaimable:     568856 kB
Slab:             295856 kB
SReclaimable:      73336 kB
SUnreclaim:       222520 kB
KernelStack:       47152 kB
ShadowCallStack:   11800 kB
PageTables:        68188 kB
NFS_Unstable:          0 kB
Bounce:                0 kB
WritebackTmp:          0 kB
CommitLimit:     8679780 kB
Committed_AS:   65716632 kB
VmallocTotal:   263061440 kB
VmallocUsed:      128100 kB
VmallocChunk:          0 kB
Percpu:             6264 kB
CmaTotal:         405504 kB
CmaFree:            1544 kB
MemTotal:        7922396 kB
MemFree:          408120 kB
MemAvailable:    2807852 kB
Buffers:           74776 kB
Cached:          2216448 kB
SwapCached:         1880 kB
Active:          1830980 kB
Inactive:        2309992 kB
Active(anon):      99408 kB
Inactive(anon):  1787712 kB
Active(file):    1731572 kB
Inactive(file):   522280 kB
Unevictable:        6048 kB
Mlocked:            5608 kB
SwapTotal:       4718584 kB
SwapFree:        4562424 kB
Dirty:                84 kB
Writeback:             0 kB
AnonPages:       1854096 kB
Mapped:           882120 kB
Shmem:             32820 kB
KReclaimable:     568920 kB
Slab:             295920 kB
SReclaimable:      73400 kB
SUnreclaim:       222520 kB
KernelStack:       46992 kB
ShadowCallStack:   11772 kB
PageTables:        68184 kB
NFS_Unstable:          0 kB
Bounce:                0 kB
WritebackTmp:          0 kB
CommitLimit:     8679780 kB
Committed_AS:   65716220 kB
VmallocTotal:   263061440 kB
VmallocUsed:      127896 kB
VmallocChunk:          0 kB
Percpu:             6264 kB
CmaTotal:         405504 kB
CmaFree:            1532 kB
MemTotal:        7922396 kB
MemFree:          408048 kB
MemAvailable:    2807860 kB
Buffers:           74784 kB
Cached:          2216456 kB
SwapCached:         1880 kB
Active:          1830984 kB
Inactive:        2310448 kB
Active(anon):      99412 kB
Inactive(anon):  1788152 kB
Active(file):    1731572 kB
Inactive(file):   522296 kB
Unevictable:        6048 kB
Mlocked:            5608 kB
SwapTotal:       4718584 kB
SwapFree:        4562424 kB
Dirty:               100 kB
Writeback:             0 kB
AnonPages:       1854380 kB
Mapped:           882200 kB
Shmem:             32820 kB
KReclaimable:     568984 kB
Slab:             295884 kB
SReclaimable:      73464 kB
SUnreclaim:       222420 kB
KernelStack:       46960 kB
ShadowCallStack:   11768 kB
PageTables:        68244 kB
NFS_Unstable:          0 kB
Bounce:                0 kB
WritebackTmp:          0 kB
CommitLimit:     8679780 kB
Committed_AS:   65716172 kB
VmallocTotal:   263061440 kB
VmallocUsed:      127908 kB
VmallocChunk:          0 kB
Percpu:             6264 kB
CmaTotal:         405504 kB
CmaFree:            1536 kB
MemTotal:        7922396 kB
MemFree:          408324 kB
MemAvailable:    2808168 kB
Buffers:           74784 kB
Cached:          2216472 kB
SwapCached:         1880 kB
Active:          1830992 kB
Inactive:        2309520 kB
Active(anon):      99412 kB
Inactive(anon):  1787216 kB
Active(file):    1731580 kB
Inactive(file):   522304 kB
Unevictable:        6048 kB
Mlocked:            5608 kB
SwapTotal:       4718584 kB
SwapFree:        4562424 kB
Dirty:               168 kB
Writeback:             0 kB
AnonPages:       1853488 kB
Mapped:           882296 kB
Shmem:             32820 kB
KReclaimable:     569000 kB
Slab:             295964 kB
SReclaimable:      73480 kB
SUnreclaim:       222484 kB
KernelStack:       46992 kB
ShadowCallStack:   11772 kB
PageTables:        68116 kB
NFS_Unstable:          0 kB
Bounce:                0 kB
WritebackTmp:          0 kB
CommitLimit:     8679780 kB
Committed_AS:   65716176 kB
VmallocTotal:   263061440 kB
VmallocUsed:      127904 kB
VmallocChunk:          0 kB
Percpu:             6264 kB
CmaTotal:         405504 kB
CmaFree:            1540 kB
MemTotal:        7922396 kB
MemFree:          408648 kB
MemAvailable:    2808496 kB
Buffers:           74784 kB
Cached:          2216476 kB
SwapCached:         1880 kB
Active:          1830996 kB
Inactive:        2309848 kB
Active(anon):      99416 kB
Inactive(anon):  1787540 kB
Active(file):    1731580 kB
Inactive(file):   522308 kB
Unevictable:        6048 kB
Mlocked:            5608 kB
SwapTotal:       4718584 kB
SwapFree:        4562424 kB
Dirty:               172 kB
Writeback:             0 kB
AnonPages:       1853832 kB
Mapped:           882320 kB
Shmem:             32820 kB
KReclaimable:     569000 kB
Slab:             295924 kB
SReclaimable:      73480 kB
SUnreclaim:       222444 kB
KernelStack:       46992 kB
ShadowCallStack:   11764 kB
PageTables:        68128 kB
NFS_Unstable:          0 kB
Bounce:                0 kB
WritebackTmp:          0 kB
CommitLimit:     8679780 kB
Committed_AS:   65716172 kB
VmallocTotal:   263061440 kB
VmallocUsed:      127908 kB
VmallocChunk:          0 kB
Percpu:             6264 kB
CmaTotal:         405504 kB
CmaFree:            1540 kB
MemTotal:        7922396 kB
MemFree:          407688 kB
MemAvailable:    2807564 kB
Buffers:           74808 kB
Cached:          2216480 kB
SwapCached:         1880 kB
Active:          1831008 kB
Inactive:        2311132 kB
Active(anon):      99404 kB
Inactive(anon):  1788820 kB
Active(file):    1731604 kB
Inactive(file):   522312 kB
Unevictable:        6048 kB
Mlocked:            5608 kB
SwapTotal:       4718584 kB
SwapFree:        4562424 kB
Dirty:               152 kB
Writeback:             0 kB
AnonPages:       1854880 kB
Mapped:           882304 kB
Shmem:             32820 kB
KReclaimable:     569000 kB
Slab:             295848 kB
SReclaimable:      73480 kB
SUnreclaim:       222368 kB
KernelStack:       47024 kB
ShadowCallStack:   11784 kB
PageTables:        68064 kB
NFS_Unstable:          0 kB
Bounce:                0 kB
WritebackTmp:          0 kB
CommitLimit:     8679780 kB
Committed_AS:   65716172 kB
VmallocTotal:   263061440 kB
VmallocUsed:      127888 kB
VmallocChunk:          0 kB
Percpu:             6264 kB
CmaTotal:         405504 kB
CmaFree:            1540 kB
MemTotal:        7922396 kB
MemFree:          408108 kB
MemAvailable:    2808004 kB
Buffers:           74808 kB
Cached:          2216500 kB
SwapCached:         1880 kB
Active:          1831012 kB
Inactive:        2311804 kB
Active(anon):      99408 kB
Inactive(anon):  1789472 kB
Active(file):    1731604 kB
Inactive(file):   522332 kB
Unevictable:        6048 kB
Mlocked:            5608 kB
SwapTotal:       4718584 kB
SwapFree:        4562424 kB
Dirty:               220 kB
Writeback:             0 kB
AnonPages:       1855700 kB
Mapped:           882240 kB
Shmem:             32820 kB
KReclaimable:     569000 kB
Slab:             295856 kB
SReclaimable:      73480 kB
SUnreclaim:       222376 kB
KernelStack:       46976 kB
ShadowCallStack:   11788 kB
PageTables:        68236 kB
NFS_Unstable:          0 kB
Bounce:                0 kB
WritebackTmp:          0 kB
CommitLimit:     8679780 kB
Committed_AS:   65716224 kB
VmallocTotal:   263061440 kB
VmallocUsed:      127892 kB
VmallocChunk:          0 kB
Percpu:             6264 kB
CmaTotal:         405504 kB
CmaFree:            1536 kB
MemTotal:        7922396 kB
MemFree:          406740 kB
MemAvailable:    2806636 kB
Buffers:           74808 kB
Cached:          2216500 kB
SwapCached:         1880 kB
Active:          1831016 kB
Inactive:        2312032 kB
Active(anon):      99412 kB
Inactive(anon):  1789700 kB
Active(file):    1731604 kB
Inactive(file):   522332 kB
Unevictable:        6048 kB
Mlocked:            5608 kB
SwapTotal:       4718584 kB
SwapFree:        4562424 kB
Dirty:               224 kB
Writeback:             0 kB
AnonPages:       1855996 kB
Mapped:           882348 kB
Shmem:             32820 kB
KReclaimable:     569000 kB
Slab:             295876 kB
SReclaimable:      73480 kB
SUnreclaim:       222396 kB
KernelStack:       47008 kB
ShadowCallStack:   11780 kB
PageTables:        68088 kB
NFS_Unstable:          0 kB
Bounce:                0 kB
WritebackTmp:          0 kB
CommitLimit:     8679780 kB
Committed_AS:   65716172 kB
VmallocTotal:   263061440 kB
VmallocUsed:      127876 kB
VmallocChunk:          0 kB
Percpu:             6264 kB
CmaTotal:         405504 kB
CmaFree:            1540 kB
MemTotal:        7922396 kB
MemFree:          407372 kB
MemAvailable:    2807300 kB
Buffers:           74808 kB
Cached:          2216516 kB
SwapCached:         1880 kB
Active:          1831012 kB
Inactive:        2311660 kB
Active(anon):      99408 kB
Inactive(anon):  1789312 kB
Active(file):    1731604 kB
Inactive(file):   522348 kB
Unevictable:        6048 kB
Mlocked:            5608 kB
SwapTotal:       4718584 kB
SwapFree:        4562424 kB
Dirty:               240 kB
Writeback:             0 kB
AnonPages:       1855496 kB
Mapped:           882156 kB
Shmem:             32820 kB
KReclaimable:     569016 kB
Slab:             295876 kB
SReclaimable:      73496 kB
SUnreclaim:       222380 kB
KernelStack:       46976 kB
ShadowCallStack:   11772 kB
PageTables:        68224 kB
NFS_Unstable:          0 kB
Bounce:                0 kB
WritebackTmp:          0 kB
CommitLimit:     8679780 kB
Committed_AS:   65716172 kB
VmallocTotal:   263061440 kB
VmallocUsed:      127892 kB
VmallocChunk:          0 kB
Percpu:             6264 kB
CmaTotal:         405504 kB
CmaFree:            1540 kB
MemTotal:        7922396 kB
MemFree:          406560 kB
MemAvailable:    2806528 kB
Buffers:           74808 kB
Cached:          2216524 kB
SwapCached:         1880 kB
Active:          1831012 kB
Inactive:        2311796 kB
Active(anon):      99408 kB
Inactive(anon):  1789440 kB
Active(file):    1731604 kB
Inactive(file):   522356 kB
Unevictable:        6048 kB
Mlocked:            5608 kB
SwapTotal:       4718584 kB
SwapFree:        4562424 kB
Dirty:               252 kB
Writeback:             0 kB
AnonPages:       1855504 kB
Mapped:           882140 kB
Shmem:             32820 kB
KReclaimable:     569048 kB
Slab:             295928 kB
SReclaimable:      73528 kB
SUnreclaim:       222400 kB
KernelStack:       47024 kB
ShadowCallStack:   11776 kB
PageTables:        68136 kB
NFS_Unstable:          0 kB
Bounce:                0 kB
WritebackTmp:          0 kB
CommitLimit:     8679780 kB
Committed_AS:   65716176 kB
VmallocTotal:   263061440 kB
VmallocUsed:      127880 kB
VmallocChunk:          0 kB
Percpu:             6264 kB
CmaTotal:         405504 kB
CmaFree:            1540 kB
MemTotal:        7922396 kB
MemFree:          406372 kB
MemAvailable:    2806364 kB
Buffers:           74832 kB
Cached:          2216524 kB
SwapCached:         1880 kB
Active:          1831024 kB
Inactive:        2312032 kB
Active(anon):      99404 kB
Inactive(anon):  1789668 kB
Active(file):    1731620 kB
Inactive(file):   522364 kB
Unevictable:        6048 kB
Mlocked:            5608 kB
SwapTotal:       4718584 kB
SwapFree:        4562424 kB
Dirty:               100 kB
Writeback:             0 kB
AnonPages:       1855900 kB
Mapped:           882176 kB
Shmem:             32820 kB
KReclaimable:     569048 kB
Slab:             295880 kB
SReclaimable:      73528 kB
SUnreclaim:       222352 kB
KernelStack:       46960 kB
ShadowCallStack:   11768 kB
PageTables:        68088 kB
NFS_Unstable:          0 kB
Bounce:                0 kB
WritebackTmp:          0 kB
CommitLimit:     8679780 kB
Committed_AS:   65716176 kB
VmallocTotal:   263061440 kB
VmallocUsed:      127892 kB
VmallocChunk:          0 kB
Percpu:             6264 kB
CmaTotal:         405504 kB
CmaFree:            1540 kB
MemTotal:        7922396 kB
MemFree:          409776 kB
MemAvailable:    2809820 kB
Buffers:           74832 kB
Cached:          2216544 kB
SwapCached:         1880 kB
Active:          1831040 kB
Inactive:        2308764 kB
Active(anon):      99412 kB
Inactive(anon):  1786388 kB
Active(file):    1731628 kB
Inactive(file):   522376 kB
Unevictable:        6048 kB
Mlocked:            5608 kB
SwapTotal:       4718584 kB
SwapFree:        4562424 kB
Dirty:               276 kB
Writeback:             0 kB
AnonPages:       1852692 kB
Mapped:           882156 kB
Shmem:             32820 kB
KReclaimable:     569080 kB
Slab:             295872 kB
SReclaimable:      73560 kB
SUnreclaim:       222312 kB
KernelStack:       46992 kB
ShadowCallStack:   11772 kB
PageTables:        68100 kB
NFS_Unstable:          0 kB
Bounce:                0 kB
WritebackTmp:          0 kB
CommitLimit:     8679780 kB
Committed_AS:   65712464 kB
VmallocTotal:   263061440 kB
VmallocUsed:      127908 kB
VmallocChunk:          0 kB
Percpu:             6264 kB
CmaTotal:         405504 kB
CmaFree:            2060 kB
MemTotal:        7922396 kB
MemFree:          410280 kB
MemAvailable:    2810324 kB
Buffers:           74832 kB
Cached:          2216544 kB
SwapCached:         1880 kB
Active:          1831020 kB
Inactive:        2308504 kB
Active(anon):      99392 kB
Inactive(anon):  1786128 kB
Active(file):    1731628 kB
Inactive(file):   522376 kB
Unevictable:        6048 kB
Mlocked:            5608 kB
SwapTotal:       4718584 kB
SwapFree:        4562424 kB
Dirty:               284 kB
Writeback:             0 kB
AnonPages:       1852268 kB
Mapped:           882344 kB
Shmem:             32820 kB
KReclaimable:     569080 kB
Slab:             295876 kB
SReclaimable:      73560 kB
SUnreclaim:       222316 kB
KernelStack:       46976 kB
ShadowCallStack:   11772 kB
PageTables:        67928 kB
NFS_Unstable:          0 kB
Bounce:                0 kB
WritebackTmp:          0 kB
CommitLimit:     8679780 kB
Committed_AS:   65712440 kB
VmallocTotal:   263061440 kB
VmallocUsed:      127876 kB
VmallocChunk:          0 kB
Percpu:             6264 kB
CmaTotal:         405504 kB
CmaFree:            2060 kB
MemTotal:        7922396 kB
MemFree:          409988 kB
MemAvailable:    2810044 kB
Buffers:           74832 kB
Cached:          2216556 kB
SwapCached:         1880 kB
Active:          1831032 kB
Inactive:        2307888 kB
Active(anon):      99404 kB
Inactive(anon):  1785500 kB
Active(file):    1731628 kB
Inactive(file):   522388 kB
Unevictable:        6048 kB
Mlocked:            5608 kB
SwapTotal:       4718584 kB
SwapFree:        4562424 kB
Dirty:               308 kB
Writeback:             0 kB
AnonPages:       1851880 kB
Mapped:           882176 kB
Shmem:             32820 kB
KReclaimable:     569080 kB
Slab:             295844 kB
SReclaimable:      73560 kB
SUnreclaim:       222284 kB
KernelStack:       46944 kB
ShadowCallStack:   11768 kB
PageTables:        68044 kB
NFS_Unstable:          0 kB
Bounce:                0 kB
WritebackTmp:          0 kB
CommitLimit:     8679780 kB
Committed_AS:   65712416 kB
VmallocTotal:   263061440 kB
VmallocUsed:      127856 kB
VmallocChunk:          0 kB
Percpu:             6264 kB
CmaTotal:         405504 kB
CmaFree:            2060 kB
MemTotal:        7922396 kB
MemFree:          410844 kB
MemAvailable:    2810904 kB
Buffers:           74832 kB
Cached:          2216560 kB
SwapCached:         1880 kB
Active:          1831036 kB
Inactive:        2308064 kB
Active(anon):      99408 kB
Inactive(anon):  1785672 kB
Active(file):    1731628 kB
Inactive(file):   522392 kB
Unevictable:        6048 kB
Mlocked:            5608 kB
SwapTotal:       4718584 kB
SwapFree:        4562424 kB
Dirty:               316 kB
Writeback:             0 kB
AnonPages:       1851868 kB
Mapped:           882340 kB
Shmem:             32820 kB
KReclaimable:     569080 kB
Slab:             295872 kB
SReclaimable:      73560 kB
SUnreclaim:       222312 kB
KernelStack:       46976 kB
ShadowCallStack:   11764 kB
PageTables:        68264 kB
NFS_Unstable:          0 kB
Bounce:                0 kB
WritebackTmp:          0 kB
CommitLimit:     8679780 kB
Committed_AS:   65712412 kB
VmallocTotal:   263061440 kB
VmallocUsed:      127856 kB
VmallocChunk:          0 kB
Percpu:             6264 kB
CmaTotal:         405504 kB
CmaFree:            2060 kB
MemTotal:        7922396 kB
MemFree:          409200 kB
MemAvailable:    2809288 kB
Buffers:           74848 kB
Cached:          2216592 kB
SwapCached:         1880 kB
Active:          1831052 kB
Inactive:        2309364 kB
Active(anon):      99408 kB
Inactive(anon):  1786960 kB
Active(file):    1731644 kB
Inactive(file):   522404 kB
Unevictable:        6048 kB
Mlocked:            5608 kB
SwapTotal:       4718584 kB
SwapFree:        4562424 kB
Dirty:               356 kB
Writeback:             0 kB
AnonPages:       1853356 kB
Mapped:           882204 kB
Shmem:             32840 kB
KReclaimable:     569080 kB
Slab:             295856 kB
SReclaimable:      73560 kB
SUnreclaim:       222296 kB
KernelStack:       46976 kB
ShadowCallStack:   11768 kB
PageTables:        68096 kB
NFS_Unstable:          0 kB
Bounce:                0 kB
WritebackTmp:          0 kB
CommitLimit:     8679780 kB
Committed_AS:   65712436 kB
VmallocTotal:   263061440 kB
VmallocUsed:      127856 kB
VmallocChunk:          0 kB
Percpu:             6264 kB
CmaTotal:         405504 kB
CmaFree:            2060 kB
MemTotal:        7922396 kB
MemFree:          409200 kB
MemAvailable:    2809292 kB
Buffers:           74848 kB
Cached:          2216596 kB
SwapCached:         1880 kB
Active:          1831052 kB
Inactive:        2308912 kB
Active(anon):      99408 kB
Inactive(anon):  1786504 kB
Active(file):    1731644 kB
Inactive(file):   522408 kB
Unevictable:        6048 kB
Mlocked:            5608 kB
SwapTotal:       4718584 kB
SwapFree:        4562424 kB
Dirty:               364 kB
Writeback:             0 kB
AnonPages:       1852900 kB
Mapped:           882212 kB
Shmem:             32840 kB
KReclaimable:     569080 kB
Slab:             295868 kB
SReclaimable:      73560 kB
SUnreclaim:       222308 kB
KernelStack:       46944 kB
ShadowCallStack:   11760 kB
PageTables:        68064 kB
NFS_Unstable:          0 kB
Bounce:                0 kB
WritebackTmp:          0 kB
CommitLimit:     8679780 kB
Committed_AS:   65711412 kB
VmallocTotal:   263061440 kB
VmallocUsed:      127884 kB
VmallocChunk:          0 kB
Percpu:             6264 kB
CmaTotal:         405504 kB
CmaFree:            2060 kB
MemTotal:        7922396 kB
MemFree:          409956 kB
MemAvailable:    2810056 kB
Buffers:           74848 kB
Cached:          2216604 kB
SwapCached:         1880 kB
Active:          1831040 kB
Inactive:        2308868 kB
Active(anon):      99396 kB
Inactive(anon):  1786452 kB
Active(file):    1731644 kB
Inactive(file):   522416 kB
Unevictable:        6048 kB
Mlocked:            5608 kB
SwapTotal:       4718584 kB
SwapFree:        4562424 kB
Dirty:               372 kB
Writeback:             0 kB
AnonPages:       1852712 kB
Mapped:           882220 kB
Shmem:             32840 kB
KReclaimable:     569080 kB
Slab:             295896 kB
SReclaimable:      73560 kB
SUnreclaim:       222336 kB
KernelStack:       46928 kB
ShadowCallStack:   11756 kB
PageTables:        68120 kB
NFS_Unstable:          0 kB
Bounce:                0 kB
WritebackTmp:          0 kB
CommitLimit:     8679780 kB
Committed_AS:   65711252 kB
VmallocTotal:   263061440 kB
VmallocUsed:      127812 kB
VmallocChunk:          0 kB
Percpu:             6264 kB
CmaTotal:         405504 kB
CmaFree:            2060 kB
MemTotal:        7922396 kB
MemFree:          409220 kB
MemAvailable:    2809340 kB
Buffers:           74856 kB
Cached:          2216616 kB
SwapCached:         1880 kB
Active:          1831036 kB
Inactive:        2309076 kB
Active(anon):      99384 kB
Inactive(anon):  1786648 kB
Active(file):    1731652 kB
Inactive(file):   522428 kB
Unevictable:        6048 kB
Mlocked:            5608 kB
SwapTotal:       4718584 kB
SwapFree:        4562424 kB
Dirty:               388 kB
Writeback:             0 kB
AnonPages:       1852960 kB
Mapped:           882348 kB
Shmem:             32840 kB
KReclaimable:     569080 kB
Slab:             295904 kB
SReclaimable:      73560 kB
SUnreclaim:       222344 kB
KernelStack:       46832 kB
ShadowCallStack:   11740 kB
PageTables:        67932 kB
NFS_Unstable:          0 kB
Bounce:                0 kB
WritebackTmp:          0 kB
CommitLimit:     8679780 kB
Committed_AS:   65711044 kB
VmallocTotal:   263061440 kB
VmallocUsed:      127748 kB
VmallocChunk:          0 kB
Percpu:             6264 kB
CmaTotal:         405504 kB
CmaFree:            2060 kB
MemTotal:        7922396 kB
MemFree:          418204 kB
MemAvailable:    2842984 kB
Buffers:           74856 kB
Cached:          2216620 kB
SwapCached:         1880 kB
Active:          1831044 kB
Inactive:        2298796 kB
Active(anon):      99392 kB
Inactive(anon):  1776364 kB
Active(file):    1731652 kB
Inactive(file):   522432 kB
Unevictable:        6048 kB
Mlocked:            5608 kB
SwapTotal:       4718584 kB
SwapFree:        4562424 kB
Dirty:               396 kB
Writeback:             0 kB
AnonPages:       1842704 kB
Mapped:           882240 kB
Shmem:             32840 kB
KReclaimable:     593736 kB
Slab:             295876 kB
SReclaimable:      73576 kB
SUnreclaim:       222300 kB
KernelStack:       46880 kB
ShadowCallStack:   11732 kB
PageTables:        68272 kB
NFS_Unstable:          0 kB
Bounce:                0 kB
WritebackTmp:          0 kB
CommitLimit:     8679780 kB
Committed_AS:   65703368 kB
VmallocTotal:   263061440 kB
VmallocUsed:      127744 kB
VmallocChunk:          0 kB
Percpu:             6264 kB
CmaTotal:         405504 kB
CmaFree:            2276 kB
MemTotal:        7922396 kB
MemFree:          329532 kB
MemAvailable:    2585128 kB
Buffers:           74876 kB
Cached:          2216836 kB
SwapCached:         1880 kB
Active:          1831120 kB
Inactive:        2392600 kB
Active(anon):      99388 kB
Inactive(anon):  1870156 kB
Active(file):    1731732 kB
Inactive(file):   522444 kB
Unevictable:        6048 kB
Mlocked:            5608 kB
SwapTotal:       4718584 kB
SwapFree:        4562424 kB
Dirty:               104 kB
Writeback:             0 kB
AnonPages:       1936152 kB
Mapped:           883616 kB
Shmem:             32984 kB
KReclaimable:     424460 kB
Slab:             296240 kB
SReclaimable:      73592 kB
SUnreclaim:       222648 kB
KernelStack:       46944 kB
ShadowCallStack:   11784 kB
PageTables:        68364 kB
NFS_Unstable:          0 kB
Bounce:                0 kB
WritebackTmp:          0 kB
CommitLimit:     8679780 kB
Committed_AS:   65706948 kB
VmallocTotal:   263061440 kB
VmallocUsed:      127856 kB
VmallocChunk:          0 kB
Percpu:             6264 kB
CmaTotal:         405504 kB
CmaFree:               0 kB
MemTotal:        7922396 kB
MemFree:          414300 kB
MemAvailable:    2804284 kB
Buffers:           74876 kB
Cached:          2216708 kB
SwapCached:         1880 kB
Active:          1831124 kB
Inactive:        2304088 kB
Active(anon):      99384 kB
Inactive(anon):  1781640 kB
Active(file):    1731740 kB
Inactive(file):   522448 kB
Unevictable:        6048 kB
Mlocked:            5608 kB
SwapTotal:       4718584 kB
SwapFree:        4562424 kB
Dirty:               264 kB
Writeback:             0 kB
AnonPages:       1847892 kB
Mapped:           882920 kB
Shmem:             32844 kB
KReclaimable:     558836 kB
Slab:             296048 kB
SReclaimable:      73592 kB
SUnreclaim:       222456 kB
KernelStack:       46848 kB
ShadowCallStack:   11740 kB
PageTables:        68164 kB
NFS_Unstable:          0 kB
Bounce:                0 kB
WritebackTmp:          0 kB
CommitLimit:     8679780 kB
Committed_AS:   65706516 kB
VmallocTotal:   263061440 kB
VmallocUsed:      127712 kB
VmallocChunk:          0 kB
Percpu:             6264 kB
CmaTotal:         405504 kB
CmaFree:            2716 kB
MemTotal:        7922396 kB
MemFree:          415116 kB
MemAvailable:    2805128 kB
Buffers:           74876 kB
Cached:          2216720 kB
SwapCached:         1880 kB
Active:          1831096 kB
Inactive:        2302816 kB
Active(anon):      99356 kB
Inactive(anon):  1780356 kB
Active(file):    1731740 kB
Inactive(file):   522460 kB
Unevictable:        6048 kB
Mlocked:            5608 kB
SwapTotal:       4718584 kB
SwapFree:        4562424 kB
Dirty:               276 kB
Writeback:             0 kB
AnonPages:       1846376 kB
Mapped:           882888 kB
Shmem:             32844 kB
KReclaimable:     558852 kB
Slab:             296060 kB
SReclaimable:      73608 kB
SUnreclaim:       222452 kB
KernelStack:       46752 kB
ShadowCallStack:   11720 kB
PageTables:        68048 kB
NFS_Unstable:          0 kB
Bounce:                0 kB
WritebackTmp:          0 kB
CommitLimit:     8679780 kB
Committed_AS:   65680308 kB
VmallocTotal:   263061440 kB
VmallocUsed:      127644 kB
VmallocChunk:          0 kB
Percpu:             6264 kB
CmaTotal:         405504 kB
CmaFree:            2844 kB
MemTotal:        7922396 kB
MemFree:          420248 kB
MemAvailable:    2810312 kB
Buffers:           74876 kB
Cached:          2216724 kB
SwapCached:         1880 kB
Active:          1831096 kB
Inactive:        2298416 kB
Active(anon):      99356 kB
Inactive(anon):  1775952 kB
Active(file):    1731740 kB
Inactive(file):   522464 kB
Unevictable:        6048 kB
Mlocked:            5608 kB
SwapTotal:       4718584 kB
SwapFree:        4562424 kB
Dirty:               284 kB
Writeback:             0 kB
AnonPages:       1842184 kB
Mapped:           882860 kB
Shmem:             32844 kB
KReclaimable:     558900 kB
Slab:             296084 kB
SReclaimable:      73656 kB
SUnreclaim:       222428 kB
KernelStack:       46656 kB
ShadowCallStack:   11680 kB
PageTables:        67912 kB
NFS_Unstable:          0 kB
Bounce:                0 kB
WritebackTmp:          0 kB
CommitLimit:     8679780 kB
Committed_AS:   65667144 kB
VmallocTotal:   263061440 kB
VmallocUsed:      127484 kB
VmallocChunk:          0 kB
Percpu:             6264 kB
CmaTotal:         405504 kB
CmaFree:            2856 kB
MemTotal:        7922396 kB
MemFree:          421280 kB
MemAvailable:    2811300 kB
Buffers:           74876 kB
Cached:          2216744 kB
SwapCached:         1880 kB
Active:          1831100 kB
Inactive:        2298540 kB
Active(anon):      99360 kB
Inactive(anon):  1776056 kB
Active(file):    1731740 kB
Inactive(file):   522484 kB
Unevictable:        6048 kB
Mlocked:            5608 kB
SwapTotal:       4718584 kB
SwapFree:        4562424 kB
Dirty:               304 kB
Writeback:             0 kB
AnonPages:       1842256 kB
Mapped:           882948 kB
Shmem:             32844 kB
KReclaimable:     558836 kB
Slab:             296024 kB
SReclaimable:      73592 kB
SUnreclaim:       222432 kB
KernelStack:       46688 kB
ShadowCallStack:   11692 kB
PageTables:        67856 kB
NFS_Unstable:          0 kB
Bounce:                0 kB
WritebackTmp:          0 kB
CommitLimit:     8679780 kB
Committed_AS:   65667148 kB
VmallocTotal:   263061440 kB
VmallocUsed:      127488 kB
VmallocChunk:          0 kB
Percpu:             6264 kB
CmaTotal:         405504 kB
CmaFree:            2844 kB
MemTotal:        7922396 kB
MemFree:          417116 kB
MemAvailable:    2798656 kB
Buffers:           74932 kB
Cached:          2216720 kB
SwapCached:         1880 kB
Active:          1831136 kB
Inactive:        2302664 kB
Active(anon):      99372 kB
Inactive(anon):  1780172 kB
Active(file):    1731764 kB
Inactive(file):   522492 kB
Unevictable:        6048 kB
Mlocked:            5608 kB
SwapTotal:       4718584 kB
SwapFree:        4562424 kB
Dirty:               344 kB
Writeback:            32 kB
AnonPages:       1846616 kB
Mapped:           882928 kB
Shmem:             32844 kB
KReclaimable:     550324 kB
Slab:             296076 kB
SReclaimable:      73592 kB
SUnreclaim:       222484 kB
KernelStack:       46688 kB
ShadowCallStack:   11704 kB
PageTables:        68104 kB
NFS_Unstable:          0 kB
Bounce:                0 kB
WritebackTmp:          0 kB
CommitLimit:     8679780 kB
Committed_AS:   65706100 kB
VmallocTotal:   263061440 kB
VmallocUsed:      127568 kB
VmallocChunk:          0 kB
Percpu:             6264 kB
CmaTotal:         405504 kB
CmaFree:            2844 kB
MemTotal:        7922396 kB
MemFree:          285972 kB
MemAvailable:    2272328 kB
Buffers:           74156 kB
Cached:          2192024 kB
SwapCached:         1880 kB
Active:          1752100 kB
Inactive:        2374844 kB
Active(anon):     100596 kB
Inactive(anon):  1797732 kB
Active(file):    1651504 kB
Inactive(file):   577112 kB
Unevictable:        6048 kB
Mlocked:            5608 kB
SwapTotal:       4718584 kB
SwapFree:        4559864 kB
Dirty:               392 kB
Writeback:             0 kB
AnonPages:       1865508 kB
Mapped:           884308 kB
Shmem:             32844 kB
KReclaimable:     425672 kB
Slab:             297128 kB
SReclaimable:      73480 kB
SUnreclaim:       223648 kB
KernelStack:       46704 kB
ShadowCallStack:   11700 kB
PageTables:        68312 kB
NFS_Unstable:          0 kB
Bounce:                0 kB
WritebackTmp:          0 kB
CommitLimit:     8679780 kB
Committed_AS:   65725044 kB
VmallocTotal:   263061440 kB
VmallocUsed:      127548 kB
VmallocChunk:          0 kB
Percpu:             6264 kB
CmaTotal:         405504 kB
CmaFree:             844 kB
MemTotal:        7922396 kB
MemFree:          514940 kB
MemAvailable:    2442296 kB
Buffers:           71704 kB
Cached:          2115596 kB
SwapCached:         1880 kB
Active:          1780300 kB
Inactive:        2246336 kB
Active(anon):     123680 kB
Inactive(anon):  1753036 kB
Active(file):    1656620 kB
Inactive(file):   493300 kB
Unevictable:        6048 kB
Mlocked:            5608 kB
SwapTotal:       4718584 kB
SwapFree:        4538360 kB
Dirty:               400 kB
Writeback:             0 kB
AnonPages:       1843620 kB
Mapped:           873844 kB
Shmem:             32828 kB
KReclaimable:     287448 kB
Slab:             297148 kB
SReclaimable:      73408 kB
SUnreclaim:       223740 kB
KernelStack:       46704 kB
ShadowCallStack:   11712 kB
PageTables:        68328 kB
NFS_Unstable:          0 kB
Bounce:                0 kB
WritebackTmp:          0 kB
CommitLimit:     8679780 kB
Committed_AS:   65725048 kB
VmallocTotal:   263061440 kB
VmallocUsed:      127552 kB
VmallocChunk:          0 kB
Percpu:             6264 kB
CmaTotal:         405504 kB
CmaFree:               0 kB
MemTotal:        7922396 kB
MemFree:          514972 kB
MemAvailable:    2442336 kB
Buffers:           71704 kB
Cached:          2115604 kB
SwapCached:         1880 kB
Active:          1780292 kB
Inactive:        2246440 kB
Active(anon):     123672 kB
Inactive(anon):  1753132 kB
Active(file):    1656620 kB
Inactive(file):   493308 kB
Unevictable:        6048 kB
Mlocked:            5608 kB
SwapTotal:       4718584 kB
SwapFree:        4538360 kB
Dirty:               412 kB
Writeback:             0 kB
AnonPages:       1843476 kB
Mapped:           873856 kB
Shmem:             32828 kB
KReclaimable:     287448 kB
Slab:             297172 kB
SReclaimable:      73408 kB
SUnreclaim:       223764 kB
KernelStack:       46720 kB
ShadowCallStack:   11696 kB
PageTables:        68260 kB
NFS_Unstable:          0 kB
Bounce:                0 kB
WritebackTmp:          0 kB
CommitLimit:     8679780 kB
Committed_AS:   65725048 kB
VmallocTotal:   263061440 kB
VmallocUsed:      127552 kB
VmallocChunk:          0 kB
Percpu:             6264 kB
CmaTotal:         405504 kB
CmaFree:               0 kB
MemTotal:        7922396 kB
MemFree:          514996 kB
MemAvailable:    2442364 kB
Buffers:           71704 kB
Cached:          2115608 kB
SwapCached:         1880 kB
Active:          1780300 kB
Inactive:        2246948 kB
Active(anon):     123676 kB
Inactive(anon):  1753640 kB
Active(file):    1656624 kB
Inactive(file):   493308 kB
Unevictable:        6048 kB
Mlocked:            5608 kB
SwapTotal:       4718584 kB
SwapFree:        4538360 kB
Dirty:               416 kB
Writeback:             0 kB
AnonPages:       1844312 kB
Mapped:           873908 kB
Shmem:             32828 kB
KReclaimable:     287448 kB
Slab:             297440 kB
SReclaimable:      73408 kB
SUnreclaim:       224032 kB
KernelStack:       46688 kB
ShadowCallStack:   11708 kB
PageTables:        68468 kB
NFS_Unstable:          0 kB
Bounce:                0 kB
WritebackTmp:          0 kB
CommitLimit:     8679780 kB
Committed_AS:   65725044 kB
VmallocTotal:   263061440 kB
VmallocUsed:      127532 kB
VmallocChunk:          0 kB
Percpu:             6264 kB
CmaTotal:         405504 kB
CmaFree:               0 kB
MemTotal:        7922396 kB
MemFree:          513608 kB
MemAvailable:    2441056 kB
Buffers:           71712 kB
Cached:          2115688 kB
SwapCached:         1880 kB
Active:          1780312 kB
Inactive:        2247228 kB
Active(anon):     123676 kB
Inactive(anon):  1753844 kB
Active(file):    1656636 kB
Inactive(file):   493384 kB
Unevictable:        6048 kB
Mlocked:            5608 kB
SwapTotal:       4718584 kB
SwapFree:        4538360 kB
Dirty:               432 kB
Writeback:             0 kB
AnonPages:       1844500 kB
Mapped:           873880 kB
Shmem:             32828 kB
KReclaimable:     287432 kB
Slab:             297244 kB
SReclaimable:      73392 kB
SUnreclaim:       223852 kB
KernelStack:       46720 kB
ShadowCallStack:   11684 kB
PageTables:        68132 kB
NFS_Unstable:          0 kB
Bounce:                0 kB
WritebackTmp:          0 kB
CommitLimit:     8679780 kB
Committed_AS:   65725044 kB
VmallocTotal:   263061440 kB
VmallocUsed:      127564 kB
VmallocChunk:          0 kB
Percpu:             6264 kB
CmaTotal:         405504 kB
CmaFree:               0 kB
MemTotal:        7922396 kB
MemFree:          510848 kB
MemAvailable:    2438360 kB
Buffers:           71744 kB
Cached:          2115696 kB
SwapCached:         1880 kB
Active:          1780352 kB
Inactive:        2247048 kB
Active(anon):     123680 kB
Inactive(anon):  1753660 kB
Active(file):    1656672 kB
Inactive(file):   493388 kB
Unevictable:        6048 kB
Mlocked:            5608 kB
SwapTotal:       4718584 kB
SwapFree:        4538360 kB
Dirty:               392 kB
Writeback:             0 kB
AnonPages:       1844220 kB
Mapped:           873924 kB
Shmem:             32828 kB
KReclaimable:     287480 kB
Slab:             297332 kB
SReclaimable:      73440 kB
SUnreclaim:       223892 kB
KernelStack:       46720 kB
ShadowCallStack:   11708 kB
PageTables:        68188 kB
NFS_Unstable:          0 kB
Bounce:                0 kB
WritebackTmp:          0 kB
CommitLimit:     8679780 kB
Committed_AS:   65725044 kB
VmallocTotal:   263061440 kB
VmallocUsed:      127536 kB
VmallocChunk:          0 kB
Percpu:             6264 kB
CmaTotal:         405504 kB
CmaFree:             512 kB
MemTotal:        7922396 kB
MemFree:          511988 kB
MemAvailable:    2439524 kB
Buffers:           71744 kB
Cached:          2115704 kB
SwapCached:         1880 kB
Active:          1780360 kB
Inactive:        2247348 kB
Active(anon):     123688 kB
Inactive(anon):  1753952 kB
Active(file):    1656672 kB
Inactive(file):   493396 kB
Unevictable:        6048 kB
Mlocked:            5608 kB
SwapTotal:       4718584 kB
SwapFree:        4538360 kB
Dirty:               400 kB
Writeback:             0 kB
AnonPages:       1844492 kB
Mapped:           873884 kB
Shmem:             32828 kB
KReclaimable:     287512 kB
Slab:             297324 kB
SReclaimable:      73472 kB
SUnreclaim:       223852 kB
KernelStack:       46736 kB
ShadowCallStack:   11700 kB
PageTables:        68332 kB
NFS_Unstable:          0 kB
Bounce:                0 kB
WritebackTmp:          0 kB
CommitLimit:     8679780 kB
Committed_AS:   65725044 kB
VmallocTotal:   263061440 kB
VmallocUsed:      127532 kB
VmallocChunk:          0 kB
Percpu:             6264 kB
CmaTotal:         405504 kB
CmaFree:             512 kB
MemTotal:        7922396 kB
MemFree:          509740 kB
MemAvailable:    2437300 kB
Buffers:           71744 kB
Cached:          2115712 kB
SwapCached:         1880 kB
Active:          1780352 kB
Inactive:        2247980 kB
Active(anon):     123680 kB
Inactive(anon):  1754576 kB
Active(file):    1656672 kB
Inactive(file):   493404 kB
Unevictable:        6048 kB
Mlocked:            5608 kB
SwapTotal:       4718584 kB
SwapFree:        4538360 kB
Dirty:               420 kB
Writeback:             0 kB
AnonPages:       1845132 kB
Mapped:           874096 kB
Shmem:             32828 kB
KReclaimable:     287544 kB
Slab:             297336 kB
SReclaimable:      73504 kB
SUnreclaim:       223832 kB
KernelStack:       46688 kB
ShadowCallStack:   11696 kB
PageTables:        68408 kB
NFS_Unstable:          0 kB
Bounce:                0 kB
WritebackTmp:          0 kB
CommitLimit:     8679780 kB
Committed_AS:   65725044 kB
VmallocTotal:   263061440 kB
VmallocUsed:      127516 kB
VmallocChunk:          0 kB
Percpu:             6264 kB
CmaTotal:         405504 kB
CmaFree:             512 kB
MemTotal:        7922396 kB
MemFree:          509092 kB
MemAvailable:    2436692 kB
Buffers:           71760 kB
Cached:          2115720 kB
SwapCached:         1880 kB
Active:          1780360 kB
Inactive:        2248708 kB
Active(anon):     123676 kB
Inactive(anon):  1755292 kB
Active(file):    1656684 kB
Inactive(file):   493416 kB
Unevictable:        6048 kB
Mlocked:            5608 kB
SwapTotal:       4718584 kB
SwapFree:        4538360 kB
Dirty:               444 kB
Writeback:            24 kB
AnonPages:       1845972 kB
Mapped:           873960 kB
Shmem:             32828 kB
KReclaimable:     287576 kB
Slab:             297388 kB
SReclaimable:      73536 kB
SUnreclaim:       223852 kB
KernelStack:       46720 kB
ShadowCallStack:   11704 kB
PageTables:        68408 kB
NFS_Unstable:          0 kB
Bounce:                0 kB
WritebackTmp:          0 kB
CommitLimit:     8679780 kB
Committed_AS:   65725044 kB
VmallocTotal:   263061440 kB
VmallocUsed:      127568 kB
VmallocChunk:          0 kB
Percpu:             6264 kB
CmaTotal:         405504 kB
CmaFree:             512 kB
MemTotal:        7922396 kB
MemFree:          508732 kB
MemAvailable:    2436348 kB
Buffers:           71760 kB
Cached:          2115736 kB
SwapCached:         1880 kB
Active:          1780408 kB
Inactive:        2249208 kB
Active(anon):     123672 kB
Inactive(anon):  1755828 kB
Active(file):    1656736 kB
Inactive(file):   493380 kB
Unevictable:        6048 kB
Mlocked:            5608 kB
SwapTotal:       4718584 kB
SwapFree:        4538360 kB
Dirty:               468 kB
Writeback:             0 kB
AnonPages:       1846444 kB
Mapped:           873992 kB
Shmem:             32828 kB
KReclaimable:     287576 kB
Slab:             297456 kB
SReclaimable:      73536 kB
SUnreclaim:       223920 kB
KernelStack:       46688 kB
ShadowCallStack:   11692 kB
PageTables:        68300 kB
NFS_Unstable:          0 kB
Bounce:                0 kB
WritebackTmp:          0 kB
CommitLimit:     8679780 kB
Committed_AS:   65724996 kB
VmallocTotal:   263061440 kB
VmallocUsed:      127516 kB
VmallocChunk:          0 kB
Percpu:             6264 kB
CmaTotal:         405504 kB
CmaFree:             512 kB
MemTotal:        7922396 kB
MemFree:          507740 kB
MemAvailable:    2435312 kB
Buffers:           71760 kB
Cached:          2115740 kB
SwapCached:         1880 kB
Active:          1780420 kB
Inactive:        2249584 kB
Active(anon):     123684 kB
Inactive(anon):  1756200 kB
Active(file):    1656736 kB
Inactive(file):   493384 kB
Unevictable:        6048 kB
Mlocked:            5608 kB
SwapTotal:       4718584 kB
SwapFree:        4538360 kB
Dirty:               480 kB
Writeback:             0 kB
AnonPages:       1846724 kB
Mapped:           874260 kB
Shmem:             32828 kB
KReclaimable:     287480 kB
Slab:             297236 kB
SReclaimable:      73440 kB
SUnreclaim:       223796 kB
KernelStack:       46688 kB
ShadowCallStack:   11692 kB
PageTables:        68208 kB
NFS_Unstable:          0 kB
Bounce:                0 kB
WritebackTmp:          0 kB
CommitLimit:     8679780 kB
Committed_AS:   65724992 kB
VmallocTotal:   263061440 kB
VmallocUsed:      127528 kB
VmallocChunk:          0 kB
Percpu:             6264 kB
CmaTotal:         405504 kB
CmaFree:             512 kB
MemTotal:        7922396 kB
MemFree:          507900 kB
MemAvailable:    2435484 kB
Buffers:           71760 kB
Cached:          2115752 kB
SwapCached:         1880 kB
Active:          1780416 kB
Inactive:        2249948 kB
Active(anon):     123680 kB
Inactive(anon):  1756552 kB
Active(file):    1656736 kB
Inactive(file):   493396 kB
Unevictable:        6048 kB
Mlocked:            5608 kB
SwapTotal:       4718584 kB
SwapFree:        4538360 kB
Dirty:               500 kB
Writeback:             0 kB
AnonPages:       1847148 kB
Mapped:           874112 kB
Shmem:             32828 kB
KReclaimable:     287480 kB
Slab:             297216 kB
SReclaimable:      73440 kB
SUnreclaim:       223776 kB
KernelStack:       46688 kB
ShadowCallStack:   11696 kB
PageTables:        68368 kB
NFS_Unstable:          0 kB
Bounce:                0 kB
WritebackTmp:          0 kB
CommitLimit:     8679780 kB
Committed_AS:   65724996 kB
VmallocTotal:   263061440 kB
VmallocUsed:      127528 kB
VmallocChunk:          0 kB
Percpu:             6264 kB
CmaTotal:         405504 kB
CmaFree:             512 kB
MemTotal:        7922396 kB
MemFree:          509144 kB
MemAvailable:    2436732 kB
Buffers:           71760 kB
Cached:          2115756 kB
SwapCached:         1880 kB
Active:          1780416 kB
Inactive:        2250280 kB
Active(anon):     123680 kB
Inactive(anon):  1756880 kB
Active(file):    1656736 kB
Inactive(file):   493400 kB
Unevictable:        6048 kB
Mlocked:            5608 kB
SwapTotal:       4718584 kB
SwapFree:        4538360 kB
Dirty:               504 kB
Writeback:             0 kB
AnonPages:       1847296 kB
Mapped:           873892 kB
Shmem:             32828 kB
KReclaimable:     287480 kB
Slab:             297320 kB
SReclaimable:      73440 kB
SUnreclaim:       223880 kB
KernelStack:       46736 kB
ShadowCallStack:   11696 kB
PageTables:        68556 kB
NFS_Unstable:          0 kB
Bounce:                0 kB
WritebackTmp:          0 kB
CommitLimit:     8679780 kB
Committed_AS:   65724992 kB
VmallocTotal:   263061440 kB
VmallocUsed:      127532 kB
VmallocChunk:          0 kB
Percpu:             6264 kB
CmaTotal:         405504 kB
CmaFree:             512 kB
MemTotal:        7922396 kB
MemFree:          348144 kB
MemAvailable:    2268708 kB
Buffers:           71772 kB
Cached:          2115836 kB
SwapCached:         1880 kB
Active:          1780424 kB
Inactive:        2296204 kB
Active(anon):     123676 kB
Inactive(anon):  1802800 kB
Active(file):    1656748 kB
Inactive(file):   493404 kB
Unevictable:        6048 kB
Mlocked:            5608 kB
SwapTotal:       4718584 kB
SwapFree:        4538360 kB
Dirty:               160 kB
Writeback:             0 kB
AnonPages:       1893316 kB
Mapped:           874448 kB
Shmem:             32904 kB
KReclaimable:     273400 kB
Slab:             297536 kB
SReclaimable:      73440 kB
SUnreclaim:       224096 kB
KernelStack:       46768 kB
ShadowCallStack:   11716 kB
PageTables:        68376 kB
NFS_Unstable:          0 kB
Bounce:                0 kB
WritebackTmp:          0 kB
CommitLimit:     8679780 kB
Committed_AS:   65725372 kB
VmallocTotal:   263061440 kB
VmallocUsed:      127628 kB
VmallocChunk:          0 kB
Percpu:             6264 kB
CmaTotal:         405504 kB
CmaFree:               0 kB
MemTotal:        7922396 kB
MemFree:          458812 kB
MemAvailable:    2346024 kB
Buffers:           71772 kB
Cached:          2014164 kB
SwapCached:         1880 kB
Active:          1555000 kB
Inactive:        2462228 kB
Active(anon):     123672 kB
Inactive(anon):  1845144 kB
Active(file):    1431328 kB
Inactive(file):   617084 kB
Unevictable:        6048 kB
Mlocked:            5608 kB
SwapTotal:       4718584 kB
SwapFree:        4538360 kB
Dirty:               184 kB
Writeback:             0 kB
AnonPages:       1935660 kB
Mapped:           874516 kB
Shmem:             32972 kB
KReclaimable:     215592 kB
Slab:             297352 kB
SReclaimable:      73296 kB
SUnreclaim:       224056 kB
KernelStack:       46768 kB
ShadowCallStack:   11716 kB
PageTables:        68580 kB
NFS_Unstable:          0 kB
Bounce:                0 kB
WritebackTmp:          0 kB
CommitLimit:     8679780 kB
Committed_AS:   65725376 kB
VmallocTotal:   263061440 kB
VmallocUsed:      127636 kB
VmallocChunk:          0 kB
Percpu:             6264 kB
CmaTotal:         405504 kB
CmaFree:              20 kB
MemTotal:        7922396 kB
MemFree:          545648 kB
MemAvailable:    2553772 kB
Buffers:           71772 kB
Cached:          2014028 kB
SwapCached:         1880 kB
Active:          1555020 kB
Inactive:        2374784 kB
Active(anon):     123676 kB
Inactive(anon):  1757708 kB
Active(file):    1431344 kB
Inactive(file):   617076 kB
Unevictable:        6048 kB
Mlocked:            5608 kB
SwapTotal:       4718584 kB
SwapFree:        4538360 kB
Dirty:               192 kB
Writeback:             0 kB
AnonPages:       1848228 kB
Mapped:           873944 kB
Shmem:             32828 kB
KReclaimable:     349976 kB
Slab:             297192 kB
SReclaimable:      73296 kB
SUnreclaim:       223896 kB
KernelStack:       46688 kB
ShadowCallStack:   11704 kB
PageTables:        68380 kB
NFS_Unstable:          0 kB
Bounce:                0 kB
WritebackTmp:          0 kB
CommitLimit:     8679780 kB
Committed_AS:   65724992 kB
VmallocTotal:   263061440 kB
VmallocUsed:      127516 kB
VmallocChunk:          0 kB
Percpu:             6264 kB
CmaTotal:         405504 kB
CmaFree:             932 kB
MemTotal:        7922396 kB
MemFree:          546132 kB
MemAvailable:    2554312 kB
Buffers:           71772 kB
Cached:          2014036 kB
SwapCached:         1880 kB
Active:          1555020 kB
Inactive:        2374940 kB
Active(anon):     123672 kB
Inactive(anon):  1757860 kB
Active(file):    1431348 kB
Inactive(file):   617080 kB
Unevictable:        6048 kB
Mlocked:            5608 kB
SwapTotal:       4718584 kB
SwapFree:        4538360 kB
Dirty:               204 kB
Writeback:             0 kB
AnonPages:       1848396 kB
