MemTotal:       12113144 kB
MemFree:         6927140 kB
MemAvailable:    8317464 kB
Buffers:            5140 kB
Cached:          1593816 kB
SwapCached:            0 kB
Active:          1314784 kB
Inactive:        1395928 kB
Active(anon):    1118304 kB
Inactive(anon):    17172 kB
Active(file):     196480 kB
Inactive(file):  1378756 kB
Unevictable:        5528 kB
Mlocked:            5528 kB
SwapTotal:       3145724 kB
SwapFree:        3145724 kB
Dirty:               212 kB
Writeback:             0 kB
AnonPages:       1117260 kB
Mapped:           811148 kB
Shmem:             19228 kB
KReclaimable:     683792 kB
Slab:             206284 kB
SReclaimable:      66632 kB
SUnreclaim:       139652 kB
KernelStack:       43616 kB
PageTables:        60280 kB
NFS_Unstable:          0 kB
Bounce:                0 kB
WritebackTmp:          0 kB
CommitLimit:     9202296 kB
Committed_AS:   65708512 kB
VmallocTotal:   263061440 kB
VmallocUsed:      100576 kB
VmallocChunk:          0 kB
Percpu:             7616 kB
CmaTotal:         294912 kB
CmaFree:               0 kB
MemTotal:       12113144 kB
MemFree:         6919176 kB
MemAvailable:    8309500 kB
Buffers:            5140 kB
Cached:          1593816 kB
SwapCached:            0 kB
Active:          1322060 kB
Inactive:        1395928 kB
Active(anon):    1125580 kB
Inactive(anon):    17172 kB
Active(file):     196480 kB
Inactive(file):  1378756 kB
Unevictable:        5528 kB
Mlocked:            5528 kB
SwapTotal:       3145724 kB
SwapFree:        3145724 kB
Dirty:               212 kB
Writeback:             0 kB
AnonPages:       1125024 kB
Mapped:           808920 kB
Shmem:             19228 kB
KReclaimable:     683792 kB
Slab:             206312 kB
SReclaimable:      66632 kB
SUnreclaim:       139680 kB
KernelStack:       43680 kB
PageTables:        60256 kB
NFS_Unstable:          0 kB
Bounce:                0 kB
WritebackTmp:          0 kB
CommitLimit:     9202296 kB
Committed_AS:   65703072 kB
VmallocTotal:   263061440 kB
VmallocUsed:      100640 kB
VmallocChunk:          0 kB
Percpu:             7616 kB
CmaTotal:         294912 kB
CmaFree:               0 kB
MemTotal:       12113144 kB
MemFree:         6918232 kB
MemAvailable:    8308556 kB
Buffers:            5140 kB
Cached:          1593840 kB
SwapCached:            0 kB
Active:          1322320 kB
Inactive:        1395952 kB
Active(anon):    1125840 kB
Inactive(anon):    17196 kB
Active(file):     196480 kB
Inactive(file):  1378756 kB
Unevictable:        5528 kB
Mlocked:            5528 kB
SwapTotal:       3145724 kB
SwapFree:        3145724 kB
Dirty:               212 kB
Writeback:             0 kB
AnonPages:       1124884 kB
Mapped:           808684 kB
Shmem:             19252 kB
KReclaimable:     683792 kB
Slab:             206304 kB
SReclaimable:      66632 kB
SUnreclaim:       139672 kB
KernelStack:       43680 kB
PageTables:        60256 kB
NFS_Unstable:          0 kB
Bounce:                0 kB
WritebackTmp:          0 kB
CommitLimit:     9202296 kB
Committed_AS:   65703020 kB
VmallocTotal:   263061440 kB
VmallocUsed:      100656 kB
VmallocChunk:          0 kB
Percpu:             7616 kB
CmaTotal:         294912 kB
CmaFree:               0 kB
MemTotal:       12113144 kB
MemFree:         6917820 kB
MemAvailable:    8308144 kB
Buffers:            5140 kB
Cached:          1593840 kB
SwapCached:            0 kB
Active:          1322800 kB
Inactive:        1395952 kB
Active(anon):    1126320 kB
Inactive(anon):    17196 kB
Active(file):     196480 kB
Inactive(file):  1378756 kB
Unevictable:        5528 kB
Mlocked:            5528 kB
SwapTotal:       3145724 kB
SwapFree:        3145724 kB
Dirty:               216 kB
Writeback:             0 kB
AnonPages:       1125492 kB
Mapped:           808684 kB
Shmem:             19252 kB
KReclaimable:     683792 kB
Slab:             206296 kB
SReclaimable:      66632 kB
SUnreclaim:       139664 kB
KernelStack:       43712 kB
PageTables:        60256 kB
NFS_Unstable:          0 kB
Bounce:                0 kB
WritebackTmp:          0 kB
CommitLimit:     9202296 kB
Committed_AS:   65711148 kB
VmallocTotal:   263061440 kB
VmallocUsed:      100704 kB
VmallocChunk:          0 kB
Percpu:             7616 kB
CmaTotal:         294912 kB
CmaFree:               0 kB
MemTotal:       12113144 kB
MemFree:         6917200 kB
MemAvailable:    8307524 kB
Buffers:            5140 kB
Cached:          1593840 kB
SwapCached:            0 kB
Active:          1323632 kB
Inactive:        1395952 kB
Active(anon):    1127152 kB
Inactive(anon):    17196 kB
Active(file):     196480 kB
Inactive(file):  1378756 kB
Unevictable:        5528 kB
Mlocked:            5528 kB
SwapTotal:       3145724 kB
SwapFree:        3145724 kB
Dirty:               216 kB
Writeback:             0 kB
AnonPages:       1126156 kB
Mapped:           808684 kB
Shmem:             19252 kB
KReclaimable:     683792 kB
Slab:             206300 kB
SReclaimable:      66632 kB
SUnreclaim:       139668 kB
KernelStack:       43712 kB
PageTables:        60260 kB
NFS_Unstable:          0 kB
Bounce:                0 kB
WritebackTmp:          0 kB
CommitLimit:     9202296 kB
Committed_AS:   65710848 kB
VmallocTotal:   263061440 kB
VmallocUsed:      100704 kB
VmallocChunk:          0 kB
Percpu:             7616 kB
CmaTotal:         294912 kB
CmaFree:               0 kB
MemTotal:       12113144 kB
MemFree:         6917132 kB
MemAvailable:    8307456 kB
Buffers:            5140 kB
Cached:          1593840 kB
SwapCached:            0 kB
Active:          1324248 kB
Inactive:        1395952 kB
Active(anon):    1127768 kB
Inactive(anon):    17196 kB
Active(file):     196480 kB
Inactive(file):  1378756 kB
Unevictable:        5528 kB
Mlocked:            5528 kB
SwapTotal:       3145724 kB
SwapFree:        3145724 kB
Dirty:               216 kB
Writeback:             0 kB
AnonPages:       1126804 kB
Mapped:           808944 kB
Shmem:             19252 kB
KReclaimable:     683792 kB
Slab:             206300 kB
SReclaimable:      66632 kB
SUnreclaim:       139668 kB
KernelStack:       43712 kB
PageTables:        60252 kB
NFS_Unstable:          0 kB
Bounce:                0 kB
WritebackTmp:          0 kB
CommitLimit:     9202296 kB
Committed_AS:   65710972 kB
VmallocTotal:   263061440 kB
VmallocUsed:      100688 kB
VmallocChunk:          0 kB
Percpu:             7616 kB
CmaTotal:         294912 kB
CmaFree:               0 kB
MemTotal:       12113144 kB
MemFree:         6916820 kB
MemAvailable:    8307144 kB
Buffers:            5140 kB
Cached:          1593840 kB
SwapCached:            0 kB
Active:          1324448 kB
Inactive:        1395952 kB
Active(anon):    1127968 kB
Inactive(anon):    17196 kB
Active(file):     196480 kB
Inactive(file):  1378756 kB
Unevictable:        5528 kB
Mlocked:            5528 kB
SwapTotal:       3145724 kB
SwapFree:        3145724 kB
Dirty:               216 kB
Writeback:             0 kB
AnonPages:       1127036 kB
Mapped:           808944 kB
Shmem:             19252 kB
KReclaimable:     683792 kB
Slab:             206308 kB
SReclaimable:      66632 kB
SUnreclaim:       139676 kB
KernelStack:       43712 kB
PageTables:        60256 kB
NFS_Unstable:          0 kB
Bounce:                0 kB
WritebackTmp:          0 kB
CommitLimit:     9202296 kB
Committed_AS:   65710612 kB
VmallocTotal:   263061440 kB
VmallocUsed:      100656 kB
VmallocChunk:          0 kB
Percpu:             7616 kB
CmaTotal:         294912 kB
CmaFree:               0 kB
MemTotal:       12113144 kB
MemFree:         6920252 kB
MemAvailable:    8310576 kB
Buffers:            5140 kB
Cached:          1593844 kB
SwapCached:            0 kB
Active:          1319420 kB
Inactive:        1395956 kB
Active(anon):    1122940 kB
Inactive(anon):    17200 kB
Active(file):     196480 kB
Inactive(file):  1378756 kB
Unevictable:        5528 kB
Mlocked:            5528 kB
SwapTotal:       3145724 kB
SwapFree:        3145724 kB
Dirty:               216 kB
Writeback:             0 kB
AnonPages:       1121908 kB
Mapped:           808948 kB
Shmem:             19256 kB
KReclaimable:     683792 kB
Slab:             206300 kB
SReclaimable:      66632 kB
SUnreclaim:       139668 kB
KernelStack:       43728 kB
PageTables:        60256 kB
NFS_Unstable:          0 kB
Bounce:                0 kB
WritebackTmp:          0 kB
CommitLimit:     9202296 kB
Committed_AS:   65708696 kB
VmallocTotal:   263061440 kB
VmallocUsed:      100720 kB
VmallocChunk:          0 kB
Percpu:             7616 kB
CmaTotal:         294912 kB
CmaFree:               0 kB
MemTotal:       12113144 kB
MemFree:         6919844 kB
MemAvailable:    8310176 kB
Buffers:            5140 kB
Cached:          1593848 kB
SwapCached:            0 kB
Active:          1319788 kB
Inactive:        1395960 kB
Active(anon):    1123308 kB
Inactive(anon):    17200 kB
Active(file):     196480 kB
Inactive(file):  1378760 kB
Unevictable:        5528 kB
Mlocked:            5528 kB
SwapTotal:       3145724 kB
SwapFree:        3145724 kB
Dirty:               232 kB
Writeback:             0 kB
AnonPages:       1122440 kB
Mapped:           808948 kB
Shmem:             19256 kB
KReclaimable:     683796 kB
Slab:             206304 kB
SReclaimable:      66636 kB
SUnreclaim:       139668 kB
KernelStack:       43728 kB
PageTables:        60268 kB
NFS_Unstable:          0 kB
Bounce:                0 kB
WritebackTmp:          0 kB
CommitLimit:     9202296 kB
Committed_AS:   65709188 kB
VmallocTotal:   263061440 kB
VmallocUsed:      100720 kB
VmallocChunk:          0 kB
Percpu:             7616 kB
CmaTotal:         294912 kB
CmaFree:               0 kB
MemTotal:       12113144 kB
MemFree:         6920064 kB
MemAvailable:    8310396 kB
Buffers:            5140 kB
Cached:          1593860 kB
SwapCached:            0 kB
Active:          1321076 kB
Inactive:        1395972 kB
Active(anon):    1124596 kB
Inactive(anon):    17212 kB
Active(file):     196480 kB
Inactive(file):  1378760 kB
Unevictable:        5528 kB
Mlocked:            5528 kB
SwapTotal:       3145724 kB
SwapFree:        3145724 kB
Dirty:               256 kB
Writeback:             0 kB
AnonPages:       1123576 kB
Mapped:           808960 kB
Shmem:             19268 kB
KReclaimable:     683796 kB
Slab:             206304 kB
SReclaimable:      66636 kB
SUnreclaim:       139668 kB
KernelStack:       43728 kB
PageTables:        60256 kB
NFS_Unstable:          0 kB
Bounce:                0 kB
WritebackTmp:          0 kB
CommitLimit:     9202296 kB
Committed_AS:   65708836 kB
VmallocTotal:   263061440 kB
VmallocUsed:      100688 kB
VmallocChunk:          0 kB
Percpu:             7616 kB
CmaTotal:         294912 kB
CmaFree:               0 kB
MemTotal:       12113144 kB
MemFree:         6919116 kB
MemAvailable:    8309448 kB
Buffers:            5140 kB
Cached:          1593860 kB
SwapCached:            0 kB
Active:          1321420 kB
Inactive:        1395972 kB
Active(anon):    1124940 kB
Inactive(anon):    17212 kB
Active(file):     196480 kB
Inactive(file):  1378760 kB
Unevictable:        5528 kB
Mlocked:            5528 kB
SwapTotal:       3145724 kB
SwapFree:        3145724 kB
Dirty:               300 kB
Writeback:             0 kB
AnonPages:       1123956 kB
Mapped:           808960 kB
Shmem:             19268 kB
KReclaimable:     683796 kB
Slab:             206316 kB
SReclaimable:      66636 kB
SUnreclaim:       139680 kB
KernelStack:       43760 kB
PageTables:        60256 kB
NFS_Unstable:          0 kB
Bounce:                0 kB
WritebackTmp:          0 kB
CommitLimit:     9202296 kB
Committed_AS:   65708844 kB
VmallocTotal:   263061440 kB
VmallocUsed:      100672 kB
VmallocChunk:          0 kB
Percpu:             7616 kB
CmaTotal:         294912 kB
CmaFree:               0 kB
MemTotal:       12113144 kB
MemFree:         6920624 kB
MemAvailable:    8310956 kB
Buffers:            5140 kB
Cached:          1593860 kB
SwapCached:            0 kB
Active:          1320124 kB
Inactive:        1395972 kB
Active(anon):    1123644 kB
Inactive(anon):    17212 kB
Active(file):     196480 kB
Inactive(file):  1378760 kB
Unevictable:        5528 kB
Mlocked:            5528 kB
SwapTotal:       3145724 kB
SwapFree:        3145724 kB
Dirty:               300 kB
Writeback:             0 kB
AnonPages:       1122328 kB
Mapped:           808960 kB
Shmem:             19268 kB
KReclaimable:     683796 kB
Slab:             206304 kB
SReclaimable:      66636 kB
SUnreclaim:       139668 kB
KernelStack:       43760 kB
PageTables:        60268 kB
NFS_Unstable:          0 kB
Bounce:                0 kB
WritebackTmp:          0 kB
CommitLimit:     9202296 kB
Committed_AS:   65708492 kB
VmallocTotal:   263061440 kB
VmallocUsed:      100672 kB
VmallocChunk:          0 kB
Percpu:             7616 kB
CmaTotal:         294912 kB
CmaFree:               0 kB
MemTotal:       12113144 kB
MemFree:         6920056 kB
MemAvailable:    8310388 kB
Buffers:            5140 kB
Cached:          1593860 kB
SwapCached:            0 kB
Active:          1319468 kB
Inactive:        1395972 kB
Active(anon):    1122988 kB
Inactive(anon):    17212 kB
Active(file):     196480 kB
Inactive(file):  1378760 kB
Unevictable:        5528 kB
Mlocked:            5528 kB
SwapTotal:       3145724 kB
SwapFree:        3145724 kB
Dirty:               300 kB
Writeback:             0 kB
AnonPages:       1122476 kB
Mapped:           808700 kB
Shmem:             19268 kB
KReclaimable:     683796 kB
Slab:             206328 kB
SReclaimable:      66636 kB
SUnreclaim:       139692 kB
KernelStack:       43760 kB
PageTables:        60252 kB
NFS_Unstable:          0 kB
Bounce:                0 kB
WritebackTmp:          0 kB
CommitLimit:     9202296 kB
Committed_AS:   65708528 kB
VmallocTotal:   263061440 kB
VmallocUsed:      100688 kB
VmallocChunk:          0 kB
Percpu:             7616 kB
CmaTotal:         294912 kB
CmaFree:               0 kB
MemTotal:       12113144 kB
MemFree:         6920100 kB
MemAvailable:    8310452 kB
Buffers:            5148 kB
Cached:          1593872 kB
SwapCached:            0 kB
Active:          1319448 kB
Inactive:        1395984 kB
Active(anon):    1122960 kB
Inactive(anon):    17212 kB
Active(file):     196488 kB
Inactive(file):  1378772 kB
Unevictable:        5528 kB
Mlocked:            5528 kB
SwapTotal:       3145724 kB
SwapFree:        3145724 kB
Dirty:               284 kB
Writeback:             0 kB
AnonPages:       1122036 kB
Mapped:           808960 kB
Shmem:             19268 kB
KReclaimable:     683796 kB
Slab:             206312 kB
SReclaimable:      66636 kB
SUnreclaim:       139676 kB
KernelStack:       43760 kB
PageTables:        60260 kB
NFS_Unstable:          0 kB
Bounce:                0 kB
WritebackTmp:          0 kB
CommitLimit:     9202296 kB
Committed_AS:   65708176 kB
VmallocTotal:   263061440 kB
VmallocUsed:      100672 kB
VmallocChunk:          0 kB
Percpu:             7616 kB
CmaTotal:         294912 kB
CmaFree:               0 kB
MemTotal:       12113144 kB
MemFree:         6919868 kB
MemAvailable:    8310220 kB
Buffers:            5148 kB
Cached:          1593872 kB
SwapCached:            0 kB
Active:          1319992 kB
Inactive:        1395984 kB
Active(anon):    1123504 kB
Inactive(anon):    17212 kB
Active(file):     196488 kB
Inactive(file):  1378772 kB
Unevictable:        5528 kB
Mlocked:            5528 kB
SwapTotal:       3145724 kB
SwapFree:        3145724 kB
Dirty:               284 kB
Writeback:             0 kB
AnonPages:       1122564 kB
Mapped:           808700 kB
Shmem:             19268 kB
KReclaimable:     683796 kB
Slab:             206320 kB
SReclaimable:      66636 kB
SUnreclaim:       139684 kB
KernelStack:       43760 kB
PageTables:        60256 kB
NFS_Unstable:          0 kB
Bounce:                0 kB
WritebackTmp:          0 kB
CommitLimit:     9202296 kB
Committed_AS:   65708000 kB
VmallocTotal:   263061440 kB
VmallocUsed:      100672 kB
VmallocChunk:          0 kB
Percpu:             7616 kB
CmaTotal:         294912 kB
CmaFree:               0 kB
MemTotal:       12113144 kB
MemFree:         6919200 kB
MemAvailable:    8309552 kB
Buffers:            5148 kB
Cached:          1593872 kB
SwapCached:            0 kB
Active:          1320284 kB
Inactive:        1395984 kB
Active(anon):    1123796 kB
Inactive(anon):    17212 kB
Active(file):     196488 kB
Inactive(file):  1378772 kB
Unevictable:        5528 kB
Mlocked:            5528 kB
SwapTotal:       3145724 kB
SwapFree:        3145724 kB
Dirty:               284 kB
Writeback:             0 kB
AnonPages:       1122724 kB
Mapped:           808960 kB
Shmem:             19268 kB
KReclaimable:     683796 kB
Slab:             206320 kB
SReclaimable:      66636 kB
SUnreclaim:       139684 kB
KernelStack:       43872 kB
PageTables:        60256 kB
NFS_Unstable:          0 kB
Bounce:                0 kB
WritebackTmp:          0 kB
CommitLimit:     9202296 kB
Committed_AS:   65707972 kB
VmallocTotal:   263061440 kB
VmallocUsed:      100752 kB
VmallocChunk:          0 kB
Percpu:             7616 kB
CmaTotal:         294912 kB
CmaFree:               0 kB
MemTotal:       12113144 kB
MemFree:         6919260 kB
MemAvailable:    8309612 kB
Buffers:            5148 kB
Cached:          1593872 kB
SwapCached:            0 kB
Active:          1320528 kB
Inactive:        1395984 kB
Active(anon):    1124040 kB
Inactive(anon):    17212 kB
Active(file):     196488 kB
Inactive(file):  1378772 kB
Unevictable:        5528 kB
Mlocked:            5528 kB
SwapTotal:       3145724 kB
SwapFree:        3145724 kB
Dirty:               284 kB
Writeback:             0 kB
AnonPages:       1123004 kB
Mapped:           808960 kB
Shmem:             19268 kB
KReclaimable:     683796 kB
Slab:             206312 kB
SReclaimable:      66636 kB
SUnreclaim:       139676 kB
KernelStack:       43888 kB
PageTables:        60252 kB
NFS_Unstable:          0 kB
Bounce:                0 kB
WritebackTmp:          0 kB
CommitLimit:     9202296 kB
Committed_AS:   65704396 kB
VmallocTotal:   263061440 kB
VmallocUsed:      100784 kB
VmallocChunk:          0 kB
Percpu:             7616 kB
CmaTotal:         294912 kB
CmaFree:               0 kB
MemTotal:       12113144 kB
MemFree:         6918896 kB
MemAvailable:    8309248 kB
Buffers:            5148 kB
Cached:          1593876 kB
SwapCached:            0 kB
Active:          1320856 kB
Inactive:        1395988 kB
Active(anon):    1124368 kB
Inactive(anon):    17216 kB
Active(file):     196488 kB
Inactive(file):  1378772 kB
Unevictable:        5528 kB
Mlocked:            5528 kB
SwapTotal:       3145724 kB
SwapFree:        3145724 kB
Dirty:               284 kB
Writeback:             0 kB
AnonPages:       1123464 kB
Mapped:           808964 kB
Shmem:             19272 kB
KReclaimable:     683796 kB
Slab:             206332 kB
SReclaimable:      66636 kB
SUnreclaim:       139696 kB
KernelStack:       43888 kB
PageTables:        60256 kB
NFS_Unstable:          0 kB
Bounce:                0 kB
WritebackTmp:          0 kB
CommitLimit:     9202296 kB
Committed_AS:   65704232 kB
VmallocTotal:   263061440 kB
VmallocUsed:      100832 kB
VmallocChunk:          0 kB
Percpu:             7616 kB
CmaTotal:         294912 kB
CmaFree:               0 kB
MemTotal:       12113144 kB
MemFree:         6918288 kB
MemAvailable:    8308648 kB
Buffers:            5148 kB
Cached:          1593884 kB
SwapCached:            0 kB
Active:          1321120 kB
Inactive:        1395992 kB
Active(anon):    1124628 kB
Inactive(anon):    17216 kB
Active(file):     196492 kB
Inactive(file):  1378776 kB
Unevictable:        5528 kB
Mlocked:            5528 kB
SwapTotal:       3145724 kB
SwapFree:        3145724 kB
Dirty:               292 kB
Writeback:             0 kB
AnonPages:       1123936 kB
Mapped:           808964 kB
Shmem:             19272 kB
KReclaimable:     683796 kB
Slab:             206332 kB
SReclaimable:      66636 kB
SUnreclaim:       139696 kB
KernelStack:       43888 kB
PageTables:        60256 kB
NFS_Unstable:          0 kB
Bounce:                0 kB
WritebackTmp:          0 kB
CommitLimit:     9202296 kB
Committed_AS:   65702724 kB
VmallocTotal:   263061440 kB
VmallocUsed:      100816 kB
VmallocChunk:          0 kB
Percpu:             7616 kB
CmaTotal:         294912 kB
CmaFree:               0 kB
MemTotal:       12113144 kB
MemFree:         6917960 kB
MemAvailable:    8308312 kB
Buffers:            5148 kB
Cached:          1593876 kB
SwapCached:            0 kB
Active:          1321880 kB
Inactive:        1395988 kB
Active(anon):    1125392 kB
Inactive(anon):    17216 kB
Active(file):     196488 kB
Inactive(file):  1378772 kB
Unevictable:        5528 kB
Mlocked:            5528 kB
SwapTotal:       3145724 kB
SwapFree:        3145724 kB
Dirty:               160 kB
Writeback:             0 kB
AnonPages:       1124352 kB
Mapped:           808768 kB
Shmem:             19272 kB
KReclaimable:     683796 kB
Slab:             206324 kB
SReclaimable:      66636 kB
SUnreclaim:       139688 kB
KernelStack:       43920 kB
PageTables:        60132 kB
NFS_Unstable:          0 kB
Bounce:                0 kB
WritebackTmp:          0 kB
CommitLimit:     9202296 kB
Committed_AS:   65693120 kB
VmallocTotal:   263061440 kB
VmallocUsed:      100816 kB
VmallocChunk:          0 kB
Percpu:             7616 kB
CmaTotal:         294912 kB
CmaFree:               0 kB
MemTotal:       12113144 kB
MemFree:         6918256 kB
MemAvailable:    8308608 kB
Buffers:            5148 kB
Cached:          1593884 kB
SwapCached:            0 kB
Active:          1321072 kB
Inactive:        1395996 kB
Active(anon):    1124584 kB
Inactive(anon):    17224 kB
Active(file):     196488 kB
Inactive(file):  1378772 kB
Unevictable:        5528 kB
Mlocked:            5528 kB
SwapTotal:       3145724 kB
SwapFree:        3145724 kB
Dirty:               160 kB
Writeback:             0 kB
AnonPages:       1123692 kB
Mapped:           808776 kB
Shmem:             19280 kB
KReclaimable:     683796 kB
Slab:             206316 kB
SReclaimable:      66636 kB
SUnreclaim:       139680 kB
KernelStack:       43888 kB
PageTables:        60268 kB
NFS_Unstable:          0 kB
Bounce:                0 kB
WritebackTmp:          0 kB
CommitLimit:     9202296 kB
Committed_AS:   65701708 kB
VmallocTotal:   263061440 kB
VmallocUsed:      100816 kB
VmallocChunk:          0 kB
Percpu:             7616 kB
CmaTotal:         294912 kB
CmaFree:               0 kB
MemTotal:       12113144 kB
MemFree:         6917796 kB
MemAvailable:    8308148 kB
Buffers:            5148 kB
Cached:          1593884 kB
SwapCached:            0 kB
Active:          1321388 kB
Inactive:        1395996 kB
Active(anon):    1124900 kB
Inactive(anon):    17224 kB
Active(file):     196488 kB
Inactive(file):  1378772 kB
Unevictable:        5528 kB
Mlocked:            5528 kB
SwapTotal:       3145724 kB
SwapFree:        3145724 kB
Dirty:               160 kB
Writeback:             0 kB
AnonPages:       1123948 kB
Mapped:           808776 kB
Shmem:             19280 kB
KReclaimable:     683796 kB
Slab:             206308 kB
SReclaimable:      66636 kB
SUnreclaim:       139672 kB
KernelStack:       43888 kB
PageTables:        60380 kB
NFS_Unstable:          0 kB
Bounce:                0 kB
WritebackTmp:          0 kB
CommitLimit:     9202296 kB
Committed_AS:   65701100 kB
VmallocTotal:   263061440 kB
VmallocUsed:      100832 kB
VmallocChunk:          0 kB
Percpu:             7616 kB
CmaTotal:         294912 kB
CmaFree:               0 kB
MemTotal:       12113144 kB
MemFree:         6917248 kB
MemAvailable:    8307600 kB
Buffers:            5148 kB
Cached:          1593884 kB
SwapCached:            0 kB
Active:          1321748 kB
Inactive:        1395996 kB
Active(anon):    1125260 kB
Inactive(anon):    17224 kB
Active(file):     196488 kB
Inactive(file):  1378772 kB
Unevictable:        5528 kB
Mlocked:            5528 kB
SwapTotal:       3145724 kB
SwapFree:        3145724 kB
Dirty:               160 kB
Writeback:             0 kB
AnonPages:       1124236 kB
Mapped:           809036 kB
Shmem:             19280 kB
KReclaimable:     683796 kB
Slab:             206316 kB
SReclaimable:      66636 kB
SUnreclaim:       139680 kB
KernelStack:       43872 kB
PageTables:        60252 kB
NFS_Unstable:          0 kB
Bounce:                0 kB
WritebackTmp:          0 kB
CommitLimit:     9202296 kB
Committed_AS:   65700792 kB
VmallocTotal:   263061440 kB
VmallocUsed:      100832 kB
VmallocChunk:          0 kB
Percpu:             7616 kB
CmaTotal:         294912 kB
CmaFree:               0 kB
MemTotal:       12113144 kB
MemFree:         6917200 kB
MemAvailable:    8307552 kB
Buffers:            5148 kB
Cached:          1593884 kB
SwapCached:            0 kB
Active:          1322004 kB
Inactive:        1395996 kB
Active(anon):    1125516 kB
Inactive(anon):    17224 kB
Active(file):     196488 kB
Inactive(file):  1378772 kB
Unevictable:        5528 kB
Mlocked:            5528 kB
SwapTotal:       3145724 kB
SwapFree:        3145724 kB
Dirty:               172 kB
Writeback:             0 kB
AnonPages:       1124700 kB
Mapped:           808776 kB
Shmem:             19280 kB
KReclaimable:     683796 kB
Slab:             206324 kB
SReclaimable:      66636 kB
SUnreclaim:       139688 kB
KernelStack:       43888 kB
PageTables:        60252 kB
NFS_Unstable:          0 kB
Bounce:                0 kB
WritebackTmp:          0 kB
CommitLimit:     9202296 kB
Committed_AS:   65700808 kB
VmallocTotal:   263061440 kB
VmallocUsed:      100832 kB
VmallocChunk:          0 kB
Percpu:             7616 kB
CmaTotal:         294912 kB
CmaFree:               0 kB
MemTotal:       12113144 kB
MemFree:         6916868 kB
MemAvailable:    8307220 kB
Buffers:            5148 kB
Cached:          1593884 kB
SwapCached:            0 kB
Active:          1322756 kB
Inactive:        1395996 kB
Active(anon):    1126268 kB
Inactive(anon):    17224 kB
Active(file):     196488 kB
Inactive(file):  1378772 kB
Unevictable:        5528 kB
Mlocked:            5528 kB
SwapTotal:       3145724 kB
SwapFree:        3145724 kB
Dirty:               188 kB
Writeback:             0 kB
AnonPages:       1125608 kB
Mapped:           809036 kB
Shmem:             19280 kB
KReclaimable:     683796 kB
Slab:             206328 kB
SReclaimable:      66636 kB
SUnreclaim:       139692 kB
KernelStack:       43888 kB
PageTables:        60260 kB
NFS_Unstable:          0 kB
Bounce:                0 kB
WritebackTmp:          0 kB
CommitLimit:     9202296 kB
Committed_AS:   65700492 kB
VmallocTotal:   263061440 kB
VmallocUsed:      100816 kB
VmallocChunk:          0 kB
Percpu:             7616 kB
CmaTotal:         294912 kB
CmaFree:               0 kB
MemTotal:       12113144 kB
MemFree:         6913000 kB
MemAvailable:    8303352 kB
Buffers:            5148 kB
Cached:          1593884 kB
SwapCached:            0 kB
Active:          1328504 kB
Inactive:        1395996 kB
Active(anon):    1132016 kB
Inactive(anon):    17224 kB
Active(file):     196488 kB
Inactive(file):  1378772 kB
Unevictable:        5528 kB
Mlocked:            5528 kB
SwapTotal:       3145724 kB
SwapFree:        3145724 kB
Dirty:               196 kB
Writeback:             0 kB
AnonPages:       1131036 kB
Mapped:           808776 kB
Shmem:             19280 kB
KReclaimable:     683796 kB
Slab:             206328 kB
SReclaimable:      66636 kB
SUnreclaim:       139692 kB
KernelStack:       43888 kB
PageTables:        60268 kB
NFS_Unstable:          0 kB
Bounce:                0 kB
WritebackTmp:          0 kB
CommitLimit:     9202296 kB
Committed_AS:   65707644 kB
VmallocTotal:   263061440 kB
VmallocUsed:      100800 kB
VmallocChunk:          0 kB
Percpu:             7616 kB
CmaTotal:         294912 kB
CmaFree:               0 kB
MemTotal:       12113144 kB
MemFree:         6910224 kB
MemAvailable:    8300496 kB
Buffers:            5148 kB
Cached:          1593816 kB
SwapCached:            0 kB
Active:          1328828 kB
Inactive:        1395928 kB
Active(anon):    1132340 kB
Inactive(anon):    17224 kB
Active(file):     196488 kB
Inactive(file):  1378704 kB
Unevictable:        5528 kB
Mlocked:            5528 kB
SwapTotal:       3145724 kB
SwapFree:        3145724 kB
Dirty:              2020 kB
Writeback:             0 kB
AnonPages:       1131472 kB
Mapped:           809036 kB
Shmem:             19280 kB
KReclaimable:     683784 kB
Slab:             206316 kB
SReclaimable:      66624 kB
SUnreclaim:       139692 kB
KernelStack:       43920 kB
PageTables:        60252 kB
NFS_Unstable:          0 kB
Bounce:                0 kB
WritebackTmp:          0 kB
CommitLimit:     9202296 kB
Committed_AS:   65707688 kB
VmallocTotal:   263061440 kB
VmallocUsed:      100832 kB
VmallocChunk:          0 kB
Percpu:             7616 kB
CmaTotal:         294912 kB
CmaFree:               0 kB
MemTotal:       12113144 kB
MemFree:         6910076 kB
MemAvailable:    8300348 kB
Buffers:            5148 kB
Cached:          1593816 kB
SwapCached:            0 kB
Active:          1329524 kB
Inactive:        1395928 kB
Active(anon):    1133036 kB
Inactive(anon):    17224 kB
Active(file):     196488 kB
Inactive(file):  1378704 kB
Unevictable:        5528 kB
Mlocked:            5528 kB
SwapTotal:       3145724 kB
SwapFree:        3145724 kB
Dirty:              2020 kB
Writeback:             0 kB
AnonPages:       1132092 kB
Mapped:           809036 kB
Shmem:             19280 kB
KReclaimable:     683784 kB
Slab:             206316 kB
SReclaimable:      66624 kB
SUnreclaim:       139692 kB
KernelStack:       43920 kB
PageTables:        60268 kB
NFS_Unstable:          0 kB
Bounce:                0 kB
WritebackTmp:          0 kB
CommitLimit:     9202296 kB
Committed_AS:   65709596 kB
VmallocTotal:   263061440 kB
VmallocUsed:      100848 kB
VmallocChunk:          0 kB
Percpu:             7616 kB
CmaTotal:         294912 kB
CmaFree:               0 kB
MemTotal:       12113144 kB
MemFree:         6909784 kB
MemAvailable:    8300056 kB
Buffers:            5148 kB
Cached:          1593816 kB
SwapCached:            0 kB
Active:          1329496 kB
Inactive:        1395928 kB
Active(anon):    1133008 kB
Inactive(anon):    17224 kB
Active(file):     196488 kB
Inactive(file):  1378704 kB
Unevictable:        5528 kB
Mlocked:            5528 kB
SwapTotal:       3145724 kB
SwapFree:        3145724 kB
Dirty:              2020 kB
Writeback:             0 kB
AnonPages:       1132280 kB
Mapped:           809036 kB
Shmem:             19280 kB
KReclaimable:     683784 kB
Slab:             206316 kB
SReclaimable:      66624 kB
SUnreclaim:       139692 kB
KernelStack:       43920 kB
PageTables:        60256 kB
NFS_Unstable:          0 kB
Bounce:                0 kB
WritebackTmp:          0 kB
CommitLimit:     9202296 kB
Committed_AS:   65709332 kB
VmallocTotal:   263061440 kB
VmallocUsed:      100832 kB
VmallocChunk:          0 kB
Percpu:             7616 kB
CmaTotal:         294912 kB
CmaFree:               0 kB
MemTotal:       12113144 kB
MemFree:         6910020 kB
MemAvailable:    8300324 kB
Buffers:            5152 kB
Cached:          1593844 kB
SwapCached:            0 kB
Active:          1329980 kB
Inactive:        1395956 kB
Active(anon):    1133488 kB
Inactive(anon):    17228 kB
Active(file):     196492 kB
Inactive(file):  1378728 kB
Unevictable:        5528 kB
Mlocked:            5528 kB
SwapTotal:       3145724 kB
SwapFree:        3145724 kB
Dirty:              2060 kB
Writeback:             0 kB
AnonPages:       1132536 kB
Mapped:           808780 kB
Shmem:             19284 kB
KReclaimable:     683788 kB
Slab:             206316 kB
SReclaimable:      66628 kB
SUnreclaim:       139688 kB
KernelStack:       43920 kB
PageTables:        60268 kB
NFS_Unstable:          0 kB
Bounce:                0 kB
WritebackTmp:          0 kB
CommitLimit:     9202296 kB
Committed_AS:   65704456 kB
VmallocTotal:   263061440 kB
VmallocUsed:      100832 kB
VmallocChunk:          0 kB
Percpu:             7616 kB
CmaTotal:         294912 kB
CmaFree:               0 kB
MemTotal:       12113144 kB
MemFree:         6910568 kB
MemAvailable:    8300872 kB
Buffers:            5152 kB
Cached:          1593844 kB
SwapCached:            0 kB
Active:          1328968 kB
Inactive:        1395956 kB
Active(anon):    1132476 kB
Inactive(anon):    17228 kB
Active(file):     196492 kB
Inactive(file):  1378728 kB
Unevictable:        5528 kB
Mlocked:            5528 kB
SwapTotal:       3145724 kB
SwapFree:        3145724 kB
Dirty:              2060 kB
Writeback:             0 kB
AnonPages:       1131516 kB
Mapped:           808780 kB
Shmem:             19284 kB
KReclaimable:     683788 kB
Slab:             206328 kB
SReclaimable:      66628 kB
SUnreclaim:       139700 kB
KernelStack:       43920 kB
PageTables:        60264 kB
NFS_Unstable:          0 kB
Bounce:                0 kB
WritebackTmp:          0 kB
CommitLimit:     9202296 kB
Committed_AS:   65704060 kB
VmallocTotal:   263061440 kB
VmallocUsed:      100832 kB
VmallocChunk:          0 kB
Percpu:             7616 kB
CmaTotal:         294912 kB
CmaFree:               8 kB
MemTotal:       12113144 kB
MemFree:         6911536 kB
MemAvailable:    8301840 kB
Buffers:            5152 kB
Cached:          1593844 kB
SwapCached:            0 kB
Active:          1327568 kB
Inactive:        1395956 kB
Active(anon):    1131076 kB
Inactive(anon):    17228 kB
Active(file):     196492 kB
Inactive(file):  1378728 kB
Unevictable:        5528 kB
Mlocked:            5528 kB
SwapTotal:       3145724 kB
SwapFree:        3145724 kB
Dirty:              2004 kB
Writeback:             0 kB
AnonPages:       1130216 kB
Mapped:           809040 kB
Shmem:             19284 kB
KReclaimable:     683788 kB
Slab:             206336 kB
SReclaimable:      66628 kB
SUnreclaim:       139708 kB
KernelStack:       43904 kB
PageTables:        60252 kB
NFS_Unstable:          0 kB
Bounce:                0 kB
WritebackTmp:          0 kB
CommitLimit:     9202296 kB
Committed_AS:   65710880 kB
VmallocTotal:   263061440 kB
VmallocUsed:      100832 kB
VmallocChunk:          0 kB
Percpu:             7616 kB
CmaTotal:         294912 kB
CmaFree:               0 kB
MemTotal:       12113144 kB
MemFree:         6911276 kB
MemAvailable:    8301580 kB
Buffers:            5152 kB
Cached:          1593844 kB
SwapCached:            0 kB
Active:          1328000 kB
Inactive:        1395956 kB
Active(anon):    1131508 kB
Inactive(anon):    17228 kB
Active(file):     196492 kB
Inactive(file):  1378728 kB
Unevictable:        5528 kB
Mlocked:            5528 kB
SwapTotal:       3145724 kB
SwapFree:        3145724 kB
Dirty:              2020 kB
Writeback:             0 kB
AnonPages:       1130732 kB
Mapped:           808780 kB
Shmem:             19284 kB
KReclaimable:     683788 kB
Slab:             206328 kB
SReclaimable:      66628 kB
SUnreclaim:       139700 kB
KernelStack:       43904 kB
PageTables:        60252 kB
NFS_Unstable:          0 kB
Bounce:                0 kB
WritebackTmp:          0 kB
CommitLimit:     9202296 kB
Committed_AS:   65710572 kB
VmallocTotal:   263061440 kB
VmallocUsed:      100832 kB
VmallocChunk:          0 kB
Percpu:             7616 kB
CmaTotal:         294912 kB
CmaFree:               0 kB
MemTotal:       12113144 kB
MemFree:         6911380 kB
MemAvailable:    8301684 kB
Buffers:            5152 kB
Cached:          1593844 kB
SwapCached:            0 kB
Active:          1328292 kB
Inactive:        1395956 kB
Active(anon):    1131800 kB
Inactive(anon):    17228 kB
Active(file):     196492 kB
Inactive(file):  1378728 kB
Unevictable:        5528 kB
Mlocked:            5528 kB
SwapTotal:       3145724 kB
SwapFree:        3145724 kB
Dirty:              2020 kB
Writeback:             0 kB
AnonPages:       1130844 kB
Mapped:           809040 kB
Shmem:             19284 kB
KReclaimable:     683788 kB
Slab:             206328 kB
SReclaimable:      66628 kB
SUnreclaim:       139700 kB
KernelStack:       43920 kB
PageTables:        60260 kB
NFS_Unstable:          0 kB
Bounce:                0 kB
WritebackTmp:          0 kB
CommitLimit:     9202296 kB
Committed_AS:   65710228 kB
VmallocTotal:   263061440 kB
VmallocUsed:      100832 kB
VmallocChunk:          0 kB
Percpu:             7616 kB
CmaTotal:         294912 kB
CmaFree:               0 kB
MemTotal:       12113144 kB
MemFree:         6905848 kB
MemAvailable:    8296152 kB
Buffers:            5152 kB
Cached:          1593844 kB
SwapCached:            0 kB
Active:          1334088 kB
Inactive:        1395956 kB
Active(anon):    1137596 kB
Inactive(anon):    17228 kB
Active(file):     196492 kB
Inactive(file):  1378728 kB
Unevictable:        5528 kB
Mlocked:            5528 kB
SwapTotal:       3145724 kB
SwapFree:        3145724 kB
Dirty:              2028 kB
Writeback:             0 kB
AnonPages:       1136756 kB
Mapped:           809040 kB
Shmem:             19284 kB
KReclaimable:     683788 kB
Slab:             206332 kB
SReclaimable:      66628 kB
SUnreclaim:       139704 kB
KernelStack:       43920 kB
PageTables:        60260 kB
NFS_Unstable:          0 kB
Bounce:                0 kB
WritebackTmp:          0 kB
CommitLimit:     9202296 kB
Committed_AS:   65709632 kB
VmallocTotal:   263061440 kB
VmallocUsed:      100880 kB
VmallocChunk:          0 kB
Percpu:             7616 kB
CmaTotal:         294912 kB
CmaFree:               0 kB
MemTotal:       12113144 kB
MemFree:         6906108 kB
MemAvailable:    8296412 kB
Buffers:            5152 kB
Cached:          1593848 kB
SwapCached:            0 kB
Active:          1334948 kB
Inactive:        1395960 kB
Active(anon):    1138456 kB
Inactive(anon):    17232 kB
Active(file):     196492 kB
Inactive(file):  1378728 kB
Unevictable:        5528 kB
Mlocked:            5528 kB
SwapTotal:       3145724 kB
SwapFree:        3145724 kB
Dirty:              2028 kB
Writeback:             0 kB
AnonPages:       1137544 kB
Mapped:           809044 kB
Shmem:             19288 kB
KReclaimable:     683788 kB
Slab:             206332 kB
SReclaimable:      66628 kB
SUnreclaim:       139704 kB
KernelStack:       43904 kB
PageTables:        60264 kB
NFS_Unstable:          0 kB
Bounce:                0 kB
WritebackTmp:          0 kB
CommitLimit:     9202296 kB
Committed_AS:   65709368 kB
VmallocTotal:   263061440 kB
VmallocUsed:      100848 kB
VmallocChunk:          0 kB
Percpu:             7616 kB
CmaTotal:         294912 kB
CmaFree:               0 kB
MemTotal:       12113144 kB
MemFree:         6904860 kB
MemAvailable:    8295164 kB
Buffers:            5156 kB
Cached:          1593844 kB
SwapCached:            0 kB
Active:          1335460 kB
Inactive:        1395960 kB
Active(anon):    1138968 kB
Inactive(anon):    17232 kB
Active(file):     196492 kB
Inactive(file):  1378728 kB
Unevictable:        5528 kB
Mlocked:            5528 kB
SwapTotal:       3145724 kB
SwapFree:        3145724 kB
Dirty:               212 kB
Writeback:             0 kB
AnonPages:       1138260 kB
Mapped:           809044 kB
Shmem:             19288 kB
KReclaimable:     683788 kB
Slab:             206340 kB
SReclaimable:      66628 kB
SUnreclaim:       139712 kB
KernelStack:       43904 kB
PageTables:        60264 kB
NFS_Unstable:          0 kB
Bounce:                0 kB
WritebackTmp:          0 kB
CommitLimit:     9202296 kB
Committed_AS:   65709016 kB
VmallocTotal:   263061440 kB
VmallocUsed:      100848 kB
VmallocChunk:          0 kB
Percpu:             7616 kB
CmaTotal:         294912 kB
CmaFree:               0 kB
MemTotal:       12113144 kB
MemFree:         6904772 kB
MemAvailable:    8295104 kB
Buffers:            5156 kB
Cached:          1593868 kB
SwapCached:            0 kB
Active:          1334948 kB
Inactive:        1395984 kB
Active(anon):    1138452 kB
Inactive(anon):    17232 kB
Active(file):     196496 kB
Inactive(file):  1378752 kB
Unevictable:        5528 kB
Mlocked:            5528 kB
SwapTotal:       3145724 kB
SwapFree:        3145724 kB
Dirty:               240 kB
Writeback:             0 kB
AnonPages:       1137348 kB
Mapped:           809044 kB
Shmem:             19288 kB
KReclaimable:     683788 kB
Slab:             206324 kB
SReclaimable:      66628 kB
SUnreclaim:       139696 kB
KernelStack:       43904 kB
PageTables:        60256 kB
NFS_Unstable:          0 kB
Bounce:                0 kB
WritebackTmp:          0 kB
CommitLimit:     9202296 kB
Committed_AS:   65708560 kB
VmallocTotal:   263061440 kB
VmallocUsed:      100848 kB
VmallocChunk:          0 kB
Percpu:             7616 kB
CmaTotal:         294912 kB
CmaFree:               0 kB
MemTotal:       12113144 kB
MemFree:         6904264 kB
MemAvailable:    8294592 kB
Buffers:            5156 kB
Cached:          1593868 kB
SwapCached:            0 kB
Active:          1335488 kB
Inactive:        1395980 kB
Active(anon):    1138992 kB
Inactive(anon):    17232 kB
Active(file):     196496 kB
Inactive(file):  1378748 kB
Unevictable:        5528 kB
Mlocked:            5528 kB
SwapTotal:       3145724 kB
SwapFree:        3145724 kB
Dirty:               260 kB
Writeback:             0 kB
AnonPages:       1138108 kB
Mapped:           809044 kB
Shmem:             19288 kB
KReclaimable:     683788 kB
Slab:             206348 kB
SReclaimable:      66628 kB
SUnreclaim:       139720 kB
KernelStack:       43904 kB
PageTables:        60256 kB
NFS_Unstable:          0 kB
Bounce:                0 kB
WritebackTmp:          0 kB
CommitLimit:     9202296 kB
Committed_AS:   65708700 kB
VmallocTotal:   263061440 kB
VmallocUsed:      100848 kB
VmallocChunk:          0 kB
Percpu:             7616 kB
CmaTotal:         294912 kB
CmaFree:               0 kB
MemTotal:       12113144 kB
MemFree:         6903988 kB
MemAvailable:    8294316 kB
Buffers:            5156 kB
Cached:          1593868 kB
SwapCached:            0 kB
Active:          1336064 kB
Inactive:        1395980 kB
Active(anon):    1139568 kB
Inactive(anon):    17232 kB
Active(file):     196496 kB
Inactive(file):  1378748 kB
Unevictable:        5528 kB
Mlocked:            5528 kB
SwapTotal:       3145724 kB
SwapFree:        3145724 kB
Dirty:               260 kB
Writeback:             0 kB
AnonPages:       1138572 kB
Mapped:           808784 kB
Shmem:             19288 kB
KReclaimable:     683788 kB
Slab:             206332 kB
SReclaimable:      66628 kB
SUnreclaim:       139704 kB
KernelStack:       43904 kB
PageTables:        60256 kB
NFS_Unstable:          0 kB
Bounce:                0 kB
WritebackTmp:          0 kB
CommitLimit:     9202296 kB
Committed_AS:   65714680 kB
VmallocTotal:   263061440 kB
VmallocUsed:      100864 kB
VmallocChunk:          0 kB
Percpu:             7616 kB
CmaTotal:         294912 kB
CmaFree:               0 kB
MemTotal:       12113144 kB
MemFree:         6903924 kB
MemAvailable:    8294252 kB
Buffers:            5156 kB
Cached:          1593872 kB
SwapCached:            0 kB
Active:          1336956 kB
Inactive:        1395984 kB
Active(anon):    1140460 kB
Inactive(anon):    17236 kB
Active(file):     196496 kB
Inactive(file):  1378748 kB
Unevictable:        5528 kB
Mlocked:            5528 kB
SwapTotal:       3145724 kB
SwapFree:        3145724 kB
Dirty:               260 kB
Writeback:             0 kB
AnonPages:       1139560 kB
Mapped:           809048 kB
Shmem:             19292 kB
KReclaimable:     683788 kB
Slab:             206336 kB
SReclaimable:      66628 kB
SUnreclaim:       139708 kB
KernelStack:       43936 kB
PageTables:        60256 kB
NFS_Unstable:          0 kB
Bounce:                0 kB
WritebackTmp:          0 kB
CommitLimit:     9202296 kB
Committed_AS:   65714248 kB
VmallocTotal:   263061440 kB
VmallocUsed:      100848 kB
VmallocChunk:          0 kB
Percpu:             7616 kB
CmaTotal:         294912 kB
CmaFree:               0 kB
MemTotal:       12113144 kB
MemFree:         6902668 kB
MemAvailable:    8292996 kB
Buffers:            5156 kB
Cached:          1593876 kB
SwapCached:            0 kB
Active:          1337436 kB
Inactive:        1395988 kB
Active(anon):    1140940 kB
Inactive(anon):    17240 kB
Active(file):     196496 kB
Inactive(file):  1378748 kB
Unevictable:        5528 kB
Mlocked:            5528 kB
SwapTotal:       3145724 kB
SwapFree:        3145724 kB
Dirty:               260 kB
Writeback:             0 kB
AnonPages:       1139956 kB
Mapped:           808792 kB
Shmem:             19296 kB
KReclaimable:     683788 kB
Slab:             206328 kB
SReclaimable:      66628 kB
SUnreclaim:       139700 kB
KernelStack:       43936 kB
PageTables:        60256 kB
NFS_Unstable:          0 kB
Bounce:                0 kB
WritebackTmp:          0 kB
CommitLimit:     9202296 kB
Committed_AS:   65714652 kB
VmallocTotal:   263061440 kB
VmallocUsed:      100912 kB
VmallocChunk:          0 kB
Percpu:             7616 kB
CmaTotal:         294912 kB
CmaFree:               0 kB
MemTotal:       12113144 kB
MemFree:         6911592 kB
MemAvailable:    8301928 kB
Buffers:            5156 kB
Cached:          1593884 kB
SwapCached:            0 kB
Active:          1328016 kB
Inactive:        1395992 kB
Active(anon):    1131516 kB
Inactive(anon):    17240 kB
Active(file):     196500 kB
Inactive(file):  1378752 kB
Unevictable:        5528 kB
Mlocked:            5528 kB
SwapTotal:       3145724 kB
SwapFree:        3145724 kB
Dirty:               264 kB
Writeback:             0 kB
AnonPages:       1130280 kB
Mapped:           809036 kB
Shmem:             19296 kB
KReclaimable:     683788 kB
Slab:             206336 kB
SReclaimable:      66628 kB
SUnreclaim:       139708 kB
KernelStack:       43936 kB
PageTables:        60180 kB
NFS_Unstable:          0 kB
Bounce:                0 kB
WritebackTmp:          0 kB
CommitLimit:     9202296 kB
Committed_AS:   65714772 kB
VmallocTotal:   263061440 kB
VmallocUsed:      100896 kB
VmallocChunk:          0 kB
Percpu:             7616 kB
CmaTotal:         294912 kB
CmaFree:              72 kB
MemTotal:       12113144 kB
MemFree:         6911904 kB
MemAvailable:    8302236 kB
Buffers:            5160 kB
Cached:          1593876 kB
SwapCached:            0 kB
Active:          1327848 kB
Inactive:        1395984 kB
Active(anon):    1131344 kB
Inactive(anon):    17240 kB
Active(file):     196504 kB
Inactive(file):  1378744 kB
Unevictable:        5528 kB
Mlocked:            5528 kB
SwapTotal:       3145724 kB
SwapFree:        3145724 kB
Dirty:               260 kB
Writeback:             0 kB
AnonPages:       1130476 kB
Mapped:           809052 kB
Shmem:             19296 kB
KReclaimable:     683788 kB
Slab:             206320 kB
SReclaimable:      66628 kB
SUnreclaim:       139692 kB
KernelStack:       43936 kB
PageTables:        60256 kB
NFS_Unstable:          0 kB
Bounce:                0 kB
WritebackTmp:          0 kB
CommitLimit:     9202296 kB
Committed_AS:   65707500 kB
VmallocTotal:   263061440 kB
VmallocUsed:      100896 kB
VmallocChunk:          0 kB
Percpu:             7616 kB
CmaTotal:         294912 kB
CmaFree:               0 kB
MemTotal:       12113144 kB
MemFree:         6911600 kB
MemAvailable:    8301940 kB
Buffers:            5160 kB
Cached:          1593884 kB
SwapCached:            0 kB
Active:          1328440 kB
Inactive:        1395992 kB
Active(anon):    1131936 kB
Inactive(anon):    17240 kB
Active(file):     196504 kB
Inactive(file):  1378752 kB
Unevictable:        5528 kB
Mlocked:            5528 kB
SwapTotal:       3145724 kB
SwapFree:        3145724 kB
Dirty:               172 kB
Writeback:             0 kB
AnonPages:       1131040 kB
Mapped:           809052 kB
Shmem:             19296 kB
KReclaimable:     683788 kB
Slab:             206348 kB
SReclaimable:      66628 kB
SUnreclaim:       139720 kB
KernelStack:       43936 kB
PageTables:        60256 kB
NFS_Unstable:          0 kB
Bounce:                0 kB
WritebackTmp:          0 kB
CommitLimit:     9202296 kB
Committed_AS:   65707104 kB
VmallocTotal:   263061440 kB
VmallocUsed:      100864 kB
VmallocChunk:          0 kB
Percpu:             7616 kB
CmaTotal:         294912 kB
CmaFree:               0 kB
MemTotal:       12113144 kB
MemFree:         6911372 kB
MemAvailable:    8301712 kB
Buffers:            5160 kB
Cached:          1593884 kB
SwapCached:            0 kB
Active:          1328548 kB
Inactive:        1395992 kB
Active(anon):    1132044 kB
Inactive(anon):    17240 kB
Active(file):     196504 kB
Inactive(file):  1378752 kB
Unevictable:        5528 kB
Mlocked:            5528 kB
SwapTotal:       3145724 kB
SwapFree:        3145724 kB
Dirty:               200 kB
Writeback:             0 kB
AnonPages:       1131372 kB
Mapped:           808792 kB
Shmem:             19296 kB
KReclaimable:     683788 kB
Slab:             206332 kB
SReclaimable:      66628 kB
SUnreclaim:       139704 kB
KernelStack:       43936 kB
PageTables:        60256 kB
NFS_Unstable:          0 kB
Bounce:                0 kB
WritebackTmp:          0 kB
CommitLimit:     9202296 kB
Committed_AS:   65707068 kB
VmallocTotal:   263061440 kB
VmallocUsed:      100880 kB
VmallocChunk:          0 kB
Percpu:             7616 kB
CmaTotal:         294912 kB
CmaFree:               0 kB
MemTotal:       12113144 kB
MemFree:         6911768 kB
MemAvailable:    8302108 kB
Buffers:            5160 kB
Cached:          1593884 kB
SwapCached:            0 kB
Active:          1329156 kB
Inactive:        1395992 kB
Active(anon):    1132652 kB
Inactive(anon):    17240 kB
Active(file):     196504 kB
Inactive(file):  1378752 kB
Unevictable:        5528 kB
Mlocked:            5528 kB
SwapTotal:       3145724 kB
SwapFree:        3145724 kB
Dirty:               200 kB
Writeback:             0 kB
AnonPages:       1131732 kB
Mapped:           808792 kB
Shmem:             19296 kB
KReclaimable:     683788 kB
Slab:             206340 kB
SReclaimable:      66628 kB
SUnreclaim:       139712 kB
KernelStack:       43936 kB
PageTables:        60256 kB
NFS_Unstable:          0 kB
Bounce:                0 kB
WritebackTmp:          0 kB
CommitLimit:     9202296 kB
Committed_AS:   65706716 kB
VmallocTotal:   263061440 kB
VmallocUsed:      100864 kB
VmallocChunk:          0 kB
Percpu:             7616 kB
CmaTotal:         294912 kB
CmaFree:               0 kB
MemTotal:       12113144 kB
MemFree:         6912048 kB
MemAvailable:    8302388 kB
Buffers:            5160 kB
Cached:          1593884 kB
SwapCached:            0 kB
Active:          1329348 kB
Inactive:        1395992 kB
Active(anon):    1132844 kB
Inactive(anon):    17240 kB
Active(file):     196504 kB
Inactive(file):  1378752 kB
Unevictable:        5528 kB
Mlocked:            5528 kB
SwapTotal:       3145724 kB
SwapFree:        3145724 kB
Dirty:               200 kB
Writeback:             0 kB
AnonPages:       1132168 kB
Mapped:           809052 kB
Shmem:             19296 kB
KReclaimable:     683788 kB
Slab:             206344 kB
SReclaimable:      66628 kB
SUnreclaim:       139716 kB
KernelStack:       43952 kB
PageTables:        60368 kB
NFS_Unstable:          0 kB
Bounce:                0 kB
WritebackTmp:          0 kB
CommitLimit:     9202296 kB
Committed_AS:   65698360 kB
VmallocTotal:   263061440 kB
VmallocUsed:      100864 kB
VmallocChunk:          0 kB
Percpu:             7616 kB
CmaTotal:         294912 kB
CmaFree:               0 kB
MemTotal:       12113144 kB
MemFree:         6911264 kB
MemAvailable:    8301604 kB
Buffers:            5160 kB
Cached:          1593884 kB
SwapCached:            0 kB
Active:          1329700 kB
Inactive:        1395992 kB
Active(anon):    1133196 kB
Inactive(anon):    17240 kB
Active(file):     196504 kB
Inactive(file):  1378752 kB
Unevictable:        5528 kB
Mlocked:            5528 kB
SwapTotal:       3145724 kB
SwapFree:        3145724 kB
Dirty:               200 kB
Writeback:             0 kB
AnonPages:       1132196 kB
Mapped:           809052 kB
Shmem:             19296 kB
KReclaimable:     683788 kB
Slab:             206344 kB
SReclaimable:      66628 kB
SUnreclaim:       139716 kB
KernelStack:       43936 kB
PageTables:        60264 kB
NFS_Unstable:          0 kB
Bounce:                0 kB
WritebackTmp:          0 kB
CommitLimit:     9202296 kB
Committed_AS:   65700192 kB
VmallocTotal:   263061440 kB
VmallocUsed:      100864 kB
VmallocChunk:          0 kB
Percpu:             7616 kB
CmaTotal:         294912 kB
CmaFree:               0 kB
MemTotal:       12113144 kB
MemFree:         6910448 kB
MemAvailable:    8300788 kB
Buffers:            5160 kB
Cached:          1593888 kB
SwapCached:            0 kB
Active:          1330336 kB
Inactive:        1395996 kB
Active(anon):    1133832 kB
Inactive(anon):    17244 kB
Active(file):     196504 kB
Inactive(file):  1378752 kB
Unevictable:        5528 kB
Mlocked:            5528 kB
SwapTotal:       3145724 kB
SwapFree:        3145724 kB
Dirty:               100 kB
Writeback:             0 kB
AnonPages:       1133100 kB
Mapped:           809056 kB
Shmem:             19300 kB
KReclaimable:     683788 kB
Slab:             206336 kB
SReclaimable:      66628 kB
SUnreclaim:       139708 kB
KernelStack:       43936 kB
PageTables:        60256 kB
NFS_Unstable:          0 kB
Bounce:                0 kB
WritebackTmp:          0 kB
CommitLimit:     9202296 kB
Committed_AS:   65700192 kB
VmallocTotal:   263061440 kB
VmallocUsed:      100864 kB
VmallocChunk:          0 kB
Percpu:             7616 kB
CmaTotal:         294912 kB
CmaFree:               0 kB
MemTotal:       12113144 kB
MemFree:         6909776 kB
MemAvailable:    8300128 kB
Buffers:            5168 kB
Cached:          1593892 kB
SwapCached:            0 kB
Active:          1330916 kB
Inactive:        1396000 kB
Active(anon):    1134404 kB
Inactive(anon):    17244 kB
Active(file):     196512 kB
Inactive(file):  1378756 kB
Unevictable:        5528 kB
Mlocked:            5528 kB
SwapTotal:       3145724 kB
SwapFree:        3145724 kB
Dirty:               136 kB
Writeback:             4 kB
AnonPages:       1133476 kB
Mapped:           809064 kB
Shmem:             19300 kB
KReclaimable:     683788 kB
Slab:             206348 kB
SReclaimable:      66628 kB
SUnreclaim:       139720 kB
KernelStack:       43936 kB
PageTables:        60264 kB
NFS_Unstable:          0 kB
Bounce:                0 kB
WritebackTmp:          0 kB
CommitLimit:     9202296 kB
Committed_AS:   65699840 kB
VmallocTotal:   263061440 kB
VmallocUsed:      100848 kB
VmallocChunk:          0 kB
Percpu:             7616 kB
CmaTotal:         294912 kB
CmaFree:               0 kB
MemTotal:       12113144 kB
MemFree:         6909720 kB
MemAvailable:    8300076 kB
Buffers:            5168 kB
Cached:          1593896 kB
SwapCached:            0 kB
Active:          1331284 kB
Inactive:        1396004 kB
Active(anon):    1134772 kB
Inactive(anon):    17244 kB
Active(file):     196512 kB
Inactive(file):  1378760 kB
Unevictable:        5528 kB
Mlocked:            5528 kB
SwapTotal:       3145724 kB
SwapFree:        3145724 kB
Dirty:               140 kB
Writeback:             0 kB
AnonPages:       1133804 kB
Mapped:           809064 kB
Shmem:             19300 kB
KReclaimable:     683788 kB
Slab:             206340 kB
SReclaimable:      66628 kB
SUnreclaim:       139712 kB
KernelStack:       43936 kB
PageTables:        60260 kB
NFS_Unstable:          0 kB
Bounce:                0 kB
WritebackTmp:          0 kB
CommitLimit:     9202296 kB
Committed_AS:   65703356 kB
VmallocTotal:   263061440 kB
VmallocUsed:      100848 kB
VmallocChunk:          0 kB
Percpu:             7616 kB
CmaTotal:         294912 kB
CmaFree:               0 kB
MemTotal:       12113144 kB
MemFree:         6907952 kB
MemAvailable:    8298312 kB
Buffers:            5168 kB
Cached:          1593900 kB
SwapCached:            0 kB
Active:          1331740 kB
Inactive:        1396008 kB
Active(anon):    1135228 kB
Inactive(anon):    17248 kB
Active(file):     196512 kB
Inactive(file):  1378760 kB
Unevictable:        5528 kB
Mlocked:            5528 kB
SwapTotal:       3145724 kB
SwapFree:        3145724 kB
Dirty:               140 kB
Writeback:             0 kB
AnonPages:       1134280 kB
Mapped:           809068 kB
Shmem:             19304 kB
KReclaimable:     683792 kB
Slab:             206356 kB
SReclaimable:      66632 kB
SUnreclaim:       139724 kB
KernelStack:       43952 kB
PageTables:        60256 kB
NFS_Unstable:          0 kB
Bounce:                0 kB
WritebackTmp:          0 kB
CommitLimit:     9202296 kB
Committed_AS:   65703048 kB
VmallocTotal:   263061440 kB
VmallocUsed:      100848 kB
VmallocChunk:          0 kB
Percpu:             7616 kB
CmaTotal:         294912 kB
CmaFree:               0 kB
MemTotal:       12113144 kB
MemFree:         6907700 kB
MemAvailable:    8298068 kB
Buffers:            5168 kB
Cached:          1593908 kB
SwapCached:            0 kB
Active:          1332284 kB
Inactive:        1396016 kB
Active(anon):    1135772 kB
Inactive(anon):    17248 kB
Active(file):     196512 kB
Inactive(file):  1378768 kB
Unevictable:        5528 kB
Mlocked:            5528 kB
SwapTotal:       3145724 kB
SwapFree:        3145724 kB
Dirty:               164 kB
Writeback:             0 kB
AnonPages:       1134632 kB
Mapped:           808844 kB
Shmem:             19304 kB
KReclaimable:     683792 kB
Slab:             206356 kB
SReclaimable:      66632 kB
SUnreclaim:       139724 kB
KernelStack:       43952 kB
PageTables:        60192 kB
NFS_Unstable:          0 kB
Bounce:                0 kB
WritebackTmp:          0 kB
CommitLimit:     9202296 kB
Committed_AS:   65709520 kB
VmallocTotal:   263061440 kB
VmallocUsed:      100864 kB
VmallocChunk:          0 kB
Percpu:             7616 kB
CmaTotal:         294912 kB
CmaFree:               0 kB
MemTotal:       12113144 kB
MemFree:         6907640 kB
MemAvailable:    8298012 kB
Buffers:            5168 kB
Cached:          1593912 kB
SwapCached:            0 kB
Active:          1332772 kB
Inactive:        1396020 kB
Active(anon):    1136260 kB
Inactive(anon):    17248 kB
Active(file):     196512 kB
Inactive(file):  1378772 kB
Unevictable:        5528 kB
Mlocked:            5528 kB
SwapTotal:       3145724 kB
SwapFree:        3145724 kB
Dirty:               168 kB
Writeback:             0 kB
AnonPages:       1135464 kB
Mapped:           809068 kB
Shmem:             19304 kB
KReclaimable:     683792 kB
Slab:             206356 kB
SReclaimable:      66632 kB
SUnreclaim:       139724 kB
KernelStack:       43952 kB
PageTables:        60256 kB
NFS_Unstable:          0 kB
Bounce:                0 kB
WritebackTmp:          0 kB
CommitLimit:     9202296 kB
Committed_AS:   65709608 kB
VmallocTotal:   263061440 kB
VmallocUsed:      100880 kB
VmallocChunk:          0 kB
Percpu:             7616 kB
CmaTotal:         294912 kB
CmaFree:               0 kB
MemTotal:       12113144 kB
MemFree:         6904584 kB
MemAvailable:    8294960 kB
Buffers:            5168 kB
Cached:          1593916 kB
SwapCached:            0 kB
Active:          1333540 kB
Inactive:        1396024 kB
Active(anon):    1137028 kB
Inactive(anon):    17252 kB
Active(file):     196512 kB
Inactive(file):  1378772 kB
Unevictable:        5528 kB
Mlocked:            5528 kB
SwapTotal:       3145724 kB
SwapFree:        3145724 kB
Dirty:               176 kB
Writeback:             0 kB
AnonPages:       1136088 kB
Mapped:           809072 kB
Shmem:             19308 kB
KReclaimable:     683796 kB
Slab:             206388 kB
SReclaimable:      66636 kB
SUnreclaim:       139752 kB
KernelStack:       43952 kB
PageTables:        60260 kB
NFS_Unstable:          0 kB
Bounce:                0 kB
WritebackTmp:          0 kB
CommitLimit:     9202296 kB
Committed_AS:   65710012 kB
VmallocTotal:   263061440 kB
VmallocUsed:      100912 kB
VmallocChunk:          0 kB
Percpu:             7616 kB
CmaTotal:         294912 kB
CmaFree:               0 kB
MemTotal:       12113144 kB
MemFree:         6904812 kB
MemAvailable:    8295188 kB
Buffers:            5168 kB
Cached:          1593916 kB
SwapCached:            0 kB
Active:          1334032 kB
Inactive:        1396024 kB
Active(anon):    1137520 kB
Inactive(anon):    17252 kB
Active(file):     196512 kB
Inactive(file):  1378772 kB
Unevictable:        5528 kB
Mlocked:            5528 kB
SwapTotal:       3145724 kB
SwapFree:        3145724 kB
Dirty:               176 kB
Writeback:             0 kB
AnonPages:       1136748 kB
Mapped:           809072 kB
Shmem:             19308 kB
KReclaimable:     683796 kB
Slab:             206388 kB
SReclaimable:      66636 kB
SUnreclaim:       139752 kB
KernelStack:       43952 kB
PageTables:        60256 kB
NFS_Unstable:          0 kB
Bounce:                0 kB
WritebackTmp:          0 kB
CommitLimit:     9202296 kB
Committed_AS:   65709536 kB
VmallocTotal:   263061440 kB
VmallocUsed:      100896 kB
VmallocChunk:          0 kB
Percpu:             7616 kB
CmaTotal:         294912 kB
CmaFree:               0 kB
MemTotal:       12113144 kB
MemFree:         6904428 kB
MemAvailable:    8294804 kB
Buffers:            5168 kB
Cached:          1593916 kB
SwapCached:            0 kB
Active:          1334236 kB
Inactive:        1396024 kB
Active(anon):    1137724 kB
Inactive(anon):    17252 kB
Active(file):     196512 kB
Inactive(file):  1378772 kB
Unevictable:        5528 kB
Mlocked:            5528 kB
SwapTotal:       3145724 kB
SwapFree:        3145724 kB
Dirty:               180 kB
Writeback:             0 kB
AnonPages:       1136760 kB
Mapped:           809072 kB
Shmem:             19308 kB
KReclaimable:     683796 kB
Slab:             206388 kB
SReclaimable:      66636 kB
SUnreclaim:       139752 kB
KernelStack:       43952 kB
PageTables:        60256 kB
NFS_Unstable:          0 kB
Bounce:                0 kB
WritebackTmp:          0 kB
CommitLimit:     9202296 kB
Committed_AS:   65709360 kB
VmallocTotal:   263061440 kB
VmallocUsed:      100880 kB
VmallocChunk:          0 kB
Percpu:             7616 kB
CmaTotal:         294912 kB
CmaFree:               0 kB
MemTotal:       12113144 kB
MemFree:         6904696 kB
MemAvailable:    8295072 kB
Buffers:            5168 kB
Cached:          1593916 kB
SwapCached:            0 kB
Active:          1334884 kB
Inactive:        1396024 kB
Active(anon):    1138372 kB
Inactive(anon):    17252 kB
Active(file):     196512 kB
Inactive(file):  1378772 kB
Unevictable:        5528 kB
Mlocked:            5528 kB
SwapTotal:       3145724 kB
SwapFree:        3145724 kB
Dirty:               180 kB
Writeback:             0 kB
AnonPages:       1137568 kB
Mapped:           808812 kB
Shmem:             19308 kB
KReclaimable:     683796 kB
Slab:             206392 kB
SReclaimable:      66636 kB
SUnreclaim:       139756 kB
KernelStack:       43952 kB
PageTables:        60256 kB
NFS_Unstable:          0 kB
Bounce:                0 kB
WritebackTmp:          0 kB
CommitLimit:     9202296 kB
Committed_AS:   65711052 kB
VmallocTotal:   263061440 kB
VmallocUsed:      100896 kB
VmallocChunk:          0 kB
Percpu:             7616 kB
CmaTotal:         294912 kB
CmaFree:               0 kB
MemTotal:       12113144 kB
MemFree:         6903468 kB
MemAvailable:    8293856 kB
Buffers:            5172 kB
Cached:          1593924 kB
SwapCached:            0 kB
Active:          1335620 kB
Inactive:        1396028 kB
Active(anon):    1139100 kB
Inactive(anon):    17252 kB
Active(file):     196520 kB
Inactive(file):  1378776 kB
Unevictable:        5528 kB
Mlocked:            5528 kB
SwapTotal:       3145724 kB
SwapFree:        3145724 kB
Dirty:               204 kB
Writeback:             0 kB
AnonPages:       1138236 kB
Mapped:           809072 kB
Shmem:             19308 kB
KReclaimable:     683796 kB
Slab:             206400 kB
SReclaimable:      66636 kB
SUnreclaim:       139764 kB
KernelStack:       43936 kB
PageTables:        60260 kB
NFS_Unstable:          0 kB
Bounce:                0 kB
WritebackTmp:          0 kB
CommitLimit:     9202296 kB
Committed_AS:   65710692 kB
VmallocTotal:   263061440 kB
VmallocUsed:      100912 kB
VmallocChunk:          0 kB
Percpu:             7616 kB
CmaTotal:         294912 kB
CmaFree:               0 kB
MemTotal:       12113144 kB
MemFree:         6904584 kB
MemAvailable:    8294972 kB
Buffers:            5172 kB
Cached:          1593928 kB
SwapCached:            0 kB
Active:          1335500 kB
Inactive:        1396032 kB
Active(anon):    1138980 kB
Inactive(anon):    17256 kB
Active(file):     196520 kB
Inactive(file):  1378776 kB
Unevictable:        5528 kB
Mlocked:            5528 kB
SwapTotal:       3145724 kB
SwapFree:        3145724 kB
Dirty:               244 kB
Writeback:             0 kB
AnonPages:       1137732 kB
Mapped:           808816 kB
Shmem:             19312 kB
KReclaimable:     683796 kB
Slab:             206368 kB
SReclaimable:      66636 kB
SUnreclaim:       139732 kB
KernelStack:       43952 kB
PageTables:        60256 kB
NFS_Unstable:          0 kB
Bounce:                0 kB
WritebackTmp:          0 kB
CommitLimit:     9202296 kB
Committed_AS:   65710948 kB
VmallocTotal:   263061440 kB
VmallocUsed:      100896 kB
VmallocChunk:          0 kB
Percpu:             7616 kB
CmaTotal:         294912 kB
CmaFree:               0 kB
MemTotal:       12113144 kB
MemFree:         6904656 kB
MemAvailable:    8295044 kB
Buffers:            5172 kB
Cached:          1593928 kB
SwapCached:            0 kB
Active:          1335768 kB
Inactive:        1396032 kB
Active(anon):    1139248 kB
Inactive(anon):    17256 kB
Active(file):     196520 kB
Inactive(file):  1378776 kB
Unevictable:        5528 kB
Mlocked:            5528 kB
SwapTotal:       3145724 kB
SwapFree:        3145724 kB
Dirty:               244 kB
Writeback:             0 kB
AnonPages:       1138404 kB
Mapped:           808816 kB
Shmem:             19312 kB
KReclaimable:     683796 kB
Slab:             206368 kB
SReclaimable:      66636 kB
SUnreclaim:       139732 kB
KernelStack:       43952 kB
PageTables:        60256 kB
NFS_Unstable:          0 kB
Bounce:                0 kB
WritebackTmp:          0 kB
CommitLimit:     9202296 kB
Committed_AS:   65710952 kB
VmallocTotal:   263061440 kB
VmallocUsed:      100928 kB
VmallocChunk:          0 kB
Percpu:             7616 kB
CmaTotal:         294912 kB
CmaFree:               0 kB
MemTotal:       12113144 kB
MemFree:         6904020 kB
MemAvailable:    8294420 kB
Buffers:            5172 kB
Cached:          1593940 kB
SwapCached:            0 kB
Active:          1335904 kB
Inactive:        1396040 kB
Active(anon):    1139380 kB
Inactive(anon):    17256 kB
Active(file):     196524 kB
Inactive(file):  1378784 kB
Unevictable:        5528 kB
Mlocked:            5528 kB
SwapTotal:       3145724 kB
SwapFree:        3145724 kB
Dirty:               248 kB
Writeback:             0 kB
AnonPages:       1138420 kB
Mapped:           808816 kB
Shmem:             19312 kB
KReclaimable:     683796 kB
Slab:             206376 kB
SReclaimable:      66636 kB
SUnreclaim:       139740 kB
KernelStack:       43952 kB
PageTables:        60256 kB
NFS_Unstable:          0 kB
Bounce:                0 kB
WritebackTmp:          0 kB
CommitLimit:     9202296 kB
Committed_AS:   65710996 kB
VmallocTotal:   263061440 kB
VmallocUsed:      100928 kB
VmallocChunk:          0 kB
Percpu:             7616 kB
CmaTotal:         294912 kB
CmaFree:               0 kB
MemTotal:       12113144 kB
MemFree:         6903796 kB
MemAvailable:    8294180 kB
Buffers:            5172 kB
Cached:          1593924 kB
SwapCached:            0 kB
Active:          1336080 kB
Inactive:        1396028 kB
Active(anon):    1139560 kB
Inactive(anon):    17256 kB
Active(file):     196520 kB
Inactive(file):  1378772 kB
Unevictable:        5528 kB
Mlocked:            5528 kB
SwapTotal:       3145724 kB
SwapFree:        3145724 kB
Dirty:               244 kB
Writeback:             0 kB
AnonPages:       1138620 kB
Mapped:           809076 kB
Shmem:             19312 kB
KReclaimable:     683796 kB
Slab:             206380 kB
SReclaimable:      66636 kB
SUnreclaim:       139744 kB
KernelStack:       43952 kB
PageTables:        60260 kB
NFS_Unstable:          0 kB
Bounce:                0 kB
WritebackTmp:          0 kB
CommitLimit:     9202296 kB
Committed_AS:   65709412 kB
VmallocTotal:   263061440 kB
VmallocUsed:      100912 kB
VmallocChunk:          0 kB
Percpu:             7616 kB
CmaTotal:         294912 kB
CmaFree:               0 kB
MemTotal:       12113144 kB
MemFree:         6903548 kB
MemAvailable:    8293936 kB
Buffers:            5172 kB
Cached:          1593928 kB
SwapCached:            0 kB
Active:          1336628 kB
Inactive:        1396032 kB
Active(anon):    1140108 kB
Inactive(anon):    17256 kB
Active(file):     196520 kB
Inactive(file):  1378776 kB
Unevictable:        5528 kB
Mlocked:            5528 kB
SwapTotal:       3145724 kB
SwapFree:        3145724 kB
Dirty:               244 kB
Writeback:             0 kB
AnonPages:       1139164 kB
Mapped:           808880 kB
Shmem:             19312 kB
KReclaimable:     683796 kB
Slab:             206380 kB
SReclaimable:      66636 kB
SUnreclaim:       139744 kB
KernelStack:       43968 kB
PageTables:        60144 kB
NFS_Unstable:          0 kB
Bounce:                0 kB
WritebackTmp:          0 kB
CommitLimit:     9202296 kB
Committed_AS:   65701004 kB
VmallocTotal:   263061440 kB
VmallocUsed:      100912 kB
VmallocChunk:          0 kB
Percpu:             7616 kB
CmaTotal:         294912 kB
CmaFree:               0 kB
MemTotal:       12113144 kB
MemFree:         6903372 kB
MemAvailable:    8293760 kB
Buffers:            5172 kB
Cached:          1593928 kB
SwapCached:            0 kB
Active:          1336456 kB
Inactive:        1396032 kB
Active(anon):    1139936 kB
Inactive(anon):    17256 kB
Active(file):     196520 kB
Inactive(file):  1378776 kB
Unevictable:        5528 kB
Mlocked:            5528 kB
SwapTotal:       3145724 kB
SwapFree:        3145724 kB
Dirty:               244 kB
Writeback:             0 kB
AnonPages:       1139024 kB
Mapped:           809060 kB
Shmem:             19312 kB
KReclaimable:     683796 kB
Slab:             206380 kB
SReclaimable:      66636 kB
SUnreclaim:       139744 kB
KernelStack:       43936 kB
PageTables:        60192 kB
NFS_Unstable:          0 kB
Bounce:                0 kB
WritebackTmp:          0 kB
CommitLimit:     9202296 kB
Committed_AS:   65702856 kB
VmallocTotal:   263061440 kB
VmallocUsed:      100880 kB
VmallocChunk:          0 kB
Percpu:             7616 kB
CmaTotal:         294912 kB
CmaFree:               0 kB
MemTotal:       12113144 kB
MemFree:         6907028 kB
MemAvailable:    8297416 kB
Buffers:            5172 kB
Cached:          1593932 kB
SwapCached:            0 kB
Active:          1331868 kB
Inactive:        1396036 kB
Active(anon):    1135348 kB
Inactive(anon):    17260 kB
Active(file):     196520 kB
Inactive(file):  1378776 kB
Unevictable:        5528 kB
Mlocked:            5528 kB
SwapTotal:       3145724 kB
SwapFree:        3145724 kB
Dirty:               244 kB
Writeback:             0 kB
AnonPages:       1134304 kB
Mapped:           809080 kB
Shmem:             19316 kB
KReclaimable:     683796 kB
Slab:             206372 kB
SReclaimable:      66636 kB
SUnreclaim:       139736 kB
KernelStack:       43936 kB
PageTables:        60256 kB
NFS_Unstable:          0 kB
Bounce:                0 kB
WritebackTmp:          0 kB
CommitLimit:     9202296 kB
Committed_AS:   65698320 kB
VmallocTotal:   263061440 kB
VmallocUsed:      100880 kB
VmallocChunk:          0 kB
Percpu:             7616 kB
CmaTotal:         294912 kB
CmaFree:               8 kB
MemTotal:       12113144 kB
MemFree:         6907092 kB
MemAvailable:    8297480 kB
Buffers:            5172 kB
Cached:          1593932 kB
SwapCached:            0 kB
Active:          1331988 kB
Inactive:        1396036 kB
Active(anon):    1135468 kB
Inactive(anon):    17260 kB
Active(file):     196520 kB
Inactive(file):  1378776 kB
Unevictable:        5528 kB
Mlocked:            5528 kB
SwapTotal:       3145724 kB
SwapFree:        3145724 kB
Dirty:               244 kB
Writeback:             0 kB
AnonPages:       1134612 kB
Mapped:           809080 kB
Shmem:             19316 kB
KReclaimable:     683796 kB
Slab:             206372 kB
SReclaimable:      66636 kB
SUnreclaim:       139736 kB
KernelStack:       43936 kB
PageTables:        60268 kB
NFS_Unstable:          0 kB
Bounce:                0 kB
WritebackTmp:          0 kB
CommitLimit:     9202296 kB
Committed_AS:   65696528 kB
VmallocTotal:   263061440 kB
VmallocUsed:      100832 kB
VmallocChunk:          0 kB
Percpu:             7616 kB
CmaTotal:         294912 kB
CmaFree:               0 kB
MemTotal:       12113144 kB
MemFree:         6908432 kB
MemAvailable:    8298820 kB
Buffers:            5172 kB
Cached:          1593932 kB
SwapCached:            0 kB
Active:          1330240 kB
Inactive:        1396036 kB
Active(anon):    1133720 kB
Inactive(anon):    17260 kB
Active(file):     196520 kB
Inactive(file):  1378776 kB
Unevictable:        5528 kB
Mlocked:            5528 kB
SwapTotal:       3145724 kB
SwapFree:        3145724 kB
Dirty:               256 kB
Writeback:             0 kB
AnonPages:       1132856 kB
Mapped:           809080 kB
Shmem:             19316 kB
KReclaimable:     683796 kB
Slab:             206372 kB
SReclaimable:      66636 kB
SUnreclaim:       139736 kB
KernelStack:       43936 kB
PageTables:        60260 kB
NFS_Unstable:          0 kB
Bounce:                0 kB
WritebackTmp:          0 kB
CommitLimit:     9202296 kB
Committed_AS:   65709764 kB
VmallocTotal:   263061440 kB
VmallocUsed:      100864 kB
VmallocChunk:          0 kB
Percpu:             7616 kB
CmaTotal:         294912 kB
CmaFree:              60 kB
MemTotal:       12113144 kB
MemFree:         6908836 kB
MemAvailable:    8299224 kB
Buffers:            5172 kB
Cached:          1593932 kB
SwapCached:            0 kB
Active:          1330612 kB
Inactive:        1396036 kB
Active(anon):    1134092 kB
Inactive(anon):    17260 kB
Active(file):     196520 kB
Inactive(file):  1378776 kB
Unevictable:        5528 kB
Mlocked:            5528 kB
SwapTotal:       3145724 kB
SwapFree:        3145724 kB
Dirty:               256 kB
Writeback:             0 kB
AnonPages:       1133048 kB
Mapped:           809080 kB
Shmem:             19316 kB
KReclaimable:     683796 kB
Slab:             206376 kB
SReclaimable:      66636 kB
SUnreclaim:       139740 kB
KernelStack:       43936 kB
PageTables:        60272 kB
NFS_Unstable:          0 kB
Bounce:                0 kB
WritebackTmp:          0 kB
CommitLimit:     9202296 kB
Committed_AS:   65709796 kB
VmallocTotal:   263061440 kB
VmallocUsed:      100864 kB
VmallocChunk:          0 kB
Percpu:             7616 kB
CmaTotal:         294912 kB
CmaFree:               0 kB
MemTotal:       12113144 kB
MemFree:         6908152 kB
MemAvailable:    8298532 kB
Buffers:            5172 kB
Cached:          1593924 kB
SwapCached:            0 kB
Active:          1330364 kB
Inactive:        1396032 kB
Active(anon):    1133848 kB
Inactive(anon):    17260 kB
Active(file):     196516 kB
Inactive(file):  1378772 kB
Unevictable:        5528 kB
Mlocked:            5528 kB
SwapTotal:       3145724 kB
SwapFree:        3145724 kB
Dirty:               248 kB
Writeback:             0 kB
AnonPages:       1133068 kB
Mapped:           809080 kB
Shmem:             19316 kB
KReclaimable:     683796 kB
Slab:             206376 kB
SReclaimable:      66636 kB
SUnreclaim:       139740 kB
KernelStack:       43936 kB
PageTables:        60256 kB
NFS_Unstable:          0 kB
Bounce:                0 kB
WritebackTmp:          0 kB
CommitLimit:     9202296 kB
Committed_AS:   65709312 kB
VmallocTotal:   263061440 kB
VmallocUsed:      100848 kB
VmallocChunk:          0 kB
Percpu:             7616 kB
CmaTotal:         294912 kB
CmaFree:               0 kB
MemTotal:       12113144 kB
MemFree:         6907544 kB
MemAvailable:    8298028 kB
Buffers:            5172 kB
Cached:          1593932 kB
SwapCached:            0 kB
Active:          1330572 kB
Inactive:        1396036 kB
Active(anon):    1134052 kB
Inactive(anon):    17260 kB
Active(file):     196520 kB
Inactive(file):  1378776 kB
Unevictable:        5528 kB
Mlocked:            5528 kB
SwapTotal:       3145724 kB
SwapFree:        3145724 kB
Dirty:               256 kB
Writeback:             0 kB
AnonPages:       1132920 kB
Mapped:           809080 kB
Shmem:             19316 kB
KReclaimable:     683796 kB
Slab:             206376 kB
SReclaimable:      66636 kB
SUnreclaim:       139740 kB
KernelStack:       43936 kB
PageTables:        60264 kB
NFS_Unstable:          0 kB
Bounce:                0 kB
WritebackTmp:          0 kB
CommitLimit:     9202296 kB
Committed_AS:   65708812 kB
VmallocTotal:   263061440 kB
VmallocUsed:      100864 kB
VmallocChunk:          0 kB
Percpu:             7616 kB
CmaTotal:         294912 kB
CmaFree:               0 kB
MemTotal:       12113144 kB
MemFree:         6907808 kB
MemAvailable:    8298196 kB
Buffers:            5172 kB
Cached:          1593932 kB
SwapCached:            0 kB
Active:          1331044 kB
Inactive:        1396036 kB
Active(anon):    1134524 kB
Inactive(anon):    17260 kB
Active(file):     196520 kB
Inactive(file):  1378776 kB
Unevictable:        5528 kB
Mlocked:            5528 kB
SwapTotal:       3145724 kB
SwapFree:        3145724 kB
Dirty:               256 kB
Writeback:             0 kB
AnonPages:       1133588 kB
Mapped:           808820 kB
Shmem:             19316 kB
KReclaimable:     683796 kB
Slab:             206368 kB
SReclaimable:      66636 kB
SUnreclaim:       139732 kB
KernelStack:       43936 kB
PageTables:        60268 kB
NFS_Unstable:          0 kB
Bounce:                0 kB
WritebackTmp:          0 kB
CommitLimit:     9202296 kB
Committed_AS:   65709092 kB
VmallocTotal:   263061440 kB
VmallocUsed:      100864 kB
VmallocChunk:          0 kB
Percpu:             7616 kB
CmaTotal:         294912 kB
CmaFree:               0 kB
MemTotal:       12113144 kB
MemFree:         6907808 kB
MemAvailable:    8298196 kB
Buffers:            5176 kB
Cached:          1593936 kB
SwapCached:            0 kB
Active:          1331352 kB
Inactive:        1396044 kB
Active(anon):    1134832 kB
Inactive(anon):    17268 kB
Active(file):     196520 kB
Inactive(file):  1378776 kB
Unevictable:        5528 kB
Mlocked:            5528 kB
SwapTotal:       3145724 kB
SwapFree:        3145724 kB
Dirty:               256 kB
Writeback:             0 kB
AnonPages:       1133936 kB
Mapped:           809088 kB
Shmem:             19324 kB
KReclaimable:     683796 kB
Slab:             206368 kB
SReclaimable:      66636 kB
SUnreclaim:       139732 kB
KernelStack:       43936 kB
PageTables:        60272 kB
NFS_Unstable:          0 kB
Bounce:                0 kB
WritebackTmp:          0 kB
CommitLimit:     9202296 kB
Committed_AS:   65707464 kB
VmallocTotal:   263061440 kB
VmallocUsed:      100880 kB
VmallocChunk:          0 kB
Percpu:             7616 kB
CmaTotal:         294912 kB
CmaFree:               0 kB
MemTotal:       12113144 kB
MemFree:         6906852 kB
MemAvailable:    8297252 kB
Buffers:            5176 kB
Cached:          1593948 kB
SwapCached:            0 kB
Active:          1331736 kB
Inactive:        1396052 kB
Active(anon):    1135212 kB
Inactive(anon):    17268 kB
Active(file):     196524 kB
Inactive(file):  1378784 kB
Unevictable:        5528 kB
Mlocked:            5528 kB
SwapTotal:       3145724 kB
SwapFree:        3145724 kB
Dirty:               236 kB
Writeback:             0 kB
AnonPages:       1134172 kB
Mapped:           809088 kB
Shmem:             19324 kB
KReclaimable:     683796 kB
Slab:             206380 kB
SReclaimable:      66636 kB
SUnreclaim:       139744 kB
KernelStack:       43936 kB
PageTables:        60264 kB
NFS_Unstable:          0 kB
Bounce:                0 kB
WritebackTmp:          0 kB
CommitLimit:     9202296 kB
Committed_AS:   65709012 kB
VmallocTotal:   263061440 kB
VmallocUsed:      100848 kB
VmallocChunk:          0 kB
Percpu:             7616 kB
CmaTotal:         294912 kB
CmaFree:               0 kB
MemTotal:       12113144 kB
MemFree:         6906508 kB
MemAvailable:    8296908 kB
Buffers:            5176 kB
Cached:          1593952 kB
SwapCached:            0 kB
Active:          1332500 kB
Inactive:        1396056 kB
Active(anon):    1135976 kB
Inactive(anon):    17272 kB
Active(file):     196524 kB
Inactive(file):  1378784 kB
Unevictable:        5528 kB
Mlocked:            5528 kB
SwapTotal:       3145724 kB
SwapFree:        3145724 kB
Dirty:               236 kB
Writeback:             0 kB
AnonPages:       1134928 kB
Mapped:           808832 kB
Shmem:             19328 kB
KReclaimable:     683796 kB
Slab:             206380 kB
SReclaimable:      66636 kB
SUnreclaim:       139744 kB
KernelStack:       43936 kB
PageTables:        60272 kB
NFS_Unstable:          0 kB
Bounce:                0 kB
WritebackTmp:          0 kB
CommitLimit:     9202296 kB
Committed_AS:   65703564 kB
VmallocTotal:   263061440 kB
VmallocUsed:      100832 kB
VmallocChunk:          0 kB
Percpu:             7616 kB
CmaTotal:         294912 kB
CmaFree:               0 kB
MemTotal:       12113144 kB
MemFree:         6906164 kB
MemAvailable:    8296564 kB
Buffers:            5176 kB
Cached:          1593952 kB
SwapCached:            0 kB
Active:          1332936 kB
Inactive:        1396056 kB
Active(anon):    1136412 kB
Inactive(anon):    17272 kB
Active(file):     196524 kB
Inactive(file):  1378784 kB
Unevictable:        5528 kB
Mlocked:            5528 kB
SwapTotal:       3145724 kB
SwapFree:        3145724 kB
Dirty:               236 kB
Writeback:             0 kB
AnonPages:       1135544 kB
Mapped:           809092 kB
Shmem:             19328 kB
KReclaimable:     683796 kB
Slab:             206372 kB
SReclaimable:      66636 kB
SUnreclaim:       139736 kB
KernelStack:       43936 kB
PageTables:        60260 kB
NFS_Unstable:          0 kB
Bounce:                0 kB
WritebackTmp:          0 kB
CommitLimit:     9202296 kB
Committed_AS:   65703740 kB
VmallocTotal:   263061440 kB
VmallocUsed:      100816 kB
VmallocChunk:          0 kB
Percpu:             7616 kB
CmaTotal:         294912 kB
CmaFree:               0 kB
MemTotal:       12113144 kB
MemFree:         6905916 kB
MemAvailable:    8296304 kB
Buffers:            5176 kB
Cached:          1593940 kB
SwapCached:            0 kB
Active:          1333208 kB
Inactive:        1396052 kB
Active(anon):    1136692 kB
Inactive(anon):    17272 kB
Active(file):     196516 kB
Inactive(file):  1378780 kB
Unevictable:        5528 kB
Mlocked:            5528 kB
SwapTotal:       3145724 kB
SwapFree:        3145724 kB
Dirty:               228 kB
Writeback:             0 kB
AnonPages:       1135968 kB
Mapped:           809092 kB
Shmem:             19328 kB
KReclaimable:     683796 kB
Slab:             206380 kB
SReclaimable:      66636 kB
SUnreclaim:       139744 kB
KernelStack:       43936 kB
PageTables:        60268 kB
NFS_Unstable:          0 kB
Bounce:                0 kB
WritebackTmp:          0 kB
CommitLimit:     9202296 kB
Committed_AS:   65703564 kB
VmallocTotal:   263061440 kB
VmallocUsed:      100848 kB
VmallocChunk:          0 kB
Percpu:             7616 kB
CmaTotal:         294912 kB
CmaFree:               0 kB
MemTotal:       12113144 kB
MemFree:         6905716 kB
MemAvailable:    8296116 kB
Buffers:            5176 kB
Cached:          1593952 kB
SwapCached:            0 kB
Active:          1333684 kB
Inactive:        1396056 kB
Active(anon):    1137160 kB
Inactive(anon):    17272 kB
Active(file):     196524 kB
Inactive(file):  1378784 kB
Unevictable:        5528 kB
Mlocked:            5528 kB
SwapTotal:       3145724 kB
SwapFree:        3145724 kB
Dirty:               240 kB
Writeback:             0 kB
AnonPages:       1136216 kB
Mapped:           808832 kB
Shmem:             19328 kB
KReclaimable:     683796 kB
Slab:             206380 kB
SReclaimable:      66636 kB
SUnreclaim:       139744 kB
KernelStack:       43936 kB
PageTables:        60264 kB
NFS_Unstable:          0 kB
Bounce:                0 kB
WritebackTmp:          0 kB
CommitLimit:     9202296 kB
Committed_AS:   65703212 kB
VmallocTotal:   263061440 kB
VmallocUsed:      100848 kB
VmallocChunk:          0 kB
Percpu:             7616 kB
CmaTotal:         294912 kB
CmaFree:               0 kB
MemTotal:       12113144 kB
MemFree:         6905552 kB
MemAvailable:    8295956 kB
Buffers:            5176 kB
Cached:          1593956 kB
SwapCached:            0 kB
Active:          1333948 kB
Inactive:        1396060 kB
Active(anon):    1137424 kB
Inactive(anon):    17272 kB
Active(file):     196524 kB
Inactive(file):  1378788 kB
Unevictable:        5528 kB
Mlocked:            5528 kB
SwapTotal:       3145724 kB
SwapFree:        3145724 kB
Dirty:               244 kB
Writeback:             0 kB
AnonPages:       1136328 kB
Mapped:           809092 kB
Shmem:             19328 kB
KReclaimable:     683796 kB
Slab:             206396 kB
SReclaimable:      66636 kB
SUnreclaim:       139760 kB
KernelStack:       43936 kB
PageTables:        60268 kB
NFS_Unstable:          0 kB
Bounce:                0 kB
WritebackTmp:          0 kB
CommitLimit:     9202296 kB
Committed_AS:   65703088 kB
VmallocTotal:   263061440 kB
VmallocUsed:      100832 kB
VmallocChunk:          0 kB
Percpu:             7616 kB
CmaTotal:         294912 kB
CmaFree:               0 kB
MemTotal:       12113144 kB
MemFree:         6905032 kB
MemAvailable:    8295436 kB
Buffers:            5176 kB
Cached:          1593960 kB
SwapCached:            0 kB
Active:          1334272 kB
Inactive:        1396064 kB
Active(anon):    1137748 kB
Inactive(anon):    17276 kB
Active(file):     196524 kB
Inactive(file):  1378788 kB
Unevictable:        5528 kB
Mlocked:            5528 kB
SwapTotal:       3145724 kB
SwapFree:        3145724 kB
Dirty:               244 kB
Writeback:             0 kB
AnonPages:       1137016 kB
Mapped:           808836 kB
Shmem:             19332 kB
KReclaimable:     683796 kB
Slab:             206380 kB
SReclaimable:      66636 kB
SUnreclaim:       139744 kB
KernelStack:       43936 kB
PageTables:        60272 kB
NFS_Unstable:          0 kB
Bounce:                0 kB
WritebackTmp:          0 kB
CommitLimit:     9202296 kB
Committed_AS:   65702868 kB
VmallocTotal:   263061440 kB
VmallocUsed:      100864 kB
VmallocChunk:          0 kB
Percpu:             7616 kB
CmaTotal:         294912 kB
CmaFree:               0 kB
MemTotal:       12113144 kB
MemFree:         6905068 kB
MemAvailable:    8295472 kB
Buffers:            5176 kB
Cached:          1593960 kB
SwapCached:            0 kB
Active:          1334964 kB
Inactive:        1396064 kB
Active(anon):    1138440 kB
Inactive(anon):    17276 kB
Active(file):     196524 kB
Inactive(file):  1378788 kB
Unevictable:        5528 kB
Mlocked:            5528 kB
SwapTotal:       3145724 kB
SwapFree:        3145724 kB
Dirty:               244 kB
Writeback:             0 kB
AnonPages:       1137508 kB
Mapped:           809096 kB
Shmem:             19332 kB
KReclaimable:     683796 kB
Slab:             206380 kB
SReclaimable:      66636 kB
SUnreclaim:       139744 kB
KernelStack:       43936 kB
PageTables:        60272 kB
NFS_Unstable:          0 kB
Bounce:                0 kB
WritebackTmp:          0 kB
CommitLimit:     9202296 kB
Committed_AS:   65703672 kB
VmallocTotal:   263061440 kB
VmallocUsed:      100848 kB
VmallocChunk:          0 kB
Percpu:             7616 kB
CmaTotal:         294912 kB
CmaFree:               0 kB
MemTotal:       12113144 kB
MemFree:         6900144 kB
MemAvailable:    8290548 kB
Buffers:            5176 kB
Cached:          1593960 kB
SwapCached:            0 kB
Active:          1340692 kB
Inactive:        1396064 kB
Active(anon):    1144168 kB
Inactive(anon):    17276 kB
Active(file):     196524 kB
Inactive(file):  1378788 kB
Unevictable:        5528 kB
Mlocked:            5528 kB
SwapTotal:       3145724 kB
SwapFree:        3145724 kB
Dirty:               244 kB
Writeback:             0 kB
AnonPages:       1143232 kB
Mapped:           809096 kB
Shmem:             19332 kB
KReclaimable:     683796 kB
Slab:             206392 kB
SReclaimable:      66636 kB
SUnreclaim:       139756 kB
KernelStack:       43936 kB
PageTables:        60260 kB
NFS_Unstable:          0 kB
Bounce:                0 kB
WritebackTmp:          0 kB
CommitLimit:     9202296 kB
Committed_AS:   65710756 kB
VmallocTotal:   263061440 kB
VmallocUsed:      100864 kB
VmallocChunk:          0 kB
Percpu:             7616 kB
CmaTotal:         294912 kB
CmaFree:               0 kB
MemTotal:       12113144 kB
MemFree:         6899604 kB
MemAvailable:    8290008 kB
Buffers:            5176 kB
Cached:          1593960 kB
SwapCached:            0 kB
Active:          1340956 kB
Inactive:        1396064 kB
Active(anon):    1144432 kB
Inactive(anon):    17276 kB
Active(file):     196524 kB
Inactive(file):  1378788 kB
Unevictable:        5528 kB
Mlocked:            5528 kB
SwapTotal:       3145724 kB
SwapFree:        3145724 kB
Dirty:               260 kB
Writeback:             0 kB
AnonPages:       1143484 kB
Mapped:           808836 kB
Shmem:             19332 kB
KReclaimable:     683796 kB
Slab:             206400 kB
SReclaimable:      66636 kB
SUnreclaim:       139764 kB
KernelStack:       43952 kB
PageTables:        60272 kB
NFS_Unstable:          0 kB
Bounce:                0 kB
WritebackTmp:          0 kB
CommitLimit:     9202296 kB
Committed_AS:   65710532 kB
VmallocTotal:   263061440 kB
VmallocUsed:      100880 kB
VmallocChunk:          0 kB
Percpu:             7616 kB
CmaTotal:         294912 kB
CmaFree:               0 kB
MemTotal:       12113144 kB
MemFree:         6898784 kB
MemAvailable:    8289188 kB
Buffers:            5176 kB
Cached:          1593960 kB
SwapCached:            0 kB
Active:          1340960 kB
Inactive:        1396064 kB
Active(anon):    1144436 kB
Inactive(anon):    17276 kB
Active(file):     196524 kB
Inactive(file):  1378788 kB
Unevictable:        5528 kB
Mlocked:            5528 kB
SwapTotal:       3145724 kB
SwapFree:        3145724 kB
Dirty:               260 kB
Writeback:             0 kB
AnonPages:       1143568 kB
Mapped:           809096 kB
Shmem:             19332 kB
KReclaimable:     683796 kB
Slab:             206400 kB
SReclaimable:      66636 kB
SUnreclaim:       139764 kB
KernelStack:       43952 kB
PageTables:        60260 kB
NFS_Unstable:          0 kB
Bounce:                0 kB
WritebackTmp:          0 kB
CommitLimit:     9202296 kB
Committed_AS:   65710444 kB
VmallocTotal:   263061440 kB
VmallocUsed:      100880 kB
VmallocChunk:          0 kB
Percpu:             7616 kB
CmaTotal:         294912 kB
CmaFree:               0 kB
MemTotal:       12113144 kB
MemFree:         6893780 kB
MemAvailable:    8284192 kB
Buffers:            5176 kB
Cached:          1593972 kB
SwapCached:            0 kB
Active:          1345040 kB
Inactive:        1396072 kB
Active(anon):    1148512 kB
Inactive(anon):    17280 kB
Active(file):     196528 kB
Inactive(file):  1378792 kB
Unevictable:        5528 kB
Mlocked:            5528 kB
SwapTotal:       3145724 kB
SwapFree:        3145724 kB
Dirty:               148 kB
Writeback:             0 kB
AnonPages:       1147544 kB
Mapped:           809100 kB
Shmem:             19336 kB
KReclaimable:     683796 kB
Slab:             206400 kB
SReclaimable:      66636 kB
SUnreclaim:       139764 kB
KernelStack:       43952 kB
PageTables:        60260 kB
NFS_Unstable:          0 kB
Bounce:                0 kB
WritebackTmp:          0 kB
CommitLimit:     9202296 kB
Committed_AS:   65710184 kB
VmallocTotal:   263061440 kB
VmallocUsed:      100896 kB
VmallocChunk:          0 kB
Percpu:             7616 kB
CmaTotal:         294912 kB
CmaFree:               0 kB
MemTotal:       12113144 kB
MemFree:         6893224 kB
MemAvailable:    8283628 kB
Buffers:            5176 kB
Cached:          1593964 kB
SwapCached:            0 kB
Active:          1345260 kB
Inactive:        1396068 kB
Active(anon):    1148736 kB
Inactive(anon):    17280 kB
Active(file):     196524 kB
Inactive(file):  1378788 kB
Unevictable:        5528 kB
Mlocked:            5528 kB
SwapTotal:       3145724 kB
SwapFree:        3145724 kB
Dirty:               140 kB
Writeback:             0 kB
AnonPages:       1147856 kB
Mapped:           809084 kB
Shmem:             19336 kB
KReclaimable:     683796 kB
Slab:             206404 kB
SReclaimable:      66636 kB
SUnreclaim:       139768 kB
KernelStack:       43952 kB
PageTables:        60184 kB
NFS_Unstable:          0 kB
Bounce:                0 kB
WritebackTmp:          0 kB
CommitLimit:     9202296 kB
Committed_AS:   65710336 kB
VmallocTotal:   263061440 kB
VmallocUsed:      100880 kB
VmallocChunk:          0 kB
Percpu:             7616 kB
CmaTotal:         294912 kB
CmaFree:               0 kB
MemTotal:       12113144 kB
MemFree:         6893256 kB
MemAvailable:    8283660 kB
Buffers:            5176 kB
Cached:          1593964 kB
SwapCached:            0 kB
Active:          1345720 kB
Inactive:        1396068 kB
Active(anon):    1149196 kB
Inactive(anon):    17280 kB
Active(file):     196524 kB
Inactive(file):  1378788 kB
Unevictable:        5528 kB
Mlocked:            5528 kB
SwapTotal:       3145724 kB
SwapFree:        3145724 kB
Dirty:               140 kB
Writeback:             0 kB
AnonPages:       1148256 kB
Mapped:           809100 kB
Shmem:             19336 kB
KReclaimable:     683796 kB
Slab:             206396 kB
SReclaimable:      66636 kB
SUnreclaim:       139760 kB
KernelStack:       43952 kB
PageTables:        60260 kB
NFS_Unstable:          0 kB
Bounce:                0 kB
WritebackTmp:          0 kB
CommitLimit:     9202296 kB
Committed_AS:   65709744 kB
VmallocTotal:   263061440 kB
VmallocUsed:      100880 kB
VmallocChunk:          0 kB
Percpu:             7616 kB
CmaTotal:         294912 kB
CmaFree:               0 kB
MemTotal:       12113144 kB
MemFree:         6893264 kB
MemAvailable:    8283668 kB
Buffers:            5176 kB
Cached:          1593964 kB
SwapCached:            0 kB
Active:          1346216 kB
Inactive:        1396068 kB
Active(anon):    1149692 kB
Inactive(anon):    17280 kB
Active(file):     196524 kB
Inactive(file):  1378788 kB
Unevictable:        5528 kB
Mlocked:            5528 kB
SwapTotal:       3145724 kB
SwapFree:        3145724 kB
Dirty:               144 kB
Writeback:             0 kB
AnonPages:       1148828 kB
Mapped:           808840 kB
Shmem:             19336 kB
KReclaimable:     683796 kB
Slab:             206396 kB
SReclaimable:      66636 kB
SUnreclaim:       139760 kB
KernelStack:       43952 kB
PageTables:        60256 kB
NFS_Unstable:          0 kB
Bounce:                0 kB
WritebackTmp:          0 kB
CommitLimit:     9202296 kB
Committed_AS:   65709620 kB
VmallocTotal:   263061440 kB
VmallocUsed:      100912 kB
VmallocChunk:          0 kB
Percpu:             7616 kB
CmaTotal:         294912 kB
CmaFree:               0 kB
MemTotal:       12113144 kB
MemFree:         6902696 kB
MemAvailable:    8293112 kB
Buffers:            5180 kB
Cached:          1593980 kB
SwapCached:            0 kB
Active:          1336488 kB
Inactive:        1396084 kB
Active(anon):    1139960 kB
Inactive(anon):    17288 kB
Active(file):     196528 kB
Inactive(file):  1378796 kB
Unevictable:        5528 kB
Mlocked:            5528 kB
SwapTotal:       3145724 kB
SwapFree:        3145724 kB
Dirty:               128 kB
Writeback:             0 kB
AnonPages:       1139040 kB
Mapped:           809108 kB
Shmem:             19344 kB
KReclaimable:     683796 kB
Slab:             206396 kB
SReclaimable:      66636 kB
SUnreclaim:       139760 kB
KernelStack:       43952 kB
PageTables:        60268 kB
NFS_Unstable:          0 kB
Bounce:                0 kB
WritebackTmp:          0 kB
CommitLimit:     9202296 kB
Committed_AS:   65709400 kB
VmallocTotal:   263061440 kB
VmallocUsed:      100864 kB
VmallocChunk:          0 kB
Percpu:             7616 kB
CmaTotal:         294912 kB
CmaFree:               0 kB
MemTotal:       12113144 kB
MemFree:         6903168 kB
MemAvailable:    8293584 kB
Buffers:            5180 kB
Cached:          1593980 kB
SwapCached:            0 kB
Active:          1336272 kB
Inactive:        1396084 kB
Active(anon):    1139744 kB
Inactive(anon):    17288 kB
Active(file):     196528 kB
Inactive(file):  1378796 kB
Unevictable:        5528 kB
Mlocked:            5528 kB
SwapTotal:       3145724 kB
SwapFree:        3145724 kB
Dirty:               128 kB
Writeback:             0 kB
AnonPages:       1138832 kB
Mapped:           809108 kB
Shmem:             19344 kB
KReclaimable:     683796 kB
Slab:             206396 kB
SReclaimable:      66636 kB
SUnreclaim:       139760 kB
KernelStack:       43952 kB
PageTables:        60272 kB
NFS_Unstable:          0 kB
Bounce:                0 kB
WritebackTmp:          0 kB
CommitLimit:     9202296 kB
Committed_AS:   65710036 kB
VmallocTotal:   263061440 kB
VmallocUsed:      100864 kB
VmallocChunk:          0 kB
Percpu:             7616 kB
CmaTotal:         294912 kB
CmaFree:               0 kB
MemTotal:       12113144 kB
MemFree:         6914108 kB
MemAvailable:    8304524 kB
Buffers:            5180 kB
Cached:          1593980 kB
SwapCached:            0 kB
Active:          1324144 kB
Inactive:        1396084 kB
Active(anon):    1127616 kB
Inactive(anon):    17288 kB
Active(file):     196528 kB
Inactive(file):  1378796 kB
Unevictable:        5528 kB
Mlocked:            5528 kB
SwapTotal:       3145724 kB
SwapFree:        3145724 kB
Dirty:               136 kB
Writeback:             0 kB
AnonPages:       1126668 kB
Mapped:           809108 kB
Shmem:             19344 kB
KReclaimable:     683796 kB
Slab:             206396 kB
SReclaimable:      66636 kB
SUnreclaim:       139760 kB
KernelStack:       43952 kB
PageTables:        60276 kB
NFS_Unstable:          0 kB
Bounce:                0 kB
WritebackTmp:          0 kB
CommitLimit:     9202296 kB
Committed_AS:   65709576 kB
VmallocTotal:   263061440 kB
VmallocUsed:      100880 kB
VmallocChunk:          0 kB
Percpu:             7616 kB
CmaTotal:         294912 kB
CmaFree:             120 kB
MemTotal:       12113144 kB
MemFree:         6913616 kB
MemAvailable:    8304032 kB
Buffers:            5180 kB
Cached:          1593980 kB
SwapCached:            0 kB
Active:          1324744 kB
Inactive:        1396084 kB
Active(anon):    1128216 kB
Inactive(anon):    17288 kB
Active(file):     196528 kB
Inactive(file):  1378796 kB
Unevictable:        5528 kB
Mlocked:            5528 kB
SwapTotal:       3145724 kB
SwapFree:        3145724 kB
Dirty:               140 kB
Writeback:             0 kB
AnonPages:       1127112 kB
Mapped:           808848 kB
Shmem:             19344 kB
KReclaimable:     683796 kB
Slab:             206396 kB
SReclaimable:      66636 kB
SUnreclaim:       139760 kB
KernelStack:       43952 kB
PageTables:        60264 kB
NFS_Unstable:          0 kB
Bounce:                0 kB
WritebackTmp:          0 kB
CommitLimit:     9202296 kB
Committed_AS:   65715336 kB
VmallocTotal:   263061440 kB
VmallocUsed:      100928 kB
VmallocChunk:          0 kB
Percpu:             7616 kB
CmaTotal:         294912 kB
CmaFree:               0 kB
MemTotal:       12113144 kB
MemFree:         6912888 kB
MemAvailable:    8303316 kB
Buffers:            5180 kB
Cached:          1593996 kB
SwapCached:            0 kB
Active:          1325204 kB
Inactive:        1396096 kB
Active(anon):    1128672 kB
Inactive(anon):    17292 kB
Active(file):     196532 kB
Inactive(file):  1378804 kB
Unevictable:        5528 kB
Mlocked:            5528 kB
SwapTotal:       3145724 kB
SwapFree:        3145724 kB
Dirty:               152 kB
Writeback:             0 kB
AnonPages:       1127792 kB
Mapped:           809112 kB
Shmem:             19348 kB
KReclaimable:     683796 kB
Slab:             206400 kB
SReclaimable:      66636 kB
SUnreclaim:       139764 kB
KernelStack:       43952 kB
PageTables:        60264 kB
NFS_Unstable:          0 kB
Bounce:                0 kB
WritebackTmp:          0 kB
CommitLimit:     9202296 kB
Committed_AS:   65715320 kB
VmallocTotal:   263061440 kB
VmallocUsed:      100944 kB
