MemTotal:       12113144 kB
MemFree:         6701596 kB
MemAvailable:    8089528 kB
Buffers:            5944 kB
Cached:          1628168 kB
SwapCached:            0 kB
Active:          1490752 kB
Inactive:        1344160 kB
Active(anon):    1207856 kB
Inactive(anon):    21468 kB
Active(file):     282896 kB
Inactive(file):  1322692 kB
Unevictable:        5864 kB
Mlocked:            5864 kB
SwapTotal:       3145724 kB
SwapFree:        3145724 kB
Dirty:               180 kB
Writeback:             0 kB
AnonPages:       1206732 kB
Mapped:           809780 kB
Shmem:             23692 kB
KReclaimable:     651048 kB
Slab:             204636 kB
SReclaimable:      67392 kB
SUnreclaim:       137244 kB
KernelStack:       42672 kB
PageTables:        56556 kB
NFS_Unstable:          0 kB
Bounce:                0 kB
WritebackTmp:          0 kB
CommitLimit:     9202296 kB
Committed_AS:   57697692 kB
VmallocTotal:   263061440 kB
VmallocUsed:       99648 kB
VmallocChunk:          0 kB
Percpu:             7616 kB
CmaTotal:         294912 kB
CmaFree:               0 kB
MemTotal:       12113144 kB
MemFree:         6692312 kB
MemAvailable:    8080244 kB
Buffers:            5944 kB
Cached:          1628172 kB
SwapCached:            0 kB
Active:          1498580 kB
Inactive:        1344164 kB
Active(anon):    1215684 kB
Inactive(anon):    21472 kB
Active(file):     282896 kB
Inactive(file):  1322692 kB
Unevictable:        5864 kB
Mlocked:            5864 kB
SwapTotal:       3145724 kB
SwapFree:        3145724 kB
Dirty:               180 kB
Writeback:             0 kB
AnonPages:       1214572 kB
Mapped:           807472 kB
Shmem:             23696 kB
KReclaimable:     651048 kB
Slab:             204644 kB
SReclaimable:      67392 kB
SUnreclaim:       137252 kB
KernelStack:       42656 kB
PageTables:        56680 kB
NFS_Unstable:          0 kB
Bounce:                0 kB
WritebackTmp:          0 kB
CommitLimit:     9202296 kB
Committed_AS:   57703560 kB
VmallocTotal:   263061440 kB
VmallocUsed:       99680 kB
VmallocChunk:          0 kB
Percpu:             7616 kB
CmaTotal:         294912 kB
CmaFree:               0 kB
MemTotal:       12113144 kB
MemFree:         6692632 kB
MemAvailable:    8080564 kB
Buffers:            5944 kB
Cached:          1628172 kB
SwapCached:            0 kB
Active:          1499332 kB
Inactive:        1344164 kB
Active(anon):    1216436 kB
Inactive(anon):    21472 kB
Active(file):     282896 kB
Inactive(file):  1322692 kB
Unevictable:        5864 kB
Mlocked:            5864 kB
SwapTotal:       3145724 kB
SwapFree:        3145724 kB
Dirty:               212 kB
Writeback:             0 kB
AnonPages:       1215404 kB
Mapped:           807476 kB
Shmem:             23696 kB
KReclaimable:     651048 kB
Slab:             204644 kB
SReclaimable:      67392 kB
SUnreclaim:       137252 kB
KernelStack:       42656 kB
PageTables:        56548 kB
NFS_Unstable:          0 kB
Bounce:                0 kB
WritebackTmp:          0 kB
CommitLimit:     9202296 kB
Committed_AS:   57692344 kB
VmallocTotal:   263061440 kB
VmallocUsed:       99632 kB
VmallocChunk:          0 kB
Percpu:             7616 kB
CmaTotal:         294912 kB
CmaFree:               0 kB
MemTotal:       12113144 kB
MemFree:         6691312 kB
MemAvailable:    8079256 kB
Buffers:            5948 kB
Cached:          1628180 kB
SwapCached:            0 kB
Active:          1499552 kB
Inactive:        1344172 kB
Active(anon):    1216652 kB
Inactive(anon):    21472 kB
Active(file):     282900 kB
Inactive(file):  1322700 kB
Unevictable:        5864 kB
Mlocked:            5864 kB
SwapTotal:       3145724 kB
SwapFree:        3145724 kB
Dirty:               224 kB
Writeback:             0 kB
AnonPages:       1215444 kB
Mapped:           807476 kB
Shmem:             23696 kB
KReclaimable:     651048 kB
Slab:             204644 kB
SReclaimable:      67392 kB
SUnreclaim:       137252 kB
KernelStack:       42640 kB
PageTables:        56544 kB
NFS_Unstable:          0 kB
Bounce:                0 kB
WritebackTmp:          0 kB
CommitLimit:     9202296 kB
Committed_AS:   57692044 kB
VmallocTotal:   263061440 kB
VmallocUsed:       99680 kB
VmallocChunk:          0 kB
Percpu:             7616 kB
CmaTotal:         294912 kB
CmaFree:               0 kB
MemTotal:       12113144 kB
MemFree:         6691508 kB
MemAvailable:    8079452 kB
Buffers:            5948 kB
Cached:          1628180 kB
SwapCached:            0 kB
Active:          1500048 kB
Inactive:        1344172 kB
Active(anon):    1217148 kB
Inactive(anon):    21472 kB
Active(file):     282900 kB
Inactive(file):  1322700 kB
Unevictable:        5864 kB
Mlocked:            5864 kB
SwapTotal:       3145724 kB
SwapFree:        3145724 kB
Dirty:               236 kB
Writeback:             0 kB
AnonPages:       1216004 kB
Mapped:           807720 kB
Shmem:             23696 kB
KReclaimable:     651048 kB
Slab:             204648 kB
SReclaimable:      67392 kB
SUnreclaim:       137256 kB
KernelStack:       42672 kB
PageTables:        56600 kB
NFS_Unstable:          0 kB
Bounce:                0 kB
WritebackTmp:          0 kB
CommitLimit:     9202296 kB
Committed_AS:   57703220 kB
VmallocTotal:   263061440 kB
VmallocUsed:       99664 kB
VmallocChunk:          0 kB
Percpu:             7616 kB
CmaTotal:         294912 kB
CmaFree:               0 kB
MemTotal:       12113144 kB
MemFree:         6690928 kB
MemAvailable:    8078872 kB
Buffers:            5948 kB
Cached:          1628184 kB
SwapCached:            0 kB
Active:          1500680 kB
Inactive:        1344176 kB
Active(anon):    1217780 kB
Inactive(anon):    21476 kB
Active(file):     282900 kB
Inactive(file):  1322700 kB
Unevictable:        5864 kB
Mlocked:            5864 kB
SwapTotal:       3145724 kB
SwapFree:        3145724 kB
Dirty:               240 kB
Writeback:             0 kB
AnonPages:       1216776 kB
Mapped:           807740 kB
Shmem:             23700 kB
KReclaimable:     651048 kB
Slab:             204648 kB
SReclaimable:      67392 kB
SUnreclaim:       137256 kB
KernelStack:       42640 kB
PageTables:        56452 kB
NFS_Unstable:          0 kB
Bounce:                0 kB
WritebackTmp:          0 kB
CommitLimit:     9202296 kB
Committed_AS:   57692600 kB
VmallocTotal:   263061440 kB
VmallocUsed:       99664 kB
VmallocChunk:          0 kB
Percpu:             7616 kB
CmaTotal:         294912 kB
CmaFree:               0 kB
MemTotal:       12113144 kB
MemFree:         6691052 kB
MemAvailable:    8078996 kB
Buffers:            5948 kB
Cached:          1628188 kB
SwapCached:            0 kB
Active:          1500996 kB
Inactive:        1344180 kB
Active(anon):    1218096 kB
Inactive(anon):    21480 kB
Active(file):     282900 kB
Inactive(file):  1322700 kB
Unevictable:        5864 kB
Mlocked:            5864 kB
SwapTotal:       3145724 kB
SwapFree:        3145724 kB
Dirty:               256 kB
Writeback:             0 kB
AnonPages:       1216952 kB
Mapped:           807484 kB
Shmem:             23704 kB
KReclaimable:     651048 kB
Slab:             204648 kB
SReclaimable:      67392 kB
SUnreclaim:       137256 kB
KernelStack:       42640 kB
PageTables:        56552 kB
NFS_Unstable:          0 kB
Bounce:                0 kB
WritebackTmp:          0 kB
CommitLimit:     9202296 kB
Committed_AS:   57697592 kB
VmallocTotal:   263061440 kB
VmallocUsed:       99680 kB
VmallocChunk:          0 kB
Percpu:             7616 kB
CmaTotal:         294912 kB
CmaFree:               0 kB
MemTotal:       12113144 kB
MemFree:         6691056 kB
MemAvailable:    8079000 kB
Buffers:            5948 kB
Cached:          1628188 kB
SwapCached:            0 kB
Active:          1501348 kB
Inactive:        1344180 kB
Active(anon):    1218448 kB
Inactive(anon):    21480 kB
Active(file):     282900 kB
Inactive(file):  1322700 kB
Unevictable:        5864 kB
Mlocked:            5864 kB
SwapTotal:       3145724 kB
SwapFree:        3145724 kB
Dirty:               256 kB
Writeback:             0 kB
AnonPages:       1217144 kB
Mapped:           807484 kB
Shmem:             23704 kB
KReclaimable:     651048 kB
Slab:             204648 kB
SReclaimable:      67392 kB
SUnreclaim:       137256 kB
KernelStack:       42640 kB
PageTables:        56544 kB
NFS_Unstable:          0 kB
Bounce:                0 kB
WritebackTmp:          0 kB
CommitLimit:     9202296 kB
Committed_AS:   57697832 kB
VmallocTotal:   263061440 kB
VmallocUsed:       99696 kB
VmallocChunk:          0 kB
Percpu:             7616 kB
CmaTotal:         294912 kB
CmaFree:               0 kB
MemTotal:       12113144 kB
MemFree:         6697512 kB
MemAvailable:    8085844 kB
Buffers:            5948 kB
Cached:          1628540 kB
SwapCached:            0 kB
Active:          1491944 kB
Inactive:        1344572 kB
Active(anon):    1209084 kB
Inactive(anon):    21480 kB
Active(file):     282860 kB
Inactive(file):  1323092 kB
Unevictable:        5864 kB
Mlocked:            5864 kB
SwapTotal:       3145724 kB
SwapFree:        3145724 kB
Dirty:              3648 kB
Writeback:             0 kB
AnonPages:       1208176 kB
Mapped:           807744 kB
Shmem:             23704 kB
KReclaimable:     651084 kB
Slab:             204684 kB
SReclaimable:      67428 kB
SUnreclaim:       137256 kB
KernelStack:       42656 kB
PageTables:        56684 kB
NFS_Unstable:          0 kB
Bounce:                0 kB
WritebackTmp:          0 kB
CommitLimit:     9202296 kB
Committed_AS:   57691656 kB
VmallocTotal:   263061440 kB
VmallocUsed:       99696 kB
VmallocChunk:          0 kB
Percpu:             7616 kB
CmaTotal:         294912 kB
CmaFree:               0 kB
MemTotal:       12113144 kB
MemFree:         6699024 kB
MemAvailable:    8087356 kB
Buffers:            5948 kB
Cached:          1628540 kB
SwapCached:            0 kB
Active:          1491956 kB
Inactive:        1344572 kB
Active(anon):    1209096 kB
Inactive(anon):    21480 kB
Active(file):     282860 kB
Inactive(file):  1323092 kB
Unevictable:        5864 kB
Mlocked:            5864 kB
SwapTotal:       3145724 kB
SwapFree:        3145724 kB
Dirty:              3648 kB
Writeback:             0 kB
AnonPages:       1208136 kB
Mapped:           807484 kB
Shmem:             23704 kB
KReclaimable:     651084 kB
Slab:             204684 kB
SReclaimable:      67428 kB
SUnreclaim:       137256 kB
KernelStack:       42640 kB
PageTables:        56548 kB
NFS_Unstable:          0 kB
Bounce:                0 kB
WritebackTmp:          0 kB
CommitLimit:     9202296 kB
Committed_AS:   57694768 kB
VmallocTotal:   263061440 kB
VmallocUsed:       99648 kB
VmallocChunk:          0 kB
Percpu:             7616 kB
CmaTotal:         294912 kB
CmaFree:               0 kB
MemTotal:       12113144 kB
MemFree:         6699132 kB
MemAvailable:    8087464 kB
Buffers:            5948 kB
Cached:          1628540 kB
SwapCached:            0 kB
Active:          1490396 kB
Inactive:        1344572 kB
Active(anon):    1207536 kB
Inactive(anon):    21480 kB
Active(file):     282860 kB
Inactive(file):  1323092 kB
Unevictable:        5864 kB
Mlocked:            5864 kB
SwapTotal:       3145724 kB
SwapFree:        3145724 kB
Dirty:              3652 kB
Writeback:             0 kB
AnonPages:       1206340 kB
Mapped:           807524 kB
Shmem:             23704 kB
KReclaimable:     651084 kB
Slab:             204684 kB
SReclaimable:      67428 kB
SUnreclaim:       137256 kB
KernelStack:       42656 kB
PageTables:        56580 kB
NFS_Unstable:          0 kB
Bounce:                0 kB
WritebackTmp:          0 kB
CommitLimit:     9202296 kB
Committed_AS:   57689144 kB
VmallocTotal:   263061440 kB
VmallocUsed:       99664 kB
VmallocChunk:          0 kB
Percpu:             7616 kB
CmaTotal:         294912 kB
CmaFree:               0 kB
MemTotal:       12113144 kB
MemFree:         6700740 kB
MemAvailable:    8089072 kB
Buffers:            5948 kB
Cached:          1628540 kB
SwapCached:            0 kB
Active:          1489816 kB
Inactive:        1344572 kB
Active(anon):    1206956 kB
Inactive(anon):    21480 kB
Active(file):     282860 kB
Inactive(file):  1323092 kB
Unevictable:        5864 kB
Mlocked:            5864 kB
SwapTotal:       3145724 kB
SwapFree:        3145724 kB
Dirty:              3652 kB
Writeback:             0 kB
AnonPages:       1205776 kB
Mapped:           807680 kB
Shmem:             23704 kB
KReclaimable:     651084 kB
Slab:             204684 kB
SReclaimable:      67428 kB
SUnreclaim:       137256 kB
KernelStack:       42624 kB
PageTables:        56516 kB
NFS_Unstable:          0 kB
Bounce:                0 kB
WritebackTmp:          0 kB
CommitLimit:     9202296 kB
Committed_AS:   57699252 kB
VmallocTotal:   263061440 kB
VmallocUsed:       99648 kB
VmallocChunk:          0 kB
Percpu:             7616 kB
CmaTotal:         294912 kB
CmaFree:               0 kB
MemTotal:       12113144 kB
MemFree:         6700204 kB
MemAvailable:    8088540 kB
Buffers:            5948 kB
Cached:          1628544 kB
SwapCached:            0 kB
Active:          1490184 kB
Inactive:        1344576 kB
Active(anon):    1207324 kB
Inactive(anon):    21480 kB
Active(file):     282860 kB
Inactive(file):  1323096 kB
Unevictable:        5864 kB
Mlocked:            5864 kB
SwapTotal:       3145724 kB
SwapFree:        3145724 kB
Dirty:              3672 kB
Writeback:             0 kB
AnonPages:       1206260 kB
Mapped:           807656 kB
Shmem:             23704 kB
KReclaimable:     651084 kB
Slab:             204688 kB
SReclaimable:      67428 kB
SUnreclaim:       137260 kB
KernelStack:       42672 kB
PageTables:        56592 kB
NFS_Unstable:          0 kB
Bounce:                0 kB
WritebackTmp:          0 kB
CommitLimit:     9202296 kB
Committed_AS:   57688592 kB
VmallocTotal:   263061440 kB
VmallocUsed:       99616 kB
VmallocChunk:          0 kB
Percpu:             7616 kB
CmaTotal:         294912 kB
CmaFree:               0 kB
MemTotal:       12113144 kB
MemFree:         6699884 kB
MemAvailable:    8088220 kB
Buffers:            5948 kB
Cached:          1628548 kB
SwapCached:            0 kB
Active:          1490608 kB
Inactive:        1344580 kB
Active(anon):    1207748 kB
Inactive(anon):    21484 kB
Active(file):     282860 kB
Inactive(file):  1323096 kB
Unevictable:        5864 kB
Mlocked:            5864 kB
SwapTotal:       3145724 kB
SwapFree:        3145724 kB
Dirty:              3672 kB
Writeback:             0 kB
AnonPages:       1206712 kB
Mapped:           807756 kB
Shmem:             23708 kB
KReclaimable:     651084 kB
Slab:             204688 kB
SReclaimable:      67428 kB
SUnreclaim:       137260 kB
KernelStack:       42656 kB
PageTables:        56548 kB
NFS_Unstable:          0 kB
Bounce:                0 kB
WritebackTmp:          0 kB
CommitLimit:     9202296 kB
Committed_AS:   57693748 kB
VmallocTotal:   263061440 kB
VmallocUsed:       99632 kB
VmallocChunk:          0 kB
Percpu:             7616 kB
CmaTotal:         294912 kB
CmaFree:               0 kB
MemTotal:       12113144 kB
MemFree:         6699484 kB
MemAvailable:    8087852 kB
Buffers:            5956 kB
Cached:          1628572 kB
SwapCached:            0 kB
Active:          1491032 kB
Inactive:        1344604 kB
Active(anon):    1208164 kB
Inactive(anon):    21484 kB
Active(file):     282868 kB
Inactive(file):  1323120 kB
Unevictable:        5864 kB
Mlocked:            5864 kB
SwapTotal:       3145724 kB
SwapFree:        3145724 kB
Dirty:              3560 kB
Writeback:             0 kB
AnonPages:       1207048 kB
Mapped:           807496 kB
Shmem:             23708 kB
KReclaimable:     651084 kB
Slab:             204660 kB
SReclaimable:      67428 kB
SUnreclaim:       137232 kB
KernelStack:       42608 kB
PageTables:        56556 kB
NFS_Unstable:          0 kB
Bounce:                0 kB
WritebackTmp:          0 kB
CommitLimit:     9202296 kB
Committed_AS:   57693252 kB
VmallocTotal:   263061440 kB
VmallocUsed:       99616 kB
VmallocChunk:          0 kB
Percpu:             7616 kB
CmaTotal:         294912 kB
CmaFree:               0 kB
MemTotal:       12113144 kB
MemFree:         6698152 kB
MemAvailable:    8086520 kB
Buffers:            5956 kB
Cached:          1628572 kB
SwapCached:            0 kB
Active:          1492072 kB
Inactive:        1344604 kB
Active(anon):    1209204 kB
Inactive(anon):    21484 kB
Active(file):     282868 kB
Inactive(file):  1323120 kB
Unevictable:        5864 kB
Mlocked:            5864 kB
SwapTotal:       3145724 kB
SwapFree:        3145724 kB
Dirty:              3588 kB
Writeback:             0 kB
AnonPages:       1208088 kB
Mapped:           807756 kB
Shmem:             23708 kB
KReclaimable:     651084 kB
Slab:             204668 kB
SReclaimable:      67428 kB
SUnreclaim:       137240 kB
KernelStack:       42560 kB
PageTables:        56552 kB
NFS_Unstable:          0 kB
Bounce:                0 kB
WritebackTmp:          0 kB
CommitLimit:     9202296 kB
Committed_AS:   57694040 kB
VmallocTotal:   263061440 kB
VmallocUsed:       99600 kB
VmallocChunk:          0 kB
Percpu:             7616 kB
CmaTotal:         294912 kB
CmaFree:               0 kB
MemTotal:       12113144 kB
MemFree:         6697704 kB
MemAvailable:    8086072 kB
Buffers:            5956 kB
Cached:          1628580 kB
SwapCached:            0 kB
Active:          1492260 kB
Inactive:        1344612 kB
Active(anon):    1209392 kB
Inactive(anon):    21492 kB
Active(file):     282868 kB
Inactive(file):  1323120 kB
Unevictable:        5864 kB
Mlocked:            5864 kB
SwapTotal:       3145724 kB
SwapFree:        3145724 kB
Dirty:              3588 kB
Writeback:             0 kB
AnonPages:       1208380 kB
Mapped:           807592 kB
Shmem:             23716 kB
KReclaimable:     651084 kB
Slab:             204684 kB
SReclaimable:      67428 kB
SUnreclaim:       137256 kB
KernelStack:       42576 kB
PageTables:        56552 kB
NFS_Unstable:          0 kB
Bounce:                0 kB
WritebackTmp:          0 kB
CommitLimit:     9202296 kB
Committed_AS:   57693704 kB
VmallocTotal:   263061440 kB
VmallocUsed:       99568 kB
VmallocChunk:          0 kB
Percpu:             7616 kB
CmaTotal:         294912 kB
CmaFree:               0 kB
MemTotal:       12113144 kB
MemFree:         6697528 kB
MemAvailable:    8085896 kB
Buffers:            5956 kB
Cached:          1628580 kB
SwapCached:            0 kB
Active:          1492812 kB
Inactive:        1344612 kB
Active(anon):    1209944 kB
Inactive(anon):    21492 kB
Active(file):     282868 kB
Inactive(file):  1323120 kB
Unevictable:        5864 kB
Mlocked:            5864 kB
SwapTotal:       3145724 kB
SwapFree:        3145724 kB
Dirty:              3588 kB
Writeback:             0 kB
AnonPages:       1208956 kB
Mapped:           807512 kB
Shmem:             23716 kB
KReclaimable:     651084 kB
Slab:             204660 kB
SReclaimable:      67428 kB
SUnreclaim:       137232 kB
KernelStack:       42544 kB
PageTables:        56548 kB
NFS_Unstable:          0 kB
Bounce:                0 kB
WritebackTmp:          0 kB
CommitLimit:     9202296 kB
Committed_AS:   57697032 kB
VmallocTotal:   263061440 kB
VmallocUsed:       99552 kB
VmallocChunk:          0 kB
Percpu:             7616 kB
CmaTotal:         294912 kB
CmaFree:               0 kB
MemTotal:       12113144 kB
MemFree:         6696940 kB
MemAvailable:    8085308 kB
Buffers:            5956 kB
Cached:          1628580 kB
SwapCached:            0 kB
Active:          1493008 kB
Inactive:        1344612 kB
Active(anon):    1210140 kB
Inactive(anon):    21492 kB
Active(file):     282868 kB
Inactive(file):  1323120 kB
Unevictable:        5864 kB
Mlocked:            5864 kB
SwapTotal:       3145724 kB
SwapFree:        3145724 kB
Dirty:              3588 kB
Writeback:             0 kB
AnonPages:       1209236 kB
Mapped:           807700 kB
Shmem:             23716 kB
KReclaimable:     651084 kB
Slab:             204660 kB
SReclaimable:      67428 kB
SUnreclaim:       137232 kB
KernelStack:       42592 kB
PageTables:        56636 kB
NFS_Unstable:          0 kB
Bounce:                0 kB
WritebackTmp:          0 kB
CommitLimit:     9202296 kB
Committed_AS:   57693704 kB
VmallocTotal:   263061440 kB
VmallocUsed:       99488 kB
VmallocChunk:          0 kB
Percpu:             7616 kB
CmaTotal:         294912 kB
CmaFree:               0 kB
MemTotal:       12113144 kB
MemFree:         6696396 kB
MemAvailable:    8084764 kB
Buffers:            5956 kB
Cached:          1628580 kB
SwapCached:            0 kB
Active:          1493724 kB
Inactive:        1344612 kB
Active(anon):    1210856 kB
Inactive(anon):    21492 kB
Active(file):     282868 kB
Inactive(file):  1323120 kB
Unevictable:        5864 kB
Mlocked:            5864 kB
SwapTotal:       3145724 kB
SwapFree:        3145724 kB
Dirty:              3588 kB
Writeback:             0 kB
AnonPages:       1209704 kB
Mapped:           807576 kB
Shmem:             23716 kB
KReclaimable:     651084 kB
Slab:             204664 kB
SReclaimable:      67428 kB
SUnreclaim:       137236 kB
KernelStack:       42576 kB
PageTables:        56568 kB
NFS_Unstable:          0 kB
Bounce:                0 kB
WritebackTmp:          0 kB
CommitLimit:     9202296 kB
Committed_AS:   57687636 kB
VmallocTotal:   263061440 kB
VmallocUsed:       99520 kB
VmallocChunk:          0 kB
Percpu:             7616 kB
CmaTotal:         294912 kB
CmaFree:               0 kB
MemTotal:       12113144 kB
MemFree:         6696900 kB
MemAvailable:    8085268 kB
Buffers:            5956 kB
Cached:          1628580 kB
SwapCached:            0 kB
Active:          1493452 kB
Inactive:        1344612 kB
Active(anon):    1210584 kB
Inactive(anon):    21492 kB
Active(file):     282868 kB
Inactive(file):  1323120 kB
Unevictable:        5864 kB
Mlocked:            5864 kB
SwapTotal:       3145724 kB
SwapFree:        3145724 kB
Dirty:              3588 kB
Writeback:             0 kB
AnonPages:       1209588 kB
Mapped:           807512 kB
Shmem:             23716 kB
KReclaimable:     651084 kB
Slab:             204656 kB
SReclaimable:      67428 kB
SUnreclaim:       137228 kB
KernelStack:       42576 kB
PageTables:        56544 kB
NFS_Unstable:          0 kB
Bounce:                0 kB
WritebackTmp:          0 kB
CommitLimit:     9202296 kB
Committed_AS:   57683184 kB
VmallocTotal:   263061440 kB
VmallocUsed:       99520 kB
VmallocChunk:          0 kB
Percpu:             7616 kB
CmaTotal:         294912 kB
CmaFree:               0 kB
MemTotal:       12113144 kB
MemFree:         6696648 kB
MemAvailable:    8085016 kB
Buffers:            5956 kB
Cached:          1628580 kB
SwapCached:            0 kB
Active:          1493796 kB
Inactive:        1344612 kB
Active(anon):    1210928 kB
Inactive(anon):    21492 kB
Active(file):     282868 kB
Inactive(file):  1323120 kB
Unevictable:        5864 kB
Mlocked:            5864 kB
SwapTotal:       3145724 kB
SwapFree:        3145724 kB
Dirty:              3588 kB
Writeback:             0 kB
AnonPages:       1209992 kB
Mapped:           807772 kB
Shmem:             23716 kB
KReclaimable:     651084 kB
Slab:             204664 kB
SReclaimable:      67428 kB
SUnreclaim:       137236 kB
KernelStack:       42592 kB
PageTables:        56680 kB
NFS_Unstable:          0 kB
Bounce:                0 kB
WritebackTmp:          0 kB
CommitLimit:     9202296 kB
Committed_AS:   57675860 kB
VmallocTotal:   263061440 kB
VmallocUsed:       99536 kB
VmallocChunk:          0 kB
Percpu:             7616 kB
CmaTotal:         294912 kB
CmaFree:               0 kB
MemTotal:       12113144 kB
MemFree:         6697232 kB
MemAvailable:    8085600 kB
Buffers:            5956 kB
Cached:          1628580 kB
SwapCached:            0 kB
Active:          1494156 kB
Inactive:        1344612 kB
Active(anon):    1211288 kB
Inactive(anon):    21492 kB
Active(file):     282868 kB
Inactive(file):  1323120 kB
Unevictable:        5864 kB
Mlocked:            5864 kB
SwapTotal:       3145724 kB
SwapFree:        3145724 kB
Dirty:              3588 kB
Writeback:             0 kB
AnonPages:       1210248 kB
Mapped:           807468 kB
Shmem:             23716 kB
KReclaimable:     651084 kB
Slab:             204672 kB
SReclaimable:      67428 kB
SUnreclaim:       137244 kB
KernelStack:       42576 kB
PageTables:        56656 kB
NFS_Unstable:          0 kB
Bounce:                0 kB
WritebackTmp:          0 kB
CommitLimit:     9202296 kB
Committed_AS:   57684420 kB
VmallocTotal:   263061440 kB
VmallocUsed:       99552 kB
VmallocChunk:          0 kB
Percpu:             7616 kB
CmaTotal:         294912 kB
CmaFree:               0 kB
MemTotal:       12113144 kB
MemFree:         6697080 kB
MemAvailable:    8085448 kB
Buffers:            5956 kB
Cached:          1628580 kB
SwapCached:            0 kB
Active:          1494540 kB
Inactive:        1344612 kB
Active(anon):    1211672 kB
Inactive(anon):    21492 kB
Active(file):     282868 kB
Inactive(file):  1323120 kB
Unevictable:        5864 kB
Mlocked:            5864 kB
SwapTotal:       3145724 kB
SwapFree:        3145724 kB
Dirty:              3588 kB
Writeback:             0 kB
AnonPages:       1210620 kB
Mapped:           807772 kB
Shmem:             23716 kB
KReclaimable:     651084 kB
Slab:             204668 kB
SReclaimable:      67428 kB
SUnreclaim:       137240 kB
KernelStack:       42624 kB
PageTables:        56552 kB
NFS_Unstable:          0 kB
Bounce:                0 kB
WritebackTmp:          0 kB
CommitLimit:     9202296 kB
Committed_AS:   57692840 kB
VmallocTotal:   263061440 kB
VmallocUsed:       99584 kB
VmallocChunk:          0 kB
Percpu:             7616 kB
CmaTotal:         294912 kB
CmaFree:               0 kB
MemTotal:       12113144 kB
MemFree:         6696036 kB
MemAvailable:    8084404 kB
Buffers:            5956 kB
Cached:          1628580 kB
SwapCached:            0 kB
Active:          1494776 kB
Inactive:        1344612 kB
Active(anon):    1211908 kB
Inactive(anon):    21492 kB
Active(file):     282868 kB
Inactive(file):  1323120 kB
Unevictable:        5864 kB
Mlocked:            5864 kB
SwapTotal:       3145724 kB
SwapFree:        3145724 kB
Dirty:              3584 kB
Writeback:             0 kB
AnonPages:       1210872 kB
Mapped:           807772 kB
Shmem:             23716 kB
KReclaimable:     651084 kB
Slab:             204668 kB
SReclaimable:      67428 kB
SUnreclaim:       137240 kB
KernelStack:       42640 kB
PageTables:        56548 kB
NFS_Unstable:          0 kB
Bounce:                0 kB
WritebackTmp:          0 kB
CommitLimit:     9202296 kB
Committed_AS:   57695984 kB
VmallocTotal:   263061440 kB
VmallocUsed:       99648 kB
VmallocChunk:          0 kB
Percpu:             7616 kB
CmaTotal:         294912 kB
CmaFree:               0 kB
MemTotal:       12113144 kB
MemFree:         6695348 kB
MemAvailable:    8083716 kB
Buffers:            5956 kB
Cached:          1628580 kB
SwapCached:            0 kB
Active:          1495264 kB
Inactive:        1344612 kB
Active(anon):    1212396 kB
Inactive(anon):    21492 kB
Active(file):     282868 kB
Inactive(file):  1323120 kB
Unevictable:        5864 kB
Mlocked:            5864 kB
SwapTotal:       3145724 kB
SwapFree:        3145724 kB
Dirty:              3596 kB
Writeback:             0 kB
AnonPages:       1211336 kB
Mapped:           807512 kB
Shmem:             23716 kB
KReclaimable:     651084 kB
Slab:             204672 kB
SReclaimable:      67428 kB
SUnreclaim:       137244 kB
KernelStack:       42624 kB
PageTables:        56552 kB
NFS_Unstable:          0 kB
Bounce:                0 kB
WritebackTmp:          0 kB
CommitLimit:     9202296 kB
Committed_AS:   57696900 kB
VmallocTotal:   263061440 kB
VmallocUsed:       99632 kB
VmallocChunk:          0 kB
Percpu:             7616 kB
CmaTotal:         294912 kB
CmaFree:               0 kB
MemTotal:       12113144 kB
MemFree:         6704472 kB
MemAvailable:    8092840 kB
Buffers:            5956 kB
Cached:          1628580 kB
SwapCached:            0 kB
Active:          1486556 kB
Inactive:        1344612 kB
Active(anon):    1203688 kB
Inactive(anon):    21492 kB
Active(file):     282868 kB
Inactive(file):  1323120 kB
Unevictable:        5864 kB
Mlocked:            5864 kB
SwapTotal:       3145724 kB
SwapFree:        3145724 kB
Dirty:              3596 kB
Writeback:             0 kB
AnonPages:       1202672 kB
Mapped:           807772 kB
Shmem:             23716 kB
KReclaimable:     651084 kB
Slab:             204668 kB
SReclaimable:      67428 kB
SUnreclaim:       137240 kB
KernelStack:       42640 kB
PageTables:        56548 kB
NFS_Unstable:          0 kB
Bounce:                0 kB
WritebackTmp:          0 kB
CommitLimit:     9202296 kB
Committed_AS:   57691284 kB
VmallocTotal:   263061440 kB
VmallocUsed:       99648 kB
VmallocChunk:          0 kB
Percpu:             7616 kB
CmaTotal:         294912 kB
CmaFree:               0 kB
MemTotal:       12113144 kB
MemFree:         6704992 kB
MemAvailable:    8093364 kB
Buffers:            5956 kB
Cached:          1628584 kB
SwapCached:            0 kB
Active:          1486240 kB
Inactive:        1344616 kB
Active(anon):    1203372 kB
Inactive(anon):    21492 kB
Active(file):     282868 kB
Inactive(file):  1323124 kB
Unevictable:        5864 kB
Mlocked:            5864 kB
SwapTotal:       3145724 kB
SwapFree:        3145724 kB
Dirty:              3612 kB
Writeback:             0 kB
AnonPages:       1202008 kB
Mapped:           807552 kB
Shmem:             23716 kB
KReclaimable:     651084 kB
Slab:             204672 kB
SReclaimable:      67428 kB
SUnreclaim:       137244 kB
KernelStack:       42624 kB
PageTables:        56524 kB
NFS_Unstable:          0 kB
Bounce:                0 kB
WritebackTmp:          0 kB
CommitLimit:     9202296 kB
Committed_AS:   57689112 kB
VmallocTotal:   263061440 kB
VmallocUsed:       99616 kB
VmallocChunk:          0 kB
Percpu:             7616 kB
CmaTotal:         294912 kB
CmaFree:               0 kB
MemTotal:       12113144 kB
MemFree:         6703524 kB
MemAvailable:    8091896 kB
Buffers:            5956 kB
Cached:          1628584 kB
SwapCached:            0 kB
Active:          1486968 kB
Inactive:        1344616 kB
Active(anon):    1204100 kB
Inactive(anon):    21492 kB
Active(file):     282868 kB
Inactive(file):  1323124 kB
Unevictable:        5864 kB
Mlocked:            5864 kB
SwapTotal:       3145724 kB
SwapFree:        3145724 kB
Dirty:              3624 kB
Writeback:             0 kB
AnonPages:       1203024 kB
Mapped:           807944 kB
Shmem:             23716 kB
KReclaimable:     651084 kB
Slab:             204672 kB
SReclaimable:      67428 kB
SUnreclaim:       137244 kB
KernelStack:       42624 kB
PageTables:        56596 kB
NFS_Unstable:          0 kB
Bounce:                0 kB
WritebackTmp:          0 kB
CommitLimit:     9202296 kB
Committed_AS:   57687384 kB
VmallocTotal:   263061440 kB
VmallocUsed:       99664 kB
VmallocChunk:          0 kB
Percpu:             7616 kB
CmaTotal:         294912 kB
CmaFree:               0 kB
MemTotal:       12113144 kB
MemFree:         6703640 kB
MemAvailable:    8092012 kB
Buffers:            5956 kB
Cached:          1628584 kB
SwapCached:            0 kB
Active:          1487060 kB
Inactive:        1344616 kB
Active(anon):    1204192 kB
Inactive(anon):    21492 kB
Active(file):     282868 kB
Inactive(file):  1323124 kB
Unevictable:        5864 kB
Mlocked:            5864 kB
SwapTotal:       3145724 kB
SwapFree:        3145724 kB
Dirty:              3624 kB
Writeback:             0 kB
AnonPages:       1202924 kB
Mapped:           807748 kB
Shmem:             23716 kB
KReclaimable:     651084 kB
Slab:             204672 kB
SReclaimable:      67428 kB
SUnreclaim:       137244 kB
KernelStack:       42640 kB
PageTables:        56612 kB
NFS_Unstable:          0 kB
Bounce:                0 kB
WritebackTmp:          0 kB
CommitLimit:     9202296 kB
Committed_AS:   57683404 kB
VmallocTotal:   263061440 kB
VmallocUsed:       99648 kB
VmallocChunk:          0 kB
Percpu:             7616 kB
CmaTotal:         294912 kB
CmaFree:               0 kB
MemTotal:       12113144 kB
MemFree:         6703336 kB
MemAvailable:    8091708 kB
Buffers:            5956 kB
Cached:          1628584 kB
SwapCached:            0 kB
Active:          1487000 kB
Inactive:        1344616 kB
Active(anon):    1204132 kB
Inactive(anon):    21492 kB
Active(file):     282868 kB
Inactive(file):  1323124 kB
Unevictable:        5864 kB
Mlocked:            5864 kB
SwapTotal:       3145724 kB
SwapFree:        3145724 kB
Dirty:              3624 kB
Writeback:             0 kB
AnonPages:       1203144 kB
Mapped:           807772 kB
Shmem:             23716 kB
KReclaimable:     651084 kB
Slab:             204664 kB
SReclaimable:      67428 kB
SUnreclaim:       137236 kB
KernelStack:       42640 kB
PageTables:        56552 kB
NFS_Unstable:          0 kB
Bounce:                0 kB
WritebackTmp:          0 kB
CommitLimit:     9202296 kB
Committed_AS:   57680368 kB
VmallocTotal:   263061440 kB
VmallocUsed:       99616 kB
VmallocChunk:          0 kB
Percpu:             7616 kB
CmaTotal:         294912 kB
CmaFree:               0 kB
MemTotal:       12113144 kB
MemFree:         6692728 kB
MemAvailable:    8081100 kB
Buffers:            5956 kB
Cached:          1628584 kB
SwapCached:            0 kB
Active:          1497520 kB
Inactive:        1344616 kB
Active(anon):    1214652 kB
Inactive(anon):    21492 kB
Active(file):     282868 kB
Inactive(file):  1323124 kB
Unevictable:        5864 kB
Mlocked:            5864 kB
SwapTotal:       3145724 kB
SwapFree:        3145724 kB
Dirty:              3628 kB
Writeback:             0 kB
AnonPages:       1213548 kB
Mapped:           807756 kB
Shmem:             23716 kB
KReclaimable:     651084 kB
Slab:             204676 kB
SReclaimable:      67428 kB
SUnreclaim:       137248 kB
KernelStack:       42672 kB
PageTables:        56608 kB
NFS_Unstable:          0 kB
Bounce:                0 kB
WritebackTmp:          0 kB
CommitLimit:     9202296 kB
Committed_AS:   57690352 kB
VmallocTotal:   263061440 kB
VmallocUsed:       99664 kB
VmallocChunk:          0 kB
Percpu:             7616 kB
CmaTotal:         294912 kB
CmaFree:               0 kB
MemTotal:       12113144 kB
MemFree:         6692984 kB
MemAvailable:    8081356 kB
Buffers:            5956 kB
Cached:          1628584 kB
SwapCached:            0 kB
Active:          1497816 kB
Inactive:        1344616 kB
Active(anon):    1214948 kB
Inactive(anon):    21492 kB
Active(file):     282868 kB
Inactive(file):  1323124 kB
Unevictable:        5864 kB
Mlocked:            5864 kB
SwapTotal:       3145724 kB
SwapFree:        3145724 kB
Dirty:              3628 kB
Writeback:             0 kB
AnonPages:       1213972 kB
Mapped:           807772 kB
Shmem:             23716 kB
KReclaimable:     651084 kB
Slab:             204676 kB
SReclaimable:      67428 kB
SUnreclaim:       137248 kB
KernelStack:       42656 kB
PageTables:        56692 kB
NFS_Unstable:          0 kB
Bounce:                0 kB
WritebackTmp:          0 kB
CommitLimit:     9202296 kB
Committed_AS:   57690120 kB
VmallocTotal:   263061440 kB
VmallocUsed:       99680 kB
VmallocChunk:          0 kB
Percpu:             7616 kB
CmaTotal:         294912 kB
CmaFree:               0 kB
MemTotal:       12113144 kB
MemFree:         6692732 kB
MemAvailable:    8081120 kB
Buffers:            5960 kB
Cached:          1628596 kB
SwapCached:            0 kB
Active:          1498100 kB
Inactive:        1344628 kB
Active(anon):    1215228 kB
Inactive(anon):    21492 kB
Active(file):     282872 kB
Inactive(file):  1323136 kB
Unevictable:        5864 kB
Mlocked:            5864 kB
SwapTotal:       3145724 kB
SwapFree:        3145724 kB
Dirty:              3624 kB
Writeback:             0 kB
AnonPages:       1214192 kB
Mapped:           807512 kB
Shmem:             23716 kB
KReclaimable:     651084 kB
Slab:             204676 kB
SReclaimable:      67428 kB
SUnreclaim:       137248 kB
KernelStack:       42672 kB
PageTables:        56572 kB
NFS_Unstable:          0 kB
Bounce:                0 kB
WritebackTmp:          0 kB
CommitLimit:     9202296 kB
Committed_AS:   57694476 kB
VmallocTotal:   263061440 kB
VmallocUsed:       99664 kB
VmallocChunk:          0 kB
Percpu:             7616 kB
CmaTotal:         294912 kB
CmaFree:               0 kB
MemTotal:       12113144 kB
MemFree:         6692728 kB
MemAvailable:    8081116 kB
Buffers:            5960 kB
Cached:          1628596 kB
SwapCached:            0 kB
Active:          1498072 kB
Inactive:        1344624 kB
Active(anon):    1215196 kB
Inactive(anon):    21492 kB
Active(file):     282876 kB
Inactive(file):  1323132 kB
Unevictable:        5864 kB
Mlocked:            5864 kB
SwapTotal:       3145724 kB
SwapFree:        3145724 kB
Dirty:              3576 kB
Writeback:             0 kB
AnonPages:       1214164 kB
Mapped:           807772 kB
Shmem:             23716 kB
KReclaimable:     651084 kB
Slab:             204680 kB
SReclaimable:      67428 kB
SUnreclaim:       137252 kB
KernelStack:       42688 kB
PageTables:        56692 kB
NFS_Unstable:          0 kB
Bounce:                0 kB
WritebackTmp:          0 kB
CommitLimit:     9202296 kB
Committed_AS:   57685640 kB
VmallocTotal:   263061440 kB
VmallocUsed:       99680 kB
VmallocChunk:          0 kB
Percpu:             7616 kB
CmaTotal:         294912 kB
CmaFree:               0 kB
MemTotal:       12113144 kB
MemFree:         6692632 kB
MemAvailable:    8081020 kB
Buffers:            5960 kB
Cached:          1628596 kB
SwapCached:            0 kB
Active:          1498744 kB
Inactive:        1344624 kB
Active(anon):    1215868 kB
Inactive(anon):    21492 kB
Active(file):     282876 kB
Inactive(file):  1323132 kB
Unevictable:        5864 kB
Mlocked:            5864 kB
SwapTotal:       3145724 kB
SwapFree:        3145724 kB
Dirty:              3600 kB
Writeback:             0 kB
AnonPages:       1214868 kB
Mapped:           807772 kB
Shmem:             23716 kB
KReclaimable:     651084 kB
Slab:             204680 kB
SReclaimable:      67428 kB
SUnreclaim:       137252 kB
KernelStack:       42672 kB
PageTables:        56692 kB
NFS_Unstable:          0 kB
Bounce:                0 kB
WritebackTmp:          0 kB
CommitLimit:     9202296 kB
Committed_AS:   57694832 kB
VmallocTotal:   263061440 kB
VmallocUsed:       99680 kB
VmallocChunk:          0 kB
Percpu:             7616 kB
CmaTotal:         294912 kB
CmaFree:               0 kB
MemTotal:       12113144 kB
MemFree:         6692648 kB
MemAvailable:    8081036 kB
Buffers:            5960 kB
Cached:          1628596 kB
SwapCached:            0 kB
Active:          1499324 kB
Inactive:        1344624 kB
Active(anon):    1216448 kB
Inactive(anon):    21492 kB
Active(file):     282876 kB
Inactive(file):  1323132 kB
Unevictable:        5864 kB
Mlocked:            5864 kB
SwapTotal:       3145724 kB
SwapFree:        3145724 kB
Dirty:              3600 kB
Writeback:             0 kB
AnonPages:       1215192 kB
Mapped:           807716 kB
Shmem:             23716 kB
KReclaimable:     651084 kB
Slab:             204680 kB
SReclaimable:      67428 kB
SUnreclaim:       137252 kB
KernelStack:       42672 kB
PageTables:        56580 kB
NFS_Unstable:          0 kB
Bounce:                0 kB
WritebackTmp:          0 kB
CommitLimit:     9202296 kB
Committed_AS:   57684560 kB
VmallocTotal:   263061440 kB
VmallocUsed:       99664 kB
VmallocChunk:          0 kB
Percpu:             7616 kB
CmaTotal:         294912 kB
CmaFree:               0 kB
MemTotal:       12113144 kB
MemFree:         6692188 kB
MemAvailable:    8080576 kB
Buffers:            5960 kB
Cached:          1628596 kB
SwapCached:            0 kB
Active:          1499528 kB
Inactive:        1344624 kB
Active(anon):    1216652 kB
Inactive(anon):    21492 kB
Active(file):     282876 kB
Inactive(file):  1323132 kB
Unevictable:        5864 kB
Mlocked:            5864 kB
SwapTotal:       3145724 kB
SwapFree:        3145724 kB
Dirty:              3600 kB
Writeback:             0 kB
AnonPages:       1215624 kB
Mapped:           807772 kB
Shmem:             23716 kB
KReclaimable:     651084 kB
Slab:             204680 kB
SReclaimable:      67428 kB
SUnreclaim:       137252 kB
KernelStack:       42656 kB
PageTables:        56552 kB
NFS_Unstable:          0 kB
Bounce:                0 kB
WritebackTmp:          0 kB
CommitLimit:     9202296 kB
Committed_AS:   57689232 kB
VmallocTotal:   263061440 kB
VmallocUsed:       99664 kB
VmallocChunk:          0 kB
Percpu:             7616 kB
CmaTotal:         294912 kB
CmaFree:               0 kB
MemTotal:       12113144 kB
MemFree:         6703840 kB
MemAvailable:    8092228 kB
Buffers:            5960 kB
Cached:          1628596 kB
SwapCached:            0 kB
Active:          1486428 kB
Inactive:        1344624 kB
Active(anon):    1203552 kB
Inactive(anon):    21492 kB
Active(file):     282876 kB
Inactive(file):  1323132 kB
Unevictable:        5864 kB
Mlocked:            5864 kB
SwapTotal:       3145724 kB
SwapFree:        3145724 kB
Dirty:              3604 kB
Writeback:             0 kB
AnonPages:       1202380 kB
Mapped:           807772 kB
Shmem:             23716 kB
KReclaimable:     651084 kB
Slab:             204696 kB
SReclaimable:      67428 kB
SUnreclaim:       137268 kB
KernelStack:       42672 kB
PageTables:        56696 kB
NFS_Unstable:          0 kB
Bounce:                0 kB
WritebackTmp:          0 kB
CommitLimit:     9202296 kB
Committed_AS:   57693600 kB
VmallocTotal:   263061440 kB
VmallocUsed:       99632 kB
VmallocChunk:          0 kB
Percpu:             7616 kB
CmaTotal:         294912 kB
CmaFree:               8 kB
MemTotal:       12113144 kB
MemFree:         6703848 kB
MemAvailable:    8092232 kB
Buffers:            5960 kB
Cached:          1628596 kB
SwapCached:            0 kB
Active:          1486804 kB
Inactive:        1344624 kB
Active(anon):    1203928 kB
Inactive(anon):    21492 kB
Active(file):     282876 kB
Inactive(file):  1323132 kB
Unevictable:        5864 kB
Mlocked:            5864 kB
SwapTotal:       3145724 kB
SwapFree:        3145724 kB
Dirty:              3564 kB
Writeback:             0 kB
AnonPages:       1202840 kB
Mapped:           807772 kB
Shmem:             23716 kB
KReclaimable:     651080 kB
Slab:             204688 kB
SReclaimable:      67424 kB
SUnreclaim:       137264 kB
KernelStack:       42656 kB
PageTables:        56556 kB
NFS_Unstable:          0 kB
Bounce:                0 kB
WritebackTmp:          0 kB
CommitLimit:     9202296 kB
Committed_AS:   57689916 kB
VmallocTotal:   263061440 kB
VmallocUsed:       99648 kB
VmallocChunk:          0 kB
Percpu:             7616 kB
CmaTotal:         294912 kB
CmaFree:               0 kB
MemTotal:       12113144 kB
MemFree:         6703784 kB
MemAvailable:    8092168 kB
Buffers:            5960 kB
Cached:          1628596 kB
SwapCached:            0 kB
Active:          1487332 kB
Inactive:        1344624 kB
Active(anon):    1204456 kB
Inactive(anon):    21492 kB
Active(file):     282876 kB
Inactive(file):  1323132 kB
Unevictable:        5864 kB
Mlocked:            5864 kB
SwapTotal:       3145724 kB
SwapFree:        3145724 kB
Dirty:              3596 kB
Writeback:             0 kB
AnonPages:       1203356 kB
Mapped:           807772 kB
Shmem:             23716 kB
KReclaimable:     651080 kB
Slab:             204688 kB
SReclaimable:      67424 kB
SUnreclaim:       137264 kB
KernelStack:       42656 kB
PageTables:        56604 kB
NFS_Unstable:          0 kB
Bounce:                0 kB
WritebackTmp:          0 kB
CommitLimit:     9202296 kB
Committed_AS:   57692860 kB
VmallocTotal:   263061440 kB
VmallocUsed:       99664 kB
VmallocChunk:          0 kB
Percpu:             7616 kB
CmaTotal:         294912 kB
CmaFree:               0 kB
MemTotal:       12113144 kB
MemFree:         6703332 kB
MemAvailable:    8091716 kB
Buffers:            5960 kB
Cached:          1628596 kB
SwapCached:            0 kB
Active:          1487676 kB
Inactive:        1344624 kB
Active(anon):    1204800 kB
Inactive(anon):    21492 kB
Active(file):     282876 kB
Inactive(file):  1323132 kB
Unevictable:        5864 kB
Mlocked:            5864 kB
SwapTotal:       3145724 kB
SwapFree:        3145724 kB
Dirty:              3600 kB
Writeback:             0 kB
AnonPages:       1203760 kB
Mapped:           807772 kB
Shmem:             23716 kB
KReclaimable:     651080 kB
Slab:             204696 kB
SReclaimable:      67424 kB
SUnreclaim:       137272 kB
KernelStack:       42640 kB
PageTables:        56548 kB
NFS_Unstable:          0 kB
Bounce:                0 kB
WritebackTmp:          0 kB
CommitLimit:     9202296 kB
Committed_AS:   57692476 kB
VmallocTotal:   263061440 kB
VmallocUsed:       99632 kB
VmallocChunk:          0 kB
Percpu:             7616 kB
CmaTotal:         294912 kB
CmaFree:               0 kB
MemTotal:       12113144 kB
MemFree:         6702936 kB
MemAvailable:    8091328 kB
Buffers:            5960 kB
Cached:          1628604 kB
SwapCached:            0 kB
Active:          1488028 kB
Inactive:        1344632 kB
Active(anon):    1205152 kB
Inactive(anon):    21492 kB
Active(file):     282876 kB
Inactive(file):  1323140 kB
Unevictable:        5864 kB
Mlocked:            5864 kB
SwapTotal:       3145724 kB
SwapFree:        3145724 kB
Dirty:              3608 kB
Writeback:             0 kB
AnonPages:       1203812 kB
Mapped:           807680 kB
Shmem:             23716 kB
KReclaimable:     651080 kB
Slab:             204688 kB
SReclaimable:      67424 kB
SUnreclaim:       137264 kB
KernelStack:       42672 kB
PageTables:        56696 kB
NFS_Unstable:          0 kB
Bounce:                0 kB
WritebackTmp:          0 kB
CommitLimit:     9202296 kB
Committed_AS:   57684316 kB
VmallocTotal:   263061440 kB
VmallocUsed:       99632 kB
VmallocChunk:          0 kB
Percpu:             7616 kB
CmaTotal:         294912 kB
CmaFree:               0 kB
MemTotal:       12113144 kB
MemFree:         6702696 kB
MemAvailable:    8091088 kB
Buffers:            5960 kB
Cached:          1628604 kB
SwapCached:            0 kB
Active:          1488292 kB
Inactive:        1344632 kB
Active(anon):    1205416 kB
Inactive(anon):    21492 kB
Active(file):     282876 kB
Inactive(file):  1323140 kB
Unevictable:        5864 kB
Mlocked:            5864 kB
SwapTotal:       3145724 kB
SwapFree:        3145724 kB
Dirty:              3612 kB
Writeback:             0 kB
AnonPages:       1204176 kB
Mapped:           807716 kB
Shmem:             23716 kB
KReclaimable:     651080 kB
Slab:             204692 kB
SReclaimable:      67424 kB
SUnreclaim:       137268 kB
KernelStack:       42656 kB
PageTables:        56656 kB
NFS_Unstable:          0 kB
Bounce:                0 kB
WritebackTmp:          0 kB
CommitLimit:     9202296 kB
Committed_AS:   57697416 kB
VmallocTotal:   263061440 kB
VmallocUsed:       99648 kB
VmallocChunk:          0 kB
Percpu:             7616 kB
CmaTotal:         294912 kB
CmaFree:               0 kB
MemTotal:       12113144 kB
MemFree:         6701860 kB
MemAvailable:    8090260 kB
Buffers:            5960 kB
Cached:          1628612 kB
SwapCached:            0 kB
Active:          1488968 kB
Inactive:        1344640 kB
Active(anon):    1206092 kB
Inactive(anon):    21492 kB
Active(file):     282876 kB
Inactive(file):  1323148 kB
Unevictable:        5864 kB
Mlocked:            5864 kB
SwapTotal:       3145724 kB
SwapFree:        3145724 kB
Dirty:               208 kB
Writeback:             0 kB
AnonPages:       1205112 kB
Mapped:           807552 kB
Shmem:             23716 kB
KReclaimable:     651080 kB
Slab:             204692 kB
SReclaimable:      67424 kB
SUnreclaim:       137268 kB
KernelStack:       42656 kB
PageTables:        56568 kB
NFS_Unstable:          0 kB
Bounce:                0 kB
WritebackTmp:          0 kB
CommitLimit:     9202296 kB
Committed_AS:   57694328 kB
VmallocTotal:   263061440 kB
VmallocUsed:       99648 kB
VmallocChunk:          0 kB
Percpu:             7616 kB
CmaTotal:         294912 kB
CmaFree:               0 kB
MemTotal:       12113144 kB
MemFree:         6702824 kB
MemAvailable:    8091224 kB
Buffers:            5960 kB
Cached:          1628612 kB
SwapCached:            0 kB
Active:          1488608 kB
Inactive:        1344640 kB
Active(anon):    1205732 kB
Inactive(anon):    21492 kB
Active(file):     282876 kB
Inactive(file):  1323148 kB
Unevictable:        5864 kB
Mlocked:            5864 kB
SwapTotal:       3145724 kB
SwapFree:        3145724 kB
Dirty:               208 kB
Writeback:             0 kB
AnonPages:       1204612 kB
Mapped:           807576 kB
Shmem:             23716 kB
KReclaimable:     651080 kB
Slab:             204700 kB
SReclaimable:      67424 kB
SUnreclaim:       137276 kB
KernelStack:       42672 kB
PageTables:        56596 kB
NFS_Unstable:          0 kB
Bounce:                0 kB
WritebackTmp:          0 kB
CommitLimit:     9202296 kB
Committed_AS:   57696828 kB
VmallocTotal:   263061440 kB
VmallocUsed:       99648 kB
VmallocChunk:          0 kB
Percpu:             7616 kB
CmaTotal:         294912 kB
CmaFree:               0 kB
MemTotal:       12113144 kB
MemFree:         6701900 kB
MemAvailable:    8090300 kB
Buffers:            5960 kB
Cached:          1628612 kB
SwapCached:            0 kB
Active:          1489144 kB
Inactive:        1344640 kB
Active(anon):    1206268 kB
Inactive(anon):    21492 kB
Active(file):     282876 kB
Inactive(file):  1323148 kB
Unevictable:        5864 kB
Mlocked:            5864 kB
SwapTotal:       3145724 kB
SwapFree:        3145724 kB
Dirty:               220 kB
Writeback:             0 kB
AnonPages:       1205016 kB
Mapped:           807756 kB
Shmem:             23716 kB
KReclaimable:     651080 kB
Slab:             204696 kB
SReclaimable:      67424 kB
SUnreclaim:       137272 kB
KernelStack:       42688 kB
PageTables:        56364 kB
NFS_Unstable:          0 kB
Bounce:                0 kB
WritebackTmp:          0 kB
CommitLimit:     9202296 kB
Committed_AS:   57687212 kB
VmallocTotal:   263061440 kB
VmallocUsed:       99664 kB
VmallocChunk:          0 kB
Percpu:             7616 kB
CmaTotal:         294912 kB
CmaFree:               0 kB
MemTotal:       12113144 kB
MemFree:         6701560 kB
MemAvailable:    8089960 kB
Buffers:            5960 kB
Cached:          1628612 kB
SwapCached:            0 kB
Active:          1489276 kB
Inactive:        1344640 kB
Active(anon):    1206400 kB
Inactive(anon):    21492 kB
Active(file):     282876 kB
Inactive(file):  1323148 kB
Unevictable:        5864 kB
Mlocked:            5864 kB
SwapTotal:       3145724 kB
SwapFree:        3145724 kB
Dirty:               200 kB
Writeback:             0 kB
AnonPages:       1205112 kB
Mapped:           807308 kB
Shmem:             23716 kB
KReclaimable:     651080 kB
Slab:             204696 kB
SReclaimable:      67424 kB
SUnreclaim:       137272 kB
KernelStack:       42640 kB
PageTables:        56524 kB
NFS_Unstable:          0 kB
Bounce:                0 kB
WritebackTmp:          0 kB
CommitLimit:     9202296 kB
Committed_AS:   57685836 kB
VmallocTotal:   263061440 kB
VmallocUsed:       99632 kB
VmallocChunk:          0 kB
Percpu:             7616 kB
CmaTotal:         294912 kB
CmaFree:               0 kB
MemTotal:       12113144 kB
MemFree:         6700384 kB
MemAvailable:    8088800 kB
Buffers:            5964 kB
Cached:          1628624 kB
SwapCached:            0 kB
Active:          1489704 kB
Inactive:        1344652 kB
Active(anon):    1206824 kB
Inactive(anon):    21492 kB
Active(file):     282880 kB
Inactive(file):  1323160 kB
Unevictable:        5864 kB
Mlocked:            5864 kB
SwapTotal:       3145724 kB
SwapFree:        3145724 kB
Dirty:               168 kB
Writeback:             0 kB
AnonPages:       1205712 kB
Mapped:           807512 kB
Shmem:             23716 kB
KReclaimable:     651080 kB
Slab:             204704 kB
SReclaimable:      67424 kB
SUnreclaim:       137280 kB
KernelStack:       42640 kB
PageTables:        56560 kB
NFS_Unstable:          0 kB
Bounce:                0 kB
WritebackTmp:          0 kB
CommitLimit:     9202296 kB
Committed_AS:   57690128 kB
VmallocTotal:   263061440 kB
VmallocUsed:       99632 kB
VmallocChunk:          0 kB
Percpu:             7616 kB
CmaTotal:         294912 kB
CmaFree:               0 kB
MemTotal:       12113144 kB
MemFree:         6701024 kB
MemAvailable:    8089440 kB
Buffers:            5964 kB
Cached:          1628624 kB
SwapCached:            0 kB
Active:          1489924 kB
Inactive:        1344652 kB
Active(anon):    1207044 kB
Inactive(anon):    21492 kB
Active(file):     282880 kB
Inactive(file):  1323160 kB
Unevictable:        5864 kB
Mlocked:            5864 kB
SwapTotal:       3145724 kB
SwapFree:        3145724 kB
Dirty:               168 kB
Writeback:             0 kB
AnonPages:       1205960 kB
Mapped:           807588 kB
Shmem:             23716 kB
KReclaimable:     651080 kB
Slab:             204696 kB
SReclaimable:      67424 kB
SUnreclaim:       137272 kB
KernelStack:       42656 kB
PageTables:        56592 kB
NFS_Unstable:          0 kB
Bounce:                0 kB
WritebackTmp:          0 kB
CommitLimit:     9202296 kB
Committed_AS:   57681788 kB
VmallocTotal:   263061440 kB
VmallocUsed:       99632 kB
VmallocChunk:          0 kB
Percpu:             7616 kB
CmaTotal:         294912 kB
CmaFree:               0 kB
MemTotal:       12113144 kB
MemFree:         6699632 kB
MemAvailable:    8088048 kB
Buffers:            5964 kB
Cached:          1628624 kB
SwapCached:            0 kB
Active:          1490744 kB
Inactive:        1344652 kB
Active(anon):    1207864 kB
Inactive(anon):    21492 kB
Active(file):     282880 kB
Inactive(file):  1323160 kB
Unevictable:        5864 kB
Mlocked:            5864 kB
SwapTotal:       3145724 kB
SwapFree:        3145724 kB
Dirty:               168 kB
Writeback:             0 kB
AnonPages:       1206624 kB
Mapped:           807512 kB
Shmem:             23716 kB
KReclaimable:     651080 kB
Slab:             204700 kB
SReclaimable:      67424 kB
SUnreclaim:       137276 kB
KernelStack:       42672 kB
PageTables:        56688 kB
NFS_Unstable:          0 kB
Bounce:                0 kB
WritebackTmp:          0 kB
CommitLimit:     9202296 kB
Committed_AS:   57685980 kB
VmallocTotal:   263061440 kB
VmallocUsed:       99712 kB
VmallocChunk:          0 kB
Percpu:             7616 kB
CmaTotal:         294912 kB
CmaFree:               0 kB
MemTotal:       12113144 kB
MemFree:         6699372 kB
MemAvailable:    8087788 kB
Buffers:            5964 kB
Cached:          1628624 kB
SwapCached:            0 kB
Active:          1491436 kB
Inactive:        1344652 kB
Active(anon):    1208556 kB
Inactive(anon):    21492 kB
Active(file):     282880 kB
Inactive(file):  1323160 kB
Unevictable:        5864 kB
Mlocked:            5864 kB
SwapTotal:       3145724 kB
SwapFree:        3145724 kB
Dirty:               168 kB
Writeback:             0 kB
AnonPages:       1207252 kB
Mapped:           807756 kB
Shmem:             23716 kB
KReclaimable:     651080 kB
Slab:             204692 kB
SReclaimable:      67424 kB
SUnreclaim:       137268 kB
KernelStack:       42640 kB
PageTables:        56468 kB
NFS_Unstable:          0 kB
Bounce:                0 kB
WritebackTmp:          0 kB
CommitLimit:     9202296 kB
Committed_AS:   57683144 kB
VmallocTotal:   263061440 kB
VmallocUsed:       99664 kB
VmallocChunk:          0 kB
Percpu:             7616 kB
CmaTotal:         294912 kB
CmaFree:               0 kB
MemTotal:       12113144 kB
MemFree:         6698768 kB
MemAvailable:    8087184 kB
Buffers:            5964 kB
Cached:          1628624 kB
SwapCached:            0 kB
Active:          1491792 kB
Inactive:        1344652 kB
Active(anon):    1208912 kB
Inactive(anon):    21492 kB
Active(file):     282880 kB
Inactive(file):  1323160 kB
Unevictable:        5864 kB
Mlocked:            5864 kB
SwapTotal:       3145724 kB
SwapFree:        3145724 kB
Dirty:               168 kB
Writeback:             0 kB
AnonPages:       1207924 kB
Mapped:           807756 kB
Shmem:             23716 kB
KReclaimable:     651080 kB
Slab:             204700 kB
SReclaimable:      67424 kB
SUnreclaim:       137276 kB
KernelStack:       42672 kB
PageTables:        56604 kB
NFS_Unstable:          0 kB
Bounce:                0 kB
WritebackTmp:          0 kB
CommitLimit:     9202296 kB
Committed_AS:   57682132 kB
VmallocTotal:   263061440 kB
VmallocUsed:       99648 kB
VmallocChunk:          0 kB
Percpu:             7616 kB
CmaTotal:         294912 kB
CmaFree:               0 kB
MemTotal:       12113144 kB
MemFree:         6697620 kB
MemAvailable:    8086036 kB
Buffers:            5964 kB
Cached:          1628624 kB
SwapCached:            0 kB
Active:          1491936 kB
Inactive:        1344652 kB
Active(anon):    1209056 kB
Inactive(anon):    21492 kB
Active(file):     282880 kB
Inactive(file):  1323160 kB
Unevictable:        5864 kB
Mlocked:            5864 kB
SwapTotal:       3145724 kB
SwapFree:        3145724 kB
Dirty:               288 kB
Writeback:             0 kB
AnonPages:       1208060 kB
Mapped:           807772 kB
Shmem:             23716 kB
KReclaimable:     651080 kB
Slab:             204704 kB
SReclaimable:      67424 kB
SUnreclaim:       137280 kB
KernelStack:       42640 kB
PageTables:        56556 kB
NFS_Unstable:          0 kB
Bounce:                0 kB
WritebackTmp:          0 kB
CommitLimit:     9202296 kB
Committed_AS:   57686852 kB
VmallocTotal:   263061440 kB
VmallocUsed:       99680 kB
VmallocChunk:          0 kB
Percpu:             7616 kB
CmaTotal:         294912 kB
CmaFree:               0 kB
MemTotal:       12113144 kB
MemFree:         6697284 kB
MemAvailable:    8085700 kB
Buffers:            5964 kB
Cached:          1628624 kB
SwapCached:            0 kB
Active:          1492340 kB
Inactive:        1344652 kB
Active(anon):    1209460 kB
Inactive(anon):    21492 kB
Active(file):     282880 kB
Inactive(file):  1323160 kB
Unevictable:        5864 kB
Mlocked:            5864 kB
SwapTotal:       3145724 kB
SwapFree:        3145724 kB
Dirty:               288 kB
Writeback:             0 kB
AnonPages:       1208476 kB
Mapped:           807756 kB
Shmem:             23716 kB
KReclaimable:     651080 kB
Slab:             204696 kB
SReclaimable:      67424 kB
SUnreclaim:       137272 kB
KernelStack:       42640 kB
PageTables:        56464 kB
NFS_Unstable:          0 kB
Bounce:                0 kB
WritebackTmp:          0 kB
CommitLimit:     9202296 kB
Committed_AS:   57681324 kB
VmallocTotal:   263061440 kB
VmallocUsed:       99664 kB
VmallocChunk:          0 kB
Percpu:             7616 kB
CmaTotal:         294912 kB
CmaFree:               0 kB
MemTotal:       12113144 kB
MemFree:         6697144 kB
MemAvailable:    8085560 kB
Buffers:            5964 kB
Cached:          1628624 kB
SwapCached:            0 kB
Active:          1492604 kB
Inactive:        1344652 kB
Active(anon):    1209724 kB
Inactive(anon):    21492 kB
Active(file):     282880 kB
Inactive(file):  1323160 kB
Unevictable:        5864 kB
Mlocked:            5864 kB
SwapTotal:       3145724 kB
SwapFree:        3145724 kB
Dirty:               308 kB
Writeback:             0 kB
AnonPages:       1208696 kB
Mapped:           807700 kB
Shmem:             23716 kB
KReclaimable:     651080 kB
Slab:             204712 kB
SReclaimable:      67424 kB
SUnreclaim:       137288 kB
KernelStack:       42656 kB
PageTables:        56668 kB
NFS_Unstable:          0 kB
Bounce:                0 kB
WritebackTmp:          0 kB
CommitLimit:     9202296 kB
Committed_AS:   57686876 kB
VmallocTotal:   263061440 kB
VmallocUsed:       99648 kB
VmallocChunk:          0 kB
Percpu:             7616 kB
CmaTotal:         294912 kB
CmaFree:               0 kB
MemTotal:       12113144 kB
MemFree:         6696896 kB
MemAvailable:    8085312 kB
Buffers:            5964 kB
Cached:          1628624 kB
SwapCached:            0 kB
Active:          1492868 kB
Inactive:        1344652 kB
Active(anon):    1209988 kB
Inactive(anon):    21492 kB
Active(file):     282880 kB
Inactive(file):  1323160 kB
Unevictable:        5864 kB
Mlocked:            5864 kB
SwapTotal:       3145724 kB
SwapFree:        3145724 kB
Dirty:               308 kB
Writeback:             0 kB
AnonPages:       1208884 kB
Mapped:           807392 kB
Shmem:             23716 kB
KReclaimable:     651080 kB
Slab:             204716 kB
SReclaimable:      67424 kB
SUnreclaim:       137292 kB
KernelStack:       42656 kB
PageTables:        56568 kB
NFS_Unstable:          0 kB
Bounce:                0 kB
WritebackTmp:          0 kB
CommitLimit:     9202296 kB
Committed_AS:   57697672 kB
VmallocTotal:   263061440 kB
VmallocUsed:       99664 kB
VmallocChunk:          0 kB
Percpu:             7616 kB
CmaTotal:         294912 kB
CmaFree:               0 kB
MemTotal:       12113144 kB
MemFree:         6697336 kB
MemAvailable:    8085760 kB
Buffers:            5964 kB
Cached:          1628632 kB
SwapCached:            0 kB
Active:          1493048 kB
Inactive:        1344660 kB
Active(anon):    1210168 kB
Inactive(anon):    21492 kB
Active(file):     282880 kB
Inactive(file):  1323168 kB
Unevictable:        5864 kB
Mlocked:            5864 kB
SwapTotal:       3145724 kB
SwapFree:        3145724 kB
Dirty:               328 kB
Writeback:             0 kB
AnonPages:       1209068 kB
Mapped:           807576 kB
Shmem:             23716 kB
KReclaimable:     651080 kB
Slab:             204716 kB
SReclaimable:      67424 kB
SUnreclaim:       137292 kB
KernelStack:       42656 kB
PageTables:        56436 kB
NFS_Unstable:          0 kB
Bounce:                0 kB
WritebackTmp:          0 kB
CommitLimit:     9202296 kB
Committed_AS:   57685044 kB
VmallocTotal:   263061440 kB
VmallocUsed:       99680 kB
VmallocChunk:          0 kB
Percpu:             7616 kB
CmaTotal:         294912 kB
CmaFree:               0 kB
MemTotal:       12113144 kB
MemFree:         6697120 kB
MemAvailable:    8085544 kB
Buffers:            5964 kB
Cached:          1628632 kB
SwapCached:            0 kB
Active:          1493648 kB
Inactive:        1344660 kB
Active(anon):    1210768 kB
Inactive(anon):    21492 kB
Active(file):     282880 kB
Inactive(file):  1323168 kB
Unevictable:        5864 kB
Mlocked:            5864 kB
SwapTotal:       3145724 kB
SwapFree:        3145724 kB
Dirty:               336 kB
Writeback:             0 kB
AnonPages:       1209476 kB
Mapped:           807496 kB
Shmem:             23716 kB
KReclaimable:     651080 kB
Slab:             204720 kB
SReclaimable:      67424 kB
SUnreclaim:       137296 kB
KernelStack:       42672 kB
PageTables:        56604 kB
NFS_Unstable:          0 kB
Bounce:                0 kB
WritebackTmp:          0 kB
CommitLimit:     9202296 kB
Committed_AS:   57687456 kB
VmallocTotal:   263061440 kB
VmallocUsed:       99632 kB
VmallocChunk:          0 kB
Percpu:             7616 kB
CmaTotal:         294912 kB
CmaFree:               0 kB
MemTotal:       12113144 kB
MemFree:         6697268 kB
MemAvailable:    8085692 kB
Buffers:            5964 kB
Cached:          1628632 kB
SwapCached:            0 kB
Active:          1493024 kB
Inactive:        1344660 kB
Active(anon):    1210144 kB
Inactive(anon):    21492 kB
Active(file):     282880 kB
Inactive(file):  1323168 kB
Unevictable:        5864 kB
Mlocked:            5864 kB
SwapTotal:       3145724 kB
SwapFree:        3145724 kB
Dirty:               336 kB
Writeback:             0 kB
AnonPages:       1209064 kB
Mapped:           807772 kB
Shmem:             23716 kB
KReclaimable:     651080 kB
Slab:             204720 kB
SReclaimable:      67424 kB
SUnreclaim:       137296 kB
KernelStack:       42624 kB
PageTables:        56416 kB
NFS_Unstable:          0 kB
Bounce:                0 kB
WritebackTmp:          0 kB
CommitLimit:     9202296 kB
Committed_AS:   57687948 kB
VmallocTotal:   263061440 kB
VmallocUsed:       99664 kB
VmallocChunk:          0 kB
Percpu:             7616 kB
CmaTotal:         294912 kB
CmaFree:               0 kB
MemTotal:       12113144 kB
MemFree:         6696968 kB
MemAvailable:    8085392 kB
Buffers:            5964 kB
Cached:          1628632 kB
SwapCached:            0 kB
Active:          1493716 kB
Inactive:        1344660 kB
Active(anon):    1210836 kB
Inactive(anon):    21492 kB
Active(file):     282880 kB
Inactive(file):  1323168 kB
Unevictable:        5864 kB
Mlocked:            5864 kB
SwapTotal:       3145724 kB
SwapFree:        3145724 kB
Dirty:               168 kB
Writeback:             0 kB
AnonPages:       1209532 kB
Mapped:           807572 kB
Shmem:             23716 kB
KReclaimable:     651080 kB
Slab:             204716 kB
SReclaimable:      67424 kB
SUnreclaim:       137292 kB
KernelStack:       42656 kB
PageTables:        56708 kB
NFS_Unstable:          0 kB
Bounce:                0 kB
WritebackTmp:          0 kB
CommitLimit:     9202296 kB
Committed_AS:   57684388 kB
VmallocTotal:   263061440 kB
VmallocUsed:       99664 kB
VmallocChunk:          0 kB
Percpu:             7616 kB
CmaTotal:         294912 kB
CmaFree:               0 kB
MemTotal:       12113144 kB
MemFree:         6687316 kB
MemAvailable:    8075740 kB
Buffers:            5964 kB
Cached:          1628632 kB
SwapCached:            0 kB
Active:          1504240 kB
Inactive:        1344660 kB
Active(anon):    1221360 kB
Inactive(anon):    21492 kB
Active(file):     282880 kB
Inactive(file):  1323168 kB
Unevictable:        5864 kB
Mlocked:            5864 kB
SwapTotal:       3145724 kB
SwapFree:        3145724 kB
Dirty:               192 kB
Writeback:             0 kB
AnonPages:       1220292 kB
Mapped:           807944 kB
Shmem:             23716 kB
KReclaimable:     651080 kB
Slab:             204720 kB
SReclaimable:      67424 kB
SUnreclaim:       137296 kB
KernelStack:       42656 kB
PageTables:        56596 kB
NFS_Unstable:          0 kB
Bounce:                0 kB
WritebackTmp:          0 kB
CommitLimit:     9202296 kB
Committed_AS:   57696120 kB
VmallocTotal:   263061440 kB
VmallocUsed:       99680 kB
VmallocChunk:          0 kB
Percpu:             7616 kB
CmaTotal:         294912 kB
CmaFree:               0 kB
MemTotal:       12113144 kB
MemFree:         6686060 kB
MemAvailable:    8074484 kB
Buffers:            5964 kB
Cached:          1628632 kB
SwapCached:            0 kB
Active:          1504840 kB
Inactive:        1344660 kB
Active(anon):    1221960 kB
Inactive(anon):    21492 kB
Active(file):     282880 kB
Inactive(file):  1323168 kB
Unevictable:        5864 kB
Mlocked:            5864 kB
SwapTotal:       3145724 kB
SwapFree:        3145724 kB
Dirty:               212 kB
Writeback:             0 kB
AnonPages:       1220696 kB
Mapped:           807560 kB
Shmem:             23716 kB
KReclaimable:     651080 kB
Slab:             204720 kB
SReclaimable:      67424 kB
SUnreclaim:       137296 kB
KernelStack:       42672 kB
PageTables:        56572 kB
NFS_Unstable:          0 kB
Bounce:                0 kB
WritebackTmp:          0 kB
CommitLimit:     9202296 kB
Committed_AS:   57693396 kB
VmallocTotal:   263061440 kB
VmallocUsed:       99664 kB
VmallocChunk:          0 kB
Percpu:             7616 kB
CmaTotal:         294912 kB
CmaFree:               0 kB
MemTotal:       12113144 kB
MemFree:         6686172 kB
MemAvailable:    8074612 kB
Buffers:            5968 kB
Cached:          1628644 kB
SwapCached:            0 kB
Active:          1504904 kB
Inactive:        1344672 kB
Active(anon):    1222020 kB
Inactive(anon):    21492 kB
Active(file):     282884 kB
Inactive(file):  1323180 kB
Unevictable:        5864 kB
Mlocked:            5864 kB
SwapTotal:       3145724 kB
SwapFree:        3145724 kB
Dirty:               220 kB
Writeback:             0 kB
AnonPages:       1220928 kB
Mapped:           807968 kB
Shmem:             23716 kB
KReclaimable:     651080 kB
Slab:             204728 kB
SReclaimable:      67424 kB
SUnreclaim:       137304 kB
KernelStack:       42656 kB
PageTables:        56644 kB
NFS_Unstable:          0 kB
Bounce:                0 kB
WritebackTmp:          0 kB
CommitLimit:     9202296 kB
Committed_AS:   57682952 kB
VmallocTotal:   263061440 kB
VmallocUsed:       99680 kB
VmallocChunk:          0 kB
Percpu:             7616 kB
CmaTotal:         294912 kB
CmaFree:               0 kB
MemTotal:       12113144 kB
MemFree:         6686340 kB
MemAvailable:    8074780 kB
Buffers:            5968 kB
Cached:          1628644 kB
SwapCached:            0 kB
Active:          1505100 kB
Inactive:        1344672 kB
Active(anon):    1222216 kB
Inactive(anon):    21492 kB
Active(file):     282884 kB
Inactive(file):  1323180 kB
Unevictable:        5864 kB
Mlocked:            5864 kB
SwapTotal:       3145724 kB
SwapFree:        3145724 kB
Dirty:               220 kB
Writeback:             0 kB
AnonPages:       1221416 kB
Mapped:           807560 kB
Shmem:             23716 kB
KReclaimable:     651080 kB
Slab:             204720 kB
SReclaimable:      67424 kB
SUnreclaim:       137296 kB
KernelStack:       42640 kB
PageTables:        56436 kB
NFS_Unstable:          0 kB
Bounce:                0 kB
WritebackTmp:          0 kB
CommitLimit:     9202296 kB
Committed_AS:   57677016 kB
VmallocTotal:   263061440 kB
VmallocUsed:       99712 kB
VmallocChunk:          0 kB
Percpu:             7616 kB
CmaTotal:         294912 kB
CmaFree:               0 kB
MemTotal:       12113144 kB
MemFree:         6686704 kB
MemAvailable:    8075144 kB
Buffers:            5968 kB
Cached:          1628644 kB
SwapCached:            0 kB
Active:          1505640 kB
Inactive:        1344672 kB
Active(anon):    1222756 kB
Inactive(anon):    21492 kB
Active(file):     282884 kB
Inactive(file):  1323180 kB
Unevictable:        5864 kB
Mlocked:            5864 kB
SwapTotal:       3145724 kB
SwapFree:        3145724 kB
Dirty:               156 kB
Writeback:             0 kB
AnonPages:       1221916 kB
Mapped:           807532 kB
Shmem:             23716 kB
KReclaimable:     651080 kB
Slab:             204724 kB
SReclaimable:      67424 kB
SUnreclaim:       137300 kB
KernelStack:       42656 kB
PageTables:        56508 kB
NFS_Unstable:          0 kB
Bounce:                0 kB
WritebackTmp:          0 kB
CommitLimit:     9202296 kB
Committed_AS:   57695040 kB
VmallocTotal:   263061440 kB
VmallocUsed:       99696 kB
VmallocChunk:          0 kB
Percpu:             7616 kB
CmaTotal:         294912 kB
CmaFree:               0 kB
MemTotal:       12113144 kB
MemFree:         6686468 kB
MemAvailable:    8074908 kB
Buffers:            5968 kB
Cached:          1628644 kB
SwapCached:            0 kB
Active:          1506388 kB
Inactive:        1344672 kB
Active(anon):    1223504 kB
Inactive(anon):    21492 kB
Active(file):     282884 kB
Inactive(file):  1323180 kB
Unevictable:        5864 kB
Mlocked:            5864 kB
SwapTotal:       3145724 kB
SwapFree:        3145724 kB
Dirty:               180 kB
Writeback:             0 kB
AnonPages:       1222340 kB
Mapped:           807580 kB
Shmem:             23716 kB
KReclaimable:     651080 kB
Slab:             204724 kB
SReclaimable:      67424 kB
SUnreclaim:       137300 kB
KernelStack:       42656 kB
PageTables:        56580 kB
NFS_Unstable:          0 kB
Bounce:                0 kB
WritebackTmp:          0 kB
CommitLimit:     9202296 kB
Committed_AS:   57694764 kB
VmallocTotal:   263061440 kB
VmallocUsed:       99680 kB
VmallocChunk:          0 kB
Percpu:             7616 kB
CmaTotal:         294912 kB
CmaFree:               0 kB
MemTotal:       12113144 kB
MemFree:         6686280 kB
MemAvailable:    8074720 kB
Buffers:            5968 kB
Cached:          1628644 kB
SwapCached:            0 kB
Active:          1506848 kB
Inactive:        1344672 kB
Active(anon):    1223964 kB
Inactive(anon):    21492 kB
Active(file):     282884 kB
Inactive(file):  1323180 kB
Unevictable:        5864 kB
Mlocked:            5864 kB
SwapTotal:       3145724 kB
SwapFree:        3145724 kB
Dirty:               180 kB
Writeback:             0 kB
AnonPages:       1222848 kB
Mapped:           807556 kB
Shmem:             23716 kB
KReclaimable:     651080 kB
Slab:             204732 kB
SReclaimable:      67424 kB
SUnreclaim:       137308 kB
KernelStack:       42624 kB
PageTables:        56572 kB
NFS_Unstable:          0 kB
Bounce:                0 kB
WritebackTmp:          0 kB
CommitLimit:     9202296 kB
Committed_AS:   57700556 kB
VmallocTotal:   263061440 kB
VmallocUsed:       99664 kB
VmallocChunk:          0 kB
Percpu:             7616 kB
CmaTotal:         294912 kB
CmaFree:               0 kB
MemTotal:       12113144 kB
MemFree:         6686112 kB
MemAvailable:    8074552 kB
Buffers:            5968 kB
Cached:          1628644 kB
SwapCached:            0 kB
Active:          1507244 kB
Inactive:        1344672 kB
Active(anon):    1224360 kB
Inactive(anon):    21492 kB
Active(file):     282884 kB
Inactive(file):  1323180 kB
Unevictable:        5864 kB
Mlocked:            5864 kB
SwapTotal:       3145724 kB
SwapFree:        3145724 kB
Dirty:               184 kB
Writeback:             0 kB
AnonPages:       1223292 kB
Mapped:           807520 kB
Shmem:             23716 kB
KReclaimable:     651080 kB
Slab:             204740 kB
SReclaimable:      67424 kB
SUnreclaim:       137316 kB
KernelStack:       42624 kB
PageTables:        56556 kB
NFS_Unstable:          0 kB
Bounce:                0 kB
WritebackTmp:          0 kB
CommitLimit:     9202296 kB
Committed_AS:   57694324 kB
VmallocTotal:   263061440 kB
VmallocUsed:       99680 kB
VmallocChunk:          0 kB
Percpu:             7616 kB
CmaTotal:         294912 kB
CmaFree:               0 kB
MemTotal:       12113144 kB
MemFree:         6685748 kB
MemAvailable:    8074188 kB
Buffers:            5968 kB
Cached:          1628644 kB
SwapCached:            0 kB
Active:          1507372 kB
Inactive:        1344672 kB
Active(anon):    1224488 kB
Inactive(anon):    21492 kB
Active(file):     282884 kB
Inactive(file):  1323180 kB
Unevictable:        5864 kB
Mlocked:            5864 kB
SwapTotal:       3145724 kB
SwapFree:        3145724 kB
Dirty:               184 kB
Writeback:             0 kB
AnonPages:       1223492 kB
Mapped:           807520 kB
Shmem:             23716 kB
KReclaimable:     651080 kB
Slab:             204732 kB
SReclaimable:      67424 kB
SUnreclaim:       137308 kB
KernelStack:       42640 kB
PageTables:        56552 kB
NFS_Unstable:          0 kB
Bounce:                0 kB
WritebackTmp:          0 kB
CommitLimit:     9202296 kB
Committed_AS:   57700472 kB
VmallocTotal:   263061440 kB
VmallocUsed:       99696 kB
VmallocChunk:          0 kB
Percpu:             7616 kB
CmaTotal:         294912 kB
CmaFree:               0 kB
MemTotal:       12113144 kB
MemFree:         6681548 kB
MemAvailable:    8069784 kB
Buffers:            5968 kB
Cached:          1628648 kB
SwapCached:            0 kB
Active:          1508868 kB
Inactive:        1344676 kB
Active(anon):    1225984 kB
Inactive(anon):    21496 kB
Active(file):     282884 kB
Inactive(file):  1323180 kB
Unevictable:        5864 kB
Mlocked:            5864 kB
SwapTotal:       3145724 kB
SwapFree:        3145724 kB
Dirty:               180 kB
Writeback:             0 kB
AnonPages:       1224944 kB
Mapped:           807788 kB
Shmem:             23720 kB
KReclaimable:     650876 kB
Slab:             204736 kB
SReclaimable:      67424 kB
SUnreclaim:       137312 kB
KernelStack:       42624 kB
PageTables:        56552 kB
NFS_Unstable:          0 kB
Bounce:                0 kB
WritebackTmp:          0 kB
CommitLimit:     9202296 kB
Committed_AS:   57706684 kB
VmallocTotal:   263061440 kB
VmallocUsed:       99696 kB
VmallocChunk:          0 kB
Percpu:             7616 kB
CmaTotal:         294912 kB
CmaFree:               0 kB
MemTotal:       12113144 kB
MemFree:         6694348 kB
MemAvailable:    8082592 kB
Buffers:            5968 kB
Cached:          1628656 kB
SwapCached:            0 kB
Active:          1495680 kB
Inactive:        1344684 kB
Active(anon):    1212796 kB
Inactive(anon):    21496 kB
Active(file):     282884 kB
Inactive(file):  1323188 kB
Unevictable:        5864 kB
Mlocked:            5864 kB
SwapTotal:       3145724 kB
SwapFree:        3145724 kB
Dirty:               200 kB
Writeback:             0 kB
AnonPages:       1211724 kB
Mapped:           807520 kB
Shmem:             23720 kB
KReclaimable:     650876 kB
Slab:             204740 kB
SReclaimable:      67424 kB
SUnreclaim:       137316 kB
KernelStack:       42624 kB
PageTables:        56544 kB
NFS_Unstable:          0 kB
Bounce:                0 kB
WritebackTmp:          0 kB
CommitLimit:     9202296 kB
Committed_AS:   57706388 kB
VmallocTotal:   263061440 kB
VmallocUsed:       99696 kB
VmallocChunk:          0 kB
Percpu:             7616 kB
CmaTotal:         294912 kB
CmaFree:              52 kB
MemTotal:       12113144 kB
MemFree:         6693368 kB
MemAvailable:    8081612 kB
Buffers:            5968 kB
Cached:          1628656 kB
SwapCached:            0 kB
Active:          1495972 kB
Inactive:        1344684 kB
Active(anon):    1213088 kB
Inactive(anon):    21496 kB
Active(file):     282884 kB
Inactive(file):  1323188 kB
Unevictable:        5864 kB
Mlocked:            5864 kB
SwapTotal:       3145724 kB
SwapFree:        3145724 kB
Dirty:               208 kB
Writeback:             0 kB
AnonPages:       1211764 kB
Mapped:           807552 kB
Shmem:             23720 kB
KReclaimable:     650876 kB
Slab:             204740 kB
SReclaimable:      67424 kB
SUnreclaim:       137316 kB
KernelStack:       42640 kB
PageTables:        56700 kB
NFS_Unstable:          0 kB
Bounce:                0 kB
WritebackTmp:          0 kB
CommitLimit:     9202296 kB
Committed_AS:   57697900 kB
VmallocTotal:   263061440 kB
VmallocUsed:       99680 kB
VmallocChunk:          0 kB
Percpu:             7616 kB
CmaTotal:         294912 kB
CmaFree:               0 kB
MemTotal:       12113144 kB
MemFree:         6694340 kB
MemAvailable:    8082584 kB
Buffers:            5968 kB
Cached:          1628656 kB
SwapCached:            0 kB
Active:          1496260 kB
Inactive:        1344684 kB
Active(anon):    1213376 kB
Inactive(anon):    21496 kB
Active(file):     282884 kB
Inactive(file):  1323188 kB
Unevictable:        5864 kB
Mlocked:            5864 kB
SwapTotal:       3145724 kB
SwapFree:        3145724 kB
Dirty:               208 kB
Writeback:             0 kB
AnonPages:       1212388 kB
Mapped:           807788 kB
Shmem:             23720 kB
KReclaimable:     650876 kB
Slab:             204740 kB
SReclaimable:      67424 kB
SUnreclaim:       137316 kB
KernelStack:       42640 kB
PageTables:        56552 kB
NFS_Unstable:          0 kB
Bounce:                0 kB
WritebackTmp:          0 kB
CommitLimit:     9202296 kB
Committed_AS:   57703264 kB
VmallocTotal:   263061440 kB
VmallocUsed:       99664 kB
VmallocChunk:          0 kB
Percpu:             7616 kB
CmaTotal:         294912 kB
CmaFree:               0 kB
MemTotal:       12113144 kB
MemFree:         6696976 kB
MemAvailable:    8085220 kB
Buffers:            5968 kB
Cached:          1628656 kB
SwapCached:            0 kB
Active:          1493388 kB
Inactive:        1344684 kB
Active(anon):    1210504 kB
Inactive(anon):    21496 kB
Active(file):     282884 kB
Inactive(file):  1323188 kB
Unevictable:        5864 kB
Mlocked:            5864 kB
SwapTotal:       3145724 kB
SwapFree:        3145724 kB
Dirty:               188 kB
Writeback:             0 kB
AnonPages:       1209144 kB
Mapped:           807636 kB
Shmem:             23720 kB
KReclaimable:     650876 kB
Slab:             204752 kB
SReclaimable:      67424 kB
SUnreclaim:       137328 kB
KernelStack:       42640 kB
PageTables:        56580 kB
NFS_Unstable:          0 kB
Bounce:                0 kB
WritebackTmp:          0 kB
CommitLimit:     9202296 kB
Committed_AS:   57695480 kB
VmallocTotal:   263061440 kB
VmallocUsed:       99664 kB
VmallocChunk:          0 kB
Percpu:             7616 kB
CmaTotal:         294912 kB
CmaFree:               0 kB
MemTotal:       12113144 kB
MemFree:         6697804 kB
MemAvailable:    8086048 kB
Buffers:            5968 kB
Cached:          1628656 kB
SwapCached:            0 kB
Active:          1493708 kB
Inactive:        1344684 kB
Active(anon):    1210824 kB
Inactive(anon):    21496 kB
Active(file):     282884 kB
Inactive(file):  1323188 kB
Unevictable:        5864 kB
Mlocked:            5864 kB
SwapTotal:       3145724 kB
SwapFree:        3145724 kB
Dirty:               188 kB
Writeback:             0 kB
AnonPages:       1209856 kB
Mapped:           807788 kB
Shmem:             23720 kB
KReclaimable:     650876 kB
Slab:             204744 kB
SReclaimable:      67424 kB
SUnreclaim:       137320 kB
KernelStack:       42624 kB
PageTables:        56556 kB
NFS_Unstable:          0 kB
Bounce:                0 kB
WritebackTmp:          0 kB
CommitLimit:     9202296 kB
Committed_AS:   57697792 kB
VmallocTotal:   263061440 kB
VmallocUsed:       99648 kB
VmallocChunk:          0 kB
Percpu:             7616 kB
CmaTotal:         294912 kB
CmaFree:               0 kB
MemTotal:       12113144 kB
MemFree:         6696796 kB
MemAvailable:    8085040 kB
Buffers:            5972 kB
Cached:          1628652 kB
SwapCached:            0 kB
Active:          1493968 kB
Inactive:        1344684 kB
Active(anon):    1211084 kB
Inactive(anon):    21496 kB
Active(file):     282884 kB
Inactive(file):  1323188 kB
Unevictable:        5864 kB
Mlocked:            5864 kB
SwapTotal:       3145724 kB
SwapFree:        3145724 kB
Dirty:               188 kB
Writeback:             0 kB
AnonPages:       1210120 kB
Mapped:           807732 kB
Shmem:             23720 kB
KReclaimable:     650876 kB
Slab:             204744 kB
SReclaimable:      67424 kB
SUnreclaim:       137320 kB
KernelStack:       42656 kB
PageTables:        56584 kB
NFS_Unstable:          0 kB
Bounce:                0 kB
WritebackTmp:          0 kB
CommitLimit:     9202296 kB
Committed_AS:   57696176 kB
VmallocTotal:   263061440 kB
VmallocUsed:       99648 kB
VmallocChunk:          0 kB
Percpu:             7616 kB
CmaTotal:         294912 kB
CmaFree:               0 kB
MemTotal:       12113144 kB
MemFree:         6696064 kB
MemAvailable:    8084320 kB
Buffers:            5972 kB
Cached:          1628664 kB
SwapCached:            0 kB
Active:          1494244 kB
Inactive:        1344692 kB
Active(anon):    1211356 kB
Inactive(anon):    21496 kB
Active(file):     282888 kB
Inactive(file):  1323196 kB
Unevictable:        5864 kB
Mlocked:            5864 kB
SwapTotal:       3145724 kB
SwapFree:        3145724 kB
Dirty:               184 kB
Writeback:             0 kB
AnonPages:       1210376 kB
Mapped:           807740 kB
Shmem:             23720 kB
KReclaimable:     650876 kB
Slab:             204752 kB
SReclaimable:      67424 kB
SUnreclaim:       137328 kB
KernelStack:       42592 kB
PageTables:        56508 kB
NFS_Unstable:          0 kB
Bounce:                0 kB
WritebackTmp:          0 kB
CommitLimit:     9202296 kB
Committed_AS:   57704068 kB
VmallocTotal:   263061440 kB
VmallocUsed:       99696 kB
VmallocChunk:          0 kB
Percpu:             7616 kB
CmaTotal:         294912 kB
CmaFree:               0 kB
MemTotal:       12113144 kB
MemFree:         6695784 kB
MemAvailable:    8084040 kB
Buffers:            5972 kB
Cached:          1628664 kB
SwapCached:            0 kB
Active:          1494392 kB
Inactive:        1344692 kB
Active(anon):    1211504 kB
Inactive(anon):    21496 kB
Active(file):     282888 kB
Inactive(file):  1323196 kB
Unevictable:        5864 kB
Mlocked:            5864 kB
SwapTotal:       3145724 kB
SwapFree:        3145724 kB
Dirty:               184 kB
Writeback:             0 kB
AnonPages:       1210452 kB
Mapped:           807628 kB
Shmem:             23720 kB
KReclaimable:     650876 kB
Slab:             204748 kB
SReclaimable:      67424 kB
SUnreclaim:       137324 kB
KernelStack:       42608 kB
PageTables:        56428 kB
NFS_Unstable:          0 kB
Bounce:                0 kB
WritebackTmp:          0 kB
CommitLimit:     9202296 kB
Committed_AS:   57698924 kB
VmallocTotal:   263061440 kB
VmallocUsed:       99696 kB
VmallocChunk:          0 kB
Percpu:             7616 kB
CmaTotal:         294912 kB
CmaFree:               0 kB
MemTotal:       12113144 kB
MemFree:         6695064 kB
MemAvailable:    8083320 kB
Buffers:            5972 kB
Cached:          1628664 kB
SwapCached:            0 kB
Active:          1495304 kB
Inactive:        1344692 kB
Active(anon):    1212416 kB
Inactive(anon):    21496 kB
Active(file):     282888 kB
Inactive(file):  1323196 kB
Unevictable:        5864 kB
Mlocked:            5864 kB
SwapTotal:       3145724 kB
SwapFree:        3145724 kB
Dirty:               156 kB
Writeback:             0 kB
AnonPages:       1211464 kB
Mapped:           807788 kB
Shmem:             23720 kB
KReclaimable:     650876 kB
Slab:             204748 kB
SReclaimable:      67424 kB
SUnreclaim:       137324 kB
KernelStack:       42608 kB
PageTables:        56808 kB
NFS_Unstable:          0 kB
Bounce:                0 kB
WritebackTmp:          0 kB
CommitLimit:     9202296 kB
Committed_AS:   57697288 kB
VmallocTotal:   263061440 kB
VmallocUsed:       99680 kB
VmallocChunk:          0 kB
Percpu:             7616 kB
CmaTotal:         294912 kB
CmaFree:               0 kB
MemTotal:       12113144 kB
MemFree:         6694928 kB
MemAvailable:    8083184 kB
Buffers:            5972 kB
Cached:          1628664 kB
SwapCached:            0 kB
Active:          1495840 kB
Inactive:        1344692 kB
Active(anon):    1212952 kB
Inactive(anon):    21496 kB
Active(file):     282888 kB
Inactive(file):  1323196 kB
Unevictable:        5864 kB
Mlocked:            5864 kB
SwapTotal:       3145724 kB
SwapFree:        3145724 kB
Dirty:               156 kB
Writeback:             0 kB
AnonPages:       1211928 kB
Mapped:           807588 kB
Shmem:             23720 kB
KReclaimable:     650876 kB
Slab:             204760 kB
SReclaimable:      67424 kB
SUnreclaim:       137336 kB
KernelStack:       42656 kB
PageTables:        56600 kB
NFS_Unstable:          0 kB
Bounce:                0 kB
WritebackTmp:          0 kB
CommitLimit:     9202296 kB
Committed_AS:   57703248 kB
VmallocTotal:   263061440 kB
VmallocUsed:       99664 kB
VmallocChunk:          0 kB
Percpu:             7616 kB
CmaTotal:         294912 kB
CmaFree:               0 kB
MemTotal:       12113144 kB
MemFree:         6694368 kB
MemAvailable:    8082624 kB
Buffers:            5972 kB
Cached:          1628664 kB
SwapCached:            0 kB
Active:          1496052 kB
Inactive:        1344692 kB
Active(anon):    1213164 kB
Inactive(anon):    21496 kB
Active(file):     282888 kB
Inactive(file):  1323196 kB
Unevictable:        5864 kB
Mlocked:            5864 kB
SwapTotal:       3145724 kB
SwapFree:        3145724 kB
Dirty:               180 kB
Writeback:             0 kB
AnonPages:       1211976 kB
Mapped:           807592 kB
Shmem:             23720 kB
KReclaimable:     650876 kB
Slab:             204752 kB
SReclaimable:      67424 kB
SUnreclaim:       137328 kB
KernelStack:       42656 kB
PageTables:        56576 kB
NFS_Unstable:          0 kB
Bounce:                0 kB
WritebackTmp:          0 kB
CommitLimit:     9202296 kB
Committed_AS:   57694480 kB
VmallocTotal:   263061440 kB
VmallocUsed:       99728 kB
VmallocChunk:          0 kB
Percpu:             7616 kB
CmaTotal:         294912 kB
CmaFree:               0 kB
MemTotal:       12113144 kB
MemFree:         6695616 kB
MemAvailable:    8083872 kB
Buffers:            5972 kB
Cached:          1628664 kB
SwapCached:            0 kB
Active:          1495688 kB
Inactive:        1344692 kB
Active(anon):    1212800 kB
Inactive(anon):    21496 kB
Active(file):     282888 kB
Inactive(file):  1323196 kB
Unevictable:        5864 kB
Mlocked:            5864 kB
SwapTotal:       3145724 kB
SwapFree:        3145724 kB
Dirty:               180 kB
Writeback:             0 kB
AnonPages:       1211640 kB
Mapped:           807396 kB
Shmem:             23720 kB
KReclaimable:     650876 kB
Slab:             204752 kB
SReclaimable:      67424 kB
SUnreclaim:       137328 kB
KernelStack:       42608 kB
PageTables:        56536 kB
NFS_Unstable:          0 kB
Bounce:                0 kB
WritebackTmp:          0 kB
CommitLimit:     9202296 kB
Committed_AS:   57698828 kB
VmallocTotal:   263061440 kB
VmallocUsed:       99680 kB
VmallocChunk:          0 kB
Percpu:             7616 kB
CmaTotal:         294912 kB
CmaFree:               0 kB
MemTotal:       12113144 kB
MemFree:         6694804 kB
MemAvailable:    8083060 kB
Buffers:            5972 kB
Cached:          1628664 kB
SwapCached:            0 kB
Active:          1495844 kB
Inactive:        1344692 kB
Active(anon):    1212956 kB
Inactive(anon):    21496 kB
Active(file):     282888 kB
Inactive(file):  1323196 kB
Unevictable:        5864 kB
Mlocked:            5864 kB
SwapTotal:       3145724 kB
SwapFree:        3145724 kB
Dirty:               184 kB
Writeback:             0 kB
AnonPages:       1211896 kB
Mapped:           807528 kB
Shmem:             23720 kB
KReclaimable:     650876 kB
Slab:             204756 kB
SReclaimable:      67424 kB
SUnreclaim:       137332 kB
KernelStack:       42624 kB
PageTables:        56548 kB
NFS_Unstable:          0 kB
Bounce:                0 kB
WritebackTmp:          0 kB
CommitLimit:     9202296 kB
Committed_AS:   57693340 kB
VmallocTotal:   263061440 kB
VmallocUsed:       99728 kB
VmallocChunk:          0 kB
Percpu:             7616 kB
CmaTotal:         294912 kB
CmaFree:               0 kB
MemTotal:       12113144 kB
MemFree:         6694640 kB
MemAvailable:    8082896 kB
Buffers:            5972 kB
Cached:          1628664 kB
SwapCached:            0 kB
Active:          1496384 kB
Inactive:        1344692 kB
Active(anon):    1213496 kB
Inactive(anon):    21496 kB
Active(file):     282888 kB
Inactive(file):  1323196 kB
Unevictable:        5864 kB
Mlocked:            5864 kB
SwapTotal:       3145724 kB
SwapFree:        3145724 kB
Dirty:               144 kB
Writeback:             0 kB
AnonPages:       1212200 kB
Mapped:           807764 kB
Shmem:             23720 kB
KReclaimable:     650876 kB
Slab:             204764 kB
SReclaimable:      67424 kB
SUnreclaim:       137340 kB
KernelStack:       42624 kB
PageTables:        56532 kB
NFS_Unstable:          0 kB
Bounce:                0 kB
WritebackTmp:          0 kB
CommitLimit:     9202296 kB
Committed_AS:   57699692 kB
VmallocTotal:   263061440 kB
VmallocUsed:       99728 kB
VmallocChunk:          0 kB
Percpu:             7616 kB
CmaTotal:         294912 kB
CmaFree:               0 kB
MemTotal:       12113144 kB
MemFree:         6694624 kB
MemAvailable:    8082880 kB
Buffers:            5972 kB
Cached:          1628664 kB
SwapCached:            0 kB
Active:          1496860 kB
Inactive:        1344692 kB
Active(anon):    1213972 kB
Inactive(anon):    21496 kB
Active(file):     282888 kB
Inactive(file):  1323196 kB
Unevictable:        5864 kB
Mlocked:            5864 kB
SwapTotal:       3145724 kB
SwapFree:        3145724 kB
Dirty:               172 kB
Writeback:             0 kB
AnonPages:       1212784 kB
Mapped:           807836 kB
Shmem:             23720 kB
KReclaimable:     650876 kB
Slab:             204756 kB
SReclaimable:      67424 kB
SUnreclaim:       137332 kB
KernelStack:       42672 kB
PageTables:        56756 kB
NFS_Unstable:          0 kB
Bounce:                0 kB
WritebackTmp:          0 kB
CommitLimit:     9202296 kB
Committed_AS:   57698552 kB
VmallocTotal:   263061440 kB
VmallocUsed:       99680 kB
VmallocChunk:          0 kB
Percpu:             7616 kB
CmaTotal:         294912 kB
CmaFree:               0 kB
MemTotal:       12113144 kB
MemFree:         6693916 kB
MemAvailable:    8082172 kB
Buffers:            5972 kB
Cached:          1628664 kB
SwapCached:            0 kB
Active:          1498036 kB
Inactive:        1344692 kB
Active(anon):    1215148 kB
Inactive(anon):    21496 kB
Active(file):     282888 kB
Inactive(file):  1323196 kB
Unevictable:        5864 kB
Mlocked:            5864 kB
SwapTotal:       3145724 kB
SwapFree:        3145724 kB
Dirty:               172 kB
Writeback:             0 kB
AnonPages:       1213976 kB
Mapped:           807612 kB
Shmem:             23720 kB
KReclaimable:     650876 kB
Slab:             204760 kB
SReclaimable:      67424 kB
SUnreclaim:       137336 kB
KernelStack:       42640 kB
PageTables:        56648 kB
NFS_Unstable:          0 kB
Bounce:                0 kB
WritebackTmp:          0 kB
CommitLimit:     9202296 kB
Committed_AS:   57689124 kB
VmallocTotal:   263061440 kB
VmallocUsed:       99680 kB
VmallocChunk:          0 kB
Percpu:             7616 kB
CmaTotal:         294912 kB
CmaFree:               0 kB
MemTotal:       12113144 kB
MemFree:         6693232 kB
MemAvailable:    8081488 kB
Buffers:            5972 kB
Cached:          1628664 kB
SwapCached:            0 kB
Active:          1498068 kB
Inactive:        1344692 kB
Active(anon):    1215180 kB
Inactive(anon):    21496 kB
Active(file):     282888 kB
Inactive(file):  1323196 kB
Unevictable:        5864 kB
Mlocked:            5864 kB
SwapTotal:       3145724 kB
SwapFree:        3145724 kB
Dirty:               188 kB
Writeback:             0 kB
AnonPages:       1214064 kB
Mapped:           807560 kB
Shmem:             23720 kB
KReclaimable:     650876 kB
Slab:             204760 kB
SReclaimable:      67424 kB
SUnreclaim:       137336 kB
KernelStack:       42624 kB
PageTables:        56584 kB
NFS_Unstable:          0 kB
Bounce:                0 kB
WritebackTmp:          0 kB
CommitLimit:     9202296 kB
Committed_AS:   57690960 kB
VmallocTotal:   263061440 kB
VmallocUsed:       99712 kB
VmallocChunk:          0 kB
Percpu:             7616 kB
CmaTotal:         294912 kB
CmaFree:               0 kB
MemTotal:       12113144 kB
MemFree:         6696580 kB
MemAvailable:    8084836 kB
Buffers:            5972 kB
Cached:          1628664 kB
SwapCached:            0 kB
Active:          1494144 kB
Inactive:        1344692 kB
Active(anon):    1211256 kB
Inactive(anon):    21496 kB
Active(file):     282888 kB
Inactive(file):  1323196 kB
Unevictable:        5864 kB
Mlocked:            5864 kB
SwapTotal:       3145724 kB
SwapFree:        3145724 kB
Dirty:               200 kB
Writeback:             0 kB
AnonPages:       1209972 kB
Mapped:           807532 kB
Shmem:             23720 kB
KReclaimable:     650876 kB
Slab:             204768 kB
SReclaimable:      67424 kB
SUnreclaim:       137344 kB
KernelStack:       42624 kB
PageTables:        56552 kB
NFS_Unstable:          0 kB
Bounce:                0 kB
WritebackTmp:          0 kB
CommitLimit:     9202296 kB
Committed_AS:   57688412 kB
VmallocTotal:   263061440 kB
VmallocUsed:       99696 kB
VmallocChunk:          0 kB
Percpu:             7616 kB
CmaTotal:         294912 kB
CmaFree:               0 kB
MemTotal:       12113144 kB
MemFree:         6696256 kB
MemAvailable:    8084512 kB
Buffers:            5972 kB
Cached:          1628664 kB
SwapCached:            0 kB
Active:          1494768 kB
Inactive:        1344692 kB
Active(anon):    1211880 kB
Inactive(anon):    21496 kB
Active(file):     282888 kB
Inactive(file):  1323196 kB
Unevictable:        5864 kB
Mlocked:            5864 kB
SwapTotal:       3145724 kB
SwapFree:        3145724 kB
Dirty:               148 kB
Writeback:             0 kB
AnonPages:       1210852 kB
Mapped:           807532 kB
Shmem:             23720 kB
KReclaimable:     650876 kB
Slab:             204760 kB
SReclaimable:      67424 kB
SUnreclaim:       137336 kB
KernelStack:       42624 kB
PageTables:        56556 kB
NFS_Unstable:          0 kB
Bounce:                0 kB
WritebackTmp:          0 kB
CommitLimit:     9202296 kB
Committed_AS:   57695244 kB
VmallocTotal:   263061440 kB
VmallocUsed:       99728 kB
VmallocChunk:          0 kB
Percpu:             7616 kB
CmaTotal:         294912 kB
CmaFree:               0 kB
MemTotal:       12113144 kB
MemFree:         6692896 kB
MemAvailable:    8081152 kB
Buffers:            5972 kB
Cached:          1628664 kB
SwapCached:            0 kB
Active:          1499816 kB
Inactive:        1344692 kB
Active(anon):    1216928 kB
Inactive(anon):    21496 kB
Active(file):     282888 kB
Inactive(file):  1323196 kB
Unevictable:        5864 kB
Mlocked:            5864 kB
SwapTotal:       3145724 kB
SwapFree:        3145724 kB
Dirty:               172 kB
Writeback:             0 kB
AnonPages:       1215888 kB
Mapped:           807476 kB
Shmem:             23720 kB
KReclaimable:     650876 kB
Slab:             204764 kB
SReclaimable:      67424 kB
SUnreclaim:       137340 kB
KernelStack:       42624 kB
PageTables:        56584 kB
NFS_Unstable:          0 kB
Bounce:                0 kB
WritebackTmp:          0 kB
CommitLimit:     9202296 kB
Committed_AS:   57685900 kB
VmallocTotal:   263061440 kB
VmallocUsed:       99696 kB
VmallocChunk:          0 kB
Percpu:             7616 kB
CmaTotal:         294912 kB
CmaFree:               0 kB
MemTotal:       12113144 kB
MemFree:         6694572 kB
MemAvailable:    8082828 kB
Buffers:            5972 kB
Cached:          1628664 kB
SwapCached:            0 kB
Active:          1495300 kB
Inactive:        1344692 kB
Active(anon):    1212412 kB
Inactive(anon):    21496 kB
Active(file):     282888 kB
Inactive(file):  1323196 kB
Unevictable:        5864 kB
Mlocked:            5864 kB
SwapTotal:       3145724 kB
SwapFree:        3145724 kB
Dirty:               172 kB
Writeback:             0 kB
AnonPages:       1211240 kB
Mapped:           807596 kB
Shmem:             23720 kB
KReclaimable:     650876 kB
Slab:             204776 kB
SReclaimable:      67424 kB
SUnreclaim:       137352 kB
KernelStack:       42656 kB
PageTables:        56576 kB
NFS_Unstable:          0 kB
Bounce:                0 kB
WritebackTmp:          0 kB
CommitLimit:     9202296 kB
Committed_AS:   57689184 kB
VmallocTotal:   263061440 kB
VmallocUsed:       99712 kB
VmallocChunk:          0 kB
Percpu:             7616 kB
CmaTotal:         294912 kB
CmaFree:               0 kB
MemTotal:       12113144 kB
MemFree:         6696084 kB
MemAvailable:    8084340 kB
Buffers:            5972 kB
Cached:          1628664 kB
SwapCached:            0 kB
Active:          1495180 kB
Inactive:        1344692 kB
Active(anon):    1212292 kB
Inactive(anon):    21496 kB
Active(file):     282888 kB
Inactive(file):  1323196 kB
Unevictable:        5864 kB
Mlocked:            5864 kB
SwapTotal:       3145724 kB
SwapFree:        3145724 kB
Dirty:               184 kB
Writeback:             0 kB
AnonPages:       1211136 kB
Mapped:           807736 kB
Shmem:             23720 kB
KReclaimable:     650876 kB
Slab:             204776 kB
SReclaimable:      67424 kB
SUnreclaim:       137352 kB
KernelStack:       42624 kB
PageTables:        56584 kB
NFS_Unstable:          0 kB
Bounce:                0 kB
WritebackTmp:          0 kB
CommitLimit:     9202296 kB
Committed_AS:   57695656 kB
VmallocTotal:   263061440 kB
VmallocUsed:       99648 kB
VmallocChunk:          0 kB
Percpu:             7616 kB
CmaTotal:         294912 kB
CmaFree:               0 kB
MemTotal:       12113144 kB
MemFree:         6695924 kB
MemAvailable:    8084196 kB
Buffers:            5976 kB
Cached:          1628684 kB
SwapCached:            0 kB
Active:          1495676 kB
Inactive:        1344712 kB
Active(anon):    1212784 kB
Inactive(anon):    21504 kB
Active(file):     282892 kB
Inactive(file):  1323208 kB
Unevictable:        5864 kB
Mlocked:            5864 kB
SwapTotal:       3145724 kB
SwapFree:        3145724 kB
Dirty:               212 kB
Writeback:             0 kB
AnonPages:       1211688 kB
Mapped:           807800 kB
Shmem:             23728 kB
KReclaimable:     650876 kB
Slab:             204780 kB
SReclaimable:      67424 kB
SUnreclaim:       137356 kB
KernelStack:       42624 kB
PageTables:        56556 kB
NFS_Unstable:          0 kB
Bounce:                0 kB
WritebackTmp:          0 kB
CommitLimit:     9202296 kB
Committed_AS:   57701168 kB
VmallocTotal:   263061440 kB
VmallocUsed:       99664 kB
