MemTotal:        5980404 kB
MemFree:          573044 kB
MemAvailable:    2804032 kB
Buffers:            7244 kB
Cached:          2377444 kB
SwapCached:            0 kB
Active:          1583236 kB
Inactive:        1910796 kB
Active(anon):    1013580 kB
Inactive(anon):   124524 kB
Active(file):     569656 kB
Inactive(file):  1786272 kB
Unevictable:        5672 kB
Mlocked:            5672 kB
SwapTotal:       3670008 kB
SwapFree:        3670008 kB
Dirty:               228 kB
Writeback:             0 kB
AnonPages:       1114992 kB
Mapped:           637312 kB
Shmem:             24128 kB
KReclaimable:     437492 kB
Slab:             210108 kB
SReclaimable:      56984 kB
SUnreclaim:       153124 kB
KernelStack:       43148 kB
PageTables:        54224 kB
NFS_Unstable:          0 kB
Bounce:                0 kB
WritebackTmp:          0 kB
CommitLimit:     6660208 kB
Committed_AS:   58894512 kB
VmallocTotal:   263061440 kB
VmallocUsed:       83512 kB
VmallocChunk:          0 kB
Percpu:             7616 kB
CmaTotal:         315392 kB
CmaFree:               0 kB
MemTotal:        5980404 kB
MemFree:          567092 kB
MemAvailable:    2798100 kB
Buffers:            7244 kB
Cached:          2377464 kB
SwapCached:            0 kB
Active:          1588264 kB
Inactive:        1910812 kB
Active(anon):    1018604 kB
Inactive(anon):   124524 kB
Active(file):     569660 kB
Inactive(file):  1786288 kB
Unevictable:        5672 kB
Mlocked:            5672 kB
SwapTotal:       3670008 kB
SwapFree:        3670008 kB
Dirty:               252 kB
Writeback:             0 kB
AnonPages:       1119988 kB
Mapped:           637424 kB
Shmem:             24128 kB
KReclaimable:     437492 kB
Slab:             210100 kB
SReclaimable:      56984 kB
SUnreclaim:       153116 kB
KernelStack:       43168 kB
PageTables:        54208 kB
NFS_Unstable:          0 kB
Bounce:                0 kB
WritebackTmp:          0 kB
CommitLimit:     6660208 kB
Committed_AS:   58898792 kB
VmallocTotal:   263061440 kB
VmallocUsed:       83512 kB
VmallocChunk:          0 kB
Percpu:             7616 kB
CmaTotal:         315392 kB
CmaFree:               0 kB
MemTotal:        5980404 kB
MemFree:          566504 kB
MemAvailable:    2797512 kB
Buffers:            7244 kB
Cached:          2377464 kB
SwapCached:            0 kB
Active:          1588472 kB
Inactive:        1910812 kB
Active(anon):    1018812 kB
Inactive(anon):   124524 kB
Active(file):     569660 kB
Inactive(file):  1786288 kB
Unevictable:        5672 kB
Mlocked:            5672 kB
SwapTotal:       3670008 kB
SwapFree:        3670008 kB
Dirty:               256 kB
Writeback:             0 kB
AnonPages:       1120404 kB
Mapped:           637156 kB
Shmem:             24128 kB
KReclaimable:     437492 kB
Slab:             210116 kB
SReclaimable:      56984 kB
SUnreclaim:       153132 kB
KernelStack:       43152 kB
PageTables:        54176 kB
NFS_Unstable:          0 kB
Bounce:                0 kB
WritebackTmp:          0 kB
CommitLimit:     6660208 kB
Committed_AS:   58896076 kB
VmallocTotal:   263061440 kB
VmallocUsed:       83496 kB
VmallocChunk:          0 kB
Percpu:             7616 kB
CmaTotal:         315392 kB
CmaFree:               0 kB
MemTotal:        5980404 kB
MemFree:          566248 kB
MemAvailable:    2797256 kB
Buffers:            7244 kB
Cached:          2377464 kB
SwapCached:            0 kB
Active:          1588556 kB
Inactive:        1910812 kB
Active(anon):    1018896 kB
Inactive(anon):   124524 kB
Active(file):     569660 kB
Inactive(file):  1786288 kB
Unevictable:        5672 kB
Mlocked:            5672 kB
SwapTotal:       3670008 kB
SwapFree:        3670008 kB
Dirty:               260 kB
Writeback:             0 kB
AnonPages:       1120592 kB
Mapped:           637384 kB
Shmem:             24128 kB
KReclaimable:     437492 kB
Slab:             210104 kB
SReclaimable:      56984 kB
SUnreclaim:       153120 kB
KernelStack:       43136 kB
PageTables:        54512 kB
NFS_Unstable:          0 kB
Bounce:                0 kB
WritebackTmp:          0 kB
CommitLimit:     6660208 kB
Committed_AS:   58899528 kB
VmallocTotal:   263061440 kB
VmallocUsed:       83496 kB
VmallocChunk:          0 kB
Percpu:             7616 kB
CmaTotal:         315392 kB
CmaFree:               0 kB
MemTotal:        5980404 kB
MemFree:          565684 kB
MemAvailable:    2796692 kB
Buffers:            7244 kB
Cached:          2377464 kB
SwapCached:            0 kB
Active:          1589300 kB
Inactive:        1910812 kB
Active(anon):    1019640 kB
Inactive(anon):   124524 kB
Active(file):     569660 kB
Inactive(file):  1786288 kB
Unevictable:        5672 kB
Mlocked:            5672 kB
SwapTotal:       3670008 kB
SwapFree:        3670008 kB
Dirty:               260 kB
Writeback:             0 kB
AnonPages:       1121300 kB
Mapped:           637360 kB
Shmem:             24128 kB
KReclaimable:     437492 kB
Slab:             210112 kB
SReclaimable:      56984 kB
SUnreclaim:       153128 kB
KernelStack:       43152 kB
PageTables:        54256 kB
NFS_Unstable:          0 kB
Bounce:                0 kB
WritebackTmp:          0 kB
CommitLimit:     6660208 kB
Committed_AS:   58896944 kB
VmallocTotal:   263061440 kB
VmallocUsed:       83512 kB
VmallocChunk:          0 kB
Percpu:             7616 kB
CmaTotal:         315392 kB
CmaFree:               0 kB
MemTotal:        5980404 kB
MemFree:          564828 kB
MemAvailable:    2795836 kB
Buffers:            7244 kB
Cached:          2377464 kB
SwapCached:            0 kB
Active:          1590848 kB
Inactive:        1910812 kB
Active(anon):    1021188 kB
Inactive(anon):   124524 kB
Active(file):     569660 kB
Inactive(file):  1786288 kB
Unevictable:        5672 kB
Mlocked:            5672 kB
SwapTotal:       3670008 kB
SwapFree:        3670008 kB
Dirty:               116 kB
Writeback:             0 kB
AnonPages:       1122320 kB
Mapped:           637220 kB
Shmem:             24128 kB
KReclaimable:     437492 kB
Slab:             210072 kB
SReclaimable:      56984 kB
SUnreclaim:       153088 kB
KernelStack:       43136 kB
PageTables:        54104 kB
NFS_Unstable:          0 kB
Bounce:                0 kB
WritebackTmp:          0 kB
CommitLimit:     6660208 kB
Committed_AS:   58897828 kB
VmallocTotal:   263061440 kB
VmallocUsed:       83496 kB
VmallocChunk:          0 kB
Percpu:             7616 kB
CmaTotal:         315392 kB
CmaFree:               0 kB
MemTotal:        5980404 kB
MemFree:          563824 kB
MemAvailable:    2794832 kB
Buffers:            7244 kB
Cached:          2377464 kB
SwapCached:            0 kB
Active:          1590852 kB
Inactive:        1910812 kB
Active(anon):    1021192 kB
Inactive(anon):   124524 kB
Active(file):     569660 kB
Inactive(file):  1786288 kB
Unevictable:        5672 kB
Mlocked:            5672 kB
SwapTotal:       3670008 kB
SwapFree:        3670008 kB
Dirty:               156 kB
Writeback:             0 kB
AnonPages:       1122656 kB
Mapped:           637384 kB
Shmem:             24128 kB
KReclaimable:     437492 kB
Slab:             210128 kB
SReclaimable:      56984 kB
SUnreclaim:       153144 kB
KernelStack:       43120 kB
PageTables:        54172 kB
NFS_Unstable:          0 kB
Bounce:                0 kB
WritebackTmp:          0 kB
CommitLimit:     6660208 kB
Committed_AS:   58896508 kB
VmallocTotal:   263061440 kB
VmallocUsed:       83528 kB
VmallocChunk:          0 kB
Percpu:             7616 kB
CmaTotal:         315392 kB
CmaFree:               0 kB
MemTotal:        5980404 kB
MemFree:          563228 kB
MemAvailable:    2794252 kB
Buffers:            7248 kB
Cached:          2377476 kB
SwapCached:            0 kB
Active:          1590648 kB
Inactive:        1910828 kB
Active(anon):    1020988 kB
Inactive(anon):   124524 kB
Active(file):     569660 kB
Inactive(file):  1786304 kB
Unevictable:        5672 kB
Mlocked:            5672 kB
SwapTotal:       3670008 kB
SwapFree:        3670008 kB
Dirty:                92 kB
Writeback:             0 kB
AnonPages:       1122668 kB
Mapped:           637384 kB
Shmem:             24128 kB
KReclaimable:     437492 kB
Slab:             210108 kB
SReclaimable:      56984 kB
SUnreclaim:       153124 kB
KernelStack:       43136 kB
PageTables:        54172 kB
NFS_Unstable:          0 kB
Bounce:                0 kB
WritebackTmp:          0 kB
CommitLimit:     6660208 kB
Committed_AS:   58895696 kB
VmallocTotal:   263061440 kB
VmallocUsed:       83528 kB
VmallocChunk:          0 kB
Percpu:             7616 kB
CmaTotal:         315392 kB
CmaFree:               0 kB
MemTotal:        5980404 kB
MemFree:          562940 kB
MemAvailable:    2793968 kB
Buffers:            7248 kB
Cached:          2377480 kB
SwapCached:            0 kB
Active:          1591612 kB
Inactive:        1910828 kB
Active(anon):    1021948 kB
Inactive(anon):   124524 kB
Active(file):     569664 kB
Inactive(file):  1786304 kB
Unevictable:        5672 kB
Mlocked:            5672 kB
SwapTotal:       3670008 kB
SwapFree:        3670008 kB
Dirty:               132 kB
Writeback:             0 kB
AnonPages:       1123212 kB
Mapped:           637156 kB
Shmem:             24128 kB
KReclaimable:     437492 kB
Slab:             210140 kB
SReclaimable:      56984 kB
SUnreclaim:       153156 kB
KernelStack:       43164 kB
PageTables:        54376 kB
NFS_Unstable:          0 kB
Bounce:                0 kB
WritebackTmp:          0 kB
CommitLimit:     6660208 kB
Committed_AS:   58902624 kB
VmallocTotal:   263061440 kB
VmallocUsed:       83512 kB
VmallocChunk:          0 kB
Percpu:             7616 kB
CmaTotal:         315392 kB
CmaFree:               0 kB
MemTotal:        5980404 kB
MemFree:          562556 kB
MemAvailable:    2793584 kB
Buffers:            7248 kB
Cached:          2377480 kB
SwapCached:            0 kB
Active:          1592096 kB
Inactive:        1910828 kB
Active(anon):    1022432 kB
Inactive(anon):   124524 kB
Active(file):     569664 kB
Inactive(file):  1786304 kB
Unevictable:        5672 kB
Mlocked:            5672 kB
SwapTotal:       3670008 kB
SwapFree:        3670008 kB
Dirty:               132 kB
Writeback:             0 kB
AnonPages:       1123836 kB
Mapped:           637216 kB
Shmem:             24128 kB
KReclaimable:     437492 kB
Slab:             210100 kB
SReclaimable:      56984 kB
SUnreclaim:       153116 kB
KernelStack:       43136 kB
PageTables:        54220 kB
NFS_Unstable:          0 kB
Bounce:                0 kB
WritebackTmp:          0 kB
CommitLimit:     6660208 kB
Committed_AS:   58900408 kB
VmallocTotal:   263061440 kB
VmallocUsed:       83464 kB
VmallocChunk:          0 kB
Percpu:             7616 kB
CmaTotal:         315392 kB
CmaFree:               0 kB
MemTotal:        5980404 kB
MemFree:          562416 kB
MemAvailable:    2793444 kB
Buffers:            7248 kB
Cached:          2377480 kB
SwapCached:            0 kB
Active:          1592576 kB
Inactive:        1910828 kB
Active(anon):    1022912 kB
Inactive(anon):   124524 kB
Active(file):     569664 kB
Inactive(file):  1786304 kB
Unevictable:        5672 kB
Mlocked:            5672 kB
SwapTotal:       3670008 kB
SwapFree:        3670008 kB
Dirty:               132 kB
Writeback:             0 kB
AnonPages:       1124436 kB
Mapped:           637384 kB
Shmem:             24128 kB
KReclaimable:     437492 kB
Slab:             210116 kB
SReclaimable:      56984 kB
SUnreclaim:       153132 kB
KernelStack:       43120 kB
PageTables:        54176 kB
NFS_Unstable:          0 kB
Bounce:                0 kB
WritebackTmp:          0 kB
CommitLimit:     6660208 kB
Committed_AS:   58899680 kB
VmallocTotal:   263061440 kB
VmallocUsed:       83464 kB
VmallocChunk:          0 kB
Percpu:             7616 kB
CmaTotal:         315392 kB
CmaFree:               0 kB
MemTotal:        5980404 kB
MemFree:          561460 kB
MemAvailable:    2792488 kB
Buffers:            7248 kB
Cached:          2377480 kB
SwapCached:            0 kB
Active:          1593408 kB
Inactive:        1910828 kB
Active(anon):    1023744 kB
Inactive(anon):   124524 kB
Active(file):     569664 kB
Inactive(file):  1786304 kB
Unevictable:        5672 kB
Mlocked:            5672 kB
SwapTotal:       3670008 kB
SwapFree:        3670008 kB
Dirty:               132 kB
Writeback:             0 kB
AnonPages:       1124924 kB
Mapped:           637384 kB
Shmem:             24128 kB
KReclaimable:     437492 kB
Slab:             210108 kB
SReclaimable:      56984 kB
SUnreclaim:       153124 kB
KernelStack:       43152 kB
PageTables:        54312 kB
NFS_Unstable:          0 kB
Bounce:                0 kB
WritebackTmp:          0 kB
CommitLimit:     6660208 kB
Committed_AS:   58898776 kB
VmallocTotal:   263061440 kB
VmallocUsed:       83464 kB
VmallocChunk:          0 kB
Percpu:             7616 kB
CmaTotal:         315392 kB
CmaFree:               0 kB
MemTotal:        5980404 kB
MemFree:          562648 kB
MemAvailable:    2793660 kB
Buffers:            7248 kB
Cached:          2377464 kB
SwapCached:            0 kB
Active:          1593512 kB
Inactive:        1910816 kB
Active(anon):    1023852 kB
Inactive(anon):   124524 kB
Active(file):     569660 kB
Inactive(file):  1786292 kB
Unevictable:        5672 kB
Mlocked:            5672 kB
SwapTotal:       3670008 kB
SwapFree:        3670008 kB
Dirty:               124 kB
Writeback:             0 kB
AnonPages:       1125388 kB
Mapped:           637236 kB
Shmem:             24128 kB
KReclaimable:     437492 kB
Slab:             210140 kB
SReclaimable:      56984 kB
SUnreclaim:       153156 kB
KernelStack:       43120 kB
PageTables:        54328 kB
NFS_Unstable:          0 kB
Bounce:                0 kB
WritebackTmp:          0 kB
CommitLimit:     6660208 kB
Committed_AS:   58898072 kB
VmallocTotal:   263061440 kB
VmallocUsed:       83464 kB
VmallocChunk:          0 kB
Percpu:             7616 kB
CmaTotal:         315392 kB
CmaFree:               0 kB
MemTotal:        5980404 kB
MemFree:          561224 kB
MemAvailable:    2792252 kB
Buffers:            7248 kB
Cached:          2377480 kB
SwapCached:            0 kB
Active:          1594020 kB
Inactive:        1910828 kB
Active(anon):    1024356 kB
Inactive(anon):   124524 kB
Active(file):     569664 kB
Inactive(file):  1786304 kB
Unevictable:        5672 kB
Mlocked:            5672 kB
SwapTotal:       3670008 kB
SwapFree:        3670008 kB
Dirty:               132 kB
Writeback:             0 kB
AnonPages:       1125704 kB
Mapped:           637384 kB
Shmem:             24128 kB
KReclaimable:     437492 kB
Slab:             210096 kB
SReclaimable:      56984 kB
SUnreclaim:       153112 kB
KernelStack:       43120 kB
PageTables:        54224 kB
NFS_Unstable:          0 kB
Bounce:                0 kB
WritebackTmp:          0 kB
CommitLimit:     6660208 kB
Committed_AS:   58898648 kB
VmallocTotal:   263061440 kB
VmallocUsed:       83416 kB
VmallocChunk:          0 kB
Percpu:             7616 kB
CmaTotal:         315392 kB
CmaFree:               0 kB
MemTotal:        5980404 kB
MemFree:          560708 kB
MemAvailable:    2791752 kB
Buffers:            7248 kB
Cached:          2377480 kB
SwapCached:            0 kB
Active:          1594124 kB
Inactive:        1910828 kB
Active(anon):    1024460 kB
Inactive(anon):   124524 kB
Active(file):     569664 kB
Inactive(file):  1786304 kB
Unevictable:        5672 kB
Mlocked:            5672 kB
SwapTotal:       3670008 kB
SwapFree:        3670008 kB
Dirty:               144 kB
Writeback:             0 kB
AnonPages:       1126000 kB
Mapped:           637384 kB
Shmem:             24128 kB
KReclaimable:     437508 kB
Slab:             210144 kB
SReclaimable:      57000 kB
SUnreclaim:       153144 kB
KernelStack:       43120 kB
PageTables:        54172 kB
NFS_Unstable:          0 kB
Bounce:                0 kB
WritebackTmp:          0 kB
CommitLimit:     6660208 kB
Committed_AS:   58899080 kB
VmallocTotal:   263061440 kB
VmallocUsed:       83464 kB
VmallocChunk:          0 kB
Percpu:             7616 kB
CmaTotal:         315392 kB
CmaFree:               0 kB
MemTotal:        5980404 kB
MemFree:          560280 kB
MemAvailable:    2791316 kB
Buffers:            7248 kB
Cached:          2377488 kB
SwapCached:            0 kB
Active:          1594132 kB
Inactive:        1910832 kB
Active(anon):    1024464 kB
Inactive(anon):   124524 kB
Active(file):     569668 kB
Inactive(file):  1786308 kB
Unevictable:        5672 kB
Mlocked:            5672 kB
SwapTotal:       3670008 kB
SwapFree:        3670008 kB
Dirty:               168 kB
Writeback:             0 kB
AnonPages:       1125940 kB
Mapped:           637548 kB
Shmem:             24128 kB
KReclaimable:     437492 kB
Slab:             210120 kB
SReclaimable:      56984 kB
SUnreclaim:       153136 kB
KernelStack:       43088 kB
PageTables:        54008 kB
NFS_Unstable:          0 kB
Bounce:                0 kB
WritebackTmp:          0 kB
CommitLimit:     6660208 kB
Committed_AS:   58897028 kB
VmallocTotal:   263061440 kB
VmallocUsed:       83448 kB
VmallocChunk:          0 kB
Percpu:             7616 kB
CmaTotal:         315392 kB
CmaFree:               0 kB
MemTotal:        5980404 kB
MemFree:          562192 kB
MemAvailable:    2793236 kB
Buffers:            7248 kB
Cached:          2377496 kB
SwapCached:            0 kB
Active:          1594460 kB
Inactive:        1910844 kB
Active(anon):    1024796 kB
Inactive(anon):   124524 kB
Active(file):     569664 kB
Inactive(file):  1786320 kB
Unevictable:        5672 kB
Mlocked:            5672 kB
SwapTotal:       3670008 kB
SwapFree:        3670008 kB
Dirty:               180 kB
Writeback:             0 kB
AnonPages:       1126300 kB
Mapped:           637384 kB
Shmem:             24128 kB
KReclaimable:     437492 kB
Slab:             210128 kB
SReclaimable:      56984 kB
SUnreclaim:       153144 kB
KernelStack:       43120 kB
PageTables:        54308 kB
NFS_Unstable:          0 kB
Bounce:                0 kB
WritebackTmp:          0 kB
CommitLimit:     6660208 kB
Committed_AS:   58900132 kB
VmallocTotal:   263061440 kB
VmallocUsed:       83384 kB
VmallocChunk:          0 kB
Percpu:             7616 kB
CmaTotal:         315392 kB
CmaFree:               0 kB
MemTotal:        5980404 kB
MemFree:          560712 kB
MemAvailable:    2791752 kB
Buffers:            7248 kB
Cached:          2377492 kB
SwapCached:            0 kB
Active:          1594572 kB
Inactive:        1910844 kB
Active(anon):    1024912 kB
Inactive(anon):   124524 kB
Active(file):     569660 kB
Inactive(file):  1786320 kB
Unevictable:        5672 kB
Mlocked:            5672 kB
SwapTotal:       3670008 kB
SwapFree:        3670008 kB
Dirty:               180 kB
Writeback:             0 kB
AnonPages:       1126584 kB
Mapped:           637344 kB
Shmem:             24128 kB
KReclaimable:     437492 kB
Slab:             210136 kB
SReclaimable:      56984 kB
SUnreclaim:       153152 kB
KernelStack:       43056 kB
PageTables:        54152 kB
NFS_Unstable:          0 kB
Bounce:                0 kB
WritebackTmp:          0 kB
CommitLimit:     6660208 kB
Committed_AS:   58895404 kB
VmallocTotal:   263061440 kB
VmallocUsed:       83416 kB
VmallocChunk:          0 kB
Percpu:             7616 kB
CmaTotal:         315392 kB
CmaFree:               0 kB
MemTotal:        5980404 kB
MemFree:          559532 kB
MemAvailable:    2790572 kB
Buffers:            7248 kB
Cached:          2377492 kB
SwapCached:            0 kB
Active:          1595148 kB
Inactive:        1910840 kB
Active(anon):    1025484 kB
Inactive(anon):   124524 kB
Active(file):     569664 kB
Inactive(file):  1786316 kB
Unevictable:        5672 kB
Mlocked:            5672 kB
SwapTotal:       3670008 kB
SwapFree:        3670008 kB
Dirty:               180 kB
Writeback:             0 kB
AnonPages:       1127116 kB
Mapped:           637156 kB
Shmem:             24128 kB
KReclaimable:     437492 kB
Slab:             210096 kB
SReclaimable:      56984 kB
SUnreclaim:       153112 kB
KernelStack:       43056 kB
PageTables:        54028 kB
NFS_Unstable:          0 kB
Bounce:                0 kB
WritebackTmp:          0 kB
CommitLimit:     6660208 kB
Committed_AS:   58896216 kB
VmallocTotal:   263061440 kB
VmallocUsed:       83448 kB
VmallocChunk:          0 kB
Percpu:             7616 kB
CmaTotal:         315392 kB
CmaFree:               0 kB
MemTotal:        5980404 kB
MemFree:          558876 kB
MemAvailable:    2790152 kB
Buffers:            7248 kB
Cached:          2377752 kB
SwapCached:            0 kB
Active:          1595708 kB
Inactive:        1911076 kB
Active(anon):    1026044 kB
Inactive(anon):   124524 kB
Active(file):     569664 kB
Inactive(file):  1786552 kB
Unevictable:        5672 kB
Mlocked:            5672 kB
SwapTotal:       3670008 kB
SwapFree:        3670008 kB
Dirty:               180 kB
Writeback:             0 kB
AnonPages:       1127204 kB
Mapped:           637428 kB
Shmem:             24128 kB
KReclaimable:     437492 kB
Slab:             210136 kB
SReclaimable:      56984 kB
SUnreclaim:       153152 kB
KernelStack:       43072 kB
PageTables:        54168 kB
NFS_Unstable:          0 kB
Bounce:                0 kB
WritebackTmp:          0 kB
CommitLimit:     6660208 kB
Committed_AS:   58896504 kB
VmallocTotal:   263061440 kB
VmallocUsed:       83432 kB
VmallocChunk:          0 kB
Percpu:             7616 kB
CmaTotal:         315392 kB
CmaFree:               0 kB
MemTotal:        5980404 kB
MemFree:          571396 kB
MemAvailable:    2802716 kB
Buffers:            7248 kB
Cached:          2377772 kB
SwapCached:            0 kB
Active:          1582868 kB
Inactive:        1911088 kB
Active(anon):    1013172 kB
Inactive(anon):   124524 kB
Active(file):     569696 kB
Inactive(file):  1786564 kB
Unevictable:        5672 kB
Mlocked:            5672 kB
SwapTotal:       3670008 kB
SwapFree:        3670008 kB
Dirty:               184 kB
Writeback:             0 kB
AnonPages:       1114728 kB
Mapped:           637472 kB
Shmem:             24128 kB
KReclaimable:     437492 kB
Slab:             210152 kB
SReclaimable:      56984 kB
SUnreclaim:       153168 kB
KernelStack:       43088 kB
PageTables:        54304 kB
NFS_Unstable:          0 kB
Bounce:                0 kB
WritebackTmp:          0 kB
CommitLimit:     6660208 kB
Committed_AS:   58897612 kB
VmallocTotal:   263061440 kB
VmallocUsed:       83432 kB
VmallocChunk:          0 kB
Percpu:             7616 kB
CmaTotal:         315392 kB
CmaFree:               0 kB
MemTotal:        5980404 kB
MemFree:          571508 kB
MemAvailable:    2802804 kB
Buffers:            7248 kB
Cached:          2377748 kB
SwapCached:            0 kB
Active:          1583376 kB
Inactive:        1911072 kB
Active(anon):    1013688 kB
Inactive(anon):   124524 kB
Active(file):     569688 kB
Inactive(file):  1786548 kB
Unevictable:        5672 kB
Mlocked:            5672 kB
SwapTotal:       3670008 kB
SwapFree:        3670008 kB
Dirty:               176 kB
Writeback:             0 kB
AnonPages:       1115188 kB
Mapped:           637284 kB
Shmem:             24128 kB
KReclaimable:     437492 kB
Slab:             210124 kB
SReclaimable:      56984 kB
SUnreclaim:       153140 kB
KernelStack:       43088 kB
PageTables:        54192 kB
NFS_Unstable:          0 kB
Bounce:                0 kB
WritebackTmp:          0 kB
CommitLimit:     6660208 kB
Committed_AS:   58893652 kB
VmallocTotal:   263061440 kB
VmallocUsed:       83432 kB
VmallocChunk:          0 kB
Percpu:             7616 kB
CmaTotal:         315392 kB
CmaFree:               0 kB
MemTotal:        5980404 kB
MemFree:          570648 kB
MemAvailable:    2801972 kB
Buffers:            7252 kB
Cached:          2377772 kB
SwapCached:            0 kB
Active:          1583436 kB
Inactive:        1911096 kB
Active(anon):    1013744 kB
Inactive(anon):   124524 kB
Active(file):     569692 kB
Inactive(file):  1786572 kB
Unevictable:        5672 kB
Mlocked:            5672 kB
SwapTotal:       3670008 kB
SwapFree:        3670008 kB
Dirty:               156 kB
Writeback:             4 kB
AnonPages:       1115384 kB
Mapped:           637292 kB
Shmem:             24128 kB
KReclaimable:     437492 kB
Slab:             210152 kB
SReclaimable:      56984 kB
SUnreclaim:       153168 kB
KernelStack:       43072 kB
PageTables:        54148 kB
NFS_Unstable:          0 kB
Bounce:                0 kB
WritebackTmp:          0 kB
CommitLimit:     6660208 kB
Committed_AS:   58895592 kB
VmallocTotal:   263061440 kB
VmallocUsed:       83432 kB
VmallocChunk:          0 kB
Percpu:             7616 kB
CmaTotal:         315392 kB
CmaFree:               0 kB
MemTotal:        5980404 kB
MemFree:          569640 kB
MemAvailable:    2800968 kB
Buffers:            7252 kB
Cached:          2377776 kB
SwapCached:            0 kB
Active:          1583820 kB
Inactive:        1911096 kB
Active(anon):    1014124 kB
Inactive(anon):   124524 kB
Active(file):     569696 kB
Inactive(file):  1786572 kB
Unevictable:        5672 kB
Mlocked:            5672 kB
SwapTotal:       3670008 kB
SwapFree:        3670008 kB
Dirty:               156 kB
Writeback:             0 kB
AnonPages:       1115504 kB
Mapped:           637244 kB
Shmem:             24128 kB
KReclaimable:     437492 kB
Slab:             210176 kB
SReclaimable:      56984 kB
SUnreclaim:       153192 kB
KernelStack:       43056 kB
PageTables:        54172 kB
NFS_Unstable:          0 kB
Bounce:                0 kB
WritebackTmp:          0 kB
CommitLimit:     6660208 kB
Committed_AS:   58891964 kB
VmallocTotal:   263061440 kB
VmallocUsed:       83416 kB
VmallocChunk:          0 kB
Percpu:             7616 kB
CmaTotal:         315392 kB
CmaFree:               0 kB
MemTotal:        5980404 kB
MemFree:          569512 kB
MemAvailable:    2800840 kB
Buffers:            7252 kB
Cached:          2377776 kB
SwapCached:            0 kB
Active:          1584332 kB
Inactive:        1911096 kB
Active(anon):    1014636 kB
Inactive(anon):   124524 kB
Active(file):     569696 kB
Inactive(file):  1786572 kB
Unevictable:        5672 kB
Mlocked:            5672 kB
SwapTotal:       3670008 kB
SwapFree:        3670008 kB
Dirty:               160 kB
Writeback:             0 kB
AnonPages:       1116292 kB
Mapped:           637284 kB
Shmem:             24128 kB
KReclaimable:     437492 kB
Slab:             210152 kB
SReclaimable:      56984 kB
SUnreclaim:       153168 kB
KernelStack:       43120 kB
PageTables:        54316 kB
NFS_Unstable:          0 kB
Bounce:                0 kB
WritebackTmp:          0 kB
CommitLimit:     6660208 kB
Committed_AS:   58890636 kB
VmallocTotal:   263061440 kB
VmallocUsed:       83400 kB
VmallocChunk:          0 kB
Percpu:             7616 kB
CmaTotal:         315392 kB
CmaFree:               0 kB
MemTotal:        5980404 kB
MemFree:          571108 kB
MemAvailable:    2802436 kB
Buffers:            7252 kB
Cached:          2377800 kB
SwapCached:            0 kB
Active:          1583716 kB
Inactive:        1911120 kB
Active(anon):    1014020 kB
Inactive(anon):   124548 kB
Active(file):     569696 kB
Inactive(file):  1786572 kB
Unevictable:        5672 kB
Mlocked:            5672 kB
SwapTotal:       3670008 kB
SwapFree:        3670008 kB
Dirty:               168 kB
Writeback:             0 kB
AnonPages:       1115260 kB
Mapped:           637496 kB
Shmem:             24152 kB
KReclaimable:     437492 kB
Slab:             210156 kB
SReclaimable:      56984 kB
SUnreclaim:       153172 kB
KernelStack:       43120 kB
PageTables:        54108 kB
NFS_Unstable:          0 kB
Bounce:                0 kB
WritebackTmp:          0 kB
CommitLimit:     6660208 kB
Committed_AS:   58893412 kB
VmallocTotal:   263061440 kB
VmallocUsed:       83448 kB
VmallocChunk:          0 kB
Percpu:             7616 kB
CmaTotal:         315392 kB
CmaFree:             152 kB
MemTotal:        5980404 kB
MemFree:          570788 kB
MemAvailable:    2802116 kB
Buffers:            7252 kB
Cached:          2377800 kB
SwapCached:            0 kB
Active:          1583952 kB
Inactive:        1911120 kB
Active(anon):    1014256 kB
Inactive(anon):   124548 kB
Active(file):     569696 kB
Inactive(file):  1786572 kB
Unevictable:        5672 kB
Mlocked:            5672 kB
SwapTotal:       3670008 kB
SwapFree:        3670008 kB
Dirty:               168 kB
Writeback:             0 kB
AnonPages:       1115800 kB
Mapped:           637268 kB
Shmem:             24152 kB
KReclaimable:     437492 kB
Slab:             210148 kB
SReclaimable:      56984 kB
SUnreclaim:       153164 kB
KernelStack:       43104 kB
PageTables:        54308 kB
NFS_Unstable:          0 kB
Bounce:                0 kB
WritebackTmp:          0 kB
CommitLimit:     6660208 kB
Committed_AS:   58892380 kB
VmallocTotal:   263061440 kB
VmallocUsed:       83464 kB
VmallocChunk:          0 kB
Percpu:             7616 kB
CmaTotal:         315392 kB
CmaFree:               0 kB
MemTotal:        5980404 kB
MemFree:          570236 kB
MemAvailable:    2801564 kB
Buffers:            7252 kB
Cached:          2377800 kB
SwapCached:            0 kB
Active:          1584452 kB
Inactive:        1911120 kB
Active(anon):    1014756 kB
Inactive(anon):   124548 kB
Active(file):     569696 kB
Inactive(file):  1786572 kB
Unevictable:        5672 kB
Mlocked:            5672 kB
SwapTotal:       3670008 kB
SwapFree:        3670008 kB
Dirty:               164 kB
Writeback:             0 kB
AnonPages:       1116424 kB
Mapped:           637496 kB
Shmem:             24152 kB
KReclaimable:     437492 kB
Slab:             210152 kB
SReclaimable:      56984 kB
SUnreclaim:       153168 kB
KernelStack:       43152 kB
PageTables:        54592 kB
NFS_Unstable:          0 kB
Bounce:                0 kB
WritebackTmp:          0 kB
CommitLimit:     6660208 kB
Committed_AS:   58892224 kB
VmallocTotal:   263061440 kB
VmallocUsed:       83496 kB
VmallocChunk:          0 kB
Percpu:             7616 kB
CmaTotal:         315392 kB
CmaFree:               0 kB
MemTotal:        5980404 kB
MemFree:          570972 kB
MemAvailable:    2802300 kB
Buffers:            7252 kB
Cached:          2377800 kB
SwapCached:            0 kB
Active:          1584840 kB
Inactive:        1911120 kB
Active(anon):    1015144 kB
Inactive(anon):   124548 kB
Active(file):     569696 kB
Inactive(file):  1786572 kB
Unevictable:        5672 kB
Mlocked:            5672 kB
SwapTotal:       3670008 kB
SwapFree:        3670008 kB
Dirty:               168 kB
Writeback:             0 kB
AnonPages:       1116624 kB
Mapped:           637332 kB
Shmem:             24152 kB
KReclaimable:     437492 kB
Slab:             210152 kB
SReclaimable:      56984 kB
SUnreclaim:       153168 kB
KernelStack:       43084 kB
PageTables:        54104 kB
NFS_Unstable:          0 kB
Bounce:                0 kB
WritebackTmp:          0 kB
CommitLimit:     6660208 kB
Committed_AS:   58892380 kB
VmallocTotal:   263061440 kB
VmallocUsed:       83512 kB
VmallocChunk:          0 kB
Percpu:             7616 kB
CmaTotal:         315392 kB
CmaFree:               0 kB
MemTotal:        5980404 kB
MemFree:          570128 kB
MemAvailable:    2801456 kB
Buffers:            7252 kB
Cached:          2377800 kB
SwapCached:            0 kB
Active:          1585568 kB
Inactive:        1911120 kB
Active(anon):    1015872 kB
Inactive(anon):   124548 kB
Active(file):     569696 kB
Inactive(file):  1786572 kB
Unevictable:        5672 kB
Mlocked:            5672 kB
SwapTotal:       3670008 kB
SwapFree:        3670008 kB
Dirty:               168 kB
Writeback:             0 kB
AnonPages:       1117144 kB
Mapped:           637396 kB
Shmem:             24152 kB
KReclaimable:     437492 kB
Slab:             210164 kB
SReclaimable:      56984 kB
SUnreclaim:       153180 kB
KernelStack:       43088 kB
PageTables:        53940 kB
NFS_Unstable:          0 kB
Bounce:                0 kB
WritebackTmp:          0 kB
CommitLimit:     6660208 kB
Committed_AS:   58896800 kB
VmallocTotal:   263061440 kB
VmallocUsed:       83480 kB
VmallocChunk:          0 kB
Percpu:             7616 kB
CmaTotal:         315392 kB
CmaFree:               0 kB
MemTotal:        5980404 kB
MemFree:          569840 kB
MemAvailable:    2801168 kB
Buffers:            7252 kB
Cached:          2377800 kB
SwapCached:            0 kB
Active:          1586064 kB
Inactive:        1911120 kB
Active(anon):    1016368 kB
Inactive(anon):   124548 kB
Active(file):     569696 kB
Inactive(file):  1786572 kB
Unevictable:        5672 kB
Mlocked:            5672 kB
SwapTotal:       3670008 kB
SwapFree:        3670008 kB
Dirty:               168 kB
Writeback:             0 kB
AnonPages:       1117676 kB
Mapped:           637328 kB
Shmem:             24152 kB
KReclaimable:     437492 kB
Slab:             210156 kB
SReclaimable:      56984 kB
SUnreclaim:       153172 kB
KernelStack:       43152 kB
PageTables:        54224 kB
NFS_Unstable:          0 kB
Bounce:                0 kB
WritebackTmp:          0 kB
CommitLimit:     6660208 kB
Committed_AS:   58895552 kB
VmallocTotal:   263061440 kB
VmallocUsed:       83512 kB
VmallocChunk:          0 kB
Percpu:             7616 kB
CmaTotal:         315392 kB
CmaFree:               0 kB
MemTotal:        5980404 kB
MemFree:          567972 kB
MemAvailable:    2799304 kB
Buffers:            7252 kB
Cached:          2377804 kB
SwapCached:            0 kB
Active:          1585832 kB
Inactive:        1911124 kB
Active(anon):    1016136 kB
Inactive(anon):   124548 kB
Active(file):     569696 kB
Inactive(file):  1786576 kB
Unevictable:        5672 kB
Mlocked:            5672 kB
SwapTotal:       3670008 kB
SwapFree:        3670008 kB
Dirty:               188 kB
Writeback:             0 kB
AnonPages:       1117912 kB
Mapped:           637284 kB
Shmem:             24152 kB
KReclaimable:     437492 kB
Slab:             210168 kB
SReclaimable:      56984 kB
SUnreclaim:       153184 kB
KernelStack:       43104 kB
PageTables:        54220 kB
NFS_Unstable:          0 kB
Bounce:                0 kB
WritebackTmp:          0 kB
CommitLimit:     6660208 kB
Committed_AS:   58899232 kB
VmallocTotal:   263061440 kB
VmallocUsed:       83496 kB
VmallocChunk:          0 kB
Percpu:             7616 kB
CmaTotal:         315392 kB
CmaFree:               0 kB
MemTotal:        5980404 kB
MemFree:          567148 kB
MemAvailable:    2798480 kB
Buffers:            7252 kB
Cached:          2377804 kB
SwapCached:            0 kB
Active:          1587160 kB
Inactive:        1911124 kB
Active(anon):    1017464 kB
Inactive(anon):   124548 kB
Active(file):     569696 kB
Inactive(file):  1786576 kB
Unevictable:        5672 kB
Mlocked:            5672 kB
SwapTotal:       3670008 kB
SwapFree:        3670008 kB
Dirty:               188 kB
Writeback:             0 kB
AnonPages:       1118940 kB
Mapped:           637328 kB
Shmem:             24152 kB
KReclaimable:     437492 kB
Slab:             210168 kB
SReclaimable:      56984 kB
SUnreclaim:       153184 kB
KernelStack:       43232 kB
PageTables:        54368 kB
NFS_Unstable:          0 kB
Bounce:                0 kB
WritebackTmp:          0 kB
CommitLimit:     6660208 kB
Committed_AS:   58899392 kB
VmallocTotal:   263061440 kB
VmallocUsed:       83576 kB
VmallocChunk:          0 kB
Percpu:             7616 kB
CmaTotal:         315392 kB
CmaFree:               0 kB
MemTotal:        5980404 kB
MemFree:          567452 kB
MemAvailable:    2798784 kB
Buffers:            7252 kB
Cached:          2377804 kB
SwapCached:            0 kB
Active:          1587380 kB
Inactive:        1911124 kB
Active(anon):    1017684 kB
Inactive(anon):   124548 kB
Active(file):     569696 kB
Inactive(file):  1786576 kB
Unevictable:        5672 kB
Mlocked:            5672 kB
SwapTotal:       3670008 kB
SwapFree:        3670008 kB
Dirty:               192 kB
Writeback:             0 kB
AnonPages:       1119348 kB
Mapped:           637308 kB
Shmem:             24152 kB
KReclaimable:     437492 kB
Slab:             210172 kB
SReclaimable:      56984 kB
SUnreclaim:       153188 kB
KernelStack:       43184 kB
PageTables:        54052 kB
NFS_Unstable:          0 kB
Bounce:                0 kB
WritebackTmp:          0 kB
CommitLimit:     6660208 kB
Committed_AS:   58896668 kB
VmallocTotal:   263061440 kB
VmallocUsed:       83528 kB
VmallocChunk:          0 kB
Percpu:             7616 kB
CmaTotal:         315392 kB
CmaFree:               0 kB
MemTotal:        5980404 kB
MemFree:          567688 kB
MemAvailable:    2799020 kB
Buffers:            7252 kB
Cached:          2377804 kB
SwapCached:            0 kB
Active:          1587788 kB
Inactive:        1911124 kB
Active(anon):    1018092 kB
Inactive(anon):   124548 kB
Active(file):     569696 kB
Inactive(file):  1786576 kB
Unevictable:        5672 kB
Mlocked:            5672 kB
SwapTotal:       3670008 kB
SwapFree:        3670008 kB
Dirty:               192 kB
Writeback:             0 kB
AnonPages:       1119584 kB
Mapped:           637496 kB
Shmem:             24152 kB
KReclaimable:     437492 kB
Slab:             210172 kB
SReclaimable:      56984 kB
SUnreclaim:       153188 kB
KernelStack:       43152 kB
PageTables:        54084 kB
NFS_Unstable:          0 kB
Bounce:                0 kB
WritebackTmp:          0 kB
CommitLimit:     6660208 kB
Committed_AS:   58897820 kB
VmallocTotal:   263061440 kB
VmallocUsed:       83544 kB
VmallocChunk:          0 kB
Percpu:             7616 kB
CmaTotal:         315392 kB
CmaFree:               0 kB
MemTotal:        5980404 kB
MemFree:          567828 kB
MemAvailable:    2799160 kB
Buffers:            7252 kB
Cached:          2377804 kB
SwapCached:            0 kB
Active:          1587168 kB
Inactive:        1911124 kB
Active(anon):    1017472 kB
Inactive(anon):   124548 kB
Active(file):     569696 kB
Inactive(file):  1786576 kB
Unevictable:        5672 kB
Mlocked:            5672 kB
SwapTotal:       3670008 kB
SwapFree:        3670008 kB
Dirty:               256 kB
Writeback:             0 kB
AnonPages:       1118764 kB
Mapped:           637388 kB
Shmem:             24152 kB
KReclaimable:     437492 kB
Slab:             210172 kB
SReclaimable:      56984 kB
SUnreclaim:       153188 kB
KernelStack:       43200 kB
PageTables:        53940 kB
NFS_Unstable:          0 kB
Bounce:                0 kB
WritebackTmp:          0 kB
CommitLimit:     6660208 kB
Committed_AS:   58896972 kB
VmallocTotal:   263061440 kB
VmallocUsed:       83544 kB
VmallocChunk:          0 kB
Percpu:             7616 kB
CmaTotal:         315392 kB
CmaFree:              72 kB
MemTotal:        5980404 kB
MemFree:          567712 kB
MemAvailable:    2799048 kB
Buffers:            7252 kB
Cached:          2377808 kB
SwapCached:            0 kB
Active:          1587664 kB
Inactive:        1911128 kB
Active(anon):    1017968 kB
Inactive(anon):   124548 kB
Active(file):     569696 kB
Inactive(file):  1786580 kB
Unevictable:        5672 kB
Mlocked:            5672 kB
SwapTotal:       3670008 kB
SwapFree:        3670008 kB
Dirty:               260 kB
Writeback:             0 kB
AnonPages:       1119348 kB
Mapped:           637496 kB
Shmem:             24152 kB
KReclaimable:     437492 kB
Slab:             210172 kB
SReclaimable:      56984 kB
SUnreclaim:       153188 kB
KernelStack:       43200 kB
PageTables:        54184 kB
NFS_Unstable:          0 kB
Bounce:                0 kB
WritebackTmp:          0 kB
CommitLimit:     6660208 kB
Committed_AS:   58896312 kB
VmallocTotal:   263061440 kB
VmallocUsed:       83528 kB
VmallocChunk:          0 kB
Percpu:             7616 kB
CmaTotal:         315392 kB
CmaFree:               0 kB
MemTotal:        5980404 kB
MemFree:          565556 kB
MemAvailable:    2796908 kB
Buffers:            7256 kB
Cached:          2377820 kB
SwapCached:            0 kB
Active:          1587972 kB
Inactive:        1911140 kB
Active(anon):    1018272 kB
Inactive(anon):   124548 kB
Active(file):     569700 kB
Inactive(file):  1786592 kB
Unevictable:        5672 kB
Mlocked:            5672 kB
SwapTotal:       3670008 kB
SwapFree:        3670008 kB
Dirty:               256 kB
Writeback:            36 kB
AnonPages:       1119484 kB
Mapped:           637268 kB
Shmem:             24152 kB
KReclaimable:     437492 kB
Slab:             210188 kB
SReclaimable:      56984 kB
SUnreclaim:       153204 kB
KernelStack:       43216 kB
PageTables:        54548 kB
NFS_Unstable:          0 kB
Bounce:                0 kB
WritebackTmp:          0 kB
CommitLimit:     6660208 kB
Committed_AS:   58895036 kB
VmallocTotal:   263061440 kB
VmallocUsed:       83512 kB
VmallocChunk:          0 kB
Percpu:             7616 kB
CmaTotal:         315392 kB
CmaFree:               0 kB
MemTotal:        5980404 kB
MemFree:          566764 kB
MemAvailable:    2798120 kB
Buffers:            7256 kB
Cached:          2377824 kB
SwapCached:            0 kB
Active:          1588260 kB
Inactive:        1911144 kB
Active(anon):    1018560 kB
Inactive(anon):   124548 kB
Active(file):     569700 kB
Inactive(file):  1786596 kB
Unevictable:        5672 kB
Mlocked:            5672 kB
SwapTotal:       3670008 kB
SwapFree:        3670008 kB
Dirty:               244 kB
Writeback:             0 kB
AnonPages:       1119936 kB
Mapped:           637496 kB
Shmem:             24152 kB
KReclaimable:     437492 kB
Slab:             210160 kB
SReclaimable:      56984 kB
SUnreclaim:       153176 kB
KernelStack:       43184 kB
PageTables:        54172 kB
NFS_Unstable:          0 kB
Bounce:                0 kB
WritebackTmp:          0 kB
CommitLimit:     6660208 kB
Committed_AS:   58896404 kB
VmallocTotal:   263061440 kB
VmallocUsed:       83544 kB
VmallocChunk:          0 kB
Percpu:             7616 kB
CmaTotal:         315392 kB
CmaFree:               0 kB
MemTotal:        5980404 kB
MemFree:          565672 kB
MemAvailable:    2797028 kB
Buffers:            7256 kB
Cached:          2377824 kB
SwapCached:            0 kB
Active:          1587912 kB
Inactive:        1911144 kB
Active(anon):    1018212 kB
Inactive(anon):   124548 kB
Active(file):     569700 kB
Inactive(file):  1786596 kB
Unevictable:        5672 kB
Mlocked:            5672 kB
SwapTotal:       3670008 kB
SwapFree:        3670008 kB
Dirty:               244 kB
Writeback:             0 kB
AnonPages:       1119816 kB
Mapped:           637268 kB
Shmem:             24152 kB
KReclaimable:     437492 kB
Slab:             210184 kB
SReclaimable:      56984 kB
SUnreclaim:       153200 kB
KernelStack:       43216 kB
PageTables:        54168 kB
NFS_Unstable:          0 kB
Bounce:                0 kB
WritebackTmp:          0 kB
CommitLimit:     6660208 kB
Committed_AS:   58894556 kB
VmallocTotal:   263061440 kB
VmallocUsed:       83528 kB
VmallocChunk:          0 kB
Percpu:             7616 kB
CmaTotal:         315392 kB
CmaFree:               0 kB
MemTotal:        5980404 kB
MemFree:          566020 kB
MemAvailable:    2797372 kB
Buffers:            7256 kB
Cached:          2377820 kB
SwapCached:            0 kB
Active:          1588736 kB
Inactive:        1911144 kB
Active(anon):    1019040 kB
Inactive(anon):   124548 kB
Active(file):     569696 kB
Inactive(file):  1786596 kB
Unevictable:        5672 kB
Mlocked:            5672 kB
SwapTotal:       3670008 kB
SwapFree:        3670008 kB
Dirty:                92 kB
Writeback:             0 kB
AnonPages:       1120488 kB
Mapped:           637496 kB
Shmem:             24152 kB
KReclaimable:     437492 kB
Slab:             210168 kB
SReclaimable:      56984 kB
SUnreclaim:       153184 kB
KernelStack:       43184 kB
PageTables:        54088 kB
NFS_Unstable:          0 kB
Bounce:                0 kB
WritebackTmp:          0 kB
CommitLimit:     6660208 kB
Committed_AS:   58897908 kB
VmallocTotal:   263061440 kB
VmallocUsed:       83512 kB
VmallocChunk:          0 kB
Percpu:             7616 kB
CmaTotal:         315392 kB
CmaFree:               0 kB
MemTotal:        5980404 kB
MemFree:          566784 kB
MemAvailable:    2798144 kB
Buffers:            7256 kB
Cached:          2377828 kB
SwapCached:            0 kB
Active:          1589420 kB
Inactive:        1911148 kB
Active(anon):    1019720 kB
Inactive(anon):   124548 kB
Active(file):     569700 kB
Inactive(file):  1786600 kB
Unevictable:        5672 kB
Mlocked:            5672 kB
SwapTotal:       3670008 kB
SwapFree:        3670008 kB
Dirty:               124 kB
Writeback:             0 kB
AnonPages:       1121360 kB
Mapped:           637496 kB
Shmem:             24152 kB
KReclaimable:     437492 kB
Slab:             210168 kB
SReclaimable:      56984 kB
SUnreclaim:       153184 kB
KernelStack:       43216 kB
PageTables:        54224 kB
NFS_Unstable:          0 kB
Bounce:                0 kB
WritebackTmp:          0 kB
CommitLimit:     6660208 kB
Committed_AS:   58898676 kB
VmallocTotal:   263061440 kB
VmallocUsed:       83496 kB
VmallocChunk:          0 kB
Percpu:             7616 kB
CmaTotal:         315392 kB
CmaFree:               0 kB
MemTotal:        5980404 kB
MemFree:          566064 kB
MemAvailable:    2797424 kB
Buffers:            7256 kB
Cached:          2377828 kB
SwapCached:            0 kB
Active:          1589176 kB
Inactive:        1911148 kB
Active(anon):    1019476 kB
Inactive(anon):   124548 kB
Active(file):     569700 kB
Inactive(file):  1786600 kB
Unevictable:        5672 kB
Mlocked:            5672 kB
SwapTotal:       3670008 kB
SwapFree:        3670008 kB
Dirty:               132 kB
Writeback:             0 kB
AnonPages:       1121120 kB
Mapped:           637428 kB
Shmem:             24152 kB
KReclaimable:     437492 kB
Slab:             210160 kB
SReclaimable:      56984 kB
SUnreclaim:       153176 kB
KernelStack:       43216 kB
PageTables:        54256 kB
NFS_Unstable:          0 kB
Bounce:                0 kB
WritebackTmp:          0 kB
CommitLimit:     6660208 kB
Committed_AS:   58898992 kB
VmallocTotal:   263061440 kB
VmallocUsed:       83560 kB
VmallocChunk:          0 kB
Percpu:             7616 kB
CmaTotal:         315392 kB
CmaFree:               0 kB
MemTotal:        5980404 kB
MemFree:          565368 kB
MemAvailable:    2796728 kB
Buffers:            7256 kB
Cached:          2377828 kB
SwapCached:            0 kB
Active:          1590152 kB
Inactive:        1911148 kB
Active(anon):    1020452 kB
Inactive(anon):   124548 kB
Active(file):     569700 kB
Inactive(file):  1786600 kB
Unevictable:        5672 kB
Mlocked:            5672 kB
SwapTotal:       3670008 kB
SwapFree:        3670008 kB
Dirty:               132 kB
Writeback:             0 kB
AnonPages:       1121748 kB
Mapped:           637504 kB
Shmem:             24152 kB
KReclaimable:     437492 kB
Slab:             210168 kB
SReclaimable:      56984 kB
SUnreclaim:       153184 kB
KernelStack:       43232 kB
PageTables:        54232 kB
NFS_Unstable:          0 kB
Bounce:                0 kB
WritebackTmp:          0 kB
CommitLimit:     6660208 kB
Committed_AS:   58896568 kB
VmallocTotal:   263061440 kB
VmallocUsed:       83512 kB
VmallocChunk:          0 kB
Percpu:             7616 kB
CmaTotal:         315392 kB
CmaFree:               0 kB
MemTotal:        5980404 kB
MemFree:          563992 kB
MemAvailable:    2795352 kB
Buffers:            7256 kB
Cached:          2377828 kB
SwapCached:            0 kB
Active:          1590220 kB
Inactive:        1911148 kB
Active(anon):    1020520 kB
Inactive(anon):   124548 kB
Active(file):     569700 kB
Inactive(file):  1786600 kB
Unevictable:        5672 kB
Mlocked:            5672 kB
SwapTotal:       3670008 kB
SwapFree:        3670008 kB
Dirty:               132 kB
Writeback:             0 kB
AnonPages:       1121872 kB
Mapped:           637496 kB
Shmem:             24152 kB
KReclaimable:     437492 kB
Slab:             210160 kB
SReclaimable:      56984 kB
SUnreclaim:       153176 kB
KernelStack:       43200 kB
PageTables:        54172 kB
NFS_Unstable:          0 kB
Bounce:                0 kB
WritebackTmp:          0 kB
CommitLimit:     6660208 kB
Committed_AS:   58899288 kB
VmallocTotal:   263061440 kB
VmallocUsed:       83496 kB
VmallocChunk:          0 kB
Percpu:             7616 kB
CmaTotal:         315392 kB
CmaFree:               0 kB
MemTotal:        5980404 kB
MemFree:          564104 kB
MemAvailable:    2795472 kB
Buffers:            7256 kB
Cached:          2377844 kB
SwapCached:            0 kB
Active:          1591232 kB
Inactive:        1911160 kB
Active(anon):    1021528 kB
Inactive(anon):   124556 kB
Active(file):     569704 kB
Inactive(file):  1786604 kB
Unevictable:        5672 kB
Mlocked:            5672 kB
SwapTotal:       3670008 kB
SwapFree:        3670008 kB
Dirty:               136 kB
Writeback:             0 kB
AnonPages:       1122872 kB
Mapped:           637544 kB
Shmem:             24160 kB
KReclaimable:     437492 kB
Slab:             210176 kB
SReclaimable:      56984 kB
SUnreclaim:       153192 kB
KernelStack:       43216 kB
PageTables:        54204 kB
NFS_Unstable:          0 kB
Bounce:                0 kB
WritebackTmp:          0 kB
CommitLimit:     6660208 kB
Committed_AS:   58896592 kB
VmallocTotal:   263061440 kB
VmallocUsed:       83544 kB
VmallocChunk:          0 kB
Percpu:             7616 kB
CmaTotal:         315392 kB
CmaFree:               0 kB
MemTotal:        5980404 kB
MemFree:          562216 kB
MemAvailable:    2793576 kB
Buffers:            7256 kB
Cached:          2377836 kB
SwapCached:            0 kB
Active:          1591528 kB
Inactive:        1911156 kB
Active(anon):    1021828 kB
Inactive(anon):   124556 kB
Active(file):     569700 kB
Inactive(file):  1786600 kB
Unevictable:        5672 kB
Mlocked:            5672 kB
SwapTotal:       3670008 kB
SwapFree:        3670008 kB
Dirty:               140 kB
Writeback:             0 kB
AnonPages:       1123176 kB
Mapped:           637400 kB
Shmem:             24160 kB
KReclaimable:     437492 kB
Slab:             210168 kB
SReclaimable:      56984 kB
SUnreclaim:       153184 kB
KernelStack:       43216 kB
PageTables:        54244 kB
NFS_Unstable:          0 kB
Bounce:                0 kB
WritebackTmp:          0 kB
CommitLimit:     6660208 kB
Committed_AS:   58898884 kB
VmallocTotal:   263061440 kB
VmallocUsed:       83560 kB
VmallocChunk:          0 kB
Percpu:             7616 kB
CmaTotal:         315392 kB
CmaFree:               0 kB
MemTotal:        5980404 kB
MemFree:          562312 kB
MemAvailable:    2793688 kB
Buffers:            7256 kB
Cached:          2377852 kB
SwapCached:            0 kB
Active:          1592180 kB
Inactive:        1911168 kB
Active(anon):    1022476 kB
Inactive(anon):   124556 kB
Active(file):     569704 kB
Inactive(file):  1786612 kB
Unevictable:        5672 kB
Mlocked:            5672 kB
SwapTotal:       3670008 kB
SwapFree:        3670008 kB
Dirty:               160 kB
Writeback:             0 kB
AnonPages:       1124096 kB
Mapped:           637340 kB
Shmem:             24160 kB
KReclaimable:     437492 kB
Slab:             210184 kB
SReclaimable:      56984 kB
SUnreclaim:       153200 kB
KernelStack:       43248 kB
PageTables:        54336 kB
NFS_Unstable:          0 kB
Bounce:                0 kB
WritebackTmp:          0 kB
CommitLimit:     6660208 kB
Committed_AS:   58899896 kB
VmallocTotal:   263061440 kB
VmallocUsed:       83592 kB
VmallocChunk:          0 kB
Percpu:             7616 kB
CmaTotal:         315392 kB
CmaFree:               0 kB
MemTotal:        5980404 kB
MemFree:          562616 kB
MemAvailable:    2793976 kB
Buffers:            7256 kB
Cached:          2377836 kB
SwapCached:            0 kB
Active:          1592212 kB
Inactive:        1911156 kB
Active(anon):    1022512 kB
Inactive(anon):   124556 kB
Active(file):     569700 kB
Inactive(file):  1786600 kB
Unevictable:        5672 kB
Mlocked:            5672 kB
SwapTotal:       3670008 kB
SwapFree:        3670008 kB
Dirty:               152 kB
Writeback:             0 kB
AnonPages:       1123932 kB
Mapped:           637316 kB
Shmem:             24160 kB
KReclaimable:     437492 kB
Slab:             210180 kB
SReclaimable:      56984 kB
SUnreclaim:       153196 kB
KernelStack:       43200 kB
PageTables:        54068 kB
NFS_Unstable:          0 kB
Bounce:                0 kB
WritebackTmp:          0 kB
CommitLimit:     6660208 kB
Committed_AS:   58896748 kB
VmallocTotal:   263061440 kB
VmallocUsed:       83560 kB
VmallocChunk:          0 kB
Percpu:             7616 kB
CmaTotal:         315392 kB
CmaFree:               0 kB
MemTotal:        5980404 kB
MemFree:          563040 kB
MemAvailable:    2794400 kB
Buffers:            7256 kB
Cached:          2377836 kB
SwapCached:            0 kB
Active:          1592348 kB
Inactive:        1911156 kB
Active(anon):    1022648 kB
Inactive(anon):   124556 kB
Active(file):     569700 kB
Inactive(file):  1786600 kB
Unevictable:        5672 kB
Mlocked:            5672 kB
SwapTotal:       3670008 kB
SwapFree:        3670008 kB
Dirty:               156 kB
Writeback:             0 kB
AnonPages:       1124224 kB
Mapped:           637360 kB
Shmem:             24160 kB
KReclaimable:     437492 kB
Slab:             210180 kB
SReclaimable:      56984 kB
SUnreclaim:       153196 kB
KernelStack:       43216 kB
PageTables:        54292 kB
NFS_Unstable:          0 kB
Bounce:                0 kB
WritebackTmp:          0 kB
CommitLimit:     6660208 kB
Committed_AS:   58897308 kB
VmallocTotal:   263061440 kB
VmallocUsed:       83592 kB
VmallocChunk:          0 kB
Percpu:             7616 kB
CmaTotal:         315392 kB
CmaFree:               0 kB
MemTotal:        5980404 kB
MemFree:          562108 kB
MemAvailable:    2793468 kB
Buffers:            7256 kB
Cached:          2377836 kB
SwapCached:            0 kB
Active:          1593656 kB
Inactive:        1911156 kB
Active(anon):    1023956 kB
Inactive(anon):   124556 kB
Active(file):     569700 kB
Inactive(file):  1786600 kB
Unevictable:        5672 kB
Mlocked:            5672 kB
SwapTotal:       3670008 kB
SwapFree:        3670008 kB
Dirty:               160 kB
Writeback:             0 kB
AnonPages:       1125084 kB
Mapped:           637628 kB
Shmem:             24160 kB
KReclaimable:     437492 kB
Slab:             210180 kB
SReclaimable:      56984 kB
SUnreclaim:       153196 kB
KernelStack:       43184 kB
PageTables:        53868 kB
NFS_Unstable:          0 kB
Bounce:                0 kB
WritebackTmp:          0 kB
CommitLimit:     6660208 kB
Committed_AS:   58899400 kB
VmallocTotal:   263061440 kB
VmallocUsed:       83576 kB
VmallocChunk:          0 kB
Percpu:             7616 kB
CmaTotal:         315392 kB
CmaFree:               0 kB
MemTotal:        5980404 kB
MemFree:          560472 kB
MemAvailable:    2791832 kB
Buffers:            7256 kB
Cached:          2377836 kB
SwapCached:            0 kB
Active:          1593724 kB
Inactive:        1911156 kB
Active(anon):    1024024 kB
Inactive(anon):   124556 kB
Active(file):     569700 kB
Inactive(file):  1786600 kB
Unevictable:        5672 kB
Mlocked:            5672 kB
SwapTotal:       3670008 kB
SwapFree:        3670008 kB
Dirty:               128 kB
Writeback:             0 kB
AnonPages:       1125624 kB
Mapped:           637368 kB
Shmem:             24160 kB
KReclaimable:     437492 kB
Slab:             210184 kB
SReclaimable:      56984 kB
SUnreclaim:       153200 kB
KernelStack:       43184 kB
PageTables:        54312 kB
NFS_Unstable:          0 kB
Bounce:                0 kB
WritebackTmp:          0 kB
CommitLimit:     6660208 kB
Committed_AS:   58897672 kB
VmallocTotal:   263061440 kB
VmallocUsed:       83544 kB
VmallocChunk:          0 kB
Percpu:             7616 kB
CmaTotal:         315392 kB
CmaFree:               0 kB
MemTotal:        5980404 kB
MemFree:          559464 kB
MemAvailable:    2790832 kB
Buffers:            7260 kB
Cached:          2377840 kB
SwapCached:            0 kB
Active:          1594160 kB
Inactive:        1911164 kB
Active(anon):    1024460 kB
Inactive(anon):   124556 kB
Active(file):     569700 kB
Inactive(file):  1786608 kB
Unevictable:        5672 kB
Mlocked:            5672 kB
SwapTotal:       3670008 kB
SwapFree:        3670008 kB
Dirty:               108 kB
Writeback:             0 kB
AnonPages:       1125700 kB
Mapped:           637504 kB
Shmem:             24160 kB
KReclaimable:     437492 kB
Slab:             210164 kB
SReclaimable:      56984 kB
SUnreclaim:       153180 kB
KernelStack:       43168 kB
PageTables:        54172 kB
NFS_Unstable:          0 kB
Bounce:                0 kB
WritebackTmp:          0 kB
CommitLimit:     6660208 kB
Committed_AS:   58901844 kB
VmallocTotal:   263061440 kB
VmallocUsed:       83544 kB
VmallocChunk:          0 kB
Percpu:             7616 kB
CmaTotal:         315392 kB
CmaFree:               0 kB
MemTotal:        5980404 kB
MemFree:          560844 kB
MemAvailable:    2792228 kB
Buffers:            7260 kB
Cached:          2377856 kB
SwapCached:            0 kB
Active:          1594420 kB
Inactive:        1911176 kB
Active(anon):    1024716 kB
Inactive(anon):   124556 kB
Active(file):     569704 kB
Inactive(file):  1786620 kB
Unevictable:        5672 kB
Mlocked:            5672 kB
SwapTotal:       3670008 kB
SwapFree:        3670008 kB
Dirty:               152 kB
Writeback:             0 kB
AnonPages:       1126168 kB
Mapped:           637464 kB
Shmem:             24160 kB
KReclaimable:     437492 kB
Slab:             210196 kB
SReclaimable:      56984 kB
SUnreclaim:       153212 kB
KernelStack:       43200 kB
PageTables:        54224 kB
NFS_Unstable:          0 kB
Bounce:                0 kB
WritebackTmp:          0 kB
CommitLimit:     6660208 kB
Committed_AS:   58897004 kB
VmallocTotal:   263061440 kB
VmallocUsed:       83528 kB
VmallocChunk:          0 kB
Percpu:             7616 kB
CmaTotal:         315392 kB
CmaFree:               0 kB
MemTotal:        5980404 kB
MemFree:          558660 kB
MemAvailable:    2790036 kB
Buffers:            7260 kB
Cached:          2377848 kB
SwapCached:            0 kB
Active:          1594728 kB
Inactive:        1911168 kB
Active(anon):    1025024 kB
Inactive(anon):   124556 kB
Active(file):     569704 kB
Inactive(file):  1786612 kB
Unevictable:        5672 kB
Mlocked:            5672 kB
SwapTotal:       3670008 kB
SwapFree:        3670008 kB
Dirty:               160 kB
Writeback:             0 kB
AnonPages:       1126508 kB
Mapped:           637504 kB
Shmem:             24160 kB
KReclaimable:     437492 kB
Slab:             210180 kB
SReclaimable:      56984 kB
SUnreclaim:       153196 kB
KernelStack:       43200 kB
PageTables:        54176 kB
NFS_Unstable:          0 kB
Bounce:                0 kB
WritebackTmp:          0 kB
CommitLimit:     6660208 kB
Committed_AS:   58892288 kB
VmallocTotal:   263061440 kB
VmallocUsed:       83528 kB
VmallocChunk:          0 kB
Percpu:             7616 kB
CmaTotal:         315392 kB
CmaFree:               0 kB
MemTotal:        5980404 kB
MemFree:          559920 kB
MemAvailable:    2791296 kB
Buffers:            7260 kB
Cached:          2377848 kB
SwapCached:            0 kB
Active:          1595308 kB
Inactive:        1911168 kB
Active(anon):    1025604 kB
Inactive(anon):   124556 kB
Active(file):     569704 kB
Inactive(file):  1786612 kB
Unevictable:        5672 kB
Mlocked:            5672 kB
SwapTotal:       3670008 kB
SwapFree:        3670008 kB
Dirty:               160 kB
Writeback:             0 kB
AnonPages:       1126980 kB
Mapped:           637424 kB
Shmem:             24160 kB
KReclaimable:     437492 kB
Slab:             210196 kB
SReclaimable:      56984 kB
SUnreclaim:       153212 kB
KernelStack:       43200 kB
PageTables:        54264 kB
NFS_Unstable:          0 kB
Bounce:                0 kB
WritebackTmp:          0 kB
CommitLimit:     6660208 kB
Committed_AS:   58891760 kB
VmallocTotal:   263061440 kB
VmallocUsed:       83512 kB
VmallocChunk:          0 kB
Percpu:             7616 kB
CmaTotal:         315392 kB
CmaFree:               0 kB
MemTotal:        5980404 kB
MemFree:          558812 kB
MemAvailable:    2790188 kB
Buffers:            7260 kB
Cached:          2377856 kB
SwapCached:            0 kB
Active:          1595852 kB
Inactive:        1911180 kB
Active(anon):    1026152 kB
Inactive(anon):   124564 kB
Active(file):     569700 kB
Inactive(file):  1786616 kB
Unevictable:        5672 kB
Mlocked:            5672 kB
SwapTotal:       3670008 kB
SwapFree:        3670008 kB
Dirty:               160 kB
Writeback:             0 kB
AnonPages:       1127568 kB
Mapped:           637244 kB
Shmem:             24168 kB
KReclaimable:     437492 kB
Slab:             210180 kB
SReclaimable:      56984 kB
SUnreclaim:       153196 kB
KernelStack:       43168 kB
PageTables:        54108 kB
NFS_Unstable:          0 kB
Bounce:                0 kB
WritebackTmp:          0 kB
CommitLimit:     6660208 kB
Committed_AS:   58891056 kB
VmallocTotal:   263061440 kB
VmallocUsed:       83480 kB
VmallocChunk:          0 kB
Percpu:             7616 kB
CmaTotal:         315392 kB
CmaFree:               0 kB
MemTotal:        5980404 kB
MemFree:          557860 kB
MemAvailable:    2789236 kB
Buffers:            7260 kB
Cached:          2377860 kB
SwapCached:            0 kB
Active:          1596676 kB
Inactive:        1911180 kB
Active(anon):    1026972 kB
Inactive(anon):   124568 kB
Active(file):     569704 kB
Inactive(file):  1786612 kB
Unevictable:        5672 kB
Mlocked:            5672 kB
SwapTotal:       3670008 kB
SwapFree:        3670008 kB
Dirty:               160 kB
Writeback:             0 kB
AnonPages:       1128500 kB
Mapped:           637644 kB
Shmem:             24172 kB
KReclaimable:     437492 kB
Slab:             210208 kB
SReclaimable:      56984 kB
SUnreclaim:       153224 kB
KernelStack:       43212 kB
PageTables:        54160 kB
NFS_Unstable:          0 kB
Bounce:                0 kB
WritebackTmp:          0 kB
CommitLimit:     6660208 kB
Committed_AS:   58896108 kB
VmallocTotal:   263061440 kB
VmallocUsed:       83512 kB
VmallocChunk:          0 kB
Percpu:             7616 kB
CmaTotal:         315392 kB
CmaFree:               0 kB
MemTotal:        5980404 kB
MemFree:          557748 kB
MemAvailable:    2789124 kB
Buffers:            7260 kB
Cached:          2377860 kB
SwapCached:            0 kB
Active:          1596776 kB
Inactive:        1911180 kB
Active(anon):    1027072 kB
Inactive(anon):   124568 kB
Active(file):     569704 kB
Inactive(file):  1786612 kB
Unevictable:        5672 kB
Mlocked:            5672 kB
SwapTotal:       3670008 kB
SwapFree:        3670008 kB
Dirty:               160 kB
Writeback:             0 kB
AnonPages:       1128360 kB
Mapped:           637416 kB
Shmem:             24172 kB
KReclaimable:     437492 kB
Slab:             210192 kB
SReclaimable:      56984 kB
SUnreclaim:       153208 kB
KernelStack:       43200 kB
PageTables:        54320 kB
NFS_Unstable:          0 kB
Bounce:                0 kB
WritebackTmp:          0 kB
CommitLimit:     6660208 kB
Committed_AS:   58896936 kB
VmallocTotal:   263061440 kB
VmallocUsed:       83496 kB
VmallocChunk:          0 kB
Percpu:             7616 kB
CmaTotal:         315392 kB
CmaFree:               0 kB
MemTotal:        5980404 kB
MemFree:          556188 kB
MemAvailable:    2787564 kB
Buffers:            7260 kB
Cached:          2377860 kB
SwapCached:            0 kB
Active:          1597316 kB
Inactive:        1911180 kB
Active(anon):    1027612 kB
Inactive(anon):   124568 kB
Active(file):     569704 kB
Inactive(file):  1786612 kB
Unevictable:        5672 kB
Mlocked:            5672 kB
SwapTotal:       3670008 kB
SwapFree:        3670008 kB
Dirty:               160 kB
Writeback:             0 kB
AnonPages:       1129116 kB
Mapped:           637644 kB
Shmem:             24172 kB
KReclaimable:     437492 kB
Slab:             210200 kB
SReclaimable:      56984 kB
SUnreclaim:       153216 kB
KernelStack:       43232 kB
PageTables:        54376 kB
NFS_Unstable:          0 kB
Bounce:                0 kB
WritebackTmp:          0 kB
CommitLimit:     6660208 kB
Committed_AS:   58896708 kB
VmallocTotal:   263061440 kB
VmallocUsed:       83528 kB
VmallocChunk:          0 kB
Percpu:             7616 kB
CmaTotal:         315392 kB
CmaFree:               0 kB
MemTotal:        5980404 kB
MemFree:          556752 kB
MemAvailable:    2788128 kB
Buffers:            7260 kB
Cached:          2377860 kB
SwapCached:            0 kB
Active:          1597044 kB
Inactive:        1911180 kB
Active(anon):    1027340 kB
Inactive(anon):   124568 kB
Active(file):     569704 kB
Inactive(file):  1786612 kB
Unevictable:        5672 kB
Mlocked:            5672 kB
SwapTotal:       3670008 kB
SwapFree:        3670008 kB
Dirty:               160 kB
Writeback:             0 kB
AnonPages:       1128624 kB
Mapped:           637524 kB
Shmem:             24172 kB
KReclaimable:     437492 kB
Slab:             210200 kB
SReclaimable:      56984 kB
SUnreclaim:       153216 kB
KernelStack:       43184 kB
PageTables:        54220 kB
NFS_Unstable:          0 kB
Bounce:                0 kB
WritebackTmp:          0 kB
CommitLimit:     6660208 kB
Committed_AS:   58893740 kB
VmallocTotal:   263061440 kB
VmallocUsed:       83528 kB
VmallocChunk:          0 kB
Percpu:             7616 kB
CmaTotal:         315392 kB
CmaFree:               0 kB
MemTotal:        5980404 kB
MemFree:          556448 kB
MemAvailable:    2787824 kB
Buffers:            7260 kB
Cached:          2377860 kB
SwapCached:            0 kB
Active:          1597336 kB
Inactive:        1911180 kB
Active(anon):    1027632 kB
Inactive(anon):   124568 kB
Active(file):     569704 kB
Inactive(file):  1786612 kB
Unevictable:        5672 kB
Mlocked:            5672 kB
SwapTotal:       3670008 kB
SwapFree:        3670008 kB
Dirty:               160 kB
Writeback:             0 kB
AnonPages:       1129520 kB
Mapped:           637708 kB
Shmem:             24172 kB
KReclaimable:     437492 kB
Slab:             210200 kB
SReclaimable:      56984 kB
SUnreclaim:       153216 kB
KernelStack:       43184 kB
PageTables:        54048 kB
NFS_Unstable:          0 kB
Bounce:                0 kB
WritebackTmp:          0 kB
CommitLimit:     6660208 kB
Committed_AS:   58893380 kB
VmallocTotal:   263061440 kB
VmallocUsed:       83496 kB
VmallocChunk:          0 kB
Percpu:             7616 kB
CmaTotal:         315392 kB
CmaFree:               0 kB
MemTotal:        5980404 kB
MemFree:          554980 kB
MemAvailable:    2786360 kB
Buffers:            7260 kB
Cached:          2377864 kB
SwapCached:            0 kB
Active:          1597792 kB
Inactive:        1911184 kB
Active(anon):    1028088 kB
Inactive(anon):   124568 kB
Active(file):     569704 kB
Inactive(file):  1786616 kB
Unevictable:        5672 kB
Mlocked:            5672 kB
SwapTotal:       3670008 kB
SwapFree:        3670008 kB
Dirty:               180 kB
Writeback:             0 kB
AnonPages:       1129688 kB
Mapped:           637644 kB
Shmem:             24172 kB
KReclaimable:     437492 kB
Slab:             210200 kB
SReclaimable:      56984 kB
SUnreclaim:       153216 kB
KernelStack:       43200 kB
PageTables:        54064 kB
NFS_Unstable:          0 kB
Bounce:                0 kB
WritebackTmp:          0 kB
CommitLimit:     6660208 kB
Committed_AS:   58891576 kB
VmallocTotal:   263061440 kB
VmallocUsed:       83512 kB
VmallocChunk:          0 kB
Percpu:             7616 kB
CmaTotal:         315392 kB
CmaFree:               0 kB
MemTotal:        5980404 kB
MemFree:          554984 kB
MemAvailable:    2786364 kB
Buffers:            7260 kB
Cached:          2377864 kB
SwapCached:            0 kB
Active:          1598540 kB
Inactive:        1911184 kB
Active(anon):    1028836 kB
Inactive(anon):   124568 kB
Active(file):     569704 kB
Inactive(file):  1786616 kB
Unevictable:        5672 kB
Mlocked:            5672 kB
SwapTotal:       3670008 kB
SwapFree:        3670008 kB
Dirty:               180 kB
Writeback:             0 kB
AnonPages:       1130356 kB
Mapped:           637604 kB
Shmem:             24172 kB
KReclaimable:     437492 kB
Slab:             210200 kB
SReclaimable:      56984 kB
SUnreclaim:       153216 kB
KernelStack:       43168 kB
PageTables:        54360 kB
NFS_Unstable:          0 kB
Bounce:                0 kB
WritebackTmp:          0 kB
CommitLimit:     6660208 kB
Committed_AS:   58898396 kB
VmallocTotal:   263061440 kB
VmallocUsed:       83512 kB
VmallocChunk:          0 kB
Percpu:             7616 kB
CmaTotal:         315392 kB
CmaFree:               0 kB
MemTotal:        5980404 kB
MemFree:          554576 kB
MemAvailable:    2785956 kB
Buffers:            7260 kB
Cached:          2377864 kB
SwapCached:            0 kB
Active:          1598724 kB
Inactive:        1911184 kB
Active(anon):    1029020 kB
Inactive(anon):   124568 kB
Active(file):     569704 kB
Inactive(file):  1786616 kB
Unevictable:        5672 kB
Mlocked:            5672 kB
SwapTotal:       3670008 kB
SwapFree:        3670008 kB
Dirty:               184 kB
Writeback:             0 kB
AnonPages:       1130556 kB
Mapped:           637644 kB
Shmem:             24172 kB
KReclaimable:     437492 kB
Slab:             210200 kB
SReclaimable:      56984 kB
SUnreclaim:       153216 kB
KernelStack:       43168 kB
PageTables:        54180 kB
NFS_Unstable:          0 kB
Bounce:                0 kB
WritebackTmp:          0 kB
CommitLimit:     6660208 kB
Committed_AS:   58895956 kB
VmallocTotal:   263061440 kB
VmallocUsed:       83512 kB
VmallocChunk:          0 kB
Percpu:             7616 kB
CmaTotal:         315392 kB
CmaFree:               0 kB
MemTotal:        5980404 kB
MemFree:          554480 kB
MemAvailable:    2785860 kB
Buffers:            7260 kB
Cached:          2377864 kB
SwapCached:            0 kB
Active:          1599552 kB
Inactive:        1911184 kB
Active(anon):    1029848 kB
Inactive(anon):   124568 kB
Active(file):     569704 kB
Inactive(file):  1786616 kB
Unevictable:        5672 kB
Mlocked:            5672 kB
SwapTotal:       3670008 kB
SwapFree:        3670008 kB
Dirty:               200 kB
Writeback:             0 kB
AnonPages:       1131264 kB
Mapped:           637644 kB
Shmem:             24172 kB
KReclaimable:     437492 kB
Slab:             210204 kB
SReclaimable:      56984 kB
SUnreclaim:       153220 kB
KernelStack:       43152 kB
PageTables:        54432 kB
NFS_Unstable:          0 kB
Bounce:                0 kB
WritebackTmp:          0 kB
CommitLimit:     6660208 kB
Committed_AS:   58900412 kB
VmallocTotal:   263061440 kB
VmallocUsed:       83512 kB
VmallocChunk:          0 kB
Percpu:             7616 kB
CmaTotal:         315392 kB
CmaFree:               0 kB
MemTotal:        5980404 kB
MemFree:          555040 kB
MemAvailable:    2786420 kB
Buffers:            7260 kB
Cached:          2377864 kB
SwapCached:            0 kB
Active:          1599664 kB
Inactive:        1911184 kB
Active(anon):    1029960 kB
Inactive(anon):   124568 kB
Active(file):     569704 kB
Inactive(file):  1786616 kB
Unevictable:        5672 kB
Mlocked:            5672 kB
SwapTotal:       3670008 kB
SwapFree:        3670008 kB
Dirty:               212 kB
Writeback:             0 kB
AnonPages:       1131772 kB
Mapped:           637596 kB
Shmem:             24172 kB
KReclaimable:     437492 kB
Slab:             210204 kB
SReclaimable:      56984 kB
SUnreclaim:       153220 kB
KernelStack:       43200 kB
PageTables:        54268 kB
NFS_Unstable:          0 kB
Bounce:                0 kB
WritebackTmp:          0 kB
CommitLimit:     6660208 kB
Committed_AS:   58899704 kB
VmallocTotal:   263061440 kB
VmallocUsed:       83464 kB
VmallocChunk:          0 kB
Percpu:             7616 kB
CmaTotal:         315392 kB
CmaFree:               0 kB
MemTotal:        5980404 kB
MemFree:          554484 kB
MemAvailable:    2785884 kB
Buffers:            7264 kB
Cached:          2377880 kB
SwapCached:            0 kB
Active:          1600472 kB
Inactive:        1911200 kB
Active(anon):    1030764 kB
Inactive(anon):   124568 kB
Active(file):     569708 kB
Inactive(file):  1786632 kB
Unevictable:        5672 kB
Mlocked:            5672 kB
SwapTotal:       3670008 kB
SwapFree:        3670008 kB
Dirty:               196 kB
Writeback:             0 kB
AnonPages:       1131944 kB
Mapped:           637872 kB
Shmem:             24172 kB
KReclaimable:     437492 kB
Slab:             210208 kB
SReclaimable:      56984 kB
SUnreclaim:       153224 kB
KernelStack:       43184 kB
PageTables:        54328 kB
NFS_Unstable:          0 kB
Bounce:                0 kB
WritebackTmp:          0 kB
CommitLimit:     6660208 kB
Committed_AS:   58898096 kB
VmallocTotal:   263061440 kB
VmallocUsed:       83480 kB
VmallocChunk:          0 kB
Percpu:             7616 kB
CmaTotal:         315392 kB
CmaFree:               0 kB
MemTotal:        5980404 kB
MemFree:          568296 kB
MemAvailable:    2799696 kB
Buffers:            7264 kB
Cached:          2377880 kB
SwapCached:            0 kB
Active:          1587456 kB
Inactive:        1911200 kB
Active(anon):    1017748 kB
Inactive(anon):   124568 kB
Active(file):     569708 kB
Inactive(file):  1786632 kB
Unevictable:        5672 kB
Mlocked:            5672 kB
SwapTotal:       3670008 kB
SwapFree:        3670008 kB
Dirty:               200 kB
Writeback:             0 kB
AnonPages:       1119248 kB
Mapped:           637556 kB
Shmem:             24172 kB
KReclaimable:     437492 kB
Slab:             210208 kB
SReclaimable:      56984 kB
SUnreclaim:       153224 kB
KernelStack:       43216 kB
PageTables:        54252 kB
NFS_Unstable:          0 kB
Bounce:                0 kB
WritebackTmp:          0 kB
CommitLimit:     6660208 kB
Committed_AS:   58897784 kB
VmallocTotal:   263061440 kB
VmallocUsed:       83432 kB
VmallocChunk:          0 kB
Percpu:             7616 kB
CmaTotal:         315392 kB
CmaFree:               0 kB
MemTotal:        5980404 kB
MemFree:          567752 kB
MemAvailable:    2799144 kB
Buffers:            7264 kB
Cached:          2377872 kB
SwapCached:            0 kB
Active:          1587968 kB
Inactive:        1911196 kB
Active(anon):    1018264 kB
Inactive(anon):   124568 kB
Active(file):     569704 kB
Inactive(file):  1786628 kB
Unevictable:        5672 kB
Mlocked:            5672 kB
SwapTotal:       3670008 kB
SwapFree:        3670008 kB
Dirty:               192 kB
Writeback:             0 kB
AnonPages:       1119980 kB
Mapped:           637472 kB
Shmem:             24172 kB
KReclaimable:     437492 kB
Slab:             210208 kB
SReclaimable:      56984 kB
SUnreclaim:       153224 kB
KernelStack:       43248 kB
PageTables:        54368 kB
NFS_Unstable:          0 kB
Bounce:                0 kB
WritebackTmp:          0 kB
CommitLimit:     6660208 kB
Committed_AS:   58897204 kB
VmallocTotal:   263061440 kB
VmallocUsed:       83448 kB
VmallocChunk:          0 kB
Percpu:             7616 kB
CmaTotal:         315392 kB
CmaFree:               0 kB
MemTotal:        5980404 kB
MemFree:          566976 kB
MemAvailable:    2798376 kB
Buffers:            7264 kB
Cached:          2377880 kB
SwapCached:            0 kB
Active:          1587932 kB
Inactive:        1911200 kB
Active(anon):    1018224 kB
Inactive(anon):   124568 kB
Active(file):     569708 kB
Inactive(file):  1786632 kB
Unevictable:        5672 kB
Mlocked:            5672 kB
SwapTotal:       3670008 kB
SwapFree:        3670008 kB
Dirty:               200 kB
Writeback:             0 kB
AnonPages:       1119524 kB
Mapped:           637684 kB
Shmem:             24172 kB
KReclaimable:     437492 kB
Slab:             210208 kB
SReclaimable:      56984 kB
SUnreclaim:       153224 kB
KernelStack:       43184 kB
PageTables:        54152 kB
NFS_Unstable:          0 kB
Bounce:                0 kB
WritebackTmp:          0 kB
CommitLimit:     6660208 kB
Committed_AS:   58899116 kB
VmallocTotal:   263061440 kB
VmallocUsed:       83464 kB
VmallocChunk:          0 kB
Percpu:             7616 kB
CmaTotal:         315392 kB
CmaFree:               0 kB
MemTotal:        5980404 kB
MemFree:          567364 kB
MemAvailable:    2798768 kB
Buffers:            7264 kB
Cached:          2377884 kB
SwapCached:            0 kB
Active:          1588252 kB
Inactive:        1911204 kB
Active(anon):    1018544 kB
Inactive(anon):   124568 kB
Active(file):     569708 kB
Inactive(file):  1786636 kB
Unevictable:        5672 kB
Mlocked:            5672 kB
SwapTotal:       3670008 kB
SwapFree:        3670008 kB
Dirty:               200 kB
Writeback:             0 kB
AnonPages:       1119792 kB
Mapped:           637376 kB
Shmem:             24172 kB
KReclaimable:     437492 kB
Slab:             210208 kB
SReclaimable:      56984 kB
SUnreclaim:       153224 kB
KernelStack:       43152 kB
PageTables:        54160 kB
NFS_Unstable:          0 kB
Bounce:                0 kB
WritebackTmp:          0 kB
CommitLimit:     6660208 kB
Committed_AS:   58896748 kB
VmallocTotal:   263061440 kB
VmallocUsed:       83480 kB
VmallocChunk:          0 kB
Percpu:             7616 kB
CmaTotal:         315392 kB
CmaFree:               0 kB
MemTotal:        5980404 kB
MemFree:          566808 kB
MemAvailable:    2798208 kB
Buffers:            7264 kB
Cached:          2377880 kB
SwapCached:            0 kB
Active:          1588676 kB
Inactive:        1911200 kB
Active(anon):    1018968 kB
Inactive(anon):   124568 kB
Active(file):     569708 kB
Inactive(file):  1786632 kB
Unevictable:        5672 kB
Mlocked:            5672 kB
SwapTotal:       3670008 kB
SwapFree:        3670008 kB
Dirty:               196 kB
Writeback:             0 kB
AnonPages:       1120456 kB
Mapped:           637456 kB
Shmem:             24172 kB
KReclaimable:     437492 kB
Slab:             210208 kB
SReclaimable:      56984 kB
SUnreclaim:       153224 kB
KernelStack:       43168 kB
PageTables:        54080 kB
NFS_Unstable:          0 kB
Bounce:                0 kB
WritebackTmp:          0 kB
CommitLimit:     6660208 kB
Committed_AS:   58895024 kB
VmallocTotal:   263061440 kB
VmallocUsed:       83544 kB
VmallocChunk:          0 kB
Percpu:             7616 kB
CmaTotal:         315392 kB
CmaFree:               0 kB
MemTotal:        5980404 kB
MemFree:          564756 kB
MemAvailable:    2796156 kB
Buffers:            7264 kB
Cached:          2377880 kB
SwapCached:            0 kB
Active:          1588808 kB
Inactive:        1911200 kB
Active(anon):    1019100 kB
Inactive(anon):   124568 kB
Active(file):     569708 kB
Inactive(file):  1786632 kB
Unevictable:        5672 kB
Mlocked:            5672 kB
SwapTotal:       3670008 kB
SwapFree:        3670008 kB
Dirty:               200 kB
Writeback:             0 kB
AnonPages:       1120544 kB
Mapped:           637644 kB
Shmem:             24172 kB
KReclaimable:     437492 kB
Slab:             210216 kB
SReclaimable:      56984 kB
SUnreclaim:       153232 kB
KernelStack:       43184 kB
PageTables:        54316 kB
NFS_Unstable:          0 kB
Bounce:                0 kB
WritebackTmp:          0 kB
CommitLimit:     6660208 kB
Committed_AS:   58901116 kB
VmallocTotal:   263061440 kB
VmallocUsed:       83528 kB
VmallocChunk:          0 kB
Percpu:             7616 kB
CmaTotal:         315392 kB
CmaFree:               0 kB
MemTotal:        5980404 kB
MemFree:          566616 kB
MemAvailable:    2798016 kB
Buffers:            7264 kB
Cached:          2377880 kB
SwapCached:            0 kB
Active:          1589728 kB
Inactive:        1911200 kB
Active(anon):    1020020 kB
Inactive(anon):   124568 kB
Active(file):     569708 kB
Inactive(file):  1786632 kB
Unevictable:        5672 kB
Mlocked:            5672 kB
SwapTotal:       3670008 kB
SwapFree:        3670008 kB
Dirty:               216 kB
Writeback:             0 kB
AnonPages:       1121696 kB
Mapped:           637644 kB
Shmem:             24172 kB
KReclaimable:     437492 kB
Slab:             210216 kB
SReclaimable:      56984 kB
SUnreclaim:       153232 kB
KernelStack:       43168 kB
PageTables:        54176 kB
NFS_Unstable:          0 kB
Bounce:                0 kB
WritebackTmp:          0 kB
CommitLimit:     6660208 kB
Committed_AS:   58898256 kB
VmallocTotal:   263061440 kB
VmallocUsed:       83480 kB
VmallocChunk:          0 kB
Percpu:             7616 kB
CmaTotal:         315392 kB
CmaFree:               0 kB
MemTotal:        5980404 kB
MemFree:          565104 kB
MemAvailable:    2796496 kB
Buffers:            7264 kB
Cached:          2377872 kB
SwapCached:            0 kB
Active:          1590220 kB
Inactive:        1911192 kB
Active(anon):    1020512 kB
Inactive(anon):   124568 kB
Active(file):     569708 kB
Inactive(file):  1786624 kB
Unevictable:        5672 kB
Mlocked:            5672 kB
SwapTotal:       3670008 kB
SwapFree:        3670008 kB
Dirty:               220 kB
Writeback:             0 kB
AnonPages:       1121860 kB
Mapped:           637560 kB
Shmem:             24172 kB
KReclaimable:     437492 kB
Slab:             210216 kB
SReclaimable:      56984 kB
SUnreclaim:       153232 kB
KernelStack:       43168 kB
PageTables:        54188 kB
NFS_Unstable:          0 kB
Bounce:                0 kB
WritebackTmp:          0 kB
CommitLimit:     6660208 kB
Committed_AS:   58893864 kB
VmallocTotal:   263061440 kB
VmallocUsed:       83464 kB
VmallocChunk:          0 kB
Percpu:             7616 kB
CmaTotal:         315392 kB
CmaFree:               0 kB
MemTotal:        5980404 kB
MemFree:          564956 kB
MemAvailable:    2796356 kB
Buffers:            7264 kB
Cached:          2377880 kB
SwapCached:            0 kB
Active:          1590404 kB
Inactive:        1911200 kB
Active(anon):    1020696 kB
Inactive(anon):   124568 kB
Active(file):     569708 kB
Inactive(file):  1786632 kB
Unevictable:        5672 kB
Mlocked:            5672 kB
SwapTotal:       3670008 kB
SwapFree:        3670008 kB
Dirty:               100 kB
Writeback:             0 kB
AnonPages:       1122504 kB
Mapped:           637460 kB
Shmem:             24172 kB
KReclaimable:     437492 kB
Slab:             210216 kB
SReclaimable:      56984 kB
SUnreclaim:       153232 kB
KernelStack:       43168 kB
PageTables:        54164 kB
NFS_Unstable:          0 kB
Bounce:                0 kB
WritebackTmp:          0 kB
CommitLimit:     6660208 kB
Committed_AS:   58898872 kB
VmallocTotal:   263061440 kB
VmallocUsed:       83528 kB
VmallocChunk:          0 kB
Percpu:             7616 kB
CmaTotal:         315392 kB
CmaFree:               0 kB
MemTotal:        5980404 kB
MemFree:          564596 kB
MemAvailable:    2796260 kB
Buffers:            7264 kB
Cached:          2377888 kB
SwapCached:            0 kB
Active:          1591136 kB
Inactive:        1911208 kB
Active(anon):    1021428 kB
Inactive(anon):   124568 kB
Active(file):     569708 kB
Inactive(file):  1786640 kB
Unevictable:        5672 kB
Mlocked:            5672 kB
SwapTotal:       3670008 kB
SwapFree:        3670008 kB
Dirty:               128 kB
Writeback:             0 kB
AnonPages:       1123072 kB
Mapped:           637644 kB
Shmem:             24172 kB
KReclaimable:     437492 kB
Slab:             210216 kB
SReclaimable:      56984 kB
SUnreclaim:       153232 kB
KernelStack:       43200 kB
PageTables:        54252 kB
NFS_Unstable:          0 kB
Bounce:                0 kB
WritebackTmp:          0 kB
CommitLimit:     6660208 kB
Committed_AS:   58897724 kB
VmallocTotal:   263061440 kB
VmallocUsed:       83528 kB
VmallocChunk:          0 kB
Percpu:             7616 kB
CmaTotal:         315392 kB
CmaFree:               0 kB
MemTotal:        5980404 kB
MemFree:          563120 kB
MemAvailable:    2794528 kB
Buffers:            7264 kB
Cached:          2377888 kB
SwapCached:            0 kB
Active:          1591384 kB
Inactive:        1911208 kB
Active(anon):    1021676 kB
Inactive(anon):   124568 kB
Active(file):     569708 kB
Inactive(file):  1786640 kB
Unevictable:        5672 kB
Mlocked:            5672 kB
SwapTotal:       3670008 kB
SwapFree:        3670008 kB
Dirty:               152 kB
Writeback:             0 kB
AnonPages:       1123024 kB
Mapped:           637580 kB
Shmem:             24172 kB
KReclaimable:     437492 kB
Slab:             210216 kB
SReclaimable:      56984 kB
SUnreclaim:       153232 kB
KernelStack:       43168 kB
PageTables:        54152 kB
NFS_Unstable:          0 kB
Bounce:                0 kB
WritebackTmp:          0 kB
CommitLimit:     6660208 kB
Committed_AS:   58895708 kB
VmallocTotal:   263061440 kB
VmallocUsed:       83528 kB
VmallocChunk:          0 kB
Percpu:             7616 kB
CmaTotal:         315392 kB
CmaFree:               0 kB
MemTotal:        5980404 kB
MemFree:          563416 kB
MemAvailable:    2794824 kB
Buffers:            7264 kB
Cached:          2377888 kB
SwapCached:            0 kB
Active:          1591212 kB
Inactive:        1911208 kB
Active(anon):    1021504 kB
Inactive(anon):   124568 kB
Active(file):     569708 kB
Inactive(file):  1786640 kB
Unevictable:        5672 kB
Mlocked:            5672 kB
SwapTotal:       3670008 kB
SwapFree:        3670008 kB
Dirty:               152 kB
Writeback:             0 kB
AnonPages:       1122576 kB
Mapped:           637684 kB
Shmem:             24172 kB
KReclaimable:     437492 kB
Slab:             210216 kB
SReclaimable:      56984 kB
SUnreclaim:       153232 kB
KernelStack:       43184 kB
PageTables:        54248 kB
NFS_Unstable:          0 kB
Bounce:                0 kB
WritebackTmp:          0 kB
CommitLimit:     6660208 kB
Committed_AS:   58894204 kB
VmallocTotal:   263061440 kB
VmallocUsed:       83512 kB
VmallocChunk:          0 kB
Percpu:             7616 kB
CmaTotal:         315392 kB
CmaFree:               0 kB
MemTotal:        5980404 kB
MemFree:          561924 kB
MemAvailable:    2793332 kB
Buffers:            7264 kB
Cached:          2377888 kB
SwapCached:            0 kB
Active:          1591648 kB
Inactive:        1911208 kB
Active(anon):    1021940 kB
Inactive(anon):   124568 kB
Active(file):     569708 kB
Inactive(file):  1786640 kB
Unevictable:        5672 kB
Mlocked:            5672 kB
SwapTotal:       3670008 kB
SwapFree:        3670008 kB
Dirty:               152 kB
Writeback:             0 kB
AnonPages:       1123088 kB
Mapped:           637684 kB
Shmem:             24172 kB
KReclaimable:     437492 kB
Slab:             210216 kB
SReclaimable:      56984 kB
SUnreclaim:       153232 kB
KernelStack:       43184 kB
PageTables:        54176 kB
NFS_Unstable:          0 kB
Bounce:                0 kB
WritebackTmp:          0 kB
CommitLimit:     6660208 kB
Committed_AS:   58897472 kB
VmallocTotal:   263061440 kB
VmallocUsed:       83528 kB
VmallocChunk:          0 kB
Percpu:             7616 kB
CmaTotal:         315392 kB
CmaFree:              40 kB
MemTotal:        5980404 kB
MemFree:          562568 kB
MemAvailable:    2793976 kB
Buffers:            7264 kB
Cached:          2377888 kB
SwapCached:            0 kB
Active:          1591880 kB
Inactive:        1911208 kB
Active(anon):    1022172 kB
Inactive(anon):   124568 kB
Active(file):     569708 kB
Inactive(file):  1786640 kB
Unevictable:        5672 kB
Mlocked:            5672 kB
SwapTotal:       3670008 kB
SwapFree:        3670008 kB
Dirty:               144 kB
Writeback:             0 kB
AnonPages:       1123868 kB
Mapped:           637868 kB
Shmem:             24172 kB
KReclaimable:     437492 kB
Slab:             210224 kB
SReclaimable:      56984 kB
SUnreclaim:       153240 kB
KernelStack:       43184 kB
PageTables:        54196 kB
NFS_Unstable:          0 kB
Bounce:                0 kB
WritebackTmp:          0 kB
CommitLimit:     6660208 kB
Committed_AS:   58893400 kB
VmallocTotal:   263061440 kB
VmallocUsed:       83544 kB
VmallocChunk:          0 kB
Percpu:             7616 kB
CmaTotal:         315392 kB
CmaFree:               0 kB
MemTotal:        5980404 kB
MemFree:          562420 kB
MemAvailable:    2793840 kB
Buffers:            7268 kB
Cached:          2377896 kB
SwapCached:            0 kB
Active:          1592092 kB
Inactive:        1911220 kB
Active(anon):    1022384 kB
Inactive(anon):   124568 kB
Active(file):     569708 kB
Inactive(file):  1786652 kB
Unevictable:        5672 kB
Mlocked:            5672 kB
SwapTotal:       3670008 kB
SwapFree:        3670008 kB
Dirty:               160 kB
Writeback:             0 kB
AnonPages:       1123756 kB
Mapped:           637660 kB
Shmem:             24172 kB
KReclaimable:     437492 kB
Slab:             210224 kB
SReclaimable:      56984 kB
SUnreclaim:       153240 kB
KernelStack:       43184 kB
PageTables:        54156 kB
NFS_Unstable:          0 kB
Bounce:                0 kB
WritebackTmp:          0 kB
CommitLimit:     6660208 kB
Committed_AS:   58900644 kB
VmallocTotal:   263061440 kB
VmallocUsed:       83528 kB
VmallocChunk:          0 kB
Percpu:             7616 kB
CmaTotal:         315392 kB
CmaFree:               0 kB
MemTotal:        5980404 kB
MemFree:          561836 kB
MemAvailable:    2793268 kB
Buffers:            7268 kB
Cached:          2377908 kB
SwapCached:            0 kB
Active:          1592692 kB
Inactive:        1911224 kB
Active(anon):    1022976 kB
Inactive(anon):   124568 kB
Active(file):     569716 kB
Inactive(file):  1786656 kB
Unevictable:        5672 kB
Mlocked:            5672 kB
SwapTotal:       3670008 kB
SwapFree:        3670008 kB
Dirty:               132 kB
Writeback:             0 kB
AnonPages:       1124504 kB
Mapped:           637684 kB
Shmem:             24172 kB
KReclaimable:     437492 kB
Slab:             210224 kB
SReclaimable:      56984 kB
SUnreclaim:       153240 kB
KernelStack:       43216 kB
PageTables:        54460 kB
NFS_Unstable:          0 kB
Bounce:                0 kB
WritebackTmp:          0 kB
CommitLimit:     6660208 kB
Committed_AS:   58896712 kB
VmallocTotal:   263061440 kB
VmallocUsed:       83544 kB
VmallocChunk:          0 kB
Percpu:             7616 kB
CmaTotal:         315392 kB
CmaFree:               0 kB
MemTotal:        5980404 kB
MemFree:          562804 kB
MemAvailable:    2794228 kB
Buffers:            7268 kB
Cached:          2377900 kB
SwapCached:            0 kB
Active:          1592640 kB
Inactive:        1911220 kB
Active(anon):    1022928 kB
Inactive(anon):   124568 kB
Active(file):     569712 kB
Inactive(file):  1786652 kB
Unevictable:        5672 kB
Mlocked:            5672 kB
SwapTotal:       3670008 kB
SwapFree:        3670008 kB
Dirty:               136 kB
Writeback:             0 kB
AnonPages:       1124476 kB
Mapped:           637456 kB
Shmem:             24172 kB
KReclaimable:     437492 kB
Slab:             210224 kB
SReclaimable:      56984 kB
SUnreclaim:       153240 kB
KernelStack:       43184 kB
PageTables:        54320 kB
NFS_Unstable:          0 kB
Bounce:                0 kB
WritebackTmp:          0 kB
CommitLimit:     6660208 kB
Committed_AS:   58896136 kB
VmallocTotal:   263061440 kB
VmallocUsed:       83544 kB
VmallocChunk:          0 kB
Percpu:             7616 kB
CmaTotal:         315392 kB
CmaFree:               0 kB
MemTotal:        5980404 kB
MemFree:          563632 kB
MemAvailable:    2795056 kB
Buffers:            7268 kB
Cached:          2377900 kB
SwapCached:            0 kB
Active:          1591092 kB
Inactive:        1911220 kB
Active(anon):    1021380 kB
Inactive(anon):   124568 kB
Active(file):     569712 kB
Inactive(file):  1786652 kB
Unevictable:        5672 kB
Mlocked:            5672 kB
SwapTotal:       3670008 kB
SwapFree:        3670008 kB
Dirty:               140 kB
Writeback:             0 kB
AnonPages:       1122964 kB
Mapped:           637516 kB
Shmem:             24172 kB
KReclaimable:     437492 kB
Slab:             210228 kB
SReclaimable:      56984 kB
SUnreclaim:       153244 kB
KernelStack:       43184 kB
PageTables:        54088 kB
NFS_Unstable:          0 kB
Bounce:                0 kB
WritebackTmp:          0 kB
CommitLimit:     6660208 kB
Committed_AS:   58896316 kB
VmallocTotal:   263061440 kB
VmallocUsed:       83512 kB
VmallocChunk:          0 kB
Percpu:             7616 kB
CmaTotal:         315392 kB
CmaFree:              24 kB
MemTotal:        5980404 kB
MemFree:          562764 kB
MemAvailable:    2794188 kB
Buffers:            7268 kB
Cached:          2377900 kB
SwapCached:            0 kB
Active:          1591776 kB
Inactive:        1911220 kB
Active(anon):    1022064 kB
Inactive(anon):   124568 kB
Active(file):     569712 kB
Inactive(file):  1786652 kB
Unevictable:        5672 kB
Mlocked:            5672 kB
SwapTotal:       3670008 kB
SwapFree:        3670008 kB
Dirty:               140 kB
Writeback:             0 kB
AnonPages:       1123348 kB
Mapped:           637572 kB
Shmem:             24172 kB
KReclaimable:     437492 kB
Slab:             210228 kB
SReclaimable:      56984 kB
SUnreclaim:       153244 kB
KernelStack:       43200 kB
PageTables:        54304 kB
NFS_Unstable:          0 kB
Bounce:                0 kB
WritebackTmp:          0 kB
CommitLimit:     6660208 kB
Committed_AS:   58897940 kB
VmallocTotal:   263061440 kB
VmallocUsed:       83544 kB
VmallocChunk:          0 kB
Percpu:             7616 kB
CmaTotal:         315392 kB
CmaFree:               0 kB
MemTotal:        5980404 kB
MemFree:          562536 kB
MemAvailable:    2793960 kB
Buffers:            7268 kB
Cached:          2377900 kB
SwapCached:            0 kB
Active:          1591896 kB
Inactive:        1911220 kB
Active(anon):    1022184 kB
Inactive(anon):   124568 kB
Active(file):     569712 kB
Inactive(file):  1786652 kB
Unevictable:        5672 kB
Mlocked:            5672 kB
SwapTotal:       3670008 kB
SwapFree:        3670008 kB
Dirty:               140 kB
Writeback:             0 kB
AnonPages:       1123756 kB
Mapped:           637684 kB
Shmem:             24172 kB
KReclaimable:     437492 kB
Slab:             210228 kB
SReclaimable:      56984 kB
SUnreclaim:       153244 kB
KernelStack:       43196 kB
PageTables:        54376 kB
NFS_Unstable:          0 kB
Bounce:                0 kB
WritebackTmp:          0 kB
CommitLimit:     6660208 kB
Committed_AS:   58895812 kB
VmallocTotal:   263061440 kB
VmallocUsed:       83560 kB
VmallocChunk:          0 kB
Percpu:             7616 kB
CmaTotal:         315392 kB
CmaFree:               0 kB
MemTotal:        5980404 kB
MemFree:          561968 kB
MemAvailable:    2793400 kB
Buffers:            7268 kB
Cached:          2377908 kB
SwapCached:            0 kB
Active:          1592488 kB
Inactive:        1911224 kB
Active(anon):    1022772 kB
Inactive(anon):   124568 kB
Active(file):     569716 kB
Inactive(file):  1786656 kB
Unevictable:        5672 kB
Mlocked:            5672 kB
SwapTotal:       3670008 kB
SwapFree:        3670008 kB
Dirty:               144 kB
Writeback:             0 kB
AnonPages:       1124168 kB
Mapped:           637748 kB
Shmem:             24172 kB
KReclaimable:     437492 kB
Slab:             210232 kB
SReclaimable:      56984 kB
SUnreclaim:       153248 kB
KernelStack:       43152 kB
PageTables:        54208 kB
NFS_Unstable:          0 kB
Bounce:                0 kB
WritebackTmp:          0 kB
CommitLimit:     6660208 kB
Committed_AS:   58898220 kB
VmallocTotal:   263061440 kB
VmallocUsed:       83496 kB
VmallocChunk:          0 kB
Percpu:             7616 kB
CmaTotal:         315392 kB
CmaFree:               0 kB
MemTotal:        5980404 kB
MemFree:          562856 kB
MemAvailable:    2794280 kB
Buffers:            7268 kB
Cached:          2377900 kB
SwapCached:            0 kB
Active:          1592756 kB
Inactive:        1911220 kB
Active(anon):    1023044 kB
Inactive(anon):   124568 kB
Active(file):     569712 kB
Inactive(file):  1786652 kB
Unevictable:        5672 kB
Mlocked:            5672 kB
SwapTotal:       3670008 kB
SwapFree:        3670008 kB
Dirty:               140 kB
Writeback:             0 kB
AnonPages:       1124596 kB
Mapped:           637684 kB
Shmem:             24172 kB
KReclaimable:     437492 kB
Slab:             210232 kB
SReclaimable:      56984 kB
SUnreclaim:       153248 kB
KernelStack:       43152 kB
PageTables:        54316 kB
NFS_Unstable:          0 kB
Bounce:                0 kB
WritebackTmp:          0 kB
CommitLimit:     6660208 kB
Committed_AS:   58894908 kB
VmallocTotal:   263061440 kB
VmallocUsed:       83448 kB
VmallocChunk:          0 kB
Percpu:             7616 kB
CmaTotal:         315392 kB
CmaFree:               0 kB
MemTotal:        5980404 kB
MemFree:          565244 kB
MemAvailable:    2796668 kB
Buffers:            7268 kB
Cached:          2377900 kB
SwapCached:            0 kB
Active:          1589656 kB
Inactive:        1911220 kB
Active(anon):    1019944 kB
Inactive(anon):   124568 kB
Active(file):     569712 kB
Inactive(file):  1786652 kB
Unevictable:        5672 kB
Mlocked:            5672 kB
SwapTotal:       3670008 kB
SwapFree:        3670008 kB
Dirty:               140 kB
Writeback:             0 kB
AnonPages:       1121436 kB
Mapped:           637456 kB
Shmem:             24172 kB
KReclaimable:     437492 kB
Slab:             210232 kB
SReclaimable:      56984 kB
SUnreclaim:       153248 kB
KernelStack:       43120 kB
PageTables:        54176 kB
NFS_Unstable:          0 kB
Bounce:                0 kB
WritebackTmp:          0 kB
CommitLimit:     6660208 kB
Committed_AS:   58896208 kB
VmallocTotal:   263061440 kB
VmallocUsed:       83448 kB
VmallocChunk:          0 kB
Percpu:             7616 kB
CmaTotal:         315392 kB
CmaFree:              72 kB
MemTotal:        5980404 kB
MemFree:          564852 kB
MemAvailable:    2796284 kB
Buffers:            7268 kB
Cached:          2377908 kB
SwapCached:            0 kB
Active:          1590116 kB
Inactive:        1911224 kB
Active(anon):    1020400 kB
Inactive(anon):   124568 kB
Active(file):     569716 kB
Inactive(file):  1786656 kB
Unevictable:        5672 kB
Mlocked:            5672 kB
SwapTotal:       3670008 kB
SwapFree:        3670008 kB
Dirty:               148 kB
Writeback:             0 kB
AnonPages:       1122152 kB
Mapped:           637684 kB
Shmem:             24172 kB
KReclaimable:     437492 kB
Slab:             210232 kB
SReclaimable:      56984 kB
SUnreclaim:       153248 kB
KernelStack:       43136 kB
PageTables:        54204 kB
NFS_Unstable:          0 kB
Bounce:                0 kB
WritebackTmp:          0 kB
CommitLimit:     6660208 kB
Committed_AS:   58898592 kB
VmallocTotal:   263061440 kB
VmallocUsed:       83448 kB
VmallocChunk:          0 kB
Percpu:             7616 kB
CmaTotal:         315392 kB
CmaFree:               0 kB
MemTotal:        5980404 kB
MemFree:          564256 kB
MemAvailable:    2795700 kB
Buffers:            7268 kB
Cached:          2377920 kB
SwapCached:            0 kB
Active:          1590496 kB
Inactive:        1911236 kB
Active(anon):    1020780 kB
Inactive(anon):   124568 kB
Active(file):     569716 kB
Inactive(file):  1786668 kB
Unevictable:        5672 kB
Mlocked:            5672 kB
SwapTotal:       3670008 kB
SwapFree:        3670008 kB
Dirty:               176 kB
Writeback:             0 kB
AnonPages:       1122492 kB
Mapped:           637644 kB
Shmem:             24172 kB
KReclaimable:     437492 kB
Slab:             210232 kB
SReclaimable:      56984 kB
SUnreclaim:       153248 kB
KernelStack:       43056 kB
PageTables:        54156 kB
NFS_Unstable:          0 kB
Bounce:                0 kB
WritebackTmp:          0 kB
CommitLimit:     6660208 kB
Committed_AS:   58900456 kB
VmallocTotal:   263061440 kB
VmallocUsed:       83400 kB
VmallocChunk:          0 kB
Percpu:             7616 kB
CmaTotal:         315392 kB
CmaFree:               0 kB
MemTotal:        5980404 kB
MemFree:          564084 kB
MemAvailable:    2795528 kB
Buffers:            7268 kB
Cached:          2377920 kB
SwapCached:            0 kB
Active:          1590948 kB
Inactive:        1911236 kB
Active(anon):    1021232 kB
Inactive(anon):   124568 kB
Active(file):     569716 kB
Inactive(file):  1786668 kB
Unevictable:        5672 kB
Mlocked:            5672 kB
SwapTotal:       3670008 kB
SwapFree:        3670008 kB
Dirty:               180 kB
Writeback:             0 kB
AnonPages:       1122880 kB
Mapped:           637752 kB
Shmem:             24172 kB
KReclaimable:     437492 kB
Slab:             210232 kB
SReclaimable:      56984 kB
SUnreclaim:       153248 kB
KernelStack:       43104 kB
PageTables:        54524 kB
NFS_Unstable:          0 kB
Bounce:                0 kB
WritebackTmp:          0 kB
CommitLimit:     6660208 kB
Committed_AS:   58894900 kB
VmallocTotal:   263061440 kB
VmallocUsed:       83400 kB
