MemTotal:       12113140 kB
MemFree:         1651440 kB
MemAvailable:    8255276 kB
Buffers:            2980 kB
Cached:          6485816 kB
SwapCached:            0 kB
Active:          5708296 kB
Inactive:        2244612 kB
Active(anon):    1175680 kB
Inactive(anon):   326464 kB
Active(file):    4532616 kB
Inactive(file):  1918148 kB
Unevictable:        5576 kB
Mlocked:            5576 kB
SwapTotal:       3145724 kB
SwapFree:        3140112 kB
Dirty:               424 kB
Writeback:            64 kB
AnonPages:       1469364 kB
Mapped:           547988 kB
Shmem:             33496 kB
KReclaimable:    1038160 kB
Slab:             242140 kB
SReclaimable:      93988 kB
SUnreclaim:       148152 kB
KernelStack:       53868 kB
PageTables:        66336 kB
NFS_Unstable:          0 kB
Bounce:                0 kB
WritebackTmp:          0 kB
CommitLimit:     9202292 kB
Committed_AS:   72867888 kB
VmallocTotal:   263061440 kB
VmallocUsed:      110844 kB
VmallocChunk:          0 kB
Percpu:             7616 kB
CmaTotal:         294912 kB
CmaFree:             124 kB
MemTotal:       12113140 kB
MemFree:         1674060 kB
MemAvailable:    8275232 kB
Buffers:            2980 kB
Cached:          6485380 kB
SwapCached:            0 kB
Active:          5682724 kB
Inactive:        2244972 kB
Active(anon):    1151072 kB
Inactive(anon):   326860 kB
Active(file):    4531652 kB
Inactive(file):  1918112 kB
Unevictable:        5576 kB
Mlocked:            5576 kB
SwapTotal:       3145724 kB
SwapFree:        3140112 kB
Dirty:               500 kB
Writeback:             0 kB
AnonPages:       1445116 kB
Mapped:           566192 kB
Shmem:             34060 kB
KReclaimable:    1036496 kB
Slab:             242464 kB
SReclaimable:      94068 kB
SUnreclaim:       148396 kB
KernelStack:       54236 kB
PageTables:        66908 kB
NFS_Unstable:          0 kB
Bounce:                0 kB
WritebackTmp:          0 kB
CommitLimit:     9202292 kB
Committed_AS:   72893576 kB
VmallocTotal:   263061440 kB
VmallocUsed:      111260 kB
VmallocChunk:          0 kB
Percpu:             7616 kB
CmaTotal:         294912 kB
CmaFree:               0 kB
MemTotal:       12113140 kB
MemFree:         1401160 kB
MemAvailable:    7997740 kB
Buffers:            2988 kB
Cached:          6485772 kB
SwapCached:            0 kB
Active:          6019392 kB
Inactive:        2183228 kB
Active(anon):    1425468 kB
Inactive(anon):   327340 kB
Active(file):    4593924 kB
Inactive(file):  1855888 kB
Unevictable:        5576 kB
Mlocked:            5576 kB
SwapTotal:       3145724 kB
SwapFree:        3140112 kB
Dirty:               824 kB
Writeback:             0 kB
AnonPages:       1719620 kB
Mapped:           563208 kB
Shmem:             34412 kB
KReclaimable:    1031856 kB
Slab:             243000 kB
SReclaimable:      94324 kB
SUnreclaim:       148676 kB
KernelStack:       54352 kB
PageTables:        67904 kB
NFS_Unstable:          0 kB
Bounce:                0 kB
WritebackTmp:          0 kB
CommitLimit:     9202292 kB
Committed_AS:   73199040 kB
VmallocTotal:   263061440 kB
VmallocUsed:      111308 kB
VmallocChunk:          0 kB
Percpu:             7616 kB
CmaTotal:         294912 kB
CmaFree:               0 kB
MemTotal:       12113140 kB
MemFree:         1035288 kB
MemAvailable:    7524800 kB
Buffers:            2988 kB
Cached:          6486900 kB
SwapCached:            0 kB
Active:          6466588 kB
Inactive:        2098044 kB
Active(anon):    1786352 kB
Inactive(anon):   328460 kB
Active(file):    4680236 kB
Inactive(file):  1769584 kB
Unevictable:        5576 kB
Mlocked:            5576 kB
SwapTotal:       3145724 kB
SwapFree:        3140112 kB
Dirty:              1020 kB
Writeback:             0 kB
AnonPages:       2080512 kB
Mapped:           618028 kB
Shmem:             35532 kB
KReclaimable:     924780 kB
Slab:             242756 kB
SReclaimable:      94308 kB
SUnreclaim:       148448 kB
KernelStack:       54304 kB
PageTables:        68608 kB
NFS_Unstable:          0 kB
Bounce:                0 kB
WritebackTmp:          0 kB
CommitLimit:     9202292 kB
Committed_AS:   73562816 kB
VmallocTotal:   263061440 kB
VmallocUsed:      111324 kB
VmallocChunk:          0 kB
Percpu:             7616 kB
CmaTotal:         294912 kB
CmaFree:               0 kB
MemTotal:       12113140 kB
MemFree:         1040816 kB
MemAvailable:    7055116 kB
Buffers:            2988 kB
Cached:          6486900 kB
SwapCached:            0 kB
Active:          6489420 kB
Inactive:        2068328 kB
Active(anon):    1779468 kB
Inactive(anon):   328460 kB
Active(file):    4709952 kB
Inactive(file):  1739868 kB
Unevictable:        5576 kB
Mlocked:            5576 kB
SwapTotal:       3145724 kB
SwapFree:        3140112 kB
Dirty:              1036 kB
Writeback:             0 kB
AnonPages:       2073484 kB
Mapped:           755192 kB
Shmem:             35532 kB
KReclaimable:     400520 kB
Slab:             244496 kB
SReclaimable:      94308 kB
SUnreclaim:       150188 kB
KernelStack:       54304 kB
PageTables:        69380 kB
NFS_Unstable:          0 kB
Bounce:                0 kB
WritebackTmp:          0 kB
CommitLimit:     9202292 kB
Committed_AS:   73677540 kB
VmallocTotal:   263061440 kB
VmallocUsed:      111292 kB
VmallocChunk:          0 kB
Percpu:             7616 kB
CmaTotal:         294912 kB
CmaFree:               0 kB
MemTotal:       12113140 kB
MemFree:          914172 kB
MemAvailable:    6926024 kB
Buffers:            2988 kB
Cached:          6486900 kB
SwapCached:            0 kB
Active:          6618784 kB
Inactive:        2065208 kB
Active(anon):    1905712 kB
Inactive(anon):   328460 kB
Active(file):    4713072 kB
Inactive(file):  1736748 kB
Unevictable:        5576 kB
Mlocked:            5576 kB
SwapTotal:       3145724 kB
SwapFree:        3140112 kB
Dirty:              1040 kB
Writeback:             0 kB
AnonPages:       2199264 kB
Mapped:           760096 kB
Shmem:             35532 kB
KReclaimable:     395624 kB
Slab:             244484 kB
SReclaimable:      94308 kB
SUnreclaim:       150176 kB
KernelStack:       54368 kB
PageTables:        69572 kB
NFS_Unstable:          0 kB
Bounce:                0 kB
WritebackTmp:          0 kB
CommitLimit:     9202292 kB
Committed_AS:   73826960 kB
VmallocTotal:   263061440 kB
VmallocUsed:      111292 kB
VmallocChunk:          0 kB
Percpu:             7616 kB
CmaTotal:         294912 kB
CmaFree:               0 kB
MemTotal:       12113140 kB
MemFree:          896948 kB
MemAvailable:    6908732 kB
Buffers:            2988 kB
Cached:          6486900 kB
SwapCached:            0 kB
Active:          6634284 kB
Inactive:        2064988 kB
Active(anon):    1920992 kB
Inactive(anon):   328460 kB
Active(file):    4713292 kB
Inactive(file):  1736528 kB
Unevictable:        5576 kB
Mlocked:            5576 kB
SwapTotal:       3145724 kB
SwapFree:        3140112 kB
Dirty:              1160 kB
Writeback:             0 kB
AnonPages:       2215592 kB
Mapped:           760624 kB
Shmem:             35532 kB
KReclaimable:     395488 kB
Slab:             244432 kB
SReclaimable:      94308 kB
SUnreclaim:       150124 kB
KernelStack:       54272 kB
PageTables:        69624 kB
NFS_Unstable:          0 kB
Bounce:                0 kB
WritebackTmp:          0 kB
CommitLimit:     9202292 kB
Committed_AS:   74045156 kB
VmallocTotal:   263061440 kB
VmallocUsed:      111292 kB
VmallocChunk:          0 kB
Percpu:             7616 kB
CmaTotal:         294912 kB
CmaFree:               0 kB
MemTotal:       12113140 kB
MemFree:          786564 kB
MemAvailable:    6798440 kB
Buffers:            2988 kB
Cached:          6486968 kB
SwapCached:            0 kB
Active:          6753532 kB
Inactive:        2057544 kB
Active(anon):    2032728 kB
Inactive(anon):   328512 kB
Active(file):    4720804 kB
Inactive(file):  1729032 kB
Unevictable:        5576 kB
Mlocked:            5576 kB
SwapTotal:       3145724 kB
SwapFree:        3140112 kB
Dirty:              1188 kB
Writeback:             0 kB
AnonPages:       2326844 kB
Mapped:           780688 kB
Shmem:             35584 kB
KReclaimable:     395640 kB
Slab:             244832 kB
SReclaimable:      94356 kB
SUnreclaim:       150476 kB
KernelStack:       54732 kB
PageTables:        70124 kB
NFS_Unstable:          0 kB
Bounce:                0 kB
WritebackTmp:          0 kB
CommitLimit:     9202292 kB
Committed_AS:   74190004 kB
VmallocTotal:   263061440 kB
VmallocUsed:      111676 kB
VmallocChunk:          0 kB
Percpu:             7616 kB
CmaTotal:         294912 kB
CmaFree:               4 kB
MemTotal:       12113140 kB
MemFree:          561480 kB
MemAvailable:    6573992 kB
Buffers:            2988 kB
Cached:          6487604 kB
SwapCached:            0 kB
Active:          6988252 kB
Inactive:        2047364 kB
Active(anon):    2256632 kB
Inactive(anon):   328520 kB
Active(file):    4731620 kB
Inactive(file):  1718844 kB
Unevictable:        5576 kB
Mlocked:            5576 kB
SwapTotal:       3145724 kB
SwapFree:        3140112 kB
Dirty:              1224 kB
Writeback:             0 kB
AnonPages:       2550760 kB
Mapped:           780652 kB
Shmem:             35592 kB
KReclaimable:     395656 kB
Slab:             244836 kB
SReclaimable:      94372 kB
SUnreclaim:       150464 kB
KernelStack:       54688 kB
PageTables:        70452 kB
NFS_Unstable:          0 kB
Bounce:                0 kB
WritebackTmp:          0 kB
CommitLimit:     9202292 kB
Committed_AS:   74352192 kB
VmallocTotal:   263061440 kB
VmallocUsed:      111724 kB
VmallocChunk:          0 kB
Percpu:             7616 kB
CmaTotal:         294912 kB
CmaFree:               0 kB
MemTotal:       12113140 kB
MemFree:          467688 kB
MemAvailable:    6475408 kB
Buffers:            2992 kB
Cached:          6487740 kB
SwapCached:            0 kB
Active:          7087368 kB
Inactive:        2040444 kB
Active(anon):    2349076 kB
Inactive(anon):   328520 kB
Active(file):    4738292 kB
Inactive(file):  1711924 kB
Unevictable:        5576 kB
Mlocked:            5576 kB
SwapTotal:       3145724 kB
SwapFree:        3140112 kB
Dirty:              1504 kB
Writeback:             0 kB
AnonPages:       2642880 kB
Mapped:           786932 kB
Shmem:             35592 kB
KReclaimable:     386564 kB
Slab:             244844 kB
SReclaimable:      94388 kB
SUnreclaim:       150456 kB
KernelStack:       54732 kB
PageTables:        70656 kB
NFS_Unstable:          0 kB
Bounce:                0 kB
WritebackTmp:          0 kB
CommitLimit:     9202292 kB
Committed_AS:   74411144 kB
VmallocTotal:   263061440 kB
VmallocUsed:      111692 kB
VmallocChunk:          0 kB
Percpu:             7616 kB
CmaTotal:         294912 kB
CmaFree:               0 kB
MemTotal:       12113140 kB
MemFree:          465160 kB
MemAvailable:    6473128 kB
Buffers:            2992 kB
Cached:          6487856 kB
SwapCached:            0 kB
Active:          7089016 kB
Inactive:        2040516 kB
Active(anon):    2350292 kB
Inactive(anon):   328756 kB
Active(file):    4738724 kB
Inactive(file):  1711760 kB
Unevictable:        5576 kB
Mlocked:            5576 kB
SwapTotal:       3145724 kB
SwapFree:        3140112 kB
Dirty:              1564 kB
Writeback:             0 kB
AnonPages:       2644664 kB
Mapped:           787460 kB
Shmem:             35828 kB
KReclaimable:     386524 kB
Slab:             244972 kB
SReclaimable:      94372 kB
SUnreclaim:       150600 kB
KernelStack:       54752 kB
PageTables:        70580 kB
NFS_Unstable:          0 kB
Bounce:                0 kB
WritebackTmp:          0 kB
CommitLimit:     9202292 kB
Committed_AS:   74413816 kB
VmallocTotal:   263061440 kB
VmallocUsed:      111724 kB
VmallocChunk:          0 kB
Percpu:             7616 kB
CmaTotal:         294912 kB
CmaFree:               0 kB
MemTotal:       12113140 kB
MemFree:          464876 kB
MemAvailable:    6472848 kB
Buffers:            2992 kB
Cached:          6487860 kB
SwapCached:            0 kB
Active:          7090908 kB
Inactive:        2040396 kB
Active(anon):    2352060 kB
Inactive(anon):   328756 kB
Active(file):    4738848 kB
Inactive(file):  1711640 kB
Unevictable:        5576 kB
Mlocked:            5576 kB
SwapTotal:       3145724 kB
SwapFree:        3140112 kB
Dirty:              1576 kB
Writeback:             0 kB
AnonPages:       2646048 kB
Mapped:           787844 kB
Shmem:             35828 kB
KReclaimable:     386524 kB
Slab:             244672 kB
SReclaimable:      94372 kB
SUnreclaim:       150300 kB
KernelStack:       54756 kB
PageTables:        70468 kB
NFS_Unstable:          0 kB
Bounce:                0 kB
WritebackTmp:          0 kB
CommitLimit:     9202292 kB
Committed_AS:   74411772 kB
VmallocTotal:   263061440 kB
VmallocUsed:      111724 kB
VmallocChunk:          0 kB
Percpu:             7616 kB
CmaTotal:         294912 kB
CmaFree:               0 kB
MemTotal:       12113140 kB
MemFree:          453128 kB
MemAvailable:    6461092 kB
Buffers:            2992 kB
Cached:          6487864 kB
SwapCached:            0 kB
Active:          7101696 kB
Inactive:        2040392 kB
Active(anon):    2362840 kB
Inactive(anon):   328760 kB
Active(file):    4738856 kB
Inactive(file):  1711632 kB
Unevictable:        5576 kB
Mlocked:            5576 kB
SwapTotal:       3145724 kB
SwapFree:        3140112 kB
Dirty:               584 kB
Writeback:             0 kB
AnonPages:       2656732 kB
Mapped:           788820 kB
Shmem:             35832 kB
KReclaimable:     386508 kB
Slab:             244700 kB
SReclaimable:      94372 kB
SUnreclaim:       150328 kB
KernelStack:       54672 kB
PageTables:        70656 kB
NFS_Unstable:          0 kB
Bounce:                0 kB
WritebackTmp:          0 kB
CommitLimit:     9202292 kB
Committed_AS:   74424056 kB
VmallocTotal:   263061440 kB
VmallocUsed:      111660 kB
VmallocChunk:          0 kB
Percpu:             7616 kB
CmaTotal:         294912 kB
CmaFree:               0 kB
MemTotal:       12113140 kB
MemFree:          450408 kB
MemAvailable:    6458372 kB
Buffers:            2992 kB
Cached:          6487732 kB
SwapCached:            0 kB
Active:          7103380 kB
Inactive:        2040392 kB
Active(anon):    2364524 kB
Inactive(anon):   328760 kB
Active(file):    4738856 kB
Inactive(file):  1711632 kB
Unevictable:        5576 kB
Mlocked:            5576 kB
SwapTotal:       3145724 kB
SwapFree:        3140112 kB
Dirty:              1212 kB
Writeback:             0 kB
AnonPages:       2658692 kB
Mapped:           788896 kB
Shmem:             35832 kB
KReclaimable:     386508 kB
Slab:             244952 kB
SReclaimable:      94372 kB
SUnreclaim:       150580 kB
KernelStack:       54620 kB
PageTables:        70756 kB
NFS_Unstable:          0 kB
Bounce:                0 kB
WritebackTmp:          0 kB
CommitLimit:     9202292 kB
Committed_AS:   74430784 kB
VmallocTotal:   263061440 kB
VmallocUsed:      111628 kB
VmallocChunk:          0 kB
Percpu:             7616 kB
CmaTotal:         294912 kB
CmaFree:               0 kB
MemTotal:       12113140 kB
MemFree:          450556 kB
MemAvailable:    6458524 kB
Buffers:            2992 kB
Cached:          6487872 kB
SwapCached:            0 kB
Active:          7102136 kB
Inactive:        2040400 kB
Active(anon):    2363280 kB
Inactive(anon):   328764 kB
Active(file):    4738856 kB
Inactive(file):  1711636 kB
Unevictable:        5576 kB
Mlocked:            5576 kB
SwapTotal:       3145724 kB
SwapFree:        3140112 kB
Dirty:              1348 kB
Writeback:             0 kB
AnonPages:       2657220 kB
Mapped:           788828 kB
Shmem:             35836 kB
KReclaimable:     386508 kB
Slab:             244992 kB
SReclaimable:      94372 kB
SUnreclaim:       150620 kB
KernelStack:       54624 kB
PageTables:        71004 kB
NFS_Unstable:          0 kB
Bounce:                0 kB
WritebackTmp:          0 kB
CommitLimit:     9202292 kB
Committed_AS:   74424156 kB
VmallocTotal:   263061440 kB
VmallocUsed:      111612 kB
VmallocChunk:          0 kB
Percpu:             7616 kB
CmaTotal:         294912 kB
CmaFree:               0 kB
MemTotal:       12113140 kB
MemFree:          449784 kB
MemAvailable:    6457752 kB
Buffers:            2992 kB
Cached:          6487872 kB
SwapCached:            0 kB
Active:          7102664 kB
Inactive:        2040272 kB
Active(anon):    2363680 kB
Inactive(anon):   328764 kB
Active(file):    4738984 kB
Inactive(file):  1711508 kB
Unevictable:        5576 kB
Mlocked:            5576 kB
SwapTotal:       3145724 kB
SwapFree:        3140112 kB
Dirty:              1352 kB
Writeback:             0 kB
AnonPages:       2657776 kB
Mapped:           788832 kB
Shmem:             35836 kB
KReclaimable:     386508 kB
Slab:             244940 kB
SReclaimable:      94372 kB
SUnreclaim:       150568 kB
KernelStack:       54528 kB
PageTables:        70636 kB
NFS_Unstable:          0 kB
Bounce:                0 kB
WritebackTmp:          0 kB
CommitLimit:     9202292 kB
Committed_AS:   74424944 kB
VmallocTotal:   263061440 kB
VmallocUsed:      111564 kB
VmallocChunk:          0 kB
Percpu:             7616 kB
CmaTotal:         294912 kB
CmaFree:               0 kB
MemTotal:       12113140 kB
MemFree:          449296 kB
MemAvailable:    6457264 kB
Buffers:            2992 kB
Cached:          6487872 kB
SwapCached:            0 kB
Active:          7103224 kB
Inactive:        2040272 kB
Active(anon):    2364240 kB
Inactive(anon):   328764 kB
Active(file):    4738984 kB
Inactive(file):  1711508 kB
Unevictable:        5576 kB
Mlocked:            5576 kB
SwapTotal:       3145724 kB
SwapFree:        3140112 kB
Dirty:              1364 kB
Writeback:             0 kB
AnonPages:       2658056 kB
Mapped:           788696 kB
Shmem:             35836 kB
KReclaimable:     386508 kB
Slab:             244908 kB
SReclaimable:      94372 kB
SUnreclaim:       150536 kB
KernelStack:       54540 kB
PageTables:        70604 kB
NFS_Unstable:          0 kB
Bounce:                0 kB
WritebackTmp:          0 kB
CommitLimit:     9202292 kB
Committed_AS:   74423636 kB
VmallocTotal:   263061440 kB
VmallocUsed:      111532 kB
VmallocChunk:          0 kB
Percpu:             7616 kB
CmaTotal:         294912 kB
CmaFree:              12 kB
MemTotal:       12113140 kB
MemFree:          449584 kB
MemAvailable:    6457552 kB
Buffers:            2992 kB
Cached:          6487872 kB
SwapCached:            0 kB
Active:          7103684 kB
Inactive:        2040272 kB
Active(anon):    2364700 kB
Inactive(anon):   328764 kB
Active(file):    4738984 kB
Inactive(file):  1711508 kB
Unevictable:        5576 kB
Mlocked:            5576 kB
SwapTotal:       3145724 kB
SwapFree:        3140112 kB
Dirty:              1364 kB
Writeback:             0 kB
AnonPages:       2658532 kB
Mapped:           788852 kB
Shmem:             35836 kB
KReclaimable:     386508 kB
Slab:             244700 kB
SReclaimable:      94372 kB
SUnreclaim:       150328 kB
KernelStack:       54512 kB
PageTables:        70604 kB
NFS_Unstable:          0 kB
Bounce:                0 kB
WritebackTmp:          0 kB
CommitLimit:     9202292 kB
Committed_AS:   74430164 kB
VmallocTotal:   263061440 kB
VmallocUsed:      111484 kB
VmallocChunk:          0 kB
Percpu:             7616 kB
CmaTotal:         294912 kB
CmaFree:               0 kB
MemTotal:       12113140 kB
MemFree:          449900 kB
MemAvailable:    6457868 kB
Buffers:            2992 kB
Cached:          6487872 kB
SwapCached:            0 kB
Active:          7103760 kB
Inactive:        2040144 kB
Active(anon):    2364648 kB
Inactive(anon):   328764 kB
Active(file):    4739112 kB
Inactive(file):  1711380 kB
Unevictable:        5576 kB
Mlocked:            5576 kB
SwapTotal:       3145724 kB
SwapFree:        3140112 kB
Dirty:              1364 kB
Writeback:             0 kB
AnonPages:       2658700 kB
Mapped:           788900 kB
Shmem:             35836 kB
KReclaimable:     386508 kB
Slab:             244696 kB
SReclaimable:      94372 kB
SUnreclaim:       150324 kB
KernelStack:       54368 kB
PageTables:        70644 kB
NFS_Unstable:          0 kB
Bounce:                0 kB
WritebackTmp:          0 kB
CommitLimit:     9202292 kB
Committed_AS:   74427676 kB
VmallocTotal:   263061440 kB
VmallocUsed:      111420 kB
VmallocChunk:          0 kB
Percpu:             7616 kB
CmaTotal:         294912 kB
CmaFree:               0 kB
MemTotal:       12113140 kB
MemFree:          449924 kB
MemAvailable:    6457892 kB
Buffers:            2992 kB
Cached:          6487872 kB
SwapCached:            0 kB
Active:          7104536 kB
Inactive:        2040024 kB
Active(anon):    2365304 kB
Inactive(anon):   328764 kB
Active(file):    4739232 kB
Inactive(file):  1711260 kB
Unevictable:        5576 kB
Mlocked:            5576 kB
SwapTotal:       3145724 kB
SwapFree:        3140112 kB
Dirty:              1376 kB
Writeback:             0 kB
AnonPages:       2659180 kB
Mapped:           788900 kB
Shmem:             35836 kB
KReclaimable:     386508 kB
Slab:             244704 kB
SReclaimable:      94372 kB
SUnreclaim:       150332 kB
KernelStack:       54352 kB
PageTables:        70624 kB
NFS_Unstable:          0 kB
Bounce:                0 kB
WritebackTmp:          0 kB
CommitLimit:     9202292 kB
Committed_AS:   74427908 kB
VmallocTotal:   263061440 kB
VmallocUsed:      111420 kB
VmallocChunk:          0 kB
Percpu:             7616 kB
CmaTotal:         294912 kB
CmaFree:               0 kB
MemTotal:       12113140 kB
MemFree:          449112 kB
MemAvailable:    6457080 kB
Buffers:            2992 kB
Cached:          6487872 kB
SwapCached:            0 kB
Active:          7104944 kB
Inactive:        2040016 kB
Active(anon):    2365704 kB
Inactive(anon):   328764 kB
Active(file):    4739240 kB
Inactive(file):  1711252 kB
Unevictable:        5576 kB
Mlocked:            5576 kB
SwapTotal:       3145724 kB
SwapFree:        3140112 kB
Dirty:              1376 kB
Writeback:             0 kB
AnonPages:       2659852 kB
Mapped:           788900 kB
Shmem:             35836 kB
KReclaimable:     386508 kB
Slab:             244684 kB
SReclaimable:      94372 kB
SUnreclaim:       150312 kB
KernelStack:       54304 kB
PageTables:        70624 kB
NFS_Unstable:          0 kB
Bounce:                0 kB
WritebackTmp:          0 kB
CommitLimit:     9202292 kB
Committed_AS:   74424612 kB
VmallocTotal:   263061440 kB
VmallocUsed:      111404 kB
VmallocChunk:          0 kB
Percpu:             7616 kB
CmaTotal:         294912 kB
CmaFree:               0 kB
MemTotal:       12113140 kB
MemFree:          448668 kB
MemAvailable:    6456636 kB
Buffers:            2992 kB
Cached:          6487872 kB
SwapCached:            0 kB
Active:          7105012 kB
Inactive:        2040016 kB
Active(anon):    2365772 kB
Inactive(anon):   328764 kB
Active(file):    4739240 kB
Inactive(file):  1711252 kB
Unevictable:        5576 kB
Mlocked:            5576 kB
SwapTotal:       3145724 kB
SwapFree:        3140112 kB
Dirty:              1376 kB
Writeback:             0 kB
AnonPages:       2659800 kB
Mapped:           788904 kB
Shmem:             35836 kB
KReclaimable:     386508 kB
Slab:             244696 kB
SReclaimable:      94372 kB
SUnreclaim:       150324 kB
KernelStack:       54336 kB
PageTables:        70648 kB
NFS_Unstable:          0 kB
Bounce:                0 kB
WritebackTmp:          0 kB
CommitLimit:     9202292 kB
Committed_AS:   74432092 kB
VmallocTotal:   263061440 kB
VmallocUsed:      111388 kB
VmallocChunk:          0 kB
Percpu:             7616 kB
CmaTotal:         294912 kB
CmaFree:               0 kB
MemTotal:       12113140 kB
MemFree:          448076 kB
MemAvailable:    6456044 kB
Buffers:            2992 kB
Cached:          6487872 kB
SwapCached:            0 kB
Active:          7105864 kB
Inactive:        2040016 kB
Active(anon):    2366624 kB
Inactive(anon):   328764 kB
Active(file):    4739240 kB
Inactive(file):  1711252 kB
Unevictable:        5576 kB
Mlocked:            5576 kB
SwapTotal:       3145724 kB
SwapFree:        3140112 kB
Dirty:               520 kB
Writeback:             0 kB
AnonPages:       2660464 kB
Mapped:           788904 kB
Shmem:             35836 kB
KReclaimable:     386508 kB
Slab:             244944 kB
SReclaimable:      94372 kB
SUnreclaim:       150572 kB
KernelStack:       54336 kB
PageTables:        70824 kB
NFS_Unstable:          0 kB
Bounce:                0 kB
WritebackTmp:          0 kB
CommitLimit:     9202292 kB
Committed_AS:   74433504 kB
VmallocTotal:   263061440 kB
VmallocUsed:      111372 kB
VmallocChunk:          0 kB
Percpu:             7616 kB
CmaTotal:         294912 kB
CmaFree:               0 kB
MemTotal:       12113140 kB
MemFree:          447316 kB
MemAvailable:    6455284 kB
Buffers:            2992 kB
Cached:          6487872 kB
SwapCached:            0 kB
Active:          7105996 kB
Inactive:        2040016 kB
Active(anon):    2366756 kB
Inactive(anon):   328764 kB
Active(file):    4739240 kB
Inactive(file):  1711252 kB
Unevictable:        5576 kB
Mlocked:            5576 kB
SwapTotal:       3145724 kB
SwapFree:        3140112 kB
Dirty:               524 kB
Writeback:             0 kB
AnonPages:       2660576 kB
Mapped:           788976 kB
Shmem:             35836 kB
KReclaimable:     386508 kB
Slab:             244720 kB
SReclaimable:      94372 kB
SUnreclaim:       150348 kB
KernelStack:       54336 kB
PageTables:        70792 kB
NFS_Unstable:          0 kB
Bounce:                0 kB
WritebackTmp:          0 kB
CommitLimit:     9202292 kB
Committed_AS:   74433244 kB
VmallocTotal:   263061440 kB
VmallocUsed:      111388 kB
VmallocChunk:          0 kB
Percpu:             7616 kB
CmaTotal:         294912 kB
CmaFree:               0 kB
MemTotal:       12113140 kB
MemFree:          442876 kB
MemAvailable:    6450664 kB
Buffers:            2992 kB
Cached:          6487888 kB
SwapCached:            0 kB
Active:          7113440 kB
Inactive:        2039876 kB
Active(anon):    2374044 kB
Inactive(anon):   328780 kB
Active(file):    4739396 kB
Inactive(file):  1711096 kB
Unevictable:        5576 kB
Mlocked:            5576 kB
SwapTotal:       3145724 kB
SwapFree:        3140112 kB
Dirty:               544 kB
Writeback:             0 kB
AnonPages:       2668004 kB
Mapped:           789436 kB
Shmem:             35852 kB
KReclaimable:     386148 kB
Slab:             244872 kB
SReclaimable:      94372 kB
SUnreclaim:       150500 kB
KernelStack:       54352 kB
PageTables:        70692 kB
NFS_Unstable:          0 kB
Bounce:                0 kB
WritebackTmp:          0 kB
CommitLimit:     9202292 kB
Committed_AS:   74426880 kB
VmallocTotal:   263061440 kB
VmallocUsed:      111372 kB
VmallocChunk:          0 kB
Percpu:             7616 kB
CmaTotal:         294912 kB
CmaFree:               0 kB
MemTotal:       12113140 kB
MemFree:          411812 kB
MemAvailable:    6419604 kB
Buffers:            2992 kB
Cached:          6487892 kB
SwapCached:            0 kB
Active:          7143928 kB
Inactive:        2039880 kB
Active(anon):    2404532 kB
Inactive(anon):   328780 kB
Active(file):    4739396 kB
Inactive(file):  1711100 kB
Unevictable:        5576 kB
Mlocked:            5576 kB
SwapTotal:       3145724 kB
SwapFree:        3140112 kB
Dirty:               584 kB
Writeback:             0 kB
AnonPages:       2698500 kB
Mapped:           789204 kB
Shmem:             35852 kB
KReclaimable:     386148 kB
Slab:             244928 kB
SReclaimable:      94372 kB
SUnreclaim:       150556 kB
KernelStack:       54368 kB
PageTables:        70516 kB
NFS_Unstable:          0 kB
Bounce:                0 kB
WritebackTmp:          0 kB
CommitLimit:     9202292 kB
Committed_AS:   74424744 kB
VmallocTotal:   263061440 kB
VmallocUsed:      111372 kB
VmallocChunk:          0 kB
Percpu:             7616 kB
CmaTotal:         294912 kB
CmaFree:              12 kB
MemTotal:       12113140 kB
MemFree:          409928 kB
MemAvailable:    6417720 kB
Buffers:            2992 kB
Cached:          6487892 kB
SwapCached:            0 kB
Active:          7144696 kB
Inactive:        2039752 kB
Active(anon):    2405172 kB
Inactive(anon):   328780 kB
Active(file):    4739524 kB
Inactive(file):  1710972 kB
Unevictable:        5576 kB
Mlocked:            5576 kB
SwapTotal:       3145724 kB
SwapFree:        3140112 kB
Dirty:               584 kB
Writeback:             0 kB
AnonPages:       2699024 kB
Mapped:           789276 kB
Shmem:             35852 kB
KReclaimable:     386148 kB
Slab:             244724 kB
SReclaimable:      94372 kB
SUnreclaim:       150352 kB
KernelStack:       54368 kB
PageTables:        70772 kB
NFS_Unstable:          0 kB
Bounce:                0 kB
WritebackTmp:          0 kB
CommitLimit:     9202292 kB
Committed_AS:   74430276 kB
VmallocTotal:   263061440 kB
VmallocUsed:      111372 kB
VmallocChunk:          0 kB
Percpu:             7616 kB
CmaTotal:         294912 kB
CmaFree:               0 kB
MemTotal:       12113140 kB
MemFree:          410564 kB
MemAvailable:    6418296 kB
Buffers:            2992 kB
Cached:          6487900 kB
SwapCached:            0 kB
Active:          7144968 kB
Inactive:        2039632 kB
Active(anon):    2405316 kB
Inactive(anon):   328788 kB
Active(file):    4739652 kB
Inactive(file):  1710844 kB
Unevictable:        5576 kB
Mlocked:            5576 kB
SwapTotal:       3145724 kB
SwapFree:        3140112 kB
Dirty:               588 kB
Writeback:             0 kB
AnonPages:       2699208 kB
Mapped:           789640 kB
Shmem:             35860 kB
KReclaimable:     386028 kB
Slab:             244460 kB
SReclaimable:      94372 kB
SUnreclaim:       150088 kB
KernelStack:       54304 kB
PageTables:        70464 kB
NFS_Unstable:          0 kB
Bounce:                0 kB
WritebackTmp:          0 kB
CommitLimit:     9202292 kB
Committed_AS:   74431624 kB
VmallocTotal:   263061440 kB
VmallocUsed:      111372 kB
VmallocChunk:          0 kB
Percpu:             7616 kB
CmaTotal:         294912 kB
CmaFree:               0 kB
MemTotal:       12113140 kB
MemFree:          405404 kB
MemAvailable:    6412964 kB
Buffers:            2992 kB
Cached:          6487900 kB
SwapCached:            0 kB
Active:          7145688 kB
Inactive:        2039632 kB
Active(anon):    2406036 kB
Inactive(anon):   328788 kB
Active(file):    4739652 kB
Inactive(file):  1710844 kB
Unevictable:        5576 kB
Mlocked:            5576 kB
SwapTotal:       3145724 kB
SwapFree:        3140112 kB
Dirty:               600 kB
Writeback:             0 kB
AnonPages:       2700200 kB
Mapped:           789784 kB
Shmem:             35860 kB
KReclaimable:     385684 kB
Slab:             244720 kB
SReclaimable:      94372 kB
SUnreclaim:       150348 kB
KernelStack:       54336 kB
PageTables:        70680 kB
NFS_Unstable:          0 kB
Bounce:                0 kB
WritebackTmp:          0 kB
CommitLimit:     9202292 kB
Committed_AS:   74437468 kB
VmallocTotal:   263061440 kB
VmallocUsed:      111356 kB
VmallocChunk:          0 kB
Percpu:             7616 kB
CmaTotal:         294912 kB
CmaFree:               0 kB
MemTotal:       12113140 kB
MemFree:          405092 kB
MemAvailable:    6412620 kB
Buffers:            2992 kB
Cached:          6487900 kB
SwapCached:            0 kB
Active:          7146396 kB
Inactive:        2039632 kB
Active(anon):    2406744 kB
Inactive(anon):   328788 kB
Active(file):    4739652 kB
Inactive(file):  1710844 kB
Unevictable:        5576 kB
Mlocked:            5576 kB
SwapTotal:       3145724 kB
SwapFree:        3140112 kB
Dirty:               608 kB
Writeback:             0 kB
AnonPages:       2700492 kB
Mapped:           789968 kB
Shmem:             35860 kB
KReclaimable:     385620 kB
Slab:             244936 kB
SReclaimable:      94372 kB
SUnreclaim:       150564 kB
KernelStack:       54352 kB
PageTables:        70796 kB
NFS_Unstable:          0 kB
Bounce:                0 kB
WritebackTmp:          0 kB
CommitLimit:     9202292 kB
Committed_AS:   74431256 kB
VmallocTotal:   263061440 kB
VmallocUsed:      111372 kB
VmallocChunk:          0 kB
Percpu:             7616 kB
CmaTotal:         294912 kB
CmaFree:               0 kB
MemTotal:       12113140 kB
MemFree:          405640 kB
MemAvailable:    6412944 kB
Buffers:            2992 kB
Cached:          6487900 kB
SwapCached:            0 kB
Active:          7147200 kB
Inactive:        2039504 kB
Active(anon):    2407420 kB
Inactive(anon):   328788 kB
Active(file):    4739780 kB
Inactive(file):  1710716 kB
Unevictable:        5576 kB
Mlocked:            5576 kB
SwapTotal:       3145724 kB
SwapFree:        3140112 kB
Dirty:               608 kB
Writeback:             0 kB
AnonPages:       2701196 kB
Mapped:           790124 kB
Shmem:             35860 kB
KReclaimable:     385172 kB
Slab:             244980 kB
SReclaimable:      94372 kB
SUnreclaim:       150608 kB
KernelStack:       54304 kB
PageTables:        70628 kB
NFS_Unstable:          0 kB
Bounce:                0 kB
WritebackTmp:          0 kB
CommitLimit:     9202292 kB
Committed_AS:   74436980 kB
VmallocTotal:   263061440 kB
VmallocUsed:      111372 kB
VmallocChunk:          0 kB
Percpu:             7616 kB
CmaTotal:         294912 kB
CmaFree:               0 kB
MemTotal:       12113140 kB
MemFree:          405452 kB
MemAvailable:    6412756 kB
Buffers:            2992 kB
Cached:          6487900 kB
SwapCached:            0 kB
Active:          7147472 kB
Inactive:        2039492 kB
Active(anon):    2407680 kB
Inactive(anon):   328788 kB
Active(file):    4739792 kB
Inactive(file):  1710704 kB
Unevictable:        5576 kB
Mlocked:            5576 kB
SwapTotal:       3145724 kB
SwapFree:        3140112 kB
Dirty:               624 kB
Writeback:             0 kB
AnonPages:       2701680 kB
Mapped:           790128 kB
Shmem:             35860 kB
KReclaimable:     385172 kB
Slab:             244724 kB
SReclaimable:      94372 kB
SUnreclaim:       150352 kB
KernelStack:       54320 kB
PageTables:        70688 kB
NFS_Unstable:          0 kB
Bounce:                0 kB
WritebackTmp:          0 kB
CommitLimit:     9202292 kB
Committed_AS:   74448104 kB
VmallocTotal:   263061440 kB
VmallocUsed:      111372 kB
VmallocChunk:          0 kB
Percpu:             7616 kB
CmaTotal:         294912 kB
CmaFree:               0 kB
MemTotal:       12113140 kB
MemFree:          413936 kB
MemAvailable:    6421136 kB
Buffers:            2992 kB
Cached:          6487904 kB
SwapCached:            0 kB
Active:          7139740 kB
Inactive:        2039496 kB
Active(anon):    2399948 kB
Inactive(anon):   328792 kB
Active(file):    4739792 kB
Inactive(file):  1710704 kB
Unevictable:        5576 kB
Mlocked:            5576 kB
SwapTotal:       3145724 kB
SwapFree:        3140112 kB
Dirty:               536 kB
Writeback:             0 kB
AnonPages:       2694048 kB
Mapped:           790240 kB
Shmem:             35864 kB
KReclaimable:     384964 kB
Slab:             244744 kB
SReclaimable:      94372 kB
SUnreclaim:       150372 kB
KernelStack:       54304 kB
PageTables:        70632 kB
NFS_Unstable:          0 kB
Bounce:                0 kB
WritebackTmp:          0 kB
CommitLimit:     9202292 kB
Committed_AS:   74451112 kB
VmallocTotal:   263061440 kB
VmallocUsed:      111372 kB
VmallocChunk:          0 kB
Percpu:             7616 kB
CmaTotal:         294912 kB
CmaFree:               0 kB
MemTotal:       12113140 kB
MemFree:          414796 kB
MemAvailable:    6421996 kB
Buffers:            2992 kB
Cached:          6487904 kB
SwapCached:            0 kB
Active:          7139832 kB
Inactive:        2039496 kB
Active(anon):    2400040 kB
Inactive(anon):   328792 kB
Active(file):    4739792 kB
Inactive(file):  1710704 kB
Unevictable:        5576 kB
Mlocked:            5576 kB
SwapTotal:       3145724 kB
SwapFree:        3140112 kB
Dirty:               544 kB
Writeback:             0 kB
AnonPages:       2693932 kB
Mapped:           790244 kB
Shmem:             35864 kB
KReclaimable:     384964 kB
Slab:             244708 kB
SReclaimable:      94372 kB
SUnreclaim:       150336 kB
KernelStack:       54288 kB
PageTables:        70476 kB
NFS_Unstable:          0 kB
Bounce:                0 kB
WritebackTmp:          0 kB
CommitLimit:     9202292 kB
Committed_AS:   74441904 kB
VmallocTotal:   263061440 kB
VmallocUsed:      111372 kB
VmallocChunk:          0 kB
Percpu:             7616 kB
CmaTotal:         294912 kB
CmaFree:               0 kB
MemTotal:       12113140 kB
MemFree:          414644 kB
MemAvailable:    6421900 kB
Buffers:            2992 kB
Cached:          6487960 kB
SwapCached:            0 kB
Active:          7140132 kB
Inactive:        2039424 kB
Active(anon):    2400212 kB
Inactive(anon):   328792 kB
Active(file):    4739920 kB
Inactive(file):  1710632 kB
Unevictable:        5576 kB
Mlocked:            5576 kB
SwapTotal:       3145724 kB
SwapFree:        3140112 kB
Dirty:               572 kB
Writeback:             0 kB
AnonPages:       2694116 kB
Mapped:           790308 kB
Shmem:             35864 kB
KReclaimable:     384964 kB
Slab:             244948 kB
SReclaimable:      94372 kB
SUnreclaim:       150576 kB
KernelStack:       54336 kB
PageTables:        70832 kB
NFS_Unstable:          0 kB
Bounce:                0 kB
WritebackTmp:          0 kB
CommitLimit:     9202292 kB
Committed_AS:   74438364 kB
VmallocTotal:   263061440 kB
VmallocUsed:      111356 kB
VmallocChunk:          0 kB
Percpu:             7616 kB
CmaTotal:         294912 kB
CmaFree:               0 kB
MemTotal:       12113140 kB
MemFree:          413688 kB
MemAvailable:    6420944 kB
Buffers:            2992 kB
Cached:          6487960 kB
SwapCached:            0 kB
Active:          7141300 kB
Inactive:        2039424 kB
Active(anon):    2401380 kB
Inactive(anon):   328792 kB
Active(file):    4739920 kB
Inactive(file):  1710632 kB
Unevictable:        5576 kB
Mlocked:            5576 kB
SwapTotal:       3145724 kB
SwapFree:        3140112 kB
Dirty:               576 kB
Writeback:             0 kB
AnonPages:       2695520 kB
Mapped:           790340 kB
Shmem:             35864 kB
KReclaimable:     384964 kB
Slab:             244716 kB
SReclaimable:      94372 kB
SUnreclaim:       150344 kB
KernelStack:       54336 kB
PageTables:        70656 kB
NFS_Unstable:          0 kB
Bounce:                0 kB
WritebackTmp:          0 kB
CommitLimit:     9202292 kB
Committed_AS:   74439608 kB
VmallocTotal:   263061440 kB
VmallocUsed:      111372 kB
VmallocChunk:          0 kB
Percpu:             7616 kB
CmaTotal:         294912 kB
CmaFree:               0 kB
MemTotal:       12113140 kB
MemFree:          412248 kB
MemAvailable:    6419504 kB
Buffers:            2992 kB
Cached:          6487960 kB
SwapCached:            0 kB
Active:          7141952 kB
Inactive:        2039296 kB
Active(anon):    2401904 kB
Inactive(anon):   328792 kB
Active(file):    4740048 kB
Inactive(file):  1710504 kB
Unevictable:        5576 kB
Mlocked:            5576 kB
SwapTotal:       3145724 kB
SwapFree:        3140112 kB
Dirty:               576 kB
Writeback:             0 kB
AnonPages:       2695732 kB
Mapped:           790284 kB
Shmem:             35864 kB
KReclaimable:     384964 kB
Slab:             244692 kB
SReclaimable:      94372 kB
SUnreclaim:       150320 kB
KernelStack:       54336 kB
PageTables:        70640 kB
NFS_Unstable:          0 kB
Bounce:                0 kB
WritebackTmp:          0 kB
CommitLimit:     9202292 kB
Committed_AS:   74437524 kB
VmallocTotal:   263061440 kB
VmallocUsed:      111356 kB
VmallocChunk:          0 kB
Percpu:             7616 kB
CmaTotal:         294912 kB
CmaFree:               0 kB
MemTotal:       12113140 kB
MemFree:          413624 kB
MemAvailable:    6420876 kB
Buffers:            2992 kB
Cached:          6487960 kB
SwapCached:            0 kB
Active:          7142260 kB
Inactive:        2039296 kB
Active(anon):    2402212 kB
Inactive(anon):   328792 kB
Active(file):    4740048 kB
Inactive(file):  1710504 kB
Unevictable:        5576 kB
Mlocked:            5576 kB
SwapTotal:       3145724 kB
SwapFree:        3140112 kB
Dirty:               496 kB
Writeback:             0 kB
AnonPages:       2696124 kB
Mapped:           790520 kB
Shmem:             35864 kB
KReclaimable:     384956 kB
Slab:             245212 kB
SReclaimable:      94372 kB
SUnreclaim:       150840 kB
KernelStack:       54368 kB
PageTables:        70388 kB
NFS_Unstable:          0 kB
Bounce:                0 kB
WritebackTmp:          0 kB
CommitLimit:     9202292 kB
Committed_AS:   74440464 kB
VmallocTotal:   263061440 kB
VmallocUsed:      111340 kB
VmallocChunk:          0 kB
Percpu:             7616 kB
CmaTotal:         294912 kB
CmaFree:               0 kB
MemTotal:       12113140 kB
MemFree:          375692 kB
MemAvailable:    6386460 kB
Buffers:            2992 kB
Cached:          6491508 kB
SwapCached:            0 kB
Active:          7177288 kB
Inactive:        2042716 kB
Active(anon):    2437112 kB
Inactive(anon):   328796 kB
Active(file):    4740176 kB
Inactive(file):  1713920 kB
Unevictable:        5576 kB
Mlocked:            5576 kB
SwapTotal:       3145724 kB
SwapFree:        3140112 kB
Dirty:               500 kB
Writeback:             0 kB
AnonPages:       2731204 kB
Mapped:           790396 kB
Shmem:             35868 kB
KReclaimable:     384900 kB
Slab:             244696 kB
SReclaimable:      94372 kB
SUnreclaim:       150324 kB
KernelStack:       54256 kB
PageTables:        70884 kB
NFS_Unstable:          0 kB
Bounce:                0 kB
WritebackTmp:          0 kB
CommitLimit:     9202292 kB
Committed_AS:   74474060 kB
VmallocTotal:   263061440 kB
VmallocUsed:      111356 kB
VmallocChunk:          0 kB
Percpu:             7616 kB
CmaTotal:         294912 kB
CmaFree:               0 kB
MemTotal:       12113140 kB
MemFree:          374992 kB
MemAvailable:    6385760 kB
Buffers:            2992 kB
Cached:          6491508 kB
SwapCached:            0 kB
Active:          7177516 kB
Inactive:        2042708 kB
Active(anon):    2437332 kB
Inactive(anon):   328796 kB
Active(file):    4740184 kB
Inactive(file):  1713912 kB
Unevictable:        5576 kB
Mlocked:            5576 kB
SwapTotal:       3145724 kB
SwapFree:        3140112 kB
Dirty:               500 kB
Writeback:             0 kB
AnonPages:       2731440 kB
Mapped:           790548 kB
Shmem:             35868 kB
KReclaimable:     384900 kB
Slab:             245260 kB
SReclaimable:      94372 kB
SUnreclaim:       150888 kB
KernelStack:       54368 kB
PageTables:        70944 kB
NFS_Unstable:          0 kB
Bounce:                0 kB
WritebackTmp:          0 kB
CommitLimit:     9202292 kB
Committed_AS:   74474452 kB
VmallocTotal:   263061440 kB
VmallocUsed:      111356 kB
VmallocChunk:          0 kB
Percpu:             7616 kB
CmaTotal:         294912 kB
CmaFree:               0 kB
MemTotal:       12113140 kB
MemFree:          375196 kB
MemAvailable:    6385964 kB
Buffers:            2992 kB
Cached:          6491508 kB
SwapCached:            0 kB
Active:          7177700 kB
Inactive:        2042700 kB
Active(anon):    2437508 kB
Inactive(anon):   328796 kB
Active(file):    4740192 kB
Inactive(file):  1713904 kB
Unevictable:        5576 kB
Mlocked:            5576 kB
SwapTotal:       3145724 kB
SwapFree:        3140112 kB
Dirty:               544 kB
Writeback:             0 kB
AnonPages:       2731824 kB
Mapped:           790556 kB
Shmem:             35868 kB
KReclaimable:     384900 kB
Slab:             244704 kB
SReclaimable:      94372 kB
SUnreclaim:       150332 kB
KernelStack:       54320 kB
PageTables:        70604 kB
NFS_Unstable:          0 kB
Bounce:                0 kB
WritebackTmp:          0 kB
CommitLimit:     9202292 kB
Committed_AS:   74465028 kB
VmallocTotal:   263061440 kB
VmallocUsed:      111356 kB
VmallocChunk:          0 kB
Percpu:             7616 kB
CmaTotal:         294912 kB
CmaFree:               0 kB
MemTotal:       12113140 kB
MemFree:          374252 kB
MemAvailable:    6385024 kB
Buffers:            2992 kB
Cached:          6491516 kB
SwapCached:            0 kB
Active:          7178012 kB
Inactive:        2042704 kB
Active(anon):    2437816 kB
Inactive(anon):   328800 kB
Active(file):    4740196 kB
Inactive(file):  1713904 kB
Unevictable:        5576 kB
Mlocked:            5576 kB
SwapTotal:       3145724 kB
SwapFree:        3140112 kB
Dirty:               572 kB
Writeback:             0 kB
AnonPages:       2731772 kB
Mapped:           790352 kB
Shmem:             35872 kB
KReclaimable:     384900 kB
Slab:             244968 kB
SReclaimable:      94372 kB
SUnreclaim:       150596 kB
KernelStack:       54364 kB
PageTables:        70668 kB
NFS_Unstable:          0 kB
Bounce:                0 kB
WritebackTmp:          0 kB
CommitLimit:     9202292 kB
Committed_AS:   74470064 kB
VmallocTotal:   263061440 kB
VmallocUsed:      111356 kB
VmallocChunk:          0 kB
Percpu:             7616 kB
CmaTotal:         294912 kB
CmaFree:               0 kB
MemTotal:       12113140 kB
MemFree:          373592 kB
MemAvailable:    6384364 kB
Buffers:            2992 kB
Cached:          6491516 kB
SwapCached:            0 kB
Active:          7178896 kB
Inactive:        2042704 kB
Active(anon):    2438700 kB
Inactive(anon):   328800 kB
Active(file):    4740196 kB
Inactive(file):  1713904 kB
Unevictable:        5576 kB
Mlocked:            5576 kB
SwapTotal:       3145724 kB
SwapFree:        3140112 kB
Dirty:               484 kB
Writeback:             0 kB
AnonPages:       2732704 kB
Mapped:           790356 kB
Shmem:             35872 kB
KReclaimable:     384900 kB
Slab:             244972 kB
SReclaimable:      94372 kB
SUnreclaim:       150600 kB
KernelStack:       54336 kB
PageTables:        70832 kB
NFS_Unstable:          0 kB
Bounce:                0 kB
WritebackTmp:          0 kB
CommitLimit:     9202292 kB
Committed_AS:   74473140 kB
VmallocTotal:   263061440 kB
VmallocUsed:      111340 kB
VmallocChunk:          0 kB
Percpu:             7616 kB
CmaTotal:         294912 kB
CmaFree:               0 kB
MemTotal:       12113140 kB
MemFree:          372936 kB
MemAvailable:    6383580 kB
Buffers:            2992 kB
Cached:          6491516 kB
SwapCached:            0 kB
Active:          7179832 kB
Inactive:        2042576 kB
Active(anon):    2439508 kB
Inactive(anon):   328800 kB
Active(file):    4740324 kB
Inactive(file):  1713776 kB
Unevictable:        5576 kB
Mlocked:            5576 kB
SwapTotal:       3145724 kB
SwapFree:        3140112 kB
Dirty:               512 kB
Writeback:             0 kB
AnonPages:       2733220 kB
Mapped:           790524 kB
Shmem:             35872 kB
KReclaimable:     384644 kB
Slab:             245288 kB
SReclaimable:      94372 kB
SUnreclaim:       150916 kB
KernelStack:       54368 kB
PageTables:        70812 kB
NFS_Unstable:          0 kB
Bounce:                0 kB
WritebackTmp:          0 kB
CommitLimit:     9202292 kB
Committed_AS:   74471216 kB
VmallocTotal:   263061440 kB
VmallocUsed:      111340 kB
VmallocChunk:          0 kB
Percpu:             7616 kB
CmaTotal:         294912 kB
CmaFree:               0 kB
MemTotal:       12113140 kB
MemFree:          371800 kB
MemAvailable:    6382436 kB
Buffers:            2992 kB
Cached:          6491516 kB
SwapCached:            0 kB
Active:          7180532 kB
Inactive:        2042448 kB
Active(anon):    2440080 kB
Inactive(anon):   328800 kB
Active(file):    4740452 kB
Inactive(file):  1713648 kB
Unevictable:        5576 kB
Mlocked:            5576 kB
SwapTotal:       3145724 kB
SwapFree:        3140112 kB
Dirty:               548 kB
Writeback:             0 kB
AnonPages:       2734120 kB
Mapped:           790784 kB
Shmem:             35872 kB
KReclaimable:     384628 kB
Slab:             244952 kB
SReclaimable:      94372 kB
SUnreclaim:       150580 kB
KernelStack:       54352 kB
PageTables:        70544 kB
NFS_Unstable:          0 kB
Bounce:                0 kB
WritebackTmp:          0 kB
CommitLimit:     9202292 kB
Committed_AS:   74469604 kB
VmallocTotal:   263061440 kB
VmallocUsed:      111340 kB
VmallocChunk:          0 kB
Percpu:             7616 kB
CmaTotal:         294912 kB
CmaFree:               0 kB
MemTotal:       12113140 kB
MemFree:          372728 kB
MemAvailable:    6383364 kB
Buffers:            2992 kB
Cached:          6491516 kB
SwapCached:            0 kB
Active:          7180412 kB
Inactive:        2042448 kB
Active(anon):    2439960 kB
Inactive(anon):   328800 kB
Active(file):    4740452 kB
Inactive(file):  1713648 kB
Unevictable:        5576 kB
Mlocked:            5576 kB
SwapTotal:       3145724 kB
SwapFree:        3140112 kB
Dirty:               548 kB
Writeback:             0 kB
AnonPages:       2733956 kB
Mapped:           790596 kB
Shmem:             35872 kB
KReclaimable:     384628 kB
Slab:             244944 kB
SReclaimable:      94372 kB
SUnreclaim:       150572 kB
KernelStack:       54336 kB
PageTables:        70940 kB
NFS_Unstable:          0 kB
Bounce:                0 kB
WritebackTmp:          0 kB
CommitLimit:     9202292 kB
Committed_AS:   74471092 kB
VmallocTotal:   263061440 kB
VmallocUsed:      111324 kB
VmallocChunk:          0 kB
Percpu:             7616 kB
CmaTotal:         294912 kB
CmaFree:               0 kB
MemTotal:       12113140 kB
MemFree:          372340 kB
MemAvailable:    6382976 kB
Buffers:            2992 kB
Cached:          6491516 kB
SwapCached:            0 kB
Active:          7180224 kB
Inactive:        2042448 kB
Active(anon):    2439772 kB
Inactive(anon):   328800 kB
Active(file):    4740452 kB
Inactive(file):  1713648 kB
Unevictable:        5576 kB
Mlocked:            5576 kB
SwapTotal:       3145724 kB
SwapFree:        3140112 kB
Dirty:               564 kB
Writeback:             0 kB
AnonPages:       2733788 kB
Mapped:           790428 kB
Shmem:             35872 kB
KReclaimable:     384628 kB
Slab:             245204 kB
SReclaimable:      94372 kB
SUnreclaim:       150832 kB
KernelStack:       54384 kB
PageTables:        70612 kB
NFS_Unstable:          0 kB
Bounce:                0 kB
WritebackTmp:          0 kB
CommitLimit:     9202292 kB
Committed_AS:   74467724 kB
VmallocTotal:   263061440 kB
VmallocUsed:      111324 kB
VmallocChunk:          0 kB
Percpu:             7616 kB
CmaTotal:         294912 kB
CmaFree:               0 kB
MemTotal:       12113140 kB
MemFree:          371972 kB
MemAvailable:    6382608 kB
Buffers:            2992 kB
Cached:          6491524 kB
SwapCached:            0 kB
Active:          7181032 kB
Inactive:        2042328 kB
Active(anon):    2440452 kB
Inactive(anon):   328808 kB
Active(file):    4740580 kB
Inactive(file):  1713520 kB
Unevictable:        5576 kB
Mlocked:            5576 kB
SwapTotal:       3145724 kB
SwapFree:        3140112 kB
Dirty:               564 kB
Writeback:             0 kB
AnonPages:       2734484 kB
Mapped:           790624 kB
Shmem:             35880 kB
KReclaimable:     384628 kB
Slab:             244712 kB
SReclaimable:      94372 kB
SUnreclaim:       150340 kB
KernelStack:       54304 kB
PageTables:        70756 kB
NFS_Unstable:          0 kB
Bounce:                0 kB
WritebackTmp:          0 kB
CommitLimit:     9202292 kB
Committed_AS:   74472612 kB
VmallocTotal:   263061440 kB
VmallocUsed:      111308 kB
VmallocChunk:          0 kB
Percpu:             7616 kB
CmaTotal:         294912 kB
CmaFree:               0 kB
MemTotal:       12113140 kB
MemFree:          369716 kB
MemAvailable:    6380352 kB
Buffers:            2992 kB
Cached:          6491524 kB
SwapCached:            0 kB
Active:          7181184 kB
Inactive:        2042328 kB
Active(anon):    2440604 kB
Inactive(anon):   328808 kB
Active(file):    4740580 kB
Inactive(file):  1713520 kB
Unevictable:        5576 kB
Mlocked:            5576 kB
SwapTotal:       3145724 kB
SwapFree:        3140112 kB
Dirty:               564 kB
Writeback:             0 kB
AnonPages:       2734460 kB
Mapped:           790656 kB
Shmem:             35880 kB
KReclaimable:     384628 kB
Slab:             244968 kB
SReclaimable:      94372 kB
SUnreclaim:       150596 kB
KernelStack:       54288 kB
PageTables:        70900 kB
NFS_Unstable:          0 kB
Bounce:                0 kB
WritebackTmp:          0 kB
CommitLimit:     9202292 kB
Committed_AS:   74462492 kB
VmallocTotal:   263061440 kB
VmallocUsed:      111308 kB
VmallocChunk:          0 kB
Percpu:             7616 kB
CmaTotal:         294912 kB
CmaFree:               0 kB
MemTotal:       12113140 kB
MemFree:          370712 kB
MemAvailable:    6381336 kB
Buffers:            2992 kB
Cached:          6491524 kB
SwapCached:            0 kB
Active:          7180904 kB
Inactive:        2042200 kB
Active(anon):    2440196 kB
Inactive(anon):   328808 kB
Active(file):    4740708 kB
Inactive(file):  1713392 kB
Unevictable:        5576 kB
Mlocked:            5576 kB
SwapTotal:       3145724 kB
SwapFree:        3140112 kB
Dirty:               576 kB
Writeback:             0 kB
AnonPages:       2734360 kB
Mapped:           790692 kB
Shmem:             35880 kB
KReclaimable:     384604 kB
Slab:             244968 kB
SReclaimable:      94372 kB
SUnreclaim:       150596 kB
KernelStack:       54272 kB
PageTables:        70696 kB
NFS_Unstable:          0 kB
Bounce:                0 kB
WritebackTmp:          0 kB
CommitLimit:     9202292 kB
Committed_AS:   74462492 kB
VmallocTotal:   263061440 kB
VmallocUsed:      111260 kB
VmallocChunk:          0 kB
Percpu:             7616 kB
CmaTotal:         294912 kB
CmaFree:               0 kB
MemTotal:       12113140 kB
MemFree:          370516 kB
MemAvailable:    6381140 kB
Buffers:            2992 kB
Cached:          6491524 kB
SwapCached:            0 kB
Active:          7181132 kB
Inactive:        2042200 kB
Active(anon):    2440424 kB
Inactive(anon):   328808 kB
Active(file):    4740708 kB
Inactive(file):  1713392 kB
Unevictable:        5576 kB
Mlocked:            5576 kB
SwapTotal:       3145724 kB
SwapFree:        3140112 kB
Dirty:               576 kB
Writeback:             0 kB
AnonPages:       2734468 kB
Mapped:           790692 kB
Shmem:             35880 kB
KReclaimable:     384604 kB
Slab:             244712 kB
SReclaimable:      94372 kB
SUnreclaim:       150340 kB
KernelStack:       54272 kB
PageTables:        70700 kB
NFS_Unstable:          0 kB
Bounce:                0 kB
WritebackTmp:          0 kB
CommitLimit:     9202292 kB
Committed_AS:   74461064 kB
VmallocTotal:   263061440 kB
VmallocUsed:      111292 kB
VmallocChunk:          0 kB
Percpu:             7616 kB
CmaTotal:         294912 kB
CmaFree:               0 kB
MemTotal:       12113140 kB
MemFree:          399472 kB
MemAvailable:    6410096 kB
Buffers:            2992 kB
Cached:          6491524 kB
SwapCached:            0 kB
Active:          7152716 kB
Inactive:        2042200 kB
Active(anon):    2412008 kB
Inactive(anon):   328808 kB
Active(file):    4740708 kB
Inactive(file):  1713392 kB
Unevictable:        5576 kB
Mlocked:            5576 kB
SwapTotal:       3145724 kB
SwapFree:        3140112 kB
Dirty:               580 kB
Writeback:             0 kB
AnonPages:       2706056 kB
Mapped:           790692 kB
Shmem:             35880 kB
KReclaimable:     384604 kB
Slab:             244716 kB
SReclaimable:      94372 kB
SUnreclaim:       150344 kB
KernelStack:       54272 kB
PageTables:        70704 kB
NFS_Unstable:          0 kB
Bounce:                0 kB
WritebackTmp:          0 kB
CommitLimit:     9202292 kB
Committed_AS:   74464712 kB
VmallocTotal:   263061440 kB
VmallocUsed:      111308 kB
VmallocChunk:          0 kB
Percpu:             7616 kB
CmaTotal:         294912 kB
CmaFree:               0 kB
MemTotal:       12113140 kB
MemFree:          398644 kB
MemAvailable:    6409268 kB
Buffers:            2992 kB
Cached:          6491524 kB
SwapCached:            0 kB
Active:          7153208 kB
Inactive:        2042080 kB
Active(anon):    2412380 kB
Inactive(anon):   328808 kB
Active(file):    4740828 kB
Inactive(file):  1713272 kB
Unevictable:        5576 kB
Mlocked:            5576 kB
SwapTotal:       3145724 kB
SwapFree:        3140112 kB
Dirty:               484 kB
Writeback:             0 kB
AnonPages:       2706516 kB
Mapped:           790692 kB
Shmem:             35880 kB
KReclaimable:     384604 kB
Slab:             244724 kB
SReclaimable:      94372 kB
SUnreclaim:       150352 kB
KernelStack:       54304 kB
PageTables:        70696 kB
NFS_Unstable:          0 kB
Bounce:                0 kB
WritebackTmp:          0 kB
CommitLimit:     9202292 kB
Committed_AS:   74465144 kB
VmallocTotal:   263061440 kB
VmallocUsed:      111308 kB
VmallocChunk:          0 kB
Percpu:             7616 kB
CmaTotal:         294912 kB
CmaFree:               0 kB
MemTotal:       12113140 kB
MemFree:          399656 kB
MemAvailable:    6410280 kB
Buffers:            2992 kB
Cached:          6491524 kB
SwapCached:            0 kB
Active:          7150840 kB
Inactive:        2042072 kB
Active(anon):    2410004 kB
Inactive(anon):   328808 kB
Active(file):    4740836 kB
Inactive(file):  1713264 kB
Unevictable:        5576 kB
Mlocked:            5576 kB
SwapTotal:       3145724 kB
SwapFree:        3140112 kB
Dirty:               504 kB
Writeback:             0 kB
AnonPages:       2704188 kB
Mapped:           790528 kB
Shmem:             35880 kB
KReclaimable:     384604 kB
Slab:             244716 kB
SReclaimable:      94372 kB
SUnreclaim:       150344 kB
KernelStack:       54288 kB
PageTables:        70680 kB
NFS_Unstable:          0 kB
Bounce:                0 kB
WritebackTmp:          0 kB
CommitLimit:     9202292 kB
Committed_AS:   74465836 kB
VmallocTotal:   263061440 kB
VmallocUsed:      111292 kB
VmallocChunk:          0 kB
Percpu:             7616 kB
CmaTotal:         294912 kB
CmaFree:               0 kB
MemTotal:       12113140 kB
MemFree:          415212 kB
MemAvailable:    6425836 kB
Buffers:            2992 kB
Cached:          6491524 kB
SwapCached:            0 kB
Active:          7136620 kB
Inactive:        2041940 kB
Active(anon):    2395652 kB
Inactive(anon):   328808 kB
Active(file):    4740968 kB
Inactive(file):  1713132 kB
Unevictable:        5576 kB
Mlocked:            5576 kB
SwapTotal:       3145724 kB
SwapFree:        3140112 kB
Dirty:               504 kB
Writeback:             0 kB
AnonPages:       2689764 kB
Mapped:           780988 kB
Shmem:             35880 kB
KReclaimable:     384604 kB
Slab:             244700 kB
SReclaimable:      94372 kB
SUnreclaim:       150328 kB
KernelStack:       54288 kB
PageTables:        70632 kB
NFS_Unstable:          0 kB
Bounce:                0 kB
WritebackTmp:          0 kB
CommitLimit:     9202292 kB
Committed_AS:   74464204 kB
VmallocTotal:   263061440 kB
VmallocUsed:      111308 kB
VmallocChunk:          0 kB
Percpu:             7616 kB
CmaTotal:         294912 kB
CmaFree:               0 kB
MemTotal:       12113140 kB
MemFree:          415168 kB
MemAvailable:    6425792 kB
Buffers:            2992 kB
Cached:          6491524 kB
SwapCached:            0 kB
Active:          7136876 kB
Inactive:        2041940 kB
Active(anon):    2395908 kB
Inactive(anon):   328808 kB
Active(file):    4740968 kB
Inactive(file):  1713132 kB
Unevictable:        5576 kB
Mlocked:            5576 kB
SwapTotal:       3145724 kB
SwapFree:        3140112 kB
Dirty:               548 kB
Writeback:             0 kB
AnonPages:       2689880 kB
Mapped:           780988 kB
Shmem:             35880 kB
KReclaimable:     384604 kB
Slab:             244712 kB
SReclaimable:      94372 kB
SUnreclaim:       150340 kB
KernelStack:       54288 kB
PageTables:        70632 kB
NFS_Unstable:          0 kB
Bounce:                0 kB
WritebackTmp:          0 kB
CommitLimit:     9202292 kB
Committed_AS:   74457360 kB
VmallocTotal:   263061440 kB
VmallocUsed:      111292 kB
VmallocChunk:          0 kB
Percpu:             7616 kB
CmaTotal:         294912 kB
CmaFree:               0 kB
MemTotal:       12113140 kB
MemFree:          415908 kB
MemAvailable:    6426532 kB
Buffers:            2992 kB
Cached:          6491524 kB
SwapCached:            0 kB
Active:          7136924 kB
Inactive:        2041940 kB
Active(anon):    2395956 kB
Inactive(anon):   328808 kB
Active(file):    4740968 kB
Inactive(file):  1713132 kB
Unevictable:        5576 kB
Mlocked:            5576 kB
SwapTotal:       3145724 kB
SwapFree:        3140112 kB
Dirty:               552 kB
Writeback:             0 kB
AnonPages:       2690088 kB
Mapped:           780988 kB
Shmem:             35880 kB
KReclaimable:     384604 kB
Slab:             244708 kB
SReclaimable:      94372 kB
SUnreclaim:       150336 kB
KernelStack:       54288 kB
PageTables:        70632 kB
NFS_Unstable:          0 kB
Bounce:                0 kB
WritebackTmp:          0 kB
CommitLimit:     9202292 kB
Committed_AS:   74461788 kB
VmallocTotal:   263061440 kB
VmallocUsed:      111324 kB
VmallocChunk:          0 kB
Percpu:             7616 kB
CmaTotal:         294912 kB
CmaFree:               0 kB
MemTotal:       12113140 kB
MemFree:          415472 kB
MemAvailable:    6426104 kB
Buffers:            2992 kB
Cached:          6491532 kB
SwapCached:            0 kB
Active:          7136832 kB
Inactive:        2041820 kB
Active(anon):    2395736 kB
Inactive(anon):   328808 kB
Active(file):    4741096 kB
Inactive(file):  1713012 kB
Unevictable:        5576 kB
Mlocked:            5576 kB
SwapTotal:       3145724 kB
SwapFree:        3140112 kB
Dirty:               488 kB
Writeback:             0 kB
AnonPages:       2689876 kB
Mapped:           780988 kB
Shmem:             35880 kB
KReclaimable:     384604 kB
Slab:             244708 kB
SReclaimable:      94372 kB
SUnreclaim:       150336 kB
KernelStack:       54288 kB
PageTables:        70632 kB
NFS_Unstable:          0 kB
Bounce:                0 kB
WritebackTmp:          0 kB
CommitLimit:     9202292 kB
Committed_AS:   74466392 kB
VmallocTotal:   263061440 kB
VmallocUsed:      111324 kB
VmallocChunk:          0 kB
Percpu:             7616 kB
CmaTotal:         294912 kB
CmaFree:               0 kB
MemTotal:       12113140 kB
MemFree:          415836 kB
MemAvailable:    6426468 kB
Buffers:            2992 kB
Cached:          6491532 kB
SwapCached:            0 kB
Active:          7137204 kB
Inactive:        2041820 kB
Active(anon):    2396108 kB
Inactive(anon):   328808 kB
Active(file):    4741096 kB
Inactive(file):  1713012 kB
Unevictable:        5576 kB
Mlocked:            5576 kB
SwapTotal:       3145724 kB
SwapFree:        3140112 kB
Dirty:               536 kB
Writeback:             0 kB
AnonPages:       2690100 kB
Mapped:           781012 kB
Shmem:             35880 kB
KReclaimable:     384604 kB
Slab:             244944 kB
SReclaimable:      94372 kB
SUnreclaim:       150572 kB
KernelStack:       54304 kB
PageTables:        70828 kB
NFS_Unstable:          0 kB
Bounce:                0 kB
WritebackTmp:          0 kB
CommitLimit:     9202292 kB
Committed_AS:   74464004 kB
VmallocTotal:   263061440 kB
VmallocUsed:      111324 kB
VmallocChunk:          0 kB
Percpu:             7616 kB
CmaTotal:         294912 kB
CmaFree:               0 kB
MemTotal:       12113140 kB
MemFree:          415996 kB
MemAvailable:    6426628 kB
Buffers:            2992 kB
Cached:          6491532 kB
SwapCached:            0 kB
Active:          7137808 kB
Inactive:        2041692 kB
Active(anon):    2396584 kB
Inactive(anon):   328808 kB
Active(file):    4741224 kB
Inactive(file):  1712884 kB
Unevictable:        5576 kB
Mlocked:            5576 kB
SwapTotal:       3145724 kB
SwapFree:        3140112 kB
Dirty:               536 kB
Writeback:             0 kB
AnonPages:       2690568 kB
Mapped:           781012 kB
Shmem:             35880 kB
KReclaimable:     384604 kB
Slab:             244712 kB
SReclaimable:      94372 kB
SUnreclaim:       150340 kB
KernelStack:       54288 kB
PageTables:        70636 kB
NFS_Unstable:          0 kB
Bounce:                0 kB
WritebackTmp:          0 kB
CommitLimit:     9202292 kB
Committed_AS:   74462552 kB
VmallocTotal:   263061440 kB
VmallocUsed:      111276 kB
VmallocChunk:          0 kB
Percpu:             7616 kB
CmaTotal:         294912 kB
CmaFree:               0 kB
MemTotal:       12113140 kB
MemFree:          415980 kB
MemAvailable:    6426612 kB
Buffers:            2992 kB
Cached:          6491532 kB
SwapCached:            0 kB
Active:          7137936 kB
Inactive:        2041692 kB
Active(anon):    2396712 kB
Inactive(anon):   328808 kB
Active(file):    4741224 kB
Inactive(file):  1712884 kB
Unevictable:        5576 kB
Mlocked:            5576 kB
SwapTotal:       3145724 kB
SwapFree:        3140112 kB
Dirty:               536 kB
Writeback:             0 kB
AnonPages:       2690892 kB
Mapped:           781016 kB
Shmem:             35880 kB
KReclaimable:     384604 kB
Slab:             244472 kB
SReclaimable:      94372 kB
SUnreclaim:       150100 kB
KernelStack:       54288 kB
PageTables:        70488 kB
NFS_Unstable:          0 kB
Bounce:                0 kB
WritebackTmp:          0 kB
CommitLimit:     9202292 kB
Committed_AS:   74463528 kB
VmallocTotal:   263061440 kB
VmallocUsed:      111308 kB
VmallocChunk:          0 kB
Percpu:             7616 kB
CmaTotal:         294912 kB
CmaFree:               0 kB
MemTotal:       12113140 kB
MemFree:          386640 kB
MemAvailable:    6397192 kB
Buffers:            2992 kB
Cached:          6491532 kB
SwapCached:            0 kB
Active:          7166128 kB
Inactive:        2041692 kB
Active(anon):    2424904 kB
Inactive(anon):   328808 kB
Active(file):    4741224 kB
Inactive(file):  1712884 kB
Unevictable:        5576 kB
Mlocked:            5576 kB
SwapTotal:       3145724 kB
SwapFree:        3140112 kB
Dirty:               536 kB
Writeback:             0 kB
AnonPages:       2718780 kB
Mapped:           781236 kB
Shmem:             35880 kB
KReclaimable:     384444 kB
Slab:             244720 kB
SReclaimable:      94372 kB
SUnreclaim:       150348 kB
KernelStack:       54272 kB
PageTables:        70680 kB
NFS_Unstable:          0 kB
Bounce:                0 kB
WritebackTmp:          0 kB
CommitLimit:     9202292 kB
Committed_AS:   74465332 kB
VmallocTotal:   263061440 kB
VmallocUsed:      111292 kB
VmallocChunk:          0 kB
Percpu:             7616 kB
CmaTotal:         294912 kB
CmaFree:               0 kB
MemTotal:       12113140 kB
MemFree:          385448 kB
MemAvailable:    6396000 kB
Buffers:            2992 kB
Cached:          6491532 kB
SwapCached:            0 kB
Active:          7166568 kB
Inactive:        2041572 kB
Active(anon):    2425224 kB
Inactive(anon):   328808 kB
Active(file):    4741344 kB
Inactive(file):  1712764 kB
Unevictable:        5576 kB
Mlocked:            5576 kB
SwapTotal:       3145724 kB
SwapFree:        3140112 kB
Dirty:               488 kB
Writeback:             0 kB
AnonPages:       2719264 kB
Mapped:           781176 kB
Shmem:             35880 kB
KReclaimable:     384444 kB
Slab:             244712 kB
SReclaimable:      94372 kB
SUnreclaim:       150340 kB
KernelStack:       54224 kB
PageTables:        70628 kB
NFS_Unstable:          0 kB
Bounce:                0 kB
WritebackTmp:          0 kB
CommitLimit:     9202292 kB
Committed_AS:   74465156 kB
VmallocTotal:   263061440 kB
VmallocUsed:      111244 kB
VmallocChunk:          0 kB
Percpu:             7616 kB
CmaTotal:         294912 kB
CmaFree:               0 kB
MemTotal:       12113140 kB
MemFree:          384180 kB
MemAvailable:    6394732 kB
Buffers:            2992 kB
Cached:          6491532 kB
SwapCached:            0 kB
Active:          7170320 kB
Inactive:        2041460 kB
Active(anon):    2428864 kB
Inactive(anon):   328808 kB
Active(file):    4741456 kB
Inactive(file):  1712652 kB
Unevictable:        5576 kB
Mlocked:            5576 kB
SwapTotal:       3145724 kB
SwapFree:        3140112 kB
Dirty:               564 kB
Writeback:             0 kB
AnonPages:       2722916 kB
Mapped:           781176 kB
Shmem:             35880 kB
KReclaimable:     384444 kB
Slab:             244720 kB
SReclaimable:      94372 kB
SUnreclaim:       150348 kB
KernelStack:       54192 kB
PageTables:        70652 kB
NFS_Unstable:          0 kB
Bounce:                0 kB
WritebackTmp:          0 kB
CommitLimit:     9202292 kB
Committed_AS:   74464708 kB
VmallocTotal:   263061440 kB
VmallocUsed:      111196 kB
VmallocChunk:          0 kB
Percpu:             7616 kB
CmaTotal:         294912 kB
CmaFree:             152 kB
MemTotal:       12113140 kB
MemFree:          390748 kB
MemAvailable:    6401300 kB
Buffers:            2992 kB
Cached:          6491532 kB
SwapCached:            0 kB
Active:          7159452 kB
Inactive:        2041496 kB
Active(anon):    2417996 kB
Inactive(anon):   328844 kB
Active(file):    4741456 kB
Inactive(file):  1712652 kB
Unevictable:        5576 kB
Mlocked:            5576 kB
SwapTotal:       3145724 kB
SwapFree:        3140112 kB
Dirty:               600 kB
Writeback:             0 kB
AnonPages:       2711908 kB
Mapped:           783492 kB
Shmem:             35880 kB
KReclaimable:     384444 kB
Slab:             244704 kB
SReclaimable:      94372 kB
SUnreclaim:       150332 kB
KernelStack:       54192 kB
PageTables:        70684 kB
NFS_Unstable:          0 kB
Bounce:                0 kB
WritebackTmp:          0 kB
CommitLimit:     9202292 kB
Committed_AS:   74477148 kB
VmallocTotal:   263061440 kB
VmallocUsed:      111196 kB
VmallocChunk:          0 kB
Percpu:             7616 kB
CmaTotal:         294912 kB
CmaFree:               0 kB
MemTotal:       12113140 kB
MemFree:          389916 kB
MemAvailable:    6400412 kB
Buffers:            2992 kB
Cached:          6491532 kB
SwapCached:            0 kB
Active:          7159796 kB
Inactive:        2041332 kB
Active(anon):    2418212 kB
Inactive(anon):   328808 kB
Active(file):    4741584 kB
Inactive(file):  1712524 kB
Unevictable:        5576 kB
Mlocked:            5576 kB
SwapTotal:       3145724 kB
SwapFree:        3140112 kB
Dirty:               600 kB
Writeback:             0 kB
AnonPages:       2712232 kB
Mapped:           783480 kB
Shmem:             35880 kB
KReclaimable:     384332 kB
Slab:             244720 kB
SReclaimable:      94372 kB
SUnreclaim:       150348 kB
KernelStack:       54128 kB
PageTables:        70624 kB
NFS_Unstable:          0 kB
Bounce:                0 kB
WritebackTmp:          0 kB
CommitLimit:     9202292 kB
Committed_AS:   74477052 kB
VmallocTotal:   263061440 kB
VmallocUsed:      111164 kB
VmallocChunk:          0 kB
Percpu:             7616 kB
CmaTotal:         294912 kB
CmaFree:              40 kB
MemTotal:       12113140 kB
MemFree:          390072 kB
MemAvailable:    6400568 kB
Buffers:            2992 kB
Cached:          6491532 kB
SwapCached:            0 kB
Active:          7159816 kB
Inactive:        2041332 kB
Active(anon):    2418232 kB
Inactive(anon):   328808 kB
Active(file):    4741584 kB
Inactive(file):  1712524 kB
Unevictable:        5576 kB
Mlocked:            5576 kB
SwapTotal:       3145724 kB
SwapFree:        3140112 kB
Dirty:               600 kB
Writeback:             0 kB
AnonPages:       2712404 kB
Mapped:           783492 kB
Shmem:             35880 kB
KReclaimable:     384332 kB
Slab:             244704 kB
SReclaimable:      94372 kB
SUnreclaim:       150332 kB
KernelStack:       54144 kB
PageTables:        70636 kB
NFS_Unstable:          0 kB
Bounce:                0 kB
WritebackTmp:          0 kB
CommitLimit:     9202292 kB
Committed_AS:   74468404 kB
VmallocTotal:   263061440 kB
VmallocUsed:      111164 kB
VmallocChunk:          0 kB
Percpu:             7616 kB
CmaTotal:         294912 kB
CmaFree:               0 kB
MemTotal:       12113140 kB
MemFree:          391080 kB
MemAvailable:    6401576 kB
Buffers:            2992 kB
Cached:          6491532 kB
SwapCached:            0 kB
Active:          7159836 kB
Inactive:        2041212 kB
Active(anon):    2418132 kB
Inactive(anon):   328808 kB
Active(file):    4741704 kB
Inactive(file):  1712404 kB
Unevictable:        5576 kB
Mlocked:            5576 kB
SwapTotal:       3145724 kB
SwapFree:        3140112 kB
Dirty:               516 kB
Writeback:             0 kB
AnonPages:       2712244 kB
Mapped:           783492 kB
Shmem:             35880 kB
KReclaimable:     384332 kB
Slab:             244716 kB
SReclaimable:      94372 kB
SUnreclaim:       150344 kB
KernelStack:       54016 kB
PageTables:        70636 kB
NFS_Unstable:          0 kB
Bounce:                0 kB
WritebackTmp:          0 kB
CommitLimit:     9202292 kB
Committed_AS:   74464144 kB
VmallocTotal:   263061440 kB
VmallocUsed:      111116 kB
VmallocChunk:          0 kB
Percpu:             7616 kB
CmaTotal:         294912 kB
CmaFree:               0 kB
MemTotal:       12113140 kB
MemFree:          390300 kB
MemAvailable:    6400796 kB
Buffers:            2992 kB
Cached:          6491532 kB
SwapCached:            0 kB
Active:          7160072 kB
Inactive:        2041204 kB
Active(anon):    2418360 kB
Inactive(anon):   328808 kB
Active(file):    4741712 kB
Inactive(file):  1712396 kB
Unevictable:        5576 kB
Mlocked:            5576 kB
SwapTotal:       3145724 kB
SwapFree:        3140112 kB
Dirty:               520 kB
Writeback:             0 kB
AnonPages:       2712484 kB
Mapped:           783524 kB
Shmem:             35880 kB
KReclaimable:     384332 kB
Slab:             244720 kB
SReclaimable:      94372 kB
SUnreclaim:       150348 kB
KernelStack:       54016 kB
PageTables:        70636 kB
NFS_Unstable:          0 kB
Bounce:                0 kB
WritebackTmp:          0 kB
CommitLimit:     9202292 kB
Committed_AS:   74468312 kB
VmallocTotal:   263061440 kB
VmallocUsed:      111100 kB
VmallocChunk:          0 kB
Percpu:             7616 kB
CmaTotal:         294912 kB
CmaFree:               0 kB
MemTotal:       12113140 kB
MemFree:          390520 kB
MemAvailable:    6401016 kB
Buffers:            2992 kB
Cached:          6491532 kB
SwapCached:            0 kB
Active:          7160172 kB
Inactive:        2041204 kB
Active(anon):    2418460 kB
Inactive(anon):   328808 kB
Active(file):    4741712 kB
Inactive(file):  1712396 kB
Unevictable:        5576 kB
Mlocked:            5576 kB
SwapTotal:       3145724 kB
SwapFree:        3140112 kB
Dirty:               520 kB
Writeback:             0 kB
AnonPages:       2712600 kB
Mapped:           783512 kB
Shmem:             35880 kB
KReclaimable:     384332 kB
Slab:             244724 kB
SReclaimable:      94372 kB
SUnreclaim:       150352 kB
KernelStack:       53984 kB
PageTables:        70608 kB
NFS_Unstable:          0 kB
Bounce:                0 kB
WritebackTmp:          0 kB
CommitLimit:     9202292 kB
Committed_AS:   74464656 kB
VmallocTotal:   263061440 kB
VmallocUsed:      111036 kB
VmallocChunk:          0 kB
Percpu:             7616 kB
CmaTotal:         294912 kB
CmaFree:               4 kB
MemTotal:       12113140 kB
MemFree:          391240 kB
MemAvailable:    6401736 kB
Buffers:            2992 kB
Cached:          6491532 kB
SwapCached:            0 kB
Active:          7160924 kB
Inactive:        2041076 kB
Active(anon):    2419084 kB
Inactive(anon):   328808 kB
Active(file):    4741840 kB
Inactive(file):  1712268 kB
Unevictable:        5576 kB
Mlocked:            5576 kB
SwapTotal:       3145724 kB
SwapFree:        3140112 kB
Dirty:               548 kB
Writeback:             0 kB
AnonPages:       2713072 kB
Mapped:           783556 kB
Shmem:             35880 kB
KReclaimable:     384332 kB
Slab:             244736 kB
SReclaimable:      94372 kB
SUnreclaim:       150364 kB
KernelStack:       53984 kB
PageTables:        70632 kB
NFS_Unstable:          0 kB
Bounce:                0 kB
WritebackTmp:          0 kB
CommitLimit:     9202292 kB
Committed_AS:   74463636 kB
VmallocTotal:   263061440 kB
VmallocUsed:      110988 kB
VmallocChunk:          0 kB
Percpu:             7616 kB
CmaTotal:         294912 kB
CmaFree:               0 kB
MemTotal:       12113140 kB
MemFree:          392888 kB
MemAvailable:    6403384 kB
Buffers:            2992 kB
Cached:          6491536 kB
SwapCached:            0 kB
Active:          7161128 kB
Inactive:        2041080 kB
Active(anon):    2419288 kB
Inactive(anon):   328812 kB
Active(file):    4741840 kB
Inactive(file):  1712268 kB
Unevictable:        5576 kB
Mlocked:            5576 kB
SwapTotal:       3145724 kB
SwapFree:        3140112 kB
Dirty:               548 kB
Writeback:             0 kB
AnonPages:       2713252 kB
Mapped:           783712 kB
Shmem:             35884 kB
KReclaimable:     384332 kB
Slab:             244664 kB
SReclaimable:      94372 kB
SUnreclaim:       150292 kB
KernelStack:       53936 kB
PageTables:        70336 kB
NFS_Unstable:          0 kB
Bounce:                0 kB
WritebackTmp:          0 kB
CommitLimit:     9202292 kB
Committed_AS:   74457312 kB
VmallocTotal:   263061440 kB
VmallocUsed:      110988 kB
VmallocChunk:          0 kB
Percpu:             7616 kB
CmaTotal:         294912 kB
CmaFree:               0 kB
MemTotal:       12113140 kB
MemFree:          393180 kB
MemAvailable:    6403676 kB
Buffers:            2992 kB
Cached:          6491536 kB
SwapCached:            0 kB
Active:          7160780 kB
Inactive:        2041080 kB
Active(anon):    2418940 kB
Inactive(anon):   328812 kB
Active(file):    4741840 kB
Inactive(file):  1712268 kB
Unevictable:        5576 kB
Mlocked:            5576 kB
SwapTotal:       3145724 kB
SwapFree:        3140112 kB
Dirty:               620 kB
Writeback:             0 kB
AnonPages:       2712964 kB
Mapped:           783672 kB
Shmem:             35884 kB
KReclaimable:     384332 kB
Slab:             244712 kB
SReclaimable:      94372 kB
SUnreclaim:       150340 kB
KernelStack:       53952 kB
PageTables:        70916 kB
NFS_Unstable:          0 kB
Bounce:                0 kB
WritebackTmp:          0 kB
CommitLimit:     9202292 kB
Committed_AS:   74461348 kB
VmallocTotal:   263061440 kB
VmallocUsed:      110940 kB
VmallocChunk:          0 kB
Percpu:             7616 kB
CmaTotal:         294912 kB
CmaFree:               0 kB
MemTotal:       12113140 kB
MemFree:          392640 kB
MemAvailable:    6403140 kB
Buffers:            2992 kB
Cached:          6492884 kB
SwapCached:            0 kB
Active:          7162288 kB
Inactive:        2042300 kB
Active(anon):    2420320 kB
Inactive(anon):   330156 kB
Active(file):    4741968 kB
Inactive(file):  1712144 kB
Unevictable:        5576 kB
Mlocked:            5576 kB
SwapTotal:       3145724 kB
SwapFree:        3140112 kB
Dirty:               656 kB
Writeback:             0 kB
AnonPages:       2714364 kB
Mapped:           783528 kB
Shmem:             37228 kB
KReclaimable:     384332 kB
Slab:             244900 kB
SReclaimable:      94372 kB
SUnreclaim:       150528 kB
KernelStack:       53984 kB
PageTables:        70820 kB
NFS_Unstable:          0 kB
Bounce:                0 kB
WritebackTmp:          0 kB
CommitLimit:     9202292 kB
Committed_AS:   74461288 kB
VmallocTotal:   263061440 kB
VmallocUsed:      110972 kB
VmallocChunk:          0 kB
Percpu:             7616 kB
CmaTotal:         294912 kB
CmaFree:               0 kB
MemTotal:       12113140 kB
MemFree:          391092 kB
MemAvailable:    6401592 kB
Buffers:            2992 kB
Cached:          6492884 kB
SwapCached:            0 kB
Active:          7162932 kB
Inactive:        2042300 kB
Active(anon):    2420964 kB
Inactive(anon):   330156 kB
Active(file):    4741968 kB
Inactive(file):  1712144 kB
Unevictable:        5576 kB
Mlocked:            5576 kB
SwapTotal:       3145724 kB
SwapFree:        3140112 kB
Dirty:               656 kB
Writeback:             0 kB
AnonPages:       2715028 kB
Mapped:           783528 kB
Shmem:             37228 kB
KReclaimable:     384332 kB
Slab:             244900 kB
SReclaimable:      94372 kB
SUnreclaim:       150528 kB
KernelStack:       53984 kB
PageTables:        70628 kB
NFS_Unstable:          0 kB
Bounce:                0 kB
WritebackTmp:          0 kB
CommitLimit:     9202292 kB
Committed_AS:   74463220 kB
VmallocTotal:   263061440 kB
VmallocUsed:      111020 kB
VmallocChunk:          0 kB
Percpu:             7616 kB
CmaTotal:         294912 kB
CmaFree:               0 kB
MemTotal:       12113140 kB
MemFree:          390876 kB
MemAvailable:    6401376 kB
Buffers:            2992 kB
Cached:          6492884 kB
SwapCached:            0 kB
Active:          7163196 kB
Inactive:        2042180 kB
Active(anon):    2421108 kB
Inactive(anon):   330156 kB
Active(file):    4742088 kB
Inactive(file):  1712024 kB
Unevictable:        5576 kB
Mlocked:            5576 kB
SwapTotal:       3145724 kB
SwapFree:        3140112 kB
Dirty:               660 kB
Writeback:             0 kB
AnonPages:       2715172 kB
Mapped:           783528 kB
Shmem:             37228 kB
KReclaimable:     384332 kB
Slab:             244684 kB
SReclaimable:      94372 kB
SUnreclaim:       150312 kB
KernelStack:       53952 kB
PageTables:        70616 kB
NFS_Unstable:          0 kB
Bounce:                0 kB
WritebackTmp:          0 kB
CommitLimit:     9202292 kB
Committed_AS:   74463748 kB
VmallocTotal:   263061440 kB
VmallocUsed:      110988 kB
VmallocChunk:          0 kB
Percpu:             7616 kB
CmaTotal:         294912 kB
CmaFree:               0 kB
MemTotal:       12113140 kB
MemFree:          391184 kB
MemAvailable:    6401676 kB
Buffers:            2992 kB
Cached:          6492884 kB
SwapCached:            0 kB
Active:          7162276 kB
Inactive:        2042172 kB
Active(anon):    2420180 kB
Inactive(anon):   330156 kB
Active(file):    4742096 kB
Inactive(file):  1712016 kB
Unevictable:        5576 kB
Mlocked:            5576 kB
SwapTotal:       3145724 kB
SwapFree:        3140112 kB
Dirty:               676 kB
Writeback:             0 kB
AnonPages:       2714104 kB
Mapped:           783560 kB
Shmem:             37228 kB
KReclaimable:     384316 kB
Slab:             244508 kB
SReclaimable:      94372 kB
SUnreclaim:       150136 kB
KernelStack:       53936 kB
PageTables:        70444 kB
NFS_Unstable:          0 kB
Bounce:                0 kB
WritebackTmp:          0 kB
CommitLimit:     9202292 kB
Committed_AS:   74459236 kB
VmallocTotal:   263061440 kB
VmallocUsed:      110940 kB
VmallocChunk:          0 kB
Percpu:             7616 kB
CmaTotal:         294912 kB
CmaFree:               0 kB
MemTotal:       12113140 kB
MemFree:          391252 kB
MemAvailable:    6401744 kB
Buffers:            2992 kB
Cached:          6492884 kB
SwapCached:            0 kB
Active:          7162792 kB
Inactive:        2042052 kB
Active(anon):    2420576 kB
Inactive(anon):   330156 kB
Active(file):    4742216 kB
Inactive(file):  1711896 kB
Unevictable:        5576 kB
Mlocked:            5576 kB
SwapTotal:       3145724 kB
SwapFree:        3140112 kB
Dirty:               676 kB
Writeback:             0 kB
AnonPages:       2714464 kB
Mapped:           783560 kB
Shmem:             37228 kB
KReclaimable:     384316 kB
Slab:             244700 kB
SReclaimable:      94372 kB
SUnreclaim:       150328 kB
KernelStack:       53936 kB
PageTables:        70620 kB
NFS_Unstable:          0 kB
Bounce:                0 kB
WritebackTmp:          0 kB
CommitLimit:     9202292 kB
Committed_AS:   74461800 kB
VmallocTotal:   263061440 kB
VmallocUsed:      110956 kB
VmallocChunk:          0 kB
Percpu:             7616 kB
CmaTotal:         294912 kB
CmaFree:               0 kB
MemTotal:       12113140 kB
MemFree:          389796 kB
MemAvailable:    6400288 kB
Buffers:            2992 kB
Cached:          6492884 kB
SwapCached:            0 kB
Active:          7162856 kB
Inactive:        2042044 kB
Active(anon):    2420632 kB
Inactive(anon):   330156 kB
Active(file):    4742224 kB
Inactive(file):  1711888 kB
Unevictable:        5576 kB
Mlocked:            5576 kB
SwapTotal:       3145724 kB
SwapFree:        3140112 kB
Dirty:               680 kB
Writeback:             0 kB
AnonPages:       2714668 kB
Mapped:           783676 kB
Shmem:             37228 kB
KReclaimable:     384316 kB
Slab:             244708 kB
SReclaimable:      94372 kB
SUnreclaim:       150336 kB
KernelStack:       53968 kB
PageTables:        70644 kB
NFS_Unstable:          0 kB
Bounce:                0 kB
WritebackTmp:          0 kB
CommitLimit:     9202292 kB
Committed_AS:   74462312 kB
VmallocTotal:   263061440 kB
VmallocUsed:      110972 kB
VmallocChunk:          0 kB
Percpu:             7616 kB
CmaTotal:         294912 kB
CmaFree:               0 kB
MemTotal:       12113140 kB
MemFree:          389088 kB
MemAvailable:    6399580 kB
Buffers:            2992 kB
Cached:          6492884 kB
SwapCached:            0 kB
Active:          7162892 kB
Inactive:        2042044 kB
Active(anon):    2420668 kB
Inactive(anon):   330156 kB
Active(file):    4742224 kB
Inactive(file):  1711888 kB
Unevictable:        5576 kB
Mlocked:            5576 kB
SwapTotal:       3145724 kB
SwapFree:        3140112 kB
Dirty:               696 kB
Writeback:             0 kB
AnonPages:       2714776 kB
Mapped:           783560 kB
Shmem:             37228 kB
KReclaimable:     384316 kB
Slab:             244700 kB
SReclaimable:      94372 kB
SUnreclaim:       150328 kB
KernelStack:       53936 kB
PageTables:        70620 kB
NFS_Unstable:          0 kB
Bounce:                0 kB
WritebackTmp:          0 kB
CommitLimit:     9202292 kB
Committed_AS:   74461960 kB
VmallocTotal:   263061440 kB
VmallocUsed:      110972 kB
VmallocChunk:          0 kB
Percpu:             7616 kB
CmaTotal:         294912 kB
CmaFree:               0 kB
MemTotal:       12113140 kB
MemFree:          389572 kB
MemAvailable:    6400064 kB
Buffers:            2992 kB
Cached:          6492884 kB
SwapCached:            0 kB
Active:          7162868 kB
Inactive:        2042044 kB
Active(anon):    2420644 kB
Inactive(anon):   330156 kB
Active(file):    4742224 kB
Inactive(file):  1711888 kB
Unevictable:        5576 kB
Mlocked:            5576 kB
SwapTotal:       3145724 kB
SwapFree:        3140112 kB
Dirty:               704 kB
Writeback:             0 kB
AnonPages:       2714624 kB
Mapped:           783752 kB
Shmem:             37228 kB
KReclaimable:     384316 kB
Slab:             244828 kB
SReclaimable:      94372 kB
SUnreclaim:       150456 kB
KernelStack:       53988 kB
PageTables:        70680 kB
NFS_Unstable:          0 kB
Bounce:                0 kB
WritebackTmp:          0 kB
CommitLimit:     9202292 kB
Committed_AS:   74460160 kB
VmallocTotal:   263061440 kB
VmallocUsed:      110972 kB
VmallocChunk:          0 kB
Percpu:             7616 kB
CmaTotal:         294912 kB
CmaFree:               0 kB
MemTotal:       12113140 kB
MemFree:          389484 kB
MemAvailable:    6399976 kB
Buffers:            2992 kB
Cached:          6492884 kB
SwapCached:            0 kB
Active:          7163308 kB
Inactive:        2041916 kB
Active(anon):    2420956 kB
Inactive(anon):   330156 kB
Active(file):    4742352 kB
Inactive(file):  1711760 kB
Unevictable:        5576 kB
Mlocked:            5576 kB
SwapTotal:       3145724 kB
SwapFree:        3140112 kB
Dirty:               704 kB
Writeback:             0 kB
AnonPages:       2715040 kB
Mapped:           783568 kB
Shmem:             37228 kB
KReclaimable:     384316 kB
Slab:             244700 kB
SReclaimable:      94372 kB
SUnreclaim:       150328 kB
KernelStack:       53936 kB
PageTables:        70624 kB
NFS_Unstable:          0 kB
Bounce:                0 kB
WritebackTmp:          0 kB
CommitLimit:     9202292 kB
Committed_AS:   74462024 kB
VmallocTotal:   263061440 kB
VmallocUsed:      110940 kB
VmallocChunk:          0 kB
Percpu:             7616 kB
CmaTotal:         294912 kB
CmaFree:               0 kB
MemTotal:       12113140 kB
MemFree:          411500 kB
MemAvailable:    6421992 kB
Buffers:            2992 kB
Cached:          6489524 kB
SwapCached:            0 kB
Active:          7145168 kB
Inactive:        2038556 kB
Active(anon):    2402816 kB
Inactive(anon):   326796 kB
Active(file):    4742352 kB
Inactive(file):  1711760 kB
Unevictable:        5576 kB
Mlocked:            5576 kB
SwapTotal:       3145724 kB
SwapFree:        3140112 kB
Dirty:               716 kB
Writeback:             0 kB
AnonPages:       2696756 kB
Mapped:           783564 kB
Shmem:             33868 kB
KReclaimable:     384316 kB
Slab:             244696 kB
SReclaimable:      94372 kB
SUnreclaim:       150324 kB
KernelStack:       53936 kB
PageTables:        70624 kB
NFS_Unstable:          0 kB
Bounce:                0 kB
WritebackTmp:          0 kB
CommitLimit:     9202292 kB
Committed_AS:   74449844 kB
VmallocTotal:   263061440 kB
VmallocUsed:      110940 kB
VmallocChunk:          0 kB
Percpu:             7616 kB
CmaTotal:         294912 kB
CmaFree:               0 kB
MemTotal:       12113140 kB
MemFree:          411508 kB
MemAvailable:    6422000 kB
Buffers:            2992 kB
Cached:          6489524 kB
SwapCached:            0 kB
Active:          7146436 kB
Inactive:        2038436 kB
Active(anon):    2403964 kB
Inactive(anon):   326796 kB
Active(file):    4742472 kB
Inactive(file):  1711640 kB
Unevictable:        5576 kB
Mlocked:            5576 kB
SwapTotal:       3145724 kB
SwapFree:        3140112 kB
Dirty:               716 kB
Writeback:             0 kB
AnonPages:       2698112 kB
Mapped:           783572 kB
Shmem:             33868 kB
KReclaimable:     384316 kB
Slab:             244684 kB
SReclaimable:      94372 kB
SUnreclaim:       150312 kB
KernelStack:       53936 kB
PageTables:        70624 kB
NFS_Unstable:          0 kB
Bounce:                0 kB
WritebackTmp:          0 kB
CommitLimit:     9202292 kB
Committed_AS:   74458576 kB
VmallocTotal:   263061440 kB
VmallocUsed:      110972 kB
VmallocChunk:          0 kB
Percpu:             7616 kB
CmaTotal:         294912 kB
CmaFree:               0 kB
MemTotal:       12113140 kB
MemFree:          411284 kB
MemAvailable:    6421776 kB
Buffers:            2992 kB
Cached:          6489524 kB
SwapCached:            0 kB
Active:          7146692 kB
Inactive:        2038428 kB
Active(anon):    2404212 kB
Inactive(anon):   326796 kB
Active(file):    4742480 kB
Inactive(file):  1711632 kB
Unevictable:        5576 kB
Mlocked:            5576 kB
SwapTotal:       3145724 kB
SwapFree:        3140112 kB
Dirty:               716 kB
Writeback:             0 kB
AnonPages:       2698288 kB
Mapped:           783696 kB
Shmem:             33868 kB
KReclaimable:     384316 kB
Slab:             244684 kB
SReclaimable:      94372 kB
SUnreclaim:       150312 kB
KernelStack:       53936 kB
PageTables:        70628 kB
NFS_Unstable:          0 kB
Bounce:                0 kB
WritebackTmp:          0 kB
CommitLimit:     9202292 kB
Committed_AS:   74459972 kB
VmallocTotal:   263061440 kB
VmallocUsed:      110988 kB
VmallocChunk:          0 kB
Percpu:             7616 kB
CmaTotal:         294912 kB
CmaFree:               0 kB
MemTotal:       12113140 kB
MemFree:          410540 kB
MemAvailable:    6421032 kB
Buffers:            2992 kB
Cached:          6489524 kB
SwapCached:            0 kB
Active:          7147252 kB
Inactive:        2038428 kB
Active(anon):    2404772 kB
Inactive(anon):   326796 kB
Active(file):    4742480 kB
Inactive(file):  1711632 kB
Unevictable:        5576 kB
Mlocked:            5576 kB
SwapTotal:       3145724 kB
SwapFree:        3140112 kB
Dirty:               728 kB
Writeback:             0 kB
AnonPages:       2698832 kB
Mapped:           783700 kB
Shmem:             33868 kB
KReclaimable:     384316 kB
Slab:             244684 kB
SReclaimable:      94372 kB
SUnreclaim:       150312 kB
KernelStack:       53936 kB
PageTables:        70644 kB
NFS_Unstable:          0 kB
Bounce:                0 kB
WritebackTmp:          0 kB
CommitLimit:     9202292 kB
Committed_AS:   74459620 kB
VmallocTotal:   263061440 kB
VmallocUsed:      110988 kB
VmallocChunk:          0 kB
Percpu:             7616 kB
CmaTotal:         294912 kB
CmaFree:               0 kB
MemTotal:       12113140 kB
MemFree:          410532 kB
MemAvailable:    6421024 kB
Buffers:            2992 kB
Cached:          6489524 kB
SwapCached:            0 kB
Active:          7147476 kB
Inactive:        2038300 kB
Active(anon):    2404868 kB
Inactive(anon):   326796 kB
Active(file):    4742608 kB
Inactive(file):  1711504 kB
Unevictable:        5576 kB
Mlocked:            5576 kB
SwapTotal:       3145724 kB
SwapFree:        3140112 kB
Dirty:               732 kB
Writeback:             0 kB
AnonPages:       2698920 kB
Mapped:           783692 kB
Shmem:             33868 kB
KReclaimable:     384316 kB
Slab:             244676 kB
SReclaimable:      94372 kB
SUnreclaim:       150304 kB
KernelStack:       53920 kB
PageTables:        70428 kB
NFS_Unstable:          0 kB
Bounce:                0 kB
WritebackTmp:          0 kB
CommitLimit:     9202292 kB
Committed_AS:   74457796 kB
VmallocTotal:   263061440 kB
VmallocUsed:      110972 kB
VmallocChunk:          0 kB
Percpu:             7616 kB
CmaTotal:         294912 kB
CmaFree:               0 kB
MemTotal:       12113140 kB
MemFree:          409392 kB
MemAvailable:    6419884 kB
Buffers:            2992 kB
Cached:          6489524 kB
SwapCached:            0 kB
Active:          7148020 kB
Inactive:        2038300 kB
Active(anon):    2405412 kB
Inactive(anon):   326796 kB
Active(file):    4742608 kB
Inactive(file):  1711504 kB
Unevictable:        5576 kB
Mlocked:            5576 kB
SwapTotal:       3145724 kB
SwapFree:        3140112 kB
Dirty:               488 kB
Writeback:             0 kB
AnonPages:       2699560 kB
Mapped:           783684 kB
Shmem:             33868 kB
KReclaimable:     384316 kB
Slab:             244684 kB
SReclaimable:      94372 kB
SUnreclaim:       150312 kB
KernelStack:       53968 kB
PageTables:        70668 kB
NFS_Unstable:          0 kB
Bounce:                0 kB
WritebackTmp:          0 kB
CommitLimit:     9202292 kB
Committed_AS:   74461504 kB
VmallocTotal:   263061440 kB
VmallocUsed:      110988 kB
VmallocChunk:          0 kB
Percpu:             7616 kB
CmaTotal:         294912 kB
CmaFree:               0 kB
MemTotal:       12113140 kB
MemFree:          408832 kB
MemAvailable:    6419324 kB
Buffers:            2992 kB
Cached:          6489548 kB
SwapCached:            0 kB
Active:          7148356 kB
Inactive:        2038196 kB
Active(anon):    2405620 kB
Inactive(anon):   326820 kB
Active(file):    4742736 kB
Inactive(file):  1711376 kB
Unevictable:        5576 kB
Mlocked:            5576 kB
SwapTotal:       3145724 kB
SwapFree:        3140112 kB
Dirty:               552 kB
Writeback:             0 kB
AnonPages:       2699648 kB
Mapped:           783776 kB
Shmem:             33892 kB
KReclaimable:     384316 kB
Slab:             244684 kB
SReclaimable:      94372 kB
SUnreclaim:       150312 kB
KernelStack:       53936 kB
PageTables:        70620 kB
NFS_Unstable:          0 kB
Bounce:                0 kB
WritebackTmp:          0 kB
CommitLimit:     9202292 kB
Committed_AS:   74463008 kB
VmallocTotal:   263061440 kB
VmallocUsed:      110972 kB
VmallocChunk:          0 kB
Percpu:             7616 kB
CmaTotal:         294912 kB
CmaFree:               0 kB
MemTotal:       12113140 kB
MemFree:          411864 kB
MemAvailable:    6422356 kB
Buffers:            2992 kB
Cached:          6489548 kB
SwapCached:            0 kB
Active:          7145532 kB
Inactive:        2038196 kB
Active(anon):    2402796 kB
Inactive(anon):   326820 kB
Active(file):    4742736 kB
Inactive(file):  1711376 kB
Unevictable:        5576 kB
Mlocked:            5576 kB
SwapTotal:       3145724 kB
SwapFree:        3140112 kB
Dirty:               560 kB
Writeback:             0 kB
AnonPages:       2696892 kB
Mapped:           783888 kB
Shmem:             33892 kB
KReclaimable:     384316 kB
Slab:             244540 kB
SReclaimable:      94372 kB
SUnreclaim:       150168 kB
KernelStack:       53984 kB
PageTables:        70448 kB
NFS_Unstable:          0 kB
Bounce:                0 kB
WritebackTmp:          0 kB
CommitLimit:     9202292 kB
Committed_AS:   74461984 kB
VmallocTotal:   263061440 kB
VmallocUsed:      110972 kB
VmallocChunk:          0 kB
Percpu:             7616 kB
CmaTotal:         294912 kB
CmaFree:               0 kB
MemTotal:       12113140 kB
MemFree:          411152 kB
MemAvailable:    6421648 kB
Buffers:            2992 kB
Cached:          6489552 kB
SwapCached:            0 kB
Active:          7146116 kB
Inactive:        2038200 kB
Active(anon):    2403380 kB
Inactive(anon):   326820 kB
Active(file):    4742736 kB
Inactive(file):  1711380 kB
Unevictable:        5576 kB
Mlocked:            5576 kB
SwapTotal:       3145724 kB
SwapFree:        3140112 kB
Dirty:               568 kB
Writeback:             0 kB
AnonPages:       2697488 kB
Mapped:           783772 kB
Shmem:             33892 kB
KReclaimable:     384316 kB
Slab:             244536 kB
SReclaimable:      94372 kB
SUnreclaim:       150164 kB
KernelStack:       53936 kB
PageTables:        70420 kB
NFS_Unstable:          0 kB
Bounce:                0 kB
WritebackTmp:          0 kB
CommitLimit:     9202292 kB
Committed_AS:   74462068 kB
VmallocTotal:   263061440 kB
VmallocUsed:      111004 kB
VmallocChunk:          0 kB
Percpu:             7616 kB
CmaTotal:         294912 kB
CmaFree:               0 kB
MemTotal:       12113140 kB
MemFree:          411072 kB
MemAvailable:    6421552 kB
Buffers:            2992 kB
Cached:          6489556 kB
SwapCached:            0 kB
Active:          7146424 kB
Inactive:        2038084 kB
Active(anon):    2403568 kB
Inactive(anon):   326824 kB
Active(file):    4742856 kB
Inactive(file):  1711260 kB
Unevictable:        5576 kB
Mlocked:            5576 kB
SwapTotal:       3145724 kB
SwapFree:        3140112 kB
Dirty:               580 kB
Writeback:             0 kB
AnonPages:       2697600 kB
Mapped:           783812 kB
Shmem:             33896 kB
KReclaimable:     384284 kB
Slab:             244700 kB
SReclaimable:      94372 kB
SUnreclaim:       150328 kB
KernelStack:       53968 kB
PageTables:        70636 kB
NFS_Unstable:          0 kB
Bounce:                0 kB
WritebackTmp:          0 kB
CommitLimit:     9202292 kB
Committed_AS:   74462316 kB
VmallocTotal:   263061440 kB
VmallocUsed:      111004 kB
VmallocChunk:          0 kB
Percpu:             7616 kB
CmaTotal:         294912 kB
CmaFree:               0 kB
MemTotal:       12113140 kB
MemFree:          411056 kB
MemAvailable:    6421536 kB
Buffers:            2992 kB
Cached:          6489556 kB
SwapCached:            0 kB
Active:          7146988 kB
Inactive:        2038076 kB
Active(anon):    2404124 kB
Inactive(anon):   326824 kB
Active(file):    4742864 kB
Inactive(file):  1711252 kB
Unevictable:        5576 kB
Mlocked:            5576 kB
SwapTotal:       3145724 kB
SwapFree:        3140112 kB
Dirty:               588 kB
Writeback:             0 kB
AnonPages:       2697892 kB
Mapped:           783812 kB
Shmem:             33896 kB
KReclaimable:     384284 kB
Slab:             244860 kB
SReclaimable:      94372 kB
SUnreclaim:       150488 kB
KernelStack:       53952 kB
PageTables:        70824 kB
NFS_Unstable:          0 kB
Bounce:                0 kB
WritebackTmp:          0 kB
CommitLimit:     9202292 kB
Committed_AS:   74462712 kB
VmallocTotal:   263061440 kB
VmallocUsed:      111004 kB
VmallocChunk:          0 kB
Percpu:             7616 kB
CmaTotal:         294912 kB
CmaFree:               0 kB
MemTotal:       12113140 kB
MemFree:          410288 kB
MemAvailable:    6420768 kB
Buffers:            2992 kB
Cached:          6489556 kB
SwapCached:            0 kB
Active:          7147208 kB
Inactive:        2037956 kB
Active(anon):    2404224 kB
Inactive(anon):   326824 kB
Active(file):    4742984 kB
Inactive(file):  1711132 kB
Unevictable:        5576 kB
Mlocked:            5576 kB
SwapTotal:       3145724 kB
SwapFree:        3140112 kB
Dirty:               588 kB
Writeback:             0 kB
AnonPages:       2698416 kB
Mapped:           783872 kB
Shmem:             33896 kB
KReclaimable:     384284 kB
Slab:             244692 kB
SReclaimable:      94372 kB
SUnreclaim:       150320 kB
KernelStack:       53936 kB
PageTables:        70668 kB
NFS_Unstable:          0 kB
Bounce:                0 kB
WritebackTmp:          0 kB
CommitLimit:     9202292 kB
Committed_AS:   74462404 kB
VmallocTotal:   263061440 kB
VmallocUsed:      110972 kB
