MemTotal:       12113132 kB
MemFree:         6336084 kB
MemAvailable:    7822592 kB
Buffers:            5852 kB
Cached:          1828244 kB
SwapCached:            0 kB
Active:          1542300 kB
Inactive:        1580864 kB
Active(anon):    1295488 kB
Inactive(anon):    25812 kB
Active(file):     246812 kB
Inactive(file):  1555052 kB
Unevictable:        5532 kB
Mlocked:            5532 kB
SwapTotal:       3145724 kB
SwapFree:        3145724 kB
Dirty:               112 kB
Writeback:             0 kB
AnonPages:       1294548 kB
Mapped:           857476 kB
Shmem:             27752 kB
KReclaimable:     553348 kB
Slab:             221404 kB
SReclaimable:      76220 kB
SUnreclaim:       145184 kB
KernelStack:       46816 kB
PageTables:        62748 kB
NFS_Unstable:          0 kB
Bounce:                0 kB
WritebackTmp:          0 kB
CommitLimit:     9202288 kB
Committed_AS:   65817856 kB
VmallocTotal:   263061440 kB
VmallocUsed:      103968 kB
VmallocChunk:          0 kB
Percpu:             7648 kB
CmaTotal:         294912 kB
CmaFree:               0 kB
MemTotal:       12113132 kB
MemFree:         6335424 kB
MemAvailable:    7821992 kB
Buffers:            5852 kB
Cached:          1828304 kB
SwapCached:            0 kB
Active:          1543016 kB
Inactive:        1580896 kB
Active(anon):    1296176 kB
Inactive(anon):    25812 kB
Active(file):     246840 kB
Inactive(file):  1555084 kB
Unevictable:        5532 kB
Mlocked:            5532 kB
SwapTotal:       3145724 kB
SwapFree:        3145724 kB
Dirty:               172 kB
Writeback:             0 kB
AnonPages:       1295424 kB
Mapped:           857480 kB
Shmem:             27752 kB
KReclaimable:     553348 kB
Slab:             221396 kB
SReclaimable:      76220 kB
SUnreclaim:       145176 kB
KernelStack:       46816 kB
PageTables:        62740 kB
NFS_Unstable:          0 kB
Bounce:                0 kB
WritebackTmp:          0 kB
CommitLimit:     9202288 kB
Committed_AS:   65817168 kB
VmallocTotal:   263061440 kB
VmallocUsed:      103968 kB
VmallocChunk:          0 kB
Percpu:             7648 kB
CmaTotal:         294912 kB
CmaFree:               0 kB
MemTotal:       12113132 kB
MemFree:         6334748 kB
MemAvailable:    7821320 kB
Buffers:            5852 kB
Cached:          1828308 kB
SwapCached:            0 kB
Active:          1543432 kB
Inactive:        1580900 kB
Active(anon):    1296592 kB
Inactive(anon):    25812 kB
Active(file):     246840 kB
Inactive(file):  1555088 kB
Unevictable:        5532 kB
Mlocked:            5532 kB
SwapTotal:       3145724 kB
SwapFree:        3145724 kB
Dirty:               176 kB
Writeback:             0 kB
AnonPages:       1295896 kB
Mapped:           857476 kB
Shmem:             27752 kB
KReclaimable:     553348 kB
Slab:             221388 kB
SReclaimable:      76220 kB
SUnreclaim:       145168 kB
KernelStack:       46816 kB
PageTables:        62824 kB
NFS_Unstable:          0 kB
Bounce:                0 kB
WritebackTmp:          0 kB
CommitLimit:     9202288 kB
Committed_AS:   65813600 kB
VmallocTotal:   263061440 kB
VmallocUsed:      103936 kB
VmallocChunk:          0 kB
Percpu:             7648 kB
CmaTotal:         294912 kB
CmaFree:               0 kB
MemTotal:       12113132 kB
MemFree:         6333864 kB
MemAvailable:    7820492 kB
Buffers:            5852 kB
Cached:          1828364 kB
SwapCached:            0 kB
Active:          1543248 kB
Inactive:        1580952 kB
Active(anon):    1296404 kB
Inactive(anon):    25812 kB
Active(file):     246844 kB
Inactive(file):  1555140 kB
Unevictable:        5532 kB
Mlocked:            5532 kB
SwapTotal:       3145724 kB
SwapFree:        3145724 kB
Dirty:               284 kB
Writeback:             0 kB
AnonPages:       1295108 kB
Mapped:           857564 kB
Shmem:             27752 kB
KReclaimable:     553348 kB
Slab:             221404 kB
SReclaimable:      76220 kB
SUnreclaim:       145184 kB
KernelStack:       46816 kB
PageTables:        62756 kB
NFS_Unstable:          0 kB
Bounce:                0 kB
WritebackTmp:          0 kB
CommitLimit:     9202288 kB
Committed_AS:   65820684 kB
VmallocTotal:   263061440 kB
VmallocUsed:      103968 kB
VmallocChunk:          0 kB
Percpu:             7648 kB
CmaTotal:         294912 kB
CmaFree:              36 kB
MemTotal:       12113132 kB
MemFree:         6333700 kB
MemAvailable:    7820312 kB
Buffers:            5852 kB
Cached:          1828348 kB
SwapCached:            0 kB
Active:          1544036 kB
Inactive:        1580940 kB
Active(anon):    1297196 kB
Inactive(anon):    25812 kB
Active(file):     246840 kB
Inactive(file):  1555128 kB
Unevictable:        5532 kB
Mlocked:            5532 kB
SwapTotal:       3145724 kB
SwapFree:        3145724 kB
Dirty:               296 kB
Writeback:             0 kB
AnonPages:       1296040 kB
Mapped:           857468 kB
Shmem:             27752 kB
KReclaimable:     553348 kB
Slab:             221404 kB
SReclaimable:      76220 kB
SUnreclaim:       145184 kB
KernelStack:       46832 kB
PageTables:        62748 kB
NFS_Unstable:          0 kB
Bounce:                0 kB
WritebackTmp:          0 kB
CommitLimit:     9202288 kB
Committed_AS:   65818288 kB
VmallocTotal:   263061440 kB
VmallocUsed:      103968 kB
VmallocChunk:          0 kB
Percpu:             7648 kB
CmaTotal:         294912 kB
CmaFree:              84 kB
MemTotal:       12113132 kB
MemFree:         6333916 kB
MemAvailable:    7820540 kB
Buffers:            5852 kB
Cached:          1828360 kB
SwapCached:            0 kB
Active:          1543888 kB
Inactive:        1580952 kB
Active(anon):    1297048 kB
Inactive(anon):    25812 kB
Active(file):     246840 kB
Inactive(file):  1555140 kB
Unevictable:        5532 kB
Mlocked:            5532 kB
SwapTotal:       3145724 kB
SwapFree:        3145724 kB
Dirty:               312 kB
Writeback:             0 kB
AnonPages:       1295896 kB
Mapped:           857464 kB
Shmem:             27752 kB
KReclaimable:     553348 kB
Slab:             221404 kB
SReclaimable:      76220 kB
SUnreclaim:       145184 kB
KernelStack:       46832 kB
PageTables:        62748 kB
NFS_Unstable:          0 kB
Bounce:                0 kB
WritebackTmp:          0 kB
CommitLimit:     9202288 kB
Committed_AS:   65818464 kB
VmallocTotal:   263061440 kB
VmallocUsed:      104000 kB
VmallocChunk:          0 kB
Percpu:             7648 kB
CmaTotal:         294912 kB
CmaFree:               0 kB
MemTotal:       12113132 kB
MemFree:         6333300 kB
MemAvailable:    7819928 kB
Buffers:            5852 kB
Cached:          1828364 kB
SwapCached:            0 kB
Active:          1544296 kB
Inactive:        1580956 kB
Active(anon):    1297456 kB
Inactive(anon):    25812 kB
Active(file):     246840 kB
Inactive(file):  1555144 kB
Unevictable:        5532 kB
Mlocked:            5532 kB
SwapTotal:       3145724 kB
SwapFree:        3145724 kB
Dirty:               196 kB
Writeback:             0 kB
AnonPages:       1296936 kB
Mapped:           857468 kB
Shmem:             27752 kB
KReclaimable:     553348 kB
Slab:             221404 kB
SReclaimable:      76220 kB
SUnreclaim:       145184 kB
KernelStack:       46832 kB
PageTables:        62740 kB
NFS_Unstable:          0 kB
Bounce:                0 kB
WritebackTmp:          0 kB
CommitLimit:     9202288 kB
Committed_AS:   65818200 kB
VmallocTotal:   263061440 kB
VmallocUsed:      104000 kB
VmallocChunk:          0 kB
Percpu:             7648 kB
CmaTotal:         294912 kB
CmaFree:               0 kB
MemTotal:       12113132 kB
MemFree:         6333348 kB
MemAvailable:    7819988 kB
Buffers:            5852 kB
Cached:          1828376 kB
SwapCached:            0 kB
Active:          1545248 kB
Inactive:        1580968 kB
Active(anon):    1298408 kB
Inactive(anon):    25812 kB
Active(file):     246840 kB
Inactive(file):  1555156 kB
Unevictable:        5532 kB
Mlocked:            5532 kB
SwapTotal:       3145724 kB
SwapFree:        3145724 kB
Dirty:               248 kB
Writeback:             0 kB
AnonPages:       1297464 kB
Mapped:           857440 kB
Shmem:             27752 kB
KReclaimable:     553348 kB
Slab:             221404 kB
SReclaimable:      76220 kB
SUnreclaim:       145184 kB
KernelStack:       46832 kB
PageTables:        62748 kB
NFS_Unstable:          0 kB
Bounce:                0 kB
WritebackTmp:          0 kB
CommitLimit:     9202288 kB
Committed_AS:   65806520 kB
VmallocTotal:   263061440 kB
VmallocUsed:      103968 kB
VmallocChunk:          0 kB
Percpu:             7648 kB
CmaTotal:         294912 kB
CmaFree:               0 kB
MemTotal:       12113132 kB
MemFree:         6364192 kB
MemAvailable:    7850848 kB
Buffers:            5852 kB
Cached:          1828392 kB
SwapCached:            0 kB
Active:          1513296 kB
Inactive:        1580984 kB
Active(anon):    1266456 kB
Inactive(anon):    25812 kB
Active(file):     246840 kB
Inactive(file):  1555172 kB
Unevictable:        5532 kB
Mlocked:            5532 kB
SwapTotal:       3145724 kB
SwapFree:        3145724 kB
Dirty:               292 kB
Writeback:             0 kB
AnonPages:       1265544 kB
Mapped:           857480 kB
Shmem:             27752 kB
KReclaimable:     553348 kB
Slab:             221404 kB
SReclaimable:      76220 kB
SUnreclaim:       145184 kB
KernelStack:       46848 kB
PageTables:        62712 kB
NFS_Unstable:          0 kB
Bounce:                0 kB
WritebackTmp:          0 kB
CommitLimit:     9202288 kB
Committed_AS:   65817144 kB
VmallocTotal:   263061440 kB
VmallocUsed:      103984 kB
VmallocChunk:          0 kB
Percpu:             7648 kB
CmaTotal:         294912 kB
CmaFree:              12 kB
MemTotal:       12113132 kB
MemFree:         6363504 kB
MemAvailable:    7850176 kB
Buffers:            5860 kB
Cached:          1828400 kB
SwapCached:            0 kB
Active:          1515140 kB
Inactive:        1580996 kB
Active(anon):    1268296 kB
Inactive(anon):    25812 kB
Active(file):     246844 kB
Inactive(file):  1555184 kB
Unevictable:        5532 kB
Mlocked:            5532 kB
SwapTotal:       3145724 kB
SwapFree:        3145724 kB
Dirty:               336 kB
Writeback:             0 kB
AnonPages:       1267096 kB
Mapped:           857652 kB
Shmem:             27752 kB
KReclaimable:     553348 kB
Slab:             221396 kB
SReclaimable:      76220 kB
SUnreclaim:       145176 kB
KernelStack:       46848 kB
PageTables:        62736 kB
NFS_Unstable:          0 kB
Bounce:                0 kB
WritebackTmp:          0 kB
CommitLimit:     9202288 kB
Committed_AS:   65814260 kB
VmallocTotal:   263061440 kB
VmallocUsed:      103968 kB
VmallocChunk:          0 kB
Percpu:             7648 kB
CmaTotal:         294912 kB
CmaFree:               0 kB
MemTotal:       12113132 kB
MemFree:         6360968 kB
MemAvailable:    7847680 kB
Buffers:            5860 kB
Cached:          1828436 kB
SwapCached:            0 kB
Active:          1515856 kB
Inactive:        1581028 kB
Active(anon):    1269008 kB
Inactive(anon):    25812 kB
Active(file):     246848 kB
Inactive(file):  1555216 kB
Unevictable:        5532 kB
Mlocked:            5532 kB
SwapTotal:       3145724 kB
SwapFree:        3145724 kB
Dirty:               336 kB
Writeback:             0 kB
AnonPages:       1268208 kB
Mapped:           857468 kB
Shmem:             27752 kB
KReclaimable:     553352 kB
Slab:             221400 kB
SReclaimable:      76224 kB
SUnreclaim:       145176 kB
KernelStack:       46832 kB
PageTables:        62740 kB
NFS_Unstable:          0 kB
Bounce:                0 kB
WritebackTmp:          0 kB
CommitLimit:     9202288 kB
Committed_AS:   65822720 kB
VmallocTotal:   263061440 kB
VmallocUsed:      104048 kB
VmallocChunk:          0 kB
Percpu:             7648 kB
CmaTotal:         294912 kB
CmaFree:               0 kB
MemTotal:       12113132 kB
MemFree:         6342548 kB
MemAvailable:    7829264 kB
Buffers:            5860 kB
Cached:          1828440 kB
SwapCached:            0 kB
Active:          1533980 kB
Inactive:        1581032 kB
Active(anon):    1287132 kB
Inactive(anon):    25812 kB
Active(file):     246848 kB
Inactive(file):  1555220 kB
Unevictable:        5532 kB
Mlocked:            5532 kB
SwapTotal:       3145724 kB
SwapFree:        3145724 kB
Dirty:               352 kB
Writeback:             0 kB
AnonPages:       1286384 kB
Mapped:           857476 kB
Shmem:             27752 kB
KReclaimable:     553352 kB
Slab:             221400 kB
SReclaimable:      76224 kB
SUnreclaim:       145176 kB
KernelStack:       46800 kB
PageTables:        62700 kB
NFS_Unstable:          0 kB
Bounce:                0 kB
WritebackTmp:          0 kB
CommitLimit:     9202288 kB
Committed_AS:   65815232 kB
VmallocTotal:   263061440 kB
VmallocUsed:      103968 kB
VmallocChunk:          0 kB
Percpu:             7648 kB
CmaTotal:         294912 kB
CmaFree:               0 kB
MemTotal:       12113132 kB
MemFree:         6342712 kB
MemAvailable:    7829444 kB
Buffers:            5860 kB
Cached:          1828456 kB
SwapCached:            0 kB
Active:          1533176 kB
Inactive:        1581048 kB
Active(anon):    1286328 kB
Inactive(anon):    25812 kB
Active(file):     246848 kB
Inactive(file):  1555236 kB
Unevictable:        5532 kB
Mlocked:            5532 kB
SwapTotal:       3145724 kB
SwapFree:        3145724 kB
Dirty:               384 kB
Writeback:             0 kB
AnonPages:       1285316 kB
Mapped:           857596 kB
Shmem:             27752 kB
KReclaimable:     553352 kB
Slab:             221376 kB
SReclaimable:      76224 kB
SUnreclaim:       145152 kB
KernelStack:       46832 kB
PageTables:        62744 kB
NFS_Unstable:          0 kB
Bounce:                0 kB
WritebackTmp:          0 kB
CommitLimit:     9202288 kB
Committed_AS:   65815352 kB
VmallocTotal:   263061440 kB
VmallocUsed:      104016 kB
VmallocChunk:          0 kB
Percpu:             7648 kB
CmaTotal:         294912 kB
CmaFree:             132 kB
MemTotal:       12113132 kB
MemFree:         6343028 kB
MemAvailable:    7829772 kB
Buffers:            5860 kB
Cached:          1828468 kB
SwapCached:            0 kB
Active:          1532828 kB
Inactive:        1581060 kB
Active(anon):    1285980 kB
Inactive(anon):    25812 kB
Active(file):     246848 kB
Inactive(file):  1555248 kB
Unevictable:        5532 kB
Mlocked:            5532 kB
SwapTotal:       3145724 kB
SwapFree:        3145724 kB
Dirty:               400 kB
Writeback:             0 kB
AnonPages:       1284980 kB
Mapped:           857476 kB
Shmem:             27752 kB
KReclaimable:     553352 kB
Slab:             221384 kB
SReclaimable:      76224 kB
SUnreclaim:       145160 kB
KernelStack:       46880 kB
PageTables:        62836 kB
NFS_Unstable:          0 kB
Bounce:                0 kB
WritebackTmp:          0 kB
CommitLimit:     9202288 kB
Committed_AS:   65825144 kB
VmallocTotal:   263061440 kB
VmallocUsed:      103968 kB
VmallocChunk:          0 kB
Percpu:             7648 kB
CmaTotal:         294912 kB
CmaFree:             128 kB
MemTotal:       12113132 kB
MemFree:         6340056 kB
MemAvailable:    7826812 kB
Buffers:            5860 kB
Cached:          1828480 kB
SwapCached:            0 kB
Active:          1539324 kB
Inactive:        1581072 kB
Active(anon):    1292476 kB
Inactive(anon):    25812 kB
Active(file):     246848 kB
Inactive(file):  1555260 kB
Unevictable:        5532 kB
Mlocked:            5532 kB
SwapTotal:       3145724 kB
SwapFree:        3145724 kB
Dirty:               412 kB
Writeback:             0 kB
AnonPages:       1291708 kB
Mapped:           857476 kB
Shmem:             27752 kB
KReclaimable:     553352 kB
Slab:             221384 kB
SReclaimable:      76224 kB
SUnreclaim:       145160 kB
KernelStack:       46880 kB
PageTables:        62852 kB
NFS_Unstable:          0 kB
Bounce:                0 kB
WritebackTmp:          0 kB
CommitLimit:     9202288 kB
Committed_AS:   65830668 kB
VmallocTotal:   263061440 kB
VmallocUsed:      104000 kB
VmallocChunk:          0 kB
Percpu:             7648 kB
CmaTotal:         294912 kB
CmaFree:              36 kB
MemTotal:       12113132 kB
MemFree:         6337980 kB
MemAvailable:    7824740 kB
Buffers:            5860 kB
Cached:          1828484 kB
SwapCached:            0 kB
Active:          1539860 kB
Inactive:        1581080 kB
Active(anon):    1293016 kB
Inactive(anon):    25812 kB
Active(file):     246844 kB
Inactive(file):  1555268 kB
Unevictable:        5532 kB
Mlocked:            5532 kB
SwapTotal:       3145724 kB
SwapFree:        3145724 kB
Dirty:               420 kB
Writeback:             0 kB
AnonPages:       1292348 kB
Mapped:           857472 kB
Shmem:             27752 kB
KReclaimable:     553352 kB
Slab:             221384 kB
SReclaimable:      76224 kB
SUnreclaim:       145160 kB
KernelStack:       46832 kB
PageTables:        62740 kB
NFS_Unstable:          0 kB
Bounce:                0 kB
WritebackTmp:          0 kB
CommitLimit:     9202288 kB
Committed_AS:   65832712 kB
VmallocTotal:   263061440 kB
VmallocUsed:      104000 kB
VmallocChunk:          0 kB
Percpu:             7648 kB
CmaTotal:         294912 kB
CmaFree:               0 kB
MemTotal:       12113132 kB
MemFree:         6338068 kB
MemAvailable:    7824856 kB
Buffers:            5860 kB
Cached:          1828512 kB
SwapCached:            0 kB
Active:          1540876 kB
Inactive:        1581100 kB
Active(anon):    1294024 kB
Inactive(anon):    25812 kB
Active(file):     246852 kB
Inactive(file):  1555288 kB
Unevictable:        5532 kB
Mlocked:            5532 kB
SwapTotal:       3145724 kB
SwapFree:        3145724 kB
Dirty:               476 kB
Writeback:             0 kB
AnonPages:       1293124 kB
Mapped:           857472 kB
Shmem:             27752 kB
KReclaimable:     553352 kB
Slab:             221384 kB
SReclaimable:      76224 kB
SUnreclaim:       145160 kB
KernelStack:       46880 kB
PageTables:        62848 kB
NFS_Unstable:          0 kB
Bounce:                0 kB
WritebackTmp:          0 kB
CommitLimit:     9202288 kB
Committed_AS:   65812236 kB
VmallocTotal:   263061440 kB
VmallocUsed:      103968 kB
VmallocChunk:          0 kB
Percpu:             7648 kB
CmaTotal:         294912 kB
CmaFree:               0 kB
MemTotal:       12113132 kB
MemFree:         6338460 kB
MemAvailable:    7825256 kB
Buffers:            5860 kB
Cached:          1828520 kB
SwapCached:            0 kB
Active:          1541492 kB
Inactive:        1581108 kB
Active(anon):    1294640 kB
Inactive(anon):    25812 kB
Active(file):     246852 kB
Inactive(file):  1555296 kB
Unevictable:        5532 kB
Mlocked:            5532 kB
SwapTotal:       3145724 kB
SwapFree:        3145724 kB
Dirty:               484 kB
Writeback:             0 kB
AnonPages:       1293880 kB
Mapped:           857484 kB
Shmem:             27752 kB
KReclaimable:     553352 kB
Slab:             221384 kB
SReclaimable:      76224 kB
SUnreclaim:       145160 kB
KernelStack:       46832 kB
PageTables:        62744 kB
NFS_Unstable:          0 kB
Bounce:                0 kB
WritebackTmp:          0 kB
CommitLimit:     9202288 kB
Committed_AS:   65821672 kB
VmallocTotal:   263061440 kB
VmallocUsed:      103952 kB
VmallocChunk:          0 kB
Percpu:             7648 kB
CmaTotal:         294912 kB
CmaFree:               0 kB
MemTotal:       12113132 kB
MemFree:         6335688 kB
MemAvailable:    7822492 kB
Buffers:            5860 kB
Cached:          1828528 kB
SwapCached:            0 kB
Active:          1541820 kB
Inactive:        1581120 kB
Active(anon):    1294972 kB
Inactive(anon):    25812 kB
Active(file):     246848 kB
Inactive(file):  1555308 kB
Unevictable:        5532 kB
Mlocked:            5532 kB
SwapTotal:       3145724 kB
SwapFree:        3145724 kB
Dirty:               500 kB
Writeback:             0 kB
AnonPages:       1294224 kB
Mapped:           857476 kB
Shmem:             27752 kB
KReclaimable:     553352 kB
Slab:             221384 kB
SReclaimable:      76224 kB
SUnreclaim:       145160 kB
KernelStack:       46848 kB
PageTables:        62872 kB
NFS_Unstable:          0 kB
Bounce:                0 kB
WritebackTmp:          0 kB
CommitLimit:     9202288 kB
Committed_AS:   65818868 kB
VmallocTotal:   263061440 kB
VmallocUsed:      103968 kB
VmallocChunk:          0 kB
Percpu:             7648 kB
CmaTotal:         294912 kB
CmaFree:               0 kB
MemTotal:       12113132 kB
MemFree:         6335228 kB
MemAvailable:    7822052 kB
Buffers:            5860 kB
Cached:          1828548 kB
SwapCached:            0 kB
Active:          1542748 kB
Inactive:        1581140 kB
Active(anon):    1295900 kB
Inactive(anon):    25812 kB
Active(file):     246848 kB
Inactive(file):  1555328 kB
Unevictable:        5532 kB
Mlocked:            5532 kB
SwapTotal:       3145724 kB
SwapFree:        3145724 kB
Dirty:               580 kB
Writeback:             0 kB
AnonPages:       1294936 kB
Mapped:           857448 kB
Shmem:             27752 kB
KReclaimable:     553352 kB
Slab:             221360 kB
SReclaimable:      76224 kB
SUnreclaim:       145136 kB
KernelStack:       46880 kB
PageTables:        62836 kB
NFS_Unstable:          0 kB
Bounce:                0 kB
WritebackTmp:          0 kB
CommitLimit:     9202288 kB
Committed_AS:   65822184 kB
VmallocTotal:   263061440 kB
VmallocUsed:      103952 kB
VmallocChunk:          0 kB
Percpu:             7648 kB
CmaTotal:         294912 kB
CmaFree:               4 kB
MemTotal:       12113132 kB
MemFree:         6333452 kB
MemAvailable:    7820292 kB
Buffers:            5860 kB
Cached:          1828468 kB
SwapCached:            0 kB
Active:          1543900 kB
Inactive:        1581392 kB
Active(anon):    1297052 kB
Inactive(anon):    26048 kB
Active(file):     246848 kB
Inactive(file):  1555344 kB
Unevictable:        5532 kB
Mlocked:            5532 kB
SwapTotal:       3145724 kB
SwapFree:        3145724 kB
Dirty:               168 kB
Writeback:             0 kB
AnonPages:       1296260 kB
Mapped:           857692 kB
Shmem:             27656 kB
KReclaimable:     553352 kB
Slab:             221392 kB
SReclaimable:      76224 kB
SUnreclaim:       145168 kB
KernelStack:       46864 kB
PageTables:        62736 kB
NFS_Unstable:          0 kB
Bounce:                0 kB
WritebackTmp:          0 kB
CommitLimit:     9202288 kB
Committed_AS:   65827652 kB
VmallocTotal:   263061440 kB
VmallocUsed:      104016 kB
VmallocChunk:          0 kB
Percpu:             7648 kB
CmaTotal:         294912 kB
CmaFree:               0 kB
MemTotal:       12113132 kB
MemFree:         6343936 kB
MemAvailable:    7830788 kB
Buffers:            5860 kB
Cached:          1828576 kB
SwapCached:            0 kB
Active:          1532240 kB
Inactive:        1581168 kB
Active(anon):    1285392 kB
Inactive(anon):    25812 kB
Active(file):     246848 kB
Inactive(file):  1555356 kB
Unevictable:        5532 kB
Mlocked:            5532 kB
SwapTotal:       3145724 kB
SwapFree:        3145724 kB
Dirty:               232 kB
Writeback:             0 kB
AnonPages:       1284584 kB
Mapped:           857480 kB
Shmem:             27752 kB
KReclaimable:     553352 kB
Slab:             221408 kB
SReclaimable:      76224 kB
SUnreclaim:       145184 kB
KernelStack:       46816 kB
PageTables:        62732 kB
NFS_Unstable:          0 kB
Bounce:                0 kB
WritebackTmp:          0 kB
CommitLimit:     9202288 kB
Committed_AS:   65826420 kB
VmallocTotal:   263061440 kB
VmallocUsed:      103968 kB
VmallocChunk:          0 kB
Percpu:             7648 kB
CmaTotal:         294912 kB
CmaFree:             160 kB
MemTotal:       12113132 kB
MemFree:         6344416 kB
MemAvailable:    7831276 kB
Buffers:            5860 kB
Cached:          1828584 kB
SwapCached:            0 kB
Active:          1532952 kB
Inactive:        1581176 kB
Active(anon):    1286104 kB
Inactive(anon):    25812 kB
Active(file):     246848 kB
Inactive(file):  1555364 kB
Unevictable:        5532 kB
Mlocked:            5532 kB
SwapTotal:       3145724 kB
SwapFree:        3145724 kB
Dirty:               268 kB
Writeback:             0 kB
AnonPages:       1285464 kB
Mapped:           857468 kB
Shmem:             27752 kB
KReclaimable:     553352 kB
Slab:             221408 kB
SReclaimable:      76224 kB
SUnreclaim:       145184 kB
KernelStack:       46848 kB
PageTables:        62868 kB
NFS_Unstable:          0 kB
Bounce:                0 kB
WritebackTmp:          0 kB
CommitLimit:     9202288 kB
Committed_AS:   65823276 kB
VmallocTotal:   263061440 kB
VmallocUsed:      104000 kB
VmallocChunk:          0 kB
Percpu:             7648 kB
CmaTotal:         294912 kB
CmaFree:               0 kB
MemTotal:       12113132 kB
MemFree:         6345348 kB
MemAvailable:    7832212 kB
Buffers:            5860 kB
Cached:          1828588 kB
SwapCached:            0 kB
Active:          1533284 kB
Inactive:        1581180 kB
Active(anon):    1286436 kB
Inactive(anon):    25812 kB
Active(file):     246848 kB
Inactive(file):  1555368 kB
Unevictable:        5532 kB
Mlocked:            5532 kB
SwapTotal:       3145724 kB
SwapFree:        3145724 kB
Dirty:               272 kB
Writeback:             0 kB
AnonPages:       1285368 kB
Mapped:           857464 kB
Shmem:             27752 kB
KReclaimable:     553352 kB
Slab:             221408 kB
SReclaimable:      76224 kB
SUnreclaim:       145184 kB
KernelStack:       46816 kB
PageTables:        62724 kB
NFS_Unstable:          0 kB
Bounce:                0 kB
WritebackTmp:          0 kB
CommitLimit:     9202288 kB
Committed_AS:   65838396 kB
VmallocTotal:   263061440 kB
VmallocUsed:      103968 kB
VmallocChunk:          0 kB
Percpu:             7648 kB
CmaTotal:         294912 kB
CmaFree:               0 kB
MemTotal:       12113132 kB
MemFree:         6344544 kB
MemAvailable:    7831428 kB
Buffers:            5864 kB
Cached:          1828608 kB
SwapCached:            0 kB
Active:          1534096 kB
Inactive:        1581204 kB
Active(anon):    1287248 kB
Inactive(anon):    25816 kB
Active(file):     246848 kB
Inactive(file):  1555388 kB
Unevictable:        5532 kB
Mlocked:            5532 kB
SwapTotal:       3145724 kB
SwapFree:        3145724 kB
Dirty:               292 kB
Writeback:             0 kB
AnonPages:       1286456 kB
Mapped:           857504 kB
Shmem:             27756 kB
KReclaimable:     553352 kB
Slab:             221408 kB
SReclaimable:      76224 kB
SUnreclaim:       145184 kB
KernelStack:       46784 kB
PageTables:        62740 kB
NFS_Unstable:          0 kB
Bounce:                0 kB
WritebackTmp:          0 kB
CommitLimit:     9202288 kB
Committed_AS:   65837904 kB
VmallocTotal:   263061440 kB
VmallocUsed:      103936 kB
VmallocChunk:          0 kB
Percpu:             7648 kB
CmaTotal:         294912 kB
CmaFree:               0 kB
MemTotal:       12113132 kB
MemFree:         6344900 kB
MemAvailable:    7831820 kB
Buffers:            5864 kB
Cached:          1828644 kB
SwapCached:            0 kB
Active:          1533864 kB
Inactive:        1581236 kB
Active(anon):    1287012 kB
Inactive(anon):    25816 kB
Active(file):     246852 kB
Inactive(file):  1555420 kB
Unevictable:        5532 kB
Mlocked:            5532 kB
SwapTotal:       3145724 kB
SwapFree:        3145724 kB
Dirty:               340 kB
Writeback:             0 kB
AnonPages:       1286352 kB
Mapped:           857520 kB
Shmem:             27756 kB
KReclaimable:     553352 kB
Slab:             221408 kB
SReclaimable:      76224 kB
SUnreclaim:       145184 kB
KernelStack:       46800 kB
PageTables:        62764 kB
NFS_Unstable:          0 kB
Bounce:                0 kB
WritebackTmp:          0 kB
CommitLimit:     9202288 kB
Committed_AS:   65843140 kB
VmallocTotal:   263061440 kB
VmallocUsed:      103920 kB
VmallocChunk:          0 kB
Percpu:             7648 kB
CmaTotal:         294912 kB
CmaFree:              36 kB
MemTotal:       12113132 kB
MemFree:         6344280 kB
MemAvailable:    7831204 kB
Buffers:            5864 kB
Cached:          1828648 kB
SwapCached:            0 kB
Active:          1534460 kB
Inactive:        1581240 kB
Active(anon):    1287608 kB
Inactive(anon):    25816 kB
Active(file):     246852 kB
Inactive(file):  1555424 kB
Unevictable:        5532 kB
Mlocked:            5532 kB
SwapTotal:       3145724 kB
SwapFree:        3145724 kB
Dirty:               196 kB
Writeback:             0 kB
AnonPages:       1286924 kB
Mapped:           857492 kB
Shmem:             27756 kB
KReclaimable:     553352 kB
Slab:             221376 kB
SReclaimable:      76224 kB
SUnreclaim:       145152 kB
KernelStack:       46848 kB
PageTables:        62844 kB
NFS_Unstable:          0 kB
Bounce:                0 kB
WritebackTmp:          0 kB
CommitLimit:     9202288 kB
Committed_AS:   65834516 kB
VmallocTotal:   263061440 kB
VmallocUsed:      103968 kB
VmallocChunk:          0 kB
Percpu:             7648 kB
CmaTotal:         294912 kB
CmaFree:               0 kB
MemTotal:       12113132 kB
MemFree:         6374556 kB
MemAvailable:    7861500 kB
Buffers:            5864 kB
Cached:          1828668 kB
SwapCached:            0 kB
Active:          1502512 kB
Inactive:        1581260 kB
Active(anon):    1255660 kB
Inactive(anon):    25816 kB
Active(file):     246852 kB
Inactive(file):  1555444 kB
Unevictable:        5532 kB
Mlocked:            5532 kB
SwapTotal:       3145724 kB
SwapFree:        3145724 kB
Dirty:               272 kB
Writeback:             0 kB
AnonPages:       1254324 kB
Mapped:           857516 kB
Shmem:             27756 kB
KReclaimable:     553352 kB
Slab:             221376 kB
SReclaimable:      76224 kB
SUnreclaim:       145152 kB
KernelStack:       46832 kB
PageTables:        62748 kB
NFS_Unstable:          0 kB
Bounce:                0 kB
WritebackTmp:          0 kB
CommitLimit:     9202288 kB
Committed_AS:   65838532 kB
VmallocTotal:   263061440 kB
VmallocUsed:      103968 kB
VmallocChunk:          0 kB
Percpu:             7648 kB
CmaTotal:         294912 kB
CmaFree:             292 kB
MemTotal:       12113132 kB
MemFree:         6374416 kB
MemAvailable:    7861372 kB
Buffers:            5864 kB
Cached:          1828680 kB
SwapCached:            0 kB
Active:          1502812 kB
Inactive:        1581272 kB
Active(anon):    1255960 kB
Inactive(anon):    25816 kB
Active(file):     246852 kB
Inactive(file):  1555456 kB
Unevictable:        5532 kB
Mlocked:            5532 kB
SwapTotal:       3145724 kB
SwapFree:        3145724 kB
Dirty:               300 kB
Writeback:             0 kB
AnonPages:       1255104 kB
Mapped:           857484 kB
Shmem:             27756 kB
KReclaimable:     553352 kB
Slab:             221376 kB
SReclaimable:      76224 kB
SUnreclaim:       145152 kB
KernelStack:       46848 kB
PageTables:        62716 kB
NFS_Unstable:          0 kB
Bounce:                0 kB
WritebackTmp:          0 kB
CommitLimit:     9202288 kB
Committed_AS:   65839664 kB
VmallocTotal:   263061440 kB
VmallocUsed:      103968 kB
VmallocChunk:          0 kB
Percpu:             7648 kB
CmaTotal:         294912 kB
CmaFree:               0 kB
MemTotal:       12113132 kB
MemFree:         6375236 kB
MemAvailable:    7862180 kB
Buffers:            5864 kB
Cached:          1828668 kB
SwapCached:            0 kB
Active:          1503544 kB
Inactive:        1581260 kB
Active(anon):    1256692 kB
Inactive(anon):    25816 kB
Active(file):     246852 kB
Inactive(file):  1555444 kB
Unevictable:        5532 kB
Mlocked:            5532 kB
SwapTotal:       3145724 kB
SwapFree:        3145724 kB
Dirty:               312 kB
Writeback:             0 kB
AnonPages:       1255388 kB
Mapped:           857488 kB
Shmem:             27756 kB
KReclaimable:     553352 kB
Slab:             221376 kB
SReclaimable:      76224 kB
SUnreclaim:       145152 kB
KernelStack:       46832 kB
PageTables:        62744 kB
NFS_Unstable:          0 kB
Bounce:                0 kB
WritebackTmp:          0 kB
CommitLimit:     9202288 kB
Committed_AS:   65838112 kB
VmallocTotal:   263061440 kB
VmallocUsed:      103984 kB
VmallocChunk:          0 kB
Percpu:             7648 kB
CmaTotal:         294912 kB
CmaFree:               0 kB
MemTotal:       12113132 kB
MemFree:         6373728 kB
MemAvailable:    7860708 kB
Buffers:            5864 kB
Cached:          1828704 kB
SwapCached:            0 kB
Active:          1504340 kB
Inactive:        1581296 kB
Active(anon):    1257488 kB
Inactive(anon):    25816 kB
Active(file):     246852 kB
Inactive(file):  1555480 kB
Unevictable:        5532 kB
Mlocked:            5532 kB
SwapTotal:       3145724 kB
SwapFree:        3145724 kB
Dirty:               356 kB
Writeback:             0 kB
AnonPages:       1256644 kB
Mapped:           857484 kB
Shmem:             27756 kB
KReclaimable:     553352 kB
Slab:             221376 kB
SReclaimable:      76224 kB
SUnreclaim:       145152 kB
KernelStack:       46816 kB
PageTables:        62628 kB
NFS_Unstable:          0 kB
Bounce:                0 kB
WritebackTmp:          0 kB
CommitLimit:     9202288 kB
Committed_AS:   65843880 kB
VmallocTotal:   263061440 kB
VmallocUsed:      104032 kB
VmallocChunk:          0 kB
Percpu:             7648 kB
CmaTotal:         294912 kB
CmaFree:               0 kB
MemTotal:       12113132 kB
MemFree:         6373460 kB
MemAvailable:    7860448 kB
Buffers:            5864 kB
Cached:          1828712 kB
SwapCached:            0 kB
Active:          1505520 kB
Inactive:        1581304 kB
Active(anon):    1258668 kB
Inactive(anon):    25816 kB
Active(file):     246852 kB
Inactive(file):  1555488 kB
Unevictable:        5532 kB
Mlocked:            5532 kB
SwapTotal:       3145724 kB
SwapFree:        3145724 kB
Dirty:               380 kB
Writeback:             0 kB
AnonPages:       1257672 kB
Mapped:           857480 kB
Shmem:             27756 kB
KReclaimable:     553352 kB
Slab:             221384 kB
SReclaimable:      76224 kB
SUnreclaim:       145160 kB
KernelStack:       46832 kB
PageTables:        62740 kB
NFS_Unstable:          0 kB
Bounce:                0 kB
WritebackTmp:          0 kB
CommitLimit:     9202288 kB
Committed_AS:   65843472 kB
VmallocTotal:   263061440 kB
VmallocUsed:      104000 kB
VmallocChunk:          0 kB
Percpu:             7648 kB
CmaTotal:         294912 kB
CmaFree:               0 kB
MemTotal:       12113132 kB
MemFree:         6373084 kB
MemAvailable:    7860088 kB
Buffers:            5864 kB
Cached:          1828728 kB
SwapCached:            0 kB
Active:          1504888 kB
Inactive:        1581320 kB
Active(anon):    1258036 kB
Inactive(anon):    25816 kB
Active(file):     246852 kB
Inactive(file):  1555504 kB
Unevictable:        5532 kB
Mlocked:            5532 kB
SwapTotal:       3145724 kB
SwapFree:        3145724 kB
Dirty:               396 kB
Writeback:             0 kB
AnonPages:       1257100 kB
Mapped:           857456 kB
Shmem:             27756 kB
KReclaimable:     553352 kB
Slab:             221376 kB
SReclaimable:      76224 kB
SUnreclaim:       145152 kB
KernelStack:       46896 kB
PageTables:        62916 kB
NFS_Unstable:          0 kB
Bounce:                0 kB
WritebackTmp:          0 kB
CommitLimit:     9202288 kB
Committed_AS:   65827644 kB
VmallocTotal:   263061440 kB
VmallocUsed:      103952 kB
VmallocChunk:          0 kB
Percpu:             7648 kB
CmaTotal:         294912 kB
CmaFree:               0 kB
MemTotal:       12113132 kB
MemFree:         6371572 kB
MemAvailable:    7858584 kB
Buffers:            5864 kB
Cached:          1828740 kB
SwapCached:            0 kB
Active:          1506576 kB
Inactive:        1581332 kB
Active(anon):    1259724 kB
Inactive(anon):    25820 kB
Active(file):     246852 kB
Inactive(file):  1555512 kB
Unevictable:        5532 kB
Mlocked:            5532 kB
SwapTotal:       3145724 kB
SwapFree:        3145724 kB
Dirty:               408 kB
Writeback:             0 kB
AnonPages:       1258304 kB
Mapped:           857488 kB
Shmem:             27760 kB
KReclaimable:     553352 kB
Slab:             221376 kB
SReclaimable:      76224 kB
SUnreclaim:       145152 kB
KernelStack:       46900 kB
PageTables:        62712 kB
NFS_Unstable:          0 kB
Bounce:                0 kB
WritebackTmp:          0 kB
CommitLimit:     9202288 kB
Committed_AS:   65837368 kB
VmallocTotal:   263061440 kB
VmallocUsed:      104000 kB
VmallocChunk:          0 kB
Percpu:             7648 kB
CmaTotal:         294912 kB
CmaFree:               0 kB
MemTotal:       12113132 kB
MemFree:         6371016 kB
MemAvailable:    7858060 kB
Buffers:            5864 kB
Cached:          1828772 kB
SwapCached:            0 kB
Active:          1506752 kB
Inactive:        1581364 kB
Active(anon):    1259900 kB
Inactive(anon):    25820 kB
Active(file):     246852 kB
Inactive(file):  1555544 kB
Unevictable:        5532 kB
Mlocked:            5532 kB
SwapTotal:       3145724 kB
SwapFree:        3145724 kB
Dirty:               464 kB
Writeback:             0 kB
AnonPages:       1258808 kB
Mapped:           857460 kB
Shmem:             27760 kB
KReclaimable:     553352 kB
Slab:             221376 kB
SReclaimable:      76224 kB
SUnreclaim:       145152 kB
KernelStack:       46832 kB
PageTables:        62736 kB
NFS_Unstable:          0 kB
Bounce:                0 kB
WritebackTmp:          0 kB
CommitLimit:     9202288 kB
Committed_AS:   65832920 kB
VmallocTotal:   263061440 kB
VmallocUsed:      103984 kB
VmallocChunk:          0 kB
Percpu:             7648 kB
CmaTotal:         294912 kB
CmaFree:               0 kB
MemTotal:       12113132 kB
MemFree:         6370588 kB
MemAvailable:    7857640 kB
Buffers:            5864 kB
Cached:          1828780 kB
SwapCached:            0 kB
Active:          1506388 kB
Inactive:        1581372 kB
Active(anon):    1259536 kB
Inactive(anon):    25820 kB
Active(file):     246852 kB
Inactive(file):  1555552 kB
Unevictable:        5532 kB
Mlocked:            5532 kB
SwapTotal:       3145724 kB
SwapFree:        3145724 kB
Dirty:               480 kB
Writeback:             0 kB
AnonPages:       1258768 kB
Mapped:           857500 kB
Shmem:             27760 kB
KReclaimable:     553352 kB
Slab:             221376 kB
SReclaimable:      76224 kB
SUnreclaim:       145152 kB
KernelStack:       46832 kB
PageTables:        62744 kB
NFS_Unstable:          0 kB
Bounce:                0 kB
WritebackTmp:          0 kB
CommitLimit:     9202288 kB
Committed_AS:   65837496 kB
VmallocTotal:   263061440 kB
VmallocUsed:      104032 kB
VmallocChunk:          0 kB
Percpu:             7648 kB
CmaTotal:         294912 kB
CmaFree:              32 kB
MemTotal:       12113132 kB
MemFree:         6369480 kB
MemAvailable:    7856544 kB
Buffers:            5864 kB
Cached:          1828796 kB
SwapCached:            0 kB
Active:          1508220 kB
Inactive:        1581384 kB
Active(anon):    1261364 kB
Inactive(anon):    25824 kB
Active(file):     246856 kB
Inactive(file):  1555560 kB
Unevictable:        5532 kB
Mlocked:            5532 kB
SwapTotal:       3145724 kB
SwapFree:        3145724 kB
Dirty:               512 kB
Writeback:             0 kB
AnonPages:       1259828 kB
Mapped:           857544 kB
Shmem:             27764 kB
KReclaimable:     553352 kB
Slab:             221376 kB
SReclaimable:      76224 kB
SUnreclaim:       145152 kB
KernelStack:       46896 kB
PageTables:        62752 kB
NFS_Unstable:          0 kB
Bounce:                0 kB
WritebackTmp:          0 kB
CommitLimit:     9202288 kB
Committed_AS:   65844244 kB
VmallocTotal:   263061440 kB
VmallocUsed:      104032 kB
VmallocChunk:          0 kB
Percpu:             7648 kB
CmaTotal:         294912 kB
CmaFree:               0 kB
MemTotal:       12113132 kB
MemFree:         6368216 kB
MemAvailable:    7855288 kB
Buffers:            5864 kB
Cached:          1828808 kB
SwapCached:            0 kB
Active:          1510416 kB
Inactive:        1581384 kB
Active(anon):    1263548 kB
Inactive(anon):    25828 kB
Active(file):     246868 kB
Inactive(file):  1555556 kB
Unevictable:        5532 kB
Mlocked:            5532 kB
SwapTotal:       3145724 kB
SwapFree:        3145724 kB
Dirty:               720 kB
Writeback:             0 kB
AnonPages:       1262784 kB
Mapped:           870720 kB
Shmem:             27768 kB
KReclaimable:     553352 kB
Slab:             221376 kB
SReclaimable:      76224 kB
SUnreclaim:       145152 kB
KernelStack:       46912 kB
PageTables:        62844 kB
NFS_Unstable:          0 kB
Bounce:                0 kB
WritebackTmp:          0 kB
CommitLimit:     9202288 kB
Committed_AS:   65828328 kB
VmallocTotal:   263061440 kB
VmallocUsed:      104032 kB
VmallocChunk:          0 kB
Percpu:             7648 kB
CmaTotal:         294912 kB
CmaFree:               0 kB
MemTotal:       12113132 kB
MemFree:         6367536 kB
MemAvailable:    7854416 kB
Buffers:            5864 kB
Cached:          1828820 kB
SwapCached:            0 kB
Active:          1510580 kB
Inactive:        1581400 kB
Active(anon):    1263716 kB
Inactive(anon):    25828 kB
Active(file):     246864 kB
Inactive(file):  1555572 kB
Unevictable:        5532 kB
Mlocked:            5532 kB
SwapTotal:       3145724 kB
SwapFree:        3145724 kB
Dirty:               752 kB
Writeback:             0 kB
AnonPages:       1263024 kB
Mapped:           870944 kB
Shmem:             27768 kB
KReclaimable:     553148 kB
Slab:             221376 kB
SReclaimable:      76224 kB
SUnreclaim:       145152 kB
KernelStack:       46960 kB
PageTables:        62976 kB
NFS_Unstable:          0 kB
Bounce:                0 kB
WritebackTmp:          0 kB
CommitLimit:     9202288 kB
Committed_AS:   65828436 kB
VmallocTotal:   263061440 kB
VmallocUsed:      104032 kB
VmallocChunk:          0 kB
Percpu:             7648 kB
CmaTotal:         294912 kB
CmaFree:               0 kB
MemTotal:       12113132 kB
MemFree:         6365956 kB
MemAvailable:    7852852 kB
Buffers:            5872 kB
Cached:          1828828 kB
SwapCached:            0 kB
Active:          1511444 kB
Inactive:        1581412 kB
Active(anon):    1264576 kB
Inactive(anon):    25828 kB
Active(file):     246868 kB
Inactive(file):  1555584 kB
Unevictable:        5532 kB
Mlocked:            5532 kB
SwapTotal:       3145724 kB
SwapFree:        3145724 kB
Dirty:               784 kB
Writeback:             0 kB
AnonPages:       1263672 kB
Mapped:           870944 kB
Shmem:             27768 kB
KReclaimable:     553148 kB
Slab:             221376 kB
SReclaimable:      76224 kB
SUnreclaim:       145152 kB
KernelStack:       46944 kB
PageTables:        62800 kB
NFS_Unstable:          0 kB
Bounce:                0 kB
WritebackTmp:          0 kB
CommitLimit:     9202288 kB
Committed_AS:   65833864 kB
VmallocTotal:   263061440 kB
VmallocUsed:      104080 kB
VmallocChunk:          0 kB
Percpu:             7648 kB
CmaTotal:         294912 kB
CmaFree:               0 kB
MemTotal:       12113132 kB
MemFree:         6364716 kB
MemAvailable:    7851644 kB
Buffers:            5872 kB
Cached:          1828860 kB
SwapCached:            0 kB
Active:          1512704 kB
Inactive:        1581440 kB
Active(anon):    1265832 kB
Inactive(anon):    25828 kB
Active(file):     246872 kB
Inactive(file):  1555612 kB
Unevictable:        5532 kB
Mlocked:            5532 kB
SwapTotal:       3145724 kB
SwapFree:        3145724 kB
Dirty:               804 kB
Writeback:             0 kB
AnonPages:       1264812 kB
Mapped:           870940 kB
Shmem:             27768 kB
KReclaimable:     553148 kB
Slab:             221376 kB
SReclaimable:      76224 kB
SUnreclaim:       145152 kB
KernelStack:       46928 kB
PageTables:        62900 kB
NFS_Unstable:          0 kB
Bounce:                0 kB
WritebackTmp:          0 kB
CommitLimit:     9202288 kB
Committed_AS:   65839604 kB
VmallocTotal:   263061440 kB
VmallocUsed:      104064 kB
VmallocChunk:          0 kB
Percpu:             7648 kB
CmaTotal:         294912 kB
CmaFree:               0 kB
MemTotal:       12113132 kB
MemFree:         6363388 kB
MemAvailable:    7850324 kB
Buffers:            5872 kB
Cached:          1828868 kB
SwapCached:            0 kB
Active:          1513516 kB
Inactive:        1581444 kB
Active(anon):    1266640 kB
Inactive(anon):    25828 kB
Active(file):     246876 kB
Inactive(file):  1555616 kB
Unevictable:        5532 kB
Mlocked:            5532 kB
SwapTotal:       3145724 kB
SwapFree:        3145724 kB
Dirty:               260 kB
Writeback:             0 kB
AnonPages:       1265600 kB
Mapped:           870944 kB
Shmem:             27768 kB
KReclaimable:     553148 kB
Slab:             221408 kB
SReclaimable:      76224 kB
SUnreclaim:       145184 kB
KernelStack:       46912 kB
PageTables:        62792 kB
NFS_Unstable:          0 kB
Bounce:                0 kB
WritebackTmp:          0 kB
CommitLimit:     9202288 kB
Committed_AS:   65834028 kB
VmallocTotal:   263061440 kB
VmallocUsed:      104080 kB
VmallocChunk:          0 kB
Percpu:             7648 kB
CmaTotal:         294912 kB
CmaFree:               0 kB
MemTotal:       12113132 kB
MemFree:         6364512 kB
MemAvailable:    7851468 kB
Buffers:            5872 kB
Cached:          1828888 kB
SwapCached:            0 kB
Active:          1514056 kB
Inactive:        1581464 kB
Active(anon):    1267180 kB
Inactive(anon):    25828 kB
Active(file):     246876 kB
Inactive(file):  1555636 kB
Unevictable:        5532 kB
Mlocked:            5532 kB
SwapTotal:       3145724 kB
SwapFree:        3145724 kB
Dirty:               344 kB
Writeback:             0 kB
AnonPages:       1266352 kB
Mapped:           870952 kB
Shmem:             27768 kB
KReclaimable:     553148 kB
Slab:             221408 kB
SReclaimable:      76224 kB
SUnreclaim:       145184 kB
KernelStack:       46944 kB
PageTables:        62828 kB
NFS_Unstable:          0 kB
Bounce:                0 kB
WritebackTmp:          0 kB
CommitLimit:     9202288 kB
Committed_AS:   65829692 kB
VmallocTotal:   263061440 kB
VmallocUsed:      104064 kB
VmallocChunk:          0 kB
Percpu:             7648 kB
CmaTotal:         294912 kB
CmaFree:               0 kB
MemTotal:       12113132 kB
MemFree:         6362520 kB
MemAvailable:    7849488 kB
Buffers:            5872 kB
Cached:          1828900 kB
SwapCached:            0 kB
Active:          1514428 kB
Inactive:        1581476 kB
Active(anon):    1267552 kB
Inactive(anon):    25828 kB
Active(file):     246876 kB
Inactive(file):  1555648 kB
Unevictable:        5532 kB
Mlocked:            5532 kB
SwapTotal:       3145724 kB
SwapFree:        3145724 kB
Dirty:               356 kB
Writeback:             0 kB
AnonPages:       1266980 kB
Mapped:           870932 kB
Shmem:             27768 kB
KReclaimable:     553148 kB
Slab:             221408 kB
SReclaimable:      76224 kB
SUnreclaim:       145184 kB
KernelStack:       46960 kB
PageTables:        62792 kB
NFS_Unstable:          0 kB
Bounce:                0 kB
WritebackTmp:          0 kB
CommitLimit:     9202288 kB
Committed_AS:   65825836 kB
VmallocTotal:   263061440 kB
VmallocUsed:      104064 kB
VmallocChunk:          0 kB
Percpu:             7648 kB
CmaTotal:         294912 kB
CmaFree:               0 kB
MemTotal:       12113132 kB
MemFree:         6361756 kB
MemAvailable:    7848736 kB
Buffers:            5872 kB
Cached:          1828916 kB
SwapCached:            0 kB
Active:          1515392 kB
Inactive:        1581492 kB
Active(anon):    1268516 kB
Inactive(anon):    25832 kB
Active(file):     246876 kB
Inactive(file):  1555660 kB
Unevictable:        5532 kB
Mlocked:            5532 kB
SwapTotal:       3145724 kB
SwapFree:        3145724 kB
Dirty:               380 kB
Writeback:             4 kB
AnonPages:       1267560 kB
Mapped:           870936 kB
Shmem:             27772 kB
KReclaimable:     553148 kB
Slab:             221408 kB
SReclaimable:      76224 kB
SUnreclaim:       145184 kB
KernelStack:       46928 kB
PageTables:        62756 kB
NFS_Unstable:          0 kB
Bounce:                0 kB
WritebackTmp:          0 kB
CommitLimit:     9202288 kB
Committed_AS:   65825872 kB
VmallocTotal:   263061440 kB
VmallocUsed:      104080 kB
VmallocChunk:          0 kB
Percpu:             7648 kB
CmaTotal:         294912 kB
CmaFree:               0 kB
MemTotal:       12113132 kB
MemFree:         6362688 kB
MemAvailable:    7849680 kB
Buffers:            5872 kB
Cached:          1828928 kB
SwapCached:            0 kB
Active:          1515580 kB
Inactive:        1581504 kB
Active(anon):    1268704 kB
Inactive(anon):    25832 kB
Active(file):     246876 kB
Inactive(file):  1555672 kB
Unevictable:        5532 kB
Mlocked:            5532 kB
SwapTotal:       3145724 kB
SwapFree:        3145724 kB
Dirty:               392 kB
Writeback:             0 kB
AnonPages:       1267632 kB
Mapped:           870928 kB
Shmem:             27772 kB
KReclaimable:     553148 kB
Slab:             221408 kB
SReclaimable:      76224 kB
SUnreclaim:       145184 kB
KernelStack:       46960 kB
PageTables:        62800 kB
NFS_Unstable:          0 kB
Bounce:                0 kB
WritebackTmp:          0 kB
CommitLimit:     9202288 kB
Committed_AS:   65815656 kB
VmallocTotal:   263061440 kB
VmallocUsed:      104000 kB
VmallocChunk:          0 kB
Percpu:             7648 kB
CmaTotal:         294912 kB
CmaFree:             124 kB
MemTotal:       12113132 kB
MemFree:         6372240 kB
MemAvailable:    7859256 kB
Buffers:            5872 kB
Cached:          1828952 kB
SwapCached:            0 kB
Active:          1504948 kB
Inactive:        1581524 kB
Active(anon):    1258068 kB
Inactive(anon):    25832 kB
Active(file):     246880 kB
Inactive(file):  1555692 kB
Unevictable:        5532 kB
Mlocked:            5532 kB
SwapTotal:       3145724 kB
SwapFree:        3145724 kB
Dirty:               244 kB
Writeback:             0 kB
AnonPages:       1257392 kB
Mapped:           857556 kB
Shmem:             27772 kB
KReclaimable:     553148 kB
Slab:             221404 kB
SReclaimable:      76224 kB
SUnreclaim:       145180 kB
KernelStack:       46976 kB
PageTables:        62952 kB
NFS_Unstable:          0 kB
Bounce:                0 kB
WritebackTmp:          0 kB
CommitLimit:     9202288 kB
Committed_AS:   65823136 kB
VmallocTotal:   263061440 kB
VmallocUsed:      104080 kB
VmallocChunk:          0 kB
Percpu:             7648 kB
CmaTotal:         294912 kB
CmaFree:             124 kB
MemTotal:       12113132 kB
MemFree:         6373472 kB
MemAvailable:    7860488 kB
Buffers:            5872 kB
Cached:          1828952 kB
SwapCached:            0 kB
Active:          1503652 kB
Inactive:        1581528 kB
Active(anon):    1256776 kB
Inactive(anon):    25832 kB
Active(file):     246876 kB
Inactive(file):  1555696 kB
Unevictable:        5532 kB
Mlocked:            5532 kB
SwapTotal:       3145724 kB
SwapFree:        3145724 kB
Dirty:               324 kB
Writeback:             0 kB
AnonPages:       1255648 kB
Mapped:           857548 kB
Shmem:             27772 kB
KReclaimable:     553148 kB
Slab:             221384 kB
SReclaimable:      76224 kB
SUnreclaim:       145160 kB
KernelStack:       46912 kB
PageTables:        62748 kB
NFS_Unstable:          0 kB
Bounce:                0 kB
WritebackTmp:          0 kB
CommitLimit:     9202288 kB
Committed_AS:   65825580 kB
VmallocTotal:   263061440 kB
VmallocUsed:      104032 kB
VmallocChunk:          0 kB
Percpu:             7648 kB
CmaTotal:         294912 kB
CmaFree:              56 kB
MemTotal:       12113132 kB
MemFree:         6372064 kB
MemAvailable:    7859088 kB
Buffers:            5872 kB
Cached:          1828960 kB
SwapCached:            0 kB
Active:          1504808 kB
Inactive:        1581536 kB
Active(anon):    1257932 kB
Inactive(anon):    25832 kB
Active(file):     246876 kB
Inactive(file):  1555704 kB
Unevictable:        5532 kB
Mlocked:            5532 kB
SwapTotal:       3145724 kB
SwapFree:        3145724 kB
Dirty:               408 kB
Writeback:             0 kB
AnonPages:       1256936 kB
Mapped:           857676 kB
Shmem:             27772 kB
KReclaimable:     553148 kB
Slab:             221400 kB
SReclaimable:      76224 kB
SUnreclaim:       145176 kB
KernelStack:       46944 kB
PageTables:        62808 kB
NFS_Unstable:          0 kB
Bounce:                0 kB
WritebackTmp:          0 kB
CommitLimit:     9202288 kB
Committed_AS:   65828444 kB
VmallocTotal:   263061440 kB
VmallocUsed:      104080 kB
VmallocChunk:          0 kB
Percpu:             7648 kB
CmaTotal:         294912 kB
CmaFree:               0 kB
MemTotal:       12113132 kB
MemFree:         6372324 kB
MemAvailable:    7859380 kB
Buffers:            5872 kB
Cached:          1828992 kB
SwapCached:            0 kB
Active:          1504924 kB
Inactive:        1581568 kB
Active(anon):    1258048 kB
Inactive(anon):    25832 kB
Active(file):     246876 kB
Inactive(file):  1555736 kB
Unevictable:        5532 kB
Mlocked:            5532 kB
SwapTotal:       3145724 kB
SwapFree:        3145724 kB
Dirty:               456 kB
Writeback:             0 kB
AnonPages:       1257132 kB
Mapped:           857564 kB
Shmem:             27772 kB
KReclaimable:     553148 kB
Slab:             221400 kB
SReclaimable:      76224 kB
SUnreclaim:       145176 kB
KernelStack:       46848 kB
PageTables:        62696 kB
NFS_Unstable:          0 kB
Bounce:                0 kB
WritebackTmp:          0 kB
CommitLimit:     9202288 kB
Committed_AS:   65832300 kB
VmallocTotal:   263061440 kB
VmallocUsed:      104096 kB
VmallocChunk:          0 kB
Percpu:             7648 kB
CmaTotal:         294912 kB
CmaFree:               0 kB
MemTotal:       12113132 kB
MemFree:         6354916 kB
MemAvailable:    7841980 kB
Buffers:            5872 kB
Cached:          1829000 kB
SwapCached:            0 kB
Active:          1524720 kB
Inactive:        1581576 kB
Active(anon):    1277844 kB
Inactive(anon):    25832 kB
Active(file):     246876 kB
Inactive(file):  1555744 kB
Unevictable:        5532 kB
Mlocked:            5532 kB
SwapTotal:       3145724 kB
SwapFree:        3145724 kB
Dirty:               464 kB
Writeback:             0 kB
AnonPages:       1276604 kB
Mapped:           857556 kB
Shmem:             27772 kB
KReclaimable:     553148 kB
Slab:             221408 kB
SReclaimable:      76224 kB
SUnreclaim:       145184 kB
KernelStack:       46864 kB
PageTables:        62684 kB
NFS_Unstable:          0 kB
Bounce:                0 kB
WritebackTmp:          0 kB
CommitLimit:     9202288 kB
Committed_AS:   65829672 kB
VmallocTotal:   263061440 kB
VmallocUsed:      104048 kB
VmallocChunk:          0 kB
Percpu:             7648 kB
CmaTotal:         294912 kB
CmaFree:               4 kB
MemTotal:       12113132 kB
MemFree:         6344256 kB
MemAvailable:    7831328 kB
Buffers:            5872 kB
Cached:          1829008 kB
SwapCached:            0 kB
Active:          1533364 kB
Inactive:        1581584 kB
Active(anon):    1286488 kB
Inactive(anon):    25832 kB
Active(file):     246876 kB
Inactive(file):  1555752 kB
Unevictable:        5532 kB
Mlocked:            5532 kB
SwapTotal:       3145724 kB
SwapFree:        3145724 kB
Dirty:               316 kB
Writeback:             0 kB
AnonPages:       1285640 kB
Mapped:           857556 kB
Shmem:             27772 kB
KReclaimable:     553148 kB
Slab:             221400 kB
SReclaimable:      76224 kB
SUnreclaim:       145176 kB
KernelStack:       46864 kB
PageTables:        62740 kB
NFS_Unstable:          0 kB
Bounce:                0 kB
WritebackTmp:          0 kB
CommitLimit:     9202288 kB
Committed_AS:   65828848 kB
VmallocTotal:   263061440 kB
VmallocUsed:      104080 kB
VmallocChunk:          0 kB
Percpu:             7648 kB
CmaTotal:         294912 kB
CmaFree:               0 kB
MemTotal:       12113132 kB
MemFree:         6346676 kB
MemAvailable:    7833760 kB
Buffers:            5872 kB
Cached:          1829020 kB
SwapCached:            0 kB
Active:          1530144 kB
Inactive:        1581596 kB
Active(anon):    1283268 kB
Inactive(anon):    25832 kB
Active(file):     246876 kB
Inactive(file):  1555764 kB
Unevictable:        5532 kB
Mlocked:            5532 kB
SwapTotal:       3145724 kB
SwapFree:        3145724 kB
Dirty:               336 kB
Writeback:             0 kB
AnonPages:       1282520 kB
Mapped:           857540 kB
Shmem:             27772 kB
KReclaimable:     553148 kB
Slab:             221400 kB
SReclaimable:      76224 kB
SUnreclaim:       145176 kB
KernelStack:       46928 kB
PageTables:        62856 kB
NFS_Unstable:          0 kB
Bounce:                0 kB
WritebackTmp:          0 kB
CommitLimit:     9202288 kB
Committed_AS:   65823456 kB
VmallocTotal:   263061440 kB
VmallocUsed:      104112 kB
VmallocChunk:          0 kB
Percpu:             7648 kB
CmaTotal:         294912 kB
CmaFree:              84 kB
MemTotal:       12113132 kB
MemFree:         6339016 kB
MemAvailable:    7826112 kB
Buffers:            5872 kB
Cached:          1829032 kB
SwapCached:            0 kB
Active:          1540836 kB
Inactive:        1581608 kB
Active(anon):    1293960 kB
Inactive(anon):    25832 kB
Active(file):     246876 kB
Inactive(file):  1555776 kB
Unevictable:        5532 kB
Mlocked:            5532 kB
SwapTotal:       3145724 kB
SwapFree:        3145724 kB
Dirty:               368 kB
Writeback:             0 kB
AnonPages:       1293116 kB
Mapped:           857672 kB
Shmem:             27772 kB
KReclaimable:     553148 kB
Slab:             221408 kB
SReclaimable:      76224 kB
SUnreclaim:       145184 kB
KernelStack:       46912 kB
PageTables:        62816 kB
NFS_Unstable:          0 kB
Bounce:                0 kB
WritebackTmp:          0 kB
CommitLimit:     9202288 kB
Committed_AS:   65827768 kB
VmallocTotal:   263061440 kB
VmallocUsed:      104096 kB
VmallocChunk:          0 kB
Percpu:             7648 kB
CmaTotal:         294912 kB
CmaFree:               0 kB
MemTotal:       12113132 kB
MemFree:         6340460 kB
MemAvailable:    7827572 kB
Buffers:            5876 kB
Cached:          1829044 kB
SwapCached:            0 kB
Active:          1537064 kB
Inactive:        1581624 kB
Active(anon):    1290188 kB
Inactive(anon):    25832 kB
Active(file):     246876 kB
Inactive(file):  1555792 kB
Unevictable:        5532 kB
Mlocked:            5532 kB
SwapTotal:       3145724 kB
SwapFree:        3145724 kB
Dirty:               388 kB
Writeback:             0 kB
AnonPages:       1289096 kB
Mapped:           857536 kB
Shmem:             27772 kB
KReclaimable:     553148 kB
Slab:             221400 kB
SReclaimable:      76224 kB
SUnreclaim:       145176 kB
KernelStack:       46928 kB
PageTables:        62740 kB
NFS_Unstable:          0 kB
Bounce:                0 kB
WritebackTmp:          0 kB
CommitLimit:     9202288 kB
Committed_AS:   65837448 kB
VmallocTotal:   263061440 kB
VmallocUsed:      104080 kB
VmallocChunk:          0 kB
Percpu:             7648 kB
CmaTotal:         294912 kB
CmaFree:               0 kB
MemTotal:       12113132 kB
MemFree:         6340884 kB
MemAvailable:    7828020 kB
Buffers:            5876 kB
Cached:          1829068 kB
SwapCached:            0 kB
Active:          1537292 kB
Inactive:        1581644 kB
Active(anon):    1290412 kB
Inactive(anon):    25832 kB
Active(file):     246880 kB
Inactive(file):  1555812 kB
Unevictable:        5532 kB
Mlocked:            5532 kB
SwapTotal:       3145724 kB
SwapFree:        3145724 kB
Dirty:               396 kB
Writeback:             0 kB
AnonPages:       1289708 kB
Mapped:           857564 kB
Shmem:             27772 kB
KReclaimable:     553148 kB
Slab:             221408 kB
SReclaimable:      76224 kB
SUnreclaim:       145184 kB
KernelStack:       46928 kB
PageTables:        62752 kB
NFS_Unstable:          0 kB
Bounce:                0 kB
WritebackTmp:          0 kB
CommitLimit:     9202288 kB
Committed_AS:   65843156 kB
VmallocTotal:   263061440 kB
VmallocUsed:      104080 kB
VmallocChunk:          0 kB
Percpu:             7648 kB
CmaTotal:         294912 kB
CmaFree:               0 kB
MemTotal:       12113132 kB
MemFree:         6339868 kB
MemAvailable:    7827024 kB
Buffers:            5876 kB
Cached:          1829088 kB
SwapCached:            0 kB
Active:          1538012 kB
Inactive:        1581664 kB
Active(anon):    1291132 kB
Inactive(anon):    25832 kB
Active(file):     246880 kB
Inactive(file):  1555832 kB
Unevictable:        5532 kB
Mlocked:            5532 kB
SwapTotal:       3145724 kB
SwapFree:        3145724 kB
Dirty:               424 kB
Writeback:             0 kB
AnonPages:       1290572 kB
Mapped:           857584 kB
Shmem:             27772 kB
KReclaimable:     553148 kB
Slab:             221400 kB
SReclaimable:      76224 kB
SUnreclaim:       145176 kB
KernelStack:       46928 kB
PageTables:        62768 kB
NFS_Unstable:          0 kB
Bounce:                0 kB
WritebackTmp:          0 kB
CommitLimit:     9202288 kB
Committed_AS:   65823040 kB
VmallocTotal:   263061440 kB
VmallocUsed:      104080 kB
VmallocChunk:          0 kB
Percpu:             7648 kB
CmaTotal:         294912 kB
CmaFree:               0 kB
MemTotal:       12113132 kB
MemFree:         6339276 kB
MemAvailable:    7826444 kB
Buffers:            5876 kB
Cached:          1829100 kB
SwapCached:            0 kB
Active:          1538336 kB
Inactive:        1581672 kB
Active(anon):    1291452 kB
Inactive(anon):    25832 kB
Active(file):     246884 kB
Inactive(file):  1555840 kB
Unevictable:        5532 kB
Mlocked:            5532 kB
SwapTotal:       3145724 kB
SwapFree:        3145724 kB
Dirty:               448 kB
Writeback:             0 kB
AnonPages:       1290448 kB
Mapped:           857564 kB
Shmem:             27772 kB
KReclaimable:     553148 kB
Slab:             221400 kB
SReclaimable:      76224 kB
SUnreclaim:       145176 kB
KernelStack:       46944 kB
PageTables:        62788 kB
NFS_Unstable:          0 kB
Bounce:                0 kB
WritebackTmp:          0 kB
CommitLimit:     9202288 kB
Committed_AS:   65827956 kB
VmallocTotal:   263061440 kB
VmallocUsed:      104112 kB
VmallocChunk:          0 kB
Percpu:             7648 kB
CmaTotal:         294912 kB
CmaFree:               4 kB
MemTotal:       12113132 kB
MemFree:         6339280 kB
MemAvailable:    7826492 kB
Buffers:            5876 kB
Cached:          1829144 kB
SwapCached:            0 kB
Active:          1538764 kB
Inactive:        1581712 kB
Active(anon):    1291876 kB
Inactive(anon):    25832 kB
Active(file):     246888 kB
Inactive(file):  1555880 kB
Unevictable:        5532 kB
Mlocked:            5532 kB
SwapTotal:       3145724 kB
SwapFree:        3145724 kB
Dirty:               484 kB
Writeback:             4 kB
AnonPages:       1290920 kB
Mapped:           857552 kB
Shmem:             27772 kB
KReclaimable:     553148 kB
Slab:             221400 kB
SReclaimable:      76224 kB
SUnreclaim:       145176 kB
KernelStack:       46992 kB
PageTables:        62852 kB
NFS_Unstable:          0 kB
Bounce:                0 kB
WritebackTmp:          0 kB
CommitLimit:     9202288 kB
Committed_AS:   65825024 kB
VmallocTotal:   263061440 kB
VmallocUsed:      104064 kB
VmallocChunk:          0 kB
Percpu:             7648 kB
CmaTotal:         294912 kB
CmaFree:               4 kB
MemTotal:       12113132 kB
MemFree:         6338848 kB
MemAvailable:    7826036 kB
Buffers:            5876 kB
Cached:          1829120 kB
SwapCached:            0 kB
Active:          1538836 kB
Inactive:        1581696 kB
Active(anon):    1291956 kB
Inactive(anon):    25832 kB
Active(file):     246880 kB
Inactive(file):  1555864 kB
Unevictable:        5532 kB
Mlocked:            5532 kB
SwapTotal:       3145724 kB
SwapFree:        3145724 kB
Dirty:               480 kB
Writeback:             0 kB
AnonPages:       1291272 kB
Mapped:           857556 kB
Shmem:             27772 kB
KReclaimable:     553148 kB
Slab:             221400 kB
SReclaimable:      76224 kB
SUnreclaim:       145176 kB
KernelStack:       46960 kB
PageTables:        62752 kB
NFS_Unstable:          0 kB
Bounce:                0 kB
WritebackTmp:          0 kB
CommitLimit:     9202288 kB
Committed_AS:   65824724 kB
VmallocTotal:   263061440 kB
VmallocUsed:      104080 kB
VmallocChunk:          0 kB
Percpu:             7648 kB
CmaTotal:         294912 kB
CmaFree:               4 kB
MemTotal:       12113132 kB
MemFree:         6337316 kB
MemAvailable:    7824512 kB
Buffers:            5876 kB
Cached:          1829128 kB
SwapCached:            0 kB
Active:          1540088 kB
Inactive:        1581704 kB
Active(anon):    1293208 kB
Inactive(anon):    25832 kB
Active(file):     246880 kB
Inactive(file):  1555872 kB
Unevictable:        5532 kB
Mlocked:            5532 kB
SwapTotal:       3145724 kB
SwapFree:        3145724 kB
Dirty:               500 kB
Writeback:             0 kB
AnonPages:       1292480 kB
Mapped:           857560 kB
Shmem:             27772 kB
KReclaimable:     553148 kB
Slab:             221400 kB
SReclaimable:      76224 kB
SUnreclaim:       145176 kB
KernelStack:       46928 kB
PageTables:        62744 kB
NFS_Unstable:          0 kB
Bounce:                0 kB
WritebackTmp:          0 kB
CommitLimit:     9202288 kB
Committed_AS:   65823032 kB
VmallocTotal:   263061440 kB
VmallocUsed:      104080 kB
VmallocChunk:          0 kB
Percpu:             7648 kB
CmaTotal:         294912 kB
CmaFree:               0 kB
MemTotal:       12113132 kB
MemFree:         6336776 kB
MemAvailable:    7823988 kB
Buffers:            5876 kB
Cached:          1829148 kB
SwapCached:            0 kB
Active:          1541100 kB
Inactive:        1581724 kB
Active(anon):    1294220 kB
Inactive(anon):    25836 kB
Active(file):     246880 kB
Inactive(file):  1555888 kB
Unevictable:        5532 kB
Mlocked:            5532 kB
SwapTotal:       3145724 kB
SwapFree:        3145724 kB
Dirty:               236 kB
Writeback:             0 kB
AnonPages:       1293292 kB
Mapped:           857560 kB
Shmem:             27776 kB
KReclaimable:     553148 kB
Slab:             221400 kB
SReclaimable:      76224 kB
SUnreclaim:       145176 kB
KernelStack:       46928 kB
PageTables:        62752 kB
NFS_Unstable:          0 kB
Bounce:                0 kB
WritebackTmp:          0 kB
CommitLimit:     9202288 kB
Committed_AS:   65817640 kB
VmallocTotal:   263061440 kB
VmallocUsed:      104032 kB
VmallocChunk:          0 kB
Percpu:             7648 kB
CmaTotal:         294912 kB
CmaFree:               0 kB
MemTotal:       12113132 kB
MemFree:         6334828 kB
MemAvailable:    7822052 kB
Buffers:            5876 kB
Cached:          1829160 kB
SwapCached:            0 kB
Active:          1541700 kB
Inactive:        1581736 kB
Active(anon):    1294820 kB
Inactive(anon):    25836 kB
Active(file):     246880 kB
Inactive(file):  1555900 kB
Unevictable:        5532 kB
Mlocked:            5532 kB
SwapTotal:       3145724 kB
SwapFree:        3145724 kB
Dirty:               292 kB
Writeback:             0 kB
AnonPages:       1293688 kB
Mapped:           857560 kB
Shmem:             27776 kB
KReclaimable:     553148 kB
Slab:             221400 kB
SReclaimable:      76224 kB
SUnreclaim:       145176 kB
KernelStack:       46912 kB
PageTables:        62808 kB
NFS_Unstable:          0 kB
Bounce:                0 kB
WritebackTmp:          0 kB
CommitLimit:     9202288 kB
Committed_AS:   65822680 kB
VmallocTotal:   263061440 kB
VmallocUsed:      104048 kB
VmallocChunk:          0 kB
Percpu:             7648 kB
CmaTotal:         294912 kB
CmaFree:               0 kB
MemTotal:       12113132 kB
MemFree:         6334304 kB
MemAvailable:    7821536 kB
Buffers:            5876 kB
Cached:          1829168 kB
SwapCached:            0 kB
Active:          1542536 kB
Inactive:        1581744 kB
Active(anon):    1295656 kB
Inactive(anon):    25836 kB
Active(file):     246880 kB
Inactive(file):  1555908 kB
Unevictable:        5532 kB
Mlocked:            5532 kB
SwapTotal:       3145724 kB
SwapFree:        3145724 kB
Dirty:               328 kB
Writeback:             0 kB
AnonPages:       1294588 kB
Mapped:           857560 kB
Shmem:             27776 kB
KReclaimable:     553148 kB
Slab:             221400 kB
SReclaimable:      76224 kB
SUnreclaim:       145176 kB
KernelStack:       46928 kB
PageTables:        62740 kB
NFS_Unstable:          0 kB
Bounce:                0 kB
WritebackTmp:          0 kB
CommitLimit:     9202288 kB
Committed_AS:   65818924 kB
VmallocTotal:   263061440 kB
VmallocUsed:      104048 kB
VmallocChunk:          0 kB
Percpu:             7648 kB
CmaTotal:         294912 kB
CmaFree:               0 kB
MemTotal:       12113132 kB
MemFree:         6333984 kB
MemAvailable:    7821240 kB
Buffers:            5876 kB
Cached:          1829192 kB
SwapCached:            0 kB
Active:          1543192 kB
Inactive:        1581768 kB
Active(anon):    1296312 kB
Inactive(anon):    25836 kB
Active(file):     246880 kB
Inactive(file):  1555932 kB
Unevictable:        5532 kB
Mlocked:            5532 kB
SwapTotal:       3145724 kB
SwapFree:        3145724 kB
Dirty:               384 kB
Writeback:             0 kB
AnonPages:       1295488 kB
Mapped:           857560 kB
Shmem:             27776 kB
KReclaimable:     553148 kB
Slab:             221400 kB
SReclaimable:      76224 kB
SUnreclaim:       145176 kB
KernelStack:       46960 kB
PageTables:        62716 kB
NFS_Unstable:          0 kB
Bounce:                0 kB
WritebackTmp:          0 kB
CommitLimit:     9202288 kB
Committed_AS:   65804580 kB
VmallocTotal:   263061440 kB
VmallocUsed:      104032 kB
VmallocChunk:          0 kB
Percpu:             7648 kB
CmaTotal:         294912 kB
CmaFree:               0 kB
MemTotal:       12113132 kB
MemFree:         6333528 kB
MemAvailable:    7820796 kB
Buffers:            5876 kB
Cached:          1829204 kB
SwapCached:            0 kB
Active:          1543604 kB
Inactive:        1581780 kB
Active(anon):    1296724 kB
Inactive(anon):    25836 kB
Active(file):     246880 kB
Inactive(file):  1555944 kB
Unevictable:        5532 kB
Mlocked:            5532 kB
SwapTotal:       3145724 kB
SwapFree:        3145724 kB
Dirty:               396 kB
Writeback:             0 kB
AnonPages:       1295932 kB
Mapped:           857560 kB
Shmem:             27776 kB
KReclaimable:     553148 kB
Slab:             221400 kB
SReclaimable:      76224 kB
SUnreclaim:       145176 kB
KernelStack:       46944 kB
PageTables:        62820 kB
NFS_Unstable:          0 kB
Bounce:                0 kB
WritebackTmp:          0 kB
CommitLimit:     9202288 kB
Committed_AS:   65813728 kB
VmallocTotal:   263061440 kB
VmallocUsed:      104048 kB
VmallocChunk:          0 kB
Percpu:             7648 kB
CmaTotal:         294912 kB
CmaFree:               4 kB
MemTotal:       12113132 kB
MemFree:         6333308 kB
MemAvailable:    7820588 kB
Buffers:            5876 kB
Cached:          1829216 kB
SwapCached:            0 kB
Active:          1544212 kB
Inactive:        1581792 kB
Active(anon):    1297332 kB
Inactive(anon):    25836 kB
Active(file):     246880 kB
Inactive(file):  1555956 kB
Unevictable:        5532 kB
Mlocked:            5532 kB
SwapTotal:       3145724 kB
SwapFree:        3145724 kB
Dirty:               412 kB
Writeback:             0 kB
AnonPages:       1296356 kB
Mapped:           857552 kB
Shmem:             27776 kB
KReclaimable:     553148 kB
Slab:             221400 kB
SReclaimable:      76224 kB
SUnreclaim:       145176 kB
KernelStack:       46928 kB
PageTables:        62752 kB
NFS_Unstable:          0 kB
Bounce:                0 kB
WritebackTmp:          0 kB
CommitLimit:     9202288 kB
Committed_AS:   65813476 kB
VmallocTotal:   263061440 kB
VmallocUsed:      104064 kB
VmallocChunk:          0 kB
Percpu:             7648 kB
CmaTotal:         294912 kB
CmaFree:               0 kB
MemTotal:       12113132 kB
MemFree:         6332580 kB
MemAvailable:    7819868 kB
Buffers:            5876 kB
Cached:          1829224 kB
SwapCached:            0 kB
Active:          1544520 kB
Inactive:        1581800 kB
Active(anon):    1297640 kB
Inactive(anon):    25836 kB
Active(file):     246880 kB
Inactive(file):  1555964 kB
Unevictable:        5532 kB
Mlocked:            5532 kB
SwapTotal:       3145724 kB
SwapFree:        3145724 kB
Dirty:               436 kB
Writeback:             0 kB
AnonPages:       1297136 kB
Mapped:           857544 kB
Shmem:             27776 kB
KReclaimable:     553148 kB
Slab:             221416 kB
SReclaimable:      76224 kB
SUnreclaim:       145192 kB
KernelStack:       46944 kB
PageTables:        62864 kB
NFS_Unstable:          0 kB
Bounce:                0 kB
WritebackTmp:          0 kB
CommitLimit:     9202288 kB
Committed_AS:   65815792 kB
VmallocTotal:   263061440 kB
VmallocUsed:      104080 kB
VmallocChunk:          0 kB
Percpu:             7648 kB
CmaTotal:         294912 kB
CmaFree:               0 kB
MemTotal:       12113132 kB
MemFree:         6333132 kB
MemAvailable:    7820436 kB
Buffers:            5876 kB
Cached:          1829240 kB
SwapCached:            0 kB
Active:          1544400 kB
Inactive:        1581816 kB
Active(anon):    1297520 kB
Inactive(anon):    25836 kB
Active(file):     246880 kB
Inactive(file):  1555980 kB
Unevictable:        5532 kB
Mlocked:            5532 kB
SwapTotal:       3145724 kB
SwapFree:        3145724 kB
Dirty:               452 kB
Writeback:             0 kB
AnonPages:       1296912 kB
Mapped:           857568 kB
Shmem:             27776 kB
KReclaimable:     553148 kB
Slab:             221416 kB
SReclaimable:      76224 kB
SUnreclaim:       145192 kB
KernelStack:       46992 kB
PageTables:        62604 kB
NFS_Unstable:          0 kB
Bounce:                0 kB
WritebackTmp:          0 kB
CommitLimit:     9202288 kB
Committed_AS:   65807632 kB
VmallocTotal:   263061440 kB
VmallocUsed:      104080 kB
VmallocChunk:          0 kB
Percpu:             7648 kB
CmaTotal:         294912 kB
CmaFree:               0 kB
MemTotal:       12113132 kB
MemFree:         6330788 kB
MemAvailable:    7818100 kB
Buffers:            5876 kB
Cached:          1829248 kB
SwapCached:            0 kB
Active:          1545376 kB
Inactive:        1581824 kB
Active(anon):    1298496 kB
Inactive(anon):    25836 kB
Active(file):     246880 kB
Inactive(file):  1555988 kB
Unevictable:        5532 kB
Mlocked:            5532 kB
SwapTotal:       3145724 kB
SwapFree:        3145724 kB
Dirty:               448 kB
Writeback:            32 kB
AnonPages:       1297500 kB
Mapped:           857556 kB
Shmem:             27776 kB
KReclaimable:     553148 kB
Slab:             221416 kB
SReclaimable:      76224 kB
SUnreclaim:       145192 kB
KernelStack:       46912 kB
PageTables:        62748 kB
NFS_Unstable:          0 kB
Bounce:                0 kB
WritebackTmp:          0 kB
CommitLimit:     9202288 kB
Committed_AS:   65817480 kB
VmallocTotal:   263061440 kB
VmallocUsed:      104064 kB
VmallocChunk:          0 kB
Percpu:             7648 kB
CmaTotal:         294912 kB
CmaFree:               0 kB
MemTotal:       12113132 kB
MemFree:         6331180 kB
MemAvailable:    7818532 kB
Buffers:            5884 kB
Cached:          1829276 kB
SwapCached:            0 kB
Active:          1546584 kB
Inactive:        1581856 kB
Active(anon):    1299700 kB
Inactive(anon):    25836 kB
Active(file):     246884 kB
Inactive(file):  1556020 kB
Unevictable:        5532 kB
Mlocked:            5532 kB
SwapTotal:       3145724 kB
SwapFree:        3145724 kB
Dirty:               452 kB
Writeback:             0 kB
AnonPages:       1298920 kB
Mapped:           857696 kB
Shmem:             27776 kB
KReclaimable:     553152 kB
Slab:             221432 kB
SReclaimable:      76228 kB
SUnreclaim:       145204 kB
KernelStack:       46928 kB
PageTables:        62704 kB
NFS_Unstable:          0 kB
Bounce:                0 kB
WritebackTmp:          0 kB
CommitLimit:     9202288 kB
Committed_AS:   65818200 kB
VmallocTotal:   263061440 kB
VmallocUsed:      104064 kB
VmallocChunk:          0 kB
Percpu:             7648 kB
CmaTotal:         294912 kB
CmaFree:               4 kB
MemTotal:       12113132 kB
MemFree:         6330628 kB
MemAvailable:    7817996 kB
Buffers:            5884 kB
Cached:          1829292 kB
SwapCached:            0 kB
Active:          1546736 kB
Inactive:        1581868 kB
Active(anon):    1299848 kB
Inactive(anon):    25836 kB
Active(file):     246888 kB
Inactive(file):  1556032 kB
Unevictable:        5532 kB
Mlocked:            5532 kB
SwapTotal:       3145724 kB
SwapFree:        3145724 kB
Dirty:               244 kB
Writeback:             0 kB
AnonPages:       1299068 kB
Mapped:           857676 kB
Shmem:             27776 kB
KReclaimable:     553152 kB
Slab:             221436 kB
SReclaimable:      76228 kB
SUnreclaim:       145208 kB
KernelStack:       46912 kB
PageTables:        62740 kB
NFS_Unstable:          0 kB
Bounce:                0 kB
WritebackTmp:          0 kB
CommitLimit:     9202288 kB
Committed_AS:   65817656 kB
VmallocTotal:   263061440 kB
VmallocUsed:      104112 kB
VmallocChunk:          0 kB
Percpu:             7648 kB
CmaTotal:         294912 kB
CmaFree:               0 kB
MemTotal:       12113132 kB
MemFree:         6345812 kB
MemAvailable:    7833200 kB
Buffers:            5884 kB
Cached:          1829312 kB
SwapCached:            0 kB
Active:          1531268 kB
Inactive:        1581888 kB
Active(anon):    1284380 kB
Inactive(anon):    25836 kB
Active(file):     246888 kB
Inactive(file):  1556052 kB
Unevictable:        5532 kB
Mlocked:            5532 kB
SwapTotal:       3145724 kB
SwapFree:        3145724 kB
Dirty:               316 kB
Writeback:             0 kB
AnonPages:       1283352 kB
Mapped:           857728 kB
Shmem:             27776 kB
KReclaimable:     553152 kB
Slab:             221436 kB
SReclaimable:      76228 kB
SUnreclaim:       145208 kB
KernelStack:       46928 kB
PageTables:        62872 kB
NFS_Unstable:          0 kB
Bounce:                0 kB
WritebackTmp:          0 kB
CommitLimit:     9202288 kB
Committed_AS:   65812272 kB
VmallocTotal:   263061440 kB
VmallocUsed:      104096 kB
VmallocChunk:          0 kB
Percpu:             7648 kB
CmaTotal:         294912 kB
CmaFree:               0 kB
MemTotal:       12113132 kB
MemFree:         6345544 kB
MemAvailable:    7832940 kB
Buffers:            5884 kB
Cached:          1829320 kB
SwapCached:            0 kB
Active:          1531784 kB
Inactive:        1581896 kB
Active(anon):    1284896 kB
Inactive(anon):    25836 kB
Active(file):     246888 kB
Inactive(file):  1556060 kB
Unevictable:        5532 kB
Mlocked:            5532 kB
SwapTotal:       3145724 kB
SwapFree:        3145724 kB
Dirty:               372 kB
Writeback:             0 kB
AnonPages:       1284148 kB
Mapped:           857700 kB
Shmem:             27776 kB
KReclaimable:     553152 kB
Slab:             221444 kB
SReclaimable:      76228 kB
SUnreclaim:       145216 kB
KernelStack:       46928 kB
PageTables:        62824 kB
NFS_Unstable:          0 kB
Bounce:                0 kB
WritebackTmp:          0 kB
CommitLimit:     9202288 kB
Committed_AS:   65810844 kB
VmallocTotal:   263061440 kB
VmallocUsed:      104064 kB
VmallocChunk:          0 kB
Percpu:             7648 kB
CmaTotal:         294912 kB
CmaFree:               0 kB
MemTotal:       12113132 kB
MemFree:         6343880 kB
MemAvailable:    7831288 kB
Buffers:            5884 kB
Cached:          1829332 kB
SwapCached:            0 kB
Active:          1532512 kB
Inactive:        1581908 kB
Active(anon):    1285624 kB
Inactive(anon):    25836 kB
Active(file):     246888 kB
Inactive(file):  1556072 kB
Unevictable:        5532 kB
Mlocked:            5532 kB
SwapTotal:       3145724 kB
SwapFree:        3145724 kB
Dirty:               388 kB
Writeback:             0 kB
AnonPages:       1284940 kB
Mapped:           857724 kB
Shmem:             27776 kB
KReclaimable:     553152 kB
Slab:             221444 kB
SReclaimable:      76228 kB
SUnreclaim:       145216 kB
KernelStack:       46912 kB
PageTables:        62752 kB
NFS_Unstable:          0 kB
Bounce:                0 kB
WritebackTmp:          0 kB
CommitLimit:     9202288 kB
Committed_AS:   65816520 kB
VmallocTotal:   263061440 kB
VmallocUsed:      104064 kB
VmallocChunk:          0 kB
Percpu:             7648 kB
CmaTotal:         294912 kB
CmaFree:               0 kB
MemTotal:       12113132 kB
MemFree:         6344368 kB
MemAvailable:    7831772 kB
Buffers:            5884 kB
Cached:          1829336 kB
SwapCached:            0 kB
Active:          1532960 kB
Inactive:        1581912 kB
Active(anon):    1286072 kB
Inactive(anon):    25844 kB
Active(file):     246888 kB
Inactive(file):  1556068 kB
Unevictable:        5532 kB
Mlocked:            5532 kB
SwapTotal:       3145724 kB
SwapFree:        3145724 kB
Dirty:               404 kB
Writeback:             0 kB
AnonPages:       1285420 kB
Mapped:           857736 kB
Shmem:             27784 kB
KReclaimable:     553152 kB
Slab:             221444 kB
SReclaimable:      76228 kB
SUnreclaim:       145216 kB
KernelStack:       46912 kB
PageTables:        62736 kB
NFS_Unstable:          0 kB
Bounce:                0 kB
WritebackTmp:          0 kB
CommitLimit:     9202288 kB
Committed_AS:   65812088 kB
VmallocTotal:   263061440 kB
VmallocUsed:      104032 kB
VmallocChunk:          0 kB
Percpu:             7648 kB
CmaTotal:         294912 kB
CmaFree:               0 kB
MemTotal:       12113132 kB
MemFree:         6342904 kB
MemAvailable:    7830340 kB
Buffers:            5884 kB
Cached:          1829372 kB
SwapCached:            0 kB
Active:          1534248 kB
Inactive:        1581948 kB
Active(anon):    1287360 kB
Inactive(anon):    25848 kB
Active(file):     246888 kB
Inactive(file):  1556100 kB
Unevictable:        5532 kB
Mlocked:            5532 kB
SwapTotal:       3145724 kB
SwapFree:        3145724 kB
Dirty:               432 kB
Writeback:             0 kB
AnonPages:       1286524 kB
Mapped:           857736 kB
Shmem:             27788 kB
KReclaimable:     553152 kB
Slab:             221448 kB
SReclaimable:      76228 kB
SUnreclaim:       145220 kB
KernelStack:       46992 kB
PageTables:        62836 kB
NFS_Unstable:          0 kB
Bounce:                0 kB
WritebackTmp:          0 kB
CommitLimit:     9202288 kB
Committed_AS:   65805680 kB
VmallocTotal:   263061440 kB
VmallocUsed:      104016 kB
VmallocChunk:          0 kB
Percpu:             7648 kB
CmaTotal:         294912 kB
CmaFree:               0 kB
MemTotal:       12113132 kB
MemFree:         6348324 kB
MemAvailable:    7835772 kB
Buffers:            5884 kB
Cached:          1829384 kB
SwapCached:            0 kB
Active:          1528808 kB
Inactive:        1581960 kB
Active(anon):    1281920 kB
Inactive(anon):    25848 kB
Active(file):     246888 kB
Inactive(file):  1556112 kB
Unevictable:        5532 kB
Mlocked:            5532 kB
SwapTotal:       3145724 kB
SwapFree:        3145724 kB
Dirty:               444 kB
Writeback:             0 kB
AnonPages:       1281172 kB
Mapped:           857752 kB
Shmem:             27788 kB
KReclaimable:     553152 kB
Slab:             221452 kB
SReclaimable:      76228 kB
SUnreclaim:       145224 kB
KernelStack:       46880 kB
PageTables:        62664 kB
NFS_Unstable:          0 kB
Bounce:                0 kB
WritebackTmp:          0 kB
CommitLimit:     9202288 kB
Committed_AS:   65811056 kB
VmallocTotal:   263061440 kB
VmallocUsed:      104000 kB
VmallocChunk:          0 kB
Percpu:             7648 kB
CmaTotal:         294912 kB
CmaFree:              56 kB
MemTotal:       12113132 kB
MemFree:         6347128 kB
MemAvailable:    7834588 kB
Buffers:            5884 kB
Cached:          1829396 kB
SwapCached:            0 kB
Active:          1529304 kB
Inactive:        1581972 kB
Active(anon):    1282416 kB
Inactive(anon):    25848 kB
Active(file):     246888 kB
Inactive(file):  1556124 kB
Unevictable:        5532 kB
Mlocked:            5532 kB
SwapTotal:       3145724 kB
SwapFree:        3145724 kB
Dirty:               472 kB
Writeback:             0 kB
AnonPages:       1281524 kB
Mapped:           857744 kB
Shmem:             27788 kB
KReclaimable:     553152 kB
Slab:             221452 kB
SReclaimable:      76228 kB
SUnreclaim:       145224 kB
KernelStack:       46896 kB
PageTables:        62700 kB
NFS_Unstable:          0 kB
Bounce:                0 kB
WritebackTmp:          0 kB
CommitLimit:     9202288 kB
Committed_AS:   65816704 kB
VmallocTotal:   263061440 kB
VmallocUsed:      104064 kB
VmallocChunk:          0 kB
Percpu:             7648 kB
CmaTotal:         294912 kB
CmaFree:               0 kB
MemTotal:       12113132 kB
MemFree:         6346312 kB
MemAvailable:    7833792 kB
Buffers:            5884 kB
Cached:          1829416 kB
SwapCached:            0 kB
Active:          1530376 kB
Inactive:        1581992 kB
Active(anon):    1283488 kB
Inactive(anon):    25848 kB
Active(file):     246888 kB
Inactive(file):  1556144 kB
Unevictable:        5532 kB
Mlocked:            5532 kB
SwapTotal:       3145724 kB
SwapFree:        3145724 kB
Dirty:               524 kB
Writeback:             0 kB
AnonPages:       1282420 kB
Mapped:           857768 kB
Shmem:             27788 kB
KReclaimable:     553152 kB
Slab:             221456 kB
SReclaimable:      76228 kB
SUnreclaim:       145228 kB
KernelStack:       46960 kB
PageTables:        62844 kB
NFS_Unstable:          0 kB
Bounce:                0 kB
WritebackTmp:          0 kB
CommitLimit:     9202288 kB
Committed_AS:   65810480 kB
VmallocTotal:   263061440 kB
VmallocUsed:      104048 kB
VmallocChunk:          0 kB
Percpu:             7648 kB
CmaTotal:         294912 kB
CmaFree:               0 kB
MemTotal:       12113132 kB
MemFree:         6346060 kB
MemAvailable:    7833544 kB
Buffers:            5884 kB
Cached:          1829420 kB
SwapCached:            0 kB
Active:          1529936 kB
Inactive:        1581996 kB
Active(anon):    1283048 kB
Inactive(anon):    25848 kB
Active(file):     246888 kB
Inactive(file):  1556148 kB
Unevictable:        5532 kB
Mlocked:            5532 kB
SwapTotal:       3145724 kB
SwapFree:        3145724 kB
Dirty:               528 kB
Writeback:             0 kB
AnonPages:       1281864 kB
Mapped:           857740 kB
Shmem:             27788 kB
KReclaimable:     553152 kB
Slab:             221456 kB
SReclaimable:      76228 kB
SUnreclaim:       145228 kB
KernelStack:       46960 kB
PageTables:        62848 kB
NFS_Unstable:          0 kB
Bounce:                0 kB
WritebackTmp:          0 kB
CommitLimit:     9202288 kB
Committed_AS:   65822192 kB
VmallocTotal:   263061440 kB
VmallocUsed:      104080 kB
VmallocChunk:          0 kB
Percpu:             7648 kB
CmaTotal:         294912 kB
CmaFree:              12 kB
MemTotal:       12113132 kB
MemFree:         6346580 kB
MemAvailable:    7834084 kB
Buffers:            5884 kB
Cached:          1829440 kB
SwapCached:            0 kB
Active:          1530216 kB
Inactive:        1582016 kB
Active(anon):    1283328 kB
Inactive(anon):    25848 kB
Active(file):     246888 kB
Inactive(file):  1556168 kB
Unevictable:        5532 kB
Mlocked:            5532 kB
SwapTotal:       3145724 kB
SwapFree:        3145724 kB
Dirty:               248 kB
Writeback:             0 kB
AnonPages:       1282276 kB
Mapped:           857748 kB
Shmem:             27788 kB
KReclaimable:     553152 kB
Slab:             221460 kB
SReclaimable:      76228 kB
SUnreclaim:       145232 kB
KernelStack:       46960 kB
PageTables:        62800 kB
NFS_Unstable:          0 kB
Bounce:                0 kB
WritebackTmp:          0 kB
CommitLimit:     9202288 kB
Committed_AS:   65812304 kB
VmallocTotal:   263061440 kB
VmallocUsed:      104096 kB
VmallocChunk:          0 kB
Percpu:             7648 kB
CmaTotal:         294912 kB
CmaFree:               0 kB
MemTotal:       12113132 kB
MemFree:         6346496 kB
MemAvailable:    7834004 kB
Buffers:            5884 kB
Cached:          1829444 kB
SwapCached:            0 kB
Active:          1530692 kB
Inactive:        1582020 kB
Active(anon):    1283804 kB
Inactive(anon):    25848 kB
Active(file):     246888 kB
Inactive(file):  1556172 kB
Unevictable:        5532 kB
Mlocked:            5532 kB
SwapTotal:       3145724 kB
SwapFree:        3145724 kB
Dirty:               336 kB
Writeback:             0 kB
AnonPages:       1282600 kB
Mapped:           857732 kB
Shmem:             27788 kB
KReclaimable:     553152 kB
Slab:             221460 kB
SReclaimable:      76228 kB
SUnreclaim:       145232 kB
KernelStack:       46928 kB
PageTables:        62724 kB
NFS_Unstable:          0 kB
Bounce:                0 kB
WritebackTmp:          0 kB
CommitLimit:     9202288 kB
Committed_AS:   65813028 kB
VmallocTotal:   263061440 kB
VmallocUsed:      104064 kB
VmallocChunk:          0 kB
Percpu:             7648 kB
CmaTotal:         294912 kB
CmaFree:              16 kB
MemTotal:       12113132 kB
MemFree:         6336608 kB
MemAvailable:    7824140 kB
Buffers:            5884 kB
Cached:          1829468 kB
SwapCached:            0 kB
Active:          1541036 kB
Inactive:        1582044 kB
Active(anon):    1294148 kB
Inactive(anon):    25848 kB
Active(file):     246888 kB
Inactive(file):  1556196 kB
Unevictable:        5532 kB
Mlocked:            5532 kB
SwapTotal:       3145724 kB
SwapFree:        3145724 kB
Dirty:               360 kB
Writeback:             0 kB
AnonPages:       1291924 kB
Mapped:           857996 kB
Shmem:             27788 kB
KReclaimable:     553152 kB
Slab:             221460 kB
SReclaimable:      76228 kB
SUnreclaim:       145232 kB
KernelStack:       46976 kB
PageTables:        62820 kB
NFS_Unstable:          0 kB
Bounce:                0 kB
WritebackTmp:          0 kB
CommitLimit:     9202288 kB
Committed_AS:   65820648 kB
VmallocTotal:   263061440 kB
VmallocUsed:      104032 kB
VmallocChunk:          0 kB
Percpu:             7648 kB
CmaTotal:         294912 kB
CmaFree:               0 kB
MemTotal:       12113132 kB
MemFree:         6336088 kB
MemAvailable:    7823624 kB
Buffers:            5888 kB
Cached:          1829472 kB
SwapCached:            0 kB
Active:          1540952 kB
Inactive:        1582052 kB
Active(anon):    1294064 kB
Inactive(anon):    25852 kB
Active(file):     246888 kB
Inactive(file):  1556200 kB
Unevictable:        5532 kB
Mlocked:            5532 kB
SwapTotal:       3145724 kB
SwapFree:        3145724 kB
Dirty:               364 kB
Writeback:             0 kB
AnonPages:       1293072 kB
Mapped:           857740 kB
Shmem:             27792 kB
KReclaimable:     553152 kB
Slab:             221452 kB
SReclaimable:      76228 kB
SUnreclaim:       145224 kB
KernelStack:       46944 kB
PageTables:        62700 kB
NFS_Unstable:          0 kB
Bounce:                0 kB
WritebackTmp:          0 kB
CommitLimit:     9202288 kB
Committed_AS:   65834384 kB
VmallocTotal:   263061440 kB
VmallocUsed:      104064 kB
VmallocChunk:          0 kB
Percpu:             7648 kB
CmaTotal:         294912 kB
CmaFree:               0 kB
MemTotal:       12113132 kB
MemFree:         6334732 kB
MemAvailable:    7822308 kB
Buffers:            5888 kB
Cached:          1829512 kB
SwapCached:            0 kB
Active:          1541224 kB
Inactive:        1582088 kB
Active(anon):    1294332 kB
Inactive(anon):    25852 kB
Active(file):     246892 kB
Inactive(file):  1556236 kB
Unevictable:        5532 kB
Mlocked:            5532 kB
SwapTotal:       3145724 kB
SwapFree:        3145724 kB
Dirty:               388 kB
Writeback:             0 kB
AnonPages:       1293324 kB
Mapped:           857724 kB
Shmem:             27792 kB
KReclaimable:     553152 kB
Slab:             221468 kB
SReclaimable:      76228 kB
SUnreclaim:       145240 kB
KernelStack:       46992 kB
PageTables:        62860 kB
NFS_Unstable:          0 kB
Bounce:                0 kB
WritebackTmp:          0 kB
CommitLimit:     9202288 kB
Committed_AS:   65836024 kB
VmallocTotal:   263061440 kB
VmallocUsed:      104096 kB
VmallocChunk:          0 kB
Percpu:             7648 kB
CmaTotal:         294912 kB
CmaFree:              20 kB
MemTotal:       12113132 kB
MemFree:         6329520 kB
MemAvailable:    7817104 kB
Buffers:            5888 kB
Cached:          1829716 kB
SwapCached:            0 kB
Active:          1547008 kB
Inactive:        1582292 kB
Active(anon):    1300116 kB
Inactive(anon):    26048 kB
Active(file):     246892 kB
Inactive(file):  1556244 kB
Unevictable:        5532 kB
Mlocked:            5532 kB
SwapTotal:       3145724 kB
SwapFree:        3145724 kB
Dirty:               396 kB
Writeback:             0 kB
AnonPages:       1299244 kB
Mapped:           858092 kB
Shmem:             27988 kB
KReclaimable:     553152 kB
Slab:             221460 kB
SReclaimable:      76228 kB
SUnreclaim:       145232 kB
KernelStack:       46944 kB
PageTables:        62728 kB
NFS_Unstable:          0 kB
Bounce:                0 kB
WritebackTmp:          0 kB
CommitLimit:     9202288 kB
Committed_AS:   65841204 kB
VmallocTotal:   263061440 kB
VmallocUsed:      104064 kB
VmallocChunk:          0 kB
Percpu:             7648 kB
CmaTotal:         294912 kB
CmaFree:               4 kB
MemTotal:       12113132 kB
MemFree:         6346272 kB
MemAvailable:    7833868 kB
Buffers:            5888 kB
Cached:          1829532 kB
SwapCached:            0 kB
Active:          1530180 kB
Inactive:        1582108 kB
Active(anon):    1283288 kB
Inactive(anon):    25852 kB
Active(file):     246892 kB
Inactive(file):  1556256 kB
Unevictable:        5532 kB
Mlocked:            5532 kB
SwapTotal:       3145724 kB
SwapFree:        3145724 kB
Dirty:               428 kB
Writeback:             0 kB
AnonPages:       1282124 kB
Mapped:           857744 kB
Shmem:             27792 kB
KReclaimable:     553152 kB
Slab:             221492 kB
SReclaimable:      76228 kB
SUnreclaim:       145264 kB
KernelStack:       46912 kB
PageTables:        62760 kB
NFS_Unstable:          0 kB
Bounce:                0 kB
WritebackTmp:          0 kB
CommitLimit:     9202288 kB
Committed_AS:   65845652 kB
VmallocTotal:   263061440 kB
VmallocUsed:      104096 kB
VmallocChunk:          0 kB
Percpu:             7648 kB
CmaTotal:         294912 kB
CmaFree:               8 kB
MemTotal:       12113132 kB
MemFree:         6344832 kB
MemAvailable:    7832436 kB
Buffers:            5888 kB
Cached:          1829540 kB
SwapCached:            0 kB
Active:          1530848 kB
Inactive:        1582116 kB
Active(anon):    1283956 kB
Inactive(anon):    25852 kB
Active(file):     246892 kB
Inactive(file):  1556264 kB
Unevictable:        5532 kB
Mlocked:            5532 kB
SwapTotal:       3145724 kB
SwapFree:        3145724 kB
Dirty:               452 kB
Writeback:             0 kB
AnonPages:       1283000 kB
Mapped:           857724 kB
Shmem:             27792 kB
KReclaimable:     553152 kB
Slab:             221464 kB
SReclaimable:      76228 kB
SUnreclaim:       145236 kB
KernelStack:       46912 kB
PageTables:        62740 kB
NFS_Unstable:          0 kB
Bounce:                0 kB
WritebackTmp:          0 kB
CommitLimit:     9202288 kB
Committed_AS:   65835148 kB
VmallocTotal:   263061440 kB
VmallocUsed:      104096 kB
VmallocChunk:          0 kB
Percpu:             7648 kB
CmaTotal:         294912 kB
CmaFree:               0 kB
MemTotal:       12113132 kB
MemFree:         6345240 kB
MemAvailable:    7832856 kB
Buffers:            5888 kB
Cached:          1829552 kB
SwapCached:            0 kB
Active:          1531404 kB
Inactive:        1582128 kB
Active(anon):    1284512 kB
Inactive(anon):    25852 kB
Active(file):     246892 kB
Inactive(file):  1556276 kB
Unevictable:        5532 kB
Mlocked:            5532 kB
SwapTotal:       3145724 kB
SwapFree:        3145724 kB
Dirty:               456 kB
Writeback:             0 kB
AnonPages:       1283516 kB
Mapped:           857752 kB
Shmem:             27792 kB
KReclaimable:     553152 kB
Slab:             221464 kB
SReclaimable:      76228 kB
SUnreclaim:       145236 kB
KernelStack:       46928 kB
PageTables:        62876 kB
NFS_Unstable:          0 kB
Bounce:                0 kB
WritebackTmp:          0 kB
CommitLimit:     9202288 kB
Committed_AS:   65840256 kB
VmallocTotal:   263061440 kB
VmallocUsed:      104080 kB
VmallocChunk:          0 kB
Percpu:             7648 kB
CmaTotal:         294912 kB
CmaFree:               0 kB
MemTotal:       12113132 kB
MemFree:         6343964 kB
MemAvailable:    7831592 kB
Buffers:            5888 kB
Cached:          1829568 kB
SwapCached:            0 kB
Active:          1532364 kB
Inactive:        1582148 kB
Active(anon):    1285476 kB
Inactive(anon):    25856 kB
Active(file):     246888 kB
Inactive(file):  1556292 kB
Unevictable:        5532 kB
Mlocked:            5532 kB
SwapTotal:       3145724 kB
SwapFree:        3145724 kB
Dirty:               504 kB
Writeback:             0 kB
AnonPages:       1284592 kB
Mapped:           857760 kB
Shmem:             27796 kB
KReclaimable:     553152 kB
Slab:             221464 kB
SReclaimable:      76228 kB
SUnreclaim:       145236 kB
KernelStack:       46912 kB
PageTables:        62708 kB
NFS_Unstable:          0 kB
Bounce:                0 kB
WritebackTmp:          0 kB
CommitLimit:     9202288 kB
Committed_AS:   65834244 kB
VmallocTotal:   263061440 kB
VmallocUsed:      104016 kB
VmallocChunk:          0 kB
Percpu:             7648 kB
CmaTotal:         294912 kB
CmaFree:              12 kB
MemTotal:       12113132 kB
MemFree:         6343748 kB
MemAvailable:    7831384 kB
Buffers:            5888 kB
Cached:          1829576 kB
SwapCached:            0 kB
Active:          1533416 kB
Inactive:        1582152 kB
Active(anon):    1286524 kB
Inactive(anon):    25856 kB
Active(file):     246892 kB
Inactive(file):  1556296 kB
Unevictable:        5532 kB
Mlocked:            5532 kB
SwapTotal:       3145724 kB
SwapFree:        3145724 kB
Dirty:               556 kB
Writeback:             0 kB
AnonPages:       1285368 kB
Mapped:           857720 kB
Shmem:             27796 kB
KReclaimable:     553152 kB
Slab:             221468 kB
SReclaimable:      76228 kB
SUnreclaim:       145240 kB
KernelStack:       46928 kB
PageTables:        62756 kB
NFS_Unstable:          0 kB
Bounce:                0 kB
WritebackTmp:          0 kB
CommitLimit:     9202288 kB
Committed_AS:   65841032 kB
VmallocTotal:   263061440 kB
VmallocUsed:      104064 kB
VmallocChunk:          0 kB
Percpu:             7648 kB
CmaTotal:         294912 kB
CmaFree:               0 kB
MemTotal:       12113132 kB
MemFree:         6344672 kB
MemAvailable:    7832316 kB
Buffers:            5888 kB
Cached:          1829584 kB
SwapCached:            0 kB
Active:          1533676 kB
Inactive:        1582160 kB
Active(anon):    1286784 kB
Inactive(anon):    25856 kB
Active(file):     246892 kB
Inactive(file):  1556304 kB
Unevictable:        5532 kB
Mlocked:            5532 kB
SwapTotal:       3145724 kB
SwapFree:        3145724 kB
Dirty:               588 kB
Writeback:             0 kB
AnonPages:       1286036 kB
Mapped:           857772 kB
Shmem:             27796 kB
KReclaimable:     553152 kB
Slab:             221468 kB
SReclaimable:      76228 kB
SUnreclaim:       145240 kB
KernelStack:       46928 kB
PageTables:        62880 kB
NFS_Unstable:          0 kB
Bounce:                0 kB
WritebackTmp:          0 kB
CommitLimit:     9202288 kB
Committed_AS:   65836940 kB
VmallocTotal:   263061440 kB
VmallocUsed:      104064 kB
VmallocChunk:          0 kB
Percpu:             7648 kB
CmaTotal:         294912 kB
CmaFree:               4 kB
MemTotal:       12113132 kB
MemFree:         6341292 kB
MemAvailable:    7828952 kB
Buffers:            5888 kB
Cached:          1829600 kB
SwapCached:            0 kB
Active:          1534376 kB
Inactive:        1582176 kB
Active(anon):    1287484 kB
Inactive(anon):    25856 kB
Active(file):     246892 kB
Inactive(file):  1556320 kB
Unevictable:        5532 kB
Mlocked:            5532 kB
SwapTotal:       3145724 kB
SwapFree:        3145724 kB
Dirty:               604 kB
Writeback:             0 kB
AnonPages:       1286944 kB
Mapped:           858004 kB
Shmem:             27796 kB
KReclaimable:     553152 kB
Slab:             221480 kB
SReclaimable:      76228 kB
SUnreclaim:       145252 kB
KernelStack:       46928 kB
PageTables:        62736 kB
NFS_Unstable:          0 kB
Bounce:                0 kB
WritebackTmp:          0 kB
CommitLimit:     9202288 kB
Committed_AS:   65843244 kB
VmallocTotal:   263061440 kB
VmallocUsed:      104064 kB
