MemTotal:       12113132 kB
MemFree:         6439572 kB
MemAvailable:    8132448 kB
Buffers:            5908 kB
Cached:          1881880 kB
SwapCached:            0 kB
Active:          1474060 kB
Inactive:        1637420 kB
Active(anon):    1230136 kB
Inactive(anon):    24784 kB
Active(file):     243924 kB
Inactive(file):  1612636 kB
Unevictable:        5552 kB
Mlocked:            5552 kB
SwapTotal:       3145724 kB
SwapFree:        3145724 kB
Dirty:               288 kB
Writeback:             0 kB
AnonPages:       1229536 kB
Mapped:           851844 kB
Shmem:             26728 kB
KReclaimable:     705020 kB
Slab:             224360 kB
SReclaimable:      79752 kB
SUnreclaim:       144608 kB
KernelStack:       46072 kB
PageTables:        62640 kB
NFS_Unstable:          0 kB
Bounce:                0 kB
WritebackTmp:          0 kB
CommitLimit:     9202288 kB
Committed_AS:   65970640 kB
VmallocTotal:   263061440 kB
VmallocUsed:      103004 kB
VmallocChunk:          0 kB
Percpu:             7648 kB
CmaTotal:         294912 kB
CmaFree:               0 kB
MemTotal:       12113132 kB
MemFree:         6439464 kB
MemAvailable:    8132412 kB
Buffers:            5908 kB
Cached:          1881960 kB
SwapCached:            0 kB
Active:          1474600 kB
Inactive:        1637456 kB
Active(anon):    1230640 kB
Inactive(anon):    24784 kB
Active(file):     243960 kB
Inactive(file):  1612672 kB
Unevictable:        5552 kB
Mlocked:            5552 kB
SwapTotal:       3145724 kB
SwapFree:        3145724 kB
Dirty:               388 kB
Writeback:             0 kB
AnonPages:       1229976 kB
Mapped:           852028 kB
Shmem:             26728 kB
KReclaimable:     705020 kB
Slab:             224320 kB
SReclaimable:      79752 kB
SUnreclaim:       144568 kB
KernelStack:       46112 kB
PageTables:        62744 kB
NFS_Unstable:          0 kB
Bounce:                0 kB
WritebackTmp:          0 kB
CommitLimit:     9202288 kB
Committed_AS:   65971260 kB
VmallocTotal:   263061440 kB
VmallocUsed:      103004 kB
VmallocChunk:          0 kB
Percpu:             7648 kB
CmaTotal:         294912 kB
CmaFree:               0 kB
MemTotal:       12113132 kB
MemFree:         6438244 kB
MemAvailable:    8131228 kB
Buffers:            5908 kB
Cached:          1881988 kB
SwapCached:            0 kB
Active:          1475412 kB
Inactive:        1637476 kB
Active(anon):    1231436 kB
Inactive(anon):    24784 kB
Active(file):     243976 kB
Inactive(file):  1612692 kB
Unevictable:        5552 kB
Mlocked:            5552 kB
SwapTotal:       3145724 kB
SwapFree:        3145724 kB
Dirty:               416 kB
Writeback:             0 kB
AnonPages:       1230424 kB
Mapped:           851948 kB
Shmem:             26728 kB
KReclaimable:     705020 kB
Slab:             224376 kB
SReclaimable:      79752 kB
SUnreclaim:       144624 kB
KernelStack:       46080 kB
PageTables:        62704 kB
NFS_Unstable:          0 kB
Bounce:                0 kB
WritebackTmp:          0 kB
CommitLimit:     9202288 kB
Committed_AS:   65976176 kB
VmallocTotal:   263061440 kB
VmallocUsed:      102972 kB
VmallocChunk:          0 kB
Percpu:             7648 kB
CmaTotal:         294912 kB
CmaFree:               0 kB
MemTotal:       12113132 kB
MemFree:         6438284 kB
MemAvailable:    8131296 kB
Buffers:            5908 kB
Cached:          1882016 kB
SwapCached:            0 kB
Active:          1476212 kB
Inactive:        1637504 kB
Active(anon):    1232236 kB
Inactive(anon):    24784 kB
Active(file):     243976 kB
Inactive(file):  1612720 kB
Unevictable:        5552 kB
Mlocked:            5552 kB
SwapTotal:       3145724 kB
SwapFree:        3145724 kB
Dirty:               492 kB
Writeback:             0 kB
AnonPages:       1231236 kB
Mapped:           851808 kB
Shmem:             26728 kB
KReclaimable:     705020 kB
Slab:             224320 kB
SReclaimable:      79752 kB
SUnreclaim:       144568 kB
KernelStack:       46064 kB
PageTables:        62628 kB
NFS_Unstable:          0 kB
Bounce:                0 kB
WritebackTmp:          0 kB
CommitLimit:     9202288 kB
Committed_AS:   65976572 kB
VmallocTotal:   263061440 kB
VmallocUsed:      102988 kB
VmallocChunk:          0 kB
Percpu:             7648 kB
CmaTotal:         294912 kB
CmaFree:               0 kB
MemTotal:       12113132 kB
MemFree:         6437676 kB
MemAvailable:    8130728 kB
Buffers:            5908 kB
Cached:          1882056 kB
SwapCached:            0 kB
Active:          1476696 kB
Inactive:        1637540 kB
Active(anon):    1232716 kB
Inactive(anon):    24784 kB
Active(file):     243980 kB
Inactive(file):  1612756 kB
Unevictable:        5552 kB
Mlocked:            5552 kB
SwapTotal:       3145724 kB
SwapFree:        3145724 kB
Dirty:               512 kB
Writeback:             0 kB
AnonPages:       1232000 kB
Mapped:           851804 kB
Shmem:             26728 kB
KReclaimable:     705020 kB
Slab:             224400 kB
SReclaimable:      79752 kB
SUnreclaim:       144648 kB
KernelStack:       45984 kB
PageTables:        62592 kB
NFS_Unstable:          0 kB
Bounce:                0 kB
WritebackTmp:          0 kB
CommitLimit:     9202288 kB
Committed_AS:   65974496 kB
VmallocTotal:   263061440 kB
VmallocUsed:      102972 kB
VmallocChunk:          0 kB
Percpu:             7648 kB
CmaTotal:         294912 kB
CmaFree:               0 kB
MemTotal:       12113132 kB
MemFree:         6435840 kB
MemAvailable:    8128852 kB
Buffers:            5908 kB
Cached:          1882016 kB
SwapCached:            0 kB
Active:          1477948 kB
Inactive:        1637508 kB
Active(anon):    1233976 kB
Inactive(anon):    24784 kB
Active(file):     243972 kB
Inactive(file):  1612724 kB
Unevictable:        5552 kB
Mlocked:            5552 kB
SwapTotal:       3145724 kB
SwapFree:        3145724 kB
Dirty:               536 kB
Writeback:             0 kB
AnonPages:       1232728 kB
Mapped:           851800 kB
Shmem:             26728 kB
KReclaimable:     705020 kB
Slab:             224320 kB
SReclaimable:      79752 kB
SUnreclaim:       144568 kB
KernelStack:       46084 kB
PageTables:        62560 kB
NFS_Unstable:          0 kB
Bounce:                0 kB
WritebackTmp:          0 kB
CommitLimit:     9202288 kB
Committed_AS:   65974336 kB
VmallocTotal:   263061440 kB
VmallocUsed:      103004 kB
VmallocChunk:          0 kB
Percpu:             7648 kB
CmaTotal:         294912 kB
CmaFree:               0 kB
MemTotal:       12113132 kB
MemFree:         6440024 kB
MemAvailable:    8133076 kB
Buffers:            5908 kB
Cached:          1882060 kB
SwapCached:            0 kB
Active:          1472124 kB
Inactive:        1637540 kB
Active(anon):    1228144 kB
Inactive(anon):    24784 kB
Active(file):     243980 kB
Inactive(file):  1612756 kB
Unevictable:        5552 kB
Mlocked:            5552 kB
SwapTotal:       3145724 kB
SwapFree:        3145724 kB
Dirty:               560 kB
Writeback:             0 kB
AnonPages:       1227748 kB
Mapped:           851736 kB
Shmem:             26728 kB
KReclaimable:     705020 kB
Slab:             224416 kB
SReclaimable:      79752 kB
SUnreclaim:       144664 kB
KernelStack:       46020 kB
PageTables:        62868 kB
NFS_Unstable:          0 kB
Bounce:                0 kB
WritebackTmp:          0 kB
CommitLimit:     9202288 kB
Committed_AS:   65979380 kB
VmallocTotal:   263061440 kB
VmallocUsed:      103020 kB
VmallocChunk:          0 kB
Percpu:             7648 kB
CmaTotal:         294912 kB
CmaFree:             116 kB
MemTotal:       12113132 kB
MemFree:         6440440 kB
MemAvailable:    8133496 kB
Buffers:            5908 kB
Cached:          1882060 kB
SwapCached:            0 kB
Active:          1472816 kB
Inactive:        1637548 kB
Active(anon):    1228840 kB
Inactive(anon):    24784 kB
Active(file):     243976 kB
Inactive(file):  1612764 kB
Unevictable:        5552 kB
Mlocked:            5552 kB
SwapTotal:       3145724 kB
SwapFree:        3145724 kB
Dirty:               600 kB
Writeback:             0 kB
AnonPages:       1227700 kB
Mapped:           851736 kB
Shmem:             26728 kB
KReclaimable:     705020 kB
Slab:             224320 kB
SReclaimable:      79752 kB
SUnreclaim:       144568 kB
KernelStack:       46052 kB
PageTables:        62856 kB
NFS_Unstable:          0 kB
Bounce:                0 kB
WritebackTmp:          0 kB
CommitLimit:     9202288 kB
Committed_AS:   65979116 kB
VmallocTotal:   263061440 kB
VmallocUsed:      103036 kB
VmallocChunk:          0 kB
Percpu:             7648 kB
CmaTotal:         294912 kB
CmaFree:             280 kB
MemTotal:       12113132 kB
MemFree:         6439768 kB
MemAvailable:    8132836 kB
Buffers:            5912 kB
Cached:          1882068 kB
SwapCached:            0 kB
Active:          1473096 kB
Inactive:        1637560 kB
Active(anon):    1229120 kB
Inactive(anon):    24784 kB
Active(file):     243976 kB
Inactive(file):  1612776 kB
Unevictable:        5552 kB
Mlocked:            5552 kB
SwapTotal:       3145724 kB
SwapFree:        3145724 kB
Dirty:               620 kB
Writeback:             0 kB
AnonPages:       1228284 kB
Mapped:           851800 kB
Shmem:             26728 kB
KReclaimable:     705020 kB
Slab:             224380 kB
SReclaimable:      79752 kB
SUnreclaim:       144628 kB
KernelStack:       46052 kB
PageTables:        62960 kB
NFS_Unstable:          0 kB
Bounce:                0 kB
WritebackTmp:          0 kB
CommitLimit:     9202288 kB
Committed_AS:   65973064 kB
VmallocTotal:   263061440 kB
VmallocUsed:      103052 kB
VmallocChunk:          0 kB
Percpu:             7648 kB
CmaTotal:         294912 kB
CmaFree:               0 kB
MemTotal:       12113132 kB
MemFree:         6451468 kB
MemAvailable:    8144572 kB
Buffers:            5912 kB
Cached:          1882104 kB
SwapCached:            0 kB
Active:          1460180 kB
Inactive:        1637592 kB
Active(anon):    1216200 kB
Inactive(anon):    24784 kB
Active(file):     243980 kB
Inactive(file):  1612808 kB
Unevictable:        5552 kB
Mlocked:            5552 kB
SwapTotal:       3145724 kB
SwapFree:        3145724 kB
Dirty:               640 kB
Writeback:             0 kB
AnonPages:       1215276 kB
Mapped:           851808 kB
Shmem:             26728 kB
KReclaimable:     705020 kB
Slab:             224404 kB
SReclaimable:      79752 kB
SUnreclaim:       144652 kB
KernelStack:       46036 kB
PageTables:        62580 kB
NFS_Unstable:          0 kB
Bounce:                0 kB
WritebackTmp:          0 kB
CommitLimit:     9202288 kB
Committed_AS:   65978124 kB
VmallocTotal:   263061440 kB
VmallocUsed:      103052 kB
VmallocChunk:          0 kB
Percpu:             7648 kB
CmaTotal:         294912 kB
CmaFree:             592 kB
MemTotal:       12113132 kB
MemFree:         6450868 kB
MemAvailable:    8143988 kB
Buffers:            5912 kB
Cached:          1882120 kB
SwapCached:            0 kB
Active:          1461148 kB
Inactive:        1637608 kB
Active(anon):    1217168 kB
Inactive(anon):    24784 kB
Active(file):     243980 kB
Inactive(file):  1612824 kB
Unevictable:        5552 kB
Mlocked:            5552 kB
SwapTotal:       3145724 kB
SwapFree:        3145724 kB
Dirty:               656 kB
Writeback:             0 kB
AnonPages:       1216296 kB
Mapped:           851732 kB
Shmem:             26728 kB
KReclaimable:     705020 kB
Slab:             224392 kB
SReclaimable:      79752 kB
SUnreclaim:       144640 kB
KernelStack:       46016 kB
PageTables:        62508 kB
NFS_Unstable:          0 kB
Bounce:                0 kB
WritebackTmp:          0 kB
CommitLimit:     9202288 kB
Committed_AS:   65974348 kB
VmallocTotal:   263061440 kB
VmallocUsed:      103084 kB
VmallocChunk:          0 kB
Percpu:             7648 kB
CmaTotal:         294912 kB
CmaFree:               0 kB
MemTotal:       12113132 kB
MemFree:         6450820 kB
MemAvailable:    8143940 kB
Buffers:            5912 kB
Cached:          1882120 kB
SwapCached:            0 kB
Active:          1460988 kB
Inactive:        1637608 kB
Active(anon):    1217008 kB
Inactive(anon):    24784 kB
Active(file):     243980 kB
Inactive(file):  1612824 kB
Unevictable:        5552 kB
Mlocked:            5552 kB
SwapTotal:       3145724 kB
SwapFree:        3145724 kB
Dirty:               668 kB
Writeback:             0 kB
AnonPages:       1216188 kB
Mapped:           851948 kB
Shmem:             26728 kB
KReclaimable:     705020 kB
Slab:             224392 kB
SReclaimable:      79752 kB
SUnreclaim:       144640 kB
KernelStack:       46132 kB
PageTables:        62996 kB
NFS_Unstable:          0 kB
Bounce:                0 kB
WritebackTmp:          0 kB
CommitLimit:     9202288 kB
Committed_AS:   65976044 kB
VmallocTotal:   263061440 kB
VmallocUsed:      103068 kB
VmallocChunk:          0 kB
Percpu:             7648 kB
CmaTotal:         294912 kB
CmaFree:             276 kB
MemTotal:       12113132 kB
MemFree:         6451376 kB
MemAvailable:    8144504 kB
Buffers:            5912 kB
Cached:          1882128 kB
SwapCached:            0 kB
Active:          1461948 kB
Inactive:        1637616 kB
Active(anon):    1217968 kB
Inactive(anon):    24784 kB
Active(file):     243980 kB
Inactive(file):  1612832 kB
Unevictable:        5552 kB
Mlocked:            5552 kB
SwapTotal:       3145724 kB
SwapFree:        3145724 kB
Dirty:               676 kB
Writeback:             0 kB
AnonPages:       1217040 kB
Mapped:           851876 kB
Shmem:             26728 kB
KReclaimable:     705020 kB
Slab:             224384 kB
SReclaimable:      79752 kB
SUnreclaim:       144632 kB
KernelStack:       46016 kB
PageTables:        62604 kB
NFS_Unstable:          0 kB
Bounce:                0 kB
WritebackTmp:          0 kB
CommitLimit:     9202288 kB
Committed_AS:   65975736 kB
VmallocTotal:   263061440 kB
VmallocUsed:      103036 kB
VmallocChunk:          0 kB
Percpu:             7648 kB
CmaTotal:         294912 kB
CmaFree:               0 kB
MemTotal:       12113132 kB
MemFree:         6450940 kB
MemAvailable:    8144092 kB
Buffers:            5912 kB
Cached:          1882152 kB
SwapCached:            0 kB
Active:          1461724 kB
Inactive:        1637640 kB
Active(anon):    1217744 kB
Inactive(anon):    24784 kB
Active(file):     243980 kB
Inactive(file):  1612856 kB
Unevictable:        5552 kB
Mlocked:            5552 kB
SwapTotal:       3145724 kB
SwapFree:        3145724 kB
Dirty:               712 kB
Writeback:             0 kB
AnonPages:       1216368 kB
Mapped:           851808 kB
Shmem:             26728 kB
KReclaimable:     705020 kB
Slab:             224396 kB
SReclaimable:      79752 kB
SUnreclaim:       144644 kB
KernelStack:       46100 kB
PageTables:        62912 kB
NFS_Unstable:          0 kB
Bounce:                0 kB
WritebackTmp:          0 kB
CommitLimit:     9202288 kB
Committed_AS:   65975212 kB
VmallocTotal:   263061440 kB
VmallocUsed:      103020 kB
VmallocChunk:          0 kB
Percpu:             7648 kB
CmaTotal:         294912 kB
CmaFree:               0 kB
MemTotal:       12113132 kB
MemFree:         6466452 kB
MemAvailable:    8159616 kB
Buffers:            5912 kB
Cached:          1882164 kB
SwapCached:            0 kB
Active:          1446004 kB
Inactive:        1637652 kB
Active(anon):    1202024 kB
Inactive(anon):    24784 kB
Active(file):     243980 kB
Inactive(file):  1612868 kB
Unevictable:        5552 kB
Mlocked:            5552 kB
SwapTotal:       3145724 kB
SwapFree:        3145724 kB
Dirty:               724 kB
Writeback:             0 kB
AnonPages:       1200936 kB
Mapped:           851804 kB
Shmem:             26728 kB
KReclaimable:     705020 kB
Slab:             224396 kB
SReclaimable:      79752 kB
SUnreclaim:       144644 kB
KernelStack:       46068 kB
PageTables:        62540 kB
NFS_Unstable:          0 kB
Bounce:                0 kB
WritebackTmp:          0 kB
CommitLimit:     9202288 kB
Committed_AS:   65980316 kB
VmallocTotal:   263061440 kB
VmallocUsed:      103020 kB
VmallocChunk:          0 kB
Percpu:             7648 kB
CmaTotal:         294912 kB
CmaFree:               0 kB
MemTotal:       12113132 kB
MemFree:         6465304 kB
MemAvailable:    8158472 kB
Buffers:            5912 kB
Cached:          1882176 kB
SwapCached:            0 kB
Active:          1445576 kB
Inactive:        1637664 kB
Active(anon):    1201596 kB
Inactive(anon):    24792 kB
Active(file):     243980 kB
Inactive(file):  1612872 kB
Unevictable:        5552 kB
Mlocked:            5552 kB
SwapTotal:       3145724 kB
SwapFree:        3145724 kB
Dirty:               728 kB
Writeback:             0 kB
AnonPages:       1200588 kB
Mapped:           851960 kB
Shmem:             26736 kB
KReclaimable:     705020 kB
Slab:             224364 kB
SReclaimable:      79752 kB
SUnreclaim:       144612 kB
KernelStack:       46116 kB
PageTables:        63044 kB
NFS_Unstable:          0 kB
Bounce:                0 kB
WritebackTmp:          0 kB
CommitLimit:     9202288 kB
Committed_AS:   65979808 kB
VmallocTotal:   263061440 kB
VmallocUsed:      103020 kB
VmallocChunk:          0 kB
Percpu:             7648 kB
CmaTotal:         294912 kB
CmaFree:              76 kB
MemTotal:       12113132 kB
MemFree:         6466700 kB
MemAvailable:    8159884 kB
Buffers:            5912 kB
Cached:          1882192 kB
SwapCached:            0 kB
Active:          1446796 kB
Inactive:        1637680 kB
Active(anon):    1202816 kB
Inactive(anon):    24792 kB
Active(file):     243980 kB
Inactive(file):  1612888 kB
Unevictable:        5552 kB
Mlocked:            5552 kB
SwapTotal:       3145724 kB
SwapFree:        3145724 kB
Dirty:               756 kB
Writeback:             0 kB
AnonPages:       1202064 kB
Mapped:           851880 kB
Shmem:             26736 kB
KReclaimable:     705020 kB
Slab:             224392 kB
SReclaimable:      79752 kB
SUnreclaim:       144640 kB
KernelStack:       46020 kB
PageTables:        62944 kB
NFS_Unstable:          0 kB
Bounce:                0 kB
WritebackTmp:          0 kB
CommitLimit:     9202288 kB
Committed_AS:   65979416 kB
VmallocTotal:   263061440 kB
VmallocUsed:      103052 kB
VmallocChunk:          0 kB
Percpu:             7648 kB
CmaTotal:         294912 kB
CmaFree:              92 kB
MemTotal:       12113132 kB
MemFree:         6466148 kB
MemAvailable:    8159340 kB
Buffers:            5912 kB
Cached:          1882200 kB
SwapCached:            0 kB
Active:          1446924 kB
Inactive:        1637688 kB
Active(anon):    1202944 kB
Inactive(anon):    24792 kB
Active(file):     243980 kB
Inactive(file):  1612896 kB
Unevictable:        5552 kB
Mlocked:            5552 kB
SwapTotal:       3145724 kB
SwapFree:        3145724 kB
Dirty:               816 kB
Writeback:             0 kB
AnonPages:       1202332 kB
Mapped:           851960 kB
Shmem:             26736 kB
KReclaimable:     705020 kB
Slab:             224388 kB
SReclaimable:      79752 kB
SUnreclaim:       144636 kB
KernelStack:       46096 kB
PageTables:        62672 kB
NFS_Unstable:          0 kB
Bounce:                0 kB
WritebackTmp:          0 kB
CommitLimit:     9202288 kB
Committed_AS:   65979248 kB
VmallocTotal:   263061440 kB
VmallocUsed:      103020 kB
VmallocChunk:          0 kB
Percpu:             7648 kB
CmaTotal:         294912 kB
CmaFree:               0 kB
MemTotal:       12113132 kB
MemFree:         6465456 kB
MemAvailable:    8158656 kB
Buffers:            5912 kB
Cached:          1882216 kB
SwapCached:            0 kB
Active:          1448012 kB
Inactive:        1637704 kB
Active(anon):    1204032 kB
Inactive(anon):    24800 kB
Active(file):     243980 kB
Inactive(file):  1612904 kB
Unevictable:        5552 kB
Mlocked:            5552 kB
SwapTotal:       3145724 kB
SwapFree:        3145724 kB
Dirty:               824 kB
Writeback:             0 kB
AnonPages:       1203124 kB
Mapped:           851892 kB
Shmem:             26744 kB
KReclaimable:     705020 kB
Slab:             224384 kB
SReclaimable:      79752 kB
SUnreclaim:       144632 kB
KernelStack:       46048 kB
PageTables:        62608 kB
NFS_Unstable:          0 kB
Bounce:                0 kB
WritebackTmp:          0 kB
CommitLimit:     9202288 kB
Committed_AS:   65979768 kB
VmallocTotal:   263061440 kB
VmallocUsed:      102988 kB
VmallocChunk:          0 kB
Percpu:             7648 kB
CmaTotal:         294912 kB
CmaFree:               0 kB
MemTotal:       12113132 kB
MemFree:         6464424 kB
MemAvailable:    8157648 kB
Buffers:            5912 kB
Cached:          1882240 kB
SwapCached:            0 kB
Active:          1448244 kB
Inactive:        1637728 kB
Active(anon):    1204264 kB
Inactive(anon):    24800 kB
Active(file):     243980 kB
Inactive(file):  1612928 kB
Unevictable:        5552 kB
Mlocked:            5552 kB
SwapTotal:       3145724 kB
SwapFree:        3145724 kB
Dirty:               864 kB
Writeback:             0 kB
AnonPages:       1203288 kB
Mapped:           851820 kB
Shmem:             26744 kB
KReclaimable:     705020 kB
Slab:             224360 kB
SReclaimable:      79752 kB
SUnreclaim:       144608 kB
KernelStack:       46084 kB
PageTables:        62936 kB
NFS_Unstable:          0 kB
Bounce:                0 kB
WritebackTmp:          0 kB
CommitLimit:     9202288 kB
Committed_AS:   65979612 kB
VmallocTotal:   263061440 kB
VmallocUsed:      103004 kB
VmallocChunk:          0 kB
Percpu:             7648 kB
CmaTotal:         294912 kB
CmaFree:               0 kB
MemTotal:       12113132 kB
MemFree:         6463168 kB
MemAvailable:    8156412 kB
Buffers:            5912 kB
Cached:          1882260 kB
SwapCached:            0 kB
Active:          1448736 kB
Inactive:        1637748 kB
Active(anon):    1204756 kB
Inactive(anon):    24800 kB
Active(file):     243980 kB
Inactive(file):  1612948 kB
Unevictable:        5552 kB
Mlocked:            5552 kB
SwapTotal:       3145724 kB
SwapFree:        3145724 kB
Dirty:               896 kB
Writeback:             0 kB
AnonPages:       1204168 kB
Mapped:           851632 kB
Shmem:             26744 kB
KReclaimable:     705020 kB
Slab:             224412 kB
SReclaimable:      79752 kB
SUnreclaim:       144660 kB
KernelStack:       46132 kB
PageTables:        62976 kB
NFS_Unstable:          0 kB
Bounce:                0 kB
WritebackTmp:          0 kB
CommitLimit:     9202288 kB
Committed_AS:   65975368 kB
VmallocTotal:   263061440 kB
VmallocUsed:      103004 kB
VmallocChunk:          0 kB
Percpu:             7648 kB
CmaTotal:         294912 kB
CmaFree:               0 kB
MemTotal:       12113132 kB
MemFree:         6463076 kB
MemAvailable:    8156324 kB
Buffers:            5912 kB
Cached:          1882264 kB
SwapCached:            0 kB
Active:          1450104 kB
Inactive:        1637752 kB
Active(anon):    1206124 kB
Inactive(anon):    24800 kB
Active(file):     243980 kB
Inactive(file):  1612952 kB
Unevictable:        5552 kB
Mlocked:            5552 kB
SwapTotal:       3145724 kB
SwapFree:        3145724 kB
Dirty:               900 kB
Writeback:             0 kB
AnonPages:       1205268 kB
Mapped:           851824 kB
Shmem:             26744 kB
KReclaimable:     705020 kB
Slab:             224396 kB
SReclaimable:      79752 kB
SUnreclaim:       144644 kB
KernelStack:       46032 kB
PageTables:        62692 kB
NFS_Unstable:          0 kB
Bounce:                0 kB
WritebackTmp:          0 kB
CommitLimit:     9202288 kB
Committed_AS:   65980416 kB
VmallocTotal:   263061440 kB
VmallocUsed:      103036 kB
VmallocChunk:          0 kB
Percpu:             7648 kB
CmaTotal:         294912 kB
CmaFree:               0 kB
MemTotal:       12113132 kB
MemFree:         6462520 kB
MemAvailable:    8155788 kB
Buffers:            5912 kB
Cached:          1882284 kB
SwapCached:            0 kB
Active:          1450524 kB
Inactive:        1637772 kB
Active(anon):    1206544 kB
Inactive(anon):    24800 kB
Active(file):     243980 kB
Inactive(file):  1612972 kB
Unevictable:        5552 kB
Mlocked:            5552 kB
SwapTotal:       3145724 kB
SwapFree:        3145724 kB
Dirty:               932 kB
Writeback:             0 kB
AnonPages:       1206012 kB
Mapped:           851888 kB
Shmem:             26744 kB
KReclaimable:     705020 kB
Slab:             224412 kB
SReclaimable:      79752 kB
SUnreclaim:       144660 kB
KernelStack:       46084 kB
PageTables:        62976 kB
NFS_Unstable:          0 kB
Bounce:                0 kB
WritebackTmp:          0 kB
CommitLimit:     9202288 kB
Committed_AS:   65980108 kB
VmallocTotal:   263061440 kB
VmallocUsed:      103036 kB
VmallocChunk:          0 kB
Percpu:             7648 kB
CmaTotal:         294912 kB
CmaFree:               0 kB
MemTotal:       12113132 kB
MemFree:         6428516 kB
MemAvailable:    8121792 kB
Buffers:            5916 kB
Cached:          1882060 kB
SwapCached:            0 kB
Active:          1486608 kB
Inactive:        1637552 kB
Active(anon):    1242628 kB
Inactive(anon):    24572 kB
Active(file):     243980 kB
Inactive(file):  1612980 kB
Unevictable:        5552 kB
Mlocked:            5552 kB
SwapTotal:       3145724 kB
SwapFree:        3145724 kB
Dirty:               940 kB
Writeback:             0 kB
AnonPages:       1241628 kB
Mapped:           851512 kB
Shmem:             26516 kB
KReclaimable:     705020 kB
Slab:             224368 kB
SReclaimable:      79752 kB
SUnreclaim:       144616 kB
KernelStack:       46116 kB
PageTables:        62876 kB
NFS_Unstable:          0 kB
Bounce:                0 kB
WritebackTmp:          0 kB
CommitLimit:     9202288 kB
Committed_AS:   65979664 kB
VmallocTotal:   263061440 kB
VmallocUsed:      103084 kB
VmallocChunk:          0 kB
Percpu:             7648 kB
CmaTotal:         294912 kB
CmaFree:               0 kB
MemTotal:       12113132 kB
MemFree:         6424660 kB
MemAvailable:    8117964 kB
Buffers:            5916 kB
Cached:          1882316 kB
SwapCached:            0 kB
Active:          1489404 kB
Inactive:        1637804 kB
Active(anon):    1245420 kB
Inactive(anon):    24800 kB
Active(file):     243984 kB
Inactive(file):  1613004 kB
Unevictable:        5552 kB
Mlocked:            5552 kB
SwapTotal:       3145724 kB
SwapFree:        3145724 kB
Dirty:               924 kB
Writeback:             0 kB
AnonPages:       1244168 kB
Mapped:           851892 kB
Shmem:             26744 kB
KReclaimable:     705020 kB
Slab:             224408 kB
SReclaimable:      79752 kB
SUnreclaim:       144656 kB
KernelStack:       46148 kB
PageTables:        62576 kB
NFS_Unstable:          0 kB
Bounce:                0 kB
WritebackTmp:          0 kB
CommitLimit:     9202288 kB
Committed_AS:   65979692 kB
VmallocTotal:   263061440 kB
VmallocUsed:      103100 kB
VmallocChunk:          0 kB
Percpu:             7648 kB
CmaTotal:         294912 kB
CmaFree:              12 kB
MemTotal:       12113132 kB
MemFree:         6423780 kB
MemAvailable:    8117312 kB
Buffers:            5916 kB
Cached:          1882544 kB
SwapCached:            0 kB
Active:          1489140 kB
Inactive:        1638032 kB
Active(anon):    1245156 kB
Inactive(anon):    24800 kB
Active(file):     243984 kB
Inactive(file):  1613232 kB
Unevictable:        5552 kB
Mlocked:            5552 kB
SwapTotal:       3145724 kB
SwapFree:        3145724 kB
Dirty:               832 kB
Writeback:             0 kB
AnonPages:       1244192 kB
Mapped:           851896 kB
Shmem:             26744 kB
KReclaimable:     705020 kB
Slab:             224408 kB
SReclaimable:      79752 kB
SUnreclaim:       144656 kB
KernelStack:       46196 kB
PageTables:        62932 kB
NFS_Unstable:          0 kB
Bounce:                0 kB
WritebackTmp:          0 kB
CommitLimit:     9202288 kB
Committed_AS:   65980000 kB
VmallocTotal:   263061440 kB
VmallocUsed:      103100 kB
VmallocChunk:          0 kB
Percpu:             7648 kB
CmaTotal:         294912 kB
CmaFree:               0 kB
MemTotal:       12113132 kB
MemFree:         6424504 kB
MemAvailable:    8118044 kB
Buffers:            5916 kB
Cached:          1882308 kB
SwapCached:            0 kB
Active:          1489060 kB
Inactive:        1637804 kB
Active(anon):    1245076 kB
Inactive(anon):    24564 kB
Active(file):     243984 kB
Inactive(file):  1613240 kB
Unevictable:        5552 kB
Mlocked:            5552 kB
SwapTotal:       3145724 kB
SwapFree:        3145724 kB
Dirty:               836 kB
Writeback:             0 kB
AnonPages:       1244472 kB
Mapped:           851576 kB
Shmem:             26500 kB
KReclaimable:     705020 kB
Slab:             224396 kB
SReclaimable:      79752 kB
SUnreclaim:       144644 kB
KernelStack:       46132 kB
PageTables:        62876 kB
NFS_Unstable:          0 kB
Bounce:                0 kB
WritebackTmp:          0 kB
CommitLimit:     9202288 kB
Committed_AS:   65983176 kB
VmallocTotal:   263061440 kB
VmallocUsed:      103132 kB
VmallocChunk:          0 kB
Percpu:             7648 kB
CmaTotal:         294912 kB
CmaFree:              16 kB
MemTotal:       12113132 kB
MemFree:         6423824 kB
MemAvailable:    8117384 kB
Buffers:            5916 kB
Cached:          1882572 kB
SwapCached:            0 kB
Active:          1489792 kB
Inactive:        1638060 kB
Active(anon):    1245808 kB
Inactive(anon):    24800 kB
Active(file):     243984 kB
Inactive(file):  1613260 kB
Unevictable:        5552 kB
Mlocked:            5552 kB
SwapTotal:       3145724 kB
SwapFree:        3145724 kB
Dirty:               856 kB
Writeback:             0 kB
AnonPages:       1244740 kB
Mapped:           851660 kB
Shmem:             26744 kB
KReclaimable:     705020 kB
Slab:             224404 kB
SReclaimable:      79752 kB
SUnreclaim:       144652 kB
KernelStack:       46116 kB
PageTables:        62900 kB
NFS_Unstable:          0 kB
Bounce:                0 kB
WritebackTmp:          0 kB
CommitLimit:     9202288 kB
Committed_AS:   65977520 kB
VmallocTotal:   263061440 kB
VmallocUsed:      103164 kB
VmallocChunk:          0 kB
Percpu:             7648 kB
CmaTotal:         294912 kB
CmaFree:               0 kB
MemTotal:       12113132 kB
MemFree:         6423444 kB
MemAvailable:    8117020 kB
Buffers:            5916 kB
Cached:          1882588 kB
SwapCached:            0 kB
Active:          1490832 kB
Inactive:        1638076 kB
Active(anon):    1246848 kB
Inactive(anon):    24800 kB
Active(file):     243984 kB
Inactive(file):  1613276 kB
Unevictable:        5552 kB
Mlocked:            5552 kB
SwapTotal:       3145724 kB
SwapFree:        3145724 kB
Dirty:               920 kB
Writeback:             4 kB
AnonPages:       1245708 kB
Mapped:           851848 kB
Shmem:             26744 kB
KReclaimable:     705020 kB
Slab:             224400 kB
SReclaimable:      79752 kB
SUnreclaim:       144648 kB
KernelStack:       46160 kB
PageTables:        62652 kB
NFS_Unstable:          0 kB
Bounce:                0 kB
WritebackTmp:          0 kB
CommitLimit:     9202288 kB
Committed_AS:   65977396 kB
VmallocTotal:   263061440 kB
VmallocUsed:      103148 kB
VmallocChunk:          0 kB
Percpu:             7648 kB
CmaTotal:         294912 kB
CmaFree:               0 kB
MemTotal:       12113132 kB
MemFree:         6421900 kB
MemAvailable:    8115492 kB
Buffers:            5916 kB
Cached:          1882604 kB
SwapCached:            0 kB
Active:          1491428 kB
Inactive:        1638084 kB
Active(anon):    1247436 kB
Inactive(anon):    24800 kB
Active(file):     243992 kB
Inactive(file):  1613284 kB
Unevictable:        5552 kB
Mlocked:            5552 kB
SwapTotal:       3145724 kB
SwapFree:        3145724 kB
Dirty:               732 kB
Writeback:             0 kB
AnonPages:       1246464 kB
Mapped:           851892 kB
Shmem:             26744 kB
KReclaimable:     705020 kB
Slab:             224408 kB
SReclaimable:      79752 kB
SUnreclaim:       144656 kB
KernelStack:       46148 kB
PageTables:        62612 kB
NFS_Unstable:          0 kB
Bounce:                0 kB
WritebackTmp:          0 kB
CommitLimit:     9202288 kB
Committed_AS:   65980188 kB
VmallocTotal:   263061440 kB
VmallocUsed:      103132 kB
VmallocChunk:          0 kB
Percpu:             7648 kB
CmaTotal:         294912 kB
CmaFree:              12 kB
MemTotal:       12113132 kB
MemFree:         6421012 kB
MemAvailable:    8114608 kB
Buffers:            5924 kB
Cached:          1882600 kB
SwapCached:            0 kB
Active:          1491984 kB
Inactive:        1638092 kB
Active(anon):    1247996 kB
Inactive(anon):    24800 kB
Active(file):     243988 kB
Inactive(file):  1613292 kB
Unevictable:        5552 kB
Mlocked:            5552 kB
SwapTotal:       3145724 kB
SwapFree:        3145724 kB
Dirty:               736 kB
Writeback:             0 kB
AnonPages:       1247188 kB
Mapped:           851752 kB
Shmem:             26744 kB
KReclaimable:     705020 kB
Slab:             224392 kB
SReclaimable:      79752 kB
SUnreclaim:       144640 kB
KernelStack:       46148 kB
PageTables:        62872 kB
NFS_Unstable:          0 kB
Bounce:                0 kB
WritebackTmp:          0 kB
CommitLimit:     9202288 kB
Committed_AS:   65984036 kB
VmallocTotal:   263061440 kB
VmallocUsed:      103116 kB
VmallocChunk:          0 kB
Percpu:             7648 kB
CmaTotal:         294912 kB
CmaFree:              16 kB
MemTotal:       12113132 kB
MemFree:         6422032 kB
MemAvailable:    8115652 kB
Buffers:            5924 kB
Cached:          1882624 kB
SwapCached:            0 kB
Active:          1492224 kB
Inactive:        1638108 kB
Active(anon):    1248228 kB
Inactive(anon):    24800 kB
Active(file):     243996 kB
Inactive(file):  1613308 kB
Unevictable:        5552 kB
Mlocked:            5552 kB
SwapTotal:       3145724 kB
SwapFree:        3145724 kB
Dirty:               712 kB
Writeback:             0 kB
AnonPages:       1247596 kB
Mapped:           851752 kB
Shmem:             26744 kB
KReclaimable:     705020 kB
Slab:             224440 kB
SReclaimable:      79752 kB
SUnreclaim:       144688 kB
KernelStack:       46180 kB
PageTables:        62560 kB
NFS_Unstable:          0 kB
Bounce:                0 kB
WritebackTmp:          0 kB
CommitLimit:     9202288 kB
Committed_AS:   65970852 kB
VmallocTotal:   263061440 kB
VmallocUsed:      103100 kB
VmallocChunk:          0 kB
Percpu:             7648 kB
CmaTotal:         294912 kB
CmaFree:             212 kB
MemTotal:       12113132 kB
MemFree:         6420952 kB
MemAvailable:    8114592 kB
Buffers:            5924 kB
Cached:          1882644 kB
SwapCached:            0 kB
Active:          1493216 kB
Inactive:        1638128 kB
Active(anon):    1249220 kB
Inactive(anon):    24800 kB
Active(file):     243996 kB
Inactive(file):  1613328 kB
Unevictable:        5552 kB
Mlocked:            5552 kB
SwapTotal:       3145724 kB
SwapFree:        3145724 kB
Dirty:               732 kB
Writeback:             0 kB
AnonPages:       1248100 kB
Mapped:           851824 kB
Shmem:             26744 kB
KReclaimable:     705020 kB
Slab:             224416 kB
SReclaimable:      79752 kB
SUnreclaim:       144664 kB
KernelStack:       46196 kB
PageTables:        63020 kB
NFS_Unstable:          0 kB
Bounce:                0 kB
WritebackTmp:          0 kB
CommitLimit:     9202288 kB
Committed_AS:   65971080 kB
VmallocTotal:   263061440 kB
VmallocUsed:      103132 kB
VmallocChunk:          0 kB
Percpu:             7648 kB
CmaTotal:         294912 kB
CmaFree:               0 kB
MemTotal:       12113132 kB
MemFree:         6419336 kB
MemAvailable:    8112984 kB
Buffers:            5924 kB
Cached:          1882652 kB
SwapCached:            0 kB
Active:          1493096 kB
Inactive:        1638136 kB
Active(anon):    1249100 kB
Inactive(anon):    24800 kB
Active(file):     243996 kB
Inactive(file):  1613336 kB
Unevictable:        5552 kB
Mlocked:            5552 kB
SwapTotal:       3145724 kB
SwapFree:        3145724 kB
Dirty:               220 kB
Writeback:             0 kB
AnonPages:       1248040 kB
Mapped:           851892 kB
Shmem:             26744 kB
KReclaimable:     705020 kB
Slab:             224432 kB
SReclaimable:      79752 kB
SUnreclaim:       144680 kB
KernelStack:       46164 kB
PageTables:        62592 kB
NFS_Unstable:          0 kB
Bounce:                0 kB
WritebackTmp:          0 kB
CommitLimit:     9202288 kB
Committed_AS:   65975500 kB
VmallocTotal:   263061440 kB
VmallocUsed:      103132 kB
VmallocChunk:          0 kB
Percpu:             7648 kB
CmaTotal:         294912 kB
CmaFree:              20 kB
MemTotal:       12113132 kB
MemFree:         6417580 kB
MemAvailable:    8111256 kB
Buffers:            5924 kB
Cached:          1882680 kB
SwapCached:            0 kB
Active:          1494080 kB
Inactive:        1638164 kB
Active(anon):    1250084 kB
Inactive(anon):    24800 kB
Active(file):     243996 kB
Inactive(file):  1613364 kB
Unevictable:        5552 kB
Mlocked:            5552 kB
SwapTotal:       3145724 kB
SwapFree:        3145724 kB
Dirty:               260 kB
Writeback:             0 kB
AnonPages:       1249404 kB
Mapped:           851784 kB
Shmem:             26744 kB
KReclaimable:     705020 kB
Slab:             224396 kB
SReclaimable:      79752 kB
SUnreclaim:       144644 kB
KernelStack:       46116 kB
PageTables:        62876 kB
NFS_Unstable:          0 kB
Bounce:                0 kB
WritebackTmp:          0 kB
CommitLimit:     9202288 kB
Committed_AS:   65976328 kB
VmallocTotal:   263061440 kB
VmallocUsed:      103116 kB
VmallocChunk:          0 kB
Percpu:             7648 kB
CmaTotal:         294912 kB
CmaFree:               4 kB
MemTotal:       12113132 kB
MemFree:         6417960 kB
MemAvailable:    8111652 kB
Buffers:            5924 kB
Cached:          1882696 kB
SwapCached:            0 kB
Active:          1494640 kB
Inactive:        1638180 kB
Active(anon):    1250644 kB
Inactive(anon):    24800 kB
Active(file):     243996 kB
Inactive(file):  1613380 kB
Unevictable:        5552 kB
Mlocked:            5552 kB
SwapTotal:       3145724 kB
SwapFree:        3145724 kB
Dirty:               280 kB
Writeback:             0 kB
AnonPages:       1249616 kB
Mapped:           851744 kB
Shmem:             26744 kB
KReclaimable:     705020 kB
Slab:             224428 kB
SReclaimable:      79752 kB
SUnreclaim:       144676 kB
KernelStack:       46196 kB
PageTables:        62916 kB
NFS_Unstable:          0 kB
Bounce:                0 kB
WritebackTmp:          0 kB
CommitLimit:     9202288 kB
Committed_AS:   65976024 kB
VmallocTotal:   263061440 kB
VmallocUsed:      103132 kB
VmallocChunk:          0 kB
Percpu:             7648 kB
CmaTotal:         294912 kB
CmaFree:               0 kB
MemTotal:       12113132 kB
MemFree:         6418068 kB
MemAvailable:    8111776 kB
Buffers:            5924 kB
Cached:          1882712 kB
SwapCached:            0 kB
Active:          1494640 kB
Inactive:        1638192 kB
Active(anon):    1250640 kB
Inactive(anon):    24800 kB
Active(file):     244000 kB
Inactive(file):  1613392 kB
Unevictable:        5552 kB
Mlocked:            5552 kB
SwapTotal:       3145724 kB
SwapFree:        3145724 kB
Dirty:               296 kB
Writeback:             0 kB
AnonPages:       1249812 kB
Mapped:           851896 kB
Shmem:             26744 kB
KReclaimable:     705020 kB
Slab:             224448 kB
SReclaimable:      79752 kB
SUnreclaim:       144696 kB
KernelStack:       46180 kB
PageTables:        62660 kB
NFS_Unstable:          0 kB
Bounce:                0 kB
WritebackTmp:          0 kB
CommitLimit:     9202288 kB
Committed_AS:   65976016 kB
VmallocTotal:   263061440 kB
VmallocUsed:      103132 kB
VmallocChunk:          0 kB
Percpu:             7648 kB
CmaTotal:         294912 kB
CmaFree:             192 kB
MemTotal:       12113132 kB
MemFree:         6417396 kB
MemAvailable:    8111104 kB
Buffers:            5924 kB
Cached:          1882712 kB
SwapCached:            0 kB
Active:          1494928 kB
Inactive:        1638196 kB
Active(anon):    1250932 kB
Inactive(anon):    24800 kB
Active(file):     243996 kB
Inactive(file):  1613396 kB
Unevictable:        5552 kB
Mlocked:            5552 kB
SwapTotal:       3145724 kB
SwapFree:        3145724 kB
Dirty:               348 kB
Writeback:             0 kB
AnonPages:       1250332 kB
Mapped:           851904 kB
Shmem:             26744 kB
KReclaimable:     705020 kB
Slab:             224416 kB
SReclaimable:      79752 kB
SUnreclaim:       144664 kB
KernelStack:       46180 kB
PageTables:        62968 kB
NFS_Unstable:          0 kB
Bounce:                0 kB
WritebackTmp:          0 kB
CommitLimit:     9202288 kB
Committed_AS:   65976232 kB
VmallocTotal:   263061440 kB
VmallocUsed:      103132 kB
VmallocChunk:          0 kB
Percpu:             7648 kB
CmaTotal:         294912 kB
CmaFree:              24 kB
MemTotal:       12113132 kB
MemFree:         6416344 kB
MemAvailable:    8110072 kB
Buffers:            5924 kB
Cached:          1882732 kB
SwapCached:            0 kB
Active:          1496060 kB
Inactive:        1638212 kB
Active(anon):    1252060 kB
Inactive(anon):    24800 kB
Active(file):     244000 kB
Inactive(file):  1613412 kB
Unevictable:        5552 kB
Mlocked:            5552 kB
SwapTotal:       3145724 kB
SwapFree:        3145724 kB
Dirty:               368 kB
Writeback:             0 kB
AnonPages:       1251396 kB
Mapped:           851748 kB
Shmem:             26744 kB
KReclaimable:     705020 kB
Slab:             224428 kB
SReclaimable:      79752 kB
SUnreclaim:       144676 kB
KernelStack:       46148 kB
PageTables:        62816 kB
NFS_Unstable:          0 kB
Bounce:                0 kB
WritebackTmp:          0 kB
CommitLimit:     9202288 kB
Committed_AS:   65976752 kB
VmallocTotal:   263061440 kB
VmallocUsed:      103164 kB
VmallocChunk:          0 kB
Percpu:             7648 kB
CmaTotal:         294912 kB
CmaFree:               8 kB
MemTotal:       12113132 kB
MemFree:         6417008 kB
MemAvailable:    8110748 kB
Buffers:            5928 kB
Cached:          1882740 kB
SwapCached:            0 kB
Active:          1495720 kB
Inactive:        1638224 kB
Active(anon):    1251720 kB
Inactive(anon):    24800 kB
Active(file):     244000 kB
Inactive(file):  1613424 kB
Unevictable:        5552 kB
Mlocked:            5552 kB
SwapTotal:       3145724 kB
SwapFree:        3145724 kB
Dirty:               412 kB
Writeback:             0 kB
AnonPages:       1250812 kB
Mapped:           851824 kB
Shmem:             26744 kB
KReclaimable:     705020 kB
Slab:             224420 kB
SReclaimable:      79752 kB
SUnreclaim:       144668 kB
KernelStack:       46164 kB
PageTables:        62940 kB
NFS_Unstable:          0 kB
Bounce:                0 kB
WritebackTmp:          0 kB
CommitLimit:     9202288 kB
Committed_AS:   65976156 kB
VmallocTotal:   263061440 kB
VmallocUsed:      103164 kB
VmallocChunk:          0 kB
Percpu:             7648 kB
CmaTotal:         294912 kB
CmaFree:             244 kB
MemTotal:       12113132 kB
MemFree:         6416284 kB
MemAvailable:    8110044 kB
Buffers:            5928 kB
Cached:          1882760 kB
SwapCached:            0 kB
Active:          1495628 kB
Inactive:        1638244 kB
Active(anon):    1251628 kB
Inactive(anon):    24800 kB
Active(file):     244000 kB
Inactive(file):  1613444 kB
Unevictable:        5552 kB
Mlocked:            5552 kB
SwapTotal:       3145724 kB
SwapFree:        3145724 kB
Dirty:               396 kB
Writeback:             0 kB
AnonPages:       1250920 kB
Mapped:           851736 kB
Shmem:             26744 kB
KReclaimable:     705020 kB
Slab:             224444 kB
SReclaimable:      79752 kB
SUnreclaim:       144692 kB
KernelStack:       46108 kB
PageTables:        62688 kB
NFS_Unstable:          0 kB
Bounce:                0 kB
WritebackTmp:          0 kB
CommitLimit:     9202288 kB
Committed_AS:   65970996 kB
VmallocTotal:   263061440 kB
VmallocUsed:      103084 kB
VmallocChunk:          0 kB
Percpu:             7648 kB
CmaTotal:         294912 kB
CmaFree:               0 kB
MemTotal:       12113132 kB
MemFree:         6442740 kB
MemAvailable:    8136512 kB
Buffers:            5928 kB
Cached:          1882772 kB
SwapCached:            0 kB
Active:          1469328 kB
Inactive:        1638256 kB
Active(anon):    1225328 kB
Inactive(anon):    24800 kB
Active(file):     244000 kB
Inactive(file):  1613456 kB
Unevictable:        5552 kB
Mlocked:            5552 kB
SwapTotal:       3145724 kB
SwapFree:        3145724 kB
Dirty:               408 kB
Writeback:             0 kB
AnonPages:       1224440 kB
Mapped:           851824 kB
Shmem:             26744 kB
KReclaimable:     705020 kB
Slab:             224416 kB
SReclaimable:      79752 kB
SUnreclaim:       144664 kB
KernelStack:       46180 kB
PageTables:        62528 kB
NFS_Unstable:          0 kB
Bounce:                0 kB
WritebackTmp:          0 kB
CommitLimit:     9202288 kB
Committed_AS:   65970820 kB
VmallocTotal:   263061440 kB
VmallocUsed:      103116 kB
VmallocChunk:          0 kB
Percpu:             7648 kB
CmaTotal:         294912 kB
CmaFree:               0 kB
MemTotal:       12113132 kB
MemFree:         6454980 kB
MemAvailable:    8148772 kB
Buffers:            5928 kB
Cached:          1882792 kB
SwapCached:            0 kB
Active:          1456952 kB
Inactive:        1638276 kB
Active(anon):    1212952 kB
Inactive(anon):    24800 kB
Active(file):     244000 kB
Inactive(file):  1613476 kB
Unevictable:        5552 kB
Mlocked:            5552 kB
SwapTotal:       3145724 kB
SwapFree:        3145724 kB
Dirty:               428 kB
Writeback:             0 kB
AnonPages:       1211596 kB
Mapped:           851824 kB
Shmem:             26744 kB
KReclaimable:     705020 kB
Slab:             224440 kB
SReclaimable:      79752 kB
SUnreclaim:       144688 kB
KernelStack:       46176 kB
PageTables:        62616 kB
NFS_Unstable:          0 kB
Bounce:                0 kB
WritebackTmp:          0 kB
CommitLimit:     9202288 kB
Committed_AS:   65970880 kB
VmallocTotal:   263061440 kB
VmallocUsed:      103164 kB
VmallocChunk:          0 kB
Percpu:             7648 kB
CmaTotal:         294912 kB
CmaFree:               0 kB
MemTotal:       12113132 kB
MemFree:         6453952 kB
MemAvailable:    8147760 kB
Buffers:            5928 kB
Cached:          1882808 kB
SwapCached:            0 kB
Active:          1457116 kB
Inactive:        1638292 kB
Active(anon):    1213116 kB
Inactive(anon):    24800 kB
Active(file):     244000 kB
Inactive(file):  1613492 kB
Unevictable:        5552 kB
Mlocked:            5552 kB
SwapTotal:       3145724 kB
SwapFree:        3145724 kB
Dirty:               460 kB
Writeback:             0 kB
AnonPages:       1212248 kB
Mapped:           851820 kB
Shmem:             26744 kB
KReclaimable:     705020 kB
Slab:             224448 kB
SReclaimable:      79752 kB
SUnreclaim:       144696 kB
KernelStack:       46128 kB
PageTables:        62552 kB
NFS_Unstable:          0 kB
Bounce:                0 kB
WritebackTmp:          0 kB
CommitLimit:     9202288 kB
Committed_AS:   65976216 kB
VmallocTotal:   263061440 kB
VmallocUsed:      103132 kB
VmallocChunk:          0 kB
Percpu:             7648 kB
CmaTotal:         294912 kB
CmaFree:               0 kB
MemTotal:       12113132 kB
MemFree:         6452688 kB
MemAvailable:    8146508 kB
Buffers:            5928 kB
Cached:          1882820 kB
SwapCached:            0 kB
Active:          1457556 kB
Inactive:        1638304 kB
Active(anon):    1213556 kB
Inactive(anon):    24800 kB
Active(file):     244000 kB
Inactive(file):  1613504 kB
Unevictable:        5552 kB
Mlocked:            5552 kB
SwapTotal:       3145724 kB
SwapFree:        3145724 kB
Dirty:               472 kB
Writeback:             0 kB
AnonPages:       1212892 kB
Mapped:           851824 kB
Shmem:             26744 kB
KReclaimable:     705020 kB
Slab:             224432 kB
SReclaimable:      79752 kB
SUnreclaim:       144680 kB
KernelStack:       46192 kB
PageTables:        62648 kB
NFS_Unstable:          0 kB
Bounce:                0 kB
WritebackTmp:          0 kB
CommitLimit:     9202288 kB
Committed_AS:   65976516 kB
VmallocTotal:   263061440 kB
VmallocUsed:      103132 kB
VmallocChunk:          0 kB
Percpu:             7648 kB
CmaTotal:         294912 kB
CmaFree:               0 kB
MemTotal:       12113132 kB
MemFree:         6452732 kB
MemAvailable:    8146560 kB
Buffers:            5928 kB
Cached:          1882828 kB
SwapCached:            0 kB
Active:          1458372 kB
Inactive:        1638312 kB
Active(anon):    1214372 kB
Inactive(anon):    24800 kB
Active(file):     244000 kB
Inactive(file):  1613512 kB
Unevictable:        5552 kB
Mlocked:            5552 kB
SwapTotal:       3145724 kB
SwapFree:        3145724 kB
Dirty:               480 kB
Writeback:             0 kB
AnonPages:       1213868 kB
Mapped:           851776 kB
Shmem:             26744 kB
KReclaimable:     705020 kB
Slab:             224464 kB
SReclaimable:      79752 kB
SUnreclaim:       144712 kB
KernelStack:       46148 kB
PageTables:        62548 kB
NFS_Unstable:          0 kB
Bounce:                0 kB
WritebackTmp:          0 kB
CommitLimit:     9202288 kB
Committed_AS:   65976428 kB
VmallocTotal:   263061440 kB
VmallocUsed:      103100 kB
VmallocChunk:          0 kB
Percpu:             7648 kB
CmaTotal:         294912 kB
CmaFree:             124 kB
MemTotal:       12113132 kB
MemFree:         6453004 kB
MemAvailable:    8146840 kB
Buffers:            5928 kB
Cached:          1882852 kB
SwapCached:            0 kB
Active:          1458732 kB
Inactive:        1638336 kB
Active(anon):    1214732 kB
Inactive(anon):    24816 kB
Active(file):     244000 kB
Inactive(file):  1613520 kB
Unevictable:        5552 kB
Mlocked:            5552 kB
SwapTotal:       3145724 kB
SwapFree:        3145724 kB
Dirty:               504 kB
Writeback:             0 kB
AnonPages:       1213524 kB
Mapped:           851716 kB
Shmem:             26760 kB
KReclaimable:     705020 kB
Slab:             224436 kB
SReclaimable:      79752 kB
SUnreclaim:       144684 kB
KernelStack:       46228 kB
PageTables:        62688 kB
NFS_Unstable:          0 kB
Bounce:                0 kB
WritebackTmp:          0 kB
CommitLimit:     9202288 kB
Committed_AS:   65970656 kB
VmallocTotal:   263061440 kB
VmallocUsed:      103116 kB
VmallocChunk:          0 kB
Percpu:             7648 kB
CmaTotal:         294912 kB
CmaFree:              68 kB
MemTotal:       12113132 kB
MemFree:         6451988 kB
MemAvailable:    8145836 kB
Buffers:            5928 kB
Cached:          1882864 kB
SwapCached:            0 kB
Active:          1459180 kB
Inactive:        1638348 kB
Active(anon):    1215180 kB
Inactive(anon):    24816 kB
Active(file):     244000 kB
Inactive(file):  1613532 kB
Unevictable:        5552 kB
Mlocked:            5552 kB
SwapTotal:       3145724 kB
SwapFree:        3145724 kB
Dirty:               516 kB
Writeback:             0 kB
AnonPages:       1214044 kB
Mapped:           851976 kB
Shmem:             26760 kB
KReclaimable:     705020 kB
Slab:             224436 kB
SReclaimable:      79752 kB
SUnreclaim:       144684 kB
KernelStack:       46212 kB
PageTables:        63044 kB
NFS_Unstable:          0 kB
Bounce:                0 kB
WritebackTmp:          0 kB
CommitLimit:     9202288 kB
Committed_AS:   65970024 kB
VmallocTotal:   263061440 kB
VmallocUsed:      103164 kB
VmallocChunk:          0 kB
Percpu:             7648 kB
CmaTotal:         294912 kB
CmaFree:               0 kB
MemTotal:       12113132 kB
MemFree:         6451528 kB
MemAvailable:    8145388 kB
Buffers:            5928 kB
Cached:          1882884 kB
SwapCached:            0 kB
Active:          1459808 kB
Inactive:        1638368 kB
Active(anon):    1215808 kB
Inactive(anon):    24824 kB
Active(file):     244000 kB
Inactive(file):  1613544 kB
Unevictable:        5552 kB
Mlocked:            5552 kB
SwapTotal:       3145724 kB
SwapFree:        3145724 kB
Dirty:               272 kB
Writeback:             0 kB
AnonPages:       1215164 kB
Mapped:           851776 kB
Shmem:             26768 kB
KReclaimable:     705020 kB
Slab:             224452 kB
SReclaimable:      79752 kB
SUnreclaim:       144700 kB
KernelStack:       46148 kB
PageTables:        62804 kB
NFS_Unstable:          0 kB
Bounce:                0 kB
WritebackTmp:          0 kB
CommitLimit:     9202288 kB
Committed_AS:   65969984 kB
VmallocTotal:   263061440 kB
VmallocUsed:      103180 kB
VmallocChunk:          0 kB
Percpu:             7648 kB
CmaTotal:         294912 kB
CmaFree:              68 kB
MemTotal:       12113132 kB
MemFree:         6451128 kB
MemAvailable:    8145012 kB
Buffers:            5928 kB
Cached:          1882908 kB
SwapCached:            0 kB
Active:          1460568 kB
Inactive:        1638392 kB
Active(anon):    1216568 kB
Inactive(anon):    24824 kB
Active(file):     244000 kB
Inactive(file):  1613568 kB
Unevictable:        5552 kB
Mlocked:            5552 kB
SwapTotal:       3145724 kB
SwapFree:        3145724 kB
Dirty:               228 kB
Writeback:             0 kB
AnonPages:       1216216 kB
Mapped:           851916 kB
Shmem:             26768 kB
KReclaimable:     705020 kB
Slab:             224448 kB
SReclaimable:      79752 kB
SUnreclaim:       144696 kB
KernelStack:       46212 kB
PageTables:        62976 kB
NFS_Unstable:          0 kB
Bounce:                0 kB
WritebackTmp:          0 kB
CommitLimit:     9202288 kB
Committed_AS:   65969944 kB
VmallocTotal:   263061440 kB
VmallocUsed:      103148 kB
VmallocChunk:          0 kB
Percpu:             7648 kB
CmaTotal:         294912 kB
CmaFree:               0 kB
MemTotal:       12113132 kB
MemFree:         6451824 kB
MemAvailable:    8145720 kB
Buffers:            5928 kB
Cached:          1882920 kB
SwapCached:            0 kB
Active:          1461996 kB
Inactive:        1638404 kB
Active(anon):    1217996 kB
Inactive(anon):    24824 kB
Active(file):     244000 kB
Inactive(file):  1613580 kB
Unevictable:        5552 kB
Mlocked:            5552 kB
SwapTotal:       3145724 kB
SwapFree:        3145724 kB
Dirty:               332 kB
Writeback:             0 kB
AnonPages:       1216976 kB
Mapped:           851980 kB
Shmem:             26768 kB
KReclaimable:     705020 kB
Slab:             224448 kB
SReclaimable:      79752 kB
SUnreclaim:       144696 kB
KernelStack:       46176 kB
PageTables:        62716 kB
NFS_Unstable:          0 kB
Bounce:                0 kB
WritebackTmp:          0 kB
CommitLimit:     9202288 kB
Committed_AS:   65964768 kB
VmallocTotal:   263061440 kB
VmallocUsed:      103100 kB
VmallocChunk:          0 kB
Percpu:             7648 kB
CmaTotal:         294912 kB
CmaFree:               0 kB
MemTotal:       12113132 kB
MemFree:         6450620 kB
MemAvailable:    8144520 kB
Buffers:            5928 kB
Cached:          1882924 kB
SwapCached:            0 kB
Active:          1462248 kB
Inactive:        1638408 kB
Active(anon):    1218248 kB
Inactive(anon):    24824 kB
Active(file):     244000 kB
Inactive(file):  1613584 kB
Unevictable:        5552 kB
Mlocked:            5552 kB
SwapTotal:       3145724 kB
SwapFree:        3145724 kB
Dirty:               336 kB
Writeback:             0 kB
AnonPages:       1217140 kB
Mapped:           851832 kB
Shmem:             26768 kB
KReclaimable:     705020 kB
Slab:             224448 kB
SReclaimable:      79752 kB
SUnreclaim:       144696 kB
KernelStack:       46180 kB
PageTables:        62868 kB
NFS_Unstable:          0 kB
Bounce:                0 kB
WritebackTmp:          0 kB
CommitLimit:     9202288 kB
Committed_AS:   65964056 kB
VmallocTotal:   263061440 kB
VmallocUsed:      103148 kB
VmallocChunk:          0 kB
Percpu:             7648 kB
CmaTotal:         294912 kB
CmaFree:               0 kB
MemTotal:       12113132 kB
MemFree:         6450652 kB
MemAvailable:    8144560 kB
Buffers:            5928 kB
Cached:          1882932 kB
SwapCached:            0 kB
Active:          1463028 kB
Inactive:        1638416 kB
Active(anon):    1219028 kB
Inactive(anon):    24824 kB
Active(file):     244000 kB
Inactive(file):  1613592 kB
Unevictable:        5552 kB
Mlocked:            5552 kB
SwapTotal:       3145724 kB
SwapFree:        3145724 kB
Dirty:               368 kB
Writeback:             0 kB
AnonPages:       1218164 kB
Mapped:           851908 kB
Shmem:             26768 kB
KReclaimable:     705020 kB
Slab:             224444 kB
SReclaimable:      79752 kB
SUnreclaim:       144692 kB
KernelStack:       46180 kB
PageTables:        62552 kB
NFS_Unstable:          0 kB
Bounce:                0 kB
WritebackTmp:          0 kB
CommitLimit:     9202288 kB
Committed_AS:   65963616 kB
VmallocTotal:   263061440 kB
VmallocUsed:      103148 kB
VmallocChunk:          0 kB
Percpu:             7648 kB
CmaTotal:         294912 kB
CmaFree:               0 kB
MemTotal:       12113132 kB
MemFree:         6444764 kB
MemAvailable:    8138688 kB
Buffers:            5928 kB
Cached:          1882948 kB
SwapCached:            0 kB
Active:          1468968 kB
Inactive:        1638432 kB
Active(anon):    1224968 kB
Inactive(anon):    24824 kB
Active(file):     244000 kB
Inactive(file):  1613608 kB
Unevictable:        5552 kB
Mlocked:            5552 kB
SwapTotal:       3145724 kB
SwapFree:        3145724 kB
Dirty:               384 kB
Writeback:             0 kB
AnonPages:       1223760 kB
Mapped:           851904 kB
Shmem:             26768 kB
KReclaimable:     705020 kB
Slab:             224452 kB
SReclaimable:      79752 kB
SUnreclaim:       144700 kB
KernelStack:       46228 kB
PageTables:        62524 kB
NFS_Unstable:          0 kB
Bounce:                0 kB
WritebackTmp:          0 kB
CommitLimit:     9202288 kB
Committed_AS:   65973784 kB
VmallocTotal:   263061440 kB
VmallocUsed:      103180 kB
VmallocChunk:          0 kB
Percpu:             7648 kB
CmaTotal:         294912 kB
CmaFree:               0 kB
MemTotal:       12113132 kB
MemFree:         6430376 kB
MemAvailable:    8124332 kB
Buffers:            5936 kB
Cached:          1882972 kB
SwapCached:            0 kB
Active:          1482592 kB
Inactive:        1638456 kB
Active(anon):    1238584 kB
Inactive(anon):    24824 kB
Active(file):     244008 kB
Inactive(file):  1613632 kB
Unevictable:        5552 kB
Mlocked:            5552 kB
SwapTotal:       3145724 kB
SwapFree:        3145724 kB
Dirty:               412 kB
Writeback:             0 kB
AnonPages:       1237688 kB
Mapped:           851836 kB
Shmem:             26768 kB
KReclaimable:     705020 kB
Slab:             224440 kB
SReclaimable:      79752 kB
SUnreclaim:       144688 kB
KernelStack:       46164 kB
PageTables:        62880 kB
NFS_Unstable:          0 kB
Bounce:                0 kB
WritebackTmp:          0 kB
CommitLimit:     9202288 kB
Committed_AS:   65979868 kB
VmallocTotal:   263061440 kB
VmallocUsed:      103164 kB
VmallocChunk:          0 kB
Percpu:             7648 kB
CmaTotal:         294912 kB
CmaFree:               0 kB
MemTotal:       12113132 kB
MemFree:         6429120 kB
MemAvailable:    8123100 kB
Buffers:            5936 kB
Cached:          1882996 kB
SwapCached:            0 kB
Active:          1483552 kB
Inactive:        1638480 kB
Active(anon):    1239544 kB
Inactive(anon):    24824 kB
Active(file):     244008 kB
Inactive(file):  1613656 kB
Unevictable:        5552 kB
Mlocked:            5552 kB
SwapTotal:       3145724 kB
SwapFree:        3145724 kB
Dirty:               396 kB
Writeback:             0 kB
AnonPages:       1238324 kB
Mapped:           851976 kB
Shmem:             26768 kB
KReclaimable:     705020 kB
Slab:             224432 kB
SReclaimable:      79752 kB
SUnreclaim:       144680 kB
KernelStack:       46196 kB
PageTables:        62988 kB
NFS_Unstable:          0 kB
Bounce:                0 kB
WritebackTmp:          0 kB
CommitLimit:     9202288 kB
Committed_AS:   65979832 kB
VmallocTotal:   263061440 kB
VmallocUsed:      103164 kB
VmallocChunk:          0 kB
Percpu:             7648 kB
CmaTotal:         294912 kB
CmaFree:               0 kB
MemTotal:       12113132 kB
MemFree:         6423120 kB
MemAvailable:    8117112 kB
Buffers:            5936 kB
Cached:          1882852 kB
SwapCached:            0 kB
Active:          1491584 kB
Inactive:        1638340 kB
Active(anon):    1247576 kB
Inactive(anon):    24672 kB
Active(file):     244008 kB
Inactive(file):  1613668 kB
Unevictable:        5552 kB
Mlocked:            5552 kB
SwapTotal:       3145724 kB
SwapFree:        3145724 kB
Dirty:               424 kB
Writeback:             0 kB
AnonPages:       1246716 kB
Mapped:           851828 kB
Shmem:             26612 kB
KReclaimable:     705020 kB
Slab:             224472 kB
SReclaimable:      79752 kB
SUnreclaim:       144720 kB
KernelStack:       46128 kB
PageTables:        62596 kB
NFS_Unstable:          0 kB
Bounce:                0 kB
WritebackTmp:          0 kB
CommitLimit:     9202288 kB
Committed_AS:   65979260 kB
VmallocTotal:   263061440 kB
VmallocUsed:      103180 kB
VmallocChunk:          0 kB
Percpu:             7648 kB
CmaTotal:         294912 kB
CmaFree:             140 kB
MemTotal:       12113132 kB
MemFree:         6430972 kB
MemAvailable:    8124968 kB
Buffers:            5936 kB
Cached:          1883012 kB
SwapCached:            0 kB
Active:          1482120 kB
Inactive:        1638500 kB
Active(anon):    1238116 kB
Inactive(anon):    24824 kB
Active(file):     244004 kB
Inactive(file):  1613676 kB
Unevictable:        5552 kB
Mlocked:            5552 kB
SwapTotal:       3145724 kB
SwapFree:        3145724 kB
Dirty:               428 kB
Writeback:             0 kB
AnonPages:       1237584 kB
Mapped:           851908 kB
Shmem:             26768 kB
KReclaimable:     705020 kB
Slab:             224452 kB
SReclaimable:      79752 kB
SUnreclaim:       144700 kB
KernelStack:       46196 kB
PageTables:        62980 kB
NFS_Unstable:          0 kB
Bounce:                0 kB
WritebackTmp:          0 kB
CommitLimit:     9202288 kB
Committed_AS:   65983372 kB
VmallocTotal:   263061440 kB
VmallocUsed:      103148 kB
VmallocChunk:          0 kB
Percpu:             7648 kB
CmaTotal:         294912 kB
CmaFree:               0 kB
MemTotal:       12113132 kB
MemFree:         6430204 kB
MemAvailable:    8124216 kB
Buffers:            5936 kB
Cached:          1883032 kB
SwapCached:            0 kB
Active:          1482088 kB
Inactive:        1638516 kB
Active(anon):    1238080 kB
Inactive(anon):    24828 kB
Active(file):     244008 kB
Inactive(file):  1613688 kB
Unevictable:        5552 kB
Mlocked:            5552 kB
SwapTotal:       3145724 kB
SwapFree:        3145724 kB
Dirty:               444 kB
Writeback:             0 kB
AnonPages:       1237180 kB
Mapped:           851908 kB
Shmem:             26772 kB
KReclaimable:     705020 kB
Slab:             224456 kB
SReclaimable:      79752 kB
SUnreclaim:       144704 kB
KernelStack:       46196 kB
PageTables:        62852 kB
NFS_Unstable:          0 kB
Bounce:                0 kB
WritebackTmp:          0 kB
CommitLimit:     9202288 kB
Committed_AS:   65979312 kB
VmallocTotal:   263061440 kB
VmallocUsed:      103180 kB
VmallocChunk:          0 kB
Percpu:             7648 kB
CmaTotal:         294912 kB
CmaFree:              88 kB
MemTotal:       12113132 kB
MemFree:         6429156 kB
MemAvailable:    8123188 kB
Buffers:            5936 kB
Cached:          1883052 kB
SwapCached:            0 kB
Active:          1482828 kB
Inactive:        1638536 kB
Active(anon):    1238820 kB
Inactive(anon):    24828 kB
Active(file):     244008 kB
Inactive(file):  1613708 kB
Unevictable:        5552 kB
Mlocked:            5552 kB
SwapTotal:       3145724 kB
SwapFree:        3145724 kB
Dirty:               476 kB
Writeback:             0 kB
AnonPages:       1237976 kB
Mapped:           851852 kB
Shmem:             26772 kB
KReclaimable:     705020 kB
Slab:             224476 kB
SReclaimable:      79752 kB
SUnreclaim:       144724 kB
KernelStack:       46208 kB
PageTables:        62676 kB
NFS_Unstable:          0 kB
Bounce:                0 kB
WritebackTmp:          0 kB
CommitLimit:     9202288 kB
Committed_AS:   65979056 kB
VmallocTotal:   263061440 kB
VmallocUsed:      103180 kB
VmallocChunk:          0 kB
Percpu:             7648 kB
CmaTotal:         294912 kB
CmaFree:               0 kB
MemTotal:       12113132 kB
MemFree:         6429784 kB
MemAvailable:    8123824 kB
Buffers:            5936 kB
Cached:          1883060 kB
SwapCached:            0 kB
Active:          1483236 kB
Inactive:        1638544 kB
Active(anon):    1239228 kB
Inactive(anon):    24828 kB
Active(file):     244008 kB
Inactive(file):  1613716 kB
Unevictable:        5552 kB
Mlocked:            5552 kB
SwapTotal:       3145724 kB
SwapFree:        3145724 kB
Dirty:               500 kB
Writeback:             0 kB
AnonPages:       1238280 kB
Mapped:           851840 kB
Shmem:             26772 kB
KReclaimable:     705020 kB
Slab:             224468 kB
SReclaimable:      79752 kB
SUnreclaim:       144716 kB
KernelStack:       46164 kB
PageTables:        62872 kB
NFS_Unstable:          0 kB
Bounce:                0 kB
WritebackTmp:          0 kB
CommitLimit:     9202288 kB
Committed_AS:   65978748 kB
VmallocTotal:   263061440 kB
VmallocUsed:      103196 kB
VmallocChunk:          0 kB
Percpu:             7648 kB
CmaTotal:         294912 kB
CmaFree:               8 kB
MemTotal:       12113132 kB
MemFree:         6429024 kB
MemAvailable:    8123076 kB
Buffers:            5936 kB
Cached:          1883072 kB
SwapCached:            0 kB
Active:          1483532 kB
Inactive:        1638556 kB
Active(anon):    1239524 kB
Inactive(anon):    24828 kB
Active(file):     244008 kB
Inactive(file):  1613728 kB
Unevictable:        5552 kB
Mlocked:            5552 kB
SwapTotal:       3145724 kB
SwapFree:        3145724 kB
Dirty:               524 kB
Writeback:             0 kB
AnonPages:       1238064 kB
Mapped:           851980 kB
Shmem:             26772 kB
KReclaimable:     705020 kB
Slab:             224508 kB
SReclaimable:      79752 kB
SUnreclaim:       144756 kB
KernelStack:       46176 kB
PageTables:        62608 kB
NFS_Unstable:          0 kB
Bounce:                0 kB
WritebackTmp:          0 kB
CommitLimit:     9202288 kB
Committed_AS:   65978440 kB
VmallocTotal:   263061440 kB
VmallocUsed:      103164 kB
VmallocChunk:          0 kB
Percpu:             7648 kB
CmaTotal:         294912 kB
CmaFree:               0 kB
MemTotal:       12113132 kB
MemFree:         6428968 kB
MemAvailable:    8123032 kB
Buffers:            5936 kB
Cached:          1883084 kB
SwapCached:            0 kB
Active:          1484264 kB
Inactive:        1638568 kB
Active(anon):    1240256 kB
Inactive(anon):    24828 kB
Active(file):     244008 kB
Inactive(file):  1613740 kB
Unevictable:        5552 kB
Mlocked:            5552 kB
SwapTotal:       3145724 kB
SwapFree:        3145724 kB
Dirty:               540 kB
Writeback:             0 kB
AnonPages:       1239220 kB
Mapped:           851912 kB
Shmem:             26772 kB
KReclaimable:     705020 kB
Slab:             224472 kB
SReclaimable:      79752 kB
SUnreclaim:       144720 kB
KernelStack:       46128 kB
PageTables:        62568 kB
NFS_Unstable:          0 kB
Bounce:                0 kB
WritebackTmp:          0 kB
CommitLimit:     9202288 kB
Committed_AS:   65974392 kB
VmallocTotal:   263061440 kB
VmallocUsed:      103196 kB
VmallocChunk:          0 kB
Percpu:             7648 kB
CmaTotal:         294912 kB
CmaFree:               0 kB
MemTotal:       12113132 kB
MemFree:         6426916 kB
MemAvailable:    8120988 kB
Buffers:            5936 kB
Cached:          1883092 kB
SwapCached:            0 kB
Active:          1484556 kB
Inactive:        1638576 kB
Active(anon):    1240548 kB
Inactive(anon):    24828 kB
Active(file):     244008 kB
Inactive(file):  1613748 kB
Unevictable:        5552 kB
Mlocked:            5552 kB
SwapTotal:       3145724 kB
SwapFree:        3145724 kB
Dirty:               288 kB
Writeback:             0 kB
AnonPages:       1239700 kB
Mapped:           851840 kB
Shmem:             26772 kB
KReclaimable:     705020 kB
Slab:             224472 kB
SReclaimable:      79752 kB
SUnreclaim:       144720 kB
KernelStack:       46196 kB
PageTables:        62756 kB
NFS_Unstable:          0 kB
Bounce:                0 kB
WritebackTmp:          0 kB
CommitLimit:     9202288 kB
Committed_AS:   65980336 kB
VmallocTotal:   263061440 kB
VmallocUsed:      103196 kB
VmallocChunk:          0 kB
Percpu:             7648 kB
CmaTotal:         294912 kB
CmaFree:               0 kB
MemTotal:       12113132 kB
MemFree:         6426532 kB
MemAvailable:    8120616 kB
Buffers:            5936 kB
Cached:          1883104 kB
SwapCached:            0 kB
Active:          1485068 kB
Inactive:        1638592 kB
Active(anon):    1241064 kB
Inactive(anon):    24828 kB
Active(file):     244004 kB
Inactive(file):  1613764 kB
Unevictable:        5552 kB
Mlocked:            5552 kB
SwapTotal:       3145724 kB
SwapFree:        3145724 kB
Dirty:               188 kB
Writeback:             0 kB
AnonPages:       1240360 kB
Mapped:           851948 kB
Shmem:             26772 kB
KReclaimable:     705020 kB
Slab:             224452 kB
SReclaimable:      79752 kB
SUnreclaim:       144700 kB
KernelStack:       46144 kB
PageTables:        62560 kB
NFS_Unstable:          0 kB
Bounce:                0 kB
WritebackTmp:          0 kB
CommitLimit:     9202288 kB
Committed_AS:   65980072 kB
VmallocTotal:   263061440 kB
VmallocUsed:      103180 kB
VmallocChunk:          0 kB
Percpu:             7648 kB
CmaTotal:         294912 kB
CmaFree:               0 kB
MemTotal:       12113132 kB
MemFree:         6426092 kB
MemAvailable:    8120192 kB
Buffers:            5936 kB
Cached:          1883120 kB
SwapCached:            0 kB
Active:          1485840 kB
Inactive:        1638608 kB
Active(anon):    1241836 kB
Inactive(anon):    24828 kB
Active(file):     244004 kB
Inactive(file):  1613780 kB
Unevictable:        5552 kB
Mlocked:            5552 kB
SwapTotal:       3145724 kB
SwapFree:        3145724 kB
Dirty:               256 kB
Writeback:             0 kB
AnonPages:       1241036 kB
Mapped:           851980 kB
Shmem:             26772 kB
KReclaimable:     705020 kB
Slab:             224476 kB
SReclaimable:      79752 kB
SUnreclaim:       144724 kB
KernelStack:       46196 kB
PageTables:        62888 kB
NFS_Unstable:          0 kB
Bounce:                0 kB
WritebackTmp:          0 kB
CommitLimit:     9202288 kB
Committed_AS:   65977888 kB
VmallocTotal:   263061440 kB
VmallocUsed:      103164 kB
VmallocChunk:          0 kB
Percpu:             7648 kB
CmaTotal:         294912 kB
CmaFree:               0 kB
MemTotal:       12113132 kB
MemFree:         6424968 kB
MemAvailable:    8119124 kB
Buffers:            5936 kB
Cached:          1883176 kB
SwapCached:            0 kB
Active:          1487324 kB
Inactive:        1638652 kB
Active(anon):    1243308 kB
Inactive(anon):    24828 kB
Active(file):     244016 kB
Inactive(file):  1613824 kB
Unevictable:        5552 kB
Mlocked:            5552 kB
SwapTotal:       3145724 kB
SwapFree:        3145724 kB
Dirty:               280 kB
Writeback:             0 kB
AnonPages:       1242276 kB
Mapped:           851764 kB
Shmem:             26772 kB
KReclaimable:     705020 kB
Slab:             224428 kB
SReclaimable:      79752 kB
SUnreclaim:       144676 kB
KernelStack:       46164 kB
PageTables:        62984 kB
NFS_Unstable:          0 kB
Bounce:                0 kB
WritebackTmp:          0 kB
CommitLimit:     9202288 kB
Committed_AS:   65973308 kB
VmallocTotal:   263061440 kB
VmallocUsed:      103164 kB
VmallocChunk:          0 kB
Percpu:             7648 kB
CmaTotal:         294912 kB
CmaFree:               0 kB
MemTotal:       12113132 kB
MemFree:         6426784 kB
MemAvailable:    8120904 kB
Buffers:            5936 kB
Cached:          1883140 kB
SwapCached:            0 kB
Active:          1482968 kB
Inactive:        1638624 kB
Active(anon):    1238960 kB
Inactive(anon):    24828 kB
Active(file):     244008 kB
Inactive(file):  1613796 kB
Unevictable:        5552 kB
Mlocked:            5552 kB
SwapTotal:       3145724 kB
SwapFree:        3145724 kB
Dirty:               312 kB
Writeback:             0 kB
AnonPages:       1238712 kB
Mapped:           851984 kB
Shmem:             26772 kB
KReclaimable:     705020 kB
Slab:             224496 kB
SReclaimable:      79752 kB
SUnreclaim:       144744 kB
KernelStack:       46160 kB
PageTables:        62744 kB
NFS_Unstable:          0 kB
Bounce:                0 kB
WritebackTmp:          0 kB
CommitLimit:     9202288 kB
Committed_AS:   65975028 kB
VmallocTotal:   263061440 kB
VmallocUsed:      103132 kB
VmallocChunk:          0 kB
Percpu:             7648 kB
CmaTotal:         294912 kB
CmaFree:              48 kB
MemTotal:       12113132 kB
MemFree:         6425992 kB
MemAvailable:    8120132 kB
Buffers:            5936 kB
Cached:          1883160 kB
SwapCached:            0 kB
Active:          1483700 kB
Inactive:        1638644 kB
Active(anon):    1239692 kB
Inactive(anon):    24828 kB
Active(file):     244008 kB
Inactive(file):  1613816 kB
Unevictable:        5552 kB
Mlocked:            5552 kB
SwapTotal:       3145724 kB
SwapFree:        3145724 kB
Dirty:               356 kB
Writeback:             0 kB
AnonPages:       1238820 kB
Mapped:           851836 kB
Shmem:             26772 kB
KReclaimable:     705020 kB
Slab:             224520 kB
SReclaimable:      79752 kB
SUnreclaim:       144768 kB
KernelStack:       46180 kB
PageTables:        62564 kB
NFS_Unstable:          0 kB
Bounce:                0 kB
WritebackTmp:          0 kB
CommitLimit:     9202288 kB
Committed_AS:   65971264 kB
VmallocTotal:   263061440 kB
VmallocUsed:      103132 kB
VmallocChunk:          0 kB
Percpu:             7648 kB
CmaTotal:         294912 kB
CmaFree:             236 kB
MemTotal:       12113132 kB
MemFree:         6426440 kB
MemAvailable:    8120596 kB
Buffers:            5940 kB
Cached:          1883172 kB
SwapCached:            0 kB
Active:          1484524 kB
Inactive:        1638660 kB
Active(anon):    1240516 kB
Inactive(anon):    24828 kB
Active(file):     244008 kB
Inactive(file):  1613832 kB
Unevictable:        5552 kB
Mlocked:            5552 kB
SwapTotal:       3145724 kB
SwapFree:        3145724 kB
Dirty:               372 kB
Writeback:             0 kB
AnonPages:       1239576 kB
Mapped:           851596 kB
Shmem:             26772 kB
KReclaimable:     705020 kB
Slab:             224452 kB
SReclaimable:      79752 kB
SUnreclaim:       144700 kB
KernelStack:       46196 kB
PageTables:        62580 kB
NFS_Unstable:          0 kB
Bounce:                0 kB
WritebackTmp:          0 kB
CommitLimit:     9202288 kB
Committed_AS:   65963164 kB
VmallocTotal:   263061440 kB
VmallocUsed:      103116 kB
VmallocChunk:          0 kB
Percpu:             7648 kB
CmaTotal:         294912 kB
CmaFree:               0 kB
MemTotal:       12113132 kB
MemFree:         6426936 kB
MemAvailable:    8121120 kB
Buffers:            5940 kB
Cached:          1883200 kB
SwapCached:            0 kB
Active:          1484916 kB
Inactive:        1638684 kB
Active(anon):    1240904 kB
Inactive(anon):    24828 kB
Active(file):     244012 kB
Inactive(file):  1613856 kB
Unevictable:        5552 kB
Mlocked:            5552 kB
SwapTotal:       3145724 kB
SwapFree:        3145724 kB
Dirty:               392 kB
Writeback:             0 kB
AnonPages:       1239984 kB
Mapped:           851984 kB
Shmem:             26772 kB
KReclaimable:     705020 kB
Slab:             224484 kB
SReclaimable:      79752 kB
SUnreclaim:       144732 kB
KernelStack:       46128 kB
PageTables:        62596 kB
NFS_Unstable:          0 kB
Bounce:                0 kB
WritebackTmp:          0 kB
CommitLimit:     9202288 kB
Committed_AS:   65968076 kB
VmallocTotal:   263061440 kB
VmallocUsed:      103116 kB
VmallocChunk:          0 kB
Percpu:             7648 kB
CmaTotal:         294912 kB
CmaFree:               0 kB
MemTotal:       12113132 kB
MemFree:         6427172 kB
MemAvailable:    8121368 kB
Buffers:            5940 kB
Cached:          1883216 kB
SwapCached:            0 kB
Active:          1486036 kB
Inactive:        1638700 kB
Active(anon):    1242024 kB
Inactive(anon):    24832 kB
Active(file):     244012 kB
Inactive(file):  1613868 kB
Unevictable:        5552 kB
Mlocked:            5552 kB
SwapTotal:       3145724 kB
SwapFree:        3145724 kB
Dirty:               416 kB
Writeback:             0 kB
AnonPages:       1241076 kB
Mapped:           851968 kB
Shmem:             26776 kB
KReclaimable:     705020 kB
Slab:             224508 kB
SReclaimable:      79752 kB
SUnreclaim:       144756 kB
KernelStack:       46180 kB
PageTables:        62500 kB
NFS_Unstable:          0 kB
Bounce:                0 kB
WritebackTmp:          0 kB
CommitLimit:     9202288 kB
Committed_AS:   65965204 kB
VmallocTotal:   263061440 kB
VmallocUsed:      103148 kB
VmallocChunk:          0 kB
Percpu:             7648 kB
CmaTotal:         294912 kB
CmaFree:               0 kB
MemTotal:       12113132 kB
MemFree:         6452144 kB
MemAvailable:    8146348 kB
Buffers:            5940 kB
Cached:          1883224 kB
SwapCached:            0 kB
Active:          1459952 kB
Inactive:        1638708 kB
Active(anon):    1215940 kB
Inactive(anon):    24832 kB
Active(file):     244012 kB
Inactive(file):  1613876 kB
Unevictable:        5552 kB
Mlocked:            5552 kB
SwapTotal:       3145724 kB
SwapFree:        3145724 kB
Dirty:               424 kB
Writeback:             0 kB
AnonPages:       1215128 kB
Mapped:           851952 kB
Shmem:             26776 kB
KReclaimable:     705020 kB
Slab:             224488 kB
SReclaimable:      79752 kB
SUnreclaim:       144736 kB
KernelStack:       46164 kB
PageTables:        62528 kB
NFS_Unstable:          0 kB
Bounce:                0 kB
WritebackTmp:          0 kB
CommitLimit:     9202288 kB
Committed_AS:   65966492 kB
VmallocTotal:   263061440 kB
VmallocUsed:      103148 kB
VmallocChunk:          0 kB
Percpu:             7648 kB
CmaTotal:         294912 kB
CmaFree:               0 kB
MemTotal:       12113132 kB
MemFree:         6451004 kB
MemAvailable:    8145220 kB
Buffers:            5940 kB
Cached:          1883236 kB
SwapCached:            0 kB
Active:          1460384 kB
Inactive:        1638720 kB
Active(anon):    1216372 kB
Inactive(anon):    24832 kB
Active(file):     244012 kB
Inactive(file):  1613888 kB
Unevictable:        5552 kB
Mlocked:            5552 kB
SwapTotal:       3145724 kB
SwapFree:        3145724 kB
Dirty:               436 kB
Writeback:             0 kB
AnonPages:       1215588 kB
Mapped:           851912 kB
Shmem:             26776 kB
KReclaimable:     705020 kB
Slab:             224520 kB
SReclaimable:      79752 kB
SUnreclaim:       144768 kB
KernelStack:       46112 kB
PageTables:        62648 kB
NFS_Unstable:          0 kB
Bounce:                0 kB
WritebackTmp:          0 kB
CommitLimit:     9202288 kB
Committed_AS:   65964376 kB
VmallocTotal:   263061440 kB
VmallocUsed:      103116 kB
VmallocChunk:          0 kB
Percpu:             7648 kB
CmaTotal:         294912 kB
CmaFree:               0 kB
MemTotal:       12113132 kB
MemFree:         6451164 kB
MemAvailable:    8145392 kB
Buffers:            5940 kB
Cached:          1883248 kB
SwapCached:            0 kB
Active:          1460924 kB
Inactive:        1638732 kB
Active(anon):    1216912 kB
Inactive(anon):    24832 kB
Active(file):     244012 kB
Inactive(file):  1613900 kB
Unevictable:        5552 kB
Mlocked:            5552 kB
SwapTotal:       3145724 kB
SwapFree:        3145724 kB
Dirty:               460 kB
Writeback:             0 kB
AnonPages:       1215872 kB
Mapped:           852052 kB
Shmem:             26776 kB
KReclaimable:     705020 kB
Slab:             224440 kB
SReclaimable:      79752 kB
SUnreclaim:       144688 kB
KernelStack:       46144 kB
PageTables:        62644 kB
NFS_Unstable:          0 kB
Bounce:                0 kB
WritebackTmp:          0 kB
CommitLimit:     9202288 kB
Committed_AS:   65965164 kB
VmallocTotal:   263061440 kB
VmallocUsed:      103116 kB
VmallocChunk:          0 kB
Percpu:             7648 kB
CmaTotal:         294912 kB
CmaFree:               0 kB
MemTotal:       12113132 kB
MemFree:         6462788 kB
MemAvailable:    8157032 kB
Buffers:            5940 kB
Cached:          1883264 kB
SwapCached:            0 kB
Active:          1447932 kB
Inactive:        1638748 kB
Active(anon):    1203920 kB
Inactive(anon):    24832 kB
Active(file):     244012 kB
Inactive(file):  1613916 kB
Unevictable:        5552 kB
Mlocked:            5552 kB
SwapTotal:       3145724 kB
SwapFree:        3145724 kB
Dirty:               512 kB
Writeback:             0 kB
AnonPages:       1203272 kB
Mapped:           851912 kB
Shmem:             26776 kB
KReclaimable:     705020 kB
Slab:             224548 kB
SReclaimable:      79752 kB
SUnreclaim:       144796 kB
KernelStack:       46164 kB
PageTables:        62548 kB
NFS_Unstable:          0 kB
Bounce:                0 kB
WritebackTmp:          0 kB
CommitLimit:     9202288 kB
Committed_AS:   65964892 kB
VmallocTotal:   263061440 kB
VmallocUsed:      103148 kB
VmallocChunk:          0 kB
Percpu:             7648 kB
CmaTotal:         294912 kB
CmaFree:             456 kB
MemTotal:       12113132 kB
MemFree:         6462864 kB
MemAvailable:    8157128 kB
Buffers:            5940 kB
Cached:          1883284 kB
SwapCached:            0 kB
Active:          1448804 kB
Inactive:        1638768 kB
Active(anon):    1204792 kB
Inactive(anon):    24832 kB
Active(file):     244012 kB
Inactive(file):  1613936 kB
Unevictable:        5552 kB
Mlocked:            5552 kB
SwapTotal:       3145724 kB
SwapFree:        3145724 kB
Dirty:               544 kB
Writeback:             0 kB
AnonPages:       1203764 kB
Mapped:           851908 kB
Shmem:             26776 kB
KReclaimable:     705020 kB
Slab:             224460 kB
SReclaimable:      79752 kB
SUnreclaim:       144708 kB
KernelStack:       46228 kB
PageTables:        62524 kB
NFS_Unstable:          0 kB
Bounce:                0 kB
WritebackTmp:          0 kB
CommitLimit:     9202288 kB
Committed_AS:   65964856 kB
VmallocTotal:   263061440 kB
VmallocUsed:      103148 kB
VmallocChunk:          0 kB
Percpu:             7648 kB
CmaTotal:         294912 kB
CmaFree:              64 kB
MemTotal:       12113132 kB
MemFree:         6462008 kB
MemAvailable:    8156280 kB
Buffers:            5940 kB
Cached:          1883292 kB
SwapCached:            0 kB
Active:          1449196 kB
Inactive:        1638776 kB
Active(anon):    1205184 kB
Inactive(anon):    24832 kB
Active(file):     244012 kB
Inactive(file):  1613944 kB
Unevictable:        5552 kB
Mlocked:            5552 kB
SwapTotal:       3145724 kB
SwapFree:        3145724 kB
Dirty:               616 kB
Writeback:             0 kB
AnonPages:       1204596 kB
Mapped:           851844 kB
Shmem:             26776 kB
KReclaimable:     705020 kB
Slab:             224540 kB
SReclaimable:      79752 kB
SUnreclaim:       144788 kB
KernelStack:       46168 kB
PageTables:        62868 kB
NFS_Unstable:          0 kB
Bounce:                0 kB
WritebackTmp:          0 kB
CommitLimit:     9202288 kB
Committed_AS:   65974792 kB
VmallocTotal:   263061440 kB
VmallocUsed:      103180 kB
VmallocChunk:          0 kB
Percpu:             7648 kB
CmaTotal:         294912 kB
CmaFree:               0 kB
MemTotal:       12113132 kB
MemFree:         6462624 kB
MemAvailable:    8156900 kB
Buffers:            5940 kB
Cached:          1883296 kB
SwapCached:            0 kB
Active:          1449444 kB
Inactive:        1638780 kB
Active(anon):    1205432 kB
Inactive(anon):    24832 kB
Active(file):     244012 kB
Inactive(file):  1613948 kB
Unevictable:        5552 kB
Mlocked:            5552 kB
SwapTotal:       3145724 kB
SwapFree:        3145724 kB
Dirty:               620 kB
Writeback:             0 kB
AnonPages:       1204388 kB
Mapped:           852056 kB
Shmem:             26776 kB
KReclaimable:     705020 kB
Slab:             224428 kB
SReclaimable:      79752 kB
SUnreclaim:       144676 kB
KernelStack:       46176 kB
PageTables:        62724 kB
NFS_Unstable:          0 kB
Bounce:                0 kB
WritebackTmp:          0 kB
CommitLimit:     9202288 kB
Committed_AS:   65974752 kB
VmallocTotal:   263061440 kB
VmallocUsed:      103132 kB
VmallocChunk:          0 kB
Percpu:             7648 kB
CmaTotal:         294912 kB
CmaFree:               0 kB
MemTotal:       12113132 kB
MemFree:         6461724 kB
MemAvailable:    8156028 kB
Buffers:            5940 kB
Cached:          1883324 kB
SwapCached:            0 kB
Active:          1449764 kB
Inactive:        1638808 kB
Active(anon):    1205752 kB
Inactive(anon):    24832 kB
Active(file):     244012 kB
Inactive(file):  1613976 kB
Unevictable:        5552 kB
Mlocked:            5552 kB
SwapTotal:       3145724 kB
SwapFree:        3145724 kB
Dirty:               664 kB
Writeback:             0 kB
AnonPages:       1204812 kB
Mapped:           851912 kB
Shmem:             26776 kB
KReclaimable:     705020 kB
Slab:             224528 kB
SReclaimable:      79752 kB
SUnreclaim:       144776 kB
KernelStack:       46180 kB
PageTables:        62924 kB
NFS_Unstable:          0 kB
Bounce:                0 kB
WritebackTmp:          0 kB
CommitLimit:     9202288 kB
Committed_AS:   65974456 kB
VmallocTotal:   263061440 kB
VmallocUsed:      103148 kB
VmallocChunk:          0 kB
Percpu:             7648 kB
CmaTotal:         294912 kB
CmaFree:               0 kB
MemTotal:       12113132 kB
MemFree:         6461444 kB
MemAvailable:    8155756 kB
Buffers:            5940 kB
Cached:          1883332 kB
SwapCached:            0 kB
Active:          1449960 kB
Inactive:        1638816 kB
Active(anon):    1205948 kB
Inactive(anon):    24832 kB
Active(file):     244012 kB
Inactive(file):  1613984 kB
Unevictable:        5552 kB
Mlocked:            5552 kB
SwapTotal:       3145724 kB
SwapFree:        3145724 kB
Dirty:               688 kB
Writeback:             0 kB
AnonPages:       1205088 kB
Mapped:           851840 kB
Shmem:             26776 kB
KReclaimable:     705020 kB
Slab:             224444 kB
SReclaimable:      79752 kB
SUnreclaim:       144692 kB
KernelStack:       46164 kB
PageTables:        62928 kB
NFS_Unstable:          0 kB
Bounce:                0 kB
WritebackTmp:          0 kB
CommitLimit:     9202288 kB
Committed_AS:   65979500 kB
VmallocTotal:   263061440 kB
VmallocUsed:      103180 kB
VmallocChunk:          0 kB
Percpu:             7648 kB
CmaTotal:         294912 kB
CmaFree:              28 kB
MemTotal:       12113132 kB
MemFree:         6460764 kB
MemAvailable:    8155096 kB
Buffers:            5940 kB
Cached:          1883364 kB
SwapCached:            0 kB
Active:          1451400 kB
Inactive:        1638848 kB
Active(anon):    1207388 kB
Inactive(anon):    24844 kB
Active(file):     244012 kB
Inactive(file):  1614004 kB
Unevictable:        5552 kB
Mlocked:            5552 kB
SwapTotal:       3145724 kB
SwapFree:        3145724 kB
Dirty:               708 kB
Writeback:             0 kB
AnonPages:       1205884 kB
Mapped:           851924 kB
Shmem:             26788 kB
KReclaimable:     705020 kB
Slab:             224540 kB
SReclaimable:      79752 kB
SUnreclaim:       144788 kB
KernelStack:       46160 kB
PageTables:        62604 kB
NFS_Unstable:          0 kB
Bounce:                0 kB
WritebackTmp:          0 kB
CommitLimit:     9202288 kB
Committed_AS:   65975788 kB
VmallocTotal:   263061440 kB
VmallocUsed:      103148 kB
VmallocChunk:          0 kB
Percpu:             7648 kB
CmaTotal:         294912 kB
CmaFree:              12 kB
MemTotal:       12113132 kB
MemFree:         6460644 kB
MemAvailable:    8154976 kB
Buffers:            5940 kB
Cached:          1883364 kB
SwapCached:            0 kB
Active:          1451796 kB
Inactive:        1638848 kB
Active(anon):    1207784 kB
Inactive(anon):    24844 kB
Active(file):     244012 kB
Inactive(file):  1614004 kB
Unevictable:        5552 kB
Mlocked:            5552 kB
SwapTotal:       3145724 kB
SwapFree:        3145724 kB
Dirty:               708 kB
Writeback:             0 kB
AnonPages:       1206700 kB
Mapped:           852000 kB
Shmem:             26788 kB
KReclaimable:     705020 kB
Slab:             224456 kB
SReclaimable:      79752 kB
SUnreclaim:       144704 kB
KernelStack:       46196 kB
PageTables:        62592 kB
NFS_Unstable:          0 kB
Bounce:                0 kB
WritebackTmp:          0 kB
CommitLimit:     9202288 kB
Committed_AS:   65980116 kB
VmallocTotal:   263061440 kB
VmallocUsed:      103116 kB
VmallocChunk:          0 kB
Percpu:             7648 kB
CmaTotal:         294912 kB
CmaFree:               0 kB
MemTotal:       12113132 kB
MemFree:         6459628 kB
MemAvailable:    8153980 kB
Buffers:            5940 kB
Cached:          1883384 kB
SwapCached:            0 kB
Active:          1452404 kB
Inactive:        1638868 kB
Active(anon):    1208392 kB
Inactive(anon):    24844 kB
Active(file):     244012 kB
Inactive(file):  1614024 kB
Unevictable:        5552 kB
Mlocked:            5552 kB
SwapTotal:       3145724 kB
SwapFree:        3145724 kB
Dirty:               740 kB
Writeback:             0 kB
AnonPages:       1207428 kB
Mapped:           851856 kB
Shmem:             26788 kB
KReclaimable:     705020 kB
Slab:             224516 kB
SReclaimable:      79752 kB
SUnreclaim:       144764 kB
KernelStack:       46084 kB
PageTables:        62868 kB
NFS_Unstable:          0 kB
Bounce:                0 kB
WritebackTmp:          0 kB
CommitLimit:     9202288 kB
Committed_AS:   65980124 kB
VmallocTotal:   263061440 kB
VmallocUsed:      103084 kB
VmallocChunk:          0 kB
Percpu:             7648 kB
CmaTotal:         294912 kB
CmaFree:               0 kB
MemTotal:       12113132 kB
MemFree:         6459168 kB
MemAvailable:    8153532 kB
Buffers:            5944 kB
Cached:          1883392 kB
SwapCached:            0 kB
Active:          1452828 kB
Inactive:        1638876 kB
Active(anon):    1208812 kB
Inactive(anon):    24844 kB
Active(file):     244016 kB
Inactive(file):  1614032 kB
Unevictable:        5552 kB
Mlocked:            5552 kB
SwapTotal:       3145724 kB
SwapFree:        3145724 kB
Dirty:               748 kB
Writeback:             0 kB
AnonPages:       1207912 kB
Mapped:           851952 kB
Shmem:             26788 kB
KReclaimable:     705020 kB
Slab:             224476 kB
SReclaimable:      79752 kB
SUnreclaim:       144724 kB
KernelStack:       46132 kB
PageTables:        62576 kB
NFS_Unstable:          0 kB
Bounce:                0 kB
WritebackTmp:          0 kB
CommitLimit:     9202288 kB
Committed_AS:   65979980 kB
VmallocTotal:   263061440 kB
VmallocUsed:      103084 kB
VmallocChunk:          0 kB
Percpu:             7648 kB
CmaTotal:         294912 kB
CmaFree:               0 kB
MemTotal:       12113132 kB
MemFree:         6457580 kB
MemAvailable:    8152008 kB
Buffers:            5944 kB
Cached:          1883456 kB
SwapCached:            0 kB
Active:          1453588 kB
Inactive:        1638932 kB
Active(anon):    1209564 kB
Inactive(anon):    24844 kB
Active(file):     244024 kB
Inactive(file):  1614088 kB
Unevictable:        5552 kB
Mlocked:            5552 kB
SwapTotal:       3145724 kB
SwapFree:        3145724 kB
Dirty:               744 kB
Writeback:             0 kB
AnonPages:       1208588 kB
Mapped:           851996 kB
Shmem:             26788 kB
KReclaimable:     705020 kB
Slab:             224564 kB
SReclaimable:      79752 kB
SUnreclaim:       144812 kB
KernelStack:       46064 kB
PageTables:        62588 kB
NFS_Unstable:          0 kB
Bounce:                0 kB
WritebackTmp:          0 kB
CommitLimit:     9202288 kB
Committed_AS:   65979876 kB
VmallocTotal:   263061440 kB
VmallocUsed:      103052 kB
VmallocChunk:          0 kB
Percpu:             7648 kB
CmaTotal:         294912 kB
CmaFree:               0 kB
MemTotal:       12113132 kB
MemFree:         6429688 kB
MemAvailable:    8124100 kB
Buffers:            5944 kB
Cached:          1892284 kB
SwapCached:            0 kB
Active:          1475244 kB
Inactive:        1647772 kB
Active(anon):    1231228 kB
Inactive(anon):    33692 kB
Active(file):     244016 kB
Inactive(file):  1614080 kB
Unevictable:        5552 kB
Mlocked:            5552 kB
SwapTotal:       3145724 kB
SwapFree:        3145724 kB
Dirty:               768 kB
Writeback:             0 kB
AnonPages:       1230684 kB
Mapped:           860764 kB
Shmem:             35632 kB
KReclaimable:     705020 kB
Slab:             224484 kB
SReclaimable:      79752 kB
SUnreclaim:       144732 kB
KernelStack:       46084 kB
PageTables:        62944 kB
NFS_Unstable:          0 kB
Bounce:                0 kB
WritebackTmp:          0 kB
CommitLimit:     9202288 kB
Committed_AS:   65989056 kB
VmallocTotal:   263061440 kB
VmallocUsed:      103068 kB
VmallocChunk:          0 kB
Percpu:             7648 kB
CmaTotal:         294912 kB
CmaFree:               0 kB
MemTotal:       12113132 kB
MemFree:         6418956 kB
MemAvailable:    8113372 kB
Buffers:            5944 kB
Cached:          1883608 kB
SwapCached:            0 kB
Active:          1491700 kB
Inactive:        1638868 kB
Active(anon):    1247684 kB
Inactive(anon):    24784 kB
Active(file):     244016 kB
Inactive(file):  1614084 kB
Unevictable:        5552 kB
Mlocked:            5552 kB
SwapTotal:       3145724 kB
SwapFree:        3145724 kB
Dirty:               776 kB
Writeback:             0 kB
AnonPages:       1246720 kB
Mapped:           851868 kB
Shmem:             26952 kB
KReclaimable:     705020 kB
Slab:             224532 kB
SReclaimable:      79752 kB
SUnreclaim:       144780 kB
KernelStack:       46084 kB
PageTables:        62560 kB
NFS_Unstable:          0 kB
Bounce:                0 kB
WritebackTmp:          0 kB
CommitLimit:     9202288 kB
Committed_AS:   65980088 kB
VmallocTotal:   263061440 kB
VmallocUsed:      103068 kB
VmallocChunk:          0 kB
Percpu:             7648 kB
CmaTotal:         294912 kB
CmaFree:               0 kB
MemTotal:       12113132 kB
MemFree:         6419092 kB
MemAvailable:    8113528 kB
Buffers:            5944 kB
Cached:          1883464 kB
SwapCached:            0 kB
Active:          1492264 kB
Inactive:        1638948 kB
Active(anon):    1248248 kB
Inactive(anon):    24844 kB
Active(file):     244016 kB
Inactive(file):  1614104 kB
Unevictable:        5552 kB
Mlocked:            5552 kB
SwapTotal:       3145724 kB
SwapFree:        3145724 kB
Dirty:               796 kB
Writeback:             0 kB
AnonPages:       1246960 kB
Mapped:           852024 kB
Shmem:             26788 kB
KReclaimable:     705020 kB
Slab:             224508 kB
SReclaimable:      79752 kB
SUnreclaim:       144756 kB
KernelStack:       46100 kB
PageTables:        62532 kB
NFS_Unstable:          0 kB
Bounce:                0 kB
WritebackTmp:          0 kB
CommitLimit:     9202288 kB
Committed_AS:   65979780 kB
VmallocTotal:   263061440 kB
VmallocUsed:      103020 kB
VmallocChunk:          0 kB
Percpu:             7648 kB
CmaTotal:         294912 kB
CmaFree:               0 kB
MemTotal:       12113132 kB
MemFree:         6420304 kB
MemAvailable:    8114760 kB
Buffers:            5944 kB
Cached:          1883484 kB
SwapCached:            0 kB
Active:          1491128 kB
Inactive:        1638964 kB
Active(anon):    1247108 kB
Inactive(anon):    24844 kB
Active(file):     244020 kB
Inactive(file):  1614120 kB
Unevictable:        5552 kB
Mlocked:            5552 kB
SwapTotal:       3145724 kB
SwapFree:        3145724 kB
Dirty:               828 kB
Writeback:             0 kB
AnonPages:       1246528 kB
Mapped:           852012 kB
Shmem:             26788 kB
KReclaimable:     705020 kB
Slab:             224524 kB
SReclaimable:      79752 kB
SUnreclaim:       144772 kB
KernelStack:       46084 kB
PageTables:        62872 kB
NFS_Unstable:          0 kB
Bounce:                0 kB
WritebackTmp:          0 kB
CommitLimit:     9202288 kB
Committed_AS:   65979632 kB
VmallocTotal:   263061440 kB
VmallocUsed:      103036 kB
VmallocChunk:          0 kB
Percpu:             7648 kB
CmaTotal:         294912 kB
CmaFree:             168 kB
MemTotal:       12113132 kB
MemFree:         6420312 kB
MemAvailable:    8114776 kB
Buffers:            5944 kB
Cached:          1883492 kB
SwapCached:            0 kB
Active:          1491356 kB
Inactive:        1638972 kB
Active(anon):    1247336 kB
Inactive(anon):    24844 kB
Active(file):     244020 kB
Inactive(file):  1614128 kB
Unevictable:        5552 kB
Mlocked:            5552 kB
SwapTotal:       3145724 kB
SwapFree:        3145724 kB
Dirty:               836 kB
Writeback:             0 kB
AnonPages:       1246656 kB
Mapped:           852080 kB
Shmem:             26788 kB
KReclaimable:     705020 kB
Slab:             224528 kB
SReclaimable:      79752 kB
SUnreclaim:       144776 kB
KernelStack:       46068 kB
PageTables:        62924 kB
NFS_Unstable:          0 kB
Bounce:                0 kB
WritebackTmp:          0 kB
CommitLimit:     9202288 kB
Committed_AS:   65979460 kB
VmallocTotal:   263061440 kB
VmallocUsed:      103052 kB
VmallocChunk:          0 kB
Percpu:             7648 kB
CmaTotal:         294912 kB
CmaFree:               0 kB
MemTotal:       12113132 kB
MemFree:         6454564 kB
MemAvailable:    8149036 kB
Buffers:            5944 kB
Cached:          1883508 kB
SwapCached:            0 kB
Active:          1456592 kB
Inactive:        1638988 kB
Active(anon):    1212572 kB
Inactive(anon):    24852 kB
Active(file):     244020 kB
Inactive(file):  1614136 kB
Unevictable:        5552 kB
Mlocked:            5552 kB
SwapTotal:       3145724 kB
SwapFree:        3145724 kB
Dirty:               844 kB
Writeback:             0 kB
AnonPages:       1211616 kB
Mapped:           852024 kB
Shmem:             26796 kB
KReclaimable:     705020 kB
Slab:             224528 kB
SReclaimable:      79752 kB
SUnreclaim:       144776 kB
KernelStack:       46068 kB
PageTables:        62868 kB
NFS_Unstable:          0 kB
Bounce:                0 kB
WritebackTmp:          0 kB
CommitLimit:     9202288 kB
Committed_AS:   65979284 kB
VmallocTotal:   263061440 kB
VmallocUsed:      103052 kB
VmallocChunk:          0 kB
Percpu:             7648 kB
CmaTotal:         294912 kB
CmaFree:              44 kB
MemTotal:       12113132 kB
MemFree:         6455400 kB
MemAvailable:    8149904 kB
Buffers:            5944 kB
Cached:          1883540 kB
SwapCached:            0 kB
Active:          1456348 kB
Inactive:        1639016 kB
Active(anon):    1212324 kB
Inactive(anon):    24852 kB
Active(file):     244024 kB
Inactive(file):  1614164 kB
Unevictable:        5552 kB
Mlocked:            5552 kB
SwapTotal:       3145724 kB
SwapFree:        3145724 kB
Dirty:               888 kB
Writeback:             0 kB
AnonPages:       1211696 kB
Mapped:           852092 kB
Shmem:             26796 kB
KReclaimable:     705020 kB
Slab:             224516 kB
SReclaimable:      79752 kB
SUnreclaim:       144764 kB
KernelStack:       46052 kB
PageTables:        62544 kB
NFS_Unstable:          0 kB
Bounce:                0 kB
WritebackTmp:          0 kB
CommitLimit:     9202288 kB
Committed_AS:   65979156 kB
VmallocTotal:   263061440 kB
VmallocUsed:      103068 kB
VmallocChunk:          0 kB
Percpu:             7648 kB
CmaTotal:         294912 kB
CmaFree:              64 kB
MemTotal:       12113132 kB
MemFree:         6454784 kB
MemAvailable:    8149264 kB
Buffers:            5944 kB
Cached:          1883516 kB
SwapCached:            0 kB
Active:          1457008 kB
Inactive:        1639004 kB
Active(anon):    1212996 kB
Inactive(anon):    24852 kB
Active(file):     244012 kB
Inactive(file):  1614152 kB
Unevictable:        5552 kB
Mlocked:            5552 kB
SwapTotal:       3145724 kB
SwapFree:        3145724 kB
Dirty:               868 kB
Writeback:             0 kB
AnonPages:       1212152 kB
Mapped:           852020 kB
Shmem:             26796 kB
KReclaimable:     705020 kB
Slab:             224524 kB
SReclaimable:      79752 kB
SUnreclaim:       144772 kB
KernelStack:       46052 kB
PageTables:        62880 kB
NFS_Unstable:          0 kB
Bounce:                0 kB
WritebackTmp:          0 kB
CommitLimit:     9202288 kB
Committed_AS:   65979592 kB
VmallocTotal:   263061440 kB
VmallocUsed:      103068 kB
