MemTotal:        7922396 kB
MemFree:          177172 kB
MemAvailable:    4057020 kB
Buffers:           56388 kB
Cached:          4019904 kB
SwapCached:            0 kB
Active:           466368 kB
Inactive:        5201612 kB
Active(anon):       6320 kB
Inactive(anon):  1609580 kB
Active(file):     460048 kB
Inactive(file):  3592032 kB
Unevictable:        6088 kB
Mlocked:            5648 kB
SwapTotal:       4718584 kB
SwapFree:        4717560 kB
Dirty:             46344 kB
Writeback:             0 kB
AnonPages:       1598180 kB
Mapped:           792676 kB
Shmem:             19572 kB
KReclaimable:     193524 kB
Slab:             297216 kB
SReclaimable:      78948 kB
SUnreclaim:       218268 kB
KernelStack:       46560 kB
ShadowCallStack:   11644 kB
PageTables:        66652 kB
NFS_Unstable:          0 kB
Bounce:                0 kB
WritebackTmp:          0 kB
CommitLimit:     8679780 kB
Committed_AS:   73792456 kB
VmallocTotal:   263061440 kB
VmallocUsed:      127740 kB
VmallocChunk:          0 kB
Percpu:             6264 kB
CmaTotal:         405504 kB
CmaFree:               4 kB
MemTotal:        7922396 kB
MemFree:          172052 kB
MemAvailable:    3836512 kB
Buffers:           56444 kB
Cached:          3831664 kB
SwapCached:            0 kB
Active:           467888 kB
Inactive:        5049040 kB
Active(anon):       6676 kB
Inactive(anon):  1646632 kB
Active(file):     461212 kB
Inactive(file):  3402408 kB
Unevictable:        6088 kB
Mlocked:            5648 kB
SwapTotal:       4718584 kB
SwapFree:        4717560 kB
Dirty:             46464 kB
Writeback:             4 kB
AnonPages:       1634904 kB
Mapped:           926084 kB
Shmem:             19888 kB
KReclaimable:     139672 kB
Slab:             298116 kB
SReclaimable:      79424 kB
SUnreclaim:       218692 kB
KernelStack:       47024 kB
ShadowCallStack:   11776 kB
PageTables:        68116 kB
NFS_Unstable:          0 kB
Bounce:                0 kB
WritebackTmp:          0 kB
CommitLimit:     8679780 kB
Committed_AS:   73836464 kB
VmallocTotal:   263061440 kB
VmallocUsed:      128352 kB
VmallocChunk:          0 kB
Percpu:             6264 kB
CmaTotal:         405504 kB
CmaFree:               0 kB
MemTotal:        7922396 kB
MemFree:          221844 kB
MemAvailable:    3344304 kB
Buffers:           56472 kB
Cached:          3315252 kB
SwapCached:            0 kB
Active:           478840 kB
Inactive:        4593352 kB
Active(anon):      17424 kB
Inactive(anon):  1707660 kB
Active(file):     461416 kB
Inactive(file):  2885692 kB
Unevictable:        6088 kB
Mlocked:            5648 kB
SwapTotal:       4718584 kB
SwapFree:        4717560 kB
Dirty:             46496 kB
Writeback:             0 kB
AnonPages:       1706592 kB
Mapped:           997300 kB
Shmem:             20016 kB
KReclaimable:      88692 kB
Slab:             299244 kB
SReclaimable:      79176 kB
SUnreclaim:       220068 kB
KernelStack:       47056 kB
ShadowCallStack:   11796 kB
PageTables:        68656 kB
NFS_Unstable:          0 kB
Bounce:                0 kB
WritebackTmp:          0 kB
CommitLimit:     8679780 kB
Committed_AS:   73894036 kB
VmallocTotal:   263061440 kB
VmallocUsed:      128428 kB
VmallocChunk:          0 kB
Percpu:             6264 kB
CmaTotal:         405504 kB
CmaFree:               0 kB
MemTotal:        7922396 kB
MemFree:          258080 kB
MemAvailable:    3380572 kB
Buffers:           56472 kB
Cached:          3315252 kB
SwapCached:            0 kB
Active:           478840 kB
Inactive:        4558268 kB
Active(anon):      17420 kB
Inactive(anon):  1672580 kB
Active(file):     461420 kB
Inactive(file):  2885688 kB
Unevictable:        6088 kB
Mlocked:            5648 kB
SwapTotal:       4718584 kB
SwapFree:        4717560 kB
Dirty:             46188 kB
Writeback:             4 kB
AnonPages:       1671516 kB
Mapped:           998096 kB
Shmem:             20016 kB
KReclaimable:      88760 kB
Slab:             299500 kB
SReclaimable:      79176 kB
SUnreclaim:       220324 kB
KernelStack:       47072 kB
ShadowCallStack:   11788 kB
PageTables:        68776 kB
NFS_Unstable:          0 kB
Bounce:                0 kB
WritebackTmp:          0 kB
CommitLimit:     8679780 kB
Committed_AS:   73894040 kB
VmallocTotal:   263061440 kB
VmallocUsed:      128440 kB
VmallocChunk:          0 kB
Percpu:             6264 kB
CmaTotal:         405504 kB
CmaFree:               0 kB
MemTotal:        7922396 kB
MemFree:          258032 kB
MemAvailable:    3380592 kB
Buffers:           56472 kB
Cached:          3315324 kB
SwapCached:            0 kB
Active:           478840 kB
Inactive:        4558608 kB
Active(anon):      17420 kB
Inactive(anon):  1672852 kB
Active(file):     461420 kB
Inactive(file):  2885756 kB
Unevictable:        6088 kB
Mlocked:            5648 kB
SwapTotal:       4718584 kB
SwapFree:        4717560 kB
Dirty:             46348 kB
Writeback:             0 kB
AnonPages:       1671948 kB
Mapped:           998472 kB
Shmem:             20020 kB
KReclaimable:      88760 kB
Slab:             299360 kB
SReclaimable:      79176 kB
SUnreclaim:       220184 kB
KernelStack:       46976 kB
ShadowCallStack:   11788 kB
PageTables:        68688 kB
NFS_Unstable:          0 kB
Bounce:                0 kB
WritebackTmp:          0 kB
CommitLimit:     8679780 kB
Committed_AS:   73894000 kB
VmallocTotal:   263061440 kB
VmallocUsed:      128428 kB
VmallocChunk:          0 kB
Percpu:             6264 kB
CmaTotal:         405504 kB
CmaFree:               0 kB
MemTotal:        7922396 kB
MemFree:          260700 kB
MemAvailable:    3383260 kB
Buffers:           56472 kB
Cached:          3315324 kB
SwapCached:            0 kB
Active:           478828 kB
Inactive:        4553984 kB
Active(anon):      17404 kB
Inactive(anon):  1668232 kB
Active(file):     461424 kB
Inactive(file):  2885752 kB
Unevictable:        6088 kB
Mlocked:            5648 kB
SwapTotal:       4718584 kB
SwapFree:        4717560 kB
Dirty:             46352 kB
Writeback:             0 kB
AnonPages:       1667160 kB
Mapped:           998728 kB
Shmem:             20020 kB
KReclaimable:      88760 kB
Slab:             299440 kB
SReclaimable:      79176 kB
SUnreclaim:       220264 kB
KernelStack:       46912 kB
ShadowCallStack:   11752 kB
PageTables:        68732 kB
NFS_Unstable:          0 kB
Bounce:                0 kB
WritebackTmp:          0 kB
CommitLimit:     8679780 kB
Committed_AS:   73893964 kB
VmallocTotal:   263061440 kB
VmallocUsed:      128248 kB
VmallocChunk:          0 kB
Percpu:             6264 kB
CmaTotal:         405504 kB
CmaFree:               0 kB
MemTotal:        7922396 kB
MemFree:          260712 kB
MemAvailable:    3383272 kB
Buffers:           56472 kB
Cached:          3315324 kB
SwapCached:            0 kB
Active:           478828 kB
Inactive:        4554500 kB
Active(anon):      17404 kB
Inactive(anon):  1668748 kB
Active(file):     461424 kB
Inactive(file):  2885752 kB
Unevictable:        6088 kB
Mlocked:            5648 kB
SwapTotal:       4718584 kB
SwapFree:        4717560 kB
Dirty:             46352 kB
Writeback:             0 kB
AnonPages:       1667856 kB
Mapped:           998940 kB
Shmem:             20020 kB
KReclaimable:      88760 kB
Slab:             299516 kB
SReclaimable:      79176 kB
SUnreclaim:       220340 kB
KernelStack:       46896 kB
ShadowCallStack:   11760 kB
PageTables:        68456 kB
NFS_Unstable:          0 kB
Bounce:                0 kB
WritebackTmp:          0 kB
CommitLimit:     8679780 kB
Committed_AS:   73893964 kB
VmallocTotal:   263061440 kB
VmallocUsed:      128240 kB
VmallocChunk:          0 kB
Percpu:             6264 kB
CmaTotal:         405504 kB
CmaFree:               0 kB
MemTotal:        7922396 kB
MemFree:          259452 kB
MemAvailable:    3382020 kB
Buffers:           56480 kB
Cached:          3315324 kB
SwapCached:            0 kB
Active:           478832 kB
Inactive:        4555052 kB
Active(anon):      17400 kB
Inactive(anon):  1669300 kB
Active(file):     461432 kB
Inactive(file):  2885752 kB
Unevictable:        6088 kB
Mlocked:            5648 kB
SwapTotal:       4718584 kB
SwapFree:        4717560 kB
Dirty:             46416 kB
Writeback:             0 kB
AnonPages:       1668248 kB
Mapped:           999112 kB
Shmem:             20020 kB
KReclaimable:      88756 kB
Slab:             299504 kB
SReclaimable:      79172 kB
SUnreclaim:       220332 kB
KernelStack:       46896 kB
ShadowCallStack:   11744 kB
PageTables:        68644 kB
NFS_Unstable:          0 kB
Bounce:                0 kB
WritebackTmp:          0 kB
CommitLimit:     8679780 kB
Committed_AS:   73893964 kB
VmallocTotal:   263061440 kB
VmallocUsed:      128232 kB
VmallocChunk:          0 kB
Percpu:             6264 kB
CmaTotal:         405504 kB
CmaFree:               0 kB
MemTotal:        7922396 kB
MemFree:          263868 kB
MemAvailable:    3386432 kB
Buffers:           56480 kB
Cached:          3315464 kB
SwapCached:            0 kB
Active:           478848 kB
Inactive:        4550784 kB
Active(anon):      17416 kB
Inactive(anon):  1665032 kB
Active(file):     461432 kB
Inactive(file):  2885752 kB
Unevictable:        6088 kB
Mlocked:            5648 kB
SwapTotal:       4718584 kB
SwapFree:        4717560 kB
Dirty:             46428 kB
Writeback:             0 kB
AnonPages:       1663812 kB
Mapped:           999328 kB
Shmem:             20160 kB
KReclaimable:      88752 kB
Slab:             299588 kB
SReclaimable:      79168 kB
SUnreclaim:       220420 kB
KernelStack:       46880 kB
ShadowCallStack:   11760 kB
PageTables:        68532 kB
NFS_Unstable:          0 kB
Bounce:                0 kB
WritebackTmp:          0 kB
CommitLimit:     8679780 kB
Committed_AS:   73894060 kB
VmallocTotal:   263061440 kB
VmallocUsed:      128244 kB
VmallocChunk:          0 kB
Percpu:             6264 kB
CmaTotal:         405504 kB
CmaFree:               0 kB
MemTotal:        7922396 kB
MemFree:          263456 kB
MemAvailable:    3386100 kB
Buffers:           56480 kB
Cached:          3315472 kB
SwapCached:            0 kB
Active:           478852 kB
Inactive:        4550828 kB
Active(anon):      17400 kB
Inactive(anon):  1665096 kB
Active(file):     461452 kB
Inactive(file):  2885732 kB
Unevictable:        6088 kB
Mlocked:            5648 kB
SwapTotal:       4718584 kB
SwapFree:        4717560 kB
Dirty:             46468 kB
Writeback:             0 kB
AnonPages:       1663852 kB
Mapped:           999488 kB
Shmem:             20168 kB
KReclaimable:      88912 kB
Slab:             299808 kB
SReclaimable:      79328 kB
SUnreclaim:       220480 kB
KernelStack:       46800 kB
ShadowCallStack:   11724 kB
PageTables:        68704 kB
NFS_Unstable:          0 kB
Bounce:                0 kB
WritebackTmp:          0 kB
CommitLimit:     8679780 kB
Committed_AS:   73893800 kB
VmallocTotal:   263061440 kB
VmallocUsed:      128156 kB
VmallocChunk:          0 kB
Percpu:             6264 kB
CmaTotal:         405504 kB
CmaFree:               0 kB
MemTotal:        7922396 kB
MemFree:          260948 kB
MemAvailable:    3383612 kB
Buffers:           56512 kB
Cached:          3315460 kB
SwapCached:            0 kB
Active:           478888 kB
Inactive:        4553344 kB
Active(anon):      17420 kB
Inactive(anon):  1667612 kB
Active(file):     461468 kB
Inactive(file):  2885732 kB
Unevictable:        6088 kB
Mlocked:            5648 kB
SwapTotal:       4718584 kB
SwapFree:        4717560 kB
Dirty:             46488 kB
Writeback:             0 kB
AnonPages:       1666284 kB
Mapped:           999440 kB
Shmem:             20172 kB
KReclaimable:      88916 kB
Slab:             299796 kB
SReclaimable:      79332 kB
SUnreclaim:       220464 kB
KernelStack:       46928 kB
ShadowCallStack:   11772 kB
PageTables:        68436 kB
NFS_Unstable:          0 kB
Bounce:                0 kB
WritebackTmp:          0 kB
CommitLimit:     8679780 kB
Committed_AS:   73894220 kB
VmallocTotal:   263061440 kB
VmallocUsed:      128292 kB
VmallocChunk:          0 kB
Percpu:             6264 kB
CmaTotal:         405504 kB
CmaFree:               0 kB
MemTotal:        7922396 kB
MemFree:          258684 kB
MemAvailable:    3381776 kB
Buffers:           56528 kB
Cached:          3315484 kB
SwapCached:            0 kB
Active:           478912 kB
Inactive:        4554944 kB
Active(anon):      17400 kB
Inactive(anon):  1669220 kB
Active(file):     461512 kB
Inactive(file):  2885724 kB
Unevictable:        6088 kB
Mlocked:            5648 kB
SwapTotal:       4718584 kB
SwapFree:        4717560 kB
Dirty:             46648 kB
Writeback:             0 kB
AnonPages:       1668160 kB
Mapped:           999376 kB
Shmem:             20176 kB
KReclaimable:      89704 kB
Slab:             299868 kB
SReclaimable:      79352 kB
SUnreclaim:       220516 kB
KernelStack:       46944 kB
ShadowCallStack:   11760 kB
PageTables:        68612 kB
NFS_Unstable:          0 kB
Bounce:                0 kB
WritebackTmp:          0 kB
CommitLimit:     8679780 kB
Committed_AS:   73894224 kB
VmallocTotal:   263061440 kB
VmallocUsed:      128304 kB
VmallocChunk:          0 kB
Percpu:             6264 kB
CmaTotal:         405504 kB
CmaFree:               0 kB
MemTotal:        7922396 kB
MemFree:          257460 kB
MemAvailable:    3380552 kB
Buffers:           56528 kB
Cached:          3315484 kB
SwapCached:            0 kB
Active:           478920 kB
Inactive:        4555756 kB
Active(anon):      17408 kB
Inactive(anon):  1670032 kB
Active(file):     461512 kB
Inactive(file):  2885724 kB
Unevictable:        6088 kB
Mlocked:            5648 kB
SwapTotal:       4718584 kB
SwapFree:        4717560 kB
Dirty:             46648 kB
Writeback:             0 kB
AnonPages:       1668748 kB
Mapped:           999372 kB
Shmem:             20176 kB
KReclaimable:      89704 kB
Slab:             299728 kB
SReclaimable:      79352 kB
SUnreclaim:       220376 kB
KernelStack:       46896 kB
ShadowCallStack:   11756 kB
PageTables:        68680 kB
NFS_Unstable:          0 kB
Bounce:                0 kB
WritebackTmp:          0 kB
CommitLimit:     8679780 kB
Committed_AS:   73894120 kB
VmallocTotal:   263061440 kB
VmallocUsed:      128276 kB
VmallocChunk:          0 kB
Percpu:             6264 kB
CmaTotal:         405504 kB
CmaFree:               0 kB
MemTotal:        7922396 kB
MemFree:          257020 kB
MemAvailable:    3380112 kB
Buffers:           56528 kB
Cached:          3315484 kB
SwapCached:            0 kB
Active:           478928 kB
Inactive:        4556392 kB
Active(anon):      17412 kB
Inactive(anon):  1670672 kB
Active(file):     461516 kB
Inactive(file):  2885720 kB
Unevictable:        6088 kB
Mlocked:            5648 kB
SwapTotal:       4718584 kB
SwapFree:        4717560 kB
Dirty:             46648 kB
Writeback:             0 kB
AnonPages:       1669500 kB
Mapped:           999564 kB
Shmem:             20176 kB
KReclaimable:      89704 kB
Slab:             299792 kB
SReclaimable:      79352 kB
SUnreclaim:       220440 kB
KernelStack:       46816 kB
ShadowCallStack:   11716 kB
PageTables:        68496 kB
NFS_Unstable:          0 kB
Bounce:                0 kB
WritebackTmp:          0 kB
CommitLimit:     8679780 kB
Committed_AS:   73893808 kB
VmallocTotal:   263061440 kB
VmallocUsed:      128148 kB
VmallocChunk:          0 kB
Percpu:             6264 kB
CmaTotal:         405504 kB
CmaFree:               0 kB
MemTotal:        7922396 kB
MemFree:          270652 kB
MemAvailable:    3393760 kB
Buffers:           56528 kB
Cached:          3315484 kB
SwapCached:            0 kB
Active:           478920 kB
Inactive:        4542640 kB
Active(anon):      17404 kB
Inactive(anon):  1656920 kB
Active(file):     461516 kB
Inactive(file):  2885720 kB
Unevictable:        6088 kB
Mlocked:            5648 kB
SwapTotal:       4718584 kB
SwapFree:        4717560 kB
Dirty:             46452 kB
Writeback:             0 kB
AnonPages:       1655652 kB
Mapped:           999524 kB
Shmem:             20176 kB
KReclaimable:      89736 kB
Slab:             299772 kB
SReclaimable:      79384 kB
SUnreclaim:       220388 kB
KernelStack:       46752 kB
ShadowCallStack:   11716 kB
PageTables:        68576 kB
NFS_Unstable:          0 kB
Bounce:                0 kB
WritebackTmp:          0 kB
CommitLimit:     8679780 kB
Committed_AS:   73893656 kB
VmallocTotal:   263061440 kB
VmallocUsed:      128096 kB
VmallocChunk:          0 kB
Percpu:             6264 kB
CmaTotal:         405504 kB
CmaFree:              64 kB
MemTotal:        7922396 kB
MemFree:          270548 kB
MemAvailable:    3393656 kB
Buffers:           56528 kB
Cached:          3315484 kB
SwapCached:            0 kB
Active:           478920 kB
Inactive:        4542720 kB
Active(anon):      17404 kB
Inactive(anon):  1657000 kB
Active(file):     461516 kB
Inactive(file):  2885720 kB
Unevictable:        6088 kB
Mlocked:            5648 kB
SwapTotal:       4718584 kB
SwapFree:        4717560 kB
Dirty:             46328 kB
Writeback:             0 kB
AnonPages:       1655596 kB
Mapped:           999536 kB
Shmem:             20176 kB
KReclaimable:      89736 kB
Slab:             299636 kB
SReclaimable:      79384 kB
SUnreclaim:       220252 kB
KernelStack:       46752 kB
ShadowCallStack:   11712 kB
PageTables:        68592 kB
NFS_Unstable:          0 kB
Bounce:                0 kB
WritebackTmp:          0 kB
CommitLimit:     8679780 kB
Committed_AS:   73893600 kB
VmallocTotal:   263061440 kB
VmallocUsed:      128040 kB
VmallocChunk:          0 kB
Percpu:             6264 kB
CmaTotal:         405504 kB
CmaFree:              64 kB
MemTotal:        7922396 kB
MemFree:          269264 kB
MemAvailable:    3392372 kB
Buffers:           56536 kB
Cached:          3315480 kB
SwapCached:            0 kB
Active:           478916 kB
Inactive:        4544716 kB
Active(anon):      17400 kB
Inactive(anon):  1658996 kB
Active(file):     461516 kB
Inactive(file):  2885720 kB
Unevictable:        6088 kB
Mlocked:            5648 kB
SwapTotal:       4718584 kB
SwapFree:        4717560 kB
Dirty:             46332 kB
Writeback:             0 kB
AnonPages:       1657520 kB
Mapped:           999832 kB
Shmem:             20180 kB
KReclaimable:      89736 kB
Slab:             299676 kB
SReclaimable:      79384 kB
SUnreclaim:       220292 kB
KernelStack:       46768 kB
ShadowCallStack:   11724 kB
PageTables:        68592 kB
NFS_Unstable:          0 kB
Bounce:                0 kB
WritebackTmp:          0 kB
CommitLimit:     8679780 kB
Committed_AS:   73893596 kB
VmallocTotal:   263061440 kB
VmallocUsed:      128072 kB
VmallocChunk:          0 kB
Percpu:             6264 kB
CmaTotal:         405504 kB
CmaFree:              64 kB
MemTotal:        7922396 kB
MemFree:          271188 kB
MemAvailable:    3394304 kB
Buffers:           56536 kB
Cached:          3315488 kB
SwapCached:            0 kB
Active:           478928 kB
Inactive:        4542180 kB
Active(anon):      17404 kB
Inactive(anon):  1656460 kB
Active(file):     461524 kB
Inactive(file):  2885720 kB
Unevictable:        6088 kB
Mlocked:            5648 kB
SwapTotal:       4718584 kB
SwapFree:        4717560 kB
Dirty:             46340 kB
Writeback:             0 kB
AnonPages:       1655328 kB
Mapped:           999756 kB
Shmem:             20180 kB
KReclaimable:      89736 kB
Slab:             299696 kB
SReclaimable:      79384 kB
SUnreclaim:       220312 kB
KernelStack:       46704 kB
ShadowCallStack:   11696 kB
PageTables:        68836 kB
NFS_Unstable:          0 kB
Bounce:                0 kB
WritebackTmp:          0 kB
CommitLimit:     8679780 kB
Committed_AS:   73893452 kB
VmallocTotal:   263061440 kB
VmallocUsed:      128012 kB
VmallocChunk:          0 kB
Percpu:             6264 kB
CmaTotal:         405504 kB
CmaFree:              72 kB
MemTotal:        7922396 kB
MemFree:          270052 kB
MemAvailable:    3393036 kB
Buffers:           56536 kB
Cached:          3315488 kB
SwapCached:            0 kB
Active:           478928 kB
Inactive:        4543000 kB
Active(anon):      17404 kB
Inactive(anon):  1657280 kB
Active(file):     461524 kB
Inactive(file):  2885720 kB
Unevictable:        6088 kB
Mlocked:            5648 kB
SwapTotal:       4718584 kB
SwapFree:        4717560 kB
Dirty:             46348 kB
Writeback:             0 kB
AnonPages:       1656272 kB
Mapped:           999604 kB
Shmem:             20180 kB
KReclaimable:      89472 kB
Slab:             299672 kB
SReclaimable:      79384 kB
SUnreclaim:       220288 kB
KernelStack:       46624 kB
ShadowCallStack:   11692 kB
PageTables:        68468 kB
NFS_Unstable:          0 kB
Bounce:                0 kB
WritebackTmp:          0 kB
CommitLimit:     8679780 kB
Committed_AS:   73893188 kB
VmallocTotal:   263061440 kB
VmallocUsed:      127900 kB
VmallocChunk:          0 kB
Percpu:             6264 kB
CmaTotal:         405504 kB
CmaFree:              64 kB
MemTotal:        7922396 kB
MemFree:          268436 kB
MemAvailable:    3391420 kB
Buffers:           56536 kB
Cached:          3315488 kB
SwapCached:            0 kB
Active:           478928 kB
Inactive:        4544804 kB
Active(anon):      17404 kB
Inactive(anon):  1659084 kB
Active(file):     461524 kB
Inactive(file):  2885720 kB
Unevictable:        6088 kB
Mlocked:            5648 kB
SwapTotal:       4718584 kB
SwapFree:        4717560 kB
Dirty:             46360 kB
Writeback:             0 kB
AnonPages:       1657796 kB
Mapped:           999588 kB
Shmem:             20180 kB
KReclaimable:      89472 kB
Slab:             299596 kB
SReclaimable:      79384 kB
SUnreclaim:       220212 kB
KernelStack:       46608 kB
ShadowCallStack:   11676 kB
PageTables:        68560 kB
NFS_Unstable:          0 kB
Bounce:                0 kB
WritebackTmp:          0 kB
CommitLimit:     8679780 kB
Committed_AS:   73893188 kB
VmallocTotal:   263061440 kB
VmallocUsed:      127908 kB
VmallocChunk:          0 kB
Percpu:             6264 kB
CmaTotal:         405504 kB
CmaFree:              64 kB
MemTotal:        7922396 kB
MemFree:          267576 kB
MemAvailable:    3390560 kB
Buffers:           56536 kB
Cached:          3315492 kB
SwapCached:            0 kB
Active:           478928 kB
Inactive:        4545636 kB
Active(anon):      17404 kB
Inactive(anon):  1659916 kB
Active(file):     461524 kB
Inactive(file):  2885720 kB
Unevictable:        6088 kB
Mlocked:            5648 kB
SwapTotal:       4718584 kB
SwapFree:        4717560 kB
Dirty:             46376 kB
Writeback:             8 kB
AnonPages:       1658736 kB
Mapped:           999824 kB
Shmem:             20184 kB
KReclaimable:      89472 kB
Slab:             299600 kB
SReclaimable:      79384 kB
SUnreclaim:       220216 kB
KernelStack:       46608 kB
ShadowCallStack:   11676 kB
PageTables:        68636 kB
NFS_Unstable:          0 kB
Bounce:                0 kB
WritebackTmp:          0 kB
CommitLimit:     8679780 kB
Committed_AS:   73900360 kB
VmallocTotal:   263061440 kB
VmallocUsed:      127904 kB
VmallocChunk:          0 kB
Percpu:             6264 kB
CmaTotal:         405504 kB
CmaFree:              64 kB
MemTotal:        7922396 kB
MemFree:          264748 kB
MemAvailable:    3387740 kB
Buffers:           56560 kB
Cached:          3315476 kB
SwapCached:            0 kB
Active:           478936 kB
Inactive:        4548288 kB
Active(anon):      17404 kB
Inactive(anon):  1662568 kB
Active(file):     461532 kB
Inactive(file):  2885720 kB
Unevictable:        6088 kB
Mlocked:            5648 kB
SwapTotal:       4718584 kB
SwapFree:        4717560 kB
Dirty:             46380 kB
Writeback:            20 kB
AnonPages:       1661380 kB
Mapped:           999696 kB
Shmem:             20184 kB
KReclaimable:      89472 kB
Slab:             299672 kB
SReclaimable:      79384 kB
SUnreclaim:       220288 kB
KernelStack:       46624 kB
ShadowCallStack:   11656 kB
PageTables:        68476 kB
NFS_Unstable:          0 kB
Bounce:                0 kB
WritebackTmp:          0 kB
CommitLimit:     8679780 kB
Committed_AS:   73900368 kB
VmallocTotal:   263061440 kB
VmallocUsed:      127904 kB
VmallocChunk:          0 kB
Percpu:             6264 kB
CmaTotal:         405504 kB
CmaFree:              64 kB
MemTotal:        7922396 kB
MemFree:          263604 kB
MemAvailable:    3386716 kB
Buffers:           56560 kB
Cached:          3315604 kB
SwapCached:            0 kB
Active:           478952 kB
Inactive:        4548212 kB
Active(anon):      17400 kB
Inactive(anon):  1662396 kB
Active(file):     461552 kB
Inactive(file):  2885816 kB
Unevictable:        6088 kB
Mlocked:            5648 kB
SwapTotal:       4718584 kB
SwapFree:        4717560 kB
Dirty:             46492 kB
Writeback:             0 kB
AnonPages:       1661124 kB
Mapped:           999636 kB
Shmem:             20196 kB
KReclaimable:      89476 kB
Slab:             299756 kB
SReclaimable:      79388 kB
SUnreclaim:       220368 kB
KernelStack:       46624 kB
ShadowCallStack:   11680 kB
PageTables:        68672 kB
NFS_Unstable:          0 kB
Bounce:                0 kB
WritebackTmp:          0 kB
CommitLimit:     8679780 kB
Committed_AS:   73900376 kB
VmallocTotal:   263061440 kB
VmallocUsed:      127936 kB
VmallocChunk:          0 kB
Percpu:             6264 kB
CmaTotal:         405504 kB
CmaFree:              64 kB
MemTotal:        7922396 kB
MemFree:          261660 kB
MemAvailable:    3384200 kB
Buffers:           56560 kB
Cached:          3315712 kB
SwapCached:            0 kB
Active:           478964 kB
Inactive:        4549268 kB
Active(anon):      17404 kB
Inactive(anon):  1663356 kB
Active(file):     461560 kB
Inactive(file):  2885912 kB
Unevictable:        6088 kB
Mlocked:            5648 kB
SwapTotal:       4718584 kB
SwapFree:        4717560 kB
Dirty:             46600 kB
Writeback:             0 kB
AnonPages:       1662056 kB
Mapped:          1000012 kB
Shmem:             20200 kB
KReclaimable:      88128 kB
Slab:             299736 kB
SReclaimable:      79388 kB
SUnreclaim:       220348 kB
KernelStack:       46640 kB
ShadowCallStack:   11684 kB
PageTables:        68620 kB
NFS_Unstable:          0 kB
Bounce:                0 kB
WritebackTmp:          0 kB
CommitLimit:     8679780 kB
Committed_AS:   73900376 kB
VmallocTotal:   263061440 kB
VmallocUsed:      127908 kB
VmallocChunk:          0 kB
Percpu:             6264 kB
CmaTotal:         405504 kB
CmaFree:              64 kB
MemTotal:        7922396 kB
MemFree:          259108 kB
MemAvailable:    3381656 kB
Buffers:           56560 kB
Cached:          3315712 kB
SwapCached:            0 kB
Active:           478968 kB
Inactive:        4551448 kB
Active(anon):      17408 kB
Inactive(anon):  1665536 kB
Active(file):     461560 kB
Inactive(file):  2885912 kB
Unevictable:        6088 kB
Mlocked:            5648 kB
SwapTotal:       4718584 kB
SwapFree:        4717560 kB
Dirty:             46608 kB
Writeback:             0 kB
AnonPages:       1664320 kB
Mapped:          1000188 kB
Shmem:             20200 kB
KReclaimable:      88144 kB
Slab:             299792 kB
SReclaimable:      79404 kB
SUnreclaim:       220388 kB
KernelStack:       46640 kB
ShadowCallStack:   11684 kB
PageTables:        68680 kB
NFS_Unstable:          0 kB
Bounce:                0 kB
WritebackTmp:          0 kB
CommitLimit:     8679780 kB
Committed_AS:   73900376 kB
VmallocTotal:   263061440 kB
VmallocUsed:      127924 kB
VmallocChunk:          0 kB
Percpu:             6264 kB
CmaTotal:         405504 kB
CmaFree:              64 kB
MemTotal:        7922396 kB
MemFree:          258136 kB
MemAvailable:    3381112 kB
Buffers:           56560 kB
Cached:          3315720 kB
SwapCached:            0 kB
Active:           478944 kB
Inactive:        4551844 kB
Active(anon):      17384 kB
Inactive(anon):  1665932 kB
Active(file):     461560 kB
Inactive(file):  2885912 kB
Unevictable:        6088 kB
Mlocked:            5648 kB
SwapTotal:       4718584 kB
SwapFree:        4717560 kB
Dirty:             46628 kB
Writeback:             0 kB
AnonPages:       1664516 kB
Mapped:           999816 kB
Shmem:             20208 kB
KReclaimable:      88996 kB
Slab:             299644 kB
SReclaimable:      79404 kB
SUnreclaim:       220240 kB
KernelStack:       46608 kB
ShadowCallStack:   11676 kB
PageTables:        68632 kB
NFS_Unstable:          0 kB
Bounce:                0 kB
WritebackTmp:          0 kB
CommitLimit:     8679780 kB
Committed_AS:   73900396 kB
VmallocTotal:   263061440 kB
VmallocUsed:      127948 kB
VmallocChunk:          0 kB
Percpu:             6264 kB
CmaTotal:         405504 kB
CmaFree:              64 kB
MemTotal:        7922396 kB
MemFree:          224276 kB
MemAvailable:    3375496 kB
Buffers:           56648 kB
Cached:          3314484 kB
SwapCached:            0 kB
Active:           482816 kB
Inactive:        4511280 kB
Active(anon):      17388 kB
Inactive(anon):  1627636 kB
Active(file):     465428 kB
Inactive(file):  2883644 kB
Unevictable:        6088 kB
Mlocked:            5648 kB
SwapTotal:       4718584 kB
SwapFree:        4717560 kB
Dirty:             46776 kB
Writeback:             0 kB
AnonPages:       1628640 kB
Mapped:           981688 kB
Shmem:             17688 kB
KReclaimable:     142284 kB
Slab:             298912 kB
SReclaimable:      79596 kB
SUnreclaim:       219316 kB
KernelStack:       45888 kB
ShadowCallStack:   11484 kB
PageTables:        67252 kB
NFS_Unstable:          0 kB
Bounce:                0 kB
WritebackTmp:          0 kB
CommitLimit:     8679780 kB
Committed_AS:   71168460 kB
VmallocTotal:   263061440 kB
VmallocUsed:      126928 kB
VmallocChunk:          0 kB
Percpu:             6264 kB
CmaTotal:         405504 kB
CmaFree:              72 kB
MemTotal:        7922396 kB
MemFree:          211600 kB
MemAvailable:    3207872 kB
Buffers:           56684 kB
Cached:          3137644 kB
SwapCached:            0 kB
Active:           511112 kB
Inactive:        4551456 kB
Active(anon):      21656 kB
Inactive(anon):  1869420 kB
Active(file):     489456 kB
Inactive(file):  2682036 kB
Unevictable:        6088 kB
Mlocked:            5648 kB
SwapTotal:       4718584 kB
SwapFree:        4717560 kB
Dirty:             47100 kB
Writeback:             0 kB
AnonPages:       1874600 kB
Mapped:           973184 kB
Shmem:             18236 kB
KReclaimable:     187552 kB
Slab:             298660 kB
SReclaimable:      79288 kB
SUnreclaim:       219372 kB
KernelStack:       46208 kB
ShadowCallStack:   11576 kB
PageTables:        67608 kB
NFS_Unstable:          0 kB
Bounce:                0 kB
WritebackTmp:          0 kB
CommitLimit:     8679780 kB
Committed_AS:   71413776 kB
VmallocTotal:   263061440 kB
VmallocUsed:      127344 kB
VmallocChunk:          0 kB
Percpu:             6264 kB
CmaTotal:         405504 kB
CmaFree:             128 kB
MemTotal:        7922396 kB
MemFree:          215588 kB
MemAvailable:    2906100 kB
Buffers:           56692 kB
Cached:          2846880 kB
SwapCached:            0 kB
Active:           554960 kB
Inactive:        4535356 kB
Active(anon):      22436 kB
Inactive(anon):  2187104 kB
Active(file):     532524 kB
Inactive(file):  2348252 kB
Unevictable:        6088 kB
Mlocked:            5648 kB
SwapTotal:       4718584 kB
SwapFree:        4717304 kB
Dirty:             47112 kB
Writeback:             0 kB
AnonPages:       2192968 kB
Mapped:           970932 kB
Shmem:             18148 kB
KReclaimable:     157460 kB
Slab:             298596 kB
SReclaimable:      79276 kB
SUnreclaim:       219320 kB
KernelStack:       46224 kB
ShadowCallStack:   11576 kB
PageTables:        68388 kB
NFS_Unstable:          0 kB
Bounce:                0 kB
WritebackTmp:          0 kB
CommitLimit:     8679780 kB
Committed_AS:   71725872 kB
VmallocTotal:   263061440 kB
VmallocUsed:      127344 kB
VmallocChunk:          0 kB
Percpu:             6264 kB
CmaTotal:         405504 kB
CmaFree:               0 kB
MemTotal:        7922396 kB
MemFree:          216132 kB
MemAvailable:    2447356 kB
Buffers:           56700 kB
Cached:          2419396 kB
SwapCached:            0 kB
Active:           558800 kB
Inactive:        4144772 kB
Active(anon):      24332 kB
Inactive(anon):  2226024 kB
Active(file):     534468 kB
Inactive(file):  1918748 kB
Unevictable:        6088 kB
Mlocked:            5648 kB
SwapTotal:       4718584 kB
SwapFree:        4717304 kB
Dirty:              1440 kB
Writeback:            16 kB
AnonPages:       2233884 kB
Mapped:          1077484 kB
Shmem:             18152 kB
KReclaimable:      94008 kB
Slab:             296920 kB
SReclaimable:      73888 kB
SUnreclaim:       223032 kB
KernelStack:       46192 kB
ShadowCallStack:   11604 kB
PageTables:        68984 kB
NFS_Unstable:          0 kB
Bounce:                0 kB
WritebackTmp:          0 kB
CommitLimit:     8679780 kB
Committed_AS:   71951924 kB
VmallocTotal:   263061440 kB
VmallocUsed:      127384 kB
VmallocChunk:          0 kB
Percpu:             6264 kB
CmaTotal:         405504 kB
CmaFree:               0 kB
MemTotal:        7922396 kB
MemFree:          219924 kB
MemAvailable:    2369056 kB
Buffers:           56700 kB
Cached:          2340448 kB
SwapCached:            0 kB
Active:           559336 kB
Inactive:        4147564 kB
Active(anon):      24436 kB
Inactive(anon):  2308204 kB
Active(file):     534900 kB
Inactive(file):  1839360 kB
Unevictable:        6088 kB
Mlocked:            5648 kB
SwapTotal:       4718584 kB
SwapFree:        4717304 kB
Dirty:              1376 kB
Writeback:             0 kB
AnonPages:       2316104 kB
Mapped:          1077728 kB
Shmem:             18152 kB
KReclaimable:      87736 kB
Slab:             296732 kB
SReclaimable:      73760 kB
SUnreclaim:       222972 kB
KernelStack:       46240 kB
ShadowCallStack:   11580 kB
PageTables:        69080 kB
NFS_Unstable:          0 kB
Bounce:                0 kB
WritebackTmp:          0 kB
CommitLimit:     8679780 kB
Committed_AS:   72070948 kB
VmallocTotal:   263061440 kB
VmallocUsed:      127400 kB
VmallocChunk:          0 kB
Percpu:             6264 kB
CmaTotal:         405504 kB
CmaFree:               0 kB
MemTotal:        7922396 kB
MemFree:          422980 kB
MemAvailable:    2106076 kB
Buffers:           56736 kB
Cached:          1876880 kB
SwapCached:            0 kB
Active:           560440 kB
Inactive:        3742004 kB
Active(anon):      24512 kB
Inactive(anon):  2367224 kB
Active(file):     535928 kB
Inactive(file):  1374780 kB
Unevictable:        6088 kB
Mlocked:            5648 kB
SwapTotal:       4718584 kB
SwapFree:        4717304 kB
Dirty:              1516 kB
Writeback:             8 kB
AnonPages:       2375000 kB
Mapped:          1164216 kB
Shmem:             18168 kB
KReclaimable:      82764 kB
Slab:             294844 kB
SReclaimable:      70900 kB
SUnreclaim:       223944 kB
KernelStack:       46224 kB
ShadowCallStack:   11604 kB
PageTables:        69584 kB
NFS_Unstable:          0 kB
Bounce:                0 kB
WritebackTmp:          0 kB
CommitLimit:     8679780 kB
Committed_AS:   72313616 kB
VmallocTotal:   263061440 kB
VmallocUsed:      127352 kB
VmallocChunk:          0 kB
Percpu:             6264 kB
CmaTotal:         405504 kB
CmaFree:             128 kB
MemTotal:        7922396 kB
MemFree:          287184 kB
MemAvailable:    1991720 kB
Buffers:           56736 kB
Cached:          1898284 kB
SwapCached:            0 kB
Active:           565884 kB
Inactive:        3871516 kB
Active(anon):      24512 kB
Inactive(anon):  2480680 kB
Active(file):     541372 kB
Inactive(file):  1390836 kB
Unevictable:        6088 kB
Mlocked:            5648 kB
SwapTotal:       4718584 kB
SwapFree:        4717304 kB
Dirty:              1560 kB
Writeback:             4 kB
AnonPages:       2488452 kB
Mapped:          1170324 kB
Shmem:             18212 kB
KReclaimable:      82644 kB
Slab:             295116 kB
SReclaimable:      70768 kB
SUnreclaim:       224348 kB
KernelStack:       46736 kB
ShadowCallStack:   11720 kB
PageTables:        70012 kB
NFS_Unstable:          0 kB
Bounce:                0 kB
WritebackTmp:          0 kB
CommitLimit:     8679780 kB
Committed_AS:   72434412 kB
VmallocTotal:   263061440 kB
VmallocUsed:      127988 kB
VmallocChunk:          0 kB
Percpu:             6264 kB
CmaTotal:         405504 kB
CmaFree:             128 kB
MemTotal:        7922396 kB
MemFree:          222052 kB
MemAvailable:    1745568 kB
Buffers:           56736 kB
Cached:          1721920 kB
SwapCached:            0 kB
Active:           583540 kB
Inactive:        3925400 kB
Active(anon):      25704 kB
Inactive(anon):  2727404 kB
Active(file):     557836 kB
Inactive(file):  1197996 kB
Unevictable:        6088 kB
Mlocked:            5648 kB
SwapTotal:       4718584 kB
SwapFree:        4717304 kB
Dirty:              1852 kB
Writeback:             0 kB
AnonPages:       2736284 kB
Mapped:          1155692 kB
Shmem:             18224 kB
KReclaimable:      73356 kB
Slab:             293996 kB
SReclaimable:      69768 kB
SUnreclaim:       224228 kB
KernelStack:       46688 kB
ShadowCallStack:   11696 kB
PageTables:        70348 kB
NFS_Unstable:          0 kB
Bounce:                0 kB
WritebackTmp:          0 kB
CommitLimit:     8679780 kB
Committed_AS:   72622336 kB
VmallocTotal:   263061440 kB
VmallocUsed:      127976 kB
VmallocChunk:          0 kB
Percpu:             6264 kB
CmaTotal:         405504 kB
CmaFree:             676 kB
MemTotal:        7922396 kB
MemFree:          302660 kB
MemAvailable:    1678628 kB
Buffers:           56744 kB
Cached:          1575856 kB
SwapCached:            0 kB
Active:           582400 kB
Inactive:        3810900 kB
Active(anon):      26972 kB
Inactive(anon):  2756536 kB
Active(file):     555428 kB
Inactive(file):  1054364 kB
Unevictable:        6088 kB
Mlocked:            5648 kB
SwapTotal:       4718584 kB
SwapFree:        4716280 kB
Dirty:              1980 kB
Writeback:             0 kB
AnonPages:       2766628 kB
Mapped:          1134448 kB
Shmem:             18152 kB
KReclaimable:      70340 kB
Slab:             293544 kB
SReclaimable:      69100 kB
SUnreclaim:       224444 kB
KernelStack:       46720 kB
ShadowCallStack:   11776 kB
PageTables:        70516 kB
NFS_Unstable:          0 kB
Bounce:                0 kB
WritebackTmp:          0 kB
CommitLimit:     8679780 kB
Committed_AS:   72645128 kB
VmallocTotal:   263061440 kB
VmallocUsed:      128048 kB
VmallocChunk:          0 kB
Percpu:             6264 kB
CmaTotal:         405504 kB
CmaFree:          113496 kB
MemTotal:        7922396 kB
MemFree:          301072 kB
MemAvailable:    1677708 kB
Buffers:           56752 kB
Cached:          1576524 kB
SwapCached:            0 kB
Active:           582520 kB
Inactive:        3812460 kB
Active(anon):      26972 kB
Inactive(anon):  2757484 kB
Active(file):     555548 kB
Inactive(file):  1054976 kB
Unevictable:        6088 kB
Mlocked:            5648 kB
SwapTotal:       4718584 kB
SwapFree:        4716280 kB
Dirty:              1888 kB
Writeback:             0 kB
AnonPages:       2767792 kB
Mapped:          1134456 kB
Shmem:             18152 kB
KReclaimable:      70212 kB
Slab:             293632 kB
SReclaimable:      68972 kB
SUnreclaim:       224660 kB
KernelStack:       46720 kB
ShadowCallStack:   11712 kB
PageTables:        70444 kB
NFS_Unstable:          0 kB
Bounce:                0 kB
WritebackTmp:          0 kB
CommitLimit:     8679780 kB
Committed_AS:   72644864 kB
VmallocTotal:   263061440 kB
VmallocUsed:      128036 kB
VmallocChunk:          0 kB
Percpu:             6264 kB
CmaTotal:         405504 kB
CmaFree:          106684 kB
MemTotal:        7922396 kB
MemFree:          389244 kB
MemAvailable:    1837740 kB
Buffers:           56760 kB
Cached:          1576372 kB
SwapCached:            0 kB
Active:           582528 kB
Inactive:        3725272 kB
Active(anon):      26972 kB
Inactive(anon):  2670304 kB
Active(file):     555556 kB
Inactive(file):  1054968 kB
Unevictable:        6088 kB
Mlocked:            5648 kB
SwapTotal:       4718584 kB
SwapFree:        4716280 kB
Dirty:              1888 kB
Writeback:            52 kB
AnonPages:       2680716 kB
Mapped:          1134816 kB
Shmem:             18008 kB
KReclaimable:     213932 kB
Slab:             293384 kB
SReclaimable:      68948 kB
SUnreclaim:       224436 kB
KernelStack:       46592 kB
ShadowCallStack:   11644 kB
PageTables:        70376 kB
NFS_Unstable:          0 kB
Bounce:                0 kB
WritebackTmp:          0 kB
CommitLimit:     8679780 kB
Committed_AS:   72644532 kB
VmallocTotal:   263061440 kB
VmallocUsed:      127860 kB
VmallocChunk:          0 kB
Percpu:             6264 kB
CmaTotal:         405504 kB
CmaFree:          110364 kB
MemTotal:        7922396 kB
MemFree:          302480 kB
MemAvailable:    1699988 kB
Buffers:           56768 kB
Cached:          1576496 kB
SwapCached:            0 kB
Active:           582588 kB
Inactive:        3782984 kB
Active(anon):      26972 kB
Inactive(anon):  2728040 kB
Active(file):     555616 kB
Inactive(file):  1054944 kB
Unevictable:        6088 kB
Mlocked:            5648 kB
SwapTotal:       4718584 kB
SwapFree:        4716280 kB
Dirty:              1932 kB
Writeback:             0 kB
AnonPages:       2738464 kB
Mapped:          1135912 kB
Shmem:             18104 kB
KReclaimable:     111884 kB
Slab:             293460 kB
SReclaimable:      68948 kB
SUnreclaim:       224512 kB
KernelStack:       46672 kB
ShadowCallStack:   11700 kB
PageTables:        70436 kB
NFS_Unstable:          0 kB
Bounce:                0 kB
WritebackTmp:          0 kB
CommitLimit:     8679780 kB
Committed_AS:   72644868 kB
VmallocTotal:   263061440 kB
VmallocUsed:      127912 kB
VmallocChunk:          0 kB
Percpu:             6264 kB
CmaTotal:         405504 kB
CmaFree:           76868 kB
MemTotal:        7922396 kB
MemFree:          263840 kB
MemAvailable:    1660788 kB
Buffers:           56768 kB
Cached:          1577500 kB
SwapCached:            0 kB
Active:           583300 kB
Inactive:        3821296 kB
Active(anon):      26964 kB
Inactive(anon):  2766120 kB
Active(file):     556336 kB
Inactive(file):  1055176 kB
Unevictable:        6088 kB
Mlocked:            5648 kB
SwapTotal:       4718584 kB
SwapFree:        4716280 kB
Dirty:              2104 kB
Writeback:             0 kB
AnonPages:       2776248 kB
Mapped:          1136672 kB
Shmem:             18156 kB
KReclaimable:     108860 kB
Slab:             293568 kB
SReclaimable:      69044 kB
SUnreclaim:       224524 kB
KernelStack:       46640 kB
ShadowCallStack:   11712 kB
PageTables:        70584 kB
NFS_Unstable:          0 kB
Bounce:                0 kB
WritebackTmp:          0 kB
CommitLimit:     8679780 kB
Committed_AS:   72645080 kB
VmallocTotal:   263061440 kB
VmallocUsed:      127920 kB
VmallocChunk:          0 kB
Percpu:             6264 kB
CmaTotal:         405504 kB
CmaFree:           37180 kB
MemTotal:        7922396 kB
MemFree:          355936 kB
MemAvailable:    1845052 kB
Buffers:           56768 kB
Cached:          1577476 kB
SwapCached:            0 kB
Active:           583300 kB
Inactive:        3728648 kB
Active(anon):      26964 kB
Inactive(anon):  2673360 kB
Active(file):     556336 kB
Inactive(file):  1055288 kB
Unevictable:        6088 kB
Mlocked:            5648 kB
SwapTotal:       4718584 kB
SwapFree:        4716280 kB
Dirty:              1840 kB
Writeback:             0 kB
AnonPages:       2683768 kB
Mapped:          1136072 kB
Shmem:             18020 kB
KReclaimable:     267764 kB
Slab:             293452 kB
SReclaimable:      69040 kB
SUnreclaim:       224412 kB
KernelStack:       46320 kB
ShadowCallStack:   11580 kB
PageTables:        70188 kB
NFS_Unstable:          0 kB
Bounce:                0 kB
WritebackTmp:          0 kB
CommitLimit:     8679780 kB
Committed_AS:   72644084 kB
VmallocTotal:   263061440 kB
VmallocUsed:      126976 kB
VmallocChunk:          0 kB
Percpu:             6264 kB
CmaTotal:         405504 kB
CmaFree:          101920 kB
MemTotal:        7922396 kB
MemFree:          356256 kB
MemAvailable:    1845504 kB
Buffers:           56768 kB
Cached:          1577476 kB
SwapCached:            0 kB
Active:           583308 kB
Inactive:        3729224 kB
Active(anon):      26972 kB
Inactive(anon):  2673936 kB
Active(file):     556336 kB
Inactive(file):  1055288 kB
Unevictable:        6088 kB
Mlocked:            5648 kB
SwapTotal:       4718584 kB
SwapFree:        4716280 kB
Dirty:              1840 kB
Writeback:             0 kB
AnonPages:       2684616 kB
Mapped:          1136068 kB
Shmem:             18020 kB
KReclaimable:     267896 kB
Slab:             293408 kB
SReclaimable:      69040 kB
SUnreclaim:       224368 kB
KernelStack:       46240 kB
ShadowCallStack:   11612 kB
PageTables:        70356 kB
NFS_Unstable:          0 kB
Bounce:                0 kB
WritebackTmp:          0 kB
CommitLimit:     8679780 kB
Committed_AS:   72644084 kB
VmallocTotal:   263061440 kB
VmallocUsed:      126932 kB
VmallocChunk:          0 kB
Percpu:             6264 kB
CmaTotal:         405504 kB
CmaFree:          102036 kB
MemTotal:        7922396 kB
MemFree:          357148 kB
MemAvailable:    1846396 kB
Buffers:           56776 kB
Cached:          1577496 kB
SwapCached:            0 kB
Active:           583320 kB
Inactive:        3729728 kB
Active(anon):      26972 kB
Inactive(anon):  2674436 kB
Active(file):     556348 kB
Inactive(file):  1055292 kB
Unevictable:        6088 kB
Mlocked:            5648 kB
SwapTotal:       4718584 kB
SwapFree:        4716280 kB
Dirty:              1784 kB
Writeback:             0 kB
AnonPages:       2684864 kB
Mapped:          1136080 kB
Shmem:             18032 kB
KReclaimable:     267880 kB
Slab:             293348 kB
SReclaimable:      69040 kB
SUnreclaim:       224308 kB
KernelStack:       46256 kB
ShadowCallStack:   11588 kB
PageTables:        70292 kB
NFS_Unstable:          0 kB
Bounce:                0 kB
WritebackTmp:          0 kB
CommitLimit:     8679780 kB
Committed_AS:   72644052 kB
VmallocTotal:   263061440 kB
VmallocUsed:      126916 kB
VmallocChunk:          0 kB
Percpu:             6264 kB
CmaTotal:         405504 kB
CmaFree:          102236 kB
MemTotal:        7922396 kB
MemFree:          352896 kB
MemAvailable:    1842164 kB
Buffers:           56800 kB
Cached:          1577496 kB
SwapCached:            0 kB
Active:           583340 kB
Inactive:        3731976 kB
Active(anon):      26968 kB
Inactive(anon):  2676684 kB
Active(file):     556372 kB
Inactive(file):  1055292 kB
Unevictable:        6088 kB
Mlocked:            5648 kB
SwapTotal:       4718584 kB
SwapFree:        4716280 kB
Dirty:              1888 kB
Writeback:             0 kB
AnonPages:       2687264 kB
Mapped:          1136200 kB
Shmem:             18032 kB
KReclaimable:     267876 kB
Slab:             293340 kB
SReclaimable:      69040 kB
SUnreclaim:       224300 kB
KernelStack:       46288 kB
ShadowCallStack:   11596 kB
PageTables:        70236 kB
NFS_Unstable:          0 kB
Bounce:                0 kB
WritebackTmp:          0 kB
CommitLimit:     8679780 kB
Committed_AS:   72644144 kB
VmallocTotal:   263061440 kB
VmallocUsed:      126936 kB
VmallocChunk:          0 kB
Percpu:             6264 kB
CmaTotal:         405504 kB
CmaFree:          102236 kB
MemTotal:        7922396 kB
MemFree:          352852 kB
MemAvailable:    1842120 kB
Buffers:           56800 kB
Cached:          1577496 kB
SwapCached:            0 kB
Active:           583344 kB
Inactive:        3732148 kB
Active(anon):      26972 kB
Inactive(anon):  2676856 kB
Active(file):     556372 kB
Inactive(file):  1055292 kB
Unevictable:        6088 kB
Mlocked:            5648 kB
SwapTotal:       4718584 kB
SwapFree:        4716280 kB
Dirty:              1888 kB
Writeback:             0 kB
AnonPages:       2687388 kB
Mapped:          1136464 kB
Shmem:             18032 kB
KReclaimable:     267876 kB
Slab:             293256 kB
SReclaimable:      69040 kB
SUnreclaim:       224216 kB
KernelStack:       46304 kB
ShadowCallStack:   11592 kB
PageTables:        70344 kB
NFS_Unstable:          0 kB
Bounce:                0 kB
WritebackTmp:          0 kB
CommitLimit:     8679780 kB
Committed_AS:   72644140 kB
VmallocTotal:   263061440 kB
VmallocUsed:      126972 kB
VmallocChunk:          0 kB
Percpu:             6264 kB
CmaTotal:         405504 kB
CmaFree:          102876 kB
MemTotal:        7922396 kB
MemFree:          351940 kB
MemAvailable:    1841192 kB
Buffers:           56800 kB
Cached:          1577496 kB
SwapCached:            0 kB
Active:           583336 kB
Inactive:        3732592 kB
Active(anon):      26964 kB
Inactive(anon):  2677300 kB
Active(file):     556372 kB
Inactive(file):  1055292 kB
Unevictable:        6088 kB
Mlocked:            5648 kB
SwapTotal:       4718584 kB
SwapFree:        4716280 kB
Dirty:              1376 kB
Writeback:             0 kB
AnonPages:       2687716 kB
Mapped:          1136596 kB
Shmem:             18032 kB
KReclaimable:     267860 kB
Slab:             293312 kB
SReclaimable:      69024 kB
SUnreclaim:       224288 kB
KernelStack:       46352 kB
ShadowCallStack:   11608 kB
PageTables:        70188 kB
NFS_Unstable:          0 kB
Bounce:                0 kB
WritebackTmp:          0 kB
CommitLimit:     8679780 kB
Committed_AS:   72644140 kB
VmallocTotal:   263061440 kB
VmallocUsed:      126964 kB
VmallocChunk:          0 kB
Percpu:             6264 kB
CmaTotal:         405504 kB
CmaFree:          102876 kB
MemTotal:        7922396 kB
MemFree:          350332 kB
MemAvailable:    1839580 kB
Buffers:           56800 kB
Cached:          1577508 kB
SwapCached:            0 kB
Active:           583336 kB
Inactive:        3733180 kB
Active(anon):      26972 kB
Inactive(anon):  2677868 kB
Active(file):     556364 kB
Inactive(file):  1055312 kB
Unevictable:        6088 kB
Mlocked:            5648 kB
SwapTotal:       4718584 kB
SwapFree:        4716280 kB
Dirty:              1416 kB
Writeback:             0 kB
AnonPages:       2688176 kB
Mapped:          1137420 kB
Shmem:             18032 kB
KReclaimable:     267844 kB
Slab:             293316 kB
SReclaimable:      69024 kB
SUnreclaim:       224292 kB
KernelStack:       46288 kB
ShadowCallStack:   11596 kB
PageTables:        70308 kB
NFS_Unstable:          0 kB
Bounce:                0 kB
WritebackTmp:          0 kB
CommitLimit:     8679780 kB
Committed_AS:   72644140 kB
VmallocTotal:   263061440 kB
VmallocUsed:      126936 kB
VmallocChunk:          0 kB
Percpu:             6264 kB
CmaTotal:         405504 kB
CmaFree:          102876 kB
MemTotal:        7922396 kB
MemFree:          350016 kB
MemAvailable:    1839284 kB
Buffers:           56800 kB
Cached:          1577532 kB
SwapCached:            0 kB
Active:           583336 kB
Inactive:        3733524 kB
Active(anon):      26972 kB
Inactive(anon):  2678192 kB
Active(file):     556364 kB
Inactive(file):  1055332 kB
Unevictable:        6088 kB
Mlocked:            5648 kB
SwapTotal:       4718584 kB
SwapFree:        4716280 kB
Dirty:              1436 kB
Writeback:             0 kB
AnonPages:       2688616 kB
Mapped:          1137280 kB
Shmem:             18036 kB
KReclaimable:     267844 kB
Slab:             293308 kB
SReclaimable:      69024 kB
SUnreclaim:       224284 kB
KernelStack:       46272 kB
ShadowCallStack:   11592 kB
PageTables:        70308 kB
NFS_Unstable:          0 kB
Bounce:                0 kB
WritebackTmp:          0 kB
CommitLimit:     8679780 kB
Committed_AS:   72644100 kB
VmallocTotal:   263061440 kB
VmallocUsed:      126932 kB
VmallocChunk:          0 kB
Percpu:             6264 kB
CmaTotal:         405504 kB
CmaFree:          103004 kB
MemTotal:        7922396 kB
MemFree:          349796 kB
MemAvailable:    1839072 kB
Buffers:           56808 kB
Cached:          1577536 kB
SwapCached:            0 kB
Active:           583352 kB
Inactive:        3734132 kB
Active(anon):      26972 kB
Inactive(anon):  2678808 kB
Active(file):     556380 kB
Inactive(file):  1055324 kB
Unevictable:        6088 kB
Mlocked:            5648 kB
SwapTotal:       4718584 kB
SwapFree:        4716280 kB
Dirty:              1480 kB
Writeback:             0 kB
AnonPages:       2689300 kB
Mapped:          1137288 kB
Shmem:             18040 kB
KReclaimable:     267844 kB
Slab:             293324 kB
SReclaimable:      69024 kB
SUnreclaim:       224300 kB
KernelStack:       46256 kB
ShadowCallStack:   11588 kB
PageTables:        70344 kB
NFS_Unstable:          0 kB
Bounce:                0 kB
WritebackTmp:          0 kB
CommitLimit:     8679780 kB
Committed_AS:   72644104 kB
VmallocTotal:   263061440 kB
VmallocUsed:      126932 kB
VmallocChunk:          0 kB
Percpu:             6264 kB
CmaTotal:         405504 kB
CmaFree:          103004 kB
MemTotal:        7922396 kB
MemFree:          349024 kB
MemAvailable:    1838300 kB
Buffers:           56808 kB
Cached:          1577536 kB
SwapCached:            0 kB
Active:           583344 kB
Inactive:        3734452 kB
Active(anon):      26964 kB
Inactive(anon):  2679128 kB
Active(file):     556380 kB
Inactive(file):  1055324 kB
Unevictable:        6088 kB
Mlocked:            5648 kB
SwapTotal:       4718584 kB
SwapFree:        4716280 kB
Dirty:              1484 kB
Writeback:             0 kB
AnonPages:       2689640 kB
Mapped:          1137280 kB
Shmem:             18040 kB
KReclaimable:     267844 kB
Slab:             293308 kB
SReclaimable:      69024 kB
SUnreclaim:       224284 kB
KernelStack:       46272 kB
ShadowCallStack:   11588 kB
PageTables:        70212 kB
NFS_Unstable:          0 kB
Bounce:                0 kB
WritebackTmp:          0 kB
CommitLimit:     8679780 kB
Committed_AS:   72644104 kB
VmallocTotal:   263061440 kB
VmallocUsed:      126932 kB
VmallocChunk:          0 kB
Percpu:             6264 kB
CmaTotal:         405504 kB
CmaFree:          103004 kB
MemTotal:        7922396 kB
MemFree:          348124 kB
MemAvailable:    1837400 kB
Buffers:           56808 kB
Cached:          1577536 kB
SwapCached:            0 kB
Active:           583344 kB
Inactive:        3734776 kB
Active(anon):      26964 kB
Inactive(anon):  2679452 kB
Active(file):     556380 kB
Inactive(file):  1055324 kB
Unevictable:        6088 kB
Mlocked:            5648 kB
SwapTotal:       4718584 kB
SwapFree:        4716280 kB
Dirty:              1484 kB
Writeback:             0 kB
AnonPages:       2689820 kB
Mapped:          1137436 kB
Shmem:             18040 kB
KReclaimable:     267844 kB
Slab:             293284 kB
SReclaimable:      69024 kB
SUnreclaim:       224260 kB
KernelStack:       46272 kB
ShadowCallStack:   11592 kB
PageTables:        70536 kB
NFS_Unstable:          0 kB
Bounce:                0 kB
WritebackTmp:          0 kB
CommitLimit:     8679780 kB
Committed_AS:   72644104 kB
VmallocTotal:   263061440 kB
VmallocUsed:      126940 kB
VmallocChunk:          0 kB
Percpu:             6264 kB
CmaTotal:         405504 kB
CmaFree:          103004 kB
MemTotal:        7922396 kB
MemFree:          348084 kB
MemAvailable:    1837360 kB
Buffers:           56808 kB
Cached:          1577536 kB
SwapCached:            0 kB
Active:           583360 kB
Inactive:        3735444 kB
Active(anon):      26980 kB
Inactive(anon):  2680120 kB
Active(file):     556380 kB
Inactive(file):  1055324 kB
Unevictable:        6088 kB
Mlocked:            5648 kB
SwapTotal:       4718584 kB
SwapFree:        4716280 kB
Dirty:              1484 kB
Writeback:             0 kB
AnonPages:       2690484 kB
Mapped:          1137492 kB
Shmem:             18040 kB
KReclaimable:     267844 kB
Slab:             293240 kB
SReclaimable:      69024 kB
SUnreclaim:       224216 kB
KernelStack:       46288 kB
ShadowCallStack:   11600 kB
PageTables:        70272 kB
NFS_Unstable:          0 kB
Bounce:                0 kB
WritebackTmp:          0 kB
CommitLimit:     8679780 kB
Committed_AS:   72644104 kB
VmallocTotal:   263061440 kB
VmallocUsed:      126940 kB
VmallocChunk:          0 kB
Percpu:             6264 kB
CmaTotal:         405504 kB
CmaFree:          103128 kB
MemTotal:        7922396 kB
MemFree:          347524 kB
MemAvailable:    1836800 kB
Buffers:           56808 kB
Cached:          1577536 kB
SwapCached:            0 kB
Active:           583348 kB
Inactive:        3735688 kB
Active(anon):      26968 kB
Inactive(anon):  2680364 kB
Active(file):     556380 kB
Inactive(file):  1055324 kB
Unevictable:        6088 kB
Mlocked:            5648 kB
SwapTotal:       4718584 kB
SwapFree:        4716280 kB
Dirty:              1492 kB
Writeback:             0 kB
AnonPages:       2690740 kB
Mapped:          1137528 kB
Shmem:             18040 kB
KReclaimable:     267844 kB
Slab:             293292 kB
SReclaimable:      69024 kB
SUnreclaim:       224268 kB
KernelStack:       46288 kB
ShadowCallStack:   11584 kB
PageTables:        70344 kB
NFS_Unstable:          0 kB
Bounce:                0 kB
WritebackTmp:          0 kB
CommitLimit:     8679780 kB
Committed_AS:   72644112 kB
VmallocTotal:   263061440 kB
VmallocUsed:      126928 kB
VmallocChunk:          0 kB
Percpu:             6264 kB
CmaTotal:         405504 kB
CmaFree:          103232 kB
MemTotal:        7922396 kB
MemFree:          345808 kB
MemAvailable:    1835108 kB
Buffers:           56832 kB
Cached:          1577540 kB
SwapCached:            0 kB
Active:           583372 kB
Inactive:        3737412 kB
Active(anon):      26968 kB
Inactive(anon):  2682088 kB
Active(file):     556404 kB
Inactive(file):  1055324 kB
Unevictable:        6088 kB
Mlocked:            5648 kB
SwapTotal:       4718584 kB
SwapFree:        4716280 kB
Dirty:              1500 kB
Writeback:             0 kB
AnonPages:       2692500 kB
Mapped:          1137344 kB
Shmem:             18044 kB
KReclaimable:     267844 kB
Slab:             293288 kB
SReclaimable:      69024 kB
SUnreclaim:       224264 kB
KernelStack:       46272 kB
ShadowCallStack:   11592 kB
PageTables:        70412 kB
NFS_Unstable:          0 kB
Bounce:                0 kB
WritebackTmp:          0 kB
CommitLimit:     8679780 kB
Committed_AS:   72644108 kB
VmallocTotal:   263061440 kB
VmallocUsed:      126936 kB
VmallocChunk:          0 kB
Percpu:             6264 kB
CmaTotal:         405504 kB
CmaFree:          103232 kB
MemTotal:        7922396 kB
MemFree:          345524 kB
MemAvailable:    1834824 kB
Buffers:           56832 kB
Cached:          1577540 kB
SwapCached:            0 kB
Active:           583376 kB
Inactive:        3737680 kB
Active(anon):      26972 kB
Inactive(anon):  2682356 kB
Active(file):     556404 kB
Inactive(file):  1055324 kB
Unevictable:        6088 kB
Mlocked:            5648 kB
SwapTotal:       4718584 kB
SwapFree:        4716280 kB
Dirty:              1504 kB
Writeback:             0 kB
AnonPages:       2692876 kB
Mapped:          1137540 kB
Shmem:             18044 kB
KReclaimable:     267844 kB
Slab:             293284 kB
SReclaimable:      69024 kB
SUnreclaim:       224260 kB
KernelStack:       46256 kB
ShadowCallStack:   11584 kB
PageTables:        70244 kB
NFS_Unstable:          0 kB
Bounce:                0 kB
WritebackTmp:          0 kB
CommitLimit:     8679780 kB
Committed_AS:   72644108 kB
VmallocTotal:   263061440 kB
VmallocUsed:      126916 kB
VmallocChunk:          0 kB
Percpu:             6264 kB
CmaTotal:         405504 kB
CmaFree:          103232 kB
MemTotal:        7922396 kB
MemFree:          345000 kB
MemAvailable:    1834300 kB
Buffers:           56832 kB
Cached:          1577544 kB
SwapCached:            0 kB
Active:           583380 kB
Inactive:        3737888 kB
Active(anon):      26976 kB
Inactive(anon):  2682564 kB
Active(file):     556404 kB
Inactive(file):  1055324 kB
Unevictable:        6088 kB
Mlocked:            5648 kB
SwapTotal:       4718584 kB
SwapFree:        4716280 kB
Dirty:              1504 kB
Writeback:             0 kB
AnonPages:       2692968 kB
Mapped:          1137428 kB
Shmem:             18048 kB
KReclaimable:     267844 kB
Slab:             293252 kB
SReclaimable:      69024 kB
SUnreclaim:       224228 kB
KernelStack:       46240 kB
ShadowCallStack:   11592 kB
PageTables:        70408 kB
NFS_Unstable:          0 kB
Bounce:                0 kB
WritebackTmp:          0 kB
CommitLimit:     8679780 kB
Committed_AS:   72644112 kB
VmallocTotal:   263061440 kB
VmallocUsed:      126932 kB
VmallocChunk:          0 kB
Percpu:             6264 kB
CmaTotal:         405504 kB
CmaFree:          103232 kB
MemTotal:        7922396 kB
MemFree:          345052 kB
MemAvailable:    1834356 kB
Buffers:           56832 kB
Cached:          1577548 kB
SwapCached:            0 kB
Active:           583380 kB
Inactive:        3738256 kB
Active(anon):      26976 kB
Inactive(anon):  2682928 kB
Active(file):     556404 kB
Inactive(file):  1055328 kB
Unevictable:        6088 kB
Mlocked:            5648 kB
SwapTotal:       4718584 kB
SwapFree:        4716280 kB
Dirty:              1512 kB
Writeback:             0 kB
AnonPages:       2693308 kB
Mapped:          1137440 kB
Shmem:             18048 kB
KReclaimable:     267844 kB
Slab:             293292 kB
SReclaimable:      69024 kB
SUnreclaim:       224268 kB
KernelStack:       46304 kB
ShadowCallStack:   11584 kB
PageTables:        70388 kB
NFS_Unstable:          0 kB
Bounce:                0 kB
WritebackTmp:          0 kB
CommitLimit:     8679780 kB
Committed_AS:   72644112 kB
VmallocTotal:   263061440 kB
VmallocUsed:      126936 kB
VmallocChunk:          0 kB
Percpu:             6264 kB
CmaTotal:         405504 kB
CmaFree:          103232 kB
MemTotal:        7922396 kB
MemFree:          344252 kB
MemAvailable:    1833556 kB
Buffers:           56840 kB
Cached:          1577548 kB
SwapCached:            0 kB
Active:           583376 kB
Inactive:        3737712 kB
Active(anon):      26972 kB
Inactive(anon):  2682384 kB
Active(file):     556404 kB
Inactive(file):  1055328 kB
Unevictable:        6088 kB
Mlocked:            5648 kB
SwapTotal:       4718584 kB
SwapFree:        4716280 kB
Dirty:              1240 kB
Writeback:            52 kB
AnonPages:       2692924 kB
Mapped:          1137480 kB
Shmem:             18056 kB
KReclaimable:     267844 kB
Slab:             293296 kB
SReclaimable:      69024 kB
SUnreclaim:       224272 kB
KernelStack:       46240 kB
ShadowCallStack:   11584 kB
PageTables:        70264 kB
NFS_Unstable:          0 kB
Bounce:                0 kB
WritebackTmp:          0 kB
CommitLimit:     8679780 kB
Committed_AS:   72644124 kB
VmallocTotal:   263061440 kB
VmallocUsed:      126936 kB
VmallocChunk:          0 kB
Percpu:             6264 kB
CmaTotal:         405504 kB
CmaFree:          103252 kB
MemTotal:        7922396 kB
MemFree:          344144 kB
MemAvailable:    1833456 kB
Buffers:           56840 kB
Cached:          1577560 kB
SwapCached:            0 kB
Active:           583384 kB
Inactive:        3738492 kB
Active(anon):      26972 kB
Inactive(anon):  2683164 kB
Active(file):     556412 kB
Inactive(file):  1055328 kB
Unevictable:        6088 kB
Mlocked:            5648 kB
SwapTotal:       4718584 kB
SwapFree:        4716280 kB
Dirty:              1200 kB
Writeback:             0 kB
AnonPages:       2693652 kB
Mapped:          1137416 kB
Shmem:             18060 kB
KReclaimable:     267844 kB
Slab:             293296 kB
SReclaimable:      69024 kB
SUnreclaim:       224272 kB
KernelStack:       46272 kB
ShadowCallStack:   11592 kB
PageTables:        70332 kB
NFS_Unstable:          0 kB
Bounce:                0 kB
WritebackTmp:          0 kB
CommitLimit:     8679780 kB
Committed_AS:   72644124 kB
VmallocTotal:   263061440 kB
VmallocUsed:      126932 kB
VmallocChunk:          0 kB
Percpu:             6264 kB
CmaTotal:         405504 kB
CmaFree:          103232 kB
MemTotal:        7922396 kB
MemFree:          343072 kB
MemAvailable:    1832916 kB
Buffers:           56856 kB
Cached:          1577564 kB
SwapCached:            0 kB
Active:           583400 kB
Inactive:        3739332 kB
Active(anon):      26976 kB
Inactive(anon):  2683996 kB
Active(file):     556424 kB
Inactive(file):  1055336 kB
Unevictable:        6088 kB
Mlocked:            5648 kB
SwapTotal:       4718584 kB
SwapFree:        4716280 kB
Dirty:              1220 kB
Writeback:             0 kB
AnonPages:       2694164 kB
Mapped:          1137512 kB
Shmem:             18060 kB
KReclaimable:     268356 kB
Slab:             293832 kB
SReclaimable:      69536 kB
SUnreclaim:       224296 kB
KernelStack:       46304 kB
ShadowCallStack:   11588 kB
PageTables:        70404 kB
NFS_Unstable:          0 kB
Bounce:                0 kB
WritebackTmp:          0 kB
CommitLimit:     8679780 kB
Committed_AS:   72644168 kB
VmallocTotal:   263061440 kB
VmallocUsed:      126952 kB
VmallocChunk:          0 kB
Percpu:             6264 kB
CmaTotal:         405504 kB
CmaFree:          103380 kB
MemTotal:        7922396 kB
MemFree:          254860 kB
MemAvailable:    1664728 kB
Buffers:           56880 kB
Cached:          1577712 kB
SwapCached:            0 kB
Active:           583420 kB
Inactive:        3828020 kB
Active(anon):      26968 kB
Inactive(anon):  2772688 kB
Active(file):     556452 kB
Inactive(file):  1055332 kB
Unevictable:        6088 kB
Mlocked:            5648 kB
SwapTotal:       4718584 kB
SwapFree:        4716280 kB
Dirty:              1248 kB
Writeback:             0 kB
AnonPages:       2782964 kB
Mapped:          1138040 kB
Shmem:             18208 kB
KReclaimable:     134160 kB
Slab:             294264 kB
SReclaimable:      69728 kB
SUnreclaim:       224536 kB
KernelStack:       46352 kB
ShadowCallStack:   11612 kB
PageTables:        70608 kB
NFS_Unstable:          0 kB
Bounce:                0 kB
WritebackTmp:          0 kB
CommitLimit:     8679780 kB
Committed_AS:   72644508 kB
VmallocTotal:   263061440 kB
VmallocUsed:      127032 kB
VmallocChunk:          0 kB
Percpu:             6264 kB
CmaTotal:         405504 kB
CmaFree:           28160 kB
MemTotal:        7922396 kB
MemFree:          342440 kB
MemAvailable:    1832544 kB
Buffers:           56880 kB
Cached:          1577568 kB
SwapCached:            0 kB
Active:           583436 kB
Inactive:        3740000 kB
Active(anon):      26972 kB
Inactive(anon):  2684680 kB
Active(file):     556464 kB
Inactive(file):  1055320 kB
Unevictable:        6088 kB
Mlocked:            5648 kB
SwapTotal:       4718584 kB
SwapFree:        4716280 kB
Dirty:                56 kB
Writeback:             0 kB
AnonPages:       2695164 kB
Mapped:          1137620 kB
Shmem:             18064 kB
KReclaimable:     268592 kB
Slab:             294216 kB
SReclaimable:      69776 kB
SUnreclaim:       224440 kB
KernelStack:       46256 kB
ShadowCallStack:   11588 kB
PageTables:        70352 kB
NFS_Unstable:          0 kB
Bounce:                0 kB
WritebackTmp:          0 kB
CommitLimit:     8679780 kB
Committed_AS:   72644132 kB
VmallocTotal:   263061440 kB
VmallocUsed:      126944 kB
VmallocChunk:          0 kB
Percpu:             6264 kB
CmaTotal:         405504 kB
CmaFree:          101360 kB
MemTotal:        7922396 kB
MemFree:          352976 kB
MemAvailable:    1843080 kB
Buffers:           56880 kB
Cached:          1577568 kB
SwapCached:            0 kB
Active:           583484 kB
Inactive:        3727704 kB
Active(anon):      26972 kB
Inactive(anon):  2672432 kB
Active(file):     556512 kB
Inactive(file):  1055272 kB
Unevictable:        6088 kB
Mlocked:            5648 kB
SwapTotal:       4718584 kB
SwapFree:        4716280 kB
Dirty:               104 kB
Writeback:             0 kB
AnonPages:       2682828 kB
Mapped:          1132424 kB
Shmem:             18064 kB
KReclaimable:     268592 kB
Slab:             294144 kB
SReclaimable:      69776 kB
SUnreclaim:       224368 kB
KernelStack:       46272 kB
ShadowCallStack:   11592 kB
PageTables:        70184 kB
NFS_Unstable:          0 kB
Bounce:                0 kB
WritebackTmp:          0 kB
CommitLimit:     8679780 kB
Committed_AS:   72644180 kB
VmallocTotal:   263061440 kB
VmallocUsed:      126960 kB
VmallocChunk:          0 kB
Percpu:             6264 kB
CmaTotal:         405504 kB
CmaFree:          101360 kB
MemTotal:        7922396 kB
MemFree:          353064 kB
MemAvailable:    1843168 kB
Buffers:           56888 kB
Cached:          1577568 kB
SwapCached:            0 kB
Active:           583476 kB
Inactive:        3728216 kB
Active(anon):      26964 kB
Inactive(anon):  2672944 kB
Active(file):     556512 kB
Inactive(file):  1055272 kB
Unevictable:        6088 kB
Mlocked:            5648 kB
SwapTotal:       4718584 kB
SwapFree:        4716280 kB
Dirty:               124 kB
Writeback:             0 kB
AnonPages:       2683360 kB
Mapped:          1132600 kB
Shmem:             18064 kB
KReclaimable:     268592 kB
Slab:             294144 kB
SReclaimable:      69776 kB
SUnreclaim:       224368 kB
KernelStack:       46272 kB
ShadowCallStack:   11580 kB
PageTables:        70332 kB
NFS_Unstable:          0 kB
Bounce:                0 kB
WritebackTmp:          0 kB
CommitLimit:     8679780 kB
Committed_AS:   72644180 kB
VmallocTotal:   263061440 kB
VmallocUsed:      126960 kB
VmallocChunk:          0 kB
Percpu:             6264 kB
CmaTotal:         405504 kB
CmaFree:          101368 kB
MemTotal:        7922396 kB
MemFree:          352144 kB
MemAvailable:    1842268 kB
Buffers:           56904 kB
Cached:          1577568 kB
SwapCached:            0 kB
Active:           583508 kB
Inactive:        3729460 kB
Active(anon):      26976 kB
Inactive(anon):  2674188 kB
Active(file):     556532 kB
Inactive(file):  1055272 kB
Unevictable:        6088 kB
Mlocked:            5648 kB
SwapTotal:       4718584 kB
SwapFree:        4716280 kB
Dirty:               300 kB
Writeback:             0 kB
AnonPages:       2684612 kB
Mapped:          1132440 kB
Shmem:             18068 kB
KReclaimable:     268592 kB
Slab:             294112 kB
SReclaimable:      69776 kB
SUnreclaim:       224336 kB
KernelStack:       46272 kB
ShadowCallStack:   11568 kB
PageTables:        70076 kB
NFS_Unstable:          0 kB
Bounce:                0 kB
WritebackTmp:          0 kB
CommitLimit:     8679780 kB
Committed_AS:   72644184 kB
VmallocTotal:   263061440 kB
VmallocUsed:      126960 kB
VmallocChunk:          0 kB
Percpu:             6264 kB
CmaTotal:         405504 kB
CmaFree:          101360 kB
MemTotal:        7922396 kB
MemFree:          350632 kB
MemAvailable:    1840760 kB
Buffers:           56904 kB
Cached:          1577572 kB
SwapCached:            0 kB
Active:           583504 kB
Inactive:        3729980 kB
Active(anon):      26968 kB
Inactive(anon):  2674708 kB
Active(file):     556536 kB
Inactive(file):  1055272 kB
Unevictable:        6088 kB
Mlocked:            5648 kB
SwapTotal:       4718584 kB
SwapFree:        4716280 kB
Dirty:               288 kB
Writeback:             0 kB
AnonPages:       2685292 kB
Mapped:          1132604 kB
Shmem:             18068 kB
KReclaimable:     268592 kB
Slab:             294108 kB
SReclaimable:      69776 kB
SUnreclaim:       224332 kB
KernelStack:       46272 kB
ShadowCallStack:   11608 kB
PageTables:        70308 kB
NFS_Unstable:          0 kB
Bounce:                0 kB
WritebackTmp:          0 kB
CommitLimit:     8679780 kB
Committed_AS:   72644184 kB
VmallocTotal:   263061440 kB
VmallocUsed:      126952 kB
VmallocChunk:          0 kB
Percpu:             6264 kB
CmaTotal:         405504 kB
CmaFree:          101360 kB
MemTotal:        7922396 kB
MemFree:          350032 kB
MemAvailable:    1840160 kB
Buffers:           56904 kB
Cached:          1577572 kB
SwapCached:            0 kB
Active:           583504 kB
Inactive:        3730008 kB
Active(anon):      26968 kB
Inactive(anon):  2674736 kB
Active(file):     556536 kB
Inactive(file):  1055272 kB
Unevictable:        6088 kB
Mlocked:            5648 kB
SwapTotal:       4718584 kB
SwapFree:        4716280 kB
Dirty:               296 kB
Writeback:             0 kB
AnonPages:       2685200 kB
Mapped:          1132552 kB
Shmem:             18068 kB
KReclaimable:     268592 kB
Slab:             294104 kB
SReclaimable:      69776 kB
SUnreclaim:       224328 kB
KernelStack:       46288 kB
ShadowCallStack:   11596 kB
PageTables:        70268 kB
NFS_Unstable:          0 kB
Bounce:                0 kB
WritebackTmp:          0 kB
CommitLimit:     8679780 kB
Committed_AS:   72644184 kB
VmallocTotal:   263061440 kB
VmallocUsed:      126952 kB
VmallocChunk:          0 kB
Percpu:             6264 kB
CmaTotal:         405504 kB
CmaFree:          101360 kB
MemTotal:        7922396 kB
MemFree:          350032 kB
MemAvailable:    1840160 kB
Buffers:           56904 kB
Cached:          1577572 kB
SwapCached:            0 kB
Active:           583504 kB
Inactive:        3730128 kB
Active(anon):      26968 kB
Inactive(anon):  2674856 kB
Active(file):     556536 kB
Inactive(file):  1055272 kB
Unevictable:        6088 kB
Mlocked:            5648 kB
SwapTotal:       4718584 kB
SwapFree:        4716280 kB
Dirty:               296 kB
Writeback:             0 kB
AnonPages:       2685152 kB
Mapped:          1132424 kB
Shmem:             18068 kB
KReclaimable:     268592 kB
Slab:             294100 kB
SReclaimable:      69776 kB
SUnreclaim:       224324 kB
KernelStack:       46288 kB
ShadowCallStack:   11604 kB
PageTables:        70448 kB
NFS_Unstable:          0 kB
Bounce:                0 kB
WritebackTmp:          0 kB
CommitLimit:     8679780 kB
Committed_AS:   72644184 kB
VmallocTotal:   263061440 kB
VmallocUsed:      126952 kB
VmallocChunk:          0 kB
Percpu:             6264 kB
CmaTotal:         405504 kB
CmaFree:          101360 kB
MemTotal:        7922396 kB
MemFree:          350900 kB
MemAvailable:    1841028 kB
Buffers:           56904 kB
Cached:          1577576 kB
SwapCached:            0 kB
Active:           583512 kB
Inactive:        3729252 kB
Active(anon):      26976 kB
Inactive(anon):  2673980 kB
Active(file):     556536 kB
Inactive(file):  1055272 kB
Unevictable:        6088 kB
Mlocked:            5648 kB
SwapTotal:       4718584 kB
SwapFree:        4716280 kB
Dirty:               304 kB
Writeback:             0 kB
AnonPages:       2684440 kB
Mapped:          1132592 kB
Shmem:             18072 kB
KReclaimable:     268592 kB
Slab:             294104 kB
SReclaimable:      69776 kB
SUnreclaim:       224328 kB
KernelStack:       46272 kB
ShadowCallStack:   11588 kB
PageTables:        70204 kB
NFS_Unstable:          0 kB
Bounce:                0 kB
WritebackTmp:          0 kB
CommitLimit:     8679780 kB
Committed_AS:   72644192 kB
VmallocTotal:   263061440 kB
VmallocUsed:      126956 kB
VmallocChunk:          0 kB
Percpu:             6264 kB
CmaTotal:         405504 kB
CmaFree:          101616 kB
MemTotal:        7922396 kB
MemFree:          351664 kB
MemAvailable:    1841796 kB
Buffers:           56912 kB
Cached:          1577572 kB
SwapCached:            0 kB
Active:           583496 kB
Inactive:        3729796 kB
Active(anon):      26956 kB
Inactive(anon):  2674524 kB
Active(file):     556540 kB
Inactive(file):  1055272 kB
Unevictable:        6088 kB
Mlocked:            5648 kB
SwapTotal:       4718584 kB
SwapFree:        4716280 kB
Dirty:               312 kB
Writeback:             0 kB
AnonPages:       2684840 kB
Mapped:          1132520 kB
Shmem:             18072 kB
KReclaimable:     268592 kB
Slab:             294100 kB
SReclaimable:      69776 kB
SUnreclaim:       224324 kB
KernelStack:       46336 kB
ShadowCallStack:   11620 kB
PageTables:        70228 kB
NFS_Unstable:          0 kB
Bounce:                0 kB
WritebackTmp:          0 kB
CommitLimit:     8679780 kB
Committed_AS:   72644188 kB
VmallocTotal:   263061440 kB
VmallocUsed:      126952 kB
VmallocChunk:          0 kB
Percpu:             6264 kB
CmaTotal:         405504 kB
CmaFree:          101820 kB
MemTotal:        7922396 kB
MemFree:          350992 kB
MemAvailable:    1841128 kB
Buffers:           56912 kB
Cached:          1577576 kB
SwapCached:            0 kB
Active:           583520 kB
Inactive:        3730156 kB
Active(anon):      26976 kB
Inactive(anon):  2674884 kB
Active(file):     556544 kB
Inactive(file):  1055272 kB
Unevictable:        6088 kB
Mlocked:            5648 kB
SwapTotal:       4718584 kB
SwapFree:        4716280 kB
Dirty:               320 kB
Writeback:             0 kB
AnonPages:       2685280 kB
Mapped:          1132660 kB
Shmem:             18072 kB
KReclaimable:     268592 kB
Slab:             294104 kB
SReclaimable:      69776 kB
SUnreclaim:       224328 kB
KernelStack:       46288 kB
ShadowCallStack:   11596 kB
PageTables:        70036 kB
NFS_Unstable:          0 kB
Bounce:                0 kB
WritebackTmp:          0 kB
CommitLimit:     8679780 kB
Committed_AS:   72644188 kB
VmallocTotal:   263061440 kB
VmallocUsed:      126956 kB
VmallocChunk:          0 kB
Percpu:             6264 kB
CmaTotal:         405504 kB
CmaFree:          101820 kB
MemTotal:        7922396 kB
MemFree:          350912 kB
MemAvailable:    1841052 kB
Buffers:           56912 kB
Cached:          1577584 kB
SwapCached:            0 kB
Active:           583508 kB
Inactive:        3730144 kB
Active(anon):      26964 kB
Inactive(anon):  2674868 kB
Active(file):     556544 kB
Inactive(file):  1055276 kB
Unevictable:        6088 kB
Mlocked:            5648 kB
SwapTotal:       4718584 kB
SwapFree:        4716280 kB
Dirty:                56 kB
Writeback:             0 kB
AnonPages:       2685280 kB
Mapped:          1132528 kB
Shmem:             18076 kB
KReclaimable:     268592 kB
Slab:             294104 kB
SReclaimable:      69776 kB
SUnreclaim:       224328 kB
KernelStack:       46240 kB
ShadowCallStack:   11584 kB
PageTables:        70256 kB
NFS_Unstable:          0 kB
Bounce:                0 kB
WritebackTmp:          0 kB
CommitLimit:     8679780 kB
Committed_AS:   72644088 kB
VmallocTotal:   263061440 kB
VmallocUsed:      126892 kB
VmallocChunk:          0 kB
Percpu:             6264 kB
CmaTotal:         405504 kB
CmaFree:          101820 kB
MemTotal:        7922396 kB
MemFree:          350668 kB
MemAvailable:    1840884 kB
Buffers:           56920 kB
Cached:          1577656 kB
SwapCached:            0 kB
Active:           583512 kB
Inactive:        3730652 kB
Active(anon):      26960 kB
Inactive(anon):  2675308 kB
Active(file):     556552 kB
Inactive(file):  1055344 kB
Unevictable:        6088 kB
Mlocked:            5648 kB
SwapTotal:       4718584 kB
SwapFree:        4716280 kB
Dirty:               100 kB
Writeback:             0 kB
AnonPages:       2685728 kB
Mapped:          1132668 kB
Shmem:             18080 kB
KReclaimable:     268592 kB
Slab:             294096 kB
SReclaimable:      69776 kB
SUnreclaim:       224320 kB
KernelStack:       46240 kB
ShadowCallStack:   11584 kB
PageTables:        70352 kB
NFS_Unstable:          0 kB
Bounce:                0 kB
WritebackTmp:          0 kB
CommitLimit:     8679780 kB
Committed_AS:   72644048 kB
VmallocTotal:   263061440 kB
VmallocUsed:      126892 kB
VmallocChunk:          0 kB
Percpu:             6264 kB
CmaTotal:         405504 kB
CmaFree:          101820 kB
MemTotal:        7922396 kB
MemFree:          350172 kB
MemAvailable:    1840388 kB
Buffers:           56920 kB
Cached:          1577656 kB
SwapCached:            0 kB
Active:           583528 kB
Inactive:        3731028 kB
Active(anon):      26976 kB
Inactive(anon):  2675684 kB
Active(file):     556552 kB
Inactive(file):  1055344 kB
Unevictable:        6088 kB
Mlocked:            5648 kB
SwapTotal:       4718584 kB
SwapFree:        4716280 kB
Dirty:               104 kB
Writeback:             0 kB
AnonPages:       2686168 kB
Mapped:          1132732 kB
Shmem:             18080 kB
KReclaimable:     268592 kB
Slab:             294100 kB
SReclaimable:      69776 kB
SUnreclaim:       224324 kB
KernelStack:       46240 kB
ShadowCallStack:   11572 kB
PageTables:        70088 kB
NFS_Unstable:          0 kB
Bounce:                0 kB
WritebackTmp:          0 kB
CommitLimit:     8679780 kB
Committed_AS:   72644048 kB
VmallocTotal:   263061440 kB
VmallocUsed:      126880 kB
VmallocChunk:          0 kB
Percpu:             6264 kB
CmaTotal:         405504 kB
CmaFree:          101820 kB
MemTotal:        7922396 kB
MemFree:          349124 kB
MemAvailable:    1839364 kB
Buffers:           56944 kB
Cached:          1577656 kB
SwapCached:            0 kB
Active:           583548 kB
Inactive:        3732108 kB
Active(anon):      26972 kB
Inactive(anon):  2676764 kB
Active(file):     556576 kB
Inactive(file):  1055344 kB
Unevictable:        6088 kB
Mlocked:            5648 kB
SwapTotal:       4718584 kB
SwapFree:        4716280 kB
Dirty:               172 kB
Writeback:             0 kB
AnonPages:       2687184 kB
Mapped:          1132788 kB
Shmem:             18080 kB
KReclaimable:     268592 kB
Slab:             294036 kB
SReclaimable:      69776 kB
SUnreclaim:       224260 kB
KernelStack:       46256 kB
ShadowCallStack:   11580 kB
PageTables:        70384 kB
NFS_Unstable:          0 kB
Bounce:                0 kB
WritebackTmp:          0 kB
CommitLimit:     8679780 kB
Committed_AS:   72644052 kB
VmallocTotal:   263061440 kB
VmallocUsed:      126892 kB
VmallocChunk:          0 kB
Percpu:             6264 kB
CmaTotal:         405504 kB
CmaFree:          101820 kB
MemTotal:        7922396 kB
MemFree:          350680 kB
MemAvailable:    1840920 kB
Buffers:           56944 kB
Cached:          1577660 kB
SwapCached:            0 kB
Active:           583720 kB
Inactive:        3730360 kB
Active(anon):      26964 kB
Inactive(anon):  2675196 kB
Active(file):     556756 kB
Inactive(file):  1055164 kB
Unevictable:        6088 kB
Mlocked:            5648 kB
SwapTotal:       4718584 kB
SwapFree:        4716280 kB
Dirty:               232 kB
Writeback:             0 kB
AnonPages:       2685740 kB
Mapped:          1132828 kB
Shmem:             18084 kB
KReclaimable:     268592 kB
Slab:             294036 kB
SReclaimable:      69776 kB
SUnreclaim:       224260 kB
KernelStack:       46240 kB
ShadowCallStack:   11572 kB
PageTables:        70176 kB
NFS_Unstable:          0 kB
Bounce:                0 kB
WritebackTmp:          0 kB
CommitLimit:     8679780 kB
Committed_AS:   72644052 kB
VmallocTotal:   263061440 kB
VmallocUsed:      126892 kB
VmallocChunk:          0 kB
Percpu:             6264 kB
CmaTotal:         405504 kB
CmaFree:          102012 kB
MemTotal:        7922396 kB
MemFree:          346964 kB
MemAvailable:    1838188 kB
Buffers:           56952 kB
Cached:          1578680 kB
SwapCached:            0 kB
Active:           584684 kB
Inactive:        3734832 kB
Active(anon):      26948 kB
Inactive(anon):  2679664 kB
Active(file):     557736 kB
Inactive(file):  1055168 kB
Unevictable:        6088 kB
Mlocked:            5648 kB
SwapTotal:       4718584 kB
SwapFree:        4716280 kB
Dirty:               280 kB
Writeback:             0 kB
AnonPages:       2690092 kB
Mapped:          1133660 kB
Shmem:             18084 kB
KReclaimable:     268592 kB
Slab:             294044 kB
SReclaimable:      69776 kB
SUnreclaim:       224268 kB
KernelStack:       46176 kB
ShadowCallStack:   11564 kB
PageTables:        70296 kB
NFS_Unstable:          0 kB
Bounce:                0 kB
WritebackTmp:          0 kB
CommitLimit:     8679780 kB
Committed_AS:   72660340 kB
VmallocTotal:   263061440 kB
VmallocUsed:      126804 kB
VmallocChunk:          0 kB
Percpu:             6264 kB
CmaTotal:         405504 kB
CmaFree:          102012 kB
MemTotal:        7922396 kB
MemFree:          341540 kB
MemAvailable:    1833024 kB
Buffers:           56960 kB
Cached:          1578924 kB
SwapCached:            0 kB
Active:           584736 kB
Inactive:        3737824 kB
Active(anon):      26948 kB
Inactive(anon):  2682412 kB
Active(file):     557788 kB
Inactive(file):  1055412 kB
Unevictable:        6088 kB
Mlocked:            5648 kB
SwapTotal:       4718584 kB
SwapFree:        4716280 kB
Dirty:               324 kB
Writeback:             0 kB
AnonPages:       2692868 kB
Mapped:          1134128 kB
Shmem:             18084 kB
KReclaimable:     268556 kB
Slab:             294052 kB
SReclaimable:      69776 kB
SUnreclaim:       224276 kB
KernelStack:       46176 kB
ShadowCallStack:   11560 kB
PageTables:        70252 kB
NFS_Unstable:          0 kB
Bounce:                0 kB
WritebackTmp:          0 kB
CommitLimit:     8679780 kB
Committed_AS:   72676956 kB
VmallocTotal:   263061440 kB
VmallocUsed:      126824 kB
VmallocChunk:          0 kB
Percpu:             6264 kB
CmaTotal:         405504 kB
CmaFree:          102012 kB
MemTotal:        7922396 kB
MemFree:          337436 kB
MemAvailable:    1831256 kB
Buffers:           56960 kB
Cached:          1581292 kB
SwapCached:            0 kB
Active:           584788 kB
Inactive:        3743840 kB
Active(anon):      26948 kB
Inactive(anon):  2686140 kB
Active(file):     557840 kB
Inactive(file):  1057700 kB
Unevictable:        6088 kB
Mlocked:            5648 kB
SwapTotal:       4718584 kB
SwapFree:        4716280 kB
Dirty:               332 kB
Writeback:             0 kB
AnonPages:       2696464 kB
Mapped:          1134532 kB
Shmem:             18112 kB
KReclaimable:     268552 kB
Slab:             294060 kB
SReclaimable:      69776 kB
SUnreclaim:       224284 kB
KernelStack:       46352 kB
ShadowCallStack:   11612 kB
PageTables:        70312 kB
NFS_Unstable:          0 kB
Bounce:                0 kB
WritebackTmp:          0 kB
CommitLimit:     8679780 kB
Committed_AS:   72680532 kB
VmallocTotal:   263061440 kB
VmallocUsed:      127000 kB
VmallocChunk:          0 kB
Percpu:             6264 kB
CmaTotal:         405504 kB
CmaFree:          103848 kB
MemTotal:        7922396 kB
MemFree:          337480 kB
MemAvailable:    1831300 kB
Buffers:           56960 kB
Cached:          1581292 kB
SwapCached:            0 kB
Active:           584788 kB
Inactive:        3743780 kB
Active(anon):      26948 kB
Inactive(anon):  2686080 kB
Active(file):     557840 kB
Inactive(file):  1057700 kB
Unevictable:        6088 kB
Mlocked:            5648 kB
SwapTotal:       4718584 kB
SwapFree:        4716280 kB
Dirty:               332 kB
Writeback:             0 kB
AnonPages:       2696576 kB
Mapped:          1134580 kB
Shmem:             18112 kB
KReclaimable:     268552 kB
Slab:             294052 kB
SReclaimable:      69776 kB
SUnreclaim:       224276 kB
KernelStack:       46352 kB
ShadowCallStack:   11608 kB
PageTables:        70316 kB
NFS_Unstable:          0 kB
Bounce:                0 kB
WritebackTmp:          0 kB
CommitLimit:     8679780 kB
Committed_AS:   72680528 kB
VmallocTotal:   263061440 kB
VmallocUsed:      127020 kB
VmallocChunk:          0 kB
Percpu:             6264 kB
CmaTotal:         405504 kB
CmaFree:          103852 kB
MemTotal:        7922396 kB
MemFree:          330420 kB
MemAvailable:    1824348 kB
Buffers:           56960 kB
Cached:          1581400 kB
SwapCached:            0 kB
Active:           584784 kB
Inactive:        3745760 kB
Active(anon):      26944 kB
Inactive(anon):  2687952 kB
Active(file):     557840 kB
Inactive(file):  1057808 kB
Unevictable:        6088 kB
Mlocked:            5648 kB
SwapTotal:       4718584 kB
SwapFree:        4716280 kB
Dirty:               720 kB
Writeback:             0 kB
AnonPages:       2698280 kB
Mapped:          1134604 kB
Shmem:             18112 kB
KReclaimable:     268552 kB
Slab:             294072 kB
SReclaimable:      69776 kB
SUnreclaim:       224296 kB
KernelStack:       46336 kB
ShadowCallStack:   11608 kB
PageTables:        70412 kB
NFS_Unstable:          0 kB
Bounce:                0 kB
WritebackTmp:          0 kB
CommitLimit:     8679780 kB
Committed_AS:   72680484 kB
VmallocTotal:   263061440 kB
VmallocUsed:      127016 kB
VmallocChunk:          0 kB
Percpu:             6264 kB
CmaTotal:         405504 kB
CmaFree:          101220 kB
MemTotal:        7922396 kB
MemFree:          250148 kB
MemAvailable:    1664556 kB
Buffers:           56960 kB
Cached:          1581500 kB
SwapCached:            0 kB
Active:           584796 kB
Inactive:        3825072 kB
Active(anon):      26956 kB
Inactive(anon):  2767268 kB
Active(file):     557840 kB
Inactive(file):  1057804 kB
Unevictable:        6088 kB
Mlocked:            5648 kB
SwapTotal:       4718584 kB
SwapFree:        4716280 kB
Dirty:               736 kB
Writeback:             0 kB
AnonPages:       2777616 kB
Mapped:          1135200 kB
Shmem:             18216 kB
KReclaimable:     135520 kB
Slab:             294220 kB
SReclaimable:      69776 kB
SUnreclaim:       224444 kB
KernelStack:       46432 kB
ShadowCallStack:   11632 kB
PageTables:        70428 kB
NFS_Unstable:          0 kB
Bounce:                0 kB
WritebackTmp:          0 kB
CommitLimit:     8679780 kB
Committed_AS:   72680864 kB
VmallocTotal:   263061440 kB
VmallocUsed:      127132 kB
VmallocChunk:          0 kB
Percpu:             6264 kB
CmaTotal:         405504 kB
CmaFree:           22704 kB
MemTotal:        7922396 kB
MemFree:          321856 kB
MemAvailable:    1806948 kB
Buffers:           56968 kB
Cached:          1581392 kB
SwapCached:            0 kB
Active:           584788 kB
Inactive:        3750892 kB
Active(anon):      26944 kB
Inactive(anon):  2693088 kB
Active(file):     557844 kB
Inactive(file):  1057804 kB
Unevictable:        6088 kB
Mlocked:            5648 kB
SwapTotal:       4718584 kB
SwapFree:        4716280 kB
Dirty:               140 kB
Writeback:             0 kB
AnonPages:       2703304 kB
Mapped:          1134624 kB
Shmem:             18112 kB
KReclaimable:     259716 kB
Slab:             294300 kB
SReclaimable:      69776 kB
SUnreclaim:       224524 kB
KernelStack:       46400 kB
ShadowCallStack:   11628 kB
PageTables:        70252 kB
NFS_Unstable:          0 kB
Bounce:                0 kB
WritebackTmp:          0 kB
CommitLimit:     8679780 kB
Committed_AS:   72680572 kB
VmallocTotal:   263061440 kB
VmallocUsed:      127104 kB
VmallocChunk:          0 kB
Percpu:             6264 kB
CmaTotal:         405504 kB
CmaFree:           93496 kB
MemTotal:        7922396 kB
MemFree:          326944 kB
MemAvailable:    1820876 kB
Buffers:           56968 kB
Cached:          1581396 kB
SwapCached:            0 kB
Active:           584800 kB
Inactive:        3747360 kB
Active(anon):      26952 kB
Inactive(anon):  2689556 kB
Active(file):     557848 kB
Inactive(file):  1057804 kB
Unevictable:        6088 kB
Mlocked:            5648 kB
SwapTotal:       4718584 kB
SwapFree:        4716280 kB
Dirty:                88 kB
Writeback:             0 kB
AnonPages:       2699868 kB
Mapped:          1134676 kB
Shmem:             18112 kB
KReclaimable:     268552 kB
Slab:             294212 kB
SReclaimable:      69776 kB
SUnreclaim:       224436 kB
KernelStack:       46416 kB
ShadowCallStack:   11620 kB
PageTables:        70368 kB
NFS_Unstable:          0 kB
Bounce:                0 kB
WritebackTmp:          0 kB
CommitLimit:     8679780 kB
Committed_AS:   72680572 kB
VmallocTotal:   263061440 kB
VmallocUsed:      127076 kB
VmallocChunk:          0 kB
Percpu:             6264 kB
CmaTotal:         405504 kB
CmaFree:           98420 kB
MemTotal:        7922396 kB
MemFree:          326632 kB
MemAvailable:    1820636 kB
Buffers:           56968 kB
Cached:          1581456 kB
SwapCached:            0 kB
Active:           584804 kB
Inactive:        3747648 kB
Active(anon):      26948 kB
Inactive(anon):  2689796 kB
Active(file):     557856 kB
Inactive(file):  1057852 kB
Unevictable:        6088 kB
Mlocked:            5648 kB
SwapTotal:       4718584 kB
SwapFree:        4716280 kB
Dirty:                96 kB
Writeback:             0 kB
AnonPages:       2700036 kB
Mapped:          1134620 kB
Shmem:             18116 kB
KReclaimable:     268568 kB
Slab:             294208 kB
SReclaimable:      69792 kB
SUnreclaim:       224416 kB
KernelStack:       46352 kB
ShadowCallStack:   11624 kB
PageTables:        70140 kB
NFS_Unstable:          0 kB
Bounce:                0 kB
WritebackTmp:          0 kB
CommitLimit:     8679780 kB
Committed_AS:   72680576 kB
VmallocTotal:   263061440 kB
VmallocUsed:      127084 kB
VmallocChunk:          0 kB
Percpu:             6264 kB
CmaTotal:         405504 kB
CmaFree:           98928 kB
MemTotal:        7922396 kB
MemFree:          325204 kB
MemAvailable:    1819224 kB
Buffers:           56984 kB
Cached:          1581456 kB
SwapCached:            0 kB
Active:           584820 kB
Inactive:        3748856 kB
Active(anon):      26948 kB
Inactive(anon):  2691004 kB
Active(file):     557872 kB
Inactive(file):  1057852 kB
Unevictable:        6088 kB
Mlocked:            5648 kB
SwapTotal:       4718584 kB
SwapFree:        4716280 kB
Dirty:               172 kB
Writeback:             0 kB
AnonPages:       2701396 kB
Mapped:          1134696 kB
Shmem:             18116 kB
KReclaimable:     268568 kB
Slab:             294228 kB
SReclaimable:      69792 kB
SUnreclaim:       224436 kB
KernelStack:       46384 kB
ShadowCallStack:   11620 kB
PageTables:        70328 kB
NFS_Unstable:          0 kB
Bounce:                0 kB
WritebackTmp:          0 kB
CommitLimit:     8679780 kB
Committed_AS:   72680576 kB
VmallocTotal:   263061440 kB
VmallocUsed:      127088 kB
VmallocChunk:          0 kB
Percpu:             6264 kB
CmaTotal:         405504 kB
CmaFree:           99088 kB
MemTotal:        7922396 kB
MemFree:          324732 kB
MemAvailable:    1818752 kB
Buffers:           56984 kB
Cached:          1581456 kB
SwapCached:            0 kB
Active:           584828 kB
Inactive:        3749432 kB
Active(anon):      26952 kB
Inactive(anon):  2691584 kB
Active(file):     557876 kB
Inactive(file):  1057848 kB
Unevictable:        6088 kB
Mlocked:            5648 kB
SwapTotal:       4718584 kB
SwapFree:        4716280 kB
Dirty:               176 kB
Writeback:             0 kB
AnonPages:       2701880 kB
Mapped:          1134752 kB
Shmem:             18116 kB
KReclaimable:     268568 kB
Slab:             294224 kB
SReclaimable:      69792 kB
SUnreclaim:       224432 kB
KernelStack:       46384 kB
ShadowCallStack:   11616 kB
PageTables:        70296 kB
NFS_Unstable:          0 kB
Bounce:                0 kB
WritebackTmp:          0 kB
CommitLimit:     8679780 kB
Committed_AS:   72680576 kB
VmallocTotal:   263061440 kB
VmallocUsed:      127056 kB
VmallocChunk:          0 kB
Percpu:             6264 kB
CmaTotal:         405504 kB
CmaFree:           99432 kB
MemTotal:        7922396 kB
MemFree:          325932 kB
MemAvailable:    1819960 kB
Buffers:           56992 kB
Cached:          1581456 kB
SwapCached:            0 kB
Active:           584828 kB
Inactive:        3749472 kB
Active(anon):      26944 kB
Inactive(anon):  2691624 kB
Active(file):     557884 kB
Inactive(file):  1057848 kB
Unevictable:        6088 kB
Mlocked:            5648 kB
SwapTotal:       4718584 kB
SwapFree:        4716280 kB
Dirty:                56 kB
Writeback:             0 kB
AnonPages:       2701848 kB
Mapped:          1134788 kB
Shmem:             18116 kB
KReclaimable:     268568 kB
Slab:             294220 kB
SReclaimable:      69792 kB
SUnreclaim:       224428 kB
KernelStack:       46384 kB
ShadowCallStack:   11620 kB
PageTables:        70420 kB
NFS_Unstable:          0 kB
Bounce:                0 kB
WritebackTmp:          0 kB
CommitLimit:     8679780 kB
Committed_AS:   72680576 kB
VmallocTotal:   263061440 kB
VmallocUsed:      127080 kB
VmallocChunk:          0 kB
Percpu:             6264 kB
CmaTotal:         405504 kB
CmaFree:           99632 kB
MemTotal:        7922396 kB
MemFree:          327228 kB
MemAvailable:    1821260 kB
Buffers:           56992 kB
Cached:          1581464 kB
SwapCached:            0 kB
Active:           584796 kB
Inactive:        3749628 kB
Active(anon):      26912 kB
Inactive(anon):  2691776 kB
Active(file):     557884 kB
Inactive(file):  1057852 kB
Unevictable:        6088 kB
Mlocked:            5648 kB
SwapTotal:       4718584 kB
SwapFree:        4716280 kB
Dirty:                40 kB
Writeback:             0 kB
AnonPages:       2702064 kB
Mapped:          1134696 kB
Shmem:             18120 kB
KReclaimable:     268568 kB
Slab:             294196 kB
SReclaimable:      69792 kB
SUnreclaim:       224404 kB
KernelStack:       46208 kB
ShadowCallStack:   11576 kB
PageTables:        70412 kB
NFS_Unstable:          0 kB
Bounce:                0 kB
WritebackTmp:          0 kB
CommitLimit:     8679780 kB
Committed_AS:   72680008 kB
VmallocTotal:   263061440 kB
VmallocUsed:      126852 kB
VmallocChunk:          0 kB
Percpu:             6264 kB
CmaTotal:         405504 kB
CmaFree:           98860 kB
MemTotal:        7922396 kB
MemFree:          326064 kB
MemAvailable:    1820096 kB
Buffers:           56992 kB
Cached:          1581464 kB
SwapCached:            0 kB
Active:           584800 kB
Inactive:        3750032 kB
Active(anon):      26916 kB
Inactive(anon):  2692180 kB
Active(file):     557884 kB
Inactive(file):  1057852 kB
Unevictable:        6088 kB
Mlocked:            5648 kB
SwapTotal:       4718584 kB
SwapFree:        4716280 kB
Dirty:                44 kB
Writeback:             0 kB
AnonPages:       2702500 kB
Mapped:          1134696 kB
Shmem:             18120 kB
KReclaimable:     268568 kB
Slab:             294092 kB
SReclaimable:      69792 kB
SUnreclaim:       224300 kB
KernelStack:       46192 kB
ShadowCallStack:   11572 kB
PageTables:        70308 kB
NFS_Unstable:          0 kB
Bounce:                0 kB
WritebackTmp:          0 kB
CommitLimit:     8679780 kB
Committed_AS:   72679956 kB
VmallocTotal:   263061440 kB
VmallocUsed:      126832 kB
VmallocChunk:          0 kB
Percpu:             6264 kB
CmaTotal:         405504 kB
CmaFree:           98860 kB
MemTotal:        7922396 kB
MemFree:          325564 kB
MemAvailable:    1819604 kB
Buffers:           57000 kB
Cached:          1581464 kB
SwapCached:            0 kB
Active:           584816 kB
Inactive:        3750404 kB
Active(anon):      26924 kB
Inactive(anon):  2692552 kB
Active(file):     557892 kB
Inactive(file):  1057852 kB
Unevictable:        6088 kB
Mlocked:            5648 kB
SwapTotal:       4718584 kB
SwapFree:        4716280 kB
Dirty:                56 kB
Writeback:             0 kB
AnonPages:       2703092 kB
Mapped:          1134992 kB
Shmem:             18120 kB
KReclaimable:     268568 kB
Slab:             294092 kB
SReclaimable:      69792 kB
SUnreclaim:       224300 kB
KernelStack:       46208 kB
ShadowCallStack:   11572 kB
PageTables:        70280 kB
NFS_Unstable:          0 kB
Bounce:                0 kB
WritebackTmp:          0 kB
CommitLimit:     8679780 kB
Committed_AS:   72679960 kB
VmallocTotal:   263061440 kB
VmallocUsed:      126832 kB
VmallocChunk:          0 kB
Percpu:             6264 kB
CmaTotal:         405504 kB
CmaFree:           99016 kB
MemTotal:        7922396 kB
MemFree:          323124 kB
MemAvailable:    1817140 kB
Buffers:           57000 kB
Cached:          1581472 kB
SwapCached:            0 kB
Active:           584808 kB
Inactive:        3752312 kB
Active(anon):      26916 kB
Inactive(anon):  2694452 kB
Active(file):     557892 kB
Inactive(file):  1057860 kB
Unevictable:        6088 kB
Mlocked:            5648 kB
SwapTotal:       4718584 kB
SwapFree:        4716280 kB
Dirty:                68 kB
Writeback:             0 kB
AnonPages:       2704776 kB
Mapped:          1134708 kB
Shmem:             18120 kB
KReclaimable:     268536 kB
Slab:             294096 kB
SReclaimable:      69792 kB
SUnreclaim:       224304 kB
KernelStack:       46176 kB
ShadowCallStack:   11568 kB
PageTables:        70356 kB
NFS_Unstable:          0 kB
Bounce:                0 kB
WritebackTmp:          0 kB
CommitLimit:     8679780 kB
Committed_AS:   72680000 kB
VmallocTotal:   263061440 kB
VmallocUsed:      126840 kB
VmallocChunk:          0 kB
Percpu:             6264 kB
CmaTotal:         405504 kB
CmaFree:           98016 kB
MemTotal:        7922396 kB
MemFree:          324860 kB
MemAvailable:    1818868 kB
Buffers:           57000 kB
Cached:          1581480 kB
SwapCached:            0 kB
Active:           584804 kB
Inactive:        3751140 kB
Active(anon):      26912 kB
Inactive(anon):  2693272 kB
Active(file):     557892 kB
Inactive(file):  1057868 kB
Unevictable:        6088 kB
Mlocked:            5648 kB
SwapTotal:       4718584 kB
SwapFree:        4716280 kB
Dirty:                80 kB
Writeback:             0 kB
AnonPages:       2703532 kB
