MemTotal:       12113144 kB
MemFree:         6938904 kB
MemAvailable:    8292440 kB
Buffers:            5268 kB
Cached:          1616100 kB
SwapCached:            0 kB
Active:          1355720 kB
Inactive:        1415760 kB
Active(anon):    1157028 kB
Inactive(anon):    19992 kB
Active(file):     198692 kB
Inactive(file):  1395768 kB
Unevictable:        5624 kB
Mlocked:            5624 kB
SwapTotal:       3145724 kB
SwapFree:        3145724 kB
Dirty:              1460 kB
Writeback:             0 kB
AnonPages:       1155584 kB
Mapped:           819636 kB
Shmem:             22324 kB
KReclaimable:     627780 kB
Slab:             205532 kB
SReclaimable:      67008 kB
SUnreclaim:       138524 kB
KernelStack:       43904 kB
PageTables:        61108 kB
NFS_Unstable:          0 kB
Bounce:                0 kB
WritebackTmp:          0 kB
CommitLimit:     9202296 kB
Committed_AS:   65602248 kB
VmallocTotal:   263061440 kB
VmallocUsed:      100928 kB
VmallocChunk:          0 kB
Percpu:             7584 kB
CmaTotal:         294912 kB
CmaFree:               0 kB
MemTotal:       12113144 kB
MemFree:         6932668 kB
MemAvailable:    8286204 kB
Buffers:            5276 kB
Cached:          1616096 kB
SwapCached:            0 kB
Active:          1360620 kB
Inactive:        1415764 kB
Active(anon):    1161928 kB
Inactive(anon):    19996 kB
Active(file):     198692 kB
Inactive(file):  1395768 kB
Unevictable:        5624 kB
Mlocked:            5624 kB
SwapTotal:       3145724 kB
SwapFree:        3145724 kB
Dirty:               468 kB
Writeback:             0 kB
AnonPages:       1160916 kB
Mapped:           818432 kB
Shmem:             22328 kB
KReclaimable:     627780 kB
Slab:             205584 kB
SReclaimable:      67008 kB
SUnreclaim:       138576 kB
KernelStack:       43952 kB
PageTables:        61380 kB
NFS_Unstable:          0 kB
Bounce:                0 kB
WritebackTmp:          0 kB
CommitLimit:     9202296 kB
Committed_AS:   65626200 kB
VmallocTotal:   263061440 kB
VmallocUsed:      100992 kB
VmallocChunk:          0 kB
Percpu:             7584 kB
CmaTotal:         294912 kB
CmaFree:               0 kB
MemTotal:       12113144 kB
MemFree:         6932688 kB
MemAvailable:    8286264 kB
Buffers:            5276 kB
Cached:          1616132 kB
SwapCached:            0 kB
Active:          1361040 kB
Inactive:        1415792 kB
Active(anon):    1162340 kB
Inactive(anon):    19996 kB
Active(file):     198700 kB
Inactive(file):  1395796 kB
Unevictable:        5624 kB
Mlocked:            5624 kB
SwapTotal:       3145724 kB
SwapFree:        3145724 kB
Dirty:               380 kB
Writeback:             0 kB
AnonPages:       1161292 kB
Mapped:           818320 kB
Shmem:             22328 kB
KReclaimable:     627784 kB
Slab:             205556 kB
SReclaimable:      67012 kB
SUnreclaim:       138544 kB
KernelStack:       44000 kB
PageTables:        61516 kB
NFS_Unstable:          0 kB
Bounce:                0 kB
WritebackTmp:          0 kB
CommitLimit:     9202296 kB
Committed_AS:   65626280 kB
VmallocTotal:   263061440 kB
VmallocUsed:      100992 kB
VmallocChunk:          0 kB
Percpu:             7584 kB
CmaTotal:         294912 kB
CmaFree:               0 kB
MemTotal:       12113144 kB
MemFree:         6931096 kB
MemAvailable:    8285120 kB
Buffers:            5276 kB
Cached:          1616560 kB
SwapCached:            0 kB
Active:          1361880 kB
Inactive:        1416220 kB
Active(anon):    1163180 kB
Inactive(anon):    20020 kB
Active(file):     198700 kB
Inactive(file):  1396200 kB
Unevictable:        5624 kB
Mlocked:            5624 kB
SwapTotal:       3145724 kB
SwapFree:        3145724 kB
Dirty:              1996 kB
Writeback:             0 kB
AnonPages:       1162096 kB
Mapped:           818344 kB
Shmem:             22352 kB
KReclaimable:     627828 kB
Slab:             205596 kB
SReclaimable:      67056 kB
SUnreclaim:       138540 kB
KernelStack:       44000 kB
PageTables:        61548 kB
NFS_Unstable:          0 kB
Bounce:                0 kB
WritebackTmp:          0 kB
CommitLimit:     9202296 kB
Committed_AS:   65623452 kB
VmallocTotal:   263061440 kB
VmallocUsed:      100928 kB
VmallocChunk:          0 kB
Percpu:             7584 kB
CmaTotal:         294912 kB
CmaFree:               0 kB
MemTotal:       12113144 kB
MemFree:         6931084 kB
MemAvailable:    8285112 kB
Buffers:            5276 kB
Cached:          1616560 kB
SwapCached:            0 kB
Active:          1361360 kB
Inactive:        1416220 kB
Active(anon):    1162660 kB
Inactive(anon):    20020 kB
Active(file):     198700 kB
Inactive(file):  1396200 kB
Unevictable:        5624 kB
Mlocked:            5624 kB
SwapTotal:       3145724 kB
SwapFree:        3145724 kB
Dirty:              1940 kB
Writeback:             0 kB
AnonPages:       1161388 kB
Mapped:           818344 kB
Shmem:             22352 kB
KReclaimable:     627832 kB
Slab:             205592 kB
SReclaimable:      67060 kB
SUnreclaim:       138532 kB
KernelStack:       43984 kB
PageTables:        61428 kB
NFS_Unstable:          0 kB
Bounce:                0 kB
WritebackTmp:          0 kB
CommitLimit:     9202296 kB
Committed_AS:   65623228 kB
VmallocTotal:   263061440 kB
VmallocUsed:      100912 kB
VmallocChunk:          0 kB
Percpu:             7584 kB
CmaTotal:         294912 kB
CmaFree:               0 kB
MemTotal:       12113144 kB
MemFree:         6930344 kB
MemAvailable:    8284372 kB
Buffers:            5276 kB
Cached:          1616560 kB
SwapCached:            0 kB
Active:          1361948 kB
Inactive:        1416220 kB
Active(anon):    1163248 kB
Inactive(anon):    20020 kB
Active(file):     198700 kB
Inactive(file):  1396200 kB
Unevictable:        5624 kB
Mlocked:            5624 kB
SwapTotal:       3145724 kB
SwapFree:        3145724 kB
Dirty:              1992 kB
Writeback:             0 kB
AnonPages:       1162212 kB
Mapped:           818604 kB
Shmem:             22352 kB
KReclaimable:     627832 kB
Slab:             205600 kB
SReclaimable:      67060 kB
SUnreclaim:       138540 kB
KernelStack:       43984 kB
PageTables:        61428 kB
NFS_Unstable:          0 kB
Bounce:                0 kB
WritebackTmp:          0 kB
CommitLimit:     9202296 kB
Committed_AS:   65622880 kB
VmallocTotal:   263061440 kB
VmallocUsed:      100912 kB
VmallocChunk:          0 kB
Percpu:             7584 kB
CmaTotal:         294912 kB
CmaFree:               0 kB
MemTotal:       12113144 kB
MemFree:         6935844 kB
MemAvailable:    8289912 kB
Buffers:            5280 kB
Cached:          1616592 kB
SwapCached:            0 kB
Active:          1358744 kB
Inactive:        1416252 kB
Active(anon):    1160040 kB
Inactive(anon):    20020 kB
Active(file):     198704 kB
Inactive(file):  1396232 kB
Unevictable:        5624 kB
Mlocked:            5624 kB
SwapTotal:       3145724 kB
SwapFree:        3145724 kB
Dirty:               492 kB
Writeback:             0 kB
AnonPages:       1158928 kB
Mapped:           818344 kB
Shmem:             22352 kB
KReclaimable:     627836 kB
Slab:             205604 kB
SReclaimable:      67064 kB
SUnreclaim:       138540 kB
KernelStack:       43984 kB
PageTables:        61432 kB
NFS_Unstable:          0 kB
Bounce:                0 kB
WritebackTmp:          0 kB
CommitLimit:     9202296 kB
Committed_AS:   65622768 kB
VmallocTotal:   263061440 kB
VmallocUsed:      100944 kB
VmallocChunk:          0 kB
Percpu:             7584 kB
CmaTotal:         294912 kB
CmaFree:               0 kB
MemTotal:       12113144 kB
MemFree:         6934816 kB
MemAvailable:    8288904 kB
Buffers:            5284 kB
Cached:          1616616 kB
SwapCached:            0 kB
Active:          1359188 kB
Inactive:        1416276 kB
Active(anon):    1160480 kB
Inactive(anon):    20028 kB
Active(file):     198708 kB
Inactive(file):  1396248 kB
Unevictable:        5624 kB
Mlocked:            5624 kB
SwapTotal:       3145724 kB
SwapFree:        3145724 kB
Dirty:               528 kB
Writeback:             0 kB
AnonPages:       1159440 kB
Mapped:           818612 kB
Shmem:             22360 kB
KReclaimable:     627836 kB
Slab:             205612 kB
SReclaimable:      67064 kB
SUnreclaim:       138548 kB
KernelStack:       43920 kB
PageTables:        61432 kB
NFS_Unstable:          0 kB
Bounce:                0 kB
WritebackTmp:          0 kB
CommitLimit:     9202296 kB
Committed_AS:   65623668 kB
VmallocTotal:   263061440 kB
VmallocUsed:      100880 kB
VmallocChunk:          0 kB
Percpu:             7584 kB
CmaTotal:         294912 kB
CmaFree:               0 kB
MemTotal:       12113144 kB
MemFree:         6934020 kB
MemAvailable:    8288108 kB
Buffers:            5284 kB
Cached:          1616616 kB
SwapCached:            0 kB
Active:          1359560 kB
Inactive:        1416276 kB
Active(anon):    1160852 kB
Inactive(anon):    20028 kB
Active(file):     198708 kB
Inactive(file):  1396248 kB
Unevictable:        5624 kB
Mlocked:            5624 kB
SwapTotal:       3145724 kB
SwapFree:        3145724 kB
Dirty:               528 kB
Writeback:             0 kB
AnonPages:       1159732 kB
Mapped:           818440 kB
Shmem:             22360 kB
KReclaimable:     627836 kB
Slab:             205612 kB
SReclaimable:      67064 kB
SUnreclaim:       138548 kB
KernelStack:       43984 kB
PageTables:        61496 kB
NFS_Unstable:          0 kB
Bounce:                0 kB
WritebackTmp:          0 kB
CommitLimit:     9202296 kB
Committed_AS:   65623272 kB
VmallocTotal:   263061440 kB
VmallocUsed:      100896 kB
VmallocChunk:          0 kB
Percpu:             7584 kB
CmaTotal:         294912 kB
CmaFree:              92 kB
MemTotal:       12113144 kB
MemFree:         6934220 kB
MemAvailable:    8288308 kB
Buffers:            5284 kB
Cached:          1616616 kB
SwapCached:            0 kB
Active:          1360376 kB
Inactive:        1416276 kB
Active(anon):    1161668 kB
Inactive(anon):    20028 kB
Active(file):     198708 kB
Inactive(file):  1396248 kB
Unevictable:        5624 kB
Mlocked:            5624 kB
SwapTotal:       3145724 kB
SwapFree:        3145724 kB
Dirty:               528 kB
Writeback:             0 kB
AnonPages:       1160336 kB
Mapped:           818612 kB
Shmem:             22360 kB
KReclaimable:     627836 kB
Slab:             205612 kB
SReclaimable:      67064 kB
SUnreclaim:       138548 kB
KernelStack:       43920 kB
PageTables:        61448 kB
NFS_Unstable:          0 kB
Bounce:                0 kB
WritebackTmp:          0 kB
CommitLimit:     9202296 kB
Committed_AS:   65623020 kB
VmallocTotal:   263061440 kB
VmallocUsed:      100912 kB
VmallocChunk:          0 kB
Percpu:             7584 kB
CmaTotal:         294912 kB
CmaFree:               0 kB
MemTotal:       12113144 kB
MemFree:         6933516 kB
MemAvailable:    8287604 kB
Buffers:            5284 kB
Cached:          1616616 kB
SwapCached:            0 kB
Active:          1360780 kB
Inactive:        1416272 kB
Active(anon):    1162068 kB
Inactive(anon):    20028 kB
Active(file):     198712 kB
Inactive(file):  1396244 kB
Unevictable:        5624 kB
Mlocked:            5624 kB
SwapTotal:       3145724 kB
SwapFree:        3145724 kB
Dirty:               532 kB
Writeback:             0 kB
AnonPages:       1160840 kB
Mapped:           818620 kB
Shmem:             22360 kB
KReclaimable:     627836 kB
Slab:             205612 kB
SReclaimable:      67064 kB
SUnreclaim:       138548 kB
KernelStack:       43956 kB
PageTables:        61464 kB
NFS_Unstable:          0 kB
Bounce:                0 kB
WritebackTmp:          0 kB
CommitLimit:     9202296 kB
Committed_AS:   65622768 kB
VmallocTotal:   263061440 kB
VmallocUsed:      100912 kB
VmallocChunk:          0 kB
Percpu:             7584 kB
CmaTotal:         294912 kB
CmaFree:               0 kB
MemTotal:       12113144 kB
MemFree:         6932408 kB
MemAvailable:    8286496 kB
Buffers:            5284 kB
Cached:          1616620 kB
SwapCached:            0 kB
Active:          1361568 kB
Inactive:        1416276 kB
Active(anon):    1162856 kB
Inactive(anon):    20032 kB
Active(file):     198712 kB
Inactive(file):  1396244 kB
Unevictable:        5624 kB
Mlocked:            5624 kB
SwapTotal:       3145724 kB
SwapFree:        3145724 kB
Dirty:               344 kB
Writeback:             0 kB
AnonPages:       1161412 kB
Mapped:           818468 kB
Shmem:             22364 kB
KReclaimable:     627836 kB
Slab:             205608 kB
SReclaimable:      67064 kB
SUnreclaim:       138544 kB
KernelStack:       43956 kB
PageTables:        61660 kB
NFS_Unstable:          0 kB
Bounce:                0 kB
WritebackTmp:          0 kB
CommitLimit:     9202296 kB
Committed_AS:   65624940 kB
VmallocTotal:   263061440 kB
VmallocUsed:      100928 kB
VmallocChunk:          0 kB
Percpu:             7584 kB
CmaTotal:         294912 kB
CmaFree:               0 kB
MemTotal:       12113144 kB
MemFree:         6932064 kB
MemAvailable:    8286160 kB
Buffers:            5284 kB
Cached:          1616628 kB
SwapCached:            0 kB
Active:          1363548 kB
Inactive:        1416284 kB
Active(anon):    1164836 kB
Inactive(anon):    20032 kB
Active(file):     198712 kB
Inactive(file):  1396252 kB
Unevictable:        5624 kB
Mlocked:            5624 kB
SwapTotal:       3145724 kB
SwapFree:        3145724 kB
Dirty:               352 kB
Writeback:             0 kB
AnonPages:       1163752 kB
Mapped:           818396 kB
Shmem:             22364 kB
KReclaimable:     627836 kB
Slab:             205616 kB
SReclaimable:      67064 kB
SUnreclaim:       138552 kB
KernelStack:       44080 kB
PageTables:        61456 kB
NFS_Unstable:          0 kB
Bounce:                0 kB
WritebackTmp:          0 kB
CommitLimit:     9202296 kB
Committed_AS:   65616964 kB
VmallocTotal:   263061440 kB
VmallocUsed:      100960 kB
VmallocChunk:          0 kB
Percpu:             7584 kB
CmaTotal:         294912 kB
CmaFree:               0 kB
MemTotal:       12113144 kB
MemFree:         6930540 kB
MemAvailable:    8284640 kB
Buffers:            5288 kB
Cached:          1616628 kB
SwapCached:            0 kB
Active:          1363452 kB
Inactive:        1416284 kB
Active(anon):    1164736 kB
Inactive(anon):    20032 kB
Active(file):     198716 kB
Inactive(file):  1396252 kB
Unevictable:        5624 kB
Mlocked:            5624 kB
SwapTotal:       3145724 kB
SwapFree:        3145724 kB
Dirty:               368 kB
Writeback:             0 kB
AnonPages:       1163680 kB
Mapped:           818656 kB
Shmem:             22364 kB
KReclaimable:     627836 kB
Slab:             205616 kB
SReclaimable:      67064 kB
SUnreclaim:       138552 kB
KernelStack:       44080 kB
PageTables:        61460 kB
NFS_Unstable:          0 kB
Bounce:                0 kB
WritebackTmp:          0 kB
CommitLimit:     9202296 kB
Committed_AS:   65617060 kB
VmallocTotal:   263061440 kB
VmallocUsed:      100976 kB
VmallocChunk:          0 kB
Percpu:             7584 kB
CmaTotal:         294912 kB
CmaFree:               0 kB
MemTotal:       12113144 kB
MemFree:         6930952 kB
MemAvailable:    8285060 kB
Buffers:            5288 kB
Cached:          1616636 kB
SwapCached:            0 kB
Active:          1363984 kB
Inactive:        1416292 kB
Active(anon):    1165268 kB
Inactive(anon):    20032 kB
Active(file):     198716 kB
Inactive(file):  1396260 kB
Unevictable:        5624 kB
Mlocked:            5624 kB
SwapTotal:       3145724 kB
SwapFree:        3145724 kB
Dirty:               360 kB
Writeback:             0 kB
AnonPages:       1164128 kB
Mapped:           818656 kB
Shmem:             22364 kB
KReclaimable:     627836 kB
Slab:             205616 kB
SReclaimable:      67064 kB
SUnreclaim:       138552 kB
KernelStack:       44112 kB
PageTables:        61464 kB
NFS_Unstable:          0 kB
Bounce:                0 kB
WritebackTmp:          0 kB
CommitLimit:     9202296 kB
Committed_AS:   65609968 kB
VmallocTotal:   263061440 kB
VmallocUsed:      100992 kB
VmallocChunk:          0 kB
Percpu:             7584 kB
CmaTotal:         294912 kB
CmaFree:               0 kB
MemTotal:       12113144 kB
MemFree:         6929304 kB
MemAvailable:    8283412 kB
Buffers:            5288 kB
Cached:          1616636 kB
SwapCached:            0 kB
Active:          1364312 kB
Inactive:        1416292 kB
Active(anon):    1165596 kB
Inactive(anon):    20032 kB
Active(file):     198716 kB
Inactive(file):  1396260 kB
Unevictable:        5624 kB
Mlocked:            5624 kB
SwapTotal:       3145724 kB
SwapFree:        3145724 kB
Dirty:               360 kB
Writeback:             0 kB
AnonPages:       1164472 kB
Mapped:           818656 kB
Shmem:             22364 kB
KReclaimable:     627836 kB
Slab:             205616 kB
SReclaimable:      67064 kB
SUnreclaim:       138552 kB
KernelStack:       44112 kB
PageTables:        61468 kB
NFS_Unstable:          0 kB
Bounce:                0 kB
WritebackTmp:          0 kB
CommitLimit:     9202296 kB
Committed_AS:   65613696 kB
VmallocTotal:   263061440 kB
VmallocUsed:      101024 kB
VmallocChunk:          0 kB
Percpu:             7584 kB
CmaTotal:         294912 kB
CmaFree:               0 kB
MemTotal:       12113144 kB
MemFree:         6928044 kB
MemAvailable:    8282152 kB
Buffers:            5288 kB
Cached:          1616640 kB
SwapCached:            0 kB
Active:          1366104 kB
Inactive:        1416296 kB
Active(anon):    1167388 kB
Inactive(anon):    20036 kB
Active(file):     198716 kB
Inactive(file):  1396260 kB
Unevictable:        5624 kB
Mlocked:            5624 kB
SwapTotal:       3145724 kB
SwapFree:        3145724 kB
Dirty:               444 kB
Writeback:             0 kB
AnonPages:       1166352 kB
Mapped:           818744 kB
Shmem:             22368 kB
KReclaimable:     627836 kB
Slab:             205616 kB
SReclaimable:      67064 kB
SUnreclaim:       138552 kB
KernelStack:       44112 kB
PageTables:        61468 kB
NFS_Unstable:          0 kB
Bounce:                0 kB
WritebackTmp:          0 kB
CommitLimit:     9202296 kB
Committed_AS:   65613648 kB
VmallocTotal:   263061440 kB
VmallocUsed:      101056 kB
VmallocChunk:          0 kB
Percpu:             7584 kB
CmaTotal:         294912 kB
CmaFree:               0 kB
MemTotal:       12113144 kB
MemFree:         6931692 kB
MemAvailable:    8285800 kB
Buffers:            5288 kB
Cached:          1616640 kB
SwapCached:            0 kB
Active:          1359704 kB
Inactive:        1416296 kB
Active(anon):    1160988 kB
Inactive(anon):    20036 kB
Active(file):     198716 kB
Inactive(file):  1396260 kB
Unevictable:        5624 kB
Mlocked:            5624 kB
SwapTotal:       3145724 kB
SwapFree:        3145724 kB
Dirty:               604 kB
Writeback:             0 kB
AnonPages:       1159340 kB
Mapped:           818488 kB
Shmem:             22368 kB
KReclaimable:     627836 kB
Slab:             205608 kB
SReclaimable:      67064 kB
SUnreclaim:       138544 kB
KernelStack:       44160 kB
PageTables:        61476 kB
NFS_Unstable:          0 kB
Bounce:                0 kB
WritebackTmp:          0 kB
CommitLimit:     9202296 kB
Committed_AS:   65619028 kB
VmallocTotal:   263061440 kB
VmallocUsed:      100992 kB
VmallocChunk:          0 kB
Percpu:             7584 kB
CmaTotal:         294912 kB
CmaFree:               0 kB
MemTotal:       12113144 kB
MemFree:         6931760 kB
MemAvailable:    8285868 kB
Buffers:            5288 kB
Cached:          1616640 kB
SwapCached:            0 kB
Active:          1360228 kB
Inactive:        1416296 kB
Active(anon):    1161512 kB
Inactive(anon):    20036 kB
Active(file):     198716 kB
Inactive(file):  1396260 kB
Unevictable:        5624 kB
Mlocked:            5624 kB
SwapTotal:       3145724 kB
SwapFree:        3145724 kB
Dirty:               644 kB
Writeback:             0 kB
AnonPages:       1160132 kB
Mapped:           818684 kB
Shmem:             22368 kB
KReclaimable:     627836 kB
Slab:             205608 kB
SReclaimable:      67064 kB
SUnreclaim:       138544 kB
KernelStack:       44132 kB
PageTables:        61428 kB
NFS_Unstable:          0 kB
Bounce:                0 kB
WritebackTmp:          0 kB
CommitLimit:     9202296 kB
Committed_AS:   65619360 kB
VmallocTotal:   263061440 kB
VmallocUsed:      101072 kB
VmallocChunk:          0 kB
Percpu:             7584 kB
CmaTotal:         294912 kB
CmaFree:               0 kB
MemTotal:       12113144 kB
MemFree:         6929776 kB
MemAvailable:    8283884 kB
Buffers:            5288 kB
Cached:          1616640 kB
SwapCached:            0 kB
Active:          1364268 kB
Inactive:        1416296 kB
Active(anon):    1165552 kB
Inactive(anon):    20036 kB
Active(file):     198716 kB
Inactive(file):  1396260 kB
Unevictable:        5624 kB
Mlocked:            5624 kB
SwapTotal:       3145724 kB
SwapFree:        3145724 kB
Dirty:               644 kB
Writeback:             0 kB
AnonPages:       1164460 kB
Mapped:           818744 kB
Shmem:             22368 kB
KReclaimable:     627836 kB
Slab:             205608 kB
SReclaimable:      67064 kB
SUnreclaim:       138544 kB
KernelStack:       44112 kB
PageTables:        61468 kB
NFS_Unstable:          0 kB
Bounce:                0 kB
WritebackTmp:          0 kB
CommitLimit:     9202296 kB
Committed_AS:   65619500 kB
VmallocTotal:   263061440 kB
VmallocUsed:      101072 kB
VmallocChunk:          0 kB
Percpu:             7584 kB
CmaTotal:         294912 kB
CmaFree:               0 kB
MemTotal:       12113144 kB
MemFree:         6917464 kB
MemAvailable:    8210680 kB
Buffers:            5288 kB
Cached:          1616820 kB
SwapCached:            0 kB
Active:          1376812 kB
Inactive:        1416476 kB
Active(anon):    1178096 kB
Inactive(anon):    20036 kB
Active(file):     198716 kB
Inactive(file):  1396440 kB
Unevictable:        5624 kB
Mlocked:            5624 kB
SwapTotal:       3145724 kB
SwapFree:        3145724 kB
Dirty:              2444 kB
Writeback:             0 kB
AnonPages:       1176620 kB
Mapped:           818800 kB
Shmem:             22368 kB
KReclaimable:     566764 kB
Slab:             205624 kB
SReclaimable:      67076 kB
SUnreclaim:       138548 kB
KernelStack:       44160 kB
PageTables:        61512 kB
NFS_Unstable:          0 kB
Bounce:                0 kB
WritebackTmp:          0 kB
CommitLimit:     9202296 kB
Committed_AS:   65619712 kB
VmallocTotal:   263061440 kB
VmallocUsed:      101312 kB
VmallocChunk:          0 kB
Percpu:             7584 kB
CmaTotal:         294912 kB
CmaFree:               0 kB
MemTotal:       12113144 kB
MemFree:         6926000 kB
MemAvailable:    8275216 kB
Buffers:            5288 kB
Cached:          1616820 kB
SwapCached:            0 kB
Active:          1367464 kB
Inactive:        1416476 kB
Active(anon):    1168748 kB
Inactive(anon):    20036 kB
Active(file):     198716 kB
Inactive(file):  1396440 kB
Unevictable:        5624 kB
Mlocked:            5624 kB
SwapTotal:       3145724 kB
SwapFree:        3145724 kB
Dirty:              2184 kB
Writeback:             0 kB
AnonPages:       1167580 kB
Mapped:           818744 kB
Shmem:             22368 kB
KReclaimable:     622764 kB
Slab:             205624 kB
SReclaimable:      67076 kB
SUnreclaim:       138548 kB
KernelStack:       44240 kB
PageTables:        61488 kB
NFS_Unstable:          0 kB
Bounce:                0 kB
WritebackTmp:          0 kB
CommitLimit:     9202296 kB
Committed_AS:   65623396 kB
VmallocTotal:   263061440 kB
VmallocUsed:      101200 kB
VmallocChunk:          0 kB
Percpu:             7584 kB
CmaTotal:         294912 kB
CmaFree:               0 kB
MemTotal:       12113144 kB
MemFree:         6925916 kB
MemAvailable:    8275160 kB
Buffers:            5292 kB
Cached:          1616840 kB
SwapCached:            0 kB
Active:          1368140 kB
Inactive:        1416492 kB
Active(anon):    1169416 kB
Inactive(anon):    20036 kB
Active(file):     198724 kB
Inactive(file):  1396456 kB
Unevictable:        5624 kB
Mlocked:            5624 kB
SwapTotal:       3145724 kB
SwapFree:        3145724 kB
Dirty:               908 kB
Writeback:             0 kB
AnonPages:       1168048 kB
Mapped:           818732 kB
Shmem:             22368 kB
KReclaimable:     622768 kB
Slab:             205628 kB
SReclaimable:      67080 kB
SUnreclaim:       138548 kB
KernelStack:       44288 kB
PageTables:        61560 kB
NFS_Unstable:          0 kB
Bounce:                0 kB
WritebackTmp:          0 kB
CommitLimit:     9202296 kB
Committed_AS:   65613540 kB
VmallocTotal:   263061440 kB
VmallocUsed:      101168 kB
VmallocChunk:          0 kB
Percpu:             7584 kB
CmaTotal:         294912 kB
CmaFree:               0 kB
MemTotal:       12113144 kB
MemFree:         6925108 kB
MemAvailable:    8279192 kB
Buffers:            5292 kB
Cached:          1616752 kB
SwapCached:            0 kB
Active:          1367908 kB
Inactive:        1416272 kB
Active(anon):    1169184 kB
Inactive(anon):    20036 kB
Active(file):     198724 kB
Inactive(file):  1396236 kB
Unevictable:        5624 kB
Mlocked:            5624 kB
SwapTotal:       3145724 kB
SwapFree:        3145724 kB
Dirty:              2208 kB
Writeback:             0 kB
AnonPages:       1167940 kB
Mapped:           818744 kB
Shmem:             22368 kB
KReclaimable:     627828 kB
Slab:             205600 kB
SReclaimable:      67056 kB
SUnreclaim:       138544 kB
KernelStack:       44112 kB
PageTables:        61472 kB
NFS_Unstable:          0 kB
Bounce:                0 kB
WritebackTmp:          0 kB
CommitLimit:     9202296 kB
Committed_AS:   65627016 kB
VmallocTotal:   263061440 kB
VmallocUsed:      101056 kB
VmallocChunk:          0 kB
Percpu:             7584 kB
CmaTotal:         294912 kB
CmaFree:               0 kB
MemTotal:       12113144 kB
MemFree:         6922792 kB
MemAvailable:    8277152 kB
Buffers:            5292 kB
Cached:          1616876 kB
SwapCached:            0 kB
Active:          1370304 kB
Inactive:        1416528 kB
Active(anon):    1171580 kB
Inactive(anon):    20040 kB
Active(file):     198724 kB
Inactive(file):  1396488 kB
Unevictable:        5624 kB
Mlocked:            5624 kB
SwapTotal:       3145724 kB
SwapFree:        3145724 kB
Dirty:              2456 kB
Writeback:             0 kB
AnonPages:       1170300 kB
Mapped:           818492 kB
Shmem:             22372 kB
KReclaimable:     627852 kB
Slab:             205624 kB
SReclaimable:      67080 kB
SUnreclaim:       138544 kB
KernelStack:       44128 kB
PageTables:        61600 kB
NFS_Unstable:          0 kB
Bounce:                0 kB
WritebackTmp:          0 kB
CommitLimit:     9202296 kB
Committed_AS:   65630244 kB
VmallocTotal:   263061440 kB
VmallocUsed:      101040 kB
VmallocChunk:          0 kB
Percpu:             7584 kB
CmaTotal:         294912 kB
CmaFree:               0 kB
MemTotal:       12113144 kB
MemFree:         6921436 kB
MemAvailable:    8275820 kB
Buffers:            5296 kB
Cached:          1616896 kB
SwapCached:            0 kB
Active:          1370944 kB
Inactive:        1416548 kB
Active(anon):    1172216 kB
Inactive(anon):    20040 kB
Active(file):     198728 kB
Inactive(file):  1396508 kB
Unevictable:        5624 kB
Mlocked:            5624 kB
SwapTotal:       3145724 kB
SwapFree:        3145724 kB
Dirty:              2456 kB
Writeback:             0 kB
AnonPages:       1170836 kB
Mapped:           818492 kB
Shmem:             22372 kB
KReclaimable:     627852 kB
Slab:             205624 kB
SReclaimable:      67080 kB
SUnreclaim:       138544 kB
KernelStack:       44128 kB
PageTables:        61488 kB
NFS_Unstable:          0 kB
Bounce:                0 kB
WritebackTmp:          0 kB
CommitLimit:     9202296 kB
Committed_AS:   65621456 kB
VmallocTotal:   263061440 kB
VmallocUsed:      101008 kB
VmallocChunk:          0 kB
Percpu:             7584 kB
CmaTotal:         294912 kB
CmaFree:               0 kB
MemTotal:       12113144 kB
MemFree:         6920488 kB
MemAvailable:    8275180 kB
Buffers:            5296 kB
Cached:          1617180 kB
SwapCached:            0 kB
Active:          1371244 kB
Inactive:        1416832 kB
Active(anon):    1172516 kB
Inactive(anon):    20044 kB
Active(file):     198728 kB
Inactive(file):  1396788 kB
Unevictable:        5624 kB
Mlocked:            5624 kB
SwapTotal:       3145724 kB
SwapFree:        3145724 kB
Dirty:              2368 kB
Writeback:             0 kB
AnonPages:       1171444 kB
Mapped:           818616 kB
Shmem:             22376 kB
KReclaimable:     627880 kB
Slab:             205672 kB
SReclaimable:      67108 kB
SUnreclaim:       138564 kB
KernelStack:       44112 kB
PageTables:        61472 kB
NFS_Unstable:          0 kB
Bounce:                0 kB
WritebackTmp:          0 kB
CommitLimit:     9202296 kB
Committed_AS:   65621236 kB
VmallocTotal:   263061440 kB
VmallocUsed:      101008 kB
VmallocChunk:          0 kB
Percpu:             7584 kB
CmaTotal:         294912 kB
CmaFree:               0 kB
MemTotal:       12113144 kB
MemFree:         6920044 kB
MemAvailable:    8274736 kB
Buffers:            5304 kB
Cached:          1617180 kB
SwapCached:            0 kB
Active:          1372316 kB
Inactive:        1416840 kB
Active(anon):    1173588 kB
Inactive(anon):    20052 kB
Active(file):     198728 kB
Inactive(file):  1396788 kB
Unevictable:        5624 kB
Mlocked:            5624 kB
SwapTotal:       3145724 kB
SwapFree:        3145724 kB
Dirty:               288 kB
Writeback:             0 kB
AnonPages:       1171936 kB
Mapped:           818884 kB
Shmem:             22384 kB
KReclaimable:     627880 kB
Slab:             205648 kB
SReclaimable:      67108 kB
SUnreclaim:       138540 kB
KernelStack:       44128 kB
PageTables:        61604 kB
NFS_Unstable:          0 kB
Bounce:                0 kB
WritebackTmp:          0 kB
CommitLimit:     9202296 kB
Committed_AS:   65612976 kB
VmallocTotal:   263061440 kB
VmallocUsed:      101008 kB
VmallocChunk:          0 kB
Percpu:             7584 kB
CmaTotal:         294912 kB
CmaFree:               0 kB
MemTotal:       12113144 kB
MemFree:         6920064 kB
MemAvailable:    8274796 kB
Buffers:            5304 kB
Cached:          1617220 kB
SwapCached:            0 kB
Active:          1371336 kB
Inactive:        1416872 kB
Active(anon):    1172600 kB
Inactive(anon):    20052 kB
Active(file):     198736 kB
Inactive(file):  1396820 kB
Unevictable:        5624 kB
Mlocked:            5624 kB
SwapTotal:       3145724 kB
SwapFree:        3145724 kB
Dirty:               284 kB
Writeback:             0 kB
AnonPages:       1171264 kB
Mapped:           818884 kB
Shmem:             22384 kB
KReclaimable:     627880 kB
Slab:             205656 kB
SReclaimable:      67108 kB
SUnreclaim:       138548 kB
KernelStack:       44112 kB
PageTables:        61472 kB
NFS_Unstable:          0 kB
Bounce:                0 kB
WritebackTmp:          0 kB
CommitLimit:     9202296 kB
Committed_AS:   65612856 kB
VmallocTotal:   263061440 kB
VmallocUsed:      101040 kB
VmallocChunk:          0 kB
Percpu:             7584 kB
CmaTotal:         294912 kB
CmaFree:               0 kB
MemTotal:       12113144 kB
MemFree:         6919944 kB
MemAvailable:    8274676 kB
Buffers:            5304 kB
Cached:          1617220 kB
SwapCached:            0 kB
Active:          1372012 kB
Inactive:        1416872 kB
Active(anon):    1173276 kB
Inactive(anon):    20052 kB
Active(file):     198736 kB
Inactive(file):  1396820 kB
Unevictable:        5624 kB
Mlocked:            5624 kB
SwapTotal:       3145724 kB
SwapFree:        3145724 kB
Dirty:               320 kB
Writeback:             0 kB
AnonPages:       1172224 kB
Mapped:           818884 kB
Shmem:             22384 kB
KReclaimable:     627880 kB
Slab:             205656 kB
SReclaimable:      67108 kB
SUnreclaim:       138548 kB
KernelStack:       44128 kB
PageTables:        61600 kB
NFS_Unstable:          0 kB
Bounce:                0 kB
WritebackTmp:          0 kB
CommitLimit:     9202296 kB
Committed_AS:   65621252 kB
VmallocTotal:   263061440 kB
VmallocUsed:      101040 kB
VmallocChunk:          0 kB
Percpu:             7584 kB
CmaTotal:         294912 kB
CmaFree:               0 kB
MemTotal:       12113144 kB
MemFree:         6918892 kB
MemAvailable:    8273624 kB
Buffers:            5304 kB
Cached:          1617220 kB
SwapCached:            0 kB
Active:          1372656 kB
Inactive:        1416872 kB
Active(anon):    1173920 kB
Inactive(anon):    20052 kB
Active(file):     198736 kB
Inactive(file):  1396820 kB
Unevictable:        5624 kB
Mlocked:            5624 kB
SwapTotal:       3145724 kB
SwapFree:        3145724 kB
Dirty:               324 kB
Writeback:             0 kB
AnonPages:       1172856 kB
Mapped:           818624 kB
Shmem:             22384 kB
KReclaimable:     627880 kB
Slab:             205656 kB
SReclaimable:      67108 kB
SUnreclaim:       138548 kB
KernelStack:       44112 kB
PageTables:        61480 kB
NFS_Unstable:          0 kB
Bounce:                0 kB
WritebackTmp:          0 kB
CommitLimit:     9202296 kB
Committed_AS:   65616908 kB
VmallocTotal:   263061440 kB
VmallocUsed:      101056 kB
VmallocChunk:          0 kB
Percpu:             7584 kB
CmaTotal:         294912 kB
CmaFree:               0 kB
MemTotal:       12113144 kB
MemFree:         6918892 kB
MemAvailable:    8273636 kB
Buffers:            5308 kB
Cached:          1617224 kB
SwapCached:            0 kB
Active:          1373544 kB
Inactive:        1416876 kB
Active(anon):    1174804 kB
Inactive(anon):    20052 kB
Active(file):     198740 kB
Inactive(file):  1396824 kB
Unevictable:        5624 kB
Mlocked:            5624 kB
SwapTotal:       3145724 kB
SwapFree:        3145724 kB
Dirty:               328 kB
Writeback:             0 kB
AnonPages:       1173656 kB
Mapped:           818884 kB
Shmem:             22384 kB
KReclaimable:     627884 kB
Slab:             205660 kB
SReclaimable:      67112 kB
SUnreclaim:       138548 kB
KernelStack:       44128 kB
PageTables:        61608 kB
NFS_Unstable:          0 kB
Bounce:                0 kB
WritebackTmp:          0 kB
CommitLimit:     9202296 kB
Committed_AS:   65615364 kB
VmallocTotal:   263061440 kB
VmallocUsed:      101024 kB
VmallocChunk:          0 kB
Percpu:             7584 kB
CmaTotal:         294912 kB
CmaFree:               0 kB
MemTotal:       12113144 kB
MemFree:         6928664 kB
MemAvailable:    8283408 kB
Buffers:            5308 kB
Cached:          1617224 kB
SwapCached:            0 kB
Active:          1363716 kB
Inactive:        1416876 kB
Active(anon):    1164976 kB
Inactive(anon):    20052 kB
Active(file):     198740 kB
Inactive(file):  1396824 kB
Unevictable:        5624 kB
Mlocked:            5624 kB
SwapTotal:       3145724 kB
SwapFree:        3145724 kB
Dirty:               336 kB
Writeback:             0 kB
AnonPages:       1163700 kB
Mapped:           818624 kB
Shmem:             22384 kB
KReclaimable:     627884 kB
Slab:             205660 kB
SReclaimable:      67112 kB
SUnreclaim:       138548 kB
KernelStack:       44112 kB
PageTables:        61476 kB
NFS_Unstable:          0 kB
Bounce:                0 kB
WritebackTmp:          0 kB
CommitLimit:     9202296 kB
Committed_AS:   65615232 kB
VmallocTotal:   263061440 kB
VmallocUsed:      101040 kB
VmallocChunk:          0 kB
Percpu:             7584 kB
CmaTotal:         294912 kB
CmaFree:             252 kB
MemTotal:       12113144 kB
MemFree:         6932588 kB
MemAvailable:    8287332 kB
Buffers:            5308 kB
Cached:          1617220 kB
SwapCached:            0 kB
Active:          1357680 kB
Inactive:        1416876 kB
Active(anon):    1158944 kB
Inactive(anon):    20052 kB
Active(file):     198736 kB
Inactive(file):  1396824 kB
Unevictable:        5624 kB
Mlocked:            5624 kB
SwapTotal:       3145724 kB
SwapFree:        3145724 kB
Dirty:               344 kB
Writeback:             0 kB
AnonPages:       1157660 kB
Mapped:           818884 kB
Shmem:             22384 kB
KReclaimable:     627888 kB
Slab:             205664 kB
SReclaimable:      67116 kB
SUnreclaim:       138548 kB
KernelStack:       44112 kB
PageTables:        61476 kB
NFS_Unstable:          0 kB
Bounce:                0 kB
WritebackTmp:          0 kB
CommitLimit:     9202296 kB
Committed_AS:   65615100 kB
VmallocTotal:   263061440 kB
VmallocUsed:      101056 kB
VmallocChunk:          0 kB
Percpu:             7584 kB
CmaTotal:         294912 kB
CmaFree:               0 kB
MemTotal:       12113144 kB
MemFree:         6932780 kB
MemAvailable:    8287532 kB
Buffers:            5308 kB
Cached:          1617228 kB
SwapCached:            0 kB
Active:          1358768 kB
Inactive:        1416880 kB
Active(anon):    1160028 kB
Inactive(anon):    20052 kB
Active(file):     198740 kB
Inactive(file):  1396828 kB
Unevictable:        5624 kB
Mlocked:            5624 kB
SwapTotal:       3145724 kB
SwapFree:        3145724 kB
Dirty:               332 kB
Writeback:             0 kB
AnonPages:       1158900 kB
Mapped:           818624 kB
Shmem:             22384 kB
KReclaimable:     627888 kB
Slab:             205664 kB
SReclaimable:      67116 kB
SUnreclaim:       138548 kB
KernelStack:       44112 kB
PageTables:        61476 kB
NFS_Unstable:          0 kB
Bounce:                0 kB
WritebackTmp:          0 kB
CommitLimit:     9202296 kB
Committed_AS:   65614748 kB
VmallocTotal:   263061440 kB
VmallocUsed:      101056 kB
VmallocChunk:          0 kB
Percpu:             7584 kB
CmaTotal:         294912 kB
CmaFree:               0 kB
MemTotal:       12113144 kB
MemFree:         6932660 kB
MemAvailable:    8287436 kB
Buffers:            5316 kB
Cached:          1617248 kB
SwapCached:            0 kB
Active:          1360368 kB
Inactive:        1416896 kB
Active(anon):    1161616 kB
Inactive(anon):    20056 kB
Active(file):     198752 kB
Inactive(file):  1396840 kB
Unevictable:        5624 kB
Mlocked:            5624 kB
SwapTotal:       3145724 kB
SwapFree:        3145724 kB
Dirty:               396 kB
Writeback:             0 kB
AnonPages:       1160744 kB
Mapped:           818888 kB
Shmem:             22388 kB
KReclaimable:     627888 kB
Slab:             205664 kB
SReclaimable:      67116 kB
SUnreclaim:       138548 kB
KernelStack:       44112 kB
PageTables:        61488 kB
NFS_Unstable:          0 kB
Bounce:                0 kB
WritebackTmp:          0 kB
CommitLimit:     9202296 kB
Committed_AS:   65615140 kB
VmallocTotal:   263061440 kB
VmallocUsed:      101072 kB
VmallocChunk:          0 kB
Percpu:             7584 kB
CmaTotal:         294912 kB
CmaFree:               0 kB
MemTotal:       12113144 kB
MemFree:         6931240 kB
MemAvailable:    8286016 kB
Buffers:            5316 kB
Cached:          1617248 kB
SwapCached:            0 kB
Active:          1361444 kB
Inactive:        1416896 kB
Active(anon):    1162692 kB
Inactive(anon):    20056 kB
Active(file):     198752 kB
Inactive(file):  1396840 kB
Unevictable:        5624 kB
Mlocked:            5624 kB
SwapTotal:       3145724 kB
SwapFree:        3145724 kB
Dirty:               424 kB
Writeback:             0 kB
AnonPages:       1161456 kB
Mapped:           818896 kB
Shmem:             22388 kB
KReclaimable:     627888 kB
Slab:             205664 kB
SReclaimable:      67116 kB
SUnreclaim:       138548 kB
KernelStack:       44128 kB
PageTables:        61464 kB
NFS_Unstable:          0 kB
Bounce:                0 kB
WritebackTmp:          0 kB
CommitLimit:     9202296 kB
Committed_AS:   65614788 kB
VmallocTotal:   263061440 kB
VmallocUsed:      101072 kB
VmallocChunk:          0 kB
Percpu:             7584 kB
CmaTotal:         294912 kB
CmaFree:               0 kB
MemTotal:       12113144 kB
MemFree:         6932140 kB
MemAvailable:    8286916 kB
Buffers:            5316 kB
Cached:          1617256 kB
SwapCached:            0 kB
Active:          1359292 kB
Inactive:        1416904 kB
Active(anon):    1160540 kB
Inactive(anon):    20064 kB
Active(file):     198752 kB
Inactive(file):  1396840 kB
Unevictable:        5624 kB
Mlocked:            5624 kB
SwapTotal:       3145724 kB
SwapFree:        3145724 kB
Dirty:               484 kB
Writeback:             0 kB
AnonPages:       1158964 kB
Mapped:           818848 kB
Shmem:             22396 kB
KReclaimable:     627888 kB
Slab:             205664 kB
SReclaimable:      67116 kB
SUnreclaim:       138548 kB
KernelStack:       44112 kB
PageTables:        61556 kB
NFS_Unstable:          0 kB
Bounce:                0 kB
WritebackTmp:          0 kB
CommitLimit:     9202296 kB
Committed_AS:   65620020 kB
VmallocTotal:   263061440 kB
VmallocUsed:      101088 kB
VmallocChunk:          0 kB
Percpu:             7584 kB
CmaTotal:         294912 kB
CmaFree:             164 kB
MemTotal:       12113144 kB
MemFree:         6931132 kB
MemAvailable:    8286036 kB
Buffers:            5316 kB
Cached:          1617376 kB
SwapCached:            0 kB
Active:          1360204 kB
Inactive:        1417024 kB
Active(anon):    1161452 kB
Inactive(anon):    20068 kB
Active(file):     198752 kB
Inactive(file):  1396956 kB
Unevictable:        5624 kB
Mlocked:            5624 kB
SwapTotal:       3145724 kB
SwapFree:        3145724 kB
Dirty:              2708 kB
Writeback:             0 kB
AnonPages:       1160292 kB
Mapped:           818968 kB
Shmem:             22400 kB
KReclaimable:     627900 kB
Slab:             205660 kB
SReclaimable:      67128 kB
SUnreclaim:       138532 kB
KernelStack:       44064 kB
PageTables:        61472 kB
NFS_Unstable:          0 kB
Bounce:                0 kB
WritebackTmp:          0 kB
CommitLimit:     9202296 kB
Committed_AS:   65614836 kB
VmallocTotal:   263061440 kB
VmallocUsed:      101056 kB
VmallocChunk:          0 kB
Percpu:             7584 kB
CmaTotal:         294912 kB
CmaFree:               0 kB
MemTotal:       12113144 kB
MemFree:         6930856 kB
MemAvailable:    8285804 kB
Buffers:            5316 kB
Cached:          1617432 kB
SwapCached:            0 kB
Active:          1361900 kB
Inactive:        1417080 kB
Active(anon):    1163148 kB
Inactive(anon):    20080 kB
Active(file):     198752 kB
Inactive(file):  1397000 kB
Unevictable:        5624 kB
Mlocked:            5624 kB
SwapTotal:       3145724 kB
SwapFree:        3145724 kB
Dirty:              2684 kB
Writeback:             0 kB
AnonPages:       1161928 kB
Mapped:           819016 kB
Shmem:             22412 kB
KReclaimable:     627900 kB
Slab:             205716 kB
SReclaimable:      67128 kB
SUnreclaim:       138588 kB
KernelStack:       44064 kB
PageTables:        61480 kB
NFS_Unstable:          0 kB
Bounce:                0 kB
WritebackTmp:          0 kB
CommitLimit:     9202296 kB
Committed_AS:   65614924 kB
VmallocTotal:   263061440 kB
VmallocUsed:      101024 kB
VmallocChunk:          0 kB
Percpu:             7584 kB
CmaTotal:         294912 kB
CmaFree:               0 kB
MemTotal:       12113144 kB
MemFree:         6929696 kB
MemAvailable:    8284680 kB
Buffers:            5320 kB
Cached:          1617464 kB
SwapCached:            0 kB
Active:          1361836 kB
Inactive:        1417112 kB
Active(anon):    1163080 kB
Inactive(anon):    20080 kB
Active(file):     198756 kB
Inactive(file):  1397032 kB
Unevictable:        5624 kB
Mlocked:            5624 kB
SwapTotal:       3145724 kB
SwapFree:        3145724 kB
Dirty:               356 kB
Writeback:             0 kB
AnonPages:       1161796 kB
Mapped:           819000 kB
Shmem:             22412 kB
KReclaimable:     627900 kB
Slab:             205676 kB
SReclaimable:      67128 kB
SUnreclaim:       138548 kB
KernelStack:       44032 kB
PageTables:        61388 kB
NFS_Unstable:          0 kB
Bounce:                0 kB
WritebackTmp:          0 kB
CommitLimit:     9202296 kB
Committed_AS:   65615276 kB
VmallocTotal:   263061440 kB
VmallocUsed:      101008 kB
VmallocChunk:          0 kB
Percpu:             7584 kB
CmaTotal:         294912 kB
CmaFree:               0 kB
MemTotal:       12113144 kB
MemFree:         6930676 kB
MemAvailable:    8285660 kB
Buffers:            5320 kB
Cached:          1617480 kB
SwapCached:            0 kB
Active:          1362280 kB
Inactive:        1417128 kB
Active(anon):    1163524 kB
Inactive(anon):    20096 kB
Active(file):     198756 kB
Inactive(file):  1397032 kB
Unevictable:        5624 kB
Mlocked:            5624 kB
SwapTotal:       3145724 kB
SwapFree:        3145724 kB
Dirty:               364 kB
Writeback:             0 kB
AnonPages:       1162172 kB
Mapped:           818820 kB
Shmem:             22428 kB
KReclaimable:     627900 kB
Slab:             205676 kB
SReclaimable:      67128 kB
SUnreclaim:       138548 kB
KernelStack:       44032 kB
PageTables:        61476 kB
NFS_Unstable:          0 kB
Bounce:                0 kB
WritebackTmp:          0 kB
CommitLimit:     9202296 kB
Committed_AS:   65615100 kB
VmallocTotal:   263061440 kB
VmallocUsed:      100992 kB
VmallocChunk:          0 kB
Percpu:             7584 kB
CmaTotal:         294912 kB
CmaFree:               0 kB
MemTotal:       12113144 kB
MemFree:         6927804 kB
MemAvailable:    8282788 kB
Buffers:            5320 kB
Cached:          1617484 kB
SwapCached:            0 kB
Active:          1365572 kB
Inactive:        1417132 kB
Active(anon):    1166816 kB
Inactive(anon):    20100 kB
Active(file):     198756 kB
Inactive(file):  1397032 kB
Unevictable:        5624 kB
Mlocked:            5624 kB
SwapTotal:       3145724 kB
SwapFree:        3145724 kB
Dirty:               408 kB
Writeback:             0 kB
AnonPages:       1165620 kB
Mapped:           819084 kB
Shmem:             22432 kB
KReclaimable:     627900 kB
Slab:             205676 kB
SReclaimable:      67128 kB
SUnreclaim:       138548 kB
KernelStack:       44032 kB
PageTables:        61468 kB
NFS_Unstable:          0 kB
Bounce:                0 kB
WritebackTmp:          0 kB
CommitLimit:     9202296 kB
Committed_AS:   65614472 kB
VmallocTotal:   263061440 kB
VmallocUsed:      100992 kB
VmallocChunk:          0 kB
Percpu:             7584 kB
CmaTotal:         294912 kB
CmaFree:               0 kB
MemTotal:       12113144 kB
MemFree:         6934256 kB
MemAvailable:    8185020 kB
Buffers:            5320 kB
Cached:          1617788 kB
SwapCached:            0 kB
Active:          1356880 kB
Inactive:        1417312 kB
Active(anon):    1158120 kB
Inactive(anon):    20268 kB
Active(file):     198760 kB
Inactive(file):  1397044 kB
Unevictable:        5624 kB
Mlocked:            5624 kB
SwapTotal:       3145724 kB
SwapFree:        3145724 kB
Dirty:               592 kB
Writeback:             0 kB
AnonPages:       1156704 kB
Mapped:           818304 kB
Shmem:             22720 kB
KReclaimable:     523664 kB
Slab:             205648 kB
SReclaimable:      67144 kB
SUnreclaim:       138504 kB
KernelStack:       44064 kB
PageTables:        61508 kB
NFS_Unstable:          0 kB
Bounce:                0 kB
WritebackTmp:          0 kB
CommitLimit:     9202296 kB
Committed_AS:   65637608 kB
VmallocTotal:   263061440 kB
VmallocUsed:      101008 kB
VmallocChunk:          0 kB
Percpu:             7584 kB
CmaTotal:         294912 kB
CmaFree:               0 kB
MemTotal:       12113144 kB
MemFree:         6933416 kB
MemAvailable:    8184212 kB
Buffers:            5320 kB
Cached:          1617800 kB
SwapCached:            0 kB
Active:          1358600 kB
Inactive:        1417284 kB
Active(anon):    1159812 kB
Inactive(anon):    20268 kB
Active(file):     198788 kB
Inactive(file):  1397016 kB
Unevictable:        5624 kB
Mlocked:            5624 kB
SwapTotal:       3145724 kB
SwapFree:        3145724 kB
Dirty:               592 kB
Writeback:             0 kB
AnonPages:       1158292 kB
Mapped:           818800 kB
Shmem:             22732 kB
KReclaimable:     523696 kB
Slab:             205712 kB
SReclaimable:      67176 kB
SUnreclaim:       138536 kB
KernelStack:       44080 kB
PageTables:        61508 kB
NFS_Unstable:          0 kB
Bounce:                0 kB
WritebackTmp:          0 kB
CommitLimit:     9202296 kB
Committed_AS:   65637272 kB
VmallocTotal:   263061440 kB
VmallocUsed:      101024 kB
VmallocChunk:          0 kB
Percpu:             7584 kB
CmaTotal:         294912 kB
CmaFree:               0 kB
MemTotal:       12113144 kB
MemFree:         6934788 kB
MemAvailable:    8185568 kB
Buffers:            5320 kB
Cached:          1617800 kB
SwapCached:            0 kB
Active:          1357504 kB
Inactive:        1417284 kB
Active(anon):    1158716 kB
Inactive(anon):    20268 kB
Active(file):     198788 kB
Inactive(file):  1397016 kB
Unevictable:        5624 kB
Mlocked:            5624 kB
SwapTotal:       3145724 kB
SwapFree:        3145724 kB
Dirty:               592 kB
Writeback:             0 kB
AnonPages:       1157460 kB
Mapped:           819228 kB
Shmem:             22732 kB
KReclaimable:     523680 kB
Slab:             205696 kB
SReclaimable:      67160 kB
SUnreclaim:       138536 kB
KernelStack:       44128 kB
PageTables:        61528 kB
NFS_Unstable:          0 kB
Bounce:                0 kB
WritebackTmp:          0 kB
CommitLimit:     9202296 kB
Committed_AS:   65638020 kB
VmallocTotal:   263061440 kB
VmallocUsed:      101056 kB
VmallocChunk:          0 kB
Percpu:             7584 kB
CmaTotal:         294912 kB
CmaFree:               0 kB
MemTotal:       12113144 kB
MemFree:         6933264 kB
MemAvailable:    8184044 kB
Buffers:            5320 kB
Cached:          1617804 kB
SwapCached:            0 kB
Active:          1358828 kB
Inactive:        1417288 kB
Active(anon):    1160040 kB
Inactive(anon):    20272 kB
Active(file):     198788 kB
Inactive(file):  1397016 kB
Unevictable:        5624 kB
Mlocked:            5624 kB
SwapTotal:       3145724 kB
SwapFree:        3145724 kB
Dirty:               596 kB
Writeback:             0 kB
AnonPages:       1158588 kB
Mapped:           818972 kB
Shmem:             22736 kB
KReclaimable:     523680 kB
Slab:             205696 kB
SReclaimable:      67160 kB
SUnreclaim:       138536 kB
KernelStack:       44096 kB
PageTables:        61512 kB
NFS_Unstable:          0 kB
Bounce:                0 kB
WritebackTmp:          0 kB
CommitLimit:     9202296 kB
Committed_AS:   65638064 kB
VmallocTotal:   263061440 kB
VmallocUsed:      101024 kB
VmallocChunk:          0 kB
Percpu:             7584 kB
CmaTotal:         294912 kB
CmaFree:               0 kB
MemTotal:       12113144 kB
MemFree:         6934688 kB
MemAvailable:    8185468 kB
Buffers:            5320 kB
Cached:          1617740 kB
SwapCached:            0 kB
Active:          1357008 kB
Inactive:        1417224 kB
Active(anon):    1158220 kB
Inactive(anon):    20208 kB
Active(file):     198788 kB
Inactive(file):  1397016 kB
Unevictable:        5624 kB
Mlocked:            5624 kB
SwapTotal:       3145724 kB
SwapFree:        3145724 kB
Dirty:               312 kB
Writeback:             0 kB
AnonPages:       1156940 kB
Mapped:           818504 kB
Shmem:             22672 kB
KReclaimable:     523680 kB
Slab:             205700 kB
SReclaimable:      67160 kB
SUnreclaim:       138540 kB
KernelStack:       44080 kB
PageTables:        61504 kB
NFS_Unstable:          0 kB
Bounce:                0 kB
WritebackTmp:          0 kB
CommitLimit:     9202296 kB
Committed_AS:   65638820 kB
VmallocTotal:   263061440 kB
VmallocUsed:      101008 kB
VmallocChunk:          0 kB
Percpu:             7584 kB
CmaTotal:         294912 kB
CmaFree:               0 kB
MemTotal:       12113144 kB
MemFree:         6932908 kB
MemAvailable:    8183676 kB
Buffers:            5320 kB
Cached:          1617740 kB
SwapCached:            0 kB
Active:          1359456 kB
Inactive:        1417224 kB
Active(anon):    1160668 kB
Inactive(anon):    20208 kB
Active(file):     198788 kB
Inactive(file):  1397016 kB
Unevictable:        5624 kB
Mlocked:            5624 kB
SwapTotal:       3145724 kB
SwapFree:        3145724 kB
Dirty:               384 kB
Writeback:             0 kB
AnonPages:       1159420 kB
Mapped:           818764 kB
Shmem:             22672 kB
KReclaimable:     523668 kB
Slab:             205688 kB
SReclaimable:      67148 kB
SUnreclaim:       138540 kB
KernelStack:       44080 kB
PageTables:        61500 kB
NFS_Unstable:          0 kB
Bounce:                0 kB
WritebackTmp:          0 kB
CommitLimit:     9202296 kB
Committed_AS:   65638424 kB
VmallocTotal:   263061440 kB
VmallocUsed:      100992 kB
VmallocChunk:          0 kB
Percpu:             7584 kB
CmaTotal:         294912 kB
CmaFree:               0 kB
MemTotal:       12113144 kB
MemFree:         6905992 kB
MemAvailable:    8189040 kB
Buffers:            5320 kB
Cached:          1617684 kB
SwapCached:            0 kB
Active:          1384856 kB
Inactive:        1417220 kB
Active(anon):    1186060 kB
Inactive(anon):    20160 kB
Active(file):     198796 kB
Inactive(file):  1397060 kB
Unevictable:        5624 kB
Mlocked:            5624 kB
SwapTotal:       3145724 kB
SwapFree:        3145724 kB
Dirty:               500 kB
Writeback:             0 kB
AnonPages:       1184516 kB
Mapped:           818996 kB
Shmem:             22564 kB
KReclaimable:     555896 kB
Slab:             205892 kB
SReclaimable:      67164 kB
SUnreclaim:       138728 kB
KernelStack:       44528 kB
PageTables:        61720 kB
NFS_Unstable:          0 kB
Bounce:                0 kB
WritebackTmp:          0 kB
CommitLimit:     9202296 kB
Committed_AS:   65651912 kB
VmallocTotal:   263061440 kB
VmallocUsed:      101536 kB
VmallocChunk:          0 kB
Percpu:             7584 kB
CmaTotal:         294912 kB
CmaFree:               0 kB
MemTotal:       12113144 kB
MemFree:         6921852 kB
MemAvailable:    8266208 kB
Buffers:            5320 kB
Cached:          1617624 kB
SwapCached:            0 kB
Active:          1368064 kB
Inactive:        1417184 kB
Active(anon):    1169268 kB
Inactive(anon):    20124 kB
Active(file):     198796 kB
Inactive(file):  1397060 kB
Unevictable:        5624 kB
Mlocked:            5624 kB
SwapTotal:       3145724 kB
SwapFree:        3145724 kB
Dirty:               356 kB
Writeback:             0 kB
AnonPages:       1168112 kB
Mapped:           818780 kB
Shmem:             22504 kB
KReclaimable:     617204 kB
Slab:             205808 kB
SReclaimable:      67148 kB
SUnreclaim:       138660 kB
KernelStack:       44368 kB
PageTables:        61528 kB
NFS_Unstable:          0 kB
Bounce:                0 kB
WritebackTmp:          0 kB
CommitLimit:     9202296 kB
Committed_AS:   65651832 kB
VmallocTotal:   263061440 kB
VmallocUsed:      101360 kB
VmallocChunk:          0 kB
Percpu:             7584 kB
CmaTotal:         294912 kB
CmaFree:               0 kB
MemTotal:       12113144 kB
MemFree:         6923492 kB
MemAvailable:    8272784 kB
Buffers:            5328 kB
Cached:          1617632 kB
SwapCached:            0 kB
Active:          1368992 kB
Inactive:        1417192 kB
Active(anon):    1170188 kB
Inactive(anon):    20108 kB
Active(file):     198804 kB
Inactive(file):  1397084 kB
Unevictable:        5624 kB
Mlocked:            5624 kB
SwapTotal:       3145724 kB
SwapFree:        3145724 kB
Dirty:               392 kB
Writeback:             0 kB
AnonPages:       1168700 kB
Mapped:           818508 kB
Shmem:             22488 kB
KReclaimable:     622108 kB
Slab:             205824 kB
SReclaimable:      67164 kB
SUnreclaim:       138660 kB
KernelStack:       44220 kB
PageTables:        61540 kB
NFS_Unstable:          0 kB
Bounce:                0 kB
WritebackTmp:          0 kB
CommitLimit:     9202296 kB
Committed_AS:   65639060 kB
VmallocTotal:   263061440 kB
VmallocUsed:      101184 kB
VmallocChunk:          0 kB
Percpu:             7584 kB
CmaTotal:         294912 kB
CmaFree:               0 kB
MemTotal:       12113144 kB
MemFree:         6921820 kB
MemAvailable:    8271308 kB
Buffers:            5328 kB
Cached:          1617648 kB
SwapCached:            0 kB
Active:          1369948 kB
Inactive:        1417208 kB
Active(anon):    1171144 kB
Inactive(anon):    20124 kB
Active(file):     198804 kB
Inactive(file):  1397084 kB
Unevictable:        5624 kB
Mlocked:            5624 kB
SwapTotal:       3145724 kB
SwapFree:        3145724 kB
Dirty:               392 kB
Writeback:             0 kB
AnonPages:       1170300 kB
Mapped:           818820 kB
Shmem:             22504 kB
KReclaimable:     622304 kB
Slab:             205808 kB
SReclaimable:      67164 kB
SUnreclaim:       138644 kB
KernelStack:       44160 kB
PageTables:        61516 kB
NFS_Unstable:          0 kB
Bounce:                0 kB
WritebackTmp:          0 kB
CommitLimit:     9202296 kB
Committed_AS:   65633252 kB
VmallocTotal:   263061440 kB
VmallocUsed:      101136 kB
VmallocChunk:          0 kB
Percpu:             7584 kB
CmaTotal:         294912 kB
CmaFree:               0 kB
MemTotal:       12113144 kB
MemFree:         6931664 kB
MemAvailable:    8281144 kB
Buffers:            5328 kB
Cached:          1617660 kB
SwapCached:            0 kB
Active:          1360584 kB
Inactive:        1417216 kB
Active(anon):    1161776 kB
Inactive(anon):    20128 kB
Active(file):     198808 kB
Inactive(file):  1397088 kB
Unevictable:        5624 kB
Mlocked:            5624 kB
SwapTotal:       3145724 kB
SwapFree:        3145724 kB
Dirty:               396 kB
Writeback:             0 kB
AnonPages:       1160724 kB
Mapped:           818604 kB
Shmem:             22508 kB
KReclaimable:     622288 kB
Slab:             205792 kB
SReclaimable:      67148 kB
SUnreclaim:       138644 kB
KernelStack:       44160 kB
PageTables:        61496 kB
NFS_Unstable:          0 kB
Bounce:                0 kB
WritebackTmp:          0 kB
CommitLimit:     9202296 kB
Committed_AS:   65633252 kB
VmallocTotal:   263061440 kB
VmallocUsed:      101104 kB
VmallocChunk:          0 kB
Percpu:             7584 kB
CmaTotal:         294912 kB
CmaFree:              44 kB
MemTotal:       12113144 kB
MemFree:         6930544 kB
MemAvailable:    8280040 kB
Buffers:            5328 kB
Cached:          1617676 kB
SwapCached:            0 kB
Active:          1362976 kB
Inactive:        1417232 kB
Active(anon):    1164168 kB
Inactive(anon):    20128 kB
Active(file):     198808 kB
Inactive(file):  1397104 kB
Unevictable:        5624 kB
Mlocked:            5624 kB
SwapTotal:       3145724 kB
SwapFree:        3145724 kB
Dirty:               400 kB
Writeback:             0 kB
AnonPages:       1162480 kB
Mapped:           818604 kB
Shmem:             22508 kB
KReclaimable:     622288 kB
Slab:             205792 kB
SReclaimable:      67148 kB
SUnreclaim:       138644 kB
KernelStack:       44176 kB
PageTables:        61580 kB
NFS_Unstable:          0 kB
Bounce:                0 kB
WritebackTmp:          0 kB
CommitLimit:     9202296 kB
Committed_AS:   65634464 kB
VmallocTotal:   263061440 kB
VmallocUsed:      101104 kB
VmallocChunk:          0 kB
Percpu:             7584 kB
CmaTotal:         294912 kB
CmaFree:               0 kB
MemTotal:       12113144 kB
MemFree:         6928604 kB
MemAvailable:    8278116 kB
Buffers:            5328 kB
Cached:          1617680 kB
SwapCached:            0 kB
Active:          1363892 kB
Inactive:        1417236 kB
Active(anon):    1165084 kB
Inactive(anon):    20132 kB
Active(file):     198808 kB
Inactive(file):  1397104 kB
Unevictable:        5624 kB
Mlocked:            5624 kB
SwapTotal:       3145724 kB
SwapFree:        3145724 kB
Dirty:               404 kB
Writeback:             0 kB
AnonPages:       1163960 kB
Mapped:           818880 kB
Shmem:             22512 kB
KReclaimable:     622304 kB
Slab:             205808 kB
SReclaimable:      67164 kB
SUnreclaim:       138644 kB
KernelStack:       44160 kB
PageTables:        61504 kB
NFS_Unstable:          0 kB
Bounce:                0 kB
WritebackTmp:          0 kB
CommitLimit:     9202296 kB
Committed_AS:   65625040 kB
VmallocTotal:   263061440 kB
VmallocUsed:      101104 kB
VmallocChunk:          0 kB
Percpu:             7584 kB
CmaTotal:         294912 kB
CmaFree:               0 kB
MemTotal:       12113144 kB
MemFree:         6927656 kB
MemAvailable:    8277184 kB
Buffers:            5332 kB
Cached:          1617708 kB
SwapCached:            0 kB
Active:          1364352 kB
Inactive:        1417264 kB
Active(anon):    1165540 kB
Inactive(anon):    20148 kB
Active(file):     198812 kB
Inactive(file):  1397116 kB
Unevictable:        5624 kB
Mlocked:            5624 kB
SwapTotal:       3145724 kB
SwapFree:        3145724 kB
Dirty:               364 kB
Writeback:             0 kB
AnonPages:       1164472 kB
Mapped:           818896 kB
Shmem:             22528 kB
KReclaimable:     622304 kB
Slab:             205808 kB
SReclaimable:      67164 kB
SUnreclaim:       138644 kB
KernelStack:       44160 kB
PageTables:        61500 kB
NFS_Unstable:          0 kB
Bounce:                0 kB
WritebackTmp:          0 kB
CommitLimit:     9202296 kB
Committed_AS:   65625264 kB
VmallocTotal:   263061440 kB
VmallocUsed:      101072 kB
VmallocChunk:          0 kB
Percpu:             7584 kB
CmaTotal:         294912 kB
CmaFree:               0 kB
MemTotal:       12113144 kB
MemFree:         6926968 kB
MemAvailable:    8276496 kB
Buffers:            5332 kB
Cached:          1617708 kB
SwapCached:            0 kB
Active:          1365832 kB
Inactive:        1417264 kB
Active(anon):    1167020 kB
Inactive(anon):    20148 kB
Active(file):     198812 kB
Inactive(file):  1397116 kB
Unevictable:        5624 kB
Mlocked:            5624 kB
SwapTotal:       3145724 kB
SwapFree:        3145724 kB
Dirty:               452 kB
Writeback:             0 kB
AnonPages:       1165868 kB
Mapped:           818896 kB
Shmem:             22528 kB
KReclaimable:     622304 kB
Slab:             205808 kB
SReclaimable:      67164 kB
SUnreclaim:       138644 kB
KernelStack:       44160 kB
PageTables:        61504 kB
NFS_Unstable:          0 kB
Bounce:                0 kB
WritebackTmp:          0 kB
CommitLimit:     9202296 kB
Committed_AS:   65620976 kB
VmallocTotal:   263061440 kB
VmallocUsed:      101088 kB
VmallocChunk:          0 kB
Percpu:             7584 kB
CmaTotal:         294912 kB
CmaFree:               0 kB
MemTotal:       12113144 kB
MemFree:         6923900 kB
MemAvailable:    8273428 kB
Buffers:            5332 kB
Cached:          1617720 kB
SwapCached:            0 kB
Active:          1367884 kB
Inactive:        1417276 kB
Active(anon):    1169072 kB
Inactive(anon):    20160 kB
Active(file):     198812 kB
Inactive(file):  1397116 kB
Unevictable:        5624 kB
Mlocked:            5624 kB
SwapTotal:       3145724 kB
SwapFree:        3145724 kB
Dirty:               460 kB
Writeback:             0 kB
AnonPages:       1167488 kB
Mapped:           818916 kB
Shmem:             22540 kB
KReclaimable:     622304 kB
Slab:             205808 kB
SReclaimable:      67164 kB
SUnreclaim:       138644 kB
KernelStack:       44176 kB
PageTables:        61620 kB
NFS_Unstable:          0 kB
Bounce:                0 kB
WritebackTmp:          0 kB
CommitLimit:     9202296 kB
Committed_AS:   65610848 kB
VmallocTotal:   263061440 kB
VmallocUsed:      101072 kB
VmallocChunk:          0 kB
Percpu:             7584 kB
CmaTotal:         294912 kB
CmaFree:               0 kB
MemTotal:       12113144 kB
MemFree:         6921916 kB
MemAvailable:    8271436 kB
Buffers:            5332 kB
Cached:          1617736 kB
SwapCached:            0 kB
Active:          1369380 kB
Inactive:        1417236 kB
Active(anon):    1170512 kB
Inactive(anon):    20168 kB
Active(file):     198868 kB
Inactive(file):  1397068 kB
Unevictable:        5624 kB
Mlocked:            5624 kB
SwapTotal:       3145724 kB
SwapFree:        3145724 kB
Dirty:               292 kB
Writeback:             0 kB
AnonPages:       1168940 kB
Mapped:           818924 kB
Shmem:             22548 kB
KReclaimable:     622288 kB
Slab:             205776 kB
SReclaimable:      67148 kB
SUnreclaim:       138628 kB
KernelStack:       44160 kB
PageTables:        61496 kB
NFS_Unstable:          0 kB
Bounce:                0 kB
WritebackTmp:          0 kB
CommitLimit:     9202296 kB
Committed_AS:   65611964 kB
VmallocTotal:   263061440 kB
VmallocUsed:      101072 kB
VmallocChunk:          0 kB
Percpu:             7584 kB
CmaTotal:         294912 kB
CmaFree:               0 kB
MemTotal:       12113144 kB
MemFree:         6920060 kB
MemAvailable:    8269616 kB
Buffers:            5340 kB
Cached:          1617756 kB
SwapCached:            0 kB
Active:          1372000 kB
Inactive:        1417256 kB
Active(anon):    1173124 kB
Inactive(anon):    20176 kB
Active(file):     198876 kB
Inactive(file):  1397080 kB
Unevictable:        5624 kB
Mlocked:            5624 kB
SwapTotal:       3145724 kB
SwapFree:        3145724 kB
Dirty:               396 kB
Writeback:             0 kB
AnonPages:       1171856 kB
Mapped:           818976 kB
Shmem:             22556 kB
KReclaimable:     622304 kB
Slab:             205816 kB
SReclaimable:      67164 kB
SUnreclaim:       138652 kB
KernelStack:       44144 kB
PageTables:        61496 kB
NFS_Unstable:          0 kB
Bounce:                0 kB
WritebackTmp:          0 kB
CommitLimit:     9202296 kB
Committed_AS:   65615564 kB
VmallocTotal:   263061440 kB
VmallocUsed:      101104 kB
VmallocChunk:          0 kB
Percpu:             7584 kB
CmaTotal:         294912 kB
CmaFree:               0 kB
MemTotal:       12113144 kB
MemFree:         6921396 kB
MemAvailable:    8270936 kB
Buffers:            5340 kB
Cached:          1617768 kB
SwapCached:            0 kB
Active:          1369852 kB
Inactive:        1417268 kB
Active(anon):    1170976 kB
Inactive(anon):    20188 kB
Active(file):     198876 kB
Inactive(file):  1397080 kB
Unevictable:        5624 kB
Mlocked:            5624 kB
SwapTotal:       3145724 kB
SwapFree:        3145724 kB
Dirty:               424 kB
Writeback:             0 kB
AnonPages:       1169908 kB
Mapped:           818768 kB
Shmem:             22568 kB
KReclaimable:     622288 kB
Slab:             205784 kB
SReclaimable:      67148 kB
SUnreclaim:       138636 kB
KernelStack:       44144 kB
PageTables:        61500 kB
NFS_Unstable:          0 kB
Bounce:                0 kB
WritebackTmp:          0 kB
CommitLimit:     9202296 kB
Committed_AS:   65615924 kB
VmallocTotal:   263061440 kB
VmallocUsed:      101088 kB
VmallocChunk:          0 kB
Percpu:             7584 kB
CmaTotal:         294912 kB
CmaFree:              20 kB
MemTotal:       12113144 kB
MemFree:         6921368 kB
MemAvailable:    8270928 kB
Buffers:            5340 kB
Cached:          1617772 kB
SwapCached:            0 kB
Active:          1369492 kB
Inactive:        1417272 kB
Active(anon):    1170616 kB
Inactive(anon):    20188 kB
Active(file):     198876 kB
Inactive(file):  1397084 kB
Unevictable:        5624 kB
Mlocked:            5624 kB
SwapTotal:       3145724 kB
SwapFree:        3145724 kB
Dirty:               452 kB
Writeback:             0 kB
AnonPages:       1169180 kB
Mapped:           819072 kB
Shmem:             22568 kB
KReclaimable:     622304 kB
Slab:             205824 kB
SReclaimable:      67164 kB
SUnreclaim:       138660 kB
KernelStack:       44144 kB
PageTables:        61496 kB
NFS_Unstable:          0 kB
Bounce:                0 kB
WritebackTmp:          0 kB
CommitLimit:     9202296 kB
Committed_AS:   65610652 kB
VmallocTotal:   263061440 kB
VmallocUsed:      101072 kB
VmallocChunk:          0 kB
Percpu:             7584 kB
CmaTotal:         294912 kB
CmaFree:               0 kB
MemTotal:       12113144 kB
MemFree:         6920224 kB
MemAvailable:    8269804 kB
Buffers:            5340 kB
Cached:          1617796 kB
SwapCached:            0 kB
Active:          1370784 kB
Inactive:        1417296 kB
Active(anon):    1171908 kB
Inactive(anon):    20192 kB
Active(file):     198876 kB
Inactive(file):  1397104 kB
Unevictable:        5624 kB
Mlocked:            5624 kB
SwapTotal:       3145724 kB
SwapFree:        3145724 kB
Dirty:               520 kB
Writeback:             0 kB
AnonPages:       1170756 kB
Mapped:           819140 kB
Shmem:             22572 kB
KReclaimable:     622304 kB
Slab:             205808 kB
SReclaimable:      67164 kB
SUnreclaim:       138644 kB
KernelStack:       44160 kB
PageTables:        61500 kB
NFS_Unstable:          0 kB
Bounce:                0 kB
WritebackTmp:          0 kB
CommitLimit:     9202296 kB
Committed_AS:   65615876 kB
VmallocTotal:   263061440 kB
VmallocUsed:      101152 kB
VmallocChunk:          0 kB
Percpu:             7584 kB
CmaTotal:         294912 kB
CmaFree:               0 kB
MemTotal:       12113144 kB
MemFree:         6921440 kB
MemAvailable:    8270060 kB
Buffers:            5344 kB
Cached:          1616932 kB
SwapCached:            0 kB
Active:          1371340 kB
Inactive:        1416488 kB
Active(anon):    1172516 kB
Inactive(anon):    20212 kB
Active(file):     198824 kB
Inactive(file):  1396276 kB
Unevictable:        5624 kB
Mlocked:            5624 kB
SwapTotal:       3145724 kB
SwapFree:        3145724 kB
Dirty:               576 kB
Writeback:             0 kB
AnonPages:       1171804 kB
Mapped:           819168 kB
Shmem:             22592 kB
KReclaimable:     622224 kB
Slab:             205728 kB
SReclaimable:      67084 kB
SUnreclaim:       138644 kB
KernelStack:       44144 kB
PageTables:        61496 kB
NFS_Unstable:          0 kB
Bounce:                0 kB
WritebackTmp:          0 kB
CommitLimit:     9202296 kB
Committed_AS:   65615996 kB
VmallocTotal:   263061440 kB
VmallocUsed:      101136 kB
VmallocChunk:          0 kB
Percpu:             7584 kB
CmaTotal:         294912 kB
CmaFree:               0 kB
MemTotal:       12113144 kB
MemFree:         6920364 kB
MemAvailable:    8268984 kB
Buffers:            5344 kB
Cached:          1616932 kB
SwapCached:            0 kB
Active:          1371708 kB
Inactive:        1416488 kB
Active(anon):    1172884 kB
Inactive(anon):    20212 kB
Active(file):     198824 kB
Inactive(file):  1396276 kB
Unevictable:        5624 kB
Mlocked:            5624 kB
SwapTotal:       3145724 kB
SwapFree:        3145724 kB
Dirty:               576 kB
Writeback:             0 kB
AnonPages:       1171684 kB
Mapped:           818908 kB
Shmem:             22592 kB
KReclaimable:     622224 kB
Slab:             205728 kB
SReclaimable:      67084 kB
SUnreclaim:       138644 kB
KernelStack:       44144 kB
PageTables:        61496 kB
NFS_Unstable:          0 kB
Bounce:                0 kB
WritebackTmp:          0 kB
CommitLimit:     9202296 kB
Committed_AS:   65610592 kB
VmallocTotal:   263061440 kB
VmallocUsed:      101072 kB
VmallocChunk:          0 kB
Percpu:             7584 kB
CmaTotal:         294912 kB
CmaFree:               0 kB
MemTotal:       12113144 kB
MemFree:         6919648 kB
MemAvailable:    8268268 kB
Buffers:            5344 kB
Cached:          1616932 kB
SwapCached:            0 kB
Active:          1372888 kB
Inactive:        1416488 kB
Active(anon):    1174064 kB
Inactive(anon):    20212 kB
Active(file):     198824 kB
Inactive(file):  1396276 kB
Unevictable:        5624 kB
Mlocked:            5624 kB
SwapTotal:       3145724 kB
SwapFree:        3145724 kB
Dirty:               580 kB
Writeback:             0 kB
AnonPages:       1172704 kB
Mapped:           819168 kB
Shmem:             22592 kB
KReclaimable:     622224 kB
Slab:             205720 kB
SReclaimable:      67084 kB
SUnreclaim:       138636 kB
KernelStack:       44144 kB
PageTables:        61508 kB
NFS_Unstable:          0 kB
Bounce:                0 kB
WritebackTmp:          0 kB
CommitLimit:     9202296 kB
Committed_AS:   65620844 kB
VmallocTotal:   263061440 kB
VmallocUsed:      101056 kB
VmallocChunk:          0 kB
Percpu:             7584 kB
CmaTotal:         294912 kB
CmaFree:               0 kB
MemTotal:       12113144 kB
MemFree:         6917716 kB
MemAvailable:    8266336 kB
Buffers:            5344 kB
Cached:          1616952 kB
SwapCached:            0 kB
Active:          1373620 kB
Inactive:        1416508 kB
Active(anon):    1174796 kB
Inactive(anon):    20232 kB
Active(file):     198824 kB
Inactive(file):  1396276 kB
Unevictable:        5624 kB
Mlocked:            5624 kB
SwapTotal:       3145724 kB
SwapFree:        3145724 kB
Dirty:               580 kB
Writeback:             0 kB
AnonPages:       1173456 kB
Mapped:           819204 kB
Shmem:             22612 kB
KReclaimable:     622224 kB
Slab:             205744 kB
SReclaimable:      67084 kB
SUnreclaim:       138660 kB
KernelStack:       44160 kB
PageTables:        61616 kB
NFS_Unstable:          0 kB
Bounce:                0 kB
WritebackTmp:          0 kB
CommitLimit:     9202296 kB
Committed_AS:   65618448 kB
VmallocTotal:   263061440 kB
VmallocUsed:      101056 kB
VmallocChunk:          0 kB
Percpu:             7584 kB
CmaTotal:         294912 kB
CmaFree:               0 kB
MemTotal:       12113144 kB
MemFree:         6925204 kB
MemAvailable:    8273808 kB
Buffers:            5344 kB
Cached:          1616956 kB
SwapCached:            0 kB
Active:          1367448 kB
Inactive:        1416512 kB
Active(anon):    1168624 kB
Inactive(anon):    20236 kB
Active(file):     198824 kB
Inactive(file):  1396276 kB
Unevictable:        5624 kB
Mlocked:            5624 kB
SwapTotal:       3145724 kB
SwapFree:        3145724 kB
Dirty:               580 kB
Writeback:             0 kB
AnonPages:       1167632 kB
Mapped:           818948 kB
Shmem:             22616 kB
KReclaimable:     622208 kB
Slab:             205720 kB
SReclaimable:      67068 kB
SUnreclaim:       138652 kB
KernelStack:       44144 kB
PageTables:        61488 kB
NFS_Unstable:          0 kB
Bounce:                0 kB
WritebackTmp:          0 kB
CommitLimit:     9202296 kB
Committed_AS:   65625208 kB
VmallocTotal:   263061440 kB
VmallocUsed:      101056 kB
VmallocChunk:          0 kB
Percpu:             7584 kB
CmaTotal:         294912 kB
CmaFree:               0 kB
MemTotal:       12113144 kB
MemFree:         6924624 kB
MemAvailable:    8273244 kB
Buffers:            5344 kB
Cached:          1616972 kB
SwapCached:            0 kB
Active:          1367208 kB
Inactive:        1416524 kB
Active(anon):    1168380 kB
Inactive(anon):    20236 kB
Active(file):     198828 kB
Inactive(file):  1396288 kB
Unevictable:        5624 kB
Mlocked:            5624 kB
SwapTotal:       3145724 kB
SwapFree:        3145724 kB
Dirty:               604 kB
Writeback:             0 kB
AnonPages:       1166840 kB
Mapped:           818948 kB
Shmem:             22616 kB
KReclaimable:     622208 kB
Slab:             205720 kB
SReclaimable:      67068 kB
SUnreclaim:       138652 kB
KernelStack:       44128 kB
PageTables:        61600 kB
NFS_Unstable:          0 kB
Bounce:                0 kB
WritebackTmp:          0 kB
CommitLimit:     9202296 kB
Committed_AS:   65622220 kB
VmallocTotal:   263061440 kB
VmallocUsed:      101040 kB
VmallocChunk:          0 kB
Percpu:             7584 kB
CmaTotal:         294912 kB
CmaFree:               0 kB
MemTotal:       12113144 kB
MemFree:         6923908 kB
MemAvailable:    8272536 kB
Buffers:            5344 kB
Cached:          1616968 kB
SwapCached:            0 kB
Active:          1368156 kB
Inactive:        1416524 kB
Active(anon):    1169332 kB
Inactive(anon):    20240 kB
Active(file):     198824 kB
Inactive(file):  1396284 kB
Unevictable:        5624 kB
Mlocked:            5624 kB
SwapTotal:       3145724 kB
SwapFree:        3145724 kB
Dirty:               360 kB
Writeback:             0 kB
AnonPages:       1167812 kB
Mapped:           818956 kB
Shmem:             22620 kB
KReclaimable:     622224 kB
Slab:             205748 kB
SReclaimable:      67084 kB
SUnreclaim:       138664 kB
KernelStack:       44128 kB
PageTables:        61500 kB
NFS_Unstable:          0 kB
Bounce:                0 kB
WritebackTmp:          0 kB
CommitLimit:     9202296 kB
Committed_AS:   65623312 kB
VmallocTotal:   263061440 kB
VmallocUsed:      101040 kB
VmallocChunk:          0 kB
Percpu:             7584 kB
CmaTotal:         294912 kB
CmaFree:               0 kB
MemTotal:       12113144 kB
MemFree:         6924260 kB
MemAvailable:    8272888 kB
Buffers:            5344 kB
Cached:          1616968 kB
SwapCached:            0 kB
Active:          1368708 kB
Inactive:        1416524 kB
Active(anon):    1169884 kB
Inactive(anon):    20240 kB
Active(file):     198824 kB
Inactive(file):  1396284 kB
Unevictable:        5624 kB
Mlocked:            5624 kB
SwapTotal:       3145724 kB
SwapFree:        3145724 kB
Dirty:               360 kB
Writeback:             0 kB
AnonPages:       1168156 kB
Mapped:           819132 kB
Shmem:             22620 kB
KReclaimable:     622224 kB
Slab:             205732 kB
SReclaimable:      67084 kB
SUnreclaim:       138648 kB
KernelStack:       44132 kB
PageTables:        61384 kB
NFS_Unstable:          0 kB
Bounce:                0 kB
WritebackTmp:          0 kB
CommitLimit:     9202296 kB
Committed_AS:   65619668 kB
VmallocTotal:   263061440 kB
VmallocUsed:      101040 kB
VmallocChunk:          0 kB
Percpu:             7584 kB
CmaTotal:         294912 kB
CmaFree:               0 kB
MemTotal:       12113144 kB
MemFree:         6923176 kB
MemAvailable:    8271824 kB
Buffers:            5352 kB
Cached:          1616980 kB
SwapCached:            0 kB
Active:          1369744 kB
Inactive:        1416536 kB
Active(anon):    1170912 kB
Inactive(anon):    20240 kB
Active(file):     198832 kB
Inactive(file):  1396296 kB
Unevictable:        5624 kB
Mlocked:            5624 kB
SwapTotal:       3145724 kB
SwapFree:        3145724 kB
Dirty:               324 kB
Writeback:             0 kB
AnonPages:       1169472 kB
Mapped:           818952 kB
Shmem:             22620 kB
KReclaimable:     622224 kB
Slab:             205740 kB
SReclaimable:      67084 kB
SUnreclaim:       138656 kB
KernelStack:       44128 kB
PageTables:        61492 kB
NFS_Unstable:          0 kB
Bounce:                0 kB
WritebackTmp:          0 kB
CommitLimit:     9202296 kB
Committed_AS:   65619752 kB
VmallocTotal:   263061440 kB
VmallocUsed:      101072 kB
VmallocChunk:          0 kB
Percpu:             7584 kB
CmaTotal:         294912 kB
CmaFree:               8 kB
MemTotal:       12113144 kB
MemFree:         6922172 kB
MemAvailable:    8270820 kB
Buffers:            5352 kB
Cached:          1616980 kB
SwapCached:            0 kB
Active:          1370380 kB
Inactive:        1416536 kB
Active(anon):    1171548 kB
Inactive(anon):    20240 kB
Active(file):     198832 kB
Inactive(file):  1396296 kB
Unevictable:        5624 kB
Mlocked:            5624 kB
SwapTotal:       3145724 kB
SwapFree:        3145724 kB
Dirty:               324 kB
Writeback:             0 kB
AnonPages:       1170316 kB
Mapped:           819220 kB
Shmem:             22620 kB
KReclaimable:     622224 kB
Slab:             205732 kB
SReclaimable:      67084 kB
SUnreclaim:       138648 kB
KernelStack:       44164 kB
PageTables:        61636 kB
NFS_Unstable:          0 kB
Bounce:                0 kB
WritebackTmp:          0 kB
CommitLimit:     9202296 kB
Committed_AS:   65621924 kB
VmallocTotal:   263061440 kB
VmallocUsed:      101072 kB
VmallocChunk:          0 kB
Percpu:             7584 kB
CmaTotal:         294912 kB
CmaFree:               0 kB
MemTotal:       12113144 kB
MemFree:         6922604 kB
MemAvailable:    8271236 kB
Buffers:            5352 kB
Cached:          1616980 kB
SwapCached:            0 kB
Active:          1370996 kB
Inactive:        1416532 kB
Active(anon):    1172160 kB
Inactive(anon):    20240 kB
Active(file):     198836 kB
Inactive(file):  1396292 kB
Unevictable:        5624 kB
Mlocked:            5624 kB
SwapTotal:       3145724 kB
SwapFree:        3145724 kB
Dirty:               348 kB
Writeback:             0 kB
AnonPages:       1170576 kB
Mapped:           819212 kB
Shmem:             22620 kB
KReclaimable:     622208 kB
Slab:             205716 kB
SReclaimable:      67068 kB
SUnreclaim:       138648 kB
KernelStack:       44112 kB
PageTables:        61496 kB
NFS_Unstable:          0 kB
Bounce:                0 kB
WritebackTmp:          0 kB
CommitLimit:     9202296 kB
Committed_AS:   65622584 kB
VmallocTotal:   263061440 kB
VmallocUsed:      101056 kB
VmallocChunk:          0 kB
Percpu:             7584 kB
CmaTotal:         294912 kB
CmaFree:               0 kB
MemTotal:       12113144 kB
MemFree:         6921216 kB
MemAvailable:    8269880 kB
Buffers:            5352 kB
Cached:          1616996 kB
SwapCached:            0 kB
Active:          1371540 kB
Inactive:        1416544 kB
Active(anon):    1172700 kB
Inactive(anon):    20240 kB
Active(file):     198840 kB
Inactive(file):  1396304 kB
Unevictable:        5624 kB
Mlocked:            5624 kB
SwapTotal:       3145724 kB
SwapFree:        3145724 kB
Dirty:               356 kB
Writeback:             0 kB
AnonPages:       1171368 kB
Mapped:           819024 kB
Shmem:             22620 kB
KReclaimable:     622224 kB
Slab:             205748 kB
SReclaimable:      67084 kB
SUnreclaim:       138664 kB
KernelStack:       44176 kB
PageTables:        61600 kB
NFS_Unstable:          0 kB
Bounce:                0 kB
WritebackTmp:          0 kB
CommitLimit:     9202296 kB
Committed_AS:   65623276 kB
VmallocTotal:   263061440 kB
VmallocUsed:      101056 kB
VmallocChunk:          0 kB
Percpu:             7584 kB
CmaTotal:         294912 kB
CmaFree:               0 kB
MemTotal:       12113144 kB
MemFree:         6921032 kB
MemAvailable:    8269680 kB
Buffers:            5352 kB
Cached:          1616980 kB
SwapCached:            0 kB
Active:          1371516 kB
Inactive:        1416532 kB
Active(anon):    1172680 kB
Inactive(anon):    20240 kB
Active(file):     198836 kB
Inactive(file):  1396292 kB
Unevictable:        5624 kB
Mlocked:            5624 kB
SwapTotal:       3145724 kB
SwapFree:        3145724 kB
Dirty:               324 kB
Writeback:             0 kB
AnonPages:       1171220 kB
Mapped:           819212 kB
Shmem:             22620 kB
KReclaimable:     622224 kB
Slab:             205740 kB
SReclaimable:      67084 kB
SUnreclaim:       138656 kB
KernelStack:       44128 kB
PageTables:        61512 kB
NFS_Unstable:          0 kB
Bounce:                0 kB
WritebackTmp:          0 kB
CommitLimit:     9202296 kB
Committed_AS:   65623664 kB
VmallocTotal:   263061440 kB
VmallocUsed:      101056 kB
VmallocChunk:          0 kB
Percpu:             7584 kB
CmaTotal:         294912 kB
CmaFree:               0 kB
MemTotal:       12113144 kB
MemFree:         6920432 kB
MemAvailable:    8268356 kB
Buffers:            5352 kB
Cached:          1616272 kB
SwapCached:            0 kB
Active:          1372388 kB
Inactive:        1415824 kB
Active(anon):    1173552 kB
Inactive(anon):    20244 kB
Active(file):     198836 kB
Inactive(file):  1395580 kB
Unevictable:        5624 kB
Mlocked:            5624 kB
SwapTotal:       3145724 kB
SwapFree:        3145724 kB
Dirty:               664 kB
Writeback:             0 kB
AnonPages:       1172544 kB
Mapped:           819216 kB
Shmem:             22624 kB
KReclaimable:     622212 kB
Slab:             205728 kB
SReclaimable:      67072 kB
SUnreclaim:       138656 kB
KernelStack:       44128 kB
PageTables:        61548 kB
NFS_Unstable:          0 kB
Bounce:                0 kB
WritebackTmp:          0 kB
CommitLimit:     9202296 kB
Committed_AS:   65624976 kB
VmallocTotal:   263061440 kB
VmallocUsed:      101040 kB
VmallocChunk:          0 kB
Percpu:             7584 kB
CmaTotal:         294912 kB
CmaFree:               0 kB
MemTotal:       12113144 kB
MemFree:         6919808 kB
MemAvailable:    8267760 kB
Buffers:            5356 kB
Cached:          1616296 kB
SwapCached:            0 kB
Active:          1373584 kB
Inactive:        1415848 kB
Active(anon):    1174744 kB
Inactive(anon):    20244 kB
Active(file):     198840 kB
Inactive(file):  1395604 kB
Unevictable:        5624 kB
Mlocked:            5624 kB
SwapTotal:       3145724 kB
SwapFree:        3145724 kB
Dirty:               356 kB
Writeback:             0 kB
AnonPages:       1173460 kB
Mapped:           819216 kB
Shmem:             22624 kB
KReclaimable:     622212 kB
Slab:             205728 kB
SReclaimable:      67072 kB
SUnreclaim:       138656 kB
KernelStack:       44112 kB
PageTables:        61504 kB
NFS_Unstable:          0 kB
Bounce:                0 kB
WritebackTmp:          0 kB
CommitLimit:     9202296 kB
Committed_AS:   65622236 kB
VmallocTotal:   263061440 kB
VmallocUsed:      101056 kB
VmallocChunk:          0 kB
Percpu:             7584 kB
CmaTotal:         294912 kB
CmaFree:               0 kB
MemTotal:       12113144 kB
MemFree:         6918512 kB
MemAvailable:    8266464 kB
Buffers:            5356 kB
Cached:          1616296 kB
SwapCached:            0 kB
Active:          1374188 kB
Inactive:        1415848 kB
Active(anon):    1175348 kB
Inactive(anon):    20244 kB
Active(file):     198840 kB
Inactive(file):  1395604 kB
Unevictable:        5624 kB
Mlocked:            5624 kB
SwapTotal:       3145724 kB
SwapFree:        3145724 kB
Dirty:               356 kB
Writeback:             0 kB
AnonPages:       1174052 kB
Mapped:           818956 kB
Shmem:             22624 kB
KReclaimable:     622212 kB
Slab:             205728 kB
SReclaimable:      67072 kB
SUnreclaim:       138656 kB
KernelStack:       44128 kB
PageTables:        61620 kB
NFS_Unstable:          0 kB
Bounce:                0 kB
WritebackTmp:          0 kB
CommitLimit:     9202296 kB
Committed_AS:   65618256 kB
VmallocTotal:   263061440 kB
VmallocUsed:      101056 kB
VmallocChunk:          0 kB
Percpu:             7584 kB
CmaTotal:         294912 kB
CmaFree:               0 kB
MemTotal:       12113144 kB
MemFree:         6916808 kB
MemAvailable:    8264744 kB
Buffers:            5356 kB
Cached:          1616300 kB
SwapCached:            0 kB
Active:          1375428 kB
Inactive:        1415848 kB
Active(anon):    1176584 kB
Inactive(anon):    20244 kB
Active(file):     198844 kB
Inactive(file):  1395604 kB
Unevictable:        5624 kB
Mlocked:            5624 kB
SwapTotal:       3145724 kB
SwapFree:        3145724 kB
Dirty:               372 kB
Writeback:             0 kB
AnonPages:       1175780 kB
Mapped:           819216 kB
Shmem:             22624 kB
KReclaimable:     622192 kB
Slab:             205684 kB
SReclaimable:      67052 kB
SUnreclaim:       138632 kB
KernelStack:       44096 kB
PageTables:        61276 kB
NFS_Unstable:          0 kB
Bounce:                0 kB
WritebackTmp:          0 kB
CommitLimit:     9202296 kB
Committed_AS:   65620704 kB
VmallocTotal:   263061440 kB
VmallocUsed:      101088 kB
VmallocChunk:          0 kB
Percpu:             7584 kB
CmaTotal:         294912 kB
CmaFree:               0 kB
MemTotal:       12113144 kB
MemFree:         6916912 kB
MemAvailable:    8264724 kB
Buffers:            5356 kB
Cached:          1616176 kB
SwapCached:            0 kB
Active:          1375908 kB
Inactive:        1415728 kB
Active(anon):    1177068 kB
Inactive(anon):    20244 kB
Active(file):     198840 kB
Inactive(file):  1395484 kB
Unevictable:        5624 kB
Mlocked:            5624 kB
SwapTotal:       3145724 kB
SwapFree:        3145724 kB
Dirty:              1032 kB
Writeback:             0 kB
AnonPages:       1175220 kB
Mapped:           819020 kB
Shmem:             22624 kB
KReclaimable:     622192 kB
Slab:             205708 kB
SReclaimable:      67052 kB
SUnreclaim:       138656 kB
KernelStack:       44160 kB
PageTables:        61608 kB
NFS_Unstable:          0 kB
Bounce:                0 kB
WritebackTmp:          0 kB
CommitLimit:     9202296 kB
Committed_AS:   65625916 kB
VmallocTotal:   263061440 kB
VmallocUsed:      101088 kB
VmallocChunk:          0 kB
Percpu:             7584 kB
CmaTotal:         294912 kB
CmaFree:               0 kB
MemTotal:       12113144 kB
MemFree:         6920300 kB
MemAvailable:    8268384 kB
Buffers:            5356 kB
Cached:          1616432 kB
SwapCached:            0 kB
Active:          1372532 kB
Inactive:        1415984 kB
Active(anon):    1173692 kB
Inactive(anon):    20244 kB
Active(file):     198840 kB
Inactive(file):  1395740 kB
Unevictable:        5624 kB
Mlocked:            5624 kB
SwapTotal:       3145724 kB
SwapFree:        3145724 kB
Dirty:              1068 kB
Writeback:             0 kB
AnonPages:       1172196 kB
Mapped:           819216 kB
Shmem:             22624 kB
KReclaimable:     622208 kB
Slab:             205716 kB
SReclaimable:      67068 kB
SUnreclaim:       138648 kB
KernelStack:       44128 kB
PageTables:        61504 kB
NFS_Unstable:          0 kB
Bounce:                0 kB
WritebackTmp:          0 kB
CommitLimit:     9202296 kB
Committed_AS:   65630904 kB
VmallocTotal:   263061440 kB
VmallocUsed:      101088 kB
VmallocChunk:          0 kB
Percpu:             7584 kB
CmaTotal:         294912 kB
CmaFree:              44 kB
MemTotal:       12113144 kB
MemFree:         6920660 kB
MemAvailable:    8268876 kB
Buffers:            5356 kB
Cached:          1616568 kB
SwapCached:            0 kB
Active:          1372356 kB
Inactive:        1416120 kB
Active(anon):    1173516 kB
Inactive(anon):    20248 kB
Active(file):     198840 kB
Inactive(file):  1395872 kB
Unevictable:        5624 kB
Mlocked:            5624 kB
SwapTotal:       3145724 kB
SwapFree:        3145724 kB
Dirty:              1872 kB
Writeback:             0 kB
AnonPages:       1172256 kB
Mapped:           819220 kB
Shmem:             22628 kB
KReclaimable:     622208 kB
Slab:             205724 kB
SReclaimable:      67068 kB
SUnreclaim:       138656 kB
KernelStack:       44112 kB
PageTables:        61508 kB
NFS_Unstable:          0 kB
Bounce:                0 kB
WritebackTmp:          0 kB
CommitLimit:     9202296 kB
Committed_AS:   65630464 kB
VmallocTotal:   263061440 kB
VmallocUsed:      101072 kB
VmallocChunk:          0 kB
Percpu:             7584 kB
CmaTotal:         294912 kB
CmaFree:               0 kB
MemTotal:       12113144 kB
MemFree:         6919720 kB
MemAvailable:    8267928 kB
Buffers:            5356 kB
Cached:          1616560 kB
SwapCached:            0 kB
Active:          1372448 kB
Inactive:        1416116 kB
Active(anon):    1173612 kB
Inactive(anon):    20248 kB
Active(file):     198836 kB
Inactive(file):  1395868 kB
Unevictable:        5624 kB
Mlocked:            5624 kB
SwapTotal:       3145724 kB
SwapFree:        3145724 kB
Dirty:              1872 kB
Writeback:             0 kB
AnonPages:       1172112 kB
Mapped:           819224 kB
Shmem:             22628 kB
KReclaimable:     622208 kB
Slab:             205724 kB
SReclaimable:      67068 kB
SUnreclaim:       138656 kB
KernelStack:       44144 kB
PageTables:        61628 kB
NFS_Unstable:          0 kB
Bounce:                0 kB
WritebackTmp:          0 kB
CommitLimit:     9202296 kB
Committed_AS:   65624188 kB
VmallocTotal:   263061440 kB
VmallocUsed:      101088 kB
VmallocChunk:          0 kB
Percpu:             7584 kB
CmaTotal:         294912 kB
CmaFree:               0 kB
MemTotal:       12113144 kB
MemFree:         6919512 kB
MemAvailable:    8267780 kB
Buffers:            5360 kB
Cached:          1616600 kB
SwapCached:            0 kB
Active:          1372596 kB
Inactive:        1416148 kB
Active(anon):    1173748 kB
Inactive(anon):    20248 kB
Active(file):     198848 kB
Inactive(file):  1395900 kB
Unevictable:        5624 kB
Mlocked:            5624 kB
SwapTotal:       3145724 kB
SwapFree:        3145724 kB
Dirty:              1220 kB
Writeback:             0 kB
AnonPages:       1172712 kB
Mapped:           819220 kB
Shmem:             22628 kB
KReclaimable:     622224 kB
Slab:             205740 kB
SReclaimable:      67084 kB
SUnreclaim:       138656 kB
KernelStack:       44128 kB
PageTables:        61508 kB
NFS_Unstable:          0 kB
Bounce:                0 kB
WritebackTmp:          0 kB
CommitLimit:     9202296 kB
Committed_AS:   65625820 kB
VmallocTotal:   263061440 kB
VmallocUsed:      101088 kB
VmallocChunk:          0 kB
Percpu:             7584 kB
CmaTotal:         294912 kB
CmaFree:               0 kB
MemTotal:       12113144 kB
MemFree:         6920344 kB
MemAvailable:    8268604 kB
Buffers:            5360 kB
Cached:          1616592 kB
SwapCached:            0 kB
Active:          1372464 kB
Inactive:        1416144 kB
Active(anon):    1173620 kB
Inactive(anon):    20248 kB
Active(file):     198844 kB
Inactive(file):  1395896 kB
Unevictable:        5624 kB
Mlocked:            5624 kB
SwapTotal:       3145724 kB
SwapFree:        3145724 kB
Dirty:              1200 kB
Writeback:             0 kB
AnonPages:       1172684 kB
Mapped:           819220 kB
Shmem:             22628 kB
KReclaimable:     622224 kB
Slab:             205740 kB
SReclaimable:      67084 kB
SUnreclaim:       138656 kB
KernelStack:       44128 kB
PageTables:        61500 kB
NFS_Unstable:          0 kB
Bounce:                0 kB
WritebackTmp:          0 kB
CommitLimit:     9202296 kB
Committed_AS:   65621020 kB
VmallocTotal:   263061440 kB
VmallocUsed:      101088 kB
VmallocChunk:          0 kB
Percpu:             7584 kB
CmaTotal:         294912 kB
CmaFree:               0 kB
MemTotal:       12113144 kB
MemFree:         6919220 kB
MemAvailable:    8267468 kB
Buffers:            5360 kB
Cached:          1616592 kB
SwapCached:            0 kB
Active:          1373732 kB
Inactive:        1416144 kB
Active(anon):    1174888 kB
Inactive(anon):    20248 kB
Active(file):     198844 kB
Inactive(file):  1395896 kB
Unevictable:        5624 kB
Mlocked:            5624 kB
SwapTotal:       3145724 kB
SwapFree:        3145724 kB
Dirty:              1296 kB
Writeback:             0 kB
AnonPages:       1173684 kB
Mapped:           819004 kB
Shmem:             22628 kB
KReclaimable:     622212 kB
Slab:             205728 kB
SReclaimable:      67072 kB
SUnreclaim:       138656 kB
KernelStack:       44128 kB
PageTables:        61500 kB
NFS_Unstable:          0 kB
Bounce:                0 kB
WritebackTmp:          0 kB
CommitLimit:     9202296 kB
Committed_AS:   65615204 kB
VmallocTotal:   263061440 kB
VmallocUsed:      101056 kB
VmallocChunk:          0 kB
Percpu:             7584 kB
CmaTotal:         294912 kB
CmaFree:               0 kB
MemTotal:       12113144 kB
MemFree:         6918828 kB
MemAvailable:    8267092 kB
Buffers:            5360 kB
Cached:          1616592 kB
SwapCached:            0 kB
Active:          1374376 kB
Inactive:        1416144 kB
Active(anon):    1175532 kB
Inactive(anon):    20248 kB
Active(file):     198844 kB
Inactive(file):  1395896 kB
Unevictable:        5624 kB
Mlocked:            5624 kB
SwapTotal:       3145724 kB
SwapFree:        3145724 kB
Dirty:              1316 kB
Writeback:             0 kB
AnonPages:       1174140 kB
Mapped:           819248 kB
Shmem:             22628 kB
KReclaimable:     622228 kB
Slab:             205744 kB
SReclaimable:      67088 kB
SUnreclaim:       138656 kB
KernelStack:       44128 kB
PageTables:        61532 kB
NFS_Unstable:          0 kB
Bounce:                0 kB
WritebackTmp:          0 kB
CommitLimit:     9202296 kB
Committed_AS:   65625764 kB
VmallocTotal:   263061440 kB
VmallocUsed:      101088 kB
VmallocChunk:          0 kB
Percpu:             7584 kB
CmaTotal:         294912 kB
CmaFree:               0 kB
MemTotal:       12113144 kB
MemFree:         6918588 kB
MemAvailable:    8266836 kB
Buffers:            5368 kB
Cached:          1616584 kB
SwapCached:            0 kB
Active:          1374104 kB
Inactive:        1416144 kB
Active(anon):    1175260 kB
Inactive(anon):    20248 kB
Active(file):     198844 kB
Inactive(file):  1395896 kB
Unevictable:        5624 kB
Mlocked:            5624 kB
SwapTotal:       3145724 kB
SwapFree:        3145724 kB
Dirty:               548 kB
Writeback:             0 kB
AnonPages:       1173848 kB
Mapped:           819004 kB
Shmem:             22628 kB
KReclaimable:     622212 kB
Slab:             205736 kB
SReclaimable:      67072 kB
SUnreclaim:       138664 kB
KernelStack:       44160 kB
PageTables:        61624 kB
NFS_Unstable:          0 kB
Bounce:                0 kB
WritebackTmp:          0 kB
CommitLimit:     9202296 kB
Committed_AS:   65632992 kB
VmallocTotal:   263061440 kB
VmallocUsed:      101088 kB
VmallocChunk:          0 kB
Percpu:             7584 kB
CmaTotal:         294912 kB
CmaFree:               0 kB
MemTotal:       12113144 kB
MemFree:         6917696 kB
MemAvailable:    8265968 kB
Buffers:            5368 kB
Cached:          1616608 kB
SwapCached:            0 kB
Active:          1374592 kB
Inactive:        1416160 kB
Active(anon):    1175740 kB
Inactive(anon):    20248 kB
Active(file):     198852 kB
Inactive(file):  1395912 kB
Unevictable:        5624 kB
Mlocked:            5624 kB
SwapTotal:       3145724 kB
SwapFree:        3145724 kB
Dirty:               512 kB
Writeback:             0 kB
AnonPages:       1174400 kB
Mapped:           819004 kB
Shmem:             22628 kB
KReclaimable:     622212 kB
Slab:             205728 kB
SReclaimable:      67072 kB
SUnreclaim:       138656 kB
KernelStack:       44128 kB
PageTables:        61516 kB
NFS_Unstable:          0 kB
Bounce:                0 kB
WritebackTmp:          0 kB
CommitLimit:     9202296 kB
Committed_AS:   65632488 kB
VmallocTotal:   263061440 kB
VmallocUsed:      101040 kB
VmallocChunk:          0 kB
Percpu:             7584 kB
CmaTotal:         294912 kB
CmaFree:               0 kB
MemTotal:       12113144 kB
MemFree:         6920540 kB
MemAvailable:    8268844 kB
Buffers:            5368 kB
Cached:          1616644 kB
SwapCached:            0 kB
Active:          1372268 kB
Inactive:        1416196 kB
Active(anon):    1173416 kB
Inactive(anon):    20252 kB
Active(file):     198852 kB
Inactive(file):  1395944 kB
Unevictable:        5624 kB
Mlocked:            5624 kB
SwapTotal:       3145724 kB
SwapFree:        3145724 kB
Dirty:              1368 kB
Writeback:             0 kB
AnonPages:       1172212 kB
Mapped:           819268 kB
Shmem:             22632 kB
KReclaimable:     622212 kB
Slab:             205728 kB
SReclaimable:      67072 kB
SUnreclaim:       138656 kB
KernelStack:       44144 kB
PageTables:        61628 kB
NFS_Unstable:          0 kB
Bounce:                0 kB
WritebackTmp:          0 kB
CommitLimit:     9202296 kB
Committed_AS:   65627508 kB
VmallocTotal:   263061440 kB
VmallocUsed:      101040 kB
VmallocChunk:          0 kB
Percpu:             7584 kB
CmaTotal:         294912 kB
CmaFree:               0 kB
MemTotal:       12113144 kB
MemFree:         6918620 kB
MemAvailable:    8266932 kB
Buffers:            5368 kB
Cached:          1616636 kB
SwapCached:            0 kB
Active:          1373444 kB
Inactive:        1416192 kB
Active(anon):    1174596 kB
Inactive(anon):    20252 kB
Active(file):     198848 kB
Inactive(file):  1395940 kB
Unevictable:        5624 kB
Mlocked:            5624 kB
SwapTotal:       3145724 kB
SwapFree:        3145724 kB
Dirty:              1364 kB
Writeback:             0 kB
AnonPages:       1173512 kB
Mapped:           819268 kB
Shmem:             22632 kB
KReclaimable:     622228 kB
Slab:             205736 kB
SReclaimable:      67088 kB
SUnreclaim:       138648 kB
KernelStack:       44112 kB
PageTables:        61512 kB
NFS_Unstable:          0 kB
Bounce:                0 kB
WritebackTmp:          0 kB
CommitLimit:     9202296 kB
Committed_AS:   65621988 kB
VmallocTotal:   263061440 kB
VmallocUsed:      101056 kB
VmallocChunk:          0 kB
Percpu:             7584 kB
CmaTotal:         294912 kB
CmaFree:               0 kB
MemTotal:       12113144 kB
MemFree:         6918116 kB
MemAvailable:    8266452 kB
Buffers:            5368 kB
Cached:          1616668 kB
SwapCached:            0 kB
Active:          1373804 kB
Inactive:        1416216 kB
Active(anon):    1174948 kB
Inactive(anon):    20260 kB
Active(file):     198856 kB
Inactive(file):  1395956 kB
Unevictable:        5624 kB
Mlocked:            5624 kB
SwapTotal:       3145724 kB
SwapFree:        3145724 kB
Dirty:              1408 kB
Writeback:             0 kB
AnonPages:       1173516 kB
Mapped:           819260 kB
Shmem:             22640 kB
KReclaimable:     622228 kB
Slab:             205752 kB
SReclaimable:      67088 kB
SUnreclaim:       138664 kB
KernelStack:       44128 kB
PageTables:        61444 kB
NFS_Unstable:          0 kB
Bounce:                0 kB
WritebackTmp:          0 kB
CommitLimit:     9202296 kB
Committed_AS:   65627360 kB
VmallocTotal:   263061440 kB
VmallocUsed:      101040 kB
