MemTotal:       12113132 kB
MemFree:         6328148 kB
MemAvailable:    7909040 kB
Buffers:            5632 kB
Cached:          1878324 kB
SwapCached:            0 kB
Active:          1576756 kB
Inactive:        1636884 kB
Active(anon):    1336128 kB
Inactive(anon):    23916 kB
Active(file):     240628 kB
Inactive(file):  1612968 kB
Unevictable:        5552 kB
Mlocked:            5552 kB
SwapTotal:       3145724 kB
SwapFree:        3145724 kB
Dirty:               292 kB
Writeback:             0 kB
AnonPages:       1335180 kB
Mapped:           871492 kB
Shmem:             25860 kB
KReclaimable:     596000 kB
Slab:             227792 kB
SReclaimable:      79648 kB
SUnreclaim:       148144 kB
KernelStack:       47952 kB
PageTables:        68024 kB
NFS_Unstable:          0 kB
Bounce:                0 kB
WritebackTmp:          0 kB
CommitLimit:     9202288 kB
Committed_AS:   75273368 kB
VmallocTotal:   263061440 kB
VmallocUsed:      105156 kB
VmallocChunk:          0 kB
Percpu:             7648 kB
CmaTotal:         294912 kB
CmaFree:             108 kB
MemTotal:       12113132 kB
MemFree:         6328136 kB
MemAvailable:    7909096 kB
Buffers:            5632 kB
Cached:          1878396 kB
SwapCached:            0 kB
Active:          1577480 kB
Inactive:        1636928 kB
Active(anon):    1336824 kB
Inactive(anon):    23920 kB
Active(file):     240656 kB
Inactive(file):  1613008 kB
Unevictable:        5552 kB
Mlocked:            5552 kB
SwapTotal:       3145724 kB
SwapFree:        3145724 kB
Dirty:               376 kB
Writeback:             0 kB
AnonPages:       1336136 kB
Mapped:           871636 kB
Shmem:             25864 kB
KReclaimable:     596000 kB
Slab:             227752 kB
SReclaimable:      79648 kB
SUnreclaim:       148104 kB
KernelStack:       47968 kB
PageTables:        68096 kB
NFS_Unstable:          0 kB
Bounce:                0 kB
WritebackTmp:          0 kB
CommitLimit:     9202288 kB
Committed_AS:   75268128 kB
VmallocTotal:   263061440 kB
VmallocUsed:      105188 kB
VmallocChunk:          0 kB
Percpu:             7648 kB
CmaTotal:         294912 kB
CmaFree:               0 kB
MemTotal:       12113132 kB
MemFree:         6325924 kB
MemAvailable:    7906904 kB
Buffers:            5640 kB
Cached:          1878420 kB
SwapCached:            0 kB
Active:          1578488 kB
Inactive:        1636952 kB
Active(anon):    1337824 kB
Inactive(anon):    23932 kB
Active(file):     240664 kB
Inactive(file):  1613020 kB
Unevictable:        5552 kB
Mlocked:            5552 kB
SwapTotal:       3145724 kB
SwapFree:        3145724 kB
Dirty:               396 kB
Writeback:             0 kB
AnonPages:       1336908 kB
Mapped:           871548 kB
Shmem:             25876 kB
KReclaimable:     596000 kB
Slab:             227760 kB
SReclaimable:      79648 kB
SUnreclaim:       148112 kB
KernelStack:       48032 kB
PageTables:        68012 kB
NFS_Unstable:          0 kB
Bounce:                0 kB
WritebackTmp:          0 kB
CommitLimit:     9202288 kB
Committed_AS:   75268668 kB
VmallocTotal:   263061440 kB
VmallocUsed:      105188 kB
VmallocChunk:          0 kB
Percpu:             7648 kB
CmaTotal:         294912 kB
CmaFree:               0 kB
MemTotal:       12113132 kB
MemFree:         6325900 kB
MemAvailable:    7906904 kB
Buffers:            5640 kB
Cached:          1878444 kB
SwapCached:            0 kB
Active:          1578892 kB
Inactive:        1636968 kB
Active(anon):    1338220 kB
Inactive(anon):    23932 kB
Active(file):     240672 kB
Inactive(file):  1613036 kB
Unevictable:        5552 kB
Mlocked:            5552 kB
SwapTotal:       3145724 kB
SwapFree:        3145724 kB
Dirty:               452 kB
Writeback:             0 kB
AnonPages:       1337108 kB
Mapped:           871544 kB
Shmem:             25876 kB
KReclaimable:     596000 kB
Slab:             227760 kB
SReclaimable:      79648 kB
SUnreclaim:       148112 kB
KernelStack:       48016 kB
PageTables:        67884 kB
NFS_Unstable:          0 kB
Bounce:                0 kB
WritebackTmp:          0 kB
CommitLimit:     9202288 kB
Committed_AS:   75275720 kB
VmallocTotal:   263061440 kB
VmallocUsed:      105204 kB
VmallocChunk:          0 kB
Percpu:             7648 kB
CmaTotal:         294912 kB
CmaFree:               0 kB
MemTotal:       12113132 kB
MemFree:         6324672 kB
MemAvailable:    7905696 kB
Buffers:            5640 kB
Cached:          1878464 kB
SwapCached:            0 kB
Active:          1579152 kB
Inactive:        1636988 kB
Active(anon):    1338480 kB
Inactive(anon):    23932 kB
Active(file):     240672 kB
Inactive(file):  1613056 kB
Unevictable:        5552 kB
Mlocked:            5552 kB
SwapTotal:       3145724 kB
SwapFree:        3145724 kB
Dirty:               484 kB
Writeback:             0 kB
AnonPages:       1337312 kB
Mapped:           871744 kB
Shmem:             25876 kB
KReclaimable:     596000 kB
Slab:             227760 kB
SReclaimable:      79648 kB
SUnreclaim:       148112 kB
KernelStack:       48016 kB
PageTables:        67904 kB
NFS_Unstable:          0 kB
Bounce:                0 kB
WritebackTmp:          0 kB
CommitLimit:     9202288 kB
Committed_AS:   75286316 kB
VmallocTotal:   263061440 kB
VmallocUsed:      105204 kB
VmallocChunk:          0 kB
Percpu:             7648 kB
CmaTotal:         294912 kB
CmaFree:               0 kB
MemTotal:       12113132 kB
MemFree:         6336712 kB
MemAvailable:    7917752 kB
Buffers:            5640 kB
Cached:          1878480 kB
SwapCached:            0 kB
Active:          1566492 kB
Inactive:        1637004 kB
Active(anon):    1325820 kB
Inactive(anon):    23932 kB
Active(file):     240672 kB
Inactive(file):  1613072 kB
Unevictable:        5552 kB
Mlocked:            5552 kB
SwapTotal:       3145724 kB
SwapFree:        3145724 kB
Dirty:               508 kB
Writeback:             0 kB
AnonPages:       1324752 kB
Mapped:           857912 kB
Shmem:             25876 kB
KReclaimable:     596000 kB
Slab:             227760 kB
SReclaimable:      79648 kB
SUnreclaim:       148112 kB
KernelStack:       48032 kB
PageTables:        67844 kB
NFS_Unstable:          0 kB
Bounce:                0 kB
WritebackTmp:          0 kB
CommitLimit:     9202288 kB
Committed_AS:   75286008 kB
VmallocTotal:   263061440 kB
VmallocUsed:      105204 kB
VmallocChunk:          0 kB
Percpu:             7648 kB
CmaTotal:         294912 kB
CmaFree:               0 kB
MemTotal:       12113132 kB
MemFree:         6337220 kB
MemAvailable:    7918264 kB
Buffers:            5640 kB
Cached:          1878484 kB
SwapCached:            0 kB
Active:          1566984 kB
Inactive:        1637008 kB
Active(anon):    1326312 kB
Inactive(anon):    23932 kB
Active(file):     240672 kB
Inactive(file):  1613076 kB
Unevictable:        5552 kB
Mlocked:            5552 kB
SwapTotal:       3145724 kB
SwapFree:        3145724 kB
Dirty:               536 kB
Writeback:             0 kB
AnonPages:       1324972 kB
Mapped:           857912 kB
Shmem:             25876 kB
KReclaimable:     596000 kB
Slab:             227760 kB
SReclaimable:      79648 kB
SUnreclaim:       148112 kB
KernelStack:       48048 kB
PageTables:        67968 kB
NFS_Unstable:          0 kB
Bounce:                0 kB
WritebackTmp:          0 kB
CommitLimit:     9202288 kB
Committed_AS:   75280452 kB
VmallocTotal:   263061440 kB
VmallocUsed:      105204 kB
VmallocChunk:          0 kB
Percpu:             7648 kB
CmaTotal:         294912 kB
CmaFree:               0 kB
MemTotal:       12113132 kB
MemFree:         6340364 kB
MemAvailable:    7921412 kB
Buffers:            5640 kB
Cached:          1878488 kB
SwapCached:            0 kB
Active:          1563352 kB
Inactive:        1637012 kB
Active(anon):    1322680 kB
Inactive(anon):    23932 kB
Active(file):     240672 kB
Inactive(file):  1613080 kB
Unevictable:        5552 kB
Mlocked:            5552 kB
SwapTotal:       3145724 kB
SwapFree:        3145724 kB
Dirty:               328 kB
Writeback:             0 kB
AnonPages:       1321744 kB
Mapped:           857928 kB
Shmem:             25876 kB
KReclaimable:     596000 kB
Slab:             227760 kB
SReclaimable:      79648 kB
SUnreclaim:       148112 kB
KernelStack:       48080 kB
PageTables:        67932 kB
NFS_Unstable:          0 kB
Bounce:                0 kB
WritebackTmp:          0 kB
CommitLimit:     9202288 kB
Committed_AS:   75280472 kB
VmallocTotal:   263061440 kB
VmallocUsed:      105220 kB
VmallocChunk:          0 kB
Percpu:             7648 kB
CmaTotal:         294912 kB
CmaFree:               0 kB
MemTotal:       12113132 kB
MemFree:         6339356 kB
MemAvailable:    7920620 kB
Buffers:            5640 kB
Cached:          1878704 kB
SwapCached:            0 kB
Active:          1564256 kB
Inactive:        1637228 kB
Active(anon):    1323584 kB
Inactive(anon):    23932 kB
Active(file):     240672 kB
Inactive(file):  1613296 kB
Unevictable:        5552 kB
Mlocked:            5552 kB
SwapTotal:       3145724 kB
SwapFree:        3145724 kB
Dirty:               272 kB
Writeback:             0 kB
AnonPages:       1322604 kB
Mapped:           857900 kB
Shmem:             25876 kB
KReclaimable:     596000 kB
Slab:             227752 kB
SReclaimable:      79648 kB
SUnreclaim:       148104 kB
KernelStack:       48048 kB
PageTables:        67876 kB
NFS_Unstable:          0 kB
Bounce:                0 kB
WritebackTmp:          0 kB
CommitLimit:     9202288 kB
Committed_AS:   75273664 kB
VmallocTotal:   263061440 kB
VmallocUsed:      105204 kB
VmallocChunk:          0 kB
Percpu:             7648 kB
CmaTotal:         294912 kB
CmaFree:              20 kB
MemTotal:       12113132 kB
MemFree:         6366896 kB
MemAvailable:    7948184 kB
Buffers:            5640 kB
Cached:          1878728 kB
SwapCached:            0 kB
Active:          1537772 kB
Inactive:        1637248 kB
Active(anon):    1297096 kB
Inactive(anon):    23932 kB
Active(file):     240676 kB
Inactive(file):  1613316 kB
Unevictable:        5552 kB
Mlocked:            5552 kB
SwapTotal:       3145724 kB
SwapFree:        3145724 kB
Dirty:               296 kB
Writeback:             0 kB
AnonPages:       1296256 kB
Mapped:           857904 kB
Shmem:             25876 kB
KReclaimable:     596000 kB
Slab:             227760 kB
SReclaimable:      79648 kB
SUnreclaim:       148112 kB
KernelStack:       48064 kB
PageTables:        67916 kB
NFS_Unstable:          0 kB
Bounce:                0 kB
WritebackTmp:          0 kB
CommitLimit:     9202288 kB
Committed_AS:   75274480 kB
VmallocTotal:   263061440 kB
VmallocUsed:      105172 kB
VmallocChunk:          0 kB
Percpu:             7648 kB
CmaTotal:         294912 kB
CmaFree:               0 kB
MemTotal:       12113132 kB
MemFree:         6366092 kB
MemAvailable:    7947384 kB
Buffers:            5640 kB
Cached:          1878732 kB
SwapCached:            0 kB
Active:          1538472 kB
Inactive:        1637252 kB
Active(anon):    1297796 kB
Inactive(anon):    23932 kB
Active(file):     240676 kB
Inactive(file):  1613320 kB
Unevictable:        5552 kB
Mlocked:            5552 kB
SwapTotal:       3145724 kB
SwapFree:        3145724 kB
Dirty:               336 kB
Writeback:             0 kB
AnonPages:       1296928 kB
Mapped:           857948 kB
Shmem:             25876 kB
KReclaimable:     596000 kB
Slab:             227760 kB
SReclaimable:      79648 kB
SUnreclaim:       148112 kB
KernelStack:       48032 kB
PageTables:        67728 kB
NFS_Unstable:          0 kB
Bounce:                0 kB
WritebackTmp:          0 kB
CommitLimit:     9202288 kB
Committed_AS:   75270876 kB
VmallocTotal:   263061440 kB
VmallocUsed:      105204 kB
VmallocChunk:          0 kB
Percpu:             7648 kB
CmaTotal:         294912 kB
CmaFree:             160 kB
MemTotal:       12113132 kB
MemFree:         6365580 kB
MemAvailable:    7946872 kB
Buffers:            5640 kB
Cached:          1878732 kB
SwapCached:            0 kB
Active:          1538560 kB
Inactive:        1637256 kB
Active(anon):    1297888 kB
Inactive(anon):    23932 kB
Active(file):     240672 kB
Inactive(file):  1613324 kB
Unevictable:        5552 kB
Mlocked:            5552 kB
SwapTotal:       3145724 kB
SwapFree:        3145724 kB
Dirty:               336 kB
Writeback:             0 kB
AnonPages:       1297068 kB
Mapped:           858052 kB
Shmem:             25876 kB
KReclaimable:     596000 kB
Slab:             227760 kB
SReclaimable:      79648 kB
SUnreclaim:       148112 kB
KernelStack:       48048 kB
PageTables:        67712 kB
NFS_Unstable:          0 kB
Bounce:                0 kB
WritebackTmp:          0 kB
CommitLimit:     9202288 kB
Committed_AS:   75279560 kB
VmallocTotal:   263061440 kB
VmallocUsed:      105252 kB
VmallocChunk:          0 kB
Percpu:             7648 kB
CmaTotal:         294912 kB
CmaFree:              36 kB
MemTotal:       12113132 kB
MemFree:         6365316 kB
MemAvailable:    7946644 kB
Buffers:            5640 kB
Cached:          1878768 kB
SwapCached:            0 kB
Active:          1539452 kB
Inactive:        1637292 kB
Active(anon):    1298780 kB
Inactive(anon):    23932 kB
Active(file):     240672 kB
Inactive(file):  1613360 kB
Unevictable:        5552 kB
Mlocked:            5552 kB
SwapTotal:       3145724 kB
SwapFree:        3145724 kB
Dirty:               380 kB
Writeback:             0 kB
AnonPages:       1298112 kB
Mapped:           857904 kB
Shmem:             25876 kB
KReclaimable:     596000 kB
Slab:             227728 kB
SReclaimable:      79648 kB
SUnreclaim:       148080 kB
KernelStack:       48000 kB
PageTables:        67768 kB
NFS_Unstable:          0 kB
Bounce:                0 kB
WritebackTmp:          0 kB
CommitLimit:     9202288 kB
Committed_AS:   75274860 kB
VmallocTotal:   263061440 kB
VmallocUsed:      105252 kB
VmallocChunk:          0 kB
Percpu:             7648 kB
CmaTotal:         294912 kB
CmaFree:               0 kB
MemTotal:       12113132 kB
MemFree:         6365516 kB
MemAvailable:    7946884 kB
Buffers:            5648 kB
Cached:          1878800 kB
SwapCached:            0 kB
Active:          1538920 kB
Inactive:        1637324 kB
Active(anon):    1298240 kB
Inactive(anon):    23932 kB
Active(file):     240680 kB
Inactive(file):  1613392 kB
Unevictable:        5552 kB
Mlocked:            5552 kB
SwapTotal:       3145724 kB
SwapFree:        3145724 kB
Dirty:               364 kB
Writeback:             0 kB
AnonPages:       1297432 kB
Mapped:           857920 kB
Shmem:             25876 kB
KReclaimable:     596000 kB
Slab:             227720 kB
SReclaimable:      79648 kB
SUnreclaim:       148072 kB
KernelStack:       48112 kB
PageTables:        67920 kB
NFS_Unstable:          0 kB
Bounce:                0 kB
WritebackTmp:          0 kB
CommitLimit:     9202288 kB
Committed_AS:   75277836 kB
VmallocTotal:   263061440 kB
VmallocUsed:      105268 kB
VmallocChunk:          0 kB
Percpu:             7648 kB
CmaTotal:         294912 kB
CmaFree:              16 kB
MemTotal:       12113132 kB
MemFree:         6363984 kB
MemAvailable:    7945364 kB
Buffers:            5648 kB
Cached:          1878812 kB
SwapCached:            0 kB
Active:          1540144 kB
Inactive:        1637336 kB
Active(anon):    1299464 kB
Inactive(anon):    23932 kB
Active(file):     240680 kB
Inactive(file):  1613404 kB
Unevictable:        5552 kB
Mlocked:            5552 kB
SwapTotal:       3145724 kB
SwapFree:        3145724 kB
Dirty:               424 kB
Writeback:             0 kB
AnonPages:       1298760 kB
Mapped:           857916 kB
Shmem:             25876 kB
KReclaimable:     596000 kB
Slab:             227720 kB
SReclaimable:      79648 kB
SUnreclaim:       148072 kB
KernelStack:       48048 kB
PageTables:        67832 kB
NFS_Unstable:          0 kB
Bounce:                0 kB
WritebackTmp:          0 kB
CommitLimit:     9202288 kB
Committed_AS:   75282484 kB
VmallocTotal:   263061440 kB
VmallocUsed:      105300 kB
VmallocChunk:          0 kB
Percpu:             7648 kB
CmaTotal:         294912 kB
CmaFree:               0 kB
MemTotal:       12113132 kB
MemFree:         6363852 kB
MemAvailable:    7945244 kB
Buffers:            5648 kB
Cached:          1878824 kB
SwapCached:            0 kB
Active:          1539592 kB
Inactive:        1637348 kB
Active(anon):    1298912 kB
Inactive(anon):    23932 kB
Active(file):     240680 kB
Inactive(file):  1613416 kB
Unevictable:        5552 kB
Mlocked:            5552 kB
SwapTotal:       3145724 kB
SwapFree:        3145724 kB
Dirty:               452 kB
Writeback:             0 kB
AnonPages:       1298228 kB
Mapped:           857904 kB
Shmem:             25876 kB
KReclaimable:     596000 kB
Slab:             227712 kB
SReclaimable:      79648 kB
SUnreclaim:       148064 kB
KernelStack:       48064 kB
PageTables:        67876 kB
NFS_Unstable:          0 kB
Bounce:                0 kB
WritebackTmp:          0 kB
CommitLimit:     9202288 kB
Committed_AS:   75282104 kB
VmallocTotal:   263061440 kB
VmallocUsed:      105284 kB
VmallocChunk:          0 kB
Percpu:             7648 kB
CmaTotal:         294912 kB
CmaFree:               0 kB
MemTotal:       12113132 kB
MemFree:         6363224 kB
MemAvailable:    7944632 kB
Buffers:            5648 kB
Cached:          1878840 kB
SwapCached:            0 kB
Active:          1540752 kB
Inactive:        1637364 kB
Active(anon):    1300072 kB
Inactive(anon):    23932 kB
Active(file):     240680 kB
Inactive(file):  1613432 kB
Unevictable:        5552 kB
Mlocked:            5552 kB
SwapTotal:       3145724 kB
SwapFree:        3145724 kB
Dirty:               480 kB
Writeback:             0 kB
AnonPages:       1299160 kB
Mapped:           857908 kB
Shmem:             25876 kB
KReclaimable:     596000 kB
Slab:             227728 kB
SReclaimable:      79648 kB
SUnreclaim:       148080 kB
KernelStack:       47996 kB
PageTables:        67744 kB
NFS_Unstable:          0 kB
Bounce:                0 kB
WritebackTmp:          0 kB
CommitLimit:     9202288 kB
Committed_AS:   75272236 kB
VmallocTotal:   263061440 kB
VmallocUsed:      105236 kB
VmallocChunk:          0 kB
Percpu:             7648 kB
CmaTotal:         294912 kB
CmaFree:              24 kB
MemTotal:       12113132 kB
MemFree:         6364052 kB
MemAvailable:    7945492 kB
Buffers:            5648 kB
Cached:          1878872 kB
SwapCached:            0 kB
Active:          1540752 kB
Inactive:        1637392 kB
Active(anon):    1300068 kB
Inactive(anon):    23932 kB
Active(file):     240684 kB
Inactive(file):  1613460 kB
Unevictable:        5552 kB
Mlocked:            5552 kB
SwapTotal:       3145724 kB
SwapFree:        3145724 kB
Dirty:               548 kB
Writeback:             0 kB
AnonPages:       1299320 kB
Mapped:           857884 kB
Shmem:             25876 kB
KReclaimable:     596000 kB
Slab:             227728 kB
SReclaimable:      79648 kB
SUnreclaim:       148080 kB
KernelStack:       48064 kB
PageTables:        67660 kB
NFS_Unstable:          0 kB
Bounce:                0 kB
WritebackTmp:          0 kB
CommitLimit:     9202288 kB
Committed_AS:   75272248 kB
VmallocTotal:   263061440 kB
VmallocUsed:      105236 kB
VmallocChunk:          0 kB
Percpu:             7648 kB
CmaTotal:         294912 kB
CmaFree:               0 kB
MemTotal:       12113132 kB
MemFree:         6363672 kB
MemAvailable:    7945100 kB
Buffers:            5648 kB
Cached:          1878860 kB
SwapCached:            0 kB
Active:          1540936 kB
Inactive:        1637384 kB
Active(anon):    1300256 kB
Inactive(anon):    23932 kB
Active(file):     240680 kB
Inactive(file):  1613452 kB
Unevictable:        5552 kB
Mlocked:            5552 kB
SwapTotal:       3145724 kB
SwapFree:        3145724 kB
Dirty:               556 kB
Writeback:             0 kB
AnonPages:       1299492 kB
Mapped:           857904 kB
Shmem:             25876 kB
KReclaimable:     596000 kB
Slab:             227728 kB
SReclaimable:      79648 kB
SUnreclaim:       148080 kB
KernelStack:       48128 kB
PageTables:        67984 kB
NFS_Unstable:          0 kB
Bounce:                0 kB
WritebackTmp:          0 kB
CommitLimit:     9202288 kB
Committed_AS:   75279808 kB
VmallocTotal:   263061440 kB
VmallocUsed:      105252 kB
VmallocChunk:          0 kB
Percpu:             7648 kB
CmaTotal:         294912 kB
CmaFree:               0 kB
MemTotal:       12113132 kB
MemFree:         6362808 kB
MemAvailable:    7944244 kB
Buffers:            5648 kB
Cached:          1878868 kB
SwapCached:            0 kB
Active:          1541888 kB
Inactive:        1637392 kB
Active(anon):    1301208 kB
Inactive(anon):    23932 kB
Active(file):     240680 kB
Inactive(file):  1613460 kB
Unevictable:        5552 kB
Mlocked:            5552 kB
SwapTotal:       3145724 kB
SwapFree:        3145724 kB
Dirty:               580 kB
Writeback:             0 kB
AnonPages:       1300532 kB
Mapped:           857904 kB
Shmem:             25876 kB
KReclaimable:     596000 kB
Slab:             227728 kB
SReclaimable:      79648 kB
SUnreclaim:       148080 kB
KernelStack:       48080 kB
PageTables:        67824 kB
NFS_Unstable:          0 kB
Bounce:                0 kB
WritebackTmp:          0 kB
CommitLimit:     9202288 kB
Committed_AS:   75281224 kB
VmallocTotal:   263061440 kB
VmallocUsed:      105252 kB
VmallocChunk:          0 kB
Percpu:             7648 kB
CmaTotal:         294912 kB
CmaFree:               0 kB
MemTotal:       12113132 kB
MemFree:         6362964 kB
MemAvailable:    7944416 kB
Buffers:            5648 kB
Cached:          1878888 kB
SwapCached:            0 kB
Active:          1542800 kB
Inactive:        1637408 kB
Active(anon):    1302116 kB
Inactive(anon):    23936 kB
Active(file):     240684 kB
Inactive(file):  1613472 kB
Unevictable:        5552 kB
Mlocked:            5552 kB
SwapTotal:       3145724 kB
SwapFree:        3145724 kB
Dirty:               596 kB
Writeback:             0 kB
AnonPages:       1301020 kB
Mapped:           857900 kB
Shmem:             25880 kB
KReclaimable:     596000 kB
Slab:             227736 kB
SReclaimable:      79648 kB
SUnreclaim:       148088 kB
KernelStack:       48144 kB
PageTables:        67816 kB
NFS_Unstable:          0 kB
Bounce:                0 kB
WritebackTmp:          0 kB
CommitLimit:     9202288 kB
Committed_AS:   75271172 kB
VmallocTotal:   263061440 kB
VmallocUsed:      105268 kB
VmallocChunk:          0 kB
Percpu:             7648 kB
CmaTotal:         294912 kB
CmaFree:               0 kB
MemTotal:       12113132 kB
MemFree:         6361564 kB
MemAvailable:    7943024 kB
Buffers:            5648 kB
Cached:          1878896 kB
SwapCached:            0 kB
Active:          1543380 kB
Inactive:        1637416 kB
Active(anon):    1302696 kB
Inactive(anon):    23936 kB
Active(file):     240684 kB
Inactive(file):  1613480 kB
Unevictable:        5552 kB
Mlocked:            5552 kB
SwapTotal:       3145724 kB
SwapFree:        3145724 kB
Dirty:               604 kB
Writeback:             0 kB
AnonPages:       1301780 kB
Mapped:           858112 kB
Shmem:             25880 kB
KReclaimable:     596000 kB
Slab:             227728 kB
SReclaimable:      79648 kB
SUnreclaim:       148080 kB
KernelStack:       48112 kB
PageTables:        67908 kB
NFS_Unstable:          0 kB
Bounce:                0 kB
WritebackTmp:          0 kB
CommitLimit:     9202288 kB
Committed_AS:   75277772 kB
VmallocTotal:   263061440 kB
VmallocUsed:      105332 kB
VmallocChunk:          0 kB
Percpu:             7648 kB
CmaTotal:         294912 kB
CmaFree:               0 kB
MemTotal:       12113132 kB
MemFree:         6368964 kB
MemAvailable:    7952320 kB
Buffers:            5648 kB
Cached:          1878896 kB
SwapCached:            0 kB
Active:          1533896 kB
Inactive:        1637420 kB
Active(anon):    1293216 kB
Inactive(anon):    23936 kB
Active(file):     240680 kB
Inactive(file):  1613484 kB
Unevictable:        5552 kB
Mlocked:            5552 kB
SwapTotal:       3145724 kB
SwapFree:        3145724 kB
Dirty:               616 kB
Writeback:             0 kB
AnonPages:       1292388 kB
Mapped:           857920 kB
Shmem:             25880 kB
KReclaimable:     597896 kB
Slab:             227728 kB
SReclaimable:      79648 kB
SUnreclaim:       148080 kB
KernelStack:       48192 kB
PageTables:        67828 kB
NFS_Unstable:          0 kB
Bounce:                0 kB
WritebackTmp:          0 kB
CommitLimit:     9202288 kB
Committed_AS:   75271476 kB
VmallocTotal:   263061440 kB
VmallocUsed:      105412 kB
VmallocChunk:          0 kB
Percpu:             7648 kB
CmaTotal:         294912 kB
CmaFree:             224 kB
MemTotal:       12113132 kB
MemFree:         6367748 kB
MemAvailable:    7947268 kB
Buffers:            5648 kB
Cached:          1879064 kB
SwapCached:            0 kB
Active:          1537328 kB
Inactive:        1637560 kB
Active(anon):    1296644 kB
Inactive(anon):    24056 kB
Active(file):     240684 kB
Inactive(file):  1613504 kB
Unevictable:        5552 kB
Mlocked:            5552 kB
SwapTotal:       3145724 kB
SwapFree:        3145724 kB
Dirty:               644 kB
Writeback:             0 kB
AnonPages:       1295780 kB
Mapped:           858364 kB
Shmem:             26024 kB
KReclaimable:     594036 kB
Slab:             227728 kB
SReclaimable:      79648 kB
SUnreclaim:       148080 kB
KernelStack:       48304 kB
PageTables:        67848 kB
NFS_Unstable:          0 kB
Bounce:                0 kB
WritebackTmp:          0 kB
CommitLimit:     9202288 kB
Committed_AS:   75272260 kB
VmallocTotal:   263061440 kB
VmallocUsed:      105460 kB
VmallocChunk:          0 kB
Percpu:             7648 kB
CmaTotal:         294912 kB
CmaFree:               0 kB
MemTotal:       12113132 kB
MemFree:         6367220 kB
MemAvailable:    7946752 kB
Buffers:            5648 kB
Cached:          1879060 kB
SwapCached:            0 kB
Active:          1537984 kB
Inactive:        1637556 kB
Active(anon):    1297300 kB
Inactive(anon):    24040 kB
Active(file):     240684 kB
Inactive(file):  1613516 kB
Unevictable:        5552 kB
Mlocked:            5552 kB
SwapTotal:       3145724 kB
SwapFree:        3145724 kB
Dirty:               656 kB
Writeback:             0 kB
AnonPages:       1296408 kB
Mapped:           858376 kB
Shmem:             26008 kB
KReclaimable:     594036 kB
Slab:             227720 kB
SReclaimable:      79648 kB
SUnreclaim:       148072 kB
KernelStack:       48352 kB
PageTables:        67916 kB
NFS_Unstable:          0 kB
Bounce:                0 kB
WritebackTmp:          0 kB
CommitLimit:     9202288 kB
Committed_AS:   75267500 kB
VmallocTotal:   263061440 kB
VmallocUsed:      105508 kB
VmallocChunk:          0 kB
Percpu:             7648 kB
CmaTotal:         294912 kB
CmaFree:               0 kB
MemTotal:       12113132 kB
MemFree:         6364736 kB
MemAvailable:    7944280 kB
Buffers:            5648 kB
Cached:          1879072 kB
SwapCached:            0 kB
Active:          1540344 kB
Inactive:        1637568 kB
Active(anon):    1299660 kB
Inactive(anon):    24040 kB
Active(file):     240684 kB
Inactive(file):  1613528 kB
Unevictable:        5552 kB
Mlocked:            5552 kB
SwapTotal:       3145724 kB
SwapFree:        3145724 kB
Dirty:               712 kB
Writeback:             0 kB
AnonPages:       1298700 kB
Mapped:           858428 kB
Shmem:             26008 kB
KReclaimable:     594036 kB
Slab:             227736 kB
SReclaimable:      79648 kB
SUnreclaim:       148088 kB
KernelStack:       48368 kB
PageTables:        67932 kB
NFS_Unstable:          0 kB
Bounce:                0 kB
WritebackTmp:          0 kB
CommitLimit:     9202288 kB
Committed_AS:   75272220 kB
VmallocTotal:   263061440 kB
VmallocUsed:      105508 kB
VmallocChunk:          0 kB
Percpu:             7648 kB
CmaTotal:         294912 kB
CmaFree:               8 kB
MemTotal:       12113132 kB
MemFree:         6364392 kB
MemAvailable:    7943940 kB
Buffers:            5648 kB
Cached:          1879080 kB
SwapCached:            0 kB
Active:          1540436 kB
Inactive:        1637576 kB
Active(anon):    1299752 kB
Inactive(anon):    24044 kB
Active(file):     240684 kB
Inactive(file):  1613532 kB
Unevictable:        5552 kB
Mlocked:            5552 kB
SwapTotal:       3145724 kB
SwapFree:        3145724 kB
Dirty:               724 kB
Writeback:             0 kB
AnonPages:       1298552 kB
Mapped:           858480 kB
Shmem:             26012 kB
KReclaimable:     594036 kB
Slab:             227696 kB
SReclaimable:      79648 kB
SUnreclaim:       148048 kB
KernelStack:       48336 kB
PageTables:        67984 kB
NFS_Unstable:          0 kB
Bounce:                0 kB
WritebackTmp:          0 kB
CommitLimit:     9202288 kB
Committed_AS:   75267516 kB
VmallocTotal:   263061440 kB
VmallocUsed:      105476 kB
VmallocChunk:          0 kB
Percpu:             7648 kB
CmaTotal:         294912 kB
CmaFree:               0 kB
MemTotal:       12113132 kB
MemFree:         6365348 kB
MemAvailable:    7944944 kB
Buffers:            5648 kB
Cached:          1879128 kB
SwapCached:            0 kB
Active:          1539236 kB
Inactive:        1637624 kB
Active(anon):    1298552 kB
Inactive(anon):    24044 kB
Active(file):     240684 kB
Inactive(file):  1613580 kB
Unevictable:        5552 kB
Mlocked:            5552 kB
SwapTotal:       3145724 kB
SwapFree:        3145724 kB
Dirty:               804 kB
Writeback:             0 kB
AnonPages:       1297780 kB
Mapped:           858472 kB
Shmem:             26012 kB
KReclaimable:     594036 kB
Slab:             227696 kB
SReclaimable:      79648 kB
SUnreclaim:       148048 kB
KernelStack:       48320 kB
PageTables:        67972 kB
NFS_Unstable:          0 kB
Bounce:                0 kB
WritebackTmp:          0 kB
CommitLimit:     9202288 kB
Committed_AS:   75272424 kB
VmallocTotal:   263061440 kB
VmallocUsed:      105492 kB
VmallocChunk:          0 kB
Percpu:             7648 kB
CmaTotal:         294912 kB
CmaFree:               0 kB
MemTotal:       12113132 kB
MemFree:         6379184 kB
MemAvailable:    7958776 kB
Buffers:            5648 kB
Cached:          1879124 kB
SwapCached:            0 kB
Active:          1523324 kB
Inactive:        1637620 kB
Active(anon):    1282640 kB
Inactive(anon):    24044 kB
Active(file):     240684 kB
Inactive(file):  1613576 kB
Unevictable:        5552 kB
Mlocked:            5552 kB
SwapTotal:       3145724 kB
SwapFree:        3145724 kB
Dirty:               844 kB
Writeback:             0 kB
AnonPages:       1281836 kB
Mapped:           858508 kB
Shmem:             26012 kB
KReclaimable:     594036 kB
Slab:             227688 kB
SReclaimable:      79648 kB
SUnreclaim:       148040 kB
KernelStack:       48320 kB
PageTables:        67968 kB
NFS_Unstable:          0 kB
Bounce:                0 kB
WritebackTmp:          0 kB
CommitLimit:     9202288 kB
Committed_AS:   75272044 kB
VmallocTotal:   263061440 kB
VmallocUsed:      105476 kB
VmallocChunk:          0 kB
Percpu:             7648 kB
CmaTotal:         294912 kB
CmaFree:             488 kB
MemTotal:       12113132 kB
MemFree:         6378396 kB
MemAvailable:    7957996 kB
Buffers:            5648 kB
Cached:          1879136 kB
SwapCached:            0 kB
Active:          1524608 kB
Inactive:        1637632 kB
Active(anon):    1283924 kB
Inactive(anon):    24048 kB
Active(file):     240684 kB
Inactive(file):  1613584 kB
Unevictable:        5552 kB
Mlocked:            5552 kB
SwapTotal:       3145724 kB
SwapFree:        3145724 kB
Dirty:               872 kB
Writeback:             0 kB
AnonPages:       1283076 kB
Mapped:           858536 kB
Shmem:             26016 kB
KReclaimable:     594036 kB
Slab:             227696 kB
SReclaimable:      79648 kB
SUnreclaim:       148048 kB
KernelStack:       48336 kB
PageTables:        67840 kB
NFS_Unstable:          0 kB
Bounce:                0 kB
WritebackTmp:          0 kB
CommitLimit:     9202288 kB
Committed_AS:   75273488 kB
VmallocTotal:   263061440 kB
VmallocUsed:      105476 kB
VmallocChunk:          0 kB
Percpu:             7648 kB
CmaTotal:         294912 kB
CmaFree:             192 kB
MemTotal:       12113132 kB
MemFree:         6377680 kB
MemAvailable:    7957296 kB
Buffers:            5648 kB
Cached:          1879152 kB
SwapCached:            0 kB
Active:          1525628 kB
Inactive:        1637648 kB
Active(anon):    1284944 kB
Inactive(anon):    24048 kB
Active(file):     240684 kB
Inactive(file):  1613600 kB
Unevictable:        5552 kB
Mlocked:            5552 kB
SwapTotal:       3145724 kB
SwapFree:        3145724 kB
Dirty:               904 kB
Writeback:             0 kB
AnonPages:       1284056 kB
Mapped:           858580 kB
Shmem:             26016 kB
KReclaimable:     594036 kB
Slab:             227696 kB
SReclaimable:      79648 kB
SUnreclaim:       148048 kB
KernelStack:       48384 kB
PageTables:        67728 kB
NFS_Unstable:          0 kB
Bounce:                0 kB
WritebackTmp:          0 kB
CommitLimit:     9202288 kB
Committed_AS:   75263280 kB
VmallocTotal:   263061440 kB
VmallocUsed:      105508 kB
VmallocChunk:          0 kB
Percpu:             7648 kB
CmaTotal:         294912 kB
CmaFree:             128 kB
MemTotal:       12113132 kB
MemFree:         6375364 kB
MemAvailable:    7954992 kB
Buffers:            5648 kB
Cached:          1879164 kB
SwapCached:            0 kB
Active:          1527284 kB
Inactive:        1637660 kB
Active(anon):    1286600 kB
Inactive(anon):    24048 kB
Active(file):     240684 kB
Inactive(file):  1613612 kB
Unevictable:        5552 kB
Mlocked:            5552 kB
SwapTotal:       3145724 kB
SwapFree:        3145724 kB
Dirty:               936 kB
Writeback:             0 kB
AnonPages:       1285600 kB
Mapped:           858632 kB
Shmem:             26016 kB
KReclaimable:     594036 kB
Slab:             227696 kB
SReclaimable:      79648 kB
SUnreclaim:       148048 kB
KernelStack:       48400 kB
PageTables:        67948 kB
NFS_Unstable:          0 kB
Bounce:                0 kB
WritebackTmp:          0 kB
CommitLimit:     9202288 kB
Committed_AS:   75282784 kB
VmallocTotal:   263061440 kB
VmallocUsed:      105588 kB
VmallocChunk:          0 kB
Percpu:             7648 kB
CmaTotal:         294912 kB
CmaFree:               0 kB
MemTotal:       12113132 kB
MemFree:         6375220 kB
MemAvailable:    7954884 kB
Buffers:            5656 kB
Cached:          1879196 kB
SwapCached:            0 kB
Active:          1528376 kB
Inactive:        1637696 kB
Active(anon):    1287688 kB
Inactive(anon):    24052 kB
Active(file):     240688 kB
Inactive(file):  1613644 kB
Unevictable:        5552 kB
Mlocked:            5552 kB
SwapTotal:       3145724 kB
SwapFree:        3145724 kB
Dirty:               936 kB
Writeback:             0 kB
AnonPages:       1286476 kB
Mapped:           858680 kB
Shmem:             26020 kB
KReclaimable:     594036 kB
Slab:             227688 kB
SReclaimable:      79648 kB
SUnreclaim:       148040 kB
KernelStack:       48368 kB
PageTables:        67864 kB
NFS_Unstable:          0 kB
Bounce:                0 kB
WritebackTmp:          0 kB
CommitLimit:     9202288 kB
Committed_AS:   75274044 kB
VmallocTotal:   263061440 kB
VmallocUsed:      105556 kB
VmallocChunk:          0 kB
Percpu:             7648 kB
CmaTotal:         294912 kB
CmaFree:               0 kB
MemTotal:       12113132 kB
MemFree:         6373900 kB
MemAvailable:    7953576 kB
Buffers:            5656 kB
Cached:          1879208 kB
SwapCached:            0 kB
Active:          1529296 kB
Inactive:        1637704 kB
Active(anon):    1288604 kB
Inactive(anon):    24052 kB
Active(file):     240692 kB
Inactive(file):  1613652 kB
Unevictable:        5552 kB
Mlocked:            5552 kB
SwapTotal:       3145724 kB
SwapFree:        3145724 kB
Dirty:               988 kB
Writeback:             0 kB
AnonPages:       1287872 kB
Mapped:           858816 kB
Shmem:             26020 kB
KReclaimable:     594036 kB
Slab:             227688 kB
SReclaimable:      79648 kB
SUnreclaim:       148040 kB
KernelStack:       48436 kB
PageTables:        67892 kB
NFS_Unstable:          0 kB
Bounce:                0 kB
WritebackTmp:          0 kB
CommitLimit:     9202288 kB
Committed_AS:   75283024 kB
VmallocTotal:   263061440 kB
VmallocUsed:      105556 kB
VmallocChunk:          0 kB
Percpu:             7648 kB
CmaTotal:         294912 kB
CmaFree:               0 kB
MemTotal:       12113132 kB
MemFree:         6373544 kB
MemAvailable:    7953236 kB
Buffers:            5656 kB
Cached:          1879228 kB
SwapCached:            0 kB
Active:          1530624 kB
Inactive:        1637724 kB
Active(anon):    1289932 kB
Inactive(anon):    24056 kB
Active(file):     240692 kB
Inactive(file):  1613668 kB
Unevictable:        5552 kB
Mlocked:            5552 kB
SwapTotal:       3145724 kB
SwapFree:        3145724 kB
Dirty:              1004 kB
Writeback:             0 kB
AnonPages:       1289360 kB
Mapped:           858716 kB
Shmem:             26024 kB
KReclaimable:     594036 kB
Slab:             227688 kB
SReclaimable:      79648 kB
SUnreclaim:       148040 kB
KernelStack:       48336 kB
PageTables:        67812 kB
NFS_Unstable:          0 kB
Bounce:                0 kB
WritebackTmp:          0 kB
CommitLimit:     9202288 kB
Committed_AS:   75283284 kB
VmallocTotal:   263061440 kB
VmallocUsed:      105540 kB
VmallocChunk:          0 kB
Percpu:             7648 kB
CmaTotal:         294912 kB
CmaFree:               0 kB
MemTotal:       12113132 kB
MemFree:         6384348 kB
MemAvailable:    7964052 kB
Buffers:            5656 kB
Cached:          1879260 kB
SwapCached:            0 kB
Active:          1519740 kB
Inactive:        1637756 kB
Active(anon):    1279048 kB
Inactive(anon):    24076 kB
Active(file):     240692 kB
Inactive(file):  1613680 kB
Unevictable:        5552 kB
Mlocked:            5552 kB
SwapTotal:       3145724 kB
SwapFree:        3145724 kB
Dirty:              1056 kB
Writeback:             0 kB
AnonPages:       1278144 kB
Mapped:           858772 kB
Shmem:             26044 kB
KReclaimable:     594036 kB
Slab:             227688 kB
SReclaimable:      79648 kB
SUnreclaim:       148040 kB
KernelStack:       48352 kB
PageTables:        67852 kB
NFS_Unstable:          0 kB
Bounce:                0 kB
WritebackTmp:          0 kB
CommitLimit:     9202288 kB
Committed_AS:   75281620 kB
VmallocTotal:   263061440 kB
VmallocUsed:      105572 kB
VmallocChunk:          0 kB
Percpu:             7648 kB
CmaTotal:         294912 kB
CmaFree:               0 kB
MemTotal:       12113132 kB
MemFree:         6383852 kB
MemAvailable:    7963564 kB
Buffers:            5656 kB
Cached:          1879268 kB
SwapCached:            0 kB
Active:          1520672 kB
Inactive:        1637764 kB
Active(anon):    1279980 kB
Inactive(anon):    24076 kB
Active(file):     240692 kB
Inactive(file):  1613688 kB
Unevictable:        5552 kB
Mlocked:            5552 kB
SwapTotal:       3145724 kB
SwapFree:        3145724 kB
Dirty:              1088 kB
Writeback:             0 kB
AnonPages:       1278680 kB
Mapped:           858340 kB
Shmem:             26044 kB
KReclaimable:     594036 kB
Slab:             227688 kB
SReclaimable:      79648 kB
SUnreclaim:       148040 kB
KernelStack:       48384 kB
PageTables:        67900 kB
NFS_Unstable:          0 kB
Bounce:                0 kB
WritebackTmp:          0 kB
CommitLimit:     9202288 kB
Committed_AS:   75285600 kB
VmallocTotal:   263061440 kB
VmallocUsed:      105556 kB
VmallocChunk:          0 kB
Percpu:             7648 kB
CmaTotal:         294912 kB
CmaFree:               0 kB
MemTotal:       12113132 kB
MemFree:         6382080 kB
MemAvailable:    7963856 kB
Buffers:            5656 kB
Cached:          1879160 kB
SwapCached:            0 kB
Active:          1521856 kB
Inactive:        1637680 kB
Active(anon):    1281164 kB
Inactive(anon):    23980 kB
Active(file):     240692 kB
Inactive(file):  1613700 kB
Unevictable:        5552 kB
Mlocked:            5552 kB
SwapTotal:       3145724 kB
SwapFree:        3145724 kB
Dirty:              1140 kB
Writeback:             0 kB
AnonPages:       1279816 kB
Mapped:           858184 kB
Shmem:             25924 kB
KReclaimable:     596088 kB
Slab:             227688 kB
SReclaimable:      79648 kB
SUnreclaim:       148040 kB
KernelStack:       48416 kB
PageTables:        67956 kB
NFS_Unstable:          0 kB
Bounce:                0 kB
WritebackTmp:          0 kB
CommitLimit:     9202288 kB
Committed_AS:   75272876 kB
VmallocTotal:   263061440 kB
VmallocUsed:      105556 kB
VmallocChunk:          0 kB
Percpu:             7648 kB
CmaTotal:         294912 kB
CmaFree:               0 kB
MemTotal:       12113132 kB
MemFree:         6381420 kB
MemAvailable:    7963208 kB
Buffers:            5656 kB
Cached:          1879172 kB
SwapCached:            0 kB
Active:          1522292 kB
Inactive:        1637692 kB
Active(anon):    1281600 kB
Inactive(anon):    23980 kB
Active(file):     240692 kB
Inactive(file):  1613712 kB
Unevictable:        5552 kB
Mlocked:            5552 kB
SwapTotal:       3145724 kB
SwapFree:        3145724 kB
Dirty:               628 kB
Writeback:             0 kB
AnonPages:       1280736 kB
Mapped:           858268 kB
Shmem:             25924 kB
KReclaimable:     596088 kB
Slab:             227776 kB
SReclaimable:      79648 kB
SUnreclaim:       148128 kB
KernelStack:       48416 kB
PageTables:        67848 kB
NFS_Unstable:          0 kB
Bounce:                0 kB
WritebackTmp:          0 kB
CommitLimit:     9202288 kB
Committed_AS:   75273520 kB
VmallocTotal:   263061440 kB
VmallocUsed:      105572 kB
VmallocChunk:          0 kB
Percpu:             7648 kB
CmaTotal:         294912 kB
CmaFree:               8 kB
MemTotal:       12113132 kB
MemFree:         6381192 kB
MemAvailable:    7962988 kB
Buffers:            5656 kB
Cached:          1879180 kB
SwapCached:            0 kB
Active:          1522984 kB
Inactive:        1637700 kB
Active(anon):    1282292 kB
Inactive(anon):    23980 kB
Active(file):     240692 kB
Inactive(file):  1613720 kB
Unevictable:        5552 kB
Mlocked:            5552 kB
SwapTotal:       3145724 kB
SwapFree:        3145724 kB
Dirty:               644 kB
Writeback:             0 kB
AnonPages:       1281576 kB
Mapped:           858204 kB
Shmem:             25924 kB
KReclaimable:     596088 kB
Slab:             227760 kB
SReclaimable:      79648 kB
SUnreclaim:       148112 kB
KernelStack:       48384 kB
PageTables:        67924 kB
NFS_Unstable:          0 kB
Bounce:                0 kB
WritebackTmp:          0 kB
CommitLimit:     9202288 kB
Committed_AS:   75278176 kB
VmallocTotal:   263061440 kB
VmallocUsed:      105556 kB
VmallocChunk:          0 kB
Percpu:             7648 kB
CmaTotal:         294912 kB
CmaFree:               0 kB
MemTotal:       12113132 kB
MemFree:         6379900 kB
MemAvailable:    7961732 kB
Buffers:            5656 kB
Cached:          1879220 kB
SwapCached:            0 kB
Active:          1523656 kB
Inactive:        1637740 kB
Active(anon):    1282964 kB
Inactive(anon):    23984 kB
Active(file):     240692 kB
Inactive(file):  1613756 kB
Unevictable:        5552 kB
Mlocked:            5552 kB
SwapTotal:       3145724 kB
SwapFree:        3145724 kB
Dirty:               660 kB
Writeback:             0 kB
AnonPages:       1282068 kB
Mapped:           858188 kB
Shmem:             25928 kB
KReclaimable:     596088 kB
Slab:             227768 kB
SReclaimable:      79648 kB
SUnreclaim:       148120 kB
KernelStack:       48400 kB
PageTables:        67784 kB
NFS_Unstable:          0 kB
Bounce:                0 kB
WritebackTmp:          0 kB
CommitLimit:     9202288 kB
Committed_AS:   75274640 kB
VmallocTotal:   263061440 kB
VmallocUsed:      105572 kB
VmallocChunk:          0 kB
Percpu:             7648 kB
CmaTotal:         294912 kB
CmaFree:               0 kB
MemTotal:       12113132 kB
MemFree:         6379520 kB
MemAvailable:    7961340 kB
Buffers:            5656 kB
Cached:          1879208 kB
SwapCached:            0 kB
Active:          1524804 kB
Inactive:        1637724 kB
Active(anon):    1284108 kB
Inactive(anon):    23984 kB
Active(file):     240696 kB
Inactive(file):  1613740 kB
Unevictable:        5552 kB
Mlocked:            5552 kB
SwapTotal:       3145724 kB
SwapFree:        3145724 kB
Dirty:               680 kB
Writeback:             0 kB
AnonPages:       1282856 kB
Mapped:           858204 kB
Shmem:             25928 kB
KReclaimable:     596088 kB
Slab:             227752 kB
SReclaimable:      79648 kB
SUnreclaim:       148104 kB
KernelStack:       48368 kB
PageTables:        67676 kB
NFS_Unstable:          0 kB
Bounce:                0 kB
WritebackTmp:          0 kB
CommitLimit:     9202288 kB
Committed_AS:   75278292 kB
VmallocTotal:   263061440 kB
VmallocUsed:      105540 kB
VmallocChunk:          0 kB
Percpu:             7648 kB
CmaTotal:         294912 kB
CmaFree:               0 kB
MemTotal:       12113132 kB
MemFree:         6378544 kB
MemAvailable:    7960368 kB
Buffers:            5656 kB
Cached:          1879212 kB
SwapCached:            0 kB
Active:          1525340 kB
Inactive:        1637736 kB
Active(anon):    1284652 kB
Inactive(anon):    23984 kB
Active(file):     240688 kB
Inactive(file):  1613752 kB
Unevictable:        5552 kB
Mlocked:            5552 kB
SwapTotal:       3145724 kB
SwapFree:        3145724 kB
Dirty:               724 kB
Writeback:             0 kB
AnonPages:       1283904 kB
Mapped:           858184 kB
Shmem:             25928 kB
KReclaimable:     596088 kB
Slab:             227760 kB
SReclaimable:      79648 kB
SUnreclaim:       148112 kB
KernelStack:       48416 kB
PageTables:        67764 kB
NFS_Unstable:          0 kB
Bounce:                0 kB
WritebackTmp:          0 kB
CommitLimit:     9202288 kB
Committed_AS:   75272028 kB
VmallocTotal:   263061440 kB
VmallocUsed:      105572 kB
VmallocChunk:          0 kB
Percpu:             7648 kB
CmaTotal:         294912 kB
CmaFree:               0 kB
MemTotal:       12113132 kB
MemFree:         6378100 kB
MemAvailable:    7959976 kB
Buffers:            5656 kB
Cached:          1879264 kB
SwapCached:            0 kB
Active:          1525644 kB
Inactive:        1637780 kB
Active(anon):    1284948 kB
Inactive(anon):    23984 kB
Active(file):     240696 kB
Inactive(file):  1613796 kB
Unevictable:        5552 kB
Mlocked:            5552 kB
SwapTotal:       3145724 kB
SwapFree:        3145724 kB
Dirty:               312 kB
Writeback:             0 kB
AnonPages:       1284232 kB
Mapped:           858184 kB
Shmem:             25928 kB
KReclaimable:     596088 kB
Slab:             227736 kB
SReclaimable:      79648 kB
SUnreclaim:       148088 kB
KernelStack:       48384 kB
PageTables:        67808 kB
NFS_Unstable:          0 kB
Bounce:                0 kB
WritebackTmp:          0 kB
CommitLimit:     9202288 kB
Committed_AS:   75267536 kB
VmallocTotal:   263061440 kB
VmallocUsed:      105604 kB
VmallocChunk:          0 kB
Percpu:             7648 kB
CmaTotal:         294912 kB
CmaFree:               0 kB
MemTotal:       12113132 kB
MemFree:         6377936 kB
MemAvailable:    7959816 kB
Buffers:            5656 kB
Cached:          1879268 kB
SwapCached:            0 kB
Active:          1524940 kB
Inactive:        1637784 kB
Active(anon):    1284244 kB
Inactive(anon):    23984 kB
Active(file):     240696 kB
Inactive(file):  1613800 kB
Unevictable:        5552 kB
Mlocked:            5552 kB
SwapTotal:       3145724 kB
SwapFree:        3145724 kB
Dirty:               328 kB
Writeback:             0 kB
AnonPages:       1283428 kB
Mapped:           858176 kB
Shmem:             25928 kB
KReclaimable:     596088 kB
Slab:             227728 kB
SReclaimable:      79648 kB
SUnreclaim:       148080 kB
KernelStack:       48400 kB
PageTables:        67768 kB
NFS_Unstable:          0 kB
Bounce:                0 kB
WritebackTmp:          0 kB
CommitLimit:     9202288 kB
Committed_AS:   75278188 kB
VmallocTotal:   263061440 kB
VmallocUsed:      105588 kB
VmallocChunk:          0 kB
Percpu:             7648 kB
CmaTotal:         294912 kB
CmaFree:               0 kB
MemTotal:       12113132 kB
MemFree:         6378232 kB
MemAvailable:    7960128 kB
Buffers:            5656 kB
Cached:          1879284 kB
SwapCached:            0 kB
Active:          1525032 kB
Inactive:        1637800 kB
Active(anon):    1284336 kB
Inactive(anon):    23984 kB
Active(file):     240696 kB
Inactive(file):  1613816 kB
Unevictable:        5552 kB
Mlocked:            5552 kB
SwapTotal:       3145724 kB
SwapFree:        3145724 kB
Dirty:               384 kB
Writeback:             0 kB
AnonPages:       1283724 kB
Mapped:           858228 kB
Shmem:             25928 kB
KReclaimable:     596088 kB
Slab:             227728 kB
SReclaimable:      79648 kB
SUnreclaim:       148080 kB
KernelStack:       48416 kB
PageTables:        67840 kB
NFS_Unstable:          0 kB
Bounce:                0 kB
WritebackTmp:          0 kB
CommitLimit:     9202288 kB
Committed_AS:   75267704 kB
VmallocTotal:   263061440 kB
VmallocUsed:      105556 kB
VmallocChunk:          0 kB
Percpu:             7648 kB
CmaTotal:         294912 kB
CmaFree:               0 kB
MemTotal:       12113132 kB
MemFree:         6351092 kB
MemAvailable:    7932996 kB
Buffers:            5656 kB
Cached:          1879292 kB
SwapCached:            0 kB
Active:          1553156 kB
Inactive:        1637808 kB
Active(anon):    1312460 kB
Inactive(anon):    23984 kB
Active(file):     240696 kB
Inactive(file):  1613824 kB
Unevictable:        5552 kB
Mlocked:            5552 kB
SwapTotal:       3145724 kB
SwapFree:        3145724 kB
Dirty:               392 kB
Writeback:             0 kB
AnonPages:       1312172 kB
Mapped:           858164 kB
Shmem:             25928 kB
KReclaimable:     596088 kB
Slab:             227728 kB
SReclaimable:      79648 kB
SUnreclaim:       148080 kB
KernelStack:       48404 kB
PageTables:        68016 kB
NFS_Unstable:          0 kB
Bounce:                0 kB
WritebackTmp:          0 kB
CommitLimit:     9202288 kB
Committed_AS:   75275024 kB
VmallocTotal:   263061440 kB
VmallocUsed:      105572 kB
VmallocChunk:          0 kB
Percpu:             7648 kB
CmaTotal:         294912 kB
CmaFree:               8 kB
MemTotal:       12113132 kB
MemFree:         6351932 kB
MemAvailable:    7933852 kB
Buffers:            5656 kB
Cached:          1879308 kB
SwapCached:            0 kB
Active:          1552144 kB
Inactive:        1637824 kB
Active(anon):    1311448 kB
Inactive(anon):    23984 kB
Active(file):     240696 kB
Inactive(file):  1613840 kB
Unevictable:        5552 kB
Mlocked:            5552 kB
SwapTotal:       3145724 kB
SwapFree:        3145724 kB
Dirty:               420 kB
Writeback:             0 kB
AnonPages:       1310604 kB
Mapped:           858172 kB
Shmem:             25928 kB
KReclaimable:     596088 kB
Slab:             227728 kB
SReclaimable:      79648 kB
SUnreclaim:       148080 kB
KernelStack:       48384 kB
PageTables:        68044 kB
NFS_Unstable:          0 kB
Bounce:                0 kB
WritebackTmp:          0 kB
CommitLimit:     9202288 kB
Committed_AS:   75279048 kB
VmallocTotal:   263061440 kB
VmallocUsed:      105556 kB
VmallocChunk:          0 kB
Percpu:             7648 kB
CmaTotal:         294912 kB
CmaFree:             128 kB
MemTotal:       12113132 kB
MemFree:         6372908 kB
MemAvailable:    7954832 kB
Buffers:            5660 kB
Cached:          1879308 kB
SwapCached:            0 kB
Active:          1531804 kB
Inactive:        1637828 kB
Active(anon):    1291108 kB
Inactive(anon):    23984 kB
Active(file):     240696 kB
Inactive(file):  1613844 kB
Unevictable:        5552 kB
Mlocked:            5552 kB
SwapTotal:       3145724 kB
SwapFree:        3145724 kB
Dirty:               424 kB
Writeback:             0 kB
AnonPages:       1289560 kB
Mapped:           858328 kB
Shmem:             25928 kB
KReclaimable:     596088 kB
Slab:             227728 kB
SReclaimable:      79648 kB
SUnreclaim:       148080 kB
KernelStack:       48500 kB
PageTables:        68048 kB
NFS_Unstable:          0 kB
Bounce:                0 kB
WritebackTmp:          0 kB
CommitLimit:     9202288 kB
Committed_AS:   75273212 kB
VmallocTotal:   263061440 kB
VmallocUsed:      105604 kB
VmallocChunk:          0 kB
Percpu:             7648 kB
CmaTotal:         294912 kB
CmaFree:               0 kB
MemTotal:       12113132 kB
MemFree:         6350220 kB
MemAvailable:    7932180 kB
Buffers:            5660 kB
Cached:          1879344 kB
SwapCached:            0 kB
Active:          1553932 kB
Inactive:        1637860 kB
Active(anon):    1313232 kB
Inactive(anon):    23984 kB
Active(file):     240700 kB
Inactive(file):  1613876 kB
Unevictable:        5552 kB
Mlocked:            5552 kB
SwapTotal:       3145724 kB
SwapFree:        3145724 kB
Dirty:               460 kB
Writeback:             0 kB
AnonPages:       1312480 kB
Mapped:           858248 kB
Shmem:             25928 kB
KReclaimable:     596088 kB
Slab:             227736 kB
SReclaimable:      79648 kB
SUnreclaim:       148088 kB
KernelStack:       48384 kB
PageTables:        67736 kB
NFS_Unstable:          0 kB
Bounce:                0 kB
WritebackTmp:          0 kB
CommitLimit:     9202288 kB
Committed_AS:   75278228 kB
VmallocTotal:   263061440 kB
VmallocUsed:      105556 kB
VmallocChunk:          0 kB
Percpu:             7648 kB
CmaTotal:         294912 kB
CmaFree:               0 kB
MemTotal:       12113132 kB
MemFree:         6349008 kB
MemAvailable:    7930980 kB
Buffers:            5660 kB
Cached:          1879356 kB
SwapCached:            0 kB
Active:          1554812 kB
Inactive:        1637872 kB
Active(anon):    1314112 kB
Inactive(anon):    23984 kB
Active(file):     240700 kB
Inactive(file):  1613888 kB
Unevictable:        5552 kB
Mlocked:            5552 kB
SwapTotal:       3145724 kB
SwapFree:        3145724 kB
Dirty:               472 kB
Writeback:             0 kB
AnonPages:       1313540 kB
Mapped:           858428 kB
Shmem:             25928 kB
KReclaimable:     596088 kB
Slab:             227728 kB
SReclaimable:      79648 kB
SUnreclaim:       148080 kB
KernelStack:       48432 kB
PageTables:        67904 kB
NFS_Unstable:          0 kB
Bounce:                0 kB
WritebackTmp:          0 kB
CommitLimit:     9202288 kB
Committed_AS:   75270316 kB
VmallocTotal:   263061440 kB
VmallocUsed:      105604 kB
VmallocChunk:          0 kB
Percpu:             7648 kB
CmaTotal:         294912 kB
CmaFree:               0 kB
MemTotal:       12113132 kB
MemFree:         6349112 kB
MemAvailable:    7931088 kB
Buffers:            5660 kB
Cached:          1879364 kB
SwapCached:            0 kB
Active:          1555700 kB
Inactive:        1637880 kB
Active(anon):    1315000 kB
Inactive(anon):    23988 kB
Active(file):     240700 kB
Inactive(file):  1613892 kB
Unevictable:        5552 kB
Mlocked:            5552 kB
SwapTotal:       3145724 kB
SwapFree:        3145724 kB
Dirty:               536 kB
Writeback:             0 kB
AnonPages:       1314260 kB
Mapped:           858456 kB
Shmem:             25932 kB
KReclaimable:     596088 kB
Slab:             227748 kB
SReclaimable:      79648 kB
SUnreclaim:       148100 kB
KernelStack:       48432 kB
PageTables:        67992 kB
NFS_Unstable:          0 kB
Bounce:                0 kB
WritebackTmp:          0 kB
CommitLimit:     9202288 kB
Committed_AS:   75276184 kB
VmallocTotal:   263061440 kB
VmallocUsed:      105556 kB
VmallocChunk:          0 kB
Percpu:             7648 kB
CmaTotal:         294912 kB
CmaFree:               0 kB
MemTotal:       12113132 kB
MemFree:         6350620 kB
MemAvailable:    7932612 kB
Buffers:            5660 kB
Cached:          1879380 kB
SwapCached:            0 kB
Active:          1551716 kB
Inactive:        1637896 kB
Active(anon):    1311016 kB
Inactive(anon):    23988 kB
Active(file):     240700 kB
Inactive(file):  1613908 kB
Unevictable:        5552 kB
Mlocked:            5552 kB
SwapTotal:       3145724 kB
SwapFree:        3145724 kB
Dirty:               572 kB
Writeback:             0 kB
AnonPages:       1310188 kB
Mapped:           858520 kB
Shmem:             25932 kB
KReclaimable:     596088 kB
Slab:             227732 kB
SReclaimable:      79648 kB
SUnreclaim:       148084 kB
KernelStack:       48400 kB
PageTables:        68024 kB
NFS_Unstable:          0 kB
Bounce:                0 kB
WritebackTmp:          0 kB
CommitLimit:     9202288 kB
Committed_AS:   75274848 kB
VmallocTotal:   263061440 kB
VmallocUsed:      105572 kB
VmallocChunk:          0 kB
Percpu:             7648 kB
CmaTotal:         294912 kB
CmaFree:             324 kB
MemTotal:       12113132 kB
MemFree:         6349440 kB
MemAvailable:    7931240 kB
Buffers:            5660 kB
Cached:          1879392 kB
SwapCached:            0 kB
Active:          1552668 kB
Inactive:        1637908 kB
Active(anon):    1311968 kB
Inactive(anon):    23988 kB
Active(file):     240700 kB
Inactive(file):  1613920 kB
Unevictable:        5552 kB
Mlocked:            5552 kB
SwapTotal:       3145724 kB
SwapFree:        3145724 kB
Dirty:               588 kB
Writeback:             0 kB
AnonPages:       1311252 kB
Mapped:           858524 kB
Shmem:             25932 kB
KReclaimable:     595884 kB
Slab:             227732 kB
SReclaimable:      79648 kB
SUnreclaim:       148084 kB
KernelStack:       48368 kB
PageTables:        67892 kB
NFS_Unstable:          0 kB
Bounce:                0 kB
WritebackTmp:          0 kB
CommitLimit:     9202288 kB
Committed_AS:   75279116 kB
VmallocTotal:   263061440 kB
VmallocUsed:      105556 kB
VmallocChunk:          0 kB
Percpu:             7648 kB
CmaTotal:         294912 kB
CmaFree:               0 kB
MemTotal:       12113132 kB
MemFree:         6348804 kB
MemAvailable:    7930616 kB
Buffers:            5660 kB
Cached:          1879404 kB
SwapCached:            0 kB
Active:          1553516 kB
Inactive:        1637920 kB
Active(anon):    1312816 kB
Inactive(anon):    23988 kB
Active(file):     240700 kB
Inactive(file):  1613932 kB
Unevictable:        5552 kB
Mlocked:            5552 kB
SwapTotal:       3145724 kB
SwapFree:        3145724 kB
Dirty:               600 kB
Writeback:             0 kB
AnonPages:       1312032 kB
Mapped:           858496 kB
Shmem:             25932 kB
KReclaimable:     595884 kB
Slab:             227732 kB
SReclaimable:      79648 kB
SUnreclaim:       148084 kB
KernelStack:       48384 kB
PageTables:        67852 kB
NFS_Unstable:          0 kB
Bounce:                0 kB
WritebackTmp:          0 kB
CommitLimit:     9202288 kB
Committed_AS:   75280828 kB
VmallocTotal:   263061440 kB
VmallocUsed:      105572 kB
VmallocChunk:          0 kB
Percpu:             7648 kB
CmaTotal:         294912 kB
CmaFree:               4 kB
MemTotal:       12113132 kB
MemFree:         6379384 kB
MemAvailable:    7995640 kB
Buffers:            5660 kB
Cached:          1879412 kB
SwapCached:            0 kB
Active:          1523564 kB
Inactive:        1637928 kB
Active(anon):    1282864 kB
Inactive(anon):    23988 kB
Active(file):     240700 kB
Inactive(file):  1613940 kB
Unevictable:        5552 kB
Mlocked:            5552 kB
SwapTotal:       3145724 kB
SwapFree:        3145724 kB
Dirty:               636 kB
Writeback:             0 kB
AnonPages:       1282052 kB
Mapped:           858504 kB
Shmem:             25932 kB
KReclaimable:     630320 kB
Slab:             227732 kB
SReclaimable:      79648 kB
SUnreclaim:       148084 kB
KernelStack:       48368 kB
PageTables:        67512 kB
NFS_Unstable:          0 kB
Bounce:                0 kB
WritebackTmp:          0 kB
CommitLimit:     9202288 kB
Committed_AS:   75275572 kB
VmallocTotal:   263061440 kB
VmallocUsed:      105588 kB
VmallocChunk:          0 kB
Percpu:             7648 kB
CmaTotal:         294912 kB
CmaFree:               0 kB
MemTotal:       12113132 kB
MemFree:         6348976 kB
MemAvailable:    7930812 kB
Buffers:            5660 kB
Cached:          1879428 kB
SwapCached:            0 kB
Active:          1553608 kB
Inactive:        1637944 kB
Active(anon):    1312908 kB
Inactive(anon):    23988 kB
Active(file):     240700 kB
Inactive(file):  1613956 kB
Unevictable:        5552 kB
Mlocked:            5552 kB
SwapTotal:       3145724 kB
SwapFree:        3145724 kB
Dirty:               656 kB
Writeback:             0 kB
AnonPages:       1311776 kB
Mapped:           858468 kB
Shmem:             25932 kB
KReclaimable:     595884 kB
Slab:             227724 kB
SReclaimable:      79648 kB
SUnreclaim:       148076 kB
KernelStack:       48368 kB
PageTables:        67864 kB
NFS_Unstable:          0 kB
Bounce:                0 kB
WritebackTmp:          0 kB
CommitLimit:     9202288 kB
Committed_AS:   75278264 kB
VmallocTotal:   263061440 kB
VmallocUsed:      105556 kB
VmallocChunk:          0 kB
Percpu:             7648 kB
CmaTotal:         294912 kB
CmaFree:               0 kB
MemTotal:       12113132 kB
MemFree:         6348984 kB
MemAvailable:    7930848 kB
Buffers:            5660 kB
Cached:          1879456 kB
SwapCached:            0 kB
Active:          1554132 kB
Inactive:        1637972 kB
Active(anon):    1313432 kB
Inactive(anon):    23988 kB
Active(file):     240700 kB
Inactive(file):  1613984 kB
Unevictable:        5552 kB
Mlocked:            5552 kB
SwapTotal:       3145724 kB
SwapFree:        3145724 kB
Dirty:               700 kB
Writeback:             0 kB
AnonPages:       1312492 kB
Mapped:           858496 kB
Shmem:             25932 kB
KReclaimable:     595884 kB
Slab:             227748 kB
SReclaimable:      79648 kB
SUnreclaim:       148100 kB
KernelStack:       48336 kB
PageTables:        67880 kB
NFS_Unstable:          0 kB
Bounce:                0 kB
WritebackTmp:          0 kB
CommitLimit:     9202288 kB
Committed_AS:   75274160 kB
VmallocTotal:   263061440 kB
VmallocUsed:      105572 kB
VmallocChunk:          0 kB
Percpu:             7648 kB
CmaTotal:         294912 kB
CmaFree:               0 kB
MemTotal:       12113132 kB
MemFree:         6378432 kB
MemAvailable:    7960312 kB
Buffers:            5660 kB
Cached:          1879472 kB
SwapCached:            0 kB
Active:          1525100 kB
Inactive:        1637988 kB
Active(anon):    1284400 kB
Inactive(anon):    23988 kB
Active(file):     240700 kB
Inactive(file):  1614000 kB
Unevictable:        5552 kB
Mlocked:            5552 kB
SwapTotal:       3145724 kB
SwapFree:        3145724 kB
Dirty:               740 kB
Writeback:             0 kB
AnonPages:       1283564 kB
Mapped:           858612 kB
Shmem:             25932 kB
KReclaimable:     595884 kB
Slab:             227748 kB
SReclaimable:      79648 kB
SUnreclaim:       148100 kB
KernelStack:       48400 kB
PageTables:        67916 kB
NFS_Unstable:          0 kB
Bounce:                0 kB
WritebackTmp:          0 kB
CommitLimit:     9202288 kB
Committed_AS:   75275852 kB
VmallocTotal:   263061440 kB
VmallocUsed:      105604 kB
VmallocChunk:          0 kB
Percpu:             7648 kB
CmaTotal:         294912 kB
CmaFree:               0 kB
MemTotal:       12113132 kB
MemFree:         6373164 kB
MemAvailable:    7955048 kB
Buffers:            5660 kB
Cached:          1879476 kB
SwapCached:            0 kB
Active:          1527908 kB
Inactive:        1637992 kB
Active(anon):    1287208 kB
Inactive(anon):    23988 kB
Active(file):     240700 kB
Inactive(file):  1614004 kB
Unevictable:        5552 kB
Mlocked:            5552 kB
SwapTotal:       3145724 kB
SwapFree:        3145724 kB
Dirty:               768 kB
Writeback:             0 kB
AnonPages:       1286368 kB
Mapped:           858488 kB
Shmem:             25932 kB
KReclaimable:     595884 kB
Slab:             227748 kB
SReclaimable:      79648 kB
SUnreclaim:       148100 kB
KernelStack:       48320 kB
PageTables:        67852 kB
NFS_Unstable:          0 kB
Bounce:                0 kB
WritebackTmp:          0 kB
CommitLimit:     9202288 kB
Committed_AS:   75277244 kB
VmallocTotal:   263061440 kB
VmallocUsed:      105556 kB
VmallocChunk:          0 kB
Percpu:             7648 kB
CmaTotal:         294912 kB
CmaFree:             184 kB
MemTotal:       12113132 kB
MemFree:         6379092 kB
MemAvailable:    7995424 kB
Buffers:            5660 kB
Cached:          1879344 kB
SwapCached:            0 kB
Active:          1524924 kB
Inactive:        1638052 kB
Active(anon):    1284224 kB
Inactive(anon):    24036 kB
Active(file):     240700 kB
Inactive(file):  1614016 kB
Unevictable:        5552 kB
Mlocked:            5552 kB
SwapTotal:       3145724 kB
SwapFree:        3145724 kB
Dirty:               788 kB
Writeback:             0 kB
AnonPages:       1283660 kB
Mapped:           858444 kB
Shmem:             25788 kB
KReclaimable:     630320 kB
Slab:             227708 kB
SReclaimable:      79648 kB
SUnreclaim:       148060 kB
KernelStack:       48320 kB
PageTables:        67776 kB
NFS_Unstable:          0 kB
Bounce:                0 kB
WritebackTmp:          0 kB
CommitLimit:     9202288 kB
Committed_AS:   75275188 kB
VmallocTotal:   263061440 kB
VmallocUsed:      105588 kB
VmallocChunk:          0 kB
Percpu:             7648 kB
CmaTotal:         294912 kB
CmaFree:              16 kB
MemTotal:       12113132 kB
MemFree:         6377868 kB
MemAvailable:    7959776 kB
Buffers:            5660 kB
Cached:          1879500 kB
SwapCached:            0 kB
Active:          1526216 kB
Inactive:        1638016 kB
Active(anon):    1285516 kB
Inactive(anon):    23988 kB
Active(file):     240700 kB
Inactive(file):  1614028 kB
Unevictable:        5552 kB
Mlocked:            5552 kB
SwapTotal:       3145724 kB
SwapFree:        3145724 kB
Dirty:               820 kB
Writeback:             0 kB
AnonPages:       1284456 kB
Mapped:           858608 kB
Shmem:             25932 kB
KReclaimable:     595884 kB
Slab:             227712 kB
SReclaimable:      79648 kB
SUnreclaim:       148064 kB
KernelStack:       48384 kB
PageTables:        67964 kB
NFS_Unstable:          0 kB
Bounce:                0 kB
WritebackTmp:          0 kB
CommitLimit:     9202288 kB
Committed_AS:   75274880 kB
VmallocTotal:   263061440 kB
VmallocUsed:      105604 kB
VmallocChunk:          0 kB
Percpu:             7648 kB
CmaTotal:         294912 kB
CmaFree:              16 kB
MemTotal:       12113132 kB
MemFree:         6378848 kB
MemAvailable:    7995260 kB
Buffers:            5660 kB
Cached:          1879540 kB
SwapCached:            0 kB
Active:          1526256 kB
Inactive:        1638052 kB
Active(anon):    1285552 kB
Inactive(anon):    23988 kB
Active(file):     240704 kB
Inactive(file):  1614064 kB
Unevictable:        5552 kB
Mlocked:            5552 kB
SwapTotal:       3145724 kB
SwapFree:        3145724 kB
Dirty:               840 kB
Writeback:             0 kB
AnonPages:       1284916 kB
Mapped:           858708 kB
Shmem:             25932 kB
KReclaimable:     630348 kB
Slab:             227696 kB
SReclaimable:      79648 kB
SUnreclaim:       148048 kB
KernelStack:       48336 kB
PageTables:        67648 kB
NFS_Unstable:          0 kB
Bounce:                0 kB
WritebackTmp:          0 kB
CommitLimit:     9202288 kB
Committed_AS:   75276752 kB
VmallocTotal:   263061440 kB
VmallocUsed:      105556 kB
VmallocChunk:          0 kB
Percpu:             7648 kB
CmaTotal:         294912 kB
CmaFree:               0 kB
MemTotal:       12113132 kB
MemFree:         6348544 kB
MemAvailable:    7929608 kB
Buffers:            5660 kB
Cached:          1879524 kB
SwapCached:            0 kB
Active:          1556664 kB
Inactive:        1638040 kB
Active(anon):    1315964 kB
Inactive(anon):    23988 kB
Active(file):     240700 kB
Inactive(file):  1614052 kB
Unevictable:        5552 kB
Mlocked:            5552 kB
SwapTotal:       3145724 kB
SwapFree:        3145724 kB
Dirty:               236 kB
Writeback:             0 kB
AnonPages:       1315196 kB
Mapped:           858452 kB
Shmem:             25932 kB
KReclaimable:     595016 kB
Slab:             227700 kB
SReclaimable:      79648 kB
SUnreclaim:       148052 kB
KernelStack:       48352 kB
PageTables:        68096 kB
NFS_Unstable:          0 kB
Bounce:                0 kB
WritebackTmp:          0 kB
CommitLimit:     9202288 kB
Committed_AS:   75279704 kB
VmallocTotal:   263061440 kB
VmallocUsed:      105524 kB
VmallocChunk:          0 kB
Percpu:             7648 kB
CmaTotal:         294912 kB
CmaFree:               0 kB
MemTotal:       12113132 kB
MemFree:         6348192 kB
MemAvailable:    7929296 kB
Buffers:            5668 kB
Cached:          1879556 kB
SwapCached:            0 kB
Active:          1556752 kB
Inactive:        1638072 kB
Active(anon):    1316044 kB
Inactive(anon):    23988 kB
Active(file):     240708 kB
Inactive(file):  1614084 kB
Unevictable:        5552 kB
Mlocked:            5552 kB
SwapTotal:       3145724 kB
SwapFree:        3145724 kB
Dirty:               372 kB
Writeback:             0 kB
AnonPages:       1315596 kB
Mapped:           858616 kB
Shmem:             25932 kB
KReclaimable:     595016 kB
Slab:             227740 kB
SReclaimable:      79648 kB
SUnreclaim:       148092 kB
KernelStack:       48400 kB
PageTables:        67684 kB
NFS_Unstable:          0 kB
Bounce:                0 kB
WritebackTmp:          0 kB
CommitLimit:     9202288 kB
Committed_AS:   75279716 kB
VmallocTotal:   263061440 kB
VmallocUsed:      105524 kB
VmallocChunk:          0 kB
Percpu:             7648 kB
CmaTotal:         294912 kB
CmaFree:               0 kB
MemTotal:       12113132 kB
MemFree:         6361660 kB
MemAvailable:    7977244 kB
Buffers:            5668 kB
Cached:          1879572 kB
SwapCached:            0 kB
Active:          1543328 kB
Inactive:        1638088 kB
Active(anon):    1302620 kB
Inactive(anon):    23988 kB
Active(file):     240708 kB
Inactive(file):  1614100 kB
Unevictable:        5552 kB
Mlocked:            5552 kB
SwapTotal:       3145724 kB
SwapFree:        3145724 kB
Dirty:               396 kB
Writeback:             0 kB
AnonPages:       1301936 kB
Mapped:           858504 kB
Shmem:             25932 kB
KReclaimable:     629480 kB
Slab:             227720 kB
SReclaimable:      79648 kB
SUnreclaim:       148072 kB
KernelStack:       48352 kB
PageTables:        67736 kB
NFS_Unstable:          0 kB
Bounce:                0 kB
WritebackTmp:          0 kB
CommitLimit:     9202288 kB
Committed_AS:   75281688 kB
VmallocTotal:   263061440 kB
VmallocUsed:      105476 kB
VmallocChunk:          0 kB
Percpu:             7648 kB
CmaTotal:         294912 kB
CmaFree:               0 kB
MemTotal:       12113132 kB
MemFree:         6360140 kB
MemAvailable:    7941268 kB
Buffers:            5668 kB
Cached:          1879580 kB
SwapCached:            0 kB
Active:          1543204 kB
Inactive:        1638084 kB
Active(anon):    1302484 kB
Inactive(anon):    23988 kB
Active(file):     240720 kB
Inactive(file):  1614096 kB
Unevictable:        5552 kB
Mlocked:            5552 kB
SwapTotal:       3145724 kB
SwapFree:        3145724 kB
Dirty:               460 kB
Writeback:             0 kB
AnonPages:       1301348 kB
Mapped:           858552 kB
Shmem:             25932 kB
KReclaimable:     595016 kB
Slab:             227720 kB
SReclaimable:      79648 kB
SUnreclaim:       148072 kB
KernelStack:       48320 kB
PageTables:        67628 kB
NFS_Unstable:          0 kB
Bounce:                0 kB
WritebackTmp:          0 kB
CommitLimit:     9202288 kB
Committed_AS:   75269772 kB
VmallocTotal:   263061440 kB
VmallocUsed:      105508 kB
VmallocChunk:          0 kB
Percpu:             7648 kB
CmaTotal:         294912 kB
CmaFree:             156 kB
MemTotal:       12113132 kB
MemFree:         6360224 kB
MemAvailable:    7941368 kB
Buffers:            5668 kB
Cached:          1879600 kB
SwapCached:            0 kB
Active:          1543628 kB
Inactive:        1638020 kB
Active(anon):    1302824 kB
Inactive(anon):    23992 kB
Active(file):     240804 kB
Inactive(file):  1614028 kB
Unevictable:        5552 kB
Mlocked:            5552 kB
SwapTotal:       3145724 kB
SwapFree:        3145724 kB
Dirty:               504 kB
Writeback:             0 kB
AnonPages:       1301956 kB
Mapped:           858568 kB
Shmem:             25936 kB
KReclaimable:     595016 kB
Slab:             227728 kB
SReclaimable:      79648 kB
SUnreclaim:       148080 kB
KernelStack:       48336 kB
PageTables:        68048 kB
NFS_Unstable:          0 kB
Bounce:                0 kB
WritebackTmp:          0 kB
CommitLimit:     9202288 kB
Committed_AS:   75277840 kB
VmallocTotal:   263061440 kB
VmallocUsed:      105492 kB
VmallocChunk:          0 kB
Percpu:             7648 kB
CmaTotal:         294912 kB
CmaFree:               0 kB
MemTotal:       12113132 kB
MemFree:         6359492 kB
MemAvailable:    7940636 kB
Buffers:            5668 kB
Cached:          1879600 kB
SwapCached:            0 kB
Active:          1543976 kB
Inactive:        1638028 kB
Active(anon):    1303180 kB
Inactive(anon):    23992 kB
Active(file):     240796 kB
Inactive(file):  1614036 kB
Unevictable:        5552 kB
Mlocked:            5552 kB
SwapTotal:       3145724 kB
SwapFree:        3145724 kB
Dirty:               516 kB
Writeback:             0 kB
AnonPages:       1302392 kB
Mapped:           858508 kB
Shmem:             25936 kB
KReclaimable:     595016 kB
Slab:             227720 kB
SReclaimable:      79648 kB
SUnreclaim:       148072 kB
KernelStack:       48304 kB
PageTables:        67752 kB
NFS_Unstable:          0 kB
Bounce:                0 kB
WritebackTmp:          0 kB
CommitLimit:     9202288 kB
Committed_AS:   75277920 kB
VmallocTotal:   263061440 kB
VmallocUsed:      105508 kB
VmallocChunk:          0 kB
Percpu:             7648 kB
CmaTotal:         294912 kB
CmaFree:               4 kB
MemTotal:       12113132 kB
MemFree:         6358980 kB
MemAvailable:    7905708 kB
Buffers:            5668 kB
Cached:          1879620 kB
SwapCached:            0 kB
Active:          1544996 kB
Inactive:        1638044 kB
Active(anon):    1304196 kB
Inactive(anon):    23992 kB
Active(file):     240800 kB
Inactive(file):  1614052 kB
Unevictable:        5552 kB
Mlocked:            5552 kB
SwapTotal:       3145724 kB
SwapFree:        3145724 kB
Dirty:               548 kB
Writeback:             0 kB
AnonPages:       1303448 kB
Mapped:           858508 kB
Shmem:             25936 kB
KReclaimable:     560580 kB
Slab:             227728 kB
SReclaimable:      79648 kB
SUnreclaim:       148080 kB
KernelStack:       48336 kB
PageTables:        68244 kB
NFS_Unstable:          0 kB
Bounce:                0 kB
WritebackTmp:          0 kB
CommitLimit:     9202288 kB
Committed_AS:   75278724 kB
VmallocTotal:   263061440 kB
VmallocUsed:      105524 kB
VmallocChunk:          0 kB
Percpu:             7648 kB
CmaTotal:         294912 kB
CmaFree:               0 kB
MemTotal:       12113132 kB
MemFree:         6388428 kB
MemAvailable:    7969604 kB
Buffers:            5668 kB
Cached:          1879632 kB
SwapCached:            0 kB
Active:          1515100 kB
Inactive:        1638056 kB
Active(anon):    1274300 kB
Inactive(anon):    23992 kB
Active(file):     240800 kB
Inactive(file):  1614064 kB
Unevictable:        5552 kB
Mlocked:            5552 kB
SwapTotal:       3145724 kB
SwapFree:        3145724 kB
Dirty:               572 kB
Writeback:             0 kB
AnonPages:       1273608 kB
Mapped:           858512 kB
Shmem:             25936 kB
KReclaimable:     595016 kB
Slab:             227720 kB
SReclaimable:      79648 kB
SUnreclaim:       148072 kB
KernelStack:       48336 kB
PageTables:        67868 kB
NFS_Unstable:          0 kB
Bounce:                0 kB
WritebackTmp:          0 kB
CommitLimit:     9202288 kB
Committed_AS:   75273716 kB
VmallocTotal:   263061440 kB
VmallocUsed:      105540 kB
VmallocChunk:          0 kB
Percpu:             7648 kB
CmaTotal:         294912 kB
CmaFree:               0 kB
MemTotal:       12113132 kB
MemFree:         6387620 kB
MemAvailable:    7968828 kB
Buffers:            5668 kB
Cached:          1879636 kB
SwapCached:            0 kB
Active:          1516040 kB
Inactive:        1638056 kB
Active(anon):    1275236 kB
Inactive(anon):    23992 kB
Active(file):     240804 kB
Inactive(file):  1614064 kB
Unevictable:        5552 kB
Mlocked:            5552 kB
SwapTotal:       3145724 kB
SwapFree:        3145724 kB
Dirty:               600 kB
Writeback:             0 kB
AnonPages:       1274088 kB
Mapped:           858412 kB
Shmem:             25936 kB
KReclaimable:     595044 kB
Slab:             227728 kB
SReclaimable:      79648 kB
SUnreclaim:       148080 kB
KernelStack:       48368 kB
PageTables:        68248 kB
NFS_Unstable:          0 kB
Bounce:                0 kB
WritebackTmp:          0 kB
CommitLimit:     9202288 kB
Committed_AS:   75277872 kB
VmallocTotal:   263061440 kB
VmallocUsed:      105556 kB
VmallocChunk:          0 kB
Percpu:             7648 kB
CmaTotal:         294912 kB
CmaFree:              12 kB
MemTotal:       12113132 kB
MemFree:         6386820 kB
MemAvailable:    7968036 kB
Buffers:            5668 kB
Cached:          1879672 kB
SwapCached:            0 kB
Active:          1516624 kB
Inactive:        1638092 kB
Active(anon):    1275820 kB
Inactive(anon):    23992 kB
Active(file):     240804 kB
Inactive(file):  1614100 kB
Unevictable:        5552 kB
Mlocked:            5552 kB
SwapTotal:       3145724 kB
SwapFree:        3145724 kB
Dirty:               656 kB
Writeback:             4 kB
AnonPages:       1274756 kB
Mapped:           858396 kB
Shmem:             25936 kB
KReclaimable:     595016 kB
Slab:             227728 kB
SReclaimable:      79648 kB
SUnreclaim:       148080 kB
KernelStack:       48352 kB
PageTables:        67656 kB
NFS_Unstable:          0 kB
Bounce:                0 kB
WritebackTmp:          0 kB
CommitLimit:     9202288 kB
Committed_AS:   75278884 kB
VmallocTotal:   263061440 kB
VmallocUsed:      105540 kB
VmallocChunk:          0 kB
Percpu:             7648 kB
CmaTotal:         294912 kB
CmaFree:               0 kB
MemTotal:       12113132 kB
MemFree:         6355384 kB
MemAvailable:    7936608 kB
Buffers:            5668 kB
Cached:          1879680 kB
SwapCached:            0 kB
Active:          1547652 kB
Inactive:        1638100 kB
Active(anon):    1306848 kB
Inactive(anon):    23992 kB
Active(file):     240804 kB
Inactive(file):  1614108 kB
Unevictable:        5552 kB
Mlocked:            5552 kB
SwapTotal:       3145724 kB
SwapFree:        3145724 kB
Dirty:               688 kB
Writeback:             0 kB
AnonPages:       1306424 kB
Mapped:           858660 kB
Shmem:             25936 kB
KReclaimable:     595016 kB
Slab:             227744 kB
SReclaimable:      79648 kB
SUnreclaim:       148096 kB
KernelStack:       48384 kB
PageTables:        68008 kB
NFS_Unstable:          0 kB
Bounce:                0 kB
WritebackTmp:          0 kB
CommitLimit:     9202288 kB
Committed_AS:   75280920 kB
VmallocTotal:   263061440 kB
VmallocUsed:      105492 kB
VmallocChunk:          0 kB
Percpu:             7648 kB
CmaTotal:         294912 kB
CmaFree:               0 kB
MemTotal:       12113132 kB
MemFree:         6384784 kB
MemAvailable:    7966028 kB
Buffers:            5668 kB
Cached:          1879700 kB
SwapCached:            0 kB
Active:          1517976 kB
Inactive:        1638120 kB
Active(anon):    1277172 kB
Inactive(anon):    23992 kB
Active(file):     240804 kB
Inactive(file):  1614128 kB
Unevictable:        5552 kB
Mlocked:            5552 kB
SwapTotal:       3145724 kB
SwapFree:        3145724 kB
Dirty:               712 kB
Writeback:             0 kB
AnonPages:       1276388 kB
Mapped:           858516 kB
Shmem:             25936 kB
KReclaimable:     595016 kB
Slab:             227720 kB
SReclaimable:      79648 kB
SUnreclaim:       148072 kB
KernelStack:       48388 kB
PageTables:        68100 kB
NFS_Unstable:          0 kB
Bounce:                0 kB
WritebackTmp:          0 kB
CommitLimit:     9202288 kB
Committed_AS:   75276400 kB
VmallocTotal:   263061440 kB
VmallocUsed:      105540 kB
VmallocChunk:          0 kB
Percpu:             7648 kB
CmaTotal:         294912 kB
CmaFree:               4 kB
MemTotal:       12113132 kB
MemFree:         6395164 kB
MemAvailable:    8071340 kB
Buffers:            5668 kB
Cached:          1879712 kB
SwapCached:            0 kB
Active:          1506512 kB
Inactive:        1638132 kB
Active(anon):    1265708 kB
Inactive(anon):    23992 kB
Active(file):     240804 kB
Inactive(file):  1614140 kB
Unevictable:        5552 kB
Mlocked:            5552 kB
SwapTotal:       3145724 kB
SwapFree:        3145724 kB
Dirty:               728 kB
Writeback:             0 kB
AnonPages:       1264688 kB
Mapped:           858308 kB
Shmem:             25936 kB
KReclaimable:     689936 kB
Slab:             227728 kB
SReclaimable:      79648 kB
SUnreclaim:       148080 kB
KernelStack:       48336 kB
PageTables:        67624 kB
NFS_Unstable:          0 kB
Bounce:                0 kB
WritebackTmp:          0 kB
CommitLimit:     9202288 kB
Committed_AS:   75282508 kB
VmallocTotal:   263061440 kB
VmallocUsed:      105300 kB
VmallocChunk:          0 kB
Percpu:             7648 kB
CmaTotal:         294912 kB
CmaFree:              40 kB
MemTotal:       12113132 kB
MemFree:         6352660 kB
MemAvailable:    7933116 kB
Buffers:            5668 kB
Cached:          1879720 kB
SwapCached:            0 kB
Active:          1550148 kB
Inactive:        1638140 kB
Active(anon):    1309344 kB
Inactive(anon):    23992 kB
Active(file):     240804 kB
Inactive(file):  1614148 kB
Unevictable:        5552 kB
Mlocked:            5552 kB
SwapTotal:       3145724 kB
SwapFree:        3145724 kB
Dirty:               832 kB
Writeback:             0 kB
AnonPages:       1308852 kB
Mapped:           858508 kB
Shmem:             25936 kB
KReclaimable:     594208 kB
Slab:             227700 kB
SReclaimable:      79648 kB
SUnreclaim:       148052 kB
KernelStack:       48336 kB
PageTables:        68032 kB
NFS_Unstable:          0 kB
Bounce:                0 kB
WritebackTmp:          0 kB
CommitLimit:     9202288 kB
Committed_AS:   75272432 kB
VmallocTotal:   263061440 kB
VmallocUsed:      105508 kB
VmallocChunk:          0 kB
Percpu:             7648 kB
CmaTotal:         294912 kB
CmaFree:               0 kB
MemTotal:       12113132 kB
MemFree:         6379036 kB
MemAvailable:    7992480 kB
Buffers:            5668 kB
Cached:          1879852 kB
SwapCached:            0 kB
Active:          1525036 kB
Inactive:        1638256 kB
Active(anon):    1284232 kB
Inactive(anon):    24092 kB
Active(file):     240804 kB
Inactive(file):  1614164 kB
Unevictable:        5552 kB
Mlocked:            5552 kB
SwapTotal:       3145724 kB
SwapFree:        3145724 kB
Dirty:               900 kB
Writeback:             0 kB
AnonPages:       1283368 kB
Mapped:           858124 kB
Shmem:             26052 kB
KReclaimable:     627180 kB
Slab:             227788 kB
SReclaimable:      79648 kB
SUnreclaim:       148140 kB
KernelStack:       48368 kB
PageTables:        67768 kB
NFS_Unstable:          0 kB
Bounce:                0 kB
WritebackTmp:          0 kB
CommitLimit:     9202288 kB
Committed_AS:   75273404 kB
VmallocTotal:   263061440 kB
VmallocUsed:      105524 kB
VmallocChunk:          0 kB
Percpu:             7648 kB
CmaTotal:         294912 kB
CmaFree:               0 kB
MemTotal:       12113132 kB
MemFree:         6390724 kB
MemAvailable:    8064640 kB
Buffers:            5672 kB
Cached:          1879848 kB
SwapCached:            0 kB
Active:          1511676 kB
Inactive:        1638256 kB
Active(anon):    1270872 kB
Inactive(anon):    24084 kB
Active(file):     240804 kB
Inactive(file):  1614172 kB
Unevictable:        5552 kB
Mlocked:            5552 kB
SwapTotal:       3145724 kB
SwapFree:        3145724 kB
Dirty:               952 kB
Writeback:             0 kB
AnonPages:       1269932 kB
Mapped:           858044 kB
Shmem:             26044 kB
KReclaimable:     687644 kB
Slab:             227780 kB
SReclaimable:      79648 kB
SUnreclaim:       148132 kB
KernelStack:       48320 kB
PageTables:        67628 kB
NFS_Unstable:          0 kB
Bounce:                0 kB
WritebackTmp:          0 kB
CommitLimit:     9202288 kB
Committed_AS:   75282316 kB
VmallocTotal:   263061440 kB
VmallocUsed:      105300 kB
VmallocChunk:          0 kB
Percpu:             7648 kB
CmaTotal:         294912 kB
CmaFree:              60 kB
MemTotal:       12113132 kB
MemFree:         6349012 kB
MemAvailable:    7927292 kB
Buffers:            5672 kB
Cached:          1879880 kB
SwapCached:            0 kB
Active:          1556280 kB
Inactive:        1638284 kB
Active(anon):    1315472 kB
Inactive(anon):    24084 kB
Active(file):     240808 kB
Inactive(file):  1614200 kB
Unevictable:        5552 kB
Mlocked:            5552 kB
SwapTotal:       3145724 kB
SwapFree:        3145724 kB
Dirty:               864 kB
Writeback:            88 kB
AnonPages:       1314528 kB
Mapped:           858196 kB
Shmem:             26044 kB
KReclaimable:     591976 kB
Slab:             227660 kB
SReclaimable:      79648 kB
SUnreclaim:       148012 kB
KernelStack:       48352 kB
PageTables:        67776 kB
NFS_Unstable:          0 kB
Bounce:                0 kB
WritebackTmp:          0 kB
CommitLimit:     9202288 kB
Committed_AS:   75273544 kB
VmallocTotal:   263061440 kB
VmallocUsed:      105524 kB
VmallocChunk:          0 kB
Percpu:             7648 kB
CmaTotal:         294912 kB
CmaFree:               0 kB
MemTotal:       12113132 kB
MemFree:         6384872 kB
MemAvailable:    7997568 kB
Buffers:            5672 kB
Cached:          1879888 kB
SwapCached:            0 kB
Active:          1518428 kB
Inactive:        1638292 kB
Active(anon):    1277620 kB
Inactive(anon):    24084 kB
Active(file):     240808 kB
Inactive(file):  1614208 kB
Unevictable:        5552 kB
Mlocked:            5552 kB
SwapTotal:       3145724 kB
SwapFree:        3145724 kB
Dirty:               852 kB
Writeback:             0 kB
AnonPages:       1276584 kB
Mapped:           858332 kB
Shmem:             26044 kB
KReclaimable:     626384 kB
Slab:             227796 kB
SReclaimable:      79648 kB
SUnreclaim:       148148 kB
KernelStack:       48400 kB
PageTables:        67528 kB
NFS_Unstable:          0 kB
Bounce:                0 kB
WritebackTmp:          0 kB
CommitLimit:     9202288 kB
Committed_AS:   75278944 kB
VmallocTotal:   263061440 kB
VmallocUsed:      105556 kB
VmallocChunk:          0 kB
Percpu:             7648 kB
CmaTotal:         294912 kB
CmaFree:               0 kB
MemTotal:       12113132 kB
MemFree:         6395592 kB
MemAvailable:    8068812 kB
Buffers:            5672 kB
Cached:          1879900 kB
SwapCached:            0 kB
Active:          1507012 kB
Inactive:        1638304 kB
Active(anon):    1266204 kB
Inactive(anon):    24084 kB
Active(file):     240808 kB
Inactive(file):  1614220 kB
Unevictable:        5552 kB
Mlocked:            5552 kB
SwapTotal:       3145724 kB
SwapFree:        3145724 kB
Dirty:               868 kB
Writeback:             0 kB
AnonPages:       1265448 kB
Mapped:           858024 kB
Shmem:             26044 kB
KReclaimable:     686896 kB
Slab:             227636 kB
SReclaimable:      79648 kB
SUnreclaim:       147988 kB
KernelStack:       48272 kB
PageTables:        67604 kB
NFS_Unstable:          0 kB
Bounce:                0 kB
WritebackTmp:          0 kB
CommitLimit:     9202288 kB
Committed_AS:   75273860 kB
VmallocTotal:   263061440 kB
VmallocUsed:      105284 kB
VmallocChunk:          0 kB
Percpu:             7648 kB
CmaTotal:         294912 kB
CmaFree:               0 kB
MemTotal:       12113132 kB
MemFree:         6351908 kB
MemAvailable:    7929684 kB
Buffers:            5672 kB
Cached:          1879912 kB
SwapCached:            0 kB
Active:          1552184 kB
Inactive:        1638312 kB
Active(anon):    1311372 kB
Inactive(anon):    24088 kB
Active(file):     240812 kB
Inactive(file):  1614224 kB
Unevictable:        5552 kB
Mlocked:            5552 kB
SwapTotal:       3145724 kB
SwapFree:        3145724 kB
Dirty:               912 kB
Writeback:             0 kB
AnonPages:       1310440 kB
Mapped:           858284 kB
Shmem:             26048 kB
KReclaimable:     591444 kB
Slab:             227748 kB
SReclaimable:      79648 kB
SUnreclaim:       148100 kB
KernelStack:       48240 kB
PageTables:        67832 kB
NFS_Unstable:          0 kB
Bounce:                0 kB
WritebackTmp:          0 kB
CommitLimit:     9202288 kB
Committed_AS:   75279540 kB
VmallocTotal:   263061440 kB
VmallocUsed:      105460 kB
VmallocChunk:          0 kB
Percpu:             7648 kB
CmaTotal:         294912 kB
CmaFree:               0 kB
MemTotal:       12113132 kB
MemFree:         6354784 kB
MemAvailable:    7932372 kB
Buffers:            5672 kB
Cached:          1879940 kB
SwapCached:            0 kB
Active:          1550688 kB
Inactive:        1638340 kB
Active(anon):    1309876 kB
Inactive(anon):    24096 kB
Active(file):     240812 kB
Inactive(file):  1614244 kB
Unevictable:        5552 kB
Mlocked:            5552 kB
SwapTotal:       3145724 kB
SwapFree:        3145724 kB
Dirty:               936 kB
Writeback:             0 kB
AnonPages:       1308920 kB
Mapped:           858328 kB
Shmem:             26056 kB
KReclaimable:     591236 kB
Slab:             227752 kB
SReclaimable:      79648 kB
SUnreclaim:       148104 kB
KernelStack:       48288 kB
PageTables:        67868 kB
NFS_Unstable:          0 kB
Bounce:                0 kB
WritebackTmp:          0 kB
CommitLimit:     9202288 kB
Committed_AS:   75279172 kB
VmallocTotal:   263061440 kB
VmallocUsed:      105508 kB
VmallocChunk:          0 kB
Percpu:             7648 kB
CmaTotal:         294912 kB
CmaFree:               8 kB
MemTotal:       12113132 kB
MemFree:         6383128 kB
MemAvailable:    7960696 kB
Buffers:            5672 kB
Cached:          1879948 kB
SwapCached:            0 kB
Active:          1521944 kB
Inactive:        1638348 kB
Active(anon):    1281132 kB
Inactive(anon):    24096 kB
Active(file):     240812 kB
Inactive(file):  1614252 kB
Unevictable:        5552 kB
Mlocked:            5552 kB
SwapTotal:       3145724 kB
SwapFree:        3145724 kB
Dirty:               944 kB
Writeback:             0 kB
AnonPages:       1280096 kB
Mapped:           858372 kB
Shmem:             26056 kB
KReclaimable:     591208 kB
Slab:             227808 kB
SReclaimable:      79648 kB
SUnreclaim:       148160 kB
KernelStack:       48240 kB
PageTables:        67856 kB
NFS_Unstable:          0 kB
Bounce:                0 kB
WritebackTmp:          0 kB
CommitLimit:     9202288 kB
Committed_AS:   75274168 kB
VmallocTotal:   263061440 kB
VmallocUsed:      105476 kB
VmallocChunk:          0 kB
Percpu:             7648 kB
CmaTotal:         294912 kB
CmaFree:               0 kB
MemTotal:       12113132 kB
MemFree:         6392960 kB
MemAvailable:    8065360 kB
Buffers:            5672 kB
Cached:          1879960 kB
SwapCached:            0 kB
Active:          1511384 kB
Inactive:        1638360 kB
Active(anon):    1270572 kB
Inactive(anon):    24096 kB
Active(file):     240812 kB
Inactive(file):  1614264 kB
Unevictable:        5552 kB
Mlocked:            5552 kB
SwapTotal:       3145724 kB
SwapFree:        3145724 kB
Dirty:               952 kB
Writeback:             0 kB
AnonPages:       1269780 kB
Mapped:           858408 kB
Shmem:             26056 kB
KReclaimable:     686028 kB
Slab:             227760 kB
SReclaimable:      79648 kB
SUnreclaim:       148112 kB
KernelStack:       48320 kB
PageTables:        67728 kB
NFS_Unstable:          0 kB
Bounce:                0 kB
WritebackTmp:          0 kB
CommitLimit:     9202288 kB
Committed_AS:   75279944 kB
VmallocTotal:   263061440 kB
VmallocUsed:      105252 kB
VmallocChunk:          0 kB
Percpu:             7648 kB
CmaTotal:         294912 kB
CmaFree:               0 kB
MemTotal:       12113132 kB
MemFree:         6381268 kB
MemAvailable:    7992528 kB
Buffers:            5672 kB
Cached:          1879972 kB
SwapCached:            0 kB
Active:          1522216 kB
Inactive:        1638368 kB
Active(anon):    1281400 kB
Inactive(anon):    24096 kB
Active(file):     240816 kB
Inactive(file):  1614272 kB
Unevictable:        5552 kB
Mlocked:            5552 kB
SwapTotal:       3145724 kB
SwapFree:        3145724 kB
Dirty:              1008 kB
Writeback:             0 kB
AnonPages:       1280444 kB
Mapped:           858436 kB
Shmem:             26056 kB
KReclaimable:     624876 kB
Slab:             227784 kB
SReclaimable:      79648 kB
SUnreclaim:       148136 kB
KernelStack:       48272 kB
PageTables:        67740 kB
NFS_Unstable:          0 kB
Bounce:                0 kB
WritebackTmp:          0 kB
CommitLimit:     9202288 kB
Committed_AS:   75279512 kB
VmallocTotal:   263061440 kB
VmallocUsed:      105476 kB
VmallocChunk:          0 kB
Percpu:             7648 kB
CmaTotal:         294912 kB
CmaFree:               0 kB
MemTotal:       12113132 kB
MemFree:         6349264 kB
MemAvailable:    7925496 kB
Buffers:            5672 kB
Cached:          1879996 kB
SwapCached:            0 kB
Active:          1554452 kB
Inactive:        1638392 kB
Active(anon):    1313636 kB
Inactive(anon):    24096 kB
Active(file):     240816 kB
Inactive(file):  1614296 kB
Unevictable:        5552 kB
Mlocked:            5552 kB
SwapTotal:       3145724 kB
SwapFree:        3145724 kB
Dirty:              1048 kB
Writeback:             4 kB
AnonPages:       1312908 kB
Mapped:           858312 kB
Shmem:             26056 kB
KReclaimable:     589824 kB
Slab:             227676 kB
SReclaimable:      79648 kB
SUnreclaim:       148028 kB
KernelStack:       48256 kB
PageTables:        67932 kB
NFS_Unstable:          0 kB
Bounce:                0 kB
WritebackTmp:          0 kB
CommitLimit:     9202288 kB
Committed_AS:   75274112 kB
VmallocTotal:   263061440 kB
VmallocUsed:      105396 kB
VmallocChunk:          0 kB
Percpu:             7648 kB
CmaTotal:         294912 kB
CmaFree:               0 kB
MemTotal:       12113132 kB
MemFree:         6376424 kB
MemAvailable:    7986948 kB
Buffers:            5672 kB
Cached:          1880008 kB
SwapCached:            0 kB
Active:          1524984 kB
Inactive:        1638404 kB
Active(anon):    1284168 kB
Inactive(anon):    24100 kB
Active(file):     240816 kB
Inactive(file):  1614304 kB
Unevictable:        5552 kB
Mlocked:            5552 kB
SwapTotal:       3145724 kB
SwapFree:        3145724 kB
Dirty:               332 kB
Writeback:             0 kB
AnonPages:       1283264 kB
Mapped:           858768 kB
Shmem:             26060 kB
KReclaimable:     624108 kB
Slab:             228064 kB
SReclaimable:      79648 kB
SUnreclaim:       148416 kB
KernelStack:       48240 kB
PageTables:        67792 kB
NFS_Unstable:          0 kB
Bounce:                0 kB
WritebackTmp:          0 kB
CommitLimit:     9202288 kB
Committed_AS:   75274096 kB
VmallocTotal:   263061440 kB
VmallocUsed:      105444 kB
VmallocChunk:          0 kB
Percpu:             7648 kB
CmaTotal:         294912 kB
CmaFree:               0 kB
MemTotal:       12113132 kB
MemFree:         6387608 kB
MemAvailable:    8058592 kB
Buffers:            5672 kB
Cached:          1880024 kB
SwapCached:            0 kB
Active:          1513932 kB
Inactive:        1638420 kB
Active(anon):    1273116 kB
Inactive(anon):    24100 kB
Active(file):     240816 kB
Inactive(file):  1614320 kB
Unevictable:        5552 kB
Mlocked:            5552 kB
SwapTotal:       3145724 kB
SwapFree:        3145724 kB
Dirty:               380 kB
Writeback:             0 kB
AnonPages:       1272016 kB
Mapped:           858616 kB
Shmem:             26060 kB
KReclaimable:     684552 kB
Slab:             227688 kB
SReclaimable:      79648 kB
SUnreclaim:       148040 kB
KernelStack:       48112 kB
PageTables:        67612 kB
NFS_Unstable:          0 kB
Bounce:                0 kB
WritebackTmp:          0 kB
CommitLimit:     9202288 kB
Committed_AS:   75264480 kB
VmallocTotal:   263061440 kB
VmallocUsed:      105220 kB
VmallocChunk:          0 kB
Percpu:             7648 kB
CmaTotal:         294912 kB
CmaFree:              36 kB
MemTotal:       12113132 kB
MemFree:         6387196 kB
MemAvailable:    8058236 kB
Buffers:            5672 kB
Cached:          1880040 kB
SwapCached:            0 kB
Active:          1515292 kB
Inactive:        1638436 kB
Active(anon):    1274476 kB
Inactive(anon):    24100 kB
Active(file):     240816 kB
Inactive(file):  1614336 kB
Unevictable:        5552 kB
Mlocked:            5552 kB
SwapTotal:       3145724 kB
SwapFree:        3145724 kB
Dirty:               412 kB
Writeback:             0 kB
AnonPages:       1273588 kB
Mapped:           858316 kB
Shmem:             26060 kB
KReclaimable:     684592 kB
Slab:             227680 kB
SReclaimable:      79648 kB
SUnreclaim:       148032 kB
KernelStack:       48112 kB
PageTables:        67616 kB
NFS_Unstable:          0 kB
Bounce:                0 kB
WritebackTmp:          0 kB
CommitLimit:     9202288 kB
Committed_AS:   75273712 kB
VmallocTotal:   263061440 kB
VmallocUsed:      105188 kB
VmallocChunk:          0 kB
Percpu:             7648 kB
CmaTotal:         294912 kB
CmaFree:               0 kB
MemTotal:       12113132 kB
MemFree:         6386776 kB
MemAvailable:    8057820 kB
Buffers:            5672 kB
Cached:          1880052 kB
SwapCached:            0 kB
Active:          1515332 kB
Inactive:        1638448 kB
Active(anon):    1274516 kB
Inactive(anon):    24108 kB
Active(file):     240816 kB
Inactive(file):  1614340 kB
Unevictable:        5552 kB
Mlocked:            5552 kB
SwapTotal:       3145724 kB
SwapFree:        3145724 kB
Dirty:               448 kB
Writeback:             0 kB
AnonPages:       1273452 kB
Mapped:           858556 kB
Shmem:             26068 kB
KReclaimable:     684592 kB
Slab:             227680 kB
SReclaimable:      79648 kB
SUnreclaim:       148032 kB
KernelStack:       48128 kB
PageTables:        67512 kB
NFS_Unstable:          0 kB
Bounce:                0 kB
WritebackTmp:          0 kB
CommitLimit:     9202288 kB
Committed_AS:   75269712 kB
VmallocTotal:   263061440 kB
VmallocUsed:      105156 kB
VmallocChunk:          0 kB
Percpu:             7648 kB
CmaTotal:         294912 kB
CmaFree:               0 kB
MemTotal:       12113132 kB
MemFree:         6385848 kB
MemAvailable:    8056908 kB
Buffers:            5672 kB
Cached:          1880068 kB
SwapCached:            0 kB
Active:          1516672 kB
Inactive:        1638464 kB
Active(anon):    1275856 kB
Inactive(anon):    24108 kB
Active(file):     240816 kB
Inactive(file):  1614356 kB
Unevictable:        5552 kB
Mlocked:            5552 kB
SwapTotal:       3145724 kB
SwapFree:        3145724 kB
Dirty:               480 kB
Writeback:             0 kB
AnonPages:       1274956 kB
Mapped:           858620 kB
Shmem:             26068 kB
KReclaimable:     684592 kB
Slab:             227672 kB
SReclaimable:      79648 kB
SUnreclaim:       148024 kB
KernelStack:       48148 kB
PageTables:        67508 kB
NFS_Unstable:          0 kB
Bounce:                0 kB
WritebackTmp:          0 kB
CommitLimit:     9202288 kB
Committed_AS:   75276396 kB
VmallocTotal:   263061440 kB
VmallocUsed:      105172 kB
VmallocChunk:          0 kB
Percpu:             7648 kB
CmaTotal:         294912 kB
CmaFree:               0 kB
MemTotal:       12113132 kB
MemFree:         6387800 kB
MemAvailable:    8077900 kB
Buffers:            5680 kB
Cached:          1880068 kB
SwapCached:            0 kB
Active:          1515708 kB
Inactive:        1638472 kB
Active(anon):    1274892 kB
Inactive(anon):    24108 kB
Active(file):     240816 kB
Inactive(file):  1614364 kB
Unevictable:        5552 kB
Mlocked:            5552 kB
SwapTotal:       3145724 kB
SwapFree:        3145724 kB
Dirty:               508 kB
Writeback:             0 kB
AnonPages:       1274384 kB
Mapped:           858464 kB
Shmem:             26068 kB
KReclaimable:     703624 kB
Slab:             227680 kB
SReclaimable:      79648 kB
SUnreclaim:       148032 kB
KernelStack:       47888 kB
PageTables:        67512 kB
NFS_Unstable:          0 kB
Bounce:                0 kB
WritebackTmp:          0 kB
CommitLimit:     9202288 kB
Committed_AS:   75270020 kB
VmallocTotal:   263061440 kB
VmallocUsed:      104980 kB
