MemTotal:       12113132 kB
MemFree:         6387404 kB
MemAvailable:    8108472 kB
Buffers:            6512 kB
Cached:          1911364 kB
SwapCached:            0 kB
Active:          1499000 kB
Inactive:        1665296 kB
Active(anon):    1252868 kB
Inactive(anon):    25928 kB
Active(file):     246132 kB
Inactive(file):  1639368 kB
Unevictable:        5552 kB
Mlocked:            5552 kB
SwapTotal:       3145724 kB
SwapFree:        3145724 kB
Dirty:               724 kB
Writeback:             0 kB
AnonPages:       1251968 kB
Mapped:           857092 kB
Shmem:             27876 kB
KReclaimable:     704272 kB
Slab:             224536 kB
SReclaimable:      80068 kB
SUnreclaim:       144468 kB
KernelStack:       46180 kB
PageTables:        62672 kB
NFS_Unstable:          0 kB
Bounce:                0 kB
WritebackTmp:          0 kB
CommitLimit:     9202288 kB
Committed_AS:   66060484 kB
VmallocTotal:   263061440 kB
VmallocUsed:      103084 kB
VmallocChunk:          0 kB
Percpu:             7648 kB
CmaTotal:         294912 kB
CmaFree:               0 kB
MemTotal:       12113132 kB
MemFree:         6386856 kB
MemAvailable:    8107996 kB
Buffers:            6512 kB
Cached:          1911436 kB
SwapCached:            0 kB
Active:          1499484 kB
Inactive:        1665332 kB
Active(anon):    1253316 kB
Inactive(anon):    25928 kB
Active(file):     246168 kB
Inactive(file):  1639404 kB
Unevictable:        5552 kB
Mlocked:            5552 kB
SwapTotal:       3145724 kB
SwapFree:        3145724 kB
Dirty:               796 kB
Writeback:             0 kB
AnonPages:       1252352 kB
Mapped:           857092 kB
Shmem:             27876 kB
KReclaimable:     704272 kB
Slab:             224548 kB
SReclaimable:      80068 kB
SUnreclaim:       144480 kB
KernelStack:       46160 kB
PageTables:        62756 kB
NFS_Unstable:          0 kB
Bounce:                0 kB
WritebackTmp:          0 kB
CommitLimit:     9202288 kB
Committed_AS:   66057344 kB
VmallocTotal:   263061440 kB
VmallocUsed:      103116 kB
VmallocChunk:          0 kB
Percpu:             7648 kB
CmaTotal:         294912 kB
CmaFree:               0 kB
MemTotal:       12113132 kB
MemFree:         6386420 kB
MemAvailable:    8107572 kB
Buffers:            6512 kB
Cached:          1911448 kB
SwapCached:            0 kB
Active:          1499124 kB
Inactive:        1665340 kB
Active(anon):    1252952 kB
Inactive(anon):    25928 kB
Active(file):     246172 kB
Inactive(file):  1639412 kB
Unevictable:        5552 kB
Mlocked:            5552 kB
SwapTotal:       3145724 kB
SwapFree:        3145724 kB
Dirty:               804 kB
Writeback:             0 kB
AnonPages:       1252132 kB
Mapped:           857092 kB
Shmem:             27876 kB
KReclaimable:     704272 kB
Slab:             224548 kB
SReclaimable:      80068 kB
SUnreclaim:       144480 kB
KernelStack:       46160 kB
PageTables:        62640 kB
NFS_Unstable:          0 kB
Bounce:                0 kB
WritebackTmp:          0 kB
CommitLimit:     9202288 kB
Committed_AS:   66057652 kB
VmallocTotal:   263061440 kB
VmallocUsed:      103132 kB
VmallocChunk:          0 kB
Percpu:             7648 kB
CmaTotal:         294912 kB
CmaFree:               0 kB
MemTotal:       12113132 kB
MemFree:         6386456 kB
MemAvailable:    8107620 kB
Buffers:            6512 kB
Cached:          1911460 kB
SwapCached:            0 kB
Active:          1499504 kB
Inactive:        1665356 kB
Active(anon):    1253336 kB
Inactive(anon):    25928 kB
Active(file):     246168 kB
Inactive(file):  1639428 kB
Unevictable:        5552 kB
Mlocked:            5552 kB
SwapTotal:       3145724 kB
SwapFree:        3145724 kB
Dirty:               856 kB
Writeback:             0 kB
AnonPages:       1252480 kB
Mapped:           857092 kB
Shmem:             27876 kB
KReclaimable:     704272 kB
Slab:             224544 kB
SReclaimable:      80068 kB
SUnreclaim:       144476 kB
KernelStack:       46160 kB
PageTables:        62756 kB
NFS_Unstable:          0 kB
Bounce:                0 kB
WritebackTmp:          0 kB
CommitLimit:     9202288 kB
Committed_AS:   66061720 kB
VmallocTotal:   263061440 kB
VmallocUsed:      103116 kB
VmallocChunk:          0 kB
Percpu:             7648 kB
CmaTotal:         294912 kB
CmaFree:               0 kB
MemTotal:       12113132 kB
MemFree:         6384844 kB
MemAvailable:    8106024 kB
Buffers:            6512 kB
Cached:          1911476 kB
SwapCached:            0 kB
Active:          1500004 kB
Inactive:        1665372 kB
Active(anon):    1253836 kB
Inactive(anon):    25928 kB
Active(file):     246168 kB
Inactive(file):  1639444 kB
Unevictable:        5552 kB
Mlocked:            5552 kB
SwapTotal:       3145724 kB
SwapFree:        3145724 kB
Dirty:               884 kB
Writeback:             0 kB
AnonPages:       1253060 kB
Mapped:           857092 kB
Shmem:             27876 kB
KReclaimable:     704272 kB
Slab:             224536 kB
SReclaimable:      80068 kB
SUnreclaim:       144468 kB
KernelStack:       46160 kB
PageTables:        62752 kB
NFS_Unstable:          0 kB
Bounce:                0 kB
WritebackTmp:          0 kB
CommitLimit:     9202288 kB
Committed_AS:   66066924 kB
VmallocTotal:   263061440 kB
VmallocUsed:      103148 kB
VmallocChunk:          0 kB
Percpu:             7648 kB
CmaTotal:         294912 kB
CmaFree:               0 kB
MemTotal:       12113132 kB
MemFree:         6385096 kB
MemAvailable:    8106288 kB
Buffers:            6512 kB
Cached:          1911488 kB
SwapCached:            0 kB
Active:          1499472 kB
Inactive:        1665384 kB
Active(anon):    1253304 kB
Inactive(anon):    25928 kB
Active(file):     246168 kB
Inactive(file):  1639456 kB
Unevictable:        5552 kB
Mlocked:            5552 kB
SwapTotal:       3145724 kB
SwapFree:        3145724 kB
Dirty:               896 kB
Writeback:             0 kB
AnonPages:       1252572 kB
Mapped:           857092 kB
Shmem:             27876 kB
KReclaimable:     704272 kB
Slab:             224556 kB
SReclaimable:      80068 kB
SUnreclaim:       144488 kB
KernelStack:       46160 kB
PageTables:        62752 kB
NFS_Unstable:          0 kB
Bounce:                0 kB
WritebackTmp:          0 kB
CommitLimit:     9202288 kB
Committed_AS:   66066412 kB
VmallocTotal:   263061440 kB
VmallocUsed:      103164 kB
VmallocChunk:          0 kB
Percpu:             7648 kB
CmaTotal:         294912 kB
CmaFree:              64 kB
MemTotal:       12113132 kB
MemFree:         6374880 kB
MemAvailable:    8096076 kB
Buffers:            6512 kB
Cached:          1920316 kB
SwapCached:            0 kB
Active:          1500256 kB
Inactive:        1674208 kB
Active(anon):    1254088 kB
Inactive(anon):    34748 kB
Active(file):     246168 kB
Inactive(file):  1639460 kB
Unevictable:        5552 kB
Mlocked:            5552 kB
SwapTotal:       3145724 kB
SwapFree:        3145724 kB
Dirty:               912 kB
Writeback:             0 kB
AnonPages:       1249384 kB
Mapped:           865908 kB
Shmem:             36700 kB
KReclaimable:     704272 kB
Slab:             224556 kB
SReclaimable:      80068 kB
SUnreclaim:       144488 kB
KernelStack:       46160 kB
PageTables:        62776 kB
NFS_Unstable:          0 kB
Bounce:                0 kB
WritebackTmp:          0 kB
CommitLimit:     9202288 kB
Committed_AS:   66067892 kB
VmallocTotal:   263061440 kB
VmallocUsed:      103196 kB
VmallocChunk:          0 kB
Percpu:             7648 kB
CmaTotal:         294912 kB
CmaFree:               0 kB
MemTotal:       12113132 kB
MemFree:         6384368 kB
MemAvailable:    8105576 kB
Buffers:            6512 kB
Cached:          1911504 kB
SwapCached:            0 kB
Active:          1501092 kB
Inactive:        1665400 kB
Active(anon):    1254924 kB
Inactive(anon):    25928 kB
Active(file):     246168 kB
Inactive(file):  1639472 kB
Unevictable:        5552 kB
Mlocked:            5552 kB
SwapTotal:       3145724 kB
SwapFree:        3145724 kB
Dirty:               924 kB
Writeback:             0 kB
AnonPages:       1254052 kB
Mapped:           857092 kB
Shmem:             27876 kB
KReclaimable:     704272 kB
Slab:             224548 kB
SReclaimable:      80068 kB
SUnreclaim:       144480 kB
KernelStack:       46160 kB
PageTables:        62764 kB
NFS_Unstable:          0 kB
Bounce:                0 kB
WritebackTmp:          0 kB
CommitLimit:     9202288 kB
Committed_AS:   66055020 kB
VmallocTotal:   263061440 kB
VmallocUsed:      103212 kB
VmallocChunk:          0 kB
Percpu:             7648 kB
CmaTotal:         294912 kB
CmaFree:               0 kB
MemTotal:       12113132 kB
MemFree:         6383596 kB
MemAvailable:    8104820 kB
Buffers:            6512 kB
Cached:          1911520 kB
SwapCached:            0 kB
Active:          1501580 kB
Inactive:        1665416 kB
Active(anon):    1255412 kB
Inactive(anon):    25928 kB
Active(file):     246168 kB
Inactive(file):  1639488 kB
Unevictable:        5552 kB
Mlocked:            5552 kB
SwapTotal:       3145724 kB
SwapFree:        3145724 kB
Dirty:               860 kB
Writeback:             0 kB
AnonPages:       1254332 kB
Mapped:           857092 kB
Shmem:             27876 kB
KReclaimable:     704272 kB
Slab:             224568 kB
SReclaimable:      80068 kB
SUnreclaim:       144500 kB
KernelStack:       46160 kB
PageTables:        62760 kB
NFS_Unstable:          0 kB
Bounce:                0 kB
WritebackTmp:          0 kB
CommitLimit:     9202288 kB
Committed_AS:   66050976 kB
VmallocTotal:   263061440 kB
VmallocUsed:      103180 kB
VmallocChunk:          0 kB
Percpu:             7648 kB
CmaTotal:         294912 kB
CmaFree:               0 kB
MemTotal:       12113132 kB
MemFree:         6382680 kB
MemAvailable:    8103936 kB
Buffers:            6516 kB
Cached:          1911548 kB
SwapCached:            0 kB
Active:          1503004 kB
Inactive:        1665444 kB
Active(anon):    1256832 kB
Inactive(anon):    25928 kB
Active(file):     246172 kB
Inactive(file):  1639516 kB
Unevictable:        5552 kB
Mlocked:            5552 kB
SwapTotal:       3145724 kB
SwapFree:        3145724 kB
Dirty:               856 kB
Writeback:             0 kB
AnonPages:       1256036 kB
Mapped:           857092 kB
Shmem:             27876 kB
KReclaimable:     704272 kB
Slab:             224560 kB
SReclaimable:      80068 kB
SUnreclaim:       144492 kB
KernelStack:       46192 kB
PageTables:        62760 kB
NFS_Unstable:          0 kB
Bounce:                0 kB
WritebackTmp:          0 kB
CommitLimit:     9202288 kB
Committed_AS:   66058756 kB
VmallocTotal:   263061440 kB
VmallocUsed:      103164 kB
VmallocChunk:          0 kB
Percpu:             7648 kB
CmaTotal:         294912 kB
CmaFree:               0 kB
MemTotal:       12113132 kB
MemFree:         6382844 kB
MemAvailable:    8104116 kB
Buffers:            6516 kB
Cached:          1911564 kB
SwapCached:            0 kB
Active:          1503332 kB
Inactive:        1665460 kB
Active(anon):    1257160 kB
Inactive(anon):    25928 kB
Active(file):     246172 kB
Inactive(file):  1639532 kB
Unevictable:        5552 kB
Mlocked:            5552 kB
SwapTotal:       3145724 kB
SwapFree:        3145724 kB
Dirty:               876 kB
Writeback:             0 kB
AnonPages:       1256288 kB
Mapped:           857092 kB
Shmem:             27876 kB
KReclaimable:     704272 kB
Slab:             224564 kB
SReclaimable:      80068 kB
SUnreclaim:       144496 kB
KernelStack:       46192 kB
PageTables:        62764 kB
NFS_Unstable:          0 kB
Bounce:                0 kB
WritebackTmp:          0 kB
CommitLimit:     9202288 kB
Committed_AS:   66054844 kB
VmallocTotal:   263061440 kB
VmallocUsed:      103180 kB
VmallocChunk:          0 kB
Percpu:             7648 kB
CmaTotal:         294912 kB
CmaFree:               0 kB
MemTotal:       12113132 kB
MemFree:         6380656 kB
MemAvailable:    8101932 kB
Buffers:            6516 kB
Cached:          1911568 kB
SwapCached:            0 kB
Active:          1505016 kB
Inactive:        1665464 kB
Active(anon):    1258844 kB
Inactive(anon):    25928 kB
Active(file):     246172 kB
Inactive(file):  1639536 kB
Unevictable:        5552 kB
Mlocked:            5552 kB
SwapTotal:       3145724 kB
SwapFree:        3145724 kB
Dirty:               880 kB
Writeback:             0 kB
AnonPages:       1257996 kB
Mapped:           857092 kB
Shmem:             27876 kB
KReclaimable:     704272 kB
Slab:             224564 kB
SReclaimable:      80068 kB
SUnreclaim:       144496 kB
KernelStack:       46192 kB
PageTables:        62752 kB
NFS_Unstable:          0 kB
Bounce:                0 kB
WritebackTmp:          0 kB
CommitLimit:     9202288 kB
Committed_AS:   66058624 kB
VmallocTotal:   263061440 kB
VmallocUsed:      103180 kB
VmallocChunk:          0 kB
Percpu:             7648 kB
CmaTotal:         294912 kB
CmaFree:               0 kB
MemTotal:       12113132 kB
MemFree:         6379544 kB
MemAvailable:    8100836 kB
Buffers:            6516 kB
Cached:          1911584 kB
SwapCached:            0 kB
Active:          1506016 kB
Inactive:        1665480 kB
Active(anon):    1259844 kB
Inactive(anon):    25928 kB
Active(file):     246172 kB
Inactive(file):  1639552 kB
Unevictable:        5552 kB
Mlocked:            5552 kB
SwapTotal:       3145724 kB
SwapFree:        3145724 kB
Dirty:               952 kB
Writeback:             0 kB
AnonPages:       1259076 kB
Mapped:           857092 kB
Shmem:             27876 kB
KReclaimable:     704272 kB
Slab:             224580 kB
SReclaimable:      80068 kB
SUnreclaim:       144512 kB
KernelStack:       46192 kB
PageTables:        62760 kB
NFS_Unstable:          0 kB
Bounce:                0 kB
WritebackTmp:          0 kB
CommitLimit:     9202288 kB
Committed_AS:   66053164 kB
VmallocTotal:   263061440 kB
VmallocUsed:      103196 kB
VmallocChunk:          0 kB
Percpu:             7648 kB
CmaTotal:         294912 kB
CmaFree:               0 kB
MemTotal:       12113132 kB
MemFree:         6378756 kB
MemAvailable:    8100168 kB
Buffers:            6516 kB
Cached:          1911704 kB
SwapCached:            0 kB
Active:          1506140 kB
Inactive:        1665600 kB
Active(anon):    1259968 kB
Inactive(anon):    25928 kB
Active(file):     246172 kB
Inactive(file):  1639672 kB
Unevictable:        5552 kB
Mlocked:            5552 kB
SwapTotal:       3145724 kB
SwapFree:        3145724 kB
Dirty:               628 kB
Writeback:             0 kB
AnonPages:       1259048 kB
Mapped:           857092 kB
Shmem:             27876 kB
KReclaimable:     704272 kB
Slab:             224560 kB
SReclaimable:      80068 kB
SUnreclaim:       144492 kB
KernelStack:       46192 kB
PageTables:        62752 kB
NFS_Unstable:          0 kB
Bounce:                0 kB
WritebackTmp:          0 kB
CommitLimit:     9202288 kB
Committed_AS:   66058368 kB
VmallocTotal:   263061440 kB
VmallocUsed:      103164 kB
VmallocChunk:          0 kB
Percpu:             7648 kB
CmaTotal:         294912 kB
CmaFree:               0 kB
MemTotal:       12113132 kB
MemFree:         6377864 kB
MemAvailable:    8099288 kB
Buffers:            6516 kB
Cached:          1911716 kB
SwapCached:            0 kB
Active:          1507200 kB
Inactive:        1665612 kB
Active(anon):    1261028 kB
Inactive(anon):    25928 kB
Active(file):     246172 kB
Inactive(file):  1639684 kB
Unevictable:        5552 kB
Mlocked:            5552 kB
SwapTotal:       3145724 kB
SwapFree:        3145724 kB
Dirty:               640 kB
Writeback:             0 kB
AnonPages:       1260388 kB
Mapped:           857092 kB
Shmem:             27876 kB
KReclaimable:     704272 kB
Slab:             224568 kB
SReclaimable:      80068 kB
SUnreclaim:       144500 kB
KernelStack:       46192 kB
PageTables:        62756 kB
NFS_Unstable:          0 kB
Bounce:                0 kB
WritebackTmp:          0 kB
CommitLimit:     9202288 kB
Committed_AS:   66054588 kB
VmallocTotal:   263061440 kB
VmallocUsed:      103180 kB
VmallocChunk:          0 kB
Percpu:             7648 kB
CmaTotal:         294912 kB
CmaFree:               0 kB
MemTotal:       12113132 kB
MemFree:         6376284 kB
MemAvailable:    8097720 kB
Buffers:            6516 kB
Cached:          1911728 kB
SwapCached:            0 kB
Active:          1507940 kB
Inactive:        1665624 kB
Active(anon):    1261768 kB
Inactive(anon):    25928 kB
Active(file):     246172 kB
Inactive(file):  1639696 kB
Unevictable:        5552 kB
Mlocked:            5552 kB
SwapTotal:       3145724 kB
SwapFree:        3145724 kB
Dirty:               680 kB
Writeback:             0 kB
AnonPages:       1261056 kB
Mapped:           857092 kB
Shmem:             27876 kB
KReclaimable:     704272 kB
Slab:             224564 kB
SReclaimable:      80068 kB
SUnreclaim:       144496 kB
KernelStack:       46192 kB
PageTables:        62760 kB
NFS_Unstable:          0 kB
Bounce:                0 kB
WritebackTmp:          0 kB
CommitLimit:     9202288 kB
Committed_AS:   66055696 kB
VmallocTotal:   263061440 kB
VmallocUsed:      103196 kB
VmallocChunk:          0 kB
Percpu:             7648 kB
CmaTotal:         294912 kB
CmaFree:               0 kB
MemTotal:       12113132 kB
MemFree:         6375180 kB
MemAvailable:    8096628 kB
Buffers:            6516 kB
Cached:          1911740 kB
SwapCached:            0 kB
Active:          1508712 kB
Inactive:        1665640 kB
Active(anon):    1262544 kB
Inactive(anon):    25928 kB
Active(file):     246168 kB
Inactive(file):  1639712 kB
Unevictable:        5552 kB
Mlocked:            5552 kB
SwapTotal:       3145724 kB
SwapFree:        3145724 kB
Dirty:               692 kB
Writeback:             0 kB
AnonPages:       1261580 kB
Mapped:           857092 kB
Shmem:             27876 kB
KReclaimable:     704272 kB
Slab:             224564 kB
SReclaimable:      80068 kB
SUnreclaim:       144496 kB
KernelStack:       46192 kB
PageTables:        62760 kB
NFS_Unstable:          0 kB
Bounce:                0 kB
WritebackTmp:          0 kB
CommitLimit:     9202288 kB
Committed_AS:   66055608 kB
VmallocTotal:   263061440 kB
VmallocUsed:      103212 kB
VmallocChunk:          0 kB
Percpu:             7648 kB
CmaTotal:         294912 kB
CmaFree:               0 kB
MemTotal:       12113132 kB
MemFree:         6375152 kB
MemAvailable:    8096612 kB
Buffers:            6516 kB
Cached:          1911752 kB
SwapCached:            0 kB
Active:          1508792 kB
Inactive:        1665648 kB
Active(anon):    1262620 kB
Inactive(anon):    25928 kB
Active(file):     246172 kB
Inactive(file):  1639720 kB
Unevictable:        5552 kB
Mlocked:            5552 kB
SwapTotal:       3145724 kB
SwapFree:        3145724 kB
Dirty:               704 kB
Writeback:             0 kB
AnonPages:       1261748 kB
Mapped:           857092 kB
Shmem:             27876 kB
KReclaimable:     704272 kB
Slab:             224556 kB
SReclaimable:      80068 kB
SUnreclaim:       144488 kB
KernelStack:       46192 kB
PageTables:        62760 kB
NFS_Unstable:          0 kB
Bounce:                0 kB
WritebackTmp:          0 kB
CommitLimit:     9202288 kB
Committed_AS:   66051552 kB
VmallocTotal:   263061440 kB
VmallocUsed:      103196 kB
VmallocChunk:          0 kB
Percpu:             7648 kB
CmaTotal:         294912 kB
CmaFree:               0 kB
MemTotal:       12113132 kB
MemFree:         6401280 kB
MemAvailable:    8122760 kB
Buffers:            6520 kB
Cached:          1911768 kB
SwapCached:            0 kB
Active:          1481952 kB
Inactive:        1665664 kB
Active(anon):    1235776 kB
Inactive(anon):    25928 kB
Active(file):     246176 kB
Inactive(file):  1639736 kB
Unevictable:        5552 kB
Mlocked:            5552 kB
SwapTotal:       3145724 kB
SwapFree:        3145724 kB
Dirty:               676 kB
Writeback:             0 kB
AnonPages:       1234744 kB
Mapped:           857092 kB
Shmem:             27876 kB
KReclaimable:     704272 kB
Slab:             224536 kB
SReclaimable:      80068 kB
SUnreclaim:       144468 kB
KernelStack:       46192 kB
PageTables:        62752 kB
NFS_Unstable:          0 kB
Bounce:                0 kB
WritebackTmp:          0 kB
CommitLimit:     9202288 kB
Committed_AS:   66055528 kB
VmallocTotal:   263061440 kB
VmallocUsed:      103180 kB
VmallocChunk:          0 kB
Percpu:             7648 kB
CmaTotal:         294912 kB
CmaFree:             208 kB
MemTotal:       12113132 kB
MemFree:         6401504 kB
MemAvailable:    8122996 kB
Buffers:            6520 kB
Cached:          1911780 kB
SwapCached:            0 kB
Active:          1482304 kB
Inactive:        1665676 kB
Active(anon):    1236128 kB
Inactive(anon):    25928 kB
Active(file):     246176 kB
Inactive(file):  1639748 kB
Unevictable:        5552 kB
Mlocked:            5552 kB
SwapTotal:       3145724 kB
SwapFree:        3145724 kB
Dirty:               688 kB
Writeback:             0 kB
AnonPages:       1235368 kB
Mapped:           857092 kB
Shmem:             27876 kB
KReclaimable:     704272 kB
Slab:             224536 kB
SReclaimable:      80068 kB
SUnreclaim:       144468 kB
KernelStack:       46192 kB
PageTables:        62756 kB
NFS_Unstable:          0 kB
Bounce:                0 kB
WritebackTmp:          0 kB
CommitLimit:     9202288 kB
Committed_AS:   66055076 kB
VmallocTotal:   263061440 kB
VmallocUsed:      103196 kB
VmallocChunk:          0 kB
Percpu:             7648 kB
CmaTotal:         294912 kB
CmaFree:               0 kB
MemTotal:       12113132 kB
MemFree:         6401604 kB
MemAvailable:    8123112 kB
Buffers:            6520 kB
Cached:          1911796 kB
SwapCached:            0 kB
Active:          1482848 kB
Inactive:        1665692 kB
Active(anon):    1236672 kB
Inactive(anon):    25928 kB
Active(file):     246176 kB
Inactive(file):  1639764 kB
Unevictable:        5552 kB
Mlocked:            5552 kB
SwapTotal:       3145724 kB
SwapFree:        3145724 kB
Dirty:               704 kB
Writeback:             0 kB
AnonPages:       1235772 kB
Mapped:           857092 kB
Shmem:             27876 kB
KReclaimable:     704272 kB
Slab:             224544 kB
SReclaimable:      80068 kB
SUnreclaim:       144476 kB
KernelStack:       46208 kB
PageTables:        62892 kB
NFS_Unstable:          0 kB
Bounce:                0 kB
WritebackTmp:          0 kB
CommitLimit:     9202288 kB
Committed_AS:   66049644 kB
VmallocTotal:   263061440 kB
VmallocUsed:      103196 kB
VmallocChunk:          0 kB
Percpu:             7648 kB
CmaTotal:         294912 kB
CmaFree:               0 kB
MemTotal:       12113132 kB
MemFree:         6401844 kB
MemAvailable:    8123360 kB
Buffers:            6520 kB
Cached:          1911804 kB
SwapCached:            0 kB
Active:          1483676 kB
Inactive:        1665700 kB
Active(anon):    1237500 kB
Inactive(anon):    25928 kB
Active(file):     246176 kB
Inactive(file):  1639772 kB
Unevictable:        5552 kB
Mlocked:            5552 kB
SwapTotal:       3145724 kB
SwapFree:        3145724 kB
Dirty:               732 kB
Writeback:             0 kB
AnonPages:       1236784 kB
Mapped:           857092 kB
Shmem:             27876 kB
KReclaimable:     704272 kB
Slab:             224552 kB
SReclaimable:      80068 kB
SUnreclaim:       144484 kB
KernelStack:       46176 kB
PageTables:        62756 kB
NFS_Unstable:          0 kB
Bounce:                0 kB
WritebackTmp:          0 kB
CommitLimit:     9202288 kB
Committed_AS:   66049592 kB
VmallocTotal:   263061440 kB
VmallocUsed:      103196 kB
VmallocChunk:          0 kB
Percpu:             7648 kB
CmaTotal:         294912 kB
CmaFree:               0 kB
MemTotal:       12113132 kB
MemFree:         6401740 kB
MemAvailable:    8123260 kB
Buffers:            6520 kB
Cached:          1911808 kB
SwapCached:            0 kB
Active:          1483924 kB
Inactive:        1665708 kB
Active(anon):    1237752 kB
Inactive(anon):    25928 kB
Active(file):     246172 kB
Inactive(file):  1639780 kB
Unevictable:        5552 kB
Mlocked:            5552 kB
SwapTotal:       3145724 kB
SwapFree:        3145724 kB
Dirty:               748 kB
Writeback:             0 kB
AnonPages:       1236872 kB
Mapped:           857092 kB
Shmem:             27876 kB
KReclaimable:     704272 kB
Slab:             224556 kB
SReclaimable:      80068 kB
SUnreclaim:       144488 kB
KernelStack:       46224 kB
PageTables:        62772 kB
NFS_Unstable:          0 kB
Bounce:                0 kB
WritebackTmp:          0 kB
CommitLimit:     9202288 kB
Committed_AS:   66051400 kB
VmallocTotal:   263061440 kB
VmallocUsed:      103132 kB
VmallocChunk:          0 kB
Percpu:             7648 kB
CmaTotal:         294912 kB
CmaFree:              28 kB
MemTotal:       12113132 kB
MemFree:         6400560 kB
MemAvailable:    8122100 kB
Buffers:            6520 kB
Cached:          1911828 kB
SwapCached:            0 kB
Active:          1484420 kB
Inactive:        1665724 kB
Active(anon):    1238244 kB
Inactive(anon):    25928 kB
Active(file):     246176 kB
Inactive(file):  1639796 kB
Unevictable:        5552 kB
Mlocked:            5552 kB
SwapTotal:       3145724 kB
SwapFree:        3145724 kB
Dirty:               804 kB
Writeback:             0 kB
AnonPages:       1237124 kB
Mapped:           857096 kB
Shmem:             27876 kB
KReclaimable:     704272 kB
Slab:             224560 kB
SReclaimable:      80068 kB
SUnreclaim:       144492 kB
KernelStack:       46176 kB
PageTables:        62768 kB
NFS_Unstable:          0 kB
Bounce:                0 kB
WritebackTmp:          0 kB
CommitLimit:     9202288 kB
Committed_AS:   66055920 kB
VmallocTotal:   263061440 kB
VmallocUsed:      103196 kB
VmallocChunk:          0 kB
Percpu:             7648 kB
CmaTotal:         294912 kB
CmaFree:               0 kB
MemTotal:       12113132 kB
MemFree:         6399660 kB
MemAvailable:    8121228 kB
Buffers:            6524 kB
Cached:          1911852 kB
SwapCached:            0 kB
Active:          1485192 kB
Inactive:        1665748 kB
Active(anon):    1239012 kB
Inactive(anon):    25928 kB
Active(file):     246180 kB
Inactive(file):  1639820 kB
Unevictable:        5552 kB
Mlocked:            5552 kB
SwapTotal:       3145724 kB
SwapFree:        3145724 kB
Dirty:               848 kB
Writeback:             0 kB
AnonPages:       1237948 kB
Mapped:           857092 kB
Shmem:             27876 kB
KReclaimable:     704272 kB
Slab:             224560 kB
SReclaimable:      80068 kB
SUnreclaim:       144492 kB
KernelStack:       46176 kB
PageTables:        62764 kB
NFS_Unstable:          0 kB
Bounce:                0 kB
WritebackTmp:          0 kB
CommitLimit:     9202288 kB
Committed_AS:   66051072 kB
VmallocTotal:   263061440 kB
VmallocUsed:      103196 kB
VmallocChunk:          0 kB
Percpu:             7648 kB
CmaTotal:         294912 kB
CmaFree:               0 kB
MemTotal:       12113132 kB
MemFree:         6415912 kB
MemAvailable:    8137496 kB
Buffers:            6524 kB
Cached:          1911868 kB
SwapCached:            0 kB
Active:          1467776 kB
Inactive:        1665764 kB
Active(anon):    1221596 kB
Inactive(anon):    25928 kB
Active(file):     246180 kB
Inactive(file):  1639836 kB
Unevictable:        5552 kB
Mlocked:            5552 kB
SwapTotal:       3145724 kB
SwapFree:        3145724 kB
Dirty:               864 kB
Writeback:             0 kB
AnonPages:       1220688 kB
Mapped:           857092 kB
Shmem:             27876 kB
KReclaimable:     704272 kB
Slab:             224560 kB
SReclaimable:      80068 kB
SUnreclaim:       144492 kB
KernelStack:       46176 kB
PageTables:        62760 kB
NFS_Unstable:          0 kB
Bounce:                0 kB
WritebackTmp:          0 kB
CommitLimit:     9202288 kB
Committed_AS:   66055576 kB
VmallocTotal:   263061440 kB
VmallocUsed:      103196 kB
VmallocChunk:          0 kB
Percpu:             7648 kB
CmaTotal:         294912 kB
CmaFree:               0 kB
MemTotal:       12113132 kB
MemFree:         6414968 kB
MemAvailable:    8136556 kB
Buffers:            6524 kB
Cached:          1911872 kB
SwapCached:            0 kB
Active:          1469168 kB
Inactive:        1665768 kB
Active(anon):    1222988 kB
Inactive(anon):    25928 kB
Active(file):     246180 kB
Inactive(file):  1639840 kB
Unevictable:        5552 kB
Mlocked:            5552 kB
SwapTotal:       3145724 kB
SwapFree:        3145724 kB
Dirty:               868 kB
Writeback:             0 kB
AnonPages:       1221896 kB
Mapped:           857092 kB
Shmem:             27876 kB
KReclaimable:     704272 kB
Slab:             224564 kB
SReclaimable:      80068 kB
SUnreclaim:       144496 kB
KernelStack:       46256 kB
PageTables:        62764 kB
NFS_Unstable:          0 kB
Bounce:                0 kB
WritebackTmp:          0 kB
CommitLimit:     9202288 kB
Committed_AS:   66055676 kB
VmallocTotal:   263061440 kB
VmallocUsed:      103228 kB
VmallocChunk:          0 kB
Percpu:             7648 kB
CmaTotal:         294912 kB
CmaFree:               0 kB
MemTotal:       12113132 kB
MemFree:         6414240 kB
MemAvailable:    8135848 kB
Buffers:            6524 kB
Cached:          1911892 kB
SwapCached:            0 kB
Active:          1469568 kB
Inactive:        1665788 kB
Active(anon):    1223388 kB
Inactive(anon):    25928 kB
Active(file):     246180 kB
Inactive(file):  1639860 kB
Unevictable:        5552 kB
Mlocked:            5552 kB
SwapTotal:       3145724 kB
SwapFree:        3145724 kB
Dirty:               904 kB
Writeback:             0 kB
AnonPages:       1222780 kB
Mapped:           857092 kB
Shmem:             27876 kB
KReclaimable:     704272 kB
Slab:             224564 kB
SReclaimable:      80068 kB
SUnreclaim:       144496 kB
KernelStack:       46272 kB
PageTables:        62888 kB
NFS_Unstable:          0 kB
Bounce:                0 kB
WritebackTmp:          0 kB
CommitLimit:     9202288 kB
Committed_AS:   66050300 kB
VmallocTotal:   263061440 kB
VmallocUsed:      103244 kB
VmallocChunk:          0 kB
Percpu:             7648 kB
CmaTotal:         294912 kB
CmaFree:               0 kB
MemTotal:       12113132 kB
MemFree:         6413360 kB
MemAvailable:    8134980 kB
Buffers:            6524 kB
Cached:          1911904 kB
SwapCached:            0 kB
Active:          1470316 kB
Inactive:        1665800 kB
Active(anon):    1224136 kB
Inactive(anon):    25928 kB
Active(file):     246180 kB
Inactive(file):  1639872 kB
Unevictable:        5552 kB
Mlocked:            5552 kB
SwapTotal:       3145724 kB
SwapFree:        3145724 kB
Dirty:               776 kB
Writeback:             0 kB
AnonPages:       1223408 kB
Mapped:           857092 kB
Shmem:             27876 kB
KReclaimable:     704272 kB
Slab:             224568 kB
SReclaimable:      80068 kB
SUnreclaim:       144500 kB
KernelStack:       46256 kB
PageTables:        62760 kB
NFS_Unstable:          0 kB
Bounce:                0 kB
WritebackTmp:          0 kB
CommitLimit:     9202288 kB
Committed_AS:   66050784 kB
VmallocTotal:   263061440 kB
VmallocUsed:      103292 kB
VmallocChunk:          0 kB
Percpu:             7648 kB
CmaTotal:         294912 kB
CmaFree:               0 kB
MemTotal:       12113132 kB
MemFree:         6414728 kB
MemAvailable:    8136352 kB
Buffers:            6524 kB
Cached:          1911908 kB
SwapCached:            0 kB
Active:          1469008 kB
Inactive:        1665808 kB
Active(anon):    1222832 kB
Inactive(anon):    25928 kB
Active(file):     246176 kB
Inactive(file):  1639880 kB
Unevictable:        5552 kB
Mlocked:            5552 kB
SwapTotal:       3145724 kB
SwapFree:        3145724 kB
Dirty:               784 kB
Writeback:             0 kB
AnonPages:       1222104 kB
Mapped:           857092 kB
Shmem:             27876 kB
KReclaimable:     704272 kB
Slab:             224572 kB
SReclaimable:      80068 kB
SUnreclaim:       144504 kB
KernelStack:       46256 kB
PageTables:        62756 kB
NFS_Unstable:          0 kB
Bounce:                0 kB
WritebackTmp:          0 kB
CommitLimit:     9202288 kB
Committed_AS:   66050616 kB
VmallocTotal:   263061440 kB
VmallocUsed:      103292 kB
VmallocChunk:          0 kB
Percpu:             7648 kB
CmaTotal:         294912 kB
CmaFree:               0 kB
MemTotal:       12113132 kB
MemFree:         6415232 kB
MemAvailable:    8136872 kB
Buffers:            6524 kB
Cached:          1911924 kB
SwapCached:            0 kB
Active:          1469472 kB
Inactive:        1665820 kB
Active(anon):    1223292 kB
Inactive(anon):    25928 kB
Active(file):     246180 kB
Inactive(file):  1639892 kB
Unevictable:        5552 kB
Mlocked:            5552 kB
SwapTotal:       3145724 kB
SwapFree:        3145724 kB
Dirty:               808 kB
Writeback:             0 kB
AnonPages:       1222516 kB
Mapped:           857092 kB
Shmem:             27876 kB
KReclaimable:     704272 kB
Slab:             224572 kB
SReclaimable:      80068 kB
SUnreclaim:       144504 kB
KernelStack:       46256 kB
PageTables:        62760 kB
NFS_Unstable:          0 kB
Bounce:                0 kB
WritebackTmp:          0 kB
CommitLimit:     9202288 kB
Committed_AS:   66055960 kB
VmallocTotal:   263061440 kB
VmallocUsed:      103260 kB
VmallocChunk:          0 kB
Percpu:             7648 kB
CmaTotal:         294912 kB
CmaFree:               0 kB
MemTotal:       12113132 kB
MemFree:         6414880 kB
MemAvailable:    8136532 kB
Buffers:            6524 kB
Cached:          1911936 kB
SwapCached:            0 kB
Active:          1469952 kB
Inactive:        1665832 kB
Active(anon):    1223772 kB
Inactive(anon):    25928 kB
Active(file):     246180 kB
Inactive(file):  1639904 kB
Unevictable:        5552 kB
Mlocked:            5552 kB
SwapTotal:       3145724 kB
SwapFree:        3145724 kB
Dirty:               820 kB
Writeback:             0 kB
AnonPages:       1222928 kB
Mapped:           857092 kB
Shmem:             27876 kB
KReclaimable:     704272 kB
Slab:             224576 kB
SReclaimable:      80068 kB
SUnreclaim:       144508 kB
KernelStack:       46272 kB
PageTables:        62844 kB
NFS_Unstable:          0 kB
Bounce:                0 kB
WritebackTmp:          0 kB
CommitLimit:     9202288 kB
Committed_AS:   66050996 kB
VmallocTotal:   263061440 kB
VmallocUsed:      103244 kB
VmallocChunk:          0 kB
Percpu:             7648 kB
CmaTotal:         294912 kB
CmaFree:               4 kB
MemTotal:       12113132 kB
MemFree:         6414560 kB
MemAvailable:    8136228 kB
Buffers:            6524 kB
Cached:          1911952 kB
SwapCached:            0 kB
Active:          1470420 kB
Inactive:        1665848 kB
Active(anon):    1224240 kB
Inactive(anon):    25928 kB
Active(file):     246180 kB
Inactive(file):  1639920 kB
Unevictable:        5552 kB
Mlocked:            5552 kB
SwapTotal:       3145724 kB
SwapFree:        3145724 kB
Dirty:               836 kB
Writeback:             0 kB
AnonPages:       1223344 kB
Mapped:           857092 kB
Shmem:             27876 kB
KReclaimable:     704272 kB
Slab:             224576 kB
SReclaimable:      80068 kB
SUnreclaim:       144508 kB
KernelStack:       46224 kB
PageTables:        62756 kB
NFS_Unstable:          0 kB
Bounce:                0 kB
WritebackTmp:          0 kB
CommitLimit:     9202288 kB
Committed_AS:   66055460 kB
VmallocTotal:   263061440 kB
VmallocUsed:      103228 kB
VmallocChunk:          0 kB
Percpu:             7648 kB
CmaTotal:         294912 kB
CmaFree:               0 kB
MemTotal:       12113132 kB
MemFree:         6426032 kB
MemAvailable:    8147712 kB
Buffers:            6524 kB
Cached:          1911964 kB
SwapCached:            0 kB
Active:          1456900 kB
Inactive:        1665860 kB
Active(anon):    1210720 kB
Inactive(anon):    25928 kB
Active(file):     246180 kB
Inactive(file):  1639932 kB
Unevictable:        5552 kB
Mlocked:            5552 kB
SwapTotal:       3145724 kB
SwapFree:        3145724 kB
Dirty:               480 kB
Writeback:             0 kB
AnonPages:       1209972 kB
Mapped:           857092 kB
Shmem:             27876 kB
KReclaimable:     704272 kB
Slab:             224576 kB
SReclaimable:      80068 kB
SUnreclaim:       144508 kB
KernelStack:       46224 kB
PageTables:        62760 kB
NFS_Unstable:          0 kB
Bounce:                0 kB
WritebackTmp:          0 kB
CommitLimit:     9202288 kB
Committed_AS:   66055060 kB
VmallocTotal:   263061440 kB
VmallocUsed:      103244 kB
VmallocChunk:          0 kB
Percpu:             7648 kB
CmaTotal:         294912 kB
CmaFree:               0 kB
MemTotal:       12113132 kB
MemFree:         6425732 kB
MemAvailable:    8147432 kB
Buffers:            6524 kB
Cached:          1911984 kB
SwapCached:            0 kB
Active:          1457980 kB
Inactive:        1665880 kB
Active(anon):    1211800 kB
Inactive(anon):    25928 kB
Active(file):     246180 kB
Inactive(file):  1639952 kB
Unevictable:        5552 kB
Mlocked:            5552 kB
SwapTotal:       3145724 kB
SwapFree:        3145724 kB
Dirty:               536 kB
Writeback:             0 kB
AnonPages:       1210992 kB
Mapped:           857092 kB
Shmem:             27876 kB
KReclaimable:     704272 kB
Slab:             224580 kB
SReclaimable:      80068 kB
SUnreclaim:       144512 kB
KernelStack:       46224 kB
PageTables:        62756 kB
NFS_Unstable:          0 kB
Bounce:                0 kB
WritebackTmp:          0 kB
CommitLimit:     9202288 kB
Committed_AS:   66054664 kB
VmallocTotal:   263061440 kB
VmallocUsed:      103228 kB
VmallocChunk:          0 kB
Percpu:             7648 kB
CmaTotal:         294912 kB
CmaFree:               0 kB
MemTotal:       12113132 kB
MemFree:         6425668 kB
MemAvailable:    8147376 kB
Buffers:            6524 kB
Cached:          1911992 kB
SwapCached:            0 kB
Active:          1458696 kB
Inactive:        1665888 kB
Active(anon):    1212516 kB
Inactive(anon):    25928 kB
Active(file):     246180 kB
Inactive(file):  1639960 kB
Unevictable:        5552 kB
Mlocked:            5552 kB
SwapTotal:       3145724 kB
SwapFree:        3145724 kB
Dirty:               544 kB
Writeback:             0 kB
AnonPages:       1211816 kB
Mapped:           857092 kB
Shmem:             27876 kB
KReclaimable:     704272 kB
Slab:             224580 kB
SReclaimable:      80068 kB
SUnreclaim:       144512 kB
KernelStack:       46224 kB
PageTables:        62772 kB
NFS_Unstable:          0 kB
Bounce:                0 kB
WritebackTmp:          0 kB
CommitLimit:     9202288 kB
Committed_AS:   66056004 kB
VmallocTotal:   263061440 kB
VmallocUsed:      103276 kB
VmallocChunk:          0 kB
Percpu:             7648 kB
CmaTotal:         294912 kB
CmaFree:               0 kB
MemTotal:       12113132 kB
MemFree:         6410964 kB
MemAvailable:    8132680 kB
Buffers:            6524 kB
Cached:          1919964 kB
SwapCached:            0 kB
Active:          1466568 kB
Inactive:        1673824 kB
Active(anon):    1220388 kB
Inactive(anon):    33856 kB
Active(file):     246180 kB
Inactive(file):  1639968 kB
Unevictable:        5552 kB
Mlocked:            5552 kB
SwapTotal:       3145724 kB
SwapFree:        3145724 kB
Dirty:               564 kB
Writeback:             0 kB
AnonPages:       1219524 kB
Mapped:           865056 kB
Shmem:             35840 kB
KReclaimable:     704272 kB
Slab:             224584 kB
SReclaimable:      80068 kB
SUnreclaim:       144516 kB
KernelStack:       46272 kB
PageTables:        62840 kB
NFS_Unstable:          0 kB
Bounce:                0 kB
WritebackTmp:          0 kB
CommitLimit:     9202288 kB
Committed_AS:   66065052 kB
VmallocTotal:   263061440 kB
VmallocUsed:      103244 kB
VmallocChunk:          0 kB
Percpu:             7648 kB
CmaTotal:         294912 kB
CmaFree:               0 kB
MemTotal:       12113132 kB
MemFree:         6399856 kB
MemAvailable:    8121580 kB
Buffers:            6524 kB
Cached:          1912008 kB
SwapCached:            0 kB
Active:          1484656 kB
Inactive:        1665904 kB
Active(anon):    1238476 kB
Inactive(anon):    25928 kB
Active(file):     246180 kB
Inactive(file):  1639976 kB
Unevictable:        5552 kB
Mlocked:            5552 kB
SwapTotal:       3145724 kB
SwapFree:        3145724 kB
Dirty:               572 kB
Writeback:             0 kB
AnonPages:       1237712 kB
Mapped:           857092 kB
Shmem:             27876 kB
KReclaimable:     704272 kB
Slab:             224584 kB
SReclaimable:      80068 kB
SUnreclaim:       144516 kB
KernelStack:       46256 kB
PageTables:        62768 kB
NFS_Unstable:          0 kB
Bounce:                0 kB
WritebackTmp:          0 kB
CommitLimit:     9202288 kB
Committed_AS:   66055616 kB
VmallocTotal:   263061440 kB
VmallocUsed:      103260 kB
VmallocChunk:          0 kB
Percpu:             7648 kB
CmaTotal:         294912 kB
CmaFree:               0 kB
MemTotal:       12113132 kB
MemFree:         6399384 kB
MemAvailable:    8121124 kB
Buffers:            6524 kB
Cached:          1912024 kB
SwapCached:            0 kB
Active:          1485172 kB
Inactive:        1665920 kB
Active(anon):    1238992 kB
Inactive(anon):    25928 kB
Active(file):     246180 kB
Inactive(file):  1639992 kB
Unevictable:        5552 kB
Mlocked:            5552 kB
SwapTotal:       3145724 kB
SwapFree:        3145724 kB
Dirty:               500 kB
Writeback:             0 kB
AnonPages:       1238148 kB
Mapped:           857092 kB
Shmem:             27876 kB
KReclaimable:     704272 kB
Slab:             224584 kB
SReclaimable:      80068 kB
SUnreclaim:       144516 kB
KernelStack:       46256 kB
PageTables:        62760 kB
NFS_Unstable:          0 kB
Bounce:                0 kB
WritebackTmp:          0 kB
CommitLimit:     9202288 kB
Committed_AS:   66056068 kB
VmallocTotal:   263061440 kB
VmallocUsed:      103260 kB
VmallocChunk:          0 kB
Percpu:             7648 kB
CmaTotal:         294912 kB
CmaFree:               0 kB
MemTotal:       12113132 kB
MemFree:         6397756 kB
MemAvailable:    8119536 kB
Buffers:            6532 kB
Cached:          1912056 kB
SwapCached:            0 kB
Active:          1486460 kB
Inactive:        1665952 kB
Active(anon):    1240272 kB
Inactive(anon):    25928 kB
Active(file):     246188 kB
Inactive(file):  1640024 kB
Unevictable:        5552 kB
Mlocked:            5552 kB
SwapTotal:       3145724 kB
SwapFree:        3145724 kB
Dirty:               416 kB
Writeback:             0 kB
AnonPages:       1239564 kB
Mapped:           857092 kB
Shmem:             27876 kB
KReclaimable:     704272 kB
Slab:             224588 kB
SReclaimable:      80068 kB
SUnreclaim:       144520 kB
KernelStack:       46256 kB
PageTables:        62768 kB
NFS_Unstable:          0 kB
Bounce:                0 kB
WritebackTmp:          0 kB
CommitLimit:     9202288 kB
Committed_AS:   66063604 kB
VmallocTotal:   263061440 kB
VmallocUsed:      103292 kB
VmallocChunk:          0 kB
Percpu:             7648 kB
CmaTotal:         294912 kB
CmaFree:               0 kB
MemTotal:       12113132 kB
MemFree:         6398164 kB
MemAvailable:    8119952 kB
Buffers:            6532 kB
Cached:          1912064 kB
SwapCached:            0 kB
Active:          1486864 kB
Inactive:        1665960 kB
Active(anon):    1240676 kB
Inactive(anon):    25928 kB
Active(file):     246188 kB
Inactive(file):  1640032 kB
Unevictable:        5552 kB
Mlocked:            5552 kB
SwapTotal:       3145724 kB
SwapFree:        3145724 kB
Dirty:               424 kB
Writeback:             0 kB
AnonPages:       1239588 kB
Mapped:           857092 kB
Shmem:             27876 kB
KReclaimable:     704272 kB
Slab:             224588 kB
SReclaimable:      80068 kB
SUnreclaim:       144520 kB
KernelStack:       46256 kB
PageTables:        62756 kB
NFS_Unstable:          0 kB
Bounce:                0 kB
WritebackTmp:          0 kB
CommitLimit:     9202288 kB
Committed_AS:   66063740 kB
VmallocTotal:   263061440 kB
VmallocUsed:      103260 kB
VmallocChunk:          0 kB
Percpu:             7648 kB
CmaTotal:         294912 kB
CmaFree:               0 kB
MemTotal:       12113132 kB
MemFree:         6397880 kB
MemAvailable:    8119676 kB
Buffers:            6532 kB
Cached:          1912072 kB
SwapCached:            0 kB
Active:          1487456 kB
Inactive:        1665968 kB
Active(anon):    1241268 kB
Inactive(anon):    25928 kB
Active(file):     246188 kB
Inactive(file):  1640040 kB
Unevictable:        5552 kB
Mlocked:            5552 kB
SwapTotal:       3145724 kB
SwapFree:        3145724 kB
Dirty:               432 kB
Writeback:             0 kB
AnonPages:       1240436 kB
Mapped:           857092 kB
Shmem:             27876 kB
KReclaimable:     704272 kB
Slab:             224592 kB
SReclaimable:      80068 kB
SUnreclaim:       144524 kB
KernelStack:       46256 kB
PageTables:        62760 kB
NFS_Unstable:          0 kB
Bounce:                0 kB
WritebackTmp:          0 kB
CommitLimit:     9202288 kB
Committed_AS:   66064084 kB
VmallocTotal:   263061440 kB
VmallocUsed:      103260 kB
VmallocChunk:          0 kB
Percpu:             7648 kB
CmaTotal:         294912 kB
CmaFree:               0 kB
MemTotal:       12113132 kB
MemFree:         6396564 kB
MemAvailable:    8118368 kB
Buffers:            6532 kB
Cached:          1912080 kB
SwapCached:            0 kB
Active:          1488140 kB
Inactive:        1665976 kB
Active(anon):    1241952 kB
Inactive(anon):    25928 kB
Active(file):     246188 kB
Inactive(file):  1640048 kB
Unevictable:        5552 kB
Mlocked:            5552 kB
SwapTotal:       3145724 kB
SwapFree:        3145724 kB
Dirty:               452 kB
Writeback:             0 kB
AnonPages:       1240760 kB
Mapped:           857092 kB
Shmem:             27876 kB
KReclaimable:     704272 kB
Slab:             224592 kB
SReclaimable:      80068 kB
SUnreclaim:       144524 kB
KernelStack:       46272 kB
PageTables:        62828 kB
NFS_Unstable:          0 kB
Bounce:                0 kB
WritebackTmp:          0 kB
CommitLimit:     9202288 kB
Committed_AS:   66050772 kB
VmallocTotal:   263061440 kB
VmallocUsed:      103244 kB
VmallocChunk:          0 kB
Percpu:             7648 kB
CmaTotal:         294912 kB
CmaFree:               0 kB
MemTotal:       12113132 kB
MemFree:         6395936 kB
MemAvailable:    8117764 kB
Buffers:            6532 kB
Cached:          1912104 kB
SwapCached:            0 kB
Active:          1488564 kB
Inactive:        1665996 kB
Active(anon):    1242372 kB
Inactive(anon):    25928 kB
Active(file):     246192 kB
Inactive(file):  1640068 kB
Unevictable:        5552 kB
Mlocked:            5552 kB
SwapTotal:       3145724 kB
SwapFree:        3145724 kB
Dirty:               480 kB
Writeback:             0 kB
AnonPages:       1241620 kB
Mapped:           857092 kB
Shmem:             27876 kB
KReclaimable:     704272 kB
Slab:             224600 kB
SReclaimable:      80068 kB
SUnreclaim:       144532 kB
KernelStack:       46256 kB
PageTables:        62764 kB
NFS_Unstable:          0 kB
Bounce:                0 kB
WritebackTmp:          0 kB
CommitLimit:     9202288 kB
Committed_AS:   66050184 kB
VmallocTotal:   263061440 kB
VmallocUsed:      103260 kB
VmallocChunk:          0 kB
Percpu:             7648 kB
CmaTotal:         294912 kB
CmaFree:               0 kB
MemTotal:       12113132 kB
MemFree:         6395120 kB
MemAvailable:    8116960 kB
Buffers:            6532 kB
Cached:          1912116 kB
SwapCached:            0 kB
Active:          1489376 kB
Inactive:        1666008 kB
Active(anon):    1243184 kB
Inactive(anon):    25928 kB
Active(file):     246192 kB
Inactive(file):  1640080 kB
Unevictable:        5552 kB
Mlocked:            5552 kB
SwapTotal:       3145724 kB
SwapFree:        3145724 kB
Dirty:               488 kB
Writeback:             0 kB
AnonPages:       1242292 kB
Mapped:           857092 kB
Shmem:             27876 kB
KReclaimable:     704272 kB
Slab:             224604 kB
SReclaimable:      80068 kB
SUnreclaim:       144536 kB
KernelStack:       46240 kB
PageTables:        62756 kB
NFS_Unstable:          0 kB
Bounce:                0 kB
WritebackTmp:          0 kB
CommitLimit:     9202288 kB
Committed_AS:   66049720 kB
VmallocTotal:   263061440 kB
VmallocUsed:      103228 kB
VmallocChunk:          0 kB
Percpu:             7648 kB
CmaTotal:         294912 kB
CmaFree:               0 kB
MemTotal:       12113132 kB
MemFree:         6393932 kB
MemAvailable:    8115784 kB
Buffers:            6532 kB
Cached:          1912132 kB
SwapCached:            0 kB
Active:          1490224 kB
Inactive:        1666024 kB
Active(anon):    1244032 kB
Inactive(anon):    25932 kB
Active(file):     246192 kB
Inactive(file):  1640092 kB
Unevictable:        5552 kB
Mlocked:            5552 kB
SwapTotal:       3145724 kB
SwapFree:        3145724 kB
Dirty:               512 kB
Writeback:             0 kB
AnonPages:       1243048 kB
Mapped:           857096 kB
Shmem:             27880 kB
KReclaimable:     704272 kB
Slab:             224604 kB
SReclaimable:      80068 kB
SUnreclaim:       144536 kB
KernelStack:       46240 kB
PageTables:        62776 kB
NFS_Unstable:          0 kB
Bounce:                0 kB
WritebackTmp:          0 kB
CommitLimit:     9202288 kB
Committed_AS:   66039448 kB
VmallocTotal:   263061440 kB
VmallocUsed:      103228 kB
VmallocChunk:          0 kB
Percpu:             7648 kB
CmaTotal:         294912 kB
CmaFree:               0 kB
MemTotal:       12113132 kB
MemFree:         6394036 kB
MemAvailable:    8115896 kB
Buffers:            6532 kB
Cached:          1912140 kB
SwapCached:            0 kB
Active:          1490008 kB
Inactive:        1666032 kB
Active(anon):    1243816 kB
Inactive(anon):    25932 kB
Active(file):     246192 kB
Inactive(file):  1640100 kB
Unevictable:        5552 kB
Mlocked:            5552 kB
SwapTotal:       3145724 kB
SwapFree:        3145724 kB
Dirty:               520 kB
Writeback:             0 kB
AnonPages:       1242896 kB
Mapped:           857096 kB
Shmem:             27880 kB
KReclaimable:     704272 kB
Slab:             224608 kB
SReclaimable:      80068 kB
SUnreclaim:       144540 kB
KernelStack:       46240 kB
PageTables:        62756 kB
NFS_Unstable:          0 kB
Bounce:                0 kB
WritebackTmp:          0 kB
CommitLimit:     9202288 kB
Committed_AS:   66047224 kB
VmallocTotal:   263061440 kB
VmallocUsed:      103180 kB
VmallocChunk:          0 kB
Percpu:             7648 kB
CmaTotal:         294912 kB
CmaFree:               0 kB
MemTotal:       12113132 kB
MemFree:         6394532 kB
MemAvailable:    8116408 kB
Buffers:            6532 kB
Cached:          1912156 kB
SwapCached:            0 kB
Active:          1490664 kB
Inactive:        1666048 kB
Active(anon):    1244472 kB
Inactive(anon):    25932 kB
Active(file):     246192 kB
Inactive(file):  1640116 kB
Unevictable:        5552 kB
Mlocked:            5552 kB
SwapTotal:       3145724 kB
SwapFree:        3145724 kB
Dirty:               536 kB
Writeback:             0 kB
AnonPages:       1243744 kB
Mapped:           857096 kB
Shmem:             27880 kB
KReclaimable:     704272 kB
Slab:             224608 kB
SReclaimable:      80068 kB
SUnreclaim:       144540 kB
KernelStack:       46240 kB
PageTables:        62772 kB
NFS_Unstable:          0 kB
Bounce:                0 kB
WritebackTmp:          0 kB
CommitLimit:     9202288 kB
Committed_AS:   66041960 kB
VmallocTotal:   263061440 kB
VmallocUsed:      103212 kB
VmallocChunk:          0 kB
Percpu:             7648 kB
CmaTotal:         294912 kB
CmaFree:               0 kB
MemTotal:       12113132 kB
MemFree:         6392632 kB
MemAvailable:    8114516 kB
Buffers:            6532 kB
Cached:          1912164 kB
SwapCached:            0 kB
Active:          1491588 kB
Inactive:        1666056 kB
Active(anon):    1245396 kB
Inactive(anon):    25932 kB
Active(file):     246192 kB
Inactive(file):  1640124 kB
Unevictable:        5552 kB
Mlocked:            5552 kB
SwapTotal:       3145724 kB
SwapFree:        3145724 kB
Dirty:               468 kB
Writeback:             0 kB
AnonPages:       1244784 kB
Mapped:           857096 kB
Shmem:             27880 kB
KReclaimable:     704272 kB
Slab:             224608 kB
SReclaimable:      80068 kB
SUnreclaim:       144540 kB
KernelStack:       46240 kB
PageTables:        62756 kB
NFS_Unstable:          0 kB
Bounce:                0 kB
WritebackTmp:          0 kB
CommitLimit:     9202288 kB
Committed_AS:   66050256 kB
VmallocTotal:   263061440 kB
VmallocUsed:      103228 kB
VmallocChunk:          0 kB
Percpu:             7648 kB
CmaTotal:         294912 kB
CmaFree:               0 kB
MemTotal:       12113132 kB
MemFree:         6393352 kB
MemAvailable:    8115252 kB
Buffers:            6532 kB
Cached:          1912180 kB
SwapCached:            0 kB
Active:          1492240 kB
Inactive:        1666072 kB
Active(anon):    1246048 kB
Inactive(anon):    25932 kB
Active(file):     246192 kB
Inactive(file):  1640140 kB
Unevictable:        5552 kB
Mlocked:            5552 kB
SwapTotal:       3145724 kB
SwapFree:        3145724 kB
Dirty:               484 kB
Writeback:             0 kB
AnonPages:       1244976 kB
Mapped:           857096 kB
Shmem:             27880 kB
KReclaimable:     704272 kB
Slab:             224612 kB
SReclaimable:      80068 kB
SUnreclaim:       144544 kB
KernelStack:       46240 kB
PageTables:        62772 kB
NFS_Unstable:          0 kB
Bounce:                0 kB
WritebackTmp:          0 kB
CommitLimit:     9202288 kB
Committed_AS:   66050944 kB
VmallocTotal:   263061440 kB
VmallocUsed:      103228 kB
VmallocChunk:          0 kB
Percpu:             7648 kB
CmaTotal:         294912 kB
CmaFree:               0 kB
MemTotal:       12113132 kB
MemFree:         6391712 kB
MemAvailable:    8113624 kB
Buffers:            6532 kB
Cached:          1912192 kB
SwapCached:            0 kB
Active:          1491900 kB
Inactive:        1666084 kB
Active(anon):    1245708 kB
Inactive(anon):    25932 kB
Active(file):     246192 kB
Inactive(file):  1640152 kB
Unevictable:        5552 kB
Mlocked:            5552 kB
SwapTotal:       3145724 kB
SwapFree:        3145724 kB
Dirty:               496 kB
Writeback:             0 kB
AnonPages:       1244932 kB
Mapped:           857096 kB
Shmem:             27880 kB
KReclaimable:     704272 kB
Slab:             224612 kB
SReclaimable:      80068 kB
SUnreclaim:       144544 kB
KernelStack:       46240 kB
PageTables:        62756 kB
NFS_Unstable:          0 kB
Bounce:                0 kB
WritebackTmp:          0 kB
CommitLimit:     9202288 kB
Committed_AS:   66050388 kB
VmallocTotal:   263061440 kB
VmallocUsed:      103260 kB
VmallocChunk:          0 kB
Percpu:             7648 kB
CmaTotal:         294912 kB
CmaFree:               0 kB
MemTotal:       12113132 kB
MemFree:         6390788 kB
MemAvailable:    8112712 kB
Buffers:            6532 kB
Cached:          1912204 kB
SwapCached:            0 kB
Active:          1492720 kB
Inactive:        1666096 kB
Active(anon):    1246528 kB
Inactive(anon):    25932 kB
Active(file):     246192 kB
Inactive(file):  1640164 kB
Unevictable:        5552 kB
Mlocked:            5552 kB
SwapTotal:       3145724 kB
SwapFree:        3145724 kB
Dirty:               568 kB
Writeback:             0 kB
AnonPages:       1245664 kB
Mapped:           857096 kB
Shmem:             27880 kB
KReclaimable:     704272 kB
Slab:             224664 kB
SReclaimable:      80068 kB
SUnreclaim:       144596 kB
KernelStack:       46240 kB
PageTables:        62768 kB
NFS_Unstable:          0 kB
Bounce:                0 kB
WritebackTmp:          0 kB
CommitLimit:     9202288 kB
Committed_AS:   66056296 kB
VmallocTotal:   263061440 kB
VmallocUsed:      103276 kB
VmallocChunk:          0 kB
Percpu:             7648 kB
CmaTotal:         294912 kB
CmaFree:               0 kB
MemTotal:       12113132 kB
MemFree:         6390812 kB
MemAvailable:    8112744 kB
Buffers:            6532 kB
Cached:          1912212 kB
SwapCached:            0 kB
Active:          1493880 kB
Inactive:        1666104 kB
Active(anon):    1247688 kB
Inactive(anon):    25932 kB
Active(file):     246192 kB
Inactive(file):  1640172 kB
Unevictable:        5552 kB
Mlocked:            5552 kB
SwapTotal:       3145724 kB
SwapFree:        3145724 kB
Dirty:               612 kB
Writeback:             0 kB
AnonPages:       1247032 kB
Mapped:           857152 kB
Shmem:             27880 kB
KReclaimable:     704272 kB
Slab:             224616 kB
SReclaimable:      80068 kB
SUnreclaim:       144548 kB
KernelStack:       46240 kB
PageTables:        62764 kB
NFS_Unstable:          0 kB
Bounce:                0 kB
WritebackTmp:          0 kB
CommitLimit:     9202288 kB
Committed_AS:   66049972 kB
VmallocTotal:   263061440 kB
VmallocUsed:      103244 kB
VmallocChunk:          0 kB
Percpu:             7648 kB
CmaTotal:         294912 kB
CmaFree:               0 kB
MemTotal:       12113132 kB
MemFree:         6388908 kB
MemAvailable:    8110856 kB
Buffers:            6536 kB
Cached:          1912224 kB
SwapCached:            0 kB
Active:          1494284 kB
Inactive:        1666116 kB
Active(anon):    1248088 kB
Inactive(anon):    25932 kB
Active(file):     246196 kB
Inactive(file):  1640184 kB
Unevictable:        5552 kB
Mlocked:            5552 kB
SwapTotal:       3145724 kB
SwapFree:        3145724 kB
Dirty:               636 kB
Writeback:             0 kB
AnonPages:       1247260 kB
Mapped:           857152 kB
Shmem:             27880 kB
KReclaimable:     704272 kB
Slab:             224616 kB
SReclaimable:      80068 kB
SUnreclaim:       144548 kB
KernelStack:       46240 kB
PageTables:        62768 kB
NFS_Unstable:          0 kB
Bounce:                0 kB
WritebackTmp:          0 kB
CommitLimit:     9202288 kB
Committed_AS:   66055916 kB
VmallocTotal:   263061440 kB
VmallocUsed:      103260 kB
VmallocChunk:          0 kB
Percpu:             7648 kB
CmaTotal:         294912 kB
CmaFree:               0 kB
MemTotal:       12113132 kB
MemFree:         6388836 kB
MemAvailable:    8110824 kB
Buffers:            6536 kB
Cached:          1912264 kB
SwapCached:            0 kB
Active:          1495064 kB
Inactive:        1666156 kB
Active(anon):    1248868 kB
Inactive(anon):    25932 kB
Active(file):     246196 kB
Inactive(file):  1640224 kB
Unevictable:        5552 kB
Mlocked:            5552 kB
SwapTotal:       3145724 kB
SwapFree:        3145724 kB
Dirty:               688 kB
Writeback:             0 kB
AnonPages:       1247816 kB
Mapped:           857152 kB
Shmem:             27880 kB
KReclaimable:     704272 kB
Slab:             224620 kB
SReclaimable:      80068 kB
SUnreclaim:       144552 kB
KernelStack:       46176 kB
PageTables:        62756 kB
NFS_Unstable:          0 kB
Bounce:                0 kB
WritebackTmp:          0 kB
CommitLimit:     9202288 kB
Committed_AS:   66051272 kB
VmallocTotal:   263061440 kB
VmallocUsed:      103180 kB
VmallocChunk:          0 kB
Percpu:             7648 kB
CmaTotal:         294912 kB
CmaFree:               0 kB
MemTotal:       12113132 kB
MemFree:         6390688 kB
MemAvailable:    8112680 kB
Buffers:            6536 kB
Cached:          1912268 kB
SwapCached:            0 kB
Active:          1494484 kB
Inactive:        1666160 kB
Active(anon):    1248288 kB
Inactive(anon):    25932 kB
Active(file):     246196 kB
Inactive(file):  1640228 kB
Unevictable:        5552 kB
Mlocked:            5552 kB
SwapTotal:       3145724 kB
SwapFree:        3145724 kB
Dirty:               692 kB
Writeback:             0 kB
AnonPages:       1247372 kB
Mapped:           857152 kB
Shmem:             27880 kB
KReclaimable:     704272 kB
Slab:             224620 kB
SReclaimable:      80068 kB
SUnreclaim:       144552 kB
KernelStack:       46176 kB
PageTables:        62756 kB
NFS_Unstable:          0 kB
Bounce:                0 kB
WritebackTmp:          0 kB
CommitLimit:     9202288 kB
Committed_AS:   66050552 kB
VmallocTotal:   263061440 kB
VmallocUsed:      103180 kB
VmallocChunk:          0 kB
Percpu:             7648 kB
CmaTotal:         294912 kB
CmaFree:               0 kB
MemTotal:       12113132 kB
MemFree:         6389172 kB
MemAvailable:    8111184 kB
Buffers:            6536 kB
Cached:          1912288 kB
SwapCached:            0 kB
Active:          1494896 kB
Inactive:        1666180 kB
Active(anon):    1248700 kB
Inactive(anon):    25932 kB
Active(file):     246196 kB
Inactive(file):  1640248 kB
Unevictable:        5552 kB
Mlocked:            5552 kB
SwapTotal:       3145724 kB
SwapFree:        3145724 kB
Dirty:               712 kB
Writeback:             0 kB
AnonPages:       1247868 kB
Mapped:           857152 kB
Shmem:             27880 kB
KReclaimable:     704272 kB
Slab:             224620 kB
SReclaimable:      80068 kB
SUnreclaim:       144552 kB
KernelStack:       46176 kB
PageTables:        62764 kB
NFS_Unstable:          0 kB
Bounce:                0 kB
WritebackTmp:          0 kB
CommitLimit:     9202288 kB
Committed_AS:   66055232 kB
VmallocTotal:   263061440 kB
VmallocUsed:      103196 kB
VmallocChunk:          0 kB
Percpu:             7648 kB
CmaTotal:         294912 kB
CmaFree:              28 kB
MemTotal:       12113132 kB
MemFree:         6389308 kB
MemAvailable:    8111328 kB
Buffers:            6536 kB
Cached:          1912296 kB
SwapCached:            0 kB
Active:          1494608 kB
Inactive:        1666188 kB
Active(anon):    1248412 kB
Inactive(anon):    25932 kB
Active(file):     246196 kB
Inactive(file):  1640256 kB
Unevictable:        5552 kB
Mlocked:            5552 kB
SwapTotal:       3145724 kB
SwapFree:        3145724 kB
Dirty:               732 kB
Writeback:             0 kB
AnonPages:       1247564 kB
Mapped:           857152 kB
Shmem:             27880 kB
KReclaimable:     704272 kB
Slab:             224624 kB
SReclaimable:      80068 kB
SUnreclaim:       144556 kB
KernelStack:       46176 kB
PageTables:        62764 kB
NFS_Unstable:          0 kB
Bounce:                0 kB
WritebackTmp:          0 kB
CommitLimit:     9202288 kB
Committed_AS:   66054800 kB
VmallocTotal:   263061440 kB
VmallocUsed:      103196 kB
VmallocChunk:          0 kB
Percpu:             7648 kB
CmaTotal:         294912 kB
CmaFree:               0 kB
MemTotal:       12113132 kB
MemFree:         6388128 kB
MemAvailable:    8110164 kB
Buffers:            6536 kB
Cached:          1912312 kB
SwapCached:            0 kB
Active:          1495108 kB
Inactive:        1666204 kB
Active(anon):    1248912 kB
Inactive(anon):    25932 kB
Active(file):     246196 kB
Inactive(file):  1640272 kB
Unevictable:        5552 kB
Mlocked:            5552 kB
SwapTotal:       3145724 kB
SwapFree:        3145724 kB
Dirty:               232 kB
Writeback:             0 kB
AnonPages:       1248168 kB
Mapped:           857152 kB
Shmem:             27880 kB
KReclaimable:     704272 kB
Slab:             224624 kB
SReclaimable:      80068 kB
SUnreclaim:       144556 kB
KernelStack:       46176 kB
PageTables:        62764 kB
NFS_Unstable:          0 kB
Bounce:                0 kB
WritebackTmp:          0 kB
CommitLimit:     9202288 kB
Committed_AS:   66050868 kB
VmallocTotal:   263061440 kB
VmallocUsed:      103196 kB
VmallocChunk:          0 kB
Percpu:             7648 kB
CmaTotal:         294912 kB
CmaFree:               0 kB
MemTotal:       12113132 kB
MemFree:         6388556 kB
MemAvailable:    8110600 kB
Buffers:            6536 kB
Cached:          1912320 kB
SwapCached:            0 kB
Active:          1495688 kB
Inactive:        1666212 kB
Active(anon):    1249492 kB
Inactive(anon):    25932 kB
Active(file):     246196 kB
Inactive(file):  1640280 kB
Unevictable:        5552 kB
Mlocked:            5552 kB
SwapTotal:       3145724 kB
SwapFree:        3145724 kB
Dirty:               300 kB
Writeback:             0 kB
AnonPages:       1248664 kB
Mapped:           857152 kB
Shmem:             27880 kB
KReclaimable:     704272 kB
Slab:             224660 kB
SReclaimable:      80068 kB
SUnreclaim:       144592 kB
KernelStack:       46144 kB
PageTables:        62760 kB
NFS_Unstable:          0 kB
Bounce:                0 kB
WritebackTmp:          0 kB
CommitLimit:     9202288 kB
Committed_AS:   66054652 kB
VmallocTotal:   263061440 kB
VmallocUsed:      103148 kB
VmallocChunk:          0 kB
Percpu:             7648 kB
CmaTotal:         294912 kB
CmaFree:               0 kB
MemTotal:       12113132 kB
MemFree:         6387196 kB
MemAvailable:    8109252 kB
Buffers:            6536 kB
Cached:          1912332 kB
SwapCached:            0 kB
Active:          1495328 kB
Inactive:        1666224 kB
Active(anon):    1249132 kB
Inactive(anon):    25932 kB
Active(file):     246196 kB
Inactive(file):  1640292 kB
Unevictable:        5552 kB
Mlocked:            5552 kB
SwapTotal:       3145724 kB
SwapFree:        3145724 kB
Dirty:               336 kB
Writeback:             0 kB
AnonPages:       1248376 kB
Mapped:           857152 kB
Shmem:             27880 kB
KReclaimable:     704272 kB
Slab:             224660 kB
SReclaimable:      80068 kB
SUnreclaim:       144592 kB
KernelStack:       46144 kB
PageTables:        62760 kB
NFS_Unstable:          0 kB
Bounce:                0 kB
WritebackTmp:          0 kB
CommitLimit:     9202288 kB
Committed_AS:   66054052 kB
VmallocTotal:   263061440 kB
VmallocUsed:      103164 kB
VmallocChunk:          0 kB
Percpu:             7648 kB
CmaTotal:         294912 kB
CmaFree:               0 kB
MemTotal:       12113132 kB
MemFree:         6387616 kB
MemAvailable:    8109680 kB
Buffers:            6536 kB
Cached:          1912340 kB
SwapCached:            0 kB
Active:          1496064 kB
Inactive:        1666232 kB
Active(anon):    1249868 kB
Inactive(anon):    25932 kB
Active(file):     246196 kB
Inactive(file):  1640300 kB
Unevictable:        5552 kB
Mlocked:            5552 kB
SwapTotal:       3145724 kB
SwapFree:        3145724 kB
Dirty:               344 kB
Writeback:             0 kB
AnonPages:       1248980 kB
Mapped:           857152 kB
Shmem:             27880 kB
KReclaimable:     704272 kB
Slab:             224652 kB
SReclaimable:      80068 kB
SUnreclaim:       144584 kB
KernelStack:       46144 kB
PageTables:        62760 kB
NFS_Unstable:          0 kB
Bounce:                0 kB
WritebackTmp:          0 kB
CommitLimit:     9202288 kB
Committed_AS:   66055400 kB
VmallocTotal:   263061440 kB
VmallocUsed:      103148 kB
VmallocChunk:          0 kB
Percpu:             7648 kB
CmaTotal:         294912 kB
CmaFree:               0 kB
MemTotal:       12113132 kB
MemFree:         6387432 kB
MemAvailable:    8109536 kB
Buffers:            6536 kB
Cached:          1912380 kB
SwapCached:            0 kB
Active:          1496144 kB
Inactive:        1666268 kB
Active(anon):    1249944 kB
Inactive(anon):    25932 kB
Active(file):     246200 kB
Inactive(file):  1640336 kB
Unevictable:        5552 kB
Mlocked:            5552 kB
SwapTotal:       3145724 kB
SwapFree:        3145724 kB
Dirty:               364 kB
Writeback:             0 kB
AnonPages:       1249400 kB
Mapped:           857152 kB
Shmem:             27880 kB
KReclaimable:     704272 kB
Slab:             224664 kB
SReclaimable:      80068 kB
SUnreclaim:       144596 kB
KernelStack:       46144 kB
PageTables:        62764 kB
NFS_Unstable:          0 kB
Bounce:                0 kB
WritebackTmp:          0 kB
CommitLimit:     9202288 kB
Committed_AS:   66045476 kB
VmallocTotal:   263061440 kB
VmallocUsed:      103132 kB
VmallocChunk:          0 kB
Percpu:             7648 kB
CmaTotal:         294912 kB
CmaFree:               0 kB
MemTotal:       12113132 kB
MemFree:         6387172 kB
MemAvailable:    8109260 kB
Buffers:            6536 kB
Cached:          1912364 kB
SwapCached:            0 kB
Active:          1497024 kB
Inactive:        1666256 kB
Active(anon):    1250828 kB
Inactive(anon):    25932 kB
Active(file):     246196 kB
Inactive(file):  1640324 kB
Unevictable:        5552 kB
Mlocked:            5552 kB
SwapTotal:       3145724 kB
SwapFree:        3145724 kB
Dirty:               400 kB
Writeback:             0 kB
AnonPages:       1250040 kB
Mapped:           857152 kB
Shmem:             27880 kB
KReclaimable:     704272 kB
Slab:             224664 kB
SReclaimable:      80068 kB
SUnreclaim:       144596 kB
KernelStack:       46144 kB
PageTables:        62764 kB
NFS_Unstable:          0 kB
Bounce:                0 kB
WritebackTmp:          0 kB
CommitLimit:     9202288 kB
Committed_AS:   66055280 kB
VmallocTotal:   263061440 kB
VmallocUsed:      103148 kB
VmallocChunk:          0 kB
Percpu:             7648 kB
CmaTotal:         294912 kB
CmaFree:               0 kB
MemTotal:       12113132 kB
MemFree:         6385664 kB
MemAvailable:    8107772 kB
Buffers:            6536 kB
Cached:          1912384 kB
SwapCached:            0 kB
Active:          1497864 kB
Inactive:        1666276 kB
Active(anon):    1251668 kB
Inactive(anon):    25932 kB
Active(file):     246196 kB
Inactive(file):  1640344 kB
Unevictable:        5552 kB
Mlocked:            5552 kB
SwapTotal:       3145724 kB
SwapFree:        3145724 kB
Dirty:               436 kB
Writeback:             0 kB
AnonPages:       1250728 kB
Mapped:           857152 kB
Shmem:             27880 kB
KReclaimable:     704272 kB
Slab:             224656 kB
SReclaimable:      80068 kB
SUnreclaim:       144588 kB
KernelStack:       46144 kB
PageTables:        62760 kB
NFS_Unstable:          0 kB
Bounce:                0 kB
WritebackTmp:          0 kB
CommitLimit:     9202288 kB
Committed_AS:   66054964 kB
VmallocTotal:   263061440 kB
VmallocUsed:      103164 kB
VmallocChunk:          0 kB
Percpu:             7648 kB
CmaTotal:         294912 kB
CmaFree:               0 kB
MemTotal:       12113132 kB
MemFree:         6385224 kB
MemAvailable:    8107344 kB
Buffers:            6536 kB
Cached:          1912396 kB
SwapCached:            0 kB
Active:          1499296 kB
Inactive:        1666288 kB
Active(anon):    1253100 kB
Inactive(anon):    25932 kB
Active(file):     246196 kB
Inactive(file):  1640356 kB
Unevictable:        5552 kB
Mlocked:            5552 kB
SwapTotal:       3145724 kB
SwapFree:        3145724 kB
Dirty:               448 kB
Writeback:             0 kB
AnonPages:       1251664 kB
Mapped:           857152 kB
Shmem:             27880 kB
KReclaimable:     704272 kB
Slab:             224660 kB
SReclaimable:      80068 kB
SUnreclaim:       144592 kB
KernelStack:       46144 kB
PageTables:        62756 kB
NFS_Unstable:          0 kB
Bounce:                0 kB
WritebackTmp:          0 kB
CommitLimit:     9202288 kB
Committed_AS:   66055892 kB
VmallocTotal:   263061440 kB
VmallocUsed:      103164 kB
VmallocChunk:          0 kB
Percpu:             7648 kB
CmaTotal:         294912 kB
CmaFree:               0 kB
MemTotal:       12113132 kB
MemFree:         6384488 kB
MemAvailable:    8106620 kB
Buffers:            6536 kB
Cached:          1912408 kB
SwapCached:            0 kB
Active:          1499568 kB
Inactive:        1666300 kB
Active(anon):    1253372 kB
Inactive(anon):    25932 kB
Active(file):     246196 kB
Inactive(file):  1640368 kB
Unevictable:        5552 kB
Mlocked:            5552 kB
SwapTotal:       3145724 kB
SwapFree:        3145724 kB
Dirty:               472 kB
Writeback:             0 kB
AnonPages:       1252816 kB
Mapped:           857152 kB
Shmem:             27880 kB
KReclaimable:     704272 kB
Slab:             224668 kB
SReclaimable:      80068 kB
SUnreclaim:       144600 kB
KernelStack:       46144 kB
PageTables:        62760 kB
NFS_Unstable:          0 kB
Bounce:                0 kB
WritebackTmp:          0 kB
CommitLimit:     9202288 kB
Committed_AS:   66055584 kB
VmallocTotal:   263061440 kB
VmallocUsed:      103164 kB
VmallocChunk:          0 kB
Percpu:             7648 kB
CmaTotal:         294912 kB
CmaFree:               0 kB
MemTotal:       12113132 kB
MemFree:         6386616 kB
MemAvailable:    8108752 kB
Buffers:            6536 kB
Cached:          1912416 kB
SwapCached:            0 kB
Active:          1496564 kB
Inactive:        1666308 kB
Active(anon):    1250372 kB
Inactive(anon):    25932 kB
Active(file):     246192 kB
Inactive(file):  1640376 kB
Unevictable:        5552 kB
Mlocked:            5552 kB
SwapTotal:       3145724 kB
SwapFree:        3145724 kB
Dirty:               480 kB
Writeback:             0 kB
AnonPages:       1249540 kB
Mapped:           857152 kB
Shmem:             27880 kB
KReclaimable:     704272 kB
Slab:             224664 kB
SReclaimable:      80068 kB
SUnreclaim:       144596 kB
KernelStack:       46112 kB
PageTables:        62760 kB
NFS_Unstable:          0 kB
Bounce:                0 kB
WritebackTmp:          0 kB
CommitLimit:     9202288 kB
Committed_AS:   66055736 kB
VmallocTotal:   263061440 kB
VmallocUsed:      103116 kB
VmallocChunk:          0 kB
Percpu:             7648 kB
CmaTotal:         294912 kB
CmaFree:               0 kB
MemTotal:       12113132 kB
MemFree:         6399396 kB
MemAvailable:    8121552 kB
Buffers:            6536 kB
Cached:          1912432 kB
SwapCached:            0 kB
Active:          1482824 kB
Inactive:        1666328 kB
Active(anon):    1236632 kB
Inactive(anon):    25932 kB
Active(file):     246192 kB
Inactive(file):  1640396 kB
Unevictable:        5552 kB
Mlocked:            5552 kB
SwapTotal:       3145724 kB
SwapFree:        3145724 kB
Dirty:               500 kB
Writeback:             0 kB
AnonPages:       1236044 kB
Mapped:           857152 kB
Shmem:             27880 kB
KReclaimable:     704272 kB
Slab:             224672 kB
SReclaimable:      80068 kB
SUnreclaim:       144604 kB
KernelStack:       46112 kB
PageTables:        62760 kB
NFS_Unstable:          0 kB
Bounce:                0 kB
WritebackTmp:          0 kB
CommitLimit:     9202288 kB
Committed_AS:   66055472 kB
VmallocTotal:   263061440 kB
VmallocUsed:      103116 kB
VmallocChunk:          0 kB
Percpu:             7648 kB
CmaTotal:         294912 kB
CmaFree:             224 kB
MemTotal:       12113132 kB
MemFree:         6399672 kB
MemAvailable:    8121828 kB
Buffers:            6540 kB
Cached:          1912428 kB
SwapCached:            0 kB
Active:          1483240 kB
Inactive:        1666328 kB
Active(anon):    1237048 kB
Inactive(anon):    25932 kB
Active(file):     246192 kB
Inactive(file):  1640396 kB
Unevictable:        5552 kB
Mlocked:            5552 kB
SwapTotal:       3145724 kB
SwapFree:        3145724 kB
Dirty:               492 kB
Writeback:             0 kB
AnonPages:       1236256 kB
Mapped:           857152 kB
Shmem:             27880 kB
KReclaimable:     704272 kB
Slab:             224668 kB
SReclaimable:      80068 kB
SUnreclaim:       144600 kB
KernelStack:       46096 kB
PageTables:        62756 kB
NFS_Unstable:          0 kB
Bounce:                0 kB
WritebackTmp:          0 kB
CommitLimit:     9202288 kB
Committed_AS:   66058096 kB
VmallocTotal:   263061440 kB
VmallocUsed:      103148 kB
VmallocChunk:          0 kB
Percpu:             7648 kB
CmaTotal:         294912 kB
CmaFree:               0 kB
MemTotal:       12113132 kB
MemFree:         6399488 kB
MemAvailable:    8121692 kB
Buffers:            6540 kB
Cached:          1912476 kB
SwapCached:            0 kB
Active:          1482564 kB
Inactive:        1666368 kB
Active(anon):    1236364 kB
Inactive(anon):    25932 kB
Active(file):     246200 kB
Inactive(file):  1640436 kB
Unevictable:        5552 kB
Mlocked:            5552 kB
SwapTotal:       3145724 kB
SwapFree:        3145724 kB
Dirty:               512 kB
Writeback:             0 kB
AnonPages:       1235552 kB
Mapped:           857152 kB
Shmem:             27880 kB
KReclaimable:     704272 kB
Slab:             224680 kB
SReclaimable:      80068 kB
SUnreclaim:       144612 kB
KernelStack:       46096 kB
PageTables:        62760 kB
NFS_Unstable:          0 kB
Bounce:                0 kB
WritebackTmp:          0 kB
CommitLimit:     9202288 kB
Committed_AS:   66062592 kB
VmallocTotal:   263061440 kB
VmallocUsed:      103148 kB
VmallocChunk:          0 kB
Percpu:             7648 kB
CmaTotal:         294912 kB
CmaFree:               0 kB
MemTotal:       12113132 kB
MemFree:         6399804 kB
MemAvailable:    8122016 kB
Buffers:            6540 kB
Cached:          1912484 kB
SwapCached:            0 kB
Active:          1483280 kB
Inactive:        1666376 kB
Active(anon):    1237080 kB
Inactive(anon):    25932 kB
Active(file):     246200 kB
Inactive(file):  1640444 kB
Unevictable:        5552 kB
Mlocked:            5552 kB
SwapTotal:       3145724 kB
SwapFree:        3145724 kB
Dirty:               524 kB
Writeback:             0 kB
AnonPages:       1236116 kB
Mapped:           857152 kB
Shmem:             27880 kB
KReclaimable:     704272 kB
Slab:             224672 kB
SReclaimable:      80068 kB
SUnreclaim:       144604 kB
KernelStack:       46096 kB
PageTables:        62752 kB
NFS_Unstable:          0 kB
Bounce:                0 kB
WritebackTmp:          0 kB
CommitLimit:     9202288 kB
Committed_AS:   66057196 kB
VmallocTotal:   263061440 kB
VmallocUsed:      103180 kB
VmallocChunk:          0 kB
Percpu:             7648 kB
CmaTotal:         294912 kB
CmaFree:               0 kB
MemTotal:       12113132 kB
MemFree:         6399660 kB
MemAvailable:    8121888 kB
Buffers:            6540 kB
Cached:          1912500 kB
SwapCached:            0 kB
Active:          1484136 kB
Inactive:        1666392 kB
Active(anon):    1237936 kB
Inactive(anon):    25932 kB
Active(file):     246200 kB
Inactive(file):  1640460 kB
Unevictable:        5552 kB
Mlocked:            5552 kB
SwapTotal:       3145724 kB
SwapFree:        3145724 kB
Dirty:               592 kB
Writeback:             0 kB
AnonPages:       1237260 kB
Mapped:           857152 kB
Shmem:             27880 kB
KReclaimable:     704272 kB
Slab:             224676 kB
SReclaimable:      80068 kB
SUnreclaim:       144608 kB
KernelStack:       46128 kB
PageTables:        62752 kB
NFS_Unstable:          0 kB
Bounce:                0 kB
WritebackTmp:          0 kB
CommitLimit:     9202288 kB
Committed_AS:   66053104 kB
VmallocTotal:   263061440 kB
VmallocUsed:      103116 kB
VmallocChunk:          0 kB
Percpu:             7648 kB
CmaTotal:         294912 kB
CmaFree:               0 kB
MemTotal:       12113132 kB
MemFree:         6399960 kB
MemAvailable:    8122196 kB
Buffers:            6540 kB
Cached:          1912508 kB
SwapCached:            0 kB
Active:          1484404 kB
Inactive:        1666400 kB
Active(anon):    1238204 kB
Inactive(anon):    25932 kB
Active(file):     246200 kB
Inactive(file):  1640468 kB
Unevictable:        5552 kB
Mlocked:            5552 kB
SwapTotal:       3145724 kB
SwapFree:        3145724 kB
Dirty:               600 kB
Writeback:             0 kB
AnonPages:       1237348 kB
Mapped:           857152 kB
Shmem:             27880 kB
KReclaimable:     704272 kB
Slab:             224684 kB
SReclaimable:      80068 kB
SUnreclaim:       144616 kB
KernelStack:       46128 kB
PageTables:        62764 kB
NFS_Unstable:          0 kB
Bounce:                0 kB
WritebackTmp:          0 kB
CommitLimit:     9202288 kB
Committed_AS:   66052132 kB
VmallocTotal:   263061440 kB
VmallocUsed:      103116 kB
VmallocChunk:          0 kB
Percpu:             7648 kB
CmaTotal:         294912 kB
CmaFree:               0 kB
MemTotal:       12113132 kB
MemFree:         6398436 kB
MemAvailable:    8120684 kB
Buffers:            6540 kB
Cached:          1912520 kB
SwapCached:            0 kB
Active:          1485636 kB
Inactive:        1666412 kB
Active(anon):    1239436 kB
Inactive(anon):    25932 kB
Active(file):     246200 kB
Inactive(file):  1640480 kB
Unevictable:        5552 kB
Mlocked:            5552 kB
SwapTotal:       3145724 kB
SwapFree:        3145724 kB
Dirty:               612 kB
Writeback:             0 kB
AnonPages:       1238584 kB
Mapped:           857152 kB
Shmem:             27880 kB
KReclaimable:     704272 kB
Slab:             224676 kB
SReclaimable:      80068 kB
SUnreclaim:       144608 kB
KernelStack:       46128 kB
PageTables:        62752 kB
NFS_Unstable:          0 kB
Bounce:                0 kB
WritebackTmp:          0 kB
CommitLimit:     9202288 kB
Committed_AS:   66053472 kB
VmallocTotal:   263061440 kB
VmallocUsed:      103164 kB
VmallocChunk:          0 kB
Percpu:             7648 kB
CmaTotal:         294912 kB
CmaFree:               0 kB
MemTotal:       12113132 kB
MemFree:         6398256 kB
MemAvailable:    8120524 kB
Buffers:            6540 kB
Cached:          1912540 kB
SwapCached:            0 kB
Active:          1486560 kB
Inactive:        1666432 kB
Active(anon):    1240360 kB
Inactive(anon):    25932 kB
Active(file):     246200 kB
Inactive(file):  1640500 kB
Unevictable:        5552 kB
Mlocked:            5552 kB
SwapTotal:       3145724 kB
SwapFree:        3145724 kB
Dirty:               644 kB
Writeback:             0 kB
AnonPages:       1239508 kB
Mapped:           857152 kB
Shmem:             27880 kB
KReclaimable:     704272 kB
Slab:             224680 kB
SReclaimable:      80068 kB
SUnreclaim:       144612 kB
KernelStack:       46128 kB
PageTables:        62764 kB
NFS_Unstable:          0 kB
Bounce:                0 kB
WritebackTmp:          0 kB
CommitLimit:     9202288 kB
Committed_AS:   66059240 kB
VmallocTotal:   263061440 kB
VmallocUsed:      103164 kB
VmallocChunk:          0 kB
Percpu:             7648 kB
CmaTotal:         294912 kB
CmaFree:               0 kB
MemTotal:       12113132 kB
MemFree:         6397068 kB
MemAvailable:    8119344 kB
Buffers:            6540 kB
Cached:          1912548 kB
SwapCached:            0 kB
Active:          1486796 kB
Inactive:        1666440 kB
Active(anon):    1240596 kB
Inactive(anon):    25932 kB
Active(file):     246200 kB
Inactive(file):  1640508 kB
Unevictable:        5552 kB
Mlocked:            5552 kB
SwapTotal:       3145724 kB
SwapFree:        3145724 kB
Dirty:               652 kB
Writeback:             0 kB
AnonPages:       1239940 kB
Mapped:           857152 kB
Shmem:             27880 kB
KReclaimable:     704272 kB
Slab:             224680 kB
SReclaimable:      80068 kB
SUnreclaim:       144612 kB
KernelStack:       46128 kB
PageTables:        62752 kB
NFS_Unstable:          0 kB
Bounce:                0 kB
WritebackTmp:          0 kB
CommitLimit:     9202288 kB
Committed_AS:   66058848 kB
VmallocTotal:   263061440 kB
VmallocUsed:      103148 kB
VmallocChunk:          0 kB
Percpu:             7648 kB
CmaTotal:         294912 kB
CmaFree:               0 kB
MemTotal:       12113132 kB
MemFree:         6396544 kB
MemAvailable:    8118828 kB
Buffers:            6540 kB
Cached:          1912556 kB
SwapCached:            0 kB
Active:          1487272 kB
Inactive:        1666448 kB
Active(anon):    1241072 kB
Inactive(anon):    25932 kB
Active(file):     246200 kB
Inactive(file):  1640516 kB
Unevictable:        5552 kB
Mlocked:            5552 kB
SwapTotal:       3145724 kB
SwapFree:        3145724 kB
Dirty:               660 kB
Writeback:             0 kB
AnonPages:       1240268 kB
Mapped:           857152 kB
Shmem:             27880 kB
KReclaimable:     704272 kB
Slab:             224680 kB
SReclaimable:      80068 kB
SUnreclaim:       144612 kB
KernelStack:       46112 kB
PageTables:        62764 kB
NFS_Unstable:          0 kB
Bounce:                0 kB
WritebackTmp:          0 kB
CommitLimit:     9202288 kB
Committed_AS:   66059028 kB
VmallocTotal:   263061440 kB
VmallocUsed:      103116 kB
VmallocChunk:          0 kB
Percpu:             7648 kB
CmaTotal:         294912 kB
CmaFree:               0 kB
MemTotal:       12113132 kB
MemFree:         6397348 kB
MemAvailable:    8119652 kB
Buffers:            6540 kB
Cached:          1912576 kB
SwapCached:            0 kB
Active:          1487968 kB
Inactive:        1666468 kB
Active(anon):    1241768 kB
Inactive(anon):    25932 kB
Active(file):     246200 kB
Inactive(file):  1640536 kB
Unevictable:        5552 kB
Mlocked:            5552 kB
SwapTotal:       3145724 kB
SwapFree:        3145724 kB
Dirty:               692 kB
Writeback:             0 kB
AnonPages:       1240712 kB
Mapped:           857152 kB
Shmem:             27880 kB
KReclaimable:     704272 kB
Slab:             224688 kB
SReclaimable:      80068 kB
SUnreclaim:       144620 kB
KernelStack:       46112 kB
PageTables:        62752 kB
NFS_Unstable:          0 kB
Bounce:                0 kB
WritebackTmp:          0 kB
CommitLimit:     9202288 kB
Committed_AS:   66049336 kB
VmallocTotal:   263061440 kB
VmallocUsed:      103068 kB
VmallocChunk:          0 kB
Percpu:             7648 kB
CmaTotal:         294912 kB
CmaFree:               0 kB
MemTotal:       12113132 kB
MemFree:         6395256 kB
MemAvailable:    8117572 kB
Buffers:            6540 kB
Cached:          1912588 kB
SwapCached:            0 kB
Active:          1488452 kB
Inactive:        1666480 kB
Active(anon):    1242252 kB
Inactive(anon):    25932 kB
Active(file):     246200 kB
Inactive(file):  1640548 kB
Unevictable:        5552 kB
Mlocked:            5552 kB
SwapTotal:       3145724 kB
SwapFree:        3145724 kB
Dirty:               724 kB
Writeback:             0 kB
AnonPages:       1241280 kB
Mapped:           857152 kB
Shmem:             27880 kB
KReclaimable:     704272 kB
Slab:             224696 kB
SReclaimable:      80068 kB
SUnreclaim:       144628 kB
KernelStack:       46112 kB
PageTables:        62756 kB
NFS_Unstable:          0 kB
Bounce:                0 kB
WritebackTmp:          0 kB
CommitLimit:     9202288 kB
Committed_AS:   66058500 kB
VmallocTotal:   263061440 kB
VmallocUsed:      103132 kB
VmallocChunk:          0 kB
Percpu:             7648 kB
CmaTotal:         294912 kB
CmaFree:               0 kB
MemTotal:       12113132 kB
MemFree:         6393348 kB
MemAvailable:    8115676 kB
Buffers:            6540 kB
Cached:          1912600 kB
SwapCached:            0 kB
Active:          1488824 kB
Inactive:        1666492 kB
Active(anon):    1242624 kB
Inactive(anon):    25932 kB
Active(file):     246200 kB
Inactive(file):  1640560 kB
Unevictable:        5552 kB
Mlocked:            5552 kB
SwapTotal:       3145724 kB
SwapFree:        3145724 kB
Dirty:               740 kB
Writeback:             0 kB
AnonPages:       1241768 kB
Mapped:           857152 kB
Shmem:             27880 kB
KReclaimable:     704272 kB
Slab:             224700 kB
SReclaimable:      80068 kB
SUnreclaim:       144632 kB
KernelStack:       46112 kB
PageTables:        62752 kB
NFS_Unstable:          0 kB
Bounce:                0 kB
WritebackTmp:          0 kB
CommitLimit:     9202288 kB
Committed_AS:   66052976 kB
VmallocTotal:   263061440 kB
VmallocUsed:      103116 kB
VmallocChunk:          0 kB
Percpu:             7648 kB
CmaTotal:         294912 kB
CmaFree:               0 kB
MemTotal:       12113132 kB
MemFree:         6393780 kB
MemAvailable:    8116120 kB
Buffers:            6540 kB
Cached:          1912612 kB
SwapCached:            0 kB
Active:          1489684 kB
Inactive:        1666504 kB
Active(anon):    1243484 kB
Inactive(anon):    25932 kB
Active(file):     246200 kB
Inactive(file):  1640572 kB
Unevictable:        5552 kB
Mlocked:            5552 kB
SwapTotal:       3145724 kB
SwapFree:        3145724 kB
Dirty:               768 kB
Writeback:             0 kB
AnonPages:       1242720 kB
Mapped:           857152 kB
Shmem:             27880 kB
KReclaimable:     704272 kB
Slab:             224696 kB
SReclaimable:      80068 kB
SUnreclaim:       144628 kB
KernelStack:       46112 kB
PageTables:        62768 kB
NFS_Unstable:          0 kB
Bounce:                0 kB
WritebackTmp:          0 kB
CommitLimit:     9202288 kB
Committed_AS:   66048464 kB
VmallocTotal:   263061440 kB
VmallocUsed:      103100 kB
VmallocChunk:          0 kB
Percpu:             7648 kB
CmaTotal:         294912 kB
CmaFree:               0 kB
MemTotal:       12113132 kB
MemFree:         6392112 kB
MemAvailable:    8114456 kB
Buffers:            6540 kB
Cached:          1912616 kB
SwapCached:            0 kB
Active:          1492156 kB
Inactive:        1666508 kB
Active(anon):    1245956 kB
Inactive(anon):    25932 kB
Active(file):     246200 kB
Inactive(file):  1640576 kB
Unevictable:        5552 kB
Mlocked:            5552 kB
SwapTotal:       3145724 kB
SwapFree:        3145724 kB
Dirty:               776 kB
Writeback:             0 kB
AnonPages:       1245064 kB
Mapped:           857152 kB
Shmem:             27880 kB
KReclaimable:     704272 kB
Slab:             224696 kB
SReclaimable:      80068 kB
SUnreclaim:       144628 kB
KernelStack:       46160 kB
PageTables:        62756 kB
NFS_Unstable:          0 kB
Bounce:                0 kB
WritebackTmp:          0 kB
CommitLimit:     9202288 kB
Committed_AS:   66048808 kB
VmallocTotal:   263061440 kB
VmallocUsed:      103116 kB
VmallocChunk:          0 kB
Percpu:             7648 kB
CmaTotal:         294912 kB
CmaFree:               0 kB
MemTotal:       12113132 kB
MemFree:         6392856 kB
MemAvailable:    8115220 kB
Buffers:            6540 kB
Cached:          1912636 kB
SwapCached:            0 kB
Active:          1490404 kB
Inactive:        1666528 kB
Active(anon):    1244204 kB
Inactive(anon):    25932 kB
Active(file):     246200 kB
Inactive(file):  1640596 kB
Unevictable:        5552 kB
Mlocked:            5552 kB
SwapTotal:       3145724 kB
SwapFree:        3145724 kB
Dirty:               848 kB
Writeback:             0 kB
AnonPages:       1243432 kB
Mapped:           857152 kB
Shmem:             27880 kB
KReclaimable:     704272 kB
Slab:             224692 kB
SReclaimable:      80068 kB
SUnreclaim:       144624 kB
KernelStack:       46112 kB
PageTables:        62764 kB
NFS_Unstable:          0 kB
Bounce:                0 kB
WritebackTmp:          0 kB
CommitLimit:     9202288 kB
Committed_AS:   66048632 kB
VmallocTotal:   263061440 kB
VmallocUsed:      103164 kB
VmallocChunk:          0 kB
Percpu:             7648 kB
CmaTotal:         294912 kB
CmaFree:               0 kB
MemTotal:       12113132 kB
MemFree:         6392420 kB
MemAvailable:    8114792 kB
Buffers:            6540 kB
Cached:          1912644 kB
SwapCached:            0 kB
Active:          1491476 kB
Inactive:        1666536 kB
Active(anon):    1245276 kB
Inactive(anon):    25932 kB
Active(file):     246200 kB
Inactive(file):  1640604 kB
Unevictable:        5552 kB
Mlocked:            5552 kB
SwapTotal:       3145724 kB
SwapFree:        3145724 kB
Dirty:               828 kB
Writeback:             0 kB
AnonPages:       1244556 kB
Mapped:           857152 kB
Shmem:             27880 kB
KReclaimable:     704272 kB
Slab:             224692 kB
SReclaimable:      80068 kB
SUnreclaim:       144624 kB
KernelStack:       46128 kB
PageTables:        62884 kB
NFS_Unstable:          0 kB
Bounce:                0 kB
WritebackTmp:          0 kB
CommitLimit:     9202288 kB
Committed_AS:   66041176 kB
VmallocTotal:   263061440 kB
VmallocUsed:      103164 kB
VmallocChunk:          0 kB
Percpu:             7648 kB
CmaTotal:         294912 kB
CmaFree:               0 kB
MemTotal:       12113132 kB
MemFree:         6391728 kB
MemAvailable:    8114136 kB
Buffers:            6544 kB
Cached:          1912676 kB
SwapCached:            0 kB
Active:          1492356 kB
Inactive:        1666568 kB
Active(anon):    1246152 kB
Inactive(anon):    25932 kB
Active(file):     246204 kB
Inactive(file):  1640636 kB
Unevictable:        5552 kB
Mlocked:            5552 kB
SwapTotal:       3145724 kB
SwapFree:        3145724 kB
Dirty:               856 kB
Writeback:             0 kB
AnonPages:       1245256 kB
Mapped:           857152 kB
Shmem:             27880 kB
KReclaimable:     704272 kB
Slab:             224700 kB
SReclaimable:      80068 kB
SUnreclaim:       144632 kB
KernelStack:       46112 kB
PageTables:        62752 kB
NFS_Unstable:          0 kB
Bounce:                0 kB
WritebackTmp:          0 kB
CommitLimit:     9202288 kB
Committed_AS:   66046360 kB
VmallocTotal:   263061440 kB
VmallocUsed:      103164 kB
VmallocChunk:          0 kB
Percpu:             7648 kB
CmaTotal:         294912 kB
CmaFree:               0 kB
MemTotal:       12113132 kB
MemFree:         6390220 kB
MemAvailable:    8112636 kB
Buffers:            6544 kB
Cached:          1912684 kB
SwapCached:            0 kB
Active:          1492852 kB
Inactive:        1666576 kB
Active(anon):    1246648 kB
Inactive(anon):    25932 kB
Active(file):     246204 kB
Inactive(file):  1640644 kB
Unevictable:        5552 kB
Mlocked:            5552 kB
SwapTotal:       3145724 kB
SwapFree:        3145724 kB
Dirty:               864 kB
Writeback:             0 kB
AnonPages:       1245824 kB
Mapped:           857152 kB
Shmem:             27880 kB
KReclaimable:     704272 kB
Slab:             224704 kB
SReclaimable:      80068 kB
SUnreclaim:       144636 kB
KernelStack:       46080 kB
PageTables:        62752 kB
NFS_Unstable:          0 kB
Bounce:                0 kB
WritebackTmp:          0 kB
CommitLimit:     9202288 kB
Committed_AS:   66055340 kB
VmallocTotal:   263061440 kB
VmallocUsed:      103100 kB
VmallocChunk:          0 kB
Percpu:             7648 kB
CmaTotal:         294912 kB
CmaFree:               0 kB
MemTotal:       12113132 kB
MemFree:         6390100 kB
MemAvailable:    8112536 kB
Buffers:            6544 kB
Cached:          1912708 kB
SwapCached:            0 kB
Active:          1493268 kB
Inactive:        1666600 kB
Active(anon):    1247064 kB
Inactive(anon):    25936 kB
Active(file):     246204 kB
Inactive(file):  1640664 kB
Unevictable:        5552 kB
Mlocked:            5552 kB
SwapTotal:       3145724 kB
SwapFree:        3145724 kB
Dirty:               904 kB
Writeback:             0 kB
AnonPages:       1246036 kB
Mapped:           857156 kB
Shmem:             27884 kB
KReclaimable:     704272 kB
Slab:             224704 kB
SReclaimable:      80068 kB
SUnreclaim:       144636 kB
KernelStack:       46048 kB
PageTables:        62752 kB
NFS_Unstable:          0 kB
Bounce:                0 kB
WritebackTmp:          0 kB
CommitLimit:     9202288 kB
Committed_AS:   66055112 kB
VmallocTotal:   263061440 kB
VmallocUsed:      103068 kB
VmallocChunk:          0 kB
Percpu:             7648 kB
CmaTotal:         294912 kB
CmaFree:               0 kB
MemTotal:       12113132 kB
MemFree:         6389668 kB
MemAvailable:    8112108 kB
Buffers:            6544 kB
Cached:          1912716 kB
SwapCached:            0 kB
Active:          1493872 kB
Inactive:        1666604 kB
Active(anon):    1247668 kB
Inactive(anon):    25936 kB
Active(file):     246204 kB
Inactive(file):  1640668 kB
Unevictable:        5552 kB
Mlocked:            5552 kB
SwapTotal:       3145724 kB
SwapFree:        3145724 kB
Dirty:               912 kB
Writeback:             0 kB
AnonPages:       1246872 kB
Mapped:           857156 kB
Shmem:             27884 kB
KReclaimable:     704272 kB
Slab:             224696 kB
SReclaimable:      80068 kB
SUnreclaim:       144628 kB
KernelStack:       46048 kB
PageTables:        62760 kB
NFS_Unstable:          0 kB
Bounce:                0 kB
WritebackTmp:          0 kB
CommitLimit:     9202288 kB
Committed_AS:   66055048 kB
VmallocTotal:   263061440 kB
VmallocUsed:      103084 kB
VmallocChunk:          0 kB
Percpu:             7648 kB
CmaTotal:         294912 kB
CmaFree:               0 kB
MemTotal:       12113132 kB
MemFree:         6388888 kB
MemAvailable:    8111344 kB
Buffers:            6544 kB
Cached:          1912728 kB
SwapCached:            0 kB
Active:          1495104 kB
Inactive:        1666620 kB
Active(anon):    1248900 kB
Inactive(anon):    25936 kB
Active(file):     246204 kB
Inactive(file):  1640684 kB
Unevictable:        5552 kB
Mlocked:            5552 kB
SwapTotal:       3145724 kB
SwapFree:        3145724 kB
Dirty:               872 kB
Writeback:             0 kB
AnonPages:       1248104 kB
Mapped:           857156 kB
Shmem:             27884 kB
KReclaimable:     704272 kB
Slab:             224716 kB
SReclaimable:      80068 kB
SUnreclaim:       144648 kB
KernelStack:       46048 kB
PageTables:        62760 kB
NFS_Unstable:          0 kB
Bounce:                0 kB
WritebackTmp:          0 kB
CommitLimit:     9202288 kB
Committed_AS:   66054880 kB
VmallocTotal:   263061440 kB
VmallocUsed:      103100 kB
VmallocChunk:          0 kB
Percpu:             7648 kB
CmaTotal:         294912 kB
CmaFree:               0 kB
MemTotal:       12113132 kB
MemFree:         6387468 kB
MemAvailable:    8109940 kB
Buffers:            6544 kB
Cached:          1912744 kB
SwapCached:            0 kB
Active:          1495584 kB
Inactive:        1666636 kB
Active(anon):    1249380 kB
Inactive(anon):    25936 kB
Active(file):     246204 kB
Inactive(file):  1640700 kB
Unevictable:        5552 kB
Mlocked:            5552 kB
SwapTotal:       3145724 kB
SwapFree:        3145724 kB
Dirty:               908 kB
Writeback:             0 kB
AnonPages:       1248560 kB
Mapped:           857156 kB
Shmem:             27884 kB
KReclaimable:     704272 kB
Slab:             224700 kB
SReclaimable:      80068 kB
SUnreclaim:       144632 kB
KernelStack:       46048 kB
PageTables:        62728 kB
NFS_Unstable:          0 kB
Bounce:                0 kB
WritebackTmp:          0 kB
CommitLimit:     9202288 kB
Committed_AS:   66046472 kB
VmallocTotal:   263061440 kB
VmallocUsed:      103036 kB
VmallocChunk:          0 kB
Percpu:             7648 kB
CmaTotal:         294912 kB
CmaFree:               0 kB
MemTotal:       12113132 kB
MemFree:         6387296 kB
MemAvailable:    8109772 kB
Buffers:            6544 kB
Cached:          1912748 kB
SwapCached:            0 kB
Active:          1496152 kB
Inactive:        1666640 kB
Active(anon):    1249948 kB
Inactive(anon):    25936 kB
Active(file):     246204 kB
Inactive(file):  1640704 kB
Unevictable:        5552 kB
Mlocked:            5552 kB
SwapTotal:       3145724 kB
SwapFree:        3145724 kB
Dirty:               912 kB
Writeback:             0 kB
AnonPages:       1248968 kB
Mapped:           857156 kB
Shmem:             27884 kB
KReclaimable:     704272 kB
Slab:             224712 kB
SReclaimable:      80068 kB
SUnreclaim:       144644 kB
KernelStack:       46000 kB
PageTables:        62756 kB
NFS_Unstable:          0 kB
Bounce:                0 kB
WritebackTmp:          0 kB
CommitLimit:     9202288 kB
Committed_AS:   66046136 kB
VmallocTotal:   263061440 kB
VmallocUsed:      103020 kB
VmallocChunk:          0 kB
Percpu:             7648 kB
CmaTotal:         294912 kB
CmaFree:               0 kB
MemTotal:       12113132 kB
MemFree:         6386608 kB
MemAvailable:    8109096 kB
Buffers:            6544 kB
Cached:          1912760 kB
SwapCached:            0 kB
Active:          1496004 kB
Inactive:        1666652 kB
Active(anon):    1249800 kB
Inactive(anon):    25936 kB
Active(file):     246204 kB
Inactive(file):  1640716 kB
Unevictable:        5552 kB
Mlocked:            5552 kB
SwapTotal:       3145724 kB
SwapFree:        3145724 kB
Dirty:               924 kB
Writeback:             0 kB
AnonPages:       1248876 kB
Mapped:           857156 kB
Shmem:             27884 kB
KReclaimable:     704272 kB
Slab:             224712 kB
SReclaimable:      80068 kB
SUnreclaim:       144644 kB
KernelStack:       45984 kB
PageTables:        62700 kB
NFS_Unstable:          0 kB
Bounce:                0 kB
WritebackTmp:          0 kB
CommitLimit:     9202288 kB
Committed_AS:   66050544 kB
VmallocTotal:   263061440 kB
VmallocUsed:      103020 kB
VmallocChunk:          0 kB
Percpu:             7648 kB
CmaTotal:         294912 kB
CmaFree:               0 kB
MemTotal:       12113132 kB
MemFree:         6387228 kB
MemAvailable:    8109728 kB
Buffers:            6544 kB
Cached:          1912772 kB
SwapCached:            0 kB
Active:          1496880 kB
Inactive:        1666664 kB
Active(anon):    1250676 kB
Inactive(anon):    25936 kB
Active(file):     246204 kB
Inactive(file):  1640728 kB
Unevictable:        5552 kB
Mlocked:            5552 kB
SwapTotal:       3145724 kB
SwapFree:        3145724 kB
Dirty:               428 kB
Writeback:             0 kB
AnonPages:       1249924 kB
Mapped:           857156 kB
Shmem:             27884 kB
KReclaimable:     704272 kB
Slab:             224728 kB
SReclaimable:      80068 kB
SUnreclaim:       144660 kB
KernelStack:       46000 kB
PageTables:        62760 kB
NFS_Unstable:          0 kB
Bounce:                0 kB
WritebackTmp:          0 kB
CommitLimit:     9202288 kB
Committed_AS:   66045532 kB
VmallocTotal:   263061440 kB
VmallocUsed:      103004 kB
