MemTotal:        5980404 kB
MemFree:         1265172 kB
MemAvailable:    2826636 kB
Buffers:            4844 kB
Cached:          1585172 kB
SwapCached:            0 kB
Active:          1257060 kB
Inactive:        1408976 kB
Active(anon):    1082576 kB
Inactive(anon):    18004 kB
Active(file):     174484 kB
Inactive(file):  1390972 kB
Unevictable:        5576 kB
Mlocked:            5576 kB
SwapTotal:       3670008 kB
SwapFree:        3670008 kB
Dirty:               284 kB
Writeback:             0 kB
AnonPages:       1081784 kB
Mapped:           813580 kB
Shmem:             20024 kB
KReclaimable:     558440 kB
Slab:             222448 kB
SReclaimable:      67496 kB
SUnreclaim:       154952 kB
KernelStack:       47376 kB
PageTables:        60036 kB
NFS_Unstable:          0 kB
Bounce:                0 kB
WritebackTmp:          0 kB
CommitLimit:     6660208 kB
Committed_AS:   71286624 kB
VmallocTotal:   263061440 kB
VmallocUsed:       87816 kB
VmallocChunk:          0 kB
Percpu:             7648 kB
CmaTotal:         315392 kB
CmaFree:               0 kB
MemTotal:        5980404 kB
MemFree:         1247504 kB
MemAvailable:    2814052 kB
Buffers:            4852 kB
Cached:          1589988 kB
SwapCached:            0 kB
Active:          1267908 kB
Inactive:        1413700 kB
Active(anon):    1093324 kB
Inactive(anon):    18008 kB
Active(file):     174584 kB
Inactive(file):  1395692 kB
Unevictable:        5576 kB
Mlocked:            5576 kB
SwapTotal:       3670008 kB
SwapFree:        3670008 kB
Dirty:               288 kB
Writeback:             0 kB
AnonPages:       1092252 kB
Mapped:           815396 kB
Shmem:             20028 kB
KReclaimable:     558704 kB
Slab:             223196 kB
SReclaimable:      67760 kB
SUnreclaim:       155436 kB
KernelStack:       47456 kB
PageTables:        60820 kB
NFS_Unstable:          0 kB
Bounce:                0 kB
WritebackTmp:          0 kB
CommitLimit:     6660208 kB
Committed_AS:   71310120 kB
VmallocTotal:   263061440 kB
VmallocUsed:       87880 kB
VmallocChunk:          0 kB
Percpu:             7648 kB
CmaTotal:         315392 kB
CmaFree:               0 kB
MemTotal:        5980404 kB
MemFree:         1247704 kB
MemAvailable:    2814268 kB
Buffers:            4852 kB
Cached:          1590000 kB
SwapCached:            0 kB
Active:          1267312 kB
Inactive:        1413704 kB
Active(anon):    1092720 kB
Inactive(anon):    18020 kB
Active(file):     174592 kB
Inactive(file):  1395684 kB
Unevictable:        5576 kB
Mlocked:            5576 kB
SwapTotal:       3670008 kB
SwapFree:        3670008 kB
Dirty:               288 kB
Writeback:             0 kB
AnonPages:       1091436 kB
Mapped:           815360 kB
Shmem:             20040 kB
KReclaimable:     558720 kB
Slab:             223236 kB
SReclaimable:      67776 kB
SUnreclaim:       155460 kB
KernelStack:       47280 kB
PageTables:        60636 kB
NFS_Unstable:          0 kB
Bounce:                0 kB
WritebackTmp:          0 kB
CommitLimit:     6660208 kB
Committed_AS:   71311164 kB
VmallocTotal:   263061440 kB
VmallocUsed:       87768 kB
VmallocChunk:          0 kB
Percpu:             7648 kB
CmaTotal:         315392 kB
CmaFree:               0 kB
MemTotal:        5980404 kB
MemFree:         1248368 kB
MemAvailable:    2814924 kB
Buffers:            4852 kB
Cached:          1590000 kB
SwapCached:            0 kB
Active:          1267468 kB
Inactive:        1413704 kB
Active(anon):    1092876 kB
Inactive(anon):    18020 kB
Active(file):     174592 kB
Inactive(file):  1395684 kB
Unevictable:        5576 kB
Mlocked:            5576 kB
SwapTotal:       3670008 kB
SwapFree:        3670008 kB
Dirty:               288 kB
Writeback:             4 kB
AnonPages:       1091792 kB
Mapped:           815396 kB
Shmem:             20040 kB
KReclaimable:     558712 kB
Slab:             223216 kB
SReclaimable:      67768 kB
SUnreclaim:       155448 kB
KernelStack:       47344 kB
PageTables:        60852 kB
NFS_Unstable:          0 kB
Bounce:                0 kB
WritebackTmp:          0 kB
CommitLimit:     6660208 kB
Committed_AS:   71311744 kB
VmallocTotal:   263061440 kB
VmallocUsed:       87752 kB
VmallocChunk:          0 kB
Percpu:             7648 kB
CmaTotal:         315392 kB
CmaFree:               0 kB
MemTotal:        5980404 kB
MemFree:         1247932 kB
MemAvailable:    2814488 kB
Buffers:            4852 kB
Cached:          1590000 kB
SwapCached:            0 kB
Active:          1267392 kB
Inactive:        1413696 kB
Active(anon):    1092792 kB
Inactive(anon):    18020 kB
Active(file):     174600 kB
Inactive(file):  1395676 kB
Unevictable:        5576 kB
Mlocked:            5576 kB
SwapTotal:       3670008 kB
SwapFree:        3670008 kB
Dirty:               288 kB
Writeback:             0 kB
AnonPages:       1091564 kB
Mapped:           815456 kB
Shmem:             20040 kB
KReclaimable:     558712 kB
Slab:             223252 kB
SReclaimable:      67768 kB
SUnreclaim:       155484 kB
KernelStack:       47232 kB
PageTables:        60656 kB
NFS_Unstable:          0 kB
Bounce:                0 kB
WritebackTmp:          0 kB
CommitLimit:     6660208 kB
Committed_AS:   71307652 kB
VmallocTotal:   263061440 kB
VmallocUsed:       87704 kB
VmallocChunk:          0 kB
Percpu:             7648 kB
CmaTotal:         315392 kB
CmaFree:               0 kB
MemTotal:        5980404 kB
MemFree:         1247776 kB
MemAvailable:    2814332 kB
Buffers:            4852 kB
Cached:          1590000 kB
SwapCached:            0 kB
Active:          1267980 kB
Inactive:        1413688 kB
Active(anon):    1093372 kB
Inactive(anon):    18020 kB
Active(file):     174608 kB
Inactive(file):  1395668 kB
Unevictable:        5576 kB
Mlocked:            5576 kB
SwapTotal:       3670008 kB
SwapFree:        3670008 kB
Dirty:               288 kB
Writeback:             0 kB
AnonPages:       1092632 kB
Mapped:           815292 kB
Shmem:             20040 kB
KReclaimable:     558712 kB
Slab:             223260 kB
SReclaimable:      67768 kB
SUnreclaim:       155492 kB
KernelStack:       47312 kB
PageTables:        60776 kB
NFS_Unstable:          0 kB
Bounce:                0 kB
WritebackTmp:          0 kB
CommitLimit:     6660208 kB
Committed_AS:   71307768 kB
VmallocTotal:   263061440 kB
VmallocUsed:       87736 kB
VmallocChunk:          0 kB
Percpu:             7648 kB
CmaTotal:         315392 kB
CmaFree:               0 kB
MemTotal:        5980404 kB
MemFree:         1246668 kB
MemAvailable:    2813228 kB
Buffers:            4852 kB
Cached:          1590000 kB
SwapCached:            0 kB
Active:          1268040 kB
Inactive:        1413684 kB
Active(anon):    1093428 kB
Inactive(anon):    18020 kB
Active(file):     174612 kB
Inactive(file):  1395664 kB
Unevictable:        5576 kB
Mlocked:            5576 kB
SwapTotal:       3670008 kB
SwapFree:        3670008 kB
Dirty:               292 kB
Writeback:             0 kB
AnonPages:       1092704 kB
Mapped:           815520 kB
Shmem:             20040 kB
KReclaimable:     558716 kB
Slab:             223240 kB
SReclaimable:      67772 kB
SUnreclaim:       155468 kB
KernelStack:       47232 kB
PageTables:        60944 kB
NFS_Unstable:          0 kB
Bounce:                0 kB
WritebackTmp:          0 kB
CommitLimit:     6660208 kB
Committed_AS:   71309584 kB
VmallocTotal:   263061440 kB
VmallocUsed:       87624 kB
VmallocChunk:          0 kB
Percpu:             7648 kB
CmaTotal:         315392 kB
CmaFree:               0 kB
MemTotal:        5980404 kB
MemFree:         1246776 kB
MemAvailable:    2813348 kB
Buffers:            4852 kB
Cached:          1590020 kB
SwapCached:            0 kB
Active:          1268324 kB
Inactive:        1413704 kB
Active(anon):    1093712 kB
Inactive(anon):    18028 kB
Active(file):     174612 kB
Inactive(file):  1395676 kB
Unevictable:        5576 kB
Mlocked:            5576 kB
SwapTotal:       3670008 kB
SwapFree:        3670008 kB
Dirty:               304 kB
Writeback:             0 kB
AnonPages:       1092732 kB
Mapped:           815424 kB
Shmem:             20048 kB
KReclaimable:     558716 kB
Slab:             223224 kB
SReclaimable:      67772 kB
SUnreclaim:       155452 kB
KernelStack:       47072 kB
PageTables:        60688 kB
NFS_Unstable:          0 kB
Bounce:                0 kB
WritebackTmp:          0 kB
CommitLimit:     6660208 kB
Committed_AS:   71311512 kB
VmallocTotal:   263061440 kB
VmallocUsed:       87576 kB
VmallocChunk:          0 kB
Percpu:             7648 kB
CmaTotal:         315392 kB
CmaFree:               0 kB
MemTotal:        5980404 kB
MemFree:         1247568 kB
MemAvailable:    2814140 kB
Buffers:            4852 kB
Cached:          1590020 kB
SwapCached:            0 kB
Active:          1268908 kB
Inactive:        1413700 kB
Active(anon):    1094292 kB
Inactive(anon):    18028 kB
Active(file):     174616 kB
Inactive(file):  1395672 kB
Unevictable:        5576 kB
Mlocked:            5576 kB
SwapTotal:       3670008 kB
SwapFree:        3670008 kB
Dirty:               304 kB
Writeback:             0 kB
AnonPages:       1092924 kB
Mapped:           815292 kB
Shmem:             20048 kB
KReclaimable:     558716 kB
Slab:             223232 kB
SReclaimable:      67772 kB
SUnreclaim:       155460 kB
KernelStack:       47072 kB
PageTables:        60528 kB
NFS_Unstable:          0 kB
Bounce:                0 kB
WritebackTmp:          0 kB
CommitLimit:     6660208 kB
Committed_AS:   71306964 kB
VmallocTotal:   263061440 kB
VmallocUsed:       87544 kB
VmallocChunk:          0 kB
Percpu:             7648 kB
CmaTotal:         315392 kB
CmaFree:               0 kB
MemTotal:        5980404 kB
MemFree:         1247572 kB
MemAvailable:    2814128 kB
Buffers:            4852 kB
Cached:          1590020 kB
SwapCached:            0 kB
Active:          1269096 kB
Inactive:        1413700 kB
Active(anon):    1094480 kB
Inactive(anon):    18028 kB
Active(file):     174616 kB
Inactive(file):  1395672 kB
Unevictable:        5576 kB
Mlocked:            5576 kB
SwapTotal:       3670008 kB
SwapFree:        3670008 kB
Dirty:               308 kB
Writeback:             0 kB
AnonPages:       1093028 kB
Mapped:           815448 kB
Shmem:             20048 kB
KReclaimable:     558700 kB
Slab:             223224 kB
SReclaimable:      67756 kB
SUnreclaim:       155468 kB
KernelStack:       47056 kB
PageTables:        60936 kB
NFS_Unstable:          0 kB
Bounce:                0 kB
WritebackTmp:          0 kB
CommitLimit:     6660208 kB
Committed_AS:   71310608 kB
VmallocTotal:   263061440 kB
VmallocUsed:       87544 kB
VmallocChunk:          0 kB
Percpu:             7648 kB
CmaTotal:         315392 kB
CmaFree:               0 kB
MemTotal:        5980404 kB
MemFree:         1247284 kB
MemAvailable:    2813840 kB
Buffers:            4852 kB
Cached:          1590024 kB
SwapCached:            0 kB
Active:          1269580 kB
Inactive:        1413696 kB
Active(anon):    1094956 kB
Inactive(anon):    18032 kB
Active(file):     174624 kB
Inactive(file):  1395664 kB
Unevictable:        5576 kB
Mlocked:            5576 kB
SwapTotal:       3670008 kB
SwapFree:        3670008 kB
Dirty:               308 kB
Writeback:             0 kB
AnonPages:       1093684 kB
Mapped:           815492 kB
Shmem:             20052 kB
KReclaimable:     558700 kB
Slab:             223224 kB
SReclaimable:      67756 kB
SUnreclaim:       155468 kB
KernelStack:       47072 kB
PageTables:        60804 kB
NFS_Unstable:          0 kB
Bounce:                0 kB
WritebackTmp:          0 kB
CommitLimit:     6660208 kB
Committed_AS:   71308496 kB
VmallocTotal:   263061440 kB
VmallocUsed:       87544 kB
VmallocChunk:          0 kB
Percpu:             7648 kB
CmaTotal:         315392 kB
CmaFree:               0 kB
MemTotal:        5980404 kB
MemFree:         1247252 kB
MemAvailable:    2813800 kB
Buffers:            4852 kB
Cached:          1590024 kB
SwapCached:            0 kB
Active:          1269272 kB
Inactive:        1413692 kB
Active(anon):    1094644 kB
Inactive(anon):    18032 kB
Active(file):     174628 kB
Inactive(file):  1395660 kB
Unevictable:        5576 kB
Mlocked:            5576 kB
SwapTotal:       3670008 kB
SwapFree:        3670008 kB
Dirty:               308 kB
Writeback:             0 kB
AnonPages:       1093688 kB
Mapped:           815468 kB
Shmem:             20052 kB
KReclaimable:     558692 kB
Slab:             223184 kB
SReclaimable:      67748 kB
SUnreclaim:       155436 kB
KernelStack:       47088 kB
PageTables:        60488 kB
NFS_Unstable:          0 kB
Bounce:                0 kB
WritebackTmp:          0 kB
CommitLimit:     6660208 kB
Committed_AS:   71304880 kB
VmallocTotal:   263061440 kB
VmallocUsed:       87544 kB
VmallocChunk:          0 kB
Percpu:             7648 kB
CmaTotal:         315392 kB
CmaFree:               0 kB
MemTotal:        5980404 kB
MemFree:         1245740 kB
MemAvailable:    2812288 kB
Buffers:            4852 kB
Cached:          1590024 kB
SwapCached:            0 kB
Active:          1270160 kB
Inactive:        1413692 kB
Active(anon):    1095532 kB
Inactive(anon):    18032 kB
Active(file):     174628 kB
Inactive(file):  1395660 kB
Unevictable:        5576 kB
Mlocked:            5576 kB
SwapTotal:       3670008 kB
SwapFree:        3670008 kB
Dirty:               308 kB
Writeback:             0 kB
AnonPages:       1094748 kB
Mapped:           815468 kB
Shmem:             20052 kB
KReclaimable:     558692 kB
Slab:             223176 kB
SReclaimable:      67748 kB
SUnreclaim:       155428 kB
KernelStack:       47056 kB
PageTables:        60508 kB
NFS_Unstable:          0 kB
Bounce:                0 kB
WritebackTmp:          0 kB
CommitLimit:     6660208 kB
Committed_AS:   71307032 kB
VmallocTotal:   263061440 kB
VmallocUsed:       87528 kB
VmallocChunk:          0 kB
Percpu:             7648 kB
CmaTotal:         315392 kB
CmaFree:               0 kB
MemTotal:        5980404 kB
MemFree:         1246152 kB
MemAvailable:    2812716 kB
Buffers:            4856 kB
Cached:          1590036 kB
SwapCached:            0 kB
Active:          1270744 kB
Inactive:        1413704 kB
Active(anon):    1096112 kB
Inactive(anon):    18032 kB
Active(file):     174632 kB
Inactive(file):  1395672 kB
Unevictable:        5576 kB
Mlocked:            5576 kB
SwapTotal:       3670008 kB
SwapFree:        3670008 kB
Dirty:               296 kB
Writeback:             0 kB
AnonPages:       1095068 kB
Mapped:           815436 kB
Shmem:             20052 kB
KReclaimable:     558692 kB
Slab:             223184 kB
SReclaimable:      67748 kB
SUnreclaim:       155436 kB
KernelStack:       47088 kB
PageTables:        60628 kB
NFS_Unstable:          0 kB
Bounce:                0 kB
WritebackTmp:          0 kB
CommitLimit:     6660208 kB
Committed_AS:   71312760 kB
VmallocTotal:   263061440 kB
VmallocUsed:       87528 kB
VmallocChunk:          0 kB
Percpu:             7648 kB
CmaTotal:         315392 kB
CmaFree:               0 kB
MemTotal:        5980404 kB
MemFree:         1245844 kB
MemAvailable:    2812408 kB
Buffers:            4856 kB
Cached:          1590044 kB
SwapCached:            0 kB
Active:          1271140 kB
Inactive:        1413708 kB
Active(anon):    1096504 kB
Inactive(anon):    18040 kB
Active(file):     174636 kB
Inactive(file):  1395668 kB
Unevictable:        5576 kB
Mlocked:            5576 kB
SwapTotal:       3670008 kB
SwapFree:        3670008 kB
Dirty:               296 kB
Writeback:             0 kB
AnonPages:       1095560 kB
Mapped:           815296 kB
Shmem:             20060 kB
KReclaimable:     558692 kB
Slab:             223184 kB
SReclaimable:      67748 kB
SUnreclaim:       155436 kB
KernelStack:       47072 kB
PageTables:        60604 kB
NFS_Unstable:          0 kB
Bounce:                0 kB
WritebackTmp:          0 kB
CommitLimit:     6660208 kB
Committed_AS:   71314140 kB
VmallocTotal:   263061440 kB
VmallocUsed:       87544 kB
VmallocChunk:          0 kB
Percpu:             7648 kB
CmaTotal:         315392 kB
CmaFree:               0 kB
MemTotal:        5980404 kB
MemFree:         1245700 kB
MemAvailable:    2812264 kB
Buffers:            4856 kB
Cached:          1590044 kB
SwapCached:            0 kB
Active:          1270764 kB
Inactive:        1413708 kB
Active(anon):    1096128 kB
Inactive(anon):    18040 kB
Active(file):     174636 kB
Inactive(file):  1395668 kB
Unevictable:        5576 kB
Mlocked:            5576 kB
SwapTotal:       3670008 kB
SwapFree:        3670008 kB
Dirty:               296 kB
Writeback:             0 kB
AnonPages:       1095352 kB
Mapped:           815420 kB
Shmem:             20060 kB
KReclaimable:     558692 kB
Slab:             223192 kB
SReclaimable:      67748 kB
SUnreclaim:       155444 kB
KernelStack:       47104 kB
PageTables:        60912 kB
NFS_Unstable:          0 kB
Bounce:                0 kB
WritebackTmp:          0 kB
CommitLimit:     6660208 kB
Committed_AS:   71307296 kB
VmallocTotal:   263061440 kB
VmallocUsed:       87496 kB
VmallocChunk:          0 kB
Percpu:             7648 kB
CmaTotal:         315392 kB
CmaFree:               0 kB
MemTotal:        5980404 kB
MemFree:         1245940 kB
MemAvailable:    2812504 kB
Buffers:            4856 kB
Cached:          1590044 kB
SwapCached:            0 kB
Active:          1271332 kB
Inactive:        1413708 kB
Active(anon):    1096696 kB
Inactive(anon):    18040 kB
Active(file):     174636 kB
Inactive(file):  1395668 kB
Unevictable:        5576 kB
Mlocked:            5576 kB
SwapTotal:       3670008 kB
SwapFree:        3670008 kB
Dirty:               296 kB
Writeback:             0 kB
AnonPages:       1095856 kB
Mapped:           815476 kB
Shmem:             20060 kB
KReclaimable:     558692 kB
Slab:             223172 kB
SReclaimable:      67748 kB
SUnreclaim:       155424 kB
KernelStack:       47120 kB
PageTables:        60772 kB
NFS_Unstable:          0 kB
Bounce:                0 kB
WritebackTmp:          0 kB
CommitLimit:     6660208 kB
Committed_AS:   71310164 kB
VmallocTotal:   263061440 kB
VmallocUsed:       87560 kB
VmallocChunk:          0 kB
Percpu:             7648 kB
CmaTotal:         315392 kB
CmaFree:               0 kB
MemTotal:        5980404 kB
MemFree:         1244160 kB
MemAvailable:    2810728 kB
Buffers:            4856 kB
Cached:          1590076 kB
SwapCached:            0 kB
Active:          1272180 kB
Inactive:        1413740 kB
Active(anon):    1097544 kB
Inactive(anon):    18068 kB
Active(file):     174636 kB
Inactive(file):  1395672 kB
Unevictable:        5576 kB
Mlocked:            5576 kB
SwapTotal:       3670008 kB
SwapFree:        3670008 kB
Dirty:               296 kB
Writeback:             0 kB
AnonPages:       1096096 kB
Mapped:           815440 kB
Shmem:             20088 kB
KReclaimable:     558692 kB
Slab:             223180 kB
SReclaimable:      67748 kB
SUnreclaim:       155432 kB
KernelStack:       47072 kB
PageTables:        60608 kB
NFS_Unstable:          0 kB
Bounce:                0 kB
WritebackTmp:          0 kB
CommitLimit:     6660208 kB
Committed_AS:   71304936 kB
VmallocTotal:   263061440 kB
VmallocUsed:       87496 kB
VmallocChunk:          0 kB
Percpu:             7648 kB
CmaTotal:         315392 kB
CmaFree:               0 kB
MemTotal:        5980404 kB
MemFree:         1244164 kB
MemAvailable:    2810732 kB
Buffers:            4856 kB
Cached:          1590076 kB
SwapCached:            0 kB
Active:          1272244 kB
Inactive:        1413740 kB
Active(anon):    1097608 kB
Inactive(anon):    18068 kB
Active(file):     174636 kB
Inactive(file):  1395672 kB
Unevictable:        5576 kB
Mlocked:            5576 kB
SwapTotal:       3670008 kB
SwapFree:        3670008 kB
Dirty:               296 kB
Writeback:             0 kB
AnonPages:       1096576 kB
Mapped:           815216 kB
Shmem:             20088 kB
KReclaimable:     558692 kB
Slab:             223188 kB
SReclaimable:      67748 kB
SUnreclaim:       155440 kB
KernelStack:       47072 kB
PageTables:        60552 kB
NFS_Unstable:          0 kB
Bounce:                0 kB
WritebackTmp:          0 kB
CommitLimit:     6660208 kB
Committed_AS:   71306212 kB
VmallocTotal:   263061440 kB
VmallocUsed:       87464 kB
VmallocChunk:          0 kB
Percpu:             7648 kB
CmaTotal:         315392 kB
CmaFree:               0 kB
MemTotal:        5980404 kB
MemFree:         1243828 kB
MemAvailable:    2810396 kB
Buffers:            4856 kB
Cached:          1590076 kB
SwapCached:            0 kB
Active:          1273408 kB
Inactive:        1413740 kB
Active(anon):    1098772 kB
Inactive(anon):    18068 kB
Active(file):     174636 kB
Inactive(file):  1395672 kB
Unevictable:        5576 kB
Mlocked:            5576 kB
SwapTotal:       3670008 kB
SwapFree:        3670008 kB
Dirty:               320 kB
Writeback:             0 kB
AnonPages:       1097736 kB
Mapped:           815548 kB
Shmem:             20088 kB
KReclaimable:     558692 kB
Slab:             223180 kB
SReclaimable:      67748 kB
SUnreclaim:       155432 kB
KernelStack:       47088 kB
PageTables:        60668 kB
NFS_Unstable:          0 kB
Bounce:                0 kB
WritebackTmp:          0 kB
CommitLimit:     6660208 kB
Committed_AS:   71314272 kB
VmallocTotal:   263061440 kB
VmallocUsed:       87496 kB
VmallocChunk:          0 kB
Percpu:             7648 kB
CmaTotal:         315392 kB
CmaFree:               0 kB
MemTotal:        5980404 kB
MemFree:         1243112 kB
MemAvailable:    2809680 kB
Buffers:            4856 kB
Cached:          1590076 kB
SwapCached:            0 kB
Active:          1273540 kB
Inactive:        1413744 kB
Active(anon):    1098908 kB
Inactive(anon):    18068 kB
Active(file):     174632 kB
Inactive(file):  1395676 kB
Unevictable:        5576 kB
Mlocked:            5576 kB
SwapTotal:       3670008 kB
SwapFree:        3670008 kB
Dirty:               340 kB
Writeback:             0 kB
AnonPages:       1097812 kB
Mapped:           815496 kB
Shmem:             20088 kB
KReclaimable:     558692 kB
Slab:             223180 kB
SReclaimable:      67748 kB
SUnreclaim:       155432 kB
KernelStack:       47088 kB
PageTables:        60560 kB
NFS_Unstable:          0 kB
Bounce:                0 kB
WritebackTmp:          0 kB
CommitLimit:     6660208 kB
Committed_AS:   71310752 kB
VmallocTotal:   263061440 kB
VmallocUsed:       87480 kB
VmallocChunk:          0 kB
Percpu:             7648 kB
CmaTotal:         315392 kB
CmaFree:               0 kB
MemTotal:        5980404 kB
MemFree:         1241912 kB
MemAvailable:    2808480 kB
Buffers:            4856 kB
Cached:          1590076 kB
SwapCached:            0 kB
Active:          1273928 kB
Inactive:        1413744 kB
Active(anon):    1099296 kB
Inactive(anon):    18068 kB
Active(file):     174632 kB
Inactive(file):  1395676 kB
Unevictable:        5576 kB
Mlocked:            5576 kB
SwapTotal:       3670008 kB
SwapFree:        3670008 kB
Dirty:               340 kB
Writeback:             0 kB
AnonPages:       1098084 kB
Mapped:           815552 kB
Shmem:             20088 kB
KReclaimable:     558692 kB
Slab:             223188 kB
SReclaimable:      67748 kB
SUnreclaim:       155440 kB
KernelStack:       47072 kB
PageTables:        60644 kB
NFS_Unstable:          0 kB
Bounce:                0 kB
WritebackTmp:          0 kB
CommitLimit:     6660208 kB
Committed_AS:   71311076 kB
VmallocTotal:   263061440 kB
VmallocUsed:       87464 kB
VmallocChunk:          0 kB
Percpu:             7648 kB
CmaTotal:         315392 kB
CmaFree:               0 kB
MemTotal:        5980404 kB
MemFree:         1240988 kB
MemAvailable:    2807564 kB
Buffers:            4856 kB
Cached:          1590080 kB
SwapCached:            0 kB
Active:          1274980 kB
Inactive:        1413744 kB
Active(anon):    1100344 kB
Inactive(anon):    18068 kB
Active(file):     174636 kB
Inactive(file):  1395676 kB
Unevictable:        5576 kB
Mlocked:            5576 kB
SwapTotal:       3670008 kB
SwapFree:        3670008 kB
Dirty:               368 kB
Writeback:             0 kB
AnonPages:       1099492 kB
Mapped:           815684 kB
Shmem:             20088 kB
KReclaimable:     558696 kB
Slab:             223224 kB
SReclaimable:      67752 kB
SUnreclaim:       155472 kB
KernelStack:       47104 kB
PageTables:        60656 kB
NFS_Unstable:          0 kB
Bounce:                0 kB
WritebackTmp:          0 kB
CommitLimit:     6660208 kB
Committed_AS:   71309388 kB
VmallocTotal:   263061440 kB
VmallocUsed:       87480 kB
VmallocChunk:          0 kB
Percpu:             7648 kB
CmaTotal:         315392 kB
CmaFree:               0 kB
MemTotal:        5980404 kB
MemFree:         1240084 kB
MemAvailable:    2806660 kB
Buffers:            4856 kB
Cached:          1590088 kB
SwapCached:            0 kB
Active:          1275800 kB
Inactive:        1413752 kB
Active(anon):    1101164 kB
Inactive(anon):    18076 kB
Active(file):     174636 kB
Inactive(file):  1395676 kB
Unevictable:        5576 kB
Mlocked:            5576 kB
SwapTotal:       3670008 kB
SwapFree:        3670008 kB
Dirty:               368 kB
Writeback:             0 kB
AnonPages:       1100152 kB
Mapped:           815528 kB
Shmem:             20096 kB
KReclaimable:     558696 kB
Slab:             223224 kB
SReclaimable:      67752 kB
SUnreclaim:       155472 kB
KernelStack:       47088 kB
PageTables:        60708 kB
NFS_Unstable:          0 kB
Bounce:                0 kB
WritebackTmp:          0 kB
CommitLimit:     6660208 kB
Committed_AS:   71310304 kB
VmallocTotal:   263061440 kB
VmallocUsed:       87496 kB
VmallocChunk:          0 kB
Percpu:             7648 kB
CmaTotal:         315392 kB
CmaFree:               0 kB
MemTotal:        5980404 kB
MemFree:         1241868 kB
MemAvailable:    2808436 kB
Buffers:            4856 kB
Cached:          1590096 kB
SwapCached:            0 kB
Active:          1274732 kB
Inactive:        1413760 kB
Active(anon):    1100096 kB
Inactive(anon):    18084 kB
Active(file):     174636 kB
Inactive(file):  1395676 kB
Unevictable:        5576 kB
Mlocked:            5576 kB
SwapTotal:       3670008 kB
SwapFree:        3670008 kB
Dirty:               412 kB
Writeback:             0 kB
AnonPages:       1099052 kB
Mapped:           815700 kB
Shmem:             20104 kB
KReclaimable:     558688 kB
Slab:             223208 kB
SReclaimable:      67744 kB
SUnreclaim:       155464 kB
KernelStack:       47132 kB
PageTables:        60872 kB
NFS_Unstable:          0 kB
Bounce:                0 kB
WritebackTmp:          0 kB
CommitLimit:     6660208 kB
Committed_AS:   71311928 kB
VmallocTotal:   263061440 kB
VmallocUsed:       87448 kB
VmallocChunk:          0 kB
Percpu:             7648 kB
CmaTotal:         315392 kB
CmaFree:               0 kB
MemTotal:        5980404 kB
MemFree:         1239980 kB
MemAvailable:    2806548 kB
Buffers:            4856 kB
Cached:          1590096 kB
SwapCached:            0 kB
Active:          1275664 kB
Inactive:        1413760 kB
Active(anon):    1101028 kB
Inactive(anon):    18084 kB
Active(file):     174636 kB
Inactive(file):  1395676 kB
Unevictable:        5576 kB
Mlocked:            5576 kB
SwapTotal:       3670008 kB
SwapFree:        3670008 kB
Dirty:               412 kB
Writeback:             0 kB
AnonPages:       1100028 kB
Mapped:           815700 kB
Shmem:             20104 kB
KReclaimable:     558688 kB
Slab:             223296 kB
SReclaimable:      67744 kB
SUnreclaim:       155552 kB
KernelStack:       47120 kB
PageTables:        60768 kB
NFS_Unstable:          0 kB
Bounce:                0 kB
WritebackTmp:          0 kB
CommitLimit:     6660208 kB
Committed_AS:   71311876 kB
VmallocTotal:   263061440 kB
VmallocUsed:       87448 kB
VmallocChunk:          0 kB
Percpu:             7648 kB
CmaTotal:         315392 kB
CmaFree:               0 kB
MemTotal:        5980404 kB
MemFree:         1241048 kB
MemAvailable:    2807616 kB
Buffers:            4856 kB
Cached:          1590096 kB
SwapCached:            0 kB
Active:          1275812 kB
Inactive:        1413760 kB
Active(anon):    1101176 kB
Inactive(anon):    18084 kB
Active(file):     174636 kB
Inactive(file):  1395676 kB
Unevictable:        5576 kB
Mlocked:            5576 kB
SwapTotal:       3670008 kB
SwapFree:        3670008 kB
Dirty:               272 kB
Writeback:             0 kB
AnonPages:       1099932 kB
Mapped:           815756 kB
Shmem:             20104 kB
KReclaimable:     558688 kB
Slab:             223264 kB
SReclaimable:      67744 kB
SUnreclaim:       155520 kB
KernelStack:       47136 kB
PageTables:        60740 kB
NFS_Unstable:          0 kB
Bounce:                0 kB
WritebackTmp:          0 kB
CommitLimit:     6660208 kB
Committed_AS:   71312188 kB
VmallocTotal:   263061440 kB
VmallocUsed:       87448 kB
VmallocChunk:          0 kB
Percpu:             7648 kB
CmaTotal:         315392 kB
CmaFree:               0 kB
MemTotal:        5980404 kB
MemFree:         1239936 kB
MemAvailable:    2806504 kB
Buffers:            4864 kB
Cached:          1590100 kB
SwapCached:            0 kB
Active:          1275992 kB
Inactive:        1413772 kB
Active(anon):    1101356 kB
Inactive(anon):    18096 kB
Active(file):     174636 kB
Inactive(file):  1395676 kB
Unevictable:        5576 kB
Mlocked:            5576 kB
SwapTotal:       3670008 kB
SwapFree:        3670008 kB
Dirty:               264 kB
Writeback:             0 kB
AnonPages:       1100436 kB
Mapped:           815672 kB
Shmem:             20116 kB
KReclaimable:     558688 kB
Slab:             223224 kB
SReclaimable:      67744 kB
SUnreclaim:       155480 kB
KernelStack:       47148 kB
PageTables:        60932 kB
NFS_Unstable:          0 kB
Bounce:                0 kB
WritebackTmp:          0 kB
CommitLimit:     6660208 kB
Committed_AS:   71309808 kB
VmallocTotal:   263061440 kB
VmallocUsed:       87480 kB
VmallocChunk:          0 kB
Percpu:             7648 kB
CmaTotal:         315392 kB
CmaFree:               0 kB
MemTotal:        5980404 kB
MemFree:         1238708 kB
MemAvailable:    2805304 kB
Buffers:            4864 kB
Cached:          1590124 kB
SwapCached:            0 kB
Active:          1277708 kB
Inactive:        1413788 kB
Active(anon):    1103064 kB
Inactive(anon):    18096 kB
Active(file):     174644 kB
Inactive(file):  1395692 kB
Unevictable:        5576 kB
Mlocked:            5576 kB
SwapTotal:       3670008 kB
SwapFree:        3670008 kB
Dirty:               280 kB
Writeback:             0 kB
AnonPages:       1102416 kB
Mapped:           815564 kB
Shmem:             20116 kB
KReclaimable:     558692 kB
Slab:             223212 kB
SReclaimable:      67748 kB
SUnreclaim:       155464 kB
KernelStack:       47168 kB
PageTables:        60784 kB
NFS_Unstable:          0 kB
Bounce:                0 kB
WritebackTmp:          0 kB
CommitLimit:     6660208 kB
Committed_AS:   71308944 kB
VmallocTotal:   263061440 kB
VmallocUsed:       87480 kB
VmallocChunk:          0 kB
Percpu:             7648 kB
CmaTotal:         315392 kB
CmaFree:               0 kB
MemTotal:        5980404 kB
MemFree:         1238628 kB
MemAvailable:    2805224 kB
Buffers:            4864 kB
Cached:          1590124 kB
SwapCached:            0 kB
Active:          1277696 kB
Inactive:        1413788 kB
Active(anon):    1103052 kB
Inactive(anon):    18096 kB
Active(file):     174644 kB
Inactive(file):  1395692 kB
Unevictable:        5576 kB
Mlocked:            5576 kB
SwapTotal:       3670008 kB
SwapFree:        3670008 kB
Dirty:               280 kB
Writeback:             0 kB
AnonPages:       1102172 kB
Mapped:           815656 kB
Shmem:             20116 kB
KReclaimable:     558692 kB
Slab:             223204 kB
SReclaimable:      67748 kB
SUnreclaim:       155456 kB
KernelStack:       47136 kB
PageTables:        60696 kB
NFS_Unstable:          0 kB
Bounce:                0 kB
WritebackTmp:          0 kB
CommitLimit:     6660208 kB
Committed_AS:   71310692 kB
VmallocTotal:   263061440 kB
VmallocUsed:       87496 kB
VmallocChunk:          0 kB
Percpu:             7648 kB
CmaTotal:         315392 kB
CmaFree:               0 kB
MemTotal:        5980404 kB
MemFree:         1239372 kB
MemAvailable:    2805968 kB
Buffers:            4864 kB
Cached:          1590124 kB
SwapCached:            0 kB
Active:          1277676 kB
Inactive:        1413788 kB
Active(anon):    1103032 kB
Inactive(anon):    18096 kB
Active(file):     174644 kB
Inactive(file):  1395692 kB
Unevictable:        5576 kB
Mlocked:            5576 kB
SwapTotal:       3670008 kB
SwapFree:        3670008 kB
Dirty:               296 kB
Writeback:             0 kB
AnonPages:       1102132 kB
Mapped:           815712 kB
Shmem:             20116 kB
KReclaimable:     558692 kB
Slab:             223196 kB
SReclaimable:      67748 kB
SUnreclaim:       155448 kB
KernelStack:       47104 kB
PageTables:        60724 kB
NFS_Unstable:          0 kB
Bounce:                0 kB
WritebackTmp:          0 kB
CommitLimit:     6660208 kB
Committed_AS:   71309376 kB
VmallocTotal:   263061440 kB
VmallocUsed:       87512 kB
VmallocChunk:          0 kB
Percpu:             7648 kB
CmaTotal:         315392 kB
CmaFree:               0 kB
MemTotal:        5980404 kB
MemFree:         1238272 kB
MemAvailable:    2804868 kB
Buffers:            4864 kB
Cached:          1590124 kB
SwapCached:            0 kB
Active:          1278632 kB
Inactive:        1413788 kB
Active(anon):    1103988 kB
Inactive(anon):    18096 kB
Active(file):     174644 kB
Inactive(file):  1395692 kB
Unevictable:        5576 kB
Mlocked:            5576 kB
SwapTotal:       3670008 kB
SwapFree:        3670008 kB
Dirty:               296 kB
Writeback:             0 kB
AnonPages:       1102904 kB
Mapped:           815604 kB
Shmem:             20116 kB
KReclaimable:     558692 kB
Slab:             223244 kB
SReclaimable:      67748 kB
SUnreclaim:       155496 kB
KernelStack:       47024 kB
PageTables:        60540 kB
NFS_Unstable:          0 kB
Bounce:                0 kB
WritebackTmp:          0 kB
CommitLimit:     6660208 kB
Committed_AS:   71310920 kB
VmallocTotal:   263061440 kB
VmallocUsed:       87464 kB
VmallocChunk:          0 kB
Percpu:             7648 kB
CmaTotal:         315392 kB
CmaFree:               0 kB
MemTotal:        5980404 kB
MemFree:         1237936 kB
MemAvailable:    2804532 kB
Buffers:            4864 kB
Cached:          1590124 kB
SwapCached:            0 kB
Active:          1278792 kB
Inactive:        1413788 kB
Active(anon):    1104148 kB
Inactive(anon):    18096 kB
Active(file):     174644 kB
Inactive(file):  1395692 kB
Unevictable:        5576 kB
Mlocked:            5576 kB
SwapTotal:       3670008 kB
SwapFree:        3670008 kB
Dirty:               296 kB
Writeback:             0 kB
AnonPages:       1103104 kB
Mapped:           815712 kB
Shmem:             20116 kB
KReclaimable:     558692 kB
Slab:             223196 kB
SReclaimable:      67748 kB
SUnreclaim:       155448 kB
KernelStack:       47056 kB
PageTables:        60796 kB
NFS_Unstable:          0 kB
Bounce:                0 kB
WritebackTmp:          0 kB
CommitLimit:     6660208 kB
Committed_AS:   71309788 kB
VmallocTotal:   263061440 kB
VmallocUsed:       87464 kB
VmallocChunk:          0 kB
Percpu:             7648 kB
CmaTotal:         315392 kB
CmaFree:              40 kB
MemTotal:        5980404 kB
MemFree:         1236592 kB
MemAvailable:    2803188 kB
Buffers:            4864 kB
Cached:          1590124 kB
SwapCached:            0 kB
Active:          1279440 kB
Inactive:        1413788 kB
Active(anon):    1104796 kB
Inactive(anon):    18096 kB
Active(file):     174644 kB
Inactive(file):  1395692 kB
Unevictable:        5576 kB
Mlocked:            5576 kB
SwapTotal:       3670008 kB
SwapFree:        3670008 kB
Dirty:               296 kB
Writeback:             0 kB
AnonPages:       1103172 kB
Mapped:           815712 kB
Shmem:             20116 kB
KReclaimable:     558692 kB
Slab:             223212 kB
SReclaimable:      67748 kB
SUnreclaim:       155464 kB
KernelStack:       47068 kB
PageTables:        60704 kB
NFS_Unstable:          0 kB
Bounce:                0 kB
WritebackTmp:          0 kB
CommitLimit:     6660208 kB
Committed_AS:   71309348 kB
VmallocTotal:   263061440 kB
VmallocUsed:       87432 kB
VmallocChunk:          0 kB
Percpu:             7648 kB
CmaTotal:         315392 kB
CmaFree:               0 kB
MemTotal:        5980404 kB
MemFree:         1236248 kB
MemAvailable:    2802844 kB
Buffers:            4864 kB
Cached:          1590124 kB
SwapCached:            0 kB
Active:          1279128 kB
Inactive:        1413788 kB
Active(anon):    1104484 kB
Inactive(anon):    18096 kB
Active(file):     174644 kB
Inactive(file):  1395692 kB
Unevictable:        5576 kB
Mlocked:            5576 kB
SwapTotal:       3670008 kB
SwapFree:        3670008 kB
Dirty:               296 kB
Writeback:             0 kB
AnonPages:       1103572 kB
Mapped:           815712 kB
Shmem:             20116 kB
KReclaimable:     558692 kB
Slab:             223212 kB
SReclaimable:      67748 kB
SUnreclaim:       155464 kB
KernelStack:       46944 kB
PageTables:        60772 kB
NFS_Unstable:          0 kB
Bounce:                0 kB
WritebackTmp:          0 kB
CommitLimit:     6660208 kB
Committed_AS:   71308140 kB
VmallocTotal:   263061440 kB
VmallocUsed:       87368 kB
VmallocChunk:          0 kB
Percpu:             7648 kB
CmaTotal:         315392 kB
CmaFree:               0 kB
MemTotal:        5980404 kB
MemFree:         1237444 kB
MemAvailable:    2804040 kB
Buffers:            4864 kB
Cached:          1590124 kB
SwapCached:            0 kB
Active:          1279676 kB
Inactive:        1413788 kB
Active(anon):    1105032 kB
Inactive(anon):    18096 kB
Active(file):     174644 kB
Inactive(file):  1395692 kB
Unevictable:        5576 kB
Mlocked:            5576 kB
SwapTotal:       3670008 kB
SwapFree:        3670008 kB
Dirty:               296 kB
Writeback:             0 kB
AnonPages:       1103884 kB
Mapped:           815548 kB
Shmem:             20116 kB
KReclaimable:     558692 kB
Slab:             223196 kB
SReclaimable:      67748 kB
SUnreclaim:       155448 kB
KernelStack:       46960 kB
PageTables:        60692 kB
NFS_Unstable:          0 kB
Bounce:                0 kB
WritebackTmp:          0 kB
CommitLimit:     6660208 kB
Committed_AS:   71310372 kB
VmallocTotal:   263061440 kB
VmallocUsed:       87336 kB
VmallocChunk:          0 kB
Percpu:             7648 kB
CmaTotal:         315392 kB
CmaFree:               0 kB
MemTotal:        5980404 kB
MemFree:         1235536 kB
MemAvailable:    2802132 kB
Buffers:            4864 kB
Cached:          1590124 kB
SwapCached:            0 kB
Active:          1279924 kB
Inactive:        1413788 kB
Active(anon):    1105280 kB
Inactive(anon):    18096 kB
Active(file):     174644 kB
Inactive(file):  1395692 kB
Unevictable:        5576 kB
Mlocked:            5576 kB
SwapTotal:       3670008 kB
SwapFree:        3670008 kB
Dirty:               296 kB
Writeback:             0 kB
AnonPages:       1104200 kB
Mapped:           815704 kB
Shmem:             20116 kB
KReclaimable:     558692 kB
Slab:             223244 kB
SReclaimable:      67748 kB
SUnreclaim:       155496 kB
KernelStack:       46944 kB
PageTables:        60716 kB
NFS_Unstable:          0 kB
Bounce:                0 kB
WritebackTmp:          0 kB
CommitLimit:     6660208 kB
Committed_AS:   71309788 kB
VmallocTotal:   263061440 kB
VmallocUsed:       87336 kB
VmallocChunk:          0 kB
Percpu:             7648 kB
CmaTotal:         315392 kB
CmaFree:               0 kB
MemTotal:        5980404 kB
MemFree:         1235856 kB
MemAvailable:    2802460 kB
Buffers:            4864 kB
Cached:          1590132 kB
SwapCached:            0 kB
Active:          1280740 kB
Inactive:        1413792 kB
Active(anon):    1106092 kB
Inactive(anon):    18096 kB
Active(file):     174648 kB
Inactive(file):  1395696 kB
Unevictable:        5576 kB
Mlocked:            5576 kB
SwapTotal:       3670008 kB
SwapFree:        3670008 kB
Dirty:               324 kB
Writeback:             0 kB
AnonPages:       1105016 kB
Mapped:           815712 kB
Shmem:             20116 kB
KReclaimable:     558692 kB
Slab:             223228 kB
SReclaimable:      67748 kB
SUnreclaim:       155480 kB
KernelStack:       46960 kB
PageTables:        60532 kB
NFS_Unstable:          0 kB
Bounce:                0 kB
WritebackTmp:          0 kB
CommitLimit:     6660208 kB
Committed_AS:   71309572 kB
VmallocTotal:   263061440 kB
VmallocUsed:       87368 kB
VmallocChunk:          0 kB
Percpu:             7648 kB
CmaTotal:         315392 kB
CmaFree:               0 kB
MemTotal:        5980404 kB
MemFree:         1236212 kB
MemAvailable:    2802820 kB
Buffers:            4864 kB
Cached:          1590136 kB
SwapCached:            0 kB
Active:          1281324 kB
Inactive:        1413796 kB
Active(anon):    1106676 kB
Inactive(anon):    18096 kB
Active(file):     174648 kB
Inactive(file):  1395700 kB
Unevictable:        5576 kB
Mlocked:            5576 kB
SwapTotal:       3670008 kB
SwapFree:        3670008 kB
Dirty:               328 kB
Writeback:             0 kB
AnonPages:       1105692 kB
Mapped:           815444 kB
Shmem:             20116 kB
KReclaimable:     558692 kB
Slab:             223220 kB
SReclaimable:      67748 kB
SUnreclaim:       155472 kB
KernelStack:       46928 kB
PageTables:        60708 kB
NFS_Unstable:          0 kB
Bounce:                0 kB
WritebackTmp:          0 kB
CommitLimit:     6660208 kB
Committed_AS:   71311004 kB
VmallocTotal:   263061440 kB
VmallocUsed:       87336 kB
VmallocChunk:          0 kB
Percpu:             7648 kB
CmaTotal:         315392 kB
CmaFree:               0 kB
MemTotal:        5980404 kB
MemFree:         1235664 kB
MemAvailable:    2802280 kB
Buffers:            4864 kB
Cached:          1590144 kB
SwapCached:            0 kB
Active:          1281680 kB
Inactive:        1413800 kB
Active(anon):    1107028 kB
Inactive(anon):    18096 kB
Active(file):     174652 kB
Inactive(file):  1395704 kB
Unevictable:        5576 kB
Mlocked:            5576 kB
SwapTotal:       3670008 kB
SwapFree:        3670008 kB
Dirty:               332 kB
Writeback:             0 kB
AnonPages:       1105976 kB
Mapped:           815680 kB
Shmem:             20116 kB
KReclaimable:     558692 kB
Slab:             223260 kB
SReclaimable:      67748 kB
SUnreclaim:       155512 kB
KernelStack:       46944 kB
PageTables:        60776 kB
NFS_Unstable:          0 kB
Bounce:                0 kB
WritebackTmp:          0 kB
CommitLimit:     6660208 kB
Committed_AS:   71313552 kB
VmallocTotal:   263061440 kB
VmallocUsed:       87336 kB
VmallocChunk:          0 kB
Percpu:             7648 kB
CmaTotal:         315392 kB
CmaFree:               0 kB
MemTotal:        5980404 kB
MemFree:         1233040 kB
MemAvailable:    2799648 kB
Buffers:            4864 kB
Cached:          1590220 kB
SwapCached:            0 kB
Active:          1283584 kB
Inactive:        1413880 kB
Active(anon):    1108936 kB
Inactive(anon):    18180 kB
Active(file):     174648 kB
Inactive(file):  1395700 kB
Unevictable:        5576 kB
Mlocked:            5576 kB
SwapTotal:       3670008 kB
SwapFree:        3670008 kB
Dirty:               388 kB
Writeback:             0 kB
AnonPages:       1108308 kB
Mapped:           815796 kB
Shmem:             20200 kB
KReclaimable:     558692 kB
Slab:             223324 kB
SReclaimable:      67748 kB
SUnreclaim:       155576 kB
KernelStack:       46960 kB
PageTables:        60716 kB
NFS_Unstable:          0 kB
Bounce:                0 kB
WritebackTmp:          0 kB
CommitLimit:     6660208 kB
Committed_AS:   71313168 kB
VmallocTotal:   263061440 kB
VmallocUsed:       87352 kB
VmallocChunk:          0 kB
Percpu:             7648 kB
CmaTotal:         315392 kB
CmaFree:               0 kB
MemTotal:        5980404 kB
MemFree:         1233900 kB
MemAvailable:    2800508 kB
Buffers:            4864 kB
Cached:          1590220 kB
SwapCached:            0 kB
Active:          1282564 kB
Inactive:        1413880 kB
Active(anon):    1107916 kB
Inactive(anon):    18180 kB
Active(file):     174648 kB
Inactive(file):  1395700 kB
Unevictable:        5576 kB
Mlocked:            5576 kB
SwapTotal:       3670008 kB
SwapFree:        3670008 kB
Dirty:               392 kB
Writeback:             0 kB
AnonPages:       1106808 kB
Mapped:           815724 kB
Shmem:             20200 kB
KReclaimable:     558692 kB
Slab:             223316 kB
SReclaimable:      67748 kB
SUnreclaim:       155568 kB
KernelStack:       46928 kB
PageTables:        60788 kB
NFS_Unstable:          0 kB
Bounce:                0 kB
WritebackTmp:          0 kB
CommitLimit:     6660208 kB
Committed_AS:   71308304 kB
VmallocTotal:   263061440 kB
VmallocUsed:       87352 kB
VmallocChunk:          0 kB
Percpu:             7648 kB
CmaTotal:         315392 kB
CmaFree:               0 kB
MemTotal:        5980404 kB
MemFree:         1241848 kB
MemAvailable:    2808456 kB
Buffers:            4864 kB
Cached:          1590220 kB
SwapCached:            0 kB
Active:          1273332 kB
Inactive:        1413860 kB
Active(anon):    1098664 kB
Inactive(anon):    18180 kB
Active(file):     174668 kB
Inactive(file):  1395680 kB
Unevictable:        5576 kB
Mlocked:            5576 kB
SwapTotal:       3670008 kB
SwapFree:        3670008 kB
Dirty:               392 kB
Writeback:             0 kB
AnonPages:       1097856 kB
Mapped:           815860 kB
Shmem:             20200 kB
KReclaimable:     558692 kB
Slab:             223404 kB
SReclaimable:      67748 kB
SUnreclaim:       155656 kB
KernelStack:       46960 kB
PageTables:        60736 kB
NFS_Unstable:          0 kB
Bounce:                0 kB
WritebackTmp:          0 kB
CommitLimit:     6660208 kB
Committed_AS:   71317112 kB
VmallocTotal:   263061440 kB
VmallocUsed:       87368 kB
VmallocChunk:          0 kB
Percpu:             7648 kB
CmaTotal:         315392 kB
CmaFree:              24 kB
MemTotal:        5980404 kB
MemFree:         1242500 kB
MemAvailable:    2809132 kB
Buffers:            4872 kB
Cached:          1590236 kB
SwapCached:            0 kB
Active:          1273648 kB
Inactive:        1413876 kB
Active(anon):    1098972 kB
Inactive(anon):    18180 kB
Active(file):     174676 kB
Inactive(file):  1395696 kB
Unevictable:        5576 kB
Mlocked:            5576 kB
SwapTotal:       3670008 kB
SwapFree:        3670008 kB
Dirty:               376 kB
Writeback:             0 kB
AnonPages:       1098112 kB
Mapped:           815824 kB
Shmem:             20200 kB
KReclaimable:     558692 kB
Slab:             223348 kB
SReclaimable:      67748 kB
SUnreclaim:       155600 kB
KernelStack:       46928 kB
PageTables:        60708 kB
NFS_Unstable:          0 kB
Bounce:                0 kB
WritebackTmp:          0 kB
CommitLimit:     6660208 kB
Committed_AS:   71314556 kB
VmallocTotal:   263061440 kB
VmallocUsed:       87336 kB
VmallocChunk:          0 kB
Percpu:             7648 kB
CmaTotal:         315392 kB
CmaFree:               0 kB
MemTotal:        5980404 kB
MemFree:         1241988 kB
MemAvailable:    2808620 kB
Buffers:            4872 kB
Cached:          1590236 kB
SwapCached:            0 kB
Active:          1273972 kB
Inactive:        1413876 kB
Active(anon):    1099296 kB
Inactive(anon):    18180 kB
Active(file):     174676 kB
Inactive(file):  1395696 kB
Unevictable:        5576 kB
Mlocked:            5576 kB
SwapTotal:       3670008 kB
SwapFree:        3670008 kB
Dirty:               376 kB
Writeback:             0 kB
AnonPages:       1098320 kB
Mapped:           815876 kB
Shmem:             20200 kB
KReclaimable:     558692 kB
Slab:             223340 kB
SReclaimable:      67748 kB
SUnreclaim:       155592 kB
KernelStack:       46916 kB
PageTables:        60600 kB
NFS_Unstable:          0 kB
Bounce:                0 kB
WritebackTmp:          0 kB
CommitLimit:     6660208 kB
Committed_AS:   71315188 kB
VmallocTotal:   263061440 kB
VmallocUsed:       87384 kB
VmallocChunk:          0 kB
Percpu:             7648 kB
CmaTotal:         315392 kB
CmaFree:               0 kB
MemTotal:        5980404 kB
MemFree:         1242008 kB
MemAvailable:    2808640 kB
Buffers:            4872 kB
Cached:          1590236 kB
SwapCached:            0 kB
Active:          1274252 kB
Inactive:        1413876 kB
Active(anon):    1099576 kB
Inactive(anon):    18180 kB
Active(file):     174676 kB
Inactive(file):  1395696 kB
Unevictable:        5576 kB
Mlocked:            5576 kB
SwapTotal:       3670008 kB
SwapFree:        3670008 kB
Dirty:               376 kB
Writeback:             0 kB
AnonPages:       1098884 kB
Mapped:           815860 kB
Shmem:             20200 kB
KReclaimable:     558692 kB
Slab:             223356 kB
SReclaimable:      67748 kB
SUnreclaim:       155608 kB
KernelStack:       46944 kB
PageTables:        60468 kB
NFS_Unstable:          0 kB
Bounce:                0 kB
WritebackTmp:          0 kB
CommitLimit:     6660208 kB
Committed_AS:   71315008 kB
VmallocTotal:   263061440 kB
VmallocUsed:       87384 kB
VmallocChunk:          0 kB
Percpu:             7648 kB
CmaTotal:         315392 kB
CmaFree:               0 kB
MemTotal:        5980404 kB
MemFree:         1241764 kB
MemAvailable:    2808484 kB
Buffers:            4872 kB
Cached:          1590316 kB
SwapCached:            0 kB
Active:          1274676 kB
Inactive:        1413956 kB
Active(anon):    1100000 kB
Inactive(anon):    18180 kB
Active(file):     174676 kB
Inactive(file):  1395776 kB
Unevictable:        5576 kB
Mlocked:            5576 kB
SwapTotal:       3670008 kB
SwapFree:        3670008 kB
Dirty:               456 kB
Writeback:             0 kB
AnonPages:       1099144 kB
Mapped:           815860 kB
Shmem:             20200 kB
KReclaimable:     558700 kB
Slab:             223356 kB
SReclaimable:      67756 kB
SUnreclaim:       155600 kB
KernelStack:       46960 kB
PageTables:        60736 kB
NFS_Unstable:          0 kB
Bounce:                0 kB
WritebackTmp:          0 kB
CommitLimit:     6660208 kB
Committed_AS:   71316860 kB
VmallocTotal:   263061440 kB
VmallocUsed:       87336 kB
VmallocChunk:          0 kB
Percpu:             7648 kB
CmaTotal:         315392 kB
CmaFree:               0 kB
MemTotal:        5980404 kB
MemFree:         1241336 kB
MemAvailable:    2808148 kB
Buffers:            4872 kB
Cached:          1590400 kB
SwapCached:            0 kB
Active:          1275820 kB
Inactive:        1414040 kB
Active(anon):    1101144 kB
Inactive(anon):    18180 kB
Active(file):     174676 kB
Inactive(file):  1395860 kB
Unevictable:        5576 kB
Mlocked:            5576 kB
SwapTotal:       3670008 kB
SwapFree:        3670008 kB
Dirty:               540 kB
Writeback:             0 kB
AnonPages:       1099692 kB
Mapped:           815800 kB
Shmem:             20200 kB
KReclaimable:     558708 kB
Slab:             223364 kB
SReclaimable:      67764 kB
SUnreclaim:       155600 kB
KernelStack:       46900 kB
PageTables:        60756 kB
NFS_Unstable:          0 kB
Bounce:                0 kB
WritebackTmp:          0 kB
CommitLimit:     6660208 kB
Committed_AS:   71316624 kB
VmallocTotal:   263061440 kB
VmallocUsed:       87352 kB
VmallocChunk:          0 kB
Percpu:             7648 kB
CmaTotal:         315392 kB
CmaFree:               0 kB
MemTotal:        5980404 kB
MemFree:         1239604 kB
MemAvailable:    2806416 kB
Buffers:            4872 kB
Cached:          1590400 kB
SwapCached:            0 kB
Active:          1275820 kB
Inactive:        1414040 kB
Active(anon):    1101144 kB
Inactive(anon):    18180 kB
Active(file):     174676 kB
Inactive(file):  1395860 kB
Unevictable:        5576 kB
Mlocked:            5576 kB
SwapTotal:       3670008 kB
SwapFree:        3670008 kB
Dirty:               540 kB
Writeback:             0 kB
AnonPages:       1100304 kB
Mapped:           815672 kB
Shmem:             20200 kB
KReclaimable:     558708 kB
Slab:             223340 kB
SReclaimable:      67764 kB
SUnreclaim:       155576 kB
KernelStack:       46976 kB
PageTables:        60824 kB
NFS_Unstable:          0 kB
Bounce:                0 kB
WritebackTmp:          0 kB
CommitLimit:     6660208 kB
Committed_AS:   71312640 kB
VmallocTotal:   263061440 kB
VmallocUsed:       87304 kB
VmallocChunk:          0 kB
Percpu:             7648 kB
CmaTotal:         315392 kB
CmaFree:               0 kB
MemTotal:        5980404 kB
MemFree:         1240812 kB
MemAvailable:    2807624 kB
Buffers:            4872 kB
Cached:          1590400 kB
SwapCached:            0 kB
Active:          1276612 kB
Inactive:        1414040 kB
Active(anon):    1101936 kB
Inactive(anon):    18180 kB
Active(file):     174676 kB
Inactive(file):  1395860 kB
Unevictable:        5576 kB
Mlocked:            5576 kB
SwapTotal:       3670008 kB
SwapFree:        3670008 kB
Dirty:               540 kB
Writeback:             0 kB
AnonPages:       1100556 kB
Mapped:           815860 kB
Shmem:             20200 kB
KReclaimable:     558708 kB
Slab:             223340 kB
SReclaimable:      67764 kB
SUnreclaim:       155576 kB
KernelStack:       47008 kB
PageTables:        60940 kB
NFS_Unstable:          0 kB
Bounce:                0 kB
WritebackTmp:          0 kB
CommitLimit:     6660208 kB
Committed_AS:   71311772 kB
VmallocTotal:   263061440 kB
VmallocUsed:       87336 kB
VmallocChunk:          0 kB
Percpu:             7648 kB
CmaTotal:         315392 kB
CmaFree:               0 kB
MemTotal:        5980404 kB
MemFree:         1240472 kB
MemAvailable:    2807284 kB
Buffers:            4872 kB
Cached:          1590400 kB
SwapCached:            0 kB
Active:          1276644 kB
Inactive:        1414040 kB
Active(anon):    1101968 kB
Inactive(anon):    18180 kB
Active(file):     174676 kB
Inactive(file):  1395860 kB
Unevictable:        5576 kB
Mlocked:            5576 kB
SwapTotal:       3670008 kB
SwapFree:        3670008 kB
Dirty:               540 kB
Writeback:             0 kB
AnonPages:       1101012 kB
Mapped:           815860 kB
Shmem:             20200 kB
KReclaimable:     558708 kB
Slab:             223356 kB
SReclaimable:      67764 kB
SUnreclaim:       155592 kB
KernelStack:       46960 kB
PageTables:        60804 kB
NFS_Unstable:          0 kB
Bounce:                0 kB
WritebackTmp:          0 kB
CommitLimit:     6660208 kB
Committed_AS:   71315364 kB
VmallocTotal:   263061440 kB
VmallocUsed:       87352 kB
VmallocChunk:          0 kB
Percpu:             7648 kB
CmaTotal:         315392 kB
CmaFree:               0 kB
MemTotal:        5980404 kB
MemFree:         1239748 kB
MemAvailable:    2806560 kB
Buffers:            4872 kB
Cached:          1590400 kB
SwapCached:            0 kB
Active:          1276932 kB
Inactive:        1414040 kB
Active(anon):    1102256 kB
Inactive(anon):    18180 kB
Active(file):     174676 kB
Inactive(file):  1395860 kB
Unevictable:        5576 kB
Mlocked:            5576 kB
SwapTotal:       3670008 kB
SwapFree:        3670008 kB
Dirty:               540 kB
Writeback:             0 kB
AnonPages:       1101632 kB
Mapped:           815860 kB
Shmem:             20200 kB
KReclaimable:     558708 kB
Slab:             223324 kB
SReclaimable:      67764 kB
SUnreclaim:       155560 kB
KernelStack:       46976 kB
PageTables:        60776 kB
NFS_Unstable:          0 kB
Bounce:                0 kB
WritebackTmp:          0 kB
CommitLimit:     6660208 kB
Committed_AS:   71314540 kB
VmallocTotal:   263061440 kB
VmallocUsed:       87352 kB
VmallocChunk:          0 kB
Percpu:             7648 kB
CmaTotal:         315392 kB
CmaFree:               0 kB
MemTotal:        5980404 kB
MemFree:         1238416 kB
MemAvailable:    2805276 kB
Buffers:            4876 kB
Cached:          1590440 kB
SwapCached:            0 kB
Active:          1278620 kB
Inactive:        1414072 kB
Active(anon):    1103932 kB
Inactive(anon):    18180 kB
Active(file):     174688 kB
Inactive(file):  1395892 kB
Unevictable:        5576 kB
Mlocked:            5576 kB
SwapTotal:       3670008 kB
SwapFree:        3670008 kB
Dirty:               580 kB
Writeback:             0 kB
AnonPages:       1102916 kB
Mapped:           815180 kB
Shmem:             20200 kB
KReclaimable:     558712 kB
Slab:             223364 kB
SReclaimable:      67768 kB
SUnreclaim:       155596 kB
KernelStack:       46972 kB
PageTables:        60672 kB
NFS_Unstable:          0 kB
Bounce:                0 kB
WritebackTmp:          0 kB
CommitLimit:     6660208 kB
Committed_AS:   71312232 kB
VmallocTotal:   263061440 kB
VmallocUsed:       87336 kB
VmallocChunk:          0 kB
Percpu:             7648 kB
CmaTotal:         315392 kB
CmaFree:               0 kB
MemTotal:        5980404 kB
MemFree:         1237056 kB
MemAvailable:    2803908 kB
Buffers:            4876 kB
Cached:          1590432 kB
SwapCached:            0 kB
Active:          1279376 kB
Inactive:        1414064 kB
Active(anon):    1104688 kB
Inactive(anon):    18180 kB
Active(file):     174688 kB
Inactive(file):  1395884 kB
Unevictable:        5576 kB
Mlocked:            5576 kB
SwapTotal:       3670008 kB
SwapFree:        3670008 kB
Dirty:               580 kB
Writeback:             0 kB
AnonPages:       1103592 kB
Mapped:           815740 kB
Shmem:             20200 kB
KReclaimable:     558712 kB
Slab:             223364 kB
SReclaimable:      67768 kB
SUnreclaim:       155596 kB
KernelStack:       46944 kB
PageTables:        60668 kB
NFS_Unstable:          0 kB
Bounce:                0 kB
WritebackTmp:          0 kB
CommitLimit:     6660208 kB
Committed_AS:   71314200 kB
VmallocTotal:   263061440 kB
VmallocUsed:       87304 kB
VmallocChunk:          0 kB
Percpu:             7648 kB
CmaTotal:         315392 kB
CmaFree:               0 kB
MemTotal:        5980404 kB
MemFree:         1236312 kB
MemAvailable:    2803164 kB
Buffers:            4876 kB
Cached:          1590432 kB
SwapCached:            0 kB
Active:          1280460 kB
Inactive:        1414064 kB
Active(anon):    1105772 kB
Inactive(anon):    18180 kB
Active(file):     174688 kB
Inactive(file):  1395884 kB
Unevictable:        5576 kB
Mlocked:            5576 kB
SwapTotal:       3670008 kB
SwapFree:        3670008 kB
Dirty:               584 kB
Writeback:             0 kB
AnonPages:       1104840 kB
Mapped:           816232 kB
Shmem:             20200 kB
KReclaimable:     558712 kB
Slab:             223348 kB
SReclaimable:      67768 kB
SUnreclaim:       155580 kB
KernelStack:       46912 kB
PageTables:        60636 kB
NFS_Unstable:          0 kB
Bounce:                0 kB
WritebackTmp:          0 kB
CommitLimit:     6660208 kB
Committed_AS:   71320732 kB
VmallocTotal:   263061440 kB
VmallocUsed:       87368 kB
VmallocChunk:          0 kB
Percpu:             7648 kB
CmaTotal:         315392 kB
CmaFree:               0 kB
MemTotal:        5980404 kB
MemFree:         1235692 kB
MemAvailable:    2802544 kB
Buffers:            4876 kB
Cached:          1590432 kB
SwapCached:            0 kB
Active:          1280860 kB
Inactive:        1414064 kB
Active(anon):    1106172 kB
Inactive(anon):    18180 kB
Active(file):     174688 kB
Inactive(file):  1395884 kB
Unevictable:        5576 kB
Mlocked:            5576 kB
SwapTotal:       3670008 kB
SwapFree:        3670008 kB
Dirty:               584 kB
Writeback:             0 kB
AnonPages:       1105328 kB
Mapped:           816344 kB
Shmem:             20200 kB
KReclaimable:     558712 kB
Slab:             223356 kB
SReclaimable:      67768 kB
SUnreclaim:       155588 kB
KernelStack:       46912 kB
PageTables:        60728 kB
NFS_Unstable:          0 kB
Bounce:                0 kB
WritebackTmp:          0 kB
CommitLimit:     6660208 kB
Committed_AS:   71317400 kB
VmallocTotal:   263061440 kB
VmallocUsed:       87320 kB
VmallocChunk:          0 kB
Percpu:             7648 kB
CmaTotal:         315392 kB
CmaFree:               0 kB
MemTotal:        5980404 kB
MemFree:         1234828 kB
MemAvailable:    2801680 kB
Buffers:            4876 kB
Cached:          1590432 kB
SwapCached:            0 kB
Active:          1281512 kB
Inactive:        1414064 kB
Active(anon):    1106824 kB
Inactive(anon):    18180 kB
Active(file):     174688 kB
Inactive(file):  1395884 kB
Unevictable:        5576 kB
Mlocked:            5576 kB
SwapTotal:       3670008 kB
SwapFree:        3670008 kB
Dirty:               580 kB
Writeback:             0 kB
AnonPages:       1105892 kB
Mapped:           816208 kB
Shmem:             20200 kB
KReclaimable:     558712 kB
Slab:             223484 kB
SReclaimable:      67768 kB
SUnreclaim:       155716 kB
KernelStack:       46976 kB
PageTables:        60848 kB
NFS_Unstable:          0 kB
Bounce:                0 kB
WritebackTmp:          0 kB
CommitLimit:     6660208 kB
Committed_AS:   71320604 kB
VmallocTotal:   263061440 kB
VmallocUsed:       87352 kB
VmallocChunk:          0 kB
Percpu:             7648 kB
CmaTotal:         315392 kB
CmaFree:               0 kB
MemTotal:        5980404 kB
MemFree:         1234824 kB
MemAvailable:    2801676 kB
Buffers:            4876 kB
Cached:          1590432 kB
SwapCached:            0 kB
Active:          1281416 kB
Inactive:        1414064 kB
Active(anon):    1106728 kB
Inactive(anon):    18180 kB
Active(file):     174688 kB
Inactive(file):  1395884 kB
Unevictable:        5576 kB
Mlocked:            5576 kB
SwapTotal:       3670008 kB
SwapFree:        3670008 kB
Dirty:               580 kB
Writeback:             0 kB
AnonPages:       1105708 kB
Mapped:           816156 kB
Shmem:             20200 kB
KReclaimable:     558712 kB
Slab:             223356 kB
SReclaimable:      67768 kB
SUnreclaim:       155588 kB
KernelStack:       46940 kB
PageTables:        60820 kB
NFS_Unstable:          0 kB
Bounce:                0 kB
WritebackTmp:          0 kB
CommitLimit:     6660208 kB
Committed_AS:   71319888 kB
VmallocTotal:   263061440 kB
VmallocUsed:       87368 kB
VmallocChunk:          0 kB
Percpu:             7648 kB
CmaTotal:         315392 kB
CmaFree:               0 kB
MemTotal:        5980404 kB
MemFree:         1234864 kB
MemAvailable:    2801744 kB
Buffers:            4884 kB
Cached:          1590448 kB
SwapCached:            0 kB
Active:          1282292 kB
Inactive:        1414080 kB
Active(anon):    1107596 kB
Inactive(anon):    18180 kB
Active(file):     174696 kB
Inactive(file):  1395900 kB
Unevictable:        5576 kB
Mlocked:            5576 kB
SwapTotal:       3670008 kB
SwapFree:        3670008 kB
Dirty:               568 kB
Writeback:             0 kB
AnonPages:       1106224 kB
Mapped:           816464 kB
Shmem:             20200 kB
KReclaimable:     558716 kB
Slab:             223356 kB
SReclaimable:      67772 kB
SUnreclaim:       155584 kB
KernelStack:       46928 kB
PageTables:        60596 kB
NFS_Unstable:          0 kB
Bounce:                0 kB
WritebackTmp:          0 kB
CommitLimit:     6660208 kB
Committed_AS:   71319656 kB
VmallocTotal:   263061440 kB
VmallocUsed:       87336 kB
VmallocChunk:          0 kB
Percpu:             7648 kB
CmaTotal:         315392 kB
CmaFree:               0 kB
MemTotal:        5980404 kB
MemFree:         1234784 kB
MemAvailable:    2801664 kB
Buffers:            4884 kB
Cached:          1590448 kB
SwapCached:            0 kB
Active:          1282248 kB
Inactive:        1414080 kB
Active(anon):    1107552 kB
Inactive(anon):    18180 kB
Active(file):     174696 kB
Inactive(file):  1395900 kB
Unevictable:        5576 kB
Mlocked:            5576 kB
SwapTotal:       3670008 kB
SwapFree:        3670008 kB
Dirty:               568 kB
Writeback:             0 kB
AnonPages:       1106268 kB
Mapped:           816344 kB
Shmem:             20200 kB
KReclaimable:     558716 kB
Slab:             223368 kB
SReclaimable:      67772 kB
SUnreclaim:       155596 kB
KernelStack:       46972 kB
PageTables:        60876 kB
NFS_Unstable:          0 kB
Bounce:                0 kB
WritebackTmp:          0 kB
CommitLimit:     6660208 kB
Committed_AS:   71322348 kB
VmallocTotal:   263061440 kB
VmallocUsed:       87368 kB
VmallocChunk:          0 kB
Percpu:             7648 kB
CmaTotal:         315392 kB
CmaFree:               0 kB
MemTotal:        5980404 kB
MemFree:         1233856 kB
MemAvailable:    2800736 kB
Buffers:            4884 kB
Cached:          1590448 kB
SwapCached:            0 kB
Active:          1282452 kB
Inactive:        1414080 kB
Active(anon):    1107756 kB
Inactive(anon):    18180 kB
Active(file):     174696 kB
Inactive(file):  1395900 kB
Unevictable:        5576 kB
Mlocked:            5576 kB
SwapTotal:       3670008 kB
SwapFree:        3670008 kB
Dirty:               568 kB
Writeback:             0 kB
AnonPages:       1106508 kB
Mapped:           816212 kB
Shmem:             20200 kB
KReclaimable:     558716 kB
Slab:             223352 kB
SReclaimable:      67772 kB
SUnreclaim:       155580 kB
KernelStack:       46960 kB
PageTables:        60704 kB
NFS_Unstable:          0 kB
Bounce:                0 kB
WritebackTmp:          0 kB
CommitLimit:     6660208 kB
Committed_AS:   71319336 kB
VmallocTotal:   263061440 kB
VmallocUsed:       87352 kB
VmallocChunk:          0 kB
Percpu:             7648 kB
CmaTotal:         315392 kB
CmaFree:               0 kB
MemTotal:        5980404 kB
MemFree:         1233216 kB
MemAvailable:    2800096 kB
Buffers:            4884 kB
Cached:          1590448 kB
SwapCached:            0 kB
Active:          1283372 kB
Inactive:        1414080 kB
Active(anon):    1108676 kB
Inactive(anon):    18180 kB
Active(file):     174696 kB
Inactive(file):  1395900 kB
Unevictable:        5576 kB
Mlocked:            5576 kB
SwapTotal:       3670008 kB
SwapFree:        3670008 kB
Dirty:               568 kB
Writeback:             0 kB
AnonPages:       1107728 kB
Mapped:           816116 kB
Shmem:             20200 kB
KReclaimable:     558716 kB
Slab:             223368 kB
SReclaimable:      67772 kB
SUnreclaim:       155596 kB
KernelStack:       47008 kB
PageTables:        60672 kB
NFS_Unstable:          0 kB
Bounce:                0 kB
WritebackTmp:          0 kB
CommitLimit:     6660208 kB
Committed_AS:   71319216 kB
VmallocTotal:   263061440 kB
VmallocUsed:       87384 kB
VmallocChunk:          0 kB
Percpu:             7648 kB
CmaTotal:         315392 kB
CmaFree:               0 kB
MemTotal:        5980404 kB
MemFree:         1231036 kB
MemAvailable:    2797916 kB
Buffers:            4884 kB
Cached:          1590448 kB
SwapCached:            0 kB
Active:          1284472 kB
Inactive:        1414080 kB
Active(anon):    1109776 kB
Inactive(anon):    18180 kB
Active(file):     174696 kB
Inactive(file):  1395900 kB
Unevictable:        5576 kB
Mlocked:            5576 kB
SwapTotal:       3670008 kB
SwapFree:        3670008 kB
Dirty:               448 kB
Writeback:             0 kB
AnonPages:       1108612 kB
Mapped:           816344 kB
Shmem:             20200 kB
KReclaimable:     558716 kB
Slab:             223384 kB
SReclaimable:      67772 kB
SUnreclaim:       155612 kB
KernelStack:       47024 kB
PageTables:        60632 kB
NFS_Unstable:          0 kB
Bounce:                0 kB
WritebackTmp:          0 kB
CommitLimit:     6660208 kB
Committed_AS:   71319056 kB
VmallocTotal:   263061440 kB
VmallocUsed:       87448 kB
VmallocChunk:          0 kB
Percpu:             7648 kB
CmaTotal:         315392 kB
CmaFree:               0 kB
MemTotal:        5980404 kB
MemFree:         1231536 kB
MemAvailable:    2798416 kB
Buffers:            4884 kB
Cached:          1590448 kB
SwapCached:            0 kB
Active:          1284904 kB
Inactive:        1414080 kB
Active(anon):    1110208 kB
Inactive(anon):    18180 kB
Active(file):     174696 kB
Inactive(file):  1395900 kB
Unevictable:        5576 kB
Mlocked:            5576 kB
SwapTotal:       3670008 kB
SwapFree:        3670008 kB
Dirty:               448 kB
Writeback:             0 kB
AnonPages:       1109356 kB
Mapped:           816344 kB
Shmem:             20200 kB
KReclaimable:     558716 kB
Slab:             223368 kB
SReclaimable:      67772 kB
SUnreclaim:       155596 kB
KernelStack:       47068 kB
PageTables:        60972 kB
NFS_Unstable:          0 kB
Bounce:                0 kB
WritebackTmp:          0 kB
CommitLimit:     6660208 kB
Committed_AS:   71321448 kB
VmallocTotal:   263061440 kB
VmallocUsed:       87432 kB
VmallocChunk:          0 kB
Percpu:             7648 kB
CmaTotal:         315392 kB
CmaFree:               0 kB
MemTotal:        5980404 kB
MemFree:         1231224 kB
MemAvailable:    2798104 kB
Buffers:            4884 kB
Cached:          1590448 kB
SwapCached:            0 kB
Active:          1285172 kB
Inactive:        1414080 kB
Active(anon):    1110476 kB
Inactive(anon):    18180 kB
Active(file):     174696 kB
Inactive(file):  1395900 kB
Unevictable:        5576 kB
Mlocked:            5576 kB
SwapTotal:       3670008 kB
SwapFree:        3670008 kB
Dirty:               448 kB
Writeback:             0 kB
AnonPages:       1109452 kB
Mapped:           816344 kB
Shmem:             20200 kB
KReclaimable:     558716 kB
Slab:             223360 kB
SReclaimable:      67772 kB
SUnreclaim:       155588 kB
KernelStack:       47056 kB
PageTables:        60812 kB
NFS_Unstable:          0 kB
Bounce:                0 kB
WritebackTmp:          0 kB
CommitLimit:     6660208 kB
Committed_AS:   71316076 kB
VmallocTotal:   263061440 kB
VmallocUsed:       87480 kB
VmallocChunk:          0 kB
Percpu:             7648 kB
CmaTotal:         315392 kB
CmaFree:               0 kB
MemTotal:        5980404 kB
MemFree:         1230824 kB
MemAvailable:    2797704 kB
Buffers:            4884 kB
Cached:          1590448 kB
SwapCached:            0 kB
Active:          1285864 kB
Inactive:        1414080 kB
Active(anon):    1111168 kB
Inactive(anon):    18180 kB
Active(file):     174696 kB
Inactive(file):  1395900 kB
Unevictable:        5576 kB
Mlocked:            5576 kB
SwapTotal:       3670008 kB
SwapFree:        3670008 kB
Dirty:               448 kB
Writeback:             0 kB
AnonPages:       1110052 kB
Mapped:           816344 kB
Shmem:             20200 kB
KReclaimable:     558716 kB
Slab:             223392 kB
SReclaimable:      67772 kB
SUnreclaim:       155620 kB
KernelStack:       47040 kB
PageTables:        60688 kB
NFS_Unstable:          0 kB
Bounce:                0 kB
WritebackTmp:          0 kB
CommitLimit:     6660208 kB
Committed_AS:   71318132 kB
VmallocTotal:   263061440 kB
VmallocUsed:       87496 kB
VmallocChunk:          0 kB
Percpu:             7648 kB
CmaTotal:         315392 kB
CmaFree:               0 kB
MemTotal:        5980404 kB
MemFree:         1231320 kB
MemAvailable:    2798204 kB
Buffers:            4884 kB
Cached:          1590452 kB
SwapCached:            0 kB
Active:          1286048 kB
Inactive:        1414084 kB
Active(anon):    1111352 kB
Inactive(anon):    18180 kB
Active(file):     174696 kB
Inactive(file):  1395904 kB
Unevictable:        5576 kB
Mlocked:            5576 kB
SwapTotal:       3670008 kB
SwapFree:        3670008 kB
Dirty:               404 kB
Writeback:             0 kB
AnonPages:       1110068 kB
Mapped:           816116 kB
Shmem:             20200 kB
KReclaimable:     558716 kB
Slab:             223328 kB
SReclaimable:      67772 kB
SUnreclaim:       155556 kB
KernelStack:       47056 kB
PageTables:        60696 kB
NFS_Unstable:          0 kB
Bounce:                0 kB
WritebackTmp:          0 kB
CommitLimit:     6660208 kB
Committed_AS:   71322724 kB
VmallocTotal:   263061440 kB
VmallocUsed:       87480 kB
VmallocChunk:          0 kB
Percpu:             7648 kB
CmaTotal:         315392 kB
CmaFree:               0 kB
MemTotal:        5980404 kB
MemFree:         1229456 kB
MemAvailable:    2796356 kB
Buffers:            4884 kB
Cached:          1590504 kB
SwapCached:            0 kB
Active:          1287300 kB
Inactive:        1414136 kB
Active(anon):    1112604 kB
Inactive(anon):    18216 kB
Active(file):     174696 kB
Inactive(file):  1395920 kB
Unevictable:        5576 kB
Mlocked:            5576 kB
SwapTotal:       3670008 kB
SwapFree:        3670008 kB
Dirty:               456 kB
Writeback:             0 kB
AnonPages:       1111372 kB
Mapped:           816400 kB
Shmem:             20236 kB
KReclaimable:     558716 kB
Slab:             223364 kB
SReclaimable:      67772 kB
SUnreclaim:       155592 kB
KernelStack:       47072 kB
PageTables:        60856 kB
NFS_Unstable:          0 kB
Bounce:                0 kB
WritebackTmp:          0 kB
CommitLimit:     6660208 kB
Committed_AS:   71320712 kB
VmallocTotal:   263061440 kB
VmallocUsed:       87448 kB
VmallocChunk:          0 kB
Percpu:             7648 kB
CmaTotal:         315392 kB
CmaFree:               0 kB
MemTotal:        5980404 kB
MemFree:         1227768 kB
MemAvailable:    2794668 kB
Buffers:            4884 kB
Cached:          1590512 kB
SwapCached:            0 kB
Active:          1289180 kB
Inactive:        1414144 kB
Active(anon):    1114484 kB
Inactive(anon):    18224 kB
Active(file):     174696 kB
Inactive(file):  1395920 kB
Unevictable:        5576 kB
Mlocked:            5576 kB
SwapTotal:       3670008 kB
SwapFree:        3670008 kB
Dirty:               456 kB
Writeback:             0 kB
AnonPages:       1113472 kB
Mapped:           816388 kB
Shmem:             20244 kB
KReclaimable:     558716 kB
Slab:             223428 kB
SReclaimable:      67772 kB
SUnreclaim:       155656 kB
KernelStack:       47136 kB
PageTables:        60708 kB
NFS_Unstable:          0 kB
Bounce:                0 kB
WritebackTmp:          0 kB
CommitLimit:     6660208 kB
Committed_AS:   71329980 kB
VmallocTotal:   263061440 kB
VmallocUsed:       87544 kB
VmallocChunk:          0 kB
Percpu:             7648 kB
CmaTotal:         315392 kB
CmaFree:               0 kB
MemTotal:        5980404 kB
MemFree:         1226540 kB
MemAvailable:    2793440 kB
Buffers:            4884 kB
Cached:          1590512 kB
SwapCached:            0 kB
Active:          1289568 kB
Inactive:        1414144 kB
Active(anon):    1114872 kB
Inactive(anon):    18224 kB
Active(file):     174696 kB
Inactive(file):  1395920 kB
Unevictable:        5576 kB
Mlocked:            5576 kB
SwapTotal:       3670008 kB
SwapFree:        3670008 kB
Dirty:               456 kB
Writeback:             0 kB
AnonPages:       1113788 kB
Mapped:           816160 kB
Shmem:             20244 kB
KReclaimable:     558716 kB
Slab:             223400 kB
SReclaimable:      67772 kB
SUnreclaim:       155628 kB
KernelStack:       47168 kB
PageTables:        60716 kB
NFS_Unstable:          0 kB
Bounce:                0 kB
WritebackTmp:          0 kB
CommitLimit:     6660208 kB
Committed_AS:   71330884 kB
VmallocTotal:   263061440 kB
VmallocUsed:       87592 kB
VmallocChunk:          0 kB
Percpu:             7648 kB
CmaTotal:         315392 kB
CmaFree:               0 kB
MemTotal:        5980404 kB
MemFree:         1226416 kB
MemAvailable:    2793316 kB
Buffers:            4884 kB
Cached:          1590512 kB
SwapCached:            0 kB
Active:          1289940 kB
Inactive:        1414144 kB
Active(anon):    1115244 kB
Inactive(anon):    18224 kB
Active(file):     174696 kB
Inactive(file):  1395920 kB
Unevictable:        5576 kB
Mlocked:            5576 kB
SwapTotal:       3670008 kB
SwapFree:        3670008 kB
Dirty:               456 kB
Writeback:             0 kB
AnonPages:       1114432 kB
Mapped:           816388 kB
Shmem:             20244 kB
KReclaimable:     558716 kB
Slab:             223352 kB
SReclaimable:      67772 kB
SUnreclaim:       155580 kB
KernelStack:       47120 kB
PageTables:        60936 kB
NFS_Unstable:          0 kB
Bounce:                0 kB
WritebackTmp:          0 kB
CommitLimit:     6660208 kB
Committed_AS:   71329300 kB
VmallocTotal:   263061440 kB
VmallocUsed:       87624 kB
VmallocChunk:          0 kB
Percpu:             7648 kB
CmaTotal:         315392 kB
CmaFree:               0 kB
MemTotal:        5980404 kB
MemFree:         1226200 kB
MemAvailable:    2793100 kB
Buffers:            4884 kB
Cached:          1590512 kB
SwapCached:            0 kB
Active:          1290012 kB
Inactive:        1414144 kB
Active(anon):    1115316 kB
Inactive(anon):    18224 kB
Active(file):     174696 kB
Inactive(file):  1395920 kB
Unevictable:        5576 kB
Mlocked:            5576 kB
SwapTotal:       3670008 kB
SwapFree:        3670008 kB
Dirty:               452 kB
Writeback:             0 kB
AnonPages:       1114304 kB
Mapped:           816388 kB
Shmem:             20244 kB
KReclaimable:     558716 kB
Slab:             223368 kB
SReclaimable:      67772 kB
SUnreclaim:       155596 kB
KernelStack:       47152 kB
PageTables:        60716 kB
NFS_Unstable:          0 kB
Bounce:                0 kB
WritebackTmp:          0 kB
CommitLimit:     6660208 kB
Committed_AS:   71329128 kB
VmallocTotal:   263061440 kB
VmallocUsed:       87560 kB
VmallocChunk:          0 kB
Percpu:             7648 kB
CmaTotal:         315392 kB
CmaFree:               0 kB
MemTotal:        5980404 kB
MemFree:         1232524 kB
MemAvailable:    2799424 kB
Buffers:            4884 kB
Cached:          1590512 kB
SwapCached:            0 kB
Active:          1282104 kB
Inactive:        1414144 kB
Active(anon):    1107408 kB
Inactive(anon):    18224 kB
Active(file):     174696 kB
Inactive(file):  1395920 kB
Unevictable:        5576 kB
Mlocked:            5576 kB
SwapTotal:       3670008 kB
SwapFree:        3670008 kB
Dirty:               456 kB
Writeback:             0 kB
AnonPages:       1106332 kB
Mapped:           816388 kB
Shmem:             20244 kB
KReclaimable:     558716 kB
Slab:             223352 kB
SReclaimable:      67772 kB
SUnreclaim:       155580 kB
KernelStack:       47136 kB
PageTables:        61096 kB
NFS_Unstable:          0 kB
Bounce:                0 kB
WritebackTmp:          0 kB
CommitLimit:     6660208 kB
Committed_AS:   71331224 kB
VmallocTotal:   263061440 kB
VmallocUsed:       87544 kB
VmallocChunk:          0 kB
Percpu:             7648 kB
CmaTotal:         315392 kB
CmaFree:               8 kB
MemTotal:        5980404 kB
MemFree:         1232820 kB
MemAvailable:    2799740 kB
Buffers:            4888 kB
Cached:          1590528 kB
SwapCached:            0 kB
Active:          1281680 kB
Inactive:        1414160 kB
Active(anon):    1106980 kB
Inactive(anon):    18224 kB
Active(file):     174700 kB
Inactive(file):  1395936 kB
Unevictable:        5576 kB
Mlocked:            5576 kB
SwapTotal:       3670008 kB
SwapFree:        3670008 kB
Dirty:               452 kB
Writeback:             0 kB
AnonPages:       1106144 kB
Mapped:           816412 kB
Shmem:             20244 kB
KReclaimable:     558716 kB
Slab:             223392 kB
SReclaimable:      67772 kB
SUnreclaim:       155620 kB
KernelStack:       47200 kB
PageTables:        60656 kB
NFS_Unstable:          0 kB
Bounce:                0 kB
WritebackTmp:          0 kB
CommitLimit:     6660208 kB
Committed_AS:   71331360 kB
VmallocTotal:   263061440 kB
VmallocUsed:       87512 kB
VmallocChunk:          0 kB
Percpu:             7648 kB
CmaTotal:         315392 kB
CmaFree:             100 kB
MemTotal:        5980404 kB
MemFree:         1232648 kB
MemAvailable:    2799568 kB
Buffers:            4888 kB
Cached:          1590528 kB
SwapCached:            0 kB
Active:          1282392 kB
Inactive:        1414164 kB
Active(anon):    1107696 kB
Inactive(anon):    18224 kB
Active(file):     174696 kB
Inactive(file):  1395940 kB
Unevictable:        5576 kB
Mlocked:            5576 kB
SwapTotal:       3670008 kB
SwapFree:        3670008 kB
Dirty:               452 kB
Writeback:             0 kB
AnonPages:       1106556 kB
Mapped:           816296 kB
Shmem:             20244 kB
KReclaimable:     558716 kB
Slab:             223376 kB
SReclaimable:      67772 kB
SUnreclaim:       155604 kB
KernelStack:       47196 kB
PageTables:        60836 kB
NFS_Unstable:          0 kB
Bounce:                0 kB
WritebackTmp:          0 kB
CommitLimit:     6660208 kB
Committed_AS:   71331996 kB
VmallocTotal:   263061440 kB
VmallocUsed:       87576 kB
VmallocChunk:          0 kB
Percpu:             7648 kB
CmaTotal:         315392 kB
CmaFree:               0 kB
MemTotal:        5980404 kB
MemFree:         1233184 kB
MemAvailable:    2800104 kB
Buffers:            4888 kB
Cached:          1590528 kB
SwapCached:            0 kB
Active:          1282104 kB
Inactive:        1414160 kB
Active(anon):    1107404 kB
Inactive(anon):    18224 kB
Active(file):     174700 kB
Inactive(file):  1395936 kB
Unevictable:        5576 kB
Mlocked:            5576 kB
SwapTotal:       3670008 kB
SwapFree:        3670008 kB
Dirty:               452 kB
Writeback:             0 kB
AnonPages:       1106732 kB
Mapped:           816288 kB
Shmem:             20244 kB
KReclaimable:     558716 kB
Slab:             223360 kB
SReclaimable:      67772 kB
SUnreclaim:       155588 kB
KernelStack:       47152 kB
PageTables:        60968 kB
NFS_Unstable:          0 kB
Bounce:                0 kB
WritebackTmp:          0 kB
CommitLimit:     6660208 kB
Committed_AS:   71330816 kB
VmallocTotal:   263061440 kB
VmallocUsed:       87576 kB
VmallocChunk:          0 kB
Percpu:             7648 kB
CmaTotal:         315392 kB
CmaFree:               0 kB
MemTotal:        5980404 kB
MemFree:         1232844 kB
MemAvailable:    2799764 kB
Buffers:            4888 kB
Cached:          1590528 kB
SwapCached:            0 kB
Active:          1283040 kB
Inactive:        1414160 kB
Active(anon):    1108340 kB
Inactive(anon):    18224 kB
Active(file):     174700 kB
Inactive(file):  1395936 kB
Unevictable:        5576 kB
Mlocked:            5576 kB
SwapTotal:       3670008 kB
SwapFree:        3670008 kB
Dirty:               452 kB
Writeback:             0 kB
AnonPages:       1107004 kB
Mapped:           816404 kB
Shmem:             20244 kB
KReclaimable:     558716 kB
Slab:             223352 kB
SReclaimable:      67772 kB
SUnreclaim:       155580 kB
KernelStack:       47152 kB
PageTables:        60648 kB
NFS_Unstable:          0 kB
Bounce:                0 kB
WritebackTmp:          0 kB
CommitLimit:     6660208 kB
Committed_AS:   71327336 kB
VmallocTotal:   263061440 kB
VmallocUsed:       87528 kB
VmallocChunk:          0 kB
Percpu:             7648 kB
CmaTotal:         315392 kB
CmaFree:             112 kB
MemTotal:        5980404 kB
MemFree:         1233296 kB
MemAvailable:    2800376 kB
Buffers:            4888 kB
Cached:          1590688 kB
SwapCached:            0 kB
Active:          1283408 kB
Inactive:        1414320 kB
Active(anon):    1108708 kB
Inactive(anon):    18224 kB
Active(file):     174700 kB
Inactive(file):  1396096 kB
Unevictable:        5576 kB
Mlocked:            5576 kB
SwapTotal:       3670008 kB
SwapFree:        3670008 kB
Dirty:               452 kB
Writeback:             0 kB
AnonPages:       1108008 kB
Mapped:           816372 kB
Shmem:             20244 kB
KReclaimable:     558716 kB
Slab:             223352 kB
SReclaimable:      67772 kB
SUnreclaim:       155580 kB
KernelStack:       47152 kB
PageTables:        60732 kB
NFS_Unstable:          0 kB
Bounce:                0 kB
WritebackTmp:          0 kB
CommitLimit:     6660208 kB
Committed_AS:   71326544 kB
VmallocTotal:   263061440 kB
VmallocUsed:       87544 kB
VmallocChunk:          0 kB
Percpu:             7648 kB
CmaTotal:         315392 kB
CmaFree:               0 kB
MemTotal:        5980404 kB
MemFree:         1231268 kB
MemAvailable:    2798348 kB
Buffers:            4888 kB
Cached:          1590688 kB
SwapCached:            0 kB
Active:          1284236 kB
Inactive:        1414320 kB
Active(anon):    1109536 kB
Inactive(anon):    18224 kB
Active(file):     174700 kB
Inactive(file):  1396096 kB
Unevictable:        5576 kB
Mlocked:            5576 kB
SwapTotal:       3670008 kB
SwapFree:        3670008 kB
Dirty:               452 kB
Writeback:             0 kB
AnonPages:       1108432 kB
Mapped:           816216 kB
Shmem:             20244 kB
KReclaimable:     558716 kB
Slab:             223392 kB
SReclaimable:      67772 kB
SUnreclaim:       155620 kB
KernelStack:       47136 kB
PageTables:        60748 kB
NFS_Unstable:          0 kB
Bounce:                0 kB
WritebackTmp:          0 kB
CommitLimit:     6660208 kB
Committed_AS:   71324984 kB
VmallocTotal:   263061440 kB
VmallocUsed:       87560 kB
VmallocChunk:          0 kB
Percpu:             7648 kB
CmaTotal:         315392 kB
CmaFree:               0 kB
MemTotal:        5980404 kB
MemFree:         1240704 kB
MemAvailable:    2807632 kB
Buffers:            4888 kB
Cached:          1590688 kB
SwapCached:            0 kB
Active:          1284792 kB
Inactive:        1414320 kB
Active(anon):    1110092 kB
Inactive(anon):    18224 kB
Active(file):     174700 kB
Inactive(file):  1396096 kB
Unevictable:        5576 kB
Mlocked:            5576 kB
SwapTotal:       3670008 kB
SwapFree:        3670008 kB
Dirty:               476 kB
Writeback:             0 kB
AnonPages:       1108984 kB
Mapped:           815660 kB
Shmem:             20244 kB
KReclaimable:     558564 kB
Slab:             223208 kB
SReclaimable:      67620 kB
SUnreclaim:       155588 kB
KernelStack:       47168 kB
PageTables:        60712 kB
NFS_Unstable:          0 kB
Bounce:                0 kB
WritebackTmp:          0 kB
CommitLimit:     6660208 kB
Committed_AS:   71325532 kB
VmallocTotal:   263061440 kB
VmallocUsed:       87544 kB
VmallocChunk:          0 kB
Percpu:             7648 kB
CmaTotal:         315392 kB
CmaFree:               0 kB
MemTotal:        5980404 kB
MemFree:         1240168 kB
MemAvailable:    2807096 kB
Buffers:            4888 kB
Cached:          1590688 kB
SwapCached:            0 kB
Active:          1284700 kB
Inactive:        1414320 kB
Active(anon):    1110000 kB
Inactive(anon):    18224 kB
Active(file):     174700 kB
Inactive(file):  1396096 kB
Unevictable:        5576 kB
Mlocked:            5576 kB
SwapTotal:       3670008 kB
SwapFree:        3670008 kB
Dirty:               496 kB
Writeback:             0 kB
AnonPages:       1109160 kB
Mapped:           815660 kB
Shmem:             20244 kB
KReclaimable:     558564 kB
Slab:             223200 kB
SReclaimable:      67620 kB
SUnreclaim:       155580 kB
KernelStack:       47136 kB
PageTables:        60660 kB
NFS_Unstable:          0 kB
Bounce:                0 kB
WritebackTmp:          0 kB
CommitLimit:     6660208 kB
Committed_AS:   71323152 kB
VmallocTotal:   263061440 kB
VmallocUsed:       87560 kB
VmallocChunk:          0 kB
Percpu:             7648 kB
CmaTotal:         315392 kB
CmaFree:              20 kB
MemTotal:        5980404 kB
MemFree:         1239376 kB
MemAvailable:    2806304 kB
Buffers:            4888 kB
Cached:          1590688 kB
SwapCached:            0 kB
Active:          1284872 kB
Inactive:        1414320 kB
Active(anon):    1110172 kB
Inactive(anon):    18224 kB
Active(file):     174700 kB
Inactive(file):  1396096 kB
Unevictable:        5576 kB
Mlocked:            5576 kB
SwapTotal:       3670008 kB
SwapFree:        3670008 kB
Dirty:               496 kB
Writeback:             0 kB
AnonPages:       1109276 kB
Mapped:           815432 kB
Shmem:             20244 kB
KReclaimable:     558564 kB
Slab:             223224 kB
SReclaimable:      67620 kB
SUnreclaim:       155604 kB
KernelStack:       47184 kB
PageTables:        60900 kB
NFS_Unstable:          0 kB
Bounce:                0 kB
WritebackTmp:          0 kB
CommitLimit:     6660208 kB
Committed_AS:   71325348 kB
VmallocTotal:   263061440 kB
VmallocUsed:       87528 kB
VmallocChunk:          0 kB
Percpu:             7648 kB
CmaTotal:         315392 kB
CmaFree:               0 kB
MemTotal:        5980404 kB
MemFree:         1238888 kB
MemAvailable:    2806020 kB
Buffers:            4892 kB
Cached:          1590888 kB
SwapCached:            0 kB
Active:          1286484 kB
Inactive:        1414512 kB
Active(anon):    1111772 kB
Inactive(anon):    18224 kB
Active(file):     174712 kB
Inactive(file):  1396288 kB
Unevictable:        5576 kB
Mlocked:            5576 kB
SwapTotal:       3670008 kB
SwapFree:        3670008 kB
Dirty:               296 kB
Writeback:             0 kB
AnonPages:       1111244 kB
Mapped:           815660 kB
Shmem:             20244 kB
KReclaimable:     558564 kB
Slab:             223224 kB
SReclaimable:      67620 kB
SUnreclaim:       155604 kB
KernelStack:       47168 kB
PageTables:        60812 kB
NFS_Unstable:          0 kB
Bounce:                0 kB
WritebackTmp:          0 kB
CommitLimit:     6660208 kB
Committed_AS:   71324544 kB
VmallocTotal:   263061440 kB
VmallocUsed:       87496 kB
VmallocChunk:          0 kB
Percpu:             7648 kB
CmaTotal:         315392 kB
CmaFree:               0 kB
MemTotal:        5980404 kB
MemFree:         1238676 kB
MemAvailable:    2805808 kB
Buffers:            4892 kB
Cached:          1590888 kB
SwapCached:            0 kB
Active:          1286504 kB
Inactive:        1414512 kB
Active(anon):    1111792 kB
Inactive(anon):    18224 kB
Active(file):     174712 kB
Inactive(file):  1396288 kB
Unevictable:        5576 kB
Mlocked:            5576 kB
SwapTotal:       3670008 kB
SwapFree:        3670008 kB
Dirty:               296 kB
Writeback:             0 kB
AnonPages:       1111028 kB
Mapped:           815432 kB
Shmem:             20244 kB
KReclaimable:     558564 kB
Slab:             223232 kB
SReclaimable:      67620 kB
SUnreclaim:       155612 kB
KernelStack:       46864 kB
PageTables:        60660 kB
NFS_Unstable:          0 kB
Bounce:                0 kB
WritebackTmp:          0 kB
CommitLimit:     6660208 kB
Committed_AS:   71326168 kB
VmallocTotal:   263061440 kB
VmallocUsed:       87288 kB
VmallocChunk:          0 kB
Percpu:             7648 kB
CmaTotal:         315392 kB
CmaFree:               0 kB
MemTotal:        5980404 kB
MemFree:         1239268 kB
MemAvailable:    2806400 kB
Buffers:            4892 kB
Cached:          1590888 kB
SwapCached:            0 kB
Active:          1286160 kB
Inactive:        1414496 kB
Active(anon):    1111432 kB
Inactive(anon):    18224 kB
Active(file):     174728 kB
Inactive(file):  1396272 kB
Unevictable:        5576 kB
Mlocked:            5576 kB
SwapTotal:       3670008 kB
SwapFree:        3670008 kB
Dirty:               336 kB
Writeback:             0 kB
AnonPages:       1110560 kB
Mapped:           815432 kB
Shmem:             20244 kB
KReclaimable:     558564 kB
Slab:             223216 kB
SReclaimable:      67620 kB
SUnreclaim:       155596 kB
KernelStack:       46928 kB
PageTables:        60516 kB
NFS_Unstable:          0 kB
Bounce:                0 kB
WritebackTmp:          0 kB
CommitLimit:     6660208 kB
Committed_AS:   71326260 kB
VmallocTotal:   263061440 kB
VmallocUsed:       87288 kB
VmallocChunk:          0 kB
Percpu:             7648 kB
CmaTotal:         315392 kB
CmaFree:               0 kB
MemTotal:        5980404 kB
MemFree:         1239360 kB
MemAvailable:    2806492 kB
Buffers:            4892 kB
Cached:          1590888 kB
SwapCached:            0 kB
Active:          1286600 kB
Inactive:        1414496 kB
Active(anon):    1111872 kB
Inactive(anon):    18224 kB
Active(file):     174728 kB
Inactive(file):  1396272 kB
Unevictable:        5576 kB
Mlocked:            5576 kB
SwapTotal:       3670008 kB
SwapFree:        3670008 kB
Dirty:               336 kB
Writeback:             0 kB
AnonPages:       1110960 kB
Mapped:           815496 kB
Shmem:             20244 kB
KReclaimable:     558564 kB
Slab:             223240 kB
SReclaimable:      67620 kB
SUnreclaim:       155620 kB
KernelStack:       46928 kB
PageTables:        60744 kB
NFS_Unstable:          0 kB
Bounce:                0 kB
WritebackTmp:          0 kB
CommitLimit:     6660208 kB
Committed_AS:   71328872 kB
VmallocTotal:   263061440 kB
VmallocUsed:       87288 kB
VmallocChunk:          0 kB
Percpu:             7648 kB
CmaTotal:         315392 kB
CmaFree:               0 kB
MemTotal:        5980404 kB
MemFree:         1238468 kB
MemAvailable:    2805600 kB
Buffers:            4892 kB
Cached:          1590888 kB
SwapCached:            0 kB
Active:          1287092 kB
Inactive:        1414496 kB
Active(anon):    1112364 kB
Inactive(anon):    18224 kB
Active(file):     174728 kB
Inactive(file):  1396272 kB
Unevictable:        5576 kB
Mlocked:            5576 kB
SwapTotal:       3670008 kB
SwapFree:        3670008 kB
Dirty:               336 kB
Writeback:             0 kB
AnonPages:       1111344 kB
Mapped:           815644 kB
Shmem:             20244 kB
KReclaimable:     558564 kB
Slab:             223232 kB
SReclaimable:      67620 kB
SUnreclaim:       155612 kB
KernelStack:       46896 kB
PageTables:        60596 kB
NFS_Unstable:          0 kB
Bounce:                0 kB
WritebackTmp:          0 kB
CommitLimit:     6660208 kB
Committed_AS:   71328232 kB
VmallocTotal:   263061440 kB
VmallocUsed:       87288 kB
VmallocChunk:          0 kB
Percpu:             7648 kB
CmaTotal:         315392 kB
CmaFree:               0 kB
MemTotal:        5980404 kB
MemFree:         1245988 kB
MemAvailable:    2813120 kB
Buffers:            4892 kB
Cached:          1590888 kB
SwapCached:            0 kB
Active:          1278616 kB
Inactive:        1414496 kB
Active(anon):    1103888 kB
Inactive(anon):    18224 kB
Active(file):     174728 kB
Inactive(file):  1396272 kB
Unevictable:        5576 kB
Mlocked:            5576 kB
SwapTotal:       3670008 kB
SwapFree:        3670008 kB
Dirty:               256 kB
Writeback:             0 kB
AnonPages:       1102916 kB
Mapped:           815596 kB
Shmem:             20244 kB
KReclaimable:     558564 kB
Slab:             223296 kB
SReclaimable:      67620 kB
SUnreclaim:       155676 kB
KernelStack:       46896 kB
PageTables:        60832 kB
NFS_Unstable:          0 kB
Bounce:                0 kB
WritebackTmp:          0 kB
CommitLimit:     6660208 kB
Committed_AS:   71328004 kB
VmallocTotal:   263061440 kB
VmallocUsed:       87256 kB
VmallocChunk:          0 kB
Percpu:             7648 kB
CmaTotal:         315392 kB
CmaFree:               0 kB
MemTotal:        5980404 kB
MemFree:         1245924 kB
MemAvailable:    2813080 kB
Buffers:            4900 kB
Cached:          1590904 kB
SwapCached:            0 kB
Active:          1279636 kB
Inactive:        1414512 kB
Active(anon):    1104900 kB
Inactive(anon):    18224 kB
Active(file):     174736 kB
Inactive(file):  1396288 kB
Unevictable:        5576 kB
Mlocked:            5576 kB
SwapTotal:       3670008 kB
SwapFree:        3670008 kB
Dirty:               296 kB
Writeback:             0 kB
AnonPages:       1103884 kB
Mapped:           815536 kB
Shmem:             20244 kB
KReclaimable:     558564 kB
Slab:             223240 kB
SReclaimable:      67620 kB
SUnreclaim:       155620 kB
KernelStack:       46864 kB
PageTables:        60624 kB
NFS_Unstable:          0 kB
Bounce:                0 kB
WritebackTmp:          0 kB
CommitLimit:     6660208 kB
Committed_AS:   71327700 kB
VmallocTotal:   263061440 kB
VmallocUsed:       87256 kB
VmallocChunk:          0 kB
Percpu:             7648 kB
CmaTotal:         315392 kB
CmaFree:               0 kB
MemTotal:        5980404 kB
MemFree:         1245344 kB
MemAvailable:    2812500 kB
Buffers:            4900 kB
Cached:          1590904 kB
SwapCached:            0 kB
Active:          1279796 kB
Inactive:        1414512 kB
Active(anon):    1105060 kB
Inactive(anon):    18224 kB
Active(file):     174736 kB
Inactive(file):  1396288 kB
Unevictable:        5576 kB
Mlocked:            5576 kB
SwapTotal:       3670008 kB
SwapFree:        3670008 kB
Dirty:               300 kB
Writeback:             0 kB
AnonPages:       1104024 kB
Mapped:           815432 kB
Shmem:             20244 kB
KReclaimable:     558564 kB
Slab:             223224 kB
SReclaimable:      67620 kB
SUnreclaim:       155604 kB
KernelStack:       46896 kB
PageTables:        61076 kB
NFS_Unstable:          0 kB
Bounce:                0 kB
WritebackTmp:          0 kB
CommitLimit:     6660208 kB
Committed_AS:   71328916 kB
VmallocTotal:   263061440 kB
VmallocUsed:       87288 kB
VmallocChunk:          0 kB
Percpu:             7648 kB
CmaTotal:         315392 kB
CmaFree:               0 kB
MemTotal:        5980404 kB
MemFree:         1249180 kB
MemAvailable:    2816336 kB
Buffers:            4900 kB
Cached:          1590904 kB
SwapCached:            0 kB
Active:          1276416 kB
Inactive:        1414512 kB
Active(anon):    1101680 kB
Inactive(anon):    18224 kB
Active(file):     174736 kB
Inactive(file):  1396288 kB
Unevictable:        5576 kB
Mlocked:            5576 kB
SwapTotal:       3670008 kB
SwapFree:        3670008 kB
Dirty:               312 kB
Writeback:             0 kB
AnonPages:       1100640 kB
Mapped:           815660 kB
Shmem:             20244 kB
KReclaimable:     558564 kB
Slab:             223200 kB
SReclaimable:      67620 kB
SUnreclaim:       155580 kB
KernelStack:       46880 kB
PageTables:        60844 kB
NFS_Unstable:          0 kB
Bounce:                0 kB
WritebackTmp:          0 kB
CommitLimit:     6660208 kB
Committed_AS:   71339220 kB
VmallocTotal:   263061440 kB
VmallocUsed:       87272 kB
VmallocChunk:          0 kB
Percpu:             7648 kB
CmaTotal:         315392 kB
CmaFree:              96 kB
MemTotal:        5980404 kB
MemFree:         1249292 kB
MemAvailable:    2816448 kB
Buffers:            4900 kB
Cached:          1590904 kB
SwapCached:            0 kB
Active:          1276792 kB
Inactive:        1414512 kB
Active(anon):    1102056 kB
Inactive(anon):    18224 kB
Active(file):     174736 kB
Inactive(file):  1396288 kB
Unevictable:        5576 kB
Mlocked:            5576 kB
SwapTotal:       3670008 kB
SwapFree:        3670008 kB
Dirty:               312 kB
Writeback:             0 kB
AnonPages:       1100572 kB
Mapped:           815612 kB
Shmem:             20244 kB
KReclaimable:     558564 kB
Slab:             223216 kB
SReclaimable:      67620 kB
SUnreclaim:       155596 kB
KernelStack:       46576 kB
PageTables:        60748 kB
NFS_Unstable:          0 kB
Bounce:                0 kB
WritebackTmp:          0 kB
CommitLimit:     6660208 kB
Committed_AS:   71338400 kB
VmallocTotal:   263061440 kB
VmallocUsed:       87016 kB
VmallocChunk:          0 kB
Percpu:             7648 kB
CmaTotal:         315392 kB
CmaFree:             152 kB
MemTotal:        5980404 kB
MemFree:         1249084 kB
MemAvailable:    2816240 kB
Buffers:            4900 kB
Cached:          1590904 kB
SwapCached:            0 kB
Active:          1276528 kB
Inactive:        1414512 kB
Active(anon):    1101792 kB
Inactive(anon):    18224 kB
Active(file):     174736 kB
Inactive(file):  1396288 kB
Unevictable:        5576 kB
Mlocked:            5576 kB
SwapTotal:       3670008 kB
SwapFree:        3670008 kB
Dirty:               264 kB
Writeback:             0 kB
AnonPages:       1100992 kB
Mapped:           815584 kB
Shmem:             20244 kB
KReclaimable:     558564 kB
Slab:             223208 kB
SReclaimable:      67620 kB
SUnreclaim:       155588 kB
KernelStack:       46528 kB
PageTables:        60644 kB
NFS_Unstable:          0 kB
Bounce:                0 kB
WritebackTmp:          0 kB
CommitLimit:     6660208 kB
Committed_AS:   71339716 kB
VmallocTotal:   263061440 kB
VmallocUsed:       86984 kB
VmallocChunk:          0 kB
Percpu:             7648 kB
CmaTotal:         315392 kB
CmaFree:             116 kB
MemTotal:        5980404 kB
MemFree:         1247784 kB
MemAvailable:    2814940 kB
Buffers:            4900 kB
Cached:          1590924 kB
SwapCached:            0 kB
Active:          1277392 kB
Inactive:        1414532 kB
Active(anon):    1102656 kB
Inactive(anon):    18244 kB
Active(file):     174736 kB
Inactive(file):  1396288 kB
Unevictable:        5576 kB
Mlocked:            5576 kB
SwapTotal:       3670008 kB
SwapFree:        3670008 kB
Dirty:               264 kB
Writeback:             0 kB
AnonPages:       1101552 kB
Mapped:           815496 kB
Shmem:             20264 kB
KReclaimable:     558564 kB
Slab:             223232 kB
SReclaimable:      67620 kB
SUnreclaim:       155612 kB
KernelStack:       46576 kB
PageTables:        60952 kB
NFS_Unstable:          0 kB
Bounce:                0 kB
WritebackTmp:          0 kB
CommitLimit:     6660208 kB
Committed_AS:   71342984 kB
VmallocTotal:   263061440 kB
VmallocUsed:       86984 kB
