MemTotal:       12113144 kB
MemFree:         6949600 kB
MemAvailable:    8349180 kB
Buffers:            6312 kB
Cached:          1622448 kB
SwapCached:            0 kB
Active:          1363296 kB
Inactive:        1413316 kB
Active(anon):    1154376 kB
Inactive(anon):    21244 kB
Active(file):     208920 kB
Inactive(file):  1392072 kB
Unevictable:        5692 kB
Mlocked:            5692 kB
SwapTotal:       3145724 kB
SwapFree:        3145724 kB
Dirty:               348 kB
Writeback:             0 kB
AnonPages:       1153480 kB
Mapped:           807232 kB
Shmem:             23116 kB
KReclaimable:     667292 kB
Slab:             202444 kB
SReclaimable:      66900 kB
SUnreclaim:       135544 kB
KernelStack:       41440 kB
PageTables:        55416 kB
NFS_Unstable:          0 kB
Bounce:                0 kB
WritebackTmp:          0 kB
CommitLimit:     9202296 kB
Committed_AS:   56396096 kB
VmallocTotal:   263061440 kB
VmallocUsed:       98308 kB
VmallocChunk:          0 kB
Percpu:             7584 kB
CmaTotal:         294912 kB
CmaFree:               0 kB
MemTotal:       12113144 kB
MemFree:         6948036 kB
MemAvailable:    8347604 kB
Buffers:            6312 kB
Cached:          1622436 kB
SwapCached:            0 kB
Active:          1364172 kB
Inactive:        1413304 kB
Active(anon):    1155252 kB
Inactive(anon):    21244 kB
Active(file):     208920 kB
Inactive(file):  1392060 kB
Unevictable:        5692 kB
Mlocked:            5692 kB
SwapTotal:       3145724 kB
SwapFree:        3145724 kB
Dirty:               344 kB
Writeback:             0 kB
AnonPages:       1154500 kB
Mapped:           805196 kB
Shmem:             23116 kB
KReclaimable:     667292 kB
Slab:             202436 kB
SReclaimable:      66900 kB
SUnreclaim:       135536 kB
KernelStack:       41476 kB
PageTables:        55672 kB
NFS_Unstable:          0 kB
Bounce:                0 kB
WritebackTmp:          0 kB
CommitLimit:     9202296 kB
Committed_AS:   56400340 kB
VmallocTotal:   263061440 kB
VmallocUsed:       98324 kB
VmallocChunk:          0 kB
Percpu:             7584 kB
CmaTotal:         294912 kB
CmaFree:               0 kB
MemTotal:       12113144 kB
MemFree:         6947852 kB
MemAvailable:    8347420 kB
Buffers:            6312 kB
Cached:          1622436 kB
SwapCached:            0 kB
Active:          1364596 kB
Inactive:        1413304 kB
Active(anon):    1155676 kB
Inactive(anon):    21244 kB
Active(file):     208920 kB
Inactive(file):  1392060 kB
Unevictable:        5692 kB
Mlocked:            5692 kB
SwapTotal:       3145724 kB
SwapFree:        3145724 kB
Dirty:               344 kB
Writeback:             0 kB
AnonPages:       1154904 kB
Mapped:           805260 kB
Shmem:             23116 kB
KReclaimable:     667292 kB
Slab:             202404 kB
SReclaimable:      66900 kB
SUnreclaim:       135504 kB
KernelStack:       41408 kB
PageTables:        55832 kB
NFS_Unstable:          0 kB
Bounce:                0 kB
WritebackTmp:          0 kB
CommitLimit:     9202296 kB
Committed_AS:   56400076 kB
VmallocTotal:   263061440 kB
VmallocUsed:       98260 kB
VmallocChunk:          0 kB
Percpu:             7584 kB
CmaTotal:         294912 kB
CmaFree:               0 kB
MemTotal:       12113144 kB
MemFree:         6946956 kB
MemAvailable:    8346524 kB
Buffers:            6312 kB
Cached:          1622436 kB
SwapCached:            0 kB
Active:          1364908 kB
Inactive:        1413304 kB
Active(anon):    1155988 kB
Inactive(anon):    21244 kB
Active(file):     208920 kB
Inactive(file):  1392060 kB
Unevictable:        5692 kB
Mlocked:            5692 kB
SwapTotal:       3145724 kB
SwapFree:        3145724 kB
Dirty:               344 kB
Writeback:             0 kB
AnonPages:       1155256 kB
Mapped:           805028 kB
Shmem:             23116 kB
KReclaimable:     667292 kB
Slab:             202436 kB
SReclaimable:      66900 kB
SUnreclaim:       135536 kB
KernelStack:       41440 kB
PageTables:        55732 kB
NFS_Unstable:          0 kB
Bounce:                0 kB
WritebackTmp:          0 kB
CommitLimit:     9202296 kB
Committed_AS:   56399936 kB
VmallocTotal:   263061440 kB
VmallocUsed:       98228 kB
VmallocChunk:          0 kB
Percpu:             7584 kB
CmaTotal:         294912 kB
CmaFree:               0 kB
MemTotal:       12113144 kB
MemFree:         6947320 kB
MemAvailable:    8346892 kB
Buffers:            6312 kB
Cached:          1622440 kB
SwapCached:            0 kB
Active:          1365356 kB
Inactive:        1413308 kB
Active(anon):    1156436 kB
Inactive(anon):    21244 kB
Active(file):     208920 kB
Inactive(file):  1392064 kB
Unevictable:        5692 kB
Mlocked:            5692 kB
SwapTotal:       3145724 kB
SwapFree:        3145724 kB
Dirty:               360 kB
Writeback:             0 kB
AnonPages:       1155592 kB
Mapped:           805264 kB
Shmem:             23116 kB
KReclaimable:     667292 kB
Slab:             202348 kB
SReclaimable:      66900 kB
SUnreclaim:       135448 kB
KernelStack:       41408 kB
PageTables:        55708 kB
NFS_Unstable:          0 kB
Bounce:                0 kB
WritebackTmp:          0 kB
CommitLimit:     9202296 kB
Committed_AS:   56399752 kB
VmallocTotal:   263061440 kB
VmallocUsed:       98244 kB
VmallocChunk:          0 kB
Percpu:             7584 kB
CmaTotal:         294912 kB
CmaFree:               0 kB
MemTotal:       12113144 kB
MemFree:         6947336 kB
MemAvailable:    8346908 kB
Buffers:            6312 kB
Cached:          1622448 kB
SwapCached:            0 kB
Active:          1366028 kB
Inactive:        1413316 kB
Active(anon):    1157108 kB
Inactive(anon):    21252 kB
Active(file):     208920 kB
Inactive(file):  1392064 kB
Unevictable:        5692 kB
Mlocked:            5692 kB
SwapTotal:       3145724 kB
SwapFree:        3145724 kB
Dirty:               364 kB
Writeback:             0 kB
AnonPages:       1156424 kB
Mapped:           805272 kB
Shmem:             23124 kB
KReclaimable:     667292 kB
Slab:             202452 kB
SReclaimable:      66900 kB
SUnreclaim:       135552 kB
KernelStack:       41376 kB
PageTables:        55704 kB
NFS_Unstable:          0 kB
Bounce:                0 kB
WritebackTmp:          0 kB
CommitLimit:     9202296 kB
Committed_AS:   56395384 kB
VmallocTotal:   263061440 kB
VmallocUsed:       98228 kB
VmallocChunk:          0 kB
Percpu:             7584 kB
CmaTotal:         294912 kB
CmaFree:               0 kB
MemTotal:       12113144 kB
MemFree:         6946148 kB
MemAvailable:    8345724 kB
Buffers:            6312 kB
Cached:          1622452 kB
SwapCached:            0 kB
Active:          1366404 kB
Inactive:        1413320 kB
Active(anon):    1157484 kB
Inactive(anon):    21252 kB
Active(file):     208920 kB
Inactive(file):  1392068 kB
Unevictable:        5692 kB
Mlocked:            5692 kB
SwapTotal:       3145724 kB
SwapFree:        3145724 kB
Dirty:               368 kB
Writeback:             0 kB
AnonPages:       1156728 kB
Mapped:           805020 kB
Shmem:             23124 kB
KReclaimable:     667292 kB
Slab:             202356 kB
SReclaimable:      66900 kB
SUnreclaim:       135456 kB
KernelStack:       41424 kB
PageTables:        55732 kB
NFS_Unstable:          0 kB
Bounce:                0 kB
WritebackTmp:          0 kB
CommitLimit:     9202296 kB
Committed_AS:   56395252 kB
VmallocTotal:   263061440 kB
VmallocUsed:       98212 kB
VmallocChunk:          0 kB
Percpu:             7584 kB
CmaTotal:         294912 kB
CmaFree:               0 kB
MemTotal:       12113144 kB
MemFree:         6944684 kB
MemAvailable:    8344256 kB
Buffers:            6312 kB
Cached:          1622448 kB
SwapCached:            0 kB
Active:          1367168 kB
Inactive:        1413316 kB
Active(anon):    1158248 kB
Inactive(anon):    21252 kB
Active(file):     208920 kB
Inactive(file):  1392064 kB
Unevictable:        5692 kB
Mlocked:            5692 kB
SwapTotal:       3145724 kB
SwapFree:        3145724 kB
Dirty:               364 kB
Writeback:             0 kB
AnonPages:       1157464 kB
Mapped:           805276 kB
Shmem:             23124 kB
KReclaimable:     667292 kB
Slab:             202460 kB
SReclaimable:      66900 kB
SUnreclaim:       135560 kB
KernelStack:       41392 kB
PageTables:        55708 kB
NFS_Unstable:          0 kB
Bounce:                0 kB
WritebackTmp:          0 kB
CommitLimit:     9202296 kB
Committed_AS:   56395164 kB
VmallocTotal:   263061440 kB
VmallocUsed:       98244 kB
VmallocChunk:          0 kB
Percpu:             7584 kB
CmaTotal:         294912 kB
CmaFree:               0 kB
MemTotal:       12113144 kB
MemFree:         6943720 kB
MemAvailable:    8343292 kB
Buffers:            6312 kB
Cached:          1622448 kB
SwapCached:            0 kB
Active:          1367404 kB
Inactive:        1413316 kB
Active(anon):    1158484 kB
Inactive(anon):    21252 kB
Active(file):     208920 kB
Inactive(file):  1392064 kB
Unevictable:        5692 kB
Mlocked:            5692 kB
SwapTotal:       3145724 kB
SwapFree:        3145724 kB
Dirty:               364 kB
Writeback:             0 kB
AnonPages:       1157632 kB
Mapped:           805020 kB
Shmem:             23124 kB
KReclaimable:     667292 kB
Slab:             202420 kB
SReclaimable:      66900 kB
SUnreclaim:       135520 kB
KernelStack:       41376 kB
PageTables:        55712 kB
NFS_Unstable:          0 kB
Bounce:                0 kB
WritebackTmp:          0 kB
CommitLimit:     9202296 kB
Committed_AS:   56397664 kB
VmallocTotal:   263061440 kB
VmallocUsed:       98244 kB
VmallocChunk:          0 kB
Percpu:             7584 kB
CmaTotal:         294912 kB
CmaFree:               0 kB
MemTotal:       12113144 kB
MemFree:         6944420 kB
MemAvailable:    8344004 kB
Buffers:            6316 kB
Cached:          1622456 kB
SwapCached:            0 kB
Active:          1367968 kB
Inactive:        1413324 kB
Active(anon):    1159044 kB
Inactive(anon):    21252 kB
Active(file):     208924 kB
Inactive(file):  1392072 kB
Unevictable:        5692 kB
Mlocked:            5692 kB
SwapTotal:       3145724 kB
SwapFree:        3145724 kB
Dirty:               348 kB
Writeback:             0 kB
AnonPages:       1158284 kB
Mapped:           805204 kB
Shmem:             23124 kB
KReclaimable:     667292 kB
Slab:             202316 kB
SReclaimable:      66900 kB
SUnreclaim:       135416 kB
KernelStack:       41360 kB
PageTables:        55652 kB
NFS_Unstable:          0 kB
Bounce:                0 kB
WritebackTmp:          0 kB
CommitLimit:     9202296 kB
Committed_AS:   56400220 kB
VmallocTotal:   263061440 kB
VmallocUsed:       98292 kB
VmallocChunk:          0 kB
Percpu:             7584 kB
CmaTotal:         294912 kB
CmaFree:               0 kB
MemTotal:       12113144 kB
MemFree:         6943656 kB
MemAvailable:    8343240 kB
Buffers:            6316 kB
Cached:          1622460 kB
SwapCached:            0 kB
Active:          1366888 kB
Inactive:        1413328 kB
Active(anon):    1157964 kB
Inactive(anon):    21256 kB
Active(file):     208924 kB
Inactive(file):  1392072 kB
Unevictable:        5692 kB
Mlocked:            5692 kB
SwapTotal:       3145724 kB
SwapFree:        3145724 kB
Dirty:               348 kB
Writeback:             0 kB
AnonPages:       1157236 kB
Mapped:           805024 kB
Shmem:             23128 kB
KReclaimable:     667292 kB
Slab:             202460 kB
SReclaimable:      66900 kB
SUnreclaim:       135560 kB
KernelStack:       41392 kB
PageTables:        55708 kB
NFS_Unstable:          0 kB
Bounce:                0 kB
WritebackTmp:          0 kB
CommitLimit:     9202296 kB
Committed_AS:   56399868 kB
VmallocTotal:   263061440 kB
VmallocUsed:       98276 kB
VmallocChunk:          0 kB
Percpu:             7584 kB
CmaTotal:         294912 kB
CmaFree:               0 kB
MemTotal:       12113144 kB
MemFree:         6943724 kB
MemAvailable:    8343312 kB
Buffers:            6316 kB
Cached:          1622464 kB
SwapCached:            0 kB
Active:          1367292 kB
Inactive:        1413332 kB
Active(anon):    1158368 kB
Inactive(anon):    21256 kB
Active(file):     208924 kB
Inactive(file):  1392076 kB
Unevictable:        5692 kB
Mlocked:            5692 kB
SwapTotal:       3145724 kB
SwapFree:        3145724 kB
Dirty:               236 kB
Writeback:             0 kB
AnonPages:       1157528 kB
Mapped:           805040 kB
Shmem:             23128 kB
KReclaimable:     667292 kB
Slab:             202380 kB
SReclaimable:      66900 kB
SUnreclaim:       135480 kB
KernelStack:       41440 kB
PageTables:        55732 kB
NFS_Unstable:          0 kB
Bounce:                0 kB
WritebackTmp:          0 kB
CommitLimit:     9202296 kB
Committed_AS:   56399912 kB
VmallocTotal:   263061440 kB
VmallocUsed:       98260 kB
VmallocChunk:          0 kB
Percpu:             7584 kB
CmaTotal:         294912 kB
CmaFree:               0 kB
MemTotal:       12113144 kB
MemFree:         6943904 kB
MemAvailable:    8343492 kB
Buffers:            6316 kB
Cached:          1622464 kB
SwapCached:            0 kB
Active:          1367704 kB
Inactive:        1413332 kB
Active(anon):    1158780 kB
Inactive(anon):    21256 kB
Active(file):     208924 kB
Inactive(file):  1392076 kB
Unevictable:        5692 kB
Mlocked:            5692 kB
SwapTotal:       3145724 kB
SwapFree:        3145724 kB
Dirty:               236 kB
Writeback:             0 kB
AnonPages:       1158020 kB
Mapped:           805024 kB
Shmem:             23128 kB
KReclaimable:     667292 kB
Slab:             202412 kB
SReclaimable:      66900 kB
SUnreclaim:       135512 kB
KernelStack:       41424 kB
PageTables:        55712 kB
NFS_Unstable:          0 kB
Bounce:                0 kB
WritebackTmp:          0 kB
CommitLimit:     9202296 kB
Committed_AS:   56399868 kB
VmallocTotal:   263061440 kB
VmallocUsed:       98244 kB
VmallocChunk:          0 kB
Percpu:             7584 kB
CmaTotal:         294912 kB
CmaFree:               0 kB
MemTotal:       12113144 kB
MemFree:         6942128 kB
MemAvailable:    8341716 kB
Buffers:            6316 kB
Cached:          1622464 kB
SwapCached:            0 kB
Active:          1367940 kB
Inactive:        1413332 kB
Active(anon):    1159016 kB
Inactive(anon):    21256 kB
Active(file):     208924 kB
Inactive(file):  1392076 kB
Unevictable:        5692 kB
Mlocked:            5692 kB
SwapTotal:       3145724 kB
SwapFree:        3145724 kB
Dirty:               236 kB
Writeback:             0 kB
AnonPages:       1158016 kB
Mapped:           805020 kB
Shmem:             23128 kB
KReclaimable:     667292 kB
Slab:             202484 kB
SReclaimable:      66900 kB
SUnreclaim:       135584 kB
KernelStack:       41376 kB
PageTables:        55708 kB
NFS_Unstable:          0 kB
Bounce:                0 kB
WritebackTmp:          0 kB
CommitLimit:     9202296 kB
Committed_AS:   56399920 kB
VmallocTotal:   263061440 kB
VmallocUsed:       98260 kB
VmallocChunk:          0 kB
Percpu:             7584 kB
CmaTotal:         294912 kB
CmaFree:               0 kB
MemTotal:       12113144 kB
MemFree:         6942672 kB
MemAvailable:    8342256 kB
Buffers:            6316 kB
Cached:          1622460 kB
SwapCached:            0 kB
Active:          1368292 kB
Inactive:        1413332 kB
Active(anon):    1159372 kB
Inactive(anon):    21256 kB
Active(file):     208920 kB
Inactive(file):  1392076 kB
Unevictable:        5692 kB
Mlocked:            5692 kB
SwapTotal:       3145724 kB
SwapFree:        3145724 kB
Dirty:               228 kB
Writeback:             0 kB
AnonPages:       1158492 kB
Mapped:           805276 kB
Shmem:             23128 kB
KReclaimable:     667292 kB
Slab:             202324 kB
SReclaimable:      66900 kB
SUnreclaim:       135424 kB
KernelStack:       41392 kB
PageTables:        55704 kB
NFS_Unstable:          0 kB
Bounce:                0 kB
WritebackTmp:          0 kB
CommitLimit:     9202296 kB
Committed_AS:   56399736 kB
VmallocTotal:   263061440 kB
VmallocUsed:       98244 kB
VmallocChunk:          0 kB
Percpu:             7584 kB
CmaTotal:         294912 kB
CmaFree:               0 kB
MemTotal:       12113144 kB
MemFree:         6921444 kB
MemAvailable:    8321036 kB
Buffers:            6316 kB
Cached:          1622880 kB
SwapCached:            0 kB
Active:          1388344 kB
Inactive:        1413228 kB
Active(anon):    1179420 kB
Inactive(anon):    21148 kB
Active(file):     208924 kB
Inactive(file):  1392080 kB
Unevictable:        5692 kB
Mlocked:            5692 kB
SwapTotal:       3145724 kB
SwapFree:        3145724 kB
Dirty:               236 kB
Writeback:             0 kB
AnonPages:       1178852 kB
Mapped:           804912 kB
Shmem:             23540 kB
KReclaimable:     667292 kB
Slab:             202444 kB
SReclaimable:      66900 kB
SUnreclaim:       135544 kB
KernelStack:       41392 kB
PageTables:        55724 kB
NFS_Unstable:          0 kB
Bounce:                0 kB
WritebackTmp:          0 kB
CommitLimit:     9202296 kB
Committed_AS:   56417152 kB
VmallocTotal:   263061440 kB
VmallocUsed:       98260 kB
VmallocChunk:          0 kB
Percpu:             7584 kB
CmaTotal:         294912 kB
CmaFree:               0 kB
MemTotal:       12113144 kB
MemFree:         6919972 kB
MemAvailable:    8319568 kB
Buffers:            6316 kB
Cached:          1622472 kB
SwapCached:            0 kB
Active:          1390568 kB
Inactive:        1413336 kB
Active(anon):    1181640 kB
Inactive(anon):    21256 kB
Active(file):     208928 kB
Inactive(file):  1392080 kB
Unevictable:        5692 kB
Mlocked:            5692 kB
SwapTotal:       3145724 kB
SwapFree:        3145724 kB
Dirty:               240 kB
Writeback:             0 kB
AnonPages:       1181196 kB
Mapped:           805276 kB
Shmem:             23128 kB
KReclaimable:     667292 kB
Slab:             202404 kB
SReclaimable:      66900 kB
SUnreclaim:       135504 kB
KernelStack:       41408 kB
PageTables:        55832 kB
NFS_Unstable:          0 kB
Bounce:                0 kB
WritebackTmp:          0 kB
CommitLimit:     9202296 kB
Committed_AS:   56417020 kB
VmallocTotal:   263061440 kB
VmallocUsed:       98244 kB
VmallocChunk:          0 kB
Percpu:             7584 kB
CmaTotal:         294912 kB
CmaFree:               0 kB
MemTotal:       12113144 kB
MemFree:         6920356 kB
MemAvailable:    8319944 kB
Buffers:            6316 kB
Cached:          1622464 kB
SwapCached:            0 kB
Active:          1390524 kB
Inactive:        1413332 kB
Active(anon):    1181600 kB
Inactive(anon):    21256 kB
Active(file):     208924 kB
Inactive(file):  1392076 kB
Unevictable:        5692 kB
Mlocked:            5692 kB
SwapTotal:       3145724 kB
SwapFree:        3145724 kB
Dirty:               236 kB
Writeback:             0 kB
AnonPages:       1180804 kB
Mapped:           805280 kB
Shmem:             23128 kB
KReclaimable:     667292 kB
Slab:             202428 kB
SReclaimable:      66900 kB
SUnreclaim:       135528 kB
KernelStack:       41376 kB
PageTables:        55708 kB
NFS_Unstable:          0 kB
Bounce:                0 kB
WritebackTmp:          0 kB
CommitLimit:     9202296 kB
Committed_AS:   56416844 kB
VmallocTotal:   263061440 kB
VmallocUsed:       98260 kB
VmallocChunk:          0 kB
Percpu:             7584 kB
CmaTotal:         294912 kB
CmaFree:               0 kB
MemTotal:       12113144 kB
MemFree:         6920272 kB
MemAvailable:    8319868 kB
Buffers:            6316 kB
Cached:          1622472 kB
SwapCached:            0 kB
Active:          1390828 kB
Inactive:        1413340 kB
Active(anon):    1181904 kB
Inactive(anon):    21256 kB
Active(file):     208924 kB
Inactive(file):  1392084 kB
Unevictable:        5692 kB
Mlocked:            5692 kB
SwapTotal:       3145724 kB
SwapFree:        3145724 kB
Dirty:               240 kB
Writeback:             0 kB
AnonPages:       1181216 kB
Mapped:           805276 kB
Shmem:             23128 kB
KReclaimable:     667292 kB
Slab:             202428 kB
SReclaimable:      66900 kB
SUnreclaim:       135528 kB
KernelStack:       41392 kB
PageTables:        55704 kB
NFS_Unstable:          0 kB
Bounce:                0 kB
WritebackTmp:          0 kB
CommitLimit:     9202296 kB
Committed_AS:   56416544 kB
VmallocTotal:   263061440 kB
VmallocUsed:       98260 kB
VmallocChunk:          0 kB
Percpu:             7584 kB
CmaTotal:         294912 kB
CmaFree:               0 kB
MemTotal:       12113144 kB
MemFree:         6919512 kB
MemAvailable:    8319104 kB
Buffers:            6316 kB
Cached:          1622468 kB
SwapCached:            0 kB
Active:          1391364 kB
Inactive:        1413336 kB
Active(anon):    1182440 kB
Inactive(anon):    21256 kB
Active(file):     208924 kB
Inactive(file):  1392080 kB
Unevictable:        5692 kB
Mlocked:            5692 kB
SwapTotal:       3145724 kB
SwapFree:        3145724 kB
Dirty:               284 kB
Writeback:             0 kB
AnonPages:       1181672 kB
Mapped:           805248 kB
Shmem:             23128 kB
KReclaimable:     667292 kB
Slab:             202420 kB
SReclaimable:      66900 kB
SUnreclaim:       135520 kB
KernelStack:       41392 kB
PageTables:        55672 kB
NFS_Unstable:          0 kB
Bounce:                0 kB
WritebackTmp:          0 kB
CommitLimit:     9202296 kB
Committed_AS:   56416668 kB
VmallocTotal:   263061440 kB
VmallocUsed:       98260 kB
VmallocChunk:          0 kB
Percpu:             7584 kB
CmaTotal:         294912 kB
CmaFree:               0 kB
MemTotal:       12113144 kB
MemFree:         6919144 kB
MemAvailable:    8318736 kB
Buffers:            6316 kB
Cached:          1622468 kB
SwapCached:            0 kB
Active:          1391984 kB
Inactive:        1413336 kB
Active(anon):    1183060 kB
Inactive(anon):    21256 kB
Active(file):     208924 kB
Inactive(file):  1392080 kB
Unevictable:        5692 kB
Mlocked:            5692 kB
SwapTotal:       3145724 kB
SwapFree:        3145724 kB
Dirty:               284 kB
Writeback:             0 kB
AnonPages:       1182064 kB
Mapped:           805324 kB
Shmem:             23128 kB
KReclaimable:     667292 kB
Slab:             202420 kB
SReclaimable:      66900 kB
SUnreclaim:       135520 kB
KernelStack:       41408 kB
PageTables:        55748 kB
NFS_Unstable:          0 kB
Bounce:                0 kB
WritebackTmp:          0 kB
CommitLimit:     9202296 kB
Committed_AS:   56417152 kB
VmallocTotal:   263061440 kB
VmallocUsed:       98244 kB
VmallocChunk:          0 kB
Percpu:             7584 kB
CmaTotal:         294912 kB
CmaFree:               0 kB
MemTotal:       12113144 kB
MemFree:         6918572 kB
MemAvailable:    8318164 kB
Buffers:            6316 kB
Cached:          1622468 kB
SwapCached:            0 kB
Active:          1391524 kB
Inactive:        1413336 kB
Active(anon):    1182600 kB
Inactive(anon):    21256 kB
Active(file):     208924 kB
Inactive(file):  1392080 kB
Unevictable:        5692 kB
Mlocked:            5692 kB
SwapTotal:       3145724 kB
SwapFree:        3145724 kB
Dirty:               280 kB
Writeback:             0 kB
AnonPages:       1181516 kB
Mapped:           805024 kB
Shmem:             23128 kB
KReclaimable:     667292 kB
Slab:             202420 kB
SReclaimable:      66900 kB
SUnreclaim:       135520 kB
KernelStack:       41376 kB
PageTables:        55712 kB
NFS_Unstable:          0 kB
Bounce:                0 kB
WritebackTmp:          0 kB
CommitLimit:     9202296 kB
Committed_AS:   56417020 kB
VmallocTotal:   263061440 kB
VmallocUsed:       98244 kB
VmallocChunk:          0 kB
Percpu:             7584 kB
CmaTotal:         294912 kB
CmaFree:               0 kB
MemTotal:       12113144 kB
MemFree:         6918448 kB
MemAvailable:    8318040 kB
Buffers:            6316 kB
Cached:          1622468 kB
SwapCached:            0 kB
Active:          1392048 kB
Inactive:        1413336 kB
Active(anon):    1183124 kB
Inactive(anon):    21256 kB
Active(file):     208924 kB
Inactive(file):  1392080 kB
Unevictable:        5692 kB
Mlocked:            5692 kB
SwapTotal:       3145724 kB
SwapFree:        3145724 kB
Dirty:               280 kB
Writeback:             0 kB
AnonPages:       1182388 kB
Mapped:           805276 kB
Shmem:             23128 kB
KReclaimable:     667292 kB
Slab:             202412 kB
SReclaimable:      66900 kB
SUnreclaim:       135512 kB
KernelStack:       41408 kB
PageTables:        55812 kB
NFS_Unstable:          0 kB
Bounce:                0 kB
WritebackTmp:          0 kB
CommitLimit:     9202296 kB
Committed_AS:   56411784 kB
VmallocTotal:   263061440 kB
VmallocUsed:       98260 kB
VmallocChunk:          0 kB
Percpu:             7584 kB
CmaTotal:         294912 kB
CmaFree:               0 kB
MemTotal:       12113144 kB
MemFree:         6918792 kB
MemAvailable:    8318384 kB
Buffers:            6316 kB
Cached:          1622468 kB
SwapCached:            0 kB
Active:          1392232 kB
Inactive:        1413336 kB
Active(anon):    1183308 kB
Inactive(anon):    21256 kB
Active(file):     208924 kB
Inactive(file):  1392080 kB
Unevictable:        5692 kB
Mlocked:            5692 kB
SwapTotal:       3145724 kB
SwapFree:        3145724 kB
Dirty:               284 kB
Writeback:             0 kB
AnonPages:       1182432 kB
Mapped:           805024 kB
Shmem:             23128 kB
KReclaimable:     667292 kB
Slab:             202420 kB
SReclaimable:      66900 kB
SUnreclaim:       135520 kB
KernelStack:       41392 kB
PageTables:        55720 kB
NFS_Unstable:          0 kB
Bounce:                0 kB
WritebackTmp:          0 kB
CommitLimit:     9202296 kB
Committed_AS:   56411644 kB
VmallocTotal:   263061440 kB
VmallocUsed:       98228 kB
VmallocChunk:          0 kB
Percpu:             7584 kB
CmaTotal:         294912 kB
CmaFree:               0 kB
MemTotal:       12113144 kB
MemFree:         6918412 kB
MemAvailable:    8318004 kB
Buffers:            6316 kB
Cached:          1622468 kB
SwapCached:            0 kB
Active:          1392648 kB
Inactive:        1413336 kB
Active(anon):    1183724 kB
Inactive(anon):    21256 kB
Active(file):     208924 kB
Inactive(file):  1392080 kB
Unevictable:        5692 kB
Mlocked:            5692 kB
SwapTotal:       3145724 kB
SwapFree:        3145724 kB
Dirty:               268 kB
Writeback:             0 kB
AnonPages:       1182920 kB
Mapped:           805276 kB
Shmem:             23128 kB
KReclaimable:     667292 kB
Slab:             202420 kB
SReclaimable:      66900 kB
SUnreclaim:       135520 kB
KernelStack:       41408 kB
PageTables:        55840 kB
NFS_Unstable:          0 kB
Bounce:                0 kB
WritebackTmp:          0 kB
CommitLimit:     9202296 kB
Committed_AS:   56406396 kB
VmallocTotal:   263061440 kB
VmallocUsed:       98244 kB
VmallocChunk:          0 kB
Percpu:             7584 kB
CmaTotal:         294912 kB
CmaFree:               0 kB
MemTotal:       12113144 kB
MemFree:         6918092 kB
MemAvailable:    8317704 kB
Buffers:            6324 kB
Cached:          1622480 kB
SwapCached:            0 kB
Active:          1392948 kB
Inactive:        1413348 kB
Active(anon):    1184016 kB
Inactive(anon):    21256 kB
Active(file):     208932 kB
Inactive(file):  1392092 kB
Unevictable:        5692 kB
Mlocked:            5692 kB
SwapTotal:       3145724 kB
SwapFree:        3145724 kB
Dirty:               268 kB
Writeback:             0 kB
AnonPages:       1183232 kB
Mapped:           805280 kB
Shmem:             23128 kB
KReclaimable:     667292 kB
Slab:             202420 kB
SReclaimable:      66900 kB
SUnreclaim:       135520 kB
KernelStack:       41440 kB
PageTables:        55724 kB
NFS_Unstable:          0 kB
Bounce:                0 kB
WritebackTmp:          0 kB
CommitLimit:     9202296 kB
Committed_AS:   56411572 kB
VmallocTotal:   263061440 kB
VmallocUsed:       98244 kB
VmallocChunk:          0 kB
Percpu:             7584 kB
CmaTotal:         294912 kB
CmaFree:               0 kB
MemTotal:       12113144 kB
MemFree:         6917456 kB
MemAvailable:    8317068 kB
Buffers:            6324 kB
Cached:          1622480 kB
SwapCached:            0 kB
Active:          1393876 kB
Inactive:        1413348 kB
Active(anon):    1184944 kB
Inactive(anon):    21256 kB
Active(file):     208932 kB
Inactive(file):  1392092 kB
Unevictable:        5692 kB
Mlocked:            5692 kB
SwapTotal:       3145724 kB
SwapFree:        3145724 kB
Dirty:               280 kB
Writeback:             0 kB
AnonPages:       1184328 kB
Mapped:           805092 kB
Shmem:             23128 kB
KReclaimable:     667292 kB
Slab:             202428 kB
SReclaimable:      66900 kB
SUnreclaim:       135528 kB
KernelStack:       41456 kB
PageTables:        55768 kB
NFS_Unstable:          0 kB
Bounce:                0 kB
WritebackTmp:          0 kB
CommitLimit:     9202296 kB
Committed_AS:   56411448 kB
VmallocTotal:   263061440 kB
VmallocUsed:       98260 kB
VmallocChunk:          0 kB
Percpu:             7584 kB
CmaTotal:         294912 kB
CmaFree:               0 kB
MemTotal:       12113144 kB
MemFree:         6917268 kB
MemAvailable:    8316880 kB
Buffers:            6324 kB
Cached:          1622480 kB
SwapCached:            0 kB
Active:          1394680 kB
Inactive:        1413348 kB
Active(anon):    1185748 kB
Inactive(anon):    21256 kB
Active(file):     208932 kB
Inactive(file):  1392092 kB
Unevictable:        5692 kB
Mlocked:            5692 kB
SwapTotal:       3145724 kB
SwapFree:        3145724 kB
Dirty:               280 kB
Writeback:             0 kB
AnonPages:       1184848 kB
Mapped:           805212 kB
Shmem:             23128 kB
KReclaimable:     667292 kB
Slab:             202428 kB
SReclaimable:      66900 kB
SUnreclaim:       135528 kB
KernelStack:       41444 kB
PageTables:        55664 kB
NFS_Unstable:          0 kB
Bounce:                0 kB
WritebackTmp:          0 kB
CommitLimit:     9202296 kB
Committed_AS:   56411352 kB
VmallocTotal:   263061440 kB
VmallocUsed:       98292 kB
VmallocChunk:          0 kB
Percpu:             7584 kB
CmaTotal:         294912 kB
CmaFree:               0 kB
MemTotal:       12113144 kB
MemFree:         6916748 kB
MemAvailable:    8316360 kB
Buffers:            6324 kB
Cached:          1622480 kB
SwapCached:            0 kB
Active:          1395000 kB
Inactive:        1413348 kB
Active(anon):    1186068 kB
Inactive(anon):    21256 kB
Active(file):     208932 kB
Inactive(file):  1392092 kB
Unevictable:        5692 kB
Mlocked:            5692 kB
SwapTotal:       3145724 kB
SwapFree:        3145724 kB
Dirty:               284 kB
Writeback:             0 kB
AnonPages:       1185148 kB
Mapped:           805212 kB
Shmem:             23128 kB
KReclaimable:     667292 kB
Slab:             202412 kB
SReclaimable:      66900 kB
SUnreclaim:       135512 kB
KernelStack:       41460 kB
PageTables:        55664 kB
NFS_Unstable:          0 kB
Bounce:                0 kB
WritebackTmp:          0 kB
CommitLimit:     9202296 kB
Committed_AS:   56411456 kB
VmallocTotal:   263061440 kB
VmallocUsed:       98308 kB
VmallocChunk:          0 kB
Percpu:             7584 kB
CmaTotal:         294912 kB
CmaFree:               0 kB
MemTotal:       12113144 kB
MemFree:         6915476 kB
MemAvailable:    8315088 kB
Buffers:            6324 kB
Cached:          1622480 kB
SwapCached:            0 kB
Active:          1395276 kB
Inactive:        1413348 kB
Active(anon):    1186344 kB
Inactive(anon):    21256 kB
Active(file):     208932 kB
Inactive(file):  1392092 kB
Unevictable:        5692 kB
Mlocked:            5692 kB
SwapTotal:       3145724 kB
SwapFree:        3145724 kB
Dirty:               284 kB
Writeback:             0 kB
AnonPages:       1185644 kB
Mapped:           805276 kB
Shmem:             23128 kB
KReclaimable:     667292 kB
Slab:             202420 kB
SReclaimable:      66900 kB
SUnreclaim:       135520 kB
KernelStack:       41408 kB
PageTables:        55700 kB
NFS_Unstable:          0 kB
Bounce:                0 kB
WritebackTmp:          0 kB
CommitLimit:     9202296 kB
Committed_AS:   56411368 kB
VmallocTotal:   263061440 kB
VmallocUsed:       98292 kB
VmallocChunk:          0 kB
Percpu:             7584 kB
CmaTotal:         294912 kB
CmaFree:               0 kB
MemTotal:       12113144 kB
MemFree:         6914720 kB
MemAvailable:    8314332 kB
Buffers:            6324 kB
Cached:          1622480 kB
SwapCached:            0 kB
Active:          1395836 kB
Inactive:        1413348 kB
Active(anon):    1186904 kB
Inactive(anon):    21256 kB
Active(file):     208932 kB
Inactive(file):  1392092 kB
Unevictable:        5692 kB
Mlocked:            5692 kB
SwapTotal:       3145724 kB
SwapFree:        3145724 kB
Dirty:               288 kB
Writeback:             0 kB
AnonPages:       1186028 kB
Mapped:           805140 kB
Shmem:             23128 kB
KReclaimable:     667292 kB
Slab:             202420 kB
SReclaimable:      66900 kB
SUnreclaim:       135520 kB
KernelStack:       41460 kB
PageTables:        55644 kB
NFS_Unstable:          0 kB
Bounce:                0 kB
WritebackTmp:          0 kB
CommitLimit:     9202296 kB
Committed_AS:   56406028 kB
VmallocTotal:   263061440 kB
VmallocUsed:       98308 kB
VmallocChunk:          0 kB
Percpu:             7584 kB
CmaTotal:         294912 kB
CmaFree:               0 kB
MemTotal:       12113144 kB
MemFree:         6914188 kB
MemAvailable:    8313800 kB
Buffers:            6324 kB
Cached:          1622480 kB
SwapCached:            0 kB
Active:          1396788 kB
Inactive:        1413348 kB
Active(anon):    1187856 kB
Inactive(anon):    21256 kB
Active(file):     208932 kB
Inactive(file):  1392092 kB
Unevictable:        5692 kB
Mlocked:            5692 kB
SwapTotal:       3145724 kB
SwapFree:        3145724 kB
Dirty:               288 kB
Writeback:             0 kB
AnonPages:       1187004 kB
Mapped:           805284 kB
Shmem:             23128 kB
KReclaimable:     667292 kB
Slab:             202412 kB
SReclaimable:      66900 kB
SUnreclaim:       135512 kB
KernelStack:       41492 kB
PageTables:        55716 kB
NFS_Unstable:          0 kB
Bounce:                0 kB
WritebackTmp:          0 kB
CommitLimit:     9202296 kB
Committed_AS:   56406072 kB
VmallocTotal:   263061440 kB
VmallocUsed:       98308 kB
VmallocChunk:          0 kB
Percpu:             7584 kB
CmaTotal:         294912 kB
CmaFree:               0 kB
MemTotal:       12113144 kB
MemFree:         6913320 kB
MemAvailable:    8312928 kB
Buffers:            6324 kB
Cached:          1622480 kB
SwapCached:            0 kB
Active:          1396956 kB
Inactive:        1413348 kB
Active(anon):    1188024 kB
Inactive(anon):    21256 kB
Active(file):     208932 kB
Inactive(file):  1392092 kB
Unevictable:        5692 kB
Mlocked:            5692 kB
SwapTotal:       3145724 kB
SwapFree:        3145724 kB
Dirty:               296 kB
Writeback:             0 kB
AnonPages:       1187492 kB
Mapped:           805276 kB
Shmem:             23128 kB
KReclaimable:     667288 kB
Slab:             202432 kB
SReclaimable:      66896 kB
SUnreclaim:       135536 kB
KernelStack:       41424 kB
PageTables:        55704 kB
NFS_Unstable:          0 kB
Bounce:                0 kB
WritebackTmp:          0 kB
CommitLimit:     9202296 kB
Committed_AS:   56405808 kB
VmallocTotal:   263061440 kB
VmallocUsed:       98340 kB
VmallocChunk:          0 kB
Percpu:             7584 kB
CmaTotal:         294912 kB
CmaFree:               0 kB
MemTotal:       12113144 kB
MemFree:         6912552 kB
MemAvailable:    8312320 kB
Buffers:            6324 kB
Cached:          1622604 kB
SwapCached:            0 kB
Active:          1397508 kB
Inactive:        1413460 kB
Active(anon):    1188564 kB
Inactive(anon):    21256 kB
Active(file):     208944 kB
Inactive(file):  1392204 kB
Unevictable:        5692 kB
Mlocked:            5692 kB
SwapTotal:       3145724 kB
SwapFree:        3145724 kB
Dirty:                92 kB
Writeback:             0 kB
AnonPages:       1187788 kB
Mapped:           805016 kB
Shmem:             23128 kB
KReclaimable:     667324 kB
Slab:             202436 kB
SReclaimable:      66932 kB
SUnreclaim:       135504 kB
KernelStack:       41424 kB
PageTables:        55704 kB
NFS_Unstable:          0 kB
Bounce:                0 kB
WritebackTmp:          0 kB
CommitLimit:     9202296 kB
Committed_AS:   56405720 kB
VmallocTotal:   263061440 kB
VmallocUsed:       98340 kB
VmallocChunk:          0 kB
Percpu:             7584 kB
CmaTotal:         294912 kB
CmaFree:               0 kB
MemTotal:       12113144 kB
MemFree:         6911816 kB
MemAvailable:    8311492 kB
Buffers:            6324 kB
Cached:          1622500 kB
SwapCached:            0 kB
Active:          1398396 kB
Inactive:        1413360 kB
Active(anon):    1189456 kB
Inactive(anon):    21260 kB
Active(file):     208940 kB
Inactive(file):  1392100 kB
Unevictable:        5692 kB
Mlocked:            5692 kB
SwapTotal:       3145724 kB
SwapFree:        3145724 kB
Dirty:               132 kB
Writeback:             0 kB
AnonPages:       1188208 kB
Mapped:           805288 kB
Shmem:             23132 kB
KReclaimable:     667340 kB
Slab:             202476 kB
SReclaimable:      66948 kB
SUnreclaim:       135528 kB
KernelStack:       41440 kB
PageTables:        55724 kB
NFS_Unstable:          0 kB
Bounce:                0 kB
WritebackTmp:          0 kB
CommitLimit:     9202296 kB
Committed_AS:   56405724 kB
VmallocTotal:   263061440 kB
VmallocUsed:       98340 kB
VmallocChunk:          0 kB
Percpu:             7584 kB
CmaTotal:         294912 kB
CmaFree:               0 kB
MemTotal:       12113144 kB
MemFree:         6911368 kB
MemAvailable:    8311044 kB
Buffers:            6324 kB
Cached:          1622500 kB
SwapCached:            0 kB
Active:          1398720 kB
Inactive:        1413360 kB
Active(anon):    1189780 kB
Inactive(anon):    21260 kB
Active(file):     208940 kB
Inactive(file):  1392100 kB
Unevictable:        5692 kB
Mlocked:            5692 kB
SwapTotal:       3145724 kB
SwapFree:        3145724 kB
Dirty:               132 kB
Writeback:             0 kB
AnonPages:       1188864 kB
Mapped:           805280 kB
Shmem:             23132 kB
KReclaimable:     667340 kB
Slab:             202452 kB
SReclaimable:      66948 kB
SUnreclaim:       135504 kB
KernelStack:       41424 kB
PageTables:        55720 kB
NFS_Unstable:          0 kB
Bounce:                0 kB
WritebackTmp:          0 kB
CommitLimit:     9202296 kB
Committed_AS:   56405592 kB
VmallocTotal:   263061440 kB
VmallocUsed:       98324 kB
VmallocChunk:          0 kB
Percpu:             7584 kB
CmaTotal:         294912 kB
CmaFree:               0 kB
MemTotal:       12113144 kB
MemFree:         6920676 kB
MemAvailable:    8320352 kB
Buffers:            6324 kB
Cached:          1622500 kB
SwapCached:            0 kB
Active:          1389848 kB
Inactive:        1413360 kB
Active(anon):    1180908 kB
Inactive(anon):    21260 kB
Active(file):     208940 kB
Inactive(file):  1392100 kB
Unevictable:        5692 kB
Mlocked:            5692 kB
SwapTotal:       3145724 kB
SwapFree:        3145724 kB
Dirty:               136 kB
Writeback:             0 kB
AnonPages:       1179856 kB
Mapped:           805220 kB
Shmem:             23132 kB
KReclaimable:     667340 kB
Slab:             202484 kB
SReclaimable:      66948 kB
SUnreclaim:       135536 kB
KernelStack:       41440 kB
PageTables:        55724 kB
NFS_Unstable:          0 kB
Bounce:                0 kB
WritebackTmp:          0 kB
CommitLimit:     9202296 kB
Committed_AS:   56405556 kB
VmallocTotal:   263061440 kB
VmallocUsed:       98308 kB
VmallocChunk:          0 kB
Percpu:             7584 kB
CmaTotal:         294912 kB
CmaFree:               0 kB
MemTotal:       12113144 kB
MemFree:         6921212 kB
MemAvailable:    8320888 kB
Buffers:            6324 kB
Cached:          1622500 kB
SwapCached:            0 kB
Active:          1389520 kB
Inactive:        1413360 kB
Active(anon):    1180580 kB
Inactive(anon):    21260 kB
Active(file):     208940 kB
Inactive(file):  1392100 kB
Unevictable:        5692 kB
Mlocked:            5692 kB
SwapTotal:       3145724 kB
SwapFree:        3145724 kB
Dirty:               136 kB
Writeback:             0 kB
AnonPages:       1179992 kB
Mapped:           805020 kB
Shmem:             23132 kB
KReclaimable:     667340 kB
Slab:             202460 kB
SReclaimable:      66948 kB
SUnreclaim:       135512 kB
KernelStack:       41424 kB
PageTables:        55704 kB
NFS_Unstable:          0 kB
Bounce:                0 kB
WritebackTmp:          0 kB
CommitLimit:     9202296 kB
Committed_AS:   56405512 kB
VmallocTotal:   263061440 kB
VmallocUsed:       98308 kB
VmallocChunk:          0 kB
Percpu:             7584 kB
CmaTotal:         294912 kB
CmaFree:               0 kB
MemTotal:       12113144 kB
MemFree:         6920484 kB
MemAvailable:    8320160 kB
Buffers:            6324 kB
Cached:          1622500 kB
SwapCached:            0 kB
Active:          1389852 kB
Inactive:        1413360 kB
Active(anon):    1180912 kB
Inactive(anon):    21260 kB
Active(file):     208940 kB
Inactive(file):  1392100 kB
Unevictable:        5692 kB
Mlocked:            5692 kB
SwapTotal:       3145724 kB
SwapFree:        3145724 kB
Dirty:               140 kB
Writeback:             0 kB
AnonPages:       1180196 kB
Mapped:           805288 kB
Shmem:             23132 kB
KReclaimable:     667340 kB
Slab:             202468 kB
SReclaimable:      66948 kB
SUnreclaim:       135520 kB
KernelStack:       41424 kB
PageTables:        55704 kB
NFS_Unstable:          0 kB
Bounce:                0 kB
WritebackTmp:          0 kB
CommitLimit:     9202296 kB
Committed_AS:   56405424 kB
VmallocTotal:   263061440 kB
VmallocUsed:       98292 kB
VmallocChunk:          0 kB
Percpu:             7584 kB
CmaTotal:         294912 kB
CmaFree:               0 kB
MemTotal:       12113144 kB
MemFree:         6920104 kB
MemAvailable:    8319780 kB
Buffers:            6328 kB
Cached:          1622496 kB
SwapCached:            0 kB
Active:          1390164 kB
Inactive:        1413360 kB
Active(anon):    1181224 kB
Inactive(anon):    21260 kB
Active(file):     208940 kB
Inactive(file):  1392100 kB
Unevictable:        5692 kB
Mlocked:            5692 kB
SwapTotal:       3145724 kB
SwapFree:        3145724 kB
Dirty:               144 kB
Writeback:             0 kB
AnonPages:       1180416 kB
Mapped:           805068 kB
Shmem:             23132 kB
KReclaimable:     667340 kB
Slab:             202452 kB
SReclaimable:      66948 kB
SUnreclaim:       135504 kB
KernelStack:       41424 kB
PageTables:        55640 kB
NFS_Unstable:          0 kB
Bounce:                0 kB
WritebackTmp:          0 kB
CommitLimit:     9202296 kB
Committed_AS:   56401060 kB
VmallocTotal:   263061440 kB
VmallocUsed:       98308 kB
VmallocChunk:          0 kB
Percpu:             7584 kB
CmaTotal:         294912 kB
CmaFree:               0 kB
MemTotal:       12113144 kB
MemFree:         6919892 kB
MemAvailable:    8319592 kB
Buffers:            6328 kB
Cached:          1622520 kB
SwapCached:            0 kB
Active:          1390924 kB
Inactive:        1413376 kB
Active(anon):    1181976 kB
Inactive(anon):    21260 kB
Active(file):     208948 kB
Inactive(file):  1392116 kB
Unevictable:        5692 kB
Mlocked:            5692 kB
SwapTotal:       3145724 kB
SwapFree:        3145724 kB
Dirty:               156 kB
Writeback:             0 kB
AnonPages:       1180972 kB
Mapped:           805296 kB
Shmem:             23132 kB
KReclaimable:     667340 kB
Slab:             202476 kB
SReclaimable:      66948 kB
SUnreclaim:       135528 kB
KernelStack:       41424 kB
PageTables:        55720 kB
NFS_Unstable:          0 kB
Bounce:                0 kB
WritebackTmp:          0 kB
CommitLimit:     9202296 kB
Committed_AS:   56400964 kB
VmallocTotal:   263061440 kB
VmallocUsed:       98292 kB
VmallocChunk:          0 kB
Percpu:             7584 kB
CmaTotal:         294912 kB
CmaFree:               0 kB
MemTotal:       12113144 kB
MemFree:         6919500 kB
MemAvailable:    8319192 kB
Buffers:            6328 kB
Cached:          1622512 kB
SwapCached:            0 kB
Active:          1391412 kB
Inactive:        1413372 kB
Active(anon):    1182468 kB
Inactive(anon):    21260 kB
Active(file):     208944 kB
Inactive(file):  1392112 kB
Unevictable:        5692 kB
Mlocked:            5692 kB
SwapTotal:       3145724 kB
SwapFree:        3145724 kB
Dirty:               152 kB
Writeback:             0 kB
AnonPages:       1181832 kB
Mapped:           805292 kB
Shmem:             23132 kB
KReclaimable:     667340 kB
Slab:             202452 kB
SReclaimable:      66948 kB
SUnreclaim:       135504 kB
KernelStack:       41424 kB
PageTables:        55704 kB
NFS_Unstable:          0 kB
Bounce:                0 kB
WritebackTmp:          0 kB
CommitLimit:     9202296 kB
Committed_AS:   56400792 kB
VmallocTotal:   263061440 kB
VmallocUsed:       98324 kB
VmallocChunk:          0 kB
Percpu:             7584 kB
CmaTotal:         294912 kB
CmaFree:               0 kB
MemTotal:       12113144 kB
MemFree:         6919188 kB
MemAvailable:    8318880 kB
Buffers:            6328 kB
Cached:          1622516 kB
SwapCached:            0 kB
Active:          1391760 kB
Inactive:        1413376 kB
Active(anon):    1182816 kB
Inactive(anon):    21264 kB
Active(file):     208944 kB
Inactive(file):  1392112 kB
Unevictable:        5692 kB
Mlocked:            5692 kB
SwapTotal:       3145724 kB
SwapFree:        3145724 kB
Dirty:               164 kB
Writeback:             0 kB
AnonPages:       1181992 kB
Mapped:           805044 kB
Shmem:             23136 kB
KReclaimable:     667340 kB
Slab:             202484 kB
SReclaimable:      66948 kB
SUnreclaim:       135536 kB
KernelStack:       41424 kB
PageTables:        55708 kB
NFS_Unstable:          0 kB
Bounce:                0 kB
WritebackTmp:          0 kB
CommitLimit:     9202296 kB
Committed_AS:   56400792 kB
VmallocTotal:   263061440 kB
VmallocUsed:       98340 kB
VmallocChunk:          0 kB
Percpu:             7584 kB
CmaTotal:         294912 kB
CmaFree:               0 kB
MemTotal:       12113144 kB
MemFree:         6918584 kB
MemAvailable:    8318276 kB
Buffers:            6328 kB
Cached:          1622516 kB
SwapCached:            0 kB
Active:          1392460 kB
Inactive:        1413376 kB
Active(anon):    1183516 kB
Inactive(anon):    21264 kB
Active(file):     208944 kB
Inactive(file):  1392112 kB
Unevictable:        5692 kB
Mlocked:            5692 kB
SwapTotal:       3145724 kB
SwapFree:        3145724 kB
Dirty:               172 kB
Writeback:             0 kB
AnonPages:       1182488 kB
Mapped:           805296 kB
Shmem:             23136 kB
KReclaimable:     667340 kB
Slab:             202436 kB
SReclaimable:      66948 kB
SUnreclaim:       135488 kB
KernelStack:       41424 kB
PageTables:        55704 kB
NFS_Unstable:          0 kB
Bounce:                0 kB
WritebackTmp:          0 kB
CommitLimit:     9202296 kB
Committed_AS:   56406076 kB
VmallocTotal:   263061440 kB
VmallocUsed:       98324 kB
VmallocChunk:          0 kB
Percpu:             7584 kB
CmaTotal:         294912 kB
CmaFree:               0 kB
MemTotal:       12113144 kB
MemFree:         6917568 kB
MemAvailable:    8317260 kB
Buffers:            6328 kB
Cached:          1622516 kB
SwapCached:            0 kB
Active:          1392516 kB
Inactive:        1413376 kB
Active(anon):    1183572 kB
Inactive(anon):    21264 kB
Active(file):     208944 kB
Inactive(file):  1392112 kB
Unevictable:        5692 kB
Mlocked:            5692 kB
SwapTotal:       3145724 kB
SwapFree:        3145724 kB
Dirty:               188 kB
Writeback:             0 kB
AnonPages:       1183008 kB
Mapped:           805040 kB
Shmem:             23136 kB
KReclaimable:     667340 kB
Slab:             202476 kB
SReclaimable:      66948 kB
SUnreclaim:       135528 kB
KernelStack:       41440 kB
PageTables:        55708 kB
NFS_Unstable:          0 kB
Bounce:                0 kB
WritebackTmp:          0 kB
CommitLimit:     9202296 kB
Committed_AS:   56406428 kB
VmallocTotal:   263061440 kB
VmallocUsed:       98324 kB
VmallocChunk:          0 kB
Percpu:             7584 kB
CmaTotal:         294912 kB
CmaFree:               0 kB
MemTotal:       12113144 kB
MemFree:         6917124 kB
MemAvailable:    8316816 kB
Buffers:            6328 kB
Cached:          1622516 kB
SwapCached:            0 kB
Active:          1393056 kB
Inactive:        1413376 kB
Active(anon):    1184112 kB
Inactive(anon):    21264 kB
Active(file):     208944 kB
Inactive(file):  1392112 kB
Unevictable:        5692 kB
Mlocked:            5692 kB
SwapTotal:       3145724 kB
SwapFree:        3145724 kB
Dirty:               200 kB
Writeback:             0 kB
AnonPages:       1183512 kB
Mapped:           805036 kB
Shmem:             23136 kB
KReclaimable:     667340 kB
Slab:             202452 kB
SReclaimable:      66948 kB
SUnreclaim:       135504 kB
KernelStack:       41424 kB
PageTables:        55704 kB
NFS_Unstable:          0 kB
Bounce:                0 kB
WritebackTmp:          0 kB
CommitLimit:     9202296 kB
Committed_AS:   56406296 kB
VmallocTotal:   263061440 kB
VmallocUsed:       98340 kB
VmallocChunk:          0 kB
Percpu:             7584 kB
CmaTotal:         294912 kB
CmaFree:               0 kB
MemTotal:       12113144 kB
MemFree:         6916532 kB
MemAvailable:    8316224 kB
Buffers:            6328 kB
Cached:          1622516 kB
SwapCached:            0 kB
Active:          1393624 kB
Inactive:        1413372 kB
Active(anon):    1184676 kB
Inactive(anon):    21264 kB
Active(file):     208948 kB
Inactive(file):  1392108 kB
Unevictable:        5692 kB
Mlocked:            5692 kB
SwapTotal:       3145724 kB
SwapFree:        3145724 kB
Dirty:                72 kB
Writeback:             0 kB
AnonPages:       1184012 kB
Mapped:           805296 kB
Shmem:             23136 kB
KReclaimable:     667340 kB
Slab:             202456 kB
SReclaimable:      66948 kB
SUnreclaim:       135508 kB
KernelStack:       41424 kB
PageTables:        55704 kB
NFS_Unstable:          0 kB
Bounce:                0 kB
WritebackTmp:          0 kB
CommitLimit:     9202296 kB
Committed_AS:   56406048 kB
VmallocTotal:   263061440 kB
VmallocUsed:       98340 kB
VmallocChunk:          0 kB
Percpu:             7584 kB
CmaTotal:         294912 kB
CmaFree:               0 kB
MemTotal:       12113144 kB
MemFree:         6916104 kB
MemAvailable:    8315796 kB
Buffers:            6328 kB
Cached:          1622516 kB
SwapCached:            0 kB
Active:          1394568 kB
Inactive:        1413372 kB
Active(anon):    1185620 kB
Inactive(anon):    21264 kB
Active(file):     208948 kB
Inactive(file):  1392108 kB
Unevictable:        5692 kB
Mlocked:            5692 kB
SwapTotal:       3145724 kB
SwapFree:        3145724 kB
Dirty:                72 kB
Writeback:             0 kB
AnonPages:       1185032 kB
Mapped:           805296 kB
Shmem:             23136 kB
KReclaimable:     667340 kB
Slab:             202440 kB
SReclaimable:      66948 kB
SUnreclaim:       135492 kB
KernelStack:       41424 kB
PageTables:        55704 kB
NFS_Unstable:          0 kB
Bounce:                0 kB
WritebackTmp:          0 kB
CommitLimit:     9202296 kB
Committed_AS:   56405652 kB
VmallocTotal:   263061440 kB
VmallocUsed:       98308 kB
VmallocChunk:          0 kB
Percpu:             7584 kB
CmaTotal:         294912 kB
CmaFree:               0 kB
MemTotal:       12113144 kB
MemFree:         6915356 kB
MemAvailable:    8315044 kB
Buffers:            6328 kB
Cached:          1622512 kB
SwapCached:            0 kB
Active:          1394584 kB
Inactive:        1413376 kB
Active(anon):    1185644 kB
Inactive(anon):    21264 kB
Active(file):     208940 kB
Inactive(file):  1392112 kB
Unevictable:        5692 kB
Mlocked:            5692 kB
SwapTotal:       3145724 kB
SwapFree:        3145724 kB
Dirty:               140 kB
Writeback:             0 kB
AnonPages:       1184852 kB
Mapped:           805296 kB
Shmem:             23136 kB
KReclaimable:     667340 kB
Slab:             202480 kB
SReclaimable:      66948 kB
SUnreclaim:       135532 kB
KernelStack:       41440 kB
PageTables:        55704 kB
NFS_Unstable:          0 kB
Bounce:                0 kB
WritebackTmp:          0 kB
CommitLimit:     9202296 kB
Committed_AS:   56405616 kB
VmallocTotal:   263061440 kB
VmallocUsed:       98308 kB
VmallocChunk:          0 kB
Percpu:             7584 kB
CmaTotal:         294912 kB
CmaFree:               0 kB
MemTotal:       12113144 kB
MemFree:         6915288 kB
MemAvailable:    8314988 kB
Buffers:            6328 kB
Cached:          1622524 kB
SwapCached:            0 kB
Active:          1395172 kB
Inactive:        1413380 kB
Active(anon):    1186224 kB
Inactive(anon):    21264 kB
Active(file):     208948 kB
Inactive(file):  1392116 kB
Unevictable:        5692 kB
Mlocked:            5692 kB
SwapTotal:       3145724 kB
SwapFree:        3145724 kB
Dirty:               148 kB
Writeback:             0 kB
AnonPages:       1185300 kB
Mapped:           805232 kB
Shmem:             23136 kB
KReclaimable:     667340 kB
Slab:             202464 kB
SReclaimable:      66948 kB
SUnreclaim:       135516 kB
KernelStack:       41392 kB
PageTables:        55652 kB
NFS_Unstable:          0 kB
Bounce:                0 kB
WritebackTmp:          0 kB
CommitLimit:     9202296 kB
Committed_AS:   56405696 kB
VmallocTotal:   263061440 kB
VmallocUsed:       98324 kB
VmallocChunk:          0 kB
Percpu:             7584 kB
CmaTotal:         294912 kB
CmaFree:               0 kB
MemTotal:       12113144 kB
MemFree:         6914428 kB
MemAvailable:    8314128 kB
Buffers:            6328 kB
Cached:          1622524 kB
SwapCached:            0 kB
Active:          1395604 kB
Inactive:        1413380 kB
Active(anon):    1186656 kB
Inactive(anon):    21264 kB
Active(file):     208948 kB
Inactive(file):  1392116 kB
Unevictable:        5692 kB
Mlocked:            5692 kB
SwapTotal:       3145724 kB
SwapFree:        3145724 kB
Dirty:               148 kB
Writeback:             0 kB
AnonPages:       1185788 kB
Mapped:           805300 kB
Shmem:             23136 kB
KReclaimable:     667340 kB
Slab:             202496 kB
SReclaimable:      66948 kB
SUnreclaim:       135548 kB
KernelStack:       41424 kB
PageTables:        55828 kB
NFS_Unstable:          0 kB
Bounce:                0 kB
WritebackTmp:          0 kB
CommitLimit:     9202296 kB
Committed_AS:   56405740 kB
VmallocTotal:   263061440 kB
VmallocUsed:       98324 kB
VmallocChunk:          0 kB
Percpu:             7584 kB
CmaTotal:         294912 kB
CmaFree:               0 kB
MemTotal:       12113144 kB
MemFree:         6914328 kB
MemAvailable:    8314028 kB
Buffers:            6328 kB
Cached:          1622524 kB
SwapCached:            0 kB
Active:          1395836 kB
Inactive:        1413380 kB
Active(anon):    1186888 kB
Inactive(anon):    21264 kB
Active(file):     208948 kB
Inactive(file):  1392116 kB
Unevictable:        5692 kB
Mlocked:            5692 kB
SwapTotal:       3145724 kB
SwapFree:        3145724 kB
Dirty:               148 kB
Writeback:             0 kB
AnonPages:       1186372 kB
Mapped:           805044 kB
Shmem:             23136 kB
KReclaimable:     667340 kB
Slab:             202392 kB
SReclaimable:      66948 kB
SUnreclaim:       135444 kB
KernelStack:       41456 kB
PageTables:        55724 kB
NFS_Unstable:          0 kB
Bounce:                0 kB
WritebackTmp:          0 kB
CommitLimit:     9202296 kB
Committed_AS:   56405704 kB
VmallocTotal:   263061440 kB
VmallocUsed:       98308 kB
VmallocChunk:          0 kB
Percpu:             7584 kB
CmaTotal:         294912 kB
CmaFree:               0 kB
MemTotal:       12113144 kB
MemFree:         6914296 kB
MemAvailable:    8313996 kB
Buffers:            6328 kB
Cached:          1622532 kB
SwapCached:            0 kB
Active:          1396796 kB
Inactive:        1413388 kB
Active(anon):    1187848 kB
Inactive(anon):    21272 kB
Active(file):     208948 kB
Inactive(file):  1392116 kB
Unevictable:        5692 kB
Mlocked:            5692 kB
SwapTotal:       3145724 kB
SwapFree:        3145724 kB
Dirty:               148 kB
Writeback:             0 kB
AnonPages:       1187064 kB
Mapped:           805312 kB
Shmem:             23144 kB
KReclaimable:     667340 kB
Slab:             202464 kB
SReclaimable:      66948 kB
SUnreclaim:       135516 kB
KernelStack:       41424 kB
PageTables:        55716 kB
NFS_Unstable:          0 kB
Bounce:                0 kB
WritebackTmp:          0 kB
CommitLimit:     9202296 kB
Committed_AS:   56405792 kB
VmallocTotal:   263061440 kB
VmallocUsed:       98340 kB
VmallocChunk:          0 kB
Percpu:             7584 kB
CmaTotal:         294912 kB
CmaFree:               0 kB
MemTotal:       12113144 kB
MemFree:         6913288 kB
MemAvailable:    8312980 kB
Buffers:            6328 kB
Cached:          1622524 kB
SwapCached:            0 kB
Active:          1396976 kB
Inactive:        1413384 kB
Active(anon):    1188032 kB
Inactive(anon):    21272 kB
Active(file):     208944 kB
Inactive(file):  1392112 kB
Unevictable:        5692 kB
Mlocked:            5692 kB
SwapTotal:       3145724 kB
SwapFree:        3145724 kB
Dirty:               140 kB
Writeback:             0 kB
AnonPages:       1187336 kB
Mapped:           805056 kB
Shmem:             23144 kB
KReclaimable:     667340 kB
Slab:             202440 kB
SReclaimable:      66948 kB
SUnreclaim:       135492 kB
KernelStack:       41424 kB
PageTables:        55708 kB
NFS_Unstable:          0 kB
Bounce:                0 kB
WritebackTmp:          0 kB
CommitLimit:     9202296 kB
Committed_AS:   56405668 kB
VmallocTotal:   263061440 kB
VmallocUsed:       98324 kB
VmallocChunk:          0 kB
Percpu:             7584 kB
CmaTotal:         294912 kB
CmaFree:               0 kB
MemTotal:       12113144 kB
MemFree:         6913752 kB
MemAvailable:    8313460 kB
Buffers:            6332 kB
Cached:          1622540 kB
SwapCached:            0 kB
Active:          1397476 kB
Inactive:        1413396 kB
Active(anon):    1188524 kB
Inactive(anon):    21276 kB
Active(file):     208952 kB
Inactive(file):  1392120 kB
Unevictable:        5692 kB
Mlocked:            5692 kB
SwapTotal:       3145724 kB
SwapFree:        3145724 kB
Dirty:               156 kB
Writeback:             0 kB
AnonPages:       1187792 kB
Mapped:           805316 kB
Shmem:             23148 kB
KReclaimable:     667340 kB
Slab:             202456 kB
SReclaimable:      66948 kB
SUnreclaim:       135508 kB
KernelStack:       41424 kB
PageTables:        55704 kB
NFS_Unstable:          0 kB
Bounce:                0 kB
WritebackTmp:          0 kB
CommitLimit:     9202296 kB
Committed_AS:   56405800 kB
VmallocTotal:   263061440 kB
VmallocUsed:       98340 kB
VmallocChunk:          0 kB
Percpu:             7584 kB
CmaTotal:         294912 kB
CmaFree:               0 kB
MemTotal:       12113144 kB
MemFree:         6912120 kB
MemAvailable:    8311900 kB
Buffers:            6332 kB
Cached:          1622548 kB
SwapCached:            0 kB
Active:          1398476 kB
Inactive:        1413404 kB
Active(anon):    1189524 kB
Inactive(anon):    21276 kB
Active(file):     208952 kB
Inactive(file):  1392128 kB
Unevictable:        5692 kB
Mlocked:            5692 kB
SwapTotal:       3145724 kB
SwapFree:        3145724 kB
Dirty:               132 kB
Writeback:             0 kB
AnonPages:       1188604 kB
Mapped:           805236 kB
Shmem:             23148 kB
KReclaimable:     667340 kB
Slab:             202392 kB
SReclaimable:      66948 kB
SUnreclaim:       135444 kB
KernelStack:       41440 kB
PageTables:        55708 kB
NFS_Unstable:          0 kB
Bounce:                0 kB
WritebackTmp:          0 kB
CommitLimit:     9202296 kB
Committed_AS:   56405844 kB
VmallocTotal:   263061440 kB
VmallocUsed:       98324 kB
VmallocChunk:          0 kB
Percpu:             7584 kB
CmaTotal:         294912 kB
CmaFree:               0 kB
MemTotal:       12113144 kB
MemFree:         6912116 kB
MemAvailable:    8311832 kB
Buffers:            6332 kB
Cached:          1622548 kB
SwapCached:            0 kB
Active:          1398036 kB
Inactive:        1413404 kB
Active(anon):    1189084 kB
Inactive(anon):    21276 kB
Active(file):     208952 kB
Inactive(file):  1392128 kB
Unevictable:        5692 kB
Mlocked:            5692 kB
SwapTotal:       3145724 kB
SwapFree:        3145724 kB
Dirty:               132 kB
Writeback:             0 kB
AnonPages:       1188468 kB
Mapped:           805244 kB
Shmem:             23148 kB
KReclaimable:     667340 kB
Slab:             202480 kB
SReclaimable:      66948 kB
SUnreclaim:       135532 kB
KernelStack:       41424 kB
PageTables:        55700 kB
NFS_Unstable:          0 kB
Bounce:                0 kB
WritebackTmp:          0 kB
CommitLimit:     9202296 kB
Committed_AS:   56405660 kB
VmallocTotal:   263061440 kB
VmallocUsed:       98308 kB
VmallocChunk:          0 kB
Percpu:             7584 kB
CmaTotal:         294912 kB
CmaFree:               0 kB
MemTotal:       12113144 kB
MemFree:         6912348 kB
MemAvailable:    8312064 kB
Buffers:            6332 kB
Cached:          1622548 kB
SwapCached:            0 kB
Active:          1397248 kB
Inactive:        1413404 kB
Active(anon):    1188296 kB
Inactive(anon):    21276 kB
Active(file):     208952 kB
Inactive(file):  1392128 kB
Unevictable:        5692 kB
Mlocked:            5692 kB
SwapTotal:       3145724 kB
SwapFree:        3145724 kB
Dirty:               132 kB
Writeback:             0 kB
AnonPages:       1187584 kB
Mapped:           805064 kB
Shmem:             23148 kB
KReclaimable:     667340 kB
Slab:             202464 kB
SReclaimable:      66948 kB
SUnreclaim:       135516 kB
KernelStack:       41440 kB
PageTables:        55712 kB
NFS_Unstable:          0 kB
Bounce:                0 kB
WritebackTmp:          0 kB
CommitLimit:     9202296 kB
Committed_AS:   56405704 kB
VmallocTotal:   263061440 kB
VmallocUsed:       98292 kB
VmallocChunk:          0 kB
Percpu:             7584 kB
CmaTotal:         294912 kB
CmaFree:               0 kB
MemTotal:       12113144 kB
MemFree:         6932616 kB
MemAvailable:    8332332 kB
Buffers:            6332 kB
Cached:          1622548 kB
SwapCached:            0 kB
Active:          1376056 kB
Inactive:        1413404 kB
Active(anon):    1167104 kB
Inactive(anon):    21276 kB
Active(file):     208952 kB
Inactive(file):  1392128 kB
Unevictable:        5692 kB
Mlocked:            5692 kB
SwapTotal:       3145724 kB
SwapFree:        3145724 kB
Dirty:               132 kB
Writeback:             0 kB
AnonPages:       1166196 kB
Mapped:           805328 kB
Shmem:             23148 kB
KReclaimable:     667340 kB
Slab:             202416 kB
SReclaimable:      66948 kB
SUnreclaim:       135468 kB
KernelStack:       41460 kB
PageTables:        55724 kB
NFS_Unstable:          0 kB
Bounce:                0 kB
WritebackTmp:          0 kB
CommitLimit:     9202296 kB
Committed_AS:   56405740 kB
VmallocTotal:   263061440 kB
VmallocUsed:       98308 kB
VmallocChunk:          0 kB
Percpu:             7584 kB
CmaTotal:         294912 kB
CmaFree:               0 kB
MemTotal:       12113144 kB
MemFree:         6932064 kB
MemAvailable:    8331780 kB
Buffers:            6332 kB
Cached:          1622548 kB
SwapCached:            0 kB
Active:          1376248 kB
Inactive:        1413404 kB
Active(anon):    1167296 kB
Inactive(anon):    21276 kB
Active(file):     208952 kB
Inactive(file):  1392128 kB
Unevictable:        5692 kB
Mlocked:            5692 kB
SwapTotal:       3145724 kB
SwapFree:        3145724 kB
Dirty:               140 kB
Writeback:             0 kB
AnonPages:       1166456 kB
Mapped:           805312 kB
Shmem:             23148 kB
KReclaimable:     667340 kB
Slab:             202472 kB
SReclaimable:      66948 kB
SUnreclaim:       135524 kB
KernelStack:       41408 kB
PageTables:        55712 kB
NFS_Unstable:          0 kB
Bounce:                0 kB
WritebackTmp:          0 kB
CommitLimit:     9202296 kB
Committed_AS:   56405632 kB
VmallocTotal:   263061440 kB
VmallocUsed:       98308 kB
VmallocChunk:          0 kB
Percpu:             7584 kB
CmaTotal:         294912 kB
CmaFree:               0 kB
MemTotal:       12113144 kB
MemFree:         6932248 kB
MemAvailable:    8331964 kB
Buffers:            6332 kB
Cached:          1622548 kB
SwapCached:            0 kB
Active:          1376784 kB
Inactive:        1413404 kB
Active(anon):    1167832 kB
Inactive(anon):    21276 kB
Active(file):     208952 kB
Inactive(file):  1392128 kB
Unevictable:        5692 kB
Mlocked:            5692 kB
SwapTotal:       3145724 kB
SwapFree:        3145724 kB
Dirty:               140 kB
Writeback:             0 kB
AnonPages:       1166652 kB
Mapped:           805132 kB
Shmem:             23148 kB
KReclaimable:     667340 kB
Slab:             202384 kB
SReclaimable:      66948 kB
SUnreclaim:       135436 kB
KernelStack:       41456 kB
PageTables:        55784 kB
NFS_Unstable:          0 kB
Bounce:                0 kB
WritebackTmp:          0 kB
CommitLimit:     9202296 kB
Committed_AS:   56405280 kB
VmallocTotal:   263061440 kB
VmallocUsed:       98308 kB
VmallocChunk:          0 kB
Percpu:             7584 kB
CmaTotal:         294912 kB
CmaFree:               0 kB
MemTotal:       12113144 kB
MemFree:         6932432 kB
MemAvailable:    8332148 kB
Buffers:            6332 kB
Cached:          1622556 kB
SwapCached:            0 kB
Active:          1377020 kB
Inactive:        1413412 kB
Active(anon):    1168068 kB
Inactive(anon):    21284 kB
Active(file):     208952 kB
Inactive(file):  1392128 kB
Unevictable:        5692 kB
Mlocked:            5692 kB
SwapTotal:       3145724 kB
SwapFree:        3145724 kB
Dirty:               140 kB
Writeback:             0 kB
AnonPages:       1167420 kB
Mapped:           805264 kB
Shmem:             23156 kB
KReclaimable:     667340 kB
Slab:             202496 kB
SReclaimable:      66948 kB
SUnreclaim:       135548 kB
KernelStack:       41444 kB
PageTables:        55664 kB
NFS_Unstable:          0 kB
Bounce:                0 kB
WritebackTmp:          0 kB
CommitLimit:     9202296 kB
Committed_AS:   56405060 kB
VmallocTotal:   263061440 kB
VmallocUsed:       98292 kB
VmallocChunk:          0 kB
Percpu:             7584 kB
CmaTotal:         294912 kB
CmaFree:               0 kB
MemTotal:       12113144 kB
MemFree:         6932436 kB
MemAvailable:    8332148 kB
Buffers:            6332 kB
Cached:          1622552 kB
SwapCached:            0 kB
Active:          1376108 kB
Inactive:        1413412 kB
Active(anon):    1167160 kB
Inactive(anon):    21284 kB
Active(file):     208948 kB
Inactive(file):  1392128 kB
Unevictable:        5692 kB
Mlocked:            5692 kB
SwapTotal:       3145724 kB
SwapFree:        3145724 kB
Dirty:               132 kB
Writeback:             0 kB
AnonPages:       1166296 kB
Mapped:           805324 kB
Shmem:             23156 kB
KReclaimable:     667340 kB
Slab:             202384 kB
SReclaimable:      66948 kB
SUnreclaim:       135436 kB
KernelStack:       41424 kB
PageTables:        55704 kB
NFS_Unstable:          0 kB
Bounce:                0 kB
WritebackTmp:          0 kB
CommitLimit:     9202296 kB
Committed_AS:   56405104 kB
VmallocTotal:   263061440 kB
VmallocUsed:       98276 kB
VmallocChunk:          0 kB
Percpu:             7584 kB
CmaTotal:         294912 kB
CmaFree:               0 kB
MemTotal:       12113144 kB
MemFree:         6932064 kB
MemAvailable:    8331776 kB
Buffers:            6332 kB
Cached:          1622552 kB
SwapCached:            0 kB
Active:          1376508 kB
Inactive:        1413408 kB
Active(anon):    1167556 kB
Inactive(anon):    21284 kB
Active(file):     208952 kB
Inactive(file):  1392124 kB
Unevictable:        5692 kB
Mlocked:            5692 kB
SwapTotal:       3145724 kB
SwapFree:        3145724 kB
Dirty:               156 kB
Writeback:             0 kB
AnonPages:       1167068 kB
Mapped:           805320 kB
Shmem:             23156 kB
KReclaimable:     667340 kB
Slab:             202488 kB
SReclaimable:      66948 kB
SUnreclaim:       135540 kB
KernelStack:       41424 kB
PageTables:        55696 kB
NFS_Unstable:          0 kB
Bounce:                0 kB
WritebackTmp:          0 kB
CommitLimit:     9202296 kB
Committed_AS:   56404928 kB
VmallocTotal:   263061440 kB
VmallocUsed:       98276 kB
VmallocChunk:          0 kB
Percpu:             7584 kB
CmaTotal:         294912 kB
CmaFree:               0 kB
MemTotal:       12113144 kB
MemFree:         6932168 kB
MemAvailable:    8331888 kB
Buffers:            6332 kB
Cached:          1622560 kB
SwapCached:            0 kB
Active:          1377072 kB
Inactive:        1413416 kB
Active(anon):    1168120 kB
Inactive(anon):    21284 kB
Active(file):     208952 kB
Inactive(file):  1392132 kB
Unevictable:        5692 kB
Mlocked:            5692 kB
SwapTotal:       3145724 kB
SwapFree:        3145724 kB
Dirty:               156 kB
Writeback:             0 kB
AnonPages:       1167044 kB
Mapped:           805064 kB
Shmem:             23156 kB
KReclaimable:     667340 kB
Slab:             202408 kB
SReclaimable:      66948 kB
SUnreclaim:       135460 kB
KernelStack:       41424 kB
PageTables:        55696 kB
NFS_Unstable:          0 kB
Bounce:                0 kB
WritebackTmp:          0 kB
CommitLimit:     9202296 kB
Committed_AS:   56405456 kB
VmallocTotal:   263061440 kB
VmallocUsed:       98292 kB
VmallocChunk:          0 kB
Percpu:             7584 kB
CmaTotal:         294912 kB
CmaFree:               0 kB
MemTotal:       12113144 kB
MemFree:         6932384 kB
MemAvailable:    8332104 kB
Buffers:            6332 kB
Cached:          1622560 kB
SwapCached:            0 kB
Active:          1377104 kB
Inactive:        1413416 kB
Active(anon):    1168152 kB
Inactive(anon):    21284 kB
Active(file):     208952 kB
Inactive(file):  1392132 kB
Unevictable:        5692 kB
Mlocked:            5692 kB
SwapTotal:       3145724 kB
SwapFree:        3145724 kB
Dirty:               156 kB
Writeback:             0 kB
AnonPages:       1167228 kB
Mapped:           805072 kB
Shmem:             23156 kB
KReclaimable:     667340 kB
Slab:             202472 kB
SReclaimable:      66948 kB
SUnreclaim:       135524 kB
KernelStack:       41392 kB
PageTables:        55724 kB
NFS_Unstable:          0 kB
Bounce:                0 kB
WritebackTmp:          0 kB
CommitLimit:     9202296 kB
Committed_AS:   56405532 kB
VmallocTotal:   263061440 kB
VmallocUsed:       98292 kB
VmallocChunk:          0 kB
Percpu:             7584 kB
CmaTotal:         294912 kB
CmaFree:               0 kB
MemTotal:       12113144 kB
MemFree:         6933084 kB
MemAvailable:    8332804 kB
Buffers:            6332 kB
Cached:          1622560 kB
SwapCached:            0 kB
Active:          1377644 kB
Inactive:        1413416 kB
Active(anon):    1168692 kB
Inactive(anon):    21284 kB
Active(file):     208952 kB
Inactive(file):  1392132 kB
Unevictable:        5692 kB
Mlocked:            5692 kB
SwapTotal:       3145724 kB
SwapFree:        3145724 kB
Dirty:               156 kB
Writeback:             0 kB
AnonPages:       1168044 kB
Mapped:           805328 kB
Shmem:             23156 kB
KReclaimable:     667340 kB
Slab:             202408 kB
SReclaimable:      66948 kB
SUnreclaim:       135460 kB
KernelStack:       41392 kB
PageTables:        55712 kB
NFS_Unstable:          0 kB
Bounce:                0 kB
WritebackTmp:          0 kB
CommitLimit:     9202296 kB
Committed_AS:   56405696 kB
VmallocTotal:   263061440 kB
VmallocUsed:       98308 kB
VmallocChunk:          0 kB
Percpu:             7584 kB
CmaTotal:         294912 kB
CmaFree:               0 kB
MemTotal:       12113144 kB
MemFree:         6931508 kB
MemAvailable:    8331228 kB
Buffers:            6332 kB
Cached:          1622560 kB
SwapCached:            0 kB
Active:          1378052 kB
Inactive:        1413416 kB
Active(anon):    1169100 kB
Inactive(anon):    21284 kB
Active(file):     208952 kB
Inactive(file):  1392132 kB
Unevictable:        5692 kB
Mlocked:            5692 kB
SwapTotal:       3145724 kB
SwapFree:        3145724 kB
Dirty:               156 kB
Writeback:             0 kB
AnonPages:       1168544 kB
Mapped:           805064 kB
Shmem:             23156 kB
KReclaimable:     667340 kB
Slab:             202480 kB
SReclaimable:      66948 kB
SUnreclaim:       135532 kB
KernelStack:       41392 kB
PageTables:        55720 kB
NFS_Unstable:          0 kB
Bounce:                0 kB
WritebackTmp:          0 kB
CommitLimit:     9202296 kB
Committed_AS:   56405280 kB
VmallocTotal:   263061440 kB
VmallocUsed:       98292 kB
VmallocChunk:          0 kB
Percpu:             7584 kB
CmaTotal:         294912 kB
CmaFree:               0 kB
MemTotal:       12113144 kB
MemFree:         6931780 kB
MemAvailable:    8331500 kB
Buffers:            6332 kB
Cached:          1622560 kB
SwapCached:            0 kB
Active:          1378724 kB
Inactive:        1413416 kB
Active(anon):    1169772 kB
Inactive(anon):    21284 kB
Active(file):     208952 kB
Inactive(file):  1392132 kB
Unevictable:        5692 kB
Mlocked:            5692 kB
SwapTotal:       3145724 kB
SwapFree:        3145724 kB
Dirty:               156 kB
Writeback:             0 kB
AnonPages:       1168764 kB
Mapped:           805328 kB
Shmem:             23156 kB
KReclaimable:     667340 kB
Slab:             202384 kB
SReclaimable:      66948 kB
SUnreclaim:       135436 kB
KernelStack:       41408 kB
PageTables:        55716 kB
NFS_Unstable:          0 kB
Bounce:                0 kB
WritebackTmp:          0 kB
CommitLimit:     9202296 kB
Committed_AS:   56405588 kB
VmallocTotal:   263061440 kB
VmallocUsed:       98292 kB
VmallocChunk:          0 kB
Percpu:             7584 kB
CmaTotal:         294912 kB
CmaFree:               0 kB
MemTotal:       12113144 kB
MemFree:         6931276 kB
MemAvailable:    8331000 kB
Buffers:            6336 kB
Cached:          1622560 kB
SwapCached:            0 kB
Active:          1378740 kB
Inactive:        1413416 kB
Active(anon):    1169784 kB
Inactive(anon):    21284 kB
Active(file):     208956 kB
Inactive(file):  1392132 kB
Unevictable:        5692 kB
Mlocked:            5692 kB
SwapTotal:       3145724 kB
SwapFree:        3145724 kB
Dirty:               172 kB
Writeback:             0 kB
AnonPages:       1169096 kB
Mapped:           805136 kB
Shmem:             23156 kB
KReclaimable:     667340 kB
Slab:             202488 kB
SReclaimable:      66948 kB
SUnreclaim:       135540 kB
KernelStack:       41424 kB
PageTables:        55708 kB
NFS_Unstable:          0 kB
Bounce:                0 kB
WritebackTmp:          0 kB
CommitLimit:     9202296 kB
Committed_AS:   56405324 kB
VmallocTotal:   263061440 kB
VmallocUsed:       98276 kB
VmallocChunk:          0 kB
Percpu:             7584 kB
CmaTotal:         294912 kB
CmaFree:               0 kB
MemTotal:       12113144 kB
MemFree:         6930464 kB
MemAvailable:    8330188 kB
Buffers:            6336 kB
Cached:          1622560 kB
SwapCached:            0 kB
Active:          1379032 kB
Inactive:        1413420 kB
Active(anon):    1170080 kB
Inactive(anon):    21284 kB
Active(file):     208952 kB
Inactive(file):  1392136 kB
Unevictable:        5692 kB
Mlocked:            5692 kB
SwapTotal:       3145724 kB
SwapFree:        3145724 kB
Dirty:               132 kB
Writeback:             0 kB
AnonPages:       1169248 kB
Mapped:           805260 kB
Shmem:             23156 kB
KReclaimable:     667340 kB
Slab:             202536 kB
SReclaimable:      66948 kB
SUnreclaim:       135588 kB
KernelStack:       41460 kB
PageTables:        55720 kB
NFS_Unstable:          0 kB
Bounce:                0 kB
WritebackTmp:          0 kB
CommitLimit:     9202296 kB
Committed_AS:   56405148 kB
VmallocTotal:   263061440 kB
VmallocUsed:       98276 kB
VmallocChunk:          0 kB
Percpu:             7584 kB
CmaTotal:         294912 kB
CmaFree:               0 kB
MemTotal:       12113144 kB
MemFree:         6930376 kB
MemAvailable:    8330108 kB
Buffers:            6336 kB
Cached:          1622568 kB
SwapCached:            0 kB
Active:          1379632 kB
Inactive:        1413424 kB
Active(anon):    1170676 kB
Inactive(anon):    21284 kB
Active(file):     208956 kB
Inactive(file):  1392140 kB
Unevictable:        5692 kB
Mlocked:            5692 kB
SwapTotal:       3145724 kB
SwapFree:        3145724 kB
Dirty:               140 kB
Writeback:             0 kB
AnonPages:       1170048 kB
Mapped:           805260 kB
Shmem:             23156 kB
KReclaimable:     667340 kB
Slab:             202360 kB
SReclaimable:      66948 kB
SUnreclaim:       135412 kB
KernelStack:       41428 kB
PageTables:        55784 kB
NFS_Unstable:          0 kB
Bounce:                0 kB
WritebackTmp:          0 kB
CommitLimit:     9202296 kB
Committed_AS:   56405368 kB
VmallocTotal:   263061440 kB
VmallocUsed:       98292 kB
VmallocChunk:          0 kB
Percpu:             7584 kB
CmaTotal:         294912 kB
CmaFree:               0 kB
MemTotal:       12113144 kB
MemFree:         6929612 kB
MemAvailable:    8329344 kB
Buffers:            6336 kB
Cached:          1622568 kB
SwapCached:            0 kB
Active:          1380296 kB
Inactive:        1413424 kB
Active(anon):    1171340 kB
Inactive(anon):    21284 kB
Active(file):     208956 kB
Inactive(file):  1392140 kB
Unevictable:        5692 kB
Mlocked:            5692 kB
SwapTotal:       3145724 kB
SwapFree:        3145724 kB
Dirty:               140 kB
Writeback:             0 kB
AnonPages:       1170340 kB
Mapped:           805064 kB
Shmem:             23156 kB
KReclaimable:     667340 kB
Slab:             202504 kB
SReclaimable:      66948 kB
SUnreclaim:       135556 kB
KernelStack:       41424 kB
PageTables:        55720 kB
NFS_Unstable:          0 kB
Bounce:                0 kB
WritebackTmp:          0 kB
CommitLimit:     9202296 kB
Committed_AS:   56405616 kB
VmallocTotal:   263061440 kB
VmallocUsed:       98308 kB
VmallocChunk:          0 kB
Percpu:             7584 kB
CmaTotal:         294912 kB
CmaFree:               0 kB
MemTotal:       12113144 kB
MemFree:         6929496 kB
MemAvailable:    8329228 kB
Buffers:            6336 kB
Cached:          1622568 kB
SwapCached:            0 kB
Active:          1380644 kB
Inactive:        1413424 kB
Active(anon):    1171688 kB
Inactive(anon):    21284 kB
Active(file):     208956 kB
Inactive(file):  1392140 kB
Unevictable:        5692 kB
Mlocked:            5692 kB
SwapTotal:       3145724 kB
SwapFree:        3145724 kB
Dirty:               140 kB
Writeback:             0 kB
AnonPages:       1170964 kB
Mapped:           805332 kB
Shmem:             23156 kB
KReclaimable:     667340 kB
Slab:             202416 kB
SReclaimable:      66948 kB
SUnreclaim:       135468 kB
KernelStack:       41392 kB
PageTables:        55656 kB
NFS_Unstable:          0 kB
Bounce:                0 kB
WritebackTmp:          0 kB
CommitLimit:     9202296 kB
Committed_AS:   56400104 kB
VmallocTotal:   263061440 kB
VmallocUsed:       98276 kB
VmallocChunk:          0 kB
Percpu:             7584 kB
CmaTotal:         294912 kB
CmaFree:               0 kB
MemTotal:       12113144 kB
MemFree:         6928520 kB
MemAvailable:    8328252 kB
Buffers:            6336 kB
Cached:          1622572 kB
SwapCached:            0 kB
Active:          1381324 kB
Inactive:        1413428 kB
Active(anon):    1172368 kB
Inactive(anon):    21288 kB
Active(file):     208956 kB
Inactive(file):  1392140 kB
Unevictable:        5692 kB
Mlocked:            5692 kB
SwapTotal:       3145724 kB
SwapFree:        3145724 kB
Dirty:               208 kB
Writeback:             0 kB
AnonPages:       1171636 kB
Mapped:           805328 kB
Shmem:             23160 kB
KReclaimable:     667340 kB
Slab:             202512 kB
SReclaimable:      66948 kB
SUnreclaim:       135564 kB
KernelStack:       41472 kB
PageTables:        55836 kB
NFS_Unstable:          0 kB
Bounce:                0 kB
WritebackTmp:          0 kB
CommitLimit:     9202296 kB
Committed_AS:   56394796 kB
VmallocTotal:   263061440 kB
VmallocUsed:       98324 kB
VmallocChunk:          0 kB
Percpu:             7584 kB
CmaTotal:         294912 kB
CmaFree:               0 kB
MemTotal:       12113144 kB
MemFree:         6938120 kB
MemAvailable:    8337852 kB
Buffers:            6336 kB
Cached:          1622572 kB
SwapCached:            0 kB
Active:          1372432 kB
Inactive:        1413428 kB
Active(anon):    1163476 kB
Inactive(anon):    21288 kB
Active(file):     208956 kB
Inactive(file):  1392140 kB
Unevictable:        5692 kB
Mlocked:            5692 kB
SwapTotal:       3145724 kB
SwapFree:        3145724 kB
Dirty:               208 kB
Writeback:             0 kB
AnonPages:       1162848 kB
Mapped:           805068 kB
Shmem:             23160 kB
KReclaimable:     667340 kB
Slab:             202384 kB
SReclaimable:      66948 kB
SUnreclaim:       135436 kB
KernelStack:       41456 kB
PageTables:        55704 kB
NFS_Unstable:          0 kB
Bounce:                0 kB
WritebackTmp:          0 kB
CommitLimit:     9202296 kB
Committed_AS:   56399928 kB
VmallocTotal:   263061440 kB
VmallocUsed:       98324 kB
VmallocChunk:          0 kB
Percpu:             7584 kB
CmaTotal:         294912 kB
CmaFree:               0 kB
MemTotal:       12113144 kB
MemFree:         6937448 kB
MemAvailable:    8337180 kB
Buffers:            6336 kB
Cached:          1622572 kB
SwapCached:            0 kB
Active:          1373060 kB
Inactive:        1413428 kB
Active(anon):    1164104 kB
Inactive(anon):    21288 kB
Active(file):     208956 kB
Inactive(file):  1392140 kB
Unevictable:        5692 kB
Mlocked:            5692 kB
SwapTotal:       3145724 kB
SwapFree:        3145724 kB
Dirty:                80 kB
Writeback:             0 kB
AnonPages:       1163572 kB
Mapped:           805328 kB
Shmem:             23160 kB
KReclaimable:     667340 kB
Slab:             202520 kB
SReclaimable:      66948 kB
SUnreclaim:       135572 kB
KernelStack:       41456 kB
PageTables:        55708 kB
NFS_Unstable:          0 kB
Bounce:                0 kB
WritebackTmp:          0 kB
CommitLimit:     9202296 kB
Committed_AS:   56399620 kB
VmallocTotal:   263061440 kB
VmallocUsed:       98340 kB
VmallocChunk:          0 kB
Percpu:             7584 kB
CmaTotal:         294912 kB
CmaFree:               0 kB
MemTotal:       12113144 kB
MemFree:         6937772 kB
MemAvailable:    8337512 kB
Buffers:            6336 kB
Cached:          1622580 kB
SwapCached:            0 kB
Active:          1372300 kB
Inactive:        1413432 kB
Active(anon):    1163340 kB
Inactive(anon):    21288 kB
Active(file):     208960 kB
Inactive(file):  1392144 kB
Unevictable:        5692 kB
Mlocked:            5692 kB
SwapTotal:       3145724 kB
SwapFree:        3145724 kB
Dirty:                84 kB
Writeback:             0 kB
AnonPages:       1162444 kB
Mapped:           805260 kB
Shmem:             23160 kB
KReclaimable:     667340 kB
Slab:             202376 kB
SReclaimable:      66948 kB
SUnreclaim:       135428 kB
KernelStack:       41440 kB
PageTables:        55652 kB
NFS_Unstable:          0 kB
Bounce:                0 kB
WritebackTmp:          0 kB
CommitLimit:     9202296 kB
Committed_AS:   56405068 kB
VmallocTotal:   263061440 kB
VmallocUsed:       98340 kB
VmallocChunk:          0 kB
Percpu:             7584 kB
CmaTotal:         294912 kB
CmaFree:               0 kB
MemTotal:       12113144 kB
MemFree:         6937608 kB
MemAvailable:    8337340 kB
Buffers:            6336 kB
Cached:          1622572 kB
SwapCached:            0 kB
Active:          1372344 kB
Inactive:        1413428 kB
Active(anon):    1163388 kB
Inactive(anon):    21288 kB
Active(file):     208956 kB
Inactive(file):  1392140 kB
Unevictable:        5692 kB
Mlocked:            5692 kB
SwapTotal:       3145724 kB
SwapFree:        3145724 kB
Dirty:                80 kB
Writeback:             0 kB
AnonPages:       1162736 kB
Mapped:           805076 kB
Shmem:             23160 kB
KReclaimable:     667340 kB
Slab:             202464 kB
SReclaimable:      66948 kB
SUnreclaim:       135516 kB
KernelStack:       41504 kB
PageTables:        55736 kB
NFS_Unstable:          0 kB
Bounce:                0 kB
WritebackTmp:          0 kB
CommitLimit:     9202296 kB
Committed_AS:   56404760 kB
VmallocTotal:   263061440 kB
VmallocUsed:       98340 kB
VmallocChunk:          0 kB
Percpu:             7584 kB
CmaTotal:         294912 kB
CmaFree:               0 kB
MemTotal:       12113144 kB
MemFree:         6937424 kB
MemAvailable:    8337160 kB
Buffers:            6336 kB
Cached:          1622576 kB
SwapCached:            0 kB
Active:          1372960 kB
Inactive:        1413432 kB
Active(anon):    1164004 kB
Inactive(anon):    21288 kB
Active(file):     208956 kB
Inactive(file):  1392144 kB
Unevictable:        5692 kB
Mlocked:            5692 kB
SwapTotal:       3145724 kB
SwapFree:        3145724 kB
Dirty:               124 kB
Writeback:             0 kB
AnonPages:       1163332 kB
Mapped:           805064 kB
Shmem:             23160 kB
KReclaimable:     667340 kB
Slab:             202456 kB
SReclaimable:      66948 kB
SUnreclaim:       135508 kB
KernelStack:       41488 kB
PageTables:        55708 kB
NFS_Unstable:          0 kB
Bounce:                0 kB
WritebackTmp:          0 kB
CommitLimit:     9202296 kB
Committed_AS:   56404540 kB
VmallocTotal:   263061440 kB
VmallocUsed:       98340 kB
VmallocChunk:          0 kB
Percpu:             7584 kB
CmaTotal:         294912 kB
CmaFree:               0 kB
MemTotal:       12113144 kB
MemFree:         6937132 kB
MemAvailable:    8336868 kB
Buffers:            6336 kB
Cached:          1622576 kB
SwapCached:            0 kB
Active:          1373440 kB
Inactive:        1413432 kB
Active(anon):    1164484 kB
Inactive(anon):    21288 kB
Active(file):     208956 kB
Inactive(file):  1392144 kB
Unevictable:        5692 kB
Mlocked:            5692 kB
SwapTotal:       3145724 kB
SwapFree:        3145724 kB
Dirty:               132 kB
Writeback:             0 kB
AnonPages:       1163736 kB
Mapped:           805196 kB
Shmem:             23160 kB
KReclaimable:     667340 kB
Slab:             202480 kB
SReclaimable:      66948 kB
SUnreclaim:       135532 kB
KernelStack:       41524 kB
PageTables:        55604 kB
NFS_Unstable:          0 kB
Bounce:                0 kB
WritebackTmp:          0 kB
CommitLimit:     9202296 kB
Committed_AS:   56405024 kB
VmallocTotal:   263061440 kB
VmallocUsed:       98340 kB
VmallocChunk:          0 kB
Percpu:             7584 kB
CmaTotal:         294912 kB
CmaFree:               0 kB
MemTotal:       12113144 kB
MemFree:         6937164 kB
MemAvailable:    8336900 kB
Buffers:            6336 kB
Cached:          1622576 kB
SwapCached:            0 kB
Active:          1373684 kB
Inactive:        1413432 kB
Active(anon):    1164728 kB
Inactive(anon):    21288 kB
Active(file):     208956 kB
Inactive(file):  1392144 kB
Unevictable:        5692 kB
Mlocked:            5692 kB
SwapTotal:       3145724 kB
SwapFree:        3145724 kB
Dirty:               132 kB
Writeback:             0 kB
AnonPages:       1163912 kB
Mapped:           805076 kB
Shmem:             23160 kB
KReclaimable:     667340 kB
Slab:             202368 kB
SReclaimable:      66948 kB
SUnreclaim:       135420 kB
KernelStack:       41472 kB
PageTables:        55728 kB
NFS_Unstable:          0 kB
Bounce:                0 kB
WritebackTmp:          0 kB
CommitLimit:     9202296 kB
Committed_AS:   56404980 kB
VmallocTotal:   263061440 kB
VmallocUsed:       98356 kB
VmallocChunk:          0 kB
Percpu:             7584 kB
CmaTotal:         294912 kB
CmaFree:               0 kB
MemTotal:       12113144 kB
MemFree:         6936776 kB
MemAvailable:    8336512 kB
Buffers:            6336 kB
Cached:          1622576 kB
SwapCached:            0 kB
Active:          1372996 kB
Inactive:        1413432 kB
Active(anon):    1164040 kB
Inactive(anon):    21288 kB
Active(file):     208956 kB
Inactive(file):  1392144 kB
Unevictable:        5692 kB
Mlocked:            5692 kB
SwapTotal:       3145724 kB
SwapFree:        3145724 kB
Dirty:               132 kB
Writeback:             0 kB
AnonPages:       1163532 kB
Mapped:           805280 kB
Shmem:             23160 kB
KReclaimable:     667340 kB
Slab:             202488 kB
SReclaimable:      66948 kB
SUnreclaim:       135540 kB
KernelStack:       41520 kB
PageTables:        55764 kB
NFS_Unstable:          0 kB
Bounce:                0 kB
WritebackTmp:          0 kB
CommitLimit:     9202296 kB
Committed_AS:   56404804 kB
VmallocTotal:   263061440 kB
VmallocUsed:       98340 kB
VmallocChunk:          0 kB
Percpu:             7584 kB
CmaTotal:         294912 kB
CmaFree:               0 kB
MemTotal:       12113144 kB
MemFree:         6935748 kB
MemAvailable:    8335484 kB
Buffers:            6344 kB
Cached:          1622568 kB
SwapCached:            0 kB
Active:          1374296 kB
Inactive:        1413432 kB
Active(anon):    1165340 kB
Inactive(anon):    21288 kB
Active(file):     208956 kB
Inactive(file):  1392144 kB
Unevictable:        5692 kB
Mlocked:            5692 kB
SwapTotal:       3145724 kB
SwapFree:        3145724 kB
Dirty:               132 kB
Writeback:             0 kB
AnonPages:       1164616 kB
Mapped:           805068 kB
Shmem:             23160 kB
KReclaimable:     667340 kB
Slab:             202488 kB
SReclaimable:      66948 kB
SUnreclaim:       135540 kB
KernelStack:       41504 kB
PageTables:        55832 kB
NFS_Unstable:          0 kB
Bounce:                0 kB
WritebackTmp:          0 kB
CommitLimit:     9202296 kB
Committed_AS:   56399344 kB
VmallocTotal:   263061440 kB
VmallocUsed:       98324 kB
VmallocChunk:          0 kB
Percpu:             7584 kB
CmaTotal:         294912 kB
CmaFree:               0 kB
MemTotal:       12113144 kB
MemFree:         6935852 kB
MemAvailable:    8335608 kB
Buffers:            6344 kB
Cached:          1622588 kB
SwapCached:            0 kB
Active:          1374856 kB
Inactive:        1413444 kB
Active(anon):    1165892 kB
Inactive(anon):    21288 kB
Active(file):     208964 kB
Inactive(file):  1392156 kB
Unevictable:        5692 kB
Mlocked:            5692 kB
SwapTotal:       3145724 kB
SwapFree:        3145724 kB
Dirty:               116 kB
Writeback:             0 kB
AnonPages:       1164768 kB
Mapped:           805260 kB
Shmem:             23160 kB
KReclaimable:     667340 kB
Slab:             202392 kB
SReclaimable:      66948 kB
SUnreclaim:       135444 kB
KernelStack:       41488 kB
PageTables:        55648 kB
NFS_Unstable:          0 kB
Bounce:                0 kB
WritebackTmp:          0 kB
CommitLimit:     9202296 kB
Committed_AS:   56399132 kB
VmallocTotal:   263061440 kB
VmallocUsed:       98340 kB
VmallocChunk:          0 kB
Percpu:             7584 kB
CmaTotal:         294912 kB
CmaFree:               0 kB
MemTotal:       12113144 kB
MemFree:         6934832 kB
MemAvailable:    8334572 kB
Buffers:            6344 kB
Cached:          1622572 kB
SwapCached:            0 kB
Active:          1375132 kB
Inactive:        1413432 kB
Active(anon):    1166172 kB
Inactive(anon):    21288 kB
Active(file):     208960 kB
Inactive(file):  1392144 kB
Unevictable:        5692 kB
Mlocked:            5692 kB
SwapTotal:       3145724 kB
SwapFree:        3145724 kB
Dirty:               112 kB
Writeback:             0 kB
AnonPages:       1165140 kB
Mapped:           805264 kB
Shmem:             23160 kB
KReclaimable:     667340 kB
Slab:             202496 kB
SReclaimable:      66948 kB
SUnreclaim:       135548 kB
KernelStack:       41520 kB
PageTables:        55760 kB
NFS_Unstable:          0 kB
Bounce:                0 kB
WritebackTmp:          0 kB
CommitLimit:     9202296 kB
Committed_AS:   56393736 kB
VmallocTotal:   263061440 kB
VmallocUsed:       98324 kB
VmallocChunk:          0 kB
Percpu:             7584 kB
CmaTotal:         294912 kB
CmaFree:               0 kB
MemTotal:       12113144 kB
MemFree:         6935480 kB
MemAvailable:    8335236 kB
Buffers:            6344 kB
Cached:          1622588 kB
SwapCached:            0 kB
Active:          1375736 kB
Inactive:        1413444 kB
Active(anon):    1166772 kB
Inactive(anon):    21288 kB
Active(file):     208964 kB
Inactive(file):  1392156 kB
Unevictable:        5692 kB
Mlocked:            5692 kB
SwapTotal:       3145724 kB
SwapFree:        3145724 kB
Dirty:               116 kB
Writeback:             0 kB
AnonPages:       1166064 kB
Mapped:           805324 kB
Shmem:             23160 kB
KReclaimable:     667340 kB
Slab:             202392 kB
SReclaimable:      66948 kB
SUnreclaim:       135444 kB
KernelStack:       41472 kB
PageTables:        55704 kB
NFS_Unstable:          0 kB
Bounce:                0 kB
WritebackTmp:          0 kB
CommitLimit:     9202296 kB
Committed_AS:   56394500 kB
VmallocTotal:   263061440 kB
VmallocUsed:       98340 kB
VmallocChunk:          0 kB
Percpu:             7584 kB
CmaTotal:         294912 kB
CmaFree:               0 kB
MemTotal:       12113144 kB
MemFree:         6934580 kB
MemAvailable:    8334336 kB
Buffers:            6344 kB
Cached:          1622588 kB
SwapCached:            0 kB
Active:          1376684 kB
Inactive:        1413444 kB
Active(anon):    1167720 kB
Inactive(anon):    21288 kB
Active(file):     208964 kB
Inactive(file):  1392156 kB
Unevictable:        5692 kB
Mlocked:            5692 kB
SwapTotal:       3145724 kB
SwapFree:        3145724 kB
Dirty:               116 kB
Writeback:             0 kB
AnonPages:       1167064 kB
Mapped:           805328 kB
Shmem:             23160 kB
KReclaimable:     667340 kB
Slab:             202464 kB
SReclaimable:      66948 kB
SUnreclaim:       135516 kB
KernelStack:       41472 kB
PageTables:        55708 kB
NFS_Unstable:          0 kB
Bounce:                0 kB
WritebackTmp:          0 kB
CommitLimit:     9202296 kB
Committed_AS:   56394332 kB
VmallocTotal:   263061440 kB
VmallocUsed:       98324 kB
VmallocChunk:          0 kB
Percpu:             7584 kB
CmaTotal:         294912 kB
CmaFree:               0 kB
MemTotal:       12113144 kB
MemFree:         6933964 kB
MemAvailable:    8333720 kB
Buffers:            6344 kB
Cached:          1622588 kB
SwapCached:            0 kB
Active:          1377024 kB
Inactive:        1413444 kB
Active(anon):    1168060 kB
Inactive(anon):    21288 kB
Active(file):     208964 kB
Inactive(file):  1392156 kB
Unevictable:        5692 kB
Mlocked:            5692 kB
SwapTotal:       3145724 kB
SwapFree:        3145724 kB
Dirty:               116 kB
Writeback:             0 kB
AnonPages:       1167428 kB
Mapped:           805076 kB
Shmem:             23160 kB
KReclaimable:     667340 kB
Slab:             202416 kB
SReclaimable:      66948 kB
SUnreclaim:       135468 kB
KernelStack:       41488 kB
PageTables:        55716 kB
NFS_Unstable:          0 kB
Bounce:                0 kB
WritebackTmp:          0 kB
CommitLimit:     9202296 kB
Committed_AS:   56394156 kB
VmallocTotal:   263061440 kB
VmallocUsed:       98308 kB
VmallocChunk:          0 kB
Percpu:             7584 kB
CmaTotal:         294912 kB
CmaFree:               0 kB
MemTotal:       12113144 kB
MemFree:         6937132 kB
MemAvailable:    8336888 kB
Buffers:            6344 kB
Cached:          1622588 kB
SwapCached:            0 kB
Active:          1373788 kB
Inactive:        1413444 kB
Active(anon):    1164824 kB
Inactive(anon):    21288 kB
Active(file):     208964 kB
Inactive(file):  1392156 kB
Unevictable:        5692 kB
Mlocked:            5692 kB
SwapTotal:       3145724 kB
SwapFree:        3145724 kB
Dirty:               120 kB
Writeback:             0 kB
AnonPages:       1163856 kB
Mapped:           805244 kB
Shmem:             23160 kB
KReclaimable:     667340 kB
Slab:             202496 kB
SReclaimable:      66948 kB
SUnreclaim:       135548 kB
KernelStack:       41456 kB
PageTables:        55748 kB
NFS_Unstable:          0 kB
Bounce:                0 kB
WritebackTmp:          0 kB
CommitLimit:     9202296 kB
Committed_AS:   56393848 kB
VmallocTotal:   263061440 kB
VmallocUsed:       98308 kB
VmallocChunk:          0 kB
Percpu:             7584 kB
CmaTotal:         294912 kB
CmaFree:               0 kB
MemTotal:       12113144 kB
MemFree:         6936584 kB
MemAvailable:    8336340 kB
Buffers:            6344 kB
Cached:          1622588 kB
SwapCached:            0 kB
Active:          1374076 kB
Inactive:        1413444 kB
Active(anon):    1165112 kB
Inactive(anon):    21288 kB
Active(file):     208964 kB
Inactive(file):  1392156 kB
Unevictable:        5692 kB
Mlocked:            5692 kB
SwapTotal:       3145724 kB
SwapFree:        3145724 kB
Dirty:               136 kB
Writeback:             0 kB
AnonPages:       1164092 kB
Mapped:           805208 kB
Shmem:             23160 kB
KReclaimable:     667340 kB
Slab:             202416 kB
SReclaimable:      66948 kB
SUnreclaim:       135468 kB
KernelStack:       41440 kB
PageTables:        55692 kB
NFS_Unstable:          0 kB
Bounce:                0 kB
WritebackTmp:          0 kB
CommitLimit:     9202296 kB
Committed_AS:   56393996 kB
VmallocTotal:   263061440 kB
VmallocUsed:       98356 kB
VmallocChunk:          0 kB
Percpu:             7584 kB
CmaTotal:         294912 kB
CmaFree:               0 kB
MemTotal:       12113144 kB
MemFree:         6935148 kB
MemAvailable:    8334904 kB
Buffers:            6344 kB
Cached:          1622588 kB
SwapCached:            0 kB
Active:          1374672 kB
Inactive:        1413444 kB
Active(anon):    1165708 kB
Inactive(anon):    21288 kB
Active(file):     208964 kB
Inactive(file):  1392156 kB
Unevictable:        5692 kB
Mlocked:            5692 kB
SwapTotal:       3145724 kB
SwapFree:        3145724 kB
Dirty:               140 kB
Writeback:             0 kB
AnonPages:       1164904 kB
Mapped:           805264 kB
Shmem:             23160 kB
KReclaimable:     667340 kB
Slab:             202468 kB
SReclaimable:      66948 kB
SUnreclaim:       135520 kB
KernelStack:       41472 kB
PageTables:        55660 kB
NFS_Unstable:          0 kB
Bounce:                0 kB
WritebackTmp:          0 kB
CommitLimit:     9202296 kB
Committed_AS:   56399244 kB
VmallocTotal:   263061440 kB
VmallocUsed:       98324 kB
VmallocChunk:          0 kB
Percpu:             7584 kB
CmaTotal:         294912 kB
CmaFree:               0 kB
MemTotal:       12113144 kB
MemFree:         6934892 kB
MemAvailable:    8334656 kB
Buffers:            6344 kB
Cached:          1622596 kB
SwapCached:            0 kB
Active:          1375184 kB
Inactive:        1413452 kB
Active(anon):    1166220 kB
Inactive(anon):    21288 kB
Active(file):     208964 kB
Inactive(file):  1392164 kB
Unevictable:        5692 kB
Mlocked:            5692 kB
SwapTotal:       3145724 kB
SwapFree:        3145724 kB
Dirty:               152 kB
Writeback:             0 kB
AnonPages:       1165832 kB
Mapped:           805264 kB
Shmem:             23160 kB
KReclaimable:     667340 kB
Slab:             202492 kB
SReclaimable:      66948 kB
SUnreclaim:       135544 kB
KernelStack:       41440 kB
PageTables:        55652 kB
NFS_Unstable:          0 kB
Bounce:                0 kB
WritebackTmp:          0 kB
CommitLimit:     9202296 kB
Committed_AS:   56399640 kB
VmallocTotal:   263061440 kB
VmallocUsed:       98340 kB
VmallocChunk:          0 kB
Percpu:             7584 kB
CmaTotal:         294912 kB
CmaFree:               0 kB
MemTotal:       12113144 kB
MemFree:         6935544 kB
MemAvailable:    8335304 kB
Buffers:            6344 kB
Cached:          1622592 kB
SwapCached:            0 kB
Active:          1375628 kB
Inactive:        1413448 kB
Active(anon):    1166664 kB
Inactive(anon):    21288 kB
Active(file):     208964 kB
Inactive(file):  1392160 kB
Unevictable:        5692 kB
Mlocked:            5692 kB
SwapTotal:       3145724 kB
SwapFree:        3145724 kB
Dirty:               160 kB
Writeback:             0 kB
AnonPages:       1165976 kB
Mapped:           805244 kB
Shmem:             23160 kB
KReclaimable:     667340 kB
Slab:             202364 kB
SReclaimable:      66948 kB
SUnreclaim:       135416 kB
KernelStack:       41424 kB
PageTables:        55624 kB
NFS_Unstable:          0 kB
Bounce:                0 kB
WritebackTmp:          0 kB
CommitLimit:     9202296 kB
Committed_AS:   56399596 kB
VmallocTotal:   263061440 kB
VmallocUsed:       98356 kB
