MemTotal:       12113136 kB
MemFree:          583456 kB
MemAvailable:    7948588 kB
Buffers:            4828 kB
Cached:          7823720 kB
SwapCached:            0 kB
Active:          2074140 kB
Inactive:        7040788 kB
Active(anon):    1208084 kB
Inactive(anon):   111716 kB
Active(file):     866056 kB
Inactive(file):  6929072 kB
Unevictable:        5716 kB
Mlocked:            5716 kB
SwapTotal:       3145724 kB
SwapFree:        3145724 kB
Dirty:               116 kB
Writeback:             0 kB
AnonPages:       1292060 kB
Mapped:           784724 kB
Shmem:             28752 kB
KReclaimable:     395184 kB
Slab:             223736 kB
SReclaimable:      74776 kB
SUnreclaim:       148960 kB
KernelStack:       49408 kB
PageTables:        68060 kB
NFS_Unstable:          0 kB
Bounce:                0 kB
WritebackTmp:          0 kB
CommitLimit:     9202292 kB
Committed_AS:   76612716 kB
VmallocTotal:   263061440 kB
VmallocUsed:      106464 kB
VmallocChunk:          0 kB
Percpu:             7648 kB
CmaTotal:         294912 kB
CmaFree:             220 kB
MemTotal:       12113136 kB
MemFree:          583384 kB
MemAvailable:    7948612 kB
Buffers:            4828 kB
Cached:          7823804 kB
SwapCached:            0 kB
Active:          2075148 kB
Inactive:        7040836 kB
Active(anon):    1209056 kB
Inactive(anon):   111720 kB
Active(file):     866092 kB
Inactive(file):  6929116 kB
Unevictable:        5716 kB
Mlocked:            5716 kB
SwapTotal:       3145724 kB
SwapFree:        3145724 kB
Dirty:               200 kB
Writeback:             0 kB
AnonPages:       1293112 kB
Mapped:           784840 kB
Shmem:             28756 kB
KReclaimable:     395216 kB
Slab:             223768 kB
SReclaimable:      74808 kB
SUnreclaim:       148960 kB
KernelStack:       49536 kB
PageTables:        67984 kB
NFS_Unstable:          0 kB
Bounce:                0 kB
WritebackTmp:          0 kB
CommitLimit:     9202292 kB
Committed_AS:   76612532 kB
VmallocTotal:   263061440 kB
VmallocUsed:      106528 kB
VmallocChunk:          0 kB
Percpu:             7648 kB
CmaTotal:         294912 kB
CmaFree:              68 kB
MemTotal:       12113136 kB
MemFree:          556148 kB
MemAvailable:    7921372 kB
Buffers:            4828 kB
Cached:          7823804 kB
SwapCached:            0 kB
Active:          2106456 kB
Inactive:        7040832 kB
Active(anon):    1240360 kB
Inactive(anon):   111724 kB
Active(file):     866096 kB
Inactive(file):  6929108 kB
Unevictable:        5716 kB
Mlocked:            5716 kB
SwapTotal:       3145724 kB
SwapFree:        3145724 kB
Dirty:               204 kB
Writeback:             0 kB
AnonPages:       1324132 kB
Mapped:           784400 kB
Shmem:             28760 kB
KReclaimable:     395216 kB
Slab:             223768 kB
SReclaimable:      74808 kB
SUnreclaim:       148960 kB
KernelStack:       49504 kB
PageTables:        67864 kB
NFS_Unstable:          0 kB
Bounce:                0 kB
WritebackTmp:          0 kB
CommitLimit:     9202292 kB
Committed_AS:   76616732 kB
VmallocTotal:   263061440 kB
VmallocUsed:      106512 kB
VmallocChunk:          0 kB
Percpu:             7648 kB
CmaTotal:         294912 kB
CmaFree:               0 kB
MemTotal:       12113136 kB
MemFree:          553924 kB
MemAvailable:    7919168 kB
Buffers:            4828 kB
Cached:          7823824 kB
SwapCached:            0 kB
Active:          2105100 kB
Inactive:        7040852 kB
Active(anon):    1239004 kB
Inactive(anon):   111724 kB
Active(file):     866096 kB
Inactive(file):  6929128 kB
Unevictable:        5716 kB
Mlocked:            5716 kB
SwapTotal:       3145724 kB
SwapFree:        3145724 kB
Dirty:               248 kB
Writeback:             0 kB
AnonPages:       1322892 kB
Mapped:           784520 kB
Shmem:             28760 kB
KReclaimable:     395216 kB
Slab:             223760 kB
SReclaimable:      74808 kB
SUnreclaim:       148952 kB
KernelStack:       49508 kB
PageTables:        68180 kB
NFS_Unstable:          0 kB
Bounce:                0 kB
WritebackTmp:          0 kB
CommitLimit:     9202292 kB
Committed_AS:   76620448 kB
VmallocTotal:   263061440 kB
VmallocUsed:      106560 kB
VmallocChunk:          0 kB
Percpu:             7648 kB
CmaTotal:         294912 kB
CmaFree:              52 kB
MemTotal:       12113136 kB
MemFree:          553668 kB
MemAvailable:    7918944 kB
Buffers:            4828 kB
Cached:          7823856 kB
SwapCached:            0 kB
Active:          2105104 kB
Inactive:        7040884 kB
Active(anon):    1239008 kB
Inactive(anon):   111724 kB
Active(file):     866096 kB
Inactive(file):  6929160 kB
Unevictable:        5716 kB
Mlocked:            5716 kB
SwapTotal:       3145724 kB
SwapFree:        3145724 kB
Dirty:               296 kB
Writeback:             0 kB
AnonPages:       1323300 kB
Mapped:           784960 kB
Shmem:             28760 kB
KReclaimable:     395216 kB
Slab:             223784 kB
SReclaimable:      74808 kB
SUnreclaim:       148976 kB
KernelStack:       49472 kB
PageTables:        67988 kB
NFS_Unstable:          0 kB
Bounce:                0 kB
WritebackTmp:          0 kB
CommitLimit:     9202292 kB
Committed_AS:   76618324 kB
VmallocTotal:   263061440 kB
VmallocUsed:      106480 kB
VmallocChunk:          0 kB
Percpu:             7648 kB
CmaTotal:         294912 kB
CmaFree:               0 kB
MemTotal:       12113136 kB
MemFree:          480636 kB
MemAvailable:    7789104 kB
Buffers:            4848 kB
Cached:          7798836 kB
SwapCached:            0 kB
Active:          2148332 kB
Inactive:        7017312 kB
Active(anon):    1282596 kB
Inactive(anon):   113724 kB
Active(file):     865736 kB
Inactive(file):  6903588 kB
Unevictable:        5716 kB
Mlocked:            5716 kB
SwapTotal:       3145724 kB
SwapFree:        3145724 kB
Dirty:              9284 kB
Writeback:             0 kB
AnonPages:       1368600 kB
Mapped:           785136 kB
Shmem:             28764 kB
KReclaimable:     333464 kB
Slab:             224440 kB
SReclaimable:      75360 kB
SUnreclaim:       149080 kB
KernelStack:       49792 kB
PageTables:        68376 kB
NFS_Unstable:          0 kB
Bounce:                0 kB
WritebackTmp:          0 kB
CommitLimit:     9202292 kB
Committed_AS:   76614260 kB
VmallocTotal:   263061440 kB
VmallocUsed:      106960 kB
VmallocChunk:          0 kB
Percpu:             7648 kB
CmaTotal:         294912 kB
CmaFree:               8 kB
MemTotal:       12113136 kB
MemFree:          391176 kB
MemAvailable:    7705708 kB
Buffers:            4864 kB
Cached:          7785876 kB
SwapCached:            0 kB
Active:          2161952 kB
Inactive:        7006740 kB
Active(anon):    1295816 kB
Inactive(anon):   116444 kB
Active(file):     866136 kB
Inactive(file):  6890296 kB
Unevictable:        5716 kB
Mlocked:            5716 kB
SwapTotal:       3145724 kB
SwapFree:        3145724 kB
Dirty:              9672 kB
Writeback:             0 kB
AnonPages:       1384004 kB
Mapped:           786244 kB
Shmem:             29512 kB
KReclaimable:     371372 kB
Slab:             224932 kB
SReclaimable:      75416 kB
SUnreclaim:       149516 kB
KernelStack:       50000 kB
PageTables:        69192 kB
NFS_Unstable:          0 kB
Bounce:                0 kB
WritebackTmp:          0 kB
CommitLimit:     9202292 kB
Committed_AS:   77961492 kB
VmallocTotal:   263061440 kB
VmallocUsed:      107208 kB
VmallocChunk:          0 kB
Percpu:             7648 kB
CmaTotal:         294912 kB
CmaFree:              52 kB
MemTotal:       12113136 kB
MemFree:          393780 kB
MemAvailable:    7712872 kB
Buffers:            4864 kB
Cached:          7786016 kB
SwapCached:            0 kB
Active:          2160172 kB
Inactive:        7006968 kB
Active(anon):    1294008 kB
Inactive(anon):   116472 kB
Active(file):     866164 kB
Inactive(file):  6890496 kB
Unevictable:        5716 kB
Mlocked:            5716 kB
SwapTotal:       3145724 kB
SwapFree:        3145724 kB
Dirty:               576 kB
Writeback:             0 kB
AnonPages:       1382068 kB
Mapped:           786664 kB
Shmem:             29552 kB
KReclaimable:     380040 kB
Slab:             225016 kB
SReclaimable:      75368 kB
SUnreclaim:       149648 kB
KernelStack:       49984 kB
PageTables:        68964 kB
NFS_Unstable:          0 kB
Bounce:                0 kB
WritebackTmp:          0 kB
CommitLimit:     9202292 kB
Committed_AS:   77956600 kB
VmallocTotal:   263061440 kB
VmallocUsed:      107224 kB
VmallocChunk:          0 kB
Percpu:             7648 kB
CmaTotal:         294912 kB
CmaFree:               0 kB
MemTotal:       12113136 kB
MemFree:          387736 kB
MemAvailable:    7705716 kB
Buffers:            4864 kB
Cached:          7786104 kB
SwapCached:            0 kB
Active:          2165492 kB
Inactive:        7007088 kB
Active(anon):    1299324 kB
Inactive(anon):   116476 kB
Active(file):     866168 kB
Inactive(file):  6890612 kB
Unevictable:        5716 kB
Mlocked:            5716 kB
SwapTotal:       3145724 kB
SwapFree:        3145724 kB
Dirty:               736 kB
Writeback:             0 kB
AnonPages:       1387484 kB
Mapped:           786632 kB
Shmem:             29520 kB
KReclaimable:     377572 kB
Slab:             225176 kB
SReclaimable:      75504 kB
SUnreclaim:       149672 kB
KernelStack:       49968 kB
PageTables:        69352 kB
NFS_Unstable:          0 kB
Bounce:                0 kB
WritebackTmp:          0 kB
CommitLimit:     9202292 kB
Committed_AS:   77956048 kB
VmallocTotal:   263061440 kB
VmallocUsed:      107208 kB
VmallocChunk:          0 kB
Percpu:             7648 kB
CmaTotal:         294912 kB
CmaFree:              12 kB
MemTotal:       12113136 kB
MemFree:          377984 kB
MemAvailable:    7703148 kB
Buffers:            4872 kB
Cached:          7786152 kB
SwapCached:            0 kB
Active:          2174144 kB
Inactive:        7007116 kB
Active(anon):    1307968 kB
Inactive(anon):   116360 kB
Active(file):     866176 kB
Inactive(file):  6890756 kB
Unevictable:        5716 kB
Mlocked:            5716 kB
SwapTotal:       3145724 kB
SwapFree:        3145724 kB
Dirty:               876 kB
Writeback:             0 kB
AnonPages:       1395980 kB
Mapped:           786960 kB
Shmem:             29424 kB
KReclaimable:     391640 kB
Slab:             225236 kB
SReclaimable:      75564 kB
SUnreclaim:       149672 kB
KernelStack:       49968 kB
PageTables:        69328 kB
NFS_Unstable:          0 kB
Bounce:                0 kB
WritebackTmp:          0 kB
CommitLimit:     9202292 kB
Committed_AS:   77949960 kB
VmallocTotal:   263061440 kB
VmallocUsed:      107176 kB
VmallocChunk:          0 kB
Percpu:             7648 kB
CmaTotal:         294912 kB
CmaFree:               0 kB
MemTotal:       12113136 kB
MemFree:          410656 kB
MemAvailable:    7753212 kB
Buffers:            4872 kB
Cached:          7786376 kB
SwapCached:            0 kB
Active:          2142800 kB
Inactive:        7007428 kB
Active(anon):    1276616 kB
Inactive(anon):   116592 kB
Active(file):     866184 kB
Inactive(file):  6890836 kB
Unevictable:        5716 kB
Mlocked:            5716 kB
SwapTotal:       3145724 kB
SwapFree:        3145724 kB
Dirty:              2636 kB
Writeback:             4 kB
AnonPages:       1364748 kB
Mapped:           786772 kB
Shmem:             29560 kB
KReclaimable:     426244 kB
Slab:             225244 kB
SReclaimable:      75580 kB
SUnreclaim:       149664 kB
KernelStack:       50064 kB
PageTables:        69192 kB
NFS_Unstable:          0 kB
Bounce:                0 kB
WritebackTmp:          0 kB
CommitLimit:     9202292 kB
Committed_AS:   77960180 kB
VmallocTotal:   263061440 kB
VmallocUsed:      107256 kB
VmallocChunk:          0 kB
Percpu:             7648 kB
CmaTotal:         294912 kB
CmaFree:               0 kB
MemTotal:       12113136 kB
MemFree:          422804 kB
MemAvailable:    7823124 kB
Buffers:            4872 kB
Cached:          7786388 kB
SwapCached:            0 kB
Active:          2130532 kB
Inactive:        7007336 kB
Active(anon):    1264244 kB
Inactive(anon):   116592 kB
Active(file):     866288 kB
Inactive(file):  6890744 kB
Unevictable:        5716 kB
Mlocked:            5716 kB
SwapTotal:       3145724 kB
SwapFree:        3145724 kB
Dirty:              2700 kB
Writeback:             0 kB
AnonPages:       1352296 kB
Mapped:           786700 kB
Shmem:             29560 kB
KReclaimable:     511992 kB
Slab:             225264 kB
SReclaimable:      75596 kB
SUnreclaim:       149668 kB
KernelStack:       49884 kB
PageTables:        68888 kB
NFS_Unstable:          0 kB
Bounce:                0 kB
WritebackTmp:          0 kB
CommitLimit:     9202292 kB
Committed_AS:   77959632 kB
VmallocTotal:   263061440 kB
VmallocUsed:      106968 kB
VmallocChunk:          0 kB
Percpu:             7648 kB
CmaTotal:         294912 kB
CmaFree:              64 kB
MemTotal:       12113136 kB
MemFree:          423012 kB
MemAvailable:    7823332 kB
Buffers:            4872 kB
Cached:          7786404 kB
SwapCached:            0 kB
Active:          2130840 kB
Inactive:        7007356 kB
Active(anon):    1264556 kB
Inactive(anon):   116596 kB
Active(file):     866284 kB
Inactive(file):  6890760 kB
Unevictable:        5716 kB
Mlocked:            5716 kB
SwapTotal:       3145724 kB
SwapFree:        3145724 kB
Dirty:              2716 kB
Writeback:             0 kB
AnonPages:       1352796 kB
Mapped:           786732 kB
Shmem:             29564 kB
KReclaimable:     511980 kB
Slab:             225096 kB
SReclaimable:      75580 kB
SUnreclaim:       149516 kB
KernelStack:       49888 kB
PageTables:        69044 kB
NFS_Unstable:          0 kB
Bounce:                0 kB
WritebackTmp:          0 kB
CommitLimit:     9202292 kB
Committed_AS:   77960672 kB
VmallocTotal:   263061440 kB
VmallocUsed:      106952 kB
VmallocChunk:          0 kB
Percpu:             7648 kB
CmaTotal:         294912 kB
CmaFree:               0 kB
MemTotal:       12113136 kB
MemFree:          422468 kB
MemAvailable:    7822808 kB
Buffers:            4872 kB
Cached:          7786424 kB
SwapCached:            0 kB
Active:          2131060 kB
Inactive:        7007372 kB
Active(anon):    1264772 kB
Inactive(anon):   116596 kB
Active(file):     866288 kB
Inactive(file):  6890776 kB
Unevictable:        5716 kB
Mlocked:            5716 kB
SwapTotal:       3145724 kB
SwapFree:        3145724 kB
Dirty:              2736 kB
Writeback:             0 kB
AnonPages:       1352924 kB
Mapped:           786888 kB
Shmem:             29564 kB
KReclaimable:     511980 kB
Slab:             225120 kB
SReclaimable:      75580 kB
SUnreclaim:       149540 kB
KernelStack:       49792 kB
PageTables:        68872 kB
NFS_Unstable:          0 kB
Bounce:                0 kB
WritebackTmp:          0 kB
CommitLimit:     9202292 kB
Committed_AS:   77960964 kB
VmallocTotal:   263061440 kB
VmallocUsed:      106856 kB
VmallocChunk:          0 kB
Percpu:             7648 kB
CmaTotal:         294912 kB
CmaFree:               0 kB
MemTotal:       12113136 kB
MemFree:          423028 kB
MemAvailable:    7823376 kB
Buffers:            4872 kB
Cached:          7786432 kB
SwapCached:            0 kB
Active:          2131848 kB
Inactive:        7007380 kB
Active(anon):    1265560 kB
Inactive(anon):   116596 kB
Active(file):     866288 kB
Inactive(file):  6890784 kB
Unevictable:        5716 kB
Mlocked:            5716 kB
SwapTotal:       3145724 kB
SwapFree:        3145724 kB
Dirty:              2768 kB
Writeback:             0 kB
AnonPages:       1354004 kB
Mapped:           786972 kB
Shmem:             29564 kB
KReclaimable:     511980 kB
Slab:             225120 kB
SReclaimable:      75580 kB
SUnreclaim:       149540 kB
KernelStack:       49776 kB
PageTables:        68980 kB
NFS_Unstable:          0 kB
Bounce:                0 kB
WritebackTmp:          0 kB
CommitLimit:     9202292 kB
Committed_AS:   77957820 kB
VmallocTotal:   263061440 kB
VmallocUsed:      106856 kB
VmallocChunk:          0 kB
Percpu:             7648 kB
CmaTotal:         294912 kB
CmaFree:               4 kB
MemTotal:       12113136 kB
MemFree:          449124 kB
MemAvailable:    7869404 kB
Buffers:            4872 kB
Cached:          7787336 kB
SwapCached:            0 kB
Active:          2102888 kB
Inactive:        7008284 kB
Active(anon):    1236600 kB
Inactive(anon):   116600 kB
Active(file):     866288 kB
Inactive(file):  6891684 kB
Unevictable:        5716 kB
Mlocked:            5716 kB
SwapTotal:       3145724 kB
SwapFree:        3145724 kB
Dirty:              2816 kB
Writeback:             0 kB
AnonPages:       1324348 kB
Mapped:           787368 kB
Shmem:             29568 kB
KReclaimable:     531012 kB
Slab:             225108 kB
SReclaimable:      75580 kB
SUnreclaim:       149528 kB
KernelStack:       49520 kB
PageTables:        68932 kB
NFS_Unstable:          0 kB
Bounce:                0 kB
WritebackTmp:          0 kB
CommitLimit:     9202292 kB
Committed_AS:   77955060 kB
VmallocTotal:   263061440 kB
VmallocUsed:      106584 kB
VmallocChunk:          0 kB
Percpu:             7648 kB
CmaTotal:         294912 kB
CmaFree:               0 kB
MemTotal:       12113136 kB
MemFree:          448604 kB
MemAvailable:    7869024 kB
Buffers:            4872 kB
Cached:          7787348 kB
SwapCached:            0 kB
Active:          2103664 kB
Inactive:        7008296 kB
Active(anon):    1237376 kB
Inactive(anon):   116600 kB
Active(file):     866288 kB
Inactive(file):  6891696 kB
Unevictable:        5716 kB
Mlocked:            5716 kB
SwapTotal:       3145724 kB
SwapFree:        3145724 kB
Dirty:              2832 kB
Writeback:             0 kB
AnonPages:       1325232 kB
Mapped:           787568 kB
Shmem:             29568 kB
KReclaimable:     531140 kB
Slab:             225244 kB
SReclaimable:      75708 kB
SUnreclaim:       149536 kB
KernelStack:       49392 kB
PageTables:        68604 kB
NFS_Unstable:          0 kB
Bounce:                0 kB
WritebackTmp:          0 kB
CommitLimit:     9202292 kB
Committed_AS:   77958528 kB
VmallocTotal:   263061440 kB
VmallocUsed:      106440 kB
VmallocChunk:          0 kB
Percpu:             7648 kB
CmaTotal:         294912 kB
CmaFree:               4 kB
MemTotal:       12113136 kB
MemFree:          450348 kB
MemAvailable:    7870800 kB
Buffers:            4872 kB
Cached:          7787364 kB
SwapCached:            0 kB
Active:          2104124 kB
Inactive:        7008308 kB
Active(anon):    1237832 kB
Inactive(anon):   116600 kB
Active(file):     866292 kB
Inactive(file):  6891708 kB
Unevictable:        5716 kB
Mlocked:            5716 kB
SwapTotal:       3145724 kB
SwapFree:        3145724 kB
Dirty:              2860 kB
Writeback:             0 kB
AnonPages:       1325872 kB
Mapped:           787772 kB
Shmem:             29568 kB
KReclaimable:     531156 kB
Slab:             225260 kB
SReclaimable:      75724 kB
SUnreclaim:       149536 kB
KernelStack:       49312 kB
PageTables:        68828 kB
NFS_Unstable:          0 kB
Bounce:                0 kB
WritebackTmp:          0 kB
CommitLimit:     9202292 kB
Committed_AS:   77959528 kB
VmallocTotal:   263061440 kB
VmallocUsed:      106424 kB
VmallocChunk:          0 kB
Percpu:             7648 kB
CmaTotal:         294912 kB
CmaFree:               0 kB
MemTotal:       12113136 kB
MemFree:          455992 kB
MemAvailable:    7876572 kB
Buffers:            4872 kB
Cached:          7787380 kB
SwapCached:            0 kB
Active:          2097364 kB
Inactive:        7008324 kB
Active(anon):    1231072 kB
Inactive(anon):   116600 kB
Active(file):     866292 kB
Inactive(file):  6891724 kB
Unevictable:        5716 kB
Mlocked:            5716 kB
SwapTotal:       3145724 kB
SwapFree:        3145724 kB
Dirty:              2880 kB
Writeback:             0 kB
AnonPages:       1319036 kB
Mapped:           787560 kB
Shmem:             29568 kB
KReclaimable:     531268 kB
Slab:             225380 kB
SReclaimable:      75836 kB
SUnreclaim:       149544 kB
KernelStack:       49248 kB
PageTables:        68876 kB
NFS_Unstable:          0 kB
Bounce:                0 kB
WritebackTmp:          0 kB
CommitLimit:     9202292 kB
Committed_AS:   77957984 kB
VmallocTotal:   263061440 kB
VmallocUsed:      106408 kB
VmallocChunk:          0 kB
Percpu:             7648 kB
CmaTotal:         294912 kB
CmaFree:              32 kB
MemTotal:       12113136 kB
MemFree:          455332 kB
MemAvailable:    7875936 kB
Buffers:            4872 kB
Cached:          7787404 kB
SwapCached:            0 kB
Active:          2097836 kB
Inactive:        7008348 kB
Active(anon):    1231544 kB
Inactive(anon):   116600 kB
Active(file):     866292 kB
Inactive(file):  6891748 kB
Unevictable:        5716 kB
Mlocked:            5716 kB
SwapTotal:       3145724 kB
SwapFree:        3145724 kB
Dirty:              2916 kB
Writeback:             0 kB
AnonPages:       1319608 kB
Mapped:           787604 kB
Shmem:             29568 kB
KReclaimable:     531268 kB
Slab:             225364 kB
SReclaimable:      75836 kB
SUnreclaim:       149528 kB
KernelStack:       49312 kB
PageTables:        68876 kB
NFS_Unstable:          0 kB
Bounce:                0 kB
WritebackTmp:          0 kB
CommitLimit:     9202292 kB
Committed_AS:   77958444 kB
VmallocTotal:   263061440 kB
VmallocUsed:      106344 kB
VmallocChunk:          0 kB
Percpu:             7648 kB
CmaTotal:         294912 kB
CmaFree:               0 kB
MemTotal:       12113136 kB
MemFree:          454232 kB
MemAvailable:    7874980 kB
Buffers:            4872 kB
Cached:          7787528 kB
SwapCached:            0 kB
Active:          2099036 kB
Inactive:        7008472 kB
Active(anon):    1232744 kB
Inactive(anon):   116608 kB
Active(file):     866292 kB
Inactive(file):  6891864 kB
Unevictable:        5716 kB
Mlocked:            5716 kB
SwapTotal:       3145724 kB
SwapFree:        3145724 kB
Dirty:              3056 kB
Writeback:             0 kB
AnonPages:       1320312 kB
Mapped:           787732 kB
Shmem:             29576 kB
KReclaimable:     531296 kB
Slab:             225392 kB
SReclaimable:      75864 kB
SUnreclaim:       149528 kB
KernelStack:       49296 kB
PageTables:        68828 kB
NFS_Unstable:          0 kB
Bounce:                0 kB
WritebackTmp:          0 kB
CommitLimit:     9202292 kB
Committed_AS:   77957072 kB
VmallocTotal:   263061440 kB
VmallocUsed:      106376 kB
VmallocChunk:          0 kB
Percpu:             7648 kB
CmaTotal:         294912 kB
CmaFree:               0 kB
MemTotal:       12113136 kB
MemFree:          456872 kB
MemAvailable:    7877632 kB
Buffers:            4872 kB
Cached:          7787540 kB
SwapCached:            0 kB
Active:          2096904 kB
Inactive:        7008484 kB
Active(anon):    1230612 kB
Inactive(anon):   116608 kB
Active(file):     866292 kB
Inactive(file):  6891876 kB
Unevictable:        5716 kB
Mlocked:            5716 kB
SwapTotal:       3145724 kB
SwapFree:        3145724 kB
Dirty:              3092 kB
Writeback:             0 kB
AnonPages:       1318408 kB
Mapped:           787712 kB
Shmem:             29576 kB
KReclaimable:     531296 kB
Slab:             225392 kB
SReclaimable:      75864 kB
SUnreclaim:       149528 kB
KernelStack:       49152 kB
PageTables:        68636 kB
NFS_Unstable:          0 kB
Bounce:                0 kB
WritebackTmp:          0 kB
CommitLimit:     9202292 kB
Committed_AS:   77954164 kB
VmallocTotal:   263061440 kB
VmallocUsed:      106232 kB
VmallocChunk:          0 kB
Percpu:             7648 kB
CmaTotal:         294912 kB
CmaFree:               0 kB
MemTotal:       12113136 kB
MemFree:          455876 kB
MemAvailable:    7876644 kB
Buffers:            4872 kB
Cached:          7787552 kB
SwapCached:            0 kB
Active:          2097564 kB
Inactive:        7008496 kB
Active(anon):    1231272 kB
Inactive(anon):   116612 kB
Active(file):     866292 kB
Inactive(file):  6891884 kB
Unevictable:        5716 kB
Mlocked:            5716 kB
SwapTotal:       3145724 kB
SwapFree:        3145724 kB
Dirty:              3164 kB
Writeback:             0 kB
AnonPages:       1319072 kB
Mapped:           787676 kB
Shmem:             29580 kB
KReclaimable:     531296 kB
Slab:             225408 kB
SReclaimable:      75864 kB
SUnreclaim:       149544 kB
KernelStack:       49152 kB
PageTables:        68800 kB
NFS_Unstable:          0 kB
Bounce:                0 kB
WritebackTmp:          0 kB
CommitLimit:     9202292 kB
Committed_AS:   77958228 kB
VmallocTotal:   263061440 kB
VmallocUsed:      106232 kB
VmallocChunk:          0 kB
Percpu:             7648 kB
CmaTotal:         294912 kB
CmaFree:               0 kB
MemTotal:       12113136 kB
MemFree:          456032 kB
MemAvailable:    7876812 kB
Buffers:            4872 kB
Cached:          7787576 kB
SwapCached:            0 kB
Active:          2099504 kB
Inactive:        7008520 kB
Active(anon):    1233212 kB
Inactive(anon):   116624 kB
Active(file):     866292 kB
Inactive(file):  6891896 kB
Unevictable:        5716 kB
Mlocked:            5716 kB
SwapTotal:       3145724 kB
SwapFree:        3145724 kB
Dirty:              3308 kB
Writeback:             0 kB
AnonPages:       1321116 kB
Mapped:           787796 kB
Shmem:             29592 kB
KReclaimable:     531296 kB
Slab:             225368 kB
SReclaimable:      75864 kB
SUnreclaim:       149504 kB
KernelStack:       49152 kB
PageTables:        68584 kB
NFS_Unstable:          0 kB
Bounce:                0 kB
WritebackTmp:          0 kB
CommitLimit:     9202292 kB
Committed_AS:   77957828 kB
VmallocTotal:   263061440 kB
VmallocUsed:      106232 kB
VmallocChunk:          0 kB
Percpu:             7648 kB
CmaTotal:         294912 kB
CmaFree:               0 kB
MemTotal:       12113136 kB
MemFree:          453768 kB
MemAvailable:    7875128 kB
Buffers:            4880 kB
Cached:          7788152 kB
SwapCached:            0 kB
Active:          2100232 kB
Inactive:        7009084 kB
Active(anon):    1233920 kB
Inactive(anon):   116628 kB
Active(file):     866312 kB
Inactive(file):  6892456 kB
Unevictable:        5716 kB
Mlocked:            5716 kB
SwapTotal:       3145724 kB
SwapFree:        3145724 kB
Dirty:              2816 kB
Writeback:             0 kB
AnonPages:       1322116 kB
Mapped:           796532 kB
Shmem:             29596 kB
KReclaimable:     531296 kB
Slab:             225412 kB
SReclaimable:      75864 kB
SUnreclaim:       149548 kB
KernelStack:       49088 kB
PageTables:        68712 kB
NFS_Unstable:          0 kB
Bounce:                0 kB
WritebackTmp:          0 kB
CommitLimit:     9202292 kB
Committed_AS:   77956788 kB
VmallocTotal:   263061440 kB
VmallocUsed:      106168 kB
VmallocChunk:          0 kB
Percpu:             7648 kB
CmaTotal:         294912 kB
CmaFree:               0 kB
MemTotal:       12113136 kB
MemFree:          453456 kB
MemAvailable:    7874820 kB
Buffers:            4880 kB
Cached:          7788156 kB
SwapCached:            0 kB
Active:          2100552 kB
Inactive:        7009088 kB
Active(anon):    1234240 kB
Inactive(anon):   116628 kB
Active(file):     866312 kB
Inactive(file):  6892460 kB
Unevictable:        5716 kB
Mlocked:            5716 kB
SwapTotal:       3145724 kB
SwapFree:        3145724 kB
Dirty:              2820 kB
Writeback:             0 kB
AnonPages:       1322348 kB
Mapped:           796432 kB
Shmem:             29596 kB
KReclaimable:     531296 kB
Slab:             225396 kB
SReclaimable:      75864 kB
SUnreclaim:       149532 kB
KernelStack:       49088 kB
PageTables:        68696 kB
NFS_Unstable:          0 kB
Bounce:                0 kB
WritebackTmp:          0 kB
CommitLimit:     9202292 kB
Committed_AS:   77957892 kB
VmallocTotal:   263061440 kB
VmallocUsed:      106184 kB
VmallocChunk:          0 kB
Percpu:             7648 kB
CmaTotal:         294912 kB
CmaFree:               0 kB
MemTotal:       12113136 kB
MemFree:          452104 kB
MemAvailable:    7873480 kB
Buffers:            4880 kB
Cached:          7788172 kB
SwapCached:            0 kB
Active:          2101532 kB
Inactive:        7009104 kB
Active(anon):    1235220 kB
Inactive(anon):   116632 kB
Active(file):     866312 kB
Inactive(file):  6892472 kB
Unevictable:        5716 kB
Mlocked:            5716 kB
SwapTotal:       3145724 kB
SwapFree:        3145724 kB
Dirty:              2844 kB
Writeback:             0 kB
AnonPages:       1323416 kB
Mapped:           796468 kB
Shmem:             29600 kB
KReclaimable:     531296 kB
Slab:             225396 kB
SReclaimable:      75864 kB
SUnreclaim:       149532 kB
KernelStack:       49088 kB
PageTables:        68952 kB
NFS_Unstable:          0 kB
Bounce:                0 kB
WritebackTmp:          0 kB
CommitLimit:     9202292 kB
Committed_AS:   77957596 kB
VmallocTotal:   263061440 kB
VmallocUsed:      106120 kB
VmallocChunk:          0 kB
Percpu:             7648 kB
CmaTotal:         294912 kB
CmaFree:               0 kB
MemTotal:       12113136 kB
MemFree:          450184 kB
MemAvailable:    7871576 kB
Buffers:            4880 kB
Cached:          7788188 kB
SwapCached:            0 kB
Active:          2103112 kB
Inactive:        7009120 kB
Active(anon):    1236800 kB
Inactive(anon):   116632 kB
Active(file):     866312 kB
Inactive(file):  6892488 kB
Unevictable:        5716 kB
Mlocked:            5716 kB
SwapTotal:       3145724 kB
SwapFree:        3145724 kB
Dirty:              2860 kB
Writeback:             0 kB
AnonPages:       1324832 kB
Mapped:           796708 kB
Shmem:             29600 kB
KReclaimable:     531296 kB
Slab:             225388 kB
SReclaimable:      75864 kB
SUnreclaim:       149524 kB
KernelStack:       49088 kB
PageTables:        68952 kB
NFS_Unstable:          0 kB
Bounce:                0 kB
WritebackTmp:          0 kB
CommitLimit:     9202292 kB
Committed_AS:   77952512 kB
VmallocTotal:   263061440 kB
VmallocUsed:      106152 kB
VmallocChunk:          0 kB
Percpu:             7648 kB
CmaTotal:         294912 kB
CmaFree:               0 kB
MemTotal:       12113136 kB
MemFree:          450028 kB
MemAvailable:    7871432 kB
Buffers:            4880 kB
Cached:          7788200 kB
SwapCached:            0 kB
Active:          2103772 kB
Inactive:        7009132 kB
Active(anon):    1237460 kB
Inactive(anon):   116632 kB
Active(file):     866312 kB
Inactive(file):  6892500 kB
Unevictable:        5716 kB
Mlocked:            5716 kB
SwapTotal:       3145724 kB
SwapFree:        3145724 kB
Dirty:              2872 kB
Writeback:             0 kB
AnonPages:       1325440 kB
Mapped:           796656 kB
Shmem:             29600 kB
KReclaimable:     531296 kB
Slab:             225388 kB
SReclaimable:      75864 kB
SUnreclaim:       149524 kB
KernelStack:       49104 kB
PageTables:        68920 kB
NFS_Unstable:          0 kB
Bounce:                0 kB
WritebackTmp:          0 kB
CommitLimit:     9202292 kB
Committed_AS:   77953872 kB
VmallocTotal:   263061440 kB
VmallocUsed:      106120 kB
VmallocChunk:          0 kB
Percpu:             7648 kB
CmaTotal:         294912 kB
CmaFree:               0 kB
MemTotal:       12113136 kB
MemFree:          450408 kB
MemAvailable:    7871800 kB
Buffers:            4880 kB
Cached:          7788196 kB
SwapCached:            0 kB
Active:          2104464 kB
Inactive:        7009132 kB
Active(anon):    1238156 kB
Inactive(anon):   116640 kB
Active(file):     866308 kB
Inactive(file):  6892492 kB
Unevictable:        5716 kB
Mlocked:            5716 kB
SwapTotal:       3145724 kB
SwapFree:        3145724 kB
Dirty:              2896 kB
Writeback:             0 kB
AnonPages:       1326052 kB
Mapped:           796504 kB
Shmem:             29608 kB
KReclaimable:     531296 kB
Slab:             225388 kB
SReclaimable:      75864 kB
SUnreclaim:       149524 kB
KernelStack:       49072 kB
PageTables:        68880 kB
NFS_Unstable:          0 kB
Bounce:                0 kB
WritebackTmp:          0 kB
CommitLimit:     9202292 kB
Committed_AS:   77954892 kB
VmallocTotal:   263061440 kB
VmallocUsed:      106104 kB
VmallocChunk:          0 kB
Percpu:             7648 kB
CmaTotal:         294912 kB
CmaFree:               0 kB
MemTotal:       12113136 kB
MemFree:          449028 kB
MemAvailable:    7870452 kB
Buffers:            4880 kB
Cached:          7788228 kB
SwapCached:            0 kB
Active:          2105384 kB
Inactive:        7009160 kB
Active(anon):    1239072 kB
Inactive(anon):   116640 kB
Active(file):     866312 kB
Inactive(file):  6892520 kB
Unevictable:        5716 kB
Mlocked:            5716 kB
SwapTotal:       3145724 kB
SwapFree:        3145724 kB
Dirty:              2908 kB
Writeback:             0 kB
AnonPages:       1327100 kB
Mapped:           796512 kB
Shmem:             29608 kB
KReclaimable:     531296 kB
Slab:             225388 kB
SReclaimable:      75864 kB
SUnreclaim:       149524 kB
KernelStack:       49072 kB
PageTables:        68676 kB
NFS_Unstable:          0 kB
Bounce:                0 kB
WritebackTmp:          0 kB
CommitLimit:     9202292 kB
Committed_AS:   77959140 kB
VmallocTotal:   263061440 kB
VmallocUsed:      106136 kB
VmallocChunk:          0 kB
Percpu:             7648 kB
CmaTotal:         294912 kB
CmaFree:               0 kB
MemTotal:       12113136 kB
MemFree:          461456 kB
MemAvailable:    7882900 kB
Buffers:            4880 kB
Cached:          7788256 kB
SwapCached:            0 kB
Active:          2091972 kB
Inactive:        7009188 kB
Active(anon):    1225660 kB
Inactive(anon):   116648 kB
Active(file):     866312 kB
Inactive(file):  6892540 kB
Unevictable:        5716 kB
Mlocked:            5716 kB
SwapTotal:       3145724 kB
SwapFree:        3145724 kB
Dirty:              2924 kB
Writeback:             0 kB
AnonPages:       1313840 kB
Mapped:           787824 kB
Shmem:             29616 kB
KReclaimable:     531296 kB
Slab:             225388 kB
SReclaimable:      75864 kB
SUnreclaim:       149524 kB
KernelStack:       49072 kB
PageTables:        68640 kB
NFS_Unstable:          0 kB
Bounce:                0 kB
WritebackTmp:          0 kB
CommitLimit:     9202292 kB
Committed_AS:   77956208 kB
VmallocTotal:   263061440 kB
VmallocUsed:      106104 kB
VmallocChunk:          0 kB
Percpu:             7648 kB
CmaTotal:         294912 kB
CmaFree:             140 kB
MemTotal:       12113136 kB
MemFree:          459308 kB
MemAvailable:    7880756 kB
Buffers:            4880 kB
Cached:          7788260 kB
SwapCached:            0 kB
Active:          2092824 kB
Inactive:        7009192 kB
Active(anon):    1226512 kB
Inactive(anon):   116648 kB
Active(file):     866312 kB
Inactive(file):  6892544 kB
Unevictable:        5716 kB
Mlocked:            5716 kB
SwapTotal:       3145724 kB
SwapFree:        3145724 kB
Dirty:              2940 kB
Writeback:             0 kB
AnonPages:       1314568 kB
Mapped:           787896 kB
Shmem:             29616 kB
KReclaimable:     531296 kB
Slab:             225388 kB
SReclaimable:      75864 kB
SUnreclaim:       149524 kB
KernelStack:       49040 kB
PageTables:        68688 kB
NFS_Unstable:          0 kB
Bounce:                0 kB
WritebackTmp:          0 kB
CommitLimit:     9202292 kB
Committed_AS:   77963820 kB
VmallocTotal:   263061440 kB
VmallocUsed:      106136 kB
VmallocChunk:          0 kB
Percpu:             7648 kB
CmaTotal:         294912 kB
CmaFree:               0 kB
MemTotal:       12113136 kB
MemFree:          458228 kB
MemAvailable:    7879692 kB
Buffers:            4880 kB
Cached:          7788276 kB
SwapCached:            0 kB
Active:          2093064 kB
Inactive:        7009208 kB
Active(anon):    1226752 kB
Inactive(anon):   116648 kB
Active(file):     866312 kB
Inactive(file):  6892560 kB
Unevictable:        5716 kB
Mlocked:            5716 kB
SwapTotal:       3145724 kB
SwapFree:        3145724 kB
Dirty:              3004 kB
Writeback:             0 kB
AnonPages:       1314676 kB
Mapped:           787700 kB
Shmem:             29616 kB
KReclaimable:     531296 kB
Slab:             225444 kB
SReclaimable:      75864 kB
SUnreclaim:       149580 kB
KernelStack:       49072 kB
PageTables:        68852 kB
NFS_Unstable:          0 kB
Bounce:                0 kB
WritebackTmp:          0 kB
CommitLimit:     9202292 kB
Committed_AS:   77953936 kB
VmallocTotal:   263061440 kB
VmallocUsed:      106136 kB
VmallocChunk:          0 kB
Percpu:             7648 kB
CmaTotal:         294912 kB
CmaFree:               0 kB
MemTotal:       12113136 kB
MemFree:          458152 kB
MemAvailable:    7879656 kB
Buffers:            4880 kB
Cached:          7788316 kB
SwapCached:            0 kB
Active:          2093044 kB
Inactive:        7009248 kB
Active(anon):    1226732 kB
Inactive(anon):   116648 kB
Active(file):     866312 kB
Inactive(file):  6892600 kB
Unevictable:        5716 kB
Mlocked:            5716 kB
SwapTotal:       3145724 kB
SwapFree:        3145724 kB
Dirty:              3060 kB
Writeback:             0 kB
AnonPages:       1314648 kB
Mapped:           787840 kB
Shmem:             29616 kB
KReclaimable:     531296 kB
Slab:             225444 kB
SReclaimable:      75864 kB
SUnreclaim:       149580 kB
KernelStack:       49104 kB
PageTables:        68844 kB
NFS_Unstable:          0 kB
Bounce:                0 kB
WritebackTmp:          0 kB
CommitLimit:     9202292 kB
Committed_AS:   77957332 kB
VmallocTotal:   263061440 kB
VmallocUsed:      106120 kB
VmallocChunk:          0 kB
Percpu:             7648 kB
CmaTotal:         294912 kB
CmaFree:               0 kB
MemTotal:       12113136 kB
MemFree:          458808 kB
MemAvailable:    7880332 kB
Buffers:            4880 kB
Cached:          7788340 kB
SwapCached:            0 kB
Active:          2094128 kB
Inactive:        7009264 kB
Active(anon):    1227808 kB
Inactive(anon):   116652 kB
Active(file):     866320 kB
Inactive(file):  6892612 kB
Unevictable:        5716 kB
Mlocked:            5716 kB
SwapTotal:       3145724 kB
SwapFree:        3145724 kB
Dirty:              3096 kB
Writeback:             0 kB
AnonPages:       1315292 kB
Mapped:           787940 kB
Shmem:             29620 kB
KReclaimable:     531296 kB
Slab:             225388 kB
SReclaimable:      75864 kB
SUnreclaim:       149524 kB
KernelStack:       49056 kB
PageTables:        68612 kB
NFS_Unstable:          0 kB
Bounce:                0 kB
WritebackTmp:          0 kB
CommitLimit:     9202292 kB
Committed_AS:   77957680 kB
VmallocTotal:   263061440 kB
VmallocUsed:      106104 kB
VmallocChunk:          0 kB
Percpu:             7648 kB
CmaTotal:         294912 kB
CmaFree:               0 kB
MemTotal:       12113136 kB
MemFree:          457192 kB
MemAvailable:    7878740 kB
Buffers:            4880 kB
Cached:          7788360 kB
SwapCached:            0 kB
Active:          2095220 kB
Inactive:        7009292 kB
Active(anon):    1228908 kB
Inactive(anon):   116664 kB
Active(file):     866312 kB
Inactive(file):  6892628 kB
Unevictable:        5716 kB
Mlocked:            5716 kB
SwapTotal:       3145724 kB
SwapFree:        3145724 kB
Dirty:              3100 kB
Writeback:             0 kB
AnonPages:       1317092 kB
Mapped:           787872 kB
Shmem:             29632 kB
KReclaimable:     531312 kB
Slab:             225444 kB
SReclaimable:      75880 kB
SUnreclaim:       149564 kB
KernelStack:       49040 kB
PageTables:        68548 kB
NFS_Unstable:          0 kB
Bounce:                0 kB
WritebackTmp:          0 kB
CommitLimit:     9202292 kB
Committed_AS:   77958020 kB
VmallocTotal:   263061440 kB
VmallocUsed:      106120 kB
VmallocChunk:          0 kB
Percpu:             7648 kB
CmaTotal:         294912 kB
CmaFree:               0 kB
MemTotal:       12113136 kB
MemFree:          457148 kB
MemAvailable:    7878708 kB
Buffers:            4880 kB
Cached:          7788388 kB
SwapCached:            0 kB
Active:          2095524 kB
Inactive:        7009320 kB
Active(anon):    1229212 kB
Inactive(anon):   116680 kB
Active(file):     866312 kB
Inactive(file):  6892640 kB
Unevictable:        5716 kB
Mlocked:            5716 kB
SwapTotal:       3145724 kB
SwapFree:        3145724 kB
Dirty:               400 kB
Writeback:             0 kB
AnonPages:       1317112 kB
Mapped:           787912 kB
Shmem:             29648 kB
KReclaimable:     531312 kB
Slab:             225424 kB
SReclaimable:      75880 kB
SUnreclaim:       149544 kB
KernelStack:       49088 kB
PageTables:        68820 kB
NFS_Unstable:          0 kB
Bounce:                0 kB
WritebackTmp:          0 kB
CommitLimit:     9202292 kB
Committed_AS:   77952496 kB
VmallocTotal:   263061440 kB
VmallocUsed:      106104 kB
VmallocChunk:          0 kB
Percpu:             7648 kB
CmaTotal:         294912 kB
CmaFree:               0 kB
MemTotal:       12113136 kB
MemFree:          425904 kB
MemAvailable:    7847580 kB
Buffers:            4880 kB
Cached:          7788500 kB
SwapCached:            0 kB
Active:          2126452 kB
Inactive:        7009432 kB
Active(anon):    1260140 kB
Inactive(anon):   116684 kB
Active(file):     866312 kB
Inactive(file):  6892748 kB
Unevictable:        5716 kB
Mlocked:            5716 kB
SwapTotal:       3145724 kB
SwapFree:        3145724 kB
Dirty:               584 kB
Writeback:             0 kB
AnonPages:       1348332 kB
Mapped:           787912 kB
Shmem:             29652 kB
KReclaimable:     531320 kB
Slab:             225464 kB
SReclaimable:      75888 kB
SUnreclaim:       149576 kB
KernelStack:       49072 kB
PageTables:        68648 kB
NFS_Unstable:          0 kB
Bounce:                0 kB
WritebackTmp:          0 kB
CommitLimit:     9202292 kB
Committed_AS:   77959220 kB
VmallocTotal:   263061440 kB
VmallocUsed:      106120 kB
VmallocChunk:          0 kB
Percpu:             7648 kB
CmaTotal:         294912 kB
CmaFree:               0 kB
MemTotal:       12113136 kB
MemFree:          429556 kB
MemAvailable:    7851244 kB
Buffers:            4880 kB
Cached:          7788500 kB
SwapCached:            0 kB
Active:          2123236 kB
Inactive:        7009412 kB
Active(anon):    1256904 kB
Inactive(anon):   116672 kB
Active(file):     866332 kB
Inactive(file):  6892740 kB
Unevictable:        5716 kB
Mlocked:            5716 kB
SwapTotal:       3145724 kB
SwapFree:        3145724 kB
Dirty:               596 kB
Writeback:             0 kB
AnonPages:       1345000 kB
Mapped:           787600 kB
Shmem:             29640 kB
KReclaimable:     531320 kB
Slab:             225004 kB
SReclaimable:      75888 kB
SUnreclaim:       149116 kB
KernelStack:       48860 kB
PageTables:        68116 kB
NFS_Unstable:          0 kB
Bounce:                0 kB
WritebackTmp:          0 kB
CommitLimit:     9202292 kB
Committed_AS:   76628272 kB
VmallocTotal:   263061440 kB
VmallocUsed:      105856 kB
VmallocChunk:          0 kB
Percpu:             7648 kB
CmaTotal:         294912 kB
CmaFree:               0 kB
MemTotal:       12113136 kB
MemFree:          429352 kB
MemAvailable:    7851096 kB
Buffers:            4884 kB
Cached:          7788536 kB
SwapCached:            0 kB
Active:          2123956 kB
Inactive:        7009448 kB
Active(anon):    1257620 kB
Inactive(anon):   116672 kB
Active(file):     866336 kB
Inactive(file):  6892776 kB
Unevictable:        5716 kB
Mlocked:            5716 kB
SwapTotal:       3145724 kB
SwapFree:        3145724 kB
Dirty:               600 kB
Writeback:             0 kB
AnonPages:       1345628 kB
Mapped:           787552 kB
Shmem:             29640 kB
KReclaimable:     531336 kB
Slab:             225076 kB
SReclaimable:      75904 kB
SUnreclaim:       149172 kB
KernelStack:       48832 kB
PageTables:        68160 kB
NFS_Unstable:          0 kB
Bounce:                0 kB
WritebackTmp:          0 kB
CommitLimit:     9202292 kB
Committed_AS:   76627240 kB
VmallocTotal:   263061440 kB
VmallocUsed:      105856 kB
VmallocChunk:          0 kB
Percpu:             7648 kB
CmaTotal:         294912 kB
CmaFree:               8 kB
MemTotal:       12113136 kB
MemFree:          428456 kB
MemAvailable:    7850192 kB
Buffers:            4884 kB
Cached:          7788544 kB
SwapCached:            0 kB
Active:          2124672 kB
Inactive:        7009460 kB
Active(anon):    1258340 kB
Inactive(anon):   116672 kB
Active(file):     866332 kB
Inactive(file):  6892788 kB
Unevictable:        5716 kB
Mlocked:            5716 kB
SwapTotal:       3145724 kB
SwapFree:        3145724 kB
Dirty:               624 kB
Writeback:             0 kB
AnonPages:       1346428 kB
Mapped:           787560 kB
Shmem:             29640 kB
KReclaimable:     531320 kB
Slab:             225028 kB
SReclaimable:      75888 kB
SUnreclaim:       149140 kB
KernelStack:       48768 kB
PageTables:        68020 kB
NFS_Unstable:          0 kB
Bounce:                0 kB
WritebackTmp:          0 kB
CommitLimit:     9202292 kB
Committed_AS:   76634360 kB
VmallocTotal:   263061440 kB
VmallocUsed:      105808 kB
VmallocChunk:          0 kB
Percpu:             7648 kB
CmaTotal:         294912 kB
CmaFree:               0 kB
MemTotal:       12113136 kB
MemFree:          429180 kB
MemAvailable:    7850932 kB
Buffers:            4884 kB
Cached:          7788560 kB
SwapCached:            0 kB
Active:          2125240 kB
Inactive:        7009472 kB
Active(anon):    1258904 kB
Inactive(anon):   116672 kB
Active(file):     866336 kB
Inactive(file):  6892800 kB
Unevictable:        5716 kB
Mlocked:            5716 kB
SwapTotal:       3145724 kB
SwapFree:        3145724 kB
Dirty:               640 kB
Writeback:             0 kB
AnonPages:       1347080 kB
Mapped:           787532 kB
Shmem:             29640 kB
KReclaimable:     531320 kB
Slab:             225020 kB
SReclaimable:      75888 kB
SUnreclaim:       149132 kB
KernelStack:       48800 kB
PageTables:        68024 kB
NFS_Unstable:          0 kB
Bounce:                0 kB
WritebackTmp:          0 kB
CommitLimit:     9202292 kB
Committed_AS:   76636540 kB
VmallocTotal:   263061440 kB
VmallocUsed:      105824 kB
VmallocChunk:          0 kB
Percpu:             7648 kB
CmaTotal:         294912 kB
CmaFree:              12 kB
MemTotal:       12113136 kB
MemFree:          428392 kB
MemAvailable:    7850156 kB
Buffers:            4884 kB
Cached:          7788572 kB
SwapCached:            0 kB
Active:          2125980 kB
Inactive:        7009484 kB
Active(anon):    1259644 kB
Inactive(anon):   116672 kB
Active(file):     866336 kB
Inactive(file):  6892812 kB
Unevictable:        5716 kB
Mlocked:            5716 kB
SwapTotal:       3145724 kB
SwapFree:        3145724 kB
Dirty:               660 kB
Writeback:             0 kB
AnonPages:       1347544 kB
Mapped:           787664 kB
Shmem:             29640 kB
KReclaimable:     531320 kB
Slab:             225028 kB
SReclaimable:      75888 kB
SUnreclaim:       149140 kB
KernelStack:       48752 kB
PageTables:        67988 kB
NFS_Unstable:          0 kB
Bounce:                0 kB
WritebackTmp:          0 kB
CommitLimit:     9202292 kB
Committed_AS:   76637100 kB
VmallocTotal:   263061440 kB
VmallocUsed:      105824 kB
VmallocChunk:          0 kB
Percpu:             7648 kB
CmaTotal:         294912 kB
CmaFree:               0 kB
MemTotal:       12113136 kB
MemFree:          457384 kB
MemAvailable:    7879164 kB
Buffers:            4884 kB
Cached:          7788588 kB
SwapCached:            0 kB
Active:          2095764 kB
Inactive:        7009500 kB
Active(anon):    1229428 kB
Inactive(anon):   116672 kB
Active(file):     866336 kB
Inactive(file):  6892828 kB
Unevictable:        5716 kB
Mlocked:            5716 kB
SwapTotal:       3145724 kB
SwapFree:        3145724 kB
Dirty:               644 kB
Writeback:             0 kB
AnonPages:       1317520 kB
Mapped:           787588 kB
Shmem:             29640 kB
KReclaimable:     531320 kB
Slab:             225036 kB
SReclaimable:      75888 kB
SUnreclaim:       149148 kB
KernelStack:       48752 kB
PageTables:        68096 kB
NFS_Unstable:          0 kB
Bounce:                0 kB
WritebackTmp:          0 kB
CommitLimit:     9202292 kB
Committed_AS:   76641092 kB
VmallocTotal:   263061440 kB
VmallocUsed:      105808 kB
VmallocChunk:          0 kB
Percpu:             7648 kB
CmaTotal:         294912 kB
CmaFree:               0 kB
MemTotal:       12113136 kB
MemFree:          457128 kB
MemAvailable:    7878916 kB
Buffers:            4884 kB
Cached:          7788616 kB
SwapCached:            0 kB
Active:          2096852 kB
Inactive:        7009524 kB
Active(anon):    1230512 kB
Inactive(anon):   116676 kB
Active(file):     866340 kB
Inactive(file):  6892848 kB
Unevictable:        5716 kB
Mlocked:            5716 kB
SwapTotal:       3145724 kB
SwapFree:        3145724 kB
Dirty:               672 kB
Writeback:             0 kB
AnonPages:       1318056 kB
Mapped:           787392 kB
Shmem:             29644 kB
KReclaimable:     531304 kB
Slab:             224996 kB
SReclaimable:      75872 kB
SUnreclaim:       149124 kB
KernelStack:       48688 kB
PageTables:        68092 kB
NFS_Unstable:          0 kB
Bounce:                0 kB
WritebackTmp:          0 kB
CommitLimit:     9202292 kB
Committed_AS:   76640844 kB
VmallocTotal:   263061440 kB
VmallocUsed:      105760 kB
VmallocChunk:          0 kB
Percpu:             7648 kB
CmaTotal:         294912 kB
CmaFree:               0 kB
MemTotal:       12113136 kB
MemFree:          455960 kB
MemAvailable:    7877764 kB
Buffers:            4884 kB
Cached:          7788620 kB
SwapCached:            0 kB
Active:          2097092 kB
Inactive:        7009532 kB
Active(anon):    1230756 kB
Inactive(anon):   116680 kB
Active(file):     866336 kB
Inactive(file):  6892852 kB
Unevictable:        5716 kB
Mlocked:            5716 kB
SwapTotal:       3145724 kB
SwapFree:        3145724 kB
Dirty:               676 kB
Writeback:             0 kB
AnonPages:       1318884 kB
Mapped:           787768 kB
Shmem:             29648 kB
KReclaimable:     531320 kB
Slab:             225036 kB
SReclaimable:      75888 kB
SUnreclaim:       149148 kB
KernelStack:       48752 kB
PageTables:        68084 kB
NFS_Unstable:          0 kB
Bounce:                0 kB
WritebackTmp:          0 kB
CommitLimit:     9202292 kB
Committed_AS:   76638628 kB
VmallocTotal:   263061440 kB
VmallocUsed:      105824 kB
VmallocChunk:          0 kB
Percpu:             7648 kB
CmaTotal:         294912 kB
CmaFree:               0 kB
MemTotal:       12113136 kB
MemFree:          455260 kB
MemAvailable:    7877080 kB
Buffers:            4884 kB
Cached:          7788636 kB
SwapCached:            0 kB
Active:          2097676 kB
Inactive:        7009548 kB
Active(anon):    1231340 kB
Inactive(anon):   116680 kB
Active(file):     866336 kB
Inactive(file):  6892868 kB
Unevictable:        5716 kB
Mlocked:            5716 kB
SwapTotal:       3145724 kB
SwapFree:        3145724 kB
Dirty:               736 kB
Writeback:             0 kB
AnonPages:       1319104 kB
Mapped:           787616 kB
Shmem:             29648 kB
KReclaimable:     531320 kB
Slab:             225012 kB
SReclaimable:      75888 kB
SUnreclaim:       149124 kB
KernelStack:       48736 kB
PageTables:        68104 kB
NFS_Unstable:          0 kB
Bounce:                0 kB
WritebackTmp:          0 kB
CommitLimit:     9202292 kB
Committed_AS:   76636904 kB
VmallocTotal:   263061440 kB
VmallocUsed:      105808 kB
VmallocChunk:          0 kB
Percpu:             7648 kB
CmaTotal:         294912 kB
CmaFree:               0 kB
MemTotal:       12113136 kB
MemFree:          455248 kB
MemAvailable:    7877080 kB
Buffers:            4884 kB
Cached:          7788648 kB
SwapCached:            0 kB
Active:          2098368 kB
Inactive:        7009556 kB
Active(anon):    1232028 kB
Inactive(anon):   116680 kB
Active(file):     866340 kB
Inactive(file):  6892876 kB
Unevictable:        5716 kB
Mlocked:            5716 kB
SwapTotal:       3145724 kB
SwapFree:        3145724 kB
Dirty:               748 kB
Writeback:             0 kB
AnonPages:       1319912 kB
Mapped:           787788 kB
Shmem:             29648 kB
KReclaimable:     531320 kB
Slab:             225052 kB
SReclaimable:      75888 kB
SUnreclaim:       149164 kB
KernelStack:       48704 kB
PageTables:        68052 kB
NFS_Unstable:          0 kB
Bounce:                0 kB
WritebackTmp:          0 kB
CommitLimit:     9202292 kB
Committed_AS:   76643064 kB
VmallocTotal:   263061440 kB
VmallocUsed:      105840 kB
VmallocChunk:          0 kB
Percpu:             7648 kB
CmaTotal:         294912 kB
CmaFree:               0 kB
MemTotal:       12113136 kB
MemFree:          454884 kB
MemAvailable:    7876768 kB
Buffers:            4884 kB
Cached:          7788704 kB
SwapCached:            0 kB
Active:          2098996 kB
Inactive:        7009612 kB
Active(anon):    1232656 kB
Inactive(anon):   116684 kB
Active(file):     866340 kB
Inactive(file):  6892928 kB
Unevictable:        5716 kB
Mlocked:            5716 kB
SwapTotal:       3145724 kB
SwapFree:        3145724 kB
Dirty:               792 kB
Writeback:             0 kB
AnonPages:       1320780 kB
Mapped:           787648 kB
Shmem:             29652 kB
KReclaimable:     531320 kB
Slab:             225028 kB
SReclaimable:      75888 kB
SUnreclaim:       149140 kB
KernelStack:       48752 kB
PageTables:        68020 kB
NFS_Unstable:          0 kB
Bounce:                0 kB
WritebackTmp:          0 kB
CommitLimit:     9202292 kB
Committed_AS:   76638128 kB
VmallocTotal:   263061440 kB
VmallocUsed:      105776 kB
VmallocChunk:          0 kB
Percpu:             7648 kB
CmaTotal:         294912 kB
CmaFree:               0 kB
MemTotal:       12113136 kB
MemFree:          453432 kB
MemAvailable:    7875300 kB
Buffers:            4884 kB
Cached:          7788692 kB
SwapCached:            0 kB
Active:          2099832 kB
Inactive:        7009604 kB
Active(anon):    1233496 kB
Inactive(anon):   116688 kB
Active(file):     866336 kB
Inactive(file):  6892916 kB
Unevictable:        5716 kB
Mlocked:            5716 kB
SwapTotal:       3145724 kB
SwapFree:        3145724 kB
Dirty:               808 kB
Writeback:             0 kB
AnonPages:       1321732 kB
Mapped:           787612 kB
Shmem:             29656 kB
KReclaimable:     531320 kB
Slab:             225028 kB
SReclaimable:      75888 kB
SUnreclaim:       149140 kB
KernelStack:       48784 kB
PageTables:        68140 kB
NFS_Unstable:          0 kB
Bounce:                0 kB
WritebackTmp:          0 kB
CommitLimit:     9202292 kB
Committed_AS:   76637124 kB
VmallocTotal:   263061440 kB
VmallocUsed:      105792 kB
VmallocChunk:          0 kB
Percpu:             7648 kB
CmaTotal:         294912 kB
CmaFree:               0 kB
MemTotal:       12113136 kB
MemFree:          452416 kB
MemAvailable:    7874292 kB
Buffers:            4884 kB
Cached:          7788704 kB
SwapCached:            0 kB
Active:          2100756 kB
Inactive:        7009616 kB
Active(anon):    1234420 kB
Inactive(anon):   116692 kB
Active(file):     866336 kB
Inactive(file):  6892924 kB
Unevictable:        5716 kB
Mlocked:            5716 kB
SwapTotal:       3145724 kB
SwapFree:        3145724 kB
Dirty:               820 kB
Writeback:             0 kB
AnonPages:       1322512 kB
Mapped:           787792 kB
Shmem:             29660 kB
KReclaimable:     531320 kB
Slab:             225028 kB
SReclaimable:      75888 kB
SUnreclaim:       149140 kB
KernelStack:       48752 kB
PageTables:        68044 kB
NFS_Unstable:          0 kB
Bounce:                0 kB
WritebackTmp:          0 kB
CommitLimit:     9202292 kB
Committed_AS:   76641140 kB
VmallocTotal:   263061440 kB
VmallocUsed:      105808 kB
VmallocChunk:          0 kB
Percpu:             7648 kB
CmaTotal:         294912 kB
CmaFree:               0 kB
MemTotal:       12113136 kB
MemFree:          452012 kB
MemAvailable:    7873900 kB
Buffers:            4884 kB
Cached:          7788720 kB
SwapCached:            0 kB
Active:          2101332 kB
Inactive:        7009632 kB
Active(anon):    1234996 kB
Inactive(anon):   116696 kB
Active(file):     866336 kB
Inactive(file):  6892936 kB
Unevictable:        5716 kB
Mlocked:            5716 kB
SwapTotal:       3145724 kB
SwapFree:        3145724 kB
Dirty:               484 kB
Writeback:             0 kB
AnonPages:       1323164 kB
Mapped:           787780 kB
Shmem:             29664 kB
KReclaimable:     531320 kB
Slab:             225020 kB
SReclaimable:      75888 kB
SUnreclaim:       149132 kB
KernelStack:       48720 kB
PageTables:        67952 kB
NFS_Unstable:          0 kB
Bounce:                0 kB
WritebackTmp:          0 kB
CommitLimit:     9202292 kB
Committed_AS:   76641308 kB
VmallocTotal:   263061440 kB
VmallocUsed:      105808 kB
VmallocChunk:          0 kB
Percpu:             7648 kB
CmaTotal:         294912 kB
CmaFree:               0 kB
MemTotal:       12113136 kB
MemFree:          451660 kB
MemAvailable:    7873560 kB
Buffers:            4884 kB
Cached:          7788732 kB
SwapCached:            0 kB
Active:          2101852 kB
Inactive:        7009640 kB
Active(anon):    1235512 kB
Inactive(anon):   116696 kB
Active(file):     866340 kB
Inactive(file):  6892944 kB
Unevictable:        5716 kB
Mlocked:            5716 kB
SwapTotal:       3145724 kB
SwapFree:        3145724 kB
Dirty:               572 kB
Writeback:             0 kB
AnonPages:       1324056 kB
Mapped:           787672 kB
Shmem:             29664 kB
KReclaimable:     531320 kB
Slab:             225028 kB
SReclaimable:      75888 kB
SUnreclaim:       149140 kB
KernelStack:       48752 kB
PageTables:        68028 kB
NFS_Unstable:          0 kB
Bounce:                0 kB
WritebackTmp:          0 kB
CommitLimit:     9202292 kB
Committed_AS:   76644892 kB
VmallocTotal:   263061440 kB
VmallocUsed:      105792 kB
VmallocChunk:          0 kB
Percpu:             7648 kB
CmaTotal:         294912 kB
CmaFree:               0 kB
MemTotal:       12113136 kB
MemFree:          450624 kB
MemAvailable:    7872544 kB
Buffers:            4884 kB
Cached:          7788752 kB
SwapCached:            0 kB
Active:          2102420 kB
Inactive:        7009660 kB
Active(anon):    1236080 kB
Inactive(anon):   116696 kB
Active(file):     866340 kB
Inactive(file):  6892964 kB
Unevictable:        5716 kB
Mlocked:            5716 kB
SwapTotal:       3145724 kB
SwapFree:        3145724 kB
Dirty:               624 kB
Writeback:             0 kB
AnonPages:       1324428 kB
Mapped:           787828 kB
Shmem:             29664 kB
KReclaimable:     531320 kB
Slab:             225036 kB
SReclaimable:      75888 kB
SUnreclaim:       149148 kB
KernelStack:       48704 kB
PageTables:        67916 kB
NFS_Unstable:          0 kB
Bounce:                0 kB
WritebackTmp:          0 kB
CommitLimit:     9202292 kB
Committed_AS:   76637096 kB
VmallocTotal:   263061440 kB
VmallocUsed:      105792 kB
VmallocChunk:          0 kB
Percpu:             7648 kB
CmaTotal:         294912 kB
CmaFree:               0 kB
MemTotal:       12113136 kB
MemFree:          450808 kB
MemAvailable:    7872748 kB
Buffers:            4888 kB
Cached:          7788752 kB
SwapCached:            0 kB
Active:          2103284 kB
Inactive:        7009664 kB
Active(anon):    1236944 kB
Inactive(anon):   116696 kB
Active(file):     866340 kB
Inactive(file):  6892968 kB
Unevictable:        5716 kB
Mlocked:            5716 kB
SwapTotal:       3145724 kB
SwapFree:        3145724 kB
Dirty:               564 kB
Writeback:             0 kB
AnonPages:       1324824 kB
Mapped:           787844 kB
Shmem:             29664 kB
KReclaimable:     531336 kB
Slab:             225028 kB
SReclaimable:      75904 kB
SUnreclaim:       149124 kB
KernelStack:       48768 kB
PageTables:        67984 kB
NFS_Unstable:          0 kB
Bounce:                0 kB
WritebackTmp:          0 kB
CommitLimit:     9202292 kB
Committed_AS:   76642332 kB
VmallocTotal:   263061440 kB
VmallocUsed:      105776 kB
VmallocChunk:          0 kB
Percpu:             7648 kB
CmaTotal:         294912 kB
CmaFree:               0 kB
MemTotal:       12113136 kB
MemFree:          450068 kB
MemAvailable:    7872052 kB
Buffers:            4888 kB
Cached:          7788804 kB
SwapCached:            0 kB
Active:          2104596 kB
Inactive:        7009712 kB
Active(anon):    1238252 kB
Inactive(anon):   116704 kB
Active(file):     866344 kB
Inactive(file):  6893008 kB
Unevictable:        5716 kB
Mlocked:            5716 kB
SwapTotal:       3145724 kB
SwapFree:        3145724 kB
Dirty:               588 kB
Writeback:             0 kB
AnonPages:       1326080 kB
Mapped:           787880 kB
Shmem:             29672 kB
KReclaimable:     531336 kB
Slab:             225052 kB
SReclaimable:      75904 kB
SUnreclaim:       149148 kB
KernelStack:       48784 kB
PageTables:        68148 kB
NFS_Unstable:          0 kB
Bounce:                0 kB
WritebackTmp:          0 kB
CommitLimit:     9202292 kB
Committed_AS:   76635840 kB
VmallocTotal:   263061440 kB
VmallocUsed:      105808 kB
VmallocChunk:          0 kB
Percpu:             7648 kB
CmaTotal:         294912 kB
CmaFree:               0 kB
MemTotal:       12113136 kB
MemFree:          448552 kB
MemAvailable:    7870508 kB
Buffers:            4888 kB
Cached:          7788828 kB
SwapCached:            0 kB
Active:          2105116 kB
Inactive:        7009736 kB
Active(anon):    1238772 kB
Inactive(anon):   116724 kB
Active(file):     866344 kB
Inactive(file):  6893012 kB
Unevictable:        5716 kB
Mlocked:            5716 kB
SwapTotal:       3145724 kB
SwapFree:        3145724 kB
Dirty:               428 kB
Writeback:             0 kB
AnonPages:       1326712 kB
Mapped:           787824 kB
Shmem:             29692 kB
KReclaimable:     531304 kB
Slab:             224996 kB
SReclaimable:      75872 kB
SUnreclaim:       149124 kB
KernelStack:       48768 kB
PageTables:        68116 kB
NFS_Unstable:          0 kB
Bounce:                0 kB
WritebackTmp:          0 kB
CommitLimit:     9202292 kB
Committed_AS:   76636428 kB
VmallocTotal:   263061440 kB
VmallocUsed:      105792 kB
VmallocChunk:          0 kB
Percpu:             7648 kB
CmaTotal:         294912 kB
CmaFree:               0 kB
MemTotal:       12113136 kB
MemFree:          448448 kB
MemAvailable:    7870444 kB
Buffers:            4888 kB
Cached:          7788856 kB
SwapCached:            0 kB
Active:          2105760 kB
Inactive:        7009764 kB
Active(anon):    1239416 kB
Inactive(anon):   116728 kB
Active(file):     866344 kB
Inactive(file):  6893036 kB
Unevictable:        5716 kB
Mlocked:            5716 kB
SwapTotal:       3145724 kB
SwapFree:        3145724 kB
Dirty:               488 kB
Writeback:             0 kB
AnonPages:       1327576 kB
Mapped:           787764 kB
Shmem:             29696 kB
KReclaimable:     531320 kB
Slab:             225020 kB
SReclaimable:      75888 kB
SUnreclaim:       149132 kB
KernelStack:       48768 kB
PageTables:        68088 kB
NFS_Unstable:          0 kB
Bounce:                0 kB
WritebackTmp:          0 kB
CommitLimit:     9202292 kB
Committed_AS:   76637104 kB
VmallocTotal:   263061440 kB
VmallocUsed:      105792 kB
VmallocChunk:          0 kB
Percpu:             7648 kB
CmaTotal:         294912 kB
CmaFree:               0 kB
MemTotal:       12113136 kB
MemFree:          447664 kB
MemAvailable:    7869684 kB
Buffers:            4888 kB
Cached:          7788864 kB
SwapCached:            0 kB
Active:          2106104 kB
Inactive:        7009772 kB
Active(anon):    1239760 kB
Inactive(anon):   116728 kB
Active(file):     866344 kB
Inactive(file):  6893044 kB
Unevictable:        5716 kB
Mlocked:            5716 kB
SwapTotal:       3145724 kB
SwapFree:        3145724 kB
Dirty:               532 kB
Writeback:             0 kB
AnonPages:       1327540 kB
Mapped:           787764 kB
Shmem:             29696 kB
KReclaimable:     531336 kB
Slab:             225036 kB
SReclaimable:      75904 kB
SUnreclaim:       149132 kB
KernelStack:       48720 kB
PageTables:        67928 kB
NFS_Unstable:          0 kB
Bounce:                0 kB
WritebackTmp:          0 kB
CommitLimit:     9202292 kB
Committed_AS:   76632408 kB
VmallocTotal:   263061440 kB
VmallocUsed:      105792 kB
VmallocChunk:          0 kB
Percpu:             7648 kB
CmaTotal:         294912 kB
CmaFree:               0 kB
MemTotal:       12113136 kB
MemFree:          446960 kB
MemAvailable:    7868988 kB
Buffers:            4888 kB
Cached:          7788872 kB
SwapCached:            0 kB
Active:          2106436 kB
Inactive:        7009780 kB
Active(anon):    1240092 kB
Inactive(anon):   116728 kB
Active(file):     866344 kB
Inactive(file):  6893052 kB
Unevictable:        5716 kB
Mlocked:            5716 kB
SwapTotal:       3145724 kB
SwapFree:        3145724 kB
Dirty:               540 kB
Writeback:             0 kB
AnonPages:       1328008 kB
Mapped:           787960 kB
Shmem:             29696 kB
KReclaimable:     531336 kB
Slab:             225044 kB
SReclaimable:      75904 kB
SUnreclaim:       149140 kB
KernelStack:       48688 kB
PageTables:        67904 kB
NFS_Unstable:          0 kB
Bounce:                0 kB
WritebackTmp:          0 kB
CommitLimit:     9202292 kB
Committed_AS:   76623888 kB
VmallocTotal:   263061440 kB
VmallocUsed:      105776 kB
VmallocChunk:          0 kB
Percpu:             7648 kB
CmaTotal:         294912 kB
CmaFree:               0 kB
MemTotal:       12113136 kB
MemFree:          445344 kB
MemAvailable:    7868192 kB
Buffers:            4888 kB
Cached:          7788876 kB
SwapCached:            0 kB
Active:          2108156 kB
Inactive:        7009784 kB
Active(anon):    1241812 kB
Inactive(anon):   116728 kB
Active(file):     866344 kB
Inactive(file):  6893056 kB
Unevictable:        5716 kB
Mlocked:            5716 kB
SwapTotal:       3145724 kB
SwapFree:        3145724 kB
Dirty:               576 kB
Writeback:             0 kB
AnonPages:       1329756 kB
Mapped:           787960 kB
Shmem:             29696 kB
KReclaimable:     532152 kB
Slab:             225900 kB
SReclaimable:      76720 kB
SUnreclaim:       149180 kB
KernelStack:       48756 kB
PageTables:        67956 kB
NFS_Unstable:          0 kB
Bounce:                0 kB
WritebackTmp:          0 kB
CommitLimit:     9202292 kB
Committed_AS:   76629564 kB
VmallocTotal:   263061440 kB
VmallocUsed:      105776 kB
VmallocChunk:          0 kB
Percpu:             7648 kB
CmaTotal:         294912 kB
CmaFree:               0 kB
MemTotal:       12113136 kB
MemFree:          441072 kB
MemAvailable:    7864060 kB
Buffers:            4888 kB
Cached:          7788888 kB
SwapCached:            0 kB
Active:          2108984 kB
Inactive:        7009796 kB
Active(anon):    1242640 kB
Inactive(anon):   116728 kB
Active(file):     866344 kB
Inactive(file):  6893068 kB
Unevictable:        5716 kB
Mlocked:            5716 kB
SwapTotal:       3145724 kB
SwapFree:        3145724 kB
Dirty:               600 kB
Writeback:             0 kB
AnonPages:       1330708 kB
Mapped:           787964 kB
Shmem:             29696 kB
KReclaimable:     532280 kB
Slab:             225996 kB
SReclaimable:      76848 kB
SUnreclaim:       149148 kB
KernelStack:       48720 kB
PageTables:        67932 kB
NFS_Unstable:          0 kB
Bounce:                0 kB
WritebackTmp:          0 kB
CommitLimit:     9202292 kB
Committed_AS:   76629324 kB
VmallocTotal:   263061440 kB
VmallocUsed:      105744 kB
VmallocChunk:          0 kB
Percpu:             7648 kB
CmaTotal:         294912 kB
CmaFree:               0 kB
MemTotal:       12113136 kB
MemFree:          441620 kB
MemAvailable:    7864644 kB
Buffers:            4888 kB
Cached:          7788916 kB
SwapCached:            0 kB
Active:          2109852 kB
Inactive:        7009824 kB
Active(anon):    1243508 kB
Inactive(anon):   116736 kB
Active(file):     866344 kB
Inactive(file):  6893088 kB
Unevictable:        5716 kB
Mlocked:            5716 kB
SwapTotal:       3145724 kB
SwapFree:        3145724 kB
Dirty:               480 kB
Writeback:             0 kB
AnonPages:       1331676 kB
Mapped:           788060 kB
Shmem:             29704 kB
KReclaimable:     532296 kB
Slab:             226012 kB
SReclaimable:      76864 kB
SUnreclaim:       149148 kB
KernelStack:       48752 kB
PageTables:        68052 kB
NFS_Unstable:          0 kB
Bounce:                0 kB
WritebackTmp:          0 kB
CommitLimit:     9202292 kB
Committed_AS:   76629196 kB
VmallocTotal:   263061440 kB
VmallocUsed:      105744 kB
VmallocChunk:          0 kB
Percpu:             7648 kB
CmaTotal:         294912 kB
CmaFree:               0 kB
MemTotal:       12113136 kB
MemFree:          439980 kB
MemAvailable:    7863012 kB
Buffers:            4888 kB
Cached:          7788924 kB
SwapCached:            0 kB
Active:          2110208 kB
Inactive:        7009832 kB
Active(anon):    1243864 kB
Inactive(anon):   116736 kB
Active(file):     866344 kB
Inactive(file):  6893096 kB
Unevictable:        5716 kB
Mlocked:            5716 kB
SwapTotal:       3145724 kB
SwapFree:        3145724 kB
Dirty:               496 kB
Writeback:             0 kB
AnonPages:       1332400 kB
Mapped:           788128 kB
Shmem:             29704 kB
KReclaimable:     532296 kB
Slab:             226012 kB
SReclaimable:      76864 kB
SUnreclaim:       149148 kB
KernelStack:       48740 kB
PageTables:        67904 kB
NFS_Unstable:          0 kB
Bounce:                0 kB
WritebackTmp:          0 kB
CommitLimit:     9202292 kB
Committed_AS:   76634668 kB
VmallocTotal:   263061440 kB
VmallocUsed:      105776 kB
VmallocChunk:          0 kB
Percpu:             7648 kB
CmaTotal:         294912 kB
CmaFree:               0 kB
MemTotal:       12113136 kB
MemFree:          439664 kB
MemAvailable:    7862728 kB
Buffers:            4888 kB
Cached:          7788952 kB
SwapCached:            0 kB
Active:          2110780 kB
Inactive:        7009860 kB
Active(anon):    1244436 kB
Inactive(anon):   116736 kB
Active(file):     866344 kB
Inactive(file):  6893124 kB
Unevictable:        5716 kB
Mlocked:            5716 kB
SwapTotal:       3145724 kB
SwapFree:        3145724 kB
Dirty:               564 kB
Writeback:             0 kB
AnonPages:       1332308 kB
Mapped:           787916 kB
Shmem:             29704 kB
KReclaimable:     532300 kB
Slab:             226016 kB
SReclaimable:      76868 kB
SUnreclaim:       149148 kB
KernelStack:       48688 kB
PageTables:        67912 kB
NFS_Unstable:          0 kB
Bounce:                0 kB
WritebackTmp:          0 kB
CommitLimit:     9202292 kB
Committed_AS:   76637304 kB
VmallocTotal:   263061440 kB
VmallocUsed:      105792 kB
VmallocChunk:          0 kB
Percpu:             7648 kB
CmaTotal:         294912 kB
CmaFree:               0 kB
MemTotal:       12113136 kB
MemFree:          441440 kB
MemAvailable:    7864520 kB
Buffers:            4888 kB
Cached:          7788976 kB
SwapCached:            0 kB
Active:          2107684 kB
Inactive:        7009884 kB
Active(anon):    1241340 kB
Inactive(anon):   116744 kB
Active(file):     866344 kB
Inactive(file):  6893140 kB
Unevictable:        5716 kB
Mlocked:            5716 kB
SwapTotal:       3145724 kB
SwapFree:        3145724 kB
Dirty:               580 kB
Writeback:             0 kB
AnonPages:       1329432 kB
Mapped:           788136 kB
Shmem:             29712 kB
KReclaimable:     532300 kB
Slab:             226016 kB
SReclaimable:      76868 kB
SUnreclaim:       149148 kB
KernelStack:       48704 kB
PageTables:        68080 kB
NFS_Unstable:          0 kB
Bounce:                0 kB
WritebackTmp:          0 kB
CommitLimit:     9202292 kB
Committed_AS:   76626648 kB
VmallocTotal:   263061440 kB
VmallocUsed:      105776 kB
VmallocChunk:          0 kB
Percpu:             7648 kB
CmaTotal:         294912 kB
CmaFree:               0 kB
MemTotal:       12113136 kB
MemFree:          441432 kB
MemAvailable:    7864524 kB
Buffers:            4888 kB
Cached:          7788988 kB
SwapCached:            0 kB
Active:          2108656 kB
Inactive:        7009896 kB
Active(anon):    1242312 kB
Inactive(anon):   116744 kB
Active(file):     866344 kB
Inactive(file):  6893152 kB
Unevictable:        5716 kB
Mlocked:            5716 kB
SwapTotal:       3145724 kB
SwapFree:        3145724 kB
Dirty:               592 kB
Writeback:             0 kB
AnonPages:       1330336 kB
Mapped:           787924 kB
Shmem:             29712 kB
KReclaimable:     532300 kB
Slab:             226016 kB
SReclaimable:      76868 kB
SUnreclaim:       149148 kB
KernelStack:       48704 kB
PageTables:        68048 kB
NFS_Unstable:          0 kB
Bounce:                0 kB
WritebackTmp:          0 kB
CommitLimit:     9202292 kB
Committed_AS:   76631960 kB
VmallocTotal:   263061440 kB
VmallocUsed:      105760 kB
VmallocChunk:          0 kB
Percpu:             7648 kB
CmaTotal:         294912 kB
CmaFree:              20 kB
MemTotal:       12113136 kB
MemFree:          443124 kB
MemAvailable:    7866212 kB
Buffers:            4888 kB
Cached:          7788984 kB
SwapCached:            0 kB
Active:          2108368 kB
Inactive:        7009896 kB
Active(anon):    1242028 kB
Inactive(anon):   116744 kB
Active(file):     866340 kB
Inactive(file):  6893152 kB
Unevictable:        5716 kB
Mlocked:            5716 kB
SwapTotal:       3145724 kB
SwapFree:        3145724 kB
Dirty:               508 kB
Writeback:             0 kB
AnonPages:       1330328 kB
Mapped:           788208 kB
Shmem:             29712 kB
KReclaimable:     532300 kB
Slab:             226016 kB
SReclaimable:      76868 kB
SUnreclaim:       149148 kB
KernelStack:       48688 kB
PageTables:        68008 kB
NFS_Unstable:          0 kB
Bounce:                0 kB
WritebackTmp:          0 kB
CommitLimit:     9202292 kB
Committed_AS:   76636256 kB
VmallocTotal:   263061440 kB
VmallocUsed:      105728 kB
VmallocChunk:          0 kB
Percpu:             7648 kB
CmaTotal:         294912 kB
CmaFree:               0 kB
MemTotal:       12113136 kB
MemFree:          445216 kB
MemAvailable:    7868328 kB
Buffers:            4888 kB
Cached:          7789008 kB
SwapCached:            0 kB
Active:          2104128 kB
Inactive:        7009916 kB
Active(anon):    1237784 kB
Inactive(anon):   116744 kB
Active(file):     866344 kB
Inactive(file):  6893172 kB
Unevictable:        5716 kB
Mlocked:            5716 kB
SwapTotal:       3145724 kB
SwapFree:        3145724 kB
Dirty:               536 kB
Writeback:             0 kB
AnonPages:       1325736 kB
Mapped:           788140 kB
Shmem:             29712 kB
KReclaimable:     532300 kB
Slab:             226040 kB
SReclaimable:      76868 kB
SUnreclaim:       149172 kB
KernelStack:       48740 kB
PageTables:        68272 kB
NFS_Unstable:          0 kB
Bounce:                0 kB
WritebackTmp:          0 kB
CommitLimit:     9202292 kB
Committed_AS:   76637372 kB
VmallocTotal:   263061440 kB
VmallocUsed:      105712 kB
VmallocChunk:          0 kB
Percpu:             7648 kB
CmaTotal:         294912 kB
CmaFree:             148 kB
MemTotal:       12113136 kB
MemFree:          446004 kB
MemAvailable:    7869252 kB
Buffers:            4892 kB
Cached:          7789140 kB
SwapCached:            0 kB
Active:          2104664 kB
Inactive:        7010048 kB
Active(anon):    1238316 kB
Inactive(anon):   116744 kB
Active(file):     866348 kB
Inactive(file):  6893304 kB
Unevictable:        5716 kB
Mlocked:            5716 kB
SwapTotal:       3145724 kB
SwapFree:        3145724 kB
Dirty:               452 kB
Writeback:             0 kB
AnonPages:       1326220 kB
Mapped:           788132 kB
Shmem:             29712 kB
KReclaimable:     532300 kB
Slab:             225992 kB
SReclaimable:      76868 kB
SUnreclaim:       149124 kB
KernelStack:       48608 kB
PageTables:        67952 kB
NFS_Unstable:          0 kB
Bounce:                0 kB
WritebackTmp:          0 kB
CommitLimit:     9202292 kB
Committed_AS:   76631952 kB
VmallocTotal:   263061440 kB
VmallocUsed:      105632 kB
VmallocChunk:          0 kB
Percpu:             7648 kB
CmaTotal:         294912 kB
CmaFree:               0 kB
MemTotal:       12113136 kB
MemFree:          424900 kB
MemAvailable:    7848156 kB
Buffers:            4892 kB
Cached:          7788964 kB
SwapCached:            0 kB
Active:          2125100 kB
Inactive:        7009876 kB
Active(anon):    1258752 kB
Inactive(anon):   116564 kB
Active(file):     866348 kB
Inactive(file):  6893312 kB
Unevictable:        5716 kB
Mlocked:            5716 kB
SwapTotal:       3145724 kB
SwapFree:        3145724 kB
Dirty:               504 kB
Writeback:             0 kB
AnonPages:       1346800 kB
Mapped:           787940 kB
Shmem:             29528 kB
KReclaimable:     532300 kB
Slab:             226008 kB
SReclaimable:      76868 kB
SUnreclaim:       149140 kB
KernelStack:       48640 kB
PageTables:        68036 kB
NFS_Unstable:          0 kB
Bounce:                0 kB
WritebackTmp:          0 kB
CommitLimit:     9202292 kB
Committed_AS:   76638568 kB
VmallocTotal:   263061440 kB
VmallocUsed:      105632 kB
VmallocChunk:          0 kB
Percpu:             7648 kB
CmaTotal:         294912 kB
CmaFree:               8 kB
MemTotal:       12113136 kB
MemFree:          423748 kB
MemAvailable:    7847024 kB
Buffers:            4892 kB
Cached:          7789168 kB
SwapCached:            0 kB
Active:          2125804 kB
Inactive:        7010076 kB
Active(anon):    1259456 kB
Inactive(anon):   116744 kB
Active(file):     866348 kB
Inactive(file):  6893332 kB
Unevictable:        5716 kB
Mlocked:            5716 kB
SwapTotal:       3145724 kB
SwapFree:        3145724 kB
Dirty:               524 kB
Writeback:             0 kB
AnonPages:       1347564 kB
Mapped:           788136 kB
Shmem:             29712 kB
KReclaimable:     532300 kB
Slab:             226072 kB
SReclaimable:      76868 kB
SUnreclaim:       149204 kB
KernelStack:       48660 kB
PageTables:        67932 kB
NFS_Unstable:          0 kB
Bounce:                0 kB
WritebackTmp:          0 kB
CommitLimit:     9202292 kB
Committed_AS:   76638480 kB
VmallocTotal:   263061440 kB
VmallocUsed:      105648 kB
VmallocChunk:          0 kB
Percpu:             7648 kB
CmaTotal:         294912 kB
CmaFree:               0 kB
MemTotal:       12113136 kB
MemFree:          422852 kB
MemAvailable:    7846120 kB
Buffers:            4892 kB
Cached:          7789180 kB
SwapCached:            0 kB
Active:          2126648 kB
Inactive:        7010088 kB
Active(anon):    1260300 kB
Inactive(anon):   116748 kB
Active(file):     866348 kB
Inactive(file):  6893340 kB
Unevictable:        5716 kB
Mlocked:            5716 kB
SwapTotal:       3145724 kB
SwapFree:        3145724 kB
Dirty:               392 kB
Writeback:             0 kB
AnonPages:       1348196 kB
Mapped:           788068 kB
Shmem:             29716 kB
KReclaimable:     532284 kB
Slab:             225936 kB
SReclaimable:      76852 kB
SUnreclaim:       149084 kB
KernelStack:       48628 kB
PageTables:        67880 kB
NFS_Unstable:          0 kB
Bounce:                0 kB
WritebackTmp:          0 kB
CommitLimit:     9202292 kB
Committed_AS:   76638264 kB
VmallocTotal:   263061440 kB
VmallocUsed:      105648 kB
VmallocChunk:          0 kB
Percpu:             7648 kB
CmaTotal:         294912 kB
CmaFree:               0 kB
MemTotal:       12113136 kB
MemFree:          423664 kB
MemAvailable:    7846948 kB
Buffers:            4892 kB
Cached:          7789196 kB
SwapCached:            0 kB
Active:          2125676 kB
Inactive:        7010104 kB
Active(anon):    1259328 kB
Inactive(anon):   116748 kB
Active(file):     866348 kB
Inactive(file):  6893356 kB
Unevictable:        5716 kB
Mlocked:            5716 kB
SwapTotal:       3145724 kB
SwapFree:        3145724 kB
Dirty:               428 kB
Writeback:             0 kB
AnonPages:       1347648 kB
Mapped:           788140 kB
Shmem:             29716 kB
KReclaimable:     532284 kB
Slab:             225984 kB
SReclaimable:      76852 kB
SUnreclaim:       149132 kB
KernelStack:       48592 kB
PageTables:        67952 kB
NFS_Unstable:          0 kB
Bounce:                0 kB
WritebackTmp:          0 kB
CommitLimit:     9202292 kB
Committed_AS:   76637860 kB
VmallocTotal:   263061440 kB
VmallocUsed:      105664 kB
VmallocChunk:          0 kB
Percpu:             7648 kB
CmaTotal:         294912 kB
CmaFree:               0 kB
MemTotal:       12113136 kB
MemFree:          423872 kB
MemAvailable:    7847160 kB
Buffers:            4892 kB
Cached:          7789140 kB
SwapCached:            0 kB
Active:          2125916 kB
Inactive:        7010048 kB
Active(anon):    1259568 kB
Inactive(anon):   116688 kB
Active(file):     866348 kB
Inactive(file):  6893360 kB
Unevictable:        5716 kB
Mlocked:            5716 kB
SwapTotal:       3145724 kB
SwapFree:        3145724 kB
Dirty:               492 kB
Writeback:             0 kB
AnonPages:       1347916 kB
Mapped:           788064 kB
Shmem:             29656 kB
KReclaimable:     532284 kB
Slab:             226008 kB
SReclaimable:      76852 kB
SUnreclaim:       149156 kB
KernelStack:       48624 kB
PageTables:        67960 kB
NFS_Unstable:          0 kB
Bounce:                0 kB
WritebackTmp:          0 kB
CommitLimit:     9202292 kB
Committed_AS:   76637712 kB
VmallocTotal:   263061440 kB
VmallocUsed:      105664 kB
VmallocChunk:          0 kB
Percpu:             7648 kB
CmaTotal:         294912 kB
CmaFree:               8 kB
MemTotal:       12113136 kB
MemFree:          423508 kB
MemAvailable:    7846836 kB
Buffers:            4892 kB
Cached:          7789184 kB
SwapCached:            0 kB
Active:          2126656 kB
Inactive:        7010088 kB
Active(anon):    1260304 kB
Inactive(anon):   116692 kB
Active(file):     866352 kB
Inactive(file):  6893396 kB
Unevictable:        5716 kB
Mlocked:            5716 kB
SwapTotal:       3145724 kB
SwapFree:        3145724 kB
Dirty:               528 kB
Writeback:             0 kB
AnonPages:       1348644 kB
Mapped:           788044 kB
Shmem:             29660 kB
KReclaimable:     532284 kB
Slab:             225992 kB
SReclaimable:      76852 kB
SUnreclaim:       149140 kB
KernelStack:       48592 kB
PageTables:        68016 kB
NFS_Unstable:          0 kB
Bounce:                0 kB
WritebackTmp:          0 kB
CommitLimit:     9202292 kB
Committed_AS:   76633784 kB
VmallocTotal:   263061440 kB
VmallocUsed:      105648 kB
VmallocChunk:          0 kB
Percpu:             7648 kB
CmaTotal:         294912 kB
CmaFree:              28 kB
MemTotal:       12113136 kB
MemFree:          421852 kB
MemAvailable:    7845168 kB
Buffers:            4892 kB
Cached:          7789172 kB
SwapCached:            0 kB
Active:          2127508 kB
Inactive:        7010080 kB
Active(anon):    1261160 kB
Inactive(anon):   116692 kB
Active(file):     866348 kB
Inactive(file):  6893388 kB
Unevictable:        5716 kB
Mlocked:            5716 kB
SwapTotal:       3145724 kB
SwapFree:        3145724 kB
Dirty:               536 kB
Writeback:             0 kB
AnonPages:       1348932 kB
Mapped:           787984 kB
Shmem:             29660 kB
KReclaimable:     532284 kB
Slab:             225984 kB
SReclaimable:      76852 kB
SUnreclaim:       149132 kB
KernelStack:       48608 kB
PageTables:        67868 kB
NFS_Unstable:          0 kB
Bounce:                0 kB
WritebackTmp:          0 kB
CommitLimit:     9202292 kB
Committed_AS:   76638916 kB
VmallocTotal:   263061440 kB
VmallocUsed:      105696 kB
VmallocChunk:          0 kB
Percpu:             7648 kB
CmaTotal:         294912 kB
CmaFree:               4 kB
MemTotal:       12113136 kB
MemFree:          420636 kB
MemAvailable:    7843968 kB
Buffers:            4892 kB
Cached:          7789188 kB
SwapCached:            0 kB
Active:          2127980 kB
Inactive:        7010096 kB
Active(anon):    1261632 kB
Inactive(anon):   116692 kB
Active(file):     866348 kB
Inactive(file):  6893404 kB
Unevictable:        5716 kB
Mlocked:            5716 kB
SwapTotal:       3145724 kB
SwapFree:        3145724 kB
Dirty:               396 kB
Writeback:             0 kB
AnonPages:       1349544 kB
Mapped:           788116 kB
Shmem:             29660 kB
KReclaimable:     532284 kB
Slab:             226008 kB
SReclaimable:      76852 kB
SUnreclaim:       149156 kB
KernelStack:       48612 kB
PageTables:        67940 kB
NFS_Unstable:          0 kB
Bounce:                0 kB
WritebackTmp:          0 kB
CommitLimit:     9202292 kB
Committed_AS:   76638756 kB
VmallocTotal:   263061440 kB
VmallocUsed:      105664 kB
VmallocChunk:          0 kB
Percpu:             7648 kB
CmaTotal:         294912 kB
CmaFree:               0 kB
MemTotal:       12113136 kB
MemFree:          421076 kB
MemAvailable:    7844416 kB
Buffers:            4892 kB
Cached:          7789208 kB
SwapCached:            0 kB
Active:          2128692 kB
Inactive:        7010116 kB
Active(anon):    1262344 kB
Inactive(anon):   116704 kB
Active(file):     866348 kB
Inactive(file):  6893412 kB
Unevictable:        5716 kB
Mlocked:            5716 kB
SwapTotal:       3145724 kB
SwapFree:        3145724 kB
Dirty:               408 kB
Writeback:             0 kB
AnonPages:       1350180 kB
Mapped:           788056 kB
Shmem:             29672 kB
KReclaimable:     532284 kB
Slab:             225984 kB
SReclaimable:      76852 kB
SUnreclaim:       149132 kB
KernelStack:       48544 kB
PageTables:        67864 kB
NFS_Unstable:          0 kB
Bounce:                0 kB
WritebackTmp:          0 kB
CommitLimit:     9202292 kB
Committed_AS:   76638756 kB
VmallocTotal:   263061440 kB
VmallocUsed:      105664 kB
VmallocChunk:          0 kB
Percpu:             7648 kB
CmaTotal:         294912 kB
CmaFree:               0 kB
MemTotal:       12113136 kB
MemFree:          420364 kB
MemAvailable:    7843448 kB
Buffers:            4892 kB
Cached:          7789216 kB
SwapCached:            0 kB
Active:          2129416 kB
Inactive:        7010128 kB
Active(anon):    1263072 kB
Inactive(anon):   116708 kB
Active(file):     866344 kB
Inactive(file):  6893420 kB
Unevictable:        5716 kB
Mlocked:            5716 kB
SwapTotal:       3145724 kB
SwapFree:        3145724 kB
Dirty:               468 kB
Writeback:             0 kB
AnonPages:       1350948 kB
Mapped:           788060 kB
Shmem:             29676 kB
KReclaimable:     532284 kB
Slab:             226000 kB
SReclaimable:      76852 kB
SUnreclaim:       149148 kB
KernelStack:       48628 kB
PageTables:        67932 kB
NFS_Unstable:          0 kB
Bounce:                0 kB
WritebackTmp:          0 kB
CommitLimit:     9202292 kB
Committed_AS:   76638808 kB
VmallocTotal:   263061440 kB
VmallocUsed:      105664 kB
VmallocChunk:          0 kB
Percpu:             7648 kB
CmaTotal:         294912 kB
CmaFree:               0 kB
MemTotal:       12113136 kB
MemFree:          420264 kB
MemAvailable:    7843640 kB
Buffers:            4892 kB
Cached:          7789440 kB
SwapCached:            0 kB
Active:          2131112 kB
Inactive:        7010348 kB
Active(anon):    1264764 kB
Inactive(anon):   116900 kB
Active(file):     866348 kB
Inactive(file):  6893448 kB
Unevictable:        5716 kB
Mlocked:            5716 kB
SwapTotal:       3145724 kB
SwapFree:        3145724 kB
Dirty:               540 kB
Writeback:             0 kB
AnonPages:       1352952 kB
Mapped:           788108 kB
Shmem:             29868 kB
KReclaimable:     532284 kB
Slab:             225976 kB
SReclaimable:      76852 kB
SUnreclaim:       149124 kB
KernelStack:       48624 kB
PageTables:        68072 kB
NFS_Unstable:          0 kB
Bounce:                0 kB
WritebackTmp:          0 kB
CommitLimit:     9202292 kB
Committed_AS:   76632076 kB
VmallocTotal:   263061440 kB
VmallocUsed:      105664 kB
VmallocChunk:          0 kB
Percpu:             7648 kB
CmaTotal:         294912 kB
CmaFree:               0 kB
MemTotal:       12113136 kB
MemFree:          418832 kB
MemAvailable:    7842220 kB
Buffers:            4892 kB
Cached:          7789456 kB
SwapCached:            0 kB
Active:          2131588 kB
Inactive:        7010368 kB
Active(anon):    1265244 kB
Inactive(anon):   116904 kB
Active(file):     866344 kB
Inactive(file):  6893464 kB
Unevictable:        5716 kB
Mlocked:            5716 kB
SwapTotal:       3145724 kB
SwapFree:        3145724 kB
Dirty:               564 kB
Writeback:             0 kB
AnonPages:       1353148 kB
Mapped:           788128 kB
Shmem:             29872 kB
KReclaimable:     532284 kB
Slab:             226000 kB
SReclaimable:      76852 kB
SUnreclaim:       149148 kB
KernelStack:       48592 kB
PageTables:        67928 kB
NFS_Unstable:          0 kB
Bounce:                0 kB
WritebackTmp:          0 kB
CommitLimit:     9202292 kB
Committed_AS:   76632028 kB
VmallocTotal:   263061440 kB
VmallocUsed:      105664 kB
VmallocChunk:          0 kB
Percpu:             7648 kB
CmaTotal:         294912 kB
CmaFree:               0 kB
MemTotal:       12113136 kB
MemFree:          418516 kB
MemAvailable:    7841900 kB
Buffers:            4892 kB
Cached:          7789456 kB
SwapCached:            0 kB
Active:          2132224 kB
Inactive:        7010264 kB
Active(anon):    1265776 kB
Inactive(anon):   116908 kB
Active(file):     866448 kB
Inactive(file):  6893356 kB
Unevictable:        5716 kB
Mlocked:            5716 kB
SwapTotal:       3145724 kB
SwapFree:        3145724 kB
Dirty:               592 kB
Writeback:             0 kB
AnonPages:       1353720 kB
Mapped:           788064 kB
Shmem:             29876 kB
KReclaimable:     532284 kB
Slab:             225984 kB
SReclaimable:      76852 kB
SUnreclaim:       149132 kB
KernelStack:       48544 kB
PageTables:        67856 kB
NFS_Unstable:          0 kB
Bounce:                0 kB
WritebackTmp:          0 kB
CommitLimit:     9202292 kB
Committed_AS:   76634668 kB
VmallocTotal:   263061440 kB
VmallocUsed:      105648 kB
VmallocChunk:          0 kB
Percpu:             7648 kB
CmaTotal:         294912 kB
CmaFree:               0 kB
MemTotal:       12113136 kB
MemFree:          417772 kB
MemAvailable:    7841188 kB
Buffers:            4892 kB
Cached:          7789488 kB
SwapCached:            0 kB
Active:          2132416 kB
Inactive:        7010296 kB
Active(anon):    1265968 kB
Inactive(anon):   116908 kB
Active(file):     866448 kB
Inactive(file):  6893388 kB
Unevictable:        5716 kB
Mlocked:            5716 kB
SwapTotal:       3145724 kB
SwapFree:        3145724 kB
Dirty:               644 kB
Writeback:             0 kB
AnonPages:       1354128 kB
Mapped:           788132 kB
Shmem:             29876 kB
KReclaimable:     532284 kB
Slab:             226000 kB
SReclaimable:      76852 kB
SUnreclaim:       149148 kB
KernelStack:       48596 kB
PageTables:        67880 kB
NFS_Unstable:          0 kB
Bounce:                0 kB
WritebackTmp:          0 kB
CommitLimit:     9202292 kB
Committed_AS:   76634564 kB
VmallocTotal:   263061440 kB
VmallocUsed:      105632 kB
VmallocChunk:          0 kB
Percpu:             7648 kB
CmaTotal:         294912 kB
CmaFree:               0 kB
MemTotal:       12113136 kB
MemFree:          417144 kB
MemAvailable:    7840572 kB
Buffers:            4896 kB
Cached:          7789496 kB
SwapCached:            0 kB
Active:          2133336 kB
Inactive:        7010308 kB
Active(anon):    1266888 kB
Inactive(anon):   116908 kB
Active(file):     866448 kB
Inactive(file):  6893400 kB
Unevictable:        5716 kB
Mlocked:            5716 kB
SwapTotal:       3145724 kB
SwapFree:        3145724 kB
Dirty:               652 kB
Writeback:             0 kB
AnonPages:       1354824 kB
Mapped:           788156 kB
Shmem:             29876 kB
KReclaimable:     532284 kB
Slab:             226000 kB
SReclaimable:      76852 kB
SUnreclaim:       149148 kB
KernelStack:       48612 kB
PageTables:        68340 kB
NFS_Unstable:          0 kB
Bounce:                0 kB
WritebackTmp:          0 kB
CommitLimit:     9202292 kB
Committed_AS:   76635296 kB
VmallocTotal:   263061440 kB
VmallocUsed:      105616 kB
VmallocChunk:          0 kB
Percpu:             7648 kB
CmaTotal:         294912 kB
CmaFree:               0 kB
MemTotal:       12113136 kB
MemFree:          414404 kB
MemAvailable:    7837868 kB
Buffers:            4896 kB
Cached:          7789536 kB
SwapCached:            0 kB
Active:          2134356 kB
Inactive:        7010344 kB
Active(anon):    1267904 kB
Inactive(anon):   116916 kB
Active(file):     866452 kB
Inactive(file):  6893428 kB
Unevictable:        5716 kB
Mlocked:            5716 kB
SwapTotal:       3145724 kB
SwapFree:        3145724 kB
Dirty:               640 kB
Writeback:             0 kB
AnonPages:       1356136 kB
Mapped:           788140 kB
Shmem:             29884 kB
KReclaimable:     532288 kB
Slab:             225996 kB
SReclaimable:      76856 kB
SUnreclaim:       149140 kB
KernelStack:       48612 kB
PageTables:        67948 kB
NFS_Unstable:          0 kB
Bounce:                0 kB
WritebackTmp:          0 kB
CommitLimit:     9202292 kB
Committed_AS:   76634756 kB
VmallocTotal:   263061440 kB
VmallocUsed:      105616 kB
VmallocChunk:          0 kB
Percpu:             7648 kB
CmaTotal:         294912 kB
CmaFree:               0 kB
MemTotal:       12113136 kB
MemFree:          413356 kB
MemAvailable:    7836836 kB
Buffers:            4896 kB
Cached:          7789552 kB
SwapCached:            0 kB
Active:          2135340 kB
Inactive:        7010360 kB
Active(anon):    1268888 kB
Inactive(anon):   116916 kB
Active(file):     866452 kB
Inactive(file):  6893444 kB
Unevictable:        5716 kB
Mlocked:            5716 kB
SwapTotal:       3145724 kB
SwapFree:        3145724 kB
Dirty:               408 kB
Writeback:             0 kB
AnonPages:       1357164 kB
Mapped:           788068 kB
Shmem:             29884 kB
KReclaimable:     532288 kB
Slab:             225988 kB
SReclaimable:      76856 kB
SUnreclaim:       149132 kB
KernelStack:       48576 kB
PageTables:        67976 kB
NFS_Unstable:          0 kB
Bounce:                0 kB
WritebackTmp:          0 kB
CommitLimit:     9202292 kB
Committed_AS:   76634656 kB
VmallocTotal:   263061440 kB
VmallocUsed:      105648 kB
VmallocChunk:          0 kB
Percpu:             7648 kB
CmaTotal:         294912 kB
CmaFree:               0 kB
MemTotal:       12113136 kB
MemFree:          414720 kB
MemAvailable:    7838224 kB
Buffers:            4896 kB
Cached:          7789576 kB
SwapCached:            0 kB
Active:          2134032 kB
Inactive:        7010380 kB
Active(anon):    1267576 kB
Inactive(anon):   116916 kB
Active(file):     866456 kB
Inactive(file):  6893464 kB
Unevictable:        5716 kB
Mlocked:            5716 kB
SwapTotal:       3145724 kB
SwapFree:        3145724 kB
Dirty:               404 kB
Writeback:             0 kB
AnonPages:       1355940 kB
Mapped:           788212 kB
Shmem:             29884 kB
KReclaimable:     532288 kB
Slab:             226008 kB
SReclaimable:      76856 kB
SUnreclaim:       149152 kB
KernelStack:       48560 kB
PageTables:        67932 kB
NFS_Unstable:          0 kB
Bounce:                0 kB
WritebackTmp:          0 kB
CommitLimit:     9202292 kB
Committed_AS:   76637352 kB
VmallocTotal:   263061440 kB
VmallocUsed:      105632 kB
VmallocChunk:          0 kB
Percpu:             7648 kB
CmaTotal:         294912 kB
CmaFree:               0 kB
MemTotal:       12113136 kB
MemFree:          413820 kB
MemAvailable:    7837328 kB
Buffers:            4896 kB
Cached:          7789580 kB
SwapCached:            0 kB
Active:          2134932 kB
Inactive:        7010388 kB
Active(anon):    1268480 kB
Inactive(anon):   116920 kB
Active(file):     866452 kB
Inactive(file):  6893468 kB
Unevictable:        5716 kB
Mlocked:            5716 kB
SwapTotal:       3145724 kB
SwapFree:        3145724 kB
Dirty:               440 kB
Writeback:             0 kB
AnonPages:       1356776 kB
Mapped:           788092 kB
Shmem:             29888 kB
KReclaimable:     532292 kB
Slab:             225988 kB
SReclaimable:      76860 kB
SUnreclaim:       149128 kB
KernelStack:       48544 kB
PageTables:        68060 kB
NFS_Unstable:          0 kB
Bounce:                0 kB
WritebackTmp:          0 kB
CommitLimit:     9202292 kB
Committed_AS:   76632840 kB
VmallocTotal:   263061440 kB
VmallocUsed:      105616 kB
VmallocChunk:          0 kB
Percpu:             7648 kB
CmaTotal:         294912 kB
CmaFree:               0 kB
MemTotal:       12113136 kB
MemFree:          413900 kB
MemAvailable:    7837432 kB
Buffers:            4896 kB
Cached:          7789604 kB
SwapCached:            0 kB
Active:          2135436 kB
Inactive:        7010408 kB
Active(anon):    1268980 kB
Inactive(anon):   116920 kB
Active(file):     866456 kB
Inactive(file):  6893488 kB
Unevictable:        5716 kB
Mlocked:            5716 kB
SwapTotal:       3145724 kB
SwapFree:        3145724 kB
Dirty:               472 kB
Writeback:             0 kB
AnonPages:       1356908 kB
Mapped:           788144 kB
Shmem:             29888 kB
KReclaimable:     532292 kB
Slab:             226004 kB
SReclaimable:      76860 kB
SUnreclaim:       149144 kB
KernelStack:       48548 kB
PageTables:        67880 kB
NFS_Unstable:          0 kB
Bounce:                0 kB
WritebackTmp:          0 kB
CommitLimit:     9202292 kB
Committed_AS:   76637372 kB
VmallocTotal:   263061440 kB
VmallocUsed:      105616 kB
VmallocChunk:          0 kB
Percpu:             7648 kB
CmaTotal:         294912 kB
CmaFree:              16 kB
MemTotal:       12113136 kB
MemFree:          413344 kB
MemAvailable:    7836876 kB
Buffers:            4896 kB
Cached:          7789604 kB
SwapCached:            0 kB
Active:          2136168 kB
Inactive:        7010412 kB
Active(anon):    1269716 kB
Inactive(anon):   116920 kB
Active(file):     866452 kB
Inactive(file):  6893492 kB
Unevictable:        5716 kB
Mlocked:            5716 kB
SwapTotal:       3145724 kB
SwapFree:        3145724 kB
Dirty:               468 kB
Writeback:             0 kB
AnonPages:       1357864 kB
Mapped:           788144 kB
Shmem:             29888 kB
KReclaimable:     532292 kB
Slab:             225988 kB
SReclaimable:      76860 kB
SUnreclaim:       149128 kB
KernelStack:       48564 kB
PageTables:        67948 kB
NFS_Unstable:          0 kB
Bounce:                0 kB
WritebackTmp:          0 kB
CommitLimit:     9202292 kB
Committed_AS:   76637152 kB
VmallocTotal:   263061440 kB
VmallocUsed:      105632 kB
VmallocChunk:          0 kB
Percpu:             7648 kB
CmaTotal:         294912 kB
CmaFree:               0 kB
MemTotal:       12113136 kB
MemFree:          412396 kB
MemAvailable:    7835940 kB
Buffers:            4896 kB
Cached:          7789616 kB
SwapCached:            0 kB
Active:          2137152 kB
Inactive:        7010424 kB
Active(anon):    1270700 kB
Inactive(anon):   116920 kB
Active(file):     866452 kB
Inactive(file):  6893504 kB
Unevictable:        5716 kB
Mlocked:            5716 kB
SwapTotal:       3145724 kB
SwapFree:        3145724 kB
Dirty:               568 kB
Writeback:             0 kB
AnonPages:       1358364 kB
Mapped:           788288 kB
Shmem:             29888 kB
KReclaimable:     532292 kB
Slab:             226012 kB
SReclaimable:      76860 kB
SUnreclaim:       149152 kB
KernelStack:       48560 kB
PageTables:        67992 kB
NFS_Unstable:          0 kB
Bounce:                0 kB
WritebackTmp:          0 kB
CommitLimit:     9202292 kB
Committed_AS:   76632916 kB
VmallocTotal:   263061440 kB
VmallocUsed:      105568 kB
VmallocChunk:          0 kB
Percpu:             7648 kB
CmaTotal:         294912 kB
CmaFree:               0 kB
MemTotal:       12113136 kB
MemFree:          412832 kB
MemAvailable:    7836384 kB
Buffers:            4896 kB
Cached:          7789756 kB
SwapCached:            0 kB
Active:          2137640 kB
Inactive:        7010564 kB
Active(anon):    1271188 kB
Inactive(anon):   117052 kB
Active(file):     866452 kB
Inactive(file):  6893512 kB
Unevictable:        5716 kB
Mlocked:            5716 kB
SwapTotal:       3145724 kB
SwapFree:        3145724 kB
Dirty:               584 kB
Writeback:             0 kB
AnonPages:       1359332 kB
Mapped:           788280 kB
Shmem:             30020 kB
KReclaimable:     532292 kB
Slab:             225980 kB
SReclaimable:      76860 kB
SUnreclaim:       149120 kB
KernelStack:       48560 kB
PageTables:        67948 kB
NFS_Unstable:          0 kB
Bounce:                0 kB
WritebackTmp:          0 kB
CommitLimit:     9202292 kB
Committed_AS:   76637492 kB
VmallocTotal:   263061440 kB
VmallocUsed:      105552 kB
