MemTotal:       12113140 kB
MemFree:         2686876 kB
MemAvailable:    8243240 kB
Buffers:            2672 kB
Cached:          6135204 kB
SwapCached:            0 kB
Active:          5931316 kB
Inactive:        1663572 kB
Active(anon):    1177452 kB
Inactive(anon):   319412 kB
Active(file):    4753864 kB
Inactive(file):  1344160 kB
Unevictable:        5576 kB
Mlocked:            5576 kB
SwapTotal:       3145724 kB
SwapFree:        3141648 kB
Dirty:             13324 kB
Writeback:             0 kB
AnonPages:       1462904 kB
Mapped:           514520 kB
Shmem:             35260 kB
KReclaimable:     368460 kB
Slab:             237436 kB
SReclaimable:      92632 kB
SUnreclaim:       144804 kB
KernelStack:       52432 kB
PageTables:        64572 kB
NFS_Unstable:          0 kB
Bounce:                0 kB
WritebackTmp:          0 kB
CommitLimit:     9202292 kB
Committed_AS:   70099964 kB
VmallocTotal:   263061440 kB
VmallocUsed:      109452 kB
VmallocChunk:          0 kB
Percpu:             7616 kB
CmaTotal:         294912 kB
CmaFree:              52 kB
MemTotal:       12113140 kB
MemFree:         2683996 kB
MemAvailable:    8271320 kB
Buffers:            2676 kB
Cached:          6164728 kB
SwapCached:            0 kB
Active:          5904168 kB
Inactive:        1691544 kB
Active(anon):    1149192 kB
Inactive(anon):   318380 kB
Active(file):    4754976 kB
Inactive(file):  1373164 kB
Unevictable:        5576 kB
Mlocked:            5576 kB
SwapTotal:       3145724 kB
SwapFree:        3141648 kB
Dirty:             13404 kB
Writeback:             0 kB
AnonPages:       1434572 kB
Mapped:           534392 kB
Shmem:             34236 kB
KReclaimable:     370148 kB
Slab:             238140 kB
SReclaimable:      92832 kB
SUnreclaim:       145308 kB
KernelStack:       52784 kB
PageTables:        65100 kB
NFS_Unstable:          0 kB
Bounce:                0 kB
WritebackTmp:          0 kB
CommitLimit:     9202292 kB
Committed_AS:   70175984 kB
VmallocTotal:   263061440 kB
VmallocUsed:      109804 kB
VmallocChunk:          0 kB
Percpu:             7616 kB
CmaTotal:         294912 kB
CmaFree:             252 kB
MemTotal:       12113140 kB
MemFree:         2346064 kB
MemAvailable:    8013124 kB
Buffers:            2676 kB
Cached:          6249668 kB
SwapCached:            0 kB
Active:          6166376 kB
Inactive:        1765604 kB
Active(anon):    1400016 kB
Inactive(anon):   321392 kB
Active(file):    4766360 kB
Inactive(file):  1444212 kB
Unevictable:        5576 kB
Mlocked:            5576 kB
SwapTotal:       3145724 kB
SwapFree:        3141648 kB
Dirty:             13728 kB
Writeback:             4 kB
AnonPages:       1685744 kB
Mapped:           541772 kB
Shmem:             37084 kB
KReclaimable:     364756 kB
Slab:             238460 kB
SReclaimable:      92912 kB
SUnreclaim:       145548 kB
KernelStack:       53024 kB
PageTables:        65812 kB
NFS_Unstable:          0 kB
Bounce:                0 kB
WritebackTmp:          0 kB
CommitLimit:     9202292 kB
Committed_AS:   70447324 kB
VmallocTotal:   263061440 kB
VmallocUsed:      109964 kB
VmallocChunk:          0 kB
Percpu:             7616 kB
CmaTotal:         294912 kB
CmaFree:              32 kB
MemTotal:       12113140 kB
MemFree:         1897676 kB
MemAvailable:    7660444 kB
Buffers:            2676 kB
Cached:          6342440 kB
SwapCached:            0 kB
Active:          6531080 kB
Inactive:        1847372 kB
Active(anon):    1753720 kB
Inactive(anon):   318460 kB
Active(file):    4777360 kB
Inactive(file):  1528912 kB
Unevictable:        5576 kB
Mlocked:            5576 kB
SwapTotal:       3145724 kB
SwapFree:        3141648 kB
Dirty:             13732 kB
Writeback:             4 kB
AnonPages:       2039064 kB
Mapped:           554800 kB
Shmem:             34152 kB
KReclaimable:     364776 kB
Slab:             238524 kB
SReclaimable:      92932 kB
SUnreclaim:       145592 kB
KernelStack:       53136 kB
PageTables:        66500 kB
NFS_Unstable:          0 kB
Bounce:                0 kB
WritebackTmp:          0 kB
CommitLimit:     9202292 kB
Committed_AS:   70779060 kB
VmallocTotal:   263061440 kB
VmallocUsed:      110204 kB
VmallocChunk:          0 kB
Percpu:             7616 kB
CmaTotal:         294912 kB
CmaFree:               0 kB
MemTotal:       12113140 kB
MemFree:         1362716 kB
MemAvailable:    7133936 kB
Buffers:            2676 kB
Cached:          6379516 kB
SwapCached:            0 kB
Active:          6471884 kB
Inactive:        1879828 kB
Active(anon):    1689796 kB
Inactive(anon):   318460 kB
Active(file):    4782088 kB
Inactive(file):  1561368 kB
Unevictable:        5576 kB
Mlocked:            5576 kB
SwapTotal:       3145724 kB
SwapFree:        3141648 kB
Dirty:             13884 kB
Writeback:             0 kB
AnonPages:       1975096 kB
Mapped:           706124 kB
Shmem:             34152 kB
KReclaimable:     307308 kB
Slab:             240324 kB
SReclaimable:      92984 kB
SUnreclaim:       147340 kB
KernelStack:       53216 kB
PageTables:        67076 kB
NFS_Unstable:          0 kB
Bounce:                0 kB
WritebackTmp:          0 kB
CommitLimit:     9202292 kB
Committed_AS:   70885716 kB
VmallocTotal:   263061440 kB
VmallocUsed:      110204 kB
VmallocChunk:          0 kB
Percpu:             7616 kB
CmaTotal:         294912 kB
CmaFree:               0 kB
MemTotal:       12113140 kB
MemFree:         1149600 kB
MemAvailable:    6922492 kB
Buffers:            2676 kB
Cached:          6381188 kB
SwapCached:            0 kB
Active:          6659772 kB
Inactive:        1881300 kB
Active(anon):    1877484 kB
Inactive(anon):   318468 kB
Active(file):    4782288 kB
Inactive(file):  1562832 kB
Unevictable:        5576 kB
Mlocked:            5576 kB
SwapTotal:       3145724 kB
SwapFree:        3141648 kB
Dirty:             14044 kB
Writeback:             0 kB
AnonPages:       2162900 kB
Mapped:           727988 kB
Shmem:             34160 kB
KReclaimable:     307324 kB
Slab:             240564 kB
SReclaimable:      93032 kB
SUnreclaim:       147532 kB
KernelStack:       53232 kB
PageTables:        67784 kB
NFS_Unstable:          0 kB
Bounce:                0 kB
WritebackTmp:          0 kB
CommitLimit:     9202292 kB
Committed_AS:   71095488 kB
VmallocTotal:   263061440 kB
VmallocUsed:      110268 kB
VmallocChunk:          0 kB
Percpu:             7616 kB
CmaTotal:         294912 kB
CmaFree:               0 kB
MemTotal:       12113140 kB
MemFree:         1131264 kB
MemAvailable:    6905900 kB
Buffers:            2676 kB
Cached:          6382884 kB
SwapCached:            0 kB
Active:          6678920 kB
Inactive:        1883024 kB
Active(anon):    1896612 kB
Inactive(anon):   318468 kB
Active(file):    4782308 kB
Inactive(file):  1564556 kB
Unevictable:        5576 kB
Mlocked:            5576 kB
SwapTotal:       3145724 kB
SwapFree:        3141648 kB
Dirty:             14112 kB
Writeback:             0 kB
AnonPages:       2181856 kB
Mapped:           741968 kB
Shmem:             34160 kB
KReclaimable:     307324 kB
Slab:             240352 kB
SReclaimable:      93032 kB
SUnreclaim:       147320 kB
KernelStack:       53200 kB
PageTables:        67864 kB
NFS_Unstable:          0 kB
Bounce:                0 kB
WritebackTmp:          0 kB
CommitLimit:     9202292 kB
Committed_AS:   71309324 kB
VmallocTotal:   263061440 kB
VmallocUsed:      110252 kB
VmallocChunk:          0 kB
Percpu:             7616 kB
CmaTotal:         294912 kB
CmaFree:               0 kB
MemTotal:       12113140 kB
MemFree:         1009396 kB
MemAvailable:    6811264 kB
Buffers:            2684 kB
Cached:          6421296 kB
SwapCached:            0 kB
Active:          6763268 kB
Inactive:        1915576 kB
Active(anon):    1975448 kB
Inactive(anon):   318628 kB
Active(file):    4787820 kB
Inactive(file):  1596948 kB
Unevictable:        5576 kB
Mlocked:            5576 kB
SwapTotal:       3145724 kB
SwapFree:        3141648 kB
Dirty:             14120 kB
Writeback:             8 kB
AnonPages:       2261092 kB
Mapped:           771316 kB
Shmem:             34376 kB
KReclaimable:     285980 kB
Slab:             241284 kB
SReclaimable:      93124 kB
SUnreclaim:       148160 kB
KernelStack:       53904 kB
PageTables:        68896 kB
NFS_Unstable:          0 kB
Bounce:                0 kB
WritebackTmp:          0 kB
CommitLimit:     9202292 kB
Committed_AS:   72669756 kB
VmallocTotal:   263061440 kB
VmallocUsed:      110916 kB
VmallocChunk:          0 kB
Percpu:             7616 kB
CmaTotal:         294912 kB
CmaFree:              48 kB
MemTotal:       12113140 kB
MemFree:          797812 kB
MemAvailable:    6603140 kB
Buffers:            2700 kB
Cached:          6432192 kB
SwapCached:            0 kB
Active:          6888944 kB
Inactive:        1925720 kB
Active(anon):    2100232 kB
Inactive(anon):   318672 kB
Active(file):    4788712 kB
Inactive(file):  1607048 kB
Unevictable:        5576 kB
Mlocked:            5576 kB
SwapTotal:       3145724 kB
SwapFree:        3141648 kB
Dirty:             14376 kB
Writeback:             0 kB
AnonPages:       2385276 kB
Mapped:           772724 kB
Shmem:             34456 kB
KReclaimable:     270916 kB
Slab:             242492 kB
SReclaimable:      93164 kB
SUnreclaim:       149328 kB
KernelStack:       54560 kB
PageTables:        69536 kB
NFS_Unstable:          0 kB
Bounce:                0 kB
WritebackTmp:          0 kB
CommitLimit:     9202292 kB
Committed_AS:   74569628 kB
VmallocTotal:   263061440 kB
VmallocUsed:      111756 kB
VmallocChunk:          0 kB
Percpu:             7616 kB
CmaTotal:         294912 kB
CmaFree:               0 kB
MemTotal:       12113140 kB
MemFree:          739872 kB
MemAvailable:    6595952 kB
Buffers:            2796 kB
Cached:          6481004 kB
SwapCached:            0 kB
Active:          6904984 kB
Inactive:        1967344 kB
Active(anon):    2115944 kB
Inactive(anon):   312196 kB
Active(file):    4789040 kB
Inactive(file):  1655148 kB
Unevictable:        5576 kB
Mlocked:            5576 kB
SwapTotal:       3145724 kB
SwapFree:        3141648 kB
Dirty:             16244 kB
Writeback:             0 kB
AnonPages:       2394448 kB
Mapped:           761896 kB
Shmem:             34940 kB
KReclaimable:     275568 kB
Slab:             243932 kB
SReclaimable:      93696 kB
SUnreclaim:       150236 kB
KernelStack:       54992 kB
PageTables:        70112 kB
NFS_Unstable:          0 kB
Bounce:                0 kB
WritebackTmp:          0 kB
CommitLimit:     9202292 kB
Committed_AS:   74100460 kB
VmallocTotal:   263061440 kB
VmallocUsed:      112092 kB
VmallocChunk:          0 kB
Percpu:             7616 kB
CmaTotal:         294912 kB
CmaFree:             272 kB
MemTotal:       12113140 kB
MemFree:          693684 kB
MemAvailable:    6561920 kB
Buffers:            2840 kB
Cached:          6503196 kB
SwapCached:            0 kB
Active:          6902036 kB
Inactive:        1989740 kB
Active(anon):    2112944 kB
Inactive(anon):   312448 kB
Active(file):    4789092 kB
Inactive(file):  1677292 kB
Unevictable:        5576 kB
Mlocked:            5576 kB
SwapTotal:       3145724 kB
SwapFree:        3141648 kB
Dirty:             16256 kB
Writeback:             0 kB
AnonPages:       2391456 kB
Mapped:           782132 kB
Shmem:             35116 kB
KReclaimable:     255488 kB
Slab:             244044 kB
SReclaimable:      93844 kB
SUnreclaim:       150200 kB
KernelStack:       55008 kB
PageTables:        70072 kB
NFS_Unstable:          0 kB
Bounce:                0 kB
WritebackTmp:          0 kB
CommitLimit:     9202292 kB
Committed_AS:   74096832 kB
VmallocTotal:   263061440 kB
VmallocUsed:      112140 kB
VmallocChunk:          0 kB
Percpu:             7616 kB
CmaTotal:         294912 kB
CmaFree:             636 kB
MemTotal:       12113140 kB
MemFree:          710900 kB
MemAvailable:    6582440 kB
Buffers:            2840 kB
Cached:          6506460 kB
SwapCached:            0 kB
Active:          6879928 kB
Inactive:        1992988 kB
Active(anon):    2090820 kB
Inactive(anon):   312456 kB
Active(file):    4789108 kB
Inactive(file):  1680532 kB
Unevictable:        5576 kB
Mlocked:            5576 kB
SwapTotal:       3145724 kB
SwapFree:        3141648 kB
Dirty:             16420 kB
Writeback:             0 kB
AnonPages:       2369264 kB
Mapped:           782156 kB
Shmem:             35124 kB
KReclaimable:     255580 kB
Slab:             243940 kB
SReclaimable:      93860 kB
SUnreclaim:       150080 kB
KernelStack:       55072 kB
PageTables:        70212 kB
NFS_Unstable:          0 kB
Bounce:                0 kB
WritebackTmp:          0 kB
CommitLimit:     9202292 kB
Committed_AS:   74105556 kB
VmallocTotal:   263061440 kB
VmallocUsed:      112188 kB
VmallocChunk:          0 kB
Percpu:             7616 kB
CmaTotal:         294912 kB
CmaFree:               0 kB
MemTotal:       12113140 kB
MemFree:          704952 kB
MemAvailable:    6579356 kB
Buffers:            2844 kB
Cached:          6509708 kB
SwapCached:            0 kB
Active:          6885352 kB
Inactive:        1995740 kB
Active(anon):    2096128 kB
Inactive(anon):   312460 kB
Active(file):    4789224 kB
Inactive(file):  1683280 kB
Unevictable:        5576 kB
Mlocked:            5576 kB
SwapTotal:       3145724 kB
SwapFree:        3141648 kB
Dirty:             16164 kB
Writeback:           256 kB
AnonPages:       2374048 kB
Mapped:           782380 kB
Shmem:             35128 kB
KReclaimable:     255580 kB
Slab:             243932 kB
SReclaimable:      93860 kB
SUnreclaim:       150072 kB
KernelStack:       54956 kB
PageTables:        70352 kB
NFS_Unstable:          0 kB
Bounce:                0 kB
WritebackTmp:          0 kB
CommitLimit:     9202292 kB
Committed_AS:   74138512 kB
VmallocTotal:   263061440 kB
VmallocUsed:      112092 kB
VmallocChunk:          0 kB
Percpu:             7616 kB
CmaTotal:         294912 kB
CmaFree:               0 kB
MemTotal:       12113140 kB
MemFree:          717324 kB
MemAvailable:    6623876 kB
Buffers:            2844 kB
Cached:          6510820 kB
SwapCached:            0 kB
Active:          6872416 kB
Inactive:        1997216 kB
Active(anon):    2083172 kB
Inactive(anon):   312468 kB
Active(file):    4789244 kB
Inactive(file):  1684748 kB
Unevictable:        5576 kB
Mlocked:            5576 kB
SwapTotal:       3145724 kB
SwapFree:        3141648 kB
Dirty:             16040 kB
Writeback:             0 kB
AnonPages:       2361608 kB
Mapped:           782152 kB
Shmem:             35136 kB
KReclaimable:     316900 kB
Slab:             243924 kB
SReclaimable:      93892 kB
SUnreclaim:       150032 kB
KernelStack:       54912 kB
PageTables:        70364 kB
NFS_Unstable:          0 kB
Bounce:                0 kB
WritebackTmp:          0 kB
CommitLimit:     9202292 kB
Committed_AS:   74137904 kB
VmallocTotal:   263061440 kB
VmallocUsed:      111788 kB
VmallocChunk:          0 kB
Percpu:             7616 kB
CmaTotal:         294912 kB
CmaFree:               0 kB
MemTotal:       12113140 kB
MemFree:          715232 kB
MemAvailable:    6624644 kB
Buffers:            2844 kB
Cached:          6511076 kB
SwapCached:            0 kB
Active:          6875536 kB
Inactive:        1997312 kB
Active(anon):    2086256 kB
Inactive(anon):   312312 kB
Active(file):    4789280 kB
Inactive(file):  1685000 kB
Unevictable:        5576 kB
Mlocked:            5576 kB
SwapTotal:       3145724 kB
SwapFree:        3141648 kB
Dirty:             15940 kB
Writeback:             0 kB
AnonPages:       2364776 kB
Mapped:           782536 kB
Shmem:             34976 kB
KReclaimable:     322044 kB
Slab:             244044 kB
SReclaimable:      93920 kB
SUnreclaim:       150124 kB
KernelStack:       54736 kB
PageTables:        70132 kB
NFS_Unstable:          0 kB
Bounce:                0 kB
WritebackTmp:          0 kB
CommitLimit:     9202292 kB
Committed_AS:   74145080 kB
VmallocTotal:   263061440 kB
VmallocUsed:      111724 kB
VmallocChunk:          0 kB
Percpu:             7616 kB
CmaTotal:         294912 kB
CmaFree:               0 kB
MemTotal:       12113140 kB
MemFree:          713548 kB
MemAvailable:    6629420 kB
Buffers:            2844 kB
Cached:          6510944 kB
SwapCached:            0 kB
Active:          6878540 kB
Inactive:        1997212 kB
Active(anon):    2089160 kB
Inactive(anon):   312208 kB
Active(file):    4789380 kB
Inactive(file):  1685004 kB
Unevictable:        5576 kB
Mlocked:            5576 kB
SwapTotal:       3145724 kB
SwapFree:        3141648 kB
Dirty:             15956 kB
Writeback:             4 kB
AnonPages:       2367760 kB
Mapped:           795916 kB
Shmem:             34868 kB
KReclaimable:     334756 kB
Slab:             244000 kB
SReclaimable:      93936 kB
SUnreclaim:       150064 kB
KernelStack:       54704 kB
PageTables:        70084 kB
NFS_Unstable:          0 kB
Bounce:                0 kB
WritebackTmp:          0 kB
CommitLimit:     9202292 kB
Committed_AS:   74144684 kB
VmallocTotal:   263061440 kB
VmallocUsed:      111708 kB
VmallocChunk:          0 kB
Percpu:             7616 kB
CmaTotal:         294912 kB
CmaFree:               0 kB
MemTotal:       12113140 kB
MemFree:          709816 kB
MemAvailable:    6629196 kB
Buffers:            2844 kB
Cached:          6511196 kB
SwapCached:            0 kB
Active:          6881744 kB
Inactive:        1997472 kB
Active(anon):    2092364 kB
Inactive(anon):   312208 kB
Active(file):    4789380 kB
Inactive(file):  1685264 kB
Unevictable:        5576 kB
Mlocked:            5576 kB
SwapTotal:       3145724 kB
SwapFree:        3141648 kB
Dirty:             15952 kB
Writeback:             0 kB
AnonPages:       2370608 kB
Mapped:           796640 kB
Shmem:             34860 kB
KReclaimable:     341252 kB
Slab:             243980 kB
SReclaimable:      93936 kB
SUnreclaim:       150044 kB
KernelStack:       54520 kB
PageTables:        70084 kB
NFS_Unstable:          0 kB
Bounce:                0 kB
WritebackTmp:          0 kB
CommitLimit:     9202292 kB
Committed_AS:   74150944 kB
VmallocTotal:   263061440 kB
VmallocUsed:      111516 kB
VmallocChunk:          0 kB
Percpu:             7616 kB
CmaTotal:         294912 kB
CmaFree:               0 kB
MemTotal:       12113140 kB
MemFree:          685804 kB
MemAvailable:    6621988 kB
Buffers:            2844 kB
Cached:          6511516 kB
SwapCached:            0 kB
Active:          6906836 kB
Inactive:        1997740 kB
Active(anon):    2117448 kB
Inactive(anon):   312228 kB
Active(file):    4789388 kB
Inactive(file):  1685512 kB
Unevictable:        5576 kB
Mlocked:            5576 kB
SwapTotal:       3145724 kB
SwapFree:        3141648 kB
Dirty:             15984 kB
Writeback:             0 kB
AnonPages:       2395616 kB
Mapped:           777908 kB
Shmem:             34880 kB
KReclaimable:     374348 kB
Slab:             243972 kB
SReclaimable:      93936 kB
SUnreclaim:       150036 kB
KernelStack:       54524 kB
PageTables:        70016 kB
NFS_Unstable:          0 kB
Bounce:                0 kB
WritebackTmp:          0 kB
CommitLimit:     9202292 kB
Committed_AS:   74212620 kB
VmallocTotal:   263061440 kB
VmallocUsed:      111452 kB
VmallocChunk:          0 kB
Percpu:             7616 kB
CmaTotal:         294912 kB
CmaFree:               4 kB
MemTotal:       12113140 kB
MemFree:          593656 kB
MemAvailable:    6531452 kB
Buffers:            2844 kB
Cached:          6513048 kB
SwapCached:            0 kB
Active:          6996004 kB
Inactive:        1999316 kB
Active(anon):    2206616 kB
Inactive(anon):   312256 kB
Active(file):    4789388 kB
Inactive(file):  1687060 kB
Unevictable:        5576 kB
Mlocked:            5576 kB
SwapTotal:       3145724 kB
SwapFree:        3141648 kB
Dirty:             15984 kB
Writeback:             0 kB
AnonPages:       2485040 kB
Mapped:           778172 kB
Shmem:             34908 kB
KReclaimable:     374476 kB
Slab:             244228 kB
SReclaimable:      93936 kB
SUnreclaim:       150292 kB
KernelStack:       54532 kB
PageTables:        70304 kB
NFS_Unstable:          0 kB
Bounce:                0 kB
WritebackTmp:          0 kB
CommitLimit:     9202292 kB
Committed_AS:   74290416 kB
VmallocTotal:   263061440 kB
VmallocUsed:      111500 kB
VmallocChunk:          0 kB
Percpu:             7616 kB
CmaTotal:         294912 kB
CmaFree:               0 kB
MemTotal:       12113140 kB
MemFree:          527844 kB
MemAvailable:    6465720 kB
Buffers:            2844 kB
Cached:          6513048 kB
SwapCached:            0 kB
Active:          7062284 kB
Inactive:        1999288 kB
Active(anon):    2272868 kB
Inactive(anon):   312256 kB
Active(file):    4789416 kB
Inactive(file):  1687032 kB
Unevictable:        5576 kB
Mlocked:            5576 kB
SwapTotal:       3145724 kB
SwapFree:        3141648 kB
Dirty:             15984 kB
Writeback:             0 kB
AnonPages:       2551344 kB
Mapped:           777900 kB
Shmem:             34908 kB
KReclaimable:     374636 kB
Slab:             244360 kB
SReclaimable:      94096 kB
SUnreclaim:       150264 kB
KernelStack:       54524 kB
PageTables:        70388 kB
NFS_Unstable:          0 kB
Bounce:                0 kB
WritebackTmp:          0 kB
CommitLimit:     9202292 kB
Committed_AS:   74340284 kB
VmallocTotal:   263061440 kB
VmallocUsed:      111500 kB
VmallocChunk:          0 kB
Percpu:             7616 kB
CmaTotal:         294912 kB
CmaFree:               0 kB
MemTotal:       12113140 kB
MemFree:          451072 kB
MemAvailable:    6388880 kB
Buffers:            2844 kB
Cached:          6513580 kB
SwapCached:            0 kB
Active:          7136620 kB
Inactive:        1999700 kB
Active(anon):    2347084 kB
Inactive(anon):   312256 kB
Active(file):    4789536 kB
Inactive(file):  1687444 kB
Unevictable:        5576 kB
Mlocked:            5576 kB
SwapTotal:       3145724 kB
SwapFree:        3141648 kB
Dirty:             16000 kB
Writeback:             0 kB
AnonPages:       2625880 kB
Mapped:           778008 kB
Shmem:             34908 kB
KReclaimable:     373440 kB
Slab:             244060 kB
SReclaimable:      93952 kB
SUnreclaim:       150108 kB
KernelStack:       54672 kB
PageTables:        70552 kB
NFS_Unstable:          0 kB
Bounce:                0 kB
WritebackTmp:          0 kB
CommitLimit:     9202292 kB
Committed_AS:   74416372 kB
VmallocTotal:   263061440 kB
VmallocUsed:      111548 kB
VmallocChunk:          0 kB
Percpu:             7616 kB
CmaTotal:         294912 kB
CmaFree:               0 kB
MemTotal:       12113140 kB
MemFree:          444928 kB
MemAvailable:    6380004 kB
Buffers:            2844 kB
Cached:          6514376 kB
SwapCached:            0 kB
Active:          7142012 kB
Inactive:        2000412 kB
Active(anon):    2352392 kB
Inactive(anon):   312256 kB
Active(file):    4789620 kB
Inactive(file):  1688156 kB
Unevictable:        5576 kB
Mlocked:            5576 kB
SwapTotal:       3145724 kB
SwapFree:        3141648 kB
Dirty:             16384 kB
Writeback:             0 kB
AnonPages:       2630912 kB
Mapped:           780612 kB
Shmem:             34908 kB
KReclaimable:     366380 kB
Slab:             244224 kB
SReclaimable:      93952 kB
SUnreclaim:       150272 kB
KernelStack:       54544 kB
PageTables:        70744 kB
NFS_Unstable:          0 kB
Bounce:                0 kB
WritebackTmp:          0 kB
CommitLimit:     9202292 kB
Committed_AS:   74420376 kB
VmallocTotal:   263061440 kB
VmallocUsed:      111500 kB
VmallocChunk:          0 kB
Percpu:             7616 kB
CmaTotal:         294912 kB
CmaFree:               0 kB
MemTotal:       12113140 kB
MemFree:          438524 kB
MemAvailable:    6374440 kB
Buffers:            2844 kB
Cached:          6515620 kB
SwapCached:            0 kB
Active:          7148488 kB
Inactive:        2001644 kB
Active(anon):    2358856 kB
Inactive(anon):   312256 kB
Active(file):    4789632 kB
Inactive(file):  1689388 kB
Unevictable:        5576 kB
Mlocked:            5576 kB
SwapTotal:       3145724 kB
SwapFree:        3141648 kB
Dirty:             16748 kB
Writeback:             0 kB
AnonPages:       2637196 kB
Mapped:           784060 kB
Shmem:             34908 kB
KReclaimable:     365576 kB
Slab:             244116 kB
SReclaimable:      93936 kB
SUnreclaim:       150180 kB
KernelStack:       54624 kB
PageTables:        70536 kB
NFS_Unstable:          0 kB
Bounce:                0 kB
WritebackTmp:          0 kB
CommitLimit:     9202292 kB
Committed_AS:   74432392 kB
VmallocTotal:   263061440 kB
VmallocUsed:      111532 kB
VmallocChunk:          0 kB
Percpu:             7616 kB
CmaTotal:         294912 kB
CmaFree:               0 kB
MemTotal:       12113140 kB
MemFree:          437420 kB
MemAvailable:    6373352 kB
Buffers:            2844 kB
Cached:          6515688 kB
SwapCached:            0 kB
Active:          7149272 kB
Inactive:        2001712 kB
Active(anon):    2359640 kB
Inactive(anon):   312264 kB
Active(file):    4789632 kB
Inactive(file):  1689448 kB
Unevictable:        5576 kB
Mlocked:            5576 kB
SwapTotal:       3145724 kB
SwapFree:        3141648 kB
Dirty:             16608 kB
Writeback:             0 kB
AnonPages:       2637912 kB
Mapped:           785000 kB
Shmem:             34916 kB
KReclaimable:     365488 kB
Slab:             244104 kB
SReclaimable:      93936 kB
SUnreclaim:       150168 kB
KernelStack:       54512 kB
PageTables:        70688 kB
NFS_Unstable:          0 kB
Bounce:                0 kB
WritebackTmp:          0 kB
CommitLimit:     9202292 kB
Committed_AS:   74431860 kB
VmallocTotal:   263061440 kB
VmallocUsed:      111500 kB
VmallocChunk:          0 kB
Percpu:             7616 kB
CmaTotal:         294912 kB
CmaFree:               0 kB
MemTotal:       12113140 kB
MemFree:          434280 kB
MemAvailable:    6370208 kB
Buffers:            2844 kB
Cached:          6515824 kB
SwapCached:            0 kB
Active:          7150348 kB
Inactive:        2001720 kB
Active(anon):    2360716 kB
Inactive(anon):   312264 kB
Active(file):    4789632 kB
Inactive(file):  1689456 kB
Unevictable:        5576 kB
Mlocked:            5576 kB
SwapTotal:       3145724 kB
SwapFree:        3141648 kB
Dirty:             16604 kB
Writeback:             0 kB
AnonPages:       2639124 kB
Mapped:           785092 kB
Shmem:             34916 kB
KReclaimable:     365464 kB
Slab:             244104 kB
SReclaimable:      93936 kB
SUnreclaim:       150168 kB
KernelStack:       54496 kB
PageTables:        70484 kB
NFS_Unstable:          0 kB
Bounce:                0 kB
WritebackTmp:          0 kB
CommitLimit:     9202292 kB
Committed_AS:   74433416 kB
VmallocTotal:   263061440 kB
VmallocUsed:      111548 kB
VmallocChunk:          0 kB
Percpu:             7616 kB
CmaTotal:         294912 kB
CmaFree:               0 kB
MemTotal:       12113140 kB
MemFree:          423056 kB
MemAvailable:    6359572 kB
Buffers:            2844 kB
Cached:          6516292 kB
SwapCached:            0 kB
Active:          7161988 kB
Inactive:        2002312 kB
Active(anon):    2372352 kB
Inactive(anon):   312264 kB
Active(file):    4789636 kB
Inactive(file):  1690048 kB
Unevictable:        5576 kB
Mlocked:            5576 kB
SwapTotal:       3145724 kB
SwapFree:        3141648 kB
Dirty:             16608 kB
Writeback:             0 kB
AnonPages:       2650940 kB
Mapped:           786100 kB
Shmem:             34916 kB
KReclaimable:     365448 kB
Slab:             244104 kB
SReclaimable:      93936 kB
SUnreclaim:       150168 kB
KernelStack:       54512 kB
PageTables:        70544 kB
NFS_Unstable:          0 kB
Bounce:                0 kB
WritebackTmp:          0 kB
CommitLimit:     9202292 kB
Committed_AS:   74432976 kB
VmallocTotal:   263061440 kB
VmallocUsed:      111548 kB
VmallocChunk:          0 kB
Percpu:             7616 kB
CmaTotal:         294912 kB
CmaFree:               0 kB
MemTotal:       12113140 kB
MemFree:          423292 kB
MemAvailable:    6359664 kB
Buffers:            2844 kB
Cached:          6516628 kB
SwapCached:            0 kB
Active:          7159996 kB
Inactive:        2002568 kB
Active(anon):    2370280 kB
Inactive(anon):   312248 kB
Active(file):    4789716 kB
Inactive(file):  1690320 kB
Unevictable:        5576 kB
Mlocked:            5576 kB
SwapTotal:       3145724 kB
SwapFree:        3141648 kB
Dirty:             16852 kB
Writeback:             0 kB
AnonPages:       2648824 kB
Mapped:           787100 kB
Shmem:             34900 kB
KReclaimable:     364456 kB
Slab:             244256 kB
SReclaimable:      93944 kB
SUnreclaim:       150312 kB
KernelStack:       54480 kB
PageTables:        70752 kB
NFS_Unstable:          0 kB
Bounce:                0 kB
WritebackTmp:          0 kB
CommitLimit:     9202292 kB
Committed_AS:   74435728 kB
VmallocTotal:   263061440 kB
VmallocUsed:      111516 kB
VmallocChunk:          0 kB
Percpu:             7616 kB
CmaTotal:         294912 kB
CmaFree:               0 kB
MemTotal:       12113140 kB
MemFree:          399264 kB
MemAvailable:    6357816 kB
Buffers:            2876 kB
Cached:          6538488 kB
SwapCached:            0 kB
Active:          7161740 kB
Inactive:        2024240 kB
Active(anon):    2372056 kB
Inactive(anon):   312248 kB
Active(file):    4789684 kB
Inactive(file):  1711992 kB
Unevictable:        5576 kB
Mlocked:            5576 kB
SwapTotal:       3145724 kB
SwapFree:        3141648 kB
Dirty:             27668 kB
Writeback:             0 kB
AnonPages:       2650100 kB
Mapped:           786904 kB
Shmem:             34900 kB
KReclaimable:     365536 kB
Slab:             245248 kB
SReclaimable:      95024 kB
SUnreclaim:       150224 kB
KernelStack:       54480 kB
PageTables:        70548 kB
NFS_Unstable:          0 kB
Bounce:                0 kB
WritebackTmp:          0 kB
CommitLimit:     9202292 kB
Committed_AS:   74435796 kB
VmallocTotal:   263061440 kB
VmallocUsed:      111500 kB
VmallocChunk:          0 kB
Percpu:             7616 kB
CmaTotal:         294912 kB
CmaFree:               0 kB
MemTotal:       12113140 kB
MemFree:          398156 kB
MemAvailable:    6357532 kB
Buffers:            2876 kB
Cached:          6539024 kB
SwapCached:            0 kB
Active:          7161964 kB
Inactive:        2025032 kB
Active(anon):    2372284 kB
Inactive(anon):   312248 kB
Active(file):    4789680 kB
Inactive(file):  1712784 kB
Unevictable:        5576 kB
Mlocked:            5576 kB
SwapTotal:       3145724 kB
SwapFree:        3141648 kB
Dirty:             28020 kB
Writeback:             0 kB
AnonPages:       2650604 kB
Mapped:           786904 kB
Shmem:             34900 kB
KReclaimable:     365608 kB
Slab:             245256 kB
SReclaimable:      95096 kB
SUnreclaim:       150160 kB
KernelStack:       54464 kB
PageTables:        70544 kB
NFS_Unstable:          0 kB
Bounce:                0 kB
WritebackTmp:          0 kB
CommitLimit:     9202292 kB
Committed_AS:   74435444 kB
VmallocTotal:   263061440 kB
VmallocUsed:      111500 kB
VmallocChunk:          0 kB
Percpu:             7616 kB
CmaTotal:         294912 kB
CmaFree:               0 kB
MemTotal:       12113140 kB
MemFree:          395176 kB
MemAvailable:    6354556 kB
Buffers:            2876 kB
Cached:          6539032 kB
SwapCached:            0 kB
Active:          7162508 kB
Inactive:        2025040 kB
Active(anon):    2372828 kB
Inactive(anon):   312252 kB
Active(file):    4789680 kB
Inactive(file):  1712788 kB
Unevictable:        5576 kB
Mlocked:            5576 kB
SwapTotal:       3145724 kB
SwapFree:        3141648 kB
Dirty:             28040 kB
Writeback:             0 kB
AnonPages:       2651280 kB
Mapped:           786972 kB
Shmem:             34904 kB
KReclaimable:     365608 kB
Slab:             245392 kB
SReclaimable:      95096 kB
SUnreclaim:       150296 kB
KernelStack:       54448 kB
PageTables:        70744 kB
NFS_Unstable:          0 kB
Bounce:                0 kB
WritebackTmp:          0 kB
CommitLimit:     9202292 kB
Committed_AS:   74445432 kB
VmallocTotal:   263061440 kB
VmallocUsed:      111516 kB
VmallocChunk:          0 kB
Percpu:             7616 kB
CmaTotal:         294912 kB
CmaFree:               0 kB
MemTotal:       12113140 kB
MemFree:          393228 kB
MemAvailable:    6352628 kB
Buffers:            2876 kB
Cached:          6539056 kB
SwapCached:            0 kB
Active:          7164084 kB
Inactive:        2025060 kB
Active(anon):    2374400 kB
Inactive(anon):   312256 kB
Active(file):    4789684 kB
Inactive(file):  1712804 kB
Unevictable:        5576 kB
Mlocked:            5576 kB
SwapTotal:       3145724 kB
SwapFree:        3141648 kB
Dirty:             28060 kB
Writeback:             0 kB
AnonPages:       2652736 kB
Mapped:           786956 kB
Shmem:             34908 kB
KReclaimable:     365608 kB
Slab:             245264 kB
SReclaimable:      95096 kB
SUnreclaim:       150168 kB
KernelStack:       54512 kB
PageTables:        70568 kB
NFS_Unstable:          0 kB
Bounce:                0 kB
WritebackTmp:          0 kB
CommitLimit:     9202292 kB
Committed_AS:   74439760 kB
VmallocTotal:   263061440 kB
VmallocUsed:      111468 kB
VmallocChunk:          0 kB
Percpu:             7616 kB
CmaTotal:         294912 kB
CmaFree:               0 kB
MemTotal:       12113140 kB
MemFree:          392584 kB
MemAvailable:    6352140 kB
Buffers:            2876 kB
Cached:          6539216 kB
SwapCached:            0 kB
Active:          7165480 kB
Inactive:        2025220 kB
Active(anon):    2375796 kB
Inactive(anon):   312260 kB
Active(file):    4789684 kB
Inactive(file):  1712960 kB
Unevictable:        5576 kB
Mlocked:            5576 kB
SwapTotal:       3145724 kB
SwapFree:        3141648 kB
Dirty:             15208 kB
Writeback:             0 kB
AnonPages:       2654224 kB
Mapped:           786972 kB
Shmem:             34912 kB
KReclaimable:     365608 kB
Slab:             245364 kB
SReclaimable:      95096 kB
SUnreclaim:       150268 kB
KernelStack:       54496 kB
PageTables:        70780 kB
NFS_Unstable:          0 kB
Bounce:                0 kB
WritebackTmp:          0 kB
CommitLimit:     9202292 kB
Committed_AS:   74430452 kB
VmallocTotal:   263061440 kB
VmallocUsed:      111452 kB
VmallocChunk:          0 kB
Percpu:             7616 kB
CmaTotal:         294912 kB
CmaFree:               0 kB
MemTotal:       12113140 kB
MemFree:          393820 kB
MemAvailable:    6353560 kB
Buffers:            2880 kB
Cached:          6539392 kB
SwapCached:            0 kB
Active:          7165364 kB
Inactive:        2025392 kB
Active(anon):    2375672 kB
Inactive(anon):   312260 kB
Active(file):    4789692 kB
Inactive(file):  1713132 kB
Unevictable:        5576 kB
Mlocked:            5576 kB
SwapTotal:       3145724 kB
SwapFree:        3141648 kB
Dirty:              4284 kB
Writeback:             0 kB
AnonPages:       2654296 kB
Mapped:           787132 kB
Shmem:             34912 kB
KReclaimable:     365612 kB
Slab:             245384 kB
SReclaimable:      95100 kB
SUnreclaim:       150284 kB
KernelStack:       54464 kB
PageTables:        70784 kB
NFS_Unstable:          0 kB
Bounce:                0 kB
WritebackTmp:          0 kB
CommitLimit:     9202292 kB
Committed_AS:   74430556 kB
VmallocTotal:   263061440 kB
VmallocUsed:      111436 kB
VmallocChunk:          0 kB
Percpu:             7616 kB
CmaTotal:         294912 kB
CmaFree:               0 kB
MemTotal:       12113140 kB
MemFree:          393608 kB
MemAvailable:    6353348 kB
Buffers:            2880 kB
Cached:          6539396 kB
SwapCached:            0 kB
Active:          7166088 kB
Inactive:        2025396 kB
Active(anon):    2376396 kB
Inactive(anon):   312264 kB
Active(file):    4789692 kB
Inactive(file):  1713132 kB
Unevictable:        5576 kB
Mlocked:            5576 kB
SwapTotal:       3145724 kB
SwapFree:        3141648 kB
Dirty:              4332 kB
Writeback:             0 kB
AnonPages:       2654756 kB
Mapped:           787180 kB
Shmem:             34916 kB
KReclaimable:     365612 kB
Slab:             245232 kB
SReclaimable:      95100 kB
SUnreclaim:       150132 kB
KernelStack:       54500 kB
PageTables:        70524 kB
NFS_Unstable:          0 kB
Bounce:                0 kB
WritebackTmp:          0 kB
CommitLimit:     9202292 kB
Committed_AS:   74430372 kB
VmallocTotal:   263061440 kB
VmallocUsed:      111436 kB
VmallocChunk:          0 kB
Percpu:             7616 kB
CmaTotal:         294912 kB
CmaFree:               0 kB
MemTotal:       12113140 kB
MemFree:          394168 kB
MemAvailable:    6353908 kB
Buffers:            2880 kB
Cached:          6539396 kB
SwapCached:            0 kB
Active:          7166476 kB
Inactive:        2025396 kB
Active(anon):    2376784 kB
Inactive(anon):   312264 kB
Active(file):    4789692 kB
Inactive(file):  1713132 kB
Unevictable:        5576 kB
Mlocked:            5576 kB
SwapTotal:       3145724 kB
SwapFree:        3141648 kB
Dirty:              4332 kB
Writeback:             0 kB
AnonPages:       2654840 kB
Mapped:           787252 kB
Shmem:             34916 kB
KReclaimable:     365612 kB
Slab:             245232 kB
SReclaimable:      95100 kB
SUnreclaim:       150132 kB
KernelStack:       54532 kB
PageTables:        70580 kB
NFS_Unstable:          0 kB
Bounce:                0 kB
WritebackTmp:          0 kB
CommitLimit:     9202292 kB
Committed_AS:   74425456 kB
VmallocTotal:   263061440 kB
VmallocUsed:      111452 kB
VmallocChunk:          0 kB
Percpu:             7616 kB
CmaTotal:         294912 kB
CmaFree:               0 kB
MemTotal:       12113140 kB
MemFree:          394544 kB
MemAvailable:    6354284 kB
Buffers:            2880 kB
Cached:          6539396 kB
SwapCached:            0 kB
Active:          7166776 kB
Inactive:        2025396 kB
Active(anon):    2377084 kB
Inactive(anon):   312264 kB
Active(file):    4789692 kB
Inactive(file):  1713132 kB
Unevictable:        5576 kB
Mlocked:            5576 kB
SwapTotal:       3145724 kB
SwapFree:        3141648 kB
Dirty:              4344 kB
Writeback:             0 kB
AnonPages:       2655276 kB
Mapped:           787180 kB
Shmem:             34916 kB
KReclaimable:     365612 kB
Slab:             245096 kB
SReclaimable:      95100 kB
SUnreclaim:       149996 kB
KernelStack:       54484 kB
PageTables:        70380 kB
NFS_Unstable:          0 kB
Bounce:                0 kB
WritebackTmp:          0 kB
CommitLimit:     9202292 kB
Committed_AS:   74425268 kB
VmallocTotal:   263061440 kB
VmallocUsed:      111468 kB
VmallocChunk:          0 kB
Percpu:             7616 kB
CmaTotal:         294912 kB
CmaFree:               0 kB
MemTotal:       12113140 kB
MemFree:          394628 kB
MemAvailable:    6354496 kB
Buffers:            2880 kB
Cached:          6539524 kB
SwapCached:            0 kB
Active:          7167388 kB
Inactive:        2025524 kB
Active(anon):    2377696 kB
Inactive(anon):   312264 kB
Active(file):    4789692 kB
Inactive(file):  1713260 kB
Unevictable:        5576 kB
Mlocked:            5576 kB
SwapTotal:       3145724 kB
SwapFree:        3141648 kB
Dirty:              4212 kB
Writeback:             0 kB
AnonPages:       2655992 kB
Mapped:           786988 kB
Shmem:             34916 kB
KReclaimable:     365612 kB
Slab:             245312 kB
SReclaimable:      95100 kB
SUnreclaim:       150212 kB
KernelStack:       54448 kB
PageTables:        70672 kB
NFS_Unstable:          0 kB
Bounce:                0 kB
WritebackTmp:          0 kB
CommitLimit:     9202292 kB
Committed_AS:   74418880 kB
VmallocTotal:   263061440 kB
VmallocUsed:      111452 kB
VmallocChunk:          0 kB
Percpu:             7616 kB
CmaTotal:         294912 kB
CmaFree:               0 kB
MemTotal:       12113140 kB
MemFree:          392900 kB
MemAvailable:    6352768 kB
Buffers:            2880 kB
Cached:          6539524 kB
SwapCached:            0 kB
Active:          7166768 kB
Inactive:        2025524 kB
Active(anon):    2377076 kB
Inactive(anon):   312264 kB
Active(file):    4789692 kB
Inactive(file):  1713260 kB
Unevictable:        5576 kB
Mlocked:            5576 kB
SwapTotal:       3145724 kB
SwapFree:        3141648 kB
Dirty:              4048 kB
Writeback:             0 kB
AnonPages:       2655440 kB
Mapped:           787112 kB
Shmem:             34916 kB
KReclaimable:     365612 kB
Slab:             245248 kB
SReclaimable:      95100 kB
SUnreclaim:       150148 kB
KernelStack:       54452 kB
PageTables:        70816 kB
NFS_Unstable:          0 kB
Bounce:                0 kB
WritebackTmp:          0 kB
CommitLimit:     9202292 kB
Committed_AS:   74424644 kB
VmallocTotal:   263061440 kB
VmallocUsed:      111516 kB
VmallocChunk:          0 kB
Percpu:             7616 kB
CmaTotal:         294912 kB
CmaFree:               0 kB
MemTotal:       12113140 kB
MemFree:          393196 kB
MemAvailable:    6353192 kB
Buffers:            2880 kB
Cached:          6539652 kB
SwapCached:            0 kB
Active:          7166336 kB
Inactive:        2025652 kB
Active(anon):    2376644 kB
Inactive(anon):   312264 kB
Active(file):    4789692 kB
Inactive(file):  1713388 kB
Unevictable:        5576 kB
Mlocked:            5576 kB
SwapTotal:       3145724 kB
SwapFree:        3141648 kB
Dirty:              4188 kB
Writeback:             0 kB
AnonPages:       2654984 kB
Mapped:           786992 kB
Shmem:             34916 kB
KReclaimable:     365612 kB
Slab:             245256 kB
SReclaimable:      95100 kB
SUnreclaim:       150156 kB
KernelStack:       54464 kB
PageTables:        70588 kB
NFS_Unstable:          0 kB
Bounce:                0 kB
WritebackTmp:          0 kB
CommitLimit:     9202292 kB
Committed_AS:   74424292 kB
VmallocTotal:   263061440 kB
VmallocUsed:      111516 kB
VmallocChunk:          0 kB
Percpu:             7616 kB
CmaTotal:         294912 kB
CmaFree:              48 kB
MemTotal:       12113140 kB
MemFree:          392724 kB
MemAvailable:    6352720 kB
Buffers:            2880 kB
Cached:          6539652 kB
SwapCached:            0 kB
Active:          7167264 kB
Inactive:        2025652 kB
Active(anon):    2377572 kB
Inactive(anon):   312264 kB
Active(file):    4789692 kB
Inactive(file):  1713388 kB
Unevictable:        5576 kB
Mlocked:            5576 kB
SwapTotal:       3145724 kB
SwapFree:        3141648 kB
Dirty:              4188 kB
Writeback:             0 kB
AnonPages:       2655584 kB
Mapped:           787184 kB
Shmem:             34916 kB
KReclaimable:     365612 kB
Slab:             245264 kB
SReclaimable:      95100 kB
SUnreclaim:       150164 kB
KernelStack:       54500 kB
PageTables:        70684 kB
NFS_Unstable:          0 kB
Bounce:                0 kB
WritebackTmp:          0 kB
CommitLimit:     9202292 kB
Committed_AS:   74426804 kB
VmallocTotal:   263061440 kB
VmallocUsed:      111484 kB
VmallocChunk:          0 kB
Percpu:             7616 kB
CmaTotal:         294912 kB
CmaFree:               0 kB
MemTotal:       12113140 kB
MemFree:          391912 kB
MemAvailable:    6352036 kB
Buffers:            2880 kB
Cached:          6539780 kB
SwapCached:            0 kB
Active:          7167224 kB
Inactive:        2025780 kB
Active(anon):    2377532 kB
Inactive(anon):   312264 kB
Active(file):    4789692 kB
Inactive(file):  1713516 kB
Unevictable:        5576 kB
Mlocked:            5576 kB
SwapTotal:       3145724 kB
SwapFree:        3141648 kB
Dirty:              4316 kB
Writeback:             0 kB
AnonPages:       2655856 kB
Mapped:           787188 kB
Shmem:             34916 kB
KReclaimable:     365612 kB
Slab:             245392 kB
SReclaimable:      95100 kB
SUnreclaim:       150292 kB
KernelStack:       54496 kB
PageTables:        70728 kB
NFS_Unstable:          0 kB
Bounce:                0 kB
WritebackTmp:          0 kB
CommitLimit:     9202292 kB
Committed_AS:   74423252 kB
VmallocTotal:   263061440 kB
VmallocUsed:      111484 kB
VmallocChunk:          0 kB
Percpu:             7616 kB
CmaTotal:         294912 kB
CmaFree:               0 kB
MemTotal:       12113140 kB
MemFree:          392804 kB
MemAvailable:    6352928 kB
Buffers:            2880 kB
Cached:          6539780 kB
SwapCached:            0 kB
Active:          7167860 kB
Inactive:        2025780 kB
Active(anon):    2378168 kB
Inactive(anon):   312264 kB
Active(file):    4789692 kB
Inactive(file):  1713516 kB
Unevictable:        5576 kB
Mlocked:            5576 kB
SwapTotal:       3145724 kB
SwapFree:        3141648 kB
Dirty:              2772 kB
Writeback:             0 kB
AnonPages:       2656716 kB
Mapped:           786820 kB
Shmem:             34916 kB
KReclaimable:     365612 kB
Slab:             245248 kB
SReclaimable:      95100 kB
SUnreclaim:       150148 kB
KernelStack:       54512 kB
PageTables:        70772 kB
NFS_Unstable:          0 kB
Bounce:                0 kB
WritebackTmp:          0 kB
CommitLimit:     9202292 kB
Committed_AS:   74417756 kB
VmallocTotal:   263061440 kB
VmallocUsed:      111468 kB
VmallocChunk:          0 kB
Percpu:             7616 kB
CmaTotal:         294912 kB
CmaFree:               0 kB
MemTotal:       12113140 kB
MemFree:          391616 kB
MemAvailable:    6351744 kB
Buffers:            2880 kB
Cached:          6539784 kB
SwapCached:            0 kB
Active:          7168900 kB
Inactive:        2025784 kB
Active(anon):    2379208 kB
Inactive(anon):   312264 kB
Active(file):    4789692 kB
Inactive(file):  1713520 kB
Unevictable:        5576 kB
Mlocked:            5576 kB
SwapTotal:       3145724 kB
SwapFree:        3141648 kB
Dirty:              2612 kB
Writeback:             0 kB
AnonPages:       2657296 kB
Mapped:           787300 kB
Shmem:             34916 kB
KReclaimable:     365612 kB
Slab:             245368 kB
SReclaimable:      95100 kB
SUnreclaim:       150268 kB
KernelStack:       54516 kB
PageTables:        70804 kB
NFS_Unstable:          0 kB
Bounce:                0 kB
WritebackTmp:          0 kB
CommitLimit:     9202292 kB
Committed_AS:   74419480 kB
VmallocTotal:   263061440 kB
VmallocUsed:      111468 kB
VmallocChunk:          0 kB
Percpu:             7616 kB
CmaTotal:         294912 kB
CmaFree:               0 kB
MemTotal:       12113140 kB
MemFree:          391000 kB
MemAvailable:    6351128 kB
Buffers:            2880 kB
Cached:          6539784 kB
SwapCached:            0 kB
Active:          7169032 kB
Inactive:        2025784 kB
Active(anon):    2379340 kB
Inactive(anon):   312264 kB
Active(file):    4789692 kB
Inactive(file):  1713520 kB
Unevictable:        5576 kB
Mlocked:            5576 kB
SwapTotal:       3145724 kB
SwapFree:        3141648 kB
Dirty:              2612 kB
Writeback:             0 kB
AnonPages:       2657640 kB
Mapped:           787216 kB
Shmem:             34916 kB
KReclaimable:     365612 kB
Slab:             245240 kB
SReclaimable:      95100 kB
SUnreclaim:       150140 kB
KernelStack:       54452 kB
PageTables:        70528 kB
NFS_Unstable:          0 kB
Bounce:                0 kB
WritebackTmp:          0 kB
CommitLimit:     9202292 kB
Committed_AS:   74419436 kB
VmallocTotal:   263061440 kB
VmallocUsed:      111500 kB
VmallocChunk:          0 kB
Percpu:             7616 kB
CmaTotal:         294912 kB
CmaFree:               0 kB
MemTotal:       12113140 kB
MemFree:          391124 kB
MemAvailable:    6351368 kB
Buffers:            2880 kB
Cached:          6539920 kB
SwapCached:            0 kB
Active:          7169344 kB
Inactive:        2025920 kB
Active(anon):    2379652 kB
Inactive(anon):   312264 kB
Active(file):    4789692 kB
Inactive(file):  1713656 kB
Unevictable:        5576 kB
Mlocked:            5576 kB
SwapTotal:       3145724 kB
SwapFree:        3141648 kB
Dirty:              2752 kB
Writeback:             0 kB
AnonPages:       2658112 kB
Mapped:           787100 kB
Shmem:             34916 kB
KReclaimable:     365572 kB
Slab:             245140 kB
SReclaimable:      95100 kB
SUnreclaim:       150040 kB
KernelStack:       54448 kB
PageTables:        70432 kB
NFS_Unstable:          0 kB
Bounce:                0 kB
WritebackTmp:          0 kB
CommitLimit:     9202292 kB
Committed_AS:   74420304 kB
VmallocTotal:   263061440 kB
VmallocUsed:      111484 kB
VmallocChunk:          0 kB
Percpu:             7616 kB
CmaTotal:         294912 kB
CmaFree:               0 kB
MemTotal:       12113140 kB
MemFree:          390480 kB
MemAvailable:    6350728 kB
Buffers:            2880 kB
Cached:          6539928 kB
SwapCached:            0 kB
Active:          7169700 kB
Inactive:        2025928 kB
Active(anon):    2380008 kB
Inactive(anon):   312268 kB
Active(file):    4789692 kB
Inactive(file):  1713660 kB
Unevictable:        5576 kB
Mlocked:            5576 kB
SwapTotal:       3145724 kB
SwapFree:        3141648 kB
Dirty:              2768 kB
Writeback:             0 kB
AnonPages:       2658268 kB
Mapped:           787356 kB
Shmem:             34920 kB
KReclaimable:     365572 kB
Slab:             245516 kB
SReclaimable:      95100 kB
SUnreclaim:       150416 kB
KernelStack:       54512 kB
PageTables:        70596 kB
NFS_Unstable:          0 kB
Bounce:                0 kB
WritebackTmp:          0 kB
CommitLimit:     9202292 kB
Committed_AS:   74420040 kB
VmallocTotal:   263061440 kB
VmallocUsed:      111484 kB
VmallocChunk:          0 kB
Percpu:             7616 kB
CmaTotal:         294912 kB
CmaFree:               0 kB
MemTotal:       12113140 kB
MemFree:          387924 kB
MemAvailable:    6348176 kB
Buffers:            2880 kB
Cached:          6539936 kB
SwapCached:            0 kB
Active:          7172384 kB
Inactive:        2025936 kB
Active(anon):    2382692 kB
Inactive(anon):   312272 kB
Active(file):    4789692 kB
Inactive(file):  1713664 kB
Unevictable:        5576 kB
Mlocked:            5576 kB
SwapTotal:       3145724 kB
SwapFree:        3141648 kB
Dirty:              2772 kB
Writeback:             0 kB
AnonPages:       2660896 kB
Mapped:           787144 kB
Shmem:             34924 kB
KReclaimable:     365572 kB
Slab:             245260 kB
SReclaimable:      95100 kB
SUnreclaim:       150160 kB
KernelStack:       54436 kB
PageTables:        70800 kB
NFS_Unstable:          0 kB
Bounce:                0 kB
WritebackTmp:          0 kB
CommitLimit:     9202292 kB
Committed_AS:   74425972 kB
VmallocTotal:   263061440 kB
VmallocUsed:      111532 kB
VmallocChunk:          0 kB
Percpu:             7616 kB
CmaTotal:         294912 kB
CmaFree:               0 kB
MemTotal:       12113140 kB
MemFree:          387364 kB
MemAvailable:    6348248 kB
Buffers:            2880 kB
Cached:          6540692 kB
SwapCached:            0 kB
Active:          7169704 kB
Inactive:        2026548 kB
Active(anon):    2379996 kB
Inactive(anon):   312276 kB
Active(file):    4789708 kB
Inactive(file):  1714272 kB
Unevictable:        5576 kB
Mlocked:            5576 kB
SwapTotal:       3145724 kB
SwapFree:        3141648 kB
Dirty:              3132 kB
Writeback:             0 kB
AnonPages:       2658488 kB
Mapped:           787284 kB
Shmem:             34928 kB
KReclaimable:     365592 kB
Slab:             245288 kB
SReclaimable:      95120 kB
SUnreclaim:       150168 kB
KernelStack:       54412 kB
PageTables:        70532 kB
NFS_Unstable:          0 kB
Bounce:                0 kB
WritebackTmp:          0 kB
CommitLimit:     9202292 kB
Committed_AS:   74429976 kB
VmallocTotal:   263061440 kB
VmallocUsed:      111420 kB
VmallocChunk:          0 kB
Percpu:             7616 kB
CmaTotal:         294912 kB
CmaFree:               0 kB
MemTotal:       12113140 kB
MemFree:          387744 kB
MemAvailable:    6348668 kB
Buffers:            2880 kB
Cached:          6540612 kB
SwapCached:            0 kB
Active:          7170488 kB
Inactive:        2026596 kB
Active(anon):    2380780 kB
Inactive(anon):   312276 kB
Active(file):    4789708 kB
Inactive(file):  1714320 kB
Unevictable:        5576 kB
Mlocked:            5576 kB
SwapTotal:       3145724 kB
SwapFree:        3141648 kB
Dirty:              3132 kB
Writeback:             0 kB
AnonPages:       2659056 kB
Mapped:           787128 kB
Shmem:             34928 kB
KReclaimable:     365576 kB
Slab:             245240 kB
SReclaimable:      95120 kB
SUnreclaim:       150120 kB
KernelStack:       54384 kB
PageTables:        70580 kB
NFS_Unstable:          0 kB
Bounce:                0 kB
WritebackTmp:          0 kB
CommitLimit:     9202292 kB
Committed_AS:   74419284 kB
VmallocTotal:   263061440 kB
VmallocUsed:      111356 kB
VmallocChunk:          0 kB
Percpu:             7616 kB
CmaTotal:         294912 kB
CmaFree:               4 kB
MemTotal:       12113140 kB
MemFree:          387296 kB
MemAvailable:    6348328 kB
Buffers:            2880 kB
Cached:          6540852 kB
SwapCached:            0 kB
Active:          7171168 kB
Inactive:        2026828 kB
Active(anon):    2381452 kB
Inactive(anon):   312276 kB
Active(file):    4789716 kB
Inactive(file):  1714552 kB
Unevictable:        5576 kB
Mlocked:            5576 kB
SwapTotal:       3145724 kB
SwapFree:        3141648 kB
Dirty:              3372 kB
Writeback:             0 kB
AnonPages:       2659840 kB
Mapped:           787528 kB
Shmem:             34928 kB
KReclaimable:     365308 kB
Slab:             245368 kB
SReclaimable:      95164 kB
SUnreclaim:       150204 kB
KernelStack:       54320 kB
PageTables:        70532 kB
NFS_Unstable:          0 kB
Bounce:                0 kB
WritebackTmp:          0 kB
CommitLimit:     9202292 kB
Committed_AS:   74419072 kB
VmallocTotal:   263061440 kB
VmallocUsed:      111340 kB
VmallocChunk:          0 kB
Percpu:             7616 kB
CmaTotal:         294912 kB
CmaFree:               0 kB
MemTotal:       12113140 kB
MemFree:          379068 kB
MemAvailable:    6340216 kB
Buffers:            2880 kB
Cached:          6541268 kB
SwapCached:            0 kB
Active:          7176608 kB
Inactive:        2027244 kB
Active(anon):    2386892 kB
Inactive(anon):   312524 kB
Active(file):    4789716 kB
Inactive(file):  1714720 kB
Unevictable:        5576 kB
Mlocked:            5576 kB
SwapTotal:       3145724 kB
SwapFree:        3141648 kB
Dirty:              3540 kB
Writeback:             0 kB
AnonPages:       2665396 kB
Mapped:           787732 kB
Shmem:             35176 kB
KReclaimable:     365204 kB
Slab:             245404 kB
SReclaimable:      95172 kB
SUnreclaim:       150232 kB
KernelStack:       54304 kB
PageTables:        70492 kB
NFS_Unstable:          0 kB
Bounce:                0 kB
WritebackTmp:          0 kB
CommitLimit:     9202292 kB
Committed_AS:   74429584 kB
VmallocTotal:   263061440 kB
VmallocUsed:      111292 kB
VmallocChunk:          0 kB
Percpu:             7616 kB
CmaTotal:         294912 kB
CmaFree:               0 kB
MemTotal:       12113140 kB
MemFree:          372116 kB
MemAvailable:    6333272 kB
Buffers:            2880 kB
Cached:          6541600 kB
SwapCached:            0 kB
Active:          7184512 kB
Inactive:        2027576 kB
Active(anon):    2394796 kB
Inactive(anon):   312276 kB
Active(file):    4789716 kB
Inactive(file):  1715300 kB
Unevictable:        5576 kB
Mlocked:            5576 kB
SwapTotal:       3145724 kB
SwapFree:        3141648 kB
Dirty:              3552 kB
Writeback:            16 kB
AnonPages:       2673148 kB
Mapped:           788940 kB
Shmem:             34928 kB
KReclaimable:     364064 kB
Slab:             245400 kB
SReclaimable:      95172 kB
SUnreclaim:       150228 kB
KernelStack:       54384 kB
PageTables:        70368 kB
NFS_Unstable:          0 kB
Bounce:                0 kB
WritebackTmp:          0 kB
CommitLimit:     9202292 kB
Committed_AS:   74427572 kB
VmallocTotal:   263061440 kB
VmallocUsed:      111260 kB
VmallocChunk:          0 kB
Percpu:             7616 kB
CmaTotal:         294912 kB
CmaFree:               0 kB
MemTotal:       12113140 kB
MemFree:          369472 kB
MemAvailable:    6329892 kB
Buffers:            2884 kB
Cached:          6541992 kB
SwapCached:            0 kB
Active:          7186700 kB
Inactive:        2027960 kB
Active(anon):    2396972 kB
Inactive(anon):   312276 kB
Active(file):    4789728 kB
Inactive(file):  1715684 kB
Unevictable:        5576 kB
Mlocked:            5576 kB
SwapTotal:       3145724 kB
SwapFree:        3141648 kB
Dirty:              3336 kB
Writeback:             0 kB
AnonPages:       2675084 kB
Mapped:           789612 kB
Shmem:             34928 kB
KReclaimable:     361800 kB
Slab:             245404 kB
SReclaimable:      95172 kB
SUnreclaim:       150232 kB
KernelStack:       54320 kB
PageTables:        70592 kB
NFS_Unstable:          0 kB
Bounce:                0 kB
WritebackTmp:          0 kB
CommitLimit:     9202292 kB
Committed_AS:   74438292 kB
VmallocTotal:   263061440 kB
VmallocUsed:      111260 kB
VmallocChunk:          0 kB
Percpu:             7616 kB
CmaTotal:         294912 kB
CmaFree:               0 kB
MemTotal:       12113140 kB
MemFree:          365388 kB
MemAvailable:    6326688 kB
Buffers:            2884 kB
Cached:          6543068 kB
SwapCached:            0 kB
Active:          7191184 kB
Inactive:        2028924 kB
Active(anon):    2401344 kB
Inactive(anon):   312472 kB
Active(file):    4789840 kB
Inactive(file):  1716452 kB
Unevictable:        5576 kB
Mlocked:            5576 kB
SwapTotal:       3145724 kB
SwapFree:        3141648 kB
Dirty:              3316 kB
Writeback:             0 kB
AnonPages:       2679948 kB
Mapped:           790680 kB
Shmem:             35124 kB
KReclaimable:     361796 kB
Slab:             245256 kB
SReclaimable:      95172 kB
SUnreclaim:       150084 kB
KernelStack:       54500 kB
PageTables:        70428 kB
NFS_Unstable:          0 kB
Bounce:                0 kB
WritebackTmp:          0 kB
CommitLimit:     9202292 kB
Committed_AS:   74447896 kB
VmallocTotal:   263061440 kB
VmallocUsed:      111420 kB
VmallocChunk:          0 kB
Percpu:             7616 kB
CmaTotal:         294912 kB
CmaFree:               8 kB
MemTotal:       12113140 kB
MemFree:          362908 kB
MemAvailable:    6324480 kB
Buffers:            2884 kB
Cached:          6543168 kB
SwapCached:            0 kB
Active:          7191516 kB
Inactive:        2028828 kB
Active(anon):    2401492 kB
Inactive(anon):   312288 kB
Active(file):    4790024 kB
Inactive(file):  1716540 kB
Unevictable:        5576 kB
Mlocked:            5576 kB
SwapTotal:       3145724 kB
SwapFree:        3141648 kB
Dirty:              3332 kB
Writeback:             0 kB
AnonPages:       2679568 kB
Mapped:           790500 kB
Shmem:             34940 kB
KReclaimable:     361796 kB
Slab:             245392 kB
SReclaimable:      95172 kB
SUnreclaim:       150220 kB
KernelStack:       54496 kB
PageTables:        70552 kB
NFS_Unstable:          0 kB
Bounce:                0 kB
WritebackTmp:          0 kB
CommitLimit:     9202292 kB
Committed_AS:   74447824 kB
VmallocTotal:   263061440 kB
VmallocUsed:      111452 kB
VmallocChunk:          0 kB
Percpu:             7616 kB
CmaTotal:         294912 kB
CmaFree:               0 kB
MemTotal:       12113140 kB
MemFree:          362744 kB
MemAvailable:    6324256 kB
Buffers:            2884 kB
Cached:          6543088 kB
SwapCached:            0 kB
Active:          7191616 kB
Inactive:        2028756 kB
Active(anon):    2401588 kB
Inactive(anon):   312288 kB
Active(file):    4790028 kB
Inactive(file):  1716468 kB
Unevictable:        5576 kB
Mlocked:            5576 kB
SwapTotal:       3145724 kB
SwapFree:        3141648 kB
Dirty:              3052 kB
Writeback:             0 kB
AnonPages:       2680212 kB
Mapped:           790440 kB
Shmem:             34940 kB
KReclaimable:     361812 kB
Slab:             245392 kB
SReclaimable:      95188 kB
SUnreclaim:       150204 kB
KernelStack:       54468 kB
PageTables:        70508 kB
NFS_Unstable:          0 kB
Bounce:                0 kB
WritebackTmp:          0 kB
CommitLimit:     9202292 kB
Committed_AS:   74443856 kB
VmallocTotal:   263061440 kB
VmallocUsed:      111468 kB
VmallocChunk:          0 kB
Percpu:             7616 kB
CmaTotal:         294912 kB
CmaFree:               0 kB
MemTotal:       12113140 kB
MemFree:          361656 kB
MemAvailable:    6323644 kB
Buffers:            2884 kB
Cached:          6543364 kB
SwapCached:            0 kB
Active:          7192120 kB
Inactive:        2029032 kB
Active(anon):    2402092 kB
Inactive(anon):   312088 kB
Active(file):    4790028 kB
Inactive(file):  1716944 kB
Unevictable:        5576 kB
Mlocked:            5576 kB
SwapTotal:       3145724 kB
SwapFree:        3141648 kB
Dirty:              1460 kB
Writeback:             0 kB
AnonPages:       2680504 kB
Mapped:           790372 kB
Shmem:             34740 kB
KReclaimable:     361812 kB
Slab:             245400 kB
SReclaimable:      95188 kB
SUnreclaim:       150212 kB
KernelStack:       54416 kB
PageTables:        70564 kB
NFS_Unstable:          0 kB
Bounce:                0 kB
WritebackTmp:          0 kB
CommitLimit:     9202292 kB
Committed_AS:   74447308 kB
VmallocTotal:   263061440 kB
VmallocUsed:      111452 kB
VmallocChunk:          0 kB
Percpu:             7616 kB
CmaTotal:         294912 kB
CmaFree:               8 kB
MemTotal:       12113140 kB
MemFree:          360804 kB
MemAvailable:    6322936 kB
Buffers:            2884 kB
Cached:          6543720 kB
SwapCached:            0 kB
Active:          7192180 kB
Inactive:        2029388 kB
Active(anon):    2402152 kB
Inactive(anon):   312300 kB
Active(file):    4790028 kB
Inactive(file):  1717088 kB
Unevictable:        5576 kB
Mlocked:            5576 kB
SwapTotal:       3145724 kB
SwapFree:        3141648 kB
Dirty:              1476 kB
Writeback:             0 kB
AnonPages:       2680596 kB
Mapped:           790508 kB
Shmem:             34952 kB
KReclaimable:     361812 kB
Slab:             245384 kB
SReclaimable:      95188 kB
SUnreclaim:       150196 kB
KernelStack:       54452 kB
PageTables:        70504 kB
NFS_Unstable:          0 kB
Bounce:                0 kB
WritebackTmp:          0 kB
CommitLimit:     9202292 kB
Committed_AS:   74444828 kB
VmallocTotal:   263061440 kB
VmallocUsed:      111452 kB
VmallocChunk:          0 kB
Percpu:             7616 kB
CmaTotal:         294912 kB
CmaFree:               0 kB
MemTotal:       12113140 kB
MemFree:          360236 kB
MemAvailable:    6322360 kB
Buffers:            2884 kB
Cached:          6543720 kB
SwapCached:            0 kB
Active:          7192436 kB
Inactive:        2029388 kB
Active(anon):    2402408 kB
Inactive(anon):   312300 kB
Active(file):    4790028 kB
Inactive(file):  1717088 kB
Unevictable:        5576 kB
Mlocked:            5576 kB
SwapTotal:       3145724 kB
SwapFree:        3141648 kB
Dirty:              1476 kB
Writeback:             0 kB
AnonPages:       2680912 kB
Mapped:           790428 kB
Shmem:             34952 kB
KReclaimable:     361796 kB
Slab:             245400 kB
SReclaimable:      95188 kB
SUnreclaim:       150212 kB
KernelStack:       54416 kB
PageTables:        70628 kB
NFS_Unstable:          0 kB
Bounce:                0 kB
WritebackTmp:          0 kB
CommitLimit:     9202292 kB
Committed_AS:   74445228 kB
VmallocTotal:   263061440 kB
VmallocUsed:      111484 kB
VmallocChunk:          0 kB
Percpu:             7616 kB
CmaTotal:         294912 kB
CmaFree:               0 kB
MemTotal:       12113140 kB
MemFree:          360788 kB
MemAvailable:    6322984 kB
Buffers:            2888 kB
Cached:          6543844 kB
SwapCached:            0 kB
Active:          7191956 kB
Inactive:        2029460 kB
Active(anon):    2401928 kB
Inactive(anon):   312300 kB
Active(file):    4790028 kB
Inactive(file):  1717160 kB
Unevictable:        5576 kB
Mlocked:            5576 kB
SwapTotal:       3145724 kB
SwapFree:        3141648 kB
Dirty:              1636 kB
Writeback:             0 kB
AnonPages:       2680208 kB
Mapped:           790708 kB
Shmem:             34952 kB
KReclaimable:     361796 kB
Slab:             245512 kB
SReclaimable:      95188 kB
SUnreclaim:       150324 kB
KernelStack:       54500 kB
PageTables:        70792 kB
NFS_Unstable:          0 kB
Bounce:                0 kB
WritebackTmp:          0 kB
CommitLimit:     9202292 kB
Committed_AS:   74447336 kB
VmallocTotal:   263061440 kB
VmallocUsed:      111468 kB
VmallocChunk:          0 kB
Percpu:             7616 kB
CmaTotal:         294912 kB
CmaFree:               8 kB
MemTotal:       12113140 kB
MemFree:          361480 kB
MemAvailable:    6323748 kB
Buffers:            2888 kB
Cached:          6543860 kB
SwapCached:            0 kB
Active:          7192180 kB
Inactive:        2029528 kB
Active(anon):    2402148 kB
Inactive(anon):   312300 kB
Active(file):    4790032 kB
Inactive(file):  1717228 kB
Unevictable:        5576 kB
Mlocked:            5576 kB
SwapTotal:       3145724 kB
SwapFree:        3141648 kB
Dirty:              1460 kB
Writeback:             0 kB
AnonPages:       2680432 kB
Mapped:           790496 kB
Shmem:             34952 kB
KReclaimable:     361796 kB
Slab:             245520 kB
SReclaimable:      95188 kB
SUnreclaim:       150332 kB
KernelStack:       54480 kB
PageTables:        70848 kB
NFS_Unstable:          0 kB
Bounce:                0 kB
WritebackTmp:          0 kB
CommitLimit:     9202292 kB
Committed_AS:   74442272 kB
VmallocTotal:   263061440 kB
VmallocUsed:      111468 kB
VmallocChunk:          0 kB
Percpu:             7616 kB
CmaTotal:         294912 kB
CmaFree:               0 kB
MemTotal:       12113140 kB
MemFree:          361240 kB
MemAvailable:    6323508 kB
Buffers:            2888 kB
Cached:          6543860 kB
SwapCached:            0 kB
Active:          7191880 kB
Inactive:        2029528 kB
Active(anon):    2401848 kB
Inactive(anon):   312300 kB
Active(file):    4790032 kB
Inactive(file):  1717228 kB
Unevictable:        5576 kB
Mlocked:            5576 kB
SwapTotal:       3145724 kB
SwapFree:        3141648 kB
Dirty:              1460 kB
Writeback:             0 kB
AnonPages:       2680396 kB
Mapped:           790556 kB
Shmem:             34952 kB
KReclaimable:     361796 kB
Slab:             245424 kB
SReclaimable:      95188 kB
SUnreclaim:       150236 kB
KernelStack:       54420 kB
PageTables:        70520 kB
NFS_Unstable:          0 kB
Bounce:                0 kB
WritebackTmp:          0 kB
CommitLimit:     9202292 kB
Committed_AS:   74442672 kB
VmallocTotal:   263061440 kB
VmallocUsed:      111484 kB
VmallocChunk:          0 kB
Percpu:             7616 kB
CmaTotal:         294912 kB
CmaFree:               4 kB
MemTotal:       12113140 kB
MemFree:          377180 kB
MemAvailable:    6339420 kB
Buffers:            2888 kB
Cached:          6543864 kB
SwapCached:            0 kB
Active:          7179972 kB
Inactive:        2029532 kB
Active(anon):    2389940 kB
Inactive(anon):   312300 kB
Active(file):    4790032 kB
Inactive(file):  1717232 kB
Unevictable:        5576 kB
Mlocked:            5576 kB
SwapTotal:       3145724 kB
SwapFree:        3141648 kB
Dirty:              1532 kB
Writeback:             0 kB
AnonPages:       2668340 kB
Mapped:           777284 kB
Shmem:             34952 kB
KReclaimable:     361732 kB
Slab:             245432 kB
SReclaimable:      95188 kB
SUnreclaim:       150244 kB
KernelStack:       54452 kB
PageTables:        70600 kB
NFS_Unstable:          0 kB
Bounce:                0 kB
WritebackTmp:          0 kB
CommitLimit:     9202292 kB
Committed_AS:   74453092 kB
VmallocTotal:   263061440 kB
VmallocUsed:      111468 kB
VmallocChunk:          0 kB
Percpu:             7616 kB
CmaTotal:         294912 kB
CmaFree:               0 kB
MemTotal:       12113140 kB
MemFree:          373728 kB
MemAvailable:    6336096 kB
Buffers:            2888 kB
Cached:          6543992 kB
SwapCached:            0 kB
Active:          7180292 kB
Inactive:        2029660 kB
Active(anon):    2390260 kB
Inactive(anon):   312300 kB
Active(file):    4790032 kB
Inactive(file):  1717360 kB
Unevictable:        5576 kB
Mlocked:            5576 kB
SwapTotal:       3145724 kB
SwapFree:        3141648 kB
Dirty:              1660 kB
Writeback:             0 kB
AnonPages:       2668304 kB
Mapped:           777444 kB
Shmem:             34952 kB
KReclaimable:     361732 kB
Slab:             245424 kB
SReclaimable:      95188 kB
SUnreclaim:       150236 kB
KernelStack:       54404 kB
PageTables:        70504 kB
NFS_Unstable:          0 kB
Bounce:                0 kB
WritebackTmp:          0 kB
CommitLimit:     9202292 kB
Committed_AS:   74455092 kB
VmallocTotal:   263061440 kB
VmallocUsed:      111356 kB
VmallocChunk:          0 kB
Percpu:             7616 kB
CmaTotal:         294912 kB
CmaFree:               0 kB
MemTotal:       12113140 kB
MemFree:          373348 kB
MemAvailable:    6335716 kB
Buffers:            2888 kB
Cached:          6543992 kB
SwapCached:            0 kB
Active:          7180004 kB
Inactive:        2029660 kB
Active(anon):    2389972 kB
Inactive(anon):   312300 kB
Active(file):    4790032 kB
Inactive(file):  1717360 kB
Unevictable:        5576 kB
Mlocked:            5576 kB
SwapTotal:       3145724 kB
SwapFree:        3141648 kB
Dirty:              1664 kB
Writeback:             0 kB
AnonPages:       2668504 kB
Mapped:           777260 kB
Shmem:             34952 kB
KReclaimable:     361732 kB
Slab:             245440 kB
SReclaimable:      95188 kB
SUnreclaim:       150252 kB
KernelStack:       54272 kB
PageTables:        70568 kB
NFS_Unstable:          0 kB
Bounce:                0 kB
WritebackTmp:          0 kB
CommitLimit:     9202292 kB
Committed_AS:   74454412 kB
VmallocTotal:   263061440 kB
VmallocUsed:      111356 kB
VmallocChunk:          0 kB
Percpu:             7616 kB
CmaTotal:         294912 kB
CmaFree:               0 kB
MemTotal:       12113140 kB
MemFree:          373856 kB
MemAvailable:    6336356 kB
Buffers:            2888 kB
Cached:          6544200 kB
SwapCached:            0 kB
Active:          7179896 kB
Inactive:        2029612 kB
Active(anon):    2389864 kB
Inactive(anon):   312120 kB
Active(file):    4790032 kB
Inactive(file):  1717492 kB
Unevictable:        5576 kB
Mlocked:            5576 kB
SwapTotal:       3145724 kB
SwapFree:        3141648 kB
Dirty:              1808 kB
Writeback:             0 kB
AnonPages:       2668172 kB
Mapped:           777344 kB
Shmem:             35028 kB
KReclaimable:     361732 kB
Slab:             245432 kB
SReclaimable:      95188 kB
SUnreclaim:       150244 kB
KernelStack:       54240 kB
PageTables:        70568 kB
NFS_Unstable:          0 kB
Bounce:                0 kB
WritebackTmp:          0 kB
CommitLimit:     9202292 kB
Committed_AS:   74454016 kB
VmallocTotal:   263061440 kB
VmallocUsed:      111324 kB
VmallocChunk:          0 kB
Percpu:             7616 kB
CmaTotal:         294912 kB
CmaFree:             192 kB
MemTotal:       12113140 kB
MemFree:          373588 kB
MemAvailable:    6336088 kB
Buffers:            2888 kB
Cached:          6544128 kB
SwapCached:            0 kB
Active:          7179888 kB
Inactive:        2029796 kB
Active(anon):    2389856 kB
Inactive(anon):   312304 kB
Active(file):    4790032 kB
Inactive(file):  1717492 kB
Unevictable:        5576 kB
Mlocked:            5576 kB
SwapTotal:       3145724 kB
SwapFree:        3141648 kB
Dirty:              1812 kB
Writeback:             0 kB
AnonPages:       2668224 kB
Mapped:           777480 kB
Shmem:             34956 kB
KReclaimable:     361732 kB
Slab:             245440 kB
SReclaimable:      95188 kB
SUnreclaim:       150252 kB
KernelStack:       54256 kB
PageTables:        70528 kB
NFS_Unstable:          0 kB
Bounce:                0 kB
WritebackTmp:          0 kB
CommitLimit:     9202292 kB
Committed_AS:   74448840 kB
VmallocTotal:   263061440 kB
VmallocUsed:      111324 kB
VmallocChunk:          0 kB
Percpu:             7616 kB
CmaTotal:         294912 kB
CmaFree:               0 kB
MemTotal:       12113140 kB
MemFree:          373652 kB
MemAvailable:    6336280 kB
Buffers:            2888 kB
Cached:          6544256 kB
SwapCached:            0 kB
Active:          7179832 kB
Inactive:        2029920 kB
Active(anon):    2389796 kB
Inactive(anon):   312304 kB
Active(file):    4790036 kB
Inactive(file):  1717616 kB
Unevictable:        5576 kB
Mlocked:            5576 kB
SwapTotal:       3145724 kB
SwapFree:        3141648 kB
Dirty:              1932 kB
Writeback:             0 kB
AnonPages:       2668196 kB
Mapped:           777504 kB
Shmem:             34956 kB
KReclaimable:     361732 kB
Slab:             245416 kB
SReclaimable:      95188 kB
SUnreclaim:       150228 kB
KernelStack:       54292 kB
PageTables:        70264 kB
NFS_Unstable:          0 kB
Bounce:                0 kB
WritebackTmp:          0 kB
CommitLimit:     9202292 kB
Committed_AS:   74434812 kB
VmallocTotal:   263061440 kB
VmallocUsed:      111292 kB
VmallocChunk:          0 kB
Percpu:             7616 kB
CmaTotal:         294912 kB
CmaFree:               0 kB
MemTotal:       12113140 kB
MemFree:          374936 kB
MemAvailable:    6337564 kB
Buffers:            2888 kB
Cached:          6544256 kB
SwapCached:            0 kB
Active:          7178872 kB
Inactive:        2029920 kB
Active(anon):    2388836 kB
Inactive(anon):   312304 kB
Active(file):    4790036 kB
Inactive(file):  1717616 kB
Unevictable:        5576 kB
Mlocked:            5576 kB
SwapTotal:       3145724 kB
SwapFree:        3141648 kB
Dirty:              1948 kB
Writeback:             0 kB
AnonPages:       2667320 kB
Mapped:           777404 kB
Shmem:             34956 kB
KReclaimable:     361732 kB
Slab:             245432 kB
SReclaimable:      95188 kB
SUnreclaim:       150244 kB
KernelStack:       54160 kB
PageTables:        70456 kB
NFS_Unstable:          0 kB
Bounce:                0 kB
WritebackTmp:          0 kB
CommitLimit:     9202292 kB
Committed_AS:   74437068 kB
VmallocTotal:   263061440 kB
VmallocUsed:      111212 kB
VmallocChunk:          0 kB
Percpu:             7616 kB
CmaTotal:         294912 kB
CmaFree:               0 kB
MemTotal:       12113140 kB
MemFree:          377564 kB
MemAvailable:    6340188 kB
Buffers:            2888 kB
Cached:          6544256 kB
SwapCached:            0 kB
Active:          7178372 kB
Inactive:        2029920 kB
Active(anon):    2388336 kB
Inactive(anon):   312304 kB
Active(file):    4790036 kB
Inactive(file):  1717616 kB
Unevictable:        5576 kB
Mlocked:            5576 kB
SwapTotal:       3145724 kB
SwapFree:        3141648 kB
Dirty:              1948 kB
Writeback:             0 kB
AnonPages:       2666792 kB
Mapped:           777408 kB
Shmem:             34956 kB
KReclaimable:     361724 kB
Slab:             245416 kB
SReclaimable:      95188 kB
SUnreclaim:       150228 kB
KernelStack:       54128 kB
PageTables:        70436 kB
NFS_Unstable:          0 kB
Bounce:                0 kB
WritebackTmp:          0 kB
CommitLimit:     9202292 kB
Committed_AS:   74437176 kB
VmallocTotal:   263061440 kB
VmallocUsed:      111212 kB
VmallocChunk:          0 kB
Percpu:             7616 kB
CmaTotal:         294912 kB
CmaFree:               0 kB
MemTotal:       12113140 kB
MemFree:          402688 kB
MemAvailable:    6365440 kB
Buffers:            2888 kB
Cached:          6544384 kB
SwapCached:            0 kB
Active:          7150864 kB
Inactive:        2030048 kB
Active(anon):    2360828 kB
Inactive(anon):   312304 kB
Active(file):    4790036 kB
Inactive(file):  1717744 kB
Unevictable:        5576 kB
Mlocked:            5576 kB
SwapTotal:       3145724 kB
SwapFree:        3141648 kB
Dirty:              2080 kB
Writeback:             0 kB
AnonPages:       2638620 kB
Mapped:           777560 kB
Shmem:             34956 kB
KReclaimable:     361724 kB
Slab:             245416 kB
SReclaimable:      95188 kB
SUnreclaim:       150228 kB
KernelStack:       54144 kB
PageTables:        70560 kB
NFS_Unstable:          0 kB
Bounce:                0 kB
WritebackTmp:          0 kB
CommitLimit:     9202292 kB
Committed_AS:   74442144 kB
VmallocTotal:   263061440 kB
VmallocUsed:      111180 kB
VmallocChunk:          0 kB
Percpu:             7616 kB
CmaTotal:         294912 kB
CmaFree:             352 kB
MemTotal:       12113140 kB
MemFree:          402976 kB
MemAvailable:    6365728 kB
Buffers:            2888 kB
Cached:          6544384 kB
SwapCached:            0 kB
Active:          7150876 kB
Inactive:        2030048 kB
Active(anon):    2360840 kB
Inactive(anon):   312304 kB
Active(file):    4790036 kB
Inactive(file):  1717744 kB
Unevictable:        5576 kB
Mlocked:            5576 kB
SwapTotal:       3145724 kB
SwapFree:        3141648 kB
Dirty:               796 kB
Writeback:             0 kB
AnonPages:       2639252 kB
Mapped:           777492 kB
Shmem:             34956 kB
KReclaimable:     361724 kB
Slab:             245424 kB
SReclaimable:      95188 kB
SUnreclaim:       150236 kB
KernelStack:       54164 kB
PageTables:        70496 kB
NFS_Unstable:          0 kB
Bounce:                0 kB
WritebackTmp:          0 kB
CommitLimit:     9202292 kB
Committed_AS:   74444788 kB
VmallocTotal:   263061440 kB
VmallocUsed:      111212 kB
VmallocChunk:          0 kB
Percpu:             7616 kB
CmaTotal:         294912 kB
CmaFree:              44 kB
MemTotal:       12113140 kB
MemFree:          408288 kB
MemAvailable:    6370980 kB
Buffers:            2888 kB
Cached:          6544388 kB
SwapCached:            0 kB
Active:          7144964 kB
Inactive:        2030052 kB
Active(anon):    2354928 kB
Inactive(anon):   312304 kB
Active(file):    4790036 kB
Inactive(file):  1717748 kB
Unevictable:        5576 kB
Mlocked:            5576 kB
SwapTotal:       3145724 kB
SwapFree:        3141648 kB
Dirty:               592 kB
Writeback:             0 kB
AnonPages:       2633272 kB
Mapped:           777528 kB
Shmem:             34956 kB
KReclaimable:     361596 kB
Slab:             245424 kB
SReclaimable:      95188 kB
SUnreclaim:       150236 kB
KernelStack:       54196 kB
PageTables:        70444 kB
NFS_Unstable:          0 kB
Bounce:                0 kB
WritebackTmp:          0 kB
CommitLimit:     9202292 kB
Committed_AS:   74444568 kB
VmallocTotal:   263061440 kB
VmallocUsed:      111228 kB
VmallocChunk:          0 kB
Percpu:             7616 kB
CmaTotal:         294912 kB
CmaFree:              32 kB
MemTotal:       12113140 kB
MemFree:          408656 kB
MemAvailable:    6371476 kB
Buffers:            2888 kB
Cached:          6544520 kB
SwapCached:            0 kB
Active:          7145336 kB
Inactive:        2030184 kB
Active(anon):    2355300 kB
Inactive(anon):   312308 kB
Active(file):    4790036 kB
Inactive(file):  1717876 kB
Unevictable:        5576 kB
Mlocked:            5576 kB
SwapTotal:       3145724 kB
SwapFree:        3141648 kB
Dirty:               748 kB
Writeback:             0 kB
AnonPages:       2633344 kB
Mapped:           777404 kB
Shmem:             34960 kB
KReclaimable:     361596 kB
Slab:             245440 kB
SReclaimable:      95188 kB
SUnreclaim:       150252 kB
KernelStack:       54144 kB
PageTables:        70552 kB
NFS_Unstable:          0 kB
Bounce:                0 kB
WritebackTmp:          0 kB
CommitLimit:     9202292 kB
Committed_AS:   74441764 kB
VmallocTotal:   263061440 kB
VmallocUsed:      111196 kB
VmallocChunk:          0 kB
Percpu:             7616 kB
CmaTotal:         294912 kB
CmaFree:               0 kB
MemTotal:       12113140 kB
MemFree:          385680 kB
MemAvailable:    6348500 kB
Buffers:            2888 kB
Cached:          6544636 kB
SwapCached:            0 kB
Active:          7166616 kB
Inactive:        2030184 kB
Active(anon):    2376580 kB
Inactive(anon):   312308 kB
Active(file):    4790036 kB
Inactive(file):  1717876 kB
Unevictable:        5576 kB
Mlocked:            5576 kB
SwapTotal:       3145724 kB
SwapFree:        3141648 kB
Dirty:               780 kB
Writeback:             0 kB
AnonPages:       2655380 kB
Mapped:           777404 kB
Shmem:             35076 kB
KReclaimable:     361596 kB
Slab:             245376 kB
SReclaimable:      95188 kB
SUnreclaim:       150188 kB
KernelStack:       54128 kB
PageTables:        70576 kB
NFS_Unstable:          0 kB
Bounce:                0 kB
WritebackTmp:          0 kB
CommitLimit:     9202292 kB
Committed_AS:   74448820 kB
VmallocTotal:   263061440 kB
VmallocUsed:      111196 kB
VmallocChunk:          0 kB
Percpu:             7616 kB
CmaTotal:         294912 kB
CmaFree:               0 kB
MemTotal:       12113140 kB
MemFree:          383672 kB
MemAvailable:    6346492 kB
Buffers:            2888 kB
Cached:          6544520 kB
SwapCached:            0 kB
Active:          7167500 kB
Inactive:        2030184 kB
Active(anon):    2377464 kB
Inactive(anon):   312308 kB
Active(file):    4790036 kB
Inactive(file):  1717876 kB
Unevictable:        5576 kB
Mlocked:            5576 kB
SwapTotal:       3145724 kB
SwapFree:        3141648 kB
Dirty:               780 kB
Writeback:             0 kB
AnonPages:       2655756 kB
Mapped:           777336 kB
Shmem:             34960 kB
KReclaimable:     361596 kB
Slab:             245272 kB
SReclaimable:      95188 kB
SUnreclaim:       150084 kB
KernelStack:       54128 kB
PageTables:        70552 kB
NFS_Unstable:          0 kB
Bounce:                0 kB
WritebackTmp:          0 kB
CommitLimit:     9202292 kB
Committed_AS:   74449160 kB
VmallocTotal:   263061440 kB
VmallocUsed:      111148 kB
VmallocChunk:          0 kB
Percpu:             7616 kB
CmaTotal:         294912 kB
CmaFree:               0 kB
MemTotal:       12113140 kB
MemFree:          383472 kB
MemAvailable:    6346420 kB
Buffers:            2888 kB
Cached:          6544648 kB
SwapCached:            0 kB
Active:          7167764 kB
Inactive:        2030312 kB
Active(anon):    2377728 kB
Inactive(anon):   312308 kB
Active(file):    4790036 kB
Inactive(file):  1718004 kB
Unevictable:        5576 kB
Mlocked:            5576 kB
SwapTotal:       3145724 kB
SwapFree:        3141648 kB
Dirty:               908 kB
Writeback:             0 kB
AnonPages:       2656184 kB
Mapped:           777592 kB
Shmem:             34960 kB
KReclaimable:     361596 kB
Slab:             245392 kB
SReclaimable:      95188 kB
SUnreclaim:       150204 kB
KernelStack:       54112 kB
PageTables:        70544 kB
NFS_Unstable:          0 kB
Bounce:                0 kB
WritebackTmp:          0 kB
CommitLimit:     9202292 kB
Committed_AS:   74448112 kB
VmallocTotal:   263061440 kB
VmallocUsed:      111100 kB
VmallocChunk:          0 kB
Percpu:             7616 kB
CmaTotal:         294912 kB
CmaFree:               0 kB
MemTotal:       12113140 kB
MemFree:          382548 kB
MemAvailable:    6345488 kB
Buffers:            2888 kB
Cached:          6544880 kB
SwapCached:            0 kB
Active:          7171220 kB
Inactive:        2030536 kB
Active(anon):    2381176 kB
Inactive(anon):   312520 kB
Active(file):    4790044 kB
Inactive(file):  1718016 kB
Unevictable:        5576 kB
Mlocked:            5576 kB
SwapTotal:       3145724 kB
SwapFree:        3141648 kB
Dirty:               940 kB
Writeback:             0 kB
AnonPages:       2659628 kB
Mapped:           777904 kB
Shmem:             35172 kB
KReclaimable:     361540 kB
Slab:             245420 kB
SReclaimable:      95188 kB
SUnreclaim:       150232 kB
KernelStack:       54116 kB
PageTables:        70512 kB
NFS_Unstable:          0 kB
Bounce:                0 kB
WritebackTmp:          0 kB
CommitLimit:     9202292 kB
Committed_AS:   74444460 kB
VmallocTotal:   263061440 kB
VmallocUsed:      111100 kB
VmallocChunk:          0 kB
Percpu:             7616 kB
CmaTotal:         294912 kB
CmaFree:               0 kB
MemTotal:       12113140 kB
MemFree:          380496 kB
MemAvailable:    6343676 kB
Buffers:            2888 kB
Cached:          6544904 kB
SwapCached:            0 kB
Active:          7170708 kB
Inactive:        2030560 kB
Active(anon):    2380664 kB
Inactive(anon):   312308 kB
Active(file):    4790044 kB
Inactive(file):  1718252 kB
Unevictable:        5576 kB
Mlocked:            5576 kB
SwapTotal:       3145724 kB
SwapFree:        3141648 kB
Dirty:              1176 kB
Writeback:             0 kB
AnonPages:       2658888 kB
Mapped:           777712 kB
Shmem:             34960 kB
KReclaimable:     361552 kB
Slab:             245440 kB
SReclaimable:      95200 kB
SUnreclaim:       150240 kB
KernelStack:       54080 kB
PageTables:        70508 kB
NFS_Unstable:          0 kB
Bounce:                0 kB
WritebackTmp:          0 kB
CommitLimit:     9202292 kB
Committed_AS:   74445120 kB
VmallocTotal:   263061440 kB
VmallocUsed:      111116 kB
VmallocChunk:          0 kB
Percpu:             7616 kB
CmaTotal:         294912 kB
CmaFree:               0 kB
MemTotal:       12113140 kB
MemFree:          381404 kB
MemAvailable:    6344584 kB
Buffers:            2888 kB
Cached:          6544904 kB
SwapCached:            0 kB
Active:          7171060 kB
Inactive:        2030560 kB
Active(anon):    2381016 kB
Inactive(anon):   312308 kB
Active(file):    4790044 kB
Inactive(file):  1718252 kB
Unevictable:        5576 kB
Mlocked:            5576 kB
SwapTotal:       3145724 kB
SwapFree:        3141648 kB
Dirty:              1180 kB
Writeback:             0 kB
AnonPages:       2659264 kB
Mapped:           777696 kB
Shmem:             34960 kB
KReclaimable:     361552 kB
Slab:             245296 kB
SReclaimable:      95200 kB
SUnreclaim:       150096 kB
KernelStack:       54100 kB
PageTables:        70596 kB
NFS_Unstable:          0 kB
Bounce:                0 kB
WritebackTmp:          0 kB
CommitLimit:     9202292 kB
Committed_AS:   74442112 kB
VmallocTotal:   263061440 kB
VmallocUsed:      111084 kB
VmallocChunk:          0 kB
Percpu:             7616 kB
CmaTotal:         294912 kB
CmaFree:               0 kB
MemTotal:       12113140 kB
MemFree:          369896 kB
MemAvailable:    6333180 kB
Buffers:            2888 kB
Cached:          6552128 kB
SwapCached:            0 kB
Active:          7177664 kB
Inactive:        2037832 kB
Active(anon):    2387616 kB
Inactive(anon):   319480 kB
Active(file):    4790048 kB
Inactive(file):  1718352 kB
Unevictable:        5576 kB
Mlocked:            5576 kB
SwapTotal:       3145724 kB
SwapFree:        3141648 kB
Dirty:              1196 kB
Writeback:             0 kB
AnonPages:       2665844 kB
Mapped:           784692 kB
Shmem:             42080 kB
KReclaimable:     361552 kB
Slab:             245432 kB
SReclaimable:      95200 kB
SUnreclaim:       150232 kB
KernelStack:       54016 kB
PageTables:        70580 kB
NFS_Unstable:          0 kB
Bounce:                0 kB
WritebackTmp:          0 kB
CommitLimit:     9202292 kB
Committed_AS:   74458832 kB
VmallocTotal:   263061440 kB
VmallocUsed:      111036 kB
VmallocChunk:          0 kB
Percpu:             7616 kB
CmaTotal:         294912 kB
CmaFree:               0 kB
MemTotal:       12113140 kB
MemFree:          372036 kB
MemAvailable:    6335320 kB
Buffers:            2888 kB
Cached:          6545140 kB
SwapCached:            0 kB
Active:          7179272 kB
Inactive:        2030664 kB
Active(anon):    2389224 kB
Inactive(anon):   312312 kB
Active(file):    4790048 kB
Inactive(file):  1718352 kB
Unevictable:        5576 kB
Mlocked:            5576 kB
SwapTotal:       3145724 kB
SwapFree:        3141648 kB
Dirty:               676 kB
Writeback:             0 kB
AnonPages:       2667068 kB
Mapped:           777512 kB
Shmem:             34964 kB
KReclaimable:     361552 kB
Slab:             245600 kB
SReclaimable:      95200 kB
SUnreclaim:       150400 kB
KernelStack:       54016 kB
PageTables:        70544 kB
NFS_Unstable:          0 kB
Bounce:                0 kB
WritebackTmp:          0 kB
CommitLimit:     9202292 kB
Committed_AS:   74445628 kB
VmallocTotal:   263061440 kB
VmallocUsed:      111020 kB
VmallocChunk:          0 kB
Percpu:             7616 kB
CmaTotal:         294912 kB
CmaFree:               0 kB
MemTotal:       12113140 kB
MemFree:          372388 kB
MemAvailable:    6335828 kB
Buffers:            2888 kB
Cached:          6545168 kB
SwapCached:            0 kB
Active:          7179728 kB
Inactive:        2030820 kB
Active(anon):    2389680 kB
Inactive(anon):   312312 kB
Active(file):    4790048 kB
Inactive(file):  1718508 kB
Unevictable:        5576 kB
Mlocked:            5576 kB
SwapTotal:       3145724 kB
SwapFree:        3141648 kB
Dirty:               580 kB
Writeback:             0 kB
AnonPages:       2667784 kB
Mapped:           777508 kB
Shmem:             34964 kB
KReclaimable:     361552 kB
Slab:             245440 kB
SReclaimable:      95200 kB
SUnreclaim:       150240 kB
KernelStack:       54000 kB
PageTables:        70552 kB
NFS_Unstable:          0 kB
Bounce:                0 kB
WritebackTmp:          0 kB
CommitLimit:     9202292 kB
Committed_AS:   74445644 kB
VmallocTotal:   263061440 kB
VmallocUsed:      111020 kB
VmallocChunk:          0 kB
Percpu:             7616 kB
CmaTotal:         294912 kB
CmaFree:               0 kB
MemTotal:       12113140 kB
MemFree:          370536 kB
MemAvailable:    6334096 kB
Buffers:            2892 kB
Cached:          6545296 kB
SwapCached:            0 kB
Active:          7180340 kB
Inactive:        2030944 kB
Active(anon):    2390292 kB
Inactive(anon):   312316 kB
Active(file):    4790048 kB
Inactive(file):  1718628 kB
Unevictable:        5576 kB
Mlocked:            5576 kB
SwapTotal:       3145724 kB
SwapFree:        3141648 kB
Dirty:               768 kB
Writeback:             0 kB
AnonPages:       2668880 kB
Mapped:           777704 kB
Shmem:             34968 kB
KReclaimable:     361552 kB
Slab:             245344 kB
SReclaimable:      95200 kB
SUnreclaim:       150144 kB
KernelStack:       54036 kB
PageTables:        70688 kB
NFS_Unstable:          0 kB
Bounce:                0 kB
WritebackTmp:          0 kB
CommitLimit:     9202292 kB
Committed_AS:   74451392 kB
VmallocTotal:   263061440 kB
VmallocUsed:      111036 kB
VmallocChunk:          0 kB
Percpu:             7616 kB
CmaTotal:         294912 kB
CmaFree:               0 kB
MemTotal:       12113140 kB
MemFree:          371784 kB
MemAvailable:    6335368 kB
Buffers:            2892 kB
Cached:          6545312 kB
SwapCached:            0 kB
Active:          7180940 kB
Inactive:        2030964 kB
Active(anon):    2390888 kB
Inactive(anon):   312320 kB
Active(file):    4790052 kB
Inactive(file):  1718644 kB
Unevictable:        5576 kB
Mlocked:            5576 kB
SwapTotal:       3145724 kB
SwapFree:        3141648 kB
Dirty:               784 kB
Writeback:             0 kB
AnonPages:       2669168 kB
Mapped:           777704 kB
Shmem:             34972 kB
KReclaimable:     361556 kB
Slab:             245356 kB
SReclaimable:      95204 kB
SUnreclaim:       150152 kB
KernelStack:       53984 kB
PageTables:        70720 kB
NFS_Unstable:          0 kB
Bounce:                0 kB
WritebackTmp:          0 kB
CommitLimit:     9202292 kB
Committed_AS:   74451716 kB
VmallocTotal:   263061440 kB
VmallocUsed:      111020 kB
VmallocChunk:          0 kB
Percpu:             7616 kB
CmaTotal:         294912 kB
CmaFree:               0 kB
MemTotal:       12113140 kB
MemFree:          372592 kB
MemAvailable:    6336176 kB
Buffers:            2892 kB
Cached:          6545316 kB
SwapCached:            0 kB
Active:          7181696 kB
Inactive:        2030968 kB
Active(anon):    2391644 kB
Inactive(anon):   312324 kB
Active(file):    4790052 kB
Inactive(file):  1718644 kB
Unevictable:        5576 kB
Mlocked:            5576 kB
SwapTotal:       3145724 kB
SwapFree:        3141648 kB
Dirty:               784 kB
Writeback:             0 kB
AnonPages:       2670084 kB
Mapped:           777304 kB
Shmem:             34976 kB
KReclaimable:     361556 kB
Slab:             245432 kB
SReclaimable:      95204 kB
SUnreclaim:       150228 kB
KernelStack:       53972 kB
PageTables:        70864 kB
NFS_Unstable:          0 kB
Bounce:                0 kB
WritebackTmp:          0 kB
CommitLimit:     9202292 kB
Committed_AS:   74446540 kB
VmallocTotal:   263061440 kB
VmallocUsed:      111020 kB
VmallocChunk:          0 kB
Percpu:             7616 kB
CmaTotal:         294912 kB
CmaFree:               0 kB
MemTotal:       12113140 kB
MemFree:          373140 kB
MemAvailable:    6336844 kB
Buffers:            2892 kB
Cached:          6545484 kB
SwapCached:            0 kB
Active:          7182348 kB
Inactive:        2030916 kB
Active(anon):    2392296 kB
Inactive(anon):   312152 kB
Active(file):    4790052 kB
Inactive(file):  1718764 kB
Unevictable:        5576 kB
Mlocked:            5576 kB
SwapTotal:       3145724 kB
SwapFree:        3141648 kB
Dirty:               936 kB
Writeback:             0 kB
AnonPages:       2670488 kB
Mapped:           777520 kB
Shmem:             35012 kB
KReclaimable:     361556 kB
Slab:             245440 kB
SReclaimable:      95204 kB
SUnreclaim:       150236 kB
KernelStack:       53952 kB
PageTables:        70504 kB
NFS_Unstable:          0 kB
Bounce:                0 kB
WritebackTmp:          0 kB
CommitLimit:     9202292 kB
Committed_AS:   74451008 kB
VmallocTotal:   263061440 kB
VmallocUsed:      111004 kB
VmallocChunk:          0 kB
Percpu:             7616 kB
CmaTotal:         294912 kB
CmaFree:               0 kB
MemTotal:       12113140 kB
MemFree:          370684 kB
MemAvailable:    6334400 kB
Buffers:            2892 kB
Cached:          6545448 kB
SwapCached:            0 kB
Active:          7182952 kB
Inactive:        2031100 kB
Active(anon):    2392900 kB
Inactive(anon):   312324 kB
Active(file):    4790052 kB
Inactive(file):  1718776 kB
Unevictable:        5576 kB
Mlocked:            5576 kB
SwapTotal:       3145724 kB
SwapFree:        3141648 kB
Dirty:               944 kB
Writeback:             0 kB
AnonPages:       2671188 kB
Mapped:           777592 kB
Shmem:             34976 kB
KReclaimable:     361556 kB
Slab:             245448 kB
SReclaimable:      95204 kB
SUnreclaim:       150244 kB
KernelStack:       53920 kB
PageTables:        70552 kB
NFS_Unstable:          0 kB
Bounce:                0 kB
WritebackTmp:          0 kB
CommitLimit:     9202292 kB
Committed_AS:   74450700 kB
VmallocTotal:   263061440 kB
VmallocUsed:      111004 kB
VmallocChunk:          0 kB
Percpu:             7616 kB
CmaTotal:         294912 kB
CmaFree:               0 kB
MemTotal:       12113140 kB
MemFree:          357960 kB
MemAvailable:    6325908 kB
Buffers:            2896 kB
Cached:          6549988 kB
SwapCached:            0 kB
Active:          7189100 kB
Inactive:        2035380 kB
Active(anon):    2399032 kB
Inactive(anon):   312324 kB
Active(file):    4790068 kB
Inactive(file):  1723056 kB
Unevictable:        5576 kB
Mlocked:            5576 kB
SwapTotal:       3145724 kB
SwapFree:        3141648 kB
Dirty:              4764 kB
Writeback:          1228 kB
AnonPages:       2678076 kB
Mapped:           777848 kB
Shmem:             34976 kB
KReclaimable:     361428 kB
Slab:             245296 kB
SReclaimable:      95108 kB
SUnreclaim:       150188 kB
KernelStack:       53984 kB
PageTables:        70384 kB
NFS_Unstable:          0 kB
Bounce:                0 kB
WritebackTmp:          0 kB
CommitLimit:     9202292 kB
Committed_AS:   74433208 kB
VmallocTotal:   263061440 kB
VmallocUsed:      110988 kB
VmallocChunk:          0 kB
Percpu:             7616 kB
CmaTotal:         294912 kB
CmaFree:               0 kB
MemTotal:       12113140 kB
MemFree:          356888 kB
MemAvailable:    6331800 kB
Buffers:            2900 kB
Cached:          6556664 kB
SwapCached:            0 kB
Active:          7183688 kB
Inactive:        2042396 kB
Active(anon):    2393580 kB
Inactive(anon):   312480 kB
Active(file):    4790108 kB
Inactive(file):  1729916 kB
Unevictable:        5576 kB
Mlocked:            5576 kB
SwapTotal:       3145724 kB
SwapFree:        3141648 kB
Dirty:             11644 kB
Writeback:             0 kB
AnonPages:       2671836 kB
Mapped:           777792 kB
Shmem:             35132 kB
KReclaimable:     361560 kB
Slab:             245500 kB
SReclaimable:      95240 kB
SUnreclaim:       150260 kB
KernelStack:       53920 kB
PageTables:        70740 kB
NFS_Unstable:          0 kB
Bounce:                0 kB
WritebackTmp:          0 kB
CommitLimit:     9202292 kB
Committed_AS:   74443992 kB
VmallocTotal:   263061440 kB
VmallocUsed:      110972 kB
VmallocChunk:          0 kB
Percpu:             7616 kB
CmaTotal:         294912 kB
CmaFree:               0 kB
MemTotal:       12113140 kB
MemFree:          356176 kB
MemAvailable:    6331128 kB
Buffers:            2900 kB
Cached:          6556676 kB
SwapCached:            0 kB
Active:          7183764 kB
Inactive:        2042276 kB
Active(anon):    2393652 kB
Inactive(anon):   312324 kB
Active(file):    4790112 kB
Inactive(file):  1729952 kB
Unevictable:        5576 kB
Mlocked:            5576 kB
SwapTotal:       3145724 kB
SwapFree:        3141648 kB
Dirty:             11680 kB
Writeback:             0 kB
AnonPages:       2671716 kB
Mapped:           777808 kB
Shmem:             34976 kB
KReclaimable:     361560 kB
Slab:             245268 kB
SReclaimable:      95240 kB
SUnreclaim:       150028 kB
KernelStack:       53972 kB
PageTables:        70484 kB
NFS_Unstable:          0 kB
Bounce:                0 kB
WritebackTmp:          0 kB
CommitLimit:     9202292 kB
Committed_AS:   74448320 kB
VmallocTotal:   263061440 kB
VmallocUsed:      110972 kB
VmallocChunk:          0 kB
Percpu:             7616 kB
CmaTotal:         294912 kB
CmaFree:               0 kB
MemTotal:       12113140 kB
MemFree:          357764 kB
MemAvailable:    6332716 kB
Buffers:            2900 kB
Cached:          6556676 kB
SwapCached:            0 kB
Active:          7183372 kB
Inactive:        2042276 kB
Active(anon):    2393260 kB
Inactive(anon):   312324 kB
Active(file):    4790112 kB
Inactive(file):  1729952 kB
Unevictable:        5576 kB
Mlocked:            5576 kB
SwapTotal:       3145724 kB
SwapFree:        3141648 kB
Dirty:             11680 kB
Writeback:             0 kB
AnonPages:       2671668 kB
Mapped:           777644 kB
Shmem:             34976 kB
KReclaimable:     361560 kB
Slab:             245564 kB
SReclaimable:      95240 kB
SUnreclaim:       150324 kB
KernelStack:       53908 kB
PageTables:        70384 kB
NFS_Unstable:          0 kB
Bounce:                0 kB
WritebackTmp:          0 kB
CommitLimit:     9202292 kB
Committed_AS:   74448292 kB
VmallocTotal:   263061440 kB
VmallocUsed:      110940 kB
VmallocChunk:          0 kB
Percpu:             7616 kB
CmaTotal:         294912 kB
CmaFree:               0 kB
MemTotal:       12113140 kB
MemFree:          358864 kB
MemAvailable:    6333944 kB
Buffers:            2900 kB
Cached:          6557024 kB
SwapCached:            0 kB
Active:          7183072 kB
Inactive:        2042624 kB
Active(anon):    2392960 kB
Inactive(anon):   312544 kB
Active(file):    4790112 kB
Inactive(file):  1730080 kB
Unevictable:        5576 kB
Mlocked:            5576 kB
SwapTotal:       3145724 kB
SwapFree:        3141648 kB
Dirty:             11828 kB
Writeback:             0 kB
AnonPages:       2671232 kB
Mapped:           777856 kB
Shmem:             35196 kB
KReclaimable:     361560 kB
Slab:             245500 kB
SReclaimable:      95240 kB
SUnreclaim:       150260 kB
KernelStack:       53872 kB
PageTables:        70544 kB
NFS_Unstable:          0 kB
Bounce:                0 kB
WritebackTmp:          0 kB
CommitLimit:     9202292 kB
Committed_AS:   74457024 kB
VmallocTotal:   263061440 kB
VmallocUsed:      110940 kB
VmallocChunk:          0 kB
Percpu:             7616 kB
CmaTotal:         294912 kB
CmaFree:               0 kB
MemTotal:       12113140 kB
MemFree:          357344 kB
MemAvailable:    6332424 kB
Buffers:            2900 kB
Cached:          6556804 kB
SwapCached:            0 kB
Active:          7184296 kB
Inactive:        2042404 kB
Active(anon):    2394184 kB
Inactive(anon):   312324 kB
Active(file):    4790112 kB
Inactive(file):  1730080 kB
Unevictable:        5576 kB
Mlocked:            5576 kB
SwapTotal:       3145724 kB
SwapFree:        3141648 kB
Dirty:             11824 kB
Writeback:             0 kB
AnonPages:       2672360 kB
Mapped:           777604 kB
Shmem:             34976 kB
KReclaimable:     361560 kB
Slab:             245444 kB
SReclaimable:      95240 kB
SUnreclaim:       150204 kB
KernelStack:       53872 kB
PageTables:        70648 kB
NFS_Unstable:          0 kB
Bounce:                0 kB
WritebackTmp:          0 kB
CommitLimit:     9202292 kB
Committed_AS:   74462784 kB
VmallocTotal:   263061440 kB
VmallocUsed:      110940 kB
