MemTotal:       12113132 kB
MemFree:         6387564 kB
MemAvailable:    8109564 kB
Buffers:            6616 kB
Cached:          1912268 kB
SwapCached:            0 kB
Active:          1496316 kB
Inactive:        1666180 kB
Active(anon):    1250060 kB
Inactive(anon):    26032 kB
Active(file):     246256 kB
Inactive(file):  1640148 kB
Unevictable:        5552 kB
Mlocked:            5552 kB
SwapTotal:       3145724 kB
SwapFree:        3145724 kB
Dirty:               692 kB
Writeback:             0 kB
AnonPages:       1249144 kB
Mapped:           857104 kB
Shmem:             27980 kB
KReclaimable:     704300 kB
Slab:             224456 kB
SReclaimable:      80096 kB
SUnreclaim:       144360 kB
KernelStack:       46212 kB
PageTables:        62672 kB
NFS_Unstable:          0 kB
Bounce:                0 kB
WritebackTmp:          0 kB
CommitLimit:     9202288 kB
Committed_AS:   66054460 kB
VmallocTotal:   263061440 kB
VmallocUsed:      103148 kB
VmallocChunk:          0 kB
Percpu:             7648 kB
CmaTotal:         294912 kB
CmaFree:               0 kB
MemTotal:       12113132 kB
MemFree:         6387340 kB
MemAvailable:    8109392 kB
Buffers:            6616 kB
Cached:          1912316 kB
SwapCached:            0 kB
Active:          1497028 kB
Inactive:        1666196 kB
Active(anon):    1250740 kB
Inactive(anon):    26032 kB
Active(file):     246288 kB
Inactive(file):  1640164 kB
Unevictable:        5552 kB
Mlocked:            5552 kB
SwapTotal:       3145724 kB
SwapFree:        3145724 kB
Dirty:               576 kB
Writeback:             0 kB
AnonPages:       1250068 kB
Mapped:           857104 kB
Shmem:             27980 kB
KReclaimable:     704304 kB
Slab:             224492 kB
SReclaimable:      80100 kB
SUnreclaim:       144392 kB
KernelStack:       46208 kB
PageTables:        62772 kB
NFS_Unstable:          0 kB
Bounce:                0 kB
WritebackTmp:          0 kB
CommitLimit:     9202288 kB
Committed_AS:   66050240 kB
VmallocTotal:   263061440 kB
VmallocUsed:      103180 kB
VmallocChunk:          0 kB
Percpu:             7648 kB
CmaTotal:         294912 kB
CmaFree:               0 kB
MemTotal:       12113132 kB
MemFree:         6387216 kB
MemAvailable:    8109272 kB
Buffers:            6616 kB
Cached:          1912320 kB
SwapCached:            0 kB
Active:          1498064 kB
Inactive:        1666200 kB
Active(anon):    1251776 kB
Inactive(anon):    26032 kB
Active(file):     246288 kB
Inactive(file):  1640168 kB
Unevictable:        5552 kB
Mlocked:            5552 kB
SwapTotal:       3145724 kB
SwapFree:        3145724 kB
Dirty:               580 kB
Writeback:             0 kB
AnonPages:       1250932 kB
Mapped:           857104 kB
Shmem:             27980 kB
KReclaimable:     704304 kB
Slab:             224444 kB
SReclaimable:      80100 kB
SUnreclaim:       144344 kB
KernelStack:       46208 kB
PageTables:        62772 kB
NFS_Unstable:          0 kB
Bounce:                0 kB
WritebackTmp:          0 kB
CommitLimit:     9202288 kB
Committed_AS:   66050012 kB
VmallocTotal:   263061440 kB
VmallocUsed:      103164 kB
VmallocChunk:          0 kB
Percpu:             7648 kB
CmaTotal:         294912 kB
CmaFree:               0 kB
MemTotal:       12113132 kB
MemFree:         6386048 kB
MemAvailable:    8108124 kB
Buffers:            6620 kB
Cached:          1912336 kB
SwapCached:            0 kB
Active:          1498152 kB
Inactive:        1666216 kB
Active(anon):    1251860 kB
Inactive(anon):    26032 kB
Active(file):     246292 kB
Inactive(file):  1640184 kB
Unevictable:        5552 kB
Mlocked:            5552 kB
SwapTotal:       3145724 kB
SwapFree:        3145724 kB
Dirty:               612 kB
Writeback:             0 kB
AnonPages:       1250996 kB
Mapped:           857104 kB
Shmem:             27980 kB
KReclaimable:     704304 kB
Slab:             224508 kB
SReclaimable:      80100 kB
SUnreclaim:       144408 kB
KernelStack:       46208 kB
PageTables:        62780 kB
NFS_Unstable:          0 kB
Bounce:                0 kB
WritebackTmp:          0 kB
CommitLimit:     9202288 kB
Committed_AS:   66049844 kB
VmallocTotal:   263061440 kB
VmallocUsed:      103196 kB
VmallocChunk:          0 kB
Percpu:             7648 kB
CmaTotal:         294912 kB
CmaFree:               0 kB
MemTotal:       12113132 kB
MemFree:         6385992 kB
MemAvailable:    8108100 kB
Buffers:            6620 kB
Cached:          1912368 kB
SwapCached:            0 kB
Active:          1499136 kB
Inactive:        1666248 kB
Active(anon):    1252844 kB
Inactive(anon):    26032 kB
Active(file):     246292 kB
Inactive(file):  1640216 kB
Unevictable:        5552 kB
Mlocked:            5552 kB
SwapTotal:       3145724 kB
SwapFree:        3145724 kB
Dirty:               596 kB
Writeback:             0 kB
AnonPages:       1251796 kB
Mapped:           857104 kB
Shmem:             27980 kB
KReclaimable:     704304 kB
Slab:             224476 kB
SReclaimable:      80100 kB
SUnreclaim:       144376 kB
KernelStack:       46224 kB
PageTables:        62772 kB
NFS_Unstable:          0 kB
Bounce:                0 kB
WritebackTmp:          0 kB
CommitLimit:     9202288 kB
Committed_AS:   66050688 kB
VmallocTotal:   263061440 kB
VmallocUsed:      103212 kB
VmallocChunk:          0 kB
Percpu:             7648 kB
CmaTotal:         294912 kB
CmaFree:               0 kB
MemTotal:       12113132 kB
MemFree:         6384952 kB
MemAvailable:    8107072 kB
Buffers:            6620 kB
Cached:          1912380 kB
SwapCached:            0 kB
Active:          1499552 kB
Inactive:        1666260 kB
Active(anon):    1253260 kB
Inactive(anon):    26032 kB
Active(file):     246292 kB
Inactive(file):  1640228 kB
Unevictable:        5552 kB
Mlocked:            5552 kB
SwapTotal:       3145724 kB
SwapFree:        3145724 kB
Dirty:               608 kB
Writeback:             0 kB
AnonPages:       1252488 kB
Mapped:           857104 kB
Shmem:             27980 kB
KReclaimable:     704304 kB
Slab:             224476 kB
SReclaimable:      80100 kB
SUnreclaim:       144376 kB
KernelStack:       46208 kB
PageTables:        62776 kB
NFS_Unstable:          0 kB
Bounce:                0 kB
WritebackTmp:          0 kB
CommitLimit:     9202288 kB
Committed_AS:   66051348 kB
VmallocTotal:   263061440 kB
VmallocUsed:      103148 kB
VmallocChunk:          0 kB
Percpu:             7648 kB
CmaTotal:         294912 kB
CmaFree:               0 kB
MemTotal:       12113132 kB
MemFree:         6384676 kB
MemAvailable:    8106800 kB
Buffers:            6620 kB
Cached:          1912384 kB
SwapCached:            0 kB
Active:          1500496 kB
Inactive:        1666264 kB
Active(anon):    1254204 kB
Inactive(anon):    26032 kB
Active(file):     246292 kB
Inactive(file):  1640232 kB
Unevictable:        5552 kB
Mlocked:            5552 kB
SwapTotal:       3145724 kB
SwapFree:        3145724 kB
Dirty:               624 kB
Writeback:             0 kB
AnonPages:       1253624 kB
Mapped:           857104 kB
Shmem:             27980 kB
KReclaimable:     704304 kB
Slab:             224476 kB
SReclaimable:      80100 kB
SUnreclaim:       144376 kB
KernelStack:       46208 kB
PageTables:        62784 kB
NFS_Unstable:          0 kB
Bounce:                0 kB
WritebackTmp:          0 kB
CommitLimit:     9202288 kB
Committed_AS:   66055564 kB
VmallocTotal:   263061440 kB
VmallocUsed:      103164 kB
VmallocChunk:          0 kB
Percpu:             7648 kB
CmaTotal:         294912 kB
CmaFree:               0 kB
MemTotal:       12113132 kB
MemFree:         6382588 kB
MemAvailable:    8104716 kB
Buffers:            6620 kB
Cached:          1912388 kB
SwapCached:            0 kB
Active:          1500964 kB
Inactive:        1666272 kB
Active(anon):    1254676 kB
Inactive(anon):    26032 kB
Active(file):     246288 kB
Inactive(file):  1640240 kB
Unevictable:        5552 kB
Mlocked:            5552 kB
SwapTotal:       3145724 kB
SwapFree:        3145724 kB
Dirty:               628 kB
Writeback:             0 kB
AnonPages:       1253956 kB
Mapped:           857104 kB
Shmem:             27980 kB
KReclaimable:     704304 kB
Slab:             224476 kB
SReclaimable:      80100 kB
SUnreclaim:       144376 kB
KernelStack:       46208 kB
PageTables:        62780 kB
NFS_Unstable:          0 kB
Bounce:                0 kB
WritebackTmp:          0 kB
CommitLimit:     9202288 kB
Committed_AS:   66055872 kB
VmallocTotal:   263061440 kB
VmallocUsed:      103196 kB
VmallocChunk:          0 kB
Percpu:             7648 kB
CmaTotal:         294912 kB
CmaFree:               0 kB
MemTotal:       12113132 kB
MemFree:         6382788 kB
MemAvailable:    8104944 kB
Buffers:            6620 kB
Cached:          1912412 kB
SwapCached:            0 kB
Active:          1500680 kB
Inactive:        1666292 kB
Active(anon):    1254388 kB
Inactive(anon):    26032 kB
Active(file):     246292 kB
Inactive(file):  1640260 kB
Unevictable:        5552 kB
Mlocked:            5552 kB
SwapTotal:       3145724 kB
SwapFree:        3145724 kB
Dirty:               312 kB
Writeback:             0 kB
AnonPages:       1253644 kB
Mapped:           857104 kB
Shmem:             27980 kB
KReclaimable:     704308 kB
Slab:             224448 kB
SReclaimable:      80104 kB
SUnreclaim:       144344 kB
KernelStack:       46208 kB
PageTables:        62784 kB
NFS_Unstable:          0 kB
Bounce:                0 kB
WritebackTmp:          0 kB
CommitLimit:     9202288 kB
Committed_AS:   66056204 kB
VmallocTotal:   263061440 kB
VmallocUsed:      103196 kB
VmallocChunk:          0 kB
Percpu:             7648 kB
CmaTotal:         294912 kB
CmaFree:               0 kB
MemTotal:       12113132 kB
MemFree:         6382664 kB
MemAvailable:    8104828 kB
Buffers:            6620 kB
Cached:          1912420 kB
SwapCached:            0 kB
Active:          1501892 kB
Inactive:        1666300 kB
Active(anon):    1255600 kB
Inactive(anon):    26032 kB
Active(file):     246292 kB
Inactive(file):  1640268 kB
Unevictable:        5552 kB
Mlocked:            5552 kB
SwapTotal:       3145724 kB
SwapFree:        3145724 kB
Dirty:               392 kB
Writeback:             0 kB
AnonPages:       1254464 kB
Mapped:           857104 kB
Shmem:             27980 kB
KReclaimable:     704308 kB
Slab:             224448 kB
SReclaimable:      80104 kB
SUnreclaim:       144344 kB
KernelStack:       46208 kB
PageTables:        62776 kB
NFS_Unstable:          0 kB
Bounce:                0 kB
WritebackTmp:          0 kB
CommitLimit:     9202288 kB
Committed_AS:   66050652 kB
VmallocTotal:   263061440 kB
VmallocUsed:      103196 kB
VmallocChunk:          0 kB
Percpu:             7648 kB
CmaTotal:         294912 kB
CmaFree:               0 kB
MemTotal:       12113132 kB
MemFree:         6381448 kB
MemAvailable:    8103628 kB
Buffers:            6620 kB
Cached:          1912436 kB
SwapCached:            0 kB
Active:          1502316 kB
Inactive:        1666316 kB
Active(anon):    1256024 kB
Inactive(anon):    26032 kB
Active(file):     246292 kB
Inactive(file):  1640284 kB
Unevictable:        5552 kB
Mlocked:            5552 kB
SwapTotal:       3145724 kB
SwapFree:        3145724 kB
Dirty:               412 kB
Writeback:             0 kB
AnonPages:       1255368 kB
Mapped:           857104 kB
Shmem:             27980 kB
KReclaimable:     704308 kB
Slab:             224432 kB
SReclaimable:      80104 kB
SUnreclaim:       144328 kB
KernelStack:       46208 kB
PageTables:        62788 kB
NFS_Unstable:          0 kB
Bounce:                0 kB
WritebackTmp:          0 kB
CommitLimit:     9202288 kB
Committed_AS:   66045088 kB
VmallocTotal:   263061440 kB
VmallocUsed:      103196 kB
VmallocChunk:          0 kB
Percpu:             7648 kB
CmaTotal:         294912 kB
CmaFree:               0 kB
MemTotal:       12113132 kB
MemFree:         6398540 kB
MemAvailable:    8120724 kB
Buffers:            6620 kB
Cached:          1912440 kB
SwapCached:            0 kB
Active:          1484760 kB
Inactive:        1666320 kB
Active(anon):    1238468 kB
Inactive(anon):    26032 kB
Active(file):     246292 kB
Inactive(file):  1640288 kB
Unevictable:        5552 kB
Mlocked:            5552 kB
SwapTotal:       3145724 kB
SwapFree:        3145724 kB
Dirty:               416 kB
Writeback:             0 kB
AnonPages:       1237712 kB
Mapped:           857104 kB
Shmem:             27980 kB
KReclaimable:     704308 kB
Slab:             224448 kB
SReclaimable:      80104 kB
SUnreclaim:       144344 kB
KernelStack:       46208 kB
PageTables:        62772 kB
NFS_Unstable:          0 kB
Bounce:                0 kB
WritebackTmp:          0 kB
CommitLimit:     9202288 kB
Committed_AS:   66045036 kB
VmallocTotal:   263061440 kB
VmallocUsed:      103212 kB
VmallocChunk:          0 kB
Percpu:             7648 kB
CmaTotal:         294912 kB
CmaFree:               0 kB
MemTotal:       12113132 kB
MemFree:         6398752 kB
MemAvailable:    8120952 kB
Buffers:            6620 kB
Cached:          1912456 kB
SwapCached:            0 kB
Active:          1485384 kB
Inactive:        1666336 kB
Active(anon):    1239092 kB
Inactive(anon):    26032 kB
Active(file):     246292 kB
Inactive(file):  1640304 kB
Unevictable:        5552 kB
Mlocked:            5552 kB
SwapTotal:       3145724 kB
SwapFree:        3145724 kB
Dirty:               444 kB
Writeback:             0 kB
AnonPages:       1238052 kB
Mapped:           857104 kB
Shmem:             27980 kB
KReclaimable:     704308 kB
Slab:             224440 kB
SReclaimable:      80104 kB
SUnreclaim:       144336 kB
KernelStack:       46208 kB
PageTables:        62784 kB
NFS_Unstable:          0 kB
Bounce:                0 kB
WritebackTmp:          0 kB
CommitLimit:     9202288 kB
Committed_AS:   66051232 kB
VmallocTotal:   263061440 kB
VmallocUsed:      103212 kB
VmallocChunk:          0 kB
Percpu:             7648 kB
CmaTotal:         294912 kB
CmaFree:               0 kB
MemTotal:       12113132 kB
MemFree:         6398008 kB
MemAvailable:    8120220 kB
Buffers:            6620 kB
Cached:          1912468 kB
SwapCached:            0 kB
Active:          1486108 kB
Inactive:        1666348 kB
Active(anon):    1239816 kB
Inactive(anon):    26032 kB
Active(file):     246292 kB
Inactive(file):  1640316 kB
Unevictable:        5552 kB
Mlocked:            5552 kB
SwapTotal:       3145724 kB
SwapFree:        3145724 kB
Dirty:               468 kB
Writeback:             0 kB
AnonPages:       1238732 kB
Mapped:           857104 kB
Shmem:             27980 kB
KReclaimable:     704308 kB
Slab:             224448 kB
SReclaimable:      80104 kB
SUnreclaim:       144344 kB
KernelStack:       46240 kB
PageTables:        62784 kB
NFS_Unstable:          0 kB
Bounce:                0 kB
WritebackTmp:          0 kB
CommitLimit:     9202288 kB
Committed_AS:   66056484 kB
VmallocTotal:   263061440 kB
VmallocUsed:      103212 kB
VmallocChunk:          0 kB
Percpu:             7648 kB
CmaTotal:         294912 kB
CmaFree:               0 kB
MemTotal:       12113132 kB
MemFree:         6397268 kB
MemAvailable:    8119496 kB
Buffers:            6620 kB
Cached:          1912484 kB
SwapCached:            0 kB
Active:          1487148 kB
Inactive:        1666364 kB
Active(anon):    1240856 kB
Inactive(anon):    26032 kB
Active(file):     246292 kB
Inactive(file):  1640332 kB
Unevictable:        5552 kB
Mlocked:            5552 kB
SwapTotal:       3145724 kB
SwapFree:        3145724 kB
Dirty:               508 kB
Writeback:             0 kB
AnonPages:       1239712 kB
Mapped:           857164 kB
Shmem:             27980 kB
KReclaimable:     704308 kB
Slab:             224456 kB
SReclaimable:      80104 kB
SUnreclaim:       144352 kB
KernelStack:       46208 kB
PageTables:        62776 kB
NFS_Unstable:          0 kB
Bounce:                0 kB
WritebackTmp:          0 kB
CommitLimit:     9202288 kB
Committed_AS:   66056044 kB
VmallocTotal:   263061440 kB
VmallocUsed:      103228 kB
VmallocChunk:          0 kB
Percpu:             7648 kB
CmaTotal:         294912 kB
CmaFree:               0 kB
MemTotal:       12113132 kB
MemFree:         6396180 kB
MemAvailable:    8118420 kB
Buffers:            6620 kB
Cached:          1912496 kB
SwapCached:            0 kB
Active:          1489340 kB
Inactive:        1666380 kB
Active(anon):    1243052 kB
Inactive(anon):    26032 kB
Active(file):     246288 kB
Inactive(file):  1640348 kB
Unevictable:        5552 kB
Mlocked:            5552 kB
SwapTotal:       3145724 kB
SwapFree:        3145724 kB
Dirty:               736 kB
Writeback:             0 kB
AnonPages:       1242164 kB
Mapped:           857164 kB
Shmem:             27980 kB
KReclaimable:     704308 kB
Slab:             224456 kB
SReclaimable:      80104 kB
SUnreclaim:       144352 kB
KernelStack:       46288 kB
PageTables:        62788 kB
NFS_Unstable:          0 kB
Bounce:                0 kB
WritebackTmp:          0 kB
CommitLimit:     9202288 kB
Committed_AS:   66055672 kB
VmallocTotal:   263061440 kB
VmallocUsed:      103276 kB
VmallocChunk:          0 kB
Percpu:             7648 kB
CmaTotal:         294912 kB
CmaFree:               0 kB
MemTotal:       12113132 kB
MemFree:         6393228 kB
MemAvailable:    8115484 kB
Buffers:            6620 kB
Cached:          1912512 kB
SwapCached:            0 kB
Active:          1491252 kB
Inactive:        1666396 kB
Active(anon):    1244964 kB
Inactive(anon):    26032 kB
Active(file):     246288 kB
Inactive(file):  1640364 kB
Unevictable:        5552 kB
Mlocked:            5552 kB
SwapTotal:       3145724 kB
SwapFree:        3145724 kB
Dirty:               760 kB
Writeback:             0 kB
AnonPages:       1243924 kB
Mapped:           870780 kB
Shmem:             27980 kB
KReclaimable:     704308 kB
Slab:             224436 kB
SReclaimable:      80104 kB
SUnreclaim:       144332 kB
KernelStack:       46288 kB
PageTables:        62832 kB
NFS_Unstable:          0 kB
Bounce:                0 kB
WritebackTmp:          0 kB
CommitLimit:     9202288 kB
Committed_AS:   66055864 kB
VmallocTotal:   263061440 kB
VmallocUsed:      103276 kB
VmallocChunk:          0 kB
Percpu:             7648 kB
CmaTotal:         294912 kB
CmaFree:               0 kB
MemTotal:       12113132 kB
MemFree:         6403968 kB
MemAvailable:    8126232 kB
Buffers:            6620 kB
Cached:          1912520 kB
SwapCached:            0 kB
Active:          1478360 kB
Inactive:        1666404 kB
Active(anon):    1232072 kB
Inactive(anon):    26032 kB
Active(file):     246288 kB
Inactive(file):  1640372 kB
Unevictable:        5552 kB
Mlocked:            5552 kB
SwapTotal:       3145724 kB
SwapFree:        3145724 kB
Dirty:               768 kB
Writeback:             0 kB
AnonPages:       1231200 kB
Mapped:           857164 kB
Shmem:             27980 kB
KReclaimable:     704308 kB
Slab:             224444 kB
SReclaimable:      80104 kB
SUnreclaim:       144340 kB
KernelStack:       46288 kB
PageTables:        62776 kB
NFS_Unstable:          0 kB
Bounce:                0 kB
WritebackTmp:          0 kB
CommitLimit:     9202288 kB
Committed_AS:   66055864 kB
VmallocTotal:   263061440 kB
VmallocUsed:      103276 kB
VmallocChunk:          0 kB
Percpu:             7648 kB
CmaTotal:         294912 kB
CmaFree:               0 kB
MemTotal:       12113132 kB
MemFree:         6403260 kB
MemAvailable:    8125532 kB
Buffers:            6620 kB
Cached:          1912528 kB
SwapCached:            0 kB
Active:          1479144 kB
Inactive:        1666412 kB
Active(anon):    1232856 kB
Inactive(anon):    26032 kB
Active(file):     246288 kB
Inactive(file):  1640380 kB
Unevictable:        5552 kB
Mlocked:            5552 kB
SwapTotal:       3145724 kB
SwapFree:        3145724 kB
Dirty:               788 kB
Writeback:             0 kB
AnonPages:       1231892 kB
Mapped:           857164 kB
Shmem:             27980 kB
KReclaimable:     704308 kB
Slab:             224444 kB
SReclaimable:      80104 kB
SUnreclaim:       144340 kB
KernelStack:       46288 kB
PageTables:        62784 kB
NFS_Unstable:          0 kB
Bounce:                0 kB
WritebackTmp:          0 kB
CommitLimit:     9202288 kB
Committed_AS:   66050704 kB
VmallocTotal:   263061440 kB
VmallocUsed:      103308 kB
VmallocChunk:          0 kB
Percpu:             7648 kB
CmaTotal:         294912 kB
CmaFree:               0 kB
MemTotal:       12113132 kB
MemFree:         6403228 kB
MemAvailable:    8125536 kB
Buffers:            6624 kB
Cached:          1912560 kB
SwapCached:            0 kB
Active:          1479888 kB
Inactive:        1666444 kB
Active(anon):    1233596 kB
Inactive(anon):    26032 kB
Active(file):     246292 kB
Inactive(file):  1640412 kB
Unevictable:        5552 kB
Mlocked:            5552 kB
SwapTotal:       3145724 kB
SwapFree:        3145724 kB
Dirty:               772 kB
Writeback:             0 kB
AnonPages:       1232652 kB
Mapped:           857164 kB
Shmem:             27980 kB
KReclaimable:     704308 kB
Slab:             224444 kB
SReclaimable:      80104 kB
SUnreclaim:       144340 kB
KernelStack:       46288 kB
PageTables:        62776 kB
NFS_Unstable:          0 kB
Bounce:                0 kB
WritebackTmp:          0 kB
CommitLimit:     9202288 kB
Committed_AS:   66051344 kB
VmallocTotal:   263061440 kB
VmallocUsed:      103308 kB
VmallocChunk:          0 kB
Percpu:             7648 kB
CmaTotal:         294912 kB
CmaFree:               0 kB
MemTotal:       12113132 kB
MemFree:         6402372 kB
MemAvailable:    8124696 kB
Buffers:            6624 kB
Cached:          1912576 kB
SwapCached:            0 kB
Active:          1480692 kB
Inactive:        1666460 kB
Active(anon):    1234400 kB
Inactive(anon):    26032 kB
Active(file):     246292 kB
Inactive(file):  1640428 kB
Unevictable:        5552 kB
Mlocked:            5552 kB
SwapTotal:       3145724 kB
SwapFree:        3145724 kB
Dirty:               788 kB
Writeback:             0 kB
AnonPages:       1233660 kB
Mapped:           857164 kB
Shmem:             27980 kB
KReclaimable:     704308 kB
Slab:             224436 kB
SReclaimable:      80104 kB
SUnreclaim:       144332 kB
KernelStack:       46288 kB
PageTables:        62780 kB
NFS_Unstable:          0 kB
Bounce:                0 kB
WritebackTmp:          0 kB
CommitLimit:     9202288 kB
Committed_AS:   66042148 kB
VmallocTotal:   263061440 kB
VmallocUsed:      103260 kB
VmallocChunk:          0 kB
Percpu:             7648 kB
CmaTotal:         294912 kB
CmaFree:               0 kB
MemTotal:       12113132 kB
MemFree:         6419604 kB
MemAvailable:    8141936 kB
Buffers:            6624 kB
Cached:          1912584 kB
SwapCached:            0 kB
Active:          1462700 kB
Inactive:        1666468 kB
Active(anon):    1216408 kB
Inactive(anon):    26032 kB
Active(file):     246292 kB
Inactive(file):  1640436 kB
Unevictable:        5552 kB
Mlocked:            5552 kB
SwapTotal:       3145724 kB
SwapFree:        3145724 kB
Dirty:               812 kB
Writeback:             0 kB
AnonPages:       1215124 kB
Mapped:           857164 kB
Shmem:             27980 kB
KReclaimable:     704308 kB
Slab:             224436 kB
SReclaimable:      80104 kB
SUnreclaim:       144332 kB
KernelStack:       46304 kB
PageTables:        62760 kB
NFS_Unstable:          0 kB
Bounce:                0 kB
WritebackTmp:          0 kB
CommitLimit:     9202288 kB
Committed_AS:   66037440 kB
VmallocTotal:   263061440 kB
VmallocUsed:      103260 kB
VmallocChunk:          0 kB
Percpu:             7648 kB
CmaTotal:         294912 kB
CmaFree:              16 kB
MemTotal:       12113132 kB
MemFree:         6421124 kB
MemAvailable:    8143468 kB
Buffers:            6624 kB
Cached:          1912596 kB
SwapCached:            0 kB
Active:          1461248 kB
Inactive:        1666480 kB
Active(anon):    1214956 kB
Inactive(anon):    26032 kB
Active(file):     246292 kB
Inactive(file):  1640448 kB
Unevictable:        5552 kB
Mlocked:            5552 kB
SwapTotal:       3145724 kB
SwapFree:        3145724 kB
Dirty:               824 kB
Writeback:             0 kB
AnonPages:       1213656 kB
Mapped:           857164 kB
Shmem:             27980 kB
KReclaimable:     704308 kB
Slab:             224436 kB
SReclaimable:      80104 kB
SUnreclaim:       144332 kB
KernelStack:       46288 kB
PageTables:        62788 kB
NFS_Unstable:          0 kB
Bounce:                0 kB
WritebackTmp:          0 kB
CommitLimit:     9202288 kB
Committed_AS:   66042396 kB
VmallocTotal:   263061440 kB
VmallocUsed:      103260 kB
VmallocChunk:          0 kB
Percpu:             7648 kB
CmaTotal:         294912 kB
CmaFree:               0 kB
MemTotal:       12113132 kB
MemFree:         6420692 kB
MemAvailable:    8143048 kB
Buffers:            6624 kB
Cached:          1912608 kB
SwapCached:            0 kB
Active:          1461752 kB
Inactive:        1666488 kB
Active(anon):    1215456 kB
Inactive(anon):    26032 kB
Active(file):     246296 kB
Inactive(file):  1640456 kB
Unevictable:        5552 kB
Mlocked:            5552 kB
SwapTotal:       3145724 kB
SwapFree:        3145724 kB
Dirty:               328 kB
Writeback:             0 kB
AnonPages:       1214248 kB
Mapped:           857164 kB
Shmem:             27980 kB
KReclaimable:     704308 kB
Slab:             224452 kB
SReclaimable:      80104 kB
SUnreclaim:       144348 kB
KernelStack:       46288 kB
PageTables:        62788 kB
NFS_Unstable:          0 kB
Bounce:                0 kB
WritebackTmp:          0 kB
CommitLimit:     9202288 kB
Committed_AS:   66047340 kB
VmallocTotal:   263061440 kB
VmallocUsed:      103292 kB
VmallocChunk:          0 kB
Percpu:             7648 kB
CmaTotal:         294912 kB
CmaFree:               0 kB
MemTotal:       12113132 kB
MemFree:         6414356 kB
MemAvailable:    8136720 kB
Buffers:            6624 kB
Cached:          1912616 kB
SwapCached:            0 kB
Active:          1471424 kB
Inactive:        1666496 kB
Active(anon):    1225128 kB
Inactive(anon):    26032 kB
Active(file):     246296 kB
Inactive(file):  1640464 kB
Unevictable:        5552 kB
Mlocked:            5552 kB
SwapTotal:       3145724 kB
SwapFree:        3145724 kB
Dirty:               396 kB
Writeback:             0 kB
AnonPages:       1224448 kB
Mapped:           857164 kB
Shmem:             27980 kB
KReclaimable:     704308 kB
Slab:             224428 kB
SReclaimable:      80104 kB
SUnreclaim:       144324 kB
KernelStack:       46320 kB
PageTables:        62724 kB
NFS_Unstable:          0 kB
Bounce:                0 kB
WritebackTmp:          0 kB
CommitLimit:     9202288 kB
Committed_AS:   66038068 kB
VmallocTotal:   263061440 kB
VmallocUsed:      103244 kB
VmallocChunk:          0 kB
Percpu:             7648 kB
CmaTotal:         294912 kB
CmaFree:              80 kB
MemTotal:       12113132 kB
MemFree:         6394456 kB
MemAvailable:    8116840 kB
Buffers:            6624 kB
Cached:          1912636 kB
SwapCached:            0 kB
Active:          1489448 kB
Inactive:        1666516 kB
Active(anon):    1243152 kB
Inactive(anon):    26032 kB
Active(file):     246296 kB
Inactive(file):  1640484 kB
Unevictable:        5552 kB
Mlocked:            5552 kB
SwapTotal:       3145724 kB
SwapFree:        3145724 kB
Dirty:               420 kB
Writeback:             0 kB
AnonPages:       1241972 kB
Mapped:           857164 kB
Shmem:             27980 kB
KReclaimable:     704308 kB
Slab:             224452 kB
SReclaimable:      80104 kB
SUnreclaim:       144348 kB
KernelStack:       46288 kB
PageTables:        62788 kB
NFS_Unstable:          0 kB
Bounce:                0 kB
WritebackTmp:          0 kB
CommitLimit:     9202288 kB
Committed_AS:   66045472 kB
VmallocTotal:   263061440 kB
VmallocUsed:      103292 kB
VmallocChunk:          0 kB
Percpu:             7648 kB
CmaTotal:         294912 kB
CmaFree:               0 kB
MemTotal:       12113132 kB
MemFree:         6394960 kB
MemAvailable:    8117348 kB
Buffers:            6624 kB
Cached:          1912640 kB
SwapCached:            0 kB
Active:          1490508 kB
Inactive:        1666520 kB
Active(anon):    1244212 kB
Inactive(anon):    26032 kB
Active(file):     246296 kB
Inactive(file):  1640488 kB
Unevictable:        5552 kB
Mlocked:            5552 kB
SwapTotal:       3145724 kB
SwapFree:        3145724 kB
Dirty:               448 kB
Writeback:             0 kB
AnonPages:       1242992 kB
Mapped:           857164 kB
Shmem:             27980 kB
KReclaimable:     704308 kB
Slab:             224444 kB
SReclaimable:      80104 kB
SUnreclaim:       144340 kB
KernelStack:       46288 kB
PageTables:        62780 kB
NFS_Unstable:          0 kB
Bounce:                0 kB
WritebackTmp:          0 kB
CommitLimit:     9202288 kB
Committed_AS:   66051336 kB
VmallocTotal:   263061440 kB
VmallocUsed:      103276 kB
VmallocChunk:          0 kB
Percpu:             7648 kB
CmaTotal:         294912 kB
CmaFree:               8 kB
MemTotal:       12113132 kB
MemFree:         6393340 kB
MemAvailable:    8115744 kB
Buffers:            6624 kB
Cached:          1912432 kB
SwapCached:            0 kB
Active:          1490876 kB
Inactive:        1666316 kB
Active(anon):    1244584 kB
Inactive(anon):    25808 kB
Active(file):     246292 kB
Inactive(file):  1640508 kB
Unevictable:        5552 kB
Mlocked:            5552 kB
SwapTotal:       3145724 kB
SwapFree:        3145724 kB
Dirty:               496 kB
Writeback:             0 kB
AnonPages:       1243812 kB
Mapped:           856940 kB
Shmem:             27756 kB
KReclaimable:     704308 kB
Slab:             224452 kB
SReclaimable:      80104 kB
SUnreclaim:       144348 kB
KernelStack:       46288 kB
PageTables:        62772 kB
NFS_Unstable:          0 kB
Bounce:                0 kB
WritebackTmp:          0 kB
CommitLimit:     9202288 kB
Committed_AS:   66056336 kB
VmallocTotal:   263061440 kB
VmallocUsed:      103324 kB
VmallocChunk:          0 kB
Percpu:             7648 kB
CmaTotal:         294912 kB
CmaFree:              68 kB
MemTotal:       12113132 kB
MemFree:         6392088 kB
MemAvailable:    8114508 kB
Buffers:            6628 kB
Cached:          1912668 kB
SwapCached:            0 kB
Active:          1492128 kB
Inactive:        1666552 kB
Active(anon):    1245832 kB
Inactive(anon):    26032 kB
Active(file):     246296 kB
Inactive(file):  1640520 kB
Unevictable:        5552 kB
Mlocked:            5552 kB
SwapTotal:       3145724 kB
SwapFree:        3145724 kB
Dirty:               520 kB
Writeback:             0 kB
AnonPages:       1244728 kB
Mapped:           857224 kB
Shmem:             27980 kB
KReclaimable:     704308 kB
Slab:             224428 kB
SReclaimable:      80104 kB
SUnreclaim:       144324 kB
KernelStack:       46304 kB
PageTables:        62916 kB
NFS_Unstable:          0 kB
Bounce:                0 kB
WritebackTmp:          0 kB
CommitLimit:     9202288 kB
Committed_AS:   66045276 kB
VmallocTotal:   263061440 kB
VmallocUsed:      103308 kB
VmallocChunk:          0 kB
Percpu:             7648 kB
CmaTotal:         294912 kB
CmaFree:               0 kB
MemTotal:       12113132 kB
MemFree:         6392000 kB
MemAvailable:    8114444 kB
Buffers:            6628 kB
Cached:          1912692 kB
SwapCached:            0 kB
Active:          1492120 kB
Inactive:        1666572 kB
Active(anon):    1245820 kB
Inactive(anon):    26032 kB
Active(file):     246300 kB
Inactive(file):  1640540 kB
Unevictable:        5552 kB
Mlocked:            5552 kB
SwapTotal:       3145724 kB
SwapFree:        3145724 kB
Dirty:               384 kB
Writeback:             0 kB
AnonPages:       1245488 kB
Mapped:           857328 kB
Shmem:             27980 kB
KReclaimable:     704308 kB
Slab:             224468 kB
SReclaimable:      80104 kB
SUnreclaim:       144364 kB
KernelStack:       46288 kB
PageTables:        62776 kB
NFS_Unstable:          0 kB
Bounce:                0 kB
WritebackTmp:          0 kB
CommitLimit:     9202288 kB
Committed_AS:   66050400 kB
VmallocTotal:   263061440 kB
VmallocUsed:      103324 kB
VmallocChunk:          0 kB
Percpu:             7648 kB
CmaTotal:         294912 kB
CmaFree:               0 kB
MemTotal:       12113132 kB
MemFree:         6391304 kB
MemAvailable:    8113756 kB
Buffers:            6628 kB
Cached:          1912700 kB
SwapCached:            0 kB
Active:          1493344 kB
Inactive:        1666580 kB
Active(anon):    1247044 kB
Inactive(anon):    26032 kB
Active(file):     246300 kB
Inactive(file):  1640548 kB
Unevictable:        5552 kB
Mlocked:            5552 kB
SwapTotal:       3145724 kB
SwapFree:        3145724 kB
Dirty:               404 kB
Writeback:             0 kB
AnonPages:       1246276 kB
Mapped:           857328 kB
Shmem:             27980 kB
KReclaimable:     704308 kB
Slab:             224444 kB
SReclaimable:      80104 kB
SUnreclaim:       144340 kB
KernelStack:       46288 kB
PageTables:        62784 kB
NFS_Unstable:          0 kB
Bounce:                0 kB
WritebackTmp:          0 kB
CommitLimit:     9202288 kB
Committed_AS:   66050180 kB
VmallocTotal:   263061440 kB
VmallocUsed:      103308 kB
VmallocChunk:          0 kB
Percpu:             7648 kB
CmaTotal:         294912 kB
CmaFree:               0 kB
MemTotal:       12113132 kB
MemFree:         6390724 kB
MemAvailable:    8113188 kB
Buffers:            6628 kB
Cached:          1912712 kB
SwapCached:            0 kB
Active:          1492212 kB
Inactive:        1666592 kB
Active(anon):    1245912 kB
Inactive(anon):    26032 kB
Active(file):     246300 kB
Inactive(file):  1640560 kB
Unevictable:        5552 kB
Mlocked:            5552 kB
SwapTotal:       3145724 kB
SwapFree:        3145724 kB
Dirty:               432 kB
Writeback:             0 kB
AnonPages:       1245208 kB
Mapped:           857328 kB
Shmem:             27980 kB
KReclaimable:     704308 kB
Slab:             224452 kB
SReclaimable:      80104 kB
SUnreclaim:       144348 kB
KernelStack:       46288 kB
PageTables:        62780 kB
NFS_Unstable:          0 kB
Bounce:                0 kB
WritebackTmp:          0 kB
CommitLimit:     9202288 kB
Committed_AS:   66050268 kB
VmallocTotal:   263061440 kB
VmallocUsed:      103324 kB
VmallocChunk:          0 kB
Percpu:             7648 kB
CmaTotal:         294912 kB
CmaFree:               0 kB
MemTotal:       12113132 kB
MemFree:         6390304 kB
MemAvailable:    8112784 kB
Buffers:            6628 kB
Cached:          1912728 kB
SwapCached:            0 kB
Active:          1493712 kB
Inactive:        1666608 kB
Active(anon):    1247412 kB
Inactive(anon):    26032 kB
Active(file):     246300 kB
Inactive(file):  1640576 kB
Unevictable:        5552 kB
Mlocked:            5552 kB
SwapTotal:       3145724 kB
SwapFree:        3145724 kB
Dirty:               448 kB
Writeback:             0 kB
AnonPages:       1246580 kB
Mapped:           857328 kB
Shmem:             27980 kB
KReclaimable:     704308 kB
Slab:             224444 kB
SReclaimable:      80104 kB
SUnreclaim:       144340 kB
KernelStack:       46288 kB
PageTables:        62784 kB
NFS_Unstable:          0 kB
Bounce:                0 kB
WritebackTmp:          0 kB
CommitLimit:     9202288 kB
Committed_AS:   66056060 kB
VmallocTotal:   263061440 kB
VmallocUsed:      103324 kB
VmallocChunk:          0 kB
Percpu:             7648 kB
CmaTotal:         294912 kB
CmaFree:               0 kB
MemTotal:       12113132 kB
MemFree:         6389392 kB
MemAvailable:    8111892 kB
Buffers:            6628 kB
Cached:          1912748 kB
SwapCached:            0 kB
Active:          1494592 kB
Inactive:        1666624 kB
Active(anon):    1248288 kB
Inactive(anon):    26032 kB
Active(file):     246304 kB
Inactive(file):  1640592 kB
Unevictable:        5552 kB
Mlocked:            5552 kB
SwapTotal:       3145724 kB
SwapFree:        3145724 kB
Dirty:               476 kB
Writeback:             0 kB
AnonPages:       1247276 kB
Mapped:           857328 kB
Shmem:             27980 kB
KReclaimable:     704308 kB
Slab:             224452 kB
SReclaimable:      80104 kB
SUnreclaim:       144348 kB
KernelStack:       46336 kB
PageTables:        62876 kB
NFS_Unstable:          0 kB
Bounce:                0 kB
WritebackTmp:          0 kB
CommitLimit:     9202288 kB
Committed_AS:   66051388 kB
VmallocTotal:   263061440 kB
VmallocUsed:      103308 kB
VmallocChunk:          0 kB
Percpu:             7648 kB
CmaTotal:         294912 kB
CmaFree:              16 kB
MemTotal:       12113132 kB
MemFree:         6388028 kB
MemAvailable:    8110552 kB
Buffers:            6632 kB
Cached:          1912768 kB
SwapCached:            0 kB
Active:          1494796 kB
Inactive:        1666648 kB
Active(anon):    1248492 kB
Inactive(anon):    26032 kB
Active(file):     246304 kB
Inactive(file):  1640616 kB
Unevictable:        5552 kB
Mlocked:            5552 kB
SwapTotal:       3145724 kB
SwapFree:        3145724 kB
Dirty:               544 kB
Writeback:             0 kB
AnonPages:       1247764 kB
Mapped:           857328 kB
Shmem:             27980 kB
KReclaimable:     704308 kB
Slab:             224444 kB
SReclaimable:      80104 kB
SUnreclaim:       144340 kB
KernelStack:       46240 kB
PageTables:        62788 kB
NFS_Unstable:          0 kB
Bounce:                0 kB
WritebackTmp:          0 kB
CommitLimit:     9202288 kB
Committed_AS:   66055928 kB
VmallocTotal:   263061440 kB
VmallocUsed:      103276 kB
VmallocChunk:          0 kB
Percpu:             7648 kB
CmaTotal:         294912 kB
CmaFree:               0 kB
MemTotal:       12113132 kB
MemFree:         6387916 kB
MemAvailable:    8110448 kB
Buffers:            6632 kB
Cached:          1912776 kB
SwapCached:            0 kB
Active:          1495432 kB
Inactive:        1666660 kB
Active(anon):    1249132 kB
Inactive(anon):    26032 kB
Active(file):     246300 kB
Inactive(file):  1640628 kB
Unevictable:        5552 kB
Mlocked:            5552 kB
SwapTotal:       3145724 kB
SwapFree:        3145724 kB
Dirty:               564 kB
Writeback:             0 kB
AnonPages:       1248308 kB
Mapped:           857328 kB
Shmem:             27980 kB
KReclaimable:     704308 kB
Slab:             224444 kB
SReclaimable:      80104 kB
SUnreclaim:       144340 kB
KernelStack:       46240 kB
PageTables:        62788 kB
NFS_Unstable:          0 kB
Bounce:                0 kB
WritebackTmp:          0 kB
CommitLimit:     9202288 kB
Committed_AS:   66055664 kB
VmallocTotal:   263061440 kB
VmallocUsed:      103276 kB
VmallocChunk:          0 kB
Percpu:             7648 kB
CmaTotal:         294912 kB
CmaFree:               0 kB
MemTotal:       12113132 kB
MemFree:         6387832 kB
MemAvailable:    8110380 kB
Buffers:            6632 kB
Cached:          1912792 kB
SwapCached:            0 kB
Active:          1495552 kB
Inactive:        1666672 kB
Active(anon):    1249248 kB
Inactive(anon):    26032 kB
Active(file):     246304 kB
Inactive(file):  1640640 kB
Unevictable:        5552 kB
Mlocked:            5552 kB
SwapTotal:       3145724 kB
SwapFree:        3145724 kB
Dirty:               588 kB
Writeback:             0 kB
AnonPages:       1248012 kB
Mapped:           857292 kB
Shmem:             27980 kB
KReclaimable:     704308 kB
Slab:             224444 kB
SReclaimable:      80104 kB
SUnreclaim:       144340 kB
KernelStack:       46240 kB
PageTables:        62780 kB
NFS_Unstable:          0 kB
Bounce:                0 kB
WritebackTmp:          0 kB
CommitLimit:     9202288 kB
Committed_AS:   66051160 kB
VmallocTotal:   263061440 kB
VmallocUsed:      103244 kB
VmallocChunk:          0 kB
Percpu:             7648 kB
CmaTotal:         294912 kB
CmaFree:               0 kB
MemTotal:       12113132 kB
MemFree:         6387864 kB
MemAvailable:    8110420 kB
Buffers:            6632 kB
Cached:          1912800 kB
SwapCached:            0 kB
Active:          1496520 kB
Inactive:        1666680 kB
Active(anon):    1250216 kB
Inactive(anon):    26032 kB
Active(file):     246304 kB
Inactive(file):  1640648 kB
Unevictable:        5552 kB
Mlocked:            5552 kB
SwapTotal:       3145724 kB
SwapFree:        3145724 kB
Dirty:               596 kB
Writeback:             0 kB
AnonPages:       1249296 kB
Mapped:           857328 kB
Shmem:             27980 kB
KReclaimable:     704308 kB
Slab:             224452 kB
SReclaimable:      80104 kB
SUnreclaim:       144348 kB
KernelStack:       46240 kB
PageTables:        62784 kB
NFS_Unstable:          0 kB
Bounce:                0 kB
WritebackTmp:          0 kB
CommitLimit:     9202288 kB
Committed_AS:   66055956 kB
VmallocTotal:   263061440 kB
VmallocUsed:      103228 kB
VmallocChunk:          0 kB
Percpu:             7648 kB
CmaTotal:         294912 kB
CmaFree:               0 kB
MemTotal:       12113132 kB
MemFree:         6387424 kB
MemAvailable:    8109996 kB
Buffers:            6632 kB
Cached:          1912816 kB
SwapCached:            0 kB
Active:          1497096 kB
Inactive:        1666696 kB
Active(anon):    1250792 kB
Inactive(anon):    26032 kB
Active(file):     246304 kB
Inactive(file):  1640664 kB
Unevictable:        5552 kB
Mlocked:            5552 kB
SwapTotal:       3145724 kB
SwapFree:        3145724 kB
Dirty:               228 kB
Writeback:           136 kB
AnonPages:       1250000 kB
Mapped:           857328 kB
Shmem:             27980 kB
KReclaimable:     704308 kB
Slab:             224476 kB
SReclaimable:      80104 kB
SUnreclaim:       144372 kB
KernelStack:       46224 kB
PageTables:        62784 kB
NFS_Unstable:          0 kB
Bounce:                0 kB
WritebackTmp:          0 kB
CommitLimit:     9202288 kB
Committed_AS:   66055736 kB
VmallocTotal:   263061440 kB
VmallocUsed:      103212 kB
VmallocChunk:          0 kB
Percpu:             7648 kB
CmaTotal:         294912 kB
CmaFree:               0 kB
MemTotal:       12113132 kB
MemFree:         6386188 kB
MemAvailable:    8108772 kB
Buffers:            6632 kB
Cached:          1912828 kB
SwapCached:            0 kB
Active:          1497680 kB
Inactive:        1666708 kB
Active(anon):    1251376 kB
Inactive(anon):    26032 kB
Active(file):     246304 kB
Inactive(file):  1640676 kB
Unevictable:        5552 kB
Mlocked:            5552 kB
SwapTotal:       3145724 kB
SwapFree:        3145724 kB
Dirty:               304 kB
Writeback:             0 kB
AnonPages:       1250496 kB
Mapped:           857328 kB
Shmem:             27980 kB
KReclaimable:     704308 kB
Slab:             224476 kB
SReclaimable:      80104 kB
SUnreclaim:       144372 kB
KernelStack:       46192 kB
PageTables:        62764 kB
NFS_Unstable:          0 kB
Bounce:                0 kB
WritebackTmp:          0 kB
CommitLimit:     9202288 kB
Committed_AS:   66055104 kB
VmallocTotal:   263061440 kB
VmallocUsed:      103228 kB
VmallocChunk:          0 kB
Percpu:             7648 kB
CmaTotal:         294912 kB
CmaFree:               0 kB
MemTotal:       12113132 kB
MemFree:         6385028 kB
MemAvailable:    8107620 kB
Buffers:            6632 kB
Cached:          1912836 kB
SwapCached:            0 kB
Active:          1498436 kB
Inactive:        1666716 kB
Active(anon):    1252132 kB
Inactive(anon):    26032 kB
Active(file):     246304 kB
Inactive(file):  1640684 kB
Unevictable:        5552 kB
Mlocked:            5552 kB
SwapTotal:       3145724 kB
SwapFree:        3145724 kB
Dirty:               344 kB
Writeback:             0 kB
AnonPages:       1251420 kB
Mapped:           857328 kB
Shmem:             27980 kB
KReclaimable:     704308 kB
Slab:             224476 kB
SReclaimable:      80104 kB
SUnreclaim:       144372 kB
KernelStack:       46208 kB
PageTables:        62788 kB
NFS_Unstable:          0 kB
Bounce:                0 kB
WritebackTmp:          0 kB
CommitLimit:     9202288 kB
Committed_AS:   66055948 kB
VmallocTotal:   263061440 kB
VmallocUsed:      103212 kB
VmallocChunk:          0 kB
Percpu:             7648 kB
CmaTotal:         294912 kB
CmaFree:               0 kB
MemTotal:       12113132 kB
MemFree:         6384320 kB
MemAvailable:    8106912 kB
Buffers:            6632 kB
Cached:          1912836 kB
SwapCached:            0 kB
Active:          1499108 kB
Inactive:        1666724 kB
Active(anon):    1252812 kB
Inactive(anon):    26032 kB
Active(file):     246296 kB
Inactive(file):  1640692 kB
Unevictable:        5552 kB
Mlocked:            5552 kB
SwapTotal:       3145724 kB
SwapFree:        3145724 kB
Dirty:               336 kB
Writeback:             0 kB
AnonPages:       1251956 kB
Mapped:           857328 kB
Shmem:             27980 kB
KReclaimable:     704308 kB
Slab:             224484 kB
SReclaimable:      80104 kB
SUnreclaim:       144380 kB
KernelStack:       46208 kB
PageTables:        62784 kB
NFS_Unstable:          0 kB
Bounce:                0 kB
WritebackTmp:          0 kB
CommitLimit:     9202288 kB
Committed_AS:   66056008 kB
VmallocTotal:   263061440 kB
VmallocUsed:      103196 kB
VmallocChunk:          0 kB
Percpu:             7648 kB
CmaTotal:         294912 kB
CmaFree:               0 kB
MemTotal:       12113132 kB
MemFree:         6383992 kB
MemAvailable:    8106616 kB
Buffers:            6632 kB
Cached:          1912868 kB
SwapCached:            0 kB
Active:          1499380 kB
Inactive:        1666744 kB
Active(anon):    1253072 kB
Inactive(anon):    26032 kB
Active(file):     246308 kB
Inactive(file):  1640712 kB
Unevictable:        5552 kB
Mlocked:            5552 kB
SwapTotal:       3145724 kB
SwapFree:        3145724 kB
Dirty:               380 kB
Writeback:             0 kB
AnonPages:       1252056 kB
Mapped:           857328 kB
Shmem:             27980 kB
KReclaimable:     704308 kB
Slab:             224476 kB
SReclaimable:      80104 kB
SUnreclaim:       144372 kB
KernelStack:       46208 kB
PageTables:        62776 kB
NFS_Unstable:          0 kB
Bounce:                0 kB
WritebackTmp:          0 kB
CommitLimit:     9202288 kB
Committed_AS:   66056292 kB
VmallocTotal:   263061440 kB
VmallocUsed:      103212 kB
VmallocChunk:          0 kB
Percpu:             7648 kB
CmaTotal:         294912 kB
CmaFree:              44 kB
MemTotal:       12113132 kB
MemFree:         6383376 kB
MemAvailable:    8106008 kB
Buffers:            6632 kB
Cached:          1912876 kB
SwapCached:            0 kB
Active:          1499692 kB
Inactive:        1666756 kB
Active(anon):    1253388 kB
Inactive(anon):    26032 kB
Active(file):     246304 kB
Inactive(file):  1640724 kB
Unevictable:        5552 kB
Mlocked:            5552 kB
SwapTotal:       3145724 kB
SwapFree:        3145724 kB
Dirty:               396 kB
Writeback:             0 kB
AnonPages:       1252520 kB
Mapped:           857328 kB
Shmem:             27980 kB
KReclaimable:     704308 kB
Slab:             224476 kB
SReclaimable:      80104 kB
SUnreclaim:       144372 kB
KernelStack:       46208 kB
PageTables:        62780 kB
NFS_Unstable:          0 kB
Bounce:                0 kB
WritebackTmp:          0 kB
CommitLimit:     9202288 kB
Committed_AS:   66056028 kB
VmallocTotal:   263061440 kB
VmallocUsed:      103164 kB
VmallocChunk:          0 kB
Percpu:             7648 kB
CmaTotal:         294912 kB
CmaFree:               0 kB
MemTotal:       12113132 kB
MemFree:         6382656 kB
MemAvailable:    8105300 kB
Buffers:            6632 kB
Cached:          1912892 kB
SwapCached:            0 kB
Active:          1500528 kB
Inactive:        1666772 kB
Active(anon):    1254224 kB
Inactive(anon):    26036 kB
Active(file):     246304 kB
Inactive(file):  1640736 kB
Unevictable:        5552 kB
Mlocked:            5552 kB
SwapTotal:       3145724 kB
SwapFree:        3145724 kB
Dirty:               440 kB
Writeback:             0 kB
AnonPages:       1253156 kB
Mapped:           857332 kB
Shmem:             27984 kB
KReclaimable:     704308 kB
Slab:             224476 kB
SReclaimable:      80104 kB
SUnreclaim:       144372 kB
KernelStack:       46208 kB
PageTables:        62788 kB
NFS_Unstable:          0 kB
Bounce:                0 kB
WritebackTmp:          0 kB
CommitLimit:     9202288 kB
Committed_AS:   66056256 kB
VmallocTotal:   263061440 kB
VmallocUsed:      103180 kB
VmallocChunk:          0 kB
Percpu:             7648 kB
CmaTotal:         294912 kB
CmaFree:               0 kB
MemTotal:       12113132 kB
MemFree:         6382044 kB
MemAvailable:    8104700 kB
Buffers:            6632 kB
Cached:          1912904 kB
SwapCached:            0 kB
Active:          1501688 kB
Inactive:        1666784 kB
Active(anon):    1255384 kB
Inactive(anon):    26036 kB
Active(file):     246304 kB
Inactive(file):  1640748 kB
Unevictable:        5552 kB
Mlocked:            5552 kB
SwapTotal:       3145724 kB
SwapFree:        3145724 kB
Dirty:               428 kB
Writeback:             0 kB
AnonPages:       1254192 kB
Mapped:           857332 kB
Shmem:             27984 kB
KReclaimable:     704308 kB
Slab:             224484 kB
SReclaimable:      80104 kB
SUnreclaim:       144380 kB
KernelStack:       46220 kB
PageTables:        62872 kB
NFS_Unstable:          0 kB
Bounce:                0 kB
WritebackTmp:          0 kB
CommitLimit:     9202288 kB
Committed_AS:   66046140 kB
VmallocTotal:   263061440 kB
VmallocUsed:      103148 kB
VmallocChunk:          0 kB
Percpu:             7648 kB
CmaTotal:         294912 kB
CmaFree:               0 kB
MemTotal:       12113132 kB
MemFree:         6393492 kB
MemAvailable:    8116156 kB
Buffers:            6632 kB
Cached:          1912912 kB
SwapCached:            0 kB
Active:          1489700 kB
Inactive:        1666792 kB
Active(anon):    1243396 kB
Inactive(anon):    26036 kB
Active(file):     246304 kB
Inactive(file):  1640756 kB
Unevictable:        5552 kB
Mlocked:            5552 kB
SwapTotal:       3145724 kB
SwapFree:        3145724 kB
Dirty:               492 kB
Writeback:             0 kB
AnonPages:       1242328 kB
Mapped:           857332 kB
Shmem:             27984 kB
KReclaimable:     704308 kB
Slab:             224452 kB
SReclaimable:      80104 kB
SUnreclaim:       144348 kB
KernelStack:       46208 kB
PageTables:        62788 kB
NFS_Unstable:          0 kB
Bounce:                0 kB
WritebackTmp:          0 kB
CommitLimit:     9202288 kB
Committed_AS:   66045924 kB
VmallocTotal:   263061440 kB
VmallocUsed:      103196 kB
VmallocChunk:          0 kB
Percpu:             7648 kB
CmaTotal:         294912 kB
CmaFree:               0 kB
MemTotal:       12113132 kB
MemFree:         6392700 kB
MemAvailable:    8115380 kB
Buffers:            6632 kB
Cached:          1912928 kB
SwapCached:            0 kB
Active:          1490428 kB
Inactive:        1666808 kB
Active(anon):    1244124 kB
Inactive(anon):    26036 kB
Active(file):     246304 kB
Inactive(file):  1640772 kB
Unevictable:        5552 kB
Mlocked:            5552 kB
SwapTotal:       3145724 kB
SwapFree:        3145724 kB
Dirty:               508 kB
Writeback:             0 kB
AnonPages:       1243232 kB
Mapped:           857332 kB
Shmem:             27984 kB
KReclaimable:     704308 kB
Slab:             224484 kB
SReclaimable:      80104 kB
SUnreclaim:       144380 kB
KernelStack:       46208 kB
PageTables:        62776 kB
NFS_Unstable:          0 kB
Bounce:                0 kB
WritebackTmp:          0 kB
CommitLimit:     9202288 kB
Committed_AS:   66045748 kB
VmallocTotal:   263061440 kB
VmallocUsed:      103212 kB
VmallocChunk:          0 kB
Percpu:             7648 kB
CmaTotal:         294912 kB
CmaFree:               0 kB
MemTotal:       12113132 kB
MemFree:         6392112 kB
MemAvailable:    8114796 kB
Buffers:            6632 kB
Cached:          1912936 kB
SwapCached:            0 kB
Active:          1491124 kB
Inactive:        1666816 kB
Active(anon):    1244820 kB
Inactive(anon):    26040 kB
Active(file):     246304 kB
Inactive(file):  1640776 kB
Unevictable:        5552 kB
Mlocked:            5552 kB
SwapTotal:       3145724 kB
SwapFree:        3145724 kB
Dirty:               296 kB
Writeback:             0 kB
AnonPages:       1243668 kB
Mapped:           857336 kB
Shmem:             27988 kB
KReclaimable:     704308 kB
Slab:             224452 kB
SReclaimable:      80104 kB
SUnreclaim:       144348 kB
KernelStack:       46208 kB
PageTables:        62792 kB
NFS_Unstable:          0 kB
Bounce:                0 kB
WritebackTmp:          0 kB
CommitLimit:     9202288 kB
Committed_AS:   66050256 kB
VmallocTotal:   263061440 kB
VmallocUsed:      103196 kB
VmallocChunk:          0 kB
Percpu:             7648 kB
CmaTotal:         294912 kB
CmaFree:               0 kB
MemTotal:       12113132 kB
MemFree:         6392176 kB
MemAvailable:    8114884 kB
Buffers:            6636 kB
Cached:          1912952 kB
SwapCached:            0 kB
Active:          1491284 kB
Inactive:        1666836 kB
Active(anon):    1244980 kB
Inactive(anon):    26040 kB
Active(file):     246304 kB
Inactive(file):  1640796 kB
Unevictable:        5552 kB
Mlocked:            5552 kB
SwapTotal:       3145724 kB
SwapFree:        3145724 kB
Dirty:               348 kB
Writeback:             0 kB
AnonPages:       1243944 kB
Mapped:           857336 kB
Shmem:             27988 kB
KReclaimable:     704312 kB
Slab:             224440 kB
SReclaimable:      80108 kB
SUnreclaim:       144332 kB
KernelStack:       46176 kB
PageTables:        62768 kB
NFS_Unstable:          0 kB
Bounce:                0 kB
WritebackTmp:          0 kB
CommitLimit:     9202288 kB
Committed_AS:   66046852 kB
VmallocTotal:   263061440 kB
VmallocUsed:      103148 kB
VmallocChunk:          0 kB
Percpu:             7648 kB
CmaTotal:         294912 kB
CmaFree:               0 kB
MemTotal:       12113132 kB
MemFree:         6391488 kB
MemAvailable:    8114224 kB
Buffers:            6636 kB
Cached:          1912980 kB
SwapCached:            0 kB
Active:          1492156 kB
Inactive:        1666860 kB
Active(anon):    1245848 kB
Inactive(anon):    26040 kB
Active(file):     246308 kB
Inactive(file):  1640820 kB
Unevictable:        5552 kB
Mlocked:            5552 kB
SwapTotal:       3145724 kB
SwapFree:        3145724 kB
Dirty:               340 kB
Writeback:             0 kB
AnonPages:       1244708 kB
Mapped:           857336 kB
Shmem:             27988 kB
KReclaimable:     704312 kB
Slab:             224456 kB
SReclaimable:      80108 kB
SUnreclaim:       144348 kB
KernelStack:       46160 kB
PageTables:        62788 kB
NFS_Unstable:          0 kB
Bounce:                0 kB
WritebackTmp:          0 kB
CommitLimit:     9202288 kB
Committed_AS:   66041008 kB
VmallocTotal:   263061440 kB
VmallocUsed:      103132 kB
VmallocChunk:          0 kB
Percpu:             7648 kB
CmaTotal:         294912 kB
CmaFree:               0 kB
MemTotal:       12113132 kB
MemFree:         6390304 kB
MemAvailable:    8113048 kB
Buffers:            6636 kB
Cached:          1912988 kB
SwapCached:            0 kB
Active:          1492568 kB
Inactive:        1666868 kB
Active(anon):    1246260 kB
Inactive(anon):    26040 kB
Active(file):     246308 kB
Inactive(file):  1640828 kB
Unevictable:        5552 kB
Mlocked:            5552 kB
SwapTotal:       3145724 kB
SwapFree:        3145724 kB
Dirty:               376 kB
Writeback:             0 kB
AnonPages:       1245848 kB
Mapped:           857336 kB
Shmem:             27988 kB
KReclaimable:     704312 kB
Slab:             224432 kB
SReclaimable:      80108 kB
SUnreclaim:       144324 kB
KernelStack:       46160 kB
PageTables:        62772 kB
NFS_Unstable:          0 kB
Bounce:                0 kB
WritebackTmp:          0 kB
CommitLimit:     9202288 kB
Committed_AS:   66050324 kB
VmallocTotal:   263061440 kB
VmallocUsed:      103180 kB
VmallocChunk:          0 kB
Percpu:             7648 kB
CmaTotal:         294912 kB
CmaFree:               0 kB
MemTotal:       12113132 kB
MemFree:         6390576 kB
MemAvailable:    8113328 kB
Buffers:            6636 kB
Cached:          1912996 kB
SwapCached:            0 kB
Active:          1492968 kB
Inactive:        1666876 kB
Active(anon):    1246660 kB
Inactive(anon):    26040 kB
Active(file):     246308 kB
Inactive(file):  1640836 kB
Unevictable:        5552 kB
Mlocked:            5552 kB
SwapTotal:       3145724 kB
SwapFree:        3145724 kB
Dirty:               384 kB
Writeback:             0 kB
AnonPages:       1245360 kB
Mapped:           857336 kB
Shmem:             27988 kB
KReclaimable:     704312 kB
Slab:             224456 kB
SReclaimable:      80108 kB
SUnreclaim:       144348 kB
KernelStack:       46160 kB
PageTables:        62784 kB
NFS_Unstable:          0 kB
Bounce:                0 kB
WritebackTmp:          0 kB
CommitLimit:     9202288 kB
Committed_AS:   66050392 kB
VmallocTotal:   263061440 kB
VmallocUsed:      103164 kB
VmallocChunk:          0 kB
Percpu:             7648 kB
CmaTotal:         294912 kB
CmaFree:               4 kB
MemTotal:       12113132 kB
MemFree:         6389252 kB
MemAvailable:    8112016 kB
Buffers:            6636 kB
Cached:          1913008 kB
SwapCached:            0 kB
Active:          1493512 kB
Inactive:        1666888 kB
Active(anon):    1247204 kB
Inactive(anon):    26040 kB
Active(file):     246308 kB
Inactive(file):  1640848 kB
Unevictable:        5552 kB
Mlocked:            5552 kB
SwapTotal:       3145724 kB
SwapFree:        3145724 kB
Dirty:               396 kB
Writeback:             0 kB
AnonPages:       1246500 kB
Mapped:           857528 kB
Shmem:             27988 kB
KReclaimable:     704312 kB
Slab:             224432 kB
SReclaimable:      80108 kB
SUnreclaim:       144324 kB
KernelStack:       46144 kB
PageTables:        62720 kB
NFS_Unstable:          0 kB
Bounce:                0 kB
WritebackTmp:          0 kB
CommitLimit:     9202288 kB
Committed_AS:   66049864 kB
VmallocTotal:   263061440 kB
VmallocUsed:      103164 kB
VmallocChunk:          0 kB
Percpu:             7648 kB
CmaTotal:         294912 kB
CmaFree:               0 kB
MemTotal:       12113132 kB
MemFree:         6388164 kB
MemAvailable:    8110948 kB
Buffers:            6636 kB
Cached:          1913028 kB
SwapCached:            0 kB
Active:          1494244 kB
Inactive:        1666908 kB
Active(anon):    1247936 kB
Inactive(anon):    26040 kB
Active(file):     246308 kB
Inactive(file):  1640868 kB
Unevictable:        5552 kB
Mlocked:            5552 kB
SwapTotal:       3145724 kB
SwapFree:        3145724 kB
Dirty:               428 kB
Writeback:             0 kB
AnonPages:       1247152 kB
Mapped:           857336 kB
Shmem:             27988 kB
KReclaimable:     704312 kB
Slab:             224448 kB
SReclaimable:      80108 kB
SUnreclaim:       144340 kB
KernelStack:       46128 kB
PageTables:        62788 kB
NFS_Unstable:          0 kB
Bounce:                0 kB
WritebackTmp:          0 kB
CommitLimit:     9202288 kB
Committed_AS:   66055352 kB
VmallocTotal:   263061440 kB
VmallocUsed:      103148 kB
VmallocChunk:          0 kB
Percpu:             7648 kB
CmaTotal:         294912 kB
CmaFree:               0 kB
MemTotal:       12113132 kB
MemFree:         6388384 kB
MemAvailable:    8111172 kB
Buffers:            6636 kB
Cached:          1913032 kB
SwapCached:            0 kB
Active:          1494812 kB
Inactive:        1666912 kB
Active(anon):    1248504 kB
Inactive(anon):    26040 kB
Active(file):     246308 kB
Inactive(file):  1640872 kB
Unevictable:        5552 kB
Mlocked:            5552 kB
SwapTotal:       3145724 kB
SwapFree:        3145724 kB
Dirty:               432 kB
Writeback:             0 kB
AnonPages:       1247416 kB
Mapped:           857336 kB
Shmem:             27988 kB
KReclaimable:     704312 kB
Slab:             224456 kB
SReclaimable:      80108 kB
SUnreclaim:       144348 kB
KernelStack:       46128 kB
PageTables:        62780 kB
NFS_Unstable:          0 kB
Bounce:                0 kB
WritebackTmp:          0 kB
CommitLimit:     9202288 kB
Committed_AS:   66055472 kB
VmallocTotal:   263061440 kB
VmallocUsed:      103100 kB
VmallocChunk:          0 kB
Percpu:             7648 kB
CmaTotal:         294912 kB
CmaFree:               0 kB
MemTotal:       12113132 kB
MemFree:         6388048 kB
MemAvailable:    8110856 kB
Buffers:            6636 kB
Cached:          1913052 kB
SwapCached:            0 kB
Active:          1494964 kB
Inactive:        1666932 kB
Active(anon):    1248656 kB
Inactive(anon):    26040 kB
Active(file):     246308 kB
Inactive(file):  1640892 kB
Unevictable:        5552 kB
Mlocked:            5552 kB
SwapTotal:       3145724 kB
SwapFree:        3145724 kB
Dirty:               452 kB
Writeback:             0 kB
AnonPages:       1247652 kB
Mapped:           857336 kB
Shmem:             27988 kB
KReclaimable:     704312 kB
Slab:             224440 kB
SReclaimable:      80108 kB
SUnreclaim:       144332 kB
KernelStack:       46128 kB
PageTables:        62776 kB
NFS_Unstable:          0 kB
Bounce:                0 kB
WritebackTmp:          0 kB
CommitLimit:     9202288 kB
Committed_AS:   66055340 kB
VmallocTotal:   263061440 kB
VmallocUsed:      103100 kB
VmallocChunk:          0 kB
Percpu:             7648 kB
CmaTotal:         294912 kB
CmaFree:               0 kB
MemTotal:       12113132 kB
MemFree:         6380452 kB
MemAvailable:    8103268 kB
Buffers:            6636 kB
Cached:          1913280 kB
SwapCached:            0 kB
Active:          1503656 kB
Inactive:        1667088 kB
Active(anon):    1257348 kB
Inactive(anon):    26188 kB
Active(file):     246308 kB
Inactive(file):  1640900 kB
Unevictable:        5552 kB
Mlocked:            5552 kB
SwapTotal:       3145724 kB
SwapFree:        3145724 kB
Dirty:               472 kB
Writeback:             0 kB
AnonPages:       1256128 kB
Mapped:           857484 kB
Shmem:             28208 kB
KReclaimable:     704312 kB
Slab:             224464 kB
SReclaimable:      80108 kB
SUnreclaim:       144356 kB
KernelStack:       46128 kB
PageTables:        62800 kB
NFS_Unstable:          0 kB
Bounce:                0 kB
WritebackTmp:          0 kB
CommitLimit:     9202288 kB
Committed_AS:   66055124 kB
VmallocTotal:   263061440 kB
VmallocUsed:      103100 kB
VmallocChunk:          0 kB
Percpu:             7648 kB
CmaTotal:         294912 kB
CmaFree:               0 kB
MemTotal:       12113132 kB
MemFree:         6375132 kB
MemAvailable:    8097964 kB
Buffers:            6636 kB
Cached:          1913076 kB
SwapCached:            0 kB
Active:          1506424 kB
Inactive:        1666956 kB
Active(anon):    1260116 kB
Inactive(anon):    26040 kB
Active(file):     246308 kB
Inactive(file):  1640916 kB
Unevictable:        5552 kB
Mlocked:            5552 kB
SwapTotal:       3145724 kB
SwapFree:        3145724 kB
Dirty:               488 kB
Writeback:             0 kB
AnonPages:       1259228 kB
Mapped:           857336 kB
Shmem:             27988 kB
KReclaimable:     704312 kB
Slab:             224440 kB
SReclaimable:      80108 kB
SUnreclaim:       144332 kB
KernelStack:       46128 kB
PageTables:        62772 kB
NFS_Unstable:          0 kB
Bounce:                0 kB
WritebackTmp:          0 kB
CommitLimit:     9202288 kB
Committed_AS:   66055340 kB
VmallocTotal:   263061440 kB
VmallocUsed:      103100 kB
VmallocChunk:          0 kB
Percpu:             7648 kB
CmaTotal:         294912 kB
CmaFree:               0 kB
MemTotal:       12113132 kB
MemFree:         6375924 kB
MemAvailable:    8098764 kB
Buffers:            6636 kB
Cached:          1913084 kB
SwapCached:            0 kB
Active:          1507092 kB
Inactive:        1666964 kB
Active(anon):    1260784 kB
Inactive(anon):    26040 kB
Active(file):     246308 kB
Inactive(file):  1640924 kB
Unevictable:        5552 kB
Mlocked:            5552 kB
SwapTotal:       3145724 kB
SwapFree:        3145724 kB
Dirty:               520 kB
Writeback:             0 kB
AnonPages:       1259736 kB
Mapped:           857336 kB
Shmem:             27988 kB
KReclaimable:     704312 kB
Slab:             224456 kB
SReclaimable:      80108 kB
SUnreclaim:       144348 kB
KernelStack:       46128 kB
PageTables:        62744 kB
NFS_Unstable:          0 kB
Bounce:                0 kB
WritebackTmp:          0 kB
CommitLimit:     9202288 kB
Committed_AS:   66049644 kB
VmallocTotal:   263061440 kB
VmallocUsed:      103100 kB
VmallocChunk:          0 kB
Percpu:             7648 kB
CmaTotal:         294912 kB
CmaFree:               0 kB
MemTotal:       12113132 kB
MemFree:         6375376 kB
MemAvailable:    8098256 kB
Buffers:            6636 kB
Cached:          1913324 kB
SwapCached:            0 kB
Active:          1506860 kB
Inactive:        1667000 kB
Active(anon):    1260548 kB
Inactive(anon):    26040 kB
Active(file):     246312 kB
Inactive(file):  1640960 kB
Unevictable:        5552 kB
Mlocked:            5552 kB
SwapTotal:       3145724 kB
SwapFree:        3145724 kB
Dirty:               552 kB
Writeback:             0 kB
AnonPages:       1260156 kB
Mapped:           857336 kB
Shmem:             28188 kB
KReclaimable:     704312 kB
Slab:             224456 kB
SReclaimable:      80108 kB
SUnreclaim:       144348 kB
KernelStack:       46112 kB
PageTables:        62776 kB
NFS_Unstable:          0 kB
Bounce:                0 kB
WritebackTmp:          0 kB
CommitLimit:     9202288 kB
Committed_AS:   66062904 kB
VmallocTotal:   263061440 kB
VmallocUsed:      103116 kB
VmallocChunk:          0 kB
Percpu:             7648 kB
CmaTotal:         294912 kB
CmaFree:               0 kB
MemTotal:       12113132 kB
MemFree:         6376028 kB
MemAvailable:    8098888 kB
Buffers:            6636 kB
Cached:          1913104 kB
SwapCached:            0 kB
Active:          1507976 kB
Inactive:        1666984 kB
Active(anon):    1261668 kB
Inactive(anon):    26040 kB
Active(file):     246308 kB
Inactive(file):  1640944 kB
Unevictable:        5552 kB
Mlocked:            5552 kB
SwapTotal:       3145724 kB
SwapFree:        3145724 kB
Dirty:               548 kB
Writeback:             0 kB
AnonPages:       1260780 kB
Mapped:           857288 kB
Shmem:             27988 kB
KReclaimable:     704312 kB
Slab:             224456 kB
SReclaimable:      80108 kB
SUnreclaim:       144348 kB
KernelStack:       46144 kB
PageTables:        62792 kB
NFS_Unstable:          0 kB
Bounce:                0 kB
WritebackTmp:          0 kB
CommitLimit:     9202288 kB
Committed_AS:   66062860 kB
VmallocTotal:   263061440 kB
VmallocUsed:      103100 kB
VmallocChunk:          0 kB
Percpu:             7648 kB
CmaTotal:         294912 kB
CmaFree:               0 kB
MemTotal:       12113132 kB
MemFree:         6375912 kB
MemAvailable:    8098784 kB
Buffers:            6636 kB
Cached:          1913116 kB
SwapCached:            0 kB
Active:          1508548 kB
Inactive:        1666996 kB
Active(anon):    1262240 kB
Inactive(anon):    26040 kB
Active(file):     246308 kB
Inactive(file):  1640956 kB
Unevictable:        5552 kB
Mlocked:            5552 kB
SwapTotal:       3145724 kB
SwapFree:        3145724 kB
Dirty:               608 kB
Writeback:             0 kB
AnonPages:       1261472 kB
Mapped:           857336 kB
Shmem:             27988 kB
KReclaimable:     704312 kB
Slab:             224448 kB
SReclaimable:      80108 kB
SUnreclaim:       144340 kB
KernelStack:       46112 kB
PageTables:        62772 kB
NFS_Unstable:          0 kB
Bounce:                0 kB
WritebackTmp:          0 kB
CommitLimit:     9202288 kB
Committed_AS:   66058840 kB
VmallocTotal:   263061440 kB
VmallocUsed:      103132 kB
VmallocChunk:          0 kB
Percpu:             7648 kB
CmaTotal:         294912 kB
CmaFree:               0 kB
MemTotal:       12113132 kB
MemFree:         6374356 kB
MemAvailable:    8097240 kB
Buffers:            6636 kB
Cached:          1913128 kB
SwapCached:            0 kB
Active:          1508024 kB
Inactive:        1667008 kB
Active(anon):    1261716 kB
Inactive(anon):    26040 kB
Active(file):     246308 kB
Inactive(file):  1640968 kB
Unevictable:        5552 kB
Mlocked:            5552 kB
SwapTotal:       3145724 kB
SwapFree:        3145724 kB
Dirty:               636 kB
Writeback:             0 kB
AnonPages:       1260804 kB
Mapped:           857336 kB
Shmem:             27988 kB
KReclaimable:     704312 kB
Slab:             224448 kB
SReclaimable:      80108 kB
SUnreclaim:       144340 kB
KernelStack:       46112 kB
PageTables:        62772 kB
NFS_Unstable:          0 kB
Bounce:                0 kB
WritebackTmp:          0 kB
CommitLimit:     9202288 kB
Committed_AS:   66054764 kB
VmallocTotal:   263061440 kB
VmallocUsed:      103148 kB
VmallocChunk:          0 kB
Percpu:             7648 kB
CmaTotal:         294912 kB
CmaFree:               0 kB
MemTotal:       12113132 kB
MemFree:         6374644 kB
MemAvailable:    8097548 kB
Buffers:            6644 kB
Cached:          1913140 kB
SwapCached:            0 kB
Active:          1508716 kB
Inactive:        1667020 kB
Active(anon):    1262400 kB
Inactive(anon):    26040 kB
Active(file):     246316 kB
Inactive(file):  1640980 kB
Unevictable:        5552 kB
Mlocked:            5552 kB
SwapTotal:       3145724 kB
SwapFree:        3145724 kB
Dirty:               688 kB
Writeback:             0 kB
AnonPages:       1261624 kB
Mapped:           857336 kB
Shmem:             27988 kB
KReclaimable:     704312 kB
Slab:             224448 kB
SReclaimable:      80108 kB
SUnreclaim:       144340 kB
KernelStack:       46112 kB
PageTables:        62780 kB
NFS_Unstable:          0 kB
Bounce:                0 kB
WritebackTmp:          0 kB
CommitLimit:     9202288 kB
Committed_AS:   66054544 kB
VmallocTotal:   263061440 kB
VmallocUsed:      103100 kB
VmallocChunk:          0 kB
Percpu:             7648 kB
CmaTotal:         294912 kB
CmaFree:               0 kB
MemTotal:       12113132 kB
MemFree:         6374564 kB
MemAvailable:    8097500 kB
Buffers:            6644 kB
Cached:          1913172 kB
SwapCached:            0 kB
Active:          1509084 kB
Inactive:        1667052 kB
Active(anon):    1262768 kB
Inactive(anon):    26040 kB
Active(file):     246316 kB
Inactive(file):  1641012 kB
Unevictable:        5552 kB
Mlocked:            5552 kB
SwapTotal:       3145724 kB
SwapFree:        3145724 kB
Dirty:               628 kB
Writeback:             0 kB
AnonPages:       1262160 kB
Mapped:           857336 kB
Shmem:             27988 kB
KReclaimable:     704312 kB
Slab:             224448 kB
SReclaimable:      80108 kB
SUnreclaim:       144340 kB
KernelStack:       46112 kB
PageTables:        62772 kB
NFS_Unstable:          0 kB
Bounce:                0 kB
WritebackTmp:          0 kB
CommitLimit:     9202288 kB
Committed_AS:   66056492 kB
VmallocTotal:   263061440 kB
VmallocUsed:      103116 kB
VmallocChunk:          0 kB
Percpu:             7648 kB
CmaTotal:         294912 kB
CmaFree:              16 kB
MemTotal:       12113132 kB
MemFree:         6374460 kB
MemAvailable:    8097408 kB
Buffers:            6644 kB
Cached:          1913184 kB
SwapCached:            0 kB
Active:          1510204 kB
Inactive:        1667064 kB
Active(anon):    1263888 kB
Inactive(anon):    26040 kB
Active(file):     246316 kB
Inactive(file):  1641024 kB
Unevictable:        5552 kB
Mlocked:            5552 kB
SwapTotal:       3145724 kB
SwapFree:        3145724 kB
Dirty:               652 kB
Writeback:             0 kB
AnonPages:       1262744 kB
Mapped:           857336 kB
Shmem:             27988 kB
KReclaimable:     704312 kB
Slab:             224448 kB
SReclaimable:      80108 kB
SUnreclaim:       144340 kB
KernelStack:       46112 kB
PageTables:        62776 kB
NFS_Unstable:          0 kB
Bounce:                0 kB
WritebackTmp:          0 kB
CommitLimit:     9202288 kB
Committed_AS:   66055928 kB
VmallocTotal:   263061440 kB
VmallocUsed:      103100 kB
VmallocChunk:          0 kB
Percpu:             7648 kB
CmaTotal:         294912 kB
CmaFree:               4 kB
MemTotal:       12113132 kB
MemFree:         6375752 kB
MemAvailable:    8098736 kB
Buffers:            6644 kB
Cached:          1913220 kB
SwapCached:            0 kB
Active:          1506548 kB
Inactive:        1667096 kB
Active(anon):    1260228 kB
Inactive(anon):    26040 kB
Active(file):     246320 kB
Inactive(file):  1641056 kB
Unevictable:        5552 kB
Mlocked:            5552 kB
SwapTotal:       3145724 kB
SwapFree:        3145724 kB
Dirty:               664 kB
Writeback:             0 kB
AnonPages:       1259640 kB
Mapped:           857336 kB
Shmem:             27988 kB
KReclaimable:     704312 kB
Slab:             224448 kB
SReclaimable:      80108 kB
SUnreclaim:       144340 kB
KernelStack:       46112 kB
PageTables:        62772 kB
NFS_Unstable:          0 kB
Bounce:                0 kB
WritebackTmp:          0 kB
CommitLimit:     9202288 kB
Committed_AS:   66055692 kB
VmallocTotal:   263061440 kB
VmallocUsed:      103116 kB
VmallocChunk:          0 kB
Percpu:             7648 kB
CmaTotal:         294912 kB
CmaFree:               0 kB
MemTotal:       12113132 kB
MemFree:         6374480 kB
MemAvailable:    8097416 kB
Buffers:            6644 kB
Cached:          1913172 kB
SwapCached:            0 kB
Active:          1507480 kB
Inactive:        1667060 kB
Active(anon):    1261172 kB
Inactive(anon):    26040 kB
Active(file):     246308 kB
Inactive(file):  1641020 kB
Unevictable:        5552 kB
Mlocked:            5552 kB
SwapTotal:       3145724 kB
SwapFree:        3145724 kB
Dirty:               668 kB
Writeback:             0 kB
AnonPages:       1260344 kB
Mapped:           857336 kB
Shmem:             27988 kB
KReclaimable:     704312 kB
Slab:             224440 kB
SReclaimable:      80108 kB
SUnreclaim:       144332 kB
KernelStack:       46112 kB
PageTables:        62780 kB
NFS_Unstable:          0 kB
Bounce:                0 kB
WritebackTmp:          0 kB
CommitLimit:     9202288 kB
Committed_AS:   66045124 kB
VmallocTotal:   263061440 kB
VmallocUsed:      103100 kB
VmallocChunk:          0 kB
Percpu:             7648 kB
CmaTotal:         294912 kB
CmaFree:               0 kB
MemTotal:       12113132 kB
MemFree:         6374540 kB
MemAvailable:    8097516 kB
Buffers:            6644 kB
Cached:          1913212 kB
SwapCached:            0 kB
Active:          1507988 kB
Inactive:        1667096 kB
Active(anon):    1261676 kB
Inactive(anon):    26040 kB
Active(file):     246312 kB
Inactive(file):  1641056 kB
Unevictable:        5552 kB
Mlocked:            5552 kB
SwapTotal:       3145724 kB
SwapFree:        3145724 kB
Dirty:               716 kB
Writeback:             0 kB
AnonPages:       1260940 kB
Mapped:           857528 kB
Shmem:             27988 kB
KReclaimable:     704312 kB
Slab:             224448 kB
SReclaimable:      80108 kB
SUnreclaim:       144340 kB
KernelStack:       46112 kB
PageTables:        62864 kB
NFS_Unstable:          0 kB
Bounce:                0 kB
WritebackTmp:          0 kB
CommitLimit:     9202288 kB
Committed_AS:   66050320 kB
VmallocTotal:   263061440 kB
VmallocUsed:      103100 kB
VmallocChunk:          0 kB
Percpu:             7648 kB
CmaTotal:         294912 kB
CmaFree:               4 kB
MemTotal:       12113132 kB
MemFree:         6374944 kB
MemAvailable:    8097940 kB
Buffers:            6644 kB
Cached:          1913232 kB
SwapCached:            0 kB
Active:          1508280 kB
Inactive:        1667112 kB
Active(anon):    1261964 kB
Inactive(anon):    26040 kB
Active(file):     246316 kB
Inactive(file):  1641072 kB
Unevictable:        5552 kB
Mlocked:            5552 kB
SwapTotal:       3145724 kB
SwapFree:        3145724 kB
Dirty:               732 kB
Writeback:             0 kB
AnonPages:       1261084 kB
Mapped:           857336 kB
Shmem:             27988 kB
KReclaimable:     704312 kB
Slab:             224448 kB
SReclaimable:      80108 kB
SUnreclaim:       144340 kB
KernelStack:       46080 kB
PageTables:        62776 kB
NFS_Unstable:          0 kB
Bounce:                0 kB
WritebackTmp:          0 kB
CommitLimit:     9202288 kB
Committed_AS:   66055644 kB
VmallocTotal:   263061440 kB
VmallocUsed:      103116 kB
VmallocChunk:          0 kB
Percpu:             7648 kB
CmaTotal:         294912 kB
CmaFree:               4 kB
MemTotal:       12113132 kB
MemFree:         6373588 kB
MemAvailable:    8096592 kB
Buffers:            6644 kB
Cached:          1913240 kB
SwapCached:            0 kB
Active:          1508868 kB
Inactive:        1667120 kB
Active(anon):    1262552 kB
Inactive(anon):    26040 kB
Active(file):     246316 kB
Inactive(file):  1641080 kB
Unevictable:        5552 kB
Mlocked:            5552 kB
SwapTotal:       3145724 kB
SwapFree:        3145724 kB
Dirty:               740 kB
Writeback:             0 kB
AnonPages:       1261712 kB
Mapped:           857336 kB
Shmem:             27988 kB
KReclaimable:     704312 kB
Slab:             224448 kB
SReclaimable:      80108 kB
SUnreclaim:       144340 kB
KernelStack:       46080 kB
PageTables:        62780 kB
NFS_Unstable:          0 kB
Bounce:                0 kB
WritebackTmp:          0 kB
CommitLimit:     9202288 kB
Committed_AS:   66055540 kB
VmallocTotal:   263061440 kB
VmallocUsed:      103132 kB
VmallocChunk:          0 kB
Percpu:             7648 kB
CmaTotal:         294912 kB
CmaFree:               0 kB
MemTotal:       12113132 kB
MemFree:         6373500 kB
MemAvailable:    8096520 kB
Buffers:            6644 kB
Cached:          1913256 kB
SwapCached:            0 kB
Active:          1509448 kB
Inactive:        1667136 kB
Active(anon):    1263132 kB
Inactive(anon):    26040 kB
Active(file):     246316 kB
Inactive(file):  1641096 kB
Unevictable:        5552 kB
Mlocked:            5552 kB
SwapTotal:       3145724 kB
SwapFree:        3145724 kB
Dirty:               768 kB
Writeback:             0 kB
AnonPages:       1262476 kB
Mapped:           857336 kB
Shmem:             27988 kB
KReclaimable:     704312 kB
Slab:             224448 kB
SReclaimable:      80108 kB
SUnreclaim:       144340 kB
KernelStack:       46080 kB
PageTables:        62776 kB
NFS_Unstable:          0 kB
Bounce:                0 kB
WritebackTmp:          0 kB
CommitLimit:     9202288 kB
Committed_AS:   66055196 kB
VmallocTotal:   263061440 kB
VmallocUsed:      103116 kB
VmallocChunk:          0 kB
Percpu:             7648 kB
CmaTotal:         294912 kB
CmaFree:              60 kB
MemTotal:       12113132 kB
MemFree:         6373412 kB
MemAvailable:    8096440 kB
Buffers:            6644 kB
Cached:          1913264 kB
SwapCached:            0 kB
Active:          1509688 kB
Inactive:        1667144 kB
Active(anon):    1263372 kB
Inactive(anon):    26040 kB
Active(file):     246316 kB
Inactive(file):  1641104 kB
Unevictable:        5552 kB
Mlocked:            5552 kB
SwapTotal:       3145724 kB
SwapFree:        3145724 kB
Dirty:               776 kB
Writeback:             0 kB
AnonPages:       1262188 kB
Mapped:           857336 kB
Shmem:             27988 kB
KReclaimable:     704312 kB
Slab:             224456 kB
SReclaimable:      80108 kB
SUnreclaim:       144348 kB
KernelStack:       46080 kB
PageTables:        62772 kB
NFS_Unstable:          0 kB
Bounce:                0 kB
WritebackTmp:          0 kB
CommitLimit:     9202288 kB
Committed_AS:   66055624 kB
VmallocTotal:   263061440 kB
VmallocUsed:      103068 kB
VmallocChunk:          0 kB
Percpu:             7648 kB
CmaTotal:         294912 kB
CmaFree:               0 kB
MemTotal:       12113132 kB
MemFree:         6373448 kB
MemAvailable:    8096488 kB
Buffers:            6644 kB
Cached:          1913276 kB
SwapCached:            0 kB
Active:          1510096 kB
Inactive:        1667156 kB
Active(anon):    1263780 kB
Inactive(anon):    26040 kB
Active(file):     246316 kB
Inactive(file):  1641116 kB
Unevictable:        5552 kB
Mlocked:            5552 kB
SwapTotal:       3145724 kB
SwapFree:        3145724 kB
Dirty:               824 kB
Writeback:             0 kB
AnonPages:       1262544 kB
Mapped:           857392 kB
Shmem:             27988 kB
KReclaimable:     704312 kB
Slab:             224448 kB
SReclaimable:      80108 kB
SUnreclaim:       144340 kB
KernelStack:       46080 kB
PageTables:        62772 kB
NFS_Unstable:          0 kB
Bounce:                0 kB
WritebackTmp:          0 kB
CommitLimit:     9202288 kB
Committed_AS:   66055360 kB
VmallocTotal:   263061440 kB
VmallocUsed:      103036 kB
VmallocChunk:          0 kB
Percpu:             7648 kB
CmaTotal:         294912 kB
CmaFree:               0 kB
MemTotal:       12113132 kB
MemFree:         6407956 kB
MemAvailable:    8131016 kB
Buffers:            6644 kB
Cached:          1913296 kB
SwapCached:            0 kB
Active:          1474808 kB
Inactive:        1667176 kB
Active(anon):    1228492 kB
Inactive(anon):    26040 kB
Active(file):     246316 kB
Inactive(file):  1641136 kB
Unevictable:        5552 kB
Mlocked:            5552 kB
SwapTotal:       3145724 kB
SwapFree:        3145724 kB
Dirty:               888 kB
Writeback:             0 kB
AnonPages:       1227564 kB
Mapped:           857392 kB
Shmem:             27988 kB
KReclaimable:     704312 kB
Slab:             224448 kB
SReclaimable:      80108 kB
SUnreclaim:       144340 kB
KernelStack:       46064 kB
PageTables:        62836 kB
NFS_Unstable:          0 kB
Bounce:                0 kB
WritebackTmp:          0 kB
CommitLimit:     9202288 kB
Committed_AS:   66049840 kB
VmallocTotal:   263061440 kB
VmallocUsed:      103068 kB
VmallocChunk:          0 kB
Percpu:             7648 kB
CmaTotal:         294912 kB
CmaFree:               8 kB
MemTotal:       12113132 kB
MemFree:         6408700 kB
MemAvailable:    8131768 kB
Buffers:            6644 kB
Cached:          1913304 kB
SwapCached:            0 kB
Active:          1471372 kB
Inactive:        1667184 kB
Active(anon):    1225056 kB
Inactive(anon):    26040 kB
Active(file):     246316 kB
Inactive(file):  1641144 kB
Unevictable:        5552 kB
Mlocked:            5552 kB
SwapTotal:       3145724 kB
SwapFree:        3145724 kB
Dirty:               908 kB
Writeback:             0 kB
AnonPages:       1219156 kB
Mapped:           857392 kB
Shmem:             27988 kB
KReclaimable:     704312 kB
Slab:             224448 kB
SReclaimable:      80108 kB
SUnreclaim:       144340 kB
KernelStack:       46032 kB
PageTables:        62784 kB
NFS_Unstable:          0 kB
Bounce:                0 kB
WritebackTmp:          0 kB
CommitLimit:     9202288 kB
Committed_AS:   66049660 kB
VmallocTotal:   263061440 kB
VmallocUsed:      103068 kB
VmallocChunk:          0 kB
Percpu:             7648 kB
CmaTotal:         294912 kB
CmaFree:               0 kB
MemTotal:       12113132 kB
MemFree:         6419348 kB
MemAvailable:    8142424 kB
Buffers:            6644 kB
Cached:          1913312 kB
SwapCached:            0 kB
Active:          1462884 kB
Inactive:        1667192 kB
Active(anon):    1216568 kB
Inactive(anon):    26040 kB
Active(file):     246316 kB
Inactive(file):  1641152 kB
Unevictable:        5552 kB
Mlocked:            5552 kB
SwapTotal:       3145724 kB
SwapFree:        3145724 kB
Dirty:               916 kB
Writeback:             0 kB
AnonPages:       1215656 kB
Mapped:           857392 kB
Shmem:             27988 kB
KReclaimable:     704312 kB
Slab:             224456 kB
SReclaimable:      80108 kB
SUnreclaim:       144348 kB
KernelStack:       46032 kB
PageTables:        62776 kB
NFS_Unstable:          0 kB
Bounce:                0 kB
WritebackTmp:          0 kB
CommitLimit:     9202288 kB
Committed_AS:   66046032 kB
VmallocTotal:   263061440 kB
VmallocUsed:      103068 kB
VmallocChunk:          0 kB
Percpu:             7648 kB
CmaTotal:         294912 kB
CmaFree:              88 kB
MemTotal:       12113132 kB
MemFree:         6418996 kB
MemAvailable:    8142088 kB
Buffers:            6644 kB
Cached:          1913328 kB
SwapCached:            0 kB
Active:          1463848 kB
Inactive:        1667208 kB
Active(anon):    1217532 kB
Inactive(anon):    26040 kB
Active(file):     246316 kB
Inactive(file):  1641168 kB
Unevictable:        5552 kB
Mlocked:            5552 kB
SwapTotal:       3145724 kB
SwapFree:        3145724 kB
Dirty:               944 kB
Writeback:             0 kB
AnonPages:       1216900 kB
Mapped:           857392 kB
Shmem:             27988 kB
KReclaimable:     704312 kB
Slab:             224448 kB
SReclaimable:      80108 kB
SUnreclaim:       144340 kB
KernelStack:       46032 kB
PageTables:        62784 kB
NFS_Unstable:          0 kB
Bounce:                0 kB
WritebackTmp:          0 kB
CommitLimit:     9202288 kB
Committed_AS:   66050180 kB
VmallocTotal:   263061440 kB
VmallocUsed:      103052 kB
VmallocChunk:          0 kB
Percpu:             7648 kB
CmaTotal:         294912 kB
CmaFree:               0 kB
MemTotal:       12113132 kB
MemFree:         6418728 kB
MemAvailable:    8141828 kB
Buffers:            6648 kB
Cached:          1913336 kB
SwapCached:            0 kB
Active:          1464472 kB
Inactive:        1667216 kB
Active(anon):    1218156 kB
Inactive(anon):    26040 kB
Active(file):     246316 kB
Inactive(file):  1641176 kB
Unevictable:        5552 kB
Mlocked:            5552 kB
SwapTotal:       3145724 kB
SwapFree:        3145724 kB
Dirty:               952 kB
Writeback:             0 kB
AnonPages:       1217188 kB
Mapped:           857392 kB
Shmem:             27988 kB
KReclaimable:     704312 kB
Slab:             224448 kB
SReclaimable:      80108 kB
SUnreclaim:       144340 kB
KernelStack:       46032 kB
PageTables:        62772 kB
NFS_Unstable:          0 kB
Bounce:                0 kB
WritebackTmp:          0 kB
CommitLimit:     9202288 kB
Committed_AS:   66055180 kB
VmallocTotal:   263061440 kB
VmallocUsed:      103068 kB
VmallocChunk:          0 kB
Percpu:             7648 kB
CmaTotal:         294912 kB
CmaFree:               0 kB
MemTotal:       12113132 kB
MemFree:         6417088 kB
MemAvailable:    8140224 kB
Buffers:            6648 kB
Cached:          1913368 kB
SwapCached:            0 kB
Active:          1464656 kB
Inactive:        1667244 kB
Active(anon):    1218332 kB
Inactive(anon):    26040 kB
Active(file):     246324 kB
Inactive(file):  1641204 kB
Unevictable:        5552 kB
Mlocked:            5552 kB
SwapTotal:       3145724 kB
SwapFree:        3145724 kB
Dirty:               944 kB
Writeback:             0 kB
AnonPages:       1217588 kB
Mapped:           857276 kB
Shmem:             27988 kB
KReclaimable:     704312 kB
Slab:             224456 kB
SReclaimable:      80108 kB
SUnreclaim:       144348 kB
KernelStack:       45984 kB
PageTables:        62704 kB
NFS_Unstable:          0 kB
Bounce:                0 kB
WritebackTmp:          0 kB
CommitLimit:     9202288 kB
Committed_AS:   66055536 kB
VmallocTotal:   263061440 kB
VmallocUsed:      103052 kB
VmallocChunk:          0 kB
Percpu:             7648 kB
CmaTotal:         294912 kB
CmaFree:               4 kB
MemTotal:       12113132 kB
MemFree:         6417064 kB
MemAvailable:    8140220 kB
Buffers:            6648 kB
Cached:          1913392 kB
SwapCached:            0 kB
Active:          1465540 kB
Inactive:        1667264 kB
Active(anon):    1219212 kB
Inactive(anon):    26044 kB
Active(file):     246328 kB
Inactive(file):  1641220 kB
Unevictable:        5552 kB
Mlocked:            5552 kB
SwapTotal:       3145724 kB
SwapFree:        3145724 kB
Dirty:               976 kB
Writeback:             0 kB
AnonPages:       1218408 kB
Mapped:           857396 kB
Shmem:             27992 kB
KReclaimable:     704312 kB
Slab:             224440 kB
SReclaimable:      80108 kB
SUnreclaim:       144332 kB
KernelStack:       46000 kB
PageTables:        62776 kB
NFS_Unstable:          0 kB
Bounce:                0 kB
WritebackTmp:          0 kB
CommitLimit:     9202288 kB
Committed_AS:   66055472 kB
VmallocTotal:   263061440 kB
VmallocUsed:      103036 kB
VmallocChunk:          0 kB
Percpu:             7648 kB
CmaTotal:         294912 kB
CmaFree:               0 kB
MemTotal:       12113132 kB
MemFree:         6416444 kB
MemAvailable:    8139600 kB
Buffers:            6648 kB
Cached:          1913392 kB
SwapCached:            0 kB
Active:          1466652 kB
Inactive:        1667268 kB
Active(anon):    1220328 kB
Inactive(anon):    26044 kB
Active(file):     246324 kB
Inactive(file):  1641224 kB
Unevictable:        5552 kB
Mlocked:            5552 kB
SwapTotal:       3145724 kB
SwapFree:        3145724 kB
Dirty:               976 kB
Writeback:             0 kB
AnonPages:       1219528 kB
Mapped:           857396 kB
Shmem:             27992 kB
KReclaimable:     704312 kB
Slab:             224448 kB
SReclaimable:      80108 kB
SUnreclaim:       144340 kB
KernelStack:       46000 kB
PageTables:        62780 kB
NFS_Unstable:          0 kB
Bounce:                0 kB
WritebackTmp:          0 kB
CommitLimit:     9202288 kB
Committed_AS:   66055472 kB
VmallocTotal:   263061440 kB
VmallocUsed:      102988 kB
VmallocChunk:          0 kB
Percpu:             7648 kB
CmaTotal:         294912 kB
CmaFree:               0 kB
MemTotal:       12113132 kB
MemFree:         6417192 kB
MemAvailable:    8140364 kB
Buffers:            6648 kB
Cached:          1913408 kB
SwapCached:            0 kB
Active:          1465280 kB
Inactive:        1667284 kB
Active(anon):    1218956 kB
Inactive(anon):    26044 kB
Active(file):     246324 kB
Inactive(file):  1641240 kB
Unevictable:        5552 kB
Mlocked:            5552 kB
SwapTotal:       3145724 kB
SwapFree:        3145724 kB
Dirty:               472 kB
Writeback:             0 kB
AnonPages:       1218036 kB
Mapped:           857396 kB
Shmem:             27992 kB
KReclaimable:     704312 kB
Slab:             224448 kB
SReclaimable:      80108 kB
SUnreclaim:       144340 kB
KernelStack:       46000 kB
PageTables:        62772 kB
NFS_Unstable:          0 kB
Bounce:                0 kB
WritebackTmp:          0 kB
CommitLimit:     9202288 kB
Committed_AS:   66055340 kB
VmallocTotal:   263061440 kB
VmallocUsed:      102988 kB
VmallocChunk:          0 kB
Percpu:             7648 kB
CmaTotal:         294912 kB
CmaFree:               0 kB
MemTotal:       12113132 kB
MemFree:         6416684 kB
MemAvailable:    8139868 kB
Buffers:            6648 kB
Cached:          1913420 kB
SwapCached:            0 kB
Active:          1466336 kB
Inactive:        1667296 kB
Active(anon):    1220012 kB
Inactive(anon):    26044 kB
Active(file):     246324 kB
Inactive(file):  1641252 kB
Unevictable:        5552 kB
Mlocked:            5552 kB
SwapTotal:       3145724 kB
SwapFree:        3145724 kB
Dirty:               284 kB
Writeback:             0 kB
AnonPages:       1219492 kB
Mapped:           857396 kB
Shmem:             27992 kB
KReclaimable:     704312 kB
Slab:             224452 kB
SReclaimable:      80108 kB
SUnreclaim:       144344 kB
KernelStack:       46016 kB
PageTables:        62772 kB
NFS_Unstable:          0 kB
Bounce:                0 kB
WritebackTmp:          0 kB
CommitLimit:     9202288 kB
Committed_AS:   66055032 kB
VmallocTotal:   263061440 kB
VmallocUsed:      102956 kB
VmallocChunk:          0 kB
Percpu:             7648 kB
CmaTotal:         294912 kB
CmaFree:               0 kB
MemTotal:       12113132 kB
MemFree:         6416480 kB
MemAvailable:    8139680 kB
Buffers:            6648 kB
Cached:          1913436 kB
SwapCached:            0 kB
Active:          1467024 kB
Inactive:        1667312 kB
Active(anon):    1220700 kB
Inactive(anon):    26044 kB
Active(file):     246324 kB
Inactive(file):  1641268 kB
Unevictable:        5552 kB
Mlocked:            5552 kB
SwapTotal:       3145724 kB
SwapFree:        3145724 kB
Dirty:               348 kB
Writeback:             0 kB
AnonPages:       1219792 kB
Mapped:           857396 kB
Shmem:             27992 kB
KReclaimable:     704312 kB
Slab:             224452 kB
SReclaimable:      80108 kB
SUnreclaim:       144344 kB
KernelStack:       46000 kB
PageTables:        62780 kB
NFS_Unstable:          0 kB
Bounce:                0 kB
WritebackTmp:          0 kB
CommitLimit:     9202288 kB
Committed_AS:   66054860 kB
VmallocTotal:   263061440 kB
VmallocUsed:      102956 kB
VmallocChunk:          0 kB
Percpu:             7648 kB
CmaTotal:         294912 kB
CmaFree:               0 kB
MemTotal:       12113132 kB
MemFree:         6416008 kB
MemAvailable:    8139216 kB
Buffers:            6648 kB
Cached:          1913444 kB
SwapCached:            0 kB
Active:          1466940 kB
Inactive:        1667320 kB
Active(anon):    1220616 kB
Inactive(anon):    26044 kB
Active(file):     246324 kB
Inactive(file):  1641276 kB
Unevictable:        5552 kB
Mlocked:            5552 kB
SwapTotal:       3145724 kB
SwapFree:        3145724 kB
Dirty:               356 kB
Writeback:             0 kB
AnonPages:       1219512 kB
Mapped:           857396 kB
Shmem:             27992 kB
KReclaimable:     704312 kB
Slab:             224460 kB
SReclaimable:      80108 kB
SUnreclaim:       144352 kB
KernelStack:       46000 kB
PageTables:        62768 kB
NFS_Unstable:          0 kB
Bounce:                0 kB
WritebackTmp:          0 kB
CommitLimit:     9202288 kB
Committed_AS:   66055076 kB
VmallocTotal:   263061440 kB
VmallocUsed:      102972 kB
VmallocChunk:          0 kB
Percpu:             7648 kB
CmaTotal:         294912 kB
CmaFree:               0 kB
MemTotal:       12113132 kB
MemFree:         6407712 kB
MemAvailable:    8130428 kB
Buffers:            6648 kB
Cached:          1913460 kB
SwapCached:            0 kB
Active:          1476700 kB
Inactive:        1667340 kB
Active(anon):    1230380 kB
Inactive(anon):    26048 kB
Active(file):     246320 kB
Inactive(file):  1641292 kB
Unevictable:        5552 kB
Mlocked:            5552 kB
SwapTotal:       3145724 kB
SwapFree:        3145724 kB
Dirty:               400 kB
Writeback:             0 kB
AnonPages:       1229476 kB
Mapped:           857400 kB
Shmem:             27996 kB
KReclaimable:     704312 kB
Slab:             224444 kB
SReclaimable:      80108 kB
SUnreclaim:       144336 kB
KernelStack:       46000 kB
PageTables:        62768 kB
NFS_Unstable:          0 kB
Bounce:                0 kB
WritebackTmp:          0 kB
CommitLimit:     9202288 kB
Committed_AS:   66054740 kB
VmallocTotal:   263061440 kB
VmallocUsed:      102988 kB
VmallocChunk:          0 kB
Percpu:             7648 kB
CmaTotal:         294912 kB
CmaFree:               0 kB
MemTotal:       12113132 kB
MemFree:         6387944 kB
MemAvailable:    8111148 kB
Buffers:            6648 kB
Cached:          1913448 kB
SwapCached:            0 kB
Active:          1495932 kB
Inactive:        1667328 kB
Active(anon):    1249612 kB
Inactive(anon):    26052 kB
Active(file):     246320 kB
Inactive(file):  1641276 kB
Unevictable:        5552 kB
Mlocked:            5552 kB
SwapTotal:       3145724 kB
SwapFree:        3145724 kB
Dirty:               404 kB
Writeback:             0 kB
AnonPages:       1248440 kB
Mapped:           857404 kB
Shmem:             28000 kB
KReclaimable:     704312 kB
Slab:             224452 kB
SReclaimable:      80108 kB
SUnreclaim:       144344 kB
KernelStack:       46000 kB
PageTables:        62776 kB
NFS_Unstable:          0 kB
Bounce:                0 kB
WritebackTmp:          0 kB
CommitLimit:     9202288 kB
Committed_AS:   66050592 kB
VmallocTotal:   263061440 kB
VmallocUsed:      102988 kB
VmallocChunk:          0 kB
Percpu:             7648 kB
CmaTotal:         294912 kB
CmaFree:               0 kB
MemTotal:       12113132 kB
MemFree:         6387244 kB
MemAvailable:    8110488 kB
Buffers:            6648 kB
Cached:          1913488 kB
SwapCached:            0 kB
Active:          1496880 kB
Inactive:        1667364 kB
Active(anon):    1250556 kB
Inactive(anon):    26052 kB
Active(file):     246324 kB
Inactive(file):  1641312 kB
Unevictable:        5552 kB
Mlocked:            5552 kB
SwapTotal:       3145724 kB
SwapFree:        3145724 kB
Dirty:               452 kB
Writeback:             0 kB
AnonPages:       1249616 kB
Mapped:           857404 kB
Shmem:             28000 kB
KReclaimable:     704312 kB
Slab:             224428 kB
SReclaimable:      80108 kB
SUnreclaim:       144320 kB
KernelStack:       46016 kB
PageTables:        62784 kB
NFS_Unstable:          0 kB
Bounce:                0 kB
WritebackTmp:          0 kB
CommitLimit:     9202288 kB
Committed_AS:   66054112 kB
VmallocTotal:   263061440 kB
VmallocUsed:      103004 kB
VmallocChunk:          0 kB
Percpu:             7648 kB
CmaTotal:         294912 kB
CmaFree:               0 kB
MemTotal:       12113132 kB
MemFree:         6380296 kB
MemAvailable:    8103556 kB
Buffers:            6648 kB
Cached:          1913764 kB
SwapCached:            0 kB
Active:          1501148 kB
Inactive:        1667640 kB
Active(anon):    1254824 kB
Inactive(anon):    26312 kB
Active(file):     246324 kB
Inactive(file):  1641328 kB
Unevictable:        5552 kB
Mlocked:            5552 kB
SwapTotal:       3145724 kB
SwapFree:        3145724 kB
Dirty:               468 kB
Writeback:             0 kB
AnonPages:       1253828 kB
Mapped:           857664 kB
Shmem:             28260 kB
KReclaimable:     704312 kB
Slab:             224460 kB
SReclaimable:      80108 kB
SUnreclaim:       144352 kB
KernelStack:       46000 kB
PageTables:        62776 kB
NFS_Unstable:          0 kB
Bounce:                0 kB
WritebackTmp:          0 kB
CommitLimit:     9202288 kB
Committed_AS:   66061540 kB
VmallocTotal:   263061440 kB
VmallocUsed:      103020 kB
VmallocChunk:          0 kB
Percpu:             7648 kB
CmaTotal:         294912 kB
CmaFree:               0 kB
MemTotal:       12113132 kB
MemFree:         6385420 kB
MemAvailable:    8108684 kB
Buffers:            6648 kB
Cached:          1913508 kB
SwapCached:            0 kB
Active:          1496916 kB
Inactive:        1667384 kB
Active(anon):    1250592 kB
Inactive(anon):    26052 kB
Active(file):     246324 kB
Inactive(file):  1641332 kB
Unevictable:        5552 kB
Mlocked:            5552 kB
SwapTotal:       3145724 kB
SwapFree:        3145724 kB
Dirty:               488 kB
Writeback:             0 kB
AnonPages:       1250148 kB
Mapped:           857440 kB
Shmem:             28000 kB
KReclaimable:     704312 kB
Slab:             224444 kB
SReclaimable:      80108 kB
SUnreclaim:       144336 kB
KernelStack:       46032 kB
PageTables:        62824 kB
NFS_Unstable:          0 kB
Bounce:                0 kB
WritebackTmp:          0 kB
CommitLimit:     9202288 kB
Committed_AS:   66057656 kB
VmallocTotal:   263061440 kB
VmallocUsed:      103020 kB
VmallocChunk:          0 kB
Percpu:             7648 kB
CmaTotal:         294912 kB
CmaFree:               0 kB
MemTotal:       12113132 kB
MemFree:         6394496 kB
MemAvailable:    8117772 kB
Buffers:            6648 kB
Cached:          1913520 kB
SwapCached:            0 kB
Active:          1489484 kB
Inactive:        1667396 kB
Active(anon):    1243160 kB
Inactive(anon):    26052 kB
Active(file):     246324 kB
Inactive(file):  1641344 kB
Unevictable:        5552 kB
Mlocked:            5552 kB
SwapTotal:       3145724 kB
SwapFree:        3145724 kB
Dirty:               500 kB
Writeback:             0 kB
AnonPages:       1242056 kB
Mapped:           857404 kB
Shmem:             28000 kB
KReclaimable:     704312 kB
Slab:             224460 kB
SReclaimable:      80108 kB
SUnreclaim:       144352 kB
KernelStack:       46016 kB
PageTables:        62884 kB
NFS_Unstable:          0 kB
Bounce:                0 kB
WritebackTmp:          0 kB
CommitLimit:     9202288 kB
Committed_AS:   66044600 kB
VmallocTotal:   263061440 kB
VmallocUsed:      103020 kB
VmallocChunk:          0 kB
Percpu:             7648 kB
CmaTotal:         294912 kB
CmaFree:               0 kB
MemTotal:       12113132 kB
MemFree:         6393080 kB
MemAvailable:    8116368 kB
Buffers:            6648 kB
Cached:          1913532 kB
SwapCached:            0 kB
Active:          1489696 kB
Inactive:        1667408 kB
Active(anon):    1243372 kB
Inactive(anon):    26052 kB
Active(file):     246324 kB
Inactive(file):  1641356 kB
Unevictable:        5552 kB
Mlocked:            5552 kB
SwapTotal:       3145724 kB
SwapFree:        3145724 kB
Dirty:               252 kB
Writeback:             0 kB
AnonPages:       1242596 kB
Mapped:           857404 kB
Shmem:             28000 kB
KReclaimable:     704312 kB
Slab:             224460 kB
SReclaimable:      80108 kB
SUnreclaim:       144352 kB
KernelStack:       46000 kB
PageTables:        62772 kB
NFS_Unstable:          0 kB
Bounce:                0 kB
WritebackTmp:          0 kB
CommitLimit:     9202288 kB
Committed_AS:   66048692 kB
VmallocTotal:   263061440 kB
VmallocUsed:      103036 kB
