MemTotal:        5980404 kB
MemFree:         1100252 kB
MemAvailable:    2871316 kB
Buffers:            6388 kB
Cached:          1717244 kB
SwapCached:            0 kB
Active:          1280616 kB
Inactive:        1470000 kB
Active(anon):    1033392 kB
Inactive(anon):    20416 kB
Active(file):     247224 kB
Inactive(file):  1449584 kB
Unevictable:        5628 kB
Mlocked:            5628 kB
SwapTotal:       3670008 kB
SwapFree:        3670008 kB
Dirty:               240 kB
Writeback:             0 kB
AnonPages:       1032556 kB
Mapped:           780060 kB
Shmem:             22236 kB
KReclaimable:     636688 kB
Slab:             223464 kB
SReclaimable:      69612 kB
SUnreclaim:       153852 kB
KernelStack:       43712 kB
PageTables:        55100 kB
NFS_Unstable:          0 kB
Bounce:                0 kB
WritebackTmp:          0 kB
CommitLimit:     6660208 kB
Committed_AS:   61309640 kB
VmallocTotal:   263061440 kB
VmallocUsed:       84036 kB
VmallocChunk:          0 kB
Percpu:             7552 kB
CmaTotal:         315392 kB
CmaFree:               0 kB
MemTotal:        5980404 kB
MemFree:         1094264 kB
MemAvailable:    2865328 kB
Buffers:            6388 kB
Cached:          1717244 kB
SwapCached:            0 kB
Active:          1286204 kB
Inactive:        1469996 kB
Active(anon):    1038976 kB
Inactive(anon):    20416 kB
Active(file):     247228 kB
Inactive(file):  1449580 kB
Unevictable:        5628 kB
Mlocked:            5628 kB
SwapTotal:       3670008 kB
SwapFree:        3670008 kB
Dirty:               260 kB
Writeback:             0 kB
AnonPages:       1038060 kB
Mapped:           780068 kB
Shmem:             22236 kB
KReclaimable:     636688 kB
Slab:             223476 kB
SReclaimable:      69612 kB
SUnreclaim:       153864 kB
KernelStack:       43728 kB
PageTables:        55408 kB
NFS_Unstable:          0 kB
Bounce:                0 kB
WritebackTmp:          0 kB
CommitLimit:     6660208 kB
Committed_AS:   61324740 kB
VmallocTotal:   263061440 kB
VmallocUsed:       84132 kB
VmallocChunk:          0 kB
Percpu:             7552 kB
CmaTotal:         315392 kB
CmaFree:               0 kB
MemTotal:        5980404 kB
MemFree:         1094648 kB
MemAvailable:    2865712 kB
Buffers:            6388 kB
Cached:          1717244 kB
SwapCached:            0 kB
Active:          1286216 kB
Inactive:        1469992 kB
Active(anon):    1038984 kB
Inactive(anon):    20416 kB
Active(file):     247232 kB
Inactive(file):  1449576 kB
Unevictable:        5628 kB
Mlocked:            5628 kB
SwapTotal:       3670008 kB
SwapFree:        3670008 kB
Dirty:               260 kB
Writeback:             0 kB
AnonPages:       1038244 kB
Mapped:           780256 kB
Shmem:             22236 kB
KReclaimable:     636688 kB
Slab:             223468 kB
SReclaimable:      69612 kB
SUnreclaim:       153856 kB
KernelStack:       43744 kB
PageTables:        55428 kB
NFS_Unstable:          0 kB
Bounce:                0 kB
WritebackTmp:          0 kB
CommitLimit:     6660208 kB
Committed_AS:   61326024 kB
VmallocTotal:   263061440 kB
VmallocUsed:       84132 kB
VmallocChunk:          0 kB
Percpu:             7552 kB
CmaTotal:         315392 kB
CmaFree:               0 kB
MemTotal:        5980404 kB
MemFree:         1094116 kB
MemAvailable:    2865204 kB
Buffers:            6392 kB
Cached:          1717264 kB
SwapCached:            0 kB
Active:          1286444 kB
Inactive:        1470012 kB
Active(anon):    1039208 kB
Inactive(anon):    20420 kB
Active(file):     247236 kB
Inactive(file):  1449592 kB
Unevictable:        5628 kB
Mlocked:            5628 kB
SwapTotal:       3670008 kB
SwapFree:        3670008 kB
Dirty:               192 kB
Writeback:             0 kB
AnonPages:       1038540 kB
Mapped:           780072 kB
Shmem:             22240 kB
KReclaimable:     636692 kB
Slab:             223472 kB
SReclaimable:      69616 kB
SUnreclaim:       153856 kB
KernelStack:       43776 kB
PageTables:        55608 kB
NFS_Unstable:          0 kB
Bounce:                0 kB
WritebackTmp:          0 kB
CommitLimit:     6660208 kB
Committed_AS:   61324884 kB
VmallocTotal:   263061440 kB
VmallocUsed:       84116 kB
VmallocChunk:          0 kB
Percpu:             7552 kB
CmaTotal:         315392 kB
CmaFree:               0 kB
MemTotal:        5980404 kB
MemFree:         1093780 kB
MemAvailable:    2864868 kB
Buffers:            6392 kB
Cached:          1717264 kB
SwapCached:            0 kB
Active:          1286676 kB
Inactive:        1470012 kB
Active(anon):    1039440 kB
Inactive(anon):    20420 kB
Active(file):     247236 kB
Inactive(file):  1449592 kB
Unevictable:        5628 kB
Mlocked:            5628 kB
SwapTotal:       3670008 kB
SwapFree:        3670008 kB
Dirty:               192 kB
Writeback:             0 kB
AnonPages:       1038724 kB
Mapped:           779884 kB
Shmem:             22240 kB
KReclaimable:     636692 kB
Slab:             223472 kB
SReclaimable:      69616 kB
SUnreclaim:       153856 kB
KernelStack:       43760 kB
PageTables:        55480 kB
NFS_Unstable:          0 kB
Bounce:                0 kB
WritebackTmp:          0 kB
CommitLimit:     6660208 kB
Committed_AS:   61323640 kB
VmallocTotal:   263061440 kB
VmallocUsed:       84100 kB
VmallocChunk:          0 kB
Percpu:             7552 kB
CmaTotal:         315392 kB
CmaFree:               0 kB
MemTotal:        5980404 kB
MemFree:         1093940 kB
MemAvailable:    2865028 kB
Buffers:            6392 kB
Cached:          1717264 kB
SwapCached:            0 kB
Active:          1287368 kB
Inactive:        1470012 kB
Active(anon):    1040132 kB
Inactive(anon):    20420 kB
Active(file):     247236 kB
Inactive(file):  1449592 kB
Unevictable:        5628 kB
Mlocked:            5628 kB
SwapTotal:       3670008 kB
SwapFree:        3670008 kB
Dirty:               196 kB
Writeback:             0 kB
AnonPages:       1039328 kB
Mapped:           779824 kB
Shmem:             22240 kB
KReclaimable:     636692 kB
Slab:             223476 kB
SReclaimable:      69616 kB
SUnreclaim:       153860 kB
KernelStack:       43760 kB
PageTables:        55440 kB
NFS_Unstable:          0 kB
Bounce:                0 kB
WritebackTmp:          0 kB
CommitLimit:     6660208 kB
Committed_AS:   61322384 kB
VmallocTotal:   263061440 kB
VmallocUsed:       84084 kB
VmallocChunk:          0 kB
Percpu:             7552 kB
CmaTotal:         315392 kB
CmaFree:               0 kB
MemTotal:        5980404 kB
MemFree:         1093636 kB
MemAvailable:    2864724 kB
Buffers:            6392 kB
Cached:          1717264 kB
SwapCached:            0 kB
Active:          1287688 kB
Inactive:        1470012 kB
Active(anon):    1040452 kB
Inactive(anon):    20420 kB
Active(file):     247236 kB
Inactive(file):  1449592 kB
Unevictable:        5628 kB
Mlocked:            5628 kB
SwapTotal:       3670008 kB
SwapFree:        3670008 kB
Dirty:               200 kB
Writeback:             0 kB
AnonPages:       1039568 kB
Mapped:           780072 kB
Shmem:             22240 kB
KReclaimable:     636692 kB
Slab:             223484 kB
SReclaimable:      69616 kB
SUnreclaim:       153868 kB
KernelStack:       43712 kB
PageTables:        55632 kB
NFS_Unstable:          0 kB
Bounce:                0 kB
WritebackTmp:          0 kB
CommitLimit:     6660208 kB
Committed_AS:   61322072 kB
VmallocTotal:   263061440 kB
VmallocUsed:       84020 kB
VmallocChunk:          0 kB
Percpu:             7552 kB
CmaTotal:         315392 kB
CmaFree:               0 kB
MemTotal:        5980404 kB
MemFree:         1093244 kB
MemAvailable:    2864332 kB
Buffers:            6392 kB
Cached:          1717264 kB
SwapCached:            0 kB
Active:          1288408 kB
Inactive:        1470012 kB
Active(anon):    1041172 kB
Inactive(anon):    20420 kB
Active(file):     247236 kB
Inactive(file):  1449592 kB
Unevictable:        5628 kB
Mlocked:            5628 kB
SwapTotal:       3670008 kB
SwapFree:        3670008 kB
Dirty:               200 kB
Writeback:             0 kB
AnonPages:       1039668 kB
Mapped:           780296 kB
Shmem:             22240 kB
KReclaimable:     636692 kB
Slab:             223484 kB
SReclaimable:      69616 kB
SUnreclaim:       153868 kB
KernelStack:       43760 kB
PageTables:        55696 kB
NFS_Unstable:          0 kB
Bounce:                0 kB
WritebackTmp:          0 kB
CommitLimit:     6660208 kB
Committed_AS:   61321396 kB
VmallocTotal:   263061440 kB
VmallocUsed:       84052 kB
VmallocChunk:          0 kB
Percpu:             7552 kB
CmaTotal:         315392 kB
CmaFree:               0 kB
MemTotal:        5980404 kB
MemFree:         1092784 kB
MemAvailable:    2863872 kB
Buffers:            6392 kB
Cached:          1717264 kB
SwapCached:            0 kB
Active:          1288544 kB
Inactive:        1470012 kB
Active(anon):    1041308 kB
Inactive(anon):    20420 kB
Active(file):     247236 kB
Inactive(file):  1449592 kB
Unevictable:        5628 kB
Mlocked:            5628 kB
SwapTotal:       3670008 kB
SwapFree:        3670008 kB
Dirty:               200 kB
Writeback:             0 kB
AnonPages:       1040452 kB
Mapped:           779920 kB
Shmem:             22240 kB
KReclaimable:     636692 kB
Slab:             223484 kB
SReclaimable:      69616 kB
SUnreclaim:       153868 kB
KernelStack:       43760 kB
PageTables:        55464 kB
NFS_Unstable:          0 kB
Bounce:                0 kB
WritebackTmp:          0 kB
CommitLimit:     6660208 kB
Committed_AS:   61325032 kB
VmallocTotal:   263061440 kB
VmallocUsed:       84036 kB
VmallocChunk:          0 kB
Percpu:             7552 kB
CmaTotal:         315392 kB
CmaFree:               0 kB
MemTotal:        5980404 kB
MemFree:         1092300 kB
MemAvailable:    2863388 kB
Buffers:            6392 kB
Cached:          1717268 kB
SwapCached:            0 kB
Active:          1288920 kB
Inactive:        1470016 kB
Active(anon):    1041684 kB
Inactive(anon):    20424 kB
Active(file):     247236 kB
Inactive(file):  1449592 kB
Unevictable:        5628 kB
Mlocked:            5628 kB
SwapTotal:       3670008 kB
SwapFree:        3670008 kB
Dirty:               200 kB
Writeback:             0 kB
AnonPages:       1040264 kB
Mapped:           780076 kB
Shmem:             22244 kB
KReclaimable:     636692 kB
Slab:             223476 kB
SReclaimable:      69616 kB
SUnreclaim:       153860 kB
KernelStack:       43728 kB
PageTables:        55428 kB
NFS_Unstable:          0 kB
Bounce:                0 kB
WritebackTmp:          0 kB
CommitLimit:     6660208 kB
Committed_AS:   61324100 kB
VmallocTotal:   263061440 kB
VmallocUsed:       84036 kB
VmallocChunk:          0 kB
Percpu:             7552 kB
CmaTotal:         315392 kB
CmaFree:               0 kB
MemTotal:        5980404 kB
MemFree:         1091604 kB
MemAvailable:    2862692 kB
Buffers:            6392 kB
Cached:          1717284 kB
SwapCached:            0 kB
Active:          1288836 kB
Inactive:        1470032 kB
Active(anon):    1041600 kB
Inactive(anon):    20440 kB
Active(file):     247236 kB
Inactive(file):  1449592 kB
Unevictable:        5628 kB
Mlocked:            5628 kB
SwapTotal:       3670008 kB
SwapFree:        3670008 kB
Dirty:               200 kB
Writeback:             0 kB
AnonPages:       1040660 kB
Mapped:           780092 kB
Shmem:             22260 kB
KReclaimable:     636692 kB
Slab:             223476 kB
SReclaimable:      69616 kB
SUnreclaim:       153860 kB
KernelStack:       43760 kB
PageTables:        55424 kB
NFS_Unstable:          0 kB
Bounce:                0 kB
WritebackTmp:          0 kB
CommitLimit:     6660208 kB
Committed_AS:   61324432 kB
VmallocTotal:   263061440 kB
VmallocUsed:       84100 kB
VmallocChunk:          0 kB
Percpu:             7552 kB
CmaTotal:         315392 kB
CmaFree:               0 kB
MemTotal:        5980404 kB
MemFree:         1091272 kB
MemAvailable:    2862360 kB
Buffers:            6392 kB
Cached:          1717284 kB
SwapCached:            0 kB
Active:          1289124 kB
Inactive:        1470032 kB
Active(anon):    1041888 kB
Inactive(anon):    20440 kB
Active(file):     247236 kB
Inactive(file):  1449592 kB
Unevictable:        5628 kB
Mlocked:            5628 kB
SwapTotal:       3670008 kB
SwapFree:        3670008 kB
Dirty:               200 kB
Writeback:             0 kB
AnonPages:       1041232 kB
Mapped:           780032 kB
Shmem:             22260 kB
KReclaimable:     636692 kB
Slab:             223484 kB
SReclaimable:      69616 kB
SUnreclaim:       153868 kB
KernelStack:       43728 kB
PageTables:        55364 kB
NFS_Unstable:          0 kB
Bounce:                0 kB
WritebackTmp:          0 kB
CommitLimit:     6660208 kB
Committed_AS:   61323044 kB
VmallocTotal:   263061440 kB
VmallocUsed:       84100 kB
VmallocChunk:          0 kB
Percpu:             7552 kB
CmaTotal:         315392 kB
CmaFree:               0 kB
MemTotal:        5980404 kB
MemFree:         1091744 kB
MemAvailable:    2862832 kB
Buffers:            6392 kB
Cached:          1717284 kB
SwapCached:            0 kB
Active:          1288468 kB
Inactive:        1470032 kB
Active(anon):    1041232 kB
Inactive(anon):    20440 kB
Active(file):     247236 kB
Inactive(file):  1449592 kB
Unevictable:        5628 kB
Mlocked:            5628 kB
SwapTotal:       3670008 kB
SwapFree:        3670008 kB
Dirty:               216 kB
Writeback:             0 kB
AnonPages:       1040416 kB
Mapped:           780092 kB
Shmem:             22260 kB
KReclaimable:     636692 kB
Slab:             223480 kB
SReclaimable:      69616 kB
SUnreclaim:       153864 kB
KernelStack:       43744 kB
PageTables:        55536 kB
NFS_Unstable:          0 kB
Bounce:                0 kB
WritebackTmp:          0 kB
CommitLimit:     6660208 kB
Committed_AS:   61321272 kB
VmallocTotal:   263061440 kB
VmallocUsed:       84100 kB
VmallocChunk:          0 kB
Percpu:             7552 kB
CmaTotal:         315392 kB
CmaFree:               0 kB
MemTotal:        5980404 kB
MemFree:         1091192 kB
MemAvailable:    2862280 kB
Buffers:            6392 kB
Cached:          1717284 kB
SwapCached:            0 kB
Active:          1288644 kB
Inactive:        1470032 kB
Active(anon):    1041408 kB
Inactive(anon):    20440 kB
Active(file):     247236 kB
Inactive(file):  1449592 kB
Unevictable:        5628 kB
Mlocked:            5628 kB
SwapTotal:       3670008 kB
SwapFree:        3670008 kB
Dirty:               236 kB
Writeback:             0 kB
AnonPages:       1040736 kB
Mapped:           780156 kB
Shmem:             22260 kB
KReclaimable:     636692 kB
Slab:             223492 kB
SReclaimable:      69616 kB
SUnreclaim:       153876 kB
KernelStack:       43728 kB
PageTables:        55392 kB
NFS_Unstable:          0 kB
Bounce:                0 kB
WritebackTmp:          0 kB
CommitLimit:     6660208 kB
Committed_AS:   61325560 kB
VmallocTotal:   263061440 kB
VmallocUsed:       84100 kB
VmallocChunk:          0 kB
Percpu:             7552 kB
CmaTotal:         315392 kB
CmaFree:              40 kB
MemTotal:        5980404 kB
MemFree:         1092744 kB
MemAvailable:    2863832 kB
Buffers:            6392 kB
Cached:          1717284 kB
SwapCached:            0 kB
Active:          1287928 kB
Inactive:        1470032 kB
Active(anon):    1040692 kB
Inactive(anon):    20440 kB
Active(file):     247236 kB
Inactive(file):  1449592 kB
Unevictable:        5628 kB
Mlocked:            5628 kB
SwapTotal:       3670008 kB
SwapFree:        3670008 kB
Dirty:               260 kB
Writeback:             0 kB
AnonPages:       1039816 kB
Mapped:           779924 kB
Shmem:             22260 kB
KReclaimable:     636692 kB
Slab:             223492 kB
SReclaimable:      69616 kB
SUnreclaim:       153876 kB
KernelStack:       43728 kB
PageTables:        55472 kB
NFS_Unstable:          0 kB
Bounce:                0 kB
WritebackTmp:          0 kB
CommitLimit:     6660208 kB
Committed_AS:   61323932 kB
VmallocTotal:   263061440 kB
VmallocUsed:       84132 kB
VmallocChunk:          0 kB
Percpu:             7552 kB
CmaTotal:         315392 kB
CmaFree:               0 kB
MemTotal:        5980404 kB
MemFree:         1092388 kB
MemAvailable:    2863476 kB
Buffers:            6392 kB
Cached:          1717284 kB
SwapCached:            0 kB
Active:          1288756 kB
Inactive:        1470032 kB
Active(anon):    1041520 kB
Inactive(anon):    20440 kB
Active(file):     247236 kB
Inactive(file):  1449592 kB
Unevictable:        5628 kB
Mlocked:            5628 kB
SwapTotal:       3670008 kB
SwapFree:        3670008 kB
Dirty:               264 kB
Writeback:             0 kB
AnonPages:       1040700 kB
Mapped:           780000 kB
Shmem:             22260 kB
KReclaimable:     636692 kB
Slab:             223484 kB
SReclaimable:      69616 kB
SUnreclaim:       153868 kB
KernelStack:       43696 kB
PageTables:        55376 kB
NFS_Unstable:          0 kB
Bounce:                0 kB
WritebackTmp:          0 kB
CommitLimit:     6660208 kB
Committed_AS:   61327400 kB
VmallocTotal:   263061440 kB
VmallocUsed:       84132 kB
VmallocChunk:          0 kB
Percpu:             7552 kB
CmaTotal:         315392 kB
CmaFree:               0 kB
MemTotal:        5980404 kB
MemFree:         1090216 kB
MemAvailable:    2861304 kB
Buffers:            6392 kB
Cached:          1717284 kB
SwapCached:            0 kB
Active:          1289088 kB
Inactive:        1470032 kB
Active(anon):    1041852 kB
Inactive(anon):    20440 kB
Active(file):     247236 kB
Inactive(file):  1449592 kB
Unevictable:        5628 kB
Mlocked:            5628 kB
SwapTotal:       3670008 kB
SwapFree:        3670008 kB
Dirty:               272 kB
Writeback:             0 kB
AnonPages:       1040680 kB
Mapped:           779864 kB
Shmem:             22260 kB
KReclaimable:     636692 kB
Slab:             223484 kB
SReclaimable:      69616 kB
SUnreclaim:       153868 kB
KernelStack:       43728 kB
PageTables:        55416 kB
NFS_Unstable:          0 kB
Bounce:                0 kB
WritebackTmp:          0 kB
CommitLimit:     6660208 kB
Committed_AS:   61324456 kB
VmallocTotal:   263061440 kB
VmallocUsed:       84116 kB
VmallocChunk:          0 kB
Percpu:             7552 kB
CmaTotal:         315392 kB
CmaFree:              16 kB
MemTotal:        5980404 kB
MemFree:         1090952 kB
MemAvailable:    2862040 kB
Buffers:            6392 kB
Cached:          1717288 kB
SwapCached:            0 kB
Active:          1289564 kB
Inactive:        1470036 kB
Active(anon):    1042328 kB
Inactive(anon):    20444 kB
Active(file):     247236 kB
Inactive(file):  1449592 kB
Unevictable:        5628 kB
Mlocked:            5628 kB
SwapTotal:       3670008 kB
SwapFree:        3670008 kB
Dirty:               272 kB
Writeback:             0 kB
AnonPages:       1041332 kB
Mapped:           779932 kB
Shmem:             22264 kB
KReclaimable:     636692 kB
Slab:             223484 kB
SReclaimable:      69616 kB
SUnreclaim:       153868 kB
KernelStack:       43760 kB
PageTables:        55440 kB
NFS_Unstable:          0 kB
Bounce:                0 kB
WritebackTmp:          0 kB
CommitLimit:     6660208 kB
Committed_AS:   61324932 kB
VmallocTotal:   263061440 kB
VmallocUsed:       84116 kB
VmallocChunk:          0 kB
Percpu:             7552 kB
CmaTotal:         315392 kB
CmaFree:               0 kB
MemTotal:        5980404 kB
MemFree:         1091176 kB
MemAvailable:    2862264 kB
Buffers:            6392 kB
Cached:          1717288 kB
SwapCached:            0 kB
Active:          1289496 kB
Inactive:        1470036 kB
Active(anon):    1042260 kB
Inactive(anon):    20444 kB
Active(file):     247236 kB
Inactive(file):  1449592 kB
Unevictable:        5628 kB
Mlocked:            5628 kB
SwapTotal:       3670008 kB
SwapFree:        3670008 kB
Dirty:               272 kB
Writeback:             0 kB
AnonPages:       1041476 kB
Mapped:           780024 kB
Shmem:             22264 kB
KReclaimable:     636692 kB
Slab:             223476 kB
SReclaimable:      69616 kB
SUnreclaim:       153860 kB
KernelStack:       43744 kB
PageTables:        55416 kB
NFS_Unstable:          0 kB
Bounce:                0 kB
WritebackTmp:          0 kB
CommitLimit:     6660208 kB
Committed_AS:   61325524 kB
VmallocTotal:   263061440 kB
VmallocUsed:       84116 kB
VmallocChunk:          0 kB
Percpu:             7552 kB
CmaTotal:         315392 kB
CmaFree:               4 kB
MemTotal:        5980404 kB
MemFree:         1090608 kB
MemAvailable:    2861712 kB
Buffers:            6396 kB
Cached:          1717300 kB
SwapCached:            0 kB
Active:          1290068 kB
Inactive:        1470044 kB
Active(anon):    1042824 kB
Inactive(anon):    20444 kB
Active(file):     247244 kB
Inactive(file):  1449600 kB
Unevictable:        5628 kB
Mlocked:            5628 kB
SwapTotal:       3670008 kB
SwapFree:        3670008 kB
Dirty:               292 kB
Writeback:             0 kB
AnonPages:       1041972 kB
Mapped:           780056 kB
Shmem:             22264 kB
KReclaimable:     636692 kB
Slab:             223484 kB
SReclaimable:      69616 kB
SUnreclaim:       153868 kB
KernelStack:       43744 kB
PageTables:        55528 kB
NFS_Unstable:          0 kB
Bounce:                0 kB
WritebackTmp:          0 kB
CommitLimit:     6660208 kB
Committed_AS:   61321392 kB
VmallocTotal:   263061440 kB
VmallocUsed:       84084 kB
VmallocChunk:          0 kB
Percpu:             7552 kB
CmaTotal:         315392 kB
CmaFree:               0 kB
MemTotal:        5980404 kB
MemFree:         1090368 kB
MemAvailable:    2861472 kB
Buffers:            6396 kB
Cached:          1717300 kB
SwapCached:            0 kB
Active:          1289872 kB
Inactive:        1470048 kB
Active(anon):    1042632 kB
Inactive(anon):    20444 kB
Active(file):     247240 kB
Inactive(file):  1449604 kB
Unevictable:        5628 kB
Mlocked:            5628 kB
SwapTotal:       3670008 kB
SwapFree:        3670008 kB
Dirty:               344 kB
Writeback:             0 kB
AnonPages:       1041724 kB
Mapped:           780096 kB
Shmem:             22264 kB
KReclaimable:     636692 kB
Slab:             223484 kB
SReclaimable:      69616 kB
SUnreclaim:       153868 kB
KernelStack:       43696 kB
PageTables:        55504 kB
NFS_Unstable:          0 kB
Bounce:                0 kB
WritebackTmp:          0 kB
CommitLimit:     6660208 kB
Committed_AS:   61320216 kB
VmallocTotal:   263061440 kB
VmallocUsed:       84084 kB
VmallocChunk:          0 kB
Percpu:             7552 kB
CmaTotal:         315392 kB
CmaFree:               0 kB
MemTotal:        5980404 kB
MemFree:         1091076 kB
MemAvailable:    2862192 kB
Buffers:            6396 kB
Cached:          1717312 kB
SwapCached:            0 kB
Active:          1290484 kB
Inactive:        1470056 kB
Active(anon):    1043240 kB
Inactive(anon):    20444 kB
Active(file):     247244 kB
Inactive(file):  1449612 kB
Unevictable:        5628 kB
Mlocked:            5628 kB
SwapTotal:       3670008 kB
SwapFree:        3670008 kB
Dirty:               348 kB
Writeback:             0 kB
AnonPages:       1042276 kB
Mapped:           779908 kB
Shmem:             22264 kB
KReclaimable:     636692 kB
Slab:             223492 kB
SReclaimable:      69616 kB
SUnreclaim:       153876 kB
KernelStack:       43712 kB
PageTables:        55368 kB
NFS_Unstable:          0 kB
Bounce:                0 kB
WritebackTmp:          0 kB
CommitLimit:     6660208 kB
Committed_AS:   61326040 kB
VmallocTotal:   263061440 kB
VmallocUsed:       84036 kB
VmallocChunk:          0 kB
Percpu:             7552 kB
CmaTotal:         315392 kB
CmaFree:               0 kB
MemTotal:        5980404 kB
MemFree:         1089812 kB
MemAvailable:    2860916 kB
Buffers:            6396 kB
Cached:          1717300 kB
SwapCached:            0 kB
Active:          1290256 kB
Inactive:        1470048 kB
Active(anon):    1043016 kB
Inactive(anon):    20444 kB
Active(file):     247240 kB
Inactive(file):  1449604 kB
Unevictable:        5628 kB
Mlocked:            5628 kB
SwapTotal:       3670008 kB
SwapFree:        3670008 kB
Dirty:               356 kB
Writeback:             0 kB
AnonPages:       1042344 kB
Mapped:           780096 kB
Shmem:             22264 kB
KReclaimable:     636692 kB
Slab:             223500 kB
SReclaimable:      69616 kB
SUnreclaim:       153884 kB
KernelStack:       43744 kB
PageTables:        55552 kB
NFS_Unstable:          0 kB
Bounce:                0 kB
WritebackTmp:          0 kB
CommitLimit:     6660208 kB
Committed_AS:   61324548 kB
VmallocTotal:   263061440 kB
VmallocUsed:       84084 kB
VmallocChunk:          0 kB
Percpu:             7552 kB
CmaTotal:         315392 kB
CmaFree:               0 kB
MemTotal:        5980404 kB
MemFree:         1089468 kB
MemAvailable:    2860572 kB
Buffers:            6396 kB
Cached:          1717300 kB
SwapCached:            0 kB
Active:          1291024 kB
Inactive:        1470048 kB
Active(anon):    1043784 kB
Inactive(anon):    20444 kB
Active(file):     247240 kB
Inactive(file):  1449604 kB
Unevictable:        5628 kB
Mlocked:            5628 kB
SwapTotal:       3670008 kB
SwapFree:        3670008 kB
Dirty:               360 kB
Writeback:             0 kB
AnonPages:       1042956 kB
Mapped:           779640 kB
Shmem:             22264 kB
KReclaimable:     636692 kB
Slab:             223492 kB
SReclaimable:      69616 kB
SUnreclaim:       153876 kB
KernelStack:       43728 kB
PageTables:        55080 kB
NFS_Unstable:          0 kB
Bounce:                0 kB
WritebackTmp:          0 kB
CommitLimit:     6660208 kB
Committed_AS:   61326740 kB
VmallocTotal:   263061440 kB
VmallocUsed:       84100 kB
VmallocChunk:          0 kB
Percpu:             7552 kB
CmaTotal:         315392 kB
CmaFree:               0 kB
MemTotal:        5980404 kB
MemFree:         1088232 kB
MemAvailable:    2859392 kB
Buffers:            6396 kB
Cached:          1717360 kB
SwapCached:            0 kB
Active:          1291056 kB
Inactive:        1470096 kB
Active(anon):    1043804 kB
Inactive(anon):    20448 kB
Active(file):     247252 kB
Inactive(file):  1449648 kB
Unevictable:        5628 kB
Mlocked:            5628 kB
SwapTotal:       3670008 kB
SwapFree:        3670008 kB
Dirty:               264 kB
Writeback:             0 kB
AnonPages:       1043100 kB
Mapped:           779932 kB
Shmem:             22268 kB
KReclaimable:     636692 kB
Slab:             223560 kB
SReclaimable:      69616 kB
SUnreclaim:       153944 kB
KernelStack:       43744 kB
PageTables:        55472 kB
NFS_Unstable:          0 kB
Bounce:                0 kB
WritebackTmp:          0 kB
CommitLimit:     6660208 kB
Committed_AS:   61325984 kB
VmallocTotal:   263061440 kB
VmallocUsed:       84100 kB
VmallocChunk:          0 kB
Percpu:             7552 kB
CmaTotal:         315392 kB
CmaFree:               0 kB
MemTotal:        5980404 kB
MemFree:         1088808 kB
MemAvailable:    2860056 kB
Buffers:            6396 kB
Cached:          1717448 kB
SwapCached:            0 kB
Active:          1291880 kB
Inactive:        1470172 kB
Active(anon):    1044616 kB
Inactive(anon):    20448 kB
Active(file):     247264 kB
Inactive(file):  1449724 kB
Unevictable:        5628 kB
Mlocked:            5628 kB
SwapTotal:       3670008 kB
SwapFree:        3670008 kB
Dirty:               376 kB
Writeback:             0 kB
AnonPages:       1043612 kB
Mapped:           780116 kB
Shmem:             22268 kB
KReclaimable:     636692 kB
Slab:             223520 kB
SReclaimable:      69616 kB
SUnreclaim:       153904 kB
KernelStack:       43840 kB
PageTables:        55416 kB
NFS_Unstable:          0 kB
Bounce:                0 kB
WritebackTmp:          0 kB
CommitLimit:     6660208 kB
Committed_AS:   61326200 kB
VmallocTotal:   263061440 kB
VmallocUsed:       84212 kB
VmallocChunk:          0 kB
Percpu:             7552 kB
CmaTotal:         315392 kB
CmaFree:               0 kB
MemTotal:        5980404 kB
MemFree:         1087344 kB
MemAvailable:    2858604 kB
Buffers:            6396 kB
Cached:          1717460 kB
SwapCached:            0 kB
Active:          1292132 kB
Inactive:        1470180 kB
Active(anon):    1044864 kB
Inactive(anon):    20448 kB
Active(file):     247268 kB
Inactive(file):  1449732 kB
Unevictable:        5628 kB
Mlocked:            5628 kB
SwapTotal:       3670008 kB
SwapFree:        3670008 kB
Dirty:               400 kB
Writeback:             0 kB
AnonPages:       1043948 kB
Mapped:           780100 kB
Shmem:             22268 kB
KReclaimable:     636692 kB
Slab:             223512 kB
SReclaimable:      69616 kB
SUnreclaim:       153896 kB
KernelStack:       43920 kB
PageTables:        55420 kB
NFS_Unstable:          0 kB
Bounce:                0 kB
WritebackTmp:          0 kB
CommitLimit:     6660208 kB
Committed_AS:   61323080 kB
VmallocTotal:   263061440 kB
VmallocUsed:       84244 kB
VmallocChunk:          0 kB
Percpu:             7552 kB
CmaTotal:         315392 kB
CmaFree:               0 kB
MemTotal:        5980404 kB
MemFree:         1087968 kB
MemAvailable:    2859216 kB
Buffers:            6396 kB
Cached:          1717448 kB
SwapCached:            0 kB
Active:          1291820 kB
Inactive:        1470172 kB
Active(anon):    1044556 kB
Inactive(anon):    20448 kB
Active(file):     247264 kB
Inactive(file):  1449724 kB
Unevictable:        5628 kB
Mlocked:            5628 kB
SwapTotal:       3670008 kB
SwapFree:        3670008 kB
Dirty:               428 kB
Writeback:             0 kB
AnonPages:       1044152 kB
Mapped:           780100 kB
Shmem:             22268 kB
KReclaimable:     636692 kB
Slab:             223560 kB
SReclaimable:      69616 kB
SUnreclaim:       153944 kB
KernelStack:       43872 kB
PageTables:        55436 kB
NFS_Unstable:          0 kB
Bounce:                0 kB
WritebackTmp:          0 kB
CommitLimit:     6660208 kB
Committed_AS:   61321364 kB
VmallocTotal:   263061440 kB
VmallocUsed:       84244 kB
VmallocChunk:          0 kB
Percpu:             7552 kB
CmaTotal:         315392 kB
CmaFree:               0 kB
MemTotal:        5980404 kB
MemFree:         1087124 kB
MemAvailable:    2858372 kB
Buffers:            6396 kB
Cached:          1717448 kB
SwapCached:            0 kB
Active:          1293688 kB
Inactive:        1470172 kB
Active(anon):    1046424 kB
Inactive(anon):    20448 kB
Active(file):     247264 kB
Inactive(file):  1449724 kB
Unevictable:        5628 kB
Mlocked:            5628 kB
SwapTotal:       3670008 kB
SwapFree:        3670008 kB
Dirty:               164 kB
Writeback:             0 kB
AnonPages:       1045744 kB
Mapped:           780100 kB
Shmem:             22268 kB
KReclaimable:     636692 kB
Slab:             223456 kB
SReclaimable:      69616 kB
SUnreclaim:       153840 kB
KernelStack:       43888 kB
PageTables:        55448 kB
NFS_Unstable:          0 kB
Bounce:                0 kB
WritebackTmp:          0 kB
CommitLimit:     6660208 kB
Committed_AS:   61323996 kB
VmallocTotal:   263061440 kB
VmallocUsed:       84228 kB
VmallocChunk:          0 kB
Percpu:             7552 kB
CmaTotal:         315392 kB
CmaFree:               0 kB
MemTotal:        5980404 kB
MemFree:         1086808 kB
MemAvailable:    2858060 kB
Buffers:            6396 kB
Cached:          1717464 kB
SwapCached:            0 kB
Active:          1294088 kB
Inactive:        1470184 kB
Active(anon):    1046824 kB
Inactive(anon):    20456 kB
Active(file):     247264 kB
Inactive(file):  1449728 kB
Unevictable:        5628 kB
Mlocked:            5628 kB
SwapTotal:       3670008 kB
SwapFree:        3670008 kB
Dirty:               180 kB
Writeback:             0 kB
AnonPages:       1046120 kB
Mapped:           779920 kB
Shmem:             22276 kB
KReclaimable:     636692 kB
Slab:             223456 kB
SReclaimable:      69616 kB
SUnreclaim:       153840 kB
KernelStack:       43888 kB
PageTables:        55480 kB
NFS_Unstable:          0 kB
Bounce:                0 kB
WritebackTmp:          0 kB
CommitLimit:     6660208 kB
Committed_AS:   61324836 kB
VmallocTotal:   263061440 kB
VmallocUsed:       84212 kB
VmallocChunk:          0 kB
Percpu:             7552 kB
CmaTotal:         315392 kB
CmaFree:               0 kB
MemTotal:        5980404 kB
MemFree:         1084540 kB
MemAvailable:    2855796 kB
Buffers:            6396 kB
Cached:          1717476 kB
SwapCached:            0 kB
Active:          1298744 kB
Inactive:        1470200 kB
Active(anon):    1051480 kB
Inactive(anon):    20468 kB
Active(file):     247264 kB
Inactive(file):  1449732 kB
Unevictable:        5628 kB
Mlocked:            5628 kB
SwapTotal:       3670008 kB
SwapFree:        3670008 kB
Dirty:               180 kB
Writeback:             0 kB
AnonPages:       1050508 kB
Mapped:           779984 kB
Shmem:             22288 kB
KReclaimable:     636692 kB
Slab:             223464 kB
SReclaimable:      69616 kB
SUnreclaim:       153848 kB
KernelStack:       43840 kB
PageTables:        55180 kB
NFS_Unstable:          0 kB
Bounce:                0 kB
WritebackTmp:          0 kB
CommitLimit:     6660208 kB
Committed_AS:   61324504 kB
VmallocTotal:   263061440 kB
VmallocUsed:       84244 kB
VmallocChunk:          0 kB
Percpu:             7552 kB
CmaTotal:         315392 kB
CmaFree:               0 kB
MemTotal:        5980404 kB
MemFree:         1073276 kB
MemAvailable:    2844544 kB
Buffers:            6396 kB
Cached:          1717552 kB
SwapCached:            0 kB
Active:          1307320 kB
Inactive:        1470276 kB
Active(anon):    1060056 kB
Inactive(anon):    20532 kB
Active(file):     247264 kB
Inactive(file):  1449744 kB
Unevictable:        5628 kB
Mlocked:            5628 kB
SwapTotal:       3670008 kB
SwapFree:        3670008 kB
Dirty:               264 kB
Writeback:             0 kB
AnonPages:       1059416 kB
Mapped:           780256 kB
Shmem:             22352 kB
KReclaimable:     636692 kB
Slab:             223544 kB
SReclaimable:      69616 kB
SUnreclaim:       153928 kB
KernelStack:       43840 kB
PageTables:        55428 kB
NFS_Unstable:          0 kB
Bounce:                0 kB
WritebackTmp:          0 kB
CommitLimit:     6660208 kB
Committed_AS:   61327248 kB
VmallocTotal:   263061440 kB
VmallocUsed:       84196 kB
VmallocChunk:          0 kB
Percpu:             7552 kB
CmaTotal:         315392 kB
CmaFree:               0 kB
MemTotal:        5980404 kB
MemFree:         1077476 kB
MemAvailable:    2848744 kB
Buffers:            6396 kB
Cached:          1717552 kB
SwapCached:            0 kB
Active:          1302028 kB
Inactive:        1470276 kB
Active(anon):    1054764 kB
Inactive(anon):    20532 kB
Active(file):     247264 kB
Inactive(file):  1449744 kB
Unevictable:        5628 kB
Mlocked:            5628 kB
SwapTotal:       3670008 kB
SwapFree:        3670008 kB
Dirty:               264 kB
Writeback:             0 kB
AnonPages:       1053536 kB
Mapped:           780296 kB
Shmem:             22352 kB
KReclaimable:     636692 kB
Slab:             223464 kB
SReclaimable:      69616 kB
SUnreclaim:       153848 kB
KernelStack:       43840 kB
PageTables:        55460 kB
NFS_Unstable:          0 kB
Bounce:                0 kB
WritebackTmp:          0 kB
CommitLimit:     6660208 kB
Committed_AS:   61326392 kB
VmallocTotal:   263061440 kB
VmallocUsed:       84212 kB
VmallocChunk:          0 kB
Percpu:             7552 kB
CmaTotal:         315392 kB
CmaFree:             128 kB
MemTotal:        5980404 kB
MemFree:         1077152 kB
MemAvailable:    2848420 kB
Buffers:            6396 kB
Cached:          1717552 kB
SwapCached:            0 kB
Active:          1302148 kB
Inactive:        1470276 kB
Active(anon):    1054884 kB
Inactive(anon):    20532 kB
Active(file):     247264 kB
Inactive(file):  1449744 kB
Unevictable:        5628 kB
Mlocked:            5628 kB
SwapTotal:       3670008 kB
SwapFree:        3670008 kB
Dirty:               264 kB
Writeback:             0 kB
AnonPages:       1054072 kB
Mapped:           780068 kB
Shmem:             22352 kB
KReclaimable:     636692 kB
Slab:             223464 kB
SReclaimable:      69616 kB
SUnreclaim:       153848 kB
KernelStack:       43856 kB
PageTables:        55444 kB
NFS_Unstable:          0 kB
Bounce:                0 kB
WritebackTmp:          0 kB
CommitLimit:     6660208 kB
Committed_AS:   61322268 kB
VmallocTotal:   263061440 kB
VmallocUsed:       84196 kB
VmallocChunk:          0 kB
Percpu:             7552 kB
CmaTotal:         315392 kB
CmaFree:               0 kB
MemTotal:        5980404 kB
MemFree:         1076804 kB
MemAvailable:    2848080 kB
Buffers:            6396 kB
Cached:          1717560 kB
SwapCached:            0 kB
Active:          1302424 kB
Inactive:        1470280 kB
Active(anon):    1055156 kB
Inactive(anon):    20532 kB
Active(file):     247268 kB
Inactive(file):  1449748 kB
Unevictable:        5628 kB
Mlocked:            5628 kB
SwapTotal:       3670008 kB
SwapFree:        3670008 kB
Dirty:               300 kB
Writeback:             0 kB
AnonPages:       1054496 kB
Mapped:           780256 kB
Shmem:             22352 kB
KReclaimable:     636692 kB
Slab:             223472 kB
SReclaimable:      69616 kB
SUnreclaim:       153856 kB
KernelStack:       43824 kB
PageTables:        55436 kB
NFS_Unstable:          0 kB
Bounce:                0 kB
WritebackTmp:          0 kB
CommitLimit:     6660208 kB
Committed_AS:   61325512 kB
VmallocTotal:   263061440 kB
VmallocUsed:       84180 kB
VmallocChunk:          0 kB
Percpu:             7552 kB
CmaTotal:         315392 kB
CmaFree:              72 kB
MemTotal:        5980404 kB
MemFree:         1077616 kB
MemAvailable:    2848908 kB
Buffers:            6404 kB
Cached:          1717568 kB
SwapCached:            0 kB
Active:          1302772 kB
Inactive:        1470292 kB
Active(anon):    1055500 kB
Inactive(anon):    20532 kB
Active(file):     247272 kB
Inactive(file):  1449760 kB
Unevictable:        5628 kB
Mlocked:            5628 kB
SwapTotal:       3670008 kB
SwapFree:        3670008 kB
Dirty:               292 kB
Writeback:             0 kB
AnonPages:       1054880 kB
Mapped:           780092 kB
Shmem:             22352 kB
KReclaimable:     636692 kB
Slab:             223472 kB
SReclaimable:      69616 kB
SUnreclaim:       153856 kB
KernelStack:       43872 kB
PageTables:        55348 kB
NFS_Unstable:          0 kB
Bounce:                0 kB
WritebackTmp:          0 kB
CommitLimit:     6660208 kB
Committed_AS:   61325020 kB
VmallocTotal:   263061440 kB
VmallocUsed:       84244 kB
VmallocChunk:          0 kB
Percpu:             7552 kB
CmaTotal:         315392 kB
CmaFree:             128 kB
MemTotal:        5980404 kB
MemFree:         1076716 kB
MemAvailable:    2848008 kB
Buffers:            6404 kB
Cached:          1717568 kB
SwapCached:            0 kB
Active:          1303920 kB
Inactive:        1470292 kB
Active(anon):    1056648 kB
Inactive(anon):    20532 kB
Active(file):     247272 kB
Inactive(file):  1449760 kB
Unevictable:        5628 kB
Mlocked:            5628 kB
SwapTotal:       3670008 kB
SwapFree:        3670008 kB
Dirty:               320 kB
Writeback:             0 kB
AnonPages:       1056064 kB
Mapped:           780256 kB
Shmem:             22352 kB
KReclaimable:     636692 kB
Slab:             223568 kB
SReclaimable:      69616 kB
SUnreclaim:       153952 kB
KernelStack:       43984 kB
PageTables:        55568 kB
NFS_Unstable:          0 kB
Bounce:                0 kB
WritebackTmp:          0 kB
CommitLimit:     6660208 kB
Committed_AS:   61326920 kB
VmallocTotal:   263061440 kB
VmallocUsed:       84292 kB
VmallocChunk:          0 kB
Percpu:             7552 kB
CmaTotal:         315392 kB
CmaFree:               0 kB
MemTotal:        5980404 kB
MemFree:         1075812 kB
MemAvailable:    2847104 kB
Buffers:            6404 kB
Cached:          1717568 kB
SwapCached:            0 kB
Active:          1304304 kB
Inactive:        1470292 kB
Active(anon):    1057032 kB
Inactive(anon):    20532 kB
Active(file):     247272 kB
Inactive(file):  1449760 kB
Unevictable:        5628 kB
Mlocked:            5628 kB
SwapTotal:       3670008 kB
SwapFree:        3670008 kB
Dirty:               504 kB
Writeback:             0 kB
AnonPages:       1056452 kB
Mapped:           780256 kB
Shmem:             22352 kB
KReclaimable:     636692 kB
Slab:             223504 kB
SReclaimable:      69616 kB
SUnreclaim:       153888 kB
KernelStack:       43952 kB
PageTables:        55440 kB
NFS_Unstable:          0 kB
Bounce:                0 kB
WritebackTmp:          0 kB
CommitLimit:     6660208 kB
Committed_AS:   61325228 kB
VmallocTotal:   263061440 kB
VmallocUsed:       84276 kB
VmallocChunk:          0 kB
Percpu:             7552 kB
CmaTotal:         315392 kB
CmaFree:               0 kB
MemTotal:        5980404 kB
MemFree:         1075388 kB
MemAvailable:    2846680 kB
Buffers:            6404 kB
Cached:          1717568 kB
SwapCached:            0 kB
Active:          1305112 kB
Inactive:        1470292 kB
Active(anon):    1057840 kB
Inactive(anon):    20532 kB
Active(file):     247272 kB
Inactive(file):  1449760 kB
Unevictable:        5628 kB
Mlocked:            5628 kB
SwapTotal:       3670008 kB
SwapFree:        3670008 kB
Dirty:               220 kB
Writeback:             0 kB
AnonPages:       1057168 kB
Mapped:           780264 kB
Shmem:             22352 kB
KReclaimable:     636692 kB
Slab:             223484 kB
SReclaimable:      69616 kB
SUnreclaim:       153868 kB
KernelStack:       43904 kB
PageTables:        55620 kB
NFS_Unstable:          0 kB
Bounce:                0 kB
WritebackTmp:          0 kB
CommitLimit:     6660208 kB
Committed_AS:   61324652 kB
VmallocTotal:   263061440 kB
VmallocUsed:       84292 kB
VmallocChunk:          0 kB
Percpu:             7552 kB
CmaTotal:         315392 kB
CmaFree:               0 kB
MemTotal:        5980404 kB
MemFree:         1076056 kB
MemAvailable:    2847348 kB
Buffers:            6404 kB
Cached:          1717568 kB
SwapCached:            0 kB
Active:          1305340 kB
Inactive:        1470292 kB
Active(anon):    1058068 kB
Inactive(anon):    20532 kB
Active(file):     247272 kB
Inactive(file):  1449760 kB
Unevictable:        5628 kB
Mlocked:            5628 kB
SwapTotal:       3670008 kB
SwapFree:        3670008 kB
Dirty:               220 kB
Writeback:             0 kB
AnonPages:       1057196 kB
Mapped:           780104 kB
Shmem:             22352 kB
KReclaimable:     636692 kB
Slab:             223248 kB
SReclaimable:      69616 kB
SUnreclaim:       153632 kB
KernelStack:       43984 kB
PageTables:        55652 kB
NFS_Unstable:          0 kB
Bounce:                0 kB
WritebackTmp:          0 kB
CommitLimit:     6660208 kB
Committed_AS:   61323804 kB
VmallocTotal:   263061440 kB
VmallocUsed:       84292 kB
VmallocChunk:          0 kB
Percpu:             7552 kB
CmaTotal:         315392 kB
CmaFree:               0 kB
MemTotal:        5980404 kB
MemFree:         1075232 kB
MemAvailable:    2846524 kB
Buffers:            6404 kB
Cached:          1717568 kB
SwapCached:            0 kB
Active:          1306132 kB
Inactive:        1470292 kB
Active(anon):    1058860 kB
Inactive(anon):    20532 kB
Active(file):     247272 kB
Inactive(file):  1449760 kB
Unevictable:        5628 kB
Mlocked:            5628 kB
SwapTotal:       3670008 kB
SwapFree:        3670008 kB
Dirty:               220 kB
Writeback:             0 kB
AnonPages:       1058656 kB
Mapped:           780068 kB
Shmem:             22352 kB
KReclaimable:     636692 kB
Slab:             223232 kB
SReclaimable:      69616 kB
SUnreclaim:       153616 kB
KernelStack:       43920 kB
PageTables:        55284 kB
NFS_Unstable:          0 kB
Bounce:                0 kB
WritebackTmp:          0 kB
CommitLimit:     6660208 kB
Committed_AS:   61324916 kB
VmallocTotal:   263061440 kB
VmallocUsed:       84260 kB
VmallocChunk:          0 kB
Percpu:             7552 kB
CmaTotal:         315392 kB
CmaFree:               0 kB
MemTotal:        5980404 kB
MemFree:         1071044 kB
MemAvailable:    2842340 kB
Buffers:            6404 kB
Cached:          1717584 kB
SwapCached:            0 kB
Active:          1309364 kB
Inactive:        1470308 kB
Active(anon):    1062092 kB
Inactive(anon):    20544 kB
Active(file):     247272 kB
Inactive(file):  1449764 kB
Unevictable:        5628 kB
Mlocked:            5628 kB
SwapTotal:       3670008 kB
SwapFree:        3670008 kB
Dirty:               300 kB
Writeback:             0 kB
AnonPages:       1061280 kB
Mapped:           780308 kB
Shmem:             22364 kB
KReclaimable:     636692 kB
Slab:             223224 kB
SReclaimable:      69616 kB
SUnreclaim:       153608 kB
KernelStack:       44016 kB
PageTables:        55472 kB
NFS_Unstable:          0 kB
Bounce:                0 kB
WritebackTmp:          0 kB
CommitLimit:     6660208 kB
Committed_AS:   61321984 kB
VmallocTotal:   263061440 kB
VmallocUsed:       84356 kB
VmallocChunk:          0 kB
Percpu:             7552 kB
CmaTotal:         315392 kB
CmaFree:               0 kB
MemTotal:        5980404 kB
MemFree:         1070648 kB
MemAvailable:    2841944 kB
Buffers:            6404 kB
Cached:          1717584 kB
SwapCached:            0 kB
Active:          1309436 kB
Inactive:        1470308 kB
Active(anon):    1062164 kB
Inactive(anon):    20544 kB
Active(file):     247272 kB
Inactive(file):  1449764 kB
Unevictable:        5628 kB
Mlocked:            5628 kB
SwapTotal:       3670008 kB
SwapFree:        3670008 kB
Dirty:               300 kB
Writeback:             0 kB
AnonPages:       1061392 kB
Mapped:           780456 kB
Shmem:             22364 kB
KReclaimable:     636692 kB
Slab:             223256 kB
SReclaimable:      69616 kB
SUnreclaim:       153640 kB
KernelStack:       43984 kB
PageTables:        55552 kB
NFS_Unstable:          0 kB
Bounce:                0 kB
WritebackTmp:          0 kB
CommitLimit:     6660208 kB
Committed_AS:   61326016 kB
VmallocTotal:   263061440 kB
VmallocUsed:       84372 kB
VmallocChunk:          0 kB
Percpu:             7552 kB
CmaTotal:         315392 kB
CmaFree:               0 kB
MemTotal:        5980404 kB
MemFree:         1069932 kB
MemAvailable:    2841232 kB
Buffers:            6404 kB
Cached:          1717588 kB
SwapCached:            0 kB
Active:          1309968 kB
Inactive:        1470312 kB
Active(anon):    1062696 kB
Inactive(anon):    20544 kB
Active(file):     247272 kB
Inactive(file):  1449768 kB
Unevictable:        5628 kB
Mlocked:            5628 kB
SwapTotal:       3670008 kB
SwapFree:        3670008 kB
Dirty:               304 kB
Writeback:             8 kB
AnonPages:       1062064 kB
Mapped:           780228 kB
Shmem:             22364 kB
KReclaimable:     636692 kB
Slab:             223224 kB
SReclaimable:      69616 kB
SUnreclaim:       153608 kB
KernelStack:       43984 kB
PageTables:        55556 kB
NFS_Unstable:          0 kB
Bounce:                0 kB
WritebackTmp:          0 kB
CommitLimit:     6660208 kB
Committed_AS:   61326640 kB
VmallocTotal:   263061440 kB
VmallocUsed:       84388 kB
VmallocChunk:          0 kB
Percpu:             7552 kB
CmaTotal:         315392 kB
CmaFree:               0 kB
MemTotal:        5980404 kB
MemFree:         1070168 kB
MemAvailable:    2841472 kB
Buffers:            6404 kB
Cached:          1717592 kB
SwapCached:            0 kB
Active:          1310120 kB
Inactive:        1470316 kB
Active(anon):    1062848 kB
Inactive(anon):    20544 kB
Active(file):     247272 kB
Inactive(file):  1449772 kB
Unevictable:        5628 kB
Mlocked:            5628 kB
SwapTotal:       3670008 kB
SwapFree:        3670008 kB
Dirty:               312 kB
Writeback:             0 kB
AnonPages:       1062216 kB
Mapped:           780308 kB
Shmem:             22364 kB
KReclaimable:     636692 kB
Slab:             223224 kB
SReclaimable:      69616 kB
SUnreclaim:       153608 kB
KernelStack:       44016 kB
PageTables:        55456 kB
NFS_Unstable:          0 kB
Bounce:                0 kB
WritebackTmp:          0 kB
CommitLimit:     6660208 kB
Committed_AS:   61325552 kB
VmallocTotal:   263061440 kB
VmallocUsed:       84388 kB
VmallocChunk:          0 kB
Percpu:             7552 kB
CmaTotal:         315392 kB
CmaFree:               0 kB
MemTotal:        5980404 kB
MemFree:         1069596 kB
MemAvailable:    2840900 kB
Buffers:            6404 kB
Cached:          1717592 kB
SwapCached:            0 kB
Active:          1311136 kB
Inactive:        1470316 kB
Active(anon):    1063864 kB
Inactive(anon):    20544 kB
Active(file):     247272 kB
Inactive(file):  1449772 kB
Unevictable:        5628 kB
Mlocked:            5628 kB
SwapTotal:       3670008 kB
SwapFree:        3670008 kB
Dirty:               332 kB
Writeback:             0 kB
AnonPages:       1063044 kB
Mapped:           780348 kB
Shmem:             22364 kB
KReclaimable:     636692 kB
Slab:             223224 kB
SReclaimable:      69616 kB
SUnreclaim:       153608 kB
KernelStack:       43996 kB
PageTables:        55632 kB
NFS_Unstable:          0 kB
Bounce:                0 kB
WritebackTmp:          0 kB
CommitLimit:     6660208 kB
Committed_AS:   61327004 kB
VmallocTotal:   263061440 kB
VmallocUsed:       84372 kB
VmallocChunk:          0 kB
Percpu:             7552 kB
CmaTotal:         315392 kB
CmaFree:               0 kB
MemTotal:        5980404 kB
MemFree:         1070280 kB
MemAvailable:    2841584 kB
Buffers:            6404 kB
Cached:          1717592 kB
SwapCached:            0 kB
Active:          1311112 kB
Inactive:        1470316 kB
Active(anon):    1063840 kB
Inactive(anon):    20544 kB
Active(file):     247272 kB
Inactive(file):  1449772 kB
Unevictable:        5628 kB
Mlocked:            5628 kB
SwapTotal:       3670008 kB
SwapFree:        3670008 kB
Dirty:               340 kB
Writeback:             0 kB
AnonPages:       1062928 kB
Mapped:           780556 kB
Shmem:             22364 kB
KReclaimable:     636692 kB
Slab:             223224 kB
SReclaimable:      69616 kB
SUnreclaim:       153608 kB
KernelStack:       43936 kB
PageTables:        55380 kB
NFS_Unstable:          0 kB
Bounce:                0 kB
WritebackTmp:          0 kB
CommitLimit:     6660208 kB
Committed_AS:   61324900 kB
VmallocTotal:   263061440 kB
VmallocUsed:       84340 kB
VmallocChunk:          0 kB
Percpu:             7552 kB
CmaTotal:         315392 kB
CmaFree:               0 kB
MemTotal:        5980404 kB
MemFree:         1069928 kB
MemAvailable:    2841232 kB
Buffers:            6404 kB
Cached:          1717592 kB
SwapCached:            0 kB
Active:          1311284 kB
Inactive:        1470316 kB
Active(anon):    1064012 kB
Inactive(anon):    20544 kB
Active(file):     247272 kB
Inactive(file):  1449772 kB
Unevictable:        5628 kB
Mlocked:            5628 kB
SwapTotal:       3670008 kB
SwapFree:        3670008 kB
Dirty:               340 kB
Writeback:             0 kB
AnonPages:       1063276 kB
Mapped:           780308 kB
Shmem:             22364 kB
KReclaimable:     636692 kB
Slab:             223224 kB
SReclaimable:      69616 kB
SUnreclaim:       153608 kB
KernelStack:       43904 kB
PageTables:        55772 kB
NFS_Unstable:          0 kB
Bounce:                0 kB
WritebackTmp:          0 kB
CommitLimit:     6660208 kB
Committed_AS:   61323336 kB
VmallocTotal:   263061440 kB
VmallocUsed:       84324 kB
VmallocChunk:          0 kB
Percpu:             7552 kB
CmaTotal:         315392 kB
CmaFree:               0 kB
MemTotal:        5980404 kB
MemFree:         1069932 kB
MemAvailable:    2841236 kB
Buffers:            6404 kB
Cached:          1717592 kB
SwapCached:            0 kB
Active:          1311856 kB
Inactive:        1470316 kB
Active(anon):    1064584 kB
Inactive(anon):    20544 kB
Active(file):     247272 kB
Inactive(file):  1449772 kB
Unevictable:        5628 kB
Mlocked:            5628 kB
SwapTotal:       3670008 kB
SwapFree:        3670008 kB
Dirty:               340 kB
Writeback:             0 kB
AnonPages:       1064008 kB
Mapped:           780308 kB
Shmem:             22364 kB
KReclaimable:     636692 kB
Slab:             223232 kB
SReclaimable:      69616 kB
SUnreclaim:       153616 kB
KernelStack:       43920 kB
PageTables:        55492 kB
NFS_Unstable:          0 kB
Bounce:                0 kB
WritebackTmp:          0 kB
CommitLimit:     6660208 kB
Committed_AS:   61322852 kB
VmallocTotal:   263061440 kB
VmallocUsed:       84308 kB
VmallocChunk:          0 kB
Percpu:             7552 kB
CmaTotal:         315392 kB
CmaFree:               0 kB
MemTotal:        5980404 kB
MemFree:         1069020 kB
MemAvailable:    2840336 kB
Buffers:            6408 kB
Cached:          1717600 kB
SwapCached:            0 kB
Active:          1311828 kB
Inactive:        1470328 kB
Active(anon):    1064556 kB
Inactive(anon):    20544 kB
Active(file):     247272 kB
Inactive(file):  1449784 kB
Unevictable:        5628 kB
Mlocked:            5628 kB
SwapTotal:       3670008 kB
SwapFree:        3670008 kB
Dirty:               296 kB
Writeback:             0 kB
AnonPages:       1064012 kB
Mapped:           780308 kB
Shmem:             22364 kB
KReclaimable:     636692 kB
Slab:             223216 kB
SReclaimable:      69616 kB
SUnreclaim:       153600 kB
KernelStack:       43904 kB
PageTables:        55428 kB
NFS_Unstable:          0 kB
Bounce:                0 kB
WritebackTmp:          0 kB
CommitLimit:     6660208 kB
Committed_AS:   61325492 kB
VmallocTotal:   263061440 kB
VmallocUsed:       84260 kB
VmallocChunk:          0 kB
Percpu:             7552 kB
CmaTotal:         315392 kB
CmaFree:               0 kB
MemTotal:        5980404 kB
MemFree:         1069236 kB
MemAvailable:    2840556 kB
Buffers:            6408 kB
Cached:          1717604 kB
SwapCached:            0 kB
Active:          1311812 kB
Inactive:        1470328 kB
Active(anon):    1064536 kB
Inactive(anon):    20544 kB
Active(file):     247276 kB
Inactive(file):  1449784 kB
Unevictable:        5628 kB
Mlocked:            5628 kB
SwapTotal:       3670008 kB
SwapFree:        3670008 kB
Dirty:               328 kB
Writeback:             0 kB
AnonPages:       1063652 kB
Mapped:           780304 kB
Shmem:             22364 kB
KReclaimable:     636692 kB
Slab:             223232 kB
SReclaimable:      69616 kB
SUnreclaim:       153616 kB
KernelStack:       43920 kB
PageTables:        55484 kB
NFS_Unstable:          0 kB
Bounce:                0 kB
WritebackTmp:          0 kB
CommitLimit:     6660208 kB
Committed_AS:   61327404 kB
VmallocTotal:   263061440 kB
VmallocUsed:       84228 kB
VmallocChunk:          0 kB
Percpu:             7552 kB
CmaTotal:         315392 kB
CmaFree:               0 kB
MemTotal:        5980404 kB
MemFree:         1068576 kB
MemAvailable:    2839896 kB
Buffers:            6408 kB
Cached:          1717604 kB
SwapCached:            0 kB
Active:          1312164 kB
Inactive:        1470328 kB
Active(anon):    1064888 kB
Inactive(anon):    20544 kB
Active(file):     247276 kB
Inactive(file):  1449784 kB
Unevictable:        5628 kB
Mlocked:            5628 kB
SwapTotal:       3670008 kB
SwapFree:        3670008 kB
Dirty:               328 kB
Writeback:             0 kB
AnonPages:       1063996 kB
Mapped:           780320 kB
Shmem:             22364 kB
KReclaimable:     636692 kB
Slab:             223232 kB
SReclaimable:      69616 kB
SUnreclaim:       153616 kB
KernelStack:       43904 kB
PageTables:        55476 kB
NFS_Unstable:          0 kB
Bounce:                0 kB
WritebackTmp:          0 kB
CommitLimit:     6660208 kB
Committed_AS:   61325768 kB
VmallocTotal:   263061440 kB
VmallocUsed:       84228 kB
VmallocChunk:          0 kB
Percpu:             7552 kB
CmaTotal:         315392 kB
CmaFree:               0 kB
MemTotal:        5980404 kB
MemFree:         1068472 kB
MemAvailable:    2839772 kB
Buffers:            6408 kB
Cached:          1717612 kB
SwapCached:            0 kB
Active:          1312552 kB
Inactive:        1470344 kB
Active(anon):    1065284 kB
Inactive(anon):    20572 kB
Active(file):     247268 kB
Inactive(file):  1449772 kB
Unevictable:        5628 kB
Mlocked:            5628 kB
SwapTotal:       3670008 kB
SwapFree:        3670008 kB
Dirty:               320 kB
Writeback:             0 kB
AnonPages:       1064832 kB
Mapped:           780376 kB
Shmem:             22392 kB
KReclaimable:     636692 kB
Slab:             223240 kB
SReclaimable:      69616 kB
SUnreclaim:       153624 kB
KernelStack:       43904 kB
PageTables:        55388 kB
NFS_Unstable:          0 kB
Bounce:                0 kB
WritebackTmp:          0 kB
CommitLimit:     6660208 kB
Committed_AS:   61326748 kB
VmallocTotal:   263061440 kB
VmallocUsed:       84228 kB
VmallocChunk:          0 kB
Percpu:             7552 kB
CmaTotal:         315392 kB
CmaFree:               0 kB
MemTotal:        5980404 kB
MemFree:         1067436 kB
MemAvailable:    2838756 kB
Buffers:            6408 kB
Cached:          1717632 kB
SwapCached:            0 kB
Active:          1312856 kB
Inactive:        1470356 kB
Active(anon):    1065580 kB
Inactive(anon):    20572 kB
Active(file):     247276 kB
Inactive(file):  1449784 kB
Unevictable:        5628 kB
Mlocked:            5628 kB
SwapTotal:       3670008 kB
SwapFree:        3670008 kB
Dirty:               328 kB
Writeback:             0 kB
AnonPages:       1064780 kB
Mapped:           780336 kB
Shmem:             22392 kB
KReclaimable:     636692 kB
Slab:             223224 kB
SReclaimable:      69616 kB
SUnreclaim:       153608 kB
KernelStack:       43920 kB
PageTables:        55432 kB
NFS_Unstable:          0 kB
Bounce:                0 kB
WritebackTmp:          0 kB
CommitLimit:     6660208 kB
Committed_AS:   61325992 kB
VmallocTotal:   263061440 kB
VmallocUsed:       84244 kB
VmallocChunk:          0 kB
Percpu:             7552 kB
CmaTotal:         315392 kB
CmaFree:               0 kB
MemTotal:        5980404 kB
MemFree:         1077364 kB
MemAvailable:    2848684 kB
Buffers:            6408 kB
Cached:          1717640 kB
SwapCached:            0 kB
Active:          1302304 kB
Inactive:        1470364 kB
Active(anon):    1055028 kB
Inactive(anon):    20580 kB
Active(file):     247276 kB
Inactive(file):  1449784 kB
Unevictable:        5628 kB
Mlocked:            5628 kB
SwapTotal:       3670008 kB
SwapFree:        3670008 kB
Dirty:               268 kB
Writeback:             0 kB
AnonPages:       1054304 kB
Mapped:           780324 kB
Shmem:             22400 kB
KReclaimable:     636692 kB
Slab:             223232 kB
SReclaimable:      69616 kB
SUnreclaim:       153616 kB
KernelStack:       43920 kB
PageTables:        55468 kB
NFS_Unstable:          0 kB
Bounce:                0 kB
WritebackTmp:          0 kB
CommitLimit:     6660208 kB
Committed_AS:   61324956 kB
VmallocTotal:   263061440 kB
VmallocUsed:       84244 kB
VmallocChunk:          0 kB
Percpu:             7552 kB
CmaTotal:         315392 kB
CmaFree:               0 kB
MemTotal:        5980404 kB
MemFree:         1077360 kB
MemAvailable:    2848680 kB
Buffers:            6408 kB
Cached:          1717640 kB
SwapCached:            0 kB
Active:          1302804 kB
Inactive:        1470368 kB
Active(anon):    1055532 kB
Inactive(anon):    20580 kB
Active(file):     247272 kB
Inactive(file):  1449788 kB
Unevictable:        5628 kB
Mlocked:            5628 kB
SwapTotal:       3670008 kB
SwapFree:        3670008 kB
Dirty:               268 kB
Writeback:             0 kB
AnonPages:       1055220 kB
Mapped:           780012 kB
Shmem:             22400 kB
KReclaimable:     636692 kB
Slab:             223224 kB
SReclaimable:      69616 kB
SUnreclaim:       153608 kB
KernelStack:       43888 kB
PageTables:        55424 kB
NFS_Unstable:          0 kB
Bounce:                0 kB
WritebackTmp:          0 kB
CommitLimit:     6660208 kB
Committed_AS:   61325560 kB
VmallocTotal:   263061440 kB
VmallocUsed:       84196 kB
VmallocChunk:          0 kB
Percpu:             7552 kB
CmaTotal:         315392 kB
CmaFree:               0 kB
MemTotal:        5980404 kB
MemFree:         1077148 kB
MemAvailable:    2848468 kB
Buffers:            6408 kB
Cached:          1717640 kB
SwapCached:            0 kB
Active:          1303340 kB
Inactive:        1470368 kB
Active(anon):    1056068 kB
Inactive(anon):    20580 kB
Active(file):     247272 kB
Inactive(file):  1449788 kB
Unevictable:        5628 kB
Mlocked:            5628 kB
SwapTotal:       3670008 kB
SwapFree:        3670008 kB
Dirty:               268 kB
Writeback:             0 kB
AnonPages:       1055420 kB
Mapped:           780344 kB
Shmem:             22400 kB
KReclaimable:     636692 kB
Slab:             223224 kB
SReclaimable:      69616 kB
SUnreclaim:       153608 kB
KernelStack:       43952 kB
PageTables:        55552 kB
NFS_Unstable:          0 kB
Bounce:                0 kB
WritebackTmp:          0 kB
CommitLimit:     6660208 kB
Committed_AS:   61326916 kB
VmallocTotal:   263061440 kB
VmallocUsed:       84212 kB
VmallocChunk:          0 kB
Percpu:             7552 kB
CmaTotal:         315392 kB
CmaFree:               0 kB
MemTotal:        5980404 kB
MemFree:         1076172 kB
MemAvailable:    2847492 kB
Buffers:            6408 kB
Cached:          1717640 kB
SwapCached:            0 kB
Active:          1303504 kB
Inactive:        1470364 kB
Active(anon):    1056228 kB
Inactive(anon):    20580 kB
Active(file):     247276 kB
Inactive(file):  1449784 kB
Unevictable:        5628 kB
Mlocked:            5628 kB
SwapTotal:       3670008 kB
SwapFree:        3670008 kB
Dirty:               452 kB
Writeback:             0 kB
AnonPages:       1055380 kB
Mapped:           780056 kB
Shmem:             22400 kB
KReclaimable:     636692 kB
Slab:             223232 kB
SReclaimable:      69616 kB
SUnreclaim:       153616 kB
KernelStack:       43968 kB
PageTables:        55564 kB
NFS_Unstable:          0 kB
Bounce:                0 kB
WritebackTmp:          0 kB
CommitLimit:     6660208 kB
Committed_AS:   61325436 kB
VmallocTotal:   263061440 kB
VmallocUsed:       84260 kB
VmallocChunk:          0 kB
Percpu:             7552 kB
CmaTotal:         315392 kB
CmaFree:               0 kB
MemTotal:        5980404 kB
MemFree:         1076028 kB
MemAvailable:    2847348 kB
Buffers:            6408 kB
Cached:          1717640 kB
SwapCached:            0 kB
Active:          1303944 kB
Inactive:        1470364 kB
Active(anon):    1056668 kB
Inactive(anon):    20580 kB
Active(file):     247276 kB
Inactive(file):  1449784 kB
Unevictable:        5628 kB
Mlocked:            5628 kB
SwapTotal:       3670008 kB
SwapFree:        3670008 kB
Dirty:               452 kB
Writeback:             0 kB
AnonPages:       1055824 kB
Mapped:           780320 kB
Shmem:             22400 kB
KReclaimable:     636692 kB
Slab:             223256 kB
SReclaimable:      69616 kB
SUnreclaim:       153640 kB
KernelStack:       43904 kB
PageTables:        55380 kB
NFS_Unstable:          0 kB
Bounce:                0 kB
WritebackTmp:          0 kB
CommitLimit:     6660208 kB
Committed_AS:   61324276 kB
VmallocTotal:   263061440 kB
VmallocUsed:       84244 kB
VmallocChunk:          0 kB
Percpu:             7552 kB
CmaTotal:         315392 kB
CmaFree:               0 kB
MemTotal:        5980404 kB
MemFree:         1075692 kB
MemAvailable:    2847012 kB
Buffers:            6408 kB
Cached:          1717648 kB
SwapCached:            0 kB
Active:          1304224 kB
Inactive:        1470364 kB
Active(anon):    1056948 kB
Inactive(anon):    20580 kB
Active(file):     247276 kB
Inactive(file):  1449784 kB
Unevictable:        5628 kB
Mlocked:            5628 kB
SwapTotal:       3670008 kB
SwapFree:        3670008 kB
Dirty:               324 kB
Writeback:             0 kB
AnonPages:       1056264 kB
Mapped:           780344 kB
Shmem:             22400 kB
KReclaimable:     636692 kB
Slab:             223220 kB
SReclaimable:      69616 kB
SUnreclaim:       153604 kB
KernelStack:       43904 kB
PageTables:        55416 kB
NFS_Unstable:          0 kB
Bounce:                0 kB
WritebackTmp:          0 kB
CommitLimit:     6660208 kB
Committed_AS:   61326172 kB
VmallocTotal:   263061440 kB
VmallocUsed:       84276 kB
VmallocChunk:          0 kB
Percpu:             7552 kB
CmaTotal:         315392 kB
CmaFree:               0 kB
MemTotal:        5980404 kB
MemFree:         1076600 kB
MemAvailable:    2848064 kB
Buffers:            6408 kB
Cached:          1717784 kB
SwapCached:            0 kB
Active:          1304180 kB
Inactive:        1470504 kB
Active(anon):    1056900 kB
Inactive(anon):    20580 kB
Active(file):     247280 kB
Inactive(file):  1449924 kB
Unevictable:        5628 kB
Mlocked:            5628 kB
SwapTotal:       3670008 kB
SwapFree:        3670008 kB
Dirty:               340 kB
Writeback:             0 kB
AnonPages:       1056096 kB
Mapped:           780172 kB
Shmem:             22400 kB
KReclaimable:     636692 kB
Slab:             223228 kB
SReclaimable:      69616 kB
SUnreclaim:       153612 kB
KernelStack:       43936 kB
PageTables:        55460 kB
NFS_Unstable:          0 kB
Bounce:                0 kB
WritebackTmp:          0 kB
CommitLimit:     6660208 kB
Committed_AS:   61326264 kB
VmallocTotal:   263061440 kB
VmallocUsed:       84244 kB
VmallocChunk:          0 kB
Percpu:             7552 kB
CmaTotal:         315392 kB
CmaFree:               0 kB
MemTotal:        5980404 kB
MemFree:         1076060 kB
MemAvailable:    2847392 kB
Buffers:            6408 kB
Cached:          1717652 kB
SwapCached:            0 kB
Active:          1304744 kB
Inactive:        1470376 kB
Active(anon):    1057468 kB
Inactive(anon):    20580 kB
Active(file):     247276 kB
Inactive(file):  1449796 kB
Unevictable:        5628 kB
Mlocked:            5628 kB
SwapTotal:       3670008 kB
SwapFree:        3670008 kB
Dirty:               336 kB
Writeback:             0 kB
AnonPages:       1056840 kB
Mapped:           780476 kB
Shmem:             22400 kB
KReclaimable:     636692 kB
Slab:             223224 kB
SReclaimable:      69616 kB
SUnreclaim:       153608 kB
KernelStack:       43936 kB
PageTables:        55564 kB
NFS_Unstable:          0 kB
Bounce:                0 kB
WritebackTmp:          0 kB
CommitLimit:     6660208 kB
Committed_AS:   61323228 kB
VmallocTotal:   263061440 kB
VmallocUsed:       84276 kB
VmallocChunk:          0 kB
Percpu:             7552 kB
CmaTotal:         315392 kB
CmaFree:               0 kB
MemTotal:        5980404 kB
MemFree:         1076140 kB
MemAvailable:    2847460 kB
Buffers:            6408 kB
Cached:          1717640 kB
SwapCached:            0 kB
Active:          1304012 kB
Inactive:        1470368 kB
Active(anon):    1056740 kB
Inactive(anon):    20580 kB
Active(file):     247272 kB
Inactive(file):  1449788 kB
Unevictable:        5628 kB
Mlocked:            5628 kB
SwapTotal:       3670008 kB
SwapFree:        3670008 kB
Dirty:               328 kB
Writeback:             0 kB
AnonPages:       1056200 kB
Mapped:           780476 kB
Shmem:             22400 kB
KReclaimable:     636692 kB
Slab:             223240 kB
SReclaimable:      69616 kB
SUnreclaim:       153624 kB
KernelStack:       43904 kB
PageTables:        55428 kB
NFS_Unstable:          0 kB
Bounce:                0 kB
WritebackTmp:          0 kB
CommitLimit:     6660208 kB
Committed_AS:   61328244 kB
VmallocTotal:   263061440 kB
VmallocUsed:       84244 kB
VmallocChunk:          0 kB
Percpu:             7552 kB
CmaTotal:         315392 kB
CmaFree:               0 kB
MemTotal:        5980404 kB
MemFree:         1075828 kB
MemAvailable:    2847160 kB
Buffers:            6408 kB
Cached:          1717652 kB
SwapCached:            0 kB
Active:          1304224 kB
Inactive:        1470376 kB
Active(anon):    1056948 kB
Inactive(anon):    20580 kB
Active(file):     247276 kB
Inactive(file):  1449796 kB
Unevictable:        5628 kB
Mlocked:            5628 kB
SwapTotal:       3670008 kB
SwapFree:        3670008 kB
Dirty:               336 kB
Writeback:             0 kB
AnonPages:       1056348 kB
Mapped:           780400 kB
Shmem:             22400 kB
KReclaimable:     636692 kB
Slab:             223232 kB
SReclaimable:      69616 kB
SUnreclaim:       153616 kB
KernelStack:       43872 kB
PageTables:        55716 kB
NFS_Unstable:          0 kB
Bounce:                0 kB
WritebackTmp:          0 kB
CommitLimit:     6660208 kB
Committed_AS:   61329764 kB
VmallocTotal:   263061440 kB
VmallocUsed:       84228 kB
VmallocChunk:          0 kB
Percpu:             7552 kB
CmaTotal:         315392 kB
CmaFree:               0 kB
MemTotal:        5980404 kB
MemFree:         1075916 kB
MemAvailable:    2847248 kB
Buffers:            6408 kB
Cached:          1717652 kB
SwapCached:            0 kB
Active:          1304724 kB
Inactive:        1470376 kB
Active(anon):    1057448 kB
Inactive(anon):    20580 kB
Active(file):     247276 kB
Inactive(file):  1449796 kB
Unevictable:        5628 kB
Mlocked:            5628 kB
SwapTotal:       3670008 kB
SwapFree:        3670008 kB
Dirty:               284 kB
Writeback:             0 kB
AnonPages:       1056820 kB
Mapped:           780420 kB
Shmem:             22400 kB
KReclaimable:     636692 kB
Slab:             223248 kB
SReclaimable:      69616 kB
SUnreclaim:       153632 kB
KernelStack:       43888 kB
PageTables:        55352 kB
NFS_Unstable:          0 kB
Bounce:                0 kB
WritebackTmp:          0 kB
CommitLimit:     6660208 kB
Committed_AS:   61327948 kB
VmallocTotal:   263061440 kB
VmallocUsed:       84244 kB
VmallocChunk:          0 kB
Percpu:             7552 kB
CmaTotal:         315392 kB
CmaFree:               0 kB
MemTotal:        5980404 kB
MemFree:         1074712 kB
MemAvailable:    2846060 kB
Buffers:            6412 kB
Cached:          1717664 kB
SwapCached:            0 kB
Active:          1305164 kB
Inactive:        1470388 kB
Active(anon):    1057884 kB
Inactive(anon):    20580 kB
Active(file):     247280 kB
Inactive(file):  1449808 kB
Unevictable:        5628 kB
Mlocked:            5628 kB
SwapTotal:       3670008 kB
SwapFree:        3670008 kB
Dirty:               280 kB
Writeback:             0 kB
AnonPages:       1057116 kB
Mapped:           780416 kB
Shmem:             22400 kB
KReclaimable:     636692 kB
Slab:             223224 kB
SReclaimable:      69616 kB
SUnreclaim:       153608 kB
KernelStack:       43856 kB
PageTables:        55720 kB
NFS_Unstable:          0 kB
Bounce:                0 kB
WritebackTmp:          0 kB
CommitLimit:     6660208 kB
Committed_AS:   61330408 kB
VmallocTotal:   263061440 kB
VmallocUsed:       84228 kB
VmallocChunk:          0 kB
Percpu:             7552 kB
CmaTotal:         315392 kB
CmaFree:               0 kB
MemTotal:        5980404 kB
MemFree:         1075452 kB
MemAvailable:    2846800 kB
Buffers:            6412 kB
Cached:          1717664 kB
SwapCached:            0 kB
Active:          1305520 kB
Inactive:        1470388 kB
Active(anon):    1058240 kB
Inactive(anon):    20580 kB
Active(file):     247280 kB
Inactive(file):  1449808 kB
Unevictable:        5628 kB
Mlocked:            5628 kB
SwapTotal:       3670008 kB
SwapFree:        3670008 kB
Dirty:               280 kB
Writeback:             0 kB
AnonPages:       1057808 kB
Mapped:           780476 kB
Shmem:             22400 kB
KReclaimable:     636692 kB
Slab:             223232 kB
SReclaimable:      69616 kB
SUnreclaim:       153616 kB
KernelStack:       43872 kB
PageTables:        55304 kB
NFS_Unstable:          0 kB
Bounce:                0 kB
WritebackTmp:          0 kB
CommitLimit:     6660208 kB
Committed_AS:   61327648 kB
VmallocTotal:   263061440 kB
VmallocUsed:       84244 kB
VmallocChunk:          0 kB
Percpu:             7552 kB
CmaTotal:         315392 kB
CmaFree:               0 kB
MemTotal:        5980404 kB
MemFree:         1073912 kB
MemAvailable:    2845260 kB
Buffers:            6412 kB
Cached:          1717664 kB
SwapCached:            0 kB
Active:          1305580 kB
Inactive:        1470388 kB
Active(anon):    1058300 kB
Inactive(anon):    20580 kB
Active(file):     247280 kB
Inactive(file):  1449808 kB
Unevictable:        5628 kB
Mlocked:            5628 kB
SwapTotal:       3670008 kB
SwapFree:        3670008 kB
Dirty:               280 kB
Writeback:             0 kB
AnonPages:       1057664 kB
Mapped:           780476 kB
Shmem:             22400 kB
KReclaimable:     636692 kB
Slab:             223256 kB
SReclaimable:      69616 kB
SUnreclaim:       153640 kB
KernelStack:       43872 kB
PageTables:        55300 kB
NFS_Unstable:          0 kB
Bounce:                0 kB
WritebackTmp:          0 kB
CommitLimit:     6660208 kB
Committed_AS:   61327340 kB
VmallocTotal:   263061440 kB
VmallocUsed:       84244 kB
VmallocChunk:          0 kB
Percpu:             7552 kB
CmaTotal:         315392 kB
CmaFree:               0 kB
MemTotal:        5980404 kB
MemFree:         1073728 kB
MemAvailable:    2845076 kB
Buffers:            6412 kB
Cached:          1717664 kB
SwapCached:            0 kB
Active:          1306500 kB
Inactive:        1470388 kB
Active(anon):    1059220 kB
Inactive(anon):    20580 kB
Active(file):     247280 kB
Inactive(file):  1449808 kB
Unevictable:        5628 kB
Mlocked:            5628 kB
SwapTotal:       3670008 kB
SwapFree:        3670008 kB
Dirty:               280 kB
Writeback:             0 kB
AnonPages:       1058164 kB
Mapped:           780436 kB
Shmem:             22400 kB
KReclaimable:     636692 kB
Slab:             223256 kB
SReclaimable:      69616 kB
SUnreclaim:       153640 kB
KernelStack:       43904 kB
PageTables:        55468 kB
NFS_Unstable:          0 kB
Bounce:                0 kB
WritebackTmp:          0 kB
CommitLimit:     6660208 kB
Committed_AS:   61329164 kB
VmallocTotal:   263061440 kB
VmallocUsed:       84228 kB
VmallocChunk:          0 kB
Percpu:             7552 kB
CmaTotal:         315392 kB
CmaFree:               0 kB
MemTotal:        5980404 kB
MemFree:         1074464 kB
MemAvailable:    2845812 kB
Buffers:            6412 kB
Cached:          1717664 kB
SwapCached:            0 kB
Active:          1306308 kB
Inactive:        1470388 kB
Active(anon):    1059028 kB
Inactive(anon):    20580 kB
Active(file):     247280 kB
Inactive(file):  1449808 kB
Unevictable:        5628 kB
Mlocked:            5628 kB
SwapTotal:       3670008 kB
SwapFree:        3670008 kB
Dirty:               280 kB
Writeback:             0 kB
AnonPages:       1058676 kB
Mapped:           780572 kB
Shmem:             22400 kB
KReclaimable:     636692 kB
Slab:             223256 kB
SReclaimable:      69616 kB
SUnreclaim:       153640 kB
KernelStack:       43904 kB
PageTables:        55288 kB
NFS_Unstable:          0 kB
Bounce:                0 kB
WritebackTmp:          0 kB
CommitLimit:     6660208 kB
Committed_AS:   61328660 kB
VmallocTotal:   263061440 kB
VmallocUsed:       84228 kB
VmallocChunk:          0 kB
Percpu:             7552 kB
CmaTotal:         315392 kB
CmaFree:               0 kB
MemTotal:        5980404 kB
MemFree:         1073872 kB
MemAvailable:    2845220 kB
Buffers:            6412 kB
Cached:          1717664 kB
SwapCached:            0 kB
Active:          1306872 kB
Inactive:        1470388 kB
Active(anon):    1059592 kB
Inactive(anon):    20580 kB
Active(file):     247280 kB
Inactive(file):  1449808 kB
Unevictable:        5628 kB
Mlocked:            5628 kB
SwapTotal:       3670008 kB
SwapFree:        3670008 kB
Dirty:               296 kB
Writeback:             0 kB
AnonPages:       1058932 kB
Mapped:           780292 kB
Shmem:             22400 kB
KReclaimable:     636692 kB
Slab:             223252 kB
SReclaimable:      69616 kB
SUnreclaim:       153636 kB
KernelStack:       43920 kB
PageTables:        55340 kB
NFS_Unstable:          0 kB
Bounce:                0 kB
WritebackTmp:          0 kB
CommitLimit:     6660208 kB
Committed_AS:   61325256 kB
VmallocTotal:   263061440 kB
VmallocUsed:       84244 kB
VmallocChunk:          0 kB
Percpu:             7552 kB
CmaTotal:         315392 kB
CmaFree:               0 kB
MemTotal:        5980404 kB
MemFree:         1073704 kB
MemAvailable:    2845052 kB
Buffers:            6412 kB
Cached:          1717664 kB
SwapCached:            0 kB
Active:          1307472 kB
Inactive:        1470388 kB
Active(anon):    1060192 kB
Inactive(anon):    20580 kB
Active(file):     247280 kB
Inactive(file):  1449808 kB
Unevictable:        5628 kB
Mlocked:            5628 kB
SwapTotal:       3670008 kB
SwapFree:        3670008 kB
Dirty:               296 kB
Writeback:             0 kB
AnonPages:       1059676 kB
Mapped:           780688 kB
Shmem:             22400 kB
KReclaimable:     636692 kB
Slab:             223260 kB
SReclaimable:      69616 kB
SUnreclaim:       153644 kB
KernelStack:       43888 kB
PageTables:        55464 kB
NFS_Unstable:          0 kB
Bounce:                0 kB
WritebackTmp:          0 kB
CommitLimit:     6660208 kB
Committed_AS:   61327776 kB
VmallocTotal:   263061440 kB
VmallocUsed:       84244 kB
VmallocChunk:          0 kB
Percpu:             7552 kB
CmaTotal:         315392 kB
CmaFree:               0 kB
MemTotal:        5980404 kB
MemFree:         1072980 kB
MemAvailable:    2844328 kB
Buffers:            6412 kB
Cached:          1717668 kB
SwapCached:            0 kB
Active:          1308232 kB
Inactive:        1470392 kB
Active(anon):    1060952 kB
Inactive(anon):    20584 kB
Active(file):     247280 kB
Inactive(file):  1449808 kB
Unevictable:        5628 kB
Mlocked:            5628 kB
SwapTotal:       3670008 kB
SwapFree:        3670008 kB
Dirty:               296 kB
Writeback:             0 kB
AnonPages:       1060044 kB
Mapped:           780252 kB
Shmem:             22404 kB
KReclaimable:     636692 kB
Slab:             223228 kB
SReclaimable:      69616 kB
SUnreclaim:       153612 kB
KernelStack:       43888 kB
PageTables:        55712 kB
NFS_Unstable:          0 kB
Bounce:                0 kB
WritebackTmp:          0 kB
CommitLimit:     6660208 kB
Committed_AS:   61323876 kB
VmallocTotal:   263061440 kB
VmallocUsed:       84260 kB
VmallocChunk:          0 kB
Percpu:             7552 kB
CmaTotal:         315392 kB
CmaFree:               0 kB
MemTotal:        5980404 kB
MemFree:         1071876 kB
MemAvailable:    2843224 kB
Buffers:            6412 kB
Cached:          1717668 kB
SwapCached:            0 kB
Active:          1308248 kB
Inactive:        1470392 kB
Active(anon):    1060968 kB
Inactive(anon):    20584 kB
Active(file):     247280 kB
Inactive(file):  1449808 kB
Unevictable:        5628 kB
Mlocked:            5628 kB
SwapTotal:       3670008 kB
SwapFree:        3670008 kB
Dirty:               296 kB
Writeback:             0 kB
AnonPages:       1060296 kB
Mapped:           780480 kB
Shmem:             22404 kB
KReclaimable:     636692 kB
Slab:             223228 kB
SReclaimable:      69616 kB
SUnreclaim:       153612 kB
KernelStack:       43904 kB
PageTables:        55544 kB
NFS_Unstable:          0 kB
Bounce:                0 kB
WritebackTmp:          0 kB
CommitLimit:     6660208 kB
Committed_AS:   61326524 kB
VmallocTotal:   263061440 kB
VmallocUsed:       84244 kB
VmallocChunk:          0 kB
Percpu:             7552 kB
CmaTotal:         315392 kB
CmaFree:               0 kB
MemTotal:        5980404 kB
MemFree:         1073000 kB
MemAvailable:    2844348 kB
Buffers:            6412 kB
Cached:          1717672 kB
SwapCached:            0 kB
Active:          1307596 kB
Inactive:        1470392 kB
Active(anon):    1060316 kB
Inactive(anon):    20584 kB
Active(file):     247280 kB
Inactive(file):  1449808 kB
Unevictable:        5628 kB
Mlocked:            5628 kB
SwapTotal:       3670008 kB
SwapFree:        3670008 kB
Dirty:               288 kB
Writeback:             0 kB
AnonPages:       1059904 kB
Mapped:           780708 kB
Shmem:             22404 kB
KReclaimable:     636692 kB
Slab:             223228 kB
SReclaimable:      69616 kB
SUnreclaim:       153612 kB
KernelStack:       43904 kB
PageTables:        55468 kB
NFS_Unstable:          0 kB
Bounce:                0 kB
WritebackTmp:          0 kB
CommitLimit:     6660208 kB
Committed_AS:   61327444 kB
VmallocTotal:   263061440 kB
VmallocUsed:       84228 kB
VmallocChunk:          0 kB
Percpu:             7552 kB
CmaTotal:         315392 kB
CmaFree:               0 kB
MemTotal:        5980404 kB
MemFree:         1072376 kB
MemAvailable:    2843728 kB
Buffers:            6412 kB
Cached:          1717672 kB
SwapCached:            0 kB
Active:          1306728 kB
Inactive:        1470400 kB
Active(anon):    1059452 kB
Inactive(anon):    20584 kB
Active(file):     247276 kB
Inactive(file):  1449816 kB
Unevictable:        5628 kB
Mlocked:            5628 kB
SwapTotal:       3670008 kB
SwapFree:        3670008 kB
Dirty:               336 kB
Writeback:             0 kB
AnonPages:       1058704 kB
Mapped:           780436 kB
Shmem:             22404 kB
KReclaimable:     636692 kB
Slab:             223228 kB
SReclaimable:      69616 kB
SUnreclaim:       153612 kB
KernelStack:       43888 kB
PageTables:        55464 kB
NFS_Unstable:          0 kB
Bounce:                0 kB
WritebackTmp:          0 kB
CommitLimit:     6660208 kB
Committed_AS:   61329060 kB
VmallocTotal:   263061440 kB
VmallocUsed:       84212 kB
VmallocChunk:          0 kB
Percpu:             7552 kB
CmaTotal:         315392 kB
CmaFree:               0 kB
MemTotal:        5980404 kB
MemFree:         1072912 kB
MemAvailable:    2844264 kB
Buffers:            6412 kB
Cached:          1717672 kB
SwapCached:            0 kB
Active:          1306944 kB
Inactive:        1470400 kB
Active(anon):    1059668 kB
Inactive(anon):    20584 kB
Active(file):     247276 kB
Inactive(file):  1449816 kB
Unevictable:        5628 kB
Mlocked:            5628 kB
SwapTotal:       3670008 kB
SwapFree:        3670008 kB
Dirty:               368 kB
Writeback:             0 kB
AnonPages:       1058904 kB
Mapped:           780312 kB
Shmem:             22404 kB
KReclaimable:     636692 kB
Slab:             223228 kB
SReclaimable:      69616 kB
SUnreclaim:       153612 kB
KernelStack:       43920 kB
PageTables:        55532 kB
NFS_Unstable:          0 kB
Bounce:                0 kB
WritebackTmp:          0 kB
CommitLimit:     6660208 kB
Committed_AS:   61327320 kB
VmallocTotal:   263061440 kB
VmallocUsed:       84212 kB
VmallocChunk:          0 kB
Percpu:             7552 kB
CmaTotal:         315392 kB
CmaFree:               0 kB
MemTotal:        5980404 kB
MemFree:         1072672 kB
MemAvailable:    2844024 kB
Buffers:            6412 kB
Cached:          1717672 kB
SwapCached:            0 kB
Active:          1307444 kB
Inactive:        1470396 kB
Active(anon):    1060164 kB
Inactive(anon):    20584 kB
Active(file):     247280 kB
Inactive(file):  1449812 kB
Unevictable:        5628 kB
Mlocked:            5628 kB
SwapTotal:       3670008 kB
SwapFree:        3670008 kB
Dirty:               368 kB
Writeback:             0 kB
AnonPages:       1059432 kB
Mapped:           780432 kB
Shmem:             22404 kB
KReclaimable:     636692 kB
Slab:             223228 kB
SReclaimable:      69616 kB
SUnreclaim:       153612 kB
KernelStack:       43872 kB
PageTables:        55532 kB
NFS_Unstable:          0 kB
Bounce:                0 kB
WritebackTmp:          0 kB
CommitLimit:     6660208 kB
Committed_AS:   61323536 kB
VmallocTotal:   263061440 kB
VmallocUsed:       84260 kB
VmallocChunk:          0 kB
Percpu:             7552 kB
CmaTotal:         315392 kB
CmaFree:               0 kB
MemTotal:        5980404 kB
MemFree:         1072048 kB
MemAvailable:    2843400 kB
Buffers:            6412 kB
Cached:          1717672 kB
SwapCached:            0 kB
Active:          1307940 kB
Inactive:        1470396 kB
Active(anon):    1060660 kB
Inactive(anon):    20584 kB
Active(file):     247280 kB
Inactive(file):  1449812 kB
Unevictable:        5628 kB
Mlocked:            5628 kB
SwapTotal:       3670008 kB
SwapFree:        3670008 kB
Dirty:               368 kB
Writeback:             0 kB
AnonPages:       1059836 kB
Mapped:           780252 kB
Shmem:             22404 kB
KReclaimable:     636692 kB
Slab:             223220 kB
SReclaimable:      69616 kB
SUnreclaim:       153604 kB
KernelStack:       43872 kB
PageTables:        55304 kB
NFS_Unstable:          0 kB
Bounce:                0 kB
WritebackTmp:          0 kB
CommitLimit:     6660208 kB
Committed_AS:   61327696 kB
VmallocTotal:   263061440 kB
VmallocUsed:       84228 kB
VmallocChunk:          0 kB
Percpu:             7552 kB
CmaTotal:         315392 kB
CmaFree:               0 kB
MemTotal:        5980404 kB
MemFree:         1072132 kB
MemAvailable:    2843484 kB
Buffers:            6412 kB
Cached:          1717672 kB
SwapCached:            0 kB
Active:          1308156 kB
Inactive:        1470396 kB
Active(anon):    1060876 kB
Inactive(anon):    20584 kB
Active(file):     247280 kB
Inactive(file):  1449812 kB
Unevictable:        5628 kB
Mlocked:            5628 kB
SwapTotal:       3670008 kB
SwapFree:        3670008 kB
Dirty:               288 kB
Writeback:             0 kB
AnonPages:       1060032 kB
Mapped:           780480 kB
Shmem:             22404 kB
KReclaimable:     636692 kB
Slab:             223228 kB
SReclaimable:      69616 kB
SUnreclaim:       153612 kB
KernelStack:       43920 kB
PageTables:        55428 kB
NFS_Unstable:          0 kB
Bounce:                0 kB
WritebackTmp:          0 kB
CommitLimit:     6660208 kB
Committed_AS:   61327180 kB
VmallocTotal:   263061440 kB
VmallocUsed:       84244 kB
VmallocChunk:          0 kB
Percpu:             7552 kB
CmaTotal:         315392 kB
CmaFree:               0 kB
MemTotal:        5980404 kB
MemFree:         1071628 kB
MemAvailable:    2842980 kB
Buffers:            6412 kB
Cached:          1717672 kB
SwapCached:            0 kB
Active:          1308532 kB
Inactive:        1470396 kB
Active(anon):    1061252 kB
Inactive(anon):    20584 kB
Active(file):     247280 kB
Inactive(file):  1449812 kB
Unevictable:        5628 kB
Mlocked:            5628 kB
SwapTotal:       3670008 kB
SwapFree:        3670008 kB
Dirty:               252 kB
Writeback:             0 kB
AnonPages:       1060532 kB
Mapped:           780252 kB
Shmem:             22404 kB
KReclaimable:     636692 kB
Slab:             223220 kB
SReclaimable:      69616 kB
SUnreclaim:       153604 kB
KernelStack:       43872 kB
PageTables:        55368 kB
NFS_Unstable:          0 kB
Bounce:                0 kB
WritebackTmp:          0 kB
CommitLimit:     6660208 kB
Committed_AS:   61325632 kB
VmallocTotal:   263061440 kB
VmallocUsed:       84244 kB
VmallocChunk:          0 kB
Percpu:             7552 kB
CmaTotal:         315392 kB
CmaFree:               0 kB
MemTotal:        5980404 kB
MemFree:         1072116 kB
MemAvailable:    2843484 kB
Buffers:            6416 kB
Cached:          1717684 kB
SwapCached:            0 kB
Active:          1308948 kB
Inactive:        1470408 kB
Active(anon):    1061664 kB
Inactive(anon):    20584 kB
Active(file):     247284 kB
Inactive(file):  1449824 kB
Unevictable:        5628 kB
Mlocked:            5628 kB
SwapTotal:       3670008 kB
SwapFree:        3670008 kB
Dirty:               328 kB
Writeback:             0 kB
AnonPages:       1060984 kB
Mapped:           780312 kB
Shmem:             22404 kB
KReclaimable:     636692 kB
Slab:             223228 kB
SReclaimable:      69616 kB
SUnreclaim:       153612 kB
KernelStack:       43936 kB
PageTables:        55824 kB
NFS_Unstable:          0 kB
Bounce:                0 kB
WritebackTmp:          0 kB
CommitLimit:     6660208 kB
Committed_AS:   61329272 kB
VmallocTotal:   263061440 kB
VmallocUsed:       84244 kB
VmallocChunk:          0 kB
Percpu:             7552 kB
CmaTotal:         315392 kB
CmaFree:               0 kB
MemTotal:        5980404 kB
MemFree:         1070300 kB
MemAvailable:    2841668 kB
Buffers:            6416 kB
Cached:          1717684 kB
SwapCached:            0 kB
Active:          1309468 kB
Inactive:        1470408 kB
Active(anon):    1062184 kB
Inactive(anon):    20584 kB
Active(file):     247284 kB
Inactive(file):  1449824 kB
Unevictable:        5628 kB
Mlocked:            5628 kB
SwapTotal:       3670008 kB
SwapFree:        3670008 kB
Dirty:               340 kB
Writeback:             0 kB
AnonPages:       1061476 kB
Mapped:           780300 kB
Shmem:             22404 kB
KReclaimable:     636692 kB
Slab:             223236 kB
SReclaimable:      69616 kB
SUnreclaim:       153620 kB
KernelStack:       43948 kB
PageTables:        55268 kB
NFS_Unstable:          0 kB
Bounce:                0 kB
WritebackTmp:          0 kB
CommitLimit:     6660208 kB
Committed_AS:   61327524 kB
VmallocTotal:   263061440 kB
VmallocUsed:       84276 kB
VmallocChunk:          0 kB
Percpu:             7552 kB
CmaTotal:         315392 kB
CmaFree:               0 kB
MemTotal:        5980404 kB
MemFree:         1070116 kB
MemAvailable:    2841488 kB
Buffers:            6416 kB
Cached:          1717688 kB
SwapCached:            0 kB
Active:          1309820 kB
Inactive:        1470412 kB
Active(anon):    1062536 kB
Inactive(anon):    20584 kB
Active(file):     247284 kB
Inactive(file):  1449828 kB
Unevictable:        5628 kB
Mlocked:            5628 kB
SwapTotal:       3670008 kB
SwapFree:        3670008 kB
Dirty:               348 kB
Writeback:             0 kB
AnonPages:       1061508 kB
Mapped:           780252 kB
Shmem:             22404 kB
KReclaimable:     636692 kB
Slab:             223228 kB
SReclaimable:      69616 kB
SUnreclaim:       153612 kB
KernelStack:       43920 kB
PageTables:        55432 kB
NFS_Unstable:          0 kB
Bounce:                0 kB
WritebackTmp:          0 kB
CommitLimit:     6660208 kB
Committed_AS:   61327200 kB
VmallocTotal:   263061440 kB
VmallocUsed:       84260 kB
VmallocChunk:          0 kB
Percpu:             7552 kB
CmaTotal:         315392 kB
CmaFree:               0 kB
MemTotal:        5980404 kB
MemFree:         1070180 kB
MemAvailable:    2841560 kB
Buffers:            6416 kB
Cached:          1717696 kB
SwapCached:            0 kB
Active:          1310316 kB
Inactive:        1470420 kB
Active(anon):    1063032 kB
Inactive(anon):    20584 kB
Active(file):     247284 kB
Inactive(file):  1449836 kB
Unevictable:        5628 kB
Mlocked:            5628 kB
SwapTotal:       3670008 kB
SwapFree:        3670008 kB
Dirty:               348 kB
Writeback:             0 kB
AnonPages:       1062280 kB
Mapped:           780480 kB
Shmem:             22404 kB
KReclaimable:     636692 kB
Slab:             223220 kB
SReclaimable:      69616 kB
SUnreclaim:       153604 kB
KernelStack:       43920 kB
PageTables:        55476 kB
NFS_Unstable:          0 kB
Bounce:                0 kB
WritebackTmp:          0 kB
CommitLimit:     6660208 kB
Committed_AS:   61325636 kB
VmallocTotal:   263061440 kB
VmallocUsed:       84212 kB
VmallocChunk:          0 kB
Percpu:             7552 kB
CmaTotal:         315392 kB
CmaFree:               0 kB
MemTotal:        5980404 kB
MemFree:         1069680 kB
MemAvailable:    2841052 kB
Buffers:            6416 kB
Cached:          1717688 kB
SwapCached:            0 kB
Active:          1310804 kB
Inactive:        1470412 kB
Active(anon):    1063520 kB
Inactive(anon):    20584 kB
Active(file):     247284 kB
Inactive(file):  1449828 kB
Unevictable:        5628 kB
Mlocked:            5628 kB
SwapTotal:       3670008 kB
SwapFree:        3670008 kB
Dirty:               348 kB
Writeback:             0 kB
AnonPages:       1062940 kB
Mapped:           780480 kB
Shmem:             22404 kB
KReclaimable:     636692 kB
Slab:             223220 kB
SReclaimable:      69616 kB
SUnreclaim:       153604 kB
KernelStack:       43872 kB
PageTables:        55360 kB
NFS_Unstable:          0 kB
Bounce:                0 kB
WritebackTmp:          0 kB
CommitLimit:     6660208 kB
Committed_AS:   61325736 kB
VmallocTotal:   263061440 kB
VmallocUsed:       84212 kB
VmallocChunk:          0 kB
Percpu:             7552 kB
CmaTotal:         315392 kB
CmaFree:               0 kB
MemTotal:        5980404 kB
MemFree:         1070560 kB
MemAvailable:    2841932 kB
Buffers:            6416 kB
Cached:          1717688 kB
SwapCached:            0 kB
Active:          1311112 kB
Inactive:        1470412 kB
Active(anon):    1063828 kB
Inactive(anon):    20584 kB
Active(file):     247284 kB
Inactive(file):  1449828 kB
Unevictable:        5628 kB
Mlocked:            5628 kB
SwapTotal:       3670008 kB
SwapFree:        3670008 kB
Dirty:               352 kB
Writeback:             0 kB
AnonPages:       1063036 kB
Mapped:           780192 kB
Shmem:             22404 kB
KReclaimable:     636692 kB
Slab:             223236 kB
SReclaimable:      69616 kB
SUnreclaim:       153620 kB
KernelStack:       43872 kB
PageTables:        55412 kB
NFS_Unstable:          0 kB
Bounce:                0 kB
WritebackTmp:          0 kB
CommitLimit:     6660208 kB
Committed_AS:   61327672 kB
VmallocTotal:   263061440 kB
VmallocUsed:       84212 kB
VmallocChunk:          0 kB
Percpu:             7552 kB
CmaTotal:         315392 kB
CmaFree:               0 kB
MemTotal:        5980404 kB
MemFree:         1069140 kB
MemAvailable:    2840512 kB
Buffers:            6416 kB
Cached:          1717688 kB
SwapCached:            0 kB
Active:          1310984 kB
Inactive:        1470412 kB
Active(anon):    1063700 kB
Inactive(anon):    20584 kB
Active(file):     247284 kB
Inactive(file):  1449828 kB
Unevictable:        5628 kB
Mlocked:            5628 kB
SwapTotal:       3670008 kB
SwapFree:        3670008 kB
Dirty:               356 kB
Writeback:             0 kB
AnonPages:       1062764 kB
Mapped:           780520 kB
Shmem:             22404 kB
KReclaimable:     636692 kB
Slab:             223236 kB
SReclaimable:      69616 kB
SUnreclaim:       153620 kB
KernelStack:       43904 kB
PageTables:        55448 kB
NFS_Unstable:          0 kB
Bounce:                0 kB
WritebackTmp:          0 kB
CommitLimit:     6660208 kB
Committed_AS:   61328492 kB
VmallocTotal:   263061440 kB
VmallocUsed:       84212 kB
VmallocChunk:          0 kB
Percpu:             7552 kB
CmaTotal:         315392 kB
CmaFree:               0 kB
MemTotal:        5980404 kB
MemFree:         1068576 kB
MemAvailable:    2839948 kB
Buffers:            6416 kB
Cached:          1717688 kB
SwapCached:            0 kB
Active:          1311056 kB
Inactive:        1470412 kB
Active(anon):    1063772 kB
Inactive(anon):    20584 kB
Active(file):     247284 kB
Inactive(file):  1449828 kB
Unevictable:        5628 kB
Mlocked:            5628 kB
SwapTotal:       3670008 kB
SwapFree:        3670008 kB
Dirty:               364 kB
Writeback:             0 kB
AnonPages:       1062852 kB
Mapped:           780440 kB
Shmem:             22404 kB
KReclaimable:     636692 kB
Slab:             223212 kB
SReclaimable:      69616 kB
SUnreclaim:       153596 kB
KernelStack:       43888 kB
PageTables:        55540 kB
NFS_Unstable:          0 kB
Bounce:                0 kB
WritebackTmp:          0 kB
CommitLimit:     6660208 kB
Committed_AS:   61328180 kB
VmallocTotal:   263061440 kB
VmallocUsed:       84212 kB
VmallocChunk:          0 kB
Percpu:             7552 kB
CmaTotal:         315392 kB
CmaFree:               0 kB
MemTotal:        5980404 kB
MemFree:         1068320 kB
MemAvailable:    2839692 kB
Buffers:            6416 kB
Cached:          1717688 kB
SwapCached:            0 kB
Active:          1311400 kB
Inactive:        1470412 kB
Active(anon):    1064116 kB
Inactive(anon):    20584 kB
Active(file):     247284 kB
Inactive(file):  1449828 kB
Unevictable:        5628 kB
Mlocked:            5628 kB
SwapTotal:       3670008 kB
SwapFree:        3670008 kB
Dirty:               284 kB
Writeback:             0 kB
AnonPages:       1063268 kB
Mapped:           780212 kB
Shmem:             22404 kB
KReclaimable:     636692 kB
Slab:             223228 kB
SReclaimable:      69616 kB
SUnreclaim:       153612 kB
KernelStack:       43872 kB
PageTables:        55412 kB
NFS_Unstable:          0 kB
Bounce:                0 kB
WritebackTmp:          0 kB
CommitLimit:     6660208 kB
Committed_AS:   61327192 kB
VmallocTotal:   263061440 kB
VmallocUsed:       84212 kB
VmallocChunk:          0 kB
Percpu:             7552 kB
CmaTotal:         315392 kB
CmaFree:               0 kB
MemTotal:        5980404 kB
MemFree:         1071504 kB
MemAvailable:    2842884 kB
Buffers:            6416 kB
Cached:          1717696 kB
SwapCached:            0 kB
Active:          1308036 kB
Inactive:        1470420 kB
Active(anon):    1060752 kB
Inactive(anon):    20584 kB
Active(file):     247284 kB
Inactive(file):  1449836 kB
Unevictable:        5628 kB
Mlocked:            5628 kB
SwapTotal:       3670008 kB
SwapFree:        3670008 kB
Dirty:               328 kB
Writeback:             0 kB
AnonPages:       1060200 kB
Mapped:           780480 kB
Shmem:             22404 kB
KReclaimable:     636692 kB
Slab:             223220 kB
SReclaimable:      69616 kB
SUnreclaim:       153604 kB
KernelStack:       43888 kB
PageTables:        55616 kB
NFS_Unstable:          0 kB
Bounce:                0 kB
WritebackTmp:          0 kB
CommitLimit:     6660208 kB
Committed_AS:   61325244 kB
VmallocTotal:   263061440 kB
VmallocUsed:       84228 kB
VmallocChunk:          0 kB
Percpu:             7552 kB
CmaTotal:         315392 kB
CmaFree:               4 kB
MemTotal:        5980404 kB
MemFree:         1070888 kB
MemAvailable:    2842268 kB
Buffers:            6416 kB
Cached:          1717696 kB
SwapCached:            0 kB
Active:          1308728 kB
Inactive:        1470420 kB
Active(anon):    1061444 kB
Inactive(anon):    20584 kB
Active(file):     247284 kB
Inactive(file):  1449836 kB
Unevictable:        5628 kB
Mlocked:            5628 kB
SwapTotal:       3670008 kB
SwapFree:        3670008 kB
Dirty:               328 kB
Writeback:             0 kB
AnonPages:       1060524 kB
Mapped:           780480 kB
Shmem:             22404 kB
KReclaimable:     636692 kB
Slab:             223220 kB
SReclaimable:      69616 kB
SUnreclaim:       153604 kB
KernelStack:       43712 kB
PageTables:        55436 kB
NFS_Unstable:          0 kB
Bounce:                0 kB
WritebackTmp:          0 kB
CommitLimit:     6660208 kB
Committed_AS:   61327700 kB
VmallocTotal:   263061440 kB
VmallocUsed:       84100 kB
VmallocChunk:          0 kB
Percpu:             7552 kB
CmaTotal:         315392 kB
CmaFree:              92 kB
MemTotal:        5980404 kB
MemFree:         1070308 kB
MemAvailable:    2841688 kB
Buffers:            6416 kB
Cached:          1717696 kB
SwapCached:            0 kB
Active:          1308748 kB
Inactive:        1470420 kB
Active(anon):    1061464 kB
Inactive(anon):    20584 kB
Active(file):     247284 kB
Inactive(file):  1449836 kB
Unevictable:        5628 kB
Mlocked:            5628 kB
SwapTotal:       3670008 kB
SwapFree:        3670008 kB
Dirty:               328 kB
Writeback:             0 kB
AnonPages:       1060756 kB
Mapped:           780520 kB
Shmem:             22404 kB
KReclaimable:     636692 kB
Slab:             223228 kB
SReclaimable:      69616 kB
SUnreclaim:       153612 kB
KernelStack:       43744 kB
PageTables:        55444 kB
NFS_Unstable:          0 kB
Bounce:                0 kB
WritebackTmp:          0 kB
CommitLimit:     6660208 kB
Committed_AS:   61326072 kB
VmallocTotal:   263061440 kB
VmallocUsed:       84036 kB
VmallocChunk:          0 kB
Percpu:             7552 kB
CmaTotal:         315392 kB
CmaFree:               0 kB
MemTotal:        5980404 kB
MemFree:         1070652 kB
MemAvailable:    2842032 kB
Buffers:            6416 kB
Cached:          1717696 kB
SwapCached:            0 kB
Active:          1309132 kB
Inactive:        1470420 kB
Active(anon):    1061848 kB
Inactive(anon):    20584 kB
Active(file):     247284 kB
Inactive(file):  1449836 kB
Unevictable:        5628 kB
Mlocked:            5628 kB
SwapTotal:       3670008 kB
SwapFree:        3670008 kB
Dirty:               328 kB
Writeback:             0 kB
AnonPages:       1061080 kB
Mapped:           780368 kB
Shmem:             22404 kB
KReclaimable:     636692 kB
Slab:             223220 kB
SReclaimable:      69616 kB
SUnreclaim:       153604 kB
KernelStack:       43728 kB
PageTables:        55468 kB
NFS_Unstable:          0 kB
Bounce:                0 kB
WritebackTmp:          0 kB
CommitLimit:     6660208 kB
Committed_AS:   61324152 kB
VmallocTotal:   263061440 kB
VmallocUsed:       84052 kB
