MemTotal:       12113136 kB
MemFree:         6426712 kB
MemAvailable:    8031940 kB
Buffers:            5656 kB
Cached:          1835176 kB
SwapCached:            0 kB
Active:          1459464 kB
Inactive:        1594244 kB
Active(anon):    1219364 kB
Inactive(anon):    24712 kB
Active(file):     240100 kB
Inactive(file):  1569532 kB
Unevictable:        5620 kB
Mlocked:            5620 kB
SwapTotal:       3145724 kB
SwapFree:        3145724 kB
Dirty:               220 kB
Writeback:             0 kB
AnonPages:       1218516 kB
Mapped:           854320 kB
Shmem:             26632 kB
KReclaimable:     664300 kB
Slab:             222088 kB
SReclaimable:      77236 kB
SUnreclaim:       144852 kB
KernelStack:       46048 kB
PageTables:        62132 kB
NFS_Unstable:          0 kB
Bounce:                0 kB
WritebackTmp:          0 kB
CommitLimit:     9202292 kB
Committed_AS:   65801884 kB
VmallocTotal:   263061440 kB
VmallocUsed:      103024 kB
VmallocChunk:          0 kB
Percpu:             7552 kB
CmaTotal:         294912 kB
CmaFree:             128 kB
MemTotal:       12113136 kB
MemFree:         6426148 kB
MemAvailable:    8031388 kB
Buffers:            5656 kB
Cached:          1835188 kB
SwapCached:            0 kB
Active:          1460040 kB
Inactive:        1594256 kB
Active(anon):    1219940 kB
Inactive(anon):    24712 kB
Active(file):     240100 kB
Inactive(file):  1569544 kB
Unevictable:        5620 kB
Mlocked:            5620 kB
SwapTotal:       3145724 kB
SwapFree:        3145724 kB
Dirty:               232 kB
Writeback:             0 kB
AnonPages:       1219256 kB
Mapped:           854436 kB
Shmem:             26632 kB
KReclaimable:     664300 kB
Slab:             222096 kB
SReclaimable:      77236 kB
SUnreclaim:       144860 kB
KernelStack:       46116 kB
PageTables:        62044 kB
NFS_Unstable:          0 kB
Bounce:                0 kB
WritebackTmp:          0 kB
CommitLimit:     9202292 kB
Committed_AS:   65807560 kB
VmallocTotal:   263061440 kB
VmallocUsed:      103040 kB
VmallocChunk:          0 kB
Percpu:             7552 kB
CmaTotal:         294912 kB
CmaFree:               0 kB
MemTotal:       12113136 kB
MemFree:         6424712 kB
MemAvailable:    8029996 kB
Buffers:            5656 kB
Cached:          1835232 kB
SwapCached:            0 kB
Active:          1460780 kB
Inactive:        1594276 kB
Active(anon):    1220656 kB
Inactive(anon):    24712 kB
Active(file):     240124 kB
Inactive(file):  1569564 kB
Unevictable:        5620 kB
Mlocked:            5620 kB
SwapTotal:       3145724 kB
SwapFree:        3145724 kB
Dirty:               308 kB
Writeback:             0 kB
AnonPages:       1219832 kB
Mapped:           854400 kB
Shmem:             26632 kB
KReclaimable:     664300 kB
Slab:             222088 kB
SReclaimable:      77236 kB
SUnreclaim:       144852 kB
KernelStack:       46064 kB
PageTables:        62184 kB
NFS_Unstable:          0 kB
Bounce:                0 kB
WritebackTmp:          0 kB
CommitLimit:     9202292 kB
Committed_AS:   65813168 kB
VmallocTotal:   263061440 kB
VmallocUsed:      103056 kB
VmallocChunk:          0 kB
Percpu:             7552 kB
CmaTotal:         294912 kB
CmaFree:               0 kB
MemTotal:       12113136 kB
MemFree:         6424320 kB
MemAvailable:    8029604 kB
Buffers:            5656 kB
Cached:          1835236 kB
SwapCached:            0 kB
Active:          1461024 kB
Inactive:        1594280 kB
Active(anon):    1220900 kB
Inactive(anon):    24716 kB
Active(file):     240124 kB
Inactive(file):  1569564 kB
Unevictable:        5620 kB
Mlocked:            5620 kB
SwapTotal:       3145724 kB
SwapFree:        3145724 kB
Dirty:               320 kB
Writeback:             0 kB
AnonPages:       1220176 kB
Mapped:           854664 kB
Shmem:             26636 kB
KReclaimable:     664300 kB
Slab:             222072 kB
SReclaimable:      77236 kB
SUnreclaim:       144836 kB
KernelStack:       46084 kB
PageTables:        62500 kB
NFS_Unstable:          0 kB
Bounce:                0 kB
WritebackTmp:          0 kB
CommitLimit:     9202292 kB
Committed_AS:   65807108 kB
VmallocTotal:   263061440 kB
VmallocUsed:      103056 kB
VmallocChunk:          0 kB
Percpu:             7552 kB
CmaTotal:         294912 kB
CmaFree:               0 kB
MemTotal:       12113136 kB
MemFree:         6424084 kB
MemAvailable:    8029396 kB
Buffers:            5656 kB
Cached:          1835264 kB
SwapCached:            0 kB
Active:          1461616 kB
Inactive:        1594308 kB
Active(anon):    1221492 kB
Inactive(anon):    24716 kB
Active(file):     240124 kB
Inactive(file):  1569592 kB
Unevictable:        5620 kB
Mlocked:            5620 kB
SwapTotal:       3145724 kB
SwapFree:        3145724 kB
Dirty:               364 kB
Writeback:             0 kB
AnonPages:       1220632 kB
Mapped:           854384 kB
Shmem:             26636 kB
KReclaimable:     664300 kB
Slab:             222096 kB
SReclaimable:      77236 kB
SUnreclaim:       144860 kB
KernelStack:       46016 kB
PageTables:        62132 kB
NFS_Unstable:          0 kB
Bounce:                0 kB
WritebackTmp:          0 kB
CommitLimit:     9202292 kB
Committed_AS:   65806668 kB
VmallocTotal:   263061440 kB
VmallocUsed:      103040 kB
VmallocChunk:          0 kB
Percpu:             7552 kB
CmaTotal:         294912 kB
CmaFree:               0 kB
MemTotal:       12113136 kB
MemFree:         6424236 kB
MemAvailable:    8029576 kB
Buffers:            5656 kB
Cached:          1835292 kB
SwapCached:            0 kB
Active:          1462260 kB
Inactive:        1594336 kB
Active(anon):    1222136 kB
Inactive(anon):    24716 kB
Active(file):     240124 kB
Inactive(file):  1569620 kB
Unevictable:        5620 kB
Mlocked:            5620 kB
SwapTotal:       3145724 kB
SwapFree:        3145724 kB
Dirty:               448 kB
Writeback:             0 kB
AnonPages:       1221108 kB
Mapped:           854532 kB
Shmem:             26636 kB
KReclaimable:     664300 kB
Slab:             222088 kB
SReclaimable:      77236 kB
SUnreclaim:       144852 kB
KernelStack:       46064 kB
PageTables:        62232 kB
NFS_Unstable:          0 kB
Bounce:                0 kB
WritebackTmp:          0 kB
CommitLimit:     9202292 kB
Committed_AS:   65810268 kB
VmallocTotal:   263061440 kB
VmallocUsed:      103040 kB
VmallocChunk:          0 kB
Percpu:             7552 kB
CmaTotal:         294912 kB
CmaFree:               0 kB
MemTotal:       12113136 kB
MemFree:         6423460 kB
MemAvailable:    8028808 kB
Buffers:            5656 kB
Cached:          1835300 kB
SwapCached:            0 kB
Active:          1462824 kB
Inactive:        1594344 kB
Active(anon):    1222700 kB
Inactive(anon):    24716 kB
Active(file):     240124 kB
Inactive(file):  1569628 kB
Unevictable:        5620 kB
Mlocked:            5620 kB
SwapTotal:       3145724 kB
SwapFree:        3145724 kB
Dirty:               468 kB
Writeback:             0 kB
AnonPages:       1221672 kB
Mapped:           854404 kB
Shmem:             26636 kB
KReclaimable:     664300 kB
Slab:             222096 kB
SReclaimable:      77236 kB
SUnreclaim:       144860 kB
KernelStack:       46032 kB
PageTables:        62176 kB
NFS_Unstable:          0 kB
Bounce:                0 kB
WritebackTmp:          0 kB
CommitLimit:     9202292 kB
Committed_AS:   65810248 kB
VmallocTotal:   263061440 kB
VmallocUsed:      103056 kB
VmallocChunk:          0 kB
Percpu:             7552 kB
CmaTotal:         294912 kB
CmaFree:              28 kB
MemTotal:       12113136 kB
MemFree:         6422736 kB
MemAvailable:    8028092 kB
Buffers:            5656 kB
Cached:          1835308 kB
SwapCached:            0 kB
Active:          1463704 kB
Inactive:        1594352 kB
Active(anon):    1223580 kB
Inactive(anon):    24716 kB
Active(file):     240124 kB
Inactive(file):  1569636 kB
Unevictable:        5620 kB
Mlocked:            5620 kB
SwapTotal:       3145724 kB
SwapFree:        3145724 kB
Dirty:               216 kB
Writeback:             0 kB
AnonPages:       1222660 kB
Mapped:           854448 kB
Shmem:             26636 kB
KReclaimable:     664300 kB
Slab:             222088 kB
SReclaimable:      77236 kB
SUnreclaim:       144852 kB
KernelStack:       46032 kB
PageTables:        62036 kB
NFS_Unstable:          0 kB
Bounce:                0 kB
WritebackTmp:          0 kB
CommitLimit:     9202292 kB
Committed_AS:   65809988 kB
VmallocTotal:   263061440 kB
VmallocUsed:      103024 kB
VmallocChunk:          0 kB
Percpu:             7552 kB
CmaTotal:         294912 kB
CmaFree:               0 kB
MemTotal:       12113136 kB
MemFree:         6441428 kB
MemAvailable:    8046800 kB
Buffers:            5656 kB
Cached:          1835324 kB
SwapCached:            0 kB
Active:          1446324 kB
Inactive:        1594368 kB
Active(anon):    1206200 kB
Inactive(anon):    24716 kB
Active(file):     240124 kB
Inactive(file):  1569652 kB
Unevictable:        5620 kB
Mlocked:            5620 kB
SwapTotal:       3145724 kB
SwapFree:        3145724 kB
Dirty:               452 kB
Writeback:             0 kB
AnonPages:       1205356 kB
Mapped:           854384 kB
Shmem:             26636 kB
KReclaimable:     664300 kB
Slab:             222104 kB
SReclaimable:      77236 kB
SUnreclaim:       144868 kB
KernelStack:       46032 kB
PageTables:        62200 kB
NFS_Unstable:          0 kB
Bounce:                0 kB
WritebackTmp:          0 kB
CommitLimit:     9202292 kB
Committed_AS:   65811316 kB
VmallocTotal:   263061440 kB
VmallocUsed:      102992 kB
VmallocChunk:          0 kB
Percpu:             7552 kB
CmaTotal:         294912 kB
CmaFree:               0 kB
MemTotal:       12113136 kB
MemFree:         6439032 kB
MemAvailable:    8044404 kB
Buffers:            5656 kB
Cached:          1835324 kB
SwapCached:            0 kB
Active:          1447780 kB
Inactive:        1594368 kB
Active(anon):    1207656 kB
Inactive(anon):    24716 kB
Active(file):     240124 kB
Inactive(file):  1569652 kB
Unevictable:        5620 kB
Mlocked:            5620 kB
SwapTotal:       3145724 kB
SwapFree:        3145724 kB
Dirty:               476 kB
Writeback:             0 kB
AnonPages:       1206848 kB
Mapped:           854440 kB
Shmem:             26636 kB
KReclaimable:     664300 kB
Slab:             222104 kB
SReclaimable:      77236 kB
SUnreclaim:       144868 kB
KernelStack:       45968 kB
PageTables:        62368 kB
NFS_Unstable:          0 kB
Bounce:                0 kB
WritebackTmp:          0 kB
CommitLimit:     9202292 kB
Committed_AS:   65816388 kB
VmallocTotal:   263061440 kB
VmallocUsed:      103024 kB
VmallocChunk:          0 kB
Percpu:             7552 kB
CmaTotal:         294912 kB
CmaFree:               0 kB
MemTotal:       12113136 kB
MemFree:         6437324 kB
MemAvailable:    8042720 kB
Buffers:            5656 kB
Cached:          1835352 kB
SwapCached:            0 kB
Active:          1448848 kB
Inactive:        1594396 kB
Active(anon):    1208724 kB
Inactive(anon):    24720 kB
Active(file):     240124 kB
Inactive(file):  1569676 kB
Unevictable:        5620 kB
Mlocked:            5620 kB
SwapTotal:       3145724 kB
SwapFree:        3145724 kB
Dirty:               504 kB
Writeback:             0 kB
AnonPages:       1207900 kB
Mapped:           854388 kB
Shmem:             26640 kB
KReclaimable:     664300 kB
Slab:             222104 kB
SReclaimable:      77236 kB
SUnreclaim:       144868 kB
KernelStack:       45984 kB
PageTables:        62124 kB
NFS_Unstable:          0 kB
Bounce:                0 kB
WritebackTmp:          0 kB
CommitLimit:     9202292 kB
Committed_AS:   65816568 kB
VmallocTotal:   263061440 kB
VmallocUsed:      103024 kB
VmallocChunk:          0 kB
Percpu:             7552 kB
CmaTotal:         294912 kB
CmaFree:               0 kB
MemTotal:       12113136 kB
MemFree:         6437144 kB
MemAvailable:    8042560 kB
Buffers:            5664 kB
Cached:          1835364 kB
SwapCached:            0 kB
Active:          1449644 kB
Inactive:        1594408 kB
Active(anon):    1209512 kB
Inactive(anon):    24720 kB
Active(file):     240132 kB
Inactive(file):  1569688 kB
Unevictable:        5620 kB
Mlocked:            5620 kB
SwapTotal:       3145724 kB
SwapFree:        3145724 kB
Dirty:               480 kB
Writeback:             0 kB
AnonPages:       1208580 kB
Mapped:           854444 kB
Shmem:             26640 kB
KReclaimable:     664300 kB
Slab:             222104 kB
SReclaimable:      77236 kB
SUnreclaim:       144868 kB
KernelStack:       46036 kB
PageTables:        62352 kB
NFS_Unstable:          0 kB
Bounce:                0 kB
WritebackTmp:          0 kB
CommitLimit:     9202292 kB
Committed_AS:   65819664 kB
VmallocTotal:   263061440 kB
VmallocUsed:      103008 kB
VmallocChunk:          0 kB
Percpu:             7552 kB
CmaTotal:         294912 kB
CmaFree:               0 kB
MemTotal:       12113136 kB
MemFree:         6437304 kB
MemAvailable:    8042752 kB
Buffers:            5664 kB
Cached:          1835396 kB
SwapCached:            0 kB
Active:          1450252 kB
Inactive:        1594440 kB
Active(anon):    1210120 kB
Inactive(anon):    24720 kB
Active(file):     240132 kB
Inactive(file):  1569720 kB
Unevictable:        5620 kB
Mlocked:            5620 kB
SwapTotal:       3145724 kB
SwapFree:        3145724 kB
Dirty:               528 kB
Writeback:             0 kB
AnonPages:       1209352 kB
Mapped:           854388 kB
Shmem:             26640 kB
KReclaimable:     664300 kB
Slab:             222104 kB
SReclaimable:      77236 kB
SUnreclaim:       144868 kB
KernelStack:       45984 kB
PageTables:        62128 kB
NFS_Unstable:          0 kB
Bounce:                0 kB
WritebackTmp:          0 kB
CommitLimit:     9202292 kB
Committed_AS:   65814808 kB
VmallocTotal:   263061440 kB
VmallocUsed:      103024 kB
VmallocChunk:          0 kB
Percpu:             7552 kB
CmaTotal:         294912 kB
CmaFree:               0 kB
MemTotal:       12113136 kB
MemFree:         6434816 kB
MemAvailable:    8040268 kB
Buffers:            5664 kB
Cached:          1835404 kB
SwapCached:            0 kB
Active:          1451792 kB
Inactive:        1594448 kB
Active(anon):    1211660 kB
Inactive(anon):    24724 kB
Active(file):     240132 kB
Inactive(file):  1569724 kB
Unevictable:        5620 kB
Mlocked:            5620 kB
SwapTotal:       3145724 kB
SwapFree:        3145724 kB
Dirty:               532 kB
Writeback:             0 kB
AnonPages:       1210728 kB
Mapped:           854520 kB
Shmem:             26644 kB
KReclaimable:     664300 kB
Slab:             222104 kB
SReclaimable:      77236 kB
SUnreclaim:       144868 kB
KernelStack:       46048 kB
PageTables:        62148 kB
NFS_Unstable:          0 kB
Bounce:                0 kB
WritebackTmp:          0 kB
CommitLimit:     9202292 kB
Committed_AS:   65811104 kB
VmallocTotal:   263061440 kB
VmallocUsed:      102976 kB
VmallocChunk:          0 kB
Percpu:             7552 kB
CmaTotal:         294912 kB
CmaFree:               0 kB
MemTotal:       12113136 kB
MemFree:         6433400 kB
MemAvailable:    8038868 kB
Buffers:            5664 kB
Cached:          1835420 kB
SwapCached:            0 kB
Active:          1452708 kB
Inactive:        1594464 kB
Active(anon):    1212576 kB
Inactive(anon):    24724 kB
Active(file):     240132 kB
Inactive(file):  1569740 kB
Unevictable:        5620 kB
Mlocked:            5620 kB
SwapTotal:       3145724 kB
SwapFree:        3145724 kB
Dirty:               548 kB
Writeback:             0 kB
AnonPages:       1211748 kB
Mapped:           854512 kB
Shmem:             26644 kB
KReclaimable:     664300 kB
Slab:             222104 kB
SReclaimable:      77236 kB
SUnreclaim:       144868 kB
KernelStack:       46096 kB
PageTables:        62224 kB
NFS_Unstable:          0 kB
Bounce:                0 kB
WritebackTmp:          0 kB
CommitLimit:     9202292 kB
Committed_AS:   65816252 kB
VmallocTotal:   263061440 kB
VmallocUsed:      103040 kB
VmallocChunk:          0 kB
Percpu:             7552 kB
CmaTotal:         294912 kB
CmaFree:               0 kB
MemTotal:       12113136 kB
MemFree:         6432608 kB
MemAvailable:    8038084 kB
Buffers:            5664 kB
Cached:          1835428 kB
SwapCached:            0 kB
Active:          1453148 kB
Inactive:        1594472 kB
Active(anon):    1213016 kB
Inactive(anon):    24724 kB
Active(file):     240132 kB
Inactive(file):  1569748 kB
Unevictable:        5620 kB
Mlocked:            5620 kB
SwapTotal:       3145724 kB
SwapFree:        3145724 kB
Dirty:               568 kB
Writeback:             0 kB
AnonPages:       1212024 kB
Mapped:           854452 kB
Shmem:             26644 kB
KReclaimable:     664300 kB
Slab:             222104 kB
SReclaimable:      77236 kB
SUnreclaim:       144868 kB
KernelStack:       46096 kB
PageTables:        62204 kB
NFS_Unstable:          0 kB
Bounce:                0 kB
WritebackTmp:          0 kB
CommitLimit:     9202292 kB
Committed_AS:   65816076 kB
VmallocTotal:   263061440 kB
VmallocUsed:      103072 kB
VmallocChunk:          0 kB
Percpu:             7552 kB
CmaTotal:         294912 kB
CmaFree:               0 kB
MemTotal:       12113136 kB
MemFree:         6430752 kB
MemAvailable:    8036248 kB
Buffers:            5664 kB
Cached:          1835448 kB
SwapCached:            0 kB
Active:          1453828 kB
Inactive:        1594492 kB
Active(anon):    1213696 kB
Inactive(anon):    24724 kB
Active(file):     240132 kB
Inactive(file):  1569768 kB
Unevictable:        5620 kB
Mlocked:            5620 kB
SwapTotal:       3145724 kB
SwapFree:        3145724 kB
Dirty:               588 kB
Writeback:             0 kB
AnonPages:       1212892 kB
Mapped:           854392 kB
Shmem:             26644 kB
KReclaimable:     664300 kB
Slab:             222096 kB
SReclaimable:      77236 kB
SUnreclaim:       144860 kB
KernelStack:       46048 kB
PageTables:        62132 kB
NFS_Unstable:          0 kB
Bounce:                0 kB
WritebackTmp:          0 kB
CommitLimit:     9202292 kB
Committed_AS:   65816900 kB
VmallocTotal:   263061440 kB
VmallocUsed:      103104 kB
VmallocChunk:          0 kB
Percpu:             7552 kB
CmaTotal:         294912 kB
CmaFree:               0 kB
MemTotal:       12113136 kB
MemFree:         6429360 kB
MemAvailable:    8034848 kB
Buffers:            5664 kB
Cached:          1835444 kB
SwapCached:            0 kB
Active:          1454380 kB
Inactive:        1594492 kB
Active(anon):    1214252 kB
Inactive(anon):    24728 kB
Active(file):     240128 kB
Inactive(file):  1569764 kB
Unevictable:        5620 kB
Mlocked:            5620 kB
SwapTotal:       3145724 kB
SwapFree:        3145724 kB
Dirty:               324 kB
Writeback:             0 kB
AnonPages:       1213608 kB
Mapped:           854728 kB
Shmem:             26648 kB
KReclaimable:     664300 kB
Slab:             222096 kB
SReclaimable:      77236 kB
SUnreclaim:       144860 kB
KernelStack:       46080 kB
PageTables:        62172 kB
NFS_Unstable:          0 kB
Bounce:                0 kB
WritebackTmp:          0 kB
CommitLimit:     9202292 kB
Committed_AS:   65816768 kB
VmallocTotal:   263061440 kB
VmallocUsed:      103104 kB
VmallocChunk:          0 kB
Percpu:             7552 kB
CmaTotal:         294912 kB
CmaFree:               0 kB
MemTotal:       12113136 kB
MemFree:         6430124 kB
MemAvailable:    8035644 kB
Buffers:            5664 kB
Cached:          1835476 kB
SwapCached:            0 kB
Active:          1455056 kB
Inactive:        1594520 kB
Active(anon):    1214924 kB
Inactive(anon):    24728 kB
Active(file):     240132 kB
Inactive(file):  1569792 kB
Unevictable:        5620 kB
Mlocked:            5620 kB
SwapTotal:       3145724 kB
SwapFree:        3145724 kB
Dirty:               288 kB
Writeback:             0 kB
AnonPages:       1214144 kB
Mapped:           854396 kB
Shmem:             26648 kB
KReclaimable:     664300 kB
Slab:             222096 kB
SReclaimable:      77236 kB
SUnreclaim:       144860 kB
KernelStack:       46080 kB
PageTables:        62148 kB
NFS_Unstable:          0 kB
Bounce:                0 kB
WritebackTmp:          0 kB
CommitLimit:     9202292 kB
Committed_AS:   65810404 kB
VmallocTotal:   263061440 kB
VmallocUsed:      103104 kB
VmallocChunk:          0 kB
Percpu:             7552 kB
CmaTotal:         294912 kB
CmaFree:               0 kB
MemTotal:       12113136 kB
MemFree:         6438192 kB
MemAvailable:    8043720 kB
Buffers:            5664 kB
Cached:          1835484 kB
SwapCached:            0 kB
Active:          1445428 kB
Inactive:        1594528 kB
Active(anon):    1205296 kB
Inactive(anon):    24728 kB
Active(file):     240132 kB
Inactive(file):  1569800 kB
Unevictable:        5620 kB
Mlocked:            5620 kB
SwapTotal:       3145724 kB
SwapFree:        3145724 kB
Dirty:               296 kB
Writeback:             0 kB
AnonPages:       1204216 kB
Mapped:           854524 kB
Shmem:             26648 kB
KReclaimable:     664300 kB
Slab:             222088 kB
SReclaimable:      77236 kB
SUnreclaim:       144852 kB
KernelStack:       46132 kB
PageTables:        62476 kB
NFS_Unstable:          0 kB
Bounce:                0 kB
WritebackTmp:          0 kB
CommitLimit:     9202292 kB
Committed_AS:   65805840 kB
VmallocTotal:   263061440 kB
VmallocUsed:      103072 kB
VmallocChunk:          0 kB
Percpu:             7552 kB
CmaTotal:         294912 kB
CmaFree:               0 kB
MemTotal:       12113136 kB
MemFree:         6438048 kB
MemAvailable:    8043600 kB
Buffers:            5664 kB
Cached:          1835508 kB
SwapCached:            0 kB
Active:          1446416 kB
Inactive:        1594552 kB
Active(anon):    1206284 kB
Inactive(anon):    24728 kB
Active(file):     240132 kB
Inactive(file):  1569824 kB
Unevictable:        5620 kB
Mlocked:            5620 kB
SwapTotal:       3145724 kB
SwapFree:        3145724 kB
Dirty:               356 kB
Writeback:             0 kB
AnonPages:       1205500 kB
Mapped:           854396 kB
Shmem:             26648 kB
KReclaimable:     664300 kB
Slab:             222096 kB
SReclaimable:      77236 kB
SUnreclaim:       144860 kB
KernelStack:       46096 kB
PageTables:        62236 kB
NFS_Unstable:          0 kB
Bounce:                0 kB
WritebackTmp:          0 kB
CommitLimit:     9202292 kB
Committed_AS:   65806056 kB
VmallocTotal:   263061440 kB
VmallocUsed:      103056 kB
VmallocChunk:          0 kB
Percpu:             7552 kB
CmaTotal:         294912 kB
CmaFree:               0 kB
MemTotal:       12113136 kB
MemFree:         6436660 kB
MemAvailable:    8042220 kB
Buffers:            5664 kB
Cached:          1835516 kB
SwapCached:            0 kB
Active:          1446940 kB
Inactive:        1594560 kB
Active(anon):    1206808 kB
Inactive(anon):    24728 kB
Active(file):     240132 kB
Inactive(file):  1569832 kB
Unevictable:        5620 kB
Mlocked:            5620 kB
SwapTotal:       3145724 kB
SwapFree:        3145724 kB
Dirty:               364 kB
Writeback:             0 kB
AnonPages:       1205644 kB
Mapped:           854592 kB
Shmem:             26648 kB
KReclaimable:     664300 kB
Slab:             222096 kB
SReclaimable:      77236 kB
SUnreclaim:       144860 kB
KernelStack:       46048 kB
PageTables:        62132 kB
NFS_Unstable:          0 kB
Bounce:                0 kB
WritebackTmp:          0 kB
CommitLimit:     9202292 kB
Committed_AS:   65810596 kB
VmallocTotal:   263061440 kB
VmallocUsed:      103072 kB
VmallocChunk:          0 kB
Percpu:             7552 kB
CmaTotal:         294912 kB
CmaFree:              24 kB
MemTotal:       12113136 kB
MemFree:         6436704 kB
MemAvailable:    8042280 kB
Buffers:            5664 kB
Cached:          1835532 kB
SwapCached:            0 kB
Active:          1447180 kB
Inactive:        1594576 kB
Active(anon):    1207048 kB
Inactive(anon):    24728 kB
Active(file):     240132 kB
Inactive(file):  1569848 kB
Unevictable:        5620 kB
Mlocked:            5620 kB
SwapTotal:       3145724 kB
SwapFree:        3145724 kB
Dirty:               212 kB
Writeback:             0 kB
AnonPages:       1206204 kB
Mapped:           854396 kB
Shmem:             26648 kB
KReclaimable:     664300 kB
Slab:             222088 kB
SReclaimable:      77236 kB
SUnreclaim:       144852 kB
KernelStack:       46048 kB
PageTables:        62132 kB
NFS_Unstable:          0 kB
Bounce:                0 kB
WritebackTmp:          0 kB
CommitLimit:     9202292 kB
Committed_AS:   65805428 kB
VmallocTotal:   263061440 kB
VmallocUsed:      103088 kB
VmallocChunk:          0 kB
Percpu:             7552 kB
CmaTotal:         294912 kB
CmaFree:               0 kB
MemTotal:       12113136 kB
MemFree:         6436300 kB
MemAvailable:    8041884 kB
Buffers:            5664 kB
Cached:          1835540 kB
SwapCached:            0 kB
Active:          1447332 kB
Inactive:        1594584 kB
Active(anon):    1207200 kB
Inactive(anon):    24728 kB
Active(file):     240132 kB
Inactive(file):  1569856 kB
Unevictable:        5620 kB
Mlocked:            5620 kB
SwapTotal:       3145724 kB
SwapFree:        3145724 kB
Dirty:               260 kB
Writeback:             0 kB
AnonPages:       1206312 kB
Mapped:           854516 kB
Shmem:             26648 kB
KReclaimable:     664300 kB
Slab:             222096 kB
SReclaimable:      77236 kB
SUnreclaim:       144860 kB
KernelStack:       46100 kB
PageTables:        62036 kB
NFS_Unstable:          0 kB
Bounce:                0 kB
WritebackTmp:          0 kB
CommitLimit:     9202292 kB
Committed_AS:   65810600 kB
VmallocTotal:   263061440 kB
VmallocUsed:      103088 kB
VmallocChunk:          0 kB
Percpu:             7552 kB
CmaTotal:         294912 kB
CmaFree:             196 kB
MemTotal:       12113136 kB
MemFree:         6436756 kB
MemAvailable:    8042360 kB
Buffers:            5664 kB
Cached:          1835560 kB
SwapCached:            0 kB
Active:          1448508 kB
Inactive:        1594604 kB
Active(anon):    1208376 kB
Inactive(anon):    24728 kB
Active(file):     240132 kB
Inactive(file):  1569876 kB
Unevictable:        5620 kB
Mlocked:            5620 kB
SwapTotal:       3145724 kB
SwapFree:        3145724 kB
Dirty:               324 kB
Writeback:             0 kB
AnonPages:       1207320 kB
Mapped:           854396 kB
Shmem:             26648 kB
KReclaimable:     664300 kB
Slab:             222088 kB
SReclaimable:      77236 kB
SUnreclaim:       144852 kB
KernelStack:       46096 kB
PageTables:        62204 kB
NFS_Unstable:          0 kB
Bounce:                0 kB
WritebackTmp:          0 kB
CommitLimit:     9202292 kB
Committed_AS:   65804500 kB
VmallocTotal:   263061440 kB
VmallocUsed:      103040 kB
VmallocChunk:          0 kB
Percpu:             7552 kB
CmaTotal:         294912 kB
CmaFree:               0 kB
MemTotal:       12113136 kB
MemFree:         6436216 kB
MemAvailable:    8041828 kB
Buffers:            5664 kB
Cached:          1835568 kB
SwapCached:            0 kB
Active:          1449184 kB
Inactive:        1594612 kB
Active(anon):    1209052 kB
Inactive(anon):    24728 kB
Active(file):     240132 kB
Inactive(file):  1569884 kB
Unevictable:        5620 kB
Mlocked:            5620 kB
SwapTotal:       3145724 kB
SwapFree:        3145724 kB
Dirty:               336 kB
Writeback:             0 kB
AnonPages:       1208528 kB
Mapped:           854472 kB
Shmem:             26648 kB
KReclaimable:     664300 kB
Slab:             222064 kB
SReclaimable:      77236 kB
SUnreclaim:       144828 kB
KernelStack:       46128 kB
PageTables:        62244 kB
NFS_Unstable:          0 kB
Bounce:                0 kB
WritebackTmp:          0 kB
CommitLimit:     9202292 kB
Committed_AS:   65809460 kB
VmallocTotal:   263061440 kB
VmallocUsed:      103024 kB
VmallocChunk:          0 kB
Percpu:             7552 kB
CmaTotal:         294912 kB
CmaFree:               0 kB
MemTotal:       12113136 kB
MemFree:         6435996 kB
MemAvailable:    8041644 kB
Buffers:            5672 kB
Cached:          1835596 kB
SwapCached:            0 kB
Active:          1450136 kB
Inactive:        1594640 kB
Active(anon):    1209996 kB
Inactive(anon):    24728 kB
Active(file):     240140 kB
Inactive(file):  1569912 kB
Unevictable:        5620 kB
Mlocked:            5620 kB
SwapTotal:       3145724 kB
SwapFree:        3145724 kB
Dirty:               332 kB
Writeback:             0 kB
AnonPages:       1209152 kB
Mapped:           854396 kB
Shmem:             26648 kB
KReclaimable:     664300 kB
Slab:             222096 kB
SReclaimable:      77236 kB
SUnreclaim:       144860 kB
KernelStack:       46096 kB
PageTables:        62200 kB
NFS_Unstable:          0 kB
Bounce:                0 kB
WritebackTmp:          0 kB
CommitLimit:     9202292 kB
Committed_AS:   65809148 kB
VmallocTotal:   263061440 kB
VmallocUsed:      103024 kB
VmallocChunk:          0 kB
Percpu:             7552 kB
CmaTotal:         294912 kB
CmaFree:               0 kB
MemTotal:       12113136 kB
MemFree:         6434128 kB
MemAvailable:    8039776 kB
Buffers:            5672 kB
Cached:          1835596 kB
SwapCached:            0 kB
Active:          1450004 kB
Inactive:        1594640 kB
Active(anon):    1209864 kB
Inactive(anon):    24728 kB
Active(file):     240140 kB
Inactive(file):  1569912 kB
Unevictable:        5620 kB
Mlocked:            5620 kB
SwapTotal:       3145724 kB
SwapFree:        3145724 kB
Dirty:               348 kB
Writeback:             0 kB
AnonPages:       1208944 kB
Mapped:           854668 kB
Shmem:             26648 kB
KReclaimable:     664300 kB
Slab:             222088 kB
SReclaimable:      77236 kB
SUnreclaim:       144852 kB
KernelStack:       46112 kB
PageTables:        62224 kB
NFS_Unstable:          0 kB
Bounce:                0 kB
WritebackTmp:          0 kB
CommitLimit:     9202292 kB
Committed_AS:   65808636 kB
VmallocTotal:   263061440 kB
VmallocUsed:      103056 kB
VmallocChunk:          0 kB
Percpu:             7552 kB
CmaTotal:         294912 kB
CmaFree:               0 kB
MemTotal:       12113136 kB
MemFree:         6434120 kB
MemAvailable:    8039800 kB
Buffers:            5672 kB
Cached:          1835628 kB
SwapCached:            0 kB
Active:          1450312 kB
Inactive:        1594672 kB
Active(anon):    1210172 kB
Inactive(anon):    24728 kB
Active(file):     240140 kB
Inactive(file):  1569944 kB
Unevictable:        5620 kB
Mlocked:            5620 kB
SwapTotal:       3145724 kB
SwapFree:        3145724 kB
Dirty:               280 kB
Writeback:             0 kB
AnonPages:       1209320 kB
Mapped:           854396 kB
Shmem:             26648 kB
KReclaimable:     664300 kB
Slab:             222088 kB
SReclaimable:      77236 kB
SUnreclaim:       144852 kB
KernelStack:       46048 kB
PageTables:        62132 kB
NFS_Unstable:          0 kB
Bounce:                0 kB
WritebackTmp:          0 kB
CommitLimit:     9202292 kB
Committed_AS:   65808708 kB
VmallocTotal:   263061440 kB
VmallocUsed:      103072 kB
VmallocChunk:          0 kB
Percpu:             7552 kB
CmaTotal:         294912 kB
CmaFree:               0 kB
MemTotal:       12113136 kB
MemFree:         6412040 kB
MemAvailable:    8017724 kB
Buffers:            5672 kB
Cached:          1844524 kB
SwapCached:            0 kB
Active:          1466320 kB
Inactive:        1603564 kB
Active(anon):    1226180 kB
Inactive(anon):    33616 kB
Active(file):     240140 kB
Inactive(file):  1569948 kB
Unevictable:        5620 kB
Mlocked:            5620 kB
SwapTotal:       3145724 kB
SwapFree:        3145724 kB
Dirty:               284 kB
Writeback:             0 kB
AnonPages:       1225200 kB
Mapped:           863412 kB
Shmem:             35540 kB
KReclaimable:     664300 kB
Slab:             222048 kB
SReclaimable:      77236 kB
SUnreclaim:       144812 kB
KernelStack:       46084 kB
PageTables:        62384 kB
NFS_Unstable:          0 kB
Bounce:                0 kB
WritebackTmp:          0 kB
CommitLimit:     9202292 kB
Committed_AS:   65822296 kB
VmallocTotal:   263061440 kB
VmallocUsed:      103056 kB
VmallocChunk:          0 kB
Percpu:             7552 kB
CmaTotal:         294912 kB
CmaFree:              32 kB
MemTotal:       12113136 kB
MemFree:         6418540 kB
MemAvailable:    8024244 kB
Buffers:            5672 kB
Cached:          1835652 kB
SwapCached:            0 kB
Active:          1464576 kB
Inactive:        1594696 kB
Active(anon):    1224436 kB
Inactive(anon):    24728 kB
Active(file):     240140 kB
Inactive(file):  1569968 kB
Unevictable:        5620 kB
Mlocked:            5620 kB
SwapTotal:       3145724 kB
SwapFree:        3145724 kB
Dirty:               332 kB
Writeback:             0 kB
AnonPages:       1223720 kB
Mapped:           854396 kB
Shmem:             26648 kB
KReclaimable:     664300 kB
Slab:             222100 kB
SReclaimable:      77236 kB
SUnreclaim:       144864 kB
KernelStack:       46080 kB
PageTables:        62152 kB
NFS_Unstable:          0 kB
Bounce:                0 kB
WritebackTmp:          0 kB
CommitLimit:     9202292 kB
Committed_AS:   65813248 kB
VmallocTotal:   263061440 kB
VmallocUsed:      103040 kB
VmallocChunk:          0 kB
Percpu:             7552 kB
CmaTotal:         294912 kB
CmaFree:               0 kB
MemTotal:       12113136 kB
MemFree:         6418160 kB
MemAvailable:    8023836 kB
Buffers:            5672 kB
Cached:          1835624 kB
SwapCached:            0 kB
Active:          1464700 kB
Inactive:        1594672 kB
Active(anon):    1224564 kB
Inactive(anon):    24728 kB
Active(file):     240136 kB
Inactive(file):  1569944 kB
Unevictable:        5620 kB
Mlocked:            5620 kB
SwapTotal:       3145724 kB
SwapFree:        3145724 kB
Dirty:               324 kB
Writeback:             0 kB
AnonPages:       1224004 kB
Mapped:           854588 kB
Shmem:             26648 kB
KReclaimable:     664300 kB
Slab:             222100 kB
SReclaimable:      77236 kB
SUnreclaim:       144864 kB
KernelStack:       46096 kB
PageTables:        62104 kB
NFS_Unstable:          0 kB
Bounce:                0 kB
WritebackTmp:          0 kB
CommitLimit:     9202292 kB
Committed_AS:   65807816 kB
VmallocTotal:   263061440 kB
VmallocUsed:      103024 kB
VmallocChunk:          0 kB
Percpu:             7552 kB
CmaTotal:         294912 kB
CmaFree:               0 kB
MemTotal:       12113136 kB
MemFree:         6433304 kB
MemAvailable:    8039032 kB
Buffers:            5672 kB
Cached:          1835676 kB
SwapCached:            0 kB
Active:          1451180 kB
Inactive:        1594720 kB
Active(anon):    1211040 kB
Inactive(anon):    24728 kB
Active(file):     240140 kB
Inactive(file):  1569992 kB
Unevictable:        5620 kB
Mlocked:            5620 kB
SwapTotal:       3145724 kB
SwapFree:        3145724 kB
Dirty:               200 kB
Writeback:             0 kB
AnonPages:       1209960 kB
Mapped:           854396 kB
Shmem:             26648 kB
KReclaimable:     664300 kB
Slab:             222108 kB
SReclaimable:      77236 kB
SUnreclaim:       144872 kB
KernelStack:       46048 kB
PageTables:        62132 kB
NFS_Unstable:          0 kB
Bounce:                0 kB
WritebackTmp:          0 kB
CommitLimit:     9202292 kB
Committed_AS:   65807732 kB
VmallocTotal:   263061440 kB
VmallocUsed:      103056 kB
VmallocChunk:          0 kB
Percpu:             7552 kB
CmaTotal:         294912 kB
CmaFree:               0 kB
MemTotal:       12113136 kB
MemFree:         6433184 kB
MemAvailable:    8038920 kB
Buffers:            5672 kB
Cached:          1835684 kB
SwapCached:            0 kB
Active:          1450428 kB
Inactive:        1594728 kB
Active(anon):    1210288 kB
Inactive(anon):    24728 kB
Active(file):     240140 kB
Inactive(file):  1570000 kB
Unevictable:        5620 kB
Mlocked:            5620 kB
SwapTotal:       3145724 kB
SwapFree:        3145724 kB
Dirty:               216 kB
Writeback:             0 kB
AnonPages:       1209412 kB
Mapped:           854592 kB
Shmem:             26648 kB
KReclaimable:     664300 kB
Slab:             222108 kB
SReclaimable:      77236 kB
SUnreclaim:       144872 kB
KernelStack:       46100 kB
PageTables:        62032 kB
NFS_Unstable:          0 kB
Bounce:                0 kB
WritebackTmp:          0 kB
CommitLimit:     9202292 kB
Committed_AS:   65807560 kB
VmallocTotal:   263061440 kB
VmallocUsed:      103040 kB
VmallocChunk:          0 kB
Percpu:             7552 kB
CmaTotal:         294912 kB
CmaFree:             180 kB
MemTotal:       12113136 kB
MemFree:         6433136 kB
MemAvailable:    8038888 kB
Buffers:            5672 kB
Cached:          1835704 kB
SwapCached:            0 kB
Active:          1451480 kB
Inactive:        1594748 kB
Active(anon):    1211340 kB
Inactive(anon):    24732 kB
Active(file):     240140 kB
Inactive(file):  1570016 kB
Unevictable:        5620 kB
Mlocked:            5620 kB
SwapTotal:       3145724 kB
SwapFree:        3145724 kB
Dirty:               288 kB
Writeback:             0 kB
AnonPages:       1210520 kB
Mapped:           854400 kB
Shmem:             26652 kB
KReclaimable:     664300 kB
Slab:             222100 kB
SReclaimable:      77236 kB
SUnreclaim:       144864 kB
KernelStack:       46080 kB
PageTables:        62152 kB
NFS_Unstable:          0 kB
Bounce:                0 kB
WritebackTmp:          0 kB
CommitLimit:     9202292 kB
Committed_AS:   65812824 kB
VmallocTotal:   263061440 kB
VmallocUsed:      103056 kB
VmallocChunk:          0 kB
Percpu:             7552 kB
CmaTotal:         294912 kB
CmaFree:               0 kB
MemTotal:       12113136 kB
MemFree:         6432636 kB
MemAvailable:    8038392 kB
Buffers:            5672 kB
Cached:          1835716 kB
SwapCached:            0 kB
Active:          1451892 kB
Inactive:        1594752 kB
Active(anon):    1211752 kB
Inactive(anon):    24732 kB
Active(file):     240140 kB
Inactive(file):  1570020 kB
Unevictable:        5620 kB
Mlocked:            5620 kB
SwapTotal:       3145724 kB
SwapFree:        3145724 kB
Dirty:               292 kB
Writeback:             0 kB
AnonPages:       1210864 kB
Mapped:           854632 kB
Shmem:             26652 kB
KReclaimable:     664300 kB
Slab:             222076 kB
SReclaimable:      77236 kB
SUnreclaim:       144840 kB
KernelStack:       46080 kB
PageTables:        62132 kB
NFS_Unstable:          0 kB
Bounce:                0 kB
WritebackTmp:          0 kB
CommitLimit:     9202292 kB
Committed_AS:   65800280 kB
VmallocTotal:   263061440 kB
VmallocUsed:      103040 kB
VmallocChunk:          0 kB
Percpu:             7552 kB
CmaTotal:         294912 kB
CmaFree:               0 kB
MemTotal:       12113136 kB
MemFree:         6443408 kB
MemAvailable:    8049196 kB
Buffers:            5672 kB
Cached:          1835740 kB
SwapCached:            0 kB
Active:          1440628 kB
Inactive:        1594784 kB
Active(anon):    1200488 kB
Inactive(anon):    24732 kB
Active(file):     240140 kB
Inactive(file):  1570052 kB
Unevictable:        5620 kB
Mlocked:            5620 kB
SwapTotal:       3145724 kB
SwapFree:        3145724 kB
Dirty:               348 kB
Writeback:             0 kB
AnonPages:       1199636 kB
Mapped:           854400 kB
Shmem:             26652 kB
KReclaimable:     664300 kB
Slab:             222112 kB
SReclaimable:      77236 kB
SUnreclaim:       144876 kB
KernelStack:       46048 kB
PageTables:        62132 kB
NFS_Unstable:          0 kB
Bounce:                0 kB
WritebackTmp:          0 kB
CommitLimit:     9202292 kB
Committed_AS:   65808572 kB
VmallocTotal:   263061440 kB
VmallocUsed:      103056 kB
VmallocChunk:          0 kB
Percpu:             7552 kB
CmaTotal:         294912 kB
CmaFree:               0 kB
MemTotal:       12113136 kB
MemFree:         6442492 kB
MemAvailable:    8048280 kB
Buffers:            5672 kB
Cached:          1835740 kB
SwapCached:            0 kB
Active:          1441160 kB
Inactive:        1594784 kB
Active(anon):    1201020 kB
Inactive(anon):    24732 kB
Active(file):     240140 kB
Inactive(file):  1570052 kB
Unevictable:        5620 kB
Mlocked:            5620 kB
SwapTotal:       3145724 kB
SwapFree:        3145724 kB
Dirty:               352 kB
Writeback:             0 kB
AnonPages:       1200356 kB
Mapped:           854600 kB
Shmem:             26652 kB
KReclaimable:     664300 kB
Slab:             222112 kB
SReclaimable:      77236 kB
SUnreclaim:       144876 kB
KernelStack:       46080 kB
PageTables:        62192 kB
NFS_Unstable:          0 kB
Bounce:                0 kB
WritebackTmp:          0 kB
CommitLimit:     9202292 kB
Committed_AS:   65807592 kB
VmallocTotal:   263061440 kB
VmallocUsed:      103040 kB
VmallocChunk:          0 kB
Percpu:             7552 kB
CmaTotal:         294912 kB
CmaFree:               0 kB
MemTotal:       12113136 kB
MemFree:         6442748 kB
MemAvailable:    8048556 kB
Buffers:            5672 kB
Cached:          1835760 kB
SwapCached:            0 kB
Active:          1442056 kB
Inactive:        1594804 kB
Active(anon):    1201916 kB
Inactive(anon):    24732 kB
Active(file):     240140 kB
Inactive(file):  1570072 kB
Unevictable:        5620 kB
Mlocked:            5620 kB
SwapTotal:       3145724 kB
SwapFree:        3145724 kB
Dirty:               252 kB
Writeback:             0 kB
AnonPages:       1201124 kB
Mapped:           854400 kB
Shmem:             26652 kB
KReclaimable:     664300 kB
Slab:             222108 kB
SReclaimable:      77236 kB
SUnreclaim:       144872 kB
KernelStack:       46080 kB
PageTables:        62240 kB
NFS_Unstable:          0 kB
Bounce:                0 kB
WritebackTmp:          0 kB
CommitLimit:     9202292 kB
Committed_AS:   65803108 kB
VmallocTotal:   263061440 kB
VmallocUsed:      103072 kB
VmallocChunk:          0 kB
Percpu:             7552 kB
CmaTotal:         294912 kB
CmaFree:               0 kB
MemTotal:       12113136 kB
MemFree:         6442484 kB
MemAvailable:    8048300 kB
Buffers:            5672 kB
Cached:          1835768 kB
SwapCached:            0 kB
Active:          1442640 kB
Inactive:        1594812 kB
Active(anon):    1202500 kB
Inactive(anon):    24732 kB
Active(file):     240140 kB
Inactive(file):  1570080 kB
Unevictable:        5620 kB
Mlocked:            5620 kB
SwapTotal:       3145724 kB
SwapFree:        3145724 kB
Dirty:               260 kB
Writeback:             0 kB
AnonPages:       1201496 kB
Mapped:           854600 kB
Shmem:             26652 kB
KReclaimable:     664300 kB
Slab:             222100 kB
SReclaimable:      77236 kB
SUnreclaim:       144864 kB
KernelStack:       46016 kB
PageTables:        62212 kB
NFS_Unstable:          0 kB
Bounce:                0 kB
WritebackTmp:          0 kB
CommitLimit:     9202292 kB
Committed_AS:   65798068 kB
VmallocTotal:   263061440 kB
VmallocUsed:      103088 kB
VmallocChunk:          0 kB
Percpu:             7552 kB
CmaTotal:         294912 kB
CmaFree:               0 kB
MemTotal:       12113136 kB
MemFree:         6442708 kB
MemAvailable:    8048540 kB
Buffers:            5672 kB
Cached:          1835784 kB
SwapCached:            0 kB
Active:          1443924 kB
Inactive:        1594828 kB
Active(anon):    1203784 kB
Inactive(anon):    24732 kB
Active(file):     240140 kB
Inactive(file):  1570096 kB
Unevictable:        5620 kB
Mlocked:            5620 kB
SwapTotal:       3145724 kB
SwapFree:        3145724 kB
Dirty:               304 kB
Writeback:             0 kB
AnonPages:       1203048 kB
Mapped:           854400 kB
Shmem:             26652 kB
KReclaimable:     664300 kB
Slab:             222120 kB
SReclaimable:      77236 kB
SUnreclaim:       144884 kB
KernelStack:       46064 kB
PageTables:        62148 kB
NFS_Unstable:          0 kB
Bounce:                0 kB
WritebackTmp:          0 kB
CommitLimit:     9202292 kB
Committed_AS:   65797708 kB
VmallocTotal:   263061440 kB
VmallocUsed:      103104 kB
VmallocChunk:          0 kB
Percpu:             7552 kB
CmaTotal:         294912 kB
CmaFree:               0 kB
MemTotal:       12113136 kB
MemFree:         6442220 kB
MemAvailable:    8048068 kB
Buffers:            5680 kB
Cached:          1835788 kB
SwapCached:            0 kB
Active:          1442996 kB
Inactive:        1594832 kB
Active(anon):    1202848 kB
Inactive(anon):    24732 kB
Active(file):     240148 kB
Inactive(file):  1570100 kB
Unevictable:        5620 kB
Mlocked:            5620 kB
SwapTotal:       3145724 kB
SwapFree:        3145724 kB
Dirty:               344 kB
Writeback:             0 kB
AnonPages:       1202028 kB
Mapped:           854516 kB
Shmem:             26652 kB
KReclaimable:     664304 kB
Slab:             222108 kB
SReclaimable:      77240 kB
SUnreclaim:       144868 kB
KernelStack:       46116 kB
PageTables:        62048 kB
NFS_Unstable:          0 kB
Bounce:                0 kB
WritebackTmp:          0 kB
CommitLimit:     9202292 kB
Committed_AS:   65803968 kB
VmallocTotal:   263061440 kB
VmallocUsed:      103104 kB
VmallocChunk:          0 kB
Percpu:             7552 kB
CmaTotal:         294912 kB
CmaFree:               0 kB
MemTotal:       12113136 kB
MemFree:         6442260 kB
MemAvailable:    8048148 kB
Buffers:            5680 kB
Cached:          1835828 kB
SwapCached:            0 kB
Active:          1442340 kB
Inactive:        1594872 kB
Active(anon):    1202192 kB
Inactive(anon):    24732 kB
Active(file):     240148 kB
Inactive(file):  1570140 kB
Unevictable:        5620 kB
Mlocked:            5620 kB
SwapTotal:       3145724 kB
SwapFree:        3145724 kB
Dirty:               192 kB
Writeback:             0 kB
AnonPages:       1201340 kB
Mapped:           854404 kB
Shmem:             26652 kB
KReclaimable:     664304 kB
Slab:             222120 kB
SReclaimable:      77240 kB
SUnreclaim:       144880 kB
KernelStack:       46080 kB
PageTables:        62152 kB
NFS_Unstable:          0 kB
Bounce:                0 kB
WritebackTmp:          0 kB
CommitLimit:     9202292 kB
Committed_AS:   65798524 kB
VmallocTotal:   263061440 kB
VmallocUsed:      103088 kB
VmallocChunk:          0 kB
Percpu:             7552 kB
CmaTotal:         294912 kB
CmaFree:              92 kB
MemTotal:       12113136 kB
MemFree:         6441808 kB
MemAvailable:    8047696 kB
Buffers:            5680 kB
Cached:          1835828 kB
SwapCached:            0 kB
Active:          1443240 kB
Inactive:        1594872 kB
Active(anon):    1203092 kB
Inactive(anon):    24732 kB
Active(file):     240148 kB
Inactive(file):  1570140 kB
Unevictable:        5620 kB
Mlocked:            5620 kB
SwapTotal:       3145724 kB
SwapFree:        3145724 kB
Dirty:               196 kB
Writeback:             0 kB
AnonPages:       1201760 kB
Mapped:           854592 kB
Shmem:             26652 kB
KReclaimable:     664304 kB
Slab:             222096 kB
SReclaimable:      77240 kB
SUnreclaim:       144856 kB
KernelStack:       46080 kB
PageTables:        62124 kB
NFS_Unstable:          0 kB
Bounce:                0 kB
WritebackTmp:          0 kB
CommitLimit:     9202292 kB
Committed_AS:   65803788 kB
VmallocTotal:   263061440 kB
VmallocUsed:      103104 kB
VmallocChunk:          0 kB
Percpu:             7552 kB
CmaTotal:         294912 kB
CmaFree:               4 kB
MemTotal:       12113136 kB
MemFree:         6440628 kB
MemAvailable:    8046540 kB
Buffers:            5680 kB
Cached:          1835852 kB
SwapCached:            0 kB
Active:          1443932 kB
Inactive:        1594896 kB
Active(anon):    1203784 kB
Inactive(anon):    24732 kB
Active(file):     240148 kB
Inactive(file):  1570164 kB
Unevictable:        5620 kB
Mlocked:            5620 kB
SwapTotal:       3145724 kB
SwapFree:        3145724 kB
Dirty:               264 kB
Writeback:             0 kB
AnonPages:       1202984 kB
Mapped:           854400 kB
Shmem:             26652 kB
KReclaimable:     664304 kB
Slab:             222128 kB
SReclaimable:      77240 kB
SUnreclaim:       144888 kB
KernelStack:       46048 kB
PageTables:        62132 kB
NFS_Unstable:          0 kB
Bounce:                0 kB
WritebackTmp:          0 kB
CommitLimit:     9202292 kB
Committed_AS:   65798440 kB
VmallocTotal:   263061440 kB
VmallocUsed:      103040 kB
VmallocChunk:          0 kB
Percpu:             7552 kB
CmaTotal:         294912 kB
CmaFree:               0 kB
MemTotal:       12113136 kB
MemFree:         6440868 kB
MemAvailable:    8046784 kB
Buffers:            5680 kB
Cached:          1835856 kB
SwapCached:            0 kB
Active:          1443196 kB
Inactive:        1594904 kB
Active(anon):    1203052 kB
Inactive(anon):    24732 kB
Active(file):     240144 kB
Inactive(file):  1570172 kB
Unevictable:        5620 kB
Mlocked:            5620 kB
SwapTotal:       3145724 kB
SwapFree:        3145724 kB
Dirty:               284 kB
Writeback:             0 kB
AnonPages:       1202360 kB
Mapped:           854516 kB
Shmem:             26652 kB
KReclaimable:     664304 kB
Slab:             222120 kB
SReclaimable:      77240 kB
SUnreclaim:       144880 kB
KernelStack:       46100 kB
PageTables:        62420 kB
NFS_Unstable:          0 kB
Bounce:                0 kB
WritebackTmp:          0 kB
CommitLimit:     9202292 kB
Committed_AS:   65798268 kB
VmallocTotal:   263061440 kB
VmallocUsed:      103056 kB
VmallocChunk:          0 kB
Percpu:             7552 kB
CmaTotal:         294912 kB
CmaFree:             268 kB
MemTotal:       12113136 kB
MemFree:         6441100 kB
MemAvailable:    8047036 kB
Buffers:            5680 kB
Cached:          1835876 kB
SwapCached:            0 kB
Active:          1443660 kB
Inactive:        1594920 kB
Active(anon):    1203512 kB
Inactive(anon):    24732 kB
Active(file):     240148 kB
Inactive(file):  1570188 kB
Unevictable:        5620 kB
Mlocked:            5620 kB
SwapTotal:       3145724 kB
SwapFree:        3145724 kB
Dirty:               336 kB
Writeback:             0 kB
AnonPages:       1202708 kB
Mapped:           854400 kB
Shmem:             26652 kB
KReclaimable:     664304 kB
Slab:             222132 kB
SReclaimable:      77240 kB
SUnreclaim:       144892 kB
KernelStack:       46048 kB
PageTables:        62264 kB
NFS_Unstable:          0 kB
Bounce:                0 kB
WritebackTmp:          0 kB
CommitLimit:     9202292 kB
Committed_AS:   65803780 kB
VmallocTotal:   263061440 kB
VmallocUsed:      103072 kB
VmallocChunk:          0 kB
Percpu:             7552 kB
CmaTotal:         294912 kB
CmaFree:               0 kB
MemTotal:       12113136 kB
MemFree:         6440356 kB
MemAvailable:    8046264 kB
Buffers:            5680 kB
Cached:          1835848 kB
SwapCached:            0 kB
Active:          1444196 kB
Inactive:        1594896 kB
Active(anon):    1204052 kB
Inactive(anon):    24732 kB
Active(file):     240144 kB
Inactive(file):  1570164 kB
Unevictable:        5620 kB
Mlocked:            5620 kB
SwapTotal:       3145724 kB
SwapFree:        3145724 kB
Dirty:               332 kB
Writeback:             0 kB
AnonPages:       1203128 kB
Mapped:           854592 kB
Shmem:             26652 kB
KReclaimable:     664304 kB
Slab:             222132 kB
SReclaimable:      77240 kB
SUnreclaim:       144892 kB
KernelStack:       46032 kB
PageTables:        62072 kB
NFS_Unstable:          0 kB
Bounce:                0 kB
WritebackTmp:          0 kB
CommitLimit:     9202292 kB
Committed_AS:   65798588 kB
VmallocTotal:   263061440 kB
VmallocUsed:      102992 kB
VmallocChunk:          0 kB
Percpu:             7552 kB
CmaTotal:         294912 kB
CmaFree:               0 kB
MemTotal:       12113136 kB
MemFree:         6439844 kB
MemAvailable:    8045800 kB
Buffers:            5680 kB
Cached:          1835896 kB
SwapCached:            0 kB
Active:          1444556 kB
Inactive:        1594940 kB
Active(anon):    1204408 kB
Inactive(anon):    24732 kB
Active(file):     240148 kB
Inactive(file):  1570208 kB
Unevictable:        5620 kB
Mlocked:            5620 kB
SwapTotal:       3145724 kB
SwapFree:        3145724 kB
Dirty:               288 kB
Writeback:             0 kB
AnonPages:       1203620 kB
Mapped:           854400 kB
Shmem:             26652 kB
KReclaimable:     664304 kB
Slab:             222140 kB
SReclaimable:      77240 kB
SUnreclaim:       144900 kB
KernelStack:       46064 kB
PageTables:        62148 kB
NFS_Unstable:          0 kB
Bounce:                0 kB
WritebackTmp:          0 kB
CommitLimit:     9202292 kB
Committed_AS:   65808332 kB
VmallocTotal:   263061440 kB
VmallocUsed:      103040 kB
VmallocChunk:          0 kB
Percpu:             7552 kB
CmaTotal:         294912 kB
CmaFree:               0 kB
MemTotal:       12113136 kB
MemFree:         6444580 kB
MemAvailable:    8050536 kB
Buffers:            5680 kB
Cached:          1835896 kB
SwapCached:            0 kB
Active:          1438580 kB
Inactive:        1594940 kB
Active(anon):    1198432 kB
Inactive(anon):    24732 kB
Active(file):     240148 kB
Inactive(file):  1570208 kB
Unevictable:        5620 kB
Mlocked:            5620 kB
SwapTotal:       3145724 kB
SwapFree:        3145724 kB
Dirty:               292 kB
Writeback:             0 kB
AnonPages:       1197144 kB
Mapped:           854516 kB
Shmem:             26652 kB
KReclaimable:     664304 kB
Slab:             222124 kB
SReclaimable:      77240 kB
SUnreclaim:       144884 kB
KernelStack:       46080 kB
PageTables:        62028 kB
NFS_Unstable:          0 kB
Bounce:                0 kB
WritebackTmp:          0 kB
CommitLimit:     9202292 kB
Committed_AS:   65808068 kB
VmallocTotal:   263061440 kB
VmallocUsed:      103040 kB
VmallocChunk:          0 kB
Percpu:             7552 kB
CmaTotal:         294912 kB
CmaFree:             364 kB
MemTotal:       12113136 kB
MemFree:         6445044 kB
MemAvailable:    8051036 kB
Buffers:            5680 kB
Cached:          1835932 kB
SwapCached:            0 kB
Active:          1439424 kB
Inactive:        1594976 kB
Active(anon):    1199276 kB
Inactive(anon):    24732 kB
Active(file):     240148 kB
Inactive(file):  1570244 kB
Unevictable:        5620 kB
Mlocked:            5620 kB
SwapTotal:       3145724 kB
SwapFree:        3145724 kB
Dirty:               348 kB
Writeback:             0 kB
AnonPages:       1198484 kB
Mapped:           854400 kB
Shmem:             26652 kB
KReclaimable:     664304 kB
Slab:             222136 kB
SReclaimable:      77240 kB
SUnreclaim:       144896 kB
KernelStack:       46048 kB
PageTables:        62264 kB
NFS_Unstable:          0 kB
Bounce:                0 kB
WritebackTmp:          0 kB
CommitLimit:     9202292 kB
Committed_AS:   65807804 kB
VmallocTotal:   263061440 kB
VmallocUsed:      103024 kB
VmallocChunk:          0 kB
Percpu:             7552 kB
CmaTotal:         294912 kB
CmaFree:               0 kB
MemTotal:       12113136 kB
MemFree:         6443976 kB
MemAvailable:    8049968 kB
Buffers:            5680 kB
Cached:          1835932 kB
SwapCached:            0 kB
Active:          1440180 kB
Inactive:        1594980 kB
Active(anon):    1200036 kB
Inactive(anon):    24732 kB
Active(file):     240144 kB
Inactive(file):  1570248 kB
Unevictable:        5620 kB
Mlocked:            5620 kB
SwapTotal:       3145724 kB
SwapFree:        3145724 kB
Dirty:               396 kB
Writeback:             0 kB
AnonPages:       1199656 kB
Mapped:           854520 kB
Shmem:             26652 kB
KReclaimable:     664304 kB
Slab:             222128 kB
SReclaimable:      77240 kB
SUnreclaim:       144888 kB
KernelStack:       46100 kB
PageTables:        62288 kB
NFS_Unstable:          0 kB
Bounce:                0 kB
WritebackTmp:          0 kB
CommitLimit:     9202292 kB
Committed_AS:   65804996 kB
VmallocTotal:   263061440 kB
VmallocUsed:      103040 kB
VmallocChunk:          0 kB
Percpu:             7552 kB
CmaTotal:         294912 kB
CmaFree:               0 kB
MemTotal:       12113136 kB
MemFree:         6443156 kB
MemAvailable:    8049168 kB
Buffers:            5680 kB
Cached:          1835956 kB
SwapCached:            0 kB
Active:          1441064 kB
Inactive:        1595000 kB
Active(anon):    1200916 kB
Inactive(anon):    24736 kB
Active(file):     240148 kB
Inactive(file):  1570264 kB
Unevictable:        5620 kB
Mlocked:            5620 kB
SwapTotal:       3145724 kB
SwapFree:        3145724 kB
Dirty:               424 kB
Writeback:             0 kB
AnonPages:       1200060 kB
Mapped:           854404 kB
Shmem:             26656 kB
KReclaimable:     664304 kB
Slab:             222148 kB
SReclaimable:      77240 kB
SUnreclaim:       144908 kB
KernelStack:       46064 kB
PageTables:        62148 kB
NFS_Unstable:          0 kB
Bounce:                0 kB
WritebackTmp:          0 kB
CommitLimit:     9202292 kB
Committed_AS:   65810568 kB
VmallocTotal:   263061440 kB
VmallocUsed:      103024 kB
VmallocChunk:          0 kB
Percpu:             7552 kB
CmaTotal:         294912 kB
CmaFree:              24 kB
MemTotal:       12113136 kB
MemFree:         6443596 kB
MemAvailable:    8049612 kB
Buffers:            5680 kB
Cached:          1835960 kB
SwapCached:            0 kB
Active:          1441660 kB
Inactive:        1595004 kB
Active(anon):    1201512 kB
Inactive(anon):    24736 kB
Active(file):     240148 kB
Inactive(file):  1570268 kB
Unevictable:        5620 kB
Mlocked:            5620 kB
SwapTotal:       3145724 kB
SwapFree:        3145724 kB
Dirty:               428 kB
Writeback:             0 kB
AnonPages:       1200516 kB
Mapped:           854520 kB
Shmem:             26656 kB
KReclaimable:     664304 kB
Slab:             222148 kB
SReclaimable:      77240 kB
SUnreclaim:       144908 kB
KernelStack:       46080 kB
PageTables:        62032 kB
NFS_Unstable:          0 kB
Bounce:                0 kB
WritebackTmp:          0 kB
CommitLimit:     9202292 kB
Committed_AS:   65805368 kB
VmallocTotal:   263061440 kB
VmallocUsed:      103024 kB
VmallocChunk:          0 kB
Percpu:             7552 kB
CmaTotal:         294912 kB
CmaFree:               0 kB
MemTotal:       12113136 kB
MemFree:         6443060 kB
MemAvailable:    8049072 kB
Buffers:            5680 kB
Cached:          1835956 kB
SwapCached:            0 kB
Active:          1442356 kB
Inactive:        1595004 kB
Active(anon):    1202212 kB
Inactive(anon):    24736 kB
Active(file):     240144 kB
Inactive(file):  1570268 kB
Unevictable:        5620 kB
Mlocked:            5620 kB
SwapTotal:       3145724 kB
SwapFree:        3145724 kB
Dirty:               460 kB
Writeback:             0 kB
AnonPages:       1201116 kB
Mapped:           854404 kB
Shmem:             26656 kB
KReclaimable:     664304 kB
Slab:             222144 kB
SReclaimable:      77240 kB
SUnreclaim:       144904 kB
KernelStack:       46048 kB
PageTables:        62264 kB
NFS_Unstable:          0 kB
Bounce:                0 kB
WritebackTmp:          0 kB
CommitLimit:     9202292 kB
Committed_AS:   65804548 kB
VmallocTotal:   263061440 kB
VmallocUsed:      103040 kB
VmallocChunk:          0 kB
Percpu:             7552 kB
CmaTotal:         294912 kB
CmaFree:               0 kB
MemTotal:       12113136 kB
MemFree:         6441488 kB
MemAvailable:    8047532 kB
Buffers:            5680 kB
Cached:          1835992 kB
SwapCached:            0 kB
Active:          1443264 kB
Inactive:        1595036 kB
Active(anon):    1203116 kB
Inactive(anon):    24740 kB
Active(file):     240148 kB
Inactive(file):  1570296 kB
Unevictable:        5620 kB
Mlocked:            5620 kB
SwapTotal:       3145724 kB
SwapFree:        3145724 kB
Dirty:               472 kB
Writeback:             0 kB
AnonPages:       1201988 kB
Mapped:           854464 kB
Shmem:             26660 kB
KReclaimable:     664304 kB
Slab:             222160 kB
SReclaimable:      77240 kB
SUnreclaim:       144920 kB
KernelStack:       46068 kB
PageTables:        62136 kB
NFS_Unstable:          0 kB
Bounce:                0 kB
WritebackTmp:          0 kB
CommitLimit:     9202292 kB
Committed_AS:   65804048 kB
VmallocTotal:   263061440 kB
VmallocUsed:      103056 kB
VmallocChunk:          0 kB
Percpu:             7552 kB
CmaTotal:         294912 kB
CmaFree:               0 kB
MemTotal:       12113136 kB
MemFree:         6440408 kB
MemAvailable:    8046496 kB
Buffers:            5688 kB
Cached:          1836040 kB
SwapCached:            0 kB
Active:          1444000 kB
Inactive:        1595084 kB
Active(anon):    1203844 kB
Inactive(anon):    24752 kB
Active(file):     240156 kB
Inactive(file):  1570332 kB
Unevictable:        5620 kB
Mlocked:            5620 kB
SwapTotal:       3145724 kB
SwapFree:        3145724 kB
Dirty:               460 kB
Writeback:             0 kB
AnonPages:       1203024 kB
Mapped:           854420 kB
Shmem:             26672 kB
KReclaimable:     664304 kB
Slab:             222152 kB
SReclaimable:      77240 kB
SUnreclaim:       144912 kB
KernelStack:       46064 kB
PageTables:        62152 kB
NFS_Unstable:          0 kB
Bounce:                0 kB
WritebackTmp:          0 kB
CommitLimit:     9202292 kB
Committed_AS:   65803824 kB
VmallocTotal:   263061440 kB
VmallocUsed:      103056 kB
VmallocChunk:          0 kB
Percpu:             7552 kB
CmaTotal:         294912 kB
CmaFree:               0 kB
MemTotal:       12113136 kB
MemFree:         6440348 kB
MemAvailable:    8046448 kB
Buffers:            5688 kB
Cached:          1836052 kB
SwapCached:            0 kB
Active:          1444712 kB
Inactive:        1595092 kB
Active(anon):    1204552 kB
Inactive(anon):    24752 kB
Active(file):     240160 kB
Inactive(file):  1570340 kB
Unevictable:        5620 kB
Mlocked:            5620 kB
SwapTotal:       3145724 kB
SwapFree:        3145724 kB
Dirty:               220 kB
Writeback:             0 kB
AnonPages:       1204108 kB
Mapped:           854544 kB
Shmem:             26672 kB
KReclaimable:     664304 kB
Slab:             222144 kB
SReclaimable:      77240 kB
SUnreclaim:       144904 kB
KernelStack:       46048 kB
PageTables:        62064 kB
NFS_Unstable:          0 kB
Bounce:                0 kB
WritebackTmp:          0 kB
CommitLimit:     9202292 kB
Committed_AS:   65803536 kB
VmallocTotal:   263061440 kB
VmallocUsed:      103024 kB
VmallocChunk:          0 kB
Percpu:             7552 kB
CmaTotal:         294912 kB
CmaFree:               0 kB
MemTotal:       12113136 kB
MemFree:         6438648 kB
MemAvailable:    8044760 kB
Buffers:            5688 kB
Cached:          1836064 kB
SwapCached:            0 kB
Active:          1445388 kB
Inactive:        1595104 kB
Active(anon):    1205228 kB
Inactive(anon):    24752 kB
Active(file):     240160 kB
Inactive(file):  1570352 kB
Unevictable:        5620 kB
Mlocked:            5620 kB
SwapTotal:       3145724 kB
SwapFree:        3145724 kB
Dirty:               300 kB
Writeback:             0 kB
AnonPages:       1204436 kB
Mapped:           854420 kB
Shmem:             26672 kB
KReclaimable:     664304 kB
Slab:             222148 kB
SReclaimable:      77240 kB
SUnreclaim:       144908 kB
KernelStack:       46064 kB
PageTables:        62148 kB
NFS_Unstable:          0 kB
Bounce:                0 kB
WritebackTmp:          0 kB
CommitLimit:     9202292 kB
Committed_AS:   65808584 kB
VmallocTotal:   263061440 kB
VmallocUsed:      103040 kB
VmallocChunk:          0 kB
Percpu:             7552 kB
CmaTotal:         294912 kB
CmaFree:               0 kB
MemTotal:       12113136 kB
MemFree:         6420028 kB
MemAvailable:    8026148 kB
Buffers:            5688 kB
Cached:          1845120 kB
SwapCached:            0 kB
Active:          1459032 kB
Inactive:        1604160 kB
Active(anon):    1218872 kB
Inactive(anon):    33800 kB
Active(file):     240160 kB
Inactive(file):  1570360 kB
Unevictable:        5620 kB
Mlocked:            5620 kB
SwapTotal:       3145724 kB
SwapFree:        3145724 kB
Dirty:               308 kB
Writeback:             0 kB
AnonPages:       1218040 kB
Mapped:           863524 kB
Shmem:             35720 kB
KReclaimable:     664304 kB
Slab:             222148 kB
SReclaimable:      77240 kB
SUnreclaim:       144908 kB
KernelStack:       46016 kB
PageTables:        62420 kB
NFS_Unstable:          0 kB
Bounce:                0 kB
WritebackTmp:          0 kB
CommitLimit:     9202292 kB
Committed_AS:   65819620 kB
VmallocTotal:   263061440 kB
VmallocUsed:      103056 kB
VmallocChunk:          0 kB
Percpu:             7552 kB
CmaTotal:         294912 kB
CmaFree:               0 kB
MemTotal:       12113136 kB
MemFree:         6411020 kB
MemAvailable:    8017152 kB
Buffers:            5688 kB
Cached:          1836092 kB
SwapCached:            0 kB
Active:          1474016 kB
Inactive:        1595132 kB
Active(anon):    1233856 kB
Inactive(anon):    24760 kB
Active(file):     240160 kB
Inactive(file):  1570372 kB
Unevictable:        5620 kB
Mlocked:            5620 kB
SwapTotal:       3145724 kB
SwapFree:        3145724 kB
Dirty:               344 kB
Writeback:             0 kB
AnonPages:       1233004 kB
Mapped:           854428 kB
Shmem:             26680 kB
KReclaimable:     664304 kB
Slab:             222156 kB
SReclaimable:      77240 kB
SUnreclaim:       144916 kB
KernelStack:       46080 kB
PageTables:        62240 kB
NFS_Unstable:          0 kB
Bounce:                0 kB
WritebackTmp:          0 kB
CommitLimit:     9202292 kB
Committed_AS:   65810580 kB
VmallocTotal:   263061440 kB
VmallocUsed:      103072 kB
VmallocChunk:          0 kB
Percpu:             7552 kB
CmaTotal:         294912 kB
CmaFree:               0 kB
MemTotal:       12113136 kB
MemFree:         6411612 kB
MemAvailable:    8017752 kB
Buffers:            5688 kB
Cached:          1836100 kB
SwapCached:            0 kB
Active:          1473420 kB
Inactive:        1595140 kB
Active(anon):    1233260 kB
Inactive(anon):    24760 kB
Active(file):     240160 kB
Inactive(file):  1570380 kB
Unevictable:        5620 kB
Mlocked:            5620 kB
SwapTotal:       3145724 kB
SwapFree:        3145724 kB
Dirty:               356 kB
Writeback:             0 kB
AnonPages:       1232440 kB
Mapped:           854556 kB
Shmem:             26680 kB
KReclaimable:     664304 kB
Slab:             222172 kB
SReclaimable:      77240 kB
SUnreclaim:       144932 kB
KernelStack:       46048 kB
PageTables:        62156 kB
NFS_Unstable:          0 kB
Bounce:                0 kB
WritebackTmp:          0 kB
CommitLimit:     9202292 kB
Committed_AS:   65805816 kB
VmallocTotal:   263061440 kB
VmallocUsed:      103056 kB
VmallocChunk:          0 kB
Percpu:             7552 kB
CmaTotal:         294912 kB
CmaFree:              32 kB
MemTotal:       12113136 kB
MemFree:         6419544 kB
MemAvailable:    8025700 kB
Buffers:            5688 kB
Cached:          1839516 kB
SwapCached:            0 kB
Active:          1460472 kB
Inactive:        1598556 kB
Active(anon):    1220312 kB
Inactive(anon):    28160 kB
Active(file):     240160 kB
Inactive(file):  1570396 kB
Unevictable:        5620 kB
Mlocked:            5620 kB
SwapTotal:       3145724 kB
SwapFree:        3145724 kB
Dirty:               240 kB
Writeback:             0 kB
AnonPages:       1219272 kB
Mapped:           857884 kB
Shmem:             30080 kB
KReclaimable:     664304 kB
Slab:             222160 kB
SReclaimable:      77240 kB
SUnreclaim:       144920 kB
KernelStack:       46048 kB
PageTables:        62164 kB
NFS_Unstable:          0 kB
Bounce:                0 kB
WritebackTmp:          0 kB
CommitLimit:     9202292 kB
Committed_AS:   65820384 kB
VmallocTotal:   263061440 kB
VmallocUsed:      103056 kB
VmallocChunk:          0 kB
Percpu:             7552 kB
CmaTotal:         294912 kB
CmaFree:               0 kB
MemTotal:       12113136 kB
MemFree:         6422428 kB
MemAvailable:    8028584 kB
Buffers:            5688 kB
Cached:          1836116 kB
SwapCached:            0 kB
Active:          1461320 kB
Inactive:        1595156 kB
Active(anon):    1221160 kB
Inactive(anon):    24760 kB
Active(file):     240160 kB
Inactive(file):  1570396 kB
Unevictable:        5620 kB
Mlocked:            5620 kB
SwapTotal:       3145724 kB
SwapFree:        3145724 kB
Dirty:               260 kB
Writeback:             0 kB
AnonPages:       1220336 kB
Mapped:           854684 kB
Shmem:             26680 kB
KReclaimable:     664304 kB
Slab:             222160 kB
SReclaimable:      77240 kB
SUnreclaim:       144920 kB
KernelStack:       46048 kB
PageTables:        62200 kB
NFS_Unstable:          0 kB
Bounce:                0 kB
WritebackTmp:          0 kB
CommitLimit:     9202292 kB
Committed_AS:   65819924 kB
VmallocTotal:   263061440 kB
VmallocUsed:      103040 kB
VmallocChunk:          0 kB
Percpu:             7552 kB
CmaTotal:         294912 kB
CmaFree:               0 kB
MemTotal:       12113136 kB
MemFree:         6422940 kB
MemAvailable:    8029124 kB
Buffers:            5688 kB
Cached:          1836144 kB
SwapCached:            0 kB
Active:          1461592 kB
Inactive:        1595184 kB
Active(anon):    1221432 kB
Inactive(anon):    24760 kB
Active(file):     240160 kB
Inactive(file):  1570424 kB
Unevictable:        5620 kB
Mlocked:            5620 kB
SwapTotal:       3145724 kB
SwapFree:        3145724 kB
Dirty:               324 kB
Writeback:             0 kB
AnonPages:       1220680 kB
Mapped:           854484 kB
Shmem:             26680 kB
KReclaimable:     664304 kB
Slab:             222176 kB
SReclaimable:      77240 kB
SUnreclaim:       144936 kB
KernelStack:       46032 kB
PageTables:        62132 kB
NFS_Unstable:          0 kB
Bounce:                0 kB
WritebackTmp:          0 kB
CommitLimit:     9202292 kB
Committed_AS:   65816084 kB
VmallocTotal:   263061440 kB
VmallocUsed:      103024 kB
VmallocChunk:          0 kB
Percpu:             7552 kB
CmaTotal:         294912 kB
CmaFree:               0 kB
MemTotal:       12113136 kB
MemFree:         6423020 kB
MemAvailable:    8029232 kB
Buffers:            5688 kB
Cached:          1836172 kB
SwapCached:            0 kB
Active:          1462644 kB
Inactive:        1595208 kB
Active(anon):    1222480 kB
Inactive(anon):    24760 kB
Active(file):     240164 kB
Inactive(file):  1570448 kB
Unevictable:        5620 kB
Mlocked:            5620 kB
SwapTotal:       3145724 kB
SwapFree:        3145724 kB
Dirty:               360 kB
Writeback:             0 kB
AnonPages:       1221704 kB
Mapped:           854684 kB
Shmem:             26680 kB
KReclaimable:     664304 kB
Slab:             222176 kB
SReclaimable:      77240 kB
SUnreclaim:       144936 kB
KernelStack:       46116 kB
PageTables:        62164 kB
NFS_Unstable:          0 kB
Bounce:                0 kB
WritebackTmp:          0 kB
CommitLimit:     9202292 kB
Committed_AS:   65815952 kB
VmallocTotal:   263061440 kB
VmallocUsed:      103056 kB
VmallocChunk:          0 kB
Percpu:             7552 kB
CmaTotal:         294912 kB
CmaFree:               0 kB
MemTotal:       12113136 kB
MemFree:         6422324 kB
MemAvailable:    8028536 kB
Buffers:            5688 kB
Cached:          1836172 kB
SwapCached:            0 kB
Active:          1463256 kB
Inactive:        1595212 kB
Active(anon):    1223096 kB
Inactive(anon):    24760 kB
Active(file):     240160 kB
Inactive(file):  1570452 kB
Unevictable:        5620 kB
Mlocked:            5620 kB
SwapTotal:       3145724 kB
SwapFree:        3145724 kB
Dirty:               408 kB
Writeback:             0 kB
AnonPages:       1222280 kB
Mapped:           854484 kB
Shmem:             26680 kB
KReclaimable:     664304 kB
Slab:             222168 kB
SReclaimable:      77240 kB
SUnreclaim:       144928 kB
KernelStack:       46064 kB
PageTables:        62184 kB
NFS_Unstable:          0 kB
Bounce:                0 kB
WritebackTmp:          0 kB
CommitLimit:     9202292 kB
Committed_AS:   65812104 kB
VmallocTotal:   263061440 kB
VmallocUsed:      103072 kB
VmallocChunk:          0 kB
Percpu:             7552 kB
CmaTotal:         294912 kB
CmaFree:               0 kB
MemTotal:       12113136 kB
MemFree:         6422752 kB
MemAvailable:    8028968 kB
Buffers:            5688 kB
Cached:          1836176 kB
SwapCached:            0 kB
Active:          1460604 kB
Inactive:        1595216 kB
Active(anon):    1220444 kB
Inactive(anon):    24760 kB
Active(file):     240160 kB
Inactive(file):  1570456 kB
Unevictable:        5620 kB
Mlocked:            5620 kB
SwapTotal:       3145724 kB
SwapFree:        3145724 kB
Dirty:               416 kB
Writeback:             0 kB
AnonPages:       1219504 kB
Mapped:           854684 kB
Shmem:             26680 kB
KReclaimable:     664304 kB
Slab:             222216 kB
SReclaimable:      77240 kB
SUnreclaim:       144976 kB
KernelStack:       46096 kB
PageTables:        62248 kB
NFS_Unstable:          0 kB
Bounce:                0 kB
WritebackTmp:          0 kB
CommitLimit:     9202292 kB
Committed_AS:   65803216 kB
VmallocTotal:   263061440 kB
VmallocUsed:      103040 kB
VmallocChunk:          0 kB
Percpu:             7552 kB
CmaTotal:         294912 kB
CmaFree:             396 kB
MemTotal:       12113136 kB
MemFree:         6423948 kB
MemAvailable:    8030184 kB
Buffers:            5688 kB
Cached:          1836196 kB
SwapCached:            0 kB
Active:          1460464 kB
Inactive:        1595236 kB
Active(anon):    1220304 kB
Inactive(anon):    24760 kB
Active(file):     240160 kB
Inactive(file):  1570476 kB
Unevictable:        5620 kB
Mlocked:            5620 kB
SwapTotal:       3145724 kB
SwapFree:        3145724 kB
Dirty:               416 kB
Writeback:             0 kB
AnonPages:       1219480 kB
Mapped:           854484 kB
Shmem:             26680 kB
KReclaimable:     664304 kB
Slab:             222172 kB
SReclaimable:      77240 kB
SUnreclaim:       144932 kB
KernelStack:       46080 kB
PageTables:        62240 kB
NFS_Unstable:          0 kB
Bounce:                0 kB
WritebackTmp:          0 kB
CommitLimit:     9202292 kB
Committed_AS:   65802284 kB
VmallocTotal:   263061440 kB
VmallocUsed:      102992 kB
VmallocChunk:          0 kB
Percpu:             7552 kB
CmaTotal:         294912 kB
CmaFree:               0 kB
MemTotal:       12113136 kB
MemFree:         6423544 kB
MemAvailable:    8029780 kB
Buffers:            5688 kB
Cached:          1836196 kB
SwapCached:            0 kB
Active:          1460696 kB
Inactive:        1595236 kB
Active(anon):    1220536 kB
Inactive(anon):    24760 kB
Active(file):     240160 kB
Inactive(file):  1570476 kB
Unevictable:        5620 kB
Mlocked:            5620 kB
SwapTotal:       3145724 kB
SwapFree:        3145724 kB
Dirty:               448 kB
Writeback:             0 kB
AnonPages:       1219804 kB
Mapped:           854752 kB
Shmem:             26680 kB
KReclaimable:     664304 kB
Slab:             222204 kB
SReclaimable:      77240 kB
SUnreclaim:       144964 kB
KernelStack:       46112 kB
PageTables:        62300 kB
NFS_Unstable:          0 kB
Bounce:                0 kB
WritebackTmp:          0 kB
CommitLimit:     9202292 kB
Committed_AS:   65802232 kB
VmallocTotal:   263061440 kB
VmallocUsed:      103008 kB
VmallocChunk:          0 kB
Percpu:             7552 kB
CmaTotal:         294912 kB
CmaFree:               0 kB
MemTotal:       12113136 kB
MemFree:         6422876 kB
MemAvailable:    8029136 kB
Buffers:            5688 kB
Cached:          1836220 kB
SwapCached:            0 kB
Active:          1461800 kB
Inactive:        1595260 kB
Active(anon):    1221640 kB
Inactive(anon):    24760 kB
Active(file):     240160 kB
Inactive(file):  1570500 kB
Unevictable:        5620 kB
Mlocked:            5620 kB
SwapTotal:       3145724 kB
SwapFree:        3145724 kB
Dirty:               472 kB
Writeback:             0 kB
AnonPages:       1220824 kB
Mapped:           854484 kB
Shmem:             26680 kB
KReclaimable:     664304 kB
Slab:             222176 kB
SReclaimable:      77240 kB
SUnreclaim:       144936 kB
KernelStack:       46032 kB
PageTables:        62264 kB
NFS_Unstable:          0 kB
Bounce:                0 kB
WritebackTmp:          0 kB
CommitLimit:     9202292 kB
Committed_AS:   65801560 kB
VmallocTotal:   263061440 kB
VmallocUsed:      102992 kB
VmallocChunk:          0 kB
Percpu:             7552 kB
CmaTotal:         294912 kB
CmaFree:               0 kB
MemTotal:       12113136 kB
MemFree:         6421760 kB
MemAvailable:    8028028 kB
Buffers:            5692 kB
Cached:          1836224 kB
SwapCached:            0 kB
Active:          1462912 kB
Inactive:        1595264 kB
Active(anon):    1222748 kB
Inactive(anon):    24760 kB
Active(file):     240164 kB
Inactive(file):  1570504 kB
Unevictable:        5620 kB
Mlocked:            5620 kB
SwapTotal:       3145724 kB
SwapFree:        3145724 kB
Dirty:               476 kB
Writeback:             0 kB
AnonPages:       1222008 kB
Mapped:           854572 kB
Shmem:             26680 kB
KReclaimable:     664304 kB
Slab:             222208 kB
SReclaimable:      77240 kB
SUnreclaim:       144968 kB
KernelStack:       46068 kB
PageTables:        62412 kB
NFS_Unstable:          0 kB
Bounce:                0 kB
WritebackTmp:          0 kB
CommitLimit:     9202292 kB
Committed_AS:   65808136 kB
VmallocTotal:   263061440 kB
VmallocUsed:      102992 kB
VmallocChunk:          0 kB
Percpu:             7552 kB
CmaTotal:         294912 kB
CmaFree:               0 kB
MemTotal:       12113136 kB
MemFree:         6422332 kB
MemAvailable:    8028644 kB
Buffers:            5692 kB
Cached:          1836268 kB
SwapCached:            0 kB
Active:          1463344 kB
Inactive:        1595308 kB
Active(anon):    1223180 kB
Inactive(anon):    24760 kB
Active(file):     240164 kB
Inactive(file):  1570548 kB
Unevictable:        5620 kB
Mlocked:            5620 kB
SwapTotal:       3145724 kB
SwapFree:        3145724 kB
Dirty:               532 kB
Writeback:             0 kB
AnonPages:       1222320 kB
Mapped:           854484 kB
Shmem:             26680 kB
KReclaimable:     664304 kB
Slab:             222168 kB
SReclaimable:      77240 kB
SUnreclaim:       144928 kB
KernelStack:       46048 kB
PageTables:        62184 kB
NFS_Unstable:          0 kB
Bounce:                0 kB
WritebackTmp:          0 kB
CommitLimit:     9202292 kB
Committed_AS:   65801796 kB
VmallocTotal:   263061440 kB
VmallocUsed:      102976 kB
VmallocChunk:          0 kB
Percpu:             7552 kB
CmaTotal:         294912 kB
CmaFree:               0 kB
MemTotal:       12113136 kB
MemFree:         6421316 kB
MemAvailable:    8027628 kB
Buffers:            5692 kB
Cached:          1836268 kB
SwapCached:            0 kB
Active:          1463972 kB
Inactive:        1595308 kB
Active(anon):    1223808 kB
Inactive(anon):    24760 kB
Active(file):     240164 kB
Inactive(file):  1570548 kB
Unevictable:        5620 kB
Mlocked:            5620 kB
SwapTotal:       3145724 kB
SwapFree:        3145724 kB
Dirty:               532 kB
Writeback:             0 kB
AnonPages:       1223012 kB
Mapped:           854724 kB
Shmem:             26680 kB
KReclaimable:     664304 kB
Slab:             222176 kB
SReclaimable:      77240 kB
SUnreclaim:       144936 kB
KernelStack:       46016 kB
PageTables:        62148 kB
NFS_Unstable:          0 kB
Bounce:                0 kB
WritebackTmp:          0 kB
CommitLimit:     9202292 kB
Committed_AS:   65805996 kB
VmallocTotal:   263061440 kB
VmallocUsed:      102960 kB
VmallocChunk:          0 kB
Percpu:             7552 kB
CmaTotal:         294912 kB
CmaFree:               0 kB
MemTotal:       12113136 kB
MemFree:         6420520 kB
MemAvailable:    8026856 kB
Buffers:            5692 kB
Cached:          1836292 kB
SwapCached:            0 kB
Active:          1464672 kB
Inactive:        1595332 kB
Active(anon):    1224508 kB
Inactive(anon):    24760 kB
Active(file):     240164 kB
Inactive(file):  1570572 kB
Unevictable:        5620 kB
Mlocked:            5620 kB
SwapTotal:       3145724 kB
SwapFree:        3145724 kB
Dirty:               560 kB
Writeback:             0 kB
AnonPages:       1223952 kB
Mapped:           854520 kB
Shmem:             26680 kB
KReclaimable:     664304 kB
Slab:             222180 kB
SReclaimable:      77240 kB
SUnreclaim:       144940 kB
KernelStack:       45968 kB
PageTables:        62176 kB
NFS_Unstable:          0 kB
Bounce:                0 kB
WritebackTmp:          0 kB
CommitLimit:     9202292 kB
Committed_AS:   65806076 kB
VmallocTotal:   263061440 kB
VmallocUsed:      102928 kB
VmallocChunk:          0 kB
Percpu:             7552 kB
CmaTotal:         294912 kB
CmaFree:               0 kB
MemTotal:       12113136 kB
MemFree:         6419112 kB
MemAvailable:    8025448 kB
Buffers:            5692 kB
Cached:          1836292 kB
SwapCached:            0 kB
Active:          1464796 kB
Inactive:        1595332 kB
Active(anon):    1224632 kB
Inactive(anon):    24760 kB
Active(file):     240164 kB
Inactive(file):  1570572 kB
Unevictable:        5620 kB
Mlocked:            5620 kB
SwapTotal:       3145724 kB
SwapFree:        3145724 kB
Dirty:               572 kB
Writeback:             0 kB
AnonPages:       1223616 kB
Mapped:           854792 kB
Shmem:             26680 kB
KReclaimable:     664304 kB
Slab:             222244 kB
SReclaimable:      77240 kB
SUnreclaim:       145004 kB
KernelStack:       45952 kB
PageTables:        62272 kB
NFS_Unstable:          0 kB
Bounce:                0 kB
WritebackTmp:          0 kB
CommitLimit:     9202292 kB
Committed_AS:   65805896 kB
VmallocTotal:   263061440 kB
VmallocUsed:      102944 kB
VmallocChunk:          0 kB
Percpu:             7552 kB
CmaTotal:         294912 kB
CmaFree:               0 kB
MemTotal:       12113136 kB
MemFree:         6418944 kB
MemAvailable:    8025300 kB
Buffers:            5692 kB
Cached:          1836312 kB
SwapCached:            0 kB
Active:          1465072 kB
Inactive:        1595352 kB
Active(anon):    1224908 kB
Inactive(anon):    24760 kB
Active(file):     240164 kB
Inactive(file):  1570592 kB
Unevictable:        5620 kB
Mlocked:            5620 kB
SwapTotal:       3145724 kB
SwapFree:        3145724 kB
Dirty:               604 kB
Writeback:             0 kB
AnonPages:       1224072 kB
Mapped:           854504 kB
Shmem:             26680 kB
KReclaimable:     664304 kB
Slab:             222176 kB
SReclaimable:      77240 kB
SUnreclaim:       144936 kB
KernelStack:       45984 kB
PageTables:        62176 kB
NFS_Unstable:          0 kB
Bounce:                0 kB
WritebackTmp:          0 kB
CommitLimit:     9202292 kB
Committed_AS:   65807376 kB
VmallocTotal:   263061440 kB
VmallocUsed:      102976 kB
VmallocChunk:          0 kB
Percpu:             7552 kB
CmaTotal:         294912 kB
CmaFree:               0 kB
MemTotal:       12113136 kB
MemFree:         6418256 kB
MemAvailable:    8024620 kB
Buffers:            5692 kB
Cached:          1836320 kB
SwapCached:            0 kB
Active:          1465848 kB
Inactive:        1595360 kB
Active(anon):    1225684 kB
Inactive(anon):    24760 kB
Active(file):     240164 kB
Inactive(file):  1570600 kB
Unevictable:        5620 kB
Mlocked:            5620 kB
SwapTotal:       3145724 kB
SwapFree:        3145724 kB
Dirty:               404 kB
Writeback:             0 kB
AnonPages:       1224740 kB
Mapped:           854560 kB
Shmem:             26680 kB
KReclaimable:     664304 kB
Slab:             222240 kB
SReclaimable:      77240 kB
SUnreclaim:       145000 kB
KernelStack:       45952 kB
PageTables:        62032 kB
NFS_Unstable:          0 kB
Bounce:                0 kB
WritebackTmp:          0 kB
CommitLimit:     9202292 kB
Committed_AS:   65807156 kB
VmallocTotal:   263061440 kB
VmallocUsed:      103008 kB
VmallocChunk:          0 kB
Percpu:             7552 kB
CmaTotal:         294912 kB
CmaFree:               0 kB
MemTotal:       12113136 kB
MemFree:         6418164 kB
MemAvailable:    8024540 kB
Buffers:            5692 kB
Cached:          1836332 kB
SwapCached:            0 kB
Active:          1466324 kB
Inactive:        1595372 kB
Active(anon):    1226160 kB
Inactive(anon):    24760 kB
Active(file):     240164 kB
Inactive(file):  1570612 kB
Unevictable:        5620 kB
Mlocked:            5620 kB
SwapTotal:       3145724 kB
SwapFree:        3145724 kB
Dirty:               252 kB
Writeback:             0 kB
AnonPages:       1225308 kB
Mapped:           854504 kB
Shmem:             26680 kB
KReclaimable:     664304 kB
Slab:             222200 kB
SReclaimable:      77240 kB
SUnreclaim:       144960 kB
KernelStack:       45936 kB
PageTables:        62148 kB
NFS_Unstable:          0 kB
Bounce:                0 kB
WritebackTmp:          0 kB
CommitLimit:     9202292 kB
Committed_AS:   65807108 kB
VmallocTotal:   263061440 kB
VmallocUsed:      102976 kB
VmallocChunk:          0 kB
Percpu:             7552 kB
CmaTotal:         294912 kB
CmaFree:               0 kB
MemTotal:       12113136 kB
MemFree:         6417912 kB
MemAvailable:    8024300 kB
Buffers:            5692 kB
Cached:          1836344 kB
SwapCached:            0 kB
Active:          1467072 kB
Inactive:        1595384 kB
Active(anon):    1226908 kB
Inactive(anon):    24760 kB
Active(file):     240164 kB
Inactive(file):  1570624 kB
Unevictable:        5620 kB
Mlocked:            5620 kB
SwapTotal:       3145724 kB
SwapFree:        3145724 kB
Dirty:               264 kB
Writeback:             0 kB
AnonPages:       1226088 kB
Mapped:           854800 kB
Shmem:             26680 kB
KReclaimable:     664304 kB
Slab:             222208 kB
SReclaimable:      77240 kB
SUnreclaim:       144968 kB
KernelStack:       46004 kB
PageTables:        62132 kB
NFS_Unstable:          0 kB
Bounce:                0 kB
WritebackTmp:          0 kB
CommitLimit:     9202292 kB
Committed_AS:   65807748 kB
VmallocTotal:   263061440 kB
VmallocUsed:      102960 kB
VmallocChunk:          0 kB
Percpu:             7552 kB
CmaTotal:         294912 kB
CmaFree:               0 kB
MemTotal:       12113136 kB
MemFree:         6416224 kB
MemAvailable:    8022640 kB
Buffers:            5692 kB
Cached:          1836376 kB
SwapCached:            0 kB
Active:          1467772 kB
Inactive:        1595416 kB
Active(anon):    1227608 kB
Inactive(anon):    24764 kB
Active(file):     240164 kB
Inactive(file):  1570652 kB
Unevictable:        5620 kB
Mlocked:            5620 kB
SwapTotal:       3145724 kB
SwapFree:        3145724 kB
Dirty:               340 kB
Writeback:             0 kB
AnonPages:       1226776 kB
Mapped:           854488 kB
Shmem:             26684 kB
KReclaimable:     664304 kB
Slab:             222208 kB
SReclaimable:      77240 kB
SUnreclaim:       144968 kB
KernelStack:       45968 kB
PageTables:        62224 kB
NFS_Unstable:          0 kB
Bounce:                0 kB
WritebackTmp:          0 kB
CommitLimit:     9202292 kB
Committed_AS:   65808208 kB
VmallocTotal:   263061440 kB
VmallocUsed:      102944 kB
VmallocChunk:          0 kB
Percpu:             7552 kB
CmaTotal:         294912 kB
CmaFree:               0 kB
MemTotal:       12113136 kB
MemFree:         6414596 kB
MemAvailable:    8021024 kB
Buffers:            5692 kB
Cached:          1836388 kB
SwapCached:            0 kB
Active:          1468376 kB
Inactive:        1595428 kB
Active(anon):    1228212 kB
Inactive(anon):    24764 kB
Active(file):     240164 kB
Inactive(file):  1570664 kB
Unevictable:        5620 kB
Mlocked:            5620 kB
SwapTotal:       3145724 kB
SwapFree:        3145724 kB
Dirty:               364 kB
Writeback:             0 kB
AnonPages:       1227292 kB
Mapped:           854604 kB
Shmem:             26684 kB
KReclaimable:     664304 kB
Slab:             222272 kB
SReclaimable:      77240 kB
SUnreclaim:       145032 kB
KernelStack:       45936 kB
PageTables:        62064 kB
NFS_Unstable:          0 kB
Bounce:                0 kB
WritebackTmp:          0 kB
CommitLimit:     9202292 kB
Committed_AS:   65812712 kB
VmallocTotal:   263061440 kB
VmallocUsed:      102944 kB
VmallocChunk:          0 kB
Percpu:             7552 kB
CmaTotal:         294912 kB
CmaFree:               0 kB
MemTotal:       12113136 kB
MemFree:         6415296 kB
MemAvailable:    8021732 kB
Buffers:            5692 kB
Cached:          1836396 kB
SwapCached:            0 kB
Active:          1469124 kB
Inactive:        1595436 kB
Active(anon):    1228960 kB
Inactive(anon):    24764 kB
Active(file):     240164 kB
Inactive(file):  1570672 kB
Unevictable:        5620 kB
Mlocked:            5620 kB
SwapTotal:       3145724 kB
SwapFree:        3145724 kB
Dirty:               188 kB
Writeback:           196 kB
AnonPages:       1228112 kB
Mapped:           854508 kB
Shmem:             26684 kB
KReclaimable:     664304 kB
Slab:             222204 kB
SReclaimable:      77240 kB
SUnreclaim:       144964 kB
KernelStack:       45952 kB
PageTables:        62172 kB
NFS_Unstable:          0 kB
Bounce:                0 kB
WritebackTmp:          0 kB
CommitLimit:     9202292 kB
Committed_AS:   65812580 kB
VmallocTotal:   263061440 kB
VmallocUsed:      102928 kB
VmallocChunk:          0 kB
Percpu:             7552 kB
CmaTotal:         294912 kB
CmaFree:               0 kB
MemTotal:       12113136 kB
MemFree:         6414744 kB
MemAvailable:    8021164 kB
Buffers:            5692 kB
Cached:          1836380 kB
SwapCached:            0 kB
Active:          1469692 kB
Inactive:        1595420 kB
Active(anon):    1229528 kB
Inactive(anon):    24764 kB
Active(file):     240164 kB
Inactive(file):  1570656 kB
Unevictable:        5620 kB
Mlocked:            5620 kB
SwapTotal:       3145724 kB
SwapFree:        3145724 kB
Dirty:               236 kB
Writeback:             0 kB
AnonPages:       1228968 kB
Mapped:           854484 kB
Shmem:             26684 kB
KReclaimable:     664304 kB
Slab:             222164 kB
SReclaimable:      77240 kB
SUnreclaim:       144924 kB
KernelStack:       45936 kB
PageTables:        62108 kB
NFS_Unstable:          0 kB
Bounce:                0 kB
WritebackTmp:          0 kB
CommitLimit:     9202292 kB
Committed_AS:   65812932 kB
VmallocTotal:   263061440 kB
VmallocUsed:      102896 kB
VmallocChunk:          0 kB
Percpu:             7552 kB
CmaTotal:         294912 kB
CmaFree:               0 kB
MemTotal:       12113136 kB
MemFree:         6414316 kB
MemAvailable:    8020780 kB
Buffers:            5692 kB
Cached:          1836424 kB
SwapCached:            0 kB
Active:          1469820 kB
Inactive:        1595464 kB
Active(anon):    1229656 kB
Inactive(anon):    24764 kB
Active(file):     240164 kB
Inactive(file):  1570700 kB
Unevictable:        5620 kB
Mlocked:            5620 kB
SwapTotal:       3145724 kB
SwapFree:        3145724 kB
Dirty:               312 kB
Writeback:             0 kB
AnonPages:       1228916 kB
Mapped:           854488 kB
Shmem:             26684 kB
KReclaimable:     664304 kB
Slab:             222208 kB
SReclaimable:      77240 kB
SUnreclaim:       144968 kB
KernelStack:       45936 kB
PageTables:        62252 kB
NFS_Unstable:          0 kB
Bounce:                0 kB
WritebackTmp:          0 kB
CommitLimit:     9202292 kB
Committed_AS:   65812708 kB
VmallocTotal:   263061440 kB
VmallocUsed:      102928 kB
VmallocChunk:          0 kB
Percpu:             7552 kB
CmaTotal:         294912 kB
CmaFree:               0 kB
MemTotal:       12113136 kB
MemFree:         6413220 kB
MemAvailable:    8019656 kB
Buffers:            5692 kB
Cached:          1836396 kB
SwapCached:            0 kB
Active:          1470536 kB
Inactive:        1595440 kB
Active(anon):    1230376 kB
Inactive(anon):    24764 kB
Active(file):     240160 kB
Inactive(file):  1570676 kB
Unevictable:        5620 kB
Mlocked:            5620 kB
SwapTotal:       3145724 kB
SwapFree:        3145724 kB
Dirty:               304 kB
Writeback:             0 kB
AnonPages:       1229452 kB
Mapped:           854656 kB
Shmem:             26684 kB
KReclaimable:     664304 kB
Slab:             222136 kB
SReclaimable:      77240 kB
SUnreclaim:       144896 kB
KernelStack:       45972 kB
PageTables:        62164 kB
NFS_Unstable:          0 kB
Bounce:                0 kB
WritebackTmp:          0 kB
CommitLimit:     9202292 kB
Committed_AS:   65812780 kB
VmallocTotal:   263061440 kB
VmallocUsed:      102944 kB
VmallocChunk:          0 kB
Percpu:             7552 kB
CmaTotal:         294912 kB
CmaFree:             104 kB
MemTotal:       12113136 kB
MemFree:         6412952 kB
MemAvailable:    8019468 kB
Buffers:            5696 kB
Cached:          1836472 kB
SwapCached:            0 kB
Active:          1471556 kB
Inactive:        1595512 kB
Active(anon):    1231388 kB
Inactive(anon):    24764 kB
Active(file):     240168 kB
Inactive(file):  1570748 kB
Unevictable:        5620 kB
Mlocked:            5620 kB
SwapTotal:       3145724 kB
SwapFree:        3145724 kB
Dirty:               360 kB
Writeback:             0 kB
AnonPages:       1230596 kB
Mapped:           854488 kB
Shmem:             26684 kB
KReclaimable:     664304 kB
Slab:             222212 kB
SReclaimable:      77240 kB
SUnreclaim:       144972 kB
KernelStack:       45968 kB
PageTables:        62196 kB
NFS_Unstable:          0 kB
Bounce:                0 kB
WritebackTmp:          0 kB
CommitLimit:     9202292 kB
Committed_AS:   65807800 kB
VmallocTotal:   263061440 kB
VmallocUsed:      102960 kB
VmallocChunk:          0 kB
Percpu:             7552 kB
CmaTotal:         294912 kB
CmaFree:               0 kB
MemTotal:       12113136 kB
MemFree:         6411576 kB
MemAvailable:    8018104 kB
Buffers:            5696 kB
Cached:          1836484 kB
SwapCached:            0 kB
Active:          1472148 kB
Inactive:        1595520 kB
Active(anon):    1231976 kB
Inactive(anon):    24764 kB
Active(file):     240172 kB
Inactive(file):  1570756 kB
Unevictable:        5620 kB
Mlocked:            5620 kB
SwapTotal:       3145724 kB
SwapFree:        3145724 kB
Dirty:               380 kB
Writeback:             0 kB
AnonPages:       1230928 kB
Mapped:           854616 kB
Shmem:             26684 kB
KReclaimable:     664304 kB
Slab:             222132 kB
SReclaimable:      77240 kB
SUnreclaim:       144892 kB
KernelStack:       45936 kB
PageTables:        62416 kB
NFS_Unstable:          0 kB
Bounce:                0 kB
WritebackTmp:          0 kB
CommitLimit:     9202292 kB
Committed_AS:   65811844 kB
VmallocTotal:   263061440 kB
VmallocUsed:      102992 kB
VmallocChunk:          0 kB
Percpu:             7552 kB
CmaTotal:         294912 kB
CmaFree:             124 kB
MemTotal:       12113136 kB
MemFree:         6410780 kB
MemAvailable:    8017316 kB
Buffers:            5696 kB
Cached:          1836492 kB
SwapCached:            0 kB
Active:          1472372 kB
Inactive:        1595532 kB
Active(anon):    1232204 kB
Inactive(anon):    24764 kB
Active(file):     240168 kB
Inactive(file):  1570768 kB
Unevictable:        5620 kB
Mlocked:            5620 kB
SwapTotal:       3145724 kB
SwapFree:        3145724 kB
Dirty:               284 kB
Writeback:             0 kB
AnonPages:       1231436 kB
Mapped:           854488 kB
Shmem:             26684 kB
KReclaimable:     664304 kB
Slab:             222204 kB
SReclaimable:      77240 kB
SUnreclaim:       144964 kB
KernelStack:       45952 kB
PageTables:        62180 kB
NFS_Unstable:          0 kB
Bounce:                0 kB
WritebackTmp:          0 kB
CommitLimit:     9202292 kB
Committed_AS:   65812876 kB
VmallocTotal:   263061440 kB
VmallocUsed:      102976 kB
VmallocChunk:          0 kB
Percpu:             7552 kB
CmaTotal:         294912 kB
CmaFree:               0 kB
MemTotal:       12113136 kB
MemFree:         6411260 kB
MemAvailable:    8017792 kB
Buffers:            5696 kB
Cached:          1836488 kB
SwapCached:            0 kB
Active:          1473484 kB
Inactive:        1595532 kB
Active(anon):    1233320 kB
Inactive(anon):    24764 kB
Active(file):     240164 kB
Inactive(file):  1570768 kB
Unevictable:        5620 kB
Mlocked:            5620 kB
SwapTotal:       3145724 kB
SwapFree:        3145724 kB
Dirty:               280 kB
Writeback:             0 kB
AnonPages:       1232264 kB
Mapped:           854736 kB
Shmem:             26684 kB
KReclaimable:     664304 kB
Slab:             222144 kB
SReclaimable:      77240 kB
SUnreclaim:       144904 kB
KernelStack:       45988 kB
PageTables:        62492 kB
NFS_Unstable:          0 kB
Bounce:                0 kB
WritebackTmp:          0 kB
CommitLimit:     9202292 kB
Committed_AS:   65808920 kB
VmallocTotal:   263061440 kB
VmallocUsed:      102976 kB
VmallocChunk:          0 kB
Percpu:             7552 kB
CmaTotal:         294912 kB
CmaFree:               4 kB
MemTotal:       12113136 kB
MemFree:         6411100 kB
MemAvailable:    8017728 kB
Buffers:            5696 kB
Cached:          1836520 kB
SwapCached:            0 kB
Active:          1474056 kB
Inactive:        1595560 kB
Active(anon):    1233888 kB
Inactive(anon):    24764 kB
Active(file):     240168 kB
Inactive(file):  1570796 kB
Unevictable:        5620 kB
Mlocked:            5620 kB
SwapTotal:       3145724 kB
SwapFree:        3145724 kB
Dirty:               340 kB
Writeback:             0 kB
AnonPages:       1233072 kB
Mapped:           854488 kB
Shmem:             26684 kB
KReclaimable:     664304 kB
Slab:             222212 kB
SReclaimable:      77240 kB
SUnreclaim:       144972 kB
KernelStack:       45968 kB
PageTables:        62228 kB
NFS_Unstable:          0 kB
Bounce:                0 kB
WritebackTmp:          0 kB
CommitLimit:     9202292 kB
Committed_AS:   65803308 kB
VmallocTotal:   263061440 kB
VmallocUsed:      102944 kB
VmallocChunk:          0 kB
Percpu:             7552 kB
CmaTotal:         294912 kB
CmaFree:               0 kB
MemTotal:       12113136 kB
MemFree:         6410148 kB
MemAvailable:    8016716 kB
Buffers:            5696 kB
Cached:          1836524 kB
SwapCached:            0 kB
Active:          1473324 kB
Inactive:        1595564 kB
Active(anon):    1233156 kB
Inactive(anon):    24764 kB
Active(file):     240168 kB
Inactive(file):  1570800 kB
Unevictable:        5620 kB
Mlocked:            5620 kB
SwapTotal:       3145724 kB
SwapFree:        3145724 kB
Dirty:               348 kB
Writeback:             0 kB
AnonPages:       1232252 kB
Mapped:           854568 kB
Shmem:             26684 kB
KReclaimable:     664304 kB
Slab:             222204 kB
SReclaimable:      77240 kB
SUnreclaim:       144964 kB
KernelStack:       45920 kB
PageTables:        62076 kB
NFS_Unstable:          0 kB
Bounce:                0 kB
WritebackTmp:          0 kB
CommitLimit:     9202292 kB
Committed_AS:   65807356 kB
VmallocTotal:   263061440 kB
VmallocUsed:      102944 kB
VmallocChunk:          0 kB
Percpu:             7552 kB
CmaTotal:         294912 kB
CmaFree:              76 kB
MemTotal:       12113136 kB
MemFree:         6393548 kB
MemAvailable:    8000132 kB
Buffers:            5696 kB
Cached:          1836540 kB
SwapCached:            0 kB
Active:          1491416 kB
Inactive:        1595576 kB
Active(anon):    1251244 kB
Inactive(anon):    24764 kB
Active(file):     240172 kB
Inactive(file):  1570812 kB
Unevictable:        5620 kB
Mlocked:            5620 kB
SwapTotal:       3145724 kB
SwapFree:        3145724 kB
Dirty:               364 kB
Writeback:             0 kB
AnonPages:       1250472 kB
Mapped:           854488 kB
Shmem:             26684 kB
KReclaimable:     664304 kB
Slab:             222224 kB
SReclaimable:      77240 kB
SUnreclaim:       144984 kB
KernelStack:       45920 kB
PageTables:        62124 kB
NFS_Unstable:          0 kB
Bounce:                0 kB
WritebackTmp:          0 kB
CommitLimit:     9202292 kB
Committed_AS:   65812712 kB
VmallocTotal:   263061440 kB
VmallocUsed:      102928 kB
VmallocChunk:          0 kB
Percpu:             7552 kB
CmaTotal:         294912 kB
CmaFree:               0 kB
MemTotal:       12113136 kB
MemFree:         6404628 kB
MemAvailable:    8011216 kB
Buffers:            5696 kB
Cached:          1836780 kB
SwapCached:            0 kB
Active:          1477888 kB
Inactive:        1595352 kB
Active(anon):    1237716 kB
Inactive(anon):    24536 kB
Active(file):     240172 kB
Inactive(file):  1570816 kB
Unevictable:        5620 kB
Mlocked:            5620 kB
SwapTotal:       3145724 kB
SwapFree:        3145724 kB
Dirty:               400 kB
Writeback:             4 kB
AnonPages:       1236540 kB
Mapped:           854460 kB
Shmem:             26920 kB
KReclaimable:     664304 kB
Slab:             222208 kB
SReclaimable:      77240 kB
SUnreclaim:       144968 kB
KernelStack:       45956 kB
PageTables:        62096 kB
NFS_Unstable:          0 kB
Bounce:                0 kB
WritebackTmp:          0 kB
CommitLimit:     9202292 kB
Committed_AS:   65812776 kB
VmallocTotal:   263061440 kB
VmallocUsed:      102912 kB
