MemTotal:       12113136 kB
MemFree:         6459524 kB
MemAvailable:    7936940 kB
Buffers:            5944 kB
Cached:          1824432 kB
SwapCached:            0 kB
Active:          1588248 kB
Inactive:        1504236 kB
Active(anon):    1268964 kB
Inactive(anon):    27952 kB
Active(file):     319284 kB
Inactive(file):  1476284 kB
Unevictable:        5564 kB
Mlocked:            5564 kB
SwapTotal:       3145724 kB
SwapFree:        3145724 kB
Dirty:               264 kB
Writeback:             0 kB
AnonPages:       1267496 kB
Mapped:           849808 kB
Shmem:             30296 kB
KReclaimable:     550552 kB
Slab:             221148 kB
SReclaimable:      76552 kB
SUnreclaim:       144596 kB
KernelStack:       46048 kB
PageTables:        62588 kB
NFS_Unstable:          0 kB
Bounce:                0 kB
WritebackTmp:          0 kB
CommitLimit:     9202292 kB
Committed_AS:   66007952 kB
VmallocTotal:   263061440 kB
VmallocUsed:      103136 kB
VmallocChunk:          0 kB
Percpu:             7648 kB
CmaTotal:         294912 kB
CmaFree:               0 kB
MemTotal:       12113136 kB
MemFree:         6461484 kB
MemAvailable:    7938744 kB
Buffers:            5944 kB
Cached:          1824480 kB
SwapCached:            0 kB
Active:          1589384 kB
Inactive:        1504264 kB
Active(anon):    1270080 kB
Inactive(anon):    27952 kB
Active(file):     319304 kB
Inactive(file):  1476312 kB
Unevictable:        5564 kB
Mlocked:            5564 kB
SwapTotal:       3145724 kB
SwapFree:        3145724 kB
Dirty:               368 kB
Writeback:             0 kB
AnonPages:       1268872 kB
Mapped:           849876 kB
Shmem:             30296 kB
KReclaimable:     550348 kB
Slab:             221132 kB
SReclaimable:      76552 kB
SUnreclaim:       144580 kB
KernelStack:       46016 kB
PageTables:        62364 kB
NFS_Unstable:          0 kB
Bounce:                0 kB
WritebackTmp:          0 kB
CommitLimit:     9202292 kB
Committed_AS:   66011272 kB
VmallocTotal:   263061440 kB
VmallocUsed:      103168 kB
VmallocChunk:          0 kB
Percpu:             7648 kB
CmaTotal:         294912 kB
CmaFree:               0 kB
MemTotal:       12113136 kB
MemFree:         6460624 kB
MemAvailable:    7937888 kB
Buffers:            5944 kB
Cached:          1824484 kB
SwapCached:            0 kB
Active:          1590500 kB
Inactive:        1504268 kB
Active(anon):    1271196 kB
Inactive(anon):    27952 kB
Active(file):     319304 kB
Inactive(file):  1476316 kB
Unevictable:        5564 kB
Mlocked:            5564 kB
SwapTotal:       3145724 kB
SwapFree:        3145724 kB
Dirty:               412 kB
Writeback:             0 kB
AnonPages:       1270240 kB
Mapped:           849896 kB
Shmem:             30296 kB
KReclaimable:     550348 kB
Slab:             221132 kB
SReclaimable:      76552 kB
SUnreclaim:       144580 kB
KernelStack:       46032 kB
PageTables:        62376 kB
NFS_Unstable:          0 kB
Bounce:                0 kB
WritebackTmp:          0 kB
CommitLimit:     9202292 kB
Committed_AS:   66015428 kB
VmallocTotal:   263061440 kB
VmallocUsed:      103152 kB
VmallocChunk:          0 kB
Percpu:             7648 kB
CmaTotal:         294912 kB
CmaFree:               0 kB
MemTotal:       12113136 kB
MemFree:         6460092 kB
MemAvailable:    7937376 kB
Buffers:            5948 kB
Cached:          1824496 kB
SwapCached:            0 kB
Active:          1592076 kB
Inactive:        1504280 kB
Active(anon):    1272768 kB
Inactive(anon):    27952 kB
Active(file):     319308 kB
Inactive(file):  1476328 kB
Unevictable:        5564 kB
Mlocked:            5564 kB
SwapTotal:       3145724 kB
SwapFree:        3145724 kB
Dirty:               432 kB
Writeback:             0 kB
AnonPages:       1271552 kB
Mapped:           849932 kB
Shmem:             30296 kB
KReclaimable:     550352 kB
Slab:             221136 kB
SReclaimable:      76556 kB
SUnreclaim:       144580 kB
KernelStack:       46032 kB
PageTables:        62504 kB
NFS_Unstable:          0 kB
Bounce:                0 kB
WritebackTmp:          0 kB
CommitLimit:     9202292 kB
Committed_AS:   66015004 kB
VmallocTotal:   263061440 kB
VmallocUsed:      103152 kB
VmallocChunk:          0 kB
Percpu:             7648 kB
CmaTotal:         294912 kB
CmaFree:               0 kB
MemTotal:       12113136 kB
MemFree:         6463556 kB
MemAvailable:    7940872 kB
Buffers:            5948 kB
Cached:          1824528 kB
SwapCached:            0 kB
Active:          1587420 kB
Inactive:        1504312 kB
Active(anon):    1268112 kB
Inactive(anon):    27952 kB
Active(file):     319308 kB
Inactive(file):  1476360 kB
Unevictable:        5564 kB
Mlocked:            5564 kB
SwapTotal:       3145724 kB
SwapFree:        3145724 kB
Dirty:               488 kB
Writeback:             0 kB
AnonPages:       1267160 kB
Mapped:           849996 kB
Shmem:             30296 kB
KReclaimable:     550352 kB
Slab:             221168 kB
SReclaimable:      76556 kB
SUnreclaim:       144612 kB
KernelStack:       46032 kB
PageTables:        62480 kB
NFS_Unstable:          0 kB
Bounce:                0 kB
WritebackTmp:          0 kB
CommitLimit:     9202292 kB
Committed_AS:   66014480 kB
VmallocTotal:   263061440 kB
VmallocUsed:      103152 kB
VmallocChunk:          0 kB
Percpu:             7648 kB
CmaTotal:         294912 kB
CmaFree:               0 kB
MemTotal:       12113136 kB
MemFree:         6479820 kB
MemAvailable:    7957152 kB
Buffers:            5948 kB
Cached:          1824544 kB
SwapCached:            0 kB
Active:          1572196 kB
Inactive:        1504328 kB
Active(anon):    1252888 kB
Inactive(anon):    27952 kB
Active(file):     319308 kB
Inactive(file):  1476376 kB
Unevictable:        5564 kB
Mlocked:            5564 kB
SwapTotal:       3145724 kB
SwapFree:        3145724 kB
Dirty:               520 kB
Writeback:             0 kB
AnonPages:       1251700 kB
Mapped:           850056 kB
Shmem:             30296 kB
KReclaimable:     550352 kB
Slab:             221168 kB
SReclaimable:      76556 kB
SUnreclaim:       144612 kB
KernelStack:       46096 kB
PageTables:        62552 kB
NFS_Unstable:          0 kB
Bounce:                0 kB
WritebackTmp:          0 kB
CommitLimit:     9202292 kB
Committed_AS:   66012732 kB
VmallocTotal:   263061440 kB
VmallocUsed:      103120 kB
VmallocChunk:          0 kB
Percpu:             7648 kB
CmaTotal:         294912 kB
CmaFree:               0 kB
MemTotal:       12113136 kB
MemFree:         6478356 kB
MemAvailable:    7955696 kB
Buffers:            5948 kB
Cached:          1824552 kB
SwapCached:            0 kB
Active:          1573152 kB
Inactive:        1504336 kB
Active(anon):    1253844 kB
Inactive(anon):    27952 kB
Active(file):     319308 kB
Inactive(file):  1476384 kB
Unevictable:        5564 kB
Mlocked:            5564 kB
SwapTotal:       3145724 kB
SwapFree:        3145724 kB
Dirty:               496 kB
Writeback:             0 kB
AnonPages:       1252264 kB
Mapped:           850092 kB
Shmem:             30296 kB
KReclaimable:     550352 kB
Slab:             221168 kB
SReclaimable:      76556 kB
SUnreclaim:       144612 kB
KernelStack:       46112 kB
PageTables:        62644 kB
NFS_Unstable:          0 kB
Bounce:                0 kB
WritebackTmp:          0 kB
CommitLimit:     9202292 kB
Committed_AS:   66015528 kB
VmallocTotal:   263061440 kB
VmallocUsed:      103184 kB
VmallocChunk:          0 kB
Percpu:             7648 kB
CmaTotal:         294912 kB
CmaFree:               0 kB
MemTotal:       12113136 kB
MemFree:         6478676 kB
MemAvailable:    7956024 kB
Buffers:            5948 kB
Cached:          1824560 kB
SwapCached:            0 kB
Active:          1574200 kB
Inactive:        1504344 kB
Active(anon):    1254892 kB
Inactive(anon):    27952 kB
Active(file):     319308 kB
Inactive(file):  1476392 kB
Unevictable:        5564 kB
Mlocked:            5564 kB
SwapTotal:       3145724 kB
SwapFree:        3145724 kB
Dirty:               536 kB
Writeback:             0 kB
AnonPages:       1253512 kB
Mapped:           850084 kB
Shmem:             30296 kB
KReclaimable:     550352 kB
Slab:             221192 kB
SReclaimable:      76556 kB
SUnreclaim:       144636 kB
KernelStack:       46144 kB
PageTables:        62660 kB
NFS_Unstable:          0 kB
Bounce:                0 kB
WritebackTmp:          0 kB
CommitLimit:     9202292 kB
Committed_AS:   66010788 kB
VmallocTotal:   263061440 kB
VmallocUsed:      103216 kB
VmallocChunk:          0 kB
Percpu:             7648 kB
CmaTotal:         294912 kB
CmaFree:               0 kB
MemTotal:       12113136 kB
MemFree:         6477100 kB
MemAvailable:    7954472 kB
Buffers:            5948 kB
Cached:          1824584 kB
SwapCached:            0 kB
Active:          1575432 kB
Inactive:        1504368 kB
Active(anon):    1256124 kB
Inactive(anon):    27952 kB
Active(file):     319308 kB
Inactive(file):  1476416 kB
Unevictable:        5564 kB
Mlocked:            5564 kB
SwapTotal:       3145724 kB
SwapFree:        3145724 kB
Dirty:               584 kB
Writeback:             0 kB
AnonPages:       1254744 kB
Mapped:           850112 kB
Shmem:             30296 kB
KReclaimable:     550352 kB
Slab:             221168 kB
SReclaimable:      76556 kB
SUnreclaim:       144612 kB
KernelStack:       46064 kB
PageTables:        62532 kB
NFS_Unstable:          0 kB
Bounce:                0 kB
WritebackTmp:          0 kB
CommitLimit:     9202292 kB
Committed_AS:   66015620 kB
VmallocTotal:   263061440 kB
VmallocUsed:      103168 kB
VmallocChunk:          0 kB
Percpu:             7648 kB
CmaTotal:         294912 kB
CmaFree:               0 kB
MemTotal:       12113136 kB
MemFree:         6476676 kB
MemAvailable:    7954060 kB
Buffers:            5948 kB
Cached:          1824600 kB
SwapCached:            0 kB
Active:          1576428 kB
Inactive:        1504384 kB
Active(anon):    1257120 kB
Inactive(anon):    27956 kB
Active(file):     319308 kB
Inactive(file):  1476428 kB
Unevictable:        5564 kB
Mlocked:            5564 kB
SwapTotal:       3145724 kB
SwapFree:        3145724 kB
Dirty:               692 kB
Writeback:             0 kB
AnonPages:       1255656 kB
Mapped:           850180 kB
Shmem:             30300 kB
KReclaimable:     550352 kB
Slab:             221280 kB
SReclaimable:      76556 kB
SUnreclaim:       144724 kB
KernelStack:       46112 kB
PageTables:        62616 kB
NFS_Unstable:          0 kB
Bounce:                0 kB
WritebackTmp:          0 kB
CommitLimit:     9202292 kB
Committed_AS:   66009464 kB
VmallocTotal:   263061440 kB
VmallocUsed:      103136 kB
VmallocChunk:          0 kB
Percpu:             7648 kB
CmaTotal:         294912 kB
CmaFree:               0 kB
MemTotal:       12113136 kB
MemFree:         6472956 kB
MemAvailable:    7950356 kB
Buffers:            5948 kB
Cached:          1824620 kB
SwapCached:            0 kB
Active:          1578284 kB
Inactive:        1504404 kB
Active(anon):    1258976 kB
Inactive(anon):    27960 kB
Active(file):     319308 kB
Inactive(file):  1476444 kB
Unevictable:        5564 kB
Mlocked:            5564 kB
SwapTotal:       3145724 kB
SwapFree:        3145724 kB
Dirty:               788 kB
Writeback:             0 kB
AnonPages:       1257708 kB
Mapped:           850236 kB
Shmem:             30304 kB
KReclaimable:     550352 kB
Slab:             221608 kB
SReclaimable:      76556 kB
SUnreclaim:       145052 kB
KernelStack:       46112 kB
PageTables:        62604 kB
NFS_Unstable:          0 kB
Bounce:                0 kB
WritebackTmp:          0 kB
CommitLimit:     9202292 kB
Committed_AS:   66001840 kB
VmallocTotal:   263061440 kB
VmallocUsed:      103152 kB
VmallocChunk:          0 kB
Percpu:             7648 kB
CmaTotal:         294912 kB
CmaFree:               0 kB
MemTotal:       12113136 kB
MemFree:         6473380 kB
MemAvailable:    7950792 kB
Buffers:            5948 kB
Cached:          1824632 kB
SwapCached:            0 kB
Active:          1578948 kB
Inactive:        1504416 kB
Active(anon):    1259640 kB
Inactive(anon):    27960 kB
Active(file):     319308 kB
Inactive(file):  1476456 kB
Unevictable:        5564 kB
Mlocked:            5564 kB
SwapTotal:       3145724 kB
SwapFree:        3145724 kB
Dirty:               844 kB
Writeback:             0 kB
AnonPages:       1258288 kB
Mapped:           850240 kB
Shmem:             30304 kB
KReclaimable:     550352 kB
Slab:             221600 kB
SReclaimable:      76556 kB
SUnreclaim:       145044 kB
KernelStack:       46080 kB
PageTables:        62500 kB
NFS_Unstable:          0 kB
Bounce:                0 kB
WritebackTmp:          0 kB
CommitLimit:     9202292 kB
Committed_AS:   65995016 kB
VmallocTotal:   263061440 kB
VmallocUsed:      103200 kB
VmallocChunk:          0 kB
Percpu:             7648 kB
CmaTotal:         294912 kB
CmaFree:               0 kB
MemTotal:       12113136 kB
MemFree:         6471780 kB
MemAvailable:    7949212 kB
Buffers:            5948 kB
Cached:          1824656 kB
SwapCached:            0 kB
Active:          1579276 kB
Inactive:        1504440 kB
Active(anon):    1259968 kB
Inactive(anon):    27964 kB
Active(file):     319308 kB
Inactive(file):  1476476 kB
Unevictable:        5564 kB
Mlocked:            5564 kB
SwapTotal:       3145724 kB
SwapFree:        3145724 kB
Dirty:               888 kB
Writeback:             0 kB
AnonPages:       1258800 kB
Mapped:           850280 kB
Shmem:             30308 kB
KReclaimable:     550352 kB
Slab:             221824 kB
SReclaimable:      76556 kB
SUnreclaim:       145268 kB
KernelStack:       46096 kB
PageTables:        62524 kB
NFS_Unstable:          0 kB
Bounce:                0 kB
WritebackTmp:          0 kB
CommitLimit:     9202292 kB
Committed_AS:   65994536 kB
VmallocTotal:   263061440 kB
VmallocUsed:      103168 kB
VmallocChunk:          0 kB
Percpu:             7648 kB
CmaTotal:         294912 kB
CmaFree:               0 kB
MemTotal:       12113136 kB
MemFree:         6469032 kB
MemAvailable:    7946476 kB
Buffers:            5948 kB
Cached:          1824668 kB
SwapCached:            0 kB
Active:          1582252 kB
Inactive:        1504452 kB
Active(anon):    1262944 kB
Inactive(anon):    27964 kB
Active(file):     319308 kB
Inactive(file):  1476488 kB
Unevictable:        5564 kB
Mlocked:            5564 kB
SwapTotal:       3145724 kB
SwapFree:        3145724 kB
Dirty:               948 kB
Writeback:             0 kB
AnonPages:       1261772 kB
Mapped:           850340 kB
Shmem:             30308 kB
KReclaimable:     550352 kB
Slab:             221264 kB
SReclaimable:      76556 kB
SUnreclaim:       144708 kB
KernelStack:       46096 kB
PageTables:        62556 kB
NFS_Unstable:          0 kB
Bounce:                0 kB
WritebackTmp:          0 kB
CommitLimit:     9202292 kB
Committed_AS:   65999184 kB
VmallocTotal:   263061440 kB
VmallocUsed:      103216 kB
VmallocChunk:          0 kB
Percpu:             7648 kB
CmaTotal:         294912 kB
CmaFree:               0 kB
MemTotal:       12113136 kB
MemFree:         6469300 kB
MemAvailable:    7946760 kB
Buffers:            5948 kB
Cached:          1824684 kB
SwapCached:            0 kB
Active:          1583180 kB
Inactive:        1504464 kB
Active(anon):    1263868 kB
Inactive(anon):    27964 kB
Active(file):     319312 kB
Inactive(file):  1476500 kB
Unevictable:        5564 kB
Mlocked:            5564 kB
SwapTotal:       3145724 kB
SwapFree:        3145724 kB
Dirty:               988 kB
Writeback:             0 kB
AnonPages:       1262572 kB
Mapped:           850388 kB
Shmem:             30308 kB
KReclaimable:     550352 kB
Slab:             221272 kB
SReclaimable:      76556 kB
SUnreclaim:       144716 kB
KernelStack:       46112 kB
PageTables:        62552 kB
NFS_Unstable:          0 kB
Bounce:                0 kB
WritebackTmp:          0 kB
CommitLimit:     9202292 kB
Committed_AS:   65990708 kB
VmallocTotal:   263061440 kB
VmallocUsed:      103168 kB
VmallocChunk:          0 kB
Percpu:             7648 kB
CmaTotal:         294912 kB
CmaFree:               0 kB
MemTotal:       12113136 kB
MemFree:         6471080 kB
MemAvailable:    7948556 kB
Buffers:            5956 kB
Cached:          1824692 kB
SwapCached:            0 kB
Active:          1579272 kB
Inactive:        1504484 kB
Active(anon):    1259964 kB
Inactive(anon):    27964 kB
Active(file):     319308 kB
Inactive(file):  1476520 kB
Unevictable:        5564 kB
Mlocked:            5564 kB
SwapTotal:       3145724 kB
SwapFree:        3145724 kB
Dirty:              1000 kB
Writeback:             0 kB
AnonPages:       1258408 kB
Mapped:           850520 kB
Shmem:             30308 kB
KReclaimable:     550352 kB
Slab:             221712 kB
SReclaimable:      76556 kB
SUnreclaim:       145156 kB
KernelStack:       46096 kB
PageTables:        62568 kB
NFS_Unstable:          0 kB
Bounce:                0 kB
WritebackTmp:          0 kB
CommitLimit:     9202292 kB
Committed_AS:   65994796 kB
VmallocTotal:   263061440 kB
VmallocUsed:      103168 kB
VmallocChunk:          0 kB
Percpu:             7648 kB
CmaTotal:         294912 kB
CmaFree:             176 kB
MemTotal:       12113136 kB
MemFree:         6471776 kB
MemAvailable:    7949292 kB
Buffers:            5956 kB
Cached:          1824744 kB
SwapCached:            0 kB
Active:          1576796 kB
Inactive:        1504528 kB
Active(anon):    1257480 kB
Inactive(anon):    27980 kB
Active(file):     319316 kB
Inactive(file):  1476548 kB
Unevictable:        5564 kB
Mlocked:            5564 kB
SwapTotal:       3145724 kB
SwapFree:        3145724 kB
Dirty:              1104 kB
Writeback:             0 kB
AnonPages:       1256112 kB
Mapped:           850732 kB
Shmem:             30324 kB
KReclaimable:     550356 kB
Slab:             222100 kB
SReclaimable:      76560 kB
SUnreclaim:       145540 kB
KernelStack:       46128 kB
PageTables:        62656 kB
NFS_Unstable:          0 kB
Bounce:                0 kB
WritebackTmp:          0 kB
CommitLimit:     9202292 kB
Committed_AS:   65995816 kB
VmallocTotal:   263061440 kB
VmallocUsed:      103216 kB
VmallocChunk:          0 kB
Percpu:             7648 kB
CmaTotal:         294912 kB
CmaFree:               0 kB
MemTotal:       12113136 kB
MemFree:         6469788 kB
MemAvailable:    7947312 kB
Buffers:            5956 kB
Cached:          1824752 kB
SwapCached:            0 kB
Active:          1578160 kB
Inactive:        1504536 kB
Active(anon):    1258844 kB
Inactive(anon):    27980 kB
Active(file):     319316 kB
Inactive(file):  1476556 kB
Unevictable:        5564 kB
Mlocked:            5564 kB
SwapTotal:       3145724 kB
SwapFree:        3145724 kB
Dirty:              1152 kB
Writeback:             0 kB
AnonPages:       1257672 kB
Mapped:           850524 kB
Shmem:             30324 kB
KReclaimable:     550356 kB
Slab:             221972 kB
SReclaimable:      76560 kB
SUnreclaim:       145412 kB
KernelStack:       46064 kB
PageTables:        62476 kB
NFS_Unstable:          0 kB
Bounce:                0 kB
WritebackTmp:          0 kB
CommitLimit:     9202292 kB
Committed_AS:   66000912 kB
VmallocTotal:   263061440 kB
VmallocUsed:      103216 kB
VmallocChunk:          0 kB
Percpu:             7648 kB
CmaTotal:         294912 kB
CmaFree:               0 kB
MemTotal:       12113136 kB
MemFree:         6465172 kB
MemAvailable:    7942716 kB
Buffers:            5956 kB
Cached:          1824772 kB
SwapCached:            0 kB
Active:          1581036 kB
Inactive:        1504556 kB
Active(anon):    1261720 kB
Inactive(anon):    27980 kB
Active(file):     319316 kB
Inactive(file):  1476576 kB
Unevictable:        5564 kB
Mlocked:            5564 kB
SwapTotal:       3145724 kB
SwapFree:        3145724 kB
Dirty:              1240 kB
Writeback:             0 kB
AnonPages:       1260468 kB
Mapped:           849880 kB
Shmem:             30324 kB
KReclaimable:     550356 kB
Slab:             221828 kB
SReclaimable:      76560 kB
SUnreclaim:       145268 kB
KernelStack:       46096 kB
PageTables:        62616 kB
NFS_Unstable:          0 kB
Bounce:                0 kB
WritebackTmp:          0 kB
CommitLimit:     9202292 kB
Committed_AS:   65996848 kB
VmallocTotal:   263061440 kB
VmallocUsed:      103216 kB
VmallocChunk:          0 kB
Percpu:             7648 kB
CmaTotal:         294912 kB
CmaFree:               0 kB
MemTotal:       12113136 kB
MemFree:         6463768 kB
MemAvailable:    7941320 kB
Buffers:            5956 kB
Cached:          1824784 kB
SwapCached:            0 kB
Active:          1581084 kB
Inactive:        1504568 kB
Active(anon):    1261768 kB
Inactive(anon):    27984 kB
Active(file):     319316 kB
Inactive(file):  1476584 kB
Unevictable:        5564 kB
Mlocked:            5564 kB
SwapTotal:       3145724 kB
SwapFree:        3145724 kB
Dirty:              1232 kB
Writeback:             0 kB
AnonPages:       1261148 kB
Mapped:           849952 kB
Shmem:             30328 kB
KReclaimable:     550356 kB
Slab:             221820 kB
SReclaimable:      76560 kB
SUnreclaim:       145260 kB
KernelStack:       45984 kB
PageTables:        62372 kB
NFS_Unstable:          0 kB
Bounce:                0 kB
WritebackTmp:          0 kB
CommitLimit:     9202292 kB
Committed_AS:   66006152 kB
VmallocTotal:   263061440 kB
VmallocUsed:      103168 kB
VmallocChunk:          0 kB
Percpu:             7648 kB
CmaTotal:         294912 kB
CmaFree:              24 kB
MemTotal:       12113136 kB
MemFree:         6459152 kB
MemAvailable:    7936732 kB
Buffers:            5956 kB
Cached:          1824812 kB
SwapCached:            0 kB
Active:          1585432 kB
Inactive:        1504596 kB
Active(anon):    1266116 kB
Inactive(anon):    27984 kB
Active(file):     319316 kB
Inactive(file):  1476612 kB
Unevictable:        5564 kB
Mlocked:            5564 kB
SwapTotal:       3145724 kB
SwapFree:        3145724 kB
Dirty:              1360 kB
Writeback:             0 kB
AnonPages:       1264964 kB
Mapped:           850048 kB
Shmem:             30328 kB
KReclaimable:     550356 kB
Slab:             221812 kB
SReclaimable:      76560 kB
SUnreclaim:       145252 kB
KernelStack:       46016 kB
PageTables:        62512 kB
NFS_Unstable:          0 kB
Bounce:                0 kB
WritebackTmp:          0 kB
CommitLimit:     9202292 kB
Committed_AS:   66012980 kB
VmallocTotal:   263061440 kB
VmallocUsed:      103152 kB
VmallocChunk:          0 kB
Percpu:             7648 kB
CmaTotal:         294912 kB
CmaFree:               0 kB
MemTotal:       12113136 kB
MemFree:         6457232 kB
MemAvailable:    7934820 kB
Buffers:            5956 kB
Cached:          1824824 kB
SwapCached:            0 kB
Active:          1587452 kB
Inactive:        1504608 kB
Active(anon):    1268136 kB
Inactive(anon):    27988 kB
Active(file):     319316 kB
Inactive(file):  1476620 kB
Unevictable:        5564 kB
Mlocked:            5564 kB
SwapTotal:       3145724 kB
SwapFree:        3145724 kB
Dirty:               452 kB
Writeback:             0 kB
AnonPages:       1266824 kB
Mapped:           850068 kB
Shmem:             30332 kB
KReclaimable:     550356 kB
Slab:             221964 kB
SReclaimable:      76560 kB
SUnreclaim:       145404 kB
KernelStack:       45996 kB
PageTables:        62588 kB
NFS_Unstable:          0 kB
Bounce:                0 kB
WritebackTmp:          0 kB
CommitLimit:     9202292 kB
Committed_AS:   66006536 kB
VmallocTotal:   263061440 kB
VmallocUsed:      103072 kB
VmallocChunk:          0 kB
Percpu:             7648 kB
CmaTotal:         294912 kB
CmaFree:               0 kB
MemTotal:       12113136 kB
MemFree:         6452592 kB
MemAvailable:    7930204 kB
Buffers:            5956 kB
Cached:          1824848 kB
SwapCached:            0 kB
Active:          1589804 kB
Inactive:        1504628 kB
Active(anon):    1270484 kB
Inactive(anon):    27988 kB
Active(file):     319320 kB
Inactive(file):  1476640 kB
Unevictable:        5564 kB
Mlocked:            5564 kB
SwapTotal:       3145724 kB
SwapFree:        3145724 kB
Dirty:               576 kB
Writeback:             0 kB
AnonPages:       1269228 kB
Mapped:           850148 kB
Shmem:             30332 kB
KReclaimable:     550356 kB
Slab:             221964 kB
SReclaimable:      76560 kB
SUnreclaim:       145404 kB
KernelStack:       46048 kB
PageTables:        62528 kB
NFS_Unstable:          0 kB
Bounce:                0 kB
WritebackTmp:          0 kB
CommitLimit:     9202292 kB
Committed_AS:   66017240 kB
VmallocTotal:   263061440 kB
VmallocUsed:      103120 kB
VmallocChunk:          0 kB
Percpu:             7648 kB
CmaTotal:         294912 kB
CmaFree:               0 kB
MemTotal:       12113136 kB
MemFree:         6455976 kB
MemAvailable:    7933616 kB
Buffers:            5960 kB
Cached:          1824872 kB
SwapCached:            0 kB
Active:          1584416 kB
Inactive:        1504652 kB
Active(anon):    1265092 kB
Inactive(anon):    27988 kB
Active(file):     319324 kB
Inactive(file):  1476664 kB
Unevictable:        5564 kB
Mlocked:            5564 kB
SwapTotal:       3145724 kB
SwapFree:        3145724 kB
Dirty:               656 kB
Writeback:             0 kB
AnonPages:       1263932 kB
Mapped:           850188 kB
Shmem:             30332 kB
KReclaimable:     550356 kB
Slab:             221972 kB
SReclaimable:      76560 kB
SUnreclaim:       145412 kB
KernelStack:       46000 kB
PageTables:        62220 kB
NFS_Unstable:          0 kB
Bounce:                0 kB
WritebackTmp:          0 kB
CommitLimit:     9202292 kB
Committed_AS:   65998388 kB
VmallocTotal:   263061440 kB
VmallocUsed:      103120 kB
VmallocChunk:          0 kB
Percpu:             7648 kB
CmaTotal:         294912 kB
CmaFree:               4 kB
MemTotal:       12113136 kB
MemFree:         6456832 kB
MemAvailable:    7934496 kB
Buffers:            5960 kB
Cached:          1824896 kB
SwapCached:            0 kB
Active:          1583476 kB
Inactive:        1504676 kB
Active(anon):    1264152 kB
Inactive(anon):    27988 kB
Active(file):     319324 kB
Inactive(file):  1476688 kB
Unevictable:        5564 kB
Mlocked:            5564 kB
SwapTotal:       3145724 kB
SwapFree:        3145724 kB
Dirty:               568 kB
Writeback:             0 kB
AnonPages:       1262980 kB
Mapped:           850284 kB
Shmem:             30332 kB
KReclaimable:     550356 kB
Slab:             222044 kB
SReclaimable:      76560 kB
SUnreclaim:       145484 kB
KernelStack:       45984 kB
PageTables:        62452 kB
NFS_Unstable:          0 kB
Bounce:                0 kB
WritebackTmp:          0 kB
CommitLimit:     9202292 kB
Committed_AS:   66014396 kB
VmallocTotal:   263061440 kB
VmallocUsed:      103072 kB
VmallocChunk:          0 kB
Percpu:             7648 kB
CmaTotal:         294912 kB
CmaFree:               0 kB
MemTotal:       12113136 kB
MemFree:         6454720 kB
MemAvailable:    7932392 kB
Buffers:            5960 kB
Cached:          1824904 kB
SwapCached:            0 kB
Active:          1584344 kB
Inactive:        1504684 kB
Active(anon):    1265020 kB
Inactive(anon):    27988 kB
Active(file):     319324 kB
Inactive(file):  1476696 kB
Unevictable:        5564 kB
Mlocked:            5564 kB
SwapTotal:       3145724 kB
SwapFree:        3145724 kB
Dirty:               612 kB
Writeback:             0 kB
AnonPages:       1263732 kB
Mapped:           850308 kB
Shmem:             30332 kB
KReclaimable:     550356 kB
Slab:             222060 kB
SReclaimable:      76560 kB
SUnreclaim:       145500 kB
KernelStack:       46000 kB
PageTables:        62600 kB
NFS_Unstable:          0 kB
Bounce:                0 kB
WritebackTmp:          0 kB
CommitLimit:     9202292 kB
Committed_AS:   66010864 kB
VmallocTotal:   263061440 kB
VmallocUsed:      103072 kB
VmallocChunk:          0 kB
Percpu:             7648 kB
CmaTotal:         294912 kB
CmaFree:               0 kB
MemTotal:       12113136 kB
MemFree:         6454408 kB
MemAvailable:    7932084 kB
Buffers:            5960 kB
Cached:          1824912 kB
SwapCached:            0 kB
Active:          1582816 kB
Inactive:        1504688 kB
Active(anon):    1263488 kB
Inactive(anon):    27992 kB
Active(file):     319328 kB
Inactive(file):  1476696 kB
Unevictable:        5564 kB
Mlocked:            5564 kB
SwapTotal:       3145724 kB
SwapFree:        3145724 kB
Dirty:               664 kB
Writeback:             0 kB
AnonPages:       1262288 kB
Mapped:           850376 kB
Shmem:             30336 kB
KReclaimable:     550356 kB
Slab:             222108 kB
SReclaimable:      76560 kB
SUnreclaim:       145548 kB
KernelStack:       45952 kB
PageTables:        62368 kB
NFS_Unstable:          0 kB
Bounce:                0 kB
WritebackTmp:          0 kB
CommitLimit:     9202292 kB
Committed_AS:   65995820 kB
VmallocTotal:   263061440 kB
VmallocUsed:      103040 kB
VmallocChunk:          0 kB
Percpu:             7648 kB
CmaTotal:         294912 kB
CmaFree:               0 kB
MemTotal:       12113136 kB
MemFree:         6453096 kB
MemAvailable:    7930796 kB
Buffers:            5960 kB
Cached:          1824936 kB
SwapCached:            0 kB
Active:          1582480 kB
Inactive:        1504712 kB
Active(anon):    1263152 kB
Inactive(anon):    27992 kB
Active(file):     319328 kB
Inactive(file):  1476720 kB
Unevictable:        5564 kB
Mlocked:            5564 kB
SwapTotal:       3145724 kB
SwapFree:        3145724 kB
Dirty:               720 kB
Writeback:             0 kB
AnonPages:       1261764 kB
Mapped:           850412 kB
Shmem:             30336 kB
KReclaimable:     550356 kB
Slab:             222140 kB
SReclaimable:      76560 kB
SUnreclaim:       145580 kB
KernelStack:       45920 kB
PageTables:        62508 kB
NFS_Unstable:          0 kB
Bounce:                0 kB
WritebackTmp:          0 kB
CommitLimit:     9202292 kB
Committed_AS:   66005176 kB
VmallocTotal:   263061440 kB
VmallocUsed:      103008 kB
VmallocChunk:          0 kB
Percpu:             7648 kB
CmaTotal:         294912 kB
CmaFree:               0 kB
MemTotal:       12113136 kB
MemFree:         6450548 kB
MemAvailable:    7928260 kB
Buffers:            5960 kB
Cached:          1824948 kB
SwapCached:            0 kB
Active:          1584888 kB
Inactive:        1504724 kB
Active(anon):    1265560 kB
Inactive(anon):    27992 kB
Active(file):     319328 kB
Inactive(file):  1476732 kB
Unevictable:        5564 kB
Mlocked:            5564 kB
SwapTotal:       3145724 kB
SwapFree:        3145724 kB
Dirty:               808 kB
Writeback:             0 kB
AnonPages:       1264476 kB
Mapped:           850468 kB
Shmem:             30336 kB
KReclaimable:     550356 kB
Slab:             222140 kB
SReclaimable:      76560 kB
SUnreclaim:       145580 kB
KernelStack:       45984 kB
PageTables:        62608 kB
NFS_Unstable:          0 kB
Bounce:                0 kB
WritebackTmp:          0 kB
CommitLimit:     9202292 kB
Committed_AS:   66010944 kB
VmallocTotal:   263061440 kB
VmallocUsed:      103104 kB
VmallocChunk:          0 kB
Percpu:             7648 kB
CmaTotal:         294912 kB
CmaFree:               0 kB
MemTotal:       12113136 kB
MemFree:         6449740 kB
MemAvailable:    7927460 kB
Buffers:            5960 kB
Cached:          1824956 kB
SwapCached:            0 kB
Active:          1584700 kB
Inactive:        1504732 kB
Active(anon):    1265372 kB
Inactive(anon):    27992 kB
Active(file):     319328 kB
Inactive(file):  1476740 kB
Unevictable:        5564 kB
Mlocked:            5564 kB
SwapTotal:       3145724 kB
SwapFree:        3145724 kB
Dirty:               836 kB
Writeback:             0 kB
AnonPages:       1263864 kB
Mapped:           850496 kB
Shmem:             30336 kB
KReclaimable:     550356 kB
Slab:             222156 kB
SReclaimable:      76560 kB
SUnreclaim:       145596 kB
KernelStack:       45968 kB
PageTables:        62592 kB
NFS_Unstable:          0 kB
Bounce:                0 kB
WritebackTmp:          0 kB
CommitLimit:     9202292 kB
Committed_AS:   66014980 kB
VmallocTotal:   263061440 kB
VmallocUsed:      103088 kB
VmallocChunk:          0 kB
Percpu:             7648 kB
CmaTotal:         294912 kB
CmaFree:              12 kB
MemTotal:       12113136 kB
MemFree:         6449280 kB
MemAvailable:    7927016 kB
Buffers:            5960 kB
Cached:          1824976 kB
SwapCached:            0 kB
Active:          1587060 kB
Inactive:        1504752 kB
Active(anon):    1267732 kB
Inactive(anon):    27996 kB
Active(file):     319328 kB
Inactive(file):  1476756 kB
Unevictable:        5564 kB
Mlocked:            5564 kB
SwapTotal:       3145724 kB
SwapFree:        3145724 kB
Dirty:               352 kB
Writeback:             0 kB
AnonPages:       1266072 kB
Mapped:           850560 kB
Shmem:             30340 kB
KReclaimable:     550356 kB
Slab:             222148 kB
SReclaimable:      76560 kB
SUnreclaim:       145588 kB
KernelStack:       45936 kB
PageTables:        62584 kB
NFS_Unstable:          0 kB
Bounce:                0 kB
WritebackTmp:          0 kB
CommitLimit:     9202292 kB
Committed_AS:   66013484 kB
VmallocTotal:   263061440 kB
VmallocUsed:      103056 kB
VmallocChunk:          0 kB
Percpu:             7648 kB
CmaTotal:         294912 kB
CmaFree:               0 kB
MemTotal:       12113136 kB
MemFree:         6452700 kB
MemAvailable:    7930448 kB
Buffers:            5960 kB
Cached:          1824988 kB
SwapCached:            0 kB
Active:          1583748 kB
Inactive:        1504764 kB
Active(anon):    1264420 kB
Inactive(anon):    27996 kB
Active(file):     319328 kB
Inactive(file):  1476768 kB
Unevictable:        5564 kB
Mlocked:            5564 kB
SwapTotal:       3145724 kB
SwapFree:        3145724 kB
Dirty:               432 kB
Writeback:             0 kB
AnonPages:       1262948 kB
Mapped:           850628 kB
Shmem:             30340 kB
KReclaimable:     550356 kB
Slab:             222132 kB
SReclaimable:      76560 kB
SUnreclaim:       145572 kB
KernelStack:       45920 kB
PageTables:        62492 kB
NFS_Unstable:          0 kB
Bounce:                0 kB
WritebackTmp:          0 kB
CommitLimit:     9202292 kB
Committed_AS:   66013672 kB
VmallocTotal:   263061440 kB
VmallocUsed:      103088 kB
VmallocChunk:          0 kB
Percpu:             7648 kB
CmaTotal:         294912 kB
CmaFree:               0 kB
MemTotal:       12113136 kB
MemFree:         6451324 kB
MemAvailable:    7929116 kB
Buffers:            5968 kB
Cached:          1825032 kB
SwapCached:            0 kB
Active:          1586820 kB
Inactive:        1504808 kB
Active(anon):    1267484 kB
Inactive(anon):    28004 kB
Active(file):     319336 kB
Inactive(file):  1476804 kB
Unevictable:        5564 kB
Mlocked:            5564 kB
SwapTotal:       3145724 kB
SwapFree:        3145724 kB
Dirty:               480 kB
Writeback:             0 kB
AnonPages:       1266096 kB
Mapped:           850692 kB
Shmem:             30348 kB
KReclaimable:     550356 kB
Slab:             222132 kB
SReclaimable:      76560 kB
SUnreclaim:       145572 kB
KernelStack:       45952 kB
PageTables:        62480 kB
NFS_Unstable:          0 kB
Bounce:                0 kB
WritebackTmp:          0 kB
CommitLimit:     9202292 kB
Committed_AS:   66008360 kB
VmallocTotal:   263061440 kB
VmallocUsed:      103040 kB
VmallocChunk:          0 kB
Percpu:             7648 kB
CmaTotal:         294912 kB
CmaFree:               0 kB
MemTotal:       12113136 kB
MemFree:         6450068 kB
MemAvailable:    7927864 kB
Buffers:            5968 kB
Cached:          1825036 kB
SwapCached:            0 kB
Active:          1589368 kB
Inactive:        1504812 kB
Active(anon):    1270032 kB
Inactive(anon):    28004 kB
Active(file):     319336 kB
Inactive(file):  1476808 kB
Unevictable:        5564 kB
Mlocked:            5564 kB
SwapTotal:       3145724 kB
SwapFree:        3145724 kB
Dirty:               532 kB
Writeback:             0 kB
AnonPages:       1268748 kB
Mapped:           850732 kB
Shmem:             30348 kB
KReclaimable:     550356 kB
Slab:             222124 kB
SReclaimable:      76560 kB
SUnreclaim:       145564 kB
KernelStack:       45984 kB
PageTables:        62592 kB
NFS_Unstable:          0 kB
Bounce:                0 kB
WritebackTmp:          0 kB
CommitLimit:     9202292 kB
Committed_AS:   66000432 kB
VmallocTotal:   263061440 kB
VmallocUsed:      103024 kB
VmallocChunk:          0 kB
Percpu:             7648 kB
CmaTotal:         294912 kB
CmaFree:               0 kB
MemTotal:       12113136 kB
MemFree:         6452024 kB
MemAvailable:    7929836 kB
Buffers:            5968 kB
Cached:          1825052 kB
SwapCached:            0 kB
Active:          1587780 kB
Inactive:        1504828 kB
Active(anon):    1268444 kB
Inactive(anon):    28004 kB
Active(file):     319336 kB
Inactive(file):  1476824 kB
Unevictable:        5564 kB
Mlocked:            5564 kB
SwapTotal:       3145724 kB
SwapFree:        3145724 kB
Dirty:               592 kB
Writeback:             0 kB
AnonPages:       1267196 kB
Mapped:           850732 kB
Shmem:             30348 kB
KReclaimable:     550356 kB
Slab:             222092 kB
SReclaimable:      76560 kB
SUnreclaim:       145532 kB
KernelStack:       45936 kB
PageTables:        62488 kB
NFS_Unstable:          0 kB
Bounce:                0 kB
WritebackTmp:          0 kB
CommitLimit:     9202292 kB
Committed_AS:   66007520 kB
VmallocTotal:   263061440 kB
VmallocUsed:      103120 kB
VmallocChunk:          0 kB
Percpu:             7648 kB
CmaTotal:         294912 kB
CmaFree:               0 kB
MemTotal:       12113136 kB
MemFree:         6449524 kB
MemAvailable:    7927348 kB
Buffers:            5968 kB
Cached:          1825064 kB
SwapCached:            0 kB
Active:          1591228 kB
Inactive:        1504840 kB
Active(anon):    1271892 kB
Inactive(anon):    28004 kB
Active(file):     319336 kB
Inactive(file):  1476836 kB
Unevictable:        5564 kB
Mlocked:            5564 kB
SwapTotal:       3145724 kB
SwapFree:        3145724 kB
Dirty:               652 kB
Writeback:             0 kB
AnonPages:       1270584 kB
Mapped:           850740 kB
Shmem:             30348 kB
KReclaimable:     550356 kB
Slab:             222084 kB
SReclaimable:      76560 kB
SUnreclaim:       145524 kB
KernelStack:       45984 kB
PageTables:        62588 kB
NFS_Unstable:          0 kB
Bounce:                0 kB
WritebackTmp:          0 kB
CommitLimit:     9202292 kB
Committed_AS:   66014552 kB
VmallocTotal:   263061440 kB
VmallocUsed:      103056 kB
VmallocChunk:          0 kB
Percpu:             7648 kB
CmaTotal:         294912 kB
CmaFree:               0 kB
MemTotal:       12113136 kB
MemFree:         6448720 kB
MemAvailable:    7926556 kB
Buffers:            5968 kB
Cached:          1825080 kB
SwapCached:            0 kB
Active:          1590512 kB
Inactive:        1504856 kB
Active(anon):    1271176 kB
Inactive(anon):    28008 kB
Active(file):     319336 kB
Inactive(file):  1476848 kB
Unevictable:        5564 kB
Mlocked:            5564 kB
SwapTotal:       3145724 kB
SwapFree:        3145724 kB
Dirty:               684 kB
Writeback:             0 kB
AnonPages:       1269936 kB
Mapped:           850748 kB
Shmem:             30352 kB
KReclaimable:     550356 kB
Slab:             222076 kB
SReclaimable:      76560 kB
SUnreclaim:       145516 kB
KernelStack:       45952 kB
PageTables:        62620 kB
NFS_Unstable:          0 kB
Bounce:                0 kB
WritebackTmp:          0 kB
CommitLimit:     9202292 kB
Committed_AS:   66005728 kB
VmallocTotal:   263061440 kB
VmallocUsed:      103056 kB
VmallocChunk:          0 kB
Percpu:             7648 kB
CmaTotal:         294912 kB
CmaFree:               0 kB
MemTotal:       12113136 kB
MemFree:         6448960 kB
MemAvailable:    7926816 kB
Buffers:            5968 kB
Cached:          1825104 kB
SwapCached:            0 kB
Active:          1592028 kB
Inactive:        1504880 kB
Active(anon):    1272692 kB
Inactive(anon):    28012 kB
Active(file):     319336 kB
Inactive(file):  1476868 kB
Unevictable:        5564 kB
Mlocked:            5564 kB
SwapTotal:       3145724 kB
SwapFree:        3145724 kB
Dirty:               764 kB
Writeback:             0 kB
AnonPages:       1271404 kB
Mapped:           850764 kB
Shmem:             30356 kB
KReclaimable:     550356 kB
Slab:             222084 kB
SReclaimable:      76560 kB
SUnreclaim:       145524 kB
KernelStack:       45936 kB
PageTables:        62488 kB
NFS_Unstable:          0 kB
Bounce:                0 kB
WritebackTmp:          0 kB
CommitLimit:     9202292 kB
Committed_AS:   66003428 kB
VmallocTotal:   263061440 kB
VmallocUsed:      103056 kB
VmallocChunk:          0 kB
Percpu:             7648 kB
CmaTotal:         294912 kB
CmaFree:               0 kB
MemTotal:       12113136 kB
MemFree:         6448112 kB
MemAvailable:    7925976 kB
Buffers:            5968 kB
Cached:          1825116 kB
SwapCached:            0 kB
Active:          1591164 kB
Inactive:        1504892 kB
Active(anon):    1271828 kB
Inactive(anon):    28016 kB
Active(file):     319336 kB
Inactive(file):  1476876 kB
Unevictable:        5564 kB
Mlocked:            5564 kB
SwapTotal:       3145724 kB
SwapFree:        3145724 kB
Dirty:               816 kB
Writeback:             0 kB
AnonPages:       1270300 kB
Mapped:           850772 kB
Shmem:             30360 kB
KReclaimable:     550356 kB
Slab:             222092 kB
SReclaimable:      76560 kB
SUnreclaim:       145532 kB
KernelStack:       45952 kB
PageTables:        62468 kB
NFS_Unstable:          0 kB
Bounce:                0 kB
WritebackTmp:          0 kB
CommitLimit:     9202292 kB
Committed_AS:   66011000 kB
VmallocTotal:   263061440 kB
VmallocUsed:      103072 kB
VmallocChunk:          0 kB
Percpu:             7648 kB
CmaTotal:         294912 kB
CmaFree:               0 kB
MemTotal:       12113136 kB
MemFree:         6452620 kB
MemAvailable:    7930504 kB
Buffers:            5968 kB
Cached:          1825140 kB
SwapCached:            0 kB
Active:          1589056 kB
Inactive:        1504916 kB
Active(anon):    1269720 kB
Inactive(anon):    28020 kB
Active(file):     319336 kB
Inactive(file):  1476896 kB
Unevictable:        5564 kB
Mlocked:            5564 kB
SwapTotal:       3145724 kB
SwapFree:        3145724 kB
Dirty:               892 kB
Writeback:             0 kB
AnonPages:       1268344 kB
Mapped:           850784 kB
Shmem:             30364 kB
KReclaimable:     550356 kB
Slab:             222076 kB
SReclaimable:      76560 kB
SUnreclaim:       145516 kB
KernelStack:       45984 kB
PageTables:        62660 kB
NFS_Unstable:          0 kB
Bounce:                0 kB
WritebackTmp:          0 kB
CommitLimit:     9202292 kB
Committed_AS:   65998660 kB
VmallocTotal:   263061440 kB
VmallocUsed:      103024 kB
VmallocChunk:          0 kB
Percpu:             7648 kB
CmaTotal:         294912 kB
CmaFree:               0 kB
MemTotal:       12113136 kB
MemFree:         6450904 kB
MemAvailable:    7928816 kB
Buffers:            5972 kB
Cached:          1825168 kB
SwapCached:            0 kB
Active:          1590256 kB
Inactive:        1504944 kB
Active(anon):    1270916 kB
Inactive(anon):    28024 kB
Active(file):     319340 kB
Inactive(file):  1476920 kB
Unevictable:        5564 kB
Mlocked:            5564 kB
SwapTotal:       3145724 kB
SwapFree:        3145724 kB
Dirty:               880 kB
Writeback:             0 kB
AnonPages:       1269536 kB
Mapped:           850860 kB
Shmem:             30368 kB
KReclaimable:     550356 kB
Slab:             222084 kB
SReclaimable:      76560 kB
SUnreclaim:       145524 kB
KernelStack:       45968 kB
PageTables:        62604 kB
NFS_Unstable:          0 kB
Bounce:                0 kB
WritebackTmp:          0 kB
CommitLimit:     9202292 kB
Committed_AS:   65999032 kB
VmallocTotal:   263061440 kB
VmallocUsed:      103040 kB
VmallocChunk:          0 kB
Percpu:             7648 kB
CmaTotal:         294912 kB
CmaFree:               0 kB
MemTotal:       12113136 kB
MemFree:         6448016 kB
MemAvailable:    7925936 kB
Buffers:            5972 kB
Cached:          1825176 kB
SwapCached:            0 kB
Active:          1591780 kB
Inactive:        1504952 kB
Active(anon):    1272440 kB
Inactive(anon):    28024 kB
Active(file):     319340 kB
Inactive(file):  1476928 kB
Unevictable:        5564 kB
Mlocked:            5564 kB
SwapTotal:       3145724 kB
SwapFree:        3145724 kB
Dirty:               976 kB
Writeback:             0 kB
AnonPages:       1271000 kB
Mapped:           850792 kB
Shmem:             30368 kB
KReclaimable:     550356 kB
Slab:             222052 kB
SReclaimable:      76560 kB
SUnreclaim:       145492 kB
KernelStack:       45984 kB
PageTables:        62600 kB
NFS_Unstable:          0 kB
Bounce:                0 kB
WritebackTmp:          0 kB
CommitLimit:     9202292 kB
Committed_AS:   65998528 kB
VmallocTotal:   263061440 kB
VmallocUsed:      103040 kB
VmallocChunk:          0 kB
Percpu:             7648 kB
CmaTotal:         294912 kB
CmaFree:               0 kB
MemTotal:       12113136 kB
MemFree:         6445464 kB
MemAvailable:    7923400 kB
Buffers:            5972 kB
Cached:          1825192 kB
SwapCached:            0 kB
Active:          1593948 kB
Inactive:        1504968 kB
Active(anon):    1274608 kB
Inactive(anon):    28024 kB
Active(file):     319340 kB
Inactive(file):  1476944 kB
Unevictable:        5564 kB
Mlocked:            5564 kB
SwapTotal:       3145724 kB
SwapFree:        3145724 kB
Dirty:              1040 kB
Writeback:             0 kB
AnonPages:       1273328 kB
Mapped:           850792 kB
Shmem:             30368 kB
KReclaimable:     550356 kB
Slab:             222060 kB
SReclaimable:      76560 kB
SUnreclaim:       145500 kB
KernelStack:       45952 kB
PageTables:        62120 kB
NFS_Unstable:          0 kB
Bounce:                0 kB
WritebackTmp:          0 kB
CommitLimit:     9202292 kB
Committed_AS:   66001840 kB
VmallocTotal:   263061440 kB
VmallocUsed:      103056 kB
VmallocChunk:          0 kB
Percpu:             7648 kB
CmaTotal:         294912 kB
CmaFree:               0 kB
MemTotal:       12113136 kB
MemFree:         6456840 kB
MemAvailable:    7934788 kB
Buffers:            5972 kB
Cached:          1825204 kB
SwapCached:            0 kB
Active:          1581144 kB
Inactive:        1504980 kB
Active(anon):    1261804 kB
Inactive(anon):    28024 kB
Active(file):     319340 kB
Inactive(file):  1476956 kB
Unevictable:        5564 kB
Mlocked:            5564 kB
SwapTotal:       3145724 kB
SwapFree:        3145724 kB
Dirty:              1092 kB
Writeback:             0 kB
AnonPages:       1260676 kB
Mapped:           850796 kB
Shmem:             30368 kB
KReclaimable:     550356 kB
Slab:             222100 kB
SReclaimable:      76560 kB
SUnreclaim:       145540 kB
KernelStack:       46016 kB
PageTables:        62640 kB
NFS_Unstable:          0 kB
Bounce:                0 kB
WritebackTmp:          0 kB
CommitLimit:     9202292 kB
Committed_AS:   66001676 kB
VmallocTotal:   263061440 kB
VmallocUsed:      103088 kB
VmallocChunk:          0 kB
Percpu:             7648 kB
CmaTotal:         294912 kB
CmaFree:             128 kB
MemTotal:       12113136 kB
MemFree:         6454344 kB
MemAvailable:    7932308 kB
Buffers:            5972 kB
Cached:          1825220 kB
SwapCached:            0 kB
Active:          1582300 kB
Inactive:        1504996 kB
Active(anon):    1262960 kB
Inactive(anon):    28024 kB
Active(file):     319340 kB
Inactive(file):  1476972 kB
Unevictable:        5564 kB
Mlocked:            5564 kB
SwapTotal:       3145724 kB
SwapFree:        3145724 kB
Dirty:              1152 kB
Writeback:             0 kB
AnonPages:       1261604 kB
Mapped:           850804 kB
Shmem:             30368 kB
KReclaimable:     550356 kB
Slab:             222100 kB
SReclaimable:      76560 kB
SUnreclaim:       145540 kB
KernelStack:       45968 kB
PageTables:        62624 kB
NFS_Unstable:          0 kB
Bounce:                0 kB
WritebackTmp:          0 kB
CommitLimit:     9202292 kB
Committed_AS:   66005932 kB
VmallocTotal:   263061440 kB
VmallocUsed:      103104 kB
VmallocChunk:          0 kB
Percpu:             7648 kB
CmaTotal:         294912 kB
CmaFree:               0 kB
MemTotal:       12113136 kB
MemFree:         6452940 kB
MemAvailable:    7930908 kB
Buffers:            5972 kB
Cached:          1825224 kB
SwapCached:            0 kB
Active:          1581776 kB
Inactive:        1505000 kB
Active(anon):    1262436 kB
Inactive(anon):    28024 kB
Active(file):     319340 kB
Inactive(file):  1476976 kB
Unevictable:        5564 kB
Mlocked:            5564 kB
SwapTotal:       3145724 kB
SwapFree:        3145724 kB
Dirty:              1204 kB
Writeback:             0 kB
AnonPages:       1261188 kB
Mapped:           850804 kB
Shmem:             30368 kB
KReclaimable:     550356 kB
Slab:             222100 kB
SReclaimable:      76560 kB
SUnreclaim:       145540 kB
KernelStack:       45968 kB
PageTables:        62624 kB
NFS_Unstable:          0 kB
Bounce:                0 kB
WritebackTmp:          0 kB
CommitLimit:     9202292 kB
Committed_AS:   66004804 kB
VmallocTotal:   263061440 kB
VmallocUsed:      103088 kB
VmallocChunk:          0 kB
Percpu:             7648 kB
CmaTotal:         294912 kB
CmaFree:               0 kB
MemTotal:       12113136 kB
MemFree:         6455788 kB
MemAvailable:    7933768 kB
Buffers:            5972 kB
Cached:          1825236 kB
SwapCached:            0 kB
Active:          1579672 kB
Inactive:        1505012 kB
Active(anon):    1260332 kB
Inactive(anon):    28024 kB
Active(file):     319340 kB
Inactive(file):  1476988 kB
Unevictable:        5564 kB
Mlocked:            5564 kB
SwapTotal:       3145724 kB
SwapFree:        3145724 kB
Dirty:              1236 kB
Writeback:             0 kB
AnonPages:       1259012 kB
Mapped:           850816 kB
Shmem:             30368 kB
KReclaimable:     550356 kB
Slab:             222076 kB
SReclaimable:      76560 kB
SUnreclaim:       145516 kB
KernelStack:       45952 kB
PageTables:        62488 kB
NFS_Unstable:          0 kB
Bounce:                0 kB
WritebackTmp:          0 kB
CommitLimit:     9202292 kB
Committed_AS:   66006800 kB
VmallocTotal:   263061440 kB
VmallocUsed:      103120 kB
VmallocChunk:          0 kB
Percpu:             7648 kB
CmaTotal:         294912 kB
CmaFree:               0 kB
MemTotal:       12113136 kB
MemFree:         6459360 kB
MemAvailable:    7937372 kB
Buffers:            5972 kB
Cached:          1825268 kB
SwapCached:            0 kB
Active:          1575628 kB
Inactive:        1505044 kB
Active(anon):    1256288 kB
Inactive(anon):    28024 kB
Active(file):     319340 kB
Inactive(file):  1477020 kB
Unevictable:        5564 kB
Mlocked:            5564 kB
SwapTotal:       3145724 kB
SwapFree:        3145724 kB
Dirty:              1324 kB
Writeback:             0 kB
AnonPages:       1254888 kB
Mapped:           850812 kB
Shmem:             30368 kB
KReclaimable:     550356 kB
Slab:             222100 kB
SReclaimable:      76560 kB
SUnreclaim:       145540 kB
KernelStack:       46000 kB
PageTables:        62844 kB
NFS_Unstable:          0 kB
Bounce:                0 kB
WritebackTmp:          0 kB
CommitLimit:     9202292 kB
Committed_AS:   66004540 kB
VmallocTotal:   263061440 kB
VmallocUsed:      103104 kB
VmallocChunk:          0 kB
Percpu:             7648 kB
CmaTotal:         294912 kB
CmaFree:               0 kB
MemTotal:       12113136 kB
MemFree:         6458860 kB
MemAvailable:    7936884 kB
Buffers:            5972 kB
Cached:          1825284 kB
SwapCached:            0 kB
Active:          1576356 kB
Inactive:        1505060 kB
Active(anon):    1257016 kB
Inactive(anon):    28028 kB
Active(file):     319340 kB
Inactive(file):  1477032 kB
Unevictable:        5564 kB
Mlocked:            5564 kB
SwapTotal:       3145724 kB
SwapFree:        3145724 kB
Dirty:              1344 kB
Writeback:             0 kB
AnonPages:       1255788 kB
Mapped:           850056 kB
Shmem:             30372 kB
KReclaimable:     550356 kB
Slab:             222100 kB
SReclaimable:      76560 kB
SUnreclaim:       145540 kB
KernelStack:       45952 kB
PageTables:        62532 kB
NFS_Unstable:          0 kB
Bounce:                0 kB
WritebackTmp:          0 kB
CommitLimit:     9202292 kB
Committed_AS:   66005636 kB
VmallocTotal:   263061440 kB
VmallocUsed:      103120 kB
VmallocChunk:          0 kB
Percpu:             7648 kB
CmaTotal:         294912 kB
CmaFree:               0 kB
MemTotal:       12113136 kB
MemFree:         6457892 kB
MemAvailable:    7935932 kB
Buffers:            5972 kB
Cached:          1825304 kB
SwapCached:            0 kB
Active:          1578916 kB
Inactive:        1505080 kB
Active(anon):    1259576 kB
Inactive(anon):    28032 kB
Active(file):     319340 kB
Inactive(file):  1477048 kB
Unevictable:        5564 kB
Mlocked:            5564 kB
SwapTotal:       3145724 kB
SwapFree:        3145724 kB
Dirty:              1416 kB
Writeback:             0 kB
AnonPages:       1258168 kB
Mapped:           850060 kB
Shmem:             30376 kB
KReclaimable:     550356 kB
Slab:             222100 kB
SReclaimable:      76560 kB
SUnreclaim:       145540 kB
KernelStack:       46000 kB
PageTables:        62572 kB
NFS_Unstable:          0 kB
Bounce:                0 kB
WritebackTmp:          0 kB
CommitLimit:     9202292 kB
Committed_AS:   66002292 kB
VmallocTotal:   263061440 kB
VmallocUsed:      103072 kB
VmallocChunk:          0 kB
Percpu:             7648 kB
CmaTotal:         294912 kB
CmaFree:               0 kB
MemTotal:       12113136 kB
MemFree:         6454540 kB
MemAvailable:    7932620 kB
Buffers:            5980 kB
Cached:          1825340 kB
SwapCached:            0 kB
Active:          1581412 kB
Inactive:        1505116 kB
Active(anon):    1262064 kB
Inactive(anon):    28036 kB
Active(file):     319348 kB
Inactive(file):  1477080 kB
Unevictable:        5564 kB
Mlocked:            5564 kB
SwapTotal:       3145724 kB
SwapFree:        3145724 kB
Dirty:              1488 kB
Writeback:             0 kB
AnonPages:       1260780 kB
Mapped:           850076 kB
Shmem:             30380 kB
KReclaimable:     550356 kB
Slab:             222124 kB
SReclaimable:      76560 kB
SUnreclaim:       145564 kB
KernelStack:       45984 kB
PageTables:        62472 kB
NFS_Unstable:          0 kB
Bounce:                0 kB
WritebackTmp:          0 kB
CommitLimit:     9202292 kB
Committed_AS:   66003948 kB
VmallocTotal:   263061440 kB
VmallocUsed:      103120 kB
VmallocChunk:          0 kB
Percpu:             7648 kB
CmaTotal:         294912 kB
CmaFree:               0 kB
MemTotal:       12113136 kB
MemFree:         6455996 kB
MemAvailable:    7934084 kB
Buffers:            5980 kB
Cached:          1825348 kB
SwapCached:            0 kB
Active:          1580704 kB
Inactive:        1505124 kB
Active(anon):    1261356 kB
Inactive(anon):    28036 kB
Active(file):     319348 kB
Inactive(file):  1477088 kB
Unevictable:        5564 kB
Mlocked:            5564 kB
SwapTotal:       3145724 kB
SwapFree:        3145724 kB
Dirty:               392 kB
Writeback:             0 kB
AnonPages:       1259952 kB
Mapped:           850092 kB
Shmem:             30380 kB
KReclaimable:     550356 kB
Slab:             222100 kB
SReclaimable:      76560 kB
SUnreclaim:       145540 kB
KernelStack:       46000 kB
PageTables:        62520 kB
NFS_Unstable:          0 kB
Bounce:                0 kB
WritebackTmp:          0 kB
CommitLimit:     9202292 kB
Committed_AS:   66004616 kB
VmallocTotal:   263061440 kB
VmallocUsed:      103088 kB
VmallocChunk:          0 kB
Percpu:             7648 kB
CmaTotal:         294912 kB
CmaFree:               0 kB
MemTotal:       12113136 kB
MemFree:         6454756 kB
MemAvailable:    7932856 kB
Buffers:            5980 kB
Cached:          1825360 kB
SwapCached:            0 kB
Active:          1582808 kB
Inactive:        1505124 kB
Active(anon):    1263448 kB
Inactive(anon):    28036 kB
Active(file):     319360 kB
Inactive(file):  1477088 kB
Unevictable:        5564 kB
Mlocked:            5564 kB
SwapTotal:       3145724 kB
SwapFree:        3145724 kB
Dirty:               488 kB
Writeback:             0 kB
AnonPages:       1262088 kB
Mapped:           849328 kB
Shmem:             30380 kB
KReclaimable:     550356 kB
Slab:             222052 kB
SReclaimable:      76560 kB
SUnreclaim:       145492 kB
KernelStack:       45984 kB
PageTables:        62612 kB
NFS_Unstable:          0 kB
Bounce:                0 kB
WritebackTmp:          0 kB
CommitLimit:     9202292 kB
Committed_AS:   65999700 kB
VmallocTotal:   263061440 kB
VmallocUsed:      103088 kB
VmallocChunk:          0 kB
Percpu:             7648 kB
CmaTotal:         294912 kB
CmaFree:               0 kB
MemTotal:       12113136 kB
MemFree:         6453472 kB
MemAvailable:    7931584 kB
Buffers:            5980 kB
Cached:          1825372 kB
SwapCached:            0 kB
Active:          1585652 kB
Inactive:        1505136 kB
Active(anon):    1266292 kB
Inactive(anon):    28036 kB
Active(file):     319360 kB
Inactive(file):  1477100 kB
Unevictable:        5564 kB
Mlocked:            5564 kB
SwapTotal:       3145724 kB
SwapFree:        3145724 kB
Dirty:               568 kB
Writeback:             0 kB
AnonPages:       1265068 kB
Mapped:           849324 kB
Shmem:             30380 kB
KReclaimable:     550356 kB
Slab:             222052 kB
SReclaimable:      76560 kB
SUnreclaim:       145492 kB
KernelStack:       46048 kB
PageTables:        62564 kB
NFS_Unstable:          0 kB
Bounce:                0 kB
WritebackTmp:          0 kB
CommitLimit:     9202292 kB
Committed_AS:   66001504 kB
VmallocTotal:   263061440 kB
VmallocUsed:      103152 kB
VmallocChunk:          0 kB
Percpu:             7648 kB
CmaTotal:         294912 kB
CmaFree:               0 kB
MemTotal:       12113136 kB
MemFree:         6454808 kB
MemAvailable:    7932936 kB
Buffers:            5980 kB
Cached:          1825392 kB
SwapCached:            0 kB
Active:          1582936 kB
Inactive:        1505156 kB
Active(anon):    1263576 kB
Inactive(anon):    28040 kB
Active(file):     319360 kB
Inactive(file):  1477116 kB
Unevictable:        5564 kB
Mlocked:            5564 kB
SwapTotal:       3145724 kB
SwapFree:        3145724 kB
Dirty:               620 kB
Writeback:             0 kB
AnonPages:       1262328 kB
Mapped:           849328 kB
Shmem:             30384 kB
KReclaimable:     550356 kB
Slab:             222084 kB
SReclaimable:      76560 kB
SUnreclaim:       145524 kB
KernelStack:       46000 kB
PageTables:        62496 kB
NFS_Unstable:          0 kB
Bounce:                0 kB
WritebackTmp:          0 kB
CommitLimit:     9202292 kB
Committed_AS:   66012500 kB
VmallocTotal:   263061440 kB
VmallocUsed:      103200 kB
VmallocChunk:          0 kB
Percpu:             7648 kB
CmaTotal:         294912 kB
CmaFree:               0 kB
MemTotal:       12113136 kB
MemFree:         6453548 kB
MemAvailable:    7931688 kB
Buffers:            5980 kB
Cached:          1825404 kB
SwapCached:            0 kB
Active:          1585044 kB
Inactive:        1505172 kB
Active(anon):    1265688 kB
Inactive(anon):    28040 kB
Active(file):     319356 kB
Inactive(file):  1477132 kB
Unevictable:        5564 kB
Mlocked:            5564 kB
SwapTotal:       3145724 kB
SwapFree:        3145724 kB
Dirty:               692 kB
Writeback:             0 kB
AnonPages:       1264532 kB
Mapped:           849216 kB
Shmem:             30384 kB
KReclaimable:     550356 kB
Slab:             222068 kB
SReclaimable:      76560 kB
SUnreclaim:       145508 kB
KernelStack:       46064 kB
PageTables:        62668 kB
NFS_Unstable:          0 kB
Bounce:                0 kB
WritebackTmp:          0 kB
CommitLimit:     9202292 kB
Committed_AS:   65996412 kB
VmallocTotal:   263061440 kB
VmallocUsed:      103184 kB
VmallocChunk:          0 kB
Percpu:             7648 kB
CmaTotal:         294912 kB
CmaFree:               0 kB
MemTotal:       12113136 kB
MemFree:         6454900 kB
MemAvailable:    7933060 kB
Buffers:            5980 kB
Cached:          1825424 kB
SwapCached:            0 kB
Active:          1583732 kB
Inactive:        1505188 kB
Active(anon):    1264372 kB
Inactive(anon):    28040 kB
Active(file):     319360 kB
Inactive(file):  1477148 kB
Unevictable:        5564 kB
Mlocked:            5564 kB
SwapTotal:       3145724 kB
SwapFree:        3145724 kB
Dirty:               780 kB
Writeback:             0 kB
AnonPages:       1263108 kB
Mapped:           849348 kB
Shmem:             30384 kB
KReclaimable:     550356 kB
Slab:             222068 kB
SReclaimable:      76560 kB
SUnreclaim:       145508 kB
KernelStack:       46048 kB
PageTables:        62604 kB
NFS_Unstable:          0 kB
Bounce:                0 kB
WritebackTmp:          0 kB
CommitLimit:     9202292 kB
Committed_AS:   66000068 kB
VmallocTotal:   263061440 kB
VmallocUsed:      103136 kB
VmallocChunk:          0 kB
Percpu:             7648 kB
CmaTotal:         294912 kB
CmaFree:               0 kB
MemTotal:       12113136 kB
MemFree:         6453140 kB
MemAvailable:    7931308 kB
Buffers:            5980 kB
Cached:          1825456 kB
SwapCached:            0 kB
Active:          1587044 kB
Inactive:        1505220 kB
Active(anon):    1267684 kB
Inactive(anon):    28064 kB
Active(file):     319360 kB
Inactive(file):  1477156 kB
Unevictable:        5564 kB
Mlocked:            5564 kB
SwapTotal:       3145724 kB
SwapFree:        3145724 kB
Dirty:               872 kB
Writeback:             0 kB
AnonPages:       1266112 kB
Mapped:           849384 kB
Shmem:             30408 kB
KReclaimable:     550356 kB
Slab:             222076 kB
SReclaimable:      76560 kB
SUnreclaim:       145516 kB
KernelStack:       46016 kB
PageTables:        62416 kB
NFS_Unstable:          0 kB
Bounce:                0 kB
WritebackTmp:          0 kB
CommitLimit:     9202292 kB
Committed_AS:   66005264 kB
VmallocTotal:   263061440 kB
VmallocUsed:      103152 kB
VmallocChunk:          0 kB
Percpu:             7648 kB
CmaTotal:         294912 kB
CmaFree:               0 kB
MemTotal:       12113136 kB
MemFree:         6448188 kB
MemAvailable:    7926368 kB
Buffers:            5980 kB
Cached:          1825488 kB
SwapCached:            0 kB
Active:          1592960 kB
Inactive:        1505252 kB
Active(anon):    1273600 kB
Inactive(anon):    28084 kB
Active(file):     319360 kB
Inactive(file):  1477168 kB
Unevictable:        5564 kB
Mlocked:            5564 kB
SwapTotal:       3145724 kB
SwapFree:        3145724 kB
Dirty:               864 kB
Writeback:             0 kB
AnonPages:       1272180 kB
Mapped:           849412 kB
Shmem:             30428 kB
KReclaimable:     550356 kB
Slab:             222084 kB
SReclaimable:      76560 kB
SUnreclaim:       145524 kB
KernelStack:       46272 kB
PageTables:        62572 kB
NFS_Unstable:          0 kB
Bounce:                0 kB
WritebackTmp:          0 kB
CommitLimit:     9202292 kB
Committed_AS:   66003016 kB
VmallocTotal:   263061440 kB
VmallocUsed:      103248 kB
VmallocChunk:          0 kB
Percpu:             7648 kB
CmaTotal:         294912 kB
CmaFree:               0 kB
MemTotal:       12113136 kB
MemFree:         6444224 kB
MemAvailable:    7922516 kB
Buffers:            5984 kB
Cached:          1825628 kB
SwapCached:            0 kB
Active:          1594068 kB
Inactive:        1505392 kB
Active(anon):    1274704 kB
Inactive(anon):    28116 kB
Active(file):     319364 kB
Inactive(file):  1477276 kB
Unevictable:        5564 kB
Mlocked:            5564 kB
SwapTotal:       3145724 kB
SwapFree:        3145724 kB
Dirty:               908 kB
Writeback:             0 kB
AnonPages:       1273524 kB
Mapped:           849452 kB
Shmem:             30460 kB
KReclaimable:     550356 kB
Slab:             222076 kB
SReclaimable:      76560 kB
SUnreclaim:       145516 kB
KernelStack:       46400 kB
PageTables:        62664 kB
NFS_Unstable:          0 kB
Bounce:                0 kB
WritebackTmp:          0 kB
CommitLimit:     9202292 kB
Committed_AS:   66019360 kB
VmallocTotal:   263061440 kB
VmallocUsed:      103440 kB
VmallocChunk:          0 kB
Percpu:             7648 kB
CmaTotal:         294912 kB
CmaFree:               0 kB
MemTotal:       12113136 kB
MemFree:         6442088 kB
MemAvailable:    7920396 kB
Buffers:            5984 kB
Cached:          1825660 kB
SwapCached:            0 kB
Active:          1595136 kB
Inactive:        1505420 kB
Active(anon):    1275768 kB
Inactive(anon):    28132 kB
Active(file):     319368 kB
Inactive(file):  1477288 kB
Unevictable:        5564 kB
Mlocked:            5564 kB
SwapTotal:       3145724 kB
SwapFree:        3145724 kB
Dirty:               980 kB
Writeback:             0 kB
AnonPages:       1274436 kB
Mapped:           849472 kB
Shmem:             30476 kB
KReclaimable:     550356 kB
Slab:             222076 kB
SReclaimable:      76560 kB
SUnreclaim:       145516 kB
KernelStack:       46368 kB
PageTables:        62668 kB
NFS_Unstable:          0 kB
Bounce:                0 kB
WritebackTmp:          0 kB
CommitLimit:     9202292 kB
Committed_AS:   66004196 kB
VmallocTotal:   263061440 kB
VmallocUsed:      103488 kB
VmallocChunk:          0 kB
Percpu:             7648 kB
CmaTotal:         294912 kB
CmaFree:               0 kB
MemTotal:       12113136 kB
MemFree:         6444100 kB
MemAvailable:    7922424 kB
Buffers:            5984 kB
Cached:          1825676 kB
SwapCached:            0 kB
Active:          1592404 kB
Inactive:        1505436 kB
Active(anon):    1273036 kB
Inactive(anon):    28132 kB
Active(file):     319368 kB
Inactive(file):  1477304 kB
Unevictable:        5564 kB
Mlocked:            5564 kB
SwapTotal:       3145724 kB
SwapFree:        3145724 kB
Dirty:              1008 kB
Writeback:             0 kB
AnonPages:       1271904 kB
Mapped:           849472 kB
Shmem:             30476 kB
KReclaimable:     550356 kB
Slab:             222076 kB
SReclaimable:      76560 kB
SUnreclaim:       145516 kB
KernelStack:       46352 kB
PageTables:        62624 kB
NFS_Unstable:          0 kB
Bounce:                0 kB
WritebackTmp:          0 kB
CommitLimit:     9202292 kB
Committed_AS:   66012528 kB
VmallocTotal:   263061440 kB
VmallocUsed:      103504 kB
VmallocChunk:          0 kB
Percpu:             7648 kB
CmaTotal:         294912 kB
CmaFree:               0 kB
MemTotal:       12113136 kB
MemFree:         6442856 kB
MemAvailable:    7921192 kB
Buffers:            5984 kB
Cached:          1825688 kB
SwapCached:            0 kB
Active:          1593988 kB
Inactive:        1505448 kB
Active(anon):    1274620 kB
Inactive(anon):    28132 kB
Active(file):     319368 kB
Inactive(file):  1477316 kB
Unevictable:        5564 kB
Mlocked:            5564 kB
SwapTotal:       3145724 kB
SwapFree:        3145724 kB
Dirty:              1032 kB
Writeback:             0 kB
AnonPages:       1273168 kB
Mapped:           849504 kB
Shmem:             30476 kB
KReclaimable:     550356 kB
Slab:             222084 kB
SReclaimable:      76560 kB
SUnreclaim:       145524 kB
KernelStack:       46416 kB
PageTables:        62612 kB
NFS_Unstable:          0 kB
Bounce:                0 kB
WritebackTmp:          0 kB
CommitLimit:     9202292 kB
Committed_AS:   65998308 kB
VmallocTotal:   263061440 kB
VmallocUsed:      103440 kB
VmallocChunk:          0 kB
Percpu:             7648 kB
CmaTotal:         294912 kB
CmaFree:               0 kB
MemTotal:       12113136 kB
MemFree:         6442944 kB
MemAvailable:    7921292 kB
Buffers:            5984 kB
Cached:          1825704 kB
SwapCached:            0 kB
Active:          1591748 kB
Inactive:        1505464 kB
Active(anon):    1272380 kB
Inactive(anon):    28136 kB
Active(file):     319368 kB
Inactive(file):  1477328 kB
Unevictable:        5564 kB
Mlocked:            5564 kB
SwapTotal:       3145724 kB
SwapFree:        3145724 kB
Dirty:              1056 kB
Writeback:             0 kB
AnonPages:       1271296 kB
Mapped:           849564 kB
Shmem:             30480 kB
KReclaimable:     550356 kB
Slab:             222076 kB
SReclaimable:      76560 kB
SUnreclaim:       145516 kB
KernelStack:       46384 kB
PageTables:        62500 kB
NFS_Unstable:          0 kB
Bounce:                0 kB
WritebackTmp:          0 kB
CommitLimit:     9202292 kB
Committed_AS:   66009240 kB
VmallocTotal:   263061440 kB
VmallocUsed:      103456 kB
VmallocChunk:          0 kB
Percpu:             7648 kB
CmaTotal:         294912 kB
CmaFree:               0 kB
MemTotal:       12113136 kB
MemFree:         6441476 kB
MemAvailable:    7919844 kB
Buffers:            5984 kB
Cached:          1825728 kB
SwapCached:            0 kB
Active:          1592240 kB
Inactive:        1505488 kB
Active(anon):    1272872 kB
Inactive(anon):    28140 kB
Active(file):     319368 kB
Inactive(file):  1477348 kB
Unevictable:        5564 kB
Mlocked:            5564 kB
SwapTotal:       3145724 kB
SwapFree:        3145724 kB
Dirty:              1152 kB
Writeback:             0 kB
AnonPages:       1271652 kB
Mapped:           849640 kB
Shmem:             30484 kB
KReclaimable:     550356 kB
Slab:             222068 kB
SReclaimable:      76560 kB
SUnreclaim:       145508 kB
KernelStack:       46400 kB
PageTables:        62624 kB
NFS_Unstable:          0 kB
Bounce:                0 kB
WritebackTmp:          0 kB
CommitLimit:     9202292 kB
Committed_AS:   66001516 kB
VmallocTotal:   263061440 kB
VmallocUsed:      103488 kB
VmallocChunk:          0 kB
Percpu:             7648 kB
CmaTotal:         294912 kB
CmaFree:               0 kB
MemTotal:       12113136 kB
MemFree:         6442616 kB
MemAvailable:    7920992 kB
Buffers:            5984 kB
Cached:          1825736 kB
SwapCached:            0 kB
Active:          1593152 kB
Inactive:        1505496 kB
Active(anon):    1273784 kB
Inactive(anon):    28140 kB
Active(file):     319368 kB
Inactive(file):  1477356 kB
Unevictable:        5564 kB
Mlocked:            5564 kB
SwapTotal:       3145724 kB
SwapFree:        3145724 kB
Dirty:              1096 kB
Writeback:             0 kB
AnonPages:       1272528 kB
Mapped:           849692 kB
Shmem:             30484 kB
KReclaimable:     550356 kB
Slab:             222076 kB
SReclaimable:      76560 kB
SUnreclaim:       145516 kB
KernelStack:       46352 kB
PageTables:        62532 kB
NFS_Unstable:          0 kB
Bounce:                0 kB
WritebackTmp:          0 kB
CommitLimit:     9202292 kB
Committed_AS:   66008392 kB
VmallocTotal:   263061440 kB
VmallocUsed:      103504 kB
VmallocChunk:          0 kB
Percpu:             7648 kB
CmaTotal:         294912 kB
CmaFree:               0 kB
MemTotal:       12113136 kB
MemFree:         6440020 kB
MemAvailable:    7918408 kB
Buffers:            5984 kB
Cached:          1825748 kB
SwapCached:            0 kB
Active:          1594360 kB
Inactive:        1505504 kB
Active(anon):    1274988 kB
Inactive(anon):    28140 kB
Active(file):     319372 kB
Inactive(file):  1477364 kB
Unevictable:        5564 kB
Mlocked:            5564 kB
SwapTotal:       3145724 kB
SwapFree:        3145724 kB
Dirty:              1128 kB
Writeback:             0 kB
AnonPages:       1273788 kB
Mapped:           849724 kB
Shmem:             30484 kB
KReclaimable:     550356 kB
Slab:             222076 kB
SReclaimable:      76560 kB
SUnreclaim:       145516 kB
KernelStack:       46352 kB
PageTables:        62668 kB
NFS_Unstable:          0 kB
Bounce:                0 kB
WritebackTmp:          0 kB
CommitLimit:     9202292 kB
Committed_AS:   66004960 kB
VmallocTotal:   263061440 kB
VmallocUsed:      103472 kB
VmallocChunk:          0 kB
Percpu:             7648 kB
CmaTotal:         294912 kB
CmaFree:               0 kB
MemTotal:       12113136 kB
MemFree:         6443212 kB
MemAvailable:    7921620 kB
Buffers:            5992 kB
Cached:          1825760 kB
SwapCached:            0 kB
Active:          1591716 kB
Inactive:        1505524 kB
Active(anon):    1272344 kB
Inactive(anon):    28140 kB
Active(file):     319372 kB
Inactive(file):  1477384 kB
Unevictable:        5564 kB
Mlocked:            5564 kB
SwapTotal:       3145724 kB
SwapFree:        3145724 kB
Dirty:              1116 kB
Writeback:             0 kB
AnonPages:       1271356 kB
Mapped:           849752 kB
Shmem:             30484 kB
KReclaimable:     550356 kB
Slab:             222076 kB
SReclaimable:      76560 kB
SUnreclaim:       145516 kB
KernelStack:       46384 kB
PageTables:        62772 kB
NFS_Unstable:          0 kB
Bounce:                0 kB
WritebackTmp:          0 kB
CommitLimit:     9202292 kB
Committed_AS:   66009692 kB
VmallocTotal:   263061440 kB
VmallocUsed:      103456 kB
VmallocChunk:          0 kB
Percpu:             7648 kB
CmaTotal:         294912 kB
CmaFree:              20 kB
MemTotal:       12113136 kB
MemFree:         6444500 kB
MemAvailable:    7922932 kB
Buffers:            5992 kB
Cached:          1825784 kB
SwapCached:            0 kB
Active:          1590240 kB
Inactive:        1505540 kB
Active(anon):    1270860 kB
Inactive(anon):    28140 kB
Active(file):     319380 kB
Inactive(file):  1477400 kB
Unevictable:        5564 kB
Mlocked:            5564 kB
SwapTotal:       3145724 kB
SwapFree:        3145724 kB
Dirty:              1136 kB
Writeback:             0 kB
AnonPages:       1269420 kB
Mapped:           849820 kB
Shmem:             30484 kB
KReclaimable:     550356 kB
Slab:             222076 kB
SReclaimable:      76560 kB
SUnreclaim:       145516 kB
KernelStack:       46368 kB
PageTables:        62668 kB
NFS_Unstable:          0 kB
Bounce:                0 kB
WritebackTmp:          0 kB
CommitLimit:     9202292 kB
Committed_AS:   66003976 kB
VmallocTotal:   263061440 kB
VmallocUsed:      103488 kB
VmallocChunk:          0 kB
Percpu:             7648 kB
CmaTotal:         294912 kB
CmaFree:               0 kB
MemTotal:       12113136 kB
MemFree:         6443996 kB
MemAvailable:    7922448 kB
Buffers:            5992 kB
Cached:          1825804 kB
SwapCached:            0 kB
Active:          1591464 kB
Inactive:        1505560 kB
Active(anon):    1272084 kB
Inactive(anon):    28140 kB
Active(file):     319380 kB
Inactive(file):  1477420 kB
Unevictable:        5564 kB
Mlocked:            5564 kB
SwapTotal:       3145724 kB
SwapFree:        3145724 kB
Dirty:              1184 kB
Writeback:             0 kB
AnonPages:       1270624 kB
Mapped:           849848 kB
Shmem:             30484 kB
KReclaimable:     550356 kB
Slab:             222068 kB
SReclaimable:      76560 kB
SUnreclaim:       145508 kB
KernelStack:       46304 kB
PageTables:        62528 kB
NFS_Unstable:          0 kB
Bounce:                0 kB
WritebackTmp:          0 kB
CommitLimit:     9202292 kB
Committed_AS:   66013984 kB
VmallocTotal:   263061440 kB
VmallocUsed:      103440 kB
VmallocChunk:          0 kB
Percpu:             7648 kB
CmaTotal:         294912 kB
CmaFree:               0 kB
MemTotal:       12113136 kB
MemFree:         6444116 kB
MemAvailable:    7922580 kB
Buffers:            5992 kB
Cached:          1825816 kB
SwapCached:            0 kB
Active:          1593452 kB
Inactive:        1505572 kB
Active(anon):    1274072 kB
Inactive(anon):    28140 kB
Active(file):     319380 kB
Inactive(file):  1477432 kB
Unevictable:        5564 kB
Mlocked:            5564 kB
SwapTotal:       3145724 kB
SwapFree:        3145724 kB
Dirty:              1228 kB
Writeback:             0 kB
AnonPages:       1272860 kB
Mapped:           849876 kB
Shmem:             30484 kB
KReclaimable:     550356 kB
Slab:             222068 kB
SReclaimable:      76560 kB
SUnreclaim:       145508 kB
KernelStack:       46352 kB
PageTables:        62636 kB
NFS_Unstable:          0 kB
Bounce:                0 kB
WritebackTmp:          0 kB
CommitLimit:     9202292 kB
Committed_AS:   66006648 kB
VmallocTotal:   263061440 kB
VmallocUsed:      103408 kB
VmallocChunk:          0 kB
Percpu:             7648 kB
CmaTotal:         294912 kB
CmaFree:               0 kB
MemTotal:       12113136 kB
MemFree:         6441788 kB
MemAvailable:    7920268 kB
Buffers:            5992 kB
Cached:          1825832 kB
SwapCached:            0 kB
Active:          1595912 kB
Inactive:        1505588 kB
Active(anon):    1276532 kB
Inactive(anon):    28140 kB
Active(file):     319380 kB
Inactive(file):  1477448 kB
Unevictable:        5564 kB
Mlocked:            5564 kB
SwapTotal:       3145724 kB
SwapFree:        3145724 kB
Dirty:              1288 kB
Writeback:             0 kB
AnonPages:       1275332 kB
Mapped:           849564 kB
Shmem:             30484 kB
KReclaimable:     550356 kB
Slab:             222060 kB
SReclaimable:      76560 kB
SUnreclaim:       145500 kB
KernelStack:       46368 kB
PageTables:        62656 kB
NFS_Unstable:          0 kB
Bounce:                0 kB
WritebackTmp:          0 kB
CommitLimit:     9202292 kB
Committed_AS:   66002860 kB
VmallocTotal:   263061440 kB
VmallocUsed:      103424 kB
VmallocChunk:          0 kB
Percpu:             7648 kB
CmaTotal:         294912 kB
CmaFree:               0 kB
MemTotal:       12113136 kB
MemFree:         6438020 kB
MemAvailable:    7916516 kB
Buffers:            5992 kB
Cached:          1825848 kB
SwapCached:            0 kB
Active:          1599544 kB
Inactive:        1505604 kB
Active(anon):    1280164 kB
Inactive(anon):    28140 kB
Active(file):     319380 kB
Inactive(file):  1477464 kB
Unevictable:        5564 kB
Mlocked:            5564 kB
SwapTotal:       3145724 kB
SwapFree:        3145724 kB
Dirty:               456 kB
Writeback:             0 kB
AnonPages:       1278876 kB
Mapped:           849736 kB
Shmem:             30484 kB
KReclaimable:     550356 kB
Slab:             222104 kB
SReclaimable:      76560 kB
SUnreclaim:       145544 kB
KernelStack:       46352 kB
PageTables:        62636 kB
NFS_Unstable:          0 kB
Bounce:                0 kB
WritebackTmp:          0 kB
CommitLimit:     9202292 kB
Committed_AS:   65997508 kB
VmallocTotal:   263061440 kB
VmallocUsed:      103472 kB
VmallocChunk:          0 kB
Percpu:             7648 kB
CmaTotal:         294912 kB
CmaFree:               0 kB
MemTotal:       12113136 kB
MemFree:         6441056 kB
MemAvailable:    7919572 kB
Buffers:            5992 kB
Cached:          1825868 kB
SwapCached:            0 kB
Active:          1596912 kB
Inactive:        1505624 kB
Active(anon):    1277532 kB
Inactive(anon):    28140 kB
Active(file):     319380 kB
Inactive(file):  1477484 kB
Unevictable:        5564 kB
Mlocked:            5564 kB
SwapTotal:       3145724 kB
SwapFree:        3145724 kB
Dirty:               572 kB
Writeback:             0 kB
AnonPages:       1276328 kB
Mapped:           849800 kB
Shmem:             30484 kB
KReclaimable:     550356 kB
Slab:             222096 kB
SReclaimable:      76560 kB
SUnreclaim:       145536 kB
KernelStack:       46320 kB
PageTables:        62536 kB
NFS_Unstable:          0 kB
Bounce:                0 kB
WritebackTmp:          0 kB
CommitLimit:     9202292 kB
Committed_AS:   65994084 kB
VmallocTotal:   263061440 kB
VmallocUsed:      103440 kB
VmallocChunk:          0 kB
Percpu:             7648 kB
CmaTotal:         294912 kB
CmaFree:               0 kB
MemTotal:       12113136 kB
MemFree:         6443688 kB
MemAvailable:    7922216 kB
Buffers:            5992 kB
Cached:          1825888 kB
SwapCached:            0 kB
Active:          1594532 kB
Inactive:        1505644 kB
Active(anon):    1275152 kB
Inactive(anon):    28148 kB
Active(file):     319380 kB
Inactive(file):  1477496 kB
Unevictable:        5564 kB
Mlocked:            5564 kB
SwapTotal:       3145724 kB
SwapFree:        3145724 kB
Dirty:               620 kB
Writeback:             0 kB
AnonPages:       1273972 kB
Mapped:           849868 kB
Shmem:             30492 kB
KReclaimable:     550356 kB
Slab:             222104 kB
SReclaimable:      76560 kB
SUnreclaim:       145544 kB
KernelStack:       46336 kB
PageTables:        62872 kB
NFS_Unstable:          0 kB
Bounce:                0 kB
WritebackTmp:          0 kB
CommitLimit:     9202292 kB
Committed_AS:   66002108 kB
VmallocTotal:   263061440 kB
VmallocUsed:      103472 kB
VmallocChunk:          0 kB
Percpu:             7648 kB
CmaTotal:         294912 kB
CmaFree:               0 kB
MemTotal:       12113136 kB
MemFree:         6455748 kB
MemAvailable:    7934288 kB
Buffers:            5992 kB
Cached:          1825900 kB
SwapCached:            0 kB
Active:          1583472 kB
Inactive:        1505656 kB
Active(anon):    1264092 kB
Inactive(anon):    28148 kB
Active(file):     319380 kB
Inactive(file):  1477508 kB
Unevictable:        5564 kB
Mlocked:            5564 kB
SwapTotal:       3145724 kB
SwapFree:        3145724 kB
Dirty:               684 kB
Writeback:             0 kB
AnonPages:       1262800 kB
Mapped:           849948 kB
Shmem:             30492 kB
KReclaimable:     550356 kB
Slab:             222096 kB
SReclaimable:      76560 kB
SUnreclaim:       145536 kB
KernelStack:       46352 kB
PageTables:        62612 kB
NFS_Unstable:          0 kB
Bounce:                0 kB
WritebackTmp:          0 kB
CommitLimit:     9202292 kB
Committed_AS:   66000860 kB
VmallocTotal:   263061440 kB
VmallocUsed:      103456 kB
VmallocChunk:          0 kB
Percpu:             7648 kB
CmaTotal:         294912 kB
CmaFree:               0 kB
MemTotal:       12113136 kB
MemFree:         6453028 kB
MemAvailable:    7931600 kB
Buffers:            5996 kB
Cached:          1825932 kB
SwapCached:            0 kB
Active:          1585568 kB
Inactive:        1505688 kB
Active(anon):    1266184 kB
Inactive(anon):    28152 kB
Active(file):     319384 kB
Inactive(file):  1477536 kB
Unevictable:        5564 kB
Mlocked:            5564 kB
SwapTotal:       3145724 kB
SwapFree:        3145724 kB
Dirty:               744 kB
Writeback:             0 kB
AnonPages:       1264916 kB
Mapped:           850016 kB
Shmem:             30496 kB
KReclaimable:     550356 kB
Slab:             222104 kB
SReclaimable:      76560 kB
SUnreclaim:       145544 kB
KernelStack:       46352 kB
PageTables:        62652 kB
NFS_Unstable:          0 kB
Bounce:                0 kB
WritebackTmp:          0 kB
CommitLimit:     9202292 kB
Committed_AS:   66012352 kB
VmallocTotal:   263061440 kB
VmallocUsed:      103440 kB
VmallocChunk:          0 kB
Percpu:             7648 kB
CmaTotal:         294912 kB
CmaFree:               0 kB
MemTotal:       12113136 kB
MemFree:         6450768 kB
MemAvailable:    7929152 kB
Buffers:            5996 kB
Cached:          1825968 kB
SwapCached:            0 kB
Active:          1588112 kB
Inactive:        1505724 kB
Active(anon):    1268728 kB
Inactive(anon):    28172 kB
Active(file):     319384 kB
Inactive(file):  1477552 kB
Unevictable:        5564 kB
Mlocked:            5564 kB
SwapTotal:       3145724 kB
SwapFree:        3145724 kB
Dirty:               384 kB
Writeback:             0 kB
AnonPages:       1267256 kB
Mapped:           850084 kB
Shmem:             30516 kB
KReclaimable:     550152 kB
Slab:             222104 kB
SReclaimable:      76560 kB
SUnreclaim:       145544 kB
KernelStack:       46336 kB
PageTables:        62628 kB
NFS_Unstable:          0 kB
Bounce:                0 kB
WritebackTmp:          0 kB
CommitLimit:     9202292 kB
Committed_AS:   66011964 kB
VmallocTotal:   263061440 kB
VmallocUsed:      103456 kB
VmallocChunk:          0 kB
Percpu:             7648 kB
CmaTotal:         294912 kB
CmaFree:               0 kB
MemTotal:       12113136 kB
MemFree:         6446444 kB
MemAvailable:    7924840 kB
Buffers:            5996 kB
Cached:          1825980 kB
SwapCached:            0 kB
Active:          1589584 kB
Inactive:        1505736 kB
Active(anon):    1270200 kB
Inactive(anon):    28172 kB
Active(file):     319384 kB
Inactive(file):  1477564 kB
Unevictable:        5564 kB
Mlocked:            5564 kB
SwapTotal:       3145724 kB
SwapFree:        3145724 kB
Dirty:               472 kB
Writeback:             0 kB
AnonPages:       1268948 kB
Mapped:           850388 kB
Shmem:             30516 kB
KReclaimable:     550152 kB
Slab:             222112 kB
SReclaimable:      76560 kB
SUnreclaim:       145552 kB
KernelStack:       46416 kB
PageTables:        62776 kB
NFS_Unstable:          0 kB
Bounce:                0 kB
WritebackTmp:          0 kB
CommitLimit:     9202292 kB
Committed_AS:   66011864 kB
VmallocTotal:   263061440 kB
VmallocUsed:      103504 kB
VmallocChunk:          0 kB
Percpu:             7648 kB
CmaTotal:         294912 kB
CmaFree:               0 kB
MemTotal:       12113136 kB
MemFree:         6449784 kB
MemAvailable:    7928188 kB
Buffers:            5996 kB
Cached:          1826000 kB
SwapCached:            0 kB
Active:          1584316 kB
Inactive:        1505756 kB
Active(anon):    1264932 kB
Inactive(anon):    28184 kB
Active(file):     319384 kB
Inactive(file):  1477572 kB
Unevictable:        5564 kB
Mlocked:            5564 kB
SwapTotal:       3145724 kB
SwapFree:        3145724 kB
Dirty:               332 kB
Writeback:             0 kB
AnonPages:       1263636 kB
Mapped:           850152 kB
Shmem:             30528 kB
KReclaimable:     550152 kB
Slab:             222160 kB
SReclaimable:      76560 kB
SUnreclaim:       145600 kB
KernelStack:       46320 kB
PageTables:        62528 kB
NFS_Unstable:          0 kB
Bounce:                0 kB
WritebackTmp:          0 kB
CommitLimit:     9202292 kB
Committed_AS:   66011700 kB
VmallocTotal:   263061440 kB
VmallocUsed:      103488 kB
VmallocChunk:          0 kB
Percpu:             7648 kB
CmaTotal:         294912 kB
CmaFree:               0 kB
MemTotal:       12113136 kB
MemFree:         6446092 kB
MemAvailable:    7924512 kB
Buffers:            5996 kB
Cached:          1826016 kB
SwapCached:            0 kB
Active:          1586916 kB
Inactive:        1505772 kB
Active(anon):    1267532 kB
Inactive(anon):    28184 kB
Active(file):     319384 kB
Inactive(file):  1477588 kB
Unevictable:        5564 kB
Mlocked:            5564 kB
SwapTotal:       3145724 kB
SwapFree:        3145724 kB
Dirty:               412 kB
Writeback:             0 kB
AnonPages:       1266264 kB
Mapped:           850124 kB
Shmem:             30528 kB
KReclaimable:     550152 kB
Slab:             222160 kB
SReclaimable:      76560 kB
SUnreclaim:       145600 kB
KernelStack:       46368 kB
PageTables:        62628 kB
NFS_Unstable:          0 kB
Bounce:                0 kB
WritebackTmp:          0 kB
CommitLimit:     9202292 kB
Committed_AS:   66015800 kB
VmallocTotal:   263061440 kB
VmallocUsed:      103472 kB
VmallocChunk:          0 kB
Percpu:             7648 kB
CmaTotal:         294912 kB
CmaFree:               0 kB
MemTotal:       12113136 kB
MemFree:         6445832 kB
MemAvailable:    7924280 kB
Buffers:            5996 kB
Cached:          1826044 kB
SwapCached:            0 kB
Active:          1588372 kB
Inactive:        1505800 kB
Active(anon):    1268988 kB
Inactive(anon):    28184 kB
Active(file):     319384 kB
Inactive(file):  1477616 kB
Unevictable:        5564 kB
Mlocked:            5564 kB
SwapTotal:       3145724 kB
SwapFree:        3145724 kB
Dirty:               516 kB
Writeback:             0 kB
AnonPages:       1267548 kB
Mapped:           850156 kB
Shmem:             30528 kB
KReclaimable:     550152 kB
Slab:             222176 kB
SReclaimable:      76560 kB
SUnreclaim:       145616 kB
KernelStack:       46336 kB
PageTables:        62644 kB
NFS_Unstable:          0 kB
Bounce:                0 kB
WritebackTmp:          0 kB
CommitLimit:     9202292 kB
Committed_AS:   66014884 kB
VmallocTotal:   263061440 kB
VmallocUsed:      103504 kB
VmallocChunk:          0 kB
Percpu:             7648 kB
CmaTotal:         294912 kB
CmaFree:              16 kB
MemTotal:       12113136 kB
MemFree:         6445804 kB
MemAvailable:    7924260 kB
Buffers:            5996 kB
Cached:          1826052 kB
SwapCached:            0 kB
Active:          1589404 kB
Inactive:        1505812 kB
Active(anon):    1270024 kB
Inactive(anon):    28184 kB
Active(file):     319380 kB
Inactive(file):  1477628 kB
Unevictable:        5564 kB
Mlocked:            5564 kB
SwapTotal:       3145724 kB
SwapFree:        3145724 kB
Dirty:               400 kB
Writeback:             0 kB
AnonPages:       1268652 kB
Mapped:           850152 kB
Shmem:             30528 kB
KReclaimable:     550152 kB
Slab:             222112 kB
SReclaimable:      76560 kB
SUnreclaim:       145552 kB
KernelStack:       46336 kB
PageTables:        62556 kB
NFS_Unstable:          0 kB
Bounce:                0 kB
WritebackTmp:          0 kB
CommitLimit:     9202292 kB
Committed_AS:   66001092 kB
VmallocTotal:   263061440 kB
VmallocUsed:      103456 kB
VmallocChunk:          0 kB
Percpu:             7648 kB
CmaTotal:         294912 kB
CmaFree:               0 kB
MemTotal:       12113136 kB
MemFree:         6447488 kB
MemAvailable:    7925964 kB
Buffers:            5996 kB
Cached:          1826076 kB
SwapCached:            0 kB
Active:          1587428 kB
Inactive:        1505832 kB
Active(anon):    1268044 kB
Inactive(anon):    28188 kB
Active(file):     319384 kB
Inactive(file):  1477644 kB
Unevictable:        5564 kB
Mlocked:            5564 kB
SwapTotal:       3145724 kB
SwapFree:        3145724 kB
Dirty:               500 kB
Writeback:             0 kB
AnonPages:       1266856 kB
Mapped:           850168 kB
Shmem:             30532 kB
KReclaimable:     550152 kB
Slab:             222112 kB
SReclaimable:      76560 kB
SUnreclaim:       145552 kB
KernelStack:       46304 kB
PageTables:        62396 kB
NFS_Unstable:          0 kB
Bounce:                0 kB
WritebackTmp:          0 kB
CommitLimit:     9202292 kB
Committed_AS:   65988440 kB
VmallocTotal:   263061440 kB
VmallocUsed:      103392 kB
VmallocChunk:          0 kB
Percpu:             7648 kB
CmaTotal:         294912 kB
CmaFree:               0 kB
MemTotal:       12113136 kB
MemFree:         6448364 kB
MemAvailable:    7926884 kB
Buffers:            6004 kB
Cached:          1826108 kB
SwapCached:            0 kB
Active:          1587716 kB
Inactive:        1505864 kB
Active(anon):    1268324 kB
Inactive(anon):    28188 kB
Active(file):     319392 kB
Inactive(file):  1477676 kB
Unevictable:        5564 kB
Mlocked:            5564 kB
SwapTotal:       3145724 kB
SwapFree:        3145724 kB
Dirty:               340 kB
Writeback:             0 kB
AnonPages:       1266964 kB
Mapped:           850172 kB
Shmem:             30532 kB
KReclaimable:     550156 kB
Slab:             222108 kB
SReclaimable:      76564 kB
SUnreclaim:       145544 kB
KernelStack:       46320 kB
PageTables:        62532 kB
NFS_Unstable:          0 kB
Bounce:                0 kB
WritebackTmp:          0 kB
CommitLimit:     9202292 kB
Committed_AS:   66000272 kB
VmallocTotal:   263061440 kB
VmallocUsed:      103472 kB
VmallocChunk:          0 kB
Percpu:             7648 kB
CmaTotal:         294912 kB
CmaFree:             328 kB
MemTotal:       12113136 kB
MemFree:         6449596 kB
MemAvailable:    7928128 kB
Buffers:            6004 kB
Cached:          1826120 kB
SwapCached:            0 kB
Active:          1586464 kB
Inactive:        1505876 kB
Active(anon):    1267072 kB
Inactive(anon):    28188 kB
Active(file):     319392 kB
Inactive(file):  1477688 kB
Unevictable:        5564 kB
Mlocked:            5564 kB
SwapTotal:       3145724 kB
SwapFree:        3145724 kB
Dirty:               460 kB
Writeback:             0 kB
AnonPages:       1265496 kB
Mapped:           849388 kB
Shmem:             30532 kB
KReclaimable:     550156 kB
Slab:             222108 kB
SReclaimable:      76564 kB
SUnreclaim:       145544 kB
KernelStack:       46368 kB
PageTables:        62648 kB
NFS_Unstable:          0 kB
Bounce:                0 kB
WritebackTmp:          0 kB
CommitLimit:     9202292 kB
Committed_AS:   66006380 kB
VmallocTotal:   263061440 kB
VmallocUsed:      103520 kB
VmallocChunk:          0 kB
Percpu:             7648 kB
CmaTotal:         294912 kB
CmaFree:               0 kB
MemTotal:       12113136 kB
MemFree:         6447144 kB
MemAvailable:    7925680 kB
Buffers:            6004 kB
Cached:          1826124 kB
SwapCached:            0 kB
Active:          1589272 kB
Inactive:        1505880 kB
Active(anon):    1269880 kB
Inactive(anon):    28188 kB
Active(file):     319392 kB
Inactive(file):  1477692 kB
Unevictable:        5564 kB
Mlocked:            5564 kB
SwapTotal:       3145724 kB
SwapFree:        3145724 kB
Dirty:               508 kB
Writeback:             0 kB
AnonPages:       1268168 kB
Mapped:           849400 kB
Shmem:             30532 kB
KReclaimable:     550156 kB
Slab:             222092 kB
SReclaimable:      76564 kB
SUnreclaim:       145528 kB
KernelStack:       46368 kB
PageTables:        62804 kB
NFS_Unstable:          0 kB
Bounce:                0 kB
WritebackTmp:          0 kB
CommitLimit:     9202292 kB
Committed_AS:   66018016 kB
VmallocTotal:   263061440 kB
VmallocUsed:      103488 kB
VmallocChunk:          0 kB
Percpu:             7648 kB
CmaTotal:         294912 kB
CmaFree:               0 kB
MemTotal:       12113136 kB
MemFree:         6445188 kB
MemAvailable:    7923744 kB
Buffers:            6004 kB
Cached:          1826144 kB
SwapCached:            0 kB
Active:          1592452 kB
Inactive:        1505900 kB
Active(anon):    1273060 kB
Inactive(anon):    28188 kB
Active(file):     319392 kB
Inactive(file):  1477712 kB
Unevictable:        5564 kB
Mlocked:            5564 kB
SwapTotal:       3145724 kB
SwapFree:        3145724 kB
Dirty:               600 kB
Writeback:             0 kB
AnonPages:       1271832 kB
Mapped:           849424 kB
Shmem:             30532 kB
KReclaimable:     550156 kB
Slab:             222100 kB
SReclaimable:      76564 kB
SUnreclaim:       145536 kB
KernelStack:       46368 kB
PageTables:        62604 kB
NFS_Unstable:          0 kB
Bounce:                0 kB
WritebackTmp:          0 kB
CommitLimit:     9202292 kB
Committed_AS:   66009660 kB
VmallocTotal:   263061440 kB
VmallocUsed:      103456 kB
VmallocChunk:          0 kB
Percpu:             7648 kB
CmaTotal:         294912 kB
CmaFree:               0 kB
MemTotal:       12113136 kB
MemFree:         6446812 kB
MemAvailable:    7925376 kB
Buffers:            6004 kB
Cached:          1826156 kB
SwapCached:            0 kB
Active:          1592792 kB
Inactive:        1505912 kB
Active(anon):    1273400 kB
Inactive(anon):    28192 kB
Active(file):     319392 kB
Inactive(file):  1477720 kB
Unevictable:        5564 kB
Mlocked:            5564 kB
SwapTotal:       3145724 kB
SwapFree:        3145724 kB
Dirty:               864 kB
Writeback:             0 kB
AnonPages:       1272196 kB
Mapped:           849540 kB
Shmem:             30536 kB
KReclaimable:     550156 kB
Slab:             222108 kB
SReclaimable:      76564 kB
SUnreclaim:       145544 kB
KernelStack:       46368 kB
PageTables:        62640 kB
NFS_Unstable:          0 kB
Bounce:                0 kB
WritebackTmp:          0 kB
CommitLimit:     9202292 kB
Committed_AS:   66008732 kB
VmallocTotal:   263061440 kB
VmallocUsed:      103440 kB
VmallocChunk:          0 kB
Percpu:             7648 kB
CmaTotal:         294912 kB
CmaFree:               0 kB
MemTotal:       12113136 kB
MemFree:         6442332 kB
MemAvailable:    7920936 kB
Buffers:            6004 kB
Cached:          1826204 kB
SwapCached:            0 kB
Active:          1595644 kB
Inactive:        1505936 kB
Active(anon):    1276228 kB
Inactive(anon):    28200 kB
Active(file):     319416 kB
Inactive(file):  1477736 kB
Unevictable:        5564 kB
Mlocked:            5564 kB
SwapTotal:       3145724 kB
SwapFree:        3145724 kB
Dirty:              1184 kB
Writeback:             0 kB
AnonPages:       1274776 kB
Mapped:           849520 kB
Shmem:             30544 kB
KReclaimable:     550156 kB
Slab:             222116 kB
SReclaimable:      76564 kB
SUnreclaim:       145552 kB
KernelStack:       46320 kB
PageTables:        62776 kB
NFS_Unstable:          0 kB
Bounce:                0 kB
WritebackTmp:          0 kB
CommitLimit:     9202292 kB
Committed_AS:   66002964 kB
VmallocTotal:   263061440 kB
VmallocUsed:      103424 kB
VmallocChunk:          0 kB
Percpu:             7648 kB
CmaTotal:         294912 kB
CmaFree:               0 kB
MemTotal:       12113136 kB
MemFree:         6445224 kB
MemAvailable:    7923824 kB
Buffers:            6004 kB
Cached:          1826200 kB
SwapCached:            0 kB
Active:          1594264 kB
Inactive:        1505932 kB
Active(anon):    1274848 kB
Inactive(anon):    28200 kB
Active(file):     319416 kB
Inactive(file):  1477732 kB
Unevictable:        5564 kB
Mlocked:            5564 kB
SwapTotal:       3145724 kB
SwapFree:        3145724 kB
Dirty:              1232 kB
Writeback:             0 kB
AnonPages:       1273532 kB
Mapped:           849568 kB
Shmem:             30544 kB
KReclaimable:     550156 kB
Slab:             222108 kB
SReclaimable:      76564 kB
SUnreclaim:       145544 kB
KernelStack:       46352 kB
PageTables:        62644 kB
NFS_Unstable:          0 kB
Bounce:                0 kB
WritebackTmp:          0 kB
CommitLimit:     9202292 kB
Committed_AS:   66009496 kB
VmallocTotal:   263061440 kB
VmallocUsed:      103424 kB
VmallocChunk:          0 kB
Percpu:             7648 kB
CmaTotal:         294912 kB
CmaFree:               0 kB
MemTotal:       12113136 kB
MemFree:         6441120 kB
MemAvailable:    7919756 kB
Buffers:            6008 kB
Cached:          1826236 kB
SwapCached:            0 kB
Active:          1596376 kB
Inactive:        1505924 kB
Active(anon):    1276916 kB
Inactive(anon):    28200 kB
Active(file):     319460 kB
Inactive(file):  1477724 kB
Unevictable:        5564 kB
Mlocked:            5564 kB
SwapTotal:       3145724 kB
SwapFree:        3145724 kB
Dirty:              1256 kB
Writeback:             0 kB
AnonPages:       1275816 kB
Mapped:           849564 kB
Shmem:             30544 kB
KReclaimable:     550156 kB
Slab:             222116 kB
SReclaimable:      76564 kB
SUnreclaim:       145552 kB
KernelStack:       46336 kB
PageTables:        62736 kB
NFS_Unstable:          0 kB
Bounce:                0 kB
WritebackTmp:          0 kB
CommitLimit:     9202292 kB
Committed_AS:   66006092 kB
VmallocTotal:   263061440 kB
VmallocUsed:      103472 kB
VmallocChunk:          0 kB
Percpu:             7648 kB
CmaTotal:         294912 kB
CmaFree:               0 kB
MemTotal:       12113136 kB
MemFree:         6440120 kB
MemAvailable:    7918772 kB
Buffers:            6008 kB
Cached:          1826256 kB
SwapCached:            0 kB
Active:          1596536 kB
Inactive:        1505944 kB
Active(anon):    1277072 kB
Inactive(anon):    28208 kB
Active(file):     319464 kB
Inactive(file):  1477736 kB
Unevictable:        5564 kB
Mlocked:            5564 kB
SwapTotal:       3145724 kB
SwapFree:        3145724 kB
Dirty:               340 kB
Writeback:             0 kB
AnonPages:       1275804 kB
Mapped:           849624 kB
Shmem:             30552 kB
KReclaimable:     550156 kB
Slab:             222132 kB
SReclaimable:      76564 kB
SUnreclaim:       145568 kB
KernelStack:       46176 kB
PageTables:        62500 kB
NFS_Unstable:          0 kB
Bounce:                0 kB
WritebackTmp:          0 kB
CommitLimit:     9202292 kB
Committed_AS:   66004540 kB
VmallocTotal:   263061440 kB
VmallocUsed:      103328 kB
VmallocChunk:          0 kB
Percpu:             7648 kB
CmaTotal:         294912 kB
CmaFree:               0 kB
MemTotal:       12113136 kB
MemFree:         6439800 kB
MemAvailable:    7918464 kB
Buffers:            6008 kB
Cached:          1826268 kB
SwapCached:            0 kB
Active:          1598504 kB
Inactive:        1505956 kB
Active(anon):    1279040 kB
Inactive(anon):    28208 kB
Active(file):     319464 kB
Inactive(file):  1477748 kB
Unevictable:        5564 kB
Mlocked:            5564 kB
SwapTotal:       3145724 kB
SwapFree:        3145724 kB
Dirty:               440 kB
Writeback:             0 kB
AnonPages:       1277336 kB
Mapped:           849680 kB
Shmem:             30552 kB
KReclaimable:     550156 kB
Slab:             222124 kB
SReclaimable:      76564 kB
SUnreclaim:       145560 kB
KernelStack:       46192 kB
PageTables:        62652 kB
NFS_Unstable:          0 kB
Bounce:                0 kB
WritebackTmp:          0 kB
CommitLimit:     9202292 kB
Committed_AS:   66007696 kB
VmallocTotal:   263061440 kB
VmallocUsed:      103280 kB
