MemTotal:       12113132 kB
MemFree:         6137556 kB
MemAvailable:    7946052 kB
Buffers:            6892 kB
Cached:          1903460 kB
SwapCached:            0 kB
Active:          1523648 kB
Inactive:        1652036 kB
Active(anon):    1271792 kB
Inactive(anon):    27360 kB
Active(file):     251856 kB
Inactive(file):  1624676 kB
Unevictable:        5532 kB
Mlocked:            5532 kB
SwapTotal:       3145724 kB
SwapFree:        3145724 kB
Dirty:               240 kB
Writeback:             0 kB
AnonPages:       1270896 kB
Mapped:           861552 kB
Shmem:             29340 kB
KReclaimable:     800668 kB
Slab:             222056 kB
SReclaimable:      78180 kB
SUnreclaim:       143876 kB
KernelStack:       46256 kB
PageTables:        62756 kB
NFS_Unstable:          0 kB
Bounce:                0 kB
WritebackTmp:          0 kB
CommitLimit:     9202288 kB
Committed_AS:   66026248 kB
VmallocTotal:   263061440 kB
VmallocUsed:      103216 kB
VmallocChunk:          0 kB
Percpu:             7648 kB
CmaTotal:         294912 kB
CmaFree:              80 kB
MemTotal:       12113132 kB
MemFree:         6137332 kB
MemAvailable:    7945828 kB
Buffers:            6892 kB
Cached:          1903460 kB
SwapCached:            0 kB
Active:          1524148 kB
Inactive:        1652036 kB
Active(anon):    1272292 kB
Inactive(anon):    27360 kB
Active(file):     251856 kB
Inactive(file):  1624676 kB
Unevictable:        5532 kB
Mlocked:            5532 kB
SwapTotal:       3145724 kB
SwapFree:        3145724 kB
Dirty:               268 kB
Writeback:             0 kB
AnonPages:       1271252 kB
Mapped:           861824 kB
Shmem:             29340 kB
KReclaimable:     800668 kB
Slab:             222064 kB
SReclaimable:      78180 kB
SUnreclaim:       143884 kB
KernelStack:       46272 kB
PageTables:        62712 kB
NFS_Unstable:          0 kB
Bounce:                0 kB
WritebackTmp:          0 kB
CommitLimit:     9202288 kB
Committed_AS:   66025808 kB
VmallocTotal:   263061440 kB
VmallocUsed:      103216 kB
VmallocChunk:          0 kB
Percpu:             7648 kB
CmaTotal:         294912 kB
CmaFree:               0 kB
MemTotal:       12113132 kB
MemFree:         6137124 kB
MemAvailable:    7945692 kB
Buffers:            6892 kB
Cached:          1903552 kB
SwapCached:            0 kB
Active:          1525260 kB
Inactive:        1652096 kB
Active(anon):    1273372 kB
Inactive(anon):    27380 kB
Active(file):     251888 kB
Inactive(file):  1624716 kB
Unevictable:        5532 kB
Mlocked:            5532 kB
SwapTotal:       3145724 kB
SwapFree:        3145724 kB
Dirty:               448 kB
Writeback:             0 kB
AnonPages:       1272548 kB
Mapped:           861572 kB
Shmem:             29360 kB
KReclaimable:     800668 kB
Slab:             222048 kB
SReclaimable:      78180 kB
SUnreclaim:       143868 kB
KernelStack:       46304 kB
PageTables:        62752 kB
NFS_Unstable:          0 kB
Bounce:                0 kB
WritebackTmp:          0 kB
CommitLimit:     9202288 kB
Committed_AS:   66025500 kB
VmallocTotal:   263061440 kB
VmallocUsed:      103248 kB
VmallocChunk:          0 kB
Percpu:             7648 kB
CmaTotal:         294912 kB
CmaFree:               0 kB
MemTotal:       12113132 kB
MemFree:         6133584 kB
MemAvailable:    7942144 kB
Buffers:            6892 kB
Cached:          1903548 kB
SwapCached:            0 kB
Active:          1527800 kB
Inactive:        1652096 kB
Active(anon):    1275916 kB
Inactive(anon):    27384 kB
Active(file):     251884 kB
Inactive(file):  1624712 kB
Unevictable:        5532 kB
Mlocked:            5532 kB
SwapTotal:       3145724 kB
SwapFree:        3145724 kB
Dirty:               516 kB
Writeback:             0 kB
AnonPages:       1274892 kB
Mapped:           875048 kB
Shmem:             29364 kB
KReclaimable:     800668 kB
Slab:             222056 kB
SReclaimable:      78180 kB
SUnreclaim:       143876 kB
KernelStack:       46420 kB
PageTables:        63092 kB
NFS_Unstable:          0 kB
Bounce:                0 kB
WritebackTmp:          0 kB
CommitLimit:     9202288 kB
Committed_AS:   66025736 kB
VmallocTotal:   263061440 kB
VmallocUsed:      103328 kB
VmallocChunk:          0 kB
Percpu:             7648 kB
CmaTotal:         294912 kB
CmaFree:               0 kB
MemTotal:       12113132 kB
MemFree:         6147172 kB
MemAvailable:    7955776 kB
Buffers:            6892 kB
Cached:          1903604 kB
SwapCached:            0 kB
Active:          1513852 kB
Inactive:        1652148 kB
Active(anon):    1261964 kB
Inactive(anon):    27396 kB
Active(file):     251888 kB
Inactive(file):  1624752 kB
Unevictable:        5532 kB
Mlocked:            5532 kB
SwapTotal:       3145724 kB
SwapFree:        3145724 kB
Dirty:               564 kB
Writeback:             0 kB
AnonPages:       1261052 kB
Mapped:           861588 kB
Shmem:             29376 kB
KReclaimable:     800668 kB
Slab:             222056 kB
SReclaimable:      78180 kB
SUnreclaim:       143876 kB
KernelStack:       46336 kB
PageTables:        62752 kB
NFS_Unstable:          0 kB
Bounce:                0 kB
WritebackTmp:          0 kB
CommitLimit:     9202288 kB
Committed_AS:   66022712 kB
VmallocTotal:   263061440 kB
VmallocUsed:      103360 kB
VmallocChunk:          0 kB
Percpu:             7648 kB
CmaTotal:         294912 kB
CmaFree:              36 kB
MemTotal:       12113132 kB
MemFree:         6145520 kB
MemAvailable:    7954136 kB
Buffers:            6892 kB
Cached:          1903620 kB
SwapCached:            0 kB
Active:          1514940 kB
Inactive:        1652164 kB
Active(anon):    1263052 kB
Inactive(anon):    27400 kB
Active(file):     251888 kB
Inactive(file):  1624764 kB
Unevictable:        5532 kB
Mlocked:            5532 kB
SwapTotal:       3145724 kB
SwapFree:        3145724 kB
Dirty:               592 kB
Writeback:             0 kB
AnonPages:       1262252 kB
Mapped:           861592 kB
Shmem:             29380 kB
KReclaimable:     800668 kB
Slab:             222056 kB
SReclaimable:      78180 kB
SUnreclaim:       143876 kB
KernelStack:       46384 kB
PageTables:        62856 kB
NFS_Unstable:          0 kB
Bounce:                0 kB
WritebackTmp:          0 kB
CommitLimit:     9202288 kB
Committed_AS:   66030872 kB
VmallocTotal:   263061440 kB
VmallocUsed:      103376 kB
VmallocChunk:          0 kB
Percpu:             7648 kB
CmaTotal:         294912 kB
CmaFree:               0 kB
MemTotal:       12113132 kB
MemFree:         6145176 kB
MemAvailable:    7953808 kB
Buffers:            6892 kB
Cached:          1903636 kB
SwapCached:            0 kB
Active:          1514964 kB
Inactive:        1652180 kB
Active(anon):    1263076 kB
Inactive(anon):    27400 kB
Active(file):     251888 kB
Inactive(file):  1624780 kB
Unevictable:        5532 kB
Mlocked:            5532 kB
SwapTotal:       3145724 kB
SwapFree:        3145724 kB
Dirty:               608 kB
Writeback:             0 kB
AnonPages:       1262200 kB
Mapped:           861592 kB
Shmem:             29380 kB
KReclaimable:     800668 kB
Slab:             222072 kB
SReclaimable:      78180 kB
SUnreclaim:       143892 kB
KernelStack:       46336 kB
PageTables:        62752 kB
NFS_Unstable:          0 kB
Bounce:                0 kB
WritebackTmp:          0 kB
CommitLimit:     9202288 kB
Committed_AS:   66031836 kB
VmallocTotal:   263061440 kB
VmallocUsed:      103376 kB
VmallocChunk:          0 kB
Percpu:             7648 kB
CmaTotal:         294912 kB
CmaFree:               0 kB
MemTotal:       12113132 kB
MemFree:         6144148 kB
MemAvailable:    7952808 kB
Buffers:            6896 kB
Cached:          1903660 kB
SwapCached:            0 kB
Active:          1515368 kB
Inactive:        1652204 kB
Active(anon):    1263476 kB
Inactive(anon):    27400 kB
Active(file):     251892 kB
Inactive(file):  1624804 kB
Unevictable:        5532 kB
Mlocked:            5532 kB
SwapTotal:       3145724 kB
SwapFree:        3145724 kB
Dirty:               592 kB
Writeback:             0 kB
AnonPages:       1262608 kB
Mapped:           861592 kB
Shmem:             29380 kB
KReclaimable:     800668 kB
Slab:             222064 kB
SReclaimable:      78180 kB
SUnreclaim:       143884 kB
KernelStack:       46352 kB
PageTables:        62772 kB
NFS_Unstable:          0 kB
Bounce:                0 kB
WritebackTmp:          0 kB
CommitLimit:     9202288 kB
Committed_AS:   66031572 kB
VmallocTotal:   263061440 kB
VmallocUsed:      103376 kB
VmallocChunk:          0 kB
Percpu:             7648 kB
CmaTotal:         294912 kB
CmaFree:               0 kB
MemTotal:       12113132 kB
MemFree:         6145852 kB
MemAvailable:    7954536 kB
Buffers:            6896 kB
Cached:          1903684 kB
SwapCached:            0 kB
Active:          1514172 kB
Inactive:        1652228 kB
Active(anon):    1262280 kB
Inactive(anon):    27400 kB
Active(file):     251892 kB
Inactive(file):  1624828 kB
Unevictable:        5532 kB
Mlocked:            5532 kB
SwapTotal:       3145724 kB
SwapFree:        3145724 kB
Dirty:               628 kB
Writeback:             0 kB
AnonPages:       1261488 kB
Mapped:           861592 kB
Shmem:             29380 kB
KReclaimable:     800668 kB
Slab:             222072 kB
SReclaimable:      78180 kB
SUnreclaim:       143892 kB
KernelStack:       46336 kB
PageTables:        62752 kB
NFS_Unstable:          0 kB
Bounce:                0 kB
WritebackTmp:          0 kB
CommitLimit:     9202288 kB
Committed_AS:   66026596 kB
VmallocTotal:   263061440 kB
VmallocUsed:      103360 kB
VmallocChunk:          0 kB
Percpu:             7648 kB
CmaTotal:         294912 kB
CmaFree:               0 kB
MemTotal:       12113132 kB
MemFree:         6144940 kB
MemAvailable:    7953636 kB
Buffers:            6896 kB
Cached:          1903700 kB
SwapCached:            0 kB
Active:          1515536 kB
Inactive:        1652244 kB
Active(anon):    1263644 kB
Inactive(anon):    27404 kB
Active(file):     251892 kB
Inactive(file):  1624840 kB
Unevictable:        5532 kB
Mlocked:            5532 kB
SwapTotal:       3145724 kB
SwapFree:        3145724 kB
Dirty:               644 kB
Writeback:             0 kB
AnonPages:       1262804 kB
Mapped:           861600 kB
Shmem:             29384 kB
KReclaimable:     800668 kB
Slab:             222072 kB
SReclaimable:      78180 kB
SUnreclaim:       143892 kB
KernelStack:       46384 kB
PageTables:        62856 kB
NFS_Unstable:          0 kB
Bounce:                0 kB
WritebackTmp:          0 kB
CommitLimit:     9202288 kB
Committed_AS:   66027168 kB
VmallocTotal:   263061440 kB
VmallocUsed:      103360 kB
VmallocChunk:          0 kB
Percpu:             7648 kB
CmaTotal:         294912 kB
CmaFree:               0 kB
MemTotal:       12113132 kB
MemFree:         6144984 kB
MemAvailable:    7953700 kB
Buffers:            6896 kB
Cached:          1903720 kB
SwapCached:            0 kB
Active:          1515704 kB
Inactive:        1652264 kB
Active(anon):    1263812 kB
Inactive(anon):    27404 kB
Active(file):     251892 kB
Inactive(file):  1624860 kB
Unevictable:        5532 kB
Mlocked:            5532 kB
SwapTotal:       3145724 kB
SwapFree:        3145724 kB
Dirty:               700 kB
Writeback:             0 kB
AnonPages:       1262956 kB
Mapped:           861596 kB
Shmem:             29384 kB
KReclaimable:     800668 kB
Slab:             222072 kB
SReclaimable:      78180 kB
SUnreclaim:       143892 kB
KernelStack:       46336 kB
PageTables:        62752 kB
NFS_Unstable:          0 kB
Bounce:                0 kB
WritebackTmp:          0 kB
CommitLimit:     9202288 kB
Committed_AS:   66031996 kB
VmallocTotal:   263061440 kB
VmallocUsed:      103328 kB
VmallocChunk:          0 kB
Percpu:             7648 kB
CmaTotal:         294912 kB
CmaFree:               0 kB
MemTotal:       12113132 kB
MemFree:         6143904 kB
MemAvailable:    7952628 kB
Buffers:            6896 kB
Cached:          1903728 kB
SwapCached:            0 kB
Active:          1516748 kB
Inactive:        1652272 kB
Active(anon):    1264856 kB
Inactive(anon):    27404 kB
Active(file):     251892 kB
Inactive(file):  1624868 kB
Unevictable:        5532 kB
Mlocked:            5532 kB
SwapTotal:       3145724 kB
SwapFree:        3145724 kB
Dirty:               720 kB
Writeback:             0 kB
AnonPages:       1263952 kB
Mapped:           861596 kB
Shmem:             29384 kB
KReclaimable:     800668 kB
Slab:             222072 kB
SReclaimable:      78180 kB
SUnreclaim:       143892 kB
KernelStack:       46320 kB
PageTables:        62800 kB
NFS_Unstable:          0 kB
Bounce:                0 kB
WritebackTmp:          0 kB
CommitLimit:     9202288 kB
Committed_AS:   66031824 kB
VmallocTotal:   263061440 kB
VmallocUsed:      103264 kB
VmallocChunk:          0 kB
Percpu:             7648 kB
CmaTotal:         294912 kB
CmaFree:               0 kB
MemTotal:       12113132 kB
MemFree:         6144272 kB
MemAvailable:    7953024 kB
Buffers:            6896 kB
Cached:          1903756 kB
SwapCached:            0 kB
Active:          1515784 kB
Inactive:        1652300 kB
Active(anon):    1263892 kB
Inactive(anon):    27404 kB
Active(file):     251892 kB
Inactive(file):  1624896 kB
Unevictable:        5532 kB
Mlocked:            5532 kB
SwapTotal:       3145724 kB
SwapFree:        3145724 kB
Dirty:               796 kB
Writeback:             0 kB
AnonPages:       1263008 kB
Mapped:           861596 kB
Shmem:             29384 kB
KReclaimable:     800668 kB
Slab:             222072 kB
SReclaimable:      78180 kB
SUnreclaim:       143892 kB
KernelStack:       46208 kB
PageTables:        62752 kB
NFS_Unstable:          0 kB
Bounce:                0 kB
WritebackTmp:          0 kB
CommitLimit:     9202288 kB
Committed_AS:   66031740 kB
VmallocTotal:   263061440 kB
VmallocUsed:      103264 kB
VmallocChunk:          0 kB
Percpu:             7648 kB
CmaTotal:         294912 kB
CmaFree:               0 kB
MemTotal:       12113132 kB
MemFree:         6142564 kB
MemAvailable:    7951324 kB
Buffers:            6896 kB
Cached:          1903764 kB
SwapCached:            0 kB
Active:          1516316 kB
Inactive:        1652308 kB
Active(anon):    1264424 kB
Inactive(anon):    27404 kB
Active(file):     251892 kB
Inactive(file):  1624904 kB
Unevictable:        5532 kB
Mlocked:            5532 kB
SwapTotal:       3145724 kB
SwapFree:        3145724 kB
Dirty:               808 kB
Writeback:             0 kB
AnonPages:       1263320 kB
Mapped:           861596 kB
Shmem:             29384 kB
KReclaimable:     800668 kB
Slab:             222072 kB
SReclaimable:      78180 kB
SUnreclaim:       143892 kB
KernelStack:       46240 kB
PageTables:        62772 kB
NFS_Unstable:          0 kB
Bounce:                0 kB
WritebackTmp:          0 kB
CommitLimit:     9202288 kB
Committed_AS:   66032240 kB
VmallocTotal:   263061440 kB
VmallocUsed:      103264 kB
VmallocChunk:          0 kB
Percpu:             7648 kB
CmaTotal:         294912 kB
CmaFree:               0 kB
MemTotal:       12113132 kB
MemFree:         6143236 kB
MemAvailable:    7952012 kB
Buffers:            6896 kB
Cached:          1903780 kB
SwapCached:            0 kB
Active:          1516976 kB
Inactive:        1652324 kB
Active(anon):    1265084 kB
Inactive(anon):    27404 kB
Active(file):     251892 kB
Inactive(file):  1624920 kB
Unevictable:        5532 kB
Mlocked:            5532 kB
SwapTotal:       3145724 kB
SwapFree:        3145724 kB
Dirty:               824 kB
Writeback:             0 kB
AnonPages:       1264168 kB
Mapped:           861596 kB
Shmem:             29384 kB
KReclaimable:     800668 kB
Slab:             222064 kB
SReclaimable:      78180 kB
SUnreclaim:       143884 kB
KernelStack:       46208 kB
PageTables:        62756 kB
NFS_Unstable:          0 kB
Bounce:                0 kB
WritebackTmp:          0 kB
CommitLimit:     9202288 kB
Committed_AS:   66026752 kB
VmallocTotal:   263061440 kB
VmallocUsed:      103248 kB
VmallocChunk:          0 kB
Percpu:             7648 kB
CmaTotal:         294912 kB
CmaFree:               0 kB
MemTotal:       12113132 kB
MemFree:         6142820 kB
MemAvailable:    7951616 kB
Buffers:            6896 kB
Cached:          1903800 kB
SwapCached:            0 kB
Active:          1518572 kB
Inactive:        1652344 kB
Active(anon):    1266680 kB
Inactive(anon):    27404 kB
Active(file):     251892 kB
Inactive(file):  1624940 kB
Unevictable:        5532 kB
Mlocked:            5532 kB
SwapTotal:       3145724 kB
SwapFree:        3145724 kB
Dirty:               856 kB
Writeback:             0 kB
AnonPages:       1265604 kB
Mapped:           861740 kB
Shmem:             29384 kB
KReclaimable:     800668 kB
Slab:             222064 kB
SReclaimable:      78180 kB
SUnreclaim:       143884 kB
KernelStack:       46272 kB
PageTables:        62840 kB
NFS_Unstable:          0 kB
Bounce:                0 kB
WritebackTmp:          0 kB
CommitLimit:     9202288 kB
Committed_AS:   66026304 kB
VmallocTotal:   263061440 kB
VmallocUsed:      103248 kB
VmallocChunk:          0 kB
Percpu:             7648 kB
CmaTotal:         294912 kB
CmaFree:               0 kB
MemTotal:       12113132 kB
MemFree:         6141920 kB
MemAvailable:    7950732 kB
Buffers:            6896 kB
Cached:          1903816 kB
SwapCached:            0 kB
Active:          1518416 kB
Inactive:        1652360 kB
Active(anon):    1266524 kB
Inactive(anon):    27404 kB
Active(file):     251892 kB
Inactive(file):  1624956 kB
Unevictable:        5532 kB
Mlocked:            5532 kB
SwapTotal:       3145724 kB
SwapFree:        3145724 kB
Dirty:               896 kB
Writeback:             0 kB
AnonPages:       1265652 kB
Mapped:           861596 kB
Shmem:             29384 kB
KReclaimable:     800668 kB
Slab:             222064 kB
SReclaimable:      78180 kB
SUnreclaim:       143884 kB
KernelStack:       46224 kB
PageTables:        62752 kB
NFS_Unstable:          0 kB
Bounce:                0 kB
WritebackTmp:          0 kB
CommitLimit:     9202288 kB
Committed_AS:   66027664 kB
VmallocTotal:   263061440 kB
VmallocUsed:      103232 kB
VmallocChunk:          0 kB
Percpu:             7648 kB
CmaTotal:         294912 kB
CmaFree:               0 kB
MemTotal:       12113132 kB
MemFree:         6141696 kB
MemAvailable:    7950532 kB
Buffers:            6896 kB
Cached:          1903840 kB
SwapCached:            0 kB
Active:          1519104 kB
Inactive:        1652380 kB
Active(anon):    1267208 kB
Inactive(anon):    27404 kB
Active(file):     251896 kB
Inactive(file):  1624976 kB
Unevictable:        5532 kB
Mlocked:            5532 kB
SwapTotal:       3145724 kB
SwapFree:        3145724 kB
Dirty:               920 kB
Writeback:             0 kB
AnonPages:       1266224 kB
Mapped:           861616 kB
Shmem:             29384 kB
KReclaimable:     800668 kB
Slab:             222064 kB
SReclaimable:      78180 kB
SUnreclaim:       143884 kB
KernelStack:       46224 kB
PageTables:        62748 kB
NFS_Unstable:          0 kB
Bounce:                0 kB
WritebackTmp:          0 kB
CommitLimit:     9202288 kB
Committed_AS:   66025432 kB
VmallocTotal:   263061440 kB
VmallocUsed:      103232 kB
VmallocChunk:          0 kB
Percpu:             7648 kB
CmaTotal:         294912 kB
CmaFree:               0 kB
MemTotal:       12113132 kB
MemFree:         6140920 kB
MemAvailable:    7949748 kB
Buffers:            6896 kB
Cached:          1903832 kB
SwapCached:            0 kB
Active:          1519784 kB
Inactive:        1652376 kB
Active(anon):    1267892 kB
Inactive(anon):    27404 kB
Active(file):     251892 kB
Inactive(file):  1624972 kB
Unevictable:        5532 kB
Mlocked:            5532 kB
SwapTotal:       3145724 kB
SwapFree:        3145724 kB
Dirty:               792 kB
Writeback:             0 kB
AnonPages:       1266744 kB
Mapped:           861660 kB
Shmem:             29384 kB
KReclaimable:     800668 kB
Slab:             222040 kB
SReclaimable:      78180 kB
SUnreclaim:       143860 kB
KernelStack:       46224 kB
PageTables:        62680 kB
NFS_Unstable:          0 kB
Bounce:                0 kB
WritebackTmp:          0 kB
CommitLimit:     9202288 kB
Committed_AS:   66019912 kB
VmallocTotal:   263061440 kB
VmallocUsed:      103248 kB
VmallocChunk:          0 kB
Percpu:             7648 kB
CmaTotal:         294912 kB
CmaFree:               0 kB
MemTotal:       12113132 kB
MemFree:         6149132 kB
MemAvailable:    7957984 kB
Buffers:            6896 kB
Cached:          1903856 kB
SwapCached:            0 kB
Active:          1511260 kB
Inactive:        1652400 kB
Active(anon):    1259368 kB
Inactive(anon):    27404 kB
Active(file):     251892 kB
Inactive(file):  1624996 kB
Unevictable:        5532 kB
Mlocked:            5532 kB
SwapTotal:       3145724 kB
SwapFree:        3145724 kB
Dirty:               876 kB
Writeback:             0 kB
AnonPages:       1258500 kB
Mapped:           861596 kB
Shmem:             29384 kB
KReclaimable:     800668 kB
Slab:             222064 kB
SReclaimable:      78180 kB
SUnreclaim:       143884 kB
KernelStack:       46272 kB
PageTables:        62860 kB
NFS_Unstable:          0 kB
Bounce:                0 kB
WritebackTmp:          0 kB
CommitLimit:     9202288 kB
Committed_AS:   66021308 kB
VmallocTotal:   263061440 kB
VmallocUsed:      103264 kB
VmallocChunk:          0 kB
Percpu:             7648 kB
CmaTotal:         294912 kB
CmaFree:               0 kB
MemTotal:       12113132 kB
MemFree:         6174204 kB
MemAvailable:    7983076 kB
Buffers:            6896 kB
Cached:          1903876 kB
SwapCached:            0 kB
Active:          1484968 kB
Inactive:        1652420 kB
Active(anon):    1233076 kB
Inactive(anon):    27404 kB
Active(file):     251892 kB
Inactive(file):  1625016 kB
Unevictable:        5532 kB
Mlocked:            5532 kB
SwapTotal:       3145724 kB
SwapFree:        3145724 kB
Dirty:               900 kB
Writeback:             0 kB
AnonPages:       1232156 kB
Mapped:           861596 kB
Shmem:             29384 kB
KReclaimable:     800668 kB
Slab:             222056 kB
SReclaimable:      78180 kB
SUnreclaim:       143876 kB
KernelStack:       46224 kB
PageTables:        62752 kB
NFS_Unstable:          0 kB
Bounce:                0 kB
WritebackTmp:          0 kB
CommitLimit:     9202288 kB
Committed_AS:   66020560 kB
VmallocTotal:   263061440 kB
VmallocUsed:      103280 kB
VmallocChunk:          0 kB
Percpu:             7648 kB
CmaTotal:         294912 kB
CmaFree:               0 kB
MemTotal:       12113132 kB
MemFree:         6149616 kB
MemAvailable:    7958524 kB
Buffers:            6896 kB
Cached:          1903896 kB
SwapCached:            0 kB
Active:          1513172 kB
Inactive:        1652440 kB
Active(anon):    1261280 kB
Inactive(anon):    27404 kB
Active(file):     251892 kB
Inactive(file):  1625036 kB
Unevictable:        5532 kB
Mlocked:            5532 kB
SwapTotal:       3145724 kB
SwapFree:        3145724 kB
Dirty:               744 kB
Writeback:             0 kB
AnonPages:       1260344 kB
Mapped:           861596 kB
Shmem:             29384 kB
KReclaimable:     800684 kB
Slab:             222024 kB
SReclaimable:      78196 kB
SUnreclaim:       143828 kB
KernelStack:       46272 kB
PageTables:        62824 kB
NFS_Unstable:          0 kB
Bounce:                0 kB
WritebackTmp:          0 kB
CommitLimit:     9202288 kB
Committed_AS:   66030488 kB
VmallocTotal:   263061440 kB
VmallocUsed:      103280 kB
VmallocChunk:          0 kB
Percpu:             7648 kB
CmaTotal:         294912 kB
CmaFree:               0 kB
MemTotal:       12113132 kB
MemFree:         6147796 kB
MemAvailable:    7956748 kB
Buffers:            6904 kB
Cached:          1903932 kB
SwapCached:            0 kB
Active:          1513800 kB
Inactive:        1652476 kB
Active(anon):    1261900 kB
Inactive(anon):    27404 kB
Active(file):     251900 kB
Inactive(file):  1625072 kB
Unevictable:        5532 kB
Mlocked:            5532 kB
SwapTotal:       3145724 kB
SwapFree:        3145724 kB
Dirty:               772 kB
Writeback:             0 kB
AnonPages:       1261064 kB
Mapped:           861596 kB
Shmem:             29384 kB
KReclaimable:     800684 kB
Slab:             222016 kB
SReclaimable:      78196 kB
SUnreclaim:       143820 kB
KernelStack:       46224 kB
PageTables:        62752 kB
NFS_Unstable:          0 kB
Bounce:                0 kB
WritebackTmp:          0 kB
CommitLimit:     9202288 kB
Committed_AS:   66031624 kB
VmallocTotal:   263061440 kB
VmallocUsed:      103296 kB
VmallocChunk:          0 kB
Percpu:             7648 kB
CmaTotal:         294912 kB
CmaFree:               0 kB
MemTotal:       12113132 kB
MemFree:         6147316 kB
MemAvailable:    7956280 kB
Buffers:            6904 kB
Cached:          1903944 kB
SwapCached:            0 kB
Active:          1514696 kB
Inactive:        1652488 kB
Active(anon):    1262796 kB
Inactive(anon):    27404 kB
Active(file):     251900 kB
Inactive(file):  1625084 kB
Unevictable:        5532 kB
Mlocked:            5532 kB
SwapTotal:       3145724 kB
SwapFree:        3145724 kB
Dirty:               776 kB
Writeback:             0 kB
AnonPages:       1261924 kB
Mapped:           861696 kB
Shmem:             29384 kB
KReclaimable:     800684 kB
Slab:             222008 kB
SReclaimable:      78196 kB
SUnreclaim:       143812 kB
KernelStack:       46272 kB
PageTables:        62840 kB
NFS_Unstable:          0 kB
Bounce:                0 kB
WritebackTmp:          0 kB
CommitLimit:     9202288 kB
Committed_AS:   66031452 kB
VmallocTotal:   263061440 kB
VmallocUsed:      103248 kB
VmallocChunk:          0 kB
Percpu:             7648 kB
CmaTotal:         294912 kB
CmaFree:               0 kB
MemTotal:       12113132 kB
MemFree:         6145684 kB
MemAvailable:    7954672 kB
Buffers:            6904 kB
Cached:          1903968 kB
SwapCached:            0 kB
Active:          1515092 kB
Inactive:        1652508 kB
Active(anon):    1263188 kB
Inactive(anon):    27404 kB
Active(file):     251904 kB
Inactive(file):  1625104 kB
Unevictable:        5532 kB
Mlocked:            5532 kB
SwapTotal:       3145724 kB
SwapFree:        3145724 kB
Dirty:               848 kB
Writeback:             0 kB
AnonPages:       1262308 kB
Mapped:           861596 kB
Shmem:             29384 kB
KReclaimable:     800684 kB
Slab:             222024 kB
SReclaimable:      78196 kB
SUnreclaim:       143828 kB
KernelStack:       46224 kB
PageTables:        62752 kB
NFS_Unstable:          0 kB
Bounce:                0 kB
WritebackTmp:          0 kB
CommitLimit:     9202288 kB
Committed_AS:   66037852 kB
VmallocTotal:   263061440 kB
VmallocUsed:      103216 kB
VmallocChunk:          0 kB
Percpu:             7648 kB
CmaTotal:         294912 kB
CmaFree:               0 kB
MemTotal:       12113132 kB
MemFree:         6146240 kB
MemAvailable:    7955236 kB
Buffers:            6904 kB
Cached:          1903976 kB
SwapCached:            0 kB
Active:          1515996 kB
Inactive:        1652516 kB
Active(anon):    1264092 kB
Inactive(anon):    27404 kB
Active(file):     251904 kB
Inactive(file):  1625112 kB
Unevictable:        5532 kB
Mlocked:            5532 kB
SwapTotal:       3145724 kB
SwapFree:        3145724 kB
Dirty:               860 kB
Writeback:             0 kB
AnonPages:       1263276 kB
Mapped:           861784 kB
Shmem:             29384 kB
KReclaimable:     800684 kB
Slab:             222016 kB
SReclaimable:      78196 kB
SUnreclaim:       143820 kB
KernelStack:       46272 kB
PageTables:        62848 kB
NFS_Unstable:          0 kB
Bounce:                0 kB
WritebackTmp:          0 kB
CommitLimit:     9202288 kB
Committed_AS:   66034716 kB
VmallocTotal:   263061440 kB
VmallocUsed:      103248 kB
VmallocChunk:          0 kB
Percpu:             7648 kB
CmaTotal:         294912 kB
CmaFree:               0 kB
MemTotal:       12113132 kB
MemFree:         6145696 kB
MemAvailable:    7954704 kB
Buffers:            6904 kB
Cached:          1903988 kB
SwapCached:            0 kB
Active:          1516256 kB
Inactive:        1652528 kB
Active(anon):    1264352 kB
Inactive(anon):    27404 kB
Active(file):     251904 kB
Inactive(file):  1625124 kB
Unevictable:        5532 kB
Mlocked:            5532 kB
SwapTotal:       3145724 kB
SwapFree:        3145724 kB
Dirty:               872 kB
Writeback:             0 kB
AnonPages:       1263560 kB
Mapped:           861596 kB
Shmem:             29384 kB
KReclaimable:     800684 kB
Slab:             222024 kB
SReclaimable:      78196 kB
SUnreclaim:       143828 kB
KernelStack:       46224 kB
PageTables:        62752 kB
NFS_Unstable:          0 kB
Bounce:                0 kB
WritebackTmp:          0 kB
CommitLimit:     9202288 kB
Committed_AS:   66029100 kB
VmallocTotal:   263061440 kB
VmallocUsed:      103248 kB
VmallocChunk:          0 kB
Percpu:             7648 kB
CmaTotal:         294912 kB
CmaFree:               0 kB
MemTotal:       12113132 kB
MemFree:         6143940 kB
MemAvailable:    7952948 kB
Buffers:            6904 kB
Cached:          1903988 kB
SwapCached:            0 kB
Active:          1517028 kB
Inactive:        1652528 kB
Active(anon):    1265124 kB
Inactive(anon):    27404 kB
Active(file):     251904 kB
Inactive(file):  1625124 kB
Unevictable:        5532 kB
Mlocked:            5532 kB
SwapTotal:       3145724 kB
SwapFree:        3145724 kB
Dirty:               884 kB
Writeback:             0 kB
AnonPages:       1264060 kB
Mapped:           861868 kB
Shmem:             29384 kB
KReclaimable:     800684 kB
Slab:             222032 kB
SReclaimable:      78196 kB
SUnreclaim:       143836 kB
KernelStack:       46260 kB
PageTables:        62772 kB
NFS_Unstable:          0 kB
Bounce:                0 kB
WritebackTmp:          0 kB
CommitLimit:     9202288 kB
Committed_AS:   66029544 kB
VmallocTotal:   263061440 kB
VmallocUsed:      103200 kB
VmallocChunk:          0 kB
Percpu:             7648 kB
CmaTotal:         294912 kB
CmaFree:               0 kB
MemTotal:       12113132 kB
MemFree:         6145064 kB
MemAvailable:    7954112 kB
Buffers:            6904 kB
Cached:          1904028 kB
SwapCached:            0 kB
Active:          1517352 kB
Inactive:        1652568 kB
Active(anon):    1265448 kB
Inactive(anon):    27404 kB
Active(file):     251904 kB
Inactive(file):  1625164 kB
Unevictable:        5532 kB
Mlocked:            5532 kB
SwapTotal:       3145724 kB
SwapFree:        3145724 kB
Dirty:               924 kB
Writeback:             0 kB
AnonPages:       1264548 kB
Mapped:           861596 kB
Shmem:             29384 kB
KReclaimable:     800684 kB
Slab:             222016 kB
SReclaimable:      78196 kB
SUnreclaim:       143820 kB
KernelStack:       46176 kB
PageTables:        62752 kB
NFS_Unstable:          0 kB
Bounce:                0 kB
WritebackTmp:          0 kB
CommitLimit:     9202288 kB
Committed_AS:   66034736 kB
VmallocTotal:   263061440 kB
VmallocUsed:      103184 kB
VmallocChunk:          0 kB
Percpu:             7648 kB
CmaTotal:         294912 kB
CmaFree:               0 kB
MemTotal:       12113132 kB
MemFree:         6143956 kB
MemAvailable:    7953016 kB
Buffers:            6904 kB
Cached:          1904040 kB
SwapCached:            0 kB
Active:          1517956 kB
Inactive:        1652580 kB
Active(anon):    1266052 kB
Inactive(anon):    27404 kB
Active(file):     251904 kB
Inactive(file):  1625176 kB
Unevictable:        5532 kB
Mlocked:            5532 kB
SwapTotal:       3145724 kB
SwapFree:        3145724 kB
Dirty:               944 kB
Writeback:             0 kB
AnonPages:       1265100 kB
Mapped:           861612 kB
Shmem:             29384 kB
KReclaimable:     800684 kB
Slab:             222016 kB
SReclaimable:      78196 kB
SUnreclaim:       143820 kB
KernelStack:       46224 kB
PageTables:        62836 kB
NFS_Unstable:          0 kB
Bounce:                0 kB
WritebackTmp:          0 kB
CommitLimit:     9202288 kB
Committed_AS:   66030144 kB
VmallocTotal:   263061440 kB
VmallocUsed:      103168 kB
VmallocChunk:          0 kB
Percpu:             7648 kB
CmaTotal:         294912 kB
CmaFree:               0 kB
MemTotal:       12113132 kB
MemFree:         6143072 kB
MemAvailable:    7952152 kB
Buffers:            6904 kB
Cached:          1904060 kB
SwapCached:            0 kB
Active:          1519120 kB
Inactive:        1652604 kB
Active(anon):    1267220 kB
Inactive(anon):    27404 kB
Active(file):     251900 kB
Inactive(file):  1625200 kB
Unevictable:        5532 kB
Mlocked:            5532 kB
SwapTotal:       3145724 kB
SwapFree:        3145724 kB
Dirty:               988 kB
Writeback:             0 kB
AnonPages:       1266424 kB
Mapped:           861596 kB
Shmem:             29384 kB
KReclaimable:     800684 kB
Slab:             222016 kB
SReclaimable:      78196 kB
SUnreclaim:       143820 kB
KernelStack:       46176 kB
PageTables:        62752 kB
NFS_Unstable:          0 kB
Bounce:                0 kB
WritebackTmp:          0 kB
CommitLimit:     9202288 kB
Committed_AS:   66027932 kB
VmallocTotal:   263061440 kB
VmallocUsed:      103216 kB
VmallocChunk:          0 kB
Percpu:             7648 kB
CmaTotal:         294912 kB
CmaFree:               0 kB
MemTotal:       12113132 kB
MemFree:         6141716 kB
MemAvailable:    7950804 kB
Buffers:            6904 kB
Cached:          1904068 kB
SwapCached:            0 kB
Active:          1519780 kB
Inactive:        1652608 kB
Active(anon):    1267876 kB
Inactive(anon):    27404 kB
Active(file):     251904 kB
Inactive(file):  1625204 kB
Unevictable:        5532 kB
Mlocked:            5532 kB
SwapTotal:       3145724 kB
SwapFree:        3145724 kB
Dirty:               992 kB
Writeback:             0 kB
AnonPages:       1266944 kB
Mapped:           861964 kB
Shmem:             29384 kB
KReclaimable:     800684 kB
Slab:             222016 kB
SReclaimable:      78196 kB
SUnreclaim:       143820 kB
KernelStack:       46176 kB
PageTables:        63000 kB
NFS_Unstable:          0 kB
Bounce:                0 kB
WritebackTmp:          0 kB
CommitLimit:     9202288 kB
Committed_AS:   66027872 kB
VmallocTotal:   263061440 kB
VmallocUsed:      103136 kB
VmallocChunk:          0 kB
Percpu:             7648 kB
CmaTotal:         294912 kB
CmaFree:               0 kB
MemTotal:       12113132 kB
MemFree:         6143044 kB
MemAvailable:    7952156 kB
Buffers:            6904 kB
Cached:          1904092 kB
SwapCached:            0 kB
Active:          1519808 kB
Inactive:        1652632 kB
Active(anon):    1267904 kB
Inactive(anon):    27404 kB
Active(file):     251904 kB
Inactive(file):  1625228 kB
Unevictable:        5532 kB
Mlocked:            5532 kB
SwapTotal:       3145724 kB
SwapFree:        3145724 kB
Dirty:              1052 kB
Writeback:             0 kB
AnonPages:       1267008 kB
Mapped:           861596 kB
Shmem:             29384 kB
KReclaimable:     800684 kB
Slab:             222024 kB
SReclaimable:      78196 kB
SUnreclaim:       143828 kB
KernelStack:       46176 kB
PageTables:        62752 kB
NFS_Unstable:          0 kB
Bounce:                0 kB
WritebackTmp:          0 kB
CommitLimit:     9202288 kB
Committed_AS:   66027224 kB
VmallocTotal:   263061440 kB
VmallocUsed:      103152 kB
VmallocChunk:          0 kB
Percpu:             7648 kB
CmaTotal:         294912 kB
CmaFree:               0 kB
MemTotal:       12113132 kB
MemFree:         6167604 kB
MemAvailable:    7976720 kB
Buffers:            6904 kB
Cached:          1904096 kB
SwapCached:            0 kB
Active:          1493220 kB
Inactive:        1652636 kB
Active(anon):    1241316 kB
Inactive(anon):    27404 kB
Active(file):     251904 kB
Inactive(file):  1625232 kB
Unevictable:        5532 kB
Mlocked:            5532 kB
SwapTotal:       3145724 kB
SwapFree:        3145724 kB
Dirty:               288 kB
Writeback:             0 kB
AnonPages:       1240060 kB
Mapped:           861720 kB
Shmem:             29384 kB
KReclaimable:     800684 kB
Slab:             222016 kB
SReclaimable:      78196 kB
SUnreclaim:       143820 kB
KernelStack:       46244 kB
PageTables:        62636 kB
NFS_Unstable:          0 kB
Bounce:                0 kB
WritebackTmp:          0 kB
CommitLimit:     9202288 kB
Committed_AS:   66031376 kB
VmallocTotal:   263061440 kB
VmallocUsed:      103216 kB
VmallocChunk:          0 kB
Percpu:             7648 kB
CmaTotal:         294912 kB
CmaFree:              48 kB
MemTotal:       12113132 kB
MemFree:         6167644 kB
MemAvailable:    7976796 kB
Buffers:            6904 kB
Cached:          1904132 kB
SwapCached:            0 kB
Active:          1493644 kB
Inactive:        1652668 kB
Active(anon):    1241736 kB
Inactive(anon):    27404 kB
Active(file):     251908 kB
Inactive(file):  1625264 kB
Unevictable:        5532 kB
Mlocked:            5532 kB
SwapTotal:       3145724 kB
SwapFree:        3145724 kB
Dirty:               308 kB
Writeback:             0 kB
AnonPages:       1240864 kB
Mapped:           861596 kB
Shmem:             29384 kB
KReclaimable:     800684 kB
Slab:             222024 kB
SReclaimable:      78196 kB
SUnreclaim:       143828 kB
KernelStack:       46176 kB
PageTables:        62752 kB
NFS_Unstable:          0 kB
Bounce:                0 kB
WritebackTmp:          0 kB
CommitLimit:     9202288 kB
Committed_AS:   66031644 kB
VmallocTotal:   263061440 kB
VmallocUsed:      103120 kB
VmallocChunk:          0 kB
Percpu:             7648 kB
CmaTotal:         294912 kB
CmaFree:               0 kB
MemTotal:       12113132 kB
MemFree:         6167212 kB
MemAvailable:    7976364 kB
Buffers:            6904 kB
Cached:          1904132 kB
SwapCached:            0 kB
Active:          1494424 kB
Inactive:        1652668 kB
Active(anon):    1242516 kB
Inactive(anon):    27404 kB
Active(file):     251908 kB
Inactive(file):  1625264 kB
Unevictable:        5532 kB
Mlocked:            5532 kB
SwapTotal:       3145724 kB
SwapFree:        3145724 kB
Dirty:               308 kB
Writeback:             0 kB
AnonPages:       1241324 kB
Mapped:           861868 kB
Shmem:             29384 kB
KReclaimable:     800684 kB
Slab:             222008 kB
SReclaimable:      78196 kB
SUnreclaim:       143812 kB
KernelStack:       46196 kB
PageTables:        63112 kB
NFS_Unstable:          0 kB
Bounce:                0 kB
WritebackTmp:          0 kB
CommitLimit:     9202288 kB
Committed_AS:   66027136 kB
VmallocTotal:   263061440 kB
VmallocUsed:      103152 kB
VmallocChunk:          0 kB
Percpu:             7648 kB
CmaTotal:         294912 kB
CmaFree:               0 kB
MemTotal:       12113132 kB
MemFree:         6166092 kB
MemAvailable:    7975272 kB
Buffers:            6904 kB
Cached:          1904160 kB
SwapCached:            0 kB
Active:          1495352 kB
Inactive:        1652696 kB
Active(anon):    1243444 kB
Inactive(anon):    27404 kB
Active(file):     251908 kB
Inactive(file):  1625292 kB
Unevictable:        5532 kB
Mlocked:            5532 kB
SwapTotal:       3145724 kB
SwapFree:        3145724 kB
Dirty:               360 kB
Writeback:             0 kB
AnonPages:       1242568 kB
Mapped:           861596 kB
Shmem:             29384 kB
KReclaimable:     800684 kB
Slab:             222016 kB
SReclaimable:      78196 kB
SUnreclaim:       143820 kB
KernelStack:       46176 kB
PageTables:        62748 kB
NFS_Unstable:          0 kB
Bounce:                0 kB
WritebackTmp:          0 kB
CommitLimit:     9202288 kB
Committed_AS:   66031544 kB
VmallocTotal:   263061440 kB
VmallocUsed:      103200 kB
VmallocChunk:          0 kB
Percpu:             7648 kB
CmaTotal:         294912 kB
CmaFree:               0 kB
MemTotal:       12113132 kB
MemFree:         6165600 kB
MemAvailable:    7974800 kB
Buffers:            6908 kB
Cached:          1904176 kB
SwapCached:            0 kB
Active:          1495960 kB
Inactive:        1652716 kB
Active(anon):    1244052 kB
Inactive(anon):    27404 kB
Active(file):     251908 kB
Inactive(file):  1625312 kB
Unevictable:        5532 kB
Mlocked:            5532 kB
SwapTotal:       3145724 kB
SwapFree:        3145724 kB
Dirty:               352 kB
Writeback:             0 kB
AnonPages:       1242904 kB
Mapped:           861728 kB
Shmem:             29384 kB
KReclaimable:     800684 kB
Slab:             222024 kB
SReclaimable:      78196 kB
SUnreclaim:       143828 kB
KernelStack:       46224 kB
PageTables:        62848 kB
NFS_Unstable:          0 kB
Bounce:                0 kB
WritebackTmp:          0 kB
CommitLimit:     9202288 kB
Committed_AS:   66031112 kB
VmallocTotal:   263061440 kB
VmallocUsed:      103184 kB
VmallocChunk:          0 kB
Percpu:             7648 kB
CmaTotal:         294912 kB
CmaFree:               0 kB
MemTotal:       12113132 kB
MemFree:         6178612 kB
MemAvailable:    7987848 kB
Buffers:            6908 kB
Cached:          1904212 kB
SwapCached:            0 kB
Active:          1482276 kB
Inactive:        1652744 kB
Active(anon):    1230360 kB
Inactive(anon):    27404 kB
Active(file):     251916 kB
Inactive(file):  1625340 kB
Unevictable:        5532 kB
Mlocked:            5532 kB
SwapTotal:       3145724 kB
SwapFree:        3145724 kB
Dirty:               392 kB
Writeback:             0 kB
AnonPages:       1229512 kB
Mapped:           861800 kB
Shmem:             29384 kB
KReclaimable:     800684 kB
Slab:             222016 kB
SReclaimable:      78196 kB
SUnreclaim:       143820 kB
KernelStack:       46244 kB
PageTables:        62988 kB
NFS_Unstable:          0 kB
Bounce:                0 kB
WritebackTmp:          0 kB
CommitLimit:     9202288 kB
Committed_AS:   66027300 kB
VmallocTotal:   263061440 kB
VmallocUsed:      103232 kB
VmallocChunk:          0 kB
Percpu:             7648 kB
CmaTotal:         294912 kB
CmaFree:               0 kB
MemTotal:       12113132 kB
MemFree:         6177716 kB
MemAvailable:    7986964 kB
Buffers:            6908 kB
Cached:          1904224 kB
SwapCached:            0 kB
Active:          1482644 kB
Inactive:        1652760 kB
Active(anon):    1230732 kB
Inactive(anon):    27404 kB
Active(file):     251912 kB
Inactive(file):  1625356 kB
Unevictable:        5532 kB
Mlocked:            5532 kB
SwapTotal:       3145724 kB
SwapFree:        3145724 kB
Dirty:               416 kB
Writeback:             0 kB
AnonPages:       1229856 kB
Mapped:           861596 kB
Shmem:             29384 kB
KReclaimable:     800684 kB
Slab:             222016 kB
SReclaimable:      78196 kB
SUnreclaim:       143820 kB
KernelStack:       46256 kB
PageTables:        62848 kB
NFS_Unstable:          0 kB
Bounce:                0 kB
WritebackTmp:          0 kB
CommitLimit:     9202288 kB
Committed_AS:   66032224 kB
VmallocTotal:   263061440 kB
VmallocUsed:      103216 kB
VmallocChunk:          0 kB
Percpu:             7648 kB
CmaTotal:         294912 kB
CmaFree:               0 kB
MemTotal:       12113132 kB
MemFree:         6178700 kB
MemAvailable:    7987964 kB
Buffers:            6908 kB
Cached:          1904240 kB
SwapCached:            0 kB
Active:          1483644 kB
Inactive:        1652776 kB
Active(anon):    1231732 kB
Inactive(anon):    27404 kB
Active(file):     251912 kB
Inactive(file):  1625372 kB
Unevictable:        5532 kB
Mlocked:            5532 kB
SwapTotal:       3145724 kB
SwapFree:        3145724 kB
Dirty:               432 kB
Writeback:             0 kB
AnonPages:       1230928 kB
Mapped:           861596 kB
Shmem:             29384 kB
KReclaimable:     800684 kB
Slab:             222016 kB
SReclaimable:      78196 kB
SUnreclaim:       143820 kB
KernelStack:       46240 kB
PageTables:        62752 kB
NFS_Unstable:          0 kB
Bounce:                0 kB
WritebackTmp:          0 kB
CommitLimit:     9202288 kB
Committed_AS:   66032676 kB
VmallocTotal:   263061440 kB
VmallocUsed:      103184 kB
VmallocChunk:          0 kB
Percpu:             7648 kB
CmaTotal:         294912 kB
CmaFree:               0 kB
MemTotal:       12113132 kB
MemFree:         6177960 kB
MemAvailable:    7987236 kB
Buffers:            6908 kB
Cached:          1904252 kB
SwapCached:            0 kB
Active:          1484504 kB
Inactive:        1652784 kB
Active(anon):    1232588 kB
Inactive(anon):    27404 kB
Active(file):     251916 kB
Inactive(file):  1625380 kB
Unevictable:        5532 kB
Mlocked:            5532 kB
SwapTotal:       3145724 kB
SwapFree:        3145724 kB
Dirty:               448 kB
Writeback:             0 kB
AnonPages:       1231564 kB
Mapped:           861616 kB
Shmem:             29384 kB
KReclaimable:     800684 kB
Slab:             222024 kB
SReclaimable:      78196 kB
SUnreclaim:       143828 kB
KernelStack:       46240 kB
PageTables:        62800 kB
NFS_Unstable:          0 kB
Bounce:                0 kB
WritebackTmp:          0 kB
CommitLimit:     9202288 kB
Committed_AS:   66032192 kB
VmallocTotal:   263061440 kB
VmallocUsed:      103200 kB
VmallocChunk:          0 kB
Percpu:             7648 kB
CmaTotal:         294912 kB
CmaFree:               0 kB
MemTotal:       12113132 kB
MemFree:         6177276 kB
MemAvailable:    7986572 kB
Buffers:            6908 kB
Cached:          1904272 kB
SwapCached:            0 kB
Active:          1485264 kB
Inactive:        1652804 kB
Active(anon):    1233348 kB
Inactive(anon):    27404 kB
Active(file):     251916 kB
Inactive(file):  1625400 kB
Unevictable:        5532 kB
Mlocked:            5532 kB
SwapTotal:       3145724 kB
SwapFree:        3145724 kB
Dirty:               480 kB
Writeback:             0 kB
AnonPages:       1232432 kB
Mapped:           861596 kB
Shmem:             29384 kB
KReclaimable:     800684 kB
Slab:             222016 kB
SReclaimable:      78196 kB
SUnreclaim:       143820 kB
KernelStack:       46208 kB
PageTables:        62752 kB
NFS_Unstable:          0 kB
Bounce:                0 kB
WritebackTmp:          0 kB
CommitLimit:     9202288 kB
Committed_AS:   66027600 kB
VmallocTotal:   263061440 kB
VmallocUsed:      103232 kB
VmallocChunk:          0 kB
Percpu:             7648 kB
CmaTotal:         294912 kB
CmaFree:               0 kB
MemTotal:       12113132 kB
MemFree:         6176224 kB
MemAvailable:    7985528 kB
Buffers:            6908 kB
Cached:          1904280 kB
SwapCached:            0 kB
Active:          1486028 kB
Inactive:        1652812 kB
Active(anon):    1234112 kB
Inactive(anon):    27404 kB
Active(file):     251916 kB
Inactive(file):  1625408 kB
Unevictable:        5532 kB
Mlocked:            5532 kB
SwapTotal:       3145724 kB
SwapFree:        3145724 kB
Dirty:               240 kB
Writeback:             0 kB
AnonPages:       1232920 kB
Mapped:           861652 kB
Shmem:             29384 kB
KReclaimable:     800684 kB
Slab:             222024 kB
SReclaimable:      78196 kB
SUnreclaim:       143828 kB
KernelStack:       46244 kB
PageTables:        62996 kB
NFS_Unstable:          0 kB
Bounce:                0 kB
WritebackTmp:          0 kB
CommitLimit:     9202288 kB
Committed_AS:   66031448 kB
VmallocTotal:   263061440 kB
VmallocUsed:      103232 kB
VmallocChunk:          0 kB
Percpu:             7648 kB
CmaTotal:         294912 kB
CmaFree:               4 kB
MemTotal:       12113132 kB
MemFree:         6176380 kB
MemAvailable:    7985712 kB
Buffers:            6908 kB
Cached:          1904308 kB
SwapCached:            0 kB
Active:          1486360 kB
Inactive:        1652840 kB
Active(anon):    1234444 kB
Inactive(anon):    27404 kB
Active(file):     251916 kB
Inactive(file):  1625436 kB
Unevictable:        5532 kB
Mlocked:            5532 kB
SwapTotal:       3145724 kB
SwapFree:        3145724 kB
Dirty:               260 kB
Writeback:             0 kB
AnonPages:       1233580 kB
Mapped:           861596 kB
Shmem:             29384 kB
KReclaimable:     800684 kB
Slab:             222024 kB
SReclaimable:      78196 kB
SUnreclaim:       143828 kB
KernelStack:       46208 kB
PageTables:        62720 kB
NFS_Unstable:          0 kB
Bounce:                0 kB
WritebackTmp:          0 kB
CommitLimit:     9202288 kB
Committed_AS:   66025652 kB
VmallocTotal:   263061440 kB
VmallocUsed:      103216 kB
VmallocChunk:          0 kB
Percpu:             7648 kB
CmaTotal:         294912 kB
CmaFree:               0 kB
MemTotal:       12113132 kB
MemFree:         6174644 kB
MemAvailable:    7983988 kB
Buffers:            6908 kB
Cached:          1904324 kB
SwapCached:            0 kB
Active:          1487112 kB
Inactive:        1652856 kB
Active(anon):    1235196 kB
Inactive(anon):    27408 kB
Active(file):     251916 kB
Inactive(file):  1625448 kB
Unevictable:        5532 kB
Mlocked:            5532 kB
SwapTotal:       3145724 kB
SwapFree:        3145724 kB
Dirty:               300 kB
Writeback:             0 kB
AnonPages:       1234340 kB
Mapped:           861600 kB
Shmem:             29388 kB
KReclaimable:     800684 kB
Slab:             222028 kB
SReclaimable:      78196 kB
SUnreclaim:       143832 kB
KernelStack:       46256 kB
PageTables:        62824 kB
NFS_Unstable:          0 kB
Bounce:                0 kB
WritebackTmp:          0 kB
CommitLimit:     9202288 kB
Committed_AS:   66029976 kB
VmallocTotal:   263061440 kB
VmallocUsed:      103248 kB
VmallocChunk:          0 kB
Percpu:             7648 kB
CmaTotal:         294912 kB
CmaFree:               0 kB
MemTotal:       12113132 kB
MemFree:         6172600 kB
MemAvailable:    7981964 kB
Buffers:            6908 kB
Cached:          1904344 kB
SwapCached:            0 kB
Active:          1488660 kB
Inactive:        1652876 kB
Active(anon):    1236744 kB
Inactive(anon):    27408 kB
Active(file):     251916 kB
Inactive(file):  1625468 kB
Unevictable:        5532 kB
Mlocked:            5532 kB
SwapTotal:       3145724 kB
SwapFree:        3145724 kB
Dirty:               388 kB
Writeback:             0 kB
AnonPages:       1235916 kB
Mapped:           861760 kB
Shmem:             29388 kB
KReclaimable:     800684 kB
Slab:             222020 kB
SReclaimable:      78196 kB
SUnreclaim:       143824 kB
KernelStack:       46208 kB
PageTables:        62752 kB
NFS_Unstable:          0 kB
Bounce:                0 kB
WritebackTmp:          0 kB
CommitLimit:     9202288 kB
Committed_AS:   66031244 kB
VmallocTotal:   263061440 kB
VmallocUsed:      103216 kB
VmallocChunk:          0 kB
Percpu:             7648 kB
CmaTotal:         294912 kB
CmaFree:               0 kB
MemTotal:       12113132 kB
MemFree:         6172132 kB
MemAvailable:    7981508 kB
Buffers:            6908 kB
Cached:          1904356 kB
SwapCached:            0 kB
Active:          1489068 kB
Inactive:        1652888 kB
Active(anon):    1237152 kB
Inactive(anon):    27408 kB
Active(file):     251916 kB
Inactive(file):  1625480 kB
Unevictable:        5532 kB
Mlocked:            5532 kB
SwapTotal:       3145724 kB
SwapFree:        3145724 kB
Dirty:               400 kB
Writeback:             0 kB
AnonPages:       1236304 kB
Mapped:           861952 kB
Shmem:             29388 kB
KReclaimable:     800684 kB
Slab:             222036 kB
SReclaimable:      78196 kB
SUnreclaim:       143840 kB
KernelStack:       46228 kB
PageTables:        62680 kB
NFS_Unstable:          0 kB
Bounce:                0 kB
WritebackTmp:          0 kB
CommitLimit:     9202288 kB
Committed_AS:   66030760 kB
VmallocTotal:   263061440 kB
VmallocUsed:      103232 kB
VmallocChunk:          0 kB
Percpu:             7648 kB
CmaTotal:         294912 kB
CmaFree:               0 kB
MemTotal:       12113132 kB
MemFree:         6172688 kB
MemAvailable:    7982080 kB
Buffers:            6908 kB
Cached:          1904372 kB
SwapCached:            0 kB
Active:          1488944 kB
Inactive:        1652904 kB
Active(anon):    1237028 kB
Inactive(anon):    27408 kB
Active(file):     251916 kB
Inactive(file):  1625496 kB
Unevictable:        5532 kB
Mlocked:            5532 kB
SwapTotal:       3145724 kB
SwapFree:        3145724 kB
Dirty:               436 kB
Writeback:             0 kB
AnonPages:       1235984 kB
Mapped:           861760 kB
Shmem:             29388 kB
KReclaimable:     800684 kB
Slab:             222020 kB
SReclaimable:      78196 kB
SUnreclaim:       143824 kB
KernelStack:       46208 kB
PageTables:        62756 kB
NFS_Unstable:          0 kB
Bounce:                0 kB
WritebackTmp:          0 kB
CommitLimit:     9202288 kB
Committed_AS:   66026068 kB
VmallocTotal:   263061440 kB
VmallocUsed:      103200 kB
VmallocChunk:          0 kB
Percpu:             7648 kB
CmaTotal:         294912 kB
CmaFree:               0 kB
MemTotal:       12113132 kB
MemFree:         6173520 kB
MemAvailable:    7982924 kB
Buffers:            6908 kB
Cached:          1904384 kB
SwapCached:            0 kB
Active:          1489372 kB
Inactive:        1652916 kB
Active(anon):    1237456 kB
Inactive(anon):    27408 kB
Active(file):     251916 kB
Inactive(file):  1625508 kB
Unevictable:        5532 kB
Mlocked:            5532 kB
SwapTotal:       3145724 kB
SwapFree:        3145724 kB
Dirty:               472 kB
Writeback:             0 kB
AnonPages:       1236740 kB
Mapped:           861816 kB
Shmem:             29388 kB
KReclaimable:     800684 kB
Slab:             222036 kB
SReclaimable:      78196 kB
SUnreclaim:       143840 kB
KernelStack:       46244 kB
PageTables:        62976 kB
NFS_Unstable:          0 kB
Bounce:                0 kB
WritebackTmp:          0 kB
CommitLimit:     9202288 kB
Committed_AS:   66027336 kB
VmallocTotal:   263061440 kB
VmallocUsed:      103200 kB
VmallocChunk:          0 kB
Percpu:             7648 kB
CmaTotal:         294912 kB
CmaFree:               0 kB
MemTotal:       12113132 kB
MemFree:         6171720 kB
MemAvailable:    7981144 kB
Buffers:            6908 kB
Cached:          1904404 kB
SwapCached:            0 kB
Active:          1490288 kB
Inactive:        1652936 kB
Active(anon):    1238372 kB
Inactive(anon):    27408 kB
Active(file):     251916 kB
Inactive(file):  1625528 kB
Unevictable:        5532 kB
Mlocked:            5532 kB
SwapTotal:       3145724 kB
SwapFree:        3145724 kB
Dirty:               304 kB
Writeback:             0 kB
AnonPages:       1237560 kB
Mapped:           861760 kB
Shmem:             29388 kB
KReclaimable:     800684 kB
Slab:             222028 kB
SReclaimable:      78196 kB
SUnreclaim:       143832 kB
KernelStack:       46224 kB
PageTables:        62880 kB
NFS_Unstable:          0 kB
Bounce:                0 kB
WritebackTmp:          0 kB
CommitLimit:     9202288 kB
Committed_AS:   66026908 kB
VmallocTotal:   263061440 kB
VmallocUsed:      103200 kB
VmallocChunk:          0 kB
Percpu:             7648 kB
CmaTotal:         294912 kB
CmaFree:               0 kB
MemTotal:       12113132 kB
MemFree:         6170908 kB
MemAvailable:    7980348 kB
Buffers:            6908 kB
Cached:          1904420 kB
SwapCached:            0 kB
Active:          1491024 kB
Inactive:        1652952 kB
Active(anon):    1239108 kB
Inactive(anon):    27408 kB
Active(file):     251916 kB
Inactive(file):  1625544 kB
Unevictable:        5532 kB
Mlocked:            5532 kB
SwapTotal:       3145724 kB
SwapFree:        3145724 kB
Dirty:               360 kB
Writeback:             0 kB
AnonPages:       1238224 kB
Mapped:           861760 kB
Shmem:             29388 kB
KReclaimable:     800684 kB
Slab:             222020 kB
SReclaimable:      78196 kB
SUnreclaim:       143824 kB
KernelStack:       46224 kB
PageTables:        62776 kB
NFS_Unstable:          0 kB
Bounce:                0 kB
WritebackTmp:          0 kB
CommitLimit:     9202288 kB
Committed_AS:   66030848 kB
VmallocTotal:   263061440 kB
VmallocUsed:      103216 kB
VmallocChunk:          0 kB
Percpu:             7648 kB
CmaTotal:         294912 kB
CmaFree:               0 kB
MemTotal:       12113132 kB
MemFree:         6171772 kB
MemAvailable:    7981244 kB
Buffers:            6912 kB
Cached:          1904448 kB
SwapCached:            0 kB
Active:          1490448 kB
Inactive:        1652980 kB
Active(anon):    1238528 kB
Inactive(anon):    27408 kB
Active(file):     251920 kB
Inactive(file):  1625572 kB
Unevictable:        5532 kB
Mlocked:            5532 kB
SwapTotal:       3145724 kB
SwapFree:        3145724 kB
Dirty:               376 kB
Writeback:             0 kB
AnonPages:       1237620 kB
Mapped:           861760 kB
Shmem:             29388 kB
KReclaimable:     800684 kB
Slab:             222020 kB
SReclaimable:      78196 kB
SUnreclaim:       143824 kB
KernelStack:       46208 kB
PageTables:        62760 kB
NFS_Unstable:          0 kB
Bounce:                0 kB
WritebackTmp:          0 kB
CommitLimit:     9202288 kB
Committed_AS:   66030364 kB
VmallocTotal:   263061440 kB
VmallocUsed:      103184 kB
VmallocChunk:          0 kB
Percpu:             7648 kB
CmaTotal:         294912 kB
CmaFree:               0 kB
MemTotal:       12113132 kB
MemFree:         6170744 kB
MemAvailable:    7980236 kB
Buffers:            6912 kB
Cached:          1904468 kB
SwapCached:            0 kB
Active:          1490676 kB
Inactive:        1653000 kB
Active(anon):    1238756 kB
Inactive(anon):    27408 kB
Active(file):     251920 kB
Inactive(file):  1625592 kB
Unevictable:        5532 kB
Mlocked:            5532 kB
SwapTotal:       3145724 kB
SwapFree:        3145724 kB
Dirty:               400 kB
Writeback:             0 kB
AnonPages:       1238080 kB
Mapped:           862028 kB
Shmem:             29388 kB
KReclaimable:     800684 kB
Slab:             222044 kB
SReclaimable:      78196 kB
SUnreclaim:       143848 kB
KernelStack:       46224 kB
PageTables:        62872 kB
NFS_Unstable:          0 kB
Bounce:                0 kB
WritebackTmp:          0 kB
CommitLimit:     9202288 kB
Committed_AS:   66025536 kB
VmallocTotal:   263061440 kB
VmallocUsed:      103216 kB
VmallocChunk:          0 kB
Percpu:             7648 kB
CmaTotal:         294912 kB
CmaFree:               8 kB
MemTotal:       12113132 kB
MemFree:         6133068 kB
MemAvailable:    7942576 kB
Buffers:            6912 kB
Cached:          1904484 kB
SwapCached:            0 kB
Active:          1527540 kB
Inactive:        1653016 kB
Active(anon):    1275620 kB
Inactive(anon):    27408 kB
Active(file):     251920 kB
Inactive(file):  1625608 kB
Unevictable:        5532 kB
Mlocked:            5532 kB
SwapTotal:       3145724 kB
SwapFree:        3145724 kB
Dirty:               428 kB
Writeback:             0 kB
AnonPages:       1274704 kB
Mapped:           861760 kB
Shmem:             29388 kB
KReclaimable:     800684 kB
Slab:             222028 kB
SReclaimable:      78196 kB
SUnreclaim:       143832 kB
KernelStack:       46208 kB
PageTables:        62756 kB
NFS_Unstable:          0 kB
Bounce:                0 kB
WritebackTmp:          0 kB
CommitLimit:     9202288 kB
Committed_AS:   66029944 kB
VmallocTotal:   263061440 kB
VmallocUsed:      103248 kB
VmallocChunk:          0 kB
Percpu:             7648 kB
CmaTotal:         294912 kB
CmaFree:               0 kB
MemTotal:       12113132 kB
MemFree:         6132860 kB
MemAvailable:    7942388 kB
Buffers:            6912 kB
Cached:          1904504 kB
SwapCached:            0 kB
Active:          1527312 kB
Inactive:        1653036 kB
Active(anon):    1275392 kB
Inactive(anon):    27408 kB
Active(file):     251920 kB
Inactive(file):  1625628 kB
Unevictable:        5532 kB
Mlocked:            5532 kB
SwapTotal:       3145724 kB
SwapFree:        3145724 kB
Dirty:               448 kB
Writeback:             0 kB
AnonPages:       1274548 kB
Mapped:           861780 kB
Shmem:             29388 kB
KReclaimable:     800684 kB
Slab:             222020 kB
SReclaimable:      78196 kB
SUnreclaim:       143824 kB
KernelStack:       46240 kB
PageTables:        62800 kB
NFS_Unstable:          0 kB
Bounce:                0 kB
WritebackTmp:          0 kB
CommitLimit:     9202288 kB
Committed_AS:   66029680 kB
VmallocTotal:   263061440 kB
VmallocUsed:      103280 kB
VmallocChunk:          0 kB
Percpu:             7648 kB
CmaTotal:         294912 kB
CmaFree:               0 kB
MemTotal:       12113132 kB
MemFree:         6132672 kB
MemAvailable:    7942212 kB
Buffers:            6912 kB
Cached:          1904516 kB
SwapCached:            0 kB
Active:          1527788 kB
Inactive:        1653048 kB
Active(anon):    1275868 kB
Inactive(anon):    27408 kB
Active(file):     251920 kB
Inactive(file):  1625640 kB
Unevictable:        5532 kB
Mlocked:            5532 kB
SwapTotal:       3145724 kB
SwapFree:        3145724 kB
Dirty:               464 kB
Writeback:             0 kB
AnonPages:       1275016 kB
Mapped:           861760 kB
Shmem:             29388 kB
KReclaimable:     800684 kB
Slab:             222012 kB
SReclaimable:      78196 kB
SUnreclaim:       143816 kB
KernelStack:       46208 kB
PageTables:        62756 kB
NFS_Unstable:          0 kB
Bounce:                0 kB
WritebackTmp:          0 kB
CommitLimit:     9202288 kB
Committed_AS:   66031940 kB
VmallocTotal:   263061440 kB
VmallocUsed:      103232 kB
VmallocChunk:          0 kB
Percpu:             7648 kB
CmaTotal:         294912 kB
CmaFree:               0 kB
MemTotal:       12113132 kB
MemFree:         6133252 kB
MemAvailable:    7942796 kB
Buffers:            6912 kB
Cached:          1904420 kB
SwapCached:            0 kB
Active:          1528424 kB
Inactive:        1652952 kB
Active(anon):    1276504 kB
Inactive(anon):    27308 kB
Active(file):     251920 kB
Inactive(file):  1625644 kB
Unevictable:        5532 kB
Mlocked:            5532 kB
SwapTotal:       3145724 kB
SwapFree:        3145724 kB
Dirty:               488 kB
Writeback:             0 kB
AnonPages:       1275428 kB
Mapped:           861808 kB
Shmem:             29288 kB
KReclaimable:     800684 kB
Slab:             222020 kB
SReclaimable:      78196 kB
SUnreclaim:       143824 kB
KernelStack:       46276 kB
PageTables:        62684 kB
NFS_Unstable:          0 kB
Bounce:                0 kB
WritebackTmp:          0 kB
CommitLimit:     9202288 kB
Committed_AS:   66038336 kB
VmallocTotal:   263061440 kB
VmallocUsed:      103216 kB
VmallocChunk:          0 kB
Percpu:             7648 kB
CmaTotal:         294912 kB
CmaFree:               0 kB
MemTotal:       12113132 kB
MemFree:         6132868 kB
MemAvailable:    7942444 kB
Buffers:            6912 kB
Cached:          1904552 kB
SwapCached:            0 kB
Active:          1528848 kB
Inactive:        1653084 kB
Active(anon):    1276928 kB
Inactive(anon):    27408 kB
Active(file):     251920 kB
Inactive(file):  1625676 kB
Unevictable:        5532 kB
Mlocked:            5532 kB
SwapTotal:       3145724 kB
SwapFree:        3145724 kB
Dirty:               536 kB
Writeback:             0 kB
AnonPages:       1276036 kB
Mapped:           861760 kB
Shmem:             29388 kB
KReclaimable:     800684 kB
Slab:             222028 kB
SReclaimable:      78196 kB
SUnreclaim:       143832 kB
KernelStack:       46224 kB
PageTables:        62740 kB
NFS_Unstable:          0 kB
Bounce:                0 kB
WritebackTmp:          0 kB
CommitLimit:     9202288 kB
Committed_AS:   66030804 kB
VmallocTotal:   263061440 kB
VmallocUsed:      103200 kB
VmallocChunk:          0 kB
Percpu:             7648 kB
CmaTotal:         294912 kB
CmaFree:               0 kB
MemTotal:       12113132 kB
MemFree:         6131928 kB
MemAvailable:    7941504 kB
Buffers:            6912 kB
Cached:          1904552 kB
SwapCached:            0 kB
Active:          1529204 kB
Inactive:        1653084 kB
Active(anon):    1277284 kB
Inactive(anon):    27408 kB
Active(file):     251920 kB
Inactive(file):  1625676 kB
Unevictable:        5532 kB
Mlocked:            5532 kB
SwapTotal:       3145724 kB
SwapFree:        3145724 kB
Dirty:               544 kB
Writeback:             0 kB
AnonPages:       1276752 kB
Mapped:           861888 kB
Shmem:             29388 kB
KReclaimable:     800684 kB
Slab:             222012 kB
SReclaimable:      78196 kB
SUnreclaim:       143816 kB
KernelStack:       46192 kB
PageTables:        62720 kB
NFS_Unstable:          0 kB
Bounce:                0 kB
WritebackTmp:          0 kB
CommitLimit:     9202288 kB
Committed_AS:   66030576 kB
VmallocTotal:   263061440 kB
VmallocUsed:      103184 kB
VmallocChunk:          0 kB
Percpu:             7648 kB
CmaTotal:         294912 kB
CmaFree:               0 kB
MemTotal:       12113132 kB
MemFree:         6131296 kB
MemAvailable:    7940900 kB
Buffers:            6912 kB
Cached:          1904580 kB
SwapCached:            0 kB
Active:          1529676 kB
Inactive:        1653112 kB
Active(anon):    1277756 kB
Inactive(anon):    27408 kB
Active(file):     251920 kB
Inactive(file):  1625704 kB
Unevictable:        5532 kB
Mlocked:            5532 kB
SwapTotal:       3145724 kB
SwapFree:        3145724 kB
Dirty:               596 kB
Writeback:             0 kB
AnonPages:       1276872 kB
Mapped:           861820 kB
Shmem:             29388 kB
KReclaimable:     800684 kB
Slab:             222028 kB
SReclaimable:      78196 kB
SUnreclaim:       143832 kB
KernelStack:       46208 kB
PageTables:        62756 kB
NFS_Unstable:          0 kB
Bounce:                0 kB
WritebackTmp:          0 kB
CommitLimit:     9202288 kB
Committed_AS:   66035108 kB
VmallocTotal:   263061440 kB
VmallocUsed:      103216 kB
VmallocChunk:          0 kB
Percpu:             7648 kB
CmaTotal:         294912 kB
CmaFree:               0 kB
MemTotal:       12113132 kB
MemFree:         6133912 kB
MemAvailable:    7943480 kB
Buffers:            6912 kB
Cached:          1904596 kB
SwapCached:            0 kB
Active:          1531792 kB
Inactive:        1653128 kB
Active(anon):    1279872 kB
Inactive(anon):    27408 kB
Active(file):     251920 kB
Inactive(file):  1625720 kB
Unevictable:        5532 kB
Mlocked:            5532 kB
SwapTotal:       3145724 kB
SwapFree:        3145724 kB
Dirty:               664 kB
Writeback:             0 kB
AnonPages:       1279028 kB
Mapped:           861820 kB
Shmem:             29388 kB
KReclaimable:     800632 kB
Slab:             221968 kB
SReclaimable:      78144 kB
SUnreclaim:       143824 kB
KernelStack:       46256 kB
PageTables:        62828 kB
NFS_Unstable:          0 kB
Bounce:                0 kB
WritebackTmp:          0 kB
CommitLimit:     9202288 kB
Committed_AS:   66035196 kB
VmallocTotal:   263061440 kB
VmallocUsed:      103216 kB
VmallocChunk:          0 kB
Percpu:             7648 kB
CmaTotal:         294912 kB
CmaFree:               0 kB
MemTotal:       12113132 kB
MemFree:         6132860 kB
MemAvailable:    7942440 kB
Buffers:            6912 kB
Cached:          1904608 kB
SwapCached:            0 kB
Active:          1530636 kB
Inactive:        1653140 kB
Active(anon):    1278716 kB
Inactive(anon):    27408 kB
Active(file):     251920 kB
Inactive(file):  1625732 kB
Unevictable:        5532 kB
Mlocked:            5532 kB
SwapTotal:       3145724 kB
SwapFree:        3145724 kB
Dirty:               688 kB
Writeback:             0 kB
AnonPages:       1277840 kB
Mapped:           861820 kB
Shmem:             29388 kB
KReclaimable:     800632 kB
Slab:             221968 kB
SReclaimable:      78144 kB
SUnreclaim:       143824 kB
KernelStack:       46208 kB
PageTables:        62756 kB
NFS_Unstable:          0 kB
Bounce:                0 kB
WritebackTmp:          0 kB
CommitLimit:     9202288 kB
Committed_AS:   66034972 kB
VmallocTotal:   263061440 kB
VmallocUsed:      103232 kB
VmallocChunk:          0 kB
Percpu:             7648 kB
CmaTotal:         294912 kB
CmaFree:               0 kB
MemTotal:       12113132 kB
MemFree:         6133052 kB
MemAvailable:    7942648 kB
Buffers:            6912 kB
Cached:          1904624 kB
SwapCached:            0 kB
Active:          1531268 kB
Inactive:        1653156 kB
Active(anon):    1279348 kB
Inactive(anon):    27408 kB
Active(file):     251920 kB
Inactive(file):  1625748 kB
Unevictable:        5532 kB
Mlocked:            5532 kB
SwapTotal:       3145724 kB
SwapFree:        3145724 kB
Dirty:               716 kB
Writeback:             0 kB
AnonPages:       1278224 kB
Mapped:           861820 kB
Shmem:             29388 kB
KReclaimable:     800632 kB
Slab:             221968 kB
SReclaimable:      78144 kB
SUnreclaim:       143824 kB
KernelStack:       46208 kB
PageTables:        62828 kB
NFS_Unstable:          0 kB
Bounce:                0 kB
WritebackTmp:          0 kB
CommitLimit:     9202288 kB
Committed_AS:   66029388 kB
VmallocTotal:   263061440 kB
VmallocUsed:      103184 kB
VmallocChunk:          0 kB
Percpu:             7648 kB
CmaTotal:         294912 kB
CmaFree:               0 kB
MemTotal:       12113132 kB
MemFree:         6132352 kB
MemAvailable:    7941968 kB
Buffers:            6912 kB
Cached:          1904644 kB
SwapCached:            0 kB
Active:          1531688 kB
Inactive:        1653176 kB
Active(anon):    1279768 kB
Inactive(anon):    27408 kB
Active(file):     251920 kB
Inactive(file):  1625768 kB
Unevictable:        5532 kB
Mlocked:            5532 kB
SwapTotal:       3145724 kB
SwapFree:        3145724 kB
Dirty:               736 kB
Writeback:             0 kB
AnonPages:       1278900 kB
Mapped:           861820 kB
Shmem:             29388 kB
KReclaimable:     800632 kB
Slab:             221976 kB
SReclaimable:      78144 kB
SUnreclaim:       143832 kB
KernelStack:       46160 kB
PageTables:        62756 kB
NFS_Unstable:          0 kB
Bounce:                0 kB
WritebackTmp:          0 kB
CommitLimit:     9202288 kB
Committed_AS:   66029868 kB
VmallocTotal:   263061440 kB
VmallocUsed:      103168 kB
VmallocChunk:          0 kB
Percpu:             7648 kB
CmaTotal:         294912 kB
CmaFree:               0 kB
MemTotal:       12113132 kB
MemFree:         6131228 kB
MemAvailable:    7940836 kB
Buffers:            6912 kB
Cached:          1904636 kB
SwapCached:            0 kB
Active:          1532340 kB
Inactive:        1653172 kB
Active(anon):    1280424 kB
Inactive(anon):    27408 kB
Active(file):     251916 kB
Inactive(file):  1625764 kB
Unevictable:        5532 kB
Mlocked:            5532 kB
SwapTotal:       3145724 kB
SwapFree:        3145724 kB
Dirty:               736 kB
Writeback:             0 kB
AnonPages:       1279564 kB
Mapped:           862008 kB
Shmem:             29388 kB
KReclaimable:     800632 kB
Slab:             222000 kB
SReclaimable:      78144 kB
SUnreclaim:       143856 kB
KernelStack:       46212 kB
PageTables:        62828 kB
NFS_Unstable:          0 kB
Bounce:                0 kB
WritebackTmp:          0 kB
CommitLimit:     9202288 kB
Committed_AS:   66024516 kB
VmallocTotal:   263061440 kB
VmallocUsed:      103152 kB
VmallocChunk:          0 kB
Percpu:             7648 kB
CmaTotal:         294912 kB
CmaFree:               0 kB
MemTotal:       12113132 kB
MemFree:         6134844 kB
MemAvailable:    7944488 kB
Buffers:            6912 kB
Cached:          1904672 kB
SwapCached:            0 kB
Active:          1529300 kB
Inactive:        1653204 kB
Active(anon):    1277380 kB
Inactive(anon):    27408 kB
Active(file):     251920 kB
Inactive(file):  1625796 kB
Unevictable:        5532 kB
Mlocked:            5532 kB
SwapTotal:       3145724 kB
SwapFree:        3145724 kB
Dirty:               784 kB
Writeback:             0 kB
AnonPages:       1276484 kB
Mapped:           861820 kB
Shmem:             29388 kB
KReclaimable:     800632 kB
Slab:             221968 kB
SReclaimable:      78144 kB
SUnreclaim:       143824 kB
KernelStack:       46160 kB
PageTables:        62756 kB
NFS_Unstable:          0 kB
Bounce:                0 kB
WritebackTmp:          0 kB
CommitLimit:     9202288 kB
Committed_AS:   66020856 kB
VmallocTotal:   263061440 kB
VmallocUsed:      103152 kB
VmallocChunk:          0 kB
Percpu:             7648 kB
CmaTotal:         294912 kB
CmaFree:             176 kB
MemTotal:       12113132 kB
MemFree:         6133416 kB
MemAvailable:    7943108 kB
Buffers:            6920 kB
Cached:          1904712 kB
SwapCached:            0 kB
Active:          1530308 kB
Inactive:        1653244 kB
Active(anon):    1278380 kB
Inactive(anon):    27408 kB
Active(file):     251928 kB
Inactive(file):  1625836 kB
Unevictable:        5532 kB
Mlocked:            5532 kB
SwapTotal:       3145724 kB
SwapFree:        3145724 kB
Dirty:               780 kB
Writeback:             0 kB
AnonPages:       1277492 kB
Mapped:           861820 kB
Shmem:             29388 kB
KReclaimable:     800632 kB
Slab:             221960 kB
SReclaimable:      78144 kB
SUnreclaim:       143816 kB
KernelStack:       46208 kB
PageTables:        62828 kB
NFS_Unstable:          0 kB
Bounce:                0 kB
WritebackTmp:          0 kB
CommitLimit:     9202288 kB
Committed_AS:   66025908 kB
VmallocTotal:   263061440 kB
VmallocUsed:      103168 kB
VmallocChunk:          0 kB
Percpu:             7648 kB
CmaTotal:         294912 kB
CmaFree:               0 kB
MemTotal:       12113132 kB
MemFree:         6132776 kB
MemAvailable:    7942480 kB
Buffers:            6920 kB
Cached:          1904724 kB
SwapCached:            0 kB
Active:          1530692 kB
Inactive:        1653256 kB
Active(anon):    1278764 kB
Inactive(anon):    27408 kB
Active(file):     251928 kB
Inactive(file):  1625848 kB
Unevictable:        5532 kB
Mlocked:            5532 kB
SwapTotal:       3145724 kB
SwapFree:        3145724 kB
Dirty:               792 kB
Writeback:             0 kB
AnonPages:       1277884 kB
Mapped:           861820 kB
Shmem:             29388 kB
KReclaimable:     800632 kB
Slab:             221976 kB
SReclaimable:      78144 kB
SUnreclaim:       143832 kB
KernelStack:       46128 kB
PageTables:        62756 kB
NFS_Unstable:          0 kB
Bounce:                0 kB
WritebackTmp:          0 kB
CommitLimit:     9202288 kB
Committed_AS:   66026348 kB
VmallocTotal:   263061440 kB
VmallocUsed:      103152 kB
VmallocChunk:          0 kB
Percpu:             7648 kB
CmaTotal:         294912 kB
CmaFree:               0 kB
MemTotal:       12113132 kB
MemFree:         6166796 kB
MemAvailable:    7976528 kB
Buffers:            6920 kB
Cached:          1904752 kB
SwapCached:            0 kB
Active:          1496280 kB
Inactive:        1653280 kB
Active(anon):    1244348 kB
Inactive(anon):    27408 kB
Active(file):     251932 kB
Inactive(file):  1625872 kB
Unevictable:        5532 kB
Mlocked:            5532 kB
SwapTotal:       3145724 kB
SwapFree:        3145724 kB
Dirty:               808 kB
Writeback:             0 kB
AnonPages:       1243504 kB
Mapped:           862080 kB
Shmem:             29388 kB
KReclaimable:     800632 kB
Slab:             222008 kB
SReclaimable:      78144 kB
SUnreclaim:       143864 kB
KernelStack:       46164 kB
PageTables:        62904 kB
NFS_Unstable:          0 kB
Bounce:                0 kB
WritebackTmp:          0 kB
CommitLimit:     9202288 kB
Committed_AS:   66020844 kB
VmallocTotal:   263061440 kB
VmallocUsed:      103136 kB
VmallocChunk:          0 kB
Percpu:             7648 kB
CmaTotal:         294912 kB
CmaFree:               0 kB
MemTotal:       12113132 kB
MemFree:         6166592 kB
MemAvailable:    7976332 kB
Buffers:            6920 kB
Cached:          1904760 kB
SwapCached:            0 kB
Active:          1496580 kB
Inactive:        1653288 kB
Active(anon):    1244648 kB
Inactive(anon):    27408 kB
Active(file):     251932 kB
Inactive(file):  1625880 kB
Unevictable:        5532 kB
Mlocked:            5532 kB
SwapTotal:       3145724 kB
SwapFree:        3145724 kB
Dirty:               888 kB
Writeback:             0 kB
AnonPages:       1243736 kB
Mapped:           861820 kB
Shmem:             29388 kB
KReclaimable:     800632 kB
Slab:             221968 kB
SReclaimable:      78144 kB
SUnreclaim:       143824 kB
KernelStack:       46096 kB
PageTables:        62752 kB
NFS_Unstable:          0 kB
Bounce:                0 kB
WritebackTmp:          0 kB
CommitLimit:     9202288 kB
Committed_AS:   66021016 kB
VmallocTotal:   263061440 kB
VmallocUsed:      103120 kB
VmallocChunk:          0 kB
Percpu:             7648 kB
CmaTotal:         294912 kB
CmaFree:               0 kB
MemTotal:       12113132 kB
MemFree:         6178244 kB
MemAvailable:    7988000 kB
Buffers:            6920 kB
Cached:          1904776 kB
SwapCached:            0 kB
Active:          1483504 kB
Inactive:        1653300 kB
Active(anon):    1231568 kB
Inactive(anon):    27408 kB
Active(file):     251936 kB
Inactive(file):  1625892 kB
Unevictable:        5532 kB
Mlocked:            5532 kB
SwapTotal:       3145724 kB
SwapFree:        3145724 kB
Dirty:               912 kB
Writeback:             0 kB
AnonPages:       1230352 kB
Mapped:           861940 kB
Shmem:             29388 kB
KReclaimable:     800632 kB
Slab:             221984 kB
SReclaimable:      78144 kB
SUnreclaim:       143840 kB
KernelStack:       46148 kB
PageTables:        63040 kB
NFS_Unstable:          0 kB
Bounce:                0 kB
WritebackTmp:          0 kB
CommitLimit:     9202288 kB
Committed_AS:   66026224 kB
VmallocTotal:   263061440 kB
VmallocUsed:      103088 kB
VmallocChunk:          0 kB
Percpu:             7648 kB
CmaTotal:         294912 kB
CmaFree:               0 kB
MemTotal:       12113132 kB
MemFree:         6178680 kB
MemAvailable:    7988452 kB
Buffers:            6920 kB
Cached:          1904792 kB
SwapCached:            0 kB
Active:          1483380 kB
Inactive:        1653320 kB
Active(anon):    1231448 kB
Inactive(anon):    27408 kB
Active(file):     251932 kB
Inactive(file):  1625912 kB
Unevictable:        5532 kB
Mlocked:            5532 kB
SwapTotal:       3145724 kB
SwapFree:        3145724 kB
Dirty:               984 kB
Writeback:             0 kB
AnonPages:       1230536 kB
Mapped:           861820 kB
Shmem:             29388 kB
KReclaimable:     800632 kB
Slab:             221968 kB
SReclaimable:      78144 kB
SUnreclaim:       143824 kB
KernelStack:       46096 kB
PageTables:        62752 kB
NFS_Unstable:          0 kB
Bounce:                0 kB
WritebackTmp:          0 kB
CommitLimit:     9202288 kB
Committed_AS:   66021064 kB
VmallocTotal:   263061440 kB
VmallocUsed:      103120 kB
VmallocChunk:          0 kB
Percpu:             7648 kB
CmaTotal:         294912 kB
CmaFree:               0 kB
MemTotal:       12113132 kB
MemFree:         6179076 kB
MemAvailable:    7988860 kB
Buffers:            6920 kB
Cached:          1904804 kB
SwapCached:            0 kB
Active:          1483692 kB
Inactive:        1653332 kB
Active(anon):    1231760 kB
Inactive(anon):    27408 kB
Active(file):     251932 kB
Inactive(file):  1625924 kB
Unevictable:        5532 kB
Mlocked:            5532 kB
SwapTotal:       3145724 kB
SwapFree:        3145724 kB
Dirty:               996 kB
Writeback:             0 kB
AnonPages:       1230628 kB
Mapped:           861948 kB
Shmem:             29388 kB
KReclaimable:     800632 kB
Slab:             221976 kB
SReclaimable:      78144 kB
SUnreclaim:       143832 kB
KernelStack:       46100 kB
PageTables:        63040 kB
NFS_Unstable:          0 kB
Bounce:                0 kB
WritebackTmp:          0 kB
CommitLimit:     9202288 kB
Committed_AS:   66021152 kB
VmallocTotal:   263061440 kB
VmallocUsed:      103088 kB
VmallocChunk:          0 kB
Percpu:             7648 kB
CmaTotal:         294912 kB
CmaFree:               8 kB
MemTotal:       12113132 kB
MemFree:         6179016 kB
MemAvailable:    7988820 kB
Buffers:            6920 kB
Cached:          1904824 kB
SwapCached:            0 kB
Active:          1484148 kB
Inactive:        1653352 kB
Active(anon):    1232216 kB
Inactive(anon):    27408 kB
Active(file):     251932 kB
Inactive(file):  1625944 kB
Unevictable:        5532 kB
Mlocked:            5532 kB
SwapTotal:       3145724 kB
SwapFree:        3145724 kB
Dirty:              1016 kB
Writeback:             0 kB
AnonPages:       1231324 kB
Mapped:           861820 kB
Shmem:             29388 kB
KReclaimable:     800632 kB
Slab:             221968 kB
SReclaimable:      78144 kB
SUnreclaim:       143824 kB
KernelStack:       46064 kB
PageTables:        62752 kB
NFS_Unstable:          0 kB
Bounce:                0 kB
WritebackTmp:          0 kB
CommitLimit:     9202288 kB
Committed_AS:   66020800 kB
VmallocTotal:   263061440 kB
VmallocUsed:      103120 kB
VmallocChunk:          0 kB
Percpu:             7648 kB
CmaTotal:         294912 kB
CmaFree:               0 kB
MemTotal:       12113132 kB
MemFree:         6179060 kB
MemAvailable:    7988884 kB
Buffers:            6920 kB
Cached:          1904844 kB
SwapCached:            0 kB
Active:          1485312 kB
Inactive:        1653372 kB
Active(anon):    1233380 kB
Inactive(anon):    27408 kB
Active(file):     251932 kB
Inactive(file):  1625964 kB
Unevictable:        5532 kB
Mlocked:            5532 kB
SwapTotal:       3145724 kB
SwapFree:        3145724 kB
Dirty:              1048 kB
Writeback:             0 kB
AnonPages:       1232512 kB
Mapped:           861836 kB
Shmem:             29388 kB
KReclaimable:     800632 kB
Slab:             221968 kB
SReclaimable:      78144 kB
SUnreclaim:       143824 kB
KernelStack:       46096 kB
PageTables:        62796 kB
NFS_Unstable:          0 kB
Bounce:                0 kB
WritebackTmp:          0 kB
CommitLimit:     9202288 kB
Committed_AS:   66020712 kB
VmallocTotal:   263061440 kB
VmallocUsed:      103088 kB
VmallocChunk:          0 kB
Percpu:             7648 kB
CmaTotal:         294912 kB
CmaFree:               0 kB
MemTotal:       12113132 kB
MemFree:         6178140 kB
MemAvailable:    7987976 kB
Buffers:            6920 kB
Cached:          1904852 kB
SwapCached:            0 kB
Active:          1484916 kB
Inactive:        1653380 kB
Active(anon):    1232984 kB
Inactive(anon):    27408 kB
Active(file):     251932 kB
Inactive(file):  1625972 kB
Unevictable:        5532 kB
Mlocked:            5532 kB
SwapTotal:       3145724 kB
SwapFree:        3145724 kB
Dirty:              1088 kB
Writeback:             0 kB
AnonPages:       1232028 kB
Mapped:           861820 kB
Shmem:             29388 kB
KReclaimable:     800636 kB
Slab:             221980 kB
SReclaimable:      78148 kB
SUnreclaim:       143832 kB
KernelStack:       46064 kB
PageTables:        62752 kB
NFS_Unstable:          0 kB
Bounce:                0 kB
WritebackTmp:          0 kB
CommitLimit:     9202288 kB
Committed_AS:   66026632 kB
VmallocTotal:   263061440 kB
VmallocUsed:      103104 kB
VmallocChunk:          0 kB
Percpu:             7648 kB
CmaTotal:         294912 kB
CmaFree:               0 kB
MemTotal:       12113132 kB
MemFree:         6177792 kB
MemAvailable:    7987640 kB
Buffers:            6920 kB
Cached:          1904864 kB
SwapCached:            0 kB
Active:          1485696 kB
Inactive:        1653392 kB
Active(anon):    1233764 kB
Inactive(anon):    27408 kB
Active(file):     251932 kB
Inactive(file):  1625984 kB
Unevictable:        5532 kB
Mlocked:            5532 kB
SwapTotal:       3145724 kB
SwapFree:        3145724 kB
Dirty:              1100 kB
Writeback:             0 kB
AnonPages:       1232800 kB
Mapped:           861948 kB
Shmem:             29388 kB
KReclaimable:     800636 kB
Slab:             221972 kB
SReclaimable:      78148 kB
SUnreclaim:       143824 kB
KernelStack:       46116 kB
PageTables:        62712 kB
NFS_Unstable:          0 kB
Bounce:                0 kB
WritebackTmp:          0 kB
CommitLimit:     9202288 kB
Committed_AS:   66026332 kB
VmallocTotal:   263061440 kB
VmallocUsed:      103008 kB
VmallocChunk:          0 kB
Percpu:             7648 kB
CmaTotal:         294912 kB
CmaFree:               0 kB
MemTotal:       12113132 kB
MemFree:         6177004 kB
MemAvailable:    7986872 kB
Buffers:            6920 kB
Cached:          1904884 kB
SwapCached:            0 kB
Active:          1486468 kB
Inactive:        1653412 kB
Active(anon):    1234536 kB
Inactive(anon):    27408 kB
Active(file):     251932 kB
Inactive(file):  1626004 kB
Unevictable:        5532 kB
Mlocked:            5532 kB
SwapTotal:       3145724 kB
SwapFree:        3145724 kB
Dirty:              1132 kB
Writeback:             0 kB
AnonPages:       1233676 kB
Mapped:           861820 kB
Shmem:             29388 kB
KReclaimable:     800636 kB
Slab:             221964 kB
SReclaimable:      78148 kB
SUnreclaim:       143816 kB
KernelStack:       46064 kB
PageTables:        62752 kB
NFS_Unstable:          0 kB
Bounce:                0 kB
WritebackTmp:          0 kB
CommitLimit:     9202288 kB
Committed_AS:   66026140 kB
VmallocTotal:   263061440 kB
VmallocUsed:      103088 kB
VmallocChunk:          0 kB
Percpu:             7648 kB
CmaTotal:         294912 kB
CmaFree:               0 kB
MemTotal:       12113132 kB
MemFree:         6176668 kB
MemAvailable:    7986556 kB
Buffers:            6920 kB
Cached:          1904904 kB
SwapCached:            0 kB
Active:          1486696 kB
Inactive:        1653432 kB
Active(anon):    1234764 kB
Inactive(anon):    27408 kB
Active(file):     251932 kB
Inactive(file):  1626024 kB
Unevictable:        5532 kB
Mlocked:            5532 kB
SwapTotal:       3145724 kB
SwapFree:        3145724 kB
Dirty:              1048 kB
Writeback:             0 kB
AnonPages:       1233860 kB
Mapped:           861928 kB
Shmem:             29388 kB
KReclaimable:     800636 kB
Slab:             221972 kB
SReclaimable:      78148 kB
SUnreclaim:       143824 kB
KernelStack:       46112 kB
PageTables:        62852 kB
NFS_Unstable:          0 kB
Bounce:                0 kB
WritebackTmp:          0 kB
CommitLimit:     9202288 kB
Committed_AS:   66026184 kB
VmallocTotal:   263061440 kB
VmallocUsed:      103072 kB
VmallocChunk:          0 kB
Percpu:             7648 kB
CmaTotal:         294912 kB
CmaFree:               0 kB
MemTotal:       12113132 kB
MemFree:         6176444 kB
MemAvailable:    7986344 kB
Buffers:            6920 kB
Cached:          1904916 kB
SwapCached:            0 kB
Active:          1487348 kB
Inactive:        1653444 kB
Active(anon):    1235416 kB
Inactive(anon):    27408 kB
Active(file):     251932 kB
Inactive(file):  1626036 kB
Unevictable:        5532 kB
Mlocked:            5532 kB
SwapTotal:       3145724 kB
SwapFree:        3145724 kB
Dirty:              1076 kB
Writeback:             0 kB
AnonPages:       1234532 kB
Mapped:           861820 kB
Shmem:             29388 kB
KReclaimable:     800636 kB
Slab:             221972 kB
SReclaimable:      78148 kB
SUnreclaim:       143824 kB
KernelStack:       46064 kB
PageTables:        62756 kB
NFS_Unstable:          0 kB
Bounce:                0 kB
WritebackTmp:          0 kB
CommitLimit:     9202288 kB
Committed_AS:   66030804 kB
VmallocTotal:   263061440 kB
VmallocUsed:      103072 kB
VmallocChunk:          0 kB
Percpu:             7648 kB
CmaTotal:         294912 kB
CmaFree:               0 kB
MemTotal:       12113132 kB
MemFree:         6174764 kB
MemAvailable:    7984680 kB
Buffers:            6920 kB
Cached:          1904932 kB
SwapCached:            0 kB
Active:          1488604 kB
Inactive:        1653460 kB
Active(anon):    1236672 kB
Inactive(anon):    27408 kB
Active(file):     251932 kB
Inactive(file):  1626052 kB
Unevictable:        5532 kB
Mlocked:            5532 kB
SwapTotal:       3145724 kB
SwapFree:        3145724 kB
Dirty:              1104 kB
Writeback:             0 kB
AnonPages:       1235800 kB
Mapped:           861820 kB
Shmem:             29388 kB
KReclaimable:     800636 kB
Slab:             221980 kB
SReclaimable:      78148 kB
SUnreclaim:       143832 kB
KernelStack:       46112 kB
PageTables:        62824 kB
NFS_Unstable:          0 kB
Bounce:                0 kB
WritebackTmp:          0 kB
CommitLimit:     9202288 kB
Committed_AS:   66030628 kB
VmallocTotal:   263061440 kB
VmallocUsed:      103088 kB
VmallocChunk:          0 kB
Percpu:             7648 kB
CmaTotal:         294912 kB
CmaFree:               0 kB
MemTotal:       12113132 kB
MemFree:         6174076 kB
MemAvailable:    7984028 kB
Buffers:            6924 kB
Cached:          1904964 kB
SwapCached:            0 kB
Active:          1489288 kB
Inactive:        1653492 kB
Active(anon):    1237352 kB
Inactive(anon):    27408 kB
Active(file):     251936 kB
Inactive(file):  1626084 kB
Unevictable:        5532 kB
Mlocked:            5532 kB
SwapTotal:       3145724 kB
SwapFree:        3145724 kB
Dirty:              1084 kB
Writeback:             0 kB
AnonPages:       1236464 kB
Mapped:           861820 kB
Shmem:             29388 kB
KReclaimable:     800636 kB
Slab:             221972 kB
SReclaimable:      78148 kB
SUnreclaim:       143824 kB
KernelStack:       46064 kB
PageTables:        62756 kB
NFS_Unstable:          0 kB
Bounce:                0 kB
WritebackTmp:          0 kB
CommitLimit:     9202288 kB
Committed_AS:   66030936 kB
VmallocTotal:   263061440 kB
VmallocUsed:      103056 kB
VmallocChunk:          0 kB
Percpu:             7648 kB
CmaTotal:         294912 kB
CmaFree:               0 kB
MemTotal:       12113132 kB
MemFree:         6173412 kB
MemAvailable:    7983388 kB
Buffers:            6924 kB
Cached:          1904988 kB
SwapCached:            0 kB
Active:          1489696 kB
Inactive:        1653516 kB
Active(anon):    1237760 kB
Inactive(anon):    27408 kB
Active(file):     251936 kB
Inactive(file):  1626108 kB
Unevictable:        5532 kB
Mlocked:            5532 kB
SwapTotal:       3145724 kB
SwapFree:        3145724 kB
Dirty:              1108 kB
Writeback:             0 kB
AnonPages:       1236864 kB
Mapped:           861928 kB
Shmem:             29388 kB
KReclaimable:     800636 kB
Slab:             221972 kB
SReclaimable:      78148 kB
SUnreclaim:       143824 kB
KernelStack:       46112 kB
PageTables:        62844 kB
NFS_Unstable:          0 kB
Bounce:                0 kB
WritebackTmp:          0 kB
CommitLimit:     9202288 kB
Committed_AS:   66027588 kB
VmallocTotal:   263061440 kB
VmallocUsed:      103072 kB
VmallocChunk:          0 kB
Percpu:             7648 kB
CmaTotal:         294912 kB
CmaFree:               0 kB
MemTotal:       12113132 kB
MemFree:         6148000 kB
MemAvailable:    7957992 kB
Buffers:            6924 kB
Cached:          1905004 kB
SwapCached:            0 kB
Active:          1517800 kB
Inactive:        1653532 kB
Active(anon):    1265864 kB
Inactive(anon):    27408 kB
Active(file):     251936 kB
Inactive(file):  1626124 kB
Unevictable:        5532 kB
Mlocked:            5532 kB
SwapTotal:       3145724 kB
SwapFree:        3145724 kB
Dirty:               332 kB
Writeback:             0 kB
AnonPages:       1264956 kB
Mapped:           861820 kB
Shmem:             29388 kB
KReclaimable:     800636 kB
Slab:             221976 kB
SReclaimable:      78148 kB
SUnreclaim:       143828 kB
KernelStack:       46064 kB
PageTables:        62756 kB
NFS_Unstable:          0 kB
Bounce:                0 kB
WritebackTmp:          0 kB
CommitLimit:     9202288 kB
Committed_AS:   66027276 kB
VmallocTotal:   263061440 kB
VmallocUsed:      103072 kB
VmallocChunk:          0 kB
Percpu:             7648 kB
CmaTotal:         294912 kB
CmaFree:               0 kB
MemTotal:       12113132 kB
MemFree:         6147204 kB
MemAvailable:    7957212 kB
Buffers:            6924 kB
Cached:          1905020 kB
SwapCached:            0 kB
Active:          1518452 kB
Inactive:        1653548 kB
Active(anon):    1266516 kB
Inactive(anon):    27408 kB
Active(file):     251936 kB
Inactive(file):  1626140 kB
Unevictable:        5532 kB
Mlocked:            5532 kB
SwapTotal:       3145724 kB
SwapFree:        3145724 kB
Dirty:               356 kB
Writeback:             0 kB
AnonPages:       1265644 kB
Mapped:           861820 kB
Shmem:             29388 kB
KReclaimable:     800636 kB
Slab:             221976 kB
SReclaimable:      78148 kB
SUnreclaim:       143828 kB
KernelStack:       46112 kB
PageTables:        62828 kB
NFS_Unstable:          0 kB
Bounce:                0 kB
WritebackTmp:          0 kB
CommitLimit:     9202288 kB
Committed_AS:   66026924 kB
VmallocTotal:   263061440 kB
VmallocUsed:      103056 kB
VmallocChunk:          0 kB
Percpu:             7648 kB
CmaTotal:         294912 kB
CmaFree:               0 kB
MemTotal:       12113132 kB
MemFree:         6145796 kB
MemAvailable:    7955824 kB
Buffers:            6924 kB
Cached:          1905040 kB
SwapCached:            0 kB
Active:          1519156 kB
Inactive:        1653568 kB
Active(anon):    1267220 kB
Inactive(anon):    27408 kB
Active(file):     251936 kB
Inactive(file):  1626160 kB
Unevictable:        5532 kB
Mlocked:            5532 kB
SwapTotal:       3145724 kB
SwapFree:        3145724 kB
Dirty:               380 kB
Writeback:             0 kB
AnonPages:       1266320 kB
Mapped:           861820 kB
Shmem:             29388 kB
KReclaimable:     800636 kB
Slab:             221968 kB
SReclaimable:      78148 kB
SUnreclaim:       143820 kB
KernelStack:       46064 kB
PageTables:        62756 kB
NFS_Unstable:          0 kB
Bounce:                0 kB
WritebackTmp:          0 kB
CommitLimit:     9202288 kB
Committed_AS:   66031192 kB
VmallocTotal:   263061440 kB
VmallocUsed:      103088 kB
VmallocChunk:          0 kB
Percpu:             7648 kB
CmaTotal:         294912 kB
CmaFree:               0 kB
MemTotal:       12113132 kB
MemFree:         6146064 kB
MemAvailable:    7956108 kB
Buffers:            6924 kB
Cached:          1905056 kB
SwapCached:            0 kB
Active:          1519680 kB
Inactive:        1653584 kB
Active(anon):    1267744 kB
Inactive(anon):    27408 kB
Active(file):     251936 kB
Inactive(file):  1626176 kB
Unevictable:        5532 kB
Mlocked:            5532 kB
SwapTotal:       3145724 kB
SwapFree:        3145724 kB
Dirty:               408 kB
Writeback:             0 kB
AnonPages:       1266640 kB
Mapped:           861840 kB
Shmem:             29388 kB
KReclaimable:     800636 kB
Slab:             221976 kB
SReclaimable:      78148 kB
SUnreclaim:       143828 kB
KernelStack:       46096 kB
PageTables:        62804 kB
NFS_Unstable:          0 kB
Bounce:                0 kB
WritebackTmp:          0 kB
CommitLimit:     9202288 kB
Committed_AS:   66031456 kB
VmallocTotal:   263061440 kB
VmallocUsed:      103072 kB
VmallocChunk:          0 kB
Percpu:             7648 kB
CmaTotal:         294912 kB
CmaFree:               0 kB
MemTotal:       12113132 kB
MemFree:         6145620 kB
MemAvailable:    7955672 kB
Buffers:            6924 kB
Cached:          1905064 kB
SwapCached:            0 kB
Active:          1520288 kB
Inactive:        1653592 kB
Active(anon):    1268352 kB
Inactive(anon):    27408 kB
Active(file):     251936 kB
Inactive(file):  1626184 kB
Unevictable:        5532 kB
Mlocked:            5532 kB
SwapTotal:       3145724 kB
SwapFree:        3145724 kB
Dirty:               420 kB
Writeback:             0 kB
AnonPages:       1267440 kB
Mapped:           861820 kB
Shmem:             29388 kB
KReclaimable:     800636 kB
Slab:             221980 kB
SReclaimable:      78148 kB
SUnreclaim:       143832 kB
KernelStack:       46064 kB
PageTables:        62756 kB
NFS_Unstable:          0 kB
Bounce:                0 kB
WritebackTmp:          0 kB
CommitLimit:     9202288 kB
Committed_AS:   66023608 kB
VmallocTotal:   263061440 kB
VmallocUsed:      103056 kB
VmallocChunk:          0 kB
Percpu:             7648 kB
CmaTotal:         294912 kB
CmaFree:               0 kB
MemTotal:       12113132 kB
MemFree:         6143636 kB
MemAvailable:    7953688 kB
Buffers:            6924 kB
Cached:          1905064 kB
SwapCached:            0 kB
Active:          1520708 kB
Inactive:        1653592 kB
Active(anon):    1268772 kB
Inactive(anon):    27408 kB
Active(file):     251936 kB
Inactive(file):  1626184 kB
Unevictable:        5532 kB
Mlocked:            5532 kB
SwapTotal:       3145724 kB
SwapFree:        3145724 kB
Dirty:               420 kB
Writeback:             0 kB
AnonPages:       1267816 kB
Mapped:           862012 kB
Shmem:             29388 kB
KReclaimable:     800636 kB
Slab:             221996 kB
SReclaimable:      78148 kB
SUnreclaim:       143848 kB
KernelStack:       46112 kB
PageTables:        63040 kB
NFS_Unstable:          0 kB
Bounce:                0 kB
WritebackTmp:          0 kB
CommitLimit:     9202288 kB
Committed_AS:   66024708 kB
VmallocTotal:   263061440 kB
VmallocUsed:      103056 kB
VmallocChunk:          0 kB
Percpu:             7648 kB
CmaTotal:         294912 kB
CmaFree:               0 kB
MemTotal:       12113132 kB
MemFree:         6142628 kB
MemAvailable:    7952716 kB
Buffers:            6924 kB
Cached:          1905100 kB
SwapCached:            0 kB
Active:          1521548 kB
Inactive:        1653632 kB
Active(anon):    1269616 kB
Inactive(anon):    27408 kB
Active(file):     251932 kB
Inactive(file):  1626224 kB
Unevictable:        5532 kB
Mlocked:            5532 kB
SwapTotal:       3145724 kB
SwapFree:        3145724 kB
Dirty:               516 kB
Writeback:             0 kB
AnonPages:       1268704 kB
Mapped:           861820 kB
Shmem:             29388 kB
KReclaimable:     800636 kB
Slab:             221980 kB
SReclaimable:      78148 kB
SUnreclaim:       143832 kB
KernelStack:       46064 kB
PageTables:        62728 kB
NFS_Unstable:          0 kB
Bounce:                0 kB
WritebackTmp:          0 kB
CommitLimit:     9202288 kB
Committed_AS:   66021264 kB
VmallocTotal:   263061440 kB
VmallocUsed:      103056 kB
VmallocChunk:          0 kB
Percpu:             7648 kB
CmaTotal:         294912 kB
CmaFree:               0 kB
MemTotal:       12113132 kB
MemFree:         6142456 kB
MemAvailable:    7952560 kB
Buffers:            6924 kB
Cached:          1905116 kB
SwapCached:            0 kB
Active:          1522896 kB
Inactive:        1653644 kB
Active(anon):    1270960 kB
Inactive(anon):    27408 kB
Active(file):     251936 kB
Inactive(file):  1626236 kB
Unevictable:        5532 kB
Mlocked:            5532 kB
SwapTotal:       3145724 kB
SwapFree:        3145724 kB
Dirty:               556 kB
Writeback:             0 kB
AnonPages:       1270100 kB
Mapped:           861820 kB
Shmem:             29388 kB
KReclaimable:     800636 kB
Slab:             221964 kB
SReclaimable:      78148 kB
SUnreclaim:       143816 kB
KernelStack:       46096 kB
PageTables:        62808 kB
NFS_Unstable:          0 kB
Bounce:                0 kB
WritebackTmp:          0 kB
CommitLimit:     9202288 kB
Committed_AS:   66029728 kB
VmallocTotal:   263061440 kB
VmallocUsed:      103040 kB
VmallocChunk:          0 kB
Percpu:             7648 kB
CmaTotal:         294912 kB
CmaFree:               0 kB
MemTotal:       12113132 kB
MemFree:         6141344 kB
MemAvailable:    7951456 kB
Buffers:            6924 kB
Cached:          1905132 kB
SwapCached:            0 kB
Active:          1523496 kB
Inactive:        1653660 kB
Active(anon):    1271564 kB
Inactive(anon):    27412 kB
Active(file):     251932 kB
Inactive(file):  1626248 kB
Unevictable:        5532 kB
Mlocked:            5532 kB
SwapTotal:       3145724 kB
SwapFree:        3145724 kB
Dirty:               572 kB
Writeback:             0 kB
AnonPages:       1270560 kB
Mapped:           861824 kB
Shmem:             29392 kB
KReclaimable:     800636 kB
Slab:             221972 kB
SReclaimable:      78148 kB
SUnreclaim:       143824 kB
KernelStack:       46064 kB
PageTables:        62760 kB
NFS_Unstable:          0 kB
Bounce:                0 kB
WritebackTmp:          0 kB
CommitLimit:     9202288 kB
Committed_AS:   66029924 kB
VmallocTotal:   263061440 kB
VmallocUsed:      103072 kB
VmallocChunk:          0 kB
Percpu:             7648 kB
CmaTotal:         294912 kB
CmaFree:               0 kB
MemTotal:       12113132 kB
MemFree:         6139604 kB
MemAvailable:    7949724 kB
Buffers:            6924 kB
Cached:          1905136 kB
SwapCached:            0 kB
Active:          1523888 kB
Inactive:        1653664 kB
Active(anon):    1271952 kB
Inactive(anon):    27412 kB
Active(file):     251936 kB
Inactive(file):  1626252 kB
Unevictable:        5532 kB
Mlocked:            5532 kB
SwapTotal:       3145724 kB
SwapFree:        3145724 kB
Dirty:               576 kB
Writeback:             0 kB
AnonPages:       1271120 kB
Mapped:           861940 kB
Shmem:             29392 kB
KReclaimable:     800636 kB
Slab:             221940 kB
SReclaimable:      78148 kB
SUnreclaim:       143792 kB
KernelStack:       46100 kB
PageTables:        62904 kB
NFS_Unstable:          0 kB
Bounce:                0 kB
WritebackTmp:          0 kB
CommitLimit:     9202288 kB
Committed_AS:   66031588 kB
VmallocTotal:   263061440 kB
VmallocUsed:      103088 kB
