MemTotal:       12113144 kB
MemFree:         6933692 kB
MemAvailable:    8290608 kB
Buffers:            5148 kB
Cached:          1613120 kB
SwapCached:            0 kB
Active:          1349584 kB
Inactive:        1414732 kB
Active(anon):    1152888 kB
Inactive(anon):    19472 kB
Active(file):     196696 kB
Inactive(file):  1395260 kB
Unevictable:        5624 kB
Mlocked:            5624 kB
SwapTotal:       3145724 kB
SwapFree:        3145724 kB
Dirty:               392 kB
Writeback:             0 kB
AnonPages:       1151668 kB
Mapped:           821328 kB
Shmem:             21728 kB
KReclaimable:     633664 kB
Slab:             205128 kB
SReclaimable:      67064 kB
SUnreclaim:       138064 kB
KernelStack:       43776 kB
PageTables:        61072 kB
NFS_Unstable:          0 kB
Bounce:                0 kB
WritebackTmp:          0 kB
CommitLimit:     9202296 kB
Committed_AS:   65621336 kB
VmallocTotal:   263061440 kB
VmallocUsed:      100704 kB
VmallocChunk:          0 kB
Percpu:             7584 kB
CmaTotal:         294912 kB
CmaFree:               0 kB
MemTotal:       12113144 kB
MemFree:         6933248 kB
MemAvailable:    8290208 kB
Buffers:            5148 kB
Cached:          1613132 kB
SwapCached:            0 kB
Active:          1349056 kB
Inactive:        1414744 kB
Active(anon):    1152360 kB
Inactive(anon):    19472 kB
Active(file):     196696 kB
Inactive(file):  1395272 kB
Unevictable:        5624 kB
Mlocked:            5624 kB
SwapTotal:       3145724 kB
SwapFree:        3145724 kB
Dirty:               472 kB
Writeback:             0 kB
AnonPages:       1151116 kB
Mapped:           820972 kB
Shmem:             21728 kB
KReclaimable:     633696 kB
Slab:             205136 kB
SReclaimable:      67096 kB
SUnreclaim:       138040 kB
KernelStack:       43776 kB
PageTables:        61304 kB
NFS_Unstable:          0 kB
Bounce:                0 kB
WritebackTmp:          0 kB
CommitLimit:     9202296 kB
Committed_AS:   65626344 kB
VmallocTotal:   263061440 kB
VmallocUsed:      100720 kB
VmallocChunk:          0 kB
Percpu:             7584 kB
CmaTotal:         294912 kB
CmaFree:               0 kB
MemTotal:       12113144 kB
MemFree:         6933780 kB
MemAvailable:    8290756 kB
Buffers:            5148 kB
Cached:          1613136 kB
SwapCached:            0 kB
Active:          1349088 kB
Inactive:        1414748 kB
Active(anon):    1152392 kB
Inactive(anon):    19476 kB
Active(file):     196696 kB
Inactive(file):  1395272 kB
Unevictable:        5624 kB
Mlocked:            5624 kB
SwapTotal:       3145724 kB
SwapFree:        3145724 kB
Dirty:               492 kB
Writeback:             0 kB
AnonPages:       1151260 kB
Mapped:           820712 kB
Shmem:             21732 kB
KReclaimable:     633712 kB
Slab:             205152 kB
SReclaimable:      67112 kB
SUnreclaim:       138040 kB
KernelStack:       43776 kB
PageTables:        61312 kB
NFS_Unstable:          0 kB
Bounce:                0 kB
WritebackTmp:          0 kB
CommitLimit:     9202296 kB
Committed_AS:   65626324 kB
VmallocTotal:   263061440 kB
VmallocUsed:      100704 kB
VmallocChunk:          0 kB
Percpu:             7584 kB
CmaTotal:         294912 kB
CmaFree:               0 kB
MemTotal:       12113144 kB
MemFree:         6932832 kB
MemAvailable:    8289808 kB
Buffers:            5148 kB
Cached:          1613136 kB
SwapCached:            0 kB
Active:          1349808 kB
Inactive:        1414748 kB
Active(anon):    1153112 kB
Inactive(anon):    19476 kB
Active(file):     196696 kB
Inactive(file):  1395272 kB
Unevictable:        5624 kB
Mlocked:            5624 kB
SwapTotal:       3145724 kB
SwapFree:        3145724 kB
Dirty:               492 kB
Writeback:             0 kB
AnonPages:       1151384 kB
Mapped:           820976 kB
Shmem:             21732 kB
KReclaimable:     633712 kB
Slab:             205152 kB
SReclaimable:      67112 kB
SUnreclaim:       138040 kB
KernelStack:       43776 kB
PageTables:        61308 kB
NFS_Unstable:          0 kB
Bounce:                0 kB
WritebackTmp:          0 kB
CommitLimit:     9202296 kB
Committed_AS:   65625600 kB
VmallocTotal:   263061440 kB
VmallocUsed:      100704 kB
VmallocChunk:          0 kB
Percpu:             7584 kB
CmaTotal:         294912 kB
CmaFree:               0 kB
MemTotal:       12113144 kB
MemFree:         6932584 kB
MemAvailable:    8289560 kB
Buffers:            5148 kB
Cached:          1613140 kB
SwapCached:            0 kB
Active:          1349420 kB
Inactive:        1414752 kB
Active(anon):    1152724 kB
Inactive(anon):    19480 kB
Active(file):     196696 kB
Inactive(file):  1395272 kB
Unevictable:        5624 kB
Mlocked:            5624 kB
SwapTotal:       3145724 kB
SwapFree:        3145724 kB
Dirty:               496 kB
Writeback:             0 kB
AnonPages:       1151640 kB
Mapped:           820984 kB
Shmem:             21736 kB
KReclaimable:     633712 kB
Slab:             205152 kB
SReclaimable:      67112 kB
SUnreclaim:       138040 kB
KernelStack:       43776 kB
PageTables:        61328 kB
NFS_Unstable:          0 kB
Bounce:                0 kB
WritebackTmp:          0 kB
CommitLimit:     9202296 kB
Committed_AS:   65625812 kB
VmallocTotal:   263061440 kB
VmallocUsed:      100704 kB
VmallocChunk:          0 kB
Percpu:             7584 kB
CmaTotal:         294912 kB
CmaFree:               0 kB
MemTotal:       12113144 kB
MemFree:         6930696 kB
MemAvailable:    8288092 kB
Buffers:            5148 kB
Cached:          1613516 kB
SwapCached:            0 kB
Active:          1351760 kB
Inactive:        1414984 kB
Active(anon):    1154940 kB
Inactive(anon):    19480 kB
Active(file):     196820 kB
Inactive(file):  1395504 kB
Unevictable:        5624 kB
Mlocked:            5624 kB
SwapTotal:       3145724 kB
SwapFree:        3145724 kB
Dirty:               600 kB
Writeback:             0 kB
AnonPages:       1153972 kB
Mapped:           820980 kB
Shmem:             21736 kB
KReclaimable:     633776 kB
Slab:             205216 kB
SReclaimable:      67176 kB
SUnreclaim:       138040 kB
KernelStack:       43760 kB
PageTables:        61316 kB
NFS_Unstable:          0 kB
Bounce:                0 kB
WritebackTmp:          0 kB
CommitLimit:     9202296 kB
Committed_AS:   65625548 kB
VmallocTotal:   263061440 kB
VmallocUsed:      100672 kB
VmallocChunk:          0 kB
Percpu:             7584 kB
CmaTotal:         294912 kB
CmaFree:               0 kB
MemTotal:       12113144 kB
MemFree:         6929420 kB
MemAvailable:    8286620 kB
Buffers:            5148 kB
Cached:          1613300 kB
SwapCached:            0 kB
Active:          1352596 kB
Inactive:        1414896 kB
Active(anon):    1155884 kB
Inactive(anon):    19484 kB
Active(file):     196712 kB
Inactive(file):  1395412 kB
Unevictable:        5624 kB
Mlocked:            5624 kB
SwapTotal:       3145724 kB
SwapFree:        3145724 kB
Dirty:               196 kB
Writeback:             0 kB
AnonPages:       1154668 kB
Mapped:           820924 kB
Shmem:             21740 kB
KReclaimable:     633780 kB
Slab:             205296 kB
SReclaimable:      67180 kB
SUnreclaim:       138116 kB
KernelStack:       43764 kB
PageTables:        61260 kB
NFS_Unstable:          0 kB
Bounce:                0 kB
WritebackTmp:          0 kB
CommitLimit:     9202296 kB
Committed_AS:   65631244 kB
VmallocTotal:   263061440 kB
VmallocUsed:      100672 kB
VmallocChunk:          0 kB
Percpu:             7584 kB
CmaTotal:         294912 kB
CmaFree:              24 kB
MemTotal:       12113144 kB
MemFree:         6928320 kB
MemAvailable:    8285536 kB
Buffers:            5148 kB
Cached:          1613308 kB
SwapCached:            0 kB
Active:          1354168 kB
Inactive:        1414904 kB
Active(anon):    1157456 kB
Inactive(anon):    19488 kB
Active(file):     196712 kB
Inactive(file):  1395416 kB
Unevictable:        5624 kB
Mlocked:            5624 kB
SwapTotal:       3145724 kB
SwapFree:        3145724 kB
Dirty:               252 kB
Writeback:             0 kB
AnonPages:       1156384 kB
Mapped:           820732 kB
Shmem:             21744 kB
KReclaimable:     633792 kB
Slab:             205260 kB
SReclaimable:      67192 kB
SUnreclaim:       138068 kB
KernelStack:       43760 kB
PageTables:        61312 kB
NFS_Unstable:          0 kB
Bounce:                0 kB
WritebackTmp:          0 kB
CommitLimit:     9202296 kB
Committed_AS:   65630932 kB
VmallocTotal:   263061440 kB
VmallocUsed:      100656 kB
VmallocChunk:          0 kB
Percpu:             7584 kB
CmaTotal:         294912 kB
CmaFree:               0 kB
MemTotal:       12113144 kB
MemFree:         6927424 kB
MemAvailable:    8284640 kB
Buffers:            5148 kB
Cached:          1613308 kB
SwapCached:            0 kB
Active:          1355504 kB
Inactive:        1414900 kB
Active(anon):    1158788 kB
Inactive(anon):    19488 kB
Active(file):     196716 kB
Inactive(file):  1395412 kB
Unevictable:        5624 kB
Mlocked:            5624 kB
SwapTotal:       3145724 kB
SwapFree:        3145724 kB
Dirty:               296 kB
Writeback:             0 kB
AnonPages:       1157660 kB
Mapped:           820740 kB
Shmem:             21744 kB
KReclaimable:     633792 kB
Slab:             205252 kB
SReclaimable:      67192 kB
SUnreclaim:       138060 kB
KernelStack:       43760 kB
PageTables:        61420 kB
NFS_Unstable:          0 kB
Bounce:                0 kB
WritebackTmp:          0 kB
CommitLimit:     9202296 kB
Committed_AS:   65619288 kB
VmallocTotal:   263061440 kB
VmallocUsed:      100688 kB
VmallocChunk:          0 kB
Percpu:             7584 kB
CmaTotal:         294912 kB
CmaFree:               0 kB
MemTotal:       12113144 kB
MemFree:         6926504 kB
MemAvailable:    8283720 kB
Buffers:            5148 kB
Cached:          1613312 kB
SwapCached:            0 kB
Active:          1355996 kB
Inactive:        1414904 kB
Active(anon):    1159280 kB
Inactive(anon):    19492 kB
Active(file):     196716 kB
Inactive(file):  1395412 kB
Unevictable:        5624 kB
Mlocked:            5624 kB
SwapTotal:       3145724 kB
SwapFree:        3145724 kB
Dirty:               308 kB
Writeback:             0 kB
AnonPages:       1157936 kB
Mapped:           820932 kB
Shmem:             21748 kB
KReclaimable:     633792 kB
Slab:             205252 kB
SReclaimable:      67192 kB
SUnreclaim:       138060 kB
KernelStack:       43760 kB
PageTables:        61252 kB
NFS_Unstable:          0 kB
Bounce:                0 kB
WritebackTmp:          0 kB
CommitLimit:     9202296 kB
Committed_AS:   65619204 kB
VmallocTotal:   263061440 kB
VmallocUsed:      100672 kB
VmallocChunk:          0 kB
Percpu:             7584 kB
CmaTotal:         294912 kB
CmaFree:               0 kB
MemTotal:       12113144 kB
MemFree:         6925152 kB
MemAvailable:    8282380 kB
Buffers:            5152 kB
Cached:          1613320 kB
SwapCached:            0 kB
Active:          1357000 kB
Inactive:        1414912 kB
Active(anon):    1160280 kB
Inactive(anon):    19492 kB
Active(file):     196720 kB
Inactive(file):  1395420 kB
Unevictable:        5624 kB
Mlocked:            5624 kB
SwapTotal:       3145724 kB
SwapFree:        3145724 kB
Dirty:               304 kB
Writeback:             0 kB
AnonPages:       1159212 kB
Mapped:           821004 kB
Shmem:             21748 kB
KReclaimable:     633792 kB
Slab:             205260 kB
SReclaimable:      67192 kB
SUnreclaim:       138068 kB
KernelStack:       43760 kB
PageTables:        61304 kB
NFS_Unstable:          0 kB
Bounce:                0 kB
WritebackTmp:          0 kB
CommitLimit:     9202296 kB
Committed_AS:   65613748 kB
VmallocTotal:   263061440 kB
VmallocUsed:      100688 kB
VmallocChunk:          0 kB
Percpu:             7584 kB
CmaTotal:         294912 kB
CmaFree:               0 kB
MemTotal:       12113144 kB
MemFree:         6937180 kB
MemAvailable:    8294484 kB
Buffers:            5152 kB
Cached:          1613392 kB
SwapCached:            0 kB
Active:          1343936 kB
Inactive:        1415016 kB
Active(anon):    1147248 kB
Inactive(anon):    19492 kB
Active(file):     196688 kB
Inactive(file):  1395524 kB
Unevictable:        5624 kB
Mlocked:            5624 kB
SwapTotal:       3145724 kB
SwapFree:        3145724 kB
Dirty:              3252 kB
Writeback:             0 kB
AnonPages:       1145932 kB
Mapped:           821004 kB
Shmem:             21748 kB
KReclaimable:     633796 kB
Slab:             205268 kB
SReclaimable:      67196 kB
SUnreclaim:       138072 kB
KernelStack:       43696 kB
PageTables:        61444 kB
NFS_Unstable:          0 kB
Bounce:                0 kB
WritebackTmp:          0 kB
CommitLimit:     9202296 kB
Committed_AS:   65612024 kB
VmallocTotal:   263061440 kB
VmallocUsed:      100608 kB
VmallocChunk:          0 kB
Percpu:             7584 kB
CmaTotal:         294912 kB
CmaFree:             168 kB
MemTotal:       12113144 kB
MemFree:         6936652 kB
MemAvailable:    8293964 kB
Buffers:            5152 kB
Cached:          1613404 kB
SwapCached:            0 kB
Active:          1345224 kB
Inactive:        1415024 kB
Active(anon):    1148532 kB
Inactive(anon):    19496 kB
Active(file):     196692 kB
Inactive(file):  1395528 kB
Unevictable:        5624 kB
Mlocked:            5624 kB
SwapTotal:       3145724 kB
SwapFree:        3145724 kB
Dirty:              3256 kB
Writeback:             0 kB
AnonPages:       1147048 kB
Mapped:           821008 kB
Shmem:             21752 kB
KReclaimable:     633796 kB
Slab:             205272 kB
SReclaimable:      67196 kB
SUnreclaim:       138076 kB
KernelStack:       43712 kB
PageTables:        61320 kB
NFS_Unstable:          0 kB
Bounce:                0 kB
WritebackTmp:          0 kB
CommitLimit:     9202296 kB
Committed_AS:   65612092 kB
VmallocTotal:   263061440 kB
VmallocUsed:      100608 kB
VmallocChunk:          0 kB
Percpu:             7584 kB
CmaTotal:         294912 kB
CmaFree:              68 kB
MemTotal:       12113144 kB
MemFree:         6936120 kB
MemAvailable:    8293464 kB
Buffers:            5156 kB
Cached:          1613436 kB
SwapCached:            0 kB
Active:          1345564 kB
Inactive:        1415056 kB
Active(anon):    1148868 kB
Inactive(anon):    19500 kB
Active(file):     196696 kB
Inactive(file):  1395556 kB
Unevictable:        5624 kB
Mlocked:            5624 kB
SwapTotal:       3145724 kB
SwapFree:        3145724 kB
Dirty:               148 kB
Writeback:             0 kB
AnonPages:       1147712 kB
Mapped:           821012 kB
Shmem:             21756 kB
KReclaimable:     633796 kB
Slab:             205284 kB
SReclaimable:      67196 kB
SUnreclaim:       138088 kB
KernelStack:       43680 kB
PageTables:        61304 kB
NFS_Unstable:          0 kB
Bounce:                0 kB
WritebackTmp:          0 kB
CommitLimit:     9202296 kB
Committed_AS:   65618540 kB
VmallocTotal:   263061440 kB
VmallocUsed:      100608 kB
VmallocChunk:          0 kB
Percpu:             7584 kB
CmaTotal:         294912 kB
CmaFree:               0 kB
MemTotal:       12113144 kB
MemFree:         6935304 kB
MemAvailable:    8292660 kB
Buffers:            5156 kB
Cached:          1613452 kB
SwapCached:            0 kB
Active:          1346812 kB
Inactive:        1415068 kB
Active(anon):    1150112 kB
Inactive(anon):    19504 kB
Active(file):     196700 kB
Inactive(file):  1395564 kB
Unevictable:        5624 kB
Mlocked:            5624 kB
SwapTotal:       3145724 kB
SwapFree:        3145724 kB
Dirty:               228 kB
Writeback:             0 kB
AnonPages:       1149160 kB
Mapped:           821204 kB
Shmem:             21760 kB
KReclaimable:     633796 kB
Slab:             205284 kB
SReclaimable:      67196 kB
SUnreclaim:       138088 kB
KernelStack:       43680 kB
PageTables:        61308 kB
NFS_Unstable:          0 kB
Bounce:                0 kB
WritebackTmp:          0 kB
CommitLimit:     9202296 kB
Committed_AS:   65613344 kB
VmallocTotal:   263061440 kB
VmallocUsed:      100640 kB
VmallocChunk:          0 kB
Percpu:             7584 kB
CmaTotal:         294912 kB
CmaFree:               0 kB
MemTotal:       12113144 kB
MemFree:         6933572 kB
MemAvailable:    8290920 kB
Buffers:            5156 kB
Cached:          1613452 kB
SwapCached:            0 kB
Active:          1348256 kB
Inactive:        1415068 kB
Active(anon):    1151556 kB
Inactive(anon):    19504 kB
Active(file):     196700 kB
Inactive(file):  1395564 kB
Unevictable:        5624 kB
Mlocked:            5624 kB
SwapTotal:       3145724 kB
SwapFree:        3145724 kB
Dirty:               228 kB
Writeback:             0 kB
AnonPages:       1150396 kB
Mapped:           821204 kB
Shmem:             21760 kB
KReclaimable:     633788 kB
Slab:             205276 kB
SReclaimable:      67188 kB
SUnreclaim:       138088 kB
KernelStack:       43712 kB
PageTables:        61312 kB
NFS_Unstable:          0 kB
Bounce:                0 kB
WritebackTmp:          0 kB
CommitLimit:     9202296 kB
Committed_AS:   65617140 kB
VmallocTotal:   263061440 kB
VmallocUsed:      100640 kB
VmallocChunk:          0 kB
Percpu:             7584 kB
CmaTotal:         294912 kB
CmaFree:               0 kB
MemTotal:       12113144 kB
MemFree:         6924812 kB
MemAvailable:    8282168 kB
Buffers:            5156 kB
Cached:          1613556 kB
SwapCached:            0 kB
Active:          1357208 kB
Inactive:        1415224 kB
Active(anon):    1160508 kB
Inactive(anon):    19660 kB
Active(file):     196700 kB
Inactive(file):  1395564 kB
Unevictable:        5624 kB
Mlocked:            5624 kB
SwapTotal:       3145724 kB
SwapFree:        3145724 kB
Dirty:               228 kB
Writeback:             0 kB
AnonPages:       1159328 kB
Mapped:           821360 kB
Shmem:             21864 kB
KReclaimable:     633796 kB
Slab:             205288 kB
SReclaimable:      67196 kB
SUnreclaim:       138092 kB
KernelStack:       43712 kB
PageTables:        61308 kB
NFS_Unstable:          0 kB
Bounce:                0 kB
WritebackTmp:          0 kB
CommitLimit:     9202296 kB
Committed_AS:   65629152 kB
VmallocTotal:   263061440 kB
VmallocUsed:      100640 kB
VmallocChunk:          0 kB
Percpu:             7584 kB
CmaTotal:         294912 kB
CmaFree:               0 kB
MemTotal:       12113144 kB
MemFree:         6942132 kB
MemAvailable:    8298916 kB
Buffers:            5160 kB
Cached:          1613476 kB
SwapCached:            0 kB
Active:          1356648 kB
Inactive:        1415092 kB
Active(anon):    1159944 kB
Inactive(anon):    19516 kB
Active(file):     196704 kB
Inactive(file):  1395576 kB
Unevictable:        5624 kB
Mlocked:            5624 kB
SwapTotal:       3145724 kB
SwapFree:        3145724 kB
Dirty:               228 kB
Writeback:             0 kB
AnonPages:       1158748 kB
Mapped:           821216 kB
Shmem:             21772 kB
KReclaimable:     633208 kB
Slab:             204700 kB
SReclaimable:      66608 kB
SUnreclaim:       138092 kB
KernelStack:       43712 kB
PageTables:        61312 kB
NFS_Unstable:          0 kB
Bounce:                0 kB
WritebackTmp:          0 kB
CommitLimit:     9202296 kB
Committed_AS:   65627732 kB
VmallocTotal:   263061440 kB
VmallocUsed:      100704 kB
VmallocChunk:          0 kB
Percpu:             7584 kB
CmaTotal:         294912 kB
CmaFree:               0 kB
MemTotal:       12113144 kB
MemFree:         6939148 kB
MemAvailable:    8295924 kB
Buffers:            5160 kB
Cached:          1613476 kB
SwapCached:            0 kB
Active:          1360552 kB
Inactive:        1415092 kB
Active(anon):    1163848 kB
Inactive(anon):    19516 kB
Active(file):     196704 kB
Inactive(file):  1395576 kB
Unevictable:        5624 kB
Mlocked:            5624 kB
SwapTotal:       3145724 kB
SwapFree:        3145724 kB
Dirty:               228 kB
Writeback:             0 kB
AnonPages:       1162600 kB
Mapped:           820956 kB
Shmem:             21772 kB
KReclaimable:     633200 kB
Slab:             204692 kB
SReclaimable:      66600 kB
SUnreclaim:       138092 kB
KernelStack:       43712 kB
PageTables:        61312 kB
NFS_Unstable:          0 kB
Bounce:                0 kB
WritebackTmp:          0 kB
CommitLimit:     9202296 kB
Committed_AS:   65633500 kB
VmallocTotal:   263061440 kB
VmallocUsed:      100720 kB
VmallocChunk:          0 kB
Percpu:             7584 kB
CmaTotal:         294912 kB
CmaFree:               0 kB
MemTotal:       12113144 kB
MemFree:         6938072 kB
MemAvailable:    8294856 kB
Buffers:            5160 kB
Cached:          1613480 kB
SwapCached:            0 kB
Active:          1361336 kB
Inactive:        1415096 kB
Active(anon):    1164632 kB
Inactive(anon):    19520 kB
Active(file):     196704 kB
Inactive(file):  1395576 kB
Unevictable:        5624 kB
Mlocked:            5624 kB
SwapTotal:       3145724 kB
SwapFree:        3145724 kB
Dirty:               236 kB
Writeback:             0 kB
AnonPages:       1163296 kB
Mapped:           820976 kB
Shmem:             21776 kB
KReclaimable:     633208 kB
Slab:             204700 kB
SReclaimable:      66608 kB
SUnreclaim:       138092 kB
KernelStack:       43696 kB
PageTables:        61260 kB
NFS_Unstable:          0 kB
Bounce:                0 kB
WritebackTmp:          0 kB
CommitLimit:     9202296 kB
Committed_AS:   65623848 kB
VmallocTotal:   263061440 kB
VmallocUsed:      100688 kB
VmallocChunk:          0 kB
Percpu:             7584 kB
CmaTotal:         294912 kB
CmaFree:               0 kB
MemTotal:       12113144 kB
MemFree:         6936552 kB
MemAvailable:    8293332 kB
Buffers:            5160 kB
Cached:          1613484 kB
SwapCached:            0 kB
Active:          1361740 kB
Inactive:        1415096 kB
Active(anon):    1165032 kB
Inactive(anon):    19520 kB
Active(file):     196708 kB
Inactive(file):  1395576 kB
Unevictable:        5624 kB
Mlocked:            5624 kB
SwapTotal:       3145724 kB
SwapFree:        3145724 kB
Dirty:               256 kB
Writeback:             0 kB
AnonPages:       1163668 kB
Mapped:           820960 kB
Shmem:             21776 kB
KReclaimable:     633200 kB
Slab:             204684 kB
SReclaimable:      66600 kB
SUnreclaim:       138084 kB
KernelStack:       43744 kB
PageTables:        61432 kB
NFS_Unstable:          0 kB
Bounce:                0 kB
WritebackTmp:          0 kB
CommitLimit:     9202296 kB
Committed_AS:   65619828 kB
VmallocTotal:   263061440 kB
VmallocUsed:      100688 kB
VmallocChunk:          0 kB
Percpu:             7584 kB
CmaTotal:         294912 kB
CmaFree:               0 kB
MemTotal:       12113144 kB
MemFree:         6936032 kB
MemAvailable:    8292828 kB
Buffers:            5160 kB
Cached:          1613492 kB
SwapCached:            0 kB
Active:          1362392 kB
Inactive:        1415104 kB
Active(anon):    1165684 kB
Inactive(anon):    19520 kB
Active(file):     196708 kB
Inactive(file):  1395584 kB
Unevictable:        5624 kB
Mlocked:            5624 kB
SwapTotal:       3145724 kB
SwapFree:        3145724 kB
Dirty:               272 kB
Writeback:             0 kB
AnonPages:       1164736 kB
Mapped:           820964 kB
Shmem:             21776 kB
KReclaimable:     633208 kB
Slab:             204696 kB
SReclaimable:      66608 kB
SUnreclaim:       138088 kB
KernelStack:       43728 kB
PageTables:        61324 kB
NFS_Unstable:          0 kB
Bounce:                0 kB
WritebackTmp:          0 kB
CommitLimit:     9202296 kB
Committed_AS:   65619600 kB
VmallocTotal:   263061440 kB
VmallocUsed:      100688 kB
VmallocChunk:          0 kB
Percpu:             7584 kB
CmaTotal:         294912 kB
CmaFree:               0 kB
MemTotal:       12113144 kB
MemFree:         6933956 kB
MemAvailable:    8290764 kB
Buffers:            5164 kB
Cached:          1613524 kB
SwapCached:            0 kB
Active:          1365140 kB
Inactive:        1415140 kB
Active(anon):    1168432 kB
Inactive(anon):    19544 kB
Active(file):     196708 kB
Inactive(file):  1395596 kB
Unevictable:        5624 kB
Mlocked:            5624 kB
SwapTotal:       3145724 kB
SwapFree:        3145724 kB
Dirty:               212 kB
Writeback:             0 kB
AnonPages:       1167332 kB
Mapped:           821248 kB
Shmem:             21800 kB
KReclaimable:     633208 kB
Slab:             204696 kB
SReclaimable:      66608 kB
SUnreclaim:       138088 kB
KernelStack:       43744 kB
PageTables:        61440 kB
NFS_Unstable:          0 kB
Bounce:                0 kB
WritebackTmp:          0 kB
CommitLimit:     9202296 kB
Committed_AS:   65614100 kB
VmallocTotal:   263061440 kB
VmallocUsed:      100704 kB
VmallocChunk:          0 kB
Percpu:             7584 kB
CmaTotal:         294912 kB
CmaFree:               0 kB
MemTotal:       12113144 kB
MemFree:         6933696 kB
MemAvailable:    8290508 kB
Buffers:            5164 kB
Cached:          1613528 kB
SwapCached:            0 kB
Active:          1365308 kB
Inactive:        1415140 kB
Active(anon):    1168596 kB
Inactive(anon):    19544 kB
Active(file):     196712 kB
Inactive(file):  1395596 kB
Unevictable:        5624 kB
Mlocked:            5624 kB
SwapTotal:       3145724 kB
SwapFree:        3145724 kB
Dirty:               280 kB
Writeback:             0 kB
AnonPages:       1167632 kB
Mapped:           821188 kB
Shmem:             21800 kB
KReclaimable:     633208 kB
Slab:             204696 kB
SReclaimable:      66608 kB
SUnreclaim:       138088 kB
KernelStack:       43764 kB
PageTables:        61648 kB
NFS_Unstable:          0 kB
Bounce:                0 kB
WritebackTmp:          0 kB
CommitLimit:     9202296 kB
Committed_AS:   65615432 kB
VmallocTotal:   263061440 kB
VmallocUsed:      100704 kB
VmallocChunk:          0 kB
Percpu:             7584 kB
CmaTotal:         294912 kB
CmaFree:               0 kB
MemTotal:       12113144 kB
MemFree:         6932720 kB
MemAvailable:    8289532 kB
Buffers:            5164 kB
Cached:          1613528 kB
SwapCached:            0 kB
Active:          1365460 kB
Inactive:        1415140 kB
Active(anon):    1168748 kB
Inactive(anon):    19544 kB
Active(file):     196712 kB
Inactive(file):  1395596 kB
Unevictable:        5624 kB
Mlocked:            5624 kB
SwapTotal:       3145724 kB
SwapFree:        3145724 kB
Dirty:               280 kB
Writeback:             0 kB
AnonPages:       1167936 kB
Mapped:           821248 kB
Shmem:             21800 kB
KReclaimable:     633208 kB
Slab:             204696 kB
SReclaimable:      66608 kB
SUnreclaim:       138088 kB
KernelStack:       43760 kB
PageTables:        61304 kB
NFS_Unstable:          0 kB
Bounce:                0 kB
WritebackTmp:          0 kB
CommitLimit:     9202296 kB
Committed_AS:   65620704 kB
VmallocTotal:   263061440 kB
VmallocUsed:      100720 kB
VmallocChunk:          0 kB
Percpu:             7584 kB
CmaTotal:         294912 kB
CmaFree:               0 kB
MemTotal:       12113144 kB
MemFree:         6932796 kB
MemAvailable:    8289608 kB
Buffers:            5164 kB
Cached:          1613528 kB
SwapCached:            0 kB
Active:          1366720 kB
Inactive:        1415140 kB
Active(anon):    1170008 kB
Inactive(anon):    19544 kB
Active(file):     196712 kB
Inactive(file):  1395596 kB
Unevictable:        5624 kB
Mlocked:            5624 kB
SwapTotal:       3145724 kB
SwapFree:        3145724 kB
Dirty:               284 kB
Writeback:             0 kB
AnonPages:       1168552 kB
Mapped:           820988 kB
Shmem:             21800 kB
KReclaimable:     633208 kB
Slab:             204700 kB
SReclaimable:      66608 kB
SUnreclaim:       138092 kB
KernelStack:       43760 kB
PageTables:        61552 kB
NFS_Unstable:          0 kB
Bounce:                0 kB
WritebackTmp:          0 kB
CommitLimit:     9202296 kB
Committed_AS:   65607792 kB
VmallocTotal:   263061440 kB
VmallocUsed:      100704 kB
VmallocChunk:          0 kB
Percpu:             7584 kB
CmaTotal:         294912 kB
CmaFree:               0 kB
MemTotal:       12113144 kB
MemFree:         6931200 kB
MemAvailable:    8288016 kB
Buffers:            5164 kB
Cached:          1613540 kB
SwapCached:            0 kB
Active:          1367816 kB
Inactive:        1415152 kB
Active(anon):    1171104 kB
Inactive(anon):    19556 kB
Active(file):     196712 kB
Inactive(file):  1395596 kB
Unevictable:        5624 kB
Mlocked:            5624 kB
SwapTotal:       3145724 kB
SwapFree:        3145724 kB
Dirty:               284 kB
Writeback:             0 kB
AnonPages:       1169936 kB
Mapped:           821260 kB
Shmem:             21812 kB
KReclaimable:     633212 kB
Slab:             204696 kB
SReclaimable:      66612 kB
SUnreclaim:       138084 kB
KernelStack:       43712 kB
PageTables:        61316 kB
NFS_Unstable:          0 kB
Bounce:                0 kB
WritebackTmp:          0 kB
CommitLimit:     9202296 kB
Committed_AS:   65607620 kB
VmallocTotal:   263061440 kB
VmallocUsed:      100672 kB
VmallocChunk:          0 kB
Percpu:             7584 kB
CmaTotal:         294912 kB
CmaFree:               0 kB
MemTotal:       12113144 kB
MemFree:         6938224 kB
MemAvailable:    8295044 kB
Buffers:            5164 kB
Cached:          1613544 kB
SwapCached:            0 kB
Active:          1359944 kB
Inactive:        1415156 kB
Active(anon):    1163232 kB
Inactive(anon):    19556 kB
Active(file):     196712 kB
Inactive(file):  1395600 kB
Unevictable:        5624 kB
Mlocked:            5624 kB
SwapTotal:       3145724 kB
SwapFree:        3145724 kB
Dirty:               296 kB
Writeback:             0 kB
AnonPages:       1162064 kB
Mapped:           821260 kB
Shmem:             21812 kB
KReclaimable:     633212 kB
Slab:             204700 kB
SReclaimable:      66612 kB
SUnreclaim:       138088 kB
KernelStack:       43712 kB
PageTables:        61316 kB
NFS_Unstable:          0 kB
Bounce:                0 kB
WritebackTmp:          0 kB
CommitLimit:     9202296 kB
Committed_AS:   65617040 kB
VmallocTotal:   263061440 kB
VmallocUsed:      100672 kB
VmallocChunk:          0 kB
Percpu:             7584 kB
CmaTotal:         294912 kB
CmaFree:               0 kB
MemTotal:       12113144 kB
MemFree:         6937380 kB
MemAvailable:    8294204 kB
Buffers:            5164 kB
Cached:          1613548 kB
SwapCached:            0 kB
Active:          1360456 kB
Inactive:        1415160 kB
Active(anon):    1163744 kB
Inactive(anon):    19556 kB
Active(file):     196712 kB
Inactive(file):  1395604 kB
Unevictable:        5624 kB
Mlocked:            5624 kB
SwapTotal:       3145724 kB
SwapFree:        3145724 kB
Dirty:               180 kB
Writeback:             0 kB
AnonPages:       1162604 kB
Mapped:           821128 kB
Shmem:             21812 kB
KReclaimable:     633212 kB
Slab:             204684 kB
SReclaimable:      66612 kB
SUnreclaim:       138072 kB
KernelStack:       43680 kB
PageTables:        61324 kB
NFS_Unstable:          0 kB
Bounce:                0 kB
WritebackTmp:          0 kB
CommitLimit:     9202296 kB
Committed_AS:   65617252 kB
VmallocTotal:   263061440 kB
VmallocUsed:      100672 kB
VmallocChunk:          0 kB
Percpu:             7584 kB
CmaTotal:         294912 kB
CmaFree:               0 kB
MemTotal:       12113144 kB
MemFree:         6937508 kB
MemAvailable:    8294332 kB
Buffers:            5164 kB
Cached:          1613556 kB
SwapCached:            0 kB
Active:          1361608 kB
Inactive:        1415168 kB
Active(anon):    1164896 kB
Inactive(anon):    19564 kB
Active(file):     196712 kB
Inactive(file):  1395604 kB
Unevictable:        5624 kB
Mlocked:            5624 kB
SwapTotal:       3145724 kB
SwapFree:        3145724 kB
Dirty:               180 kB
Writeback:             0 kB
AnonPages:       1163772 kB
Mapped:           821076 kB
Shmem:             21820 kB
KReclaimable:     633212 kB
Slab:             204692 kB
SReclaimable:      66612 kB
SUnreclaim:       138080 kB
KernelStack:       43776 kB
PageTables:        61368 kB
NFS_Unstable:          0 kB
Bounce:                0 kB
WritebackTmp:          0 kB
CommitLimit:     9202296 kB
Committed_AS:   65621232 kB
VmallocTotal:   263061440 kB
VmallocUsed:      100640 kB
VmallocChunk:          0 kB
Percpu:             7584 kB
CmaTotal:         294912 kB
CmaFree:               0 kB
MemTotal:       12113144 kB
MemFree:         6938612 kB
MemAvailable:    8295436 kB
Buffers:            5164 kB
Cached:          1613556 kB
SwapCached:            0 kB
Active:          1361772 kB
Inactive:        1415168 kB
Active(anon):    1165060 kB
Inactive(anon):    19564 kB
Active(file):     196712 kB
Inactive(file):  1395604 kB
Unevictable:        5624 kB
Mlocked:            5624 kB
SwapTotal:       3145724 kB
SwapFree:        3145724 kB
Dirty:               180 kB
Writeback:             0 kB
AnonPages:       1163884 kB
Mapped:           821268 kB
Shmem:             21820 kB
KReclaimable:     633212 kB
Slab:             204692 kB
SReclaimable:      66612 kB
SUnreclaim:       138080 kB
KernelStack:       43712 kB
PageTables:        61324 kB
NFS_Unstable:          0 kB
Bounce:                0 kB
WritebackTmp:          0 kB
CommitLimit:     9202296 kB
Committed_AS:   65621012 kB
VmallocTotal:   263061440 kB
VmallocUsed:      100624 kB
VmallocChunk:          0 kB
Percpu:             7584 kB
CmaTotal:         294912 kB
CmaFree:               0 kB
MemTotal:       12113144 kB
MemFree:         6937204 kB
MemAvailable:    8294036 kB
Buffers:            5172 kB
Cached:          1613556 kB
SwapCached:            0 kB
Active:          1362328 kB
Inactive:        1415168 kB
Active(anon):    1165608 kB
Inactive(anon):    19564 kB
Active(file):     196720 kB
Inactive(file):  1395604 kB
Unevictable:        5624 kB
Mlocked:            5624 kB
SwapTotal:       3145724 kB
SwapFree:        3145724 kB
Dirty:               180 kB
Writeback:             0 kB
AnonPages:       1164348 kB
Mapped:           821256 kB
Shmem:             21820 kB
KReclaimable:     633212 kB
Slab:             204692 kB
SReclaimable:      66612 kB
SUnreclaim:       138080 kB
KernelStack:       43744 kB
PageTables:        61376 kB
NFS_Unstable:          0 kB
Bounce:                0 kB
WritebackTmp:          0 kB
CommitLimit:     9202296 kB
Committed_AS:   65617272 kB
VmallocTotal:   263061440 kB
VmallocUsed:      100608 kB
VmallocChunk:          0 kB
Percpu:             7584 kB
CmaTotal:         294912 kB
CmaFree:               0 kB
MemTotal:       12113144 kB
MemFree:         6948192 kB
MemAvailable:    8305036 kB
Buffers:            5172 kB
Cached:          1613576 kB
SwapCached:            0 kB
Active:          1350676 kB
Inactive:        1415188 kB
Active(anon):    1153956 kB
Inactive(anon):    19572 kB
Active(file):     196720 kB
Inactive(file):  1395616 kB
Unevictable:        5624 kB
Mlocked:            5624 kB
SwapTotal:       3145724 kB
SwapFree:        3145724 kB
Dirty:               136 kB
Writeback:             0 kB
AnonPages:       1152584 kB
Mapped:           821272 kB
Shmem:             21828 kB
KReclaimable:     633212 kB
Slab:             204704 kB
SReclaimable:      66612 kB
SUnreclaim:       138092 kB
KernelStack:       43712 kB
PageTables:        61320 kB
NFS_Unstable:          0 kB
Bounce:                0 kB
WritebackTmp:          0 kB
CommitLimit:     9202296 kB
Committed_AS:   65616780 kB
VmallocTotal:   263061440 kB
VmallocUsed:      100624 kB
VmallocChunk:          0 kB
Percpu:             7584 kB
CmaTotal:         294912 kB
CmaFree:               0 kB
MemTotal:       12113144 kB
MemFree:         6948424 kB
MemAvailable:    8305268 kB
Buffers:            5172 kB
Cached:          1613576 kB
SwapCached:            0 kB
Active:          1350460 kB
Inactive:        1415188 kB
Active(anon):    1153740 kB
Inactive(anon):    19572 kB
Active(file):     196720 kB
Inactive(file):  1395616 kB
Unevictable:        5624 kB
Mlocked:            5624 kB
SwapTotal:       3145724 kB
SwapFree:        3145724 kB
Dirty:               136 kB
Writeback:             0 kB
AnonPages:       1152472 kB
Mapped:           821252 kB
Shmem:             21828 kB
KReclaimable:     633212 kB
Slab:             204704 kB
SReclaimable:      66612 kB
SUnreclaim:       138092 kB
KernelStack:       43696 kB
PageTables:        61320 kB
NFS_Unstable:          0 kB
Bounce:                0 kB
WritebackTmp:          0 kB
CommitLimit:     9202296 kB
Committed_AS:   65616552 kB
VmallocTotal:   263061440 kB
VmallocUsed:      100624 kB
VmallocChunk:          0 kB
Percpu:             7584 kB
CmaTotal:         294912 kB
CmaFree:               0 kB
MemTotal:       12113144 kB
MemFree:         6947788 kB
MemAvailable:    8304632 kB
Buffers:            5172 kB
Cached:          1613576 kB
SwapCached:            0 kB
Active:          1350164 kB
Inactive:        1415188 kB
Active(anon):    1153444 kB
Inactive(anon):    19572 kB
Active(file):     196720 kB
Inactive(file):  1395616 kB
Unevictable:        5624 kB
Mlocked:            5624 kB
SwapTotal:       3145724 kB
SwapFree:        3145724 kB
Dirty:               136 kB
Writeback:             0 kB
AnonPages:       1152368 kB
Mapped:           821272 kB
Shmem:             21828 kB
KReclaimable:     633212 kB
Slab:             204700 kB
SReclaimable:      66612 kB
SUnreclaim:       138088 kB
KernelStack:       43696 kB
PageTables:        61316 kB
NFS_Unstable:          0 kB
Bounce:                0 kB
WritebackTmp:          0 kB
CommitLimit:     9202296 kB
Committed_AS:   65621912 kB
VmallocTotal:   263061440 kB
VmallocUsed:      100624 kB
VmallocChunk:          0 kB
Percpu:             7584 kB
CmaTotal:         294912 kB
CmaFree:               0 kB
MemTotal:       12113144 kB
MemFree:         6947292 kB
MemAvailable:    8304136 kB
Buffers:            5172 kB
Cached:          1613588 kB
SwapCached:            0 kB
Active:          1351020 kB
Inactive:        1415200 kB
Active(anon):    1154300 kB
Inactive(anon):    19584 kB
Active(file):     196720 kB
Inactive(file):  1395616 kB
Unevictable:        5624 kB
Mlocked:            5624 kB
SwapTotal:       3145724 kB
SwapFree:        3145724 kB
Dirty:               164 kB
Writeback:             0 kB
AnonPages:       1153056 kB
Mapped:           821284 kB
Shmem:             21840 kB
KReclaimable:     633212 kB
Slab:             204696 kB
SReclaimable:      66612 kB
SUnreclaim:       138084 kB
KernelStack:       43680 kB
PageTables:        61432 kB
NFS_Unstable:          0 kB
Bounce:                0 kB
WritebackTmp:          0 kB
CommitLimit:     9202296 kB
Committed_AS:   65612508 kB
VmallocTotal:   263061440 kB
VmallocUsed:      100608 kB
VmallocChunk:          0 kB
Percpu:             7584 kB
CmaTotal:         294912 kB
CmaFree:               0 kB
MemTotal:       12113144 kB
MemFree:         6947104 kB
MemAvailable:    8303956 kB
Buffers:            5172 kB
Cached:          1613608 kB
SwapCached:            0 kB
Active:          1352344 kB
Inactive:        1415220 kB
Active(anon):    1155624 kB
Inactive(anon):    19588 kB
Active(file):     196720 kB
Inactive(file):  1395632 kB
Unevictable:        5624 kB
Mlocked:            5624 kB
SwapTotal:       3145724 kB
SwapFree:        3145724 kB
Dirty:               224 kB
Writeback:             0 kB
AnonPages:       1154596 kB
Mapped:           821296 kB
Shmem:             21844 kB
KReclaimable:     633204 kB
Slab:             204696 kB
SReclaimable:      66604 kB
SUnreclaim:       138092 kB
KernelStack:       43664 kB
PageTables:        61312 kB
NFS_Unstable:          0 kB
Bounce:                0 kB
WritebackTmp:          0 kB
CommitLimit:     9202296 kB
Committed_AS:   65621216 kB
VmallocTotal:   263061440 kB
VmallocUsed:      100592 kB
VmallocChunk:          0 kB
Percpu:             7584 kB
CmaTotal:         294912 kB
CmaFree:               0 kB
MemTotal:       12113144 kB
MemFree:         6945868 kB
MemAvailable:    8302728 kB
Buffers:            5172 kB
Cached:          1613612 kB
SwapCached:            0 kB
Active:          1353200 kB
Inactive:        1415224 kB
Active(anon):    1156480 kB
Inactive(anon):    19592 kB
Active(file):     196720 kB
Inactive(file):  1395632 kB
Unevictable:        5624 kB
Mlocked:            5624 kB
SwapTotal:       3145724 kB
SwapFree:        3145724 kB
Dirty:               236 kB
Writeback:             0 kB
AnonPages:       1155096 kB
Mapped:           821300 kB
Shmem:             21848 kB
KReclaimable:     633212 kB
Slab:             204696 kB
SReclaimable:      66612 kB
SUnreclaim:       138084 kB
KernelStack:       43664 kB
PageTables:        61308 kB
NFS_Unstable:          0 kB
Bounce:                0 kB
WritebackTmp:          0 kB
CommitLimit:     9202296 kB
Committed_AS:   65626296 kB
VmallocTotal:   263061440 kB
VmallocUsed:      100624 kB
VmallocChunk:          0 kB
Percpu:             7584 kB
CmaTotal:         294912 kB
CmaFree:               0 kB
MemTotal:       12113144 kB
MemFree:         6944928 kB
MemAvailable:    8301796 kB
Buffers:            5176 kB
Cached:          1613624 kB
SwapCached:            0 kB
Active:          1355124 kB
Inactive:        1415236 kB
Active(anon):    1158400 kB
Inactive(anon):    19592 kB
Active(file):     196724 kB
Inactive(file):  1395644 kB
Unevictable:        5624 kB
Mlocked:            5624 kB
SwapTotal:       3145724 kB
SwapFree:        3145724 kB
Dirty:               236 kB
Writeback:             0 kB
AnonPages:       1157036 kB
Mapped:           821040 kB
Shmem:             21848 kB
KReclaimable:     633204 kB
Slab:             204700 kB
SReclaimable:      66604 kB
SUnreclaim:       138096 kB
KernelStack:       43664 kB
PageTables:        61432 kB
NFS_Unstable:          0 kB
Bounce:                0 kB
WritebackTmp:          0 kB
CommitLimit:     9202296 kB
Committed_AS:   65620900 kB
VmallocTotal:   263061440 kB
VmallocUsed:      100656 kB
VmallocChunk:          0 kB
Percpu:             7584 kB
CmaTotal:         294912 kB
CmaFree:               0 kB
MemTotal:       12113144 kB
MemFree:         6944284 kB
MemAvailable:    8301160 kB
Buffers:            5176 kB
Cached:          1613624 kB
SwapCached:            0 kB
Active:          1355400 kB
Inactive:        1415232 kB
Active(anon):    1158672 kB
Inactive(anon):    19592 kB
Active(file):     196728 kB
Inactive(file):  1395640 kB
Unevictable:        5624 kB
Mlocked:            5624 kB
SwapTotal:       3145724 kB
SwapFree:        3145724 kB
Dirty:               236 kB
Writeback:             0 kB
AnonPages:       1157640 kB
Mapped:           821300 kB
Shmem:             21848 kB
KReclaimable:     633212 kB
Slab:             204716 kB
SReclaimable:      66612 kB
SUnreclaim:       138104 kB
KernelStack:       43648 kB
PageTables:        61308 kB
NFS_Unstable:          0 kB
Bounce:                0 kB
WritebackTmp:          0 kB
CommitLimit:     9202296 kB
Committed_AS:   65615824 kB
VmallocTotal:   263061440 kB
VmallocUsed:      100624 kB
VmallocChunk:          0 kB
Percpu:             7584 kB
CmaTotal:         294912 kB
CmaFree:               0 kB
MemTotal:       12113144 kB
MemFree:         6942876 kB
MemAvailable:    8299752 kB
Buffers:            5176 kB
Cached:          1613624 kB
SwapCached:            0 kB
Active:          1356384 kB
Inactive:        1415232 kB
Active(anon):    1159656 kB
Inactive(anon):    19592 kB
Active(file):     196728 kB
Inactive(file):  1395640 kB
Unevictable:        5624 kB
Mlocked:            5624 kB
SwapTotal:       3145724 kB
SwapFree:        3145724 kB
Dirty:               252 kB
Writeback:             0 kB
AnonPages:       1158556 kB
Mapped:           821300 kB
Shmem:             21848 kB
KReclaimable:     633212 kB
Slab:             204708 kB
SReclaimable:      66612 kB
SUnreclaim:       138096 kB
KernelStack:       43648 kB
PageTables:        61320 kB
NFS_Unstable:          0 kB
Bounce:                0 kB
WritebackTmp:          0 kB
CommitLimit:     9202296 kB
Committed_AS:   65616000 kB
VmallocTotal:   263061440 kB
VmallocUsed:      100656 kB
VmallocChunk:          0 kB
Percpu:             7584 kB
CmaTotal:         294912 kB
CmaFree:               0 kB
MemTotal:       12113144 kB
MemFree:         6940760 kB
MemAvailable:    8297660 kB
Buffers:            5176 kB
Cached:          1613656 kB
SwapCached:            0 kB
Active:          1357148 kB
Inactive:        1415252 kB
Active(anon):    1160408 kB
Inactive(anon):    19600 kB
Active(file):     196740 kB
Inactive(file):  1395652 kB
Unevictable:        5624 kB
Mlocked:            5624 kB
SwapTotal:       3145724 kB
SwapFree:        3145724 kB
Dirty:               260 kB
Writeback:             0 kB
AnonPages:       1159428 kB
Mapped:           821048 kB
Shmem:             21856 kB
KReclaimable:     633212 kB
Slab:             204708 kB
SReclaimable:      66612 kB
SUnreclaim:       138096 kB
KernelStack:       43648 kB
PageTables:        61312 kB
NFS_Unstable:          0 kB
Bounce:                0 kB
WritebackTmp:          0 kB
CommitLimit:     9202296 kB
Committed_AS:   65610396 kB
VmallocTotal:   263061440 kB
VmallocUsed:      100624 kB
VmallocChunk:          0 kB
Percpu:             7584 kB
CmaTotal:         294912 kB
CmaFree:               0 kB
MemTotal:       12113144 kB
MemFree:         6942184 kB
MemAvailable:    8299064 kB
Buffers:            5176 kB
Cached:          1613640 kB
SwapCached:            0 kB
Active:          1357436 kB
Inactive:        1415244 kB
Active(anon):    1160704 kB
Inactive(anon):    19604 kB
Active(file):     196732 kB
Inactive(file):  1395640 kB
Unevictable:        5624 kB
Mlocked:            5624 kB
SwapTotal:       3145724 kB
SwapFree:        3145724 kB
Dirty:               268 kB
Writeback:             0 kB
AnonPages:       1159836 kB
Mapped:           821312 kB
Shmem:             21860 kB
KReclaimable:     633212 kB
Slab:             204704 kB
SReclaimable:      66612 kB
SUnreclaim:       138092 kB
KernelStack:       43648 kB
PageTables:        61308 kB
NFS_Unstable:          0 kB
Bounce:                0 kB
WritebackTmp:          0 kB
CommitLimit:     9202296 kB
Committed_AS:   65613996 kB
VmallocTotal:   263061440 kB
VmallocUsed:      100624 kB
VmallocChunk:          0 kB
Percpu:             7584 kB
CmaTotal:         294912 kB
CmaFree:               0 kB
MemTotal:       12113144 kB
MemFree:         6943288 kB
MemAvailable:    8300164 kB
Buffers:            5176 kB
Cached:          1613640 kB
SwapCached:            0 kB
Active:          1354260 kB
Inactive:        1415244 kB
Active(anon):    1157528 kB
Inactive(anon):    19604 kB
Active(file):     196732 kB
Inactive(file):  1395640 kB
Unevictable:        5624 kB
Mlocked:            5624 kB
SwapTotal:       3145724 kB
SwapFree:        3145724 kB
Dirty:               268 kB
Writeback:             0 kB
AnonPages:       1156512 kB
Mapped:           821312 kB
Shmem:             21860 kB
KReclaimable:     633208 kB
Slab:             204708 kB
SReclaimable:      66608 kB
SUnreclaim:       138100 kB
KernelStack:       43664 kB
PageTables:        61432 kB
NFS_Unstable:          0 kB
Bounce:                0 kB
WritebackTmp:          0 kB
CommitLimit:     9202296 kB
Committed_AS:   65609784 kB
VmallocTotal:   263061440 kB
VmallocUsed:      100640 kB
VmallocChunk:          0 kB
Percpu:             7584 kB
CmaTotal:         294912 kB
CmaFree:               0 kB
MemTotal:       12113144 kB
MemFree:         6942884 kB
MemAvailable:    8299792 kB
Buffers:            5184 kB
Cached:          1613656 kB
SwapCached:            0 kB
Active:          1354712 kB
Inactive:        1415260 kB
Active(anon):    1157972 kB
Inactive(anon):    19604 kB
Active(file):     196740 kB
Inactive(file):  1395656 kB
Unevictable:        5624 kB
Mlocked:            5624 kB
SwapTotal:       3145724 kB
SwapFree:        3145724 kB
Dirty:               244 kB
Writeback:             0 kB
AnonPages:       1156812 kB
Mapped:           821312 kB
Shmem:             21860 kB
KReclaimable:     633216 kB
Slab:             204704 kB
SReclaimable:      66616 kB
SUnreclaim:       138088 kB
KernelStack:       43680 kB
PageTables:        61552 kB
NFS_Unstable:          0 kB
Bounce:                0 kB
WritebackTmp:          0 kB
CommitLimit:     9202296 kB
Committed_AS:   65604732 kB
VmallocTotal:   263061440 kB
VmallocUsed:      100624 kB
VmallocChunk:          0 kB
Percpu:             7584 kB
CmaTotal:         294912 kB
CmaFree:               0 kB
MemTotal:       12113144 kB
MemFree:         6942692 kB
MemAvailable:    8299600 kB
Buffers:            5184 kB
Cached:          1613672 kB
SwapCached:            0 kB
Active:          1355652 kB
Inactive:        1415276 kB
Active(anon):    1158912 kB
Inactive(anon):    19620 kB
Active(file):     196740 kB
Inactive(file):  1395656 kB
Unevictable:        5624 kB
Mlocked:            5624 kB
SwapTotal:       3145724 kB
SwapFree:        3145724 kB
Dirty:               244 kB
Writeback:             0 kB
AnonPages:       1158020 kB
Mapped:           821312 kB
Shmem:             21876 kB
KReclaimable:     633216 kB
Slab:             204728 kB
SReclaimable:      66616 kB
SUnreclaim:       138112 kB
KernelStack:       43648 kB
PageTables:        61368 kB
NFS_Unstable:          0 kB
Bounce:                0 kB
WritebackTmp:          0 kB
CommitLimit:     9202296 kB
Committed_AS:   65610580 kB
VmallocTotal:   263061440 kB
VmallocUsed:      100608 kB
VmallocChunk:          0 kB
Percpu:             7584 kB
CmaTotal:         294912 kB
CmaFree:               0 kB
MemTotal:       12113144 kB
MemFree:         6942744 kB
MemAvailable:    8299652 kB
Buffers:            5184 kB
Cached:          1613676 kB
SwapCached:            0 kB
Active:          1355348 kB
Inactive:        1415280 kB
Active(anon):    1158608 kB
Inactive(anon):    19624 kB
Active(file):     196740 kB
Inactive(file):  1395656 kB
Unevictable:        5624 kB
Mlocked:            5624 kB
SwapTotal:       3145724 kB
SwapFree:        3145724 kB
Dirty:               244 kB
Writeback:             0 kB
AnonPages:       1157592 kB
Mapped:           821332 kB
Shmem:             21880 kB
KReclaimable:     633216 kB
Slab:             204768 kB
SReclaimable:      66616 kB
SUnreclaim:       138152 kB
KernelStack:       43648 kB
PageTables:        61312 kB
NFS_Unstable:          0 kB
Bounce:                0 kB
WritebackTmp:          0 kB
CommitLimit:     9202296 kB
Committed_AS:   65609896 kB
VmallocTotal:   263061440 kB
VmallocUsed:      100608 kB
VmallocChunk:          0 kB
Percpu:             7584 kB
CmaTotal:         294912 kB
CmaFree:               0 kB
MemTotal:       12113144 kB
MemFree:         6942588 kB
MemAvailable:    8299496 kB
Buffers:            5184 kB
Cached:          1613676 kB
SwapCached:            0 kB
Active:          1356188 kB
Inactive:        1415280 kB
Active(anon):    1159448 kB
Inactive(anon):    19624 kB
Active(file):     196740 kB
Inactive(file):  1395656 kB
Unevictable:        5624 kB
Mlocked:            5624 kB
SwapTotal:       3145724 kB
SwapFree:        3145724 kB
Dirty:               244 kB
Writeback:             0 kB
AnonPages:       1158364 kB
Mapped:           821072 kB
Shmem:             21880 kB
KReclaimable:     633216 kB
Slab:             204760 kB
SReclaimable:      66616 kB
SUnreclaim:       138144 kB
KernelStack:       43664 kB
PageTables:        61424 kB
NFS_Unstable:          0 kB
Bounce:                0 kB
WritebackTmp:          0 kB
CommitLimit:     9202296 kB
Committed_AS:   65619760 kB
VmallocTotal:   263061440 kB
VmallocUsed:      100592 kB
VmallocChunk:          0 kB
Percpu:             7584 kB
CmaTotal:         294912 kB
CmaFree:               0 kB
MemTotal:       12113144 kB
MemFree:         6947476 kB
MemAvailable:    8304384 kB
Buffers:            5184 kB
Cached:          1613676 kB
SwapCached:            0 kB
Active:          1351108 kB
Inactive:        1415280 kB
Active(anon):    1154368 kB
Inactive(anon):    19624 kB
Active(file):     196740 kB
Inactive(file):  1395656 kB
Unevictable:        5624 kB
Mlocked:            5624 kB
SwapTotal:       3145724 kB
SwapFree:        3145724 kB
Dirty:               248 kB
Writeback:             0 kB
AnonPages:       1153336 kB
Mapped:           821072 kB
Shmem:             21880 kB
KReclaimable:     633216 kB
Slab:             204768 kB
SReclaimable:      66616 kB
SUnreclaim:       138152 kB
KernelStack:       43664 kB
PageTables:        61436 kB
NFS_Unstable:          0 kB
Bounce:                0 kB
WritebackTmp:          0 kB
CommitLimit:     9202296 kB
Committed_AS:   65617384 kB
VmallocTotal:   263061440 kB
VmallocUsed:      100592 kB
VmallocChunk:          0 kB
Percpu:             7584 kB
CmaTotal:         294912 kB
CmaFree:               0 kB
MemTotal:       12113144 kB
MemFree:         6948024 kB
MemAvailable:    8304932 kB
Buffers:            5184 kB
Cached:          1613676 kB
SwapCached:            0 kB
Active:          1351344 kB
Inactive:        1415276 kB
Active(anon):    1154600 kB
Inactive(anon):    19624 kB
Active(file):     196744 kB
Inactive(file):  1395652 kB
Unevictable:        5624 kB
Mlocked:            5624 kB
SwapTotal:       3145724 kB
SwapFree:        3145724 kB
Dirty:               108 kB
Writeback:             0 kB
AnonPages:       1153536 kB
Mapped:           821332 kB
Shmem:             21880 kB
KReclaimable:     633216 kB
Slab:             204772 kB
SReclaimable:      66616 kB
SUnreclaim:       138156 kB
KernelStack:       43616 kB
PageTables:        61320 kB
NFS_Unstable:          0 kB
Bounce:                0 kB
WritebackTmp:          0 kB
CommitLimit:     9202296 kB
Committed_AS:   65606948 kB
VmallocTotal:   263061440 kB
VmallocUsed:      100528 kB
VmallocChunk:          0 kB
Percpu:             7584 kB
CmaTotal:         294912 kB
CmaFree:               0 kB
MemTotal:       12113144 kB
MemFree:         6945852 kB
MemAvailable:    8302768 kB
Buffers:            5184 kB
Cached:          1613692 kB
SwapCached:            0 kB
Active:          1353676 kB
Inactive:        1415292 kB
Active(anon):    1156932 kB
Inactive(anon):    19632 kB
Active(file):     196744 kB
Inactive(file):  1395660 kB
Unevictable:        5624 kB
Mlocked:            5624 kB
SwapTotal:       3145724 kB
SwapFree:        3145724 kB
Dirty:               120 kB
Writeback:             0 kB
AnonPages:       1155784 kB
Mapped:           821168 kB
Shmem:             21888 kB
KReclaimable:     633216 kB
Slab:             204772 kB
SReclaimable:      66616 kB
SUnreclaim:       138156 kB
KernelStack:       43648 kB
PageTables:        61384 kB
NFS_Unstable:          0 kB
Bounce:                0 kB
WritebackTmp:          0 kB
CommitLimit:     9202296 kB
Committed_AS:   65612508 kB
VmallocTotal:   263061440 kB
VmallocUsed:      100512 kB
VmallocChunk:          0 kB
Percpu:             7584 kB
CmaTotal:         294912 kB
CmaFree:               0 kB
MemTotal:       12113144 kB
MemFree:         6945536 kB
MemAvailable:    8302464 kB
Buffers:            5188 kB
Cached:          1613704 kB
SwapCached:            0 kB
Active:          1353800 kB
Inactive:        1415304 kB
Active(anon):    1157052 kB
Inactive(anon):    19636 kB
Active(file):     196748 kB
Inactive(file):  1395668 kB
Unevictable:        5624 kB
Mlocked:            5624 kB
SwapTotal:       3145724 kB
SwapFree:        3145724 kB
Dirty:               112 kB
Writeback:             0 kB
AnonPages:       1155632 kB
Mapped:           821332 kB
Shmem:             21892 kB
KReclaimable:     633216 kB
Slab:             204772 kB
SReclaimable:      66616 kB
SUnreclaim:       138156 kB
KernelStack:       43648 kB
PageTables:        61388 kB
NFS_Unstable:          0 kB
Bounce:                0 kB
WritebackTmp:          0 kB
CommitLimit:     9202296 kB
Committed_AS:   65618408 kB
VmallocTotal:   263061440 kB
VmallocUsed:      100528 kB
VmallocChunk:          0 kB
Percpu:             7584 kB
CmaTotal:         294912 kB
CmaFree:               0 kB
MemTotal:       12113144 kB
MemFree:         6952012 kB
MemAvailable:    8308940 kB
Buffers:            5188 kB
Cached:          1613708 kB
SwapCached:            0 kB
Active:          1347040 kB
Inactive:        1415308 kB
Active(anon):    1150292 kB
Inactive(anon):    19640 kB
Active(file):     196748 kB
Inactive(file):  1395668 kB
Unevictable:        5624 kB
Mlocked:            5624 kB
SwapTotal:       3145724 kB
SwapFree:        3145724 kB
Dirty:               108 kB
Writeback:             0 kB
AnonPages:       1149140 kB
Mapped:           821348 kB
Shmem:             21896 kB
KReclaimable:     633216 kB
Slab:             204772 kB
SReclaimable:      66616 kB
SUnreclaim:       138156 kB
KernelStack:       43616 kB
PageTables:        61328 kB
NFS_Unstable:          0 kB
Bounce:                0 kB
WritebackTmp:          0 kB
CommitLimit:     9202296 kB
Committed_AS:   65617772 kB
VmallocTotal:   263061440 kB
VmallocUsed:      100528 kB
VmallocChunk:          0 kB
Percpu:             7584 kB
CmaTotal:         294912 kB
CmaFree:             128 kB
MemTotal:       12113144 kB
MemFree:         6951196 kB
MemAvailable:    8308124 kB
Buffers:            5188 kB
Cached:          1613708 kB
SwapCached:            0 kB
Active:          1348076 kB
Inactive:        1415308 kB
Active(anon):    1151328 kB
Inactive(anon):    19640 kB
Active(file):     196748 kB
Inactive(file):  1395668 kB
Unevictable:        5624 kB
Mlocked:            5624 kB
SwapTotal:       3145724 kB
SwapFree:        3145724 kB
Dirty:               132 kB
Writeback:             0 kB
AnonPages:       1149896 kB
Mapped:           821276 kB
Shmem:             21896 kB
KReclaimable:     633216 kB
Slab:             204796 kB
SReclaimable:      66616 kB
SUnreclaim:       138180 kB
KernelStack:       43632 kB
PageTables:        61332 kB
NFS_Unstable:          0 kB
Bounce:                0 kB
WritebackTmp:          0 kB
CommitLimit:     9202296 kB
Committed_AS:   65623776 kB
VmallocTotal:   263061440 kB
VmallocUsed:      100528 kB
VmallocChunk:          0 kB
Percpu:             7584 kB
CmaTotal:         294912 kB
CmaFree:               0 kB
MemTotal:       12113144 kB
MemFree:         6949628 kB
MemAvailable:    8306556 kB
Buffers:            5188 kB
Cached:          1613720 kB
SwapCached:            0 kB
Active:          1349264 kB
Inactive:        1415316 kB
Active(anon):    1152512 kB
Inactive(anon):    19652 kB
Active(file):     196752 kB
Inactive(file):  1395664 kB
Unevictable:        5624 kB
Mlocked:            5624 kB
SwapTotal:       3145724 kB
SwapFree:        3145724 kB
Dirty:               132 kB
Writeback:             0 kB
AnonPages:       1151420 kB
Mapped:           821364 kB
Shmem:             21908 kB
KReclaimable:     633216 kB
Slab:             204760 kB
SReclaimable:      66616 kB
SUnreclaim:       138144 kB
KernelStack:       43632 kB
PageTables:        61444 kB
NFS_Unstable:          0 kB
Bounce:                0 kB
WritebackTmp:          0 kB
CommitLimit:     9202296 kB
Committed_AS:   65628612 kB
VmallocTotal:   263061440 kB
VmallocUsed:      100576 kB
VmallocChunk:          0 kB
Percpu:             7584 kB
CmaTotal:         294912 kB
CmaFree:               0 kB
MemTotal:       12113144 kB
MemFree:         6947736 kB
MemAvailable:    8304672 kB
Buffers:            5188 kB
Cached:          1613724 kB
SwapCached:            0 kB
Active:          1349916 kB
Inactive:        1415320 kB
Active(anon):    1153164 kB
Inactive(anon):    19652 kB
Active(file):     196752 kB
Inactive(file):  1395668 kB
Unevictable:        5624 kB
Mlocked:            5624 kB
SwapTotal:       3145724 kB
SwapFree:        3145724 kB
Dirty:               152 kB
Writeback:             0 kB
AnonPages:       1151888 kB
Mapped:           821108 kB
Shmem:             21908 kB
KReclaimable:     633220 kB
Slab:             204764 kB
SReclaimable:      66620 kB
SUnreclaim:       138144 kB
KernelStack:       43616 kB
PageTables:        61328 kB
NFS_Unstable:          0 kB
Bounce:                0 kB
WritebackTmp:          0 kB
CommitLimit:     9202296 kB
Committed_AS:   65623120 kB
VmallocTotal:   263061440 kB
VmallocUsed:      100576 kB
VmallocChunk:          0 kB
Percpu:             7584 kB
CmaTotal:         294912 kB
CmaFree:               0 kB
MemTotal:       12113144 kB
MemFree:         6946508 kB
MemAvailable:    8303444 kB
Buffers:            5188 kB
Cached:          1613724 kB
SwapCached:            0 kB
Active:          1350740 kB
Inactive:        1415320 kB
Active(anon):    1153988 kB
Inactive(anon):    19652 kB
Active(file):     196752 kB
Inactive(file):  1395668 kB
Unevictable:        5624 kB
Mlocked:            5624 kB
SwapTotal:       3145724 kB
SwapFree:        3145724 kB
Dirty:               152 kB
Writeback:             0 kB
AnonPages:       1152708 kB
Mapped:           821304 kB
Shmem:             21908 kB
KReclaimable:     633220 kB
Slab:             204764 kB
SReclaimable:      66620 kB
SUnreclaim:       138144 kB
KernelStack:       43652 kB
PageTables:        61264 kB
NFS_Unstable:          0 kB
Bounce:                0 kB
WritebackTmp:          0 kB
CommitLimit:     9202296 kB
Committed_AS:   65628032 kB
VmallocTotal:   263061440 kB
VmallocUsed:      100592 kB
VmallocChunk:          0 kB
Percpu:             7584 kB
CmaTotal:         294912 kB
CmaFree:               0 kB
MemTotal:       12113144 kB
MemFree:         6946728 kB
MemAvailable:    8303668 kB
Buffers:            5188 kB
Cached:          1613736 kB
SwapCached:            0 kB
Active:          1351316 kB
Inactive:        1415332 kB
Active(anon):    1154564 kB
Inactive(anon):    19660 kB
Active(file):     196752 kB
Inactive(file):  1395672 kB
Unevictable:        5624 kB
Mlocked:            5624 kB
SwapTotal:       3145724 kB
SwapFree:        3145724 kB
Dirty:               156 kB
Writeback:             0 kB
AnonPages:       1153620 kB
Mapped:           821376 kB
Shmem:             21916 kB
KReclaimable:     633220 kB
Slab:             204764 kB
SReclaimable:      66620 kB
SUnreclaim:       138144 kB
KernelStack:       43616 kB
PageTables:        61320 kB
NFS_Unstable:          0 kB
Bounce:                0 kB
WritebackTmp:          0 kB
CommitLimit:     9202296 kB
Committed_AS:   65617792 kB
VmallocTotal:   263061440 kB
VmallocUsed:      100560 kB
VmallocChunk:          0 kB
Percpu:             7584 kB
CmaTotal:         294912 kB
CmaFree:               0 kB
MemTotal:       12113144 kB
MemFree:         6946512 kB
MemAvailable:    8303452 kB
Buffers:            5188 kB
Cached:          1613736 kB
SwapCached:            0 kB
Active:          1351684 kB
Inactive:        1415332 kB
Active(anon):    1154932 kB
Inactive(anon):    19660 kB
Active(file):     196752 kB
Inactive(file):  1395672 kB
Unevictable:        5624 kB
Mlocked:            5624 kB
SwapTotal:       3145724 kB
SwapFree:        3145724 kB
Dirty:               156 kB
Writeback:             0 kB
AnonPages:       1153744 kB
Mapped:           821116 kB
Shmem:             21916 kB
KReclaimable:     633220 kB
Slab:             204748 kB
SReclaimable:      66620 kB
SUnreclaim:       138128 kB
KernelStack:       43632 kB
PageTables:        61440 kB
NFS_Unstable:          0 kB
Bounce:                0 kB
WritebackTmp:          0 kB
CommitLimit:     9202296 kB
Committed_AS:   65622784 kB
VmallocTotal:   263061440 kB
VmallocUsed:      100576 kB
VmallocChunk:          0 kB
Percpu:             7584 kB
CmaTotal:         294912 kB
CmaFree:               0 kB
MemTotal:       12113144 kB
MemFree:         6946412 kB
MemAvailable:    8303364 kB
Buffers:            5192 kB
Cached:          1613744 kB
SwapCached:            0 kB
Active:          1352940 kB
Inactive:        1415340 kB
Active(anon):    1156184 kB
Inactive(anon):    19660 kB
Active(file):     196756 kB
Inactive(file):  1395680 kB
Unevictable:        5624 kB
Mlocked:            5624 kB
SwapTotal:       3145724 kB
SwapFree:        3145724 kB
Dirty:               148 kB
Writeback:             0 kB
AnonPages:       1154736 kB
Mapped:           821368 kB
Shmem:             21916 kB
KReclaimable:     633220 kB
Slab:             204744 kB
SReclaimable:      66620 kB
SUnreclaim:       138124 kB
KernelStack:       43632 kB
PageTables:        61316 kB
NFS_Unstable:          0 kB
Bounce:                0 kB
WritebackTmp:          0 kB
CommitLimit:     9202296 kB
Committed_AS:   65617264 kB
VmallocTotal:   263061440 kB
VmallocUsed:      100544 kB
VmallocChunk:          0 kB
Percpu:             7584 kB
CmaTotal:         294912 kB
CmaFree:               0 kB
MemTotal:       12113144 kB
MemFree:         6946168 kB
MemAvailable:    8303120 kB
Buffers:            5192 kB
Cached:          1613744 kB
SwapCached:            0 kB
Active:          1353936 kB
Inactive:        1415340 kB
Active(anon):    1157180 kB
Inactive(anon):    19660 kB
Active(file):     196756 kB
Inactive(file):  1395680 kB
Unevictable:        5624 kB
Mlocked:            5624 kB
SwapTotal:       3145724 kB
SwapFree:        3145724 kB
Dirty:               152 kB
Writeback:             0 kB
AnonPages:       1155820 kB
Mapped:           821116 kB
Shmem:             21916 kB
KReclaimable:     633220 kB
Slab:             204752 kB
SReclaimable:      66620 kB
SUnreclaim:       138132 kB
KernelStack:       43616 kB
PageTables:        61328 kB
NFS_Unstable:          0 kB
Bounce:                0 kB
WritebackTmp:          0 kB
CommitLimit:     9202296 kB
Committed_AS:   65616824 kB
VmallocTotal:   263061440 kB
VmallocUsed:      100528 kB
VmallocChunk:          0 kB
Percpu:             7584 kB
CmaTotal:         294912 kB
CmaFree:               0 kB
MemTotal:       12113144 kB
MemFree:         6945468 kB
MemAvailable:    8302420 kB
Buffers:            5192 kB
Cached:          1613744 kB
SwapCached:            0 kB
Active:          1354236 kB
Inactive:        1415340 kB
Active(anon):    1157480 kB
Inactive(anon):    19660 kB
Active(file):     196756 kB
Inactive(file):  1395680 kB
Unevictable:        5624 kB
Mlocked:            5624 kB
SwapTotal:       3145724 kB
SwapFree:        3145724 kB
Dirty:               152 kB
Writeback:             0 kB
AnonPages:       1156304 kB
Mapped:           821116 kB
Shmem:             21916 kB
KReclaimable:     633220 kB
Slab:             204772 kB
SReclaimable:      66620 kB
SUnreclaim:       138152 kB
KernelStack:       43616 kB
PageTables:        61328 kB
NFS_Unstable:          0 kB
Bounce:                0 kB
WritebackTmp:          0 kB
CommitLimit:     9202296 kB
Committed_AS:   65630576 kB
VmallocTotal:   263061440 kB
VmallocUsed:      100528 kB
VmallocChunk:          0 kB
Percpu:             7584 kB
CmaTotal:         294912 kB
CmaFree:               0 kB
MemTotal:       12113144 kB
MemFree:         6943736 kB
MemAvailable:    8300688 kB
Buffers:            5192 kB
Cached:          1613748 kB
SwapCached:            0 kB
Active:          1355416 kB
Inactive:        1415344 kB
Active(anon):    1158660 kB
Inactive(anon):    19664 kB
Active(file):     196756 kB
Inactive(file):  1395680 kB
Unevictable:        5624 kB
Mlocked:            5624 kB
SwapTotal:       3145724 kB
SwapFree:        3145724 kB
Dirty:               164 kB
Writeback:             0 kB
AnonPages:       1157452 kB
Mapped:           821380 kB
Shmem:             21920 kB
KReclaimable:     633220 kB
Slab:             204772 kB
SReclaimable:      66620 kB
SUnreclaim:       138152 kB
KernelStack:       43632 kB
PageTables:        61484 kB
NFS_Unstable:          0 kB
Bounce:                0 kB
WritebackTmp:          0 kB
CommitLimit:     9202296 kB
Committed_AS:   65626892 kB
VmallocTotal:   263061440 kB
VmallocUsed:      100528 kB
VmallocChunk:          0 kB
Percpu:             7584 kB
CmaTotal:         294912 kB
CmaFree:               0 kB
MemTotal:       12113144 kB
MemFree:         6942496 kB
MemAvailable:    8299456 kB
Buffers:            5192 kB
Cached:          1613756 kB
SwapCached:            0 kB
Active:          1356328 kB
Inactive:        1415316 kB
Active(anon):    1159536 kB
Inactive(anon):    19664 kB
Active(file):     196792 kB
Inactive(file):  1395652 kB
Unevictable:        5624 kB
Mlocked:            5624 kB
SwapTotal:       3145724 kB
SwapFree:        3145724 kB
Dirty:               224 kB
Writeback:             0 kB
AnonPages:       1158336 kB
Mapped:           821380 kB
Shmem:             21920 kB
KReclaimable:     633220 kB
Slab:             204792 kB
SReclaimable:      66620 kB
SUnreclaim:       138172 kB
KernelStack:       43632 kB
PageTables:        61328 kB
NFS_Unstable:          0 kB
Bounce:                0 kB
WritebackTmp:          0 kB
CommitLimit:     9202296 kB
Committed_AS:   65622744 kB
VmallocTotal:   263061440 kB
VmallocUsed:      100560 kB
VmallocChunk:          0 kB
Percpu:             7584 kB
CmaTotal:         294912 kB
CmaFree:               0 kB
MemTotal:       12113144 kB
MemFree:         6955496 kB
MemAvailable:    8312460 kB
Buffers:            5192 kB
Cached:          1613764 kB
SwapCached:            0 kB
Active:          1341852 kB
Inactive:        1415324 kB
Active(anon):    1145060 kB
Inactive(anon):    19668 kB
Active(file):     196792 kB
Inactive(file):  1395656 kB
Unevictable:        5624 kB
Mlocked:            5624 kB
SwapTotal:       3145724 kB
SwapFree:        3145724 kB
Dirty:               256 kB
Writeback:             0 kB
AnonPages:       1144200 kB
Mapped:           821392 kB
Shmem:             21924 kB
KReclaimable:     633220 kB
Slab:             204788 kB
SReclaimable:      66620 kB
SUnreclaim:       138168 kB
KernelStack:       43632 kB
PageTables:        61340 kB
NFS_Unstable:          0 kB
Bounce:                0 kB
WritebackTmp:          0 kB
CommitLimit:     9202296 kB
Committed_AS:   65627068 kB
VmallocTotal:   263061440 kB
VmallocUsed:      100560 kB
VmallocChunk:          0 kB
Percpu:             7584 kB
CmaTotal:         294912 kB
CmaFree:               0 kB
MemTotal:       12113144 kB
MemFree:         6956184 kB
MemAvailable:    8313328 kB
Buffers:            5200 kB
Cached:          1613928 kB
SwapCached:            0 kB
Active:          1343132 kB
Inactive:        1415524 kB
Active(anon):    1146368 kB
Inactive(anon):    19668 kB
Active(file):     196764 kB
Inactive(file):  1395856 kB
Unevictable:        5624 kB
Mlocked:            5624 kB
SwapTotal:       3145724 kB
SwapFree:        3145724 kB
Dirty:               112 kB
Writeback:             0 kB
AnonPages:       1145252 kB
Mapped:           821392 kB
Shmem:             21924 kB
KReclaimable:     633228 kB
Slab:             204788 kB
SReclaimable:      66628 kB
SUnreclaim:       138160 kB
KernelStack:       43648 kB
PageTables:        61340 kB
NFS_Unstable:          0 kB
Bounce:                0 kB
WritebackTmp:          0 kB
CommitLimit:     9202296 kB
Committed_AS:   65630012 kB
VmallocTotal:   263061440 kB
VmallocUsed:      100608 kB
VmallocChunk:          0 kB
Percpu:             7584 kB
CmaTotal:         294912 kB
CmaFree:               0 kB
MemTotal:       12113144 kB
MemFree:         6955284 kB
MemAvailable:    8312428 kB
Buffers:            5200 kB
Cached:          1613928 kB
SwapCached:            0 kB
Active:          1343164 kB
Inactive:        1415524 kB
Active(anon):    1146400 kB
Inactive(anon):    19668 kB
Active(file):     196764 kB
Inactive(file):  1395856 kB
Unevictable:        5624 kB
Mlocked:            5624 kB
SwapTotal:       3145724 kB
SwapFree:        3145724 kB
Dirty:               112 kB
Writeback:             0 kB
AnonPages:       1145512 kB
Mapped:           821392 kB
Shmem:             21924 kB
KReclaimable:     633228 kB
Slab:             204788 kB
SReclaimable:      66628 kB
SUnreclaim:       138160 kB
KernelStack:       43616 kB
PageTables:        61344 kB
NFS_Unstable:          0 kB
Bounce:                0 kB
WritebackTmp:          0 kB
CommitLimit:     9202296 kB
Committed_AS:   65629976 kB
VmallocTotal:   263061440 kB
VmallocUsed:      100576 kB
VmallocChunk:          0 kB
Percpu:             7584 kB
CmaTotal:         294912 kB
CmaFree:               8 kB
MemTotal:       12113144 kB
MemFree:         6955664 kB
MemAvailable:    8312820 kB
Buffers:            5204 kB
Cached:          1613940 kB
SwapCached:            0 kB
Active:          1342688 kB
Inactive:        1415540 kB
Active(anon):    1145924 kB
Inactive(anon):    19672 kB
Active(file):     196764 kB
Inactive(file):  1395868 kB
Unevictable:        5624 kB
Mlocked:            5624 kB
SwapTotal:       3145724 kB
SwapFree:        3145724 kB
Dirty:               212 kB
Writeback:             0 kB
AnonPages:       1144872 kB
Mapped:           821340 kB
Shmem:             21928 kB
KReclaimable:     633228 kB
Slab:             204788 kB
SReclaimable:      66628 kB
SUnreclaim:       138160 kB
KernelStack:       43648 kB
PageTables:        61380 kB
NFS_Unstable:          0 kB
Bounce:                0 kB
WritebackTmp:          0 kB
CommitLimit:     9202296 kB
Committed_AS:   65624876 kB
VmallocTotal:   263061440 kB
VmallocUsed:      100576 kB
VmallocChunk:          0 kB
Percpu:             7584 kB
CmaTotal:         294912 kB
CmaFree:               4 kB
MemTotal:       12113144 kB
MemFree:         6954764 kB
MemAvailable:    8311940 kB
Buffers:            5204 kB
Cached:          1613956 kB
SwapCached:            0 kB
Active:          1343388 kB
Inactive:        1415552 kB
Active(anon):    1146620 kB
Inactive(anon):    19672 kB
Active(file):     196768 kB
Inactive(file):  1395880 kB
Unevictable:        5624 kB
Mlocked:            5624 kB
SwapTotal:       3145724 kB
SwapFree:        3145724 kB
Dirty:               248 kB
Writeback:             0 kB
AnonPages:       1145652 kB
Mapped:           821396 kB
Shmem:             21928 kB
KReclaimable:     633232 kB
Slab:             204768 kB
SReclaimable:      66632 kB
SUnreclaim:       138136 kB
KernelStack:       43648 kB
PageTables:        61336 kB
NFS_Unstable:          0 kB
Bounce:                0 kB
WritebackTmp:          0 kB
CommitLimit:     9202296 kB
Committed_AS:   65633536 kB
VmallocTotal:   263061440 kB
VmallocUsed:      100608 kB
VmallocChunk:          0 kB
Percpu:             7584 kB
CmaTotal:         294912 kB
CmaFree:               0 kB
MemTotal:       12113144 kB
MemFree:         6953688 kB
MemAvailable:    8310868 kB
Buffers:            5204 kB
Cached:          1613960 kB
SwapCached:            0 kB
Active:          1345100 kB
Inactive:        1415556 kB
Active(anon):    1148332 kB
Inactive(anon):    19672 kB
Active(file):     196768 kB
Inactive(file):  1395884 kB
Unevictable:        5624 kB
Mlocked:            5624 kB
SwapTotal:       3145724 kB
SwapFree:        3145724 kB
Dirty:               256 kB
Writeback:             0 kB
AnonPages:       1147312 kB
Mapped:           821396 kB
Shmem:             21928 kB
KReclaimable:     633232 kB
Slab:             204800 kB
SReclaimable:      66632 kB
SUnreclaim:       138168 kB
KernelStack:       43648 kB
PageTables:        61336 kB
NFS_Unstable:          0 kB
Bounce:                0 kB
WritebackTmp:          0 kB
CommitLimit:     9202296 kB
Committed_AS:   65628776 kB
VmallocTotal:   263061440 kB
VmallocUsed:      100576 kB
VmallocChunk:          0 kB
Percpu:             7584 kB
CmaTotal:         294912 kB
CmaFree:               0 kB
MemTotal:       12113144 kB
MemFree:         6952548 kB
MemAvailable:    8309720 kB
Buffers:            5204 kB
Cached:          1613960 kB
SwapCached:            0 kB
Active:          1345752 kB
Inactive:        1415556 kB
Active(anon):    1148984 kB
Inactive(anon):    19672 kB
Active(file):     196768 kB
Inactive(file):  1395884 kB
Unevictable:        5624 kB
Mlocked:            5624 kB
SwapTotal:       3145724 kB
SwapFree:        3145724 kB
Dirty:               256 kB
Writeback:             0 kB
AnonPages:       1147940 kB
Mapped:           821140 kB
Shmem:             21928 kB
KReclaimable:     633224 kB
Slab:             204768 kB
SReclaimable:      66624 kB
SUnreclaim:       138144 kB
KernelStack:       43680 kB
PageTables:        61348 kB
NFS_Unstable:          0 kB
Bounce:                0 kB
WritebackTmp:          0 kB
CommitLimit:     9202296 kB
Committed_AS:   65630152 kB
VmallocTotal:   263061440 kB
VmallocUsed:      100576 kB
VmallocChunk:          0 kB
Percpu:             7584 kB
CmaTotal:         294912 kB
CmaFree:               0 kB
MemTotal:       12113144 kB
MemFree:         6959128 kB
MemAvailable:    8316308 kB
Buffers:            5204 kB
Cached:          1613960 kB
SwapCached:            0 kB
Active:          1339304 kB
Inactive:        1415556 kB
Active(anon):    1142536 kB
Inactive(anon):    19672 kB
Active(file):     196768 kB
Inactive(file):  1395884 kB
Unevictable:        5624 kB
Mlocked:            5624 kB
SwapTotal:       3145724 kB
SwapFree:        3145724 kB
Dirty:               256 kB
Writeback:             0 kB
AnonPages:       1141604 kB
Mapped:           821396 kB
Shmem:             21928 kB
KReclaimable:     633232 kB
Slab:             204796 kB
SReclaimable:      66632 kB
SUnreclaim:       138164 kB
KernelStack:       43648 kB
PageTables:        61336 kB
NFS_Unstable:          0 kB
Bounce:                0 kB
WritebackTmp:          0 kB
CommitLimit:     9202296 kB
Committed_AS:   65630152 kB
VmallocTotal:   263061440 kB
VmallocUsed:      100576 kB
VmallocChunk:          0 kB
Percpu:             7584 kB
CmaTotal:         294912 kB
CmaFree:               0 kB
MemTotal:       12113144 kB
MemFree:         6959984 kB
MemAvailable:    8317172 kB
Buffers:            5208 kB
Cached:          1613976 kB
SwapCached:            0 kB
Active:          1339248 kB
Inactive:        1415572 kB
Active(anon):    1142476 kB
Inactive(anon):    19676 kB
Active(file):     196772 kB
Inactive(file):  1395896 kB
Unevictable:        5624 kB
Mlocked:            5624 kB
SwapTotal:       3145724 kB
SwapFree:        3145724 kB
Dirty:               252 kB
Writeback:             0 kB
AnonPages:       1141232 kB
Mapped:           821208 kB
Shmem:             21932 kB
KReclaimable:     633224 kB
Slab:             204788 kB
SReclaimable:      66624 kB
SUnreclaim:       138164 kB
KernelStack:       43696 kB
PageTables:        61444 kB
NFS_Unstable:          0 kB
Bounce:                0 kB
WritebackTmp:          0 kB
CommitLimit:     9202296 kB
Committed_AS:   65626028 kB
VmallocTotal:   263061440 kB
VmallocUsed:      100560 kB
VmallocChunk:          0 kB
Percpu:             7584 kB
CmaTotal:         294912 kB
CmaFree:               0 kB
MemTotal:       12113144 kB
MemFree:         6958668 kB
MemAvailable:    8315856 kB
Buffers:            5208 kB
Cached:          1613980 kB
SwapCached:            0 kB
Active:          1340156 kB
Inactive:        1415576 kB
Active(anon):    1143384 kB
Inactive(anon):    19680 kB
Active(file):     196772 kB
Inactive(file):  1395896 kB
Unevictable:        5624 kB
Mlocked:            5624 kB
SwapTotal:       3145724 kB
SwapFree:        3145724 kB
Dirty:               152 kB
Writeback:             0 kB
AnonPages:       1142028 kB
Mapped:           821404 kB
Shmem:             21936 kB
KReclaimable:     633224 kB
Slab:             204804 kB
SReclaimable:      66624 kB
SUnreclaim:       138180 kB
KernelStack:       43632 kB
PageTables:        61340 kB
NFS_Unstable:          0 kB
Bounce:                0 kB
WritebackTmp:          0 kB
CommitLimit:     9202296 kB
Committed_AS:   65626076 kB
VmallocTotal:   263061440 kB
VmallocUsed:      100560 kB
VmallocChunk:          0 kB
Percpu:             7584 kB
CmaTotal:         294912 kB
CmaFree:               0 kB
MemTotal:       12113144 kB
MemFree:         6958112 kB
MemAvailable:    8315308 kB
Buffers:            5208 kB
Cached:          1613984 kB
SwapCached:            0 kB
Active:          1340940 kB
Inactive:        1415576 kB
Active(anon):    1144168 kB
Inactive(anon):    19680 kB
Active(file):     196772 kB
Inactive(file):  1395896 kB
Unevictable:        5624 kB
Mlocked:            5624 kB
SwapTotal:       3145724 kB
SwapFree:        3145724 kB
Dirty:               184 kB
Writeback:             0 kB
AnonPages:       1142468 kB
Mapped:           821336 kB
Shmem:             21936 kB
KReclaimable:     633232 kB
Slab:             204780 kB
SReclaimable:      66632 kB
SUnreclaim:       138148 kB
KernelStack:       43636 kB
PageTables:        61352 kB
NFS_Unstable:          0 kB
Bounce:                0 kB
WritebackTmp:          0 kB
CommitLimit:     9202296 kB
Committed_AS:   65626748 kB
VmallocTotal:   263061440 kB
VmallocUsed:      100560 kB
VmallocChunk:          0 kB
Percpu:             7584 kB
CmaTotal:         294912 kB
CmaFree:              24 kB
MemTotal:       12113144 kB
MemFree:         6960860 kB
MemAvailable:    8318052 kB
Buffers:            5208 kB
Cached:          1613988 kB
SwapCached:            0 kB
Active:          1338068 kB
Inactive:        1415584 kB
Active(anon):    1141296 kB
Inactive(anon):    19684 kB
Active(file):     196772 kB
Inactive(file):  1395900 kB
Unevictable:        5624 kB
Mlocked:            5624 kB
SwapTotal:       3145724 kB
SwapFree:        3145724 kB
Dirty:               184 kB
Writeback:             0 kB
AnonPages:       1139900 kB
Mapped:           821408 kB
Shmem:             21940 kB
KReclaimable:     633224 kB
Slab:             204800 kB
SReclaimable:      66624 kB
SUnreclaim:       138176 kB
KernelStack:       43616 kB
PageTables:        61348 kB
NFS_Unstable:          0 kB
Bounce:                0 kB
WritebackTmp:          0 kB
CommitLimit:     9202296 kB
Committed_AS:   65626560 kB
VmallocTotal:   263061440 kB
VmallocUsed:      100592 kB
VmallocChunk:          0 kB
Percpu:             7584 kB
CmaTotal:         294912 kB
CmaFree:               0 kB
MemTotal:       12113144 kB
MemFree:         6960400 kB
MemAvailable:    8317604 kB
Buffers:            5208 kB
Cached:          1614004 kB
SwapCached:            0 kB
Active:          1338844 kB
Inactive:        1415600 kB
Active(anon):    1142072 kB
Inactive(anon):    19688 kB
Active(file):     196772 kB
Inactive(file):  1395912 kB
Unevictable:        5624 kB
Mlocked:            5624 kB
SwapTotal:       3145724 kB
SwapFree:        3145724 kB
Dirty:               200 kB
Writeback:             0 kB
AnonPages:       1141192 kB
Mapped:           821152 kB
Shmem:             21944 kB
KReclaimable:     633224 kB
Slab:             204792 kB
SReclaimable:      66624 kB
SUnreclaim:       138168 kB
KernelStack:       43616 kB
PageTables:        61344 kB
NFS_Unstable:          0 kB
Bounce:                0 kB
WritebackTmp:          0 kB
CommitLimit:     9202296 kB
Committed_AS:   65621436 kB
VmallocTotal:   263061440 kB
VmallocUsed:      100624 kB
VmallocChunk:          0 kB
Percpu:             7584 kB
CmaTotal:         294912 kB
CmaFree:               0 kB
MemTotal:       12113144 kB
MemFree:         6959740 kB
MemAvailable:    8316948 kB
Buffers:            5208 kB
Cached:          1614004 kB
SwapCached:            0 kB
Active:          1339124 kB
Inactive:        1415600 kB
Active(anon):    1142352 kB
Inactive(anon):    19688 kB
Active(file):     196772 kB
Inactive(file):  1395912 kB
Unevictable:        5624 kB
Mlocked:            5624 kB
SwapTotal:       3145724 kB
SwapFree:        3145724 kB
Dirty:               200 kB
Writeback:             0 kB
AnonPages:       1141312 kB
Mapped:           821412 kB
Shmem:             21944 kB
KReclaimable:     633228 kB
Slab:             204796 kB
SReclaimable:      66628 kB
SUnreclaim:       138168 kB
KernelStack:       43616 kB
PageTables:        61348 kB
NFS_Unstable:          0 kB
Bounce:                0 kB
WritebackTmp:          0 kB
CommitLimit:     9202296 kB
Committed_AS:   65626460 kB
VmallocTotal:   263061440 kB
VmallocUsed:      100656 kB
VmallocChunk:          0 kB
Percpu:             7584 kB
CmaTotal:         294912 kB
CmaFree:               0 kB
MemTotal:       12113144 kB
MemFree:         6959080 kB
MemAvailable:    8316288 kB
Buffers:            5208 kB
Cached:          1614004 kB
SwapCached:            0 kB
Active:          1339504 kB
Inactive:        1415600 kB
Active(anon):    1142732 kB
Inactive(anon):    19688 kB
Active(file):     196772 kB
Inactive(file):  1395912 kB
Unevictable:        5624 kB
Mlocked:            5624 kB
SwapTotal:       3145724 kB
SwapFree:        3145724 kB
Dirty:               228 kB
Writeback:             0 kB
AnonPages:       1141728 kB
Mapped:           821412 kB
Shmem:             21944 kB
KReclaimable:     633228 kB
Slab:             204796 kB
SReclaimable:      66628 kB
SUnreclaim:       138168 kB
KernelStack:       43616 kB
PageTables:        61348 kB
NFS_Unstable:          0 kB
Bounce:                0 kB
WritebackTmp:          0 kB
CommitLimit:     9202296 kB
Committed_AS:   65631388 kB
VmallocTotal:   263061440 kB
VmallocUsed:      100640 kB
VmallocChunk:          0 kB
Percpu:             7584 kB
CmaTotal:         294912 kB
CmaFree:               0 kB
MemTotal:       12113144 kB
MemFree:         6958168 kB
MemAvailable:    8315392 kB
Buffers:            5212 kB
Cached:          1614016 kB
SwapCached:            0 kB
Active:          1340184 kB
Inactive:        1415612 kB
Active(anon):    1143408 kB
Inactive(anon):    19688 kB
Active(file):     196776 kB
Inactive(file):  1395924 kB
Unevictable:        5624 kB
Mlocked:            5624 kB
SwapTotal:       3145724 kB
SwapFree:        3145724 kB
Dirty:               212 kB
Writeback:             0 kB
AnonPages:       1142204 kB
Mapped:           821152 kB
Shmem:             21944 kB
KReclaimable:     633228 kB
Slab:             204800 kB
SReclaimable:      66628 kB
SUnreclaim:       138172 kB
KernelStack:       43616 kB
PageTables:        61424 kB
NFS_Unstable:          0 kB
Bounce:                0 kB
WritebackTmp:          0 kB
CommitLimit:     9202296 kB
Committed_AS:   65634196 kB
VmallocTotal:   263061440 kB
VmallocUsed:      100640 kB
VmallocChunk:          0 kB
Percpu:             7584 kB
CmaTotal:         294912 kB
CmaFree:               0 kB
MemTotal:       12113144 kB
MemFree:         6957376 kB
MemAvailable:    8314600 kB
Buffers:            5212 kB
Cached:          1614016 kB
SwapCached:            0 kB
Active:          1339964 kB
Inactive:        1415612 kB
Active(anon):    1143188 kB
Inactive(anon):    19688 kB
Active(file):     196776 kB
Inactive(file):  1395924 kB
Unevictable:        5624 kB
Mlocked:            5624 kB
SwapTotal:       3145724 kB
SwapFree:        3145724 kB
Dirty:               212 kB
Writeback:             0 kB
AnonPages:       1142172 kB
Mapped:           821276 kB
Shmem:             21944 kB
KReclaimable:     633228 kB
Slab:             204800 kB
SReclaimable:      66628 kB
SUnreclaim:       138172 kB
KernelStack:       43604 kB
PageTables:        61240 kB
NFS_Unstable:          0 kB
Bounce:                0 kB
WritebackTmp:          0 kB
CommitLimit:     9202296 kB
Committed_AS:   65636516 kB
VmallocTotal:   263061440 kB
VmallocUsed:      100640 kB
VmallocChunk:          0 kB
Percpu:             7584 kB
CmaTotal:         294912 kB
CmaFree:               0 kB
MemTotal:       12113144 kB
MemFree:         6944144 kB
MemAvailable:    8301368 kB
Buffers:            5212 kB
Cached:          1614020 kB
SwapCached:            0 kB
Active:          1353172 kB
Inactive:        1415616 kB
Active(anon):    1156396 kB
Inactive(anon):    19692 kB
Active(file):     196776 kB
Inactive(file):  1395924 kB
Unevictable:        5624 kB
Mlocked:            5624 kB
SwapTotal:       3145724 kB
SwapFree:        3145724 kB
Dirty:               228 kB
Writeback:             0 kB
AnonPages:       1155188 kB
Mapped:           821156 kB
Shmem:             21948 kB
KReclaimable:     633228 kB
Slab:             204800 kB
SReclaimable:      66628 kB
SUnreclaim:       138172 kB
KernelStack:       43600 kB
PageTables:        61352 kB
NFS_Unstable:          0 kB
Bounce:                0 kB
WritebackTmp:          0 kB
CommitLimit:     9202296 kB
Committed_AS:   65642544 kB
VmallocTotal:   263061440 kB
VmallocUsed:      100592 kB
VmallocChunk:          0 kB
Percpu:             7584 kB
CmaTotal:         294912 kB
CmaFree:               0 kB
MemTotal:       12113144 kB
MemFree:         6944252 kB
MemAvailable:    8301472 kB
Buffers:            5212 kB
Cached:          1614204 kB
SwapCached:            0 kB
Active:          1353628 kB
Inactive:        1415800 kB
Active(anon):    1156856 kB
Inactive(anon):    19876 kB
Active(file):     196772 kB
Inactive(file):  1395924 kB
Unevictable:        5624 kB
Mlocked:            5624 kB
SwapTotal:       3145724 kB
SwapFree:        3145724 kB
Dirty:               224 kB
Writeback:             0 kB
AnonPages:       1155756 kB
Mapped:           821340 kB
Shmem:             22136 kB
KReclaimable:     633228 kB
Slab:             204800 kB
SReclaimable:      66628 kB
SUnreclaim:       138172 kB
KernelStack:       43616 kB
PageTables:        61484 kB
NFS_Unstable:          0 kB
Bounce:                0 kB
WritebackTmp:          0 kB
CommitLimit:     9202296 kB
Committed_AS:   65637004 kB
VmallocTotal:   263061440 kB
VmallocUsed:      100592 kB
VmallocChunk:          0 kB
Percpu:             7584 kB
CmaTotal:         294912 kB
CmaFree:               0 kB
MemTotal:       12113144 kB
MemFree:         6944288 kB
MemAvailable:    8301520 kB
Buffers:            5212 kB
Cached:          1614024 kB
SwapCached:            0 kB
Active:          1354896 kB
Inactive:        1415620 kB
Active(anon):    1158120 kB
Inactive(anon):    19696 kB
Active(file):     196776 kB
Inactive(file):  1395924 kB
Unevictable:        5624 kB
Mlocked:            5624 kB
SwapTotal:       3145724 kB
SwapFree:        3145724 kB
Dirty:               232 kB
Writeback:             0 kB
AnonPages:       1157096 kB
Mapped:           821420 kB
Shmem:             21952 kB
KReclaimable:     633236 kB
Slab:             204812 kB
SReclaimable:      66636 kB
SUnreclaim:       138176 kB
KernelStack:       43600 kB
PageTables:        61344 kB
NFS_Unstable:          0 kB
Bounce:                0 kB
WritebackTmp:          0 kB
CommitLimit:     9202296 kB
Committed_AS:   65633912 kB
VmallocTotal:   263061440 kB
VmallocUsed:      100592 kB
VmallocChunk:          0 kB
Percpu:             7584 kB
CmaTotal:         294912 kB
CmaFree:               0 kB
MemTotal:       12113144 kB
MemFree:         6943224 kB
MemAvailable:    8300464 kB
Buffers:            5212 kB
Cached:          1614032 kB
SwapCached:            0 kB
Active:          1355864 kB
Inactive:        1415628 kB
Active(anon):    1159088 kB
Inactive(anon):    19696 kB
Active(file):     196776 kB
Inactive(file):  1395932 kB
Unevictable:        5624 kB
Mlocked:            5624 kB
SwapTotal:       3145724 kB
SwapFree:        3145724 kB
Dirty:               248 kB
Writeback:             0 kB
AnonPages:       1157988 kB
Mapped:           821160 kB
Shmem:             21952 kB
KReclaimable:     633236 kB
Slab:             204816 kB
SReclaimable:      66636 kB
SUnreclaim:       138180 kB
KernelStack:       43600 kB
PageTables:        61348 kB
NFS_Unstable:          0 kB
Bounce:                0 kB
WritebackTmp:          0 kB
CommitLimit:     9202296 kB
Committed_AS:   65630864 kB
VmallocTotal:   263061440 kB
VmallocUsed:      100528 kB
VmallocChunk:          0 kB
Percpu:             7584 kB
CmaTotal:         294912 kB
CmaFree:               0 kB
MemTotal:       12113144 kB
MemFree:         6941652 kB
MemAvailable:    8298888 kB
Buffers:            5216 kB
Cached:          1614036 kB
SwapCached:            0 kB
Active:          1357156 kB
Inactive:        1415632 kB
Active(anon):    1160380 kB
Inactive(anon):    19696 kB
Active(file):     196776 kB
Inactive(file):  1395936 kB
Unevictable:        5624 kB
Mlocked:            5624 kB
SwapTotal:       3145724 kB
SwapFree:        3145724 kB
Dirty:               276 kB
Writeback:             0 kB
AnonPages:       1159188 kB
Mapped:           821160 kB
Shmem:             21952 kB
KReclaimable:     633228 kB
Slab:             204808 kB
SReclaimable:      66628 kB
SUnreclaim:       138180 kB
KernelStack:       43616 kB
PageTables:        61356 kB
NFS_Unstable:          0 kB
Bounce:                0 kB
WritebackTmp:          0 kB
CommitLimit:     9202296 kB
Committed_AS:   65628816 kB
VmallocTotal:   263061440 kB
VmallocUsed:      100560 kB
VmallocChunk:          0 kB
Percpu:             7584 kB
CmaTotal:         294912 kB
CmaFree:               0 kB
MemTotal:       12113144 kB
MemFree:         6940504 kB
MemAvailable:    8297756 kB
Buffers:            5216 kB
Cached:          1614044 kB
SwapCached:            0 kB
Active:          1357888 kB
Inactive:        1415640 kB
Active(anon):    1161108 kB
Inactive(anon):    19700 kB
Active(file):     196780 kB
Inactive(file):  1395940 kB
Unevictable:        5624 kB
Mlocked:            5624 kB
SwapTotal:       3145724 kB
SwapFree:        3145724 kB
Dirty:               212 kB
Writeback:             0 kB
AnonPages:       1159992 kB
Mapped:           821164 kB
Shmem:             21956 kB
KReclaimable:     633236 kB
Slab:             204828 kB
SReclaimable:      66636 kB
SUnreclaim:       138192 kB
KernelStack:       43632 kB
PageTables:        61468 kB
NFS_Unstable:          0 kB
Bounce:                0 kB
WritebackTmp:          0 kB
CommitLimit:     9202296 kB
Committed_AS:   65636764 kB
VmallocTotal:   263061440 kB
VmallocUsed:      100608 kB
VmallocChunk:          0 kB
Percpu:             7584 kB
CmaTotal:         294912 kB
CmaFree:               0 kB
MemTotal:       12113144 kB
MemFree:         6941336 kB
MemAvailable:    8298588 kB
Buffers:            5216 kB
Cached:          1614044 kB
SwapCached:            0 kB
Active:          1357164 kB
Inactive:        1415640 kB
Active(anon):    1160384 kB
Inactive(anon):    19700 kB
Active(file):     196780 kB
Inactive(file):  1395940 kB
Unevictable:        5624 kB
Mlocked:            5624 kB
SwapTotal:       3145724 kB
SwapFree:        3145724 kB
Dirty:               108 kB
Writeback:             0 kB
AnonPages:       1159160 kB
Mapped:           821164 kB
Shmem:             21956 kB
KReclaimable:     633236 kB
Slab:             204828 kB
SReclaimable:      66636 kB
SUnreclaim:       138192 kB
KernelStack:       43616 kB
PageTables:        61344 kB
NFS_Unstable:          0 kB
Bounce:                0 kB
WritebackTmp:          0 kB
CommitLimit:     9202296 kB
Committed_AS:   65642312 kB
VmallocTotal:   263061440 kB
VmallocUsed:      100624 kB
VmallocChunk:          0 kB
Percpu:             7584 kB
CmaTotal:         294912 kB
CmaFree:               0 kB
MemTotal:       12113144 kB
MemFree:         6940088 kB
MemAvailable:    8297316 kB
Buffers:            5216 kB
Cached:          1614028 kB
SwapCached:            0 kB
Active:          1358128 kB
Inactive:        1415628 kB
Active(anon):    1161352 kB
Inactive(anon):    19700 kB
Active(file):     196776 kB
Inactive(file):  1395928 kB
Unevictable:        5624 kB
Mlocked:            5624 kB
SwapTotal:       3145724 kB
SwapFree:        3145724 kB
Dirty:               152 kB
Writeback:             0 kB
AnonPages:       1160576 kB
Mapped:           821164 kB
Shmem:             21956 kB
KReclaimable:     633228 kB
Slab:             204820 kB
SReclaimable:      66628 kB
SUnreclaim:       138192 kB
KernelStack:       43616 kB
PageTables:        61344 kB
NFS_Unstable:          0 kB
Bounce:                0 kB
WritebackTmp:          0 kB
CommitLimit:     9202296 kB
Committed_AS:   65641676 kB
VmallocTotal:   263061440 kB
VmallocUsed:      100624 kB
VmallocChunk:          0 kB
Percpu:             7584 kB
CmaTotal:         294912 kB
CmaFree:               0 kB
MemTotal:       12113144 kB
MemFree:         6952644 kB
MemAvailable:    8309896 kB
Buffers:            5216 kB
Cached:          1614056 kB
SwapCached:            0 kB
Active:          1346504 kB
Inactive:        1415652 kB
Active(anon):    1149724 kB
Inactive(anon):    19704 kB
Active(file):     196780 kB
Inactive(file):  1395948 kB
Unevictable:        5624 kB
Mlocked:            5624 kB
SwapTotal:       3145724 kB
SwapFree:        3145724 kB
Dirty:               212 kB
Writeback:             0 kB
AnonPages:       1148716 kB
Mapped:           821428 kB
Shmem:             21960 kB
KReclaimable:     633228 kB
Slab:             204820 kB
SReclaimable:      66628 kB
SUnreclaim:       138192 kB
KernelStack:       43616 kB
PageTables:        61344 kB
NFS_Unstable:          0 kB
Bounce:                0 kB
WritebackTmp:          0 kB
CommitLimit:     9202296 kB
Committed_AS:   65636192 kB
VmallocTotal:   263061440 kB
VmallocUsed:      100608 kB
VmallocChunk:          0 kB
Percpu:             7584 kB
CmaTotal:         294912 kB
CmaFree:               0 kB
MemTotal:       12113144 kB
MemFree:         6951892 kB
MemAvailable:    8309152 kB
Buffers:            5220 kB
Cached:          1614068 kB
SwapCached:            0 kB
Active:          1347476 kB
Inactive:        1415668 kB
Active(anon):    1150696 kB
Inactive(anon):    19712 kB
Active(file):     196780 kB
Inactive(file):  1395956 kB
Unevictable:        5624 kB
Mlocked:            5624 kB
SwapTotal:       3145724 kB
SwapFree:        3145724 kB
Dirty:               228 kB
Writeback:             0 kB
AnonPages:       1149704 kB
Mapped:           821436 kB
Shmem:             21968 kB
KReclaimable:     633228 kB
Slab:             204820 kB
SReclaimable:      66628 kB
SUnreclaim:       138192 kB
KernelStack:       43616 kB
PageTables:        61348 kB
NFS_Unstable:          0 kB
Bounce:                0 kB
WritebackTmp:          0 kB
CommitLimit:     9202296 kB
Committed_AS:   65635980 kB
VmallocTotal:   263061440 kB
VmallocUsed:      100576 kB
VmallocChunk:          0 kB
Percpu:             7584 kB
CmaTotal:         294912 kB
CmaFree:               0 kB
MemTotal:       12113144 kB
MemFree:         6950852 kB
MemAvailable:    8308116 kB
Buffers:            5220 kB
Cached:          1614072 kB
SwapCached:            0 kB
Active:          1348256 kB
Inactive:        1415668 kB
Active(anon):    1151472 kB
Inactive(anon):    19712 kB
Active(file):     196784 kB
Inactive(file):  1395956 kB
Unevictable:        5624 kB
Mlocked:            5624 kB
SwapTotal:       3145724 kB
SwapFree:        3145724 kB
Dirty:               220 kB
Writeback:             0 kB
AnonPages:       1150324 kB
Mapped:           821436 kB
Shmem:             21968 kB
KReclaimable:     633228 kB
Slab:             204824 kB
SReclaimable:      66628 kB
SUnreclaim:       138196 kB
KernelStack:       43616 kB
PageTables:        61344 kB
NFS_Unstable:          0 kB
Bounce:                0 kB
WritebackTmp:          0 kB
CommitLimit:     9202296 kB
Committed_AS:   65633416 kB
VmallocTotal:   263061440 kB
VmallocUsed:      100560 kB
VmallocChunk:          0 kB
Percpu:             7584 kB
CmaTotal:         294912 kB
CmaFree:               0 kB
MemTotal:       12113144 kB
MemFree:         6950096 kB
MemAvailable:    8307360 kB
Buffers:            5220 kB
Cached:          1614072 kB
SwapCached:            0 kB
Active:          1348924 kB
Inactive:        1415668 kB
Active(anon):    1152140 kB
Inactive(anon):    19712 kB
Active(file):     196784 kB
Inactive(file):  1395956 kB
Unevictable:        5624 kB
Mlocked:            5624 kB
SwapTotal:       3145724 kB
SwapFree:        3145724 kB
Dirty:               220 kB
Writeback:             0 kB
AnonPages:       1151188 kB
Mapped:           821176 kB
Shmem:             21968 kB
KReclaimable:     633228 kB
Slab:             204824 kB
SReclaimable:      66628 kB
SUnreclaim:       138196 kB
KernelStack:       43616 kB
PageTables:        61344 kB
NFS_Unstable:          0 kB
Bounce:                0 kB
WritebackTmp:          0 kB
CommitLimit:     9202296 kB
Committed_AS:   65633168 kB
VmallocTotal:   263061440 kB
VmallocUsed:      100560 kB
VmallocChunk:          0 kB
Percpu:             7584 kB
CmaTotal:         294912 kB
CmaFree:               0 kB
MemTotal:       12113144 kB
MemFree:         6949116 kB
MemAvailable:    8306380 kB
Buffers:            5220 kB
Cached:          1614080 kB
SwapCached:            0 kB
Active:          1349764 kB
Inactive:        1415676 kB
Active(anon):    1152980 kB
Inactive(anon):    19720 kB
Active(file):     196784 kB
Inactive(file):  1395956 kB
Unevictable:        5624 kB
Mlocked:            5624 kB
SwapTotal:       3145724 kB
SwapFree:        3145724 kB
Dirty:               252 kB
Writeback:             0 kB
AnonPages:       1151872 kB
Mapped:           821448 kB
Shmem:             21976 kB
KReclaimable:     633228 kB
Slab:             204824 kB
SReclaimable:      66628 kB
SUnreclaim:       138196 kB
KernelStack:       43616 kB
PageTables:        61352 kB
NFS_Unstable:          0 kB
Bounce:                0 kB
WritebackTmp:          0 kB
CommitLimit:     9202296 kB
Committed_AS:   65632816 kB
VmallocTotal:   263061440 kB
VmallocUsed:      100592 kB
