MemTotal:       12113132 kB
MemFree:         6414676 kB
MemAvailable:    8106112 kB
Buffers:            5748 kB
Cached:          1880288 kB
SwapCached:            0 kB
Active:          1497392 kB
Inactive:        1635856 kB
Active(anon):    1253656 kB
Inactive(anon):    24420 kB
Active(file):     243736 kB
Inactive(file):  1611436 kB
Unevictable:        5552 kB
Mlocked:            5552 kB
SwapTotal:       3145724 kB
SwapFree:        3145724 kB
Dirty:               356 kB
Writeback:             0 kB
AnonPages:       1252980 kB
Mapped:           851716 kB
Shmem:             26364 kB
KReclaimable:     704968 kB
Slab:             224328 kB
SReclaimable:      79700 kB
SUnreclaim:       144628 kB
KernelStack:       46516 kB
PageTables:        62820 kB
NFS_Unstable:          0 kB
Bounce:                0 kB
WritebackTmp:          0 kB
CommitLimit:     9202288 kB
Committed_AS:   65976104 kB
VmallocTotal:   263061440 kB
VmallocUsed:      103564 kB
VmallocChunk:          0 kB
Percpu:             7648 kB
CmaTotal:         294912 kB
CmaFree:               0 kB
MemTotal:       12113132 kB
MemFree:         6415636 kB
MemAvailable:    8107144 kB
Buffers:            5748 kB
Cached:          1880364 kB
SwapCached:            0 kB
Active:          1498028 kB
Inactive:        1635900 kB
Active(anon):    1254260 kB
Inactive(anon):    24424 kB
Active(file):     243768 kB
Inactive(file):  1611476 kB
Unevictable:        5552 kB
Mlocked:            5552 kB
SwapTotal:       3145724 kB
SwapFree:        3145724 kB
Dirty:               432 kB
Writeback:             0 kB
AnonPages:       1253432 kB
Mapped:           851748 kB
Shmem:             26368 kB
KReclaimable:     704968 kB
Slab:             224304 kB
SReclaimable:      79700 kB
SUnreclaim:       144604 kB
KernelStack:       46576 kB
PageTables:        62724 kB
NFS_Unstable:          0 kB
Bounce:                0 kB
WritebackTmp:          0 kB
CommitLimit:     9202288 kB
Committed_AS:   65975520 kB
VmallocTotal:   263061440 kB
VmallocUsed:      103564 kB
VmallocChunk:          0 kB
Percpu:             7648 kB
CmaTotal:         294912 kB
CmaFree:               0 kB
MemTotal:       12113132 kB
MemFree:         6414988 kB
MemAvailable:    8106500 kB
Buffers:            5748 kB
Cached:          1880368 kB
SwapCached:            0 kB
Active:          1498536 kB
Inactive:        1635900 kB
Active(anon):    1254764 kB
Inactive(anon):    24424 kB
Active(file):     243772 kB
Inactive(file):  1611476 kB
Unevictable:        5552 kB
Mlocked:            5552 kB
SwapTotal:       3145724 kB
SwapFree:        3145724 kB
Dirty:               440 kB
Writeback:             0 kB
AnonPages:       1254116 kB
Mapped:           851864 kB
Shmem:             26368 kB
KReclaimable:     704968 kB
Slab:             224288 kB
SReclaimable:      79700 kB
SUnreclaim:       144588 kB
KernelStack:       46544 kB
PageTables:        62624 kB
NFS_Unstable:          0 kB
Bounce:                0 kB
WritebackTmp:          0 kB
CommitLimit:     9202288 kB
Committed_AS:   65981696 kB
VmallocTotal:   263061440 kB
VmallocUsed:      103612 kB
VmallocChunk:          0 kB
Percpu:             7648 kB
CmaTotal:         294912 kB
CmaFree:             128 kB
MemTotal:       12113132 kB
MemFree:         6415044 kB
MemAvailable:    8106572 kB
Buffers:            5748 kB
Cached:          1880384 kB
SwapCached:            0 kB
Active:          1499400 kB
Inactive:        1635916 kB
Active(anon):    1255628 kB
Inactive(anon):    24424 kB
Active(file):     243772 kB
Inactive(file):  1611492 kB
Unevictable:        5552 kB
Mlocked:            5552 kB
SwapTotal:       3145724 kB
SwapFree:        3145724 kB
Dirty:               480 kB
Writeback:             0 kB
AnonPages:       1255048 kB
Mapped:           851756 kB
Shmem:             26368 kB
KReclaimable:     704968 kB
Slab:             224304 kB
SReclaimable:      79700 kB
SUnreclaim:       144604 kB
KernelStack:       46624 kB
PageTables:        62796 kB
NFS_Unstable:          0 kB
Bounce:                0 kB
WritebackTmp:          0 kB
CommitLimit:     9202288 kB
Committed_AS:   65976740 kB
VmallocTotal:   263061440 kB
VmallocUsed:      103596 kB
VmallocChunk:          0 kB
Percpu:             7648 kB
CmaTotal:         294912 kB
CmaFree:               0 kB
MemTotal:       12113132 kB
MemFree:         6414052 kB
MemAvailable:    8105592 kB
Buffers:            5748 kB
Cached:          1880396 kB
SwapCached:            0 kB
Active:          1500212 kB
Inactive:        1635928 kB
Active(anon):    1256440 kB
Inactive(anon):    24424 kB
Active(file):     243772 kB
Inactive(file):  1611504 kB
Unevictable:        5552 kB
Mlocked:            5552 kB
SwapTotal:       3145724 kB
SwapFree:        3145724 kB
Dirty:               492 kB
Writeback:             0 kB
AnonPages:       1255860 kB
Mapped:           851756 kB
Shmem:             26368 kB
KReclaimable:     704968 kB
Slab:             224296 kB
SReclaimable:      79700 kB
SUnreclaim:       144596 kB
KernelStack:       46576 kB
PageTables:        62660 kB
NFS_Unstable:          0 kB
Bounce:                0 kB
WritebackTmp:          0 kB
CommitLimit:     9202288 kB
Committed_AS:   65980188 kB
VmallocTotal:   263061440 kB
VmallocUsed:      103596 kB
VmallocChunk:          0 kB
Percpu:             7648 kB
CmaTotal:         294912 kB
CmaFree:               0 kB
MemTotal:       12113132 kB
MemFree:         6453988 kB
MemAvailable:    8145564 kB
Buffers:            5752 kB
Cached:          1880428 kB
SwapCached:            0 kB
Active:          1459272 kB
Inactive:        1635960 kB
Active(anon):    1215496 kB
Inactive(anon):    24424 kB
Active(file):     243776 kB
Inactive(file):  1611536 kB
Unevictable:        5552 kB
Mlocked:            5552 kB
SwapTotal:       3145724 kB
SwapFree:        3145724 kB
Dirty:               432 kB
Writeback:             0 kB
AnonPages:       1214612 kB
Mapped:           851028 kB
Shmem:             26368 kB
KReclaimable:     704968 kB
Slab:             224288 kB
SReclaimable:      79700 kB
SUnreclaim:       144588 kB
KernelStack:       46576 kB
PageTables:        62648 kB
NFS_Unstable:          0 kB
Bounce:                0 kB
WritebackTmp:          0 kB
CommitLimit:     9202288 kB
Committed_AS:   65980708 kB
VmallocTotal:   263061440 kB
VmallocUsed:      103596 kB
VmallocChunk:          0 kB
Percpu:             7648 kB
CmaTotal:         294912 kB
CmaFree:               0 kB
MemTotal:       12113132 kB
MemFree:         6453488 kB
MemAvailable:    8145176 kB
Buffers:            5752 kB
Cached:          1880548 kB
SwapCached:            0 kB
Active:          1461732 kB
Inactive:        1636056 kB
Active(anon):    1217932 kB
Inactive(anon):    24432 kB
Active(file):     243800 kB
Inactive(file):  1611624 kB
Unevictable:        5552 kB
Mlocked:            5552 kB
SwapTotal:       3145724 kB
SwapFree:        3145724 kB
Dirty:               676 kB
Writeback:             0 kB
AnonPages:       1216880 kB
Mapped:           851072 kB
Shmem:             26376 kB
KReclaimable:     704968 kB
Slab:             224288 kB
SReclaimable:      79700 kB
SUnreclaim:       144588 kB
KernelStack:       46640 kB
PageTables:        62564 kB
NFS_Unstable:          0 kB
Bounce:                0 kB
WritebackTmp:          0 kB
CommitLimit:     9202288 kB
Committed_AS:   65975112 kB
VmallocTotal:   263061440 kB
VmallocUsed:      103612 kB
VmallocChunk:          0 kB
Percpu:             7648 kB
CmaTotal:         294912 kB
CmaFree:               0 kB
MemTotal:       12113132 kB
MemFree:         6451864 kB
MemAvailable:    8143560 kB
Buffers:            5752 kB
Cached:          1880560 kB
SwapCached:            0 kB
Active:          1462868 kB
Inactive:        1636068 kB
Active(anon):    1219068 kB
Inactive(anon):    24436 kB
Active(file):     243800 kB
Inactive(file):  1611632 kB
Unevictable:        5552 kB
Mlocked:            5552 kB
SwapTotal:       3145724 kB
SwapFree:        3145724 kB
Dirty:               736 kB
Writeback:             0 kB
AnonPages:       1218252 kB
Mapped:           864824 kB
Shmem:             26380 kB
KReclaimable:     704968 kB
Slab:             224288 kB
SReclaimable:      79700 kB
SUnreclaim:       144588 kB
KernelStack:       46640 kB
PageTables:        62672 kB
NFS_Unstable:          0 kB
Bounce:                0 kB
WritebackTmp:          0 kB
CommitLimit:     9202288 kB
Committed_AS:   65976080 kB
VmallocTotal:   263061440 kB
VmallocUsed:      103628 kB
VmallocChunk:          0 kB
Percpu:             7648 kB
CmaTotal:         294912 kB
CmaFree:               0 kB
MemTotal:       12113132 kB
MemFree:         6451956 kB
MemAvailable:    8143668 kB
Buffers:            5752 kB
Cached:          1880576 kB
SwapCached:            0 kB
Active:          1463976 kB
Inactive:        1636084 kB
Active(anon):    1220176 kB
Inactive(anon):    24436 kB
Active(file):     243800 kB
Inactive(file):  1611648 kB
Unevictable:        5552 kB
Mlocked:            5552 kB
SwapTotal:       3145724 kB
SwapFree:        3145724 kB
Dirty:               752 kB
Writeback:             0 kB
AnonPages:       1219172 kB
Mapped:           864680 kB
Shmem:             26380 kB
KReclaimable:     704968 kB
Slab:             224288 kB
SReclaimable:      79700 kB
SUnreclaim:       144588 kB
KernelStack:       46656 kB
PageTables:        62736 kB
NFS_Unstable:          0 kB
Bounce:                0 kB
WritebackTmp:          0 kB
CommitLimit:     9202288 kB
Committed_AS:   65977036 kB
VmallocTotal:   263061440 kB
VmallocUsed:      103612 kB
VmallocChunk:          0 kB
Percpu:             7648 kB
CmaTotal:         294912 kB
CmaFree:               0 kB
MemTotal:       12113132 kB
MemFree:         6451548 kB
MemAvailable:    8143268 kB
Buffers:            5752 kB
Cached:          1880584 kB
SwapCached:            0 kB
Active:          1464864 kB
Inactive:        1636092 kB
Active(anon):    1221064 kB
Inactive(anon):    24436 kB
Active(file):     243800 kB
Inactive(file):  1611656 kB
Unevictable:        5552 kB
Mlocked:            5552 kB
SwapTotal:       3145724 kB
SwapFree:        3145724 kB
Dirty:               776 kB
Writeback:             0 kB
AnonPages:       1220156 kB
Mapped:           864680 kB
Shmem:             26380 kB
KReclaimable:     704968 kB
Slab:             224288 kB
SReclaimable:      79700 kB
SUnreclaim:       144588 kB
KernelStack:       46640 kB
PageTables:        62692 kB
NFS_Unstable:          0 kB
Bounce:                0 kB
WritebackTmp:          0 kB
CommitLimit:     9202288 kB
Committed_AS:   65980472 kB
VmallocTotal:   263061440 kB
VmallocUsed:      103644 kB
VmallocChunk:          0 kB
Percpu:             7648 kB
CmaTotal:         294912 kB
CmaFree:               0 kB
MemTotal:       12113132 kB
MemFree:         6450404 kB
MemAvailable:    8142140 kB
Buffers:            5752 kB
Cached:          1880600 kB
SwapCached:            0 kB
Active:          1464908 kB
Inactive:        1636108 kB
Active(anon):    1221108 kB
Inactive(anon):    24436 kB
Active(file):     243800 kB
Inactive(file):  1611672 kB
Unevictable:        5552 kB
Mlocked:            5552 kB
SwapTotal:       3145724 kB
SwapFree:        3145724 kB
Dirty:               188 kB
Writeback:             0 kB
AnonPages:       1220092 kB
Mapped:           864680 kB
Shmem:             26380 kB
KReclaimable:     704968 kB
Slab:             224308 kB
SReclaimable:      79700 kB
SUnreclaim:       144608 kB
KernelStack:       46624 kB
PageTables:        62688 kB
NFS_Unstable:          0 kB
Bounce:                0 kB
WritebackTmp:          0 kB
CommitLimit:     9202288 kB
Committed_AS:   65976780 kB
VmallocTotal:   263061440 kB
VmallocUsed:      103612 kB
VmallocChunk:          0 kB
Percpu:             7648 kB
CmaTotal:         294912 kB
CmaFree:               0 kB
MemTotal:       12113132 kB
MemFree:         6449908 kB
MemAvailable:    8141656 kB
Buffers:            5756 kB
Cached:          1880608 kB
SwapCached:            0 kB
Active:          1465292 kB
Inactive:        1636116 kB
Active(anon):    1221488 kB
Inactive(anon):    24436 kB
Active(file):     243804 kB
Inactive(file):  1611680 kB
Unevictable:        5552 kB
Mlocked:            5552 kB
SwapTotal:       3145724 kB
SwapFree:        3145724 kB
Dirty:               228 kB
Writeback:             0 kB
AnonPages:       1220244 kB
Mapped:           864680 kB
Shmem:             26380 kB
KReclaimable:     704968 kB
Slab:             224308 kB
SReclaimable:      79700 kB
SUnreclaim:       144608 kB
KernelStack:       46624 kB
PageTables:        62692 kB
NFS_Unstable:          0 kB
Bounce:                0 kB
WritebackTmp:          0 kB
CommitLimit:     9202288 kB
Committed_AS:   65982228 kB
VmallocTotal:   263061440 kB
VmallocUsed:      103660 kB
VmallocChunk:          0 kB
Percpu:             7648 kB
CmaTotal:         294912 kB
CmaFree:               0 kB
MemTotal:       12113132 kB
MemFree:         6450224 kB
MemAvailable:    8141992 kB
Buffers:            5756 kB
Cached:          1880628 kB
SwapCached:            0 kB
Active:          1465812 kB
Inactive:        1636136 kB
Active(anon):    1222008 kB
Inactive(anon):    24436 kB
Active(file):     243804 kB
Inactive(file):  1611700 kB
Unevictable:        5552 kB
Mlocked:            5552 kB
SwapTotal:       3145724 kB
SwapFree:        3145724 kB
Dirty:               272 kB
Writeback:             0 kB
AnonPages:       1220884 kB
Mapped:           864680 kB
Shmem:             26380 kB
KReclaimable:     704968 kB
Slab:             224308 kB
SReclaimable:      79700 kB
SUnreclaim:       144608 kB
KernelStack:       46688 kB
PageTables:        62800 kB
NFS_Unstable:          0 kB
Bounce:                0 kB
WritebackTmp:          0 kB
CommitLimit:     9202288 kB
Committed_AS:   65976568 kB
VmallocTotal:   263061440 kB
VmallocUsed:      103644 kB
VmallocChunk:          0 kB
Percpu:             7648 kB
CmaTotal:         294912 kB
CmaFree:               0 kB
MemTotal:       12113132 kB
MemFree:         6449552 kB
MemAvailable:    8141328 kB
Buffers:            5756 kB
Cached:          1880636 kB
SwapCached:            0 kB
Active:          1465944 kB
Inactive:        1636144 kB
Active(anon):    1222140 kB
Inactive(anon):    24436 kB
Active(file):     243804 kB
Inactive(file):  1611708 kB
Unevictable:        5552 kB
Mlocked:            5552 kB
SwapTotal:       3145724 kB
SwapFree:        3145724 kB
Dirty:               308 kB
Writeback:             0 kB
AnonPages:       1221588 kB
Mapped:           864680 kB
Shmem:             26380 kB
KReclaimable:     704968 kB
Slab:             224316 kB
SReclaimable:      79700 kB
SUnreclaim:       144616 kB
KernelStack:       46640 kB
PageTables:        62728 kB
NFS_Unstable:          0 kB
Bounce:                0 kB
WritebackTmp:          0 kB
CommitLimit:     9202288 kB
Committed_AS:   65976116 kB
VmallocTotal:   263061440 kB
VmallocUsed:      103612 kB
VmallocChunk:          0 kB
Percpu:             7648 kB
CmaTotal:         294912 kB
CmaFree:               0 kB
MemTotal:       12113132 kB
MemFree:         6448872 kB
MemAvailable:    8140660 kB
Buffers:            5756 kB
Cached:          1880648 kB
SwapCached:            0 kB
Active:          1466876 kB
Inactive:        1636156 kB
Active(anon):    1223072 kB
Inactive(anon):    24436 kB
Active(file):     243804 kB
Inactive(file):  1611720 kB
Unevictable:        5552 kB
Mlocked:            5552 kB
SwapTotal:       3145724 kB
SwapFree:        3145724 kB
Dirty:               352 kB
Writeback:             0 kB
AnonPages:       1222072 kB
Mapped:           864680 kB
Shmem:             26380 kB
KReclaimable:     704968 kB
Slab:             224308 kB
SReclaimable:      79700 kB
SUnreclaim:       144608 kB
KernelStack:       46676 kB
PageTables:        62876 kB
NFS_Unstable:          0 kB
Bounce:                0 kB
WritebackTmp:          0 kB
CommitLimit:     9202288 kB
Committed_AS:   65971648 kB
VmallocTotal:   263061440 kB
VmallocUsed:      103612 kB
VmallocChunk:          0 kB
Percpu:             7648 kB
CmaTotal:         294912 kB
CmaFree:               0 kB
MemTotal:       12113132 kB
MemFree:         6449912 kB
MemAvailable:    8141712 kB
Buffers:            5756 kB
Cached:          1880660 kB
SwapCached:            0 kB
Active:          1466396 kB
Inactive:        1636168 kB
Active(anon):    1222592 kB
Inactive(anon):    24436 kB
Active(file):     243804 kB
Inactive(file):  1611732 kB
Unevictable:        5552 kB
Mlocked:            5552 kB
SwapTotal:       3145724 kB
SwapFree:        3145724 kB
Dirty:               400 kB
Writeback:             0 kB
AnonPages:       1221316 kB
Mapped:           864680 kB
Shmem:             26380 kB
KReclaimable:     704968 kB
Slab:             224308 kB
SReclaimable:      79700 kB
SUnreclaim:       144608 kB
KernelStack:       46640 kB
PageTables:        62700 kB
NFS_Unstable:          0 kB
Bounce:                0 kB
WritebackTmp:          0 kB
CommitLimit:     9202288 kB
Committed_AS:   65974556 kB
VmallocTotal:   263061440 kB
VmallocUsed:      103612 kB
VmallocChunk:          0 kB
Percpu:             7648 kB
CmaTotal:         294912 kB
CmaFree:               0 kB
MemTotal:       12113132 kB
MemFree:         6459684 kB
MemAvailable:    8151472 kB
Buffers:            5756 kB
Cached:          1880648 kB
SwapCached:            0 kB
Active:          1454076 kB
Inactive:        1636160 kB
Active(anon):    1210276 kB
Inactive(anon):    24436 kB
Active(file):     243800 kB
Inactive(file):  1611724 kB
Unevictable:        5552 kB
Mlocked:            5552 kB
SwapTotal:       3145724 kB
SwapFree:        3145724 kB
Dirty:               412 kB
Writeback:             0 kB
AnonPages:       1209244 kB
Mapped:           851064 kB
Shmem:             26380 kB
KReclaimable:     704968 kB
Slab:             224308 kB
SReclaimable:      79700 kB
SUnreclaim:       144608 kB
KernelStack:       46624 kB
PageTables:        62640 kB
NFS_Unstable:          0 kB
Bounce:                0 kB
WritebackTmp:          0 kB
CommitLimit:     9202288 kB
Committed_AS:   65972672 kB
VmallocTotal:   263061440 kB
VmallocUsed:      103628 kB
VmallocChunk:          0 kB
Percpu:             7648 kB
CmaTotal:         294912 kB
CmaFree:             788 kB
MemTotal:       12113132 kB
MemFree:         6458968 kB
MemAvailable:    8150788 kB
Buffers:            5756 kB
Cached:          1880680 kB
SwapCached:            0 kB
Active:          1454348 kB
Inactive:        1636188 kB
Active(anon):    1210544 kB
Inactive(anon):    24436 kB
Active(file):     243804 kB
Inactive(file):  1611752 kB
Unevictable:        5552 kB
Mlocked:            5552 kB
SwapTotal:       3145724 kB
SwapFree:        3145724 kB
Dirty:               424 kB
Writeback:             0 kB
AnonPages:       1209808 kB
Mapped:           851064 kB
Shmem:             26380 kB
KReclaimable:     704968 kB
Slab:             224308 kB
SReclaimable:      79700 kB
SUnreclaim:       144608 kB
KernelStack:       46624 kB
PageTables:        62648 kB
NFS_Unstable:          0 kB
Bounce:                0 kB
WritebackTmp:          0 kB
CommitLimit:     9202288 kB
Committed_AS:   65972484 kB
VmallocTotal:   263061440 kB
VmallocUsed:      103660 kB
VmallocChunk:          0 kB
Percpu:             7648 kB
CmaTotal:         294912 kB
CmaFree:               0 kB
MemTotal:       12113132 kB
MemFree:         6463428 kB
MemAvailable:    8155260 kB
Buffers:            5756 kB
Cached:          1880692 kB
SwapCached:            0 kB
Active:          1450236 kB
Inactive:        1636200 kB
Active(anon):    1206432 kB
Inactive(anon):    24436 kB
Active(file):     243804 kB
Inactive(file):  1611764 kB
Unevictable:        5552 kB
Mlocked:            5552 kB
SwapTotal:       3145724 kB
SwapFree:        3145724 kB
Dirty:               448 kB
Writeback:             0 kB
AnonPages:       1205328 kB
Mapped:           851064 kB
Shmem:             26380 kB
KReclaimable:     704968 kB
Slab:             224308 kB
SReclaimable:      79700 kB
SUnreclaim:       144608 kB
KernelStack:       46624 kB
PageTables:        62644 kB
NFS_Unstable:          0 kB
Bounce:                0 kB
WritebackTmp:          0 kB
CommitLimit:     9202288 kB
Committed_AS:   65974300 kB
VmallocTotal:   263061440 kB
VmallocUsed:      103644 kB
VmallocChunk:          0 kB
Percpu:             7648 kB
CmaTotal:         294912 kB
CmaFree:               8 kB
MemTotal:       12113132 kB
MemFree:         6463352 kB
MemAvailable:    8155196 kB
Buffers:            5756 kB
Cached:          1880704 kB
SwapCached:            0 kB
Active:          1450552 kB
Inactive:        1636212 kB
Active(anon):    1206748 kB
Inactive(anon):    24436 kB
Active(file):     243804 kB
Inactive(file):  1611776 kB
Unevictable:        5552 kB
Mlocked:            5552 kB
SwapTotal:       3145724 kB
SwapFree:        3145724 kB
Dirty:               460 kB
Writeback:             0 kB
AnonPages:       1205880 kB
Mapped:           851064 kB
Shmem:             26380 kB
KReclaimable:     704968 kB
Slab:             224316 kB
SReclaimable:      79700 kB
SUnreclaim:       144616 kB
KernelStack:       46624 kB
PageTables:        62636 kB
NFS_Unstable:          0 kB
Bounce:                0 kB
WritebackTmp:          0 kB
CommitLimit:     9202288 kB
Committed_AS:   65973904 kB
VmallocTotal:   263061440 kB
VmallocUsed:      103660 kB
VmallocChunk:          0 kB
Percpu:             7648 kB
CmaTotal:         294912 kB
CmaFree:               0 kB
MemTotal:       12113132 kB
MemFree:         6461796 kB
MemAvailable:    8153652 kB
Buffers:            5756 kB
Cached:          1880716 kB
SwapCached:            0 kB
Active:          1451128 kB
Inactive:        1636224 kB
Active(anon):    1207324 kB
Inactive(anon):    24436 kB
Active(file):     243804 kB
Inactive(file):  1611788 kB
Unevictable:        5552 kB
Mlocked:            5552 kB
SwapTotal:       3145724 kB
SwapFree:        3145724 kB
Dirty:               472 kB
Writeback:             0 kB
AnonPages:       1206688 kB
Mapped:           851064 kB
Shmem:             26380 kB
KReclaimable:     704968 kB
Slab:             224308 kB
SReclaimable:      79700 kB
SUnreclaim:       144608 kB
KernelStack:       46608 kB
PageTables:        62624 kB
NFS_Unstable:          0 kB
Bounce:                0 kB
WritebackTmp:          0 kB
CommitLimit:     9202288 kB
Committed_AS:   65979464 kB
VmallocTotal:   263061440 kB
VmallocUsed:      103676 kB
VmallocChunk:          0 kB
Percpu:             7648 kB
CmaTotal:         294912 kB
CmaFree:               0 kB
MemTotal:       12113132 kB
MemFree:         6464300 kB
MemAvailable:    8156188 kB
Buffers:            5760 kB
Cached:          1880744 kB
SwapCached:            0 kB
Active:          1449232 kB
Inactive:        1636256 kB
Active(anon):    1205428 kB
Inactive(anon):    24436 kB
Active(file):     243804 kB
Inactive(file):  1611820 kB
Unevictable:        5552 kB
Mlocked:            5552 kB
SwapTotal:       3145724 kB
SwapFree:        3145724 kB
Dirty:               472 kB
Writeback:             0 kB
AnonPages:       1204604 kB
Mapped:           851064 kB
Shmem:             26380 kB
KReclaimable:     704968 kB
Slab:             224308 kB
SReclaimable:      79700 kB
SUnreclaim:       144608 kB
KernelStack:       46608 kB
PageTables:        62588 kB
NFS_Unstable:          0 kB
Bounce:                0 kB
WritebackTmp:          0 kB
CommitLimit:     9202288 kB
Committed_AS:   65979252 kB
VmallocTotal:   263061440 kB
VmallocUsed:      103676 kB
VmallocChunk:          0 kB
Percpu:             7648 kB
CmaTotal:         294912 kB
CmaFree:               0 kB
MemTotal:       12113132 kB
MemFree:         6463876 kB
MemAvailable:    8155772 kB
Buffers:            5760 kB
Cached:          1880752 kB
SwapCached:            0 kB
Active:          1451072 kB
Inactive:        1636264 kB
Active(anon):    1207268 kB
Inactive(anon):    24436 kB
Active(file):     243804 kB
Inactive(file):  1611828 kB
Unevictable:        5552 kB
Mlocked:            5552 kB
SwapTotal:       3145724 kB
SwapFree:        3145724 kB
Dirty:               520 kB
Writeback:             0 kB
AnonPages:       1206576 kB
Mapped:           851064 kB
Shmem:             26380 kB
KReclaimable:     704968 kB
Slab:             224316 kB
SReclaimable:      79700 kB
SUnreclaim:       144616 kB
KernelStack:       46624 kB
PageTables:        62640 kB
NFS_Unstable:          0 kB
Bounce:                0 kB
WritebackTmp:          0 kB
CommitLimit:     9202288 kB
Committed_AS:   65978860 kB
VmallocTotal:   263061440 kB
VmallocUsed:      103660 kB
VmallocChunk:          0 kB
Percpu:             7648 kB
CmaTotal:         294912 kB
CmaFree:               0 kB
MemTotal:       12113132 kB
MemFree:         6463120 kB
MemAvailable:    8155032 kB
Buffers:            5760 kB
Cached:          1880768 kB
SwapCached:            0 kB
Active:          1451476 kB
Inactive:        1636276 kB
Active(anon):    1207668 kB
Inactive(anon):    24436 kB
Active(file):     243808 kB
Inactive(file):  1611840 kB
Unevictable:        5552 kB
Mlocked:            5552 kB
SwapTotal:       3145724 kB
SwapFree:        3145724 kB
Dirty:               536 kB
Writeback:             0 kB
AnonPages:       1206988 kB
Mapped:           851064 kB
Shmem:             26380 kB
KReclaimable:     704968 kB
Slab:             224316 kB
SReclaimable:      79700 kB
SUnreclaim:       144616 kB
KernelStack:       46624 kB
PageTables:        62652 kB
NFS_Unstable:          0 kB
Bounce:                0 kB
WritebackTmp:          0 kB
CommitLimit:     9202288 kB
Committed_AS:   65980368 kB
VmallocTotal:   263061440 kB
VmallocUsed:      103644 kB
VmallocChunk:          0 kB
Percpu:             7648 kB
CmaTotal:         294912 kB
CmaFree:               0 kB
MemTotal:       12113132 kB
MemFree:         6462464 kB
MemAvailable:    8154384 kB
Buffers:            5760 kB
Cached:          1880776 kB
SwapCached:            0 kB
Active:          1451840 kB
Inactive:        1636284 kB
Active(anon):    1208032 kB
Inactive(anon):    24436 kB
Active(file):     243808 kB
Inactive(file):  1611848 kB
Unevictable:        5552 kB
Mlocked:            5552 kB
SwapTotal:       3145724 kB
SwapFree:        3145724 kB
Dirty:               560 kB
Writeback:             0 kB
AnonPages:       1207284 kB
Mapped:           851064 kB
Shmem:             26380 kB
KReclaimable:     704968 kB
Slab:             224308 kB
SReclaimable:      79700 kB
SUnreclaim:       144608 kB
KernelStack:       46576 kB
PageTables:        62640 kB
NFS_Unstable:          0 kB
Bounce:                0 kB
WritebackTmp:          0 kB
CommitLimit:     9202288 kB
Committed_AS:   65980456 kB
VmallocTotal:   263061440 kB
VmallocUsed:      103628 kB
VmallocChunk:          0 kB
Percpu:             7648 kB
CmaTotal:         294912 kB
CmaFree:              20 kB
MemTotal:       12113132 kB
MemFree:         6462616 kB
MemAvailable:    8154552 kB
Buffers:            5760 kB
Cached:          1880792 kB
SwapCached:            0 kB
Active:          1454664 kB
Inactive:        1636300 kB
Active(anon):    1210856 kB
Inactive(anon):    24436 kB
Active(file):     243808 kB
Inactive(file):  1611864 kB
Unevictable:        5552 kB
Mlocked:            5552 kB
SwapTotal:       3145724 kB
SwapFree:        3145724 kB
Dirty:               576 kB
Writeback:             0 kB
AnonPages:       1209876 kB
Mapped:           851064 kB
Shmem:             26380 kB
KReclaimable:     704968 kB
Slab:             224308 kB
SReclaimable:      79700 kB
SUnreclaim:       144608 kB
KernelStack:       46576 kB
PageTables:        62648 kB
NFS_Unstable:          0 kB
Bounce:                0 kB
WritebackTmp:          0 kB
CommitLimit:     9202288 kB
Committed_AS:   65974604 kB
VmallocTotal:   263061440 kB
VmallocUsed:      103612 kB
VmallocChunk:          0 kB
Percpu:             7648 kB
CmaTotal:         294912 kB
CmaFree:             344 kB
MemTotal:       12113132 kB
MemFree:         6438056 kB
MemAvailable:    8129996 kB
Buffers:            5760 kB
Cached:          1880800 kB
SwapCached:            0 kB
Active:          1477964 kB
Inactive:        1636308 kB
Active(anon):    1234156 kB
Inactive(anon):    24440 kB
Active(file):     243808 kB
Inactive(file):  1611868 kB
Unevictable:        5552 kB
Mlocked:            5552 kB
SwapTotal:       3145724 kB
SwapFree:        3145724 kB
Dirty:               580 kB
Writeback:             0 kB
AnonPages:       1233376 kB
Mapped:           851068 kB
Shmem:             26384 kB
KReclaimable:     704968 kB
Slab:             224300 kB
SReclaimable:      79700 kB
SUnreclaim:       144600 kB
KernelStack:       46576 kB
PageTables:        62640 kB
NFS_Unstable:          0 kB
Bounce:                0 kB
WritebackTmp:          0 kB
CommitLimit:     9202288 kB
Committed_AS:   65972664 kB
VmallocTotal:   263061440 kB
VmallocUsed:      103564 kB
VmallocChunk:          0 kB
Percpu:             7648 kB
CmaTotal:         294912 kB
CmaFree:               0 kB
MemTotal:       12113132 kB
MemFree:         6430576 kB
MemAvailable:    8122536 kB
Buffers:            5760 kB
Cached:          1880820 kB
SwapCached:            0 kB
Active:          1485072 kB
Inactive:        1636328 kB
Active(anon):    1241264 kB
Inactive(anon):    24440 kB
Active(file):     243808 kB
Inactive(file):  1611888 kB
Unevictable:        5552 kB
Mlocked:            5552 kB
SwapTotal:       3145724 kB
SwapFree:        3145724 kB
Dirty:               612 kB
Writeback:             0 kB
AnonPages:       1240492 kB
Mapped:           851068 kB
Shmem:             26384 kB
KReclaimable:     704968 kB
Slab:             224308 kB
SReclaimable:      79700 kB
SUnreclaim:       144608 kB
KernelStack:       46560 kB
PageTables:        62652 kB
NFS_Unstable:          0 kB
Bounce:                0 kB
WritebackTmp:          0 kB
CommitLimit:     9202288 kB
Committed_AS:   65975256 kB
VmallocTotal:   263061440 kB
VmallocUsed:      103596 kB
VmallocChunk:          0 kB
Percpu:             7648 kB
CmaTotal:         294912 kB
CmaFree:               0 kB
MemTotal:       12113132 kB
MemFree:         6420660 kB
MemAvailable:    8112632 kB
Buffers:            5760 kB
Cached:          1880832 kB
SwapCached:            0 kB
Active:          1493832 kB
Inactive:        1636340 kB
Active(anon):    1250024 kB
Inactive(anon):    24440 kB
Active(file):     243808 kB
Inactive(file):  1611900 kB
Unevictable:        5552 kB
Mlocked:            5552 kB
SwapTotal:       3145724 kB
SwapFree:        3145724 kB
Dirty:               624 kB
Writeback:             0 kB
AnonPages:       1248220 kB
Mapped:           851068 kB
Shmem:             26384 kB
KReclaimable:     704968 kB
Slab:             224316 kB
SReclaimable:      79700 kB
SUnreclaim:       144616 kB
KernelStack:       46560 kB
PageTables:        62640 kB
NFS_Unstable:          0 kB
Bounce:                0 kB
WritebackTmp:          0 kB
CommitLimit:     9202288 kB
Committed_AS:   65980468 kB
VmallocTotal:   263061440 kB
VmallocUsed:      103564 kB
VmallocChunk:          0 kB
Percpu:             7648 kB
CmaTotal:         294912 kB
CmaFree:               0 kB
MemTotal:       12113132 kB
MemFree:         6428764 kB
MemAvailable:    8120744 kB
Buffers:            5760 kB
Cached:          1880840 kB
SwapCached:            0 kB
Active:          1485952 kB
Inactive:        1636348 kB
Active(anon):    1242144 kB
Inactive(anon):    24440 kB
Active(file):     243808 kB
Inactive(file):  1611908 kB
Unevictable:        5552 kB
Mlocked:            5552 kB
SwapTotal:       3145724 kB
SwapFree:        3145724 kB
Dirty:               636 kB
Writeback:             0 kB
AnonPages:       1241128 kB
Mapped:           851068 kB
Shmem:             26384 kB
KReclaimable:     704968 kB
Slab:             224300 kB
SReclaimable:      79700 kB
SUnreclaim:       144600 kB
KernelStack:       46528 kB
PageTables:        62640 kB
NFS_Unstable:          0 kB
Bounce:                0 kB
WritebackTmp:          0 kB
CommitLimit:     9202288 kB
Committed_AS:   65975936 kB
VmallocTotal:   263061440 kB
VmallocUsed:      103548 kB
VmallocChunk:          0 kB
Percpu:             7648 kB
CmaTotal:         294912 kB
CmaFree:               0 kB
MemTotal:       12113132 kB
MemFree:         6427988 kB
MemAvailable:    8119992 kB
Buffers:            5760 kB
Cached:          1880864 kB
SwapCached:            0 kB
Active:          1486152 kB
Inactive:        1636372 kB
Active(anon):    1242344 kB
Inactive(anon):    24440 kB
Active(file):     243808 kB
Inactive(file):  1611932 kB
Unevictable:        5552 kB
Mlocked:            5552 kB
SwapTotal:       3145724 kB
SwapFree:        3145724 kB
Dirty:               688 kB
Writeback:             0 kB
AnonPages:       1241792 kB
Mapped:           851068 kB
Shmem:             26384 kB
KReclaimable:     704968 kB
Slab:             224316 kB
SReclaimable:      79700 kB
SUnreclaim:       144616 kB
KernelStack:       46528 kB
PageTables:        62636 kB
NFS_Unstable:          0 kB
Bounce:                0 kB
WritebackTmp:          0 kB
CommitLimit:     9202288 kB
Committed_AS:   65975876 kB
VmallocTotal:   263061440 kB
VmallocUsed:      103548 kB
VmallocChunk:          0 kB
Percpu:             7648 kB
CmaTotal:         294912 kB
CmaFree:               0 kB
MemTotal:       12113132 kB
MemFree:         6428744 kB
MemAvailable:    8120760 kB
Buffers:            5760 kB
Cached:          1880876 kB
SwapCached:            0 kB
Active:          1485256 kB
Inactive:        1636384 kB
Active(anon):    1241448 kB
Inactive(anon):    24440 kB
Active(file):     243808 kB
Inactive(file):  1611944 kB
Unevictable:        5552 kB
Mlocked:            5552 kB
SwapTotal:       3145724 kB
SwapFree:        3145724 kB
Dirty:               700 kB
Writeback:             0 kB
AnonPages:       1240412 kB
Mapped:           851068 kB
Shmem:             26384 kB
KReclaimable:     704968 kB
Slab:             224300 kB
SReclaimable:      79700 kB
SUnreclaim:       144600 kB
KernelStack:       46528 kB
PageTables:        62644 kB
NFS_Unstable:          0 kB
Bounce:                0 kB
WritebackTmp:          0 kB
CommitLimit:     9202288 kB
Committed_AS:   65980644 kB
VmallocTotal:   263061440 kB
VmallocUsed:      103564 kB
VmallocChunk:          0 kB
Percpu:             7648 kB
CmaTotal:         294912 kB
CmaFree:             128 kB
MemTotal:       12113132 kB
MemFree:         6427488 kB
MemAvailable:    8119520 kB
Buffers:            5760 kB
Cached:          1880892 kB
SwapCached:            0 kB
Active:          1485724 kB
Inactive:        1636400 kB
Active(anon):    1241916 kB
Inactive(anon):    24440 kB
Active(file):     243808 kB
Inactive(file):  1611960 kB
Unevictable:        5552 kB
Mlocked:            5552 kB
SwapTotal:       3145724 kB
SwapFree:        3145724 kB
Dirty:               780 kB
Writeback:             0 kB
AnonPages:       1241164 kB
Mapped:           851068 kB
Shmem:             26384 kB
KReclaimable:     704968 kB
Slab:             224300 kB
SReclaimable:      79700 kB
SUnreclaim:       144600 kB
KernelStack:       46512 kB
PageTables:        62644 kB
NFS_Unstable:          0 kB
Bounce:                0 kB
WritebackTmp:          0 kB
CommitLimit:     9202288 kB
Committed_AS:   65980548 kB
VmallocTotal:   263061440 kB
VmallocUsed:      103484 kB
VmallocChunk:          0 kB
Percpu:             7648 kB
CmaTotal:         294912 kB
CmaFree:               0 kB
MemTotal:       12113132 kB
MemFree:         6428184 kB
MemAvailable:    8120224 kB
Buffers:            5760 kB
Cached:          1880908 kB
SwapCached:            0 kB
Active:          1486488 kB
Inactive:        1636416 kB
Active(anon):    1242680 kB
Inactive(anon):    24448 kB
Active(file):     243808 kB
Inactive(file):  1611968 kB
Unevictable:        5552 kB
Mlocked:            5552 kB
SwapTotal:       3145724 kB
SwapFree:        3145724 kB
Dirty:               800 kB
Writeback:             0 kB
AnonPages:       1241720 kB
Mapped:           851076 kB
Shmem:             26392 kB
KReclaimable:     704968 kB
Slab:             224292 kB
SReclaimable:      79700 kB
SUnreclaim:       144592 kB
KernelStack:       46496 kB
PageTables:        62644 kB
NFS_Unstable:          0 kB
Bounce:                0 kB
WritebackTmp:          0 kB
CommitLimit:     9202288 kB
Committed_AS:   65975688 kB
VmallocTotal:   263061440 kB
VmallocUsed:      103500 kB
VmallocChunk:          0 kB
Percpu:             7648 kB
CmaTotal:         294912 kB
CmaFree:               0 kB
MemTotal:       12113132 kB
MemFree:         6427980 kB
MemAvailable:    8120036 kB
Buffers:            5760 kB
Cached:          1880924 kB
SwapCached:            0 kB
Active:          1487160 kB
Inactive:        1636432 kB
Active(anon):    1243352 kB
Inactive(anon):    24448 kB
Active(file):     243808 kB
Inactive(file):  1611984 kB
Unevictable:        5552 kB
Mlocked:            5552 kB
SwapTotal:       3145724 kB
SwapFree:        3145724 kB
Dirty:               820 kB
Writeback:             0 kB
AnonPages:       1242484 kB
Mapped:           851076 kB
Shmem:             26392 kB
KReclaimable:     704968 kB
Slab:             224316 kB
SReclaimable:      79700 kB
SUnreclaim:       144616 kB
KernelStack:       46496 kB
PageTables:        62644 kB
NFS_Unstable:          0 kB
Bounce:                0 kB
WritebackTmp:          0 kB
CommitLimit:     9202288 kB
Committed_AS:   65975336 kB
VmallocTotal:   263061440 kB
VmallocUsed:      103516 kB
VmallocChunk:          0 kB
Percpu:             7648 kB
CmaTotal:         294912 kB
CmaFree:               0 kB
MemTotal:       12113132 kB
MemFree:         6427772 kB
MemAvailable:    8119840 kB
Buffers:            5768 kB
Cached:          1880928 kB
SwapCached:            0 kB
Active:          1487740 kB
Inactive:        1636444 kB
Active(anon):    1243932 kB
Inactive(anon):    24448 kB
Active(file):     243808 kB
Inactive(file):  1611996 kB
Unevictable:        5552 kB
Mlocked:            5552 kB
SwapTotal:       3145724 kB
SwapFree:        3145724 kB
Dirty:               832 kB
Writeback:             0 kB
AnonPages:       1243024 kB
Mapped:           851076 kB
Shmem:             26392 kB
KReclaimable:     704968 kB
Slab:             224308 kB
SReclaimable:      79700 kB
SUnreclaim:       144608 kB
KernelStack:       46496 kB
PageTables:        62648 kB
NFS_Unstable:          0 kB
Bounce:                0 kB
WritebackTmp:          0 kB
CommitLimit:     9202288 kB
Committed_AS:   65974888 kB
VmallocTotal:   263061440 kB
VmallocUsed:      103516 kB
VmallocChunk:          0 kB
Percpu:             7648 kB
CmaTotal:         294912 kB
CmaFree:               0 kB
MemTotal:       12113132 kB
MemFree:         6426428 kB
MemAvailable:    8118532 kB
Buffers:            5768 kB
Cached:          1880964 kB
SwapCached:            0 kB
Active:          1488228 kB
Inactive:        1636472 kB
Active(anon):    1244412 kB
Inactive(anon):    24448 kB
Active(file):     243816 kB
Inactive(file):  1612024 kB
Unevictable:        5552 kB
Mlocked:            5552 kB
SwapTotal:       3145724 kB
SwapFree:        3145724 kB
Dirty:               820 kB
Writeback:             0 kB
AnonPages:       1243568 kB
Mapped:           851076 kB
Shmem:             26392 kB
KReclaimable:     704968 kB
Slab:             224276 kB
SReclaimable:      79700 kB
SUnreclaim:       144576 kB
KernelStack:       46496 kB
PageTables:        62636 kB
NFS_Unstable:          0 kB
Bounce:                0 kB
WritebackTmp:          0 kB
CommitLimit:     9202288 kB
Committed_AS:   65974980 kB
VmallocTotal:   263061440 kB
VmallocUsed:      103500 kB
VmallocChunk:          0 kB
Percpu:             7648 kB
CmaTotal:         294912 kB
CmaFree:               0 kB
MemTotal:       12113132 kB
MemFree:         6425864 kB
MemAvailable:    8117976 kB
Buffers:            5768 kB
Cached:          1880972 kB
SwapCached:            0 kB
Active:          1488988 kB
Inactive:        1636480 kB
Active(anon):    1245172 kB
Inactive(anon):    24448 kB
Active(file):     243816 kB
Inactive(file):  1612032 kB
Unevictable:        5552 kB
Mlocked:            5552 kB
SwapTotal:       3145724 kB
SwapFree:        3145724 kB
Dirty:               828 kB
Writeback:             0 kB
AnonPages:       1244196 kB
Mapped:           851076 kB
Shmem:             26392 kB
KReclaimable:     704968 kB
Slab:             224268 kB
SReclaimable:      79700 kB
SUnreclaim:       144568 kB
KernelStack:       46480 kB
PageTables:        62648 kB
NFS_Unstable:          0 kB
Bounce:                0 kB
WritebackTmp:          0 kB
CommitLimit:     9202288 kB
Committed_AS:   65979576 kB
VmallocTotal:   263061440 kB
VmallocUsed:      103516 kB
VmallocChunk:          0 kB
Percpu:             7648 kB
CmaTotal:         294912 kB
CmaFree:               0 kB
MemTotal:       12113132 kB
MemFree:         6425148 kB
MemAvailable:    8117276 kB
Buffers:            5768 kB
Cached:          1880988 kB
SwapCached:            0 kB
Active:          1488980 kB
Inactive:        1636496 kB
Active(anon):    1245164 kB
Inactive(anon):    24448 kB
Active(file):     243816 kB
Inactive(file):  1612048 kB
Unevictable:        5552 kB
Mlocked:            5552 kB
SwapTotal:       3145724 kB
SwapFree:        3145724 kB
Dirty:               844 kB
Writeback:             0 kB
AnonPages:       1244500 kB
Mapped:           851076 kB
Shmem:             26392 kB
KReclaimable:     704968 kB
Slab:             224276 kB
SReclaimable:      79700 kB
SUnreclaim:       144576 kB
KernelStack:       46416 kB
PageTables:        62648 kB
NFS_Unstable:          0 kB
Bounce:                0 kB
WritebackTmp:          0 kB
CommitLimit:     9202288 kB
Committed_AS:   65979744 kB
VmallocTotal:   263061440 kB
VmallocUsed:      103420 kB
VmallocChunk:          0 kB
Percpu:             7648 kB
CmaTotal:         294912 kB
CmaFree:               0 kB
MemTotal:       12113132 kB
MemFree:         6424964 kB
MemAvailable:    8117100 kB
Buffers:            5768 kB
Cached:          1880996 kB
SwapCached:            0 kB
Active:          1489780 kB
Inactive:        1636504 kB
Active(anon):    1245964 kB
Inactive(anon):    24448 kB
Active(file):     243816 kB
Inactive(file):  1612056 kB
Unevictable:        5552 kB
Mlocked:            5552 kB
SwapTotal:       3145724 kB
SwapFree:        3145724 kB
Dirty:               864 kB
Writeback:             0 kB
AnonPages:       1244768 kB
Mapped:           851076 kB
Shmem:             26392 kB
KReclaimable:     704968 kB
Slab:             224276 kB
SReclaimable:      79700 kB
SUnreclaim:       144576 kB
KernelStack:       46416 kB
PageTables:        62648 kB
NFS_Unstable:          0 kB
Bounce:                0 kB
WritebackTmp:          0 kB
CommitLimit:     9202288 kB
Committed_AS:   65979736 kB
VmallocTotal:   263061440 kB
VmallocUsed:      103452 kB
VmallocChunk:          0 kB
Percpu:             7648 kB
CmaTotal:         294912 kB
CmaFree:               0 kB
MemTotal:       12113132 kB
MemFree:         6423748 kB
MemAvailable:    8115892 kB
Buffers:            5768 kB
Cached:          1881004 kB
SwapCached:            0 kB
Active:          1490728 kB
Inactive:        1636512 kB
Active(anon):    1246912 kB
Inactive(anon):    24448 kB
Active(file):     243816 kB
Inactive(file):  1612064 kB
Unevictable:        5552 kB
Mlocked:            5552 kB
SwapTotal:       3145724 kB
SwapFree:        3145724 kB
Dirty:               352 kB
Writeback:             0 kB
AnonPages:       1246004 kB
Mapped:           851076 kB
Shmem:             26392 kB
KReclaimable:     704968 kB
Slab:             224276 kB
SReclaimable:      79700 kB
SUnreclaim:       144576 kB
KernelStack:       46416 kB
PageTables:        62648 kB
NFS_Unstable:          0 kB
Bounce:                0 kB
WritebackTmp:          0 kB
CommitLimit:     9202288 kB
Committed_AS:   65979800 kB
VmallocTotal:   263061440 kB
VmallocUsed:      103420 kB
VmallocChunk:          0 kB
Percpu:             7648 kB
CmaTotal:         294912 kB
CmaFree:               0 kB
MemTotal:       12113132 kB
MemFree:         6423352 kB
MemAvailable:    8115512 kB
Buffers:            5768 kB
Cached:          1881020 kB
SwapCached:            0 kB
Active:          1491384 kB
Inactive:        1636528 kB
Active(anon):    1247568 kB
Inactive(anon):    24448 kB
Active(file):     243816 kB
Inactive(file):  1612080 kB
Unevictable:        5552 kB
Mlocked:            5552 kB
SwapTotal:       3145724 kB
SwapFree:        3145724 kB
Dirty:               256 kB
Writeback:             0 kB
AnonPages:       1246796 kB
Mapped:           851076 kB
Shmem:             26392 kB
KReclaimable:     704968 kB
Slab:             224300 kB
SReclaimable:      79700 kB
SUnreclaim:       144600 kB
KernelStack:       46416 kB
PageTables:        62652 kB
NFS_Unstable:          0 kB
Bounce:                0 kB
WritebackTmp:          0 kB
CommitLimit:     9202288 kB
Committed_AS:   65979360 kB
VmallocTotal:   263061440 kB
VmallocUsed:      103420 kB
VmallocChunk:          0 kB
Percpu:             7648 kB
CmaTotal:         294912 kB
CmaFree:               0 kB
MemTotal:       12113132 kB
MemFree:         6420472 kB
MemAvailable:    8112648 kB
Buffers:            5768 kB
Cached:          1881036 kB
SwapCached:            0 kB
Active:          1491992 kB
Inactive:        1636544 kB
Active(anon):    1248176 kB
Inactive(anon):    24448 kB
Active(file):     243816 kB
Inactive(file):  1612096 kB
Unevictable:        5552 kB
Mlocked:            5552 kB
SwapTotal:       3145724 kB
SwapFree:        3145724 kB
Dirty:               296 kB
Writeback:             0 kB
AnonPages:       1247380 kB
Mapped:           851076 kB
Shmem:             26392 kB
KReclaimable:     704968 kB
Slab:             224316 kB
SReclaimable:      79700 kB
SUnreclaim:       144616 kB
KernelStack:       46416 kB
PageTables:        62636 kB
NFS_Unstable:          0 kB
Bounce:                0 kB
WritebackTmp:          0 kB
CommitLimit:     9202288 kB
Committed_AS:   65980064 kB
VmallocTotal:   263061440 kB
VmallocUsed:      103420 kB
VmallocChunk:          0 kB
Percpu:             7648 kB
CmaTotal:         294912 kB
CmaFree:               0 kB
MemTotal:       12113132 kB
MemFree:         6420648 kB
MemAvailable:    8112840 kB
Buffers:            5768 kB
Cached:          1881052 kB
SwapCached:            0 kB
Active:          1492532 kB
Inactive:        1636560 kB
Active(anon):    1248716 kB
Inactive(anon):    24448 kB
Active(file):     243816 kB
Inactive(file):  1612112 kB
Unevictable:        5552 kB
Mlocked:            5552 kB
SwapTotal:       3145724 kB
SwapFree:        3145724 kB
Dirty:               312 kB
Writeback:             0 kB
AnonPages:       1247932 kB
Mapped:           851076 kB
Shmem:             26392 kB
KReclaimable:     704968 kB
Slab:             224312 kB
SReclaimable:      79700 kB
SUnreclaim:       144612 kB
KernelStack:       46384 kB
PageTables:        62636 kB
NFS_Unstable:          0 kB
Bounce:                0 kB
WritebackTmp:          0 kB
CommitLimit:     9202288 kB
Committed_AS:   65979924 kB
VmallocTotal:   263061440 kB
VmallocUsed:      103372 kB
VmallocChunk:          0 kB
Percpu:             7648 kB
CmaTotal:         294912 kB
CmaFree:               0 kB
MemTotal:       12113132 kB
MemFree:         6419512 kB
MemAvailable:    8111724 kB
Buffers:            5768 kB
Cached:          1881092 kB
SwapCached:            0 kB
Active:          1493300 kB
Inactive:        1636596 kB
Active(anon):    1249480 kB
Inactive(anon):    24468 kB
Active(file):     243820 kB
Inactive(file):  1612128 kB
Unevictable:        5552 kB
Mlocked:            5552 kB
SwapTotal:       3145724 kB
SwapFree:        3145724 kB
Dirty:               340 kB
Writeback:             0 kB
AnonPages:       1248800 kB
Mapped:           851096 kB
Shmem:             26412 kB
KReclaimable:     704968 kB
Slab:             224312 kB
SReclaimable:      79700 kB
SUnreclaim:       144612 kB
KernelStack:       46384 kB
PageTables:        62636 kB
NFS_Unstable:          0 kB
Bounce:                0 kB
WritebackTmp:          0 kB
CommitLimit:     9202288 kB
Committed_AS:   65979828 kB
VmallocTotal:   263061440 kB
VmallocUsed:      103388 kB
VmallocChunk:          0 kB
Percpu:             7648 kB
CmaTotal:         294912 kB
CmaFree:               0 kB
MemTotal:       12113132 kB
MemFree:         6419680 kB
MemAvailable:    8111920 kB
Buffers:            5768 kB
Cached:          1881120 kB
SwapCached:            0 kB
Active:          1494196 kB
Inactive:        1636624 kB
Active(anon):    1250376 kB
Inactive(anon):    24468 kB
Active(file):     243820 kB
Inactive(file):  1612156 kB
Unevictable:        5552 kB
Mlocked:            5552 kB
SwapTotal:       3145724 kB
SwapFree:        3145724 kB
Dirty:               432 kB
Writeback:             0 kB
AnonPages:       1249536 kB
Mapped:           851096 kB
Shmem:             26412 kB
KReclaimable:     704968 kB
Slab:             224312 kB
SReclaimable:      79700 kB
SUnreclaim:       144612 kB
KernelStack:       46384 kB
PageTables:        62640 kB
NFS_Unstable:          0 kB
Bounce:                0 kB
WritebackTmp:          0 kB
CommitLimit:     9202288 kB
Committed_AS:   65979520 kB
VmallocTotal:   263061440 kB
VmallocUsed:      103356 kB
VmallocChunk:          0 kB
Percpu:             7648 kB
CmaTotal:         294912 kB
CmaFree:               0 kB
MemTotal:       12113132 kB
MemFree:         6431144 kB
MemAvailable:    8123388 kB
Buffers:            5768 kB
Cached:          1881124 kB
SwapCached:            0 kB
Active:          1482352 kB
Inactive:        1636632 kB
Active(anon):    1238536 kB
Inactive(anon):    24468 kB
Active(file):     243816 kB
Inactive(file):  1612164 kB
Unevictable:        5552 kB
Mlocked:            5552 kB
SwapTotal:       3145724 kB
SwapFree:        3145724 kB
Dirty:               316 kB
Writeback:             0 kB
AnonPages:       1237792 kB
Mapped:           851096 kB
Shmem:             26412 kB
KReclaimable:     704968 kB
Slab:             224280 kB
SReclaimable:      79700 kB
SUnreclaim:       144580 kB
KernelStack:       46368 kB
PageTables:        62656 kB
NFS_Unstable:          0 kB
Bounce:                0 kB
WritebackTmp:          0 kB
CommitLimit:     9202288 kB
Committed_AS:   65973468 kB
VmallocTotal:   263061440 kB
VmallocUsed:      103404 kB
VmallocChunk:          0 kB
Percpu:             7648 kB
CmaTotal:         294912 kB
CmaFree:             132 kB
MemTotal:       12113132 kB
MemFree:         6430056 kB
MemAvailable:    8122320 kB
Buffers:            5768 kB
Cached:          1881144 kB
SwapCached:            0 kB
Active:          1483048 kB
Inactive:        1636648 kB
Active(anon):    1239228 kB
Inactive(anon):    24468 kB
Active(file):     243820 kB
Inactive(file):  1612180 kB
Unevictable:        5552 kB
Mlocked:            5552 kB
SwapTotal:       3145724 kB
SwapFree:        3145724 kB
Dirty:               336 kB
Writeback:             0 kB
AnonPages:       1238336 kB
Mapped:           851096 kB
Shmem:             26412 kB
KReclaimable:     704968 kB
Slab:             224280 kB
SReclaimable:      79700 kB
SUnreclaim:       144580 kB
KernelStack:       46368 kB
PageTables:        62636 kB
NFS_Unstable:          0 kB
Bounce:                0 kB
WritebackTmp:          0 kB
CommitLimit:     9202288 kB
Committed_AS:   65975852 kB
VmallocTotal:   263061440 kB
VmallocUsed:      103372 kB
VmallocChunk:          0 kB
Percpu:             7648 kB
CmaTotal:         294912 kB
CmaFree:               0 kB
MemTotal:       12113132 kB
MemFree:         6431324 kB
MemAvailable:    8123592 kB
Buffers:            5768 kB
Cached:          1881148 kB
SwapCached:            0 kB
Active:          1483112 kB
Inactive:        1636652 kB
Active(anon):    1239292 kB
Inactive(anon):    24468 kB
Active(file):     243820 kB
Inactive(file):  1612184 kB
Unevictable:        5552 kB
Mlocked:            5552 kB
SwapTotal:       3145724 kB
SwapFree:        3145724 kB
Dirty:               364 kB
Writeback:             0 kB
AnonPages:       1238388 kB
Mapped:           851096 kB
Shmem:             26412 kB
KReclaimable:     704968 kB
Slab:             224272 kB
SReclaimable:      79700 kB
SUnreclaim:       144572 kB
KernelStack:       46384 kB
PageTables:        62776 kB
NFS_Unstable:          0 kB
Bounce:                0 kB
WritebackTmp:          0 kB
CommitLimit:     9202288 kB
Committed_AS:   65975104 kB
VmallocTotal:   263061440 kB
VmallocUsed:      103356 kB
VmallocChunk:          0 kB
Percpu:             7648 kB
CmaTotal:         294912 kB
CmaFree:               0 kB
MemTotal:       12113132 kB
MemFree:         6430340 kB
MemAvailable:    8122628 kB
Buffers:            5768 kB
Cached:          1881168 kB
SwapCached:            0 kB
Active:          1483364 kB
Inactive:        1636672 kB
Active(anon):    1239544 kB
Inactive(anon):    24468 kB
Active(file):     243820 kB
Inactive(file):  1612204 kB
Unevictable:        5552 kB
Mlocked:            5552 kB
SwapTotal:       3145724 kB
SwapFree:        3145724 kB
Dirty:               384 kB
Writeback:             0 kB
AnonPages:       1238848 kB
Mapped:           851144 kB
Shmem:             26412 kB
KReclaimable:     704968 kB
Slab:             224272 kB
SReclaimable:      79700 kB
SUnreclaim:       144572 kB
KernelStack:       46352 kB
PageTables:        62600 kB
NFS_Unstable:          0 kB
Bounce:                0 kB
WritebackTmp:          0 kB
CommitLimit:     9202288 kB
Committed_AS:   65975276 kB
VmallocTotal:   263061440 kB
VmallocUsed:      103340 kB
VmallocChunk:          0 kB
Percpu:             7648 kB
CmaTotal:         294912 kB
CmaFree:               0 kB
MemTotal:       12113132 kB
MemFree:         6430992 kB
MemAvailable:    8123292 kB
Buffers:            5768 kB
Cached:          1881180 kB
SwapCached:            0 kB
Active:          1483208 kB
Inactive:        1636684 kB
Active(anon):    1239388 kB
Inactive(anon):    24468 kB
Active(file):     243820 kB
Inactive(file):  1612216 kB
Unevictable:        5552 kB
Mlocked:            5552 kB
SwapTotal:       3145724 kB
SwapFree:        3145724 kB
Dirty:               396 kB
Writeback:             0 kB
AnonPages:       1238764 kB
Mapped:           851096 kB
Shmem:             26412 kB
KReclaimable:     704968 kB
Slab:             224280 kB
SReclaimable:      79700 kB
SUnreclaim:       144580 kB
KernelStack:       46352 kB
PageTables:        62644 kB
NFS_Unstable:          0 kB
Bounce:                0 kB
WritebackTmp:          0 kB
CommitLimit:     9202288 kB
Committed_AS:   65969564 kB
VmallocTotal:   263061440 kB
VmallocUsed:      103372 kB
VmallocChunk:          0 kB
Percpu:             7648 kB
CmaTotal:         294912 kB
CmaFree:              20 kB
MemTotal:       12113132 kB
MemFree:         6430864 kB
MemAvailable:    8123184 kB
Buffers:            5772 kB
Cached:          1881196 kB
SwapCached:            0 kB
Active:          1483952 kB
Inactive:        1636704 kB
Active(anon):    1240132 kB
Inactive(anon):    24468 kB
Active(file):     243820 kB
Inactive(file):  1612236 kB
Unevictable:        5552 kB
Mlocked:            5552 kB
SwapTotal:       3145724 kB
SwapFree:        3145724 kB
Dirty:               392 kB
Writeback:             0 kB
AnonPages:       1239560 kB
Mapped:           851096 kB
Shmem:             26412 kB
KReclaimable:     704968 kB
Slab:             224272 kB
SReclaimable:      79700 kB
SUnreclaim:       144572 kB
KernelStack:       46352 kB
PageTables:        62644 kB
NFS_Unstable:          0 kB
Bounce:                0 kB
WritebackTmp:          0 kB
CommitLimit:     9202288 kB
Committed_AS:   65969716 kB
VmallocTotal:   263061440 kB
VmallocUsed:      103340 kB
VmallocChunk:          0 kB
Percpu:             7648 kB
CmaTotal:         294912 kB
CmaFree:               0 kB
MemTotal:       12113132 kB
MemFree:         6428960 kB
MemAvailable:    8121296 kB
Buffers:            5772 kB
Cached:          1881212 kB
SwapCached:            0 kB
Active:          1484628 kB
Inactive:        1636716 kB
Active(anon):    1240804 kB
Inactive(anon):    24468 kB
Active(file):     243824 kB
Inactive(file):  1612248 kB
Unevictable:        5552 kB
Mlocked:            5552 kB
SwapTotal:       3145724 kB
SwapFree:        3145724 kB
Dirty:               408 kB
Writeback:             0 kB
AnonPages:       1240024 kB
Mapped:           851096 kB
Shmem:             26412 kB
KReclaimable:     704968 kB
Slab:             224280 kB
SReclaimable:      79700 kB
SUnreclaim:       144580 kB
KernelStack:       46336 kB
PageTables:        62596 kB
NFS_Unstable:          0 kB
Bounce:                0 kB
WritebackTmp:          0 kB
CommitLimit:     9202288 kB
Committed_AS:   65974676 kB
VmallocTotal:   263061440 kB
VmallocUsed:      103308 kB
VmallocChunk:          0 kB
Percpu:             7648 kB
CmaTotal:         294912 kB
CmaFree:               0 kB
MemTotal:       12113132 kB
MemFree:         6429392 kB
MemAvailable:    8121736 kB
Buffers:            5772 kB
Cached:          1881220 kB
SwapCached:            0 kB
Active:          1485128 kB
Inactive:        1636724 kB
Active(anon):    1241304 kB
Inactive(anon):    24468 kB
Active(file):     243824 kB
Inactive(file):  1612256 kB
Unevictable:        5552 kB
Mlocked:            5552 kB
SwapTotal:       3145724 kB
SwapFree:        3145724 kB
Dirty:               416 kB
Writeback:             0 kB
AnonPages:       1240448 kB
Mapped:           851096 kB
Shmem:             26412 kB
KReclaimable:     704968 kB
Slab:             224272 kB
SReclaimable:      79700 kB
SUnreclaim:       144572 kB
KernelStack:       46352 kB
PageTables:        62636 kB
NFS_Unstable:          0 kB
Bounce:                0 kB
WritebackTmp:          0 kB
CommitLimit:     9202288 kB
Committed_AS:   65974192 kB
VmallocTotal:   263061440 kB
VmallocUsed:      103340 kB
VmallocChunk:          0 kB
Percpu:             7648 kB
CmaTotal:         294912 kB
CmaFree:               0 kB
MemTotal:       12113132 kB
MemFree:         6430436 kB
MemAvailable:    8122800 kB
Buffers:            5772 kB
Cached:          1881240 kB
SwapCached:            0 kB
Active:          1485992 kB
Inactive:        1636744 kB
Active(anon):    1242168 kB
Inactive(anon):    24468 kB
Active(file):     243824 kB
Inactive(file):  1612276 kB
Unevictable:        5552 kB
Mlocked:            5552 kB
SwapTotal:       3145724 kB
SwapFree:        3145724 kB
Dirty:               448 kB
Writeback:             0 kB
AnonPages:       1241364 kB
Mapped:           851096 kB
Shmem:             26412 kB
KReclaimable:     704968 kB
Slab:             224272 kB
SReclaimable:      79700 kB
SUnreclaim:       144572 kB
KernelStack:       46352 kB
PageTables:        62652 kB
NFS_Unstable:          0 kB
Bounce:                0 kB
WritebackTmp:          0 kB
CommitLimit:     9202288 kB
Committed_AS:   65974304 kB
VmallocTotal:   263061440 kB
VmallocUsed:      103324 kB
VmallocChunk:          0 kB
Percpu:             7648 kB
CmaTotal:         294912 kB
CmaFree:               0 kB
MemTotal:       12113132 kB
MemFree:         6430012 kB
MemAvailable:    8122380 kB
Buffers:            5772 kB
Cached:          1881244 kB
SwapCached:            0 kB
Active:          1486484 kB
Inactive:        1636748 kB
Active(anon):    1242660 kB
Inactive(anon):    24468 kB
Active(file):     243824 kB
Inactive(file):  1612280 kB
Unevictable:        5552 kB
Mlocked:            5552 kB
SwapTotal:       3145724 kB
SwapFree:        3145724 kB
Dirty:               452 kB
Writeback:             0 kB
AnonPages:       1242308 kB
Mapped:           851096 kB
Shmem:             26412 kB
KReclaimable:     704968 kB
Slab:             224272 kB
SReclaimable:      79700 kB
SUnreclaim:       144572 kB
KernelStack:       46352 kB
PageTables:        62636 kB
NFS_Unstable:          0 kB
Bounce:                0 kB
WritebackTmp:          0 kB
CommitLimit:     9202288 kB
Committed_AS:   65973980 kB
VmallocTotal:   263061440 kB
VmallocUsed:      103308 kB
VmallocChunk:          0 kB
Percpu:             7648 kB
CmaTotal:         294912 kB
CmaFree:               0 kB
MemTotal:       12113132 kB
MemFree:         6428592 kB
MemAvailable:    8121040 kB
Buffers:            5772 kB
Cached:          1881260 kB
SwapCached:            0 kB
Active:          1486916 kB
Inactive:        1636764 kB
Active(anon):    1243092 kB
Inactive(anon):    24468 kB
Active(file):     243824 kB
Inactive(file):  1612296 kB
Unevictable:        5552 kB
Mlocked:            5552 kB
SwapTotal:       3145724 kB
SwapFree:        3145724 kB
Dirty:               468 kB
Writeback:             0 kB
AnonPages:       1242388 kB
Mapped:           851096 kB
Shmem:             26412 kB
KReclaimable:     704968 kB
Slab:             224272 kB
SReclaimable:      79700 kB
SUnreclaim:       144572 kB
KernelStack:       46352 kB
PageTables:        62640 kB
NFS_Unstable:          0 kB
Bounce:                0 kB
WritebackTmp:          0 kB
CommitLimit:     9202288 kB
Committed_AS:   65973672 kB
VmallocTotal:   263061440 kB
VmallocUsed:      103324 kB
VmallocChunk:          0 kB
Percpu:             7648 kB
CmaTotal:         294912 kB
CmaFree:               0 kB
MemTotal:       12113132 kB
MemFree:         6428092 kB
MemAvailable:    8120496 kB
Buffers:            5772 kB
Cached:          1881280 kB
SwapCached:            0 kB
Active:          1487848 kB
Inactive:        1636780 kB
Active(anon):    1244020 kB
Inactive(anon):    24468 kB
Active(file):     243828 kB
Inactive(file):  1612312 kB
Unevictable:        5552 kB
Mlocked:            5552 kB
SwapTotal:       3145724 kB
SwapFree:        3145724 kB
Dirty:               508 kB
Writeback:             0 kB
AnonPages:       1243200 kB
Mapped:           851096 kB
Shmem:             26412 kB
KReclaimable:     704968 kB
Slab:             224272 kB
SReclaimable:      79700 kB
SUnreclaim:       144572 kB
KernelStack:       46320 kB
PageTables:        62640 kB
NFS_Unstable:          0 kB
Bounce:                0 kB
WritebackTmp:          0 kB
CommitLimit:     9202288 kB
Committed_AS:   65974068 kB
VmallocTotal:   263061440 kB
VmallocUsed:      103324 kB
VmallocChunk:          0 kB
Percpu:             7648 kB
CmaTotal:         294912 kB
CmaFree:               0 kB
MemTotal:       12113132 kB
MemFree:         6420716 kB
MemAvailable:    8113124 kB
Buffers:            5772 kB
Cached:          1881284 kB
SwapCached:            0 kB
Active:          1495708 kB
Inactive:        1636788 kB
Active(anon):    1251884 kB
Inactive(anon):    24468 kB
Active(file):     243824 kB
Inactive(file):  1612320 kB
Unevictable:        5552 kB
Mlocked:            5552 kB
SwapTotal:       3145724 kB
SwapFree:        3145724 kB
Dirty:               516 kB
Writeback:             0 kB
AnonPages:       1251020 kB
Mapped:           851096 kB
Shmem:             26412 kB
KReclaimable:     704968 kB
Slab:             224272 kB
SReclaimable:      79700 kB
SUnreclaim:       144572 kB
KernelStack:       46320 kB
PageTables:        62636 kB
NFS_Unstable:          0 kB
Bounce:                0 kB
WritebackTmp:          0 kB
CommitLimit:     9202288 kB
Committed_AS:   65974544 kB
VmallocTotal:   263061440 kB
VmallocUsed:      103308 kB
VmallocChunk:          0 kB
Percpu:             7648 kB
CmaTotal:         294912 kB
CmaFree:               0 kB
MemTotal:       12113132 kB
MemFree:         6426472 kB
MemAvailable:    8118892 kB
Buffers:            5772 kB
Cached:          1881296 kB
SwapCached:            0 kB
Active:          1488960 kB
Inactive:        1636800 kB
Active(anon):    1245136 kB
Inactive(anon):    24468 kB
Active(file):     243824 kB
Inactive(file):  1612332 kB
Unevictable:        5552 kB
Mlocked:            5552 kB
SwapTotal:       3145724 kB
SwapFree:        3145724 kB
Dirty:               532 kB
Writeback:             0 kB
AnonPages:       1244352 kB
Mapped:           851096 kB
Shmem:             26412 kB
KReclaimable:     704968 kB
Slab:             224272 kB
SReclaimable:      79700 kB
SUnreclaim:       144572 kB
KernelStack:       46320 kB
PageTables:        62636 kB
NFS_Unstable:          0 kB
Bounce:                0 kB
WritebackTmp:          0 kB
CommitLimit:     9202288 kB
Committed_AS:   65974324 kB
VmallocTotal:   263061440 kB
VmallocUsed:      103340 kB
VmallocChunk:          0 kB
Percpu:             7648 kB
CmaTotal:         294912 kB
CmaFree:               0 kB
MemTotal:       12113132 kB
MemFree:         6425368 kB
MemAvailable:    8117808 kB
Buffers:            5772 kB
Cached:          1881316 kB
SwapCached:            0 kB
Active:          1488916 kB
Inactive:        1636820 kB
Active(anon):    1245092 kB
Inactive(anon):    24468 kB
Active(file):     243824 kB
Inactive(file):  1612352 kB
Unevictable:        5552 kB
Mlocked:            5552 kB
SwapTotal:       3145724 kB
SwapFree:        3145724 kB
Dirty:               320 kB
Writeback:             0 kB
AnonPages:       1244436 kB
Mapped:           851096 kB
Shmem:             26412 kB
KReclaimable:     704968 kB
Slab:             224264 kB
SReclaimable:      79700 kB
SUnreclaim:       144564 kB
KernelStack:       46320 kB
PageTables:        62640 kB
NFS_Unstable:          0 kB
Bounce:                0 kB
WritebackTmp:          0 kB
CommitLimit:     9202288 kB
Committed_AS:   65983040 kB
VmallocTotal:   263061440 kB
VmallocUsed:      103340 kB
VmallocChunk:          0 kB
Percpu:             7648 kB
CmaTotal:         294912 kB
CmaFree:               0 kB
MemTotal:       12113132 kB
MemFree:         6424720 kB
MemAvailable:    8117172 kB
Buffers:            5772 kB
Cached:          1881328 kB
SwapCached:            0 kB
Active:          1490324 kB
Inactive:        1636832 kB
Active(anon):    1246500 kB
Inactive(anon):    24468 kB
Active(file):     243824 kB
Inactive(file):  1612364 kB
Unevictable:        5552 kB
Mlocked:            5552 kB
SwapTotal:       3145724 kB
SwapFree:        3145724 kB
Dirty:               296 kB
Writeback:             0 kB
AnonPages:       1245664 kB
Mapped:           851096 kB
Shmem:             26412 kB
KReclaimable:     704968 kB
Slab:             224280 kB
SReclaimable:      79700 kB
SUnreclaim:       144580 kB
KernelStack:       46320 kB
PageTables:        62636 kB
NFS_Unstable:          0 kB
Bounce:                0 kB
WritebackTmp:          0 kB
CommitLimit:     9202288 kB
Committed_AS:   65978520 kB
VmallocTotal:   263061440 kB
VmallocUsed:      103340 kB
VmallocChunk:          0 kB
Percpu:             7648 kB
CmaTotal:         294912 kB
CmaFree:               0 kB
MemTotal:       12113132 kB
MemFree:         6424192 kB
MemAvailable:    8116660 kB
Buffers:            5772 kB
Cached:          1881344 kB
SwapCached:            0 kB
Active:          1490816 kB
Inactive:        1636848 kB
Active(anon):    1246992 kB
Inactive(anon):    24468 kB
Active(file):     243824 kB
Inactive(file):  1612380 kB
Unevictable:        5552 kB
Mlocked:            5552 kB
SwapTotal:       3145724 kB
SwapFree:        3145724 kB
Dirty:               312 kB
Writeback:             0 kB
AnonPages:       1246108 kB
Mapped:           851096 kB
Shmem:             26412 kB
KReclaimable:     704968 kB
Slab:             224280 kB
SReclaimable:      79700 kB
SUnreclaim:       144580 kB
KernelStack:       46320 kB
PageTables:        62636 kB
NFS_Unstable:          0 kB
Bounce:                0 kB
WritebackTmp:          0 kB
CommitLimit:     9202288 kB
Committed_AS:   65983532 kB
VmallocTotal:   263061440 kB
VmallocUsed:      103340 kB
VmallocChunk:          0 kB
Percpu:             7648 kB
CmaTotal:         294912 kB
CmaFree:               0 kB
MemTotal:       12113132 kB
MemFree:         6424272 kB
MemAvailable:    8116748 kB
Buffers:            5772 kB
Cached:          1881352 kB
SwapCached:            0 kB
Active:          1491756 kB
Inactive:        1636856 kB
Active(anon):    1247932 kB
Inactive(anon):    24468 kB
Active(file):     243824 kB
Inactive(file):  1612388 kB
Unevictable:        5552 kB
Mlocked:            5552 kB
SwapTotal:       3145724 kB
SwapFree:        3145724 kB
Dirty:               364 kB
Writeback:             0 kB
AnonPages:       1247116 kB
Mapped:           851096 kB
Shmem:             26412 kB
KReclaimable:     704968 kB
Slab:             224280 kB
SReclaimable:      79700 kB
SUnreclaim:       144580 kB
KernelStack:       46320 kB
PageTables:        62636 kB
NFS_Unstable:          0 kB
Bounce:                0 kB
WritebackTmp:          0 kB
CommitLimit:     9202288 kB
Committed_AS:   65983044 kB
VmallocTotal:   263061440 kB
VmallocUsed:      103324 kB
VmallocChunk:          0 kB
Percpu:             7648 kB
CmaTotal:         294912 kB
CmaFree:               0 kB
MemTotal:       12113132 kB
MemFree:         6422564 kB
MemAvailable:    8115056 kB
Buffers:            5772 kB
Cached:          1881368 kB
SwapCached:            0 kB
Active:          1491956 kB
Inactive:        1636872 kB
Active(anon):    1248132 kB
Inactive(anon):    24468 kB
Active(file):     243824 kB
Inactive(file):  1612404 kB
Unevictable:        5552 kB
Mlocked:            5552 kB
SwapTotal:       3145724 kB
SwapFree:        3145724 kB
Dirty:               380 kB
Writeback:             0 kB
AnonPages:       1247224 kB
Mapped:           851096 kB
Shmem:             26412 kB
KReclaimable:     704968 kB
Slab:             224280 kB
SReclaimable:      79700 kB
SUnreclaim:       144580 kB
KernelStack:       46320 kB
PageTables:        62636 kB
NFS_Unstable:          0 kB
Bounce:                0 kB
WritebackTmp:          0 kB
CommitLimit:     9202288 kB
Committed_AS:   65979412 kB
VmallocTotal:   263061440 kB
VmallocUsed:      103340 kB
VmallocChunk:          0 kB
Percpu:             7648 kB
CmaTotal:         294912 kB
CmaFree:               0 kB
MemTotal:       12113132 kB
MemFree:         6421776 kB
MemAvailable:    8114280 kB
Buffers:            5772 kB
Cached:          1881380 kB
SwapCached:            0 kB
Active:          1492372 kB
Inactive:        1636884 kB
Active(anon):    1248548 kB
Inactive(anon):    24468 kB
Active(file):     243824 kB
Inactive(file):  1612416 kB
Unevictable:        5552 kB
Mlocked:            5552 kB
SwapTotal:       3145724 kB
SwapFree:        3145724 kB
Dirty:               392 kB
Writeback:             0 kB
AnonPages:       1247384 kB
Mapped:           851152 kB
Shmem:             26412 kB
KReclaimable:     704968 kB
Slab:             224280 kB
SReclaimable:      79700 kB
SUnreclaim:       144580 kB
KernelStack:       46320 kB
PageTables:        62640 kB
NFS_Unstable:          0 kB
Bounce:                0 kB
WritebackTmp:          0 kB
CommitLimit:     9202288 kB
Committed_AS:   65980016 kB
VmallocTotal:   263061440 kB
VmallocUsed:      103372 kB
VmallocChunk:          0 kB
Percpu:             7648 kB
CmaTotal:         294912 kB
CmaFree:               0 kB
MemTotal:       12113132 kB
MemFree:         6421056 kB
MemAvailable:    8113600 kB
Buffers:            5780 kB
Cached:          1881412 kB
SwapCached:            0 kB
Active:          1493436 kB
Inactive:        1636916 kB
Active(anon):    1249604 kB
Inactive(anon):    24468 kB
Active(file):     243832 kB
Inactive(file):  1612448 kB
Unevictable:        5552 kB
Mlocked:            5552 kB
SwapTotal:       3145724 kB
SwapFree:        3145724 kB
Dirty:               360 kB
Writeback:             0 kB
AnonPages:       1248592 kB
Mapped:           851144 kB
Shmem:             26412 kB
KReclaimable:     704968 kB
Slab:             224280 kB
SReclaimable:      79700 kB
SUnreclaim:       144580 kB
KernelStack:       46272 kB
PageTables:        62644 kB
NFS_Unstable:          0 kB
Bounce:                0 kB
WritebackTmp:          0 kB
CommitLimit:     9202288 kB
Committed_AS:   65979532 kB
VmallocTotal:   263061440 kB
VmallocUsed:      103324 kB
VmallocChunk:          0 kB
Percpu:             7648 kB
CmaTotal:         294912 kB
CmaFree:               0 kB
MemTotal:       12113132 kB
MemFree:         6423992 kB
MemAvailable:    8116544 kB
Buffers:            5780 kB
Cached:          1881420 kB
SwapCached:            0 kB
Active:          1488932 kB
Inactive:        1636924 kB
Active(anon):    1245100 kB
Inactive(anon):    24468 kB
Active(file):     243832 kB
Inactive(file):  1612456 kB
Unevictable:        5552 kB
Mlocked:            5552 kB
SwapTotal:       3145724 kB
SwapFree:        3145724 kB
Dirty:               384 kB
Writeback:             0 kB
AnonPages:       1244240 kB
Mapped:           851144 kB
Shmem:             26412 kB
KReclaimable:     704968 kB
Slab:             224280 kB
SReclaimable:      79700 kB
SUnreclaim:       144580 kB
KernelStack:       46272 kB
PageTables:        62636 kB
NFS_Unstable:          0 kB
Bounce:                0 kB
WritebackTmp:          0 kB
CommitLimit:     9202288 kB
Committed_AS:   65979644 kB
VmallocTotal:   263061440 kB
VmallocUsed:      103292 kB
VmallocChunk:          0 kB
Percpu:             7648 kB
CmaTotal:         294912 kB
CmaFree:               0 kB
MemTotal:       12113132 kB
MemFree:         6423964 kB
MemAvailable:    8116528 kB
Buffers:            5780 kB
Cached:          1881432 kB
SwapCached:            0 kB
Active:          1489612 kB
Inactive:        1636940 kB
Active(anon):    1245784 kB
Inactive(anon):    24468 kB
Active(file):     243828 kB
Inactive(file):  1612472 kB
Unevictable:        5552 kB
Mlocked:            5552 kB
SwapTotal:       3145724 kB
SwapFree:        3145724 kB
Dirty:               396 kB
Writeback:             0 kB
AnonPages:       1244908 kB
Mapped:           851144 kB
Shmem:             26412 kB
KReclaimable:     704968 kB
Slab:             224280 kB
SReclaimable:      79700 kB
SUnreclaim:       144580 kB
KernelStack:       46272 kB
PageTables:        62648 kB
NFS_Unstable:          0 kB
Bounce:                0 kB
WritebackTmp:          0 kB
CommitLimit:     9202288 kB
Committed_AS:   65979788 kB
VmallocTotal:   263061440 kB
VmallocUsed:      103260 kB
VmallocChunk:          0 kB
Percpu:             7648 kB
CmaTotal:         294912 kB
CmaFree:               0 kB
MemTotal:       12113132 kB
MemFree:         6422280 kB
MemAvailable:    8114860 kB
Buffers:            5780 kB
Cached:          1881448 kB
SwapCached:            0 kB
Active:          1490340 kB
Inactive:        1636952 kB
Active(anon):    1246508 kB
Inactive(anon):    24468 kB
Active(file):     243832 kB
Inactive(file):  1612484 kB
Unevictable:        5552 kB
Mlocked:            5552 kB
SwapTotal:       3145724 kB
SwapFree:        3145724 kB
Dirty:               424 kB
Writeback:             0 kB
AnonPages:       1245848 kB
Mapped:           851144 kB
Shmem:             26412 kB
KReclaimable:     704968 kB
Slab:             224280 kB
SReclaimable:      79700 kB
SUnreclaim:       144580 kB
KernelStack:       46272 kB
PageTables:        62644 kB
NFS_Unstable:          0 kB
Bounce:                0 kB
WritebackTmp:          0 kB
CommitLimit:     9202288 kB
Committed_AS:   65979788 kB
VmallocTotal:   263061440 kB
VmallocUsed:      103260 kB
VmallocChunk:          0 kB
Percpu:             7648 kB
CmaTotal:         294912 kB
CmaFree:               0 kB
MemTotal:       12113132 kB
MemFree:         6423068 kB
MemAvailable:    8115656 kB
Buffers:            5780 kB
Cached:          1881456 kB
SwapCached:            0 kB
Active:          1491016 kB
Inactive:        1636960 kB
Active(anon):    1247184 kB
Inactive(anon):    24468 kB
Active(file):     243832 kB
Inactive(file):  1612492 kB
Unevictable:        5552 kB
Mlocked:            5552 kB
SwapTotal:       3145724 kB
SwapFree:        3145724 kB
Dirty:               432 kB
Writeback:             0 kB
AnonPages:       1246208 kB
Mapped:           851144 kB
Shmem:             26412 kB
KReclaimable:     704968 kB
Slab:             224280 kB
SReclaimable:      79700 kB
SUnreclaim:       144580 kB
KernelStack:       46240 kB
PageTables:        62644 kB
NFS_Unstable:          0 kB
Bounce:                0 kB
WritebackTmp:          0 kB
CommitLimit:     9202288 kB
Committed_AS:   65974476 kB
VmallocTotal:   263061440 kB
VmallocUsed:      103276 kB
VmallocChunk:          0 kB
Percpu:             7648 kB
CmaTotal:         294912 kB
CmaFree:               0 kB
MemTotal:       12113132 kB
MemFree:         6422740 kB
MemAvailable:    8115336 kB
Buffers:            5780 kB
Cached:          1881464 kB
SwapCached:            0 kB
Active:          1491912 kB
Inactive:        1636968 kB
Active(anon):    1248080 kB
Inactive(anon):    24468 kB
Active(file):     243832 kB
Inactive(file):  1612500 kB
Unevictable:        5552 kB
Mlocked:            5552 kB
SwapTotal:       3145724 kB
SwapFree:        3145724 kB
Dirty:               440 kB
Writeback:             0 kB
AnonPages:       1247460 kB
Mapped:           851144 kB
Shmem:             26412 kB
KReclaimable:     704968 kB
Slab:             224280 kB
SReclaimable:      79700 kB
SUnreclaim:       144580 kB
KernelStack:       46208 kB
PageTables:        62636 kB
NFS_Unstable:          0 kB
Bounce:                0 kB
WritebackTmp:          0 kB
CommitLimit:     9202288 kB
Committed_AS:   65974532 kB
VmallocTotal:   263061440 kB
VmallocUsed:      103260 kB
VmallocChunk:          0 kB
Percpu:             7648 kB
CmaTotal:         294912 kB
CmaFree:               0 kB
MemTotal:       12113132 kB
MemFree:         6422364 kB
MemAvailable:    8114980 kB
Buffers:            5780 kB
Cached:          1881484 kB
SwapCached:            0 kB
Active:          1492428 kB
Inactive:        1636988 kB
Active(anon):    1248596 kB
Inactive(anon):    24468 kB
Active(file):     243832 kB
Inactive(file):  1612520 kB
Unevictable:        5552 kB
Mlocked:            5552 kB
SwapTotal:       3145724 kB
SwapFree:        3145724 kB
Dirty:               472 kB
Writeback:             0 kB
AnonPages:       1247520 kB
Mapped:           851144 kB
Shmem:             26412 kB
KReclaimable:     704968 kB
Slab:             224280 kB
SReclaimable:      79700 kB
SUnreclaim:       144580 kB
KernelStack:       46192 kB
PageTables:        62636 kB
NFS_Unstable:          0 kB
Bounce:                0 kB
WritebackTmp:          0 kB
CommitLimit:     9202288 kB
Committed_AS:   65974148 kB
VmallocTotal:   263061440 kB
VmallocUsed:      103260 kB
VmallocChunk:          0 kB
Percpu:             7648 kB
CmaTotal:         294912 kB
CmaFree:               0 kB
MemTotal:       12113132 kB
MemFree:         6420880 kB
MemAvailable:    8113500 kB
Buffers:            5780 kB
Cached:          1881488 kB
SwapCached:            0 kB
Active:          1493324 kB
Inactive:        1636992 kB
Active(anon):    1249492 kB
Inactive(anon):    24468 kB
Active(file):     243832 kB
Inactive(file):  1612524 kB
Unevictable:        5552 kB
Mlocked:            5552 kB
SwapTotal:       3145724 kB
SwapFree:        3145724 kB
Dirty:               480 kB
Writeback:             0 kB
AnonPages:       1248496 kB
Mapped:           851144 kB
Shmem:             26412 kB
KReclaimable:     704968 kB
Slab:             224280 kB
SReclaimable:      79700 kB
SUnreclaim:       144580 kB
KernelStack:       46208 kB
PageTables:        62764 kB
NFS_Unstable:          0 kB
Bounce:                0 kB
WritebackTmp:          0 kB
CommitLimit:     9202288 kB
Committed_AS:   65968624 kB
VmallocTotal:   263061440 kB
VmallocUsed:      103244 kB
VmallocChunk:          0 kB
Percpu:             7648 kB
CmaTotal:         294912 kB
CmaFree:               0 kB
MemTotal:       12113132 kB
MemFree:         6421272 kB
MemAvailable:    8113908 kB
Buffers:            5780 kB
Cached:          1881504 kB
SwapCached:            0 kB
Active:          1493496 kB
Inactive:        1637008 kB
Active(anon):    1249664 kB
Inactive(anon):    24468 kB
Active(file):     243832 kB
Inactive(file):  1612540 kB
Unevictable:        5552 kB
Mlocked:            5552 kB
SwapTotal:       3145724 kB
SwapFree:        3145724 kB
Dirty:               496 kB
Writeback:             0 kB
AnonPages:       1248876 kB
Mapped:           851144 kB
Shmem:             26412 kB
KReclaimable:     704968 kB
Slab:             224280 kB
SReclaimable:      79700 kB
SUnreclaim:       144580 kB
KernelStack:       46192 kB
PageTables:        62636 kB
NFS_Unstable:          0 kB
Bounce:                0 kB
WritebackTmp:          0 kB
CommitLimit:     9202288 kB
Committed_AS:   65967928 kB
VmallocTotal:   263061440 kB
VmallocUsed:      103196 kB
VmallocChunk:          0 kB
Percpu:             7648 kB
CmaTotal:         294912 kB
CmaFree:               0 kB
MemTotal:       12113132 kB
MemFree:         6453836 kB
MemAvailable:    8146488 kB
Buffers:            5780 kB
Cached:          1881520 kB
SwapCached:            0 kB
Active:          1458744 kB
Inactive:        1637024 kB
Active(anon):    1214912 kB
Inactive(anon):    24468 kB
Active(file):     243832 kB
Inactive(file):  1612556 kB
Unevictable:        5552 kB
Mlocked:            5552 kB
SwapTotal:       3145724 kB
SwapFree:        3145724 kB
Dirty:               568 kB
Writeback:             0 kB
AnonPages:       1214176 kB
Mapped:           851144 kB
Shmem:             26412 kB
KReclaimable:     704968 kB
Slab:             224280 kB
SReclaimable:      79700 kB
SUnreclaim:       144580 kB
KernelStack:       46192 kB
PageTables:        62644 kB
NFS_Unstable:          0 kB
Bounce:                0 kB
WritebackTmp:          0 kB
CommitLimit:     9202288 kB
Committed_AS:   65973024 kB
VmallocTotal:   263061440 kB
VmallocUsed:      103228 kB
VmallocChunk:          0 kB
Percpu:             7648 kB
CmaTotal:         294912 kB
CmaFree:              88 kB
MemTotal:       12113132 kB
MemFree:         6465224 kB
MemAvailable:    8157888 kB
Buffers:            5780 kB
Cached:          1881540 kB
SwapCached:            0 kB
Active:          1446860 kB
Inactive:        1637044 kB
Active(anon):    1203028 kB
Inactive(anon):    24476 kB
Active(file):     243832 kB
Inactive(file):  1612568 kB
Unevictable:        5552 kB
Mlocked:            5552 kB
SwapTotal:       3145724 kB
SwapFree:        3145724 kB
Dirty:               580 kB
Writeback:             0 kB
AnonPages:       1202480 kB
Mapped:           851152 kB
Shmem:             26420 kB
KReclaimable:     704968 kB
Slab:             224280 kB
SReclaimable:      79700 kB
SUnreclaim:       144580 kB
KernelStack:       46192 kB
PageTables:        62632 kB
NFS_Unstable:          0 kB
Bounce:                0 kB
WritebackTmp:          0 kB
CommitLimit:     9202288 kB
Committed_AS:   65973284 kB
VmallocTotal:   263061440 kB
VmallocUsed:      103196 kB
VmallocChunk:          0 kB
Percpu:             7648 kB
CmaTotal:         294912 kB
CmaFree:             256 kB
MemTotal:       12113132 kB
MemFree:         6465240 kB
MemAvailable:    8157912 kB
Buffers:            5780 kB
Cached:          1881548 kB
SwapCached:            0 kB
Active:          1447500 kB
Inactive:        1637052 kB
Active(anon):    1203668 kB
Inactive(anon):    24476 kB
Active(file):     243832 kB
Inactive(file):  1612576 kB
Unevictable:        5552 kB
Mlocked:            5552 kB
SwapTotal:       3145724 kB
SwapFree:        3145724 kB
Dirty:               588 kB
Writeback:             0 kB
AnonPages:       1202652 kB
Mapped:           851152 kB
Shmem:             26420 kB
KReclaimable:     704968 kB
Slab:             224280 kB
SReclaimable:      79700 kB
SUnreclaim:       144580 kB
KernelStack:       46192 kB
PageTables:        62644 kB
NFS_Unstable:          0 kB
Bounce:                0 kB
WritebackTmp:          0 kB
CommitLimit:     9202288 kB
Committed_AS:   65974752 kB
VmallocTotal:   263061440 kB
VmallocUsed:      103196 kB
VmallocChunk:          0 kB
Percpu:             7648 kB
CmaTotal:         294912 kB
CmaFree:               0 kB
MemTotal:       12113132 kB
MemFree:         6464792 kB
MemAvailable:    8157476 kB
Buffers:            5780 kB
Cached:          1881560 kB
SwapCached:            0 kB
Active:          1447992 kB
Inactive:        1637064 kB
Active(anon):    1204160 kB
Inactive(anon):    24476 kB
Active(file):     243832 kB
Inactive(file):  1612588 kB
Unevictable:        5552 kB
Mlocked:            5552 kB
SwapTotal:       3145724 kB
SwapFree:        3145724 kB
Dirty:               612 kB
Writeback:             0 kB
AnonPages:       1203304 kB
Mapped:           851152 kB
Shmem:             26420 kB
KReclaimable:     704968 kB
Slab:             224280 kB
SReclaimable:      79700 kB
SUnreclaim:       144580 kB
KernelStack:       46192 kB
PageTables:        62636 kB
NFS_Unstable:          0 kB
Bounce:                0 kB
WritebackTmp:          0 kB
CommitLimit:     9202288 kB
Committed_AS:   65970232 kB
VmallocTotal:   263061440 kB
VmallocUsed:      103212 kB
VmallocChunk:          0 kB
Percpu:             7648 kB
CmaTotal:         294912 kB
CmaFree:               0 kB
MemTotal:       12113132 kB
MemFree:         6464664 kB
MemAvailable:    8157360 kB
Buffers:            5780 kB
Cached:          1881572 kB
SwapCached:            0 kB
Active:          1449016 kB
Inactive:        1637076 kB
Active(anon):    1205184 kB
Inactive(anon):    24476 kB
Active(file):     243832 kB
Inactive(file):  1612600 kB
Unevictable:        5552 kB
Mlocked:            5552 kB
SwapTotal:       3145724 kB
SwapFree:        3145724 kB
Dirty:               680 kB
Writeback:             0 kB
AnonPages:       1204080 kB
Mapped:           851152 kB
Shmem:             26420 kB
KReclaimable:     704968 kB
Slab:             224264 kB
SReclaimable:      79700 kB
SUnreclaim:       144564 kB
KernelStack:       46192 kB
PageTables:        62648 kB
NFS_Unstable:          0 kB
Bounce:                0 kB
WritebackTmp:          0 kB
CommitLimit:     9202288 kB
Committed_AS:   65969632 kB
VmallocTotal:   263061440 kB
VmallocUsed:      103212 kB
VmallocChunk:          0 kB
Percpu:             7648 kB
CmaTotal:         294912 kB
CmaFree:               0 kB
MemTotal:       12113132 kB
MemFree:         6462896 kB
MemAvailable:    8155612 kB
Buffers:            5784 kB
Cached:          1881588 kB
SwapCached:            0 kB
Active:          1449284 kB
Inactive:        1637092 kB
Active(anon):    1205448 kB
Inactive(anon):    24480 kB
Active(file):     243836 kB
Inactive(file):  1612612 kB
Unevictable:        5552 kB
Mlocked:            5552 kB
SwapTotal:       3145724 kB
SwapFree:        3145724 kB
Dirty:               728 kB
Writeback:             0 kB
AnonPages:       1204468 kB
Mapped:           851048 kB
Shmem:             26424 kB
KReclaimable:     704972 kB
Slab:             224284 kB
SReclaimable:      79704 kB
SUnreclaim:       144580 kB
KernelStack:       46176 kB
PageTables:        62596 kB
NFS_Unstable:          0 kB
Bounce:                0 kB
WritebackTmp:          0 kB
CommitLimit:     9202288 kB
Committed_AS:   65969388 kB
VmallocTotal:   263061440 kB
VmallocUsed:      103244 kB
VmallocChunk:          0 kB
Percpu:             7648 kB
CmaTotal:         294912 kB
CmaFree:               0 kB
MemTotal:       12113132 kB
MemFree:         6463420 kB
MemAvailable:    8156164 kB
Buffers:            5784 kB
Cached:          1881616 kB
SwapCached:            0 kB
Active:          1449204 kB
Inactive:        1637120 kB
Active(anon):    1205368 kB
Inactive(anon):    24480 kB
Active(file):     243836 kB
Inactive(file):  1612640 kB
Unevictable:        5552 kB
Mlocked:            5552 kB
SwapTotal:       3145724 kB
SwapFree:        3145724 kB
Dirty:               692 kB
Writeback:             0 kB
AnonPages:       1204528 kB
Mapped:           851156 kB
Shmem:             26424 kB
KReclaimable:     704972 kB
Slab:             224284 kB
SReclaimable:      79704 kB
SUnreclaim:       144580 kB
KernelStack:       46192 kB
PageTables:        62632 kB
NFS_Unstable:          0 kB
Bounce:                0 kB
WritebackTmp:          0 kB
CommitLimit:     9202288 kB
Committed_AS:   65974284 kB
VmallocTotal:   263061440 kB
VmallocUsed:      103228 kB
VmallocChunk:          0 kB
Percpu:             7648 kB
CmaTotal:         294912 kB
CmaFree:               0 kB
MemTotal:       12113132 kB
MemFree:         6463072 kB
MemAvailable:    8155820 kB
Buffers:            5784 kB
Cached:          1881620 kB
SwapCached:            0 kB
Active:          1450104 kB
Inactive:        1637124 kB
Active(anon):    1206268 kB
Inactive(anon):    24480 kB
Active(file):     243836 kB
Inactive(file):  1612644 kB
Unevictable:        5552 kB
Mlocked:            5552 kB
SwapTotal:       3145724 kB
SwapFree:        3145724 kB
Dirty:               732 kB
Writeback:             0 kB
AnonPages:       1205504 kB
Mapped:           851156 kB
Shmem:             26424 kB
KReclaimable:     704972 kB
Slab:             224268 kB
SReclaimable:      79704 kB
SUnreclaim:       144564 kB
KernelStack:       46192 kB
PageTables:        62640 kB
NFS_Unstable:          0 kB
Bounce:                0 kB
WritebackTmp:          0 kB
CommitLimit:     9202288 kB
Committed_AS:   65973932 kB
VmallocTotal:   263061440 kB
VmallocUsed:      103212 kB
VmallocChunk:          0 kB
Percpu:             7648 kB
CmaTotal:         294912 kB
CmaFree:               0 kB
MemTotal:       12113132 kB
MemFree:         6463336 kB
MemAvailable:    8156100 kB
Buffers:            5784 kB
Cached:          1881636 kB
SwapCached:            0 kB
Active:          1450508 kB
Inactive:        1637140 kB
Active(anon):    1206672 kB
Inactive(anon):    24480 kB
Active(file):     243836 kB
Inactive(file):  1612660 kB
Unevictable:        5552 kB
Mlocked:            5552 kB
SwapTotal:       3145724 kB
SwapFree:        3145724 kB
Dirty:               748 kB
Writeback:             0 kB
AnonPages:       1205776 kB
Mapped:           851156 kB
Shmem:             26424 kB
KReclaimable:     704972 kB
Slab:             224268 kB
SReclaimable:      79704 kB
SUnreclaim:       144564 kB
KernelStack:       46192 kB
PageTables:        62632 kB
NFS_Unstable:          0 kB
Bounce:                0 kB
WritebackTmp:          0 kB
CommitLimit:     9202288 kB
Committed_AS:   65979372 kB
VmallocTotal:   263061440 kB
VmallocUsed:      103228 kB
VmallocChunk:          0 kB
Percpu:             7648 kB
CmaTotal:         294912 kB
CmaFree:               0 kB
MemTotal:       12113132 kB
MemFree:         6462244 kB
MemAvailable:    8155020 kB
Buffers:            5784 kB
Cached:          1881648 kB
SwapCached:            0 kB
Active:          1451408 kB
Inactive:        1637152 kB
Active(anon):    1207572 kB
Inactive(anon):    24480 kB
Active(file):     243836 kB
Inactive(file):  1612672 kB
Unevictable:        5552 kB
Mlocked:            5552 kB
SwapTotal:       3145724 kB
SwapFree:        3145724 kB
Dirty:               676 kB
Writeback:             0 kB
AnonPages:       1206728 kB
Mapped:           851156 kB
Shmem:             26424 kB
KReclaimable:     704972 kB
Slab:             224284 kB
SReclaimable:      79704 kB
SUnreclaim:       144580 kB
KernelStack:       46192 kB
PageTables:        62644 kB
NFS_Unstable:          0 kB
Bounce:                0 kB
WritebackTmp:          0 kB
CommitLimit:     9202288 kB
Committed_AS:   65979196 kB
VmallocTotal:   263061440 kB
VmallocUsed:      103228 kB
VmallocChunk:          0 kB
Percpu:             7648 kB
CmaTotal:         294912 kB
CmaFree:               0 kB
MemTotal:       12113132 kB
MemFree:         6461616 kB
MemAvailable:    8154404 kB
Buffers:            5784 kB
Cached:          1881660 kB
SwapCached:            0 kB
Active:          1451532 kB
Inactive:        1637164 kB
Active(anon):    1207696 kB
Inactive(anon):    24480 kB
Active(file):     243836 kB
Inactive(file):  1612684 kB
Unevictable:        5552 kB
Mlocked:            5552 kB
SwapTotal:       3145724 kB
SwapFree:        3145724 kB
Dirty:               696 kB
Writeback:             0 kB
AnonPages:       1206920 kB
Mapped:           851156 kB
Shmem:             26424 kB
KReclaimable:     704972 kB
Slab:             224276 kB
SReclaimable:      79704 kB
SUnreclaim:       144572 kB
KernelStack:       46192 kB
PageTables:        62640 kB
NFS_Unstable:          0 kB
Bounce:                0 kB
WritebackTmp:          0 kB
CommitLimit:     9202288 kB
Committed_AS:   65979208 kB
VmallocTotal:   263061440 kB
VmallocUsed:      103228 kB
VmallocChunk:          0 kB
Percpu:             7648 kB
CmaTotal:         294912 kB
CmaFree:               0 kB
MemTotal:       12113132 kB
MemFree:         6461172 kB
MemAvailable:    8153972 kB
Buffers:            5784 kB
Cached:          1881672 kB
SwapCached:            0 kB
Active:          1451632 kB
Inactive:        1637176 kB
Active(anon):    1207796 kB
Inactive(anon):    24480 kB
Active(file):     243836 kB
Inactive(file):  1612696 kB
Unevictable:        5552 kB
Mlocked:            5552 kB
SwapTotal:       3145724 kB
SwapFree:        3145724 kB
Dirty:               708 kB
Writeback:             0 kB
AnonPages:       1206928 kB
Mapped:           851416 kB
Shmem:             26424 kB
KReclaimable:     704972 kB
Slab:             224268 kB
SReclaimable:      79704 kB
SUnreclaim:       144564 kB
KernelStack:       46192 kB
PageTables:        62636 kB
NFS_Unstable:          0 kB
Bounce:                0 kB
WritebackTmp:          0 kB
CommitLimit:     9202288 kB
Committed_AS:   65969896 kB
VmallocTotal:   263061440 kB
VmallocUsed:      103212 kB
VmallocChunk:          0 kB
Percpu:             7648 kB
CmaTotal:         294912 kB
CmaFree:               0 kB
MemTotal:       12113132 kB
MemFree:         6461140 kB
MemAvailable:    8153956 kB
Buffers:            5784 kB
Cached:          1881688 kB
SwapCached:            0 kB
Active:          1452252 kB
Inactive:        1637192 kB
Active(anon):    1208416 kB
Inactive(anon):    24480 kB
Active(file):     243836 kB
Inactive(file):  1612712 kB
Unevictable:        5552 kB
Mlocked:            5552 kB
SwapTotal:       3145724 kB
SwapFree:        3145724 kB
Dirty:               764 kB
Writeback:             0 kB
AnonPages:       1207464 kB
Mapped:           851156 kB
Shmem:             26424 kB
KReclaimable:     704972 kB
Slab:             224284 kB
SReclaimable:      79704 kB
SUnreclaim:       144580 kB
KernelStack:       46192 kB
PageTables:        62640 kB
NFS_Unstable:          0 kB
Bounce:                0 kB
WritebackTmp:          0 kB
CommitLimit:     9202288 kB
Committed_AS:   65974284 kB
VmallocTotal:   263061440 kB
VmallocUsed:      103212 kB
VmallocChunk:          0 kB
Percpu:             7648 kB
CmaTotal:         294912 kB
CmaFree:               0 kB
MemTotal:       12113132 kB
MemFree:         6454068 kB
MemAvailable:    8146892 kB
Buffers:            5784 kB
Cached:          1881696 kB
SwapCached:            0 kB
Active:          1461728 kB
Inactive:        1637200 kB
Active(anon):    1217892 kB
Inactive(anon):    24480 kB
Active(file):     243836 kB
Inactive(file):  1612720 kB
Unevictable:        5552 kB
Mlocked:            5552 kB
SwapTotal:       3145724 kB
SwapFree:        3145724 kB
Dirty:               772 kB
Writeback:             0 kB
AnonPages:       1216916 kB
Mapped:           851156 kB
Shmem:             26424 kB
KReclaimable:     704972 kB
Slab:             224292 kB
SReclaimable:      79704 kB
SUnreclaim:       144588 kB
KernelStack:       46192 kB
PageTables:        62632 kB
NFS_Unstable:          0 kB
Bounce:                0 kB
WritebackTmp:          0 kB
CommitLimit:     9202288 kB
Committed_AS:   65974684 kB
VmallocTotal:   263061440 kB
VmallocUsed:      103180 kB
VmallocChunk:          0 kB
Percpu:             7648 kB
CmaTotal:         294912 kB
CmaFree:              12 kB
MemTotal:       12113132 kB
MemFree:         6433876 kB
MemAvailable:    8126712 kB
Buffers:            5784 kB
Cached:          1881708 kB
SwapCached:            0 kB
Active:          1481100 kB
Inactive:        1637208 kB
Active(anon):    1237260 kB
Inactive(anon):    24480 kB
Active(file):     243840 kB
Inactive(file):  1612728 kB
Unevictable:        5552 kB
Mlocked:            5552 kB
SwapTotal:       3145724 kB
SwapFree:        3145724 kB
Dirty:               788 kB
Writeback:             0 kB
AnonPages:       1236180 kB
Mapped:           851156 kB
Shmem:             26424 kB
KReclaimable:     704972 kB
Slab:             224248 kB
SReclaimable:      79704 kB
SUnreclaim:       144544 kB
KernelStack:       46192 kB
PageTables:        62644 kB
NFS_Unstable:          0 kB
Bounce:                0 kB
WritebackTmp:          0 kB
CommitLimit:     9202288 kB
Committed_AS:   65979972 kB
VmallocTotal:   263061440 kB
VmallocUsed:      103196 kB
VmallocChunk:          0 kB
Percpu:             7648 kB
CmaTotal:         294912 kB
CmaFree:               0 kB
MemTotal:       12113132 kB
MemFree:         6425424 kB
MemAvailable:    8118304 kB
Buffers:            5784 kB
Cached:          1881752 kB
SwapCached:            0 kB
Active:          1489576 kB
Inactive:        1637252 kB
Active(anon):    1245736 kB
Inactive(anon):    24480 kB
Active(file):     243840 kB
Inactive(file):  1612772 kB
Unevictable:        5552 kB
Mlocked:            5552 kB
SwapTotal:       3145724 kB
SwapFree:        3145724 kB
Dirty:               840 kB
Writeback:             0 kB
AnonPages:       1245060 kB
Mapped:           851156 kB
Shmem:             26424 kB
KReclaimable:     704972 kB
Slab:             224288 kB
SReclaimable:      79704 kB
SUnreclaim:       144584 kB
KernelStack:       46192 kB
PageTables:        62632 kB
NFS_Unstable:          0 kB
Bounce:                0 kB
WritebackTmp:          0 kB
CommitLimit:     9202288 kB
Committed_AS:   65974800 kB
VmallocTotal:   263061440 kB
VmallocUsed:      103212 kB
VmallocChunk:          0 kB
Percpu:             7648 kB
CmaTotal:         294912 kB
CmaFree:             104 kB
MemTotal:       12113132 kB
MemFree:         6418812 kB
MemAvailable:    8111684 kB
Buffers:            5784 kB
Cached:          1881744 kB
SwapCached:            0 kB
Active:          1498508 kB
Inactive:        1637240 kB
Active(anon):    1254664 kB
Inactive(anon):    24480 kB
Active(file):     243844 kB
Inactive(file):  1612760 kB
Unevictable:        5552 kB
Mlocked:            5552 kB
SwapTotal:       3145724 kB
SwapFree:        3145724 kB
Dirty:               852 kB
Writeback:             0 kB
AnonPages:       1253728 kB
Mapped:           851156 kB
Shmem:             26424 kB
KReclaimable:     704972 kB
Slab:             224264 kB
SReclaimable:      79704 kB
SUnreclaim:       144560 kB
KernelStack:       46192 kB
PageTables:        62640 kB
NFS_Unstable:          0 kB
Bounce:                0 kB
WritebackTmp:          0 kB
CommitLimit:     9202288 kB
Committed_AS:   65974484 kB
VmallocTotal:   263061440 kB
VmallocUsed:      103212 kB
VmallocChunk:          0 kB
Percpu:             7648 kB
CmaTotal:         294912 kB
CmaFree:               0 kB
MemTotal:       12113132 kB
MemFree:         6422276 kB
MemAvailable:    8115148 kB
Buffers:            5784 kB
Cached:          1881744 kB
SwapCached:            0 kB
Active:          1490780 kB
Inactive:        1637244 kB
Active(anon):    1246940 kB
Inactive(anon):    24480 kB
Active(file):     243840 kB
Inactive(file):  1612764 kB
Unevictable:        5552 kB
Mlocked:            5552 kB
SwapTotal:       3145724 kB
SwapFree:        3145724 kB
Dirty:               860 kB
Writeback:             0 kB
AnonPages:       1246036 kB
Mapped:           851156 kB
Shmem:             26424 kB
KReclaimable:     704972 kB
Slab:             224272 kB
SReclaimable:      79704 kB
SUnreclaim:       144568 kB
KernelStack:       46160 kB
PageTables:        62632 kB
NFS_Unstable:          0 kB
Bounce:                0 kB
WritebackTmp:          0 kB
CommitLimit:     9202288 kB
Committed_AS:   65981356 kB
VmallocTotal:   263061440 kB
VmallocUsed:      103164 kB
VmallocChunk:          0 kB
Percpu:             7648 kB
CmaTotal:         294912 kB
CmaFree:               0 kB
MemTotal:       12113132 kB
MemFree:         6423476 kB
MemAvailable:    8116364 kB
Buffers:            5784 kB
Cached:          1881764 kB
SwapCached:            0 kB
Active:          1491536 kB
Inactive:        1637264 kB
Active(anon):    1247696 kB
Inactive(anon):    24484 kB
Active(file):     243840 kB
Inactive(file):  1612780 kB
Unevictable:        5552 kB
Mlocked:            5552 kB
SwapTotal:       3145724 kB
SwapFree:        3145724 kB
Dirty:               924 kB
Writeback:             0 kB
AnonPages:       1246892 kB
Mapped:           851160 kB
Shmem:             26428 kB
KReclaimable:     704972 kB
Slab:             224272 kB
SReclaimable:      79704 kB
SUnreclaim:       144568 kB
KernelStack:       46208 kB
PageTables:        62612 kB
NFS_Unstable:          0 kB
Bounce:                0 kB
WritebackTmp:          0 kB
CommitLimit:     9202288 kB
Committed_AS:   65979080 kB
VmallocTotal:   263061440 kB
VmallocUsed:      103196 kB
