MemTotal:       12113136 kB
MemFree:         6026852 kB
MemAvailable:    7647108 kB
Buffers:            5920 kB
Cached:          1845868 kB
SwapCached:            0 kB
Active:          1787748 kB
Inactive:        1605568 kB
Active(anon):    1547964 kB
Inactive(anon):    25936 kB
Active(file):     239784 kB
Inactive(file):  1579632 kB
Unevictable:        5508 kB
Mlocked:            5508 kB
SwapTotal:       3145724 kB
SwapFree:        3145724 kB
Dirty:               188 kB
Writeback:             0 kB
AnonPages:       1547352 kB
Mapped:           864700 kB
Shmem:             27920 kB
KReclaimable:     669544 kB
Slab:             225184 kB
SReclaimable:      77884 kB
SUnreclaim:       147300 kB
KernelStack:       47252 kB
PageTables:        64080 kB
NFS_Unstable:          0 kB
Bounce:                0 kB
WritebackTmp:          0 kB
CommitLimit:     9202292 kB
Committed_AS:   67684344 kB
VmallocTotal:   263061440 kB
VmallocUsed:      104200 kB
VmallocChunk:          0 kB
Percpu:             7616 kB
CmaTotal:         294912 kB
CmaFree:             988 kB
MemTotal:       12113136 kB
MemFree:         6025412 kB
MemAvailable:    7645740 kB
Buffers:            5920 kB
Cached:          1845944 kB
SwapCached:            0 kB
Active:          1788544 kB
Inactive:        1605612 kB
Active(anon):    1548728 kB
Inactive(anon):    25940 kB
Active(file):     239816 kB
Inactive(file):  1579672 kB
Unevictable:        5508 kB
Mlocked:            5508 kB
SwapTotal:       3145724 kB
SwapFree:        3145724 kB
Dirty:               292 kB
Writeback:             0 kB
AnonPages:       1547592 kB
Mapped:           864528 kB
Shmem:             27924 kB
KReclaimable:     669544 kB
Slab:             225176 kB
SReclaimable:      77884 kB
SUnreclaim:       147292 kB
KernelStack:       47328 kB
PageTables:        64380 kB
NFS_Unstable:          0 kB
Bounce:                0 kB
WritebackTmp:          0 kB
CommitLimit:     9202292 kB
Committed_AS:   67679688 kB
VmallocTotal:   263061440 kB
VmallocUsed:      104232 kB
VmallocChunk:          0 kB
Percpu:             7616 kB
CmaTotal:         294912 kB
CmaFree:               0 kB
MemTotal:       12113136 kB
MemFree:         6026176 kB
MemAvailable:    7646524 kB
Buffers:            5920 kB
Cached:          1845964 kB
SwapCached:            0 kB
Active:          1789152 kB
Inactive:        1605624 kB
Active(anon):    1549328 kB
Inactive(anon):    25940 kB
Active(file):     239824 kB
Inactive(file):  1579684 kB
Unevictable:        5508 kB
Mlocked:            5508 kB
SwapTotal:       3145724 kB
SwapFree:        3145724 kB
Dirty:               312 kB
Writeback:             0 kB
AnonPages:       1548416 kB
Mapped:           864544 kB
Shmem:             27924 kB
KReclaimable:     669544 kB
Slab:             225184 kB
SReclaimable:      77884 kB
SUnreclaim:       147300 kB
KernelStack:       47280 kB
PageTables:        64328 kB
NFS_Unstable:          0 kB
Bounce:                0 kB
WritebackTmp:          0 kB
CommitLimit:     9202292 kB
Committed_AS:   67684616 kB
VmallocTotal:   263061440 kB
VmallocUsed:      104264 kB
VmallocChunk:          0 kB
Percpu:             7616 kB
CmaTotal:         294912 kB
CmaFree:               0 kB
MemTotal:       12113136 kB
MemFree:         6025068 kB
MemAvailable:    7645420 kB
Buffers:            5920 kB
Cached:          1845968 kB
SwapCached:            0 kB
Active:          1789784 kB
Inactive:        1605628 kB
Active(anon):    1549960 kB
Inactive(anon):    25940 kB
Active(file):     239824 kB
Inactive(file):  1579688 kB
Unevictable:        5508 kB
Mlocked:            5508 kB
SwapTotal:       3145724 kB
SwapFree:        3145724 kB
Dirty:               328 kB
Writeback:             0 kB
AnonPages:       1548988 kB
Mapped:           864548 kB
Shmem:             27924 kB
KReclaimable:     669544 kB
Slab:             225192 kB
SReclaimable:      77884 kB
SUnreclaim:       147308 kB
KernelStack:       47280 kB
PageTables:        64340 kB
NFS_Unstable:          0 kB
Bounce:                0 kB
WritebackTmp:          0 kB
CommitLimit:     9202292 kB
Committed_AS:   67689956 kB
VmallocTotal:   263061440 kB
VmallocUsed:      104264 kB
VmallocChunk:          0 kB
Percpu:             7616 kB
CmaTotal:         294912 kB
CmaFree:               0 kB
MemTotal:       12113136 kB
MemFree:         6023544 kB
MemAvailable:    7643944 kB
Buffers:            5920 kB
Cached:          1846016 kB
SwapCached:            0 kB
Active:          1790260 kB
Inactive:        1605672 kB
Active(anon):    1550432 kB
Inactive(anon):    25940 kB
Active(file):     239828 kB
Inactive(file):  1579732 kB
Unevictable:        5508 kB
Mlocked:            5508 kB
SwapTotal:       3145724 kB
SwapFree:        3145724 kB
Dirty:               376 kB
Writeback:             0 kB
AnonPages:       1549928 kB
Mapped:           864732 kB
Shmem:             27924 kB
KReclaimable:     669544 kB
Slab:             225192 kB
SReclaimable:      77884 kB
SUnreclaim:       147308 kB
KernelStack:       47280 kB
PageTables:        64312 kB
NFS_Unstable:          0 kB
Bounce:                0 kB
WritebackTmp:          0 kB
CommitLimit:     9202292 kB
Committed_AS:   67694768 kB
VmallocTotal:   263061440 kB
VmallocUsed:      104248 kB
VmallocChunk:          0 kB
Percpu:             7616 kB
CmaTotal:         294912 kB
CmaFree:              40 kB
MemTotal:       12113136 kB
MemFree:         6023292 kB
MemAvailable:    7643652 kB
Buffers:            5920 kB
Cached:          1845976 kB
SwapCached:            0 kB
Active:          1790780 kB
Inactive:        1605640 kB
Active(anon):    1550960 kB
Inactive(anon):    25940 kB
Active(file):     239820 kB
Inactive(file):  1579700 kB
Unevictable:        5508 kB
Mlocked:            5508 kB
SwapTotal:       3145724 kB
SwapFree:        3145724 kB
Dirty:               252 kB
Writeback:             0 kB
AnonPages:       1550112 kB
Mapped:           864664 kB
Shmem:             27924 kB
KReclaimable:     669544 kB
Slab:             225172 kB
SReclaimable:      77884 kB
SUnreclaim:       147288 kB
KernelStack:       47284 kB
PageTables:        64208 kB
NFS_Unstable:          0 kB
Bounce:                0 kB
WritebackTmp:          0 kB
CommitLimit:     9202292 kB
Committed_AS:   67694560 kB
VmallocTotal:   263061440 kB
VmallocUsed:      104296 kB
VmallocChunk:          0 kB
Percpu:             7616 kB
CmaTotal:         294912 kB
CmaFree:               0 kB
MemTotal:       12113136 kB
MemFree:         6022644 kB
MemAvailable:    7643044 kB
Buffers:            5920 kB
Cached:          1846016 kB
SwapCached:            0 kB
Active:          1790928 kB
Inactive:        1605672 kB
Active(anon):    1551100 kB
Inactive(anon):    25940 kB
Active(file):     239828 kB
Inactive(file):  1579732 kB
Unevictable:        5508 kB
Mlocked:            5508 kB
SwapTotal:       3145724 kB
SwapFree:        3145724 kB
Dirty:               280 kB
Writeback:             0 kB
AnonPages:       1550212 kB
Mapped:           864736 kB
Shmem:             27924 kB
KReclaimable:     669544 kB
Slab:             225180 kB
SReclaimable:      77884 kB
SUnreclaim:       147296 kB
KernelStack:       47264 kB
PageTables:        64268 kB
NFS_Unstable:          0 kB
Bounce:                0 kB
WritebackTmp:          0 kB
CommitLimit:     9202292 kB
Committed_AS:   67694736 kB
VmallocTotal:   263061440 kB
VmallocUsed:      104296 kB
VmallocChunk:          0 kB
Percpu:             7616 kB
CmaTotal:         294912 kB
CmaFree:               0 kB
MemTotal:       12113136 kB
MemFree:         6021392 kB
MemAvailable:    7641788 kB
Buffers:            5920 kB
Cached:          1846012 kB
SwapCached:            0 kB
Active:          1791240 kB
Inactive:        1605676 kB
Active(anon):    1551420 kB
Inactive(anon):    25940 kB
Active(file):     239820 kB
Inactive(file):  1579736 kB
Unevictable:        5508 kB
Mlocked:            5508 kB
SwapTotal:       3145724 kB
SwapFree:        3145724 kB
Dirty:               288 kB
Writeback:             0 kB
AnonPages:       1550712 kB
Mapped:           864664 kB
Shmem:             27924 kB
KReclaimable:     669544 kB
Slab:             225180 kB
SReclaimable:      77884 kB
SUnreclaim:       147296 kB
KernelStack:       47284 kB
PageTables:        64552 kB
NFS_Unstable:          0 kB
Bounce:                0 kB
WritebackTmp:          0 kB
CommitLimit:     9202292 kB
Committed_AS:   67700520 kB
VmallocTotal:   263061440 kB
VmallocUsed:      104312 kB
VmallocChunk:          0 kB
Percpu:             7616 kB
CmaTotal:         294912 kB
CmaFree:               4 kB
MemTotal:       12113136 kB
MemFree:         6021852 kB
MemAvailable:    7642292 kB
Buffers:            5920 kB
Cached:          1846056 kB
SwapCached:            0 kB
Active:          1791636 kB
Inactive:        1605716 kB
Active(anon):    1551812 kB
Inactive(anon):    25940 kB
Active(file):     239824 kB
Inactive(file):  1579776 kB
Unevictable:        5508 kB
Mlocked:            5508 kB
SwapTotal:       3145724 kB
SwapFree:        3145724 kB
Dirty:               340 kB
Writeback:             0 kB
AnonPages:       1551148 kB
Mapped:           864732 kB
Shmem:             27924 kB
KReclaimable:     669544 kB
Slab:             225204 kB
SReclaimable:      77884 kB
SUnreclaim:       147320 kB
KernelStack:       47248 kB
PageTables:        64256 kB
NFS_Unstable:          0 kB
Bounce:                0 kB
WritebackTmp:          0 kB
CommitLimit:     9202292 kB
Committed_AS:   67700168 kB
VmallocTotal:   263061440 kB
VmallocUsed:      104328 kB
VmallocChunk:          0 kB
Percpu:             7616 kB
CmaTotal:         294912 kB
CmaFree:               4 kB
MemTotal:       12113136 kB
MemFree:         6023612 kB
MemAvailable:    7644052 kB
Buffers:            5920 kB
Cached:          1846056 kB
SwapCached:            0 kB
Active:          1790784 kB
Inactive:        1605716 kB
Active(anon):    1550960 kB
Inactive(anon):    25940 kB
Active(file):     239824 kB
Inactive(file):  1579776 kB
Unevictable:        5508 kB
Mlocked:            5508 kB
SwapTotal:       3145724 kB
SwapFree:        3145724 kB
Dirty:               340 kB
Writeback:             0 kB
AnonPages:       1550276 kB
Mapped:           864548 kB
Shmem:             27924 kB
KReclaimable:     669544 kB
Slab:             225180 kB
SReclaimable:      77884 kB
SUnreclaim:       147296 kB
KernelStack:       47296 kB
PageTables:        64332 kB
NFS_Unstable:          0 kB
Bounce:                0 kB
WritebackTmp:          0 kB
CommitLimit:     9202292 kB
Committed_AS:   67695712 kB
VmallocTotal:   263061440 kB
VmallocUsed:      104280 kB
VmallocChunk:          0 kB
Percpu:             7616 kB
CmaTotal:         294912 kB
CmaFree:               0 kB
MemTotal:       12113136 kB
MemFree:         6022648 kB
MemAvailable:    7643108 kB
Buffers:            5920 kB
Cached:          1846076 kB
SwapCached:            0 kB
Active:          1791728 kB
Inactive:        1605736 kB
Active(anon):    1551904 kB
Inactive(anon):    25940 kB
Active(file):     239824 kB
Inactive(file):  1579796 kB
Unevictable:        5508 kB
Mlocked:            5508 kB
SwapTotal:       3145724 kB
SwapFree:        3145724 kB
Dirty:               380 kB
Writeback:             0 kB
AnonPages:       1550832 kB
Mapped:           864792 kB
Shmem:             27924 kB
KReclaimable:     669544 kB
Slab:             225180 kB
SReclaimable:      77884 kB
SUnreclaim:       147296 kB
KernelStack:       47296 kB
PageTables:        64336 kB
NFS_Unstable:          0 kB
Bounce:                0 kB
WritebackTmp:          0 kB
CommitLimit:     9202292 kB
Committed_AS:   67700208 kB
VmallocTotal:   263061440 kB
VmallocUsed:      104312 kB
VmallocChunk:          0 kB
Percpu:             7616 kB
CmaTotal:         294912 kB
CmaFree:               0 kB
MemTotal:       12113136 kB
MemFree:         6008188 kB
MemAvailable:    7628656 kB
Buffers:            5920 kB
Cached:          1846092 kB
SwapCached:            0 kB
Active:          1808808 kB
Inactive:        1605748 kB
Active(anon):    1568980 kB
Inactive(anon):    25948 kB
Active(file):     239828 kB
Inactive(file):  1579800 kB
Unevictable:        5508 kB
Mlocked:            5508 kB
SwapTotal:       3145724 kB
SwapFree:        3145724 kB
Dirty:               660 kB
Writeback:             0 kB
AnonPages:       1568164 kB
Mapped:           878160 kB
Shmem:             27932 kB
KReclaimable:     669544 kB
Slab:             225188 kB
SReclaimable:      77884 kB
SUnreclaim:       147304 kB
KernelStack:       47412 kB
PageTables:        64340 kB
NFS_Unstable:          0 kB
Bounce:                0 kB
WritebackTmp:          0 kB
CommitLimit:     9202292 kB
Committed_AS:   67700032 kB
VmallocTotal:   263061440 kB
VmallocUsed:      104376 kB
VmallocChunk:          0 kB
Percpu:             7616 kB
CmaTotal:         294912 kB
CmaFree:               0 kB
MemTotal:       12113136 kB
MemFree:         6020408 kB
MemAvailable:    7640892 kB
Buffers:            5920 kB
Cached:          1846128 kB
SwapCached:            0 kB
Active:          1795320 kB
Inactive:        1605784 kB
Active(anon):    1555492 kB
Inactive(anon):    25968 kB
Active(file):     239828 kB
Inactive(file):  1579816 kB
Unevictable:        5508 kB
Mlocked:            5508 kB
SwapTotal:       3145724 kB
SwapFree:        3145724 kB
Dirty:               676 kB
Writeback:             0 kB
AnonPages:       1555072 kB
Mapped:           878108 kB
Shmem:             27952 kB
KReclaimable:     669544 kB
Slab:             225188 kB
SReclaimable:      77884 kB
SUnreclaim:       147304 kB
KernelStack:       47424 kB
PageTables:        64372 kB
NFS_Unstable:          0 kB
Bounce:                0 kB
WritebackTmp:          0 kB
CommitLimit:     9202292 kB
Committed_AS:   67700292 kB
VmallocTotal:   263061440 kB
VmallocUsed:      104392 kB
VmallocChunk:          0 kB
Percpu:             7616 kB
CmaTotal:         294912 kB
CmaFree:               0 kB
MemTotal:       12113136 kB
MemFree:         6018576 kB
MemAvailable:    7639064 kB
Buffers:            5924 kB
Cached:          1846132 kB
SwapCached:            0 kB
Active:          1796968 kB
Inactive:        1605792 kB
Active(anon):    1557140 kB
Inactive(anon):    25972 kB
Active(file):     239828 kB
Inactive(file):  1579820 kB
Unevictable:        5508 kB
Mlocked:            5508 kB
SwapTotal:       3145724 kB
SwapFree:        3145724 kB
Dirty:               696 kB
Writeback:             0 kB
AnonPages:       1556100 kB
Mapped:           878184 kB
Shmem:             27956 kB
KReclaimable:     669544 kB
Slab:             225180 kB
SReclaimable:      77884 kB
SUnreclaim:       147296 kB
KernelStack:       47360 kB
PageTables:        64464 kB
NFS_Unstable:          0 kB
Bounce:                0 kB
WritebackTmp:          0 kB
CommitLimit:     9202292 kB
Committed_AS:   67695284 kB
VmallocTotal:   263061440 kB
VmallocUsed:      104344 kB
VmallocChunk:          0 kB
Percpu:             7616 kB
CmaTotal:         294912 kB
CmaFree:              12 kB
MemTotal:       12113136 kB
MemFree:         6009060 kB
MemAvailable:    7629588 kB
Buffers:            5924 kB
Cached:          1846188 kB
SwapCached:            0 kB
Active:          1807012 kB
Inactive:        1605844 kB
Active(anon):    1567180 kB
Inactive(anon):    25988 kB
Active(file):     239832 kB
Inactive(file):  1579856 kB
Unevictable:        5508 kB
Mlocked:            5508 kB
SwapTotal:       3145724 kB
SwapFree:        3145724 kB
Dirty:               532 kB
Writeback:             0 kB
AnonPages:       1566584 kB
Mapped:           878008 kB
Shmem:             27972 kB
KReclaimable:     669544 kB
Slab:             225188 kB
SReclaimable:      77884 kB
SUnreclaim:       147304 kB
KernelStack:       47388 kB
PageTables:        64444 kB
NFS_Unstable:          0 kB
Bounce:                0 kB
WritebackTmp:          0 kB
CommitLimit:     9202292 kB
Committed_AS:   67695160 kB
VmallocTotal:   263061440 kB
VmallocUsed:      104376 kB
VmallocChunk:          0 kB
Percpu:             7616 kB
CmaTotal:         294912 kB
CmaFree:               0 kB
MemTotal:       12113136 kB
MemFree:         6016892 kB
MemAvailable:    7637508 kB
Buffers:            5924 kB
Cached:          1846156 kB
SwapCached:            0 kB
Active:          1797700 kB
Inactive:        1605816 kB
Active(anon):    1557872 kB
Inactive(anon):    25972 kB
Active(file):     239828 kB
Inactive(file):  1579844 kB
Unevictable:        5508 kB
Mlocked:            5508 kB
SwapTotal:       3145724 kB
SwapFree:        3145724 kB
Dirty:               332 kB
Writeback:             0 kB
AnonPages:       1556804 kB
Mapped:           878112 kB
Shmem:             27956 kB
KReclaimable:     669544 kB
Slab:             225176 kB
SReclaimable:      77884 kB
SUnreclaim:       147292 kB
KernelStack:       47328 kB
PageTables:        64272 kB
NFS_Unstable:          0 kB
Bounce:                0 kB
WritebackTmp:          0 kB
CommitLimit:     9202292 kB
Committed_AS:   67694668 kB
VmallocTotal:   263061440 kB
VmallocUsed:      104376 kB
VmallocChunk:          0 kB
Percpu:             7616 kB
CmaTotal:         294912 kB
CmaFree:               0 kB
MemTotal:       12113136 kB
MemFree:         6015468 kB
MemAvailable:    7636024 kB
Buffers:            5924 kB
Cached:          1846200 kB
SwapCached:            0 kB
Active:          1798644 kB
Inactive:        1605856 kB
Active(anon):    1558812 kB
Inactive(anon):    25972 kB
Active(file):     239832 kB
Inactive(file):  1579884 kB
Unevictable:        5508 kB
Mlocked:            5508 kB
SwapTotal:       3145724 kB
SwapFree:        3145724 kB
Dirty:               408 kB
Writeback:             0 kB
AnonPages:       1557664 kB
Mapped:           878248 kB
Shmem:             27956 kB
KReclaimable:     669544 kB
Slab:             225200 kB
SReclaimable:      77884 kB
SUnreclaim:       147316 kB
KernelStack:       47344 kB
PageTables:        64392 kB
NFS_Unstable:          0 kB
Bounce:                0 kB
WritebackTmp:          0 kB
CommitLimit:     9202292 kB
Committed_AS:   67694756 kB
VmallocTotal:   263061440 kB
VmallocUsed:      104408 kB
VmallocChunk:          0 kB
Percpu:             7616 kB
CmaTotal:         294912 kB
CmaFree:               0 kB
MemTotal:       12113136 kB
MemFree:         6004324 kB
MemAvailable:    7624884 kB
Buffers:            5924 kB
Cached:          1846272 kB
SwapCached:            0 kB
Active:          1813328 kB
Inactive:        1605928 kB
Active(anon):    1573496 kB
Inactive(anon):    26040 kB
Active(file):     239832 kB
Inactive(file):  1579888 kB
Unevictable:        5508 kB
Mlocked:            5508 kB
SwapTotal:       3145724 kB
SwapFree:        3145724 kB
Dirty:               424 kB
Writeback:             0 kB
AnonPages:       1572628 kB
Mapped:           878180 kB
Shmem:             28024 kB
KReclaimable:     669544 kB
Slab:             225168 kB
SReclaimable:      77884 kB
SUnreclaim:       147284 kB
KernelStack:       47380 kB
PageTables:        64280 kB
NFS_Unstable:          0 kB
Bounce:                0 kB
WritebackTmp:          0 kB
CommitLimit:     9202292 kB
Committed_AS:   67699608 kB
VmallocTotal:   263061440 kB
VmallocUsed:      104408 kB
VmallocChunk:          0 kB
Percpu:             7616 kB
CmaTotal:         294912 kB
CmaFree:             308 kB
MemTotal:       12113136 kB
MemFree:         6014976 kB
MemAvailable:    7636768 kB
Buffers:            5924 kB
Cached:          1846220 kB
SwapCached:            0 kB
Active:          1800340 kB
Inactive:        1605876 kB
Active(anon):    1560508 kB
Inactive(anon):    25976 kB
Active(file):     239832 kB
Inactive(file):  1579900 kB
Unevictable:        5508 kB
Mlocked:            5508 kB
SwapTotal:       3145724 kB
SwapFree:        3145724 kB
Dirty:               448 kB
Writeback:             0 kB
AnonPages:       1559488 kB
Mapped:           878184 kB
Shmem:             27960 kB
KReclaimable:     670764 kB
Slab:             225188 kB
SReclaimable:      77884 kB
SUnreclaim:       147304 kB
KernelStack:       47376 kB
PageTables:        64376 kB
NFS_Unstable:          0 kB
Bounce:                0 kB
WritebackTmp:          0 kB
CommitLimit:     9202292 kB
Committed_AS:   67699300 kB
VmallocTotal:   263061440 kB
VmallocUsed:      104408 kB
VmallocChunk:          0 kB
Percpu:             7616 kB
CmaTotal:         294912 kB
CmaFree:               0 kB
MemTotal:       12113136 kB
MemFree:         6012052 kB
MemAvailable:    7633544 kB
Buffers:            5924 kB
Cached:          1846384 kB
SwapCached:            0 kB
Active:          1804332 kB
Inactive:        1605860 kB
Active(anon):    1564500 kB
Inactive(anon):    25948 kB
Active(file):     239832 kB
Inactive(file):  1579912 kB
Unevictable:        5508 kB
Mlocked:            5508 kB
SwapTotal:       3145724 kB
SwapFree:        3145724 kB
Dirty:               260 kB
Writeback:             0 kB
AnonPages:       1563448 kB
Mapped:           878372 kB
Shmem:             28112 kB
KReclaimable:     670452 kB
Slab:             225180 kB
SReclaimable:      77884 kB
SUnreclaim:       147296 kB
KernelStack:       47440 kB
PageTables:        64392 kB
NFS_Unstable:          0 kB
Bounce:                0 kB
WritebackTmp:          0 kB
CommitLimit:     9202292 kB
Committed_AS:   67694284 kB
VmallocTotal:   263061440 kB
VmallocUsed:      104392 kB
VmallocChunk:          0 kB
Percpu:             7616 kB
CmaTotal:         294912 kB
CmaFree:               0 kB
MemTotal:       12113136 kB
MemFree:         6000136 kB
MemAvailable:    7621904 kB
Buffers:            5924 kB
Cached:          1846168 kB
SwapCached:            0 kB
Active:          1814860 kB
Inactive:        1605644 kB
Active(anon):    1575028 kB
Inactive(anon):    25716 kB
Active(file):     239832 kB
Inactive(file):  1579928 kB
Unevictable:        5508 kB
Mlocked:            5508 kB
SwapTotal:       3145724 kB
SwapFree:        3145724 kB
Dirty:               348 kB
Writeback:             0 kB
AnonPages:       1574184 kB
Mapped:           878108 kB
Shmem:             27880 kB
KReclaimable:     670452 kB
Slab:             225148 kB
SReclaimable:      77884 kB
SUnreclaim:       147264 kB
KernelStack:       47440 kB
PageTables:        64396 kB
NFS_Unstable:          0 kB
Bounce:                0 kB
WritebackTmp:          0 kB
CommitLimit:     9202292 kB
Committed_AS:   67691692 kB
VmallocTotal:   263061440 kB
VmallocUsed:      104440 kB
VmallocChunk:          0 kB
Percpu:             7616 kB
CmaTotal:         294912 kB
CmaFree:              16 kB
MemTotal:       12113136 kB
MemFree:         6008664 kB
MemAvailable:    7630176 kB
Buffers:            5924 kB
Cached:          1846396 kB
SwapCached:            0 kB
Active:          1806036 kB
Inactive:        1605872 kB
Active(anon):    1566204 kB
Inactive(anon):    25940 kB
Active(file):     239832 kB
Inactive(file):  1579932 kB
Unevictable:        5508 kB
Mlocked:            5508 kB
SwapTotal:       3145724 kB
SwapFree:        3145724 kB
Dirty:               376 kB
Writeback:             0 kB
AnonPages:       1565152 kB
Mapped:           878584 kB
Shmem:             28104 kB
KReclaimable:     670452 kB
Slab:             225164 kB
SReclaimable:      77884 kB
SUnreclaim:       147280 kB
KernelStack:       47424 kB
PageTables:        64436 kB
NFS_Unstable:          0 kB
Bounce:                0 kB
WritebackTmp:          0 kB
CommitLimit:     9202292 kB
Committed_AS:   67685536 kB
VmallocTotal:   263061440 kB
VmallocUsed:      104440 kB
VmallocChunk:          0 kB
Percpu:             7616 kB
CmaTotal:         294912 kB
CmaFree:               0 kB
MemTotal:       12113136 kB
MemFree:         6006324 kB
MemAvailable:    7627852 kB
Buffers:            5924 kB
Cached:          1846412 kB
SwapCached:            0 kB
Active:          1807652 kB
Inactive:        1605888 kB
Active(anon):    1567820 kB
Inactive(anon):    25940 kB
Active(file):     239832 kB
Inactive(file):  1579948 kB
Unevictable:        5508 kB
Mlocked:            5508 kB
SwapTotal:       3145724 kB
SwapFree:        3145724 kB
Dirty:               424 kB
Writeback:             0 kB
AnonPages:       1566712 kB
Mapped:           878724 kB
Shmem:             28104 kB
KReclaimable:     670452 kB
Slab:             225172 kB
SReclaimable:      77884 kB
SUnreclaim:       147288 kB
KernelStack:       47472 kB
PageTables:        64440 kB
NFS_Unstable:          0 kB
Bounce:                0 kB
WritebackTmp:          0 kB
CommitLimit:     9202292 kB
Committed_AS:   67688708 kB
VmallocTotal:   263061440 kB
VmallocUsed:      104472 kB
VmallocChunk:          0 kB
Percpu:             7616 kB
CmaTotal:         294912 kB
CmaFree:               8 kB
MemTotal:       12113136 kB
MemFree:         5996236 kB
MemAvailable:    7617784 kB
Buffers:            5924 kB
Cached:          1846480 kB
SwapCached:            0 kB
Active:          1821192 kB
Inactive:        1605952 kB
Active(anon):    1581360 kB
Inactive(anon):    25984 kB
Active(file):     239832 kB
Inactive(file):  1579968 kB
Unevictable:        5508 kB
Mlocked:            5508 kB
SwapTotal:       3145724 kB
SwapFree:        3145724 kB
Dirty:               492 kB
Writeback:             0 kB
AnonPages:       1579896 kB
Mapped:           878768 kB
Shmem:             28152 kB
KReclaimable:     670452 kB
Slab:             225180 kB
SReclaimable:      77884 kB
SUnreclaim:       147296 kB
KernelStack:       47472 kB
PageTables:        64268 kB
NFS_Unstable:          0 kB
Bounce:                0 kB
WritebackTmp:          0 kB
CommitLimit:     9202292 kB
Committed_AS:   67694336 kB
VmallocTotal:   263061440 kB
VmallocUsed:      104424 kB
VmallocChunk:          0 kB
Percpu:             7616 kB
CmaTotal:         294912 kB
CmaFree:               0 kB
MemTotal:       12113136 kB
MemFree:         6005664 kB
MemAvailable:    7627220 kB
Buffers:            5924 kB
Cached:          1846440 kB
SwapCached:            0 kB
Active:          1808472 kB
Inactive:        1605916 kB
Active(anon):    1568640 kB
Inactive(anon):    25940 kB
Active(file):     239832 kB
Inactive(file):  1579976 kB
Unevictable:        5508 kB
Mlocked:            5508 kB
SwapTotal:       3145724 kB
SwapFree:        3145724 kB
Dirty:               532 kB
Writeback:             0 kB
AnonPages:       1567440 kB
Mapped:           878800 kB
Shmem:             28104 kB
KReclaimable:     670452 kB
Slab:             225140 kB
SReclaimable:      77884 kB
SUnreclaim:       147256 kB
KernelStack:       47504 kB
PageTables:        64408 kB
NFS_Unstable:          0 kB
Bounce:                0 kB
WritebackTmp:          0 kB
CommitLimit:     9202292 kB
Committed_AS:   67696684 kB
VmallocTotal:   263061440 kB
VmallocUsed:      104424 kB
VmallocChunk:          0 kB
Percpu:             7616 kB
CmaTotal:         294912 kB
CmaFree:               0 kB
MemTotal:       12113136 kB
MemFree:         6005400 kB
MemAvailable:    7626976 kB
Buffers:            5924 kB
Cached:          1846460 kB
SwapCached:            0 kB
Active:          1808020 kB
Inactive:        1605936 kB
Active(anon):    1568188 kB
Inactive(anon):    25940 kB
Active(file):     239832 kB
Inactive(file):  1579996 kB
Unevictable:        5508 kB
Mlocked:            5508 kB
SwapTotal:       3145724 kB
SwapFree:        3145724 kB
Dirty:               588 kB
Writeback:             0 kB
AnonPages:       1567332 kB
Mapped:           878784 kB
Shmem:             28104 kB
KReclaimable:     670452 kB
Slab:             225172 kB
SReclaimable:      77884 kB
SUnreclaim:       147288 kB
KernelStack:       47440 kB
PageTables:        64344 kB
NFS_Unstable:          0 kB
Bounce:                0 kB
WritebackTmp:          0 kB
CommitLimit:     9202292 kB
Committed_AS:   67701196 kB
VmallocTotal:   263061440 kB
VmallocUsed:      104424 kB
VmallocChunk:          0 kB
Percpu:             7616 kB
CmaTotal:         294912 kB
CmaFree:              52 kB
MemTotal:       12113136 kB
MemFree:         6008956 kB
MemAvailable:    7630536 kB
Buffers:            5924 kB
Cached:          1846660 kB
SwapCached:            0 kB
Active:          1806172 kB
Inactive:        1605940 kB
Active(anon):    1566340 kB
Inactive(anon):    25940 kB
Active(file):     239832 kB
Inactive(file):  1580000 kB
Unevictable:        5508 kB
Mlocked:            5508 kB
SwapTotal:       3145724 kB
SwapFree:        3145724 kB
Dirty:               604 kB
Writeback:             0 kB
AnonPages:       1565372 kB
Mapped:           865428 kB
Shmem:             28300 kB
KReclaimable:     670452 kB
Slab:             225172 kB
SReclaimable:      77884 kB
SUnreclaim:       147288 kB
KernelStack:       47428 kB
PageTables:        64252 kB
NFS_Unstable:          0 kB
Bounce:                0 kB
WritebackTmp:          0 kB
CommitLimit:     9202292 kB
Committed_AS:   67696392 kB
VmallocTotal:   263061440 kB
VmallocUsed:      104408 kB
VmallocChunk:          0 kB
Percpu:             7616 kB
CmaTotal:         294912 kB
CmaFree:             356 kB
MemTotal:       12113136 kB
MemFree:         6018092 kB
MemAvailable:    7639696 kB
Buffers:            5924 kB
Cached:          1846488 kB
SwapCached:            0 kB
Active:          1797520 kB
Inactive:        1605960 kB
Active(anon):    1557684 kB
Inactive(anon):    25940 kB
Active(file):     239836 kB
Inactive(file):  1580020 kB
Unevictable:        5508 kB
Mlocked:            5508 kB
SwapTotal:       3145724 kB
SwapFree:        3145724 kB
Dirty:               644 kB
Writeback:             0 kB
AnonPages:       1556924 kB
Mapped:           865460 kB
Shmem:             28104 kB
KReclaimable:     670452 kB
Slab:             225180 kB
SReclaimable:      77884 kB
SUnreclaim:       147296 kB
KernelStack:       47456 kB
PageTables:        64416 kB
NFS_Unstable:          0 kB
Bounce:                0 kB
WritebackTmp:          0 kB
CommitLimit:     9202292 kB
Committed_AS:   67695568 kB
VmallocTotal:   263061440 kB
VmallocUsed:      104424 kB
VmallocChunk:          0 kB
Percpu:             7616 kB
CmaTotal:         294912 kB
CmaFree:               0 kB
MemTotal:       12113136 kB
MemFree:         6016472 kB
MemAvailable:    7638084 kB
Buffers:            5924 kB
Cached:          1846496 kB
SwapCached:            0 kB
Active:          1798808 kB
Inactive:        1605972 kB
Active(anon):    1558976 kB
Inactive(anon):    25940 kB
Active(file):     239832 kB
Inactive(file):  1580032 kB
Unevictable:        5508 kB
Mlocked:            5508 kB
SwapTotal:       3145724 kB
SwapFree:        3145724 kB
Dirty:               672 kB
Writeback:             0 kB
AnonPages:       1557772 kB
Mapped:           864684 kB
Shmem:             28104 kB
KReclaimable:     670452 kB
Slab:             225180 kB
SReclaimable:      77884 kB
SUnreclaim:       147296 kB
KernelStack:       47456 kB
PageTables:        64312 kB
NFS_Unstable:          0 kB
Bounce:                0 kB
WritebackTmp:          0 kB
CommitLimit:     9202292 kB
Committed_AS:   67688356 kB
VmallocTotal:   263061440 kB
VmallocUsed:      104456 kB
VmallocChunk:          0 kB
Percpu:             7616 kB
CmaTotal:         294912 kB
CmaFree:               0 kB
MemTotal:       12113136 kB
MemFree:         6059156 kB
MemAvailable:    7680804 kB
Buffers:            5932 kB
Cached:          1846392 kB
SwapCached:            0 kB
Active:          1757848 kB
Inactive:        1605864 kB
Active(anon):    1518008 kB
Inactive(anon):    25804 kB
Active(file):     239840 kB
Inactive(file):  1580060 kB
Unevictable:        5508 kB
Mlocked:            5508 kB
SwapTotal:       3145724 kB
SwapFree:        3145724 kB
Dirty:               452 kB
Writeback:             0 kB
AnonPages:       1517012 kB
Mapped:           864704 kB
Shmem:             27972 kB
KReclaimable:     670452 kB
Slab:             225188 kB
SReclaimable:      77884 kB
SUnreclaim:       147304 kB
KernelStack:       47508 kB
PageTables:        64224 kB
NFS_Unstable:          0 kB
Bounce:                0 kB
WritebackTmp:          0 kB
CommitLimit:     9202292 kB
Committed_AS:   67691212 kB
VmallocTotal:   263061440 kB
VmallocUsed:      104488 kB
VmallocChunk:          0 kB
Percpu:             7616 kB
CmaTotal:         294912 kB
CmaFree:             164 kB
MemTotal:       12113136 kB
MemFree:         6058400 kB
MemAvailable:    7680088 kB
Buffers:            5932 kB
Cached:          1846572 kB
SwapCached:            0 kB
Active:          1757460 kB
Inactive:        1606044 kB
Active(anon):    1517616 kB
Inactive(anon):    25948 kB
Active(file):     239844 kB
Inactive(file):  1580096 kB
Unevictable:        5508 kB
Mlocked:            5508 kB
SwapTotal:       3145724 kB
SwapFree:        3145724 kB
Dirty:               336 kB
Writeback:             0 kB
AnonPages:       1516484 kB
Mapped:           864960 kB
Shmem:             28112 kB
KReclaimable:     670452 kB
Slab:             225192 kB
SReclaimable:      77884 kB
SUnreclaim:       147308 kB
KernelStack:       47472 kB
PageTables:        64304 kB
NFS_Unstable:          0 kB
Bounce:                0 kB
WritebackTmp:          0 kB
CommitLimit:     9202292 kB
Committed_AS:   67694956 kB
VmallocTotal:   263061440 kB
VmallocUsed:      104456 kB
VmallocChunk:          0 kB
Percpu:             7616 kB
CmaTotal:         294912 kB
CmaFree:               0 kB
MemTotal:       12113136 kB
MemFree:         6065988 kB
MemAvailable:    7687656 kB
Buffers:            5932 kB
Cached:          1846552 kB
SwapCached:            0 kB
Active:          1748348 kB
Inactive:        1606028 kB
Active(anon):    1508508 kB
Inactive(anon):    25948 kB
Active(file):     239840 kB
Inactive(file):  1580080 kB
Unevictable:        5508 kB
Mlocked:            5508 kB
SwapTotal:       3145724 kB
SwapFree:        3145724 kB
Dirty:               360 kB
Writeback:             0 kB
AnonPages:       1507724 kB
Mapped:           864800 kB
Shmem:             28112 kB
KReclaimable:     670452 kB
Slab:             225160 kB
SReclaimable:      77884 kB
SUnreclaim:       147276 kB
KernelStack:       47440 kB
PageTables:        64336 kB
NFS_Unstable:          0 kB
Bounce:                0 kB
WritebackTmp:          0 kB
CommitLimit:     9202292 kB
Committed_AS:   67694604 kB
VmallocTotal:   263061440 kB
VmallocUsed:      104472 kB
VmallocChunk:          0 kB
Percpu:             7616 kB
CmaTotal:         294912 kB
CmaFree:               0 kB
MemTotal:       12113136 kB
MemFree:         6054268 kB
MemAvailable:    7675952 kB
Buffers:            5932 kB
Cached:          1846568 kB
SwapCached:            0 kB
Active:          1762424 kB
Inactive:        1606044 kB
Active(anon):    1522584 kB
Inactive(anon):    25948 kB
Active(file):     239840 kB
Inactive(file):  1580096 kB
Unevictable:        5508 kB
Mlocked:            5508 kB
SwapTotal:       3145724 kB
SwapFree:        3145724 kB
Dirty:               412 kB
Writeback:             0 kB
AnonPages:       1521652 kB
Mapped:           864824 kB
Shmem:             28112 kB
KReclaimable:     670452 kB
Slab:             225192 kB
SReclaimable:      77884 kB
SUnreclaim:       147308 kB
KernelStack:       47456 kB
PageTables:        64340 kB
NFS_Unstable:          0 kB
Bounce:                0 kB
WritebackTmp:          0 kB
CommitLimit:     9202292 kB
Committed_AS:   67694432 kB
VmallocTotal:   263061440 kB
VmallocUsed:      104472 kB
VmallocChunk:          0 kB
Percpu:             7616 kB
CmaTotal:         294912 kB
CmaFree:             128 kB
MemTotal:       12113136 kB
MemFree:         6089232 kB
MemAvailable:    7710928 kB
Buffers:            5932 kB
Cached:          1846580 kB
SwapCached:            0 kB
Active:          1723284 kB
Inactive:        1606056 kB
Active(anon):    1483444 kB
Inactive(anon):    25948 kB
Active(file):     239840 kB
Inactive(file):  1580108 kB
Unevictable:        5508 kB
Mlocked:            5508 kB
SwapTotal:       3145724 kB
SwapFree:        3145724 kB
Dirty:               444 kB
Writeback:             0 kB
AnonPages:       1482412 kB
Mapped:           865056 kB
Shmem:             28112 kB
KReclaimable:     670452 kB
Slab:             225160 kB
SReclaimable:      77884 kB
SUnreclaim:       147276 kB
KernelStack:       47508 kB
PageTables:        64296 kB
NFS_Unstable:          0 kB
Bounce:                0 kB
WritebackTmp:          0 kB
CommitLimit:     9202292 kB
Committed_AS:   67701008 kB
VmallocTotal:   263061440 kB
VmallocUsed:      104504 kB
VmallocChunk:          0 kB
Percpu:             7616 kB
CmaTotal:         294912 kB
CmaFree:               0 kB
MemTotal:       12113136 kB
MemFree:         6088812 kB
MemAvailable:    7710524 kB
Buffers:            5932 kB
Cached:          1846600 kB
SwapCached:            0 kB
Active:          1724524 kB
Inactive:        1606076 kB
Active(anon):    1484684 kB
Inactive(anon):    25952 kB
Active(file):     239840 kB
Inactive(file):  1580124 kB
Unevictable:        5508 kB
Mlocked:            5508 kB
SwapTotal:       3145724 kB
SwapFree:        3145724 kB
Dirty:               492 kB
Writeback:             0 kB
AnonPages:       1483144 kB
Mapped:           864876 kB
Shmem:             28116 kB
KReclaimable:     670452 kB
Slab:             225192 kB
SReclaimable:      77884 kB
SUnreclaim:       147308 kB
KernelStack:       47456 kB
PageTables:        64288 kB
NFS_Unstable:          0 kB
Bounce:                0 kB
WritebackTmp:          0 kB
CommitLimit:     9202292 kB
Committed_AS:   67700616 kB
VmallocTotal:   263061440 kB
VmallocUsed:      104520 kB
VmallocChunk:          0 kB
Percpu:             7616 kB
CmaTotal:         294912 kB
CmaFree:               0 kB
MemTotal:       12113136 kB
MemFree:         6055536 kB
MemAvailable:    7677268 kB
Buffers:            5932 kB
Cached:          1846452 kB
SwapCached:            0 kB
Active:          1759636 kB
Inactive:        1605928 kB
Active(anon):    1519796 kB
Inactive(anon):    25784 kB
Active(file):     239840 kB
Inactive(file):  1580144 kB
Unevictable:        5508 kB
Mlocked:            5508 kB
SwapTotal:       3145724 kB
SwapFree:        3145724 kB
Dirty:               348 kB
Writeback:             0 kB
AnonPages:       1518768 kB
Mapped:           864948 kB
Shmem:             27948 kB
KReclaimable:     670452 kB
Slab:             225184 kB
SReclaimable:      77884 kB
SUnreclaim:       147300 kB
KernelStack:       47456 kB
PageTables:        64284 kB
NFS_Unstable:          0 kB
Bounce:                0 kB
WritebackTmp:          0 kB
CommitLimit:     9202292 kB
Committed_AS:   67700844 kB
VmallocTotal:   263061440 kB
VmallocUsed:      104488 kB
VmallocChunk:          0 kB
Percpu:             7616 kB
CmaTotal:         294912 kB
CmaFree:               0 kB
MemTotal:       12113136 kB
MemFree:         6061032 kB
MemAvailable:    7682772 kB
Buffers:            5932 kB
Cached:          1846644 kB
SwapCached:            0 kB
Active:          1754148 kB
Inactive:        1606120 kB
Active(anon):    1514308 kB
Inactive(anon):    25968 kB
Active(file):     239840 kB
Inactive(file):  1580152 kB
Unevictable:        5508 kB
Mlocked:            5508 kB
SwapTotal:       3145724 kB
SwapFree:        3145724 kB
Dirty:               400 kB
Writeback:             0 kB
AnonPages:       1512968 kB
Mapped:           865248 kB
Shmem:             28132 kB
KReclaimable:     670452 kB
Slab:             225184 kB
SReclaimable:      77884 kB
SUnreclaim:       147300 kB
KernelStack:       47456 kB
PageTables:        64276 kB
NFS_Unstable:          0 kB
Bounce:                0 kB
WritebackTmp:          0 kB
CommitLimit:     9202292 kB
Committed_AS:   67700716 kB
VmallocTotal:   263061440 kB
VmallocUsed:      104472 kB
VmallocChunk:          0 kB
Percpu:             7616 kB
CmaTotal:         294912 kB
CmaFree:               0 kB
MemTotal:       12113136 kB
MemFree:         6059136 kB
MemAvailable:    7680912 kB
Buffers:            5932 kB
Cached:          1846680 kB
SwapCached:            0 kB
Active:          1755388 kB
Inactive:        1606152 kB
Active(anon):    1515544 kB
Inactive(anon):    25968 kB
Active(file):     239844 kB
Inactive(file):  1580184 kB
Unevictable:        5508 kB
Mlocked:            5508 kB
SwapTotal:       3145724 kB
SwapFree:        3145724 kB
Dirty:               432 kB
Writeback:             0 kB
AnonPages:       1514524 kB
Mapped:           865208 kB
Shmem:             28132 kB
KReclaimable:     670452 kB
Slab:             225176 kB
SReclaimable:      77884 kB
SUnreclaim:       147292 kB
KernelStack:       47440 kB
PageTables:        64288 kB
NFS_Unstable:          0 kB
Bounce:                0 kB
WritebackTmp:          0 kB
CommitLimit:     9202292 kB
Committed_AS:   67696572 kB
VmallocTotal:   263061440 kB
VmallocUsed:      104440 kB
VmallocChunk:          0 kB
Percpu:             7616 kB
CmaTotal:         294912 kB
CmaFree:               0 kB
MemTotal:       12113136 kB
MemFree:         6046840 kB
MemAvailable:    7668628 kB
Buffers:            5932 kB
Cached:          1846652 kB
SwapCached:            0 kB
Active:          1770232 kB
Inactive:        1606124 kB
Active(anon):    1530388 kB
Inactive(anon):    25928 kB
Active(file):     239844 kB
Inactive(file):  1580196 kB
Unevictable:        5508 kB
Mlocked:            5508 kB
SwapTotal:       3145724 kB
SwapFree:        3145724 kB
Dirty:               520 kB
Writeback:             0 kB
AnonPages:       1529036 kB
Mapped:           865196 kB
Shmem:             28092 kB
KReclaimable:     670452 kB
Slab:             225184 kB
SReclaimable:      77884 kB
SUnreclaim:       147300 kB
KernelStack:       47488 kB
PageTables:        64300 kB
NFS_Unstable:          0 kB
Bounce:                0 kB
WritebackTmp:          0 kB
CommitLimit:     9202292 kB
Committed_AS:   67700684 kB
VmallocTotal:   263061440 kB
VmallocUsed:      104456 kB
VmallocChunk:          0 kB
Percpu:             7616 kB
CmaTotal:         294912 kB
CmaFree:               0 kB
MemTotal:       12113136 kB
MemFree:         6047508 kB
MemAvailable:    7669300 kB
Buffers:            5932 kB
Cached:          1846700 kB
SwapCached:            0 kB
Active:          1765780 kB
Inactive:        1606176 kB
Active(anon):    1525940 kB
Inactive(anon):    25972 kB
Active(file):     239840 kB
Inactive(file):  1580204 kB
Unevictable:        5508 kB
Mlocked:            5508 kB
SwapTotal:       3145724 kB
SwapFree:        3145724 kB
Dirty:               544 kB
Writeback:             0 kB
AnonPages:       1524792 kB
Mapped:           865084 kB
Shmem:             28136 kB
KReclaimable:     670452 kB
Slab:             225160 kB
SReclaimable:      77884 kB
SUnreclaim:       147276 kB
KernelStack:       47456 kB
PageTables:        64296 kB
NFS_Unstable:          0 kB
Bounce:                0 kB
WritebackTmp:          0 kB
CommitLimit:     9202292 kB
Committed_AS:   67701200 kB
VmallocTotal:   263061440 kB
VmallocUsed:      104456 kB
VmallocChunk:          0 kB
Percpu:             7616 kB
CmaTotal:         294912 kB
CmaFree:               0 kB
MemTotal:       12113136 kB
MemFree:         6046748 kB
MemAvailable:    7668560 kB
Buffers:            5932 kB
Cached:          1846724 kB
SwapCached:            0 kB
Active:          1766932 kB
Inactive:        1606196 kB
Active(anon):    1527088 kB
Inactive(anon):    25976 kB
Active(file):     239844 kB
Inactive(file):  1580220 kB
Unevictable:        5508 kB
Mlocked:            5508 kB
SwapTotal:       3145724 kB
SwapFree:        3145724 kB
Dirty:               592 kB
Writeback:             0 kB
AnonPages:       1526208 kB
Mapped:           865308 kB
Shmem:             28140 kB
KReclaimable:     670452 kB
Slab:             225280 kB
SReclaimable:      77884 kB
SUnreclaim:       147396 kB
KernelStack:       47440 kB
PageTables:        64264 kB
NFS_Unstable:          0 kB
Bounce:                0 kB
WritebackTmp:          0 kB
CommitLimit:     9202292 kB
Committed_AS:   67700896 kB
VmallocTotal:   263061440 kB
VmallocUsed:      104488 kB
VmallocChunk:          0 kB
Percpu:             7616 kB
CmaTotal:         294912 kB
CmaFree:               0 kB
MemTotal:       12113136 kB
MemFree:         6036496 kB
MemAvailable:    7658304 kB
Buffers:            5932 kB
Cached:          1846724 kB
SwapCached:            0 kB
Active:          1778920 kB
Inactive:        1606200 kB
Active(anon):    1539080 kB
Inactive(anon):    25980 kB
Active(file):     239840 kB
Inactive(file):  1580220 kB
Unevictable:        5508 kB
Mlocked:            5508 kB
SwapTotal:       3145724 kB
SwapFree:        3145724 kB
Dirty:               616 kB
Writeback:             0 kB
AnonPages:       1538156 kB
Mapped:           865348 kB
Shmem:             28144 kB
KReclaimable:     670452 kB
Slab:             225208 kB
SReclaimable:      77884 kB
SUnreclaim:       147324 kB
KernelStack:       47492 kB
PageTables:        64276 kB
NFS_Unstable:          0 kB
Bounce:                0 kB
WritebackTmp:          0 kB
CommitLimit:     9202292 kB
Committed_AS:   67701496 kB
VmallocTotal:   263061440 kB
VmallocUsed:      104472 kB
VmallocChunk:          0 kB
Percpu:             7616 kB
CmaTotal:         294912 kB
CmaFree:             328 kB
MemTotal:       12113136 kB
MemFree:         6043968 kB
MemAvailable:    7665792 kB
Buffers:            5932 kB
Cached:          1846740 kB
SwapCached:            0 kB
Active:          1769552 kB
Inactive:        1606216 kB
Active(anon):    1529712 kB
Inactive(anon):    25980 kB
Active(file):     239840 kB
Inactive(file):  1580236 kB
Unevictable:        5508 kB
Mlocked:            5508 kB
SwapTotal:       3145724 kB
SwapFree:        3145724 kB
Dirty:               652 kB
Writeback:             0 kB
AnonPages:       1528312 kB
Mapped:           865184 kB
Shmem:             28144 kB
KReclaimable:     670452 kB
Slab:             225184 kB
SReclaimable:      77884 kB
SUnreclaim:       147300 kB
KernelStack:       47456 kB
PageTables:        64324 kB
NFS_Unstable:          0 kB
Bounce:                0 kB
WritebackTmp:          0 kB
CommitLimit:     9202292 kB
Committed_AS:   67700256 kB
VmallocTotal:   263061440 kB
VmallocUsed:      104472 kB
VmallocChunk:          0 kB
Percpu:             7616 kB
CmaTotal:         294912 kB
CmaFree:              56 kB
MemTotal:       12113136 kB
MemFree:         6042232 kB
MemAvailable:    7664076 kB
Buffers:            5936 kB
Cached:          1846760 kB
SwapCached:            0 kB
Active:          1770792 kB
Inactive:        1606236 kB
Active(anon):    1530948 kB
Inactive(anon):    25984 kB
Active(file):     239844 kB
Inactive(file):  1580252 kB
Unevictable:        5508 kB
Mlocked:            5508 kB
SwapTotal:       3145724 kB
SwapFree:        3145724 kB
Dirty:               688 kB
Writeback:             0 kB
AnonPages:       1529912 kB
Mapped:           865340 kB
Shmem:             28148 kB
KReclaimable:     670452 kB
Slab:             225192 kB
SReclaimable:      77884 kB
SUnreclaim:       147308 kB
KernelStack:       47440 kB
PageTables:        64344 kB
NFS_Unstable:          0 kB
Bounce:                0 kB
WritebackTmp:          0 kB
CommitLimit:     9202292 kB
Committed_AS:   67694260 kB
VmallocTotal:   263061440 kB
VmallocUsed:      104488 kB
VmallocChunk:          0 kB
Percpu:             7616 kB
CmaTotal:         294912 kB
CmaFree:               4 kB
MemTotal:       12113136 kB
MemFree:         6049132 kB
MemAvailable:    7671008 kB
Buffers:            5936 kB
Cached:          1847004 kB
SwapCached:            0 kB
Active:          1766452 kB
Inactive:        1606480 kB
Active(anon):    1526608 kB
Inactive(anon):    26196 kB
Active(file):     239844 kB
Inactive(file):  1580284 kB
Unevictable:        5508 kB
Mlocked:            5508 kB
SwapTotal:       3145724 kB
SwapFree:        3145724 kB
Dirty:               712 kB
Writeback:             0 kB
AnonPages:       1525532 kB
Mapped:           865504 kB
Shmem:             28360 kB
KReclaimable:     670452 kB
Slab:             225188 kB
SReclaimable:      77884 kB
SUnreclaim:       147304 kB
KernelStack:       47472 kB
PageTables:        64272 kB
NFS_Unstable:          0 kB
Bounce:                0 kB
WritebackTmp:          0 kB
CommitLimit:     9202292 kB
Committed_AS:   67700692 kB
VmallocTotal:   263061440 kB
VmallocUsed:      104472 kB
VmallocChunk:          0 kB
Percpu:             7616 kB
CmaTotal:         294912 kB
CmaFree:             364 kB
MemTotal:       12113136 kB
MemFree:         6048680 kB
MemAvailable:    7670560 kB
Buffers:            5936 kB
Cached:          1846796 kB
SwapCached:            0 kB
Active:          1764468 kB
Inactive:        1606276 kB
Active(anon):    1524628 kB
Inactive(anon):    25984 kB
Active(file):     239840 kB
Inactive(file):  1580292 kB
Unevictable:        5508 kB
Mlocked:            5508 kB
SwapTotal:       3145724 kB
SwapFree:        3145724 kB
Dirty:               740 kB
Writeback:             0 kB
AnonPages:       1523592 kB
Mapped:           865356 kB
Shmem:             28148 kB
KReclaimable:     670452 kB
Slab:             225188 kB
SReclaimable:      77884 kB
SUnreclaim:       147304 kB
KernelStack:       47504 kB
PageTables:        64316 kB
NFS_Unstable:          0 kB
Bounce:                0 kB
WritebackTmp:          0 kB
CommitLimit:     9202292 kB
Committed_AS:   67700692 kB
VmallocTotal:   263061440 kB
VmallocUsed:      104472 kB
VmallocChunk:          0 kB
Percpu:             7616 kB
CmaTotal:         294912 kB
CmaFree:             116 kB
MemTotal:       12113136 kB
MemFree:         6046924 kB
MemAvailable:    7668812 kB
Buffers:            5936 kB
Cached:          1846804 kB
SwapCached:            0 kB
Active:          1766056 kB
Inactive:        1606284 kB
Active(anon):    1526216 kB
Inactive(anon):    25984 kB
Active(file):     239840 kB
Inactive(file):  1580300 kB
Unevictable:        5508 kB
Mlocked:            5508 kB
SwapTotal:       3145724 kB
SwapFree:        3145724 kB
Dirty:               772 kB
Writeback:             0 kB
AnonPages:       1525200 kB
Mapped:           865548 kB
Shmem:             28148 kB
KReclaimable:     670452 kB
Slab:             225188 kB
SReclaimable:      77884 kB
SUnreclaim:       147304 kB
KernelStack:       47508 kB
PageTables:        64332 kB
NFS_Unstable:          0 kB
Bounce:                0 kB
WritebackTmp:          0 kB
CommitLimit:     9202292 kB
Committed_AS:   67700692 kB
VmallocTotal:   263061440 kB
VmallocUsed:      104488 kB
VmallocChunk:          0 kB
Percpu:             7616 kB
CmaTotal:         294912 kB
CmaFree:               0 kB
MemTotal:       12113136 kB
MemFree:         6024568 kB
MemAvailable:    7646460 kB
Buffers:            5936 kB
Cached:          1846804 kB
SwapCached:            0 kB
Active:          1792268 kB
Inactive:        1606280 kB
Active(anon):    1552424 kB
Inactive(anon):    25980 kB
Active(file):     239844 kB
Inactive(file):  1580300 kB
Unevictable:        5508 kB
Mlocked:            5508 kB
SwapTotal:       3145724 kB
SwapFree:        3145724 kB
Dirty:               840 kB
Writeback:             0 kB
AnonPages:       1547608 kB
Mapped:           865076 kB
Shmem:             28144 kB
KReclaimable:     670452 kB
Slab:             225208 kB
SReclaimable:      77884 kB
SUnreclaim:       147324 kB
KernelStack:       47452 kB
PageTables:        64392 kB
NFS_Unstable:          0 kB
Bounce:                0 kB
WritebackTmp:          0 kB
CommitLimit:     9202292 kB
Committed_AS:   67700272 kB
VmallocTotal:   263061440 kB
VmallocUsed:      104440 kB
VmallocChunk:          0 kB
Percpu:             7616 kB
CmaTotal:         294912 kB
CmaFree:               0 kB
MemTotal:       12113136 kB
MemFree:         6037388 kB
MemAvailable:    7659296 kB
Buffers:            5936 kB
Cached:          1846836 kB
SwapCached:            0 kB
Active:          1776788 kB
Inactive:        1606316 kB
Active(anon):    1536948 kB
Inactive(anon):    25996 kB
Active(file):     239840 kB
Inactive(file):  1580320 kB
Unevictable:        5508 kB
Mlocked:            5508 kB
SwapTotal:       3145724 kB
SwapFree:        3145724 kB
Dirty:               864 kB
Writeback:             0 kB
AnonPages:       1535952 kB
Mapped:           865232 kB
Shmem:             28160 kB
KReclaimable:     670452 kB
Slab:             225192 kB
SReclaimable:      77884 kB
SUnreclaim:       147308 kB
KernelStack:       47476 kB
PageTables:        64228 kB
NFS_Unstable:          0 kB
Bounce:                0 kB
WritebackTmp:          0 kB
CommitLimit:     9202292 kB
Committed_AS:   67699916 kB
VmallocTotal:   263061440 kB
VmallocUsed:      104504 kB
VmallocChunk:          0 kB
Percpu:             7616 kB
CmaTotal:         294912 kB
CmaFree:               0 kB
MemTotal:       12113136 kB
MemFree:         6038008 kB
MemAvailable:    7662012 kB
Buffers:            5936 kB
Cached:          1846736 kB
SwapCached:            0 kB
Active:          1776676 kB
Inactive:        1606236 kB
Active(anon):    1536832 kB
Inactive(anon):    25900 kB
Active(file):     239844 kB
Inactive(file):  1580336 kB
Unevictable:        5508 kB
Mlocked:            5508 kB
SwapTotal:       3145724 kB
SwapFree:        3145724 kB
Dirty:               388 kB
Writeback:             0 kB
AnonPages:       1535696 kB
Mapped:           864388 kB
Shmem:             28040 kB
KReclaimable:     672528 kB
Slab:             225468 kB
SReclaimable:      77884 kB
SUnreclaim:       147584 kB
KernelStack:       47556 kB
PageTables:        64220 kB
NFS_Unstable:          0 kB
Bounce:                0 kB
WritebackTmp:          0 kB
CommitLimit:     9202292 kB
Committed_AS:   67690136 kB
VmallocTotal:   263061440 kB
VmallocUsed:      104520 kB
VmallocChunk:          0 kB
Percpu:             7616 kB
CmaTotal:         294912 kB
CmaFree:             376 kB
MemTotal:       12113136 kB
MemFree:         6026448 kB
MemAvailable:    7650444 kB
Buffers:            5936 kB
Cached:          1846920 kB
SwapCached:            0 kB
Active:          1787856 kB
Inactive:        1606424 kB
Active(anon):    1548012 kB
Inactive(anon):    26072 kB
Active(file):     239844 kB
Inactive(file):  1580352 kB
Unevictable:        5508 kB
Mlocked:            5508 kB
SwapTotal:       3145724 kB
SwapFree:        3145724 kB
Dirty:               344 kB
Writeback:             0 kB
AnonPages:       1546588 kB
Mapped:           864600 kB
Shmem:             28208 kB
KReclaimable:     672504 kB
Slab:             225248 kB
SReclaimable:      77884 kB
SUnreclaim:       147364 kB
KernelStack:       47504 kB
PageTables:        64384 kB
NFS_Unstable:          0 kB
Bounce:                0 kB
WritebackTmp:          0 kB
CommitLimit:     9202292 kB
Committed_AS:   67696628 kB
VmallocTotal:   263061440 kB
VmallocUsed:      104536 kB
VmallocChunk:          0 kB
Percpu:             7616 kB
CmaTotal:         294912 kB
CmaFree:               0 kB
MemTotal:       12113136 kB
MemFree:         6038440 kB
MemAvailable:    7662440 kB
Buffers:            5936 kB
Cached:          1846756 kB
SwapCached:            0 kB
Active:          1773808 kB
Inactive:        1606256 kB
Active(anon):    1533964 kB
Inactive(anon):    25900 kB
Active(file):     239844 kB
Inactive(file):  1580356 kB
Unevictable:        5508 kB
Mlocked:            5508 kB
SwapTotal:       3145724 kB
SwapFree:        3145724 kB
Dirty:               348 kB
Writeback:             0 kB
AnonPages:       1533084 kB
Mapped:           864480 kB
Shmem:             28040 kB
KReclaimable:     672504 kB
Slab:             225244 kB
SReclaimable:      77884 kB
SUnreclaim:       147360 kB
KernelStack:       47504 kB
PageTables:        64428 kB
NFS_Unstable:          0 kB
Bounce:                0 kB
WritebackTmp:          0 kB
CommitLimit:     9202292 kB
Committed_AS:   67696588 kB
VmallocTotal:   263061440 kB
VmallocUsed:      104520 kB
VmallocChunk:          0 kB
Percpu:             7616 kB
CmaTotal:         294912 kB
CmaFree:             244 kB
MemTotal:       12113136 kB
MemFree:         6038396 kB
MemAvailable:    7662408 kB
Buffers:            5936 kB
Cached:          1846768 kB
SwapCached:            0 kB
Active:          1774808 kB
Inactive:        1606268 kB
Active(anon):    1534964 kB
Inactive(anon):    25900 kB
Active(file):     239844 kB
Inactive(file):  1580368 kB
Unevictable:        5508 kB
Mlocked:            5508 kB
SwapTotal:       3145724 kB
SwapFree:        3145724 kB
Dirty:               376 kB
Writeback:             0 kB
AnonPages:       1534344 kB
Mapped:           864456 kB
Shmem:             28040 kB
KReclaimable:     672504 kB
Slab:             225236 kB
SReclaimable:      77884 kB
SUnreclaim:       147352 kB
KernelStack:       47520 kB
PageTables:        64284 kB
NFS_Unstable:          0 kB
Bounce:                0 kB
WritebackTmp:          0 kB
CommitLimit:     9202292 kB
Committed_AS:   67696396 kB
VmallocTotal:   263061440 kB
VmallocUsed:      104504 kB
VmallocChunk:          0 kB
Percpu:             7616 kB
CmaTotal:         294912 kB
CmaFree:               0 kB
MemTotal:       12113136 kB
MemFree:         6027428 kB
MemAvailable:    7651444 kB
Buffers:            5936 kB
Cached:          1846772 kB
SwapCached:            0 kB
Active:          1786960 kB
Inactive:        1606272 kB
Active(anon):    1547116 kB
Inactive(anon):    25900 kB
Active(file):     239844 kB
Inactive(file):  1580372 kB
Unevictable:        5508 kB
Mlocked:            5508 kB
SwapTotal:       3145724 kB
SwapFree:        3145724 kB
Dirty:               392 kB
Writeback:             0 kB
AnonPages:       1545948 kB
Mapped:           864460 kB
Shmem:             28040 kB
KReclaimable:     672504 kB
Slab:             225252 kB
SReclaimable:      77884 kB
SUnreclaim:       147368 kB
KernelStack:       47508 kB
PageTables:        64220 kB
NFS_Unstable:          0 kB
Bounce:                0 kB
WritebackTmp:          0 kB
CommitLimit:     9202292 kB
Committed_AS:   67696412 kB
VmallocTotal:   263061440 kB
VmallocUsed:      104504 kB
VmallocChunk:          0 kB
Percpu:             7616 kB
CmaTotal:         294912 kB
CmaFree:              56 kB
MemTotal:       12113136 kB
MemFree:         6037384 kB
MemAvailable:    7661448 kB
Buffers:            5936 kB
Cached:          1846820 kB
SwapCached:            0 kB
Active:          1775688 kB
Inactive:        1606320 kB
Active(anon):    1535844 kB
Inactive(anon):    25900 kB
Active(file):     239844 kB
Inactive(file):  1580420 kB
Unevictable:        5508 kB
Mlocked:            5508 kB
SwapTotal:       3145724 kB
SwapFree:        3145724 kB
Dirty:               448 kB
Writeback:             0 kB
AnonPages:       1534916 kB
Mapped:           864484 kB
Shmem:             28040 kB
KReclaimable:     672504 kB
Slab:             225316 kB
SReclaimable:      77884 kB
SUnreclaim:       147432 kB
KernelStack:       47536 kB
PageTables:        64408 kB
NFS_Unstable:          0 kB
Bounce:                0 kB
WritebackTmp:          0 kB
CommitLimit:     9202292 kB
Committed_AS:   67689980 kB
VmallocTotal:   263061440 kB
VmallocUsed:      104520 kB
VmallocChunk:          0 kB
Percpu:             7616 kB
CmaTotal:         294912 kB
CmaFree:             160 kB
MemTotal:       12113136 kB
MemFree:         6037516 kB
MemAvailable:    7661584 kB
Buffers:            5936 kB
Cached:          1846824 kB
SwapCached:            0 kB
Active:          1776228 kB
Inactive:        1606324 kB
Active(anon):    1536384 kB
Inactive(anon):    25900 kB
Active(file):     239844 kB
Inactive(file):  1580424 kB
Unevictable:        5508 kB
Mlocked:            5508 kB
SwapTotal:       3145724 kB
SwapFree:        3145724 kB
Dirty:               460 kB
Writeback:             0 kB
AnonPages:       1535076 kB
Mapped:           864384 kB
Shmem:             28040 kB
KReclaimable:     672504 kB
Slab:             225252 kB
SReclaimable:      77884 kB
SUnreclaim:       147368 kB
KernelStack:       47504 kB
PageTables:        64308 kB
NFS_Unstable:          0 kB
Bounce:                0 kB
WritebackTmp:          0 kB
CommitLimit:     9202292 kB
Committed_AS:   67696972 kB
VmallocTotal:   263061440 kB
VmallocUsed:      104488 kB
VmallocChunk:          0 kB
Percpu:             7616 kB
CmaTotal:         294912 kB
CmaFree:               0 kB
MemTotal:       12113136 kB
MemFree:         6027776 kB
MemAvailable:    7651872 kB
Buffers:            5936 kB
Cached:          1846640 kB
SwapCached:            0 kB
Active:          1789364 kB
Inactive:        1606140 kB
Active(anon):    1549520 kB
Inactive(anon):    25688 kB
Active(file):     239844 kB
Inactive(file):  1580452 kB
Unevictable:        5508 kB
Mlocked:            5508 kB
SwapTotal:       3145724 kB
SwapFree:        3145724 kB
Dirty:               436 kB
Writeback:             0 kB
AnonPages:       1548784 kB
Mapped:           864188 kB
Shmem:             27828 kB
KReclaimable:     672504 kB
Slab:             225352 kB
SReclaimable:      77884 kB
SUnreclaim:       147468 kB
KernelStack:       47504 kB
PageTables:        64296 kB
NFS_Unstable:          0 kB
Bounce:                0 kB
WritebackTmp:          0 kB
CommitLimit:     9202292 kB
Committed_AS:   67693968 kB
VmallocTotal:   263061440 kB
VmallocUsed:      104488 kB
VmallocChunk:          0 kB
Percpu:             7616 kB
CmaTotal:         294912 kB
CmaFree:             484 kB
MemTotal:       12113136 kB
MemFree:         6035812 kB
MemAvailable:    7659916 kB
Buffers:            5936 kB
Cached:          1846860 kB
SwapCached:            0 kB
Active:          1776952 kB
Inactive:        1606360 kB
Active(anon):    1537108 kB
Inactive(anon):    25900 kB
Active(file):     239844 kB
Inactive(file):  1580460 kB
Unevictable:        5508 kB
Mlocked:            5508 kB
SwapTotal:       3145724 kB
SwapFree:        3145724 kB
Dirty:               444 kB
Writeback:             0 kB
AnonPages:       1535940 kB
Mapped:           864384 kB
Shmem:             28040 kB
KReclaimable:     672504 kB
Slab:             225248 kB
SReclaimable:      77884 kB
SUnreclaim:       147364 kB
KernelStack:       47472 kB
PageTables:        64276 kB
NFS_Unstable:          0 kB
Bounce:                0 kB
WritebackTmp:          0 kB
CommitLimit:     9202292 kB
Committed_AS:   67695836 kB
VmallocTotal:   263061440 kB
VmallocUsed:      104520 kB
VmallocChunk:          0 kB
Percpu:             7616 kB
CmaTotal:         294912 kB
CmaFree:              32 kB
MemTotal:       12113136 kB
MemFree:         6035972 kB
MemAvailable:    7660112 kB
Buffers:            5940 kB
Cached:          1846892 kB
SwapCached:            0 kB
Active:          1777740 kB
Inactive:        1606392 kB
Active(anon):    1537892 kB
Inactive(anon):    25900 kB
Active(file):     239848 kB
Inactive(file):  1580492 kB
Unevictable:        5508 kB
Mlocked:            5508 kB
SwapTotal:       3145724 kB
SwapFree:        3145724 kB
Dirty:               456 kB
Writeback:             0 kB
AnonPages:       1536864 kB
Mapped:           864384 kB
Shmem:             28040 kB
KReclaimable:     672504 kB
Slab:             225300 kB
SReclaimable:      77884 kB
SUnreclaim:       147416 kB
KernelStack:       47488 kB
PageTables:        64324 kB
NFS_Unstable:          0 kB
Bounce:                0 kB
WritebackTmp:          0 kB
CommitLimit:     9202292 kB
Committed_AS:   67700092 kB
VmallocTotal:   263061440 kB
VmallocUsed:      104472 kB
VmallocChunk:          0 kB
Percpu:             7616 kB
CmaTotal:         294912 kB
CmaFree:               0 kB
MemTotal:       12113136 kB
MemFree:         6023760 kB
MemAvailable:    7647912 kB
Buffers:            5940 kB
Cached:          1846824 kB
SwapCached:            0 kB
Active:          1791276 kB
Inactive:        1606320 kB
Active(anon):    1551428 kB
Inactive(anon):    25816 kB
Active(file):     239848 kB
Inactive(file):  1580504 kB
Unevictable:        5508 kB
Mlocked:            5508 kB
SwapTotal:       3145724 kB
SwapFree:        3145724 kB
Dirty:               248 kB
Writeback:             0 kB
AnonPages:       1550400 kB
Mapped:           864300 kB
Shmem:             27960 kB
KReclaimable:     672504 kB
Slab:             225252 kB
SReclaimable:      77884 kB
SUnreclaim:       147368 kB
KernelStack:       47488 kB
PageTables:        64324 kB
NFS_Unstable:          0 kB
Bounce:                0 kB
WritebackTmp:          0 kB
CommitLimit:     9202292 kB
Committed_AS:   67695088 kB
VmallocTotal:   263061440 kB
VmallocUsed:      104472 kB
VmallocChunk:          0 kB
Percpu:             7616 kB
CmaTotal:         294912 kB
CmaFree:              72 kB
MemTotal:       12113136 kB
MemFree:         6044728 kB
MemAvailable:    7669028 kB
Buffers:            5940 kB
Cached:          1847060 kB
SwapCached:            0 kB
Active:          1767736 kB
Inactive:        1606532 kB
Active(anon):    1527864 kB
Inactive(anon):    25908 kB
Active(file):     239872 kB
Inactive(file):  1580624 kB
Unevictable:        5508 kB
Mlocked:            5508 kB
SwapTotal:       3145724 kB
SwapFree:        3145724 kB
Dirty:               108 kB
Writeback:             0 kB
AnonPages:       1526720 kB
Mapped:           864396 kB
Shmem:             28048 kB
KReclaimable:     672508 kB
Slab:             225268 kB
SReclaimable:      77888 kB
SUnreclaim:       147380 kB
KernelStack:       47572 kB
PageTables:        64300 kB
NFS_Unstable:          0 kB
Bounce:                0 kB
WritebackTmp:          0 kB
CommitLimit:     9202292 kB
Committed_AS:   67685376 kB
VmallocTotal:   263061440 kB
VmallocUsed:      104488 kB
VmallocChunk:          0 kB
Percpu:             7616 kB
CmaTotal:         294912 kB
CmaFree:               0 kB
MemTotal:       12113136 kB
MemFree:         6045124 kB
MemAvailable:    7669308 kB
Buffers:            5940 kB
Cached:          1846944 kB
SwapCached:            0 kB
Active:          1768400 kB
Inactive:        1606440 kB
Active(anon):    1528548 kB
Inactive(anon):    25912 kB
Active(file):     239852 kB
Inactive(file):  1580528 kB
Unevictable:        5508 kB
Mlocked:            5508 kB
SwapTotal:       3145724 kB
SwapFree:        3145724 kB
Dirty:               152 kB
Writeback:             0 kB
AnonPages:       1527596 kB
Mapped:           864592 kB
Shmem:             28052 kB
KReclaimable:     672508 kB
Slab:             225276 kB
SReclaimable:      77888 kB
SUnreclaim:       147388 kB
KernelStack:       47504 kB
PageTables:        64228 kB
NFS_Unstable:          0 kB
Bounce:                0 kB
WritebackTmp:          0 kB
CommitLimit:     9202292 kB
Committed_AS:   67696980 kB
VmallocTotal:   263061440 kB
VmallocUsed:      104456 kB
VmallocChunk:          0 kB
Percpu:             7616 kB
CmaTotal:         294912 kB
CmaFree:               0 kB
MemTotal:       12113136 kB
MemFree:         6030160 kB
MemAvailable:    7654348 kB
Buffers:            5940 kB
Cached:          1846948 kB
SwapCached:            0 kB
Active:          1785460 kB
Inactive:        1606448 kB
Active(anon):    1545612 kB
Inactive(anon):    25912 kB
Active(file):     239848 kB
Inactive(file):  1580536 kB
Unevictable:        5508 kB
Mlocked:            5508 kB
SwapTotal:       3145724 kB
SwapFree:        3145724 kB
Dirty:               188 kB
Writeback:             0 kB
AnonPages:       1544560 kB
Mapped:           864388 kB
Shmem:             28052 kB
KReclaimable:     672508 kB
Slab:             225264 kB
SReclaimable:      77888 kB
SUnreclaim:       147376 kB
KernelStack:       47488 kB
PageTables:        64276 kB
NFS_Unstable:          0 kB
Bounce:                0 kB
WritebackTmp:          0 kB
CommitLimit:     9202292 kB
Committed_AS:   67693980 kB
VmallocTotal:   263061440 kB
VmallocUsed:      104456 kB
VmallocChunk:          0 kB
Percpu:             7616 kB
CmaTotal:         294912 kB
CmaFree:               0 kB
MemTotal:       12113136 kB
MemFree:         6036996 kB
MemAvailable:    7661192 kB
Buffers:            5940 kB
Cached:          1846956 kB
SwapCached:            0 kB
Active:          1778632 kB
Inactive:        1606456 kB
Active(anon):    1538784 kB
Inactive(anon):    25912 kB
Active(file):     239848 kB
Inactive(file):  1580544 kB
Unevictable:        5508 kB
Mlocked:            5508 kB
SwapTotal:       3145724 kB
SwapFree:        3145724 kB
Dirty:               200 kB
Writeback:             0 kB
AnonPages:       1537716 kB
Mapped:           864396 kB
Shmem:             28052 kB
KReclaimable:     672508 kB
Slab:             225264 kB
SReclaimable:      77888 kB
SUnreclaim:       147376 kB
KernelStack:       47504 kB
PageTables:        64320 kB
NFS_Unstable:          0 kB
Bounce:                0 kB
WritebackTmp:          0 kB
CommitLimit:     9202292 kB
Committed_AS:   67689972 kB
VmallocTotal:   263061440 kB
VmallocUsed:      104440 kB
VmallocChunk:          0 kB
Percpu:             7616 kB
CmaTotal:         294912 kB
CmaFree:               0 kB
MemTotal:       12113136 kB
MemFree:         6036276 kB
MemAvailable:    7660488 kB
Buffers:            5940 kB
Cached:          1846976 kB
SwapCached:            0 kB
Active:          1776624 kB
Inactive:        1606468 kB
Active(anon):    1536772 kB
Inactive(anon):    25912 kB
Active(file):     239852 kB
Inactive(file):  1580556 kB
Unevictable:        5508 kB
Mlocked:            5508 kB
SwapTotal:       3145724 kB
SwapFree:        3145724 kB
Dirty:               236 kB
Writeback:             0 kB
AnonPages:       1535576 kB
Mapped:           864400 kB
Shmem:             28052 kB
KReclaimable:     672508 kB
Slab:             225264 kB
SReclaimable:      77888 kB
SUnreclaim:       147376 kB
KernelStack:       47504 kB
PageTables:        64376 kB
NFS_Unstable:          0 kB
Bounce:                0 kB
WritebackTmp:          0 kB
CommitLimit:     9202292 kB
Committed_AS:   67700348 kB
VmallocTotal:   263061440 kB
VmallocUsed:      104440 kB
VmallocChunk:          0 kB
Percpu:             7616 kB
CmaTotal:         294912 kB
CmaFree:             372 kB
MemTotal:       12113136 kB
MemFree:         6032560 kB
MemAvailable:    7656788 kB
Buffers:            5940 kB
Cached:          1846992 kB
SwapCached:            0 kB
Active:          1781540 kB
Inactive:        1606488 kB
Active(anon):    1541688 kB
Inactive(anon):    25916 kB
Active(file):     239852 kB
Inactive(file):  1580572 kB
Unevictable:        5508 kB
Mlocked:            5508 kB
SwapTotal:       3145724 kB
SwapFree:        3145724 kB
Dirty:               332 kB
Writeback:             0 kB
AnonPages:       1540988 kB
Mapped:           864400 kB
Shmem:             28056 kB
KReclaimable:     672508 kB
Slab:             225312 kB
SReclaimable:      77888 kB
SUnreclaim:       147424 kB
KernelStack:       47568 kB
PageTables:        64448 kB
NFS_Unstable:          0 kB
Bounce:                0 kB
WritebackTmp:          0 kB
CommitLimit:     9202292 kB
Committed_AS:   67689408 kB
VmallocTotal:   263061440 kB
VmallocUsed:      104488 kB
VmallocChunk:          0 kB
Percpu:             7616 kB
CmaTotal:         294912 kB
CmaFree:             216 kB
MemTotal:       12113136 kB
MemFree:         6039920 kB
MemAvailable:    7664164 kB
Buffers:            5940 kB
Cached:          1847008 kB
SwapCached:            0 kB
Active:          1772356 kB
Inactive:        1606504 kB
Active(anon):    1532504 kB
Inactive(anon):    25916 kB
Active(file):     239852 kB
Inactive(file):  1580588 kB
Unevictable:        5508 kB
Mlocked:            5508 kB
SwapTotal:       3145724 kB
SwapFree:        3145724 kB
Dirty:               340 kB
Writeback:             0 kB
AnonPages:       1531600 kB
Mapped:           864400 kB
Shmem:             28056 kB
KReclaimable:     672508 kB
Slab:             225240 kB
SReclaimable:      77888 kB
SUnreclaim:       147352 kB
KernelStack:       47536 kB
PageTables:        64416 kB
NFS_Unstable:          0 kB
Bounce:                0 kB
WritebackTmp:          0 kB
CommitLimit:     9202292 kB
Committed_AS:   67696436 kB
VmallocTotal:   263061440 kB
VmallocUsed:      104520 kB
VmallocChunk:          0 kB
Percpu:             7616 kB
CmaTotal:         294912 kB
CmaFree:              92 kB
MemTotal:       12113136 kB
MemFree:         6040888 kB
MemAvailable:    7665140 kB
Buffers:            5940 kB
Cached:          1847020 kB
SwapCached:            0 kB
Active:          1772936 kB
Inactive:        1606516 kB
Active(anon):    1533084 kB
Inactive(anon):    25920 kB
Active(file):     239852 kB
Inactive(file):  1580596 kB
Unevictable:        5508 kB
Mlocked:            5508 kB
SwapTotal:       3145724 kB
SwapFree:        3145724 kB
Dirty:               352 kB
Writeback:             0 kB
AnonPages:       1531892 kB
Mapped:           864404 kB
Shmem:             28060 kB
KReclaimable:     672508 kB
Slab:             225284 kB
SReclaimable:      77888 kB
SUnreclaim:       147396 kB
KernelStack:       47536 kB
PageTables:        64396 kB
NFS_Unstable:          0 kB
Bounce:                0 kB
WritebackTmp:          0 kB
CommitLimit:     9202292 kB
Committed_AS:   67689880 kB
VmallocTotal:   263061440 kB
VmallocUsed:      104456 kB
VmallocChunk:          0 kB
Percpu:             7616 kB
CmaTotal:         294912 kB
CmaFree:               0 kB
MemTotal:       12113136 kB
MemFree:         6030956 kB
MemAvailable:    7655236 kB
Buffers:            5940 kB
Cached:          1847092 kB
SwapCached:            0 kB
Active:          1785100 kB
Inactive:        1606848 kB
Active(anon):    1545248 kB
Inactive(anon):    26224 kB
Active(file):     239852 kB
Inactive(file):  1580624 kB
Unevictable:        5508 kB
Mlocked:            5508 kB
SwapTotal:       3145724 kB
SwapFree:        3145724 kB
Dirty:               436 kB
Writeback:             0 kB
AnonPages:       1544300 kB
Mapped:           864852 kB
Shmem:             28104 kB
KReclaimable:     672508 kB
Slab:             225284 kB
SReclaimable:      77888 kB
SUnreclaim:       147396 kB
KernelStack:       47536 kB
PageTables:        64388 kB
NFS_Unstable:          0 kB
Bounce:                0 kB
WritebackTmp:          0 kB
CommitLimit:     9202292 kB
Committed_AS:   67689932 kB
VmallocTotal:   263061440 kB
VmallocUsed:      104488 kB
VmallocChunk:          0 kB
Percpu:             7616 kB
CmaTotal:         294912 kB
CmaFree:               0 kB
MemTotal:       12113136 kB
MemFree:         6029736 kB
MemAvailable:    7654032 kB
Buffers:            5940 kB
Cached:          1847064 kB
SwapCached:            0 kB
Active:          1782512 kB
Inactive:        1606560 kB
Active(anon):    1542660 kB
Inactive(anon):    25920 kB
Active(file):     239852 kB
Inactive(file):  1580640 kB
Unevictable:        5508 kB
Mlocked:            5508 kB
SwapTotal:       3145724 kB
SwapFree:        3145724 kB
Dirty:               456 kB
Writeback:             0 kB
AnonPages:       1541772 kB
Mapped:           864532 kB
Shmem:             28060 kB
KReclaimable:     672508 kB
Slab:             225284 kB
SReclaimable:      77888 kB
SUnreclaim:       147396 kB
KernelStack:       47520 kB
PageTables:        64264 kB
NFS_Unstable:          0 kB
Bounce:                0 kB
WritebackTmp:          0 kB
CommitLimit:     9202292 kB
Committed_AS:   67691272 kB
VmallocTotal:   263061440 kB
VmallocUsed:      104520 kB
VmallocChunk:          0 kB
Percpu:             7616 kB
CmaTotal:         294912 kB
CmaFree:              84 kB
MemTotal:       12113136 kB
MemFree:         6030028 kB
MemAvailable:    7654332 kB
Buffers:            5940 kB
Cached:          1847072 kB
SwapCached:            0 kB
Active:          1784376 kB
Inactive:        1606568 kB
Active(anon):    1544524 kB
Inactive(anon):    25920 kB
Active(file):     239852 kB
Inactive(file):  1580648 kB
Unevictable:        5508 kB
Mlocked:            5508 kB
SwapTotal:       3145724 kB
SwapFree:        3145724 kB
Dirty:               468 kB
Writeback:             0 kB
AnonPages:       1543272 kB
Mapped:           864772 kB
Shmem:             28060 kB
KReclaimable:     672508 kB
Slab:             225288 kB
SReclaimable:      77888 kB
SUnreclaim:       147400 kB
KernelStack:       47536 kB
PageTables:        64612 kB
NFS_Unstable:          0 kB
Bounce:                0 kB
WritebackTmp:          0 kB
CommitLimit:     9202292 kB
Committed_AS:   67697164 kB
VmallocTotal:   263061440 kB
VmallocUsed:      104488 kB
VmallocChunk:          0 kB
Percpu:             7616 kB
CmaTotal:         294912 kB
CmaFree:               0 kB
MemTotal:       12113136 kB
MemFree:         6018524 kB
MemAvailable:    7642844 kB
Buffers:            5940 kB
Cached:          1847096 kB
SwapCached:            0 kB
Active:          1796100 kB
Inactive:        1606592 kB
Active(anon):    1556248 kB
Inactive(anon):    25928 kB
Active(file):     239852 kB
Inactive(file):  1580664 kB
Unevictable:        5508 kB
Mlocked:            5508 kB
SwapTotal:       3145724 kB
SwapFree:        3145724 kB
Dirty:               496 kB
Writeback:             0 kB
AnonPages:       1555124 kB
Mapped:           864540 kB
Shmem:             28068 kB
KReclaimable:     672508 kB
Slab:             225288 kB
SReclaimable:      77888 kB
SUnreclaim:       147400 kB
KernelStack:       47452 kB
PageTables:        64372 kB
NFS_Unstable:          0 kB
Bounce:                0 kB
WritebackTmp:          0 kB
CommitLimit:     9202292 kB
Committed_AS:   67696428 kB
VmallocTotal:   263061440 kB
VmallocUsed:      104440 kB
VmallocChunk:          0 kB
Percpu:             7616 kB
CmaTotal:         294912 kB
CmaFree:              44 kB
MemTotal:       12113136 kB
MemFree:         6029256 kB
MemAvailable:    7653584 kB
Buffers:            5940 kB
Cached:          1847104 kB
SwapCached:            0 kB
Active:          1785292 kB
Inactive:        1606600 kB
Active(anon):    1545440 kB
Inactive(anon):    25928 kB
Active(file):     239852 kB
Inactive(file):  1580672 kB
Unevictable:        5508 kB
Mlocked:            5508 kB
SwapTotal:       3145724 kB
SwapFree:        3145724 kB
Dirty:               508 kB
Writeback:             0 kB
AnonPages:       1544176 kB
Mapped:           864472 kB
Shmem:             28068 kB
KReclaimable:     672508 kB
Slab:             225284 kB
SReclaimable:      77888 kB
SUnreclaim:       147396 kB
KernelStack:       47424 kB
PageTables:        64192 kB
NFS_Unstable:          0 kB
Bounce:                0 kB
WritebackTmp:          0 kB
CommitLimit:     9202292 kB
Committed_AS:   67695060 kB
VmallocTotal:   263061440 kB
VmallocUsed:      104456 kB
VmallocChunk:          0 kB
Percpu:             7616 kB
CmaTotal:         294912 kB
CmaFree:               0 kB
MemTotal:       12113136 kB
MemFree:         6027284 kB
MemAvailable:    7651624 kB
Buffers:            5940 kB
Cached:          1847116 kB
SwapCached:            0 kB
Active:          1786384 kB
Inactive:        1606612 kB
Active(anon):    1546532 kB
Inactive(anon):    25928 kB
Active(file):     239852 kB
Inactive(file):  1580684 kB
Unevictable:        5508 kB
Mlocked:            5508 kB
SwapTotal:       3145724 kB
SwapFree:        3145724 kB
Dirty:               520 kB
Writeback:             0 kB
AnonPages:       1545236 kB
Mapped:           864468 kB
Shmem:             28068 kB
KReclaimable:     672508 kB
Slab:             225284 kB
SReclaimable:      77888 kB
SUnreclaim:       147396 kB
KernelStack:       47472 kB
PageTables:        64532 kB
NFS_Unstable:          0 kB
Bounce:                0 kB
WritebackTmp:          0 kB
CommitLimit:     9202292 kB
Committed_AS:   67691456 kB
VmallocTotal:   263061440 kB
VmallocUsed:      104456 kB
VmallocChunk:          0 kB
Percpu:             7616 kB
CmaTotal:         294912 kB
CmaFree:               0 kB
MemTotal:       12113136 kB
MemFree:         6012820 kB
MemAvailable:    7637172 kB
Buffers:            5944 kB
Cached:          1847124 kB
SwapCached:            0 kB
Active:          1802912 kB
Inactive:        1606624 kB
Active(anon):    1563060 kB
Inactive(anon):    25928 kB
Active(file):     239852 kB
Inactive(file):  1580696 kB
Unevictable:        5508 kB
Mlocked:            5508 kB
SwapTotal:       3145724 kB
SwapFree:        3145724 kB
Dirty:               288 kB
Writeback:             0 kB
AnonPages:       1562076 kB
Mapped:           864472 kB
Shmem:             28068 kB
KReclaimable:     672508 kB
Slab:             225276 kB
SReclaimable:      77888 kB
SUnreclaim:       147388 kB
KernelStack:       47456 kB
PageTables:        64020 kB
NFS_Unstable:          0 kB
Bounce:                0 kB
WritebackTmp:          0 kB
CommitLimit:     9202292 kB
Committed_AS:   67695120 kB
VmallocTotal:   263061440 kB
VmallocUsed:      104456 kB
VmallocChunk:          0 kB
Percpu:             7616 kB
CmaTotal:         294912 kB
CmaFree:               8 kB
MemTotal:       12113136 kB
MemFree:         6043048 kB
MemAvailable:    7667444 kB
Buffers:            5944 kB
Cached:          1847164 kB
SwapCached:            0 kB
Active:          1769504 kB
Inactive:        1606660 kB
Active(anon):    1529648 kB
Inactive(anon):    25928 kB
Active(file):     239856 kB
Inactive(file):  1580732 kB
Unevictable:        5508 kB
Mlocked:            5508 kB
SwapTotal:       3145724 kB
SwapFree:        3145724 kB
Dirty:               276 kB
Writeback:             0 kB
AnonPages:       1528584 kB
Mapped:           864468 kB
Shmem:             28068 kB
KReclaimable:     672512 kB
Slab:             225256 kB
SReclaimable:      77892 kB
SUnreclaim:       147364 kB
KernelStack:       47456 kB
PageTables:        64316 kB
NFS_Unstable:          0 kB
Bounce:                0 kB
WritebackTmp:          0 kB
CommitLimit:     9202292 kB
Committed_AS:   67696464 kB
VmallocTotal:   263061440 kB
VmallocUsed:      104456 kB
VmallocChunk:          0 kB
Percpu:             7616 kB
CmaTotal:         294912 kB
CmaFree:               0 kB
MemTotal:       12113136 kB
MemFree:         6043448 kB
MemAvailable:    7667856 kB
Buffers:            5944 kB
Cached:          1847176 kB
SwapCached:            0 kB
Active:          1768824 kB
Inactive:        1606672 kB
Active(anon):    1528968 kB
Inactive(anon):    25928 kB
Active(file):     239856 kB
Inactive(file):  1580744 kB
Unevictable:        5508 kB
Mlocked:            5508 kB
SwapTotal:       3145724 kB
SwapFree:        3145724 kB
Dirty:               292 kB
Writeback:             0 kB
AnonPages:       1528120 kB
Mapped:           864660 kB
Shmem:             28068 kB
KReclaimable:     672512 kB
Slab:             225264 kB
SReclaimable:      77892 kB
SUnreclaim:       147372 kB
KernelStack:       47456 kB
PageTables:        64584 kB
NFS_Unstable:          0 kB
Bounce:                0 kB
WritebackTmp:          0 kB
CommitLimit:     9202292 kB
Committed_AS:   67696460 kB
VmallocTotal:   263061440 kB
VmallocUsed:      104424 kB
VmallocChunk:          0 kB
Percpu:             7616 kB
CmaTotal:         294912 kB
CmaFree:               0 kB
MemTotal:       12113136 kB
MemFree:         6026764 kB
MemAvailable:    7651176 kB
Buffers:            5944 kB
Cached:          1847180 kB
SwapCached:            0 kB
Active:          1789260 kB
Inactive:        1606680 kB
Active(anon):    1549408 kB
Inactive(anon):    25928 kB
Active(file):     239852 kB
Inactive(file):  1580752 kB
Unevictable:        5508 kB
Mlocked:            5508 kB
SwapTotal:       3145724 kB
SwapFree:        3145724 kB
Dirty:               340 kB
Writeback:             0 kB
AnonPages:       1548528 kB
Mapped:           864468 kB
Shmem:             28068 kB
KReclaimable:     672512 kB
Slab:             225288 kB
SReclaimable:      77892 kB
SUnreclaim:       147396 kB
KernelStack:       47488 kB
PageTables:        64324 kB
NFS_Unstable:          0 kB
Bounce:                0 kB
WritebackTmp:          0 kB
CommitLimit:     9202292 kB
Committed_AS:   67691608 kB
VmallocTotal:   263061440 kB
VmallocUsed:      104440 kB
VmallocChunk:          0 kB
Percpu:             7616 kB
CmaTotal:         294912 kB
CmaFree:             128 kB
MemTotal:       12113136 kB
MemFree:         6028156 kB
MemAvailable:    7652616 kB
Buffers:            5944 kB
Cached:          1847252 kB
SwapCached:            0 kB
Active:          1783768 kB
Inactive:        1606744 kB
Active(anon):    1543908 kB
Inactive(anon):    25952 kB
Active(file):     239860 kB
Inactive(file):  1580792 kB
Unevictable:        5508 kB
Mlocked:            5508 kB
SwapTotal:       3145724 kB
SwapFree:        3145724 kB
Dirty:               444 kB
Writeback:             0 kB
AnonPages:       1543024 kB
Mapped:           864484 kB
Shmem:             28092 kB
KReclaimable:     672512 kB
Slab:             225228 kB
SReclaimable:      77892 kB
SUnreclaim:       147336 kB
KernelStack:       47520 kB
PageTables:        64352 kB
NFS_Unstable:          0 kB
Bounce:                0 kB
WritebackTmp:          0 kB
CommitLimit:     9202292 kB
Committed_AS:   67694264 kB
VmallocTotal:   263061440 kB
VmallocUsed:      104440 kB
VmallocChunk:          0 kB
Percpu:             7616 kB
CmaTotal:         294912 kB
CmaFree:               0 kB
MemTotal:       12113136 kB
MemFree:         6053028 kB
MemAvailable:    7677476 kB
Buffers:            5944 kB
Cached:          1847240 kB
SwapCached:            0 kB
Active:          1758016 kB
Inactive:        1606732 kB
Active(anon):    1518156 kB
Inactive(anon):    25952 kB
Active(file):     239860 kB
Inactive(file):  1580780 kB
Unevictable:        5508 kB
Mlocked:            5508 kB
SwapTotal:       3145724 kB
SwapFree:        3145724 kB
Dirty:               208 kB
Writeback:             0 kB
AnonPages:       1517396 kB
Mapped:           864492 kB
Shmem:             28092 kB
KReclaimable:     672512 kB
Slab:             225284 kB
SReclaimable:      77892 kB
SUnreclaim:       147392 kB
KernelStack:       47568 kB
PageTables:        64448 kB
NFS_Unstable:          0 kB
Bounce:                0 kB
WritebackTmp:          0 kB
CommitLimit:     9202292 kB
Committed_AS:   67686608 kB
VmallocTotal:   263061440 kB
VmallocUsed:      104456 kB
VmallocChunk:          0 kB
Percpu:             7616 kB
CmaTotal:         294912 kB
CmaFree:            1108 kB
MemTotal:       12113136 kB
MemFree:         6027360 kB
MemAvailable:    7651808 kB
Buffers:            5944 kB
Cached:          1847252 kB
SwapCached:            0 kB
Active:          1789052 kB
Inactive:        1606748 kB
Active(anon):    1549196 kB
Inactive(anon):    25964 kB
Active(file):     239856 kB
Inactive(file):  1580784 kB
Unevictable:        5508 kB
Mlocked:            5508 kB
SwapTotal:       3145724 kB
SwapFree:        3145724 kB
Dirty:               276 kB
Writeback:             0 kB
AnonPages:       1548380 kB
Mapped:           864628 kB
Shmem:             28104 kB
KReclaimable:     672512 kB
Slab:             225260 kB
SReclaimable:      77892 kB
SUnreclaim:       147368 kB
KernelStack:       47536 kB
PageTables:        64228 kB
NFS_Unstable:          0 kB
Bounce:                0 kB
WritebackTmp:          0 kB
CommitLimit:     9202292 kB
Committed_AS:   67694028 kB
VmallocTotal:   263061440 kB
VmallocUsed:      104456 kB
VmallocChunk:          0 kB
Percpu:             7616 kB
CmaTotal:         294912 kB
CmaFree:              24 kB
MemTotal:       12113136 kB
MemFree:         6027356 kB
MemAvailable:    7651828 kB
Buffers:            5944 kB
Cached:          1847276 kB
SwapCached:            0 kB
Active:          1786012 kB
Inactive:        1606768 kB
Active(anon):    1546152 kB
Inactive(anon):    25964 kB
Active(file):     239860 kB
Inactive(file):  1580804 kB
Unevictable:        5508 kB
Mlocked:            5508 kB
SwapTotal:       3145724 kB
SwapFree:        3145724 kB
Dirty:               308 kB
Writeback:             0 kB
AnonPages:       1545116 kB
Mapped:           864576 kB
Shmem:             28104 kB
KReclaimable:     672512 kB
Slab:             225256 kB
SReclaimable:      77892 kB
SUnreclaim:       147364 kB
KernelStack:       47552 kB
PageTables:        64020 kB
NFS_Unstable:          0 kB
Bounce:                0 kB
WritebackTmp:          0 kB
CommitLimit:     9202292 kB
Committed_AS:   67690356 kB
VmallocTotal:   263061440 kB
VmallocUsed:      104456 kB
VmallocChunk:          0 kB
Percpu:             7616 kB
CmaTotal:         294912 kB
CmaFree:               8 kB
MemTotal:       12113136 kB
MemFree:         6026696 kB
MemAvailable:    7651164 kB
Buffers:            5944 kB
Cached:          1847272 kB
SwapCached:            0 kB
Active:          1786692 kB
Inactive:        1606768 kB
Active(anon):    1546836 kB
Inactive(anon):    25964 kB
Active(file):     239856 kB
Inactive(file):  1580804 kB
Unevictable:        5508 kB
Mlocked:            5508 kB
SwapTotal:       3145724 kB
SwapFree:        3145724 kB
Dirty:               312 kB
Writeback:             0 kB
AnonPages:       1545820 kB
Mapped:           864508 kB
Shmem:             28104 kB
KReclaimable:     672512 kB
Slab:             225272 kB
SReclaimable:      77892 kB
SUnreclaim:       147380 kB
KernelStack:       47552 kB
PageTables:        64320 kB
NFS_Unstable:          0 kB
Bounce:                0 kB
WritebackTmp:          0 kB
CommitLimit:     9202292 kB
Committed_AS:   67695376 kB
VmallocTotal:   263061440 kB
VmallocUsed:      104456 kB
VmallocChunk:          0 kB
Percpu:             7616 kB
CmaTotal:         294912 kB
CmaFree:              36 kB
MemTotal:       12113136 kB
MemFree:         6025460 kB
MemAvailable:    7649972 kB
Buffers:            5944 kB
Cached:          1847360 kB
SwapCached:            0 kB
Active:          1788756 kB
Inactive:        1606812 kB
Active(anon):    1548900 kB
Inactive(anon):    25964 kB
Active(file):     239856 kB
Inactive(file):  1580848 kB
Unevictable:        5508 kB
Mlocked:            5508 kB
SwapTotal:       3145724 kB
SwapFree:        3145724 kB
Dirty:               440 kB
Writeback:             0 kB
AnonPages:       1547272 kB
Mapped:           864504 kB
Shmem:             28148 kB
KReclaimable:     672512 kB
Slab:             225268 kB
SReclaimable:      77892 kB
SUnreclaim:       147376 kB
KernelStack:       47536 kB
PageTables:        64292 kB
NFS_Unstable:          0 kB
Bounce:                0 kB
WritebackTmp:          0 kB
CommitLimit:     9202292 kB
Committed_AS:   67692224 kB
VmallocTotal:   263061440 kB
VmallocUsed:      104424 kB
VmallocChunk:          0 kB
Percpu:             7616 kB
CmaTotal:         294912 kB
CmaFree:              84 kB
MemTotal:       12113136 kB
MemFree:         6033320 kB
MemAvailable:    7657836 kB
Buffers:            5944 kB
Cached:          1847320 kB
SwapCached:            0 kB
Active:          1779624 kB
Inactive:        1606816 kB
Active(anon):    1539768 kB
Inactive(anon):    25964 kB
Active(file):     239856 kB
Inactive(file):  1580852 kB
Unevictable:        5508 kB
Mlocked:            5508 kB
SwapTotal:       3145724 kB
SwapFree:        3145724 kB
Dirty:               460 kB
Writeback:             0 kB
AnonPages:       1538800 kB
Mapped:           864768 kB
Shmem:             28104 kB
KReclaimable:     672512 kB
Slab:             225268 kB
SReclaimable:      77892 kB
SUnreclaim:       147376 kB
KernelStack:       47472 kB
PageTables:        64672 kB
NFS_Unstable:          0 kB
Bounce:                0 kB
WritebackTmp:          0 kB
CommitLimit:     9202292 kB
Committed_AS:   67695400 kB
VmallocTotal:   263061440 kB
VmallocUsed:      104456 kB
VmallocChunk:          0 kB
Percpu:             7616 kB
CmaTotal:         294912 kB
CmaFree:               0 kB
MemTotal:       12113136 kB
MemFree:         6034332 kB
MemAvailable:    7658860 kB
Buffers:            5944 kB
Cached:          1847332 kB
SwapCached:            0 kB
Active:          1780456 kB
Inactive:        1606828 kB
Active(anon):    1540600 kB
Inactive(anon):    25964 kB
Active(file):     239856 kB
Inactive(file):  1580864 kB
Unevictable:        5508 kB
Mlocked:            5508 kB
SwapTotal:       3145724 kB
SwapFree:        3145724 kB
Dirty:               472 kB
Writeback:             0 kB
AnonPages:       1539576 kB
Mapped:           864504 kB
Shmem:             28104 kB
KReclaimable:     672512 kB
Slab:             225268 kB
SReclaimable:      77892 kB
SUnreclaim:       147376 kB
KernelStack:       47584 kB
PageTables:        64380 kB
NFS_Unstable:          0 kB
Bounce:                0 kB
WritebackTmp:          0 kB
CommitLimit:     9202292 kB
Committed_AS:   67692372 kB
VmallocTotal:   263061440 kB
VmallocUsed:      104424 kB
VmallocChunk:          0 kB
Percpu:             7616 kB
CmaTotal:         294912 kB
CmaFree:               0 kB
MemTotal:       12113136 kB
MemFree:         6018024 kB
MemAvailable:    7642568 kB
Buffers:            5944 kB
Cached:          1847392 kB
SwapCached:            0 kB
Active:          1799312 kB
Inactive:        1606888 kB
Active(anon):    1559456 kB
Inactive(anon):    26008 kB
Active(file):     239856 kB
Inactive(file):  1580880 kB
Unevictable:        5508 kB
Mlocked:            5508 kB
SwapTotal:       3145724 kB
SwapFree:        3145724 kB
Dirty:               504 kB
Writeback:             0 kB
AnonPages:       1558772 kB
Mapped:           864548 kB
Shmem:             28148 kB
KReclaimable:     672512 kB
Slab:             225296 kB
SReclaimable:      77892 kB
SUnreclaim:       147404 kB
KernelStack:       47520 kB
PageTables:        64336 kB
NFS_Unstable:          0 kB
Bounce:                0 kB
WritebackTmp:          0 kB
CommitLimit:     9202292 kB
Committed_AS:   67692812 kB
VmallocTotal:   263061440 kB
VmallocUsed:      104472 kB
VmallocChunk:          0 kB
Percpu:             7616 kB
CmaTotal:         294912 kB
CmaFree:               0 kB
MemTotal:       12113136 kB
MemFree:         6024988 kB
MemAvailable:    7649580 kB
Buffers:            5944 kB
Cached:          1847396 kB
SwapCached:            0 kB
Active:          1789744 kB
Inactive:        1606884 kB
Active(anon):    1549880 kB
Inactive(anon):    25964 kB
Active(file):     239864 kB
Inactive(file):  1580920 kB
Unevictable:        5508 kB
Mlocked:            5508 kB
SwapTotal:       3145724 kB
SwapFree:        3145724 kB
Dirty:               528 kB
Writeback:             0 kB
AnonPages:       1548756 kB
Mapped:           864504 kB
Shmem:             28104 kB
KReclaimable:     672512 kB
Slab:             225344 kB
SReclaimable:      77892 kB
SUnreclaim:       147452 kB
KernelStack:       47584 kB
PageTables:        64440 kB
NFS_Unstable:          0 kB
Bounce:                0 kB
WritebackTmp:          0 kB
CommitLimit:     9202292 kB
Committed_AS:   67689272 kB
VmallocTotal:   263061440 kB
VmallocUsed:      104488 kB
VmallocChunk:          0 kB
Percpu:             7616 kB
CmaTotal:         294912 kB
CmaFree:              44 kB
MemTotal:       12113136 kB
MemFree:         6048864 kB
MemAvailable:    7673424 kB
Buffers:            5944 kB
Cached:          1847364 kB
SwapCached:            0 kB
Active:          1764288 kB
Inactive:        1606860 kB
Active(anon):    1524432 kB
Inactive(anon):    25964 kB
Active(file):     239856 kB
Inactive(file):  1580896 kB
Unevictable:        5508 kB
Mlocked:            5508 kB
SwapTotal:       3145724 kB
SwapFree:        3145724 kB
Dirty:               520 kB
Writeback:             0 kB
AnonPages:       1523420 kB
Mapped:           864784 kB
Shmem:             28104 kB
KReclaimable:     672512 kB
Slab:             225304 kB
SReclaimable:      77892 kB
SUnreclaim:       147412 kB
KernelStack:       47536 kB
PageTables:        64420 kB
NFS_Unstable:          0 kB
Bounce:                0 kB
WritebackTmp:          0 kB
CommitLimit:     9202292 kB
Committed_AS:   67696192 kB
VmallocTotal:   263061440 kB
VmallocUsed:      104504 kB
VmallocChunk:          0 kB
Percpu:             7616 kB
CmaTotal:         294912 kB
CmaFree:               0 kB
MemTotal:       12113136 kB
MemFree:         6015240 kB
MemAvailable:    7639808 kB
Buffers:            5952 kB
Cached:          1847324 kB
SwapCached:            0 kB
Active:          1801008 kB
Inactive:        1606828 kB
Active(anon):    1561152 kB
Inactive(anon):    25924 kB
Active(file):     239856 kB
Inactive(file):  1580904 kB
Unevictable:        5508 kB
Mlocked:            5508 kB
SwapTotal:       3145724 kB
SwapFree:        3145724 kB
Dirty:               244 kB
Writeback:             0 kB
AnonPages:       1560164 kB
Mapped:           864540 kB
Shmem:             28064 kB
KReclaimable:     672512 kB
Slab:             225260 kB
SReclaimable:      77892 kB
SUnreclaim:       147368 kB
KernelStack:       47520 kB
PageTables:        64628 kB
NFS_Unstable:          0 kB
Bounce:                0 kB
WritebackTmp:          0 kB
CommitLimit:     9202292 kB
Committed_AS:   67691996 kB
VmallocTotal:   263061440 kB
VmallocUsed:      104472 kB
VmallocChunk:          0 kB
Percpu:             7616 kB
CmaTotal:         294912 kB
CmaFree:             240 kB
MemTotal:       12113136 kB
MemFree:         6020172 kB
MemAvailable:    7644784 kB
Buffers:            5952 kB
Cached:          1847412 kB
SwapCached:            0 kB
Active:          1792136 kB
Inactive:        1606908 kB
Active(anon):    1552272 kB
Inactive(anon):    25968 kB
Active(file):     239864 kB
Inactive(file):  1580940 kB
Unevictable:        5508 kB
Mlocked:            5508 kB
SwapTotal:       3145724 kB
SwapFree:        3145724 kB
Dirty:               224 kB
Writeback:             0 kB
AnonPages:       1551396 kB
Mapped:           864548 kB
Shmem:             28108 kB
KReclaimable:     672512 kB
Slab:             225288 kB
SReclaimable:      77892 kB
SUnreclaim:       147396 kB
KernelStack:       47520 kB
PageTables:        64396 kB
NFS_Unstable:          0 kB
Bounce:                0 kB
WritebackTmp:          0 kB
CommitLimit:     9202292 kB
Committed_AS:   67690660 kB
VmallocTotal:   263061440 kB
VmallocUsed:      104456 kB
VmallocChunk:          0 kB
Percpu:             7616 kB
CmaTotal:         294912 kB
CmaFree:              52 kB
MemTotal:       12113136 kB
MemFree:         6020808 kB
MemAvailable:    7645436 kB
Buffers:            5952 kB
Cached:          1847428 kB
SwapCached:            0 kB
Active:          1792368 kB
Inactive:        1606924 kB
Active(anon):    1552504 kB
Inactive(anon):    25968 kB
Active(file):     239864 kB
Inactive(file):  1580956 kB
Unevictable:        5508 kB
Mlocked:            5508 kB
SwapTotal:       3145724 kB
SwapFree:        3145724 kB
Dirty:               284 kB
Writeback:             0 kB
AnonPages:       1551216 kB
Mapped:           864508 kB
Shmem:             28108 kB
KReclaimable:     672512 kB
Slab:             225304 kB
SReclaimable:      77892 kB
SUnreclaim:       147412 kB
KernelStack:       47488 kB
PageTables:        64272 kB
NFS_Unstable:          0 kB
Bounce:                0 kB
WritebackTmp:          0 kB
CommitLimit:     9202292 kB
Committed_AS:   67691192 kB
VmallocTotal:   263061440 kB
VmallocUsed:      104472 kB
VmallocChunk:          0 kB
Percpu:             7616 kB
CmaTotal:         294912 kB
CmaFree:               0 kB
MemTotal:       12113136 kB
MemFree:         6013572 kB
MemAvailable:    7638204 kB
Buffers:            5952 kB
Cached:          1847384 kB
SwapCached:            0 kB
Active:          1800492 kB
Inactive:        1606880 kB
Active(anon):    1560628 kB
Inactive(anon):    25920 kB
Active(file):     239864 kB
Inactive(file):  1580960 kB
Unevictable:        5508 kB
Mlocked:            5508 kB
SwapTotal:       3145724 kB
SwapFree:        3145724 kB
Dirty:               312 kB
Writeback:             0 kB
AnonPages:       1559880 kB
Mapped:           864460 kB
Shmem:             28060 kB
KReclaimable:     672512 kB
Slab:             225300 kB
SReclaimable:      77892 kB
SUnreclaim:       147408 kB
KernelStack:       47504 kB
PageTables:        64380 kB
NFS_Unstable:          0 kB
Bounce:                0 kB
WritebackTmp:          0 kB
CommitLimit:     9202292 kB
Committed_AS:   67696900 kB
VmallocTotal:   263061440 kB
VmallocUsed:      104504 kB
VmallocChunk:          0 kB
Percpu:             7616 kB
CmaTotal:         294912 kB
CmaFree:             252 kB
MemTotal:       12113136 kB
MemFree:         6021732 kB
MemAvailable:    7646380 kB
Buffers:            5952 kB
Cached:          1847448 kB
SwapCached:            0 kB
Active:          1791200 kB
Inactive:        1606944 kB
Active(anon):    1551336 kB
Inactive(anon):    25968 kB
Active(file):     239864 kB
Inactive(file):  1580976 kB
Unevictable:        5508 kB
Mlocked:            5508 kB
SwapTotal:       3145724 kB
SwapFree:        3145724 kB
Dirty:               328 kB
Writeback:             0 kB
AnonPages:       1550080 kB
Mapped:           864508 kB
Shmem:             28108 kB
KReclaimable:     672512 kB
Slab:             225308 kB
SReclaimable:      77892 kB
SUnreclaim:       147416 kB
KernelStack:       47504 kB
PageTables:        64436 kB
NFS_Unstable:          0 kB
Bounce:                0 kB
WritebackTmp:          0 kB
CommitLimit:     9202292 kB
Committed_AS:   67691912 kB
VmallocTotal:   263061440 kB
VmallocUsed:      104504 kB
