MemTotal:       12113136 kB
MemFree:         6473840 kB
MemAvailable:    8005460 kB
Buffers:            4764 kB
Cached:          1755936 kB
SwapCached:            0 kB
Active:          1567024 kB
Inactive:        1502500 kB
Active(anon):    1315600 kB
Inactive(anon):    22680 kB
Active(file):     251424 kB
Inactive(file):  1479820 kB
Unevictable:        5616 kB
Mlocked:            5616 kB
SwapTotal:       3145724 kB
SwapFree:        3145724 kB
Dirty:               152 kB
Writeback:             0 kB
AnonPages:       1314380 kB
Mapped:           876828 kB
Shmem:             24892 kB
KReclaimable:     669080 kB
Slab:             225308 kB
SReclaimable:      76500 kB
SUnreclaim:       148808 kB
KernelStack:       50244 kB
PageTables:        68472 kB
NFS_Unstable:          0 kB
Bounce:                0 kB
WritebackTmp:          0 kB
CommitLimit:     9202292 kB
Committed_AS:   76577908 kB
VmallocTotal:   263061440 kB
VmallocUsed:      107260 kB
VmallocChunk:          0 kB
Percpu:             7648 kB
CmaTotal:         294912 kB
CmaFree:               0 kB
MemTotal:       12113136 kB
MemFree:         6472472 kB
MemAvailable:    8004348 kB
Buffers:            4764 kB
Cached:          1756212 kB
SwapCached:            0 kB
Active:          1567740 kB
Inactive:        1502672 kB
Active(anon):    1316212 kB
Inactive(anon):    22744 kB
Active(file):     251528 kB
Inactive(file):  1479928 kB
Unevictable:        5616 kB
Mlocked:            5616 kB
SwapTotal:       3145724 kB
SwapFree:        3145724 kB
Dirty:               232 kB
Writeback:             0 kB
AnonPages:       1315044 kB
Mapped:           876828 kB
Shmem:             24956 kB
KReclaimable:     669124 kB
Slab:             225416 kB
SReclaimable:      76544 kB
SUnreclaim:       148872 kB
KernelStack:       50304 kB
PageTables:        68620 kB
NFS_Unstable:          0 kB
Bounce:                0 kB
WritebackTmp:          0 kB
CommitLimit:     9202292 kB
Committed_AS:   76585492 kB
VmallocTotal:   263061440 kB
VmallocUsed:      107324 kB
VmallocChunk:          0 kB
Percpu:             7648 kB
CmaTotal:         294912 kB
CmaFree:               0 kB
MemTotal:       12113136 kB
MemFree:         6471524 kB
MemAvailable:    8003404 kB
Buffers:            4764 kB
Cached:          1756216 kB
SwapCached:            0 kB
Active:          1567824 kB
Inactive:        1502672 kB
Active(anon):    1316292 kB
Inactive(anon):    22744 kB
Active(file):     251532 kB
Inactive(file):  1479928 kB
Unevictable:        5616 kB
Mlocked:            5616 kB
SwapTotal:       3145724 kB
SwapFree:        3145724 kB
Dirty:               236 kB
Writeback:             0 kB
AnonPages:       1315328 kB
Mapped:           876828 kB
Shmem:             24956 kB
KReclaimable:     669124 kB
Slab:             225448 kB
SReclaimable:      76544 kB
SUnreclaim:       148904 kB
KernelStack:       50304 kB
PageTables:        68612 kB
NFS_Unstable:          0 kB
Bounce:                0 kB
WritebackTmp:          0 kB
CommitLimit:     9202292 kB
Committed_AS:   76589056 kB
VmallocTotal:   263061440 kB
VmallocUsed:      107340 kB
VmallocChunk:          0 kB
Percpu:             7648 kB
CmaTotal:         294912 kB
CmaFree:               0 kB
MemTotal:       12113136 kB
MemFree:         6470852 kB
MemAvailable:    8002744 kB
Buffers:            4764 kB
Cached:          1756228 kB
SwapCached:            0 kB
Active:          1568180 kB
Inactive:        1502676 kB
Active(anon):    1316640 kB
Inactive(anon):    22744 kB
Active(file):     251540 kB
Inactive(file):  1479932 kB
Unevictable:        5616 kB
Mlocked:            5616 kB
SwapTotal:       3145724 kB
SwapFree:        3145724 kB
Dirty:               264 kB
Writeback:             0 kB
AnonPages:       1315572 kB
Mapped:           876936 kB
Shmem:             24956 kB
KReclaimable:     669124 kB
Slab:             225424 kB
SReclaimable:      76544 kB
SUnreclaim:       148880 kB
KernelStack:       50304 kB
PageTables:        68616 kB
NFS_Unstable:          0 kB
Bounce:                0 kB
WritebackTmp:          0 kB
CommitLimit:     9202292 kB
Committed_AS:   76588892 kB
VmallocTotal:   263061440 kB
VmallocUsed:      107372 kB
VmallocChunk:          0 kB
Percpu:             7648 kB
CmaTotal:         294912 kB
CmaFree:               0 kB
MemTotal:       12113136 kB
MemFree:         6469428 kB
MemAvailable:    8001336 kB
Buffers:            4764 kB
Cached:          1756244 kB
SwapCached:            0 kB
Active:          1569120 kB
Inactive:        1502688 kB
Active(anon):    1317576 kB
Inactive(anon):    22744 kB
Active(file):     251544 kB
Inactive(file):  1479944 kB
Unevictable:        5616 kB
Mlocked:            5616 kB
SwapTotal:       3145724 kB
SwapFree:        3145724 kB
Dirty:               280 kB
Writeback:             0 kB
AnonPages:       1316552 kB
Mapped:           876828 kB
Shmem:             24956 kB
KReclaimable:     669124 kB
Slab:             225416 kB
SReclaimable:      76544 kB
SUnreclaim:       148872 kB
KernelStack:       50304 kB
PageTables:        68620 kB
NFS_Unstable:          0 kB
Bounce:                0 kB
WritebackTmp:          0 kB
CommitLimit:     9202292 kB
Committed_AS:   76596124 kB
VmallocTotal:   263061440 kB
VmallocUsed:      107404 kB
VmallocChunk:          0 kB
Percpu:             7648 kB
CmaTotal:         294912 kB
CmaFree:               0 kB
MemTotal:       12113136 kB
MemFree:         6468036 kB
MemAvailable:    7999952 kB
Buffers:            4764 kB
Cached:          1756256 kB
SwapCached:            0 kB
Active:          1569844 kB
Inactive:        1502696 kB
Active(anon):    1318296 kB
Inactive(anon):    22748 kB
Active(file):     251548 kB
Inactive(file):  1479948 kB
Unevictable:        5616 kB
Mlocked:            5616 kB
SwapTotal:       3145724 kB
SwapFree:        3145724 kB
Dirty:               288 kB
Writeback:             0 kB
AnonPages:       1317248 kB
Mapped:           876832 kB
Shmem:             24960 kB
KReclaimable:     669124 kB
Slab:             225432 kB
SReclaimable:      76544 kB
SUnreclaim:       148888 kB
KernelStack:       50304 kB
PageTables:        68620 kB
NFS_Unstable:          0 kB
Bounce:                0 kB
WritebackTmp:          0 kB
CommitLimit:     9202292 kB
Committed_AS:   76601440 kB
VmallocTotal:   263061440 kB
VmallocUsed:      107388 kB
VmallocChunk:          0 kB
Percpu:             7648 kB
CmaTotal:         294912 kB
CmaFree:               0 kB
MemTotal:       12113136 kB
MemFree:         6466980 kB
MemAvailable:    7998904 kB
Buffers:            4764 kB
Cached:          1756268 kB
SwapCached:            0 kB
Active:          1571724 kB
Inactive:        1502708 kB
Active(anon):    1320176 kB
Inactive(anon):    22752 kB
Active(file):     251548 kB
Inactive(file):  1479956 kB
Unevictable:        5616 kB
Mlocked:            5616 kB
SwapTotal:       3145724 kB
SwapFree:        3145724 kB
Dirty:               316 kB
Writeback:             0 kB
AnonPages:       1318760 kB
Mapped:           876836 kB
Shmem:             24964 kB
KReclaimable:     669124 kB
Slab:             225424 kB
SReclaimable:      76544 kB
SUnreclaim:       148880 kB
KernelStack:       50324 kB
PageTables:        68632 kB
NFS_Unstable:          0 kB
Bounce:                0 kB
WritebackTmp:          0 kB
CommitLimit:     9202292 kB
Committed_AS:   76602092 kB
VmallocTotal:   263061440 kB
VmallocUsed:      107420 kB
VmallocChunk:          0 kB
Percpu:             7648 kB
CmaTotal:         294912 kB
CmaFree:               0 kB
MemTotal:       12113136 kB
MemFree:         6466856 kB
MemAvailable:    7998800 kB
Buffers:            4764 kB
Cached:          1756284 kB
SwapCached:            0 kB
Active:          1571964 kB
Inactive:        1502724 kB
Active(anon):    1320416 kB
Inactive(anon):    22752 kB
Active(file):     251548 kB
Inactive(file):  1479972 kB
Unevictable:        5616 kB
Mlocked:            5616 kB
SwapTotal:       3145724 kB
SwapFree:        3145724 kB
Dirty:               392 kB
Writeback:             0 kB
AnonPages:       1319428 kB
Mapped:           876836 kB
Shmem:             24964 kB
KReclaimable:     669128 kB
Slab:             225428 kB
SReclaimable:      76548 kB
SUnreclaim:       148880 kB
KernelStack:       50304 kB
PageTables:        68624 kB
NFS_Unstable:          0 kB
Bounce:                0 kB
WritebackTmp:          0 kB
CommitLimit:     9202292 kB
Committed_AS:   76601620 kB
VmallocTotal:   263061440 kB
VmallocUsed:      107340 kB
VmallocChunk:          0 kB
Percpu:             7648 kB
CmaTotal:         294912 kB
CmaFree:               0 kB
MemTotal:       12113136 kB
MemFree:         6466136 kB
MemAvailable:    7998072 kB
Buffers:            4764 kB
Cached:          1756276 kB
SwapCached:            0 kB
Active:          1572768 kB
Inactive:        1502720 kB
Active(anon):    1321224 kB
Inactive(anon):    22752 kB
Active(file):     251544 kB
Inactive(file):  1479968 kB
Unevictable:        5616 kB
Mlocked:            5616 kB
SwapTotal:       3145724 kB
SwapFree:        3145724 kB
Dirty:               424 kB
Writeback:             0 kB
AnonPages:       1319896 kB
Mapped:           876836 kB
Shmem:             24964 kB
KReclaimable:     669128 kB
Slab:             225428 kB
SReclaimable:      76548 kB
SUnreclaim:       148880 kB
KernelStack:       50320 kB
PageTables:        68644 kB
NFS_Unstable:          0 kB
Bounce:                0 kB
WritebackTmp:          0 kB
CommitLimit:     9202292 kB
Committed_AS:   76601768 kB
VmallocTotal:   263061440 kB
VmallocUsed:      107372 kB
VmallocChunk:          0 kB
Percpu:             7648 kB
CmaTotal:         294912 kB
CmaFree:               0 kB
MemTotal:       12113136 kB
MemFree:         6437224 kB
MemAvailable:    7969232 kB
Buffers:            4764 kB
Cached:          1756352 kB
SwapCached:            0 kB
Active:          1601256 kB
Inactive:        1502788 kB
Active(anon):    1349704 kB
Inactive(anon):    22788 kB
Active(file):     251552 kB
Inactive(file):  1480000 kB
Unevictable:        5616 kB
Mlocked:            5616 kB
SwapTotal:       3145724 kB
SwapFree:        3145724 kB
Dirty:               452 kB
Writeback:             0 kB
AnonPages:       1348372 kB
Mapped:           876840 kB
Shmem:             25000 kB
KReclaimable:     669160 kB
Slab:             225468 kB
SReclaimable:      76580 kB
SUnreclaim:       148888 kB
KernelStack:       50320 kB
PageTables:        68636 kB
NFS_Unstable:          0 kB
Bounce:                0 kB
WritebackTmp:          0 kB
CommitLimit:     9202292 kB
Committed_AS:   76601168 kB
VmallocTotal:   263061440 kB
VmallocUsed:      107404 kB
VmallocChunk:          0 kB
Percpu:             7648 kB
CmaTotal:         294912 kB
CmaFree:               0 kB
MemTotal:       12113136 kB
MemFree:         6457684 kB
MemAvailable:    7989704 kB
Buffers:            4764 kB
Cached:          1756396 kB
SwapCached:            0 kB
Active:          1579036 kB
Inactive:        1502828 kB
Active(anon):    1327480 kB
Inactive(anon):    22820 kB
Active(file):     251556 kB
Inactive(file):  1480008 kB
Unevictable:        5616 kB
Mlocked:            5616 kB
SwapTotal:       3145724 kB
SwapFree:        3145724 kB
Dirty:               464 kB
Writeback:             0 kB
AnonPages:       1326640 kB
Mapped:           876840 kB
Shmem:             25032 kB
KReclaimable:     669160 kB
Slab:             225476 kB
SReclaimable:      76580 kB
SUnreclaim:       148896 kB
KernelStack:       50320 kB
PageTables:        68632 kB
NFS_Unstable:          0 kB
Bounce:                0 kB
WritebackTmp:          0 kB
CommitLimit:     9202292 kB
Committed_AS:   76601288 kB
VmallocTotal:   263061440 kB
VmallocUsed:      107404 kB
VmallocChunk:          0 kB
Percpu:             7648 kB
CmaTotal:         294912 kB
CmaFree:               0 kB
MemTotal:       12113136 kB
MemFree:         6464420 kB
MemAvailable:    7996452 kB
Buffers:            4764 kB
Cached:          1760568 kB
SwapCached:            0 kB
Active:          1570576 kB
Inactive:        1506996 kB
Active(anon):    1319016 kB
Inactive(anon):    26980 kB
Active(file):     251560 kB
Inactive(file):  1480016 kB
Unevictable:        5616 kB
Mlocked:            5616 kB
SwapTotal:       3145724 kB
SwapFree:        3145724 kB
Dirty:               476 kB
Writeback:             0 kB
AnonPages:       1317736 kB
Mapped:           881000 kB
Shmem:             29192 kB
KReclaimable:     669160 kB
Slab:             225460 kB
SReclaimable:      76580 kB
SUnreclaim:       148880 kB
KernelStack:       50320 kB
PageTables:        68632 kB
NFS_Unstable:          0 kB
Bounce:                0 kB
WritebackTmp:          0 kB
CommitLimit:     9202292 kB
Committed_AS:   76602904 kB
VmallocTotal:   263061440 kB
VmallocUsed:      107372 kB
VmallocChunk:          0 kB
Percpu:             7648 kB
CmaTotal:         294912 kB
CmaFree:              56 kB
MemTotal:       12113136 kB
MemFree:         6447908 kB
MemAvailable:    7979956 kB
Buffers:            4764 kB
Cached:          1756424 kB
SwapCached:            0 kB
Active:          1589916 kB
Inactive:        1502852 kB
Active(anon):    1338356 kB
Inactive(anon):    22820 kB
Active(file):     251560 kB
Inactive(file):  1480032 kB
Unevictable:        5616 kB
Mlocked:            5616 kB
SwapTotal:       3145724 kB
SwapFree:        3145724 kB
Dirty:               504 kB
Writeback:             0 kB
AnonPages:       1337148 kB
Mapped:           876840 kB
Shmem:             25032 kB
KReclaimable:     669160 kB
Slab:             225380 kB
SReclaimable:      76580 kB
SUnreclaim:       148800 kB
KernelStack:       50336 kB
PageTables:        68640 kB
NFS_Unstable:          0 kB
Bounce:                0 kB
WritebackTmp:          0 kB
CommitLimit:     9202292 kB
Committed_AS:   76608100 kB
VmallocTotal:   263061440 kB
VmallocUsed:      107372 kB
VmallocChunk:          0 kB
Percpu:             7648 kB
CmaTotal:         294912 kB
CmaFree:               0 kB
MemTotal:       12113136 kB
MemFree:         6449032 kB
MemAvailable:    7981260 kB
Buffers:            4768 kB
Cached:          1756560 kB
SwapCached:            0 kB
Active:          1590772 kB
Inactive:        1502988 kB
Active(anon):    1339208 kB
Inactive(anon):    22820 kB
Active(file):     251564 kB
Inactive(file):  1480168 kB
Unevictable:        5616 kB
Mlocked:            5616 kB
SwapTotal:       3145724 kB
SwapFree:        3145724 kB
Dirty:               596 kB
Writeback:             0 kB
AnonPages:       1338136 kB
Mapped:           876840 kB
Shmem:             25032 kB
KReclaimable:     669200 kB
Slab:             225508 kB
SReclaimable:      76620 kB
SUnreclaim:       148888 kB
KernelStack:       50320 kB
PageTables:        68648 kB
NFS_Unstable:          0 kB
Bounce:                0 kB
WritebackTmp:          0 kB
CommitLimit:     9202292 kB
Committed_AS:   76601704 kB
VmallocTotal:   263061440 kB
VmallocUsed:      107420 kB
VmallocChunk:          0 kB
Percpu:             7648 kB
CmaTotal:         294912 kB
CmaFree:               0 kB
MemTotal:       12113136 kB
MemFree:         6447296 kB
MemAvailable:    7979536 kB
Buffers:            4768 kB
Cached:          1756572 kB
SwapCached:            0 kB
Active:          1591284 kB
Inactive:        1503000 kB
Active(anon):    1339720 kB
Inactive(anon):    22820 kB
Active(file):     251564 kB
Inactive(file):  1480180 kB
Unevictable:        5616 kB
Mlocked:            5616 kB
SwapTotal:       3145724 kB
SwapFree:        3145724 kB
Dirty:               348 kB
Writeback:             0 kB
AnonPages:       1339096 kB
Mapped:           876840 kB
Shmem:             25032 kB
KReclaimable:     669200 kB
Slab:             225500 kB
SReclaimable:      76620 kB
SUnreclaim:       148880 kB
KernelStack:       50320 kB
PageTables:        68640 kB
NFS_Unstable:          0 kB
Bounce:                0 kB
WritebackTmp:          0 kB
CommitLimit:     9202292 kB
Committed_AS:   76601476 kB
VmallocTotal:   263061440 kB
VmallocUsed:      107420 kB
VmallocChunk:          0 kB
Percpu:             7648 kB
CmaTotal:         294912 kB
CmaFree:               0 kB
MemTotal:       12113136 kB
MemFree:         6446288 kB
MemAvailable:    7978536 kB
Buffers:            4768 kB
Cached:          1756600 kB
SwapCached:            0 kB
Active:          1592544 kB
Inactive:        1503024 kB
Active(anon):    1340976 kB
Inactive(anon):    22840 kB
Active(file):     251568 kB
Inactive(file):  1480184 kB
Unevictable:        5616 kB
Mlocked:            5616 kB
SwapTotal:       3145724 kB
SwapFree:        3145724 kB
Dirty:               344 kB
Writeback:             0 kB
AnonPages:       1339892 kB
Mapped:           876860 kB
Shmem:             25052 kB
KReclaimable:     669200 kB
Slab:             225508 kB
SReclaimable:      76620 kB
SUnreclaim:       148888 kB
KernelStack:       50320 kB
PageTables:        68652 kB
NFS_Unstable:          0 kB
Bounce:                0 kB
WritebackTmp:          0 kB
CommitLimit:     9202292 kB
Committed_AS:   76604028 kB
VmallocTotal:   263061440 kB
VmallocUsed:      107404 kB
VmallocChunk:          0 kB
Percpu:             7648 kB
CmaTotal:         294912 kB
CmaFree:               0 kB
MemTotal:       12113136 kB
MemFree:         6471520 kB
MemAvailable:    8003776 kB
Buffers:            4768 kB
Cached:          1756608 kB
SwapCached:            0 kB
Active:          1565920 kB
Inactive:        1503036 kB
Active(anon):    1314356 kB
Inactive(anon):    22840 kB
Active(file):     251564 kB
Inactive(file):  1480196 kB
Unevictable:        5616 kB
Mlocked:            5616 kB
SwapTotal:       3145724 kB
SwapFree:        3145724 kB
Dirty:               360 kB
Writeback:             0 kB
AnonPages:       1313336 kB
Mapped:           876860 kB
Shmem:             25052 kB
KReclaimable:     669200 kB
Slab:             225508 kB
SReclaimable:      76620 kB
SUnreclaim:       148888 kB
KernelStack:       50320 kB
PageTables:        68648 kB
NFS_Unstable:          0 kB
Bounce:                0 kB
WritebackTmp:          0 kB
CommitLimit:     9202292 kB
Committed_AS:   76605456 kB
VmallocTotal:   263061440 kB
VmallocUsed:      107436 kB
VmallocChunk:          0 kB
Percpu:             7648 kB
CmaTotal:         294912 kB
CmaFree:               0 kB
MemTotal:       12113136 kB
MemFree:         6470968 kB
MemAvailable:    8003240 kB
Buffers:            4768 kB
Cached:          1756628 kB
SwapCached:            0 kB
Active:          1565936 kB
Inactive:        1503052 kB
Active(anon):    1314368 kB
Inactive(anon):    22844 kB
Active(file):     251568 kB
Inactive(file):  1480208 kB
Unevictable:        5616 kB
Mlocked:            5616 kB
SwapTotal:       3145724 kB
SwapFree:        3145724 kB
Dirty:               372 kB
Writeback:             0 kB
AnonPages:       1313568 kB
Mapped:           876864 kB
Shmem:             25056 kB
KReclaimable:     669200 kB
Slab:             225524 kB
SReclaimable:      76620 kB
SUnreclaim:       148904 kB
KernelStack:       50320 kB
PageTables:        68648 kB
NFS_Unstable:          0 kB
Bounce:                0 kB
WritebackTmp:          0 kB
CommitLimit:     9202292 kB
Committed_AS:   76605528 kB
VmallocTotal:   263061440 kB
VmallocUsed:      107420 kB
VmallocChunk:          0 kB
Percpu:             7648 kB
CmaTotal:         294912 kB
CmaFree:               0 kB
MemTotal:       12113136 kB
MemFree:         6469944 kB
MemAvailable:    8002228 kB
Buffers:            4772 kB
Cached:          1756632 kB
SwapCached:            0 kB
Active:          1566944 kB
Inactive:        1503056 kB
Active(anon):    1315372 kB
Inactive(anon):    22844 kB
Active(file):     251572 kB
Inactive(file):  1480212 kB
Unevictable:        5616 kB
Mlocked:            5616 kB
SwapTotal:       3145724 kB
SwapFree:        3145724 kB
Dirty:               404 kB
Writeback:             0 kB
AnonPages:       1314276 kB
Mapped:           876864 kB
Shmem:             25056 kB
KReclaimable:     669204 kB
Slab:             225512 kB
SReclaimable:      76624 kB
SUnreclaim:       148888 kB
KernelStack:       50320 kB
PageTables:        68652 kB
NFS_Unstable:          0 kB
Bounce:                0 kB
WritebackTmp:          0 kB
CommitLimit:     9202292 kB
Committed_AS:   76605136 kB
VmallocTotal:   263061440 kB
VmallocUsed:      107404 kB
VmallocChunk:          0 kB
Percpu:             7648 kB
CmaTotal:         294912 kB
CmaFree:               0 kB
MemTotal:       12113136 kB
MemFree:         6469244 kB
MemAvailable:    8001556 kB
Buffers:            4772 kB
Cached:          1756660 kB
SwapCached:            0 kB
Active:          1567860 kB
Inactive:        1503084 kB
Active(anon):    1316288 kB
Inactive(anon):    22844 kB
Active(file):     251572 kB
Inactive(file):  1480240 kB
Unevictable:        5616 kB
Mlocked:            5616 kB
SwapTotal:       3145724 kB
SwapFree:        3145724 kB
Dirty:               436 kB
Writeback:             0 kB
AnonPages:       1315048 kB
Mapped:           876864 kB
Shmem:             25056 kB
KReclaimable:     669204 kB
Slab:             225528 kB
SReclaimable:      76624 kB
SUnreclaim:       148904 kB
KernelStack:       50320 kB
PageTables:        68644 kB
NFS_Unstable:          0 kB
Bounce:                0 kB
WritebackTmp:          0 kB
CommitLimit:     9202292 kB
Committed_AS:   76600220 kB
VmallocTotal:   263061440 kB
VmallocUsed:      107388 kB
VmallocChunk:          0 kB
Percpu:             7648 kB
CmaTotal:         294912 kB
CmaFree:               0 kB
MemTotal:       12113136 kB
MemFree:         6468916 kB
MemAvailable:    8001236 kB
Buffers:            4772 kB
Cached:          1756668 kB
SwapCached:            0 kB
Active:          1568876 kB
Inactive:        1503092 kB
Active(anon):    1317304 kB
Inactive(anon):    22844 kB
Active(file):     251572 kB
Inactive(file):  1480248 kB
Unevictable:        5616 kB
Mlocked:            5616 kB
SwapTotal:       3145724 kB
SwapFree:        3145724 kB
Dirty:               444 kB
Writeback:             0 kB
AnonPages:       1316188 kB
Mapped:           876864 kB
Shmem:             25056 kB
KReclaimable:     669204 kB
Slab:             225504 kB
SReclaimable:      76624 kB
SUnreclaim:       148880 kB
KernelStack:       50320 kB
PageTables:        68644 kB
NFS_Unstable:          0 kB
Bounce:                0 kB
WritebackTmp:          0 kB
CommitLimit:     9202292 kB
Committed_AS:   76605840 kB
VmallocTotal:   263061440 kB
VmallocUsed:      107404 kB
VmallocChunk:          0 kB
Percpu:             7648 kB
CmaTotal:         294912 kB
CmaFree:               0 kB
MemTotal:       12113136 kB
MemFree:         6468560 kB
MemAvailable:    8000908 kB
Buffers:            4772 kB
Cached:          1756696 kB
SwapCached:            0 kB
Active:          1569684 kB
Inactive:        1503112 kB
Active(anon):    1318104 kB
Inactive(anon):    22844 kB
Active(file):     251580 kB
Inactive(file):  1480268 kB
Unevictable:        5616 kB
Mlocked:            5616 kB
SwapTotal:       3145724 kB
SwapFree:        3145724 kB
Dirty:               488 kB
Writeback:             0 kB
AnonPages:       1317084 kB
Mapped:           876864 kB
Shmem:             25056 kB
KReclaimable:     669204 kB
Slab:             225512 kB
SReclaimable:      76624 kB
SUnreclaim:       148888 kB
KernelStack:       50320 kB
PageTables:        68652 kB
NFS_Unstable:          0 kB
Bounce:                0 kB
WritebackTmp:          0 kB
CommitLimit:     9202292 kB
Committed_AS:   76605200 kB
VmallocTotal:   263061440 kB
VmallocUsed:      107404 kB
VmallocChunk:          0 kB
Percpu:             7648 kB
CmaTotal:         294912 kB
CmaFree:               0 kB
MemTotal:       12113136 kB
MemFree:         6467488 kB
MemAvailable:    7999836 kB
Buffers:            4772 kB
Cached:          1756696 kB
SwapCached:            0 kB
Active:          1570616 kB
Inactive:        1503120 kB
Active(anon):    1319044 kB
Inactive(anon):    22844 kB
Active(file):     251572 kB
Inactive(file):  1480276 kB
Unevictable:        5616 kB
Mlocked:            5616 kB
SwapTotal:       3145724 kB
SwapFree:        3145724 kB
Dirty:               496 kB
Writeback:             0 kB
AnonPages:       1317912 kB
Mapped:           876864 kB
Shmem:             25056 kB
KReclaimable:     669204 kB
Slab:             225504 kB
SReclaimable:      76624 kB
SUnreclaim:       148880 kB
KernelStack:       50320 kB
PageTables:        68652 kB
NFS_Unstable:          0 kB
Bounce:                0 kB
WritebackTmp:          0 kB
CommitLimit:     9202292 kB
Committed_AS:   76605064 kB
VmallocTotal:   263061440 kB
VmallocUsed:      107404 kB
VmallocChunk:          0 kB
Percpu:             7648 kB
CmaTotal:         294912 kB
CmaFree:               0 kB
MemTotal:       12113136 kB
MemFree:         6467356 kB
MemAvailable:    7999732 kB
Buffers:            4772 kB
Cached:          1756724 kB
SwapCached:            0 kB
Active:          1570960 kB
Inactive:        1503148 kB
Active(anon):    1319388 kB
Inactive(anon):    22844 kB
Active(file):     251572 kB
Inactive(file):  1480304 kB
Unevictable:        5616 kB
Mlocked:            5616 kB
SwapTotal:       3145724 kB
SwapFree:        3145724 kB
Dirty:               532 kB
Writeback:             0 kB
AnonPages:       1318428 kB
Mapped:           876864 kB
Shmem:             25056 kB
KReclaimable:     669204 kB
Slab:             225504 kB
SReclaimable:      76624 kB
SUnreclaim:       148880 kB
KernelStack:       50320 kB
PageTables:        68648 kB
NFS_Unstable:          0 kB
Bounce:                0 kB
WritebackTmp:          0 kB
CommitLimit:     9202292 kB
Committed_AS:   76604888 kB
VmallocTotal:   263061440 kB
VmallocUsed:      107404 kB
VmallocChunk:          0 kB
Percpu:             7648 kB
CmaTotal:         294912 kB
CmaFree:               0 kB
MemTotal:       12113136 kB
MemFree:         6465728 kB
MemAvailable:    7998120 kB
Buffers:            4772 kB
Cached:          1756736 kB
SwapCached:            0 kB
Active:          1571752 kB
Inactive:        1503156 kB
Active(anon):    1320176 kB
Inactive(anon):    22844 kB
Active(file):     251576 kB
Inactive(file):  1480312 kB
Unevictable:        5616 kB
Mlocked:            5616 kB
SwapTotal:       3145724 kB
SwapFree:        3145724 kB
Dirty:               560 kB
Writeback:             0 kB
AnonPages:       1318784 kB
Mapped:           876868 kB
Shmem:             25056 kB
KReclaimable:     669208 kB
Slab:             225508 kB
SReclaimable:      76628 kB
SUnreclaim:       148880 kB
KernelStack:       50336 kB
PageTables:        68772 kB
NFS_Unstable:          0 kB
Bounce:                0 kB
WritebackTmp:          0 kB
CommitLimit:     9202292 kB
Committed_AS:   76599580 kB
VmallocTotal:   263061440 kB
VmallocUsed:      107388 kB
VmallocChunk:          0 kB
Percpu:             7648 kB
CmaTotal:         294912 kB
CmaFree:               0 kB
MemTotal:       12113136 kB
MemFree:         6465012 kB
MemAvailable:    7997412 kB
Buffers:            4772 kB
Cached:          1756752 kB
SwapCached:            0 kB
Active:          1573264 kB
Inactive:        1503168 kB
Active(anon):    1321684 kB
Inactive(anon):    22852 kB
Active(file):     251580 kB
Inactive(file):  1480316 kB
Unevictable:        5616 kB
Mlocked:            5616 kB
SwapTotal:       3145724 kB
SwapFree:        3145724 kB
Dirty:               568 kB
Writeback:             0 kB
AnonPages:       1320672 kB
Mapped:           876876 kB
Shmem:             25064 kB
KReclaimable:     669208 kB
Slab:             225516 kB
SReclaimable:      76628 kB
SUnreclaim:       148888 kB
KernelStack:       50400 kB
PageTables:        68652 kB
NFS_Unstable:          0 kB
Bounce:                0 kB
WritebackTmp:          0 kB
CommitLimit:     9202292 kB
Committed_AS:   76599808 kB
VmallocTotal:   263061440 kB
VmallocUsed:      107420 kB
VmallocChunk:          0 kB
Percpu:             7648 kB
CmaTotal:         294912 kB
CmaFree:               0 kB
MemTotal:       12113136 kB
MemFree:         6464272 kB
MemAvailable:    7996684 kB
Buffers:            4772 kB
Cached:          1756764 kB
SwapCached:            0 kB
Active:          1573912 kB
Inactive:        1503176 kB
Active(anon):    1322328 kB
Inactive(anon):    22852 kB
Active(file):     251584 kB
Inactive(file):  1480324 kB
Unevictable:        5616 kB
Mlocked:            5616 kB
SwapTotal:       3145724 kB
SwapFree:        3145724 kB
Dirty:               640 kB
Writeback:             0 kB
AnonPages:       1321252 kB
Mapped:           876876 kB
Shmem:             25064 kB
KReclaimable:     669208 kB
Slab:             225508 kB
SReclaimable:      76628 kB
SUnreclaim:       148880 kB
KernelStack:       50400 kB
PageTables:        68652 kB
NFS_Unstable:          0 kB
Bounce:                0 kB
WritebackTmp:          0 kB
CommitLimit:     9202292 kB
Committed_AS:   76599992 kB
VmallocTotal:   263061440 kB
VmallocUsed:      107436 kB
VmallocChunk:          0 kB
Percpu:             7648 kB
CmaTotal:         294912 kB
CmaFree:               0 kB
MemTotal:       12113136 kB
MemFree:         6463692 kB
MemAvailable:    7996116 kB
Buffers:            4776 kB
Cached:          1756772 kB
SwapCached:            0 kB
Active:          1574124 kB
Inactive:        1503188 kB
Active(anon):    1322540 kB
Inactive(anon):    22852 kB
Active(file):     251584 kB
Inactive(file):  1480336 kB
Unevictable:        5616 kB
Mlocked:            5616 kB
SwapTotal:       3145724 kB
SwapFree:        3145724 kB
Dirty:               664 kB
Writeback:             0 kB
AnonPages:       1321596 kB
Mapped:           876876 kB
Shmem:             25064 kB
KReclaimable:     669208 kB
Slab:             225532 kB
SReclaimable:      76628 kB
SUnreclaim:       148904 kB
KernelStack:       50400 kB
PageTables:        68640 kB
NFS_Unstable:          0 kB
Bounce:                0 kB
WritebackTmp:          0 kB
CommitLimit:     9202292 kB
Committed_AS:   76599780 kB
VmallocTotal:   263061440 kB
VmallocUsed:      107404 kB
VmallocChunk:          0 kB
Percpu:             7648 kB
CmaTotal:         294912 kB
CmaFree:               0 kB
MemTotal:       12113136 kB
MemFree:         6463020 kB
MemAvailable:    7995488 kB
Buffers:            4776 kB
Cached:          1756816 kB
SwapCached:            0 kB
Active:          1574860 kB
Inactive:        1503228 kB
Active(anon):    1323272 kB
Inactive(anon):    22852 kB
Active(file):     251588 kB
Inactive(file):  1480376 kB
Unevictable:        5616 kB
Mlocked:            5616 kB
SwapTotal:       3145724 kB
SwapFree:        3145724 kB
Dirty:               668 kB
Writeback:             0 kB
AnonPages:       1322028 kB
Mapped:           876876 kB
Shmem:             25064 kB
KReclaimable:     669208 kB
Slab:             225508 kB
SReclaimable:      76628 kB
SUnreclaim:       148880 kB
KernelStack:       50368 kB
PageTables:        68600 kB
NFS_Unstable:          0 kB
Bounce:                0 kB
WritebackTmp:          0 kB
CommitLimit:     9202292 kB
Committed_AS:   76600972 kB
VmallocTotal:   263061440 kB
VmallocUsed:      107436 kB
VmallocChunk:          0 kB
Percpu:             7648 kB
CmaTotal:         294912 kB
CmaFree:               0 kB
MemTotal:       12113136 kB
MemFree:         6461748 kB
MemAvailable:    7994224 kB
Buffers:            4776 kB
Cached:          1756824 kB
SwapCached:            0 kB
Active:          1575688 kB
Inactive:        1503236 kB
Active(anon):    1324100 kB
Inactive(anon):    22852 kB
Active(file):     251588 kB
Inactive(file):  1480384 kB
Unevictable:        5616 kB
Mlocked:            5616 kB
SwapTotal:       3145724 kB
SwapFree:        3145724 kB
Dirty:               428 kB
Writeback:             0 kB
AnonPages:       1322956 kB
Mapped:           876876 kB
Shmem:             25064 kB
KReclaimable:     669208 kB
Slab:             225532 kB
SReclaimable:      76628 kB
SUnreclaim:       148904 kB
KernelStack:       50400 kB
PageTables:        68640 kB
NFS_Unstable:          0 kB
Bounce:                0 kB
WritebackTmp:          0 kB
CommitLimit:     9202292 kB
Committed_AS:   76600288 kB
VmallocTotal:   263061440 kB
VmallocUsed:      107468 kB
VmallocChunk:          0 kB
Percpu:             7648 kB
CmaTotal:         294912 kB
CmaFree:               0 kB
MemTotal:       12113136 kB
MemFree:         6461280 kB
MemAvailable:    7993768 kB
Buffers:            4776 kB
Cached:          1756844 kB
SwapCached:            0 kB
Active:          1576744 kB
Inactive:        1503256 kB
Active(anon):    1325156 kB
Inactive(anon):    22860 kB
Active(file):     251588 kB
Inactive(file):  1480396 kB
Unevictable:        5616 kB
Mlocked:            5616 kB
SwapTotal:       3145724 kB
SwapFree:        3145724 kB
Dirty:               372 kB
Writeback:             0 kB
AnonPages:       1324096 kB
Mapped:           876884 kB
Shmem:             25072 kB
KReclaimable:     669208 kB
Slab:             225544 kB
SReclaimable:      76628 kB
SUnreclaim:       148916 kB
KernelStack:       50384 kB
PageTables:        68604 kB
NFS_Unstable:          0 kB
Bounce:                0 kB
WritebackTmp:          0 kB
CommitLimit:     9202292 kB
Committed_AS:   76595352 kB
VmallocTotal:   263061440 kB
VmallocUsed:      107484 kB
VmallocChunk:          0 kB
Percpu:             7648 kB
CmaTotal:         294912 kB
CmaFree:               0 kB
MemTotal:       12113136 kB
MemFree:         6460520 kB
MemAvailable:    7993016 kB
Buffers:            4776 kB
Cached:          1756852 kB
SwapCached:            0 kB
Active:          1577828 kB
Inactive:        1503256 kB
Active(anon):    1326232 kB
Inactive(anon):    22860 kB
Active(file):     251596 kB
Inactive(file):  1480396 kB
Unevictable:        5616 kB
Mlocked:            5616 kB
SwapTotal:       3145724 kB
SwapFree:        3145724 kB
Dirty:               384 kB
Writeback:             0 kB
AnonPages:       1324976 kB
Mapped:           876884 kB
Shmem:             25072 kB
KReclaimable:     669208 kB
Slab:             225528 kB
SReclaimable:      76628 kB
SUnreclaim:       148900 kB
KernelStack:       50400 kB
PageTables:        68640 kB
NFS_Unstable:          0 kB
Bounce:                0 kB
WritebackTmp:          0 kB
CommitLimit:     9202292 kB
Committed_AS:   76590676 kB
VmallocTotal:   263061440 kB
VmallocUsed:      107468 kB
VmallocChunk:          0 kB
Percpu:             7648 kB
CmaTotal:         294912 kB
CmaFree:               0 kB
MemTotal:       12113136 kB
MemFree:         6459776 kB
MemAvailable:    7992284 kB
Buffers:            4776 kB
Cached:          1756864 kB
SwapCached:            0 kB
Active:          1578648 kB
Inactive:        1503268 kB
Active(anon):    1327052 kB
Inactive(anon):    22860 kB
Active(file):     251596 kB
Inactive(file):  1480408 kB
Unevictable:        5616 kB
Mlocked:            5616 kB
SwapTotal:       3145724 kB
SwapFree:        3145724 kB
Dirty:               396 kB
Writeback:             0 kB
AnonPages:       1325628 kB
Mapped:           876884 kB
Shmem:             25072 kB
KReclaimable:     669208 kB
Slab:             225536 kB
SReclaimable:      76628 kB
SUnreclaim:       148908 kB
KernelStack:       50400 kB
PageTables:        68652 kB
NFS_Unstable:          0 kB
Bounce:                0 kB
WritebackTmp:          0 kB
CommitLimit:     9202292 kB
Committed_AS:   76590712 kB
VmallocTotal:   263061440 kB
VmallocUsed:      107468 kB
VmallocChunk:          0 kB
Percpu:             7648 kB
CmaTotal:         294912 kB
CmaFree:               0 kB
MemTotal:       12113136 kB
MemFree:         6457908 kB
MemAvailable:    7990432 kB
Buffers:            4776 kB
Cached:          1756880 kB
SwapCached:            0 kB
Active:          1578904 kB
Inactive:        1503284 kB
Active(anon):    1327308 kB
Inactive(anon):    22860 kB
Active(file):     251596 kB
Inactive(file):  1480424 kB
Unevictable:        5616 kB
Mlocked:            5616 kB
SwapTotal:       3145724 kB
SwapFree:        3145724 kB
Dirty:               432 kB
Writeback:             0 kB
AnonPages:       1325740 kB
Mapped:           876884 kB
Shmem:             25072 kB
KReclaimable:     669208 kB
Slab:             225536 kB
SReclaimable:      76628 kB
SUnreclaim:       148908 kB
KernelStack:       50400 kB
PageTables:        68640 kB
NFS_Unstable:          0 kB
Bounce:                0 kB
WritebackTmp:          0 kB
CommitLimit:     9202292 kB
Committed_AS:   76595392 kB
VmallocTotal:   263061440 kB
VmallocUsed:      107468 kB
VmallocChunk:          0 kB
Percpu:             7648 kB
CmaTotal:         294912 kB
CmaFree:               0 kB
MemTotal:       12113136 kB
MemFree:         6457404 kB
MemAvailable:    7989940 kB
Buffers:            4776 kB
Cached:          1756956 kB
SwapCached:            0 kB
Active:          1581792 kB
Inactive:        1503360 kB
Active(anon):    1330196 kB
Inactive(anon):    22924 kB
Active(file):     251596 kB
Inactive(file):  1480436 kB
Unevictable:        5616 kB
Mlocked:            5616 kB
SwapTotal:       3145724 kB
SwapFree:        3145724 kB
Dirty:               448 kB
Writeback:             0 kB
AnonPages:       1329056 kB
Mapped:           876948 kB
Shmem:             25136 kB
KReclaimable:     669208 kB
Slab:             225544 kB
SReclaimable:      76628 kB
SUnreclaim:       148916 kB
KernelStack:       50432 kB
PageTables:        68624 kB
NFS_Unstable:          0 kB
Bounce:                0 kB
WritebackTmp:          0 kB
CommitLimit:     9202292 kB
Committed_AS:   76590676 kB
VmallocTotal:   263061440 kB
VmallocUsed:      107500 kB
VmallocChunk:          0 kB
Percpu:             7648 kB
CmaTotal:         294912 kB
CmaFree:               0 kB
MemTotal:       12113136 kB
MemFree:         6455672 kB
MemAvailable:    7988224 kB
Buffers:            4776 kB
Cached:          1756972 kB
SwapCached:            0 kB
Active:          1582344 kB
Inactive:        1503376 kB
Active(anon):    1330748 kB
Inactive(anon):    22924 kB
Active(file):     251596 kB
Inactive(file):  1480452 kB
Unevictable:        5616 kB
Mlocked:            5616 kB
SwapTotal:       3145724 kB
SwapFree:        3145724 kB
Dirty:               468 kB
Writeback:             0 kB
AnonPages:       1329852 kB
Mapped:           876948 kB
Shmem:             25136 kB
KReclaimable:     669208 kB
Slab:             225560 kB
SReclaimable:      76628 kB
SUnreclaim:       148932 kB
KernelStack:       50416 kB
PageTables:        68644 kB
NFS_Unstable:          0 kB
Bounce:                0 kB
WritebackTmp:          0 kB
CommitLimit:     9202292 kB
Committed_AS:   76601064 kB
VmallocTotal:   263061440 kB
VmallocUsed:      107516 kB
VmallocChunk:          0 kB
Percpu:             7648 kB
CmaTotal:         294912 kB
CmaFree:               0 kB
MemTotal:       12113136 kB
MemFree:         6456584 kB
MemAvailable:    7989140 kB
Buffers:            4776 kB
Cached:          1756976 kB
SwapCached:            0 kB
Active:          1582056 kB
Inactive:        1503380 kB
Active(anon):    1330460 kB
Inactive(anon):    22924 kB
Active(file):     251596 kB
Inactive(file):  1480456 kB
Unevictable:        5616 kB
Mlocked:            5616 kB
SwapTotal:       3145724 kB
SwapFree:        3145724 kB
Dirty:               484 kB
Writeback:             0 kB
AnonPages:       1329108 kB
Mapped:           876948 kB
Shmem:             25136 kB
KReclaimable:     669208 kB
Slab:             225548 kB
SReclaimable:      76628 kB
SUnreclaim:       148920 kB
KernelStack:       50416 kB
PageTables:        68660 kB
NFS_Unstable:          0 kB
Bounce:                0 kB
WritebackTmp:          0 kB
CommitLimit:     9202292 kB
Committed_AS:   76600932 kB
VmallocTotal:   263061440 kB
VmallocUsed:      107500 kB
VmallocChunk:          0 kB
Percpu:             7648 kB
CmaTotal:         294912 kB
CmaFree:               0 kB
MemTotal:       12113136 kB
MemFree:         6455816 kB
MemAvailable:    7988384 kB
Buffers:            4776 kB
Cached:          1756988 kB
SwapCached:            0 kB
Active:          1582304 kB
Inactive:        1503392 kB
Active(anon):    1330708 kB
Inactive(anon):    22924 kB
Active(file):     251596 kB
Inactive(file):  1480468 kB
Unevictable:        5616 kB
Mlocked:            5616 kB
SwapTotal:       3145724 kB
SwapFree:        3145724 kB
Dirty:               500 kB
Writeback:             0 kB
AnonPages:       1329884 kB
Mapped:           876948 kB
Shmem:             25136 kB
KReclaimable:     669208 kB
Slab:             225564 kB
SReclaimable:      76628 kB
SUnreclaim:       148936 kB
KernelStack:       50416 kB
PageTables:        68648 kB
NFS_Unstable:          0 kB
Bounce:                0 kB
WritebackTmp:          0 kB
CommitLimit:     9202292 kB
Committed_AS:   76601088 kB
VmallocTotal:   263061440 kB
VmallocUsed:      107484 kB
VmallocChunk:          0 kB
Percpu:             7648 kB
CmaTotal:         294912 kB
CmaFree:               0 kB
MemTotal:       12113136 kB
MemFree:         6454228 kB
MemAvailable:    7986824 kB
Buffers:            4776 kB
Cached:          1757016 kB
SwapCached:            0 kB
Active:          1583016 kB
Inactive:        1503420 kB
Active(anon):    1331420 kB
Inactive(anon):    22924 kB
Active(file):     251596 kB
Inactive(file):  1480496 kB
Unevictable:        5616 kB
Mlocked:            5616 kB
SwapTotal:       3145724 kB
SwapFree:        3145724 kB
Dirty:               540 kB
Writeback:             0 kB
AnonPages:       1330340 kB
Mapped:           876948 kB
Shmem:             25136 kB
KReclaimable:     669208 kB
Slab:             225556 kB
SReclaimable:      76628 kB
SUnreclaim:       148928 kB
KernelStack:       50400 kB
PageTables:        68608 kB
NFS_Unstable:          0 kB
Bounce:                0 kB
WritebackTmp:          0 kB
CommitLimit:     9202292 kB
Committed_AS:   76601400 kB
VmallocTotal:   263061440 kB
VmallocUsed:      107484 kB
VmallocChunk:          0 kB
Percpu:             7648 kB
CmaTotal:         294912 kB
CmaFree:               0 kB
MemTotal:       12113136 kB
MemFree:         6453100 kB
MemAvailable:    7985708 kB
Buffers:            4776 kB
Cached:          1757028 kB
SwapCached:            0 kB
Active:          1584580 kB
Inactive:        1503432 kB
Active(anon):    1332984 kB
Inactive(anon):    22924 kB
Active(file):     251596 kB
Inactive(file):  1480508 kB
Unevictable:        5616 kB
Mlocked:            5616 kB
SwapTotal:       3145724 kB
SwapFree:        3145724 kB
Dirty:               588 kB
Writeback:             0 kB
AnonPages:       1331976 kB
Mapped:           877212 kB
Shmem:             25136 kB
KReclaimable:     669208 kB
Slab:             225568 kB
SReclaimable:      76628 kB
SUnreclaim:       148940 kB
KernelStack:       50416 kB
PageTables:        68648 kB
NFS_Unstable:          0 kB
Bounce:                0 kB
WritebackTmp:          0 kB
CommitLimit:     9202292 kB
Committed_AS:   76597460 kB
VmallocTotal:   263061440 kB
VmallocUsed:      107484 kB
VmallocChunk:          0 kB
Percpu:             7648 kB
CmaTotal:         294912 kB
CmaFree:               0 kB
MemTotal:       12113136 kB
MemFree:         6465668 kB
MemAvailable:    7998284 kB
Buffers:            4776 kB
Cached:          1757036 kB
SwapCached:            0 kB
Active:          1571580 kB
Inactive:        1503440 kB
Active(anon):    1319984 kB
Inactive(anon):    22924 kB
Active(file):     251596 kB
Inactive(file):  1480516 kB
Unevictable:        5616 kB
Mlocked:            5616 kB
SwapTotal:       3145724 kB
SwapFree:        3145724 kB
Dirty:               612 kB
Writeback:             0 kB
AnonPages:       1318884 kB
Mapped:           877012 kB
Shmem:             25136 kB
KReclaimable:     669208 kB
Slab:             225572 kB
SReclaimable:      76628 kB
SUnreclaim:       148944 kB
KernelStack:       50416 kB
PageTables:        68636 kB
NFS_Unstable:          0 kB
Bounce:                0 kB
WritebackTmp:          0 kB
CommitLimit:     9202292 kB
Committed_AS:   76584980 kB
VmallocTotal:   263061440 kB
VmallocUsed:      107468 kB
VmallocChunk:          0 kB
Percpu:             7648 kB
CmaTotal:         294912 kB
CmaFree:               0 kB
MemTotal:       12113136 kB
MemFree:         6450452 kB
MemAvailable:    7983084 kB
Buffers:            4776 kB
Cached:          1757068 kB
SwapCached:            0 kB
Active:          1587168 kB
Inactive:        1503460 kB
Active(anon):    1335560 kB
Inactive(anon):    22940 kB
Active(file):     251608 kB
Inactive(file):  1480520 kB
Unevictable:        5616 kB
Mlocked:            5616 kB
SwapTotal:       3145724 kB
SwapFree:        3145724 kB
Dirty:               624 kB
Writeback:             0 kB
AnonPages:       1331540 kB
Mapped:           877028 kB
Shmem:             25152 kB
KReclaimable:     669208 kB
Slab:             225572 kB
SReclaimable:      76628 kB
SUnreclaim:       148944 kB
KernelStack:       50416 kB
PageTables:        68652 kB
NFS_Unstable:          0 kB
Bounce:                0 kB
WritebackTmp:          0 kB
CommitLimit:     9202292 kB
Committed_AS:   76589044 kB
VmallocTotal:   263061440 kB
VmallocUsed:      107468 kB
VmallocChunk:          0 kB
Percpu:             7648 kB
CmaTotal:         294912 kB
CmaFree:               8 kB
MemTotal:       12113136 kB
MemFree:         6427472 kB
MemAvailable:    7960124 kB
Buffers:            4776 kB
Cached:          1757088 kB
SwapCached:            0 kB
Active:          1611180 kB
Inactive:        1503480 kB
Active(anon):    1359572 kB
Inactive(anon):    22940 kB
Active(file):     251608 kB
Inactive(file):  1480540 kB
Unevictable:        5616 kB
Mlocked:            5616 kB
SwapTotal:       3145724 kB
SwapFree:        3145724 kB
Dirty:               772 kB
Writeback:             0 kB
AnonPages:       1358268 kB
Mapped:           877028 kB
Shmem:             25152 kB
KReclaimable:     669208 kB
Slab:             225576 kB
SReclaimable:      76628 kB
SUnreclaim:       148948 kB
KernelStack:       50512 kB
PageTables:        68672 kB
NFS_Unstable:          0 kB
Bounce:                0 kB
WritebackTmp:          0 kB
CommitLimit:     9202292 kB
Committed_AS:   76596452 kB
VmallocTotal:   263061440 kB
VmallocUsed:      107532 kB
VmallocChunk:          0 kB
Percpu:             7648 kB
CmaTotal:         294912 kB
CmaFree:               0 kB
MemTotal:       12113136 kB
MemFree:         6427084 kB
MemAvailable:    7959748 kB
Buffers:            4780 kB
Cached:          1757096 kB
SwapCached:            0 kB
Active:          1613612 kB
Inactive:        1503484 kB
Active(anon):    1361996 kB
Inactive(anon):    22944 kB
Active(file):     251616 kB
Inactive(file):  1480540 kB
Unevictable:        5616 kB
Mlocked:            5616 kB
SwapTotal:       3145724 kB
SwapFree:        3145724 kB
Dirty:               864 kB
Writeback:             0 kB
AnonPages:       1360788 kB
Mapped:           890384 kB
Shmem:             25156 kB
KReclaimable:     669212 kB
Slab:             225624 kB
SReclaimable:      76632 kB
SUnreclaim:       148992 kB
KernelStack:       50496 kB
PageTables:        68720 kB
NFS_Unstable:          0 kB
Bounce:                0 kB
WritebackTmp:          0 kB
CommitLimit:     9202292 kB
Committed_AS:   76592012 kB
VmallocTotal:   263061440 kB
VmallocUsed:      107532 kB
VmallocChunk:          0 kB
Percpu:             7648 kB
CmaTotal:         294912 kB
CmaFree:               0 kB
MemTotal:       12113136 kB
MemFree:         6425912 kB
MemAvailable:    7958616 kB
Buffers:            4780 kB
Cached:          1757136 kB
SwapCached:            0 kB
Active:          1613836 kB
Inactive:        1503520 kB
Active(anon):    1362216 kB
Inactive(anon):    22944 kB
Active(file):     251620 kB
Inactive(file):  1480576 kB
Unevictable:        5616 kB
Mlocked:            5616 kB
SwapTotal:       3145724 kB
SwapFree:        3145724 kB
Dirty:               872 kB
Writeback:             0 kB
AnonPages:       1361160 kB
Mapped:           890384 kB
Shmem:             25156 kB
KReclaimable:     669212 kB
Slab:             225596 kB
SReclaimable:      76632 kB
SUnreclaim:       148964 kB
KernelStack:       50496 kB
PageTables:        68740 kB
NFS_Unstable:          0 kB
Bounce:                0 kB
WritebackTmp:          0 kB
CommitLimit:     9202292 kB
Committed_AS:   76600300 kB
VmallocTotal:   263061440 kB
VmallocUsed:      107532 kB
VmallocChunk:          0 kB
Percpu:             7648 kB
CmaTotal:         294912 kB
CmaFree:               0 kB
MemTotal:       12113136 kB
MemFree:         6423740 kB
MemAvailable:    7956452 kB
Buffers:            4780 kB
Cached:          1757148 kB
SwapCached:            0 kB
Active:          1614844 kB
Inactive:        1503532 kB
Active(anon):    1363224 kB
Inactive(anon):    22948 kB
Active(file):     251620 kB
Inactive(file):  1480584 kB
Unevictable:        5616 kB
Mlocked:            5616 kB
SwapTotal:       3145724 kB
SwapFree:        3145724 kB
Dirty:               896 kB
Writeback:             0 kB
AnonPages:       1362108 kB
Mapped:           890388 kB
Shmem:             25160 kB
KReclaimable:     669212 kB
Slab:             225652 kB
SReclaimable:      76632 kB
SUnreclaim:       149020 kB
KernelStack:       50496 kB
PageTables:        68728 kB
NFS_Unstable:          0 kB
Bounce:                0 kB
WritebackTmp:          0 kB
CommitLimit:     9202292 kB
Committed_AS:   76601704 kB
VmallocTotal:   263061440 kB
VmallocUsed:      107548 kB
VmallocChunk:          0 kB
Percpu:             7648 kB
CmaTotal:         294912 kB
CmaFree:               0 kB
MemTotal:       12113136 kB
MemFree:         6434168 kB
MemAvailable:    7966888 kB
Buffers:            4780 kB
Cached:          1757172 kB
SwapCached:            0 kB
Active:          1616336 kB
Inactive:        1503556 kB
Active(anon):    1364716 kB
Inactive(anon):    22964 kB
Active(file):     251620 kB
Inactive(file):  1480592 kB
Unevictable:        5616 kB
Mlocked:            5616 kB
SwapTotal:       3145724 kB
SwapFree:        3145724 kB
Dirty:               908 kB
Writeback:             0 kB
AnonPages:       1363632 kB
Mapped:           890404 kB
Shmem:             25176 kB
KReclaimable:     669212 kB
Slab:             225592 kB
SReclaimable:      76632 kB
SUnreclaim:       148960 kB
KernelStack:       50496 kB
PageTables:        68740 kB
NFS_Unstable:          0 kB
Bounce:                0 kB
WritebackTmp:          0 kB
CommitLimit:     9202292 kB
Committed_AS:   76606872 kB
VmallocTotal:   263061440 kB
VmallocUsed:      107548 kB
VmallocChunk:          0 kB
Percpu:             7648 kB
CmaTotal:         294912 kB
CmaFree:               0 kB
MemTotal:       12113136 kB
MemFree:         6433224 kB
MemAvailable:    7965728 kB
Buffers:            4780 kB
Cached:          1757188 kB
SwapCached:            0 kB
Active:          1616536 kB
Inactive:        1503572 kB
Active(anon):    1364916 kB
Inactive(anon):    22964 kB
Active(file):     251620 kB
Inactive(file):  1480608 kB
Unevictable:        5616 kB
Mlocked:            5616 kB
SwapTotal:       3145724 kB
SwapFree:        3145724 kB
Dirty:               924 kB
Writeback:             0 kB
AnonPages:       1363772 kB
Mapped:           890404 kB
Shmem:             25176 kB
KReclaimable:     668980 kB
Slab:             225360 kB
SReclaimable:      76400 kB
SUnreclaim:       148960 kB
KernelStack:       50496 kB
PageTables:        68728 kB
NFS_Unstable:          0 kB
Bounce:                0 kB
WritebackTmp:          0 kB
CommitLimit:     9202292 kB
Committed_AS:   76609544 kB
VmallocTotal:   263061440 kB
VmallocUsed:      107580 kB
VmallocChunk:          0 kB
Percpu:             7648 kB
CmaTotal:         294912 kB
CmaFree:               0 kB
MemTotal:       12113136 kB
MemFree:         6432748 kB
MemAvailable:    7965372 kB
Buffers:            4780 kB
Cached:          1757300 kB
SwapCached:            0 kB
Active:          1617804 kB
Inactive:        1503684 kB
Active(anon):    1366184 kB
Inactive(anon):    22964 kB
Active(file):     251620 kB
Inactive(file):  1480720 kB
Unevictable:        5616 kB
Mlocked:            5616 kB
SwapTotal:       3145724 kB
SwapFree:        3145724 kB
Dirty:               944 kB
Writeback:             0 kB
AnonPages:       1365100 kB
Mapped:           890404 kB
Shmem:             25176 kB
KReclaimable:     668988 kB
Slab:             225368 kB
SReclaimable:      76408 kB
SUnreclaim:       148960 kB
KernelStack:       50496 kB
PageTables:        68744 kB
NFS_Unstable:          0 kB
Bounce:                0 kB
WritebackTmp:          0 kB
CommitLimit:     9202292 kB
Committed_AS:   76609412 kB
VmallocTotal:   263061440 kB
VmallocUsed:      107580 kB
VmallocChunk:          0 kB
Percpu:             7648 kB
CmaTotal:         294912 kB
CmaFree:               0 kB
MemTotal:       12113136 kB
MemFree:         6458640 kB
MemAvailable:    7991276 kB
Buffers:            4780 kB
Cached:          1757312 kB
SwapCached:            0 kB
Active:          1590444 kB
Inactive:        1503696 kB
Active(anon):    1338824 kB
Inactive(anon):    22964 kB
Active(file):     251620 kB
Inactive(file):  1480732 kB
Unevictable:        5616 kB
Mlocked:            5616 kB
SwapTotal:       3145724 kB
SwapFree:        3145724 kB
Dirty:               984 kB
Writeback:             0 kB
AnonPages:       1337452 kB
Mapped:           890404 kB
Shmem:             25176 kB
KReclaimable:     668988 kB
Slab:             225372 kB
SReclaimable:      76408 kB
SUnreclaim:       148964 kB
KernelStack:       50496 kB
PageTables:        68740 kB
NFS_Unstable:          0 kB
Bounce:                0 kB
WritebackTmp:          0 kB
CommitLimit:     9202292 kB
Committed_AS:   76605308 kB
VmallocTotal:   263061440 kB
VmallocUsed:      107596 kB
VmallocChunk:          0 kB
Percpu:             7648 kB
CmaTotal:         294912 kB
CmaFree:               0 kB
MemTotal:       12113136 kB
MemFree:         6457464 kB
MemAvailable:    7990116 kB
Buffers:            4780 kB
Cached:          1757328 kB
SwapCached:            0 kB
Active:          1591204 kB
Inactive:        1503712 kB
Active(anon):    1339584 kB
Inactive(anon):    22964 kB
Active(file):     251620 kB
Inactive(file):  1480748 kB
Unevictable:        5616 kB
Mlocked:            5616 kB
SwapTotal:       3145724 kB
SwapFree:        3145724 kB
Dirty:               272 kB
Writeback:             0 kB
AnonPages:       1338460 kB
Mapped:           890404 kB
Shmem:             25176 kB
KReclaimable:     668988 kB
Slab:             225348 kB
SReclaimable:      76408 kB
SUnreclaim:       148940 kB
KernelStack:       50284 kB
PageTables:        68740 kB
NFS_Unstable:          0 kB
Bounce:                0 kB
WritebackTmp:          0 kB
CommitLimit:     9202292 kB
Committed_AS:   76605748 kB
VmallocTotal:   263061440 kB
VmallocUsed:      107372 kB
VmallocChunk:          0 kB
Percpu:             7648 kB
CmaTotal:         294912 kB
CmaFree:               0 kB
MemTotal:       12113136 kB
MemFree:         6465264 kB
MemAvailable:    7997924 kB
Buffers:            4780 kB
Cached:          1757336 kB
SwapCached:            0 kB
Active:          1583096 kB
Inactive:        1503720 kB
Active(anon):    1331476 kB
Inactive(anon):    22964 kB
Active(file):     251620 kB
Inactive(file):  1480756 kB
Unevictable:        5616 kB
Mlocked:            5616 kB
SwapTotal:       3145724 kB
SwapFree:        3145724 kB
Dirty:               328 kB
Writeback:             0 kB
AnonPages:       1330344 kB
Mapped:           890404 kB
Shmem:             25176 kB
KReclaimable:     668988 kB
Slab:             225344 kB
SReclaimable:      76408 kB
SUnreclaim:       148936 kB
KernelStack:       50272 kB
PageTables:        68728 kB
NFS_Unstable:          0 kB
Bounce:                0 kB
WritebackTmp:          0 kB
CommitLimit:     9202292 kB
Committed_AS:   76605872 kB
VmallocTotal:   263061440 kB
VmallocUsed:      107340 kB
VmallocChunk:          0 kB
Percpu:             7648 kB
CmaTotal:         294912 kB
CmaFree:               0 kB
MemTotal:       12113136 kB
MemFree:         6466272 kB
MemAvailable:    7998940 kB
Buffers:            4780 kB
Cached:          1757344 kB
SwapCached:            0 kB
Active:          1584156 kB
Inactive:        1503728 kB
Active(anon):    1332536 kB
Inactive(anon):    22964 kB
Active(file):     251620 kB
Inactive(file):  1480764 kB
Unevictable:        5616 kB
Mlocked:            5616 kB
SwapTotal:       3145724 kB
SwapFree:        3145724 kB
Dirty:               340 kB
Writeback:             0 kB
AnonPages:       1331428 kB
Mapped:           890404 kB
Shmem:             25176 kB
KReclaimable:     668988 kB
Slab:             225336 kB
SReclaimable:      76408 kB
SUnreclaim:       148928 kB
KernelStack:       50256 kB
PageTables:        68744 kB
NFS_Unstable:          0 kB
Bounce:                0 kB
WritebackTmp:          0 kB
CommitLimit:     9202292 kB
Committed_AS:   76606648 kB
VmallocTotal:   263061440 kB
VmallocUsed:      107340 kB
VmallocChunk:          0 kB
Percpu:             7648 kB
CmaTotal:         294912 kB
CmaFree:               0 kB
MemTotal:       12113136 kB
MemFree:         6465780 kB
MemAvailable:    7998484 kB
Buffers:            4780 kB
Cached:          1757380 kB
SwapCached:            0 kB
Active:          1584392 kB
Inactive:        1503764 kB
Active(anon):    1332772 kB
Inactive(anon):    22964 kB
Active(file):     251620 kB
Inactive(file):  1480800 kB
Unevictable:        5616 kB
Mlocked:            5616 kB
SwapTotal:       3145724 kB
SwapFree:        3145724 kB
Dirty:               388 kB
Writeback:             0 kB
AnonPages:       1331632 kB
Mapped:           890404 kB
Shmem:             25176 kB
KReclaimable:     668988 kB
Slab:             225352 kB
SReclaimable:      76408 kB
SUnreclaim:       148944 kB
KernelStack:       50272 kB
PageTables:        68732 kB
NFS_Unstable:          0 kB
Bounce:                0 kB
WritebackTmp:          0 kB
CommitLimit:     9202292 kB
Committed_AS:   76602640 kB
VmallocTotal:   263061440 kB
VmallocUsed:      107372 kB
VmallocChunk:          0 kB
Percpu:             7648 kB
CmaTotal:         294912 kB
CmaFree:               0 kB
MemTotal:       12113136 kB
MemFree:         6464176 kB
MemAvailable:    7997160 kB
Buffers:            4784 kB
Cached:          1757656 kB
SwapCached:            0 kB
Active:          1586220 kB
Inactive:        1504016 kB
Active(anon):    1334572 kB
Inactive(anon):    22964 kB
Active(file):     251648 kB
Inactive(file):  1481052 kB
Unevictable:        5616 kB
Mlocked:            5616 kB
SwapTotal:       3145724 kB
SwapFree:        3145724 kB
Dirty:               372 kB
Writeback:             0 kB
AnonPages:       1333368 kB
Mapped:           890404 kB
Shmem:             25176 kB
KReclaimable:     668988 kB
Slab:             225332 kB
SReclaimable:      76408 kB
SUnreclaim:       148924 kB
KernelStack:       50272 kB
PageTables:        68748 kB
NFS_Unstable:          0 kB
Bounce:                0 kB
WritebackTmp:          0 kB
CommitLimit:     9202292 kB
Committed_AS:   76602428 kB
VmallocTotal:   263061440 kB
VmallocUsed:      107388 kB
VmallocChunk:          0 kB
Percpu:             7648 kB
CmaTotal:         294912 kB
CmaFree:               0 kB
MemTotal:       12113136 kB
MemFree:         6463272 kB
MemAvailable:    7996268 kB
Buffers:            4784 kB
Cached:          1757668 kB
SwapCached:            0 kB
Active:          1586708 kB
Inactive:        1504028 kB
Active(anon):    1335060 kB
Inactive(anon):    22964 kB
Active(file):     251648 kB
Inactive(file):  1481064 kB
Unevictable:        5616 kB
Mlocked:            5616 kB
SwapTotal:       3145724 kB
SwapFree:        3145724 kB
Dirty:               388 kB
Writeback:             0 kB
AnonPages:       1334008 kB
Mapped:           890404 kB
Shmem:             25176 kB
KReclaimable:     668988 kB
Slab:             225372 kB
SReclaimable:      76408 kB
SUnreclaim:       148964 kB
KernelStack:       50192 kB
PageTables:        68732 kB
NFS_Unstable:          0 kB
Bounce:                0 kB
WritebackTmp:          0 kB
CommitLimit:     9202292 kB
Committed_AS:   76602524 kB
VmallocTotal:   263061440 kB
VmallocUsed:      107244 kB
VmallocChunk:          0 kB
Percpu:             7648 kB
CmaTotal:         294912 kB
CmaFree:               0 kB
MemTotal:       12113136 kB
MemFree:         6462488 kB
MemAvailable:    7995500 kB
Buffers:            4784 kB
Cached:          1757684 kB
SwapCached:            0 kB
Active:          1587608 kB
Inactive:        1504044 kB
Active(anon):    1335960 kB
Inactive(anon):    22964 kB
Active(file):     251648 kB
Inactive(file):  1481080 kB
Unevictable:        5616 kB
Mlocked:            5616 kB
SwapTotal:       3145724 kB
SwapFree:        3145724 kB
Dirty:               420 kB
Writeback:             0 kB
AnonPages:       1334812 kB
Mapped:           890404 kB
Shmem:             25176 kB
KReclaimable:     668988 kB
Slab:             225372 kB
SReclaimable:      76408 kB
SUnreclaim:       148964 kB
KernelStack:       50176 kB
PageTables:        68756 kB
NFS_Unstable:          0 kB
Bounce:                0 kB
WritebackTmp:          0 kB
CommitLimit:     9202292 kB
Committed_AS:   76602744 kB
VmallocTotal:   263061440 kB
VmallocUsed:      107260 kB
VmallocChunk:          0 kB
Percpu:             7648 kB
CmaTotal:         294912 kB
CmaFree:               4 kB
MemTotal:       12113136 kB
MemFree:         6461900 kB
MemAvailable:    7994924 kB
Buffers:            4784 kB
Cached:          1757700 kB
SwapCached:            0 kB
Active:          1588748 kB
Inactive:        1504060 kB
Active(anon):    1337100 kB
Inactive(anon):    22968 kB
Active(file):     251648 kB
Inactive(file):  1481092 kB
Unevictable:        5616 kB
Mlocked:            5616 kB
SwapTotal:       3145724 kB
SwapFree:        3145724 kB
Dirty:               456 kB
Writeback:             0 kB
AnonPages:       1336144 kB
Mapped:           890408 kB
Shmem:             25180 kB
KReclaimable:     668988 kB
Slab:             225380 kB
SReclaimable:      76408 kB
SUnreclaim:       148972 kB
KernelStack:       50176 kB
PageTables:        68740 kB
NFS_Unstable:          0 kB
Bounce:                0 kB
WritebackTmp:          0 kB
CommitLimit:     9202292 kB
Committed_AS:   76597608 kB
VmallocTotal:   263061440 kB
VmallocUsed:      107292 kB
VmallocChunk:          0 kB
Percpu:             7648 kB
CmaTotal:         294912 kB
CmaFree:               0 kB
MemTotal:       12113136 kB
MemFree:         6459956 kB
MemAvailable:    7992992 kB
Buffers:            4784 kB
Cached:          1757712 kB
SwapCached:            0 kB
Active:          1590340 kB
Inactive:        1504072 kB
Active(anon):    1338692 kB
Inactive(anon):    22968 kB
Active(file):     251648 kB
Inactive(file):  1481104 kB
Unevictable:        5616 kB
Mlocked:            5616 kB
SwapTotal:       3145724 kB
SwapFree:        3145724 kB
Dirty:               484 kB
Writeback:             0 kB
AnonPages:       1337532 kB
Mapped:           890408 kB
Shmem:             25180 kB
KReclaimable:     668988 kB
Slab:             225364 kB
SReclaimable:      76408 kB
SUnreclaim:       148956 kB
KernelStack:       50208 kB
PageTables:        68716 kB
NFS_Unstable:          0 kB
Bounce:                0 kB
WritebackTmp:          0 kB
CommitLimit:     9202292 kB
Committed_AS:   76598508 kB
VmallocTotal:   263061440 kB
VmallocUsed:      107260 kB
VmallocChunk:          0 kB
Percpu:             7648 kB
CmaTotal:         294912 kB
CmaFree:               0 kB
MemTotal:       12113136 kB
MemFree:         6458288 kB
MemAvailable:    7991332 kB
Buffers:            4784 kB
Cached:          1757720 kB
SwapCached:            0 kB
Active:          1591204 kB
Inactive:        1504080 kB
Active(anon):    1339556 kB
Inactive(anon):    22968 kB
Active(file):     251648 kB
Inactive(file):  1481112 kB
Unevictable:        5616 kB
Mlocked:            5616 kB
SwapTotal:       3145724 kB
SwapFree:        3145724 kB
Dirty:               496 kB
Writeback:             0 kB
AnonPages:       1338456 kB
Mapped:           890408 kB
Shmem:             25180 kB
KReclaimable:     668988 kB
Slab:             225376 kB
SReclaimable:      76408 kB
SUnreclaim:       148968 kB
KernelStack:       50192 kB
PageTables:        68740 kB
NFS_Unstable:          0 kB
Bounce:                0 kB
WritebackTmp:          0 kB
CommitLimit:     9202292 kB
Committed_AS:   76598180 kB
VmallocTotal:   263061440 kB
VmallocUsed:      107244 kB
VmallocChunk:          0 kB
Percpu:             7648 kB
CmaTotal:         294912 kB
CmaFree:               0 kB
MemTotal:       12113136 kB
MemFree:         6458224 kB
MemAvailable:    7991288 kB
Buffers:            4784 kB
Cached:          1757740 kB
SwapCached:            0 kB
Active:          1592052 kB
Inactive:        1504100 kB
Active(anon):    1340404 kB
Inactive(anon):    22968 kB
Active(file):     251648 kB
Inactive(file):  1481132 kB
Unevictable:        5616 kB
Mlocked:            5616 kB
SwapTotal:       3145724 kB
SwapFree:        3145724 kB
Dirty:               280 kB
Writeback:             0 kB
AnonPages:       1339524 kB
Mapped:           890408 kB
Shmem:             25180 kB
KReclaimable:     668988 kB
Slab:             225384 kB
SReclaimable:      76408 kB
SUnreclaim:       148976 kB
KernelStack:       50144 kB
PageTables:        68752 kB
NFS_Unstable:          0 kB
Bounce:                0 kB
WritebackTmp:          0 kB
CommitLimit:     9202292 kB
Committed_AS:   76597880 kB
VmallocTotal:   263061440 kB
VmallocUsed:      107244 kB
VmallocChunk:          0 kB
Percpu:             7648 kB
CmaTotal:         294912 kB
CmaFree:               0 kB
MemTotal:       12113136 kB
MemFree:         6456556 kB
MemAvailable:    7989624 kB
Buffers:            4784 kB
Cached:          1757744 kB
SwapCached:            0 kB
Active:          1592216 kB
Inactive:        1504104 kB
Active(anon):    1340568 kB
Inactive(anon):    22968 kB
Active(file):     251648 kB
Inactive(file):  1481136 kB
Unevictable:        5616 kB
Mlocked:            5616 kB
SwapTotal:       3145724 kB
SwapFree:        3145724 kB
Dirty:               332 kB
Writeback:             0 kB
AnonPages:       1339704 kB
Mapped:           890408 kB
Shmem:             25180 kB
KReclaimable:     668988 kB
Slab:             225388 kB
SReclaimable:      76408 kB
SUnreclaim:       148980 kB
KernelStack:       50080 kB
PageTables:        68740 kB
NFS_Unstable:          0 kB
Bounce:                0 kB
WritebackTmp:          0 kB
CommitLimit:     9202292 kB
Committed_AS:   76596612 kB
VmallocTotal:   263061440 kB
VmallocUsed:      107164 kB
VmallocChunk:          0 kB
Percpu:             7648 kB
CmaTotal:         294912 kB
CmaFree:               0 kB
MemTotal:       12113136 kB
MemFree:         6455844 kB
MemAvailable:    7988924 kB
Buffers:            4784 kB
Cached:          1757756 kB
SwapCached:            0 kB
Active:          1593156 kB
Inactive:        1504116 kB
Active(anon):    1341508 kB
Inactive(anon):    22968 kB
Active(file):     251648 kB
Inactive(file):  1481148 kB
Unevictable:        5616 kB
Mlocked:            5616 kB
SwapTotal:       3145724 kB
SwapFree:        3145724 kB
Dirty:               344 kB
Writeback:             0 kB
AnonPages:       1340260 kB
Mapped:           890408 kB
Shmem:             25180 kB
KReclaimable:     668988 kB
Slab:             225372 kB
SReclaimable:      76408 kB
SUnreclaim:       148964 kB
KernelStack:       50096 kB
PageTables:        68752 kB
NFS_Unstable:          0 kB
Bounce:                0 kB
WritebackTmp:          0 kB
CommitLimit:     9202292 kB
Committed_AS:   76594576 kB
VmallocTotal:   263061440 kB
VmallocUsed:      107164 kB
VmallocChunk:          0 kB
Percpu:             7648 kB
CmaTotal:         294912 kB
CmaFree:               0 kB
MemTotal:       12113136 kB
MemFree:         6454652 kB
MemAvailable:    7987744 kB
Buffers:            4784 kB
Cached:          1757768 kB
SwapCached:            0 kB
Active:          1593788 kB
Inactive:        1504128 kB
Active(anon):    1342140 kB
Inactive(anon):    22968 kB
Active(file):     251648 kB
Inactive(file):  1481160 kB
Unevictable:        5616 kB
Mlocked:            5616 kB
SwapTotal:       3145724 kB
SwapFree:        3145724 kB
Dirty:               372 kB
Writeback:             0 kB
AnonPages:       1341092 kB
Mapped:           890408 kB
Shmem:             25180 kB
KReclaimable:     668988 kB
Slab:             225380 kB
SReclaimable:      76408 kB
SUnreclaim:       148972 kB
KernelStack:       50096 kB
PageTables:        68748 kB
NFS_Unstable:          0 kB
Bounce:                0 kB
WritebackTmp:          0 kB
CommitLimit:     9202292 kB
Committed_AS:   76599784 kB
VmallocTotal:   263061440 kB
VmallocUsed:      107148 kB
VmallocChunk:          0 kB
Percpu:             7648 kB
CmaTotal:         294912 kB
CmaFree:               0 kB
MemTotal:       12113136 kB
MemFree:         6467740 kB
MemAvailable:    8000840 kB
Buffers:            4784 kB
Cached:          1757780 kB
SwapCached:            0 kB
Active:          1581424 kB
Inactive:        1504140 kB
Active(anon):    1329776 kB
Inactive(anon):    22972 kB
Active(file):     251648 kB
Inactive(file):  1481168 kB
Unevictable:        5616 kB
Mlocked:            5616 kB
SwapTotal:       3145724 kB
SwapFree:        3145724 kB
Dirty:               384 kB
Writeback:             0 kB
AnonPages:       1328236 kB
Mapped:           877060 kB
Shmem:             25184 kB
KReclaimable:     668988 kB
Slab:             225388 kB
SReclaimable:      76408 kB
SUnreclaim:       148980 kB
KernelStack:       50112 kB
PageTables:        68700 kB
NFS_Unstable:          0 kB
Bounce:                0 kB
WritebackTmp:          0 kB
CommitLimit:     9202292 kB
Committed_AS:   76596140 kB
VmallocTotal:   263061440 kB
VmallocUsed:      107164 kB
VmallocChunk:          0 kB
Percpu:             7648 kB
CmaTotal:         294912 kB
CmaFree:               0 kB
MemTotal:       12113136 kB
MemFree:         6466356 kB
MemAvailable:    7999472 kB
Buffers:            4784 kB
Cached:          1757796 kB
SwapCached:            0 kB
Active:          1581412 kB
Inactive:        1504156 kB
Active(anon):    1329764 kB
Inactive(anon):    22972 kB
Active(file):     251648 kB
Inactive(file):  1481184 kB
Unevictable:        5616 kB
Mlocked:            5616 kB
SwapTotal:       3145724 kB
SwapFree:        3145724 kB
Dirty:               400 kB
Writeback:             0 kB
AnonPages:       1328932 kB
Mapped:           877060 kB
Shmem:             25184 kB
KReclaimable:     668988 kB
Slab:             225392 kB
SReclaimable:      76408 kB
SUnreclaim:       148984 kB
KernelStack:       50112 kB
PageTables:        68692 kB
NFS_Unstable:          0 kB
Bounce:                0 kB
WritebackTmp:          0 kB
CommitLimit:     9202292 kB
Committed_AS:   76594700 kB
VmallocTotal:   263061440 kB
VmallocUsed:      107164 kB
VmallocChunk:          0 kB
Percpu:             7648 kB
CmaTotal:         294912 kB
CmaFree:               0 kB
MemTotal:       12113136 kB
MemFree:         6466788 kB
MemAvailable:    7999912 kB
Buffers:            4784 kB
Cached:          1757804 kB
SwapCached:            0 kB
Active:          1582916 kB
Inactive:        1504168 kB
Active(anon):    1331272 kB
Inactive(anon):    22972 kB
Active(file):     251644 kB
Inactive(file):  1481196 kB
Unevictable:        5616 kB
Mlocked:            5616 kB
SwapTotal:       3145724 kB
SwapFree:        3145724 kB
Dirty:               416 kB
Writeback:             0 kB
AnonPages:       1330104 kB
Mapped:           877060 kB
Shmem:             25184 kB
KReclaimable:     668988 kB
Slab:             225384 kB
SReclaimable:      76408 kB
SUnreclaim:       148976 kB
KernelStack:       50160 kB
PageTables:        68704 kB
NFS_Unstable:          0 kB
Bounce:                0 kB
WritebackTmp:          0 kB
CommitLimit:     9202292 kB
Committed_AS:   76597124 kB
VmallocTotal:   263061440 kB
VmallocUsed:      107180 kB
VmallocChunk:          0 kB
Percpu:             7648 kB
CmaTotal:         294912 kB
CmaFree:               0 kB
MemTotal:       12113136 kB
MemFree:         6465304 kB
MemAvailable:    7998440 kB
Buffers:            4784 kB
Cached:          1757816 kB
SwapCached:            0 kB
Active:          1583572 kB
Inactive:        1504180 kB
Active(anon):    1331928 kB
Inactive(anon):    22972 kB
Active(file):     251644 kB
Inactive(file):  1481208 kB
Unevictable:        5616 kB
Mlocked:            5616 kB
SwapTotal:       3145724 kB
SwapFree:        3145724 kB
Dirty:               496 kB
Writeback:             0 kB
AnonPages:       1330600 kB
Mapped:           877060 kB
Shmem:             25184 kB
KReclaimable:     668988 kB
Slab:             225452 kB
SReclaimable:      76408 kB
SUnreclaim:       149044 kB
KernelStack:       50144 kB
PageTables:        68708 kB
NFS_Unstable:          0 kB
Bounce:                0 kB
WritebackTmp:          0 kB
CommitLimit:     9202292 kB
Committed_AS:   76600936 kB
VmallocTotal:   263061440 kB
VmallocUsed:      107148 kB
VmallocChunk:          0 kB
Percpu:             7648 kB
CmaTotal:         294912 kB
CmaFree:               0 kB
MemTotal:       12113136 kB
MemFree:         6468156 kB
MemAvailable:    8001324 kB
Buffers:            4784 kB
Cached:          1757848 kB
SwapCached:            0 kB
Active:          1579756 kB
Inactive:        1504208 kB
Active(anon):    1328108 kB
Inactive(anon):    22972 kB
Active(file):     251648 kB
Inactive(file):  1481236 kB
Unevictable:        5616 kB
Mlocked:            5616 kB
SwapTotal:       3145724 kB
SwapFree:        3145724 kB
Dirty:               540 kB
Writeback:             0 kB
AnonPages:       1326888 kB
Mapped:           877060 kB
Shmem:             25184 kB
KReclaimable:     668988 kB
Slab:             225396 kB
SReclaimable:      76408 kB
SUnreclaim:       148988 kB
KernelStack:       50096 kB
PageTables:        68708 kB
NFS_Unstable:          0 kB
Bounce:                0 kB
WritebackTmp:          0 kB
CommitLimit:     9202292 kB
Committed_AS:   76606472 kB
VmallocTotal:   263061440 kB
VmallocUsed:      107164 kB
VmallocChunk:          0 kB
Percpu:             7648 kB
CmaTotal:         294912 kB
CmaFree:               0 kB
MemTotal:       12113136 kB
MemFree:         6467200 kB
MemAvailable:    8000384 kB
Buffers:            4784 kB
Cached:          1757864 kB
SwapCached:            0 kB
Active:          1580560 kB
Inactive:        1504224 kB
Active(anon):    1328912 kB
Inactive(anon):    22972 kB
Active(file):     251648 kB
Inactive(file):  1481252 kB
Unevictable:        5616 kB
Mlocked:            5616 kB
SwapTotal:       3145724 kB
SwapFree:        3145724 kB
Dirty:               568 kB
Writeback:             0 kB
AnonPages:       1327836 kB
Mapped:           877060 kB
Shmem:             25184 kB
KReclaimable:     668988 kB
Slab:             225436 kB
SReclaimable:      76408 kB
SUnreclaim:       149028 kB
KernelStack:       50096 kB
PageTables:        68704 kB
NFS_Unstable:          0 kB
Bounce:                0 kB
WritebackTmp:          0 kB
CommitLimit:     9202292 kB
Committed_AS:   76608228 kB
VmallocTotal:   263061440 kB
VmallocUsed:      107164 kB
VmallocChunk:          0 kB
Percpu:             7648 kB
CmaTotal:         294912 kB
CmaFree:               0 kB
MemTotal:       12113136 kB
MemFree:         6466812 kB
MemAvailable:    8000008 kB
Buffers:            4784 kB
Cached:          1757876 kB
SwapCached:            0 kB
Active:          1581716 kB
Inactive:        1504236 kB
Active(anon):    1330068 kB
Inactive(anon):    22972 kB
Active(file):     251648 kB
Inactive(file):  1481264 kB
Unevictable:        5616 kB
Mlocked:            5616 kB
SwapTotal:       3145724 kB
SwapFree:        3145724 kB
Dirty:               580 kB
Writeback:             0 kB
AnonPages:       1329072 kB
Mapped:           877060 kB
Shmem:             25184 kB
KReclaimable:     668988 kB
Slab:             225408 kB
SReclaimable:      76408 kB
SUnreclaim:       149000 kB
KernelStack:       50016 kB
PageTables:        68716 kB
NFS_Unstable:          0 kB
Bounce:                0 kB
WritebackTmp:          0 kB
CommitLimit:     9202292 kB
Committed_AS:   76608140 kB
VmallocTotal:   263061440 kB
VmallocUsed:      107100 kB
VmallocChunk:          0 kB
Percpu:             7648 kB
CmaTotal:         294912 kB
CmaFree:               0 kB
MemTotal:       12113136 kB
MemFree:         6466180 kB
MemAvailable:    7999380 kB
Buffers:            4784 kB
Cached:          1757884 kB
SwapCached:            0 kB
Active:          1582644 kB
Inactive:        1504244 kB
Active(anon):    1330996 kB
Inactive(anon):    22976 kB
Active(file):     251648 kB
Inactive(file):  1481268 kB
Unevictable:        5616 kB
Mlocked:            5616 kB
SwapTotal:       3145724 kB
SwapFree:        3145724 kB
Dirty:               584 kB
Writeback:             0 kB
AnonPages:       1329856 kB
Mapped:           877064 kB
Shmem:             25188 kB
KReclaimable:     668988 kB
Slab:             225416 kB
SReclaimable:      76408 kB
SUnreclaim:       149008 kB
KernelStack:       50032 kB
PageTables:        68704 kB
NFS_Unstable:          0 kB
Bounce:                0 kB
WritebackTmp:          0 kB
CommitLimit:     9202292 kB
Committed_AS:   76607692 kB
VmallocTotal:   263061440 kB
VmallocUsed:      107132 kB
VmallocChunk:          0 kB
Percpu:             7648 kB
CmaTotal:         294912 kB
CmaFree:               0 kB
MemTotal:       12113136 kB
MemFree:         6438648 kB
MemAvailable:    7971868 kB
Buffers:            4784 kB
Cached:          1757916 kB
SwapCached:            0 kB
Active:          1612240 kB
Inactive:        1504276 kB
Active(anon):    1360592 kB
Inactive(anon):    22988 kB
Active(file):     251648 kB
Inactive(file):  1481288 kB
Unevictable:        5616 kB
Mlocked:            5616 kB
SwapTotal:       3145724 kB
SwapFree:        3145724 kB
Dirty:               620 kB
Writeback:             0 kB
AnonPages:       1359344 kB
Mapped:           877076 kB
Shmem:             25200 kB
KReclaimable:     668988 kB
Slab:             225444 kB
SReclaimable:      76408 kB
SUnreclaim:       149036 kB
KernelStack:       50048 kB
PageTables:        68832 kB
NFS_Unstable:          0 kB
Bounce:                0 kB
WritebackTmp:          0 kB
CommitLimit:     9202292 kB
Committed_AS:   76596660 kB
VmallocTotal:   263061440 kB
VmallocUsed:      107068 kB
VmallocChunk:          0 kB
Percpu:             7648 kB
CmaTotal:         294912 kB
CmaFree:               0 kB
MemTotal:       12113136 kB
MemFree:         6445104 kB
MemAvailable:    7978364 kB
Buffers:            4788 kB
Cached:          1757952 kB
SwapCached:            0 kB
Active:          1603624 kB
Inactive:        1504312 kB
Active(anon):    1351972 kB
Inactive(anon):    22988 kB
Active(file):     251652 kB
Inactive(file):  1481324 kB
Unevictable:        5616 kB
Mlocked:            5616 kB
SwapTotal:       3145724 kB
SwapFree:        3145724 kB
Dirty:               640 kB
Writeback:             0 kB
AnonPages:       1351108 kB
Mapped:           877076 kB
Shmem:             25200 kB
KReclaimable:     668988 kB
Slab:             225444 kB
SReclaimable:      76408 kB
SUnreclaim:       149036 kB
KernelStack:       50032 kB
PageTables:        68708 kB
NFS_Unstable:          0 kB
Bounce:                0 kB
WritebackTmp:          0 kB
CommitLimit:     9202292 kB
Committed_AS:   76607504 kB
VmallocTotal:   263061440 kB
VmallocUsed:      107116 kB
VmallocChunk:          0 kB
Percpu:             7648 kB
CmaTotal:         294912 kB
CmaFree:               0 kB
MemTotal:       12113136 kB
MemFree:         6430028 kB
MemAvailable:    7963296 kB
Buffers:            4788 kB
Cached:          1757960 kB
SwapCached:            0 kB
Active:          1621172 kB
Inactive:        1504320 kB
Active(anon):    1369520 kB
Inactive(anon):    22988 kB
Active(file):     251652 kB
Inactive(file):  1481332 kB
Unevictable:        5616 kB
Mlocked:            5616 kB
SwapTotal:       3145724 kB
SwapFree:        3145724 kB
Dirty:               620 kB
Writeback:             0 kB
AnonPages:       1368452 kB
Mapped:           877076 kB
Shmem:             25200 kB
KReclaimable:     668988 kB
Slab:             225444 kB
SReclaimable:      76408 kB
SUnreclaim:       149036 kB
KernelStack:       50032 kB
PageTables:        68700 kB
NFS_Unstable:          0 kB
Bounce:                0 kB
WritebackTmp:          0 kB
CommitLimit:     9202292 kB
Committed_AS:   76607548 kB
VmallocTotal:   263061440 kB
VmallocUsed:      107132 kB
VmallocChunk:          0 kB
Percpu:             7648 kB
CmaTotal:         294912 kB
CmaFree:               0 kB
MemTotal:       12113136 kB
MemFree:         6434832 kB
MemAvailable:    7968116 kB
Buffers:            4788 kB
Cached:          1757976 kB
SwapCached:            0 kB
Active:          1613448 kB
Inactive:        1504336 kB
Active(anon):    1361796 kB
Inactive(anon):    22988 kB
Active(file):     251652 kB
Inactive(file):  1481348 kB
Unevictable:        5616 kB
Mlocked:            5616 kB
SwapTotal:       3145724 kB
SwapFree:        3145724 kB
Dirty:               652 kB
Writeback:             0 kB
AnonPages:       1360580 kB
Mapped:           877076 kB
Shmem:             25200 kB
KReclaimable:     668988 kB
Slab:             225576 kB
SReclaimable:      76408 kB
SUnreclaim:       149168 kB
KernelStack:       50032 kB
PageTables:        68712 kB
NFS_Unstable:          0 kB
Bounce:                0 kB
WritebackTmp:          0 kB
CommitLimit:     9202292 kB
Committed_AS:   76616560 kB
VmallocTotal:   263061440 kB
VmallocUsed:      107116 kB
VmallocChunk:          0 kB
Percpu:             7648 kB
CmaTotal:         294912 kB
CmaFree:               0 kB
MemTotal:       12113136 kB
MemFree:         6434144 kB
MemAvailable:    7967440 kB
Buffers:            4788 kB
Cached:          1757988 kB
SwapCached:            0 kB
Active:          1614660 kB
Inactive:        1504348 kB
Active(anon):    1363008 kB
Inactive(anon):    22988 kB
Active(file):     251652 kB
Inactive(file):  1481360 kB
Unevictable:        5616 kB
Mlocked:            5616 kB
SwapTotal:       3145724 kB
SwapFree:        3145724 kB
Dirty:               664 kB
Writeback:             0 kB
AnonPages:       1361996 kB
Mapped:           877076 kB
Shmem:             25200 kB
KReclaimable:     668988 kB
Slab:             225448 kB
SReclaimable:      76408 kB
SUnreclaim:       149040 kB
KernelStack:       50032 kB
PageTables:        68712 kB
NFS_Unstable:          0 kB
Bounce:                0 kB
WritebackTmp:          0 kB
CommitLimit:     9202292 kB
Committed_AS:   76616724 kB
VmallocTotal:   263061440 kB
VmallocUsed:      107148 kB
VmallocChunk:          0 kB
Percpu:             7648 kB
CmaTotal:         294912 kB
CmaFree:               0 kB
MemTotal:       12113136 kB
MemFree:         6445008 kB
MemAvailable:    7977956 kB
Buffers:            4788 kB
Cached:          1757996 kB
SwapCached:            0 kB
Active:          1615856 kB
Inactive:        1504356 kB
Active(anon):    1364204 kB
Inactive(anon):    22988 kB
Active(file):     251652 kB
Inactive(file):  1481368 kB
Unevictable:        5616 kB
Mlocked:            5616 kB
SwapTotal:       3145724 kB
SwapFree:        3145724 kB
Dirty:               676 kB
Writeback:             0 kB
AnonPages:       1363164 kB
Mapped:           877076 kB
Shmem:             25200 kB
KReclaimable:     668632 kB
Slab:             225096 kB
SReclaimable:      76052 kB
SUnreclaim:       149044 kB
KernelStack:       50032 kB
PageTables:        68708 kB
NFS_Unstable:          0 kB
Bounce:                0 kB
WritebackTmp:          0 kB
CommitLimit:     9202292 kB
Committed_AS:   76616988 kB
VmallocTotal:   263061440 kB
VmallocUsed:      107132 kB
VmallocChunk:          0 kB
Percpu:             7648 kB
CmaTotal:         294912 kB
CmaFree:               0 kB
MemTotal:       12113136 kB
MemFree:         6445676 kB
MemAvailable:    7978636 kB
Buffers:            4788 kB
Cached:          1758008 kB
SwapCached:            0 kB
Active:          1616288 kB
Inactive:        1504368 kB
Active(anon):    1364636 kB
Inactive(anon):    22988 kB
Active(file):     251652 kB
Inactive(file):  1481380 kB
Unevictable:        5616 kB
Mlocked:            5616 kB
SwapTotal:       3145724 kB
SwapFree:        3145724 kB
Dirty:               704 kB
Writeback:             0 kB
AnonPages:       1363556 kB
Mapped:           877076 kB
Shmem:             25200 kB
KReclaimable:     668632 kB
Slab:             225096 kB
SReclaimable:      76052 kB
SUnreclaim:       149044 kB
KernelStack:       50032 kB
PageTables:        68708 kB
NFS_Unstable:          0 kB
Bounce:                0 kB
WritebackTmp:          0 kB
CommitLimit:     9202292 kB
Committed_AS:   76612220 kB
VmallocTotal:   263061440 kB
VmallocUsed:      107116 kB
VmallocChunk:          0 kB
Percpu:             7648 kB
CmaTotal:         294912 kB
CmaFree:               0 kB
MemTotal:       12113136 kB
MemFree:         6443928 kB
MemAvailable:    7976900 kB
Buffers:            4788 kB
Cached:          1758020 kB
SwapCached:            0 kB
Active:          1616940 kB
Inactive:        1504380 kB
Active(anon):    1365288 kB
Inactive(anon):    22988 kB
Active(file):     251652 kB
Inactive(file):  1481392 kB
Unevictable:        5616 kB
Mlocked:            5616 kB
SwapTotal:       3145724 kB
SwapFree:        3145724 kB
Dirty:               716 kB
Writeback:             0 kB
AnonPages:       1364360 kB
Mapped:           877076 kB
Shmem:             25200 kB
KReclaimable:     668632 kB
Slab:             225104 kB
SReclaimable:      76052 kB
SUnreclaim:       149052 kB
KernelStack:       50032 kB
PageTables:        68708 kB
NFS_Unstable:          0 kB
Bounce:                0 kB
WritebackTmp:          0 kB
CommitLimit:     9202292 kB
Committed_AS:   76611400 kB
VmallocTotal:   263061440 kB
VmallocUsed:      107116 kB
VmallocChunk:          0 kB
Percpu:             7648 kB
CmaTotal:         294912 kB
CmaFree:               0 kB
MemTotal:       12113136 kB
MemFree:         6443804 kB
MemAvailable:    7976780 kB
Buffers:            4788 kB
Cached:          1758028 kB
SwapCached:            0 kB
Active:          1618232 kB
Inactive:        1504388 kB
Active(anon):    1366580 kB
Inactive(anon):    22992 kB
Active(file):     251652 kB
Inactive(file):  1481396 kB
Unevictable:        5616 kB
Mlocked:            5616 kB
SwapTotal:       3145724 kB
SwapFree:        3145724 kB
Dirty:               724 kB
Writeback:             0 kB
AnonPages:       1365476 kB
Mapped:           877080 kB
Shmem:             25204 kB
KReclaimable:     668632 kB
Slab:             225108 kB
SReclaimable:      76052 kB
SUnreclaim:       149056 kB
KernelStack:       50032 kB
PageTables:        68720 kB
NFS_Unstable:          0 kB
Bounce:                0 kB
WritebackTmp:          0 kB
CommitLimit:     9202292 kB
Committed_AS:   76611708 kB
VmallocTotal:   263061440 kB
VmallocUsed:      107132 kB
VmallocChunk:          0 kB
Percpu:             7648 kB
CmaTotal:         294912 kB
CmaFree:               0 kB
MemTotal:       12113136 kB
MemFree:         6442824 kB
MemAvailable:    7975820 kB
Buffers:            4788 kB
Cached:          1758048 kB
SwapCached:            0 kB
Active:          1618732 kB
Inactive:        1504408 kB
Active(anon):    1367080 kB
Inactive(anon):    22992 kB
Active(file):     251652 kB
Inactive(file):  1481416 kB
Unevictable:        5616 kB
Mlocked:            5616 kB
SwapTotal:       3145724 kB
SwapFree:        3145724 kB
Dirty:               760 kB
Writeback:             0 kB
AnonPages:       1365932 kB
Mapped:           877080 kB
Shmem:             25204 kB
KReclaimable:     668632 kB
Slab:             225116 kB
SReclaimable:      76052 kB
SUnreclaim:       149064 kB
KernelStack:       50048 kB
PageTables:        68708 kB
NFS_Unstable:          0 kB
Bounce:                0 kB
WritebackTmp:          0 kB
CommitLimit:     9202292 kB
Committed_AS:   76608960 kB
VmallocTotal:   263061440 kB
VmallocUsed:      107100 kB
VmallocChunk:          0 kB
Percpu:             7648 kB
CmaTotal:         294912 kB
CmaFree:               0 kB
MemTotal:       12113136 kB
MemFree:         6442236 kB
MemAvailable:    7975236 kB
Buffers:            4788 kB
Cached:          1758052 kB
SwapCached:            0 kB
Active:          1619216 kB
Inactive:        1504412 kB
Active(anon):    1367564 kB
Inactive(anon):    22992 kB
Active(file):     251652 kB
Inactive(file):  1481420 kB
Unevictable:        5616 kB
Mlocked:            5616 kB
SwapTotal:       3145724 kB
SwapFree:        3145724 kB
Dirty:               768 kB
Writeback:             0 kB
AnonPages:       1366156 kB
Mapped:           877080 kB
Shmem:             25204 kB
KReclaimable:     668632 kB
Slab:             225116 kB
SReclaimable:      76052 kB
SUnreclaim:       149064 kB
KernelStack:       49984 kB
PageTables:        68852 kB
NFS_Unstable:          0 kB
Bounce:                0 kB
WritebackTmp:          0 kB
CommitLimit:     9202292 kB
Committed_AS:   76613284 kB
VmallocTotal:   263061440 kB
VmallocUsed:      107036 kB
VmallocChunk:          0 kB
Percpu:             7648 kB
CmaTotal:         294912 kB
CmaFree:               0 kB
MemTotal:       12113136 kB
MemFree:         6441008 kB
MemAvailable:    7974040 kB
Buffers:            4788 kB
Cached:          1758092 kB
SwapCached:            0 kB
Active:          1620036 kB
Inactive:        1504432 kB
Active(anon):    1368364 kB
Inactive(anon):    23000 kB
Active(file):     251672 kB
Inactive(file):  1481432 kB
Unevictable:        5616 kB
Mlocked:            5616 kB
SwapTotal:       3145724 kB
SwapFree:        3145724 kB
Dirty:               816 kB
Writeback:             0 kB
AnonPages:       1367208 kB
Mapped:           877088 kB
Shmem:             25212 kB
KReclaimable:     668632 kB
Slab:             225120 kB
SReclaimable:      76052 kB
SUnreclaim:       149068 kB
KernelStack:       49808 kB
PageTables:        68708 kB
NFS_Unstable:          0 kB
Bounce:                0 kB
WritebackTmp:          0 kB
CommitLimit:     9202292 kB
Committed_AS:   76612888 kB
VmallocTotal:   263061440 kB
VmallocUsed:      106924 kB
VmallocChunk:          0 kB
Percpu:             7648 kB
CmaTotal:         294912 kB
CmaFree:               0 kB
MemTotal:       12113136 kB
MemFree:         6439680 kB
MemAvailable:    7972720 kB
Buffers:            4788 kB
Cached:          1758100 kB
SwapCached:            0 kB
Active:          1621616 kB
Inactive:        1504440 kB
Active(anon):    1369944 kB
Inactive(anon):    23000 kB
Active(file):     251672 kB
Inactive(file):  1481440 kB
Unevictable:        5616 kB
Mlocked:            5616 kB
SwapTotal:       3145724 kB
SwapFree:        3145724 kB
Dirty:               840 kB
Writeback:             0 kB
AnonPages:       1368920 kB
Mapped:           877088 kB
Shmem:             25212 kB
KReclaimable:     668632 kB
Slab:             225112 kB
SReclaimable:      76052 kB
SUnreclaim:       149060 kB
KernelStack:       49808 kB
PageTables:        68716 kB
NFS_Unstable:          0 kB
Bounce:                0 kB
WritebackTmp:          0 kB
CommitLimit:     9202292 kB
Committed_AS:   76612888 kB
VmallocTotal:   263061440 kB
VmallocUsed:      106908 kB
VmallocChunk:          0 kB
Percpu:             7648 kB
CmaTotal:         294912 kB
CmaFree:               0 kB
MemTotal:       12113136 kB
MemFree:         6439112 kB
MemAvailable:    7972164 kB
Buffers:            4788 kB
Cached:          1758112 kB
SwapCached:            0 kB
Active:          1621980 kB
Inactive:        1504452 kB
Active(anon):    1370308 kB
Inactive(anon):    23000 kB
Active(file):     251672 kB
Inactive(file):  1481452 kB
Unevictable:        5616 kB
Mlocked:            5616 kB
SwapTotal:       3145724 kB
SwapFree:        3145724 kB
Dirty:               860 kB
Writeback:             0 kB
AnonPages:       1369248 kB
Mapped:           877088 kB
Shmem:             25212 kB
KReclaimable:     668632 kB
Slab:             225116 kB
SReclaimable:      76052 kB
SUnreclaim:       149064 kB
KernelStack:       49712 kB
PageTables:        68708 kB
NFS_Unstable:          0 kB
Bounce:                0 kB
WritebackTmp:          0 kB
CommitLimit:     9202292 kB
Committed_AS:   76612660 kB
VmallocTotal:   263061440 kB
VmallocUsed:      106812 kB
VmallocChunk:          0 kB
Percpu:             7648 kB
CmaTotal:         294912 kB
CmaFree:               0 kB
MemTotal:       12113136 kB
MemFree:         6465840 kB
MemAvailable:    7998964 kB
Buffers:            4788 kB
Cached:          1758120 kB
SwapCached:            0 kB
Active:          1595228 kB
Inactive:        1504460 kB
Active(anon):    1343556 kB
Inactive(anon):    23000 kB
Active(file):     251672 kB
Inactive(file):  1481460 kB
Unevictable:        5616 kB
Mlocked:            5616 kB
SwapTotal:       3145724 kB
SwapFree:        3145724 kB
Dirty:               872 kB
Writeback:             0 kB
AnonPages:       1342504 kB
Mapped:           877088 kB
Shmem:             25212 kB
KReclaimable:     668632 kB
Slab:             225140 kB
SReclaimable:      76052 kB
SUnreclaim:       149088 kB
KernelStack:       49712 kB
PageTables:        68720 kB
NFS_Unstable:          0 kB
Bounce:                0 kB
WritebackTmp:          0 kB
CommitLimit:     9202292 kB
Committed_AS:   76612396 kB
VmallocTotal:   263061440 kB
VmallocUsed:      106812 kB
VmallocChunk:          0 kB
Percpu:             7648 kB
CmaTotal:         294912 kB
CmaFree:               0 kB
MemTotal:       12113136 kB
MemFree:         6465988 kB
MemAvailable:    7999064 kB
Buffers:            4788 kB
Cached:          1758136 kB
SwapCached:            0 kB
Active:          1595848 kB
Inactive:        1504472 kB
Active(anon):    1344172 kB
Inactive(anon):    23000 kB
Active(file):     251676 kB
Inactive(file):  1481472 kB
Unevictable:        5616 kB
Mlocked:            5616 kB
SwapTotal:       3145724 kB
SwapFree:        3145724 kB
Dirty:               772 kB
Writeback:             0 kB
AnonPages:       1343024 kB
Mapped:           877088 kB
Shmem:             25212 kB
KReclaimable:     668632 kB
Slab:             225108 kB
SReclaimable:      76052 kB
SUnreclaim:       149056 kB
KernelStack:       49648 kB
PageTables:        68708 kB
NFS_Unstable:          0 kB
Bounce:                0 kB
WritebackTmp:          0 kB
CommitLimit:     9202292 kB
Committed_AS:   76605416 kB
VmallocTotal:   263061440 kB
VmallocUsed:      106748 kB
VmallocChunk:          0 kB
Percpu:             7648 kB
CmaTotal:         294912 kB
CmaFree:               0 kB
MemTotal:       12113136 kB
MemFree:         6464324 kB
MemAvailable:    7997412 kB
Buffers:            4788 kB
Cached:          1758148 kB
SwapCached:            0 kB
Active:          1596536 kB
Inactive:        1504484 kB
Active(anon):    1344860 kB
Inactive(anon):    23000 kB
Active(file):     251676 kB
Inactive(file):  1481484 kB
Unevictable:        5616 kB
Mlocked:            5616 kB
SwapTotal:       3145724 kB
SwapFree:        3145724 kB
Dirty:               792 kB
Writeback:             0 kB
AnonPages:       1343524 kB
Mapped:           877088 kB
Shmem:             25212 kB
KReclaimable:     668632 kB
Slab:             225112 kB
SReclaimable:      76052 kB
SUnreclaim:       149060 kB
KernelStack:       49648 kB
PageTables:        68720 kB
NFS_Unstable:          0 kB
Bounce:                0 kB
WritebackTmp:          0 kB
CommitLimit:     9202292 kB
Committed_AS:   76601984 kB
VmallocTotal:   263061440 kB
VmallocUsed:      106748 kB
VmallocChunk:          0 kB
Percpu:             7648 kB
CmaTotal:         294912 kB
CmaFree:               0 kB
MemTotal:       12113136 kB
MemFree:         6463752 kB
MemAvailable:    7996872 kB
Buffers:            4792 kB
Cached:          1758176 kB
SwapCached:            0 kB
Active:          1597380 kB
Inactive:        1504512 kB
Active(anon):    1345700 kB
Inactive(anon):    23004 kB
Active(file):     251680 kB
Inactive(file):  1481508 kB
Unevictable:        5616 kB
Mlocked:            5616 kB
SwapTotal:       3145724 kB
SwapFree:        3145724 kB
Dirty:               784 kB
Writeback:             0 kB
AnonPages:       1344820 kB
Mapped:           877092 kB
Shmem:             25216 kB
KReclaimable:     668636 kB
Slab:             225116 kB
SReclaimable:      76056 kB
SUnreclaim:       149060 kB
KernelStack:       49648 kB
PageTables:        68716 kB
NFS_Unstable:          0 kB
Bounce:                0 kB
WritebackTmp:          0 kB
CommitLimit:     9202292 kB
Committed_AS:   76607072 kB
VmallocTotal:   263061440 kB
VmallocUsed:      106716 kB
VmallocChunk:          0 kB
Percpu:             7648 kB
CmaTotal:         294912 kB
CmaFree:               0 kB
MemTotal:       12113136 kB
MemFree:         6463220 kB
MemAvailable:    7996356 kB
Buffers:            4792 kB
Cached:          1758192 kB
SwapCached:            0 kB
Active:          1597752 kB
Inactive:        1504528 kB
Active(anon):    1346072 kB
Inactive(anon):    23004 kB
Active(file):     251680 kB
Inactive(file):  1481524 kB
Unevictable:        5616 kB
Mlocked:            5616 kB
SwapTotal:       3145724 kB
SwapFree:        3145724 kB
Dirty:               636 kB
Writeback:             0 kB
AnonPages:       1345244 kB
Mapped:           877092 kB
Shmem:             25216 kB
KReclaimable:     668636 kB
Slab:             225120 kB
SReclaimable:      76056 kB
SUnreclaim:       149064 kB
KernelStack:       49616 kB
PageTables:        68720 kB
NFS_Unstable:          0 kB
Bounce:                0 kB
WritebackTmp:          0 kB
CommitLimit:     9202292 kB
Committed_AS:   76607108 kB
VmallocTotal:   263061440 kB
VmallocUsed:      106700 kB
VmallocChunk:          0 kB
Percpu:             7648 kB
CmaTotal:         294912 kB
CmaFree:               0 kB
MemTotal:       12113136 kB
MemFree:         6462304 kB
MemAvailable:    7995448 kB
Buffers:            4792 kB
Cached:          1758212 kB
SwapCached:            0 kB
Active:          1599024 kB
Inactive:        1504540 kB
Active(anon):    1347336 kB
Inactive(anon):    23016 kB
Active(file):     251688 kB
Inactive(file):  1481524 kB
Unevictable:        5616 kB
Mlocked:            5616 kB
SwapTotal:       3145724 kB
SwapFree:        3145724 kB
Dirty:               660 kB
Writeback:             0 kB
AnonPages:       1346444 kB
Mapped:           877104 kB
Shmem:             25228 kB
KReclaimable:     668636 kB
Slab:             225120 kB
SReclaimable:      76056 kB
SUnreclaim:       149064 kB
KernelStack:       49616 kB
PageTables:        68708 kB
NFS_Unstable:          0 kB
Bounce:                0 kB
WritebackTmp:          0 kB
CommitLimit:     9202292 kB
Committed_AS:   76606976 kB
VmallocTotal:   263061440 kB
VmallocUsed:      106684 kB
VmallocChunk:          0 kB
Percpu:             7648 kB
CmaTotal:         294912 kB
CmaFree:               0 kB
MemTotal:       12113136 kB
MemFree:         6461452 kB
MemAvailable:    7994604 kB
Buffers:            4792 kB
Cached:          1758220 kB
SwapCached:            0 kB
Active:          1599660 kB
Inactive:        1504548 kB
Active(anon):    1347972 kB
Inactive(anon):    23016 kB
Active(file):     251688 kB
Inactive(file):  1481532 kB
Unevictable:        5616 kB
Mlocked:            5616 kB
SwapTotal:       3145724 kB
SwapFree:        3145724 kB
Dirty:               668 kB
Writeback:             0 kB
AnonPages:       1346916 kB
Mapped:           877104 kB
Shmem:             25228 kB
KReclaimable:     668636 kB
Slab:             225120 kB
SReclaimable:      76056 kB
SUnreclaim:       149064 kB
KernelStack:       49616 kB
PageTables:        68720 kB
NFS_Unstable:          0 kB
Bounce:                0 kB
WritebackTmp:          0 kB
CommitLimit:     9202292 kB
Committed_AS:   76608348 kB
VmallocTotal:   263061440 kB
VmallocUsed:      106700 kB
VmallocChunk:          0 kB
Percpu:             7648 kB
CmaTotal:         294912 kB
CmaFree:               0 kB
MemTotal:       12113136 kB
MemFree:         6474480 kB
MemAvailable:    8007644 kB
Buffers:            4792 kB
Cached:          1758236 kB
SwapCached:            0 kB
Active:          1587584 kB
Inactive:        1504564 kB
Active(anon):    1335896 kB
Inactive(anon):    23020 kB
Active(file):     251688 kB
Inactive(file):  1481544 kB
Unevictable:        5616 kB
Mlocked:            5616 kB
SwapTotal:       3145724 kB
SwapFree:        3145724 kB
Dirty:               696 kB
Writeback:             0 kB
AnonPages:       1334876 kB
Mapped:           877108 kB
Shmem:             25232 kB
KReclaimable:     668636 kB
Slab:             225128 kB
SReclaimable:      76056 kB
SUnreclaim:       149072 kB
KernelStack:       49616 kB
PageTables:        68708 kB
NFS_Unstable:          0 kB
Bounce:                0 kB
WritebackTmp:          0 kB
CommitLimit:     9202292 kB
Committed_AS:   76605900 kB
VmallocTotal:   263061440 kB
VmallocUsed:      106700 kB
