MemTotal:       12113132 kB
MemFree:         6132092 kB
MemAvailable:    7618084 kB
Buffers:            6348 kB
Cached:          1831488 kB
SwapCached:            0 kB
Active:          1742888 kB
Inactive:        1583416 kB
Active(anon):    1494892 kB
Inactive(anon):    26772 kB
Active(file):     247996 kB
Inactive(file):  1556644 kB
Unevictable:        5532 kB
Mlocked:            5532 kB
SwapTotal:       3145724 kB
SwapFree:        3145724 kB
Dirty:               160 kB
Writeback:             0 kB
AnonPages:       1494008 kB
Mapped:           863488 kB
Shmem:             28716 kB
KReclaimable:     550056 kB
Slab:             221108 kB
SReclaimable:      76408 kB
SUnreclaim:       144700 kB
KernelStack:       47056 kB
PageTables:        63268 kB
NFS_Unstable:          0 kB
Bounce:                0 kB
WritebackTmp:          0 kB
CommitLimit:     9202288 kB
Committed_AS:   66035052 kB
VmallocTotal:   263061440 kB
VmallocUsed:      104112 kB
VmallocChunk:          0 kB
Percpu:             7648 kB
CmaTotal:         294912 kB
CmaFree:               0 kB
MemTotal:       12113132 kB
MemFree:         6132812 kB
MemAvailable:    7618852 kB
Buffers:            6348 kB
Cached:          1831536 kB
SwapCached:            0 kB
Active:          1743340 kB
Inactive:        1583444 kB
Active(anon):    1495324 kB
Inactive(anon):    26772 kB
Active(file):     248016 kB
Inactive(file):  1556672 kB
Unevictable:        5532 kB
Mlocked:            5532 kB
SwapTotal:       3145724 kB
SwapFree:        3145724 kB
Dirty:               208 kB
Writeback:             0 kB
AnonPages:       1494384 kB
Mapped:           863488 kB
Shmem:             28716 kB
KReclaimable:     550056 kB
Slab:             221108 kB
SReclaimable:      76408 kB
SUnreclaim:       144700 kB
KernelStack:       46992 kB
PageTables:        63268 kB
NFS_Unstable:          0 kB
Bounce:                0 kB
WritebackTmp:          0 kB
CommitLimit:     9202288 kB
Committed_AS:   66033560 kB
VmallocTotal:   263061440 kB
VmallocUsed:      104096 kB
VmallocChunk:          0 kB
Percpu:             7648 kB
CmaTotal:         294912 kB
CmaFree:               0 kB
MemTotal:       12113132 kB
MemFree:         6130736 kB
MemAvailable:    7616812 kB
Buffers:            6356 kB
Cached:          1831560 kB
SwapCached:            0 kB
Active:          1743692 kB
Inactive:        1583468 kB
Active(anon):    1495668 kB
Inactive(anon):    26772 kB
Active(file):     248024 kB
Inactive(file):  1556696 kB
Unevictable:        5532 kB
Mlocked:            5532 kB
SwapTotal:       3145724 kB
SwapFree:        3145724 kB
Dirty:               216 kB
Writeback:             0 kB
AnonPages:       1494828 kB
Mapped:           863488 kB
Shmem:             28716 kB
KReclaimable:     550060 kB
Slab:             221112 kB
SReclaimable:      76412 kB
SUnreclaim:       144700 kB
KernelStack:       47008 kB
PageTables:        63164 kB
NFS_Unstable:          0 kB
Bounce:                0 kB
WritebackTmp:          0 kB
CommitLimit:     9202288 kB
Committed_AS:   66046376 kB
VmallocTotal:   263061440 kB
VmallocUsed:      104144 kB
VmallocChunk:          0 kB
Percpu:             7648 kB
CmaTotal:         294912 kB
CmaFree:               0 kB
MemTotal:       12113132 kB
MemFree:         6142752 kB
MemAvailable:    7628844 kB
Buffers:            6356 kB
Cached:          1831576 kB
SwapCached:            0 kB
Active:          1731620 kB
Inactive:        1583484 kB
Active(anon):    1483596 kB
Inactive(anon):    26772 kB
Active(file):     248024 kB
Inactive(file):  1556712 kB
Unevictable:        5532 kB
Mlocked:            5532 kB
SwapTotal:       3145724 kB
SwapFree:        3145724 kB
Dirty:               244 kB
Writeback:             0 kB
AnonPages:       1482276 kB
Mapped:           863488 kB
Shmem:             28716 kB
KReclaimable:     550060 kB
Slab:             221112 kB
SReclaimable:      76412 kB
SUnreclaim:       144700 kB
KernelStack:       47040 kB
PageTables:        63216 kB
NFS_Unstable:          0 kB
Bounce:                0 kB
WritebackTmp:          0 kB
CommitLimit:     9202288 kB
Committed_AS:   66046176 kB
VmallocTotal:   263061440 kB
VmallocUsed:      104160 kB
VmallocChunk:          0 kB
Percpu:             7648 kB
CmaTotal:         294912 kB
CmaFree:               0 kB
MemTotal:       12113132 kB
MemFree:         6142088 kB
MemAvailable:    7628192 kB
Buffers:            6356 kB
Cached:          1831588 kB
SwapCached:            0 kB
Active:          1731920 kB
Inactive:        1583496 kB
Active(anon):    1483896 kB
Inactive(anon):    26772 kB
Active(file):     248024 kB
Inactive(file):  1556724 kB
Unevictable:        5532 kB
Mlocked:            5532 kB
SwapTotal:       3145724 kB
SwapFree:        3145724 kB
Dirty:               256 kB
Writeback:             0 kB
AnonPages:       1483068 kB
Mapped:           863492 kB
Shmem:             28716 kB
KReclaimable:     550060 kB
Slab:             221112 kB
SReclaimable:      76412 kB
SUnreclaim:       144700 kB
KernelStack:       46960 kB
PageTables:        63284 kB
NFS_Unstable:          0 kB
Bounce:                0 kB
WritebackTmp:          0 kB
CommitLimit:     9202288 kB
Committed_AS:   66040516 kB
VmallocTotal:   263061440 kB
VmallocUsed:      104144 kB
VmallocChunk:          0 kB
Percpu:             7648 kB
CmaTotal:         294912 kB
CmaFree:               0 kB
MemTotal:       12113132 kB
MemFree:         6141068 kB
MemAvailable:    7627184 kB
Buffers:            6356 kB
Cached:          1831600 kB
SwapCached:            0 kB
Active:          1732348 kB
Inactive:        1583508 kB
Active(anon):    1484324 kB
Inactive(anon):    26772 kB
Active(file):     248024 kB
Inactive(file):  1556736 kB
Unevictable:        5532 kB
Mlocked:            5532 kB
SwapTotal:       3145724 kB
SwapFree:        3145724 kB
Dirty:               268 kB
Writeback:             0 kB
AnonPages:       1483616 kB
Mapped:           863664 kB
Shmem:             28716 kB
KReclaimable:     550060 kB
Slab:             221112 kB
SReclaimable:      76412 kB
SUnreclaim:       144700 kB
KernelStack:       47072 kB
PageTables:        63380 kB
NFS_Unstable:          0 kB
Bounce:                0 kB
WritebackTmp:          0 kB
CommitLimit:     9202288 kB
Committed_AS:   66035448 kB
VmallocTotal:   263061440 kB
VmallocUsed:      104160 kB
VmallocChunk:          0 kB
Percpu:             7648 kB
CmaTotal:         294912 kB
CmaFree:               4 kB
MemTotal:       12113132 kB
MemFree:         6216608 kB
MemAvailable:    7702732 kB
Buffers:            6356 kB
Cached:          1831608 kB
SwapCached:            0 kB
Active:          1657836 kB
Inactive:        1583516 kB
Active(anon):    1409812 kB
Inactive(anon):    26772 kB
Active(file):     248024 kB
Inactive(file):  1556744 kB
Unevictable:        5532 kB
Mlocked:            5532 kB
SwapTotal:       3145724 kB
SwapFree:        3145724 kB
Dirty:               292 kB
Writeback:             0 kB
AnonPages:       1408980 kB
Mapped:           863488 kB
Shmem:             28716 kB
KReclaimable:     550060 kB
Slab:             221104 kB
SReclaimable:      76412 kB
SUnreclaim:       144692 kB
KernelStack:       46944 kB
PageTables:        63160 kB
NFS_Unstable:          0 kB
Bounce:                0 kB
WritebackTmp:          0 kB
CommitLimit:     9202288 kB
Committed_AS:   66031456 kB
VmallocTotal:   263061440 kB
VmallocUsed:      104128 kB
VmallocChunk:          0 kB
Percpu:             7648 kB
CmaTotal:         294912 kB
CmaFree:               0 kB
MemTotal:       12113132 kB
MemFree:         6216100 kB
MemAvailable:    7702232 kB
Buffers:            6356 kB
Cached:          1831616 kB
SwapCached:            0 kB
Active:          1658716 kB
Inactive:        1583524 kB
Active(anon):    1410692 kB
Inactive(anon):    26772 kB
Active(file):     248024 kB
Inactive(file):  1556752 kB
Unevictable:        5532 kB
Mlocked:            5532 kB
SwapTotal:       3145724 kB
SwapFree:        3145724 kB
Dirty:               300 kB
Writeback:             0 kB
AnonPages:       1409764 kB
Mapped:           863492 kB
Shmem:             28716 kB
KReclaimable:     550060 kB
Slab:             221112 kB
SReclaimable:      76412 kB
SUnreclaim:       144700 kB
KernelStack:       47020 kB
PageTables:        63236 kB
NFS_Unstable:          0 kB
Bounce:                0 kB
WritebackTmp:          0 kB
CommitLimit:     9202288 kB
Committed_AS:   66035148 kB
VmallocTotal:   263061440 kB
VmallocUsed:      104160 kB
VmallocChunk:          0 kB
Percpu:             7648 kB
CmaTotal:         294912 kB
CmaFree:               0 kB
MemTotal:       12113132 kB
MemFree:         6208052 kB
MemAvailable:    7694200 kB
Buffers:            6356 kB
Cached:          1831632 kB
SwapCached:            0 kB
Active:          1667036 kB
Inactive:        1583540 kB
Active(anon):    1419012 kB
Inactive(anon):    26772 kB
Active(file):     248024 kB
Inactive(file):  1556768 kB
Unevictable:        5532 kB
Mlocked:            5532 kB
SwapTotal:       3145724 kB
SwapFree:        3145724 kB
Dirty:               316 kB
Writeback:             0 kB
AnonPages:       1418260 kB
Mapped:           863488 kB
Shmem:             28716 kB
KReclaimable:     550060 kB
Slab:             221112 kB
SReclaimable:      76412 kB
SUnreclaim:       144700 kB
KernelStack:       47056 kB
PageTables:        63280 kB
NFS_Unstable:          0 kB
Bounce:                0 kB
WritebackTmp:          0 kB
CommitLimit:     9202288 kB
Committed_AS:   66035192 kB
VmallocTotal:   263061440 kB
VmallocUsed:      104144 kB
VmallocChunk:          0 kB
Percpu:             7648 kB
CmaTotal:         294912 kB
CmaFree:               0 kB
MemTotal:       12113132 kB
MemFree:         6190444 kB
MemAvailable:    7676600 kB
Buffers:            6356 kB
Cached:          1831640 kB
SwapCached:            0 kB
Active:          1684168 kB
Inactive:        1583548 kB
Active(anon):    1436144 kB
Inactive(anon):    26772 kB
Active(file):     248024 kB
Inactive(file):  1556776 kB
Unevictable:        5532 kB
Mlocked:            5532 kB
SwapTotal:       3145724 kB
SwapFree:        3145724 kB
Dirty:               340 kB
Writeback:             0 kB
AnonPages:       1435172 kB
Mapped:           863488 kB
Shmem:             28716 kB
KReclaimable:     550060 kB
Slab:             221136 kB
SReclaimable:      76412 kB
SUnreclaim:       144724 kB
KernelStack:       46992 kB
PageTables:        63236 kB
NFS_Unstable:          0 kB
Bounce:                0 kB
WritebackTmp:          0 kB
CommitLimit:     9202288 kB
Committed_AS:   66051804 kB
VmallocTotal:   263061440 kB
VmallocUsed:      104128 kB
VmallocChunk:          0 kB
Percpu:             7648 kB
CmaTotal:         294912 kB
CmaFree:               0 kB
MemTotal:       12113132 kB
MemFree:         6188480 kB
MemAvailable:    7674652 kB
Buffers:            6356 kB
Cached:          1831656 kB
SwapCached:            0 kB
Active:          1684804 kB
Inactive:        1583564 kB
Active(anon):    1436780 kB
Inactive(anon):    26772 kB
Active(file):     248024 kB
Inactive(file):  1556792 kB
Unevictable:        5532 kB
Mlocked:            5532 kB
SwapTotal:       3145724 kB
SwapFree:        3145724 kB
Dirty:               356 kB
Writeback:             0 kB
AnonPages:       1436000 kB
Mapped:           863724 kB
Shmem:             28716 kB
KReclaimable:     550060 kB
Slab:             221112 kB
SReclaimable:      76412 kB
SUnreclaim:       144700 kB
KernelStack:       47024 kB
PageTables:        63244 kB
NFS_Unstable:          0 kB
Bounce:                0 kB
WritebackTmp:          0 kB
CommitLimit:     9202288 kB
Committed_AS:   66043864 kB
VmallocTotal:   263061440 kB
VmallocUsed:      104160 kB
VmallocChunk:          0 kB
Percpu:             7648 kB
CmaTotal:         294912 kB
CmaFree:               0 kB
MemTotal:       12113132 kB
MemFree:         6184504 kB
MemAvailable:    7670480 kB
Buffers:            6356 kB
Cached:          1831664 kB
SwapCached:            0 kB
Active:          1691768 kB
Inactive:        1583572 kB
Active(anon):    1443744 kB
Inactive(anon):    26772 kB
Active(file):     248024 kB
Inactive(file):  1556800 kB
Unevictable:        5532 kB
Mlocked:            5532 kB
SwapTotal:       3145724 kB
SwapFree:        3145724 kB
Dirty:               388 kB
Writeback:             0 kB
AnonPages:       1442804 kB
Mapped:           863512 kB
Shmem:             28716 kB
KReclaimable:     549856 kB
Slab:             221112 kB
SReclaimable:      76412 kB
SUnreclaim:       144700 kB
KernelStack:       46992 kB
PageTables:        63200 kB
NFS_Unstable:          0 kB
Bounce:                0 kB
WritebackTmp:          0 kB
CommitLimit:     9202288 kB
Committed_AS:   66034044 kB
VmallocTotal:   263061440 kB
VmallocUsed:      104096 kB
VmallocChunk:          0 kB
Percpu:             7648 kB
CmaTotal:         294912 kB
CmaFree:               8 kB
MemTotal:       12113132 kB
MemFree:         6191444 kB
MemAvailable:    7677440 kB
Buffers:            6356 kB
Cached:          1831684 kB
SwapCached:            0 kB
Active:          1682860 kB
Inactive:        1583592 kB
Active(anon):    1434836 kB
Inactive(anon):    26772 kB
Active(file):     248024 kB
Inactive(file):  1556820 kB
Unevictable:        5532 kB
Mlocked:            5532 kB
SwapTotal:       3145724 kB
SwapFree:        3145724 kB
Dirty:               420 kB
Writeback:             0 kB
AnonPages:       1434020 kB
Mapped:           863488 kB
Shmem:             28716 kB
KReclaimable:     549856 kB
Slab:             221112 kB
SReclaimable:      76412 kB
SUnreclaim:       144700 kB
KernelStack:       46944 kB
PageTables:        63160 kB
NFS_Unstable:          0 kB
Bounce:                0 kB
WritebackTmp:          0 kB
CommitLimit:     9202288 kB
Committed_AS:   66040780 kB
VmallocTotal:   263061440 kB
VmallocUsed:      104112 kB
VmallocChunk:          0 kB
Percpu:             7648 kB
CmaTotal:         294912 kB
CmaFree:               0 kB
MemTotal:       12113132 kB
MemFree:         6190028 kB
MemAvailable:    7676032 kB
Buffers:            6356 kB
Cached:          1831692 kB
SwapCached:            0 kB
Active:          1683988 kB
Inactive:        1583600 kB
Active(anon):    1435964 kB
Inactive(anon):    26772 kB
Active(file):     248024 kB
Inactive(file):  1556828 kB
Unevictable:        5532 kB
Mlocked:            5532 kB
SwapTotal:       3145724 kB
SwapFree:        3145724 kB
Dirty:               432 kB
Writeback:             0 kB
AnonPages:       1435016 kB
Mapped:           863488 kB
Shmem:             28716 kB
KReclaimable:     549856 kB
Slab:             221112 kB
SReclaimable:      76412 kB
SUnreclaim:       144700 kB
KernelStack:       47056 kB
PageTables:        63236 kB
NFS_Unstable:          0 kB
Bounce:                0 kB
WritebackTmp:          0 kB
CommitLimit:     9202288 kB
Committed_AS:   66046088 kB
VmallocTotal:   263061440 kB
VmallocUsed:      104144 kB
VmallocChunk:          0 kB
Percpu:             7648 kB
CmaTotal:         294912 kB
CmaFree:               0 kB
MemTotal:       12113132 kB
MemFree:         6183184 kB
MemAvailable:    7669200 kB
Buffers:            6356 kB
Cached:          1831704 kB
SwapCached:            0 kB
Active:          1692772 kB
Inactive:        1583612 kB
Active(anon):    1444748 kB
Inactive(anon):    26772 kB
Active(file):     248024 kB
Inactive(file):  1556840 kB
Unevictable:        5532 kB
Mlocked:            5532 kB
SwapTotal:       3145724 kB
SwapFree:        3145724 kB
Dirty:               476 kB
Writeback:             0 kB
AnonPages:       1443948 kB
Mapped:           863488 kB
Shmem:             28716 kB
KReclaimable:     549856 kB
Slab:             221136 kB
SReclaimable:      76412 kB
SUnreclaim:       144724 kB
KernelStack:       47024 kB
PageTables:        63140 kB
NFS_Unstable:          0 kB
Bounce:                0 kB
WritebackTmp:          0 kB
CommitLimit:     9202288 kB
Committed_AS:   66042008 kB
VmallocTotal:   263061440 kB
VmallocUsed:      104160 kB
VmallocChunk:          0 kB
Percpu:             7648 kB
CmaTotal:         294912 kB
CmaFree:               0 kB
MemTotal:       12113132 kB
MemFree:         6189728 kB
MemAvailable:    7675756 kB
Buffers:            6356 kB
Cached:          1831716 kB
SwapCached:            0 kB
Active:          1685552 kB
Inactive:        1583624 kB
Active(anon):    1437528 kB
Inactive(anon):    26772 kB
Active(file):     248024 kB
Inactive(file):  1556852 kB
Unevictable:        5532 kB
Mlocked:            5532 kB
SwapTotal:       3145724 kB
SwapFree:        3145724 kB
Dirty:               500 kB
Writeback:             0 kB
AnonPages:       1436768 kB
Mapped:           863488 kB
Shmem:             28716 kB
KReclaimable:     549856 kB
Slab:             221112 kB
SReclaimable:      76412 kB
SUnreclaim:       144700 kB
KernelStack:       47040 kB
PageTables:        63188 kB
NFS_Unstable:          0 kB
Bounce:                0 kB
WritebackTmp:          0 kB
CommitLimit:     9202288 kB
Committed_AS:   66042620 kB
VmallocTotal:   263061440 kB
VmallocUsed:      104128 kB
VmallocChunk:          0 kB
Percpu:             7648 kB
CmaTotal:         294912 kB
CmaFree:               0 kB
MemTotal:       12113132 kB
MemFree:         6187388 kB
MemAvailable:    7673432 kB
Buffers:            6356 kB
Cached:          1831732 kB
SwapCached:            0 kB
Active:          1686156 kB
Inactive:        1583640 kB
Active(anon):    1438132 kB
Inactive(anon):    26772 kB
Active(file):     248024 kB
Inactive(file):  1556868 kB
Unevictable:        5532 kB
Mlocked:            5532 kB
SwapTotal:       3145724 kB
SwapFree:        3145724 kB
Dirty:               516 kB
Writeback:             0 kB
AnonPages:       1437252 kB
Mapped:           863488 kB
Shmem:             28716 kB
KReclaimable:     549856 kB
Slab:             221112 kB
SReclaimable:      76412 kB
SUnreclaim:       144700 kB
KernelStack:       46944 kB
PageTables:        63160 kB
NFS_Unstable:          0 kB
Bounce:                0 kB
WritebackTmp:          0 kB
CommitLimit:     9202288 kB
Committed_AS:   66053148 kB
VmallocTotal:   263061440 kB
VmallocUsed:      104128 kB
VmallocChunk:          0 kB
Percpu:             7648 kB
CmaTotal:         294912 kB
CmaFree:               0 kB
MemTotal:       12113132 kB
MemFree:         6182396 kB
MemAvailable:    7668468 kB
Buffers:            6360 kB
Cached:          1831756 kB
SwapCached:            0 kB
Active:          1693912 kB
Inactive:        1583664 kB
Active(anon):    1445884 kB
Inactive(anon):    26772 kB
Active(file):     248028 kB
Inactive(file):  1556892 kB
Unevictable:        5532 kB
Mlocked:            5532 kB
SwapTotal:       3145724 kB
SwapFree:        3145724 kB
Dirty:               500 kB
Writeback:             0 kB
AnonPages:       1445092 kB
Mapped:           863516 kB
Shmem:             28716 kB
KReclaimable:     549856 kB
Slab:             221152 kB
SReclaimable:      76412 kB
SUnreclaim:       144740 kB
KernelStack:       47056 kB
PageTables:        63244 kB
NFS_Unstable:          0 kB
Bounce:                0 kB
WritebackTmp:          0 kB
CommitLimit:     9202288 kB
Committed_AS:   66035664 kB
VmallocTotal:   263061440 kB
VmallocUsed:      104112 kB
VmallocChunk:          0 kB
Percpu:             7648 kB
CmaTotal:         294912 kB
CmaFree:               0 kB
MemTotal:       12113132 kB
MemFree:         6185908 kB
MemAvailable:    7671992 kB
Buffers:            6360 kB
Cached:          1831768 kB
SwapCached:            0 kB
Active:          1687448 kB
Inactive:        1583676 kB
Active(anon):    1439420 kB
Inactive(anon):    26772 kB
Active(file):     248028 kB
Inactive(file):  1556904 kB
Unevictable:        5532 kB
Mlocked:            5532 kB
SwapTotal:       3145724 kB
SwapFree:        3145724 kB
Dirty:               524 kB
Writeback:             0 kB
AnonPages:       1438608 kB
Mapped:           863488 kB
Shmem:             28716 kB
KReclaimable:     549856 kB
Slab:             221104 kB
SReclaimable:      76412 kB
SUnreclaim:       144692 kB
KernelStack:       47040 kB
PageTables:        63288 kB
NFS_Unstable:          0 kB
Bounce:                0 kB
WritebackTmp:          0 kB
CommitLimit:     9202288 kB
Committed_AS:   66035592 kB
VmallocTotal:   263061440 kB
VmallocUsed:      104128 kB
VmallocChunk:          0 kB
Percpu:             7648 kB
CmaTotal:         294912 kB
CmaFree:               0 kB
MemTotal:       12113132 kB
MemFree:         6185796 kB
MemAvailable:    7671888 kB
Buffers:            6360 kB
Cached:          1831776 kB
SwapCached:            0 kB
Active:          1688972 kB
Inactive:        1583684 kB
Active(anon):    1440944 kB
Inactive(anon):    26772 kB
Active(file):     248028 kB
Inactive(file):  1556912 kB
Unevictable:        5532 kB
Mlocked:            5532 kB
SwapTotal:       3145724 kB
SwapFree:        3145724 kB
Dirty:               548 kB
Writeback:             0 kB
AnonPages:       1439968 kB
Mapped:           862892 kB
Shmem:             28716 kB
KReclaimable:     549856 kB
Slab:             221096 kB
SReclaimable:      76412 kB
SUnreclaim:       144684 kB
KernelStack:       47056 kB
PageTables:        63240 kB
NFS_Unstable:          0 kB
Bounce:                0 kB
WritebackTmp:          0 kB
CommitLimit:     9202288 kB
Committed_AS:   66034532 kB
VmallocTotal:   263061440 kB
VmallocUsed:      104128 kB
VmallocChunk:          0 kB
Percpu:             7648 kB
CmaTotal:         294912 kB
CmaFree:               0 kB
MemTotal:       12113132 kB
MemFree:         6177416 kB
MemAvailable:    7663524 kB
Buffers:            6360 kB
Cached:          1831792 kB
SwapCached:            0 kB
Active:          1697376 kB
Inactive:        1583700 kB
Active(anon):    1449348 kB
Inactive(anon):    26772 kB
Active(file):     248028 kB
Inactive(file):  1556928 kB
Unevictable:        5532 kB
Mlocked:            5532 kB
SwapTotal:       3145724 kB
SwapFree:        3145724 kB
Dirty:               600 kB
Writeback:             0 kB
AnonPages:       1448508 kB
Mapped:           862784 kB
Shmem:             28716 kB
KReclaimable:     549856 kB
Slab:             221104 kB
SReclaimable:      76412 kB
SUnreclaim:       144692 kB
KernelStack:       47024 kB
PageTables:        63148 kB
NFS_Unstable:          0 kB
Bounce:                0 kB
WritebackTmp:          0 kB
CommitLimit:     9202288 kB
Committed_AS:   66038144 kB
VmallocTotal:   263061440 kB
VmallocUsed:      104160 kB
VmallocChunk:          0 kB
Percpu:             7648 kB
CmaTotal:         294912 kB
CmaFree:              12 kB
MemTotal:       12113132 kB
MemFree:         6185592 kB
MemAvailable:    7671708 kB
Buffers:            6360 kB
Cached:          1831800 kB
SwapCached:            0 kB
Active:          1690700 kB
Inactive:        1583708 kB
Active(anon):    1442672 kB
Inactive(anon):    26772 kB
Active(file):     248028 kB
Inactive(file):  1556936 kB
Unevictable:        5532 kB
Mlocked:            5532 kB
SwapTotal:       3145724 kB
SwapFree:        3145724 kB
Dirty:               628 kB
Writeback:             0 kB
AnonPages:       1441960 kB
Mapped:           862788 kB
Shmem:             28716 kB
KReclaimable:     549856 kB
Slab:             221136 kB
SReclaimable:      76412 kB
SUnreclaim:       144724 kB
KernelStack:       47008 kB
PageTables:        63244 kB
NFS_Unstable:          0 kB
Bounce:                0 kB
WritebackTmp:          0 kB
CommitLimit:     9202288 kB
Committed_AS:   66052656 kB
VmallocTotal:   263061440 kB
VmallocUsed:      104128 kB
VmallocChunk:          0 kB
Percpu:             7648 kB
CmaTotal:         294912 kB
CmaFree:               0 kB
MemTotal:       12113132 kB
MemFree:         6183696 kB
MemAvailable:    7669824 kB
Buffers:            6360 kB
Cached:          1831812 kB
SwapCached:            0 kB
Active:          1691324 kB
Inactive:        1583720 kB
Active(anon):    1443296 kB
Inactive(anon):    26772 kB
Active(file):     248028 kB
Inactive(file):  1556948 kB
Unevictable:        5532 kB
Mlocked:            5532 kB
SwapTotal:       3145724 kB
SwapFree:        3145724 kB
Dirty:               640 kB
Writeback:             0 kB
AnonPages:       1442460 kB
Mapped:           862784 kB
Shmem:             28716 kB
KReclaimable:     549856 kB
Slab:             221112 kB
SReclaimable:      76412 kB
SUnreclaim:       144700 kB
KernelStack:       46960 kB
PageTables:        63164 kB
NFS_Unstable:          0 kB
Bounce:                0 kB
WritebackTmp:          0 kB
CommitLimit:     9202288 kB
Committed_AS:   66057544 kB
VmallocTotal:   263061440 kB
VmallocUsed:      104112 kB
VmallocChunk:          0 kB
Percpu:             7648 kB
CmaTotal:         294912 kB
CmaFree:               0 kB
MemTotal:       12113132 kB
MemFree:         6175564 kB
MemAvailable:    7661708 kB
Buffers:            6360 kB
Cached:          1831828 kB
SwapCached:            0 kB
Active:          1700016 kB
Inactive:        1583736 kB
Active(anon):    1451988 kB
Inactive(anon):    26772 kB
Active(file):     248028 kB
Inactive(file):  1556964 kB
Unevictable:        5532 kB
Mlocked:            5532 kB
SwapTotal:       3145724 kB
SwapFree:        3145724 kB
Dirty:               196 kB
Writeback:             0 kB
AnonPages:       1451216 kB
Mapped:           862816 kB
Shmem:             28716 kB
KReclaimable:     549856 kB
Slab:             221152 kB
SReclaimable:      76412 kB
SUnreclaim:       144740 kB
KernelStack:       46960 kB
PageTables:        63164 kB
NFS_Unstable:          0 kB
Bounce:                0 kB
WritebackTmp:          0 kB
CommitLimit:     9202288 kB
Committed_AS:   66042368 kB
VmallocTotal:   263061440 kB
VmallocUsed:      104080 kB
VmallocChunk:          0 kB
Percpu:             7648 kB
CmaTotal:         294912 kB
CmaFree:               0 kB
MemTotal:       12113132 kB
MemFree:         6171884 kB
MemAvailable:    7658040 kB
Buffers:            6360 kB
Cached:          1831840 kB
SwapCached:            0 kB
Active:          1702332 kB
Inactive:        1583748 kB
Active(anon):    1454304 kB
Inactive(anon):    26772 kB
Active(file):     248028 kB
Inactive(file):  1556976 kB
Unevictable:        5532 kB
Mlocked:            5532 kB
SwapTotal:       3145724 kB
SwapFree:        3145724 kB
Dirty:               264 kB
Writeback:             0 kB
AnonPages:       1453452 kB
Mapped:           862788 kB
Shmem:             28716 kB
KReclaimable:     549856 kB
Slab:             221136 kB
SReclaimable:      76412 kB
SUnreclaim:       144724 kB
KernelStack:       46944 kB
PageTables:        63164 kB
NFS_Unstable:          0 kB
Bounce:                0 kB
WritebackTmp:          0 kB
CommitLimit:     9202288 kB
Committed_AS:   66037496 kB
VmallocTotal:   263061440 kB
VmallocUsed:      104064 kB
VmallocChunk:          0 kB
Percpu:             7648 kB
CmaTotal:         294912 kB
CmaFree:               0 kB
MemTotal:       12113132 kB
MemFree:         6171352 kB
MemAvailable:    7657512 kB
Buffers:            6360 kB
Cached:          1831844 kB
SwapCached:            0 kB
Active:          1703112 kB
Inactive:        1583748 kB
Active(anon):    1455080 kB
Inactive(anon):    26772 kB
Active(file):     248032 kB
Inactive(file):  1556976 kB
Unevictable:        5532 kB
Mlocked:            5532 kB
SwapTotal:       3145724 kB
SwapFree:        3145724 kB
Dirty:               272 kB
Writeback:             0 kB
AnonPages:       1454132 kB
Mapped:           862844 kB
Shmem:             28716 kB
KReclaimable:     549856 kB
Slab:             221088 kB
SReclaimable:      76412 kB
SUnreclaim:       144676 kB
KernelStack:       46944 kB
PageTables:        63156 kB
NFS_Unstable:          0 kB
Bounce:                0 kB
WritebackTmp:          0 kB
CommitLimit:     9202288 kB
Committed_AS:   66041844 kB
VmallocTotal:   263061440 kB
VmallocUsed:      104128 kB
VmallocChunk:          0 kB
Percpu:             7648 kB
CmaTotal:         294912 kB
CmaFree:               0 kB
MemTotal:       12113132 kB
MemFree:         6165764 kB
MemAvailable:    7651936 kB
Buffers:            6360 kB
Cached:          1831856 kB
SwapCached:            0 kB
Active:          1711024 kB
Inactive:        1583760 kB
Active(anon):    1462992 kB
Inactive(anon):    26772 kB
Active(file):     248032 kB
Inactive(file):  1556988 kB
Unevictable:        5532 kB
Mlocked:            5532 kB
SwapTotal:       3145724 kB
SwapFree:        3145724 kB
Dirty:               352 kB
Writeback:             0 kB
AnonPages:       1462116 kB
Mapped:           862780 kB
Shmem:             28716 kB
KReclaimable:     549856 kB
Slab:             221176 kB
SReclaimable:      76412 kB
SUnreclaim:       144764 kB
KernelStack:       46944 kB
PageTables:        63144 kB
NFS_Unstable:          0 kB
Bounce:                0 kB
WritebackTmp:          0 kB
CommitLimit:     9202288 kB
Committed_AS:   66041372 kB
VmallocTotal:   263061440 kB
VmallocUsed:      104096 kB
VmallocChunk:          0 kB
Percpu:             7648 kB
CmaTotal:         294912 kB
CmaFree:               0 kB
MemTotal:       12113132 kB
MemFree:         6170248 kB
MemAvailable:    7656444 kB
Buffers:            6360 kB
Cached:          1831880 kB
SwapCached:            0 kB
Active:          1703704 kB
Inactive:        1583784 kB
Active(anon):    1455672 kB
Inactive(anon):    26772 kB
Active(file):     248032 kB
Inactive(file):  1557012 kB
Unevictable:        5532 kB
Mlocked:            5532 kB
SwapTotal:       3145724 kB
SwapFree:        3145724 kB
Dirty:               388 kB
Writeback:             0 kB
AnonPages:       1454856 kB
Mapped:           862784 kB
Shmem:             28716 kB
KReclaimable:     549856 kB
Slab:             221144 kB
SReclaimable:      76412 kB
SUnreclaim:       144732 kB
KernelStack:       46944 kB
PageTables:        63164 kB
NFS_Unstable:          0 kB
Bounce:                0 kB
WritebackTmp:          0 kB
CommitLimit:     9202288 kB
Committed_AS:   66053904 kB
VmallocTotal:   263061440 kB
VmallocUsed:      104080 kB
VmallocChunk:          0 kB
Percpu:             7648 kB
CmaTotal:         294912 kB
CmaFree:               0 kB
MemTotal:       12113132 kB
MemFree:         6170884 kB
MemAvailable:    7657088 kB
Buffers:            6360 kB
Cached:          1831888 kB
SwapCached:            0 kB
Active:          1703284 kB
Inactive:        1583792 kB
Active(anon):    1455252 kB
Inactive(anon):    26772 kB
Active(file):     248032 kB
Inactive(file):  1557020 kB
Unevictable:        5532 kB
Mlocked:            5532 kB
SwapTotal:       3145724 kB
SwapFree:        3145724 kB
Dirty:               396 kB
Writeback:             0 kB
AnonPages:       1454396 kB
Mapped:           862784 kB
Shmem:             28716 kB
KReclaimable:     549856 kB
Slab:             221176 kB
SReclaimable:      76412 kB
SUnreclaim:       144764 kB
KernelStack:       46928 kB
PageTables:        63164 kB
NFS_Unstable:          0 kB
Bounce:                0 kB
WritebackTmp:          0 kB
CommitLimit:     9202288 kB
Committed_AS:   66057656 kB
VmallocTotal:   263061440 kB
VmallocUsed:      104064 kB
VmallocChunk:          0 kB
Percpu:             7648 kB
CmaTotal:         294912 kB
CmaFree:               0 kB
MemTotal:       12113132 kB
MemFree:         6161092 kB
MemAvailable:    7647308 kB
Buffers:            6360 kB
Cached:          1831900 kB
SwapCached:            0 kB
Active:          1715544 kB
Inactive:        1583804 kB
Active(anon):    1467512 kB
Inactive(anon):    26772 kB
Active(file):     248032 kB
Inactive(file):  1557032 kB
Unevictable:        5532 kB
Mlocked:            5532 kB
SwapTotal:       3145724 kB
SwapFree:        3145724 kB
Dirty:               412 kB
Writeback:             0 kB
AnonPages:       1466756 kB
Mapped:           862784 kB
Shmem:             28716 kB
KReclaimable:     549856 kB
Slab:             221144 kB
SReclaimable:      76412 kB
SUnreclaim:       144732 kB
KernelStack:       46960 kB
PageTables:        63188 kB
NFS_Unstable:          0 kB
Bounce:                0 kB
WritebackTmp:          0 kB
CommitLimit:     9202288 kB
Committed_AS:   66051672 kB
VmallocTotal:   263061440 kB
VmallocUsed:      104064 kB
VmallocChunk:          0 kB
Percpu:             7648 kB
CmaTotal:         294912 kB
CmaFree:               0 kB
MemTotal:       12113132 kB
MemFree:         6169348 kB
MemAvailable:    7655576 kB
Buffers:            6360 kB
Cached:          1831912 kB
SwapCached:            0 kB
Active:          1704788 kB
Inactive:        1583816 kB
Active(anon):    1456756 kB
Inactive(anon):    26772 kB
Active(file):     248032 kB
Inactive(file):  1557044 kB
Unevictable:        5532 kB
Mlocked:            5532 kB
SwapTotal:       3145724 kB
SwapFree:        3145724 kB
Dirty:               468 kB
Writeback:             0 kB
AnonPages:       1455920 kB
Mapped:           862784 kB
Shmem:             28716 kB
KReclaimable:     549856 kB
Slab:             221144 kB
SReclaimable:      76412 kB
SUnreclaim:       144732 kB
KernelStack:       46928 kB
PageTables:        63160 kB
NFS_Unstable:          0 kB
Bounce:                0 kB
WritebackTmp:          0 kB
CommitLimit:     9202288 kB
Committed_AS:   66059604 kB
VmallocTotal:   263061440 kB
VmallocUsed:      104048 kB
VmallocChunk:          0 kB
Percpu:             7648 kB
CmaTotal:         294912 kB
CmaFree:               0 kB
MemTotal:       12113132 kB
MemFree:         6168576 kB
MemAvailable:    7654784 kB
Buffers:            6360 kB
Cached:          1831892 kB
SwapCached:            0 kB
Active:          1705420 kB
Inactive:        1583800 kB
Active(anon):    1457392 kB
Inactive(anon):    26772 kB
Active(file):     248028 kB
Inactive(file):  1557028 kB
Unevictable:        5532 kB
Mlocked:            5532 kB
SwapTotal:       3145724 kB
SwapFree:        3145724 kB
Dirty:               512 kB
Writeback:             0 kB
AnonPages:       1456460 kB
Mapped:           862852 kB
Shmem:             28716 kB
KReclaimable:     549856 kB
Slab:             221136 kB
SReclaimable:      76412 kB
SUnreclaim:       144724 kB
KernelStack:       47008 kB
PageTables:        63388 kB
NFS_Unstable:          0 kB
Bounce:                0 kB
WritebackTmp:          0 kB
CommitLimit:     9202288 kB
Committed_AS:   66046488 kB
VmallocTotal:   263061440 kB
VmallocUsed:      104048 kB
VmallocChunk:          0 kB
Percpu:             7648 kB
CmaTotal:         294912 kB
CmaFree:               0 kB
MemTotal:       12113132 kB
MemFree:         6173952 kB
MemAvailable:    7660240 kB
Buffers:            6368 kB
Cached:          1831956 kB
SwapCached:            0 kB
Active:          1701080 kB
Inactive:        1583860 kB
Active(anon):    1453040 kB
Inactive(anon):    26772 kB
Active(file):     248040 kB
Inactive(file):  1557088 kB
Unevictable:        5532 kB
Mlocked:            5532 kB
SwapTotal:       3145724 kB
SwapFree:        3145724 kB
Dirty:               504 kB
Writeback:             0 kB
AnonPages:       1452196 kB
Mapped:           862784 kB
Shmem:             28716 kB
KReclaimable:     549864 kB
Slab:             221152 kB
SReclaimable:      76420 kB
SUnreclaim:       144732 kB
KernelStack:       46928 kB
PageTables:        63168 kB
NFS_Unstable:          0 kB
Bounce:                0 kB
WritebackTmp:          0 kB
CommitLimit:     9202288 kB
Committed_AS:   66046448 kB
VmallocTotal:   263061440 kB
VmallocUsed:      104064 kB
VmallocChunk:          0 kB
Percpu:             7648 kB
CmaTotal:         294912 kB
CmaFree:              32 kB
MemTotal:       12113132 kB
MemFree:         6180420 kB
MemAvailable:    7666716 kB
Buffers:            6368 kB
Cached:          1831964 kB
SwapCached:            0 kB
Active:          1693008 kB
Inactive:        1583872 kB
Active(anon):    1444972 kB
Inactive(anon):    26772 kB
Active(file):     248036 kB
Inactive(file):  1557100 kB
Unevictable:        5532 kB
Mlocked:            5532 kB
SwapTotal:       3145724 kB
SwapFree:        3145724 kB
Dirty:               524 kB
Writeback:             0 kB
AnonPages:       1443976 kB
Mapped:           862784 kB
Shmem:             28716 kB
KReclaimable:     549864 kB
Slab:             221152 kB
SReclaimable:      76420 kB
SUnreclaim:       144732 kB
KernelStack:       46992 kB
PageTables:        63364 kB
NFS_Unstable:          0 kB
Bounce:                0 kB
WritebackTmp:          0 kB
CommitLimit:     9202288 kB
Committed_AS:   66028900 kB
VmallocTotal:   263061440 kB
VmallocUsed:      104016 kB
VmallocChunk:          0 kB
Percpu:             7648 kB
CmaTotal:         294912 kB
CmaFree:               0 kB
MemTotal:       12113132 kB
MemFree:         6180880 kB
MemAvailable:    7667196 kB
Buffers:            6368 kB
Cached:          1831984 kB
SwapCached:            0 kB
Active:          1693312 kB
Inactive:        1583892 kB
Active(anon):    1445276 kB
Inactive(anon):    26772 kB
Active(file):     248036 kB
Inactive(file):  1557120 kB
Unevictable:        5532 kB
Mlocked:            5532 kB
SwapTotal:       3145724 kB
SwapFree:        3145724 kB
Dirty:               544 kB
Writeback:             0 kB
AnonPages:       1444432 kB
Mapped:           862784 kB
Shmem:             28716 kB
KReclaimable:     549864 kB
Slab:             221176 kB
SReclaimable:      76420 kB
SUnreclaim:       144756 kB
KernelStack:       46928 kB
PageTables:        63164 kB
NFS_Unstable:          0 kB
Bounce:                0 kB
WritebackTmp:          0 kB
CommitLimit:     9202288 kB
Committed_AS:   66037112 kB
VmallocTotal:   263061440 kB
VmallocUsed:      104048 kB
VmallocChunk:          0 kB
Percpu:             7648 kB
CmaTotal:         294912 kB
CmaFree:               0 kB
MemTotal:       12113132 kB
MemFree:         6172888 kB
MemAvailable:    7659212 kB
Buffers:            6368 kB
Cached:          1831996 kB
SwapCached:            0 kB
Active:          1702360 kB
Inactive:        1583900 kB
Active(anon):    1454320 kB
Inactive(anon):    26776 kB
Active(file):     248040 kB
Inactive(file):  1557124 kB
Unevictable:        5532 kB
Mlocked:            5532 kB
SwapTotal:       3145724 kB
SwapFree:        3145724 kB
Dirty:               552 kB
Writeback:             0 kB
AnonPages:       1453584 kB
Mapped:           862836 kB
Shmem:             28720 kB
KReclaimable:     549864 kB
Slab:             221184 kB
SReclaimable:      76420 kB
SUnreclaim:       144764 kB
KernelStack:       46976 kB
PageTables:        63236 kB
NFS_Unstable:          0 kB
Bounce:                0 kB
WritebackTmp:          0 kB
CommitLimit:     9202288 kB
Committed_AS:   66032752 kB
VmallocTotal:   263061440 kB
VmallocUsed:      104112 kB
VmallocChunk:          0 kB
Percpu:             7648 kB
CmaTotal:         294912 kB
CmaFree:               0 kB
MemTotal:       12113132 kB
MemFree:         6180016 kB
MemAvailable:    7666348 kB
Buffers:            6368 kB
Cached:          1832004 kB
SwapCached:            0 kB
Active:          1693516 kB
Inactive:        1583908 kB
Active(anon):    1445476 kB
Inactive(anon):    26776 kB
Active(file):     248040 kB
Inactive(file):  1557132 kB
Unevictable:        5532 kB
Mlocked:            5532 kB
SwapTotal:       3145724 kB
SwapFree:        3145724 kB
Dirty:               572 kB
Writeback:             0 kB
AnonPages:       1444584 kB
Mapped:           862788 kB
Shmem:             28720 kB
KReclaimable:     549864 kB
Slab:             221216 kB
SReclaimable:      76420 kB
SUnreclaim:       144796 kB
KernelStack:       46928 kB
PageTables:        63164 kB
NFS_Unstable:          0 kB
Bounce:                0 kB
WritebackTmp:          0 kB
CommitLimit:     9202288 kB
Committed_AS:   66035000 kB
VmallocTotal:   263061440 kB
VmallocUsed:      104032 kB
VmallocChunk:          0 kB
Percpu:             7648 kB
CmaTotal:         294912 kB
CmaFree:               0 kB
MemTotal:       12113132 kB
MemFree:         6178808 kB
MemAvailable:    7665148 kB
Buffers:            6368 kB
Cached:          1832012 kB
SwapCached:            0 kB
Active:          1694176 kB
Inactive:        1583916 kB
Active(anon):    1446136 kB
Inactive(anon):    26776 kB
Active(file):     248040 kB
Inactive(file):  1557140 kB
Unevictable:        5532 kB
Mlocked:            5532 kB
SwapTotal:       3145724 kB
SwapFree:        3145724 kB
Dirty:               608 kB
Writeback:             0 kB
AnonPages:       1445168 kB
Mapped:           862808 kB
Shmem:             28720 kB
KReclaimable:     549864 kB
Slab:             221152 kB
SReclaimable:      76420 kB
SUnreclaim:       144732 kB
KernelStack:       46960 kB
PageTables:        63220 kB
NFS_Unstable:          0 kB
Bounce:                0 kB
WritebackTmp:          0 kB
CommitLimit:     9202288 kB
Committed_AS:   66046036 kB
VmallocTotal:   263061440 kB
VmallocUsed:      104080 kB
VmallocChunk:          0 kB
Percpu:             7648 kB
CmaTotal:         294912 kB
CmaFree:               0 kB
MemTotal:       12113132 kB
MemFree:         6173596 kB
MemAvailable:    7659952 kB
Buffers:            6368 kB
Cached:          1832028 kB
SwapCached:            0 kB
Active:          1701876 kB
Inactive:        1583932 kB
Active(anon):    1453836 kB
Inactive(anon):    26776 kB
Active(file):     248040 kB
Inactive(file):  1557156 kB
Unevictable:        5532 kB
Mlocked:            5532 kB
SwapTotal:       3145724 kB
SwapFree:        3145724 kB
Dirty:               628 kB
Writeback:             0 kB
AnonPages:       1452424 kB
Mapped:           862764 kB
Shmem:             28720 kB
KReclaimable:     549864 kB
Slab:             221152 kB
SReclaimable:      76420 kB
SUnreclaim:       144732 kB
KernelStack:       46944 kB
PageTables:        63236 kB
NFS_Unstable:          0 kB
Bounce:                0 kB
WritebackTmp:          0 kB
CommitLimit:     9202288 kB
Committed_AS:   66043272 kB
VmallocTotal:   263061440 kB
VmallocUsed:      104096 kB
VmallocChunk:          0 kB
Percpu:             7648 kB
CmaTotal:         294912 kB
CmaFree:               8 kB
MemTotal:       12113132 kB
MemFree:         6178740 kB
MemAvailable:    7665108 kB
Buffers:            6368 kB
Cached:          1832040 kB
SwapCached:            0 kB
Active:          1695832 kB
Inactive:        1583944 kB
Active(anon):    1447792 kB
Inactive(anon):    26776 kB
Active(file):     248040 kB
Inactive(file):  1557168 kB
Unevictable:        5532 kB
Mlocked:            5532 kB
SwapTotal:       3145724 kB
SwapFree:        3145724 kB
Dirty:               576 kB
Writeback:             0 kB
AnonPages:       1447088 kB
Mapped:           862896 kB
Shmem:             28720 kB
KReclaimable:     549864 kB
Slab:             221176 kB
SReclaimable:      76420 kB
SUnreclaim:       144756 kB
KernelStack:       46976 kB
PageTables:        63228 kB
NFS_Unstable:          0 kB
Bounce:                0 kB
WritebackTmp:          0 kB
CommitLimit:     9202288 kB
Committed_AS:   66041084 kB
VmallocTotal:   263061440 kB
VmallocUsed:      104112 kB
VmallocChunk:          0 kB
Percpu:             7648 kB
CmaTotal:         294912 kB
CmaFree:               0 kB
MemTotal:       12113132 kB
MemFree:         6177196 kB
MemAvailable:    7663576 kB
Buffers:            6368 kB
Cached:          1832052 kB
SwapCached:            0 kB
Active:          1696100 kB
Inactive:        1583956 kB
Active(anon):    1448060 kB
Inactive(anon):    26776 kB
Active(file):     248040 kB
Inactive(file):  1557180 kB
Unevictable:        5532 kB
Mlocked:            5532 kB
SwapTotal:       3145724 kB
SwapFree:        3145724 kB
Dirty:               592 kB
Writeback:             0 kB
AnonPages:       1447244 kB
Mapped:           862788 kB
Shmem:             28720 kB
KReclaimable:     549864 kB
Slab:             221216 kB
SReclaimable:      76420 kB
SUnreclaim:       144796 kB
KernelStack:       46928 kB
PageTables:        63164 kB
NFS_Unstable:          0 kB
Bounce:                0 kB
WritebackTmp:          0 kB
CommitLimit:     9202288 kB
Committed_AS:   66050064 kB
VmallocTotal:   263061440 kB
VmallocUsed:      104112 kB
VmallocChunk:          0 kB
Percpu:             7648 kB
CmaTotal:         294912 kB
CmaFree:               0 kB
MemTotal:       12113132 kB
MemFree:         6173084 kB
MemAvailable:    7659472 kB
Buffers:            6368 kB
Cached:          1832060 kB
SwapCached:            0 kB
Active:          1703100 kB
Inactive:        1583964 kB
Active(anon):    1455060 kB
Inactive(anon):    26776 kB
Active(file):     248040 kB
Inactive(file):  1557188 kB
Unevictable:        5532 kB
Mlocked:            5532 kB
SwapTotal:       3145724 kB
SwapFree:        3145724 kB
Dirty:               624 kB
Writeback:             0 kB
AnonPages:       1454124 kB
Mapped:           862800 kB
Shmem:             28720 kB
KReclaimable:     549864 kB
Slab:             221172 kB
SReclaimable:      76420 kB
SUnreclaim:       144752 kB
KernelStack:       46976 kB
PageTables:        63244 kB
NFS_Unstable:          0 kB
Bounce:                0 kB
WritebackTmp:          0 kB
CommitLimit:     9202288 kB
Committed_AS:   66039916 kB
VmallocTotal:   263061440 kB
VmallocUsed:      104048 kB
VmallocChunk:          0 kB
Percpu:             7648 kB
CmaTotal:         294912 kB
CmaFree:               0 kB
MemTotal:       12113132 kB
MemFree:         6177920 kB
MemAvailable:    7664320 kB
Buffers:            6368 kB
Cached:          1832072 kB
SwapCached:            0 kB
Active:          1697224 kB
Inactive:        1583976 kB
Active(anon):    1449184 kB
Inactive(anon):    26776 kB
Active(file):     248040 kB
Inactive(file):  1557200 kB
Unevictable:        5532 kB
Mlocked:            5532 kB
SwapTotal:       3145724 kB
SwapFree:        3145724 kB
Dirty:               676 kB
Writeback:             0 kB
AnonPages:       1448296 kB
Mapped:           862788 kB
Shmem:             28720 kB
KReclaimable:     549864 kB
Slab:             221148 kB
SReclaimable:      76420 kB
SUnreclaim:       144728 kB
KernelStack:       46944 kB
PageTables:        63292 kB
NFS_Unstable:          0 kB
Bounce:                0 kB
WritebackTmp:          0 kB
CommitLimit:     9202288 kB
Committed_AS:   66035120 kB
VmallocTotal:   263061440 kB
VmallocUsed:      104064 kB
VmallocChunk:          0 kB
Percpu:             7648 kB
CmaTotal:         294912 kB
CmaFree:               0 kB
MemTotal:       12113132 kB
MemFree:         6176624 kB
MemAvailable:    7663040 kB
Buffers:            6368 kB
Cached:          1832088 kB
SwapCached:            0 kB
Active:          1696820 kB
Inactive:        1583992 kB
Active(anon):    1448780 kB
Inactive(anon):    26776 kB
Active(file):     248040 kB
Inactive(file):  1557216 kB
Unevictable:        5532 kB
Mlocked:            5532 kB
SwapTotal:       3145724 kB
SwapFree:        3145724 kB
Dirty:               188 kB
Writeback:             0 kB
AnonPages:       1447824 kB
Mapped:           862784 kB
Shmem:             28720 kB
KReclaimable:     549864 kB
Slab:             221140 kB
SReclaimable:      76420 kB
SUnreclaim:       144720 kB
KernelStack:       46976 kB
PageTables:        63180 kB
NFS_Unstable:          0 kB
Bounce:                0 kB
WritebackTmp:          0 kB
CommitLimit:     9202288 kB
Committed_AS:   66053836 kB
VmallocTotal:   263061440 kB
VmallocUsed:      104064 kB
VmallocChunk:          0 kB
Percpu:             7648 kB
CmaTotal:         294912 kB
CmaFree:               0 kB
MemTotal:       12113132 kB
MemFree:         6170188 kB
MemAvailable:    7656616 kB
Buffers:            6368 kB
Cached:          1832100 kB
SwapCached:            0 kB
Active:          1705300 kB
Inactive:        1584004 kB
Active(anon):    1457260 kB
Inactive(anon):    26776 kB
Active(file):     248040 kB
Inactive(file):  1557228 kB
Unevictable:        5532 kB
Mlocked:            5532 kB
SwapTotal:       3145724 kB
SwapFree:        3145724 kB
Dirty:               264 kB
Writeback:             0 kB
AnonPages:       1456380 kB
Mapped:           862788 kB
Shmem:             28720 kB
KReclaimable:     549864 kB
Slab:             221140 kB
SReclaimable:      76420 kB
SUnreclaim:       144720 kB
KernelStack:       46976 kB
PageTables:        63272 kB
NFS_Unstable:          0 kB
Bounce:                0 kB
WritebackTmp:          0 kB
CommitLimit:     9202288 kB
Committed_AS:   66054156 kB
VmallocTotal:   263061440 kB
VmallocUsed:      104016 kB
VmallocChunk:          0 kB
Percpu:             7648 kB
CmaTotal:         294912 kB
CmaFree:               0 kB
MemTotal:       12113132 kB
MemFree:         6175020 kB
MemAvailable:    7661460 kB
Buffers:            6368 kB
Cached:          1832112 kB
SwapCached:            0 kB
Active:          1699460 kB
Inactive:        1584016 kB
Active(anon):    1451420 kB
Inactive(anon):    26776 kB
Active(file):     248040 kB
Inactive(file):  1557240 kB
Unevictable:        5532 kB
Mlocked:            5532 kB
SwapTotal:       3145724 kB
SwapFree:        3145724 kB
Dirty:               304 kB
Writeback:             0 kB
AnonPages:       1450480 kB
Mapped:           862788 kB
Shmem:             28720 kB
KReclaimable:     549864 kB
Slab:             221156 kB
SReclaimable:      76420 kB
SUnreclaim:       144736 kB
KernelStack:       46976 kB
PageTables:        63232 kB
NFS_Unstable:          0 kB
Bounce:                0 kB
WritebackTmp:          0 kB
CommitLimit:     9202288 kB
Committed_AS:   66053712 kB
VmallocTotal:   263061440 kB
VmallocUsed:      104032 kB
VmallocChunk:          0 kB
Percpu:             7648 kB
CmaTotal:         294912 kB
CmaFree:               0 kB
MemTotal:       12113132 kB
MemFree:         6173408 kB
MemAvailable:    7659860 kB
Buffers:            6368 kB
Cached:          1832124 kB
SwapCached:            0 kB
Active:          1699400 kB
Inactive:        1584028 kB
Active(anon):    1451360 kB
Inactive(anon):    26776 kB
Active(file):     248040 kB
Inactive(file):  1557252 kB
Unevictable:        5532 kB
Mlocked:            5532 kB
SwapTotal:       3145724 kB
SwapFree:        3145724 kB
Dirty:               316 kB
Writeback:             0 kB
AnonPages:       1450524 kB
Mapped:           862792 kB
Shmem:             28720 kB
KReclaimable:     549864 kB
Slab:             221212 kB
SReclaimable:      76420 kB
SUnreclaim:       144792 kB
KernelStack:       46928 kB
PageTables:        63164 kB
NFS_Unstable:          0 kB
Bounce:                0 kB
WritebackTmp:          0 kB
CommitLimit:     9202288 kB
Committed_AS:   66060516 kB
VmallocTotal:   263061440 kB
VmallocUsed:      104080 kB
VmallocChunk:          0 kB
Percpu:             7648 kB
CmaTotal:         294912 kB
CmaFree:               0 kB
MemTotal:       12113132 kB
MemFree:         6166792 kB
MemAvailable:    7653276 kB
Buffers:            6372 kB
Cached:          1832152 kB
SwapCached:            0 kB
Active:          1708200 kB
Inactive:        1584056 kB
Active(anon):    1460156 kB
Inactive(anon):    26776 kB
Active(file):     248044 kB
Inactive(file):  1557280 kB
Unevictable:        5532 kB
Mlocked:            5532 kB
SwapTotal:       3145724 kB
SwapFree:        3145724 kB
Dirty:               316 kB
Writeback:             0 kB
AnonPages:       1459396 kB
Mapped:           862800 kB
Shmem:             28720 kB
KReclaimable:     549864 kB
Slab:             221388 kB
SReclaimable:      76420 kB
SUnreclaim:       144968 kB
KernelStack:       46976 kB
PageTables:        63244 kB
NFS_Unstable:          0 kB
Bounce:                0 kB
WritebackTmp:          0 kB
CommitLimit:     9202288 kB
Committed_AS:   66055000 kB
VmallocTotal:   263061440 kB
VmallocUsed:      104080 kB
VmallocChunk:          0 kB
Percpu:             7648 kB
CmaTotal:         294912 kB
CmaFree:               0 kB
MemTotal:       12113132 kB
MemFree:         6164224 kB
MemAvailable:    7650712 kB
Buffers:            6372 kB
Cached:          1832156 kB
SwapCached:            0 kB
Active:          1709924 kB
Inactive:        1584060 kB
Active(anon):    1461880 kB
Inactive(anon):    26776 kB
Active(file):     248044 kB
Inactive(file):  1557284 kB
Unevictable:        5532 kB
Mlocked:            5532 kB
SwapTotal:       3145724 kB
SwapFree:        3145724 kB
Dirty:               340 kB
Writeback:             0 kB
AnonPages:       1461116 kB
Mapped:           862784 kB
Shmem:             28720 kB
KReclaimable:     549864 kB
Slab:             221140 kB
SReclaimable:      76420 kB
SUnreclaim:       144720 kB
KernelStack:       46944 kB
PageTables:        63288 kB
NFS_Unstable:          0 kB
Bounce:                0 kB
WritebackTmp:          0 kB
CommitLimit:     9202288 kB
Committed_AS:   66040692 kB
VmallocTotal:   263061440 kB
VmallocUsed:      104032 kB
VmallocChunk:          0 kB
Percpu:             7648 kB
CmaTotal:         294912 kB
CmaFree:               0 kB
MemTotal:       12113132 kB
MemFree:         6163744 kB
MemAvailable:    7650252 kB
Buffers:            6372 kB
Cached:          1832176 kB
SwapCached:            0 kB
Active:          1710712 kB
Inactive:        1584080 kB
Active(anon):    1462668 kB
Inactive(anon):    26776 kB
Active(file):     248044 kB
Inactive(file):  1557304 kB
Unevictable:        5532 kB
Mlocked:            5532 kB
SwapTotal:       3145724 kB
SwapFree:        3145724 kB
Dirty:               380 kB
Writeback:             0 kB
AnonPages:       1461792 kB
Mapped:           862788 kB
Shmem:             28720 kB
KReclaimable:     549864 kB
Slab:             221140 kB
SReclaimable:      76420 kB
SUnreclaim:       144720 kB
KernelStack:       46928 kB
PageTables:        63164 kB
NFS_Unstable:          0 kB
Bounce:                0 kB
WritebackTmp:          0 kB
CommitLimit:     9202288 kB
Committed_AS:   66047040 kB
VmallocTotal:   263061440 kB
VmallocUsed:      104048 kB
VmallocChunk:          0 kB
Percpu:             7648 kB
CmaTotal:         294912 kB
CmaFree:               0 kB
MemTotal:       12113132 kB
MemFree:         6154340 kB
MemAvailable:    7640856 kB
Buffers:            6372 kB
Cached:          1832184 kB
SwapCached:            0 kB
Active:          1720908 kB
Inactive:        1584088 kB
Active(anon):    1472864 kB
Inactive(anon):    26776 kB
Active(file):     248044 kB
Inactive(file):  1557312 kB
Unevictable:        5532 kB
Mlocked:            5532 kB
SwapTotal:       3145724 kB
SwapFree:        3145724 kB
Dirty:               388 kB
Writeback:             0 kB
AnonPages:       1472172 kB
Mapped:           862788 kB
Shmem:             28720 kB
KReclaimable:     549864 kB
Slab:             221156 kB
SReclaimable:      76420 kB
SUnreclaim:       144736 kB
KernelStack:       46976 kB
PageTables:        63240 kB
NFS_Unstable:          0 kB
Bounce:                0 kB
WritebackTmp:          0 kB
CommitLimit:     9202288 kB
Committed_AS:   66030832 kB
VmallocTotal:   263061440 kB
VmallocUsed:      104096 kB
VmallocChunk:          0 kB
Percpu:             7648 kB
CmaTotal:         294912 kB
CmaFree:               0 kB
MemTotal:       12113132 kB
MemFree:         6176168 kB
MemAvailable:    7662692 kB
Buffers:            6372 kB
Cached:          1832192 kB
SwapCached:            0 kB
Active:          1698464 kB
Inactive:        1584100 kB
Active(anon):    1450424 kB
Inactive(anon):    26776 kB
Active(file):     248040 kB
Inactive(file):  1557324 kB
Unevictable:        5532 kB
Mlocked:            5532 kB
SwapTotal:       3145724 kB
SwapFree:        3145724 kB
Dirty:               432 kB
Writeback:             0 kB
AnonPages:       1449736 kB
Mapped:           862788 kB
Shmem:             28720 kB
KReclaimable:     549864 kB
Slab:             221156 kB
SReclaimable:      76420 kB
SUnreclaim:       144736 kB
KernelStack:       46976 kB
PageTables:        63248 kB
NFS_Unstable:          0 kB
Bounce:                0 kB
WritebackTmp:          0 kB
CommitLimit:     9202288 kB
Committed_AS:   66041320 kB
VmallocTotal:   263061440 kB
VmallocUsed:      104096 kB
VmallocChunk:          0 kB
Percpu:             7648 kB
CmaTotal:         294912 kB
CmaFree:               0 kB
MemTotal:       12113132 kB
MemFree:         6177180 kB
MemAvailable:    7663716 kB
Buffers:            6372 kB
Cached:          1832204 kB
SwapCached:            0 kB
Active:          1694608 kB
Inactive:        1584108 kB
Active(anon):    1446564 kB
Inactive(anon):    26776 kB
Active(file):     248044 kB
Inactive(file):  1557332 kB
Unevictable:        5532 kB
Mlocked:            5532 kB
SwapTotal:       3145724 kB
SwapFree:        3145724 kB
Dirty:               448 kB
Writeback:             0 kB
AnonPages:       1445700 kB
Mapped:           862788 kB
Shmem:             28720 kB
KReclaimable:     549864 kB
Slab:             221180 kB
SReclaimable:      76420 kB
SUnreclaim:       144760 kB
KernelStack:       46928 kB
PageTables:        63168 kB
NFS_Unstable:          0 kB
Bounce:                0 kB
WritebackTmp:          0 kB
CommitLimit:     9202288 kB
Committed_AS:   66051352 kB
VmallocTotal:   263061440 kB
VmallocUsed:      104080 kB
VmallocChunk:          0 kB
Percpu:             7648 kB
CmaTotal:         294912 kB
CmaFree:               0 kB
MemTotal:       12113132 kB
MemFree:         6172108 kB
MemAvailable:    7658656 kB
Buffers:            6372 kB
Cached:          1832216 kB
SwapCached:            0 kB
Active:          1702064 kB
Inactive:        1584120 kB
Active(anon):    1454020 kB
Inactive(anon):    26776 kB
Active(file):     248044 kB
Inactive(file):  1557344 kB
Unevictable:        5532 kB
Mlocked:            5532 kB
SwapTotal:       3145724 kB
SwapFree:        3145724 kB
Dirty:               176 kB
Writeback:             0 kB
AnonPages:       1452952 kB
Mapped:           862788 kB
Shmem:             28720 kB
KReclaimable:     549864 kB
Slab:             221108 kB
SReclaimable:      76420 kB
SUnreclaim:       144688 kB
KernelStack:       46944 kB
PageTables:        63220 kB
NFS_Unstable:          0 kB
Bounce:                0 kB
WritebackTmp:          0 kB
CommitLimit:     9202288 kB
Committed_AS:   66051248 kB
VmallocTotal:   263061440 kB
VmallocUsed:      104112 kB
VmallocChunk:          0 kB
Percpu:             7648 kB
CmaTotal:         294912 kB
CmaFree:               0 kB
MemTotal:       12113132 kB
MemFree:         6160500 kB
MemAvailable:    7647064 kB
Buffers:            6372 kB
Cached:          1832232 kB
SwapCached:            0 kB
Active:          1713104 kB
Inactive:        1584136 kB
Active(anon):    1465060 kB
Inactive(anon):    26776 kB
Active(file):     248044 kB
Inactive(file):  1557360 kB
Unevictable:        5532 kB
Mlocked:            5532 kB
SwapTotal:       3145724 kB
SwapFree:        3145724 kB
Dirty:               252 kB
Writeback:             0 kB
AnonPages:       1464300 kB
Mapped:           862788 kB
Shmem:             28720 kB
KReclaimable:     549864 kB
Slab:             221116 kB
SReclaimable:      76420 kB
SUnreclaim:       144696 kB
KernelStack:       46928 kB
PageTables:        63164 kB
NFS_Unstable:          0 kB
Bounce:                0 kB
WritebackTmp:          0 kB
CommitLimit:     9202288 kB
Committed_AS:   66049948 kB
VmallocTotal:   263061440 kB
VmallocUsed:      104112 kB
VmallocChunk:          0 kB
Percpu:             7648 kB
CmaTotal:         294912 kB
CmaFree:               0 kB
MemTotal:       12113132 kB
MemFree:         6160092 kB
MemAvailable:    7646664 kB
Buffers:            6372 kB
Cached:          1832240 kB
SwapCached:            0 kB
Active:          1713840 kB
Inactive:        1584144 kB
Active(anon):    1465796 kB
Inactive(anon):    26776 kB
Active(file):     248044 kB
Inactive(file):  1557368 kB
Unevictable:        5532 kB
Mlocked:            5532 kB
SwapTotal:       3145724 kB
SwapFree:        3145724 kB
Dirty:               284 kB
Writeback:             0 kB
AnonPages:       1464956 kB
Mapped:           862784 kB
Shmem:             28720 kB
KReclaimable:     549864 kB
Slab:             221116 kB
SReclaimable:      76420 kB
SUnreclaim:       144696 kB
KernelStack:       46944 kB
PageTables:        63164 kB
NFS_Unstable:          0 kB
Bounce:                0 kB
WritebackTmp:          0 kB
CommitLimit:     9202288 kB
Committed_AS:   66060860 kB
VmallocTotal:   263061440 kB
VmallocUsed:      104112 kB
VmallocChunk:          0 kB
Percpu:             7648 kB
CmaTotal:         294912 kB
CmaFree:               0 kB
MemTotal:       12113132 kB
MemFree:         6188180 kB
MemAvailable:    7674784 kB
Buffers:            6372 kB
Cached:          1832268 kB
SwapCached:            0 kB
Active:          1685676 kB
Inactive:        1584172 kB
Active(anon):    1437632 kB
Inactive(anon):    26776 kB
Active(file):     248044 kB
Inactive(file):  1557396 kB
Unevictable:        5532 kB
Mlocked:            5532 kB
SwapTotal:       3145724 kB
SwapFree:        3145724 kB
Dirty:               344 kB
Writeback:             0 kB
AnonPages:       1436708 kB
Mapped:           862788 kB
Shmem:             28720 kB
KReclaimable:     549868 kB
Slab:             221120 kB
SReclaimable:      76424 kB
SUnreclaim:       144696 kB
KernelStack:       46944 kB
PageTables:        63164 kB
NFS_Unstable:          0 kB
Bounce:                0 kB
WritebackTmp:          0 kB
CommitLimit:     9202288 kB
Committed_AS:   66046092 kB
VmallocTotal:   263061440 kB
VmallocUsed:      104064 kB
VmallocChunk:          0 kB
Percpu:             7648 kB
CmaTotal:         294912 kB
CmaFree:               0 kB
MemTotal:       12113132 kB
MemFree:         6167548 kB
MemAvailable:    7654160 kB
Buffers:            6372 kB
Cached:          1832276 kB
SwapCached:            0 kB
Active:          1706736 kB
Inactive:        1584180 kB
Active(anon):    1458692 kB
Inactive(anon):    26776 kB
Active(file):     248044 kB
Inactive(file):  1557404 kB
Unevictable:        5532 kB
Mlocked:            5532 kB
SwapTotal:       3145724 kB
SwapFree:        3145724 kB
Dirty:               372 kB
Writeback:             0 kB
AnonPages:       1457776 kB
Mapped:           862784 kB
Shmem:             28720 kB
KReclaimable:     549868 kB
Slab:             221152 kB
SReclaimable:      76424 kB
SUnreclaim:       144728 kB
KernelStack:       46976 kB
PageTables:        63228 kB
NFS_Unstable:          0 kB
Bounce:                0 kB
WritebackTmp:          0 kB
CommitLimit:     9202288 kB
Committed_AS:   66040312 kB
VmallocTotal:   263061440 kB
VmallocUsed:      104096 kB
VmallocChunk:          0 kB
Percpu:             7648 kB
CmaTotal:         294912 kB
CmaFree:               0 kB
MemTotal:       12113132 kB
MemFree:         6165920 kB
MemAvailable:    7652552 kB
Buffers:            6372 kB
Cached:          1832296 kB
SwapCached:            0 kB
Active:          1706724 kB
Inactive:        1584200 kB
Active(anon):    1458680 kB
Inactive(anon):    26776 kB
Active(file):     248044 kB
Inactive(file):  1557424 kB
Unevictable:        5532 kB
Mlocked:            5532 kB
SwapTotal:       3145724 kB
SwapFree:        3145724 kB
Dirty:               200 kB
Writeback:             0 kB
AnonPages:       1457804 kB
Mapped:           862788 kB
Shmem:             28720 kB
KReclaimable:     549868 kB
Slab:             221144 kB
SReclaimable:      76424 kB
SUnreclaim:       144720 kB
KernelStack:       46928 kB
PageTables:        63164 kB
NFS_Unstable:          0 kB
Bounce:                0 kB
WritebackTmp:          0 kB
CommitLimit:     9202288 kB
Committed_AS:   66033584 kB
VmallocTotal:   263061440 kB
VmallocUsed:      104080 kB
VmallocChunk:          0 kB
Percpu:             7648 kB
CmaTotal:         294912 kB
CmaFree:               0 kB
MemTotal:       12113132 kB
MemFree:         6160064 kB
MemAvailable:    7646700 kB
Buffers:            6372 kB
Cached:          1832300 kB
SwapCached:            0 kB
Active:          1714928 kB
Inactive:        1584204 kB
Active(anon):    1466884 kB
Inactive(anon):    26776 kB
Active(file):     248044 kB
Inactive(file):  1557428 kB
Unevictable:        5532 kB
Mlocked:            5532 kB
SwapTotal:       3145724 kB
SwapFree:        3145724 kB
Dirty:               252 kB
Writeback:             0 kB
AnonPages:       1466180 kB
Mapped:           862788 kB
Shmem:             28720 kB
KReclaimable:     549868 kB
Slab:             221120 kB
SReclaimable:      76424 kB
SUnreclaim:       144696 kB
KernelStack:       46976 kB
PageTables:        63276 kB
NFS_Unstable:          0 kB
Bounce:                0 kB
WritebackTmp:          0 kB
CommitLimit:     9202288 kB
Committed_AS:   66040256 kB
VmallocTotal:   263061440 kB
VmallocUsed:      104080 kB
VmallocChunk:          0 kB
Percpu:             7648 kB
CmaTotal:         294912 kB
CmaFree:               0 kB
MemTotal:       12113132 kB
MemFree:         6168320 kB
MemAvailable:    7654968 kB
Buffers:            6372 kB
Cached:          1832312 kB
SwapCached:            0 kB
Active:          1708188 kB
Inactive:        1584216 kB
Active(anon):    1460144 kB
Inactive(anon):    26776 kB
Active(file):     248044 kB
Inactive(file):  1557440 kB
Unevictable:        5532 kB
Mlocked:            5532 kB
SwapTotal:       3145724 kB
SwapFree:        3145724 kB
Dirty:               292 kB
Writeback:             0 kB
AnonPages:       1459320 kB
Mapped:           862792 kB
Shmem:             28720 kB
KReclaimable:     549868 kB
Slab:             221120 kB
SReclaimable:      76424 kB
SUnreclaim:       144696 kB
KernelStack:       46928 kB
PageTables:        63164 kB
NFS_Unstable:          0 kB
Bounce:                0 kB
WritebackTmp:          0 kB
CommitLimit:     9202288 kB
Committed_AS:   66038920 kB
VmallocTotal:   263061440 kB
VmallocUsed:      104064 kB
VmallocChunk:          0 kB
Percpu:             7648 kB
CmaTotal:         294912 kB
CmaFree:               0 kB
MemTotal:       12113132 kB
MemFree:         6184688 kB
MemAvailable:    7671348 kB
Buffers:            6372 kB
Cached:          1832324 kB
SwapCached:            0 kB
Active:          1687392 kB
Inactive:        1584228 kB
Active(anon):    1439348 kB
Inactive(anon):    26776 kB
Active(file):     248044 kB
Inactive(file):  1557452 kB
Unevictable:        5532 kB
Mlocked:            5532 kB
SwapTotal:       3145724 kB
SwapFree:        3145724 kB
Dirty:               320 kB
Writeback:             0 kB
AnonPages:       1438480 kB
Mapped:           862788 kB
Shmem:             28720 kB
KReclaimable:     549868 kB
Slab:             221120 kB
SReclaimable:      76424 kB
SUnreclaim:       144696 kB
KernelStack:       46928 kB
PageTables:        63164 kB
NFS_Unstable:          0 kB
Bounce:                0 kB
WritebackTmp:          0 kB
CommitLimit:     9202288 kB
Committed_AS:   66055192 kB
VmallocTotal:   263061440 kB
VmallocUsed:      104064 kB
VmallocChunk:          0 kB
Percpu:             7648 kB
CmaTotal:         294912 kB
CmaFree:             112 kB
MemTotal:       12113132 kB
MemFree:         6178640 kB
MemAvailable:    7665324 kB
Buffers:            6380 kB
Cached:          1832340 kB
SwapCached:            0 kB
Active:          1694432 kB
Inactive:        1584244 kB
Active(anon):    1446380 kB
Inactive(anon):    26776 kB
Active(file):     248052 kB
Inactive(file):  1557468 kB
Unevictable:        5532 kB
Mlocked:            5532 kB
SwapTotal:       3145724 kB
SwapFree:        3145724 kB
Dirty:               340 kB
Writeback:             0 kB
AnonPages:       1445160 kB
Mapped:           862788 kB
Shmem:             28720 kB
KReclaimable:     549868 kB
Slab:             221112 kB
SReclaimable:      76424 kB
SUnreclaim:       144688 kB
KernelStack:       46960 kB
PageTables:        63300 kB
NFS_Unstable:          0 kB
Bounce:                0 kB
WritebackTmp:          0 kB
CommitLimit:     9202288 kB
Committed_AS:   66060348 kB
VmallocTotal:   263061440 kB
VmallocUsed:      104048 kB
VmallocChunk:          0 kB
Percpu:             7648 kB
CmaTotal:         294912 kB
CmaFree:               0 kB
MemTotal:       12113132 kB
MemFree:         6177016 kB
MemAvailable:    7663724 kB
Buffers:            6380 kB
Cached:          1832364 kB
SwapCached:            0 kB
Active:          1696472 kB
Inactive:        1584268 kB
Active(anon):    1448420 kB
Inactive(anon):    26776 kB
Active(file):     248052 kB
Inactive(file):  1557492 kB
Unevictable:        5532 kB
Mlocked:            5532 kB
SwapTotal:       3145724 kB
SwapFree:        3145724 kB
Dirty:               376 kB
Writeback:             0 kB
AnonPages:       1447556 kB
Mapped:           862788 kB
Shmem:             28720 kB
KReclaimable:     549868 kB
Slab:             221120 kB
SReclaimable:      76424 kB
SUnreclaim:       144696 kB
KernelStack:       46976 kB
PageTables:        63272 kB
NFS_Unstable:          0 kB
Bounce:                0 kB
WritebackTmp:          0 kB
CommitLimit:     9202288 kB
Committed_AS:   66044488 kB
VmallocTotal:   263061440 kB
VmallocUsed:      104064 kB
VmallocChunk:          0 kB
Percpu:             7648 kB
CmaTotal:         294912 kB
CmaFree:               0 kB
MemTotal:       12113132 kB
MemFree:         6176124 kB
MemAvailable:    7662836 kB
Buffers:            6380 kB
Cached:          1832220 kB
SwapCached:            0 kB
Active:          1696948 kB
Inactive:        1584128 kB
Active(anon):    1448900 kB
Inactive(anon):    26628 kB
Active(file):     248048 kB
Inactive(file):  1557500 kB
Unevictable:        5532 kB
Mlocked:            5532 kB
SwapTotal:       3145724 kB
SwapFree:        3145724 kB
Dirty:               388 kB
Writeback:             0 kB
AnonPages:       1448072 kB
Mapped:           862684 kB
Shmem:             28572 kB
KReclaimable:     549868 kB
Slab:             221088 kB
SReclaimable:      76424 kB
SUnreclaim:       144664 kB
KernelStack:       46944 kB
PageTables:        63148 kB
NFS_Unstable:          0 kB
Bounce:                0 kB
WritebackTmp:          0 kB
CommitLimit:     9202288 kB
Committed_AS:   66046352 kB
VmallocTotal:   263061440 kB
VmallocUsed:      104080 kB
VmallocChunk:          0 kB
Percpu:             7648 kB
CmaTotal:         294912 kB
CmaFree:               0 kB
MemTotal:       12113132 kB
MemFree:         6169752 kB
MemAvailable:    7656488 kB
Buffers:            6380 kB
Cached:          1832392 kB
SwapCached:            0 kB
Active:          1703912 kB
Inactive:        1584296 kB
Active(anon):    1455860 kB
Inactive(anon):    26776 kB
Active(file):     248052 kB
Inactive(file):  1557520 kB
Unevictable:        5532 kB
Mlocked:            5532 kB
SwapTotal:       3145724 kB
SwapFree:        3145724 kB
Dirty:               412 kB
Writeback:             0 kB
AnonPages:       1454844 kB
Mapped:           862788 kB
Shmem:             28720 kB
KReclaimable:     549868 kB
Slab:             221144 kB
SReclaimable:      76424 kB
SUnreclaim:       144720 kB
KernelStack:       46944 kB
PageTables:        63272 kB
NFS_Unstable:          0 kB
Bounce:                0 kB
WritebackTmp:          0 kB
CommitLimit:     9202288 kB
Committed_AS:   66045172 kB
VmallocTotal:   263061440 kB
VmallocUsed:      104048 kB
VmallocChunk:          0 kB
Percpu:             7648 kB
CmaTotal:         294912 kB
CmaFree:               8 kB
MemTotal:       12113132 kB
MemFree:         6175140 kB
MemAvailable:    7661884 kB
Buffers:            6380 kB
Cached:          1832400 kB
SwapCached:            0 kB
Active:          1698604 kB
Inactive:        1584304 kB
Active(anon):    1450552 kB
Inactive(anon):    26776 kB
Active(file):     248052 kB
Inactive(file):  1557528 kB
Unevictable:        5532 kB
Mlocked:            5532 kB
SwapTotal:       3145724 kB
SwapFree:        3145724 kB
Dirty:               436 kB
Writeback:             0 kB
AnonPages:       1449468 kB
Mapped:           862788 kB
Shmem:             28720 kB
KReclaimable:     549868 kB
Slab:             221120 kB
SReclaimable:      76424 kB
SUnreclaim:       144696 kB
KernelStack:       46928 kB
PageTables:        63200 kB
NFS_Unstable:          0 kB
Bounce:                0 kB
WritebackTmp:          0 kB
CommitLimit:     9202288 kB
Committed_AS:   66032016 kB
VmallocTotal:   263061440 kB
VmallocUsed:      104016 kB
VmallocChunk:          0 kB
Percpu:             7648 kB
CmaTotal:         294912 kB
CmaFree:               0 kB
MemTotal:       12113132 kB
MemFree:         6173936 kB
MemAvailable:    7660688 kB
Buffers:            6380 kB
Cached:          1832408 kB
SwapCached:            0 kB
Active:          1698692 kB
Inactive:        1584312 kB
Active(anon):    1450640 kB
Inactive(anon):    26776 kB
Active(file):     248052 kB
Inactive(file):  1557536 kB
Unevictable:        5532 kB
Mlocked:            5532 kB
SwapTotal:       3145724 kB
SwapFree:        3145724 kB
Dirty:               448 kB
Writeback:             0 kB
AnonPages:       1449860 kB
Mapped:           862792 kB
Shmem:             28720 kB
KReclaimable:     549868 kB
Slab:             221112 kB
SReclaimable:      76424 kB
SUnreclaim:       144688 kB
KernelStack:       46976 kB
PageTables:        63276 kB
NFS_Unstable:          0 kB
Bounce:                0 kB
WritebackTmp:          0 kB
CommitLimit:     9202288 kB
Committed_AS:   66035304 kB
VmallocTotal:   263061440 kB
VmallocUsed:      104032 kB
VmallocChunk:          0 kB
Percpu:             7648 kB
CmaTotal:         294912 kB
CmaFree:               0 kB
MemTotal:       12113132 kB
MemFree:         6167316 kB
MemAvailable:    7654084 kB
Buffers:            6380 kB
Cached:          1832424 kB
SwapCached:            0 kB
Active:          1706560 kB
Inactive:        1584324 kB
Active(anon):    1458504 kB
Inactive(anon):    26776 kB
Active(file):     248056 kB
Inactive(file):  1557548 kB
Unevictable:        5532 kB
Mlocked:            5532 kB
SwapTotal:       3145724 kB
SwapFree:        3145724 kB
Dirty:               188 kB
Writeback:             0 kB
AnonPages:       1457488 kB
Mapped:           862896 kB
Shmem:             28720 kB
KReclaimable:     549868 kB
Slab:             221124 kB
SReclaimable:      76424 kB
SUnreclaim:       144700 kB
KernelStack:       46944 kB
PageTables:        63268 kB
NFS_Unstable:          0 kB
Bounce:                0 kB
WritebackTmp:          0 kB
CommitLimit:     9202288 kB
Committed_AS:   66021388 kB
VmallocTotal:   263061440 kB
VmallocUsed:      104048 kB
VmallocChunk:          0 kB
Percpu:             7648 kB
CmaTotal:         294912 kB
CmaFree:               0 kB
MemTotal:       12113132 kB
MemFree:         6173300 kB
MemAvailable:    7660080 kB
Buffers:            6380 kB
Cached:          1832436 kB
SwapCached:            0 kB
Active:          1700144 kB
Inactive:        1584336 kB
Active(anon):    1452088 kB
Inactive(anon):    26776 kB
Active(file):     248056 kB
Inactive(file):  1557560 kB
Unevictable:        5532 kB
Mlocked:            5532 kB
SwapTotal:       3145724 kB
SwapFree:        3145724 kB
Dirty:               292 kB
Writeback:             0 kB
AnonPages:       1451396 kB
Mapped:           862784 kB
Shmem:             28720 kB
KReclaimable:     549868 kB
Slab:             221156 kB
SReclaimable:      76424 kB
SUnreclaim:       144732 kB
KernelStack:       46944 kB
PageTables:        63268 kB
NFS_Unstable:          0 kB
Bounce:                0 kB
WritebackTmp:          0 kB
CommitLimit:     9202288 kB
Committed_AS:   66032360 kB
VmallocTotal:   263061440 kB
VmallocUsed:      104032 kB
VmallocChunk:          0 kB
Percpu:             7648 kB
CmaTotal:         294912 kB
CmaFree:               0 kB
MemTotal:       12113132 kB
MemFree:         6171384 kB
MemAvailable:    7658176 kB
Buffers:            6380 kB
Cached:          1832448 kB
SwapCached:            0 kB
Active:          1701032 kB
Inactive:        1584348 kB
Active(anon):    1452976 kB
Inactive(anon):    26776 kB
Active(file):     248056 kB
Inactive(file):  1557572 kB
Unevictable:        5532 kB
Mlocked:            5532 kB
SwapTotal:       3145724 kB
SwapFree:        3145724 kB
Dirty:               308 kB
Writeback:             0 kB
AnonPages:       1451880 kB
Mapped:           862788 kB
Shmem:             28720 kB
KReclaimable:     549868 kB
Slab:             221172 kB
SReclaimable:      76424 kB
SUnreclaim:       144748 kB
KernelStack:       46880 kB
PageTables:        63164 kB
NFS_Unstable:          0 kB
Bounce:                0 kB
WritebackTmp:          0 kB
CommitLimit:     9202288 kB
Committed_AS:   66048068 kB
VmallocTotal:   263061440 kB
VmallocUsed:      104000 kB
VmallocChunk:          0 kB
Percpu:             7648 kB
CmaTotal:         294912 kB
CmaFree:               0 kB
MemTotal:       12113132 kB
MemFree:         6165760 kB
MemAvailable:    7652568 kB
Buffers:            6380 kB
Cached:          1832464 kB
SwapCached:            0 kB
Active:          1709004 kB
Inactive:        1584364 kB
Active(anon):    1460948 kB
Inactive(anon):    26776 kB
Active(file):     248056 kB
Inactive(file):  1557588 kB
Unevictable:        5532 kB
Mlocked:            5532 kB
SwapTotal:       3145724 kB
SwapFree:        3145724 kB
Dirty:               344 kB
Writeback:             0 kB
AnonPages:       1460268 kB
Mapped:           862784 kB
Shmem:             28720 kB
KReclaimable:     549868 kB
Slab:             221120 kB
SReclaimable:      76424 kB
SUnreclaim:       144696 kB
KernelStack:       46912 kB
PageTables:        63272 kB
NFS_Unstable:          0 kB
Bounce:                0 kB
WritebackTmp:          0 kB
CommitLimit:     9202288 kB
Committed_AS:   66051244 kB
VmallocTotal:   263061440 kB
VmallocUsed:      104048 kB
VmallocChunk:          0 kB
Percpu:             7648 kB
CmaTotal:         294912 kB
CmaFree:               0 kB
MemTotal:       12113132 kB
MemFree:         6170368 kB
MemAvailable:    7657192 kB
Buffers:            6380 kB
Cached:          1832480 kB
SwapCached:            0 kB
Active:          1702320 kB
Inactive:        1584380 kB
Active(anon):    1454264 kB
Inactive(anon):    26776 kB
Active(file):     248056 kB
Inactive(file):  1557604 kB
Unevictable:        5532 kB
Mlocked:            5532 kB
SwapTotal:       3145724 kB
SwapFree:        3145724 kB
Dirty:               376 kB
Writeback:             0 kB
AnonPages:       1453432 kB
Mapped:           862788 kB
Shmem:             28720 kB
KReclaimable:     549868 kB
Slab:             221128 kB
SReclaimable:      76424 kB
SUnreclaim:       144704 kB
KernelStack:       46864 kB
PageTables:        63164 kB
NFS_Unstable:          0 kB
Bounce:                0 kB
WritebackTmp:          0 kB
CommitLimit:     9202288 kB
Committed_AS:   66040696 kB
VmallocTotal:   263061440 kB
VmallocUsed:      104016 kB
VmallocChunk:          0 kB
Percpu:             7648 kB
CmaTotal:         294912 kB
CmaFree:               0 kB
MemTotal:       12113132 kB
MemFree:         6170792 kB
MemAvailable:    7657624 kB
Buffers:            6380 kB
Cached:          1832488 kB
SwapCached:            0 kB
Active:          1703404 kB
Inactive:        1584388 kB
Active(anon):    1455348 kB
Inactive(anon):    26776 kB
Active(file):     248056 kB
Inactive(file):  1557612 kB
Unevictable:        5532 kB
Mlocked:            5532 kB
SwapTotal:       3145724 kB
SwapFree:        3145724 kB
Dirty:               388 kB
Writeback:             0 kB
AnonPages:       1454384 kB
Mapped:           862788 kB
Shmem:             28720 kB
KReclaimable:     549868 kB
Slab:             221152 kB
SReclaimable:      76424 kB
SUnreclaim:       144728 kB
KernelStack:       46928 kB
PageTables:        63392 kB
NFS_Unstable:          0 kB
Bounce:                0 kB
WritebackTmp:          0 kB
CommitLimit:     9202288 kB
Committed_AS:   66041872 kB
VmallocTotal:   263061440 kB
VmallocUsed:      103968 kB
VmallocChunk:          0 kB
Percpu:             7648 kB
CmaTotal:         294912 kB
CmaFree:               0 kB
MemTotal:       12113132 kB
MemFree:         6166700 kB
MemAvailable:    7653548 kB
Buffers:            6380 kB
Cached:          1832504 kB
SwapCached:            0 kB
Active:          1708420 kB
Inactive:        1584404 kB
Active(anon):    1460364 kB
Inactive(anon):    26776 kB
Active(file):     248056 kB
Inactive(file):  1557628 kB
Unevictable:        5532 kB
Mlocked:            5532 kB
SwapTotal:       3145724 kB
SwapFree:        3145724 kB
Dirty:               408 kB
Writeback:             0 kB
AnonPages:       1459584 kB
Mapped:           862868 kB
Shmem:             28720 kB
KReclaimable:     549868 kB
Slab:             221196 kB
SReclaimable:      76424 kB
SUnreclaim:       144772 kB
KernelStack:       46912 kB
PageTables:        63288 kB
NFS_Unstable:          0 kB
Bounce:                0 kB
WritebackTmp:          0 kB
CommitLimit:     9202288 kB
Committed_AS:   66041576 kB
VmallocTotal:   263061440 kB
VmallocUsed:      104032 kB
VmallocChunk:          0 kB
Percpu:             7648 kB
CmaTotal:         294912 kB
CmaFree:               0 kB
MemTotal:       12113132 kB
MemFree:         6169832 kB
MemAvailable:    7656696 kB
Buffers:            6380 kB
Cached:          1832520 kB
SwapCached:            0 kB
Active:          1704448 kB
Inactive:        1584420 kB
Active(anon):    1456392 kB
Inactive(anon):    26776 kB
Active(file):     248056 kB
Inactive(file):  1557644 kB
Unevictable:        5532 kB
Mlocked:            5532 kB
SwapTotal:       3145724 kB
SwapFree:        3145724 kB
Dirty:               460 kB
Writeback:             0 kB
AnonPages:       1455420 kB
Mapped:           862892 kB
Shmem:             28720 kB
KReclaimable:     549868 kB
Slab:             221132 kB
SReclaimable:      76424 kB
SUnreclaim:       144708 kB
KernelStack:       46928 kB
PageTables:        63248 kB
NFS_Unstable:          0 kB
Bounce:                0 kB
WritebackTmp:          0 kB
CommitLimit:     9202288 kB
Committed_AS:   66036564 kB
VmallocTotal:   263061440 kB
VmallocUsed:      103984 kB
VmallocChunk:          0 kB
Percpu:             7648 kB
CmaTotal:         294912 kB
CmaFree:               0 kB
MemTotal:       12113132 kB
MemFree:         6168656 kB
MemAvailable:    7655528 kB
Buffers:            6380 kB
Cached:          1832528 kB
SwapCached:            0 kB
Active:          1704884 kB
Inactive:        1584428 kB
Active(anon):    1456828 kB
Inactive(anon):    26776 kB
Active(file):     248056 kB
Inactive(file):  1557652 kB
Unevictable:        5532 kB
Mlocked:            5532 kB
SwapTotal:       3145724 kB
SwapFree:        3145724 kB
Dirty:               476 kB
Writeback:             0 kB
AnonPages:       1455932 kB
Mapped:           862784 kB
Shmem:             28720 kB
KReclaimable:     549868 kB
Slab:             221140 kB
SReclaimable:      76424 kB
SUnreclaim:       144716 kB
KernelStack:       46864 kB
PageTables:        63160 kB
NFS_Unstable:          0 kB
Bounce:                0 kB
WritebackTmp:          0 kB
CommitLimit:     9202288 kB
Committed_AS:   66056672 kB
VmallocTotal:   263061440 kB
VmallocUsed:      104000 kB
VmallocChunk:          0 kB
Percpu:             7648 kB
CmaTotal:         294912 kB
CmaFree:               0 kB
MemTotal:       12113132 kB
MemFree:         6160476 kB
MemAvailable:    7647384 kB
Buffers:            6384 kB
Cached:          1832560 kB
SwapCached:            0 kB
Active:          1712416 kB
Inactive:        1584460 kB
Active(anon):    1464356 kB
Inactive(anon):    26776 kB
Active(file):     248060 kB
Inactive(file):  1557684 kB
Unevictable:        5532 kB
Mlocked:            5532 kB
SwapTotal:       3145724 kB
SwapFree:        3145724 kB
Dirty:               460 kB
Writeback:             0 kB
AnonPages:       1463608 kB
Mapped:           862788 kB
Shmem:             28720 kB
KReclaimable:     549868 kB
Slab:             221136 kB
SReclaimable:      76424 kB
SUnreclaim:       144712 kB
KernelStack:       46912 kB
PageTables:        63260 kB
NFS_Unstable:          0 kB
Bounce:                0 kB
WritebackTmp:          0 kB
CommitLimit:     9202288 kB
Committed_AS:   66052996 kB
VmallocTotal:   263061440 kB
VmallocUsed:      104000 kB
VmallocChunk:          0 kB
Percpu:             7648 kB
CmaTotal:         294912 kB
CmaFree:               0 kB
MemTotal:       12113132 kB
MemFree:         6165896 kB
MemAvailable:    7652816 kB
Buffers:            6384 kB
Cached:          1832572 kB
SwapCached:            0 kB
Active:          1706936 kB
Inactive:        1584472 kB
Active(anon):    1458876 kB
Inactive(anon):    26776 kB
Active(file):     248060 kB
Inactive(file):  1557696 kB
Unevictable:        5532 kB
Mlocked:            5532 kB
SwapTotal:       3145724 kB
SwapFree:        3145724 kB
Dirty:               488 kB
Writeback:             0 kB
AnonPages:       1458000 kB
Mapped:           862788 kB
Shmem:             28720 kB
KReclaimable:     549868 kB
Slab:             221144 kB
SReclaimable:      76424 kB
SUnreclaim:       144720 kB
KernelStack:       46864 kB
PageTables:        63164 kB
NFS_Unstable:          0 kB
Bounce:                0 kB
WritebackTmp:          0 kB
CommitLimit:     9202288 kB
Committed_AS:   66051336 kB
VmallocTotal:   263061440 kB
VmallocUsed:      104048 kB
VmallocChunk:          0 kB
Percpu:             7648 kB
CmaTotal:         294912 kB
CmaFree:               0 kB
MemTotal:       12113132 kB
MemFree:         6165432 kB
MemAvailable:    7652360 kB
Buffers:            6384 kB
Cached:          1832580 kB
SwapCached:            0 kB
Active:          1708352 kB
Inactive:        1584480 kB
Active(anon):    1460292 kB
Inactive(anon):    26776 kB
Active(file):     248060 kB
Inactive(file):  1557704 kB
Unevictable:        5532 kB
Mlocked:            5532 kB
SwapTotal:       3145724 kB
SwapFree:        3145724 kB
Dirty:               520 kB
Writeback:             0 kB
AnonPages:       1459328 kB
Mapped:           862952 kB
Shmem:             28720 kB
KReclaimable:     549868 kB
Slab:             221144 kB
SReclaimable:      76424 kB
SUnreclaim:       144720 kB
KernelStack:       46944 kB
PageTables:        63260 kB
NFS_Unstable:          0 kB
Bounce:                0 kB
WritebackTmp:          0 kB
CommitLimit:     9202288 kB
Committed_AS:   66051244 kB
VmallocTotal:   263061440 kB
VmallocUsed:      104048 kB
VmallocChunk:          0 kB
Percpu:             7648 kB
CmaTotal:         294912 kB
CmaFree:               0 kB
MemTotal:       12113132 kB
MemFree:         6163580 kB
MemAvailable:    7650524 kB
Buffers:            6384 kB
Cached:          1832596 kB
SwapCached:            0 kB
Active:          1710772 kB
Inactive:        1584496 kB
Active(anon):    1462712 kB
Inactive(anon):    26776 kB
Active(file):     248060 kB
Inactive(file):  1557720 kB
Unevictable:        5532 kB
Mlocked:            5532 kB
SwapTotal:       3145724 kB
SwapFree:        3145724 kB
Dirty:               560 kB
Writeback:             0 kB
AnonPages:       1461996 kB
Mapped:           862844 kB
Shmem:             28720 kB
KReclaimable:     549868 kB
Slab:             221192 kB
SReclaimable:      76424 kB
SUnreclaim:       144768 kB
KernelStack:       46944 kB
PageTables:        63232 kB
NFS_Unstable:          0 kB
Bounce:                0 kB
WritebackTmp:          0 kB
CommitLimit:     9202288 kB
Committed_AS:   66046224 kB
VmallocTotal:   263061440 kB
VmallocUsed:      104080 kB
VmallocChunk:          0 kB
Percpu:             7648 kB
CmaTotal:         294912 kB
CmaFree:               0 kB
MemTotal:       12113132 kB
MemFree:         6164564 kB
MemAvailable:    7651516 kB
Buffers:            6384 kB
Cached:          1832552 kB
SwapCached:            0 kB
Active:          1708592 kB
Inactive:        1584352 kB
Active(anon):    1460528 kB
Inactive(anon):    26628 kB
Active(file):     248064 kB
Inactive(file):  1557724 kB
Unevictable:        5532 kB
Mlocked:            5532 kB
SwapTotal:       3145724 kB
SwapFree:        3145724 kB
Dirty:               584 kB
Writeback:             0 kB
AnonPages:       1459268 kB
Mapped:           862944 kB
Shmem:             28668 kB
KReclaimable:     549868 kB
Slab:             221308 kB
SReclaimable:      76424 kB
SUnreclaim:       144884 kB
KernelStack:       46960 kB
PageTables:        63232 kB
NFS_Unstable:          0 kB
Bounce:                0 kB
WritebackTmp:          0 kB
CommitLimit:     9202288 kB
Committed_AS:   66049424 kB
VmallocTotal:   263061440 kB
VmallocUsed:      104048 kB
VmallocChunk:          0 kB
Percpu:             7648 kB
CmaTotal:         294912 kB
CmaFree:               0 kB
MemTotal:       12113132 kB
MemFree:         6164024 kB
MemAvailable:    7650984 kB
Buffers:            6384 kB
Cached:          1832616 kB
SwapCached:            0 kB
Active:          1709084 kB
Inactive:        1584516 kB
Active(anon):    1461024 kB
Inactive(anon):    26780 kB
Active(file):     248060 kB
Inactive(file):  1557736 kB
Unevictable:        5532 kB
Mlocked:            5532 kB
SwapTotal:       3145724 kB
SwapFree:        3145724 kB
Dirty:               604 kB
Writeback:             0 kB
AnonPages:       1460156 kB
Mapped:           863008 kB
Shmem:             28724 kB
KReclaimable:     549868 kB
Slab:             221156 kB
SReclaimable:      76424 kB
SUnreclaim:       144732 kB
KernelStack:       46896 kB
PageTables:        63164 kB
NFS_Unstable:          0 kB
Bounce:                0 kB
WritebackTmp:          0 kB
CommitLimit:     9202288 kB
Committed_AS:   66057360 kB
VmallocTotal:   263061440 kB
VmallocUsed:      104064 kB
VmallocChunk:          0 kB
Percpu:             7648 kB
CmaTotal:         294912 kB
CmaFree:               0 kB
MemTotal:       12113132 kB
MemFree:         6162308 kB
MemAvailable:    7649284 kB
Buffers:            6384 kB
Cached:          1832632 kB
SwapCached:            0 kB
Active:          1712080 kB
Inactive:        1584532 kB
Active(anon):    1464020 kB
Inactive(anon):    26780 kB
Active(file):     248060 kB
Inactive(file):  1557752 kB
Unevictable:        5532 kB
Mlocked:            5532 kB
SwapTotal:       3145724 kB
SwapFree:        3145724 kB
Dirty:               628 kB
Writeback:             0 kB
AnonPages:       1463316 kB
Mapped:           863168 kB
Shmem:             28724 kB
KReclaimable:     549868 kB
Slab:             221148 kB
SReclaimable:      76424 kB
SUnreclaim:       144724 kB
KernelStack:       46944 kB
PageTables:        63268 kB
NFS_Unstable:          0 kB
Bounce:                0 kB
WritebackTmp:          0 kB
CommitLimit:     9202288 kB
Committed_AS:   66056760 kB
VmallocTotal:   263061440 kB
VmallocUsed:      104064 kB
VmallocChunk:          0 kB
Percpu:             7648 kB
CmaTotal:         294912 kB
CmaFree:               8 kB
MemTotal:       12113132 kB
MemFree:         6164952 kB
MemAvailable:    7651936 kB
Buffers:            6384 kB
Cached:          1832640 kB
SwapCached:            0 kB
Active:          1708564 kB
Inactive:        1584540 kB
Active(anon):    1460504 kB
Inactive(anon):    26780 kB
Active(file):     248060 kB
Inactive(file):  1557760 kB
Unevictable:        5532 kB
Mlocked:            5532 kB
SwapTotal:       3145724 kB
SwapFree:        3145724 kB
Dirty:               648 kB
Writeback:             0 kB
AnonPages:       1459676 kB
Mapped:           862996 kB
Shmem:             28724 kB
KReclaimable:     549868 kB
Slab:             221184 kB
SReclaimable:      76424 kB
SUnreclaim:       144760 kB
KernelStack:       46896 kB
PageTables:        63164 kB
NFS_Unstable:          0 kB
Bounce:                0 kB
WritebackTmp:          0 kB
CommitLimit:     9202288 kB
Committed_AS:   66041644 kB
VmallocTotal:   263061440 kB
VmallocUsed:      104048 kB
VmallocChunk:          0 kB
Percpu:             7648 kB
CmaTotal:         294912 kB
CmaFree:               0 kB
MemTotal:       12113132 kB
MemFree:         6165016 kB
MemAvailable:    7652016 kB
Buffers:            6384 kB
Cached:          1832656 kB
SwapCached:            0 kB
Active:          1709312 kB
Inactive:        1584556 kB
Active(anon):    1461252 kB
Inactive(anon):    26780 kB
Active(file):     248060 kB
Inactive(file):  1557776 kB
Unevictable:        5532 kB
Mlocked:            5532 kB
SwapTotal:       3145724 kB
SwapFree:        3145724 kB
Dirty:               668 kB
Writeback:             0 kB
AnonPages:       1460264 kB
Mapped:           863012 kB
Shmem:             28724 kB
KReclaimable:     549868 kB
Slab:             221192 kB
SReclaimable:      76424 kB
SUnreclaim:       144768 kB
KernelStack:       46928 kB
PageTables:        63196 kB
NFS_Unstable:          0 kB
Bounce:                0 kB
WritebackTmp:          0 kB
CommitLimit:     9202288 kB
Committed_AS:   66051372 kB
VmallocTotal:   263061440 kB
VmallocUsed:      104032 kB
VmallocChunk:          0 kB
Percpu:             7648 kB
CmaTotal:         294912 kB
CmaFree:               0 kB
MemTotal:       12113132 kB
MemFree:         6160160 kB
MemAvailable:    7647188 kB
Buffers:            6384 kB
Cached:          1832684 kB
SwapCached:            0 kB
Active:          1714308 kB
Inactive:        1584584 kB
Active(anon):    1466248 kB
Inactive(anon):    26780 kB
Active(file):     248060 kB
Inactive(file):  1557804 kB
Unevictable:        5532 kB
Mlocked:            5532 kB
SwapTotal:       3145724 kB
SwapFree:        3145724 kB
Dirty:               744 kB
Writeback:             0 kB
AnonPages:       1465368 kB
Mapped:           863008 kB
Shmem:             28724 kB
KReclaimable:     549868 kB
Slab:             221164 kB
SReclaimable:      76424 kB
SUnreclaim:       144740 kB
KernelStack:       46896 kB
PageTables:        63164 kB
NFS_Unstable:          0 kB
Bounce:                0 kB
WritebackTmp:          0 kB
CommitLimit:     9202288 kB
Committed_AS:   66051036 kB
VmallocTotal:   263061440 kB
VmallocUsed:      104048 kB
VmallocChunk:          0 kB
Percpu:             7648 kB
CmaTotal:         294912 kB
CmaFree:               0 kB
MemTotal:       12113132 kB
MemFree:         6163068 kB
MemAvailable:    7650112 kB
Buffers:            6384 kB
Cached:          1832700 kB
SwapCached:            0 kB
Active:          1711024 kB
Inactive:        1584600 kB
Active(anon):    1462964 kB
Inactive(anon):    26780 kB
Active(file):     248060 kB
Inactive(file):  1557820 kB
Unevictable:        5532 kB
Mlocked:            5532 kB
SwapTotal:       3145724 kB
SwapFree:        3145724 kB
Dirty:               772 kB
Writeback:             0 kB
AnonPages:       1462156 kB
Mapped:           863008 kB
Shmem:             28724 kB
KReclaimable:     549868 kB
Slab:             221160 kB
SReclaimable:      76424 kB
SUnreclaim:       144736 kB
KernelStack:       46944 kB
PageTables:        63264 kB
NFS_Unstable:          0 kB
Bounce:                0 kB
WritebackTmp:          0 kB
CommitLimit:     9202288 kB
Committed_AS:   66039908 kB
VmallocTotal:   263061440 kB
VmallocUsed:      104048 kB
VmallocChunk:          0 kB
Percpu:             7648 kB
CmaTotal:         294912 kB
CmaFree:               0 kB
MemTotal:       12113132 kB
MemFree:         6162420 kB
MemAvailable:    7649468 kB
Buffers:            6384 kB
Cached:          1832704 kB
SwapCached:            0 kB
Active:          1710760 kB
Inactive:        1584604 kB
Active(anon):    1462700 kB
Inactive(anon):    26780 kB
Active(file):     248060 kB
Inactive(file):  1557824 kB
Unevictable:        5532 kB
Mlocked:            5532 kB
SwapTotal:       3145724 kB
SwapFree:        3145724 kB
Dirty:               780 kB
Writeback:             0 kB
AnonPages:       1461876 kB
Mapped:           863012 kB
Shmem:             28724 kB
KReclaimable:     549868 kB
Slab:             221160 kB
SReclaimable:      76424 kB
SUnreclaim:       144736 kB
KernelStack:       46944 kB
PageTables:        63256 kB
NFS_Unstable:          0 kB
Bounce:                0 kB
WritebackTmp:          0 kB
CommitLimit:     9202288 kB
Committed_AS:   66055724 kB
VmallocTotal:   263061440 kB
VmallocUsed:      104048 kB
VmallocChunk:          0 kB
Percpu:             7648 kB
CmaTotal:         294912 kB
CmaFree:               0 kB
MemTotal:       12113132 kB
MemFree:         6176900 kB
MemAvailable:    7663968 kB
Buffers:            6384 kB
Cached:          1832724 kB
SwapCached:            0 kB
Active:          1698364 kB
Inactive:        1584624 kB
Active(anon):    1450304 kB
Inactive(anon):    26780 kB
Active(file):     248060 kB
Inactive(file):  1557844 kB
Unevictable:        5532 kB
Mlocked:            5532 kB
SwapTotal:       3145724 kB
SwapFree:        3145724 kB
Dirty:               808 kB
Writeback:             0 kB
AnonPages:       1449736 kB
Mapped:           863008 kB
Shmem:             28724 kB
KReclaimable:     549868 kB
Slab:             221172 kB
SReclaimable:      76424 kB
SUnreclaim:       144748 kB
KernelStack:       46928 kB
PageTables:        63272 kB
NFS_Unstable:          0 kB
Bounce:                0 kB
WritebackTmp:          0 kB
CommitLimit:     9202288 kB
Committed_AS:   66036724 kB
VmallocTotal:   263061440 kB
VmallocUsed:      104016 kB
VmallocChunk:          0 kB
Percpu:             7648 kB
CmaTotal:         294912 kB
CmaFree:               0 kB
MemTotal:       12113132 kB
MemFree:         6171132 kB
MemAvailable:    7658208 kB
Buffers:            6384 kB
Cached:          1832732 kB
SwapCached:            0 kB
Active:          1699856 kB
Inactive:        1584632 kB
Active(anon):    1451796 kB
Inactive(anon):    26780 kB
Active(file):     248060 kB
Inactive(file):  1557852 kB
Unevictable:        5532 kB
Mlocked:            5532 kB
SwapTotal:       3145724 kB
SwapFree:        3145724 kB
Dirty:               852 kB
Writeback:             0 kB
AnonPages:       1450952 kB
Mapped:           863008 kB
Shmem:             28724 kB
KReclaimable:     549868 kB
Slab:             221180 kB
SReclaimable:      76424 kB
SUnreclaim:       144756 kB
KernelStack:       46896 kB
PageTables:        63164 kB
NFS_Unstable:          0 kB
Bounce:                0 kB
WritebackTmp:          0 kB
CommitLimit:     9202288 kB
Committed_AS:   66034908 kB
VmallocTotal:   263061440 kB
VmallocUsed:      104048 kB
VmallocChunk:          0 kB
Percpu:             7648 kB
CmaTotal:         294912 kB
CmaFree:               0 kB
MemTotal:       12113132 kB
MemFree:         6173928 kB
MemAvailable:    7661008 kB
Buffers:            6384 kB
Cached:          1832736 kB
SwapCached:            0 kB
Active:          1699008 kB
Inactive:        1584636 kB
Active(anon):    1450948 kB
Inactive(anon):    26780 kB
Active(file):     248060 kB
Inactive(file):  1557856 kB
Unevictable:        5532 kB
Mlocked:            5532 kB
SwapTotal:       3145724 kB
SwapFree:        3145724 kB
Dirty:               896 kB
Writeback:             0 kB
AnonPages:       1450268 kB
Mapped:           863184 kB
Shmem:             28724 kB
KReclaimable:     549868 kB
Slab:             221176 kB
SReclaimable:      76424 kB
SUnreclaim:       144752 kB
KernelStack:       46928 kB
PageTables:        63252 kB
NFS_Unstable:          0 kB
Bounce:                0 kB
WritebackTmp:          0 kB
CommitLimit:     9202288 kB
Committed_AS:   66051212 kB
VmallocTotal:   263061440 kB
VmallocUsed:      104064 kB
VmallocChunk:          0 kB
Percpu:             7648 kB
CmaTotal:         294912 kB
CmaFree:               0 kB
MemTotal:       12113132 kB
MemFree:         6169848 kB
MemAvailable:    7656964 kB
Buffers:            6388 kB
Cached:          1832768 kB
SwapCached:            0 kB
Active:          1702808 kB
Inactive:        1584668 kB
Active(anon):    1454744 kB
Inactive(anon):    26780 kB
Active(file):     248064 kB
Inactive(file):  1557888 kB
Unevictable:        5532 kB
Mlocked:            5532 kB
SwapTotal:       3145724 kB
SwapFree:        3145724 kB
Dirty:               888 kB
Writeback:             0 kB
AnonPages:       1453720 kB
Mapped:           863008 kB
Shmem:             28724 kB
KReclaimable:     549868 kB
Slab:             221184 kB
SReclaimable:      76424 kB
SUnreclaim:       144760 kB
KernelStack:       46832 kB
PageTables:        63136 kB
NFS_Unstable:          0 kB
Bounce:                0 kB
WritebackTmp:          0 kB
CommitLimit:     9202288 kB
Committed_AS:   66036716 kB
VmallocTotal:   263061440 kB
VmallocUsed:      104016 kB
VmallocChunk:          0 kB
Percpu:             7648 kB
CmaTotal:         294912 kB
CmaFree:               0 kB
MemTotal:       12113132 kB
MemFree:         6153892 kB
MemAvailable:    7641016 kB
Buffers:            6388 kB
Cached:          1832776 kB
SwapCached:            0 kB
Active:          1718252 kB
Inactive:        1584676 kB
Active(anon):    1470188 kB
Inactive(anon):    26780 kB
Active(file):     248064 kB
Inactive(file):  1557896 kB
Unevictable:        5532 kB
Mlocked:            5532 kB
SwapTotal:       3145724 kB
SwapFree:        3145724 kB
Dirty:               908 kB
Writeback:             0 kB
AnonPages:       1469388 kB
Mapped:           863004 kB
Shmem:             28724 kB
KReclaimable:     549868 kB
Slab:             221176 kB
SReclaimable:      76424 kB
SUnreclaim:       144752 kB
KernelStack:       46896 kB
PageTables:        63168 kB
NFS_Unstable:          0 kB
Bounce:                0 kB
WritebackTmp:          0 kB
CommitLimit:     9202288 kB
Committed_AS:   66051380 kB
VmallocTotal:   263061440 kB
VmallocUsed:      104048 kB
