MemTotal:       12113136 kB
MemFree:         6396312 kB
MemAvailable:    8002764 kB
Buffers:            5820 kB
Cached:          1836472 kB
SwapCached:            0 kB
Active:          1488048 kB
Inactive:        1595496 kB
Active(anon):    1247740 kB
Inactive(anon):    24992 kB
Active(file):     240308 kB
Inactive(file):  1570504 kB
Unevictable:        5620 kB
Mlocked:            5620 kB
SwapTotal:       3145724 kB
SwapFree:        3145724 kB
Dirty:               176 kB
Writeback:             0 kB
AnonPages:       1246716 kB
Mapped:           854972 kB
Shmem:             26912 kB
KReclaimable:     664344 kB
Slab:             222072 kB
SReclaimable:      77280 kB
SUnreclaim:       144792 kB
KernelStack:       46128 kB
PageTables:        62148 kB
NFS_Unstable:          0 kB
Bounce:                0 kB
WritebackTmp:          0 kB
CommitLimit:     9202292 kB
Committed_AS:   65807308 kB
VmallocTotal:   263061440 kB
VmallocUsed:      103008 kB
VmallocChunk:          0 kB
Percpu:             7552 kB
CmaTotal:         294912 kB
CmaFree:               0 kB
MemTotal:       12113136 kB
MemFree:         6421340 kB
MemAvailable:    8027916 kB
Buffers:            5824 kB
Cached:          1836560 kB
SwapCached:            0 kB
Active:          1461640 kB
Inactive:        1595552 kB
Active(anon):    1221296 kB
Inactive(anon):    24992 kB
Active(file):     240344 kB
Inactive(file):  1570560 kB
Unevictable:        5620 kB
Mlocked:            5620 kB
SwapTotal:       3145724 kB
SwapFree:        3145724 kB
Dirty:               260 kB
Writeback:             0 kB
AnonPages:       1220636 kB
Mapped:           854972 kB
Shmem:             26912 kB
KReclaimable:     664344 kB
Slab:             222064 kB
SReclaimable:      77280 kB
SUnreclaim:       144784 kB
KernelStack:       46112 kB
PageTables:        62140 kB
NFS_Unstable:          0 kB
Bounce:                0 kB
WritebackTmp:          0 kB
CommitLimit:     9202292 kB
Committed_AS:   65811548 kB
VmallocTotal:   263061440 kB
VmallocUsed:      103056 kB
VmallocChunk:          0 kB
Percpu:             7552 kB
CmaTotal:         294912 kB
CmaFree:             120 kB
MemTotal:       12113136 kB
MemFree:         6431212 kB
MemAvailable:    8037760 kB
Buffers:            5824 kB
Cached:          1836564 kB
SwapCached:            0 kB
Active:          1450652 kB
Inactive:        1595556 kB
Active(anon):    1210308 kB
Inactive(anon):    24992 kB
Active(file):     240344 kB
Inactive(file):  1570564 kB
Unevictable:        5620 kB
Mlocked:            5620 kB
SwapTotal:       3145724 kB
SwapFree:        3145724 kB
Dirty:               264 kB
Writeback:             0 kB
AnonPages:       1209452 kB
Mapped:           854972 kB
Shmem:             26912 kB
KReclaimable:     664344 kB
Slab:             222072 kB
SReclaimable:      77280 kB
SUnreclaim:       144792 kB
KernelStack:       46112 kB
PageTables:        62128 kB
NFS_Unstable:          0 kB
Bounce:                0 kB
WritebackTmp:          0 kB
CommitLimit:     9202292 kB
Committed_AS:   65811320 kB
VmallocTotal:   263061440 kB
VmallocUsed:      103056 kB
VmallocChunk:          0 kB
Percpu:             7552 kB
CmaTotal:         294912 kB
CmaFree:              56 kB
MemTotal:       12113136 kB
MemFree:         6431308 kB
MemAvailable:    8037868 kB
Buffers:            5824 kB
Cached:          1836576 kB
SwapCached:            0 kB
Active:          1452416 kB
Inactive:        1595568 kB
Active(anon):    1212072 kB
Inactive(anon):    24992 kB
Active(file):     240344 kB
Inactive(file):  1570576 kB
Unevictable:        5620 kB
Mlocked:            5620 kB
SwapTotal:       3145724 kB
SwapFree:        3145724 kB
Dirty:               276 kB
Writeback:             0 kB
AnonPages:       1211356 kB
Mapped:           855024 kB
Shmem:             26912 kB
KReclaimable:     664344 kB
Slab:             222064 kB
SReclaimable:      77280 kB
SUnreclaim:       144784 kB
KernelStack:       46112 kB
PageTables:        62140 kB
NFS_Unstable:          0 kB
Bounce:                0 kB
WritebackTmp:          0 kB
CommitLimit:     9202292 kB
Committed_AS:   65813736 kB
VmallocTotal:   263061440 kB
VmallocUsed:      103136 kB
VmallocChunk:          0 kB
Percpu:             7552 kB
CmaTotal:         294912 kB
CmaFree:              36 kB
MemTotal:       12113136 kB
MemFree:         6431016 kB
MemAvailable:    8037592 kB
Buffers:            5824 kB
Cached:          1836592 kB
SwapCached:            0 kB
Active:          1453076 kB
Inactive:        1595584 kB
Active(anon):    1212732 kB
Inactive(anon):    24992 kB
Active(file):     240344 kB
Inactive(file):  1570592 kB
Unevictable:        5620 kB
Mlocked:            5620 kB
SwapTotal:       3145724 kB
SwapFree:        3145724 kB
Dirty:               328 kB
Writeback:             0 kB
AnonPages:       1212032 kB
Mapped:           855024 kB
Shmem:             26912 kB
KReclaimable:     664344 kB
Slab:             222064 kB
SReclaimable:      77280 kB
SUnreclaim:       144784 kB
KernelStack:       46112 kB
PageTables:        62132 kB
NFS_Unstable:          0 kB
Bounce:                0 kB
WritebackTmp:          0 kB
CommitLimit:     9202292 kB
Committed_AS:   65813428 kB
VmallocTotal:   263061440 kB
VmallocUsed:      103152 kB
VmallocChunk:          0 kB
Percpu:             7552 kB
CmaTotal:         294912 kB
CmaFree:               0 kB
MemTotal:       12113136 kB
MemFree:         6430908 kB
MemAvailable:    8037496 kB
Buffers:            5824 kB
Cached:          1836604 kB
SwapCached:            0 kB
Active:          1453208 kB
Inactive:        1595596 kB
Active(anon):    1212864 kB
Inactive(anon):    24992 kB
Active(file):     240344 kB
Inactive(file):  1570604 kB
Unevictable:        5620 kB
Mlocked:            5620 kB
SwapTotal:       3145724 kB
SwapFree:        3145724 kB
Dirty:               356 kB
Writeback:             0 kB
AnonPages:       1212164 kB
Mapped:           855024 kB
Shmem:             26912 kB
KReclaimable:     664344 kB
Slab:             222072 kB
SReclaimable:      77280 kB
SUnreclaim:       144792 kB
KernelStack:       46112 kB
PageTables:        62128 kB
NFS_Unstable:          0 kB
Bounce:                0 kB
WritebackTmp:          0 kB
CommitLimit:     9202292 kB
Committed_AS:   65814552 kB
VmallocTotal:   263061440 kB
VmallocUsed:      103168 kB
VmallocChunk:          0 kB
Percpu:             7552 kB
CmaTotal:         294912 kB
CmaFree:               0 kB
MemTotal:       12113136 kB
MemFree:         6429744 kB
MemAvailable:    8036336 kB
Buffers:            5824 kB
Cached:          1836608 kB
SwapCached:            0 kB
Active:          1453716 kB
Inactive:        1595600 kB
Active(anon):    1213372 kB
Inactive(anon):    24992 kB
Active(file):     240344 kB
Inactive(file):  1570608 kB
Unevictable:        5620 kB
Mlocked:            5620 kB
SwapTotal:       3145724 kB
SwapFree:        3145724 kB
Dirty:               360 kB
Writeback:             0 kB
AnonPages:       1212796 kB
Mapped:           855024 kB
Shmem:             26912 kB
KReclaimable:     664344 kB
Slab:             222064 kB
SReclaimable:      77280 kB
SUnreclaim:       144784 kB
KernelStack:       46112 kB
PageTables:        62128 kB
NFS_Unstable:          0 kB
Bounce:                0 kB
WritebackTmp:          0 kB
CommitLimit:     9202292 kB
Committed_AS:   65813856 kB
VmallocTotal:   263061440 kB
VmallocUsed:      103136 kB
VmallocChunk:          0 kB
Percpu:             7552 kB
CmaTotal:         294912 kB
CmaFree:               0 kB
MemTotal:       12113136 kB
MemFree:         6437192 kB
MemAvailable:    8043796 kB
Buffers:            5824 kB
Cached:          1836620 kB
SwapCached:            0 kB
Active:          1445528 kB
Inactive:        1595612 kB
Active(anon):    1205184 kB
Inactive(anon):    24992 kB
Active(file):     240344 kB
Inactive(file):  1570620 kB
Unevictable:        5620 kB
Mlocked:            5620 kB
SwapTotal:       3145724 kB
SwapFree:        3145724 kB
Dirty:               384 kB
Writeback:             0 kB
AnonPages:       1204436 kB
Mapped:           855024 kB
Shmem:             26912 kB
KReclaimable:     664344 kB
Slab:             222080 kB
SReclaimable:      77280 kB
SUnreclaim:       144800 kB
KernelStack:       46112 kB
PageTables:        62132 kB
NFS_Unstable:          0 kB
Bounce:                0 kB
WritebackTmp:          0 kB
CommitLimit:     9202292 kB
Committed_AS:   65818020 kB
VmallocTotal:   263061440 kB
VmallocUsed:      103136 kB
VmallocChunk:          0 kB
Percpu:             7552 kB
CmaTotal:         294912 kB
CmaFree:               0 kB
MemTotal:       12113136 kB
MemFree:         6437420 kB
MemAvailable:    8044040 kB
Buffers:            5824 kB
Cached:          1836640 kB
SwapCached:            0 kB
Active:          1446044 kB
Inactive:        1595632 kB
Active(anon):    1205700 kB
Inactive(anon):    24996 kB
Active(file):     240344 kB
Inactive(file):  1570636 kB
Unevictable:        5620 kB
Mlocked:            5620 kB
SwapTotal:       3145724 kB
SwapFree:        3145724 kB
Dirty:               404 kB
Writeback:             0 kB
AnonPages:       1204872 kB
Mapped:           855028 kB
Shmem:             26916 kB
KReclaimable:     664344 kB
Slab:             222080 kB
SReclaimable:      77280 kB
SUnreclaim:       144800 kB
KernelStack:       46112 kB
PageTables:        62132 kB
NFS_Unstable:          0 kB
Bounce:                0 kB
WritebackTmp:          0 kB
CommitLimit:     9202292 kB
Committed_AS:   65813204 kB
VmallocTotal:   263061440 kB
VmallocUsed:      103136 kB
VmallocChunk:          0 kB
Percpu:             7552 kB
CmaTotal:         294912 kB
CmaFree:               0 kB
MemTotal:       12113136 kB
MemFree:         6438096 kB
MemAvailable:    8044724 kB
Buffers:            5824 kB
Cached:          1836648 kB
SwapCached:            0 kB
Active:          1447872 kB
Inactive:        1595640 kB
Active(anon):    1207528 kB
Inactive(anon):    24996 kB
Active(file):     240344 kB
Inactive(file):  1570644 kB
Unevictable:        5620 kB
Mlocked:            5620 kB
SwapTotal:       3145724 kB
SwapFree:        3145724 kB
Dirty:               412 kB
Writeback:             0 kB
AnonPages:       1206536 kB
Mapped:           855028 kB
Shmem:             26916 kB
KReclaimable:     664344 kB
Slab:             222064 kB
SReclaimable:      77280 kB
SUnreclaim:       144784 kB
KernelStack:       46112 kB
PageTables:        62136 kB
NFS_Unstable:          0 kB
Bounce:                0 kB
WritebackTmp:          0 kB
CommitLimit:     9202292 kB
Committed_AS:   65812812 kB
VmallocTotal:   263061440 kB
VmallocUsed:      103152 kB
VmallocChunk:          0 kB
Percpu:             7552 kB
CmaTotal:         294912 kB
CmaFree:               0 kB
MemTotal:       12113136 kB
MemFree:         6435796 kB
MemAvailable:    8042444 kB
Buffers:            5824 kB
Cached:          1836668 kB
SwapCached:            0 kB
Active:          1447592 kB
Inactive:        1595660 kB
Active(anon):    1207248 kB
Inactive(anon):    25000 kB
Active(file):     240344 kB
Inactive(file):  1570660 kB
Unevictable:        5620 kB
Mlocked:            5620 kB
SwapTotal:       3145724 kB
SwapFree:        3145724 kB
Dirty:               588 kB
Writeback:             0 kB
AnonPages:       1206488 kB
Mapped:           855032 kB
Shmem:             26920 kB
KReclaimable:     664348 kB
Slab:             222068 kB
SReclaimable:      77284 kB
SUnreclaim:       144784 kB
KernelStack:       46112 kB
PageTables:        62136 kB
NFS_Unstable:          0 kB
Bounce:                0 kB
WritebackTmp:          0 kB
CommitLimit:     9202292 kB
Committed_AS:   65817172 kB
VmallocTotal:   263061440 kB
VmallocUsed:      103136 kB
VmallocChunk:          0 kB
Percpu:             7552 kB
CmaTotal:         294912 kB
CmaFree:               0 kB
MemTotal:       12113136 kB
MemFree:         6435044 kB
MemAvailable:    8041700 kB
Buffers:            5824 kB
Cached:          1836676 kB
SwapCached:            0 kB
Active:          1448008 kB
Inactive:        1595668 kB
Active(anon):    1207664 kB
Inactive(anon):    25000 kB
Active(file):     240344 kB
Inactive(file):  1570668 kB
Unevictable:        5620 kB
Mlocked:            5620 kB
SwapTotal:       3145724 kB
SwapFree:        3145724 kB
Dirty:               620 kB
Writeback:             0 kB
AnonPages:       1206628 kB
Mapped:           855032 kB
Shmem:             26920 kB
KReclaimable:     664348 kB
Slab:             222076 kB
SReclaimable:      77284 kB
SUnreclaim:       144792 kB
KernelStack:       46112 kB
PageTables:        62132 kB
NFS_Unstable:          0 kB
Bounce:                0 kB
WritebackTmp:          0 kB
CommitLimit:     9202292 kB
Committed_AS:   65814688 kB
VmallocTotal:   263061440 kB
VmallocUsed:      103136 kB
VmallocChunk:          0 kB
Percpu:             7552 kB
CmaTotal:         294912 kB
CmaFree:               0 kB
MemTotal:       12113136 kB
MemFree:         6434724 kB
MemAvailable:    8041396 kB
Buffers:            5824 kB
Cached:          1836692 kB
SwapCached:            0 kB
Active:          1448588 kB
Inactive:        1595684 kB
Active(anon):    1208244 kB
Inactive(anon):    25000 kB
Active(file):     240344 kB
Inactive(file):  1570684 kB
Unevictable:        5620 kB
Mlocked:            5620 kB
SwapTotal:       3145724 kB
SwapFree:        3145724 kB
Dirty:               636 kB
Writeback:             0 kB
AnonPages:       1207496 kB
Mapped:           855032 kB
Shmem:             26920 kB
KReclaimable:     664348 kB
Slab:             222052 kB
SReclaimable:      77284 kB
SUnreclaim:       144768 kB
KernelStack:       46112 kB
PageTables:        62140 kB
NFS_Unstable:          0 kB
Bounce:                0 kB
WritebackTmp:          0 kB
CommitLimit:     9202292 kB
Committed_AS:   65808900 kB
VmallocTotal:   263061440 kB
VmallocUsed:      103120 kB
VmallocChunk:          0 kB
Percpu:             7552 kB
CmaTotal:         294912 kB
CmaFree:               0 kB
MemTotal:       12113136 kB
MemFree:         6433572 kB
MemAvailable:    8040256 kB
Buffers:            5824 kB
Cached:          1836704 kB
SwapCached:            0 kB
Active:          1449784 kB
Inactive:        1595696 kB
Active(anon):    1209440 kB
Inactive(anon):    25000 kB
Active(file):     240344 kB
Inactive(file):  1570696 kB
Unevictable:        5620 kB
Mlocked:            5620 kB
SwapTotal:       3145724 kB
SwapFree:        3145724 kB
Dirty:               660 kB
Writeback:             0 kB
AnonPages:       1208656 kB
Mapped:           855032 kB
Shmem:             26920 kB
KReclaimable:     664348 kB
Slab:             222084 kB
SReclaimable:      77284 kB
SUnreclaim:       144800 kB
KernelStack:       46112 kB
PageTables:        62128 kB
NFS_Unstable:          0 kB
Bounce:                0 kB
WritebackTmp:          0 kB
CommitLimit:     9202292 kB
Committed_AS:   65818680 kB
VmallocTotal:   263061440 kB
VmallocUsed:      103184 kB
VmallocChunk:          0 kB
Percpu:             7552 kB
CmaTotal:         294912 kB
CmaFree:               0 kB
MemTotal:       12113136 kB
MemFree:         6432896 kB
MemAvailable:    8039592 kB
Buffers:            5824 kB
Cached:          1836716 kB
SwapCached:            0 kB
Active:          1450408 kB
Inactive:        1595708 kB
Active(anon):    1210064 kB
Inactive(anon):    25000 kB
Active(file):     240344 kB
Inactive(file):  1570708 kB
Unevictable:        5620 kB
Mlocked:            5620 kB
SwapTotal:       3145724 kB
SwapFree:        3145724 kB
Dirty:               672 kB
Writeback:             0 kB
AnonPages:       1209132 kB
Mapped:           855032 kB
Shmem:             26920 kB
KReclaimable:     664348 kB
Slab:             222068 kB
SReclaimable:      77284 kB
SUnreclaim:       144784 kB
KernelStack:       46096 kB
PageTables:        62080 kB
NFS_Unstable:          0 kB
Bounce:                0 kB
WritebackTmp:          0 kB
CommitLimit:     9202292 kB
Committed_AS:   65813064 kB
VmallocTotal:   263061440 kB
VmallocUsed:      103168 kB
VmallocChunk:          0 kB
Percpu:             7552 kB
CmaTotal:         294912 kB
CmaFree:               0 kB
MemTotal:       12113136 kB
MemFree:         6432368 kB
MemAvailable:    8039076 kB
Buffers:            5824 kB
Cached:          1836736 kB
SwapCached:            0 kB
Active:          1451060 kB
Inactive:        1595732 kB
Active(anon):    1210720 kB
Inactive(anon):    25008 kB
Active(file):     240340 kB
Inactive(file):  1570724 kB
Unevictable:        5620 kB
Mlocked:            5620 kB
SwapTotal:       3145724 kB
SwapFree:        3145724 kB
Dirty:               684 kB
Writeback:             0 kB
AnonPages:       1209904 kB
Mapped:           855040 kB
Shmem:             26928 kB
KReclaimable:     664348 kB
Slab:             222092 kB
SReclaimable:      77284 kB
SUnreclaim:       144808 kB
KernelStack:       46112 kB
PageTables:        62128 kB
NFS_Unstable:          0 kB
Bounce:                0 kB
WritebackTmp:          0 kB
CommitLimit:     9202292 kB
Committed_AS:   65814796 kB
VmallocTotal:   263061440 kB
VmallocUsed:      103152 kB
VmallocChunk:          0 kB
Percpu:             7552 kB
CmaTotal:         294912 kB
CmaFree:               0 kB
MemTotal:       12113136 kB
MemFree:         6432132 kB
MemAvailable:    8038856 kB
Buffers:            5824 kB
Cached:          1836752 kB
SwapCached:            0 kB
Active:          1452292 kB
Inactive:        1595744 kB
Active(anon):    1211948 kB
Inactive(anon):    25008 kB
Active(file):     240344 kB
Inactive(file):  1570736 kB
Unevictable:        5620 kB
Mlocked:            5620 kB
SwapTotal:       3145724 kB
SwapFree:        3145724 kB
Dirty:               712 kB
Writeback:             0 kB
AnonPages:       1211168 kB
Mapped:           855040 kB
Shmem:             26928 kB
KReclaimable:     664348 kB
Slab:             222084 kB
SReclaimable:      77284 kB
SUnreclaim:       144800 kB
KernelStack:       46176 kB
PageTables:        62068 kB
NFS_Unstable:          0 kB
Bounce:                0 kB
WritebackTmp:          0 kB
CommitLimit:     9202292 kB
Committed_AS:   65808728 kB
VmallocTotal:   263061440 kB
VmallocUsed:      103136 kB
VmallocChunk:          0 kB
Percpu:             7552 kB
CmaTotal:         294912 kB
CmaFree:               0 kB
MemTotal:       12113136 kB
MemFree:         6430196 kB
MemAvailable:    8036948 kB
Buffers:            5828 kB
Cached:          1836776 kB
SwapCached:            0 kB
Active:          1452972 kB
Inactive:        1595768 kB
Active(anon):    1212624 kB
Inactive(anon):    25008 kB
Active(file):     240348 kB
Inactive(file):  1570760 kB
Unevictable:        5620 kB
Mlocked:            5620 kB
SwapTotal:       3145724 kB
SwapFree:        3145724 kB
Dirty:               428 kB
Writeback:           260 kB
AnonPages:       1211844 kB
Mapped:           855040 kB
Shmem:             26928 kB
KReclaimable:     664348 kB
Slab:             222068 kB
SReclaimable:      77284 kB
SUnreclaim:       144784 kB
KernelStack:       46192 kB
PageTables:        62140 kB
NFS_Unstable:          0 kB
Bounce:                0 kB
WritebackTmp:          0 kB
CommitLimit:     9202292 kB
Committed_AS:   65817204 kB
VmallocTotal:   263061440 kB
VmallocUsed:      103200 kB
VmallocChunk:          0 kB
Percpu:             7552 kB
CmaTotal:         294912 kB
CmaFree:               0 kB
MemTotal:       12113136 kB
MemFree:         6430268 kB
MemAvailable:    8037032 kB
Buffers:            5828 kB
Cached:          1836796 kB
SwapCached:            0 kB
Active:          1453708 kB
Inactive:        1595788 kB
Active(anon):    1213360 kB
Inactive(anon):    25016 kB
Active(file):     240348 kB
Inactive(file):  1570772 kB
Unevictable:        5620 kB
Mlocked:            5620 kB
SwapTotal:       3145724 kB
SwapFree:        3145724 kB
Dirty:               260 kB
Writeback:             0 kB
AnonPages:       1212584 kB
Mapped:           855048 kB
Shmem:             26936 kB
KReclaimable:     664348 kB
Slab:             222072 kB
SReclaimable:      77284 kB
SUnreclaim:       144788 kB
KernelStack:       46192 kB
PageTables:        62140 kB
NFS_Unstable:          0 kB
Bounce:                0 kB
WritebackTmp:          0 kB
CommitLimit:     9202292 kB
Committed_AS:   65818644 kB
VmallocTotal:   263061440 kB
VmallocUsed:      103200 kB
VmallocChunk:          0 kB
Percpu:             7552 kB
CmaTotal:         294912 kB
CmaFree:               0 kB
MemTotal:       12113136 kB
MemFree:         6429016 kB
MemAvailable:    8035792 kB
Buffers:            5828 kB
Cached:          1836808 kB
SwapCached:            0 kB
Active:          1454772 kB
Inactive:        1595800 kB
Active(anon):    1214424 kB
Inactive(anon):    25016 kB
Active(file):     240348 kB
Inactive(file):  1570784 kB
Unevictable:        5620 kB
Mlocked:            5620 kB
SwapTotal:       3145724 kB
SwapFree:        3145724 kB
Dirty:               312 kB
Writeback:             0 kB
AnonPages:       1213632 kB
Mapped:           855048 kB
Shmem:             26936 kB
KReclaimable:     664348 kB
Slab:             222056 kB
SReclaimable:      77284 kB
SUnreclaim:       144772 kB
KernelStack:       46192 kB
PageTables:        62136 kB
NFS_Unstable:          0 kB
Bounce:                0 kB
WritebackTmp:          0 kB
CommitLimit:     9202292 kB
Committed_AS:   65818252 kB
VmallocTotal:   263061440 kB
VmallocUsed:      103232 kB
VmallocChunk:          0 kB
Percpu:             7552 kB
CmaTotal:         294912 kB
CmaFree:               0 kB
MemTotal:       12113136 kB
MemFree:         6428504 kB
MemAvailable:    8035292 kB
Buffers:            5828 kB
Cached:          1836820 kB
SwapCached:            0 kB
Active:          1455476 kB
Inactive:        1595812 kB
Active(anon):    1215128 kB
Inactive(anon):    25016 kB
Active(file):     240348 kB
Inactive(file):  1570796 kB
Unevictable:        5620 kB
Mlocked:            5620 kB
SwapTotal:       3145724 kB
SwapFree:        3145724 kB
Dirty:               328 kB
Writeback:             0 kB
AnonPages:       1214080 kB
Mapped:           855048 kB
Shmem:             26936 kB
KReclaimable:     664348 kB
Slab:             222072 kB
SReclaimable:      77284 kB
SUnreclaim:       144788 kB
KernelStack:       46192 kB
PageTables:        62156 kB
NFS_Unstable:          0 kB
Bounce:                0 kB
WritebackTmp:          0 kB
CommitLimit:     9202292 kB
Committed_AS:   65813404 kB
VmallocTotal:   263061440 kB
VmallocUsed:      103232 kB
VmallocChunk:          0 kB
Percpu:             7552 kB
CmaTotal:         294912 kB
CmaFree:               0 kB
MemTotal:       12113136 kB
MemFree:         6427804 kB
MemAvailable:    8034604 kB
Buffers:            5828 kB
Cached:          1836832 kB
SwapCached:            0 kB
Active:          1456244 kB
Inactive:        1595824 kB
Active(anon):    1215896 kB
Inactive(anon):    25016 kB
Active(file):     240348 kB
Inactive(file):  1570808 kB
Unevictable:        5620 kB
Mlocked:            5620 kB
SwapTotal:       3145724 kB
SwapFree:        3145724 kB
Dirty:               340 kB
Writeback:             0 kB
AnonPages:       1214560 kB
Mapped:           855048 kB
Shmem:             26936 kB
KReclaimable:     664348 kB
Slab:             222072 kB
SReclaimable:      77284 kB
SUnreclaim:       144788 kB
KernelStack:       46208 kB
PageTables:        62272 kB
NFS_Unstable:          0 kB
Bounce:                0 kB
WritebackTmp:          0 kB
CommitLimit:     9202292 kB
Committed_AS:   65812848 kB
VmallocTotal:   263061440 kB
VmallocUsed:      103232 kB
VmallocChunk:          0 kB
Percpu:             7552 kB
CmaTotal:         294912 kB
CmaFree:               0 kB
MemTotal:       12113136 kB
MemFree:         6427620 kB
MemAvailable:    8034432 kB
Buffers:            5828 kB
Cached:          1836844 kB
SwapCached:            0 kB
Active:          1456912 kB
Inactive:        1595836 kB
Active(anon):    1216564 kB
Inactive(anon):    25016 kB
Active(file):     240348 kB
Inactive(file):  1570820 kB
Unevictable:        5620 kB
Mlocked:            5620 kB
SwapTotal:       3145724 kB
SwapFree:        3145724 kB
Dirty:               364 kB
Writeback:             0 kB
AnonPages:       1215800 kB
Mapped:           855048 kB
Shmem:             26936 kB
KReclaimable:     664348 kB
Slab:             222080 kB
SReclaimable:      77284 kB
SUnreclaim:       144796 kB
KernelStack:       46192 kB
PageTables:        62148 kB
NFS_Unstable:          0 kB
Bounce:                0 kB
WritebackTmp:          0 kB
CommitLimit:     9202292 kB
Committed_AS:   65818024 kB
VmallocTotal:   263061440 kB
VmallocUsed:      103216 kB
VmallocChunk:          0 kB
Percpu:             7552 kB
CmaTotal:         294912 kB
CmaFree:               0 kB
MemTotal:       12113136 kB
MemFree:         6426508 kB
MemAvailable:    8033332 kB
Buffers:            5828 kB
Cached:          1836856 kB
SwapCached:            0 kB
Active:          1456840 kB
Inactive:        1595848 kB
Active(anon):    1216492 kB
Inactive(anon):    25016 kB
Active(file):     240348 kB
Inactive(file):  1570832 kB
Unevictable:        5620 kB
Mlocked:            5620 kB
SwapTotal:       3145724 kB
SwapFree:        3145724 kB
Dirty:               376 kB
Writeback:             0 kB
AnonPages:       1215776 kB
Mapped:           855048 kB
Shmem:             26936 kB
KReclaimable:     664348 kB
Slab:             222072 kB
SReclaimable:      77284 kB
SUnreclaim:       144788 kB
KernelStack:       46192 kB
PageTables:        62144 kB
NFS_Unstable:          0 kB
Bounce:                0 kB
WritebackTmp:          0 kB
CommitLimit:     9202292 kB
Committed_AS:   65819176 kB
VmallocTotal:   263061440 kB
VmallocUsed:      103216 kB
VmallocChunk:          0 kB
Percpu:             7552 kB
CmaTotal:         294912 kB
CmaFree:               8 kB
MemTotal:       12113136 kB
MemFree:         6426044 kB
MemAvailable:    8032876 kB
Buffers:            5828 kB
Cached:          1836864 kB
SwapCached:            0 kB
Active:          1457460 kB
Inactive:        1595856 kB
Active(anon):    1217112 kB
Inactive(anon):    25016 kB
Active(file):     240348 kB
Inactive(file):  1570840 kB
Unevictable:        5620 kB
Mlocked:            5620 kB
SwapTotal:       3145724 kB
SwapFree:        3145724 kB
Dirty:               388 kB
Writeback:             0 kB
AnonPages:       1216144 kB
Mapped:           855048 kB
Shmem:             26936 kB
KReclaimable:     664348 kB
Slab:             222080 kB
SReclaimable:      77284 kB
SUnreclaim:       144796 kB
KernelStack:       46208 kB
PageTables:        62280 kB
NFS_Unstable:          0 kB
Bounce:                0 kB
WritebackTmp:          0 kB
CommitLimit:     9202292 kB
Committed_AS:   65813448 kB
VmallocTotal:   263061440 kB
VmallocUsed:      103216 kB
VmallocChunk:          0 kB
Percpu:             7552 kB
CmaTotal:         294912 kB
CmaFree:               0 kB
MemTotal:       12113136 kB
MemFree:         6424580 kB
MemAvailable:    8031428 kB
Buffers:            5828 kB
Cached:          1836880 kB
SwapCached:            0 kB
Active:          1457664 kB
Inactive:        1595872 kB
Active(anon):    1217316 kB
Inactive(anon):    25016 kB
Active(file):     240348 kB
Inactive(file):  1570856 kB
Unevictable:        5620 kB
Mlocked:            5620 kB
SwapTotal:       3145724 kB
SwapFree:        3145724 kB
Dirty:               420 kB
Writeback:             0 kB
AnonPages:       1216512 kB
Mapped:           855048 kB
Shmem:             26936 kB
KReclaimable:     664348 kB
Slab:             222072 kB
SReclaimable:      77284 kB
SUnreclaim:       144788 kB
KernelStack:       46192 kB
PageTables:        62140 kB
NFS_Unstable:          0 kB
Bounce:                0 kB
WritebackTmp:          0 kB
CommitLimit:     9202292 kB
Committed_AS:   65813916 kB
VmallocTotal:   263061440 kB
VmallocUsed:      103216 kB
VmallocChunk:          0 kB
Percpu:             7552 kB
CmaTotal:         294912 kB
CmaFree:               0 kB
MemTotal:       12113136 kB
MemFree:         6399644 kB
MemAvailable:    8006496 kB
Buffers:            5828 kB
Cached:          1836884 kB
SwapCached:            0 kB
Active:          1485616 kB
Inactive:        1595876 kB
Active(anon):    1245268 kB
Inactive(anon):    25016 kB
Active(file):     240348 kB
Inactive(file):  1570860 kB
Unevictable:        5620 kB
Mlocked:            5620 kB
SwapTotal:       3145724 kB
SwapFree:        3145724 kB
Dirty:               460 kB
Writeback:             0 kB
AnonPages:       1244440 kB
Mapped:           855048 kB
Shmem:             26936 kB
KReclaimable:     664348 kB
Slab:             222072 kB
SReclaimable:      77284 kB
SUnreclaim:       144788 kB
KernelStack:       46192 kB
PageTables:        62144 kB
NFS_Unstable:          0 kB
Bounce:                0 kB
WritebackTmp:          0 kB
CommitLimit:     9202292 kB
Committed_AS:   65818868 kB
VmallocTotal:   263061440 kB
VmallocUsed:      103200 kB
VmallocChunk:          0 kB
Percpu:             7552 kB
CmaTotal:         294912 kB
CmaFree:               0 kB
MemTotal:       12113136 kB
MemFree:         6408472 kB
MemAvailable:    8015344 kB
Buffers:            5828 kB
Cached:          1836904 kB
SwapCached:            0 kB
Active:          1474344 kB
Inactive:        1595896 kB
Active(anon):    1233996 kB
Inactive(anon):    25016 kB
Active(file):     240348 kB
Inactive(file):  1570880 kB
Unevictable:        5620 kB
Mlocked:            5620 kB
SwapTotal:       3145724 kB
SwapFree:        3145724 kB
Dirty:               484 kB
Writeback:             0 kB
AnonPages:       1233152 kB
Mapped:           855048 kB
Shmem:             26936 kB
KReclaimable:     664348 kB
Slab:             222080 kB
SReclaimable:      77284 kB
SUnreclaim:       144796 kB
KernelStack:       46192 kB
PageTables:        62140 kB
NFS_Unstable:          0 kB
Bounce:                0 kB
WritebackTmp:          0 kB
CommitLimit:     9202292 kB
Committed_AS:   65819136 kB
VmallocTotal:   263061440 kB
VmallocUsed:      103184 kB
VmallocChunk:          0 kB
Percpu:             7552 kB
CmaTotal:         294912 kB
CmaFree:               0 kB
MemTotal:       12113136 kB
MemFree:         6406564 kB
MemAvailable:    8013448 kB
Buffers:            5828 kB
Cached:          1836916 kB
SwapCached:            0 kB
Active:          1475380 kB
Inactive:        1595908 kB
Active(anon):    1235032 kB
Inactive(anon):    25016 kB
Active(file):     240348 kB
Inactive(file):  1570892 kB
Unevictable:        5620 kB
Mlocked:            5620 kB
SwapTotal:       3145724 kB
SwapFree:        3145724 kB
Dirty:               248 kB
Writeback:             0 kB
AnonPages:       1234332 kB
Mapped:           855048 kB
Shmem:             26936 kB
KReclaimable:     664348 kB
Slab:             222072 kB
SReclaimable:      77284 kB
SUnreclaim:       144788 kB
KernelStack:       46192 kB
PageTables:        62144 kB
NFS_Unstable:          0 kB
Bounce:                0 kB
WritebackTmp:          0 kB
CommitLimit:     9202292 kB
Committed_AS:   65808312 kB
VmallocTotal:   263061440 kB
VmallocUsed:      103200 kB
VmallocChunk:          0 kB
Percpu:             7552 kB
CmaTotal:         294912 kB
CmaFree:               0 kB
MemTotal:       12113136 kB
MemFree:         6405408 kB
MemAvailable:    8012296 kB
Buffers:            5828 kB
Cached:          1839988 kB
SwapCached:            0 kB
Active:          1475916 kB
Inactive:        1598980 kB
Active(anon):    1235568 kB
Inactive(anon):    28084 kB
Active(file):     240348 kB
Inactive(file):  1570896 kB
Unevictable:        5620 kB
Mlocked:            5620 kB
SwapTotal:       3145724 kB
SwapFree:        3145724 kB
Dirty:               304 kB
Writeback:             0 kB
AnonPages:       1234900 kB
Mapped:           858116 kB
Shmem:             30004 kB
KReclaimable:     664348 kB
Slab:             222064 kB
SReclaimable:      77284 kB
SUnreclaim:       144780 kB
KernelStack:       46192 kB
PageTables:        62188 kB
NFS_Unstable:          0 kB
Bounce:                0 kB
WritebackTmp:          0 kB
CommitLimit:     9202292 kB
Committed_AS:   65820200 kB
VmallocTotal:   263061440 kB
VmallocUsed:      103216 kB
VmallocChunk:          0 kB
Percpu:             7552 kB
CmaTotal:         294912 kB
CmaFree:             132 kB
MemTotal:       12113136 kB
MemFree:         6407564 kB
MemAvailable:    8014468 kB
Buffers:            5828 kB
Cached:          1836936 kB
SwapCached:            0 kB
Active:          1476272 kB
Inactive:        1595928 kB
Active(anon):    1235924 kB
Inactive(anon):    25016 kB
Active(file):     240348 kB
Inactive(file):  1570912 kB
Unevictable:        5620 kB
Mlocked:            5620 kB
SwapTotal:       3145724 kB
SwapFree:        3145724 kB
Dirty:               376 kB
Writeback:             0 kB
AnonPages:       1234980 kB
Mapped:           855048 kB
Shmem:             26936 kB
KReclaimable:     664348 kB
Slab:             222096 kB
SReclaimable:      77284 kB
SUnreclaim:       144812 kB
KernelStack:       46192 kB
PageTables:        62144 kB
NFS_Unstable:          0 kB
Bounce:                0 kB
WritebackTmp:          0 kB
CommitLimit:     9202292 kB
Committed_AS:   65819240 kB
VmallocTotal:   263061440 kB
VmallocUsed:      103216 kB
VmallocChunk:          0 kB
Percpu:             7552 kB
CmaTotal:         294912 kB
CmaFree:               0 kB
MemTotal:       12113136 kB
MemFree:         6406464 kB
MemAvailable:    8013380 kB
Buffers:            5828 kB
Cached:          1836948 kB
SwapCached:            0 kB
Active:          1477140 kB
Inactive:        1595940 kB
Active(anon):    1236792 kB
Inactive(anon):    25016 kB
Active(file):     240348 kB
Inactive(file):  1570924 kB
Unevictable:        5620 kB
Mlocked:            5620 kB
SwapTotal:       3145724 kB
SwapFree:        3145724 kB
Dirty:               400 kB
Writeback:             0 kB
AnonPages:       1236096 kB
Mapped:           855048 kB
Shmem:             26936 kB
KReclaimable:     664348 kB
Slab:             222080 kB
SReclaimable:      77284 kB
SUnreclaim:       144796 kB
KernelStack:       46192 kB
PageTables:        62148 kB
NFS_Unstable:          0 kB
Bounce:                0 kB
WritebackTmp:          0 kB
CommitLimit:     9202292 kB
Committed_AS:   65818888 kB
VmallocTotal:   263061440 kB
VmallocUsed:      103232 kB
VmallocChunk:          0 kB
Percpu:             7552 kB
CmaTotal:         294912 kB
CmaFree:               0 kB
MemTotal:       12113136 kB
MemFree:         6405992 kB
MemAvailable:    8012956 kB
Buffers:            5832 kB
Cached:          1836992 kB
SwapCached:            0 kB
Active:          1477440 kB
Inactive:        1595980 kB
Active(anon):    1237084 kB
Inactive(anon):    25016 kB
Active(file):     240356 kB
Inactive(file):  1570964 kB
Unevictable:        5620 kB
Mlocked:            5620 kB
SwapTotal:       3145724 kB
SwapFree:        3145724 kB
Dirty:               420 kB
Writeback:             4 kB
AnonPages:       1236464 kB
Mapped:           855048 kB
Shmem:             26936 kB
KReclaimable:     664348 kB
Slab:             222064 kB
SReclaimable:      77284 kB
SUnreclaim:       144780 kB
KernelStack:       46192 kB
PageTables:        62144 kB
NFS_Unstable:          0 kB
Bounce:                0 kB
WritebackTmp:          0 kB
CommitLimit:     9202292 kB
Committed_AS:   65814692 kB
VmallocTotal:   263061440 kB
VmallocUsed:      103216 kB
VmallocChunk:          0 kB
Percpu:             7552 kB
CmaTotal:         294912 kB
CmaFree:               0 kB
MemTotal:       12113136 kB
MemFree:         6422500 kB
MemAvailable:    8029460 kB
Buffers:            5832 kB
Cached:          1836988 kB
SwapCached:            0 kB
Active:          1459840 kB
Inactive:        1595980 kB
Active(anon):    1219488 kB
Inactive(anon):    25016 kB
Active(file):     240352 kB
Inactive(file):  1570964 kB
Unevictable:        5620 kB
Mlocked:            5620 kB
SwapTotal:       3145724 kB
SwapFree:        3145724 kB
Dirty:               224 kB
Writeback:             0 kB
AnonPages:       1218868 kB
Mapped:           855048 kB
Shmem:             26936 kB
KReclaimable:     664348 kB
Slab:             222072 kB
SReclaimable:      77284 kB
SUnreclaim:       144788 kB
KernelStack:       46192 kB
PageTables:        62140 kB
NFS_Unstable:          0 kB
Bounce:                0 kB
WritebackTmp:          0 kB
CommitLimit:     9202292 kB
Committed_AS:   65814692 kB
VmallocTotal:   263061440 kB
VmallocUsed:      103232 kB
VmallocChunk:          0 kB
Percpu:             7552 kB
CmaTotal:         294912 kB
CmaFree:              40 kB
MemTotal:       12113136 kB
MemFree:         6421752 kB
MemAvailable:    8028728 kB
Buffers:            5832 kB
Cached:          1837008 kB
SwapCached:            0 kB
Active:          1460556 kB
Inactive:        1596000 kB
Active(anon):    1220204 kB
Inactive(anon):    25020 kB
Active(file):     240352 kB
Inactive(file):  1570980 kB
Unevictable:        5620 kB
Mlocked:            5620 kB
SwapTotal:       3145724 kB
SwapFree:        3145724 kB
Dirty:               316 kB
Writeback:             0 kB
AnonPages:       1219404 kB
Mapped:           855052 kB
Shmem:             26940 kB
KReclaimable:     664348 kB
Slab:             222080 kB
SReclaimable:      77284 kB
SUnreclaim:       144796 kB
KernelStack:       46192 kB
PageTables:        62136 kB
NFS_Unstable:          0 kB
Bounce:                0 kB
WritebackTmp:          0 kB
CommitLimit:     9202292 kB
Committed_AS:   65814560 kB
VmallocTotal:   263061440 kB
VmallocUsed:      103216 kB
VmallocChunk:          0 kB
Percpu:             7552 kB
CmaTotal:         294912 kB
CmaFree:               0 kB
MemTotal:       12113136 kB
MemFree:         6422060 kB
MemAvailable:    8029048 kB
Buffers:            5832 kB
Cached:          1837020 kB
SwapCached:            0 kB
Active:          1461264 kB
Inactive:        1596012 kB
Active(anon):    1220912 kB
Inactive(anon):    25020 kB
Active(file):     240352 kB
Inactive(file):  1570992 kB
Unevictable:        5620 kB
Mlocked:            5620 kB
SwapTotal:       3145724 kB
SwapFree:        3145724 kB
Dirty:               328 kB
Writeback:             0 kB
AnonPages:       1220088 kB
Mapped:           855052 kB
Shmem:             26940 kB
KReclaimable:     664348 kB
Slab:             222064 kB
SReclaimable:      77284 kB
SUnreclaim:       144780 kB
KernelStack:       46192 kB
PageTables:        62148 kB
NFS_Unstable:          0 kB
Bounce:                0 kB
WritebackTmp:          0 kB
CommitLimit:     9202292 kB
Committed_AS:   65814124 kB
VmallocTotal:   263061440 kB
VmallocUsed:      103232 kB
VmallocChunk:          0 kB
Percpu:             7552 kB
CmaTotal:         294912 kB
CmaFree:               0 kB
MemTotal:       12113136 kB
MemFree:         6421900 kB
MemAvailable:    8028896 kB
Buffers:            5832 kB
Cached:          1837028 kB
SwapCached:            0 kB
Active:          1461892 kB
Inactive:        1596020 kB
Active(anon):    1221540 kB
Inactive(anon):    25020 kB
Active(file):     240352 kB
Inactive(file):  1571000 kB
Unevictable:        5620 kB
Mlocked:            5620 kB
SwapTotal:       3145724 kB
SwapFree:        3145724 kB
Dirty:               344 kB
Writeback:             0 kB
AnonPages:       1220720 kB
Mapped:           855052 kB
Shmem:             26940 kB
KReclaimable:     664348 kB
Slab:             222096 kB
SReclaimable:      77284 kB
SUnreclaim:       144812 kB
KernelStack:       46192 kB
PageTables:        62140 kB
NFS_Unstable:          0 kB
Bounce:                0 kB
WritebackTmp:          0 kB
CommitLimit:     9202292 kB
Committed_AS:   65818976 kB
VmallocTotal:   263061440 kB
VmallocUsed:      103216 kB
VmallocChunk:          0 kB
Percpu:             7552 kB
CmaTotal:         294912 kB
CmaFree:               0 kB
MemTotal:       12113136 kB
MemFree:         6420564 kB
MemAvailable:    8027568 kB
Buffers:            5832 kB
Cached:          1837036 kB
SwapCached:            0 kB
Active:          1462672 kB
Inactive:        1596028 kB
Active(anon):    1222320 kB
Inactive(anon):    25020 kB
Active(file):     240352 kB
Inactive(file):  1571008 kB
Unevictable:        5620 kB
Mlocked:            5620 kB
SwapTotal:       3145724 kB
SwapFree:        3145724 kB
Dirty:               352 kB
Writeback:             0 kB
AnonPages:       1221608 kB
Mapped:           855052 kB
Shmem:             26940 kB
KReclaimable:     664348 kB
Slab:             222072 kB
SReclaimable:      77284 kB
SUnreclaim:       144788 kB
KernelStack:       46192 kB
PageTables:        62148 kB
NFS_Unstable:          0 kB
Bounce:                0 kB
WritebackTmp:          0 kB
CommitLimit:     9202292 kB
Committed_AS:   65818696 kB
VmallocTotal:   263061440 kB
VmallocUsed:      103248 kB
VmallocChunk:          0 kB
Percpu:             7552 kB
CmaTotal:         294912 kB
CmaFree:               0 kB
MemTotal:       12113136 kB
MemFree:         6421224 kB
MemAvailable:    8028244 kB
Buffers:            5832 kB
Cached:          1837056 kB
SwapCached:            0 kB
Active:          1462696 kB
Inactive:        1596048 kB
Active(anon):    1222344 kB
Inactive(anon):    25024 kB
Active(file):     240352 kB
Inactive(file):  1571024 kB
Unevictable:        5620 kB
Mlocked:            5620 kB
SwapTotal:       3145724 kB
SwapFree:        3145724 kB
Dirty:               220 kB
Writeback:             0 kB
AnonPages:       1221572 kB
Mapped:           855056 kB
Shmem:             26944 kB
KReclaimable:     664348 kB
Slab:             222088 kB
SReclaimable:      77284 kB
SUnreclaim:       144804 kB
KernelStack:       46192 kB
PageTables:        62148 kB
NFS_Unstable:          0 kB
Bounce:                0 kB
WritebackTmp:          0 kB
CommitLimit:     9202292 kB
Committed_AS:   65814392 kB
VmallocTotal:   263061440 kB
VmallocUsed:      103248 kB
VmallocChunk:          0 kB
Percpu:             7552 kB
CmaTotal:         294912 kB
CmaFree:               0 kB
MemTotal:       12113136 kB
MemFree:         6427556 kB
MemAvailable:    8034584 kB
Buffers:            5832 kB
Cached:          1837064 kB
SwapCached:            0 kB
Active:          1453924 kB
Inactive:        1596056 kB
Active(anon):    1213572 kB
Inactive(anon):    25024 kB
Active(file):     240352 kB
Inactive(file):  1571032 kB
Unevictable:        5620 kB
Mlocked:            5620 kB
SwapTotal:       3145724 kB
SwapFree:        3145724 kB
Dirty:               268 kB
Writeback:             0 kB
AnonPages:       1212688 kB
Mapped:           855056 kB
Shmem:             26944 kB
KReclaimable:     664348 kB
Slab:             222080 kB
SReclaimable:      77284 kB
SUnreclaim:       144796 kB
KernelStack:       46192 kB
PageTables:        62140 kB
NFS_Unstable:          0 kB
Bounce:                0 kB
WritebackTmp:          0 kB
CommitLimit:     9202292 kB
Committed_AS:   65819328 kB
VmallocTotal:   263061440 kB
VmallocUsed:      103216 kB
VmallocChunk:          0 kB
Percpu:             7552 kB
CmaTotal:         294912 kB
CmaFree:               0 kB
MemTotal:       12113136 kB
MemFree:         6428048 kB
MemAvailable:    8035088 kB
Buffers:            5832 kB
Cached:          1837076 kB
SwapCached:            0 kB
Active:          1454796 kB
Inactive:        1596068 kB
Active(anon):    1214444 kB
Inactive(anon):    25024 kB
Active(file):     240352 kB
Inactive(file):  1571044 kB
Unevictable:        5620 kB
Mlocked:            5620 kB
SwapTotal:       3145724 kB
SwapFree:        3145724 kB
Dirty:               328 kB
Writeback:             0 kB
AnonPages:       1213628 kB
Mapped:           855056 kB
Shmem:             26944 kB
KReclaimable:     664348 kB
Slab:             222072 kB
SReclaimable:      77284 kB
SUnreclaim:       144788 kB
KernelStack:       46192 kB
PageTables:        62140 kB
NFS_Unstable:          0 kB
Bounce:                0 kB
WritebackTmp:          0 kB
CommitLimit:     9202292 kB
Committed_AS:   65814224 kB
VmallocTotal:   263061440 kB
VmallocUsed:      103216 kB
VmallocChunk:          0 kB
Percpu:             7552 kB
CmaTotal:         294912 kB
CmaFree:               0 kB
MemTotal:       12113136 kB
MemFree:         6426828 kB
MemAvailable:    8033876 kB
Buffers:            5832 kB
Cached:          1837088 kB
SwapCached:            0 kB
Active:          1455400 kB
Inactive:        1596080 kB
Active(anon):    1215048 kB
Inactive(anon):    25024 kB
Active(file):     240352 kB
Inactive(file):  1571056 kB
Unevictable:        5620 kB
Mlocked:            5620 kB
SwapTotal:       3145724 kB
SwapFree:        3145724 kB
Dirty:               368 kB
Writeback:             0 kB
AnonPages:       1214216 kB
Mapped:           855056 kB
Shmem:             26944 kB
KReclaimable:     664344 kB
Slab:             222060 kB
SReclaimable:      77280 kB
SUnreclaim:       144780 kB
KernelStack:       46192 kB
PageTables:        62136 kB
NFS_Unstable:          0 kB
Bounce:                0 kB
WritebackTmp:          0 kB
CommitLimit:     9202292 kB
Committed_AS:   65819312 kB
VmallocTotal:   263061440 kB
VmallocUsed:      103216 kB
VmallocChunk:          0 kB
Percpu:             7552 kB
CmaTotal:         294912 kB
CmaFree:               0 kB
MemTotal:       12113136 kB
MemFree:         6427028 kB
MemAvailable:    8034092 kB
Buffers:            5832 kB
Cached:          1837104 kB
SwapCached:            0 kB
Active:          1456304 kB
Inactive:        1596096 kB
Active(anon):    1215952 kB
Inactive(anon):    25024 kB
Active(file):     240352 kB
Inactive(file):  1571072 kB
Unevictable:        5620 kB
Mlocked:            5620 kB
SwapTotal:       3145724 kB
SwapFree:        3145724 kB
Dirty:               388 kB
Writeback:             0 kB
AnonPages:       1215348 kB
Mapped:           855056 kB
Shmem:             26944 kB
KReclaimable:     664344 kB
Slab:             222060 kB
SReclaimable:      77280 kB
SUnreclaim:       144780 kB
KernelStack:       46192 kB
PageTables:        62136 kB
NFS_Unstable:          0 kB
Bounce:                0 kB
WritebackTmp:          0 kB
CommitLimit:     9202292 kB
Committed_AS:   65819208 kB
VmallocTotal:   263061440 kB
VmallocUsed:      103232 kB
VmallocChunk:          0 kB
Percpu:             7552 kB
CmaTotal:         294912 kB
CmaFree:               0 kB
MemTotal:       12113136 kB
MemFree:         6426504 kB
MemAvailable:    8033584 kB
Buffers:            5832 kB
Cached:          1837120 kB
SwapCached:            0 kB
Active:          1455524 kB
Inactive:        1596112 kB
Active(anon):    1215172 kB
Inactive(anon):    25024 kB
Active(file):     240352 kB
Inactive(file):  1571088 kB
Unevictable:        5620 kB
Mlocked:            5620 kB
SwapTotal:       3145724 kB
SwapFree:        3145724 kB
Dirty:               228 kB
Writeback:             0 kB
AnonPages:       1214432 kB
Mapped:           855056 kB
Shmem:             26944 kB
KReclaimable:     664344 kB
Slab:             222076 kB
SReclaimable:      77280 kB
SUnreclaim:       144796 kB
KernelStack:       46192 kB
PageTables:        62148 kB
NFS_Unstable:          0 kB
Bounce:                0 kB
WritebackTmp:          0 kB
CommitLimit:     9202292 kB
Committed_AS:   65819028 kB
VmallocTotal:   263061440 kB
VmallocUsed:      103216 kB
VmallocChunk:          0 kB
Percpu:             7552 kB
CmaTotal:         294912 kB
CmaFree:               0 kB
MemTotal:       12113136 kB
MemFree:         6428924 kB
MemAvailable:    8036016 kB
Buffers:            5832 kB
Cached:          1837132 kB
SwapCached:            0 kB
Active:          1453176 kB
Inactive:        1596124 kB
Active(anon):    1212824 kB
Inactive(anon):    25024 kB
Active(file):     240352 kB
Inactive(file):  1571100 kB
Unevictable:        5620 kB
Mlocked:            5620 kB
SwapTotal:       3145724 kB
SwapFree:        3145724 kB
Dirty:               316 kB
Writeback:             0 kB
AnonPages:       1211960 kB
Mapped:           855220 kB
Shmem:             26944 kB
KReclaimable:     664344 kB
Slab:             222060 kB
SReclaimable:      77280 kB
SUnreclaim:       144780 kB
KernelStack:       46192 kB
PageTables:        62144 kB
NFS_Unstable:          0 kB
Bounce:                0 kB
WritebackTmp:          0 kB
CommitLimit:     9202292 kB
Committed_AS:   65818796 kB
VmallocTotal:   263061440 kB
VmallocUsed:      103232 kB
VmallocChunk:          0 kB
Percpu:             7552 kB
CmaTotal:         294912 kB
CmaFree:             104 kB
MemTotal:       12113136 kB
MemFree:         6428316 kB
MemAvailable:    8035420 kB
Buffers:            5832 kB
Cached:          1837144 kB
SwapCached:            0 kB
Active:          1453552 kB
Inactive:        1596136 kB
Active(anon):    1213200 kB
Inactive(anon):    25024 kB
Active(file):     240352 kB
Inactive(file):  1571112 kB
Unevictable:        5620 kB
Mlocked:            5620 kB
SwapTotal:       3145724 kB
SwapFree:        3145724 kB
Dirty:               328 kB
Writeback:             0 kB
AnonPages:       1212396 kB
Mapped:           855220 kB
Shmem:             26944 kB
KReclaimable:     664344 kB
Slab:             222068 kB
SReclaimable:      77280 kB
SUnreclaim:       144788 kB
KernelStack:       46192 kB
PageTables:        62152 kB
NFS_Unstable:          0 kB
Bounce:                0 kB
WritebackTmp:          0 kB
CommitLimit:     9202292 kB
Committed_AS:   65818932 kB
VmallocTotal:   263061440 kB
VmallocUsed:      103248 kB
VmallocChunk:          0 kB
Percpu:             7552 kB
CmaTotal:         294912 kB
CmaFree:               0 kB
MemTotal:       12113136 kB
MemFree:         6429032 kB
MemAvailable:    8036140 kB
Buffers:            5840 kB
Cached:          1837140 kB
SwapCached:            0 kB
Active:          1453540 kB
Inactive:        1596140 kB
Active(anon):    1213188 kB
Inactive(anon):    25024 kB
Active(file):     240352 kB
Inactive(file):  1571116 kB
Unevictable:        5620 kB
Mlocked:            5620 kB
SwapTotal:       3145724 kB
SwapFree:        3145724 kB
Dirty:               348 kB
Writeback:             0 kB
AnonPages:       1212368 kB
Mapped:           855220 kB
Shmem:             26944 kB
KReclaimable:     664344 kB
Slab:             222060 kB
SReclaimable:      77280 kB
SUnreclaim:       144780 kB
KernelStack:       46192 kB
PageTables:        62136 kB
NFS_Unstable:          0 kB
Bounce:                0 kB
WritebackTmp:          0 kB
CommitLimit:     9202292 kB
Committed_AS:   65818712 kB
VmallocTotal:   263061440 kB
VmallocUsed:      103200 kB
VmallocChunk:          0 kB
Percpu:             7552 kB
CmaTotal:         294912 kB
CmaFree:               0 kB
MemTotal:       12113136 kB
MemFree:         6428800 kB
MemAvailable:    8035956 kB
Buffers:            5840 kB
Cached:          1837188 kB
SwapCached:            0 kB
Active:          1454472 kB
Inactive:        1596180 kB
Active(anon):    1214112 kB
Inactive(anon):    25024 kB
Active(file):     240360 kB
Inactive(file):  1571156 kB
Unevictable:        5620 kB
Mlocked:            5620 kB
SwapTotal:       3145724 kB
SwapFree:        3145724 kB
Dirty:               360 kB
Writeback:             0 kB
AnonPages:       1213312 kB
Mapped:           855220 kB
Shmem:             26944 kB
KReclaimable:     664344 kB
Slab:             222068 kB
SReclaimable:      77280 kB
SUnreclaim:       144788 kB
KernelStack:       46208 kB
PageTables:        62268 kB
NFS_Unstable:          0 kB
Bounce:                0 kB
WritebackTmp:          0 kB
CommitLimit:     9202292 kB
Committed_AS:   65813536 kB
VmallocTotal:   263061440 kB
VmallocUsed:      103184 kB
VmallocChunk:          0 kB
Percpu:             7552 kB
CmaTotal:         294912 kB
CmaFree:               0 kB
MemTotal:       12113136 kB
MemFree:         6428664 kB
MemAvailable:    8035824 kB
Buffers:            5840 kB
Cached:          1837192 kB
SwapCached:            0 kB
Active:          1454872 kB
Inactive:        1596184 kB
Active(anon):    1214512 kB
Inactive(anon):    25024 kB
Active(file):     240360 kB
Inactive(file):  1571160 kB
Unevictable:        5620 kB
Mlocked:            5620 kB
SwapTotal:       3145724 kB
SwapFree:        3145724 kB
Dirty:               368 kB
Writeback:             0 kB
AnonPages:       1213628 kB
Mapped:           855220 kB
Shmem:             26944 kB
KReclaimable:     664344 kB
Slab:             222076 kB
SReclaimable:      77280 kB
SUnreclaim:       144796 kB
KernelStack:       46208 kB
PageTables:        62268 kB
NFS_Unstable:          0 kB
Bounce:                0 kB
WritebackTmp:          0 kB
CommitLimit:     9202292 kB
Committed_AS:   65813276 kB
VmallocTotal:   263061440 kB
VmallocUsed:      103216 kB
VmallocChunk:          0 kB
Percpu:             7552 kB
CmaTotal:         294912 kB
CmaFree:               0 kB
MemTotal:       12113136 kB
MemFree:         6428048 kB
MemAvailable:    8035220 kB
Buffers:            5840 kB
Cached:          1837204 kB
SwapCached:            0 kB
Active:          1454964 kB
Inactive:        1596196 kB
Active(anon):    1214604 kB
Inactive(anon):    25024 kB
Active(file):     240360 kB
Inactive(file):  1571172 kB
Unevictable:        5620 kB
Mlocked:            5620 kB
SwapTotal:       3145724 kB
SwapFree:        3145724 kB
Dirty:               384 kB
Writeback:             0 kB
AnonPages:       1213420 kB
Mapped:           855220 kB
Shmem:             26944 kB
KReclaimable:     664344 kB
Slab:             222068 kB
SReclaimable:      77280 kB
SUnreclaim:       144788 kB
KernelStack:       46240 kB
PageTables:        62200 kB
NFS_Unstable:          0 kB
Bounce:                0 kB
WritebackTmp:          0 kB
CommitLimit:     9202292 kB
Committed_AS:   65804376 kB
VmallocTotal:   263061440 kB
VmallocUsed:      103168 kB
VmallocChunk:          0 kB
Percpu:             7552 kB
CmaTotal:         294912 kB
CmaFree:               0 kB
MemTotal:       12113136 kB
MemFree:         6427200 kB
MemAvailable:    8034388 kB
Buffers:            5840 kB
Cached:          1837220 kB
SwapCached:            0 kB
Active:          1455272 kB
Inactive:        1596212 kB
Active(anon):    1214912 kB
Inactive(anon):    25024 kB
Active(file):     240360 kB
Inactive(file):  1571188 kB
Unevictable:        5620 kB
Mlocked:            5620 kB
SwapTotal:       3145724 kB
SwapFree:        3145724 kB
Dirty:               412 kB
Writeback:             0 kB
AnonPages:       1214248 kB
Mapped:           855236 kB
Shmem:             26944 kB
KReclaimable:     664344 kB
Slab:             222060 kB
SReclaimable:      77280 kB
SUnreclaim:       144780 kB
KernelStack:       46192 kB
PageTables:        62136 kB
NFS_Unstable:          0 kB
Bounce:                0 kB
WritebackTmp:          0 kB
CommitLimit:     9202292 kB
Committed_AS:   65803428 kB
VmallocTotal:   263061440 kB
VmallocUsed:      103168 kB
VmallocChunk:          0 kB
Percpu:             7552 kB
CmaTotal:         294912 kB
CmaFree:               0 kB
MemTotal:       12113136 kB
MemFree:         6436576 kB
MemAvailable:    8043748 kB
Buffers:            5840 kB
Cached:          1837204 kB
SwapCached:            0 kB
Active:          1444880 kB
Inactive:        1596196 kB
Active(anon):    1204520 kB
Inactive(anon):    25024 kB
Active(file):     240360 kB
Inactive(file):  1571172 kB
Unevictable:        5620 kB
Mlocked:            5620 kB
SwapTotal:       3145724 kB
SwapFree:        3145724 kB
Dirty:               420 kB
Writeback:             0 kB
AnonPages:       1203696 kB
Mapped:           855220 kB
Shmem:             26944 kB
KReclaimable:     664344 kB
Slab:             222068 kB
SReclaimable:      77280 kB
SUnreclaim:       144788 kB
KernelStack:       46192 kB
PageTables:        62140 kB
NFS_Unstable:          0 kB
Bounce:                0 kB
WritebackTmp:          0 kB
CommitLimit:     9202292 kB
Committed_AS:   65810344 kB
VmallocTotal:   263061440 kB
VmallocUsed:      103216 kB
VmallocChunk:          0 kB
Percpu:             7552 kB
CmaTotal:         294912 kB
CmaFree:             224 kB
MemTotal:       12113136 kB
MemFree:         6441268 kB
MemAvailable:    8048472 kB
Buffers:            5840 kB
Cached:          1837236 kB
SwapCached:            0 kB
Active:          1439420 kB
Inactive:        1596228 kB
Active(anon):    1199060 kB
Inactive(anon):    25024 kB
Active(file):     240360 kB
Inactive(file):  1571204 kB
Unevictable:        5620 kB
Mlocked:            5620 kB
SwapTotal:       3145724 kB
SwapFree:        3145724 kB
Dirty:               436 kB
Writeback:             0 kB
AnonPages:       1198216 kB
Mapped:           855220 kB
Shmem:             26944 kB
KReclaimable:     664344 kB
Slab:             222068 kB
SReclaimable:      77280 kB
SUnreclaim:       144788 kB
KernelStack:       46192 kB
PageTables:        62136 kB
NFS_Unstable:          0 kB
Bounce:                0 kB
WritebackTmp:          0 kB
CommitLimit:     9202292 kB
Committed_AS:   65810124 kB
VmallocTotal:   263061440 kB
VmallocUsed:      103200 kB
VmallocChunk:          0 kB
Percpu:             7552 kB
CmaTotal:         294912 kB
CmaFree:             756 kB
MemTotal:       12113136 kB
MemFree:         6440908 kB
MemAvailable:    8048124 kB
Buffers:            5840 kB
Cached:          1837248 kB
SwapCached:            0 kB
Active:          1440676 kB
Inactive:        1596240 kB
Active(anon):    1200316 kB
Inactive(anon):    25024 kB
Active(file):     240360 kB
Inactive(file):  1571216 kB
Unevictable:        5620 kB
Mlocked:            5620 kB
SwapTotal:       3145724 kB
SwapFree:        3145724 kB
Dirty:               480 kB
Writeback:             0 kB
AnonPages:       1199480 kB
Mapped:           855220 kB
Shmem:             26944 kB
KReclaimable:     664344 kB
Slab:             222060 kB
SReclaimable:      77280 kB
SUnreclaim:       144780 kB
KernelStack:       46208 kB
PageTables:        62112 kB
NFS_Unstable:          0 kB
Bounce:                0 kB
WritebackTmp:          0 kB
CommitLimit:     9202292 kB
Committed_AS:   65805404 kB
VmallocTotal:   263061440 kB
VmallocUsed:      103184 kB
VmallocChunk:          0 kB
Percpu:             7552 kB
CmaTotal:         294912 kB
CmaFree:               0 kB
MemTotal:       12113136 kB
MemFree:         6440788 kB
MemAvailable:    8048024 kB
Buffers:            5840 kB
Cached:          1837268 kB
SwapCached:            0 kB
Active:          1441388 kB
Inactive:        1596260 kB
Active(anon):    1201028 kB
Inactive(anon):    25024 kB
Active(file):     240360 kB
Inactive(file):  1571236 kB
Unevictable:        5620 kB
Mlocked:            5620 kB
SwapTotal:       3145724 kB
SwapFree:        3145724 kB
Dirty:               500 kB
Writeback:             0 kB
AnonPages:       1200288 kB
Mapped:           855220 kB
Shmem:             26944 kB
KReclaimable:     664344 kB
Slab:             222068 kB
SReclaimable:      77280 kB
SUnreclaim:       144788 kB
KernelStack:       46192 kB
PageTables:        62148 kB
NFS_Unstable:          0 kB
Bounce:                0 kB
WritebackTmp:          0 kB
CommitLimit:     9202292 kB
Committed_AS:   65805988 kB
VmallocTotal:   263061440 kB
VmallocUsed:      103184 kB
VmallocChunk:          0 kB
Percpu:             7552 kB
CmaTotal:         294912 kB
CmaFree:             128 kB
MemTotal:       12113136 kB
MemFree:         6440796 kB
MemAvailable:    8048036 kB
Buffers:            5840 kB
Cached:          1837272 kB
SwapCached:            0 kB
Active:          1442020 kB
Inactive:        1596264 kB
Active(anon):    1201660 kB
Inactive(anon):    25024 kB
Active(file):     240360 kB
Inactive(file):  1571240 kB
Unevictable:        5620 kB
Mlocked:            5620 kB
SwapTotal:       3145724 kB
SwapFree:        3145724 kB
Dirty:               512 kB
Writeback:             0 kB
AnonPages:       1200880 kB
Mapped:           855220 kB
Shmem:             26944 kB
KReclaimable:     664344 kB
Slab:             222068 kB
SReclaimable:      77280 kB
SUnreclaim:       144788 kB
KernelStack:       46192 kB
PageTables:        62144 kB
NFS_Unstable:          0 kB
Bounce:                0 kB
WritebackTmp:          0 kB
CommitLimit:     9202292 kB
Committed_AS:   65805688 kB
VmallocTotal:   263061440 kB
VmallocUsed:      103200 kB
VmallocChunk:          0 kB
Percpu:             7552 kB
CmaTotal:         294912 kB
CmaFree:               0 kB
MemTotal:       12113136 kB
MemFree:         6439636 kB
MemAvailable:    8046904 kB
Buffers:            5840 kB
Cached:          1837296 kB
SwapCached:            0 kB
Active:          1442132 kB
Inactive:        1596288 kB
Active(anon):    1201772 kB
Inactive(anon):    25024 kB
Active(file):     240360 kB
Inactive(file):  1571264 kB
Unevictable:        5620 kB
Mlocked:            5620 kB
SwapTotal:       3145724 kB
SwapFree:        3145724 kB
Dirty:               568 kB
Writeback:             0 kB
AnonPages:       1200972 kB
Mapped:           855220 kB
Shmem:             26944 kB
KReclaimable:     664348 kB
Slab:             222080 kB
SReclaimable:      77284 kB
SUnreclaim:       144796 kB
KernelStack:       46192 kB
PageTables:        62148 kB
NFS_Unstable:          0 kB
Bounce:                0 kB
WritebackTmp:          0 kB
CommitLimit:     9202292 kB
Committed_AS:   65811112 kB
VmallocTotal:   263061440 kB
VmallocUsed:      103184 kB
VmallocChunk:          0 kB
Percpu:             7552 kB
CmaTotal:         294912 kB
CmaFree:               0 kB
MemTotal:       12113136 kB
MemFree:         6439580 kB
MemAvailable:    8046864 kB
Buffers:            5840 kB
Cached:          1837312 kB
SwapCached:            0 kB
Active:          1442824 kB
Inactive:        1596304 kB
Active(anon):    1202464 kB
Inactive(anon):    25024 kB
Active(file):     240360 kB
Inactive(file):  1571280 kB
Unevictable:        5620 kB
Mlocked:            5620 kB
SwapTotal:       3145724 kB
SwapFree:        3145724 kB
Dirty:               588 kB
Writeback:             0 kB
AnonPages:       1201664 kB
Mapped:           855220 kB
Shmem:             26944 kB
KReclaimable:     664348 kB
Slab:             222072 kB
SReclaimable:      77284 kB
SUnreclaim:       144788 kB
KernelStack:       46192 kB
PageTables:        62140 kB
NFS_Unstable:          0 kB
Bounce:                0 kB
WritebackTmp:          0 kB
CommitLimit:     9202292 kB
Committed_AS:   65810848 kB
VmallocTotal:   263061440 kB
VmallocUsed:      103168 kB
VmallocChunk:          0 kB
Percpu:             7552 kB
CmaTotal:         294912 kB
CmaFree:               0 kB
MemTotal:       12113136 kB
MemFree:         6438336 kB
MemAvailable:    8045624 kB
Buffers:            5840 kB
Cached:          1837316 kB
SwapCached:            0 kB
Active:          1443928 kB
Inactive:        1596312 kB
Active(anon):    1203572 kB
Inactive(anon):    25024 kB
Active(file):     240356 kB
Inactive(file):  1571288 kB
Unevictable:        5620 kB
Mlocked:            5620 kB
SwapTotal:       3145724 kB
SwapFree:        3145724 kB
Dirty:               592 kB
Writeback:             0 kB
AnonPages:       1202724 kB
Mapped:           855220 kB
Shmem:             26944 kB
KReclaimable:     664348 kB
Slab:             222080 kB
SReclaimable:      77284 kB
SUnreclaim:       144796 kB
KernelStack:       46192 kB
PageTables:        62140 kB
NFS_Unstable:          0 kB
Bounce:                0 kB
WritebackTmp:          0 kB
CommitLimit:     9202292 kB
Committed_AS:   65811120 kB
VmallocTotal:   263061440 kB
VmallocUsed:      103200 kB
VmallocChunk:          0 kB
Percpu:             7552 kB
CmaTotal:         294912 kB
CmaFree:              72 kB
MemTotal:       12113136 kB
MemFree:         6406200 kB
MemAvailable:    8013504 kB
Buffers:            5840 kB
Cached:          1837332 kB
SwapCached:            0 kB
Active:          1479088 kB
Inactive:        1596324 kB
Active(anon):    1238728 kB
Inactive(anon):    25024 kB
Active(file):     240360 kB
Inactive(file):  1571300 kB
Unevictable:        5620 kB
Mlocked:            5620 kB
SwapTotal:       3145724 kB
SwapFree:        3145724 kB
Dirty:               628 kB
Writeback:             0 kB
AnonPages:       1237868 kB
Mapped:           855220 kB
Shmem:             26944 kB
KReclaimable:     664348 kB
Slab:             222072 kB
SReclaimable:      77284 kB
SUnreclaim:       144788 kB
KernelStack:       46192 kB
PageTables:        62148 kB
NFS_Unstable:          0 kB
Bounce:                0 kB
WritebackTmp:          0 kB
CommitLimit:     9202292 kB
Committed_AS:   65818856 kB
VmallocTotal:   263061440 kB
VmallocUsed:      103216 kB
VmallocChunk:          0 kB
Percpu:             7552 kB
CmaTotal:         294912 kB
CmaFree:               0 kB
MemTotal:       12113136 kB
MemFree:         6402540 kB
MemAvailable:    8009852 kB
Buffers:            5840 kB
Cached:          1837340 kB
SwapCached:            0 kB
Active:          1481156 kB
Inactive:        1596332 kB
Active(anon):    1240796 kB
Inactive(anon):    25024 kB
Active(file):     240360 kB
Inactive(file):  1571308 kB
Unevictable:        5620 kB
Mlocked:            5620 kB
SwapTotal:       3145724 kB
SwapFree:        3145724 kB
Dirty:               668 kB
Writeback:             0 kB
AnonPages:       1240160 kB
Mapped:           855220 kB
Shmem:             26944 kB
KReclaimable:     664348 kB
Slab:             222080 kB
SReclaimable:      77284 kB
SUnreclaim:       144796 kB
KernelStack:       46144 kB
PageTables:        62148 kB
NFS_Unstable:          0 kB
Bounce:                0 kB
WritebackTmp:          0 kB
CommitLimit:     9202292 kB
Committed_AS:   65814256 kB
VmallocTotal:   263061440 kB
VmallocUsed:      103184 kB
VmallocChunk:          0 kB
Percpu:             7552 kB
CmaTotal:         294912 kB
CmaFree:               0 kB
MemTotal:       12113136 kB
MemFree:         6400864 kB
MemAvailable:    8008188 kB
Buffers:            5840 kB
Cached:          1837352 kB
SwapCached:            0 kB
Active:          1481960 kB
Inactive:        1596344 kB
Active(anon):    1241600 kB
Inactive(anon):    25024 kB
Active(file):     240360 kB
Inactive(file):  1571320 kB
Unevictable:        5620 kB
Mlocked:            5620 kB
SwapTotal:       3145724 kB
SwapFree:        3145724 kB
Dirty:               688 kB
Writeback:             0 kB
AnonPages:       1240868 kB
Mapped:           855220 kB
Shmem:             26944 kB
KReclaimable:     664348 kB
Slab:             222072 kB
SReclaimable:      77284 kB
SUnreclaim:       144788 kB
KernelStack:       46144 kB
PageTables:        62136 kB
NFS_Unstable:          0 kB
Bounce:                0 kB
WritebackTmp:          0 kB
CommitLimit:     9202292 kB
Committed_AS:   65819260 kB
VmallocTotal:   263061440 kB
VmallocUsed:      103184 kB
VmallocChunk:          0 kB
Percpu:             7552 kB
CmaTotal:         294912 kB
CmaFree:               0 kB
MemTotal:       12113136 kB
MemFree:         6400720 kB
MemAvailable:    8008080 kB
Buffers:            5844 kB
Cached:          1837384 kB
SwapCached:            0 kB
Active:          1482020 kB
Inactive:        1596376 kB
Active(anon):    1241656 kB
Inactive(anon):    25024 kB
Active(file):     240364 kB
Inactive(file):  1571352 kB
Unevictable:        5620 kB
Mlocked:            5620 kB
SwapTotal:       3145724 kB
SwapFree:        3145724 kB
Dirty:               596 kB
Writeback:             0 kB
AnonPages:       1240796 kB
Mapped:           855220 kB
Shmem:             26944 kB
KReclaimable:     664348 kB
Slab:             222072 kB
SReclaimable:      77284 kB
SUnreclaim:       144788 kB
KernelStack:       46144 kB
PageTables:        62144 kB
NFS_Unstable:          0 kB
Bounce:                0 kB
WritebackTmp:          0 kB
CommitLimit:     9202292 kB
Committed_AS:   65825712 kB
VmallocTotal:   263061440 kB
VmallocUsed:      103200 kB
VmallocChunk:          0 kB
Percpu:             7552 kB
CmaTotal:         294912 kB
CmaFree:              68 kB
MemTotal:       12113136 kB
MemFree:         6400420 kB
MemAvailable:    8007788 kB
Buffers:            5844 kB
Cached:          1837392 kB
SwapCached:            0 kB
Active:          1483636 kB
Inactive:        1596384 kB
Active(anon):    1243272 kB
Inactive(anon):    25024 kB
Active(file):     240364 kB
Inactive(file):  1571360 kB
Unevictable:        5620 kB
Mlocked:            5620 kB
SwapTotal:       3145724 kB
SwapFree:        3145724 kB
Dirty:               228 kB
Writeback:             0 kB
AnonPages:       1242476 kB
Mapped:           854520 kB
Shmem:             26944 kB
KReclaimable:     664348 kB
Slab:             222072 kB
SReclaimable:      77284 kB
SUnreclaim:       144788 kB
KernelStack:       46144 kB
PageTables:        62140 kB
NFS_Unstable:          0 kB
Bounce:                0 kB
WritebackTmp:          0 kB
CommitLimit:     9202292 kB
Committed_AS:   65825628 kB
VmallocTotal:   263061440 kB
VmallocUsed:      103200 kB
VmallocChunk:          0 kB
Percpu:             7552 kB
CmaTotal:         294912 kB
CmaFree:               0 kB
MemTotal:       12113136 kB
MemFree:         6398416 kB
MemAvailable:    8005800 kB
Buffers:            5844 kB
Cached:          1837408 kB
SwapCached:            0 kB
Active:          1484308 kB
Inactive:        1596400 kB
Active(anon):    1243944 kB
Inactive(anon):    25024 kB
Active(file):     240364 kB
Inactive(file):  1571376 kB
Unevictable:        5620 kB
Mlocked:            5620 kB
SwapTotal:       3145724 kB
SwapFree:        3145724 kB
Dirty:               312 kB
Writeback:             0 kB
AnonPages:       1243320 kB
Mapped:           854520 kB
Shmem:             26944 kB
KReclaimable:     664348 kB
Slab:             222080 kB
SReclaimable:      77284 kB
SUnreclaim:       144796 kB
KernelStack:       46144 kB
PageTables:        62140 kB
NFS_Unstable:          0 kB
Bounce:                0 kB
WritebackTmp:          0 kB
CommitLimit:     9202292 kB
Committed_AS:   65825888 kB
VmallocTotal:   263061440 kB
VmallocUsed:      103168 kB
VmallocChunk:          0 kB
Percpu:             7552 kB
CmaTotal:         294912 kB
CmaFree:               0 kB
MemTotal:       12113136 kB
MemFree:         6398024 kB
MemAvailable:    8005420 kB
Buffers:            5844 kB
Cached:          1837420 kB
SwapCached:            0 kB
Active:          1485388 kB
Inactive:        1596408 kB
Active(anon):    1245020 kB
Inactive(anon):    25024 kB
Active(file):     240368 kB
Inactive(file):  1571384 kB
Unevictable:        5620 kB
Mlocked:            5620 kB
SwapTotal:       3145724 kB
SwapFree:        3145724 kB
Dirty:               584 kB
Writeback:             0 kB
AnonPages:       1244168 kB
Mapped:           854520 kB
Shmem:             26944 kB
KReclaimable:     664348 kB
Slab:             222080 kB
SReclaimable:      77284 kB
SUnreclaim:       144796 kB
KernelStack:       46192 kB
PageTables:        62144 kB
NFS_Unstable:          0 kB
Bounce:                0 kB
WritebackTmp:          0 kB
CommitLimit:     9202292 kB
Committed_AS:   65824588 kB
VmallocTotal:   263061440 kB
VmallocUsed:      103184 kB
VmallocChunk:          0 kB
Percpu:             7552 kB
CmaTotal:         294912 kB
CmaFree:               0 kB
MemTotal:       12113136 kB
MemFree:         6395436 kB
MemAvailable:    8002844 kB
Buffers:            5844 kB
Cached:          1837432 kB
SwapCached:            0 kB
Active:          1487364 kB
Inactive:        1596420 kB
Active(anon):    1246996 kB
Inactive(anon):    25024 kB
Active(file):     240368 kB
Inactive(file):  1571396 kB
Unevictable:        5620 kB
Mlocked:            5620 kB
SwapTotal:       3145724 kB
SwapFree:        3145724 kB
Dirty:               596 kB
Writeback:             0 kB
AnonPages:       1246232 kB
Mapped:           867964 kB
Shmem:             26944 kB
KReclaimable:     664348 kB
Slab:             222072 kB
SReclaimable:      77284 kB
SUnreclaim:       144788 kB
KernelStack:       46192 kB
PageTables:        62208 kB
NFS_Unstable:          0 kB
Bounce:                0 kB
WritebackTmp:          0 kB
CommitLimit:     9202292 kB
Committed_AS:   65824560 kB
VmallocTotal:   263061440 kB
VmallocUsed:      103232 kB
VmallocChunk:          0 kB
Percpu:             7552 kB
CmaTotal:         294912 kB
CmaFree:               0 kB
MemTotal:       12113136 kB
MemFree:         6398108 kB
MemAvailable:    8005520 kB
Buffers:            5844 kB
Cached:          1837436 kB
SwapCached:            0 kB
Active:          1483896 kB
Inactive:        1596424 kB
Active(anon):    1243528 kB
Inactive(anon):    25024 kB
Active(file):     240368 kB
Inactive(file):  1571400 kB
Unevictable:        5620 kB
Mlocked:            5620 kB
SwapTotal:       3145724 kB
SwapFree:        3145724 kB
Dirty:               604 kB
Writeback:             0 kB
AnonPages:       1242708 kB
Mapped:           867964 kB
Shmem:             26944 kB
KReclaimable:     664348 kB
Slab:             222072 kB
SReclaimable:      77284 kB
SUnreclaim:       144788 kB
KernelStack:       46192 kB
PageTables:        62200 kB
NFS_Unstable:          0 kB
Bounce:                0 kB
WritebackTmp:          0 kB
CommitLimit:     9202292 kB
Committed_AS:   65819976 kB
VmallocTotal:   263061440 kB
VmallocUsed:      103216 kB
VmallocChunk:          0 kB
Percpu:             7552 kB
CmaTotal:         294912 kB
CmaFree:              68 kB
MemTotal:       12113136 kB
MemFree:         6405628 kB
MemAvailable:    8013056 kB
Buffers:            5844 kB
Cached:          1837452 kB
SwapCached:            0 kB
Active:          1476380 kB
Inactive:        1596440 kB
Active(anon):    1236012 kB
Inactive(anon):    25024 kB
Active(file):     240368 kB
Inactive(file):  1571416 kB
Unevictable:        5620 kB
Mlocked:            5620 kB
SwapTotal:       3145724 kB
SwapFree:        3145724 kB
Dirty:               632 kB
Writeback:             0 kB
AnonPages:       1235268 kB
Mapped:           867964 kB
Shmem:             26944 kB
KReclaimable:     664348 kB
Slab:             222072 kB
SReclaimable:      77284 kB
SUnreclaim:       144788 kB
KernelStack:       46192 kB
PageTables:        62208 kB
NFS_Unstable:          0 kB
Bounce:                0 kB
WritebackTmp:          0 kB
CommitLimit:     9202292 kB
Committed_AS:   65825864 kB
VmallocTotal:   263061440 kB
VmallocUsed:      103232 kB
VmallocChunk:          0 kB
Percpu:             7552 kB
CmaTotal:         294912 kB
CmaFree:               0 kB
MemTotal:       12113136 kB
MemFree:         6433184 kB
MemAvailable:    8040624 kB
Buffers:            5844 kB
Cached:          1837464 kB
SwapCached:            0 kB
Active:          1450444 kB
Inactive:        1596452 kB
Active(anon):    1210076 kB
Inactive(anon):    25024 kB
Active(file):     240368 kB
Inactive(file):  1571428 kB
Unevictable:        5620 kB
Mlocked:            5620 kB
SwapTotal:       3145724 kB
SwapFree:        3145724 kB
Dirty:               756 kB
Writeback:             0 kB
AnonPages:       1208988 kB
Mapped:           867964 kB
Shmem:             26944 kB
KReclaimable:     664348 kB
Slab:             222104 kB
SReclaimable:      77284 kB
SUnreclaim:       144820 kB
KernelStack:       46208 kB
PageTables:        62200 kB
NFS_Unstable:          0 kB
Bounce:                0 kB
WritebackTmp:          0 kB
CommitLimit:     9202292 kB
Committed_AS:   65819708 kB
VmallocTotal:   263061440 kB
VmallocUsed:      103184 kB
VmallocChunk:          0 kB
Percpu:             7552 kB
CmaTotal:         294912 kB
CmaFree:               0 kB
MemTotal:       12113136 kB
MemFree:         6431924 kB
MemAvailable:    8039376 kB
Buffers:            5844 kB
Cached:          1837476 kB
SwapCached:            0 kB
Active:          1450776 kB
Inactive:        1596464 kB
Active(anon):    1210408 kB
Inactive(anon):    25024 kB
Active(file):     240368 kB
Inactive(file):  1571440 kB
Unevictable:        5620 kB
Mlocked:            5620 kB
SwapTotal:       3145724 kB
SwapFree:        3145724 kB
Dirty:               840 kB
Writeback:             0 kB
AnonPages:       1209568 kB
Mapped:           867964 kB
Shmem:             26944 kB
KReclaimable:     664348 kB
Slab:             222096 kB
SReclaimable:      77284 kB
SUnreclaim:       144812 kB
KernelStack:       46224 kB
PageTables:        62196 kB
NFS_Unstable:          0 kB
Bounce:                0 kB
WritebackTmp:          0 kB
CommitLimit:     9202292 kB
Committed_AS:   65817700 kB
VmallocTotal:   263061440 kB
VmallocUsed:      103248 kB
VmallocChunk:          0 kB
Percpu:             7552 kB
CmaTotal:         294912 kB
CmaFree:               0 kB
MemTotal:       12113136 kB
MemFree:         6430268 kB
MemAvailable:    8037744 kB
Buffers:            5844 kB
Cached:          1837500 kB
SwapCached:            0 kB
Active:          1451748 kB
Inactive:        1596488 kB
Active(anon):    1211380 kB
Inactive(anon):    25024 kB
Active(file):     240368 kB
Inactive(file):  1571464 kB
Unevictable:        5620 kB
Mlocked:            5620 kB
SwapTotal:       3145724 kB
SwapFree:        3145724 kB
Dirty:               884 kB
Writeback:             0 kB
AnonPages:       1210460 kB
Mapped:           867964 kB
Shmem:             26944 kB
KReclaimable:     664348 kB
Slab:             222112 kB
SReclaimable:      77284 kB
SUnreclaim:       144828 kB
KernelStack:       46224 kB
PageTables:        62192 kB
NFS_Unstable:          0 kB
Bounce:                0 kB
WritebackTmp:          0 kB
CommitLimit:     9202292 kB
Committed_AS:   65817396 kB
VmallocTotal:   263061440 kB
VmallocUsed:      103280 kB
VmallocChunk:          0 kB
Percpu:             7552 kB
CmaTotal:         294912 kB
CmaFree:               0 kB
MemTotal:       12113136 kB
MemFree:         6430224 kB
MemAvailable:    8037720 kB
Buffers:            5844 kB
Cached:          1837520 kB
SwapCached:            0 kB
Active:          1452096 kB
Inactive:        1596508 kB
Active(anon):    1211728 kB
Inactive(anon):    25024 kB
Active(file):     240368 kB
Inactive(file):  1571484 kB
Unevictable:        5620 kB
Mlocked:            5620 kB
SwapTotal:       3145724 kB
SwapFree:        3145724 kB
Dirty:               904 kB
Writeback:             0 kB
AnonPages:       1210968 kB
Mapped:           867964 kB
Shmem:             26944 kB
KReclaimable:     664348 kB
Slab:             222096 kB
SReclaimable:      77284 kB
SUnreclaim:       144812 kB
KernelStack:       46224 kB
PageTables:        62196 kB
NFS_Unstable:          0 kB
Bounce:                0 kB
WritebackTmp:          0 kB
CommitLimit:     9202292 kB
Committed_AS:   65817576 kB
VmallocTotal:   263061440 kB
VmallocUsed:      103248 kB
VmallocChunk:          0 kB
Percpu:             7552 kB
CmaTotal:         294912 kB
CmaFree:               0 kB
MemTotal:       12113136 kB
MemFree:         6429444 kB
MemAvailable:    8036944 kB
Buffers:            5844 kB
Cached:          1837524 kB
SwapCached:            0 kB
Active:          1453032 kB
Inactive:        1596512 kB
Active(anon):    1212664 kB
Inactive(anon):    25024 kB
Active(file):     240368 kB
Inactive(file):  1571488 kB
Unevictable:        5620 kB
Mlocked:            5620 kB
SwapTotal:       3145724 kB
SwapFree:        3145724 kB
Dirty:               908 kB
Writeback:             0 kB
AnonPages:       1211820 kB
Mapped:           867964 kB
Shmem:             26944 kB
KReclaimable:     664348 kB
Slab:             222116 kB
SReclaimable:      77284 kB
SUnreclaim:       144832 kB
KernelStack:       46224 kB
PageTables:        62196 kB
NFS_Unstable:          0 kB
Bounce:                0 kB
WritebackTmp:          0 kB
CommitLimit:     9202292 kB
Committed_AS:   65817184 kB
VmallocTotal:   263061440 kB
VmallocUsed:      103264 kB
VmallocChunk:          0 kB
Percpu:             7552 kB
CmaTotal:         294912 kB
CmaFree:               0 kB
MemTotal:       12113136 kB
MemFree:         6439524 kB
MemAvailable:    8047040 kB
Buffers:            5844 kB
Cached:          1837540 kB
SwapCached:            0 kB
Active:          1440884 kB
Inactive:        1596528 kB
Active(anon):    1200516 kB
Inactive(anon):    25024 kB
Active(file):     240368 kB
Inactive(file):  1571504 kB
Unevictable:        5620 kB
Mlocked:            5620 kB
SwapTotal:       3145724 kB
SwapFree:        3145724 kB
Dirty:               936 kB
Writeback:             0 kB
AnonPages:       1199788 kB
Mapped:           854520 kB
Shmem:             26944 kB
KReclaimable:     664348 kB
Slab:             222092 kB
SReclaimable:      77284 kB
SUnreclaim:       144808 kB
KernelStack:       46240 kB
PageTables:        62140 kB
NFS_Unstable:          0 kB
Bounce:                0 kB
WritebackTmp:          0 kB
CommitLimit:     9202292 kB
Committed_AS:   65817404 kB
VmallocTotal:   263061440 kB
VmallocUsed:      103264 kB
VmallocChunk:          0 kB
Percpu:             7552 kB
CmaTotal:         294912 kB
CmaFree:               0 kB
MemTotal:       12113136 kB
MemFree:         6439304 kB
MemAvailable:    8046836 kB
Buffers:            5844 kB
Cached:          1837556 kB
SwapCached:            0 kB
Active:          1441804 kB
Inactive:        1596544 kB
Active(anon):    1201436 kB
Inactive(anon):    25024 kB
Active(file):     240368 kB
Inactive(file):  1571520 kB
Unevictable:        5620 kB
Mlocked:            5620 kB
SwapTotal:       3145724 kB
SwapFree:        3145724 kB
Dirty:               956 kB
Writeback:             0 kB
AnonPages:       1200196 kB
Mapped:           854520 kB
Shmem:             26944 kB
KReclaimable:     664348 kB
Slab:             222100 kB
SReclaimable:      77284 kB
SUnreclaim:       144816 kB
KernelStack:       46240 kB
PageTables:        62152 kB
NFS_Unstable:          0 kB
Bounce:                0 kB
WritebackTmp:          0 kB
CommitLimit:     9202292 kB
Committed_AS:   65814484 kB
VmallocTotal:   263061440 kB
VmallocUsed:      103248 kB
VmallocChunk:          0 kB
Percpu:             7552 kB
CmaTotal:         294912 kB
CmaFree:               0 kB
MemTotal:       12113136 kB
MemFree:         6439472 kB
MemAvailable:    8047012 kB
Buffers:            5852 kB
Cached:          1837556 kB
SwapCached:            0 kB
Active:          1442212 kB
Inactive:        1596552 kB
Active(anon):    1201844 kB
Inactive(anon):    25024 kB
Active(file):     240368 kB
Inactive(file):  1571528 kB
Unevictable:        5620 kB
Mlocked:            5620 kB
SwapTotal:       3145724 kB
SwapFree:        3145724 kB
Dirty:               964 kB
Writeback:             0 kB
AnonPages:       1200784 kB
Mapped:           854664 kB
Shmem:             26944 kB
KReclaimable:     664348 kB
Slab:             222092 kB
SReclaimable:      77284 kB
SUnreclaim:       144808 kB
KernelStack:       46176 kB
PageTables:        62136 kB
NFS_Unstable:          0 kB
Bounce:                0 kB
WritebackTmp:          0 kB
CommitLimit:     9202292 kB
Committed_AS:   65809104 kB
VmallocTotal:   263061440 kB
VmallocUsed:      103200 kB
VmallocChunk:          0 kB
Percpu:             7552 kB
CmaTotal:         294912 kB
CmaFree:               0 kB
MemTotal:       12113136 kB
MemFree:         6438256 kB
MemAvailable:    8045836 kB
Buffers:            5852 kB
Cached:          1837596 kB
SwapCached:            0 kB
Active:          1442824 kB
Inactive:        1596584 kB
Active(anon):    1202448 kB
Inactive(anon):    25024 kB
Active(file):     240376 kB
Inactive(file):  1571560 kB
Unevictable:        5620 kB
Mlocked:            5620 kB
SwapTotal:       3145724 kB
SwapFree:        3145724 kB
Dirty:               968 kB
Writeback:             0 kB
AnonPages:       1201620 kB
Mapped:           854520 kB
Shmem:             26944 kB
KReclaimable:     664348 kB
Slab:             222108 kB
SReclaimable:      77284 kB
SUnreclaim:       144824 kB
KernelStack:       46176 kB
PageTables:        62140 kB
NFS_Unstable:          0 kB
Bounce:                0 kB
WritebackTmp:          0 kB
CommitLimit:     9202292 kB
Committed_AS:   65815188 kB
VmallocTotal:   263061440 kB
VmallocUsed:      103200 kB
VmallocChunk:          0 kB
Percpu:             7552 kB
CmaTotal:         294912 kB
CmaFree:               0 kB
MemTotal:       12113136 kB
MemFree:         6440152 kB
MemAvailable:    8047740 kB
Buffers:            5852 kB
Cached:          1837604 kB
SwapCached:            0 kB
Active:          1442444 kB
Inactive:        1596592 kB
Active(anon):    1202068 kB
Inactive(anon):    25024 kB
Active(file):     240376 kB
Inactive(file):  1571568 kB
Unevictable:        5620 kB
Mlocked:            5620 kB
SwapTotal:       3145724 kB
SwapFree:        3145724 kB
Dirty:               972 kB
Writeback:             0 kB
AnonPages:       1201264 kB
Mapped:           854520 kB
Shmem:             26944 kB
KReclaimable:     664348 kB
Slab:             222100 kB
SReclaimable:      77284 kB
SUnreclaim:       144816 kB
KernelStack:       46176 kB
PageTables:        62144 kB
NFS_Unstable:          0 kB
Bounce:                0 kB
WritebackTmp:          0 kB
CommitLimit:     9202292 kB
Committed_AS:   65814900 kB
VmallocTotal:   263061440 kB
VmallocUsed:      103184 kB
VmallocChunk:          0 kB
Percpu:             7552 kB
CmaTotal:         294912 kB
CmaFree:               0 kB
MemTotal:       12113136 kB
MemFree:         6440064 kB
MemAvailable:    8047668 kB
Buffers:            5852 kB
Cached:          1837620 kB
SwapCached:            0 kB
Active:          1442656 kB
Inactive:        1596608 kB
Active(anon):    1202280 kB
Inactive(anon):    25024 kB
Active(file):     240376 kB
Inactive(file):  1571584 kB
Unevictable:        5620 kB
Mlocked:            5620 kB
SwapTotal:       3145724 kB
SwapFree:        3145724 kB
Dirty:               992 kB
Writeback:             0 kB
AnonPages:       1201516 kB
Mapped:           854520 kB
Shmem:             26944 kB
KReclaimable:     664348 kB
Slab:             222108 kB
SReclaimable:      77284 kB
SUnreclaim:       144824 kB
KernelStack:       46192 kB
PageTables:        62148 kB
NFS_Unstable:          0 kB
Bounce:                0 kB
WritebackTmp:          0 kB
CommitLimit:     9202292 kB
Committed_AS:   65814668 kB
VmallocTotal:   263061440 kB
VmallocUsed:      103184 kB
VmallocChunk:          0 kB
Percpu:             7552 kB
CmaTotal:         294912 kB
CmaFree:               0 kB
MemTotal:       12113136 kB
MemFree:         6438468 kB
MemAvailable:    8046076 kB
Buffers:            5852 kB
Cached:          1837624 kB
SwapCached:            0 kB
Active:          1443572 kB
Inactive:        1596612 kB
Active(anon):    1203196 kB
Inactive(anon):    25024 kB
Active(file):     240376 kB
Inactive(file):  1571588 kB
Unevictable:        5620 kB
Mlocked:            5620 kB
SwapTotal:       3145724 kB
SwapFree:        3145724 kB
Dirty:              1008 kB
Writeback:             0 kB
AnonPages:       1202536 kB
Mapped:           854520 kB
Shmem:             26944 kB
KReclaimable:     664348 kB
Slab:             222092 kB
SReclaimable:      77284 kB
SUnreclaim:       144808 kB
KernelStack:       46192 kB
PageTables:        62144 kB
NFS_Unstable:          0 kB
Bounce:                0 kB
WritebackTmp:          0 kB
CommitLimit:     9202292 kB
Committed_AS:   65814112 kB
VmallocTotal:   263061440 kB
VmallocUsed:      103200 kB
VmallocChunk:          0 kB
Percpu:             7552 kB
CmaTotal:         294912 kB
CmaFree:               0 kB
MemTotal:       12113136 kB
MemFree:         6438408 kB
MemAvailable:    8046036 kB
Buffers:            5852 kB
Cached:          1837644 kB
SwapCached:            0 kB
Active:          1444464 kB
Inactive:        1596632 kB
Active(anon):    1204088 kB
Inactive(anon):    25024 kB
Active(file):     240376 kB
Inactive(file):  1571608 kB
Unevictable:        5620 kB
Mlocked:            5620 kB
SwapTotal:       3145724 kB
SwapFree:        3145724 kB
Dirty:              1028 kB
Writeback:             0 kB
AnonPages:       1203276 kB
Mapped:           854520 kB
Shmem:             26944 kB
KReclaimable:     664348 kB
Slab:             222092 kB
SReclaimable:      77284 kB
SUnreclaim:       144808 kB
KernelStack:       46160 kB
PageTables:        62132 kB
NFS_Unstable:          0 kB
Bounce:                0 kB
WritebackTmp:          0 kB
CommitLimit:     9202292 kB
Committed_AS:   65813720 kB
VmallocTotal:   263061440 kB
VmallocUsed:      103200 kB
VmallocChunk:          0 kB
Percpu:             7552 kB
CmaTotal:         294912 kB
CmaFree:               0 kB
MemTotal:       12113136 kB
MemFree:         6437568 kB
MemAvailable:    8045200 kB
Buffers:            5852 kB
Cached:          1837648 kB
SwapCached:            0 kB
Active:          1444896 kB
Inactive:        1596636 kB
Active(anon):    1204520 kB
Inactive(anon):    25024 kB
Active(file):     240376 kB
Inactive(file):  1571612 kB
Unevictable:        5620 kB
Mlocked:            5620 kB
SwapTotal:       3145724 kB
SwapFree:        3145724 kB
Dirty:              1032 kB
Writeback:             0 kB
AnonPages:       1203856 kB
Mapped:           854520 kB
Shmem:             26944 kB
KReclaimable:     664348 kB
Slab:             222100 kB
SReclaimable:      77284 kB
SUnreclaim:       144816 kB
KernelStack:       46160 kB
PageTables:        62132 kB
NFS_Unstable:          0 kB
Bounce:                0 kB
WritebackTmp:          0 kB
CommitLimit:     9202292 kB
Committed_AS:   65813620 kB
VmallocTotal:   263061440 kB
VmallocUsed:      103168 kB
VmallocChunk:          0 kB
Percpu:             7552 kB
CmaTotal:         294912 kB
CmaFree:               0 kB
MemTotal:       12113136 kB
MemFree:         6437052 kB
MemAvailable:    8044704 kB
Buffers:            5852 kB
Cached:          1837668 kB
SwapCached:            0 kB
Active:          1445976 kB
Inactive:        1596656 kB
Active(anon):    1205600 kB
Inactive(anon):    25024 kB
Active(file):     240376 kB
Inactive(file):  1571632 kB
Unevictable:        5620 kB
Mlocked:            5620 kB
SwapTotal:       3145724 kB
SwapFree:        3145724 kB
Dirty:              1064 kB
Writeback:             0 kB
AnonPages:       1204876 kB
Mapped:           854520 kB
Shmem:             26944 kB
KReclaimable:     664348 kB
Slab:             222092 kB
SReclaimable:      77284 kB
SUnreclaim:       144808 kB
KernelStack:       46176 kB
PageTables:        62120 kB
NFS_Unstable:          0 kB
Bounce:                0 kB
WritebackTmp:          0 kB
CommitLimit:     9202292 kB
Committed_AS:   65814156 kB
VmallocTotal:   263061440 kB
VmallocUsed:      103136 kB
VmallocChunk:          0 kB
Percpu:             7552 kB
CmaTotal:         294912 kB
CmaFree:               0 kB
MemTotal:       12113136 kB
MemFree:         6436516 kB
MemAvailable:    8044176 kB
Buffers:            5852 kB
Cached:          1837676 kB
SwapCached:            0 kB
Active:          1446836 kB
Inactive:        1596664 kB
Active(anon):    1206460 kB
Inactive(anon):    25024 kB
Active(file):     240376 kB
Inactive(file):  1571640 kB
Unevictable:        5620 kB
Mlocked:            5620 kB
SwapTotal:       3145724 kB
SwapFree:        3145724 kB
Dirty:              1072 kB
Writeback:             0 kB
AnonPages:       1205604 kB
Mapped:           854520 kB
Shmem:             26944 kB
KReclaimable:     664348 kB
Slab:             222092 kB
SReclaimable:      77284 kB
SUnreclaim:       144808 kB
KernelStack:       46160 kB
PageTables:        62136 kB
NFS_Unstable:          0 kB
Bounce:                0 kB
WritebackTmp:          0 kB
CommitLimit:     9202292 kB
Committed_AS:   65814652 kB
VmallocTotal:   263061440 kB
VmallocUsed:      103168 kB
VmallocChunk:          0 kB
Percpu:             7552 kB
CmaTotal:         294912 kB
CmaFree:               0 kB
MemTotal:       12113136 kB
MemFree:         6440016 kB
MemAvailable:    8047684 kB
Buffers:            5852 kB
Cached:          1837684 kB
SwapCached:            0 kB
Active:          1439560 kB
Inactive:        1596676 kB
Active(anon):    1199188 kB
Inactive(anon):    25024 kB
Active(file):     240372 kB
Inactive(file):  1571652 kB
Unevictable:        5620 kB
Mlocked:            5620 kB
SwapTotal:       3145724 kB
SwapFree:        3145724 kB
Dirty:              1084 kB
Writeback:             0 kB
AnonPages:       1198412 kB
Mapped:           854520 kB
Shmem:             26944 kB
KReclaimable:     664348 kB
Slab:             222100 kB
SReclaimable:      77284 kB
SUnreclaim:       144816 kB
KernelStack:       46160 kB
PageTables:        62160 kB
NFS_Unstable:          0 kB
Bounce:                0 kB
WritebackTmp:          0 kB
CommitLimit:     9202292 kB
Committed_AS:   65814952 kB
VmallocTotal:   263061440 kB
VmallocUsed:      103152 kB
VmallocChunk:          0 kB
Percpu:             7552 kB
CmaTotal:         294912 kB
CmaFree:               0 kB
MemTotal:       12113136 kB
MemFree:         6441584 kB
MemAvailable:    8049276 kB
Buffers:            5852 kB
Cached:          1837712 kB
SwapCached:            0 kB
Active:          1439152 kB
Inactive:        1596704 kB
Active(anon):    1198780 kB
Inactive(anon):    25024 kB
Active(file):     240372 kB
Inactive(file):  1571680 kB
Unevictable:        5620 kB
Mlocked:            5620 kB
SwapTotal:       3145724 kB
SwapFree:        3145724 kB
Dirty:              1132 kB
Writeback:             0 kB
AnonPages:       1197688 kB
Mapped:           854520 kB
Shmem:             26944 kB
KReclaimable:     664344 kB
Slab:             222088 kB
SReclaimable:      77280 kB
SUnreclaim:       144808 kB
KernelStack:       46176 kB
PageTables:        62116 kB
NFS_Unstable:          0 kB
Bounce:                0 kB
WritebackTmp:          0 kB
CommitLimit:     9202292 kB
Committed_AS:   65814788 kB
VmallocTotal:   263061440 kB
VmallocUsed:      103136 kB
VmallocChunk:          0 kB
Percpu:             7552 kB
CmaTotal:         294912 kB
CmaFree:               8 kB
MemTotal:       12113136 kB
MemFree:         6440636 kB
MemAvailable:    8048340 kB
Buffers:            5852 kB
Cached:          1837724 kB
SwapCached:            0 kB
Active:          1439792 kB
Inactive:        1596712 kB
Active(anon):    1199416 kB
Inactive(anon):    25024 kB
Active(file):     240376 kB
Inactive(file):  1571688 kB
Unevictable:        5620 kB
Mlocked:            5620 kB
SwapTotal:       3145724 kB
SwapFree:        3145724 kB
Dirty:              1148 kB
Writeback:             0 kB
AnonPages:       1198540 kB
Mapped:           854520 kB
Shmem:             26944 kB
KReclaimable:     664344 kB
Slab:             222096 kB
SReclaimable:      77280 kB
SUnreclaim:       144816 kB
KernelStack:       46160 kB
PageTables:        62136 kB
NFS_Unstable:          0 kB
Bounce:                0 kB
WritebackTmp:          0 kB
CommitLimit:     9202292 kB
Committed_AS:   65814192 kB
VmallocTotal:   263061440 kB
VmallocUsed:      103136 kB
VmallocChunk:          0 kB
Percpu:             7552 kB
CmaTotal:         294912 kB
CmaFree:               0 kB
MemTotal:       12113136 kB
MemFree:         6441640 kB
MemAvailable:    8049360 kB
Buffers:            5852 kB
Cached:          1837740 kB
SwapCached:            0 kB
Active:          1439820 kB
Inactive:        1596728 kB
Active(anon):    1199444 kB
Inactive(anon):    25024 kB
Active(file):     240376 kB
Inactive(file):  1571704 kB
Unevictable:        5620 kB
Mlocked:            5620 kB
SwapTotal:       3145724 kB
SwapFree:        3145724 kB
Dirty:               276 kB
Writeback:             0 kB
AnonPages:       1198652 kB
Mapped:           854520 kB
Shmem:             26944 kB
KReclaimable:     664344 kB
Slab:             222108 kB
SReclaimable:      77280 kB
SUnreclaim:       144828 kB
KernelStack:       46160 kB
PageTables:        62136 kB
NFS_Unstable:          0 kB
Bounce:                0 kB
WritebackTmp:          0 kB
CommitLimit:     9202292 kB
Committed_AS:   65813924 kB
VmallocTotal:   263061440 kB
VmallocUsed:      103168 kB
VmallocChunk:          0 kB
Percpu:             7552 kB
CmaTotal:         294912 kB
CmaFree:               8 kB
MemTotal:       12113136 kB
MemFree:         6437888 kB
MemAvailable:    8045616 kB
Buffers:            5852 kB
Cached:          1837748 kB
SwapCached:            0 kB
Active:          1446468 kB
Inactive:        1596736 kB
Active(anon):    1206092 kB
Inactive(anon):    25024 kB
Active(file):     240376 kB
Inactive(file):  1571712 kB
Unevictable:        5620 kB
Mlocked:            5620 kB
SwapTotal:       3145724 kB
SwapFree:        3145724 kB
Dirty:               356 kB
Writeback:             0 kB
AnonPages:       1205212 kB
Mapped:           854520 kB
Shmem:             26944 kB
KReclaimable:     664344 kB
Slab:             222108 kB
SReclaimable:      77280 kB
SUnreclaim:       144828 kB
KernelStack:       46160 kB
PageTables:        62140 kB
NFS_Unstable:          0 kB
Bounce:                0 kB
WritebackTmp:          0 kB
CommitLimit:     9202292 kB
Committed_AS:   65813924 kB
VmallocTotal:   263061440 kB
VmallocUsed:      103168 kB
VmallocChunk:          0 kB
Percpu:             7552 kB
CmaTotal:         294912 kB
CmaFree:             108 kB
MemTotal:       12113136 kB
MemFree:         6414480 kB
MemAvailable:    8022224 kB
Buffers:            5852 kB
Cached:          1837764 kB
SwapCached:            0 kB
Active:          1468804 kB
Inactive:        1596752 kB
Active(anon):    1228428 kB
Inactive(anon):    25024 kB
Active(file):     240376 kB
Inactive(file):  1571728 kB
Unevictable:        5620 kB
Mlocked:            5620 kB
SwapTotal:       3145724 kB
SwapFree:        3145724 kB
Dirty:               372 kB
Writeback:             0 kB
AnonPages:       1227312 kB
Mapped:           854520 kB
Shmem:             26944 kB
KReclaimable:     664344 kB
Slab:             222116 kB
SReclaimable:      77280 kB
SUnreclaim:       144836 kB
KernelStack:       46176 kB
PageTables:        62276 kB
NFS_Unstable:          0 kB
Bounce:                0 kB
WritebackTmp:          0 kB
CommitLimit:     9202292 kB
Committed_AS:   65813800 kB
VmallocTotal:   263061440 kB
VmallocUsed:      103200 kB
VmallocChunk:          0 kB
Percpu:             7552 kB
CmaTotal:         294912 kB
CmaFree:               0 kB
MemTotal:       12113136 kB
MemFree:         6414196 kB
MemAvailable:    8021956 kB
Buffers:            5852 kB
Cached:          1837780 kB
SwapCached:            0 kB
Active:          1469088 kB
Inactive:        1596764 kB
Active(anon):    1228708 kB
Inactive(anon):    25024 kB
Active(file):     240380 kB
Inactive(file):  1571740 kB
Unevictable:        5620 kB
Mlocked:            5620 kB
SwapTotal:       3145724 kB
SwapFree:        3145724 kB
Dirty:               388 kB
Writeback:             0 kB
AnonPages:       1227888 kB
Mapped:           854520 kB
Shmem:             26944 kB
KReclaimable:     664344 kB
Slab:             222108 kB
SReclaimable:      77280 kB
SUnreclaim:       144828 kB
KernelStack:       46160 kB
PageTables:        62132 kB
NFS_Unstable:          0 kB
Bounce:                0 kB
WritebackTmp:          0 kB
CommitLimit:     9202292 kB
Committed_AS:   65808136 kB
VmallocTotal:   263061440 kB
VmallocUsed:      103168 kB
VmallocChunk:          0 kB
Percpu:             7552 kB
CmaTotal:         294912 kB
CmaFree:               0 kB
MemTotal:       12113136 kB
MemFree:         6407756 kB
MemAvailable:    8015540 kB
Buffers:            5856 kB
Cached:          1837800 kB
SwapCached:            0 kB
Active:          1475564 kB
Inactive:        1596788 kB
Active(anon):    1235184 kB
Inactive(anon):    25024 kB
Active(file):     240380 kB
Inactive(file):  1571764 kB
Unevictable:        5620 kB
Mlocked:            5620 kB
SwapTotal:       3145724 kB
SwapFree:        3145724 kB
Dirty:               396 kB
Writeback:             0 kB
AnonPages:       1234644 kB
Mapped:           854520 kB
Shmem:             26944 kB
KReclaimable:     664344 kB
Slab:             222108 kB
SReclaimable:      77280 kB
SUnreclaim:       144828 kB
KernelStack:       46160 kB
PageTables:        62140 kB
NFS_Unstable:          0 kB
Bounce:                0 kB
WritebackTmp:          0 kB
CommitLimit:     9202292 kB
Committed_AS:   65808064 kB
VmallocTotal:   263061440 kB
VmallocUsed:      103168 kB
VmallocChunk:          0 kB
Percpu:             7552 kB
CmaTotal:         294912 kB
CmaFree:               0 kB
MemTotal:       12113136 kB
MemFree:         6412364 kB
MemAvailable:    8020164 kB
Buffers:            5856 kB
Cached:          1837816 kB
SwapCached:            0 kB
Active:          1469824 kB
Inactive:        1596804 kB
Active(anon):    1229444 kB
Inactive(anon):    25024 kB
Active(file):     240380 kB
Inactive(file):  1571780 kB
Unevictable:        5620 kB
Mlocked:            5620 kB
SwapTotal:       3145724 kB
SwapFree:        3145724 kB
Dirty:               416 kB
Writeback:             0 kB
AnonPages:       1228640 kB
Mapped:           854520 kB
Shmem:             26944 kB
KReclaimable:     664344 kB
Slab:             222116 kB
SReclaimable:      77280 kB
SUnreclaim:       144836 kB
KernelStack:       46160 kB
PageTables:        62144 kB
NFS_Unstable:          0 kB
Bounce:                0 kB
WritebackTmp:          0 kB
CommitLimit:     9202292 kB
Committed_AS:   65813020 kB
VmallocTotal:   263061440 kB
VmallocUsed:      103200 kB
