MemTotal:        5980404 kB
MemFree:         1236128 kB
MemAvailable:    2922116 kB
Buffers:            6648 kB
Cached:          1696708 kB
SwapCached:            0 kB
Active:          1253296 kB
Inactive:        1471236 kB
Active(anon):    1027488 kB
Inactive(anon):    21188 kB
Active(file):     225808 kB
Inactive(file):  1450048 kB
Unevictable:        5576 kB
Mlocked:            5576 kB
SwapTotal:       3670008 kB
SwapFree:        3670008 kB
Dirty:               436 kB
Writeback:             0 kB
AnonPages:       1027128 kB
Mapped:           784368 kB
Shmem:             22964 kB
KReclaimable:     572564 kB
Slab:             222112 kB
SReclaimable:      68708 kB
SUnreclaim:       153404 kB
KernelStack:       43456 kB
PageTables:        55776 kB
NFS_Unstable:          0 kB
Bounce:                0 kB
WritebackTmp:          0 kB
CommitLimit:     6660208 kB
Committed_AS:   61502904 kB
VmallocTotal:   263061440 kB
VmallocUsed:       83856 kB
VmallocChunk:          0 kB
Percpu:             7648 kB
CmaTotal:         315392 kB
CmaFree:               0 kB
MemTotal:        5980404 kB
MemFree:         1233316 kB
MemAvailable:    2919296 kB
Buffers:            6648 kB
Cached:          1696700 kB
SwapCached:            0 kB
Active:          1256228 kB
Inactive:        1471232 kB
Active(anon):    1030424 kB
Inactive(anon):    21188 kB
Active(file):     225804 kB
Inactive(file):  1450044 kB
Unevictable:        5576 kB
Mlocked:            5576 kB
SwapTotal:       3670008 kB
SwapFree:        3670008 kB
Dirty:               436 kB
Writeback:             0 kB
AnonPages:       1029748 kB
Mapped:           781628 kB
Shmem:             22964 kB
KReclaimable:     572564 kB
Slab:             222096 kB
SReclaimable:      68708 kB
SUnreclaim:       153388 kB
KernelStack:       43456 kB
PageTables:        55508 kB
NFS_Unstable:          0 kB
Bounce:                0 kB
WritebackTmp:          0 kB
CommitLimit:     6660208 kB
Committed_AS:   61501768 kB
VmallocTotal:   263061440 kB
VmallocUsed:       83904 kB
VmallocChunk:          0 kB
Percpu:             7648 kB
CmaTotal:         315392 kB
CmaFree:               0 kB
MemTotal:        5980404 kB
MemFree:         1233384 kB
MemAvailable:    2919364 kB
Buffers:            6648 kB
Cached:          1696700 kB
SwapCached:            0 kB
Active:          1256472 kB
Inactive:        1471232 kB
Active(anon):    1030668 kB
Inactive(anon):    21188 kB
Active(file):     225804 kB
Inactive(file):  1450044 kB
Unevictable:        5576 kB
Mlocked:            5576 kB
SwapTotal:       3670008 kB
SwapFree:        3670008 kB
Dirty:               436 kB
Writeback:             0 kB
AnonPages:       1029936 kB
Mapped:           781572 kB
Shmem:             22964 kB
KReclaimable:     572564 kB
Slab:             222096 kB
SReclaimable:      68708 kB
SUnreclaim:       153388 kB
KernelStack:       43456 kB
PageTables:        55796 kB
NFS_Unstable:          0 kB
Bounce:                0 kB
WritebackTmp:          0 kB
CommitLimit:     6660208 kB
Committed_AS:   61503108 kB
VmallocTotal:   263061440 kB
VmallocUsed:       83872 kB
VmallocChunk:          0 kB
Percpu:             7648 kB
CmaTotal:         315392 kB
CmaFree:               0 kB
MemTotal:        5980404 kB
MemFree:         1232520 kB
MemAvailable:    2918500 kB
Buffers:            6648 kB
Cached:          1696700 kB
SwapCached:            0 kB
Active:          1256840 kB
Inactive:        1471232 kB
Active(anon):    1031036 kB
Inactive(anon):    21188 kB
Active(file):     225804 kB
Inactive(file):  1450044 kB
Unevictable:        5576 kB
Mlocked:            5576 kB
SwapTotal:       3670008 kB
SwapFree:        3670008 kB
Dirty:               436 kB
Writeback:             0 kB
AnonPages:       1030512 kB
Mapped:           781836 kB
Shmem:             22964 kB
KReclaimable:     572564 kB
Slab:             222056 kB
SReclaimable:      68708 kB
SUnreclaim:       153348 kB
KernelStack:       43472 kB
PageTables:        55620 kB
NFS_Unstable:          0 kB
Bounce:                0 kB
WritebackTmp:          0 kB
CommitLimit:     6660208 kB
Committed_AS:   61501520 kB
VmallocTotal:   263061440 kB
VmallocUsed:       83856 kB
VmallocChunk:          0 kB
Percpu:             7648 kB
CmaTotal:         315392 kB
CmaFree:               0 kB
MemTotal:        5980404 kB
MemFree:         1232832 kB
MemAvailable:    2918856 kB
Buffers:            6648 kB
Cached:          1696708 kB
SwapCached:            0 kB
Active:          1257128 kB
Inactive:        1471236 kB
Active(anon):    1031320 kB
Inactive(anon):    21188 kB
Active(file):     225808 kB
Inactive(file):  1450048 kB
Unevictable:        5576 kB
Mlocked:            5576 kB
SwapTotal:       3670008 kB
SwapFree:        3670008 kB
Dirty:               108 kB
Writeback:             0 kB
AnonPages:       1030612 kB
Mapped:           781456 kB
Shmem:             22964 kB
KReclaimable:     572600 kB
Slab:             222140 kB
SReclaimable:      68744 kB
SUnreclaim:       153396 kB
KernelStack:       43456 kB
PageTables:        55588 kB
NFS_Unstable:          0 kB
Bounce:                0 kB
WritebackTmp:          0 kB
CommitLimit:     6660208 kB
Committed_AS:   61504612 kB
VmallocTotal:   263061440 kB
VmallocUsed:       83856 kB
VmallocChunk:          0 kB
Percpu:             7648 kB
CmaTotal:         315392 kB
CmaFree:              52 kB
MemTotal:        5980404 kB
MemFree:         1230944 kB
MemAvailable:    2916980 kB
Buffers:            6648 kB
Cached:          1696724 kB
SwapCached:            0 kB
Active:          1257848 kB
Inactive:        1471252 kB
Active(anon):    1032040 kB
Inactive(anon):    21192 kB
Active(file):     225808 kB
Inactive(file):  1450060 kB
Unevictable:        5576 kB
Mlocked:            5576 kB
SwapTotal:       3670008 kB
SwapFree:        3670008 kB
Dirty:               140 kB
Writeback:             0 kB
AnonPages:       1031316 kB
Mapped:           781712 kB
Shmem:             22968 kB
KReclaimable:     572600 kB
Slab:             222132 kB
SReclaimable:      68744 kB
SUnreclaim:       153388 kB
KernelStack:       43424 kB
PageTables:        55476 kB
NFS_Unstable:          0 kB
Bounce:                0 kB
WritebackTmp:          0 kB
CommitLimit:     6660208 kB
Committed_AS:   61505004 kB
VmallocTotal:   263061440 kB
VmallocUsed:       83824 kB
VmallocChunk:          0 kB
Percpu:             7648 kB
CmaTotal:         315392 kB
CmaFree:               0 kB
MemTotal:        5980404 kB
MemFree:         1231760 kB
MemAvailable:    2917796 kB
Buffers:            6648 kB
Cached:          1696732 kB
SwapCached:            0 kB
Active:          1257908 kB
Inactive:        1471260 kB
Active(anon):    1032100 kB
Inactive(anon):    21200 kB
Active(file):     225808 kB
Inactive(file):  1450060 kB
Unevictable:        5576 kB
Mlocked:            5576 kB
SwapTotal:       3670008 kB
SwapFree:        3670008 kB
Dirty:               140 kB
Writeback:             0 kB
AnonPages:       1031600 kB
Mapped:           781728 kB
Shmem:             22976 kB
KReclaimable:     572600 kB
Slab:             222140 kB
SReclaimable:      68744 kB
SUnreclaim:       153396 kB
KernelStack:       43452 kB
PageTables:        55680 kB
NFS_Unstable:          0 kB
Bounce:                0 kB
WritebackTmp:          0 kB
CommitLimit:     6660208 kB
Committed_AS:   61500368 kB
VmallocTotal:   263061440 kB
VmallocUsed:       83808 kB
VmallocChunk:          0 kB
Percpu:             7648 kB
CmaTotal:         315392 kB
CmaFree:               4 kB
MemTotal:        5980404 kB
MemFree:         1230336 kB
MemAvailable:    2916372 kB
Buffers:            6648 kB
Cached:          1696732 kB
SwapCached:            0 kB
Active:          1258400 kB
Inactive:        1471260 kB
Active(anon):    1032592 kB
Inactive(anon):    21200 kB
Active(file):     225808 kB
Inactive(file):  1450060 kB
Unevictable:        5576 kB
Mlocked:            5576 kB
SwapTotal:       3670008 kB
SwapFree:        3670008 kB
Dirty:               140 kB
Writeback:             0 kB
AnonPages:       1031928 kB
Mapped:           781508 kB
Shmem:             22976 kB
KReclaimable:     572600 kB
Slab:             222116 kB
SReclaimable:      68744 kB
SUnreclaim:       153372 kB
KernelStack:       43392 kB
PageTables:        55504 kB
NFS_Unstable:          0 kB
Bounce:                0 kB
WritebackTmp:          0 kB
CommitLimit:     6660208 kB
Committed_AS:   61502080 kB
VmallocTotal:   263061440 kB
VmallocUsed:       83808 kB
VmallocChunk:          0 kB
Percpu:             7648 kB
CmaTotal:         315392 kB
CmaFree:               0 kB
MemTotal:        5980404 kB
MemFree:         1230404 kB
MemAvailable:    2916440 kB
Buffers:            6648 kB
Cached:          1696732 kB
SwapCached:            0 kB
Active:          1258664 kB
Inactive:        1471260 kB
Active(anon):    1032856 kB
Inactive(anon):    21200 kB
Active(file):     225808 kB
Inactive(file):  1450060 kB
Unevictable:        5576 kB
Mlocked:            5576 kB
SwapTotal:       3670008 kB
SwapFree:        3670008 kB
Dirty:               144 kB
Writeback:             0 kB
AnonPages:       1032316 kB
Mapped:           781524 kB
Shmem:             22976 kB
KReclaimable:     572600 kB
Slab:             222132 kB
SReclaimable:      68744 kB
SUnreclaim:       153388 kB
KernelStack:       43456 kB
PageTables:        55496 kB
NFS_Unstable:          0 kB
Bounce:                0 kB
WritebackTmp:          0 kB
CommitLimit:     6660208 kB
Committed_AS:   61499140 kB
VmallocTotal:   263061440 kB
VmallocUsed:       83840 kB
VmallocChunk:          0 kB
Percpu:             7648 kB
CmaTotal:         315392 kB
CmaFree:               0 kB
MemTotal:        5980404 kB
MemFree:         1230372 kB
MemAvailable:    2916408 kB
Buffers:            6648 kB
Cached:          1696732 kB
SwapCached:            0 kB
Active:          1259236 kB
Inactive:        1471260 kB
Active(anon):    1033428 kB
Inactive(anon):    21200 kB
Active(file):     225808 kB
Inactive(file):  1450060 kB
Unevictable:        5576 kB
Mlocked:            5576 kB
SwapTotal:       3670008 kB
SwapFree:        3670008 kB
Dirty:               160 kB
Writeback:             0 kB
AnonPages:       1032356 kB
Mapped:           781728 kB
Shmem:             22976 kB
KReclaimable:     572600 kB
Slab:             222124 kB
SReclaimable:      68744 kB
SUnreclaim:       153380 kB
KernelStack:       43488 kB
PageTables:        55804 kB
NFS_Unstable:          0 kB
Bounce:                0 kB
WritebackTmp:          0 kB
CommitLimit:     6660208 kB
Committed_AS:   61500224 kB
VmallocTotal:   263061440 kB
VmallocUsed:       83776 kB
VmallocChunk:          0 kB
Percpu:             7648 kB
CmaTotal:         315392 kB
CmaFree:               0 kB
MemTotal:        5980404 kB
MemFree:         1230176 kB
MemAvailable:    2916212 kB
Buffers:            6648 kB
Cached:          1696732 kB
SwapCached:            0 kB
Active:          1259756 kB
Inactive:        1471260 kB
Active(anon):    1033948 kB
Inactive(anon):    21200 kB
Active(file):     225808 kB
Inactive(file):  1450060 kB
Unevictable:        5576 kB
Mlocked:            5576 kB
SwapTotal:       3670008 kB
SwapFree:        3670008 kB
Dirty:               188 kB
Writeback:             0 kB
AnonPages:       1033392 kB
Mapped:           781508 kB
Shmem:             22976 kB
KReclaimable:     572600 kB
Slab:             222140 kB
SReclaimable:      68744 kB
SUnreclaim:       153396 kB
KernelStack:       43440 kB
PageTables:        55492 kB
NFS_Unstable:          0 kB
Bounce:                0 kB
WritebackTmp:          0 kB
CommitLimit:     6660208 kB
Committed_AS:   61499904 kB
VmallocTotal:   263061440 kB
VmallocUsed:       83792 kB
VmallocChunk:          0 kB
Percpu:             7648 kB
CmaTotal:         315392 kB
CmaFree:              32 kB
MemTotal:        5980404 kB
MemFree:         1230088 kB
MemAvailable:    2916140 kB
Buffers:            6652 kB
Cached:          1696744 kB
SwapCached:            0 kB
Active:          1259172 kB
Inactive:        1471272 kB
Active(anon):    1033360 kB
Inactive(anon):    21200 kB
Active(file):     225812 kB
Inactive(file):  1450072 kB
Unevictable:        5576 kB
Mlocked:            5576 kB
SwapTotal:       3670008 kB
SwapFree:        3670008 kB
Dirty:               180 kB
Writeback:             0 kB
AnonPages:       1032396 kB
Mapped:           781636 kB
Shmem:             22976 kB
KReclaimable:     572600 kB
Slab:             222148 kB
SReclaimable:      68744 kB
SUnreclaim:       153404 kB
KernelStack:       43440 kB
PageTables:        55648 kB
NFS_Unstable:          0 kB
Bounce:                0 kB
WritebackTmp:          0 kB
CommitLimit:     6660208 kB
Committed_AS:   61501144 kB
VmallocTotal:   263061440 kB
VmallocUsed:       83760 kB
VmallocChunk:          0 kB
Percpu:             7648 kB
CmaTotal:         315392 kB
CmaFree:               0 kB
MemTotal:        5980404 kB
MemFree:         1229956 kB
MemAvailable:    2916008 kB
Buffers:            6652 kB
Cached:          1696744 kB
SwapCached:            0 kB
Active:          1259472 kB
Inactive:        1471272 kB
Active(anon):    1033660 kB
Inactive(anon):    21200 kB
Active(file):     225812 kB
Inactive(file):  1450072 kB
Unevictable:        5576 kB
Mlocked:            5576 kB
SwapTotal:       3670008 kB
SwapFree:        3670008 kB
Dirty:               180 kB
Writeback:             0 kB
AnonPages:       1032960 kB
Mapped:           781712 kB
Shmem:             22976 kB
KReclaimable:     572600 kB
Slab:             222100 kB
SReclaimable:      68744 kB
SUnreclaim:       153356 kB
KernelStack:       43456 kB
PageTables:        55520 kB
NFS_Unstable:          0 kB
Bounce:                0 kB
WritebackTmp:          0 kB
CommitLimit:     6660208 kB
Committed_AS:   61501556 kB
VmallocTotal:   263061440 kB
VmallocUsed:       83792 kB
VmallocChunk:          0 kB
Percpu:             7648 kB
CmaTotal:         315392 kB
CmaFree:               0 kB
MemTotal:        5980404 kB
MemFree:         1230428 kB
MemAvailable:    2916480 kB
Buffers:            6652 kB
Cached:          1696744 kB
SwapCached:            0 kB
Active:          1259624 kB
Inactive:        1471272 kB
Active(anon):    1033812 kB
Inactive(anon):    21200 kB
Active(file):     225812 kB
Inactive(file):  1450072 kB
Unevictable:        5576 kB
Mlocked:            5576 kB
SwapTotal:       3670008 kB
SwapFree:        3670008 kB
Dirty:               180 kB
Writeback:             0 kB
AnonPages:       1032996 kB
Mapped:           781688 kB
Shmem:             22976 kB
KReclaimable:     572600 kB
Slab:             222132 kB
SReclaimable:      68744 kB
SUnreclaim:       153388 kB
KernelStack:       43488 kB
PageTables:        55648 kB
NFS_Unstable:          0 kB
Bounce:                0 kB
WritebackTmp:          0 kB
CommitLimit:     6660208 kB
Committed_AS:   61498632 kB
VmallocTotal:   263061440 kB
VmallocUsed:       83808 kB
VmallocChunk:          0 kB
Percpu:             7648 kB
CmaTotal:         315392 kB
CmaFree:               0 kB
MemTotal:        5980404 kB
MemFree:         1229716 kB
MemAvailable:    2915768 kB
Buffers:            6652 kB
Cached:          1696744 kB
SwapCached:            0 kB
Active:          1259724 kB
Inactive:        1471272 kB
Active(anon):    1033912 kB
Inactive(anon):    21200 kB
Active(file):     225812 kB
Inactive(file):  1450072 kB
Unevictable:        5576 kB
Mlocked:            5576 kB
SwapTotal:       3670008 kB
SwapFree:        3670008 kB
Dirty:                88 kB
Writeback:             0 kB
AnonPages:       1033248 kB
Mapped:           781696 kB
Shmem:             22976 kB
KReclaimable:     572600 kB
Slab:             222084 kB
SReclaimable:      68744 kB
SUnreclaim:       153340 kB
KernelStack:       43440 kB
PageTables:        55640 kB
NFS_Unstable:          0 kB
Bounce:                0 kB
WritebackTmp:          0 kB
CommitLimit:     6660208 kB
Committed_AS:   61500960 kB
VmallocTotal:   263061440 kB
VmallocUsed:       83808 kB
VmallocChunk:          0 kB
Percpu:             7648 kB
CmaTotal:         315392 kB
CmaFree:               8 kB
MemTotal:        5980404 kB
MemFree:         1229540 kB
MemAvailable:    2915592 kB
Buffers:            6652 kB
Cached:          1696744 kB
SwapCached:            0 kB
Active:          1260864 kB
Inactive:        1471272 kB
Active(anon):    1035052 kB
Inactive(anon):    21200 kB
Active(file):     225812 kB
Inactive(file):  1450072 kB
Unevictable:        5576 kB
Mlocked:            5576 kB
SwapTotal:       3670008 kB
SwapFree:        3670008 kB
Dirty:                88 kB
Writeback:             0 kB
AnonPages:       1034140 kB
Mapped:           781596 kB
Shmem:             22976 kB
KReclaimable:     572600 kB
Slab:             222156 kB
SReclaimable:      68744 kB
SUnreclaim:       153412 kB
KernelStack:       43456 kB
PageTables:        55636 kB
NFS_Unstable:          0 kB
Bounce:                0 kB
WritebackTmp:          0 kB
CommitLimit:     6660208 kB
Committed_AS:   61498784 kB
VmallocTotal:   263061440 kB
VmallocUsed:       83792 kB
VmallocChunk:          0 kB
Percpu:             7648 kB
CmaTotal:         315392 kB
CmaFree:               0 kB
MemTotal:        5980404 kB
MemFree:         1228668 kB
MemAvailable:    2914720 kB
Buffers:            6652 kB
Cached:          1696768 kB
SwapCached:            0 kB
Active:          1262464 kB
Inactive:        1471284 kB
Active(anon):    1036640 kB
Inactive(anon):    21224 kB
Active(file):     225824 kB
Inactive(file):  1450060 kB
Unevictable:        5576 kB
Mlocked:            5576 kB
SwapTotal:       3670008 kB
SwapFree:        3670008 kB
Dirty:               264 kB
Writeback:            16 kB
AnonPages:       1035992 kB
Mapped:           781492 kB
Shmem:             23000 kB
KReclaimable:     572600 kB
Slab:             222116 kB
SReclaimable:      68744 kB
SUnreclaim:       153372 kB
KernelStack:       43408 kB
PageTables:        55600 kB
NFS_Unstable:          0 kB
Bounce:                0 kB
WritebackTmp:          0 kB
CommitLimit:     6660208 kB
Committed_AS:   61503448 kB
VmallocTotal:   263061440 kB
VmallocUsed:       83808 kB
VmallocChunk:          0 kB
Percpu:             7648 kB
CmaTotal:         315392 kB
CmaFree:               0 kB
MemTotal:        5980404 kB
MemFree:         1230072 kB
MemAvailable:    2916124 kB
Buffers:            6652 kB
Cached:          1696768 kB
SwapCached:            0 kB
Active:          1258776 kB
Inactive:        1471276 kB
Active(anon):    1032944 kB
Inactive(anon):    21224 kB
Active(file):     225832 kB
Inactive(file):  1450052 kB
Unevictable:        5576 kB
Mlocked:            5576 kB
SwapTotal:       3670008 kB
SwapFree:        3670008 kB
Dirty:               328 kB
Writeback:             0 kB
AnonPages:       1032052 kB
Mapped:           781548 kB
Shmem:             23000 kB
KReclaimable:     572600 kB
Slab:             222132 kB
SReclaimable:      68744 kB
SUnreclaim:       153388 kB
KernelStack:       43504 kB
PageTables:        55492 kB
NFS_Unstable:          0 kB
Bounce:                0 kB
WritebackTmp:          0 kB
CommitLimit:     6660208 kB
Committed_AS:   61504820 kB
VmallocTotal:   263061440 kB
VmallocUsed:       83904 kB
VmallocChunk:          0 kB
Percpu:             7648 kB
CmaTotal:         315392 kB
CmaFree:             148 kB
MemTotal:        5980404 kB
MemFree:         1230468 kB
MemAvailable:    2916520 kB
Buffers:            6652 kB
Cached:          1696768 kB
SwapCached:            0 kB
Active:          1259440 kB
Inactive:        1471276 kB
Active(anon):    1033608 kB
Inactive(anon):    21224 kB
Active(file):     225832 kB
Inactive(file):  1450052 kB
Unevictable:        5576 kB
Mlocked:            5576 kB
SwapTotal:       3670008 kB
SwapFree:        3670008 kB
Dirty:               384 kB
Writeback:             0 kB
AnonPages:       1032968 kB
Mapped:           781720 kB
Shmem:             23000 kB
KReclaimable:     572600 kB
Slab:             222092 kB
SReclaimable:      68744 kB
SUnreclaim:       153348 kB
KernelStack:       43568 kB
PageTables:        55664 kB
NFS_Unstable:          0 kB
Bounce:                0 kB
WritebackTmp:          0 kB
CommitLimit:     6660208 kB
Committed_AS:   61506228 kB
VmallocTotal:   263061440 kB
VmallocUsed:       83888 kB
VmallocChunk:          0 kB
Percpu:             7648 kB
CmaTotal:         315392 kB
CmaFree:               0 kB
MemTotal:        5980404 kB
MemFree:         1229640 kB
MemAvailable:    2915696 kB
Buffers:            6652 kB
Cached:          1696772 kB
SwapCached:            0 kB
Active:          1259684 kB
Inactive:        1471280 kB
Active(anon):    1033852 kB
Inactive(anon):    21224 kB
Active(file):     225832 kB
Inactive(file):  1450056 kB
Unevictable:        5576 kB
Mlocked:            5576 kB
SwapTotal:       3670008 kB
SwapFree:        3670008 kB
Dirty:               120 kB
Writeback:             0 kB
AnonPages:       1033276 kB
Mapped:           781432 kB
Shmem:             23000 kB
KReclaimable:     572600 kB
Slab:             222140 kB
SReclaimable:      68744 kB
SUnreclaim:       153396 kB
KernelStack:       43568 kB
PageTables:        55648 kB
NFS_Unstable:          0 kB
Bounce:                0 kB
WritebackTmp:          0 kB
CommitLimit:     6660208 kB
Committed_AS:   61503144 kB
VmallocTotal:   263061440 kB
VmallocUsed:       83920 kB
VmallocChunk:          0 kB
Percpu:             7648 kB
CmaTotal:         315392 kB
CmaFree:               0 kB
MemTotal:        5980404 kB
MemFree:         1230292 kB
MemAvailable:    2916356 kB
Buffers:            6652 kB
Cached:          1696780 kB
SwapCached:            0 kB
Active:          1260464 kB
Inactive:        1471288 kB
Active(anon):    1034632 kB
Inactive(anon):    21224 kB
Active(file):     225832 kB
Inactive(file):  1450064 kB
Unevictable:        5576 kB
Mlocked:            5576 kB
SwapTotal:       3670008 kB
SwapFree:        3670008 kB
Dirty:               144 kB
Writeback:             0 kB
AnonPages:       1033744 kB
Mapped:           781792 kB
Shmem:             23000 kB
KReclaimable:     572600 kB
Slab:             222100 kB
SReclaimable:      68744 kB
SUnreclaim:       153356 kB
KernelStack:       43600 kB
PageTables:        55644 kB
NFS_Unstable:          0 kB
Bounce:                0 kB
WritebackTmp:          0 kB
CommitLimit:     6660208 kB
Committed_AS:   61507740 kB
VmallocTotal:   263061440 kB
VmallocUsed:       83920 kB
VmallocChunk:          0 kB
Percpu:             7648 kB
CmaTotal:         315392 kB
CmaFree:               0 kB
MemTotal:        5980404 kB
MemFree:         1230388 kB
MemAvailable:    2916452 kB
Buffers:            6652 kB
Cached:          1696780 kB
SwapCached:            0 kB
Active:          1260268 kB
Inactive:        1471288 kB
Active(anon):    1034436 kB
Inactive(anon):    21224 kB
Active(file):     225832 kB
Inactive(file):  1450064 kB
Unevictable:        5576 kB
Mlocked:            5576 kB
SwapTotal:       3670008 kB
SwapFree:        3670008 kB
Dirty:               188 kB
Writeback:             0 kB
AnonPages:       1033684 kB
Mapped:           781556 kB
Shmem:             23000 kB
KReclaimable:     572600 kB
Slab:             222140 kB
SReclaimable:      68744 kB
SUnreclaim:       153396 kB
KernelStack:       43552 kB
PageTables:        55540 kB
NFS_Unstable:          0 kB
Bounce:                0 kB
WritebackTmp:          0 kB
CommitLimit:     6660208 kB
Committed_AS:   61507200 kB
VmallocTotal:   263061440 kB
VmallocUsed:       83936 kB
VmallocChunk:          0 kB
Percpu:             7648 kB
CmaTotal:         315392 kB
CmaFree:               0 kB
MemTotal:        5980404 kB
MemFree:         1229852 kB
MemAvailable:    2915916 kB
Buffers:            6652 kB
Cached:          1696780 kB
SwapCached:            0 kB
Active:          1260636 kB
Inactive:        1471288 kB
Active(anon):    1034804 kB
Inactive(anon):    21224 kB
Active(file):     225832 kB
Inactive(file):  1450064 kB
Unevictable:        5576 kB
Mlocked:            5576 kB
SwapTotal:       3670008 kB
SwapFree:        3670008 kB
Dirty:               188 kB
Writeback:             0 kB
AnonPages:       1033916 kB
Mapped:           781740 kB
Shmem:             23000 kB
KReclaimable:     572600 kB
Slab:             222132 kB
SReclaimable:      68744 kB
SUnreclaim:       153388 kB
KernelStack:       43552 kB
PageTables:        55652 kB
NFS_Unstable:          0 kB
Bounce:                0 kB
WritebackTmp:          0 kB
CommitLimit:     6660208 kB
Committed_AS:   61506748 kB
VmallocTotal:   263061440 kB
VmallocUsed:       83904 kB
VmallocChunk:          0 kB
Percpu:             7648 kB
CmaTotal:         315392 kB
CmaFree:               0 kB
MemTotal:        5980404 kB
MemFree:         1228944 kB
MemAvailable:    2915008 kB
Buffers:            6652 kB
Cached:          1696780 kB
SwapCached:            0 kB
Active:          1260608 kB
Inactive:        1471288 kB
Active(anon):    1034776 kB
Inactive(anon):    21224 kB
Active(file):     225832 kB
Inactive(file):  1450064 kB
Unevictable:        5576 kB
Mlocked:            5576 kB
SwapTotal:       3670008 kB
SwapFree:        3670008 kB
Dirty:               188 kB
Writeback:             0 kB
AnonPages:       1033980 kB
Mapped:           781528 kB
Shmem:             23000 kB
KReclaimable:     572600 kB
Slab:             222148 kB
SReclaimable:      68744 kB
SUnreclaim:       153404 kB
KernelStack:       43592 kB
PageTables:        55684 kB
NFS_Unstable:          0 kB
Bounce:                0 kB
WritebackTmp:          0 kB
CommitLimit:     6660208 kB
Committed_AS:   61507664 kB
VmallocTotal:   263061440 kB
VmallocUsed:       83920 kB
VmallocChunk:          0 kB
Percpu:             7648 kB
CmaTotal:         315392 kB
CmaFree:              36 kB
MemTotal:        5980404 kB
MemFree:         1229620 kB
MemAvailable:    2915684 kB
Buffers:            6652 kB
Cached:          1696780 kB
SwapCached:            0 kB
Active:          1261120 kB
Inactive:        1471288 kB
Active(anon):    1035288 kB
Inactive(anon):    21224 kB
Active(file):     225832 kB
Inactive(file):  1450064 kB
Unevictable:        5576 kB
Mlocked:            5576 kB
SwapTotal:       3670008 kB
SwapFree:        3670008 kB
Dirty:               184 kB
Writeback:             0 kB
AnonPages:       1034648 kB
Mapped:           781632 kB
Shmem:             23000 kB
KReclaimable:     572600 kB
Slab:             222116 kB
SReclaimable:      68744 kB
SUnreclaim:       153372 kB
KernelStack:       43568 kB
PageTables:        55652 kB
NFS_Unstable:          0 kB
Bounce:                0 kB
WritebackTmp:          0 kB
CommitLimit:     6660208 kB
Committed_AS:   61506472 kB
VmallocTotal:   263061440 kB
VmallocUsed:       83888 kB
VmallocChunk:          0 kB
Percpu:             7648 kB
CmaTotal:         315392 kB
CmaFree:              36 kB
MemTotal:        5980404 kB
MemFree:         1228984 kB
MemAvailable:    2915048 kB
Buffers:            6652 kB
Cached:          1696780 kB
SwapCached:            0 kB
Active:          1259500 kB
Inactive:        1471288 kB
Active(anon):    1033668 kB
Inactive(anon):    21224 kB
Active(file):     225832 kB
Inactive(file):  1450064 kB
Unevictable:        5576 kB
Mlocked:            5576 kB
SwapTotal:       3670008 kB
SwapFree:        3670008 kB
Dirty:               196 kB
Writeback:             0 kB
AnonPages:       1033180 kB
Mapped:           780912 kB
Shmem:             23000 kB
KReclaimable:     572600 kB
Slab:             222140 kB
SReclaimable:      68744 kB
SUnreclaim:       153396 kB
KernelStack:       43504 kB
PageTables:        55520 kB
NFS_Unstable:          0 kB
Bounce:                0 kB
WritebackTmp:          0 kB
CommitLimit:     6660208 kB
Committed_AS:   61505324 kB
VmallocTotal:   263061440 kB
VmallocUsed:       83904 kB
VmallocChunk:          0 kB
Percpu:             7648 kB
CmaTotal:         315392 kB
CmaFree:               4 kB
MemTotal:        5980404 kB
MemFree:         1229296 kB
MemAvailable:    2915380 kB
Buffers:            6656 kB
Cached:          1696796 kB
SwapCached:            0 kB
Active:          1259944 kB
Inactive:        1471304 kB
Active(anon):    1034108 kB
Inactive(anon):    21224 kB
Active(file):     225836 kB
Inactive(file):  1450080 kB
Unevictable:        5576 kB
Mlocked:            5576 kB
SwapTotal:       3670008 kB
SwapFree:        3670008 kB
Dirty:               180 kB
Writeback:             0 kB
AnonPages:       1033248 kB
Mapped:           781084 kB
Shmem:             23000 kB
KReclaimable:     572600 kB
Slab:             222164 kB
SReclaimable:      68744 kB
SUnreclaim:       153420 kB
KernelStack:       43616 kB
PageTables:        55612 kB
NFS_Unstable:          0 kB
Bounce:                0 kB
WritebackTmp:          0 kB
CommitLimit:     6660208 kB
Committed_AS:   61503908 kB
VmallocTotal:   263061440 kB
VmallocUsed:       83904 kB
VmallocChunk:          0 kB
Percpu:             7648 kB
CmaTotal:         315392 kB
CmaFree:              12 kB
MemTotal:        5980404 kB
MemFree:         1228968 kB
MemAvailable:    2915060 kB
Buffers:            6656 kB
Cached:          1696804 kB
SwapCached:            0 kB
Active:          1260820 kB
Inactive:        1471308 kB
Active(anon):    1034980 kB
Inactive(anon):    21224 kB
Active(file):     225840 kB
Inactive(file):  1450084 kB
Unevictable:        5576 kB
Mlocked:            5576 kB
SwapTotal:       3670008 kB
SwapFree:        3670008 kB
Dirty:               184 kB
Writeback:             0 kB
AnonPages:       1034012 kB
Mapped:           781084 kB
Shmem:             23000 kB
KReclaimable:     572600 kB
Slab:             222100 kB
SReclaimable:      68744 kB
SUnreclaim:       153356 kB
KernelStack:       43552 kB
PageTables:        55620 kB
NFS_Unstable:          0 kB
Bounce:                0 kB
WritebackTmp:          0 kB
CommitLimit:     6660208 kB
Committed_AS:   61505896 kB
VmallocTotal:   263061440 kB
VmallocUsed:       83952 kB
VmallocChunk:          0 kB
Percpu:             7648 kB
CmaTotal:         315392 kB
CmaFree:               0 kB
MemTotal:        5980404 kB
MemFree:         1228904 kB
MemAvailable:    2914988 kB
Buffers:            6656 kB
Cached:          1696796 kB
SwapCached:            0 kB
Active:          1260804 kB
Inactive:        1471304 kB
Active(anon):    1034968 kB
Inactive(anon):    21224 kB
Active(file):     225836 kB
Inactive(file):  1450080 kB
Unevictable:        5576 kB
Mlocked:            5576 kB
SwapTotal:       3670008 kB
SwapFree:        3670008 kB
Dirty:               192 kB
Writeback:             0 kB
AnonPages:       1034220 kB
Mapped:           780856 kB
Shmem:             23000 kB
KReclaimable:     572600 kB
Slab:             222140 kB
SReclaimable:      68744 kB
SUnreclaim:       153396 kB
KernelStack:       43584 kB
PageTables:        55604 kB
NFS_Unstable:          0 kB
Bounce:                0 kB
WritebackTmp:          0 kB
CommitLimit:     6660208 kB
Committed_AS:   61506780 kB
VmallocTotal:   263061440 kB
VmallocUsed:       83952 kB
VmallocChunk:          0 kB
Percpu:             7648 kB
CmaTotal:         315392 kB
CmaFree:              68 kB
MemTotal:        5980404 kB
MemFree:         1228744 kB
MemAvailable:    2914828 kB
Buffers:            6656 kB
Cached:          1696796 kB
SwapCached:            0 kB
Active:          1260656 kB
Inactive:        1471304 kB
Active(anon):    1034820 kB
Inactive(anon):    21224 kB
Active(file):     225836 kB
Inactive(file):  1450080 kB
Unevictable:        5576 kB
Mlocked:            5576 kB
SwapTotal:       3670008 kB
SwapFree:        3670008 kB
Dirty:               192 kB
Writeback:             0 kB
AnonPages:       1034124 kB
Mapped:           780932 kB
Shmem:             23000 kB
KReclaimable:     572600 kB
Slab:             222164 kB
SReclaimable:      68744 kB
SUnreclaim:       153420 kB
KernelStack:       43536 kB
PageTables:        55504 kB
NFS_Unstable:          0 kB
Bounce:                0 kB
WritebackTmp:          0 kB
CommitLimit:     6660208 kB
Committed_AS:   61509652 kB
VmallocTotal:   263061440 kB
VmallocUsed:       83968 kB
VmallocChunk:          0 kB
Percpu:             7648 kB
CmaTotal:         315392 kB
CmaFree:               0 kB
MemTotal:        5980404 kB
MemFree:         1228560 kB
MemAvailable:    2914644 kB
Buffers:            6656 kB
Cached:          1696796 kB
SwapCached:            0 kB
Active:          1260420 kB
Inactive:        1471304 kB
Active(anon):    1034584 kB
Inactive(anon):    21224 kB
Active(file):     225836 kB
Inactive(file):  1450080 kB
Unevictable:        5576 kB
Mlocked:            5576 kB
SwapTotal:       3670008 kB
SwapFree:        3670008 kB
Dirty:               192 kB
Writeback:             0 kB
AnonPages:       1034044 kB
Mapped:           780972 kB
Shmem:             23000 kB
KReclaimable:     572600 kB
Slab:             222132 kB
SReclaimable:      68744 kB
SUnreclaim:       153388 kB
KernelStack:       43568 kB
PageTables:        55824 kB
NFS_Unstable:          0 kB
Bounce:                0 kB
WritebackTmp:          0 kB
CommitLimit:     6660208 kB
Committed_AS:   61505640 kB
VmallocTotal:   263061440 kB
VmallocUsed:       83952 kB
VmallocChunk:          0 kB
Percpu:             7648 kB
CmaTotal:         315392 kB
CmaFree:             120 kB
MemTotal:        5980404 kB
MemFree:         1234676 kB
MemAvailable:    2920760 kB
Buffers:            6656 kB
Cached:          1696796 kB
SwapCached:            0 kB
Active:          1253452 kB
Inactive:        1471304 kB
Active(anon):    1027616 kB
Inactive(anon):    21224 kB
Active(file):     225836 kB
Inactive(file):  1450080 kB
Unevictable:        5576 kB
Mlocked:            5576 kB
SwapTotal:       3670008 kB
SwapFree:        3670008 kB
Dirty:               192 kB
Writeback:             0 kB
AnonPages:       1026988 kB
Mapped:           781096 kB
Shmem:             23000 kB
KReclaimable:     572600 kB
Slab:             222140 kB
SReclaimable:      68744 kB
SUnreclaim:       153396 kB
KernelStack:       43568 kB
PageTables:        55708 kB
NFS_Unstable:          0 kB
Bounce:                0 kB
WritebackTmp:          0 kB
CommitLimit:     6660208 kB
Committed_AS:   61504784 kB
VmallocTotal:   263061440 kB
VmallocUsed:       83888 kB
VmallocChunk:          0 kB
Percpu:             7648 kB
CmaTotal:         315392 kB
CmaFree:             616 kB
MemTotal:        5980404 kB
MemFree:         1235092 kB
MemAvailable:    2921176 kB
Buffers:            6656 kB
Cached:          1696796 kB
SwapCached:            0 kB
Active:          1253720 kB
Inactive:        1471304 kB
Active(anon):    1027884 kB
Inactive(anon):    21224 kB
Active(file):     225836 kB
Inactive(file):  1450080 kB
Unevictable:        5576 kB
Mlocked:            5576 kB
SwapTotal:       3670008 kB
SwapFree:        3670008 kB
Dirty:               192 kB
Writeback:             0 kB
AnonPages:       1027212 kB
Mapped:           780920 kB
Shmem:             23000 kB
KReclaimable:     572600 kB
Slab:             222132 kB
SReclaimable:      68744 kB
SUnreclaim:       153388 kB
KernelStack:       43568 kB
PageTables:        55636 kB
NFS_Unstable:          0 kB
Bounce:                0 kB
WritebackTmp:          0 kB
CommitLimit:     6660208 kB
Committed_AS:   61499856 kB
VmallocTotal:   263061440 kB
VmallocUsed:       83872 kB
VmallocChunk:          0 kB
Percpu:             7648 kB
CmaTotal:         315392 kB
CmaFree:               0 kB
MemTotal:        5980404 kB
MemFree:         1234652 kB
MemAvailable:    2920744 kB
Buffers:            6656 kB
Cached:          1696804 kB
SwapCached:            0 kB
Active:          1253964 kB
Inactive:        1471308 kB
Active(anon):    1028124 kB
Inactive(anon):    21224 kB
Active(file):     225840 kB
Inactive(file):  1450084 kB
Unevictable:        5576 kB
Mlocked:            5576 kB
SwapTotal:       3670008 kB
SwapFree:        3670008 kB
Dirty:               196 kB
Writeback:             0 kB
AnonPages:       1027700 kB
Mapped:           781100 kB
Shmem:             23000 kB
KReclaimable:     572600 kB
Slab:             222156 kB
SReclaimable:      68744 kB
SUnreclaim:       153412 kB
KernelStack:       43584 kB
PageTables:        55752 kB
NFS_Unstable:          0 kB
Bounce:                0 kB
WritebackTmp:          0 kB
CommitLimit:     6660208 kB
Committed_AS:   61503832 kB
VmallocTotal:   263061440 kB
VmallocUsed:       83872 kB
VmallocChunk:          0 kB
Percpu:             7648 kB
CmaTotal:         315392 kB
CmaFree:               0 kB
MemTotal:        5980404 kB
MemFree:         1234388 kB
MemAvailable:    2920472 kB
Buffers:            6656 kB
Cached:          1696796 kB
SwapCached:            0 kB
Active:          1254024 kB
Inactive:        1471304 kB
Active(anon):    1028188 kB
Inactive(anon):    21224 kB
Active(file):     225836 kB
Inactive(file):  1450080 kB
Unevictable:        5576 kB
Mlocked:            5576 kB
SwapTotal:       3670008 kB
SwapFree:        3670008 kB
Dirty:               192 kB
Writeback:             0 kB
AnonPages:       1027524 kB
Mapped:           781020 kB
Shmem:             23000 kB
KReclaimable:     572600 kB
Slab:             222132 kB
SReclaimable:      68744 kB
SUnreclaim:       153388 kB
KernelStack:       43568 kB
PageTables:        55716 kB
NFS_Unstable:          0 kB
Bounce:                0 kB
WritebackTmp:          0 kB
CommitLimit:     6660208 kB
Committed_AS:   61501040 kB
VmallocTotal:   263061440 kB
VmallocUsed:       83856 kB
VmallocChunk:          0 kB
Percpu:             7648 kB
CmaTotal:         315392 kB
CmaFree:               0 kB
MemTotal:        5980404 kB
MemFree:         1233676 kB
MemAvailable:    2919760 kB
Buffers:            6656 kB
Cached:          1696796 kB
SwapCached:            0 kB
Active:          1254860 kB
Inactive:        1471304 kB
Active(anon):    1029024 kB
Inactive(anon):    21224 kB
Active(file):     225836 kB
Inactive(file):  1450080 kB
Unevictable:        5576 kB
Mlocked:            5576 kB
SwapTotal:       3670008 kB
SwapFree:        3670008 kB
Dirty:               204 kB
Writeback:             0 kB
AnonPages:       1028500 kB
Mapped:           781068 kB
Shmem:             23000 kB
KReclaimable:     572600 kB
Slab:             222108 kB
SReclaimable:      68744 kB
SUnreclaim:       153364 kB
KernelStack:       43584 kB
PageTables:        55712 kB
NFS_Unstable:          0 kB
Bounce:                0 kB
WritebackTmp:          0 kB
CommitLimit:     6660208 kB
Committed_AS:   61502260 kB
VmallocTotal:   263061440 kB
VmallocUsed:       83856 kB
VmallocChunk:          0 kB
Percpu:             7648 kB
CmaTotal:         315392 kB
CmaFree:               0 kB
MemTotal:        5980404 kB
MemFree:         1234016 kB
MemAvailable:    2920100 kB
Buffers:            6656 kB
Cached:          1696796 kB
SwapCached:            0 kB
Active:          1255344 kB
Inactive:        1471304 kB
Active(anon):    1029508 kB
Inactive(anon):    21224 kB
Active(file):     225836 kB
Inactive(file):  1450080 kB
Unevictable:        5576 kB
Mlocked:            5576 kB
SwapTotal:       3670008 kB
SwapFree:        3670008 kB
Dirty:               204 kB
Writeback:             0 kB
AnonPages:       1029000 kB
Mapped:           780992 kB
Shmem:             23000 kB
KReclaimable:     572600 kB
Slab:             222132 kB
SReclaimable:      68744 kB
SUnreclaim:       153388 kB
KernelStack:       43584 kB
PageTables:        55632 kB
NFS_Unstable:          0 kB
Bounce:                0 kB
WritebackTmp:          0 kB
CommitLimit:     6660208 kB
Committed_AS:   61500348 kB
VmallocTotal:   263061440 kB
VmallocUsed:       83872 kB
VmallocChunk:          0 kB
Percpu:             7648 kB
CmaTotal:         315392 kB
CmaFree:               4 kB
MemTotal:        5980404 kB
MemFree:         1233368 kB
MemAvailable:    2919452 kB
Buffers:            6656 kB
Cached:          1696796 kB
SwapCached:            0 kB
Active:          1255812 kB
Inactive:        1471304 kB
Active(anon):    1029976 kB
Inactive(anon):    21224 kB
Active(file):     225836 kB
Inactive(file):  1450080 kB
Unevictable:        5576 kB
Mlocked:            5576 kB
SwapTotal:       3670008 kB
SwapFree:        3670008 kB
Dirty:               204 kB
Writeback:             0 kB
AnonPages:       1029340 kB
Mapped:           780912 kB
Shmem:             23000 kB
KReclaimable:     572600 kB
Slab:             222132 kB
SReclaimable:      68744 kB
SUnreclaim:       153388 kB
KernelStack:       43552 kB
PageTables:        55784 kB
NFS_Unstable:          0 kB
Bounce:                0 kB
WritebackTmp:          0 kB
CommitLimit:     6660208 kB
Committed_AS:   61503428 kB
VmallocTotal:   263061440 kB
VmallocUsed:       83904 kB
VmallocChunk:          0 kB
Percpu:             7648 kB
CmaTotal:         315392 kB
CmaFree:              24 kB
MemTotal:        5980404 kB
MemFree:         1232996 kB
MemAvailable:    2919080 kB
Buffers:            6656 kB
Cached:          1696796 kB
SwapCached:            0 kB
Active:          1255924 kB
Inactive:        1471304 kB
Active(anon):    1030088 kB
Inactive(anon):    21224 kB
Active(file):     225836 kB
Inactive(file):  1450080 kB
Unevictable:        5576 kB
Mlocked:            5576 kB
SwapTotal:       3670008 kB
SwapFree:        3670008 kB
Dirty:               204 kB
Writeback:             0 kB
AnonPages:       1029444 kB
Mapped:           781124 kB
Shmem:             23000 kB
KReclaimable:     572600 kB
Slab:             222140 kB
SReclaimable:      68744 kB
SUnreclaim:       153396 kB
KernelStack:       43504 kB
PageTables:        55448 kB
NFS_Unstable:          0 kB
Bounce:                0 kB
WritebackTmp:          0 kB
CommitLimit:     6660208 kB
Committed_AS:   61503568 kB
VmallocTotal:   263061440 kB
VmallocUsed:       83872 kB
VmallocChunk:          0 kB
Percpu:             7648 kB
CmaTotal:         315392 kB
CmaFree:              84 kB
MemTotal:        5980404 kB
MemFree:         1232640 kB
MemAvailable:    2918724 kB
Buffers:            6656 kB
Cached:          1696800 kB
SwapCached:            0 kB
Active:          1256524 kB
Inactive:        1471308 kB
Active(anon):    1030688 kB
Inactive(anon):    21228 kB
Active(file):     225836 kB
Inactive(file):  1450080 kB
Unevictable:        5576 kB
Mlocked:            5576 kB
SwapTotal:       3670008 kB
SwapFree:        3670008 kB
Dirty:               204 kB
Writeback:             0 kB
AnonPages:       1030040 kB
Mapped:           781100 kB
Shmem:             23004 kB
KReclaimable:     572600 kB
Slab:             222148 kB
SReclaimable:      68744 kB
SUnreclaim:       153404 kB
KernelStack:       43568 kB
PageTables:        55624 kB
NFS_Unstable:          0 kB
Bounce:                0 kB
WritebackTmp:          0 kB
CommitLimit:     6660208 kB
Committed_AS:   61502504 kB
VmallocTotal:   263061440 kB
VmallocUsed:       83920 kB
VmallocChunk:          0 kB
Percpu:             7648 kB
CmaTotal:         315392 kB
CmaFree:               0 kB
MemTotal:        5980404 kB
MemFree:         1232232 kB
MemAvailable:    2918316 kB
Buffers:            6656 kB
Cached:          1696800 kB
SwapCached:            0 kB
Active:          1256760 kB
Inactive:        1471308 kB
Active(anon):    1030924 kB
Inactive(anon):    21228 kB
Active(file):     225836 kB
Inactive(file):  1450080 kB
Unevictable:        5576 kB
Mlocked:            5576 kB
SwapTotal:       3670008 kB
SwapFree:        3670008 kB
Dirty:               204 kB
Writeback:             0 kB
AnonPages:       1030232 kB
Mapped:           781088 kB
Shmem:             23004 kB
KReclaimable:     572600 kB
Slab:             222140 kB
SReclaimable:      68744 kB
SUnreclaim:       153396 kB
KernelStack:       43536 kB
PageTables:        55604 kB
NFS_Unstable:          0 kB
Bounce:                0 kB
WritebackTmp:          0 kB
CommitLimit:     6660208 kB
Committed_AS:   61502812 kB
VmallocTotal:   263061440 kB
VmallocUsed:       83904 kB
VmallocChunk:          0 kB
Percpu:             7648 kB
CmaTotal:         315392 kB
CmaFree:               0 kB
MemTotal:        5980404 kB
MemFree:         1233284 kB
MemAvailable:    2919380 kB
Buffers:            6660 kB
Cached:          1696808 kB
SwapCached:            0 kB
Active:          1257324 kB
Inactive:        1471316 kB
Active(anon):    1031484 kB
Inactive(anon):    21228 kB
Active(file):     225840 kB
Inactive(file):  1450088 kB
Unevictable:        5576 kB
Mlocked:            5576 kB
SwapTotal:       3670008 kB
SwapFree:        3670008 kB
Dirty:               184 kB
Writeback:             0 kB
AnonPages:       1030448 kB
Mapped:           781092 kB
Shmem:             23004 kB
KReclaimable:     572600 kB
Slab:             222060 kB
SReclaimable:      68744 kB
SUnreclaim:       153316 kB
KernelStack:       43536 kB
PageTables:        55736 kB
NFS_Unstable:          0 kB
Bounce:                0 kB
WritebackTmp:          0 kB
CommitLimit:     6660208 kB
Committed_AS:   61505200 kB
VmallocTotal:   263061440 kB
VmallocUsed:       83904 kB
VmallocChunk:          0 kB
Percpu:             7648 kB
CmaTotal:         315392 kB
CmaFree:               0 kB
MemTotal:        5980404 kB
MemFree:         1232616 kB
MemAvailable:    2918716 kB
Buffers:            6660 kB
Cached:          1696812 kB
SwapCached:            0 kB
Active:          1257268 kB
Inactive:        1471320 kB
Active(anon):    1031428 kB
Inactive(anon):    21228 kB
Active(file):     225840 kB
Inactive(file):  1450092 kB
Unevictable:        5576 kB
Mlocked:            5576 kB
SwapTotal:       3670008 kB
SwapFree:        3670008 kB
Dirty:               188 kB
Writeback:             0 kB
AnonPages:       1030692 kB
Mapped:           781168 kB
Shmem:             23004 kB
KReclaimable:     572600 kB
Slab:             222172 kB
SReclaimable:      68744 kB
SUnreclaim:       153428 kB
KernelStack:       43616 kB
PageTables:        55528 kB
NFS_Unstable:          0 kB
Bounce:                0 kB
WritebackTmp:          0 kB
CommitLimit:     6660208 kB
Committed_AS:   61502420 kB
VmallocTotal:   263061440 kB
VmallocUsed:       83920 kB
VmallocChunk:          0 kB
Percpu:             7648 kB
CmaTotal:         315392 kB
CmaFree:               8 kB
MemTotal:        5980404 kB
MemFree:         1232276 kB
MemAvailable:    2918368 kB
Buffers:            6660 kB
Cached:          1696804 kB
SwapCached:            0 kB
Active:          1257952 kB
Inactive:        1471316 kB
Active(anon):    1032116 kB
Inactive(anon):    21228 kB
Active(file):     225836 kB
Inactive(file):  1450088 kB
Unevictable:        5576 kB
Mlocked:            5576 kB
SwapTotal:       3670008 kB
SwapFree:        3670008 kB
Dirty:               192 kB
Writeback:             0 kB
AnonPages:       1031424 kB
Mapped:           781096 kB
Shmem:             23004 kB
KReclaimable:     572600 kB
Slab:             222156 kB
SReclaimable:      68744 kB
SUnreclaim:       153412 kB
KernelStack:       43552 kB
PageTables:        55680 kB
NFS_Unstable:          0 kB
Bounce:                0 kB
WritebackTmp:          0 kB
CommitLimit:     6660208 kB
Committed_AS:   61499020 kB
VmallocTotal:   263061440 kB
VmallocUsed:       83888 kB
VmallocChunk:          0 kB
Percpu:             7648 kB
CmaTotal:         315392 kB
CmaFree:               0 kB
MemTotal:        5980404 kB
MemFree:         1231868 kB
MemAvailable:    2917968 kB
Buffers:            6660 kB
Cached:          1696812 kB
SwapCached:            0 kB
Active:          1258028 kB
Inactive:        1471320 kB
Active(anon):    1032188 kB
Inactive(anon):    21228 kB
Active(file):     225840 kB
Inactive(file):  1450092 kB
Unevictable:        5576 kB
Mlocked:            5576 kB
SwapTotal:       3670008 kB
SwapFree:        3670008 kB
Dirty:               204 kB
Writeback:             0 kB
AnonPages:       1031644 kB
Mapped:           780872 kB
Shmem:             23004 kB
KReclaimable:     572600 kB
Slab:             222148 kB
SReclaimable:      68744 kB
SUnreclaim:       153404 kB
KernelStack:       43520 kB
PageTables:        55484 kB
NFS_Unstable:          0 kB
Bounce:                0 kB
WritebackTmp:          0 kB
CommitLimit:     6660208 kB
Committed_AS:   61499768 kB
VmallocTotal:   263061440 kB
VmallocUsed:       83904 kB
VmallocChunk:          0 kB
Percpu:             7648 kB
CmaTotal:         315392 kB
CmaFree:               0 kB
MemTotal:        5980404 kB
MemFree:         1231000 kB
MemAvailable:    2917100 kB
Buffers:            6660 kB
Cached:          1696820 kB
SwapCached:            0 kB
Active:          1260168 kB
Inactive:        1471328 kB
Active(anon):    1034328 kB
Inactive(anon):    21236 kB
Active(file):     225840 kB
Inactive(file):  1450092 kB
Unevictable:        5576 kB
Mlocked:            5576 kB
SwapTotal:       3670008 kB
SwapFree:        3670008 kB
Dirty:               168 kB
Writeback:            36 kB
AnonPages:       1033708 kB
Mapped:           780928 kB
Shmem:             23012 kB
KReclaimable:     572600 kB
Slab:             222132 kB
SReclaimable:      68744 kB
SUnreclaim:       153388 kB
KernelStack:       43616 kB
PageTables:        55396 kB
NFS_Unstable:          0 kB
Bounce:                0 kB
WritebackTmp:          0 kB
CommitLimit:     6660208 kB
Committed_AS:   61500780 kB
VmallocTotal:   263061440 kB
VmallocUsed:       83904 kB
VmallocChunk:          0 kB
Percpu:             7648 kB
CmaTotal:         315392 kB
CmaFree:               4 kB
MemTotal:        5980404 kB
MemFree:         1228808 kB
MemAvailable:    2914900 kB
Buffers:            6660 kB
Cached:          1696812 kB
SwapCached:            0 kB
Active:          1260644 kB
Inactive:        1471324 kB
Active(anon):    1034808 kB
Inactive(anon):    21236 kB
Active(file):     225836 kB
Inactive(file):  1450088 kB
Unevictable:        5576 kB
Mlocked:            5576 kB
SwapTotal:       3670008 kB
SwapFree:        3670008 kB
Dirty:               200 kB
Writeback:             0 kB
AnonPages:       1034156 kB
Mapped:           781084 kB
Shmem:             23012 kB
KReclaimable:     572600 kB
Slab:             222140 kB
SReclaimable:      68744 kB
SUnreclaim:       153396 kB
KernelStack:       43552 kB
PageTables:        55632 kB
NFS_Unstable:          0 kB
Bounce:                0 kB
WritebackTmp:          0 kB
CommitLimit:     6660208 kB
Committed_AS:   61503564 kB
VmallocTotal:   263061440 kB
VmallocUsed:       83968 kB
VmallocChunk:          0 kB
Percpu:             7648 kB
CmaTotal:         315392 kB
CmaFree:               0 kB
MemTotal:        5980404 kB
MemFree:         1229612 kB
MemAvailable:    2915712 kB
Buffers:            6660 kB
Cached:          1696820 kB
SwapCached:            0 kB
Active:          1260796 kB
Inactive:        1471328 kB
Active(anon):    1034956 kB
Inactive(anon):    21236 kB
Active(file):     225840 kB
Inactive(file):  1450092 kB
Unevictable:        5576 kB
Mlocked:            5576 kB
SwapTotal:       3670008 kB
SwapFree:        3670008 kB
Dirty:               204 kB
Writeback:             0 kB
AnonPages:       1034364 kB
Mapped:           781012 kB
Shmem:             23012 kB
KReclaimable:     572600 kB
Slab:             222156 kB
SReclaimable:      68744 kB
SUnreclaim:       153412 kB
KernelStack:       43532 kB
PageTables:        55524 kB
NFS_Unstable:          0 kB
Bounce:                0 kB
WritebackTmp:          0 kB
CommitLimit:     6660208 kB
Committed_AS:   61501680 kB
VmallocTotal:   263061440 kB
VmallocUsed:       83888 kB
VmallocChunk:          0 kB
Percpu:             7648 kB
CmaTotal:         315392 kB
CmaFree:               0 kB
MemTotal:        5980404 kB
MemFree:         1228492 kB
MemAvailable:    2914592 kB
Buffers:            6660 kB
Cached:          1696820 kB
SwapCached:            0 kB
Active:          1261160 kB
Inactive:        1471328 kB
Active(anon):    1035320 kB
Inactive(anon):    21236 kB
Active(file):     225840 kB
Inactive(file):  1450092 kB
Unevictable:        5576 kB
Mlocked:            5576 kB
SwapTotal:       3670008 kB
SwapFree:        3670008 kB
Dirty:               204 kB
Writeback:             0 kB
AnonPages:       1034712 kB
Mapped:           780732 kB
Shmem:             23012 kB
KReclaimable:     572600 kB
Slab:             222164 kB
SReclaimable:      68744 kB
SUnreclaim:       153420 kB
KernelStack:       43536 kB
PageTables:        55740 kB
NFS_Unstable:          0 kB
Bounce:                0 kB
WritebackTmp:          0 kB
CommitLimit:     6660208 kB
Committed_AS:   61505108 kB
VmallocTotal:   263061440 kB
VmallocUsed:       83920 kB
VmallocChunk:          0 kB
Percpu:             7648 kB
CmaTotal:         315392 kB
CmaFree:               0 kB
MemTotal:        5980404 kB
MemFree:         1228420 kB
MemAvailable:    2914520 kB
Buffers:            6660 kB
Cached:          1696820 kB
SwapCached:            0 kB
Active:          1261684 kB
Inactive:        1471328 kB
Active(anon):    1035844 kB
Inactive(anon):    21236 kB
Active(file):     225840 kB
Inactive(file):  1450092 kB
Unevictable:        5576 kB
Mlocked:            5576 kB
SwapTotal:       3670008 kB
SwapFree:        3670008 kB
Dirty:               208 kB
Writeback:             0 kB
AnonPages:       1035352 kB
Mapped:           780944 kB
Shmem:             23012 kB
KReclaimable:     572600 kB
Slab:             222092 kB
SReclaimable:      68744 kB
SUnreclaim:       153348 kB
KernelStack:       43520 kB
PageTables:        55512 kB
NFS_Unstable:          0 kB
Bounce:                0 kB
WritebackTmp:          0 kB
CommitLimit:     6660208 kB
Committed_AS:   61503416 kB
VmallocTotal:   263061440 kB
VmallocUsed:       83904 kB
VmallocChunk:          0 kB
Percpu:             7648 kB
CmaTotal:         315392 kB
CmaFree:               0 kB
MemTotal:        5980404 kB
MemFree:         1229240 kB
MemAvailable:    2915336 kB
Buffers:            6660 kB
Cached:          1696816 kB
SwapCached:            0 kB
Active:          1261196 kB
Inactive:        1471324 kB
Active(anon):    1035356 kB
Inactive(anon):    21236 kB
Active(file):     225840 kB
Inactive(file):  1450088 kB
Unevictable:        5576 kB
Mlocked:            5576 kB
SwapTotal:       3670008 kB
SwapFree:        3670008 kB
Dirty:               232 kB
Writeback:             0 kB
AnonPages:       1034892 kB
Mapped:           781100 kB
Shmem:             23012 kB
KReclaimable:     572600 kB
Slab:             222044 kB
SReclaimable:      68744 kB
SUnreclaim:       153300 kB
KernelStack:       43520 kB
PageTables:        55744 kB
NFS_Unstable:          0 kB
Bounce:                0 kB
WritebackTmp:          0 kB
CommitLimit:     6660208 kB
Committed_AS:   61504316 kB
VmallocTotal:   263061440 kB
VmallocUsed:       83872 kB
VmallocChunk:          0 kB
Percpu:             7648 kB
CmaTotal:         315392 kB
CmaFree:              88 kB
MemTotal:        5980404 kB
MemFree:         1228956 kB
MemAvailable:    2915056 kB
Buffers:            6660 kB
Cached:          1696824 kB
SwapCached:            0 kB
Active:          1261556 kB
Inactive:        1471332 kB
Active(anon):    1035716 kB
Inactive(anon):    21240 kB
Active(file):     225840 kB
Inactive(file):  1450092 kB
Unevictable:        5576 kB
Mlocked:            5576 kB
SwapTotal:       3670008 kB
SwapFree:        3670008 kB
Dirty:               236 kB
Writeback:             0 kB
AnonPages:       1035084 kB
Mapped:           781112 kB
Shmem:             23016 kB
KReclaimable:     572600 kB
Slab:             222132 kB
SReclaimable:      68744 kB
SUnreclaim:       153388 kB
KernelStack:       43504 kB
PageTables:        55620 kB
NFS_Unstable:          0 kB
Bounce:                0 kB
WritebackTmp:          0 kB
CommitLimit:     6660208 kB
Committed_AS:   61502256 kB
VmallocTotal:   263061440 kB
VmallocUsed:       83872 kB
VmallocChunk:          0 kB
Percpu:             7648 kB
CmaTotal:         315392 kB
CmaFree:              16 kB
MemTotal:        5980404 kB
MemFree:         1228700 kB
MemAvailable:    2914800 kB
Buffers:            6660 kB
Cached:          1696824 kB
SwapCached:            0 kB
Active:          1261736 kB
Inactive:        1471332 kB
Active(anon):    1035896 kB
Inactive(anon):    21240 kB
Active(file):     225840 kB
Inactive(file):  1450092 kB
Unevictable:        5576 kB
Mlocked:            5576 kB
SwapTotal:       3670008 kB
SwapFree:        3670008 kB
Dirty:               236 kB
Writeback:             0 kB
AnonPages:       1035324 kB
Mapped:           781176 kB
Shmem:             23016 kB
KReclaimable:     572600 kB
Slab:             222148 kB
SReclaimable:      68744 kB
SUnreclaim:       153404 kB
KernelStack:       43552 kB
PageTables:        55744 kB
NFS_Unstable:          0 kB
Bounce:                0 kB
WritebackTmp:          0 kB
CommitLimit:     6660208 kB
Committed_AS:   61503320 kB
VmallocTotal:   263061440 kB
VmallocUsed:       83792 kB
VmallocChunk:          0 kB
Percpu:             7648 kB
CmaTotal:         315392 kB
CmaFree:               0 kB
MemTotal:        5980404 kB
MemFree:         1228632 kB
MemAvailable:    2914732 kB
Buffers:            6660 kB
Cached:          1696824 kB
SwapCached:            0 kB
Active:          1261976 kB
Inactive:        1471332 kB
Active(anon):    1036136 kB
Inactive(anon):    21240 kB
Active(file):     225840 kB
Inactive(file):  1450092 kB
Unevictable:        5576 kB
Mlocked:            5576 kB
SwapTotal:       3670008 kB
SwapFree:        3670008 kB
Dirty:               236 kB
Writeback:             0 kB
AnonPages:       1035300 kB
Mapped:           780960 kB
Shmem:             23016 kB
KReclaimable:     572600 kB
Slab:             222156 kB
SReclaimable:      68744 kB
SUnreclaim:       153412 kB
KernelStack:       43452 kB
PageTables:        55504 kB
NFS_Unstable:          0 kB
Bounce:                0 kB
WritebackTmp:          0 kB
CommitLimit:     6660208 kB
Committed_AS:   61504860 kB
VmallocTotal:   263061440 kB
VmallocUsed:       83808 kB
VmallocChunk:          0 kB
Percpu:             7648 kB
CmaTotal:         315392 kB
CmaFree:               0 kB
MemTotal:        5980404 kB
MemFree:         1229268 kB
MemAvailable:    2915368 kB
Buffers:            6660 kB
Cached:          1696824 kB
SwapCached:            0 kB
Active:          1261192 kB
Inactive:        1471332 kB
Active(anon):    1035352 kB
Inactive(anon):    21240 kB
Active(file):     225840 kB
Inactive(file):  1450092 kB
Unevictable:        5576 kB
Mlocked:            5576 kB
SwapTotal:       3670008 kB
SwapFree:        3670008 kB
Dirty:               112 kB
Writeback:             0 kB
AnonPages:       1034756 kB
Mapped:           781092 kB
Shmem:             23016 kB
KReclaimable:     572600 kB
Slab:             222076 kB
SReclaimable:      68744 kB
SUnreclaim:       153332 kB
KernelStack:       43440 kB
PageTables:        55564 kB
NFS_Unstable:          0 kB
Bounce:                0 kB
WritebackTmp:          0 kB
CommitLimit:     6660208 kB
Committed_AS:   61506120 kB
VmallocTotal:   263061440 kB
VmallocUsed:       83792 kB
VmallocChunk:          0 kB
Percpu:             7648 kB
CmaTotal:         315392 kB
CmaFree:              12 kB
MemTotal:        5980404 kB
MemFree:         1229948 kB
MemAvailable:    2916048 kB
Buffers:            6660 kB
Cached:          1696824 kB
SwapCached:            0 kB
Active:          1261836 kB
Inactive:        1471332 kB
Active(anon):    1035996 kB
Inactive(anon):    21240 kB
Active(file):     225840 kB
Inactive(file):  1450092 kB
Unevictable:        5576 kB
Mlocked:            5576 kB
SwapTotal:       3670008 kB
SwapFree:        3670008 kB
Dirty:               112 kB
Writeback:             0 kB
AnonPages:       1035296 kB
Mapped:           781048 kB
Shmem:             23016 kB
KReclaimable:     572600 kB
Slab:             222132 kB
SReclaimable:      68744 kB
SUnreclaim:       153388 kB
KernelStack:       43472 kB
PageTables:        55388 kB
NFS_Unstable:          0 kB
Bounce:                0 kB
WritebackTmp:          0 kB
CommitLimit:     6660208 kB
Committed_AS:   61506448 kB
VmallocTotal:   263061440 kB
VmallocUsed:       83808 kB
VmallocChunk:          0 kB
Percpu:             7648 kB
CmaTotal:         315392 kB
CmaFree:               0 kB
MemTotal:        5980404 kB
MemFree:         1229556 kB
MemAvailable:    2915676 kB
Buffers:            6664 kB
Cached:          1696836 kB
SwapCached:            0 kB
Active:          1262008 kB
Inactive:        1471344 kB
Active(anon):    1036164 kB
Inactive(anon):    21240 kB
Active(file):     225844 kB
Inactive(file):  1450104 kB
Unevictable:        5576 kB
Mlocked:            5576 kB
SwapTotal:       3670008 kB
SwapFree:        3670008 kB
Dirty:               124 kB
Writeback:             0 kB
AnonPages:       1035492 kB
Mapped:           781112 kB
Shmem:             23016 kB
KReclaimable:     572604 kB
Slab:             222136 kB
SReclaimable:      68748 kB
SUnreclaim:       153388 kB
KernelStack:       43504 kB
PageTables:        55632 kB
NFS_Unstable:          0 kB
Bounce:                0 kB
WritebackTmp:          0 kB
CommitLimit:     6660208 kB
Committed_AS:   61503224 kB
VmallocTotal:   263061440 kB
VmallocUsed:       83792 kB
VmallocChunk:          0 kB
Percpu:             7648 kB
CmaTotal:         315392 kB
CmaFree:               0 kB
MemTotal:        5980404 kB
MemFree:         1227312 kB
MemAvailable:    2913432 kB
Buffers:            6664 kB
Cached:          1696836 kB
SwapCached:            0 kB
Active:          1262800 kB
Inactive:        1471344 kB
Active(anon):    1036956 kB
Inactive(anon):    21240 kB
Active(file):     225844 kB
Inactive(file):  1450104 kB
Unevictable:        5576 kB
Mlocked:            5576 kB
SwapTotal:       3670008 kB
SwapFree:        3670008 kB
Dirty:               124 kB
Writeback:             0 kB
AnonPages:       1036020 kB
Mapped:           781104 kB
Shmem:             23016 kB
KReclaimable:     572604 kB
Slab:             222104 kB
SReclaimable:      68748 kB
SUnreclaim:       153356 kB
KernelStack:       43504 kB
PageTables:        55620 kB
NFS_Unstable:          0 kB
Bounce:                0 kB
WritebackTmp:          0 kB
CommitLimit:     6660208 kB
Committed_AS:   61505504 kB
VmallocTotal:   263061440 kB
VmallocUsed:       83808 kB
VmallocChunk:          0 kB
Percpu:             7648 kB
CmaTotal:         315392 kB
CmaFree:               0 kB
MemTotal:        5980404 kB
MemFree:         1227872 kB
MemAvailable:    2913992 kB
Buffers:            6664 kB
Cached:          1696836 kB
SwapCached:            0 kB
Active:          1262760 kB
Inactive:        1471344 kB
Active(anon):    1036916 kB
Inactive(anon):    21240 kB
Active(file):     225844 kB
Inactive(file):  1450104 kB
Unevictable:        5576 kB
Mlocked:            5576 kB
SwapTotal:       3670008 kB
SwapFree:        3670008 kB
Dirty:               124 kB
Writeback:             0 kB
AnonPages:       1036196 kB
Mapped:           780948 kB
Shmem:             23016 kB
KReclaimable:     572604 kB
Slab:             222136 kB
SReclaimable:      68748 kB
SUnreclaim:       153388 kB
KernelStack:       43472 kB
PageTables:        55504 kB
NFS_Unstable:          0 kB
Bounce:                0 kB
WritebackTmp:          0 kB
CommitLimit:     6660208 kB
Committed_AS:   61499716 kB
VmallocTotal:   263061440 kB
VmallocUsed:       83840 kB
VmallocChunk:          0 kB
Percpu:             7648 kB
CmaTotal:         315392 kB
CmaFree:               0 kB
MemTotal:        5980404 kB
MemFree:         1226840 kB
MemAvailable:    2912952 kB
Buffers:            6664 kB
Cached:          1696828 kB
SwapCached:            0 kB
Active:          1263488 kB
Inactive:        1471340 kB
Active(anon):    1037648 kB
Inactive(anon):    21240 kB
Active(file):     225840 kB
Inactive(file):  1450100 kB
Unevictable:        5576 kB
Mlocked:            5576 kB
SwapTotal:       3670008 kB
SwapFree:        3670008 kB
Dirty:               144 kB
Writeback:             0 kB
AnonPages:       1037180 kB
Mapped:           781144 kB
Shmem:             23016 kB
KReclaimable:     572604 kB
Slab:             222096 kB
SReclaimable:      68748 kB
SUnreclaim:       153348 kB
KernelStack:       43456 kB
PageTables:        55672 kB
NFS_Unstable:          0 kB
Bounce:                0 kB
WritebackTmp:          0 kB
CommitLimit:     6660208 kB
Committed_AS:   61501936 kB
VmallocTotal:   263061440 kB
VmallocUsed:       83824 kB
VmallocChunk:          0 kB
Percpu:             7648 kB
CmaTotal:         315392 kB
CmaFree:              28 kB
MemTotal:        5980404 kB
MemFree:         1226676 kB
MemAvailable:    2912796 kB
Buffers:            6664 kB
Cached:          1696836 kB
SwapCached:            0 kB
Active:          1264208 kB
Inactive:        1471344 kB
Active(anon):    1038364 kB
Inactive(anon):    21240 kB
Active(file):     225844 kB
Inactive(file):  1450104 kB
Unevictable:        5576 kB
Mlocked:            5576 kB
SwapTotal:       3670008 kB
SwapFree:        3670008 kB
Dirty:               188 kB
Writeback:             0 kB
AnonPages:       1037364 kB
Mapped:           781076 kB
Shmem:             23016 kB
KReclaimable:     572604 kB
Slab:             222136 kB
SReclaimable:      68748 kB
SUnreclaim:       153388 kB
KernelStack:       43440 kB
PageTables:        55612 kB
NFS_Unstable:          0 kB
Bounce:                0 kB
WritebackTmp:          0 kB
CommitLimit:     6660208 kB
Committed_AS:   61501404 kB
VmallocTotal:   263061440 kB
VmallocUsed:       83840 kB
VmallocChunk:          0 kB
Percpu:             7648 kB
CmaTotal:         315392 kB
CmaFree:               0 kB
MemTotal:        5980404 kB
MemFree:         1225444 kB
MemAvailable:    2911564 kB
Buffers:            6664 kB
Cached:          1696836 kB
SwapCached:            0 kB
Active:          1264228 kB
Inactive:        1471344 kB
Active(anon):    1038384 kB
Inactive(anon):    21240 kB
Active(file):     225844 kB
Inactive(file):  1450104 kB
Unevictable:        5576 kB
Mlocked:            5576 kB
SwapTotal:       3670008 kB
SwapFree:        3670008 kB
Dirty:               188 kB
Writeback:             0 kB
AnonPages:       1037764 kB
Mapped:           780928 kB
Shmem:             23016 kB
KReclaimable:     572604 kB
Slab:             222144 kB
SReclaimable:      68748 kB
SUnreclaim:       153396 kB
KernelStack:       43520 kB
PageTables:        55752 kB
NFS_Unstable:          0 kB
Bounce:                0 kB
WritebackTmp:          0 kB
CommitLimit:     6660208 kB
Committed_AS:   61498596 kB
VmallocTotal:   263061440 kB
VmallocUsed:       83840 kB
VmallocChunk:          0 kB
Percpu:             7648 kB
CmaTotal:         315392 kB
CmaFree:               0 kB
MemTotal:        5980404 kB
MemFree:         1225612 kB
MemAvailable:    2911724 kB
Buffers:            6664 kB
Cached:          1696828 kB
SwapCached:            0 kB
Active:          1264600 kB
Inactive:        1471340 kB
Active(anon):    1038760 kB
Inactive(anon):    21240 kB
Active(file):     225840 kB
Inactive(file):  1450100 kB
Unevictable:        5576 kB
Mlocked:            5576 kB
SwapTotal:       3670008 kB
SwapFree:        3670008 kB
Dirty:               180 kB
Writeback:             0 kB
AnonPages:       1037952 kB
Mapped:           781136 kB
Shmem:             23016 kB
KReclaimable:     572604 kB
Slab:             222112 kB
SReclaimable:      68748 kB
SUnreclaim:       153364 kB
KernelStack:       43488 kB
PageTables:        55424 kB
NFS_Unstable:          0 kB
Bounce:                0 kB
WritebackTmp:          0 kB
CommitLimit:     6660208 kB
Committed_AS:   61502476 kB
VmallocTotal:   263061440 kB
VmallocUsed:       83840 kB
VmallocChunk:          0 kB
Percpu:             7648 kB
CmaTotal:         315392 kB
CmaFree:               0 kB
MemTotal:        5980404 kB
MemFree:         1225816 kB
MemAvailable:    2911936 kB
Buffers:            6664 kB
Cached:          1696836 kB
SwapCached:            0 kB
Active:          1265144 kB
Inactive:        1471344 kB
Active(anon):    1039300 kB
Inactive(anon):    21240 kB
Active(file):     225844 kB
Inactive(file):  1450104 kB
Unevictable:        5576 kB
Mlocked:            5576 kB
SwapTotal:       3670008 kB
SwapFree:        3670008 kB
Dirty:               188 kB
Writeback:             0 kB
AnonPages:       1038836 kB
Mapped:           781224 kB
Shmem:             23016 kB
KReclaimable:     572604 kB
Slab:             222144 kB
SReclaimable:      68748 kB
SUnreclaim:       153396 kB
KernelStack:       43520 kB
PageTables:        55612 kB
NFS_Unstable:          0 kB
Bounce:                0 kB
WritebackTmp:          0 kB
CommitLimit:     6660208 kB
Committed_AS:   61503016 kB
VmallocTotal:   263061440 kB
VmallocUsed:       83872 kB
VmallocChunk:          0 kB
Percpu:             7648 kB
CmaTotal:         315392 kB
CmaFree:               0 kB
MemTotal:        5980404 kB
MemFree:         1225196 kB
MemAvailable:    2911316 kB
Buffers:            6664 kB
Cached:          1696836 kB
SwapCached:            0 kB
Active:          1265032 kB
Inactive:        1471344 kB
Active(anon):    1039188 kB
Inactive(anon):    21240 kB
Active(file):     225844 kB
Inactive(file):  1450104 kB
Unevictable:        5576 kB
Mlocked:            5576 kB
SwapTotal:       3670008 kB
SwapFree:        3670008 kB
Dirty:               188 kB
Writeback:             0 kB
AnonPages:       1039012 kB
Mapped:           781156 kB
Shmem:             23016 kB
KReclaimable:     572604 kB
Slab:             222096 kB
SReclaimable:      68748 kB
SUnreclaim:       153348 kB
KernelStack:       43520 kB
PageTables:        55748 kB
NFS_Unstable:          0 kB
Bounce:                0 kB
WritebackTmp:          0 kB
CommitLimit:     6660208 kB
Committed_AS:   61502004 kB
VmallocTotal:   263061440 kB
VmallocUsed:       83904 kB
VmallocChunk:          0 kB
Percpu:             7648 kB
CmaTotal:         315392 kB
CmaFree:               0 kB
MemTotal:        5980404 kB
MemFree:         1224824 kB
MemAvailable:    2910948 kB
Buffers:            6664 kB
Cached:          1696844 kB
SwapCached:            0 kB
Active:          1265384 kB
Inactive:        1471348 kB
Active(anon):    1039540 kB
Inactive(anon):    21240 kB
Active(file):     225844 kB
Inactive(file):  1450108 kB
Unevictable:        5576 kB
Mlocked:            5576 kB
SwapTotal:       3670008 kB
SwapFree:        3670008 kB
Dirty:               204 kB
Writeback:             0 kB
AnonPages:       1038728 kB
Mapped:           781148 kB
Shmem:             23016 kB
KReclaimable:     572604 kB
Slab:             222144 kB
SReclaimable:      68748 kB
SUnreclaim:       153396 kB
KernelStack:       43488 kB
PageTables:        55828 kB
NFS_Unstable:          0 kB
Bounce:                0 kB
WritebackTmp:          0 kB
CommitLimit:     6660208 kB
Committed_AS:   61502184 kB
VmallocTotal:   263061440 kB
VmallocUsed:       83840 kB
VmallocChunk:          0 kB
Percpu:             7648 kB
CmaTotal:         315392 kB
CmaFree:               0 kB
MemTotal:        5980404 kB
MemFree:         1224728 kB
MemAvailable:    2910856 kB
Buffers:            6664 kB
Cached:          1696844 kB
SwapCached:            0 kB
Active:          1265192 kB
Inactive:        1471352 kB
Active(anon):    1039348 kB
Inactive(anon):    21240 kB
Active(file):     225844 kB
Inactive(file):  1450112 kB
Unevictable:        5576 kB
Mlocked:            5576 kB
SwapTotal:       3670008 kB
SwapFree:        3670008 kB
Dirty:               216 kB
Writeback:             0 kB
AnonPages:       1038912 kB
Mapped:           781272 kB
Shmem:             23016 kB
KReclaimable:     572604 kB
Slab:             222096 kB
SReclaimable:      68748 kB
SUnreclaim:       153348 kB
KernelStack:       43500 kB
PageTables:        55836 kB
NFS_Unstable:          0 kB
Bounce:                0 kB
WritebackTmp:          0 kB
CommitLimit:     6660208 kB
Committed_AS:   61504640 kB
VmallocTotal:   263061440 kB
VmallocUsed:       83856 kB
VmallocChunk:          0 kB
Percpu:             7648 kB
CmaTotal:         315392 kB
CmaFree:               0 kB
MemTotal:        5980404 kB
MemFree:         1224508 kB
MemAvailable:    2910636 kB
Buffers:            6664 kB
Cached:          1696844 kB
SwapCached:            0 kB
Active:          1265776 kB
Inactive:        1471352 kB
Active(anon):    1039932 kB
Inactive(anon):    21240 kB
Active(file):     225844 kB
Inactive(file):  1450112 kB
Unevictable:        5576 kB
Mlocked:            5576 kB
SwapTotal:       3670008 kB
SwapFree:        3670008 kB
Dirty:               220 kB
Writeback:             0 kB
AnonPages:       1038876 kB
Mapped:           781004 kB
Shmem:             23016 kB
KReclaimable:     572604 kB
Slab:             222168 kB
SReclaimable:      68748 kB
SUnreclaim:       153420 kB
KernelStack:       43488 kB
PageTables:        55644 kB
NFS_Unstable:          0 kB
Bounce:                0 kB
WritebackTmp:          0 kB
CommitLimit:     6660208 kB
Committed_AS:   61503276 kB
VmallocTotal:   263061440 kB
VmallocUsed:       83824 kB
VmallocChunk:          0 kB
Percpu:             7648 kB
CmaTotal:         315392 kB
CmaFree:               4 kB
MemTotal:        5980404 kB
MemFree:         1224220 kB
MemAvailable:    2910348 kB
Buffers:            6664 kB
Cached:          1696844 kB
SwapCached:            0 kB
Active:          1265700 kB
Inactive:        1471352 kB
Active(anon):    1039856 kB
Inactive(anon):    21240 kB
Active(file):     225844 kB
Inactive(file):  1450112 kB
Unevictable:        5576 kB
Mlocked:            5576 kB
SwapTotal:       3670008 kB
SwapFree:        3670008 kB
Dirty:               220 kB
Writeback:             0 kB
AnonPages:       1039444 kB
Mapped:           781368 kB
Shmem:             23016 kB
KReclaimable:     572604 kB
Slab:             222160 kB
SReclaimable:      68748 kB
SUnreclaim:       153412 kB
KernelStack:       43524 kB
PageTables:        55708 kB
NFS_Unstable:          0 kB
Bounce:                0 kB
WritebackTmp:          0 kB
CommitLimit:     6660208 kB
Committed_AS:   61501380 kB
VmallocTotal:   263061440 kB
VmallocUsed:       83872 kB
VmallocChunk:          0 kB
Percpu:             7648 kB
CmaTotal:         315392 kB
CmaFree:               0 kB
MemTotal:        5980404 kB
MemFree:         1223540 kB
MemAvailable:    2909676 kB
Buffers:            6664 kB
Cached:          1696852 kB
SwapCached:            0 kB
Active:          1266300 kB
Inactive:        1471356 kB
Active(anon):    1040452 kB
Inactive(anon):    21240 kB
Active(file):     225848 kB
Inactive(file):  1450116 kB
Unevictable:        5576 kB
Mlocked:            5576 kB
SwapTotal:       3670008 kB
SwapFree:        3670008 kB
Dirty:               236 kB
Writeback:             0 kB
AnonPages:       1039908 kB
Mapped:           781136 kB
Shmem:             23016 kB
KReclaimable:     572604 kB
Slab:             222104 kB
SReclaimable:      68748 kB
SUnreclaim:       153356 kB
KernelStack:       43456 kB
PageTables:        55440 kB
NFS_Unstable:          0 kB
Bounce:                0 kB
WritebackTmp:          0 kB
CommitLimit:     6660208 kB
Committed_AS:   61503952 kB
VmallocTotal:   263061440 kB
VmallocUsed:       83840 kB
VmallocChunk:          0 kB
Percpu:             7648 kB
CmaTotal:         315392 kB
CmaFree:               0 kB
MemTotal:        5980404 kB
MemFree:         1224252 kB
MemAvailable:    2910380 kB
Buffers:            6664 kB
Cached:          1696844 kB
SwapCached:            0 kB
Active:          1265356 kB
Inactive:        1471352 kB
Active(anon):    1039512 kB
Inactive(anon):    21240 kB
Active(file):     225844 kB
Inactive(file):  1450112 kB
Unevictable:        5576 kB
Mlocked:            5576 kB
SwapTotal:       3670008 kB
SwapFree:        3670008 kB
Dirty:               260 kB
Writeback:             0 kB
AnonPages:       1038964 kB
Mapped:           781144 kB
Shmem:             23016 kB
KReclaimable:     572604 kB
Slab:             222144 kB
SReclaimable:      68748 kB
SUnreclaim:       153396 kB
KernelStack:       43472 kB
PageTables:        55664 kB
NFS_Unstable:          0 kB
Bounce:                0 kB
WritebackTmp:          0 kB
CommitLimit:     6660208 kB
Committed_AS:   61504360 kB
VmallocTotal:   263061440 kB
VmallocUsed:       83856 kB
VmallocChunk:          0 kB
Percpu:             7648 kB
CmaTotal:         315392 kB
CmaFree:               0 kB
MemTotal:        5980404 kB
MemFree:         1224076 kB
MemAvailable:    2910220 kB
Buffers:            6672 kB
Cached:          1696852 kB
SwapCached:            0 kB
Active:          1265736 kB
Inactive:        1471368 kB
Active(anon):    1039892 kB
Inactive(anon):    21240 kB
Active(file):     225844 kB
Inactive(file):  1450128 kB
Unevictable:        5576 kB
Mlocked:            5576 kB
SwapTotal:       3670008 kB
SwapFree:        3670008 kB
Dirty:               220 kB
Writeback:             0 kB
AnonPages:       1039276 kB
Mapped:           781108 kB
Shmem:             23016 kB
KReclaimable:     572604 kB
Slab:             222072 kB
SReclaimable:      68748 kB
SUnreclaim:       153324 kB
KernelStack:       43472 kB
PageTables:        55636 kB
NFS_Unstable:          0 kB
Bounce:                0 kB
WritebackTmp:          0 kB
CommitLimit:     6660208 kB
Committed_AS:   61508908 kB
VmallocTotal:   263061440 kB
VmallocUsed:       83808 kB
VmallocChunk:          0 kB
Percpu:             7648 kB
CmaTotal:         315392 kB
CmaFree:               4 kB
MemTotal:        5980404 kB
MemFree:         1223252 kB
MemAvailable:    2909404 kB
Buffers:            6672 kB
Cached:          1696860 kB
SwapCached:            0 kB
Active:          1265888 kB
Inactive:        1471368 kB
Active(anon):    1040036 kB
Inactive(anon):    21240 kB
Active(file):     225852 kB
Inactive(file):  1450128 kB
Unevictable:        5576 kB
Mlocked:            5576 kB
SwapTotal:       3670008 kB
SwapFree:        3670008 kB
Dirty:               260 kB
Writeback:             0 kB
AnonPages:       1039464 kB
Mapped:           781156 kB
Shmem:             23016 kB
KReclaimable:     572604 kB
Slab:             222136 kB
SReclaimable:      68748 kB
SUnreclaim:       153388 kB
KernelStack:       43472 kB
PageTables:        55740 kB
NFS_Unstable:          0 kB
Bounce:                0 kB
WritebackTmp:          0 kB
CommitLimit:     6660208 kB
Committed_AS:   61508092 kB
VmallocTotal:   263061440 kB
VmallocUsed:       83808 kB
VmallocChunk:          0 kB
Percpu:             7648 kB
CmaTotal:         315392 kB
CmaFree:               0 kB
MemTotal:        5980404 kB
MemFree:         1236376 kB
MemAvailable:    2922528 kB
Buffers:            6672 kB
Cached:          1696860 kB
SwapCached:            0 kB
Active:          1253360 kB
Inactive:        1471368 kB
Active(anon):    1027508 kB
Inactive(anon):    21240 kB
Active(file):     225852 kB
Inactive(file):  1450128 kB
Unevictable:        5576 kB
Mlocked:            5576 kB
SwapTotal:       3670008 kB
SwapFree:        3670008 kB
Dirty:               260 kB
Writeback:             0 kB
AnonPages:       1027032 kB
Mapped:           781296 kB
Shmem:             23016 kB
KReclaimable:     572604 kB
Slab:             222168 kB
SReclaimable:      68748 kB
SUnreclaim:       153420 kB
KernelStack:       43456 kB
PageTables:        55836 kB
NFS_Unstable:          0 kB
Bounce:                0 kB
WritebackTmp:          0 kB
CommitLimit:     6660208 kB
Committed_AS:   61505732 kB
VmallocTotal:   263061440 kB
VmallocUsed:       83824 kB
VmallocChunk:          0 kB
Percpu:             7648 kB
CmaTotal:         315392 kB
CmaFree:             160 kB
MemTotal:        5980404 kB
MemFree:         1235944 kB
MemAvailable:    2922096 kB
Buffers:            6672 kB
Cached:          1696860 kB
SwapCached:            0 kB
Active:          1253888 kB
Inactive:        1471368 kB
Active(anon):    1028036 kB
Inactive(anon):    21240 kB
Active(file):     225852 kB
Inactive(file):  1450128 kB
Unevictable:        5576 kB
Mlocked:            5576 kB
SwapTotal:       3670008 kB
SwapFree:        3670008 kB
Dirty:               260 kB
Writeback:             0 kB
AnonPages:       1027440 kB
Mapped:           780992 kB
Shmem:             23016 kB
KReclaimable:     572604 kB
Slab:             222152 kB
SReclaimable:      68748 kB
SUnreclaim:       153404 kB
KernelStack:       43488 kB
PageTables:        55668 kB
NFS_Unstable:          0 kB
Bounce:                0 kB
WritebackTmp:          0 kB
CommitLimit:     6660208 kB
Committed_AS:   61508700 kB
VmallocTotal:   263061440 kB
VmallocUsed:       83792 kB
VmallocChunk:          0 kB
Percpu:             7648 kB
CmaTotal:         315392 kB
CmaFree:               4 kB
MemTotal:        5980404 kB
MemFree:         1235540 kB
MemAvailable:    2921692 kB
Buffers:            6672 kB
Cached:          1696860 kB
SwapCached:            0 kB
Active:          1253448 kB
Inactive:        1471368 kB
Active(anon):    1027596 kB
Inactive(anon):    21240 kB
Active(file):     225852 kB
Inactive(file):  1450128 kB
Unevictable:        5576 kB
Mlocked:            5576 kB
SwapTotal:       3670008 kB
SwapFree:        3670008 kB
Dirty:               264 kB
Writeback:             0 kB
AnonPages:       1027016 kB
Mapped:           781156 kB
Shmem:             23016 kB
KReclaimable:     572604 kB
Slab:             222136 kB
SReclaimable:      68748 kB
SUnreclaim:       153388 kB
KernelStack:       43456 kB
PageTables:        55612 kB
NFS_Unstable:          0 kB
Bounce:                0 kB
WritebackTmp:          0 kB
CommitLimit:     6660208 kB
Committed_AS:   61505364 kB
VmallocTotal:   263061440 kB
VmallocUsed:       83824 kB
VmallocChunk:          0 kB
Percpu:             7648 kB
CmaTotal:         315392 kB
CmaFree:               0 kB
MemTotal:        5980404 kB
MemFree:         1234844 kB
MemAvailable:    2920996 kB
Buffers:            6672 kB
Cached:          1696864 kB
SwapCached:            0 kB
Active:          1253984 kB
Inactive:        1471372 kB
Active(anon):    1028132 kB
Inactive(anon):    21244 kB
Active(file):     225852 kB
Inactive(file):  1450128 kB
Unevictable:        5576 kB
Mlocked:            5576 kB
SwapTotal:       3670008 kB
SwapFree:        3670008 kB
Dirty:               264 kB
Writeback:             0 kB
AnonPages:       1027628 kB
Mapped:           781108 kB
Shmem:             23020 kB
KReclaimable:     572604 kB
Slab:             222128 kB
SReclaimable:      68748 kB
SUnreclaim:       153380 kB
KernelStack:       43456 kB
PageTables:        55548 kB
NFS_Unstable:          0 kB
Bounce:                0 kB
WritebackTmp:          0 kB
CommitLimit:     6660208 kB
Committed_AS:   61508620 kB
VmallocTotal:   263061440 kB
VmallocUsed:       83856 kB
VmallocChunk:          0 kB
Percpu:             7648 kB
CmaTotal:         315392 kB
CmaFree:               0 kB
MemTotal:        5980404 kB
MemFree:         1234128 kB
MemAvailable:    2920288 kB
Buffers:            6672 kB
Cached:          1696872 kB
SwapCached:            0 kB
Active:          1254388 kB
Inactive:        1471376 kB
Active(anon):    1028532 kB
Inactive(anon):    21244 kB
Active(file):     225856 kB
Inactive(file):  1450132 kB
Unevictable:        5576 kB
Mlocked:            5576 kB
SwapTotal:       3670008 kB
SwapFree:        3670008 kB
Dirty:               272 kB
Writeback:             0 kB
AnonPages:       1027612 kB
Mapped:           781452 kB
Shmem:             23020 kB
KReclaimable:     572604 kB
Slab:             222128 kB
SReclaimable:      68748 kB
SUnreclaim:       153380 kB
KernelStack:       43420 kB
PageTables:        55540 kB
NFS_Unstable:          0 kB
Bounce:                0 kB
WritebackTmp:          0 kB
CommitLimit:     6660208 kB
Committed_AS:   61506580 kB
VmallocTotal:   263061440 kB
VmallocUsed:       83824 kB
VmallocChunk:          0 kB
Percpu:             7648 kB
CmaTotal:         315392 kB
CmaFree:              84 kB
MemTotal:        5980404 kB
MemFree:         1234188 kB
MemAvailable:    2920340 kB
Buffers:            6672 kB
Cached:          1696864 kB
SwapCached:            0 kB
Active:          1254544 kB
Inactive:        1471376 kB
Active(anon):    1028696 kB
Inactive(anon):    21244 kB
Active(file):     225848 kB
Inactive(file):  1450132 kB
Unevictable:        5576 kB
Mlocked:            5576 kB
SwapTotal:       3670008 kB
SwapFree:        3670008 kB
Dirty:               268 kB
Writeback:             0 kB
AnonPages:       1027900 kB
Mapped:           781360 kB
Shmem:             23020 kB
KReclaimable:     572604 kB
Slab:             222256 kB
SReclaimable:      68748 kB
SUnreclaim:       153508 kB
KernelStack:       43488 kB
PageTables:        55672 kB
NFS_Unstable:          0 kB
Bounce:                0 kB
WritebackTmp:          0 kB
CommitLimit:     6660208 kB
Committed_AS:   61505408 kB
VmallocTotal:   263061440 kB
VmallocUsed:       83888 kB
VmallocChunk:          0 kB
Percpu:             7648 kB
CmaTotal:         315392 kB
CmaFree:               0 kB
MemTotal:        5980404 kB
MemFree:         1234284 kB
MemAvailable:    2920436 kB
Buffers:            6672 kB
Cached:          1696864 kB
SwapCached:            0 kB
Active:          1254216 kB
Inactive:        1471376 kB
Active(anon):    1028368 kB
Inactive(anon):    21244 kB
Active(file):     225848 kB
Inactive(file):  1450132 kB
Unevictable:        5576 kB
Mlocked:            5576 kB
SwapTotal:       3670008 kB
SwapFree:        3670008 kB
Dirty:               268 kB
Writeback:             0 kB
AnonPages:       1027748 kB
Mapped:           781232 kB
Shmem:             23020 kB
KReclaimable:     572604 kB
Slab:             222224 kB
SReclaimable:      68748 kB
SUnreclaim:       153476 kB
KernelStack:       43520 kB
PageTables:        55780 kB
NFS_Unstable:          0 kB
Bounce:                0 kB
WritebackTmp:          0 kB
CommitLimit:     6660208 kB
Committed_AS:   61509876 kB
VmallocTotal:   263061440 kB
VmallocUsed:       83888 kB
VmallocChunk:          0 kB
Percpu:             7648 kB
CmaTotal:         315392 kB
CmaFree:               0 kB
MemTotal:        5980404 kB
MemFree:         1235068 kB
MemAvailable:    2921220 kB
Buffers:            6672 kB
Cached:          1696864 kB
SwapCached:            0 kB
Active:          1254532 kB
Inactive:        1471372 kB
Active(anon):    1028680 kB
Inactive(anon):    21244 kB
Active(file):     225852 kB
Inactive(file):  1450128 kB
Unevictable:        5576 kB
Mlocked:            5576 kB
SwapTotal:       3670008 kB
SwapFree:        3670008 kB
Dirty:               304 kB
Writeback:             0 kB
AnonPages:       1028204 kB
Mapped:           781288 kB
Shmem:             23020 kB
KReclaimable:     572604 kB
Slab:             222192 kB
SReclaimable:      68748 kB
SUnreclaim:       153444 kB
KernelStack:       43536 kB
PageTables:        55616 kB
NFS_Unstable:          0 kB
Bounce:                0 kB
WritebackTmp:          0 kB
CommitLimit:     6660208 kB
Committed_AS:   61507668 kB
VmallocTotal:   263061440 kB
VmallocUsed:       83840 kB
VmallocChunk:          0 kB
Percpu:             7648 kB
CmaTotal:         315392 kB
CmaFree:              48 kB
MemTotal:        5980404 kB
MemFree:         1235036 kB
MemAvailable:    2921192 kB
Buffers:            6672 kB
Cached:          1696868 kB
SwapCached:            0 kB
Active:          1255168 kB
Inactive:        1471372 kB
Active(anon):    1029312 kB
Inactive(anon):    21244 kB
Active(file):     225856 kB
Inactive(file):  1450128 kB
Unevictable:        5576 kB
Mlocked:            5576 kB
SwapTotal:       3670008 kB
SwapFree:        3670008 kB
Dirty:               328 kB
Writeback:             0 kB
AnonPages:       1028680 kB
Mapped:           781288 kB
Shmem:             23020 kB
KReclaimable:     572604 kB
Slab:             222160 kB
SReclaimable:      68748 kB
SUnreclaim:       153412 kB
KernelStack:       43488 kB
PageTables:        55880 kB
NFS_Unstable:          0 kB
Bounce:                0 kB
WritebackTmp:          0 kB
CommitLimit:     6660208 kB
Committed_AS:   61507228 kB
VmallocTotal:   263061440 kB
VmallocUsed:       83840 kB
VmallocChunk:          0 kB
Percpu:             7648 kB
CmaTotal:         315392 kB
CmaFree:               0 kB
MemTotal:        5980404 kB
MemFree:         1234356 kB
MemAvailable:    2920508 kB
Buffers:            6672 kB
Cached:          1696864 kB
SwapCached:            0 kB
Active:          1255432 kB
Inactive:        1471372 kB
Active(anon):    1029580 kB
Inactive(anon):    21244 kB
Active(file):     225852 kB
Inactive(file):  1450128 kB
Unevictable:        5576 kB
Mlocked:            5576 kB
SwapTotal:       3670008 kB
SwapFree:        3670008 kB
Dirty:               332 kB
Writeback:             0 kB
AnonPages:       1028624 kB
Mapped:           781344 kB
Shmem:             23020 kB
KReclaimable:     572604 kB
Slab:             222176 kB
SReclaimable:      68748 kB
SUnreclaim:       153428 kB
KernelStack:       43488 kB
PageTables:        55668 kB
NFS_Unstable:          0 kB
Bounce:                0 kB
WritebackTmp:          0 kB
CommitLimit:     6660208 kB
Committed_AS:   61506832 kB
VmallocTotal:   263061440 kB
VmallocUsed:       83840 kB
VmallocChunk:          0 kB
Percpu:             7648 kB
CmaTotal:         315392 kB
CmaFree:               0 kB
MemTotal:        5980404 kB
MemFree:         1235124 kB
MemAvailable:    2921276 kB
Buffers:            6672 kB
Cached:          1696864 kB
SwapCached:            0 kB
Active:          1255504 kB
Inactive:        1471372 kB
Active(anon):    1029652 kB
Inactive(anon):    21244 kB
Active(file):     225852 kB
Inactive(file):  1450128 kB
Unevictable:        5576 kB
Mlocked:            5576 kB
SwapTotal:       3670008 kB
SwapFree:        3670008 kB
Dirty:               332 kB
Writeback:             0 kB
AnonPages:       1028816 kB
Mapped:           781288 kB
Shmem:             23020 kB
KReclaimable:     572604 kB
Slab:             222184 kB
SReclaimable:      68748 kB
SUnreclaim:       153436 kB
KernelStack:       43472 kB
PageTables:        55668 kB
NFS_Unstable:          0 kB
Bounce:                0 kB
WritebackTmp:          0 kB
CommitLimit:     6660208 kB
Committed_AS:   61508988 kB
VmallocTotal:   263061440 kB
VmallocUsed:       83808 kB
VmallocChunk:          0 kB
Percpu:             7648 kB
CmaTotal:         315392 kB
CmaFree:               0 kB
MemTotal:        5980404 kB
MemFree:         1235788 kB
MemAvailable:    2921948 kB
Buffers:            6672 kB
Cached:          1696872 kB
SwapCached:            0 kB
Active:          1255860 kB
Inactive:        1471376 kB
Active(anon):    1030004 kB
Inactive(anon):    21244 kB
Active(file):     225856 kB
Inactive(file):  1450132 kB
Unevictable:        5576 kB
Mlocked:            5576 kB
SwapTotal:       3670008 kB
SwapFree:        3670008 kB
Dirty:               340 kB
Writeback:             0 kB
AnonPages:       1029388 kB
Mapped:           781284 kB
Shmem:             23020 kB
KReclaimable:     572604 kB
Slab:             222152 kB
SReclaimable:      68748 kB
SUnreclaim:       153404 kB
KernelStack:       43520 kB
PageTables:        55852 kB
NFS_Unstable:          0 kB
Bounce:                0 kB
WritebackTmp:          0 kB
CommitLimit:     6660208 kB
Committed_AS:   61507752 kB
VmallocTotal:   263061440 kB
VmallocUsed:       83824 kB
VmallocChunk:          0 kB
Percpu:             7648 kB
CmaTotal:         315392 kB
CmaFree:               0 kB
MemTotal:        5980404 kB
MemFree:         1234312 kB
MemAvailable:    2920464 kB
Buffers:            6672 kB
Cached:          1696864 kB
SwapCached:            0 kB
Active:          1256792 kB
Inactive:        1471372 kB
Active(anon):    1030940 kB
Inactive(anon):    21244 kB
Active(file):     225852 kB
Inactive(file):  1450128 kB
Unevictable:        5576 kB
Mlocked:            5576 kB
SwapTotal:       3670008 kB
SwapFree:        3670008 kB
Dirty:               140 kB
Writeback:             0 kB
AnonPages:       1030236 kB
Mapped:           781124 kB
Shmem:             23020 kB
KReclaimable:     572604 kB
Slab:             222080 kB
SReclaimable:      68748 kB
SUnreclaim:       153332 kB
KernelStack:       43424 kB
PageTables:        55488 kB
NFS_Unstable:          0 kB
Bounce:                0 kB
WritebackTmp:          0 kB
CommitLimit:     6660208 kB
Committed_AS:   61507080 kB
VmallocTotal:   263061440 kB
VmallocUsed:       83808 kB
VmallocChunk:          0 kB
Percpu:             7648 kB
CmaTotal:         315392 kB
CmaFree:               0 kB
MemTotal:        5980404 kB
MemFree:         1234200 kB
MemAvailable:    2920352 kB
Buffers:            6672 kB
Cached:          1696864 kB
SwapCached:            0 kB
Active:          1256996 kB
Inactive:        1471372 kB
Active(anon):    1031144 kB
Inactive(anon):    21244 kB
Active(file):     225852 kB
Inactive(file):  1450128 kB
Unevictable:        5576 kB
Mlocked:            5576 kB
SwapTotal:       3670008 kB
SwapFree:        3670008 kB
Dirty:               140 kB
Writeback:             0 kB
AnonPages:       1030336 kB
Mapped:           781224 kB
Shmem:             23020 kB
KReclaimable:     572604 kB
Slab:             222152 kB
SReclaimable:      68748 kB
SUnreclaim:       153404 kB
KernelStack:       43456 kB
PageTables:        55720 kB
NFS_Unstable:          0 kB
Bounce:                0 kB
WritebackTmp:          0 kB
CommitLimit:     6660208 kB
Committed_AS:   61505916 kB
VmallocTotal:   263061440 kB
VmallocUsed:       83808 kB
VmallocChunk:          0 kB
Percpu:             7648 kB
CmaTotal:         315392 kB
CmaFree:               0 kB
MemTotal:        5980404 kB
MemFree:         1233016 kB
MemAvailable:    2919184 kB
Buffers:            6676 kB
Cached:          1696876 kB
SwapCached:            0 kB
Active:          1257200 kB
Inactive:        1471384 kB
Active(anon):    1031344 kB
Inactive(anon):    21244 kB
Active(file):     225856 kB
Inactive(file):  1450140 kB
Unevictable:        5576 kB
Mlocked:            5576 kB
SwapTotal:       3670008 kB
SwapFree:        3670008 kB
Dirty:               128 kB
Writeback:             0 kB
AnonPages:       1030776 kB
Mapped:           781116 kB
Shmem:             23020 kB
KReclaimable:     572604 kB
Slab:             222144 kB
SReclaimable:      68748 kB
SUnreclaim:       153396 kB
KernelStack:       43456 kB
PageTables:        55628 kB
NFS_Unstable:          0 kB
Bounce:                0 kB
WritebackTmp:          0 kB
CommitLimit:     6660208 kB
Committed_AS:   61508204 kB
VmallocTotal:   263061440 kB
VmallocUsed:       83824 kB
VmallocChunk:          0 kB
Percpu:             7648 kB
CmaTotal:         315392 kB
CmaFree:               0 kB
MemTotal:        5980404 kB
MemFree:         1233536 kB
MemAvailable:    2919704 kB
Buffers:            6676 kB
Cached:          1696876 kB
SwapCached:            0 kB
Active:          1257440 kB
Inactive:        1471384 kB
Active(anon):    1031584 kB
Inactive(anon):    21244 kB
Active(file):     225856 kB
Inactive(file):  1450140 kB
Unevictable:        5576 kB
Mlocked:            5576 kB
SwapTotal:       3670008 kB
SwapFree:        3670008 kB
Dirty:               128 kB
Writeback:             0 kB
AnonPages:       1030940 kB
Mapped:           781288 kB
Shmem:             23020 kB
KReclaimable:     572604 kB
Slab:             222144 kB
SReclaimable:      68748 kB
SUnreclaim:       153396 kB
KernelStack:       43456 kB
PageTables:        55448 kB
NFS_Unstable:          0 kB
Bounce:                0 kB
WritebackTmp:          0 kB
CommitLimit:     6660208 kB
Committed_AS:   61509832 kB
VmallocTotal:   263061440 kB
VmallocUsed:       83824 kB
VmallocChunk:          0 kB
Percpu:             7648 kB
CmaTotal:         315392 kB
CmaFree:               4 kB
MemTotal:        5980404 kB
MemFree:         1232932 kB
MemAvailable:    2919100 kB
Buffers:            6676 kB
Cached:          1696876 kB
SwapCached:            0 kB
Active:          1257892 kB
Inactive:        1471384 kB
Active(anon):    1032036 kB
Inactive(anon):    21244 kB
Active(file):     225856 kB
Inactive(file):  1450140 kB
Unevictable:        5576 kB
Mlocked:            5576 kB
SwapTotal:       3670008 kB
SwapFree:        3670008 kB
Dirty:               132 kB
Writeback:             0 kB
AnonPages:       1031288 kB
Mapped:           781036 kB
Shmem:             23020 kB
KReclaimable:     572604 kB
Slab:             222176 kB
SReclaimable:      68748 kB
SUnreclaim:       153428 kB
KernelStack:       43404 kB
PageTables:        55660 kB
NFS_Unstable:          0 kB
Bounce:                0 kB
WritebackTmp:          0 kB
CommitLimit:     6660208 kB
Committed_AS:   61510276 kB
VmallocTotal:   263061440 kB
VmallocUsed:       83824 kB
VmallocChunk:          0 kB
Percpu:             7648 kB
CmaTotal:         315392 kB
CmaFree:               0 kB
MemTotal:        5980404 kB
MemFree:         1231948 kB
MemAvailable:    2918116 kB
Buffers:            6676 kB
Cached:          1696876 kB
SwapCached:            0 kB
Active:          1258032 kB
Inactive:        1471384 kB
Active(anon):    1032176 kB
Inactive(anon):    21244 kB
Active(file):     225856 kB
Inactive(file):  1450140 kB
Unevictable:        5576 kB
Mlocked:            5576 kB
SwapTotal:       3670008 kB
SwapFree:        3670008 kB
Dirty:               128 kB
Writeback:             0 kB
AnonPages:       1031596 kB
Mapped:           781284 kB
Shmem:             23020 kB
KReclaimable:     572604 kB
Slab:             222080 kB
SReclaimable:      68748 kB
SUnreclaim:       153332 kB
KernelStack:       43424 kB
PageTables:        55596 kB
NFS_Unstable:          0 kB
Bounce:                0 kB
WritebackTmp:          0 kB
CommitLimit:     6660208 kB
Committed_AS:   61511304 kB
VmallocTotal:   263061440 kB
VmallocUsed:       83792 kB
VmallocChunk:          0 kB
Percpu:             7648 kB
CmaTotal:         315392 kB
CmaFree:              16 kB
MemTotal:        5980404 kB
MemFree:         1234796 kB
MemAvailable:    2920956 kB
Buffers:            6676 kB
Cached:          1696868 kB
SwapCached:            0 kB
Active:          1254916 kB
Inactive:        1471380 kB
Active(anon):    1029064 kB
Inactive(anon):    21244 kB
Active(file):     225852 kB
Inactive(file):  1450136 kB
Unevictable:        5576 kB
Mlocked:            5576 kB
SwapTotal:       3670008 kB
SwapFree:        3670008 kB
Dirty:               120 kB
Writeback:             0 kB
AnonPages:       1028312 kB
Mapped:           781320 kB
Shmem:             23020 kB
KReclaimable:     572604 kB
Slab:             222152 kB
SReclaimable:      68748 kB
SUnreclaim:       153404 kB
KernelStack:       43516 kB
PageTables:        55848 kB
NFS_Unstable:          0 kB
Bounce:                0 kB
WritebackTmp:          0 kB
CommitLimit:     6660208 kB
Committed_AS:   61507476 kB
VmallocTotal:   263061440 kB
VmallocUsed:       83808 kB
VmallocChunk:          0 kB
Percpu:             7648 kB
CmaTotal:         315392 kB
CmaFree:             148 kB
MemTotal:        5980404 kB
MemFree:         1234824 kB
MemAvailable:    2921000 kB
Buffers:            6676 kB
Cached:          1696884 kB
SwapCached:            0 kB
Active:          1254908 kB
Inactive:        1471388 kB
Active(anon):    1029048 kB
Inactive(anon):    21244 kB
Active(file):     225860 kB
Inactive(file):  1450144 kB
Unevictable:        5576 kB
Mlocked:            5576 kB
SwapTotal:       3670008 kB
SwapFree:        3670008 kB
Dirty:               136 kB
Writeback:             0 kB
AnonPages:       1028540 kB
Mapped:           781284 kB
Shmem:             23020 kB
KReclaimable:     572604 kB
Slab:             222144 kB
SReclaimable:      68748 kB
SUnreclaim:       153396 kB
KernelStack:       43456 kB
PageTables:        55608 kB
NFS_Unstable:          0 kB
Bounce:                0 kB
WritebackTmp:          0 kB
CommitLimit:     6660208 kB
Committed_AS:   61508052 kB
VmallocTotal:   263061440 kB
VmallocUsed:       83808 kB
VmallocChunk:          0 kB
Percpu:             7648 kB
CmaTotal:         315392 kB
CmaFree:              32 kB
MemTotal:        5980404 kB
MemFree:         1233632 kB
MemAvailable:    2919800 kB
Buffers:            6676 kB
Cached:          1696876 kB
SwapCached:            0 kB
Active:          1255824 kB
Inactive:        1471384 kB
Active(anon):    1029968 kB
Inactive(anon):    21244 kB
Active(file):     225856 kB
Inactive(file):  1450140 kB
Unevictable:        5576 kB
Mlocked:            5576 kB
SwapTotal:       3670008 kB
SwapFree:        3670008 kB
Dirty:               144 kB
Writeback:             0 kB
AnonPages:       1029392 kB
Mapped:           781276 kB
Shmem:             23020 kB
KReclaimable:     572604 kB
Slab:             222176 kB
SReclaimable:      68748 kB
SUnreclaim:       153428 kB
KernelStack:       43440 kB
PageTables:        55520 kB
NFS_Unstable:          0 kB
Bounce:                0 kB
WritebackTmp:          0 kB
CommitLimit:     6660208 kB
Committed_AS:   61509640 kB
VmallocTotal:   263061440 kB
VmallocUsed:       83808 kB
