MemTotal:       12113144 kB
MemFree:         6979056 kB
MemAvailable:    8376840 kB
Buffers:            5932 kB
Cached:          1620760 kB
SwapCached:            0 kB
Active:          1335932 kB
Inactive:        1412012 kB
Active(anon):    1127776 kB
Inactive(anon):    20920 kB
Active(file):     208156 kB
Inactive(file):  1391092 kB
Unevictable:        5692 kB
Mlocked:            5692 kB
SwapTotal:       3145724 kB
SwapFree:        3145724 kB
Dirty:               236 kB
Writeback:             0 kB
AnonPages:       1126952 kB
Mapped:           804792 kB
Shmem:             22792 kB
KReclaimable:     667240 kB
Slab:             202328 kB
SReclaimable:      66848 kB
SUnreclaim:       135480 kB
KernelStack:       41456 kB
PageTables:        55444 kB
NFS_Unstable:          0 kB
Bounce:                0 kB
WritebackTmp:          0 kB
CommitLimit:     9202296 kB
Committed_AS:   56331860 kB
VmallocTotal:   263061440 kB
VmallocUsed:       98308 kB
VmallocChunk:          0 kB
Percpu:             7584 kB
CmaTotal:         294912 kB
CmaFree:               0 kB
MemTotal:       12113144 kB
MemFree:         6976824 kB
MemAvailable:    8374608 kB
Buffers:            5932 kB
Cached:          1620764 kB
SwapCached:            0 kB
Active:          1336668 kB
Inactive:        1412016 kB
Active(anon):    1128512 kB
Inactive(anon):    20924 kB
Active(file):     208156 kB
Inactive(file):  1391092 kB
Unevictable:        5692 kB
Mlocked:            5692 kB
SwapTotal:       3145724 kB
SwapFree:        3145724 kB
Dirty:               236 kB
Writeback:             0 kB
AnonPages:       1127752 kB
Mapped:           804816 kB
Shmem:             22796 kB
KReclaimable:     667240 kB
Slab:             202312 kB
SReclaimable:      66848 kB
SUnreclaim:       135464 kB
KernelStack:       41472 kB
PageTables:        55620 kB
NFS_Unstable:          0 kB
Bounce:                0 kB
WritebackTmp:          0 kB
CommitLimit:     9202296 kB
Committed_AS:   56332580 kB
VmallocTotal:   263061440 kB
VmallocUsed:       98324 kB
VmallocChunk:          0 kB
Percpu:             7584 kB
CmaTotal:         294912 kB
CmaFree:               0 kB
MemTotal:       12113144 kB
MemFree:         6976324 kB
MemAvailable:    8374120 kB
Buffers:            5936 kB
Cached:          1620772 kB
SwapCached:            0 kB
Active:          1337004 kB
Inactive:        1412024 kB
Active(anon):    1128844 kB
Inactive(anon):    20924 kB
Active(file):     208160 kB
Inactive(file):  1391100 kB
Unevictable:        5692 kB
Mlocked:            5692 kB
SwapTotal:       3145724 kB
SwapFree:        3145724 kB
Dirty:               220 kB
Writeback:             0 kB
AnonPages:       1128064 kB
Mapped:           804556 kB
Shmem:             22796 kB
KReclaimable:     667240 kB
Slab:             202320 kB
SReclaimable:      66848 kB
SUnreclaim:       135472 kB
KernelStack:       41472 kB
PageTables:        55624 kB
NFS_Unstable:          0 kB
Bounce:                0 kB
WritebackTmp:          0 kB
CommitLimit:     9202296 kB
Committed_AS:   56332404 kB
VmallocTotal:   263061440 kB
VmallocUsed:       98340 kB
VmallocChunk:          0 kB
Percpu:             7584 kB
CmaTotal:         294912 kB
CmaFree:               0 kB
MemTotal:       12113144 kB
MemFree:         6976164 kB
MemAvailable:    8373960 kB
Buffers:            5936 kB
Cached:          1620772 kB
SwapCached:            0 kB
Active:          1337240 kB
Inactive:        1412024 kB
Active(anon):    1129080 kB
Inactive(anon):    20924 kB
Active(file):     208160 kB
Inactive(file):  1391100 kB
Unevictable:        5692 kB
Mlocked:            5692 kB
SwapTotal:       3145724 kB
SwapFree:        3145724 kB
Dirty:               220 kB
Writeback:             0 kB
AnonPages:       1128364 kB
Mapped:           804816 kB
Shmem:             22796 kB
KReclaimable:     667240 kB
Slab:             202320 kB
SReclaimable:      66848 kB
SUnreclaim:       135472 kB
KernelStack:       41472 kB
PageTables:        55628 kB
NFS_Unstable:          0 kB
Bounce:                0 kB
WritebackTmp:          0 kB
CommitLimit:     9202296 kB
Committed_AS:   56337404 kB
VmallocTotal:   263061440 kB
VmallocUsed:       98356 kB
VmallocChunk:          0 kB
Percpu:             7584 kB
CmaTotal:         294912 kB
CmaFree:               0 kB
MemTotal:       12113144 kB
MemFree:         6975440 kB
MemAvailable:    8373236 kB
Buffers:            5936 kB
Cached:          1620772 kB
SwapCached:            0 kB
Active:          1337780 kB
Inactive:        1412024 kB
Active(anon):    1129620 kB
Inactive(anon):    20924 kB
Active(file):     208160 kB
Inactive(file):  1391100 kB
Unevictable:        5692 kB
Mlocked:            5692 kB
SwapTotal:       3145724 kB
SwapFree:        3145724 kB
Dirty:               220 kB
Writeback:             0 kB
AnonPages:       1128920 kB
Mapped:           804556 kB
Shmem:             22796 kB
KReclaimable:     667240 kB
Slab:             202320 kB
SReclaimable:      66848 kB
SUnreclaim:       135472 kB
KernelStack:       41472 kB
PageTables:        55616 kB
NFS_Unstable:          0 kB
Bounce:                0 kB
WritebackTmp:          0 kB
CommitLimit:     9202296 kB
Committed_AS:   56337712 kB
VmallocTotal:   263061440 kB
VmallocUsed:       98356 kB
VmallocChunk:          0 kB
Percpu:             7584 kB
CmaTotal:         294912 kB
CmaFree:               0 kB
MemTotal:       12113144 kB
MemFree:         6974664 kB
MemAvailable:    8372460 kB
Buffers:            5936 kB
Cached:          1620776 kB
SwapCached:            0 kB
Active:          1338392 kB
Inactive:        1412028 kB
Active(anon):    1130232 kB
Inactive(anon):    20928 kB
Active(file):     208160 kB
Inactive(file):  1391100 kB
Unevictable:        5692 kB
Mlocked:            5692 kB
SwapTotal:       3145724 kB
SwapFree:        3145724 kB
Dirty:               220 kB
Writeback:             0 kB
AnonPages:       1129512 kB
Mapped:           804560 kB
Shmem:             22800 kB
KReclaimable:     667240 kB
Slab:             202312 kB
SReclaimable:      66848 kB
SUnreclaim:       135464 kB
KernelStack:       41472 kB
PageTables:        55624 kB
NFS_Unstable:          0 kB
Bounce:                0 kB
WritebackTmp:          0 kB
CommitLimit:     9202296 kB
Committed_AS:   56342320 kB
VmallocTotal:   263061440 kB
VmallocUsed:       98356 kB
VmallocChunk:          0 kB
Percpu:             7584 kB
CmaTotal:         294912 kB
CmaFree:               0 kB
MemTotal:       12113144 kB
MemFree:         6974096 kB
MemAvailable:    8371892 kB
Buffers:            5936 kB
Cached:          1620776 kB
SwapCached:            0 kB
Active:          1338924 kB
Inactive:        1412028 kB
Active(anon):    1130764 kB
Inactive(anon):    20928 kB
Active(file):     208160 kB
Inactive(file):  1391100 kB
Unevictable:        5692 kB
Mlocked:            5692 kB
SwapTotal:       3145724 kB
SwapFree:        3145724 kB
Dirty:               224 kB
Writeback:             0 kB
AnonPages:       1129992 kB
Mapped:           804820 kB
Shmem:             22800 kB
KReclaimable:     667240 kB
Slab:             202312 kB
SReclaimable:      66848 kB
SUnreclaim:       135464 kB
KernelStack:       41472 kB
PageTables:        55616 kB
NFS_Unstable:          0 kB
Bounce:                0 kB
WritebackTmp:          0 kB
CommitLimit:     9202296 kB
Committed_AS:   56342048 kB
VmallocTotal:   263061440 kB
VmallocUsed:       98356 kB
VmallocChunk:          0 kB
Percpu:             7584 kB
CmaTotal:         294912 kB
CmaFree:               0 kB
MemTotal:       12113144 kB
MemFree:         6972856 kB
MemAvailable:    8370652 kB
Buffers:            5936 kB
Cached:          1620776 kB
SwapCached:            0 kB
Active:          1339220 kB
Inactive:        1412028 kB
Active(anon):    1131060 kB
Inactive(anon):    20928 kB
Active(file):     208160 kB
Inactive(file):  1391100 kB
Unevictable:        5692 kB
Mlocked:            5692 kB
SwapTotal:       3145724 kB
SwapFree:        3145724 kB
Dirty:               224 kB
Writeback:             0 kB
AnonPages:       1130276 kB
Mapped:           804820 kB
Shmem:             22800 kB
KReclaimable:     667240 kB
Slab:             202304 kB
SReclaimable:      66848 kB
SUnreclaim:       135456 kB
KernelStack:       41488 kB
PageTables:        55620 kB
NFS_Unstable:          0 kB
Bounce:                0 kB
WritebackTmp:          0 kB
CommitLimit:     9202296 kB
Committed_AS:   56342100 kB
VmallocTotal:   263061440 kB
VmallocUsed:       98340 kB
VmallocChunk:          0 kB
Percpu:             7584 kB
CmaTotal:         294912 kB
CmaFree:               0 kB
MemTotal:       12113144 kB
MemFree:         6974244 kB
MemAvailable:    8372040 kB
Buffers:            5936 kB
Cached:          1620776 kB
SwapCached:            0 kB
Active:          1338668 kB
Inactive:        1412028 kB
Active(anon):    1130508 kB
Inactive(anon):    20928 kB
Active(file):     208160 kB
Inactive(file):  1391100 kB
Unevictable:        5692 kB
Mlocked:            5692 kB
SwapTotal:       3145724 kB
SwapFree:        3145724 kB
Dirty:               224 kB
Writeback:             0 kB
AnonPages:       1129748 kB
Mapped:           804820 kB
Shmem:             22800 kB
KReclaimable:     667240 kB
Slab:             202320 kB
SReclaimable:      66848 kB
SUnreclaim:       135472 kB
KernelStack:       41456 kB
PageTables:        55624 kB
NFS_Unstable:          0 kB
Bounce:                0 kB
WritebackTmp:          0 kB
CommitLimit:     9202296 kB
Committed_AS:   56341712 kB
VmallocTotal:   263061440 kB
VmallocUsed:       98308 kB
VmallocChunk:          0 kB
Percpu:             7584 kB
CmaTotal:         294912 kB
CmaFree:               0 kB
MemTotal:       12113144 kB
MemFree:         6973028 kB
MemAvailable:    8370824 kB
Buffers:            5936 kB
Cached:          1620776 kB
SwapCached:            0 kB
Active:          1339208 kB
Inactive:        1412028 kB
Active(anon):    1131048 kB
Inactive(anon):    20928 kB
Active(file):     208160 kB
Inactive(file):  1391100 kB
Unevictable:        5692 kB
Mlocked:            5692 kB
SwapTotal:       3145724 kB
SwapFree:        3145724 kB
Dirty:               224 kB
Writeback:             0 kB
AnonPages:       1130236 kB
Mapped:           804820 kB
Shmem:             22800 kB
KReclaimable:     667240 kB
Slab:             202296 kB
SReclaimable:      66848 kB
SUnreclaim:       135448 kB
KernelStack:       41456 kB
PageTables:        55624 kB
NFS_Unstable:          0 kB
Bounce:                0 kB
WritebackTmp:          0 kB
CommitLimit:     9202296 kB
Committed_AS:   56341936 kB
VmallocTotal:   263061440 kB
VmallocUsed:       98324 kB
VmallocChunk:          0 kB
Percpu:             7584 kB
CmaTotal:         294912 kB
CmaFree:               0 kB
MemTotal:       12113144 kB
MemFree:         6973468 kB
MemAvailable:    8371264 kB
Buffers:            5936 kB
Cached:          1620776 kB
SwapCached:            0 kB
Active:          1339656 kB
Inactive:        1412028 kB
Active(anon):    1131496 kB
Inactive(anon):    20928 kB
Active(file):     208160 kB
Inactive(file):  1391100 kB
Unevictable:        5692 kB
Mlocked:            5692 kB
SwapTotal:       3145724 kB
SwapFree:        3145724 kB
Dirty:               224 kB
Writeback:             0 kB
AnonPages:       1130772 kB
Mapped:           804804 kB
Shmem:             22800 kB
KReclaimable:     667240 kB
Slab:             202312 kB
SReclaimable:      66848 kB
SUnreclaim:       135464 kB
KernelStack:       41456 kB
PageTables:        55552 kB
NFS_Unstable:          0 kB
Bounce:                0 kB
WritebackTmp:          0 kB
CommitLimit:     9202296 kB
Committed_AS:   56341964 kB
VmallocTotal:   263061440 kB
VmallocUsed:       98324 kB
VmallocChunk:          0 kB
Percpu:             7584 kB
CmaTotal:         294912 kB
CmaFree:               0 kB
MemTotal:       12113144 kB
MemFree:         6972484 kB
MemAvailable:    8370280 kB
Buffers:            5936 kB
Cached:          1620776 kB
SwapCached:            0 kB
Active:          1339940 kB
Inactive:        1412028 kB
Active(anon):    1131780 kB
Inactive(anon):    20928 kB
Active(file):     208160 kB
Inactive(file):  1391100 kB
Unevictable:        5692 kB
Mlocked:            5692 kB
SwapTotal:       3145724 kB
SwapFree:        3145724 kB
Dirty:               224 kB
Writeback:             0 kB
AnonPages:       1131004 kB
Mapped:           804820 kB
Shmem:             22800 kB
KReclaimable:     667240 kB
Slab:             202312 kB
SReclaimable:      66848 kB
SUnreclaim:       135464 kB
KernelStack:       41456 kB
PageTables:        55616 kB
NFS_Unstable:          0 kB
Bounce:                0 kB
WritebackTmp:          0 kB
CommitLimit:     9202296 kB
Committed_AS:   56342044 kB
VmallocTotal:   263061440 kB
VmallocUsed:       98324 kB
VmallocChunk:          0 kB
Percpu:             7584 kB
CmaTotal:         294912 kB
CmaFree:               0 kB
MemTotal:       12113144 kB
MemFree:         6982640 kB
MemAvailable:    8380448 kB
Buffers:            5936 kB
Cached:          1620788 kB
SwapCached:            0 kB
Active:          1329888 kB
Inactive:        1412040 kB
Active(anon):    1121728 kB
Inactive(anon):    20928 kB
Active(file):     208160 kB
Inactive(file):  1391112 kB
Unevictable:        5692 kB
Mlocked:            5692 kB
SwapTotal:       3145724 kB
SwapFree:        3145724 kB
Dirty:               244 kB
Writeback:             0 kB
AnonPages:       1121012 kB
Mapped:           804492 kB
Shmem:             22800 kB
KReclaimable:     667240 kB
Slab:             202304 kB
SReclaimable:      66848 kB
SUnreclaim:       135456 kB
KernelStack:       41456 kB
PageTables:        55628 kB
NFS_Unstable:          0 kB
Bounce:                0 kB
WritebackTmp:          0 kB
CommitLimit:     9202296 kB
Committed_AS:   56342036 kB
VmallocTotal:   263061440 kB
VmallocUsed:       98324 kB
VmallocChunk:          0 kB
Percpu:             7584 kB
CmaTotal:         294912 kB
CmaFree:               0 kB
MemTotal:       12113144 kB
MemFree:         6982284 kB
MemAvailable:    8380092 kB
Buffers:            5936 kB
Cached:          1620788 kB
SwapCached:            0 kB
Active:          1330216 kB
Inactive:        1412040 kB
Active(anon):    1122056 kB
Inactive(anon):    20928 kB
Active(file):     208160 kB
Inactive(file):  1391112 kB
Unevictable:        5692 kB
Mlocked:            5692 kB
SwapTotal:       3145724 kB
SwapFree:        3145724 kB
Dirty:               244 kB
Writeback:             0 kB
AnonPages:       1121396 kB
Mapped:           804492 kB
Shmem:             22800 kB
KReclaimable:     667240 kB
Slab:             202304 kB
SReclaimable:      66848 kB
SUnreclaim:       135456 kB
KernelStack:       41456 kB
PageTables:        55608 kB
NFS_Unstable:          0 kB
Bounce:                0 kB
WritebackTmp:          0 kB
CommitLimit:     9202296 kB
Committed_AS:   56342024 kB
VmallocTotal:   263061440 kB
VmallocUsed:       98308 kB
VmallocChunk:          0 kB
Percpu:             7584 kB
CmaTotal:         294912 kB
CmaFree:               0 kB
MemTotal:       12113144 kB
MemFree:         6982144 kB
MemAvailable:    8379952 kB
Buffers:            5936 kB
Cached:          1620788 kB
SwapCached:            0 kB
Active:          1330272 kB
Inactive:        1412040 kB
Active(anon):    1122112 kB
Inactive(anon):    20928 kB
Active(file):     208160 kB
Inactive(file):  1391112 kB
Unevictable:        5692 kB
Mlocked:            5692 kB
SwapTotal:       3145724 kB
SwapFree:        3145724 kB
Dirty:               244 kB
Writeback:             0 kB
AnonPages:       1121348 kB
Mapped:           804492 kB
Shmem:             22800 kB
KReclaimable:     667240 kB
Slab:             202328 kB
SReclaimable:      66848 kB
SUnreclaim:       135480 kB
KernelStack:       41456 kB
PageTables:        55624 kB
NFS_Unstable:          0 kB
Bounce:                0 kB
WritebackTmp:          0 kB
CommitLimit:     9202296 kB
Committed_AS:   56341692 kB
VmallocTotal:   263061440 kB
VmallocUsed:       98308 kB
VmallocChunk:          0 kB
Percpu:             7584 kB
CmaTotal:         294912 kB
CmaFree:               0 kB
MemTotal:       12113144 kB
MemFree:         6981472 kB
MemAvailable:    8379280 kB
Buffers:            5936 kB
Cached:          1620788 kB
SwapCached:            0 kB
Active:          1330736 kB
Inactive:        1412040 kB
Active(anon):    1122576 kB
Inactive(anon):    20928 kB
Active(file):     208160 kB
Inactive(file):  1391112 kB
Unevictable:        5692 kB
Mlocked:            5692 kB
SwapTotal:       3145724 kB
SwapFree:        3145724 kB
Dirty:               244 kB
Writeback:             0 kB
AnonPages:       1121780 kB
Mapped:           804492 kB
Shmem:             22800 kB
KReclaimable:     667240 kB
Slab:             202304 kB
SReclaimable:      66848 kB
SUnreclaim:       135456 kB
KernelStack:       41456 kB
PageTables:        55620 kB
NFS_Unstable:          0 kB
Bounce:                0 kB
WritebackTmp:          0 kB
CommitLimit:     9202296 kB
Committed_AS:   56341860 kB
VmallocTotal:   263061440 kB
VmallocUsed:       98324 kB
VmallocChunk:          0 kB
Percpu:             7584 kB
CmaTotal:         294912 kB
CmaFree:               0 kB
MemTotal:       12113144 kB
MemFree:         6981768 kB
MemAvailable:    8379576 kB
Buffers:            5936 kB
Cached:          1620788 kB
SwapCached:            0 kB
Active:          1331100 kB
Inactive:        1412040 kB
Active(anon):    1122940 kB
Inactive(anon):    20928 kB
Active(file):     208160 kB
Inactive(file):  1391112 kB
Unevictable:        5692 kB
Mlocked:            5692 kB
SwapTotal:       3145724 kB
SwapFree:        3145724 kB
Dirty:               248 kB
Writeback:             0 kB
AnonPages:       1122104 kB
Mapped:           804492 kB
Shmem:             22800 kB
KReclaimable:     667240 kB
Slab:             202304 kB
SReclaimable:      66848 kB
SUnreclaim:       135456 kB
KernelStack:       41456 kB
PageTables:        55624 kB
NFS_Unstable:          0 kB
Bounce:                0 kB
WritebackTmp:          0 kB
CommitLimit:     9202296 kB
Committed_AS:   56341524 kB
VmallocTotal:   263061440 kB
VmallocUsed:       98340 kB
VmallocChunk:          0 kB
Percpu:             7584 kB
CmaTotal:         294912 kB
CmaFree:               0 kB
MemTotal:       12113144 kB
MemFree:         6981120 kB
MemAvailable:    8378928 kB
Buffers:            5936 kB
Cached:          1620788 kB
SwapCached:            0 kB
Active:          1331432 kB
Inactive:        1412040 kB
Active(anon):    1123272 kB
Inactive(anon):    20928 kB
Active(file):     208160 kB
Inactive(file):  1391112 kB
Unevictable:        5692 kB
Mlocked:            5692 kB
SwapTotal:       3145724 kB
SwapFree:        3145724 kB
Dirty:               248 kB
Writeback:             0 kB
AnonPages:       1122376 kB
Mapped:           804492 kB
Shmem:             22800 kB
KReclaimable:     667240 kB
Slab:             202304 kB
SReclaimable:      66848 kB
SUnreclaim:       135456 kB
KernelStack:       41456 kB
PageTables:        55620 kB
NFS_Unstable:          0 kB
Bounce:                0 kB
WritebackTmp:          0 kB
CommitLimit:     9202296 kB
Committed_AS:   56341380 kB
VmallocTotal:   263061440 kB
VmallocUsed:       98308 kB
VmallocChunk:          0 kB
Percpu:             7584 kB
CmaTotal:         294912 kB
CmaFree:               0 kB
MemTotal:       12113144 kB
MemFree:         6980752 kB
MemAvailable:    8378580 kB
Buffers:            5944 kB
Cached:          1620800 kB
SwapCached:            0 kB
Active:          1332248 kB
Inactive:        1412052 kB
Active(anon):    1124080 kB
Inactive(anon):    20928 kB
Active(file):     208168 kB
Inactive(file):  1391124 kB
Unevictable:        5692 kB
Mlocked:            5692 kB
SwapTotal:       3145724 kB
SwapFree:        3145724 kB
Dirty:               232 kB
Writeback:             0 kB
AnonPages:       1123384 kB
Mapped:           804752 kB
Shmem:             22800 kB
KReclaimable:     667240 kB
Slab:             202304 kB
SReclaimable:      66848 kB
SUnreclaim:       135456 kB
KernelStack:       41456 kB
PageTables:        55628 kB
NFS_Unstable:          0 kB
Bounce:                0 kB
WritebackTmp:          0 kB
CommitLimit:     9202296 kB
Committed_AS:   56341496 kB
VmallocTotal:   263061440 kB
VmallocUsed:       98292 kB
VmallocChunk:          0 kB
Percpu:             7584 kB
CmaTotal:         294912 kB
CmaFree:               0 kB
MemTotal:       12113144 kB
MemFree:         6980056 kB
MemAvailable:    8377884 kB
Buffers:            5944 kB
Cached:          1620800 kB
SwapCached:            0 kB
Active:          1332576 kB
Inactive:        1412052 kB
Active(anon):    1124408 kB
Inactive(anon):    20928 kB
Active(file):     208168 kB
Inactive(file):  1391124 kB
Unevictable:        5692 kB
Mlocked:            5692 kB
SwapTotal:       3145724 kB
SwapFree:        3145724 kB
Dirty:               232 kB
Writeback:             0 kB
AnonPages:       1123740 kB
Mapped:           804736 kB
Shmem:             22800 kB
KReclaimable:     667240 kB
Slab:             202320 kB
SReclaimable:      66848 kB
SUnreclaim:       135472 kB
KernelStack:       41456 kB
PageTables:        55552 kB
NFS_Unstable:          0 kB
Bounce:                0 kB
WritebackTmp:          0 kB
CommitLimit:     9202296 kB
Committed_AS:   56341780 kB
VmallocTotal:   263061440 kB
VmallocUsed:       98292 kB
VmallocChunk:          0 kB
Percpu:             7584 kB
CmaTotal:         294912 kB
CmaFree:               0 kB
MemTotal:       12113144 kB
MemFree:         6980156 kB
MemAvailable:    8377984 kB
Buffers:            5944 kB
Cached:          1620800 kB
SwapCached:            0 kB
Active:          1331836 kB
Inactive:        1412052 kB
Active(anon):    1123668 kB
Inactive(anon):    20928 kB
Active(file):     208168 kB
Inactive(file):  1391124 kB
Unevictable:        5692 kB
Mlocked:            5692 kB
SwapTotal:       3145724 kB
SwapFree:        3145724 kB
Dirty:               232 kB
Writeback:             0 kB
AnonPages:       1122968 kB
Mapped:           804492 kB
Shmem:             22800 kB
KReclaimable:     667240 kB
Slab:             202296 kB
SReclaimable:      66848 kB
SUnreclaim:       135448 kB
KernelStack:       41440 kB
PageTables:        55620 kB
NFS_Unstable:          0 kB
Bounce:                0 kB
WritebackTmp:          0 kB
CommitLimit:     9202296 kB
Committed_AS:   56341552 kB
VmallocTotal:   263061440 kB
VmallocUsed:       98292 kB
VmallocChunk:          0 kB
Percpu:             7584 kB
CmaTotal:         294912 kB
CmaFree:               0 kB
MemTotal:       12113144 kB
MemFree:         6979832 kB
MemAvailable:    8377672 kB
Buffers:            5944 kB
Cached:          1620816 kB
SwapCached:            0 kB
Active:          1332500 kB
Inactive:        1412064 kB
Active(anon):    1124328 kB
Inactive(anon):    20932 kB
Active(file):     208172 kB
Inactive(file):  1391132 kB
Unevictable:        5692 kB
Mlocked:            5692 kB
SwapTotal:       3145724 kB
SwapFree:        3145724 kB
Dirty:               240 kB
Writeback:             0 kB
AnonPages:       1123604 kB
Mapped:           804504 kB
Shmem:             22804 kB
KReclaimable:     667240 kB
Slab:             202304 kB
SReclaimable:      66848 kB
SUnreclaim:       135456 kB
KernelStack:       41440 kB
PageTables:        55624 kB
NFS_Unstable:          0 kB
Bounce:                0 kB
WritebackTmp:          0 kB
CommitLimit:     9202296 kB
Committed_AS:   56341204 kB
VmallocTotal:   263061440 kB
VmallocUsed:       98340 kB
VmallocChunk:          0 kB
Percpu:             7584 kB
CmaTotal:         294912 kB
CmaFree:               0 kB
MemTotal:       12113144 kB
MemFree:         6979968 kB
MemAvailable:    8377796 kB
Buffers:            5944 kB
Cached:          1620804 kB
SwapCached:            0 kB
Active:          1332756 kB
Inactive:        1412056 kB
Active(anon):    1124588 kB
Inactive(anon):    20932 kB
Active(file):     208168 kB
Inactive(file):  1391124 kB
Unevictable:        5692 kB
Mlocked:            5692 kB
SwapTotal:       3145724 kB
SwapFree:        3145724 kB
Dirty:               232 kB
Writeback:             0 kB
AnonPages:       1123904 kB
Mapped:           804764 kB
Shmem:             22804 kB
KReclaimable:     667240 kB
Slab:             202296 kB
SReclaimable:      66848 kB
SUnreclaim:       135448 kB
KernelStack:       41456 kB
PageTables:        55620 kB
NFS_Unstable:          0 kB
Bounce:                0 kB
WritebackTmp:          0 kB
CommitLimit:     9202296 kB
Committed_AS:   56340664 kB
VmallocTotal:   263061440 kB
VmallocUsed:       98356 kB
VmallocChunk:          0 kB
Percpu:             7584 kB
CmaTotal:         294912 kB
CmaFree:               0 kB
MemTotal:       12113144 kB
MemFree:         6969504 kB
MemAvailable:    8367332 kB
Buffers:            5944 kB
Cached:          1620808 kB
SwapCached:            0 kB
Active:          1342240 kB
Inactive:        1412056 kB
Active(anon):    1134072 kB
Inactive(anon):    20932 kB
Active(file):     208168 kB
Inactive(file):  1391124 kB
Unevictable:        5692 kB
Mlocked:            5692 kB
SwapTotal:       3145724 kB
SwapFree:        3145724 kB
Dirty:               244 kB
Writeback:             0 kB
AnonPages:       1133172 kB
Mapped:           804764 kB
Shmem:             22808 kB
KReclaimable:     667240 kB
Slab:             202312 kB
SReclaimable:      66848 kB
SUnreclaim:       135464 kB
KernelStack:       41440 kB
PageTables:        55620 kB
NFS_Unstable:          0 kB
Bounce:                0 kB
WritebackTmp:          0 kB
CommitLimit:     9202296 kB
Committed_AS:   56361988 kB
VmallocTotal:   263061440 kB
VmallocUsed:       98372 kB
VmallocChunk:          0 kB
Percpu:             7584 kB
CmaTotal:         294912 kB
CmaFree:               0 kB
MemTotal:       12113144 kB
MemFree:         6958372 kB
MemAvailable:    8356200 kB
Buffers:            5944 kB
Cached:          1620804 kB
SwapCached:            0 kB
Active:          1355040 kB
Inactive:        1412056 kB
Active(anon):    1146872 kB
Inactive(anon):    20932 kB
Active(file):     208168 kB
Inactive(file):  1391124 kB
Unevictable:        5692 kB
Mlocked:            5692 kB
SwapTotal:       3145724 kB
SwapFree:        3145724 kB
Dirty:               160 kB
Writeback:             0 kB
AnonPages:       1146020 kB
Mapped:           804760 kB
Shmem:             22804 kB
KReclaimable:     667240 kB
Slab:             202312 kB
SReclaimable:      66848 kB
SUnreclaim:       135464 kB
KernelStack:       41504 kB
PageTables:        55596 kB
NFS_Unstable:          0 kB
Bounce:                0 kB
WritebackTmp:          0 kB
CommitLimit:     9202296 kB
Committed_AS:   56372804 kB
VmallocTotal:   263061440 kB
VmallocUsed:       98404 kB
VmallocChunk:          0 kB
Percpu:             7584 kB
CmaTotal:         294912 kB
CmaFree:               0 kB
MemTotal:       12113144 kB
MemFree:         6958284 kB
MemAvailable:    8356112 kB
Buffers:            5944 kB
Cached:          1620804 kB
SwapCached:            0 kB
Active:          1355172 kB
Inactive:        1412056 kB
Active(anon):    1147004 kB
Inactive(anon):    20932 kB
Active(file):     208168 kB
Inactive(file):  1391124 kB
Unevictable:        5692 kB
Mlocked:            5692 kB
SwapTotal:       3145724 kB
SwapFree:        3145724 kB
Dirty:               160 kB
Writeback:             0 kB
AnonPages:       1146304 kB
Mapped:           804764 kB
Shmem:             22804 kB
KReclaimable:     667240 kB
Slab:             202312 kB
SReclaimable:      66848 kB
SUnreclaim:       135464 kB
KernelStack:       41504 kB
PageTables:        55616 kB
NFS_Unstable:          0 kB
Bounce:                0 kB
WritebackTmp:          0 kB
CommitLimit:     9202296 kB
Committed_AS:   56372504 kB
VmallocTotal:   263061440 kB
VmallocUsed:       98356 kB
VmallocChunk:          0 kB
Percpu:             7584 kB
CmaTotal:         294912 kB
CmaFree:               0 kB
MemTotal:       12113144 kB
MemFree:         6957336 kB
MemAvailable:    8355164 kB
Buffers:            5944 kB
Cached:          1620804 kB
SwapCached:            0 kB
Active:          1355408 kB
Inactive:        1412056 kB
Active(anon):    1147240 kB
Inactive(anon):    20932 kB
Active(file):     208168 kB
Inactive(file):  1391124 kB
Unevictable:        5692 kB
Mlocked:            5692 kB
SwapTotal:       3145724 kB
SwapFree:        3145724 kB
Dirty:               176 kB
Writeback:             0 kB
AnonPages:       1146460 kB
Mapped:           804504 kB
Shmem:             22804 kB
KReclaimable:     667240 kB
Slab:             202312 kB
SReclaimable:      66848 kB
SUnreclaim:       135464 kB
KernelStack:       41504 kB
PageTables:        55620 kB
NFS_Unstable:          0 kB
Bounce:                0 kB
WritebackTmp:          0 kB
CommitLimit:     9202296 kB
Committed_AS:   56372468 kB
VmallocTotal:   263061440 kB
VmallocUsed:       98356 kB
VmallocChunk:          0 kB
Percpu:             7584 kB
CmaTotal:         294912 kB
CmaFree:               0 kB
MemTotal:       12113144 kB
MemFree:         6946772 kB
MemAvailable:    8344608 kB
Buffers:            5944 kB
Cached:          1620812 kB
SwapCached:            0 kB
Active:          1366540 kB
Inactive:        1412064 kB
Active(anon):    1158372 kB
Inactive(anon):    20932 kB
Active(file):     208168 kB
Inactive(file):  1391132 kB
Unevictable:        5692 kB
Mlocked:            5692 kB
SwapTotal:       3145724 kB
SwapFree:        3145724 kB
Dirty:               188 kB
Writeback:             0 kB
AnonPages:       1157688 kB
Mapped:           804768 kB
Shmem:             22804 kB
KReclaimable:     667240 kB
Slab:             202320 kB
SReclaimable:      66848 kB
SUnreclaim:       135472 kB
KernelStack:       41504 kB
PageTables:        55628 kB
NFS_Unstable:          0 kB
Bounce:                0 kB
WritebackTmp:          0 kB
CommitLimit:     9202296 kB
Committed_AS:   56362440 kB
VmallocTotal:   263061440 kB
VmallocUsed:       98404 kB
VmallocChunk:          0 kB
Percpu:             7584 kB
CmaTotal:         294912 kB
CmaFree:               0 kB
MemTotal:       12113144 kB
MemFree:         6946044 kB
MemAvailable:    8343880 kB
Buffers:            5944 kB
Cached:          1620812 kB
SwapCached:            0 kB
Active:          1366868 kB
Inactive:        1412064 kB
Active(anon):    1158700 kB
Inactive(anon):    20932 kB
Active(file):     208168 kB
Inactive(file):  1391132 kB
Unevictable:        5692 kB
Mlocked:            5692 kB
SwapTotal:       3145724 kB
SwapFree:        3145724 kB
Dirty:               204 kB
Writeback:             0 kB
AnonPages:       1157896 kB
Mapped:           804768 kB
Shmem:             22804 kB
KReclaimable:     667240 kB
Slab:             202320 kB
SReclaimable:      66848 kB
SUnreclaim:       135472 kB
KernelStack:       41504 kB
PageTables:        55616 kB
NFS_Unstable:          0 kB
Bounce:                0 kB
WritebackTmp:          0 kB
CommitLimit:     9202296 kB
Committed_AS:   56356964 kB
VmallocTotal:   263061440 kB
VmallocUsed:       98388 kB
VmallocChunk:          0 kB
Percpu:             7584 kB
CmaTotal:         294912 kB
CmaFree:               0 kB
MemTotal:       12113144 kB
MemFree:         6946432 kB
MemAvailable:    8344268 kB
Buffers:            5944 kB
Cached:          1620812 kB
SwapCached:            0 kB
Active:          1367140 kB
Inactive:        1412064 kB
Active(anon):    1158972 kB
Inactive(anon):    20932 kB
Active(file):     208168 kB
Inactive(file):  1391132 kB
Unevictable:        5692 kB
Mlocked:            5692 kB
SwapTotal:       3145724 kB
SwapFree:        3145724 kB
Dirty:               192 kB
Writeback:             0 kB
AnonPages:       1158268 kB
Mapped:           804508 kB
Shmem:             22804 kB
KReclaimable:     667240 kB
Slab:             202320 kB
SReclaimable:      66848 kB
SUnreclaim:       135472 kB
KernelStack:       41504 kB
PageTables:        55628 kB
NFS_Unstable:          0 kB
Bounce:                0 kB
WritebackTmp:          0 kB
CommitLimit:     9202296 kB
Committed_AS:   56362132 kB
VmallocTotal:   263061440 kB
VmallocUsed:       98388 kB
VmallocChunk:          0 kB
Percpu:             7584 kB
CmaTotal:         294912 kB
CmaFree:               0 kB
MemTotal:       12113144 kB
MemFree:         6974312 kB
MemAvailable:    8372148 kB
Buffers:            5944 kB
Cached:          1620812 kB
SwapCached:            0 kB
Active:          1336284 kB
Inactive:        1412064 kB
Active(anon):    1128116 kB
Inactive(anon):    20932 kB
Active(file):     208168 kB
Inactive(file):  1391132 kB
Unevictable:        5692 kB
Mlocked:            5692 kB
SwapTotal:       3145724 kB
SwapFree:        3145724 kB
Dirty:               224 kB
Writeback:             0 kB
AnonPages:       1127316 kB
Mapped:           804572 kB
Shmem:             22804 kB
KReclaimable:     667240 kB
Slab:             202320 kB
SReclaimable:      66848 kB
SUnreclaim:       135472 kB
KernelStack:       41536 kB
PageTables:        55644 kB
NFS_Unstable:          0 kB
Bounce:                0 kB
WritebackTmp:          0 kB
CommitLimit:     9202296 kB
Committed_AS:   56361876 kB
VmallocTotal:   263061440 kB
VmallocUsed:       98372 kB
VmallocChunk:          0 kB
Percpu:             7584 kB
CmaTotal:         294912 kB
CmaFree:               0 kB
MemTotal:       12113144 kB
MemFree:         6974312 kB
MemAvailable:    8372148 kB
Buffers:            5944 kB
Cached:          1620812 kB
SwapCached:            0 kB
Active:          1336780 kB
Inactive:        1412064 kB
Active(anon):    1128612 kB
Inactive(anon):    20932 kB
Active(file):     208168 kB
Inactive(file):  1391132 kB
Unevictable:        5692 kB
Mlocked:            5692 kB
SwapTotal:       3145724 kB
SwapFree:        3145724 kB
Dirty:               224 kB
Writeback:             0 kB
AnonPages:       1127896 kB
Mapped:           804508 kB
Shmem:             22804 kB
KReclaimable:     667240 kB
Slab:             202320 kB
SReclaimable:      66848 kB
SUnreclaim:       135472 kB
KernelStack:       41504 kB
PageTables:        55620 kB
NFS_Unstable:          0 kB
Bounce:                0 kB
WritebackTmp:          0 kB
CommitLimit:     9202296 kB
Committed_AS:   56361700 kB
VmallocTotal:   263061440 kB
VmallocUsed:       98388 kB
VmallocChunk:          0 kB
Percpu:             7584 kB
CmaTotal:         294912 kB
CmaFree:               0 kB
MemTotal:       12113144 kB
MemFree:         6973984 kB
MemAvailable:    8371820 kB
Buffers:            5944 kB
Cached:          1620812 kB
SwapCached:            0 kB
Active:          1337132 kB
Inactive:        1412064 kB
Active(anon):    1128964 kB
Inactive(anon):    20932 kB
Active(file):     208168 kB
Inactive(file):  1391132 kB
Unevictable:        5692 kB
Mlocked:            5692 kB
SwapTotal:       3145724 kB
SwapFree:        3145724 kB
Dirty:               228 kB
Writeback:             0 kB
AnonPages:       1128332 kB
Mapped:           804768 kB
Shmem:             22804 kB
KReclaimable:     667240 kB
Slab:             202328 kB
SReclaimable:      66848 kB
SUnreclaim:       135480 kB
KernelStack:       41504 kB
PageTables:        55616 kB
NFS_Unstable:          0 kB
Bounce:                0 kB
WritebackTmp:          0 kB
CommitLimit:     9202296 kB
Committed_AS:   56361576 kB
VmallocTotal:   263061440 kB
VmallocUsed:       98388 kB
VmallocChunk:          0 kB
Percpu:             7584 kB
CmaTotal:         294912 kB
CmaFree:               0 kB
MemTotal:       12113144 kB
MemFree:         6973972 kB
MemAvailable:    8371828 kB
Buffers:            5948 kB
Cached:          1620824 kB
SwapCached:            0 kB
Active:          1337300 kB
Inactive:        1412076 kB
Active(anon):    1129128 kB
Inactive(anon):    20932 kB
Active(file):     208172 kB
Inactive(file):  1391144 kB
Unevictable:        5692 kB
Mlocked:            5692 kB
SwapTotal:       3145724 kB
SwapFree:        3145724 kB
Dirty:               248 kB
Writeback:             0 kB
AnonPages:       1128364 kB
Mapped:           804768 kB
Shmem:             22804 kB
KReclaimable:     667244 kB
Slab:             202316 kB
SReclaimable:      66852 kB
SUnreclaim:       135464 kB
KernelStack:       41504 kB
PageTables:        55616 kB
NFS_Unstable:          0 kB
Bounce:                0 kB
WritebackTmp:          0 kB
CommitLimit:     9202296 kB
Committed_AS:   56362016 kB
VmallocTotal:   263061440 kB
VmallocUsed:       98372 kB
VmallocChunk:          0 kB
Percpu:             7584 kB
CmaTotal:         294912 kB
CmaFree:               0 kB
MemTotal:       12113144 kB
MemFree:         6973752 kB
MemAvailable:    8371612 kB
Buffers:            5948 kB
Cached:          1620828 kB
SwapCached:            0 kB
Active:          1337644 kB
Inactive:        1412080 kB
Active(anon):    1129472 kB
Inactive(anon):    20932 kB
Active(file):     208172 kB
Inactive(file):  1391148 kB
Unevictable:        5692 kB
Mlocked:            5692 kB
SwapTotal:       3145724 kB
SwapFree:        3145724 kB
Dirty:               152 kB
Writeback:             0 kB
AnonPages:       1128700 kB
Mapped:           804508 kB
Shmem:             22804 kB
KReclaimable:     667244 kB
Slab:             202316 kB
SReclaimable:      66852 kB
SUnreclaim:       135464 kB
KernelStack:       41504 kB
PageTables:        55616 kB
NFS_Unstable:          0 kB
Bounce:                0 kB
WritebackTmp:          0 kB
CommitLimit:     9202296 kB
Committed_AS:   56361840 kB
VmallocTotal:   263061440 kB
VmallocUsed:       98404 kB
VmallocChunk:          0 kB
Percpu:             7584 kB
CmaTotal:         294912 kB
CmaFree:               0 kB
MemTotal:       12113144 kB
MemFree:         6975236 kB
MemAvailable:    8373092 kB
Buffers:            5948 kB
Cached:          1620828 kB
SwapCached:            0 kB
Active:          1337180 kB
Inactive:        1412080 kB
Active(anon):    1129008 kB
Inactive(anon):    20932 kB
Active(file):     208172 kB
Inactive(file):  1391148 kB
Unevictable:        5692 kB
Mlocked:            5692 kB
SwapTotal:       3145724 kB
SwapFree:        3145724 kB
Dirty:               152 kB
Writeback:             0 kB
AnonPages:       1128256 kB
Mapped:           804768 kB
Shmem:             22804 kB
KReclaimable:     667240 kB
Slab:             202336 kB
SReclaimable:      66848 kB
SUnreclaim:       135488 kB
KernelStack:       41504 kB
PageTables:        55628 kB
NFS_Unstable:          0 kB
Bounce:                0 kB
WritebackTmp:          0 kB
CommitLimit:     9202296 kB
Committed_AS:   56361804 kB
VmallocTotal:   263061440 kB
VmallocUsed:       98404 kB
VmallocChunk:          0 kB
Percpu:             7584 kB
CmaTotal:         294912 kB
CmaFree:               0 kB
MemTotal:       12113144 kB
MemFree:         6973744 kB
MemAvailable:    8371600 kB
Buffers:            5948 kB
Cached:          1620828 kB
SwapCached:            0 kB
Active:          1337512 kB
Inactive:        1412080 kB
Active(anon):    1129340 kB
Inactive(anon):    20932 kB
Active(file):     208172 kB
Inactive(file):  1391148 kB
Unevictable:        5692 kB
Mlocked:            5692 kB
SwapTotal:       3145724 kB
SwapFree:        3145724 kB
Dirty:               184 kB
Writeback:             0 kB
AnonPages:       1128592 kB
Mapped:           804768 kB
Shmem:             22804 kB
KReclaimable:     667240 kB
Slab:             202312 kB
SReclaimable:      66848 kB
SUnreclaim:       135464 kB
KernelStack:       41504 kB
PageTables:        55620 kB
NFS_Unstable:          0 kB
Bounce:                0 kB
WritebackTmp:          0 kB
CommitLimit:     9202296 kB
Committed_AS:   56361716 kB
VmallocTotal:   263061440 kB
VmallocUsed:       98420 kB
VmallocChunk:          0 kB
Percpu:             7584 kB
CmaTotal:         294912 kB
CmaFree:               0 kB
MemTotal:       12113144 kB
MemFree:         6974600 kB
MemAvailable:    8372456 kB
Buffers:            5948 kB
Cached:          1620828 kB
SwapCached:            0 kB
Active:          1337956 kB
Inactive:        1412080 kB
Active(anon):    1129784 kB
Inactive(anon):    20932 kB
Active(file):     208172 kB
Inactive(file):  1391148 kB
Unevictable:        5692 kB
Mlocked:            5692 kB
SwapTotal:       3145724 kB
SwapFree:        3145724 kB
Dirty:               184 kB
Writeback:             0 kB
AnonPages:       1129004 kB
Mapped:           804768 kB
Shmem:             22804 kB
KReclaimable:     667240 kB
Slab:             202312 kB
SReclaimable:      66848 kB
SUnreclaim:       135464 kB
KernelStack:       41504 kB
PageTables:        55628 kB
NFS_Unstable:          0 kB
Bounce:                0 kB
WritebackTmp:          0 kB
CommitLimit:     9202296 kB
Committed_AS:   56361832 kB
VmallocTotal:   263061440 kB
VmallocUsed:       98420 kB
VmallocChunk:          0 kB
Percpu:             7584 kB
CmaTotal:         294912 kB
CmaFree:               0 kB
MemTotal:       12113144 kB
MemFree:         6962136 kB
MemAvailable:    8359996 kB
Buffers:            5948 kB
Cached:          1620832 kB
SwapCached:            0 kB
Active:          1351720 kB
Inactive:        1412084 kB
Active(anon):    1143548 kB
Inactive(anon):    20932 kB
Active(file):     208172 kB
Inactive(file):  1391152 kB
Unevictable:        5692 kB
Mlocked:            5692 kB
SwapTotal:       3145724 kB
SwapFree:        3145724 kB
Dirty:               192 kB
Writeback:             0 kB
AnonPages:       1142592 kB
Mapped:           804576 kB
Shmem:             22804 kB
KReclaimable:     667240 kB
Slab:             202312 kB
SReclaimable:      66848 kB
SUnreclaim:       135464 kB
KernelStack:       41536 kB
PageTables:        55680 kB
NFS_Unstable:          0 kB
Bounce:                0 kB
WritebackTmp:          0 kB
CommitLimit:     9202296 kB
Committed_AS:   56372448 kB
VmallocTotal:   263061440 kB
VmallocUsed:       98404 kB
VmallocChunk:          0 kB
Percpu:             7584 kB
CmaTotal:         294912 kB
CmaFree:               0 kB
MemTotal:       12113144 kB
MemFree:         6956484 kB
MemAvailable:    8354344 kB
Buffers:            5948 kB
Cached:          1620832 kB
SwapCached:            0 kB
Active:          1356164 kB
Inactive:        1412084 kB
Active(anon):    1147992 kB
Inactive(anon):    20932 kB
Active(file):     208172 kB
Inactive(file):  1391152 kB
Unevictable:        5692 kB
Mlocked:            5692 kB
SwapTotal:       3145724 kB
SwapFree:        3145724 kB
Dirty:               180 kB
Writeback:             0 kB
AnonPages:       1147308 kB
Mapped:           804768 kB
Shmem:             22804 kB
KReclaimable:     667240 kB
Slab:             202320 kB
SReclaimable:      66848 kB
SUnreclaim:       135472 kB
KernelStack:       41520 kB
PageTables:        55616 kB
NFS_Unstable:          0 kB
Bounce:                0 kB
WritebackTmp:          0 kB
CommitLimit:     9202296 kB
Committed_AS:   56366988 kB
VmallocTotal:   263061440 kB
VmallocUsed:       98436 kB
VmallocChunk:          0 kB
Percpu:             7584 kB
CmaTotal:         294912 kB
CmaFree:               0 kB
MemTotal:       12113144 kB
MemFree:         6955604 kB
MemAvailable:    8353464 kB
Buffers:            5948 kB
Cached:          1620836 kB
SwapCached:            0 kB
Active:          1356732 kB
Inactive:        1412088 kB
Active(anon):    1148560 kB
Inactive(anon):    20936 kB
Active(file):     208172 kB
Inactive(file):  1391152 kB
Unevictable:        5692 kB
Mlocked:            5692 kB
SwapTotal:       3145724 kB
SwapFree:        3145724 kB
Dirty:               188 kB
Writeback:             0 kB
AnonPages:       1147784 kB
Mapped:           804772 kB
Shmem:             22808 kB
KReclaimable:     667240 kB
Slab:             202320 kB
SReclaimable:      66848 kB
SUnreclaim:       135472 kB
KernelStack:       41504 kB
PageTables:        55612 kB
NFS_Unstable:          0 kB
Bounce:                0 kB
WritebackTmp:          0 kB
CommitLimit:     9202296 kB
Committed_AS:   56367392 kB
VmallocTotal:   263061440 kB
VmallocUsed:       98436 kB
VmallocChunk:          0 kB
Percpu:             7584 kB
CmaTotal:         294912 kB
CmaFree:               0 kB
MemTotal:       12113144 kB
MemFree:         6955540 kB
MemAvailable:    8353400 kB
Buffers:            5948 kB
Cached:          1620836 kB
SwapCached:            0 kB
Active:          1357228 kB
Inactive:        1412088 kB
Active(anon):    1149056 kB
Inactive(anon):    20936 kB
Active(file):     208172 kB
Inactive(file):  1391152 kB
Unevictable:        5692 kB
Mlocked:            5692 kB
SwapTotal:       3145724 kB
SwapFree:        3145724 kB
Dirty:               196 kB
Writeback:             0 kB
AnonPages:       1148228 kB
Mapped:           804772 kB
Shmem:             22808 kB
KReclaimable:     667240 kB
Slab:             202328 kB
SReclaimable:      66848 kB
SUnreclaim:       135480 kB
KernelStack:       41520 kB
PageTables:        55736 kB
NFS_Unstable:          0 kB
Bounce:                0 kB
WritebackTmp:          0 kB
CommitLimit:     9202296 kB
Committed_AS:   56361820 kB
VmallocTotal:   263061440 kB
VmallocUsed:       98436 kB
VmallocChunk:          0 kB
Percpu:             7584 kB
CmaTotal:         294912 kB
CmaFree:               0 kB
MemTotal:       12113144 kB
MemFree:         6955232 kB
MemAvailable:    8353100 kB
Buffers:            5948 kB
Cached:          1620844 kB
SwapCached:            0 kB
Active:          1357456 kB
Inactive:        1412096 kB
Active(anon):    1149284 kB
Inactive(anon):    20936 kB
Active(file):     208172 kB
Inactive(file):  1391160 kB
Unevictable:        5692 kB
Mlocked:            5692 kB
SwapTotal:       3145724 kB
SwapFree:        3145724 kB
Dirty:               216 kB
Writeback:             0 kB
AnonPages:       1148524 kB
Mapped:           804772 kB
Shmem:             22808 kB
KReclaimable:     667240 kB
Slab:             202320 kB
SReclaimable:      66848 kB
SUnreclaim:       135472 kB
KernelStack:       41504 kB
PageTables:        55612 kB
NFS_Unstable:          0 kB
Bounce:                0 kB
WritebackTmp:          0 kB
CommitLimit:     9202296 kB
Committed_AS:   56367128 kB
VmallocTotal:   263061440 kB
VmallocUsed:       98420 kB
VmallocChunk:          0 kB
Percpu:             7584 kB
CmaTotal:         294912 kB
CmaFree:               0 kB
MemTotal:       12113144 kB
MemFree:         6954768 kB
MemAvailable:    8352636 kB
Buffers:            5948 kB
Cached:          1620844 kB
SwapCached:            0 kB
Active:          1358360 kB
Inactive:        1412096 kB
Active(anon):    1150188 kB
Inactive(anon):    20936 kB
Active(file):     208172 kB
Inactive(file):  1391160 kB
Unevictable:        5692 kB
Mlocked:            5692 kB
SwapTotal:       3145724 kB
SwapFree:        3145724 kB
Dirty:               252 kB
Writeback:             0 kB
AnonPages:       1149544 kB
Mapped:           804776 kB
Shmem:             22808 kB
KReclaimable:     667240 kB
Slab:             202312 kB
SReclaimable:      66848 kB
SUnreclaim:       135464 kB
KernelStack:       41504 kB
PageTables:        55612 kB
NFS_Unstable:          0 kB
Bounce:                0 kB
WritebackTmp:          0 kB
CommitLimit:     9202296 kB
Committed_AS:   56367048 kB
VmallocTotal:   263061440 kB
VmallocUsed:       98436 kB
VmallocChunk:          0 kB
Percpu:             7584 kB
CmaTotal:         294912 kB
CmaFree:               0 kB
MemTotal:       12113144 kB
MemFree:         6953888 kB
MemAvailable:    8351756 kB
Buffers:            5948 kB
Cached:          1620844 kB
SwapCached:            0 kB
Active:          1359012 kB
Inactive:        1412096 kB
Active(anon):    1150840 kB
Inactive(anon):    20936 kB
Active(file):     208172 kB
Inactive(file):  1391160 kB
Unevictable:        5692 kB
Mlocked:            5692 kB
SwapTotal:       3145724 kB
SwapFree:        3145724 kB
Dirty:               160 kB
Writeback:             0 kB
AnonPages:       1150044 kB
Mapped:           804576 kB
Shmem:             22808 kB
KReclaimable:     667240 kB
Slab:             202312 kB
SReclaimable:      66848 kB
SUnreclaim:       135464 kB
KernelStack:       41536 kB
PageTables:        55664 kB
NFS_Unstable:          0 kB
Bounce:                0 kB
WritebackTmp:          0 kB
CommitLimit:     9202296 kB
Committed_AS:   56366652 kB
VmallocTotal:   263061440 kB
VmallocUsed:       98436 kB
VmallocChunk:          0 kB
Percpu:             7584 kB
CmaTotal:         294912 kB
CmaFree:               0 kB
MemTotal:       12113144 kB
MemFree:         6953916 kB
MemAvailable:    8351784 kB
Buffers:            5948 kB
Cached:          1620844 kB
SwapCached:            0 kB
Active:          1358972 kB
Inactive:        1412096 kB
Active(anon):    1150800 kB
Inactive(anon):    20936 kB
Active(file):     208172 kB
Inactive(file):  1391160 kB
Unevictable:        5692 kB
Mlocked:            5692 kB
SwapTotal:       3145724 kB
SwapFree:        3145724 kB
Dirty:               192 kB
Writeback:             0 kB
AnonPages:       1150088 kB
Mapped:           804776 kB
Shmem:             22808 kB
KReclaimable:     667240 kB
Slab:             202312 kB
SReclaimable:      66848 kB
SUnreclaim:       135464 kB
KernelStack:       41504 kB
PageTables:        55616 kB
NFS_Unstable:          0 kB
Bounce:                0 kB
WritebackTmp:          0 kB
CommitLimit:     9202296 kB
Committed_AS:   56366688 kB
VmallocTotal:   263061440 kB
VmallocUsed:       98420 kB
VmallocChunk:          0 kB
Percpu:             7584 kB
CmaTotal:         294912 kB
CmaFree:               0 kB
MemTotal:       12113144 kB
MemFree:         6971928 kB
MemAvailable:    8369796 kB
Buffers:            5948 kB
Cached:          1620844 kB
SwapCached:            0 kB
Active:          1338452 kB
Inactive:        1412096 kB
Active(anon):    1130280 kB
Inactive(anon):    20936 kB
Active(file):     208172 kB
Inactive(file):  1391160 kB
Unevictable:        5692 kB
Mlocked:            5692 kB
SwapTotal:       3145724 kB
SwapFree:        3145724 kB
Dirty:               192 kB
Writeback:             0 kB
AnonPages:       1129520 kB
Mapped:           804516 kB
Shmem:             22808 kB
KReclaimable:     667240 kB
Slab:             202320 kB
SReclaimable:      66848 kB
SUnreclaim:       135472 kB
KernelStack:       41504 kB
PageTables:        55612 kB
NFS_Unstable:          0 kB
Bounce:                0 kB
WritebackTmp:          0 kB
CommitLimit:     9202296 kB
Committed_AS:   56366856 kB
VmallocTotal:   263061440 kB
VmallocUsed:       98436 kB
VmallocChunk:          0 kB
Percpu:             7584 kB
CmaTotal:         294912 kB
CmaFree:               0 kB
MemTotal:       12113144 kB
MemFree:         6971704 kB
MemAvailable:    8369572 kB
Buffers:            5948 kB
Cached:          1620844 kB
SwapCached:            0 kB
Active:          1338780 kB
Inactive:        1412096 kB
Active(anon):    1130608 kB
Inactive(anon):    20936 kB
Active(file):     208172 kB
Inactive(file):  1391160 kB
Unevictable:        5692 kB
Mlocked:            5692 kB
SwapTotal:       3145724 kB
SwapFree:        3145724 kB
Dirty:               192 kB
Writeback:             0 kB
AnonPages:       1129828 kB
Mapped:           804516 kB
Shmem:             22808 kB
KReclaimable:     667240 kB
Slab:             202328 kB
SReclaimable:      66848 kB
SUnreclaim:       135480 kB
KernelStack:       41504 kB
PageTables:        55612 kB
NFS_Unstable:          0 kB
Bounce:                0 kB
WritebackTmp:          0 kB
CommitLimit:     9202296 kB
Committed_AS:   56366952 kB
VmallocTotal:   263061440 kB
VmallocUsed:       98436 kB
VmallocChunk:          0 kB
Percpu:             7584 kB
CmaTotal:         294912 kB
CmaFree:               0 kB
MemTotal:       12113144 kB
MemFree:         6972392 kB
MemAvailable:    8370276 kB
Buffers:            5952 kB
Cached:          1620856 kB
SwapCached:            0 kB
Active:          1339568 kB
Inactive:        1412108 kB
Active(anon):    1131392 kB
Inactive(anon):    20936 kB
Active(file):     208176 kB
Inactive(file):  1391172 kB
Unevictable:        5692 kB
Mlocked:            5692 kB
SwapTotal:       3145724 kB
SwapFree:        3145724 kB
Dirty:               188 kB
Writeback:             0 kB
AnonPages:       1130664 kB
Mapped:           804516 kB
Shmem:             22808 kB
KReclaimable:     667240 kB
Slab:             202328 kB
SReclaimable:      66848 kB
SUnreclaim:       135480 kB
KernelStack:       41504 kB
PageTables:        55612 kB
NFS_Unstable:          0 kB
Bounce:                0 kB
WritebackTmp:          0 kB
CommitLimit:     9202296 kB
Committed_AS:   56367128 kB
VmallocTotal:   263061440 kB
VmallocUsed:       98420 kB
VmallocChunk:          0 kB
Percpu:             7584 kB
CmaTotal:         294912 kB
CmaFree:               0 kB
MemTotal:       12113144 kB
MemFree:         6971464 kB
MemAvailable:    8369348 kB
Buffers:            5952 kB
Cached:          1620856 kB
SwapCached:            0 kB
Active:          1340796 kB
Inactive:        1412108 kB
Active(anon):    1132620 kB
Inactive(anon):    20936 kB
Active(file):     208176 kB
Inactive(file):  1391172 kB
Unevictable:        5692 kB
Mlocked:            5692 kB
SwapTotal:       3145724 kB
SwapFree:        3145724 kB
Dirty:               188 kB
Writeback:             0 kB
AnonPages:       1131556 kB
Mapped:           804776 kB
Shmem:             22808 kB
KReclaimable:     667240 kB
Slab:             202312 kB
SReclaimable:      66848 kB
SUnreclaim:       135464 kB
KernelStack:       41520 kB
PageTables:        55616 kB
NFS_Unstable:          0 kB
Bounce:                0 kB
WritebackTmp:          0 kB
CommitLimit:     9202296 kB
Committed_AS:   56366908 kB
VmallocTotal:   263061440 kB
VmallocUsed:       98436 kB
VmallocChunk:          0 kB
Percpu:             7584 kB
CmaTotal:         294912 kB
CmaFree:               0 kB
MemTotal:       12113144 kB
MemFree:         6971216 kB
MemAvailable:    8369100 kB
Buffers:            5952 kB
Cached:          1620856 kB
SwapCached:            0 kB
Active:          1340832 kB
Inactive:        1412108 kB
Active(anon):    1132656 kB
Inactive(anon):    20936 kB
Active(file):     208176 kB
Inactive(file):  1391172 kB
Unevictable:        5692 kB
Mlocked:            5692 kB
SwapTotal:       3145724 kB
SwapFree:        3145724 kB
Dirty:               188 kB
Writeback:             0 kB
AnonPages:       1131916 kB
Mapped:           804776 kB
Shmem:             22808 kB
KReclaimable:     667240 kB
Slab:             202312 kB
SReclaimable:      66848 kB
SUnreclaim:       135464 kB
KernelStack:       41504 kB
PageTables:        55612 kB
NFS_Unstable:          0 kB
Bounce:                0 kB
WritebackTmp:          0 kB
CommitLimit:     9202296 kB
Committed_AS:   56366688 kB
VmallocTotal:   263061440 kB
VmallocUsed:       98404 kB
VmallocChunk:          0 kB
Percpu:             7584 kB
CmaTotal:         294912 kB
CmaFree:               0 kB
MemTotal:       12113144 kB
MemFree:         6971020 kB
MemAvailable:    8368904 kB
Buffers:            5952 kB
Cached:          1620856 kB
SwapCached:            0 kB
Active:          1340740 kB
Inactive:        1412108 kB
Active(anon):    1132564 kB
Inactive(anon):    20936 kB
Active(file):     208176 kB
Inactive(file):  1391172 kB
Unevictable:        5692 kB
Mlocked:            5692 kB
SwapTotal:       3145724 kB
SwapFree:        3145724 kB
Dirty:               240 kB
Writeback:             0 kB
AnonPages:       1131808 kB
Mapped:           804776 kB
Shmem:             22808 kB
KReclaimable:     667240 kB
Slab:             202312 kB
SReclaimable:      66848 kB
SUnreclaim:       135464 kB
KernelStack:       41504 kB
PageTables:        55612 kB
NFS_Unstable:          0 kB
Bounce:                0 kB
WritebackTmp:          0 kB
CommitLimit:     9202296 kB
Committed_AS:   56366468 kB
VmallocTotal:   263061440 kB
VmallocUsed:       98420 kB
VmallocChunk:          0 kB
Percpu:             7584 kB
CmaTotal:         294912 kB
CmaFree:               0 kB
MemTotal:       12113144 kB
MemFree:         6970544 kB
MemAvailable:    8368428 kB
Buffers:            5952 kB
Cached:          1620856 kB
SwapCached:            0 kB
Active:          1341000 kB
Inactive:        1412108 kB
Active(anon):    1132824 kB
Inactive(anon):    20936 kB
Active(file):     208176 kB
Inactive(file):  1391172 kB
Unevictable:        5692 kB
Mlocked:            5692 kB
SwapTotal:       3145724 kB
SwapFree:        3145724 kB
Dirty:               240 kB
Writeback:             0 kB
AnonPages:       1132044 kB
Mapped:           804516 kB
Shmem:             22808 kB
KReclaimable:     667240 kB
Slab:             202312 kB
SReclaimable:      66848 kB
SUnreclaim:       135464 kB
KernelStack:       41504 kB
PageTables:        55612 kB
NFS_Unstable:          0 kB
Bounce:                0 kB
WritebackTmp:          0 kB
CommitLimit:     9202296 kB
Committed_AS:   56366988 kB
VmallocTotal:   263061440 kB
VmallocUsed:       98436 kB
VmallocChunk:          0 kB
Percpu:             7584 kB
CmaTotal:         294912 kB
CmaFree:               0 kB
MemTotal:       12113144 kB
MemFree:         6971244 kB
MemAvailable:    8369128 kB
Buffers:            5952 kB
Cached:          1620856 kB
SwapCached:            0 kB
Active:          1341684 kB
Inactive:        1412108 kB
Active(anon):    1133508 kB
Inactive(anon):    20936 kB
Active(file):     208176 kB
Inactive(file):  1391172 kB
Unevictable:        5692 kB
Mlocked:            5692 kB
SwapTotal:       3145724 kB
SwapFree:        3145724 kB
Dirty:               240 kB
Writeback:             0 kB
AnonPages:       1132804 kB
Mapped:           804776 kB
Shmem:             22808 kB
KReclaimable:     667240 kB
Slab:             202312 kB
SReclaimable:      66848 kB
SUnreclaim:       135464 kB
KernelStack:       41504 kB
PageTables:        55616 kB
NFS_Unstable:          0 kB
Bounce:                0 kB
WritebackTmp:          0 kB
CommitLimit:     9202296 kB
Committed_AS:   56361204 kB
VmallocTotal:   263061440 kB
VmallocUsed:       98436 kB
VmallocChunk:          0 kB
Percpu:             7584 kB
CmaTotal:         294912 kB
CmaFree:               0 kB
MemTotal:       12113144 kB
MemFree:         6970480 kB
MemAvailable:    8368364 kB
Buffers:            5952 kB
Cached:          1620856 kB
SwapCached:            0 kB
Active:          1342116 kB
Inactive:        1412108 kB
Active(anon):    1133940 kB
Inactive(anon):    20936 kB
Active(file):     208176 kB
Inactive(file):  1391172 kB
Unevictable:        5692 kB
Mlocked:            5692 kB
SwapTotal:       3145724 kB
SwapFree:        3145724 kB
Dirty:               240 kB
Writeback:             0 kB
AnonPages:       1133208 kB
Mapped:           804776 kB
Shmem:             22808 kB
KReclaimable:     667240 kB
Slab:             202312 kB
SReclaimable:      66848 kB
SUnreclaim:       135464 kB
KernelStack:       41504 kB
PageTables:        55612 kB
NFS_Unstable:          0 kB
Bounce:                0 kB
WritebackTmp:          0 kB
CommitLimit:     9202296 kB
Committed_AS:   56361116 kB
VmallocTotal:   263061440 kB
VmallocUsed:       98420 kB
VmallocChunk:          0 kB
Percpu:             7584 kB
CmaTotal:         294912 kB
CmaFree:               0 kB
MemTotal:       12113144 kB
MemFree:         6979576 kB
MemAvailable:    8377460 kB
Buffers:            5952 kB
Cached:          1620856 kB
SwapCached:            0 kB
Active:          1332640 kB
Inactive:        1412108 kB
Active(anon):    1124464 kB
Inactive(anon):    20936 kB
Active(file):     208176 kB
Inactive(file):  1391172 kB
Unevictable:        5692 kB
Mlocked:            5692 kB
SwapTotal:       3145724 kB
SwapFree:        3145724 kB
Dirty:               240 kB
Writeback:             0 kB
AnonPages:       1123724 kB
Mapped:           804776 kB
Shmem:             22808 kB
KReclaimable:     667240 kB
Slab:             202312 kB
SReclaimable:      66848 kB
SUnreclaim:       135464 kB
KernelStack:       41504 kB
PageTables:        55612 kB
NFS_Unstable:          0 kB
Bounce:                0 kB
WritebackTmp:          0 kB
CommitLimit:     9202296 kB
Committed_AS:   56355992 kB
VmallocTotal:   263061440 kB
VmallocUsed:       98420 kB
VmallocChunk:          0 kB
Percpu:             7584 kB
CmaTotal:         294912 kB
CmaFree:               0 kB
MemTotal:       12113144 kB
MemFree:         6979816 kB
MemAvailable:    8377700 kB
Buffers:            5952 kB
Cached:          1620856 kB
SwapCached:            0 kB
Active:          1333100 kB
Inactive:        1412108 kB
Active(anon):    1124924 kB
Inactive(anon):    20936 kB
Active(file):     208176 kB
Inactive(file):  1391172 kB
Unevictable:        5692 kB
Mlocked:            5692 kB
SwapTotal:       3145724 kB
SwapFree:        3145724 kB
Dirty:               244 kB
Writeback:             0 kB
AnonPages:       1124280 kB
Mapped:           804776 kB
Shmem:             22808 kB
KReclaimable:     667240 kB
Slab:             202320 kB
SReclaimable:      66848 kB
SUnreclaim:       135472 kB
KernelStack:       41504 kB
PageTables:        55612 kB
NFS_Unstable:          0 kB
Bounce:                0 kB
WritebackTmp:          0 kB
CommitLimit:     9202296 kB
Committed_AS:   56350332 kB
VmallocTotal:   263061440 kB
VmallocUsed:       98404 kB
VmallocChunk:          0 kB
Percpu:             7584 kB
CmaTotal:         294912 kB
CmaFree:               0 kB
MemTotal:       12113144 kB
MemFree:         6979252 kB
MemAvailable:    8377140 kB
Buffers:            5952 kB
Cached:          1620860 kB
SwapCached:            0 kB
Active:          1333392 kB
Inactive:        1412112 kB
Active(anon):    1125216 kB
Inactive(anon):    20936 kB
Active(file):     208176 kB
Inactive(file):  1391176 kB
Unevictable:        5692 kB
Mlocked:            5692 kB
SwapTotal:       3145724 kB
SwapFree:        3145724 kB
Dirty:               260 kB
Writeback:             0 kB
AnonPages:       1124492 kB
Mapped:           804516 kB
Shmem:             22808 kB
KReclaimable:     667240 kB
Slab:             202320 kB
SReclaimable:      66848 kB
SUnreclaim:       135472 kB
KernelStack:       41504 kB
PageTables:        55612 kB
NFS_Unstable:          0 kB
Bounce:                0 kB
WritebackTmp:          0 kB
CommitLimit:     9202296 kB
Committed_AS:   56355420 kB
VmallocTotal:   263061440 kB
VmallocUsed:       98436 kB
VmallocChunk:          0 kB
Percpu:             7584 kB
CmaTotal:         294912 kB
CmaFree:               0 kB
MemTotal:       12113144 kB
MemFree:         6979304 kB
MemAvailable:    8377192 kB
Buffers:            5952 kB
Cached:          1620860 kB
SwapCached:            0 kB
Active:          1333352 kB
Inactive:        1412112 kB
Active(anon):    1125176 kB
Inactive(anon):    20936 kB
Active(file):     208176 kB
Inactive(file):  1391176 kB
Unevictable:        5692 kB
Mlocked:            5692 kB
SwapTotal:       3145724 kB
SwapFree:        3145724 kB
Dirty:               260 kB
Writeback:             0 kB
AnonPages:       1124460 kB
Mapped:           804776 kB
Shmem:             22808 kB
KReclaimable:     667240 kB
Slab:             202304 kB
SReclaimable:      66848 kB
SUnreclaim:       135456 kB
KernelStack:       41504 kB
PageTables:        55612 kB
NFS_Unstable:          0 kB
Bounce:                0 kB
WritebackTmp:          0 kB
CommitLimit:     9202296 kB
Committed_AS:   56355508 kB
VmallocTotal:   263061440 kB
VmallocUsed:       98420 kB
VmallocChunk:          0 kB
Percpu:             7584 kB
CmaTotal:         294912 kB
CmaFree:               0 kB
MemTotal:       12113144 kB
MemFree:         6978488 kB
MemAvailable:    8376376 kB
Buffers:            5952 kB
Cached:          1620860 kB
SwapCached:            0 kB
Active:          1333540 kB
Inactive:        1412112 kB
Active(anon):    1125364 kB
Inactive(anon):    20936 kB
Active(file):     208176 kB
Inactive(file):  1391176 kB
Unevictable:        5692 kB
Mlocked:            5692 kB
SwapTotal:       3145724 kB
SwapFree:        3145724 kB
Dirty:               260 kB
Writeback:             0 kB
AnonPages:       1124636 kB
Mapped:           804776 kB
Shmem:             22808 kB
KReclaimable:     667240 kB
Slab:             202328 kB
SReclaimable:      66848 kB
SUnreclaim:       135480 kB
KernelStack:       41504 kB
PageTables:        55612 kB
NFS_Unstable:          0 kB
Bounce:                0 kB
WritebackTmp:          0 kB
CommitLimit:     9202296 kB
Committed_AS:   56355552 kB
VmallocTotal:   263061440 kB
VmallocUsed:       98420 kB
VmallocChunk:          0 kB
Percpu:             7584 kB
CmaTotal:         294912 kB
CmaFree:               0 kB
MemTotal:       12113144 kB
MemFree:         6978488 kB
MemAvailable:    8376376 kB
Buffers:            5952 kB
Cached:          1620860 kB
SwapCached:            0 kB
Active:          1333768 kB
Inactive:        1412112 kB
Active(anon):    1125592 kB
Inactive(anon):    20936 kB
Active(file):     208176 kB
Inactive(file):  1391176 kB
Unevictable:        5692 kB
Mlocked:            5692 kB
SwapTotal:       3145724 kB
SwapFree:        3145724 kB
Dirty:               260 kB
Writeback:             0 kB
AnonPages:       1124920 kB
Mapped:           804688 kB
Shmem:             22808 kB
KReclaimable:     667240 kB
Slab:             202328 kB
SReclaimable:      66848 kB
SUnreclaim:       135480 kB
KernelStack:       41536 kB
PageTables:        55656 kB
NFS_Unstable:          0 kB
Bounce:                0 kB
WritebackTmp:          0 kB
CommitLimit:     9202296 kB
Committed_AS:   56355464 kB
VmallocTotal:   263061440 kB
VmallocUsed:       98420 kB
VmallocChunk:          0 kB
Percpu:             7584 kB
CmaTotal:         294912 kB
CmaFree:               0 kB
MemTotal:       12113144 kB
MemFree:         6978076 kB
MemAvailable:    8375964 kB
Buffers:            5952 kB
Cached:          1620860 kB
SwapCached:            0 kB
Active:          1334256 kB
Inactive:        1412112 kB
Active(anon):    1126080 kB
Inactive(anon):    20936 kB
Active(file):     208176 kB
Inactive(file):  1391176 kB
Unevictable:        5692 kB
Mlocked:            5692 kB
SwapTotal:       3145724 kB
SwapFree:        3145724 kB
Dirty:               260 kB
Writeback:             0 kB
AnonPages:       1125240 kB
Mapped:           804776 kB
Shmem:             22808 kB
KReclaimable:     667240 kB
Slab:             202328 kB
SReclaimable:      66848 kB
SUnreclaim:       135480 kB
KernelStack:       41504 kB
PageTables:        55612 kB
NFS_Unstable:          0 kB
Bounce:                0 kB
WritebackTmp:          0 kB
CommitLimit:     9202296 kB
Committed_AS:   56355244 kB
VmallocTotal:   263061440 kB
VmallocUsed:       98436 kB
VmallocChunk:          0 kB
Percpu:             7584 kB
CmaTotal:         294912 kB
CmaFree:               0 kB
MemTotal:       12113144 kB
MemFree:         6978592 kB
MemAvailable:    8376480 kB
Buffers:            5952 kB
Cached:          1620860 kB
SwapCached:            0 kB
Active:          1334676 kB
Inactive:        1412112 kB
Active(anon):    1126500 kB
Inactive(anon):    20936 kB
Active(file):     208176 kB
Inactive(file):  1391176 kB
Unevictable:        5692 kB
Mlocked:            5692 kB
SwapTotal:       3145724 kB
SwapFree:        3145724 kB
Dirty:               264 kB
Writeback:             0 kB
AnonPages:       1125704 kB
Mapped:           804556 kB
Shmem:             22808 kB
KReclaimable:     667240 kB
Slab:             202320 kB
SReclaimable:      66848 kB
SUnreclaim:       135472 kB
KernelStack:       41536 kB
PageTables:        55636 kB
NFS_Unstable:          0 kB
Bounce:                0 kB
WritebackTmp:          0 kB
CommitLimit:     9202296 kB
Committed_AS:   56355904 kB
VmallocTotal:   263061440 kB
VmallocUsed:       98404 kB
VmallocChunk:          0 kB
Percpu:             7584 kB
CmaTotal:         294912 kB
CmaFree:               0 kB
MemTotal:       12113144 kB
MemFree:         6976380 kB
MemAvailable:    8374280 kB
Buffers:            5956 kB
Cached:          1620868 kB
SwapCached:            0 kB
Active:          1335656 kB
Inactive:        1412120 kB
Active(anon):    1127476 kB
Inactive(anon):    20936 kB
Active(file):     208180 kB
Inactive(file):  1391184 kB
Unevictable:        5692 kB
Mlocked:            5692 kB
SwapTotal:       3145724 kB
SwapFree:        3145724 kB
Dirty:               248 kB
Writeback:             0 kB
AnonPages:       1126684 kB
Mapped:           804516 kB
Shmem:             22808 kB
KReclaimable:     667240 kB
Slab:             202320 kB
SReclaimable:      66848 kB
SUnreclaim:       135472 kB
KernelStack:       41504 kB
PageTables:        55616 kB
NFS_Unstable:          0 kB
Bounce:                0 kB
WritebackTmp:          0 kB
CommitLimit:     9202296 kB
Committed_AS:   56355640 kB
VmallocTotal:   263061440 kB
VmallocUsed:       98404 kB
VmallocChunk:          0 kB
Percpu:             7584 kB
CmaTotal:         294912 kB
CmaFree:               0 kB
MemTotal:       12113144 kB
MemFree:         6976800 kB
MemAvailable:    8374700 kB
Buffers:            5956 kB
Cached:          1620872 kB
SwapCached:            0 kB
Active:          1336080 kB
Inactive:        1412124 kB
Active(anon):    1127900 kB
Inactive(anon):    20940 kB
Active(file):     208180 kB
Inactive(file):  1391184 kB
Unevictable:        5692 kB
Mlocked:            5692 kB
SwapTotal:       3145724 kB
SwapFree:        3145724 kB
Dirty:               248 kB
Writeback:             0 kB
AnonPages:       1127200 kB
Mapped:           804780 kB
Shmem:             22812 kB
KReclaimable:     667240 kB
Slab:             202320 kB
SReclaimable:      66848 kB
SUnreclaim:       135472 kB
KernelStack:       41504 kB
PageTables:        55620 kB
NFS_Unstable:          0 kB
Bounce:                0 kB
WritebackTmp:          0 kB
CommitLimit:     9202296 kB
Committed_AS:   56356188 kB
VmallocTotal:   263061440 kB
VmallocUsed:       98452 kB
VmallocChunk:          0 kB
Percpu:             7584 kB
CmaTotal:         294912 kB
CmaFree:               0 kB
MemTotal:       12113144 kB
MemFree:         6975844 kB
MemAvailable:    8373744 kB
Buffers:            5956 kB
Cached:          1620872 kB
SwapCached:            0 kB
Active:          1336584 kB
Inactive:        1412124 kB
Active(anon):    1128404 kB
Inactive(anon):    20940 kB
Active(file):     208180 kB
Inactive(file):  1391184 kB
Unevictable:        5692 kB
Mlocked:            5692 kB
SwapTotal:       3145724 kB
SwapFree:        3145724 kB
Dirty:               248 kB
Writeback:             0 kB
AnonPages:       1127628 kB
Mapped:           804528 kB
Shmem:             22812 kB
KReclaimable:     667240 kB
Slab:             202320 kB
SReclaimable:      66848 kB
SUnreclaim:       135472 kB
KernelStack:       41488 kB
PageTables:        55612 kB
NFS_Unstable:          0 kB
Bounce:                0 kB
WritebackTmp:          0 kB
CommitLimit:     9202296 kB
Committed_AS:   56355956 kB
VmallocTotal:   263061440 kB
VmallocUsed:       98420 kB
VmallocChunk:          0 kB
Percpu:             7584 kB
CmaTotal:         294912 kB
CmaFree:               0 kB
MemTotal:       12113144 kB
MemFree:         6975576 kB
MemAvailable:    8373476 kB
Buffers:            5956 kB
Cached:          1620872 kB
SwapCached:            0 kB
Active:          1336744 kB
Inactive:        1412124 kB
Active(anon):    1128564 kB
Inactive(anon):    20940 kB
Active(file):     208180 kB
Inactive(file):  1391184 kB
Unevictable:        5692 kB
Mlocked:            5692 kB
SwapTotal:       3145724 kB
SwapFree:        3145724 kB
Dirty:               248 kB
Writeback:             0 kB
AnonPages:       1127836 kB
Mapped:           804788 kB
Shmem:             22812 kB
KReclaimable:     667240 kB
Slab:             202312 kB
SReclaimable:      66848 kB
SUnreclaim:       135464 kB
KernelStack:       41488 kB
PageTables:        55620 kB
NFS_Unstable:          0 kB
Bounce:                0 kB
WritebackTmp:          0 kB
CommitLimit:     9202296 kB
Committed_AS:   56355780 kB
VmallocTotal:   263061440 kB
VmallocUsed:       98436 kB
VmallocChunk:          0 kB
Percpu:             7584 kB
CmaTotal:         294912 kB
CmaFree:               0 kB
MemTotal:       12113144 kB
MemFree:         6974832 kB
MemAvailable:    8372724 kB
Buffers:            5956 kB
Cached:          1620864 kB
SwapCached:            0 kB
Active:          1337016 kB
Inactive:        1412120 kB
Active(anon):    1128840 kB
Inactive(anon):    20940 kB
Active(file):     208176 kB
Inactive(file):  1391180 kB
Unevictable:        5692 kB
Mlocked:            5692 kB
SwapTotal:       3145724 kB
SwapFree:        3145724 kB
Dirty:               240 kB
Writeback:             0 kB
AnonPages:       1128124 kB
Mapped:           804788 kB
Shmem:             22812 kB
KReclaimable:     667240 kB
Slab:             202328 kB
SReclaimable:      66848 kB
SUnreclaim:       135480 kB
KernelStack:       41488 kB
PageTables:        55620 kB
NFS_Unstable:          0 kB
Bounce:                0 kB
WritebackTmp:          0 kB
CommitLimit:     9202296 kB
Committed_AS:   56355992 kB
VmallocTotal:   263061440 kB
VmallocUsed:       98404 kB
VmallocChunk:          0 kB
Percpu:             7584 kB
CmaTotal:         294912 kB
CmaFree:               0 kB
MemTotal:       12113144 kB
MemFree:         6975252 kB
MemAvailable:    8373152 kB
Buffers:            5956 kB
Cached:          1620872 kB
SwapCached:            0 kB
Active:          1337036 kB
Inactive:        1412124 kB
Active(anon):    1128856 kB
Inactive(anon):    20940 kB
Active(file):     208180 kB
Inactive(file):  1391184 kB
Unevictable:        5692 kB
Mlocked:            5692 kB
SwapTotal:       3145724 kB
SwapFree:        3145724 kB
Dirty:               248 kB
Writeback:             0 kB
AnonPages:       1127972 kB
Mapped:           804592 kB
Shmem:             22812 kB
KReclaimable:     667240 kB
Slab:             202320 kB
SReclaimable:      66848 kB
SUnreclaim:       135472 kB
KernelStack:       41504 kB
PageTables:        55636 kB
NFS_Unstable:          0 kB
Bounce:                0 kB
WritebackTmp:          0 kB
CommitLimit:     9202296 kB
Committed_AS:   56355736 kB
VmallocTotal:   263061440 kB
VmallocUsed:       98404 kB
VmallocChunk:          0 kB
Percpu:             7584 kB
CmaTotal:         294912 kB
CmaFree:               0 kB
MemTotal:       12113144 kB
MemFree:         6974924 kB
MemAvailable:    8372824 kB
Buffers:            5956 kB
Cached:          1620872 kB
SwapCached:            0 kB
Active:          1337428 kB
Inactive:        1412124 kB
Active(anon):    1129248 kB
Inactive(anon):    20940 kB
Active(file):     208180 kB
Inactive(file):  1391184 kB
Unevictable:        5692 kB
Mlocked:            5692 kB
SwapTotal:       3145724 kB
SwapFree:        3145724 kB
Dirty:               248 kB
Writeback:             0 kB
AnonPages:       1128604 kB
Mapped:           804788 kB
Shmem:             22812 kB
KReclaimable:     667240 kB
Slab:             202312 kB
SReclaimable:      66848 kB
SUnreclaim:       135464 kB
KernelStack:       41472 kB
PageTables:        55616 kB
NFS_Unstable:          0 kB
Bounce:                0 kB
WritebackTmp:          0 kB
CommitLimit:     9202296 kB
Committed_AS:   56355648 kB
VmallocTotal:   263061440 kB
VmallocUsed:       98404 kB
VmallocChunk:          0 kB
Percpu:             7584 kB
CmaTotal:         294912 kB
CmaFree:               0 kB
MemTotal:       12113144 kB
MemFree:         6974596 kB
MemAvailable:    8372496 kB
Buffers:            5956 kB
Cached:          1620872 kB
SwapCached:            0 kB
Active:          1337728 kB
Inactive:        1412124 kB
Active(anon):    1129548 kB
Inactive(anon):    20940 kB
Active(file):     208180 kB
Inactive(file):  1391184 kB
Unevictable:        5692 kB
Mlocked:            5692 kB
SwapTotal:       3145724 kB
SwapFree:        3145724 kB
Dirty:               248 kB
Writeback:             0 kB
AnonPages:       1128832 kB
Mapped:           804788 kB
Shmem:             22812 kB
KReclaimable:     667240 kB
Slab:             202320 kB
SReclaimable:      66848 kB
SUnreclaim:       135472 kB
KernelStack:       41472 kB
PageTables:        55616 kB
NFS_Unstable:          0 kB
Bounce:                0 kB
WritebackTmp:          0 kB
CommitLimit:     9202296 kB
Committed_AS:   56355480 kB
VmallocTotal:   263061440 kB
VmallocUsed:       98372 kB
VmallocChunk:          0 kB
Percpu:             7584 kB
CmaTotal:         294912 kB
CmaFree:               0 kB
MemTotal:       12113144 kB
MemFree:         6973760 kB
MemAvailable:    8371660 kB
Buffers:            5956 kB
Cached:          1620872 kB
SwapCached:            0 kB
Active:          1338076 kB
Inactive:        1412124 kB
Active(anon):    1129896 kB
Inactive(anon):    20940 kB
Active(file):     208180 kB
Inactive(file):  1391184 kB
Unevictable:        5692 kB
Mlocked:            5692 kB
SwapTotal:       3145724 kB
SwapFree:        3145724 kB
Dirty:               248 kB
Writeback:             0 kB
AnonPages:       1129212 kB
Mapped:           804528 kB
Shmem:             22812 kB
KReclaimable:     667240 kB
Slab:             202328 kB
SReclaimable:      66848 kB
SUnreclaim:       135480 kB
KernelStack:       41472 kB
PageTables:        55624 kB
NFS_Unstable:          0 kB
Bounce:                0 kB
WritebackTmp:          0 kB
CommitLimit:     9202296 kB
Committed_AS:   56355796 kB
VmallocTotal:   263061440 kB
VmallocUsed:       98356 kB
VmallocChunk:          0 kB
Percpu:             7584 kB
CmaTotal:         294912 kB
CmaFree:               0 kB
MemTotal:       12113144 kB
MemFree:         6973432 kB
MemAvailable:    8371340 kB
Buffers:            5956 kB
Cached:          1620880 kB
SwapCached:            0 kB
Active:          1338604 kB
Inactive:        1412132 kB
Active(anon):    1130424 kB
Inactive(anon):    20940 kB
Active(file):     208180 kB
Inactive(file):  1391192 kB
Unevictable:        5692 kB
Mlocked:            5692 kB
SwapTotal:       3145724 kB
SwapFree:        3145724 kB
Dirty:               264 kB
Writeback:             0 kB
AnonPages:       1129524 kB
Mapped:           804788 kB
Shmem:             22812 kB
KReclaimable:     667240 kB
Slab:             202320 kB
SReclaimable:      66848 kB
SUnreclaim:       135472 kB
KernelStack:       41504 kB
PageTables:        55628 kB
NFS_Unstable:          0 kB
Bounce:                0 kB
WritebackTmp:          0 kB
CommitLimit:     9202296 kB
Committed_AS:   56355708 kB
VmallocTotal:   263061440 kB
VmallocUsed:       98356 kB
VmallocChunk:          0 kB
Percpu:             7584 kB
CmaTotal:         294912 kB
CmaFree:               0 kB
MemTotal:       12113144 kB
MemFree:         6973052 kB
MemAvailable:    8370960 kB
Buffers:            5956 kB
Cached:          1620880 kB
SwapCached:            0 kB
Active:          1338944 kB
Inactive:        1412132 kB
Active(anon):    1130764 kB
Inactive(anon):    20940 kB
Active(file):     208180 kB
Inactive(file):  1391192 kB
Unevictable:        5692 kB
Mlocked:            5692 kB
SwapTotal:       3145724 kB
SwapFree:        3145724 kB
Dirty:               264 kB
Writeback:             0 kB
AnonPages:       1129932 kB
Mapped:           804788 kB
Shmem:             22812 kB
KReclaimable:     667240 kB
Slab:             202312 kB
SReclaimable:      66848 kB
SUnreclaim:       135464 kB
KernelStack:       41472 kB
PageTables:        55624 kB
NFS_Unstable:          0 kB
Bounce:                0 kB
WritebackTmp:          0 kB
CommitLimit:     9202296 kB
Committed_AS:   56355788 kB
VmallocTotal:   263061440 kB
VmallocUsed:       98356 kB
VmallocChunk:          0 kB
Percpu:             7584 kB
CmaTotal:         294912 kB
CmaFree:               0 kB
MemTotal:       12113144 kB
MemFree:         6972580 kB
MemAvailable:    8370488 kB
Buffers:            5956 kB
Cached:          1620880 kB
SwapCached:            0 kB
Active:          1339528 kB
Inactive:        1412132 kB
Active(anon):    1131348 kB
Inactive(anon):    20940 kB
Active(file):     208180 kB
Inactive(file):  1391192 kB
Unevictable:        5692 kB
Mlocked:            5692 kB
SwapTotal:       3145724 kB
SwapFree:        3145724 kB
Dirty:               264 kB
Writeback:             0 kB
AnonPages:       1130692 kB
Mapped:           804528 kB
Shmem:             22812 kB
KReclaimable:     667240 kB
Slab:             202320 kB
SReclaimable:      66848 kB
SUnreclaim:       135472 kB
KernelStack:       41472 kB
PageTables:        55612 kB
NFS_Unstable:          0 kB
Bounce:                0 kB
WritebackTmp:          0 kB
CommitLimit:     9202296 kB
Committed_AS:   56355568 kB
VmallocTotal:   263061440 kB
VmallocUsed:       98340 kB
VmallocChunk:          0 kB
Percpu:             7584 kB
CmaTotal:         294912 kB
CmaFree:               0 kB
MemTotal:       12113144 kB
MemFree:         6972268 kB
MemAvailable:    8370176 kB
Buffers:            5956 kB
Cached:          1620880 kB
SwapCached:            0 kB
Active:          1340032 kB
Inactive:        1412132 kB
Active(anon):    1131852 kB
Inactive(anon):    20940 kB
Active(file):     208180 kB
Inactive(file):  1391192 kB
Unevictable:        5692 kB
Mlocked:            5692 kB
SwapTotal:       3145724 kB
SwapFree:        3145724 kB
Dirty:               264 kB
Writeback:             0 kB
AnonPages:       1131104 kB
Mapped:           804528 kB
Shmem:             22812 kB
KReclaimable:     667240 kB
Slab:             202312 kB
SReclaimable:      66848 kB
SUnreclaim:       135464 kB
KernelStack:       41488 kB
PageTables:        55728 kB
NFS_Unstable:          0 kB
Bounce:                0 kB
WritebackTmp:          0 kB
CommitLimit:     9202296 kB
Committed_AS:   56355620 kB
VmallocTotal:   263061440 kB
VmallocUsed:       98308 kB
VmallocChunk:          0 kB
Percpu:             7584 kB
CmaTotal:         294912 kB
CmaFree:               0 kB
MemTotal:       12113144 kB
MemFree:         6971824 kB
MemAvailable:    8369732 kB
Buffers:            5956 kB
Cached:          1620880 kB
SwapCached:            0 kB
Active:          1340608 kB
Inactive:        1412132 kB
Active(anon):    1132428 kB
Inactive(anon):    20940 kB
Active(file):     208180 kB
Inactive(file):  1391192 kB
Unevictable:        5692 kB
Mlocked:            5692 kB
SwapTotal:       3145724 kB
SwapFree:        3145724 kB
Dirty:               268 kB
Writeback:             0 kB
AnonPages:       1131644 kB
Mapped:           804788 kB
Shmem:             22812 kB
KReclaimable:     667240 kB
Slab:             202312 kB
SReclaimable:      66848 kB
SUnreclaim:       135464 kB
KernelStack:       41472 kB
PageTables:        55620 kB
NFS_Unstable:          0 kB
Bounce:                0 kB
WritebackTmp:          0 kB
CommitLimit:     9202296 kB
Committed_AS:   56353116 kB
VmallocTotal:   263061440 kB
VmallocUsed:       98308 kB
VmallocChunk:          0 kB
Percpu:             7584 kB
CmaTotal:         294912 kB
CmaFree:               0 kB
MemTotal:       12113144 kB
MemFree:         6971820 kB
MemAvailable:    8369728 kB
Buffers:            5956 kB
Cached:          1620880 kB
SwapCached:            0 kB
Active:          1340744 kB
Inactive:        1412132 kB
Active(anon):    1132564 kB
Inactive(anon):    20940 kB
Active(file):     208180 kB
Inactive(file):  1391192 kB
Unevictable:        5692 kB
Mlocked:            5692 kB
SwapTotal:       3145724 kB
SwapFree:        3145724 kB
Dirty:               268 kB
Writeback:             0 kB
AnonPages:       1131824 kB
Mapped:           804788 kB
Shmem:             22812 kB
KReclaimable:     667240 kB
Slab:             202320 kB
SReclaimable:      66848 kB
SUnreclaim:       135472 kB
KernelStack:       41472 kB
PageTables:        55624 kB
NFS_Unstable:          0 kB
Bounce:                0 kB
WritebackTmp:          0 kB
CommitLimit:     9202296 kB
Committed_AS:   56352800 kB
VmallocTotal:   263061440 kB
VmallocUsed:       98308 kB
VmallocChunk:          0 kB
Percpu:             7584 kB
CmaTotal:         294912 kB
CmaFree:               0 kB
MemTotal:       12113144 kB
MemFree:         6971844 kB
MemAvailable:    8369772 kB
Buffers:            5964 kB
Cached:          1620892 kB
SwapCached:            0 kB
Active:          1339596 kB
Inactive:        1412144 kB
Active(anon):    1131408 kB
Inactive(anon):    20940 kB
Active(file):     208188 kB
Inactive(file):  1391204 kB
Unevictable:        5692 kB
Mlocked:            5692 kB
SwapTotal:       3145724 kB
SwapFree:        3145724 kB
Dirty:               252 kB
Writeback:             0 kB
AnonPages:       1130692 kB
Mapped:           804788 kB
Shmem:             22812 kB
KReclaimable:     667240 kB
Slab:             202320 kB
SReclaimable:      66848 kB
SUnreclaim:       135472 kB
KernelStack:       41488 kB
PageTables:        55616 kB
NFS_Unstable:          0 kB
Bounce:                0 kB
WritebackTmp:          0 kB
CommitLimit:     9202296 kB
Committed_AS:   56352588 kB
VmallocTotal:   263061440 kB
VmallocUsed:       98324 kB
VmallocChunk:          0 kB
Percpu:             7584 kB
CmaTotal:         294912 kB
CmaFree:               0 kB
MemTotal:       12113144 kB
MemFree:         6972492 kB
MemAvailable:    8370420 kB
Buffers:            5964 kB
Cached:          1620892 kB
SwapCached:            0 kB
Active:          1339992 kB
Inactive:        1412144 kB
Active(anon):    1131804 kB
Inactive(anon):    20940 kB
Active(file):     208188 kB
Inactive(file):  1391204 kB
Unevictable:        5692 kB
Mlocked:            5692 kB
SwapTotal:       3145724 kB
SwapFree:        3145724 kB
Dirty:               252 kB
Writeback:             0 kB
AnonPages:       1131136 kB
Mapped:           804528 kB
Shmem:             22812 kB
KReclaimable:     667240 kB
Slab:             202312 kB
SReclaimable:      66848 kB
SUnreclaim:       135464 kB
KernelStack:       41488 kB
PageTables:        55624 kB
NFS_Unstable:          0 kB
Bounce:                0 kB
WritebackTmp:          0 kB
CommitLimit:     9202296 kB
Committed_AS:   56355224 kB
VmallocTotal:   263061440 kB
VmallocUsed:       98308 kB
VmallocChunk:          0 kB
Percpu:             7584 kB
CmaTotal:         294912 kB
CmaFree:               0 kB
MemTotal:       12113144 kB
MemFree:         6971820 kB
MemAvailable:    8369748 kB
Buffers:            5964 kB
Cached:          1620892 kB
SwapCached:            0 kB
Active:          1340724 kB
Inactive:        1412144 kB
Active(anon):    1132536 kB
Inactive(anon):    20940 kB
Active(file):     208188 kB
Inactive(file):  1391204 kB
Unevictable:        5692 kB
Mlocked:            5692 kB
SwapTotal:       3145724 kB
SwapFree:        3145724 kB
Dirty:               160 kB
Writeback:             0 kB
AnonPages:       1131856 kB
Mapped:           804788 kB
Shmem:             22812 kB
KReclaimable:     667240 kB
Slab:             202320 kB
SReclaimable:      66848 kB
SUnreclaim:       135472 kB
KernelStack:       41504 kB
PageTables:        55748 kB
NFS_Unstable:          0 kB
Bounce:                0 kB
WritebackTmp:          0 kB
CommitLimit:     9202296 kB
Committed_AS:   56350744 kB
VmallocTotal:   263061440 kB
VmallocUsed:       98340 kB
VmallocChunk:          0 kB
Percpu:             7584 kB
CmaTotal:         294912 kB
CmaFree:               0 kB
MemTotal:       12113144 kB
MemFree:         6971132 kB
MemAvailable:    8369060 kB
Buffers:            5964 kB
Cached:          1620892 kB
SwapCached:            0 kB
Active:          1341104 kB
Inactive:        1412144 kB
Active(anon):    1132916 kB
Inactive(anon):    20940 kB
Active(file):     208188 kB
Inactive(file):  1391204 kB
Unevictable:        5692 kB
Mlocked:            5692 kB
SwapTotal:       3145724 kB
SwapFree:        3145724 kB
Dirty:               160 kB
Writeback:             0 kB
AnonPages:       1132184 kB
Mapped:           804528 kB
Shmem:             22812 kB
KReclaimable:     667240 kB
Slab:             202320 kB
SReclaimable:      66848 kB
SUnreclaim:       135472 kB
KernelStack:       41488 kB
PageTables:        55616 kB
NFS_Unstable:          0 kB
Bounce:                0 kB
WritebackTmp:          0 kB
CommitLimit:     9202296 kB
Committed_AS:   56350576 kB
VmallocTotal:   263061440 kB
VmallocUsed:       98356 kB
VmallocChunk:          0 kB
Percpu:             7584 kB
CmaTotal:         294912 kB
CmaFree:               0 kB
MemTotal:       12113144 kB
MemFree:         6970432 kB
MemAvailable:    8368360 kB
Buffers:            5964 kB
Cached:          1620892 kB
SwapCached:            0 kB
Active:          1341832 kB
Inactive:        1412144 kB
Active(anon):    1133644 kB
Inactive(anon):    20940 kB
Active(file):     208188 kB
Inactive(file):  1391204 kB
Unevictable:        5692 kB
Mlocked:            5692 kB
SwapTotal:       3145724 kB
SwapFree:        3145724 kB
Dirty:               160 kB
Writeback:             0 kB
AnonPages:       1132836 kB
Mapped:           804756 kB
Shmem:             22812 kB
KReclaimable:     667240 kB
Slab:             202296 kB
SReclaimable:      66848 kB
SUnreclaim:       135448 kB
KernelStack:       41488 kB
PageTables:        55472 kB
NFS_Unstable:          0 kB
Bounce:                0 kB
WritebackTmp:          0 kB
CommitLimit:     9202296 kB
Committed_AS:   56351972 kB
VmallocTotal:   263061440 kB
VmallocUsed:       98356 kB
VmallocChunk:          0 kB
Percpu:             7584 kB
CmaTotal:         294912 kB
CmaFree:               0 kB
MemTotal:       12113144 kB
MemFree:         6969828 kB
MemAvailable:    8367756 kB
Buffers:            5964 kB
Cached:          1620892 kB
SwapCached:            0 kB
Active:          1342340 kB
Inactive:        1412144 kB
Active(anon):    1134152 kB
Inactive(anon):    20940 kB
Active(file):     208188 kB
Inactive(file):  1391204 kB
Unevictable:        5692 kB
Mlocked:            5692 kB
SwapTotal:       3145724 kB
SwapFree:        3145724 kB
Dirty:               160 kB
Writeback:             0 kB
AnonPages:       1133364 kB
Mapped:           804528 kB
Shmem:             22812 kB
KReclaimable:     667240 kB
Slab:             202304 kB
SReclaimable:      66848 kB
SUnreclaim:       135456 kB
KernelStack:       41488 kB
PageTables:        55608 kB
NFS_Unstable:          0 kB
Bounce:                0 kB
WritebackTmp:          0 kB
CommitLimit:     9202296 kB
Committed_AS:   56345808 kB
VmallocTotal:   263061440 kB
VmallocUsed:       98340 kB
VmallocChunk:          0 kB
Percpu:             7584 kB
CmaTotal:         294912 kB
CmaFree:               0 kB
MemTotal:       12113144 kB
MemFree:         6969300 kB
MemAvailable:    8367228 kB
Buffers:            5964 kB
Cached:          1620892 kB
SwapCached:            0 kB
Active:          1342644 kB
Inactive:        1412144 kB
Active(anon):    1134456 kB
Inactive(anon):    20940 kB
Active(file):     208188 kB
Inactive(file):  1391204 kB
Unevictable:        5692 kB
Mlocked:            5692 kB
SwapTotal:       3145724 kB
SwapFree:        3145724 kB
Dirty:               160 kB
Writeback:             0 kB
AnonPages:       1133764 kB
Mapped:           804528 kB
Shmem:             22812 kB
KReclaimable:     667240 kB
Slab:             202312 kB
SReclaimable:      66848 kB
SUnreclaim:       135464 kB
KernelStack:       41488 kB
PageTables:        55608 kB
NFS_Unstable:          0 kB
Bounce:                0 kB
WritebackTmp:          0 kB
CommitLimit:     9202296 kB
Committed_AS:   56351160 kB
VmallocTotal:   263061440 kB
VmallocUsed:       98340 kB
VmallocChunk:          0 kB
Percpu:             7584 kB
CmaTotal:         294912 kB
CmaFree:               0 kB
MemTotal:       12113144 kB
MemFree:         6969244 kB
MemAvailable:    8367184 kB
Buffers:            5964 kB
Cached:          1620904 kB
SwapCached:            0 kB
Active:          1342380 kB
Inactive:        1412156 kB
Active(anon):    1134192 kB
Inactive(anon):    20940 kB
Active(file):     208188 kB
Inactive(file):  1391216 kB
Unevictable:        5692 kB
Mlocked:            5692 kB
SwapTotal:       3145724 kB
SwapFree:        3145724 kB
Dirty:               176 kB
Writeback:             0 kB
AnonPages:       1133436 kB
Mapped:           804528 kB
Shmem:             22812 kB
KReclaimable:     667240 kB
Slab:             202296 kB
SReclaimable:      66848 kB
SUnreclaim:       135448 kB
KernelStack:       41488 kB
PageTables:        55624 kB
NFS_Unstable:          0 kB
Bounce:                0 kB
WritebackTmp:          0 kB
CommitLimit:     9202296 kB
Committed_AS:   56350976 kB
VmallocTotal:   263061440 kB
VmallocUsed:       98356 kB
VmallocChunk:          0 kB
Percpu:             7584 kB
CmaTotal:         294912 kB
CmaFree:               0 kB
MemTotal:       12113144 kB
MemFree:         6947308 kB
MemAvailable:    8345248 kB
Buffers:            5964 kB
Cached:          1625904 kB
SwapCached:            0 kB
Active:          1359432 kB
Inactive:        1417152 kB
Active(anon):    1151244 kB
Inactive(anon):    25936 kB
Active(file):     208188 kB
Inactive(file):  1391216 kB
Unevictable:        5692 kB
Mlocked:            5692 kB
SwapTotal:       3145724 kB
SwapFree:        3145724 kB
Dirty:               204 kB
Writeback:             0 kB
AnonPages:       1150524 kB
Mapped:           809784 kB
Shmem:             27812 kB
KReclaimable:     667240 kB
Slab:             202320 kB
SReclaimable:      66848 kB
SUnreclaim:       135472 kB
KernelStack:       41488 kB
PageTables:        55624 kB
NFS_Unstable:          0 kB
Bounce:                0 kB
WritebackTmp:          0 kB
CommitLimit:     9202296 kB
Committed_AS:   56350912 kB
VmallocTotal:   263061440 kB
VmallocUsed:       98372 kB
VmallocChunk:          0 kB
Percpu:             7584 kB
CmaTotal:         294912 kB
CmaFree:               0 kB
MemTotal:       12113144 kB
MemFree:         6946848 kB
MemAvailable:    8344788 kB
Buffers:            5964 kB
Cached:          1620904 kB
SwapCached:            0 kB
Active:          1364536 kB
Inactive:        1412156 kB
Active(anon):    1156348 kB
Inactive(anon):    20940 kB
Active(file):     208188 kB
Inactive(file):  1391216 kB
Unevictable:        5692 kB
Mlocked:            5692 kB
SwapTotal:       3145724 kB
SwapFree:        3145724 kB
Dirty:               204 kB
Writeback:             0 kB
AnonPages:       1155648 kB
Mapped:           804788 kB
Shmem:             22812 kB
KReclaimable:     667240 kB
Slab:             202312 kB
SReclaimable:      66848 kB
SUnreclaim:       135464 kB
KernelStack:       41488 kB
PageTables:        55616 kB
NFS_Unstable:          0 kB
Bounce:                0 kB
WritebackTmp:          0 kB
CommitLimit:     9202296 kB
Committed_AS:   56350640 kB
VmallocTotal:   263061440 kB
VmallocUsed:       98372 kB
VmallocChunk:          0 kB
Percpu:             7584 kB
CmaTotal:         294912 kB
CmaFree:               0 kB
MemTotal:       12113144 kB
MemFree:         6946192 kB
MemAvailable:    8344132 kB
Buffers:            5964 kB
Cached:          1620904 kB
SwapCached:            0 kB
Active:          1364940 kB
Inactive:        1412156 kB
Active(anon):    1156752 kB
Inactive(anon):    20940 kB
Active(file):     208188 kB
Inactive(file):  1391216 kB
Unevictable:        5692 kB
Mlocked:            5692 kB
SwapTotal:       3145724 kB
SwapFree:        3145724 kB
Dirty:               200 kB
Writeback:             0 kB
AnonPages:       1156096 kB
Mapped:           804788 kB
Shmem:             22812 kB
KReclaimable:     667240 kB
Slab:             202328 kB
SReclaimable:      66848 kB
SUnreclaim:       135480 kB
KernelStack:       41488 kB
PageTables:        55612 kB
NFS_Unstable:          0 kB
Bounce:                0 kB
WritebackTmp:          0 kB
CommitLimit:     9202296 kB
Committed_AS:   56350400 kB
VmallocTotal:   263061440 kB
VmallocUsed:       98372 kB
VmallocChunk:          0 kB
Percpu:             7584 kB
CmaTotal:         294912 kB
CmaFree:               0 kB
MemTotal:       12113144 kB
MemFree:         6944244 kB
MemAvailable:    8342184 kB
Buffers:            5964 kB
Cached:          1626144 kB
SwapCached:            0 kB
Active:          1361800 kB
Inactive:        1417364 kB
Active(anon):    1153612 kB
Inactive(anon):    26148 kB
Active(file):     208188 kB
Inactive(file):  1391216 kB
Unevictable:        5692 kB
Mlocked:            5692 kB
SwapTotal:       3145724 kB
SwapFree:        3145724 kB
Dirty:               200 kB
Writeback:             0 kB
AnonPages:       1152864 kB
Mapped:           810028 kB
Shmem:             28052 kB
KReclaimable:     667240 kB
Slab:             202328 kB
SReclaimable:      66848 kB
SUnreclaim:       135480 kB
KernelStack:       41488 kB
PageTables:        55632 kB
NFS_Unstable:          0 kB
Bounce:                0 kB
WritebackTmp:          0 kB
CommitLimit:     9202296 kB
Committed_AS:   56371300 kB
VmallocTotal:   263061440 kB
VmallocUsed:       98388 kB
VmallocChunk:          0 kB
Percpu:             7584 kB
CmaTotal:         294912 kB
CmaFree:               4 kB
MemTotal:       12113144 kB
MemFree:         6949564 kB
MemAvailable:    8347504 kB
Buffers:            5964 kB
Cached:          1620904 kB
SwapCached:            0 kB
Active:          1360808 kB
Inactive:        1412156 kB
Active(anon):    1152620 kB
Inactive(anon):    20940 kB
Active(file):     208188 kB
Inactive(file):  1391216 kB
Unevictable:        5692 kB
Mlocked:            5692 kB
SwapTotal:       3145724 kB
SwapFree:        3145724 kB
Dirty:               208 kB
Writeback:             0 kB
AnonPages:       1151824 kB
Mapped:           804528 kB
Shmem:             22812 kB
KReclaimable:     667240 kB
Slab:             202320 kB
SReclaimable:      66848 kB
SUnreclaim:       135472 kB
KernelStack:       41488 kB
PageTables:        55616 kB
NFS_Unstable:          0 kB
Bounce:                0 kB
WritebackTmp:          0 kB
CommitLimit:     9202296 kB
Committed_AS:   56361780 kB
VmallocTotal:   263061440 kB
VmallocUsed:       98372 kB
VmallocChunk:          0 kB
Percpu:             7584 kB
CmaTotal:         294912 kB
CmaFree:               0 kB
MemTotal:       12113144 kB
MemFree:         6951264 kB
MemAvailable:    8349220 kB
Buffers:            5968 kB
Cached:          1620916 kB
SwapCached:            0 kB
Active:          1360456 kB
Inactive:        1412168 kB
Active(anon):    1152264 kB
Inactive(anon):    20940 kB
Active(file):     208192 kB
Inactive(file):  1391228 kB
Unevictable:        5692 kB
Mlocked:            5692 kB
SwapTotal:       3145724 kB
SwapFree:        3145724 kB
Dirty:               208 kB
Writeback:             0 kB
AnonPages:       1151580 kB
Mapped:           804528 kB
Shmem:             22812 kB
KReclaimable:     667240 kB
Slab:             202328 kB
SReclaimable:      66848 kB
SUnreclaim:       135480 kB
KernelStack:       41488 kB
PageTables:        55612 kB
NFS_Unstable:          0 kB
Bounce:                0 kB
WritebackTmp:          0 kB
CommitLimit:     9202296 kB
Committed_AS:   56361428 kB
VmallocTotal:   263061440 kB
VmallocUsed:       98372 kB
VmallocChunk:          0 kB
Percpu:             7584 kB
CmaTotal:         294912 kB
CmaFree:               4 kB
MemTotal:       12113144 kB
MemFree:         6951392 kB
MemAvailable:    8349348 kB
Buffers:            5968 kB
Cached:          1620916 kB
SwapCached:            0 kB
Active:          1360724 kB
Inactive:        1412168 kB
Active(anon):    1152532 kB
Inactive(anon):    20940 kB
Active(file):     208192 kB
Inactive(file):  1391228 kB
Unevictable:        5692 kB
Mlocked:            5692 kB
SwapTotal:       3145724 kB
SwapFree:        3145724 kB
Dirty:               208 kB
Writeback:             0 kB
AnonPages:       1151820 kB
Mapped:           804788 kB
Shmem:             22812 kB
KReclaimable:     667240 kB
Slab:             202328 kB
SReclaimable:      66848 kB
SUnreclaim:       135480 kB
KernelStack:       41488 kB
PageTables:        55616 kB
NFS_Unstable:          0 kB
Bounce:                0 kB
WritebackTmp:          0 kB
CommitLimit:     9202296 kB
Committed_AS:   56362248 kB
VmallocTotal:   263061440 kB
VmallocUsed:       98404 kB
VmallocChunk:          0 kB
Percpu:             7584 kB
CmaTotal:         294912 kB
CmaFree:               0 kB
MemTotal:       12113144 kB
MemFree:         6950828 kB
MemAvailable:    8348784 kB
Buffers:            5968 kB
Cached:          1620916 kB
SwapCached:            0 kB
Active:          1361016 kB
Inactive:        1412168 kB
Active(anon):    1152824 kB
Inactive(anon):    20940 kB
Active(file):     208192 kB
Inactive(file):  1391228 kB
Unevictable:        5692 kB
Mlocked:            5692 kB
SwapTotal:       3145724 kB
SwapFree:        3145724 kB
Dirty:               208 kB
Writeback:             0 kB
AnonPages:       1152104 kB
Mapped:           804788 kB
Shmem:             22812 kB
KReclaimable:     667240 kB
Slab:             202328 kB
SReclaimable:      66848 kB
SUnreclaim:       135480 kB
KernelStack:       41488 kB
PageTables:        55612 kB
NFS_Unstable:          0 kB
Bounce:                0 kB
WritebackTmp:          0 kB
CommitLimit:     9202296 kB
Committed_AS:   56362064 kB
VmallocTotal:   263061440 kB
VmallocUsed:       98372 kB
