MemTotal:       12113136 kB
MemFree:          494376 kB
MemAvailable:    7943312 kB
Buffers:            7284 kB
Cached:          7821192 kB
SwapCached:            0 kB
Active:          2073476 kB
Inactive:        6982484 kB
Active(anon):    1131180 kB
Inactive(anon):   135788 kB
Active(file):     942296 kB
Inactive(file):  6846696 kB
Unevictable:        5716 kB
Mlocked:            5716 kB
SwapTotal:       3145724 kB
SwapFree:        3145724 kB
Dirty:               668 kB
Writeback:             0 kB
AnonPages:       1233124 kB
Mapped:           780052 kB
Shmem:             34816 kB
KReclaimable:     528648 kB
Slab:             226640 kB
SReclaimable:      79548 kB
SUnreclaim:       147092 kB
KernelStack:       47428 kB
PageTables:        63816 kB
NFS_Unstable:          0 kB
Bounce:                0 kB
WritebackTmp:          0 kB
CommitLimit:     9202292 kB
Committed_AS:   67491972 kB
VmallocTotal:   263061440 kB
VmallocUsed:      104392 kB
VmallocChunk:          0 kB
Percpu:             7648 kB
CmaTotal:         294912 kB
CmaFree:              56 kB
MemTotal:       12113136 kB
MemFree:          492420 kB
MemAvailable:    7941456 kB
Buffers:            7284 kB
Cached:          7821260 kB
SwapCached:            0 kB
Active:          2074084 kB
Inactive:        6982524 kB
Active(anon):    1131760 kB
Inactive(anon):   135788 kB
Active(file):     942324 kB
Inactive(file):  6846736 kB
Unevictable:        5716 kB
Mlocked:            5716 kB
SwapTotal:       3145724 kB
SwapFree:        3145724 kB
Dirty:               776 kB
Writeback:             0 kB
AnonPages:       1233600 kB
Mapped:           780212 kB
Shmem:             34816 kB
KReclaimable:     528680 kB
Slab:             226616 kB
SReclaimable:      79580 kB
SUnreclaim:       147036 kB
KernelStack:       47472 kB
PageTables:        63820 kB
NFS_Unstable:          0 kB
Bounce:                0 kB
WritebackTmp:          0 kB
CommitLimit:     9202292 kB
Committed_AS:   67490800 kB
VmallocTotal:   263061440 kB
VmallocUsed:      104392 kB
VmallocChunk:          0 kB
Percpu:             7648 kB
CmaTotal:         294912 kB
CmaFree:               0 kB
MemTotal:       12113136 kB
MemFree:          493548 kB
MemAvailable:    7942592 kB
Buffers:            7284 kB
Cached:          7821268 kB
SwapCached:            0 kB
Active:          2074604 kB
Inactive:        6982532 kB
Active(anon):    1132280 kB
Inactive(anon):   135788 kB
Active(file):     942324 kB
Inactive(file):  6846744 kB
Unevictable:        5716 kB
Mlocked:            5716 kB
SwapTotal:       3145724 kB
SwapFree:        3145724 kB
Dirty:               784 kB
Writeback:             0 kB
AnonPages:       1234332 kB
Mapped:           780028 kB
Shmem:             34816 kB
KReclaimable:     528680 kB
Slab:             226648 kB
SReclaimable:      79580 kB
SUnreclaim:       147068 kB
KernelStack:       47440 kB
PageTables:        63592 kB
NFS_Unstable:          0 kB
Bounce:                0 kB
WritebackTmp:          0 kB
CommitLimit:     9202292 kB
Committed_AS:   67489632 kB
VmallocTotal:   263061440 kB
VmallocUsed:      104392 kB
VmallocChunk:          0 kB
Percpu:             7648 kB
CmaTotal:         294912 kB
CmaFree:             128 kB
MemTotal:       12113136 kB
MemFree:          497452 kB
MemAvailable:    7946508 kB
Buffers:            7284 kB
Cached:          7821280 kB
SwapCached:            0 kB
Active:          2070408 kB
Inactive:        6982544 kB
Active(anon):    1128084 kB
Inactive(anon):   135788 kB
Active(file):     942324 kB
Inactive(file):  6846756 kB
Unevictable:        5716 kB
Mlocked:            5716 kB
SwapTotal:       3145724 kB
SwapFree:        3145724 kB
Dirty:               796 kB
Writeback:             0 kB
AnonPages:       1230044 kB
Mapped:           780100 kB
Shmem:             34816 kB
KReclaimable:     528680 kB
Slab:             226640 kB
SReclaimable:      79580 kB
SUnreclaim:       147060 kB
KernelStack:       47504 kB
PageTables:        63780 kB
NFS_Unstable:          0 kB
Bounce:                0 kB
WritebackTmp:          0 kB
CommitLimit:     9202292 kB
Committed_AS:   67498312 kB
VmallocTotal:   263061440 kB
VmallocUsed:      104408 kB
VmallocChunk:          0 kB
Percpu:             7648 kB
CmaTotal:         294912 kB
CmaFree:               0 kB
MemTotal:       12113136 kB
MemFree:          496788 kB
MemAvailable:    7945860 kB
Buffers:            7284 kB
Cached:          7821296 kB
SwapCached:            0 kB
Active:          2070772 kB
Inactive:        6982560 kB
Active(anon):    1128448 kB
Inactive(anon):   135788 kB
Active(file):     942324 kB
Inactive(file):  6846772 kB
Unevictable:        5716 kB
Mlocked:            5716 kB
SwapTotal:       3145724 kB
SwapFree:        3145724 kB
Dirty:               824 kB
Writeback:             0 kB
AnonPages:       1230668 kB
Mapped:           780016 kB
Shmem:             34816 kB
KReclaimable:     528680 kB
Slab:             226656 kB
SReclaimable:      79580 kB
SUnreclaim:       147076 kB
KernelStack:       47456 kB
PageTables:        63704 kB
NFS_Unstable:          0 kB
Bounce:                0 kB
WritebackTmp:          0 kB
CommitLimit:     9202292 kB
Committed_AS:   67487360 kB
VmallocTotal:   263061440 kB
VmallocUsed:      104376 kB
VmallocChunk:          0 kB
Percpu:             7648 kB
CmaTotal:         294912 kB
CmaFree:               0 kB
MemTotal:       12113136 kB
MemFree:          495376 kB
MemAvailable:    7944472 kB
Buffers:            7284 kB
Cached:          7821304 kB
SwapCached:            0 kB
Active:          2071644 kB
Inactive:        6982568 kB
Active(anon):    1129320 kB
Inactive(anon):   135788 kB
Active(file):     942324 kB
Inactive(file):  6846780 kB
Unevictable:        5716 kB
Mlocked:            5716 kB
SwapTotal:       3145724 kB
SwapFree:        3145724 kB
Dirty:               832 kB
Writeback:             0 kB
AnonPages:       1231408 kB
Mapped:           780008 kB
Shmem:             34816 kB
KReclaimable:     528696 kB
Slab:             226648 kB
SReclaimable:      79596 kB
SUnreclaim:       147052 kB
KernelStack:       47488 kB
PageTables:        63652 kB
NFS_Unstable:          0 kB
Bounce:                0 kB
WritebackTmp:          0 kB
CommitLimit:     9202292 kB
Committed_AS:   67496700 kB
VmallocTotal:   263061440 kB
VmallocUsed:      104424 kB
VmallocChunk:          0 kB
Percpu:             7648 kB
CmaTotal:         294912 kB
CmaFree:               0 kB
MemTotal:       12113136 kB
MemFree:          495020 kB
MemAvailable:    7944132 kB
Buffers:            7292 kB
Cached:          7821312 kB
SwapCached:            0 kB
Active:          2071684 kB
Inactive:        6982580 kB
Active(anon):    1129356 kB
Inactive(anon):   135788 kB
Active(file):     942328 kB
Inactive(file):  6846792 kB
Unevictable:        5716 kB
Mlocked:            5716 kB
SwapTotal:       3145724 kB
SwapFree:        3145724 kB
Dirty:               848 kB
Writeback:             0 kB
AnonPages:       1231628 kB
Mapped:           780020 kB
Shmem:             34816 kB
KReclaimable:     528696 kB
Slab:             226672 kB
SReclaimable:      79596 kB
SUnreclaim:       147076 kB
KernelStack:       47540 kB
PageTables:        64076 kB
NFS_Unstable:          0 kB
Bounce:                0 kB
WritebackTmp:          0 kB
CommitLimit:     9202292 kB
Committed_AS:   67494088 kB
VmallocTotal:   263061440 kB
VmallocUsed:      104424 kB
VmallocChunk:          0 kB
Percpu:             7648 kB
CmaTotal:         294912 kB
CmaFree:               0 kB
MemTotal:       12113136 kB
MemFree:          506116 kB
MemAvailable:    7955228 kB
Buffers:            7292 kB
Cached:          7821344 kB
SwapCached:            0 kB
Active:          2060172 kB
Inactive:        6982608 kB
Active(anon):    1117840 kB
Inactive(anon):   135788 kB
Active(file):     942332 kB
Inactive(file):  6846820 kB
Unevictable:        5716 kB
Mlocked:            5716 kB
SwapTotal:       3145724 kB
SwapFree:        3145724 kB
Dirty:               832 kB
Writeback:             0 kB
AnonPages:       1220012 kB
Mapped:           771008 kB
Shmem:             34816 kB
KReclaimable:     528664 kB
Slab:             226616 kB
SReclaimable:      79564 kB
SUnreclaim:       147052 kB
KernelStack:       47488 kB
PageTables:        63732 kB
NFS_Unstable:          0 kB
Bounce:                0 kB
WritebackTmp:          0 kB
CommitLimit:     9202292 kB
Committed_AS:   67492116 kB
VmallocTotal:   263061440 kB
VmallocUsed:      104392 kB
VmallocChunk:          0 kB
Percpu:             7648 kB
CmaTotal:         294912 kB
CmaFree:            1148 kB
MemTotal:       12113136 kB
MemFree:          505476 kB
MemAvailable:    7954620 kB
Buffers:            7292 kB
Cached:          7821360 kB
SwapCached:            0 kB
Active:          2061220 kB
Inactive:        6982624 kB
Active(anon):    1118888 kB
Inactive(anon):   135788 kB
Active(file):     942332 kB
Inactive(file):  6846836 kB
Unevictable:        5716 kB
Mlocked:            5716 kB
SwapTotal:       3145724 kB
SwapFree:        3145724 kB
Dirty:               848 kB
Writeback:             0 kB
AnonPages:       1220788 kB
Mapped:           771008 kB
Shmem:             34816 kB
KReclaimable:     528680 kB
Slab:             226656 kB
SReclaimable:      79580 kB
SUnreclaim:       147076 kB
KernelStack:       47440 kB
PageTables:        63688 kB
NFS_Unstable:          0 kB
Bounce:                0 kB
WritebackTmp:          0 kB
CommitLimit:     9202292 kB
Committed_AS:   67495252 kB
VmallocTotal:   263061440 kB
VmallocUsed:      104360 kB
VmallocChunk:          0 kB
Percpu:             7648 kB
CmaTotal:         294912 kB
CmaFree:             220 kB
MemTotal:       12113136 kB
MemFree:          506364 kB
MemAvailable:    7955500 kB
Buffers:            7292 kB
Cached:          7821432 kB
SwapCached:            0 kB
Active:          2062048 kB
Inactive:        6982696 kB
Active(anon):    1119716 kB
Inactive(anon):   135852 kB
Active(file):     942332 kB
Inactive(file):  6846844 kB
Unevictable:        5716 kB
Mlocked:            5716 kB
SwapTotal:       3145724 kB
SwapFree:        3145724 kB
Dirty:               860 kB
Writeback:             0 kB
AnonPages:       1221184 kB
Mapped:           771008 kB
Shmem:             34880 kB
KReclaimable:     528664 kB
Slab:             226632 kB
SReclaimable:      79564 kB
SUnreclaim:       147068 kB
KernelStack:       47440 kB
PageTables:        63624 kB
NFS_Unstable:          0 kB
Bounce:                0 kB
WritebackTmp:          0 kB
CommitLimit:     9202292 kB
Committed_AS:   67495724 kB
VmallocTotal:   263061440 kB
VmallocUsed:      104344 kB
VmallocChunk:          0 kB
Percpu:             7648 kB
CmaTotal:         294912 kB
CmaFree:               0 kB
MemTotal:       12113136 kB
MemFree:          515900 kB
MemAvailable:    7965064 kB
Buffers:            7292 kB
Cached:          7820580 kB
SwapCached:            0 kB
Active:          2051244 kB
Inactive:        6981844 kB
Active(anon):    1108912 kB
Inactive(anon):   134988 kB
Active(file):     942332 kB
Inactive(file):  6846856 kB
Unevictable:        5716 kB
Mlocked:            5716 kB
SwapTotal:       3145724 kB
SwapFree:        3145724 kB
Dirty:               884 kB
Writeback:             0 kB
AnonPages:       1210784 kB
Mapped:           771028 kB
Shmem:             34016 kB
KReclaimable:     528680 kB
Slab:             226616 kB
SReclaimable:      79580 kB
SUnreclaim:       147036 kB
KernelStack:       47408 kB
PageTables:        63564 kB
NFS_Unstable:          0 kB
Bounce:                0 kB
WritebackTmp:          0 kB
CommitLimit:     9202292 kB
Committed_AS:   67495596 kB
VmallocTotal:   263061440 kB
VmallocUsed:      104376 kB
VmallocChunk:          0 kB
Percpu:             7648 kB
CmaTotal:         294912 kB
CmaFree:              48 kB
MemTotal:       12113136 kB
MemFree:          516192 kB
MemAvailable:    7965368 kB
Buffers:            7292 kB
Cached:          7820592 kB
SwapCached:            0 kB
Active:          2051916 kB
Inactive:        6981856 kB
Active(anon):    1109584 kB
Inactive(anon):   134988 kB
Active(file):     942332 kB
Inactive(file):  6846868 kB
Unevictable:        5716 kB
Mlocked:            5716 kB
SwapTotal:       3145724 kB
SwapFree:        3145724 kB
Dirty:               640 kB
Writeback:             0 kB
AnonPages:       1211680 kB
Mapped:           771008 kB
Shmem:             34016 kB
KReclaimable:     528680 kB
Slab:             226608 kB
SReclaimable:      79580 kB
SUnreclaim:       147028 kB
KernelStack:       47392 kB
PageTables:        63584 kB
NFS_Unstable:          0 kB
Bounce:                0 kB
WritebackTmp:          0 kB
CommitLimit:     9202292 kB
Committed_AS:   67491008 kB
VmallocTotal:   263061440 kB
VmallocUsed:      104392 kB
VmallocChunk:          0 kB
Percpu:             7648 kB
CmaTotal:         294912 kB
CmaFree:               0 kB
MemTotal:       12113136 kB
MemFree:          516152 kB
MemAvailable:    7965336 kB
Buffers:            7292 kB
Cached:          7820600 kB
SwapCached:            0 kB
Active:          2052272 kB
Inactive:        6981868 kB
Active(anon):    1109944 kB
Inactive(anon):   134988 kB
Active(file):     942328 kB
Inactive(file):  6846880 kB
Unevictable:        5716 kB
Mlocked:            5716 kB
SwapTotal:       3145724 kB
SwapFree:        3145724 kB
Dirty:               564 kB
Writeback:             0 kB
AnonPages:       1212260 kB
Mapped:           771008 kB
Shmem:             34016 kB
KReclaimable:     528680 kB
Slab:             226608 kB
SReclaimable:      79580 kB
SUnreclaim:       147028 kB
KernelStack:       47424 kB
PageTables:        63652 kB
NFS_Unstable:          0 kB
Bounce:                0 kB
WritebackTmp:          0 kB
CommitLimit:     9202292 kB
Committed_AS:   67495852 kB
VmallocTotal:   263061440 kB
VmallocUsed:      104408 kB
VmallocChunk:          0 kB
Percpu:             7648 kB
CmaTotal:         294912 kB
CmaFree:               8 kB
MemTotal:       12113136 kB
MemFree:          515480 kB
MemAvailable:    7964700 kB
Buffers:            7292 kB
Cached:          7820620 kB
SwapCached:            0 kB
Active:          2053712 kB
Inactive:        6981884 kB
Active(anon):    1111380 kB
Inactive(anon):   134988 kB
Active(file):     942332 kB
Inactive(file):  6846896 kB
Unevictable:        5716 kB
Mlocked:            5716 kB
SwapTotal:       3145724 kB
SwapFree:        3145724 kB
Dirty:               620 kB
Writeback:             0 kB
AnonPages:       1213036 kB
Mapped:           771008 kB
Shmem:             34016 kB
KReclaimable:     528696 kB
Slab:             226616 kB
SReclaimable:      79596 kB
SUnreclaim:       147020 kB
KernelStack:       47392 kB
PageTables:        63384 kB
NFS_Unstable:          0 kB
Bounce:                0 kB
WritebackTmp:          0 kB
CommitLimit:     9202292 kB
Committed_AS:   67489792 kB
VmallocTotal:   263061440 kB
VmallocUsed:      104328 kB
VmallocChunk:          0 kB
Percpu:             7648 kB
CmaTotal:         294912 kB
CmaFree:              32 kB
MemTotal:       12113136 kB
MemFree:          514696 kB
MemAvailable:    7963928 kB
Buffers:            7292 kB
Cached:          7820632 kB
SwapCached:            0 kB
Active:          2053916 kB
Inactive:        6981896 kB
Active(anon):    1111584 kB
Inactive(anon):   134988 kB
Active(file):     942332 kB
Inactive(file):  6846908 kB
Unevictable:        5716 kB
Mlocked:            5716 kB
SwapTotal:       3145724 kB
SwapFree:        3145724 kB
Dirty:               636 kB
Writeback:             0 kB
AnonPages:       1213676 kB
Mapped:           771036 kB
Shmem:             34016 kB
KReclaimable:     528696 kB
Slab:             226624 kB
SReclaimable:      79596 kB
SUnreclaim:       147028 kB
KernelStack:       47392 kB
PageTables:        63488 kB
NFS_Unstable:          0 kB
Bounce:                0 kB
WritebackTmp:          0 kB
CommitLimit:     9202292 kB
Committed_AS:   67495388 kB
VmallocTotal:   263061440 kB
VmallocUsed:      104344 kB
VmallocChunk:          0 kB
Percpu:             7648 kB
CmaTotal:         294912 kB
CmaFree:               0 kB
MemTotal:       12113136 kB
MemFree:          513048 kB
MemAvailable:    7962292 kB
Buffers:            7292 kB
Cached:          7820644 kB
SwapCached:            0 kB
Active:          2054620 kB
Inactive:        6981908 kB
Active(anon):    1112288 kB
Inactive(anon):   134988 kB
Active(file):     942332 kB
Inactive(file):  6846920 kB
Unevictable:        5716 kB
Mlocked:            5716 kB
SwapTotal:       3145724 kB
SwapFree:        3145724 kB
Dirty:               648 kB
Writeback:             0 kB
AnonPages:       1214372 kB
Mapped:           771152 kB
Shmem:             34016 kB
KReclaimable:     528696 kB
Slab:             226608 kB
SReclaimable:      79596 kB
SUnreclaim:       147012 kB
KernelStack:       47392 kB
PageTables:        63572 kB
NFS_Unstable:          0 kB
Bounce:                0 kB
WritebackTmp:          0 kB
CommitLimit:     9202292 kB
Committed_AS:   67495636 kB
VmallocTotal:   263061440 kB
VmallocUsed:      104344 kB
VmallocChunk:          0 kB
Percpu:             7648 kB
CmaTotal:         294912 kB
CmaFree:               0 kB
MemTotal:       12113136 kB
MemFree:          512044 kB
MemAvailable:    7961520 kB
Buffers:            7292 kB
Cached:          7820876 kB
SwapCached:            0 kB
Active:          2055068 kB
Inactive:        6982140 kB
Active(anon):    1112736 kB
Inactive(anon):   134988 kB
Active(file):     942332 kB
Inactive(file):  6847152 kB
Unevictable:        5716 kB
Mlocked:            5716 kB
SwapTotal:       3145724 kB
SwapFree:        3145724 kB
Dirty:               336 kB
Writeback:             0 kB
AnonPages:       1215108 kB
Mapped:           771008 kB
Shmem:             34016 kB
KReclaimable:     528696 kB
Slab:             226616 kB
SReclaimable:      79596 kB
SUnreclaim:       147020 kB
KernelStack:       47376 kB
PageTables:        63600 kB
NFS_Unstable:          0 kB
Bounce:                0 kB
WritebackTmp:          0 kB
CommitLimit:     9202292 kB
Committed_AS:   67496476 kB
VmallocTotal:   263061440 kB
VmallocUsed:      104344 kB
VmallocChunk:          0 kB
Percpu:             7648 kB
CmaTotal:         294912 kB
CmaFree:               0 kB
MemTotal:       12113136 kB
MemFree:          512616 kB
MemAvailable:    7962100 kB
Buffers:            7292 kB
Cached:          7820884 kB
SwapCached:            0 kB
Active:          2055940 kB
Inactive:        6982148 kB
Active(anon):    1113608 kB
Inactive(anon):   134988 kB
Active(file):     942332 kB
Inactive(file):  6847160 kB
Unevictable:        5716 kB
Mlocked:            5716 kB
SwapTotal:       3145724 kB
SwapFree:        3145724 kB
Dirty:               376 kB
Writeback:             0 kB
AnonPages:       1215340 kB
Mapped:           771116 kB
Shmem:             34016 kB
KReclaimable:     528696 kB
Slab:             226616 kB
SReclaimable:      79596 kB
SUnreclaim:       147020 kB
KernelStack:       47408 kB
PageTables:        63704 kB
NFS_Unstable:          0 kB
Bounce:                0 kB
WritebackTmp:          0 kB
CommitLimit:     9202292 kB
Committed_AS:   67487696 kB
VmallocTotal:   263061440 kB
VmallocUsed:      104344 kB
VmallocChunk:          0 kB
Percpu:             7648 kB
CmaTotal:         294912 kB
CmaFree:               0 kB
MemTotal:       12113136 kB
MemFree:          504856 kB
MemAvailable:    7954376 kB
Buffers:            7292 kB
Cached:          7820920 kB
SwapCached:            0 kB
Active:          2065192 kB
Inactive:        6982180 kB
Active(anon):    1122856 kB
Inactive(anon):   134988 kB
Active(file):     942336 kB
Inactive(file):  6847192 kB
Unevictable:        5716 kB
Mlocked:            5716 kB
SwapTotal:       3145724 kB
SwapFree:        3145724 kB
Dirty:               420 kB
Writeback:             0 kB
AnonPages:       1224876 kB
Mapped:           771008 kB
Shmem:             34016 kB
KReclaimable:     528696 kB
Slab:             226624 kB
SReclaimable:      79596 kB
SUnreclaim:       147028 kB
KernelStack:       47456 kB
PageTables:        63668 kB
NFS_Unstable:          0 kB
Bounce:                0 kB
WritebackTmp:          0 kB
CommitLimit:     9202292 kB
Committed_AS:   67489820 kB
VmallocTotal:   263061440 kB
VmallocUsed:      104360 kB
VmallocChunk:          0 kB
Percpu:             7648 kB
CmaTotal:         294912 kB
CmaFree:               0 kB
MemTotal:       12113136 kB
MemFree:          482080 kB
MemAvailable:    7931588 kB
Buffers:            7292 kB
Cached:          7820908 kB
SwapCached:            0 kB
Active:          2084696 kB
Inactive:        6982172 kB
Active(anon):    1142364 kB
Inactive(anon):   134988 kB
Active(file):     942332 kB
Inactive(file):  6847184 kB
Unevictable:        5716 kB
Mlocked:            5716 kB
SwapTotal:       3145724 kB
SwapFree:        3145724 kB
Dirty:               448 kB
Writeback:             0 kB
AnonPages:       1244116 kB
Mapped:           770988 kB
Shmem:             34016 kB
KReclaimable:     528696 kB
Slab:             226608 kB
SReclaimable:      79596 kB
SUnreclaim:       147012 kB
KernelStack:       47424 kB
PageTables:        63836 kB
NFS_Unstable:          0 kB
Bounce:                0 kB
WritebackTmp:          0 kB
CommitLimit:     9202292 kB
Committed_AS:   67486744 kB
VmallocTotal:   263061440 kB
VmallocUsed:      104328 kB
VmallocChunk:          0 kB
Percpu:             7648 kB
CmaTotal:         294912 kB
CmaFree:               0 kB
MemTotal:       12113136 kB
MemFree:          473704 kB
MemAvailable:    7923224 kB
Buffers:            7292 kB
Cached:          7821140 kB
SwapCached:            0 kB
Active:          2094040 kB
Inactive:        6982404 kB
Active(anon):    1151708 kB
Inactive(anon):   135208 kB
Active(file):     942332 kB
Inactive(file):  6847196 kB
Unevictable:        5716 kB
Mlocked:            5716 kB
SwapTotal:       3145724 kB
SwapFree:        3145724 kB
Dirty:               460 kB
Writeback:             0 kB
AnonPages:       1253928 kB
Mapped:           771228 kB
Shmem:             34236 kB
KReclaimable:     528696 kB
Slab:             226624 kB
SReclaimable:      79596 kB
SUnreclaim:       147028 kB
KernelStack:       47424 kB
PageTables:        63588 kB
NFS_Unstable:          0 kB
Bounce:                0 kB
WritebackTmp:          0 kB
CommitLimit:     9202292 kB
Committed_AS:   67486152 kB
VmallocTotal:   263061440 kB
VmallocUsed:      104312 kB
VmallocChunk:          0 kB
Percpu:             7648 kB
CmaTotal:         294912 kB
CmaFree:               0 kB
MemTotal:       12113136 kB
MemFree:          468680 kB
MemAvailable:    7918360 kB
Buffers:            7296 kB
Cached:          7821060 kB
SwapCached:            0 kB
Active:          2099848 kB
Inactive:        6982324 kB
Active(anon):    1157512 kB
Inactive(anon):   134988 kB
Active(file):     942336 kB
Inactive(file):  6847336 kB
Unevictable:        5716 kB
Mlocked:            5716 kB
SwapTotal:       3145724 kB
SwapFree:        3145724 kB
Dirty:               360 kB
Writeback:             0 kB
AnonPages:       1259204 kB
Mapped:           771008 kB
Shmem:             34016 kB
KReclaimable:     528712 kB
Slab:             226648 kB
SReclaimable:      79612 kB
SUnreclaim:       147036 kB
KernelStack:       47440 kB
PageTables:        63660 kB
NFS_Unstable:          0 kB
Bounce:                0 kB
WritebackTmp:          0 kB
CommitLimit:     9202292 kB
Committed_AS:   67486044 kB
VmallocTotal:   263061440 kB
VmallocUsed:      104312 kB
VmallocChunk:          0 kB
Percpu:             7648 kB
CmaTotal:         294912 kB
CmaFree:              88 kB
MemTotal:       12113136 kB
MemFree:          471932 kB
MemAvailable:    7921588 kB
Buffers:            7296 kB
Cached:          7821068 kB
SwapCached:            0 kB
Active:          2095016 kB
Inactive:        6982332 kB
Active(anon):    1152680 kB
Inactive(anon):   134988 kB
Active(file):     942336 kB
Inactive(file):  6847344 kB
Unevictable:        5716 kB
Mlocked:            5716 kB
SwapTotal:       3145724 kB
SwapFree:        3145724 kB
Dirty:               380 kB
Writeback:             0 kB
AnonPages:       1254888 kB
Mapped:           771028 kB
Shmem:             34016 kB
KReclaimable:     528680 kB
Slab:             226608 kB
SReclaimable:      79580 kB
SUnreclaim:       147028 kB
KernelStack:       47392 kB
PageTables:        63644 kB
NFS_Unstable:          0 kB
Bounce:                0 kB
WritebackTmp:          0 kB
CommitLimit:     9202292 kB
Committed_AS:   67501088 kB
VmallocTotal:   263061440 kB
VmallocUsed:      104360 kB
VmallocChunk:          0 kB
Percpu:             7648 kB
CmaTotal:         294912 kB
CmaFree:               0 kB
MemTotal:       12113136 kB
MemFree:          471876 kB
MemAvailable:    7921560 kB
Buffers:            7296 kB
Cached:          7821080 kB
SwapCached:            0 kB
Active:          2096532 kB
Inactive:        6982344 kB
Active(anon):    1154196 kB
Inactive(anon):   134988 kB
Active(file):     942336 kB
Inactive(file):  6847356 kB
Unevictable:        5716 kB
Mlocked:            5716 kB
SwapTotal:       3145724 kB
SwapFree:        3145724 kB
Dirty:               392 kB
Writeback:             0 kB
AnonPages:       1255948 kB
Mapped:           771008 kB
Shmem:             34016 kB
KReclaimable:     528696 kB
Slab:             226624 kB
SReclaimable:      79596 kB
SUnreclaim:       147028 kB
KernelStack:       47440 kB
PageTables:        63744 kB
NFS_Unstable:          0 kB
Bounce:                0 kB
WritebackTmp:          0 kB
CommitLimit:     9202292 kB
Committed_AS:   67498376 kB
VmallocTotal:   263061440 kB
VmallocUsed:      104392 kB
VmallocChunk:          0 kB
Percpu:             7648 kB
CmaTotal:         294912 kB
CmaFree:               0 kB
MemTotal:       12113136 kB
MemFree:          472264 kB
MemAvailable:    7921944 kB
Buffers:            7296 kB
Cached:          7821092 kB
SwapCached:            0 kB
Active:          2097252 kB
Inactive:        6982356 kB
Active(anon):    1154916 kB
Inactive(anon):   134988 kB
Active(file):     942336 kB
Inactive(file):  6847368 kB
Unevictable:        5716 kB
Mlocked:            5716 kB
SwapTotal:       3145724 kB
SwapFree:        3145724 kB
Dirty:               408 kB
Writeback:             0 kB
AnonPages:       1256648 kB
Mapped:           771008 kB
Shmem:             34016 kB
KReclaimable:     528680 kB
Slab:             226608 kB
SReclaimable:      79580 kB
SUnreclaim:       147028 kB
KernelStack:       47424 kB
PageTables:        63692 kB
NFS_Unstable:          0 kB
Bounce:                0 kB
WritebackTmp:          0 kB
CommitLimit:     9202292 kB
Committed_AS:   67495676 kB
VmallocTotal:   263061440 kB
VmallocUsed:      104344 kB
VmallocChunk:          0 kB
Percpu:             7648 kB
CmaTotal:         294912 kB
CmaFree:               0 kB
MemTotal:       12113136 kB
MemFree:          470816 kB
MemAvailable:    7920512 kB
Buffers:            7296 kB
Cached:          7821108 kB
SwapCached:            0 kB
Active:          2097504 kB
Inactive:        6982372 kB
Active(anon):    1155168 kB
Inactive(anon):   134988 kB
Active(file):     942336 kB
Inactive(file):  6847384 kB
Unevictable:        5716 kB
Mlocked:            5716 kB
SwapTotal:       3145724 kB
SwapFree:        3145724 kB
Dirty:               436 kB
Writeback:             0 kB
AnonPages:       1257396 kB
Mapped:           771064 kB
Shmem:             34016 kB
KReclaimable:     528680 kB
Slab:             226600 kB
SReclaimable:      79580 kB
SUnreclaim:       147020 kB
KernelStack:       47472 kB
PageTables:        63880 kB
NFS_Unstable:          0 kB
Bounce:                0 kB
WritebackTmp:          0 kB
CommitLimit:     9202292 kB
Committed_AS:   67494428 kB
VmallocTotal:   263061440 kB
VmallocUsed:      104392 kB
VmallocChunk:          0 kB
Percpu:             7648 kB
CmaTotal:         294912 kB
CmaFree:               0 kB
MemTotal:       12113136 kB
MemFree:          470344 kB
MemAvailable:    7920056 kB
Buffers:            7296 kB
Cached:          7821112 kB
SwapCached:            0 kB
Active:          2098196 kB
Inactive:        6982376 kB
Active(anon):    1155860 kB
Inactive(anon):   134992 kB
Active(file):     942336 kB
Inactive(file):  6847384 kB
Unevictable:        5716 kB
Mlocked:            5716 kB
SwapTotal:       3145724 kB
SwapFree:        3145724 kB
Dirty:               432 kB
Writeback:             0 kB
AnonPages:       1257500 kB
Mapped:           771208 kB
Shmem:             34020 kB
KReclaimable:     528696 kB
Slab:             226616 kB
SReclaimable:      79596 kB
SUnreclaim:       147020 kB
KernelStack:       47392 kB
PageTables:        63656 kB
NFS_Unstable:          0 kB
Bounce:                0 kB
WritebackTmp:          0 kB
CommitLimit:     9202292 kB
Committed_AS:   67496996 kB
VmallocTotal:   263061440 kB
VmallocUsed:      104392 kB
VmallocChunk:          0 kB
Percpu:             7648 kB
CmaTotal:         294912 kB
CmaFree:               0 kB
MemTotal:       12113136 kB
MemFree:          470112 kB
MemAvailable:    7919828 kB
Buffers:            7296 kB
Cached:          7821132 kB
SwapCached:            0 kB
Active:          2099244 kB
Inactive:        6982396 kB
Active(anon):    1156908 kB
Inactive(anon):   134992 kB
Active(file):     942336 kB
Inactive(file):  6847404 kB
Unevictable:        5716 kB
Mlocked:            5716 kB
SwapTotal:       3145724 kB
SwapFree:        3145724 kB
Dirty:               308 kB
Writeback:             0 kB
AnonPages:       1258768 kB
Mapped:           771012 kB
Shmem:             34020 kB
KReclaimable:     528680 kB
Slab:             226608 kB
SReclaimable:      79580 kB
SUnreclaim:       147028 kB
KernelStack:       47408 kB
PageTables:        63724 kB
NFS_Unstable:          0 kB
Bounce:                0 kB
WritebackTmp:          0 kB
CommitLimit:     9202292 kB
Committed_AS:   67495192 kB
VmallocTotal:   263061440 kB
VmallocUsed:      104376 kB
VmallocChunk:          0 kB
Percpu:             7648 kB
CmaTotal:         294912 kB
CmaFree:               0 kB
MemTotal:       12113136 kB
MemFree:          469104 kB
MemAvailable:    7918852 kB
Buffers:            7296 kB
Cached:          7821148 kB
SwapCached:            0 kB
Active:          2099736 kB
Inactive:        6982412 kB
Active(anon):    1157400 kB
Inactive(anon):   134992 kB
Active(file):     942336 kB
Inactive(file):  6847420 kB
Unevictable:        5716 kB
Mlocked:            5716 kB
SwapTotal:       3145724 kB
SwapFree:        3145724 kB
Dirty:               356 kB
Writeback:             0 kB
AnonPages:       1259332 kB
Mapped:           771012 kB
Shmem:             34020 kB
KReclaimable:     528696 kB
Slab:             226656 kB
SReclaimable:      79596 kB
SUnreclaim:       147060 kB
KernelStack:       47360 kB
PageTables:        63580 kB
NFS_Unstable:          0 kB
Bounce:                0 kB
WritebackTmp:          0 kB
CommitLimit:     9202292 kB
Committed_AS:   67491532 kB
VmallocTotal:   263061440 kB
VmallocUsed:      104376 kB
VmallocChunk:          0 kB
Percpu:             7648 kB
CmaTotal:         294912 kB
CmaFree:               0 kB
MemTotal:       12113136 kB
MemFree:          467352 kB
MemAvailable:    7917108 kB
Buffers:            7296 kB
Cached:          7821156 kB
SwapCached:            0 kB
Active:          2100208 kB
Inactive:        6982420 kB
Active(anon):    1157872 kB
Inactive(anon):   134992 kB
Active(file):     942336 kB
Inactive(file):  6847428 kB
Unevictable:        5716 kB
Mlocked:            5716 kB
SwapTotal:       3145724 kB
SwapFree:        3145724 kB
Dirty:               364 kB
Writeback:             0 kB
AnonPages:       1260152 kB
Mapped:           771032 kB
Shmem:             34020 kB
KReclaimable:     528696 kB
Slab:             226584 kB
SReclaimable:      79596 kB
SUnreclaim:       146988 kB
KernelStack:       47376 kB
PageTables:        63476 kB
NFS_Unstable:          0 kB
Bounce:                0 kB
WritebackTmp:          0 kB
CommitLimit:     9202292 kB
Committed_AS:   67500164 kB
VmallocTotal:   263061440 kB
VmallocUsed:      104376 kB
VmallocChunk:          0 kB
Percpu:             7648 kB
CmaTotal:         294912 kB
CmaFree:               0 kB
MemTotal:       12113136 kB
MemFree:          467764 kB
MemAvailable:    7917516 kB
Buffers:            7296 kB
Cached:          7821168 kB
SwapCached:            0 kB
Active:          2100544 kB
Inactive:        6982432 kB
Active(anon):    1158208 kB
Inactive(anon):   134992 kB
Active(file):     942336 kB
Inactive(file):  6847440 kB
Unevictable:        5716 kB
Mlocked:            5716 kB
SwapTotal:       3145724 kB
SwapFree:        3145724 kB
Dirty:               376 kB
Writeback:             0 kB
AnonPages:       1260484 kB
Mapped:           771012 kB
Shmem:             34020 kB
KReclaimable:     528680 kB
Slab:             226640 kB
SReclaimable:      79580 kB
SUnreclaim:       147060 kB
KernelStack:       47392 kB
PageTables:        63596 kB
NFS_Unstable:          0 kB
Bounce:                0 kB
WritebackTmp:          0 kB
CommitLimit:     9202292 kB
Committed_AS:   67499380 kB
VmallocTotal:   263061440 kB
VmallocUsed:      104344 kB
VmallocChunk:          0 kB
Percpu:             7648 kB
CmaTotal:         294912 kB
CmaFree:               0 kB
MemTotal:       12113136 kB
MemFree:          466420 kB
MemAvailable:    7916180 kB
Buffers:            7296 kB
Cached:          7821192 kB
SwapCached:            0 kB
Active:          2101628 kB
Inactive:        6982456 kB
Active(anon):    1159292 kB
Inactive(anon):   134992 kB
Active(file):     942336 kB
Inactive(file):  6847464 kB
Unevictable:        5716 kB
Mlocked:            5716 kB
SwapTotal:       3145724 kB
SwapFree:        3145724 kB
Dirty:               444 kB
Writeback:             0 kB
AnonPages:       1261036 kB
Mapped:           771012 kB
Shmem:             34020 kB
KReclaimable:     528664 kB
Slab:             226576 kB
SReclaimable:      79564 kB
SUnreclaim:       147012 kB
KernelStack:       47392 kB
PageTables:        63604 kB
NFS_Unstable:          0 kB
Bounce:                0 kB
WritebackTmp:          0 kB
CommitLimit:     9202292 kB
Committed_AS:   67493684 kB
VmallocTotal:   263061440 kB
VmallocUsed:      104376 kB
VmallocChunk:          0 kB
Percpu:             7648 kB
CmaTotal:         294912 kB
CmaFree:               0 kB
MemTotal:       12113136 kB
MemFree:          465692 kB
MemAvailable:    7915464 kB
Buffers:            7296 kB
Cached:          7821204 kB
SwapCached:            0 kB
Active:          2102600 kB
Inactive:        6982460 kB
Active(anon):    1160256 kB
Inactive(anon):   134992 kB
Active(file):     942344 kB
Inactive(file):  6847468 kB
Unevictable:        5716 kB
Mlocked:            5716 kB
SwapTotal:       3145724 kB
SwapFree:        3145724 kB
Dirty:               472 kB
Writeback:             0 kB
AnonPages:       1262576 kB
Mapped:           771052 kB
Shmem:             34020 kB
KReclaimable:     528664 kB
Slab:             226608 kB
SReclaimable:      79564 kB
SUnreclaim:       147044 kB
KernelStack:       47392 kB
PageTables:        63680 kB
NFS_Unstable:          0 kB
Bounce:                0 kB
WritebackTmp:          0 kB
CommitLimit:     9202292 kB
Committed_AS:   67496872 kB
VmallocTotal:   263061440 kB
VmallocUsed:      104376 kB
VmallocChunk:          0 kB
Percpu:             7648 kB
CmaTotal:         294912 kB
CmaFree:               0 kB
MemTotal:       12113136 kB
MemFree:          464204 kB
MemAvailable:    7914004 kB
Buffers:            7296 kB
Cached:          7821216 kB
SwapCached:            0 kB
Active:          2103012 kB
Inactive:        6982472 kB
Active(anon):    1160668 kB
Inactive(anon):   134992 kB
Active(file):     942344 kB
Inactive(file):  6847480 kB
Unevictable:        5716 kB
Mlocked:            5716 kB
SwapTotal:       3145724 kB
SwapFree:        3145724 kB
Dirty:               512 kB
Writeback:             0 kB
AnonPages:       1262952 kB
Mapped:           771072 kB
Shmem:             34020 kB
KReclaimable:     528680 kB
Slab:             226552 kB
SReclaimable:      79580 kB
SUnreclaim:       146972 kB
KernelStack:       47376 kB
PageTables:        63564 kB
NFS_Unstable:          0 kB
Bounce:                0 kB
WritebackTmp:          0 kB
CommitLimit:     9202292 kB
Committed_AS:   67499916 kB
VmallocTotal:   263061440 kB
VmallocUsed:      104392 kB
VmallocChunk:          0 kB
Percpu:             7648 kB
CmaTotal:         294912 kB
CmaFree:               0 kB
MemTotal:       12113136 kB
MemFree:          463676 kB
MemAvailable:    7913512 kB
Buffers:            7296 kB
Cached:          7821236 kB
SwapCached:            0 kB
Active:          2103344 kB
Inactive:        6982492 kB
Active(anon):    1161000 kB
Inactive(anon):   134992 kB
Active(file):     942344 kB
Inactive(file):  6847500 kB
Unevictable:        5716 kB
Mlocked:            5716 kB
SwapTotal:       3145724 kB
SwapFree:        3145724 kB
Dirty:               524 kB
Writeback:             0 kB
AnonPages:       1263044 kB
Mapped:           771072 kB
Shmem:             34020 kB
KReclaimable:     528696 kB
Slab:             226648 kB
SReclaimable:      79596 kB
SUnreclaim:       147052 kB
KernelStack:       47360 kB
PageTables:        63684 kB
NFS_Unstable:          0 kB
Bounce:                0 kB
WritebackTmp:          0 kB
CommitLimit:     9202292 kB
Committed_AS:   67500072 kB
VmallocTotal:   263061440 kB
VmallocUsed:      104376 kB
VmallocChunk:          0 kB
Percpu:             7648 kB
CmaTotal:         294912 kB
CmaFree:               0 kB
MemTotal:       12113136 kB
MemFree:          463736 kB
MemAvailable:    7913568 kB
Buffers:            7296 kB
Cached:          7821248 kB
SwapCached:            0 kB
Active:          2103648 kB
Inactive:        6982504 kB
Active(anon):    1161304 kB
Inactive(anon):   134992 kB
Active(file):     942344 kB
Inactive(file):  6847512 kB
Unevictable:        5716 kB
Mlocked:            5716 kB
SwapTotal:       3145724 kB
SwapFree:        3145724 kB
Dirty:               544 kB
Writeback:             0 kB
AnonPages:       1263272 kB
Mapped:           771072 kB
Shmem:             34020 kB
KReclaimable:     528680 kB
Slab:             226568 kB
SReclaimable:      79580 kB
SUnreclaim:       146988 kB
KernelStack:       47312 kB
PageTables:        63516 kB
NFS_Unstable:          0 kB
Bounce:                0 kB
WritebackTmp:          0 kB
CommitLimit:     9202292 kB
Committed_AS:   67498888 kB
VmallocTotal:   263061440 kB
VmallocUsed:      104392 kB
VmallocChunk:          0 kB
Percpu:             7648 kB
CmaTotal:         294912 kB
CmaFree:               0 kB
MemTotal:       12113136 kB
MemFree:          464556 kB
MemAvailable:    7914396 kB
Buffers:            7296 kB
Cached:          7821256 kB
SwapCached:            0 kB
Active:          2104400 kB
Inactive:        6982512 kB
Active(anon):    1162056 kB
Inactive(anon):   134992 kB
Active(file):     942344 kB
Inactive(file):  6847520 kB
Unevictable:        5716 kB
Mlocked:            5716 kB
SwapTotal:       3145724 kB
SwapFree:        3145724 kB
Dirty:               292 kB
Writeback:             0 kB
AnonPages:       1263688 kB
Mapped:           771092 kB
Shmem:             34020 kB
KReclaimable:     528680 kB
Slab:             226632 kB
SReclaimable:      79580 kB
SUnreclaim:       147052 kB
KernelStack:       47328 kB
PageTables:        63660 kB
NFS_Unstable:          0 kB
Bounce:                0 kB
WritebackTmp:          0 kB
CommitLimit:     9202292 kB
Committed_AS:   67496804 kB
VmallocTotal:   263061440 kB
VmallocUsed:      104360 kB
VmallocChunk:          0 kB
Percpu:             7648 kB
CmaTotal:         294912 kB
CmaFree:               0 kB
MemTotal:       12113136 kB
MemFree:          463896 kB
MemAvailable:    7913748 kB
Buffers:            7296 kB
Cached:          7821268 kB
SwapCached:            0 kB
Active:          2104976 kB
Inactive:        6982524 kB
Active(anon):    1162632 kB
Inactive(anon):   134992 kB
Active(file):     942344 kB
Inactive(file):  6847532 kB
Unevictable:        5716 kB
Mlocked:            5716 kB
SwapTotal:       3145724 kB
SwapFree:        3145724 kB
Dirty:               372 kB
Writeback:             0 kB
AnonPages:       1264556 kB
Mapped:           771096 kB
Shmem:             34020 kB
KReclaimable:     528680 kB
Slab:             226552 kB
SReclaimable:      79580 kB
SUnreclaim:       146972 kB
KernelStack:       47376 kB
PageTables:        63836 kB
NFS_Unstable:          0 kB
Bounce:                0 kB
WritebackTmp:          0 kB
CommitLimit:     9202292 kB
Committed_AS:   67501228 kB
VmallocTotal:   263061440 kB
VmallocUsed:      104376 kB
VmallocChunk:          0 kB
Percpu:             7648 kB
CmaTotal:         294912 kB
CmaFree:               0 kB
MemTotal:       12113136 kB
MemFree:          462732 kB
MemAvailable:    7912620 kB
Buffers:            7300 kB
Cached:          7821300 kB
SwapCached:            0 kB
Active:          2106096 kB
Inactive:        6982556 kB
Active(anon):    1163748 kB
Inactive(anon):   134992 kB
Active(file):     942348 kB
Inactive(file):  6847564 kB
Unevictable:        5716 kB
Mlocked:            5716 kB
SwapTotal:       3145724 kB
SwapFree:        3145724 kB
Dirty:               372 kB
Writeback:             0 kB
AnonPages:       1265960 kB
Mapped:           771072 kB
Shmem:             34020 kB
KReclaimable:     528680 kB
Slab:             226632 kB
SReclaimable:      79580 kB
SUnreclaim:       147052 kB
KernelStack:       47328 kB
PageTables:        63636 kB
NFS_Unstable:          0 kB
Bounce:                0 kB
WritebackTmp:          0 kB
CommitLimit:     9202292 kB
Committed_AS:   67502264 kB
VmallocTotal:   263061440 kB
VmallocUsed:      104360 kB
VmallocChunk:          0 kB
Percpu:             7648 kB
CmaTotal:         294912 kB
CmaFree:               0 kB
MemTotal:       12113136 kB
MemFree:          502272 kB
MemAvailable:    7952172 kB
Buffers:            7300 kB
Cached:          7821312 kB
SwapCached:            0 kB
Active:          2063940 kB
Inactive:        6982568 kB
Active(anon):    1121592 kB
Inactive(anon):   134992 kB
Active(file):     942348 kB
Inactive(file):  6847576 kB
Unevictable:        5716 kB
Mlocked:            5716 kB
SwapTotal:       3145724 kB
SwapFree:        3145724 kB
Dirty:               384 kB
Writeback:             0 kB
AnonPages:       1223548 kB
Mapped:           771176 kB
Shmem:             34020 kB
KReclaimable:     528680 kB
Slab:             226608 kB
SReclaimable:      79580 kB
SUnreclaim:       147028 kB
KernelStack:       47280 kB
PageTables:        63628 kB
NFS_Unstable:          0 kB
Bounce:                0 kB
WritebackTmp:          0 kB
CommitLimit:     9202292 kB
Committed_AS:   67503520 kB
VmallocTotal:   263061440 kB
VmallocUsed:      104328 kB
VmallocChunk:          0 kB
Percpu:             7648 kB
CmaTotal:         294912 kB
CmaFree:             388 kB
MemTotal:       12113136 kB
MemFree:          500600 kB
MemAvailable:    7950520 kB
Buffers:            7300 kB
Cached:          7821316 kB
SwapCached:            0 kB
Active:          2063672 kB
Inactive:        6982572 kB
Active(anon):    1121324 kB
Inactive(anon):   134992 kB
Active(file):     942348 kB
Inactive(file):  6847580 kB
Unevictable:        5716 kB
Mlocked:            5716 kB
SwapTotal:       3145724 kB
SwapFree:        3145724 kB
Dirty:               400 kB
Writeback:             0 kB
AnonPages:       1223288 kB
Mapped:           771248 kB
Shmem:             34020 kB
KReclaimable:     528696 kB
Slab:             226632 kB
SReclaimable:      79596 kB
SUnreclaim:       147036 kB
KernelStack:       47280 kB
PageTables:        63640 kB
NFS_Unstable:          0 kB
Bounce:                0 kB
WritebackTmp:          0 kB
CommitLimit:     9202292 kB
Committed_AS:   67500248 kB
VmallocTotal:   263061440 kB
VmallocUsed:      104344 kB
VmallocChunk:          0 kB
Percpu:             7648 kB
CmaTotal:         294912 kB
CmaFree:             260 kB
MemTotal:       12113136 kB
MemFree:          488808 kB
MemAvailable:    7938728 kB
Buffers:            7300 kB
Cached:          7821332 kB
SwapCached:            0 kB
Active:          2079260 kB
Inactive:        6982588 kB
Active(anon):    1136912 kB
Inactive(anon):   134992 kB
Active(file):     942348 kB
Inactive(file):  6847596 kB
Unevictable:        5716 kB
Mlocked:            5716 kB
SwapTotal:       3145724 kB
SwapFree:        3145724 kB
Dirty:               416 kB
Writeback:             0 kB
AnonPages:       1238968 kB
Mapped:           771056 kB
Shmem:             34020 kB
KReclaimable:     528680 kB
Slab:             226608 kB
SReclaimable:      79580 kB
SUnreclaim:       147028 kB
KernelStack:       47312 kB
PageTables:        63820 kB
NFS_Unstable:          0 kB
Bounce:                0 kB
WritebackTmp:          0 kB
CommitLimit:     9202292 kB
Committed_AS:   67487960 kB
VmallocTotal:   263061440 kB
VmallocUsed:      104328 kB
VmallocChunk:          0 kB
Percpu:             7648 kB
CmaTotal:         294912 kB
CmaFree:               0 kB
MemTotal:       12113136 kB
MemFree:          487804 kB
MemAvailable:    7937752 kB
Buffers:            7300 kB
Cached:          7821344 kB
SwapCached:            0 kB
Active:          2079912 kB
Inactive:        6982600 kB
Active(anon):    1137564 kB
Inactive(anon):   134992 kB
Active(file):     942348 kB
Inactive(file):  6847608 kB
Unevictable:        5716 kB
Mlocked:            5716 kB
SwapTotal:       3145724 kB
SwapFree:        3145724 kB
Dirty:               428 kB
Writeback:             0 kB
AnonPages:       1239436 kB
Mapped:           771060 kB
Shmem:             34020 kB
KReclaimable:     528696 kB
Slab:             226632 kB
SReclaimable:      79596 kB
SUnreclaim:       147036 kB
KernelStack:       47312 kB
PageTables:        63684 kB
NFS_Unstable:          0 kB
Bounce:                0 kB
WritebackTmp:          0 kB
CommitLimit:     9202292 kB
Committed_AS:   67495116 kB
VmallocTotal:   263061440 kB
VmallocUsed:      104312 kB
VmallocChunk:          0 kB
Percpu:             7648 kB
CmaTotal:         294912 kB
CmaFree:               0 kB
MemTotal:       12113136 kB
MemFree:          487592 kB
MemAvailable:    7937544 kB
Buffers:            7300 kB
Cached:          7821364 kB
SwapCached:            0 kB
Active:          2079540 kB
Inactive:        6982620 kB
Active(anon):    1137192 kB
Inactive(anon):   134992 kB
Active(file):     942348 kB
Inactive(file):  6847628 kB
Unevictable:        5716 kB
Mlocked:            5716 kB
SwapTotal:       3145724 kB
SwapFree:        3145724 kB
Dirty:               464 kB
Writeback:             0 kB
AnonPages:       1239196 kB
Mapped:           771264 kB
Shmem:             34020 kB
KReclaimable:     528680 kB
Slab:             226600 kB
SReclaimable:      79580 kB
SUnreclaim:       147020 kB
KernelStack:       47312 kB
PageTables:        63636 kB
NFS_Unstable:          0 kB
Bounce:                0 kB
WritebackTmp:          0 kB
CommitLimit:     9202292 kB
Committed_AS:   67487240 kB
VmallocTotal:   263061440 kB
VmallocUsed:      104264 kB
VmallocChunk:          0 kB
Percpu:             7648 kB
CmaTotal:         294912 kB
CmaFree:               0 kB
MemTotal:       12113136 kB
MemFree:          487516 kB
MemAvailable:    7937496 kB
Buffers:            7300 kB
Cached:          7821376 kB
SwapCached:            0 kB
Active:          2078532 kB
Inactive:        6982632 kB
Active(anon):    1136184 kB
Inactive(anon):   134992 kB
Active(file):     942348 kB
Inactive(file):  6847640 kB
Unevictable:        5716 kB
Mlocked:            5716 kB
SwapTotal:       3145724 kB
SwapFree:        3145724 kB
Dirty:               580 kB
Writeback:             0 kB
AnonPages:       1238336 kB
Mapped:           771288 kB
Shmem:             34020 kB
KReclaimable:     528696 kB
Slab:             226632 kB
SReclaimable:      79596 kB
SUnreclaim:       147036 kB
KernelStack:       47312 kB
PageTables:        63632 kB
NFS_Unstable:          0 kB
Bounce:                0 kB
WritebackTmp:          0 kB
CommitLimit:     9202292 kB
Committed_AS:   67474760 kB
VmallocTotal:   263061440 kB
VmallocUsed:      104248 kB
VmallocChunk:          0 kB
Percpu:             7648 kB
CmaTotal:         294912 kB
CmaFree:               0 kB
MemTotal:       12113136 kB
MemFree:          487800 kB
MemAvailable:    7937788 kB
Buffers:            7300 kB
Cached:          7821384 kB
SwapCached:            0 kB
Active:          2079536 kB
Inactive:        6982536 kB
Active(anon):    1137084 kB
Inactive(anon):   134992 kB
Active(file):     942452 kB
Inactive(file):  6847544 kB
Unevictable:        5716 kB
Mlocked:            5716 kB
SwapTotal:       3145724 kB
SwapFree:        3145724 kB
Dirty:               592 kB
Writeback:             0 kB
AnonPages:       1239048 kB
Mapped:           771072 kB
Shmem:             34020 kB
KReclaimable:     528696 kB
Slab:             226624 kB
SReclaimable:      79596 kB
SUnreclaim:       147028 kB
KernelStack:       47328 kB
PageTables:        63748 kB
NFS_Unstable:          0 kB
Bounce:                0 kB
WritebackTmp:          0 kB
CommitLimit:     9202292 kB
Committed_AS:   67475324 kB
VmallocTotal:   263061440 kB
VmallocUsed:      104280 kB
VmallocChunk:          0 kB
Percpu:             7648 kB
CmaTotal:         294912 kB
CmaFree:               0 kB
MemTotal:       12113136 kB
MemFree:          486596 kB
MemAvailable:    7936572 kB
Buffers:            7300 kB
Cached:          7821372 kB
SwapCached:            0 kB
Active:          2080320 kB
Inactive:        6982528 kB
Active(anon):    1137872 kB
Inactive(anon):   134992 kB
Active(file):     942448 kB
Inactive(file):  6847536 kB
Unevictable:        5716 kB
Mlocked:            5716 kB
SwapTotal:       3145724 kB
SwapFree:        3145724 kB
Dirty:               360 kB
Writeback:             4 kB
AnonPages:       1239708 kB
Mapped:           771264 kB
Shmem:             34020 kB
KReclaimable:     528696 kB
Slab:             226648 kB
SReclaimable:      79596 kB
SUnreclaim:       147052 kB
KernelStack:       47264 kB
PageTables:        63584 kB
NFS_Unstable:          0 kB
Bounce:                0 kB
WritebackTmp:          0 kB
CommitLimit:     9202292 kB
Committed_AS:   67485008 kB
VmallocTotal:   263061440 kB
VmallocUsed:      104296 kB
VmallocChunk:          0 kB
Percpu:             7648 kB
CmaTotal:         294912 kB
CmaFree:               0 kB
MemTotal:       12113136 kB
MemFree:          486744 kB
MemAvailable:    7936772 kB
Buffers:            7300 kB
Cached:          7821440 kB
SwapCached:            0 kB
Active:          2080592 kB
Inactive:        6982588 kB
Active(anon):    1138136 kB
Inactive(anon):   134992 kB
Active(file):     942456 kB
Inactive(file):  6847596 kB
Unevictable:        5716 kB
Mlocked:            5716 kB
SwapTotal:       3145724 kB
SwapFree:        3145724 kB
Dirty:               272 kB
Writeback:             0 kB
AnonPages:       1240232 kB
Mapped:           771264 kB
Shmem:             34020 kB
KReclaimable:     528680 kB
Slab:             226640 kB
SReclaimable:      79580 kB
SUnreclaim:       147060 kB
KernelStack:       47264 kB
PageTables:        63584 kB
NFS_Unstable:          0 kB
Bounce:                0 kB
WritebackTmp:          0 kB
CommitLimit:     9202292 kB
Committed_AS:   67479760 kB
VmallocTotal:   263061440 kB
VmallocUsed:      104280 kB
VmallocChunk:          0 kB
Percpu:             7648 kB
CmaTotal:         294912 kB
CmaFree:              12 kB
MemTotal:       12113136 kB
MemFree:          485988 kB
MemAvailable:    7936004 kB
Buffers:            7300 kB
Cached:          7821428 kB
SwapCached:            0 kB
Active:          2081044 kB
Inactive:        6982580 kB
Active(anon):    1138592 kB
Inactive(anon):   134992 kB
Active(file):     942452 kB
Inactive(file):  6847588 kB
Unevictable:        5716 kB
Mlocked:            5716 kB
SwapTotal:       3145724 kB
SwapFree:        3145724 kB
Dirty:               276 kB
Writeback:             0 kB
AnonPages:       1240508 kB
Mapped:           771264 kB
Shmem:             34020 kB
KReclaimable:     528680 kB
Slab:             226640 kB
SReclaimable:      79580 kB
SUnreclaim:       147060 kB
KernelStack:       47284 kB
PageTables:        63584 kB
NFS_Unstable:          0 kB
Bounce:                0 kB
WritebackTmp:          0 kB
CommitLimit:     9202292 kB
Committed_AS:   67481040 kB
VmallocTotal:   263061440 kB
VmallocUsed:      104248 kB
VmallocChunk:          0 kB
Percpu:             7648 kB
CmaTotal:         294912 kB
CmaFree:              12 kB
MemTotal:       12113136 kB
MemFree:          486752 kB
MemAvailable:    7936776 kB
Buffers:            7300 kB
Cached:          7821436 kB
SwapCached:            0 kB
Active:          2082096 kB
Inactive:        6982588 kB
Active(anon):    1139644 kB
Inactive(anon):   134992 kB
Active(file):     942452 kB
Inactive(file):  6847596 kB
Unevictable:        5716 kB
Mlocked:            5716 kB
SwapTotal:       3145724 kB
SwapFree:        3145724 kB
Dirty:               288 kB
Writeback:             0 kB
AnonPages:       1241800 kB
Mapped:           771076 kB
Shmem:             34020 kB
KReclaimable:     528680 kB
Slab:             226640 kB
SReclaimable:      79580 kB
SUnreclaim:       147060 kB
KernelStack:       47280 kB
PageTables:        63660 kB
NFS_Unstable:          0 kB
Bounce:                0 kB
WritebackTmp:          0 kB
CommitLimit:     9202292 kB
Committed_AS:   67479256 kB
VmallocTotal:   263061440 kB
VmallocUsed:      104216 kB
VmallocChunk:          0 kB
Percpu:             7648 kB
CmaTotal:         294912 kB
CmaFree:              44 kB
MemTotal:       12113136 kB
MemFree:          484244 kB
MemAvailable:    7934288 kB
Buffers:            7300 kB
Cached:          7821456 kB
SwapCached:            0 kB
Active:          2083024 kB
Inactive:        6982608 kB
Active(anon):    1140572 kB
Inactive(anon):   134992 kB
Active(file):     942452 kB
Inactive(file):  6847616 kB
Unevictable:        5716 kB
Mlocked:            5716 kB
SwapTotal:       3145724 kB
SwapFree:        3145724 kB
Dirty:               360 kB
Writeback:             0 kB
AnonPages:       1242640 kB
Mapped:           771384 kB
Shmem:             34020 kB
KReclaimable:     528680 kB
Slab:             226648 kB
SReclaimable:      79580 kB
SUnreclaim:       147068 kB
KernelStack:       47284 kB
PageTables:        63916 kB
NFS_Unstable:          0 kB
Bounce:                0 kB
WritebackTmp:          0 kB
CommitLimit:     9202292 kB
Committed_AS:   67482004 kB
VmallocTotal:   263061440 kB
VmallocUsed:      104248 kB
VmallocChunk:          0 kB
Percpu:             7648 kB
CmaTotal:         294912 kB
CmaFree:               0 kB
MemTotal:       12113136 kB
MemFree:          484360 kB
MemAvailable:    7934124 kB
Buffers:            7300 kB
Cached:          7821464 kB
SwapCached:            0 kB
Active:          2083052 kB
Inactive:        6982616 kB
Active(anon):    1140600 kB
Inactive(anon):   134992 kB
Active(file):     942452 kB
Inactive(file):  6847624 kB
Unevictable:        5716 kB
Mlocked:            5716 kB
SwapTotal:       3145724 kB
SwapFree:        3145724 kB
Dirty:               216 kB
Writeback:             0 kB
AnonPages:       1242548 kB
Mapped:           771072 kB
Shmem:             34020 kB
KReclaimable:     528680 kB
Slab:             226608 kB
SReclaimable:      79580 kB
SUnreclaim:       147028 kB
KernelStack:       47264 kB
PageTables:        63760 kB
NFS_Unstable:          0 kB
Bounce:                0 kB
WritebackTmp:          0 kB
CommitLimit:     9202292 kB
Committed_AS:   67481744 kB
VmallocTotal:   263061440 kB
VmallocUsed:      104232 kB
VmallocChunk:          0 kB
Percpu:             7648 kB
CmaTotal:         294912 kB
CmaFree:               0 kB
MemTotal:       12113136 kB
MemFree:          483204 kB
MemAvailable:    7933236 kB
Buffers:            7304 kB
Cached:          7821448 kB
SwapCached:            0 kB
Active:          2082964 kB
Inactive:        6982608 kB
Active(anon):    1140516 kB
Inactive(anon):   135000 kB
Active(file):     942448 kB
Inactive(file):  6847608 kB
Unevictable:        5716 kB
Mlocked:            5716 kB
SwapTotal:       3145724 kB
SwapFree:        3145724 kB
Dirty:               268 kB
Writeback:             0 kB
AnonPages:       1242524 kB
Mapped:           771272 kB
Shmem:             34028 kB
KReclaimable:     528680 kB
Slab:             226608 kB
SReclaimable:      79580 kB
SUnreclaim:       147028 kB
KernelStack:       47232 kB
PageTables:        63588 kB
NFS_Unstable:          0 kB
Bounce:                0 kB
WritebackTmp:          0 kB
CommitLimit:     9202292 kB
Committed_AS:   67484436 kB
VmallocTotal:   263061440 kB
VmallocUsed:      104232 kB
VmallocChunk:          0 kB
Percpu:             7648 kB
CmaTotal:         294912 kB
CmaFree:               0 kB
MemTotal:       12113136 kB
MemFree:          483332 kB
MemAvailable:    7933440 kB
Buffers:            7304 kB
Cached:          7821524 kB
SwapCached:            0 kB
Active:          2082688 kB
Inactive:        6982672 kB
Active(anon):    1140228 kB
Inactive(anon):   135000 kB
Active(file):     942460 kB
Inactive(file):  6847672 kB
Unevictable:        5716 kB
Mlocked:            5716 kB
SwapTotal:       3145724 kB
SwapFree:        3145724 kB
Dirty:               312 kB
Writeback:             0 kB
AnonPages:       1242220 kB
Mapped:           771032 kB
Shmem:             34028 kB
KReclaimable:     528680 kB
Slab:             226616 kB
SReclaimable:      79580 kB
SUnreclaim:       147036 kB
KernelStack:       47264 kB
PageTables:        63656 kB
NFS_Unstable:          0 kB
Bounce:                0 kB
WritebackTmp:          0 kB
CommitLimit:     9202292 kB
Committed_AS:   67489612 kB
VmallocTotal:   263061440 kB
VmallocUsed:      104232 kB
VmallocChunk:          0 kB
Percpu:             7648 kB
CmaTotal:         294912 kB
CmaFree:              36 kB
MemTotal:       12113136 kB
MemFree:          483512 kB
MemAvailable:    7933620 kB
Buffers:            7304 kB
Cached:          7821524 kB
SwapCached:            0 kB
Active:          2083008 kB
Inactive:        6982676 kB
Active(anon):    1140552 kB
Inactive(anon):   135000 kB
Active(file):     942456 kB
Inactive(file):  6847676 kB
Unevictable:        5716 kB
Mlocked:            5716 kB
SwapTotal:       3145724 kB
SwapFree:        3145724 kB
Dirty:               316 kB
Writeback:             0 kB
AnonPages:       1242772 kB
Mapped:           771012 kB
Shmem:             34028 kB
KReclaimable:     528680 kB
Slab:             226600 kB
SReclaimable:      79580 kB
SUnreclaim:       147020 kB
KernelStack:       47216 kB
PageTables:        63548 kB
NFS_Unstable:          0 kB
Bounce:                0 kB
WritebackTmp:          0 kB
CommitLimit:     9202292 kB
Committed_AS:   67480020 kB
VmallocTotal:   263061440 kB
VmallocUsed:      104216 kB
VmallocChunk:          0 kB
Percpu:             7648 kB
CmaTotal:         294912 kB
CmaFree:              12 kB
MemTotal:       12113136 kB
MemFree:          482712 kB
MemAvailable:    7932836 kB
Buffers:            7304 kB
Cached:          7821540 kB
SwapCached:            0 kB
Active:          2083600 kB
Inactive:        6982692 kB
Active(anon):    1141144 kB
Inactive(anon):   135000 kB
Active(file):     942456 kB
Inactive(file):  6847692 kB
Unevictable:        5716 kB
Mlocked:            5716 kB
SwapTotal:       3145724 kB
SwapFree:        3145724 kB
Dirty:               384 kB
Writeback:             0 kB
AnonPages:       1243044 kB
Mapped:           771080 kB
Shmem:             34028 kB
KReclaimable:     528680 kB
Slab:             226608 kB
SReclaimable:      79580 kB
SUnreclaim:       147028 kB
KernelStack:       47248 kB
PageTables:        63684 kB
NFS_Unstable:          0 kB
Bounce:                0 kB
WritebackTmp:          0 kB
CommitLimit:     9202292 kB
Committed_AS:   67484696 kB
VmallocTotal:   263061440 kB
VmallocUsed:      104216 kB
VmallocChunk:          0 kB
Percpu:             7648 kB
CmaTotal:         294912 kB
CmaFree:              28 kB
MemTotal:       12113136 kB
MemFree:          482784 kB
MemAvailable:    7932924 kB
Buffers:            7304 kB
Cached:          7821556 kB
SwapCached:            0 kB
Active:          2084456 kB
Inactive:        6982708 kB
Active(anon):    1142000 kB
Inactive(anon):   135000 kB
Active(file):     942456 kB
Inactive(file):  6847708 kB
Unevictable:        5716 kB
Mlocked:            5716 kB
SwapTotal:       3145724 kB
SwapFree:        3145724 kB
Dirty:               224 kB
Writeback:             0 kB
AnonPages:       1244088 kB
Mapped:           771080 kB
Shmem:             34028 kB
KReclaimable:     528680 kB
Slab:             226600 kB
SReclaimable:      79580 kB
SUnreclaim:       147020 kB
KernelStack:       47232 kB
PageTables:        63632 kB
NFS_Unstable:          0 kB
Bounce:                0 kB
WritebackTmp:          0 kB
CommitLimit:     9202292 kB
Committed_AS:   67494876 kB
VmallocTotal:   263061440 kB
VmallocUsed:      104232 kB
VmallocChunk:          0 kB
Percpu:             7648 kB
CmaTotal:         294912 kB
CmaFree:               0 kB
MemTotal:       12113136 kB
MemFree:          481656 kB
MemAvailable:    7931824 kB
Buffers:            7304 kB
Cached:          7821568 kB
SwapCached:            0 kB
Active:          2084896 kB
Inactive:        6982720 kB
Active(anon):    1142440 kB
Inactive(anon):   135000 kB
Active(file):     942456 kB
Inactive(file):  6847720 kB
Unevictable:        5716 kB
Mlocked:            5716 kB
SwapTotal:       3145724 kB
SwapFree:        3145724 kB
Dirty:               272 kB
Writeback:             0 kB
AnonPages:       1244432 kB
Mapped:           771080 kB
Shmem:             34028 kB
KReclaimable:     528696 kB
Slab:             226624 kB
SReclaimable:      79596 kB
SUnreclaim:       147028 kB
KernelStack:       47232 kB
PageTables:        63752 kB
NFS_Unstable:          0 kB
Bounce:                0 kB
WritebackTmp:          0 kB
CommitLimit:     9202292 kB
Committed_AS:   67494524 kB
VmallocTotal:   263061440 kB
VmallocUsed:      104232 kB
VmallocChunk:          0 kB
Percpu:             7648 kB
CmaTotal:         294912 kB
CmaFree:               0 kB
MemTotal:       12113136 kB
MemFree:          482004 kB
MemAvailable:    7932168 kB
Buffers:            7304 kB
Cached:          7821580 kB
SwapCached:            0 kB
Active:          2085564 kB
Inactive:        6982732 kB
Active(anon):    1143108 kB
Inactive(anon):   135000 kB
Active(file):     942456 kB
Inactive(file):  6847732 kB
Unevictable:        5716 kB
Mlocked:            5716 kB
SwapTotal:       3145724 kB
SwapFree:        3145724 kB
Dirty:               324 kB
Writeback:             0 kB
AnonPages:       1245136 kB
Mapped:           771152 kB
Shmem:             34028 kB
KReclaimable:     528680 kB
Slab:             226608 kB
SReclaimable:      79580 kB
SUnreclaim:       147028 kB
KernelStack:       47216 kB
PageTables:        63648 kB
NFS_Unstable:          0 kB
Bounce:                0 kB
WritebackTmp:          0 kB
CommitLimit:     9202292 kB
Committed_AS:   67494816 kB
VmallocTotal:   263061440 kB
VmallocUsed:      104200 kB
VmallocChunk:          0 kB
Percpu:             7648 kB
CmaTotal:         294912 kB
CmaFree:               0 kB
MemTotal:       12113136 kB
MemFree:          483600 kB
MemAvailable:    7933740 kB
Buffers:            7304 kB
Cached:          7821556 kB
SwapCached:            0 kB
Active:          2084044 kB
Inactive:        6982716 kB
Active(anon):    1141596 kB
Inactive(anon):   135000 kB
Active(file):     942448 kB
Inactive(file):  6847716 kB
Unevictable:        5716 kB
Mlocked:            5716 kB
SwapTotal:       3145724 kB
SwapFree:        3145724 kB
Dirty:               316 kB
Writeback:             0 kB
AnonPages:       1244044 kB
Mapped:           771032 kB
Shmem:             34028 kB
KReclaimable:     528680 kB
Slab:             226608 kB
SReclaimable:      79580 kB
SUnreclaim:       147028 kB
KernelStack:       47248 kB
PageTables:        63648 kB
NFS_Unstable:          0 kB
Bounce:                0 kB
WritebackTmp:          0 kB
CommitLimit:     9202292 kB
Committed_AS:   67494728 kB
VmallocTotal:   263061440 kB
VmallocUsed:      104232 kB
VmallocChunk:          0 kB
Percpu:             7648 kB
CmaTotal:         294912 kB
CmaFree:               0 kB
MemTotal:       12113136 kB
MemFree:          481460 kB
MemAvailable:    7931648 kB
Buffers:            7304 kB
Cached:          7821604 kB
SwapCached:            0 kB
Active:          2085148 kB
Inactive:        6982756 kB
Active(anon):    1142692 kB
Inactive(anon):   135000 kB
Active(file):     942456 kB
Inactive(file):  6847756 kB
Unevictable:        5716 kB
Mlocked:            5716 kB
SwapTotal:       3145724 kB
SwapFree:        3145724 kB
Dirty:               364 kB
Writeback:             0 kB
AnonPages:       1244804 kB
Mapped:           771080 kB
Shmem:             34028 kB
KReclaimable:     528680 kB
Slab:             226608 kB
SReclaimable:      79580 kB
SUnreclaim:       147028 kB
KernelStack:       47248 kB
PageTables:        63724 kB
NFS_Unstable:          0 kB
Bounce:                0 kB
WritebackTmp:          0 kB
CommitLimit:     9202292 kB
Committed_AS:   67485068 kB
VmallocTotal:   263061440 kB
VmallocUsed:      104200 kB
VmallocChunk:          0 kB
Percpu:             7648 kB
CmaTotal:         294912 kB
CmaFree:               0 kB
MemTotal:       12113136 kB
MemFree:          480808 kB
MemAvailable:    7931004 kB
Buffers:            7304 kB
Cached:          7821612 kB
SwapCached:            0 kB
Active:          2085300 kB
Inactive:        6982764 kB
Active(anon):    1142844 kB
Inactive(anon):   135000 kB
Active(file):     942456 kB
Inactive(file):  6847764 kB
Unevictable:        5716 kB
Mlocked:            5716 kB
SwapTotal:       3145724 kB
SwapFree:        3145724 kB
Dirty:               372 kB
Writeback:             0 kB
AnonPages:       1244816 kB
Mapped:           771080 kB
Shmem:             34028 kB
KReclaimable:     528680 kB
Slab:             226608 kB
SReclaimable:      79580 kB
SUnreclaim:       147028 kB
KernelStack:       47200 kB
PageTables:        63628 kB
NFS_Unstable:          0 kB
Bounce:                0 kB
WritebackTmp:          0 kB
CommitLimit:     9202292 kB
Committed_AS:   67488084 kB
VmallocTotal:   263061440 kB
VmallocUsed:      104200 kB
VmallocChunk:          0 kB
Percpu:             7648 kB
CmaTotal:         294912 kB
CmaFree:               0 kB
MemTotal:       12113136 kB
MemFree:          480828 kB
MemAvailable:    7931052 kB
Buffers:            7304 kB
Cached:          7821640 kB
SwapCached:            0 kB
Active:          2086008 kB
Inactive:        6982792 kB
Active(anon):    1143552 kB
Inactive(anon):   135000 kB
Active(file):     942456 kB
Inactive(file):  6847792 kB
Unevictable:        5716 kB
Mlocked:            5716 kB
SwapTotal:       3145724 kB
SwapFree:        3145724 kB
Dirty:               284 kB
Writeback:             0 kB
AnonPages:       1245400 kB
Mapped:           771080 kB
Shmem:             34028 kB
KReclaimable:     528680 kB
Slab:             226616 kB
SReclaimable:      79580 kB
SUnreclaim:       147036 kB
KernelStack:       47184 kB
PageTables:        63588 kB
NFS_Unstable:          0 kB
Bounce:                0 kB
WritebackTmp:          0 kB
CommitLimit:     9202292 kB
Committed_AS:   67484908 kB
VmallocTotal:   263061440 kB
VmallocUsed:      104200 kB
VmallocChunk:          0 kB
Percpu:             7648 kB
CmaTotal:         294912 kB
CmaFree:               0 kB
MemTotal:       12113136 kB
MemFree:          479436 kB
MemAvailable:    7929668 kB
Buffers:            7304 kB
Cached:          7821648 kB
SwapCached:            0 kB
Active:          2086624 kB
Inactive:        6982800 kB
Active(anon):    1144168 kB
Inactive(anon):   135000 kB
Active(file):     942456 kB
Inactive(file):  6847800 kB
Unevictable:        5716 kB
Mlocked:            5716 kB
SwapTotal:       3145724 kB
SwapFree:        3145724 kB
Dirty:               300 kB
Writeback:             0 kB
AnonPages:       1246192 kB
Mapped:           771036 kB
Shmem:             34028 kB
KReclaimable:     528680 kB
Slab:             226584 kB
SReclaimable:      79580 kB
SUnreclaim:       147004 kB
KernelStack:       47232 kB
PageTables:        63632 kB
NFS_Unstable:          0 kB
Bounce:                0 kB
WritebackTmp:          0 kB
CommitLimit:     9202292 kB
Committed_AS:   67491024 kB
VmallocTotal:   263061440 kB
VmallocUsed:      104216 kB
VmallocChunk:          0 kB
Percpu:             7648 kB
CmaTotal:         294912 kB
CmaFree:               0 kB
MemTotal:       12113136 kB
MemFree:          479788 kB
MemAvailable:    7930020 kB
Buffers:            7304 kB
Cached:          7821648 kB
SwapCached:            0 kB
Active:          2087480 kB
Inactive:        6982804 kB
Active(anon):    1145028 kB
Inactive(anon):   135000 kB
Active(file):     942452 kB
Inactive(file):  6847804 kB
Unevictable:        5716 kB
Mlocked:            5716 kB
SwapTotal:       3145724 kB
SwapFree:        3145724 kB
Dirty:               308 kB
Writeback:             0 kB
AnonPages:       1247160 kB
Mapped:           771152 kB
Shmem:             34028 kB
KReclaimable:     528680 kB
Slab:             226584 kB
SReclaimable:      79580 kB
SUnreclaim:       147004 kB
KernelStack:       47200 kB
PageTables:        63652 kB
NFS_Unstable:          0 kB
Bounce:                0 kB
WritebackTmp:          0 kB
CommitLimit:     9202292 kB
Committed_AS:   67484784 kB
VmallocTotal:   263061440 kB
VmallocUsed:      104200 kB
VmallocChunk:          0 kB
Percpu:             7648 kB
CmaTotal:         294912 kB
CmaFree:               0 kB
MemTotal:       12113136 kB
MemFree:          478616 kB
MemAvailable:    7928876 kB
Buffers:            7304 kB
Cached:          7821676 kB
SwapCached:            0 kB
Active:          2087420 kB
Inactive:        6982828 kB
Active(anon):    1144964 kB
Inactive(anon):   135000 kB
Active(file):     942456 kB
Inactive(file):  6847828 kB
Unevictable:        5716 kB
Mlocked:            5716 kB
SwapTotal:       3145724 kB
SwapFree:        3145724 kB
Dirty:               352 kB
Writeback:             0 kB
AnonPages:       1247172 kB
Mapped:           771168 kB
Shmem:             34028 kB
KReclaimable:     528680 kB
Slab:             226632 kB
SReclaimable:      79580 kB
SUnreclaim:       147052 kB
KernelStack:       47216 kB
PageTables:        63600 kB
NFS_Unstable:          0 kB
Bounce:                0 kB
WritebackTmp:          0 kB
CommitLimit:     9202292 kB
Committed_AS:   67489980 kB
VmallocTotal:   263061440 kB
VmallocUsed:      104184 kB
VmallocChunk:          0 kB
Percpu:             7648 kB
CmaTotal:         294912 kB
CmaFree:             112 kB
MemTotal:       12113136 kB
MemFree:          478736 kB
MemAvailable:    7929012 kB
Buffers:            7304 kB
Cached:          7821692 kB
SwapCached:            0 kB
Active:          2088184 kB
Inactive:        6982840 kB
Active(anon):    1145724 kB
Inactive(anon):   135000 kB
Active(file):     942460 kB
Inactive(file):  6847840 kB
Unevictable:        5716 kB
Mlocked:            5716 kB
SwapTotal:       3145724 kB
SwapFree:        3145724 kB
Dirty:               364 kB
Writeback:             0 kB
AnonPages:       1247748 kB
Mapped:           771272 kB
Shmem:             34028 kB
KReclaimable:     528680 kB
Slab:             226608 kB
SReclaimable:      79580 kB
SUnreclaim:       147028 kB
KernelStack:       47236 kB
PageTables:        63532 kB
NFS_Unstable:          0 kB
Bounce:                0 kB
WritebackTmp:          0 kB
CommitLimit:     9202292 kB
Committed_AS:   67494912 kB
VmallocTotal:   263061440 kB
VmallocUsed:      104232 kB
VmallocChunk:          0 kB
Percpu:             7648 kB
CmaTotal:         294912 kB
CmaFree:              20 kB
MemTotal:       12113136 kB
MemFree:          478616 kB
MemAvailable:    7928896 kB
Buffers:            7304 kB
Cached:          7821696 kB
SwapCached:            0 kB
Active:          2088084 kB
Inactive:        6982848 kB
Active(anon):    1145628 kB
Inactive(anon):   135000 kB
Active(file):     942456 kB
Inactive(file):  6847848 kB
Unevictable:        5716 kB
Mlocked:            5716 kB
SwapTotal:       3145724 kB
SwapFree:        3145724 kB
Dirty:               372 kB
Writeback:             0 kB
AnonPages:       1248004 kB
Mapped:           771272 kB
Shmem:             34028 kB
KReclaimable:     528680 kB
Slab:             226632 kB
SReclaimable:      79580 kB
SUnreclaim:       147052 kB
KernelStack:       47232 kB
PageTables:        63680 kB
NFS_Unstable:          0 kB
Bounce:                0 kB
WritebackTmp:          0 kB
CommitLimit:     9202292 kB
Committed_AS:   67490452 kB
VmallocTotal:   263061440 kB
VmallocUsed:      104200 kB
VmallocChunk:          0 kB
Percpu:             7648 kB
CmaTotal:         294912 kB
CmaFree:             148 kB
MemTotal:       12113136 kB
MemFree:          477404 kB
MemAvailable:    7927716 kB
Buffers:            7308 kB
Cached:          7821724 kB
SwapCached:            0 kB
Active:          2090108 kB
Inactive:        6982876 kB
Active(anon):    1147648 kB
Inactive(anon):   135000 kB
Active(file):     942460 kB
Inactive(file):  6847876 kB
Unevictable:        5716 kB
Mlocked:            5716 kB
SwapTotal:       3145724 kB
SwapFree:        3145724 kB
Dirty:               384 kB
Writeback:             0 kB
AnonPages:       1249596 kB
Mapped:           771272 kB
Shmem:             34028 kB
KReclaimable:     528680 kB
Slab:             226608 kB
SReclaimable:      79580 kB
SUnreclaim:       147028 kB
KernelStack:       47264 kB
PageTables:        63588 kB
NFS_Unstable:          0 kB
Bounce:                0 kB
WritebackTmp:          0 kB
CommitLimit:     9202292 kB
Committed_AS:   67490860 kB
VmallocTotal:   263061440 kB
VmallocUsed:      104280 kB
VmallocChunk:          0 kB
Percpu:             7648 kB
CmaTotal:         294912 kB
CmaFree:               0 kB
MemTotal:       12113136 kB
MemFree:          473764 kB
MemAvailable:    7924092 kB
Buffers:            7308 kB
Cached:          7821740 kB
SwapCached:            0 kB
Active:          2094932 kB
Inactive:        6982892 kB
Active(anon):    1152472 kB
Inactive(anon):   135000 kB
Active(file):     942460 kB
Inactive(file):  6847892 kB
Unevictable:        5716 kB
Mlocked:            5716 kB
SwapTotal:       3145724 kB
SwapFree:        3145724 kB
Dirty:               400 kB
Writeback:             0 kB
AnonPages:       1254828 kB
Mapped:           771272 kB
Shmem:             34028 kB
KReclaimable:     528680 kB
Slab:             226608 kB
SReclaimable:      79580 kB
SUnreclaim:       147028 kB
KernelStack:       47296 kB
PageTables:        63632 kB
NFS_Unstable:          0 kB
Bounce:                0 kB
WritebackTmp:          0 kB
CommitLimit:     9202292 kB
Committed_AS:   67495164 kB
VmallocTotal:   263061440 kB
VmallocUsed:      104264 kB
VmallocChunk:          0 kB
Percpu:             7648 kB
CmaTotal:         294912 kB
CmaFree:               0 kB
MemTotal:       12113136 kB
MemFree:          460820 kB
MemAvailable:    7911184 kB
Buffers:            7308 kB
Cached:          7821776 kB
SwapCached:            0 kB
Active:          2106284 kB
Inactive:        6982924 kB
Active(anon):    1163820 kB
Inactive(anon):   135000 kB
Active(file):     942464 kB
Inactive(file):  6847924 kB
Unevictable:        5716 kB
Mlocked:            5716 kB
SwapTotal:       3145724 kB
SwapFree:        3145724 kB
Dirty:               420 kB
Writeback:             0 kB
AnonPages:       1266336 kB
Mapped:           771272 kB
Shmem:             34028 kB
KReclaimable:     528680 kB
Slab:             226624 kB
SReclaimable:      79580 kB
SUnreclaim:       147044 kB
KernelStack:       47264 kB
PageTables:        63632 kB
NFS_Unstable:          0 kB
Bounce:                0 kB
WritebackTmp:          0 kB
CommitLimit:     9202292 kB
Committed_AS:   67495084 kB
VmallocTotal:   263061440 kB
VmallocUsed:      104264 kB
VmallocChunk:          0 kB
Percpu:             7648 kB
CmaTotal:         294912 kB
CmaFree:              60 kB
MemTotal:       12113136 kB
MemFree:          450300 kB
MemAvailable:    7900652 kB
Buffers:            7308 kB
Cached:          7821984 kB
SwapCached:            0 kB
Active:          2117524 kB
Inactive:        6983132 kB
Active(anon):    1175064 kB
Inactive(anon):   135216 kB
Active(file):     942460 kB
Inactive(file):  6847916 kB
Unevictable:        5716 kB
Mlocked:            5716 kB
SwapTotal:       3145724 kB
SwapFree:        3145724 kB
Dirty:               452 kB
Writeback:             0 kB
AnonPages:       1276856 kB
Mapped:           771496 kB
Shmem:             34248 kB
KReclaimable:     528680 kB
Slab:             226584 kB
SReclaimable:      79580 kB
SUnreclaim:       147004 kB
KernelStack:       47264 kB
PageTables:        63716 kB
NFS_Unstable:          0 kB
Bounce:                0 kB
WritebackTmp:          0 kB
CommitLimit:     9202292 kB
Committed_AS:   67487340 kB
VmallocTotal:   263061440 kB
VmallocUsed:      104280 kB
VmallocChunk:          0 kB
Percpu:             7648 kB
CmaTotal:         294912 kB
CmaFree:               0 kB
MemTotal:       12113136 kB
MemFree:          489840 kB
MemAvailable:    7940208 kB
Buffers:            7308 kB
Cached:          7821780 kB
SwapCached:            0 kB
Active:          2077672 kB
Inactive:        6982932 kB
Active(anon):    1135212 kB
Inactive(anon):   135000 kB
Active(file):     942460 kB
Inactive(file):  6847932 kB
Unevictable:        5716 kB
Mlocked:            5716 kB
SwapTotal:       3145724 kB
SwapFree:        3145724 kB
Dirty:               468 kB
Writeback:             0 kB
AnonPages:       1237244 kB
Mapped:           771084 kB
Shmem:             34028 kB
KReclaimable:     528680 kB
Slab:             226608 kB
SReclaimable:      79580 kB
SUnreclaim:       147028 kB
KernelStack:       47280 kB
PageTables:        63628 kB
NFS_Unstable:          0 kB
Bounce:                0 kB
WritebackTmp:          0 kB
CommitLimit:     9202292 kB
Committed_AS:   67485096 kB
VmallocTotal:   263061440 kB
VmallocUsed:      104232 kB
VmallocChunk:          0 kB
Percpu:             7648 kB
CmaTotal:         294912 kB
CmaFree:             248 kB
MemTotal:       12113136 kB
MemFree:          483552 kB
MemAvailable:    7933928 kB
Buffers:            7308 kB
Cached:          7821788 kB
SwapCached:            0 kB
Active:          2084388 kB
Inactive:        6982940 kB
Active(anon):    1141928 kB
Inactive(anon):   135000 kB
Active(file):     942460 kB
Inactive(file):  6847940 kB
Unevictable:        5716 kB
Mlocked:            5716 kB
SwapTotal:       3145724 kB
SwapFree:        3145724 kB
Dirty:               476 kB
Writeback:             0 kB
AnonPages:       1243660 kB
Mapped:           771272 kB
Shmem:             34028 kB
KReclaimable:     528680 kB
Slab:             226592 kB
SReclaimable:      79580 kB
SUnreclaim:       147012 kB
KernelStack:       47248 kB
PageTables:        63572 kB
NFS_Unstable:          0 kB
Bounce:                0 kB
WritebackTmp:          0 kB
CommitLimit:     9202292 kB
Committed_AS:   67484164 kB
VmallocTotal:   263061440 kB
VmallocUsed:      104248 kB
VmallocChunk:          0 kB
Percpu:             7648 kB
CmaTotal:         294912 kB
CmaFree:               0 kB
MemTotal:       12113136 kB
MemFree:          482480 kB
MemAvailable:    7932872 kB
Buffers:            7308 kB
Cached:          7821804 kB
SwapCached:            0 kB
Active:          2084912 kB
Inactive:        6982956 kB
Active(anon):    1142452 kB
Inactive(anon):   135000 kB
Active(file):     942460 kB
Inactive(file):  6847956 kB
Unevictable:        5716 kB
Mlocked:            5716 kB
SwapTotal:       3145724 kB
SwapFree:        3145724 kB
Dirty:               504 kB
Writeback:             0 kB
AnonPages:       1244380 kB
Mapped:           771272 kB
Shmem:             34028 kB
KReclaimable:     528680 kB
Slab:             226616 kB
SReclaimable:      79580 kB
SUnreclaim:       147036 kB
KernelStack:       47248 kB
PageTables:        63580 kB
NFS_Unstable:          0 kB
Bounce:                0 kB
WritebackTmp:          0 kB
CommitLimit:     9202292 kB
Committed_AS:   67490556 kB
VmallocTotal:   263061440 kB
VmallocUsed:      104264 kB
VmallocChunk:          0 kB
Percpu:             7648 kB
CmaTotal:         294912 kB
CmaFree:               0 kB
MemTotal:       12113136 kB
MemFree:          481404 kB
MemAvailable:    7931816 kB
Buffers:            7308 kB
Cached:          7821824 kB
SwapCached:            0 kB
Active:          2085180 kB
Inactive:        6982976 kB
Active(anon):    1142720 kB
Inactive(anon):   135000 kB
Active(file):     942460 kB
Inactive(file):  6847976 kB
Unevictable:        5716 kB
Mlocked:            5716 kB
SwapTotal:       3145724 kB
SwapFree:        3145724 kB
Dirty:               524 kB
Writeback:             0 kB
AnonPages:       1244888 kB
Mapped:           771084 kB
Shmem:             34028 kB
KReclaimable:     528680 kB
Slab:             226600 kB
SReclaimable:      79580 kB
SUnreclaim:       147020 kB
KernelStack:       47248 kB
PageTables:        63624 kB
NFS_Unstable:          0 kB
Bounce:                0 kB
WritebackTmp:          0 kB
CommitLimit:     9202292 kB
Committed_AS:   67490692 kB
VmallocTotal:   263061440 kB
VmallocUsed:      104296 kB
VmallocChunk:          0 kB
Percpu:             7648 kB
CmaTotal:         294912 kB
CmaFree:               0 kB
MemTotal:       12113136 kB
MemFree:          480900 kB
MemAvailable:    7931320 kB
Buffers:            7308 kB
Cached:          7821832 kB
SwapCached:            0 kB
Active:          2086180 kB
Inactive:        6982984 kB
Active(anon):    1143720 kB
Inactive(anon):   135000 kB
Active(file):     942460 kB
Inactive(file):  6847984 kB
Unevictable:        5716 kB
Mlocked:            5716 kB
SwapTotal:       3145724 kB
SwapFree:        3145724 kB
Dirty:               532 kB
Writeback:             0 kB
AnonPages:       1245824 kB
Mapped:           771272 kB
Shmem:             34028 kB
KReclaimable:     528680 kB
Slab:             226616 kB
SReclaimable:      79580 kB
SUnreclaim:       147036 kB
KernelStack:       47300 kB
PageTables:        63584 kB
NFS_Unstable:          0 kB
Bounce:                0 kB
WritebackTmp:          0 kB
CommitLimit:     9202292 kB
Committed_AS:   67495252 kB
VmallocTotal:   263061440 kB
VmallocUsed:      104312 kB
VmallocChunk:          0 kB
Percpu:             7648 kB
CmaTotal:         294912 kB
CmaFree:               0 kB
MemTotal:       12113136 kB
MemFree:          481304 kB
MemAvailable:    7931740 kB
Buffers:            7308 kB
Cached:          7821848 kB
SwapCached:            0 kB
Active:          2086296 kB
Inactive:        6983000 kB
Active(anon):    1143836 kB
Inactive(anon):   135000 kB
Active(file):     942460 kB
Inactive(file):  6848000 kB
Unevictable:        5716 kB
Mlocked:            5716 kB
SwapTotal:       3145724 kB
SwapFree:        3145724 kB
Dirty:               292 kB
Writeback:             0 kB
AnonPages:       1246056 kB
Mapped:           771080 kB
Shmem:             34028 kB
KReclaimable:     528680 kB
Slab:             226608 kB
SReclaimable:      79580 kB
SUnreclaim:       147028 kB
KernelStack:       47264 kB
PageTables:        63616 kB
NFS_Unstable:          0 kB
Bounce:                0 kB
WritebackTmp:          0 kB
CommitLimit:     9202292 kB
Committed_AS:   67490360 kB
VmallocTotal:   263061440 kB
VmallocUsed:      104296 kB
VmallocChunk:          0 kB
Percpu:             7648 kB
CmaTotal:         294912 kB
CmaFree:               0 kB
MemTotal:       12113136 kB
MemFree:          477788 kB
MemAvailable:    7928468 kB
Buffers:            7308 kB
Cached:          7822096 kB
SwapCached:            0 kB
Active:          2087512 kB
Inactive:        6983252 kB
Active(anon):    1145056 kB
Inactive(anon):   135004 kB
Active(file):     942456 kB
Inactive(file):  6848248 kB
Unevictable:        5716 kB
Mlocked:            5716 kB
SwapTotal:       3145724 kB
SwapFree:        3145724 kB
Dirty:               296 kB
Writeback:             0 kB
AnonPages:       1247228 kB
Mapped:           771280 kB
Shmem:             34032 kB
KReclaimable:     528680 kB
Slab:             226608 kB
SReclaimable:      79580 kB
SUnreclaim:       147028 kB
KernelStack:       47248 kB
PageTables:        63580 kB
NFS_Unstable:          0 kB
Bounce:                0 kB
WritebackTmp:          0 kB
CommitLimit:     9202292 kB
Committed_AS:   67495852 kB
VmallocTotal:   263061440 kB
VmallocUsed:      104264 kB
VmallocChunk:          0 kB
Percpu:             7648 kB
CmaTotal:         294912 kB
CmaFree:               0 kB
MemTotal:       12113136 kB
MemFree:          477336 kB
MemAvailable:    7928032 kB
Buffers:            7308 kB
Cached:          7822096 kB
SwapCached:            0 kB
Active:          2088052 kB
Inactive:        6983252 kB
Active(anon):    1145596 kB
Inactive(anon):   135004 kB
Active(file):     942456 kB
Inactive(file):  6848248 kB
Unevictable:        5716 kB
Mlocked:            5716 kB
SwapTotal:       3145724 kB
SwapFree:        3145724 kB
Dirty:               336 kB
Writeback:             0 kB
AnonPages:       1247744 kB
Mapped:           771092 kB
Shmem:             34032 kB
KReclaimable:     528696 kB
Slab:             226624 kB
SReclaimable:      79596 kB
SUnreclaim:       147028 kB
KernelStack:       47312 kB
PageTables:        63692 kB
NFS_Unstable:          0 kB
Bounce:                0 kB
WritebackTmp:          0 kB
CommitLimit:     9202292 kB
Committed_AS:   67495636 kB
VmallocTotal:   263061440 kB
VmallocUsed:      104248 kB
VmallocChunk:          0 kB
Percpu:             7648 kB
CmaTotal:         294912 kB
CmaFree:               0 kB
MemTotal:       12113136 kB
MemFree:          476188 kB
MemAvailable:    7926912 kB
Buffers:            7308 kB
Cached:          7822124 kB
SwapCached:            0 kB
Active:          2088868 kB
Inactive:        6983276 kB
Active(anon):    1146408 kB
Inactive(anon):   135004 kB
Active(file):     942460 kB
Inactive(file):  6848272 kB
Unevictable:        5716 kB
Mlocked:            5716 kB
SwapTotal:       3145724 kB
SwapFree:        3145724 kB
Dirty:               344 kB
Writeback:             0 kB
AnonPages:       1248336 kB
Mapped:           771092 kB
Shmem:             34032 kB
KReclaimable:     528696 kB
Slab:             226648 kB
SReclaimable:      79596 kB
SUnreclaim:       147052 kB
KernelStack:       47264 kB
PageTables:        63636 kB
NFS_Unstable:          0 kB
Bounce:                0 kB
WritebackTmp:          0 kB
CommitLimit:     9202292 kB
Committed_AS:   67495384 kB
VmallocTotal:   263061440 kB
VmallocUsed:      104232 kB
VmallocChunk:          0 kB
Percpu:             7648 kB
CmaTotal:         294912 kB
CmaFree:               0 kB
MemTotal:       12113136 kB
MemFree:          475348 kB
MemAvailable:    7926092 kB
Buffers:            7308 kB
Cached:          7822144 kB
SwapCached:            0 kB
Active:          2088800 kB
Inactive:        6983296 kB
Active(anon):    1146340 kB
Inactive(anon):   135004 kB
Active(file):     942460 kB
Inactive(file):  6848292 kB
Unevictable:        5716 kB
Mlocked:            5716 kB
SwapTotal:       3145724 kB
SwapFree:        3145724 kB
Dirty:               392 kB
Writeback:             0 kB
AnonPages:       1248588 kB
Mapped:           771088 kB
Shmem:             34032 kB
KReclaimable:     528696 kB
Slab:             226616 kB
SReclaimable:      79596 kB
SUnreclaim:       147020 kB
KernelStack:       47264 kB
PageTables:        63628 kB
NFS_Unstable:          0 kB
Bounce:                0 kB
WritebackTmp:          0 kB
CommitLimit:     9202292 kB
Committed_AS:   67495464 kB
VmallocTotal:   263061440 kB
VmallocUsed:      104280 kB
VmallocChunk:          0 kB
Percpu:             7648 kB
CmaTotal:         294912 kB
CmaFree:               0 kB
MemTotal:       12113136 kB
MemFree:          474524 kB
MemAvailable:    7925288 kB
Buffers:            7316 kB
Cached:          7822156 kB
SwapCached:            0 kB
Active:          2089884 kB
Inactive:        6983308 kB
Active(anon):    1147416 kB
Inactive(anon):   135004 kB
Active(file):     942468 kB
Inactive(file):  6848304 kB
Unevictable:        5716 kB
Mlocked:            5716 kB
SwapTotal:       3145724 kB
SwapFree:        3145724 kB
Dirty:               280 kB
Writeback:             0 kB
AnonPages:       1248988 kB
Mapped:           771092 kB
Shmem:             34032 kB
KReclaimable:     528696 kB
Slab:             226656 kB
SReclaimable:      79596 kB
SUnreclaim:       147060 kB
KernelStack:       47312 kB
PageTables:        63700 kB
NFS_Unstable:          0 kB
Bounce:                0 kB
WritebackTmp:          0 kB
CommitLimit:     9202292 kB
Committed_AS:   67495420 kB
VmallocTotal:   263061440 kB
VmallocUsed:      104232 kB
VmallocChunk:          0 kB
Percpu:             7648 kB
CmaTotal:         294912 kB
CmaFree:               0 kB
MemTotal:       12113136 kB
MemFree:          474008 kB
MemAvailable:    7924804 kB
Buffers:            7316 kB
Cached:          7822188 kB
SwapCached:            0 kB
Active:          2090720 kB
Inactive:        6983340 kB
Active(anon):    1148252 kB
Inactive(anon):   135004 kB
Active(file):     942468 kB
Inactive(file):  6848336 kB
Unevictable:        5716 kB
Mlocked:            5716 kB
SwapTotal:       3145724 kB
SwapFree:        3145724 kB
Dirty:               316 kB
Writeback:             0 kB
AnonPages:       1250492 kB
Mapped:           771040 kB
Shmem:             34032 kB
KReclaimable:     528696 kB
Slab:             226624 kB
SReclaimable:      79596 kB
SUnreclaim:       147028 kB
KernelStack:       47296 kB
PageTables:        63652 kB
NFS_Unstable:          0 kB
Bounce:                0 kB
WritebackTmp:          0 kB
CommitLimit:     9202292 kB
Committed_AS:   67489692 kB
VmallocTotal:   263061440 kB
VmallocUsed:      104264 kB
VmallocChunk:          0 kB
Percpu:             7648 kB
CmaTotal:         294912 kB
CmaFree:               0 kB
MemTotal:       12113136 kB
MemFree:          473644 kB
MemAvailable:    7924452 kB
Buffers:            7316 kB
Cached:          7822200 kB
SwapCached:            0 kB
Active:          2091292 kB
Inactive:        6983352 kB
Active(anon):    1148824 kB
Inactive(anon):   135004 kB
Active(file):     942468 kB
Inactive(file):  6848348 kB
Unevictable:        5716 kB
Mlocked:            5716 kB
SwapTotal:       3145724 kB
SwapFree:        3145724 kB
Dirty:               328 kB
Writeback:             0 kB
AnonPages:       1250916 kB
Mapped:           771088 kB
Shmem:             34032 kB
KReclaimable:     528696 kB
Slab:             226664 kB
SReclaimable:      79596 kB
SUnreclaim:       147068 kB
KernelStack:       47264 kB
PageTables:        63636 kB
NFS_Unstable:          0 kB
Bounce:                0 kB
WritebackTmp:          0 kB
CommitLimit:     9202292 kB
Committed_AS:   67489604 kB
VmallocTotal:   263061440 kB
VmallocUsed:      104248 kB
VmallocChunk:          0 kB
Percpu:             7648 kB
CmaTotal:         294912 kB
CmaFree:               0 kB
MemTotal:       12113136 kB
MemFree:          474440 kB
MemAvailable:    7925248 kB
Buffers:            7316 kB
Cached:          7822200 kB
SwapCached:            0 kB
Active:          2091148 kB
Inactive:        6983356 kB
Active(anon):    1148684 kB
Inactive(anon):   135004 kB
Active(file):     942464 kB
Inactive(file):  6848352 kB
Unevictable:        5716 kB
Mlocked:            5716 kB
SwapTotal:       3145724 kB
SwapFree:        3145724 kB
Dirty:               340 kB
Writeback:             0 kB
AnonPages:       1250616 kB
Mapped:           771188 kB
Shmem:             34032 kB
KReclaimable:     528696 kB
Slab:             226616 kB
SReclaimable:      79596 kB
SUnreclaim:       147020 kB
KernelStack:       47280 kB
PageTables:        63656 kB
NFS_Unstable:          0 kB
Bounce:                0 kB
WritebackTmp:          0 kB
CommitLimit:     9202292 kB
Committed_AS:   67486364 kB
VmallocTotal:   263061440 kB
VmallocUsed:      104264 kB
VmallocChunk:          0 kB
Percpu:             7648 kB
CmaTotal:         294912 kB
CmaFree:               0 kB
MemTotal:       12113136 kB
MemFree:          473076 kB
MemAvailable:    7923904 kB
Buffers:            7316 kB
Cached:          7822220 kB
SwapCached:            0 kB
Active:          2091788 kB
Inactive:        6983372 kB
Active(anon):    1149320 kB
Inactive(anon):   135004 kB
Active(file):     942468 kB
Inactive(file):  6848368 kB
Unevictable:        5716 kB
Mlocked:            5716 kB
SwapTotal:       3145724 kB
SwapFree:        3145724 kB
Dirty:               360 kB
Writeback:             0 kB
AnonPages:       1251308 kB
Mapped:           771280 kB
Shmem:             34032 kB
KReclaimable:     528696 kB
Slab:             226648 kB
SReclaimable:      79596 kB
SUnreclaim:       147052 kB
KernelStack:       47264 kB
PageTables:        63568 kB
NFS_Unstable:          0 kB
Bounce:                0 kB
WritebackTmp:          0 kB
CommitLimit:     9202292 kB
Committed_AS:   67486412 kB
VmallocTotal:   263061440 kB
VmallocUsed:      104248 kB
VmallocChunk:          0 kB
Percpu:             7648 kB
CmaTotal:         294912 kB
CmaFree:               0 kB
MemTotal:       12113136 kB
MemFree:          472764 kB
MemAvailable:    7923604 kB
Buffers:            7316 kB
Cached:          7822232 kB
SwapCached:            0 kB
Active:          2091308 kB
Inactive:        6983388 kB
Active(anon):    1148844 kB
Inactive(anon):   135004 kB
Active(file):     942464 kB
Inactive(file):  6848384 kB
Unevictable:        5716 kB
Mlocked:            5716 kB
SwapTotal:       3145724 kB
SwapFree:        3145724 kB
Dirty:               240 kB
Writeback:             0 kB
AnonPages:       1250992 kB
Mapped:           771088 kB
Shmem:             34032 kB
KReclaimable:     528696 kB
Slab:             226616 kB
SReclaimable:      79596 kB
SUnreclaim:       147020 kB
KernelStack:       47264 kB
PageTables:        63712 kB
NFS_Unstable:          0 kB
Bounce:                0 kB
WritebackTmp:          0 kB
CommitLimit:     9202292 kB
Committed_AS:   67485404 kB
VmallocTotal:   263061440 kB
VmallocUsed:      104248 kB
VmallocChunk:          0 kB
Percpu:             7648 kB
CmaTotal:         294912 kB
CmaFree:              32 kB
MemTotal:       12113136 kB
MemFree:          473404 kB
MemAvailable:    7924264 kB
Buffers:            7316 kB
Cached:          7822252 kB
SwapCached:            0 kB
Active:          2091000 kB
Inactive:        6983404 kB
Active(anon):    1148532 kB
Inactive(anon):   135004 kB
Active(file):     942468 kB
Inactive(file):  6848400 kB
Unevictable:        5716 kB
Mlocked:            5716 kB
SwapTotal:       3145724 kB
SwapFree:        3145724 kB
Dirty:               312 kB
Writeback:             0 kB
AnonPages:       1250868 kB
Mapped:           771280 kB
Shmem:             34032 kB
KReclaimable:     528696 kB
Slab:             226656 kB
SReclaimable:      79596 kB
SUnreclaim:       147060 kB
KernelStack:       47248 kB
PageTables:        63584 kB
NFS_Unstable:          0 kB
Bounce:                0 kB
WritebackTmp:          0 kB
CommitLimit:     9202292 kB
Committed_AS:   67485276 kB
VmallocTotal:   263061440 kB
VmallocUsed:      104280 kB
VmallocChunk:          0 kB
Percpu:             7648 kB
CmaTotal:         294912 kB
CmaFree:               0 kB
MemTotal:       12113136 kB
MemFree:          500708 kB
MemAvailable:    7951580 kB
Buffers:            7316 kB
Cached:          7822264 kB
SwapCached:            0 kB
Active:          2062940 kB
Inactive:        6983416 kB
Active(anon):    1120472 kB
Inactive(anon):   135004 kB
Active(file):     942468 kB
Inactive(file):  6848412 kB
Unevictable:        5716 kB
Mlocked:            5716 kB
SwapTotal:       3145724 kB
SwapFree:        3145724 kB
Dirty:               324 kB
Writeback:             0 kB
AnonPages:       1222304 kB
Mapped:           771088 kB
Shmem:             34032 kB
KReclaimable:     528696 kB
Slab:             226616 kB
SReclaimable:      79596 kB
SUnreclaim:       147020 kB
KernelStack:       47296 kB
PageTables:        63692 kB
NFS_Unstable:          0 kB
Bounce:                0 kB
WritebackTmp:          0 kB
CommitLimit:     9202292 kB
Committed_AS:   67489812 kB
VmallocTotal:   263061440 kB
VmallocUsed:      104280 kB
VmallocChunk:          0 kB
Percpu:             7648 kB
CmaTotal:         294912 kB
CmaFree:             484 kB
MemTotal:       12113136 kB
MemFree:          499752 kB
MemAvailable:    7950636 kB
Buffers:            7316 kB
Cached:          7822280 kB
SwapCached:            0 kB
Active:          2063212 kB
Inactive:        6983428 kB
Active(anon):    1120744 kB
Inactive(anon):   135004 kB
Active(file):     942468 kB
Inactive(file):  6848424 kB
Unevictable:        5716 kB
Mlocked:            5716 kB
SwapTotal:       3145724 kB
SwapFree:        3145724 kB
Dirty:               340 kB
Writeback:             0 kB
AnonPages:       1222712 kB
Mapped:           771280 kB
Shmem:             34032 kB
KReclaimable:     528696 kB
Slab:             226648 kB
SReclaimable:      79596 kB
SUnreclaim:       147052 kB
KernelStack:       47316 kB
PageTables:        63572 kB
NFS_Unstable:          0 kB
Bounce:                0 kB
WritebackTmp:          0 kB
CommitLimit:     9202292 kB
Committed_AS:   67484924 kB
VmallocTotal:   263061440 kB
VmallocUsed:      104280 kB
VmallocChunk:          0 kB
Percpu:             7648 kB
CmaTotal:         294912 kB
CmaFree:             256 kB
MemTotal:       12113136 kB
MemFree:          499736 kB
MemAvailable:    7950620 kB
Buffers:            7316 kB
Cached:          7822276 kB
SwapCached:            0 kB
Active:          2063192 kB
Inactive:        6983432 kB
Active(anon):    1120728 kB
Inactive(anon):   135004 kB
Active(file):     942464 kB
Inactive(file):  6848428 kB
Unevictable:        5716 kB
Mlocked:            5716 kB
SwapTotal:       3145724 kB
SwapFree:        3145724 kB
Dirty:               340 kB
Writeback:             0 kB
AnonPages:       1222788 kB
Mapped:           771088 kB
Shmem:             34032 kB
KReclaimable:     528696 kB
Slab:             226640 kB
SReclaimable:      79596 kB
SUnreclaim:       147044 kB
KernelStack:       47312 kB
PageTables:        63720 kB
NFS_Unstable:          0 kB
Bounce:                0 kB
WritebackTmp:          0 kB
CommitLimit:     9202292 kB
Committed_AS:   67485604 kB
VmallocTotal:   263061440 kB
VmallocUsed:      104264 kB
VmallocChunk:          0 kB
Percpu:             7648 kB
CmaTotal:         294912 kB
CmaFree:             504 kB
MemTotal:       12113136 kB
MemFree:          499728 kB
MemAvailable:    7950636 kB
Buffers:            7316 kB
Cached:          7822300 kB
SwapCached:            0 kB
Active:          2064084 kB
Inactive:        6983452 kB
Active(anon):    1121616 kB
Inactive(anon):   135004 kB
Active(file):     942468 kB
Inactive(file):  6848448 kB
Unevictable:        5716 kB
Mlocked:            5716 kB
SwapTotal:       3145724 kB
SwapFree:        3145724 kB
Dirty:               440 kB
Writeback:             0 kB
AnonPages:       1223604 kB
Mapped:           771152 kB
Shmem:             34032 kB
KReclaimable:     528696 kB
Slab:             226672 kB
SReclaimable:      79596 kB
SUnreclaim:       147076 kB
KernelStack:       47264 kB
PageTables:        63692 kB
NFS_Unstable:          0 kB
Bounce:                0 kB
WritebackTmp:          0 kB
CommitLimit:     9202292 kB
Committed_AS:   67485968 kB
VmallocTotal:   263061440 kB
VmallocUsed:      104248 kB
VmallocChunk:          0 kB
Percpu:             7648 kB
CmaTotal:         294912 kB
CmaFree:             128 kB
MemTotal:       12113136 kB
MemFree:          498400 kB
MemAvailable:    7949344 kB
Buffers:            7316 kB
Cached:          7822336 kB
SwapCached:            0 kB
Active:          2065068 kB
Inactive:        6983488 kB
Active(anon):    1122600 kB
Inactive(anon):   135004 kB
Active(file):     942468 kB
Inactive(file):  6848484 kB
Unevictable:        5716 kB
Mlocked:            5716 kB
SwapTotal:       3145724 kB
SwapFree:        3145724 kB
Dirty:               468 kB
Writeback:             0 kB
AnonPages:       1224676 kB
Mapped:           771244 kB
Shmem:             34032 kB
KReclaimable:     528696 kB
Slab:             226624 kB
SReclaimable:      79596 kB
SUnreclaim:       147028 kB
KernelStack:       47280 kB
PageTables:        63636 kB
NFS_Unstable:          0 kB
Bounce:                0 kB
WritebackTmp:          0 kB
CommitLimit:     9202292 kB
Committed_AS:   67494088 kB
VmallocTotal:   263061440 kB
VmallocUsed:      104296 kB
