MemTotal:       12113136 kB
MemFree:          811976 kB
MemAvailable:    7879768 kB
Buffers:            8304 kB
Cached:          7121332 kB
SwapCached:            0 kB
Active:          2324096 kB
Inactive:        6100208 kB
Active(anon):    1007552 kB
Inactive(anon):   339424 kB
Active(file):    1316544 kB
Inactive(file):  5760784 kB
Unevictable:        5592 kB
Mlocked:            5592 kB
SwapTotal:       3145724 kB
SwapFree:        3145724 kB
Dirty:               152 kB
Writeback:             0 kB
AnonPages:       1300160 kB
Mapped:           698348 kB
Shmem:             47764 kB
KReclaimable:     875552 kB
Slab:             245348 kB
SReclaimable:      97804 kB
SUnreclaim:       147544 kB
KernelStack:       47168 kB
PageTables:        64440 kB
NFS_Unstable:          0 kB
Bounce:                0 kB
WritebackTmp:          0 kB
CommitLimit:     9202292 kB
Committed_AS:   67521216 kB
VmallocTotal:   263061440 kB
VmallocUsed:      104088 kB
VmallocChunk:          0 kB
Percpu:             7680 kB
CmaTotal:         294912 kB
CmaFree:               0 kB
MemTotal:       12113136 kB
MemFree:          811132 kB
MemAvailable:    7879000 kB
Buffers:            8304 kB
Cached:          7121664 kB
SwapCached:            0 kB
Active:          2325300 kB
Inactive:        6100508 kB
Active(anon):    1008724 kB
Inactive(anon):   339680 kB
Active(file):    1316576 kB
Inactive(file):  5760828 kB
Unevictable:        5592 kB
Mlocked:            5592 kB
SwapTotal:       3145724 kB
SwapFree:        3145724 kB
Dirty:               248 kB
Writeback:             0 kB
AnonPages:       1301548 kB
Mapped:           698304 kB
Shmem:             48020 kB
KReclaimable:     875552 kB
Slab:             245356 kB
SReclaimable:      97804 kB
SUnreclaim:       147552 kB
KernelStack:       47152 kB
PageTables:        64332 kB
NFS_Unstable:          0 kB
Bounce:                0 kB
WritebackTmp:          0 kB
CommitLimit:     9202292 kB
Committed_AS:   67521652 kB
VmallocTotal:   263061440 kB
VmallocUsed:      104088 kB
VmallocChunk:          0 kB
Percpu:             7680 kB
CmaTotal:         294912 kB
CmaFree:               0 kB
MemTotal:       12113136 kB
MemFree:          823640 kB
MemAvailable:    7891524 kB
Buffers:            8304 kB
Cached:          7121936 kB
SwapCached:            0 kB
Active:          2311248 kB
Inactive:        6100780 kB
Active(anon):     994672 kB
Inactive(anon):   339936 kB
Active(file):    1316576 kB
Inactive(file):  5760844 kB
Unevictable:        5592 kB
Mlocked:            5592 kB
SwapTotal:       3145724 kB
SwapFree:        3145724 kB
Dirty:               296 kB
Writeback:             0 kB
AnonPages:       1287596 kB
Mapped:           689064 kB
Shmem:             48276 kB
KReclaimable:     875552 kB
Slab:             245384 kB
SReclaimable:      97804 kB
SUnreclaim:       147580 kB
KernelStack:       47152 kB
PageTables:        64288 kB
NFS_Unstable:          0 kB
Bounce:                0 kB
WritebackTmp:          0 kB
CommitLimit:     9202292 kB
Committed_AS:   67527356 kB
VmallocTotal:   263061440 kB
VmallocUsed:      104152 kB
VmallocChunk:          0 kB
Percpu:             7680 kB
CmaTotal:         294912 kB
CmaFree:               0 kB
MemTotal:       12113136 kB
MemFree:          823044 kB
MemAvailable:    7890944 kB
Buffers:            8304 kB
Cached:          7122208 kB
SwapCached:            0 kB
Active:          2312128 kB
Inactive:        6101052 kB
Active(anon):     995552 kB
Inactive(anon):   340192 kB
Active(file):    1316576 kB
Inactive(file):  5760860 kB
Unevictable:        5592 kB
Mlocked:            5592 kB
SwapTotal:       3145724 kB
SwapFree:        3145724 kB
Dirty:               344 kB
Writeback:             0 kB
AnonPages:       1288388 kB
Mapped:           689100 kB
Shmem:             48532 kB
KReclaimable:     875552 kB
Slab:             245376 kB
SReclaimable:      97804 kB
SUnreclaim:       147572 kB
KernelStack:       47152 kB
PageTables:        64288 kB
NFS_Unstable:          0 kB
Bounce:                0 kB
WritebackTmp:          0 kB
CommitLimit:     9202292 kB
Committed_AS:   67522480 kB
VmallocTotal:   263061440 kB
VmallocUsed:      104120 kB
VmallocChunk:          0 kB
Percpu:             7680 kB
CmaTotal:         294912 kB
CmaFree:               0 kB
MemTotal:       12113136 kB
MemFree:          821896 kB
MemAvailable:    7889852 kB
Buffers:            8304 kB
Cached:          7122504 kB
SwapCached:            0 kB
Active:          2314324 kB
Inactive:        6101344 kB
Active(anon):     997744 kB
Inactive(anon):   340448 kB
Active(file):    1316580 kB
Inactive(file):  5760896 kB
Unevictable:        5592 kB
Mlocked:            5592 kB
SwapTotal:       3145724 kB
SwapFree:        3145724 kB
Dirty:               396 kB
Writeback:             0 kB
AnonPages:       1290628 kB
Mapped:           689128 kB
Shmem:             48788 kB
KReclaimable:     875568 kB
Slab:             245396 kB
SReclaimable:      97820 kB
SUnreclaim:       147576 kB
KernelStack:       47152 kB
PageTables:        64288 kB
NFS_Unstable:          0 kB
Bounce:                0 kB
WritebackTmp:          0 kB
CommitLimit:     9202292 kB
Committed_AS:   67527012 kB
VmallocTotal:   263061440 kB
VmallocUsed:      104104 kB
VmallocChunk:          0 kB
Percpu:             7680 kB
CmaTotal:         294912 kB
CmaFree:               0 kB
MemTotal:       12113136 kB
MemFree:          818676 kB
MemAvailable:    7886688 kB
Buffers:            8304 kB
Cached:          7122784 kB
SwapCached:            0 kB
Active:          2316152 kB
Inactive:        6101616 kB
Active(anon):     999576 kB
Inactive(anon):   340708 kB
Active(file):    1316576 kB
Inactive(file):  5760908 kB
Unevictable:        5592 kB
Mlocked:            5592 kB
SwapTotal:       3145724 kB
SwapFree:        3145724 kB
Dirty:               468 kB
Writeback:             0 kB
AnonPages:       1292392 kB
Mapped:           689420 kB
Shmem:             49048 kB
KReclaimable:     875616 kB
Slab:             245444 kB
SReclaimable:      97868 kB
SUnreclaim:       147576 kB
KernelStack:       47152 kB
PageTables:        64292 kB
NFS_Unstable:          0 kB
Bounce:                0 kB
WritebackTmp:          0 kB
CommitLimit:     9202292 kB
Committed_AS:   67539252 kB
VmallocTotal:   263061440 kB
VmallocUsed:      104136 kB
VmallocChunk:          0 kB
Percpu:             7680 kB
CmaTotal:         294912 kB
CmaFree:               0 kB
MemTotal:       12113136 kB
MemFree:          817576 kB
MemAvailable:    7885580 kB
Buffers:            8304 kB
Cached:          7123052 kB
SwapCached:            0 kB
Active:          2317116 kB
Inactive:        6101896 kB
Active(anon):    1000540 kB
Inactive(anon):   340964 kB
Active(file):    1316576 kB
Inactive(file):  5760932 kB
Unevictable:        5592 kB
Mlocked:            5592 kB
SwapTotal:       3145724 kB
SwapFree:        3145724 kB
Dirty:               496 kB
Writeback:             0 kB
AnonPages:       1293492 kB
Mapped:           689452 kB
Shmem:             49304 kB
KReclaimable:     875584 kB
Slab:             245416 kB
SReclaimable:      97836 kB
SUnreclaim:       147580 kB
KernelStack:       47200 kB
PageTables:        64400 kB
NFS_Unstable:          0 kB
Bounce:                0 kB
WritebackTmp:          0 kB
CommitLimit:     9202292 kB
Committed_AS:   67539056 kB
VmallocTotal:   263061440 kB
VmallocUsed:      104152 kB
VmallocChunk:          0 kB
Percpu:             7680 kB
CmaTotal:         294912 kB
CmaFree:               0 kB
MemTotal:       12113136 kB
MemFree:          816576 kB
MemAvailable:    7884604 kB
Buffers:            8304 kB
Cached:          7123332 kB
SwapCached:            0 kB
Active:          2318244 kB
Inactive:        6102176 kB
Active(anon):    1001668 kB
Inactive(anon):   341220 kB
Active(file):    1316576 kB
Inactive(file):  5760956 kB
Unevictable:        5592 kB
Mlocked:            5592 kB
SwapTotal:       3145724 kB
SwapFree:        3145724 kB
Dirty:               540 kB
Writeback:             0 kB
AnonPages:       1294488 kB
Mapped:           689480 kB
Shmem:             49560 kB
KReclaimable:     875584 kB
Slab:             245416 kB
SReclaimable:      97836 kB
SUnreclaim:       147580 kB
KernelStack:       47152 kB
PageTables:        64292 kB
NFS_Unstable:          0 kB
Bounce:                0 kB
WritebackTmp:          0 kB
CommitLimit:     9202292 kB
Committed_AS:   67538572 kB
VmallocTotal:   263061440 kB
VmallocUsed:      104136 kB
VmallocChunk:          0 kB
Percpu:             7680 kB
CmaTotal:         294912 kB
CmaFree:               0 kB
MemTotal:       12113136 kB
MemFree:          815748 kB
MemAvailable:    7883816 kB
Buffers:            8304 kB
Cached:          7123612 kB
SwapCached:            0 kB
Active:          2319448 kB
Inactive:        6102456 kB
Active(anon):    1002872 kB
Inactive(anon):   341476 kB
Active(file):    1316576 kB
Inactive(file):  5760980 kB
Unevictable:        5592 kB
Mlocked:            5592 kB
SwapTotal:       3145724 kB
SwapFree:        3145724 kB
Dirty:               600 kB
Writeback:             0 kB
AnonPages:       1295720 kB
Mapped:           689248 kB
Shmem:             49816 kB
KReclaimable:     875600 kB
Slab:             245432 kB
SReclaimable:      97852 kB
SUnreclaim:       147580 kB
KernelStack:       47152 kB
PageTables:        64292 kB
NFS_Unstable:          0 kB
Bounce:                0 kB
WritebackTmp:          0 kB
CommitLimit:     9202292 kB
Committed_AS:   67539208 kB
VmallocTotal:   263061440 kB
VmallocUsed:      104136 kB
VmallocChunk:          0 kB
Percpu:             7680 kB
CmaTotal:         294912 kB
CmaFree:               0 kB
MemTotal:       12113136 kB
MemFree:          813388 kB
MemAvailable:    7881456 kB
Buffers:            8304 kB
Cached:          7123884 kB
SwapCached:            0 kB
Active:          2320636 kB
Inactive:        6102728 kB
Active(anon):    1004060 kB
Inactive(anon):   341732 kB
Active(file):    1316576 kB
Inactive(file):  5760996 kB
Unevictable:        5592 kB
Mlocked:            5592 kB
SwapTotal:       3145724 kB
SwapFree:        3145724 kB
Dirty:               256 kB
Writeback:             0 kB
AnonPages:       1296852 kB
Mapped:           689284 kB
Shmem:             50072 kB
KReclaimable:     875584 kB
Slab:             245420 kB
SReclaimable:      97836 kB
SUnreclaim:       147584 kB
KernelStack:       47152 kB
PageTables:        64296 kB
NFS_Unstable:          0 kB
Bounce:                0 kB
WritebackTmp:          0 kB
CommitLimit:     9202292 kB
Committed_AS:   67538728 kB
VmallocTotal:   263061440 kB
VmallocUsed:      104136 kB
VmallocChunk:          0 kB
Percpu:             7680 kB
CmaTotal:         294912 kB
CmaFree:               0 kB
MemTotal:       12113136 kB
MemFree:          810980 kB
MemAvailable:    7879076 kB
Buffers:            8304 kB
Cached:          7124168 kB
SwapCached:            0 kB
Active:          2322308 kB
Inactive:        6103012 kB
Active(anon):    1005732 kB
Inactive(anon):   341988 kB
Active(file):    1316576 kB
Inactive(file):  5761024 kB
Unevictable:        5592 kB
Mlocked:            5592 kB
SwapTotal:       3145724 kB
SwapFree:        3145724 kB
Dirty:               372 kB
Writeback:             0 kB
AnonPages:       1298512 kB
Mapped:           689572 kB
Shmem:             50328 kB
KReclaimable:     875584 kB
Slab:             245420 kB
SReclaimable:      97836 kB
SUnreclaim:       147584 kB
KernelStack:       47200 kB
PageTables:        64292 kB
NFS_Unstable:          0 kB
Bounce:                0 kB
WritebackTmp:          0 kB
CommitLimit:     9202292 kB
Committed_AS:   67533384 kB
VmallocTotal:   263061440 kB
VmallocUsed:      104120 kB
VmallocChunk:          0 kB
Percpu:             7680 kB
CmaTotal:         294912 kB
CmaFree:               0 kB
MemTotal:       12113136 kB
MemFree:          809836 kB
MemAvailable:    7877968 kB
Buffers:            8308 kB
Cached:          7124456 kB
SwapCached:            0 kB
Active:          2323832 kB
Inactive:        6103300 kB
Active(anon):    1007252 kB
Inactive(anon):   342244 kB
Active(file):    1316580 kB
Inactive(file):  5761056 kB
Unevictable:        5592 kB
Mlocked:            5592 kB
SwapTotal:       3145724 kB
SwapFree:        3145724 kB
Dirty:               428 kB
Writeback:             0 kB
AnonPages:       1299904 kB
Mapped:           689344 kB
Shmem:             50584 kB
KReclaimable:     875584 kB
Slab:             245420 kB
SReclaimable:      97836 kB
SUnreclaim:       147584 kB
KernelStack:       47152 kB
PageTables:        64292 kB
NFS_Unstable:          0 kB
Bounce:                0 kB
WritebackTmp:          0 kB
CommitLimit:     9202292 kB
Committed_AS:   67534904 kB
VmallocTotal:   263061440 kB
VmallocUsed:      104104 kB
VmallocChunk:          0 kB
Percpu:             7680 kB
CmaTotal:         294912 kB
CmaFree:               0 kB
MemTotal:       12113136 kB
MemFree:          808552 kB
MemAvailable:    7876712 kB
Buffers:            8308 kB
Cached:          7124740 kB
SwapCached:            0 kB
Active:          2323676 kB
Inactive:        6103584 kB
Active(anon):    1007096 kB
Inactive(anon):   342500 kB
Active(file):    1316580 kB
Inactive(file):  5761084 kB
Unevictable:        5592 kB
Mlocked:            5592 kB
SwapTotal:       3145724 kB
SwapFree:        3145724 kB
Dirty:               480 kB
Writeback:             0 kB
AnonPages:       1299988 kB
Mapped:           689632 kB
Shmem:             50840 kB
KReclaimable:     875584 kB
Slab:             245424 kB
SReclaimable:      97836 kB
SUnreclaim:       147588 kB
KernelStack:       47200 kB
PageTables:        64404 kB
NFS_Unstable:          0 kB
Bounce:                0 kB
WritebackTmp:          0 kB
CommitLimit:     9202292 kB
Committed_AS:   67536984 kB
VmallocTotal:   263061440 kB
VmallocUsed:      104104 kB
VmallocChunk:          0 kB
Percpu:             7680 kB
CmaTotal:         294912 kB
CmaFree:               0 kB
MemTotal:       12113136 kB
MemFree:          807276 kB
MemAvailable:    7875452 kB
Buffers:            8308 kB
Cached:          7125012 kB
SwapCached:            0 kB
Active:          2324828 kB
Inactive:        6103856 kB
Active(anon):    1008248 kB
Inactive(anon):   342756 kB
Active(file):    1316580 kB
Inactive(file):  5761100 kB
Unevictable:        5592 kB
Mlocked:            5592 kB
SwapTotal:       3145724 kB
SwapFree:        3145724 kB
Dirty:               516 kB
Writeback:             0 kB
AnonPages:       1301304 kB
Mapped:           689664 kB
Shmem:             51096 kB
KReclaimable:     875584 kB
Slab:             245428 kB
SReclaimable:      97836 kB
SUnreclaim:       147592 kB
KernelStack:       47152 kB
PageTables:        64292 kB
NFS_Unstable:          0 kB
Bounce:                0 kB
WritebackTmp:          0 kB
CommitLimit:     9202292 kB
Committed_AS:   67533320 kB
VmallocTotal:   263061440 kB
VmallocUsed:      104104 kB
VmallocChunk:          0 kB
Percpu:             7680 kB
CmaTotal:         294912 kB
CmaFree:               0 kB
MemTotal:       12113136 kB
MemFree:          806844 kB
MemAvailable:    7875044 kB
Buffers:            8308 kB
Cached:          7125292 kB
SwapCached:            0 kB
Active:          2325648 kB
Inactive:        6104136 kB
Active(anon):    1009068 kB
Inactive(anon):   343012 kB
Active(file):    1316580 kB
Inactive(file):  5761124 kB
Unevictable:        5592 kB
Mlocked:            5592 kB
SwapTotal:       3145724 kB
SwapFree:        3145724 kB
Dirty:               572 kB
Writeback:             0 kB
AnonPages:       1301600 kB
Mapped:           689692 kB
Shmem:             51352 kB
KReclaimable:     875584 kB
Slab:             245432 kB
SReclaimable:      97836 kB
SUnreclaim:       147596 kB
KernelStack:       47136 kB
PageTables:        64292 kB
NFS_Unstable:          0 kB
Bounce:                0 kB
WritebackTmp:          0 kB
CommitLimit:     9202292 kB
Committed_AS:   67537860 kB
VmallocTotal:   263061440 kB
VmallocUsed:      104168 kB
VmallocChunk:          0 kB
Percpu:             7680 kB
CmaTotal:         294912 kB
CmaFree:               0 kB
MemTotal:       12113136 kB
MemFree:          805960 kB
MemAvailable:    7874188 kB
Buffers:            8308 kB
Cached:          7125560 kB
SwapCached:            0 kB
Active:          2325192 kB
Inactive:        6104400 kB
Active(anon):    1008608 kB
Inactive(anon):   343268 kB
Active(file):    1316584 kB
Inactive(file):  5761132 kB
Unevictable:        5592 kB
Mlocked:            5592 kB
SwapTotal:       3145724 kB
SwapFree:        3145724 kB
Dirty:               604 kB
Writeback:             0 kB
AnonPages:       1301340 kB
Mapped:           689724 kB
Shmem:             51608 kB
KReclaimable:     875600 kB
Slab:             245452 kB
SReclaimable:      97852 kB
SUnreclaim:       147600 kB
KernelStack:       47152 kB
PageTables:        64292 kB
NFS_Unstable:          0 kB
Bounce:                0 kB
WritebackTmp:          0 kB
CommitLimit:     9202292 kB
Committed_AS:   67543240 kB
VmallocTotal:   263061440 kB
VmallocUsed:      104184 kB
VmallocChunk:          0 kB
Percpu:             7680 kB
CmaTotal:         294912 kB
CmaFree:               0 kB
MemTotal:       12113136 kB
MemFree:          805176 kB
MemAvailable:    7873416 kB
Buffers:            8308 kB
Cached:          7125848 kB
SwapCached:            0 kB
Active:          2326772 kB
Inactive:        6104688 kB
Active(anon):    1010188 kB
Inactive(anon):   343528 kB
Active(file):    1316584 kB
Inactive(file):  5761160 kB
Unevictable:        5592 kB
Mlocked:            5592 kB
SwapTotal:       3145724 kB
SwapFree:        3145724 kB
Dirty:               652 kB
Writeback:             0 kB
AnonPages:       1303144 kB
Mapped:           689760 kB
Shmem:             51868 kB
KReclaimable:     875584 kB
Slab:             245440 kB
SReclaimable:      97836 kB
SUnreclaim:       147604 kB
KernelStack:       47152 kB
PageTables:        64292 kB
NFS_Unstable:          0 kB
Bounce:                0 kB
WritebackTmp:          0 kB
CommitLimit:     9202292 kB
Committed_AS:   67544908 kB
VmallocTotal:   263061440 kB
VmallocUsed:      104152 kB
VmallocChunk:          0 kB
Percpu:             7680 kB
CmaTotal:         294912 kB
CmaFree:               0 kB
MemTotal:       12113136 kB
MemFree:          803968 kB
MemAvailable:    7872228 kB
Buffers:            8308 kB
Cached:          7126124 kB
SwapCached:            0 kB
Active:          2328052 kB
Inactive:        6104964 kB
Active(anon):    1011468 kB
Inactive(anon):   343784 kB
Active(file):    1316584 kB
Inactive(file):  5761180 kB
Unevictable:        5592 kB
Mlocked:            5592 kB
SwapTotal:       3145724 kB
SwapFree:        3145724 kB
Dirty:               704 kB
Writeback:             0 kB
AnonPages:       1304240 kB
Mapped:           689768 kB
Shmem:             52124 kB
KReclaimable:     875584 kB
Slab:             245448 kB
SReclaimable:      97836 kB
SUnreclaim:       147612 kB
KernelStack:       47152 kB
PageTables:        64296 kB
NFS_Unstable:          0 kB
Bounce:                0 kB
WritebackTmp:          0 kB
CommitLimit:     9202292 kB
Committed_AS:   67544988 kB
VmallocTotal:   263061440 kB
VmallocUsed:      104136 kB
VmallocChunk:          0 kB
Percpu:             7680 kB
CmaTotal:         294912 kB
CmaFree:               0 kB
MemTotal:       12113136 kB
MemFree:          803000 kB
MemAvailable:    7871272 kB
Buffers:            8308 kB
Cached:          7126392 kB
SwapCached:            0 kB
Active:          2329368 kB
Inactive:        6105232 kB
Active(anon):    1012784 kB
Inactive(anon):   344040 kB
Active(file):    1316584 kB
Inactive(file):  5761192 kB
Unevictable:        5592 kB
Mlocked:            5592 kB
SwapTotal:       3145724 kB
SwapFree:        3145724 kB
Dirty:               732 kB
Writeback:             0 kB
AnonPages:       1305688 kB
Mapped:           689772 kB
Shmem:             52380 kB
KReclaimable:     875584 kB
Slab:             245456 kB
SReclaimable:      97836 kB
SUnreclaim:       147620 kB
KernelStack:       47152 kB
PageTables:        64292 kB
NFS_Unstable:          0 kB
Bounce:                0 kB
WritebackTmp:          0 kB
CommitLimit:     9202292 kB
Committed_AS:   67540000 kB
VmallocTotal:   263061440 kB
VmallocUsed:      104088 kB
VmallocChunk:          0 kB
Percpu:             7680 kB
CmaTotal:         294912 kB
CmaFree:               0 kB
MemTotal:       12113136 kB
MemFree:          800620 kB
MemAvailable:    7868916 kB
Buffers:            8308 kB
Cached:          7126672 kB
SwapCached:            0 kB
Active:          2331180 kB
Inactive:        6105512 kB
Active(anon):    1014596 kB
Inactive(anon):   344296 kB
Active(file):    1316584 kB
Inactive(file):  5761216 kB
Unevictable:        5592 kB
Mlocked:            5592 kB
SwapTotal:       3145724 kB
SwapFree:        3145724 kB
Dirty:               248 kB
Writeback:             0 kB
AnonPages:       1307352 kB
Mapped:           689516 kB
Shmem:             52636 kB
KReclaimable:     875584 kB
Slab:             245492 kB
SReclaimable:      97836 kB
SUnreclaim:       147656 kB
KernelStack:       47152 kB
PageTables:        64296 kB
NFS_Unstable:          0 kB
Bounce:                0 kB
WritebackTmp:          0 kB
CommitLimit:     9202292 kB
Committed_AS:   67540796 kB
VmallocTotal:   263061440 kB
VmallocUsed:      104120 kB
VmallocChunk:          0 kB
Percpu:             7680 kB
CmaTotal:         294912 kB
CmaFree:               0 kB
MemTotal:       12113136 kB
MemFree:          797188 kB
MemAvailable:    7865508 kB
Buffers:            8308 kB
Cached:          7126952 kB
SwapCached:            0 kB
Active:          2332444 kB
Inactive:        6105792 kB
Active(anon):    1015860 kB
Inactive(anon):   344552 kB
Active(file):    1316584 kB
Inactive(file):  5761240 kB
Unevictable:        5592 kB
Mlocked:            5592 kB
SwapTotal:       3145724 kB
SwapFree:        3145724 kB
Dirty:               356 kB
Writeback:             0 kB
AnonPages:       1308924 kB
Mapped:           689776 kB
Shmem:             52892 kB
KReclaimable:     875584 kB
Slab:             245508 kB
SReclaimable:      97836 kB
SUnreclaim:       147672 kB
KernelStack:       47152 kB
PageTables:        64296 kB
NFS_Unstable:          0 kB
Bounce:                0 kB
WritebackTmp:          0 kB
CommitLimit:     9202292 kB
Committed_AS:   67545512 kB
VmallocTotal:   263061440 kB
VmallocUsed:      104168 kB
VmallocChunk:          0 kB
Percpu:             7680 kB
CmaTotal:         294912 kB
CmaFree:               0 kB
MemTotal:       12113136 kB
MemFree:          795892 kB
MemAvailable:    7864236 kB
Buffers:            8308 kB
Cached:          7127232 kB
SwapCached:            0 kB
Active:          2333712 kB
Inactive:        6106072 kB
Active(anon):    1017128 kB
Inactive(anon):   344808 kB
Active(file):    1316584 kB
Inactive(file):  5761264 kB
Unevictable:        5592 kB
Mlocked:            5592 kB
SwapTotal:       3145724 kB
SwapFree:        3145724 kB
Dirty:               428 kB
Writeback:             0 kB
AnonPages:       1309780 kB
Mapped:           689780 kB
Shmem:             53148 kB
KReclaimable:     875584 kB
Slab:             245560 kB
SReclaimable:      97836 kB
SUnreclaim:       147724 kB
KernelStack:       47152 kB
PageTables:        64292 kB
NFS_Unstable:          0 kB
Bounce:                0 kB
WritebackTmp:          0 kB
CommitLimit:     9202292 kB
Committed_AS:   67543872 kB
VmallocTotal:   263061440 kB
VmallocUsed:      104168 kB
VmallocChunk:          0 kB
Percpu:             7680 kB
CmaTotal:         294912 kB
CmaFree:               0 kB
MemTotal:       12113136 kB
MemFree:          794432 kB
MemAvailable:    7862808 kB
Buffers:            8308 kB
Cached:          7127520 kB
SwapCached:            0 kB
Active:          2334728 kB
Inactive:        6106356 kB
Active(anon):    1018140 kB
Inactive(anon):   345064 kB
Active(file):    1316588 kB
Inactive(file):  5761292 kB
Unevictable:        5592 kB
Mlocked:            5592 kB
SwapTotal:       3145724 kB
SwapFree:        3145724 kB
Dirty:               472 kB
Writeback:             0 kB
AnonPages:       1311048 kB
Mapped:           689444 kB
Shmem:             53404 kB
KReclaimable:     875584 kB
Slab:             245568 kB
SReclaimable:      97836 kB
SUnreclaim:       147732 kB
KernelStack:       47152 kB
PageTables:        64276 kB
NFS_Unstable:          0 kB
Bounce:                0 kB
WritebackTmp:          0 kB
CommitLimit:     9202292 kB
Committed_AS:   67534856 kB
VmallocTotal:   263061440 kB
VmallocUsed:      104152 kB
VmallocChunk:          0 kB
Percpu:             7680 kB
CmaTotal:         294912 kB
CmaFree:               0 kB
MemTotal:       12113136 kB
MemFree:          795252 kB
MemAvailable:    7863640 kB
Buffers:            8308 kB
Cached:          7127788 kB
SwapCached:            0 kB
Active:          2333472 kB
Inactive:        6106624 kB
Active(anon):    1016884 kB
Inactive(anon):   345320 kB
Active(file):    1316588 kB
Inactive(file):  5761304 kB
Unevictable:        5592 kB
Mlocked:            5592 kB
SwapTotal:       3145724 kB
SwapFree:        3145724 kB
Dirty:               520 kB
Writeback:             0 kB
AnonPages:       1309556 kB
Mapped:           687496 kB
Shmem:             53660 kB
KReclaimable:     875584 kB
Slab:             245572 kB
SReclaimable:      97836 kB
SUnreclaim:       147736 kB
KernelStack:       47248 kB
PageTables:        64416 kB
NFS_Unstable:          0 kB
Bounce:                0 kB
WritebackTmp:          0 kB
CommitLimit:     9202292 kB
Committed_AS:   67546852 kB
VmallocTotal:   263061440 kB
VmallocUsed:      104216 kB
VmallocChunk:          0 kB
Percpu:             7680 kB
CmaTotal:         294912 kB
CmaFree:              76 kB
MemTotal:       12113136 kB
MemFree:          793836 kB
MemAvailable:    7862244 kB
Buffers:            8308 kB
Cached:          7128064 kB
SwapCached:            0 kB
Active:          2335024 kB
Inactive:        6106904 kB
Active(anon):    1018440 kB
Inactive(anon):   345576 kB
Active(file):    1316584 kB
Inactive(file):  5761328 kB
Unevictable:        5592 kB
Mlocked:            5592 kB
SwapTotal:       3145724 kB
SwapFree:        3145724 kB
Dirty:               272 kB
Writeback:             0 kB
AnonPages:       1311240 kB
Mapped:           689592 kB
Shmem:             53916 kB
KReclaimable:     875584 kB
Slab:             245516 kB
SReclaimable:      97836 kB
SUnreclaim:       147680 kB
KernelStack:       47280 kB
PageTables:        64372 kB
NFS_Unstable:          0 kB
Bounce:                0 kB
WritebackTmp:          0 kB
CommitLimit:     9202292 kB
Committed_AS:   67541984 kB
VmallocTotal:   263061440 kB
VmallocUsed:      104200 kB
VmallocChunk:          0 kB
Percpu:             7680 kB
CmaTotal:         294912 kB
CmaFree:               0 kB
MemTotal:       12113136 kB
MemFree:          798848 kB
MemAvailable:    7867292 kB
Buffers:            8312 kB
Cached:          7128352 kB
SwapCached:            0 kB
Active:          2328540 kB
Inactive:        6107192 kB
Active(anon):    1011952 kB
Inactive(anon):   345832 kB
Active(file):    1316588 kB
Inactive(file):  5761360 kB
Unevictable:        5592 kB
Mlocked:            5592 kB
SwapTotal:       3145724 kB
SwapFree:        3145724 kB
Dirty:               372 kB
Writeback:             0 kB
AnonPages:       1304784 kB
Mapped:           689788 kB
Shmem:             54172 kB
KReclaimable:     875584 kB
Slab:             245524 kB
SReclaimable:      97836 kB
SUnreclaim:       147688 kB
KernelStack:       47280 kB
PageTables:        64296 kB
NFS_Unstable:          0 kB
Bounce:                0 kB
WritebackTmp:          0 kB
CommitLimit:     9202292 kB
Committed_AS:   67547604 kB
VmallocTotal:   263061440 kB
VmallocUsed:      104248 kB
VmallocChunk:          0 kB
Percpu:             7680 kB
CmaTotal:         294912 kB
CmaFree:               0 kB
MemTotal:       12113136 kB
MemFree:          817960 kB
MemAvailable:    7886424 kB
Buffers:            8312 kB
Cached:          7121652 kB
SwapCached:            0 kB
Active:          2315180 kB
Inactive:        6100492 kB
Active(anon):     998592 kB
Inactive(anon):   339112 kB
Active(file):    1316588 kB
Inactive(file):  5761380 kB
Unevictable:        5592 kB
Mlocked:            5592 kB
SwapTotal:       3145724 kB
SwapFree:        3145724 kB
Dirty:               408 kB
Writeback:             0 kB
AnonPages:       1291392 kB
Mapped:           689796 kB
Shmem:             47452 kB
KReclaimable:     875584 kB
Slab:             245368 kB
SReclaimable:      97836 kB
SUnreclaim:       147532 kB
KernelStack:       47296 kB
PageTables:        64296 kB
NFS_Unstable:          0 kB
Bounce:                0 kB
WritebackTmp:          0 kB
CommitLimit:     9202292 kB
Committed_AS:   67552004 kB
VmallocTotal:   263061440 kB
VmallocUsed:      104248 kB
VmallocChunk:          0 kB
Percpu:             7680 kB
CmaTotal:         294912 kB
CmaFree:             104 kB
MemTotal:       12113136 kB
MemFree:          818184 kB
MemAvailable:    7886668 kB
Buffers:            8312 kB
Cached:          7121928 kB
SwapCached:            0 kB
Active:          2316212 kB
Inactive:        6100768 kB
Active(anon):     999624 kB
Inactive(anon):   339368 kB
Active(file):    1316588 kB
Inactive(file):  5761400 kB
Unevictable:        5592 kB
Mlocked:            5592 kB
SwapTotal:       3145724 kB
SwapFree:        3145724 kB
Dirty:               452 kB
Writeback:             0 kB
AnonPages:       1292300 kB
Mapped:           689796 kB
Shmem:             47708 kB
KReclaimable:     875584 kB
Slab:             245368 kB
SReclaimable:      97836 kB
SUnreclaim:       147532 kB
KernelStack:       47296 kB
PageTables:        64208 kB
NFS_Unstable:          0 kB
Bounce:                0 kB
WritebackTmp:          0 kB
CommitLimit:     9202292 kB
Committed_AS:   67535956 kB
VmallocTotal:   263061440 kB
VmallocUsed:      104248 kB
VmallocChunk:          0 kB
Percpu:             7680 kB
CmaTotal:         294912 kB
CmaFree:               4 kB
MemTotal:       12113136 kB
MemFree:          817692 kB
MemAvailable:    7886220 kB
Buffers:            8312 kB
Cached:          7122212 kB
SwapCached:            0 kB
Active:          2317344 kB
Inactive:        6101052 kB
Active(anon):    1000756 kB
Inactive(anon):   339624 kB
Active(file):    1316588 kB
Inactive(file):  5761428 kB
Unevictable:        5592 kB
Mlocked:            5592 kB
SwapTotal:       3145724 kB
SwapFree:        3145724 kB
Dirty:               504 kB
Writeback:             0 kB
AnonPages:       1293280 kB
Mapped:           689536 kB
Shmem:             47964 kB
KReclaimable:     875600 kB
Slab:             245384 kB
SReclaimable:      97852 kB
SUnreclaim:       147532 kB
KernelStack:       47296 kB
PageTables:        64296 kB
NFS_Unstable:          0 kB
Bounce:                0 kB
WritebackTmp:          0 kB
CommitLimit:     9202292 kB
Committed_AS:   67535368 kB
VmallocTotal:   263061440 kB
VmallocUsed:      104248 kB
VmallocChunk:          0 kB
Percpu:             7680 kB
CmaTotal:         294912 kB
CmaFree:               0 kB
MemTotal:       12113136 kB
MemFree:          816800 kB
MemAvailable:    7885308 kB
Buffers:            8312 kB
Cached:          7122480 kB
SwapCached:            0 kB
Active:          2319196 kB
Inactive:        6101320 kB
Active(anon):    1002608 kB
Inactive(anon):   339880 kB
Active(file):    1316588 kB
Inactive(file):  5761440 kB
Unevictable:        5592 kB
Mlocked:            5592 kB
SwapTotal:       3145724 kB
SwapFree:        3145724 kB
Dirty:               288 kB
Writeback:             0 kB
AnonPages:       1295428 kB
Mapped:           689804 kB
Shmem:             48220 kB
KReclaimable:     875568 kB
Slab:             245352 kB
SReclaimable:      97820 kB
SUnreclaim:       147532 kB
KernelStack:       47296 kB
PageTables:        64300 kB
NFS_Unstable:          0 kB
Bounce:                0 kB
WritebackTmp:          0 kB
CommitLimit:     9202292 kB
Committed_AS:   67540712 kB
VmallocTotal:   263061440 kB
VmallocUsed:      104264 kB
VmallocChunk:          0 kB
Percpu:             7680 kB
CmaTotal:         294912 kB
CmaFree:               0 kB
MemTotal:       12113136 kB
MemFree:          815356 kB
MemAvailable:    7883896 kB
Buffers:            8312 kB
Cached:          7122752 kB
SwapCached:            0 kB
Active:          2320808 kB
Inactive:        6101592 kB
Active(anon):    1004220 kB
Inactive(anon):   340136 kB
Active(file):    1316588 kB
Inactive(file):  5761456 kB
Unevictable:        5592 kB
Mlocked:            5592 kB
SwapTotal:       3145724 kB
SwapFree:        3145724 kB
Dirty:               372 kB
Writeback:             0 kB
AnonPages:       1296796 kB
Mapped:           689040 kB
Shmem:             48476 kB
KReclaimable:     875584 kB
Slab:             245376 kB
SReclaimable:      97836 kB
SUnreclaim:       147540 kB
KernelStack:       47312 kB
PageTables:        64424 kB
NFS_Unstable:          0 kB
Bounce:                0 kB
WritebackTmp:          0 kB
CommitLimit:     9202292 kB
Committed_AS:   67540392 kB
VmallocTotal:   263061440 kB
VmallocUsed:      104248 kB
VmallocChunk:          0 kB
Percpu:             7680 kB
CmaTotal:         294912 kB
CmaFree:               0 kB
MemTotal:       12113136 kB
MemFree:          813612 kB
MemAvailable:    7882168 kB
Buffers:            8312 kB
Cached:          7123040 kB
SwapCached:            0 kB
Active:          2321692 kB
Inactive:        6101880 kB
Active(anon):    1005104 kB
Inactive(anon):   340392 kB
Active(file):    1316588 kB
Inactive(file):  5761488 kB
Unevictable:        5592 kB
Mlocked:            5592 kB
SwapTotal:       3145724 kB
SwapFree:        3145724 kB
Dirty:               428 kB
Writeback:             0 kB
AnonPages:       1297756 kB
Mapped:           689044 kB
Shmem:             48732 kB
KReclaimable:     875568 kB
Slab:             245360 kB
SReclaimable:      97820 kB
SUnreclaim:       147540 kB
KernelStack:       47296 kB
PageTables:        64296 kB
NFS_Unstable:          0 kB
Bounce:                0 kB
WritebackTmp:          0 kB
CommitLimit:     9202292 kB
Committed_AS:   67539924 kB
VmallocTotal:   263061440 kB
VmallocUsed:      104216 kB
VmallocChunk:          0 kB
Percpu:             7680 kB
CmaTotal:         294912 kB
CmaFree:               0 kB
MemTotal:       12113136 kB
MemFree:          811556 kB
MemAvailable:    7880128 kB
Buffers:            8312 kB
Cached:          7123312 kB
SwapCached:            0 kB
Active:          2322580 kB
Inactive:        6102152 kB
Active(anon):    1005992 kB
Inactive(anon):   340648 kB
Active(file):    1316588 kB
Inactive(file):  5761504 kB
Unevictable:        5592 kB
Mlocked:            5592 kB
SwapTotal:       3145724 kB
SwapFree:        3145724 kB
Dirty:               444 kB
Writeback:             0 kB
AnonPages:       1298760 kB
Mapped:           689044 kB
Shmem:             48988 kB
KReclaimable:     875568 kB
Slab:             245360 kB
SReclaimable:      97820 kB
SUnreclaim:       147540 kB
KernelStack:       47216 kB
PageTables:        64240 kB
NFS_Unstable:          0 kB
Bounce:                0 kB
WritebackTmp:          0 kB
CommitLimit:     9202292 kB
Committed_AS:   67545244 kB
VmallocTotal:   263061440 kB
VmallocUsed:      104264 kB
VmallocChunk:          0 kB
Percpu:             7680 kB
CmaTotal:         294912 kB
CmaFree:               0 kB
MemTotal:       12113136 kB
MemFree:          810376 kB
MemAvailable:    7878968 kB
Buffers:            8312 kB
Cached:          7123588 kB
SwapCached:            0 kB
Active:          2323784 kB
Inactive:        6102432 kB
Active(anon):    1007200 kB
Inactive(anon):   340904 kB
Active(file):    1316584 kB
Inactive(file):  5761528 kB
Unevictable:        5592 kB
Mlocked:            5592 kB
SwapTotal:       3145724 kB
SwapFree:        3145724 kB
Dirty:               484 kB
Writeback:             0 kB
AnonPages:       1300040 kB
Mapped:           688784 kB
Shmem:             49244 kB
KReclaimable:     875568 kB
Slab:             245364 kB
SReclaimable:      97820 kB
SUnreclaim:       147544 kB
KernelStack:       47232 kB
PageTables:        64296 kB
NFS_Unstable:          0 kB
Bounce:                0 kB
WritebackTmp:          0 kB
CommitLimit:     9202292 kB
Committed_AS:   67540892 kB
VmallocTotal:   263061440 kB
VmallocUsed:      104248 kB
VmallocChunk:          0 kB
Percpu:             7680 kB
CmaTotal:         294912 kB
CmaFree:               0 kB
MemTotal:       12113136 kB
MemFree:          812776 kB
MemAvailable:    7881388 kB
Buffers:            8312 kB
Cached:          7123864 kB
SwapCached:            0 kB
Active:          2321348 kB
Inactive:        6102704 kB
Active(anon):    1004760 kB
Inactive(anon):   341160 kB
Active(file):    1316588 kB
Inactive(file):  5761544 kB
Unevictable:        5592 kB
Mlocked:            5592 kB
SwapTotal:       3145724 kB
SwapFree:        3145724 kB
Dirty:               540 kB
Writeback:             0 kB
AnonPages:       1297568 kB
Mapped:           689052 kB
Shmem:             49500 kB
KReclaimable:     875568 kB
Slab:             245364 kB
SReclaimable:      97820 kB
SUnreclaim:       147544 kB
KernelStack:       47232 kB
PageTables:        64296 kB
NFS_Unstable:          0 kB
Bounce:                0 kB
WritebackTmp:          0 kB
CommitLimit:     9202292 kB
Committed_AS:   67536208 kB
VmallocTotal:   263061440 kB
VmallocUsed:      104200 kB
VmallocChunk:          0 kB
Percpu:             7680 kB
CmaTotal:         294912 kB
CmaFree:               0 kB
MemTotal:       12113136 kB
MemFree:          809088 kB
MemAvailable:    7877724 kB
Buffers:            8312 kB
Cached:          7124144 kB
SwapCached:            0 kB
Active:          2323376 kB
Inactive:        6102980 kB
Active(anon):    1006784 kB
Inactive(anon):   341416 kB
Active(file):    1316592 kB
Inactive(file):  5761564 kB
Unevictable:        5592 kB
Mlocked:            5592 kB
SwapTotal:       3145724 kB
SwapFree:        3145724 kB
Dirty:               632 kB
Writeback:             0 kB
AnonPages:       1299644 kB
Mapped:           688792 kB
Shmem:             49756 kB
KReclaimable:     875568 kB
Slab:             245368 kB
SReclaimable:      97820 kB
SUnreclaim:       147548 kB
KernelStack:       47248 kB
PageTables:        64300 kB
NFS_Unstable:          0 kB
Bounce:                0 kB
WritebackTmp:          0 kB
CommitLimit:     9202292 kB
Committed_AS:   67545068 kB
VmallocTotal:   263061440 kB
VmallocUsed:      104264 kB
VmallocChunk:          0 kB
Percpu:             7680 kB
CmaTotal:         294912 kB
CmaFree:               0 kB
MemTotal:       12113136 kB
MemFree:          806636 kB
MemAvailable:    7875316 kB
Buffers:            8312 kB
Cached:          7124428 kB
SwapCached:            0 kB
Active:          2325592 kB
Inactive:        6103264 kB
Active(anon):    1009000 kB
Inactive(anon):   341672 kB
Active(file):    1316592 kB
Inactive(file):  5761592 kB
Unevictable:        5592 kB
Mlocked:            5592 kB
SwapTotal:       3145724 kB
SwapFree:        3145724 kB
Dirty:               868 kB
Writeback:             0 kB
AnonPages:       1301808 kB
Mapped:           688536 kB
Shmem:             50012 kB
KReclaimable:     875584 kB
Slab:             245384 kB
SReclaimable:      97836 kB
SUnreclaim:       147548 kB
KernelStack:       47216 kB
PageTables:        64240 kB
NFS_Unstable:          0 kB
Bounce:                0 kB
WritebackTmp:          0 kB
CommitLimit:     9202292 kB
Committed_AS:   67541568 kB
VmallocTotal:   263061440 kB
VmallocUsed:      104216 kB
VmallocChunk:          0 kB
Percpu:             7680 kB
CmaTotal:         294912 kB
CmaFree:              48 kB
MemTotal:       12113136 kB
MemFree:          805592 kB
MemAvailable:    7874276 kB
Buffers:            8312 kB
Cached:          7124704 kB
SwapCached:            0 kB
Active:          2325400 kB
Inactive:        6103540 kB
Active(anon):    1008808 kB
Inactive(anon):   341928 kB
Active(file):    1316592 kB
Inactive(file):  5761612 kB
Unevictable:        5592 kB
Mlocked:            5592 kB
SwapTotal:       3145724 kB
SwapFree:        3145724 kB
Dirty:              1140 kB
Writeback:             0 kB
AnonPages:       1301700 kB
Mapped:           688544 kB
Shmem:             50268 kB
KReclaimable:     875568 kB
Slab:             245368 kB
SReclaimable:      97820 kB
SUnreclaim:       147548 kB
KernelStack:       47216 kB
PageTables:        64292 kB
NFS_Unstable:          0 kB
Bounce:                0 kB
WritebackTmp:          0 kB
CommitLimit:     9202292 kB
Committed_AS:   67542400 kB
VmallocTotal:   263061440 kB
VmallocUsed:      104184 kB
VmallocChunk:          0 kB
Percpu:             7680 kB
CmaTotal:         294912 kB
CmaFree:               0 kB
MemTotal:       12113136 kB
MemFree:          804712 kB
MemAvailable:    7873412 kB
Buffers:            8312 kB
Cached:          7124976 kB
SwapCached:            0 kB
Active:          2326516 kB
Inactive:        6103812 kB
Active(anon):    1009924 kB
Inactive(anon):   342184 kB
Active(file):    1316592 kB
Inactive(file):  5761628 kB
Unevictable:        5592 kB
Mlocked:            5592 kB
SwapTotal:       3145724 kB
SwapFree:        3145724 kB
Dirty:              1368 kB
Writeback:             0 kB
AnonPages:       1302808 kB
Mapped:           688804 kB
Shmem:             50524 kB
KReclaimable:     875568 kB
Slab:             245364 kB
SReclaimable:      97820 kB
SUnreclaim:       147544 kB
KernelStack:       47200 kB
PageTables:        64296 kB
NFS_Unstable:          0 kB
Bounce:                0 kB
WritebackTmp:          0 kB
CommitLimit:     9202292 kB
Committed_AS:   67542408 kB
VmallocTotal:   263061440 kB
VmallocUsed:      104216 kB
VmallocChunk:          0 kB
Percpu:             7680 kB
CmaTotal:         294912 kB
CmaFree:               0 kB
MemTotal:       12113136 kB
MemFree:          803400 kB
MemAvailable:    7872128 kB
Buffers:            8312 kB
Cached:          7125260 kB
SwapCached:            0 kB
Active:          2327824 kB
Inactive:        6104096 kB
Active(anon):    1011232 kB
Inactive(anon):   342440 kB
Active(file):    1316592 kB
Inactive(file):  5761656 kB
Unevictable:        5592 kB
Mlocked:            5592 kB
SwapTotal:       3145724 kB
SwapFree:        3145724 kB
Dirty:               388 kB
Writeback:             0 kB
AnonPages:       1303988 kB
Mapped:           688804 kB
Shmem:             50780 kB
KReclaimable:     875568 kB
Slab:             245508 kB
SReclaimable:      97820 kB
SUnreclaim:       147688 kB
KernelStack:       47216 kB
PageTables:        64292 kB
NFS_Unstable:          0 kB
Bounce:                0 kB
WritebackTmp:          0 kB
CommitLimit:     9202292 kB
Committed_AS:   67541844 kB
VmallocTotal:   263061440 kB
VmallocUsed:      104168 kB
VmallocChunk:          0 kB
Percpu:             7680 kB
CmaTotal:         294912 kB
CmaFree:               0 kB
MemTotal:       12113136 kB
MemFree:          803312 kB
MemAvailable:    7872060 kB
Buffers:            8312 kB
Cached:          7125536 kB
SwapCached:            0 kB
Active:          2328180 kB
Inactive:        6104372 kB
Active(anon):    1011588 kB
Inactive(anon):   342696 kB
Active(file):    1316592 kB
Inactive(file):  5761676 kB
Unevictable:        5592 kB
Mlocked:            5592 kB
SwapTotal:       3145724 kB
SwapFree:        3145724 kB
Dirty:               456 kB
Writeback:             0 kB
AnonPages:       1304480 kB
Mapped:           688812 kB
Shmem:             51036 kB
KReclaimable:     875568 kB
Slab:             245504 kB
SReclaimable:      97820 kB
SUnreclaim:       147684 kB
KernelStack:       47216 kB
PageTables:        64292 kB
NFS_Unstable:          0 kB
Bounce:                0 kB
WritebackTmp:          0 kB
CommitLimit:     9202292 kB
Committed_AS:   67537552 kB
VmallocTotal:   263061440 kB
VmallocUsed:      104184 kB
VmallocChunk:          0 kB
Percpu:             7680 kB
CmaTotal:         294912 kB
CmaFree:               0 kB
MemTotal:       12113136 kB
MemFree:          802164 kB
MemAvailable:    7870944 kB
Buffers:            8320 kB
Cached:          7125816 kB
SwapCached:            0 kB
Active:          2329624 kB
Inactive:        6104660 kB
Active(anon):    1013032 kB
Inactive(anon):   342952 kB
Active(file):    1316592 kB
Inactive(file):  5761708 kB
Unevictable:        5592 kB
Mlocked:            5592 kB
SwapTotal:       3145724 kB
SwapFree:        3145724 kB
Dirty:               500 kB
Writeback:             0 kB
AnonPages:       1305828 kB
Mapped:           688552 kB
Shmem:             51292 kB
KReclaimable:     875568 kB
Slab:             245504 kB
SReclaimable:      97820 kB
SUnreclaim:       147684 kB
KernelStack:       47200 kB
PageTables:        64316 kB
NFS_Unstable:          0 kB
Bounce:                0 kB
WritebackTmp:          0 kB
CommitLimit:     9202292 kB
Committed_AS:   67533344 kB
VmallocTotal:   263061440 kB
VmallocUsed:      104152 kB
VmallocChunk:          0 kB
Percpu:             7680 kB
CmaTotal:         294912 kB
CmaFree:               0 kB
MemTotal:       12113136 kB
MemFree:          801180 kB
MemAvailable:    7870000 kB
Buffers:            8320 kB
Cached:          7126112 kB
SwapCached:            0 kB
Active:          2331040 kB
Inactive:        6104948 kB
Active(anon):    1014440 kB
Inactive(anon):   343208 kB
Active(file):    1316600 kB
Inactive(file):  5761740 kB
Unevictable:        5592 kB
Mlocked:            5592 kB
SwapTotal:       3145724 kB
SwapFree:        3145724 kB
Dirty:               536 kB
Writeback:             0 kB
AnonPages:       1307180 kB
Mapped:           688816 kB
Shmem:             51548 kB
KReclaimable:     875568 kB
Slab:             245508 kB
SReclaimable:      97820 kB
SUnreclaim:       147688 kB
KernelStack:       47232 kB
PageTables:        64420 kB
NFS_Unstable:          0 kB
Bounce:                0 kB
WritebackTmp:          0 kB
CommitLimit:     9202292 kB
Committed_AS:   67535464 kB
VmallocTotal:   263061440 kB
VmallocUsed:      104152 kB
VmallocChunk:          0 kB
Percpu:             7680 kB
CmaTotal:         294912 kB
CmaFree:               0 kB
MemTotal:       12113136 kB
MemFree:          799112 kB
MemAvailable:    7867956 kB
Buffers:            8320 kB
Cached:          7126392 kB
SwapCached:            0 kB
Active:          2332348 kB
Inactive:        6105228 kB
Active(anon):    1015748 kB
Inactive(anon):   343464 kB
Active(file):    1316600 kB
Inactive(file):  5761764 kB
Unevictable:        5592 kB
Mlocked:            5592 kB
SwapTotal:       3145724 kB
SwapFree:        3145724 kB
Dirty:               568 kB
Writeback:             0 kB
AnonPages:       1308460 kB
Mapped:           688840 kB
Shmem:             51804 kB
KReclaimable:     875568 kB
Slab:             245340 kB
SReclaimable:      97820 kB
SUnreclaim:       147520 kB
KernelStack:       47216 kB
PageTables:        64292 kB
NFS_Unstable:          0 kB
Bounce:                0 kB
WritebackTmp:          0 kB
CommitLimit:     9202292 kB
Committed_AS:   67537820 kB
VmallocTotal:   263061440 kB
VmallocUsed:      104168 kB
VmallocChunk:          0 kB
Percpu:             7680 kB
CmaTotal:         294912 kB
CmaFree:               0 kB
MemTotal:       12113136 kB
MemFree:          796552 kB
MemAvailable:    7865416 kB
Buffers:            8320 kB
Cached:          7126668 kB
SwapCached:            0 kB
Active:          2334252 kB
Inactive:        6105504 kB
Active(anon):    1017652 kB
Inactive(anon):   343720 kB
Active(file):    1316600 kB
Inactive(file):  5761784 kB
Unevictable:        5592 kB
Mlocked:            5592 kB
SwapTotal:       3145724 kB
SwapFree:        3145724 kB
Dirty:               284 kB
Writeback:             0 kB
AnonPages:       1310124 kB
Mapped:           688608 kB
Shmem:             52060 kB
KReclaimable:     875568 kB
Slab:             245220 kB
SReclaimable:      97820 kB
SUnreclaim:       147400 kB
KernelStack:       47216 kB
PageTables:        64292 kB
NFS_Unstable:          0 kB
Bounce:                0 kB
WritebackTmp:          0 kB
CommitLimit:     9202292 kB
Committed_AS:   67537776 kB
VmallocTotal:   263061440 kB
VmallocUsed:      104184 kB
VmallocChunk:          0 kB
Percpu:             7680 kB
CmaTotal:         294912 kB
CmaFree:               0 kB
MemTotal:       12113136 kB
MemFree:          810552 kB
MemAvailable:    7879432 kB
Buffers:            8320 kB
Cached:          7126940 kB
SwapCached:            0 kB
Active:          2320064 kB
Inactive:        6105776 kB
Active(anon):    1003464 kB
Inactive(anon):   343976 kB
Active(file):    1316600 kB
Inactive(file):  5761800 kB
Unevictable:        5592 kB
Mlocked:            5592 kB
SwapTotal:       3145724 kB
SwapFree:        3145724 kB
Dirty:               356 kB
Writeback:             0 kB
AnonPages:       1296224 kB
Mapped:           688896 kB
Shmem:             52316 kB
KReclaimable:     875568 kB
Slab:             245228 kB
SReclaimable:      97820 kB
SUnreclaim:       147408 kB
KernelStack:       47216 kB
PageTables:        64292 kB
NFS_Unstable:          0 kB
Bounce:                0 kB
WritebackTmp:          0 kB
CommitLimit:     9202292 kB
Committed_AS:   67538140 kB
VmallocTotal:   263061440 kB
VmallocUsed:      104200 kB
VmallocChunk:          0 kB
Percpu:             7680 kB
CmaTotal:         294912 kB
CmaFree:               0 kB
MemTotal:       12113136 kB
MemFree:          809992 kB
MemAvailable:    7878892 kB
Buffers:            8320 kB
Cached:          7127216 kB
SwapCached:            0 kB
Active:          2321124 kB
Inactive:        6106052 kB
Active(anon):    1004524 kB
Inactive(anon):   344232 kB
Active(file):    1316600 kB
Inactive(file):  5761820 kB
Unevictable:        5592 kB
Mlocked:            5592 kB
SwapTotal:       3145724 kB
SwapFree:        3145724 kB
Dirty:               396 kB
Writeback:             0 kB
AnonPages:       1297192 kB
Mapped:           688732 kB
Shmem:             52572 kB
KReclaimable:     875568 kB
Slab:             245228 kB
SReclaimable:      97820 kB
SUnreclaim:       147408 kB
KernelStack:       47216 kB
PageTables:        64264 kB
NFS_Unstable:          0 kB
Bounce:                0 kB
WritebackTmp:          0 kB
CommitLimit:     9202292 kB
Committed_AS:   67536908 kB
VmallocTotal:   263061440 kB
VmallocUsed:      104200 kB
VmallocChunk:          0 kB
Percpu:             7680 kB
CmaTotal:         294912 kB
CmaFree:              32 kB
MemTotal:       12113136 kB
MemFree:          807528 kB
MemAvailable:    7876452 kB
Buffers:            8320 kB
Cached:          7127496 kB
SwapCached:            0 kB
Active:          2323288 kB
Inactive:        6106332 kB
Active(anon):    1006688 kB
Inactive(anon):   344488 kB
Active(file):    1316600 kB
Inactive(file):  5761844 kB
Unevictable:        5592 kB
Mlocked:            5592 kB
SwapTotal:       3145724 kB
SwapFree:        3145724 kB
Dirty:               448 kB
Writeback:             0 kB
AnonPages:       1299560 kB
Mapped:           688700 kB
Shmem:             52828 kB
KReclaimable:     875568 kB
Slab:             245268 kB
SReclaimable:      97820 kB
SUnreclaim:       147448 kB
KernelStack:       47232 kB
PageTables:        64272 kB
NFS_Unstable:          0 kB
Bounce:                0 kB
WritebackTmp:          0 kB
CommitLimit:     9202292 kB
Committed_AS:   67537044 kB
VmallocTotal:   263061440 kB
VmallocUsed:      104184 kB
VmallocChunk:          0 kB
Percpu:             7680 kB
CmaTotal:         294912 kB
CmaFree:               0 kB
MemTotal:       12113136 kB
MemFree:          805888 kB
MemAvailable:    7874828 kB
Buffers:            8320 kB
Cached:          7127768 kB
SwapCached:            0 kB
Active:          2324528 kB
Inactive:        6106604 kB
Active(anon):    1007928 kB
Inactive(anon):   344744 kB
Active(file):    1316600 kB
Inactive(file):  5761860 kB
Unevictable:        5592 kB
Mlocked:            5592 kB
SwapTotal:       3145724 kB
SwapFree:        3145724 kB
Dirty:               484 kB
Writeback:             0 kB
AnonPages:       1300644 kB
Mapped:           688728 kB
Shmem:             53084 kB
KReclaimable:     875568 kB
Slab:             245300 kB
SReclaimable:      97820 kB
SUnreclaim:       147480 kB
KernelStack:       47216 kB
PageTables:        64292 kB
NFS_Unstable:          0 kB
Bounce:                0 kB
WritebackTmp:          0 kB
CommitLimit:     9202292 kB
Committed_AS:   67539968 kB
VmallocTotal:   263061440 kB
VmallocUsed:      104200 kB
VmallocChunk:          0 kB
Percpu:             7680 kB
CmaTotal:         294912 kB
CmaFree:               0 kB
MemTotal:       12113136 kB
MemFree:          803112 kB
MemAvailable:    7872072 kB
Buffers:            8320 kB
Cached:          7128044 kB
SwapCached:            0 kB
Active:          2326024 kB
Inactive:        6106880 kB
Active(anon):    1009424 kB
Inactive(anon):   345000 kB
Active(file):    1316600 kB
Inactive(file):  5761880 kB
Unevictable:        5592 kB
Mlocked:            5592 kB
SwapTotal:       3145724 kB
SwapFree:        3145724 kB
Dirty:               248 kB
Writeback:             0 kB
AnonPages:       1302264 kB
Mapped:           689020 kB
Shmem:             53340 kB
KReclaimable:     875568 kB
Slab:             245308 kB
SReclaimable:      97820 kB
SUnreclaim:       147488 kB
KernelStack:       47216 kB
PageTables:        64296 kB
NFS_Unstable:          0 kB
Bounce:                0 kB
WritebackTmp:          0 kB
CommitLimit:     9202292 kB
Committed_AS:   67541704 kB
VmallocTotal:   263061440 kB
VmallocUsed:      104216 kB
VmallocChunk:          0 kB
Percpu:             7680 kB
CmaTotal:         294912 kB
CmaFree:               0 kB
MemTotal:       12113136 kB
MemFree:          802488 kB
MemAvailable:    7871472 kB
Buffers:            8320 kB
Cached:          7128324 kB
SwapCached:            0 kB
Active:          2326988 kB
Inactive:        6107160 kB
Active(anon):    1010388 kB
Inactive(anon):   345256 kB
Active(file):    1316600 kB
Inactive(file):  5761904 kB
Unevictable:        5592 kB
Mlocked:            5592 kB
SwapTotal:       3145724 kB
SwapFree:        3145724 kB
Dirty:               364 kB
Writeback:             0 kB
AnonPages:       1303120 kB
Mapped:           689084 kB
Shmem:             53596 kB
KReclaimable:     875568 kB
Slab:             245316 kB
SReclaimable:      97820 kB
SUnreclaim:       147496 kB
KernelStack:       47216 kB
PageTables:        64320 kB
NFS_Unstable:          0 kB
Bounce:                0 kB
WritebackTmp:          0 kB
CommitLimit:     9202292 kB
Committed_AS:   67536184 kB
VmallocTotal:   263061440 kB
VmallocUsed:      104200 kB
VmallocChunk:          0 kB
Percpu:             7680 kB
CmaTotal:         294912 kB
CmaFree:               0 kB
MemTotal:       12113136 kB
MemFree:          801552 kB
MemAvailable:    7870576 kB
Buffers:            8320 kB
Cached:          7128620 kB
SwapCached:            0 kB
Active:          2328168 kB
Inactive:        6107452 kB
Active(anon):    1011564 kB
Inactive(anon):   345512 kB
Active(file):    1316604 kB
Inactive(file):  5761940 kB
Unevictable:        5592 kB
Mlocked:            5592 kB
SwapTotal:       3145724 kB
SwapFree:        3145724 kB
Dirty:               444 kB
Writeback:             0 kB
AnonPages:       1304432 kB
Mapped:           689080 kB
Shmem:             53852 kB
KReclaimable:     875568 kB
Slab:             245324 kB
SReclaimable:      97820 kB
SUnreclaim:       147504 kB
KernelStack:       47216 kB
PageTables:        64292 kB
NFS_Unstable:          0 kB
Bounce:                0 kB
WritebackTmp:          0 kB
CommitLimit:     9202292 kB
Committed_AS:   67540556 kB
VmallocTotal:   263061440 kB
VmallocUsed:      104168 kB
VmallocChunk:          0 kB
Percpu:             7680 kB
CmaTotal:         294912 kB
CmaFree:               0 kB
MemTotal:       12113136 kB
MemFree:          799304 kB
MemAvailable:    7868340 kB
Buffers:            8320 kB
Cached:          7128896 kB
SwapCached:            0 kB
Active:          2329748 kB
Inactive:        6107732 kB
Active(anon):    1013148 kB
Inactive(anon):   345776 kB
Active(file):    1316600 kB
Inactive(file):  5761956 kB
Unevictable:        5592 kB
Mlocked:            5592 kB
SwapTotal:       3145724 kB
SwapFree:        3145724 kB
Dirty:               476 kB
Writeback:             0 kB
AnonPages:       1306060 kB
Mapped:           689120 kB
Shmem:             54116 kB
KReclaimable:     875568 kB
Slab:             245396 kB
SReclaimable:      97820 kB
SUnreclaim:       147576 kB
KernelStack:       47200 kB
PageTables:        64244 kB
NFS_Unstable:          0 kB
Bounce:                0 kB
WritebackTmp:          0 kB
CommitLimit:     9202292 kB
Committed_AS:   67546980 kB
VmallocTotal:   263061440 kB
VmallocUsed:      104152 kB
VmallocChunk:          0 kB
Percpu:             7680 kB
CmaTotal:         294912 kB
CmaFree:               0 kB
MemTotal:       12113136 kB
MemFree:          818008 kB
MemAvailable:    7887056 kB
Buffers:            8320 kB
Cached:          7122320 kB
SwapCached:            0 kB
Active:          2316424 kB
Inactive:        6101156 kB
Active(anon):     999824 kB
Inactive(anon):   339188 kB
Active(file):    1316600 kB
Inactive(file):  5761968 kB
Unevictable:        5592 kB
Mlocked:            5592 kB
SwapTotal:       3145724 kB
SwapFree:        3145724 kB
Dirty:               520 kB
Writeback:             0 kB
AnonPages:       1292884 kB
Mapped:           689152 kB
Shmem:             47528 kB
KReclaimable:     875568 kB
Slab:             245204 kB
SReclaimable:      97820 kB
SUnreclaim:       147384 kB
KernelStack:       47216 kB
PageTables:        64292 kB
NFS_Unstable:          0 kB
Bounce:                0 kB
WritebackTmp:          0 kB
CommitLimit:     9202292 kB
Committed_AS:   67545432 kB
VmallocTotal:   263061440 kB
VmallocUsed:      104152 kB
VmallocChunk:          0 kB
Percpu:             7680 kB
CmaTotal:         294912 kB
CmaFree:               0 kB
MemTotal:       12113136 kB
MemFree:          819768 kB
MemAvailable:    7888864 kB
Buffers:            8320 kB
Cached:          7122608 kB
SwapCached:            0 kB
Active:          2314632 kB
Inactive:        6101444 kB
Active(anon):     998032 kB
Inactive(anon):   339444 kB
Active(file):    1316600 kB
Inactive(file):  5762000 kB
Unevictable:        5592 kB
Mlocked:            5592 kB
SwapTotal:       3145724 kB
SwapFree:        3145724 kB
Dirty:               260 kB
Writeback:             0 kB
AnonPages:       1290996 kB
Mapped:           689188 kB
Shmem:             47784 kB
KReclaimable:     875584 kB
Slab:             245220 kB
SReclaimable:      97836 kB
SUnreclaim:       147384 kB
KernelStack:       47216 kB
PageTables:        64296 kB
NFS_Unstable:          0 kB
Bounce:                0 kB
WritebackTmp:          0 kB
CommitLimit:     9202292 kB
Committed_AS:   67545224 kB
VmallocTotal:   263061440 kB
VmallocUsed:      104200 kB
VmallocChunk:          0 kB
Percpu:             7680 kB
CmaTotal:         294912 kB
CmaFree:               0 kB
MemTotal:       12113136 kB
MemFree:          818572 kB
MemAvailable:    7887664 kB
Buffers:            8320 kB
Cached:          7122876 kB
SwapCached:            0 kB
Active:          2315756 kB
Inactive:        6101712 kB
Active(anon):     999156 kB
Inactive(anon):   339700 kB
Active(file):    1316600 kB
Inactive(file):  5762012 kB
Unevictable:        5592 kB
Mlocked:            5592 kB
SwapTotal:       3145724 kB
SwapFree:        3145724 kB
Dirty:               336 kB
Writeback:             0 kB
AnonPages:       1292188 kB
Mapped:           688952 kB
Shmem:             48040 kB
KReclaimable:     875568 kB
Slab:             245204 kB
SReclaimable:      97820 kB
SUnreclaim:       147384 kB
KernelStack:       47216 kB
PageTables:        64292 kB
NFS_Unstable:          0 kB
Bounce:                0 kB
WritebackTmp:          0 kB
CommitLimit:     9202292 kB
Committed_AS:   67545036 kB
VmallocTotal:   263061440 kB
VmallocUsed:      104200 kB
VmallocChunk:          0 kB
Percpu:             7680 kB
CmaTotal:         294912 kB
CmaFree:               0 kB
MemTotal:       12113136 kB
MemFree:          816068 kB
MemAvailable:    7885204 kB
Buffers:            8320 kB
Cached:          7123160 kB
SwapCached:            0 kB
Active:          2317132 kB
Inactive:        6101996 kB
Active(anon):    1000532 kB
Inactive(anon):   339956 kB
Active(file):    1316600 kB
Inactive(file):  5762040 kB
Unevictable:        5592 kB
Mlocked:            5592 kB
SwapTotal:       3145724 kB
SwapFree:        3145724 kB
Dirty:               376 kB
Writeback:             0 kB
AnonPages:       1293408 kB
Mapped:           689240 kB
Shmem:             48296 kB
KReclaimable:     875584 kB
Slab:             245220 kB
SReclaimable:      97836 kB
SUnreclaim:       147384 kB
KernelStack:       47200 kB
PageTables:        64240 kB
NFS_Unstable:          0 kB
Bounce:                0 kB
WritebackTmp:          0 kB
CommitLimit:     9202292 kB
Committed_AS:   67541360 kB
VmallocTotal:   263061440 kB
VmallocUsed:      104264 kB
VmallocChunk:          0 kB
Percpu:             7680 kB
CmaTotal:         294912 kB
CmaFree:               0 kB
MemTotal:       12113136 kB
MemFree:          816232 kB
MemAvailable:    7885388 kB
Buffers:            8324 kB
Cached:          7123448 kB
SwapCached:            0 kB
Active:          2316860 kB
Inactive:        6102284 kB
Active(anon):    1000256 kB
Inactive(anon):   340212 kB
Active(file):    1316604 kB
Inactive(file):  5762072 kB
Unevictable:        5592 kB
Mlocked:            5592 kB
SwapTotal:       3145724 kB
SwapFree:        3145724 kB
Dirty:               432 kB
Writeback:             0 kB
AnonPages:       1292920 kB
Mapped:           689276 kB
Shmem:             48552 kB
KReclaimable:     875568 kB
Slab:             245212 kB
SReclaimable:      97820 kB
SUnreclaim:       147392 kB
KernelStack:       47200 kB
PageTables:        64292 kB
NFS_Unstable:          0 kB
Bounce:                0 kB
WritebackTmp:          0 kB
CommitLimit:     9202292 kB
Committed_AS:   67541608 kB
VmallocTotal:   263061440 kB
VmallocUsed:      104216 kB
VmallocChunk:          0 kB
Percpu:             7680 kB
CmaTotal:         294912 kB
CmaFree:              32 kB
MemTotal:       12113136 kB
MemFree:          815716 kB
MemAvailable:    7884900 kB
Buffers:            8324 kB
Cached:          7123732 kB
SwapCached:            0 kB
Active:          2318196 kB
Inactive:        6102568 kB
Active(anon):    1001592 kB
Inactive(anon):   340468 kB
Active(file):    1316604 kB
Inactive(file):  5762100 kB
Unevictable:        5592 kB
Mlocked:            5592 kB
SwapTotal:       3145724 kB
SwapFree:        3145724 kB
Dirty:               496 kB
Writeback:             0 kB
AnonPages:       1294344 kB
Mapped:           689304 kB
Shmem:             48808 kB
KReclaimable:     875568 kB
Slab:             245212 kB
SReclaimable:      97820 kB
SUnreclaim:       147392 kB
KernelStack:       47216 kB
PageTables:        64292 kB
NFS_Unstable:          0 kB
Bounce:                0 kB
WritebackTmp:          0 kB
CommitLimit:     9202292 kB
Committed_AS:   67546476 kB
VmallocTotal:   263061440 kB
VmallocUsed:      104184 kB
VmallocChunk:          0 kB
Percpu:             7680 kB
CmaTotal:         294912 kB
CmaFree:               0 kB
MemTotal:       12113136 kB
MemFree:          813408 kB
MemAvailable:    7882612 kB
Buffers:            8324 kB
Cached:          7124008 kB
SwapCached:            0 kB
Active:          2320732 kB
Inactive:        6102844 kB
Active(anon):    1004128 kB
Inactive(anon):   340724 kB
Active(file):    1316604 kB
Inactive(file):  5762120 kB
Unevictable:        5592 kB
Mlocked:            5592 kB
SwapTotal:       3145724 kB
SwapFree:        3145724 kB
Dirty:               240 kB
Writeback:             0 kB
AnonPages:       1297192 kB
Mapped:           688720 kB
Shmem:             49064 kB
KReclaimable:     875568 kB
Slab:             245244 kB
SReclaimable:      97820 kB
SUnreclaim:       147424 kB
KernelStack:       47216 kB
PageTables:        64292 kB
NFS_Unstable:          0 kB
Bounce:                0 kB
WritebackTmp:          0 kB
CommitLimit:     9202292 kB
Committed_AS:   67541300 kB
VmallocTotal:   263061440 kB
VmallocUsed:      104168 kB
VmallocChunk:          0 kB
Percpu:             7680 kB
CmaTotal:         294912 kB
CmaFree:               0 kB
MemTotal:       12113136 kB
MemFree:          811448 kB
MemAvailable:    7880668 kB
Buffers:            8324 kB
Cached:          7124280 kB
SwapCached:            0 kB
Active:          2322152 kB
Inactive:        6103116 kB
Active(anon):    1005548 kB
Inactive(anon):   340980 kB
Active(file):    1316604 kB
Inactive(file):  5762136 kB
Unevictable:        5592 kB
Mlocked:            5592 kB
SwapTotal:       3145724 kB
SwapFree:        3145724 kB
Dirty:               340 kB
Writeback:             0 kB
AnonPages:       1298308 kB
Mapped:           688748 kB
Shmem:             49320 kB
KReclaimable:     875568 kB
Slab:             245248 kB
SReclaimable:      97820 kB
SUnreclaim:       147428 kB
KernelStack:       47216 kB
PageTables:        64292 kB
NFS_Unstable:          0 kB
Bounce:                0 kB
WritebackTmp:          0 kB
CommitLimit:     9202292 kB
Committed_AS:   67546564 kB
VmallocTotal:   263061440 kB
VmallocUsed:      104184 kB
VmallocChunk:          0 kB
Percpu:             7680 kB
CmaTotal:         294912 kB
CmaFree:               0 kB
MemTotal:       12113136 kB
MemFree:          810440 kB
MemAvailable:    7879684 kB
Buffers:            8324 kB
Cached:          7124560 kB
SwapCached:            0 kB
Active:          2323100 kB
Inactive:        6103396 kB
Active(anon):    1006496 kB
Inactive(anon):   341236 kB
Active(file):    1316604 kB
Inactive(file):  5762160 kB
Unevictable:        5592 kB
Mlocked:            5592 kB
SwapTotal:       3145724 kB
SwapFree:        3145724 kB
Dirty:               388 kB
Writeback:             0 kB
AnonPages:       1299212 kB
Mapped:           688668 kB
Shmem:             49576 kB
KReclaimable:     875568 kB
Slab:             245248 kB
SReclaimable:      97820 kB
SUnreclaim:       147428 kB
KernelStack:       47200 kB
PageTables:        64220 kB
NFS_Unstable:          0 kB
Bounce:                0 kB
WritebackTmp:          0 kB
CommitLimit:     9202292 kB
Committed_AS:   67544564 kB
VmallocTotal:   263061440 kB
VmallocUsed:      104216 kB
VmallocChunk:          0 kB
Percpu:             7680 kB
CmaTotal:         294912 kB
CmaFree:               0 kB
MemTotal:       12113136 kB
MemFree:          808840 kB
MemAvailable:    7878104 kB
Buffers:            8324 kB
Cached:          7124836 kB
SwapCached:            0 kB
Active:          2324576 kB
Inactive:        6103672 kB
Active(anon):    1007972 kB
Inactive(anon):   341492 kB
Active(file):    1316604 kB
Inactive(file):  5762180 kB
Unevictable:        5592 kB
Mlocked:            5592 kB
SwapTotal:       3145724 kB
SwapFree:        3145724 kB
Dirty:               440 kB
Writeback:             0 kB
AnonPages:       1300712 kB
Mapped:           688552 kB
Shmem:             49832 kB
KReclaimable:     875568 kB
Slab:             245248 kB
SReclaimable:      97820 kB
SUnreclaim:       147428 kB
KernelStack:       47216 kB
PageTables:        64296 kB
NFS_Unstable:          0 kB
Bounce:                0 kB
WritebackTmp:          0 kB
CommitLimit:     9202292 kB
Committed_AS:   67544672 kB
VmallocTotal:   263061440 kB
VmallocUsed:      104216 kB
VmallocChunk:          0 kB
Percpu:             7680 kB
CmaTotal:         294912 kB
CmaFree:               0 kB
MemTotal:       12113136 kB
MemFree:          807160 kB
MemAvailable:    7876448 kB
Buffers:            8324 kB
Cached:          7125116 kB
SwapCached:            0 kB
Active:          2326092 kB
Inactive:        6103948 kB
Active(anon):    1009484 kB
Inactive(anon):   341748 kB
Active(file):    1316608 kB
Inactive(file):  5762200 kB
Unevictable:        5592 kB
Mlocked:            5592 kB
SwapTotal:       3145724 kB
SwapFree:        3145724 kB
Dirty:               496 kB
Writeback:             0 kB
AnonPages:       1302212 kB
Mapped:           688576 kB
Shmem:             50088 kB
KReclaimable:     875568 kB
Slab:             245248 kB
SReclaimable:      97820 kB
SUnreclaim:       147428 kB
KernelStack:       47232 kB
PageTables:        64292 kB
NFS_Unstable:          0 kB
Bounce:                0 kB
WritebackTmp:          0 kB
CommitLimit:     9202292 kB
Committed_AS:   67543528 kB
VmallocTotal:   263061440 kB
VmallocUsed:      104216 kB
VmallocChunk:          0 kB
Percpu:             7680 kB
CmaTotal:         294912 kB
CmaFree:               0 kB
MemTotal:       12113136 kB
MemFree:          805796 kB
MemAvailable:    7875092 kB
Buffers:            8324 kB
Cached:          7125384 kB
SwapCached:            0 kB
Active:          2327636 kB
Inactive:        6104220 kB
Active(anon):    1011032 kB
Inactive(anon):   342008 kB
Active(file):    1316604 kB
Inactive(file):  5762212 kB
Unevictable:        5592 kB
Mlocked:            5592 kB
SwapTotal:       3145724 kB
SwapFree:        3145724 kB
Dirty:               516 kB
Writeback:             0 kB
AnonPages:       1303980 kB
Mapped:           688872 kB
Shmem:             50348 kB
KReclaimable:     875568 kB
Slab:             245248 kB
SReclaimable:      97820 kB
SUnreclaim:       147428 kB
KernelStack:       47216 kB
PageTables:        64288 kB
NFS_Unstable:          0 kB
Bounce:                0 kB
WritebackTmp:          0 kB
CommitLimit:     9202292 kB
Committed_AS:   67543220 kB
VmallocTotal:   263061440 kB
VmallocUsed:      104216 kB
VmallocChunk:          0 kB
Percpu:             7680 kB
CmaTotal:         294912 kB
CmaFree:               0 kB
MemTotal:       12113136 kB
MemFree:          803720 kB
MemAvailable:    7873048 kB
Buffers:            8324 kB
Cached:          7125672 kB
SwapCached:            0 kB
Active:          2328792 kB
Inactive:        6104508 kB
Active(anon):    1012188 kB
Inactive(anon):   342264 kB
Active(file):    1316604 kB
Inactive(file):  5762244 kB
Unevictable:        5592 kB
Mlocked:            5592 kB
SwapTotal:       3145724 kB
SwapFree:        3145724 kB
Dirty:               580 kB
Writeback:             0 kB
AnonPages:       1304944 kB
Mapped:           688904 kB
Shmem:             50604 kB
KReclaimable:     875568 kB
Slab:             245248 kB
SReclaimable:      97820 kB
SUnreclaim:       147428 kB
KernelStack:       47216 kB
PageTables:        64296 kB
NFS_Unstable:          0 kB
Bounce:                0 kB
WritebackTmp:          0 kB
CommitLimit:     9202292 kB
Committed_AS:   67538528 kB
VmallocTotal:   263061440 kB
VmallocUsed:      104168 kB
VmallocChunk:          0 kB
Percpu:             7680 kB
CmaTotal:         294912 kB
CmaFree:               0 kB
MemTotal:       12113136 kB
MemFree:          802096 kB
MemAvailable:    7871444 kB
Buffers:            8324 kB
Cached:          7125948 kB
SwapCached:            0 kB
Active:          2329932 kB
Inactive:        6104784 kB
Active(anon):    1013328 kB
Inactive(anon):   342520 kB
Active(file):    1316604 kB
Inactive(file):  5762264 kB
Unevictable:        5592 kB
Mlocked:            5592 kB
SwapTotal:       3145724 kB
SwapFree:        3145724 kB
Dirty:               648 kB
Writeback:             0 kB
AnonPages:       1306060 kB
Mapped:           688932 kB
Shmem:             50860 kB
KReclaimable:     875568 kB
Slab:             245248 kB
SReclaimable:      97820 kB
SUnreclaim:       147428 kB
KernelStack:       47200 kB
PageTables:        64236 kB
NFS_Unstable:          0 kB
Bounce:                0 kB
WritebackTmp:          0 kB
CommitLimit:     9202292 kB
Committed_AS:   67543392 kB
VmallocTotal:   263061440 kB
VmallocUsed:      104216 kB
VmallocChunk:          0 kB
Percpu:             7680 kB
CmaTotal:         294912 kB
CmaFree:               0 kB
MemTotal:       12113136 kB
MemFree:          803032 kB
MemAvailable:    7872396 kB
Buffers:            8324 kB
Cached:          7126220 kB
SwapCached:            0 kB
Active:          2325796 kB
Inactive:        6105056 kB
Active(anon):    1009192 kB
Inactive(anon):   342776 kB
Active(file):    1316604 kB
Inactive(file):  5762280 kB
Unevictable:        5592 kB
Mlocked:            5592 kB
SwapTotal:       3145724 kB
SwapFree:        3145724 kB
Dirty:               680 kB
Writeback:             0 kB
AnonPages:       1301956 kB
Mapped:           688768 kB
Shmem:             51116 kB
KReclaimable:     875568 kB
Slab:             245248 kB
SReclaimable:      97820 kB
SUnreclaim:       147428 kB
KernelStack:       47216 kB
PageTables:        64280 kB
NFS_Unstable:          0 kB
Bounce:                0 kB
WritebackTmp:          0 kB
CommitLimit:     9202292 kB
Committed_AS:   67538504 kB
VmallocTotal:   263061440 kB
VmallocUsed:      104232 kB
VmallocChunk:          0 kB
Percpu:             7680 kB
CmaTotal:         294912 kB
CmaFree:               0 kB
MemTotal:       12113136 kB
MemFree:          802928 kB
MemAvailable:    7872312 kB
Buffers:            8324 kB
Cached:          7126496 kB
SwapCached:            0 kB
Active:          2327460 kB
Inactive:        6105332 kB
Active(anon):    1010856 kB
Inactive(anon):   343032 kB
Active(file):    1316604 kB
Inactive(file):  5762300 kB
Unevictable:        5592 kB
Mlocked:            5592 kB
SwapTotal:       3145724 kB
SwapFree:        3145724 kB
Dirty:               732 kB
Writeback:             0 kB
AnonPages:       1303820 kB
Mapped:           688992 kB
Shmem:             51372 kB
KReclaimable:     875568 kB
Slab:             245248 kB
SReclaimable:      97820 kB
SUnreclaim:       147428 kB
KernelStack:       47232 kB
PageTables:        64292 kB
NFS_Unstable:          0 kB
Bounce:                0 kB
WritebackTmp:          0 kB
CommitLimit:     9202292 kB
Committed_AS:   67542900 kB
VmallocTotal:   263061440 kB
VmallocUsed:      104216 kB
VmallocChunk:          0 kB
Percpu:             7680 kB
CmaTotal:         294912 kB
CmaFree:               0 kB
MemTotal:       12113136 kB
MemFree:          801132 kB
MemAvailable:    7870540 kB
Buffers:            8324 kB
Cached:          7126776 kB
SwapCached:            0 kB
Active:          2328940 kB
Inactive:        6105612 kB
Active(anon):    1012336 kB
Inactive(anon):   343288 kB
Active(file):    1316604 kB
Inactive(file):  5762324 kB
Unevictable:        5592 kB
Mlocked:            5592 kB
SwapTotal:       3145724 kB
SwapFree:        3145724 kB
Dirty:               224 kB
Writeback:             0 kB
AnonPages:       1305024 kB
Mapped:           689020 kB
Shmem:             51628 kB
KReclaimable:     875568 kB
Slab:             245256 kB
SReclaimable:      97820 kB
SUnreclaim:       147436 kB
KernelStack:       47216 kB
PageTables:        64292 kB
NFS_Unstable:          0 kB
Bounce:                0 kB
WritebackTmp:          0 kB
CommitLimit:     9202292 kB
Committed_AS:   67542812 kB
VmallocTotal:   263061440 kB
VmallocUsed:      104216 kB
VmallocChunk:          0 kB
Percpu:             7680 kB
CmaTotal:         294912 kB
CmaFree:               0 kB
MemTotal:       12113136 kB
MemFree:          801264 kB
MemAvailable:    7870692 kB
Buffers:            8324 kB
Cached:          7127052 kB
SwapCached:            0 kB
Active:          2328544 kB
Inactive:        6105892 kB
Active(anon):    1011944 kB
Inactive(anon):   343544 kB
Active(file):    1316600 kB
Inactive(file):  5762348 kB
Unevictable:        5592 kB
Mlocked:            5592 kB
SwapTotal:       3145724 kB
SwapFree:        3145724 kB
Dirty:               336 kB
Writeback:             0 kB
AnonPages:       1304916 kB
Mapped:           689052 kB
Shmem:             51884 kB
KReclaimable:     875568 kB
Slab:             245256 kB
SReclaimable:      97820 kB
SUnreclaim:       147436 kB
KernelStack:       47216 kB
PageTables:        64292 kB
NFS_Unstable:          0 kB
Bounce:                0 kB
WritebackTmp:          0 kB
CommitLimit:     9202292 kB
Committed_AS:   67548620 kB
VmallocTotal:   263061440 kB
VmallocUsed:      104216 kB
VmallocChunk:          0 kB
Percpu:             7680 kB
CmaTotal:         294912 kB
CmaFree:               0 kB
MemTotal:       12113136 kB
MemFree:          802496 kB
MemAvailable:    7871952 kB
Buffers:            8332 kB
Cached:          7127328 kB
SwapCached:            0 kB
Active:          2327880 kB
Inactive:        6106168 kB
Active(anon):    1011272 kB
Inactive(anon):   343800 kB
Active(file):    1316608 kB
Inactive(file):  5762368 kB
Unevictable:        5592 kB
Mlocked:            5592 kB
SwapTotal:       3145724 kB
SwapFree:        3145724 kB
Dirty:               404 kB
Writeback:             0 kB
AnonPages:       1304240 kB
Mapped:           689080 kB
Shmem:             52140 kB
KReclaimable:     875568 kB
Slab:             245264 kB
SReclaimable:      97820 kB
SUnreclaim:       147444 kB
KernelStack:       47216 kB
PageTables:        64292 kB
NFS_Unstable:          0 kB
Bounce:                0 kB
WritebackTmp:          0 kB
CommitLimit:     9202292 kB
Committed_AS:   67544224 kB
VmallocTotal:   263061440 kB
VmallocUsed:      104200 kB
VmallocChunk:          0 kB
Percpu:             7680 kB
CmaTotal:         294912 kB
CmaFree:               0 kB
MemTotal:       12113136 kB
MemFree:          804840 kB
MemAvailable:    7874336 kB
Buffers:            8332 kB
Cached:          7127628 kB
SwapCached:            0 kB
Active:          2325096 kB
Inactive:        6106464 kB
Active(anon):    1008484 kB
Inactive(anon):   344060 kB
Active(file):    1316612 kB
Inactive(file):  5762404 kB
Unevictable:        5592 kB
Mlocked:            5592 kB
SwapTotal:       3145724 kB
SwapFree:        3145724 kB
Dirty:               436 kB
Writeback:             0 kB
AnonPages:       1301432 kB
Mapped:           689032 kB
Shmem:             52400 kB
KReclaimable:     875568 kB
Slab:             245280 kB
SReclaimable:      97820 kB
SUnreclaim:       147460 kB
KernelStack:       47264 kB
PageTables:        64392 kB
NFS_Unstable:          0 kB
Bounce:                0 kB
WritebackTmp:          0 kB
CommitLimit:     9202292 kB
Committed_AS:   67538648 kB
VmallocTotal:   263061440 kB
VmallocUsed:      104184 kB
VmallocChunk:          0 kB
Percpu:             7680 kB
CmaTotal:         294912 kB
CmaFree:              44 kB
MemTotal:       12113136 kB
MemFree:          802504 kB
MemAvailable:    7872032 kB
Buffers:            8332 kB
Cached:          7127900 kB
SwapCached:            0 kB
Active:          2326588 kB
Inactive:        6106736 kB
Active(anon):    1009976 kB
Inactive(anon):   344316 kB
Active(file):    1316612 kB
Inactive(file):  5762420 kB
Unevictable:        5592 kB
Mlocked:            5592 kB
SwapTotal:       3145724 kB
SwapFree:        3145724 kB
Dirty:               476 kB
Writeback:             0 kB
AnonPages:       1302996 kB
Mapped:           689152 kB
Shmem:             52656 kB
KReclaimable:     875584 kB
Slab:             245328 kB
SReclaimable:      97836 kB
SUnreclaim:       147492 kB
KernelStack:       47216 kB
PageTables:        64292 kB
NFS_Unstable:          0 kB
Bounce:                0 kB
WritebackTmp:          0 kB
CommitLimit:     9202292 kB
Committed_AS:   67548540 kB
VmallocTotal:   263061440 kB
VmallocUsed:      104216 kB
VmallocChunk:          0 kB
Percpu:             7680 kB
CmaTotal:         294912 kB
CmaFree:               0 kB
MemTotal:       12113136 kB
MemFree:          801268 kB
MemAvailable:    7870820 kB
Buffers:            8332 kB
Cached:          7128180 kB
SwapCached:            0 kB
Active:          2327972 kB
Inactive:        6107016 kB
Active(anon):    1011360 kB
Inactive(anon):   344572 kB
Active(file):    1316612 kB
Inactive(file):  5762444 kB
Unevictable:        5592 kB
Mlocked:            5592 kB
SwapTotal:       3145724 kB
SwapFree:        3145724 kB
Dirty:               240 kB
Writeback:             0 kB
AnonPages:       1304272 kB
Mapped:           689176 kB
Shmem:             52912 kB
KReclaimable:     875584 kB
Slab:             245392 kB
SReclaimable:      97836 kB
SUnreclaim:       147556 kB
KernelStack:       47216 kB
PageTables:        64296 kB
NFS_Unstable:          0 kB
Bounce:                0 kB
WritebackTmp:          0 kB
CommitLimit:     9202292 kB
Committed_AS:   67548944 kB
VmallocTotal:   263061440 kB
VmallocUsed:      104232 kB
VmallocChunk:          0 kB
Percpu:             7680 kB
CmaTotal:         294912 kB
CmaFree:               0 kB
MemTotal:       12113136 kB
MemFree:          800464 kB
MemAvailable:    7870024 kB
Buffers:            8332 kB
Cached:          7128460 kB
SwapCached:            0 kB
Active:          2329144 kB
Inactive:        6107296 kB
Active(anon):    1012532 kB
Inactive(anon):   344828 kB
Active(file):    1316612 kB
Inactive(file):  5762468 kB
Unevictable:        5592 kB
Mlocked:            5592 kB
SwapTotal:       3145724 kB
SwapFree:        3145724 kB
Dirty:               348 kB
Writeback:             0 kB
AnonPages:       1305260 kB
Mapped:           689204 kB
Shmem:             53168 kB
KReclaimable:     875568 kB
Slab:             245392 kB
SReclaimable:      97820 kB
SUnreclaim:       147572 kB
KernelStack:       47216 kB
PageTables:        64292 kB
NFS_Unstable:          0 kB
Bounce:                0 kB
WritebackTmp:          0 kB
CommitLimit:     9202292 kB
Committed_AS:   67542620 kB
VmallocTotal:   263061440 kB
VmallocUsed:      104200 kB
VmallocChunk:          0 kB
Percpu:             7680 kB
CmaTotal:         294912 kB
CmaFree:               0 kB
MemTotal:       12113136 kB
MemFree:          798988 kB
MemAvailable:    7868560 kB
Buffers:            8332 kB
Cached:          7128728 kB
SwapCached:            0 kB
Active:          2330760 kB
Inactive:        6107564 kB
Active(anon):    1014148 kB
Inactive(anon):   345084 kB
Active(file):    1316612 kB
Inactive(file):  5762480 kB
Unevictable:        5592 kB
Mlocked:            5592 kB
SwapTotal:       3145724 kB
SwapFree:        3145724 kB
Dirty:               380 kB
Writeback:             0 kB
AnonPages:       1307124 kB
Mapped:           689240 kB
Shmem:             53424 kB
KReclaimable:     875568 kB
Slab:             245392 kB
SReclaimable:      97820 kB
SUnreclaim:       147572 kB
KernelStack:       47216 kB
PageTables:        64296 kB
NFS_Unstable:          0 kB
Bounce:                0 kB
WritebackTmp:          0 kB
CommitLimit:     9202292 kB
Committed_AS:   67542260 kB
VmallocTotal:   263061440 kB
VmallocUsed:      104216 kB
VmallocChunk:          0 kB
Percpu:             7680 kB
CmaTotal:         294912 kB
CmaFree:               0 kB
MemTotal:       12113136 kB
MemFree:          796736 kB
MemAvailable:    7866352 kB
Buffers:            8332 kB
Cached:          7129012 kB
SwapCached:            0 kB
Active:          2330996 kB
Inactive:        6107848 kB
Active(anon):    1014384 kB
Inactive(anon):   345340 kB
Active(file):    1316612 kB
Inactive(file):  5762508 kB
Unevictable:        5592 kB
Mlocked:            5592 kB
SwapTotal:       3145724 kB
SwapFree:        3145724 kB
Dirty:               440 kB
Writeback:             0 kB
AnonPages:       1307396 kB
Mapped:           689008 kB
Shmem:             53680 kB
KReclaimable:     875584 kB
Slab:             245416 kB
SReclaimable:      97836 kB
SUnreclaim:       147580 kB
KernelStack:       47200 kB
PageTables:        64292 kB
NFS_Unstable:          0 kB
Bounce:                0 kB
WritebackTmp:          0 kB
CommitLimit:     9202292 kB
Committed_AS:   67549356 kB
VmallocTotal:   263061440 kB
VmallocUsed:      104184 kB
VmallocChunk:          0 kB
Percpu:             7680 kB
CmaTotal:         294912 kB
CmaFree:               0 kB
MemTotal:       12113136 kB
MemFree:          796144 kB
MemAvailable:    7865764 kB
Buffers:            8332 kB
Cached:          7129288 kB
SwapCached:            0 kB
Active:          2332888 kB
Inactive:        6108124 kB
Active(anon):    1016276 kB
Inactive(anon):   345596 kB
Active(file):    1316612 kB
Inactive(file):  5762528 kB
Unevictable:        5592 kB
Mlocked:            5592 kB
SwapTotal:       3145724 kB
SwapFree:        3145724 kB
Dirty:               480 kB
Writeback:             0 kB
AnonPages:       1308988 kB
Mapped:           689296 kB
Shmem:             53936 kB
KReclaimable:     875568 kB
Slab:             245428 kB
SReclaimable:      97820 kB
SUnreclaim:       147608 kB
KernelStack:       47248 kB
PageTables:        64396 kB
NFS_Unstable:          0 kB
Bounce:                0 kB
WritebackTmp:          0 kB
CommitLimit:     9202292 kB
Committed_AS:   67548416 kB
VmallocTotal:   263061440 kB
VmallocUsed:      104200 kB
VmallocChunk:          0 kB
Percpu:             7680 kB
CmaTotal:         294912 kB
CmaFree:               0 kB
MemTotal:       12113136 kB
MemFree:          812648 kB
MemAvailable:    7882284 kB
Buffers:            8332 kB
Cached:          7123032 kB
SwapCached:            0 kB
Active:          2320472 kB
Inactive:        6101868 kB
Active(anon):    1003860 kB
Inactive(anon):   339324 kB
Active(file):    1316612 kB
Inactive(file):  5762544 kB
Unevictable:        5592 kB
Mlocked:            5592 kB
SwapTotal:       3145724 kB
SwapFree:        3145724 kB
Dirty:               516 kB
Writeback:             0 kB
AnonPages:       1296688 kB
Mapped:           689332 kB
Shmem:             47664 kB
KReclaimable:     875568 kB
Slab:             245308 kB
SReclaimable:      97820 kB
SUnreclaim:       147488 kB
KernelStack:       47200 kB
PageTables:        64292 kB
NFS_Unstable:          0 kB
Bounce:                0 kB
WritebackTmp:          0 kB
CommitLimit:     9202292 kB
Committed_AS:   67542044 kB
VmallocTotal:   263061440 kB
VmallocUsed:      104232 kB
VmallocChunk:          0 kB
Percpu:             7680 kB
CmaTotal:         294912 kB
CmaFree:               0 kB
MemTotal:       12113136 kB
MemFree:          812260 kB
MemAvailable:    7881916 kB
Buffers:            8332 kB
Cached:          7123308 kB
SwapCached:            0 kB
Active:          2321628 kB
Inactive:        6102144 kB
Active(anon):    1005016 kB
Inactive(anon):   339580 kB
Active(file):    1316612 kB
Inactive(file):  5762564 kB
Unevictable:        5592 kB
Mlocked:            5592 kB
SwapTotal:       3145724 kB
SwapFree:        3145724 kB
Dirty:               568 kB
Writeback:             0 kB
AnonPages:       1297908 kB
Mapped:           689356 kB
Shmem:             47920 kB
KReclaimable:     875568 kB
Slab:             245300 kB
SReclaimable:      97820 kB
SUnreclaim:       147480 kB
KernelStack:       47152 kB
PageTables:        64300 kB
NFS_Unstable:          0 kB
Bounce:                0 kB
WritebackTmp:          0 kB
CommitLimit:     9202292 kB
Committed_AS:   67539264 kB
VmallocTotal:   263061440 kB
VmallocUsed:      104184 kB
VmallocChunk:          0 kB
Percpu:             7680 kB
CmaTotal:         294912 kB
CmaFree:               0 kB
MemTotal:       12113136 kB
MemFree:          810780 kB
MemAvailable:    7880476 kB
Buffers:            8332 kB
Cached:          7123604 kB
SwapCached:            0 kB
Active:          2322904 kB
Inactive:        6102440 kB
Active(anon):    1006292 kB
Inactive(anon):   339836 kB
Active(file):    1316612 kB
Inactive(file):  5762604 kB
Unevictable:        5592 kB
Mlocked:            5592 kB
SwapTotal:       3145724 kB
SwapFree:        3145724 kB
Dirty:               644 kB
Writeback:             0 kB
AnonPages:       1299088 kB
Mapped:           689384 kB
Shmem:             48176 kB
KReclaimable:     875568 kB
Slab:             245300 kB
SReclaimable:      97820 kB
SUnreclaim:       147480 kB
KernelStack:       47152 kB
PageTables:        64292 kB
NFS_Unstable:          0 kB
Bounce:                0 kB
WritebackTmp:          0 kB
CommitLimit:     9202292 kB
Committed_AS:   67539444 kB
VmallocTotal:   263061440 kB
VmallocUsed:      104152 kB
VmallocChunk:          0 kB
Percpu:             7680 kB
CmaTotal:         294912 kB
CmaFree:               0 kB
MemTotal:       12113136 kB
MemFree:          808788 kB
MemAvailable:    7878500 kB
Buffers:            8332 kB
Cached:          7123876 kB
SwapCached:            0 kB
Active:          2324464 kB
Inactive:        6102712 kB
Active(anon):    1007852 kB
Inactive(anon):   340092 kB
Active(file):    1316612 kB
Inactive(file):  5762620 kB
Unevictable:        5592 kB
Mlocked:            5592 kB
SwapTotal:       3145724 kB
SwapFree:        3145724 kB
Dirty:               728 kB
Writeback:             0 kB
AnonPages:       1300492 kB
Mapped:           689160 kB
Shmem:             48432 kB
KReclaimable:     875568 kB
Slab:             245308 kB
SReclaimable:      97820 kB
SUnreclaim:       147488 kB
KernelStack:       47152 kB
PageTables:        64296 kB
NFS_Unstable:          0 kB
Bounce:                0 kB
WritebackTmp:          0 kB
CommitLimit:     9202292 kB
Committed_AS:   67535328 kB
VmallocTotal:   263061440 kB
VmallocUsed:      104184 kB
VmallocChunk:          0 kB
Percpu:             7680 kB
CmaTotal:         294912 kB
CmaFree:               0 kB
MemTotal:       12113136 kB
MemFree:          809292 kB
MemAvailable:    7879052 kB
Buffers:            8332 kB
Cached:          7124164 kB
SwapCached:            0 kB
Active:          2322200 kB
Inactive:        6102996 kB
Active(anon):    1005584 kB
Inactive(anon):   340348 kB
Active(file):    1316616 kB
Inactive(file):  5762648 kB
Unevictable:        5592 kB
Mlocked:            5592 kB
SwapTotal:       3145724 kB
SwapFree:        3145724 kB
Dirty:               800 kB
Writeback:             0 kB
AnonPages:       1298404 kB
Mapped:           687416 kB
Shmem:             48688 kB
KReclaimable:     875584 kB
Slab:             245324 kB
SReclaimable:      97836 kB
SUnreclaim:       147488 kB
KernelStack:       47104 kB
PageTables:        64284 kB
NFS_Unstable:          0 kB
Bounce:                0 kB
WritebackTmp:          0 kB
CommitLimit:     9202292 kB
Committed_AS:   67545312 kB
VmallocTotal:   263061440 kB
VmallocUsed:      104136 kB
VmallocChunk:          0 kB
Percpu:             7680 kB
CmaTotal:         294912 kB
CmaFree:              20 kB
MemTotal:       12113136 kB
MemFree:          808896 kB
MemAvailable:    7878652 kB
Buffers:            8332 kB
Cached:          7124432 kB
SwapCached:            0 kB
Active:          2323424 kB
Inactive:        6103268 kB
Active(anon):    1006812 kB
Inactive(anon):   340604 kB
Active(file):    1316612 kB
Inactive(file):  5762664 kB
Unevictable:        5592 kB
Mlocked:            5592 kB
SwapTotal:       3145724 kB
SwapFree:        3145724 kB
Dirty:               836 kB
Writeback:             0 kB
AnonPages:       1299648 kB
Mapped:           687448 kB
Shmem:             48944 kB
KReclaimable:     875568 kB
Slab:             245308 kB
SReclaimable:      97820 kB
SUnreclaim:       147488 kB
KernelStack:       47104 kB
PageTables:        64284 kB
NFS_Unstable:          0 kB
Bounce:                0 kB
WritebackTmp:          0 kB
CommitLimit:     9202292 kB
Committed_AS:   67545136 kB
VmallocTotal:   263061440 kB
VmallocUsed:      104136 kB
VmallocChunk:          0 kB
Percpu:             7680 kB
CmaTotal:         294912 kB
CmaFree:               0 kB
MemTotal:       12113136 kB
MemFree:          806752 kB
MemAvailable:    7876528 kB
Buffers:            8332 kB
Cached:          7124708 kB
SwapCached:            0 kB
Active:          2324672 kB
Inactive:        6103544 kB
Active(anon):    1008060 kB
Inactive(anon):   340860 kB
Active(file):    1316612 kB
Inactive(file):  5762684 kB
Unevictable:        5592 kB
Mlocked:            5592 kB
SwapTotal:       3145724 kB
SwapFree:        3145724 kB
Dirty:               876 kB
Writeback:             0 kB
AnonPages:       1300900 kB
Mapped:           687212 kB
Shmem:             49200 kB
KReclaimable:     875568 kB
Slab:             245308 kB
SReclaimable:      97820 kB
SUnreclaim:       147488 kB
KernelStack:       47104 kB
PageTables:        64284 kB
NFS_Unstable:          0 kB
Bounce:                0 kB
WritebackTmp:          0 kB
CommitLimit:     9202292 kB
Committed_AS:   67545444 kB
VmallocTotal:   263061440 kB
VmallocUsed:      104120 kB
VmallocChunk:          0 kB
Percpu:             7680 kB
CmaTotal:         294912 kB
CmaFree:               0 kB
MemTotal:       12113136 kB
MemFree:          818960 kB
MemAvailable:    7888760 kB
Buffers:            8332 kB
Cached:          7124988 kB
SwapCached:            0 kB
Active:          2311448 kB
Inactive:        6103824 kB
Active(anon):     994836 kB
Inactive(anon):   341116 kB
Active(file):    1316612 kB
Inactive(file):  5762708 kB
Unevictable:        5592 kB
Mlocked:            5592 kB
SwapTotal:       3145724 kB
SwapFree:        3145724 kB
Dirty:               932 kB
Writeback:             0 kB
AnonPages:       1287696 kB
Mapped:           687504 kB
Shmem:             49456 kB
KReclaimable:     875568 kB
Slab:             245308 kB
SReclaimable:      97820 kB
SUnreclaim:       147488 kB
KernelStack:       47104 kB
PageTables:        64284 kB
NFS_Unstable:          0 kB
Bounce:                0 kB
WritebackTmp:          0 kB
CommitLimit:     9202292 kB
Committed_AS:   67547076 kB
VmallocTotal:   263061440 kB
VmallocUsed:      104120 kB
VmallocChunk:          0 kB
Percpu:             7680 kB
CmaTotal:         294912 kB
CmaFree:               0 kB
MemTotal:       12113136 kB
MemFree:          818300 kB
MemAvailable:    7888136 kB
Buffers:            8336 kB
Cached:          7125276 kB
SwapCached:            0 kB
Active:          2312988 kB
Inactive:        6104112 kB
Active(anon):     996372 kB
Inactive(anon):   341372 kB
Active(file):    1316616 kB
Inactive(file):  5762740 kB
Unevictable:        5592 kB
Mlocked:            5592 kB
SwapTotal:       3145724 kB
SwapFree:        3145724 kB
Dirty:               940 kB
Writeback:             0 kB
AnonPages:       1289212 kB
Mapped:           687276 kB
Shmem:             49712 kB
KReclaimable:     875568 kB
Slab:             245308 kB
SReclaimable:      97820 kB
SUnreclaim:       147488 kB
KernelStack:       47104 kB
PageTables:        64284 kB
NFS_Unstable:          0 kB
Bounce:                0 kB
WritebackTmp:          0 kB
CommitLimit:     9202292 kB
Committed_AS:   67546988 kB
VmallocTotal:   263061440 kB
VmallocUsed:      104088 kB
VmallocChunk:          0 kB
Percpu:             7680 kB
CmaTotal:         294912 kB
CmaFree:               0 kB
MemTotal:       12113136 kB
MemFree:          817752 kB
MemAvailable:    7887612 kB
Buffers:            8336 kB
Cached:          7125560 kB
SwapCached:            0 kB
Active:          2314708 kB
Inactive:        6104396 kB
Active(anon):     998092 kB
Inactive(anon):   341632 kB
Active(file):    1316616 kB
Inactive(file):  5762764 kB
Unevictable:        5592 kB
Mlocked:            5592 kB
SwapTotal:       3145724 kB
SwapFree:        3145724 kB
Dirty:               988 kB
Writeback:             0 kB
AnonPages:       1290936 kB
Mapped:           689600 kB
Shmem:             49972 kB
KReclaimable:     875568 kB
Slab:             245308 kB
SReclaimable:      97820 kB
SUnreclaim:       147488 kB
KernelStack:       47072 kB
PageTables:        64292 kB
NFS_Unstable:          0 kB
Bounce:                0 kB
WritebackTmp:          0 kB
CommitLimit:     9202292 kB
Committed_AS:   67544196 kB
VmallocTotal:   263061440 kB
VmallocUsed:      104040 kB
VmallocChunk:          0 kB
Percpu:             7680 kB
CmaTotal:         294912 kB
CmaFree:               0 kB
MemTotal:       12113136 kB
MemFree:          815876 kB
MemAvailable:    7885756 kB
Buffers:            8336 kB
Cached:          7125836 kB
SwapCached:            0 kB
Active:          2315716 kB
Inactive:        6104672 kB
Active(anon):     999100 kB
Inactive(anon):   341888 kB
Active(file):    1316616 kB
Inactive(file):  5762784 kB
Unevictable:        5592 kB
Mlocked:            5592 kB
SwapTotal:       3145724 kB
SwapFree:        3145724 kB
Dirty:               276 kB
Writeback:             0 kB
AnonPages:       1291952 kB
Mapped:           689372 kB
Shmem:             50228 kB
KReclaimable:     875568 kB
Slab:             245308 kB
SReclaimable:      97820 kB
SUnreclaim:       147488 kB
KernelStack:       47072 kB
PageTables:        64288 kB
NFS_Unstable:          0 kB
Bounce:                0 kB
WritebackTmp:          0 kB
CommitLimit:     9202292 kB
Committed_AS:   67544280 kB
VmallocTotal:   263061440 kB
VmallocUsed:      104040 kB
VmallocChunk:          0 kB
Percpu:             7680 kB
CmaTotal:         294912 kB
CmaFree:               0 kB
MemTotal:       12113136 kB
MemFree:          814748 kB
MemAvailable:    7884648 kB
Buffers:            8336 kB
Cached:          7126112 kB
SwapCached:            0 kB
Active:          2317284 kB
Inactive:        6104948 kB
Active(anon):    1000668 kB
Inactive(anon):   342144 kB
Active(file):    1316616 kB
Inactive(file):  5762804 kB
Unevictable:        5592 kB
Mlocked:            5592 kB
SwapTotal:       3145724 kB
SwapFree:        3145724 kB
Dirty:               352 kB
Writeback:             0 kB
AnonPages:       1293400 kB
Mapped:           688952 kB
Shmem:             50484 kB
KReclaimable:     875568 kB
Slab:             245320 kB
SReclaimable:      97820 kB
SUnreclaim:       147500 kB
KernelStack:       47072 kB
PageTables:        64288 kB
NFS_Unstable:          0 kB
Bounce:                0 kB
WritebackTmp:          0 kB
CommitLimit:     9202292 kB
Committed_AS:   67548048 kB
VmallocTotal:   263061440 kB
VmallocUsed:      104056 kB
VmallocChunk:          0 kB
Percpu:             7680 kB
CmaTotal:         294912 kB
CmaFree:               0 kB
MemTotal:       12113136 kB
MemFree:          813296 kB
MemAvailable:    7883216 kB
Buffers:            8336 kB
Cached:          7126388 kB
SwapCached:            0 kB
Active:          2318396 kB
Inactive:        6105224 kB
Active(anon):    1001780 kB
Inactive(anon):   342400 kB
Active(file):    1316616 kB
Inactive(file):  5762824 kB
Unevictable:        5592 kB
Mlocked:            5592 kB
SwapTotal:       3145724 kB
SwapFree:        3145724 kB
Dirty:               408 kB
Writeback:             0 kB
AnonPages:       1294448 kB
Mapped:           688720 kB
Shmem:             50740 kB
KReclaimable:     875568 kB
Slab:             245320 kB
SReclaimable:      97820 kB
SUnreclaim:       147500 kB
KernelStack:       47072 kB
PageTables:        64288 kB
NFS_Unstable:          0 kB
Bounce:                0 kB
WritebackTmp:          0 kB
CommitLimit:     9202292 kB
Committed_AS:   67548092 kB
VmallocTotal:   263061440 kB
VmallocUsed:      104040 kB
VmallocChunk:          0 kB
Percpu:             7680 kB
CmaTotal:         294912 kB
CmaFree:               0 kB
MemTotal:       12113136 kB
MemFree:          811972 kB
MemAvailable:    7881916 kB
Buffers:            8336 kB
Cached:          7126668 kB
SwapCached:            0 kB
Active:          2319120 kB
Inactive:        6105504 kB
Active(anon):    1002504 kB
Inactive(anon):   342656 kB
Active(file):    1316616 kB
Inactive(file):  5762848 kB
Unevictable:        5592 kB
Mlocked:            5592 kB
SwapTotal:       3145724 kB
SwapFree:        3145724 kB
Dirty:               464 kB
Writeback:             0 kB
AnonPages:       1295520 kB
Mapped:           689016 kB
Shmem:             50996 kB
KReclaimable:     875568 kB
Slab:             245320 kB
SReclaimable:      97820 kB
SUnreclaim:       147500 kB
KernelStack:       47072 kB
PageTables:        64288 kB
NFS_Unstable:          0 kB
Bounce:                0 kB
WritebackTmp:          0 kB
CommitLimit:     9202292 kB
Committed_AS:   67543216 kB
VmallocTotal:   263061440 kB
VmallocUsed:      104072 kB
VmallocChunk:          0 kB
Percpu:             7680 kB
CmaTotal:         294912 kB
CmaFree:               0 kB
MemTotal:       12113136 kB
MemFree:          809844 kB
MemAvailable:    7879808 kB
Buffers:            8336 kB
Cached:          7126944 kB
SwapCached:            0 kB
Active:          2320160 kB
Inactive:        6105780 kB
Active(anon):    1003544 kB
Inactive(anon):   342912 kB
Active(file):    1316616 kB
Inactive(file):  5762868 kB
Unevictable:        5592 kB
Mlocked:            5592 kB
SwapTotal:       3145724 kB
SwapFree:        3145724 kB
Dirty:               504 kB
Writeback:             0 kB
AnonPages:       1296380 kB
Mapped:           689044 kB
Shmem:             51252 kB
KReclaimable:     875568 kB
Slab:             245320 kB
SReclaimable:      97820 kB
SUnreclaim:       147500 kB
KernelStack:       47072 kB
PageTables:        64288 kB
NFS_Unstable:          0 kB
Bounce:                0 kB
WritebackTmp:          0 kB
CommitLimit:     9202292 kB
Committed_AS:   67543524 kB
VmallocTotal:   263061440 kB
VmallocUsed:      104072 kB
