MemTotal:       12113132 kB
MemFree:         6138992 kB
MemAvailable:    7813648 kB
Buffers:            5392 kB
Cached:          1997524 kB
SwapCached:            0 kB
Active:          1909480 kB
Inactive:        1743036 kB
Active(anon):    1658384 kB
Inactive(anon):    26920 kB
Active(file):     251096 kB
Inactive(file):  1716116 kB
Unevictable:        5576 kB
Mlocked:            5576 kB
SwapTotal:       3145724 kB
SwapFree:        3145724 kB
Dirty:               404 kB
Writeback:             0 kB
AnonPages:       1655172 kB
Mapped:           990780 kB
Shmem:             31180 kB
KReclaimable:     576148 kB
Slab:             235580 kB
SReclaimable:      80180 kB
SUnreclaim:       155400 kB
KernelStack:       50880 kB
PageTables:        72820 kB
NFS_Unstable:          0 kB
Bounce:                0 kB
WritebackTmp:          0 kB
CommitLimit:     9202288 kB
Committed_AS:   83891012 kB
VmallocTotal:   263061440 kB
VmallocUsed:      108104 kB
VmallocChunk:          0 kB
Percpu:             7648 kB
CmaTotal:         294912 kB
CmaFree:               0 kB
MemTotal:       12113132 kB
MemFree:         6147096 kB
MemAvailable:    7821832 kB
Buffers:            5392 kB
Cached:          1997576 kB
SwapCached:            0 kB
Active:          1900064 kB
Inactive:        1743052 kB
Active(anon):    1648932 kB
Inactive(anon):    26924 kB
Active(file):     251132 kB
Inactive(file):  1716128 kB
Unevictable:        5576 kB
Mlocked:            5576 kB
SwapTotal:       3145724 kB
SwapFree:        3145724 kB
Dirty:               464 kB
Writeback:             0 kB
AnonPages:       1645708 kB
Mapped:           990784 kB
Shmem:             31184 kB
KReclaimable:     576180 kB
Slab:             235612 kB
SReclaimable:      80212 kB
SUnreclaim:       155400 kB
KernelStack:       50896 kB
PageTables:        72688 kB
NFS_Unstable:          0 kB
Bounce:                0 kB
WritebackTmp:          0 kB
CommitLimit:     9202288 kB
Committed_AS:   83886992 kB
VmallocTotal:   263061440 kB
VmallocUsed:      108120 kB
VmallocChunk:          0 kB
Percpu:             7648 kB
CmaTotal:         294912 kB
CmaFree:               0 kB
MemTotal:       12113132 kB
MemFree:         6146504 kB
MemAvailable:    7821248 kB
Buffers:            5392 kB
Cached:          1997584 kB
SwapCached:            0 kB
Active:          1900060 kB
Inactive:        1743060 kB
Active(anon):    1648928 kB
Inactive(anon):    26924 kB
Active(file):     251132 kB
Inactive(file):  1716136 kB
Unevictable:        5576 kB
Mlocked:            5576 kB
SwapTotal:       3145724 kB
SwapFree:        3145724 kB
Dirty:               472 kB
Writeback:             0 kB
AnonPages:       1645652 kB
Mapped:           990784 kB
Shmem:             31184 kB
KReclaimable:     576180 kB
Slab:             235612 kB
SReclaimable:      80212 kB
SUnreclaim:       155400 kB
KernelStack:       50960 kB
PageTables:        72768 kB
NFS_Unstable:          0 kB
Bounce:                0 kB
WritebackTmp:          0 kB
CommitLimit:     9202288 kB
Committed_AS:   83890864 kB
VmallocTotal:   263061440 kB
VmallocUsed:      108136 kB
VmallocChunk:          0 kB
Percpu:             7648 kB
CmaTotal:         294912 kB
CmaFree:               0 kB
MemTotal:       12113132 kB
MemFree:         6146848 kB
MemAvailable:    7817724 kB
Buffers:            5392 kB
Cached:          1997628 kB
SwapCached:            0 kB
Active:          1901312 kB
Inactive:        1743092 kB
Active(anon):    1650176 kB
Inactive(anon):    26940 kB
Active(file):     251136 kB
Inactive(file):  1716152 kB
Unevictable:        5576 kB
Mlocked:            5576 kB
SwapTotal:       3145724 kB
SwapFree:        3145724 kB
Dirty:               232 kB
Writeback:             0 kB
AnonPages:       1647072 kB
Mapped:           989788 kB
Shmem:             31208 kB
KReclaimable:     572292 kB
Slab:             235740 kB
SReclaimable:      80324 kB
SUnreclaim:       155416 kB
KernelStack:       50896 kB
PageTables:        72688 kB
NFS_Unstable:          0 kB
Bounce:                0 kB
WritebackTmp:          0 kB
CommitLimit:     9202288 kB
Committed_AS:   83886500 kB
VmallocTotal:   263061440 kB
VmallocUsed:      108152 kB
VmallocChunk:          0 kB
Percpu:             7648 kB
CmaTotal:         294912 kB
CmaFree:               0 kB
MemTotal:       12113132 kB
MemFree:         6144116 kB
MemAvailable:    7815056 kB
Buffers:            5392 kB
Cached:          1997660 kB
SwapCached:            0 kB
Active:          1903120 kB
Inactive:        1743124 kB
Active(anon):    1651984 kB
Inactive(anon):    26956 kB
Active(file):     251136 kB
Inactive(file):  1716168 kB
Unevictable:        5576 kB
Mlocked:            5576 kB
SwapTotal:       3145724 kB
SwapFree:        3145724 kB
Dirty:               272 kB
Writeback:             0 kB
AnonPages:       1648692 kB
Mapped:           989856 kB
Shmem:             31224 kB
KReclaimable:     572340 kB
Slab:             235764 kB
SReclaimable:      80356 kB
SUnreclaim:       155408 kB
KernelStack:       50912 kB
PageTables:        72596 kB
NFS_Unstable:          0 kB
Bounce:                0 kB
WritebackTmp:          0 kB
CommitLimit:     9202288 kB
Committed_AS:   83886232 kB
VmallocTotal:   263061440 kB
VmallocUsed:      108152 kB
VmallocChunk:          0 kB
Percpu:             7648 kB
CmaTotal:         294912 kB
CmaFree:               0 kB
MemTotal:       12113132 kB
MemFree:         6141448 kB
MemAvailable:    7812064 kB
Buffers:            5400 kB
Cached:          1997820 kB
SwapCached:            0 kB
Active:          1905472 kB
Inactive:        1743268 kB
Active(anon):    1654328 kB
Inactive(anon):    27072 kB
Active(file):     251144 kB
Inactive(file):  1716196 kB
Unevictable:        5576 kB
Mlocked:            5576 kB
SwapTotal:       3145724 kB
SwapFree:        3145724 kB
Dirty:               256 kB
Writeback:             0 kB
AnonPages:       1651384 kB
Mapped:           989908 kB
Shmem:             31356 kB
KReclaimable:     571980 kB
Slab:             235764 kB
SReclaimable:      80356 kB
SUnreclaim:       155408 kB
KernelStack:       50896 kB
PageTables:        72716 kB
NFS_Unstable:          0 kB
Bounce:                0 kB
WritebackTmp:          0 kB
CommitLimit:     9202288 kB
Committed_AS:   83890948 kB
VmallocTotal:   263061440 kB
VmallocUsed:      108168 kB
VmallocChunk:          0 kB
Percpu:             7648 kB
CmaTotal:         294912 kB
CmaFree:               0 kB
MemTotal:       12113132 kB
MemFree:         6141236 kB
MemAvailable:    7812188 kB
Buffers:            5400 kB
Cached:          1997764 kB
SwapCached:            0 kB
Active:          1905752 kB
Inactive:        1743204 kB
Active(anon):    1654608 kB
Inactive(anon):    26996 kB
Active(file):     251144 kB
Inactive(file):  1716208 kB
Unevictable:        5576 kB
Mlocked:            5576 kB
SwapTotal:       3145724 kB
SwapFree:        3145724 kB
Dirty:               308 kB
Writeback:            44 kB
AnonPages:       1651384 kB
Mapped:           989888 kB
Shmem:             31288 kB
KReclaimable:     572304 kB
Slab:             235764 kB
SReclaimable:      80356 kB
SUnreclaim:       155408 kB
KernelStack:       50896 kB
PageTables:        72824 kB
NFS_Unstable:          0 kB
Bounce:                0 kB
WritebackTmp:          0 kB
CommitLimit:     9202288 kB
Committed_AS:   83889780 kB
VmallocTotal:   263061440 kB
VmallocUsed:      108152 kB
VmallocChunk:          0 kB
Percpu:             7648 kB
CmaTotal:         294912 kB
CmaFree:               0 kB
MemTotal:       12113132 kB
MemFree:         6138532 kB
MemAvailable:    7809528 kB
Buffers:            5400 kB
Cached:          1997768 kB
SwapCached:            0 kB
Active:          1907700 kB
Inactive:        1743232 kB
Active(anon):    1656556 kB
Inactive(anon):    27016 kB
Active(file):     251144 kB
Inactive(file):  1716216 kB
Unevictable:        5576 kB
Mlocked:            5576 kB
SwapTotal:       3145724 kB
SwapFree:        3145724 kB
Dirty:               388 kB
Writeback:             0 kB
AnonPages:       1653480 kB
Mapped:           989912 kB
Shmem:             31284 kB
KReclaimable:     572340 kB
Slab:             235764 kB
SReclaimable:      80356 kB
SUnreclaim:       155408 kB
KernelStack:       50896 kB
PageTables:        72972 kB
NFS_Unstable:          0 kB
Bounce:                0 kB
WritebackTmp:          0 kB
CommitLimit:     9202288 kB
Committed_AS:   83882040 kB
VmallocTotal:   263061440 kB
VmallocUsed:      108152 kB
VmallocChunk:          0 kB
Percpu:             7648 kB
CmaTotal:         294912 kB
CmaFree:               0 kB
MemTotal:       12113132 kB
MemFree:         6129528 kB
MemAvailable:    7762060 kB
Buffers:            5400 kB
Cached:          1999120 kB
SwapCached:            0 kB
Active:          1916268 kB
Inactive:        1744592 kB
Active(anon):    1665124 kB
Inactive(anon):    28360 kB
Active(file):     251144 kB
Inactive(file):  1716232 kB
Unevictable:        5576 kB
Mlocked:            5576 kB
SwapTotal:       3145724 kB
SwapFree:        3145724 kB
Dirty:               416 kB
Writeback:             0 kB
AnonPages:       1661244 kB
Mapped:           991944 kB
Shmem:             32620 kB
KReclaimable:     533860 kB
Slab:             235788 kB
SReclaimable:      80356 kB
SUnreclaim:       155432 kB
KernelStack:       50964 kB
PageTables:        72768 kB
NFS_Unstable:          0 kB
Bounce:                0 kB
WritebackTmp:          0 kB
CommitLimit:     9202288 kB
Committed_AS:   83910044 kB
VmallocTotal:   263061440 kB
VmallocUsed:      108248 kB
VmallocChunk:          0 kB
Percpu:             7648 kB
CmaTotal:         294912 kB
CmaFree:               0 kB
MemTotal:       12113132 kB
MemFree:         6134736 kB
MemAvailable:    7767772 kB
Buffers:            5400 kB
Cached:          1999384 kB
SwapCached:            0 kB
Active:          1909652 kB
Inactive:        1744600 kB
Active(anon):    1658248 kB
Inactive(anon):    28576 kB
Active(file):     251404 kB
Inactive(file):  1716024 kB
Unevictable:        5576 kB
Mlocked:            5576 kB
SwapTotal:       3145724 kB
SwapFree:        3145724 kB
Dirty:               780 kB
Writeback:             0 kB
AnonPages:       1654948 kB
Mapped:           991384 kB
Shmem:             32832 kB
KReclaimable:     534312 kB
Slab:             235860 kB
SReclaimable:      80356 kB
SUnreclaim:       155504 kB
KernelStack:       51008 kB
PageTables:        72844 kB
NFS_Unstable:          0 kB
Bounce:                0 kB
WritebackTmp:          0 kB
CommitLimit:     9202288 kB
Committed_AS:   83900596 kB
VmallocTotal:   263061440 kB
VmallocUsed:      108248 kB
VmallocChunk:          0 kB
Percpu:             7648 kB
CmaTotal:         294912 kB
CmaFree:               0 kB
MemTotal:       12113132 kB
MemFree:         6140416 kB
MemAvailable:    7773468 kB
Buffers:            5400 kB
Cached:          1998760 kB
SwapCached:            0 kB
Active:          1904444 kB
Inactive:        1743976 kB
Active(anon):    1653040 kB
Inactive(anon):    27936 kB
Active(file):     251404 kB
Inactive(file):  1716040 kB
Unevictable:        5576 kB
Mlocked:            5576 kB
SwapTotal:       3145724 kB
SwapFree:        3145724 kB
Dirty:               812 kB
Writeback:             0 kB
AnonPages:       1649828 kB
Mapped:           990748 kB
Shmem:             32192 kB
KReclaimable:     534312 kB
Slab:             235860 kB
SReclaimable:      80356 kB
SUnreclaim:       155504 kB
KernelStack:       51024 kB
PageTables:        72928 kB
NFS_Unstable:          0 kB
Bounce:                0 kB
WritebackTmp:          0 kB
CommitLimit:     9202288 kB
Committed_AS:   83897752 kB
VmallocTotal:   263061440 kB
VmallocUsed:      108232 kB
VmallocChunk:          0 kB
Percpu:             7648 kB
CmaTotal:         294912 kB
CmaFree:              88 kB
MemTotal:       12113132 kB
MemFree:         6141108 kB
MemAvailable:    7774172 kB
Buffers:            5400 kB
Cached:          1998768 kB
SwapCached:            0 kB
Active:          1903588 kB
Inactive:        1743984 kB
Active(anon):    1652184 kB
Inactive(anon):    27936 kB
Active(file):     251404 kB
Inactive(file):  1716048 kB
Unevictable:        5576 kB
Mlocked:            5576 kB
SwapTotal:       3145724 kB
SwapFree:        3145724 kB
Dirty:               288 kB
Writeback:             0 kB
AnonPages:       1648872 kB
Mapped:           990728 kB
Shmem:             32192 kB
KReclaimable:     534316 kB
Slab:             235868 kB
SReclaimable:      80360 kB
SUnreclaim:       155508 kB
KernelStack:       50992 kB
PageTables:        72884 kB
NFS_Unstable:          0 kB
Bounce:                0 kB
WritebackTmp:          0 kB
CommitLimit:     9202288 kB
Committed_AS:   83900320 kB
VmallocTotal:   263061440 kB
VmallocUsed:      108264 kB
VmallocChunk:          0 kB
Percpu:             7648 kB
CmaTotal:         294912 kB
CmaFree:               0 kB
MemTotal:       12113132 kB
MemFree:         6145740 kB
MemAvailable:    7777940 kB
Buffers:            5400 kB
Cached:          1998820 kB
SwapCached:            0 kB
Active:          1898184 kB
Inactive:        1744036 kB
Active(anon):    1646780 kB
Inactive(anon):    27972 kB
Active(file):     251404 kB
Inactive(file):  1716064 kB
Unevictable:        5576 kB
Mlocked:            5576 kB
SwapTotal:       3145724 kB
SwapFree:        3145724 kB
Dirty:               368 kB
Writeback:             0 kB
AnonPages:       1643600 kB
Mapped:           991544 kB
Shmem:             32228 kB
KReclaimable:     533436 kB
Slab:             235868 kB
SReclaimable:      80360 kB
SUnreclaim:       155508 kB
KernelStack:       50976 kB
PageTables:        72888 kB
NFS_Unstable:          0 kB
Bounce:                0 kB
WritebackTmp:          0 kB
CommitLimit:     9202288 kB
Committed_AS:   83893448 kB
VmallocTotal:   263061440 kB
VmallocUsed:      108264 kB
VmallocChunk:          0 kB
Percpu:             7648 kB
CmaTotal:         294912 kB
CmaFree:               0 kB
MemTotal:       12113132 kB
MemFree:         6145348 kB
MemAvailable:    7777436 kB
Buffers:            5400 kB
Cached:          1998840 kB
SwapCached:            0 kB
Active:          1898656 kB
Inactive:        1744056 kB
Active(anon):    1647252 kB
Inactive(anon):    27976 kB
Active(file):     251404 kB
Inactive(file):  1716080 kB
Unevictable:        5576 kB
Mlocked:            5576 kB
SwapTotal:       3145724 kB
SwapFree:        3145724 kB
Dirty:               388 kB
Writeback:             0 kB
AnonPages:       1643800 kB
Mapped:           991564 kB
Shmem:             32232 kB
KReclaimable:     533308 kB
Slab:             235868 kB
SReclaimable:      80360 kB
SUnreclaim:       155508 kB
KernelStack:       50992 kB
PageTables:        72864 kB
NFS_Unstable:          0 kB
Bounce:                0 kB
WritebackTmp:          0 kB
CommitLimit:     9202288 kB
Committed_AS:   83900536 kB
VmallocTotal:   263061440 kB
VmallocUsed:      108280 kB
VmallocChunk:          0 kB
Percpu:             7648 kB
CmaTotal:         294912 kB
CmaFree:               0 kB
MemTotal:       12113132 kB
MemFree:         6146104 kB
MemAvailable:    7778012 kB
Buffers:            5400 kB
Cached:          1998856 kB
SwapCached:            0 kB
Active:          1898828 kB
Inactive:        1744072 kB
Active(anon):    1647424 kB
Inactive(anon):    27968 kB
Active(file):     251404 kB
Inactive(file):  1716104 kB
Unevictable:        5576 kB
Mlocked:            5576 kB
SwapTotal:       3145724 kB
SwapFree:        3145724 kB
Dirty:               484 kB
Writeback:             0 kB
AnonPages:       1644200 kB
Mapped:           991580 kB
Shmem:             32224 kB
KReclaimable:     533104 kB
Slab:             235868 kB
SReclaimable:      80360 kB
SUnreclaim:       155508 kB
KernelStack:       50960 kB
PageTables:        72800 kB
NFS_Unstable:          0 kB
Bounce:                0 kB
WritebackTmp:          0 kB
CommitLimit:     9202288 kB
Committed_AS:   83899128 kB
VmallocTotal:   263061440 kB
VmallocUsed:      108280 kB
VmallocChunk:          0 kB
Percpu:             7648 kB
CmaTotal:         294912 kB
CmaFree:               0 kB
MemTotal:       12113132 kB
MemFree:         6144552 kB
MemAvailable:    7776424 kB
Buffers:            5400 kB
Cached:          1998896 kB
SwapCached:            0 kB
Active:          1901256 kB
Inactive:        1744112 kB
Active(anon):    1649852 kB
Inactive(anon):    27996 kB
Active(file):     251404 kB
Inactive(file):  1716116 kB
Unevictable:        5576 kB
Mlocked:            5576 kB
SwapTotal:       3145724 kB
SwapFree:        3145724 kB
Dirty:               592 kB
Writeback:             4 kB
AnonPages:       1646396 kB
Mapped:           991636 kB
Shmem:             32252 kB
KReclaimable:     533056 kB
Slab:             235884 kB
SReclaimable:      80376 kB
SUnreclaim:       155508 kB
KernelStack:       51008 kB
PageTables:        72856 kB
NFS_Unstable:          0 kB
Bounce:                0 kB
WritebackTmp:          0 kB
CommitLimit:     9202288 kB
Committed_AS:   83892000 kB
VmallocTotal:   263061440 kB
VmallocUsed:      108232 kB
VmallocChunk:          0 kB
Percpu:             7648 kB
CmaTotal:         294912 kB
CmaFree:               0 kB
MemTotal:       12113132 kB
MemFree:         6144820 kB
MemAvailable:    7775924 kB
Buffers:            5400 kB
Cached:          1998936 kB
SwapCached:            0 kB
Active:          1899612 kB
Inactive:        1744152 kB
Active(anon):    1648208 kB
Inactive(anon):    28020 kB
Active(file):     251404 kB
Inactive(file):  1716132 kB
Unevictable:        5576 kB
Mlocked:            5576 kB
SwapTotal:       3145724 kB
SwapFree:        3145724 kB
Dirty:               644 kB
Writeback:             0 kB
AnonPages:       1645168 kB
Mapped:           991716 kB
Shmem:             32276 kB
KReclaimable:     532272 kB
Slab:             235868 kB
SReclaimable:      80360 kB
SUnreclaim:       155508 kB
KernelStack:       50976 kB
PageTables:        73100 kB
NFS_Unstable:          0 kB
Bounce:                0 kB
WritebackTmp:          0 kB
CommitLimit:     9202288 kB
Committed_AS:   83896336 kB
VmallocTotal:   263061440 kB
VmallocUsed:      108264 kB
VmallocChunk:          0 kB
Percpu:             7648 kB
CmaTotal:         294912 kB
CmaFree:              68 kB
MemTotal:       12113132 kB
MemFree:         6156948 kB
MemAvailable:    7788076 kB
Buffers:            5400 kB
Cached:          1998960 kB
SwapCached:            0 kB
Active:          1889384 kB
Inactive:        1744176 kB
Active(anon):    1637980 kB
Inactive(anon):    28020 kB
Active(file):     251404 kB
Inactive(file):  1716156 kB
Unevictable:        5576 kB
Mlocked:            5576 kB
SwapTotal:       3145724 kB
SwapFree:        3145724 kB
Dirty:               700 kB
Writeback:             0 kB
AnonPages:       1634608 kB
Mapped:           991716 kB
Shmem:             32276 kB
KReclaimable:     532272 kB
Slab:             235860 kB
SReclaimable:      80360 kB
SUnreclaim:       155500 kB
KernelStack:       50944 kB
PageTables:        72896 kB
NFS_Unstable:          0 kB
Bounce:                0 kB
WritebackTmp:          0 kB
CommitLimit:     9202288 kB
Committed_AS:   83901604 kB
VmallocTotal:   263061440 kB
VmallocUsed:      108248 kB
VmallocChunk:          0 kB
Percpu:             7648 kB
CmaTotal:         294912 kB
CmaFree:               0 kB
MemTotal:       12113132 kB
MemFree:         6129336 kB
MemAvailable:    7760472 kB
Buffers:            5400 kB
Cached:          2005948 kB
SwapCached:            0 kB
Active:          1908984 kB
Inactive:        1751164 kB
Active(anon):    1657580 kB
Inactive(anon):    35000 kB
Active(file):     251404 kB
Inactive(file):  1716164 kB
Unevictable:        5576 kB
Mlocked:            5576 kB
SwapTotal:       3145724 kB
SwapFree:        3145724 kB
Dirty:               740 kB
Writeback:             0 kB
AnonPages:       1654300 kB
Mapped:          1000440 kB
Shmem:             39256 kB
KReclaimable:     532272 kB
Slab:             235868 kB
SReclaimable:      80360 kB
SUnreclaim:       155508 kB
KernelStack:       50912 kB
PageTables:        72896 kB
NFS_Unstable:          0 kB
Bounce:                0 kB
WritebackTmp:          0 kB
CommitLimit:     9202288 kB
Committed_AS:   83911812 kB
VmallocTotal:   263061440 kB
VmallocUsed:      108248 kB
VmallocChunk:          0 kB
Percpu:             7648 kB
CmaTotal:         294912 kB
CmaFree:               0 kB
MemTotal:       12113132 kB
MemFree:         6128764 kB
MemAvailable:    7759916 kB
Buffers:            5404 kB
Cached:          1998916 kB
SwapCached:            0 kB
Active:          1913700 kB
Inactive:        1744132 kB
Active(anon):    1662292 kB
Inactive(anon):    27956 kB
Active(file):     251408 kB
Inactive(file):  1716176 kB
Unevictable:        5576 kB
Mlocked:            5576 kB
SwapTotal:       3145724 kB
SwapFree:        3145724 kB
Dirty:               764 kB
Writeback:             0 kB
AnonPages:       1659208 kB
Mapped:           993008 kB
Shmem:             32212 kB
KReclaimable:     532272 kB
Slab:             235804 kB
SReclaimable:      80360 kB
SUnreclaim:       155444 kB
KernelStack:       50912 kB
PageTables:        72972 kB
NFS_Unstable:          0 kB
Bounce:                0 kB
WritebackTmp:          0 kB
CommitLimit:     9202288 kB
Committed_AS:   83895536 kB
VmallocTotal:   263061440 kB
VmallocUsed:      108216 kB
VmallocChunk:          0 kB
Percpu:             7648 kB
CmaTotal:         294912 kB
CmaFree:             440 kB
MemTotal:       12113132 kB
MemFree:         6125272 kB
MemAvailable:    7756472 kB
Buffers:            5404 kB
Cached:          1998948 kB
SwapCached:            0 kB
Active:          1920560 kB
Inactive:        1744164 kB
Active(anon):    1669152 kB
Inactive(anon):    27956 kB
Active(file):     251408 kB
Inactive(file):  1716208 kB
Unevictable:        5576 kB
Mlocked:            5576 kB
SwapTotal:       3145724 kB
SwapFree:        3145724 kB
Dirty:               772 kB
Writeback:             0 kB
AnonPages:       1665808 kB
Mapped:           992924 kB
Shmem:             32212 kB
KReclaimable:     532288 kB
Slab:             235884 kB
SReclaimable:      80376 kB
SUnreclaim:       155508 kB
KernelStack:       50848 kB
PageTables:        73004 kB
NFS_Unstable:          0 kB
Bounce:                0 kB
WritebackTmp:          0 kB
CommitLimit:     9202288 kB
Committed_AS:   83896500 kB
VmallocTotal:   263061440 kB
VmallocUsed:      108168 kB
VmallocChunk:          0 kB
Percpu:             7648 kB
CmaTotal:         294912 kB
CmaFree:              92 kB
MemTotal:       12113132 kB
MemFree:         6128008 kB
MemAvailable:    7758948 kB
Buffers:            5404 kB
Cached:          1998996 kB
SwapCached:            0 kB
Active:          1914472 kB
Inactive:        1744212 kB
Active(anon):    1663064 kB
Inactive(anon):    27992 kB
Active(file):     251408 kB
Inactive(file):  1716220 kB
Unevictable:        5576 kB
Mlocked:            5576 kB
SwapTotal:       3145724 kB
SwapFree:        3145724 kB
Dirty:               380 kB
Writeback:             0 kB
AnonPages:       1659904 kB
Mapped:           993112 kB
Shmem:             32248 kB
KReclaimable:     532016 kB
Slab:             236104 kB
SReclaimable:      80360 kB
SUnreclaim:       155744 kB
KernelStack:       50832 kB
PageTables:        72872 kB
NFS_Unstable:          0 kB
Bounce:                0 kB
WritebackTmp:          0 kB
CommitLimit:     9202288 kB
Committed_AS:   83911596 kB
VmallocTotal:   263061440 kB
VmallocUsed:      108168 kB
VmallocChunk:          0 kB
Percpu:             7648 kB
CmaTotal:         294912 kB
CmaFree:               0 kB
MemTotal:       12113132 kB
MemFree:         6126472 kB
MemAvailable:    7757444 kB
Buffers:            5404 kB
Cached:          1999024 kB
SwapCached:            0 kB
Active:          1914756 kB
Inactive:        1744240 kB
Active(anon):    1663348 kB
Inactive(anon):    28004 kB
Active(file):     251408 kB
Inactive(file):  1716236 kB
Unevictable:        5576 kB
Mlocked:            5576 kB
SwapTotal:       3145724 kB
SwapFree:        3145724 kB
Dirty:               420 kB
Writeback:             0 kB
AnonPages:       1660404 kB
Mapped:           993300 kB
Shmem:             32260 kB
KReclaimable:     532032 kB
Slab:             235916 kB
SReclaimable:      80376 kB
SUnreclaim:       155540 kB
KernelStack:       50848 kB
PageTables:        73004 kB
NFS_Unstable:          0 kB
Bounce:                0 kB
WritebackTmp:          0 kB
CommitLimit:     9202288 kB
Committed_AS:   83906368 kB
VmallocTotal:   263061440 kB
VmallocUsed:      108200 kB
VmallocChunk:          0 kB
Percpu:             7648 kB
CmaTotal:         294912 kB
CmaFree:               0 kB
MemTotal:       12113132 kB
MemFree:         6126996 kB
MemAvailable:    7757968 kB
Buffers:            5404 kB
Cached:          1999044 kB
SwapCached:            0 kB
Active:          1913952 kB
Inactive:        1744260 kB
Active(anon):    1662544 kB
Inactive(anon):    28008 kB
Active(file):     251408 kB
Inactive(file):  1716252 kB
Unevictable:        5576 kB
Mlocked:            5576 kB
SwapTotal:       3145724 kB
SwapFree:        3145724 kB
Dirty:               472 kB
Writeback:             0 kB
AnonPages:       1659452 kB
Mapped:           993404 kB
Shmem:             32264 kB
KReclaimable:     532016 kB
Slab:             235900 kB
SReclaimable:      80360 kB
SUnreclaim:       155540 kB
KernelStack:       50832 kB
PageTables:        72872 kB
NFS_Unstable:          0 kB
Bounce:                0 kB
WritebackTmp:          0 kB
CommitLimit:     9202288 kB
Committed_AS:   83892208 kB
VmallocTotal:   263061440 kB
VmallocUsed:      108168 kB
VmallocChunk:          0 kB
Percpu:             7648 kB
CmaTotal:         294912 kB
CmaFree:               0 kB
MemTotal:       12113132 kB
MemFree:         6126836 kB
MemAvailable:    7757816 kB
Buffers:            5404 kB
Cached:          1999040 kB
SwapCached:            0 kB
Active:          1914596 kB
Inactive:        1744256 kB
Active(anon):    1663188 kB
Inactive(anon):    27996 kB
Active(file):     251408 kB
Inactive(file):  1716260 kB
Unevictable:        5576 kB
Mlocked:            5576 kB
SwapTotal:       3145724 kB
SwapFree:        3145724 kB
Dirty:               496 kB
Writeback:             0 kB
AnonPages:       1659988 kB
Mapped:           993732 kB
Shmem:             32252 kB
KReclaimable:     532016 kB
Slab:             235900 kB
SReclaimable:      80360 kB
SUnreclaim:       155540 kB
KernelStack:       50832 kB
PageTables:        72776 kB
NFS_Unstable:          0 kB
Bounce:                0 kB
WritebackTmp:          0 kB
CommitLimit:     9202288 kB
Committed_AS:   83895420 kB
VmallocTotal:   263061440 kB
VmallocUsed:      108104 kB
VmallocChunk:          0 kB
Percpu:             7648 kB
CmaTotal:         294912 kB
CmaFree:               0 kB
MemTotal:       12113132 kB
MemFree:         6127852 kB
MemAvailable:    7758844 kB
Buffers:            5404 kB
Cached:          1999064 kB
SwapCached:            0 kB
Active:          1916016 kB
Inactive:        1744280 kB
Active(anon):    1664608 kB
Inactive(anon):    28008 kB
Active(file):     251408 kB
Inactive(file):  1716272 kB
Unevictable:        5576 kB
Mlocked:            5576 kB
SwapTotal:       3145724 kB
SwapFree:        3145724 kB
Dirty:               524 kB
Writeback:             0 kB
AnonPages:       1661240 kB
Mapped:           993740 kB
Shmem:             32264 kB
KReclaimable:     532016 kB
Slab:             235900 kB
SReclaimable:      80360 kB
SUnreclaim:       155540 kB
KernelStack:       50768 kB
PageTables:        72940 kB
NFS_Unstable:          0 kB
Bounce:                0 kB
WritebackTmp:          0 kB
CommitLimit:     9202288 kB
Committed_AS:   83888104 kB
VmallocTotal:   263061440 kB
VmallocUsed:      108088 kB
VmallocChunk:          0 kB
Percpu:             7648 kB
CmaTotal:         294912 kB
CmaFree:               4 kB
MemTotal:       12113132 kB
MemFree:         6128604 kB
MemAvailable:    7759608 kB
Buffers:            5404 kB
Cached:          1999100 kB
SwapCached:            0 kB
Active:          1916212 kB
Inactive:        1744316 kB
Active(anon):    1664804 kB
Inactive(anon):    28032 kB
Active(file):     251408 kB
Inactive(file):  1716284 kB
Unevictable:        5576 kB
Mlocked:            5576 kB
SwapTotal:       3145724 kB
SwapFree:        3145724 kB
Dirty:               548 kB
Writeback:             0 kB
AnonPages:       1661344 kB
Mapped:           993848 kB
Shmem:             32288 kB
KReclaimable:     532016 kB
Slab:             235900 kB
SReclaimable:      80360 kB
SUnreclaim:       155540 kB
KernelStack:       50752 kB
PageTables:        72740 kB
NFS_Unstable:          0 kB
Bounce:                0 kB
WritebackTmp:          0 kB
CommitLimit:     9202288 kB
Committed_AS:   83877592 kB
VmallocTotal:   263061440 kB
VmallocUsed:      108024 kB
VmallocChunk:          0 kB
Percpu:             7648 kB
CmaTotal:         294912 kB
CmaFree:               0 kB
MemTotal:       12113132 kB
MemFree:         6127776 kB
MemAvailable:    7758792 kB
Buffers:            5404 kB
Cached:          1999116 kB
SwapCached:            0 kB
Active:          1916672 kB
Inactive:        1744332 kB
Active(anon):    1665264 kB
Inactive(anon):    28036 kB
Active(file):     251408 kB
Inactive(file):  1716296 kB
Unevictable:        5576 kB
Mlocked:            5576 kB
SwapTotal:       3145724 kB
SwapFree:        3145724 kB
Dirty:               568 kB
Writeback:             0 kB
AnonPages:       1661932 kB
Mapped:           993932 kB
Shmem:             32292 kB
KReclaimable:     532016 kB
Slab:             235900 kB
SReclaimable:      80360 kB
SUnreclaim:       155540 kB
KernelStack:       50752 kB
PageTables:        72752 kB
NFS_Unstable:          0 kB
Bounce:                0 kB
WritebackTmp:          0 kB
CommitLimit:     9202288 kB
Committed_AS:   83882656 kB
VmallocTotal:   263061440 kB
VmallocUsed:      107976 kB
VmallocChunk:          0 kB
Percpu:             7648 kB
CmaTotal:         294912 kB
CmaFree:               0 kB
MemTotal:       12113132 kB
MemFree:         6127884 kB
MemAvailable:    7758920 kB
Buffers:            5404 kB
Cached:          1999136 kB
SwapCached:            0 kB
Active:          1917292 kB
Inactive:        1744352 kB
Active(anon):    1665884 kB
Inactive(anon):    28036 kB
Active(file):     251408 kB
Inactive(file):  1716316 kB
Unevictable:        5576 kB
Mlocked:            5576 kB
SwapTotal:       3145724 kB
SwapFree:        3145724 kB
Dirty:               604 kB
Writeback:             0 kB
AnonPages:       1662472 kB
Mapped:           993940 kB
Shmem:             32292 kB
KReclaimable:     532016 kB
Slab:             235900 kB
SReclaimable:      80360 kB
SUnreclaim:       155540 kB
KernelStack:       50768 kB
PageTables:        73004 kB
NFS_Unstable:          0 kB
Bounce:                0 kB
WritebackTmp:          0 kB
CommitLimit:     9202288 kB
Committed_AS:   83898124 kB
VmallocTotal:   263061440 kB
VmallocUsed:      108008 kB
VmallocChunk:          0 kB
Percpu:             7648 kB
CmaTotal:         294912 kB
CmaFree:               0 kB
MemTotal:       12113132 kB
MemFree:         6127804 kB
MemAvailable:    7758844 kB
Buffers:            5404 kB
Cached:          1999140 kB
SwapCached:            0 kB
Active:          1917124 kB
Inactive:        1744356 kB
Active(anon):    1665716 kB
Inactive(anon):    28036 kB
Active(file):     251408 kB
Inactive(file):  1716320 kB
Unevictable:        5576 kB
Mlocked:            5576 kB
SwapTotal:       3145724 kB
SwapFree:        3145724 kB
Dirty:               740 kB
Writeback:             4 kB
AnonPages:       1662356 kB
Mapped:           993944 kB
Shmem:             32292 kB
KReclaimable:     532016 kB
Slab:             235900 kB
SReclaimable:      80360 kB
SUnreclaim:       155540 kB
KernelStack:       50752 kB
PageTables:        72716 kB
NFS_Unstable:          0 kB
Bounce:                0 kB
WritebackTmp:          0 kB
CommitLimit:     9202288 kB
Committed_AS:   83882488 kB
VmallocTotal:   263061440 kB
VmallocUsed:      107960 kB
VmallocChunk:          0 kB
Percpu:             7648 kB
CmaTotal:         294912 kB
CmaFree:               0 kB
MemTotal:       12113132 kB
MemFree:         6126584 kB
MemAvailable:    7757652 kB
Buffers:            5404 kB
Cached:          1999188 kB
SwapCached:            0 kB
Active:          1918116 kB
Inactive:        1744404 kB
Active(anon):    1666708 kB
Inactive(anon):    28056 kB
Active(file):     251408 kB
Inactive(file):  1716348 kB
Unevictable:        5576 kB
Mlocked:            5576 kB
SwapTotal:       3145724 kB
SwapFree:        3145724 kB
Dirty:               776 kB
Writeback:             0 kB
AnonPages:       1663500 kB
Mapped:           993980 kB
Shmem:             32312 kB
KReclaimable:     532016 kB
Slab:             235900 kB
SReclaimable:      80360 kB
SUnreclaim:       155540 kB
KernelStack:       50720 kB
PageTables:        72872 kB
NFS_Unstable:          0 kB
Bounce:                0 kB
WritebackTmp:          0 kB
CommitLimit:     9202288 kB
Committed_AS:   83882988 kB
VmallocTotal:   263061440 kB
VmallocUsed:      107992 kB
VmallocChunk:          0 kB
Percpu:             7648 kB
CmaTotal:         294912 kB
CmaFree:               8 kB
MemTotal:       12113132 kB
MemFree:         6127772 kB
MemAvailable:    7758872 kB
Buffers:            5404 kB
Cached:          1999140 kB
SwapCached:            0 kB
Active:          1917708 kB
Inactive:        1744356 kB
Active(anon):    1666300 kB
Inactive(anon):    27992 kB
Active(file):     251408 kB
Inactive(file):  1716364 kB
Unevictable:        5576 kB
Mlocked:            5576 kB
SwapTotal:       3145724 kB
SwapFree:        3145724 kB
Dirty:               804 kB
Writeback:             0 kB
AnonPages:       1663188 kB
Mapped:           993916 kB
Shmem:             32248 kB
KReclaimable:     532032 kB
Slab:             235916 kB
SReclaimable:      80376 kB
SUnreclaim:       155540 kB
KernelStack:       50688 kB
PageTables:        72872 kB
NFS_Unstable:          0 kB
Bounce:                0 kB
WritebackTmp:          0 kB
CommitLimit:     9202288 kB
Committed_AS:   83882556 kB
VmallocTotal:   263061440 kB
VmallocUsed:      107928 kB
VmallocChunk:          0 kB
Percpu:             7648 kB
CmaTotal:         294912 kB
CmaFree:               0 kB
MemTotal:       12113132 kB
MemFree:         6128000 kB
MemAvailable:    7759096 kB
Buffers:            5404 kB
Cached:          1999152 kB
SwapCached:            0 kB
Active:          1917524 kB
Inactive:        1744368 kB
Active(anon):    1666116 kB
Inactive(anon):    27992 kB
Active(file):     251408 kB
Inactive(file):  1716376 kB
Unevictable:        5576 kB
Mlocked:            5576 kB
SwapTotal:       3145724 kB
SwapFree:        3145724 kB
Dirty:               816 kB
Writeback:             0 kB
AnonPages:       1662688 kB
Mapped:           993916 kB
Shmem:             32248 kB
KReclaimable:     532016 kB
Slab:             235900 kB
SReclaimable:      80360 kB
SUnreclaim:       155540 kB
KernelStack:       50672 kB
PageTables:        72868 kB
NFS_Unstable:          0 kB
Bounce:                0 kB
WritebackTmp:          0 kB
CommitLimit:     9202288 kB
Committed_AS:   83890496 kB
VmallocTotal:   263061440 kB
VmallocUsed:      107960 kB
VmallocChunk:          0 kB
Percpu:             7648 kB
CmaTotal:         294912 kB
CmaFree:               0 kB
MemTotal:       12113132 kB
MemFree:         6127796 kB
MemAvailable:    7758892 kB
Buffers:            5404 kB
Cached:          1999200 kB
SwapCached:            0 kB
Active:          1917500 kB
Inactive:        1744416 kB
Active(anon):    1666092 kB
Inactive(anon):    28024 kB
Active(file):     251408 kB
Inactive(file):  1716392 kB
Unevictable:        5576 kB
Mlocked:            5576 kB
SwapTotal:       3145724 kB
SwapFree:        3145724 kB
Dirty:               832 kB
Writeback:             0 kB
AnonPages:       1662928 kB
Mapped:           993948 kB
Shmem:             32280 kB
KReclaimable:     532000 kB
Slab:             235884 kB
SReclaimable:      80344 kB
SUnreclaim:       155540 kB
KernelStack:       50656 kB
PageTables:        72860 kB
NFS_Unstable:          0 kB
Bounce:                0 kB
WritebackTmp:          0 kB
CommitLimit:     9202288 kB
Committed_AS:   83895120 kB
VmallocTotal:   263061440 kB
VmallocUsed:      107960 kB
VmallocChunk:          0 kB
Percpu:             7648 kB
CmaTotal:         294912 kB
CmaFree:               0 kB
MemTotal:       12113132 kB
MemFree:         6128112 kB
MemAvailable:    7759220 kB
Buffers:            5404 kB
Cached:          1999220 kB
SwapCached:            0 kB
Active:          1917932 kB
Inactive:        1744436 kB
Active(anon):    1666524 kB
Inactive(anon):    28032 kB
Active(file):     251408 kB
Inactive(file):  1716404 kB
Unevictable:        5576 kB
Mlocked:            5576 kB
SwapTotal:       3145724 kB
SwapFree:        3145724 kB
Dirty:               848 kB
Writeback:             0 kB
AnonPages:       1663372 kB
Mapped:           993976 kB
Shmem:             32288 kB
KReclaimable:     532000 kB
Slab:             235884 kB
SReclaimable:      80344 kB
SUnreclaim:       155540 kB
KernelStack:       50608 kB
PageTables:        72984 kB
NFS_Unstable:          0 kB
Bounce:                0 kB
WritebackTmp:          0 kB
CommitLimit:     9202288 kB
Committed_AS:   83893276 kB
VmallocTotal:   263061440 kB
VmallocUsed:      107864 kB
VmallocChunk:          0 kB
Percpu:             7648 kB
CmaTotal:         294912 kB
CmaFree:               0 kB
MemTotal:       12113132 kB
MemFree:         6127604 kB
MemAvailable:    7758724 kB
Buffers:            5404 kB
Cached:          1999232 kB
SwapCached:            0 kB
Active:          1918100 kB
Inactive:        1744448 kB
Active(anon):    1666692 kB
Inactive(anon):    28032 kB
Active(file):     251408 kB
Inactive(file):  1716416 kB
Unevictable:        5576 kB
Mlocked:            5576 kB
SwapTotal:       3145724 kB
SwapFree:        3145724 kB
Dirty:               884 kB
Writeback:             0 kB
AnonPages:       1663544 kB
Mapped:           993992 kB
Shmem:             32288 kB
KReclaimable:     532000 kB
Slab:             235884 kB
SReclaimable:      80344 kB
SUnreclaim:       155540 kB
KernelStack:       50608 kB
PageTables:        72592 kB
NFS_Unstable:          0 kB
Bounce:                0 kB
WritebackTmp:          0 kB
CommitLimit:     9202288 kB
Committed_AS:   83887432 kB
VmallocTotal:   263061440 kB
VmallocUsed:      107848 kB
VmallocChunk:          0 kB
Percpu:             7648 kB
CmaTotal:         294912 kB
CmaFree:              56 kB
MemTotal:       12113132 kB
MemFree:         6125756 kB
MemAvailable:    7756916 kB
Buffers:            5408 kB
Cached:          1999264 kB
SwapCached:            0 kB
Active:          1920364 kB
Inactive:        1744480 kB
Active(anon):    1668952 kB
Inactive(anon):    28032 kB
Active(file):     251412 kB
Inactive(file):  1716448 kB
Unevictable:        5576 kB
Mlocked:            5576 kB
SwapTotal:       3145724 kB
SwapFree:        3145724 kB
Dirty:               972 kB
Writeback:             0 kB
AnonPages:       1665952 kB
Mapped:           993992 kB
Shmem:             32288 kB
KReclaimable:     532004 kB
Slab:             235888 kB
SReclaimable:      80348 kB
SUnreclaim:       155540 kB
KernelStack:       50608 kB
PageTables:        72988 kB
NFS_Unstable:          0 kB
Bounce:                0 kB
WritebackTmp:          0 kB
CommitLimit:     9202288 kB
Committed_AS:   83886176 kB
VmallocTotal:   263061440 kB
VmallocUsed:      107848 kB
VmallocChunk:          0 kB
Percpu:             7648 kB
CmaTotal:         294912 kB
CmaFree:               0 kB
MemTotal:       12113132 kB
MemFree:         6124960 kB
MemAvailable:    7756144 kB
Buffers:            5408 kB
Cached:          1999288 kB
SwapCached:            0 kB
Active:          1920936 kB
Inactive:        1744504 kB
Active(anon):    1669524 kB
Inactive(anon):    28048 kB
Active(file):     251412 kB
Inactive(file):  1716456 kB
Unevictable:        5576 kB
Mlocked:            5576 kB
SwapTotal:       3145724 kB
SwapFree:        3145724 kB
Dirty:               420 kB
Writeback:             0 kB
AnonPages:       1666280 kB
Mapped:           994036 kB
Shmem:             32304 kB
KReclaimable:     532020 kB
Slab:             235868 kB
SReclaimable:      80364 kB
SUnreclaim:       155504 kB
KernelStack:       50576 kB
PageTables:        72848 kB
NFS_Unstable:          0 kB
Bounce:                0 kB
WritebackTmp:          0 kB
CommitLimit:     9202288 kB
Committed_AS:   83893160 kB
VmallocTotal:   263061440 kB
VmallocUsed:      107896 kB
VmallocChunk:          0 kB
Percpu:             7648 kB
CmaTotal:         294912 kB
CmaFree:               0 kB
MemTotal:       12113132 kB
MemFree:         6126368 kB
MemAvailable:    7763708 kB
Buffers:            5408 kB
Cached:          1999272 kB
SwapCached:            0 kB
Active:          1918820 kB
Inactive:        1744536 kB
Active(anon):    1667408 kB
Inactive(anon):    28060 kB
Active(file):     251412 kB
Inactive(file):  1716476 kB
Unevictable:        5576 kB
Mlocked:            5576 kB
SwapTotal:       3145724 kB
SwapFree:        3145724 kB
Dirty:               516 kB
Writeback:             0 kB
AnonPages:       1664148 kB
Mapped:           994044 kB
Shmem:             32268 kB
KReclaimable:     538156 kB
Slab:             235868 kB
SReclaimable:      80364 kB
SUnreclaim:       155504 kB
KernelStack:       50576 kB
PageTables:        72884 kB
NFS_Unstable:          0 kB
Bounce:                0 kB
WritebackTmp:          0 kB
CommitLimit:     9202288 kB
Committed_AS:   83904704 kB
VmallocTotal:   263061440 kB
VmallocUsed:      107896 kB
VmallocChunk:          0 kB
Percpu:             7648 kB
CmaTotal:         294912 kB
CmaFree:               0 kB
MemTotal:       12113132 kB
MemFree:         6127388 kB
MemAvailable:    7764844 kB
Buffers:            5408 kB
Cached:          1999280 kB
SwapCached:            0 kB
Active:          1919276 kB
Inactive:        1744544 kB
Active(anon):    1667864 kB
Inactive(anon):    28056 kB
Active(file):     251412 kB
Inactive(file):  1716488 kB
Unevictable:        5576 kB
Mlocked:            5576 kB
SwapTotal:       3145724 kB
SwapFree:        3145724 kB
Dirty:               556 kB
Writeback:             0 kB
AnonPages:       1664448 kB
Mapped:           994080 kB
Shmem:             32264 kB
KReclaimable:     538260 kB
Slab:             235852 kB
SReclaimable:      80348 kB
SUnreclaim:       155504 kB
KernelStack:       50576 kB
PageTables:        72732 kB
NFS_Unstable:          0 kB
Bounce:                0 kB
WritebackTmp:          0 kB
CommitLimit:     9202288 kB
Committed_AS:   83895752 kB
VmallocTotal:   263061440 kB
VmallocUsed:      107864 kB
VmallocChunk:          0 kB
Percpu:             7648 kB
CmaTotal:         294912 kB
CmaFree:               0 kB
MemTotal:       12113132 kB
MemFree:         6133800 kB
MemAvailable:    7771260 kB
Buffers:            5408 kB
Cached:          1999288 kB
SwapCached:            0 kB
Active:          1911440 kB
Inactive:        1744552 kB
Active(anon):    1660028 kB
Inactive(anon):    28060 kB
Active(file):     251412 kB
Inactive(file):  1716492 kB
Unevictable:        5576 kB
Mlocked:            5576 kB
SwapTotal:       3145724 kB
SwapFree:        3145724 kB
Dirty:               568 kB
Writeback:             0 kB
AnonPages:       1656988 kB
Mapped:           994092 kB
Shmem:             32268 kB
KReclaimable:     538260 kB
Slab:             235852 kB
SReclaimable:      80348 kB
SUnreclaim:       155504 kB
KernelStack:       50544 kB
PageTables:        72848 kB
NFS_Unstable:          0 kB
Bounce:                0 kB
WritebackTmp:          0 kB
CommitLimit:     9202288 kB
Committed_AS:   83900692 kB
VmallocTotal:   263061440 kB
VmallocUsed:      107864 kB
VmallocChunk:          0 kB
Percpu:             7648 kB
CmaTotal:         294912 kB
CmaFree:               0 kB
MemTotal:       12113132 kB
MemFree:         6133760 kB
MemAvailable:    7771240 kB
Buffers:            5408 kB
Cached:          1999316 kB
SwapCached:            0 kB
Active:          1911460 kB
Inactive:        1744580 kB
Active(anon):    1660048 kB
Inactive(anon):    28068 kB
Active(file):     251412 kB
Inactive(file):  1716512 kB
Unevictable:        5576 kB
Mlocked:            5576 kB
SwapTotal:       3145724 kB
SwapFree:        3145724 kB
Dirty:               612 kB
Writeback:             0 kB
AnonPages:       1656776 kB
Mapped:           994116 kB
Shmem:             32276 kB
KReclaimable:     538260 kB
Slab:             235852 kB
SReclaimable:      80348 kB
SUnreclaim:       155504 kB
KernelStack:       50560 kB
PageTables:        72980 kB
NFS_Unstable:          0 kB
Bounce:                0 kB
WritebackTmp:          0 kB
CommitLimit:     9202288 kB
Committed_AS:   83903552 kB
VmallocTotal:   263061440 kB
VmallocUsed:      107848 kB
VmallocChunk:          0 kB
Percpu:             7648 kB
CmaTotal:         294912 kB
CmaFree:               0 kB
MemTotal:       12113132 kB
MemFree:         6132412 kB
MemAvailable:    7769900 kB
Buffers:            5408 kB
Cached:          1999332 kB
SwapCached:            0 kB
Active:          1911848 kB
Inactive:        1744596 kB
Active(anon):    1660436 kB
Inactive(anon):    28076 kB
Active(file):     251412 kB
Inactive(file):  1716520 kB
Unevictable:        5576 kB
Mlocked:            5576 kB
SwapTotal:       3145724 kB
SwapFree:        3145724 kB
Dirty:               628 kB
Writeback:             0 kB
AnonPages:       1657260 kB
Mapped:           994124 kB
Shmem:             32284 kB
KReclaimable:     538260 kB
Slab:             235852 kB
SReclaimable:      80348 kB
SUnreclaim:       155504 kB
KernelStack:       50592 kB
PageTables:        72848 kB
NFS_Unstable:          0 kB
Bounce:                0 kB
WritebackTmp:          0 kB
CommitLimit:     9202288 kB
Committed_AS:   83900576 kB
VmallocTotal:   263061440 kB
VmallocUsed:      107944 kB
VmallocChunk:          0 kB
Percpu:             7648 kB
CmaTotal:         294912 kB
CmaFree:               0 kB
MemTotal:       12113132 kB
MemFree:         6132732 kB
MemAvailable:    7770240 kB
Buffers:            5408 kB
Cached:          1999288 kB
SwapCached:            0 kB
Active:          1911988 kB
Inactive:        1744552 kB
Active(anon):    1660576 kB
Inactive(anon):    28012 kB
Active(file):     251412 kB
Inactive(file):  1716540 kB
Unevictable:        5576 kB
Mlocked:            5576 kB
SwapTotal:       3145724 kB
SwapFree:        3145724 kB
Dirty:               648 kB
Writeback:             0 kB
AnonPages:       1657216 kB
Mapped:           994060 kB
Shmem:             32220 kB
KReclaimable:     538260 kB
Slab:             235852 kB
SReclaimable:      80348 kB
SUnreclaim:       155504 kB
KernelStack:       50608 kB
PageTables:        72984 kB
NFS_Unstable:          0 kB
Bounce:                0 kB
WritebackTmp:          0 kB
CommitLimit:     9202288 kB
Committed_AS:   83891408 kB
VmallocTotal:   263061440 kB
VmallocUsed:      107896 kB
VmallocChunk:          0 kB
Percpu:             7648 kB
CmaTotal:         294912 kB
CmaFree:               0 kB
MemTotal:       12113132 kB
MemFree:         6131972 kB
MemAvailable:    7769492 kB
Buffers:            5408 kB
Cached:          1999324 kB
SwapCached:            0 kB
Active:          1912840 kB
Inactive:        1744588 kB
Active(anon):    1661428 kB
Inactive(anon):    28036 kB
Active(file):     251412 kB
Inactive(file):  1716552 kB
Unevictable:        5576 kB
Mlocked:            5576 kB
SwapTotal:       3145724 kB
SwapFree:        3145724 kB
Dirty:               716 kB
Writeback:             0 kB
AnonPages:       1658188 kB
Mapped:           994088 kB
Shmem:             32244 kB
KReclaimable:     538260 kB
Slab:             235812 kB
SReclaimable:      80348 kB
SUnreclaim:       155464 kB
KernelStack:       50608 kB
PageTables:        72980 kB
NFS_Unstable:          0 kB
Bounce:                0 kB
WritebackTmp:          0 kB
CommitLimit:     9202288 kB
Committed_AS:   83889728 kB
VmallocTotal:   263061440 kB
VmallocUsed:      107912 kB
VmallocChunk:          0 kB
Percpu:             7648 kB
CmaTotal:         294912 kB
CmaFree:              32 kB
MemTotal:       12113132 kB
MemFree:         6131840 kB
MemAvailable:    7769404 kB
Buffers:            5408 kB
Cached:          1999372 kB
SwapCached:            0 kB
Active:          1912704 kB
Inactive:        1744636 kB
Active(anon):    1661292 kB
Inactive(anon):    28056 kB
Active(file):     251412 kB
Inactive(file):  1716580 kB
Unevictable:        5576 kB
Mlocked:            5576 kB
SwapTotal:       3145724 kB
SwapFree:        3145724 kB
Dirty:               772 kB
Writeback:             0 kB
AnonPages:       1658016 kB
Mapped:           994128 kB
Shmem:             32264 kB
KReclaimable:     538276 kB
Slab:             235868 kB
SReclaimable:      80364 kB
SUnreclaim:       155504 kB
KernelStack:       50608 kB
PageTables:        72984 kB
NFS_Unstable:          0 kB
Bounce:                0 kB
WritebackTmp:          0 kB
CommitLimit:     9202288 kB
Committed_AS:   83891164 kB
VmallocTotal:   263061440 kB
VmallocUsed:      107896 kB
VmallocChunk:          0 kB
Percpu:             7648 kB
CmaTotal:         294912 kB
CmaFree:               0 kB
MemTotal:       12113132 kB
MemFree:         6132228 kB
MemAvailable:    7769788 kB
Buffers:            5408 kB
Cached:          1999404 kB
SwapCached:            0 kB
Active:          1913208 kB
Inactive:        1744668 kB
Active(anon):    1661796 kB
Inactive(anon):    28076 kB
Active(file):     251412 kB
Inactive(file):  1716592 kB
Unevictable:        5576 kB
Mlocked:            5576 kB
SwapTotal:       3145724 kB
SwapFree:        3145724 kB
Dirty:               808 kB
Writeback:             0 kB
AnonPages:       1658744 kB
Mapped:           994164 kB
Shmem:             32284 kB
KReclaimable:     538260 kB
Slab:             235852 kB
SReclaimable:      80348 kB
SUnreclaim:       155504 kB
KernelStack:       50592 kB
PageTables:        72852 kB
NFS_Unstable:          0 kB
Bounce:                0 kB
WritebackTmp:          0 kB
CommitLimit:     9202288 kB
Committed_AS:   83902552 kB
VmallocTotal:   263061440 kB
VmallocUsed:      107864 kB
VmallocChunk:          0 kB
Percpu:             7648 kB
CmaTotal:         294912 kB
CmaFree:               4 kB
MemTotal:       12113132 kB
MemFree:         6131768 kB
MemAvailable:    7769344 kB
Buffers:            5408 kB
Cached:          1999424 kB
SwapCached:            0 kB
Active:          1913460 kB
Inactive:        1744688 kB
Active(anon):    1662048 kB
Inactive(anon):    28080 kB
Active(file):     251412 kB
Inactive(file):  1716608 kB
Unevictable:        5576 kB
Mlocked:            5576 kB
SwapTotal:       3145724 kB
SwapFree:        3145724 kB
Dirty:               852 kB
Writeback:             0 kB
AnonPages:       1658748 kB
Mapped:           994168 kB
Shmem:             32288 kB
KReclaimable:     538260 kB
Slab:             235852 kB
SReclaimable:      80348 kB
SUnreclaim:       155504 kB
KernelStack:       50592 kB
PageTables:        72980 kB
NFS_Unstable:          0 kB
Bounce:                0 kB
WritebackTmp:          0 kB
CommitLimit:     9202288 kB
Committed_AS:   83893848 kB
VmallocTotal:   263061440 kB
VmallocUsed:      107880 kB
VmallocChunk:          0 kB
Percpu:             7648 kB
CmaTotal:         294912 kB
CmaFree:               0 kB
MemTotal:       12113132 kB
MemFree:         6130456 kB
MemAvailable:    7768040 kB
Buffers:            5408 kB
Cached:          1999368 kB
SwapCached:            0 kB
Active:          1914392 kB
Inactive:        1744632 kB
Active(anon):    1662980 kB
Inactive(anon):    28016 kB
Active(file):     251412 kB
Inactive(file):  1716616 kB
Unevictable:        5576 kB
Mlocked:            5576 kB
SwapTotal:       3145724 kB
SwapFree:        3145724 kB
Dirty:               860 kB
Writeback:             0 kB
AnonPages:       1659816 kB
Mapped:           994104 kB
Shmem:             32224 kB
KReclaimable:     538260 kB
Slab:             235852 kB
SReclaimable:      80348 kB
SUnreclaim:       155504 kB
KernelStack:       50628 kB
PageTables:        72740 kB
NFS_Unstable:          0 kB
Bounce:                0 kB
WritebackTmp:          0 kB
CommitLimit:     9202288 kB
Committed_AS:   83899128 kB
VmallocTotal:   263061440 kB
VmallocUsed:      107912 kB
VmallocChunk:          0 kB
Percpu:             7648 kB
CmaTotal:         294912 kB
CmaFree:               0 kB
MemTotal:       12113132 kB
MemFree:         6133324 kB
MemAvailable:    7770920 kB
Buffers:            5408 kB
Cached:          1999380 kB
SwapCached:            0 kB
Active:          1910084 kB
Inactive:        1744644 kB
Active(anon):    1658672 kB
Inactive(anon):    28016 kB
Active(file):     251412 kB
Inactive(file):  1716628 kB
Unevictable:        5576 kB
Mlocked:            5576 kB
SwapTotal:       3145724 kB
SwapFree:        3145724 kB
Dirty:               872 kB
Writeback:             0 kB
AnonPages:       1655540 kB
Mapped:           994104 kB
Shmem:             32224 kB
KReclaimable:     538260 kB
Slab:             235852 kB
SReclaimable:      80348 kB
SUnreclaim:       155504 kB
KernelStack:       50592 kB
PageTables:        72844 kB
NFS_Unstable:          0 kB
Bounce:                0 kB
WritebackTmp:          0 kB
CommitLimit:     9202288 kB
Committed_AS:   83891104 kB
VmallocTotal:   263061440 kB
VmallocUsed:      107912 kB
VmallocChunk:          0 kB
Percpu:             7648 kB
CmaTotal:         294912 kB
CmaFree:               0 kB
MemTotal:       12113132 kB
MemFree:         6133176 kB
MemAvailable:    7770784 kB
Buffers:            5408 kB
Cached:          1999392 kB
SwapCached:            0 kB
Active:          1910536 kB
Inactive:        1744656 kB
Active(anon):    1659124 kB
Inactive(anon):    28016 kB
Active(file):     251412 kB
Inactive(file):  1716640 kB
Unevictable:        5576 kB
Mlocked:            5576 kB
SwapTotal:       3145724 kB
SwapFree:        3145724 kB
Dirty:               900 kB
Writeback:             0 kB
AnonPages:       1655780 kB
Mapped:           994104 kB
Shmem:             32224 kB
KReclaimable:     538260 kB
Slab:             235852 kB
SReclaimable:      80348 kB
SUnreclaim:       155504 kB
KernelStack:       50592 kB
PageTables:        72844 kB
NFS_Unstable:          0 kB
Bounce:                0 kB
WritebackTmp:          0 kB
CommitLimit:     9202288 kB
Committed_AS:   83900408 kB
VmallocTotal:   263061440 kB
VmallocUsed:      107944 kB
VmallocChunk:          0 kB
Percpu:             7648 kB
CmaTotal:         294912 kB
CmaFree:               0 kB
MemTotal:       12113132 kB
MemFree:         6133012 kB
MemAvailable:    7770652 kB
Buffers:            5412 kB
Cached:          1999444 kB
SwapCached:            0 kB
Active:          1911088 kB
Inactive:        1744708 kB
Active(anon):    1659672 kB
Inactive(anon):    28040 kB
Active(file):     251416 kB
Inactive(file):  1716668 kB
Unevictable:        5576 kB
Mlocked:            5576 kB
SwapTotal:       3145724 kB
SwapFree:        3145724 kB
Dirty:               920 kB
Writeback:             0 kB
AnonPages:       1656112 kB
Mapped:           994144 kB
Shmem:             32248 kB
KReclaimable:     538260 kB
Slab:             235852 kB
SReclaimable:      80348 kB
SUnreclaim:       155504 kB
KernelStack:       50624 kB
PageTables:        72716 kB
NFS_Unstable:          0 kB
Bounce:                0 kB
WritebackTmp:          0 kB
CommitLimit:     9202288 kB
Committed_AS:   83891160 kB
VmallocTotal:   263061440 kB
VmallocUsed:      107880 kB
VmallocChunk:          0 kB
Percpu:             7648 kB
CmaTotal:         294912 kB
CmaFree:               0 kB
MemTotal:       12113132 kB
MemFree:         6132732 kB
MemAvailable:    7770380 kB
Buffers:            5412 kB
Cached:          1999452 kB
SwapCached:            0 kB
Active:          1911724 kB
Inactive:        1744716 kB
Active(anon):    1660308 kB
Inactive(anon):    28040 kB
Active(file):     251416 kB
Inactive(file):  1716676 kB
Unevictable:        5576 kB
Mlocked:            5576 kB
SwapTotal:       3145724 kB
SwapFree:        3145724 kB
Dirty:               320 kB
Writeback:             0 kB
AnonPages:       1656960 kB
Mapped:           994148 kB
Shmem:             32248 kB
KReclaimable:     538260 kB
Slab:             235852 kB
SReclaimable:      80348 kB
SUnreclaim:       155504 kB
KernelStack:       50624 kB
PageTables:        72716 kB
NFS_Unstable:          0 kB
Bounce:                0 kB
WritebackTmp:          0 kB
CommitLimit:     9202288 kB
Committed_AS:   83893136 kB
VmallocTotal:   263061440 kB
VmallocUsed:      107880 kB
VmallocChunk:          0 kB
Percpu:             7648 kB
CmaTotal:         294912 kB
CmaFree:               0 kB
MemTotal:       12113132 kB
MemFree:         6132652 kB
MemAvailable:    7770304 kB
Buffers:            5412 kB
Cached:          1999492 kB
SwapCached:            0 kB
Active:          1912208 kB
Inactive:        1744756 kB
Active(anon):    1660792 kB
Inactive(anon):    28060 kB
Active(file):     251416 kB
Inactive(file):  1716696 kB
Unevictable:        5576 kB
Mlocked:            5576 kB
SwapTotal:       3145724 kB
SwapFree:        3145724 kB
Dirty:               412 kB
Writeback:             0 kB
AnonPages:       1657580 kB
Mapped:           994168 kB
Shmem:             32268 kB
KReclaimable:     538244 kB
Slab:             235844 kB
SReclaimable:      80332 kB
SUnreclaim:       155512 kB
KernelStack:       50592 kB
PageTables:        72840 kB
NFS_Unstable:          0 kB
Bounce:                0 kB
WritebackTmp:          0 kB
CommitLimit:     9202288 kB
Committed_AS:   83893636 kB
VmallocTotal:   263061440 kB
VmallocUsed:      107880 kB
VmallocChunk:          0 kB
Percpu:             7648 kB
CmaTotal:         294912 kB
CmaFree:               0 kB
MemTotal:       12113132 kB
MemFree:         6132672 kB
MemAvailable:    7770336 kB
Buffers:            5412 kB
Cached:          1999476 kB
SwapCached:            0 kB
Active:          1912812 kB
Inactive:        1744740 kB
Active(anon):    1661396 kB
Inactive(anon):    28032 kB
Active(file):     251416 kB
Inactive(file):  1716708 kB
Unevictable:        5576 kB
Mlocked:            5576 kB
SwapTotal:       3145724 kB
SwapFree:        3145724 kB
Dirty:               428 kB
Writeback:             0 kB
AnonPages:       1658416 kB
Mapped:           994248 kB
Shmem:             32240 kB
KReclaimable:     538244 kB
Slab:             235844 kB
SReclaimable:      80332 kB
SUnreclaim:       155512 kB
KernelStack:       50592 kB
PageTables:        72828 kB
NFS_Unstable:          0 kB
Bounce:                0 kB
WritebackTmp:          0 kB
CommitLimit:     9202288 kB
Committed_AS:   83884300 kB
VmallocTotal:   263061440 kB
VmallocUsed:      107848 kB
VmallocChunk:          0 kB
Percpu:             7648 kB
CmaTotal:         294912 kB
CmaFree:               0 kB
MemTotal:       12113132 kB
MemFree:         6132576 kB
MemAvailable:    7770248 kB
Buffers:            5412 kB
Cached:          1999484 kB
SwapCached:            0 kB
Active:          1912376 kB
Inactive:        1744748 kB
Active(anon):    1660960 kB
Inactive(anon):    28032 kB
Active(file):     251416 kB
Inactive(file):  1716716 kB
Unevictable:        5576 kB
Mlocked:            5576 kB
SwapTotal:       3145724 kB
SwapFree:        3145724 kB
Dirty:               448 kB
Writeback:             0 kB
AnonPages:       1658028 kB
Mapped:           994140 kB
Shmem:             32240 kB
KReclaimable:     538244 kB
Slab:             235844 kB
SReclaimable:      80332 kB
SUnreclaim:       155512 kB
KernelStack:       50592 kB
PageTables:        72844 kB
NFS_Unstable:          0 kB
Bounce:                0 kB
WritebackTmp:          0 kB
CommitLimit:     9202288 kB
Committed_AS:   83880192 kB
VmallocTotal:   263061440 kB
VmallocUsed:      107880 kB
VmallocChunk:          0 kB
Percpu:             7648 kB
CmaTotal:         294912 kB
CmaFree:               0 kB
MemTotal:       12113132 kB
MemFree:         6132500 kB
MemAvailable:    7770208 kB
Buffers:            5412 kB
Cached:          1999544 kB
SwapCached:            0 kB
Active:          1912612 kB
Inactive:        1744808 kB
Active(anon):    1661196 kB
Inactive(anon):    28072 kB
Active(file):     251416 kB
Inactive(file):  1716736 kB
Unevictable:        5576 kB
Mlocked:            5576 kB
SwapTotal:       3145724 kB
SwapFree:        3145724 kB
Dirty:               536 kB
Writeback:             0 kB
AnonPages:       1658400 kB
Mapped:           994200 kB
Shmem:             32280 kB
KReclaimable:     538260 kB
Slab:             235860 kB
SReclaimable:      80348 kB
SUnreclaim:       155512 kB
KernelStack:       50608 kB
PageTables:        72976 kB
NFS_Unstable:          0 kB
Bounce:                0 kB
WritebackTmp:          0 kB
CommitLimit:     9202288 kB
Committed_AS:   83895116 kB
VmallocTotal:   263061440 kB
VmallocUsed:      107848 kB
VmallocChunk:          0 kB
Percpu:             7648 kB
CmaTotal:         294912 kB
CmaFree:               0 kB
MemTotal:       12113132 kB
MemFree:         6132508 kB
MemAvailable:    7770224 kB
Buffers:            5412 kB
Cached:          1999556 kB
SwapCached:            0 kB
Active:          1912392 kB
Inactive:        1744820 kB
Active(anon):    1660976 kB
Inactive(anon):    28076 kB
Active(file):     251416 kB
Inactive(file):  1716744 kB
Unevictable:        5576 kB
Mlocked:            5576 kB
SwapTotal:       3145724 kB
SwapFree:        3145724 kB
Dirty:               556 kB
Writeback:             0 kB
AnonPages:       1658128 kB
Mapped:           994220 kB
Shmem:             32284 kB
KReclaimable:     538260 kB
Slab:             235860 kB
SReclaimable:      80348 kB
SUnreclaim:       155512 kB
KernelStack:       50624 kB
PageTables:        72728 kB
NFS_Unstable:          0 kB
Bounce:                0 kB
WritebackTmp:          0 kB
CommitLimit:     9202288 kB
Committed_AS:   83895608 kB
VmallocTotal:   263061440 kB
VmallocUsed:      107912 kB
VmallocChunk:          0 kB
Percpu:             7648 kB
CmaTotal:         294912 kB
CmaFree:               0 kB
MemTotal:       12113132 kB
MemFree:         6131848 kB
MemAvailable:    7769592 kB
Buffers:            5412 kB
Cached:          1999572 kB
SwapCached:            0 kB
Active:          1913700 kB
Inactive:        1744836 kB
Active(anon):    1662284 kB
Inactive(anon):    28080 kB
Active(file):     251416 kB
Inactive(file):  1716756 kB
Unevictable:        5576 kB
Mlocked:            5576 kB
SwapTotal:       3145724 kB
SwapFree:        3145724 kB
Dirty:               576 kB
Writeback:             0 kB
AnonPages:       1659068 kB
Mapped:           994236 kB
Shmem:             32288 kB
KReclaimable:     538276 kB
Slab:             235876 kB
SReclaimable:      80364 kB
SUnreclaim:       155512 kB
KernelStack:       50592 kB
PageTables:        72848 kB
NFS_Unstable:          0 kB
Bounce:                0 kB
WritebackTmp:          0 kB
CommitLimit:     9202288 kB
Committed_AS:   83896532 kB
VmallocTotal:   263061440 kB
VmallocUsed:      107896 kB
VmallocChunk:          0 kB
Percpu:             7648 kB
CmaTotal:         294912 kB
CmaFree:               0 kB
MemTotal:       12113132 kB
MemFree:         6139520 kB
MemAvailable:    7777256 kB
Buffers:            5412 kB
Cached:          1999444 kB
SwapCached:            0 kB
Active:          1904320 kB
Inactive:        1744708 kB
Active(anon):    1652904 kB
Inactive(anon):    27944 kB
Active(file):     251416 kB
Inactive(file):  1716764 kB
Unevictable:        5576 kB
Mlocked:            5576 kB
SwapTotal:       3145724 kB
SwapFree:        3145724 kB
Dirty:               600 kB
Writeback:             0 kB
AnonPages:       1649536 kB
Mapped:           994240 kB
Shmem:             32152 kB
KReclaimable:     538260 kB
Slab:             235860 kB
SReclaimable:      80348 kB
SUnreclaim:       155512 kB
KernelStack:       50608 kB
PageTables:        72984 kB
NFS_Unstable:          0 kB
Bounce:                0 kB
WritebackTmp:          0 kB
CommitLimit:     9202288 kB
Committed_AS:   83885644 kB
VmallocTotal:   263061440 kB
VmallocUsed:      107896 kB
VmallocChunk:          0 kB
Percpu:             7648 kB
CmaTotal:         294912 kB
CmaFree:              84 kB
MemTotal:       12113132 kB
MemFree:         6139916 kB
MemAvailable:    7777696 kB
Buffers:            5412 kB
Cached:          1999484 kB
SwapCached:            0 kB
Active:          1905120 kB
Inactive:        1744748 kB
Active(anon):    1653704 kB
Inactive(anon):    27956 kB
Active(file):     251416 kB
Inactive(file):  1716792 kB
Unevictable:        5576 kB
Mlocked:            5576 kB
SwapTotal:       3145724 kB
SwapFree:        3145724 kB
Dirty:               656 kB
Writeback:             0 kB
AnonPages:       1650504 kB
Mapped:           994268 kB
Shmem:             32164 kB
KReclaimable:     538276 kB
Slab:             235876 kB
SReclaimable:      80364 kB
SUnreclaim:       155512 kB
KernelStack:       50592 kB
PageTables:        72932 kB
NFS_Unstable:          0 kB
Bounce:                0 kB
WritebackTmp:          0 kB
CommitLimit:     9202288 kB
Committed_AS:   83892212 kB
VmallocTotal:   263061440 kB
VmallocUsed:      107880 kB
VmallocChunk:          0 kB
Percpu:             7648 kB
CmaTotal:         294912 kB
CmaFree:               0 kB
MemTotal:       12113132 kB
MemFree:         6140164 kB
MemAvailable:    7777936 kB
Buffers:            5412 kB
Cached:          1999492 kB
SwapCached:            0 kB
Active:          1904476 kB
Inactive:        1744756 kB
Active(anon):    1653060 kB
Inactive(anon):    27956 kB
Active(file):     251416 kB
Inactive(file):  1716800 kB
Unevictable:        5576 kB
Mlocked:            5576 kB
SwapTotal:       3145724 kB
SwapFree:        3145724 kB
Dirty:               680 kB
Writeback:             0 kB
AnonPages:       1649732 kB
Mapped:           994276 kB
Shmem:             32164 kB
KReclaimable:     538260 kB
Slab:             235860 kB
SReclaimable:      80348 kB
SUnreclaim:       155512 kB
KernelStack:       50608 kB
PageTables:        72980 kB
NFS_Unstable:          0 kB
Bounce:                0 kB
WritebackTmp:          0 kB
CommitLimit:     9202288 kB
Committed_AS:   83884344 kB
VmallocTotal:   263061440 kB
VmallocUsed:      107848 kB
VmallocChunk:          0 kB
Percpu:             7648 kB
CmaTotal:         294912 kB
CmaFree:               0 kB
MemTotal:       12113132 kB
MemFree:         6139048 kB
MemAvailable:    7776848 kB
Buffers:            5412 kB
Cached:          1999508 kB
SwapCached:            0 kB
Active:          1905188 kB
Inactive:        1744772 kB
Active(anon):    1653772 kB
Inactive(anon):    27960 kB
Active(file):     251416 kB
Inactive(file):  1716812 kB
Unevictable:        5576 kB
Mlocked:            5576 kB
SwapTotal:       3145724 kB
SwapFree:        3145724 kB
Dirty:               360 kB
Writeback:             0 kB
AnonPages:       1650524 kB
Mapped:           994280 kB
Shmem:             32168 kB
KReclaimable:     538276 kB
Slab:             235908 kB
SReclaimable:      80364 kB
SUnreclaim:       155544 kB
KernelStack:       50640 kB
PageTables:        72960 kB
NFS_Unstable:          0 kB
Bounce:                0 kB
WritebackTmp:          0 kB
CommitLimit:     9202288 kB
Committed_AS:   83899900 kB
VmallocTotal:   263061440 kB
VmallocUsed:      107864 kB
VmallocChunk:          0 kB
Percpu:             7648 kB
CmaTotal:         294912 kB
CmaFree:               0 kB
MemTotal:       12113132 kB
MemFree:         6140088 kB
MemAvailable:    7777880 kB
Buffers:            5412 kB
Cached:          1999460 kB
SwapCached:            0 kB
Active:          1904916 kB
Inactive:        1744724 kB
Active(anon):    1653500 kB
Inactive(anon):    27904 kB
Active(file):     251416 kB
Inactive(file):  1716820 kB
Unevictable:        5576 kB
Mlocked:            5576 kB
SwapTotal:       3145724 kB
SwapFree:        3145724 kB
Dirty:               396 kB
Writeback:             0 kB
AnonPages:       1650388 kB
Mapped:           994224 kB
Shmem:             32112 kB
KReclaimable:     538260 kB
Slab:             235884 kB
SReclaimable:      80348 kB
SUnreclaim:       155536 kB
KernelStack:       50576 kB
PageTables:        72564 kB
NFS_Unstable:          0 kB
Bounce:                0 kB
WritebackTmp:          0 kB
CommitLimit:     9202288 kB
Committed_AS:   83886844 kB
VmallocTotal:   263061440 kB
VmallocUsed:      107848 kB
VmallocChunk:          0 kB
Percpu:             7648 kB
CmaTotal:         294912 kB
CmaFree:               0 kB
MemTotal:       12113132 kB
MemFree:         6138148 kB
MemAvailable:    7775976 kB
Buffers:            5412 kB
Cached:          1999480 kB
SwapCached:            0 kB
Active:          1906204 kB
Inactive:        1744744 kB
Active(anon):    1654788 kB
Inactive(anon):    27904 kB
Active(file):     251416 kB
Inactive(file):  1716840 kB
Unevictable:        5576 kB
Mlocked:            5576 kB
SwapTotal:       3145724 kB
SwapFree:        3145724 kB
Dirty:               416 kB
Writeback:             0 kB
AnonPages:       1651756 kB
Mapped:           994224 kB
Shmem:             32112 kB
KReclaimable:     538276 kB
Slab:             235900 kB
SReclaimable:      80364 kB
SUnreclaim:       155536 kB
KernelStack:       50576 kB
PageTables:        72852 kB
NFS_Unstable:          0 kB
Bounce:                0 kB
WritebackTmp:          0 kB
CommitLimit:     9202288 kB
Committed_AS:   83892144 kB
VmallocTotal:   263061440 kB
VmallocUsed:      107896 kB
VmallocChunk:          0 kB
Percpu:             7648 kB
CmaTotal:         294912 kB
CmaFree:               0 kB
MemTotal:       12113132 kB
MemFree:         6139408 kB
MemAvailable:    7777228 kB
Buffers:            5412 kB
Cached:          1999516 kB
SwapCached:            0 kB
Active:          1905068 kB
Inactive:        1744780 kB
Active(anon):    1653652 kB
Inactive(anon):    27932 kB
Active(file):     251416 kB
Inactive(file):  1716848 kB
Unevictable:        5576 kB
Mlocked:            5576 kB
SwapTotal:       3145724 kB
SwapFree:        3145724 kB
Dirty:               436 kB
Writeback:             0 kB
AnonPages:       1650544 kB
Mapped:           994244 kB
Shmem:             32140 kB
KReclaimable:     538260 kB
Slab:             235884 kB
SReclaimable:      80348 kB
SUnreclaim:       155536 kB
KernelStack:       50576 kB
PageTables:        72536 kB
NFS_Unstable:          0 kB
Bounce:                0 kB
WritebackTmp:          0 kB
CommitLimit:     9202288 kB
Committed_AS:   83890092 kB
VmallocTotal:   263061440 kB
VmallocUsed:      107880 kB
VmallocChunk:          0 kB
Percpu:             7648 kB
CmaTotal:         294912 kB
CmaFree:               0 kB
MemTotal:       12113132 kB
MemFree:         6138348 kB
MemAvailable:    7776212 kB
Buffers:            5420 kB
Cached:          1999560 kB
SwapCached:            0 kB
Active:          1906052 kB
Inactive:        1744824 kB
Active(anon):    1654628 kB
Inactive(anon):    27940 kB
Active(file):     251424 kB
Inactive(file):  1716884 kB
Unevictable:        5576 kB
Mlocked:            5576 kB
SwapTotal:       3145724 kB
SwapFree:        3145724 kB
Dirty:               592 kB
Writeback:             0 kB
AnonPages:       1651536 kB
Mapped:           994268 kB
Shmem:             32148 kB
KReclaimable:     538260 kB
Slab:             235884 kB
SReclaimable:      80348 kB
SUnreclaim:       155536 kB
KernelStack:       50592 kB
PageTables:        72976 kB
NFS_Unstable:          0 kB
Bounce:                0 kB
WritebackTmp:          0 kB
CommitLimit:     9202288 kB
Committed_AS:   83888368 kB
VmallocTotal:   263061440 kB
VmallocUsed:      107848 kB
VmallocChunk:          0 kB
Percpu:             7648 kB
CmaTotal:         294912 kB
CmaFree:               0 kB
MemTotal:       12113132 kB
MemFree:         6138256 kB
MemAvailable:    7776132 kB
Buffers:            5420 kB
Cached:          1999572 kB
SwapCached:            0 kB
Active:          1906148 kB
Inactive:        1744836 kB
Active(anon):    1654724 kB
Inactive(anon):    27940 kB
Active(file):     251424 kB
Inactive(file):  1716896 kB
Unevictable:        5576 kB
Mlocked:            5576 kB
SwapTotal:       3145724 kB
SwapFree:        3145724 kB
Dirty:               308 kB
Writeback:             0 kB
AnonPages:       1651400 kB
Mapped:           994268 kB
Shmem:             32148 kB
KReclaimable:     538260 kB
Slab:             235852 kB
SReclaimable:      80348 kB
SUnreclaim:       155504 kB
KernelStack:       50592 kB
PageTables:        72976 kB
NFS_Unstable:          0 kB
Bounce:                0 kB
WritebackTmp:          0 kB
CommitLimit:     9202288 kB
Committed_AS:   83898660 kB
VmallocTotal:   263061440 kB
VmallocUsed:      107880 kB
VmallocChunk:          0 kB
Percpu:             7648 kB
CmaTotal:         294912 kB
CmaFree:               4 kB
MemTotal:       12113132 kB
MemFree:         6141052 kB
MemAvailable:    7778936 kB
Buffers:            5420 kB
Cached:          1999016 kB
SwapCached:            0 kB
Active:          1904680 kB
Inactive:        1744280 kB
Active(anon):    1653256 kB
Inactive(anon):    27376 kB
Active(file):     251424 kB
Inactive(file):  1716904 kB
Unevictable:        5576 kB
Mlocked:            5576 kB
SwapTotal:       3145724 kB
SwapFree:        3145724 kB
Dirty:               496 kB
Writeback:             0 kB
AnonPages:       1650024 kB
Mapped:           993732 kB
Shmem:             31584 kB
KReclaimable:     538260 kB
Slab:             235852 kB
SReclaimable:      80348 kB
SUnreclaim:       155504 kB
KernelStack:       50624 kB
PageTables:        72972 kB
NFS_Unstable:          0 kB
Bounce:                0 kB
WritebackTmp:          0 kB
CommitLimit:     9202288 kB
Committed_AS:   83894372 kB
VmallocTotal:   263061440 kB
VmallocUsed:      107832 kB
VmallocChunk:          0 kB
Percpu:             7648 kB
CmaTotal:         294912 kB
CmaFree:              36 kB
MemTotal:       12113132 kB
MemFree:         6141844 kB
MemAvailable:    7779744 kB
Buffers:            5420 kB
Cached:          1998996 kB
SwapCached:            0 kB
Active:          1903472 kB
Inactive:        1744260 kB
Active(anon):    1652048 kB
Inactive(anon):    27340 kB
Active(file):     251424 kB
Inactive(file):  1716920 kB
Unevictable:        5576 kB
Mlocked:            5576 kB
SwapTotal:       3145724 kB
SwapFree:        3145724 kB
Dirty:               624 kB
Writeback:             0 kB
AnonPages:       1648960 kB
Mapped:           993676 kB
Shmem:             31548 kB
KReclaimable:     538260 kB
Slab:             235852 kB
SReclaimable:      80348 kB
SUnreclaim:       155504 kB
KernelStack:       50496 kB
PageTables:        72700 kB
NFS_Unstable:          0 kB
Bounce:                0 kB
WritebackTmp:          0 kB
CommitLimit:     9202288 kB
Committed_AS:   83878652 kB
VmallocTotal:   263061440 kB
VmallocUsed:      107752 kB
VmallocChunk:          0 kB
Percpu:             7648 kB
CmaTotal:         294912 kB
CmaFree:               0 kB
MemTotal:       12113132 kB
MemFree:         6139572 kB
MemAvailable:    7777500 kB
Buffers:            5420 kB
Cached:          1999040 kB
SwapCached:            0 kB
Active:          1905156 kB
Inactive:        1744304 kB
Active(anon):    1653732 kB
Inactive(anon):    27372 kB
Active(file):     251424 kB
Inactive(file):  1716932 kB
Unevictable:        5576 kB
Mlocked:            5576 kB
SwapTotal:       3145724 kB
SwapFree:        3145724 kB
Dirty:               672 kB
Writeback:             0 kB
AnonPages:       1650604 kB
Mapped:           993720 kB
Shmem:             31580 kB
KReclaimable:     538276 kB
Slab:             235868 kB
SReclaimable:      80364 kB
SUnreclaim:       155504 kB
KernelStack:       50464 kB
PageTables:        72832 kB
NFS_Unstable:          0 kB
Bounce:                0 kB
WritebackTmp:          0 kB
CommitLimit:     9202288 kB
Committed_AS:   83873044 kB
VmallocTotal:   263061440 kB
VmallocUsed:      107752 kB
VmallocChunk:          0 kB
Percpu:             7648 kB
CmaTotal:         294912 kB
CmaFree:               0 kB
MemTotal:       12113132 kB
MemFree:         6141292 kB
MemAvailable:    7779216 kB
Buffers:            5420 kB
Cached:          1999024 kB
SwapCached:            0 kB
Active:          1905244 kB
Inactive:        1744288 kB
Active(anon):    1653820 kB
Inactive(anon):    27344 kB
Active(file):     251424 kB
Inactive(file):  1716944 kB
Unevictable:        5576 kB
Mlocked:            5576 kB
SwapTotal:       3145724 kB
SwapFree:        3145724 kB
Dirty:               712 kB
Writeback:             0 kB
AnonPages:       1650600 kB
Mapped:           993700 kB
Shmem:             31552 kB
KReclaimable:     538260 kB
Slab:             235852 kB
SReclaimable:      80348 kB
SUnreclaim:       155504 kB
KernelStack:       50464 kB
PageTables:        72436 kB
NFS_Unstable:          0 kB
Bounce:                0 kB
WritebackTmp:          0 kB
CommitLimit:     9202288 kB
Committed_AS:   83867852 kB
VmallocTotal:   263061440 kB
VmallocUsed:      107704 kB
VmallocChunk:          0 kB
Percpu:             7648 kB
CmaTotal:         294912 kB
CmaFree:               0 kB
MemTotal:       12113132 kB
MemFree:         6162868 kB
MemAvailable:    7800824 kB
Buffers:            5420 kB
Cached:          1999044 kB
SwapCached:            0 kB
Active:          1881228 kB
Inactive:        1744308 kB
Active(anon):    1629804 kB
Inactive(anon):    27348 kB
Active(file):     251424 kB
Inactive(file):  1716960 kB
Unevictable:        5576 kB
Mlocked:            5576 kB
SwapTotal:       3145724 kB
SwapFree:        3145724 kB
Dirty:               316 kB
Writeback:             0 kB
AnonPages:       1627072 kB
Mapped:           993704 kB
Shmem:             31556 kB
KReclaimable:     538276 kB
Slab:             235868 kB
SReclaimable:      80364 kB
SUnreclaim:       155504 kB
KernelStack:       50464 kB
PageTables:        72824 kB
NFS_Unstable:          0 kB
Bounce:                0 kB
WritebackTmp:          0 kB
CommitLimit:     9202288 kB
Committed_AS:   83881352 kB
VmallocTotal:   263061440 kB
VmallocUsed:      107720 kB
VmallocChunk:          0 kB
Percpu:             7648 kB
CmaTotal:         294912 kB
CmaFree:               0 kB
MemTotal:       12113132 kB
MemFree:         6162816 kB
MemAvailable:    7800780 kB
Buffers:            5420 kB
Cached:          1999060 kB
SwapCached:            0 kB
Active:          1881732 kB
Inactive:        1744324 kB
Active(anon):    1630308 kB
Inactive(anon):    27356 kB
Active(file):     251424 kB
Inactive(file):  1716968 kB
Unevictable:        5576 kB
Mlocked:            5576 kB
SwapTotal:       3145724 kB
SwapFree:        3145724 kB
Dirty:               352 kB
Writeback:             0 kB
AnonPages:       1626792 kB
Mapped:           993724 kB
Shmem:             31564 kB
KReclaimable:     538276 kB
Slab:             235868 kB
SReclaimable:      80364 kB
SUnreclaim:       155504 kB
KernelStack:       50448 kB
PageTables:        72960 kB
NFS_Unstable:          0 kB
Bounce:                0 kB
WritebackTmp:          0 kB
CommitLimit:     9202288 kB
Committed_AS:   83885732 kB
VmallocTotal:   263061440 kB
VmallocUsed:      107768 kB
VmallocChunk:          0 kB
Percpu:             7648 kB
CmaTotal:         294912 kB
CmaFree:               0 kB
MemTotal:       12113132 kB
MemFree:         6162792 kB
MemAvailable:    7800752 kB
Buffers:            5420 kB
Cached:          1999076 kB
SwapCached:            0 kB
Active:          1882564 kB
Inactive:        1744340 kB
Active(anon):    1631140 kB
Inactive(anon):    27360 kB
Active(file):     251424 kB
Inactive(file):  1716980 kB
Unevictable:        5576 kB
Mlocked:            5576 kB
SwapTotal:       3145724 kB
SwapFree:        3145724 kB
Dirty:               424 kB
Writeback:             0 kB
AnonPages:       1627496 kB
Mapped:           993728 kB
Shmem:             31568 kB
KReclaimable:     538260 kB
Slab:             235852 kB
SReclaimable:      80348 kB
SUnreclaim:       155504 kB
KernelStack:       50448 kB
PageTables:        72568 kB
NFS_Unstable:          0 kB
Bounce:                0 kB
WritebackTmp:          0 kB
CommitLimit:     9202288 kB
Committed_AS:   83885988 kB
VmallocTotal:   263061440 kB
VmallocUsed:      107720 kB
VmallocChunk:          0 kB
Percpu:             7648 kB
CmaTotal:         294912 kB
CmaFree:               8 kB
MemTotal:       12113132 kB
MemFree:         6164188 kB
MemAvailable:    7802184 kB
Buffers:            5420 kB
Cached:          1999120 kB
SwapCached:            0 kB
Active:          1880612 kB
Inactive:        1744380 kB
Active(anon):    1629188 kB
Inactive(anon):    27364 kB
Active(file):     251424 kB
Inactive(file):  1717016 kB
Unevictable:        5576 kB
Mlocked:            5576 kB
SwapTotal:       3145724 kB
SwapFree:        3145724 kB
Dirty:               528 kB
Writeback:             0 kB
AnonPages:       1625952 kB
Mapped:           993744 kB
Shmem:             31572 kB
KReclaimable:     538260 kB
Slab:             235852 kB
SReclaimable:      80348 kB
SUnreclaim:       155504 kB
KernelStack:       50560 kB
PageTables:        72836 kB
NFS_Unstable:          0 kB
Bounce:                0 kB
WritebackTmp:          0 kB
CommitLimit:     9202288 kB
Committed_AS:   83888384 kB
VmallocTotal:   263061440 kB
VmallocUsed:      107768 kB
VmallocChunk:          0 kB
Percpu:             7648 kB
CmaTotal:         294912 kB
CmaFree:               0 kB
MemTotal:       12113132 kB
MemFree:         6163708 kB
MemAvailable:    7801720 kB
Buffers:            5420 kB
Cached:          1999164 kB
SwapCached:            0 kB
Active:          1880872 kB
Inactive:        1744428 kB
Active(anon):    1629448 kB
Inactive(anon):    27396 kB
Active(file):     251424 kB
Inactive(file):  1717032 kB
Unevictable:        5576 kB
Mlocked:            5576 kB
SwapTotal:       3145724 kB
SwapFree:        3145724 kB
Dirty:               612 kB
Writeback:             0 kB
AnonPages:       1626288 kB
Mapped:           993788 kB
Shmem:             31604 kB
KReclaimable:     538260 kB
Slab:             235852 kB
SReclaimable:      80348 kB
SUnreclaim:       155504 kB
KernelStack:       50512 kB
PageTables:        72824 kB
NFS_Unstable:          0 kB
Bounce:                0 kB
WritebackTmp:          0 kB
CommitLimit:     9202288 kB
Committed_AS:   83883560 kB
VmallocTotal:   263061440 kB
VmallocUsed:      107736 kB
VmallocChunk:          0 kB
Percpu:             7648 kB
CmaTotal:         294912 kB
CmaFree:               0 kB
MemTotal:       12113132 kB
MemFree:         6164276 kB
MemAvailable:    7802296 kB
Buffers:            5420 kB
Cached:          1999172 kB
SwapCached:            0 kB
Active:          1880532 kB
Inactive:        1744436 kB
Active(anon):    1629108 kB
Inactive(anon):    27396 kB
Active(file):     251424 kB
Inactive(file):  1717040 kB
Unevictable:        5576 kB
Mlocked:            5576 kB
SwapTotal:       3145724 kB
SwapFree:        3145724 kB
Dirty:               652 kB
Writeback:             0 kB
AnonPages:       1625900 kB
Mapped:           993788 kB
Shmem:             31604 kB
KReclaimable:     538260 kB
Slab:             235852 kB
SReclaimable:      80348 kB
SUnreclaim:       155504 kB
KernelStack:       50544 kB
PageTables:        72700 kB
NFS_Unstable:          0 kB
Bounce:                0 kB
WritebackTmp:          0 kB
CommitLimit:     9202288 kB
Committed_AS:   83883184 kB
VmallocTotal:   263061440 kB
VmallocUsed:      107768 kB
VmallocChunk:          0 kB
Percpu:             7648 kB
CmaTotal:         294912 kB
CmaFree:              36 kB
MemTotal:       12113132 kB
MemFree:         6163848 kB
MemAvailable:    7801880 kB
Buffers:            5420 kB
Cached:          1999132 kB
SwapCached:            0 kB
Active:          1881800 kB
Inactive:        1744396 kB
Active(anon):    1630376 kB
Inactive(anon):    27344 kB
Active(file):     251424 kB
Inactive(file):  1717052 kB
Unevictable:        5576 kB
Mlocked:            5576 kB
SwapTotal:       3145724 kB
SwapFree:        3145724 kB
Dirty:               664 kB
Writeback:             0 kB
AnonPages:       1627276 kB
Mapped:           993740 kB
Shmem:             31552 kB
KReclaimable:     538260 kB
Slab:             235848 kB
SReclaimable:      80348 kB
SUnreclaim:       155500 kB
KernelStack:       50512 kB
PageTables:        72824 kB
NFS_Unstable:          0 kB
Bounce:                0 kB
WritebackTmp:          0 kB
CommitLimit:     9202288 kB
Committed_AS:   83889292 kB
VmallocTotal:   263061440 kB
VmallocUsed:      107784 kB
VmallocChunk:          0 kB
Percpu:             7648 kB
CmaTotal:         294912 kB
CmaFree:               0 kB
MemTotal:       12113132 kB
MemFree:         6164020 kB
MemAvailable:    7802064 kB
Buffers:            5420 kB
Cached:          1999144 kB
SwapCached:            0 kB
Active:          1882336 kB
Inactive:        1744408 kB
Active(anon):    1630912 kB
Inactive(anon):    27344 kB
Active(file):     251424 kB
Inactive(file):  1717064 kB
Unevictable:        5576 kB
Mlocked:            5576 kB
SwapTotal:       3145724 kB
SwapFree:        3145724 kB
Dirty:               676 kB
Writeback:             0 kB
AnonPages:       1627928 kB
Mapped:           993744 kB
Shmem:             31552 kB
KReclaimable:     538260 kB
Slab:             235848 kB
SReclaimable:      80348 kB
SUnreclaim:       155500 kB
KernelStack:       50528 kB
PageTables:        72700 kB
NFS_Unstable:          0 kB
Bounce:                0 kB
WritebackTmp:          0 kB
CommitLimit:     9202288 kB
Committed_AS:   83881216 kB
VmallocTotal:   263061440 kB
VmallocUsed:      107784 kB
VmallocChunk:          0 kB
Percpu:             7648 kB
CmaTotal:         294912 kB
CmaFree:               0 kB
MemTotal:       12113132 kB
MemFree:         6162004 kB
MemAvailable:    7800056 kB
Buffers:            5424 kB
Cached:          1999160 kB
SwapCached:            0 kB
Active:          1882840 kB
Inactive:        1744428 kB
Active(anon):    1631416 kB
Inactive(anon):    27356 kB
Active(file):     251424 kB
Inactive(file):  1717072 kB
Unevictable:        5576 kB
Mlocked:            5576 kB
SwapTotal:       3145724 kB
SwapFree:        3145724 kB
Dirty:               672 kB
Writeback:             0 kB
AnonPages:       1628048 kB
Mapped:           993756 kB
Shmem:             31564 kB
KReclaimable:     538260 kB
Slab:             235848 kB
SReclaimable:      80348 kB
SUnreclaim:       155500 kB
KernelStack:       50528 kB
PageTables:        72956 kB
NFS_Unstable:          0 kB
Bounce:                0 kB
WritebackTmp:          0 kB
CommitLimit:     9202288 kB
Committed_AS:   83878220 kB
VmallocTotal:   263061440 kB
VmallocUsed:      107784 kB
VmallocChunk:          0 kB
Percpu:             7648 kB
CmaTotal:         294912 kB
CmaFree:               0 kB
MemTotal:       12113132 kB
MemFree:         6163732 kB
MemAvailable:    7801844 kB
Buffers:            5424 kB
Cached:          1999176 kB
SwapCached:            0 kB
Active:          1882652 kB
Inactive:        1744440 kB
Active(anon):    1631224 kB
Inactive(anon):    27328 kB
Active(file):     251428 kB
Inactive(file):  1717112 kB
Unevictable:        5576 kB
Mlocked:            5576 kB
SwapTotal:       3145724 kB
SwapFree:        3145724 kB
Dirty:               820 kB
Writeback:             0 kB
AnonPages:       1627912 kB
Mapped:           993728 kB
Shmem:             31536 kB
KReclaimable:     538276 kB
Slab:             235864 kB
SReclaimable:      80364 kB
SUnreclaim:       155500 kB
KernelStack:       50528 kB
PageTables:        72956 kB
NFS_Unstable:          0 kB
Bounce:                0 kB
WritebackTmp:          0 kB
CommitLimit:     9202288 kB
Committed_AS:   83880336 kB
VmallocTotal:   263061440 kB
VmallocUsed:      107784 kB
VmallocChunk:          0 kB
Percpu:             7648 kB
CmaTotal:         294912 kB
CmaFree:               0 kB
MemTotal:       12113132 kB
MemFree:         6162980 kB
MemAvailable:    7801088 kB
Buffers:            5424 kB
Cached:          1999188 kB
SwapCached:            0 kB
Active:          1882736 kB
Inactive:        1744452 kB
Active(anon):    1631308 kB
Inactive(anon):    27328 kB
Active(file):     251428 kB
Inactive(file):  1717124 kB
Unevictable:        5576 kB
Mlocked:            5576 kB
SwapTotal:       3145724 kB
SwapFree:        3145724 kB
Dirty:               308 kB
Writeback:             0 kB
AnonPages:       1628196 kB
Mapped:           993728 kB
Shmem:             31536 kB
KReclaimable:     538260 kB
Slab:             235880 kB
SReclaimable:      80348 kB
SUnreclaim:       155532 kB
KernelStack:       50512 kB
PageTables:        72824 kB
NFS_Unstable:          0 kB
Bounce:                0 kB
WritebackTmp:          0 kB
CommitLimit:     9202288 kB
Committed_AS:   83881572 kB
VmallocTotal:   263061440 kB
VmallocUsed:      107784 kB
VmallocChunk:          0 kB
Percpu:             7648 kB
CmaTotal:         294912 kB
CmaFree:               0 kB
MemTotal:       12113132 kB
MemFree:         6169528 kB
MemAvailable:    7807648 kB
Buffers:            5424 kB
Cached:          1999200 kB
SwapCached:            0 kB
Active:          1875780 kB
Inactive:        1744464 kB
Active(anon):    1624352 kB
Inactive(anon):    27328 kB
Active(file):     251428 kB
Inactive(file):  1717136 kB
Unevictable:        5576 kB
Mlocked:            5576 kB
SwapTotal:       3145724 kB
SwapFree:        3145724 kB
Dirty:               424 kB
Writeback:             0 kB
AnonPages:       1621388 kB
Mapped:           993728 kB
Shmem:             31536 kB
KReclaimable:     538260 kB
Slab:             235880 kB
SReclaimable:      80348 kB
SUnreclaim:       155532 kB
KernelStack:       50512 kB
PageTables:        72956 kB
NFS_Unstable:          0 kB
Bounce:                0 kB
WritebackTmp:          0 kB
CommitLimit:     9202288 kB
Committed_AS:   83876048 kB
VmallocTotal:   263061440 kB
VmallocUsed:      107784 kB
VmallocChunk:          0 kB
Percpu:             7648 kB
CmaTotal:         294912 kB
CmaFree:            1476 kB
MemTotal:       12113132 kB
MemFree:         6171652 kB
MemAvailable:    7809784 kB
Buffers:            5424 kB
Cached:          1999212 kB
SwapCached:            0 kB
Active:          1872612 kB
Inactive:        1744476 kB
Active(anon):    1621184 kB
Inactive(anon):    27328 kB
Active(file):     251428 kB
Inactive(file):  1717148 kB
Unevictable:        5576 kB
Mlocked:            5576 kB
SwapTotal:       3145724 kB
SwapFree:        3145724 kB
Dirty:               436 kB
Writeback:             0 kB
AnonPages:       1617908 kB
Mapped:           993728 kB
Shmem:             31536 kB
KReclaimable:     538260 kB
Slab:             235880 kB
SReclaimable:      80348 kB
SUnreclaim:       155532 kB
KernelStack:       50512 kB
PageTables:        72828 kB
NFS_Unstable:          0 kB
Bounce:                0 kB
WritebackTmp:          0 kB
CommitLimit:     9202288 kB
Committed_AS:   83881156 kB
VmallocTotal:   263061440 kB
VmallocUsed:      107800 kB
VmallocChunk:          0 kB
Percpu:             7648 kB
CmaTotal:         294912 kB
CmaFree:             128 kB
MemTotal:       12113132 kB
MemFree:         6171220 kB
MemAvailable:    7810388 kB
Buffers:            5424 kB
Cached:          1999224 kB
SwapCached:            0 kB
Active:          1872944 kB
Inactive:        1744488 kB
Active(anon):    1621516 kB
Inactive(anon):    27328 kB
Active(file):     251428 kB
Inactive(file):  1717160 kB
Unevictable:        5576 kB
Mlocked:            5576 kB
SwapTotal:       3145724 kB
SwapFree:        3145724 kB
Dirty:               448 kB
Writeback:             0 kB
AnonPages:       1618156 kB
Mapped:           993728 kB
Shmem:             31536 kB
KReclaimable:     539284 kB
Slab:             235880 kB
SReclaimable:      80348 kB
SUnreclaim:       155532 kB
KernelStack:       50544 kB
PageTables:        72700 kB
NFS_Unstable:          0 kB
Bounce:                0 kB
WritebackTmp:          0 kB
CommitLimit:     9202288 kB
Committed_AS:   83873356 kB
VmallocTotal:   263061440 kB
VmallocUsed:      107784 kB
VmallocChunk:          0 kB
Percpu:             7648 kB
CmaTotal:         294912 kB
CmaFree:               0 kB
MemTotal:       12113132 kB
MemFree:         6165208 kB
MemAvailable:    7804396 kB
Buffers:            5424 kB
Cached:          1999244 kB
SwapCached:            0 kB
Active:          1882000 kB
Inactive:        1744508 kB
Active(anon):    1630572 kB
Inactive(anon):    27328 kB
Active(file):     251428 kB
Inactive(file):  1717180 kB
Unevictable:        5576 kB
Mlocked:            5576 kB
SwapTotal:       3145724 kB
SwapFree:        3145724 kB
Dirty:               464 kB
Writeback:             0 kB
AnonPages:       1627440 kB
Mapped:           993728 kB
Shmem:             31536 kB
KReclaimable:     539284 kB
Slab:             235880 kB
SReclaimable:      80348 kB
SUnreclaim:       155532 kB
KernelStack:       50512 kB
PageTables:        72824 kB
NFS_Unstable:          0 kB
Bounce:                0 kB
WritebackTmp:          0 kB
CommitLimit:     9202288 kB
Committed_AS:   83873268 kB
VmallocTotal:   263061440 kB
VmallocUsed:      107784 kB
VmallocChunk:          0 kB
Percpu:             7648 kB
CmaTotal:         294912 kB
CmaFree:             256 kB
MemTotal:       12113132 kB
MemFree:         6140960 kB
MemAvailable:    7780156 kB
Buffers:            5424 kB
Cached:          1999276 kB
SwapCached:            0 kB
Active:          1906392 kB
Inactive:        1744540 kB
Active(anon):    1654964 kB
Inactive(anon):    27352 kB
Active(file):     251428 kB
Inactive(file):  1717188 kB
Unevictable:        5576 kB
Mlocked:            5576 kB
SwapTotal:       3145724 kB
SwapFree:        3145724 kB
Dirty:               472 kB
Writeback:             0 kB
AnonPages:       1651948 kB
Mapped:           993760 kB
Shmem:             31560 kB
KReclaimable:     539284 kB
Slab:             235880 kB
SReclaimable:      80348 kB
SUnreclaim:       155532 kB
KernelStack:       50528 kB
PageTables:        72956 kB
NFS_Unstable:          0 kB
Bounce:                0 kB
WritebackTmp:          0 kB
CommitLimit:     9202288 kB
Committed_AS:   83883056 kB
VmallocTotal:   263061440 kB
VmallocUsed:      107752 kB
VmallocChunk:          0 kB
Percpu:             7648 kB
CmaTotal:         294912 kB
CmaFree:               4 kB
MemTotal:       12113132 kB
MemFree:         6139212 kB
MemAvailable:    7778416 kB
Buffers:            5424 kB
Cached:          1999292 kB
SwapCached:            0 kB
Active:          1904540 kB
Inactive:        1744556 kB
Active(anon):    1653112 kB
Inactive(anon):    27360 kB
Active(file):     251428 kB
Inactive(file):  1717196 kB
Unevictable:        5576 kB
Mlocked:            5576 kB
SwapTotal:       3145724 kB
SwapFree:        3145724 kB
Dirty:               480 kB
Writeback:             0 kB
AnonPages:       1649788 kB
Mapped:           993772 kB
Shmem:             31568 kB
KReclaimable:     539284 kB
Slab:             236192 kB
SReclaimable:      80348 kB
SUnreclaim:       155844 kB
KernelStack:       50528 kB
PageTables:        72652 kB
NFS_Unstable:          0 kB
Bounce:                0 kB
WritebackTmp:          0 kB
CommitLimit:     9202288 kB
Committed_AS:   83882720 kB
VmallocTotal:   263061440 kB
VmallocUsed:      107784 kB
VmallocChunk:          0 kB
Percpu:             7648 kB
CmaTotal:         294912 kB
CmaFree:               0 kB
MemTotal:       12113132 kB
MemFree:         6139708 kB
MemAvailable:    7778944 kB
Buffers:            5424 kB
Cached:          1999288 kB
SwapCached:            0 kB
Active:          1904488 kB
Inactive:        1744552 kB
Active(anon):    1653060 kB
Inactive(anon):    27340 kB
Active(file):     251428 kB
Inactive(file):  1717212 kB
Unevictable:        5576 kB
Mlocked:            5576 kB
SwapTotal:       3145724 kB
SwapFree:        3145724 kB
Dirty:               536 kB
Writeback:             0 kB
AnonPages:       1649732 kB
Mapped:           993752 kB
Shmem:             31548 kB
KReclaimable:     539300 kB
Slab:             235888 kB
SReclaimable:      80364 kB
SUnreclaim:       155524 kB
KernelStack:       50512 kB
PageTables:        72952 kB
NFS_Unstable:          0 kB
Bounce:                0 kB
WritebackTmp:          0 kB
CommitLimit:     9202288 kB
Committed_AS:   83882408 kB
VmallocTotal:   263061440 kB
VmallocUsed:      107768 kB
VmallocChunk:          0 kB
Percpu:             7648 kB
CmaTotal:         294912 kB
CmaFree:               0 kB
MemTotal:       12113132 kB
MemFree:         6167928 kB
MemAvailable:    7807184 kB
Buffers:            5424 kB
Cached:          1999316 kB
SwapCached:            0 kB
Active:          1875904 kB
Inactive:        1744580 kB
Active(anon):    1624476 kB
Inactive(anon):    27348 kB
Active(file):     251428 kB
Inactive(file):  1717232 kB
Unevictable:        5576 kB
Mlocked:            5576 kB
SwapTotal:       3145724 kB
SwapFree:        3145724 kB
Dirty:               588 kB
Writeback:             0 kB
AnonPages:       1621576 kB
Mapped:           993760 kB
Shmem:             31556 kB
KReclaimable:     539300 kB
Slab:             235888 kB
SReclaimable:      80364 kB
SUnreclaim:       155524 kB
KernelStack:       50512 kB
PageTables:        72956 kB
NFS_Unstable:          0 kB
Bounce:                0 kB
WritebackTmp:          0 kB
CommitLimit:     9202288 kB
Committed_AS:   83877784 kB
VmallocTotal:   263061440 kB
VmallocUsed:      107784 kB
VmallocChunk:          0 kB
Percpu:             7648 kB
CmaTotal:         294912 kB
CmaFree:               0 kB
MemTotal:       12113132 kB
MemFree:         6167772 kB
MemAvailable:    7807028 kB
Buffers:            5424 kB
Cached:          1999364 kB
SwapCached:            0 kB
Active:          1876356 kB
Inactive:        1744628 kB
Active(anon):    1624928 kB
Inactive(anon):    27380 kB
Active(file):     251428 kB
Inactive(file):  1717248 kB
Unevictable:        5576 kB
Mlocked:            5576 kB
SwapTotal:       3145724 kB
SwapFree:        3145724 kB
Dirty:               640 kB
Writeback:             0 kB
AnonPages:       1621548 kB
Mapped:           993812 kB
Shmem:             31588 kB
KReclaimable:     539284 kB
Slab:             235872 kB
SReclaimable:      80348 kB
SUnreclaim:       155524 kB
KernelStack:       50528 kB
PageTables:        72696 kB
NFS_Unstable:          0 kB
Bounce:                0 kB
WritebackTmp:          0 kB
CommitLimit:     9202288 kB
Committed_AS:   83881320 kB
VmallocTotal:   263061440 kB
VmallocUsed:      107752 kB
VmallocChunk:          0 kB
Percpu:             7648 kB
CmaTotal:         294912 kB
CmaFree:               0 kB
MemTotal:       12113132 kB
MemFree:         6167708 kB
MemAvailable:    7806968 kB
Buffers:            5424 kB
Cached:          1999376 kB
SwapCached:            0 kB
Active:          1876832 kB
Inactive:        1744640 kB
Active(anon):    1625404 kB
Inactive(anon):    27388 kB
Active(file):     251428 kB
Inactive(file):  1717252 kB
Unevictable:        5576 kB
Mlocked:            5576 kB
SwapTotal:       3145724 kB
SwapFree:        3145724 kB
Dirty:               408 kB
Writeback:             0 kB
AnonPages:       1622016 kB
Mapped:           993832 kB
Shmem:             31596 kB
KReclaimable:     539284 kB
Slab:             235840 kB
SReclaimable:      80348 kB
SUnreclaim:       155492 kB
KernelStack:       50496 kB
PageTables:        72820 kB
NFS_Unstable:          0 kB
Bounce:                0 kB
WritebackTmp:          0 kB
CommitLimit:     9202288 kB
Committed_AS:   83878296 kB
VmallocTotal:   263061440 kB
VmallocUsed:      107768 kB
VmallocChunk:          0 kB
Percpu:             7648 kB
CmaTotal:         294912 kB
CmaFree:              36 kB
MemTotal:       12113132 kB
MemFree:         6166620 kB
MemAvailable:    7805900 kB
Buffers:            5424 kB
Cached:          1999404 kB
SwapCached:            0 kB
Active:          1877060 kB
Inactive:        1744668 kB
Active(anon):    1625632 kB
Inactive(anon):    27396 kB
Active(file):     251428 kB
Inactive(file):  1717272 kB
Unevictable:        5576 kB
Mlocked:            5576 kB
SwapTotal:       3145724 kB
SwapFree:        3145724 kB
Dirty:               464 kB
Writeback:             0 kB
AnonPages:       1622436 kB
Mapped:           993852 kB
Shmem:             31604 kB
KReclaimable:     539284 kB
Slab:             235840 kB
SReclaimable:      80348 kB
SUnreclaim:       155492 kB
KernelStack:       50496 kB
PageTables:        72820 kB
NFS_Unstable:          0 kB
Bounce:                0 kB
WritebackTmp:          0 kB
CommitLimit:     9202288 kB
Committed_AS:   83872832 kB
VmallocTotal:   263061440 kB
VmallocUsed:      107752 kB
