MemTotal:       12113144 kB
MemFree:         7002820 kB
MemAvailable:    8382804 kB
Buffers:            5552 kB
Cached:          1619112 kB
SwapCached:            0 kB
Active:          1311716 kB
Inactive:        1410448 kB
Active(anon):    1104240 kB
Inactive(anon):    20612 kB
Active(file):     207476 kB
Inactive(file):  1389836 kB
Unevictable:        5692 kB
Mlocked:            5692 kB
SwapTotal:       3145724 kB
SwapFree:        3145724 kB
Dirty:               160 kB
Writeback:             0 kB
AnonPages:       1103388 kB
Mapped:           804572 kB
Shmem:             22700 kB
KReclaimable:     651376 kB
Slab:             202228 kB
SReclaimable:      66792 kB
SUnreclaim:       135436 kB
KernelStack:       41424 kB
PageTables:        55548 kB
NFS_Unstable:          0 kB
Bounce:                0 kB
WritebackTmp:          0 kB
CommitLimit:     9202296 kB
Committed_AS:   56300976 kB
VmallocTotal:   263061440 kB
VmallocUsed:       98340 kB
VmallocChunk:          0 kB
Percpu:             7584 kB
CmaTotal:         294912 kB
CmaFree:               0 kB
MemTotal:       12113144 kB
MemFree:         7001220 kB
MemAvailable:    8381180 kB
Buffers:            5552 kB
Cached:          1619088 kB
SwapCached:            0 kB
Active:          1312208 kB
Inactive:        1410436 kB
Active(anon):    1104744 kB
Inactive(anon):    20612 kB
Active(file):     207464 kB
Inactive(file):  1389824 kB
Unevictable:        5692 kB
Mlocked:            5692 kB
SwapTotal:       3145724 kB
SwapFree:        3145724 kB
Dirty:               144 kB
Writeback:             0 kB
AnonPages:       1103308 kB
Mapped:           804716 kB
Shmem:             22700 kB
KReclaimable:     651376 kB
Slab:             202220 kB
SReclaimable:      66792 kB
SUnreclaim:       135428 kB
KernelStack:       41488 kB
PageTables:        55656 kB
NFS_Unstable:          0 kB
Bounce:                0 kB
WritebackTmp:          0 kB
CommitLimit:     9202296 kB
Committed_AS:   56305532 kB
VmallocTotal:   263061440 kB
VmallocUsed:       98356 kB
VmallocChunk:          0 kB
Percpu:             7584 kB
CmaTotal:         294912 kB
CmaFree:               0 kB
MemTotal:       12113144 kB
MemFree:         7000616 kB
MemAvailable:    8380600 kB
Buffers:            5552 kB
Cached:          1619112 kB
SwapCached:            0 kB
Active:          1312468 kB
Inactive:        1410448 kB
Active(anon):    1104992 kB
Inactive(anon):    20612 kB
Active(file):     207476 kB
Inactive(file):  1389836 kB
Unevictable:        5692 kB
Mlocked:            5692 kB
SwapTotal:       3145724 kB
SwapFree:        3145724 kB
Dirty:               164 kB
Writeback:             0 kB
AnonPages:       1104084 kB
Mapped:           804656 kB
Shmem:             22700 kB
KReclaimable:     651376 kB
Slab:             202228 kB
SReclaimable:      66792 kB
SUnreclaim:       135436 kB
KernelStack:       41424 kB
PageTables:        55532 kB
NFS_Unstable:          0 kB
Bounce:                0 kB
WritebackTmp:          0 kB
CommitLimit:     9202296 kB
Committed_AS:   56305444 kB
VmallocTotal:   263061440 kB
VmallocUsed:       98340 kB
VmallocChunk:          0 kB
Percpu:             7584 kB
CmaTotal:         294912 kB
CmaFree:               0 kB
MemTotal:       12113144 kB
MemFree:         7000152 kB
MemAvailable:    8380144 kB
Buffers:            5552 kB
Cached:          1619120 kB
SwapCached:            0 kB
Active:          1312880 kB
Inactive:        1410456 kB
Active(anon):    1105404 kB
Inactive(anon):    20612 kB
Active(file):     207476 kB
Inactive(file):  1389844 kB
Unevictable:        5692 kB
Mlocked:            5692 kB
SwapTotal:       3145724 kB
SwapFree:        3145724 kB
Dirty:               184 kB
Writeback:             0 kB
AnonPages:       1104408 kB
Mapped:           804640 kB
Shmem:             22700 kB
KReclaimable:     651376 kB
Slab:             202220 kB
SReclaimable:      66792 kB
SUnreclaim:       135428 kB
KernelStack:       41456 kB
PageTables:        55584 kB
NFS_Unstable:          0 kB
Bounce:                0 kB
WritebackTmp:          0 kB
CommitLimit:     9202296 kB
Committed_AS:   56304940 kB
VmallocTotal:   263061440 kB
VmallocUsed:       98340 kB
VmallocChunk:          0 kB
Percpu:             7584 kB
CmaTotal:         294912 kB
CmaFree:               0 kB
MemTotal:       12113144 kB
MemFree:         6999112 kB
MemAvailable:    8379104 kB
Buffers:            5552 kB
Cached:          1619120 kB
SwapCached:            0 kB
Active:          1313432 kB
Inactive:        1410456 kB
Active(anon):    1105956 kB
Inactive(anon):    20612 kB
Active(file):     207476 kB
Inactive(file):  1389844 kB
Unevictable:        5692 kB
Mlocked:            5692 kB
SwapTotal:       3145724 kB
SwapFree:        3145724 kB
Dirty:               184 kB
Writeback:             0 kB
AnonPages:       1105064 kB
Mapped:           804396 kB
Shmem:             22700 kB
KReclaimable:     651376 kB
Slab:             202220 kB
SReclaimable:      66792 kB
SUnreclaim:       135428 kB
KernelStack:       41408 kB
PageTables:        55536 kB
NFS_Unstable:          0 kB
Bounce:                0 kB
WritebackTmp:          0 kB
CommitLimit:     9202296 kB
Committed_AS:   56305560 kB
VmallocTotal:   263061440 kB
VmallocUsed:       98388 kB
VmallocChunk:          0 kB
Percpu:             7584 kB
CmaTotal:         294912 kB
CmaFree:               0 kB
MemTotal:       12113144 kB
MemFree:         6998532 kB
MemAvailable:    8378524 kB
Buffers:            5552 kB
Cached:          1619124 kB
SwapCached:            0 kB
Active:          1313764 kB
Inactive:        1410460 kB
Active(anon):    1106288 kB
Inactive(anon):    20616 kB
Active(file):     207476 kB
Inactive(file):  1389844 kB
Unevictable:        5692 kB
Mlocked:            5692 kB
SwapTotal:       3145724 kB
SwapFree:        3145724 kB
Dirty:               236 kB
Writeback:             0 kB
AnonPages:       1105204 kB
Mapped:           804400 kB
Shmem:             22704 kB
KReclaimable:     651376 kB
Slab:             202228 kB
SReclaimable:      66792 kB
SUnreclaim:       135436 kB
KernelStack:       41456 kB
PageTables:        55552 kB
NFS_Unstable:          0 kB
Bounce:                0 kB
WritebackTmp:          0 kB
CommitLimit:     9202296 kB
Committed_AS:   56305428 kB
VmallocTotal:   263061440 kB
VmallocUsed:       98340 kB
VmallocChunk:          0 kB
Percpu:             7584 kB
CmaTotal:         294912 kB
CmaFree:               0 kB
MemTotal:       12113144 kB
MemFree:         6999444 kB
MemAvailable:    8379436 kB
Buffers:            5552 kB
Cached:          1619124 kB
SwapCached:            0 kB
Active:          1314144 kB
Inactive:        1410460 kB
Active(anon):    1106668 kB
Inactive(anon):    20616 kB
Active(file):     207476 kB
Inactive(file):  1389844 kB
Unevictable:        5692 kB
Mlocked:            5692 kB
SwapTotal:       3145724 kB
SwapFree:        3145724 kB
Dirty:               236 kB
Writeback:             0 kB
AnonPages:       1105728 kB
Mapped:           804644 kB
Shmem:             22704 kB
KReclaimable:     651376 kB
Slab:             202220 kB
SReclaimable:      66792 kB
SUnreclaim:       135428 kB
KernelStack:       41424 kB
PageTables:        55464 kB
NFS_Unstable:          0 kB
Bounce:                0 kB
WritebackTmp:          0 kB
CommitLimit:     9202296 kB
Committed_AS:   56305904 kB
VmallocTotal:   263061440 kB
VmallocUsed:       98324 kB
VmallocChunk:          0 kB
Percpu:             7584 kB
CmaTotal:         294912 kB
CmaFree:               0 kB
MemTotal:       12113144 kB
MemFree:         6999004 kB
MemAvailable:    8378996 kB
Buffers:            5552 kB
Cached:          1619132 kB
SwapCached:            0 kB
Active:          1314272 kB
Inactive:        1410468 kB
Active(anon):    1106796 kB
Inactive(anon):    20624 kB
Active(file):     207476 kB
Inactive(file):  1389844 kB
Unevictable:        5692 kB
Mlocked:            5692 kB
SwapTotal:       3145724 kB
SwapFree:        3145724 kB
Dirty:               236 kB
Writeback:             0 kB
AnonPages:       1105872 kB
Mapped:           804408 kB
Shmem:             22712 kB
KReclaimable:     651376 kB
Slab:             202228 kB
SReclaimable:      66792 kB
SUnreclaim:       135436 kB
KernelStack:       41424 kB
PageTables:        55532 kB
NFS_Unstable:          0 kB
Bounce:                0 kB
WritebackTmp:          0 kB
CommitLimit:     9202296 kB
Committed_AS:   56305356 kB
VmallocTotal:   263061440 kB
VmallocUsed:       98324 kB
VmallocChunk:          0 kB
Percpu:             7584 kB
CmaTotal:         294912 kB
CmaFree:               0 kB
MemTotal:       12113144 kB
MemFree:         6998848 kB
MemAvailable:    8378852 kB
Buffers:            5556 kB
Cached:          1619144 kB
SwapCached:            0 kB
Active:          1314508 kB
Inactive:        1410480 kB
Active(anon):    1107028 kB
Inactive(anon):    20628 kB
Active(file):     207480 kB
Inactive(file):  1389852 kB
Unevictable:        5692 kB
Mlocked:            5692 kB
SwapTotal:       3145724 kB
SwapFree:        3145724 kB
Dirty:               216 kB
Writeback:             0 kB
AnonPages:       1106084 kB
Mapped:           804672 kB
Shmem:             22716 kB
KReclaimable:     651376 kB
Slab:             202228 kB
SReclaimable:      66792 kB
SUnreclaim:       135436 kB
KernelStack:       41424 kB
PageTables:        55540 kB
NFS_Unstable:          0 kB
Bounce:                0 kB
WritebackTmp:          0 kB
CommitLimit:     9202296 kB
Committed_AS:   56305752 kB
VmallocTotal:   263061440 kB
VmallocUsed:       98308 kB
VmallocChunk:          0 kB
Percpu:             7584 kB
CmaTotal:         294912 kB
CmaFree:               0 kB
MemTotal:       12113144 kB
MemFree:         6998632 kB
MemAvailable:    8378636 kB
Buffers:            5556 kB
Cached:          1619144 kB
SwapCached:            0 kB
Active:          1314900 kB
Inactive:        1410480 kB
Active(anon):    1107420 kB
Inactive(anon):    20628 kB
Active(file):     207480 kB
Inactive(file):  1389852 kB
Unevictable:        5692 kB
Mlocked:            5692 kB
SwapTotal:       3145724 kB
SwapFree:        3145724 kB
Dirty:               216 kB
Writeback:             0 kB
AnonPages:       1106524 kB
Mapped:           804672 kB
Shmem:             22716 kB
KReclaimable:     651376 kB
Slab:             202220 kB
SReclaimable:      66792 kB
SUnreclaim:       135428 kB
KernelStack:       41424 kB
PageTables:        55536 kB
NFS_Unstable:          0 kB
Bounce:                0 kB
WritebackTmp:          0 kB
CommitLimit:     9202296 kB
Committed_AS:   56306028 kB
VmallocTotal:   263061440 kB
VmallocUsed:       98292 kB
VmallocChunk:          0 kB
Percpu:             7584 kB
CmaTotal:         294912 kB
CmaFree:               0 kB
MemTotal:       12113144 kB
MemFree:         6998260 kB
MemAvailable:    8378264 kB
Buffers:            5556 kB
Cached:          1619148 kB
SwapCached:            0 kB
Active:          1315308 kB
Inactive:        1410484 kB
Active(anon):    1107828 kB
Inactive(anon):    20632 kB
Active(file):     207480 kB
Inactive(file):  1389852 kB
Unevictable:        5692 kB
Mlocked:            5692 kB
SwapTotal:       3145724 kB
SwapFree:        3145724 kB
Dirty:               132 kB
Writeback:             0 kB
AnonPages:       1106784 kB
Mapped:           804676 kB
Shmem:             22720 kB
KReclaimable:     651376 kB
Slab:             202220 kB
SReclaimable:      66792 kB
SUnreclaim:       135428 kB
KernelStack:       41424 kB
PageTables:        55536 kB
NFS_Unstable:          0 kB
Bounce:                0 kB
WritebackTmp:          0 kB
CommitLimit:     9202296 kB
Committed_AS:   56305528 kB
VmallocTotal:   263061440 kB
VmallocUsed:       98276 kB
VmallocChunk:          0 kB
Percpu:             7584 kB
CmaTotal:         294912 kB
CmaFree:               0 kB
MemTotal:       12113144 kB
MemFree:         6998500 kB
MemAvailable:    8378504 kB
Buffers:            5556 kB
Cached:          1619148 kB
SwapCached:            0 kB
Active:          1315612 kB
Inactive:        1410484 kB
Active(anon):    1108132 kB
Inactive(anon):    20632 kB
Active(file):     207480 kB
Inactive(file):  1389852 kB
Unevictable:        5692 kB
Mlocked:            5692 kB
SwapTotal:       3145724 kB
SwapFree:        3145724 kB
Dirty:               132 kB
Writeback:             0 kB
AnonPages:       1107144 kB
Mapped:           804676 kB
Shmem:             22720 kB
KReclaimable:     651376 kB
Slab:             202228 kB
SReclaimable:      66792 kB
SUnreclaim:       135436 kB
KernelStack:       41424 kB
PageTables:        55536 kB
NFS_Unstable:          0 kB
Bounce:                0 kB
WritebackTmp:          0 kB
CommitLimit:     9202296 kB
Committed_AS:   56300264 kB
VmallocTotal:   263061440 kB
VmallocUsed:       98292 kB
VmallocChunk:          0 kB
Percpu:             7584 kB
CmaTotal:         294912 kB
CmaFree:               0 kB
MemTotal:       12113144 kB
MemFree:         6998448 kB
MemAvailable:    8378452 kB
Buffers:            5556 kB
Cached:          1619152 kB
SwapCached:            0 kB
Active:          1316468 kB
Inactive:        1410488 kB
Active(anon):    1108988 kB
Inactive(anon):    20636 kB
Active(file):     207480 kB
Inactive(file):  1389852 kB
Unevictable:        5692 kB
Mlocked:            5692 kB
SwapTotal:       3145724 kB
SwapFree:        3145724 kB
Dirty:               132 kB
Writeback:             0 kB
AnonPages:       1107996 kB
Mapped:           804680 kB
Shmem:             22724 kB
KReclaimable:     651376 kB
Slab:             202220 kB
SReclaimable:      66792 kB
SUnreclaim:       135428 kB
KernelStack:       41424 kB
PageTables:        55540 kB
NFS_Unstable:          0 kB
Bounce:                0 kB
WritebackTmp:          0 kB
CommitLimit:     9202296 kB
Committed_AS:   56303688 kB
VmallocTotal:   263061440 kB
VmallocUsed:       98292 kB
VmallocChunk:          0 kB
Percpu:             7584 kB
CmaTotal:         294912 kB
CmaFree:               0 kB
MemTotal:       12113144 kB
MemFree:         6997808 kB
MemAvailable:    8377812 kB
Buffers:            5556 kB
Cached:          1619152 kB
SwapCached:            0 kB
Active:          1316688 kB
Inactive:        1410488 kB
Active(anon):    1109208 kB
Inactive(anon):    20636 kB
Active(file):     207480 kB
Inactive(file):  1389852 kB
Unevictable:        5692 kB
Mlocked:            5692 kB
SwapTotal:       3145724 kB
SwapFree:        3145724 kB
Dirty:               132 kB
Writeback:             0 kB
AnonPages:       1108300 kB
Mapped:           804420 kB
Shmem:             22724 kB
KReclaimable:     651376 kB
Slab:             202228 kB
SReclaimable:      66792 kB
SUnreclaim:       135436 kB
KernelStack:       41424 kB
PageTables:        55532 kB
NFS_Unstable:          0 kB
Bounce:                0 kB
WritebackTmp:          0 kB
CommitLimit:     9202296 kB
Committed_AS:   56305124 kB
VmallocTotal:   263061440 kB
VmallocUsed:       98276 kB
VmallocChunk:          0 kB
Percpu:             7584 kB
CmaTotal:         294912 kB
CmaFree:               0 kB
MemTotal:       12113144 kB
MemFree:         6997276 kB
MemAvailable:    8377280 kB
Buffers:            5556 kB
Cached:          1619152 kB
SwapCached:            0 kB
Active:          1317004 kB
Inactive:        1410488 kB
Active(anon):    1109524 kB
Inactive(anon):    20636 kB
Active(file):     207480 kB
Inactive(file):  1389852 kB
Unevictable:        5692 kB
Mlocked:            5692 kB
SwapTotal:       3145724 kB
SwapFree:        3145724 kB
Dirty:               132 kB
Writeback:             0 kB
AnonPages:       1108560 kB
Mapped:           804680 kB
Shmem:             22724 kB
KReclaimable:     651376 kB
Slab:             202220 kB
SReclaimable:      66792 kB
SUnreclaim:       135428 kB
KernelStack:       41424 kB
PageTables:        55532 kB
NFS_Unstable:          0 kB
Bounce:                0 kB
WritebackTmp:          0 kB
CommitLimit:     9202296 kB
Committed_AS:   56304620 kB
VmallocTotal:   263061440 kB
VmallocUsed:       98292 kB
VmallocChunk:          0 kB
Percpu:             7584 kB
CmaTotal:         294912 kB
CmaFree:               0 kB
MemTotal:       12113144 kB
MemFree:         6996896 kB
MemAvailable:    8376900 kB
Buffers:            5556 kB
Cached:          1619152 kB
SwapCached:            0 kB
Active:          1317524 kB
Inactive:        1410488 kB
Active(anon):    1110044 kB
Inactive(anon):    20636 kB
Active(file):     207480 kB
Inactive(file):  1389852 kB
Unevictable:        5692 kB
Mlocked:            5692 kB
SwapTotal:       3145724 kB
SwapFree:        3145724 kB
Dirty:               132 kB
Writeback:             0 kB
AnonPages:       1109208 kB
Mapped:           804680 kB
Shmem:             22724 kB
KReclaimable:     651376 kB
Slab:             202228 kB
SReclaimable:      66792 kB
SUnreclaim:       135436 kB
KernelStack:       41424 kB
PageTables:        55536 kB
NFS_Unstable:          0 kB
Bounce:                0 kB
WritebackTmp:          0 kB
CommitLimit:     9202296 kB
Committed_AS:   56304612 kB
VmallocTotal:   263061440 kB
VmallocUsed:       98292 kB
VmallocChunk:          0 kB
Percpu:             7584 kB
CmaTotal:         294912 kB
CmaFree:               0 kB
MemTotal:       12113144 kB
MemFree:         7007064 kB
MemAvailable:    8387068 kB
Buffers:            5556 kB
Cached:          1619152 kB
SwapCached:            0 kB
Active:          1307852 kB
Inactive:        1410488 kB
Active(anon):    1100372 kB
Inactive(anon):    20636 kB
Active(file):     207480 kB
Inactive(file):  1389852 kB
Unevictable:        5692 kB
Mlocked:            5692 kB
SwapTotal:       3145724 kB
SwapFree:        3145724 kB
Dirty:               132 kB
Writeback:             0 kB
AnonPages:       1099380 kB
Mapped:           804680 kB
Shmem:             22724 kB
KReclaimable:     651376 kB
Slab:             202212 kB
SReclaimable:      66792 kB
SUnreclaim:       135420 kB
KernelStack:       41424 kB
PageTables:        55536 kB
NFS_Unstable:          0 kB
Bounce:                0 kB
WritebackTmp:          0 kB
CommitLimit:     9202296 kB
Committed_AS:   56304304 kB
VmallocTotal:   263061440 kB
VmallocUsed:       98308 kB
VmallocChunk:          0 kB
Percpu:             7584 kB
CmaTotal:         294912 kB
CmaFree:               0 kB
MemTotal:       12113144 kB
MemFree:         7007528 kB
MemAvailable:    8387532 kB
Buffers:            5556 kB
Cached:          1619152 kB
SwapCached:            0 kB
Active:          1307460 kB
Inactive:        1410488 kB
Active(anon):    1099980 kB
Inactive(anon):    20636 kB
Active(file):     207480 kB
Inactive(file):  1389852 kB
Unevictable:        5692 kB
Mlocked:            5692 kB
SwapTotal:       3145724 kB
SwapFree:        3145724 kB
Dirty:               132 kB
Writeback:             0 kB
AnonPages:       1099148 kB
Mapped:           804680 kB
Shmem:             22724 kB
KReclaimable:     651376 kB
Slab:             202228 kB
SReclaimable:      66792 kB
SUnreclaim:       135436 kB
KernelStack:       41376 kB
PageTables:        55536 kB
NFS_Unstable:          0 kB
Bounce:                0 kB
WritebackTmp:          0 kB
CommitLimit:     9202296 kB
Committed_AS:   56299084 kB
VmallocTotal:   263061440 kB
VmallocUsed:       98276 kB
VmallocChunk:          0 kB
Percpu:             7584 kB
CmaTotal:         294912 kB
CmaFree:               0 kB
MemTotal:       12113144 kB
MemFree:         7006388 kB
MemAvailable:    8386400 kB
Buffers:            5556 kB
Cached:          1619160 kB
SwapCached:            0 kB
Active:          1307840 kB
Inactive:        1410496 kB
Active(anon):    1100360 kB
Inactive(anon):    20636 kB
Active(file):     207480 kB
Inactive(file):  1389860 kB
Unevictable:        5692 kB
Mlocked:            5692 kB
SwapTotal:       3145724 kB
SwapFree:        3145724 kB
Dirty:               176 kB
Writeback:             0 kB
AnonPages:       1099408 kB
Mapped:           804420 kB
Shmem:             22724 kB
KReclaimable:     651376 kB
Slab:             202228 kB
SReclaimable:      66792 kB
SUnreclaim:       135436 kB
KernelStack:       41376 kB
PageTables:        55536 kB
NFS_Unstable:          0 kB
Bounce:                0 kB
WritebackTmp:          0 kB
CommitLimit:     9202296 kB
Committed_AS:   56304068 kB
VmallocTotal:   263061440 kB
VmallocUsed:       98276 kB
VmallocChunk:          0 kB
Percpu:             7584 kB
CmaTotal:         294912 kB
CmaFree:               0 kB
MemTotal:       12113144 kB
MemFree:         7005572 kB
MemAvailable:    8385584 kB
Buffers:            5556 kB
Cached:          1619160 kB
SwapCached:            0 kB
Active:          1308356 kB
Inactive:        1410496 kB
Active(anon):    1100876 kB
Inactive(anon):    20636 kB
Active(file):     207480 kB
Inactive(file):  1389860 kB
Unevictable:        5692 kB
Mlocked:            5692 kB
SwapTotal:       3145724 kB
SwapFree:        3145724 kB
Dirty:               176 kB
Writeback:             0 kB
AnonPages:       1099912 kB
Mapped:           804680 kB
Shmem:             22724 kB
KReclaimable:     651376 kB
Slab:             202228 kB
SReclaimable:      66792 kB
SUnreclaim:       135436 kB
KernelStack:       41392 kB
PageTables:        55636 kB
NFS_Unstable:          0 kB
Bounce:                0 kB
WritebackTmp:          0 kB
CommitLimit:     9202296 kB
Committed_AS:   56303884 kB
VmallocTotal:   263061440 kB
VmallocUsed:       98276 kB
VmallocChunk:          0 kB
Percpu:             7584 kB
CmaTotal:         294912 kB
CmaFree:               0 kB
MemTotal:       12113144 kB
MemFree:         7005384 kB
MemAvailable:    8385396 kB
Buffers:            5556 kB
Cached:          1619164 kB
SwapCached:            0 kB
Active:          1308920 kB
Inactive:        1410500 kB
Active(anon):    1101440 kB
Inactive(anon):    20640 kB
Active(file):     207480 kB
Inactive(file):  1389860 kB
Unevictable:        5692 kB
Mlocked:            5692 kB
SwapTotal:       3145724 kB
SwapFree:        3145724 kB
Dirty:               176 kB
Writeback:             0 kB
AnonPages:       1100472 kB
Mapped:           804424 kB
Shmem:             22728 kB
KReclaimable:     651376 kB
Slab:             202228 kB
SReclaimable:      66792 kB
SUnreclaim:       135436 kB
KernelStack:       41376 kB
PageTables:        55540 kB
NFS_Unstable:          0 kB
Bounce:                0 kB
WritebackTmp:          0 kB
CommitLimit:     9202296 kB
Committed_AS:   56304720 kB
VmallocTotal:   263061440 kB
VmallocUsed:       98292 kB
VmallocChunk:          0 kB
Percpu:             7584 kB
CmaTotal:         294912 kB
CmaFree:               0 kB
MemTotal:       12113144 kB
MemFree:         7005004 kB
MemAvailable:    8385016 kB
Buffers:            5556 kB
Cached:          1619168 kB
SwapCached:            0 kB
Active:          1309332 kB
Inactive:        1410504 kB
Active(anon):    1101852 kB
Inactive(anon):    20644 kB
Active(file):     207480 kB
Inactive(file):  1389860 kB
Unevictable:        5692 kB
Mlocked:            5692 kB
SwapTotal:       3145724 kB
SwapFree:        3145724 kB
Dirty:               176 kB
Writeback:             0 kB
AnonPages:       1100980 kB
Mapped:           804688 kB
Shmem:             22732 kB
KReclaimable:     651376 kB
Slab:             202212 kB
SReclaimable:      66792 kB
SUnreclaim:       135420 kB
KernelStack:       41376 kB
PageTables:        55536 kB
NFS_Unstable:          0 kB
Bounce:                0 kB
WritebackTmp:          0 kB
CommitLimit:     9202296 kB
Committed_AS:   56304572 kB
VmallocTotal:   263061440 kB
VmallocUsed:       98276 kB
VmallocChunk:          0 kB
Percpu:             7584 kB
CmaTotal:         294912 kB
CmaFree:               0 kB
MemTotal:       12113144 kB
MemFree:         7004880 kB
MemAvailable:    8384892 kB
Buffers:            5556 kB
Cached:          1619168 kB
SwapCached:            0 kB
Active:          1310056 kB
Inactive:        1410504 kB
Active(anon):    1102576 kB
Inactive(anon):    20644 kB
Active(file):     207480 kB
Inactive(file):  1389860 kB
Unevictable:        5692 kB
Mlocked:            5692 kB
SwapTotal:       3145724 kB
SwapFree:        3145724 kB
Dirty:               176 kB
Writeback:             0 kB
AnonPages:       1101660 kB
Mapped:           804688 kB
Shmem:             22732 kB
KReclaimable:     651376 kB
Slab:             202240 kB
SReclaimable:      66792 kB
SUnreclaim:       135448 kB
KernelStack:       41408 kB
PageTables:        55592 kB
NFS_Unstable:          0 kB
Bounce:                0 kB
WritebackTmp:          0 kB
CommitLimit:     9202296 kB
Committed_AS:   56304444 kB
VmallocTotal:   263061440 kB
VmallocUsed:       98276 kB
VmallocChunk:          0 kB
Percpu:             7584 kB
CmaTotal:         294912 kB
CmaFree:               0 kB
MemTotal:       12113144 kB
MemFree:         7003944 kB
MemAvailable:    8383976 kB
Buffers:            5564 kB
Cached:          1619180 kB
SwapCached:            0 kB
Active:          1310472 kB
Inactive:        1410516 kB
Active(anon):    1102984 kB
Inactive(anon):    20644 kB
Active(file):     207488 kB
Inactive(file):  1389872 kB
Unevictable:        5692 kB
Mlocked:            5692 kB
SwapTotal:       3145724 kB
SwapFree:        3145724 kB
Dirty:               176 kB
Writeback:             0 kB
AnonPages:       1101980 kB
Mapped:           804468 kB
Shmem:             22732 kB
KReclaimable:     651376 kB
Slab:             202216 kB
SReclaimable:      66792 kB
SUnreclaim:       135424 kB
KernelStack:       41392 kB
PageTables:        55556 kB
NFS_Unstable:          0 kB
Bounce:                0 kB
WritebackTmp:          0 kB
CommitLimit:     9202296 kB
Committed_AS:   56304488 kB
VmallocTotal:   263061440 kB
VmallocUsed:       98260 kB
VmallocChunk:          0 kB
Percpu:             7584 kB
CmaTotal:         294912 kB
CmaFree:               0 kB
MemTotal:       12113144 kB
MemFree:         7003644 kB
MemAvailable:    8383676 kB
Buffers:            5564 kB
Cached:          1619180 kB
SwapCached:            0 kB
Active:          1310964 kB
Inactive:        1410516 kB
Active(anon):    1103476 kB
Inactive(anon):    20644 kB
Active(file):     207488 kB
Inactive(file):  1389872 kB
Unevictable:        5692 kB
Mlocked:            5692 kB
SwapTotal:       3145724 kB
SwapFree:        3145724 kB
Dirty:               176 kB
Writeback:             0 kB
AnonPages:       1102440 kB
Mapped:           804688 kB
Shmem:             22732 kB
KReclaimable:     651376 kB
Slab:             202232 kB
SReclaimable:      66792 kB
SUnreclaim:       135440 kB
KernelStack:       41376 kB
PageTables:        55532 kB
NFS_Unstable:          0 kB
Bounce:                0 kB
WritebackTmp:          0 kB
CommitLimit:     9202296 kB
Committed_AS:   56304692 kB
VmallocTotal:   263061440 kB
VmallocUsed:       98244 kB
VmallocChunk:          0 kB
Percpu:             7584 kB
CmaTotal:         294912 kB
CmaFree:               0 kB
MemTotal:       12113144 kB
MemFree:         7002464 kB
MemAvailable:    8382492 kB
Buffers:            5564 kB
Cached:          1619180 kB
SwapCached:            0 kB
Active:          1311336 kB
Inactive:        1410512 kB
Active(anon):    1103848 kB
Inactive(anon):    20644 kB
Active(file):     207488 kB
Inactive(file):  1389868 kB
Unevictable:        5692 kB
Mlocked:            5692 kB
SwapTotal:       3145724 kB
SwapFree:        3145724 kB
Dirty:               184 kB
Writeback:             0 kB
AnonPages:       1102956 kB
Mapped:           804688 kB
Shmem:             22732 kB
KReclaimable:     651376 kB
Slab:             202240 kB
SReclaimable:      66792 kB
SUnreclaim:       135448 kB
KernelStack:       41376 kB
PageTables:        55532 kB
NFS_Unstable:          0 kB
Bounce:                0 kB
WritebackTmp:          0 kB
CommitLimit:     9202296 kB
Committed_AS:   56304860 kB
VmallocTotal:   263061440 kB
VmallocUsed:       98228 kB
VmallocChunk:          0 kB
Percpu:             7584 kB
CmaTotal:         294912 kB
CmaFree:               0 kB
MemTotal:       12113144 kB
MemFree:         7002328 kB
MemAvailable:    8382360 kB
Buffers:            5564 kB
Cached:          1619184 kB
SwapCached:            0 kB
Active:          1311628 kB
Inactive:        1410520 kB
Active(anon):    1104140 kB
Inactive(anon):    20648 kB
Active(file):     207488 kB
Inactive(file):  1389872 kB
Unevictable:        5692 kB
Mlocked:            5692 kB
SwapTotal:       3145724 kB
SwapFree:        3145724 kB
Dirty:               180 kB
Writeback:             0 kB
AnonPages:       1103152 kB
Mapped:           804432 kB
Shmem:             22736 kB
KReclaimable:     651376 kB
Slab:             202224 kB
SReclaimable:      66792 kB
SUnreclaim:       135432 kB
KernelStack:       41376 kB
PageTables:        55532 kB
NFS_Unstable:          0 kB
Bounce:                0 kB
WritebackTmp:          0 kB
CommitLimit:     9202296 kB
Committed_AS:   56304776 kB
VmallocTotal:   263061440 kB
VmallocUsed:       98228 kB
VmallocChunk:          0 kB
Percpu:             7584 kB
CmaTotal:         294912 kB
CmaFree:               0 kB
MemTotal:       12113144 kB
MemFree:         7004100 kB
MemAvailable:    8384132 kB
Buffers:            5564 kB
Cached:          1619184 kB
SwapCached:            0 kB
Active:          1309168 kB
Inactive:        1410520 kB
Active(anon):    1101680 kB
Inactive(anon):    20648 kB
Active(file):     207488 kB
Inactive(file):  1389872 kB
Unevictable:        5692 kB
Mlocked:            5692 kB
SwapTotal:       3145724 kB
SwapFree:        3145724 kB
Dirty:               180 kB
Writeback:             0 kB
AnonPages:       1100648 kB
Mapped:           804692 kB
Shmem:             22736 kB
KReclaimable:     651376 kB
Slab:             202232 kB
SReclaimable:      66792 kB
SUnreclaim:       135440 kB
KernelStack:       41408 kB
PageTables:        55532 kB
NFS_Unstable:          0 kB
Bounce:                0 kB
WritebackTmp:          0 kB
CommitLimit:     9202296 kB
Committed_AS:   56304644 kB
VmallocTotal:   263061440 kB
VmallocUsed:       98244 kB
VmallocChunk:          0 kB
Percpu:             7584 kB
CmaTotal:         294912 kB
CmaFree:               0 kB
MemTotal:       12113144 kB
MemFree:         7004064 kB
MemAvailable:    8384096 kB
Buffers:            5564 kB
Cached:          1619184 kB
SwapCached:            0 kB
Active:          1309516 kB
Inactive:        1410520 kB
Active(anon):    1102028 kB
Inactive(anon):    20648 kB
Active(file):     207488 kB
Inactive(file):  1389872 kB
Unevictable:        5692 kB
Mlocked:            5692 kB
SwapTotal:       3145724 kB
SwapFree:        3145724 kB
Dirty:               180 kB
Writeback:             0 kB
AnonPages:       1101084 kB
Mapped:           804692 kB
Shmem:             22736 kB
KReclaimable:     651376 kB
Slab:             202208 kB
SReclaimable:      66792 kB
SUnreclaim:       135416 kB
KernelStack:       41408 kB
PageTables:        55532 kB
NFS_Unstable:          0 kB
Bounce:                0 kB
WritebackTmp:          0 kB
CommitLimit:     9202296 kB
Committed_AS:   56304424 kB
VmallocTotal:   263061440 kB
VmallocUsed:       98276 kB
VmallocChunk:          0 kB
Percpu:             7584 kB
CmaTotal:         294912 kB
CmaFree:               0 kB
MemTotal:       12113144 kB
MemFree:         7004380 kB
MemAvailable:    8384412 kB
Buffers:            5564 kB
Cached:          1619184 kB
SwapCached:            0 kB
Active:          1308716 kB
Inactive:        1410520 kB
Active(anon):    1101228 kB
Inactive(anon):    20648 kB
Active(file):     207488 kB
Inactive(file):  1389872 kB
Unevictable:        5692 kB
Mlocked:            5692 kB
SwapTotal:       3145724 kB
SwapFree:        3145724 kB
Dirty:               180 kB
Writeback:             0 kB
AnonPages:       1100216 kB
Mapped:           804432 kB
Shmem:             22736 kB
KReclaimable:     651376 kB
Slab:             202232 kB
SReclaimable:      66792 kB
SUnreclaim:       135440 kB
KernelStack:       41408 kB
PageTables:        55532 kB
NFS_Unstable:          0 kB
Bounce:                0 kB
WritebackTmp:          0 kB
CommitLimit:     9202296 kB
Committed_AS:   56304520 kB
VmallocTotal:   263061440 kB
VmallocUsed:       98276 kB
VmallocChunk:          0 kB
Percpu:             7584 kB
CmaTotal:         294912 kB
CmaFree:               0 kB
MemTotal:       12113144 kB
MemFree:         7004372 kB
MemAvailable:    8384404 kB
Buffers:            5564 kB
Cached:          1619184 kB
SwapCached:            0 kB
Active:          1309164 kB
Inactive:        1410520 kB
Active(anon):    1101676 kB
Inactive(anon):    20648 kB
Active(file):     207488 kB
Inactive(file):  1389872 kB
Unevictable:        5692 kB
Mlocked:            5692 kB
SwapTotal:       3145724 kB
SwapFree:        3145724 kB
Dirty:               180 kB
Writeback:             0 kB
AnonPages:       1100868 kB
Mapped:           804432 kB
Shmem:             22736 kB
KReclaimable:     651376 kB
Slab:             202240 kB
SReclaimable:      66792 kB
SUnreclaim:       135448 kB
KernelStack:       41408 kB
PageTables:        55532 kB
NFS_Unstable:          0 kB
Bounce:                0 kB
WritebackTmp:          0 kB
CommitLimit:     9202296 kB
Committed_AS:   56304256 kB
VmallocTotal:   263061440 kB
VmallocUsed:       98292 kB
VmallocChunk:          0 kB
Percpu:             7584 kB
CmaTotal:         294912 kB
CmaFree:               0 kB
MemTotal:       12113144 kB
MemFree:         7004428 kB
MemAvailable:    8384460 kB
Buffers:            5564 kB
Cached:          1619184 kB
SwapCached:            0 kB
Active:          1309584 kB
Inactive:        1410520 kB
Active(anon):    1102096 kB
Inactive(anon):    20648 kB
Active(file):     207488 kB
Inactive(file):  1389872 kB
Unevictable:        5692 kB
Mlocked:            5692 kB
SwapTotal:       3145724 kB
SwapFree:        3145724 kB
Dirty:               180 kB
Writeback:             0 kB
AnonPages:       1101252 kB
Mapped:           804676 kB
Shmem:             22736 kB
KReclaimable:     651376 kB
Slab:             202224 kB
SReclaimable:      66792 kB
SUnreclaim:       135432 kB
KernelStack:       41408 kB
PageTables:        55456 kB
NFS_Unstable:          0 kB
Bounce:                0 kB
WritebackTmp:          0 kB
CommitLimit:     9202296 kB
Committed_AS:   56304660 kB
VmallocTotal:   263061440 kB
VmallocUsed:       98292 kB
VmallocChunk:          0 kB
Percpu:             7584 kB
CmaTotal:         294912 kB
CmaFree:               0 kB
MemTotal:       12113144 kB
MemFree:         7003832 kB
MemAvailable:    8383864 kB
Buffers:            5564 kB
Cached:          1619184 kB
SwapCached:            0 kB
Active:          1309660 kB
Inactive:        1410520 kB
Active(anon):    1102172 kB
Inactive(anon):    20648 kB
Active(file):     207488 kB
Inactive(file):  1389872 kB
Unevictable:        5692 kB
Mlocked:            5692 kB
SwapTotal:       3145724 kB
SwapFree:        3145724 kB
Dirty:               180 kB
Writeback:             0 kB
AnonPages:       1101356 kB
Mapped:           804692 kB
Shmem:             22736 kB
KReclaimable:     651376 kB
Slab:             202240 kB
SReclaimable:      66792 kB
SUnreclaim:       135448 kB
KernelStack:       41408 kB
PageTables:        55536 kB
NFS_Unstable:          0 kB
Bounce:                0 kB
WritebackTmp:          0 kB
CommitLimit:     9202296 kB
Committed_AS:   56304068 kB
VmallocTotal:   263061440 kB
VmallocUsed:       98276 kB
VmallocChunk:          0 kB
Percpu:             7584 kB
CmaTotal:         294912 kB
CmaFree:               0 kB
MemTotal:       12113144 kB
MemFree:         7003476 kB
MemAvailable:    8383520 kB
Buffers:            5564 kB
Cached:          1619196 kB
SwapCached:            0 kB
Active:          1310200 kB
Inactive:        1410532 kB
Active(anon):    1102712 kB
Inactive(anon):    20648 kB
Active(file):     207488 kB
Inactive(file):  1389884 kB
Unevictable:        5692 kB
Mlocked:            5692 kB
SwapTotal:       3145724 kB
SwapFree:        3145724 kB
Dirty:               232 kB
Writeback:             0 kB
AnonPages:       1101816 kB
Mapped:           804692 kB
Shmem:             22736 kB
KReclaimable:     651376 kB
Slab:             202224 kB
SReclaimable:      66792 kB
SUnreclaim:       135432 kB
KernelStack:       41408 kB
PageTables:        55532 kB
NFS_Unstable:          0 kB
Bounce:                0 kB
WritebackTmp:          0 kB
CommitLimit:     9202296 kB
Committed_AS:   56304968 kB
VmallocTotal:   263061440 kB
VmallocUsed:       98276 kB
VmallocChunk:          0 kB
Percpu:             7584 kB
CmaTotal:         294912 kB
CmaFree:               0 kB
MemTotal:       12113144 kB
MemFree:         7002932 kB
MemAvailable:    8382976 kB
Buffers:            5564 kB
Cached:          1619196 kB
SwapCached:            0 kB
Active:          1310468 kB
Inactive:        1410532 kB
Active(anon):    1102980 kB
Inactive(anon):    20648 kB
Active(file):     207488 kB
Inactive(file):  1389884 kB
Unevictable:        5692 kB
Mlocked:            5692 kB
SwapTotal:       3145724 kB
SwapFree:        3145724 kB
Dirty:               232 kB
Writeback:             0 kB
AnonPages:       1101992 kB
Mapped:           804692 kB
Shmem:             22736 kB
KReclaimable:     651376 kB
Slab:             202224 kB
SReclaimable:      66792 kB
SUnreclaim:       135432 kB
KernelStack:       41408 kB
PageTables:        55540 kB
NFS_Unstable:          0 kB
Bounce:                0 kB
WritebackTmp:          0 kB
CommitLimit:     9202296 kB
Committed_AS:   56305084 kB
VmallocTotal:   263061440 kB
VmallocUsed:       98276 kB
VmallocChunk:          0 kB
Percpu:             7584 kB
CmaTotal:         294912 kB
CmaFree:               0 kB
MemTotal:       12113144 kB
MemFree:         7002344 kB
MemAvailable:    8382388 kB
Buffers:            5564 kB
Cached:          1619196 kB
SwapCached:            0 kB
Active:          1310712 kB
Inactive:        1410532 kB
Active(anon):    1103224 kB
Inactive(anon):    20648 kB
Active(file):     207488 kB
Inactive(file):  1389884 kB
Unevictable:        5692 kB
Mlocked:            5692 kB
SwapTotal:       3145724 kB
SwapFree:        3145724 kB
Dirty:               232 kB
Writeback:             0 kB
AnonPages:       1102452 kB
Mapped:           804692 kB
Shmem:             22736 kB
KReclaimable:     651376 kB
Slab:             202224 kB
SReclaimable:      66792 kB
SUnreclaim:       135432 kB
KernelStack:       41408 kB
PageTables:        55536 kB
NFS_Unstable:          0 kB
Bounce:                0 kB
WritebackTmp:          0 kB
CommitLimit:     9202296 kB
Committed_AS:   56304996 kB
VmallocTotal:   263061440 kB
VmallocUsed:       98276 kB
VmallocChunk:          0 kB
Percpu:             7584 kB
CmaTotal:         294912 kB
CmaFree:               0 kB
MemTotal:       12113144 kB
MemFree:         7002204 kB
MemAvailable:    8382248 kB
Buffers:            5564 kB
Cached:          1619196 kB
SwapCached:            0 kB
Active:          1311156 kB
Inactive:        1410532 kB
Active(anon):    1103668 kB
Inactive(anon):    20648 kB
Active(file):     207488 kB
Inactive(file):  1389884 kB
Unevictable:        5692 kB
Mlocked:            5692 kB
SwapTotal:       3145724 kB
SwapFree:        3145724 kB
Dirty:               232 kB
Writeback:             0 kB
AnonPages:       1102680 kB
Mapped:           804432 kB
Shmem:             22736 kB
KReclaimable:     651376 kB
Slab:             202200 kB
SReclaimable:      66792 kB
SUnreclaim:       135408 kB
KernelStack:       41408 kB
PageTables:        55532 kB
NFS_Unstable:          0 kB
Bounce:                0 kB
WritebackTmp:          0 kB
CommitLimit:     9202296 kB
Committed_AS:   56304360 kB
VmallocTotal:   263061440 kB
VmallocUsed:       98276 kB
VmallocChunk:          0 kB
Percpu:             7584 kB
CmaTotal:         294912 kB
CmaFree:               0 kB
MemTotal:       12113144 kB
MemFree:         7001136 kB
MemAvailable:    8381180 kB
Buffers:            5564 kB
Cached:          1619196 kB
SwapCached:            0 kB
Active:          1312112 kB
Inactive:        1410532 kB
Active(anon):    1104624 kB
Inactive(anon):    20648 kB
Active(file):     207488 kB
Inactive(file):  1389884 kB
Unevictable:        5692 kB
Mlocked:            5692 kB
SwapTotal:       3145724 kB
SwapFree:        3145724 kB
Dirty:               232 kB
Writeback:             0 kB
AnonPages:       1103496 kB
Mapped:           804692 kB
Shmem:             22736 kB
KReclaimable:     651376 kB
Slab:             202224 kB
SReclaimable:      66792 kB
SUnreclaim:       135432 kB
KernelStack:       41456 kB
PageTables:        55552 kB
NFS_Unstable:          0 kB
Bounce:                0 kB
WritebackTmp:          0 kB
CommitLimit:     9202296 kB
Committed_AS:   56304192 kB
VmallocTotal:   263061440 kB
VmallocUsed:       98292 kB
VmallocChunk:          0 kB
Percpu:             7584 kB
CmaTotal:         294912 kB
CmaFree:               0 kB
MemTotal:       12113144 kB
MemFree:         7001204 kB
MemAvailable:    8381248 kB
Buffers:            5564 kB
Cached:          1619196 kB
SwapCached:            0 kB
Active:          1312324 kB
Inactive:        1410532 kB
Active(anon):    1104836 kB
Inactive(anon):    20648 kB
Active(file):     207488 kB
Inactive(file):  1389884 kB
Unevictable:        5692 kB
Mlocked:            5692 kB
SwapTotal:       3145724 kB
SwapFree:        3145724 kB
Dirty:               232 kB
Writeback:             0 kB
AnonPages:       1103980 kB
Mapped:           804692 kB
Shmem:             22736 kB
KReclaimable:     651376 kB
Slab:             202224 kB
SReclaimable:      66792 kB
SUnreclaim:       135432 kB
KernelStack:       41424 kB
PageTables:        55532 kB
NFS_Unstable:          0 kB
Bounce:                0 kB
WritebackTmp:          0 kB
CommitLimit:     9202296 kB
Committed_AS:   56303892 kB
VmallocTotal:   263061440 kB
VmallocUsed:       98308 kB
VmallocChunk:          0 kB
Percpu:             7584 kB
CmaTotal:         294912 kB
CmaFree:               0 kB
MemTotal:       12113144 kB
MemFree:         7001832 kB
MemAvailable:    8381892 kB
Buffers:            5568 kB
Cached:          1619208 kB
SwapCached:            0 kB
Active:          1312812 kB
Inactive:        1410544 kB
Active(anon):    1105320 kB
Inactive(anon):    20648 kB
Active(file):     207492 kB
Inactive(file):  1389896 kB
Unevictable:        5692 kB
Mlocked:            5692 kB
SwapTotal:       3145724 kB
SwapFree:        3145724 kB
Dirty:               212 kB
Writeback:             0 kB
AnonPages:       1104408 kB
Mapped:           804472 kB
Shmem:             22736 kB
KReclaimable:     651376 kB
Slab:             202224 kB
SReclaimable:      66792 kB
SUnreclaim:       135432 kB
KernelStack:       41456 kB
PageTables:        55552 kB
NFS_Unstable:          0 kB
Bounce:                0 kB
WritebackTmp:          0 kB
CommitLimit:     9202296 kB
Committed_AS:   56303592 kB
VmallocTotal:   263061440 kB
VmallocUsed:       98308 kB
VmallocChunk:          0 kB
Percpu:             7584 kB
CmaTotal:         294912 kB
CmaFree:               0 kB
MemTotal:       12113144 kB
MemFree:         7000460 kB
MemAvailable:    8380520 kB
Buffers:            5568 kB
Cached:          1619208 kB
SwapCached:            0 kB
Active:          1313208 kB
Inactive:        1410544 kB
Active(anon):    1105716 kB
Inactive(anon):    20648 kB
Active(file):     207492 kB
Inactive(file):  1389896 kB
Unevictable:        5692 kB
Mlocked:            5692 kB
SwapTotal:       3145724 kB
SwapFree:        3145724 kB
Dirty:               132 kB
Writeback:             0 kB
AnonPages:       1104712 kB
Mapped:           804432 kB
Shmem:             22736 kB
KReclaimable:     651376 kB
Slab:             202208 kB
SReclaimable:      66792 kB
SUnreclaim:       135416 kB
KernelStack:       41424 kB
PageTables:        55532 kB
NFS_Unstable:          0 kB
Bounce:                0 kB
WritebackTmp:          0 kB
CommitLimit:     9202296 kB
Committed_AS:   56304172 kB
VmallocTotal:   263061440 kB
VmallocUsed:       98340 kB
VmallocChunk:          0 kB
Percpu:             7584 kB
CmaTotal:         294912 kB
CmaFree:               0 kB
MemTotal:       12113144 kB
MemFree:         6999552 kB
MemAvailable:    8379612 kB
Buffers:            5568 kB
Cached:          1619208 kB
SwapCached:            0 kB
Active:          1313556 kB
Inactive:        1410544 kB
Active(anon):    1106064 kB
Inactive(anon):    20648 kB
Active(file):     207492 kB
Inactive(file):  1389896 kB
Unevictable:        5692 kB
Mlocked:            5692 kB
SwapTotal:       3145724 kB
SwapFree:        3145724 kB
Dirty:               132 kB
Writeback:             0 kB
AnonPages:       1105220 kB
Mapped:           804432 kB
Shmem:             22736 kB
KReclaimable:     651376 kB
Slab:             202232 kB
SReclaimable:      66792 kB
SUnreclaim:       135440 kB
KernelStack:       41408 kB
PageTables:        55532 kB
NFS_Unstable:          0 kB
Bounce:                0 kB
WritebackTmp:          0 kB
CommitLimit:     9202296 kB
Committed_AS:   56306724 kB
VmallocTotal:   263061440 kB
VmallocUsed:       98356 kB
VmallocChunk:          0 kB
Percpu:             7584 kB
CmaTotal:         294912 kB
CmaFree:               0 kB
MemTotal:       12113144 kB
MemFree:         6999248 kB
MemAvailable:    8379316 kB
Buffers:            5568 kB
Cached:          1619216 kB
SwapCached:            0 kB
Active:          1314448 kB
Inactive:        1410548 kB
Active(anon):    1106952 kB
Inactive(anon):    20648 kB
Active(file):     207496 kB
Inactive(file):  1389900 kB
Unevictable:        5692 kB
Mlocked:            5692 kB
SwapTotal:       3145724 kB
SwapFree:        3145724 kB
Dirty:               140 kB
Writeback:             0 kB
AnonPages:       1106004 kB
Mapped:           804692 kB
Shmem:             22736 kB
KReclaimable:     651376 kB
Slab:             202224 kB
SReclaimable:      66792 kB
SUnreclaim:       135432 kB
KernelStack:       41408 kB
PageTables:        55532 kB
NFS_Unstable:          0 kB
Bounce:                0 kB
WritebackTmp:          0 kB
CommitLimit:     9202296 kB
Committed_AS:   56302332 kB
VmallocTotal:   263061440 kB
VmallocUsed:       98356 kB
VmallocChunk:          0 kB
Percpu:             7584 kB
CmaTotal:         294912 kB
CmaFree:               0 kB
MemTotal:       12113144 kB
MemFree:         6998868 kB
MemAvailable:    8378928 kB
Buffers:            5568 kB
Cached:          1619208 kB
SwapCached:            0 kB
Active:          1314708 kB
Inactive:        1410544 kB
Active(anon):    1107216 kB
Inactive(anon):    20648 kB
Active(file):     207492 kB
Inactive(file):  1389896 kB
Unevictable:        5692 kB
Mlocked:            5692 kB
SwapTotal:       3145724 kB
SwapFree:        3145724 kB
Dirty:               132 kB
Writeback:             0 kB
AnonPages:       1106388 kB
Mapped:           804692 kB
Shmem:             22736 kB
KReclaimable:     651376 kB
Slab:             202224 kB
SReclaimable:      66792 kB
SUnreclaim:       135432 kB
KernelStack:       41408 kB
PageTables:        55536 kB
NFS_Unstable:          0 kB
Bounce:                0 kB
WritebackTmp:          0 kB
CommitLimit:     9202296 kB
Committed_AS:   56302736 kB
VmallocTotal:   263061440 kB
VmallocUsed:       98324 kB
VmallocChunk:          0 kB
Percpu:             7584 kB
CmaTotal:         294912 kB
CmaFree:               0 kB
MemTotal:       12113144 kB
MemFree:         6999328 kB
MemAvailable:    8379388 kB
Buffers:            5568 kB
Cached:          1619208 kB
SwapCached:            0 kB
Active:          1315188 kB
Inactive:        1410544 kB
Active(anon):    1107696 kB
Inactive(anon):    20648 kB
Active(file):     207492 kB
Inactive(file):  1389896 kB
Unevictable:        5692 kB
Mlocked:            5692 kB
SwapTotal:       3145724 kB
SwapFree:        3145724 kB
Dirty:               132 kB
Writeback:             0 kB
AnonPages:       1106580 kB
Mapped:           804496 kB
Shmem:             22736 kB
KReclaimable:     651376 kB
Slab:             202208 kB
SReclaimable:      66792 kB
SUnreclaim:       135416 kB
KernelStack:       41440 kB
PageTables:        55556 kB
NFS_Unstable:          0 kB
Bounce:                0 kB
WritebackTmp:          0 kB
CommitLimit:     9202296 kB
Committed_AS:   56303008 kB
VmallocTotal:   263061440 kB
VmallocUsed:       98340 kB
VmallocChunk:          0 kB
Percpu:             7584 kB
CmaTotal:         294912 kB
CmaFree:               0 kB
MemTotal:       12113144 kB
MemFree:         6998204 kB
MemAvailable:    8378260 kB
Buffers:            5568 kB
Cached:          1619208 kB
SwapCached:            0 kB
Active:          1315500 kB
Inactive:        1410544 kB
Active(anon):    1108008 kB
Inactive(anon):    20648 kB
Active(file):     207492 kB
Inactive(file):  1389896 kB
Unevictable:        5692 kB
Mlocked:            5692 kB
SwapTotal:       3145724 kB
SwapFree:        3145724 kB
Dirty:               164 kB
Writeback:             0 kB
AnonPages:       1107176 kB
Mapped:           804432 kB
Shmem:             22736 kB
KReclaimable:     651372 kB
Slab:             202220 kB
SReclaimable:      66788 kB
SUnreclaim:       135432 kB
KernelStack:       41408 kB
PageTables:        55532 kB
NFS_Unstable:          0 kB
Bounce:                0 kB
WritebackTmp:          0 kB
CommitLimit:     9202296 kB
Committed_AS:   56302744 kB
VmallocTotal:   263061440 kB
VmallocUsed:       98308 kB
VmallocChunk:          0 kB
Percpu:             7584 kB
CmaTotal:         294912 kB
CmaFree:               0 kB
MemTotal:       12113144 kB
MemFree:         6998320 kB
MemAvailable:    8378376 kB
Buffers:            5568 kB
Cached:          1619208 kB
SwapCached:            0 kB
Active:          1315960 kB
Inactive:        1410544 kB
Active(anon):    1108468 kB
Inactive(anon):    20648 kB
Active(file):     207492 kB
Inactive(file):  1389896 kB
Unevictable:        5692 kB
Mlocked:            5692 kB
SwapTotal:       3145724 kB
SwapFree:        3145724 kB
Dirty:               164 kB
Writeback:             0 kB
AnonPages:       1107464 kB
Mapped:           804432 kB
Shmem:             22736 kB
KReclaimable:     651372 kB
Slab:             202204 kB
SReclaimable:      66788 kB
SUnreclaim:       135416 kB
KernelStack:       41392 kB
PageTables:        55540 kB
NFS_Unstable:          0 kB
Bounce:                0 kB
WritebackTmp:          0 kB
CommitLimit:     9202296 kB
Committed_AS:   56303000 kB
VmallocTotal:   263061440 kB
VmallocUsed:       98308 kB
VmallocChunk:          0 kB
Percpu:             7584 kB
CmaTotal:         294912 kB
CmaFree:               0 kB
MemTotal:       12113144 kB
MemFree:         6997100 kB
MemAvailable:    8377156 kB
Buffers:            5568 kB
Cached:          1619208 kB
SwapCached:            0 kB
Active:          1316448 kB
Inactive:        1410544 kB
Active(anon):    1108956 kB
Inactive(anon):    20648 kB
Active(file):     207492 kB
Inactive(file):  1389896 kB
Unevictable:        5692 kB
Mlocked:            5692 kB
SwapTotal:       3145724 kB
SwapFree:        3145724 kB
Dirty:               184 kB
Writeback:             0 kB
AnonPages:       1108052 kB
Mapped:           804692 kB
Shmem:             22736 kB
KReclaimable:     651372 kB
Slab:             202220 kB
SReclaimable:      66788 kB
SUnreclaim:       135432 kB
KernelStack:       41392 kB
PageTables:        55532 kB
NFS_Unstable:          0 kB
Bounce:                0 kB
WritebackTmp:          0 kB
CommitLimit:     9202296 kB
Committed_AS:   56302612 kB
VmallocTotal:   263061440 kB
VmallocUsed:       98276 kB
VmallocChunk:          0 kB
Percpu:             7584 kB
CmaTotal:         294912 kB
CmaFree:               0 kB
MemTotal:       12113144 kB
MemFree:         6997428 kB
MemAvailable:    8377488 kB
Buffers:            5568 kB
Cached:          1619212 kB
SwapCached:            0 kB
Active:          1316856 kB
Inactive:        1410548 kB
Active(anon):    1109364 kB
Inactive(anon):    20648 kB
Active(file):     207492 kB
Inactive(file):  1389900 kB
Unevictable:        5692 kB
Mlocked:            5692 kB
SwapTotal:       3145724 kB
SwapFree:        3145724 kB
Dirty:               204 kB
Writeback:             0 kB
AnonPages:       1108468 kB
Mapped:           804692 kB
Shmem:             22736 kB
KReclaimable:     651372 kB
Slab:             202212 kB
SReclaimable:      66788 kB
SUnreclaim:       135424 kB
KernelStack:       41392 kB
PageTables:        55540 kB
NFS_Unstable:          0 kB
Bounce:                0 kB
WritebackTmp:          0 kB
CommitLimit:     9202296 kB
Committed_AS:   56302560 kB
VmallocTotal:   263061440 kB
VmallocUsed:       98276 kB
VmallocChunk:          0 kB
Percpu:             7584 kB
CmaTotal:         294912 kB
CmaFree:               0 kB
MemTotal:       12113144 kB
MemFree:         6996476 kB
MemAvailable:    8376536 kB
Buffers:            5568 kB
Cached:          1619212 kB
SwapCached:            0 kB
Active:          1317088 kB
Inactive:        1410548 kB
Active(anon):    1109596 kB
Inactive(anon):    20648 kB
Active(file):     207492 kB
Inactive(file):  1389900 kB
Unevictable:        5692 kB
Mlocked:            5692 kB
SwapTotal:       3145724 kB
SwapFree:        3145724 kB
Dirty:               204 kB
Writeback:             0 kB
AnonPages:       1108620 kB
Mapped:           804432 kB
Shmem:             22736 kB
KReclaimable:     651372 kB
Slab:             202220 kB
SReclaimable:      66788 kB
SUnreclaim:       135432 kB
KernelStack:       41392 kB
PageTables:        55532 kB
NFS_Unstable:          0 kB
Bounce:                0 kB
WritebackTmp:          0 kB
CommitLimit:     9202296 kB
Committed_AS:   56302288 kB
VmallocTotal:   263061440 kB
VmallocUsed:       98292 kB
VmallocChunk:          0 kB
Percpu:             7584 kB
CmaTotal:         294912 kB
CmaFree:               0 kB
MemTotal:       12113144 kB
MemFree:         6996688 kB
MemAvailable:    8376748 kB
Buffers:            5568 kB
Cached:          1619212 kB
SwapCached:            0 kB
Active:          1317440 kB
Inactive:        1410548 kB
Active(anon):    1109948 kB
Inactive(anon):    20648 kB
Active(file):     207492 kB
Inactive(file):  1389900 kB
Unevictable:        5692 kB
Mlocked:            5692 kB
SwapTotal:       3145724 kB
SwapFree:        3145724 kB
Dirty:               204 kB
Writeback:             0 kB
AnonPages:       1108964 kB
Mapped:           804432 kB
Shmem:             22736 kB
KReclaimable:     651372 kB
Slab:             202228 kB
SReclaimable:      66788 kB
SUnreclaim:       135440 kB
KernelStack:       41392 kB
PageTables:        55536 kB
NFS_Unstable:          0 kB
Bounce:                0 kB
WritebackTmp:          0 kB
CommitLimit:     9202296 kB
Committed_AS:   56301892 kB
VmallocTotal:   263061440 kB
VmallocUsed:       98260 kB
VmallocChunk:          0 kB
Percpu:             7584 kB
CmaTotal:         294912 kB
CmaFree:               0 kB
MemTotal:       12113144 kB
MemFree:         6996232 kB
MemAvailable:    8376292 kB
Buffers:            5568 kB
Cached:          1619212 kB
SwapCached:            0 kB
Active:          1317896 kB
Inactive:        1410548 kB
Active(anon):    1110404 kB
Inactive(anon):    20648 kB
Active(file):     207492 kB
Inactive(file):  1389900 kB
Unevictable:        5692 kB
Mlocked:            5692 kB
SwapTotal:       3145724 kB
SwapFree:        3145724 kB
Dirty:               204 kB
Writeback:             0 kB
AnonPages:       1109492 kB
Mapped:           804676 kB
Shmem:             22736 kB
KReclaimable:     651372 kB
Slab:             202212 kB
SReclaimable:      66788 kB
SUnreclaim:       135424 kB
KernelStack:       41424 kB
PageTables:        55592 kB
NFS_Unstable:          0 kB
Bounce:                0 kB
WritebackTmp:          0 kB
CommitLimit:     9202296 kB
Committed_AS:   56301968 kB
VmallocTotal:   263061440 kB
VmallocUsed:       98276 kB
VmallocChunk:          0 kB
Percpu:             7584 kB
CmaTotal:         294912 kB
CmaFree:               0 kB
MemTotal:       12113144 kB
MemFree:         6995692 kB
MemAvailable:    8375752 kB
Buffers:            5568 kB
Cached:          1619216 kB
SwapCached:            0 kB
Active:          1317680 kB
Inactive:        1410552 kB
Active(anon):    1110188 kB
Inactive(anon):    20652 kB
Active(file):     207492 kB
Inactive(file):  1389900 kB
Unevictable:        5692 kB
Mlocked:            5692 kB
SwapTotal:       3145724 kB
SwapFree:        3145724 kB
Dirty:               208 kB
Writeback:             0 kB
AnonPages:       1109200 kB
Mapped:           804476 kB
Shmem:             22740 kB
KReclaimable:     651372 kB
Slab:             202220 kB
SReclaimable:      66788 kB
SUnreclaim:       135432 kB
KernelStack:       41424 kB
PageTables:        55560 kB
NFS_Unstable:          0 kB
Bounce:                0 kB
WritebackTmp:          0 kB
CommitLimit:     9202296 kB
Committed_AS:   56302012 kB
VmallocTotal:   263061440 kB
VmallocUsed:       98276 kB
VmallocChunk:          0 kB
Percpu:             7584 kB
CmaTotal:         294912 kB
CmaFree:               0 kB
MemTotal:       12113144 kB
MemFree:         6995296 kB
MemAvailable:    8375356 kB
Buffers:            5568 kB
Cached:          1619216 kB
SwapCached:            0 kB
Active:          1317980 kB
Inactive:        1410552 kB
Active(anon):    1110488 kB
Inactive(anon):    20652 kB
Active(file):     207492 kB
Inactive(file):  1389900 kB
Unevictable:        5692 kB
Mlocked:            5692 kB
SwapTotal:       3145724 kB
SwapFree:        3145724 kB
Dirty:               208 kB
Writeback:             0 kB
AnonPages:       1109420 kB
Mapped:           804476 kB
Shmem:             22740 kB
KReclaimable:     651372 kB
Slab:             202228 kB
SReclaimable:      66788 kB
SUnreclaim:       135440 kB
KernelStack:       41424 kB
PageTables:        55584 kB
NFS_Unstable:          0 kB
Bounce:                0 kB
WritebackTmp:          0 kB
CommitLimit:     9202296 kB
Committed_AS:   56301784 kB
VmallocTotal:   263061440 kB
VmallocUsed:       98276 kB
VmallocChunk:          0 kB
Percpu:             7584 kB
CmaTotal:         294912 kB
CmaFree:               0 kB
MemTotal:       12113144 kB
MemFree:         6995340 kB
MemAvailable:    8375416 kB
Buffers:            5572 kB
Cached:          1619228 kB
SwapCached:            0 kB
Active:          1318464 kB
Inactive:        1410564 kB
Active(anon):    1110968 kB
Inactive(anon):    20652 kB
Active(file):     207496 kB
Inactive(file):  1389912 kB
Unevictable:        5692 kB
Mlocked:            5692 kB
SwapTotal:       3145724 kB
SwapFree:        3145724 kB
Dirty:               196 kB
Writeback:             0 kB
AnonPages:       1110012 kB
Mapped:           804680 kB
Shmem:             22740 kB
KReclaimable:     651372 kB
Slab:             202228 kB
SReclaimable:      66788 kB
SUnreclaim:       135440 kB
KernelStack:       41392 kB
PageTables:        55460 kB
NFS_Unstable:          0 kB
Bounce:                0 kB
WritebackTmp:          0 kB
CommitLimit:     9202296 kB
Committed_AS:   56303464 kB
VmallocTotal:   263061440 kB
VmallocUsed:       98260 kB
VmallocChunk:          0 kB
Percpu:             7584 kB
CmaTotal:         294912 kB
CmaFree:               0 kB
MemTotal:       12113144 kB
MemFree:         6994772 kB
MemAvailable:    8374880 kB
Buffers:            5572 kB
Cached:          1619228 kB
SwapCached:            0 kB
Active:          1318940 kB
Inactive:        1410564 kB
Active(anon):    1111444 kB
Inactive(anon):    20652 kB
Active(file):     207496 kB
Inactive(file):  1389912 kB
Unevictable:        5692 kB
Mlocked:            5692 kB
SwapTotal:       3145724 kB
SwapFree:        3145724 kB
Dirty:               228 kB
Writeback:             0 kB
AnonPages:       1110504 kB
Mapped:           804436 kB
Shmem:             22740 kB
KReclaimable:     651372 kB
Slab:             202220 kB
SReclaimable:      66788 kB
SUnreclaim:       135432 kB
KernelStack:       41392 kB
PageTables:        55532 kB
NFS_Unstable:          0 kB
Bounce:                0 kB
WritebackTmp:          0 kB
CommitLimit:     9202296 kB
Committed_AS:   56303236 kB
VmallocTotal:   263061440 kB
VmallocUsed:       98260 kB
VmallocChunk:          0 kB
Percpu:             7584 kB
CmaTotal:         294912 kB
CmaFree:               0 kB
MemTotal:       12113144 kB
MemFree:         6993456 kB
MemAvailable:    8373532 kB
Buffers:            5572 kB
Cached:          1619228 kB
SwapCached:            0 kB
Active:          1320144 kB
Inactive:        1410564 kB
Active(anon):    1112648 kB
Inactive(anon):    20652 kB
Active(file):     207496 kB
Inactive(file):  1389912 kB
Unevictable:        5692 kB
Mlocked:            5692 kB
SwapTotal:       3145724 kB
SwapFree:        3145724 kB
Dirty:               236 kB
Writeback:             0 kB
AnonPages:       1111584 kB
Mapped:           804436 kB
Shmem:             22740 kB
KReclaimable:     651372 kB
Slab:             202236 kB
SReclaimable:      66788 kB
SUnreclaim:       135448 kB
KernelStack:       41392 kB
PageTables:        55532 kB
NFS_Unstable:          0 kB
Bounce:                0 kB
WritebackTmp:          0 kB
CommitLimit:     9202296 kB
Committed_AS:   56303052 kB
VmallocTotal:   263061440 kB
VmallocUsed:       98260 kB
VmallocChunk:          0 kB
Percpu:             7584 kB
CmaTotal:         294912 kB
CmaFree:               0 kB
MemTotal:       12113144 kB
MemFree:         6993428 kB
MemAvailable:    8373504 kB
Buffers:            5572 kB
Cached:          1619228 kB
SwapCached:            0 kB
Active:          1320536 kB
Inactive:        1410564 kB
Active(anon):    1113040 kB
Inactive(anon):    20652 kB
Active(file):     207496 kB
Inactive(file):  1389912 kB
Unevictable:        5692 kB
Mlocked:            5692 kB
SwapTotal:       3145724 kB
SwapFree:        3145724 kB
Dirty:               244 kB
Writeback:             0 kB
AnonPages:       1112144 kB
Mapped:           804704 kB
Shmem:             22740 kB
KReclaimable:     651372 kB
Slab:             202220 kB
SReclaimable:      66788 kB
SUnreclaim:       135432 kB
KernelStack:       41392 kB
PageTables:        55532 kB
NFS_Unstable:          0 kB
Bounce:                0 kB
WritebackTmp:          0 kB
CommitLimit:     9202296 kB
Committed_AS:   56302512 kB
VmallocTotal:   263061440 kB
VmallocUsed:       98292 kB
VmallocChunk:          0 kB
Percpu:             7584 kB
CmaTotal:         294912 kB
CmaFree:               0 kB
MemTotal:       12113144 kB
MemFree:         7002472 kB
MemAvailable:    8382548 kB
Buffers:            5572 kB
Cached:          1619228 kB
SwapCached:            0 kB
Active:          1311360 kB
Inactive:        1410564 kB
Active(anon):    1103864 kB
Inactive(anon):    20652 kB
Active(file):     207496 kB
Inactive(file):  1389912 kB
Unevictable:        5692 kB
Mlocked:            5692 kB
SwapTotal:       3145724 kB
SwapFree:        3145724 kB
Dirty:               260 kB
Writeback:             0 kB
AnonPages:       1102964 kB
Mapped:           804704 kB
Shmem:             22740 kB
KReclaimable:     651372 kB
Slab:             202228 kB
SReclaimable:      66788 kB
SUnreclaim:       135440 kB
KernelStack:       41392 kB
PageTables:        55532 kB
NFS_Unstable:          0 kB
Bounce:                0 kB
WritebackTmp:          0 kB
CommitLimit:     9202296 kB
Committed_AS:   56302828 kB
VmallocTotal:   263061440 kB
VmallocUsed:       98276 kB
VmallocChunk:          0 kB
Percpu:             7584 kB
CmaTotal:         294912 kB
CmaFree:               0 kB
MemTotal:       12113144 kB
MemFree:         7002132 kB
MemAvailable:    8382216 kB
Buffers:            5572 kB
Cached:          1619236 kB
SwapCached:            0 kB
Active:          1311828 kB
Inactive:        1410572 kB
Active(anon):    1104332 kB
Inactive(anon):    20652 kB
Active(file):     207496 kB
Inactive(file):  1389920 kB
Unevictable:        5692 kB
Mlocked:            5692 kB
SwapTotal:       3145724 kB
SwapFree:        3145724 kB
Dirty:               140 kB
Writeback:             0 kB
AnonPages:       1103336 kB
Mapped:           804444 kB
Shmem:             22740 kB
KReclaimable:     651372 kB
Slab:             202220 kB
SReclaimable:      66788 kB
SUnreclaim:       135432 kB
KernelStack:       41392 kB
PageTables:        55532 kB
NFS_Unstable:          0 kB
Bounce:                0 kB
WritebackTmp:          0 kB
CommitLimit:     9202296 kB
Committed_AS:   56302828 kB
VmallocTotal:   263061440 kB
VmallocUsed:       98276 kB
VmallocChunk:          0 kB
Percpu:             7584 kB
CmaTotal:         294912 kB
CmaFree:               0 kB
MemTotal:       12113144 kB
MemFree:         7001500 kB
MemAvailable:    8381584 kB
Buffers:            5572 kB
Cached:          1619236 kB
SwapCached:            0 kB
Active:          1312304 kB
Inactive:        1410572 kB
Active(anon):    1104808 kB
Inactive(anon):    20652 kB
Active(file):     207496 kB
Inactive(file):  1389920 kB
Unevictable:        5692 kB
Mlocked:            5692 kB
SwapTotal:       3145724 kB
SwapFree:        3145724 kB
Dirty:               140 kB
Writeback:             0 kB
AnonPages:       1103892 kB
Mapped:           804704 kB
Shmem:             22740 kB
KReclaimable:     651372 kB
Slab:             202236 kB
SReclaimable:      66788 kB
SUnreclaim:       135448 kB
KernelStack:       41392 kB
PageTables:        55536 kB
NFS_Unstable:          0 kB
Bounce:                0 kB
WritebackTmp:          0 kB
CommitLimit:     9202296 kB
Committed_AS:   56297308 kB
VmallocTotal:   263061440 kB
VmallocUsed:       98260 kB
VmallocChunk:          0 kB
Percpu:             7584 kB
CmaTotal:         294912 kB
CmaFree:               0 kB
MemTotal:       12113144 kB
MemFree:         7001396 kB
MemAvailable:    8381480 kB
Buffers:            5572 kB
Cached:          1619236 kB
SwapCached:            0 kB
Active:          1312668 kB
Inactive:        1410572 kB
Active(anon):    1105172 kB
Inactive(anon):    20652 kB
Active(file):     207496 kB
Inactive(file):  1389920 kB
Unevictable:        5692 kB
Mlocked:            5692 kB
SwapTotal:       3145724 kB
SwapFree:        3145724 kB
Dirty:               140 kB
Writeback:             0 kB
AnonPages:       1104140 kB
Mapped:           804480 kB
Shmem:             22740 kB
KReclaimable:     651372 kB
Slab:             202204 kB
SReclaimable:      66788 kB
SUnreclaim:       135416 kB
KernelStack:       41424 kB
PageTables:        55560 kB
NFS_Unstable:          0 kB
Bounce:                0 kB
WritebackTmp:          0 kB
CommitLimit:     9202296 kB
Committed_AS:   56302476 kB
VmallocTotal:   263061440 kB
VmallocUsed:       98260 kB
VmallocChunk:          0 kB
Percpu:             7584 kB
CmaTotal:         294912 kB
CmaFree:               0 kB
MemTotal:       12113144 kB
MemFree:         7000340 kB
MemAvailable:    8380432 kB
Buffers:            5572 kB
Cached:          1619244 kB
SwapCached:            0 kB
Active:          1313276 kB
Inactive:        1410580 kB
Active(anon):    1105780 kB
Inactive(anon):    20652 kB
Active(file):     207496 kB
Inactive(file):  1389928 kB
Unevictable:        5692 kB
Mlocked:            5692 kB
SwapTotal:       3145724 kB
SwapFree:        3145724 kB
Dirty:               192 kB
Writeback:             0 kB
AnonPages:       1104792 kB
Mapped:           804484 kB
Shmem:             22740 kB
KReclaimable:     651372 kB
Slab:             202228 kB
SReclaimable:      66788 kB
SUnreclaim:       135440 kB
KernelStack:       41424 kB
PageTables:        55560 kB
NFS_Unstable:          0 kB
Bounce:                0 kB
WritebackTmp:          0 kB
CommitLimit:     9202296 kB
Committed_AS:   56302748 kB
VmallocTotal:   263061440 kB
VmallocUsed:       98292 kB
VmallocChunk:          0 kB
Percpu:             7584 kB
CmaTotal:         294912 kB
CmaFree:               0 kB
MemTotal:       12113144 kB
MemFree:         6998852 kB
MemAvailable:    8378944 kB
Buffers:            5572 kB
Cached:          1619244 kB
SwapCached:            0 kB
Active:          1314072 kB
Inactive:        1410580 kB
Active(anon):    1106576 kB
Inactive(anon):    20652 kB
Active(file):     207496 kB
Inactive(file):  1389928 kB
Unevictable:        5692 kB
Mlocked:            5692 kB
SwapTotal:       3145724 kB
SwapFree:        3145724 kB
Dirty:               192 kB
Writeback:             0 kB
AnonPages:       1105624 kB
Mapped:           804704 kB
Shmem:             22740 kB
KReclaimable:     651372 kB
Slab:             202228 kB
SReclaimable:      66788 kB
SUnreclaim:       135440 kB
KernelStack:       41408 kB
PageTables:        55536 kB
NFS_Unstable:          0 kB
Bounce:                0 kB
WritebackTmp:          0 kB
CommitLimit:     9202296 kB
Committed_AS:   56308896 kB
VmallocTotal:   263061440 kB
VmallocUsed:       98292 kB
VmallocChunk:          0 kB
Percpu:             7584 kB
CmaTotal:         294912 kB
CmaFree:               0 kB
MemTotal:       12113144 kB
MemFree:         6998216 kB
MemAvailable:    8378308 kB
Buffers:            5572 kB
Cached:          1619244 kB
SwapCached:            0 kB
Active:          1314028 kB
Inactive:        1410580 kB
Active(anon):    1106532 kB
Inactive(anon):    20652 kB
Active(file):     207496 kB
Inactive(file):  1389928 kB
Unevictable:        5692 kB
Mlocked:            5692 kB
SwapTotal:       3145724 kB
SwapFree:        3145724 kB
Dirty:               248 kB
Writeback:             0 kB
AnonPages:       1105508 kB
Mapped:           804444 kB
Shmem:             22740 kB
KReclaimable:     651372 kB
Slab:             202228 kB
SReclaimable:      66788 kB
SUnreclaim:       135440 kB
KernelStack:       41376 kB
PageTables:        55536 kB
NFS_Unstable:          0 kB
Bounce:                0 kB
WritebackTmp:          0 kB
CommitLimit:     9202296 kB
Committed_AS:   56303448 kB
VmallocTotal:   263061440 kB
VmallocUsed:       98276 kB
VmallocChunk:          0 kB
Percpu:             7584 kB
CmaTotal:         294912 kB
CmaFree:               0 kB
MemTotal:       12113144 kB
MemFree:         6998264 kB
MemAvailable:    8378356 kB
Buffers:            5572 kB
Cached:          1619244 kB
SwapCached:            0 kB
Active:          1314288 kB
Inactive:        1410580 kB
Active(anon):    1106792 kB
Inactive(anon):    20652 kB
Active(file):     207496 kB
Inactive(file):  1389928 kB
Unevictable:        5692 kB
Mlocked:            5692 kB
SwapTotal:       3145724 kB
SwapFree:        3145724 kB
Dirty:               248 kB
Writeback:             0 kB
AnonPages:       1105836 kB
Mapped:           804704 kB
Shmem:             22740 kB
KReclaimable:     651372 kB
Slab:             202220 kB
SReclaimable:      66788 kB
SUnreclaim:       135432 kB
KernelStack:       41376 kB
PageTables:        55540 kB
NFS_Unstable:          0 kB
Bounce:                0 kB
WritebackTmp:          0 kB
CommitLimit:     9202296 kB
Committed_AS:   56298008 kB
VmallocTotal:   263061440 kB
VmallocUsed:       98260 kB
VmallocChunk:          0 kB
Percpu:             7584 kB
CmaTotal:         294912 kB
CmaFree:               0 kB
MemTotal:       12113144 kB
MemFree:         6998380 kB
MemAvailable:    8378472 kB
Buffers:            5572 kB
Cached:          1619244 kB
SwapCached:            0 kB
Active:          1315068 kB
Inactive:        1410580 kB
Active(anon):    1107572 kB
Inactive(anon):    20652 kB
Active(file):     207496 kB
Inactive(file):  1389928 kB
Unevictable:        5692 kB
Mlocked:            5692 kB
SwapTotal:       3145724 kB
SwapFree:        3145724 kB
Dirty:               248 kB
Writeback:             0 kB
AnonPages:       1106604 kB
Mapped:           804508 kB
Shmem:             22740 kB
KReclaimable:     651372 kB
Slab:             202228 kB
SReclaimable:      66788 kB
SUnreclaim:       135440 kB
KernelStack:       41408 kB
PageTables:        55556 kB
NFS_Unstable:          0 kB
Bounce:                0 kB
WritebackTmp:          0 kB
CommitLimit:     9202296 kB
Committed_AS:   56297972 kB
VmallocTotal:   263061440 kB
VmallocUsed:       98260 kB
VmallocChunk:          0 kB
Percpu:             7584 kB
CmaTotal:         294912 kB
CmaFree:               0 kB
MemTotal:       12113144 kB
MemFree:         6997820 kB
MemAvailable:    8377912 kB
Buffers:            5572 kB
Cached:          1619244 kB
SwapCached:            0 kB
Active:          1315404 kB
Inactive:        1410580 kB
Active(anon):    1107908 kB
Inactive(anon):    20652 kB
Active(file):     207496 kB
Inactive(file):  1389928 kB
Unevictable:        5692 kB
Mlocked:            5692 kB
SwapTotal:       3145724 kB
SwapFree:        3145724 kB
Dirty:               248 kB
Writeback:             0 kB
AnonPages:       1106984 kB
Mapped:           804704 kB
Shmem:             22740 kB
KReclaimable:     651372 kB
Slab:             202228 kB
SReclaimable:      66788 kB
SUnreclaim:       135440 kB
KernelStack:       41392 kB
PageTables:        55660 kB
NFS_Unstable:          0 kB
Bounce:                0 kB
WritebackTmp:          0 kB
CommitLimit:     9202296 kB
Committed_AS:   56297736 kB
VmallocTotal:   263061440 kB
VmallocUsed:       98276 kB
VmallocChunk:          0 kB
Percpu:             7584 kB
CmaTotal:         294912 kB
CmaFree:               0 kB
MemTotal:       12113144 kB
MemFree:         6998292 kB
MemAvailable:    8378396 kB
Buffers:            5576 kB
Cached:          1619252 kB
SwapCached:            0 kB
Active:          1315820 kB
Inactive:        1410588 kB
Active(anon):    1108320 kB
Inactive(anon):    20652 kB
Active(file):     207500 kB
Inactive(file):  1389936 kB
Unevictable:        5692 kB
Mlocked:            5692 kB
SwapTotal:       3145724 kB
SwapFree:        3145724 kB
Dirty:               236 kB
Writeback:             0 kB
AnonPages:       1107480 kB
Mapped:           804704 kB
Shmem:             22740 kB
KReclaimable:     651372 kB
Slab:             202220 kB
SReclaimable:      66788 kB
SUnreclaim:       135432 kB
KernelStack:       41376 kB
PageTables:        55532 kB
NFS_Unstable:          0 kB
Bounce:                0 kB
WritebackTmp:          0 kB
CommitLimit:     9202296 kB
Committed_AS:   56297640 kB
VmallocTotal:   263061440 kB
VmallocUsed:       98276 kB
VmallocChunk:          0 kB
Percpu:             7584 kB
CmaTotal:         294912 kB
CmaFree:               0 kB
MemTotal:       12113144 kB
MemFree:         6997884 kB
MemAvailable:    8377988 kB
Buffers:            5576 kB
Cached:          1619252 kB
SwapCached:            0 kB
Active:          1316200 kB
Inactive:        1410588 kB
Active(anon):    1108700 kB
Inactive(anon):    20652 kB
Active(file):     207500 kB
Inactive(file):  1389936 kB
Unevictable:        5692 kB
Mlocked:            5692 kB
SwapTotal:       3145724 kB
SwapFree:        3145724 kB
Dirty:               236 kB
Writeback:             0 kB
AnonPages:       1107724 kB
Mapped:           804444 kB
Shmem:             22740 kB
KReclaimable:     651372 kB
Slab:             202228 kB
SReclaimable:      66788 kB
SUnreclaim:       135440 kB
KernelStack:       41376 kB
PageTables:        55532 kB
NFS_Unstable:          0 kB
Bounce:                0 kB
WritebackTmp:          0 kB
CommitLimit:     9202296 kB
Committed_AS:   56297692 kB
VmallocTotal:   263061440 kB
VmallocUsed:       98260 kB
VmallocChunk:          0 kB
Percpu:             7584 kB
CmaTotal:         294912 kB
CmaFree:               0 kB
MemTotal:       12113144 kB
MemFree:         6996888 kB
MemAvailable:    8376992 kB
Buffers:            5576 kB
Cached:          1619252 kB
SwapCached:            0 kB
Active:          1316556 kB
Inactive:        1410588 kB
Active(anon):    1109056 kB
Inactive(anon):    20652 kB
Active(file):     207500 kB
Inactive(file):  1389936 kB
Unevictable:        5692 kB
Mlocked:            5692 kB
SwapTotal:       3145724 kB
SwapFree:        3145724 kB
Dirty:               236 kB
Writeback:             0 kB
AnonPages:       1108212 kB
Mapped:           804704 kB
Shmem:             22740 kB
KReclaimable:     651372 kB
Slab:             202236 kB
SReclaimable:      66788 kB
SUnreclaim:       135448 kB
KernelStack:       41376 kB
PageTables:        55532 kB
NFS_Unstable:          0 kB
Bounce:                0 kB
WritebackTmp:          0 kB
CommitLimit:     9202296 kB
Committed_AS:   56297660 kB
VmallocTotal:   263061440 kB
VmallocUsed:       98228 kB
VmallocChunk:          0 kB
Percpu:             7584 kB
CmaTotal:         294912 kB
CmaFree:               0 kB
MemTotal:       12113144 kB
MemFree:         6998220 kB
MemAvailable:    8378324 kB
Buffers:            5576 kB
Cached:          1619252 kB
SwapCached:            0 kB
Active:          1316736 kB
Inactive:        1410588 kB
Active(anon):    1109236 kB
Inactive(anon):    20652 kB
Active(file):     207500 kB
Inactive(file):  1389936 kB
Unevictable:        5692 kB
Mlocked:            5692 kB
SwapTotal:       3145724 kB
SwapFree:        3145724 kB
Dirty:               236 kB
Writeback:             0 kB
AnonPages:       1108240 kB
Mapped:           804444 kB
Shmem:             22740 kB
KReclaimable:     651372 kB
Slab:             202228 kB
SReclaimable:      66788 kB
SUnreclaim:       135440 kB
KernelStack:       41376 kB
PageTables:        55536 kB
NFS_Unstable:          0 kB
Bounce:                0 kB
WritebackTmp:          0 kB
CommitLimit:     9202296 kB
Committed_AS:   56297572 kB
VmallocTotal:   263061440 kB
VmallocUsed:       98260 kB
VmallocChunk:          0 kB
Percpu:             7584 kB
CmaTotal:         294912 kB
CmaFree:               0 kB
MemTotal:       12113144 kB
MemFree:         6997720 kB
MemAvailable:    8377824 kB
Buffers:            5576 kB
Cached:          1619252 kB
SwapCached:            0 kB
Active:          1317220 kB
Inactive:        1410588 kB
Active(anon):    1109720 kB
Inactive(anon):    20652 kB
Active(file):     207500 kB
Inactive(file):  1389936 kB
Unevictable:        5692 kB
Mlocked:            5692 kB
SwapTotal:       3145724 kB
SwapFree:        3145724 kB
Dirty:               236 kB
Writeback:             0 kB
AnonPages:       1108768 kB
Mapped:           804704 kB
Shmem:             22740 kB
KReclaimable:     651372 kB
Slab:             202228 kB
SReclaimable:      66788 kB
SUnreclaim:       135440 kB
KernelStack:       41376 kB
PageTables:        55536 kB
NFS_Unstable:          0 kB
Bounce:                0 kB
WritebackTmp:          0 kB
CommitLimit:     9202296 kB
Committed_AS:   56297748 kB
VmallocTotal:   263061440 kB
VmallocUsed:       98244 kB
VmallocChunk:          0 kB
Percpu:             7584 kB
CmaTotal:         294912 kB
CmaFree:               0 kB
MemTotal:       12113144 kB
MemFree:         6996960 kB
MemAvailable:    8377064 kB
Buffers:            5576 kB
Cached:          1619252 kB
SwapCached:            0 kB
Active:          1317556 kB
Inactive:        1410588 kB
Active(anon):    1110056 kB
Inactive(anon):    20652 kB
Active(file):     207500 kB
Inactive(file):  1389936 kB
Unevictable:        5692 kB
Mlocked:            5692 kB
SwapTotal:       3145724 kB
SwapFree:        3145724 kB
Dirty:               236 kB
Writeback:             0 kB
AnonPages:       1109100 kB
Mapped:           804704 kB
Shmem:             22740 kB
KReclaimable:     651372 kB
Slab:             202228 kB
SReclaimable:      66788 kB
SUnreclaim:       135440 kB
KernelStack:       41376 kB
PageTables:        55540 kB
NFS_Unstable:          0 kB
Bounce:                0 kB
WritebackTmp:          0 kB
CommitLimit:     9202296 kB
Committed_AS:   56297924 kB
VmallocTotal:   263061440 kB
VmallocUsed:       98276 kB
VmallocChunk:          0 kB
Percpu:             7584 kB
CmaTotal:         294912 kB
CmaFree:               0 kB
MemTotal:       12113144 kB
MemFree:         6995612 kB
MemAvailable:    8375716 kB
Buffers:            5576 kB
Cached:          1619252 kB
SwapCached:            0 kB
Active:          1317860 kB
Inactive:        1410588 kB
Active(anon):    1110360 kB
Inactive(anon):    20652 kB
Active(file):     207500 kB
Inactive(file):  1389936 kB
Unevictable:        5692 kB
Mlocked:            5692 kB
SwapTotal:       3145724 kB
SwapFree:        3145724 kB
Dirty:               236 kB
Writeback:             0 kB
AnonPages:       1109236 kB
Mapped:           804688 kB
Shmem:             22740 kB
KReclaimable:     651372 kB
Slab:             202220 kB
SReclaimable:      66788 kB
SUnreclaim:       135432 kB
KernelStack:       41408 kB
PageTables:        55592 kB
NFS_Unstable:          0 kB
Bounce:                0 kB
WritebackTmp:          0 kB
CommitLimit:     9202296 kB
Committed_AS:   56300968 kB
VmallocTotal:   263061440 kB
VmallocUsed:       98308 kB
VmallocChunk:          0 kB
Percpu:             7584 kB
CmaTotal:         294912 kB
CmaFree:               0 kB
MemTotal:       12113144 kB
MemFree:         6995108 kB
MemAvailable:    8375212 kB
Buffers:            5576 kB
Cached:          1619252 kB
SwapCached:            0 kB
Active:          1318208 kB
Inactive:        1410588 kB
Active(anon):    1110708 kB
Inactive(anon):    20652 kB
Active(file):     207500 kB
Inactive(file):  1389936 kB
Unevictable:        5692 kB
Mlocked:            5692 kB
SwapTotal:       3145724 kB
SwapFree:        3145724 kB
Dirty:               236 kB
Writeback:             0 kB
AnonPages:       1109764 kB
Mapped:           804704 kB
Shmem:             22740 kB
KReclaimable:     651372 kB
Slab:             202220 kB
SReclaimable:      66788 kB
SUnreclaim:       135432 kB
KernelStack:       41376 kB
PageTables:        55532 kB
NFS_Unstable:          0 kB
Bounce:                0 kB
WritebackTmp:          0 kB
CommitLimit:     9202296 kB
Committed_AS:   56300792 kB
VmallocTotal:   263061440 kB
VmallocUsed:       98324 kB
VmallocChunk:          0 kB
Percpu:             7584 kB
CmaTotal:         294912 kB
CmaFree:               0 kB
MemTotal:       12113144 kB
MemFree:         6995032 kB
MemAvailable:    8375136 kB
Buffers:            5576 kB
Cached:          1619252 kB
SwapCached:            0 kB
Active:          1318316 kB
Inactive:        1410588 kB
Active(anon):    1110816 kB
Inactive(anon):    20652 kB
Active(file):     207500 kB
Inactive(file):  1389936 kB
Unevictable:        5692 kB
Mlocked:            5692 kB
SwapTotal:       3145724 kB
SwapFree:        3145724 kB
Dirty:               236 kB
Writeback:             0 kB
AnonPages:       1109872 kB
Mapped:           804444 kB
Shmem:             22740 kB
KReclaimable:     651372 kB
Slab:             202236 kB
SReclaimable:      66788 kB
SUnreclaim:       135448 kB
KernelStack:       41376 kB
PageTables:        55536 kB
NFS_Unstable:          0 kB
Bounce:                0 kB
WritebackTmp:          0 kB
CommitLimit:     9202296 kB
Committed_AS:   56301560 kB
VmallocTotal:   263061440 kB
VmallocUsed:       98292 kB
VmallocChunk:          0 kB
Percpu:             7584 kB
CmaTotal:         294912 kB
CmaFree:               0 kB
MemTotal:       12113144 kB
MemFree:         6994320 kB
MemAvailable:    8374436 kB
Buffers:            5576 kB
Cached:          1619264 kB
SwapCached:            0 kB
Active:          1318764 kB
Inactive:        1410600 kB
Active(anon):    1111264 kB
Inactive(anon):    20652 kB
Active(file):     207500 kB
Inactive(file):  1389948 kB
Unevictable:        5692 kB
Mlocked:            5692 kB
SwapTotal:       3145724 kB
SwapFree:        3145724 kB
Dirty:               260 kB
Writeback:             0 kB
AnonPages:       1110240 kB
Mapped:           804704 kB
Shmem:             22740 kB
KReclaimable:     651372 kB
Slab:             202220 kB
SReclaimable:      66788 kB
SUnreclaim:       135432 kB
KernelStack:       41376 kB
PageTables:        55536 kB
NFS_Unstable:          0 kB
Bounce:                0 kB
WritebackTmp:          0 kB
CommitLimit:     9202296 kB
Committed_AS:   56302872 kB
VmallocTotal:   263061440 kB
VmallocUsed:       98324 kB
VmallocChunk:          0 kB
Percpu:             7584 kB
CmaTotal:         294912 kB
CmaFree:               0 kB
MemTotal:       12113144 kB
MemFree:         6994768 kB
MemAvailable:    8374884 kB
Buffers:            5576 kB
Cached:          1619264 kB
SwapCached:            0 kB
Active:          1319108 kB
Inactive:        1410600 kB
Active(anon):    1111608 kB
Inactive(anon):    20652 kB
Active(file):     207500 kB
Inactive(file):  1389948 kB
Unevictable:        5692 kB
Mlocked:            5692 kB
SwapTotal:       3145724 kB
SwapFree:        3145724 kB
Dirty:               260 kB
Writeback:             0 kB
AnonPages:       1110700 kB
Mapped:           804444 kB
Shmem:             22740 kB
KReclaimable:     651372 kB
Slab:             202220 kB
SReclaimable:      66788 kB
SUnreclaim:       135432 kB
KernelStack:       41392 kB
PageTables:        55532 kB
NFS_Unstable:          0 kB
Bounce:                0 kB
WritebackTmp:          0 kB
CommitLimit:     9202296 kB
Committed_AS:   56302696 kB
VmallocTotal:   263061440 kB
VmallocUsed:       98292 kB
VmallocChunk:          0 kB
Percpu:             7584 kB
CmaTotal:         294912 kB
CmaFree:               0 kB
MemTotal:       12113144 kB
MemFree:         6995108 kB
MemAvailable:    8375224 kB
Buffers:            5576 kB
Cached:          1619264 kB
SwapCached:            0 kB
Active:          1318540 kB
Inactive:        1410600 kB
Active(anon):    1111040 kB
Inactive(anon):    20652 kB
Active(file):     207500 kB
Inactive(file):  1389948 kB
Unevictable:        5692 kB
Mlocked:            5692 kB
SwapTotal:       3145724 kB
SwapFree:        3145724 kB
Dirty:               260 kB
Writeback:             0 kB
AnonPages:       1110044 kB
Mapped:           804704 kB
Shmem:             22740 kB
KReclaimable:     651372 kB
Slab:             202220 kB
SReclaimable:      66788 kB
SUnreclaim:       135432 kB
KernelStack:       41392 kB
PageTables:        55532 kB
NFS_Unstable:          0 kB
Bounce:                0 kB
WritebackTmp:          0 kB
CommitLimit:     9202296 kB
Committed_AS:   56302792 kB
VmallocTotal:   263061440 kB
VmallocUsed:       98308 kB
VmallocChunk:          0 kB
Percpu:             7584 kB
CmaTotal:         294912 kB
CmaFree:               0 kB
MemTotal:       12113144 kB
MemFree:         6994920 kB
MemAvailable:    8375036 kB
Buffers:            5576 kB
Cached:          1619264 kB
SwapCached:            0 kB
Active:          1318936 kB
Inactive:        1410600 kB
Active(anon):    1111436 kB
Inactive(anon):    20652 kB
Active(file):     207500 kB
Inactive(file):  1389948 kB
Unevictable:        5692 kB
Mlocked:            5692 kB
SwapTotal:       3145724 kB
SwapFree:        3145724 kB
Dirty:               260 kB
Writeback:             0 kB
AnonPages:       1110536 kB
Mapped:           804704 kB
Shmem:             22740 kB
KReclaimable:     651372 kB
Slab:             202220 kB
SReclaimable:      66788 kB
SUnreclaim:       135432 kB
KernelStack:       41392 kB
PageTables:        55532 kB
NFS_Unstable:          0 kB
Bounce:                0 kB
WritebackTmp:          0 kB
CommitLimit:     9202296 kB
Committed_AS:   56302844 kB
VmallocTotal:   263061440 kB
VmallocUsed:       98308 kB
VmallocChunk:          0 kB
Percpu:             7584 kB
CmaTotal:         294912 kB
CmaFree:               0 kB
MemTotal:       12113144 kB
MemFree:         6994768 kB
MemAvailable:    8374884 kB
Buffers:            5576 kB
Cached:          1619264 kB
SwapCached:            0 kB
Active:          1318476 kB
Inactive:        1410600 kB
Active(anon):    1110976 kB
Inactive(anon):    20652 kB
Active(file):     207500 kB
Inactive(file):  1389948 kB
Unevictable:        5692 kB
Mlocked:            5692 kB
SwapTotal:       3145724 kB
SwapFree:        3145724 kB
Dirty:               260 kB
Writeback:             0 kB
AnonPages:       1110080 kB
Mapped:           804704 kB
Shmem:             22740 kB
KReclaimable:     651372 kB
Slab:             202212 kB
SReclaimable:      66788 kB
SUnreclaim:       135424 kB
KernelStack:       41392 kB
PageTables:        55540 kB
NFS_Unstable:          0 kB
Bounce:                0 kB
WritebackTmp:          0 kB
CommitLimit:     9202296 kB
Committed_AS:   56302792 kB
VmallocTotal:   263061440 kB
VmallocUsed:       98292 kB
VmallocChunk:          0 kB
Percpu:             7584 kB
CmaTotal:         294912 kB
CmaFree:               0 kB
MemTotal:       12113144 kB
MemFree:         6994472 kB
MemAvailable:    8374588 kB
Buffers:            5576 kB
Cached:          1619264 kB
SwapCached:            0 kB
Active:          1318648 kB
Inactive:        1410600 kB
Active(anon):    1111148 kB
Inactive(anon):    20652 kB
Active(file):     207500 kB
Inactive(file):  1389948 kB
Unevictable:        5692 kB
Mlocked:            5692 kB
SwapTotal:       3145724 kB
SwapFree:        3145724 kB
Dirty:               260 kB
Writeback:             0 kB
AnonPages:       1110092 kB
Mapped:           804704 kB
Shmem:             22740 kB
KReclaimable:     651372 kB
Slab:             202228 kB
SReclaimable:      66788 kB
SUnreclaim:       135440 kB
KernelStack:       41392 kB
PageTables:        55532 kB
NFS_Unstable:          0 kB
Bounce:                0 kB
WritebackTmp:          0 kB
CommitLimit:     9202296 kB
Committed_AS:   56302616 kB
VmallocTotal:   263061440 kB
VmallocUsed:       98276 kB
VmallocChunk:          0 kB
Percpu:             7584 kB
CmaTotal:         294912 kB
CmaFree:               0 kB
MemTotal:       12113144 kB
MemFree:         6994488 kB
MemAvailable:    8374628 kB
Buffers:            5584 kB
Cached:          1619280 kB
SwapCached:            0 kB
Active:          1319148 kB
Inactive:        1410612 kB
Active(anon):    1111636 kB
Inactive(anon):    20652 kB
Active(file):     207512 kB
Inactive(file):  1389960 kB
Unevictable:        5692 kB
Mlocked:            5692 kB
SwapTotal:       3145724 kB
SwapFree:        3145724 kB
Dirty:               240 kB
Writeback:             0 kB
AnonPages:       1110668 kB
Mapped:           804704 kB
Shmem:             22740 kB
KReclaimable:     651372 kB
Slab:             202228 kB
SReclaimable:      66788 kB
SUnreclaim:       135440 kB
KernelStack:       41392 kB
PageTables:        55536 kB
NFS_Unstable:          0 kB
Bounce:                0 kB
WritebackTmp:          0 kB
CommitLimit:     9202296 kB
Committed_AS:   56302352 kB
VmallocTotal:   263061440 kB
VmallocUsed:       98292 kB
VmallocChunk:          0 kB
Percpu:             7584 kB
CmaTotal:         294912 kB
CmaFree:               0 kB
MemTotal:       12113144 kB
MemFree:         6993116 kB
MemAvailable:    8373256 kB
Buffers:            5584 kB
Cached:          1619280 kB
SwapCached:            0 kB
Active:          1319400 kB
Inactive:        1410612 kB
Active(anon):    1111888 kB
Inactive(anon):    20652 kB
Active(file):     207512 kB
Inactive(file):  1389960 kB
Unevictable:        5692 kB
Mlocked:            5692 kB
SwapTotal:       3145724 kB
SwapFree:        3145724 kB
Dirty:               240 kB
Writeback:             0 kB
AnonPages:       1111068 kB
Mapped:           804704 kB
Shmem:             22740 kB
KReclaimable:     651372 kB
Slab:             202220 kB
SReclaimable:      66788 kB
SUnreclaim:       135432 kB
KernelStack:       41392 kB
PageTables:        55532 kB
NFS_Unstable:          0 kB
Bounce:                0 kB
WritebackTmp:          0 kB
CommitLimit:     9202296 kB
Committed_AS:   56302088 kB
VmallocTotal:   263061440 kB
VmallocUsed:       98276 kB
VmallocChunk:          0 kB
Percpu:             7584 kB
CmaTotal:         294912 kB
CmaFree:               0 kB
MemTotal:       12113144 kB
MemFree:         6993332 kB
MemAvailable:    8373472 kB
Buffers:            5584 kB
Cached:          1619280 kB
SwapCached:            0 kB
Active:          1319912 kB
Inactive:        1410612 kB
Active(anon):    1112400 kB
Inactive(anon):    20652 kB
Active(file):     207512 kB
Inactive(file):  1389960 kB
Unevictable:        5692 kB
Mlocked:            5692 kB
SwapTotal:       3145724 kB
SwapFree:        3145724 kB
Dirty:               240 kB
Writeback:             0 kB
AnonPages:       1111428 kB
Mapped:           804704 kB
Shmem:             22740 kB
KReclaimable:     651372 kB
Slab:             202228 kB
SReclaimable:      66788 kB
SUnreclaim:       135440 kB
KernelStack:       41392 kB
PageTables:        55532 kB
NFS_Unstable:          0 kB
Bounce:                0 kB
WritebackTmp:          0 kB
CommitLimit:     9202296 kB
Committed_AS:   56301868 kB
VmallocTotal:   263061440 kB
VmallocUsed:       98260 kB
VmallocChunk:          0 kB
Percpu:             7584 kB
CmaTotal:         294912 kB
CmaFree:               0 kB
MemTotal:       12113144 kB
MemFree:         6993688 kB
MemAvailable:    8373828 kB
Buffers:            5584 kB
Cached:          1619284 kB
SwapCached:            0 kB
Active:          1319596 kB
Inactive:        1410616 kB
Active(anon):    1112084 kB
Inactive(anon):    20656 kB
Active(file):     207512 kB
Inactive(file):  1389960 kB
Unevictable:        5692 kB
Mlocked:            5692 kB
SwapTotal:       3145724 kB
SwapFree:        3145724 kB
Dirty:               240 kB
Writeback:             0 kB
AnonPages:       1111128 kB
Mapped:           804572 kB
Shmem:             22744 kB
KReclaimable:     651372 kB
Slab:             202212 kB
SReclaimable:      66788 kB
SUnreclaim:       135424 kB
KernelStack:       41392 kB
PageTables:        55532 kB
NFS_Unstable:          0 kB
Bounce:                0 kB
WritebackTmp:          0 kB
CommitLimit:     9202296 kB
Committed_AS:   56301604 kB
VmallocTotal:   263061440 kB
VmallocUsed:       98244 kB
VmallocChunk:          0 kB
Percpu:             7584 kB
CmaTotal:         294912 kB
CmaFree:               0 kB
MemTotal:       12113144 kB
MemFree:         6992924 kB
MemAvailable:    8373064 kB
Buffers:            5584 kB
Cached:          1619284 kB
SwapCached:            0 kB
Active:          1320076 kB
Inactive:        1410616 kB
Active(anon):    1112564 kB
Inactive(anon):    20656 kB
Active(file):     207512 kB
Inactive(file):  1389960 kB
Unevictable:        5692 kB
Mlocked:            5692 kB
SwapTotal:       3145724 kB
SwapFree:        3145724 kB
Dirty:               240 kB
Writeback:             0 kB
AnonPages:       1111600 kB
Mapped:           804572 kB
Shmem:             22744 kB
KReclaimable:     651372 kB
Slab:             202236 kB
SReclaimable:      66788 kB
SUnreclaim:       135448 kB
KernelStack:       41392 kB
PageTables:        55540 kB
NFS_Unstable:          0 kB
Bounce:                0 kB
WritebackTmp:          0 kB
CommitLimit:     9202296 kB
Committed_AS:   56302352 kB
VmallocTotal:   263061440 kB
VmallocUsed:       98276 kB
VmallocChunk:          0 kB
Percpu:             7584 kB
CmaTotal:         294912 kB
CmaFree:               0 kB
MemTotal:       12113144 kB
MemFree:         6993104 kB
MemAvailable:    8373244 kB
Buffers:            5584 kB
Cached:          1619284 kB
SwapCached:            0 kB
Active:          1320332 kB
Inactive:        1410616 kB
Active(anon):    1112820 kB
Inactive(anon):    20656 kB
Active(file):     207512 kB
Inactive(file):  1389960 kB
Unevictable:        5692 kB
Mlocked:            5692 kB
SwapTotal:       3145724 kB
SwapFree:        3145724 kB
Dirty:               240 kB
Writeback:             0 kB
AnonPages:       1111712 kB
Mapped:           804832 kB
Shmem:             22744 kB
KReclaimable:     651372 kB
Slab:             202228 kB
SReclaimable:      66788 kB
SUnreclaim:       135440 kB
KernelStack:       41392 kB
PageTables:        55532 kB
NFS_Unstable:          0 kB
Bounce:                0 kB
WritebackTmp:          0 kB
CommitLimit:     9202296 kB
Committed_AS:   56302616 kB
VmallocTotal:   263061440 kB
VmallocUsed:       98276 kB
VmallocChunk:          0 kB
Percpu:             7584 kB
CmaTotal:         294912 kB
CmaFree:               0 kB
MemTotal:       12113144 kB
MemFree:         6993752 kB
MemAvailable:    8373892 kB
Buffers:            5584 kB
Cached:          1619284 kB
SwapCached:            0 kB
Active:          1320852 kB
Inactive:        1410616 kB
Active(anon):    1113340 kB
Inactive(anon):    20656 kB
Active(file):     207512 kB
Inactive(file):  1389960 kB
Unevictable:        5692 kB
Mlocked:            5692 kB
SwapTotal:       3145724 kB
SwapFree:        3145724 kB
Dirty:               240 kB
Writeback:             0 kB
AnonPages:       1112324 kB
Mapped:           804572 kB
Shmem:             22744 kB
KReclaimable:     651372 kB
Slab:             202220 kB
SReclaimable:      66788 kB
SUnreclaim:       135432 kB
KernelStack:       41408 kB
PageTables:        55660 kB
NFS_Unstable:          0 kB
Bounce:                0 kB
WritebackTmp:          0 kB
CommitLimit:     9202296 kB
Committed_AS:   56302220 kB
VmallocTotal:   263061440 kB
VmallocUsed:       98276 kB
VmallocChunk:          0 kB
Percpu:             7584 kB
CmaTotal:         294912 kB
CmaFree:               0 kB
MemTotal:       12113144 kB
MemFree:         6994668 kB
MemAvailable:    8374808 kB
Buffers:            5584 kB
Cached:          1619284 kB
SwapCached:            0 kB
Active:          1317564 kB
Inactive:        1410620 kB
Active(anon):    1110056 kB
Inactive(anon):    20656 kB
Active(file):     207508 kB
Inactive(file):  1389964 kB
Unevictable:        5692 kB
Mlocked:            5692 kB
SwapTotal:       3145724 kB
SwapFree:        3145724 kB
Dirty:               240 kB
Writeback:             0 kB
AnonPages:       1109156 kB
Mapped:           804832 kB
Shmem:             22744 kB
KReclaimable:     651372 kB
Slab:             202240 kB
SReclaimable:      66788 kB
SUnreclaim:       135452 kB
KernelStack:       41392 kB
PageTables:        55532 kB
NFS_Unstable:          0 kB
Bounce:                0 kB
WritebackTmp:          0 kB
CommitLimit:     9202296 kB
Committed_AS:   56302168 kB
VmallocTotal:   263061440 kB
VmallocUsed:       98260 kB
VmallocChunk:          0 kB
Percpu:             7584 kB
CmaTotal:         294912 kB
CmaFree:               0 kB
MemTotal:       12113144 kB
MemFree:         6994552 kB
MemAvailable:    8374692 kB
Buffers:            5584 kB
Cached:          1619284 kB
SwapCached:            0 kB
Active:          1318144 kB
Inactive:        1410616 kB
Active(anon):    1110632 kB
Inactive(anon):    20656 kB
Active(file):     207512 kB
Inactive(file):  1389960 kB
Unevictable:        5692 kB
Mlocked:            5692 kB
SwapTotal:       3145724 kB
SwapFree:        3145724 kB
Dirty:               240 kB
Writeback:             0 kB
AnonPages:       1109652 kB
Mapped:           804832 kB
Shmem:             22744 kB
KReclaimable:     651372 kB
Slab:             202192 kB
SReclaimable:      66788 kB
SUnreclaim:       135404 kB
KernelStack:       41392 kB
PageTables:        55540 kB
NFS_Unstable:          0 kB
Bounce:                0 kB
WritebackTmp:          0 kB
CommitLimit:     9202296 kB
Committed_AS:   56302436 kB
VmallocTotal:   263061440 kB
VmallocUsed:       98260 kB
VmallocChunk:          0 kB
Percpu:             7584 kB
CmaTotal:         294912 kB
CmaFree:               0 kB
MemTotal:       12113144 kB
MemFree:         6993708 kB
MemAvailable:    8373856 kB
Buffers:            5584 kB
Cached:          1619292 kB
SwapCached:            0 kB
Active:          1318340 kB
Inactive:        1410624 kB
Active(anon):    1110828 kB
Inactive(anon):    20656 kB
Active(file):     207512 kB
Inactive(file):  1389968 kB
Unevictable:        5692 kB
Mlocked:            5692 kB
SwapTotal:       3145724 kB
SwapFree:        3145724 kB
Dirty:               264 kB
Writeback:             0 kB
AnonPages:       1109828 kB
Mapped:           804832 kB
Shmem:             22744 kB
KReclaimable:     651372 kB
Slab:             202216 kB
SReclaimable:      66788 kB
SUnreclaim:       135428 kB
KernelStack:       41392 kB
PageTables:        55532 kB
NFS_Unstable:          0 kB
Bounce:                0 kB
WritebackTmp:          0 kB
CommitLimit:     9202296 kB
Committed_AS:   56302128 kB
VmallocTotal:   263061440 kB
VmallocUsed:       98244 kB
VmallocChunk:          0 kB
Percpu:             7584 kB
CmaTotal:         294912 kB
CmaFree:               0 kB
MemTotal:       12113144 kB
MemFree:         6992940 kB
MemAvailable:    8373088 kB
Buffers:            5584 kB
Cached:          1619292 kB
SwapCached:            0 kB
Active:          1318776 kB
Inactive:        1410620 kB
Active(anon):    1111260 kB
Inactive(anon):    20656 kB
Active(file):     207516 kB
Inactive(file):  1389964 kB
Unevictable:        5692 kB
Mlocked:            5692 kB
SwapTotal:       3145724 kB
SwapFree:        3145724 kB
Dirty:               268 kB
Writeback:             0 kB
AnonPages:       1110336 kB
Mapped:           804572 kB
Shmem:             22744 kB
KReclaimable:     651372 kB
Slab:             202232 kB
SReclaimable:      66788 kB
SUnreclaim:       135444 kB
KernelStack:       41392 kB
PageTables:        55540 kB
NFS_Unstable:          0 kB
Bounce:                0 kB
WritebackTmp:          0 kB
CommitLimit:     9202296 kB
Committed_AS:   56302032 kB
VmallocTotal:   263061440 kB
VmallocUsed:       98276 kB
