MemTotal:       12113132 kB
MemFree:         6406596 kB
MemAvailable:    8102432 kB
Buffers:            6144 kB
Cached:          1886888 kB
SwapCached:            0 kB
Active:          1501388 kB
Inactive:        1642292 kB
Active(anon):    1257092 kB
Inactive(anon):    25520 kB
Active(file):     244296 kB
Inactive(file):  1616772 kB
Unevictable:        5552 kB
Mlocked:            5552 kB
SwapTotal:       3145724 kB
SwapFree:        3145724 kB
Dirty:               336 kB
Writeback:             0 kB
AnonPages:       1256068 kB
Mapped:           852248 kB
Shmem:             27464 kB
KReclaimable:     703472 kB
Slab:             224536 kB
SReclaimable:      79828 kB
SUnreclaim:       144708 kB
KernelStack:       46624 kB
PageTables:        63056 kB
NFS_Unstable:          0 kB
Bounce:                0 kB
WritebackTmp:          0 kB
CommitLimit:     9202288 kB
Committed_AS:   66059328 kB
VmallocTotal:   263061440 kB
VmallocUsed:      103516 kB
VmallocChunk:          0 kB
Percpu:             7648 kB
CmaTotal:         294912 kB
CmaFree:               0 kB
MemTotal:       12113132 kB
MemFree:         6406240 kB
MemAvailable:    8102132 kB
Buffers:            6144 kB
Cached:          1886944 kB
SwapCached:            0 kB
Active:          1502008 kB
Inactive:        1642328 kB
Active(anon):    1257692 kB
Inactive(anon):    25520 kB
Active(file):     244316 kB
Inactive(file):  1616808 kB
Unevictable:        5552 kB
Mlocked:            5552 kB
SwapTotal:       3145724 kB
SwapFree:        3145724 kB
Dirty:               396 kB
Writeback:             0 kB
AnonPages:       1256844 kB
Mapped:           852156 kB
Shmem:             27464 kB
KReclaimable:     703472 kB
Slab:             224484 kB
SReclaimable:      79828 kB
SUnreclaim:       144656 kB
KernelStack:       46592 kB
PageTables:        62824 kB
NFS_Unstable:          0 kB
Bounce:                0 kB
WritebackTmp:          0 kB
CommitLimit:     9202288 kB
Committed_AS:   66058948 kB
VmallocTotal:   263061440 kB
VmallocUsed:      103548 kB
VmallocChunk:          0 kB
Percpu:             7648 kB
CmaTotal:         294912 kB
CmaFree:               0 kB
MemTotal:       12113132 kB
MemFree:         6405192 kB
MemAvailable:    8101088 kB
Buffers:            6144 kB
Cached:          1886948 kB
SwapCached:            0 kB
Active:          1501788 kB
Inactive:        1642332 kB
Active(anon):    1257472 kB
Inactive(anon):    25520 kB
Active(file):     244316 kB
Inactive(file):  1616812 kB
Unevictable:        5552 kB
Mlocked:            5552 kB
SwapTotal:       3145724 kB
SwapFree:        3145724 kB
Dirty:               412 kB
Writeback:             0 kB
AnonPages:       1256396 kB
Mapped:           852092 kB
Shmem:             27464 kB
KReclaimable:     703472 kB
Slab:             224532 kB
SReclaimable:      79828 kB
SUnreclaim:       144704 kB
KernelStack:       46560 kB
PageTables:        62772 kB
NFS_Unstable:          0 kB
Bounce:                0 kB
WritebackTmp:          0 kB
CommitLimit:     9202288 kB
Committed_AS:   66056668 kB
VmallocTotal:   263061440 kB
VmallocUsed:      103580 kB
VmallocChunk:          0 kB
Percpu:             7648 kB
CmaTotal:         294912 kB
CmaFree:              72 kB
MemTotal:       12113132 kB
MemFree:         6404924 kB
MemAvailable:    8100836 kB
Buffers:            6144 kB
Cached:          1886964 kB
SwapCached:            0 kB
Active:          1501940 kB
Inactive:        1642348 kB
Active(anon):    1257624 kB
Inactive(anon):    25520 kB
Active(file):     244316 kB
Inactive(file):  1616828 kB
Unevictable:        5552 kB
Mlocked:            5552 kB
SwapTotal:       3145724 kB
SwapFree:        3145724 kB
Dirty:               496 kB
Writeback:             0 kB
AnonPages:       1256936 kB
Mapped:           852048 kB
Shmem:             27464 kB
KReclaimable:     703472 kB
Slab:             224484 kB
SReclaimable:      79828 kB
SUnreclaim:       144656 kB
KernelStack:       46640 kB
PageTables:        63016 kB
NFS_Unstable:          0 kB
Bounce:                0 kB
WritebackTmp:          0 kB
CommitLimit:     9202288 kB
Committed_AS:   66053868 kB
VmallocTotal:   263061440 kB
VmallocUsed:      103548 kB
VmallocChunk:          0 kB
Percpu:             7648 kB
CmaTotal:         294912 kB
CmaFree:               0 kB
MemTotal:       12113132 kB
MemFree:         6402860 kB
MemAvailable:    8098788 kB
Buffers:            6144 kB
Cached:          1886980 kB
SwapCached:            0 kB
Active:          1502792 kB
Inactive:        1642364 kB
Active(anon):    1258476 kB
Inactive(anon):    25520 kB
Active(file):     244316 kB
Inactive(file):  1616844 kB
Unevictable:        5552 kB
Mlocked:            5552 kB
SwapTotal:       3145724 kB
SwapFree:        3145724 kB
Dirty:               512 kB
Writeback:             0 kB
AnonPages:       1257228 kB
Mapped:           852156 kB
Shmem:             27464 kB
KReclaimable:     703472 kB
Slab:             224532 kB
SReclaimable:      79828 kB
SUnreclaim:       144704 kB
KernelStack:       46576 kB
PageTables:        62820 kB
NFS_Unstable:          0 kB
Bounce:                0 kB
WritebackTmp:          0 kB
CommitLimit:     9202288 kB
Committed_AS:   66052384 kB
VmallocTotal:   263061440 kB
VmallocUsed:      103548 kB
VmallocChunk:          0 kB
Percpu:             7648 kB
CmaTotal:         294912 kB
CmaFree:               0 kB
MemTotal:       12113132 kB
MemFree:         6404124 kB
MemAvailable:    8100064 kB
Buffers:            6144 kB
Cached:          1886992 kB
SwapCached:            0 kB
Active:          1503428 kB
Inactive:        1642376 kB
Active(anon):    1259112 kB
Inactive(anon):    25520 kB
Active(file):     244316 kB
Inactive(file):  1616856 kB
Unevictable:        5552 kB
Mlocked:            5552 kB
SwapTotal:       3145724 kB
SwapFree:        3145724 kB
Dirty:               536 kB
Writeback:             0 kB
AnonPages:       1258308 kB
Mapped:           852156 kB
Shmem:             27464 kB
KReclaimable:     703472 kB
Slab:             224492 kB
SReclaimable:      79828 kB
SUnreclaim:       144664 kB
KernelStack:       46612 kB
PageTables:        62708 kB
NFS_Unstable:          0 kB
Bounce:                0 kB
WritebackTmp:          0 kB
CommitLimit:     9202288 kB
Committed_AS:   66056672 kB
VmallocTotal:   263061440 kB
VmallocUsed:      103564 kB
VmallocChunk:          0 kB
Percpu:             7648 kB
CmaTotal:         294912 kB
CmaFree:               0 kB
MemTotal:       12113132 kB
MemFree:         6402408 kB
MemAvailable:    8098352 kB
Buffers:            6144 kB
Cached:          1886996 kB
SwapCached:            0 kB
Active:          1504284 kB
Inactive:        1642380 kB
Active(anon):    1259968 kB
Inactive(anon):    25520 kB
Active(file):     244316 kB
Inactive(file):  1616860 kB
Unevictable:        5552 kB
Mlocked:            5552 kB
SwapTotal:       3145724 kB
SwapFree:        3145724 kB
Dirty:               540 kB
Writeback:             0 kB
AnonPages:       1259280 kB
Mapped:           852156 kB
Shmem:             27464 kB
KReclaimable:     703472 kB
Slab:             224540 kB
SReclaimable:      79828 kB
SUnreclaim:       144712 kB
KernelStack:       46560 kB
PageTables:        63208 kB
NFS_Unstable:          0 kB
Bounce:                0 kB
WritebackTmp:          0 kB
CommitLimit:     9202288 kB
Committed_AS:   66057896 kB
VmallocTotal:   263061440 kB
VmallocUsed:      103580 kB
VmallocChunk:          0 kB
Percpu:             7648 kB
CmaTotal:         294912 kB
CmaFree:              60 kB
MemTotal:       12113132 kB
MemFree:         6402764 kB
MemAvailable:    8098720 kB
Buffers:            6144 kB
Cached:          1887008 kB
SwapCached:            0 kB
Active:          1505144 kB
Inactive:        1642392 kB
Active(anon):    1260828 kB
Inactive(anon):    25520 kB
Active(file):     244316 kB
Inactive(file):  1616872 kB
Unevictable:        5552 kB
Mlocked:            5552 kB
SwapTotal:       3145724 kB
SwapFree:        3145724 kB
Dirty:               516 kB
Writeback:             0 kB
AnonPages:       1259832 kB
Mapped:           852156 kB
Shmem:             27464 kB
KReclaimable:     703472 kB
Slab:             224500 kB
SReclaimable:      79828 kB
SUnreclaim:       144672 kB
KernelStack:       46624 kB
PageTables:        62900 kB
NFS_Unstable:          0 kB
Bounce:                0 kB
WritebackTmp:          0 kB
CommitLimit:     9202288 kB
Committed_AS:   66057836 kB
VmallocTotal:   263061440 kB
VmallocUsed:      103532 kB
VmallocChunk:          0 kB
Percpu:             7648 kB
CmaTotal:         294912 kB
CmaFree:               0 kB
MemTotal:       12113132 kB
MemFree:         6401372 kB
MemAvailable:    8097364 kB
Buffers:            6148 kB
Cached:          1887040 kB
SwapCached:            0 kB
Active:          1504968 kB
Inactive:        1642424 kB
Active(anon):    1260648 kB
Inactive(anon):    25520 kB
Active(file):     244320 kB
Inactive(file):  1616904 kB
Unevictable:        5552 kB
Mlocked:            5552 kB
SwapTotal:       3145724 kB
SwapFree:        3145724 kB
Dirty:               460 kB
Writeback:            84 kB
AnonPages:       1259812 kB
Mapped:           852156 kB
Shmem:             27464 kB
KReclaimable:     703472 kB
Slab:             224516 kB
SReclaimable:      79828 kB
SUnreclaim:       144688 kB
KernelStack:       46628 kB
PageTables:        62824 kB
NFS_Unstable:          0 kB
Bounce:                0 kB
WritebackTmp:          0 kB
CommitLimit:     9202288 kB
Committed_AS:   66059200 kB
VmallocTotal:   263061440 kB
VmallocUsed:      103564 kB
VmallocChunk:          0 kB
Percpu:             7648 kB
CmaTotal:         294912 kB
CmaFree:              48 kB
MemTotal:       12113132 kB
MemFree:         6402668 kB
MemAvailable:    8098672 kB
Buffers:            6148 kB
Cached:          1887056 kB
SwapCached:            0 kB
Active:          1506008 kB
Inactive:        1642440 kB
Active(anon):    1261688 kB
Inactive(anon):    25524 kB
Active(file):     244320 kB
Inactive(file):  1616916 kB
Unevictable:        5552 kB
Mlocked:            5552 kB
SwapTotal:       3145724 kB
SwapFree:        3145724 kB
Dirty:               472 kB
Writeback:             0 kB
AnonPages:       1260804 kB
Mapped:           852160 kB
Shmem:             27468 kB
KReclaimable:     703472 kB
Slab:             224508 kB
SReclaimable:      79828 kB
SUnreclaim:       144680 kB
KernelStack:       46628 kB
PageTables:        62768 kB
NFS_Unstable:          0 kB
Bounce:                0 kB
WritebackTmp:          0 kB
CommitLimit:     9202288 kB
Committed_AS:   66059068 kB
VmallocTotal:   263061440 kB
VmallocUsed:      103580 kB
VmallocChunk:          0 kB
Percpu:             7648 kB
CmaTotal:         294912 kB
CmaFree:               0 kB
MemTotal:       12113132 kB
MemFree:         6403728 kB
MemAvailable:    8099748 kB
Buffers:            6148 kB
Cached:          1887072 kB
SwapCached:            0 kB
Active:          1505876 kB
Inactive:        1642456 kB
Active(anon):    1261556 kB
Inactive(anon):    25524 kB
Active(file):     244320 kB
Inactive(file):  1616932 kB
Unevictable:        5552 kB
Mlocked:            5552 kB
SwapTotal:       3145724 kB
SwapFree:        3145724 kB
Dirty:               488 kB
Writeback:             0 kB
AnonPages:       1260828 kB
Mapped:           852160 kB
Shmem:             27468 kB
KReclaimable:     703472 kB
Slab:             224532 kB
SReclaimable:      79828 kB
SUnreclaim:       144704 kB
KernelStack:       46576 kB
PageTables:        62820 kB
NFS_Unstable:          0 kB
Bounce:                0 kB
WritebackTmp:          0 kB
CommitLimit:     9202288 kB
Committed_AS:   66054460 kB
VmallocTotal:   263061440 kB
VmallocUsed:      103548 kB
VmallocChunk:          0 kB
Percpu:             7648 kB
CmaTotal:         294912 kB
CmaFree:               0 kB
MemTotal:       12113132 kB
MemFree:         6402128 kB
MemAvailable:    8098152 kB
Buffers:            6148 kB
Cached:          1887076 kB
SwapCached:            0 kB
Active:          1506900 kB
Inactive:        1642460 kB
Active(anon):    1262580 kB
Inactive(anon):    25524 kB
Active(file):     244320 kB
Inactive(file):  1616936 kB
Unevictable:        5552 kB
Mlocked:            5552 kB
SwapTotal:       3145724 kB
SwapFree:        3145724 kB
Dirty:               496 kB
Writeback:             0 kB
AnonPages:       1261836 kB
Mapped:           852160 kB
Shmem:             27468 kB
KReclaimable:     703472 kB
Slab:             224516 kB
SReclaimable:      79828 kB
SUnreclaim:       144688 kB
KernelStack:       46608 kB
PageTables:        62580 kB
NFS_Unstable:          0 kB
Bounce:                0 kB
WritebackTmp:          0 kB
CommitLimit:     9202288 kB
Committed_AS:   66054564 kB
VmallocTotal:   263061440 kB
VmallocUsed:      103548 kB
VmallocChunk:          0 kB
Percpu:             7648 kB
CmaTotal:         294912 kB
CmaFree:               0 kB
MemTotal:       12113132 kB
MemFree:         6401024 kB
MemAvailable:    8097068 kB
Buffers:            6148 kB
Cached:          1887096 kB
SwapCached:            0 kB
Active:          1508016 kB
Inactive:        1642480 kB
Active(anon):    1263696 kB
Inactive(anon):    25524 kB
Active(file):     244320 kB
Inactive(file):  1616956 kB
Unevictable:        5552 kB
Mlocked:            5552 kB
SwapTotal:       3145724 kB
SwapFree:        3145724 kB
Dirty:               564 kB
Writeback:             0 kB
AnonPages:       1262652 kB
Mapped:           852160 kB
Shmem:             27468 kB
KReclaimable:     703472 kB
Slab:             224532 kB
SReclaimable:      79828 kB
SUnreclaim:       144704 kB
KernelStack:       46592 kB
PageTables:        62912 kB
NFS_Unstable:          0 kB
Bounce:                0 kB
WritebackTmp:          0 kB
CommitLimit:     9202288 kB
Committed_AS:   66059192 kB
VmallocTotal:   263061440 kB
VmallocUsed:      103548 kB
VmallocChunk:          0 kB
Percpu:             7648 kB
CmaTotal:         294912 kB
CmaFree:               0 kB
MemTotal:       12113132 kB
MemFree:         6399876 kB
MemAvailable:    8095932 kB
Buffers:            6148 kB
Cached:          1887112 kB
SwapCached:            0 kB
Active:          1509068 kB
Inactive:        1642496 kB
Active(anon):    1264748 kB
Inactive(anon):    25528 kB
Active(file):     244320 kB
Inactive(file):  1616968 kB
Unevictable:        5552 kB
Mlocked:            5552 kB
SwapTotal:       3145724 kB
SwapFree:        3145724 kB
Dirty:               368 kB
Writeback:             0 kB
AnonPages:       1263516 kB
Mapped:           852164 kB
Shmem:             27472 kB
KReclaimable:     703472 kB
Slab:             224496 kB
SReclaimable:      79828 kB
SUnreclaim:       144668 kB
KernelStack:       46592 kB
PageTables:        62744 kB
NFS_Unstable:          0 kB
Bounce:                0 kB
WritebackTmp:          0 kB
CommitLimit:     9202288 kB
Committed_AS:   66051432 kB
VmallocTotal:   263061440 kB
VmallocUsed:      103564 kB
VmallocChunk:          0 kB
Percpu:             7648 kB
CmaTotal:         294912 kB
CmaFree:               0 kB
MemTotal:       12113132 kB
MemFree:         6398332 kB
MemAvailable:    8094404 kB
Buffers:            6148 kB
Cached:          1887128 kB
SwapCached:            0 kB
Active:          1509568 kB
Inactive:        1642512 kB
Active(anon):    1265248 kB
Inactive(anon):    25528 kB
Active(file):     244320 kB
Inactive(file):  1616984 kB
Unevictable:        5552 kB
Mlocked:            5552 kB
SwapTotal:       3145724 kB
SwapFree:        3145724 kB
Dirty:               408 kB
Writeback:             0 kB
AnonPages:       1264372 kB
Mapped:           852164 kB
Shmem:             27472 kB
KReclaimable:     703472 kB
Slab:             224512 kB
SReclaimable:      79828 kB
SUnreclaim:       144684 kB
KernelStack:       46560 kB
PageTables:        62828 kB
NFS_Unstable:          0 kB
Bounce:                0 kB
WritebackTmp:          0 kB
CommitLimit:     9202288 kB
Committed_AS:   66059056 kB
VmallocTotal:   263061440 kB
VmallocUsed:      103580 kB
VmallocChunk:          0 kB
Percpu:             7648 kB
CmaTotal:         294912 kB
CmaFree:               0 kB
MemTotal:       12113132 kB
MemFree:         6396684 kB
MemAvailable:    8092768 kB
Buffers:            6148 kB
Cached:          1887140 kB
SwapCached:            0 kB
Active:          1509708 kB
Inactive:        1642524 kB
Active(anon):    1265388 kB
Inactive(anon):    25528 kB
Active(file):     244320 kB
Inactive(file):  1616996 kB
Unevictable:        5552 kB
Mlocked:            5552 kB
SwapTotal:       3145724 kB
SwapFree:        3145724 kB
Dirty:               476 kB
Writeback:             0 kB
AnonPages:       1264524 kB
Mapped:           852164 kB
Shmem:             27472 kB
KReclaimable:     703472 kB
Slab:             224520 kB
SReclaimable:      79828 kB
SUnreclaim:       144692 kB
KernelStack:       46592 kB
PageTables:        62908 kB
NFS_Unstable:          0 kB
Bounce:                0 kB
WritebackTmp:          0 kB
CommitLimit:     9202288 kB
Committed_AS:   66059532 kB
VmallocTotal:   263061440 kB
VmallocUsed:      103580 kB
VmallocChunk:          0 kB
Percpu:             7648 kB
CmaTotal:         294912 kB
CmaFree:               0 kB
MemTotal:       12113132 kB
MemFree:         6396900 kB
MemAvailable:    8092996 kB
Buffers:            6148 kB
Cached:          1887152 kB
SwapCached:            0 kB
Active:          1510420 kB
Inactive:        1642536 kB
Active(anon):    1266100 kB
Inactive(anon):    25528 kB
Active(file):     244320 kB
Inactive(file):  1617008 kB
Unevictable:        5552 kB
Mlocked:            5552 kB
SwapTotal:       3145724 kB
SwapFree:        3145724 kB
Dirty:               488 kB
Writeback:             0 kB
AnonPages:       1265120 kB
Mapped:           852172 kB
Shmem:             27472 kB
KReclaimable:     703472 kB
Slab:             224520 kB
SReclaimable:      79828 kB
SUnreclaim:       144692 kB
KernelStack:       46576 kB
PageTables:        63096 kB
NFS_Unstable:          0 kB
Bounce:                0 kB
WritebackTmp:          0 kB
CommitLimit:     9202288 kB
Committed_AS:   66058100 kB
VmallocTotal:   263061440 kB
VmallocUsed:      103580 kB
VmallocChunk:          0 kB
Percpu:             7648 kB
CmaTotal:         294912 kB
CmaFree:               0 kB
MemTotal:       12113132 kB
MemFree:         6396064 kB
MemAvailable:    8092164 kB
Buffers:            6148 kB
Cached:          1887156 kB
SwapCached:            0 kB
Active:          1510904 kB
Inactive:        1642540 kB
Active(anon):    1266584 kB
Inactive(anon):    25528 kB
Active(file):     244320 kB
Inactive(file):  1617012 kB
Unevictable:        5552 kB
Mlocked:            5552 kB
SwapTotal:       3145724 kB
SwapFree:        3145724 kB
Dirty:               524 kB
Writeback:             0 kB
AnonPages:       1265552 kB
Mapped:           852164 kB
Shmem:             27472 kB
KReclaimable:     703472 kB
Slab:             224512 kB
SReclaimable:      79828 kB
SUnreclaim:       144684 kB
KernelStack:       46576 kB
PageTables:        62820 kB
NFS_Unstable:          0 kB
Bounce:                0 kB
WritebackTmp:          0 kB
CommitLimit:     9202288 kB
Committed_AS:   66054484 kB
VmallocTotal:   263061440 kB
VmallocUsed:      103548 kB
VmallocChunk:          0 kB
Percpu:             7648 kB
CmaTotal:         294912 kB
CmaFree:               4 kB
MemTotal:       12113132 kB
MemFree:         6396028 kB
MemAvailable:    8092144 kB
Buffers:            6148 kB
Cached:          1887176 kB
SwapCached:            0 kB
Active:          1511180 kB
Inactive:        1642560 kB
Active(anon):    1266860 kB
Inactive(anon):    25532 kB
Active(file):     244320 kB
Inactive(file):  1617028 kB
Unevictable:        5552 kB
Mlocked:            5552 kB
SwapTotal:       3145724 kB
SwapFree:        3145724 kB
Dirty:               544 kB
Writeback:             0 kB
AnonPages:       1265732 kB
Mapped:           852148 kB
Shmem:             27476 kB
KReclaimable:     703472 kB
Slab:             224504 kB
SReclaimable:      79828 kB
SUnreclaim:       144676 kB
KernelStack:       46560 kB
PageTables:        62932 kB
NFS_Unstable:          0 kB
Bounce:                0 kB
WritebackTmp:          0 kB
CommitLimit:     9202288 kB
Committed_AS:   66057332 kB
VmallocTotal:   263061440 kB
VmallocUsed:      103532 kB
VmallocChunk:          0 kB
Percpu:             7648 kB
CmaTotal:         294912 kB
CmaFree:              80 kB
MemTotal:       12113132 kB
MemFree:         6396220 kB
MemAvailable:    8092344 kB
Buffers:            6148 kB
Cached:          1887184 kB
SwapCached:            0 kB
Active:          1511916 kB
Inactive:        1642568 kB
Active(anon):    1267596 kB
Inactive(anon):    25532 kB
Active(file):     244320 kB
Inactive(file):  1617036 kB
Unevictable:        5552 kB
Mlocked:            5552 kB
SwapTotal:       3145724 kB
SwapFree:        3145724 kB
Dirty:               556 kB
Writeback:             0 kB
AnonPages:       1266784 kB
Mapped:           852168 kB
Shmem:             27476 kB
KReclaimable:     703472 kB
Slab:             224504 kB
SReclaimable:      79828 kB
SUnreclaim:       144676 kB
KernelStack:       46512 kB
PageTables:        62836 kB
NFS_Unstable:          0 kB
Bounce:                0 kB
WritebackTmp:          0 kB
CommitLimit:     9202288 kB
Committed_AS:   66059196 kB
VmallocTotal:   263061440 kB
VmallocUsed:      103516 kB
VmallocChunk:          0 kB
Percpu:             7648 kB
CmaTotal:         294912 kB
CmaFree:               0 kB
MemTotal:       12113132 kB
MemFree:         6395312 kB
MemAvailable:    8091444 kB
Buffers:            6148 kB
Cached:          1887192 kB
SwapCached:            0 kB
Active:          1512588 kB
Inactive:        1642580 kB
Active(anon):    1268272 kB
Inactive(anon):    25532 kB
Active(file):     244316 kB
Inactive(file):  1617048 kB
Unevictable:        5552 kB
Mlocked:            5552 kB
SwapTotal:       3145724 kB
SwapFree:        3145724 kB
Dirty:               564 kB
Writeback:             0 kB
AnonPages:       1267352 kB
Mapped:           852168 kB
Shmem:             27476 kB
KReclaimable:     703472 kB
Slab:             224520 kB
SReclaimable:      79828 kB
SUnreclaim:       144692 kB
KernelStack:       46512 kB
PageTables:        62828 kB
NFS_Unstable:          0 kB
Bounce:                0 kB
WritebackTmp:          0 kB
CommitLimit:     9202288 kB
Committed_AS:   66065000 kB
VmallocTotal:   263061440 kB
VmallocUsed:      103516 kB
VmallocChunk:          0 kB
Percpu:             7648 kB
CmaTotal:         294912 kB
CmaFree:               0 kB
MemTotal:       12113132 kB
MemFree:         6394872 kB
MemAvailable:    8091020 kB
Buffers:            6148 kB
Cached:          1887208 kB
SwapCached:            0 kB
Active:          1513616 kB
Inactive:        1642592 kB
Active(anon):    1269296 kB
Inactive(anon):    25532 kB
Active(file):     244320 kB
Inactive(file):  1617060 kB
Unevictable:        5552 kB
Mlocked:            5552 kB
SwapTotal:       3145724 kB
SwapFree:        3145724 kB
Dirty:               592 kB
Writeback:             0 kB
AnonPages:       1268480 kB
Mapped:           852168 kB
Shmem:             27476 kB
KReclaimable:     703472 kB
Slab:             224528 kB
SReclaimable:      79828 kB
SUnreclaim:       144700 kB
KernelStack:       46480 kB
PageTables:        62832 kB
NFS_Unstable:          0 kB
Bounce:                0 kB
WritebackTmp:          0 kB
CommitLimit:     9202288 kB
Committed_AS:   66055332 kB
VmallocTotal:   263061440 kB
VmallocUsed:      103548 kB
VmallocChunk:          0 kB
Percpu:             7648 kB
CmaTotal:         294912 kB
CmaFree:               0 kB
MemTotal:       12113132 kB
MemFree:         6406472 kB
MemAvailable:    8102632 kB
Buffers:            6148 kB
Cached:          1887220 kB
SwapCached:            0 kB
Active:          1499128 kB
Inactive:        1642604 kB
Active(anon):    1254808 kB
Inactive(anon):    25532 kB
Active(file):     244320 kB
Inactive(file):  1617072 kB
Unevictable:        5552 kB
Mlocked:            5552 kB
SwapTotal:       3145724 kB
SwapFree:        3145724 kB
Dirty:               604 kB
Writeback:             0 kB
AnonPages:       1254212 kB
Mapped:           852168 kB
Shmem:             27476 kB
KReclaimable:     703472 kB
Slab:             224480 kB
SReclaimable:      79828 kB
SUnreclaim:       144652 kB
KernelStack:       46480 kB
PageTables:        62832 kB
NFS_Unstable:          0 kB
Bounce:                0 kB
WritebackTmp:          0 kB
CommitLimit:     9202288 kB
Committed_AS:   66055156 kB
VmallocTotal:   263061440 kB
VmallocUsed:      103516 kB
VmallocChunk:          0 kB
Percpu:             7648 kB
CmaTotal:         294912 kB
CmaFree:               0 kB
MemTotal:       12113132 kB
MemFree:         6401380 kB
MemAvailable:    8097552 kB
Buffers:            6148 kB
Cached:          1887232 kB
SwapCached:            0 kB
Active:          1506484 kB
Inactive:        1642616 kB
Active(anon):    1262164 kB
Inactive(anon):    25532 kB
Active(file):     244320 kB
Inactive(file):  1617084 kB
Unevictable:        5552 kB
Mlocked:            5552 kB
SwapTotal:       3145724 kB
SwapFree:        3145724 kB
Dirty:               200 kB
Writeback:             0 kB
AnonPages:       1261040 kB
Mapped:           852168 kB
Shmem:             27476 kB
KReclaimable:     703472 kB
Slab:             224524 kB
SReclaimable:      79828 kB
SUnreclaim:       144696 kB
KernelStack:       46448 kB
PageTables:        62828 kB
NFS_Unstable:          0 kB
Bounce:                0 kB
WritebackTmp:          0 kB
CommitLimit:     9202288 kB
Committed_AS:   66052744 kB
VmallocTotal:   263061440 kB
VmallocUsed:      103452 kB
VmallocChunk:          0 kB
Percpu:             7648 kB
CmaTotal:         294912 kB
CmaFree:               0 kB
MemTotal:       12113132 kB
MemFree:         6407024 kB
MemAvailable:    8103232 kB
Buffers:            6156 kB
Cached:          1887260 kB
SwapCached:            0 kB
Active:          1500432 kB
Inactive:        1642644 kB
Active(anon):    1256104 kB
Inactive(anon):    25532 kB
Active(file):     244328 kB
Inactive(file):  1617112 kB
Unevictable:        5552 kB
Mlocked:            5552 kB
SwapTotal:       3145724 kB
SwapFree:        3145724 kB
Dirty:               244 kB
Writeback:             0 kB
AnonPages:       1255168 kB
Mapped:           852168 kB
Shmem:             27476 kB
KReclaimable:     703472 kB
Slab:             224492 kB
SReclaimable:      79828 kB
SUnreclaim:       144664 kB
KernelStack:       46432 kB
PageTables:        62824 kB
NFS_Unstable:          0 kB
Bounce:                0 kB
WritebackTmp:          0 kB
CommitLimit:     9202288 kB
Committed_AS:   66052564 kB
VmallocTotal:   263061440 kB
VmallocUsed:      103484 kB
VmallocChunk:          0 kB
Percpu:             7648 kB
CmaTotal:         294912 kB
CmaFree:               4 kB
MemTotal:       12113132 kB
MemFree:         6405828 kB
MemAvailable:    8102060 kB
Buffers:            6156 kB
Cached:          1887284 kB
SwapCached:            0 kB
Active:          1500900 kB
Inactive:        1642664 kB
Active(anon):    1256568 kB
Inactive(anon):    25532 kB
Active(file):     244332 kB
Inactive(file):  1617132 kB
Unevictable:        5552 kB
Mlocked:            5552 kB
SwapTotal:       3145724 kB
SwapFree:        3145724 kB
Dirty:               292 kB
Writeback:             0 kB
AnonPages:       1255564 kB
Mapped:           852168 kB
Shmem:             27476 kB
KReclaimable:     703472 kB
Slab:             224500 kB
SReclaimable:      79828 kB
SUnreclaim:       144672 kB
KernelStack:       46432 kB
PageTables:        62828 kB
NFS_Unstable:          0 kB
Bounce:                0 kB
WritebackTmp:          0 kB
CommitLimit:     9202288 kB
Committed_AS:   66053684 kB
VmallocTotal:   263061440 kB
VmallocUsed:      103452 kB
VmallocChunk:          0 kB
Percpu:             7648 kB
CmaTotal:         294912 kB
CmaFree:               0 kB
MemTotal:       12113132 kB
MemFree:         6404416 kB
MemAvailable:    8100644 kB
Buffers:            6156 kB
Cached:          1891176 kB
SwapCached:            0 kB
Active:          1500168 kB
Inactive:        1646096 kB
Active(anon):    1255840 kB
Inactive(anon):    28964 kB
Active(file):     244328 kB
Inactive(file):  1617132 kB
Unevictable:        5552 kB
Mlocked:            5552 kB
SwapTotal:       3145724 kB
SwapFree:        3145724 kB
Dirty:               292 kB
Writeback:             0 kB
AnonPages:       1254744 kB
Mapped:           855628 kB
Shmem:             31372 kB
KReclaimable:     703472 kB
Slab:             224476 kB
SReclaimable:      79828 kB
SUnreclaim:       144648 kB
KernelStack:       46432 kB
PageTables:        62868 kB
NFS_Unstable:          0 kB
Bounce:                0 kB
WritebackTmp:          0 kB
CommitLimit:     9202288 kB
Committed_AS:   66056060 kB
VmallocTotal:   263061440 kB
VmallocUsed:      103436 kB
VmallocChunk:          0 kB
Percpu:             7648 kB
CmaTotal:         294912 kB
CmaFree:               0 kB
MemTotal:       12113132 kB
MemFree:         6406964 kB
MemAvailable:    8103208 kB
Buffers:            6156 kB
Cached:          1887296 kB
SwapCached:            0 kB
Active:          1500336 kB
Inactive:        1642684 kB
Active(anon):    1256012 kB
Inactive(anon):    25532 kB
Active(file):     244324 kB
Inactive(file):  1617152 kB
Unevictable:        5552 kB
Mlocked:            5552 kB
SwapTotal:       3145724 kB
SwapFree:        3145724 kB
Dirty:               316 kB
Writeback:             0 kB
AnonPages:       1255476 kB
Mapped:           852168 kB
Shmem:             27476 kB
KReclaimable:     703472 kB
Slab:             224484 kB
SReclaimable:      79828 kB
SUnreclaim:       144656 kB
KernelStack:       46432 kB
PageTables:        62824 kB
NFS_Unstable:          0 kB
Bounce:                0 kB
WritebackTmp:          0 kB
CommitLimit:     9202288 kB
Committed_AS:   66060392 kB
VmallocTotal:   263061440 kB
VmallocUsed:      103420 kB
VmallocChunk:          0 kB
Percpu:             7648 kB
CmaTotal:         294912 kB
CmaFree:               0 kB
MemTotal:       12113132 kB
MemFree:         6423204 kB
MemAvailable:    8119464 kB
Buffers:            6156 kB
Cached:          1887312 kB
SwapCached:            0 kB
Active:          1483616 kB
Inactive:        1642696 kB
Active(anon):    1239288 kB
Inactive(anon):    25532 kB
Active(file):     244328 kB
Inactive(file):  1617164 kB
Unevictable:        5552 kB
Mlocked:            5552 kB
SwapTotal:       3145724 kB
SwapFree:        3145724 kB
Dirty:               336 kB
Writeback:             0 kB
AnonPages:       1237948 kB
Mapped:           852168 kB
Shmem:             27476 kB
KReclaimable:     703472 kB
Slab:             224500 kB
SReclaimable:      79828 kB
SUnreclaim:       144672 kB
KernelStack:       46416 kB
PageTables:        62780 kB
NFS_Unstable:          0 kB
Bounce:                0 kB
WritebackTmp:          0 kB
CommitLimit:     9202288 kB
Committed_AS:   66061860 kB
VmallocTotal:   263061440 kB
VmallocUsed:      103420 kB
VmallocChunk:          0 kB
Percpu:             7648 kB
CmaTotal:         294912 kB
CmaFree:             100 kB
MemTotal:       12113132 kB
MemFree:         6423080 kB
MemAvailable:    8119348 kB
Buffers:            6156 kB
Cached:          1887320 kB
SwapCached:            0 kB
Active:          1483668 kB
Inactive:        1642704 kB
Active(anon):    1239340 kB
Inactive(anon):    25532 kB
Active(file):     244328 kB
Inactive(file):  1617172 kB
Unevictable:        5552 kB
Mlocked:            5552 kB
SwapTotal:       3145724 kB
SwapFree:        3145724 kB
Dirty:               344 kB
Writeback:             0 kB
AnonPages:       1238368 kB
Mapped:           852168 kB
Shmem:             27476 kB
KReclaimable:     703472 kB
Slab:             224500 kB
SReclaimable:      79828 kB
SUnreclaim:       144672 kB
KernelStack:       46432 kB
PageTables:        62820 kB
NFS_Unstable:          0 kB
Bounce:                0 kB
WritebackTmp:          0 kB
CommitLimit:     9202288 kB
Committed_AS:   66054056 kB
VmallocTotal:   263061440 kB
VmallocUsed:      103452 kB
VmallocChunk:          0 kB
Percpu:             7648 kB
CmaTotal:         294912 kB
CmaFree:               0 kB
MemTotal:       12113132 kB
MemFree:         6422548 kB
MemAvailable:    8118828 kB
Buffers:            6156 kB
Cached:          1887332 kB
SwapCached:            0 kB
Active:          1484380 kB
Inactive:        1642716 kB
Active(anon):    1240052 kB
Inactive(anon):    25532 kB
Active(file):     244328 kB
Inactive(file):  1617184 kB
Unevictable:        5552 kB
Mlocked:            5552 kB
SwapTotal:       3145724 kB
SwapFree:        3145724 kB
Dirty:               368 kB
Writeback:             0 kB
AnonPages:       1238984 kB
Mapped:           852168 kB
Shmem:             27476 kB
KReclaimable:     703472 kB
Slab:             224492 kB
SReclaimable:      79828 kB
SUnreclaim:       144664 kB
KernelStack:       46432 kB
PageTables:        62824 kB
NFS_Unstable:          0 kB
Bounce:                0 kB
WritebackTmp:          0 kB
CommitLimit:     9202288 kB
Committed_AS:   66049412 kB
VmallocTotal:   263061440 kB
VmallocUsed:      103420 kB
VmallocChunk:          0 kB
Percpu:             7648 kB
CmaTotal:         294912 kB
CmaFree:               0 kB
MemTotal:       12113132 kB
MemFree:         6423156 kB
MemAvailable:    8119448 kB
Buffers:            6156 kB
Cached:          1887344 kB
SwapCached:            0 kB
Active:          1484884 kB
Inactive:        1642728 kB
Active(anon):    1240556 kB
Inactive(anon):    25532 kB
Active(file):     244328 kB
Inactive(file):  1617196 kB
Unevictable:        5552 kB
Mlocked:            5552 kB
SwapTotal:       3145724 kB
SwapFree:        3145724 kB
Dirty:               392 kB
Writeback:             0 kB
AnonPages:       1239484 kB
Mapped:           852168 kB
Shmem:             27476 kB
KReclaimable:     703472 kB
Slab:             224492 kB
SReclaimable:      79828 kB
SUnreclaim:       144664 kB
KernelStack:       46432 kB
PageTables:        62828 kB
NFS_Unstable:          0 kB
Bounce:                0 kB
WritebackTmp:          0 kB
CommitLimit:     9202288 kB
Committed_AS:   66049324 kB
VmallocTotal:   263061440 kB
VmallocUsed:      103468 kB
VmallocChunk:          0 kB
Percpu:             7648 kB
CmaTotal:         294912 kB
CmaFree:               0 kB
MemTotal:       12113132 kB
MemFree:         6422244 kB
MemAvailable:    8118552 kB
Buffers:            6156 kB
Cached:          1887360 kB
SwapCached:            0 kB
Active:          1485340 kB
Inactive:        1642744 kB
Active(anon):    1241012 kB
Inactive(anon):    25532 kB
Active(file):     244328 kB
Inactive(file):  1617212 kB
Unevictable:        5552 kB
Mlocked:            5552 kB
SwapTotal:       3145724 kB
SwapFree:        3145724 kB
Dirty:               412 kB
Writeback:             0 kB
AnonPages:       1240232 kB
Mapped:           852168 kB
Shmem:             27476 kB
KReclaimable:     703472 kB
Slab:             224492 kB
SReclaimable:      79828 kB
SUnreclaim:       144664 kB
KernelStack:       46432 kB
PageTables:        62828 kB
NFS_Unstable:          0 kB
Bounce:                0 kB
WritebackTmp:          0 kB
CommitLimit:     9202288 kB
Committed_AS:   66049008 kB
VmallocTotal:   263061440 kB
VmallocUsed:      103468 kB
VmallocChunk:          0 kB
Percpu:             7648 kB
CmaTotal:         294912 kB
CmaFree:               0 kB
MemTotal:       12113132 kB
MemFree:         6421200 kB
MemAvailable:    8117548 kB
Buffers:            6156 kB
Cached:          1887400 kB
SwapCached:            0 kB
Active:          1485776 kB
Inactive:        1642780 kB
Active(anon):    1241444 kB
Inactive(anon):    25532 kB
Active(file):     244332 kB
Inactive(file):  1617248 kB
Unevictable:        5552 kB
Mlocked:            5552 kB
SwapTotal:       3145724 kB
SwapFree:        3145724 kB
Dirty:               468 kB
Writeback:             0 kB
AnonPages:       1240640 kB
Mapped:           852060 kB
Shmem:             27476 kB
KReclaimable:     703472 kB
Slab:             224492 kB
SReclaimable:      79828 kB
SUnreclaim:       144664 kB
KernelStack:       46416 kB
PageTables:        62792 kB
NFS_Unstable:          0 kB
Bounce:                0 kB
WritebackTmp:          0 kB
CommitLimit:     9202288 kB
Committed_AS:   66047332 kB
VmallocTotal:   263061440 kB
VmallocUsed:      103452 kB
VmallocChunk:          0 kB
Percpu:             7648 kB
CmaTotal:         294912 kB
CmaFree:               0 kB
MemTotal:       12113132 kB
MemFree:         6419572 kB
MemAvailable:    8115884 kB
Buffers:            6156 kB
Cached:          1887364 kB
SwapCached:            0 kB
Active:          1486552 kB
Inactive:        1642752 kB
Active(anon):    1242228 kB
Inactive(anon):    25532 kB
Active(file):     244324 kB
Inactive(file):  1617220 kB
Unevictable:        5552 kB
Mlocked:            5552 kB
SwapTotal:       3145724 kB
SwapFree:        3145724 kB
Dirty:               480 kB
Writeback:             0 kB
AnonPages:       1241740 kB
Mapped:           852168 kB
Shmem:             27476 kB
KReclaimable:     703472 kB
Slab:             224492 kB
SReclaimable:      79828 kB
SUnreclaim:       144664 kB
KernelStack:       46432 kB
PageTables:        62828 kB
NFS_Unstable:          0 kB
Bounce:                0 kB
WritebackTmp:          0 kB
CommitLimit:     9202288 kB
Committed_AS:   66053980 kB
VmallocTotal:   263061440 kB
VmallocUsed:      103420 kB
VmallocChunk:          0 kB
Percpu:             7648 kB
CmaTotal:         294912 kB
CmaFree:               0 kB
MemTotal:       12113132 kB
MemFree:         6419132 kB
MemAvailable:    8115480 kB
Buffers:            6156 kB
Cached:          1887400 kB
SwapCached:            0 kB
Active:          1487340 kB
Inactive:        1642784 kB
Active(anon):    1243012 kB
Inactive(anon):    25532 kB
Active(file):     244328 kB
Inactive(file):  1617252 kB
Unevictable:        5552 kB
Mlocked:            5552 kB
SwapTotal:       3145724 kB
SwapFree:        3145724 kB
Dirty:               492 kB
Writeback:             0 kB
AnonPages:       1242100 kB
Mapped:           852168 kB
Shmem:             27476 kB
KReclaimable:     703472 kB
Slab:             224492 kB
SReclaimable:      79828 kB
SUnreclaim:       144664 kB
KernelStack:       46416 kB
PageTables:        62784 kB
NFS_Unstable:          0 kB
Bounce:                0 kB
WritebackTmp:          0 kB
CommitLimit:     9202288 kB
Committed_AS:   66053980 kB
VmallocTotal:   263061440 kB
VmallocUsed:      103484 kB
VmallocChunk:          0 kB
Percpu:             7648 kB
CmaTotal:         294912 kB
CmaFree:               0 kB
MemTotal:       12113132 kB
MemFree:         6419676 kB
MemAvailable:    8116032 kB
Buffers:            6156 kB
Cached:          1887420 kB
SwapCached:            0 kB
Active:          1486236 kB
Inactive:        1642804 kB
Active(anon):    1241908 kB
Inactive(anon):    25544 kB
Active(file):     244328 kB
Inactive(file):  1617260 kB
Unevictable:        5552 kB
Mlocked:            5552 kB
SwapTotal:       3145724 kB
SwapFree:        3145724 kB
Dirty:               512 kB
Writeback:             0 kB
AnonPages:       1241616 kB
Mapped:           852180 kB
Shmem:             27488 kB
KReclaimable:     703472 kB
Slab:             224492 kB
SReclaimable:      79828 kB
SUnreclaim:       144664 kB
KernelStack:       46432 kB
PageTables:        62824 kB
NFS_Unstable:          0 kB
Bounce:                0 kB
WritebackTmp:          0 kB
CommitLimit:     9202288 kB
Committed_AS:   66044996 kB
VmallocTotal:   263061440 kB
VmallocUsed:      103452 kB
VmallocChunk:          0 kB
Percpu:             7648 kB
CmaTotal:         294912 kB
CmaFree:               0 kB
MemTotal:       12113132 kB
MemFree:         6420808 kB
MemAvailable:    8117172 kB
Buffers:            6156 kB
Cached:          1887428 kB
SwapCached:            0 kB
Active:          1486860 kB
Inactive:        1642812 kB
Active(anon):    1242532 kB
Inactive(anon):    25544 kB
Active(file):     244328 kB
Inactive(file):  1617268 kB
Unevictable:        5552 kB
Mlocked:            5552 kB
SwapTotal:       3145724 kB
SwapFree:        3145724 kB
Dirty:               520 kB
Writeback:             0 kB
AnonPages:       1241752 kB
Mapped:           852180 kB
Shmem:             27488 kB
KReclaimable:     703472 kB
Slab:             224492 kB
SReclaimable:      79828 kB
SUnreclaim:       144664 kB
KernelStack:       46416 kB
PageTables:        62824 kB
NFS_Unstable:          0 kB
Bounce:                0 kB
WritebackTmp:          0 kB
CommitLimit:     9202288 kB
Committed_AS:   66042848 kB
VmallocTotal:   263061440 kB
VmallocUsed:      103420 kB
VmallocChunk:          0 kB
Percpu:             7648 kB
CmaTotal:         294912 kB
CmaFree:               0 kB
MemTotal:       12113132 kB
MemFree:         6419564 kB
MemAvailable:    8115944 kB
Buffers:            6160 kB
Cached:          1887440 kB
SwapCached:            0 kB
Active:          1487544 kB
Inactive:        1642828 kB
Active(anon):    1243216 kB
Inactive(anon):    25544 kB
Active(file):     244328 kB
Inactive(file):  1617284 kB
Unevictable:        5552 kB
Mlocked:            5552 kB
SwapTotal:       3145724 kB
SwapFree:        3145724 kB
Dirty:               200 kB
Writeback:             0 kB
AnonPages:       1242184 kB
Mapped:           852180 kB
Shmem:             27488 kB
KReclaimable:     703472 kB
Slab:             224500 kB
SReclaimable:      79828 kB
SUnreclaim:       144672 kB
KernelStack:       46400 kB
PageTables:        62828 kB
NFS_Unstable:          0 kB
Bounce:                0 kB
WritebackTmp:          0 kB
CommitLimit:     9202288 kB
Committed_AS:   66052424 kB
VmallocTotal:   263061440 kB
VmallocUsed:      103420 kB
VmallocChunk:          0 kB
Percpu:             7648 kB
CmaTotal:         294912 kB
CmaFree:               0 kB
MemTotal:       12113132 kB
MemFree:         6419416 kB
MemAvailable:    8115832 kB
Buffers:            6160 kB
Cached:          1887476 kB
SwapCached:            0 kB
Active:          1488104 kB
Inactive:        1642860 kB
Active(anon):    1243772 kB
Inactive(anon):    25544 kB
Active(file):     244332 kB
Inactive(file):  1617316 kB
Unevictable:        5552 kB
Mlocked:            5552 kB
SwapTotal:       3145724 kB
SwapFree:        3145724 kB
Dirty:               248 kB
Writeback:             0 kB
AnonPages:       1242952 kB
Mapped:           852180 kB
Shmem:             27488 kB
KReclaimable:     703472 kB
Slab:             224492 kB
SReclaimable:      79828 kB
SUnreclaim:       144664 kB
KernelStack:       46400 kB
PageTables:        62844 kB
NFS_Unstable:          0 kB
Bounce:                0 kB
WritebackTmp:          0 kB
CommitLimit:     9202288 kB
Committed_AS:   66052424 kB
VmallocTotal:   263061440 kB
VmallocUsed:      103404 kB
VmallocChunk:          0 kB
Percpu:             7648 kB
CmaTotal:         294912 kB
CmaFree:               0 kB
MemTotal:       12113132 kB
MemFree:         6418664 kB
MemAvailable:    8115088 kB
Buffers:            6160 kB
Cached:          1887488 kB
SwapCached:            0 kB
Active:          1488924 kB
Inactive:        1642872 kB
Active(anon):    1244592 kB
Inactive(anon):    25548 kB
Active(file):     244332 kB
Inactive(file):  1617324 kB
Unevictable:        5552 kB
Mlocked:            5552 kB
SwapTotal:       3145724 kB
SwapFree:        3145724 kB
Dirty:               256 kB
Writeback:             0 kB
AnonPages:       1243824 kB
Mapped:           852184 kB
Shmem:             27492 kB
KReclaimable:     703472 kB
Slab:             224500 kB
SReclaimable:      79828 kB
SUnreclaim:       144672 kB
KernelStack:       46384 kB
PageTables:        62836 kB
NFS_Unstable:          0 kB
Bounce:                0 kB
WritebackTmp:          0 kB
CommitLimit:     9202288 kB
Committed_AS:   66053896 kB
VmallocTotal:   263061440 kB
VmallocUsed:      103388 kB
VmallocChunk:          0 kB
Percpu:             7648 kB
CmaTotal:         294912 kB
CmaFree:               0 kB
MemTotal:       12113132 kB
MemFree:         6417916 kB
MemAvailable:    8114340 kB
Buffers:            6160 kB
Cached:          1887488 kB
SwapCached:            0 kB
Active:          1489972 kB
Inactive:        1642876 kB
Active(anon):    1245644 kB
Inactive(anon):    25548 kB
Active(file):     244328 kB
Inactive(file):  1617328 kB
Unevictable:        5552 kB
Mlocked:            5552 kB
SwapTotal:       3145724 kB
SwapFree:        3145724 kB
Dirty:               284 kB
Writeback:             0 kB
AnonPages:       1244656 kB
Mapped:           852184 kB
Shmem:             27492 kB
KReclaimable:     703472 kB
Slab:             224492 kB
SReclaimable:      79828 kB
SUnreclaim:       144664 kB
KernelStack:       46384 kB
PageTables:        62832 kB
NFS_Unstable:          0 kB
Bounce:                0 kB
WritebackTmp:          0 kB
CommitLimit:     9202288 kB
Committed_AS:   66052732 kB
VmallocTotal:   263061440 kB
VmallocUsed:      103372 kB
VmallocChunk:          0 kB
Percpu:             7648 kB
CmaTotal:         294912 kB
CmaFree:               0 kB
MemTotal:       12113132 kB
MemFree:         6417440 kB
MemAvailable:    8113888 kB
Buffers:            6160 kB
Cached:          1887512 kB
SwapCached:            0 kB
Active:          1490064 kB
Inactive:        1642896 kB
Active(anon):    1245732 kB
Inactive(anon):    25548 kB
Active(file):     244332 kB
Inactive(file):  1617348 kB
Unevictable:        5552 kB
Mlocked:            5552 kB
SwapTotal:       3145724 kB
SwapFree:        3145724 kB
Dirty:               320 kB
Writeback:             0 kB
AnonPages:       1244732 kB
Mapped:           852184 kB
Shmem:             27492 kB
KReclaimable:     703472 kB
Slab:             224492 kB
SReclaimable:      79828 kB
SUnreclaim:       144664 kB
KernelStack:       46352 kB
PageTables:        62832 kB
NFS_Unstable:          0 kB
Bounce:                0 kB
WritebackTmp:          0 kB
CommitLimit:     9202288 kB
Committed_AS:   66046900 kB
VmallocTotal:   263061440 kB
VmallocUsed:      103340 kB
VmallocChunk:          0 kB
Percpu:             7648 kB
CmaTotal:         294912 kB
CmaFree:               0 kB
MemTotal:       12113132 kB
MemFree:         6417988 kB
MemAvailable:    8114452 kB
Buffers:            6160 kB
Cached:          1887528 kB
SwapCached:            0 kB
Active:          1488960 kB
Inactive:        1642912 kB
Active(anon):    1244628 kB
Inactive(anon):    25548 kB
Active(file):     244332 kB
Inactive(file):  1617364 kB
Unevictable:        5552 kB
Mlocked:            5552 kB
SwapTotal:       3145724 kB
SwapFree:        3145724 kB
Dirty:               164 kB
Writeback:             0 kB
AnonPages:       1243880 kB
Mapped:           852184 kB
Shmem:             27492 kB
KReclaimable:     703472 kB
Slab:             224500 kB
SReclaimable:      79828 kB
SUnreclaim:       144672 kB
KernelStack:       46352 kB
PageTables:        62824 kB
NFS_Unstable:          0 kB
Bounce:                0 kB
WritebackTmp:          0 kB
CommitLimit:     9202288 kB
Committed_AS:   66040044 kB
VmallocTotal:   263061440 kB
VmallocUsed:      103324 kB
VmallocChunk:          0 kB
Percpu:             7648 kB
CmaTotal:         294912 kB
CmaFree:             120 kB
MemTotal:       12113132 kB
MemFree:         6417620 kB
MemAvailable:    8114096 kB
Buffers:            6160 kB
Cached:          1887540 kB
SwapCached:            0 kB
Active:          1490112 kB
Inactive:        1642924 kB
Active(anon):    1245780 kB
Inactive(anon):    25548 kB
Active(file):     244332 kB
Inactive(file):  1617376 kB
Unevictable:        5552 kB
Mlocked:            5552 kB
SwapTotal:       3145724 kB
SwapFree:        3145724 kB
Dirty:               240 kB
Writeback:             0 kB
AnonPages:       1245240 kB
Mapped:           852184 kB
Shmem:             27492 kB
KReclaimable:     703472 kB
Slab:             224500 kB
SReclaimable:      79828 kB
SUnreclaim:       144672 kB
KernelStack:       46352 kB
PageTables:        62828 kB
NFS_Unstable:          0 kB
Bounce:                0 kB
WritebackTmp:          0 kB
CommitLimit:     9202288 kB
Committed_AS:   66044372 kB
VmallocTotal:   263061440 kB
VmallocUsed:      103340 kB
VmallocChunk:          0 kB
Percpu:             7648 kB
CmaTotal:         294912 kB
CmaFree:               0 kB
MemTotal:       12113132 kB
MemFree:         6417332 kB
MemAvailable:    8113820 kB
Buffers:            6160 kB
Cached:          1887552 kB
SwapCached:            0 kB
Active:          1490452 kB
Inactive:        1642936 kB
Active(anon):    1246120 kB
Inactive(anon):    25548 kB
Active(file):     244332 kB
Inactive(file):  1617388 kB
Unevictable:        5552 kB
Mlocked:            5552 kB
SwapTotal:       3145724 kB
SwapFree:        3145724 kB
Dirty:               308 kB
Writeback:             0 kB
AnonPages:       1245124 kB
Mapped:           852244 kB
Shmem:             27492 kB
KReclaimable:     703472 kB
Slab:             224500 kB
SReclaimable:      79828 kB
SUnreclaim:       144672 kB
KernelStack:       46352 kB
PageTables:        62956 kB
NFS_Unstable:          0 kB
Bounce:                0 kB
WritebackTmp:          0 kB
CommitLimit:     9202288 kB
Committed_AS:   66042948 kB
VmallocTotal:   263061440 kB
VmallocUsed:      103372 kB
VmallocChunk:          0 kB
Percpu:             7648 kB
CmaTotal:         294912 kB
CmaFree:               0 kB
MemTotal:       12113132 kB
MemFree:         6416216 kB
MemAvailable:    8112700 kB
Buffers:            6160 kB
Cached:          1887548 kB
SwapCached:            0 kB
Active:          1491216 kB
Inactive:        1642936 kB
Active(anon):    1246888 kB
Inactive(anon):    25548 kB
Active(file):     244328 kB
Inactive(file):  1617388 kB
Unevictable:        5552 kB
Mlocked:            5552 kB
SwapTotal:       3145724 kB
SwapFree:        3145724 kB
Dirty:               316 kB
Writeback:             0 kB
AnonPages:       1246184 kB
Mapped:           852244 kB
Shmem:             27492 kB
KReclaimable:     703472 kB
Slab:             224500 kB
SReclaimable:      79828 kB
SUnreclaim:       144672 kB
KernelStack:       46336 kB
PageTables:        62828 kB
NFS_Unstable:          0 kB
Bounce:                0 kB
WritebackTmp:          0 kB
CommitLimit:     9202288 kB
Committed_AS:   66048524 kB
VmallocTotal:   263061440 kB
VmallocUsed:      103372 kB
VmallocChunk:          0 kB
Percpu:             7648 kB
CmaTotal:         294912 kB
CmaFree:               0 kB
MemTotal:       12113132 kB
MemFree:         6415800 kB
MemAvailable:    8112308 kB
Buffers:            6160 kB
Cached:          1887572 kB
SwapCached:            0 kB
Active:          1492052 kB
Inactive:        1642956 kB
Active(anon):    1247720 kB
Inactive(anon):    25548 kB
Active(file):     244332 kB
Inactive(file):  1617408 kB
Unevictable:        5552 kB
Mlocked:            5552 kB
SwapTotal:       3145724 kB
SwapFree:        3145724 kB
Dirty:               344 kB
Writeback:             0 kB
AnonPages:       1246424 kB
Mapped:           852352 kB
Shmem:             27492 kB
KReclaimable:     703472 kB
Slab:             224500 kB
SReclaimable:      79828 kB
SUnreclaim:       144672 kB
KernelStack:       46336 kB
PageTables:        62840 kB
NFS_Unstable:          0 kB
Bounce:                0 kB
WritebackTmp:          0 kB
CommitLimit:     9202288 kB
Committed_AS:   66043276 kB
VmallocTotal:   263061440 kB
VmallocUsed:      103372 kB
VmallocChunk:          0 kB
Percpu:             7648 kB
CmaTotal:         294912 kB
CmaFree:               0 kB
MemTotal:       12113132 kB
MemFree:         6415492 kB
MemAvailable:    8112004 kB
Buffers:            6160 kB
Cached:          1887576 kB
SwapCached:            0 kB
Active:          1492816 kB
Inactive:        1642964 kB
Active(anon):    1248488 kB
Inactive(anon):    25548 kB
Active(file):     244328 kB
Inactive(file):  1617416 kB
Unevictable:        5552 kB
Mlocked:            5552 kB
SwapTotal:       3145724 kB
SwapFree:        3145724 kB
Dirty:               384 kB
Writeback:             0 kB
AnonPages:       1247580 kB
Mapped:           852244 kB
Shmem:             27492 kB
KReclaimable:     703472 kB
Slab:             224500 kB
SReclaimable:      79828 kB
SUnreclaim:       144672 kB
KernelStack:       46320 kB
PageTables:        62824 kB
NFS_Unstable:          0 kB
Bounce:                0 kB
WritebackTmp:          0 kB
CommitLimit:     9202288 kB
Committed_AS:   66042732 kB
VmallocTotal:   263061440 kB
VmallocUsed:      103356 kB
VmallocChunk:          0 kB
Percpu:             7648 kB
CmaTotal:         294912 kB
CmaFree:               0 kB
MemTotal:       12113132 kB
MemFree:         6415232 kB
MemAvailable:    8111768 kB
Buffers:            6160 kB
Cached:          1887600 kB
SwapCached:            0 kB
Active:          1492916 kB
Inactive:        1642984 kB
Active(anon):    1248584 kB
Inactive(anon):    25548 kB
Active(file):     244332 kB
Inactive(file):  1617436 kB
Unevictable:        5552 kB
Mlocked:            5552 kB
SwapTotal:       3145724 kB
SwapFree:        3145724 kB
Dirty:               404 kB
Writeback:             0 kB
AnonPages:       1247548 kB
Mapped:           852244 kB
Shmem:             27492 kB
KReclaimable:     703472 kB
Slab:             224500 kB
SReclaimable:      79828 kB
SUnreclaim:       144672 kB
KernelStack:       46320 kB
PageTables:        62828 kB
NFS_Unstable:          0 kB
Bounce:                0 kB
WritebackTmp:          0 kB
CommitLimit:     9202288 kB
Committed_AS:   66044320 kB
VmallocTotal:   263061440 kB
VmallocUsed:      103340 kB
VmallocChunk:          0 kB
Percpu:             7648 kB
CmaTotal:         294912 kB
CmaFree:               0 kB
MemTotal:       12113132 kB
MemFree:         6413752 kB
MemAvailable:    8110300 kB
Buffers:            6160 kB
Cached:          1887612 kB
SwapCached:            0 kB
Active:          1493320 kB
Inactive:        1642996 kB
Active(anon):    1248988 kB
Inactive(anon):    25548 kB
Active(file):     244332 kB
Inactive(file):  1617448 kB
Unevictable:        5552 kB
Mlocked:            5552 kB
SwapTotal:       3145724 kB
SwapFree:        3145724 kB
Dirty:               416 kB
Writeback:             0 kB
AnonPages:       1248112 kB
Mapped:           852244 kB
Shmem:             27492 kB
KReclaimable:     703472 kB
Slab:             224500 kB
SReclaimable:      79828 kB
SUnreclaim:       144672 kB
KernelStack:       46320 kB
PageTables:        62824 kB
NFS_Unstable:          0 kB
Bounce:                0 kB
WritebackTmp:          0 kB
CommitLimit:     9202288 kB
Committed_AS:   66043872 kB
VmallocTotal:   263061440 kB
VmallocUsed:      103340 kB
VmallocChunk:          0 kB
Percpu:             7648 kB
CmaTotal:         294912 kB
CmaFree:               0 kB
MemTotal:       12113132 kB
MemFree:         6413360 kB
MemAvailable:    8109916 kB
Buffers:            6160 kB
Cached:          1887620 kB
SwapCached:            0 kB
Active:          1494424 kB
Inactive:        1643004 kB
Active(anon):    1250092 kB
Inactive(anon):    25548 kB
Active(file):     244332 kB
Inactive(file):  1617456 kB
Unevictable:        5552 kB
Mlocked:            5552 kB
SwapTotal:       3145724 kB
SwapFree:        3145724 kB
Dirty:               436 kB
Writeback:             0 kB
AnonPages:       1249440 kB
Mapped:           852244 kB
Shmem:             27492 kB
KReclaimable:     703472 kB
Slab:             224500 kB
SReclaimable:      79828 kB
SUnreclaim:       144672 kB
KernelStack:       46320 kB
PageTables:        62828 kB
NFS_Unstable:          0 kB
Bounce:                0 kB
WritebackTmp:          0 kB
CommitLimit:     9202288 kB
Committed_AS:   66043492 kB
VmallocTotal:   263061440 kB
VmallocUsed:      103340 kB
VmallocChunk:          0 kB
Percpu:             7648 kB
CmaTotal:         294912 kB
CmaFree:               0 kB
MemTotal:       12113132 kB
MemFree:         6442604 kB
MemAvailable:    8139168 kB
Buffers:            6160 kB
Cached:          1887628 kB
SwapCached:            0 kB
Active:          1463860 kB
Inactive:        1643012 kB
Active(anon):    1219528 kB
Inactive(anon):    25548 kB
Active(file):     244332 kB
Inactive(file):  1617464 kB
Unevictable:        5552 kB
Mlocked:            5552 kB
SwapTotal:       3145724 kB
SwapFree:        3145724 kB
Dirty:               448 kB
Writeback:             0 kB
AnonPages:       1218176 kB
Mapped:           852244 kB
Shmem:             27492 kB
KReclaimable:     703472 kB
Slab:             224500 kB
SReclaimable:      79828 kB
SUnreclaim:       144672 kB
KernelStack:       46320 kB
PageTables:        62828 kB
NFS_Unstable:          0 kB
Bounce:                0 kB
WritebackTmp:          0 kB
CommitLimit:     9202288 kB
Committed_AS:   66037664 kB
VmallocTotal:   263061440 kB
VmallocUsed:      103324 kB
VmallocChunk:          0 kB
Percpu:             7648 kB
CmaTotal:         294912 kB
CmaFree:              32 kB
MemTotal:       12113132 kB
MemFree:         6437832 kB
MemAvailable:    8134412 kB
Buffers:            6160 kB
Cached:          1887644 kB
SwapCached:            0 kB
Active:          1470700 kB
Inactive:        1643028 kB
Active(anon):    1226368 kB
Inactive(anon):    25548 kB
Active(file):     244332 kB
Inactive(file):  1617480 kB
Unevictable:        5552 kB
Mlocked:            5552 kB
SwapTotal:       3145724 kB
SwapFree:        3145724 kB
Dirty:               464 kB
Writeback:             0 kB
AnonPages:       1225720 kB
Mapped:           852244 kB
Shmem:             27492 kB
KReclaimable:     703472 kB
Slab:             224500 kB
SReclaimable:      79828 kB
SUnreclaim:       144672 kB
KernelStack:       46384 kB
PageTables:        62936 kB
NFS_Unstable:          0 kB
Bounce:                0 kB
WritebackTmp:          0 kB
CommitLimit:     9202288 kB
Committed_AS:   66036672 kB
VmallocTotal:   263061440 kB
VmallocUsed:      103340 kB
VmallocChunk:          0 kB
Percpu:             7648 kB
CmaTotal:         294912 kB
CmaFree:              92 kB
MemTotal:       12113132 kB
MemFree:         6425560 kB
MemAvailable:    8122180 kB
Buffers:            6164 kB
Cached:          1887676 kB
SwapCached:            0 kB
Active:          1482152 kB
Inactive:        1643060 kB
Active(anon):    1237816 kB
Inactive(anon):    25548 kB
Active(file):     244336 kB
Inactive(file):  1617512 kB
Unevictable:        5552 kB
Mlocked:            5552 kB
SwapTotal:       3145724 kB
SwapFree:        3145724 kB
Dirty:               472 kB
Writeback:             0 kB
AnonPages:       1236716 kB
Mapped:           852244 kB
Shmem:             27492 kB
KReclaimable:     703476 kB
Slab:             224504 kB
SReclaimable:      79832 kB
SUnreclaim:       144672 kB
KernelStack:       46320 kB
PageTables:        62824 kB
NFS_Unstable:          0 kB
Bounce:                0 kB
WritebackTmp:          0 kB
CommitLimit:     9202288 kB
Committed_AS:   66048444 kB
VmallocTotal:   263061440 kB
VmallocUsed:      103324 kB
VmallocChunk:          0 kB
Percpu:             7648 kB
CmaTotal:         294912 kB
CmaFree:               0 kB
MemTotal:       12113132 kB
MemFree:         6438160 kB
MemAvailable:    8134784 kB
Buffers:            6164 kB
Cached:          1887680 kB
SwapCached:            0 kB
Active:          1468528 kB
Inactive:        1643064 kB
Active(anon):    1224192 kB
Inactive(anon):    25548 kB
Active(file):     244336 kB
Inactive(file):  1617516 kB
Unevictable:        5552 kB
Mlocked:            5552 kB
SwapTotal:       3145724 kB
SwapFree:        3145724 kB
Dirty:               492 kB
Writeback:             0 kB
AnonPages:       1222948 kB
Mapped:           852244 kB
Shmem:             27492 kB
KReclaimable:     703476 kB
Slab:             224496 kB
SReclaimable:      79832 kB
SUnreclaim:       144664 kB
KernelStack:       46320 kB
PageTables:        62820 kB
NFS_Unstable:          0 kB
Bounce:                0 kB
WritebackTmp:          0 kB
CommitLimit:     9202288 kB
Committed_AS:   66053812 kB
VmallocTotal:   263061440 kB
VmallocUsed:      103308 kB
VmallocChunk:          0 kB
Percpu:             7648 kB
CmaTotal:         294912 kB
CmaFree:              16 kB
MemTotal:       12113132 kB
MemFree:         6411328 kB
MemAvailable:    8107972 kB
Buffers:            6164 kB
Cached:          1887996 kB
SwapCached:            0 kB
Active:          1496368 kB
Inactive:        1643208 kB
Active(anon):    1252032 kB
Inactive(anon):    25672 kB
Active(file):     244336 kB
Inactive(file):  1617536 kB
Unevictable:        5552 kB
Mlocked:            5552 kB
SwapTotal:       3145724 kB
SwapFree:        3145724 kB
Dirty:               516 kB
Writeback:             0 kB
AnonPages:       1251368 kB
Mapped:           852368 kB
Shmem:             27788 kB
KReclaimable:     703476 kB
Slab:             224496 kB
SReclaimable:      79832 kB
SUnreclaim:       144664 kB
KernelStack:       46320 kB
PageTables:        62840 kB
NFS_Unstable:          0 kB
Bounce:                0 kB
WritebackTmp:          0 kB
CommitLimit:     9202288 kB
Committed_AS:   66044104 kB
VmallocTotal:   263061440 kB
VmallocUsed:      103276 kB
VmallocChunk:          0 kB
Percpu:             7648 kB
CmaTotal:         294912 kB
CmaFree:               0 kB
MemTotal:       12113132 kB
MemFree:         6419148 kB
MemAvailable:    8115800 kB
Buffers:            6164 kB
Cached:          1887708 kB
SwapCached:            0 kB
Active:          1488000 kB
Inactive:        1643092 kB
Active(anon):    1243664 kB
Inactive(anon):    25548 kB
Active(file):     244336 kB
Inactive(file):  1617544 kB
Unevictable:        5552 kB
Mlocked:            5552 kB
SwapTotal:       3145724 kB
SwapFree:        3145724 kB
Dirty:               576 kB
Writeback:             0 kB
AnonPages:       1242544 kB
Mapped:           852244 kB
Shmem:             27492 kB
KReclaimable:     703476 kB
Slab:             224552 kB
SReclaimable:      79832 kB
SUnreclaim:       144720 kB
KernelStack:       46320 kB
PageTables:        62816 kB
NFS_Unstable:          0 kB
Bounce:                0 kB
WritebackTmp:          0 kB
CommitLimit:     9202288 kB
Committed_AS:   66055800 kB
VmallocTotal:   263061440 kB
VmallocUsed:      103340 kB
VmallocChunk:          0 kB
Percpu:             7648 kB
CmaTotal:         294912 kB
CmaFree:               4 kB
MemTotal:       12113132 kB
MemFree:         6418720 kB
MemAvailable:    8115384 kB
Buffers:            6164 kB
Cached:          1887720 kB
SwapCached:            0 kB
Active:          1488612 kB
Inactive:        1643100 kB
Active(anon):    1244272 kB
Inactive(anon):    25548 kB
Active(file):     244340 kB
Inactive(file):  1617552 kB
Unevictable:        5552 kB
Mlocked:            5552 kB
SwapTotal:       3145724 kB
SwapFree:        3145724 kB
Dirty:               184 kB
Writeback:             0 kB
AnonPages:       1243260 kB
Mapped:           852244 kB
Shmem:             27492 kB
KReclaimable:     703476 kB
Slab:             224496 kB
SReclaimable:      79832 kB
SUnreclaim:       144664 kB
KernelStack:       46320 kB
PageTables:        62824 kB
NFS_Unstable:          0 kB
Bounce:                0 kB
WritebackTmp:          0 kB
CommitLimit:     9202288 kB
Committed_AS:   66057624 kB
VmallocTotal:   263061440 kB
VmallocUsed:      103356 kB
VmallocChunk:          0 kB
Percpu:             7648 kB
CmaTotal:         294912 kB
CmaFree:               0 kB
MemTotal:       12113132 kB
MemFree:         6417668 kB
MemAvailable:    8114344 kB
Buffers:            6164 kB
Cached:          1887732 kB
SwapCached:            0 kB
Active:          1489492 kB
Inactive:        1643112 kB
Active(anon):    1245152 kB
Inactive(anon):    25548 kB
Active(file):     244340 kB
Inactive(file):  1617564 kB
Unevictable:        5552 kB
Mlocked:            5552 kB
SwapTotal:       3145724 kB
SwapFree:        3145724 kB
Dirty:               228 kB
Writeback:             0 kB
AnonPages:       1244500 kB
Mapped:           852244 kB
Shmem:             27492 kB
KReclaimable:     703476 kB
Slab:             224480 kB
SReclaimable:      79832 kB
SUnreclaim:       144648 kB
KernelStack:       46320 kB
PageTables:        62820 kB
NFS_Unstable:          0 kB
Bounce:                0 kB
WritebackTmp:          0 kB
CommitLimit:     9202288 kB
Committed_AS:   66063132 kB
VmallocTotal:   263061440 kB
VmallocUsed:      103340 kB
VmallocChunk:          0 kB
Percpu:             7648 kB
CmaTotal:         294912 kB
CmaFree:               0 kB
MemTotal:       12113132 kB
MemFree:         6416856 kB
MemAvailable:    8113544 kB
Buffers:            6164 kB
Cached:          1887744 kB
SwapCached:            0 kB
Active:          1489996 kB
Inactive:        1643124 kB
Active(anon):    1245656 kB
Inactive(anon):    25548 kB
Active(file):     244340 kB
Inactive(file):  1617576 kB
Unevictable:        5552 kB
Mlocked:            5552 kB
SwapTotal:       3145724 kB
SwapFree:        3145724 kB
Dirty:               264 kB
Writeback:             0 kB
AnonPages:       1245156 kB
Mapped:           852244 kB
Shmem:             27492 kB
KReclaimable:     703476 kB
Slab:             224464 kB
SReclaimable:      79832 kB
SUnreclaim:       144632 kB
KernelStack:       46320 kB
PageTables:        62820 kB
NFS_Unstable:          0 kB
Bounce:                0 kB
WritebackTmp:          0 kB
CommitLimit:     9202288 kB
Committed_AS:   66053476 kB
VmallocTotal:   263061440 kB
VmallocUsed:      103356 kB
VmallocChunk:          0 kB
Percpu:             7648 kB
CmaTotal:         294912 kB
CmaFree:               0 kB
MemTotal:       12113132 kB
MemFree:         6416712 kB
MemAvailable:    8113408 kB
Buffers:            6164 kB
Cached:          1887752 kB
SwapCached:            0 kB
Active:          1491160 kB
Inactive:        1643132 kB
Active(anon):    1246820 kB
Inactive(anon):    25548 kB
Active(file):     244340 kB
Inactive(file):  1617584 kB
Unevictable:        5552 kB
Mlocked:            5552 kB
SwapTotal:       3145724 kB
SwapFree:        3145724 kB
Dirty:               304 kB
Writeback:             0 kB
AnonPages:       1246064 kB
Mapped:           852244 kB
Shmem:             27492 kB
KReclaimable:     703476 kB
Slab:             224496 kB
SReclaimable:      79832 kB
SUnreclaim:       144664 kB
KernelStack:       46320 kB
PageTables:        62820 kB
NFS_Unstable:          0 kB
Bounce:                0 kB
WritebackTmp:          0 kB
CommitLimit:     9202288 kB
Committed_AS:   66053768 kB
VmallocTotal:   263061440 kB
VmallocUsed:      103356 kB
VmallocChunk:          0 kB
Percpu:             7648 kB
CmaTotal:         294912 kB
CmaFree:               0 kB
MemTotal:       12113132 kB
MemFree:         6416748 kB
MemAvailable:    8113484 kB
Buffers:            6164 kB
Cached:          1887792 kB
SwapCached:            0 kB
Active:          1491816 kB
Inactive:        1643168 kB
Active(anon):    1247472 kB
Inactive(anon):    25548 kB
Active(file):     244344 kB
Inactive(file):  1617620 kB
Unevictable:        5552 kB
Mlocked:            5552 kB
SwapTotal:       3145724 kB
SwapFree:        3145724 kB
Dirty:               320 kB
Writeback:             0 kB
AnonPages:       1246316 kB
Mapped:           852244 kB
Shmem:             27492 kB
KReclaimable:     703476 kB
Slab:             224464 kB
SReclaimable:      79832 kB
SUnreclaim:       144632 kB
KernelStack:       46320 kB
PageTables:        62816 kB
NFS_Unstable:          0 kB
Bounce:                0 kB
WritebackTmp:          0 kB
CommitLimit:     9202288 kB
Committed_AS:   66053816 kB
VmallocTotal:   263061440 kB
VmallocUsed:      103308 kB
VmallocChunk:          0 kB
Percpu:             7648 kB
CmaTotal:         294912 kB
CmaFree:               0 kB
MemTotal:       12113132 kB
MemFree:         6415944 kB
MemAvailable:    8112664 kB
Buffers:            6164 kB
Cached:          1887796 kB
SwapCached:            0 kB
Active:          1492788 kB
Inactive:        1643176 kB
Active(anon):    1248448 kB
Inactive(anon):    25568 kB
Active(file):     244340 kB
Inactive(file):  1617608 kB
Unevictable:        5552 kB
Mlocked:            5552 kB
SwapTotal:       3145724 kB
SwapFree:        3145724 kB
Dirty:               400 kB
Writeback:             0 kB
AnonPages:       1247664 kB
Mapped:           852264 kB
Shmem:             27512 kB
KReclaimable:     703476 kB
Slab:             224488 kB
SReclaimable:      79832 kB
SUnreclaim:       144656 kB
KernelStack:       46416 kB
PageTables:        62832 kB
NFS_Unstable:          0 kB
Bounce:                0 kB
WritebackTmp:          0 kB
CommitLimit:     9202288 kB
Committed_AS:   66048716 kB
VmallocTotal:   263061440 kB
VmallocUsed:      103356 kB
VmallocChunk:          0 kB
Percpu:             7648 kB
CmaTotal:         294912 kB
CmaFree:               0 kB
MemTotal:       12113132 kB
MemFree:         6415128 kB
MemAvailable:    8111864 kB
Buffers:            6164 kB
Cached:          1887812 kB
SwapCached:            0 kB
Active:          1493780 kB
Inactive:        1643196 kB
Active(anon):    1249444 kB
Inactive(anon):    25568 kB
Active(file):     244336 kB
Inactive(file):  1617628 kB
Unevictable:        5552 kB
Mlocked:            5552 kB
SwapTotal:       3145724 kB
SwapFree:        3145724 kB
Dirty:               420 kB
Writeback:             0 kB
AnonPages:       1248452 kB
Mapped:           852264 kB
Shmem:             27512 kB
KReclaimable:     703476 kB
Slab:             224448 kB
SReclaimable:      79832 kB
SUnreclaim:       144616 kB
KernelStack:       46416 kB
PageTables:        62832 kB
NFS_Unstable:          0 kB
Bounce:                0 kB
WritebackTmp:          0 kB
CommitLimit:     9202288 kB
Committed_AS:   66048820 kB
VmallocTotal:   263061440 kB
VmallocUsed:      103356 kB
VmallocChunk:          0 kB
Percpu:             7648 kB
CmaTotal:         294912 kB
CmaFree:               0 kB
MemTotal:       12113132 kB
MemFree:         6413960 kB
MemAvailable:    8110708 kB
Buffers:            6164 kB
Cached:          1887824 kB
SwapCached:            0 kB
Active:          1493632 kB
Inactive:        1643200 kB
Active(anon):    1249288 kB
Inactive(anon):    25568 kB
Active(file):     244344 kB
Inactive(file):  1617632 kB
Unevictable:        5552 kB
Mlocked:            5552 kB
SwapTotal:       3145724 kB
SwapFree:        3145724 kB
Dirty:               432 kB
Writeback:             0 kB
AnonPages:       1248528 kB
Mapped:           852264 kB
Shmem:             27512 kB
KReclaimable:     703476 kB
Slab:             224464 kB
SReclaimable:      79832 kB
SUnreclaim:       144632 kB
KernelStack:       46432 kB
PageTables:        62960 kB
NFS_Unstable:          0 kB
Bounce:                0 kB
WritebackTmp:          0 kB
CommitLimit:     9202288 kB
Committed_AS:   66047800 kB
VmallocTotal:   263061440 kB
VmallocUsed:      103356 kB
VmallocChunk:          0 kB
Percpu:             7648 kB
CmaTotal:         294912 kB
CmaFree:               0 kB
MemTotal:       12113132 kB
MemFree:         6413588 kB
MemAvailable:    8110348 kB
Buffers:            6164 kB
Cached:          1887836 kB
SwapCached:            0 kB
Active:          1494320 kB
Inactive:        1643212 kB
Active(anon):    1249976 kB
Inactive(anon):    25568 kB
Active(file):     244344 kB
Inactive(file):  1617644 kB
Unevictable:        5552 kB
Mlocked:            5552 kB
SwapTotal:       3145724 kB
SwapFree:        3145724 kB
Dirty:               460 kB
Writeback:             0 kB
AnonPages:       1248636 kB
Mapped:           852372 kB
Shmem:             27512 kB
KReclaimable:     703476 kB
Slab:             224440 kB
SReclaimable:      79832 kB
SUnreclaim:       144608 kB
KernelStack:       46416 kB
PageTables:        62824 kB
NFS_Unstable:          0 kB
Bounce:                0 kB
WritebackTmp:          0 kB
CommitLimit:     9202288 kB
Committed_AS:   66042292 kB
VmallocTotal:   263061440 kB
VmallocUsed:      103356 kB
VmallocChunk:          0 kB
Percpu:             7648 kB
CmaTotal:         294912 kB
CmaFree:               0 kB
MemTotal:       12113132 kB
MemFree:         6415284 kB
MemAvailable:    8112052 kB
Buffers:            6164 kB
Cached:          1887844 kB
SwapCached:            0 kB
Active:          1490540 kB
Inactive:        1643220 kB
Active(anon):    1246196 kB
Inactive(anon):    25568 kB
Active(file):     244344 kB
Inactive(file):  1617652 kB
Unevictable:        5552 kB
Mlocked:            5552 kB
SwapTotal:       3145724 kB
SwapFree:        3145724 kB
Dirty:               468 kB
Writeback:             0 kB
AnonPages:       1245456 kB
Mapped:           852424 kB
Shmem:             27512 kB
KReclaimable:     703476 kB
Slab:             224464 kB
SReclaimable:      79832 kB
SUnreclaim:       144632 kB
KernelStack:       46416 kB
PageTables:        62836 kB
NFS_Unstable:          0 kB
Bounce:                0 kB
WritebackTmp:          0 kB
CommitLimit:     9202288 kB
Committed_AS:   66038512 kB
VmallocTotal:   263061440 kB
VmallocUsed:      103404 kB
VmallocChunk:          0 kB
Percpu:             7648 kB
CmaTotal:         294912 kB
CmaFree:               0 kB
MemTotal:       12113132 kB
MemFree:         6415916 kB
MemAvailable:    8112704 kB
Buffers:            6168 kB
Cached:          1887860 kB
SwapCached:            0 kB
Active:          1491684 kB
Inactive:        1643236 kB
Active(anon):    1247336 kB
Inactive(anon):    25568 kB
Active(file):     244348 kB
Inactive(file):  1617668 kB
Unevictable:        5552 kB
Mlocked:            5552 kB
SwapTotal:       3145724 kB
SwapFree:        3145724 kB
Dirty:               484 kB
Writeback:             0 kB
AnonPages:       1246524 kB
Mapped:           852424 kB
Shmem:             27512 kB
KReclaimable:     703476 kB
Slab:             224432 kB
SReclaimable:      79832 kB
SUnreclaim:       144600 kB
KernelStack:       46416 kB
PageTables:        62828 kB
NFS_Unstable:          0 kB
Bounce:                0 kB
WritebackTmp:          0 kB
CommitLimit:     9202288 kB
Committed_AS:   66036852 kB
VmallocTotal:   263061440 kB
VmallocUsed:      103372 kB
VmallocChunk:          0 kB
Percpu:             7648 kB
CmaTotal:         294912 kB
CmaFree:               0 kB
MemTotal:       12113132 kB
MemFree:         6448424 kB
MemAvailable:    8145240 kB
Buffers:            6168 kB
Cached:          1887888 kB
SwapCached:            0 kB
Active:          1456936 kB
Inactive:        1643268 kB
Active(anon):    1212592 kB
Inactive(anon):    25568 kB
Active(file):     244344 kB
Inactive(file):  1617700 kB
Unevictable:        5552 kB
Mlocked:            5552 kB
SwapTotal:       3145724 kB
SwapFree:        3145724 kB
Dirty:               512 kB
Writeback:             0 kB
AnonPages:       1211584 kB
Mapped:           852424 kB
Shmem:             27512 kB
KReclaimable:     703476 kB
Slab:             224488 kB
SReclaimable:      79832 kB
SUnreclaim:       144656 kB
KernelStack:       46400 kB
PageTables:        62824 kB
NFS_Unstable:          0 kB
Bounce:                0 kB
WritebackTmp:          0 kB
CommitLimit:     9202288 kB
Committed_AS:   66043392 kB
VmallocTotal:   263061440 kB
VmallocUsed:      103356 kB
VmallocChunk:          0 kB
Percpu:             7648 kB
CmaTotal:         294912 kB
CmaFree:               0 kB
MemTotal:       12113132 kB
MemFree:         6448432 kB
MemAvailable:    8145260 kB
Buffers:            6168 kB
Cached:          1887900 kB
SwapCached:            0 kB
Active:          1457764 kB
Inactive:        1643280 kB
Active(anon):    1213420 kB
Inactive(anon):    25568 kB
Active(file):     244344 kB
Inactive(file):  1617712 kB
Unevictable:        5552 kB
Mlocked:            5552 kB
SwapTotal:       3145724 kB
SwapFree:        3145724 kB
Dirty:               516 kB
Writeback:             0 kB
AnonPages:       1212256 kB
Mapped:           852424 kB
Shmem:             27512 kB
KReclaimable:     703476 kB
Slab:             224432 kB
SReclaimable:      79832 kB
SUnreclaim:       144600 kB
KernelStack:       46400 kB
PageTables:        62912 kB
NFS_Unstable:          0 kB
Bounce:                0 kB
WritebackTmp:          0 kB
CommitLimit:     9202288 kB
Committed_AS:   66037348 kB
VmallocTotal:   263061440 kB
VmallocUsed:      103324 kB
VmallocChunk:          0 kB
Percpu:             7648 kB
CmaTotal:         294912 kB
CmaFree:               0 kB
MemTotal:       12113132 kB
MemFree:         6448848 kB
MemAvailable:    8145684 kB
Buffers:            6168 kB
Cached:          1887908 kB
SwapCached:            0 kB
Active:          1458208 kB
Inactive:        1643284 kB
Active(anon):    1213860 kB
Inactive(anon):    25568 kB
Active(file):     244348 kB
Inactive(file):  1617716 kB
Unevictable:        5552 kB
Mlocked:            5552 kB
SwapTotal:       3145724 kB
SwapFree:        3145724 kB
Dirty:               524 kB
Writeback:             0 kB
AnonPages:       1213224 kB
Mapped:           852424 kB
Shmem:             27512 kB
KReclaimable:     703476 kB
Slab:             224464 kB
SReclaimable:      79832 kB
SUnreclaim:       144632 kB
KernelStack:       46384 kB
PageTables:        62828 kB
NFS_Unstable:          0 kB
Bounce:                0 kB
WritebackTmp:          0 kB
CommitLimit:     9202288 kB
Committed_AS:   66042180 kB
VmallocTotal:   263061440 kB
VmallocUsed:      103340 kB
VmallocChunk:          0 kB
Percpu:             7648 kB
CmaTotal:         294912 kB
CmaFree:               0 kB
MemTotal:       12113132 kB
MemFree:         6448464 kB
MemAvailable:    8145320 kB
Buffers:            6168 kB
Cached:          1887928 kB
SwapCached:            0 kB
Active:          1458900 kB
Inactive:        1643304 kB
Active(anon):    1214552 kB
Inactive(anon):    25568 kB
Active(file):     244348 kB
Inactive(file):  1617736 kB
Unevictable:        5552 kB
Mlocked:            5552 kB
SwapTotal:       3145724 kB
SwapFree:        3145724 kB
Dirty:               560 kB
Writeback:             0 kB
AnonPages:       1213864 kB
Mapped:           852424 kB
Shmem:             27512 kB
KReclaimable:     703476 kB
Slab:             224424 kB
SReclaimable:      79832 kB
SUnreclaim:       144592 kB
KernelStack:       46384 kB
PageTables:        62840 kB
NFS_Unstable:          0 kB
Bounce:                0 kB
WritebackTmp:          0 kB
CommitLimit:     9202288 kB
Committed_AS:   66046796 kB
VmallocTotal:   263061440 kB
VmallocUsed:      103372 kB
VmallocChunk:          0 kB
Percpu:             7648 kB
CmaTotal:         294912 kB
CmaFree:              48 kB
MemTotal:       12113132 kB
MemFree:         6448092 kB
MemAvailable:    8144928 kB
Buffers:            6168 kB
Cached:          1887912 kB
SwapCached:            0 kB
Active:          1459760 kB
Inactive:        1643292 kB
Active(anon):    1215416 kB
Inactive(anon):    25572 kB
Active(file):     244344 kB
Inactive(file):  1617720 kB
Unevictable:        5552 kB
Mlocked:            5552 kB
SwapTotal:       3145724 kB
SwapFree:        3145724 kB
Dirty:               352 kB
Writeback:             0 kB
AnonPages:       1214488 kB
Mapped:           852428 kB
Shmem:             27516 kB
KReclaimable:     703476 kB
Slab:             224472 kB
SReclaimable:      79832 kB
SUnreclaim:       144640 kB
KernelStack:       46416 kB
PageTables:        62832 kB
NFS_Unstable:          0 kB
Bounce:                0 kB
WritebackTmp:          0 kB
CommitLimit:     9202288 kB
Committed_AS:   66047736 kB
VmallocTotal:   263061440 kB
VmallocUsed:      103388 kB
VmallocChunk:          0 kB
Percpu:             7648 kB
CmaTotal:         294912 kB
CmaFree:               4 kB
MemTotal:       12113132 kB
MemFree:         6448228 kB
MemAvailable:    8145068 kB
Buffers:            6168 kB
Cached:          1887916 kB
SwapCached:            0 kB
Active:          1460036 kB
Inactive:        1643300 kB
Active(anon):    1215696 kB
Inactive(anon):    25572 kB
Active(file):     244340 kB
Inactive(file):  1617728 kB
Unevictable:        5552 kB
Mlocked:            5552 kB
SwapTotal:       3145724 kB
SwapFree:        3145724 kB
Dirty:               312 kB
Writeback:             0 kB
AnonPages:       1214872 kB
Mapped:           852428 kB
Shmem:             27516 kB
KReclaimable:     703476 kB
Slab:             224448 kB
SReclaimable:      79832 kB
SUnreclaim:       144616 kB
KernelStack:       46384 kB
PageTables:        62840 kB
NFS_Unstable:          0 kB
Bounce:                0 kB
WritebackTmp:          0 kB
CommitLimit:     9202288 kB
Committed_AS:   66047056 kB
VmallocTotal:   263061440 kB
VmallocUsed:      103372 kB
VmallocChunk:          0 kB
Percpu:             7648 kB
CmaTotal:         294912 kB
CmaFree:               0 kB
MemTotal:       12113132 kB
MemFree:         6446552 kB
MemAvailable:    8143416 kB
Buffers:            6168 kB
Cached:          1887940 kB
SwapCached:            0 kB
Active:          1460944 kB
Inactive:        1643320 kB
Active(anon):    1216600 kB
Inactive(anon):    25572 kB
Active(file):     244344 kB
Inactive(file):  1617748 kB
Unevictable:        5552 kB
Mlocked:            5552 kB
SwapTotal:       3145724 kB
SwapFree:        3145724 kB
Dirty:               360 kB
Writeback:             0 kB
AnonPages:       1215580 kB
Mapped:           852428 kB
Shmem:             27516 kB
KReclaimable:     703476 kB
Slab:             224504 kB
SReclaimable:      79832 kB
SUnreclaim:       144672 kB
KernelStack:       46384 kB
PageTables:        62836 kB
NFS_Unstable:          0 kB
Bounce:                0 kB
WritebackTmp:          0 kB
CommitLimit:     9202288 kB
Committed_AS:   66047004 kB
VmallocTotal:   263061440 kB
VmallocUsed:      103372 kB
VmallocChunk:          0 kB
Percpu:             7648 kB
CmaTotal:         294912 kB
CmaFree:               0 kB
MemTotal:       12113132 kB
MemFree:         6445924 kB
MemAvailable:    8142828 kB
Buffers:            6168 kB
Cached:          1887980 kB
SwapCached:            0 kB
Active:          1461468 kB
Inactive:        1643356 kB
Active(anon):    1217120 kB
Inactive(anon):    25572 kB
Active(file):     244348 kB
Inactive(file):  1617784 kB
Unevictable:        5552 kB
Mlocked:            5552 kB
SwapTotal:       3145724 kB
SwapFree:        3145724 kB
Dirty:               380 kB
Writeback:             0 kB
AnonPages:       1216092 kB
Mapped:           852428 kB
Shmem:             27516 kB
KReclaimable:     703476 kB
Slab:             224464 kB
SReclaimable:      79832 kB
SUnreclaim:       144632 kB
KernelStack:       46336 kB
PageTables:        62828 kB
NFS_Unstable:          0 kB
Bounce:                0 kB
WritebackTmp:          0 kB
CommitLimit:     9202288 kB
Committed_AS:   66046784 kB
VmallocTotal:   263061440 kB
VmallocUsed:      103356 kB
VmallocChunk:          0 kB
Percpu:             7648 kB
CmaTotal:         294912 kB
CmaFree:               0 kB
MemTotal:       12113132 kB
MemFree:         6444456 kB
MemAvailable:    8141368 kB
Buffers:            6168 kB
Cached:          1887988 kB
SwapCached:            0 kB
Active:          1462412 kB
Inactive:        1643364 kB
Active(anon):    1218064 kB
Inactive(anon):    25572 kB
Active(file):     244348 kB
Inactive(file):  1617792 kB
Unevictable:        5552 kB
Mlocked:            5552 kB
SwapTotal:       3145724 kB
SwapFree:        3145724 kB
Dirty:               388 kB
Writeback:             0 kB
AnonPages:       1217192 kB
Mapped:           852428 kB
Shmem:             27516 kB
KReclaimable:     703476 kB
Slab:             224488 kB
SReclaimable:      79832 kB
SUnreclaim:       144656 kB
KernelStack:       46336 kB
PageTables:        62840 kB
NFS_Unstable:          0 kB
Bounce:                0 kB
WritebackTmp:          0 kB
CommitLimit:     9202288 kB
Committed_AS:   66048708 kB
VmallocTotal:   263061440 kB
VmallocUsed:      103388 kB
VmallocChunk:          0 kB
Percpu:             7648 kB
CmaTotal:         294912 kB
CmaFree:               0 kB
MemTotal:       12113132 kB
MemFree:         6444040 kB
MemAvailable:    8140968 kB
Buffers:            6168 kB
Cached:          1888004 kB
SwapCached:            0 kB
Active:          1463200 kB
Inactive:        1643380 kB
Active(anon):    1218852 kB
Inactive(anon):    25572 kB
Active(file):     244348 kB
Inactive(file):  1617808 kB
Unevictable:        5552 kB
Mlocked:            5552 kB
SwapTotal:       3145724 kB
SwapFree:        3145724 kB
Dirty:               440 kB
Writeback:             0 kB
AnonPages:       1217896 kB
Mapped:           852428 kB
Shmem:             27516 kB
KReclaimable:     703476 kB
Slab:             224472 kB
SReclaimable:      79832 kB
SUnreclaim:       144640 kB
KernelStack:       46432 kB
PageTables:        62832 kB
NFS_Unstable:          0 kB
Bounce:                0 kB
WritebackTmp:          0 kB
CommitLimit:     9202288 kB
Committed_AS:   66048456 kB
VmallocTotal:   263061440 kB
VmallocUsed:      103404 kB
VmallocChunk:          0 kB
Percpu:             7648 kB
CmaTotal:         294912 kB
CmaFree:               0 kB
MemTotal:       12113132 kB
MemFree:         6442220 kB
MemAvailable:    8139156 kB
Buffers:            6168 kB
Cached:          1888012 kB
SwapCached:            0 kB
Active:          1464616 kB
Inactive:        1643388 kB
Active(anon):    1220268 kB
Inactive(anon):    25572 kB
Active(file):     244348 kB
Inactive(file):  1617816 kB
Unevictable:        5552 kB
Mlocked:            5552 kB
SwapTotal:       3145724 kB
SwapFree:        3145724 kB
Dirty:               280 kB
Writeback:             0 kB
AnonPages:       1219448 kB
Mapped:           852428 kB
Shmem:             27516 kB
KReclaimable:     703476 kB
Slab:             224504 kB
SReclaimable:      79832 kB
SUnreclaim:       144672 kB
KernelStack:       46432 kB
PageTables:        62836 kB
NFS_Unstable:          0 kB
Bounce:                0 kB
WritebackTmp:          0 kB
CommitLimit:     9202288 kB
Committed_AS:   66048700 kB
VmallocTotal:   263061440 kB
VmallocUsed:      103468 kB
VmallocChunk:          0 kB
Percpu:             7648 kB
CmaTotal:         294912 kB
CmaFree:               0 kB
MemTotal:       12113132 kB
MemFree:         6441592 kB
MemAvailable:    8138536 kB
Buffers:            6168 kB
Cached:          1888020 kB
SwapCached:            0 kB
Active:          1464636 kB
Inactive:        1643396 kB
Active(anon):    1220288 kB
Inactive(anon):    25572 kB
Active(file):     244348 kB
Inactive(file):  1617824 kB
Unevictable:        5552 kB
Mlocked:            5552 kB
SwapTotal:       3145724 kB
SwapFree:        3145724 kB
Dirty:               288 kB
Writeback:             0 kB
AnonPages:       1219644 kB
Mapped:           852428 kB
Shmem:             27516 kB
KReclaimable:     703476 kB
Slab:             224480 kB
SReclaimable:      79832 kB
SUnreclaim:       144648 kB
KernelStack:       46432 kB
PageTables:        62832 kB
NFS_Unstable:          0 kB
Bounce:                0 kB
WritebackTmp:          0 kB
CommitLimit:     9202288 kB
Committed_AS:   66049532 kB
VmallocTotal:   263061440 kB
VmallocUsed:      103468 kB
VmallocChunk:          0 kB
Percpu:             7648 kB
CmaTotal:         294912 kB
CmaFree:               0 kB
MemTotal:       12113132 kB
MemFree:         6441264 kB
MemAvailable:    8138228 kB
Buffers:            6168 kB
Cached:          1888044 kB
SwapCached:            0 kB
Active:          1465232 kB
Inactive:        1643420 kB
Active(anon):    1220884 kB
Inactive(anon):    25576 kB
Active(file):     244348 kB
Inactive(file):  1617844 kB
Unevictable:        5552 kB
Mlocked:            5552 kB
SwapTotal:       3145724 kB
SwapFree:        3145724 kB
Dirty:               336 kB
Writeback:             0 kB
AnonPages:       1220016 kB
Mapped:           852432 kB
Shmem:             27520 kB
KReclaimable:     703476 kB
Slab:             224464 kB
SReclaimable:      79832 kB
SUnreclaim:       144632 kB
KernelStack:       46416 kB
PageTables:        62836 kB
NFS_Unstable:          0 kB
Bounce:                0 kB
WritebackTmp:          0 kB
CommitLimit:     9202288 kB
Committed_AS:   66043864 kB
VmallocTotal:   263061440 kB
VmallocUsed:      103436 kB
VmallocChunk:          0 kB
Percpu:             7648 kB
CmaTotal:         294912 kB
CmaFree:              28 kB
MemTotal:       12113132 kB
MemFree:         6440644 kB
MemAvailable:    8137608 kB
Buffers:            6168 kB
Cached:          1888044 kB
SwapCached:            0 kB
Active:          1465544 kB
Inactive:        1643420 kB
Active(anon):    1221196 kB
Inactive(anon):    25576 kB
Active(file):     244348 kB
Inactive(file):  1617844 kB
Unevictable:        5552 kB
Mlocked:            5552 kB
SwapTotal:       3145724 kB
SwapFree:        3145724 kB
Dirty:               332 kB
Writeback:             0 kB
AnonPages:       1220056 kB
Mapped:           852432 kB
Shmem:             27520 kB
KReclaimable:     703476 kB
Slab:             224440 kB
SReclaimable:      79832 kB
SUnreclaim:       144608 kB
KernelStack:       46416 kB
PageTables:        62824 kB
NFS_Unstable:          0 kB
Bounce:                0 kB
WritebackTmp:          0 kB
CommitLimit:     9202288 kB
Committed_AS:   66043512 kB
VmallocTotal:   263061440 kB
VmallocUsed:      103420 kB
VmallocChunk:          0 kB
Percpu:             7648 kB
CmaTotal:         294912 kB
CmaFree:               0 kB
MemTotal:       12113132 kB
MemFree:         6439576 kB
MemAvailable:    8136580 kB
Buffers:            6172 kB
Cached:          1888080 kB
SwapCached:            0 kB
Active:          1466084 kB
Inactive:        1643456 kB
Active(anon):    1221732 kB
Inactive(anon):    25576 kB
Active(file):     244352 kB
Inactive(file):  1617880 kB
Unevictable:        5552 kB
Mlocked:            5552 kB
SwapTotal:       3145724 kB
SwapFree:        3145724 kB
Dirty:               364 kB
Writeback:             0 kB
AnonPages:       1221116 kB
Mapped:           852432 kB
Shmem:             27520 kB
KReclaimable:     703476 kB
Slab:             224456 kB
SReclaimable:      79832 kB
SUnreclaim:       144624 kB
KernelStack:       46416 kB
PageTables:        62828 kB
NFS_Unstable:          0 kB
Bounce:                0 kB
WritebackTmp:          0 kB
CommitLimit:     9202288 kB
Committed_AS:   66048628 kB
VmallocTotal:   263061440 kB
VmallocUsed:      103420 kB
VmallocChunk:          0 kB
Percpu:             7648 kB
CmaTotal:         294912 kB
CmaFree:               0 kB
MemTotal:       12113132 kB
MemFree:         6440032 kB
MemAvailable:    8137044 kB
Buffers:            6172 kB
Cached:          1888092 kB
SwapCached:            0 kB
Active:          1466856 kB
Inactive:        1643468 kB
Active(anon):    1222504 kB
Inactive(anon):    25580 kB
Active(file):     244352 kB
Inactive(file):  1617888 kB
Unevictable:        5552 kB
Mlocked:            5552 kB
SwapTotal:       3145724 kB
SwapFree:        3145724 kB
Dirty:               364 kB
Writeback:             0 kB
AnonPages:       1221160 kB
Mapped:           852436 kB
Shmem:             27524 kB
KReclaimable:     703476 kB
Slab:             224472 kB
SReclaimable:      79832 kB
SUnreclaim:       144640 kB
KernelStack:       46416 kB
PageTables:        62824 kB
NFS_Unstable:          0 kB
Bounce:                0 kB
WritebackTmp:          0 kB
CommitLimit:     9202288 kB
Committed_AS:   66053724 kB
VmallocTotal:   263061440 kB
VmallocUsed:      103420 kB
VmallocChunk:          0 kB
Percpu:             7648 kB
CmaTotal:         294912 kB
CmaFree:               0 kB
MemTotal:       12113132 kB
MemFree:         6443536 kB
MemAvailable:    8140564 kB
Buffers:            6172 kB
Cached:          1888108 kB
SwapCached:            0 kB
Active:          1462692 kB
Inactive:        1643484 kB
Active(anon):    1218340 kB
Inactive(anon):    25580 kB
Active(file):     244352 kB
Inactive(file):  1617904 kB
Unevictable:        5552 kB
Mlocked:            5552 kB
SwapTotal:       3145724 kB
SwapFree:        3145724 kB
Dirty:               380 kB
Writeback:             0 kB
AnonPages:       1217328 kB
Mapped:           852440 kB
Shmem:             27524 kB
KReclaimable:     703476 kB
Slab:             224456 kB
SReclaimable:      79832 kB
SUnreclaim:       144624 kB
KernelStack:       46432 kB
PageTables:        62952 kB
NFS_Unstable:          0 kB
Bounce:                0 kB
WritebackTmp:          0 kB
CommitLimit:     9202288 kB
Committed_AS:   66044312 kB
VmallocTotal:   263061440 kB
VmallocUsed:      103404 kB
VmallocChunk:          0 kB
Percpu:             7648 kB
CmaTotal:         294912 kB
CmaFree:               0 kB
MemTotal:       12113132 kB
MemFree:         6413908 kB
MemAvailable:    8110972 kB
Buffers:            6172 kB
Cached:          1888144 kB
SwapCached:            0 kB
Active:          1494600 kB
Inactive:        1643516 kB
Active(anon):    1250244 kB
Inactive(anon):    25580 kB
Active(file):     244356 kB
Inactive(file):  1617936 kB
Unevictable:        5552 kB
Mlocked:            5552 kB
SwapTotal:       3145724 kB
SwapFree:        3145724 kB
Dirty:               396 kB
Writeback:             0 kB
AnonPages:       1249496 kB
Mapped:           852436 kB
Shmem:             27524 kB
KReclaimable:     703476 kB
Slab:             224464 kB
SReclaimable:      79832 kB
SUnreclaim:       144632 kB
KernelStack:       46416 kB
PageTables:        62824 kB
NFS_Unstable:          0 kB
Bounce:                0 kB
WritebackTmp:          0 kB
CommitLimit:     9202288 kB
Committed_AS:   66048752 kB
VmallocTotal:   263061440 kB
VmallocUsed:      103420 kB
VmallocChunk:          0 kB
Percpu:             7648 kB
CmaTotal:         294912 kB
CmaFree:               8 kB
MemTotal:       12113132 kB
MemFree:         6420440 kB
MemAvailable:    8117492 kB
Buffers:            6172 kB
Cached:          1888132 kB
SwapCached:            0 kB
Active:          1486740 kB
Inactive:        1643508 kB
Active(anon):    1242388 kB
Inactive(anon):    25580 kB
Active(file):     244352 kB
Inactive(file):  1617928 kB
Unevictable:        5552 kB
Mlocked:            5552 kB
SwapTotal:       3145724 kB
SwapFree:        3145724 kB
Dirty:               420 kB
Writeback:             0 kB
AnonPages:       1241280 kB
Mapped:           852436 kB
Shmem:             27524 kB
KReclaimable:     703476 kB
Slab:             224464 kB
SReclaimable:      79832 kB
SUnreclaim:       144632 kB
KernelStack:       46432 kB
PageTables:        62576 kB
NFS_Unstable:          0 kB
Bounce:                0 kB
WritebackTmp:          0 kB
CommitLimit:     9202288 kB
Committed_AS:   66043152 kB
VmallocTotal:   263061440 kB
VmallocUsed:      103404 kB
VmallocChunk:          0 kB
Percpu:             7648 kB
CmaTotal:         294912 kB
CmaFree:               0 kB
MemTotal:       12113132 kB
MemFree:         6419408 kB
MemAvailable:    8116468 kB
Buffers:            6172 kB
Cached:          1888140 kB
SwapCached:            0 kB
Active:          1486812 kB
Inactive:        1643516 kB
Active(anon):    1242460 kB
Inactive(anon):    25580 kB
Active(file):     244352 kB
Inactive(file):  1617936 kB
Unevictable:        5552 kB
Mlocked:            5552 kB
SwapTotal:       3145724 kB
SwapFree:        3145724 kB
Dirty:               168 kB
Writeback:             0 kB
AnonPages:       1241636 kB
Mapped:           852544 kB
Shmem:             27524 kB
KReclaimable:     703476 kB
Slab:             224448 kB
SReclaimable:      79832 kB
SUnreclaim:       144616 kB
KernelStack:       46416 kB
PageTables:        62852 kB
NFS_Unstable:          0 kB
Bounce:                0 kB
WritebackTmp:          0 kB
CommitLimit:     9202288 kB
Committed_AS:   66038432 kB
VmallocTotal:   263061440 kB
VmallocUsed:      103436 kB
VmallocChunk:          0 kB
Percpu:             7648 kB
CmaTotal:         294912 kB
CmaFree:               0 kB
MemTotal:       12113132 kB
MemFree:         6420248 kB
MemAvailable:    8117316 kB
Buffers:            6172 kB
Cached:          1888152 kB
SwapCached:            0 kB
Active:          1487180 kB
Inactive:        1643496 kB
Active(anon):    1242832 kB
Inactive(anon):    25548 kB
Active(file):     244348 kB
Inactive(file):  1617948 kB
Unevictable:        5552 kB
Mlocked:            5552 kB
SwapTotal:       3145724 kB
SwapFree:        3145724 kB
Dirty:               224 kB
Writeback:             0 kB
AnonPages:       1242200 kB
Mapped:           852436 kB
Shmem:             27524 kB
KReclaimable:     703476 kB
Slab:             224448 kB
SReclaimable:      79832 kB
SUnreclaim:       144616 kB
KernelStack:       46416 kB
PageTables:        62836 kB
NFS_Unstable:          0 kB
Bounce:                0 kB
WritebackTmp:          0 kB
CommitLimit:     9202288 kB
Committed_AS:   66056200 kB
VmallocTotal:   263061440 kB
VmallocUsed:      103420 kB
VmallocChunk:          0 kB
Percpu:             7648 kB
CmaTotal:         294912 kB
CmaFree:               0 kB
MemTotal:       12113132 kB
MemFree:         6420820 kB
MemAvailable:    8117908 kB
Buffers:            6172 kB
Cached:          1888168 kB
SwapCached:            0 kB
Active:          1486424 kB
Inactive:        1643544 kB
Active(anon):    1242072 kB
Inactive(anon):    25580 kB
Active(file):     244352 kB
Inactive(file):  1617964 kB
Unevictable:        5552 kB
Mlocked:            5552 kB
SwapTotal:       3145724 kB
SwapFree:        3145724 kB
Dirty:               264 kB
Writeback:             0 kB
AnonPages:       1241100 kB
Mapped:           852436 kB
Shmem:             27524 kB
KReclaimable:     703476 kB
Slab:             224440 kB
SReclaimable:      79832 kB
SUnreclaim:       144608 kB
KernelStack:       46416 kB
PageTables:        62828 kB
NFS_Unstable:          0 kB
Bounce:                0 kB
WritebackTmp:          0 kB
CommitLimit:     9202288 kB
Committed_AS:   66061520 kB
VmallocTotal:   263061440 kB
VmallocUsed:      103420 kB
VmallocChunk:          0 kB
Percpu:             7648 kB
CmaTotal:         294912 kB
CmaFree:               0 kB
MemTotal:       12113132 kB
MemFree:         6419256 kB
MemAvailable:    8116348 kB
Buffers:            6172 kB
Cached:          1888172 kB
SwapCached:            0 kB
Active:          1488072 kB
Inactive:        1643548 kB
Active(anon):    1243720 kB
Inactive(anon):    25580 kB
Active(file):     244352 kB
Inactive(file):  1617968 kB
Unevictable:        5552 kB
Mlocked:            5552 kB
SwapTotal:       3145724 kB
SwapFree:        3145724 kB
Dirty:               268 kB
Writeback:             0 kB
AnonPages:       1242812 kB
Mapped:           852436 kB
Shmem:             27524 kB
KReclaimable:     703476 kB
Slab:             224464 kB
SReclaimable:      79832 kB
SUnreclaim:       144632 kB
KernelStack:       46416 kB
PageTables:        62840 kB
NFS_Unstable:          0 kB
Bounce:                0 kB
WritebackTmp:          0 kB
CommitLimit:     9202288 kB
Committed_AS:   66057956 kB
VmallocTotal:   263061440 kB
VmallocUsed:      103436 kB
VmallocChunk:          0 kB
Percpu:             7648 kB
CmaTotal:         294912 kB
CmaFree:               0 kB
MemTotal:       12113132 kB
MemFree:         6418284 kB
MemAvailable:    8115384 kB
Buffers:            6172 kB
Cached:          1888180 kB
SwapCached:            0 kB
Active:          1488392 kB
Inactive:        1643556 kB
Active(anon):    1244040 kB
Inactive(anon):    25580 kB
Active(file):     244352 kB
Inactive(file):  1617976 kB
Unevictable:        5552 kB
Mlocked:            5552 kB
SwapTotal:       3145724 kB
SwapFree:        3145724 kB
Dirty:               276 kB
Writeback:             0 kB
AnonPages:       1243128 kB
Mapped:           852436 kB
Shmem:             27524 kB
KReclaimable:     703476 kB
Slab:             224456 kB
SReclaimable:      79832 kB
SUnreclaim:       144624 kB
KernelStack:       46416 kB
PageTables:        62828 kB
NFS_Unstable:          0 kB
Bounce:                0 kB
WritebackTmp:          0 kB
CommitLimit:     9202288 kB
Committed_AS:   66061632 kB
VmallocTotal:   263061440 kB
VmallocUsed:      103420 kB
VmallocChunk:          0 kB
Percpu:             7648 kB
CmaTotal:         294912 kB
CmaFree:               0 kB
MemTotal:       12113132 kB
MemFree:         6416768 kB
MemAvailable:    8113884 kB
Buffers:            6172 kB
Cached:          1888200 kB
SwapCached:            0 kB
Active:          1489072 kB
Inactive:        1643572 kB
Active(anon):    1244720 kB
Inactive(anon):    25580 kB
Active(file):     244352 kB
Inactive(file):  1617992 kB
Unevictable:        5552 kB
Mlocked:            5552 kB
SwapTotal:       3145724 kB
SwapFree:        3145724 kB
Dirty:               372 kB
Writeback:             0 kB
AnonPages:       1244072 kB
Mapped:           852436 kB
Shmem:             27524 kB
KReclaimable:     703476 kB
Slab:             224456 kB
SReclaimable:      79832 kB
SUnreclaim:       144624 kB
KernelStack:       46416 kB
PageTables:        62824 kB
NFS_Unstable:          0 kB
Bounce:                0 kB
WritebackTmp:          0 kB
CommitLimit:     9202288 kB
Committed_AS:   66055404 kB
VmallocTotal:   263061440 kB
VmallocUsed:      103452 kB
