MemTotal:        5980404 kB
MemFree:         1232616 kB
MemAvailable:    2917076 kB
Buffers:            6360 kB
Cached:          1694880 kB
SwapCached:            0 kB
Active:          1259000 kB
Inactive:        1469716 kB
Active(anon):    1033788 kB
Inactive(anon):    20596 kB
Active(file):     225212 kB
Inactive(file):  1449120 kB
Unevictable:        5576 kB
Mlocked:            5576 kB
SwapTotal:       3670008 kB
SwapFree:        3670008 kB
Dirty:               212 kB
Writeback:             0 kB
AnonPages:       1032964 kB
Mapped:           781328 kB
Shmem:             22372 kB
KReclaimable:     572560 kB
Slab:             222132 kB
SReclaimable:      68704 kB
SUnreclaim:       153428 kB
KernelStack:       43488 kB
PageTables:        55444 kB
NFS_Unstable:          0 kB
Bounce:                0 kB
WritebackTmp:          0 kB
CommitLimit:     6660208 kB
Committed_AS:   61492892 kB
VmallocTotal:   263061440 kB
VmallocUsed:       83920 kB
VmallocChunk:          0 kB
Percpu:             7648 kB
CmaTotal:         315392 kB
CmaFree:               0 kB
MemTotal:        5980404 kB
MemFree:         1227600 kB
MemAvailable:    2912060 kB
Buffers:            6360 kB
Cached:          1694880 kB
SwapCached:            0 kB
Active:          1264460 kB
Inactive:        1469708 kB
Active(anon):    1039240 kB
Inactive(anon):    20596 kB
Active(file):     225220 kB
Inactive(file):  1449112 kB
Unevictable:        5576 kB
Mlocked:            5576 kB
SwapTotal:       3670008 kB
SwapFree:        3670008 kB
Dirty:               212 kB
Writeback:             0 kB
AnonPages:       1038564 kB
Mapped:           781224 kB
Shmem:             22372 kB
KReclaimable:     572560 kB
Slab:             222124 kB
SReclaimable:      68704 kB
SUnreclaim:       153420 kB
KernelStack:       43520 kB
PageTables:        55648 kB
NFS_Unstable:          0 kB
Bounce:                0 kB
WritebackTmp:          0 kB
CommitLimit:     6660208 kB
Committed_AS:   61494940 kB
VmallocTotal:   263061440 kB
VmallocUsed:       83936 kB
VmallocChunk:          0 kB
Percpu:             7648 kB
CmaTotal:         315392 kB
CmaFree:               0 kB
MemTotal:        5980404 kB
MemFree:         1225468 kB
MemAvailable:    2910060 kB
Buffers:            6360 kB
Cached:          1695012 kB
SwapCached:            0 kB
Active:          1265400 kB
Inactive:        1469824 kB
Active(anon):    1040164 kB
Inactive(anon):    20596 kB
Active(file):     225236 kB
Inactive(file):  1449228 kB
Unevictable:        5576 kB
Mlocked:            5576 kB
SwapTotal:       3670008 kB
SwapFree:        3670008 kB
Dirty:               400 kB
Writeback:             0 kB
AnonPages:       1039596 kB
Mapped:           781240 kB
Shmem:             22372 kB
KReclaimable:     572560 kB
Slab:             222140 kB
SReclaimable:      68704 kB
SUnreclaim:       153436 kB
KernelStack:       43712 kB
PageTables:        55588 kB
NFS_Unstable:          0 kB
Bounce:                0 kB
WritebackTmp:          0 kB
CommitLimit:     6660208 kB
Committed_AS:   61496744 kB
VmallocTotal:   263061440 kB
VmallocUsed:       84080 kB
VmallocChunk:          0 kB
Percpu:             7648 kB
CmaTotal:         315392 kB
CmaFree:               0 kB
MemTotal:        5980404 kB
MemFree:         1227048 kB
MemAvailable:    2911648 kB
Buffers:            6360 kB
Cached:          1695020 kB
SwapCached:            0 kB
Active:          1264280 kB
Inactive:        1469828 kB
Active(anon):    1039040 kB
Inactive(anon):    20596 kB
Active(file):     225240 kB
Inactive(file):  1449232 kB
Unevictable:        5576 kB
Mlocked:            5576 kB
SwapTotal:       3670008 kB
SwapFree:        3670008 kB
Dirty:               416 kB
Writeback:             0 kB
AnonPages:       1038324 kB
Mapped:           781012 kB
Shmem:             22372 kB
KReclaimable:     572560 kB
Slab:             222140 kB
SReclaimable:      68704 kB
SUnreclaim:       153436 kB
KernelStack:       43696 kB
PageTables:        55808 kB
NFS_Unstable:          0 kB
Bounce:                0 kB
WritebackTmp:          0 kB
CommitLimit:     6660208 kB
Committed_AS:   61492952 kB
VmallocTotal:   263061440 kB
VmallocUsed:       84096 kB
VmallocChunk:          0 kB
Percpu:             7648 kB
CmaTotal:         315392 kB
CmaFree:               0 kB
MemTotal:        5980404 kB
MemFree:         1226564 kB
MemAvailable:    2911164 kB
Buffers:            6360 kB
Cached:          1695020 kB
SwapCached:            0 kB
Active:          1264436 kB
Inactive:        1469828 kB
Active(anon):    1039196 kB
Inactive(anon):    20596 kB
Active(file):     225240 kB
Inactive(file):  1449232 kB
Unevictable:        5576 kB
Mlocked:            5576 kB
SwapTotal:       3670008 kB
SwapFree:        3670008 kB
Dirty:               416 kB
Writeback:             0 kB
AnonPages:       1038480 kB
Mapped:           781240 kB
Shmem:             22372 kB
KReclaimable:     572560 kB
Slab:             222132 kB
SReclaimable:      68704 kB
SUnreclaim:       153428 kB
KernelStack:       43696 kB
PageTables:        55644 kB
NFS_Unstable:          0 kB
Bounce:                0 kB
WritebackTmp:          0 kB
CommitLimit:     6660208 kB
Committed_AS:   61497364 kB
VmallocTotal:   263061440 kB
VmallocUsed:       84096 kB
VmallocChunk:          0 kB
Percpu:             7648 kB
CmaTotal:         315392 kB
CmaFree:             128 kB
MemTotal:        5980404 kB
MemFree:         1225672 kB
MemAvailable:    2910272 kB
Buffers:            6360 kB
Cached:          1695020 kB
SwapCached:            0 kB
Active:          1265256 kB
Inactive:        1469828 kB
Active(anon):    1040016 kB
Inactive(anon):    20596 kB
Active(file):     225240 kB
Inactive(file):  1449232 kB
Unevictable:        5576 kB
Mlocked:            5576 kB
SwapTotal:       3670008 kB
SwapFree:        3670008 kB
Dirty:               424 kB
Writeback:             0 kB
AnonPages:       1039468 kB
Mapped:           781256 kB
Shmem:             22372 kB
KReclaimable:     572560 kB
Slab:             222132 kB
SReclaimable:      68704 kB
SUnreclaim:       153428 kB
KernelStack:       43712 kB
PageTables:        55496 kB
NFS_Unstable:          0 kB
Bounce:                0 kB
WritebackTmp:          0 kB
CommitLimit:     6660208 kB
Committed_AS:   61499024 kB
VmallocTotal:   263061440 kB
VmallocUsed:       84064 kB
VmallocChunk:          0 kB
Percpu:             7648 kB
CmaTotal:         315392 kB
CmaFree:               0 kB
MemTotal:        5980404 kB
MemFree:         1225084 kB
MemAvailable:    2909684 kB
Buffers:            6360 kB
Cached:          1695020 kB
SwapCached:            0 kB
Active:          1265620 kB
Inactive:        1469828 kB
Active(anon):    1040380 kB
Inactive(anon):    20596 kB
Active(file):     225240 kB
Inactive(file):  1449232 kB
Unevictable:        5576 kB
Mlocked:            5576 kB
SwapTotal:       3670008 kB
SwapFree:        3670008 kB
Dirty:               160 kB
Writeback:             0 kB
AnonPages:       1039772 kB
Mapped:           781176 kB
Shmem:             22372 kB
KReclaimable:     572560 kB
Slab:             222132 kB
SReclaimable:      68704 kB
SUnreclaim:       153428 kB
KernelStack:       43696 kB
PageTables:        55652 kB
NFS_Unstable:          0 kB
Bounce:                0 kB
WritebackTmp:          0 kB
CommitLimit:     6660208 kB
Committed_AS:   61497380 kB
VmallocTotal:   263061440 kB
VmallocUsed:       84096 kB
VmallocChunk:          0 kB
Percpu:             7648 kB
CmaTotal:         315392 kB
CmaFree:              24 kB
MemTotal:        5980404 kB
MemFree:         1231984 kB
MemAvailable:    2916760 kB
Buffers:            6360 kB
Cached:          1695260 kB
SwapCached:            0 kB
Active:          1258728 kB
Inactive:        1469944 kB
Active(anon):    1033388 kB
Inactive(anon):    20636 kB
Active(file):     225340 kB
Inactive(file):  1449308 kB
Unevictable:        5576 kB
Mlocked:            5576 kB
SwapTotal:       3670008 kB
SwapFree:        3670008 kB
Dirty:               472 kB
Writeback:             0 kB
AnonPages:       1032552 kB
Mapped:           781284 kB
Shmem:             22412 kB
KReclaimable:     572560 kB
Slab:             222132 kB
SReclaimable:      68704 kB
SUnreclaim:       153428 kB
KernelStack:       43600 kB
PageTables:        55624 kB
NFS_Unstable:          0 kB
Bounce:                0 kB
WritebackTmp:          0 kB
CommitLimit:     6660208 kB
Committed_AS:   61502716 kB
VmallocTotal:   263061440 kB
VmallocUsed:       84032 kB
VmallocChunk:          0 kB
Percpu:             7648 kB
CmaTotal:         315392 kB
CmaFree:              24 kB
MemTotal:        5980404 kB
MemFree:         1238628 kB
MemAvailable:    2923236 kB
Buffers:            6360 kB
Cached:          1695072 kB
SwapCached:            0 kB
Active:          1250988 kB
Inactive:        1469784 kB
Active(anon):    1025652 kB
Inactive(anon):    20640 kB
Active(file):     225336 kB
Inactive(file):  1449144 kB
Unevictable:        5576 kB
Mlocked:            5576 kB
SwapTotal:       3670008 kB
SwapFree:        3670008 kB
Dirty:               280 kB
Writeback:             0 kB
AnonPages:       1025108 kB
Mapped:           781288 kB
Shmem:             22416 kB
KReclaimable:     572560 kB
Slab:             222132 kB
SReclaimable:      68704 kB
SUnreclaim:       153428 kB
KernelStack:       43632 kB
PageTables:        55708 kB
NFS_Unstable:          0 kB
Bounce:                0 kB
WritebackTmp:          0 kB
CommitLimit:     6660208 kB
Committed_AS:   61499328 kB
VmallocTotal:   263061440 kB
VmallocUsed:       84016 kB
VmallocChunk:          0 kB
Percpu:             7648 kB
CmaTotal:         315392 kB
CmaFree:             524 kB
MemTotal:        5980404 kB
MemFree:         1238904 kB
MemAvailable:    2923496 kB
Buffers:            6360 kB
Cached:          1695056 kB
SwapCached:            0 kB
Active:          1251484 kB
Inactive:        1469776 kB
Active(anon):    1026156 kB
Inactive(anon):    20640 kB
Active(file):     225328 kB
Inactive(file):  1449136 kB
Unevictable:        5576 kB
Mlocked:            5576 kB
SwapTotal:       3670008 kB
SwapFree:        3670008 kB
Dirty:               272 kB
Writeback:             0 kB
AnonPages:       1025220 kB
Mapped:           781368 kB
Shmem:             22416 kB
KReclaimable:     572560 kB
Slab:             222156 kB
SReclaimable:      68704 kB
SUnreclaim:       153452 kB
KernelStack:       43616 kB
PageTables:        55708 kB
NFS_Unstable:          0 kB
Bounce:                0 kB
WritebackTmp:          0 kB
CommitLimit:     6660208 kB
Committed_AS:   61496892 kB
VmallocTotal:   263061440 kB
VmallocUsed:       84000 kB
VmallocChunk:          0 kB
Percpu:             7648 kB
CmaTotal:         315392 kB
CmaFree:             304 kB
MemTotal:        5980404 kB
MemFree:         1238008 kB
MemAvailable:    2922616 kB
Buffers:            6360 kB
Cached:          1695072 kB
SwapCached:            0 kB
Active:          1251256 kB
Inactive:        1469784 kB
Active(anon):    1025920 kB
Inactive(anon):    20640 kB
Active(file):     225336 kB
Inactive(file):  1449144 kB
Unevictable:        5576 kB
Mlocked:            5576 kB
SwapTotal:       3670008 kB
SwapFree:        3670008 kB
Dirty:               280 kB
Writeback:             0 kB
AnonPages:       1025332 kB
Mapped:           781100 kB
Shmem:             22416 kB
KReclaimable:     572560 kB
Slab:             222132 kB
SReclaimable:      68704 kB
SUnreclaim:       153428 kB
KernelStack:       43600 kB
PageTables:        55448 kB
NFS_Unstable:          0 kB
Bounce:                0 kB
WritebackTmp:          0 kB
CommitLimit:     6660208 kB
Committed_AS:   61493468 kB
VmallocTotal:   263061440 kB
VmallocUsed:       84000 kB
VmallocChunk:          0 kB
Percpu:             7648 kB
CmaTotal:         315392 kB
CmaFree:             128 kB
MemTotal:        5980404 kB
MemFree:         1238376 kB
MemAvailable:    2922984 kB
Buffers:            6360 kB
Cached:          1695072 kB
SwapCached:            0 kB
Active:          1251580 kB
Inactive:        1469784 kB
Active(anon):    1026244 kB
Inactive(anon):    20640 kB
Active(file):     225336 kB
Inactive(file):  1449144 kB
Unevictable:        5576 kB
Mlocked:            5576 kB
SwapTotal:       3670008 kB
SwapFree:        3670008 kB
Dirty:               284 kB
Writeback:             0 kB
AnonPages:       1025428 kB
Mapped:           781100 kB
Shmem:             22416 kB
KReclaimable:     572560 kB
Slab:             222132 kB
SReclaimable:      68704 kB
SUnreclaim:       153428 kB
KernelStack:       43600 kB
PageTables:        55512 kB
NFS_Unstable:          0 kB
Bounce:                0 kB
WritebackTmp:          0 kB
CommitLimit:     6660208 kB
Committed_AS:   61492768 kB
VmallocTotal:   263061440 kB
VmallocUsed:       83952 kB
VmallocChunk:          0 kB
Percpu:             7648 kB
CmaTotal:         315392 kB
CmaFree:               0 kB
MemTotal:        5980404 kB
MemFree:         1238684 kB
MemAvailable:    2923292 kB
Buffers:            6360 kB
Cached:          1695076 kB
SwapCached:            0 kB
Active:          1252436 kB
Inactive:        1469788 kB
Active(anon):    1027100 kB
Inactive(anon):    20644 kB
Active(file):     225336 kB
Inactive(file):  1449144 kB
Unevictable:        5576 kB
Mlocked:            5576 kB
SwapTotal:       3670008 kB
SwapFree:        3670008 kB
Dirty:               288 kB
Writeback:             0 kB
AnonPages:       1026384 kB
Mapped:           781084 kB
Shmem:             22420 kB
KReclaimable:     572560 kB
Slab:             222132 kB
SReclaimable:      68704 kB
SUnreclaim:       153428 kB
KernelStack:       43632 kB
PageTables:        55732 kB
NFS_Unstable:          0 kB
Bounce:                0 kB
WritebackTmp:          0 kB
CommitLimit:     6660208 kB
Committed_AS:   61495640 kB
VmallocTotal:   263061440 kB
VmallocUsed:       83968 kB
VmallocChunk:          0 kB
Percpu:             7648 kB
CmaTotal:         315392 kB
CmaFree:               0 kB
MemTotal:        5980404 kB
MemFree:         1237544 kB
MemAvailable:    2922172 kB
Buffers:            6364 kB
Cached:          1695088 kB
SwapCached:            0 kB
Active:          1252916 kB
Inactive:        1469800 kB
Active(anon):    1027576 kB
Inactive(anon):    20644 kB
Active(file):     225340 kB
Inactive(file):  1449156 kB
Unevictable:        5576 kB
Mlocked:            5576 kB
SwapTotal:       3670008 kB
SwapFree:        3670008 kB
Dirty:               268 kB
Writeback:             0 kB
AnonPages:       1026484 kB
Mapped:           781064 kB
Shmem:             22420 kB
KReclaimable:     572564 kB
Slab:             222136 kB
SReclaimable:      68708 kB
SUnreclaim:       153428 kB
KernelStack:       43632 kB
PageTables:        55572 kB
NFS_Unstable:          0 kB
Bounce:                0 kB
WritebackTmp:          0 kB
CommitLimit:     6660208 kB
Committed_AS:   61494196 kB
VmallocTotal:   263061440 kB
VmallocUsed:       84016 kB
VmallocChunk:          0 kB
Percpu:             7648 kB
CmaTotal:         315392 kB
CmaFree:              72 kB
MemTotal:        5980404 kB
MemFree:         1237224 kB
MemAvailable:    2921852 kB
Buffers:            6364 kB
Cached:          1695092 kB
SwapCached:            0 kB
Active:          1253224 kB
Inactive:        1469804 kB
Active(anon):    1027884 kB
Inactive(anon):    20648 kB
Active(file):     225340 kB
Inactive(file):  1449156 kB
Unevictable:        5576 kB
Mlocked:            5576 kB
SwapTotal:       3670008 kB
SwapFree:        3670008 kB
Dirty:               328 kB
Writeback:             0 kB
AnonPages:       1027080 kB
Mapped:           781296 kB
Shmem:             22424 kB
KReclaimable:     572564 kB
Slab:             222136 kB
SReclaimable:      68708 kB
SUnreclaim:       153428 kB
KernelStack:       43632 kB
PageTables:        55448 kB
NFS_Unstable:          0 kB
Bounce:                0 kB
WritebackTmp:          0 kB
CommitLimit:     6660208 kB
Committed_AS:   61494336 kB
VmallocTotal:   263061440 kB
VmallocUsed:       84000 kB
VmallocChunk:          0 kB
Percpu:             7648 kB
CmaTotal:         315392 kB
CmaFree:               8 kB
MemTotal:        5980404 kB
MemFree:         1236856 kB
MemAvailable:    2921484 kB
Buffers:            6364 kB
Cached:          1695092 kB
SwapCached:            0 kB
Active:          1253320 kB
Inactive:        1469804 kB
Active(anon):    1027980 kB
Inactive(anon):    20648 kB
Active(file):     225340 kB
Inactive(file):  1449156 kB
Unevictable:        5576 kB
Mlocked:            5576 kB
SwapTotal:       3670008 kB
SwapFree:        3670008 kB
Dirty:               328 kB
Writeback:             0 kB
AnonPages:       1027296 kB
Mapped:           781356 kB
Shmem:             22424 kB
KReclaimable:     572564 kB
Slab:             222136 kB
SReclaimable:      68708 kB
SUnreclaim:       153428 kB
KernelStack:       43648 kB
PageTables:        55632 kB
NFS_Unstable:          0 kB
Bounce:                0 kB
WritebackTmp:          0 kB
CommitLimit:     6660208 kB
Committed_AS:   61495080 kB
VmallocTotal:   263061440 kB
VmallocUsed:       84016 kB
VmallocChunk:          0 kB
Percpu:             7648 kB
CmaTotal:         315392 kB
CmaFree:               0 kB
MemTotal:        5980404 kB
MemFree:         1236780 kB
MemAvailable:    2921408 kB
Buffers:            6364 kB
Cached:          1695092 kB
SwapCached:            0 kB
Active:          1252692 kB
Inactive:        1469804 kB
Active(anon):    1027352 kB
Inactive(anon):    20648 kB
Active(file):     225340 kB
Inactive(file):  1449156 kB
Unevictable:        5576 kB
Mlocked:            5576 kB
SwapTotal:       3670008 kB
SwapFree:        3670008 kB
Dirty:               328 kB
Writeback:             0 kB
AnonPages:       1026636 kB
Mapped:           781296 kB
Shmem:             22424 kB
KReclaimable:     572564 kB
Slab:             222136 kB
SReclaimable:      68708 kB
SUnreclaim:       153428 kB
KernelStack:       43632 kB
PageTables:        55632 kB
NFS_Unstable:          0 kB
Bounce:                0 kB
WritebackTmp:          0 kB
CommitLimit:     6660208 kB
Committed_AS:   61494432 kB
VmallocTotal:   263061440 kB
VmallocUsed:       83968 kB
VmallocChunk:          0 kB
Percpu:             7648 kB
CmaTotal:         315392 kB
CmaFree:               0 kB
MemTotal:        5980404 kB
MemFree:         1233176 kB
MemAvailable:    2917760 kB
Buffers:            6364 kB
Cached:          1695100 kB
SwapCached:            0 kB
Active:          1258356 kB
Inactive:        1469816 kB
Active(anon):    1033020 kB
Inactive(anon):    20700 kB
Active(file):     225336 kB
Inactive(file):  1449116 kB
Unevictable:        5576 kB
Mlocked:            5576 kB
SwapTotal:       3670008 kB
SwapFree:        3670008 kB
Dirty:               336 kB
Writeback:             0 kB
AnonPages:       1032080 kB
Mapped:           781360 kB
Shmem:             22476 kB
KReclaimable:     572564 kB
Slab:             222136 kB
SReclaimable:      68708 kB
SUnreclaim:       153428 kB
KernelStack:       43632 kB
PageTables:        55644 kB
NFS_Unstable:          0 kB
Bounce:                0 kB
WritebackTmp:          0 kB
CommitLimit:     6660208 kB
Committed_AS:   61505804 kB
VmallocTotal:   263061440 kB
VmallocUsed:       84000 kB
VmallocChunk:          0 kB
Percpu:             7648 kB
CmaTotal:         315392 kB
CmaFree:             228 kB
MemTotal:        5980404 kB
MemFree:         1234084 kB
MemAvailable:    2918712 kB
Buffers:            6364 kB
Cached:          1695148 kB
SwapCached:            0 kB
Active:          1256384 kB
Inactive:        1469860 kB
Active(anon):    1031044 kB
Inactive(anon):    20704 kB
Active(file):     225340 kB
Inactive(file):  1449156 kB
Unevictable:        5576 kB
Mlocked:            5576 kB
SwapTotal:       3670008 kB
SwapFree:        3670008 kB
Dirty:               352 kB
Writeback:             0 kB
AnonPages:       1030168 kB
Mapped:           781352 kB
Shmem:             22480 kB
KReclaimable:     572564 kB
Slab:             222144 kB
SReclaimable:      68708 kB
SUnreclaim:       153436 kB
KernelStack:       43584 kB
PageTables:        55432 kB
NFS_Unstable:          0 kB
Bounce:                0 kB
WritebackTmp:          0 kB
CommitLimit:     6660208 kB
Committed_AS:   61505748 kB
VmallocTotal:   263061440 kB
VmallocUsed:       83968 kB
VmallocChunk:          0 kB
Percpu:             7648 kB
CmaTotal:         315392 kB
CmaFree:             216 kB
MemTotal:        5980404 kB
MemFree:         1234344 kB
MemAvailable:    2918972 kB
Buffers:            6364 kB
Cached:          1695152 kB
SwapCached:            0 kB
Active:          1256604 kB
Inactive:        1469864 kB
Active(anon):    1031264 kB
Inactive(anon):    20708 kB
Active(file):     225340 kB
Inactive(file):  1449156 kB
Unevictable:        5576 kB
Mlocked:            5576 kB
SwapTotal:       3670008 kB
SwapFree:        3670008 kB
Dirty:               352 kB
Writeback:             0 kB
AnonPages:       1030820 kB
Mapped:           781356 kB
Shmem:             22484 kB
KReclaimable:     572564 kB
Slab:             222112 kB
SReclaimable:      68708 kB
SUnreclaim:       153404 kB
KernelStack:       43632 kB
PageTables:        55652 kB
NFS_Unstable:          0 kB
Bounce:                0 kB
WritebackTmp:          0 kB
CommitLimit:     6660208 kB
Committed_AS:   61503936 kB
VmallocTotal:   263061440 kB
VmallocUsed:       83952 kB
VmallocChunk:          0 kB
Percpu:             7648 kB
CmaTotal:         315392 kB
CmaFree:               0 kB
MemTotal:        5980404 kB
MemFree:         1233856 kB
MemAvailable:    2918484 kB
Buffers:            6364 kB
Cached:          1695152 kB
SwapCached:            0 kB
Active:          1257164 kB
Inactive:        1469864 kB
Active(anon):    1031824 kB
Inactive(anon):    20708 kB
Active(file):     225340 kB
Inactive(file):  1449156 kB
Unevictable:        5576 kB
Mlocked:            5576 kB
SwapTotal:       3670008 kB
SwapFree:        3670008 kB
Dirty:               352 kB
Writeback:             0 kB
AnonPages:       1031008 kB
Mapped:           781356 kB
Shmem:             22484 kB
KReclaimable:     572564 kB
Slab:             222136 kB
SReclaimable:      68708 kB
SUnreclaim:       153428 kB
KernelStack:       43552 kB
PageTables:        55592 kB
NFS_Unstable:          0 kB
Bounce:                0 kB
WritebackTmp:          0 kB
CommitLimit:     6660208 kB
Committed_AS:   61504448 kB
VmallocTotal:   263061440 kB
VmallocUsed:       83936 kB
VmallocChunk:          0 kB
Percpu:             7648 kB
CmaTotal:         315392 kB
CmaFree:               0 kB
MemTotal:        5980404 kB
MemFree:         1233036 kB
MemAvailable:    2917664 kB
Buffers:            6364 kB
Cached:          1695160 kB
SwapCached:            0 kB
Active:          1257412 kB
Inactive:        1469868 kB
Active(anon):    1032068 kB
Inactive(anon):    20716 kB
Active(file):     225344 kB
Inactive(file):  1449152 kB
Unevictable:        5576 kB
Mlocked:            5576 kB
SwapTotal:       3670008 kB
SwapFree:        3670008 kB
Dirty:               356 kB
Writeback:             0 kB
AnonPages:       1031480 kB
Mapped:           781200 kB
Shmem:             22492 kB
KReclaimable:     572564 kB
Slab:             222128 kB
SReclaimable:      68708 kB
SUnreclaim:       153420 kB
KernelStack:       43568 kB
PageTables:        55592 kB
NFS_Unstable:          0 kB
Bounce:                0 kB
WritebackTmp:          0 kB
CommitLimit:     6660208 kB
Committed_AS:   61504324 kB
VmallocTotal:   263061440 kB
VmallocUsed:       83920 kB
VmallocChunk:          0 kB
Percpu:             7648 kB
CmaTotal:         315392 kB
CmaFree:               0 kB
MemTotal:        5980404 kB
MemFree:         1232704 kB
MemAvailable:    2917332 kB
Buffers:            6364 kB
Cached:          1695160 kB
SwapCached:            0 kB
Active:          1257764 kB
Inactive:        1469872 kB
Active(anon):    1032424 kB
Inactive(anon):    20716 kB
Active(file):     225340 kB
Inactive(file):  1449156 kB
Unevictable:        5576 kB
Mlocked:            5576 kB
SwapTotal:       3670008 kB
SwapFree:        3670008 kB
Dirty:               356 kB
Writeback:             0 kB
AnonPages:       1031956 kB
Mapped:           781404 kB
Shmem:             22492 kB
KReclaimable:     572564 kB
Slab:             222152 kB
SReclaimable:      68708 kB
SUnreclaim:       153444 kB
KernelStack:       43596 kB
PageTables:        55820 kB
NFS_Unstable:          0 kB
Bounce:                0 kB
WritebackTmp:          0 kB
CommitLimit:     6660208 kB
Committed_AS:   61502908 kB
VmallocTotal:   263061440 kB
VmallocUsed:       83904 kB
VmallocChunk:          0 kB
Percpu:             7648 kB
CmaTotal:         315392 kB
CmaFree:               0 kB
MemTotal:        5980404 kB
MemFree:         1234364 kB
MemAvailable:    2919000 kB
Buffers:            6364 kB
Cached:          1695172 kB
SwapCached:            0 kB
Active:          1255412 kB
Inactive:        1469880 kB
Active(anon):    1030068 kB
Inactive(anon):    20720 kB
Active(file):     225344 kB
Inactive(file):  1449160 kB
Unevictable:        5576 kB
Mlocked:            5576 kB
SwapTotal:       3670008 kB
SwapFree:        3670008 kB
Dirty:               372 kB
Writeback:             0 kB
AnonPages:       1029628 kB
Mapped:           781328 kB
Shmem:             22496 kB
KReclaimable:     572564 kB
Slab:             222136 kB
SReclaimable:      68708 kB
SUnreclaim:       153428 kB
KernelStack:       43568 kB
PageTables:        55488 kB
NFS_Unstable:          0 kB
Bounce:                0 kB
WritebackTmp:          0 kB
CommitLimit:     6660208 kB
Committed_AS:   61505668 kB
VmallocTotal:   263061440 kB
VmallocUsed:       83952 kB
VmallocChunk:          0 kB
Percpu:             7648 kB
CmaTotal:         315392 kB
CmaFree:               0 kB
MemTotal:        5980404 kB
MemFree:         1233704 kB
MemAvailable:    2918340 kB
Buffers:            6364 kB
Cached:          1695172 kB
SwapCached:            0 kB
Active:          1255696 kB
Inactive:        1469880 kB
Active(anon):    1030352 kB
Inactive(anon):    20720 kB
Active(file):     225344 kB
Inactive(file):  1449160 kB
Unevictable:        5576 kB
Mlocked:            5576 kB
SwapTotal:       3670008 kB
SwapFree:        3670008 kB
Dirty:               372 kB
Writeback:             0 kB
AnonPages:       1029668 kB
Mapped:           781180 kB
Shmem:             22496 kB
KReclaimable:     572564 kB
Slab:             222160 kB
SReclaimable:      68708 kB
SUnreclaim:       153452 kB
KernelStack:       43552 kB
PageTables:        55476 kB
NFS_Unstable:          0 kB
Bounce:                0 kB
WritebackTmp:          0 kB
CommitLimit:     6660208 kB
Committed_AS:   61506040 kB
VmallocTotal:   263061440 kB
VmallocUsed:       83904 kB
VmallocChunk:          0 kB
Percpu:             7648 kB
CmaTotal:         315392 kB
CmaFree:               0 kB
MemTotal:        5980404 kB
MemFree:         1233576 kB
MemAvailable:    2918212 kB
Buffers:            6364 kB
Cached:          1695172 kB
SwapCached:            0 kB
Active:          1255956 kB
Inactive:        1469880 kB
Active(anon):    1030612 kB
Inactive(anon):    20720 kB
Active(file):     225344 kB
Inactive(file):  1449160 kB
Unevictable:        5576 kB
Mlocked:            5576 kB
SwapTotal:       3670008 kB
SwapFree:        3670008 kB
Dirty:               372 kB
Writeback:             0 kB
AnonPages:       1029972 kB
Mapped:           781428 kB
Shmem:             22496 kB
KReclaimable:     572564 kB
Slab:             222136 kB
SReclaimable:      68708 kB
SUnreclaim:       153428 kB
KernelStack:       43568 kB
PageTables:        55656 kB
NFS_Unstable:          0 kB
Bounce:                0 kB
WritebackTmp:          0 kB
CommitLimit:     6660208 kB
Committed_AS:   61502436 kB
VmallocTotal:   263061440 kB
VmallocUsed:       83952 kB
VmallocChunk:          0 kB
Percpu:             7648 kB
CmaTotal:         315392 kB
CmaFree:               0 kB
MemTotal:        5980404 kB
MemFree:         1234160 kB
MemAvailable:    2918796 kB
Buffers:            6364 kB
Cached:          1695172 kB
SwapCached:            0 kB
Active:          1256556 kB
Inactive:        1469880 kB
Active(anon):    1031212 kB
Inactive(anon):    20720 kB
Active(file):     225344 kB
Inactive(file):  1449160 kB
Unevictable:        5576 kB
Mlocked:            5576 kB
SwapTotal:       3670008 kB
SwapFree:        3670008 kB
Dirty:               372 kB
Writeback:             0 kB
AnonPages:       1030548 kB
Mapped:           781208 kB
Shmem:             22496 kB
KReclaimable:     572564 kB
Slab:             222136 kB
SReclaimable:      68708 kB
SUnreclaim:       153428 kB
KernelStack:       43548 kB
PageTables:        55712 kB
NFS_Unstable:          0 kB
Bounce:                0 kB
WritebackTmp:          0 kB
CommitLimit:     6660208 kB
Committed_AS:   61502096 kB
VmallocTotal:   263061440 kB
VmallocUsed:       83888 kB
VmallocChunk:          0 kB
Percpu:             7648 kB
CmaTotal:         315392 kB
CmaFree:               0 kB
MemTotal:        5980404 kB
MemFree:         1233284 kB
MemAvailable:    2917936 kB
Buffers:            6368 kB
Cached:          1695184 kB
SwapCached:            0 kB
Active:          1257092 kB
Inactive:        1469892 kB
Active(anon):    1031744 kB
Inactive(anon):    20720 kB
Active(file):     225348 kB
Inactive(file):  1449172 kB
Unevictable:        5576 kB
Mlocked:            5576 kB
SwapTotal:       3670008 kB
SwapFree:        3670008 kB
Dirty:               356 kB
Writeback:             0 kB
AnonPages:       1031084 kB
Mapped:           781328 kB
Shmem:             22496 kB
KReclaimable:     572564 kB
Slab:             222140 kB
SReclaimable:      68708 kB
SUnreclaim:       153432 kB
KernelStack:       43504 kB
PageTables:        55600 kB
NFS_Unstable:          0 kB
Bounce:                0 kB
WritebackTmp:          0 kB
CommitLimit:     6660208 kB
Committed_AS:   61503128 kB
VmallocTotal:   263061440 kB
VmallocUsed:       83888 kB
VmallocChunk:          0 kB
Percpu:             7648 kB
CmaTotal:         315392 kB
CmaFree:               0 kB
MemTotal:        5980404 kB
MemFree:         1234136 kB
MemAvailable:    2918788 kB
Buffers:            6368 kB
Cached:          1695184 kB
SwapCached:            0 kB
Active:          1257196 kB
Inactive:        1469892 kB
Active(anon):    1031848 kB
Inactive(anon):    20720 kB
Active(file):     225348 kB
Inactive(file):  1449172 kB
Unevictable:        5576 kB
Mlocked:            5576 kB
SwapTotal:       3670008 kB
SwapFree:        3670008 kB
Dirty:               356 kB
Writeback:             0 kB
AnonPages:       1030912 kB
Mapped:           781656 kB
Shmem:             22496 kB
KReclaimable:     572564 kB
Slab:             222148 kB
SReclaimable:      68708 kB
SUnreclaim:       153440 kB
KernelStack:       43552 kB
PageTables:        55704 kB
NFS_Unstable:          0 kB
Bounce:                0 kB
WritebackTmp:          0 kB
CommitLimit:     6660208 kB
Committed_AS:   61503196 kB
VmallocTotal:   263061440 kB
VmallocUsed:       83904 kB
VmallocChunk:          0 kB
Percpu:             7648 kB
CmaTotal:         315392 kB
CmaFree:               0 kB
MemTotal:        5980404 kB
MemFree:         1232856 kB
MemAvailable:    2917508 kB
Buffers:            6368 kB
Cached:          1695184 kB
SwapCached:            0 kB
Active:          1257320 kB
Inactive:        1469892 kB
Active(anon):    1031972 kB
Inactive(anon):    20720 kB
Active(file):     225348 kB
Inactive(file):  1449172 kB
Unevictable:        5576 kB
Mlocked:            5576 kB
SwapTotal:       3670008 kB
SwapFree:        3670008 kB
Dirty:               356 kB
Writeback:             0 kB
AnonPages:       1031236 kB
Mapped:           781492 kB
Shmem:             22496 kB
KReclaimable:     572564 kB
Slab:             222148 kB
SReclaimable:      68708 kB
SUnreclaim:       153440 kB
KernelStack:       43536 kB
PageTables:        55756 kB
NFS_Unstable:          0 kB
Bounce:                0 kB
WritebackTmp:          0 kB
CommitLimit:     6660208 kB
Committed_AS:   61504160 kB
VmallocTotal:   263061440 kB
VmallocUsed:       83872 kB
VmallocChunk:          0 kB
Percpu:             7648 kB
CmaTotal:         315392 kB
CmaFree:               0 kB
MemTotal:        5980404 kB
MemFree:         1231892 kB
MemAvailable:    2916544 kB
Buffers:            6368 kB
Cached:          1695184 kB
SwapCached:            0 kB
Active:          1257768 kB
Inactive:        1469892 kB
Active(anon):    1032420 kB
Inactive(anon):    20720 kB
Active(file):     225348 kB
Inactive(file):  1449172 kB
Unevictable:        5576 kB
Mlocked:            5576 kB
SwapTotal:       3670008 kB
SwapFree:        3670008 kB
Dirty:               356 kB
Writeback:             0 kB
AnonPages:       1031844 kB
Mapped:           781264 kB
Shmem:             22496 kB
KReclaimable:     572564 kB
Slab:             222148 kB
SReclaimable:      68708 kB
SUnreclaim:       153440 kB
KernelStack:       43504 kB
PageTables:        55576 kB
NFS_Unstable:          0 kB
Bounce:                0 kB
WritebackTmp:          0 kB
CommitLimit:     6660208 kB
Committed_AS:   61505368 kB
VmallocTotal:   263061440 kB
VmallocUsed:       83856 kB
VmallocChunk:          0 kB
Percpu:             7648 kB
CmaTotal:         315392 kB
CmaFree:               8 kB
MemTotal:        5980404 kB
MemFree:         1233056 kB
MemAvailable:    2917708 kB
Buffers:            6368 kB
Cached:          1695192 kB
SwapCached:            0 kB
Active:          1258300 kB
Inactive:        1469900 kB
Active(anon):    1032952 kB
Inactive(anon):    20728 kB
Active(file):     225348 kB
Inactive(file):  1449172 kB
Unevictable:        5576 kB
Mlocked:            5576 kB
SwapTotal:       3670008 kB
SwapFree:        3670008 kB
Dirty:               276 kB
Writeback:             0 kB
AnonPages:       1032048 kB
Mapped:           781488 kB
Shmem:             22504 kB
KReclaimable:     572564 kB
Slab:             222140 kB
SReclaimable:      68708 kB
SUnreclaim:       153432 kB
KernelStack:       43536 kB
PageTables:        55712 kB
NFS_Unstable:          0 kB
Bounce:                0 kB
WritebackTmp:          0 kB
CommitLimit:     6660208 kB
Committed_AS:   61502896 kB
VmallocTotal:   263061440 kB
VmallocUsed:       83888 kB
VmallocChunk:          0 kB
Percpu:             7648 kB
CmaTotal:         315392 kB
CmaFree:               0 kB
MemTotal:        5980404 kB
MemFree:         1232244 kB
MemAvailable:    2916896 kB
Buffers:            6368 kB
Cached:          1695192 kB
SwapCached:            0 kB
Active:          1258968 kB
Inactive:        1469900 kB
Active(anon):    1033620 kB
Inactive(anon):    20728 kB
Active(file):     225348 kB
Inactive(file):  1449172 kB
Unevictable:        5576 kB
Mlocked:            5576 kB
SwapTotal:       3670008 kB
SwapFree:        3670008 kB
Dirty:               260 kB
Writeback:            32 kB
AnonPages:       1032832 kB
Mapped:           781564 kB
Shmem:             22504 kB
KReclaimable:     572564 kB
Slab:             222148 kB
SReclaimable:      68708 kB
SUnreclaim:       153440 kB
KernelStack:       43520 kB
PageTables:        55652 kB
NFS_Unstable:          0 kB
Bounce:                0 kB
WritebackTmp:          0 kB
CommitLimit:     6660208 kB
Committed_AS:   61502264 kB
VmallocTotal:   263061440 kB
VmallocUsed:       83856 kB
VmallocChunk:          0 kB
Percpu:             7648 kB
CmaTotal:         315392 kB
CmaFree:               0 kB
MemTotal:        5980404 kB
MemFree:         1232212 kB
MemAvailable:    2916864 kB
Buffers:            6368 kB
Cached:          1695196 kB
SwapCached:            0 kB
Active:          1259236 kB
Inactive:        1469904 kB
Active(anon):    1033888 kB
Inactive(anon):    20732 kB
Active(file):     225348 kB
Inactive(file):  1449172 kB
Unevictable:        5576 kB
Mlocked:            5576 kB
SwapTotal:       3670008 kB
SwapFree:        3670008 kB
Dirty:               292 kB
Writeback:             0 kB
AnonPages:       1033216 kB
Mapped:           781456 kB
Shmem:             22508 kB
KReclaimable:     572564 kB
Slab:             222140 kB
SReclaimable:      68708 kB
SUnreclaim:       153432 kB
KernelStack:       43504 kB
PageTables:        55468 kB
NFS_Unstable:          0 kB
Bounce:                0 kB
WritebackTmp:          0 kB
CommitLimit:     6660208 kB
Committed_AS:   61503116 kB
VmallocTotal:   263061440 kB
VmallocUsed:       83856 kB
VmallocChunk:          0 kB
Percpu:             7648 kB
CmaTotal:         315392 kB
CmaFree:               0 kB
MemTotal:        5980404 kB
MemFree:         1232084 kB
MemAvailable:    2916736 kB
Buffers:            6368 kB
Cached:          1695196 kB
SwapCached:            0 kB
Active:          1259940 kB
Inactive:        1469904 kB
Active(anon):    1034592 kB
Inactive(anon):    20732 kB
Active(file):     225348 kB
Inactive(file):  1449172 kB
Unevictable:        5576 kB
Mlocked:            5576 kB
SwapTotal:       3670008 kB
SwapFree:        3670008 kB
Dirty:               292 kB
Writeback:             0 kB
AnonPages:       1033836 kB
Mapped:           781380 kB
Shmem:             22508 kB
KReclaimable:     572564 kB
Slab:             222148 kB
SReclaimable:      68708 kB
SUnreclaim:       153440 kB
KernelStack:       43488 kB
PageTables:        55700 kB
NFS_Unstable:          0 kB
Bounce:                0 kB
WritebackTmp:          0 kB
CommitLimit:     6660208 kB
Committed_AS:   61502812 kB
VmallocTotal:   263061440 kB
VmallocUsed:       83872 kB
VmallocChunk:          0 kB
Percpu:             7648 kB
CmaTotal:         315392 kB
CmaFree:               0 kB
MemTotal:        5980404 kB
MemFree:         1231864 kB
MemAvailable:    2916516 kB
Buffers:            6368 kB
Cached:          1695196 kB
SwapCached:            0 kB
Active:          1260104 kB
Inactive:        1469904 kB
Active(anon):    1034756 kB
Inactive(anon):    20732 kB
Active(file):     225348 kB
Inactive(file):  1449172 kB
Unevictable:        5576 kB
Mlocked:            5576 kB
SwapTotal:       3670008 kB
SwapFree:        3670008 kB
Dirty:               292 kB
Writeback:             0 kB
AnonPages:       1034232 kB
Mapped:           781524 kB
Shmem:             22508 kB
KReclaimable:     572564 kB
Slab:             222140 kB
SReclaimable:      68708 kB
SUnreclaim:       153432 kB
KernelStack:       43488 kB
PageTables:        55592 kB
NFS_Unstable:          0 kB
Bounce:                0 kB
WritebackTmp:          0 kB
CommitLimit:     6660208 kB
Committed_AS:   61503520 kB
VmallocTotal:   263061440 kB
VmallocUsed:       83808 kB
VmallocChunk:          0 kB
Percpu:             7648 kB
CmaTotal:         315392 kB
CmaFree:               0 kB
MemTotal:        5980404 kB
MemFree:         1243500 kB
MemAvailable:    2928152 kB
Buffers:            6368 kB
Cached:          1695200 kB
SwapCached:            0 kB
Active:          1247888 kB
Inactive:        1469908 kB
Active(anon):    1022540 kB
Inactive(anon):    20736 kB
Active(file):     225348 kB
Inactive(file):  1449172 kB
Unevictable:        5576 kB
Mlocked:            5576 kB
SwapTotal:       3670008 kB
SwapFree:        3670008 kB
Dirty:               292 kB
Writeback:             0 kB
AnonPages:       1022004 kB
Mapped:           781280 kB
Shmem:             22512 kB
KReclaimable:     572564 kB
Slab:             222156 kB
SReclaimable:      68708 kB
SUnreclaim:       153448 kB
KernelStack:       43504 kB
PageTables:        55636 kB
NFS_Unstable:          0 kB
Bounce:                0 kB
WritebackTmp:          0 kB
CommitLimit:     6660208 kB
Committed_AS:   61497424 kB
VmallocTotal:   263061440 kB
VmallocUsed:       83840 kB
VmallocChunk:          0 kB
Percpu:             7648 kB
CmaTotal:         315392 kB
CmaFree:            3168 kB
MemTotal:        5980404 kB
MemFree:         1242116 kB
MemAvailable:    2926768 kB
Buffers:            6368 kB
Cached:          1695200 kB
SwapCached:            0 kB
Active:          1248528 kB
Inactive:        1469908 kB
Active(anon):    1023180 kB
Inactive(anon):    20736 kB
Active(file):     225348 kB
Inactive(file):  1449172 kB
Unevictable:        5576 kB
Mlocked:            5576 kB
SwapTotal:       3670008 kB
SwapFree:        3670008 kB
Dirty:               292 kB
Writeback:             0 kB
AnonPages:       1022492 kB
Mapped:           781340 kB
Shmem:             22512 kB
KReclaimable:     572564 kB
Slab:             222140 kB
SReclaimable:      68708 kB
SUnreclaim:       153432 kB
KernelStack:       43552 kB
PageTables:        55468 kB
NFS_Unstable:          0 kB
Bounce:                0 kB
WritebackTmp:          0 kB
CommitLimit:     6660208 kB
Committed_AS:   61498628 kB
VmallocTotal:   263061440 kB
VmallocUsed:       83840 kB
VmallocChunk:          0 kB
Percpu:             7648 kB
CmaTotal:         315392 kB
CmaFree:            1956 kB
MemTotal:        5980404 kB
MemFree:         1241616 kB
MemAvailable:    2926276 kB
Buffers:            6368 kB
Cached:          1695208 kB
SwapCached:            0 kB
Active:          1249508 kB
Inactive:        1469916 kB
Active(anon):    1024160 kB
Inactive(anon):    20736 kB
Active(file):     225348 kB
Inactive(file):  1449180 kB
Unevictable:        5576 kB
Mlocked:            5576 kB
SwapTotal:       3670008 kB
SwapFree:        3670008 kB
Dirty:               312 kB
Writeback:             0 kB
AnonPages:       1023432 kB
Mapped:           781532 kB
Shmem:             22512 kB
KReclaimable:     572564 kB
Slab:             222164 kB
SReclaimable:      68708 kB
SUnreclaim:       153456 kB
KernelStack:       43520 kB
PageTables:        55648 kB
NFS_Unstable:          0 kB
Bounce:                0 kB
WritebackTmp:          0 kB
CommitLimit:     6660208 kB
Committed_AS:   61503460 kB
VmallocTotal:   263061440 kB
VmallocUsed:       83888 kB
VmallocChunk:          0 kB
Percpu:             7648 kB
CmaTotal:         315392 kB
CmaFree:             656 kB
MemTotal:        5980404 kB
MemFree:         1240408 kB
MemAvailable:    2925068 kB
Buffers:            6368 kB
Cached:          1695208 kB
SwapCached:            0 kB
Active:          1249620 kB
Inactive:        1469916 kB
Active(anon):    1024272 kB
Inactive(anon):    20736 kB
Active(file):     225348 kB
Inactive(file):  1449180 kB
Unevictable:        5576 kB
Mlocked:            5576 kB
SwapTotal:       3670008 kB
SwapFree:        3670008 kB
Dirty:               312 kB
Writeback:             0 kB
AnonPages:       1023664 kB
Mapped:           781572 kB
Shmem:             22512 kB
KReclaimable:     572564 kB
Slab:             222148 kB
SReclaimable:      68708 kB
SUnreclaim:       153440 kB
KernelStack:       43488 kB
PageTables:        55604 kB
NFS_Unstable:          0 kB
Bounce:                0 kB
WritebackTmp:          0 kB
CommitLimit:     6660208 kB
Committed_AS:   61504900 kB
VmallocTotal:   263061440 kB
VmallocUsed:       83856 kB
VmallocChunk:          0 kB
Percpu:             7648 kB
CmaTotal:         315392 kB
CmaFree:             172 kB
MemTotal:        5980404 kB
MemFree:         1240284 kB
MemAvailable:    2924944 kB
Buffers:            6368 kB
Cached:          1695208 kB
SwapCached:            0 kB
Active:          1249584 kB
Inactive:        1469916 kB
Active(anon):    1024236 kB
Inactive(anon):    20736 kB
Active(file):     225348 kB
Inactive(file):  1449180 kB
Unevictable:        5576 kB
Mlocked:            5576 kB
SwapTotal:       3670008 kB
SwapFree:        3670008 kB
Dirty:               316 kB
Writeback:             0 kB
AnonPages:       1023824 kB
Mapped:           781540 kB
Shmem:             22512 kB
KReclaimable:     572564 kB
Slab:             222148 kB
SReclaimable:      68708 kB
SUnreclaim:       153440 kB
KernelStack:       43488 kB
PageTables:        55740 kB
NFS_Unstable:          0 kB
Bounce:                0 kB
WritebackTmp:          0 kB
CommitLimit:     6660208 kB
Committed_AS:   61502452 kB
VmallocTotal:   263061440 kB
VmallocUsed:       83824 kB
VmallocChunk:          0 kB
Percpu:             7648 kB
CmaTotal:         315392 kB
CmaFree:              52 kB
MemTotal:        5980404 kB
MemFree:         1241268 kB
MemAvailable:    2925928 kB
Buffers:            6368 kB
Cached:          1695208 kB
SwapCached:            0 kB
Active:          1248996 kB
Inactive:        1469916 kB
Active(anon):    1023648 kB
Inactive(anon):    20736 kB
Active(file):     225348 kB
Inactive(file):  1449180 kB
Unevictable:        5576 kB
Mlocked:            5576 kB
SwapTotal:       3670008 kB
SwapFree:        3670008 kB
Dirty:               260 kB
Writeback:             0 kB
AnonPages:       1023164 kB
Mapped:           781672 kB
Shmem:             22512 kB
KReclaimable:     572564 kB
Slab:             222140 kB
SReclaimable:      68708 kB
SUnreclaim:       153432 kB
KernelStack:       43484 kB
PageTables:        55676 kB
NFS_Unstable:          0 kB
Bounce:                0 kB
WritebackTmp:          0 kB
CommitLimit:     6660208 kB
Committed_AS:   61501968 kB
VmallocTotal:   263061440 kB
VmallocUsed:       83840 kB
VmallocChunk:          0 kB
Percpu:             7648 kB
CmaTotal:         315392 kB
CmaFree:             356 kB
MemTotal:        5980404 kB
MemFree:         1240848 kB
MemAvailable:    2925508 kB
Buffers:            6368 kB
Cached:          1695208 kB
SwapCached:            0 kB
Active:          1249776 kB
Inactive:        1469916 kB
Active(anon):    1024428 kB
Inactive(anon):    20736 kB
Active(file):     225348 kB
Inactive(file):  1449180 kB
Unevictable:        5576 kB
Mlocked:            5576 kB
SwapTotal:       3670008 kB
SwapFree:        3670008 kB
Dirty:               260 kB
Writeback:             0 kB
AnonPages:       1023496 kB
Mapped:           781344 kB
Shmem:             22512 kB
KReclaimable:     572564 kB
Slab:             222156 kB
SReclaimable:      68708 kB
SUnreclaim:       153448 kB
KernelStack:       43408 kB
PageTables:        55808 kB
NFS_Unstable:          0 kB
Bounce:                0 kB
WritebackTmp:          0 kB
CommitLimit:     6660208 kB
Committed_AS:   61502144 kB
VmallocTotal:   263061440 kB
VmallocUsed:       83808 kB
VmallocChunk:          0 kB
Percpu:             7648 kB
CmaTotal:         315392 kB
CmaFree:               0 kB
MemTotal:        5980404 kB
MemFree:         1240604 kB
MemAvailable:    2925280 kB
Buffers:            6372 kB
Cached:          1695220 kB
SwapCached:            0 kB
Active:          1250196 kB
Inactive:        1469928 kB
Active(anon):    1024844 kB
Inactive(anon):    20736 kB
Active(file):     225352 kB
Inactive(file):  1449192 kB
Unevictable:        5576 kB
Mlocked:            5576 kB
SwapTotal:       3670008 kB
SwapFree:        3670008 kB
Dirty:               320 kB
Writeback:             0 kB
AnonPages:       1024200 kB
Mapped:           781280 kB
Shmem:             22512 kB
KReclaimable:     572564 kB
Slab:             222132 kB
SReclaimable:      68708 kB
SUnreclaim:       153424 kB
KernelStack:       43424 kB
PageTables:        55580 kB
NFS_Unstable:          0 kB
Bounce:                0 kB
WritebackTmp:          0 kB
CommitLimit:     6660208 kB
Committed_AS:   61500780 kB
VmallocTotal:   263061440 kB
VmallocUsed:       83792 kB
VmallocChunk:          0 kB
Percpu:             7648 kB
CmaTotal:         315392 kB
CmaFree:             128 kB
MemTotal:        5980404 kB
MemFree:         1240208 kB
MemAvailable:    2924884 kB
Buffers:            6372 kB
Cached:          1695220 kB
SwapCached:            0 kB
Active:          1250492 kB
Inactive:        1469928 kB
Active(anon):    1025140 kB
Inactive(anon):    20736 kB
Active(file):     225352 kB
Inactive(file):  1449192 kB
Unevictable:        5576 kB
Mlocked:            5576 kB
SwapTotal:       3670008 kB
SwapFree:        3670008 kB
Dirty:               304 kB
Writeback:             0 kB
AnonPages:       1024556 kB
Mapped:           781508 kB
Shmem:             22512 kB
KReclaimable:     572564 kB
Slab:             222164 kB
SReclaimable:      68708 kB
SUnreclaim:       153456 kB
KernelStack:       43408 kB
PageTables:        55452 kB
NFS_Unstable:          0 kB
Bounce:                0 kB
WritebackTmp:          0 kB
CommitLimit:     6660208 kB
Committed_AS:   61500588 kB
VmallocTotal:   263061440 kB
VmallocUsed:       83760 kB
VmallocChunk:          0 kB
Percpu:             7648 kB
CmaTotal:         315392 kB
CmaFree:               0 kB
MemTotal:        5980404 kB
MemFree:         1239944 kB
MemAvailable:    2924620 kB
Buffers:            6372 kB
Cached:          1695220 kB
SwapCached:            0 kB
Active:          1250764 kB
Inactive:        1469928 kB
Active(anon):    1025412 kB
Inactive(anon):    20736 kB
Active(file):     225352 kB
Inactive(file):  1449192 kB
Unevictable:        5576 kB
Mlocked:            5576 kB
SwapTotal:       3670008 kB
SwapFree:        3670008 kB
Dirty:               304 kB
Writeback:             0 kB
AnonPages:       1024528 kB
Mapped:           781160 kB
Shmem:             22512 kB
KReclaimable:     572564 kB
Slab:             222140 kB
SReclaimable:      68708 kB
SUnreclaim:       153432 kB
KernelStack:       43392 kB
PageTables:        55576 kB
NFS_Unstable:          0 kB
Bounce:                0 kB
WritebackTmp:          0 kB
CommitLimit:     6660208 kB
Committed_AS:   61502408 kB
VmallocTotal:   263061440 kB
VmallocUsed:       83776 kB
VmallocChunk:          0 kB
Percpu:             7648 kB
CmaTotal:         315392 kB
CmaFree:               0 kB
MemTotal:        5980404 kB
MemFree:         1239588 kB
MemAvailable:    2924272 kB
Buffers:            6372 kB
Cached:          1695228 kB
SwapCached:            0 kB
Active:          1251256 kB
Inactive:        1469932 kB
Active(anon):    1025900 kB
Inactive(anon):    20736 kB
Active(file):     225356 kB
Inactive(file):  1449196 kB
Unevictable:        5576 kB
Mlocked:            5576 kB
SwapTotal:       3670008 kB
SwapFree:        3670008 kB
Dirty:               284 kB
Writeback:             0 kB
AnonPages:       1024984 kB
Mapped:           781528 kB
Shmem:             22512 kB
KReclaimable:     572564 kB
Slab:             222156 kB
SReclaimable:      68708 kB
SUnreclaim:       153448 kB
KernelStack:       43376 kB
PageTables:        55376 kB
NFS_Unstable:          0 kB
Bounce:                0 kB
WritebackTmp:          0 kB
CommitLimit:     6660208 kB
Committed_AS:   61500148 kB
VmallocTotal:   263061440 kB
VmallocUsed:       83728 kB
VmallocChunk:          0 kB
Percpu:             7648 kB
CmaTotal:         315392 kB
CmaFree:               0 kB
MemTotal:        5980404 kB
MemFree:         1240008 kB
MemAvailable:    2924684 kB
Buffers:            6372 kB
Cached:          1695220 kB
SwapCached:            0 kB
Active:          1251348 kB
Inactive:        1469928 kB
Active(anon):    1025996 kB
Inactive(anon):    20736 kB
Active(file):     225352 kB
Inactive(file):  1449192 kB
Unevictable:        5576 kB
Mlocked:            5576 kB
SwapTotal:       3670008 kB
SwapFree:        3670008 kB
Dirty:               276 kB
Writeback:             0 kB
AnonPages:       1025248 kB
Mapped:           781532 kB
Shmem:             22512 kB
KReclaimable:     572564 kB
Slab:             222132 kB
SReclaimable:      68708 kB
SUnreclaim:       153424 kB
KernelStack:       43440 kB
PageTables:        55576 kB
NFS_Unstable:          0 kB
Bounce:                0 kB
WritebackTmp:          0 kB
CommitLimit:     6660208 kB
Committed_AS:   61501596 kB
VmallocTotal:   263061440 kB
VmallocUsed:       83792 kB
VmallocChunk:          0 kB
Percpu:             7648 kB
CmaTotal:         315392 kB
CmaFree:               0 kB
MemTotal:        5980404 kB
MemFree:         1238920 kB
MemAvailable:    2923596 kB
Buffers:            6372 kB
Cached:          1695220 kB
SwapCached:            0 kB
Active:          1252068 kB
Inactive:        1469928 kB
Active(anon):    1026716 kB
Inactive(anon):    20736 kB
Active(file):     225352 kB
Inactive(file):  1449192 kB
Unevictable:        5576 kB
Mlocked:            5576 kB
SwapTotal:       3670008 kB
SwapFree:        3670008 kB
Dirty:               276 kB
Writeback:             0 kB
AnonPages:       1026192 kB
Mapped:           781508 kB
Shmem:             22512 kB
KReclaimable:     572564 kB
Slab:             222148 kB
SReclaimable:      68708 kB
SUnreclaim:       153440 kB
KernelStack:       43440 kB
PageTables:        55704 kB
NFS_Unstable:          0 kB
Bounce:                0 kB
WritebackTmp:          0 kB
CommitLimit:     6660208 kB
Committed_AS:   61502676 kB
VmallocTotal:   263061440 kB
VmallocUsed:       83776 kB
VmallocChunk:          0 kB
Percpu:             7648 kB
CmaTotal:         315392 kB
CmaFree:               0 kB
MemTotal:        5980404 kB
MemFree:         1238612 kB
MemAvailable:    2923288 kB
Buffers:            6372 kB
Cached:          1695220 kB
SwapCached:            0 kB
Active:          1252316 kB
Inactive:        1469928 kB
Active(anon):    1026964 kB
Inactive(anon):    20736 kB
Active(file):     225352 kB
Inactive(file):  1449192 kB
Unevictable:        5576 kB
Mlocked:            5576 kB
SwapTotal:       3670008 kB
SwapFree:        3670008 kB
Dirty:               276 kB
Writeback:             0 kB
AnonPages:       1026456 kB
Mapped:           781508 kB
Shmem:             22512 kB
KReclaimable:     572564 kB
Slab:             222148 kB
SReclaimable:      68708 kB
SUnreclaim:       153440 kB
KernelStack:       43392 kB
PageTables:        55448 kB
NFS_Unstable:          0 kB
Bounce:                0 kB
WritebackTmp:          0 kB
CommitLimit:     6660208 kB
Committed_AS:   61499536 kB
VmallocTotal:   263061440 kB
VmallocUsed:       83792 kB
VmallocChunk:          0 kB
Percpu:             7648 kB
CmaTotal:         315392 kB
CmaFree:               0 kB
MemTotal:        5980404 kB
MemFree:         1239008 kB
MemAvailable:    2923684 kB
Buffers:            6372 kB
Cached:          1695220 kB
SwapCached:            0 kB
Active:          1252668 kB
Inactive:        1469928 kB
Active(anon):    1027316 kB
Inactive(anon):    20736 kB
Active(file):     225352 kB
Inactive(file):  1449192 kB
Unevictable:        5576 kB
Mlocked:            5576 kB
SwapTotal:       3670008 kB
SwapFree:        3670008 kB
Dirty:               276 kB
Writeback:             0 kB
AnonPages:       1026760 kB
Mapped:           781508 kB
Shmem:             22512 kB
KReclaimable:     572564 kB
Slab:             222140 kB
SReclaimable:      68708 kB
SUnreclaim:       153432 kB
KernelStack:       43392 kB
PageTables:        55580 kB
NFS_Unstable:          0 kB
Bounce:                0 kB
WritebackTmp:          0 kB
CommitLimit:     6660208 kB
Committed_AS:   61500568 kB
VmallocTotal:   263061440 kB
VmallocUsed:       83760 kB
VmallocChunk:          0 kB
Percpu:             7648 kB
CmaTotal:         315392 kB
CmaFree:               0 kB
MemTotal:        5980404 kB
MemFree:         1237912 kB
MemAvailable:    2922588 kB
Buffers:            6372 kB
Cached:          1695220 kB
SwapCached:            0 kB
Active:          1253116 kB
Inactive:        1469924 kB
Active(anon):    1027760 kB
Inactive(anon):    20736 kB
Active(file):     225356 kB
Inactive(file):  1449188 kB
Unevictable:        5576 kB
Mlocked:            5576 kB
SwapTotal:       3670008 kB
SwapFree:        3670008 kB
Dirty:               276 kB
Writeback:             0 kB
AnonPages:       1027256 kB
Mapped:           781476 kB
Shmem:             22512 kB
KReclaimable:     572564 kB
Slab:             222148 kB
SReclaimable:      68708 kB
SUnreclaim:       153440 kB
KernelStack:       43408 kB
PageTables:        55696 kB
NFS_Unstable:          0 kB
Bounce:                0 kB
WritebackTmp:          0 kB
CommitLimit:     6660208 kB
Committed_AS:   61498956 kB
VmallocTotal:   263061440 kB
VmallocUsed:       83776 kB
VmallocChunk:          0 kB
Percpu:             7648 kB
CmaTotal:         315392 kB
CmaFree:              12 kB
MemTotal:        5980404 kB
MemFree:         1238248 kB
MemAvailable:    2922932 kB
Buffers:            6372 kB
Cached:          1695228 kB
SwapCached:            0 kB
Active:          1253708 kB
Inactive:        1469928 kB
Active(anon):    1028348 kB
Inactive(anon):    20736 kB
Active(file):     225360 kB
Inactive(file):  1449192 kB
Unevictable:        5576 kB
Mlocked:            5576 kB
SwapTotal:       3670008 kB
SwapFree:        3670008 kB
Dirty:               288 kB
Writeback:             0 kB
AnonPages:       1027556 kB
Mapped:           781556 kB
Shmem:             22512 kB
KReclaimable:     572564 kB
Slab:             222132 kB
SReclaimable:      68708 kB
SUnreclaim:       153424 kB
KernelStack:       43376 kB
PageTables:        55748 kB
NFS_Unstable:          0 kB
Bounce:                0 kB
WritebackTmp:          0 kB
CommitLimit:     6660208 kB
Committed_AS:   61498568 kB
VmallocTotal:   263061440 kB
VmallocUsed:       83776 kB
VmallocChunk:          0 kB
Percpu:             7648 kB
CmaTotal:         315392 kB
CmaFree:               0 kB
MemTotal:        5980404 kB
MemFree:         1237812 kB
MemAvailable:    2922488 kB
Buffers:            6372 kB
Cached:          1695220 kB
SwapCached:            0 kB
Active:          1252852 kB
Inactive:        1469928 kB
Active(anon):    1027500 kB
Inactive(anon):    20736 kB
Active(file):     225352 kB
Inactive(file):  1449192 kB
Unevictable:        5576 kB
Mlocked:            5576 kB
SwapTotal:       3670008 kB
SwapFree:        3670008 kB
Dirty:               340 kB
Writeback:             0 kB
AnonPages:       1026928 kB
Mapped:           781556 kB
Shmem:             22512 kB
KReclaimable:     572564 kB
Slab:             222156 kB
SReclaimable:      68708 kB
SUnreclaim:       153448 kB
KernelStack:       43420 kB
PageTables:        55500 kB
NFS_Unstable:          0 kB
Bounce:                0 kB
WritebackTmp:          0 kB
CommitLimit:     6660208 kB
Committed_AS:   61498596 kB
VmallocTotal:   263061440 kB
VmallocUsed:       83744 kB
VmallocChunk:          0 kB
Percpu:             7648 kB
CmaTotal:         315392 kB
CmaFree:               8 kB
MemTotal:        5980404 kB
MemFree:         1237984 kB
MemAvailable:    2922668 kB
Buffers:            6372 kB
Cached:          1695228 kB
SwapCached:            0 kB
Active:          1253056 kB
Inactive:        1469932 kB
Active(anon):    1027700 kB
Inactive(anon):    20736 kB
Active(file):     225356 kB
Inactive(file):  1449196 kB
Unevictable:        5576 kB
Mlocked:            5576 kB
SwapTotal:       3670008 kB
SwapFree:        3670008 kB
Dirty:               352 kB
Writeback:             0 kB
AnonPages:       1027112 kB
Mapped:           781328 kB
Shmem:             22512 kB
KReclaimable:     572564 kB
Slab:             222148 kB
SReclaimable:      68708 kB
SUnreclaim:       153440 kB
KernelStack:       43408 kB
PageTables:        55572 kB
NFS_Unstable:          0 kB
Bounce:                0 kB
WritebackTmp:          0 kB
CommitLimit:     6660208 kB
Committed_AS:   61502168 kB
VmallocTotal:   263061440 kB
VmallocUsed:       83760 kB
VmallocChunk:          0 kB
Percpu:             7648 kB
CmaTotal:         315392 kB
CmaFree:              36 kB
MemTotal:        5980404 kB
MemFree:         1236844 kB
MemAvailable:    2921528 kB
Buffers:            6372 kB
Cached:          1695228 kB
SwapCached:            0 kB
Active:          1253304 kB
Inactive:        1469932 kB
Active(anon):    1027948 kB
Inactive(anon):    20736 kB
Active(file):     225356 kB
Inactive(file):  1449196 kB
Unevictable:        5576 kB
Mlocked:            5576 kB
SwapTotal:       3670008 kB
SwapFree:        3670008 kB
Dirty:               352 kB
Writeback:             0 kB
AnonPages:       1027308 kB
Mapped:           781556 kB
Shmem:             22512 kB
KReclaimable:     572564 kB
Slab:             222140 kB
SReclaimable:      68708 kB
SUnreclaim:       153432 kB
KernelStack:       43456 kB
PageTables:        55696 kB
NFS_Unstable:          0 kB
Bounce:                0 kB
WritebackTmp:          0 kB
CommitLimit:     6660208 kB
Committed_AS:   61503124 kB
VmallocTotal:   263061440 kB
VmallocUsed:       83808 kB
VmallocChunk:          0 kB
Percpu:             7648 kB
CmaTotal:         315392 kB
CmaFree:               0 kB
MemTotal:        5980404 kB
MemFree:         1236300 kB
MemAvailable:    2920984 kB
Buffers:            6372 kB
Cached:          1695228 kB
SwapCached:            0 kB
Active:          1253672 kB
Inactive:        1469932 kB
Active(anon):    1028316 kB
Inactive(anon):    20736 kB
Active(file):     225356 kB
Inactive(file):  1449196 kB
Unevictable:        5576 kB
Mlocked:            5576 kB
SwapTotal:       3670008 kB
SwapFree:        3670008 kB
Dirty:               352 kB
Writeback:             0 kB
AnonPages:       1027420 kB
Mapped:           781560 kB
Shmem:             22512 kB
KReclaimable:     572564 kB
Slab:             222148 kB
SReclaimable:      68708 kB
SUnreclaim:       153440 kB
KernelStack:       43392 kB
PageTables:        55568 kB
NFS_Unstable:          0 kB
Bounce:                0 kB
WritebackTmp:          0 kB
CommitLimit:     6660208 kB
Committed_AS:   61501864 kB
VmallocTotal:   263061440 kB
VmallocUsed:       83808 kB
VmallocChunk:          0 kB
Percpu:             7648 kB
CmaTotal:         315392 kB
CmaFree:               0 kB
MemTotal:        5980404 kB
MemFree:         1236340 kB
MemAvailable:    2921024 kB
Buffers:            6372 kB
Cached:          1695228 kB
SwapCached:            0 kB
Active:          1254008 kB
Inactive:        1469932 kB
Active(anon):    1028652 kB
Inactive(anon):    20736 kB
Active(file):     225356 kB
Inactive(file):  1449196 kB
Unevictable:        5576 kB
Mlocked:            5576 kB
SwapTotal:       3670008 kB
SwapFree:        3670008 kB
Dirty:               316 kB
Writeback:             0 kB
AnonPages:       1028044 kB
Mapped:           781392 kB
Shmem:             22512 kB
KReclaimable:     572564 kB
Slab:             222140 kB
SReclaimable:      68708 kB
SUnreclaim:       153432 kB
KernelStack:       43424 kB
PageTables:        55464 kB
NFS_Unstable:          0 kB
Bounce:                0 kB
WritebackTmp:          0 kB
CommitLimit:     6660208 kB
Committed_AS:   61502524 kB
VmallocTotal:   263061440 kB
VmallocUsed:       83776 kB
VmallocChunk:          0 kB
Percpu:             7648 kB
CmaTotal:         315392 kB
CmaFree:               0 kB
MemTotal:        5980404 kB
MemFree:         1235184 kB
MemAvailable:    2919868 kB
Buffers:            6372 kB
Cached:          1695228 kB
SwapCached:            0 kB
Active:          1254664 kB
Inactive:        1469932 kB
Active(anon):    1029308 kB
Inactive(anon):    20736 kB
Active(file):     225356 kB
Inactive(file):  1449196 kB
Unevictable:        5576 kB
Mlocked:            5576 kB
SwapTotal:       3670008 kB
SwapFree:        3670008 kB
Dirty:               316 kB
Writeback:             0 kB
AnonPages:       1028604 kB
Mapped:           781328 kB
Shmem:             22512 kB
KReclaimable:     572564 kB
Slab:             222140 kB
SReclaimable:      68708 kB
SUnreclaim:       153432 kB
KernelStack:       43424 kB
PageTables:        55564 kB
NFS_Unstable:          0 kB
Bounce:                0 kB
WritebackTmp:          0 kB
CommitLimit:     6660208 kB
Committed_AS:   61499872 kB
VmallocTotal:   263061440 kB
VmallocUsed:       83808 kB
VmallocChunk:          0 kB
Percpu:             7648 kB
CmaTotal:         315392 kB
CmaFree:               0 kB
MemTotal:        5980404 kB
MemFree:         1236204 kB
MemAvailable:    2920904 kB
Buffers:            6376 kB
Cached:          1695240 kB
SwapCached:            0 kB
Active:          1255108 kB
Inactive:        1469944 kB
Active(anon):    1029748 kB
Inactive(anon):    20736 kB
Active(file):     225360 kB
Inactive(file):  1449208 kB
Unevictable:        5576 kB
Mlocked:            5576 kB
SwapTotal:       3670008 kB
SwapFree:        3670008 kB
Dirty:               316 kB
Writeback:             0 kB
AnonPages:       1028968 kB
Mapped:           781328 kB
Shmem:             22512 kB
KReclaimable:     572564 kB
Slab:             222140 kB
SReclaimable:      68708 kB
SUnreclaim:       153432 kB
KernelStack:       43408 kB
PageTables:        55448 kB
NFS_Unstable:          0 kB
Bounce:                0 kB
WritebackTmp:          0 kB
CommitLimit:     6660208 kB
Committed_AS:   61500852 kB
VmallocTotal:   263061440 kB
VmallocUsed:       83792 kB
VmallocChunk:          0 kB
Percpu:             7648 kB
CmaTotal:         315392 kB
CmaFree:               0 kB
MemTotal:        5980404 kB
MemFree:         1235576 kB
MemAvailable:    2920276 kB
Buffers:            6376 kB
Cached:          1695240 kB
SwapCached:            0 kB
Active:          1255484 kB
Inactive:        1469944 kB
Active(anon):    1030124 kB
Inactive(anon):    20736 kB
Active(file):     225360 kB
Inactive(file):  1449208 kB
Unevictable:        5576 kB
Mlocked:            5576 kB
SwapTotal:       3670008 kB
SwapFree:        3670008 kB
Dirty:               316 kB
Writeback:             0 kB
AnonPages:       1029384 kB
Mapped:           781556 kB
Shmem:             22512 kB
KReclaimable:     572564 kB
Slab:             222156 kB
SReclaimable:      68708 kB
SUnreclaim:       153448 kB
KernelStack:       43472 kB
PageTables:        55596 kB
NFS_Unstable:          0 kB
Bounce:                0 kB
WritebackTmp:          0 kB
CommitLimit:     6660208 kB
Committed_AS:   61499948 kB
VmallocTotal:   263061440 kB
VmallocUsed:       83776 kB
VmallocChunk:          0 kB
Percpu:             7648 kB
CmaTotal:         315392 kB
CmaFree:               0 kB
MemTotal:        5980404 kB
MemFree:         1235556 kB
MemAvailable:    2920256 kB
Buffers:            6376 kB
Cached:          1695240 kB
SwapCached:            0 kB
Active:          1255772 kB
Inactive:        1469944 kB
Active(anon):    1030412 kB
Inactive(anon):    20736 kB
Active(file):     225360 kB
Inactive(file):  1449208 kB
Unevictable:        5576 kB
Mlocked:            5576 kB
SwapTotal:       3670008 kB
SwapFree:        3670008 kB
Dirty:               316 kB
Writeback:             0 kB
AnonPages:       1029812 kB
Mapped:           781532 kB
Shmem:             22512 kB
KReclaimable:     572564 kB
Slab:             222140 kB
SReclaimable:      68708 kB
SUnreclaim:       153432 kB
KernelStack:       43424 kB
PageTables:        55456 kB
NFS_Unstable:          0 kB
Bounce:                0 kB
WritebackTmp:          0 kB
CommitLimit:     6660208 kB
Committed_AS:   61498420 kB
VmallocTotal:   263061440 kB
VmallocUsed:       83776 kB
VmallocChunk:          0 kB
Percpu:             7648 kB
CmaTotal:         315392 kB
CmaFree:               0 kB
MemTotal:        5980404 kB
MemFree:         1236068 kB
MemAvailable:    2920768 kB
Buffers:            6376 kB
Cached:          1695240 kB
SwapCached:            0 kB
Active:          1256032 kB
Inactive:        1469944 kB
Active(anon):    1030672 kB
Inactive(anon):    20736 kB
Active(file):     225360 kB
Inactive(file):  1449208 kB
Unevictable:        5576 kB
Mlocked:            5576 kB
SwapTotal:       3670008 kB
SwapFree:        3670008 kB
Dirty:               340 kB
Writeback:             0 kB
AnonPages:       1030168 kB
Mapped:           781772 kB
Shmem:             22512 kB
KReclaimable:     572564 kB
Slab:             222156 kB
SReclaimable:      68708 kB
SUnreclaim:       153448 kB
KernelStack:       43440 kB
PageTables:        55784 kB
NFS_Unstable:          0 kB
Bounce:                0 kB
WritebackTmp:          0 kB
CommitLimit:     6660208 kB
Committed_AS:   61498368 kB
VmallocTotal:   263061440 kB
VmallocUsed:       83776 kB
VmallocChunk:          0 kB
Percpu:             7648 kB
CmaTotal:         315392 kB
CmaFree:               0 kB
MemTotal:        5980404 kB
MemFree:         1235304 kB
MemAvailable:    2920004 kB
Buffers:            6376 kB
Cached:          1695240 kB
SwapCached:            0 kB
Active:          1256472 kB
Inactive:        1469944 kB
Active(anon):    1031112 kB
Inactive(anon):    20736 kB
Active(file):     225360 kB
Inactive(file):  1449208 kB
Unevictable:        5576 kB
Mlocked:            5576 kB
SwapTotal:       3670008 kB
SwapFree:        3670008 kB
Dirty:               348 kB
Writeback:             0 kB
AnonPages:       1030088 kB
Mapped:           781488 kB
Shmem:             22512 kB
KReclaimable:     572564 kB
Slab:             222156 kB
SReclaimable:      68708 kB
SUnreclaim:       153448 kB
KernelStack:       43424 kB
PageTables:        55620 kB
NFS_Unstable:          0 kB
Bounce:                0 kB
WritebackTmp:          0 kB
CommitLimit:     6660208 kB
Committed_AS:   61501876 kB
VmallocTotal:   263061440 kB
VmallocUsed:       83760 kB
VmallocChunk:          0 kB
Percpu:             7648 kB
CmaTotal:         315392 kB
CmaFree:               0 kB
MemTotal:        5980404 kB
MemFree:         1234664 kB
MemAvailable:    2919364 kB
Buffers:            6376 kB
Cached:          1695240 kB
SwapCached:            0 kB
Active:          1256796 kB
Inactive:        1469944 kB
Active(anon):    1031436 kB
Inactive(anon):    20736 kB
Active(file):     225360 kB
Inactive(file):  1449208 kB
Unevictable:        5576 kB
Mlocked:            5576 kB
SwapTotal:       3670008 kB
SwapFree:        3670008 kB
Dirty:               352 kB
Writeback:             0 kB
AnonPages:       1031008 kB
Mapped:           781556 kB
Shmem:             22512 kB
KReclaimable:     572564 kB
Slab:             222132 kB
SReclaimable:      68708 kB
SUnreclaim:       153424 kB
KernelStack:       43424 kB
PageTables:        55764 kB
NFS_Unstable:          0 kB
Bounce:                0 kB
WritebackTmp:          0 kB
CommitLimit:     6660208 kB
Committed_AS:   61502140 kB
VmallocTotal:   263061440 kB
VmallocUsed:       83776 kB
VmallocChunk:          0 kB
Percpu:             7648 kB
CmaTotal:         315392 kB
CmaFree:               0 kB
MemTotal:        5980404 kB
MemFree:         1234564 kB
MemAvailable:    2919280 kB
Buffers:            6376 kB
Cached:          1695256 kB
SwapCached:            0 kB
Active:          1256160 kB
Inactive:        1469952 kB
Active(anon):    1030792 kB
Inactive(anon):    20736 kB
Active(file):     225368 kB
Inactive(file):  1449216 kB
Unevictable:        5576 kB
Mlocked:            5576 kB
SwapTotal:       3670008 kB
SwapFree:        3670008 kB
Dirty:               372 kB
Writeback:             0 kB
AnonPages:       1030112 kB
Mapped:           781740 kB
Shmem:             22512 kB
KReclaimable:     572564 kB
Slab:             222140 kB
SReclaimable:      68708 kB
SUnreclaim:       153432 kB
KernelStack:       43360 kB
PageTables:        55740 kB
NFS_Unstable:          0 kB
Bounce:                0 kB
WritebackTmp:          0 kB
CommitLimit:     6660208 kB
Committed_AS:   61502168 kB
VmallocTotal:   263061440 kB
VmallocUsed:       83744 kB
VmallocChunk:          0 kB
Percpu:             7648 kB
CmaTotal:         315392 kB
CmaFree:               0 kB
MemTotal:        5980404 kB
MemFree:         1234756 kB
MemAvailable:    2919456 kB
Buffers:            6376 kB
Cached:          1695240 kB
SwapCached:            0 kB
Active:          1256192 kB
Inactive:        1469944 kB
Active(anon):    1030832 kB
Inactive(anon):    20736 kB
Active(file):     225360 kB
Inactive(file):  1449208 kB
Unevictable:        5576 kB
Mlocked:            5576 kB
SwapTotal:       3670008 kB
SwapFree:        3670008 kB
Dirty:               360 kB
Writeback:             0 kB
AnonPages:       1030264 kB
Mapped:           781368 kB
Shmem:             22512 kB
KReclaimable:     572564 kB
Slab:             222132 kB
SReclaimable:      68708 kB
SUnreclaim:       153424 kB
KernelStack:       43404 kB
PageTables:        55728 kB
NFS_Unstable:          0 kB
Bounce:                0 kB
WritebackTmp:          0 kB
CommitLimit:     6660208 kB
Committed_AS:   61500044 kB
VmallocTotal:   263061440 kB
VmallocUsed:       83760 kB
VmallocChunk:          0 kB
Percpu:             7648 kB
CmaTotal:         315392 kB
CmaFree:               0 kB
MemTotal:        5980404 kB
MemFree:         1234492 kB
MemAvailable:    2919196 kB
Buffers:            6376 kB
Cached:          1695244 kB
SwapCached:            0 kB
Active:          1257088 kB
Inactive:        1469948 kB
Active(anon):    1031728 kB
Inactive(anon):    20736 kB
Active(file):     225360 kB
Inactive(file):  1449212 kB
Unevictable:        5576 kB
Mlocked:            5576 kB
SwapTotal:       3670008 kB
SwapFree:        3670008 kB
Dirty:               280 kB
Writeback:             0 kB
AnonPages:       1030704 kB
Mapped:           781328 kB
Shmem:             22512 kB
KReclaimable:     572564 kB
Slab:             222140 kB
SReclaimable:      68708 kB
SUnreclaim:       153432 kB
KernelStack:       43200 kB
PageTables:        55624 kB
NFS_Unstable:          0 kB
Bounce:                0 kB
WritebackTmp:          0 kB
CommitLimit:     6660208 kB
Committed_AS:   61498896 kB
VmallocTotal:   263061440 kB
VmallocUsed:       83568 kB
VmallocChunk:          0 kB
Percpu:             7648 kB
CmaTotal:         315392 kB
CmaFree:               0 kB
MemTotal:        5980404 kB
MemFree:         1234852 kB
MemAvailable:    2919568 kB
Buffers:            6376 kB
Cached:          1695256 kB
SwapCached:            0 kB
Active:          1256992 kB
Inactive:        1469960 kB
Active(anon):    1031632 kB
Inactive(anon):    20736 kB
Active(file):     225360 kB
Inactive(file):  1449224 kB
Unevictable:        5576 kB
Mlocked:            5576 kB
SwapTotal:       3670008 kB
SwapFree:        3670008 kB
Dirty:               308 kB
Writeback:             0 kB
AnonPages:       1030972 kB
Mapped:           781456 kB
Shmem:             22512 kB
KReclaimable:     572564 kB
Slab:             222132 kB
SReclaimable:      68708 kB
SUnreclaim:       153424 kB
KernelStack:       43196 kB
PageTables:        55564 kB
NFS_Unstable:          0 kB
Bounce:                0 kB
WritebackTmp:          0 kB
CommitLimit:     6660208 kB
Committed_AS:   61501688 kB
VmallocTotal:   263061440 kB
VmallocUsed:       83568 kB
VmallocChunk:          0 kB
Percpu:             7648 kB
CmaTotal:         315392 kB
CmaFree:               0 kB
MemTotal:        5980404 kB
MemFree:         1234776 kB
MemAvailable:    2919492 kB
Buffers:            6376 kB
Cached:          1695256 kB
SwapCached:            0 kB
Active:          1257360 kB
Inactive:        1469960 kB
Active(anon):    1032000 kB
Inactive(anon):    20736 kB
Active(file):     225360 kB
Inactive(file):  1449224 kB
Unevictable:        5576 kB
Mlocked:            5576 kB
SwapTotal:       3670008 kB
SwapFree:        3670008 kB
Dirty:               308 kB
Writeback:             0 kB
AnonPages:       1031288 kB
Mapped:           781556 kB
Shmem:             22512 kB
KReclaimable:     572564 kB
Slab:             222156 kB
SReclaimable:      68708 kB
SUnreclaim:       153448 kB
KernelStack:       43168 kB
PageTables:        55564 kB
NFS_Unstable:          0 kB
Bounce:                0 kB
WritebackTmp:          0 kB
CommitLimit:     6660208 kB
Committed_AS:   61503292 kB
VmallocTotal:   263061440 kB
VmallocUsed:       83568 kB
VmallocChunk:          0 kB
Percpu:             7648 kB
CmaTotal:         315392 kB
CmaFree:               4 kB
MemTotal:        5980404 kB
MemFree:         1234168 kB
MemAvailable:    2918884 kB
Buffers:            6376 kB
Cached:          1695256 kB
SwapCached:            0 kB
Active:          1257644 kB
Inactive:        1469960 kB
Active(anon):    1032284 kB
Inactive(anon):    20736 kB
Active(file):     225360 kB
Inactive(file):  1449224 kB
Unevictable:        5576 kB
Mlocked:            5576 kB
SwapTotal:       3670008 kB
SwapFree:        3670008 kB
Dirty:               308 kB
Writeback:             0 kB
AnonPages:       1031732 kB
Mapped:           781620 kB
Shmem:             22512 kB
KReclaimable:     572564 kB
Slab:             222148 kB
SReclaimable:      68708 kB
SUnreclaim:       153440 kB
KernelStack:       43216 kB
PageTables:        55380 kB
NFS_Unstable:          0 kB
Bounce:                0 kB
WritebackTmp:          0 kB
CommitLimit:     6660208 kB
Committed_AS:   61500296 kB
VmallocTotal:   263061440 kB
VmallocUsed:       83568 kB
VmallocChunk:          0 kB
Percpu:             7648 kB
CmaTotal:         315392 kB
CmaFree:               0 kB
MemTotal:        5980404 kB
MemFree:         1233696 kB
MemAvailable:    2918416 kB
Buffers:            6376 kB
Cached:          1695260 kB
SwapCached:            0 kB
Active:          1258088 kB
Inactive:        1469964 kB
Active(anon):    1032728 kB
Inactive(anon):    20736 kB
Active(file):     225360 kB
Inactive(file):  1449228 kB
Unevictable:        5576 kB
Mlocked:            5576 kB
SwapTotal:       3670008 kB
SwapFree:        3670008 kB
Dirty:               316 kB
Writeback:             0 kB
AnonPages:       1032164 kB
Mapped:           781328 kB
Shmem:             22512 kB
KReclaimable:     572564 kB
Slab:             222132 kB
SReclaimable:      68708 kB
SUnreclaim:       153424 kB
KernelStack:       43232 kB
PageTables:        55696 kB
NFS_Unstable:          0 kB
Bounce:                0 kB
WritebackTmp:          0 kB
CommitLimit:     6660208 kB
Committed_AS:   61502416 kB
VmallocTotal:   263061440 kB
VmallocUsed:       83552 kB
VmallocChunk:          0 kB
Percpu:             7648 kB
CmaTotal:         315392 kB
CmaFree:               0 kB
MemTotal:        5980404 kB
MemFree:         1234188 kB
MemAvailable:    2918904 kB
Buffers:            6376 kB
Cached:          1695256 kB
SwapCached:            0 kB
Active:          1258832 kB
Inactive:        1469960 kB
Active(anon):    1033472 kB
Inactive(anon):    20736 kB
Active(file):     225360 kB
Inactive(file):  1449224 kB
Unevictable:        5576 kB
Mlocked:            5576 kB
SwapTotal:       3670008 kB
SwapFree:        3670008 kB
Dirty:               284 kB
Writeback:             0 kB
AnonPages:       1032660 kB
Mapped:           781556 kB
Shmem:             22512 kB
KReclaimable:     572564 kB
Slab:             222124 kB
SReclaimable:      68708 kB
SUnreclaim:       153416 kB
KernelStack:       43184 kB
PageTables:        55568 kB
NFS_Unstable:          0 kB
Bounce:                0 kB
WritebackTmp:          0 kB
CommitLimit:     6660208 kB
Committed_AS:   61505004 kB
VmallocTotal:   263061440 kB
VmallocUsed:       83520 kB
VmallocChunk:          0 kB
Percpu:             7648 kB
CmaTotal:         315392 kB
CmaFree:               0 kB
MemTotal:        5980404 kB
MemFree:         1233580 kB
MemAvailable:    2918296 kB
Buffers:            6376 kB
Cached:          1695256 kB
SwapCached:            0 kB
Active:          1257760 kB
Inactive:        1469960 kB
Active(anon):    1032400 kB
Inactive(anon):    20736 kB
Active(file):     225360 kB
Inactive(file):  1449224 kB
Unevictable:        5576 kB
Mlocked:            5576 kB
SwapTotal:       3670008 kB
SwapFree:        3670008 kB
Dirty:               356 kB
Writeback:             0 kB
AnonPages:       1031764 kB
Mapped:           781448 kB
Shmem:             22512 kB
KReclaimable:     572564 kB
Slab:             222156 kB
SReclaimable:      68708 kB
SUnreclaim:       153448 kB
KernelStack:       43168 kB
PageTables:        55552 kB
NFS_Unstable:          0 kB
Bounce:                0 kB
WritebackTmp:          0 kB
CommitLimit:     6660208 kB
Committed_AS:   61499020 kB
VmallocTotal:   263061440 kB
VmallocUsed:       83552 kB
VmallocChunk:          0 kB
Percpu:             7648 kB
CmaTotal:         315392 kB
CmaFree:             128 kB
MemTotal:        5980404 kB
MemFree:         1233404 kB
MemAvailable:    2918136 kB
Buffers:            6380 kB
Cached:          1695268 kB
SwapCached:            0 kB
Active:          1258116 kB
Inactive:        1469972 kB
Active(anon):    1032752 kB
Inactive(anon):    20736 kB
Active(file):     225364 kB
Inactive(file):  1449236 kB
Unevictable:        5576 kB
Mlocked:            5576 kB
SwapTotal:       3670008 kB
SwapFree:        3670008 kB
Dirty:               388 kB
Writeback:             0 kB
AnonPages:       1031940 kB
Mapped:           781340 kB
Shmem:             22512 kB
KReclaimable:     572564 kB
Slab:             222148 kB
SReclaimable:      68708 kB
SUnreclaim:       153440 kB
KernelStack:       43168 kB
PageTables:        55228 kB
NFS_Unstable:          0 kB
Bounce:                0 kB
WritebackTmp:          0 kB
CommitLimit:     6660208 kB
Committed_AS:   61495032 kB
VmallocTotal:   263061440 kB
VmallocUsed:       83536 kB
VmallocChunk:          0 kB
Percpu:             7648 kB
CmaTotal:         315392 kB
CmaFree:               0 kB
MemTotal:        5980404 kB
MemFree:         1232700 kB
MemAvailable:    2917432 kB
Buffers:            6380 kB
Cached:          1695268 kB
SwapCached:            0 kB
Active:          1258760 kB
Inactive:        1469972 kB
Active(anon):    1033396 kB
Inactive(anon):    20736 kB
Active(file):     225364 kB
Inactive(file):  1449236 kB
Unevictable:        5576 kB
Mlocked:            5576 kB
SwapTotal:       3670008 kB
SwapFree:        3670008 kB
Dirty:               392 kB
Writeback:             0 kB
AnonPages:       1032616 kB
Mapped:           781168 kB
Shmem:             22512 kB
KReclaimable:     572564 kB
Slab:             222148 kB
SReclaimable:      68708 kB
SUnreclaim:       153440 kB
KernelStack:       43200 kB
PageTables:        55716 kB
NFS_Unstable:          0 kB
Bounce:                0 kB
WritebackTmp:          0 kB
CommitLimit:     6660208 kB
Committed_AS:   61492712 kB
VmallocTotal:   263061440 kB
VmallocUsed:       83488 kB
VmallocChunk:          0 kB
Percpu:             7648 kB
CmaTotal:         315392 kB
CmaFree:               0 kB
MemTotal:        5980404 kB
MemFree:         1231996 kB
MemAvailable:    2916728 kB
Buffers:            6380 kB
Cached:          1695268 kB
SwapCached:            0 kB
Active:          1258964 kB
Inactive:        1469972 kB
Active(anon):    1033600 kB
Inactive(anon):    20736 kB
Active(file):     225364 kB
Inactive(file):  1449236 kB
Unevictable:        5576 kB
Mlocked:            5576 kB
SwapTotal:       3670008 kB
SwapFree:        3670008 kB
Dirty:               392 kB
Writeback:             0 kB
AnonPages:       1032996 kB
Mapped:           781368 kB
Shmem:             22512 kB
KReclaimable:     572564 kB
Slab:             222156 kB
SReclaimable:      68708 kB
SUnreclaim:       153448 kB
KernelStack:       43216 kB
PageTables:        55716 kB
NFS_Unstable:          0 kB
Bounce:                0 kB
WritebackTmp:          0 kB
CommitLimit:     6660208 kB
Committed_AS:   61493900 kB
VmallocTotal:   263061440 kB
VmallocUsed:       83504 kB
VmallocChunk:          0 kB
Percpu:             7648 kB
CmaTotal:         315392 kB
CmaFree:               0 kB
MemTotal:        5980404 kB
MemFree:         1232760 kB
MemAvailable:    2917492 kB
Buffers:            6380 kB
Cached:          1695268 kB
SwapCached:            0 kB
Active:          1259364 kB
Inactive:        1469972 kB
Active(anon):    1034000 kB
Inactive(anon):    20736 kB
Active(file):     225364 kB
Inactive(file):  1449236 kB
Unevictable:        5576 kB
Mlocked:            5576 kB
SwapTotal:       3670008 kB
SwapFree:        3670008 kB
Dirty:               280 kB
Writeback:             0 kB
AnonPages:       1033200 kB
Mapped:           781368 kB
Shmem:             22512 kB
KReclaimable:     572564 kB
Slab:             222132 kB
SReclaimable:      68708 kB
SUnreclaim:       153424 kB
KernelStack:       43152 kB
PageTables:        55588 kB
NFS_Unstable:          0 kB
Bounce:                0 kB
WritebackTmp:          0 kB
CommitLimit:     6660208 kB
Committed_AS:   61496676 kB
VmallocTotal:   263061440 kB
VmallocUsed:       83488 kB
VmallocChunk:          0 kB
Percpu:             7648 kB
CmaTotal:         315392 kB
CmaFree:               0 kB
MemTotal:        5980404 kB
MemFree:         1233816 kB
MemAvailable:    2918548 kB
Buffers:            6380 kB
Cached:          1695268 kB
SwapCached:            0 kB
Active:          1258592 kB
Inactive:        1469972 kB
Active(anon):    1033228 kB
Inactive(anon):    20736 kB
Active(file):     225364 kB
Inactive(file):  1449236 kB
Unevictable:        5576 kB
Mlocked:            5576 kB
SwapTotal:       3670008 kB
SwapFree:        3670008 kB
Dirty:               280 kB
Writeback:             0 kB
AnonPages:       1032700 kB
Mapped:           781556 kB
Shmem:             22512 kB
KReclaimable:     572564 kB
Slab:             222140 kB
SReclaimable:      68708 kB
SUnreclaim:       153432 kB
KernelStack:       43104 kB
PageTables:        55564 kB
NFS_Unstable:          0 kB
Bounce:                0 kB
WritebackTmp:          0 kB
CommitLimit:     6660208 kB
Committed_AS:   61500608 kB
VmallocTotal:   263061440 kB
VmallocUsed:       83456 kB
VmallocChunk:          0 kB
Percpu:             7648 kB
CmaTotal:         315392 kB
CmaFree:               4 kB
MemTotal:        5980404 kB
MemFree:         1231888 kB
MemAvailable:    2916620 kB
Buffers:            6380 kB
Cached:          1695268 kB
SwapCached:            0 kB
Active:          1258868 kB
Inactive:        1469972 kB
Active(anon):    1033504 kB
Inactive(anon):    20736 kB
Active(file):     225364 kB
Inactive(file):  1449236 kB
Unevictable:        5576 kB
Mlocked:            5576 kB
SwapTotal:       3670008 kB
SwapFree:        3670008 kB
Dirty:               280 kB
Writeback:             0 kB
AnonPages:       1032824 kB
Mapped:           781456 kB
Shmem:             22512 kB
KReclaimable:     572564 kB
Slab:             222140 kB
SReclaimable:      68708 kB
SUnreclaim:       153432 kB
KernelStack:       43120 kB
PageTables:        55492 kB
NFS_Unstable:          0 kB
Bounce:                0 kB
WritebackTmp:          0 kB
CommitLimit:     6660208 kB
Committed_AS:   61500588 kB
VmallocTotal:   263061440 kB
VmallocUsed:       83504 kB
VmallocChunk:          0 kB
Percpu:             7648 kB
CmaTotal:         315392 kB
CmaFree:               0 kB
MemTotal:        5980404 kB
MemFree:         1230968 kB
MemAvailable:    2915700 kB
Buffers:            6380 kB
Cached:          1695268 kB
SwapCached:            0 kB
Active:          1259296 kB
Inactive:        1469972 kB
Active(anon):    1033932 kB
Inactive(anon):    20736 kB
Active(file):     225364 kB
Inactive(file):  1449236 kB
Unevictable:        5576 kB
Mlocked:            5576 kB
SwapTotal:       3670008 kB
SwapFree:        3670008 kB
Dirty:               280 kB
Writeback:             0 kB
AnonPages:       1033132 kB
Mapped:           781328 kB
Shmem:             22512 kB
KReclaimable:     572564 kB
Slab:             222140 kB
SReclaimable:      68708 kB
SUnreclaim:       153432 kB
KernelStack:       43152 kB
PageTables:        55700 kB
NFS_Unstable:          0 kB
Bounce:                0 kB
WritebackTmp:          0 kB
CommitLimit:     6660208 kB
Committed_AS:   61496788 kB
VmallocTotal:   263061440 kB
VmallocUsed:       83520 kB
VmallocChunk:          0 kB
Percpu:             7648 kB
CmaTotal:         315392 kB
CmaFree:               0 kB
MemTotal:        5980404 kB
MemFree:         1230892 kB
MemAvailable:    2915624 kB
Buffers:            6380 kB
Cached:          1695268 kB
SwapCached:            0 kB
Active:          1259652 kB
Inactive:        1469972 kB
Active(anon):    1034288 kB
Inactive(anon):    20736 kB
Active(file):     225364 kB
Inactive(file):  1449236 kB
Unevictable:        5576 kB
Mlocked:            5576 kB
SwapTotal:       3670008 kB
SwapFree:        3670008 kB
Dirty:               280 kB
Writeback:             0 kB
AnonPages:       1033468 kB
Mapped:           781496 kB
Shmem:             22512 kB
KReclaimable:     572564 kB
Slab:             222140 kB
SReclaimable:      68708 kB
SUnreclaim:       153432 kB
KernelStack:       43120 kB
PageTables:        55596 kB
NFS_Unstable:          0 kB
Bounce:                0 kB
WritebackTmp:          0 kB
CommitLimit:     6660208 kB
Committed_AS:   61499216 kB
VmallocTotal:   263061440 kB
VmallocUsed:       83504 kB
VmallocChunk:          0 kB
Percpu:             7648 kB
CmaTotal:         315392 kB
CmaFree:               0 kB
MemTotal:        5980404 kB
MemFree:         1230176 kB
MemAvailable:    2914908 kB
Buffers:            6380 kB
Cached:          1695268 kB
SwapCached:            0 kB
Active:          1260140 kB
Inactive:        1469972 kB
Active(anon):    1034776 kB
Inactive(anon):    20736 kB
Active(file):     225364 kB
Inactive(file):  1449236 kB
Unevictable:        5576 kB
Mlocked:            5576 kB
SwapTotal:       3670008 kB
SwapFree:        3670008 kB
Dirty:               260 kB
Writeback:             0 kB
AnonPages:       1034212 kB
Mapped:           781556 kB
Shmem:             22512 kB
KReclaimable:     572564 kB
Slab:             222148 kB
SReclaimable:      68708 kB
SUnreclaim:       153440 kB
KernelStack:       43152 kB
PageTables:        55760 kB
NFS_Unstable:          0 kB
Bounce:                0 kB
WritebackTmp:          0 kB
CommitLimit:     6660208 kB
Committed_AS:   61502480 kB
VmallocTotal:   263061440 kB
VmallocUsed:       83504 kB
VmallocChunk:          0 kB
Percpu:             7648 kB
CmaTotal:         315392 kB
CmaFree:               0 kB
MemTotal:        5980404 kB
MemFree:         1230876 kB
MemAvailable:    2915620 kB
Buffers:            6380 kB
Cached:          1695280 kB
SwapCached:            0 kB
Active:          1260556 kB
Inactive:        1469984 kB
Active(anon):    1035192 kB
Inactive(anon):    20736 kB
Active(file):     225364 kB
Inactive(file):  1449248 kB
Unevictable:        5576 kB
Mlocked:            5576 kB
SwapTotal:       3670008 kB
SwapFree:        3670008 kB
Dirty:               280 kB
Writeback:             0 kB
AnonPages:       1034540 kB
Mapped:           781492 kB
Shmem:             22512 kB
KReclaimable:     572564 kB
Slab:             222156 kB
SReclaimable:      68708 kB
SUnreclaim:       153448 kB
KernelStack:       43136 kB
PageTables:        55740 kB
NFS_Unstable:          0 kB
Bounce:                0 kB
WritebackTmp:          0 kB
CommitLimit:     6660208 kB
Committed_AS:   61501984 kB
VmallocTotal:   263061440 kB
VmallocUsed:       83472 kB
VmallocChunk:          0 kB
Percpu:             7648 kB
CmaTotal:         315392 kB
CmaFree:               0 kB
MemTotal:        5980404 kB
MemFree:         1229308 kB
MemAvailable:    2914052 kB
Buffers:            6380 kB
Cached:          1695280 kB
SwapCached:            0 kB
Active:          1261040 kB
Inactive:        1469984 kB
Active(anon):    1035676 kB
Inactive(anon):    20736 kB
Active(file):     225364 kB
Inactive(file):  1449248 kB
Unevictable:        5576 kB
Mlocked:            5576 kB
SwapTotal:       3670008 kB
SwapFree:        3670008 kB
Dirty:               280 kB
Writeback:             0 kB
AnonPages:       1035288 kB
Mapped:           781392 kB
Shmem:             22512 kB
KReclaimable:     572564 kB
Slab:             222140 kB
SReclaimable:      68708 kB
SUnreclaim:       153432 kB
KernelStack:       43120 kB
PageTables:        55712 kB
NFS_Unstable:          0 kB
Bounce:                0 kB
WritebackTmp:          0 kB
CommitLimit:     6660208 kB
Committed_AS:   61497844 kB
VmallocTotal:   263061440 kB
VmallocUsed:       83504 kB
VmallocChunk:          0 kB
Percpu:             7648 kB
CmaTotal:         315392 kB
CmaFree:               0 kB
MemTotal:        5980404 kB
MemFree:         1235392 kB
MemAvailable:    2920128 kB
Buffers:            6380 kB
Cached:          1695272 kB
SwapCached:            0 kB
Active:          1254840 kB
Inactive:        1469980 kB
Active(anon):    1029480 kB
Inactive(anon):    20736 kB
Active(file):     225360 kB
Inactive(file):  1449244 kB
Unevictable:        5576 kB
Mlocked:            5576 kB
SwapTotal:       3670008 kB
SwapFree:        3670008 kB
Dirty:               292 kB
Writeback:             0 kB
AnonPages:       1029032 kB
Mapped:           781440 kB
Shmem:             22512 kB
KReclaimable:     572564 kB
Slab:             222156 kB
SReclaimable:      68708 kB
SUnreclaim:       153448 kB
KernelStack:       43088 kB
PageTables:        55652 kB
NFS_Unstable:          0 kB
Bounce:                0 kB
WritebackTmp:          0 kB
CommitLimit:     6660208 kB
Committed_AS:   61499452 kB
VmallocTotal:   263061440 kB
VmallocUsed:       83504 kB
VmallocChunk:          0 kB
Percpu:             7648 kB
CmaTotal:         315392 kB
CmaFree:             168 kB
MemTotal:        5980404 kB
MemFree:         1235080 kB
MemAvailable:    2919824 kB
Buffers:            6380 kB
Cached:          1695280 kB
SwapCached:            0 kB
Active:          1255488 kB
Inactive:        1469984 kB
Active(anon):    1030124 kB
Inactive(anon):    20736 kB
Active(file):     225364 kB
Inactive(file):  1449248 kB
Unevictable:        5576 kB
Mlocked:            5576 kB
SwapTotal:       3670008 kB
SwapFree:        3670008 kB
Dirty:               296 kB
Writeback:             0 kB
AnonPages:       1029076 kB
Mapped:           781252 kB
Shmem:             22512 kB
KReclaimable:     572564 kB
Slab:             222164 kB
SReclaimable:      68708 kB
SUnreclaim:       153456 kB
KernelStack:       43104 kB
PageTables:        55488 kB
NFS_Unstable:          0 kB
Bounce:                0 kB
WritebackTmp:          0 kB
CommitLimit:     6660208 kB
Committed_AS:   61501720 kB
VmallocTotal:   263061440 kB
VmallocUsed:       83472 kB
VmallocChunk:          0 kB
Percpu:             7648 kB
CmaTotal:         315392 kB
CmaFree:               0 kB
MemTotal:        5980404 kB
MemFree:         1234476 kB
MemAvailable:    2919220 kB
Buffers:            6380 kB
Cached:          1695280 kB
SwapCached:            0 kB
Active:          1255324 kB
Inactive:        1469984 kB
Active(anon):    1029960 kB
Inactive(anon):    20736 kB
Active(file):     225364 kB
Inactive(file):  1449248 kB
Unevictable:        5576 kB
Mlocked:            5576 kB
SwapTotal:       3670008 kB
SwapFree:        3670008 kB
Dirty:               264 kB
Writeback:             0 kB
AnonPages:       1029184 kB
Mapped:           781556 kB
Shmem:             22512 kB
KReclaimable:     572564 kB
Slab:             222132 kB
SReclaimable:      68708 kB
SUnreclaim:       153424 kB
KernelStack:       43040 kB
PageTables:        55432 kB
NFS_Unstable:          0 kB
Bounce:                0 kB
WritebackTmp:          0 kB
CommitLimit:     6660208 kB
Committed_AS:   61501412 kB
VmallocTotal:   263061440 kB
VmallocUsed:       83488 kB
VmallocChunk:          0 kB
Percpu:             7648 kB
CmaTotal:         315392 kB
CmaFree:               0 kB
MemTotal:        5980404 kB
MemFree:         1234112 kB
MemAvailable:    2918856 kB
Buffers:            6380 kB
Cached:          1695280 kB
SwapCached:            0 kB
Active:          1256272 kB
Inactive:        1469984 kB
Active(anon):    1030908 kB
Inactive(anon):    20736 kB
Active(file):     225364 kB
Inactive(file):  1449248 kB
Unevictable:        5576 kB
Mlocked:            5576 kB
SwapTotal:       3670008 kB
SwapFree:        3670008 kB
Dirty:               264 kB
Writeback:             0 kB
AnonPages:       1029936 kB
Mapped:           781620 kB
Shmem:             22512 kB
KReclaimable:     572564 kB
Slab:             222148 kB
SReclaimable:      68708 kB
SUnreclaim:       153440 kB
KernelStack:       43088 kB
PageTables:        55464 kB
NFS_Unstable:          0 kB
Bounce:                0 kB
WritebackTmp:          0 kB
CommitLimit:     6660208 kB
Committed_AS:   61502776 kB
VmallocTotal:   263061440 kB
VmallocUsed:       83504 kB
VmallocChunk:          0 kB
Percpu:             7648 kB
CmaTotal:         315392 kB
CmaFree:               0 kB
MemTotal:        5980404 kB
MemFree:         1234800 kB
MemAvailable:    2919560 kB
Buffers:            6384 kB
Cached:          1695292 kB
SwapCached:            0 kB
Active:          1256628 kB
Inactive:        1469996 kB
Active(anon):    1031260 kB
Inactive(anon):    20736 kB
Active(file):     225368 kB
Inactive(file):  1449260 kB
Unevictable:        5576 kB
Mlocked:            5576 kB
SwapTotal:       3670008 kB
SwapFree:        3670008 kB
Dirty:               280 kB
Writeback:             0 kB
AnonPages:       1030612 kB
Mapped:           781432 kB
Shmem:             22512 kB
KReclaimable:     572564 kB
Slab:             222132 kB
SReclaimable:      68708 kB
SUnreclaim:       153424 kB
KernelStack:       43072 kB
PageTables:        55612 kB
NFS_Unstable:          0 kB
Bounce:                0 kB
WritebackTmp:          0 kB
CommitLimit:     6660208 kB
Committed_AS:   61501404 kB
VmallocTotal:   263061440 kB
VmallocUsed:       83504 kB
VmallocChunk:          0 kB
Percpu:             7648 kB
CmaTotal:         315392 kB
CmaFree:               0 kB
MemTotal:        5980404 kB
MemFree:         1234800 kB
MemAvailable:    2919560 kB
Buffers:            6384 kB
Cached:          1695292 kB
SwapCached:            0 kB
Active:          1256120 kB
Inactive:        1469996 kB
Active(anon):    1030752 kB
Inactive(anon):    20736 kB
Active(file):     225368 kB
Inactive(file):  1449260 kB
Unevictable:        5576 kB
Mlocked:            5576 kB
SwapTotal:       3670008 kB
SwapFree:        3670008 kB
Dirty:               280 kB
Writeback:             0 kB
AnonPages:       1030004 kB
Mapped:           781556 kB
Shmem:             22512 kB
KReclaimable:     572564 kB
Slab:             222140 kB
SReclaimable:      68708 kB
SUnreclaim:       153432 kB
KernelStack:       43056 kB
PageTables:        55424 kB
NFS_Unstable:          0 kB
Bounce:                0 kB
WritebackTmp:          0 kB
CommitLimit:     6660208 kB
Committed_AS:   61500072 kB
VmallocTotal:   263061440 kB
VmallocUsed:       83456 kB
VmallocChunk:          0 kB
Percpu:             7648 kB
CmaTotal:         315392 kB
CmaFree:               0 kB
MemTotal:        5980404 kB
MemFree:         1237428 kB
MemAvailable:    2922188 kB
Buffers:            6384 kB
Cached:          1695292 kB
SwapCached:            0 kB
Active:          1252764 kB
Inactive:        1469996 kB
Active(anon):    1027396 kB
Inactive(anon):    20736 kB
Active(file):     225368 kB
Inactive(file):  1449260 kB
Unevictable:        5576 kB
Mlocked:            5576 kB
SwapTotal:       3670008 kB
SwapFree:        3670008 kB
Dirty:               324 kB
Writeback:             0 kB
AnonPages:       1026824 kB
Mapped:           781556 kB
Shmem:             22512 kB
KReclaimable:     572564 kB
Slab:             222140 kB
SReclaimable:      68708 kB
SUnreclaim:       153432 kB
KernelStack:       43056 kB
PageTables:        55528 kB
NFS_Unstable:          0 kB
Bounce:                0 kB
WritebackTmp:          0 kB
CommitLimit:     6660208 kB
Committed_AS:   61497356 kB
VmallocTotal:   263061440 kB
VmallocUsed:       83472 kB
VmallocChunk:          0 kB
Percpu:             7648 kB
CmaTotal:         315392 kB
CmaFree:             152 kB
MemTotal:        5980404 kB
MemFree:         1236684 kB
MemAvailable:    2921444 kB
Buffers:            6384 kB
Cached:          1695292 kB
SwapCached:            0 kB
Active:          1253076 kB
Inactive:        1469996 kB
Active(anon):    1027708 kB
Inactive(anon):    20736 kB
Active(file):     225368 kB
Inactive(file):  1449260 kB
Unevictable:        5576 kB
Mlocked:            5576 kB
SwapTotal:       3670008 kB
SwapFree:        3670008 kB
Dirty:               280 kB
Writeback:             0 kB
AnonPages:       1027016 kB
Mapped:           781556 kB
Shmem:             22512 kB
KReclaimable:     572564 kB
Slab:             222148 kB
SReclaimable:      68708 kB
SUnreclaim:       153440 kB
KernelStack:       43056 kB
PageTables:        55692 kB
NFS_Unstable:          0 kB
Bounce:                0 kB
WritebackTmp:          0 kB
CommitLimit:     6660208 kB
Committed_AS:   61500144 kB
VmallocTotal:   263061440 kB
VmallocUsed:       83424 kB
VmallocChunk:          0 kB
Percpu:             7648 kB
CmaTotal:         315392 kB
CmaFree:               0 kB
MemTotal:        5980404 kB
MemFree:         1235840 kB
MemAvailable:    2920600 kB
Buffers:            6384 kB
Cached:          1695292 kB
SwapCached:            0 kB
Active:          1253744 kB
Inactive:        1469996 kB
Active(anon):    1028376 kB
Inactive(anon):    20736 kB
Active(file):     225368 kB
Inactive(file):  1449260 kB
Unevictable:        5576 kB
Mlocked:            5576 kB
SwapTotal:       3670008 kB
SwapFree:        3670008 kB
Dirty:               280 kB
Writeback:             0 kB
AnonPages:       1027764 kB
Mapped:           781556 kB
Shmem:             22512 kB
KReclaimable:     572564 kB
Slab:             222148 kB
SReclaimable:      68708 kB
SUnreclaim:       153440 kB
KernelStack:       43072 kB
PageTables:        55708 kB
NFS_Unstable:          0 kB
Bounce:                0 kB
WritebackTmp:          0 kB
CommitLimit:     6660208 kB
Committed_AS:   61504180 kB
VmallocTotal:   263061440 kB
VmallocUsed:       83392 kB
