MemTotal:        5980404 kB
MemFree:         1170992 kB
MemAvailable:    2853112 kB
Buffers:            6140 kB
Cached:          1696044 kB
SwapCached:            0 kB
Active:          1324420 kB
Inactive:        1468516 kB
Active(anon):    1097120 kB
Inactive(anon):    19968 kB
Active(file):     227300 kB
Inactive(file):  1448548 kB
Unevictable:        5636 kB
Mlocked:            5636 kB
SwapTotal:       3670008 kB
SwapFree:        3670008 kB
Dirty:               340 kB
Writeback:             0 kB
AnonPages:       1096280 kB
Mapped:           776648 kB
Shmem:             21736 kB
KReclaimable:     568704 kB
Slab:             222524 kB
SReclaimable:      69884 kB
SUnreclaim:       152640 kB
KernelStack:       43036 kB
PageTables:        55860 kB
NFS_Unstable:          0 kB
Bounce:                0 kB
WritebackTmp:          0 kB
CommitLimit:     6660208 kB
Committed_AS:   61476828 kB
VmallocTotal:   263061440 kB
VmallocUsed:       83444 kB
VmallocChunk:          0 kB
Percpu:             7552 kB
CmaTotal:         315392 kB
CmaFree:              24 kB
MemTotal:        5980404 kB
MemFree:         1164004 kB
MemAvailable:    2846124 kB
Buffers:            6140 kB
Cached:          1696044 kB
SwapCached:            0 kB
Active:          1329840 kB
Inactive:        1468516 kB
Active(anon):    1102540 kB
Inactive(anon):    19968 kB
Active(file):     227300 kB
Inactive(file):  1448548 kB
Unevictable:        5636 kB
Mlocked:            5636 kB
SwapTotal:       3670008 kB
SwapFree:        3670008 kB
Dirty:               700 kB
Writeback:             0 kB
AnonPages:       1101672 kB
Mapped:           776516 kB
Shmem:             21736 kB
KReclaimable:     568704 kB
Slab:             222516 kB
SReclaimable:      69884 kB
SUnreclaim:       152632 kB
KernelStack:       43088 kB
PageTables:        55976 kB
NFS_Unstable:          0 kB
Bounce:                0 kB
WritebackTmp:          0 kB
CommitLimit:     6660208 kB
Committed_AS:   61491320 kB
VmallocTotal:   263061440 kB
VmallocUsed:       83444 kB
VmallocChunk:          0 kB
Percpu:             7552 kB
CmaTotal:         315392 kB
CmaFree:               4 kB
MemTotal:        5980404 kB
MemFree:         1163732 kB
MemAvailable:    2845868 kB
Buffers:            6140 kB
Cached:          1696060 kB
SwapCached:            0 kB
Active:          1330508 kB
Inactive:        1468532 kB
Active(anon):    1103208 kB
Inactive(anon):    19968 kB
Active(file):     227300 kB
Inactive(file):  1448564 kB
Unevictable:        5636 kB
Mlocked:            5636 kB
SwapTotal:       3670008 kB
SwapFree:        3670008 kB
Dirty:               776 kB
Writeback:             0 kB
AnonPages:       1101996 kB
Mapped:           776324 kB
Shmem:             21736 kB
KReclaimable:     568704 kB
Slab:             222508 kB
SReclaimable:      69884 kB
SUnreclaim:       152624 kB
KernelStack:       43120 kB
PageTables:        56016 kB
NFS_Unstable:          0 kB
Bounce:                0 kB
WritebackTmp:          0 kB
CommitLimit:     6660208 kB
Committed_AS:   61496568 kB
VmallocTotal:   263061440 kB
VmallocUsed:       83444 kB
VmallocChunk:          0 kB
Percpu:             7552 kB
CmaTotal:         315392 kB
CmaFree:               0 kB
MemTotal:        5980404 kB
MemFree:         1163452 kB
MemAvailable:    2845588 kB
Buffers:            6140 kB
Cached:          1696060 kB
SwapCached:            0 kB
Active:          1330252 kB
Inactive:        1468532 kB
Active(anon):    1102952 kB
Inactive(anon):    19968 kB
Active(file):     227300 kB
Inactive(file):  1448564 kB
Unevictable:        5636 kB
Mlocked:            5636 kB
SwapTotal:       3670008 kB
SwapFree:        3670008 kB
Dirty:               984 kB
Writeback:             0 kB
AnonPages:       1102228 kB
Mapped:           776516 kB
Shmem:             21736 kB
KReclaimable:     568704 kB
Slab:             222516 kB
SReclaimable:      69884 kB
SUnreclaim:       152632 kB
KernelStack:       43088 kB
PageTables:        55968 kB
NFS_Unstable:          0 kB
Bounce:                0 kB
WritebackTmp:          0 kB
CommitLimit:     6660208 kB
Committed_AS:   61488524 kB
VmallocTotal:   263061440 kB
VmallocUsed:       83444 kB
VmallocChunk:          0 kB
Percpu:             7552 kB
CmaTotal:         315392 kB
CmaFree:               0 kB
MemTotal:        5980404 kB
MemFree:         1163156 kB
MemAvailable:    2845292 kB
Buffers:            6140 kB
Cached:          1696060 kB
SwapCached:            0 kB
Active:          1330172 kB
Inactive:        1468532 kB
Active(anon):    1102872 kB
Inactive(anon):    19968 kB
Active(file):     227300 kB
Inactive(file):  1448564 kB
Unevictable:        5636 kB
Mlocked:            5636 kB
SwapTotal:       3670008 kB
SwapFree:        3670008 kB
Dirty:               984 kB
Writeback:             0 kB
AnonPages:       1102384 kB
Mapped:           776288 kB
Shmem:             21736 kB
KReclaimable:     568704 kB
Slab:             222500 kB
SReclaimable:      69884 kB
SUnreclaim:       152616 kB
KernelStack:       43040 kB
PageTables:        55908 kB
NFS_Unstable:          0 kB
Bounce:                0 kB
WritebackTmp:          0 kB
CommitLimit:     6660208 kB
Committed_AS:   61494096 kB
VmallocTotal:   263061440 kB
VmallocUsed:       83476 kB
VmallocChunk:          0 kB
Percpu:             7552 kB
CmaTotal:         315392 kB
CmaFree:               0 kB
MemTotal:        5980404 kB
MemFree:         1163152 kB
MemAvailable:    2845296 kB
Buffers:            6140 kB
Cached:          1696072 kB
SwapCached:            0 kB
Active:          1331192 kB
Inactive:        1468540 kB
Active(anon):    1103888 kB
Inactive(anon):    19972 kB
Active(file):     227304 kB
Inactive(file):  1448568 kB
Unevictable:        5636 kB
Mlocked:            5636 kB
SwapTotal:       3670008 kB
SwapFree:        3670008 kB
Dirty:               992 kB
Writeback:             0 kB
AnonPages:       1103356 kB
Mapped:           776356 kB
Shmem:             21740 kB
KReclaimable:     568704 kB
Slab:             222468 kB
SReclaimable:      69884 kB
SUnreclaim:       152584 kB
KernelStack:       43072 kB
PageTables:        55860 kB
NFS_Unstable:          0 kB
Bounce:                0 kB
WritebackTmp:          0 kB
CommitLimit:     6660208 kB
Committed_AS:   61492416 kB
VmallocTotal:   263061440 kB
VmallocUsed:       83524 kB
VmallocChunk:          0 kB
Percpu:             7552 kB
CmaTotal:         315392 kB
CmaFree:               0 kB
MemTotal:        5980404 kB
MemFree:         1162808 kB
MemAvailable:    2844944 kB
Buffers:            6140 kB
Cached:          1696064 kB
SwapCached:            0 kB
Active:          1331536 kB
Inactive:        1468536 kB
Active(anon):    1104236 kB
Inactive(anon):    19972 kB
Active(file):     227300 kB
Inactive(file):  1448564 kB
Unevictable:        5636 kB
Mlocked:            5636 kB
SwapTotal:       3670008 kB
SwapFree:        3670008 kB
Dirty:               984 kB
Writeback:             0 kB
AnonPages:       1103596 kB
Mapped:           776356 kB
Shmem:             21740 kB
KReclaimable:     568704 kB
Slab:             222476 kB
SReclaimable:      69884 kB
SUnreclaim:       152592 kB
KernelStack:       43072 kB
PageTables:        55860 kB
NFS_Unstable:          0 kB
Bounce:                0 kB
WritebackTmp:          0 kB
CommitLimit:     6660208 kB
Committed_AS:   61494248 kB
VmallocTotal:   263061440 kB
VmallocUsed:       83492 kB
VmallocChunk:          0 kB
Percpu:             7552 kB
CmaTotal:         315392 kB
CmaFree:               0 kB
MemTotal:        5980404 kB
MemFree:         1162820 kB
MemAvailable:    2844956 kB
Buffers:            6140 kB
Cached:          1696064 kB
SwapCached:            0 kB
Active:          1331012 kB
Inactive:        1468536 kB
Active(anon):    1103712 kB
Inactive(anon):    19972 kB
Active(file):     227300 kB
Inactive(file):  1448564 kB
Unevictable:        5636 kB
Mlocked:            5636 kB
SwapTotal:       3670008 kB
SwapFree:        3670008 kB
Dirty:               984 kB
Writeback:             0 kB
AnonPages:       1103268 kB
Mapped:           776520 kB
Shmem:             21740 kB
KReclaimable:     568704 kB
Slab:             222508 kB
SReclaimable:      69884 kB
SUnreclaim:       152624 kB
KernelStack:       43136 kB
PageTables:        56096 kB
NFS_Unstable:          0 kB
Bounce:                0 kB
WritebackTmp:          0 kB
CommitLimit:     6660208 kB
Committed_AS:   61492308 kB
VmallocTotal:   263061440 kB
VmallocUsed:       83524 kB
VmallocChunk:          0 kB
Percpu:             7552 kB
CmaTotal:         315392 kB
CmaFree:               0 kB
MemTotal:        5980404 kB
MemFree:         1162804 kB
MemAvailable:    2844956 kB
Buffers:            6144 kB
Cached:          1696076 kB
SwapCached:            0 kB
Active:          1331572 kB
Inactive:        1468548 kB
Active(anon):    1104268 kB
Inactive(anon):    19972 kB
Active(file):     227304 kB
Inactive(file):  1448576 kB
Unevictable:        5636 kB
Mlocked:            5636 kB
SwapTotal:       3670008 kB
SwapFree:        3670008 kB
Dirty:               984 kB
Writeback:             0 kB
AnonPages:       1103420 kB
Mapped:           776584 kB
Shmem:             21740 kB
KReclaimable:     568704 kB
Slab:             222476 kB
SReclaimable:      69884 kB
SUnreclaim:       152592 kB
KernelStack:       43120 kB
PageTables:        56088 kB
NFS_Unstable:          0 kB
Bounce:                0 kB
WritebackTmp:          0 kB
CommitLimit:     6660208 kB
Committed_AS:   61496076 kB
VmallocTotal:   263061440 kB
VmallocUsed:       83492 kB
VmallocChunk:          0 kB
Percpu:             7552 kB
CmaTotal:         315392 kB
CmaFree:               0 kB
MemTotal:        5980404 kB
MemFree:         1163000 kB
MemAvailable:    2845152 kB
Buffers:            6144 kB
Cached:          1696076 kB
SwapCached:            0 kB
Active:          1331588 kB
Inactive:        1468548 kB
Active(anon):    1104284 kB
Inactive(anon):    19972 kB
Active(file):     227304 kB
Inactive(file):  1448576 kB
Unevictable:        5636 kB
Mlocked:            5636 kB
SwapTotal:       3670008 kB
SwapFree:        3670008 kB
Dirty:               968 kB
Writeback:             0 kB
AnonPages:       1103612 kB
Mapped:           776520 kB
Shmem:             21740 kB
KReclaimable:     568704 kB
Slab:             222476 kB
SReclaimable:      69884 kB
SUnreclaim:       152592 kB
KernelStack:       43136 kB
PageTables:        56088 kB
NFS_Unstable:          0 kB
Bounce:                0 kB
WritebackTmp:          0 kB
CommitLimit:     6660208 kB
Committed_AS:   61493840 kB
VmallocTotal:   263061440 kB
VmallocUsed:       83492 kB
VmallocChunk:          0 kB
Percpu:             7552 kB
CmaTotal:         315392 kB
CmaFree:               0 kB
MemTotal:        5980404 kB
MemFree:         1162084 kB
MemAvailable:    2844236 kB
Buffers:            6144 kB
Cached:          1696096 kB
SwapCached:            0 kB
Active:          1331936 kB
Inactive:        1468568 kB
Active(anon):    1104632 kB
Inactive(anon):    19992 kB
Active(file):     227304 kB
Inactive(file):  1448576 kB
Unevictable:        5636 kB
Mlocked:            5636 kB
SwapTotal:       3670008 kB
SwapFree:        3670008 kB
Dirty:               968 kB
Writeback:             0 kB
AnonPages:       1103828 kB
Mapped:           776312 kB
Shmem:             21760 kB
KReclaimable:     568704 kB
Slab:             222476 kB
SReclaimable:      69884 kB
SUnreclaim:       152592 kB
KernelStack:       43120 kB
PageTables:        55964 kB
NFS_Unstable:          0 kB
Bounce:                0 kB
WritebackTmp:          0 kB
CommitLimit:     6660208 kB
Committed_AS:   61493700 kB
VmallocTotal:   263061440 kB
VmallocUsed:       83476 kB
VmallocChunk:          0 kB
Percpu:             7552 kB
CmaTotal:         315392 kB
CmaFree:               0 kB
MemTotal:        5980404 kB
MemFree:         1163184 kB
MemAvailable:    2845340 kB
Buffers:            6144 kB
Cached:          1696100 kB
SwapCached:            0 kB
Active:          1330208 kB
Inactive:        1468572 kB
Active(anon):    1102904 kB
Inactive(anon):    19992 kB
Active(file):     227304 kB
Inactive(file):  1448580 kB
Unevictable:        5636 kB
Mlocked:            5636 kB
SwapTotal:       3670008 kB
SwapFree:        3670008 kB
Dirty:               972 kB
Writeback:             0 kB
AnonPages:       1101168 kB
Mapped:           776540 kB
Shmem:             21760 kB
KReclaimable:     568704 kB
Slab:             222476 kB
SReclaimable:      69884 kB
SUnreclaim:       152592 kB
KernelStack:       43088 kB
PageTables:        55960 kB
NFS_Unstable:          0 kB
Bounce:                0 kB
WritebackTmp:          0 kB
CommitLimit:     6660208 kB
Committed_AS:   61493708 kB
VmallocTotal:   263061440 kB
VmallocUsed:       83508 kB
VmallocChunk:          0 kB
Percpu:             7552 kB
CmaTotal:         315392 kB
CmaFree:             280 kB
MemTotal:        5980404 kB
MemFree:         1166120 kB
MemAvailable:    2848276 kB
Buffers:            6144 kB
Cached:          1696100 kB
SwapCached:            0 kB
Active:          1327912 kB
Inactive:        1468572 kB
Active(anon):    1100608 kB
Inactive(anon):    19992 kB
Active(file):     227304 kB
Inactive(file):  1448580 kB
Unevictable:        5636 kB
Mlocked:            5636 kB
SwapTotal:       3670008 kB
SwapFree:        3670008 kB
Dirty:               972 kB
Writeback:             0 kB
AnonPages:       1099864 kB
Mapped:           776500 kB
Shmem:             21760 kB
KReclaimable:     568704 kB
Slab:             222476 kB
SReclaimable:      69884 kB
SUnreclaim:       152592 kB
KernelStack:       43136 kB
PageTables:        56192 kB
NFS_Unstable:          0 kB
Bounce:                0 kB
WritebackTmp:          0 kB
CommitLimit:     6660208 kB
Committed_AS:   61497256 kB
VmallocTotal:   263061440 kB
VmallocUsed:       83492 kB
VmallocChunk:          0 kB
Percpu:             7552 kB
CmaTotal:         315392 kB
CmaFree:               0 kB
MemTotal:        5980404 kB
MemFree:         1165616 kB
MemAvailable:    2847772 kB
Buffers:            6144 kB
Cached:          1696100 kB
SwapCached:            0 kB
Active:          1328484 kB
Inactive:        1468568 kB
Active(anon):    1101176 kB
Inactive(anon):    19992 kB
Active(file):     227308 kB
Inactive(file):  1448576 kB
Unevictable:        5636 kB
Mlocked:            5636 kB
SwapTotal:       3670008 kB
SwapFree:        3670008 kB
Dirty:               972 kB
Writeback:             0 kB
AnonPages:       1100732 kB
Mapped:           776616 kB
Shmem:             21760 kB
KReclaimable:     568704 kB
Slab:             222476 kB
SReclaimable:      69884 kB
SUnreclaim:       152592 kB
KernelStack:       43136 kB
PageTables:        55996 kB
NFS_Unstable:          0 kB
Bounce:                0 kB
WritebackTmp:          0 kB
CommitLimit:     6660208 kB
Committed_AS:   61494712 kB
VmallocTotal:   263061440 kB
VmallocUsed:       83492 kB
VmallocChunk:          0 kB
Percpu:             7552 kB
CmaTotal:         315392 kB
CmaFree:               0 kB
MemTotal:        5980404 kB
MemFree:         1166164 kB
MemAvailable:    2848320 kB
Buffers:            6144 kB
Cached:          1696100 kB
SwapCached:            0 kB
Active:          1328596 kB
Inactive:        1468568 kB
Active(anon):    1101288 kB
Inactive(anon):    19992 kB
Active(file):     227308 kB
Inactive(file):  1448576 kB
Unevictable:        5636 kB
Mlocked:            5636 kB
SwapTotal:       3670008 kB
SwapFree:        3670008 kB
Dirty:               972 kB
Writeback:             0 kB
AnonPages:       1100856 kB
Mapped:           776540 kB
Shmem:             21760 kB
KReclaimable:     568704 kB
Slab:             222476 kB
SReclaimable:      69884 kB
SUnreclaim:       152592 kB
KernelStack:       43120 kB
PageTables:        56096 kB
NFS_Unstable:          0 kB
Bounce:                0 kB
WritebackTmp:          0 kB
CommitLimit:     6660208 kB
Committed_AS:   61491332 kB
VmallocTotal:   263061440 kB
VmallocUsed:       83492 kB
VmallocChunk:          0 kB
Percpu:             7552 kB
CmaTotal:         315392 kB
CmaFree:               0 kB
MemTotal:        5980404 kB
MemFree:         1165776 kB
MemAvailable:    2847932 kB
Buffers:            6144 kB
Cached:          1696100 kB
SwapCached:            0 kB
Active:          1328736 kB
Inactive:        1468568 kB
Active(anon):    1101428 kB
Inactive(anon):    19992 kB
Active(file):     227308 kB
Inactive(file):  1448576 kB
Unevictable:        5636 kB
Mlocked:            5636 kB
SwapTotal:       3670008 kB
SwapFree:        3670008 kB
Dirty:               976 kB
Writeback:             0 kB
AnonPages:       1100712 kB
Mapped:           776600 kB
Shmem:             21760 kB
KReclaimable:     568704 kB
Slab:             222476 kB
SReclaimable:      69884 kB
SUnreclaim:       152592 kB
KernelStack:       43184 kB
PageTables:        56104 kB
NFS_Unstable:          0 kB
Bounce:                0 kB
WritebackTmp:          0 kB
CommitLimit:     6660208 kB
Committed_AS:   61493900 kB
VmallocTotal:   263061440 kB
VmallocUsed:       83524 kB
VmallocChunk:          0 kB
Percpu:             7552 kB
CmaTotal:         315392 kB
CmaFree:              24 kB
MemTotal:        5980404 kB
MemFree:         1166132 kB
MemAvailable:    2848292 kB
Buffers:            6144 kB
Cached:          1696104 kB
SwapCached:            0 kB
Active:          1328368 kB
Inactive:        1468572 kB
Active(anon):    1101060 kB
Inactive(anon):    19992 kB
Active(file):     227308 kB
Inactive(file):  1448580 kB
Unevictable:        5636 kB
Mlocked:            5636 kB
SwapTotal:       3670008 kB
SwapFree:        3670008 kB
Dirty:               996 kB
Writeback:             0 kB
AnonPages:       1100296 kB
Mapped:           776500 kB
Shmem:             21760 kB
KReclaimable:     568704 kB
Slab:             222476 kB
SReclaimable:      69884 kB
SUnreclaim:       152592 kB
KernelStack:       43104 kB
PageTables:        55868 kB
NFS_Unstable:          0 kB
Bounce:                0 kB
WritebackTmp:          0 kB
CommitLimit:     6660208 kB
Committed_AS:   61493416 kB
VmallocTotal:   263061440 kB
VmallocUsed:       83492 kB
VmallocChunk:          0 kB
Percpu:             7552 kB
CmaTotal:         315392 kB
CmaFree:               0 kB
MemTotal:        5980404 kB
MemFree:         1164992 kB
MemAvailable:    2847136 kB
Buffers:            6144 kB
Cached:          1696088 kB
SwapCached:            0 kB
Active:          1329320 kB
Inactive:        1468564 kB
Active(anon):    1102020 kB
Inactive(anon):    19992 kB
Active(file):     227300 kB
Inactive(file):  1448572 kB
Unevictable:        5636 kB
Mlocked:            5636 kB
SwapTotal:       3670008 kB
SwapFree:        3670008 kB
Dirty:              1032 kB
Writeback:             0 kB
AnonPages:       1101244 kB
Mapped:           776548 kB
Shmem:             21760 kB
KReclaimable:     568704 kB
Slab:             222476 kB
SReclaimable:      69884 kB
SUnreclaim:       152592 kB
KernelStack:       43280 kB
PageTables:        56164 kB
NFS_Unstable:          0 kB
Bounce:                0 kB
WritebackTmp:          0 kB
CommitLimit:     6660208 kB
Committed_AS:   61494556 kB
VmallocTotal:   263061440 kB
VmallocUsed:       83588 kB
VmallocChunk:          0 kB
Percpu:             7552 kB
CmaTotal:         315392 kB
CmaFree:              36 kB
MemTotal:        5980404 kB
MemFree:         1165252 kB
MemAvailable:    2847416 kB
Buffers:            6144 kB
Cached:          1696108 kB
SwapCached:            0 kB
Active:          1329572 kB
Inactive:        1468576 kB
Active(anon):    1102264 kB
Inactive(anon):    19992 kB
Active(file):     227308 kB
Inactive(file):  1448584 kB
Unevictable:        5636 kB
Mlocked:            5636 kB
SwapTotal:       3670008 kB
SwapFree:        3670008 kB
Dirty:              1060 kB
Writeback:             0 kB
AnonPages:       1101584 kB
Mapped:           776352 kB
Shmem:             21760 kB
KReclaimable:     568704 kB
Slab:             222476 kB
SReclaimable:      69884 kB
SUnreclaim:       152592 kB
KernelStack:       43248 kB
PageTables:        56016 kB
NFS_Unstable:          0 kB
Bounce:                0 kB
WritebackTmp:          0 kB
CommitLimit:     6660208 kB
Committed_AS:   61496076 kB
VmallocTotal:   263061440 kB
VmallocUsed:       83572 kB
VmallocChunk:          0 kB
Percpu:             7552 kB
CmaTotal:         315392 kB
CmaFree:               0 kB
MemTotal:        5980404 kB
MemFree:         1165416 kB
MemAvailable:    2847580 kB
Buffers:            6144 kB
Cached:          1696108 kB
SwapCached:            0 kB
Active:          1330132 kB
Inactive:        1468576 kB
Active(anon):    1102824 kB
Inactive(anon):    19992 kB
Active(file):     227308 kB
Inactive(file):  1448584 kB
Unevictable:        5636 kB
Mlocked:            5636 kB
SwapTotal:       3670008 kB
SwapFree:        3670008 kB
Dirty:               152 kB
Writeback:             0 kB
AnonPages:       1101788 kB
Mapped:           776540 kB
Shmem:             21760 kB
KReclaimable:     568704 kB
Slab:             222688 kB
SReclaimable:      69884 kB
SUnreclaim:       152804 kB
KernelStack:       43232 kB
PageTables:        56104 kB
NFS_Unstable:          0 kB
Bounce:                0 kB
WritebackTmp:          0 kB
CommitLimit:     6660208 kB
Committed_AS:   61493548 kB
VmallocTotal:   263061440 kB
VmallocUsed:       83588 kB
VmallocChunk:          0 kB
Percpu:             7552 kB
CmaTotal:         315392 kB
CmaFree:               0 kB
MemTotal:        5980404 kB
MemFree:         1164548 kB
MemAvailable:    2846716 kB
Buffers:            6144 kB
Cached:          1696112 kB
SwapCached:            0 kB
Active:          1330212 kB
Inactive:        1468580 kB
Active(anon):    1102904 kB
Inactive(anon):    19992 kB
Active(file):     227308 kB
Inactive(file):  1448588 kB
Unevictable:        5636 kB
Mlocked:            5636 kB
SwapTotal:       3670008 kB
SwapFree:        3670008 kB
Dirty:               256 kB
Writeback:             0 kB
AnonPages:       1102252 kB
Mapped:           776540 kB
Shmem:             21760 kB
KReclaimable:     568704 kB
Slab:             222528 kB
SReclaimable:      69884 kB
SUnreclaim:       152644 kB
KernelStack:       43232 kB
PageTables:        55964 kB
NFS_Unstable:          0 kB
Bounce:                0 kB
WritebackTmp:          0 kB
CommitLimit:     6660208 kB
Committed_AS:   61493340 kB
VmallocTotal:   263061440 kB
VmallocUsed:       83588 kB
VmallocChunk:          0 kB
Percpu:             7552 kB
CmaTotal:         315392 kB
CmaFree:               0 kB
MemTotal:        5980404 kB
MemFree:         1163292 kB
MemAvailable:    2845476 kB
Buffers:            6148 kB
Cached:          1696124 kB
SwapCached:            0 kB
Active:          1330460 kB
Inactive:        1468592 kB
Active(anon):    1103148 kB
Inactive(anon):    19992 kB
Active(file):     227312 kB
Inactive(file):  1448600 kB
Unevictable:        5636 kB
Mlocked:            5636 kB
SwapTotal:       3670008 kB
SwapFree:        3670008 kB
Dirty:               248 kB
Writeback:             4 kB
AnonPages:       1102376 kB
Mapped:           776540 kB
Shmem:             21760 kB
KReclaimable:     568704 kB
Slab:             222520 kB
SReclaimable:      69884 kB
SUnreclaim:       152636 kB
KernelStack:       43216 kB
PageTables:        56096 kB
NFS_Unstable:          0 kB
Bounce:                0 kB
WritebackTmp:          0 kB
CommitLimit:     6660208 kB
Committed_AS:   61491900 kB
VmallocTotal:   263061440 kB
VmallocUsed:       83588 kB
VmallocChunk:          0 kB
Percpu:             7552 kB
CmaTotal:         315392 kB
CmaFree:               0 kB
MemTotal:        5980404 kB
MemFree:         1163764 kB
MemAvailable:    2845948 kB
Buffers:            6148 kB
Cached:          1696124 kB
SwapCached:            0 kB
Active:          1330420 kB
Inactive:        1468592 kB
Active(anon):    1103108 kB
Inactive(anon):    19992 kB
Active(file):     227312 kB
Inactive(file):  1448600 kB
Unevictable:        5636 kB
Mlocked:            5636 kB
SwapTotal:       3670008 kB
SwapFree:        3670008 kB
Dirty:               312 kB
Writeback:             0 kB
AnonPages:       1102568 kB
Mapped:           776540 kB
Shmem:             21760 kB
KReclaimable:     568704 kB
Slab:             222528 kB
SReclaimable:      69884 kB
SUnreclaim:       152644 kB
KernelStack:       43248 kB
PageTables:        55836 kB
NFS_Unstable:          0 kB
Bounce:                0 kB
WritebackTmp:          0 kB
CommitLimit:     6660208 kB
Committed_AS:   61489792 kB
VmallocTotal:   263061440 kB
VmallocUsed:       83604 kB
VmallocChunk:          0 kB
Percpu:             7552 kB
CmaTotal:         315392 kB
CmaFree:               0 kB
MemTotal:        5980404 kB
MemFree:         1163180 kB
MemAvailable:    2845364 kB
Buffers:            6148 kB
Cached:          1696124 kB
SwapCached:            0 kB
Active:          1331448 kB
Inactive:        1468592 kB
Active(anon):    1104136 kB
Inactive(anon):    19992 kB
Active(file):     227312 kB
Inactive(file):  1448600 kB
Unevictable:        5636 kB
Mlocked:            5636 kB
SwapTotal:       3670008 kB
SwapFree:        3670008 kB
Dirty:               312 kB
Writeback:             0 kB
AnonPages:       1103200 kB
Mapped:           776540 kB
Shmem:             21760 kB
KReclaimable:     568704 kB
Slab:             222512 kB
SReclaimable:      69884 kB
SUnreclaim:       152628 kB
KernelStack:       43296 kB
PageTables:        56104 kB
NFS_Unstable:          0 kB
Bounce:                0 kB
WritebackTmp:          0 kB
CommitLimit:     6660208 kB
Committed_AS:   61494176 kB
VmallocTotal:   263061440 kB
VmallocUsed:       83604 kB
VmallocChunk:          0 kB
Percpu:             7552 kB
CmaTotal:         315392 kB
CmaFree:               0 kB
MemTotal:        5980404 kB
MemFree:         1162900 kB
MemAvailable:    2845096 kB
Buffers:            6148 kB
Cached:          1696136 kB
SwapCached:            0 kB
Active:          1331996 kB
Inactive:        1468600 kB
Active(anon):    1104680 kB
Inactive(anon):    19992 kB
Active(file):     227316 kB
Inactive(file):  1448608 kB
Unevictable:        5636 kB
Mlocked:            5636 kB
SwapTotal:       3670008 kB
SwapFree:        3670008 kB
Dirty:               324 kB
Writeback:             0 kB
AnonPages:       1103952 kB
Mapped:           776352 kB
Shmem:             21760 kB
KReclaimable:     568704 kB
Slab:             222512 kB
SReclaimable:      69884 kB
SUnreclaim:       152628 kB
KernelStack:       43264 kB
PageTables:        55996 kB
NFS_Unstable:          0 kB
Bounce:                0 kB
WritebackTmp:          0 kB
CommitLimit:     6660208 kB
Committed_AS:   61492300 kB
VmallocTotal:   263061440 kB
VmallocUsed:       83620 kB
VmallocChunk:          0 kB
Percpu:             7552 kB
CmaTotal:         315392 kB
CmaFree:               0 kB
MemTotal:        5980404 kB
MemFree:         1163224 kB
MemAvailable:    2845408 kB
Buffers:            6148 kB
Cached:          1696124 kB
SwapCached:            0 kB
Active:          1332084 kB
Inactive:        1468592 kB
Active(anon):    1104772 kB
Inactive(anon):    19992 kB
Active(file):     227312 kB
Inactive(file):  1448600 kB
Unevictable:        5636 kB
Mlocked:            5636 kB
SwapTotal:       3670008 kB
SwapFree:        3670008 kB
Dirty:               344 kB
Writeback:             0 kB
AnonPages:       1104180 kB
Mapped:           776540 kB
Shmem:             21760 kB
KReclaimable:     568704 kB
Slab:             222512 kB
SReclaimable:      69884 kB
SUnreclaim:       152628 kB
KernelStack:       43264 kB
PageTables:        55968 kB
NFS_Unstable:          0 kB
Bounce:                0 kB
WritebackTmp:          0 kB
CommitLimit:     6660208 kB
Committed_AS:   61493296 kB
VmallocTotal:   263061440 kB
VmallocUsed:       83620 kB
VmallocChunk:          0 kB
Percpu:             7552 kB
CmaTotal:         315392 kB
CmaFree:               0 kB
MemTotal:        5980404 kB
MemFree:         1161832 kB
MemAvailable:    2844016 kB
Buffers:            6148 kB
Cached:          1696124 kB
SwapCached:            0 kB
Active:          1332512 kB
Inactive:        1468592 kB
Active(anon):    1105200 kB
Inactive(anon):    19992 kB
Active(file):     227312 kB
Inactive(file):  1448600 kB
Unevictable:        5636 kB
Mlocked:            5636 kB
SwapTotal:       3670008 kB
SwapFree:        3670008 kB
Dirty:               356 kB
Writeback:             0 kB
AnonPages:       1104156 kB
Mapped:           776548 kB
Shmem:             21760 kB
KReclaimable:     568704 kB
Slab:             222512 kB
SReclaimable:      69884 kB
SUnreclaim:       152628 kB
KernelStack:       43280 kB
PageTables:        55996 kB
NFS_Unstable:          0 kB
Bounce:                0 kB
WritebackTmp:          0 kB
CommitLimit:     6660208 kB
Committed_AS:   61495284 kB
VmallocTotal:   263061440 kB
VmallocUsed:       83652 kB
VmallocChunk:          0 kB
Percpu:             7552 kB
CmaTotal:         315392 kB
CmaFree:               0 kB
MemTotal:        5980404 kB
MemFree:         1161144 kB
MemAvailable:    2843328 kB
Buffers:            6148 kB
Cached:          1696124 kB
SwapCached:            0 kB
Active:          1333024 kB
Inactive:        1468592 kB
Active(anon):    1105712 kB
Inactive(anon):    19992 kB
Active(file):     227312 kB
Inactive(file):  1448600 kB
Unevictable:        5636 kB
Mlocked:            5636 kB
SwapTotal:       3670008 kB
SwapFree:        3670008 kB
Dirty:               440 kB
Writeback:             0 kB
AnonPages:       1104916 kB
Mapped:           776540 kB
Shmem:             21760 kB
KReclaimable:     568704 kB
Slab:             222520 kB
SReclaimable:      69884 kB
SUnreclaim:       152636 kB
KernelStack:       43264 kB
PageTables:        55964 kB
NFS_Unstable:          0 kB
Bounce:                0 kB
WritebackTmp:          0 kB
CommitLimit:     6660208 kB
Committed_AS:   61494804 kB
VmallocTotal:   263061440 kB
VmallocUsed:       83668 kB
VmallocChunk:          0 kB
Percpu:             7552 kB
CmaTotal:         315392 kB
CmaFree:               0 kB
MemTotal:        5980404 kB
MemFree:         1160688 kB
MemAvailable:    2842892 kB
Buffers:            6148 kB
Cached:          1696156 kB
SwapCached:            0 kB
Active:          1333228 kB
Inactive:        1468620 kB
Active(anon):    1105912 kB
Inactive(anon):    20004 kB
Active(file):     227316 kB
Inactive(file):  1448616 kB
Unevictable:        5636 kB
Mlocked:            5636 kB
SwapTotal:       3670008 kB
SwapFree:        3670008 kB
Dirty:               200 kB
Writeback:             0 kB
AnonPages:       1105252 kB
Mapped:           776380 kB
Shmem:             21772 kB
KReclaimable:     568704 kB
Slab:             222512 kB
SReclaimable:      69884 kB
SUnreclaim:       152628 kB
KernelStack:       43264 kB
PageTables:        55860 kB
NFS_Unstable:          0 kB
Bounce:                0 kB
WritebackTmp:          0 kB
CommitLimit:     6660208 kB
Committed_AS:   61496436 kB
VmallocTotal:   263061440 kB
VmallocUsed:       83668 kB
VmallocChunk:          0 kB
Percpu:             7552 kB
CmaTotal:         315392 kB
CmaFree:               0 kB
MemTotal:        5980404 kB
MemFree:         1160360 kB
MemAvailable:    2842552 kB
Buffers:            6148 kB
Cached:          1696144 kB
SwapCached:            0 kB
Active:          1333468 kB
Inactive:        1468612 kB
Active(anon):    1106156 kB
Inactive(anon):    20004 kB
Active(file):     227312 kB
Inactive(file):  1448608 kB
Unevictable:        5636 kB
Mlocked:            5636 kB
SwapTotal:       3670008 kB
SwapFree:        3670008 kB
Dirty:               236 kB
Writeback:             0 kB
AnonPages:       1105192 kB
Mapped:           776324 kB
Shmem:             21772 kB
KReclaimable:     568704 kB
Slab:             222536 kB
SReclaimable:      69884 kB
SUnreclaim:       152652 kB
KernelStack:       43328 kB
PageTables:        56032 kB
NFS_Unstable:          0 kB
Bounce:                0 kB
WritebackTmp:          0 kB
CommitLimit:     6660208 kB
Committed_AS:   61498052 kB
VmallocTotal:   263061440 kB
VmallocUsed:       83668 kB
VmallocChunk:          0 kB
Percpu:             7552 kB
CmaTotal:         315392 kB
CmaFree:               0 kB
MemTotal:        5980404 kB
MemFree:         1160868 kB
MemAvailable:    2843060 kB
Buffers:            6148 kB
Cached:          1696144 kB
SwapCached:            0 kB
Active:          1333544 kB
Inactive:        1468612 kB
Active(anon):    1106232 kB
Inactive(anon):    20004 kB
Active(file):     227312 kB
Inactive(file):  1448608 kB
Unevictable:        5636 kB
Mlocked:            5636 kB
SwapTotal:       3670008 kB
SwapFree:        3670008 kB
Dirty:               236 kB
Writeback:             0 kB
AnonPages:       1105548 kB
Mapped:           776324 kB
Shmem:             21772 kB
KReclaimable:     568704 kB
Slab:             222528 kB
SReclaimable:      69884 kB
SUnreclaim:       152644 kB
KernelStack:       43296 kB
PageTables:        55968 kB
NFS_Unstable:          0 kB
Bounce:                0 kB
WritebackTmp:          0 kB
CommitLimit:     6660208 kB
Committed_AS:   61496436 kB
VmallocTotal:   263061440 kB
VmallocUsed:       83700 kB
VmallocChunk:          0 kB
Percpu:             7552 kB
CmaTotal:         315392 kB
CmaFree:               0 kB
MemTotal:        5980404 kB
MemFree:         1160320 kB
MemAvailable:    2842512 kB
Buffers:            6148 kB
Cached:          1696144 kB
SwapCached:            0 kB
Active:          1333700 kB
Inactive:        1468612 kB
Active(anon):    1106388 kB
Inactive(anon):    20004 kB
Active(file):     227312 kB
Inactive(file):  1448608 kB
Unevictable:        5636 kB
Mlocked:            5636 kB
SwapTotal:       3670008 kB
SwapFree:        3670008 kB
Dirty:               244 kB
Writeback:             0 kB
AnonPages:       1105824 kB
Mapped:           776512 kB
Shmem:             21772 kB
KReclaimable:     568704 kB
Slab:             222528 kB
SReclaimable:      69884 kB
SUnreclaim:       152644 kB
KernelStack:       43264 kB
PageTables:        55932 kB
NFS_Unstable:          0 kB
Bounce:                0 kB
WritebackTmp:          0 kB
CommitLimit:     6660208 kB
Committed_AS:   61496092 kB
VmallocTotal:   263061440 kB
VmallocUsed:       83652 kB
VmallocChunk:          0 kB
Percpu:             7552 kB
CmaTotal:         315392 kB
CmaFree:               0 kB
MemTotal:        5980404 kB
MemFree:         1159964 kB
MemAvailable:    2842176 kB
Buffers:            6148 kB
Cached:          1696164 kB
SwapCached:            0 kB
Active:          1334368 kB
Inactive:        1468624 kB
Active(anon):    1107048 kB
Inactive(anon):    20004 kB
Active(file):     227320 kB
Inactive(file):  1448620 kB
Unevictable:        5636 kB
Mlocked:            5636 kB
SwapTotal:       3670008 kB
SwapFree:        3670008 kB
Dirty:               264 kB
Writeback:             0 kB
AnonPages:       1106288 kB
Mapped:           776552 kB
Shmem:             21772 kB
KReclaimable:     568704 kB
Slab:             222520 kB
SReclaimable:      69884 kB
SUnreclaim:       152636 kB
KernelStack:       43280 kB
PageTables:        56108 kB
NFS_Unstable:          0 kB
Bounce:                0 kB
WritebackTmp:          0 kB
CommitLimit:     6660208 kB
Committed_AS:   61495696 kB
VmallocTotal:   263061440 kB
VmallocUsed:       83652 kB
VmallocChunk:          0 kB
Percpu:             7552 kB
CmaTotal:         315392 kB
CmaFree:               0 kB
MemTotal:        5980404 kB
MemFree:         1160708 kB
MemAvailable:    2842900 kB
Buffers:            6148 kB
Cached:          1696144 kB
SwapCached:            0 kB
Active:          1334168 kB
Inactive:        1468612 kB
Active(anon):    1106856 kB
Inactive(anon):    20004 kB
Active(file):     227312 kB
Inactive(file):  1448608 kB
Unevictable:        5636 kB
Mlocked:            5636 kB
SwapTotal:       3670008 kB
SwapFree:        3670008 kB
Dirty:               136 kB
Writeback:             0 kB
AnonPages:       1106064 kB
Mapped:           776552 kB
Shmem:             21772 kB
KReclaimable:     568704 kB
Slab:             222480 kB
SReclaimable:      69884 kB
SUnreclaim:       152596 kB
KernelStack:       43248 kB
PageTables:        56180 kB
NFS_Unstable:          0 kB
Bounce:                0 kB
WritebackTmp:          0 kB
CommitLimit:     6660208 kB
Committed_AS:   61495672 kB
VmallocTotal:   263061440 kB
VmallocUsed:       83668 kB
VmallocChunk:          0 kB
Percpu:             7552 kB
CmaTotal:         315392 kB
CmaFree:               0 kB
MemTotal:        5980404 kB
MemFree:         1160536 kB
MemAvailable:    2842744 kB
Buffers:            6152 kB
Cached:          1696164 kB
SwapCached:            0 kB
Active:          1334416 kB
Inactive:        1468632 kB
Active(anon):    1107100 kB
Inactive(anon):    20012 kB
Active(file):     227316 kB
Inactive(file):  1448620 kB
Unevictable:        5636 kB
Mlocked:            5636 kB
SwapTotal:       3670008 kB
SwapFree:        3670008 kB
Dirty:               148 kB
Writeback:             0 kB
AnonPages:       1106176 kB
Mapped:           776788 kB
Shmem:             21780 kB
KReclaimable:     568704 kB
Slab:             222472 kB
SReclaimable:      69884 kB
SUnreclaim:       152588 kB
KernelStack:       43280 kB
PageTables:        56096 kB
NFS_Unstable:          0 kB
Bounce:                0 kB
WritebackTmp:          0 kB
CommitLimit:     6660208 kB
Committed_AS:   61497528 kB
VmallocTotal:   263061440 kB
VmallocUsed:       83668 kB
VmallocChunk:          0 kB
Percpu:             7552 kB
CmaTotal:         315392 kB
CmaFree:               0 kB
MemTotal:        5980404 kB
MemFree:         1160720 kB
MemAvailable:    2842928 kB
Buffers:            6152 kB
Cached:          1696164 kB
SwapCached:            0 kB
Active:          1334664 kB
Inactive:        1468632 kB
Active(anon):    1107348 kB
Inactive(anon):    20012 kB
Active(file):     227316 kB
Inactive(file):  1448620 kB
Unevictable:        5636 kB
Mlocked:            5636 kB
SwapTotal:       3670008 kB
SwapFree:        3670008 kB
Dirty:               188 kB
Writeback:             0 kB
AnonPages:       1106544 kB
Mapped:           776412 kB
Shmem:             21780 kB
KReclaimable:     568704 kB
Slab:             222472 kB
SReclaimable:      69884 kB
SUnreclaim:       152588 kB
KernelStack:       43296 kB
PageTables:        55980 kB
NFS_Unstable:          0 kB
Bounce:                0 kB
WritebackTmp:          0 kB
CommitLimit:     6660208 kB
Committed_AS:   61495912 kB
VmallocTotal:   263061440 kB
VmallocUsed:       83668 kB
VmallocChunk:          0 kB
Percpu:             7552 kB
CmaTotal:         315392 kB
CmaFree:               0 kB
MemTotal:        5980404 kB
MemFree:         1159692 kB
MemAvailable:    2841900 kB
Buffers:            6152 kB
Cached:          1696164 kB
SwapCached:            0 kB
Active:          1335152 kB
Inactive:        1468632 kB
Active(anon):    1107836 kB
Inactive(anon):    20012 kB
Active(file):     227316 kB
Inactive(file):  1448620 kB
Unevictable:        5636 kB
Mlocked:            5636 kB
SwapTotal:       3670008 kB
SwapFree:        3670008 kB
Dirty:               268 kB
Writeback:             0 kB
AnonPages:       1107340 kB
Mapped:           776604 kB
Shmem:             21780 kB
KReclaimable:     568704 kB
Slab:             222480 kB
SReclaimable:      69884 kB
SUnreclaim:       152596 kB
KernelStack:       43296 kB
PageTables:        56160 kB
NFS_Unstable:          0 kB
Bounce:                0 kB
WritebackTmp:          0 kB
CommitLimit:     6660208 kB
Committed_AS:   61499404 kB
VmallocTotal:   263061440 kB
VmallocUsed:       83700 kB
VmallocChunk:          0 kB
Percpu:             7552 kB
CmaTotal:         315392 kB
CmaFree:               0 kB
MemTotal:        5980404 kB
MemFree:         1159480 kB
MemAvailable:    2841688 kB
Buffers:            6152 kB
Cached:          1696164 kB
SwapCached:            0 kB
Active:          1335612 kB
Inactive:        1468632 kB
Active(anon):    1108296 kB
Inactive(anon):    20012 kB
Active(file):     227316 kB
Inactive(file):  1448620 kB
Unevictable:        5636 kB
Mlocked:            5636 kB
SwapTotal:       3670008 kB
SwapFree:        3670008 kB
Dirty:               288 kB
Writeback:             0 kB
AnonPages:       1107568 kB
Mapped:           776452 kB
Shmem:             21780 kB
KReclaimable:     568704 kB
Slab:             222488 kB
SReclaimable:      69884 kB
SUnreclaim:       152604 kB
KernelStack:       43264 kB
PageTables:        55892 kB
NFS_Unstable:          0 kB
Bounce:                0 kB
WritebackTmp:          0 kB
CommitLimit:     6660208 kB
Committed_AS:   61495200 kB
VmallocTotal:   263061440 kB
VmallocUsed:       83700 kB
VmallocChunk:          0 kB
Percpu:             7552 kB
CmaTotal:         315392 kB
CmaFree:               0 kB
MemTotal:        5980404 kB
MemFree:         1159236 kB
MemAvailable:    2841444 kB
Buffers:            6152 kB
Cached:          1696164 kB
SwapCached:            0 kB
Active:          1335912 kB
Inactive:        1468632 kB
Active(anon):    1108596 kB
Inactive(anon):    20012 kB
Active(file):     227316 kB
Inactive(file):  1448620 kB
Unevictable:        5636 kB
Mlocked:            5636 kB
SwapTotal:       3670008 kB
SwapFree:        3670008 kB
Dirty:               296 kB
Writeback:             0 kB
AnonPages:       1107992 kB
Mapped:           776616 kB
Shmem:             21780 kB
KReclaimable:     568704 kB
Slab:             222488 kB
SReclaimable:      69884 kB
SUnreclaim:       152604 kB
KernelStack:       43280 kB
PageTables:        56124 kB
NFS_Unstable:          0 kB
Bounce:                0 kB
WritebackTmp:          0 kB
CommitLimit:     6660208 kB
Committed_AS:   61495592 kB
VmallocTotal:   263061440 kB
VmallocUsed:       83668 kB
VmallocChunk:          0 kB
Percpu:             7552 kB
CmaTotal:         315392 kB
CmaFree:               0 kB
MemTotal:        5980404 kB
MemFree:         1159276 kB
MemAvailable:    2841484 kB
Buffers:            6152 kB
Cached:          1696164 kB
SwapCached:            0 kB
Active:          1336160 kB
Inactive:        1468632 kB
Active(anon):    1108844 kB
Inactive(anon):    20012 kB
Active(file):     227316 kB
Inactive(file):  1448620 kB
Unevictable:        5636 kB
Mlocked:            5636 kB
SwapTotal:       3670008 kB
SwapFree:        3670008 kB
Dirty:               308 kB
Writeback:             0 kB
AnonPages:       1108232 kB
Mapped:           776444 kB
Shmem:             21780 kB
KReclaimable:     568704 kB
Slab:             222480 kB
SReclaimable:      69884 kB
SUnreclaim:       152596 kB
KernelStack:       43280 kB
PageTables:        56060 kB
NFS_Unstable:          0 kB
Bounce:                0 kB
WritebackTmp:          0 kB
CommitLimit:     6660208 kB
Committed_AS:   61495112 kB
VmallocTotal:   263061440 kB
VmallocUsed:       83684 kB
VmallocChunk:          0 kB
Percpu:             7552 kB
CmaTotal:         315392 kB
CmaFree:               0 kB
MemTotal:        5980404 kB
MemFree:         1158636 kB
MemAvailable:    2840844 kB
Buffers:            6152 kB
Cached:          1696164 kB
SwapCached:            0 kB
Active:          1336624 kB
Inactive:        1468632 kB
Active(anon):    1109308 kB
Inactive(anon):    20012 kB
Active(file):     227316 kB
Inactive(file):  1448620 kB
Unevictable:        5636 kB
Mlocked:            5636 kB
SwapTotal:       3670008 kB
SwapFree:        3670008 kB
Dirty:               404 kB
Writeback:             0 kB
AnonPages:       1108828 kB
Mapped:           776432 kB
Shmem:             21780 kB
KReclaimable:     568704 kB
Slab:             222480 kB
SReclaimable:      69884 kB
SUnreclaim:       152596 kB
KernelStack:       43280 kB
PageTables:        56048 kB
NFS_Unstable:          0 kB
Bounce:                0 kB
WritebackTmp:          0 kB
CommitLimit:     6660208 kB
Committed_AS:   61496252 kB
VmallocTotal:   263061440 kB
VmallocUsed:       83652 kB
VmallocChunk:          0 kB
Percpu:             7552 kB
CmaTotal:         315392 kB
CmaFree:               0 kB
MemTotal:        5980404 kB
MemFree:         1158220 kB
MemAvailable:    2840428 kB
Buffers:            6152 kB
Cached:          1696164 kB
SwapCached:            0 kB
Active:          1336960 kB
Inactive:        1468632 kB
Active(anon):    1109644 kB
Inactive(anon):    20012 kB
Active(file):     227316 kB
Inactive(file):  1448620 kB
Unevictable:        5636 kB
Mlocked:            5636 kB
SwapTotal:       3670008 kB
SwapFree:        3670008 kB
Dirty:               404 kB
Writeback:             0 kB
AnonPages:       1108832 kB
Mapped:           776480 kB
Shmem:             21780 kB
KReclaimable:     568704 kB
Slab:             222504 kB
SReclaimable:      69884 kB
SUnreclaim:       152620 kB
KernelStack:       43236 kB
PageTables:        55784 kB
NFS_Unstable:          0 kB
Bounce:                0 kB
WritebackTmp:          0 kB
CommitLimit:     6660208 kB
Committed_AS:   61493064 kB
VmallocTotal:   263061440 kB
VmallocUsed:       83652 kB
VmallocChunk:          0 kB
Percpu:             7552 kB
CmaTotal:         315392 kB
CmaFree:               0 kB
MemTotal:        5980404 kB
MemFree:         1157868 kB
MemAvailable:    2840080 kB
Buffers:            6152 kB
Cached:          1696168 kB
SwapCached:            0 kB
Active:          1337600 kB
Inactive:        1468636 kB
Active(anon):    1110284 kB
Inactive(anon):    20012 kB
Active(file):     227316 kB
Inactive(file):  1448624 kB
Unevictable:        5636 kB
Mlocked:            5636 kB
SwapTotal:       3670008 kB
SwapFree:        3670008 kB
Dirty:               136 kB
Writeback:             0 kB
AnonPages:       1110032 kB
Mapped:           776376 kB
Shmem:             21780 kB
KReclaimable:     568704 kB
Slab:             222484 kB
SReclaimable:      69884 kB
SUnreclaim:       152600 kB
KernelStack:       43264 kB
PageTables:        55952 kB
NFS_Unstable:          0 kB
Bounce:                0 kB
WritebackTmp:          0 kB
CommitLimit:     6660208 kB
Committed_AS:   61495796 kB
VmallocTotal:   263061440 kB
VmallocUsed:       83652 kB
VmallocChunk:          0 kB
Percpu:             7552 kB
CmaTotal:         315392 kB
CmaFree:               0 kB
MemTotal:        5980404 kB
MemFree:         1156372 kB
MemAvailable:    2838576 kB
Buffers:            6152 kB
Cached:          1696164 kB
SwapCached:            0 kB
Active:          1338232 kB
Inactive:        1468632 kB
Active(anon):    1110920 kB
Inactive(anon):    20012 kB
Active(file):     227312 kB
Inactive(file):  1448620 kB
Unevictable:        5636 kB
Mlocked:            5636 kB
SwapTotal:       3670008 kB
SwapFree:        3670008 kB
Dirty:               164 kB
Writeback:             0 kB
AnonPages:       1110128 kB
Mapped:           776836 kB
Shmem:             21780 kB
KReclaimable:     568704 kB
Slab:             222496 kB
SReclaimable:      69884 kB
SUnreclaim:       152612 kB
KernelStack:       43248 kB
PageTables:        55952 kB
NFS_Unstable:          0 kB
Bounce:                0 kB
WritebackTmp:          0 kB
CommitLimit:     6660208 kB
Committed_AS:   61495524 kB
VmallocTotal:   263061440 kB
VmallocUsed:       83620 kB
VmallocChunk:          0 kB
Percpu:             7552 kB
CmaTotal:         315392 kB
CmaFree:               0 kB
MemTotal:        5980404 kB
MemFree:         1157640 kB
MemAvailable:    2839864 kB
Buffers:            6152 kB
Cached:          1696180 kB
SwapCached:            0 kB
Active:          1338784 kB
Inactive:        1468648 kB
Active(anon):    1111468 kB
Inactive(anon):    20012 kB
Active(file):     227316 kB
Inactive(file):  1448636 kB
Unevictable:        5636 kB
Mlocked:            5636 kB
SwapTotal:       3670008 kB
SwapFree:        3670008 kB
Dirty:               224 kB
Writeback:             0 kB
AnonPages:       1110800 kB
Mapped:           776540 kB
Shmem:             21780 kB
KReclaimable:     568704 kB
Slab:             222520 kB
SReclaimable:      69884 kB
SUnreclaim:       152636 kB
KernelStack:       43264 kB
PageTables:        56108 kB
NFS_Unstable:          0 kB
Bounce:                0 kB
WritebackTmp:          0 kB
CommitLimit:     6660208 kB
Committed_AS:   61495024 kB
VmallocTotal:   263061440 kB
VmallocUsed:       83636 kB
VmallocChunk:          0 kB
Percpu:             7552 kB
CmaTotal:         315392 kB
CmaFree:               0 kB
MemTotal:        5980404 kB
MemFree:         1157684 kB
MemAvailable:    2839908 kB
Buffers:            6152 kB
Cached:          1696180 kB
SwapCached:            0 kB
Active:          1338944 kB
Inactive:        1468648 kB
Active(anon):    1111628 kB
Inactive(anon):    20012 kB
Active(file):     227316 kB
Inactive(file):  1448636 kB
Unevictable:        5636 kB
Mlocked:            5636 kB
SwapTotal:       3670008 kB
SwapFree:        3670008 kB
Dirty:               228 kB
Writeback:             0 kB
AnonPages:       1110824 kB
Mapped:           776588 kB
Shmem:             21780 kB
KReclaimable:     568704 kB
Slab:             222536 kB
SReclaimable:      69884 kB
SUnreclaim:       152652 kB
KernelStack:       43296 kB
PageTables:        55712 kB
NFS_Unstable:          0 kB
Bounce:                0 kB
WritebackTmp:          0 kB
CommitLimit:     6660208 kB
Committed_AS:   61495716 kB
VmallocTotal:   263061440 kB
VmallocUsed:       83588 kB
VmallocChunk:          0 kB
Percpu:             7552 kB
CmaTotal:         315392 kB
CmaFree:               0 kB
MemTotal:        5980404 kB
MemFree:         1156984 kB
MemAvailable:    2839208 kB
Buffers:            6152 kB
Cached:          1696180 kB
SwapCached:            0 kB
Active:          1339276 kB
Inactive:        1468648 kB
Active(anon):    1111960 kB
Inactive(anon):    20012 kB
Active(file):     227316 kB
Inactive(file):  1448636 kB
Unevictable:        5636 kB
Mlocked:            5636 kB
SwapTotal:       3670008 kB
SwapFree:        3670008 kB
Dirty:               248 kB
Writeback:             0 kB
AnonPages:       1111328 kB
Mapped:           776732 kB
Shmem:             21780 kB
KReclaimable:     568704 kB
Slab:             222504 kB
SReclaimable:      69884 kB
SUnreclaim:       152620 kB
KernelStack:       43264 kB
PageTables:        55968 kB
NFS_Unstable:          0 kB
Bounce:                0 kB
WritebackTmp:          0 kB
CommitLimit:     6660208 kB
Committed_AS:   61495768 kB
VmallocTotal:   263061440 kB
VmallocUsed:       83604 kB
VmallocChunk:          0 kB
Percpu:             7552 kB
CmaTotal:         315392 kB
CmaFree:               0 kB
MemTotal:        5980404 kB
MemFree:         1164928 kB
MemAvailable:    2847152 kB
Buffers:            6152 kB
Cached:          1696180 kB
SwapCached:            0 kB
Active:          1330852 kB
Inactive:        1468648 kB
Active(anon):    1103536 kB
Inactive(anon):    20012 kB
Active(file):     227316 kB
Inactive(file):  1448636 kB
Unevictable:        5636 kB
Mlocked:            5636 kB
SwapTotal:       3670008 kB
SwapFree:        3670008 kB
Dirty:               280 kB
Writeback:             0 kB
AnonPages:       1102596 kB
Mapped:           776612 kB
Shmem:             21780 kB
KReclaimable:     568704 kB
Slab:             222536 kB
SReclaimable:      69884 kB
SUnreclaim:       152652 kB
KernelStack:       43280 kB
PageTables:        55892 kB
NFS_Unstable:          0 kB
Bounce:                0 kB
WritebackTmp:          0 kB
CommitLimit:     6660208 kB
Committed_AS:   61497716 kB
VmallocTotal:   263061440 kB
VmallocUsed:       83604 kB
VmallocChunk:          0 kB
Percpu:             7552 kB
CmaTotal:         315392 kB
CmaFree:              48 kB
MemTotal:        5980404 kB
MemFree:         1165144 kB
MemAvailable:    2847368 kB
Buffers:            6152 kB
Cached:          1696180 kB
SwapCached:            0 kB
Active:          1330680 kB
Inactive:        1468648 kB
Active(anon):    1103364 kB
Inactive(anon):    20012 kB
Active(file):     227316 kB
Inactive(file):  1448636 kB
Unevictable:        5636 kB
Mlocked:            5636 kB
SwapTotal:       3670008 kB
SwapFree:        3670008 kB
Dirty:               288 kB
Writeback:             0 kB
AnonPages:       1102412 kB
Mapped:           776960 kB
Shmem:             21780 kB
KReclaimable:     568704 kB
Slab:             222520 kB
SReclaimable:      69884 kB
SUnreclaim:       152636 kB
KernelStack:       43264 kB
PageTables:        55976 kB
NFS_Unstable:          0 kB
Bounce:                0 kB
WritebackTmp:          0 kB
CommitLimit:     6660208 kB
Committed_AS:   61496896 kB
VmallocTotal:   263061440 kB
VmallocUsed:       83620 kB
VmallocChunk:          0 kB
Percpu:             7552 kB
CmaTotal:         315392 kB
CmaFree:             128 kB
MemTotal:        5980404 kB
MemFree:         1163784 kB
MemAvailable:    2846000 kB
Buffers:            6160 kB
Cached:          1696168 kB
SwapCached:            0 kB
Active:          1331236 kB
Inactive:        1468648 kB
Active(anon):    1103924 kB
Inactive(anon):    20016 kB
Active(file):     227312 kB
Inactive(file):  1448632 kB
Unevictable:        5636 kB
Mlocked:            5636 kB
SwapTotal:       3670008 kB
SwapFree:        3670008 kB
Dirty:               288 kB
Writeback:             0 kB
AnonPages:       1103092 kB
Mapped:           776736 kB
Shmem:             21784 kB
KReclaimable:     568704 kB
Slab:             222544 kB
SReclaimable:      69884 kB
SUnreclaim:       152660 kB
KernelStack:       43264 kB
PageTables:        55960 kB
NFS_Unstable:          0 kB
Bounce:                0 kB
WritebackTmp:          0 kB
CommitLimit:     6660208 kB
Committed_AS:   61497824 kB
VmallocTotal:   263061440 kB
VmallocUsed:       83636 kB
VmallocChunk:          0 kB
Percpu:             7552 kB
CmaTotal:         315392 kB
CmaFree:               0 kB
MemTotal:        5980404 kB
MemFree:         1163808 kB
MemAvailable:    2846056 kB
Buffers:            6160 kB
Cached:          1696200 kB
SwapCached:            0 kB
Active:          1330620 kB
Inactive:        1468668 kB
Active(anon):    1103296 kB
Inactive(anon):    20016 kB
Active(file):     227324 kB
Inactive(file):  1448652 kB
Unevictable:        5636 kB
Mlocked:            5636 kB
SwapTotal:       3670008 kB
SwapFree:        3670008 kB
Dirty:               344 kB
Writeback:             0 kB
AnonPages:       1102688 kB
Mapped:           776632 kB
Shmem:             21784 kB
KReclaimable:     568704 kB
Slab:             222536 kB
SReclaimable:      69884 kB
SUnreclaim:       152652 kB
KernelStack:       43312 kB
PageTables:        55988 kB
NFS_Unstable:          0 kB
Bounce:                0 kB
WritebackTmp:          0 kB
CommitLimit:     6660208 kB
Committed_AS:   61496488 kB
VmallocTotal:   263061440 kB
VmallocUsed:       83604 kB
VmallocChunk:          0 kB
Percpu:             7552 kB
CmaTotal:         315392 kB
CmaFree:              48 kB
MemTotal:        5980404 kB
MemFree:         1162980 kB
MemAvailable:    2845228 kB
Buffers:            6160 kB
Cached:          1696200 kB
SwapCached:            0 kB
Active:          1331364 kB
Inactive:        1468668 kB
Active(anon):    1104040 kB
Inactive(anon):    20016 kB
Active(file):     227324 kB
Inactive(file):  1448652 kB
Unevictable:        5636 kB
Mlocked:            5636 kB
SwapTotal:       3670008 kB
SwapFree:        3670008 kB
Dirty:               400 kB
Writeback:             0 kB
AnonPages:       1103308 kB
Mapped:           776736 kB
Shmem:             21784 kB
KReclaimable:     568704 kB
Slab:             222504 kB
SReclaimable:      69884 kB
SUnreclaim:       152620 kB
KernelStack:       43376 kB
PageTables:        55972 kB
NFS_Unstable:          0 kB
Bounce:                0 kB
WritebackTmp:          0 kB
CommitLimit:     6660208 kB
Committed_AS:   61498740 kB
VmallocTotal:   263061440 kB
VmallocUsed:       83668 kB
VmallocChunk:          0 kB
Percpu:             7552 kB
CmaTotal:         315392 kB
CmaFree:               0 kB
MemTotal:        5980404 kB
MemFree:         1162392 kB
MemAvailable:    2844640 kB
Buffers:            6160 kB
Cached:          1696200 kB
SwapCached:            0 kB
Active:          1332764 kB
Inactive:        1468668 kB
Active(anon):    1105440 kB
Inactive(anon):    20016 kB
Active(file):     227324 kB
Inactive(file):  1448652 kB
Unevictable:        5636 kB
Mlocked:            5636 kB
SwapTotal:       3670008 kB
SwapFree:        3670008 kB
Dirty:               204 kB
Writeback:             0 kB
AnonPages:       1104456 kB
Mapped:           776652 kB
Shmem:             21784 kB
KReclaimable:     568704 kB
Slab:             222492 kB
SReclaimable:      69884 kB
SUnreclaim:       152608 kB
KernelStack:       43376 kB
PageTables:        55924 kB
NFS_Unstable:          0 kB
Bounce:                0 kB
WritebackTmp:          0 kB
CommitLimit:     6660208 kB
Committed_AS:   61493776 kB
VmallocTotal:   263061440 kB
VmallocUsed:       83700 kB
VmallocChunk:          0 kB
Percpu:             7552 kB
CmaTotal:         315392 kB
CmaFree:               0 kB
MemTotal:        5980404 kB
MemFree:         1162616 kB
MemAvailable:    2844864 kB
Buffers:            6160 kB
Cached:          1696200 kB
SwapCached:            0 kB
Active:          1333468 kB
Inactive:        1468668 kB
Active(anon):    1106144 kB
Inactive(anon):    20016 kB
Active(file):     227324 kB
Inactive(file):  1448652 kB
Unevictable:        5636 kB
Mlocked:            5636 kB
SwapTotal:       3670008 kB
SwapFree:        3670008 kB
Dirty:               256 kB
Writeback:             0 kB
AnonPages:       1105220 kB
Mapped:           776736 kB
Shmem:             21784 kB
KReclaimable:     568704 kB
Slab:             222508 kB
SReclaimable:      69884 kB
SUnreclaim:       152624 kB
KernelStack:       43392 kB
PageTables:        56028 kB
NFS_Unstable:          0 kB
Bounce:                0 kB
WritebackTmp:          0 kB
CommitLimit:     6660208 kB
Committed_AS:   61495820 kB
VmallocTotal:   263061440 kB
VmallocUsed:       83684 kB
VmallocChunk:          0 kB
Percpu:             7552 kB
CmaTotal:         315392 kB
CmaFree:               0 kB
MemTotal:        5980404 kB
MemFree:         1161120 kB
MemAvailable:    2843368 kB
Buffers:            6160 kB
Cached:          1696200 kB
SwapCached:            0 kB
Active:          1333548 kB
Inactive:        1468668 kB
Active(anon):    1106224 kB
Inactive(anon):    20016 kB
Active(file):     227324 kB
Inactive(file):  1448652 kB
Unevictable:        5636 kB
Mlocked:            5636 kB
SwapTotal:       3670008 kB
SwapFree:        3670008 kB
Dirty:               340 kB
Writeback:             0 kB
AnonPages:       1105888 kB
Mapped:           776676 kB
Shmem:             21784 kB
KReclaimable:     568704 kB
Slab:             222492 kB
SReclaimable:      69884 kB
SUnreclaim:       152608 kB
KernelStack:       43344 kB
PageTables:        55924 kB
NFS_Unstable:          0 kB
Bounce:                0 kB
WritebackTmp:          0 kB
CommitLimit:     6660208 kB
Committed_AS:   61492480 kB
VmallocTotal:   263061440 kB
VmallocUsed:       83684 kB
VmallocChunk:          0 kB
Percpu:             7552 kB
CmaTotal:         315392 kB
CmaFree:               0 kB
MemTotal:        5980404 kB
MemFree:         1160868 kB
MemAvailable:    2843116 kB
Buffers:            6160 kB
Cached:          1696200 kB
SwapCached:            0 kB
Active:          1334268 kB
Inactive:        1468668 kB
Active(anon):    1106944 kB
Inactive(anon):    20016 kB
Active(file):     227324 kB
Inactive(file):  1448652 kB
Unevictable:        5636 kB
Mlocked:            5636 kB
SwapTotal:       3670008 kB
SwapFree:        3670008 kB
Dirty:               488 kB
Writeback:             0 kB
AnonPages:       1105908 kB
Mapped:           776736 kB
Shmem:             21784 kB
KReclaimable:     568704 kB
Slab:             222492 kB
SReclaimable:      69884 kB
SUnreclaim:       152608 kB
KernelStack:       43344 kB
PageTables:        55868 kB
NFS_Unstable:          0 kB
Bounce:                0 kB
WritebackTmp:          0 kB
CommitLimit:     6660208 kB
Committed_AS:   61491540 kB
VmallocTotal:   263061440 kB
VmallocUsed:       83780 kB
VmallocChunk:          0 kB
Percpu:             7552 kB
CmaTotal:         315392 kB
CmaFree:               0 kB
MemTotal:        5980404 kB
MemFree:         1160728 kB
MemAvailable:    2842976 kB
Buffers:            6160 kB
Cached:          1696200 kB
SwapCached:            0 kB
Active:          1334888 kB
Inactive:        1468668 kB
Active(anon):    1107564 kB
Inactive(anon):    20016 kB
Active(file):     227324 kB
Inactive(file):  1448652 kB
Unevictable:        5636 kB
Mlocked:            5636 kB
SwapTotal:       3670008 kB
SwapFree:        3670008 kB
Dirty:               348 kB
Writeback:             0 kB
AnonPages:       1106832 kB
Mapped:           776572 kB
Shmem:             21784 kB
KReclaimable:     568704 kB
Slab:             222528 kB
SReclaimable:      69884 kB
SUnreclaim:       152644 kB
KernelStack:       43376 kB
PageTables:        55988 kB
NFS_Unstable:          0 kB
Bounce:                0 kB
WritebackTmp:          0 kB
CommitLimit:     6660208 kB
Committed_AS:   61495792 kB
VmallocTotal:   263061440 kB
VmallocUsed:       83780 kB
VmallocChunk:          0 kB
Percpu:             7552 kB
CmaTotal:         315392 kB
CmaFree:               0 kB
MemTotal:        5980404 kB
MemFree:         1160156 kB
MemAvailable:    2842412 kB
Buffers:            6160 kB
Cached:          1696208 kB
SwapCached:            0 kB
Active:          1334844 kB
Inactive:        1468676 kB
Active(anon):    1107520 kB
Inactive(anon):    20016 kB
Active(file):     227324 kB
Inactive(file):  1448660 kB
Unevictable:        5636 kB
Mlocked:            5636 kB
SwapTotal:       3670008 kB
SwapFree:        3670008 kB
Dirty:               580 kB
Writeback:             0 kB
AnonPages:       1106768 kB
Mapped:           776696 kB
Shmem:             21784 kB
KReclaimable:     568704 kB
Slab:             222520 kB
SReclaimable:      69884 kB
SUnreclaim:       152636 kB
KernelStack:       43392 kB
PageTables:        55936 kB
NFS_Unstable:          0 kB
Bounce:                0 kB
WritebackTmp:          0 kB
CommitLimit:     6660208 kB
Committed_AS:   61494892 kB
VmallocTotal:   263061440 kB
VmallocUsed:       83764 kB
VmallocChunk:          0 kB
Percpu:             7552 kB
CmaTotal:         315392 kB
CmaFree:             104 kB
MemTotal:        5980404 kB
MemFree:         1159300 kB
MemAvailable:    2841556 kB
Buffers:            6160 kB
Cached:          1696212 kB
SwapCached:            0 kB
Active:          1335256 kB
Inactive:        1468680 kB
Active(anon):    1107932 kB
Inactive(anon):    20020 kB
Active(file):     227324 kB
Inactive(file):  1448660 kB
Unevictable:        5636 kB
Mlocked:            5636 kB
SwapTotal:       3670008 kB
SwapFree:        3670008 kB
Dirty:               640 kB
Writeback:             0 kB
AnonPages:       1106956 kB
Mapped:           776512 kB
Shmem:             21788 kB
KReclaimable:     568704 kB
Slab:             222520 kB
SReclaimable:      69884 kB
SUnreclaim:       152636 kB
KernelStack:       43344 kB
PageTables:        55976 kB
NFS_Unstable:          0 kB
Bounce:                0 kB
WritebackTmp:          0 kB
CommitLimit:     6660208 kB
Committed_AS:   61495616 kB
VmallocTotal:   263061440 kB
VmallocUsed:       83716 kB
VmallocChunk:          0 kB
Percpu:             7552 kB
CmaTotal:         315392 kB
CmaFree:               0 kB
MemTotal:        5980404 kB
MemFree:         1159464 kB
MemAvailable:    2841720 kB
Buffers:            6160 kB
Cached:          1696212 kB
SwapCached:            0 kB
Active:          1335608 kB
Inactive:        1468680 kB
Active(anon):    1108284 kB
Inactive(anon):    20020 kB
Active(file):     227324 kB
Inactive(file):  1448660 kB
Unevictable:        5636 kB
Mlocked:            5636 kB
SwapTotal:       3670008 kB
SwapFree:        3670008 kB
Dirty:               664 kB
Writeback:             0 kB
AnonPages:       1107492 kB
Mapped:           776636 kB
Shmem:             21788 kB
KReclaimable:     568704 kB
Slab:             222520 kB
SReclaimable:      69884 kB
SUnreclaim:       152636 kB
KernelStack:       43360 kB
PageTables:        55912 kB
NFS_Unstable:          0 kB
Bounce:                0 kB
WritebackTmp:          0 kB
CommitLimit:     6660208 kB
Committed_AS:   61495180 kB
VmallocTotal:   263061440 kB
VmallocUsed:       83748 kB
VmallocChunk:          0 kB
Percpu:             7552 kB
CmaTotal:         315392 kB
CmaFree:               0 kB
MemTotal:        5980404 kB
MemFree:         1159944 kB
MemAvailable:    2842200 kB
Buffers:            6160 kB
Cached:          1696212 kB
SwapCached:            0 kB
Active:          1334496 kB
Inactive:        1468680 kB
Active(anon):    1107172 kB
Inactive(anon):    20020 kB
Active(file):     227324 kB
Inactive(file):  1448660 kB
Unevictable:        5636 kB
Mlocked:            5636 kB
SwapTotal:       3670008 kB
SwapFree:        3670008 kB
Dirty:               664 kB
Writeback:             0 kB
AnonPages:       1106392 kB
Mapped:           776740 kB
Shmem:             21788 kB
KReclaimable:     568704 kB
Slab:             222536 kB
SReclaimable:      69884 kB
SUnreclaim:       152652 kB
KernelStack:       43360 kB
PageTables:        55972 kB
NFS_Unstable:          0 kB
Bounce:                0 kB
WritebackTmp:          0 kB
CommitLimit:     6660208 kB
Committed_AS:   61494852 kB
VmallocTotal:   263061440 kB
VmallocUsed:       83748 kB
VmallocChunk:          0 kB
Percpu:             7552 kB
CmaTotal:         315392 kB
CmaFree:               0 kB
MemTotal:        5980404 kB
MemFree:         1159152 kB
MemAvailable:    2841408 kB
Buffers:            6164 kB
Cached:          1696208 kB
SwapCached:            0 kB
Active:          1334616 kB
Inactive:        1468680 kB
Active(anon):    1107292 kB
Inactive(anon):    20020 kB
Active(file):     227324 kB
Inactive(file):  1448660 kB
Unevictable:        5636 kB
Mlocked:            5636 kB
SwapTotal:       3670008 kB
SwapFree:        3670008 kB
Dirty:               660 kB
Writeback:             0 kB
AnonPages:       1106460 kB
Mapped:           776740 kB
Shmem:             21788 kB
KReclaimable:     568704 kB
Slab:             222520 kB
SReclaimable:      69884 kB
SUnreclaim:       152636 kB
KernelStack:       43328 kB
PageTables:        55816 kB
NFS_Unstable:          0 kB
Bounce:                0 kB
WritebackTmp:          0 kB
CommitLimit:     6660208 kB
Committed_AS:   61490288 kB
VmallocTotal:   263061440 kB
VmallocUsed:       83732 kB
VmallocChunk:          0 kB
Percpu:             7552 kB
CmaTotal:         315392 kB
CmaFree:               0 kB
MemTotal:        5980404 kB
MemFree:         1159864 kB
MemAvailable:    2842136 kB
Buffers:            6164 kB
Cached:          1696224 kB
SwapCached:            0 kB
Active:          1335268 kB
Inactive:        1468692 kB
Active(anon):    1107940 kB
Inactive(anon):    20020 kB
Active(file):     227328 kB
Inactive(file):  1448672 kB
Unevictable:        5636 kB
Mlocked:            5636 kB
SwapTotal:       3670008 kB
SwapFree:        3670008 kB
Dirty:               688 kB
Writeback:             0 kB
AnonPages:       1106948 kB
Mapped:           776712 kB
Shmem:             21788 kB
KReclaimable:     568704 kB
Slab:             222520 kB
SReclaimable:      69884 kB
SUnreclaim:       152636 kB
KernelStack:       43332 kB
PageTables:        55748 kB
NFS_Unstable:          0 kB
Bounce:                0 kB
WritebackTmp:          0 kB
CommitLimit:     6660208 kB
Committed_AS:   61490532 kB
VmallocTotal:   263061440 kB
VmallocUsed:       83700 kB
VmallocChunk:          0 kB
Percpu:             7552 kB
CmaTotal:         315392 kB
CmaFree:               0 kB
MemTotal:        5980404 kB
MemFree:         1160092 kB
MemAvailable:    2842364 kB
Buffers:            6164 kB
Cached:          1696224 kB
SwapCached:            0 kB
Active:          1334976 kB
Inactive:        1468692 kB
Active(anon):    1107648 kB
Inactive(anon):    20020 kB
Active(file):     227328 kB
Inactive(file):  1448672 kB
Unevictable:        5636 kB
Mlocked:            5636 kB
SwapTotal:       3670008 kB
SwapFree:        3670008 kB
Dirty:               728 kB
Writeback:             0 kB
AnonPages:       1107228 kB
Mapped:           776740 kB
Shmem:             21788 kB
KReclaimable:     568704 kB
Slab:             222496 kB
SReclaimable:      69884 kB
SUnreclaim:       152612 kB
KernelStack:       43360 kB
PageTables:        55972 kB
NFS_Unstable:          0 kB
Bounce:                0 kB
WritebackTmp:          0 kB
CommitLimit:     6660208 kB
Committed_AS:   61493976 kB
VmallocTotal:   263061440 kB
VmallocUsed:       83700 kB
VmallocChunk:          0 kB
Percpu:             7552 kB
CmaTotal:         315392 kB
CmaFree:              12 kB
MemTotal:        5980404 kB
MemFree:         1160096 kB
MemAvailable:    2842368 kB
Buffers:            6164 kB
Cached:          1696224 kB
SwapCached:            0 kB
Active:          1335892 kB
Inactive:        1468692 kB
Active(anon):    1108564 kB
Inactive(anon):    20020 kB
Active(file):     227328 kB
Inactive(file):  1448672 kB
Unevictable:        5636 kB
Mlocked:            5636 kB
SwapTotal:       3670008 kB
SwapFree:        3670008 kB
Dirty:               732 kB
Writeback:             0 kB
AnonPages:       1107612 kB
Mapped:           776740 kB
Shmem:             21788 kB
KReclaimable:     568704 kB
Slab:             222520 kB
SReclaimable:      69884 kB
SUnreclaim:       152636 kB
KernelStack:       43360 kB
PageTables:        55976 kB
NFS_Unstable:          0 kB
Bounce:                0 kB
WritebackTmp:          0 kB
CommitLimit:     6660208 kB
Committed_AS:   61550908 kB
VmallocTotal:   263061440 kB
VmallocUsed:       83668 kB
VmallocChunk:          0 kB
Percpu:             7552 kB
CmaTotal:         315392 kB
CmaFree:               0 kB
MemTotal:        5980404 kB
MemFree:         1158888 kB
MemAvailable:    2841160 kB
Buffers:            6164 kB
Cached:          1696228 kB
SwapCached:            0 kB
Active:          1335288 kB
Inactive:        1468696 kB
Active(anon):    1107960 kB
Inactive(anon):    20024 kB
Active(file):     227328 kB
Inactive(file):  1448672 kB
Unevictable:        5636 kB
Mlocked:            5636 kB
SwapTotal:       3670008 kB
SwapFree:        3670008 kB
Dirty:               732 kB
Writeback:             0 kB
AnonPages:       1107600 kB
Mapped:           776744 kB
Shmem:             21792 kB
KReclaimable:     568704 kB
Slab:             222512 kB
SReclaimable:      69884 kB
SUnreclaim:       152628 kB
KernelStack:       43328 kB
PageTables:        55976 kB
NFS_Unstable:          0 kB
Bounce:                0 kB
WritebackTmp:          0 kB
CommitLimit:     6660208 kB
Committed_AS:   61545196 kB
VmallocTotal:   263061440 kB
VmallocUsed:       83732 kB
VmallocChunk:          0 kB
Percpu:             7552 kB
CmaTotal:         315392 kB
CmaFree:               0 kB
MemTotal:        5980404 kB
MemFree:         1158908 kB
MemAvailable:    2841180 kB
Buffers:            6164 kB
Cached:          1696228 kB
SwapCached:            0 kB
Active:          1336352 kB
Inactive:        1468696 kB
Active(anon):    1109024 kB
Inactive(anon):    20024 kB
Active(file):     227328 kB
Inactive(file):  1448672 kB
Unevictable:        5636 kB
Mlocked:            5636 kB
SwapTotal:       3670008 kB
SwapFree:        3670008 kB
Dirty:               744 kB
Writeback:             0 kB
AnonPages:       1108164 kB
Mapped:           776744 kB
Shmem:             21792 kB
KReclaimable:     568704 kB
Slab:             222520 kB
SReclaimable:      69884 kB
SUnreclaim:       152636 kB
KernelStack:       43328 kB
PageTables:        55964 kB
NFS_Unstable:          0 kB
Bounce:                0 kB
WritebackTmp:          0 kB
CommitLimit:     6660208 kB
Committed_AS:   61545248 kB
VmallocTotal:   263061440 kB
VmallocUsed:       83716 kB
VmallocChunk:          0 kB
Percpu:             7552 kB
CmaTotal:         315392 kB
CmaFree:               0 kB
MemTotal:        5980404 kB
MemFree:         1159052 kB
MemAvailable:    2841324 kB
Buffers:            6164 kB
Cached:          1696228 kB
SwapCached:            0 kB
Active:          1336580 kB
Inactive:        1468696 kB
Active(anon):    1109252 kB
Inactive(anon):    20024 kB
Active(file):     227328 kB
Inactive(file):  1448672 kB
Unevictable:        5636 kB
Mlocked:            5636 kB
SwapTotal:       3670008 kB
SwapFree:        3670008 kB
Dirty:               764 kB
Writeback:             0 kB
AnonPages:       1108472 kB
Mapped:           776744 kB
Shmem:             21792 kB
KReclaimable:     568704 kB
Slab:             222504 kB
SReclaimable:      69884 kB
SUnreclaim:       152620 kB
KernelStack:       43360 kB
PageTables:        55980 kB
NFS_Unstable:          0 kB
Bounce:                0 kB
WritebackTmp:          0 kB
CommitLimit:     6660208 kB
Committed_AS:   61550284 kB
VmallocTotal:   263061440 kB
VmallocUsed:       83700 kB
VmallocChunk:          0 kB
Percpu:             7552 kB
CmaTotal:         315392 kB
CmaFree:               0 kB
MemTotal:        5980404 kB
MemFree:         1157784 kB
MemAvailable:    2840056 kB
Buffers:            6164 kB
Cached:          1696228 kB
SwapCached:            0 kB
Active:          1337176 kB
Inactive:        1468696 kB
Active(anon):    1109848 kB
Inactive(anon):    20024 kB
Active(file):     227328 kB
Inactive(file):  1448672 kB
Unevictable:        5636 kB
Mlocked:            5636 kB
SwapTotal:       3670008 kB
SwapFree:        3670008 kB
Dirty:               768 kB
Writeback:             0 kB
AnonPages:       1109024 kB
Mapped:           776680 kB
Shmem:             21792 kB
KReclaimable:     568704 kB
Slab:             222504 kB
SReclaimable:      69884 kB
SUnreclaim:       152620 kB
KernelStack:       43344 kB
PageTables:        55864 kB
NFS_Unstable:          0 kB
Bounce:                0 kB
WritebackTmp:          0 kB
CommitLimit:     6660208 kB
Committed_AS:   61549420 kB
VmallocTotal:   263061440 kB
VmallocUsed:       83732 kB
VmallocChunk:          0 kB
Percpu:             7552 kB
CmaTotal:         315392 kB
CmaFree:               0 kB
MemTotal:        5980404 kB
MemFree:         1157660 kB
MemAvailable:    2839936 kB
Buffers:            6164 kB
Cached:          1696232 kB
SwapCached:            0 kB
Active:          1337712 kB
Inactive:        1468700 kB
Active(anon):    1110384 kB
Inactive(anon):    20024 kB
Active(file):     227328 kB
Inactive(file):  1448676 kB
Unevictable:        5636 kB
Mlocked:            5636 kB
SwapTotal:       3670008 kB
SwapFree:        3670008 kB
Dirty:               844 kB
Writeback:             0 kB
AnonPages:       1109704 kB
Mapped:           776744 kB
Shmem:             21792 kB
KReclaimable:     568704 kB
Slab:             222568 kB
SReclaimable:      69884 kB
SUnreclaim:       152684 kB
KernelStack:       43376 kB
PageTables:        56108 kB
NFS_Unstable:          0 kB
Bounce:                0 kB
WritebackTmp:          0 kB
CommitLimit:     6660208 kB
Committed_AS:   61549408 kB
VmallocTotal:   263061440 kB
VmallocUsed:       83732 kB
VmallocChunk:          0 kB
Percpu:             7552 kB
CmaTotal:         315392 kB
CmaFree:               0 kB
MemTotal:        5980404 kB
MemFree:         1156960 kB
MemAvailable:    2839236 kB
Buffers:            6164 kB
Cached:          1696232 kB
SwapCached:            0 kB
Active:          1338064 kB
Inactive:        1468700 kB
Active(anon):    1110736 kB
Inactive(anon):    20024 kB
Active(file):     227328 kB
Inactive(file):  1448676 kB
Unevictable:        5636 kB
Mlocked:            5636 kB
SwapTotal:       3670008 kB
SwapFree:        3670008 kB
Dirty:               856 kB
Writeback:             0 kB
AnonPages:       1110076 kB
Mapped:           776764 kB
Shmem:             21792 kB
KReclaimable:     568704 kB
Slab:             222544 kB
SReclaimable:      69884 kB
SUnreclaim:       152660 kB
KernelStack:       43360 kB
PageTables:        55996 kB
NFS_Unstable:          0 kB
Bounce:                0 kB
WritebackTmp:          0 kB
CommitLimit:     6660208 kB
Committed_AS:   61547280 kB
VmallocTotal:   263061440 kB
VmallocUsed:       83716 kB
VmallocChunk:          0 kB
Percpu:             7552 kB
CmaTotal:         315392 kB
CmaFree:               0 kB
MemTotal:        5980404 kB
MemFree:         1158100 kB
MemAvailable:    2840376 kB
Buffers:            6164 kB
Cached:          1696232 kB
SwapCached:            0 kB
Active:          1338164 kB
Inactive:        1468700 kB
Active(anon):    1110836 kB
Inactive(anon):    20024 kB
Active(file):     227328 kB
Inactive(file):  1448676 kB
Unevictable:        5636 kB
Mlocked:            5636 kB
SwapTotal:       3670008 kB
SwapFree:        3670008 kB
Dirty:               872 kB
Writeback:             0 kB
AnonPages:       1110280 kB
Mapped:           776584 kB
Shmem:             21792 kB
KReclaimable:     568704 kB
Slab:             222512 kB
SReclaimable:      69884 kB
SUnreclaim:       152628 kB
KernelStack:       43404 kB
PageTables:        55844 kB
NFS_Unstable:          0 kB
Bounce:                0 kB
WritebackTmp:          0 kB
CommitLimit:     6660208 kB
Committed_AS:   61548092 kB
VmallocTotal:   263061440 kB
VmallocUsed:       83716 kB
VmallocChunk:          0 kB
Percpu:             7552 kB
CmaTotal:         315392 kB
CmaFree:               0 kB
MemTotal:        5980404 kB
MemFree:         1157400 kB
MemAvailable:    2839676 kB
Buffers:            6164 kB
Cached:          1696232 kB
SwapCached:            0 kB
Active:          1338260 kB
Inactive:        1468700 kB
Active(anon):    1110932 kB
Inactive(anon):    20024 kB
Active(file):     227328 kB
Inactive(file):  1448676 kB
Unevictable:        5636 kB
Mlocked:            5636 kB
SwapTotal:       3670008 kB
SwapFree:        3670008 kB
Dirty:               900 kB
Writeback:             0 kB
AnonPages:       1110600 kB
Mapped:           776516 kB
Shmem:             21792 kB
KReclaimable:     568704 kB
Slab:             222520 kB
SReclaimable:      69884 kB
SUnreclaim:       152636 kB
KernelStack:       43360 kB
PageTables:        56092 kB
NFS_Unstable:          0 kB
Bounce:                0 kB
WritebackTmp:          0 kB
CommitLimit:     6660208 kB
Committed_AS:   61546908 kB
VmallocTotal:   263061440 kB
VmallocUsed:       83716 kB
VmallocChunk:          0 kB
Percpu:             7552 kB
CmaTotal:         315392 kB
CmaFree:               0 kB
MemTotal:        5980404 kB
MemFree:         1156968 kB
MemAvailable:    2839244 kB
Buffers:            6168 kB
Cached:          1696232 kB
SwapCached:            0 kB
Active:          1338272 kB
Inactive:        1468700 kB
Active(anon):    1110944 kB
Inactive(anon):    20024 kB
Active(file):     227328 kB
Inactive(file):  1448676 kB
Unevictable:        5636 kB
Mlocked:            5636 kB
SwapTotal:       3670008 kB
SwapFree:        3670008 kB
Dirty:               932 kB
Writeback:             0 kB
AnonPages:       1110156 kB
Mapped:           776516 kB
Shmem:             21792 kB
KReclaimable:     568704 kB
Slab:             222512 kB
SReclaimable:      69884 kB
SUnreclaim:       152628 kB
KernelStack:       43344 kB
PageTables:        55976 kB
NFS_Unstable:          0 kB
Bounce:                0 kB
WritebackTmp:          0 kB
CommitLimit:     6660208 kB
Committed_AS:   61545564 kB
VmallocTotal:   263061440 kB
VmallocUsed:       83716 kB
VmallocChunk:          0 kB
Percpu:             7552 kB
CmaTotal:         315392 kB
CmaFree:               0 kB
MemTotal:        5980404 kB
MemFree:         1157128 kB
MemAvailable:    2839420 kB
Buffers:            6168 kB
Cached:          1696244 kB
SwapCached:            0 kB
Active:          1338788 kB
Inactive:        1468712 kB
Active(anon):    1111456 kB
Inactive(anon):    20024 kB
Active(file):     227332 kB
Inactive(file):  1448688 kB
Unevictable:        5636 kB
Mlocked:            5636 kB
SwapTotal:       3670008 kB
SwapFree:        3670008 kB
Dirty:               932 kB
Writeback:             0 kB
AnonPages:       1110968 kB
Mapped:           776556 kB
Shmem:             21792 kB
KReclaimable:     568704 kB
Slab:             222512 kB
SReclaimable:      69884 kB
SUnreclaim:       152628 kB
KernelStack:       43360 kB
PageTables:        55940 kB
NFS_Unstable:          0 kB
Bounce:                0 kB
WritebackTmp:          0 kB
CommitLimit:     6660208 kB
Committed_AS:   61544732 kB
VmallocTotal:   263061440 kB
VmallocUsed:       83716 kB
VmallocChunk:          0 kB
Percpu:             7552 kB
CmaTotal:         315392 kB
CmaFree:               0 kB
MemTotal:        5980404 kB
MemFree:         1156444 kB
MemAvailable:    2838736 kB
Buffers:            6168 kB
Cached:          1696244 kB
SwapCached:            0 kB
Active:          1339008 kB
Inactive:        1468712 kB
Active(anon):    1111676 kB
Inactive(anon):    20024 kB
Active(file):     227332 kB
Inactive(file):  1448688 kB
Unevictable:        5636 kB
Mlocked:            5636 kB
SwapTotal:       3670008 kB
SwapFree:        3670008 kB
Dirty:               944 kB
Writeback:             0 kB
AnonPages:       1110960 kB
Mapped:           776808 kB
Shmem:             21792 kB
KReclaimable:     568704 kB
Slab:             222512 kB
SReclaimable:      69884 kB
SUnreclaim:       152628 kB
KernelStack:       43344 kB
PageTables:        55872 kB
NFS_Unstable:          0 kB
Bounce:                0 kB
WritebackTmp:          0 kB
CommitLimit:     6660208 kB
Committed_AS:   61545376 kB
VmallocTotal:   263061440 kB
VmallocUsed:       83732 kB
VmallocChunk:          0 kB
Percpu:             7552 kB
CmaTotal:         315392 kB
CmaFree:               0 kB
MemTotal:        5980404 kB
MemFree:         1155656 kB
MemAvailable:    2837948 kB
Buffers:            6168 kB
Cached:          1696244 kB
SwapCached:            0 kB
Active:          1339032 kB
Inactive:        1468712 kB
Active(anon):    1111700 kB
Inactive(anon):    20024 kB
Active(file):     227332 kB
Inactive(file):  1448688 kB
Unevictable:        5636 kB
Mlocked:            5636 kB
SwapTotal:       3670008 kB
SwapFree:        3670008 kB
Dirty:              1016 kB
Writeback:             0 kB
AnonPages:       1111164 kB
Mapped:           776744 kB
Shmem:             21792 kB
KReclaimable:     568704 kB
Slab:             222504 kB
SReclaimable:      69884 kB
SUnreclaim:       152620 kB
KernelStack:       43344 kB
PageTables:        55976 kB
NFS_Unstable:          0 kB
Bounce:                0 kB
WritebackTmp:          0 kB
CommitLimit:     6660208 kB
Committed_AS:   61549708 kB
VmallocTotal:   263061440 kB
VmallocUsed:       83716 kB
VmallocChunk:          0 kB
Percpu:             7552 kB
CmaTotal:         315392 kB
CmaFree:               0 kB
MemTotal:        5980404 kB
MemFree:         1156120 kB
MemAvailable:    2838416 kB
Buffers:            6168 kB
Cached:          1696252 kB
SwapCached:            0 kB
Active:          1339948 kB
Inactive:        1468720 kB
Active(anon):    1112616 kB
Inactive(anon):    20028 kB
Active(file):     227332 kB
Inactive(file):  1448692 kB
Unevictable:        5636 kB
Mlocked:            5636 kB
SwapTotal:       3670008 kB
SwapFree:        3670008 kB
Dirty:               184 kB
Writeback:             0 kB
AnonPages:       1111984 kB
Mapped:           776748 kB
Shmem:             21796 kB
KReclaimable:     568704 kB
Slab:             222508 kB
SReclaimable:      69884 kB
SUnreclaim:       152624 kB
KernelStack:       43360 kB
PageTables:        55964 kB
NFS_Unstable:          0 kB
Bounce:                0 kB
WritebackTmp:          0 kB
CommitLimit:     6660208 kB
Committed_AS:   61547088 kB
VmallocTotal:   263061440 kB
VmallocUsed:       83700 kB
VmallocChunk:          0 kB
Percpu:             7552 kB
CmaTotal:         315392 kB
CmaFree:               0 kB
MemTotal:        5980404 kB
MemFree:         1154472 kB
MemAvailable:    2836768 kB
Buffers:            6168 kB
Cached:          1696252 kB
SwapCached:            0 kB
Active:          1340156 kB
Inactive:        1468720 kB
Active(anon):    1112824 kB
Inactive(anon):    20028 kB
Active(file):     227332 kB
Inactive(file):  1448692 kB
Unevictable:        5636 kB
Mlocked:            5636 kB
SwapTotal:       3670008 kB
SwapFree:        3670008 kB
Dirty:               220 kB
Writeback:             0 kB
AnonPages:       1112056 kB
Mapped:           776748 kB
Shmem:             21796 kB
KReclaimable:     568704 kB
Slab:             222548 kB
SReclaimable:      69884 kB
SUnreclaim:       152664 kB
KernelStack:       43360 kB
PageTables:        55976 kB
NFS_Unstable:          0 kB
Bounce:                0 kB
WritebackTmp:          0 kB
CommitLimit:     6660208 kB
Committed_AS:   61551328 kB
VmallocTotal:   263061440 kB
VmallocUsed:       83732 kB
VmallocChunk:          0 kB
Percpu:             7552 kB
CmaTotal:         315392 kB
CmaFree:               0 kB
MemTotal:        5980404 kB
MemFree:         1153968 kB
MemAvailable:    2836264 kB
Buffers:            6168 kB
Cached:          1696252 kB
SwapCached:            0 kB
Active:          1340304 kB
Inactive:        1468720 kB
Active(anon):    1112972 kB
Inactive(anon):    20028 kB
Active(file):     227332 kB
Inactive(file):  1448692 kB
Unevictable:        5636 kB
Mlocked:            5636 kB
SwapTotal:       3670008 kB
SwapFree:        3670008 kB
Dirty:               260 kB
Writeback:             0 kB
AnonPages:       1112452 kB
Mapped:           776752 kB
Shmem:             21796 kB
KReclaimable:     568704 kB
Slab:             222540 kB
SReclaimable:      69884 kB
SUnreclaim:       152656 kB
KernelStack:       43372 kB
PageTables:        56136 kB
NFS_Unstable:          0 kB
Bounce:                0 kB
WritebackTmp:          0 kB
CommitLimit:     6660208 kB
Committed_AS:   61549320 kB
VmallocTotal:   263061440 kB
VmallocUsed:       83732 kB
VmallocChunk:          0 kB
Percpu:             7552 kB
CmaTotal:         315392 kB
CmaFree:               8 kB
MemTotal:        5980404 kB
MemFree:         1154444 kB
MemAvailable:    2836740 kB
Buffers:            6168 kB
Cached:          1696252 kB
SwapCached:            0 kB
Active:          1340544 kB
Inactive:        1468720 kB
Active(anon):    1113212 kB
Inactive(anon):    20028 kB
Active(file):     227332 kB
Inactive(file):  1448692 kB
Unevictable:        5636 kB
Mlocked:            5636 kB
SwapTotal:       3670008 kB
SwapFree:        3670008 kB
Dirty:               368 kB
Writeback:             0 kB
AnonPages:       1112520 kB
Mapped:           776912 kB
Shmem:             21796 kB
KReclaimable:     568704 kB
Slab:             222516 kB
SReclaimable:      69884 kB
SUnreclaim:       152632 kB
KernelStack:       43344 kB
PageTables:        55920 kB
NFS_Unstable:          0 kB
Bounce:                0 kB
WritebackTmp:          0 kB
CommitLimit:     6660208 kB
Committed_AS:   61547924 kB
VmallocTotal:   263061440 kB
VmallocUsed:       83732 kB
VmallocChunk:          0 kB
Percpu:             7552 kB
CmaTotal:         315392 kB
CmaFree:               0 kB
MemTotal:        5980404 kB
MemFree:         1153192 kB
MemAvailable:    2835488 kB
Buffers:            6168 kB
Cached:          1696252 kB
SwapCached:            0 kB
Active:          1341412 kB
Inactive:        1468720 kB
Active(anon):    1114080 kB
Inactive(anon):    20028 kB
Active(file):     227332 kB
Inactive(file):  1448692 kB
Unevictable:        5636 kB
Mlocked:            5636 kB
SwapTotal:       3670008 kB
SwapFree:        3670008 kB
Dirty:               384 kB
Writeback:             0 kB
AnonPages:       1113364 kB
Mapped:           776756 kB
Shmem:             21796 kB
KReclaimable:     568704 kB
Slab:             222508 kB
SReclaimable:      69884 kB
SUnreclaim:       152624 kB
KernelStack:       43344 kB
PageTables:        55856 kB
NFS_Unstable:          0 kB
Bounce:                0 kB
WritebackTmp:          0 kB
CommitLimit:     6660208 kB
Committed_AS:   61546680 kB
VmallocTotal:   263061440 kB
VmallocUsed:       83732 kB
VmallocChunk:          0 kB
Percpu:             7552 kB
CmaTotal:         315392 kB
CmaFree:               0 kB
MemTotal:        5980404 kB
MemFree:         1153832 kB
MemAvailable:    2836128 kB
Buffers:            6168 kB
Cached:          1696260 kB
SwapCached:            0 kB
Active:          1341620 kB
Inactive:        1468720 kB
Active(anon):    1114288 kB
Inactive(anon):    20028 kB
Active(file):     227332 kB
Inactive(file):  1448692 kB
Unevictable:        5636 kB
Mlocked:            5636 kB
SwapTotal:       3670008 kB
SwapFree:        3670008 kB
Dirty:               456 kB
Writeback:             0 kB
AnonPages:       1113644 kB
Mapped:           776576 kB
Shmem:             21796 kB
KReclaimable:     568704 kB
Slab:             222492 kB
SReclaimable:      69884 kB
SUnreclaim:       152608 kB
KernelStack:       43376 kB
PageTables:        56012 kB
NFS_Unstable:          0 kB
Bounce:                0 kB
WritebackTmp:          0 kB
CommitLimit:     6660208 kB
Committed_AS:   61546124 kB
VmallocTotal:   263061440 kB
VmallocUsed:       83732 kB
VmallocChunk:          0 kB
Percpu:             7552 kB
CmaTotal:         315392 kB
CmaFree:               0 kB
MemTotal:        5980404 kB
MemFree:         1154148 kB
MemAvailable:    2836452 kB
Buffers:            6168 kB
Cached:          1696260 kB
SwapCached:            0 kB
Active:          1341716 kB
Inactive:        1468728 kB
Active(anon):    1114384 kB
Inactive(anon):    20028 kB
Active(file):     227332 kB
Inactive(file):  1448700 kB
Unevictable:        5636 kB
Mlocked:            5636 kB
SwapTotal:       3670008 kB
SwapFree:        3670008 kB
Dirty:               464 kB
Writeback:             0 kB
AnonPages:       1113912 kB
Mapped:           776812 kB
Shmem:             21796 kB
KReclaimable:     568704 kB
Slab:             222516 kB
SReclaimable:      69884 kB
SUnreclaim:       152632 kB
KernelStack:       43376 kB
PageTables:        56004 kB
NFS_Unstable:          0 kB
Bounce:                0 kB
WritebackTmp:          0 kB
CommitLimit:     6660208 kB
Committed_AS:   61546564 kB
VmallocTotal:   263061440 kB
VmallocUsed:       83700 kB
VmallocChunk:          0 kB
Percpu:             7552 kB
CmaTotal:         315392 kB
CmaFree:               0 kB
MemTotal:        5980404 kB
MemFree:         1152872 kB
MemAvailable:    2835188 kB
Buffers:            6168 kB
Cached:          1696272 kB
SwapCached:            0 kB
Active:          1342228 kB
Inactive:        1468736 kB
Active(anon):    1114892 kB
Inactive(anon):    20028 kB
Active(file):     227336 kB
Inactive(file):  1448708 kB
Unevictable:        5636 kB
Mlocked:            5636 kB
SwapTotal:       3670008 kB
SwapFree:        3670008 kB
Dirty:               508 kB
Writeback:             0 kB
AnonPages:       1114164 kB
Mapped:           776748 kB
Shmem:             21796 kB
KReclaimable:     568704 kB
Slab:             222500 kB
SReclaimable:      69884 kB
SUnreclaim:       152616 kB
KernelStack:       43360 kB
PageTables:        55984 kB
NFS_Unstable:          0 kB
Bounce:                0 kB
WritebackTmp:          0 kB
CommitLimit:     6660208 kB
Committed_AS:   61543736 kB
VmallocTotal:   263061440 kB
VmallocUsed:       83732 kB
VmallocChunk:          0 kB
Percpu:             7552 kB
CmaTotal:         315392 kB
CmaFree:               0 kB
MemTotal:        5980404 kB
MemFree:         1153148 kB
MemAvailable:    2835452 kB
Buffers:            6168 kB
Cached:          1696260 kB
SwapCached:            0 kB
Active:          1342472 kB
Inactive:        1468728 kB
Active(anon):    1115140 kB
Inactive(anon):    20028 kB
Active(file):     227332 kB
Inactive(file):  1448700 kB
Unevictable:        5636 kB
Mlocked:            5636 kB
SwapTotal:       3670008 kB
SwapFree:        3670008 kB
Dirty:               504 kB
Writeback:             0 kB
AnonPages:       1114408 kB
Mapped:           776912 kB
Shmem:             21796 kB
KReclaimable:     568704 kB
Slab:             222524 kB
SReclaimable:      69884 kB
SUnreclaim:       152640 kB
KernelStack:       43388 kB
PageTables:        56264 kB
NFS_Unstable:          0 kB
Bounce:                0 kB
WritebackTmp:          0 kB
CommitLimit:     6660208 kB
Committed_AS:   61545640 kB
VmallocTotal:   263061440 kB
VmallocUsed:       83748 kB
VmallocChunk:          0 kB
Percpu:             7552 kB
CmaTotal:         315392 kB
CmaFree:               0 kB
MemTotal:        5980404 kB
MemFree:         1152784 kB
MemAvailable:    2835088 kB
Buffers:            6168 kB
Cached:          1696260 kB
SwapCached:            0 kB
Active:          1342928 kB
Inactive:        1468728 kB
Active(anon):    1115596 kB
Inactive(anon):    20028 kB
Active(file):     227332 kB
Inactive(file):  1448700 kB
Unevictable:        5636 kB
Mlocked:            5636 kB
SwapTotal:       3670008 kB
SwapFree:        3670008 kB
Dirty:               528 kB
Writeback:             0 kB
AnonPages:       1114884 kB
Mapped:           776748 kB
Shmem:             21796 kB
KReclaimable:     568704 kB
Slab:             222508 kB
SReclaimable:      69884 kB
SUnreclaim:       152624 kB
KernelStack:       43360 kB
PageTables:        56120 kB
NFS_Unstable:          0 kB
Bounce:                0 kB
WritebackTmp:          0 kB
CommitLimit:     6660208 kB
Committed_AS:   61545156 kB
VmallocTotal:   263061440 kB
VmallocUsed:       83732 kB
VmallocChunk:          0 kB
Percpu:             7552 kB
CmaTotal:         315392 kB
CmaFree:               0 kB
MemTotal:        5980404 kB
MemFree:         1152104 kB
MemAvailable:    2834420 kB
Buffers:            6172 kB
Cached:          1696268 kB
SwapCached:            0 kB
Active:          1343216 kB
Inactive:        1468740 kB
Active(anon):    1115884 kB
Inactive(anon):    20028 kB
Active(file):     227332 kB
Inactive(file):  1448712 kB
Unevictable:        5636 kB
Mlocked:            5636 kB
SwapTotal:       3670008 kB
SwapFree:        3670008 kB
Dirty:               484 kB
Writeback:             0 kB
AnonPages:       1115284 kB
Mapped:           776748 kB
Shmem:             21796 kB
KReclaimable:     568704 kB
Slab:             222508 kB
SReclaimable:      69884 kB
SUnreclaim:       152624 kB
KernelStack:       43376 kB
PageTables:        56100 kB
NFS_Unstable:          0 kB
Bounce:                0 kB
WritebackTmp:          0 kB
CommitLimit:     6660208 kB
Committed_AS:   61544628 kB
VmallocTotal:   263061440 kB
VmallocUsed:       83716 kB
VmallocChunk:          0 kB
Percpu:             7552 kB
CmaTotal:         315392 kB
CmaFree:               0 kB
MemTotal:        5980404 kB
MemFree:         1151088 kB
MemAvailable:    2833408 kB
Buffers:            6172 kB
Cached:          1696272 kB
SwapCached:            0 kB
Active:          1343888 kB
Inactive:        1468740 kB
Active(anon):    1116552 kB
Inactive(anon):    20028 kB
Active(file):     227336 kB
Inactive(file):  1448712 kB
Unevictable:        5636 kB
Mlocked:            5636 kB
SwapTotal:       3670008 kB
SwapFree:        3670008 kB
Dirty:               536 kB
Writeback:             0 kB
AnonPages:       1115460 kB
Mapped:           776792 kB
Shmem:             21796 kB
KReclaimable:     568704 kB
Slab:             222508 kB
SReclaimable:      69884 kB
SUnreclaim:       152624 kB
KernelStack:       43344 kB
PageTables:        55980 kB
NFS_Unstable:          0 kB
Bounce:                0 kB
WritebackTmp:          0 kB
CommitLimit:     6660208 kB
Committed_AS:   61544144 kB
VmallocTotal:   263061440 kB
VmallocUsed:       83732 kB
VmallocChunk:          0 kB
Percpu:             7552 kB
CmaTotal:         315392 kB
CmaFree:               0 kB
MemTotal:        5980404 kB
MemFree:         1150408 kB
MemAvailable:    2832728 kB
Buffers:            6172 kB
Cached:          1696272 kB
SwapCached:            0 kB
Active:          1343812 kB
Inactive:        1468740 kB
Active(anon):    1116476 kB
Inactive(anon):    20028 kB
Active(file):     227336 kB
Inactive(file):  1448712 kB
Unevictable:        5636 kB
Mlocked:            5636 kB
SwapTotal:       3670008 kB
SwapFree:        3670008 kB
Dirty:               568 kB
Writeback:             0 kB
AnonPages:       1115876 kB
Mapped:           776564 kB
Shmem:             21796 kB
KReclaimable:     568704 kB
Slab:             222524 kB
SReclaimable:      69884 kB
SUnreclaim:       152640 kB
KernelStack:       43344 kB
PageTables:        56192 kB
NFS_Unstable:          0 kB
Bounce:                0 kB
WritebackTmp:          0 kB
CommitLimit:     6660208 kB
Committed_AS:   61546612 kB
VmallocTotal:   263061440 kB
VmallocUsed:       83668 kB
VmallocChunk:          0 kB
Percpu:             7552 kB
CmaTotal:         315392 kB
CmaFree:               0 kB
MemTotal:        5980404 kB
MemFree:         1150496 kB
MemAvailable:    2832816 kB
Buffers:            6172 kB
Cached:          1696272 kB
SwapCached:            0 kB
Active:          1344496 kB
Inactive:        1468740 kB
Active(anon):    1117160 kB
Inactive(anon):    20028 kB
Active(file):     227336 kB
Inactive(file):  1448712 kB
Unevictable:        5636 kB
Mlocked:            5636 kB
SwapTotal:       3670008 kB
SwapFree:        3670008 kB
Dirty:               168 kB
Writeback:             0 kB
AnonPages:       1116336 kB
Mapped:           776792 kB
Shmem:             21796 kB
KReclaimable:     568704 kB
Slab:             222500 kB
SReclaimable:      69884 kB
SUnreclaim:       152616 kB
KernelStack:       43344 kB
PageTables:        55948 kB
NFS_Unstable:          0 kB
Bounce:                0 kB
WritebackTmp:          0 kB
CommitLimit:     6660208 kB
Committed_AS:   61548556 kB
VmallocTotal:   263061440 kB
VmallocUsed:       83668 kB
VmallocChunk:          0 kB
Percpu:             7552 kB
CmaTotal:         315392 kB
CmaFree:               0 kB
MemTotal:        5980404 kB
MemFree:         1152832 kB
MemAvailable:    2835144 kB
Buffers:            6172 kB
Cached:          1696264 kB
SwapCached:            0 kB
Active:          1341408 kB
Inactive:        1468736 kB
Active(anon):    1114076 kB
Inactive(anon):    20028 kB
Active(file):     227332 kB
Inactive(file):  1448708 kB
Unevictable:        5636 kB
Mlocked:            5636 kB
SwapTotal:       3670008 kB
SwapFree:        3670008 kB
Dirty:               252 kB
Writeback:             0 kB
AnonPages:       1113076 kB
Mapped:           776604 kB
Shmem:             21796 kB
KReclaimable:     568704 kB
Slab:             222500 kB
SReclaimable:      69884 kB
SUnreclaim:       152616 kB
KernelStack:       43360 kB
PageTables:        55996 kB
NFS_Unstable:          0 kB
Bounce:                0 kB
WritebackTmp:          0 kB
CommitLimit:     6660208 kB
Committed_AS:   61546896 kB
VmallocTotal:   263061440 kB
VmallocUsed:       83684 kB
VmallocChunk:          0 kB
Percpu:             7552 kB
CmaTotal:         315392 kB
CmaFree:               0 kB
MemTotal:        5980404 kB
MemFree:         1152248 kB
MemAvailable:    2834568 kB
Buffers:            6172 kB
Cached:          1696272 kB
SwapCached:            0 kB
Active:          1341644 kB
Inactive:        1468740 kB
Active(anon):    1114308 kB
Inactive(anon):    20028 kB
Active(file):     227336 kB
Inactive(file):  1448712 kB
Unevictable:        5636 kB
Mlocked:            5636 kB
SwapTotal:       3670008 kB
SwapFree:        3670008 kB
Dirty:               300 kB
Writeback:             0 kB
AnonPages:       1113476 kB
Mapped:           776968 kB
Shmem:             21796 kB
KReclaimable:     568704 kB
Slab:             222500 kB
SReclaimable:      69884 kB
SUnreclaim:       152616 kB
KernelStack:       43328 kB
PageTables:        56032 kB
NFS_Unstable:          0 kB
Bounce:                0 kB
WritebackTmp:          0 kB
CommitLimit:     6660208 kB
Committed_AS:   61550680 kB
VmallocTotal:   263061440 kB
VmallocUsed:       83684 kB
VmallocChunk:          0 kB
Percpu:             7552 kB
CmaTotal:         315392 kB
CmaFree:               0 kB
MemTotal:        5980404 kB
MemFree:         1152452 kB
MemAvailable:    2834772 kB
Buffers:            6172 kB
Cached:          1696272 kB
SwapCached:            0 kB
Active:          1341760 kB
Inactive:        1468740 kB
Active(anon):    1114424 kB
Inactive(anon):    20028 kB
Active(file):     227336 kB
Inactive(file):  1448712 kB
Unevictable:        5636 kB
Mlocked:            5636 kB
SwapTotal:       3670008 kB
SwapFree:        3670008 kB
Dirty:               348 kB
Writeback:             0 kB
AnonPages:       1113812 kB
Mapped:           776564 kB
Shmem:             21796 kB
KReclaimable:     568704 kB
Slab:             222484 kB
SReclaimable:      69884 kB
SUnreclaim:       152600 kB
KernelStack:       43360 kB
PageTables:        56112 kB
NFS_Unstable:          0 kB
Bounce:                0 kB
WritebackTmp:          0 kB
CommitLimit:     6660208 kB
Committed_AS:   61547356 kB
VmallocTotal:   263061440 kB
VmallocUsed:       83668 kB
