MemTotal:        5980404 kB
MemFree:         1144160 kB
MemAvailable:    2818208 kB
Buffers:            5480 kB
Cached:          1695136 kB
SwapCached:            0 kB
Active:          1323952 kB
Inactive:        1482636 kB
Active(anon):    1112532 kB
Inactive(anon):    18440 kB
Active(file):     211420 kB
Inactive(file):  1464196 kB
Unevictable:        5632 kB
Mlocked:            5632 kB
SwapTotal:       3670008 kB
SwapFree:        3670008 kB
Dirty:               460 kB
Writeback:             0 kB
AnonPages:       1111484 kB
Mapped:           816312 kB
Shmem:             20408 kB
KReclaimable:     560864 kB
Slab:             225540 kB
SReclaimable:      69460 kB
SUnreclaim:       156080 kB
KernelStack:       45712 kB
PageTables:        60116 kB
NFS_Unstable:          0 kB
Bounce:                0 kB
WritebackTmp:          0 kB
CommitLimit:     6660208 kB
Committed_AS:   71221244 kB
VmallocTotal:   263061440 kB
VmallocUsed:       86144 kB
VmallocChunk:          0 kB
Percpu:             7648 kB
CmaTotal:         315392 kB
CmaFree:               0 kB
MemTotal:        5980404 kB
MemFree:         1139456 kB
MemAvailable:    2813524 kB
Buffers:            5484 kB
Cached:          1695152 kB
SwapCached:            0 kB
Active:          1327576 kB
Inactive:        1482652 kB
Active(anon):    1116152 kB
Inactive(anon):    18444 kB
Active(file):     211424 kB
Inactive(file):  1464208 kB
Unevictable:        5632 kB
Mlocked:            5632 kB
SwapTotal:       3670008 kB
SwapFree:        3670008 kB
Dirty:               440 kB
Writeback:             0 kB
AnonPages:       1115144 kB
Mapped:           814100 kB
Shmem:             20412 kB
KReclaimable:     560868 kB
Slab:             225552 kB
SReclaimable:      69464 kB
SUnreclaim:       156088 kB
KernelStack:       45776 kB
PageTables:        60196 kB
NFS_Unstable:          0 kB
Bounce:                0 kB
WritebackTmp:          0 kB
CommitLimit:     6660208 kB
Committed_AS:   71222336 kB
VmallocTotal:   263061440 kB
VmallocUsed:       86192 kB
VmallocChunk:          0 kB
Percpu:             7648 kB
CmaTotal:         315392 kB
CmaFree:               0 kB
MemTotal:        5980404 kB
MemFree:         1138848 kB
MemAvailable:    2812916 kB
Buffers:            5484 kB
Cached:          1695152 kB
SwapCached:            0 kB
Active:          1328632 kB
Inactive:        1482652 kB
Active(anon):    1117208 kB
Inactive(anon):    18444 kB
Active(file):     211424 kB
Inactive(file):  1464208 kB
Unevictable:        5632 kB
Mlocked:            5632 kB
SwapTotal:       3670008 kB
SwapFree:        3670008 kB
Dirty:               440 kB
Writeback:             0 kB
AnonPages:       1116132 kB
Mapped:           813896 kB
Shmem:             20412 kB
KReclaimable:     560868 kB
Slab:             225568 kB
SReclaimable:      69464 kB
SUnreclaim:       156104 kB
KernelStack:       45728 kB
PageTables:        60508 kB
NFS_Unstable:          0 kB
Bounce:                0 kB
WritebackTmp:          0 kB
CommitLimit:     6660208 kB
Committed_AS:   71224256 kB
VmallocTotal:   263061440 kB
VmallocUsed:       86192 kB
VmallocChunk:          0 kB
Percpu:             7648 kB
CmaTotal:         315392 kB
CmaFree:               0 kB
MemTotal:        5980404 kB
MemFree:         1137244 kB
MemAvailable:    2811312 kB
Buffers:            5484 kB
Cached:          1695152 kB
SwapCached:            0 kB
Active:          1329348 kB
Inactive:        1482652 kB
Active(anon):    1117924 kB
Inactive(anon):    18444 kB
Active(file):     211424 kB
Inactive(file):  1464208 kB
Unevictable:        5632 kB
Mlocked:            5632 kB
SwapTotal:       3670008 kB
SwapFree:        3670008 kB
Dirty:               448 kB
Writeback:             0 kB
AnonPages:       1117236 kB
Mapped:           814088 kB
Shmem:             20412 kB
KReclaimable:     560868 kB
Slab:             225544 kB
SReclaimable:      69464 kB
SUnreclaim:       156080 kB
KernelStack:       45760 kB
PageTables:        60148 kB
NFS_Unstable:          0 kB
Bounce:                0 kB
WritebackTmp:          0 kB
CommitLimit:     6660208 kB
Committed_AS:   71223576 kB
VmallocTotal:   263061440 kB
VmallocUsed:       86144 kB
VmallocChunk:          0 kB
Percpu:             7648 kB
CmaTotal:         315392 kB
CmaFree:               0 kB
MemTotal:        5980404 kB
MemFree:         1136856 kB
MemAvailable:    2810924 kB
Buffers:            5484 kB
Cached:          1695152 kB
SwapCached:            0 kB
Active:          1330832 kB
Inactive:        1482652 kB
Active(anon):    1119408 kB
Inactive(anon):    18444 kB
Active(file):     211424 kB
Inactive(file):  1464208 kB
Unevictable:        5632 kB
Mlocked:            5632 kB
SwapTotal:       3670008 kB
SwapFree:        3670008 kB
Dirty:               460 kB
Writeback:             0 kB
AnonPages:       1118288 kB
Mapped:           814228 kB
Shmem:             20412 kB
KReclaimable:     560868 kB
Slab:             225584 kB
SReclaimable:      69464 kB
SUnreclaim:       156120 kB
KernelStack:       45744 kB
PageTables:        60152 kB
NFS_Unstable:          0 kB
Bounce:                0 kB
WritebackTmp:          0 kB
CommitLimit:     6660208 kB
Committed_AS:   71224124 kB
VmallocTotal:   263061440 kB
VmallocUsed:       86128 kB
VmallocChunk:          0 kB
Percpu:             7648 kB
CmaTotal:         315392 kB
CmaFree:               0 kB
MemTotal:        5980404 kB
MemFree:         1135932 kB
MemAvailable:    2810000 kB
Buffers:            5484 kB
Cached:          1695152 kB
SwapCached:            0 kB
Active:          1331772 kB
Inactive:        1482652 kB
Active(anon):    1120348 kB
Inactive(anon):    18444 kB
Active(file):     211424 kB
Inactive(file):  1464208 kB
Unevictable:        5632 kB
Mlocked:            5632 kB
SwapTotal:       3670008 kB
SwapFree:        3670008 kB
Dirty:               492 kB
Writeback:             0 kB
AnonPages:       1119476 kB
Mapped:           814312 kB
Shmem:             20412 kB
KReclaimable:     560868 kB
Slab:             225560 kB
SReclaimable:      69464 kB
SUnreclaim:       156096 kB
KernelStack:       45776 kB
PageTables:        60396 kB
NFS_Unstable:          0 kB
Bounce:                0 kB
WritebackTmp:          0 kB
CommitLimit:     6660208 kB
Committed_AS:   71223696 kB
VmallocTotal:   263061440 kB
VmallocUsed:       86112 kB
VmallocChunk:          0 kB
Percpu:             7648 kB
CmaTotal:         315392 kB
CmaFree:               0 kB
MemTotal:        5980404 kB
MemFree:         1135204 kB
MemAvailable:    2809272 kB
Buffers:            5484 kB
Cached:          1695152 kB
SwapCached:            0 kB
Active:          1331668 kB
Inactive:        1482652 kB
Active(anon):    1120244 kB
Inactive(anon):    18444 kB
Active(file):     211424 kB
Inactive(file):  1464208 kB
Unevictable:        5632 kB
Mlocked:            5632 kB
SwapTotal:       3670008 kB
SwapFree:        3670008 kB
Dirty:               488 kB
Writeback:             0 kB
AnonPages:       1119348 kB
Mapped:           814264 kB
Shmem:             20412 kB
KReclaimable:     560868 kB
Slab:             225544 kB
SReclaimable:      69464 kB
SUnreclaim:       156080 kB
KernelStack:       45808 kB
PageTables:        60268 kB
NFS_Unstable:          0 kB
Bounce:                0 kB
WritebackTmp:          0 kB
CommitLimit:     6660208 kB
Committed_AS:   71223956 kB
VmallocTotal:   263061440 kB
VmallocUsed:       86128 kB
VmallocChunk:          0 kB
Percpu:             7648 kB
CmaTotal:         315392 kB
CmaFree:               0 kB
MemTotal:        5980404 kB
MemFree:         1133500 kB
MemAvailable:    2807568 kB
Buffers:            5484 kB
Cached:          1695152 kB
SwapCached:            0 kB
Active:          1332716 kB
Inactive:        1482652 kB
Active(anon):    1121292 kB
Inactive(anon):    18444 kB
Active(file):     211424 kB
Inactive(file):  1464208 kB
Unevictable:        5632 kB
Mlocked:            5632 kB
SwapTotal:       3670008 kB
SwapFree:        3670008 kB
Dirty:               492 kB
Writeback:             0 kB
AnonPages:       1120508 kB
Mapped:           814264 kB
Shmem:             20412 kB
KReclaimable:     560868 kB
Slab:             225552 kB
SReclaimable:      69464 kB
SUnreclaim:       156088 kB
KernelStack:       45776 kB
PageTables:        60376 kB
NFS_Unstable:          0 kB
Bounce:                0 kB
WritebackTmp:          0 kB
CommitLimit:     6660208 kB
Committed_AS:   71225276 kB
VmallocTotal:   263061440 kB
VmallocUsed:       86112 kB
VmallocChunk:          0 kB
Percpu:             7648 kB
CmaTotal:         315392 kB
CmaFree:               0 kB
MemTotal:        5980404 kB
MemFree:         1133444 kB
MemAvailable:    2807512 kB
Buffers:            5484 kB
Cached:          1695152 kB
SwapCached:            0 kB
Active:          1333456 kB
Inactive:        1482652 kB
Active(anon):    1122032 kB
Inactive(anon):    18444 kB
Active(file):     211424 kB
Inactive(file):  1464208 kB
Unevictable:        5632 kB
Mlocked:            5632 kB
SwapTotal:       3670008 kB
SwapFree:        3670008 kB
Dirty:               500 kB
Writeback:             0 kB
AnonPages:       1121200 kB
Mapped:           814036 kB
Shmem:             20412 kB
KReclaimable:     560868 kB
Slab:             225592 kB
SReclaimable:      69464 kB
SUnreclaim:       156128 kB
KernelStack:       45728 kB
PageTables:        60348 kB
NFS_Unstable:          0 kB
Bounce:                0 kB
WritebackTmp:          0 kB
CommitLimit:     6660208 kB
Committed_AS:   71224856 kB
VmallocTotal:   263061440 kB
VmallocUsed:       86112 kB
VmallocChunk:          0 kB
Percpu:             7648 kB
CmaTotal:         315392 kB
CmaFree:               0 kB
MemTotal:        5980404 kB
MemFree:         1132920 kB
MemAvailable:    2806988 kB
Buffers:            5484 kB
Cached:          1695152 kB
SwapCached:            0 kB
Active:          1334404 kB
Inactive:        1482652 kB
Active(anon):    1122980 kB
Inactive(anon):    18444 kB
Active(file):     211424 kB
Inactive(file):  1464208 kB
Unevictable:        5632 kB
Mlocked:            5632 kB
SwapTotal:       3670008 kB
SwapFree:        3670008 kB
Dirty:               548 kB
Writeback:             0 kB
AnonPages:       1122148 kB
Mapped:           814280 kB
Shmem:             20412 kB
KReclaimable:     560868 kB
Slab:             225592 kB
SReclaimable:      69464 kB
SUnreclaim:       156128 kB
KernelStack:       45744 kB
PageTables:        60148 kB
NFS_Unstable:          0 kB
Bounce:                0 kB
WritebackTmp:          0 kB
CommitLimit:     6660208 kB
Committed_AS:   71222464 kB
VmallocTotal:   263061440 kB
VmallocUsed:       86128 kB
VmallocChunk:          0 kB
Percpu:             7648 kB
CmaTotal:         315392 kB
CmaFree:               0 kB
MemTotal:        5980404 kB
MemFree:         1139756 kB
MemAvailable:    2813824 kB
Buffers:            5484 kB
Cached:          1695152 kB
SwapCached:            0 kB
Active:          1327160 kB
Inactive:        1482652 kB
Active(anon):    1115736 kB
Inactive(anon):    18444 kB
Active(file):     211424 kB
Inactive(file):  1464208 kB
Unevictable:        5632 kB
Mlocked:            5632 kB
SwapTotal:       3670008 kB
SwapFree:        3670008 kB
Dirty:               548 kB
Writeback:             0 kB
AnonPages:       1114700 kB
Mapped:           814116 kB
Shmem:             20412 kB
KReclaimable:     560868 kB
Slab:             225552 kB
SReclaimable:      69464 kB
SUnreclaim:       156088 kB
KernelStack:       45744 kB
PageTables:        60364 kB
NFS_Unstable:          0 kB
Bounce:                0 kB
WritebackTmp:          0 kB
CommitLimit:     6660208 kB
Committed_AS:   71220980 kB
VmallocTotal:   263061440 kB
VmallocUsed:       86128 kB
VmallocChunk:          0 kB
Percpu:             7648 kB
CmaTotal:         315392 kB
CmaFree:               0 kB
MemTotal:        5980404 kB
MemFree:         1138208 kB
MemAvailable:    2812280 kB
Buffers:            5484 kB
Cached:          1695156 kB
SwapCached:            0 kB
Active:          1327536 kB
Inactive:        1482656 kB
Active(anon):    1116112 kB
Inactive(anon):    18444 kB
Active(file):     211424 kB
Inactive(file):  1464212 kB
Unevictable:        5632 kB
Mlocked:            5632 kB
SwapTotal:       3670008 kB
SwapFree:        3670008 kB
Dirty:               556 kB
Writeback:             0 kB
AnonPages:       1115364 kB
Mapped:           814344 kB
Shmem:             20412 kB
KReclaimable:     560868 kB
Slab:             225528 kB
SReclaimable:      69464 kB
SUnreclaim:       156064 kB
KernelStack:       45760 kB
PageTables:        60376 kB
NFS_Unstable:          0 kB
Bounce:                0 kB
WritebackTmp:          0 kB
CommitLimit:     6660208 kB
Committed_AS:   71219664 kB
VmallocTotal:   263061440 kB
VmallocUsed:       86144 kB
VmallocChunk:          0 kB
Percpu:             7648 kB
CmaTotal:         315392 kB
CmaFree:               0 kB
MemTotal:        5980404 kB
MemFree:         1138468 kB
MemAvailable:    2812540 kB
Buffers:            5484 kB
Cached:          1695156 kB
SwapCached:            0 kB
Active:          1327420 kB
Inactive:        1482656 kB
Active(anon):    1115996 kB
Inactive(anon):    18444 kB
Active(file):     211424 kB
Inactive(file):  1464212 kB
Unevictable:        5632 kB
Mlocked:            5632 kB
SwapTotal:       3670008 kB
SwapFree:        3670008 kB
Dirty:               564 kB
Writeback:             0 kB
AnonPages:       1115312 kB
Mapped:           814344 kB
Shmem:             20412 kB
KReclaimable:     560868 kB
Slab:             225592 kB
SReclaimable:      69464 kB
SUnreclaim:       156128 kB
KernelStack:       45712 kB
PageTables:        60452 kB
NFS_Unstable:          0 kB
Bounce:                0 kB
WritebackTmp:          0 kB
CommitLimit:     6660208 kB
Committed_AS:   71221732 kB
VmallocTotal:   263061440 kB
VmallocUsed:       86144 kB
VmallocChunk:          0 kB
Percpu:             7648 kB
CmaTotal:         315392 kB
CmaFree:               0 kB
MemTotal:        5980404 kB
MemFree:         1138180 kB
MemAvailable:    2812252 kB
Buffers:            5484 kB
Cached:          1695168 kB
SwapCached:            0 kB
Active:          1328304 kB
Inactive:        1482668 kB
Active(anon):    1116880 kB
Inactive(anon):    18456 kB
Active(file):     211424 kB
Inactive(file):  1464212 kB
Unevictable:        5632 kB
Mlocked:            5632 kB
SwapTotal:       3670008 kB
SwapFree:        3670008 kB
Dirty:               564 kB
Writeback:             0 kB
AnonPages:       1116112 kB
Mapped:           814356 kB
Shmem:             20424 kB
KReclaimable:     560868 kB
Slab:             225568 kB
SReclaimable:      69464 kB
SUnreclaim:       156104 kB
KernelStack:       45696 kB
PageTables:        60592 kB
NFS_Unstable:          0 kB
Bounce:                0 kB
WritebackTmp:          0 kB
CommitLimit:     6660208 kB
Committed_AS:   71223816 kB
VmallocTotal:   263061440 kB
VmallocUsed:       86144 kB
VmallocChunk:          0 kB
Percpu:             7648 kB
CmaTotal:         315392 kB
CmaFree:               0 kB
MemTotal:        5980404 kB
MemFree:         1137800 kB
MemAvailable:    2811872 kB
Buffers:            5484 kB
Cached:          1695168 kB
SwapCached:            0 kB
Active:          1329248 kB
Inactive:        1482668 kB
Active(anon):    1117824 kB
Inactive(anon):    18456 kB
Active(file):     211424 kB
Inactive(file):  1464212 kB
Unevictable:        5632 kB
Mlocked:            5632 kB
SwapTotal:       3670008 kB
SwapFree:        3670008 kB
Dirty:               564 kB
Writeback:             0 kB
AnonPages:       1116620 kB
Mapped:           814416 kB
Shmem:             20424 kB
KReclaimable:     560868 kB
Slab:             225568 kB
SReclaimable:      69464 kB
SUnreclaim:       156104 kB
KernelStack:       45696 kB
PageTables:        60152 kB
NFS_Unstable:          0 kB
Bounce:                0 kB
WritebackTmp:          0 kB
CommitLimit:     6660208 kB
Committed_AS:   71220956 kB
VmallocTotal:   263061440 kB
VmallocUsed:       86144 kB
VmallocChunk:          0 kB
Percpu:             7648 kB
CmaTotal:         315392 kB
CmaFree:               0 kB
MemTotal:        5980404 kB
MemFree:         1136468 kB
MemAvailable:    2810540 kB
Buffers:            5484 kB
Cached:          1695168 kB
SwapCached:            0 kB
Active:          1329672 kB
Inactive:        1482668 kB
Active(anon):    1118248 kB
Inactive(anon):    18456 kB
Active(file):     211424 kB
Inactive(file):  1464212 kB
Unevictable:        5632 kB
Mlocked:            5632 kB
SwapTotal:       3670008 kB
SwapFree:        3670008 kB
Dirty:               564 kB
Writeback:             0 kB
AnonPages:       1117592 kB
Mapped:           814356 kB
Shmem:             20424 kB
KReclaimable:     560868 kB
Slab:             225544 kB
SReclaimable:      69464 kB
SUnreclaim:       156080 kB
KernelStack:       45712 kB
PageTables:        60184 kB
NFS_Unstable:          0 kB
Bounce:                0 kB
WritebackTmp:          0 kB
CommitLimit:     6660208 kB
Committed_AS:   71223944 kB
VmallocTotal:   263061440 kB
VmallocUsed:       86144 kB
VmallocChunk:          0 kB
Percpu:             7648 kB
CmaTotal:         315392 kB
CmaFree:               0 kB
MemTotal:        5980404 kB
MemFree:         1135940 kB
MemAvailable:    2810012 kB
Buffers:            5484 kB
Cached:          1695184 kB
SwapCached:            0 kB
Active:          1330436 kB
Inactive:        1482684 kB
Active(anon):    1119012 kB
Inactive(anon):    18472 kB
Active(file):     211424 kB
Inactive(file):  1464212 kB
Unevictable:        5632 kB
Mlocked:            5632 kB
SwapTotal:       3670008 kB
SwapFree:        3670008 kB
Dirty:               564 kB
Writeback:             0 kB
AnonPages:       1118128 kB
Mapped:           814184 kB
Shmem:             20440 kB
KReclaimable:     560868 kB
Slab:             225624 kB
SReclaimable:      69464 kB
SUnreclaim:       156160 kB
KernelStack:       45772 kB
PageTables:        60168 kB
NFS_Unstable:          0 kB
Bounce:                0 kB
WritebackTmp:          0 kB
CommitLimit:     6660208 kB
Committed_AS:   71220876 kB
VmallocTotal:   263061440 kB
VmallocUsed:       86144 kB
VmallocChunk:          0 kB
Percpu:             7648 kB
CmaTotal:         315392 kB
CmaFree:               0 kB
MemTotal:        5980404 kB
MemFree:         1135532 kB
MemAvailable:    2809616 kB
Buffers:            5488 kB
Cached:          1695204 kB
SwapCached:            0 kB
Active:          1331652 kB
Inactive:        1482704 kB
Active(anon):    1120224 kB
Inactive(anon):    18484 kB
Active(file):     211428 kB
Inactive(file):  1464220 kB
Unevictable:        5632 kB
Mlocked:            5632 kB
SwapTotal:       3670008 kB
SwapFree:        3670008 kB
Dirty:               608 kB
Writeback:             0 kB
AnonPages:       1119344 kB
Mapped:           814600 kB
Shmem:             20452 kB
KReclaimable:     560868 kB
Slab:             225592 kB
SReclaimable:      69464 kB
SUnreclaim:       156128 kB
KernelStack:       45760 kB
PageTables:        60376 kB
NFS_Unstable:          0 kB
Bounce:                0 kB
WritebackTmp:          0 kB
CommitLimit:     6660208 kB
Committed_AS:   71222928 kB
VmallocTotal:   263061440 kB
VmallocUsed:       86176 kB
VmallocChunk:          0 kB
Percpu:             7648 kB
CmaTotal:         315392 kB
CmaFree:               0 kB
MemTotal:        5980404 kB
MemFree:         1135228 kB
MemAvailable:    2809316 kB
Buffers:            5488 kB
Cached:          1695208 kB
SwapCached:            0 kB
Active:          1331108 kB
Inactive:        1482708 kB
Active(anon):    1119680 kB
Inactive(anon):    18484 kB
Active(file):     211428 kB
Inactive(file):  1464224 kB
Unevictable:        5632 kB
Mlocked:            5632 kB
SwapTotal:       3670008 kB
SwapFree:        3670008 kB
Dirty:               552 kB
Writeback:             0 kB
AnonPages:       1118748 kB
Mapped:           814604 kB
Shmem:             20452 kB
KReclaimable:     560868 kB
Slab:             225584 kB
SReclaimable:      69464 kB
SUnreclaim:       156120 kB
KernelStack:       45760 kB
PageTables:        60272 kB
NFS_Unstable:          0 kB
Bounce:                0 kB
WritebackTmp:          0 kB
CommitLimit:     6660208 kB
Committed_AS:   71221216 kB
VmallocTotal:   263061440 kB
VmallocUsed:       86160 kB
VmallocChunk:          0 kB
Percpu:             7648 kB
CmaTotal:         315392 kB
CmaFree:               0 kB
MemTotal:        5980404 kB
MemFree:         1133952 kB
MemAvailable:    2808040 kB
Buffers:            5488 kB
Cached:          1695208 kB
SwapCached:            0 kB
Active:          1332496 kB
Inactive:        1482708 kB
Active(anon):    1121068 kB
Inactive(anon):    18484 kB
Active(file):     211428 kB
Inactive(file):  1464224 kB
Unevictable:        5632 kB
Mlocked:            5632 kB
SwapTotal:       3670008 kB
SwapFree:        3670008 kB
Dirty:               552 kB
Writeback:             0 kB
AnonPages:       1120236 kB
Mapped:           814604 kB
Shmem:             20452 kB
KReclaimable:     560868 kB
Slab:             225544 kB
SReclaimable:      69464 kB
SUnreclaim:       156080 kB
KernelStack:       45872 kB
PageTables:        60496 kB
NFS_Unstable:          0 kB
Bounce:                0 kB
WritebackTmp:          0 kB
CommitLimit:     6660208 kB
Committed_AS:   71221092 kB
VmallocTotal:   263061440 kB
VmallocUsed:       86192 kB
VmallocChunk:          0 kB
Percpu:             7648 kB
CmaTotal:         315392 kB
CmaFree:               0 kB
MemTotal:        5980404 kB
MemFree:         1133696 kB
MemAvailable:    2807788 kB
Buffers:            5488 kB
Cached:          1695212 kB
SwapCached:            0 kB
Active:          1333508 kB
Inactive:        1482712 kB
Active(anon):    1122080 kB
Inactive(anon):    18484 kB
Active(file):     211428 kB
Inactive(file):  1464228 kB
Unevictable:        5632 kB
Mlocked:            5632 kB
SwapTotal:       3670008 kB
SwapFree:        3670008 kB
Dirty:               556 kB
Writeback:             0 kB
AnonPages:       1121132 kB
Mapped:           814604 kB
Shmem:             20452 kB
KReclaimable:     560868 kB
Slab:             225544 kB
SReclaimable:      69464 kB
SUnreclaim:       156080 kB
KernelStack:       45872 kB
PageTables:        60372 kB
NFS_Unstable:          0 kB
Bounce:                0 kB
WritebackTmp:          0 kB
CommitLimit:     6660208 kB
Committed_AS:   71222160 kB
VmallocTotal:   263061440 kB
VmallocUsed:       86224 kB
VmallocChunk:          0 kB
Percpu:             7648 kB
CmaTotal:         315392 kB
CmaFree:               0 kB
MemTotal:        5980404 kB
MemFree:         1132096 kB
MemAvailable:    2806192 kB
Buffers:            5488 kB
Cached:          1695216 kB
SwapCached:            0 kB
Active:          1334152 kB
Inactive:        1482716 kB
Active(anon):    1122724 kB
Inactive(anon):    18484 kB
Active(file):     211428 kB
Inactive(file):  1464232 kB
Unevictable:        5632 kB
Mlocked:            5632 kB
SwapTotal:       3670008 kB
SwapFree:        3670008 kB
Dirty:               328 kB
Writeback:             0 kB
AnonPages:       1121812 kB
Mapped:           814468 kB
Shmem:             20452 kB
KReclaimable:     560868 kB
Slab:             225732 kB
SReclaimable:      69464 kB
SUnreclaim:       156268 kB
KernelStack:       45840 kB
PageTables:        60268 kB
NFS_Unstable:          0 kB
Bounce:                0 kB
WritebackTmp:          0 kB
CommitLimit:     6660208 kB
Committed_AS:   71223356 kB
VmallocTotal:   263061440 kB
VmallocUsed:       86240 kB
VmallocChunk:          0 kB
Percpu:             7648 kB
CmaTotal:         315392 kB
CmaFree:               0 kB
MemTotal:        5980404 kB
MemFree:         1131288 kB
MemAvailable:    2805380 kB
Buffers:            5488 kB
Cached:          1695228 kB
SwapCached:            0 kB
Active:          1335140 kB
Inactive:        1482728 kB
Active(anon):    1123712 kB
Inactive(anon):    18496 kB
Active(file):     211428 kB
Inactive(file):  1464232 kB
Unevictable:        5632 kB
Mlocked:            5632 kB
SwapTotal:       3670008 kB
SwapFree:        3670008 kB
Dirty:               328 kB
Writeback:             0 kB
AnonPages:       1123036 kB
Mapped:           814604 kB
Shmem:             20464 kB
KReclaimable:     560864 kB
Slab:             225608 kB
SReclaimable:      69460 kB
SUnreclaim:       156148 kB
KernelStack:       45888 kB
PageTables:        60428 kB
NFS_Unstable:          0 kB
Bounce:                0 kB
WritebackTmp:          0 kB
CommitLimit:     6660208 kB
Committed_AS:   71222556 kB
VmallocTotal:   263061440 kB
VmallocUsed:       86256 kB
VmallocChunk:          0 kB
Percpu:             7648 kB
CmaTotal:         315392 kB
CmaFree:               0 kB
MemTotal:        5980404 kB
MemFree:         1131108 kB
MemAvailable:    2805164 kB
Buffers:            5488 kB
Cached:          1695192 kB
SwapCached:            0 kB
Active:          1335596 kB
Inactive:        1482696 kB
Active(anon):    1124172 kB
Inactive(anon):    18496 kB
Active(file):     211424 kB
Inactive(file):  1464200 kB
Unevictable:        5632 kB
Mlocked:            5632 kB
SwapTotal:       3670008 kB
SwapFree:        3670008 kB
Dirty:               320 kB
Writeback:             0 kB
AnonPages:       1123300 kB
Mapped:           814388 kB
Shmem:             20464 kB
KReclaimable:     560864 kB
Slab:             225576 kB
SReclaimable:      69460 kB
SUnreclaim:       156116 kB
KernelStack:       45824 kB
PageTables:        60448 kB
NFS_Unstable:          0 kB
Bounce:                0 kB
WritebackTmp:          0 kB
CommitLimit:     6660208 kB
Committed_AS:   71225064 kB
VmallocTotal:   263061440 kB
VmallocUsed:       86256 kB
VmallocChunk:          0 kB
Percpu:             7648 kB
CmaTotal:         315392 kB
CmaFree:               0 kB
MemTotal:        5980404 kB
MemFree:         1130424 kB
MemAvailable:    2804516 kB
Buffers:            5488 kB
Cached:          1695228 kB
SwapCached:            0 kB
Active:          1335828 kB
Inactive:        1482728 kB
Active(anon):    1124400 kB
Inactive(anon):    18496 kB
Active(file):     211428 kB
Inactive(file):  1464232 kB
Unevictable:        5632 kB
Mlocked:            5632 kB
SwapTotal:       3670008 kB
SwapFree:        3670008 kB
Dirty:               328 kB
Writeback:             0 kB
AnonPages:       1123536 kB
Mapped:           814580 kB
Shmem:             20464 kB
KReclaimable:     560864 kB
Slab:             225568 kB
SReclaimable:      69460 kB
SUnreclaim:       156108 kB
KernelStack:       45840 kB
PageTables:        60308 kB
NFS_Unstable:          0 kB
Bounce:                0 kB
WritebackTmp:          0 kB
CommitLimit:     6660208 kB
Committed_AS:   71224820 kB
VmallocTotal:   263061440 kB
VmallocUsed:       86240 kB
VmallocChunk:          0 kB
Percpu:             7648 kB
CmaTotal:         315392 kB
CmaFree:               0 kB
MemTotal:        5980404 kB
MemFree:         1136784 kB
MemAvailable:    2810880 kB
Buffers:            5488 kB
Cached:          1695228 kB
SwapCached:            0 kB
Active:          1329104 kB
Inactive:        1482728 kB
Active(anon):    1117676 kB
Inactive(anon):    18496 kB
Active(file):     211428 kB
Inactive(file):  1464232 kB
Unevictable:        5632 kB
Mlocked:            5632 kB
SwapTotal:       3670008 kB
SwapFree:        3670008 kB
Dirty:               328 kB
Writeback:             0 kB
AnonPages:       1116768 kB
Mapped:           814452 kB
Shmem:             20464 kB
KReclaimable:     560868 kB
Slab:             225596 kB
SReclaimable:      69464 kB
SUnreclaim:       156132 kB
KernelStack:       45872 kB
PageTables:        60396 kB
NFS_Unstable:          0 kB
Bounce:                0 kB
WritebackTmp:          0 kB
CommitLimit:     6660208 kB
Committed_AS:   71220760 kB
VmallocTotal:   263061440 kB
VmallocUsed:       86224 kB
VmallocChunk:          0 kB
Percpu:             7648 kB
CmaTotal:         315392 kB
CmaFree:               0 kB
MemTotal:        5980404 kB
MemFree:         1136912 kB
MemAvailable:    2811112 kB
Buffers:            5488 kB
Cached:          1695324 kB
SwapCached:            0 kB
Active:          1330068 kB
Inactive:        1482824 kB
Active(anon):    1118640 kB
Inactive(anon):    18496 kB
Active(file):     211428 kB
Inactive(file):  1464328 kB
Unevictable:        5632 kB
Mlocked:            5632 kB
SwapTotal:       3670008 kB
SwapFree:        3670008 kB
Dirty:               424 kB
Writeback:             0 kB
AnonPages:       1117984 kB
Mapped:           814616 kB
Shmem:             20464 kB
KReclaimable:     560876 kB
Slab:             225628 kB
SReclaimable:      69472 kB
SUnreclaim:       156156 kB
KernelStack:       45856 kB
PageTables:        60260 kB
NFS_Unstable:          0 kB
Bounce:                0 kB
WritebackTmp:          0 kB
CommitLimit:     6660208 kB
Committed_AS:   71224224 kB
VmallocTotal:   263061440 kB
VmallocUsed:       86224 kB
VmallocChunk:          0 kB
Percpu:             7648 kB
CmaTotal:         315392 kB
CmaFree:               0 kB
MemTotal:        5980404 kB
MemFree:         1136468 kB
MemAvailable:    2810676 kB
Buffers:            5488 kB
Cached:          1695332 kB
SwapCached:            0 kB
Active:          1330816 kB
Inactive:        1482832 kB
Active(anon):    1119388 kB
Inactive(anon):    18496 kB
Active(file):     211428 kB
Inactive(file):  1464336 kB
Unevictable:        5632 kB
Mlocked:            5632 kB
SwapTotal:       3670008 kB
SwapFree:        3670008 kB
Dirty:               436 kB
Writeback:             0 kB
AnonPages:       1118852 kB
Mapped:           814660 kB
Shmem:             20464 kB
KReclaimable:     560876 kB
Slab:             225604 kB
SReclaimable:      69472 kB
SUnreclaim:       156132 kB
KernelStack:       45840 kB
PageTables:        60212 kB
NFS_Unstable:          0 kB
Bounce:                0 kB
WritebackTmp:          0 kB
CommitLimit:     6660208 kB
Committed_AS:   71221720 kB
VmallocTotal:   263061440 kB
VmallocUsed:       86208 kB
VmallocChunk:          0 kB
Percpu:             7648 kB
CmaTotal:         315392 kB
CmaFree:               0 kB
MemTotal:        5980404 kB
MemFree:         1135536 kB
MemAvailable:    2809820 kB
Buffers:            5488 kB
Cached:          1695400 kB
SwapCached:            0 kB
Active:          1331848 kB
Inactive:        1482904 kB
Active(anon):    1120424 kB
Inactive(anon):    18496 kB
Active(file):     211424 kB
Inactive(file):  1464408 kB
Unevictable:        5632 kB
Mlocked:            5632 kB
SwapTotal:       3670008 kB
SwapFree:        3670008 kB
Dirty:               532 kB
Writeback:             0 kB
AnonPages:       1119288 kB
Mapped:           814552 kB
Shmem:             20464 kB
KReclaimable:     560884 kB
Slab:             225588 kB
SReclaimable:      69480 kB
SUnreclaim:       156108 kB
KernelStack:       45888 kB
PageTables:        60452 kB
NFS_Unstable:          0 kB
Bounce:                0 kB
WritebackTmp:          0 kB
CommitLimit:     6660208 kB
Committed_AS:   71224632 kB
VmallocTotal:   263061440 kB
VmallocUsed:       86256 kB
VmallocChunk:          0 kB
Percpu:             7648 kB
CmaTotal:         315392 kB
CmaFree:               0 kB
MemTotal:        5980404 kB
MemFree:         1133504 kB
MemAvailable:    2807860 kB
Buffers:            5488 kB
Cached:          1695484 kB
SwapCached:            0 kB
Active:          1332892 kB
Inactive:        1482980 kB
Active(anon):    1121460 kB
Inactive(anon):    18508 kB
Active(file):     211432 kB
Inactive(file):  1464472 kB
Unevictable:        5632 kB
Mlocked:            5632 kB
SwapTotal:       3670008 kB
SwapFree:        3670008 kB
Dirty:               576 kB
Writeback:             0 kB
AnonPages:       1120572 kB
Mapped:           814628 kB
Shmem:             20476 kB
KReclaimable:     560884 kB
Slab:             225636 kB
SReclaimable:      69480 kB
SUnreclaim:       156156 kB
KernelStack:       45904 kB
PageTables:        60308 kB
NFS_Unstable:          0 kB
Bounce:                0 kB
WritebackTmp:          0 kB
CommitLimit:     6660208 kB
Committed_AS:   71226180 kB
VmallocTotal:   263061440 kB
VmallocUsed:       86272 kB
VmallocChunk:          0 kB
Percpu:             7648 kB
CmaTotal:         315392 kB
CmaFree:               0 kB
MemTotal:        5980404 kB
MemFree:         1132816 kB
MemAvailable:    2807136 kB
Buffers:            5488 kB
Cached:          1695448 kB
SwapCached:            0 kB
Active:          1332980 kB
Inactive:        1482948 kB
Active(anon):    1121552 kB
Inactive(anon):    18508 kB
Active(file):     211428 kB
Inactive(file):  1464440 kB
Unevictable:        5632 kB
Mlocked:            5632 kB
SwapTotal:       3670008 kB
SwapFree:        3670008 kB
Dirty:               568 kB
Writeback:             0 kB
AnonPages:       1120496 kB
Mapped:           814628 kB
Shmem:             20476 kB
KReclaimable:     560884 kB
Slab:             225676 kB
SReclaimable:      69480 kB
SUnreclaim:       156196 kB
KernelStack:       45888 kB
PageTables:        60252 kB
NFS_Unstable:          0 kB
Bounce:                0 kB
WritebackTmp:          0 kB
CommitLimit:     6660208 kB
Committed_AS:   71224720 kB
VmallocTotal:   263061440 kB
VmallocUsed:       86272 kB
VmallocChunk:          0 kB
Percpu:             7648 kB
CmaTotal:         315392 kB
CmaFree:               0 kB
MemTotal:        5980404 kB
MemFree:         1132524 kB
MemAvailable:    2806844 kB
Buffers:            5488 kB
Cached:          1695448 kB
SwapCached:            0 kB
Active:          1334000 kB
Inactive:        1482948 kB
Active(anon):    1122572 kB
Inactive(anon):    18508 kB
Active(file):     211428 kB
Inactive(file):  1464440 kB
Unevictable:        5632 kB
Mlocked:            5632 kB
SwapTotal:       3670008 kB
SwapFree:        3670008 kB
Dirty:               536 kB
Writeback:             0 kB
AnonPages:       1121572 kB
Mapped:           814628 kB
Shmem:             20476 kB
KReclaimable:     560884 kB
Slab:             225676 kB
SReclaimable:      69480 kB
SUnreclaim:       156196 kB
KernelStack:       45888 kB
PageTables:        60176 kB
NFS_Unstable:          0 kB
Bounce:                0 kB
WritebackTmp:          0 kB
CommitLimit:     6660208 kB
Committed_AS:   71223260 kB
VmallocTotal:   263061440 kB
VmallocUsed:       86240 kB
VmallocChunk:          0 kB
Percpu:             7648 kB
CmaTotal:         315392 kB
CmaFree:               0 kB
MemTotal:        5980404 kB
MemFree:         1143104 kB
MemAvailable:    2817456 kB
Buffers:            5496 kB
Cached:          1695468 kB
SwapCached:            0 kB
Active:          1322600 kB
Inactive:        1482968 kB
Active(anon):    1111164 kB
Inactive(anon):    18508 kB
Active(file):     211436 kB
Inactive(file):  1464460 kB
Unevictable:        5632 kB
Mlocked:            5632 kB
SwapTotal:       3670008 kB
SwapFree:        3670008 kB
Dirty:               572 kB
Writeback:             0 kB
AnonPages:       1110128 kB
Mapped:           814628 kB
Shmem:             20476 kB
KReclaimable:     560888 kB
Slab:             225728 kB
SReclaimable:      69484 kB
SUnreclaim:       156244 kB
KernelStack:       45888 kB
PageTables:        60240 kB
NFS_Unstable:          0 kB
Bounce:                0 kB
WritebackTmp:          0 kB
CommitLimit:     6660208 kB
Committed_AS:   71222488 kB
VmallocTotal:   263061440 kB
VmallocUsed:       86256 kB
VmallocChunk:          0 kB
Percpu:             7648 kB
CmaTotal:         315392 kB
CmaFree:            1776 kB
MemTotal:        5980404 kB
MemFree:         1144300 kB
MemAvailable:    2818608 kB
Buffers:            5496 kB
Cached:          1695428 kB
SwapCached:            0 kB
Active:          1321908 kB
Inactive:        1482936 kB
Active(anon):    1110480 kB
Inactive(anon):    18512 kB
Active(file):     211428 kB
Inactive(file):  1464424 kB
Unevictable:        5632 kB
Mlocked:            5632 kB
SwapTotal:       3670008 kB
SwapFree:        3670008 kB
Dirty:               564 kB
Writeback:             0 kB
AnonPages:       1109468 kB
Mapped:           813936 kB
Shmem:             20480 kB
KReclaimable:     560888 kB
Slab:             225696 kB
SReclaimable:      69484 kB
SUnreclaim:       156212 kB
KernelStack:       45872 kB
PageTables:        60208 kB
NFS_Unstable:          0 kB
Bounce:                0 kB
WritebackTmp:          0 kB
CommitLimit:     6660208 kB
Committed_AS:   71222260 kB
VmallocTotal:   263061440 kB
VmallocUsed:       86256 kB
VmallocChunk:          0 kB
Percpu:             7648 kB
CmaTotal:         315392 kB
CmaFree:            1592 kB
MemTotal:        5980404 kB
MemFree:         1141824 kB
MemAvailable:    2816176 kB
Buffers:            5496 kB
Cached:          1695492 kB
SwapCached:            0 kB
Active:          1322852 kB
Inactive:        1482992 kB
Active(anon):    1111416 kB
Inactive(anon):    18532 kB
Active(file):     211436 kB
Inactive(file):  1464460 kB
Unevictable:        5632 kB
Mlocked:            5632 kB
SwapTotal:       3670008 kB
SwapFree:        3670008 kB
Dirty:               572 kB
Writeback:             0 kB
AnonPages:       1110360 kB
Mapped:           814016 kB
Shmem:             20500 kB
KReclaimable:     560888 kB
Slab:             225688 kB
SReclaimable:      69484 kB
SUnreclaim:       156204 kB
KernelStack:       45936 kB
PageTables:        60304 kB
NFS_Unstable:          0 kB
Bounce:                0 kB
WritebackTmp:          0 kB
CommitLimit:     6660208 kB
Committed_AS:   71224436 kB
VmallocTotal:   263061440 kB
VmallocUsed:       86272 kB
VmallocChunk:          0 kB
Percpu:             7648 kB
CmaTotal:         315392 kB
CmaFree:             100 kB
MemTotal:        5980404 kB
MemFree:         1142116 kB
MemAvailable:    2816468 kB
Buffers:            5496 kB
Cached:          1695492 kB
SwapCached:            0 kB
Active:          1322924 kB
Inactive:        1482992 kB
Active(anon):    1111488 kB
Inactive(anon):    18532 kB
Active(file):     211436 kB
Inactive(file):  1464460 kB
Unevictable:        5632 kB
Mlocked:            5632 kB
SwapTotal:       3670008 kB
SwapFree:        3670008 kB
Dirty:               572 kB
Writeback:             0 kB
AnonPages:       1110684 kB
Mapped:           814016 kB
Shmem:             20500 kB
KReclaimable:     560888 kB
Slab:             225672 kB
SReclaimable:      69484 kB
SUnreclaim:       156188 kB
KernelStack:       45920 kB
PageTables:        60252 kB
NFS_Unstable:          0 kB
Bounce:                0 kB
WritebackTmp:          0 kB
CommitLimit:     6660208 kB
Committed_AS:   71224472 kB
VmallocTotal:   263061440 kB
VmallocUsed:       86288 kB
VmallocChunk:          0 kB
Percpu:             7648 kB
CmaTotal:         315392 kB
CmaFree:              52 kB
MemTotal:        5980404 kB
MemFree:         1141852 kB
MemAvailable:    2816204 kB
Buffers:            5496 kB
Cached:          1695492 kB
SwapCached:            0 kB
Active:          1323732 kB
Inactive:        1482992 kB
Active(anon):    1112296 kB
Inactive(anon):    18532 kB
Active(file):     211436 kB
Inactive(file):  1464460 kB
Unevictable:        5632 kB
Mlocked:            5632 kB
SwapTotal:       3670008 kB
SwapFree:        3670008 kB
Dirty:               544 kB
Writeback:             0 kB
AnonPages:       1111340 kB
Mapped:           814016 kB
Shmem:             20500 kB
KReclaimable:     560888 kB
Slab:             225640 kB
SReclaimable:      69484 kB
SUnreclaim:       156156 kB
KernelStack:       45920 kB
PageTables:        60040 kB
NFS_Unstable:          0 kB
Bounce:                0 kB
WritebackTmp:          0 kB
CommitLimit:     6660208 kB
Committed_AS:   71221848 kB
VmallocTotal:   263061440 kB
VmallocUsed:       86288 kB
VmallocChunk:          0 kB
Percpu:             7648 kB
CmaTotal:         315392 kB
CmaFree:             228 kB
MemTotal:        5980404 kB
MemFree:         1141084 kB
MemAvailable:    2815436 kB
Buffers:            5496 kB
Cached:          1695492 kB
SwapCached:            0 kB
Active:          1324832 kB
Inactive:        1482992 kB
Active(anon):    1113396 kB
Inactive(anon):    18532 kB
Active(file):     211436 kB
Inactive(file):  1464460 kB
Unevictable:        5632 kB
Mlocked:            5632 kB
SwapTotal:       3670008 kB
SwapFree:        3670008 kB
Dirty:               544 kB
Writeback:             0 kB
AnonPages:       1112388 kB
Mapped:           813788 kB
Shmem:             20500 kB
KReclaimable:     560888 kB
Slab:             225648 kB
SReclaimable:      69484 kB
SUnreclaim:       156164 kB
KernelStack:       45888 kB
PageTables:        60120 kB
NFS_Unstable:          0 kB
Bounce:                0 kB
WritebackTmp:          0 kB
CommitLimit:     6660208 kB
Committed_AS:   71222536 kB
VmallocTotal:   263061440 kB
VmallocUsed:       86288 kB
VmallocChunk:          0 kB
Percpu:             7648 kB
CmaTotal:         315392 kB
CmaFree:               0 kB
MemTotal:        5980404 kB
MemFree:         1139504 kB
MemAvailable:    2813856 kB
Buffers:            5496 kB
Cached:          1695492 kB
SwapCached:            0 kB
Active:          1325748 kB
Inactive:        1482992 kB
Active(anon):    1114312 kB
Inactive(anon):    18532 kB
Active(file):     211436 kB
Inactive(file):  1464460 kB
Unevictable:        5632 kB
Mlocked:            5632 kB
SwapTotal:       3670008 kB
SwapFree:        3670008 kB
Dirty:               544 kB
Writeback:             0 kB
AnonPages:       1113412 kB
Mapped:           813884 kB
Shmem:             20500 kB
KReclaimable:     560888 kB
Slab:             225688 kB
SReclaimable:      69484 kB
SUnreclaim:       156204 kB
KernelStack:       45920 kB
PageTables:        60116 kB
NFS_Unstable:          0 kB
Bounce:                0 kB
WritebackTmp:          0 kB
CommitLimit:     6660208 kB
Committed_AS:   71224844 kB
VmallocTotal:   263061440 kB
VmallocUsed:       86336 kB
VmallocChunk:          0 kB
Percpu:             7648 kB
CmaTotal:         315392 kB
CmaFree:               0 kB
MemTotal:        5980404 kB
MemFree:         1146064 kB
MemAvailable:    2820416 kB
Buffers:            5496 kB
Cached:          1695500 kB
SwapCached:            0 kB
Active:          1318744 kB
Inactive:        1483000 kB
Active(anon):    1107308 kB
Inactive(anon):    18540 kB
Active(file):     211436 kB
Inactive(file):  1464460 kB
Unevictable:        5632 kB
Mlocked:            5632 kB
SwapTotal:       3670008 kB
SwapFree:        3670008 kB
Dirty:               544 kB
Writeback:             0 kB
AnonPages:       1106080 kB
Mapped:           814084 kB
Shmem:             20508 kB
KReclaimable:     560888 kB
Slab:             225688 kB
SReclaimable:      69484 kB
SUnreclaim:       156204 kB
KernelStack:       45872 kB
PageTables:        60364 kB
NFS_Unstable:          0 kB
Bounce:                0 kB
WritebackTmp:          0 kB
CommitLimit:     6660208 kB
Committed_AS:   71223052 kB
VmallocTotal:   263061440 kB
VmallocUsed:       86320 kB
VmallocChunk:          0 kB
Percpu:             7648 kB
CmaTotal:         315392 kB
CmaFree:             592 kB
MemTotal:        5980404 kB
MemFree:         1145624 kB
MemAvailable:    2819976 kB
Buffers:            5496 kB
Cached:          1695500 kB
SwapCached:            0 kB
Active:          1319536 kB
Inactive:        1483000 kB
Active(anon):    1108100 kB
Inactive(anon):    18540 kB
Active(file):     211436 kB
Inactive(file):  1464460 kB
Unevictable:        5632 kB
Mlocked:            5632 kB
SwapTotal:       3670008 kB
SwapFree:        3670008 kB
Dirty:               560 kB
Writeback:             0 kB
AnonPages:       1107196 kB
Mapped:           814024 kB
Shmem:             20508 kB
KReclaimable:     560888 kB
Slab:             225624 kB
SReclaimable:      69484 kB
SUnreclaim:       156140 kB
KernelStack:       45936 kB
PageTables:        60384 kB
NFS_Unstable:          0 kB
Bounce:                0 kB
WritebackTmp:          0 kB
CommitLimit:     6660208 kB
Committed_AS:   71223016 kB
VmallocTotal:   263061440 kB
VmallocUsed:       86320 kB
VmallocChunk:          0 kB
Percpu:             7648 kB
CmaTotal:         315392 kB
CmaFree:               0 kB
MemTotal:        5980404 kB
MemFree:         1145164 kB
MemAvailable:    2819516 kB
Buffers:            5496 kB
Cached:          1695500 kB
SwapCached:            0 kB
Active:          1319900 kB
Inactive:        1483000 kB
Active(anon):    1108464 kB
Inactive(anon):    18540 kB
Active(file):     211436 kB
Inactive(file):  1464460 kB
Unevictable:        5632 kB
Mlocked:            5632 kB
SwapTotal:       3670008 kB
SwapFree:        3670008 kB
Dirty:               544 kB
Writeback:             0 kB
AnonPages:       1107552 kB
Mapped:           813780 kB
Shmem:             20508 kB
KReclaimable:     560888 kB
Slab:             225664 kB
SReclaimable:      69484 kB
SUnreclaim:       156180 kB
KernelStack:       45920 kB
PageTables:        60052 kB
NFS_Unstable:          0 kB
Bounce:                0 kB
WritebackTmp:          0 kB
CommitLimit:     6660208 kB
Committed_AS:   71222212 kB
VmallocTotal:   263061440 kB
VmallocUsed:       86304 kB
VmallocChunk:          0 kB
Percpu:             7648 kB
CmaTotal:         315392 kB
CmaFree:             100 kB
MemTotal:        5980404 kB
MemFree:         1155404 kB
MemAvailable:    2829772 kB
Buffers:            5496 kB
Cached:          1695412 kB
SwapCached:            0 kB
Active:          1308640 kB
Inactive:        1482912 kB
Active(anon):    1097204 kB
Inactive(anon):    18436 kB
Active(file):     211436 kB
Inactive(file):  1464476 kB
Unevictable:        5632 kB
Mlocked:            5632 kB
SwapTotal:       3670008 kB
SwapFree:        3670008 kB
Dirty:               564 kB
Writeback:             0 kB
AnonPages:       1096144 kB
Mapped:           813820 kB
Shmem:             20404 kB
KReclaimable:     560888 kB
Slab:             225632 kB
SReclaimable:      69484 kB
SUnreclaim:       156148 kB
KernelStack:       45936 kB
PageTables:        60384 kB
NFS_Unstable:          0 kB
Bounce:                0 kB
WritebackTmp:          0 kB
CommitLimit:     6660208 kB
Committed_AS:   71221504 kB
VmallocTotal:   263061440 kB
VmallocUsed:       86288 kB
VmallocChunk:          0 kB
Percpu:             7648 kB
CmaTotal:         315392 kB
CmaFree:            1824 kB
MemTotal:        5980404 kB
MemFree:         1155184 kB
MemAvailable:    2829552 kB
Buffers:            5496 kB
Cached:          1695412 kB
SwapCached:            0 kB
Active:          1309144 kB
Inactive:        1482912 kB
Active(anon):    1097708 kB
Inactive(anon):    18436 kB
Active(file):     211436 kB
Inactive(file):  1464476 kB
Unevictable:        5632 kB
Mlocked:            5632 kB
SwapTotal:       3670008 kB
SwapFree:        3670008 kB
Dirty:               564 kB
Writeback:             0 kB
AnonPages:       1096936 kB
Mapped:           814048 kB
Shmem:             20404 kB
KReclaimable:     560888 kB
Slab:             225616 kB
SReclaimable:      69484 kB
SUnreclaim:       156132 kB
KernelStack:       45904 kB
PageTables:        60264 kB
NFS_Unstable:          0 kB
Bounce:                0 kB
WritebackTmp:          0 kB
CommitLimit:     6660208 kB
Committed_AS:   71219288 kB
VmallocTotal:   263061440 kB
VmallocUsed:       86256 kB
VmallocChunk:          0 kB
Percpu:             7648 kB
CmaTotal:         315392 kB
CmaFree:            1060 kB
MemTotal:        5980404 kB
MemFree:         1154716 kB
MemAvailable:    2829084 kB
Buffers:            5496 kB
Cached:          1695412 kB
SwapCached:            0 kB
Active:          1310068 kB
Inactive:        1482912 kB
Active(anon):    1098632 kB
Inactive(anon):    18436 kB
Active(file):     211436 kB
Inactive(file):  1464476 kB
Unevictable:        5632 kB
Mlocked:            5632 kB
SwapTotal:       3670008 kB
SwapFree:        3670008 kB
Dirty:               564 kB
Writeback:             0 kB
AnonPages:       1097912 kB
Mapped:           814048 kB
Shmem:             20404 kB
KReclaimable:     560888 kB
Slab:             225640 kB
SReclaimable:      69484 kB
SUnreclaim:       156156 kB
KernelStack:       45888 kB
PageTables:        60468 kB
NFS_Unstable:          0 kB
Bounce:                0 kB
WritebackTmp:          0 kB
CommitLimit:     6660208 kB
Committed_AS:   71218804 kB
VmallocTotal:   263061440 kB
VmallocUsed:       86272 kB
VmallocChunk:          0 kB
Percpu:             7648 kB
CmaTotal:         315392 kB
CmaFree:             240 kB
MemTotal:        5980404 kB
MemFree:         1154764 kB
MemAvailable:    2829132 kB
Buffers:            5496 kB
Cached:          1695420 kB
SwapCached:            0 kB
Active:          1310772 kB
Inactive:        1482920 kB
Active(anon):    1099336 kB
Inactive(anon):    18444 kB
Active(file):     211436 kB
Inactive(file):  1464476 kB
Unevictable:        5632 kB
Mlocked:            5632 kB
SwapTotal:       3670008 kB
SwapFree:        3670008 kB
Dirty:               564 kB
Writeback:             0 kB
AnonPages:       1098376 kB
Mapped:           813892 kB
Shmem:             20412 kB
KReclaimable:     560888 kB
Slab:             225688 kB
SReclaimable:      69484 kB
SUnreclaim:       156204 kB
KernelStack:       45888 kB
PageTables:        60400 kB
NFS_Unstable:          0 kB
Bounce:                0 kB
WritebackTmp:          0 kB
CommitLimit:     6660208 kB
Committed_AS:   71221664 kB
VmallocTotal:   263061440 kB
VmallocUsed:       86272 kB
VmallocChunk:          0 kB
Percpu:             7648 kB
CmaTotal:         315392 kB
CmaFree:              28 kB
MemTotal:        5980404 kB
MemFree:         1153216 kB
MemAvailable:    2827616 kB
Buffers:            5496 kB
Cached:          1695420 kB
SwapCached:            0 kB
Active:          1311988 kB
Inactive:        1482920 kB
Active(anon):    1100552 kB
Inactive(anon):    18444 kB
Active(file):     211436 kB
Inactive(file):  1464476 kB
Unevictable:        5632 kB
Mlocked:            5632 kB
SwapTotal:       3670008 kB
SwapFree:        3670008 kB
Dirty:               580 kB
Writeback:             0 kB
AnonPages:       1099600 kB
Mapped:           813892 kB
Shmem:             20412 kB
KReclaimable:     560888 kB
Slab:             225624 kB
SReclaimable:      69484 kB
SUnreclaim:       156140 kB
KernelStack:       45920 kB
PageTables:        60308 kB
NFS_Unstable:          0 kB
Bounce:                0 kB
WritebackTmp:          0 kB
CommitLimit:     6660208 kB
Committed_AS:   71225496 kB
VmallocTotal:   263061440 kB
VmallocUsed:       86256 kB
VmallocChunk:          0 kB
Percpu:             7648 kB
CmaTotal:         315392 kB
CmaFree:               0 kB
MemTotal:        5980404 kB
MemFree:         1153380 kB
MemAvailable:    2827752 kB
Buffers:            5500 kB
Cached:          1695428 kB
SwapCached:            0 kB
Active:          1312156 kB
Inactive:        1482928 kB
Active(anon):    1100716 kB
Inactive(anon):    18452 kB
Active(file):     211440 kB
Inactive(file):  1464476 kB
Unevictable:        5632 kB
Mlocked:            5632 kB
SwapTotal:       3670008 kB
SwapFree:        3670008 kB
Dirty:               580 kB
Writeback:             0 kB
AnonPages:       1099512 kB
Mapped:           813972 kB
Shmem:             20420 kB
KReclaimable:     560888 kB
Slab:             225656 kB
SReclaimable:      69484 kB
SUnreclaim:       156172 kB
KernelStack:       45888 kB
PageTables:        60052 kB
NFS_Unstable:          0 kB
Bounce:                0 kB
WritebackTmp:          0 kB
CommitLimit:     6660208 kB
Committed_AS:   71220256 kB
VmallocTotal:   263061440 kB
VmallocUsed:       86272 kB
VmallocChunk:          0 kB
Percpu:             7648 kB
CmaTotal:         315392 kB
CmaFree:               0 kB
MemTotal:        5980404 kB
MemFree:         1153000 kB
MemAvailable:    2827384 kB
Buffers:            5500 kB
Cached:          1695440 kB
SwapCached:            0 kB
Active:          1312152 kB
Inactive:        1482940 kB
Active(anon):    1100712 kB
Inactive(anon):    18452 kB
Active(file):     211440 kB
Inactive(file):  1464488 kB
Unevictable:        5632 kB
Mlocked:            5632 kB
SwapTotal:       3670008 kB
SwapFree:        3670008 kB
Dirty:               560 kB
Writeback:             0 kB
AnonPages:       1099532 kB
Mapped:           814064 kB
Shmem:             20420 kB
KReclaimable:     560888 kB
Slab:             225640 kB
SReclaimable:      69484 kB
SUnreclaim:       156156 kB
KernelStack:       45920 kB
PageTables:        59928 kB
NFS_Unstable:          0 kB
Bounce:                0 kB
WritebackTmp:          0 kB
CommitLimit:     6660208 kB
Committed_AS:   71216912 kB
VmallocTotal:   263061440 kB
VmallocUsed:       86272 kB
VmallocChunk:          0 kB
Percpu:             7648 kB
CmaTotal:         315392 kB
CmaFree:               0 kB
MemTotal:        5980404 kB
MemFree:         1152784 kB
MemAvailable:    2827168 kB
Buffers:            5500 kB
Cached:          1695448 kB
SwapCached:            0 kB
Active:          1312648 kB
Inactive:        1482948 kB
Active(anon):    1101208 kB
Inactive(anon):    18460 kB
Active(file):     211440 kB
Inactive(file):  1464488 kB
Unevictable:        5632 kB
Mlocked:            5632 kB
SwapTotal:       3670008 kB
SwapFree:        3670008 kB
Dirty:               584 kB
Writeback:             0 kB
AnonPages:       1100424 kB
Mapped:           814072 kB
Shmem:             20428 kB
KReclaimable:     560888 kB
Slab:             225648 kB
SReclaimable:      69484 kB
SUnreclaim:       156164 kB
KernelStack:       45904 kB
PageTables:        60264 kB
NFS_Unstable:          0 kB
Bounce:                0 kB
WritebackTmp:          0 kB
CommitLimit:     6660208 kB
Committed_AS:   71216608 kB
VmallocTotal:   263061440 kB
VmallocUsed:       86272 kB
VmallocChunk:          0 kB
Percpu:             7648 kB
CmaTotal:         315392 kB
CmaFree:               0 kB
MemTotal:        5980404 kB
MemFree:         1152208 kB
MemAvailable:    2826592 kB
Buffers:            5500 kB
Cached:          1695448 kB
SwapCached:            0 kB
Active:          1313712 kB
Inactive:        1482948 kB
Active(anon):    1102272 kB
Inactive(anon):    18460 kB
Active(file):     211440 kB
Inactive(file):  1464488 kB
Unevictable:        5632 kB
Mlocked:            5632 kB
SwapTotal:       3670008 kB
SwapFree:        3670008 kB
Dirty:               588 kB
Writeback:             0 kB
AnonPages:       1101320 kB
Mapped:           814136 kB
Shmem:             20428 kB
KReclaimable:     560888 kB
Slab:             225680 kB
SReclaimable:      69484 kB
SUnreclaim:       156196 kB
KernelStack:       45936 kB
PageTables:        60288 kB
NFS_Unstable:          0 kB
Bounce:                0 kB
WritebackTmp:          0 kB
CommitLimit:     6660208 kB
Committed_AS:   71223700 kB
VmallocTotal:   263061440 kB
VmallocUsed:       86288 kB
VmallocChunk:          0 kB
Percpu:             7648 kB
CmaTotal:         315392 kB
CmaFree:               0 kB
MemTotal:        5980404 kB
MemFree:         1150972 kB
MemAvailable:    2825676 kB
Buffers:            5500 kB
Cached:          1695448 kB
SwapCached:            0 kB
Active:          1314768 kB
Inactive:        1482948 kB
Active(anon):    1103328 kB
Inactive(anon):    18460 kB
Active(file):     211440 kB
Inactive(file):  1464488 kB
Unevictable:        5632 kB
Mlocked:            5632 kB
SwapTotal:       3670008 kB
SwapFree:        3670008 kB
Dirty:               544 kB
Writeback:             0 kB
AnonPages:       1102184 kB
Mapped:           813748 kB
Shmem:             20428 kB
KReclaimable:     561208 kB
Slab:             225984 kB
SReclaimable:      69804 kB
SUnreclaim:       156180 kB
KernelStack:       45952 kB
PageTables:        60340 kB
NFS_Unstable:          0 kB
Bounce:                0 kB
WritebackTmp:          0 kB
CommitLimit:     6660208 kB
Committed_AS:   71221304 kB
VmallocTotal:   263061440 kB
VmallocUsed:       86320 kB
VmallocChunk:          0 kB
Percpu:             7648 kB
CmaTotal:         315392 kB
CmaFree:               0 kB
MemTotal:        5980404 kB
MemFree:         1150384 kB
MemAvailable:    2825300 kB
Buffers:            5500 kB
Cached:          1695476 kB
SwapCached:            0 kB
Active:          1314288 kB
Inactive:        1482948 kB
Active(anon):    1102820 kB
Inactive(anon):    18460 kB
Active(file):     211468 kB
Inactive(file):  1464488 kB
Unevictable:        5632 kB
Mlocked:            5632 kB
SwapTotal:       3670008 kB
SwapFree:        3670008 kB
Dirty:               604 kB
Writeback:             0 kB
AnonPages:       1102036 kB
Mapped:           814104 kB
Shmem:             20428 kB
KReclaimable:     561392 kB
Slab:             226116 kB
SReclaimable:      69988 kB
SUnreclaim:       156128 kB
KernelStack:       45920 kB
PageTables:        60332 kB
NFS_Unstable:          0 kB
Bounce:                0 kB
WritebackTmp:          0 kB
CommitLimit:     6660208 kB
Committed_AS:   71221024 kB
VmallocTotal:   263061440 kB
VmallocUsed:       86320 kB
VmallocChunk:          0 kB
Percpu:             7648 kB
CmaTotal:         315392 kB
CmaFree:               0 kB
MemTotal:        5980404 kB
MemFree:         1154960 kB
MemAvailable:    2830032 kB
Buffers:            5500 kB
Cached:          1695504 kB
SwapCached:            0 kB
Active:          1308116 kB
Inactive:        1483056 kB
Active(anon):    1096680 kB
Inactive(anon):    18460 kB
Active(file):     211436 kB
Inactive(file):  1464596 kB
Unevictable:        5632 kB
Mlocked:            5632 kB
SwapTotal:       3670008 kB
SwapFree:        3670008 kB
Dirty:               308 kB
Writeback:            92 kB
AnonPages:       1095900 kB
Mapped:           813940 kB
Shmem:             20428 kB
KReclaimable:     561472 kB
Slab:             226244 kB
SReclaimable:      70068 kB
SUnreclaim:       156176 kB
KernelStack:       45920 kB
PageTables:        60172 kB
NFS_Unstable:          0 kB
Bounce:                0 kB
WritebackTmp:          0 kB
CommitLimit:     6660208 kB
Committed_AS:   71224200 kB
VmallocTotal:   263061440 kB
VmallocUsed:       86368 kB
VmallocChunk:          0 kB
Percpu:             7648 kB
CmaTotal:         315392 kB
CmaFree:             964 kB
MemTotal:        5980404 kB
MemFree:         1154464 kB
MemAvailable:    2829572 kB
Buffers:            5500 kB
Cached:          1695548 kB
SwapCached:            0 kB
Active:          1309228 kB
Inactive:        1483004 kB
Active(anon):    1097744 kB
Inactive(anon):    18460 kB
Active(file):     211484 kB
Inactive(file):  1464544 kB
Unevictable:        5632 kB
Mlocked:            5632 kB
SwapTotal:       3670008 kB
SwapFree:        3670008 kB
Dirty:               312 kB
Writeback:             0 kB
AnonPages:       1096904 kB
Mapped:           814104 kB
Shmem:             20428 kB
KReclaimable:     561512 kB
Slab:             226228 kB
SReclaimable:      70108 kB
SUnreclaim:       156120 kB
KernelStack:       45968 kB
PageTables:        60600 kB
NFS_Unstable:          0 kB
Bounce:                0 kB
WritebackTmp:          0 kB
CommitLimit:     6660208 kB
Committed_AS:   71223716 kB
VmallocTotal:   263061440 kB
VmallocUsed:       86352 kB
VmallocChunk:          0 kB
Percpu:             7648 kB
CmaTotal:         315392 kB
CmaFree:              40 kB
MemTotal:        5980404 kB
MemFree:         1155176 kB
MemAvailable:    2830284 kB
Buffers:            5500 kB
Cached:          1695548 kB
SwapCached:            0 kB
Active:          1309272 kB
Inactive:        1482992 kB
Active(anon):    1097776 kB
Inactive(anon):    18460 kB
Active(file):     211496 kB
Inactive(file):  1464532 kB
Unevictable:        5632 kB
Mlocked:            5632 kB
SwapTotal:       3670008 kB
SwapFree:        3670008 kB
Dirty:               356 kB
Writeback:             0 kB
AnonPages:       1096900 kB
Mapped:           814104 kB
Shmem:             20428 kB
KReclaimable:     561512 kB
Slab:             226188 kB
SReclaimable:      70108 kB
SUnreclaim:       156080 kB
KernelStack:       46000 kB
PageTables:        60548 kB
NFS_Unstable:          0 kB
Bounce:                0 kB
WritebackTmp:          0 kB
CommitLimit:     6660208 kB
Committed_AS:   71222732 kB
VmallocTotal:   263061440 kB
VmallocUsed:       86368 kB
VmallocChunk:          0 kB
Percpu:             7648 kB
CmaTotal:         315392 kB
CmaFree:             136 kB
MemTotal:        5980404 kB
MemFree:         1154732 kB
MemAvailable:    2829840 kB
Buffers:            5500 kB
Cached:          1695552 kB
SwapCached:            0 kB
Active:          1310328 kB
Inactive:        1482996 kB
Active(anon):    1098832 kB
Inactive(anon):    18464 kB
Active(file):     211496 kB
Inactive(file):  1464532 kB
Unevictable:        5632 kB
Mlocked:            5632 kB
SwapTotal:       3670008 kB
SwapFree:        3670008 kB
Dirty:               356 kB
Writeback:             0 kB
AnonPages:       1098012 kB
Mapped:           813940 kB
Shmem:             20432 kB
KReclaimable:     561512 kB
Slab:             226268 kB
SReclaimable:      70108 kB
SUnreclaim:       156160 kB
KernelStack:       45920 kB
PageTables:        60180 kB
NFS_Unstable:          0 kB
Bounce:                0 kB
WritebackTmp:          0 kB
CommitLimit:     6660208 kB
Committed_AS:   71221760 kB
VmallocTotal:   263061440 kB
VmallocUsed:       86336 kB
VmallocChunk:          0 kB
Percpu:             7648 kB
CmaTotal:         315392 kB
CmaFree:             116 kB
MemTotal:        5980404 kB
MemFree:         1153460 kB
MemAvailable:    2828680 kB
Buffers:            5500 kB
Cached:          1695664 kB
SwapCached:            0 kB
Active:          1310920 kB
Inactive:        1483108 kB
Active(anon):    1099424 kB
Inactive(anon):    18464 kB
Active(file):     211496 kB
Inactive(file):  1464644 kB
Unevictable:        5632 kB
Mlocked:            5632 kB
SwapTotal:       3670008 kB
SwapFree:        3670008 kB
Dirty:               380 kB
Writeback:             0 kB
AnonPages:       1098248 kB
Mapped:           814108 kB
Shmem:             20432 kB
KReclaimable:     561512 kB
Slab:             226244 kB
SReclaimable:      70108 kB
SUnreclaim:       156136 kB
KernelStack:       45888 kB
PageTables:        60624 kB
NFS_Unstable:          0 kB
Bounce:                0 kB
WritebackTmp:          0 kB
CommitLimit:     6660208 kB
Committed_AS:   71222784 kB
VmallocTotal:   263061440 kB
VmallocUsed:       86352 kB
VmallocChunk:          0 kB
Percpu:             7648 kB
CmaTotal:         315392 kB
CmaFree:             256 kB
MemTotal:        5980404 kB
MemFree:         1152384 kB
MemAvailable:    2827604 kB
Buffers:            5500 kB
Cached:          1695664 kB
SwapCached:            0 kB
Active:          1311720 kB
Inactive:        1483108 kB
Active(anon):    1100224 kB
Inactive(anon):    18464 kB
Active(file):     211496 kB
Inactive(file):  1464644 kB
Unevictable:        5632 kB
Mlocked:            5632 kB
SwapTotal:       3670008 kB
SwapFree:        3670008 kB
Dirty:               380 kB
Writeback:             0 kB
AnonPages:       1099304 kB
Mapped:           814108 kB
Shmem:             20432 kB
KReclaimable:     561512 kB
Slab:             226260 kB
SReclaimable:      70108 kB
SUnreclaim:       156152 kB
KernelStack:       45936 kB
PageTables:        60200 kB
NFS_Unstable:          0 kB
Bounce:                0 kB
WritebackTmp:          0 kB
CommitLimit:     6660208 kB
Committed_AS:   71224404 kB
VmallocTotal:   263061440 kB
VmallocUsed:       86304 kB
VmallocChunk:          0 kB
Percpu:             7648 kB
CmaTotal:         315392 kB
CmaFree:               0 kB
MemTotal:        5980404 kB
MemFree:         1152204 kB
MemAvailable:    2827432 kB
Buffers:            5500 kB
Cached:          1695672 kB
SwapCached:            0 kB
Active:          1312504 kB
Inactive:        1483112 kB
Active(anon):    1101004 kB
Inactive(anon):    18464 kB
Active(file):     211500 kB
Inactive(file):  1464648 kB
Unevictable:        5632 kB
Mlocked:            5632 kB
SwapTotal:       3670008 kB
SwapFree:        3670008 kB
Dirty:               388 kB
Writeback:             0 kB
AnonPages:       1099676 kB
Mapped:           813944 kB
Shmem:             20432 kB
KReclaimable:     561512 kB
Slab:             226276 kB
SReclaimable:      70108 kB
SUnreclaim:       156168 kB
KernelStack:       45920 kB
PageTables:        60164 kB
NFS_Unstable:          0 kB
Bounce:                0 kB
WritebackTmp:          0 kB
CommitLimit:     6660208 kB
Committed_AS:   71223024 kB
VmallocTotal:   263061440 kB
VmallocUsed:       86336 kB
VmallocChunk:          0 kB
Percpu:             7648 kB
CmaTotal:         315392 kB
CmaFree:             104 kB
MemTotal:        5980404 kB
MemFree:         1152764 kB
MemAvailable:    2827984 kB
Buffers:            5500 kB
Cached:          1695668 kB
SwapCached:            0 kB
Active:          1312648 kB
Inactive:        1483112 kB
Active(anon):    1101152 kB
Inactive(anon):    18468 kB
Active(file):     211496 kB
Inactive(file):  1464644 kB
Unevictable:        5632 kB
Mlocked:            5632 kB
SwapTotal:       3670008 kB
SwapFree:        3670008 kB
Dirty:               384 kB
Writeback:             0 kB
AnonPages:       1100140 kB
Mapped:           813948 kB
Shmem:             20436 kB
KReclaimable:     561512 kB
Slab:             226252 kB
SReclaimable:      70108 kB
SUnreclaim:       156144 kB
KernelStack:       45904 kB
PageTables:        60172 kB
NFS_Unstable:          0 kB
Bounce:                0 kB
WritebackTmp:          0 kB
CommitLimit:     6660208 kB
Committed_AS:   71222744 kB
VmallocTotal:   263061440 kB
VmallocUsed:       86304 kB
VmallocChunk:          0 kB
Percpu:             7648 kB
CmaTotal:         315392 kB
CmaFree:             128 kB
MemTotal:        5980404 kB
MemFree:         1151208 kB
MemAvailable:    2826428 kB
Buffers:            5500 kB
Cached:          1695676 kB
SwapCached:            0 kB
Active:          1314092 kB
Inactive:        1483120 kB
Active(anon):    1102596 kB
Inactive(anon):    18476 kB
Active(file):     211496 kB
Inactive(file):  1464644 kB
Unevictable:        5632 kB
Mlocked:            5632 kB
SwapTotal:       3670008 kB
SwapFree:        3670008 kB
Dirty:               396 kB
Writeback:             0 kB
AnonPages:       1101568 kB
Mapped:           814056 kB
Shmem:             20444 kB
KReclaimable:     561512 kB
Slab:             226236 kB
SReclaimable:      70108 kB
SUnreclaim:       156128 kB
KernelStack:       45920 kB
PageTables:        60436 kB
NFS_Unstable:          0 kB
Bounce:                0 kB
WritebackTmp:          0 kB
CommitLimit:     6660208 kB
Committed_AS:   71226468 kB
VmallocTotal:   263061440 kB
VmallocUsed:       86320 kB
VmallocChunk:          0 kB
Percpu:             7648 kB
CmaTotal:         315392 kB
CmaFree:               0 kB
MemTotal:        5980404 kB
MemFree:         1151132 kB
MemAvailable:    2826476 kB
Buffers:            5504 kB
Cached:          1695796 kB
SwapCached:            0 kB
Active:          1314144 kB
Inactive:        1483240 kB
Active(anon):    1102644 kB
Inactive(anon):    18476 kB
Active(file):     211500 kB
Inactive(file):  1464764 kB
Unevictable:        5632 kB
Mlocked:            5632 kB
SwapTotal:       3670008 kB
SwapFree:        3670008 kB
Dirty:               172 kB
Writeback:             0 kB
AnonPages:       1101644 kB
Mapped:           813892 kB
Shmem:             20444 kB
KReclaimable:     561512 kB
Slab:             226236 kB
SReclaimable:      70108 kB
SUnreclaim:       156128 kB
KernelStack:       45936 kB
PageTables:        60408 kB
NFS_Unstable:          0 kB
Bounce:                0 kB
WritebackTmp:          0 kB
CommitLimit:     6660208 kB
Committed_AS:   71223480 kB
VmallocTotal:   263061440 kB
VmallocUsed:       86304 kB
VmallocChunk:          0 kB
Percpu:             7648 kB
CmaTotal:         315392 kB
CmaFree:               0 kB
MemTotal:        5980404 kB
MemFree:         1149240 kB
MemAvailable:    2824584 kB
Buffers:            5504 kB
Cached:          1695796 kB
SwapCached:            0 kB
Active:          1315152 kB
Inactive:        1483240 kB
Active(anon):    1103652 kB
Inactive(anon):    18476 kB
Active(file):     211500 kB
Inactive(file):  1464764 kB
Unevictable:        5632 kB
Mlocked:            5632 kB
SwapTotal:       3670008 kB
SwapFree:        3670008 kB
Dirty:               180 kB
Writeback:             0 kB
AnonPages:       1102648 kB
Mapped:           813936 kB
Shmem:             20444 kB
KReclaimable:     561512 kB
Slab:             226268 kB
SReclaimable:      70108 kB
SUnreclaim:       156160 kB
KernelStack:       45888 kB
PageTables:        60208 kB
NFS_Unstable:          0 kB
Bounce:                0 kB
WritebackTmp:          0 kB
CommitLimit:     6660208 kB
Committed_AS:   71223600 kB
VmallocTotal:   263061440 kB
VmallocUsed:       86272 kB
VmallocChunk:          0 kB
Percpu:             7648 kB
CmaTotal:         315392 kB
CmaFree:               0 kB
MemTotal:        5980404 kB
MemFree:         1157680 kB
MemAvailable:    2833056 kB
Buffers:            5504 kB
Cached:          1695808 kB
SwapCached:            0 kB
Active:          1305008 kB
Inactive:        1483152 kB
Active(anon):    1093408 kB
Inactive(anon):    18488 kB
Active(file):     211600 kB
Inactive(file):  1464664 kB
Unevictable:        5632 kB
Mlocked:            5632 kB
SwapTotal:       3670008 kB
SwapFree:        3670008 kB
Dirty:               244 kB
Writeback:             0 kB
AnonPages:       1092368 kB
Mapped:           814200 kB
Shmem:             20456 kB
KReclaimable:     561544 kB
Slab:             226164 kB
SReclaimable:      70140 kB
SUnreclaim:       156024 kB
KernelStack:       45984 kB
PageTables:        60252 kB
NFS_Unstable:          0 kB
Bounce:                0 kB
WritebackTmp:          0 kB
CommitLimit:     6660208 kB
Committed_AS:   71223684 kB
VmallocTotal:   263061440 kB
VmallocUsed:       86432 kB
VmallocChunk:          0 kB
Percpu:             7648 kB
CmaTotal:         315392 kB
CmaFree:            1244 kB
MemTotal:        5980404 kB
MemFree:         1158800 kB
MemAvailable:    2834152 kB
Buffers:            5504 kB
Cached:          1695816 kB
SwapCached:            0 kB
Active:          1305732 kB
Inactive:        1483156 kB
Active(anon):    1094128 kB
Inactive(anon):    18488 kB
Active(file):     211604 kB
Inactive(file):  1464668 kB
Unevictable:        5632 kB
Mlocked:            5632 kB
SwapTotal:       3670008 kB
SwapFree:        3670008 kB
Dirty:               248 kB
Writeback:             0 kB
AnonPages:       1093012 kB
Mapped:           814096 kB
Shmem:             20456 kB
KReclaimable:     561512 kB
Slab:             226124 kB
SReclaimable:      70108 kB
SUnreclaim:       156016 kB
KernelStack:       46000 kB
PageTables:        60212 kB
NFS_Unstable:          0 kB
Bounce:                0 kB
WritebackTmp:          0 kB
CommitLimit:     6660208 kB
Committed_AS:   71222332 kB
VmallocTotal:   263061440 kB
VmallocUsed:       86368 kB
VmallocChunk:          0 kB
Percpu:             7648 kB
CmaTotal:         315392 kB
CmaFree:               0 kB
MemTotal:        5980404 kB
MemFree:         1158588 kB
MemAvailable:    2833932 kB
Buffers:            5504 kB
Cached:          1695808 kB
SwapCached:            0 kB
Active:          1305412 kB
Inactive:        1483152 kB
Active(anon):    1093812 kB
Inactive(anon):    18488 kB
Active(file):     211600 kB
Inactive(file):  1464664 kB
Unevictable:        5632 kB
Mlocked:            5632 kB
SwapTotal:       3670008 kB
SwapFree:        3670008 kB
Dirty:               244 kB
Writeback:             0 kB
AnonPages:       1092848 kB
Mapped:           814212 kB
Shmem:             20456 kB
KReclaimable:     561512 kB
Slab:             226140 kB
SReclaimable:      70108 kB
SUnreclaim:       156032 kB
KernelStack:       45984 kB
PageTables:        60348 kB
NFS_Unstable:          0 kB
Bounce:                0 kB
WritebackTmp:          0 kB
CommitLimit:     6660208 kB
Committed_AS:   71221828 kB
VmallocTotal:   263061440 kB
VmallocUsed:       86336 kB
VmallocChunk:          0 kB
Percpu:             7648 kB
CmaTotal:         315392 kB
CmaFree:               0 kB
MemTotal:        5980404 kB
MemFree:         1158244 kB
MemAvailable:    2833692 kB
Buffers:            5504 kB
Cached:          1695916 kB
SwapCached:            0 kB
Active:          1306568 kB
Inactive:        1483260 kB
Active(anon):    1094968 kB
Inactive(anon):    18492 kB
Active(file):     211600 kB
Inactive(file):  1464768 kB
Unevictable:        5632 kB
Mlocked:            5632 kB
SwapTotal:       3670008 kB
SwapFree:        3670008 kB
Dirty:               348 kB
Writeback:             0 kB
AnonPages:       1094004 kB
Mapped:           813976 kB
Shmem:             20460 kB
KReclaimable:     561512 kB
Slab:             226140 kB
SReclaimable:      70108 kB
SUnreclaim:       156032 kB
KernelStack:       45952 kB
PageTables:        60392 kB
NFS_Unstable:          0 kB
Bounce:                0 kB
WritebackTmp:          0 kB
CommitLimit:     6660208 kB
Committed_AS:   71227756 kB
VmallocTotal:   263061440 kB
VmallocUsed:       86320 kB
VmallocChunk:          0 kB
Percpu:             7648 kB
CmaTotal:         315392 kB
CmaFree:               0 kB
MemTotal:        5980404 kB
MemFree:         1158128 kB
MemAvailable:    2833592 kB
Buffers:            5504 kB
Cached:          1695916 kB
SwapCached:            0 kB
Active:          1307600 kB
Inactive:        1483260 kB
Active(anon):    1096000 kB
Inactive(anon):    18492 kB
Active(file):     211600 kB
Inactive(file):  1464768 kB
Unevictable:        5632 kB
Mlocked:            5632 kB
SwapTotal:       3670008 kB
SwapFree:        3670008 kB
Dirty:               348 kB
Writeback:             0 kB
AnonPages:       1095064 kB
Mapped:           814040 kB
Shmem:             20460 kB
KReclaimable:     561528 kB
Slab:             226180 kB
SReclaimable:      70124 kB
SUnreclaim:       156056 kB
KernelStack:       45984 kB
PageTables:        60292 kB
NFS_Unstable:          0 kB
Bounce:                0 kB
WritebackTmp:          0 kB
CommitLimit:     6660208 kB
Committed_AS:   71221732 kB
VmallocTotal:   263061440 kB
VmallocUsed:       86336 kB
VmallocChunk:          0 kB
Percpu:             7648 kB
CmaTotal:         315392 kB
CmaFree:               0 kB
MemTotal:        5980404 kB
MemFree:         1156584 kB
MemAvailable:    2832052 kB
Buffers:            5504 kB
Cached:          1695920 kB
SwapCached:            0 kB
Active:          1307812 kB
Inactive:        1483264 kB
Active(anon):    1096212 kB
Inactive(anon):    18492 kB
Active(file):     211600 kB
Inactive(file):  1464772 kB
Unevictable:        5632 kB
Mlocked:            5632 kB
SwapTotal:       3670008 kB
SwapFree:        3670008 kB
Dirty:               352 kB
Writeback:             0 kB
AnonPages:       1095512 kB
Mapped:           814040 kB
Shmem:             20460 kB
KReclaimable:     561528 kB
Slab:             226196 kB
SReclaimable:      70124 kB
SUnreclaim:       156072 kB
KernelStack:       45984 kB
PageTables:        60296 kB
NFS_Unstable:          0 kB
Bounce:                0 kB
WritebackTmp:          0 kB
CommitLimit:     6660208 kB
Committed_AS:   71223744 kB
VmallocTotal:   263061440 kB
VmallocUsed:       86336 kB
VmallocChunk:          0 kB
Percpu:             7648 kB
CmaTotal:         315392 kB
CmaFree:               0 kB
MemTotal:        5980404 kB
MemFree:         1155612 kB
MemAvailable:    2831080 kB
Buffers:            5504 kB
Cached:          1695920 kB
SwapCached:            0 kB
Active:          1308748 kB
Inactive:        1483260 kB
Active(anon):    1097144 kB
Inactive(anon):    18492 kB
Active(file):     211604 kB
Inactive(file):  1464768 kB
Unevictable:        5632 kB
Mlocked:            5632 kB
SwapTotal:       3670008 kB
SwapFree:        3670008 kB
Dirty:               352 kB
Writeback:             0 kB
AnonPages:       1096260 kB
Mapped:           814204 kB
Shmem:             20460 kB
KReclaimable:     561528 kB
Slab:             226172 kB
SReclaimable:      70124 kB
SUnreclaim:       156048 kB
KernelStack:       45936 kB
PageTables:        60280 kB
NFS_Unstable:          0 kB
Bounce:                0 kB
WritebackTmp:          0 kB
CommitLimit:     6660208 kB
Committed_AS:   71224612 kB
VmallocTotal:   263061440 kB
VmallocUsed:       86352 kB
VmallocChunk:          0 kB
Percpu:             7648 kB
CmaTotal:         315392 kB
CmaFree:               0 kB
MemTotal:        5980404 kB
MemFree:         1155804 kB
MemAvailable:    2831292 kB
Buffers:            5504 kB
Cached:          1695956 kB
SwapCached:            0 kB
Active:          1309216 kB
Inactive:        1483292 kB
Active(anon):    1097608 kB
Inactive(anon):    18492 kB
Active(file):     211608 kB
Inactive(file):  1464800 kB
Unevictable:        5632 kB
Mlocked:            5632 kB
SwapTotal:       3670008 kB
SwapFree:        3670008 kB
Dirty:               360 kB
Writeback:             0 kB
AnonPages:       1096816 kB
Mapped:           814204 kB
Shmem:             20460 kB
KReclaimable:     561512 kB
Slab:             226148 kB
SReclaimable:      70108 kB
SUnreclaim:       156040 kB
KernelStack:       45936 kB
PageTables:        60484 kB
NFS_Unstable:          0 kB
Bounce:                0 kB
WritebackTmp:          0 kB
CommitLimit:     6660208 kB
Committed_AS:   71222320 kB
VmallocTotal:   263061440 kB
VmallocUsed:       86352 kB
VmallocChunk:          0 kB
Percpu:             7648 kB
CmaTotal:         315392 kB
CmaFree:               0 kB
MemTotal:        5980404 kB
MemFree:         1154760 kB
MemAvailable:    2830236 kB
Buffers:            5508 kB
Cached:          1695944 kB
SwapCached:            0 kB
Active:          1310464 kB
Inactive:        1483284 kB
Active(anon):    1098856 kB
Inactive(anon):    18496 kB
Active(file):     211608 kB
Inactive(file):  1464788 kB
Unevictable:        5632 kB
Mlocked:            5632 kB
SwapTotal:       3670008 kB
SwapFree:        3670008 kB
Dirty:               368 kB
Writeback:             0 kB
AnonPages:       1098124 kB
Mapped:           814044 kB
Shmem:             20464 kB
KReclaimable:     561512 kB
Slab:             226156 kB
SReclaimable:      70108 kB
SUnreclaim:       156048 kB
KernelStack:       46000 kB
PageTables:        60168 kB
NFS_Unstable:          0 kB
Bounce:                0 kB
WritebackTmp:          0 kB
CommitLimit:     6660208 kB
Committed_AS:   71223336 kB
VmallocTotal:   263061440 kB
VmallocUsed:       86368 kB
VmallocChunk:          0 kB
Percpu:             7648 kB
CmaTotal:         315392 kB
CmaFree:               0 kB
MemTotal:        5980404 kB
MemFree:         1154308 kB
MemAvailable:    2829816 kB
Buffers:            5508 kB
Cached:          1695944 kB
SwapCached:            0 kB
Active:          1310832 kB
Inactive:        1483284 kB
Active(anon):    1099224 kB
Inactive(anon):    18496 kB
Active(file):     211608 kB
Inactive(file):  1464788 kB
Unevictable:        5632 kB
Mlocked:            5632 kB
SwapTotal:       3670008 kB
SwapFree:        3670008 kB
Dirty:               372 kB
Writeback:             0 kB
AnonPages:       1098440 kB
Mapped:           814020 kB
Shmem:             20464 kB
KReclaimable:     561544 kB
Slab:             226140 kB
SReclaimable:      70140 kB
SUnreclaim:       156000 kB
KernelStack:       45936 kB
PageTables:        60164 kB
NFS_Unstable:          0 kB
Bounce:                0 kB
WritebackTmp:          0 kB
CommitLimit:     6660208 kB
Committed_AS:   71222360 kB
VmallocTotal:   263061440 kB
VmallocUsed:       86352 kB
VmallocChunk:          0 kB
Percpu:             7648 kB
CmaTotal:         315392 kB
CmaFree:               0 kB
MemTotal:        5980404 kB
MemFree:         1153920 kB
MemAvailable:    2829428 kB
Buffers:            5508 kB
Cached:          1695944 kB
SwapCached:            0 kB
Active:          1311252 kB
Inactive:        1483284 kB
Active(anon):    1099644 kB
Inactive(anon):    18496 kB
Active(file):     211608 kB
Inactive(file):  1464788 kB
Unevictable:        5632 kB
Mlocked:            5632 kB
SwapTotal:       3670008 kB
SwapFree:        3670008 kB
Dirty:               372 kB
Writeback:             0 kB
AnonPages:       1098760 kB
Mapped:           814208 kB
Shmem:             20464 kB
KReclaimable:     561544 kB
Slab:             226164 kB
SReclaimable:      70140 kB
SUnreclaim:       156024 kB
KernelStack:       45952 kB
PageTables:        60264 kB
NFS_Unstable:          0 kB
Bounce:                0 kB
WritebackTmp:          0 kB
CommitLimit:     6660208 kB
Committed_AS:   71221100 kB
VmallocTotal:   263061440 kB
VmallocUsed:       86368 kB
VmallocChunk:          0 kB
Percpu:             7648 kB
CmaTotal:         315392 kB
CmaFree:               0 kB
MemTotal:        5980404 kB
MemFree:         1152864 kB
MemAvailable:    2828372 kB
Buffers:            5508 kB
Cached:          1695944 kB
SwapCached:            0 kB
Active:          1312148 kB
Inactive:        1483284 kB
Active(anon):    1100540 kB
Inactive(anon):    18496 kB
Active(file):     211608 kB
Inactive(file):  1464788 kB
Unevictable:        5632 kB
Mlocked:            5632 kB
SwapTotal:       3670008 kB
SwapFree:        3670008 kB
Dirty:               372 kB
Writeback:             0 kB
AnonPages:       1099564 kB
Mapped:           814168 kB
Shmem:             20464 kB
KReclaimable:     561544 kB
Slab:             226180 kB
SReclaimable:      70140 kB
SUnreclaim:       156040 kB
KernelStack:       45952 kB
PageTables:        60304 kB
NFS_Unstable:          0 kB
Bounce:                0 kB
WritebackTmp:          0 kB
CommitLimit:     6660208 kB
Committed_AS:   71222132 kB
VmallocTotal:   263061440 kB
VmallocUsed:       86368 kB
VmallocChunk:          0 kB
Percpu:             7648 kB
CmaTotal:         315392 kB
CmaFree:               0 kB
MemTotal:        5980404 kB
MemFree:         1152500 kB
MemAvailable:    2827992 kB
Buffers:            5508 kB
Cached:          1695944 kB
SwapCached:            0 kB
Active:          1312864 kB
Inactive:        1483284 kB
Active(anon):    1101256 kB
Inactive(anon):    18496 kB
Active(file):     211608 kB
Inactive(file):  1464788 kB
Unevictable:        5632 kB
Mlocked:            5632 kB
SwapTotal:       3670008 kB
SwapFree:        3670008 kB
Dirty:               372 kB
Writeback:             0 kB
AnonPages:       1100192 kB
Mapped:           813980 kB
Shmem:             20464 kB
KReclaimable:     561528 kB
Slab:             226116 kB
SReclaimable:      70124 kB
SUnreclaim:       155992 kB
KernelStack:       45968 kB
PageTables:        60332 kB
NFS_Unstable:          0 kB
Bounce:                0 kB
WritebackTmp:          0 kB
CommitLimit:     6660208 kB
Committed_AS:   71223040 kB
VmallocTotal:   263061440 kB
VmallocUsed:       86320 kB
VmallocChunk:          0 kB
Percpu:             7648 kB
CmaTotal:         315392 kB
CmaFree:              44 kB
MemTotal:        5980404 kB
MemFree:         1151792 kB
MemAvailable:    2827388 kB
Buffers:            5508 kB
Cached:          1696048 kB
SwapCached:            0 kB
Active:          1313828 kB
Inactive:        1483388 kB
Active(anon):    1102220 kB
Inactive(anon):    18496 kB
Active(file):     211608 kB
Inactive(file):  1464892 kB
Unevictable:        5632 kB
Mlocked:            5632 kB
SwapTotal:       3670008 kB
SwapFree:        3670008 kB
Dirty:               344 kB
Writeback:             0 kB
AnonPages:       1101436 kB
Mapped:           813916 kB
Shmem:             20464 kB
KReclaimable:     561528 kB
Slab:             226196 kB
SReclaimable:      70124 kB
SUnreclaim:       156072 kB
KernelStack:       45984 kB
PageTables:        60396 kB
NFS_Unstable:          0 kB
Bounce:                0 kB
WritebackTmp:          0 kB
CommitLimit:     6660208 kB
Committed_AS:   71217020 kB
VmallocTotal:   263061440 kB
VmallocUsed:       86320 kB
VmallocChunk:          0 kB
Percpu:             7648 kB
CmaTotal:         315392 kB
CmaFree:               0 kB
MemTotal:        5980404 kB
MemFree:         1164476 kB
MemAvailable:    2840088 kB
Buffers:            5512 kB
Cached:          1696060 kB
SwapCached:            0 kB
Active:          1299288 kB
Inactive:        1483392 kB
Active(anon):    1087668 kB
Inactive(anon):    18496 kB
Active(file):     211620 kB
Inactive(file):  1464896 kB
Unevictable:        5632 kB
Mlocked:            5632 kB
SwapTotal:       3670008 kB
SwapFree:        3670008 kB
Dirty:               200 kB
Writeback:             0 kB
AnonPages:       1086704 kB
Mapped:           814044 kB
Shmem:             20464 kB
KReclaimable:     561528 kB
Slab:             226180 kB
SReclaimable:      70124 kB
SUnreclaim:       156056 kB
KernelStack:       45984 kB
PageTables:        60316 kB
NFS_Unstable:          0 kB
Bounce:                0 kB
WritebackTmp:          0 kB
CommitLimit:     6660208 kB
Committed_AS:   71225148 kB
VmallocTotal:   263061440 kB
VmallocUsed:       86336 kB
VmallocChunk:          0 kB
Percpu:             7648 kB
CmaTotal:         315392 kB
CmaFree:             696 kB
MemTotal:        5980404 kB
MemFree:         1164464 kB
MemAvailable:    2840064 kB
Buffers:            5512 kB
Cached:          1696064 kB
SwapCached:            0 kB
Active:          1299292 kB
Inactive:        1483392 kB
Active(anon):    1087668 kB
Inactive(anon):    18496 kB
Active(file):     211624 kB
Inactive(file):  1464896 kB
Unevictable:        5632 kB
Mlocked:            5632 kB
SwapTotal:       3670008 kB
SwapFree:        3670008 kB
Dirty:               244 kB
Writeback:             0 kB
AnonPages:       1087040 kB
Mapped:           813912 kB
Shmem:             20464 kB
KReclaimable:     561512 kB
Slab:             226140 kB
SReclaimable:      70108 kB
SUnreclaim:       156032 kB
KernelStack:       45952 kB
PageTables:        60516 kB
NFS_Unstable:          0 kB
Bounce:                0 kB
WritebackTmp:          0 kB
CommitLimit:     6660208 kB
Committed_AS:   71224188 kB
VmallocTotal:   263061440 kB
VmallocUsed:       86320 kB
VmallocChunk:          0 kB
Percpu:             7648 kB
CmaTotal:         315392 kB
CmaFree:               0 kB
MemTotal:        5980404 kB
MemFree:         1165120 kB
MemAvailable:    2840736 kB
Buffers:            5512 kB
Cached:          1696064 kB
SwapCached:            0 kB
Active:          1299972 kB
Inactive:        1483392 kB
Active(anon):    1088348 kB
Inactive(anon):    18496 kB
Active(file):     211624 kB
Inactive(file):  1464896 kB
Unevictable:        5632 kB
Mlocked:            5632 kB
SwapTotal:       3670008 kB
SwapFree:        3670008 kB
Dirty:               244 kB
Writeback:             0 kB
AnonPages:       1087504 kB
Mapped:           814100 kB
Shmem:             20464 kB
KReclaimable:     561528 kB
Slab:             226124 kB
SReclaimable:      70124 kB
SUnreclaim:       156000 kB
KernelStack:       45920 kB
PageTables:        60316 kB
NFS_Unstable:          0 kB
Bounce:                0 kB
WritebackTmp:          0 kB
CommitLimit:     6660208 kB
Committed_AS:   71225684 kB
VmallocTotal:   263061440 kB
VmallocUsed:       86256 kB
VmallocChunk:          0 kB
Percpu:             7648 kB
CmaTotal:         315392 kB
CmaFree:              96 kB
MemTotal:        5980404 kB
MemFree:         1163524 kB
MemAvailable:    2839124 kB
Buffers:            5512 kB
Cached:          1696064 kB
SwapCached:            0 kB
Active:          1300768 kB
Inactive:        1483392 kB
Active(anon):    1089144 kB
Inactive(anon):    18496 kB
Active(file):     211624 kB
Inactive(file):  1464896 kB
Unevictable:        5632 kB
Mlocked:            5632 kB
SwapTotal:       3670008 kB
SwapFree:        3670008 kB
Dirty:               244 kB
Writeback:             0 kB
AnonPages:       1088112 kB
Mapped:           814020 kB
Shmem:             20464 kB
KReclaimable:     561512 kB
Slab:             226116 kB
SReclaimable:      70108 kB
SUnreclaim:       156008 kB
KernelStack:       45936 kB
PageTables:        60448 kB
NFS_Unstable:          0 kB
Bounce:                0 kB
WritebackTmp:          0 kB
CommitLimit:     6660208 kB
Committed_AS:   71222024 kB
VmallocTotal:   263061440 kB
VmallocUsed:       86240 kB
VmallocChunk:          0 kB
Percpu:             7648 kB
CmaTotal:         315392 kB
CmaFree:               0 kB
MemTotal:        5980404 kB
MemFree:         1163300 kB
MemAvailable:    2838900 kB
Buffers:            5512 kB
Cached:          1696068 kB
SwapCached:            0 kB
Active:          1301640 kB
Inactive:        1483396 kB
Active(anon):    1090016 kB
Inactive(anon):    18500 kB
Active(file):     211624 kB
Inactive(file):  1464896 kB
Unevictable:        5632 kB
Mlocked:            5632 kB
SwapTotal:       3670008 kB
SwapFree:        3670008 kB
Dirty:               248 kB
Writeback:             0 kB
AnonPages:       1088824 kB
Mapped:           814172 kB
Shmem:             20468 kB
KReclaimable:     561512 kB
Slab:             226132 kB
SReclaimable:      70108 kB
SUnreclaim:       156024 kB
KernelStack:       45888 kB
PageTables:        60392 kB
NFS_Unstable:          0 kB
Bounce:                0 kB
WritebackTmp:          0 kB
CommitLimit:     6660208 kB
Committed_AS:   71225000 kB
VmallocTotal:   263061440 kB
VmallocUsed:       86272 kB
VmallocChunk:          0 kB
Percpu:             7648 kB
CmaTotal:         315392 kB
CmaFree:              16 kB
MemTotal:        5980404 kB
MemFree:         1162164 kB
MemAvailable:    2837792 kB
Buffers:            5512 kB
Cached:          1696096 kB
SwapCached:            0 kB
Active:          1302284 kB
Inactive:        1483424 kB
Active(anon):    1090660 kB
Inactive(anon):    18500 kB
Active(file):     211624 kB
Inactive(file):  1464924 kB
Unevictable:        5632 kB
Mlocked:            5632 kB
SwapTotal:       3670008 kB
SwapFree:        3670008 kB
Dirty:               248 kB
Writeback:             0 kB
AnonPages:       1089728 kB
Mapped:           814232 kB
Shmem:             20468 kB
KReclaimable:     561512 kB
Slab:             226172 kB
SReclaimable:      70108 kB
SUnreclaim:       156064 kB
KernelStack:       45968 kB
PageTables:        60304 kB
NFS_Unstable:          0 kB
Bounce:                0 kB
WritebackTmp:          0 kB
CommitLimit:     6660208 kB
Committed_AS:   71221064 kB
VmallocTotal:   263061440 kB
VmallocUsed:       86368 kB
VmallocChunk:          0 kB
Percpu:             7648 kB
CmaTotal:         315392 kB
CmaFree:               0 kB
MemTotal:        5980404 kB
MemFree:         1161944 kB
MemAvailable:    2837544 kB
Buffers:            5512 kB
Cached:          1696068 kB
SwapCached:            0 kB
Active:          1303068 kB
Inactive:        1483396 kB
Active(anon):    1091444 kB
Inactive(anon):    18500 kB
Active(file):     211624 kB
Inactive(file):  1464896 kB
Unevictable:        5632 kB
Mlocked:            5632 kB
SwapTotal:       3670008 kB
SwapFree:        3670008 kB
Dirty:               248 kB
Writeback:             0 kB
AnonPages:       1090424 kB
Mapped:           814236 kB
Shmem:             20468 kB
KReclaimable:     561512 kB
Slab:             226100 kB
SReclaimable:      70108 kB
SUnreclaim:       155992 kB
KernelStack:       45920 kB
PageTables:        60324 kB
NFS_Unstable:          0 kB
Bounce:                0 kB
WritebackTmp:          0 kB
CommitLimit:     6660208 kB
Committed_AS:   71224216 kB
VmallocTotal:   263061440 kB
VmallocUsed:       86304 kB
VmallocChunk:          0 kB
Percpu:             7648 kB
CmaTotal:         315392 kB
CmaFree:               0 kB
MemTotal:        5980404 kB
MemFree:         1164432 kB
MemAvailable:    2840032 kB
Buffers:            5512 kB
Cached:          1696068 kB
SwapCached:            0 kB
Active:          1300008 kB
Inactive:        1483396 kB
Active(anon):    1088384 kB
Inactive(anon):    18500 kB
Active(file):     211624 kB
Inactive(file):  1464896 kB
Unevictable:        5632 kB
Mlocked:            5632 kB
SwapTotal:       3670008 kB
SwapFree:        3670008 kB
Dirty:               248 kB
Writeback:             0 kB
AnonPages:       1087220 kB
Mapped:           814072 kB
Shmem:             20468 kB
KReclaimable:     561512 kB
Slab:             226148 kB
SReclaimable:      70108 kB
SUnreclaim:       156040 kB
KernelStack:       45920 kB
PageTables:        60288 kB
NFS_Unstable:          0 kB
Bounce:                0 kB
WritebackTmp:          0 kB
CommitLimit:     6660208 kB
Committed_AS:   71222552 kB
VmallocTotal:   263061440 kB
VmallocUsed:       86320 kB
VmallocChunk:          0 kB
Percpu:             7648 kB
CmaTotal:         315392 kB
CmaFree:              24 kB
MemTotal:        5980404 kB
MemFree:         1164000 kB
MemAvailable:    2839616 kB
Buffers:            5512 kB
Cached:          1696068 kB
SwapCached:            0 kB
Active:          1300260 kB
Inactive:        1483396 kB
Active(anon):    1088636 kB
Inactive(anon):    18500 kB
Active(file):     211624 kB
Inactive(file):  1464896 kB
Unevictable:        5632 kB
Mlocked:            5632 kB
SwapTotal:       3670008 kB
SwapFree:        3670008 kB
Dirty:               248 kB
Writeback:             0 kB
AnonPages:       1087548 kB
Mapped:           814200 kB
Shmem:             20468 kB
KReclaimable:     561528 kB
Slab:             226148 kB
SReclaimable:      70124 kB
SUnreclaim:       156024 kB
KernelStack:       45920 kB
PageTables:        60408 kB
NFS_Unstable:          0 kB
Bounce:                0 kB
WritebackTmp:          0 kB
CommitLimit:     6660208 kB
Committed_AS:   71220860 kB
VmallocTotal:   263061440 kB
VmallocUsed:       86304 kB
VmallocChunk:          0 kB
Percpu:             7648 kB
CmaTotal:         315392 kB
CmaFree:               0 kB
MemTotal:        5980404 kB
MemFree:         1163876 kB
MemAvailable:    2839496 kB
Buffers:            5512 kB
Cached:          1696072 kB
SwapCached:            0 kB
Active:          1300424 kB
Inactive:        1483400 kB
Active(anon):    1088800 kB
Inactive(anon):    18500 kB
Active(file):     211624 kB
Inactive(file):  1464900 kB
Unevictable:        5632 kB
Mlocked:            5632 kB
SwapTotal:       3670008 kB
SwapFree:        3670008 kB
Dirty:               120 kB
Writeback:             0 kB
AnonPages:       1088068 kB
Mapped:           814008 kB
Shmem:             20468 kB
KReclaimable:     561528 kB
Slab:             226188 kB
SReclaimable:      70124 kB
SUnreclaim:       156064 kB
KernelStack:       45952 kB
PageTables:        60180 kB
NFS_Unstable:          0 kB
Bounce:                0 kB
WritebackTmp:          0 kB
CommitLimit:     6660208 kB
Committed_AS:   71222076 kB
VmallocTotal:   263061440 kB
VmallocUsed:       86336 kB
VmallocChunk:          0 kB
Percpu:             7648 kB
CmaTotal:         315392 kB
CmaFree:               0 kB
MemTotal:        5980404 kB
MemFree:         1162352 kB
MemAvailable:    2837960 kB
Buffers:            5512 kB
Cached:          1696076 kB
SwapCached:            0 kB
Active:          1301440 kB
Inactive:        1483404 kB
Active(anon):    1089816 kB
Inactive(anon):    18500 kB
Active(file):     211624 kB
Inactive(file):  1464904 kB
Unevictable:        5632 kB
Mlocked:            5632 kB
SwapTotal:       3670008 kB
SwapFree:        3670008 kB
Dirty:               128 kB
Writeback:             0 kB
AnonPages:       1089032 kB
Mapped:           814236 kB
Shmem:             20468 kB
KReclaimable:     561512 kB
Slab:             226172 kB
SReclaimable:      70108 kB
SUnreclaim:       156064 kB
KernelStack:       45920 kB
PageTables:        60352 kB
NFS_Unstable:          0 kB
Bounce:                0 kB
WritebackTmp:          0 kB
CommitLimit:     6660208 kB
Committed_AS:   71221344 kB
VmallocTotal:   263061440 kB
VmallocUsed:       86304 kB
VmallocChunk:          0 kB
Percpu:             7648 kB
CmaTotal:         315392 kB
CmaFree:             128 kB
MemTotal:        5980404 kB
MemFree:         1161860 kB
MemAvailable:    2837484 kB
Buffers:            5512 kB
Cached:          1696076 kB
SwapCached:            0 kB
Active:          1302200 kB
Inactive:        1483404 kB
Active(anon):    1090576 kB
Inactive(anon):    18500 kB
Active(file):     211624 kB
Inactive(file):  1464904 kB
Unevictable:        5632 kB
Mlocked:            5632 kB
SwapTotal:       3670008 kB
SwapFree:        3670008 kB
Dirty:               128 kB
Writeback:             0 kB
AnonPages:       1089912 kB
Mapped:           814236 kB
Shmem:             20468 kB
KReclaimable:     561528 kB
Slab:             226132 kB
SReclaimable:      70124 kB
SUnreclaim:       156008 kB
KernelStack:       45920 kB
PageTables:        60508 kB
NFS_Unstable:          0 kB
Bounce:                0 kB
WritebackTmp:          0 kB
CommitLimit:     6660208 kB
Committed_AS:   71218328 kB
VmallocTotal:   263061440 kB
VmallocUsed:       86288 kB
VmallocChunk:          0 kB
Percpu:             7648 kB
CmaTotal:         315392 kB
CmaFree:               0 kB
MemTotal:        5980404 kB
MemFree:         1162932 kB
MemAvailable:    2838556 kB
Buffers:            5512 kB
Cached:          1696076 kB
SwapCached:            0 kB
Active:          1303380 kB
Inactive:        1483404 kB
Active(anon):    1091756 kB
Inactive(anon):    18500 kB
Active(file):     211624 kB
Inactive(file):  1464904 kB
Unevictable:        5632 kB
Mlocked:            5632 kB
SwapTotal:       3670008 kB
SwapFree:        3670008 kB
Dirty:               128 kB
Writeback:             0 kB
AnonPages:       1090152 kB
Mapped:           814068 kB
Shmem:             20468 kB
KReclaimable:     561528 kB
Slab:             226156 kB
SReclaimable:      70124 kB
SUnreclaim:       156032 kB
KernelStack:       45904 kB
PageTables:        60160 kB
NFS_Unstable:          0 kB
Bounce:                0 kB
WritebackTmp:          0 kB
CommitLimit:     6660208 kB
Committed_AS:   71211188 kB
VmallocTotal:   263061440 kB
VmallocUsed:       86240 kB
VmallocChunk:          0 kB
Percpu:             7648 kB
CmaTotal:         315392 kB
CmaFree:               0 kB
MemTotal:        5980404 kB
MemFree:         1161776 kB
MemAvailable:    2837376 kB
Buffers:            5512 kB
Cached:          1696080 kB
SwapCached:            0 kB
Active:          1303488 kB
Inactive:        1483412 kB
Active(anon):    1091868 kB
Inactive(anon):    18512 kB
Active(file):     211620 kB
Inactive(file):  1464900 kB
Unevictable:        5632 kB
Mlocked:            5632 kB
SwapTotal:       3670008 kB
SwapFree:        3670008 kB
Dirty:               120 kB
Writeback:             0 kB
AnonPages:       1091156 kB
Mapped:           814248 kB
Shmem:             20480 kB
KReclaimable:     561512 kB
Slab:             226124 kB
SReclaimable:      70108 kB
SUnreclaim:       156016 kB
KernelStack:       45888 kB
PageTables:        60260 kB
NFS_Unstable:          0 kB
Bounce:                0 kB
WritebackTmp:          0 kB
CommitLimit:     6660208 kB
Committed_AS:   71219592 kB
VmallocTotal:   263061440 kB
VmallocUsed:       86224 kB
VmallocChunk:          0 kB
Percpu:             7648 kB
CmaTotal:         315392 kB
CmaFree:               0 kB
MemTotal:        5980404 kB
MemFree:         1162048 kB
MemAvailable:    2837672 kB
Buffers:            5512 kB
Cached:          1696104 kB
SwapCached:            0 kB
Active:          1303676 kB
Inactive:        1483432 kB
Active(anon):    1092052 kB
Inactive(anon):    18528 kB
Active(file):     211624 kB
Inactive(file):  1464904 kB
Unevictable:        5632 kB
Mlocked:            5632 kB
SwapTotal:       3670008 kB
SwapFree:        3670008 kB
Dirty:               128 kB
Writeback:             0 kB
AnonPages:       1091192 kB
Mapped:           814280 kB
Shmem:             20496 kB
KReclaimable:     561528 kB
Slab:             226188 kB
SReclaimable:      70124 kB
SUnreclaim:       156064 kB
KernelStack:       45936 kB
PageTables:        60324 kB
NFS_Unstable:          0 kB
Bounce:                0 kB
WritebackTmp:          0 kB
CommitLimit:     6660208 kB
Committed_AS:   71218528 kB
VmallocTotal:   263061440 kB
VmallocUsed:       86256 kB
VmallocChunk:          0 kB
Percpu:             7648 kB
CmaTotal:         315392 kB
CmaFree:              84 kB
MemTotal:        5980404 kB
MemFree:         1161044 kB
MemAvailable:    2836668 kB
Buffers:            5512 kB
Cached:          1696104 kB
SwapCached:            0 kB
Active:          1304512 kB
Inactive:        1483432 kB
Active(anon):    1092888 kB
Inactive(anon):    18528 kB
Active(file):     211624 kB
Inactive(file):  1464904 kB
Unevictable:        5632 kB
Mlocked:            5632 kB
SwapTotal:       3670008 kB
SwapFree:        3670008 kB
Dirty:               156 kB
Writeback:             0 kB
AnonPages:       1092092 kB
Mapped:           814076 kB
Shmem:             20496 kB
KReclaimable:     561528 kB
Slab:             226220 kB
SReclaimable:      70124 kB
SUnreclaim:       156096 kB
KernelStack:       45920 kB
PageTables:        60312 kB
NFS_Unstable:          0 kB
Bounce:                0 kB
WritebackTmp:          0 kB
CommitLimit:     6660208 kB
Committed_AS:   71223204 kB
VmallocTotal:   263061440 kB
VmallocUsed:       86272 kB
