MemTotal:       12113132 kB
MemFree:         6353056 kB
MemAvailable:    7840288 kB
Buffers:            6252 kB
Cached:          1830492 kB
SwapCached:            0 kB
Active:          1522192 kB
Inactive:        1583024 kB
Active(anon):    1274892 kB
Inactive(anon):    26232 kB
Active(file):     247300 kB
Inactive(file):  1556792 kB
Unevictable:        5532 kB
Mlocked:            5532 kB
SwapTotal:       3145724 kB
SwapFree:        3145724 kB
Dirty:               372 kB
Writeback:             0 kB
AnonPages:       1274132 kB
Mapped:           858552 kB
Shmem:             28172 kB
KReclaimable:     551844 kB
Slab:             221432 kB
SReclaimable:      76348 kB
SUnreclaim:       145084 kB
KernelStack:       46484 kB
PageTables:        62816 kB
NFS_Unstable:          0 kB
Bounce:                0 kB
WritebackTmp:          0 kB
CommitLimit:     9202288 kB
Committed_AS:   65846384 kB
VmallocTotal:   263061440 kB
VmallocUsed:      103536 kB
VmallocChunk:          0 kB
Percpu:             7648 kB
CmaTotal:         294912 kB
CmaFree:               0 kB
MemTotal:       12113132 kB
MemFree:         6354060 kB
MemAvailable:    7841360 kB
Buffers:            6252 kB
Cached:          1830560 kB
SwapCached:            0 kB
Active:          1522648 kB
Inactive:        1583060 kB
Active(anon):    1275316 kB
Inactive(anon):    26232 kB
Active(file):     247332 kB
Inactive(file):  1556828 kB
Unevictable:        5532 kB
Mlocked:            5532 kB
SwapTotal:       3145724 kB
SwapFree:        3145724 kB
Dirty:               452 kB
Writeback:             0 kB
AnonPages:       1274200 kB
Mapped:           858548 kB
Shmem:             28172 kB
KReclaimable:     551844 kB
Slab:             221424 kB
SReclaimable:      76348 kB
SUnreclaim:       145076 kB
KernelStack:       46464 kB
PageTables:        62920 kB
NFS_Unstable:          0 kB
Bounce:                0 kB
WritebackTmp:          0 kB
CommitLimit:     9202288 kB
Committed_AS:   65842232 kB
VmallocTotal:   263061440 kB
VmallocUsed:      103568 kB
VmallocChunk:          0 kB
Percpu:             7648 kB
CmaTotal:         294912 kB
CmaFree:               0 kB
MemTotal:       12113132 kB
MemFree:         6352408 kB
MemAvailable:    7839712 kB
Buffers:            6252 kB
Cached:          1830564 kB
SwapCached:            0 kB
Active:          1523360 kB
Inactive:        1583060 kB
Active(anon):    1276024 kB
Inactive(anon):    26232 kB
Active(file):     247336 kB
Inactive(file):  1556828 kB
Unevictable:        5532 kB
Mlocked:            5532 kB
SwapTotal:       3145724 kB
SwapFree:        3145724 kB
Dirty:               472 kB
Writeback:             0 kB
AnonPages:       1275312 kB
Mapped:           858544 kB
Shmem:             28172 kB
KReclaimable:     551844 kB
Slab:             221432 kB
SReclaimable:      76348 kB
SUnreclaim:       145084 kB
KernelStack:       46516 kB
PageTables:        62800 kB
NFS_Unstable:          0 kB
Bounce:                0 kB
WritebackTmp:          0 kB
CommitLimit:     9202288 kB
Committed_AS:   65843944 kB
VmallocTotal:   263061440 kB
VmallocUsed:      103648 kB
VmallocChunk:          0 kB
Percpu:             7648 kB
CmaTotal:         294912 kB
CmaFree:               0 kB
MemTotal:       12113132 kB
MemFree:         6353104 kB
MemAvailable:    7840420 kB
Buffers:            6252 kB
Cached:          1830576 kB
SwapCached:            0 kB
Active:          1523984 kB
Inactive:        1583072 kB
Active(anon):    1276648 kB
Inactive(anon):    26232 kB
Active(file):     247336 kB
Inactive(file):  1556840 kB
Unevictable:        5532 kB
Mlocked:            5532 kB
SwapTotal:       3145724 kB
SwapFree:        3145724 kB
Dirty:               484 kB
Writeback:             0 kB
AnonPages:       1275628 kB
Mapped:           858564 kB
Shmem:             28172 kB
KReclaimable:     551844 kB
Slab:             221432 kB
SReclaimable:      76348 kB
SUnreclaim:       145084 kB
KernelStack:       46512 kB
PageTables:        62764 kB
NFS_Unstable:          0 kB
Bounce:                0 kB
WritebackTmp:          0 kB
CommitLimit:     9202288 kB
Committed_AS:   65837760 kB
VmallocTotal:   263061440 kB
VmallocUsed:      103616 kB
VmallocChunk:          0 kB
Percpu:             7648 kB
CmaTotal:         294912 kB
CmaFree:               0 kB
MemTotal:       12113132 kB
MemFree:         6351936 kB
MemAvailable:    7839268 kB
Buffers:            6252 kB
Cached:          1830592 kB
SwapCached:            0 kB
Active:          1524004 kB
Inactive:        1583088 kB
Active(anon):    1276668 kB
Inactive(anon):    26232 kB
Active(file):     247336 kB
Inactive(file):  1556856 kB
Unevictable:        5532 kB
Mlocked:            5532 kB
SwapTotal:       3145724 kB
SwapFree:        3145724 kB
Dirty:               500 kB
Writeback:             0 kB
AnonPages:       1275824 kB
Mapped:           858552 kB
Shmem:             28172 kB
KReclaimable:     551844 kB
Slab:             221432 kB
SReclaimable:      76348 kB
SUnreclaim:       145084 kB
KernelStack:       46496 kB
PageTables:        62800 kB
NFS_Unstable:          0 kB
Bounce:                0 kB
WritebackTmp:          0 kB
CommitLimit:     9202288 kB
Committed_AS:   65846988 kB
VmallocTotal:   263061440 kB
VmallocUsed:      103648 kB
VmallocChunk:          0 kB
Percpu:             7648 kB
CmaTotal:         294912 kB
CmaFree:              32 kB
MemTotal:       12113132 kB
MemFree:         6351476 kB
MemAvailable:    7838820 kB
Buffers:            6252 kB
Cached:          1830604 kB
SwapCached:            0 kB
Active:          1525064 kB
Inactive:        1583100 kB
Active(anon):    1277728 kB
Inactive(anon):    26232 kB
Active(file):     247336 kB
Inactive(file):  1556868 kB
Unevictable:        5532 kB
Mlocked:            5532 kB
SwapTotal:       3145724 kB
SwapFree:        3145724 kB
Dirty:               536 kB
Writeback:             0 kB
AnonPages:       1276460 kB
Mapped:           858548 kB
Shmem:             28172 kB
KReclaimable:     551844 kB
Slab:             221432 kB
SReclaimable:      76348 kB
SUnreclaim:       145084 kB
KernelStack:       46528 kB
PageTables:        62788 kB
NFS_Unstable:          0 kB
Bounce:                0 kB
WritebackTmp:          0 kB
CommitLimit:     9202288 kB
Committed_AS:   65852256 kB
VmallocTotal:   263061440 kB
VmallocUsed:      103680 kB
VmallocChunk:          0 kB
Percpu:             7648 kB
CmaTotal:         294912 kB
CmaFree:               0 kB
MemTotal:       12113132 kB
MemFree:         6350620 kB
MemAvailable:    7837976 kB
Buffers:            6260 kB
Cached:          1830636 kB
SwapCached:            0 kB
Active:          1525712 kB
Inactive:        1583132 kB
Active(anon):    1278368 kB
Inactive(anon):    26260 kB
Active(file):     247344 kB
Inactive(file):  1556872 kB
Unevictable:        5532 kB
Mlocked:            5532 kB
SwapTotal:       3145724 kB
SwapFree:        3145724 kB
Dirty:               540 kB
Writeback:             0 kB
AnonPages:       1277588 kB
Mapped:           858588 kB
Shmem:             28200 kB
KReclaimable:     551844 kB
Slab:             221432 kB
SReclaimable:      76348 kB
SUnreclaim:       145084 kB
KernelStack:       46560 kB
PageTables:        62856 kB
NFS_Unstable:          0 kB
Bounce:                0 kB
WritebackTmp:          0 kB
CommitLimit:     9202288 kB
Committed_AS:   65847404 kB
VmallocTotal:   263061440 kB
VmallocUsed:      103632 kB
VmallocChunk:          0 kB
Percpu:             7648 kB
CmaTotal:         294912 kB
CmaFree:               0 kB
MemTotal:       12113132 kB
MemFree:         6350320 kB
MemAvailable:    7837504 kB
Buffers:            6260 kB
Cached:          1830668 kB
SwapCached:            0 kB
Active:          1524816 kB
Inactive:        1583164 kB
Active(anon):    1277472 kB
Inactive(anon):    26260 kB
Active(file):     247344 kB
Inactive(file):  1556904 kB
Unevictable:        5532 kB
Mlocked:            5532 kB
SwapTotal:       3145724 kB
SwapFree:        3145724 kB
Dirty:               268 kB
Writeback:             0 kB
AnonPages:       1276940 kB
Mapped:           858580 kB
Shmem:             28200 kB
KReclaimable:     551640 kB
Slab:             221432 kB
SReclaimable:      76348 kB
SUnreclaim:       145084 kB
KernelStack:       46544 kB
PageTables:        62788 kB
NFS_Unstable:          0 kB
Bounce:                0 kB
WritebackTmp:          0 kB
CommitLimit:     9202288 kB
Committed_AS:   65851772 kB
VmallocTotal:   263061440 kB
VmallocUsed:      103680 kB
VmallocChunk:          0 kB
Percpu:             7648 kB
CmaTotal:         294912 kB
CmaFree:               0 kB
MemTotal:       12113132 kB
MemFree:         6351056 kB
MemAvailable:    7838260 kB
Buffers:            6260 kB
Cached:          1830688 kB
SwapCached:            0 kB
Active:          1524536 kB
Inactive:        1583184 kB
Active(anon):    1277192 kB
Inactive(anon):    26260 kB
Active(file):     247344 kB
Inactive(file):  1556924 kB
Unevictable:        5532 kB
Mlocked:            5532 kB
SwapTotal:       3145724 kB
SwapFree:        3145724 kB
Dirty:               284 kB
Writeback:             0 kB
AnonPages:       1276304 kB
Mapped:           858584 kB
Shmem:             28200 kB
KReclaimable:     551640 kB
Slab:             221432 kB
SReclaimable:      76348 kB
SUnreclaim:       145084 kB
KernelStack:       46544 kB
PageTables:        62924 kB
NFS_Unstable:          0 kB
Bounce:                0 kB
WritebackTmp:          0 kB
CommitLimit:     9202288 kB
Committed_AS:   65852480 kB
VmallocTotal:   263061440 kB
VmallocUsed:      103696 kB
VmallocChunk:          0 kB
Percpu:             7648 kB
CmaTotal:         294912 kB
CmaFree:               0 kB
MemTotal:       12113132 kB
MemFree:         6350420 kB
MemAvailable:    7837632 kB
Buffers:            6260 kB
Cached:          1830696 kB
SwapCached:            0 kB
Active:          1525284 kB
Inactive:        1583192 kB
Active(anon):    1277940 kB
Inactive(anon):    26260 kB
Active(file):     247344 kB
Inactive(file):  1556932 kB
Unevictable:        5532 kB
Mlocked:            5532 kB
SwapTotal:       3145724 kB
SwapFree:        3145724 kB
Dirty:               300 kB
Writeback:             0 kB
AnonPages:       1276904 kB
Mapped:           858700 kB
Shmem:             28200 kB
KReclaimable:     551640 kB
Slab:             221432 kB
SReclaimable:      76348 kB
SUnreclaim:       145084 kB
KernelStack:       46576 kB
PageTables:        62904 kB
NFS_Unstable:          0 kB
Bounce:                0 kB
WritebackTmp:          0 kB
CommitLimit:     9202288 kB
Committed_AS:   65841004 kB
VmallocTotal:   263061440 kB
VmallocUsed:      103680 kB
VmallocChunk:          0 kB
Percpu:             7648 kB
CmaTotal:         294912 kB
CmaFree:               0 kB
MemTotal:       12113132 kB
MemFree:         6351148 kB
MemAvailable:    7838376 kB
Buffers:            6260 kB
Cached:          1830712 kB
SwapCached:            0 kB
Active:          1525620 kB
Inactive:        1583208 kB
Active(anon):    1278276 kB
Inactive(anon):    26260 kB
Active(file):     247344 kB
Inactive(file):  1556948 kB
Unevictable:        5532 kB
Mlocked:            5532 kB
SwapTotal:       3145724 kB
SwapFree:        3145724 kB
Dirty:               316 kB
Writeback:             0 kB
AnonPages:       1277044 kB
Mapped:           858588 kB
Shmem:             28200 kB
KReclaimable:     551640 kB
Slab:             221432 kB
SReclaimable:      76348 kB
SUnreclaim:       145084 kB
KernelStack:       46608 kB
PageTables:        62836 kB
NFS_Unstable:          0 kB
Bounce:                0 kB
WritebackTmp:          0 kB
CommitLimit:     9202288 kB
Committed_AS:   65843200 kB
VmallocTotal:   263061440 kB
VmallocUsed:      103744 kB
VmallocChunk:          0 kB
Percpu:             7648 kB
CmaTotal:         294912 kB
CmaFree:              12 kB
MemTotal:       12113132 kB
MemFree:         6347804 kB
MemAvailable:    7835036 kB
Buffers:            6260 kB
Cached:          1830724 kB
SwapCached:            0 kB
Active:          1527488 kB
Inactive:        1583220 kB
Active(anon):    1280144 kB
Inactive(anon):    26268 kB
Active(file):     247344 kB
Inactive(file):  1556952 kB
Unevictable:        5532 kB
Mlocked:            5532 kB
SwapTotal:       3145724 kB
SwapFree:        3145724 kB
Dirty:               336 kB
Writeback:             0 kB
AnonPages:       1279140 kB
Mapped:           858464 kB
Shmem:             28208 kB
KReclaimable:     551640 kB
Slab:             221432 kB
SReclaimable:      76348 kB
SUnreclaim:       145084 kB
KernelStack:       46592 kB
PageTables:        62852 kB
NFS_Unstable:          0 kB
Bounce:                0 kB
WritebackTmp:          0 kB
CommitLimit:     9202288 kB
Committed_AS:   65852848 kB
VmallocTotal:   263061440 kB
VmallocUsed:      103744 kB
VmallocChunk:          0 kB
Percpu:             7648 kB
CmaTotal:         294912 kB
CmaFree:               0 kB
MemTotal:       12113132 kB
MemFree:         6347612 kB
MemAvailable:    7834836 kB
Buffers:            6260 kB
Cached:          1830764 kB
SwapCached:            0 kB
Active:          1528804 kB
Inactive:        1583264 kB
Active(anon):    1281464 kB
Inactive(anon):    26316 kB
Active(file):     247340 kB
Inactive(file):  1556948 kB
Unevictable:        5532 kB
Mlocked:            5532 kB
SwapTotal:       3145724 kB
SwapFree:        3145724 kB
Dirty:               356 kB
Writeback:             0 kB
AnonPages:       1280804 kB
Mapped:           858624 kB
Shmem:             28256 kB
KReclaimable:     551640 kB
Slab:             221440 kB
SReclaimable:      76348 kB
SUnreclaim:       145092 kB
KernelStack:       46624 kB
PageTables:        62728 kB
NFS_Unstable:          0 kB
Bounce:                0 kB
WritebackTmp:          0 kB
CommitLimit:     9202288 kB
Committed_AS:   65848816 kB
VmallocTotal:   263061440 kB
VmallocUsed:      103744 kB
VmallocChunk:          0 kB
Percpu:             7648 kB
CmaTotal:         294912 kB
CmaFree:               0 kB
MemTotal:       12113132 kB
MemFree:         6360460 kB
MemAvailable:    7847752 kB
Buffers:            6260 kB
Cached:          1830832 kB
SwapCached:            0 kB
Active:          1514520 kB
Inactive:        1583328 kB
Active(anon):    1267176 kB
Inactive(anon):    26316 kB
Active(file):     247344 kB
Inactive(file):  1557012 kB
Unevictable:        5532 kB
Mlocked:            5532 kB
SwapTotal:       3145724 kB
SwapFree:        3145724 kB
Dirty:               372 kB
Writeback:             0 kB
AnonPages:       1266216 kB
Mapped:           858636 kB
Shmem:             28256 kB
KReclaimable:     551640 kB
Slab:             221440 kB
SReclaimable:      76348 kB
SUnreclaim:       145092 kB
KernelStack:       46688 kB
PageTables:        63016 kB
NFS_Unstable:          0 kB
Bounce:                0 kB
WritebackTmp:          0 kB
CommitLimit:     9202288 kB
Committed_AS:   65851376 kB
VmallocTotal:   263061440 kB
VmallocUsed:      103760 kB
VmallocChunk:          0 kB
Percpu:             7648 kB
CmaTotal:         294912 kB
CmaFree:              48 kB
MemTotal:       12113132 kB
MemFree:         6361020 kB
MemAvailable:    7848324 kB
Buffers:            6260 kB
Cached:          1830844 kB
SwapCached:            0 kB
Active:          1513992 kB
Inactive:        1583340 kB
Active(anon):    1266648 kB
Inactive(anon):    26316 kB
Active(file):     247344 kB
Inactive(file):  1557024 kB
Unevictable:        5532 kB
Mlocked:            5532 kB
SwapTotal:       3145724 kB
SwapFree:        3145724 kB
Dirty:               396 kB
Writeback:             0 kB
AnonPages:       1265932 kB
Mapped:           858620 kB
Shmem:             28256 kB
KReclaimable:     551640 kB
Slab:             221432 kB
SReclaimable:      76348 kB
SUnreclaim:       145084 kB
KernelStack:       46640 kB
PageTables:        62804 kB
NFS_Unstable:          0 kB
Bounce:                0 kB
WritebackTmp:          0 kB
CommitLimit:     9202288 kB
Committed_AS:   65852288 kB
VmallocTotal:   263061440 kB
VmallocUsed:      103760 kB
VmallocChunk:          0 kB
Percpu:             7648 kB
CmaTotal:         294912 kB
CmaFree:              20 kB
MemTotal:       12113132 kB
MemFree:         6359712 kB
MemAvailable:    7847024 kB
Buffers:            6260 kB
Cached:          1830856 kB
SwapCached:            0 kB
Active:          1514104 kB
Inactive:        1583348 kB
Active(anon):    1266760 kB
Inactive(anon):    26316 kB
Active(file):     247344 kB
Inactive(file):  1557032 kB
Unevictable:        5532 kB
Mlocked:            5532 kB
SwapTotal:       3145724 kB
SwapFree:        3145724 kB
Dirty:               408 kB
Writeback:             0 kB
AnonPages:       1265760 kB
Mapped:           858648 kB
Shmem:             28256 kB
KReclaimable:     551640 kB
Slab:             221432 kB
SReclaimable:      76348 kB
SUnreclaim:       145084 kB
KernelStack:       46672 kB
PageTables:        62960 kB
NFS_Unstable:          0 kB
Bounce:                0 kB
WritebackTmp:          0 kB
CommitLimit:     9202288 kB
Committed_AS:   65853552 kB
VmallocTotal:   263061440 kB
VmallocUsed:      103760 kB
VmallocChunk:          0 kB
Percpu:             7648 kB
CmaTotal:         294912 kB
CmaFree:               0 kB
MemTotal:       12113132 kB
MemFree:         6360100 kB
MemAvailable:    7847436 kB
Buffers:            6260 kB
Cached:          1830876 kB
SwapCached:            0 kB
Active:          1516004 kB
Inactive:        1582988 kB
Active(anon):    1268276 kB
Inactive(anon):    26316 kB
Active(file):     247728 kB
Inactive(file):  1556672 kB
Unevictable:        5532 kB
Mlocked:            5532 kB
SwapTotal:       3145724 kB
SwapFree:        3145724 kB
Dirty:               452 kB
Writeback:             0 kB
AnonPages:       1267268 kB
Mapped:           858632 kB
Shmem:             28256 kB
KReclaimable:     551640 kB
Slab:             221432 kB
SReclaimable:      76348 kB
SUnreclaim:       145084 kB
KernelStack:       46704 kB
PageTables:        62904 kB
NFS_Unstable:          0 kB
Bounce:                0 kB
WritebackTmp:          0 kB
CommitLimit:     9202288 kB
Committed_AS:   65852028 kB
VmallocTotal:   263061440 kB
VmallocUsed:      103824 kB
VmallocChunk:          0 kB
Percpu:             7648 kB
CmaTotal:         294912 kB
CmaFree:               0 kB
MemTotal:       12113132 kB
MemFree:         6357616 kB
MemAvailable:    7844988 kB
Buffers:            6260 kB
Cached:          1830912 kB
SwapCached:            0 kB
Active:          1517260 kB
Inactive:        1583020 kB
Active(anon):    1269528 kB
Inactive(anon):    26316 kB
Active(file):     247732 kB
Inactive(file):  1556704 kB
Unevictable:        5532 kB
Mlocked:            5532 kB
SwapTotal:       3145724 kB
SwapFree:        3145724 kB
Dirty:               220 kB
Writeback:           260 kB
AnonPages:       1268400 kB
Mapped:           858652 kB
Shmem:             28256 kB
KReclaimable:     551640 kB
Slab:             221432 kB
SReclaimable:      76348 kB
SUnreclaim:       145084 kB
KernelStack:       46592 kB
PageTables:        62784 kB
NFS_Unstable:          0 kB
Bounce:                0 kB
WritebackTmp:          0 kB
CommitLimit:     9202288 kB
Committed_AS:   65852764 kB
VmallocTotal:   263061440 kB
VmallocUsed:      103760 kB
VmallocChunk:          0 kB
Percpu:             7648 kB
CmaTotal:         294912 kB
CmaFree:               0 kB
MemTotal:       12113132 kB
MemFree:         6358700 kB
MemAvailable:    7846052 kB
Buffers:            6260 kB
Cached:          1830892 kB
SwapCached:            0 kB
Active:          1517988 kB
Inactive:        1583004 kB
Active(anon):    1270260 kB
Inactive(anon):    26316 kB
Active(file):     247728 kB
Inactive(file):  1556688 kB
Unevictable:        5532 kB
Mlocked:            5532 kB
SwapTotal:       3145724 kB
SwapFree:        3145724 kB
Dirty:               232 kB
Writeback:             0 kB
AnonPages:       1269232 kB
Mapped:           858644 kB
Shmem:             28256 kB
KReclaimable:     551640 kB
Slab:             221432 kB
SReclaimable:      76348 kB
SUnreclaim:       145084 kB
KernelStack:       46672 kB
PageTables:        62824 kB
NFS_Unstable:          0 kB
Bounce:                0 kB
WritebackTmp:          0 kB
CommitLimit:     9202288 kB
Committed_AS:   65847796 kB
VmallocTotal:   263061440 kB
VmallocUsed:      103792 kB
VmallocChunk:          0 kB
Percpu:             7648 kB
CmaTotal:         294912 kB
CmaFree:               0 kB
MemTotal:       12113132 kB
MemFree:         6350252 kB
MemAvailable:    7837480 kB
Buffers:            6260 kB
Cached:          1830768 kB
SwapCached:            0 kB
Active:          1526400 kB
Inactive:        1582880 kB
Active(anon):    1278672 kB
Inactive(anon):    26316 kB
Active(file):     247728 kB
Inactive(file):  1556564 kB
Unevictable:        5532 kB
Mlocked:            5532 kB
SwapTotal:       3145724 kB
SwapFree:        3145724 kB
Dirty:               280 kB
Writeback:             0 kB
AnonPages:       1277668 kB
Mapped:           858628 kB
Shmem:             28256 kB
KReclaimable:     551640 kB
Slab:             221464 kB
SReclaimable:      76348 kB
SUnreclaim:       145116 kB
KernelStack:       46656 kB
PageTables:        62792 kB
NFS_Unstable:          0 kB
Bounce:                0 kB
WritebackTmp:          0 kB
CommitLimit:     9202288 kB
Committed_AS:   65847584 kB
VmallocTotal:   263061440 kB
VmallocUsed:      103808 kB
VmallocChunk:          0 kB
Percpu:             7648 kB
CmaTotal:         294912 kB
CmaFree:               0 kB
MemTotal:       12113132 kB
MemFree:         6329732 kB
MemAvailable:    7816980 kB
Buffers:            6260 kB
Cached:          1830788 kB
SwapCached:            0 kB
Active:          1546084 kB
Inactive:        1582900 kB
Active(anon):    1298356 kB
Inactive(anon):    26316 kB
Active(file):     247728 kB
Inactive(file):  1556584 kB
Unevictable:        5532 kB
Mlocked:            5532 kB
SwapTotal:       3145724 kB
SwapFree:        3145724 kB
Dirty:               364 kB
Writeback:             0 kB
AnonPages:       1297852 kB
Mapped:           858596 kB
Shmem:             28256 kB
KReclaimable:     551640 kB
Slab:             221464 kB
SReclaimable:      76348 kB
SUnreclaim:       145116 kB
KernelStack:       46640 kB
PageTables:        62788 kB
NFS_Unstable:          0 kB
Bounce:                0 kB
WritebackTmp:          0 kB
CommitLimit:     9202288 kB
Committed_AS:   65852460 kB
VmallocTotal:   263061440 kB
VmallocUsed:      103792 kB
VmallocChunk:          0 kB
Percpu:             7648 kB
CmaTotal:         294912 kB
CmaFree:               0 kB
MemTotal:       12113132 kB
MemFree:         6329384 kB
MemAvailable:    7816636 kB
Buffers:            6264 kB
Cached:          1830788 kB
SwapCached:            0 kB
Active:          1546620 kB
Inactive:        1582904 kB
Active(anon):    1298892 kB
Inactive(anon):    26316 kB
Active(file):     247728 kB
Inactive(file):  1556588 kB
Unevictable:        5532 kB
Mlocked:            5532 kB
SwapTotal:       3145724 kB
SwapFree:        3145724 kB
Dirty:               404 kB
Writeback:             0 kB
AnonPages:       1298044 kB
Mapped:           858620 kB
Shmem:             28256 kB
KReclaimable:     551640 kB
Slab:             221472 kB
SReclaimable:      76348 kB
SUnreclaim:       145124 kB
KernelStack:       46736 kB
PageTables:        62908 kB
NFS_Unstable:          0 kB
Bounce:                0 kB
WritebackTmp:          0 kB
CommitLimit:     9202288 kB
Committed_AS:   65856464 kB
VmallocTotal:   263061440 kB
VmallocUsed:      103792 kB
VmallocChunk:          0 kB
Percpu:             7648 kB
CmaTotal:         294912 kB
CmaFree:               0 kB
MemTotal:       12113132 kB
MemFree:         6339828 kB
MemAvailable:    7827128 kB
Buffers:            6264 kB
Cached:          1830836 kB
SwapCached:            0 kB
Active:          1537352 kB
Inactive:        1582936 kB
Active(anon):    1289608 kB
Inactive(anon):    26316 kB
Active(file):     247744 kB
Inactive(file):  1556620 kB
Unevictable:        5532 kB
Mlocked:            5532 kB
SwapTotal:       3145724 kB
SwapFree:        3145724 kB
Dirty:               236 kB
Writeback:             0 kB
AnonPages:       1288916 kB
Mapped:           858644 kB
Shmem:             28256 kB
KReclaimable:     551640 kB
Slab:             221464 kB
SReclaimable:      76348 kB
SUnreclaim:       145116 kB
KernelStack:       46656 kB
PageTables:        62792 kB
NFS_Unstable:          0 kB
Bounce:                0 kB
WritebackTmp:          0 kB
CommitLimit:     9202288 kB
Committed_AS:   65854532 kB
VmallocTotal:   263061440 kB
VmallocUsed:      103824 kB
VmallocChunk:          0 kB
Percpu:             7648 kB
CmaTotal:         294912 kB
CmaFree:               0 kB
MemTotal:       12113132 kB
MemFree:         6328552 kB
MemAvailable:    7815864 kB
Buffers:            6264 kB
Cached:          1830848 kB
SwapCached:            0 kB
Active:          1547500 kB
Inactive:        1582948 kB
Active(anon):    1299756 kB
Inactive(anon):    26316 kB
Active(file):     247744 kB
Inactive(file):  1556632 kB
Unevictable:        5532 kB
Mlocked:            5532 kB
SwapTotal:       3145724 kB
SwapFree:        3145724 kB
Dirty:               272 kB
Writeback:             0 kB
AnonPages:       1298608 kB
Mapped:           858648 kB
Shmem:             28256 kB
KReclaimable:     551640 kB
Slab:             221472 kB
SReclaimable:      76348 kB
SUnreclaim:       145124 kB
KernelStack:       46656 kB
PageTables:        62804 kB
NFS_Unstable:          0 kB
Bounce:                0 kB
WritebackTmp:          0 kB
CommitLimit:     9202288 kB
Committed_AS:   65854120 kB
VmallocTotal:   263061440 kB
VmallocUsed:      103856 kB
VmallocChunk:          0 kB
Percpu:             7648 kB
CmaTotal:         294912 kB
CmaFree:               0 kB
MemTotal:       12113132 kB
MemFree:         6329128 kB
MemAvailable:    7816448 kB
Buffers:            6264 kB
Cached:          1830856 kB
SwapCached:            0 kB
Active:          1548132 kB
Inactive:        1582956 kB
Active(anon):    1300388 kB
Inactive(anon):    26316 kB
Active(file):     247744 kB
Inactive(file):  1556640 kB
Unevictable:        5532 kB
Mlocked:            5532 kB
SwapTotal:       3145724 kB
SwapFree:        3145724 kB
Dirty:               288 kB
Writeback:             0 kB
AnonPages:       1299884 kB
Mapped:           858648 kB
Shmem:             28256 kB
KReclaimable:     551640 kB
Slab:             221456 kB
SReclaimable:      76348 kB
SUnreclaim:       145108 kB
KernelStack:       46688 kB
PageTables:        62860 kB
NFS_Unstable:          0 kB
Bounce:                0 kB
WritebackTmp:          0 kB
CommitLimit:     9202288 kB
Committed_AS:   65857844 kB
VmallocTotal:   263061440 kB
VmallocUsed:      103824 kB
VmallocChunk:          0 kB
Percpu:             7648 kB
CmaTotal:         294912 kB
CmaFree:               0 kB
MemTotal:       12113132 kB
MemFree:         6321424 kB
MemAvailable:    7808760 kB
Buffers:            6264 kB
Cached:          1830872 kB
SwapCached:            0 kB
Active:          1554052 kB
Inactive:        1582972 kB
Active(anon):    1306308 kB
Inactive(anon):    26316 kB
Active(file):     247744 kB
Inactive(file):  1556656 kB
Unevictable:        5532 kB
Mlocked:            5532 kB
SwapTotal:       3145724 kB
SwapFree:        3145724 kB
Dirty:               312 kB
Writeback:             0 kB
AnonPages:       1305668 kB
Mapped:           858616 kB
Shmem:             28256 kB
KReclaimable:     551640 kB
Slab:             221472 kB
SReclaimable:      76348 kB
SUnreclaim:       145124 kB
KernelStack:       46704 kB
PageTables:        62892 kB
NFS_Unstable:          0 kB
Bounce:                0 kB
WritebackTmp:          0 kB
CommitLimit:     9202288 kB
Committed_AS:   65858020 kB
VmallocTotal:   263061440 kB
VmallocUsed:      103824 kB
VmallocChunk:          0 kB
Percpu:             7648 kB
CmaTotal:         294912 kB
CmaFree:               8 kB
MemTotal:       12113132 kB
MemFree:         6324740 kB
MemAvailable:    7812080 kB
Buffers:            6264 kB
Cached:          1830876 kB
SwapCached:            0 kB
Active:          1551812 kB
Inactive:        1582976 kB
Active(anon):    1304068 kB
Inactive(anon):    26316 kB
Active(file):     247744 kB
Inactive(file):  1556660 kB
Unevictable:        5532 kB
Mlocked:            5532 kB
SwapTotal:       3145724 kB
SwapFree:        3145724 kB
Dirty:               364 kB
Writeback:             0 kB
AnonPages:       1303068 kB
Mapped:           858692 kB
Shmem:             28256 kB
KReclaimable:     551640 kB
Slab:             221456 kB
SReclaimable:      76348 kB
SUnreclaim:       145108 kB
KernelStack:       46800 kB
PageTables:        62916 kB
NFS_Unstable:          0 kB
Bounce:                0 kB
WritebackTmp:          0 kB
CommitLimit:     9202288 kB
Committed_AS:   65855940 kB
VmallocTotal:   263061440 kB
VmallocUsed:      103872 kB
VmallocChunk:          0 kB
Percpu:             7648 kB
CmaTotal:         294912 kB
CmaFree:               4 kB
MemTotal:       12113132 kB
MemFree:         6324320 kB
MemAvailable:    7811680 kB
Buffers:            6264 kB
Cached:          1830896 kB
SwapCached:            0 kB
Active:          1551580 kB
Inactive:        1582996 kB
Active(anon):    1303836 kB
Inactive(anon):    26316 kB
Active(file):     247744 kB
Inactive(file):  1556680 kB
Unevictable:        5532 kB
Mlocked:            5532 kB
SwapTotal:       3145724 kB
SwapFree:        3145724 kB
Dirty:               396 kB
Writeback:             0 kB
AnonPages:       1302904 kB
Mapped:           858692 kB
Shmem:             28256 kB
KReclaimable:     551640 kB
Slab:             221464 kB
SReclaimable:      76348 kB
SUnreclaim:       145116 kB
KernelStack:       46768 kB
PageTables:        62780 kB
NFS_Unstable:          0 kB
Bounce:                0 kB
WritebackTmp:          0 kB
CommitLimit:     9202288 kB
Committed_AS:   65848888 kB
VmallocTotal:   263061440 kB
VmallocUsed:      103872 kB
VmallocChunk:          0 kB
Percpu:             7648 kB
CmaTotal:         294912 kB
CmaFree:               0 kB
MemTotal:       12113132 kB
MemFree:         6324804 kB
MemAvailable:    7812176 kB
Buffers:            6264 kB
Cached:          1830908 kB
SwapCached:            0 kB
Active:          1552060 kB
Inactive:        1583008 kB
Active(anon):    1304316 kB
Inactive(anon):    26316 kB
Active(file):     247744 kB
Inactive(file):  1556692 kB
Unevictable:        5532 kB
Mlocked:            5532 kB
SwapTotal:       3145724 kB
SwapFree:        3145724 kB
Dirty:               412 kB
Writeback:             0 kB
AnonPages:       1303284 kB
Mapped:           858732 kB
Shmem:             28256 kB
KReclaimable:     551640 kB
Slab:             221464 kB
SReclaimable:      76348 kB
SUnreclaim:       145116 kB
KernelStack:       46764 kB
PageTables:        62924 kB
NFS_Unstable:          0 kB
Bounce:                0 kB
WritebackTmp:          0 kB
CommitLimit:     9202288 kB
Committed_AS:   65848160 kB
VmallocTotal:   263061440 kB
VmallocUsed:      103856 kB
VmallocChunk:          0 kB
Percpu:             7648 kB
CmaTotal:         294912 kB
CmaFree:               0 kB
MemTotal:       12113132 kB
MemFree:         6323412 kB
MemAvailable:    7810796 kB
Buffers:            6264 kB
Cached:          1830920 kB
SwapCached:            0 kB
Active:          1552284 kB
Inactive:        1583020 kB
Active(anon):    1304540 kB
Inactive(anon):    26316 kB
Active(file):     247744 kB
Inactive(file):  1556704 kB
Unevictable:        5532 kB
Mlocked:            5532 kB
SwapTotal:       3145724 kB
SwapFree:        3145724 kB
Dirty:               440 kB
Writeback:             0 kB
AnonPages:       1303864 kB
Mapped:           858680 kB
Shmem:             28256 kB
KReclaimable:     551640 kB
Slab:             221464 kB
SReclaimable:      76348 kB
SUnreclaim:       145116 kB
KernelStack:       46752 kB
PageTables:        62820 kB
NFS_Unstable:          0 kB
Bounce:                0 kB
WritebackTmp:          0 kB
CommitLimit:     9202288 kB
Committed_AS:   65852772 kB
VmallocTotal:   263061440 kB
VmallocUsed:      103856 kB
VmallocChunk:          0 kB
Percpu:             7648 kB
CmaTotal:         294912 kB
CmaFree:               0 kB
MemTotal:       12113132 kB
MemFree:         6322120 kB
MemAvailable:    7809512 kB
Buffers:            6264 kB
Cached:          1830928 kB
SwapCached:            0 kB
Active:          1553116 kB
Inactive:        1583028 kB
Active(anon):    1305372 kB
Inactive(anon):    26316 kB
Active(file):     247744 kB
Inactive(file):  1556712 kB
Unevictable:        5532 kB
Mlocked:            5532 kB
SwapTotal:       3145724 kB
SwapFree:        3145724 kB
Dirty:               456 kB
Writeback:             0 kB
AnonPages:       1304556 kB
Mapped:           858664 kB
Shmem:             28256 kB
KReclaimable:     551640 kB
Slab:             221464 kB
SReclaimable:      76348 kB
SUnreclaim:       145116 kB
KernelStack:       46768 kB
PageTables:        62916 kB
NFS_Unstable:          0 kB
Bounce:                0 kB
WritebackTmp:          0 kB
CommitLimit:     9202288 kB
Committed_AS:   65847564 kB
VmallocTotal:   263061440 kB
VmallocUsed:      103904 kB
VmallocChunk:          0 kB
Percpu:             7648 kB
CmaTotal:         294912 kB
CmaFree:               0 kB
MemTotal:       12113132 kB
MemFree:         6322712 kB
MemAvailable:    7810120 kB
Buffers:            6264 kB
Cached:          1830944 kB
SwapCached:            0 kB
Active:          1554116 kB
Inactive:        1583044 kB
Active(anon):    1306372 kB
Inactive(anon):    26316 kB
Active(file):     247744 kB
Inactive(file):  1556728 kB
Unevictable:        5532 kB
Mlocked:            5532 kB
SwapTotal:       3145724 kB
SwapFree:        3145724 kB
Dirty:               520 kB
Writeback:             0 kB
AnonPages:       1305096 kB
Mapped:           858744 kB
Shmem:             28256 kB
KReclaimable:     551640 kB
Slab:             221464 kB
SReclaimable:      76348 kB
SUnreclaim:       145116 kB
KernelStack:       46768 kB
PageTables:        62800 kB
NFS_Unstable:          0 kB
Bounce:                0 kB
WritebackTmp:          0 kB
CommitLimit:     9202288 kB
Committed_AS:   65843756 kB
VmallocTotal:   263061440 kB
VmallocUsed:      103872 kB
VmallocChunk:          0 kB
Percpu:             7648 kB
CmaTotal:         294912 kB
CmaFree:               0 kB
MemTotal:       12113132 kB
MemFree:         6322124 kB
MemAvailable:    7809516 kB
Buffers:            6264 kB
Cached:          1830928 kB
SwapCached:            0 kB
Active:          1554264 kB
Inactive:        1583032 kB
Active(anon):    1306524 kB
Inactive(anon):    26316 kB
Active(file):     247740 kB
Inactive(file):  1556716 kB
Unevictable:        5532 kB
Mlocked:            5532 kB
SwapTotal:       3145724 kB
SwapFree:        3145724 kB
Dirty:               552 kB
Writeback:             0 kB
AnonPages:       1305752 kB
Mapped:           858868 kB
Shmem:             28256 kB
KReclaimable:     551640 kB
Slab:             221464 kB
SReclaimable:      76348 kB
SUnreclaim:       145116 kB
KernelStack:       46796 kB
PageTables:        63064 kB
NFS_Unstable:          0 kB
Bounce:                0 kB
WritebackTmp:          0 kB
CommitLimit:     9202288 kB
Committed_AS:   65840132 kB
VmallocTotal:   263061440 kB
VmallocUsed:      103872 kB
VmallocChunk:          0 kB
Percpu:             7648 kB
CmaTotal:         294912 kB
CmaFree:               4 kB
MemTotal:       12113132 kB
MemFree:         6321252 kB
MemAvailable:    7808684 kB
Buffers:            6264 kB
Cached:          1830968 kB
SwapCached:            0 kB
Active:          1554864 kB
Inactive:        1583068 kB
Active(anon):    1307120 kB
Inactive(anon):    26316 kB
Active(file):     247744 kB
Inactive(file):  1556752 kB
Unevictable:        5532 kB
Mlocked:            5532 kB
SwapTotal:       3145724 kB
SwapFree:        3145724 kB
Dirty:               576 kB
Writeback:             0 kB
AnonPages:       1306236 kB
Mapped:           858692 kB
Shmem:             28256 kB
KReclaimable:     551640 kB
Slab:             221464 kB
SReclaimable:      76348 kB
SUnreclaim:       145116 kB
KernelStack:       46752 kB
PageTables:        62804 kB
NFS_Unstable:          0 kB
Bounce:                0 kB
WritebackTmp:          0 kB
CommitLimit:     9202288 kB
Committed_AS:   65849076 kB
VmallocTotal:   263061440 kB
VmallocUsed:      103872 kB
VmallocChunk:          0 kB
Percpu:             7648 kB
CmaTotal:         294912 kB
CmaFree:               0 kB
MemTotal:       12113132 kB
MemFree:         6320244 kB
MemAvailable:    7807692 kB
Buffers:            6264 kB
Cached:          1830984 kB
SwapCached:            0 kB
Active:          1555244 kB
Inactive:        1583084 kB
Active(anon):    1307500 kB
Inactive(anon):    26316 kB
Active(file):     247744 kB
Inactive(file):  1556768 kB
Unevictable:        5532 kB
Mlocked:            5532 kB
SwapTotal:       3145724 kB
SwapFree:        3145724 kB
Dirty:               592 kB
Writeback:             0 kB
AnonPages:       1306520 kB
Mapped:           858688 kB
Shmem:             28256 kB
KReclaimable:     551640 kB
Slab:             221464 kB
SReclaimable:      76348 kB
SUnreclaim:       145116 kB
KernelStack:       46752 kB
PageTables:        62800 kB
NFS_Unstable:          0 kB
Bounce:                0 kB
WritebackTmp:          0 kB
CommitLimit:     9202288 kB
Committed_AS:   65845264 kB
VmallocTotal:   263061440 kB
VmallocUsed:      103888 kB
VmallocChunk:          0 kB
Percpu:             7648 kB
CmaTotal:         294912 kB
CmaFree:               0 kB
MemTotal:       12113132 kB
MemFree:         6319064 kB
MemAvailable:    7806520 kB
Buffers:            6264 kB
Cached:          1831000 kB
SwapCached:            0 kB
Active:          1556276 kB
Inactive:        1583100 kB
Active(anon):    1308532 kB
Inactive(anon):    26324 kB
Active(file):     247744 kB
Inactive(file):  1556776 kB
Unevictable:        5532 kB
Mlocked:            5532 kB
SwapTotal:       3145724 kB
SwapFree:        3145724 kB
Dirty:               616 kB
Writeback:             0 kB
AnonPages:       1307592 kB
Mapped:           858700 kB
Shmem:             28264 kB
KReclaimable:     551640 kB
Slab:             221464 kB
SReclaimable:      76348 kB
SUnreclaim:       145116 kB
KernelStack:       46800 kB
PageTables:        62856 kB
NFS_Unstable:          0 kB
Bounce:                0 kB
WritebackTmp:          0 kB
CommitLimit:     9202288 kB
Committed_AS:   65842712 kB
VmallocTotal:   263061440 kB
VmallocUsed:      103920 kB
VmallocChunk:          0 kB
Percpu:             7648 kB
CmaTotal:         294912 kB
CmaFree:               0 kB
MemTotal:       12113132 kB
MemFree:         6315568 kB
MemAvailable:    7803056 kB
Buffers:            6272 kB
Cached:          1831028 kB
SwapCached:            0 kB
Active:          1559500 kB
Inactive:        1583132 kB
Active(anon):    1311752 kB
Inactive(anon):    26328 kB
Active(file):     247748 kB
Inactive(file):  1556804 kB
Unevictable:        5532 kB
Mlocked:            5532 kB
SwapTotal:       3145724 kB
SwapFree:        3145724 kB
Dirty:               580 kB
Writeback:             0 kB
AnonPages:       1311132 kB
Mapped:           858704 kB
Shmem:             28268 kB
KReclaimable:     551640 kB
Slab:             221496 kB
SReclaimable:      76348 kB
SUnreclaim:       145148 kB
KernelStack:       46880 kB
PageTables:        62800 kB
NFS_Unstable:          0 kB
Bounce:                0 kB
WritebackTmp:          0 kB
CommitLimit:     9202288 kB
Committed_AS:   65839620 kB
VmallocTotal:   263061440 kB
VmallocUsed:      104016 kB
VmallocChunk:          0 kB
Percpu:             7648 kB
CmaTotal:         294912 kB
CmaFree:               0 kB
MemTotal:       12113132 kB
MemFree:         6341464 kB
MemAvailable:    7828968 kB
Buffers:            6272 kB
Cached:          1831092 kB
SwapCached:            0 kB
Active:          1536416 kB
Inactive:        1583180 kB
Active(anon):    1288652 kB
Inactive(anon):    26376 kB
Active(file):     247764 kB
Inactive(file):  1556804 kB
Unevictable:        5532 kB
Mlocked:            5532 kB
SwapTotal:       3145724 kB
SwapFree:        3145724 kB
Dirty:               668 kB
Writeback:             0 kB
AnonPages:       1288004 kB
Mapped:           858744 kB
Shmem:             28316 kB
KReclaimable:     551640 kB
Slab:             221480 kB
SReclaimable:      76348 kB
SUnreclaim:       145132 kB
KernelStack:       46896 kB
PageTables:        62828 kB
NFS_Unstable:          0 kB
Bounce:                0 kB
WritebackTmp:          0 kB
CommitLimit:     9202288 kB
Committed_AS:   65849944 kB
VmallocTotal:   263061440 kB
VmallocUsed:      104064 kB
VmallocChunk:          0 kB
Percpu:             7648 kB
CmaTotal:         294912 kB
CmaFree:               0 kB
MemTotal:       12113132 kB
MemFree:         6340044 kB
MemAvailable:    7827560 kB
Buffers:            6272 kB
Cached:          1831072 kB
SwapCached:            0 kB
Active:          1536472 kB
Inactive:        1583160 kB
Active(anon):    1288708 kB
Inactive(anon):    26344 kB
Active(file):     247764 kB
Inactive(file):  1556816 kB
Unevictable:        5532 kB
Mlocked:            5532 kB
SwapTotal:       3145724 kB
SwapFree:        3145724 kB
Dirty:               276 kB
Writeback:             0 kB
AnonPages:       1288012 kB
Mapped:           858812 kB
Shmem:             28284 kB
KReclaimable:     551640 kB
Slab:             221480 kB
SReclaimable:      76348 kB
SUnreclaim:       145132 kB
KernelStack:       46912 kB
PageTables:        62832 kB
NFS_Unstable:          0 kB
Bounce:                0 kB
WritebackTmp:          0 kB
CommitLimit:     9202288 kB
Committed_AS:   65849524 kB
VmallocTotal:   263061440 kB
VmallocUsed:      104048 kB
VmallocChunk:          0 kB
Percpu:             7648 kB
CmaTotal:         294912 kB
CmaFree:               4 kB
MemTotal:       12113132 kB
MemFree:         6341832 kB
MemAvailable:    7829364 kB
Buffers:            6272 kB
Cached:          1831096 kB
SwapCached:            0 kB
Active:          1533380 kB
Inactive:        1583184 kB
Active(anon):    1285616 kB
Inactive(anon):    26352 kB
Active(file):     247764 kB
Inactive(file):  1556832 kB
Unevictable:        5532 kB
Mlocked:            5532 kB
SwapTotal:       3145724 kB
SwapFree:        3145724 kB
Dirty:               328 kB
Writeback:             0 kB
AnonPages:       1284656 kB
Mapped:           858812 kB
Shmem:             28292 kB
KReclaimable:     551640 kB
Slab:             221480 kB
SReclaimable:      76348 kB
SUnreclaim:       145132 kB
KernelStack:       46928 kB
PageTables:        62800 kB
NFS_Unstable:          0 kB
Bounce:                0 kB
WritebackTmp:          0 kB
CommitLimit:     9202288 kB
Committed_AS:   65841364 kB
VmallocTotal:   263061440 kB
VmallocUsed:      104064 kB
VmallocChunk:          0 kB
Percpu:             7648 kB
CmaTotal:         294912 kB
CmaFree:               4 kB
MemTotal:       12113132 kB
MemFree:         6321884 kB
MemAvailable:    7809424 kB
Buffers:            6272 kB
Cached:          1831104 kB
SwapCached:            0 kB
Active:          1555372 kB
Inactive:        1583192 kB
Active(anon):    1307608 kB
Inactive(anon):    26352 kB
Active(file):     247764 kB
Inactive(file):  1556840 kB
Unevictable:        5532 kB
Mlocked:            5532 kB
SwapTotal:       3145724 kB
SwapFree:        3145724 kB
Dirty:               408 kB
Writeback:             0 kB
AnonPages:       1306936 kB
Mapped:           859020 kB
Shmem:             28292 kB
KReclaimable:     551640 kB
Slab:             221488 kB
SReclaimable:      76348 kB
SUnreclaim:       145140 kB
KernelStack:       47088 kB
PageTables:        62876 kB
NFS_Unstable:          0 kB
Bounce:                0 kB
WritebackTmp:          0 kB
CommitLimit:     9202288 kB
Committed_AS:   65848632 kB
VmallocTotal:   263061440 kB
VmallocUsed:      104128 kB
VmallocChunk:          0 kB
Percpu:             7648 kB
CmaTotal:         294912 kB
CmaFree:               0 kB
MemTotal:       12113132 kB
MemFree:         6318488 kB
MemAvailable:    7806040 kB
Buffers:            6272 kB
Cached:          1831116 kB
SwapCached:            0 kB
Active:          1556872 kB
Inactive:        1583204 kB
Active(anon):    1309108 kB
Inactive(anon):    26352 kB
Active(file):     247764 kB
Inactive(file):  1556852 kB
Unevictable:        5532 kB
Mlocked:            5532 kB
SwapTotal:       3145724 kB
SwapFree:        3145724 kB
Dirty:               432 kB
Writeback:             0 kB
AnonPages:       1308196 kB
Mapped:           858820 kB
Shmem:             28292 kB
KReclaimable:     551640 kB
Slab:             221528 kB
SReclaimable:      76348 kB
SUnreclaim:       145180 kB
KernelStack:       47056 kB
PageTables:        62828 kB
NFS_Unstable:          0 kB
Bounce:                0 kB
WritebackTmp:          0 kB
CommitLimit:     9202288 kB
Committed_AS:   65853740 kB
VmallocTotal:   263061440 kB
VmallocUsed:      104128 kB
VmallocChunk:          0 kB
Percpu:             7648 kB
CmaTotal:         294912 kB
CmaFree:               0 kB
MemTotal:       12113132 kB
MemFree:         6308644 kB
MemAvailable:    7796208 kB
Buffers:            6272 kB
Cached:          1831128 kB
SwapCached:            0 kB
Active:          1568044 kB
Inactive:        1583216 kB
Active(anon):    1320280 kB
Inactive(anon):    26352 kB
Active(file):     247764 kB
Inactive(file):  1556864 kB
Unevictable:        5532 kB
Mlocked:            5532 kB
SwapTotal:       3145724 kB
SwapFree:        3145724 kB
Dirty:               460 kB
Writeback:             0 kB
AnonPages:       1319068 kB
Mapped:           858868 kB
Shmem:             28292 kB
KReclaimable:     551640 kB
Slab:             221504 kB
SReclaimable:      76348 kB
SUnreclaim:       145156 kB
KernelStack:       47024 kB
PageTables:        62784 kB
NFS_Unstable:          0 kB
Bounce:                0 kB
WritebackTmp:          0 kB
CommitLimit:     9202288 kB
Committed_AS:   65843244 kB
VmallocTotal:   263061440 kB
VmallocUsed:      104208 kB
VmallocChunk:          0 kB
Percpu:             7648 kB
CmaTotal:         294912 kB
CmaFree:               4 kB
MemTotal:       12113132 kB
MemFree:         6296228 kB
MemAvailable:    7783828 kB
Buffers:            6272 kB
Cached:          1831156 kB
SwapCached:            0 kB
Active:          1580868 kB
Inactive:        1583244 kB
Active(anon):    1333104 kB
Inactive(anon):    26360 kB
Active(file):     247764 kB
Inactive(file):  1556884 kB
Unevictable:        5532 kB
Mlocked:            5532 kB
SwapTotal:       3145724 kB
SwapFree:        3145724 kB
Dirty:               488 kB
Writeback:             0 kB
AnonPages:       1332136 kB
Mapped:           858672 kB
Shmem:             28300 kB
KReclaimable:     551656 kB
Slab:             221536 kB
SReclaimable:      76364 kB
SUnreclaim:       145172 kB
KernelStack:       47024 kB
PageTables:        62820 kB
NFS_Unstable:          0 kB
Bounce:                0 kB
WritebackTmp:          0 kB
CommitLimit:     9202288 kB
Committed_AS:   65853100 kB
VmallocTotal:   263061440 kB
VmallocUsed:      104160 kB
VmallocChunk:          0 kB
Percpu:             7648 kB
CmaTotal:         294912 kB
CmaFree:               0 kB
MemTotal:       12113132 kB
MemFree:         6318048 kB
MemAvailable:    7805656 kB
Buffers:            6272 kB
Cached:          1831164 kB
SwapCached:            0 kB
Active:          1555784 kB
Inactive:        1583252 kB
Active(anon):    1308020 kB
Inactive(anon):    26360 kB
Active(file):     247764 kB
Inactive(file):  1556892 kB
Unevictable:        5532 kB
Mlocked:            5532 kB
SwapTotal:       3145724 kB
SwapFree:        3145724 kB
Dirty:               520 kB
Writeback:             0 kB
AnonPages:       1306984 kB
Mapped:           858704 kB
Shmem:             28300 kB
KReclaimable:     551656 kB
Slab:             221432 kB
SReclaimable:      76364 kB
SUnreclaim:       145068 kB
KernelStack:       47024 kB
PageTables:        62816 kB
NFS_Unstable:          0 kB
Bounce:                0 kB
WritebackTmp:          0 kB
CommitLimit:     9202288 kB
Committed_AS:   65854136 kB
VmallocTotal:   263061440 kB
VmallocUsed:      104176 kB
VmallocChunk:          0 kB
Percpu:             7648 kB
CmaTotal:         294912 kB
CmaFree:               0 kB
MemTotal:       12113132 kB
MemFree:         6308052 kB
MemAvailable:    7795672 kB
Buffers:            6272 kB
Cached:          1831176 kB
SwapCached:            0 kB
Active:          1568096 kB
Inactive:        1583264 kB
Active(anon):    1320332 kB
Inactive(anon):    26360 kB
Active(file):     247764 kB
Inactive(file):  1556904 kB
Unevictable:        5532 kB
Mlocked:            5532 kB
SwapTotal:       3145724 kB
SwapFree:        3145724 kB
Dirty:               536 kB
Writeback:             0 kB
AnonPages:       1319276 kB
Mapped:           858672 kB
Shmem:             28300 kB
KReclaimable:     551656 kB
Slab:             221512 kB
SReclaimable:      76364 kB
SUnreclaim:       145148 kB
KernelStack:       47072 kB
PageTables:        62928 kB
NFS_Unstable:          0 kB
Bounce:                0 kB
WritebackTmp:          0 kB
CommitLimit:     9202288 kB
Committed_AS:   65858968 kB
VmallocTotal:   263061440 kB
VmallocUsed:      104160 kB
VmallocChunk:          0 kB
Percpu:             7648 kB
CmaTotal:         294912 kB
CmaFree:               0 kB
MemTotal:       12113132 kB
MemFree:         6286672 kB
MemAvailable:    7774328 kB
Buffers:            6272 kB
Cached:          1831212 kB
SwapCached:            0 kB
Active:          1588880 kB
Inactive:        1583296 kB
Active(anon):    1341112 kB
Inactive(anon):    26360 kB
Active(file):     247768 kB
Inactive(file):  1556936 kB
Unevictable:        5532 kB
Mlocked:            5532 kB
SwapTotal:       3145724 kB
SwapFree:        3145724 kB
Dirty:               576 kB
Writeback:             0 kB
AnonPages:       1340260 kB
Mapped:           858652 kB
Shmem:             28300 kB
KReclaimable:     551656 kB
Slab:             221496 kB
SReclaimable:      76364 kB
SUnreclaim:       145132 kB
KernelStack:       47024 kB
PageTables:        62864 kB
NFS_Unstable:          0 kB
Bounce:                0 kB
WritebackTmp:          0 kB
CommitLimit:     9202288 kB
Committed_AS:   65854248 kB
VmallocTotal:   263061440 kB
VmallocUsed:      104144 kB
VmallocChunk:          0 kB
Percpu:             7648 kB
CmaTotal:         294912 kB
CmaFree:               0 kB
MemTotal:       12113132 kB
MemFree:         6323004 kB
MemAvailable:    7810676 kB
Buffers:            6272 kB
Cached:          1831232 kB
SwapCached:            0 kB
Active:          1552116 kB
Inactive:        1583316 kB
Active(anon):    1304348 kB
Inactive(anon):    26364 kB
Active(file):     247768 kB
Inactive(file):  1556952 kB
Unevictable:        5532 kB
Mlocked:            5532 kB
SwapTotal:       3145724 kB
SwapFree:        3145724 kB
Dirty:               600 kB
Writeback:             4 kB
AnonPages:       1303288 kB
Mapped:           858724 kB
Shmem:             28304 kB
KReclaimable:     551656 kB
Slab:             221528 kB
SReclaimable:      76364 kB
SUnreclaim:       145164 kB
KernelStack:       47024 kB
PageTables:        62820 kB
NFS_Unstable:          0 kB
Bounce:                0 kB
WritebackTmp:          0 kB
CommitLimit:     9202288 kB
Committed_AS:   65859760 kB
VmallocTotal:   263061440 kB
VmallocUsed:      104144 kB
VmallocChunk:          0 kB
Percpu:             7648 kB
CmaTotal:         294912 kB
CmaFree:              32 kB
MemTotal:       12113132 kB
MemFree:         6314660 kB
MemAvailable:    7802308 kB
Buffers:            6272 kB
Cached:          1831208 kB
SwapCached:            0 kB
Active:          1561120 kB
Inactive:        1583296 kB
Active(anon):    1313356 kB
Inactive(anon):    26364 kB
Active(file):     247764 kB
Inactive(file):  1556932 kB
Unevictable:        5532 kB
Mlocked:            5532 kB
SwapTotal:       3145724 kB
SwapFree:        3145724 kB
Dirty:               608 kB
Writeback:             0 kB
AnonPages:       1312844 kB
Mapped:           858680 kB
Shmem:             28304 kB
KReclaimable:     551656 kB
Slab:             221492 kB
SReclaimable:      76364 kB
SUnreclaim:       145128 kB
KernelStack:       47008 kB
PageTables:        62692 kB
NFS_Unstable:          0 kB
Bounce:                0 kB
WritebackTmp:          0 kB
CommitLimit:     9202288 kB
Committed_AS:   65859472 kB
VmallocTotal:   263061440 kB
VmallocUsed:      104192 kB
VmallocChunk:          0 kB
Percpu:             7648 kB
CmaTotal:         294912 kB
CmaFree:               8 kB
MemTotal:       12113132 kB
MemFree:         6293140 kB
MemAvailable:    7780792 kB
Buffers:            6272 kB
Cached:          1831228 kB
SwapCached:            0 kB
Active:          1586276 kB
Inactive:        1583316 kB
Active(anon):    1338512 kB
Inactive(anon):    26364 kB
Active(file):     247764 kB
Inactive(file):  1556952 kB
Unevictable:        5532 kB
Mlocked:            5532 kB
SwapTotal:       3145724 kB
SwapFree:        3145724 kB
Dirty:               632 kB
Writeback:             0 kB
AnonPages:       1337552 kB
Mapped:           858696 kB
Shmem:             28304 kB
KReclaimable:     551640 kB
Slab:             221444 kB
SReclaimable:      76348 kB
SUnreclaim:       145096 kB
KernelStack:       47040 kB
PageTables:        62924 kB
NFS_Unstable:          0 kB
Bounce:                0 kB
WritebackTmp:          0 kB
CommitLimit:     9202288 kB
Committed_AS:   65847768 kB
VmallocTotal:   263061440 kB
VmallocUsed:      104128 kB
VmallocChunk:          0 kB
Percpu:             7648 kB
CmaTotal:         294912 kB
CmaFree:               0 kB
MemTotal:       12113132 kB
MemFree:         6294604 kB
MemAvailable:    7782264 kB
Buffers:            6272 kB
Cached:          1831236 kB
SwapCached:            0 kB
Active:          1580252 kB
Inactive:        1583324 kB
Active(anon):    1332488 kB
Inactive(anon):    26364 kB
Active(file):     247764 kB
Inactive(file):  1556960 kB
Unevictable:        5532 kB
Mlocked:            5532 kB
SwapTotal:       3145724 kB
SwapFree:        3145724 kB
Dirty:               640 kB
Writeback:             0 kB
AnonPages:       1331768 kB
Mapped:           858676 kB
Shmem:             28304 kB
KReclaimable:     551640 kB
Slab:             221244 kB
SReclaimable:      76348 kB
SUnreclaim:       144896 kB
KernelStack:       47024 kB
PageTables:        62816 kB
NFS_Unstable:          0 kB
Bounce:                0 kB
WritebackTmp:          0 kB
CommitLimit:     9202288 kB
Committed_AS:   65858988 kB
VmallocTotal:   263061440 kB
VmallocUsed:      104160 kB
VmallocChunk:          0 kB
Percpu:             7648 kB
CmaTotal:         294912 kB
CmaFree:               4 kB
MemTotal:       12113132 kB
MemFree:         6306684 kB
MemAvailable:    7794352 kB
Buffers:            6272 kB
Cached:          1831244 kB
SwapCached:            0 kB
Active:          1569784 kB
Inactive:        1583332 kB
Active(anon):    1322020 kB
Inactive(anon):    26364 kB
Active(file):     247764 kB
Inactive(file):  1556968 kB
Unevictable:        5532 kB
Mlocked:            5532 kB
SwapTotal:       3145724 kB
SwapFree:        3145724 kB
Dirty:               664 kB
Writeback:             0 kB
AnonPages:       1321228 kB
Mapped:           858688 kB
Shmem:             28304 kB
KReclaimable:     551640 kB
Slab:             221500 kB
SReclaimable:      76348 kB
SUnreclaim:       145152 kB
KernelStack:       47056 kB
PageTables:        62936 kB
NFS_Unstable:          0 kB
Bounce:                0 kB
WritebackTmp:          0 kB
CommitLimit:     9202288 kB
Committed_AS:   65862656 kB
VmallocTotal:   263061440 kB
VmallocUsed:      104160 kB
VmallocChunk:          0 kB
Percpu:             7648 kB
CmaTotal:         294912 kB
CmaFree:               0 kB
MemTotal:       12113132 kB
MemFree:         6292528 kB
MemAvailable:    7780224 kB
Buffers:            6276 kB
Cached:          1831268 kB
SwapCached:            0 kB
Active:          1582112 kB
Inactive:        1583356 kB
Active(anon):    1334344 kB
Inactive(anon):    26364 kB
Active(file):     247768 kB
Inactive(file):  1556992 kB
Unevictable:        5532 kB
Mlocked:            5532 kB
SwapTotal:       3145724 kB
SwapFree:        3145724 kB
Dirty:               648 kB
Writeback:             0 kB
AnonPages:       1332856 kB
Mapped:           858932 kB
Shmem:             28304 kB
KReclaimable:     551640 kB
Slab:             221476 kB
SReclaimable:      76348 kB
SUnreclaim:       145128 kB
KernelStack:       47056 kB
PageTables:        62864 kB
NFS_Unstable:          0 kB
Bounce:                0 kB
WritebackTmp:          0 kB
CommitLimit:     9202288 kB
Committed_AS:   65855224 kB
VmallocTotal:   263061440 kB
VmallocUsed:      104144 kB
VmallocChunk:          0 kB
Percpu:             7648 kB
CmaTotal:         294912 kB
CmaFree:               0 kB
MemTotal:       12113132 kB
MemFree:         6296712 kB
MemAvailable:    7784428 kB
Buffers:            6276 kB
Cached:          1831288 kB
SwapCached:            0 kB
Active:          1577128 kB
Inactive:        1583376 kB
Active(anon):    1329360 kB
Inactive(anon):    26364 kB
Active(file):     247768 kB
Inactive(file):  1557012 kB
Unevictable:        5532 kB
Mlocked:            5532 kB
SwapTotal:       3145724 kB
SwapFree:        3145724 kB
Dirty:               688 kB
Writeback:             0 kB
AnonPages:       1328380 kB
Mapped:           858672 kB
Shmem:             28304 kB
KReclaimable:     551640 kB
Slab:             221484 kB
SReclaimable:      76348 kB
SUnreclaim:       145136 kB
KernelStack:       47056 kB
PageTables:        62924 kB
NFS_Unstable:          0 kB
Bounce:                0 kB
WritebackTmp:          0 kB
CommitLimit:     9202288 kB
Committed_AS:   65854428 kB
VmallocTotal:   263061440 kB
VmallocUsed:      104144 kB
VmallocChunk:          0 kB
Percpu:             7648 kB
CmaTotal:         294912 kB
CmaFree:               0 kB
MemTotal:       12113132 kB
MemFree:         6288532 kB
MemAvailable:    7776260 kB
Buffers:            6276 kB
Cached:          1831300 kB
SwapCached:            0 kB
Active:          1588108 kB
Inactive:        1583388 kB
Active(anon):    1340340 kB
Inactive(anon):    26364 kB
Active(file):     247768 kB
Inactive(file):  1557024 kB
Unevictable:        5532 kB
Mlocked:            5532 kB
SwapTotal:       3145724 kB
SwapFree:        3145724 kB
Dirty:               708 kB
Writeback:             0 kB
AnonPages:       1339228 kB
Mapped:           858680 kB
Shmem:             28304 kB
KReclaimable:     551640 kB
Slab:             221476 kB
SReclaimable:      76348 kB
SUnreclaim:       145128 kB
KernelStack:       47040 kB
PageTables:        62832 kB
NFS_Unstable:          0 kB
Bounce:                0 kB
WritebackTmp:          0 kB
CommitLimit:     9202288 kB
Committed_AS:   65854844 kB
VmallocTotal:   263061440 kB
VmallocUsed:      104144 kB
VmallocChunk:          0 kB
Percpu:             7648 kB
CmaTotal:         294912 kB
CmaFree:               0 kB
MemTotal:       12113132 kB
MemFree:         6285904 kB
MemAvailable:    7773640 kB
Buffers:            6276 kB
Cached:          1831308 kB
SwapCached:            0 kB
Active:          1590628 kB
Inactive:        1583396 kB
Active(anon):    1342860 kB
Inactive(anon):    26364 kB
Active(file):     247768 kB
Inactive(file):  1557032 kB
Unevictable:        5532 kB
Mlocked:            5532 kB
SwapTotal:       3145724 kB
SwapFree:        3145724 kB
Dirty:               720 kB
Writeback:             0 kB
AnonPages:       1342032 kB
Mapped:           858712 kB
Shmem:             28304 kB
KReclaimable:     551640 kB
Slab:             221564 kB
SReclaimable:      76348 kB
SUnreclaim:       145216 kB
KernelStack:       47008 kB
PageTables:        62824 kB
NFS_Unstable:          0 kB
Bounce:                0 kB
WritebackTmp:          0 kB
CommitLimit:     9202288 kB
Committed_AS:   65859828 kB
VmallocTotal:   263061440 kB
VmallocUsed:      104144 kB
VmallocChunk:          0 kB
Percpu:             7648 kB
CmaTotal:         294912 kB
CmaFree:               0 kB
MemTotal:       12113132 kB
MemFree:         6287248 kB
MemAvailable:    7774920 kB
Buffers:            6276 kB
Cached:          1831324 kB
SwapCached:            0 kB
Active:          1586960 kB
Inactive:        1583412 kB
Active(anon):    1339192 kB
Inactive(anon):    26364 kB
Active(file):     247768 kB
Inactive(file):  1557048 kB
Unevictable:        5532 kB
Mlocked:            5532 kB
SwapTotal:       3145724 kB
SwapFree:        3145724 kB
Dirty:               752 kB
Writeback:             0 kB
AnonPages:       1338528 kB
Mapped:           858688 kB
Shmem:             28304 kB
KReclaimable:     551560 kB
Slab:             221476 kB
SReclaimable:      76348 kB
SUnreclaim:       145128 kB
KernelStack:       47072 kB
PageTables:        62832 kB
NFS_Unstable:          0 kB
Bounce:                0 kB
WritebackTmp:          0 kB
CommitLimit:     9202288 kB
Committed_AS:   65865164 kB
VmallocTotal:   263061440 kB
VmallocUsed:      104176 kB
VmallocChunk:          0 kB
Percpu:             7648 kB
CmaTotal:         294912 kB
CmaFree:               0 kB
MemTotal:       12113132 kB
MemFree:         6277824 kB
MemAvailable:    7765584 kB
Buffers:            6276 kB
Cached:          1831332 kB
SwapCached:            0 kB
Active:          1597908 kB
Inactive:        1583420 kB
Active(anon):    1350140 kB
Inactive(anon):    26364 kB
Active(file):     247768 kB
Inactive(file):  1557056 kB
Unevictable:        5532 kB
Mlocked:            5532 kB
SwapTotal:       3145724 kB
SwapFree:        3145724 kB
Dirty:               760 kB
Writeback:             0 kB
AnonPages:       1349376 kB
Mapped:           858688 kB
Shmem:             28304 kB
KReclaimable:     551640 kB
Slab:             221484 kB
SReclaimable:      76348 kB
SUnreclaim:       145136 kB
KernelStack:       47076 kB
PageTables:        62800 kB
NFS_Unstable:          0 kB
Bounce:                0 kB
WritebackTmp:          0 kB
CommitLimit:     9202288 kB
Committed_AS:   65873876 kB
VmallocTotal:   263061440 kB
VmallocUsed:      104192 kB
VmallocChunk:          0 kB
Percpu:             7648 kB
CmaTotal:         294912 kB
CmaFree:               0 kB
MemTotal:       12113132 kB
MemFree:         6283068 kB
MemAvailable:    7770844 kB
Buffers:            6276 kB
Cached:          1831348 kB
SwapCached:            0 kB
Active:          1592600 kB
Inactive:        1583436 kB
Active(anon):    1344832 kB
Inactive(anon):    26364 kB
Active(file):     247768 kB
Inactive(file):  1557072 kB
Unevictable:        5532 kB
Mlocked:            5532 kB
SwapTotal:       3145724 kB
SwapFree:        3145724 kB
Dirty:               784 kB
Writeback:             0 kB
AnonPages:       1344320 kB
Mapped:           858692 kB
Shmem:             28304 kB
KReclaimable:     551640 kB
Slab:             221468 kB
SReclaimable:      76348 kB
SUnreclaim:       145120 kB
KernelStack:       47040 kB
PageTables:        62880 kB
NFS_Unstable:          0 kB
Bounce:                0 kB
WritebackTmp:          0 kB
CommitLimit:     9202288 kB
Committed_AS:   65861500 kB
VmallocTotal:   263061440 kB
VmallocUsed:      104192 kB
VmallocChunk:          0 kB
Percpu:             7648 kB
CmaTotal:         294912 kB
CmaFree:               0 kB
MemTotal:       12113132 kB
MemFree:         6286476 kB
MemAvailable:    7774260 kB
Buffers:            6276 kB
Cached:          1831356 kB
SwapCached:            0 kB
Active:          1588560 kB
Inactive:        1583444 kB
Active(anon):    1340792 kB
Inactive(anon):    26364 kB
Active(file):     247768 kB
Inactive(file):  1557080 kB
Unevictable:        5532 kB
Mlocked:            5532 kB
SwapTotal:       3145724 kB
SwapFree:        3145724 kB
Dirty:               808 kB
Writeback:             0 kB
AnonPages:       1339936 kB
Mapped:           858692 kB
Shmem:             28304 kB
KReclaimable:     551640 kB
Slab:             221508 kB
SReclaimable:      76348 kB
SUnreclaim:       145160 kB
KernelStack:       47056 kB
PageTables:        62928 kB
NFS_Unstable:          0 kB
Bounce:                0 kB
WritebackTmp:          0 kB
CommitLimit:     9202288 kB
Committed_AS:   65865472 kB
VmallocTotal:   263061440 kB
VmallocUsed:      104144 kB
VmallocChunk:          0 kB
Percpu:             7648 kB
CmaTotal:         294912 kB
CmaFree:               0 kB
MemTotal:       12113132 kB
MemFree:         6277708 kB
MemAvailable:    7765508 kB
Buffers:            6276 kB
Cached:          1831372 kB
SwapCached:            0 kB
Active:          1597112 kB
Inactive:        1583456 kB
Active(anon):    1349340 kB
Inactive(anon):    26364 kB
Active(file):     247772 kB
Inactive(file):  1557092 kB
Unevictable:        5532 kB
Mlocked:            5532 kB
SwapTotal:       3145724 kB
SwapFree:        3145724 kB
Dirty:               824 kB
Writeback:             0 kB
AnonPages:       1348524 kB
Mapped:           858676 kB
Shmem:             28304 kB
KReclaimable:     551640 kB
Slab:             221564 kB
SReclaimable:      76348 kB
SUnreclaim:       145216 kB
KernelStack:       47056 kB
PageTables:        62924 kB
NFS_Unstable:          0 kB
Bounce:                0 kB
WritebackTmp:          0 kB
CommitLimit:     9202288 kB
Committed_AS:   65865088 kB
VmallocTotal:   263061440 kB
VmallocUsed:      104144 kB
VmallocChunk:          0 kB
Percpu:             7648 kB
CmaTotal:         294912 kB
CmaFree:              16 kB
MemTotal:       12113132 kB
MemFree:         6271876 kB
MemAvailable:    7759680 kB
Buffers:            6276 kB
Cached:          1831376 kB
SwapCached:            0 kB
Active:          1603252 kB
Inactive:        1583464 kB
Active(anon):    1355484 kB
Inactive(anon):    26364 kB
Active(file):     247768 kB
Inactive(file):  1557100 kB
Unevictable:        5532 kB
Mlocked:            5532 kB
SwapTotal:       3145724 kB
SwapFree:        3145724 kB
Dirty:               868 kB
Writeback:             0 kB
AnonPages:       1354140 kB
Mapped:           858736 kB
Shmem:             28304 kB
KReclaimable:     551640 kB
Slab:             221476 kB
SReclaimable:      76348 kB
SUnreclaim:       145128 kB
KernelStack:       47088 kB
PageTables:        62964 kB
NFS_Unstable:          0 kB
Bounce:                0 kB
WritebackTmp:          0 kB
CommitLimit:     9202288 kB
Committed_AS:   65852096 kB
VmallocTotal:   263061440 kB
VmallocUsed:      104160 kB
VmallocChunk:          0 kB
Percpu:             7648 kB
CmaTotal:         294912 kB
CmaFree:               0 kB
MemTotal:       12113132 kB
MemFree:         6274392 kB
MemAvailable:    7762208 kB
Buffers:            6276 kB
Cached:          1831392 kB
SwapCached:            0 kB
Active:          1599432 kB
Inactive:        1583480 kB
Active(anon):    1351664 kB
Inactive(anon):    26368 kB
Active(file):     247768 kB
Inactive(file):  1557112 kB
Unevictable:        5532 kB
Mlocked:            5532 kB
SwapTotal:       3145724 kB
SwapFree:        3145724 kB
Dirty:               900 kB
Writeback:             0 kB
AnonPages:       1350736 kB
Mapped:           858696 kB
Shmem:             28308 kB
KReclaimable:     551640 kB
Slab:             221508 kB
SReclaimable:      76348 kB
SUnreclaim:       145160 kB
KernelStack:       47024 kB
PageTables:        62836 kB
NFS_Unstable:          0 kB
Bounce:                0 kB
WritebackTmp:          0 kB
CommitLimit:     9202288 kB
Committed_AS:   65864448 kB
VmallocTotal:   263061440 kB
VmallocUsed:      104208 kB
VmallocChunk:          0 kB
Percpu:             7648 kB
CmaTotal:         294912 kB
CmaFree:               0 kB
MemTotal:       12113132 kB
MemFree:         6262128 kB
MemAvailable:    7749956 kB
Buffers:            6276 kB
Cached:          1831404 kB
SwapCached:            0 kB
Active:          1614648 kB
Inactive:        1583492 kB
Active(anon):    1366880 kB
Inactive(anon):    26368 kB
Active(file):     247768 kB
Inactive(file):  1557124 kB
Unevictable:        5532 kB
Mlocked:            5532 kB
SwapTotal:       3145724 kB
SwapFree:        3145724 kB
Dirty:               912 kB
Writeback:             4 kB
AnonPages:       1366044 kB
Mapped:           858688 kB
Shmem:             28308 kB
KReclaimable:     551640 kB
Slab:             221452 kB
SReclaimable:      76348 kB
SUnreclaim:       145104 kB
KernelStack:       47024 kB
PageTables:        62824 kB
NFS_Unstable:          0 kB
Bounce:                0 kB
WritebackTmp:          0 kB
CommitLimit:     9202288 kB
Committed_AS:   65864448 kB
VmallocTotal:   263061440 kB
VmallocUsed:      104208 kB
VmallocChunk:          0 kB
Percpu:             7648 kB
CmaTotal:         294912 kB
CmaFree:               0 kB
MemTotal:       12113132 kB
MemFree:         6268032 kB
MemAvailable:    7755876 kB
Buffers:            6276 kB
Cached:          1831420 kB
SwapCached:            0 kB
Active:          1605556 kB
Inactive:        1583508 kB
Active(anon):    1357788 kB
Inactive(anon):    26368 kB
Active(file):     247768 kB
Inactive(file):  1557140 kB
Unevictable:        5532 kB
Mlocked:            5532 kB
SwapTotal:       3145724 kB
SwapFree:        3145724 kB
Dirty:               932 kB
Writeback:             0 kB
AnonPages:       1356148 kB
Mapped:           858700 kB
Shmem:             28308 kB
KReclaimable:     551640 kB
Slab:             221468 kB
SReclaimable:      76348 kB
SUnreclaim:       145120 kB
KernelStack:       47008 kB
PageTables:        62692 kB
NFS_Unstable:          0 kB
Bounce:                0 kB
WritebackTmp:          0 kB
CommitLimit:     9202288 kB
Committed_AS:   65859080 kB
VmallocTotal:   263061440 kB
VmallocUsed:      104192 kB
VmallocChunk:          0 kB
Percpu:             7648 kB
CmaTotal:         294912 kB
CmaFree:               0 kB
MemTotal:       12113132 kB
MemFree:         6273348 kB
MemAvailable:    7761204 kB
Buffers:            6276 kB
Cached:          1831432 kB
SwapCached:            0 kB
Active:          1599632 kB
Inactive:        1583520 kB
Active(anon):    1351864 kB
Inactive(anon):    26368 kB
Active(file):     247768 kB
Inactive(file):  1557152 kB
Unevictable:        5532 kB
Mlocked:            5532 kB
SwapTotal:       3145724 kB
SwapFree:        3145724 kB
Dirty:               968 kB
Writeback:             0 kB
AnonPages:       1351112 kB
Mapped:           858552 kB
Shmem:             28308 kB
KReclaimable:     551640 kB
Slab:             221500 kB
SReclaimable:      76348 kB
SUnreclaim:       145152 kB
KernelStack:       47088 kB
PageTables:        62980 kB
NFS_Unstable:          0 kB
Bounce:                0 kB
WritebackTmp:          0 kB
CommitLimit:     9202288 kB
Committed_AS:   65860012 kB
VmallocTotal:   263061440 kB
VmallocUsed:      104176 kB
VmallocChunk:          0 kB
Percpu:             7648 kB
CmaTotal:         294912 kB
CmaFree:               0 kB
MemTotal:       12113132 kB
MemFree:         6260924 kB
MemAvailable:    7748816 kB
Buffers:            6284 kB
Cached:          1831464 kB
SwapCached:            0 kB
Active:          1615096 kB
Inactive:        1583552 kB
Active(anon):    1367320 kB
Inactive(anon):    26372 kB
Active(file):     247776 kB
Inactive(file):  1557180 kB
Unevictable:        5532 kB
Mlocked:            5532 kB
SwapTotal:       3145724 kB
SwapFree:        3145724 kB
Dirty:               968 kB
Writeback:             0 kB
AnonPages:       1366516 kB
Mapped:           858696 kB
Shmem:             28312 kB
KReclaimable:     551640 kB
Slab:             221484 kB
SReclaimable:      76348 kB
SUnreclaim:       145136 kB
KernelStack:       46976 kB
PageTables:        62664 kB
NFS_Unstable:          0 kB
Bounce:                0 kB
WritebackTmp:          0 kB
CommitLimit:     9202288 kB
Committed_AS:   65855184 kB
VmallocTotal:   263061440 kB
VmallocUsed:      104128 kB
VmallocChunk:          0 kB
Percpu:             7648 kB
CmaTotal:         294912 kB
CmaFree:              12 kB
MemTotal:       12113132 kB
MemFree:         6264480 kB
MemAvailable:    7749048 kB
Buffers:            6284 kB
Cached:          1831624 kB
SwapCached:            0 kB
Active:          1610320 kB
Inactive:        1583724 kB
Active(anon):    1362544 kB
Inactive(anon):    26536 kB
Active(file):     247776 kB
Inactive(file):  1557188 kB
Unevictable:        5532 kB
Mlocked:            5532 kB
SwapTotal:       3145724 kB
SwapFree:        3145724 kB
Dirty:              1048 kB
Writeback:             0 kB
AnonPages:       1361748 kB
Mapped:           858136 kB
Shmem:             28464 kB
KReclaimable:     548308 kB
Slab:             221564 kB
SReclaimable:      76348 kB
SUnreclaim:       145216 kB
KernelStack:       47120 kB
PageTables:        62820 kB
NFS_Unstable:          0 kB
Bounce:                0 kB
WritebackTmp:          0 kB
CommitLimit:     9202288 kB
Committed_AS:   65860660 kB
VmallocTotal:   263061440 kB
VmallocUsed:      104224 kB
VmallocChunk:          0 kB
Percpu:             7648 kB
CmaTotal:         294912 kB
CmaFree:               0 kB
MemTotal:       12113132 kB
MemFree:         6263128 kB
MemAvailable:    7747552 kB
Buffers:            6284 kB
Cached:          1831760 kB
SwapCached:            0 kB
Active:          1610492 kB
Inactive:        1583824 kB
Active(anon):    1362716 kB
Inactive(anon):    26620 kB
Active(file):     247776 kB
Inactive(file):  1557204 kB
Unevictable:        5532 kB
Mlocked:            5532 kB
SwapTotal:       3145724 kB
SwapFree:        3145724 kB
Dirty:               900 kB
Writeback:             0 kB
AnonPages:       1361860 kB
Mapped:           858496 kB
Shmem:             28584 kB
KReclaimable:     548148 kB
Slab:             221508 kB
SReclaimable:      76348 kB
SUnreclaim:       145160 kB
KernelStack:       47136 kB
PageTables:        62780 kB
NFS_Unstable:          0 kB
Bounce:                0 kB
WritebackTmp:          0 kB
CommitLimit:     9202288 kB
Committed_AS:   65854832 kB
VmallocTotal:   263061440 kB
VmallocUsed:      104240 kB
VmallocChunk:          0 kB
Percpu:             7648 kB
CmaTotal:         294912 kB
CmaFree:               4 kB
MemTotal:       12113132 kB
MemFree:         6249228 kB
MemAvailable:    7733760 kB
Buffers:            6284 kB
Cached:          1831756 kB
SwapCached:            0 kB
Active:          1625320 kB
Inactive:        1583820 kB
Active(anon):    1377544 kB
Inactive(anon):    26604 kB
Active(file):     247776 kB
Inactive(file):  1557216 kB
Unevictable:        5532 kB
Mlocked:            5532 kB
SwapTotal:       3145724 kB
SwapFree:        3145724 kB
Dirty:               964 kB
Writeback:             0 kB
AnonPages:       1376740 kB
Mapped:           858360 kB
Shmem:             28568 kB
KReclaimable:     548148 kB
Slab:             221544 kB
SReclaimable:      76348 kB
SUnreclaim:       145196 kB
KernelStack:       47168 kB
PageTables:        62884 kB
NFS_Unstable:          0 kB
Bounce:                0 kB
WritebackTmp:          0 kB
CommitLimit:     9202288 kB
Committed_AS:   65855080 kB
VmallocTotal:   263061440 kB
VmallocUsed:      104272 kB
VmallocChunk:          0 kB
Percpu:             7648 kB
CmaTotal:         294912 kB
CmaFree:               0 kB
MemTotal:       12113132 kB
MemFree:         6256128 kB
MemAvailable:    7740576 kB
Buffers:            6284 kB
Cached:          1831772 kB
SwapCached:            0 kB
Active:          1618156 kB
Inactive:        1583836 kB
Active(anon):    1370380 kB
Inactive(anon):    26608 kB
Active(file):     247776 kB
Inactive(file):  1557228 kB
Unevictable:        5532 kB
Mlocked:            5532 kB
SwapTotal:       3145724 kB
SwapFree:        3145724 kB
Dirty:              1000 kB
Writeback:             0 kB
AnonPages:       1368644 kB
Mapped:           858580 kB
Shmem:             28572 kB
KReclaimable:     548148 kB
Slab:             221576 kB
SReclaimable:      76348 kB
SUnreclaim:       145228 kB
KernelStack:       47168 kB
PageTables:        62884 kB
NFS_Unstable:          0 kB
Bounce:                0 kB
WritebackTmp:          0 kB
CommitLimit:     9202288 kB
Committed_AS:   65849636 kB
VmallocTotal:   263061440 kB
VmallocUsed:      104240 kB
VmallocChunk:          0 kB
Percpu:             7648 kB
CmaTotal:         294912 kB
CmaFree:               0 kB
MemTotal:       12113132 kB
MemFree:         6273028 kB
MemAvailable:    7757480 kB
Buffers:            6284 kB
Cached:          1831780 kB
SwapCached:            0 kB
Active:          1599808 kB
Inactive:        1583844 kB
Active(anon):    1352032 kB
Inactive(anon):    26612 kB
Active(file):     247776 kB
Inactive(file):  1557232 kB
Unevictable:        5532 kB
Mlocked:            5532 kB
SwapTotal:       3145724 kB
SwapFree:        3145724 kB
Dirty:              1040 kB
Writeback:             0 kB
AnonPages:       1351152 kB
Mapped:           858580 kB
Shmem:             28576 kB
KReclaimable:     548148 kB
Slab:             221536 kB
SReclaimable:      76348 kB
SUnreclaim:       145188 kB
KernelStack:       47184 kB
PageTables:        62844 kB
NFS_Unstable:          0 kB
Bounce:                0 kB
WritebackTmp:          0 kB
CommitLimit:     9202288 kB
Committed_AS:   65854492 kB
VmallocTotal:   263061440 kB
VmallocUsed:      104272 kB
VmallocChunk:          0 kB
Percpu:             7648 kB
CmaTotal:         294912 kB
CmaFree:               0 kB
MemTotal:       12113132 kB
MemFree:         6262780 kB
MemAvailable:    7747252 kB
Buffers:            6284 kB
Cached:          1831804 kB
SwapCached:            0 kB
Active:          1614408 kB
Inactive:        1583868 kB
Active(anon):    1366632 kB
Inactive(anon):    26616 kB
Active(file):     247776 kB
Inactive(file):  1557252 kB
Unevictable:        5532 kB
Mlocked:            5532 kB
SwapTotal:       3145724 kB
SwapFree:        3145724 kB
Dirty:              1088 kB
Writeback:             0 kB
AnonPages:       1365744 kB
Mapped:           858740 kB
Shmem:             28580 kB
KReclaimable:     548148 kB
Slab:             221544 kB
SReclaimable:      76348 kB
SUnreclaim:       145196 kB
KernelStack:       47120 kB
PageTables:        62920 kB
NFS_Unstable:          0 kB
Bounce:                0 kB
WritebackTmp:          0 kB
CommitLimit:     9202288 kB
Committed_AS:   65857164 kB
VmallocTotal:   263061440 kB
VmallocUsed:      104256 kB
VmallocChunk:          0 kB
Percpu:             7648 kB
CmaTotal:         294912 kB
CmaFree:               0 kB
MemTotal:       12113132 kB
MemFree:         6261044 kB
MemAvailable:    7745524 kB
Buffers:            6284 kB
Cached:          1831832 kB
SwapCached:            0 kB
Active:          1612324 kB
Inactive:        1583896 kB
Active(anon):    1364548 kB
Inactive(anon):    26636 kB
Active(file):     247776 kB
Inactive(file):  1557260 kB
Unevictable:        5532 kB
Mlocked:            5532 kB
SwapTotal:       3145724 kB
SwapFree:        3145724 kB
Dirty:               364 kB
Writeback:             0 kB
AnonPages:       1363852 kB
Mapped:           858680 kB
Shmem:             28600 kB
KReclaimable:     548148 kB
Slab:             221592 kB
SReclaimable:      76348 kB
SUnreclaim:       145244 kB
KernelStack:       47184 kB
PageTables:        62964 kB
NFS_Unstable:          0 kB
Bounce:                0 kB
WritebackTmp:          0 kB
CommitLimit:     9202288 kB
Committed_AS:   65882724 kB
VmallocTotal:   263061440 kB
VmallocUsed:      104304 kB
VmallocChunk:          0 kB
Percpu:             7648 kB
CmaTotal:         294912 kB
CmaFree:               0 kB
MemTotal:       12113132 kB
MemFree:         6265236 kB
MemAvailable:    7749756 kB
Buffers:            6284 kB
Cached:          1831872 kB
SwapCached:            0 kB
Active:          1609664 kB
Inactive:        1583932 kB
Active(anon):    1361884 kB
Inactive(anon):    26636 kB
Active(file):     247780 kB
Inactive(file):  1557296 kB
Unevictable:        5532 kB
Mlocked:            5532 kB
SwapTotal:       3145724 kB
SwapFree:        3145724 kB
Dirty:               420 kB
Writeback:             0 kB
AnonPages:       1360676 kB
Mapped:           858776 kB
Shmem:             28600 kB
KReclaimable:     548148 kB
Slab:             221584 kB
SReclaimable:      76348 kB
SUnreclaim:       145236 kB
KernelStack:       47200 kB
PageTables:        62912 kB
NFS_Unstable:          0 kB
Bounce:                0 kB
WritebackTmp:          0 kB
CommitLimit:     9202288 kB
Committed_AS:   65913124 kB
VmallocTotal:   263061440 kB
VmallocUsed:      104288 kB
VmallocChunk:          0 kB
Percpu:             7648 kB
CmaTotal:         294912 kB
CmaFree:               0 kB
MemTotal:       12113132 kB
MemFree:         6251896 kB
MemAvailable:    7736408 kB
Buffers:            6284 kB
Cached:          1831868 kB
SwapCached:            0 kB
Active:          1622004 kB
Inactive:        1583932 kB
Active(anon):    1374228 kB
Inactive(anon):    26640 kB
Active(file):     247776 kB
Inactive(file):  1557292 kB
Unevictable:        5532 kB
Mlocked:            5532 kB
SwapTotal:       3145724 kB
SwapFree:        3145724 kB
Dirty:               500 kB
Writeback:             0 kB
AnonPages:       1373160 kB
Mapped:           858736 kB
Shmem:             28604 kB
KReclaimable:     548148 kB
Slab:             221656 kB
SReclaimable:      76348 kB
SUnreclaim:       145308 kB
KernelStack:       47168 kB
PageTables:        62864 kB
NFS_Unstable:          0 kB
Bounce:                0 kB
WritebackTmp:          0 kB
CommitLimit:     9202288 kB
Committed_AS:   65903468 kB
VmallocTotal:   263061440 kB
VmallocUsed:      104304 kB
VmallocChunk:          0 kB
Percpu:             7648 kB
CmaTotal:         294912 kB
CmaFree:               4 kB
MemTotal:       12113132 kB
MemFree:         6254780 kB
MemAvailable:    7739312 kB
Buffers:            6284 kB
Cached:          1831888 kB
SwapCached:            0 kB
Active:          1618720 kB
Inactive:        1583952 kB
Active(anon):    1370944 kB
Inactive(anon):    26640 kB
Active(file):     247776 kB
Inactive(file):  1557312 kB
Unevictable:        5532 kB
Mlocked:            5532 kB
SwapTotal:       3145724 kB
SwapFree:        3145724 kB
Dirty:               576 kB
Writeback:             0 kB
AnonPages:       1370052 kB
Mapped:           858672 kB
Shmem:             28604 kB
KReclaimable:     548148 kB
Slab:             221576 kB
SReclaimable:      76348 kB
SUnreclaim:       145228 kB
KernelStack:       47168 kB
PageTables:        62908 kB
NFS_Unstable:          0 kB
Bounce:                0 kB
WritebackTmp:          0 kB
CommitLimit:     9202288 kB
Committed_AS:   65902024 kB
VmallocTotal:   263061440 kB
VmallocUsed:      104320 kB
VmallocChunk:          0 kB
Percpu:             7648 kB
CmaTotal:         294912 kB
CmaFree:               0 kB
MemTotal:       12113132 kB
MemFree:         6259568 kB
MemAvailable:    7744108 kB
Buffers:            6284 kB
Cached:          1831896 kB
SwapCached:            0 kB
Active:          1614540 kB
Inactive:        1583964 kB
Active(anon):    1366768 kB
Inactive(anon):    26640 kB
Active(file):     247772 kB
Inactive(file):  1557324 kB
Unevictable:        5532 kB
Mlocked:            5532 kB
SwapTotal:       3145724 kB
SwapFree:        3145724 kB
Dirty:               628 kB
Writeback:             0 kB
AnonPages:       1365388 kB
Mapped:           858892 kB
Shmem:             28604 kB
KReclaimable:     548148 kB
Slab:             221576 kB
SReclaimable:      76348 kB
SUnreclaim:       145228 kB
KernelStack:       47184 kB
PageTables:        62960 kB
NFS_Unstable:          0 kB
Bounce:                0 kB
WritebackTmp:          0 kB
CommitLimit:     9202288 kB
Committed_AS:   65901468 kB
VmallocTotal:   263061440 kB
VmallocUsed:      104304 kB
VmallocChunk:          0 kB
Percpu:             7648 kB
CmaTotal:         294912 kB
CmaFree:               0 kB
MemTotal:       12113132 kB
MemFree:         6249152 kB
MemAvailable:    7733712 kB
Buffers:            6284 kB
Cached:          1831920 kB
SwapCached:            0 kB
Active:          1623888 kB
Inactive:        1583984 kB
Active(anon):    1376112 kB
Inactive(anon):    26644 kB
Active(file):     247776 kB
Inactive(file):  1557340 kB
Unevictable:        5532 kB
Mlocked:            5532 kB
SwapTotal:       3145724 kB
SwapFree:        3145724 kB
Dirty:               672 kB
Writeback:             0 kB
AnonPages:       1375468 kB
Mapped:           858860 kB
Shmem:             28608 kB
KReclaimable:     548148 kB
Slab:             221456 kB
SReclaimable:      76348 kB
SUnreclaim:       145108 kB
KernelStack:       47168 kB
PageTables:        63032 kB
NFS_Unstable:          0 kB
Bounce:                0 kB
WritebackTmp:          0 kB
CommitLimit:     9202288 kB
Committed_AS:   65897200 kB
VmallocTotal:   263061440 kB
VmallocUsed:      104288 kB
VmallocChunk:          0 kB
Percpu:             7648 kB
CmaTotal:         294912 kB
CmaFree:               0 kB
MemTotal:       12113132 kB
MemFree:         6245484 kB
MemAvailable:    7730068 kB
Buffers:            6284 kB
Cached:          1831928 kB
SwapCached:            0 kB
Active:          1630904 kB
Inactive:        1583992 kB
Active(anon):    1383128 kB
Inactive(anon):    26644 kB
Active(file):     247776 kB
Inactive(file):  1557348 kB
Unevictable:        5532 kB
Mlocked:            5532 kB
SwapTotal:       3145724 kB
SwapFree:        3145724 kB
Dirty:               664 kB
Writeback:             0 kB
AnonPages:       1382372 kB
Mapped:           858888 kB
Shmem:             28608 kB
KReclaimable:     548164 kB
Slab:             221600 kB
SReclaimable:      76364 kB
SUnreclaim:       145236 kB
KernelStack:       47120 kB
PageTables:        62848 kB
NFS_Unstable:          0 kB
Bounce:                0 kB
WritebackTmp:          0 kB
CommitLimit:     9202288 kB
Committed_AS:   65897796 kB
VmallocTotal:   263061440 kB
VmallocUsed:      104288 kB
VmallocChunk:          0 kB
Percpu:             7648 kB
CmaTotal:         294912 kB
CmaFree:               0 kB
MemTotal:       12113132 kB
MemFree:         6248268 kB
MemAvailable:    7732868 kB
Buffers:            6284 kB
Cached:          1831944 kB
SwapCached:            0 kB
Active:          1627312 kB
Inactive:        1584008 kB
Active(anon):    1379536 kB
Inactive(anon):    26644 kB
Active(file):     247776 kB
Inactive(file):  1557364 kB
Unevictable:        5532 kB
Mlocked:            5532 kB
SwapTotal:       3145724 kB
SwapFree:        3145724 kB
Dirty:               728 kB
Writeback:             0 kB
AnonPages:       1378744 kB
Mapped:           858920 kB
Shmem:             28608 kB
KReclaimable:     548164 kB
Slab:             221540 kB
SReclaimable:      76364 kB
SUnreclaim:       145176 kB
KernelStack:       47136 kB
PageTables:        62892 kB
NFS_Unstable:          0 kB
Bounce:                0 kB
WritebackTmp:          0 kB
CommitLimit:     9202288 kB
Committed_AS:   65892896 kB
VmallocTotal:   263061440 kB
VmallocUsed:      104256 kB
VmallocChunk:          0 kB
Percpu:             7648 kB
CmaTotal:         294912 kB
CmaFree:               0 kB
MemTotal:       12113132 kB
MemFree:         6238504 kB
MemAvailable:    7723084 kB
Buffers:            6288 kB
Cached:          1831924 kB
SwapCached:            0 kB
Active:          1638120 kB
Inactive:        1583996 kB
Active(anon):    1390348 kB
Inactive(anon):    26648 kB
Active(file):     247772 kB
Inactive(file):  1557348 kB
Unevictable:        5532 kB
Mlocked:            5532 kB
SwapTotal:       3145724 kB
SwapFree:        3145724 kB
Dirty:               804 kB
Writeback:             0 kB
AnonPages:       1388852 kB
Mapped:           859092 kB
Shmem:             28612 kB
KReclaimable:     548164 kB
Slab:             221620 kB
SReclaimable:      76364 kB
SUnreclaim:       145256 kB
KernelStack:       47136 kB
PageTables:        63276 kB
NFS_Unstable:          0 kB
Bounce:                0 kB
WritebackTmp:          0 kB
CommitLimit:     9202288 kB
Committed_AS:   65893196 kB
VmallocTotal:   263061440 kB
VmallocUsed:      104208 kB
VmallocChunk:          0 kB
Percpu:             7648 kB
CmaTotal:         294912 kB
CmaFree:               0 kB
MemTotal:       12113132 kB
MemFree:         6240252 kB
MemAvailable:    7724888 kB
Buffers:            6288 kB
Cached:          1831988 kB
SwapCached:            0 kB
Active:          1635452 kB
Inactive:        1584052 kB
Active(anon):    1387672 kB
Inactive(anon):    26656 kB
Active(file):     247780 kB
Inactive(file):  1557396 kB
Unevictable:        5532 kB
Mlocked:            5532 kB
SwapTotal:       3145724 kB
SwapFree:        3145724 kB
Dirty:               856 kB
Writeback:             0 kB
AnonPages:       1386704 kB
Mapped:           859120 kB
Shmem:             28620 kB
KReclaimable:     548164 kB
Slab:             221520 kB
SReclaimable:      76364 kB
SUnreclaim:       145156 kB
KernelStack:       47152 kB
PageTables:        62816 kB
NFS_Unstable:          0 kB
Bounce:                0 kB
WritebackTmp:          0 kB
CommitLimit:     9202288 kB
Committed_AS:   65894896 kB
VmallocTotal:   263061440 kB
VmallocUsed:      104288 kB
VmallocChunk:          0 kB
Percpu:             7648 kB
CmaTotal:         294912 kB
CmaFree:               0 kB
MemTotal:       12113132 kB
MemFree:         6241496 kB
MemAvailable:    7726148 kB
Buffers:            6288 kB
Cached:          1832004 kB
SwapCached:            0 kB
Active:          1632116 kB
Inactive:        1584068 kB
Active(anon):    1384336 kB
Inactive(anon):    26656 kB
Active(file):     247780 kB
Inactive(file):  1557412 kB
Unevictable:        5532 kB
Mlocked:            5532 kB
SwapTotal:       3145724 kB
SwapFree:        3145724 kB
Dirty:               820 kB
Writeback:            76 kB
AnonPages:       1383180 kB
Mapped:           859196 kB
Shmem:             28620 kB
KReclaimable:     548164 kB
Slab:             221620 kB
SReclaimable:      76364 kB
SUnreclaim:       145256 kB
KernelStack:       47168 kB
PageTables:        62764 kB
NFS_Unstable:          0 kB
Bounce:                0 kB
WritebackTmp:          0 kB
CommitLimit:     9202288 kB
Committed_AS:   65876568 kB
VmallocTotal:   263061440 kB
VmallocUsed:      104256 kB
VmallocChunk:          0 kB
Percpu:             7648 kB
CmaTotal:         294912 kB
CmaFree:               0 kB
MemTotal:       12113132 kB
MemFree:         6237936 kB
MemAvailable:    7722608 kB
Buffers:            6288 kB
Cached:          1832024 kB
SwapCached:            0 kB
Active:          1638004 kB
Inactive:        1584084 kB
Active(anon):    1390220 kB
Inactive(anon):    26656 kB
Active(file):     247784 kB
Inactive(file):  1557428 kB
Unevictable:        5532 kB
Mlocked:            5532 kB
SwapTotal:       3145724 kB
SwapFree:        3145724 kB
Dirty:               884 kB
Writeback:             0 kB
AnonPages:       1389140 kB
Mapped:           859200 kB
Shmem:             28620 kB
KReclaimable:     548164 kB
Slab:             221620 kB
SReclaimable:      76364 kB
SUnreclaim:       145256 kB
KernelStack:       47072 kB
PageTables:        62924 kB
NFS_Unstable:          0 kB
Bounce:                0 kB
WritebackTmp:          0 kB
CommitLimit:     9202288 kB
Committed_AS:   65882264 kB
VmallocTotal:   263061440 kB
VmallocUsed:      104256 kB
VmallocChunk:          0 kB
Percpu:             7648 kB
CmaTotal:         294912 kB
CmaFree:               4 kB
MemTotal:       12113132 kB
MemFree:         6234124 kB
MemAvailable:    7718804 kB
Buffers:            6288 kB
Cached:          1832036 kB
SwapCached:            0 kB
Active:          1642352 kB
Inactive:        1584100 kB
Active(anon):    1394572 kB
Inactive(anon):    26660 kB
Active(file):     247780 kB
Inactive(file):  1557440 kB
Unevictable:        5532 kB
Mlocked:            5532 kB
SwapTotal:       3145724 kB
SwapFree:        3145724 kB
Dirty:               928 kB
Writeback:             0 kB
AnonPages:       1393016 kB
Mapped:           859336 kB
Shmem:             28624 kB
KReclaimable:     548164 kB
Slab:             221644 kB
SReclaimable:      76364 kB
SUnreclaim:       145280 kB
KernelStack:       47216 kB
PageTables:        63212 kB
NFS_Unstable:          0 kB
Bounce:                0 kB
WritebackTmp:          0 kB
CommitLimit:     9202288 kB
Committed_AS:   65870376 kB
VmallocTotal:   263061440 kB
VmallocUsed:      104240 kB
VmallocChunk:          0 kB
Percpu:             7648 kB
CmaTotal:         294912 kB
CmaFree:               0 kB
MemTotal:       12113132 kB
MemFree:         6231680 kB
MemAvailable:    7716512 kB
Buffers:            6288 kB
Cached:          1832212 kB
SwapCached:            0 kB
Active:          1642060 kB
Inactive:        1584248 kB
Active(anon):    1394252 kB
Inactive(anon):    26684 kB
Active(file):     247808 kB
Inactive(file):  1557564 kB
Unevictable:        5532 kB
Mlocked:            5532 kB
SwapTotal:       3145724 kB
SwapFree:        3145724 kB
Dirty:              1168 kB
Writeback:             0 kB
AnonPages:       1393416 kB
Mapped:           858624 kB
Shmem:             28648 kB
KReclaimable:     548164 kB
Slab:             221656 kB
SReclaimable:      76364 kB
SUnreclaim:       145292 kB
KernelStack:       47504 kB
PageTables:        63420 kB
NFS_Unstable:          0 kB
Bounce:                0 kB
WritebackTmp:          0 kB
CommitLimit:     9202288 kB
Committed_AS:   67732876 kB
VmallocTotal:   263061440 kB
VmallocUsed:      104584 kB
VmallocChunk:          0 kB
Percpu:             7648 kB
CmaTotal:         294912 kB
CmaFree:              32 kB
MemTotal:       12113132 kB
MemFree:         6218496 kB
MemAvailable:    7703348 kB
Buffers:            6288 kB
Cached:          1832296 kB
SwapCached:            0 kB
Active:          1655272 kB
Inactive:        1584292 kB
Active(anon):    1407424 kB
Inactive(anon):    26748 kB
Active(file):     247848 kB
Inactive(file):  1557544 kB
Unevictable:        5532 kB
Mlocked:            5532 kB
SwapTotal:       3145724 kB
SwapFree:        3145724 kB
Dirty:              1232 kB
Writeback:             0 kB
AnonPages:       1406648 kB
Mapped:           862884 kB
Shmem:             28712 kB
KReclaimable:     548164 kB
Slab:             221632 kB
SReclaimable:      76364 kB
SUnreclaim:       145268 kB
KernelStack:       47636 kB
PageTables:        63708 kB
NFS_Unstable:          0 kB
Bounce:                0 kB
WritebackTmp:          0 kB
CommitLimit:     9202288 kB
Committed_AS:   67215120 kB
VmallocTotal:   263061440 kB
VmallocUsed:      104744 kB
VmallocChunk:          0 kB
Percpu:             7648 kB
CmaTotal:         294912 kB
CmaFree:               0 kB
MemTotal:       12113132 kB
MemFree:         6224888 kB
MemAvailable:    7709744 kB
Buffers:            6288 kB
Cached:          1832308 kB
SwapCached:            0 kB
Active:          1647240 kB
Inactive:        1584304 kB
Active(anon):    1399392 kB
Inactive(anon):    26756 kB
Active(file):     247848 kB
Inactive(file):  1557548 kB
Unevictable:        5532 kB
Mlocked:            5532 kB
SwapTotal:       3145724 kB
SwapFree:        3145724 kB
Dirty:              1256 kB
Writeback:             0 kB
AnonPages:       1398612 kB
Mapped:           863048 kB
Shmem:             28720 kB
KReclaimable:     548164 kB
Slab:             221664 kB
SReclaimable:      76364 kB
SUnreclaim:       145300 kB
KernelStack:       47632 kB
PageTables:        63512 kB
NFS_Unstable:          0 kB
Bounce:                0 kB
WritebackTmp:          0 kB
CommitLimit:     9202288 kB
Committed_AS:   67202884 kB
VmallocTotal:   263061440 kB
VmallocUsed:      104760 kB
VmallocChunk:          0 kB
Percpu:             7648 kB
CmaTotal:         294912 kB
CmaFree:               0 kB
MemTotal:       12113132 kB
MemFree:         6230032 kB
MemAvailable:    7714904 kB
Buffers:            6288 kB
Cached:          1832328 kB
SwapCached:            0 kB
Active:          1640748 kB
Inactive:        1584324 kB
Active(anon):    1392900 kB
Inactive(anon):    26760 kB
Active(file):     247848 kB
Inactive(file):  1557564 kB
Unevictable:        5532 kB
Mlocked:            5532 kB
SwapTotal:       3145724 kB
SwapFree:        3145724 kB
Dirty:              1296 kB
Writeback:             0 kB
AnonPages:       1391884 kB
Mapped:           862264 kB
Shmem:             28724 kB
KReclaimable:     548164 kB
Slab:             221664 kB
SReclaimable:      76364 kB
SUnreclaim:       145300 kB
KernelStack:       47568 kB
PageTables:        63620 kB
NFS_Unstable:          0 kB
Bounce:                0 kB
WritebackTmp:          0 kB
CommitLimit:     9202288 kB
Committed_AS:   67215884 kB
VmallocTotal:   263061440 kB
VmallocUsed:      104760 kB
VmallocChunk:          0 kB
Percpu:             7648 kB
CmaTotal:         294912 kB
CmaFree:               0 kB
MemTotal:       12113132 kB
MemFree:         6216800 kB
MemAvailable:    7701684 kB
Buffers:            6288 kB
Cached:          1832340 kB
SwapCached:            0 kB
Active:          1656436 kB
Inactive:        1584336 kB
Active(anon):    1408588 kB
Inactive(anon):    26760 kB
Active(file):     247848 kB
Inactive(file):  1557576 kB
Unevictable:        5532 kB
Mlocked:            5532 kB
SwapTotal:       3145724 kB
SwapFree:        3145724 kB
Dirty:              1368 kB
Writeback:             0 kB
AnonPages:       1403248 kB
Mapped:           862264 kB
Shmem:             28724 kB
KReclaimable:     548164 kB
Slab:             221664 kB
SReclaimable:      76364 kB
SUnreclaim:       145300 kB
KernelStack:       47696 kB
PageTables:        63740 kB
NFS_Unstable:          0 kB
Bounce:                0 kB
WritebackTmp:          0 kB
CommitLimit:     9202288 kB
Committed_AS:   67211744 kB
VmallocTotal:   263061440 kB
VmallocUsed:      104744 kB
VmallocChunk:          0 kB
Percpu:             7648 kB
CmaTotal:         294912 kB
CmaFree:               0 kB
MemTotal:       12113132 kB
MemFree:         6217308 kB
MemAvailable:    7702180 kB
Buffers:            6288 kB
Cached:          1832312 kB
SwapCached:            0 kB
Active:          1654792 kB
Inactive:        1584316 kB
Active(anon):    1406952 kB
Inactive(anon):    26760 kB
Active(file):     247840 kB
Inactive(file):  1557556 kB
Unevictable:        5532 kB
Mlocked:            5532 kB
SwapTotal:       3145724 kB
SwapFree:        3145724 kB
Dirty:              1388 kB
Writeback:             0 kB
AnonPages:       1406560 kB
Mapped:           862284 kB
Shmem:             28724 kB
KReclaimable:     548180 kB
Slab:             221684 kB
SReclaimable:      76380 kB
SUnreclaim:       145304 kB
KernelStack:       47664 kB
PageTables:        63764 kB
NFS_Unstable:          0 kB
Bounce:                0 kB
WritebackTmp:          0 kB
CommitLimit:     9202288 kB
Committed_AS:   67260404 kB
VmallocTotal:   263061440 kB
VmallocUsed:      104792 kB
VmallocChunk:          0 kB
Percpu:             7648 kB
CmaTotal:         294912 kB
CmaFree:               0 kB
MemTotal:       12113132 kB
MemFree:         6194828 kB
MemAvailable:    7680224 kB
Buffers:            6288 kB
Cached:          1833176 kB
SwapCached:            0 kB
Active:          1674572 kB
Inactive:        1584636 kB
Active(anon):    1426704 kB
Inactive(anon):    26588 kB
Active(file):     247868 kB
Inactive(file):  1558048 kB
Unevictable:        5532 kB
Mlocked:            5532 kB
SwapTotal:       3145724 kB
SwapFree:        3145724 kB
Dirty:              1552 kB
Writeback:             0 kB
AnonPages:       1426220 kB
Mapped:           862572 kB
Shmem:             28552 kB
KReclaimable:     548184 kB
Slab:             221684 kB
SReclaimable:      76384 kB
SUnreclaim:       145300 kB
KernelStack:       47600 kB
PageTables:        63544 kB
NFS_Unstable:          0 kB
Bounce:                0 kB
WritebackTmp:          0 kB
CommitLimit:     9202288 kB
Committed_AS:   67259408 kB
VmallocTotal:   263061440 kB
VmallocUsed:      104792 kB
VmallocChunk:          0 kB
Percpu:             7648 kB
CmaTotal:         294912 kB
CmaFree:               4 kB
MemTotal:       12113132 kB
MemFree:         6194300 kB
MemAvailable:    7679236 kB
Buffers:            6288 kB
Cached:          1832384 kB
SwapCached:            0 kB
Active:          1678168 kB
Inactive:        1584364 kB
Active(anon):    1430304 kB
Inactive(anon):    26772 kB
Active(file):     247864 kB
Inactive(file):  1557592 kB
Unevictable:        5532 kB
Mlocked:            5532 kB
SwapTotal:       3145724 kB
SwapFree:        3145724 kB
Dirty:              1328 kB
Writeback:             0 kB
AnonPages:       1429780 kB
Mapped:           863164 kB
Shmem:             28736 kB
KReclaimable:     548184 kB
Slab:             221684 kB
SReclaimable:      76384 kB
SUnreclaim:       145300 kB
KernelStack:       47616 kB
PageTables:        63820 kB
NFS_Unstable:          0 kB
Bounce:                0 kB
WritebackTmp:          0 kB
CommitLimit:     9202288 kB
Committed_AS:   67255024 kB
VmallocTotal:   263061440 kB
VmallocUsed:      104792 kB
