MemTotal:        5980404 kB
MemFree:         2251424 kB
MemAvailable:    3458172 kB
Buffers:            1120 kB
Cached:           713952 kB
SwapCached:         2956 kB
Active:           529192 kB
Inactive:        1025908 kB
Active(anon):     310412 kB
Inactive(anon):   555792 kB
Active(file):     218780 kB
Inactive(file):   470116 kB
Unevictable:        5712 kB
Mlocked:            5712 kB
SwapTotal:       3670008 kB
SwapFree:        3436340 kB
Dirty:             42824 kB
Writeback:             0 kB
AnonPages:        844144 kB
Mapped:           333580 kB
Shmem:             21112 kB
KReclaimable:    1121244 kB
Slab:             202364 kB
SReclaimable:      47364 kB
SUnreclaim:       155000 kB
KernelStack:       45052 kB
PageTables:        56700 kB
NFS_Unstable:          0 kB
Bounce:                0 kB
WritebackTmp:          0 kB
CommitLimit:     6660208 kB
Committed_AS:   67548940 kB
VmallocTotal:   263061440 kB
VmallocUsed:       85440 kB
VmallocChunk:          0 kB
Percpu:             7616 kB
CmaTotal:         315392 kB
CmaFree:               0 kB
MemTotal:        5980404 kB
MemFree:         2187248 kB
MemAvailable:    3458904 kB
Buffers:            1120 kB
Cached:           778548 kB
SwapCached:         2956 kB
Active:           529132 kB
Inactive:        1090252 kB
Active(anon):     309812 kB
Inactive(anon):   555796 kB
Active(file):     219320 kB
Inactive(file):   534456 kB
Unevictable:        5712 kB
Mlocked:            5712 kB
SwapTotal:       3670008 kB
SwapFree:        3436340 kB
Dirty:             60476 kB
Writeback:             0 kB
AnonPages:        843964 kB
Mapped:           333660 kB
Shmem:             21112 kB
KReclaimable:    1121272 kB
Slab:             202424 kB
SReclaimable:      47392 kB
SUnreclaim:       155032 kB
KernelStack:       45088 kB
PageTables:        56800 kB
NFS_Unstable:          0 kB
Bounce:                0 kB
WritebackTmp:          0 kB
CommitLimit:     6660208 kB
Committed_AS:   67547720 kB
VmallocTotal:   263061440 kB
VmallocUsed:       85520 kB
VmallocChunk:          0 kB
Percpu:             7616 kB
CmaTotal:         315392 kB
CmaFree:               0 kB
MemTotal:        5980404 kB
MemFree:         2138468 kB
MemAvailable:    3449880 kB
Buffers:            1120 kB
Cached:           817348 kB
SwapCached:         4824 kB
Active:           541908 kB
Inactive:        1128428 kB
Active(anon):     321492 kB
Inactive(anon):   556016 kB
Active(file):     220416 kB
Inactive(file):   572412 kB
Unevictable:        5712 kB
Mlocked:            5712 kB
SwapTotal:       3670008 kB
SwapFree:        3436540 kB
Dirty:             80020 kB
Writeback:            16 kB
AnonPages:        853960 kB
Mapped:           346072 kB
Shmem:             21060 kB
KReclaimable:    1121976 kB
Slab:             202548 kB
SReclaimable:      47552 kB
SUnreclaim:       154996 kB
KernelStack:       45360 kB
PageTables:        57024 kB
NFS_Unstable:          0 kB
Bounce:                0 kB
WritebackTmp:          0 kB
CommitLimit:     6660208 kB
Committed_AS:   68865392 kB
VmallocTotal:   263061440 kB
VmallocUsed:       85736 kB
VmallocChunk:          0 kB
Percpu:             7616 kB
CmaTotal:         315392 kB
CmaFree:               0 kB
MemTotal:        5980404 kB
MemFree:         1985216 kB
MemAvailable:    3390692 kB
Buffers:            1160 kB
Cached:           910648 kB
SwapCached:         5228 kB
Active:           597760 kB
Inactive:        1220172 kB
Active(anon):     375360 kB
Inactive(anon):   555460 kB
Active(file):     222400 kB
Inactive(file):   664712 kB
Unevictable:        5712 kB
Mlocked:            5712 kB
SwapTotal:       3670008 kB
SwapFree:        3437008 kB
Dirty:             80108 kB
Writeback:             0 kB
AnonPages:        908136 kB
Mapped:           396796 kB
Shmem:             19908 kB
KReclaimable:    1121756 kB
Slab:             202636 kB
SReclaimable:      47668 kB
SUnreclaim:       154968 kB
KernelStack:       45856 kB
PageTables:        57928 kB
NFS_Unstable:          0 kB
Bounce:                0 kB
WritebackTmp:          0 kB
CommitLimit:     6660208 kB
Committed_AS:   68966960 kB
VmallocTotal:   263061440 kB
VmallocUsed:       86296 kB
VmallocChunk:          0 kB
Percpu:             7616 kB
CmaTotal:         315392 kB
CmaFree:              56 kB
MemTotal:        5980404 kB
MemFree:         1867388 kB
MemAvailable:    3201588 kB
Buffers:            1256 kB
Cached:           956040 kB
SwapCached:         5796 kB
Active:           573300 kB
Inactive:        1263152 kB
Active(anon):     348704 kB
Inactive(anon):   554976 kB
Active(file):     224596 kB
Inactive(file):   708176 kB
Unevictable:        5712 kB
Mlocked:            5712 kB
SwapTotal:       3670008 kB
SwapFree:        3437248 kB
Dirty:             80308 kB
Writeback:             0 kB
AnonPages:        880696 kB
Mapped:           428184 kB
Shmem:             19548 kB
KReclaimable:    1004820 kB
Slab:             202780 kB
SReclaimable:      47828 kB
SUnreclaim:       154952 kB
KernelStack:       46664 kB
PageTables:        58728 kB
NFS_Unstable:          0 kB
Bounce:                0 kB
WritebackTmp:          0 kB
CommitLimit:     6660208 kB
Committed_AS:   68989068 kB
VmallocTotal:   263061440 kB
VmallocUsed:       86984 kB
VmallocChunk:          0 kB
Percpu:             7616 kB
CmaTotal:         315392 kB
CmaFree:           18264 kB
MemTotal:        5980404 kB
MemFree:         1824024 kB
MemAvailable:    3230792 kB
Buffers:            1340 kB
Cached:           983600 kB
SwapCached:         5868 kB
Active:           591336 kB
Inactive:        1289088 kB
Active(anon):     365580 kB
Inactive(anon):   554044 kB
Active(file):     225756 kB
Inactive(file):   735044 kB
Unevictable:        5712 kB
Mlocked:            5712 kB
SwapTotal:       3670008 kB
SwapFree:        3437308 kB
Dirty:             80444 kB
Writeback:             0 kB
AnonPages:        896688 kB
Mapped:           452416 kB
Shmem:             19424 kB
KReclaimable:    1049360 kB
Slab:             202884 kB
SReclaimable:      47956 kB
SUnreclaim:       154928 kB
KernelStack:       47084 kB
PageTables:        59080 kB
NFS_Unstable:          0 kB
Bounce:                0 kB
WritebackTmp:          0 kB
CommitLimit:     6660208 kB
Committed_AS:   69003680 kB
VmallocTotal:   263061440 kB
VmallocUsed:       87432 kB
VmallocChunk:          0 kB
Percpu:             7616 kB
CmaTotal:         315392 kB
CmaFree:            5648 kB
MemTotal:        5980404 kB
MemFree:         1823756 kB
MemAvailable:    3230704 kB
Buffers:            1340 kB
Cached:           983760 kB
SwapCached:         5868 kB
Active:           590888 kB
Inactive:        1289212 kB
Active(anon):     365112 kB
Inactive(anon):   553988 kB
Active(file):     225776 kB
Inactive(file):   735224 kB
Unevictable:        5712 kB
Mlocked:            5712 kB
SwapTotal:       3670008 kB
SwapFree:        3437308 kB
Dirty:             80508 kB
Writeback:             0 kB
AnonPages:        896240 kB
Mapped:           452580 kB
Shmem:             19424 kB
KReclaimable:    1049340 kB
Slab:             202900 kB
SReclaimable:      47972 kB
SUnreclaim:       154928 kB
KernelStack:       47144 kB
PageTables:        59264 kB
NFS_Unstable:          0 kB
Bounce:                0 kB
WritebackTmp:          0 kB
CommitLimit:     6660208 kB
Committed_AS:   69007224 kB
VmallocTotal:   263061440 kB
VmallocUsed:       87432 kB
VmallocChunk:          0 kB
Percpu:             7616 kB
CmaTotal:         315392 kB
CmaFree:            5216 kB
MemTotal:        5980404 kB
MemFree:         1821628 kB
MemAvailable:    3228652 kB
Buffers:            1340 kB
Cached:           983808 kB
SwapCached:         5868 kB
Active:           591956 kB
Inactive:        1289212 kB
Active(anon):     366172 kB
Inactive(anon):   553952 kB
Active(file):     225784 kB
Inactive(file):   735260 kB
Unevictable:        5712 kB
Mlocked:            5712 kB
SwapTotal:       3670008 kB
SwapFree:        3437308 kB
Dirty:             80516 kB
Writeback:             0 kB
AnonPages:        897208 kB
Mapped:           452576 kB
Shmem:             19428 kB
KReclaimable:    1049372 kB
Slab:             202932 kB
SReclaimable:      48004 kB
SUnreclaim:       154928 kB
KernelStack:       47024 kB
PageTables:        59104 kB
NFS_Unstable:          0 kB
Bounce:                0 kB
WritebackTmp:          0 kB
CommitLimit:     6660208 kB
Committed_AS:   69006424 kB
VmallocTotal:   263061440 kB
VmallocUsed:       87432 kB
VmallocChunk:          0 kB
Percpu:             7616 kB
CmaTotal:         315392 kB
CmaFree:            3848 kB
MemTotal:        5980404 kB
MemFree:         1820736 kB
MemAvailable:    3227792 kB
Buffers:            1340 kB
Cached:           983824 kB
SwapCached:         5868 kB
Active:           591808 kB
Inactive:        1289200 kB
Active(anon):     366016 kB
Inactive(anon):   553932 kB
Active(file):     225792 kB
Inactive(file):   735268 kB
Unevictable:        5712 kB
Mlocked:            5712 kB
SwapTotal:       3670008 kB
SwapFree:        3437308 kB
Dirty:             80544 kB
Writeback:             0 kB
AnonPages:        896920 kB
Mapped:           452632 kB
Shmem:             19428 kB
KReclaimable:    1049388 kB
Slab:             202948 kB
SReclaimable:      48020 kB
SUnreclaim:       154928 kB
KernelStack:       47040 kB
PageTables:        59248 kB
NFS_Unstable:          0 kB
Bounce:                0 kB
WritebackTmp:          0 kB
CommitLimit:     6660208 kB
Committed_AS:   69006324 kB
VmallocTotal:   263061440 kB
VmallocUsed:       87432 kB
VmallocChunk:          0 kB
Percpu:             7616 kB
CmaTotal:         315392 kB
CmaFree:            2524 kB
MemTotal:        5980404 kB
MemFree:         1816084 kB
MemAvailable:    3226868 kB
Buffers:            1344 kB
Cached:           987540 kB
SwapCached:         5868 kB
Active:           593124 kB
Inactive:        1293032 kB
Active(anon):     367328 kB
Inactive(anon):   554040 kB
Active(file):     225796 kB
Inactive(file):   738992 kB
Unevictable:        5712 kB
Mlocked:            5712 kB
SwapTotal:       3670008 kB
SwapFree:        3437452 kB
Dirty:             80568 kB
Writeback:             0 kB
AnonPages:        898604 kB
Mapped:           454156 kB
Shmem:             19420 kB
KReclaimable:    1049388 kB
Slab:             202916 kB
SReclaimable:      48020 kB
SUnreclaim:       154896 kB
KernelStack:       46960 kB
PageTables:        59200 kB
NFS_Unstable:          0 kB
Bounce:                0 kB
WritebackTmp:          0 kB
CommitLimit:     6660208 kB
Committed_AS:   68998412 kB
VmallocTotal:   263061440 kB
VmallocUsed:       87352 kB
VmallocChunk:          0 kB
Percpu:             7616 kB
CmaTotal:         315392 kB
CmaFree:            2304 kB
MemTotal:        5980404 kB
MemFree:         1817988 kB
MemAvailable:    3228740 kB
Buffers:            1344 kB
Cached:           987548 kB
SwapCached:         5868 kB
Active:           594164 kB
Inactive:        1293040 kB
Active(anon):     368368 kB
Inactive(anon):   554044 kB
Active(file):     225796 kB
Inactive(file):   738996 kB
Unevictable:        5712 kB
Mlocked:            5712 kB
SwapTotal:       3670008 kB
SwapFree:        3437452 kB
Dirty:             80572 kB
Writeback:             0 kB
AnonPages:        899372 kB
Mapped:           454352 kB
Shmem:             19424 kB
KReclaimable:    1049352 kB
Slab:             202880 kB
SReclaimable:      47984 kB
SUnreclaim:       154896 kB
KernelStack:       46968 kB
PageTables:        59004 kB
NFS_Unstable:          0 kB
Bounce:                0 kB
WritebackTmp:          0 kB
CommitLimit:     6660208 kB
Committed_AS:   68996420 kB
VmallocTotal:   263061440 kB
VmallocUsed:       87368 kB
VmallocChunk:          0 kB
Percpu:             7616 kB
CmaTotal:         315392 kB
CmaFree:            1072 kB
MemTotal:        5980404 kB
MemFree:         1512312 kB
MemAvailable:    2941600 kB
Buffers:            1344 kB
Cached:          1124904 kB
SwapCached:         5868 kB
Active:           768304 kB
Inactive:        1425200 kB
Active(anon):     537184 kB
Inactive(anon):   554048 kB
Active(file):     231120 kB
Inactive(file):   871152 kB
Unevictable:        5712 kB
Mlocked:            5712 kB
SwapTotal:       3670008 kB
SwapFree:        3437452 kB
Dirty:             80580 kB
Writeback:             0 kB
AnonPages:       1068836 kB
Mapped:           508284 kB
Shmem:             19428 kB
KReclaimable:     930408 kB
Slab:             203188 kB
SReclaimable:      47984 kB
SUnreclaim:       155204 kB
KernelStack:       46976 kB
PageTables:        59700 kB
NFS_Unstable:          0 kB
Bounce:                0 kB
WritebackTmp:          0 kB
CommitLimit:     6660208 kB
Committed_AS:   69315204 kB
VmallocTotal:   263061440 kB
VmallocUsed:       87368 kB
VmallocChunk:          0 kB
Percpu:             7616 kB
CmaTotal:         315392 kB
CmaFree:               0 kB
MemTotal:        5980404 kB
MemFree:         1440088 kB
MemAvailable:    2830616 kB
Buffers:            1344 kB
Cached:          1199952 kB
SwapCached:         5868 kB
Active:           766632 kB
Inactive:        1499356 kB
Active(anon):     534780 kB
Inactive(anon):   554068 kB
Active(file):     231852 kB
Inactive(file):   945288 kB
Unevictable:        5712 kB
Mlocked:            5712 kB
SwapTotal:       3670008 kB
SwapFree:        3437488 kB
Dirty:             80608 kB
Writeback:             0 kB
AnonPages:       1066044 kB
Mapped:           620648 kB
Shmem:             19428 kB
KReclaimable:     816780 kB
Slab:             203188 kB
SReclaimable:      47984 kB
SUnreclaim:       155204 kB
KernelStack:       46976 kB
PageTables:        60316 kB
NFS_Unstable:          0 kB
Bounce:                0 kB
WritebackTmp:          0 kB
CommitLimit:     6660208 kB
Committed_AS:   69482064 kB
VmallocTotal:   263061440 kB
VmallocUsed:       87336 kB
VmallocChunk:          0 kB
Percpu:             7616 kB
CmaTotal:         315392 kB
CmaFree:               0 kB
MemTotal:        5980404 kB
MemFree:         1294140 kB
MemAvailable:    2703620 kB
Buffers:            1344 kB
Cached:          1258680 kB
SwapCached:         5868 kB
Active:           857304 kB
Inactive:        1555456 kB
Active(anon):     622804 kB
Inactive(anon):   554068 kB
Active(file):     234500 kB
Inactive(file):  1001388 kB
Unevictable:        5712 kB
Mlocked:            5712 kB
SwapTotal:       3670008 kB
SwapFree:        3437492 kB
Dirty:             80648 kB
Writeback:             0 kB
AnonPages:       1153944 kB
Mapped:           633416 kB
Shmem:             19428 kB
KReclaimable:     776984 kB
Slab:             203368 kB
SReclaimable:      48064 kB
SUnreclaim:       155304 kB
KernelStack:       46960 kB
PageTables:        60276 kB
NFS_Unstable:          0 kB
Bounce:                0 kB
WritebackTmp:          0 kB
CommitLimit:     6660208 kB
Committed_AS:   69487684 kB
VmallocTotal:   263061440 kB
VmallocUsed:       87384 kB
VmallocChunk:          0 kB
Percpu:             7616 kB
CmaTotal:         315392 kB
CmaFree:               0 kB
MemTotal:        5980404 kB
MemFree:         1072660 kB
MemAvailable:    2498628 kB
Buffers:            1344 kB
Cached:          1274992 kB
SwapCached:         5868 kB
Active:          1060304 kB
Inactive:        1571912 kB
Active(anon):     825784 kB
Inactive(anon):   554072 kB
Active(file):     234520 kB
Inactive(file):  1017840 kB
Unevictable:        5712 kB
Mlocked:            5712 kB
SwapTotal:       3670008 kB
SwapFree:        3437492 kB
Dirty:             80672 kB
Writeback:             0 kB
AnonPages:       1356996 kB
Mapped:           634076 kB
Shmem:             19436 kB
KReclaimable:     777000 kB
Slab:             203400 kB
SReclaimable:      48080 kB
SUnreclaim:       155320 kB
KernelStack:       46984 kB
PageTables:        60444 kB
NFS_Unstable:          0 kB
Bounce:                0 kB
WritebackTmp:          0 kB
CommitLimit:     6660208 kB
Committed_AS:   69722480 kB
VmallocTotal:   263061440 kB
VmallocUsed:       87448 kB
VmallocChunk:          0 kB
Percpu:             7616 kB
CmaTotal:         315392 kB
CmaFree:             128 kB
MemTotal:        5980404 kB
MemFree:          835172 kB
MemAvailable:    2261272 kB
Buffers:            1344 kB
Cached:          1275228 kB
SwapCached:         5868 kB
Active:          1297060 kB
Inactive:        1571980 kB
Active(anon):    1062512 kB
Inactive(anon):   554068 kB
Active(file):     234548 kB
Inactive(file):  1017912 kB
Unevictable:        5712 kB
Mlocked:            5712 kB
SwapTotal:       3670008 kB
SwapFree:        3437492 kB
Dirty:             80684 kB
Writeback:             0 kB
AnonPages:       1593624 kB
Mapped:           634208 kB
Shmem:             19436 kB
KReclaimable:     777032 kB
Slab:             203424 kB
SReclaimable:      48112 kB
SUnreclaim:       155312 kB
KernelStack:       47020 kB
PageTables:        61024 kB
NFS_Unstable:          0 kB
Bounce:                0 kB
WritebackTmp:          0 kB
CommitLimit:     6660208 kB
Committed_AS:   70180720 kB
VmallocTotal:   263061440 kB
VmallocUsed:       87368 kB
VmallocChunk:          0 kB
Percpu:             7616 kB
CmaTotal:         315392 kB
CmaFree:               4 kB
MemTotal:        5980404 kB
MemFree:          645592 kB
MemAvailable:    2071708 kB
Buffers:            1344 kB
Cached:          1275252 kB
SwapCached:         5868 kB
Active:          1486168 kB
Inactive:        1572004 kB
Active(anon):    1251620 kB
Inactive(anon):   554076 kB
Active(file):     234548 kB
Inactive(file):  1017928 kB
Unevictable:        5712 kB
Mlocked:            5712 kB
SwapTotal:       3670008 kB
SwapFree:        3437492 kB
Dirty:             80740 kB
Writeback:             0 kB
AnonPages:       1782732 kB
Mapped:           634380 kB
Shmem:             19444 kB
KReclaimable:     777032 kB
Slab:             203488 kB
SReclaimable:      48112 kB
SUnreclaim:       155376 kB
KernelStack:       47024 kB
PageTables:        62320 kB
NFS_Unstable:          0 kB
Bounce:                0 kB
WritebackTmp:          0 kB
CommitLimit:     6660208 kB
Committed_AS:   70601924 kB
VmallocTotal:   263061440 kB
VmallocUsed:       87400 kB
VmallocChunk:          0 kB
Percpu:             7616 kB
CmaTotal:         315392 kB
CmaFree:             200 kB
MemTotal:        5980404 kB
MemFree:          643936 kB
MemAvailable:    2070056 kB
Buffers:            1344 kB
Cached:          1275264 kB
SwapCached:         5868 kB
Active:          1487092 kB
Inactive:        1572016 kB
Active(anon):    1252544 kB
Inactive(anon):   554084 kB
Active(file):     234548 kB
Inactive(file):  1017932 kB
Unevictable:        5712 kB
Mlocked:            5712 kB
SwapTotal:       3670008 kB
SwapFree:        3437492 kB
Dirty:             80744 kB
Writeback:             0 kB
AnonPages:       1783832 kB
Mapped:           634304 kB
Shmem:             19452 kB
KReclaimable:     777032 kB
Slab:             203440 kB
SReclaimable:      48112 kB
SUnreclaim:       155328 kB
KernelStack:       46976 kB
PageTables:        62256 kB
NFS_Unstable:          0 kB
Bounce:                0 kB
WritebackTmp:          0 kB
CommitLimit:     6660208 kB
Committed_AS:   70602772 kB
VmallocTotal:   263061440 kB
VmallocUsed:       87368 kB
VmallocChunk:          0 kB
Percpu:             7616 kB
CmaTotal:         315392 kB
CmaFree:               0 kB
MemTotal:        5980404 kB
MemFree:          626900 kB
MemAvailable:    2053024 kB
Buffers:            1344 kB
Cached:          1275268 kB
SwapCached:         5868 kB
Active:          1503904 kB
Inactive:        1572020 kB
Active(anon):    1269356 kB
Inactive(anon):   554084 kB
Active(file):     234548 kB
Inactive(file):  1017936 kB
Unevictable:        5712 kB
Mlocked:            5712 kB
SwapTotal:       3670008 kB
SwapFree:        3437500 kB
Dirty:             80748 kB
Writeback:             0 kB
AnonPages:       1800564 kB
Mapped:           634292 kB
Shmem:             19452 kB
KReclaimable:     777032 kB
Slab:             203432 kB
SReclaimable:      48112 kB
SUnreclaim:       155320 kB
KernelStack:       46960 kB
PageTables:        62252 kB
NFS_Unstable:          0 kB
Bounce:                0 kB
WritebackTmp:          0 kB
CommitLimit:     6660208 kB
Committed_AS:   70619260 kB
VmallocTotal:   263061440 kB
VmallocUsed:       87400 kB
VmallocChunk:          0 kB
Percpu:             7616 kB
CmaTotal:         315392 kB
CmaFree:              20 kB
MemTotal:        5980404 kB
MemFree:          624884 kB
MemAvailable:    2051020 kB
Buffers:            1344 kB
Cached:          1275280 kB
SwapCached:         5868 kB
Active:          1504752 kB
Inactive:        1572032 kB
Active(anon):    1270204 kB
Inactive(anon):   554084 kB
Active(file):     234548 kB
Inactive(file):  1017948 kB
Unevictable:        5712 kB
Mlocked:            5712 kB
SwapTotal:       3670008 kB
SwapFree:        3437500 kB
Dirty:             80764 kB
Writeback:             0 kB
AnonPages:       1801072 kB
Mapped:           634368 kB
Shmem:             19452 kB
KReclaimable:     777032 kB
Slab:             203472 kB
SReclaimable:      48112 kB
SUnreclaim:       155360 kB
KernelStack:       47024 kB
PageTables:        62404 kB
NFS_Unstable:          0 kB
Bounce:                0 kB
WritebackTmp:          0 kB
CommitLimit:     6660208 kB
Committed_AS:   70620112 kB
VmallocTotal:   263061440 kB
VmallocUsed:       87432 kB
VmallocChunk:          0 kB
Percpu:             7616 kB
CmaTotal:         315392 kB
CmaFree:               0 kB
MemTotal:        5980404 kB
MemFree:          625988 kB
MemAvailable:    2052136 kB
Buffers:            1344 kB
Cached:          1275292 kB
SwapCached:         5868 kB
Active:          1501396 kB
Inactive:        1571956 kB
Active(anon):    1266848 kB
Inactive(anon):   553996 kB
Active(file):     234548 kB
Inactive(file):  1017960 kB
Unevictable:        5712 kB
Mlocked:            5712 kB
SwapTotal:       3670008 kB
SwapFree:        3437500 kB
Dirty:             80776 kB
Writeback:             0 kB
AnonPages:       1798036 kB
Mapped:           634304 kB
Shmem:             19452 kB
KReclaimable:     777032 kB
Slab:             203464 kB
SReclaimable:      48112 kB
SUnreclaim:       155352 kB
KernelStack:       46992 kB
PageTables:        62432 kB
NFS_Unstable:          0 kB
Bounce:                0 kB
WritebackTmp:          0 kB
CommitLimit:     6660208 kB
Committed_AS:   70619672 kB
VmallocTotal:   263061440 kB
VmallocUsed:       87416 kB
VmallocChunk:          0 kB
Percpu:             7616 kB
CmaTotal:         315392 kB
CmaFree:             772 kB
MemTotal:        5980404 kB
MemFree:          626744 kB
MemAvailable:    2052892 kB
Buffers:            1344 kB
Cached:          1275292 kB
SwapCached:         5868 kB
Active:          1501820 kB
Inactive:        1571956 kB
Active(anon):    1267272 kB
Inactive(anon):   553996 kB
Active(file):     234548 kB
Inactive(file):  1017960 kB
Unevictable:        5712 kB
Mlocked:            5712 kB
SwapTotal:       3670008 kB
SwapFree:        3437500 kB
Dirty:             80776 kB
Writeback:             0 kB
AnonPages:       1798316 kB
Mapped:           634304 kB
Shmem:             19452 kB
KReclaimable:     777032 kB
Slab:             203440 kB
SReclaimable:      48112 kB
SUnreclaim:       155328 kB
KernelStack:       46976 kB
PageTables:        62288 kB
NFS_Unstable:          0 kB
Bounce:                0 kB
WritebackTmp:          0 kB
CommitLimit:     6660208 kB
Committed_AS:   70618012 kB
VmallocTotal:   263061440 kB
VmallocUsed:       87400 kB
VmallocChunk:          0 kB
Percpu:             7616 kB
CmaTotal:         315392 kB
CmaFree:             648 kB
MemTotal:        5980404 kB
MemFree:          626212 kB
MemAvailable:    2052368 kB
Buffers:            1344 kB
Cached:          1275304 kB
SwapCached:         5868 kB
Active:          1501816 kB
Inactive:        1571968 kB
Active(anon):    1267268 kB
Inactive(anon):   554000 kB
Active(file):     234548 kB
Inactive(file):  1017968 kB
Unevictable:        5712 kB
Mlocked:            5712 kB
SwapTotal:       3670008 kB
SwapFree:        3437500 kB
Dirty:             80784 kB
Writeback:             0 kB
AnonPages:       1798468 kB
Mapped:           634536 kB
Shmem:             19456 kB
KReclaimable:     777032 kB
Slab:             203464 kB
SReclaimable:      48112 kB
SUnreclaim:       155352 kB
KernelStack:       46992 kB
PageTables:        62432 kB
NFS_Unstable:          0 kB
Bounce:                0 kB
WritebackTmp:          0 kB
CommitLimit:     6660208 kB
Committed_AS:   70618652 kB
VmallocTotal:   263061440 kB
VmallocUsed:       87400 kB
VmallocChunk:          0 kB
Percpu:             7616 kB
CmaTotal:         315392 kB
CmaFree:             288 kB
MemTotal:        5980404 kB
MemFree:          625852 kB
MemAvailable:    2052012 kB
Buffers:            1344 kB
Cached:          1275308 kB
SwapCached:         5868 kB
Active:          1502048 kB
Inactive:        1571968 kB
Active(anon):    1267496 kB
Inactive(anon):   554000 kB
Active(file):     234552 kB
Inactive(file):  1017968 kB
Unevictable:        5712 kB
Mlocked:            5712 kB
SwapTotal:       3670008 kB
SwapFree:        3437500 kB
Dirty:             80788 kB
Writeback:             0 kB
AnonPages:       1798596 kB
Mapped:           634308 kB
Shmem:             19456 kB
KReclaimable:     777032 kB
Slab:             203424 kB
SReclaimable:      48112 kB
SUnreclaim:       155312 kB
KernelStack:       46976 kB
PageTables:        62292 kB
NFS_Unstable:          0 kB
Bounce:                0 kB
WritebackTmp:          0 kB
CommitLimit:     6660208 kB
Committed_AS:   70618288 kB
VmallocTotal:   263061440 kB
VmallocUsed:       87416 kB
VmallocChunk:          0 kB
Percpu:             7616 kB
CmaTotal:         315392 kB
CmaFree:             128 kB
MemTotal:        5980404 kB
MemFree:          609996 kB
MemAvailable:    2036176 kB
Buffers:            1348 kB
Cached:          1275324 kB
SwapCached:         5868 kB
Active:          1519128 kB
Inactive:        1571984 kB
Active(anon):    1284572 kB
Inactive(anon):   554000 kB
Active(file):     234556 kB
Inactive(file):  1017984 kB
Unevictable:        5712 kB
Mlocked:            5712 kB
SwapTotal:       3670008 kB
SwapFree:        3437500 kB
Dirty:             80788 kB
Writeback:             0 kB
AnonPages:       1815720 kB
Mapped:           634364 kB
Shmem:             19456 kB
KReclaimable:     777032 kB
Slab:             203424 kB
SReclaimable:      48112 kB
SUnreclaim:       155312 kB
KernelStack:       46976 kB
PageTables:        62320 kB
NFS_Unstable:          0 kB
Bounce:                0 kB
WritebackTmp:          0 kB
CommitLimit:     6660208 kB
Committed_AS:   70634284 kB
VmallocTotal:   263061440 kB
VmallocUsed:       87416 kB
VmallocChunk:          0 kB
Percpu:             7616 kB
CmaTotal:         315392 kB
CmaFree:              92 kB
MemTotal:        5980404 kB
MemFree:          609848 kB
MemAvailable:    2036032 kB
Buffers:            1348 kB
Cached:          1275332 kB
SwapCached:         5868 kB
Active:          1517916 kB
Inactive:        1571992 kB
Active(anon):    1283360 kB
Inactive(anon):   554004 kB
Active(file):     234556 kB
Inactive(file):  1017988 kB
Unevictable:        5712 kB
Mlocked:            5712 kB
SwapTotal:       3670008 kB
SwapFree:        3437500 kB
Dirty:             80792 kB
Writeback:             0 kB
AnonPages:       1814612 kB
Mapped:           634368 kB
Shmem:             19460 kB
KReclaimable:     777032 kB
Slab:             203432 kB
SReclaimable:      48112 kB
SUnreclaim:       155320 kB
KernelStack:       46976 kB
PageTables:        62312 kB
NFS_Unstable:          0 kB
Bounce:                0 kB
WritebackTmp:          0 kB
CommitLimit:     6660208 kB
Committed_AS:   70639644 kB
VmallocTotal:   263061440 kB
VmallocUsed:       87400 kB
VmallocChunk:          0 kB
Percpu:             7616 kB
CmaTotal:         315392 kB
CmaFree:             420 kB
MemTotal:        5980404 kB
MemFree:          730620 kB
MemAvailable:    2118152 kB
Buffers:            1348 kB
Cached:          1328208 kB
SwapCached:         5868 kB
Active:          1348052 kB
Inactive:        1622760 kB
Active(anon):    1111392 kB
Inactive(anon):   554004 kB
Active(file):     236660 kB
Inactive(file):  1068756 kB
Unevictable:        5712 kB
Mlocked:            5712 kB
SwapTotal:       3670008 kB
SwapFree:        3437500 kB
Dirty:             80808 kB
Writeback:             0 kB
AnonPages:       1642120 kB
Mapped:           642188 kB
Shmem:             19460 kB
KReclaimable:     685508 kB
Slab:             203648 kB
SReclaimable:      48192 kB
SUnreclaim:       155456 kB
KernelStack:       46992 kB
PageTables:        62468 kB
NFS_Unstable:          0 kB
Bounce:                0 kB
WritebackTmp:          0 kB
CommitLimit:     6660208 kB
Committed_AS:   70639708 kB
VmallocTotal:   263061440 kB
VmallocUsed:       87432 kB
VmallocChunk:          0 kB
Percpu:             7616 kB
CmaTotal:         315392 kB
CmaFree:              72 kB
MemTotal:        5980404 kB
MemFree:          690340 kB
MemAvailable:    2041992 kB
Buffers:            1356 kB
Cached:          1350268 kB
SwapCached:         5872 kB
Active:          1367596 kB
Inactive:        1641052 kB
Active(anon):    1127572 kB
Inactive(anon):   554024 kB
Active(file):     240024 kB
Inactive(file):  1087028 kB
Unevictable:        5712 kB
Mlocked:            5712 kB
SwapTotal:       3670008 kB
SwapFree:        3437548 kB
Dirty:             80812 kB
Writeback:             0 kB
AnonPages:       1658540 kB
Mapped:           659824 kB
Shmem:             19468 kB
KReclaimable:     627992 kB
Slab:             203756 kB
SReclaimable:      48208 kB
SUnreclaim:       155548 kB
KernelStack:       47052 kB
PageTables:        62364 kB
NFS_Unstable:          0 kB
Bounce:                0 kB
WritebackTmp:          0 kB
CommitLimit:     6660208 kB
Committed_AS:   70644932 kB
VmallocTotal:   263061440 kB
VmallocUsed:       87480 kB
VmallocChunk:          0 kB
Percpu:             7616 kB
CmaTotal:         315392 kB
CmaFree:               0 kB
MemTotal:        5980404 kB
MemFree:          655388 kB
MemAvailable:    2236568 kB
Buffers:            1356 kB
Cached:          1364200 kB
SwapCached:         5872 kB
Active:          1389168 kB
Inactive:        1654808 kB
Active(anon):    1148520 kB
Inactive(anon):   554068 kB
Active(file):     240648 kB
Inactive(file):  1100740 kB
Unevictable:        5712 kB
Mlocked:            5712 kB
SwapTotal:       3670008 kB
SwapFree:        3437552 kB
Dirty:             80828 kB
Writeback:             0 kB
AnonPages:       1679688 kB
Mapped:           660864 kB
Shmem:             19492 kB
KReclaimable:     843184 kB
Slab:             203920 kB
SReclaimable:      48304 kB
SUnreclaim:       155616 kB
KernelStack:       47232 kB
PageTables:        62032 kB
NFS_Unstable:          0 kB
Bounce:                0 kB
WritebackTmp:          0 kB
CommitLimit:     6660208 kB
Committed_AS:   70643728 kB
VmallocTotal:   263061440 kB
VmallocUsed:       87672 kB
VmallocChunk:          0 kB
Percpu:             7616 kB
CmaTotal:         315392 kB
CmaFree:               0 kB
MemTotal:        5980404 kB
MemFree:          645728 kB
MemAvailable:    2228504 kB
Buffers:            1356 kB
Cached:          1366488 kB
SwapCached:         5872 kB
Active:          1395848 kB
Inactive:        1655392 kB
Active(anon):    1153496 kB
Inactive(anon):   554068 kB
Active(file):     242352 kB
Inactive(file):  1101324 kB
Unevictable:        5712 kB
Mlocked:            5712 kB
SwapTotal:       3670008 kB
SwapFree:        3437552 kB
Dirty:             80828 kB
Writeback:             0 kB
AnonPages:       1684652 kB
Mapped:           655608 kB
Shmem:             19492 kB
KReclaimable:     842492 kB
Slab:             203992 kB
SReclaimable:      48368 kB
SUnreclaim:       155624 kB
KernelStack:       47264 kB
PageTables:        62120 kB
NFS_Unstable:          0 kB
Bounce:                0 kB
WritebackTmp:          0 kB
CommitLimit:     6660208 kB
Committed_AS:   70645860 kB
VmallocTotal:   263061440 kB
VmallocUsed:       87720 kB
VmallocChunk:          0 kB
Percpu:             7616 kB
CmaTotal:         315392 kB
CmaFree:              44 kB
MemTotal:        5980404 kB
MemFree:          643164 kB
MemAvailable:    2226684 kB
Buffers:            1356 kB
Cached:          1367232 kB
SwapCached:         5872 kB
Active:          1396944 kB
Inactive:        1656088 kB
Active(anon):    1154544 kB
Inactive(anon):   554068 kB
Active(file):     242400 kB
Inactive(file):  1102020 kB
Unevictable:        5712 kB
Mlocked:            5712 kB
SwapTotal:       3670008 kB
SwapFree:        3437552 kB
Dirty:             80836 kB
Writeback:             0 kB
AnonPages:       1685800 kB
Mapped:           656472 kB
Shmem:             19492 kB
KReclaimable:     842492 kB
Slab:             204016 kB
SReclaimable:      48368 kB
SUnreclaim:       155648 kB
KernelStack:       47296 kB
PageTables:        62156 kB
NFS_Unstable:          0 kB
Bounce:                0 kB
WritebackTmp:          0 kB
CommitLimit:     6660208 kB
Committed_AS:   70644688 kB
VmallocTotal:   263061440 kB
VmallocUsed:       87720 kB
VmallocChunk:          0 kB
Percpu:             7616 kB
CmaTotal:         315392 kB
CmaFree:               0 kB
MemTotal:        5980404 kB
MemFree:          639776 kB
MemAvailable:    2223484 kB
Buffers:            1356 kB
Cached:          1367404 kB
SwapCached:         5872 kB
Active:          1400488 kB
Inactive:        1656260 kB
Active(anon):    1158088 kB
Inactive(anon):   554068 kB
Active(file):     242400 kB
Inactive(file):  1102192 kB
Unevictable:        5712 kB
Mlocked:            5712 kB
SwapTotal:       3670008 kB
SwapFree:        3437552 kB
Dirty:              1152 kB
Writeback:             0 kB
AnonPages:       1689212 kB
Mapped:           656576 kB
Shmem:             19492 kB
KReclaimable:     842508 kB
Slab:             204044 kB
SReclaimable:      48384 kB
SUnreclaim:       155660 kB
KernelStack:       47280 kB
PageTables:        62216 kB
NFS_Unstable:          0 kB
Bounce:                0 kB
WritebackTmp:          0 kB
CommitLimit:     6660208 kB
Committed_AS:   70642368 kB
VmallocTotal:   263061440 kB
VmallocUsed:       87688 kB
VmallocChunk:          0 kB
Percpu:             7616 kB
CmaTotal:         315392 kB
CmaFree:               0 kB
MemTotal:        5980404 kB
MemFree:          619440 kB
MemAvailable:    2203268 kB
Buffers:            1356 kB
Cached:          1367508 kB
SwapCached:         5872 kB
Active:          1422000 kB
Inactive:        1656360 kB
Active(anon):    1179596 kB
Inactive(anon):   554068 kB
Active(file):     242404 kB
Inactive(file):  1102292 kB
Unevictable:        5712 kB
Mlocked:            5712 kB
SwapTotal:       3670008 kB
SwapFree:        3437552 kB
Dirty:              3032 kB
Writeback:             0 kB
AnonPages:       1710816 kB
Mapped:           656480 kB
Shmem:             19492 kB
KReclaimable:     842524 kB
Slab:             204044 kB
SReclaimable:      48400 kB
SUnreclaim:       155644 kB
KernelStack:       47280 kB
PageTables:        62148 kB
NFS_Unstable:          0 kB
Bounce:                0 kB
WritebackTmp:          0 kB
CommitLimit:     6660208 kB
Committed_AS:   70640908 kB
VmallocTotal:   263061440 kB
VmallocUsed:       87688 kB
VmallocChunk:          0 kB
Percpu:             7616 kB
CmaTotal:         315392 kB
CmaFree:               0 kB
MemTotal:        5980404 kB
MemFree:          600500 kB
MemAvailable:    2184344 kB
Buffers:            1356 kB
Cached:          1367524 kB
SwapCached:         5872 kB
Active:          1440512 kB
Inactive:        1656376 kB
Active(anon):    1198108 kB
Inactive(anon):   554068 kB
Active(file):     242404 kB
Inactive(file):  1102308 kB
Unevictable:        5712 kB
Mlocked:            5712 kB
SwapTotal:       3670008 kB
SwapFree:        3437552 kB
Dirty:              3060 kB
Writeback:             0 kB
AnonPages:       1729216 kB
Mapped:           656464 kB
Shmem:             19492 kB
KReclaimable:     842524 kB
Slab:             204052 kB
SReclaimable:      48400 kB
SUnreclaim:       155652 kB
KernelStack:       47248 kB
PageTables:        62124 kB
NFS_Unstable:          0 kB
Bounce:                0 kB
WritebackTmp:          0 kB
CommitLimit:     6660208 kB
Committed_AS:   70644596 kB
VmallocTotal:   263061440 kB
VmallocUsed:       87704 kB
VmallocChunk:          0 kB
Percpu:             7616 kB
CmaTotal:         315392 kB
CmaFree:               0 kB
MemTotal:        5980404 kB
MemFree:          598820 kB
MemAvailable:    2182664 kB
Buffers:            1356 kB
Cached:          1367524 kB
SwapCached:         5872 kB
Active:          1441672 kB
Inactive:        1656376 kB
Active(anon):    1199268 kB
Inactive(anon):   554068 kB
Active(file):     242404 kB
Inactive(file):  1102308 kB
Unevictable:        5712 kB
Mlocked:            5712 kB
SwapTotal:       3670008 kB
SwapFree:        3437552 kB
Dirty:              3060 kB
Writeback:             0 kB
AnonPages:       1730392 kB
Mapped:           656596 kB
Shmem:             19492 kB
KReclaimable:     842524 kB
Slab:             204060 kB
SReclaimable:      48400 kB
SUnreclaim:       155660 kB
KernelStack:       47296 kB
PageTables:        62188 kB
NFS_Unstable:          0 kB
Bounce:                0 kB
WritebackTmp:          0 kB
CommitLimit:     6660208 kB
Committed_AS:   70643796 kB
VmallocTotal:   263061440 kB
VmallocUsed:       87704 kB
VmallocChunk:          0 kB
Percpu:             7616 kB
CmaTotal:         315392 kB
CmaFree:               0 kB
MemTotal:        5980404 kB
MemFree:          598340 kB
MemAvailable:    2182196 kB
Buffers:            1356 kB
Cached:          1367536 kB
SwapCached:         5872 kB
Active:          1443464 kB
Inactive:        1656388 kB
Active(anon):    1201060 kB
Inactive(anon):   554068 kB
Active(file):     242404 kB
Inactive(file):  1102320 kB
Unevictable:        5712 kB
Mlocked:            5712 kB
SwapTotal:       3670008 kB
SwapFree:        3437552 kB
Dirty:              3072 kB
Writeback:             0 kB
AnonPages:       1732148 kB
Mapped:           656608 kB
Shmem:             19492 kB
KReclaimable:     842524 kB
Slab:             204060 kB
SReclaimable:      48400 kB
SUnreclaim:       155660 kB
KernelStack:       47280 kB
PageTables:        62152 kB
NFS_Unstable:          0 kB
Bounce:                0 kB
WritebackTmp:          0 kB
CommitLimit:     6660208 kB
Committed_AS:   70643444 kB
VmallocTotal:   263061440 kB
VmallocUsed:       87704 kB
VmallocChunk:          0 kB
Percpu:             7616 kB
CmaTotal:         315392 kB
CmaFree:               0 kB
MemTotal:        5980404 kB
MemFree:          595576 kB
MemAvailable:    2179440 kB
Buffers:            1356 kB
Cached:          1367548 kB
SwapCached:         5872 kB
Active:          1445972 kB
Inactive:        1656400 kB
Active(anon):    1203568 kB
Inactive(anon):   554072 kB
Active(file):     242404 kB
Inactive(file):  1102328 kB
Unevictable:        5712 kB
Mlocked:            5712 kB
SwapTotal:       3670008 kB
SwapFree:        3437552 kB
Dirty:              2336 kB
Writeback:             0 kB
AnonPages:       1734704 kB
Mapped:           656608 kB
Shmem:             19496 kB
KReclaimable:     842524 kB
Slab:             204040 kB
SReclaimable:      48400 kB
SUnreclaim:       155640 kB
KernelStack:       47296 kB
PageTables:        62196 kB
NFS_Unstable:          0 kB
Bounce:                0 kB
WritebackTmp:          0 kB
CommitLimit:     6660208 kB
Committed_AS:   70643196 kB
VmallocTotal:   263061440 kB
VmallocUsed:       87720 kB
VmallocChunk:          0 kB
Percpu:             7616 kB
CmaTotal:         315392 kB
CmaFree:               0 kB
MemTotal:        5980404 kB
MemFree:          594700 kB
MemAvailable:    2178572 kB
Buffers:            1356 kB
Cached:          1367556 kB
SwapCached:         5872 kB
Active:          1447336 kB
Inactive:        1656408 kB
Active(anon):    1204932 kB
Inactive(anon):   554072 kB
Active(file):     242404 kB
Inactive(file):  1102336 kB
Unevictable:        5712 kB
Mlocked:            5712 kB
SwapTotal:       3670008 kB
SwapFree:        3437552 kB
Dirty:              2376 kB
Writeback:             0 kB
AnonPages:       1736032 kB
Mapped:           656612 kB
Shmem:             19496 kB
KReclaimable:     842524 kB
Slab:             204024 kB
SReclaimable:      48400 kB
SUnreclaim:       155624 kB
KernelStack:       47280 kB
PageTables:        62144 kB
NFS_Unstable:          0 kB
Bounce:                0 kB
WritebackTmp:          0 kB
CommitLimit:     6660208 kB
Committed_AS:   70643312 kB
VmallocTotal:   263061440 kB
VmallocUsed:       87736 kB
VmallocChunk:          0 kB
Percpu:             7616 kB
CmaTotal:         315392 kB
CmaFree:               0 kB
MemTotal:        5980404 kB
MemFree:          592948 kB
MemAvailable:    2176824 kB
Buffers:            1356 kB
Cached:          1367568 kB
SwapCached:         5872 kB
Active:          1448464 kB
Inactive:        1656420 kB
Active(anon):    1206060 kB
Inactive(anon):   554080 kB
Active(file):     242404 kB
Inactive(file):  1102340 kB
Unevictable:        5712 kB
Mlocked:            5712 kB
SwapTotal:       3670008 kB
SwapFree:        3437552 kB
Dirty:              2396 kB
Writeback:             0 kB
AnonPages:       1737284 kB
Mapped:           656608 kB
Shmem:             19504 kB
KReclaimable:     842524 kB
Slab:             204024 kB
SReclaimable:      48400 kB
SUnreclaim:       155624 kB
KernelStack:       47248 kB
PageTables:        62120 kB
NFS_Unstable:          0 kB
Bounce:                0 kB
WritebackTmp:          0 kB
CommitLimit:     6660208 kB
Committed_AS:   70641416 kB
VmallocTotal:   263061440 kB
VmallocUsed:       87704 kB
VmallocChunk:          0 kB
Percpu:             7616 kB
CmaTotal:         315392 kB
CmaFree:               0 kB
MemTotal:        5980404 kB
MemFree:          591400 kB
MemAvailable:    2175804 kB
Buffers:            1360 kB
Cached:          1368092 kB
SwapCached:         5872 kB
Active:          1449860 kB
Inactive:        1656948 kB
Active(anon):    1207452 kB
Inactive(anon):   554084 kB
Active(file):     242408 kB
Inactive(file):  1102864 kB
Unevictable:        5712 kB
Mlocked:            5712 kB
SwapTotal:       3670008 kB
SwapFree:        3437556 kB
Dirty:              2388 kB
Writeback:             0 kB
AnonPages:       1738488 kB
Mapped:           656768 kB
Shmem:             19504 kB
KReclaimable:     842524 kB
Slab:             204056 kB
SReclaimable:      48400 kB
SUnreclaim:       155656 kB
KernelStack:       47296 kB
PageTables:        62220 kB
NFS_Unstable:          0 kB
Bounce:                0 kB
WritebackTmp:          0 kB
CommitLimit:     6660208 kB
Committed_AS:   70641196 kB
VmallocTotal:   263061440 kB
VmallocUsed:       87720 kB
VmallocChunk:          0 kB
Percpu:             7616 kB
CmaTotal:         315392 kB
CmaFree:               0 kB
MemTotal:        5980404 kB
MemFree:          590848 kB
MemAvailable:    2175264 kB
Buffers:            1360 kB
Cached:          1368104 kB
SwapCached:         5872 kB
Active:          1451120 kB
Inactive:        1656960 kB
Active(anon):    1208712 kB
Inactive(anon):   554084 kB
Active(file):     242408 kB
Inactive(file):  1102876 kB
Unevictable:        5712 kB
Mlocked:            5712 kB
SwapTotal:       3670008 kB
SwapFree:        3437556 kB
Dirty:              2400 kB
Writeback:             0 kB
AnonPages:       1739892 kB
Mapped:           656748 kB
Shmem:             19504 kB
KReclaimable:     842524 kB
Slab:             204056 kB
SReclaimable:      48400 kB
SUnreclaim:       155656 kB
KernelStack:       47312 kB
PageTables:        62220 kB
NFS_Unstable:          0 kB
Bounce:                0 kB
WritebackTmp:          0 kB
CommitLimit:     6660208 kB
Committed_AS:   70639660 kB
VmallocTotal:   263061440 kB
VmallocUsed:       87720 kB
VmallocChunk:          0 kB
Percpu:             7616 kB
CmaTotal:         315392 kB
CmaFree:               0 kB
MemTotal:        5980404 kB
MemFree:          588800 kB
MemAvailable:    2173220 kB
Buffers:            1360 kB
Cached:          1368112 kB
SwapCached:         5872 kB
Active:          1452456 kB
Inactive:        1656968 kB
Active(anon):    1210048 kB
Inactive(anon):   554088 kB
Active(file):     242408 kB
Inactive(file):  1102880 kB
Unevictable:        5712 kB
Mlocked:            5712 kB
SwapTotal:       3670008 kB
SwapFree:        3437556 kB
Dirty:              2412 kB
Writeback:             0 kB
AnonPages:       1741128 kB
Mapped:           656748 kB
Shmem:             19508 kB
KReclaimable:     842524 kB
Slab:             204024 kB
SReclaimable:      48400 kB
SUnreclaim:       155624 kB
KernelStack:       47264 kB
PageTables:        62132 kB
NFS_Unstable:          0 kB
Bounce:                0 kB
WritebackTmp:          0 kB
CommitLimit:     6660208 kB
Committed_AS:   70640612 kB
VmallocTotal:   263061440 kB
VmallocUsed:       87736 kB
VmallocChunk:          0 kB
Percpu:             7616 kB
CmaTotal:         315392 kB
CmaFree:               0 kB
MemTotal:        5980404 kB
MemFree:          586744 kB
MemAvailable:    2171688 kB
Buffers:            1360 kB
Cached:          1368636 kB
SwapCached:         5872 kB
Active:          1453736 kB
Inactive:        1657488 kB
Active(anon):    1211324 kB
Inactive(anon):   554088 kB
Active(file):     242412 kB
Inactive(file):  1103400 kB
Unevictable:        5712 kB
Mlocked:            5712 kB
SwapTotal:       3670008 kB
SwapFree:        3437556 kB
Dirty:              2424 kB
Writeback:             0 kB
AnonPages:       1742576 kB
Mapped:           656816 kB
Shmem:             19508 kB
KReclaimable:     842524 kB
Slab:             204032 kB
SReclaimable:      48400 kB
SUnreclaim:       155632 kB
KernelStack:       47280 kB
PageTables:        62124 kB
NFS_Unstable:          0 kB
Bounce:                0 kB
WritebackTmp:          0 kB
CommitLimit:     6660208 kB
Committed_AS:   70643196 kB
VmallocTotal:   263061440 kB
VmallocUsed:       87752 kB
VmallocChunk:          0 kB
Percpu:             7616 kB
CmaTotal:         315392 kB
CmaFree:               0 kB
MemTotal:        5980404 kB
MemFree:          585840 kB
MemAvailable:    2170788 kB
Buffers:            1360 kB
Cached:          1368640 kB
SwapCached:         5872 kB
Active:          1454996 kB
Inactive:        1657492 kB
Active(anon):    1212584 kB
Inactive(anon):   554088 kB
Active(file):     242412 kB
Inactive(file):  1103404 kB
Unevictable:        5712 kB
Mlocked:            5712 kB
SwapTotal:       3670008 kB
SwapFree:        3437556 kB
Dirty:              2428 kB
Writeback:             0 kB
AnonPages:       1743592 kB
Mapped:           656816 kB
Shmem:             19508 kB
KReclaimable:     842524 kB
Slab:             204048 kB
SReclaimable:      48400 kB
SUnreclaim:       155648 kB
KernelStack:       47280 kB
PageTables:        62264 kB
NFS_Unstable:          0 kB
Bounce:                0 kB
WritebackTmp:          0 kB
CommitLimit:     6660208 kB
Committed_AS:   70643688 kB
VmallocTotal:   263061440 kB
VmallocUsed:       87736 kB
VmallocChunk:          0 kB
Percpu:             7616 kB
CmaTotal:         315392 kB
CmaFree:               0 kB
MemTotal:        5980404 kB
MemFree:          583620 kB
MemAvailable:    2168576 kB
Buffers:            1360 kB
Cached:          1368648 kB
SwapCached:         5872 kB
Active:          1456060 kB
Inactive:        1657500 kB
Active(anon):    1213648 kB
Inactive(anon):   554088 kB
Active(file):     242412 kB
Inactive(file):  1103412 kB
Unevictable:        5712 kB
Mlocked:            5712 kB
SwapTotal:       3670008 kB
SwapFree:        3437556 kB
Dirty:              2436 kB
Writeback:             0 kB
AnonPages:       1744872 kB
Mapped:           656820 kB
Shmem:             19508 kB
KReclaimable:     842524 kB
Slab:             204056 kB
SReclaimable:      48400 kB
SUnreclaim:       155656 kB
KernelStack:       47312 kB
PageTables:        62236 kB
NFS_Unstable:          0 kB
Bounce:                0 kB
WritebackTmp:          0 kB
CommitLimit:     6660208 kB
Committed_AS:   70646832 kB
VmallocTotal:   263061440 kB
VmallocUsed:       87720 kB
VmallocChunk:          0 kB
Percpu:             7616 kB
CmaTotal:         315392 kB
CmaFree:               0 kB
MemTotal:        5980404 kB
MemFree:          582196 kB
MemAvailable:    2167160 kB
Buffers:            1360 kB
Cached:          1368656 kB
SwapCached:         5872 kB
Active:          1457004 kB
Inactive:        1657508 kB
Active(anon):    1214592 kB
Inactive(anon):   554088 kB
Active(file):     242412 kB
Inactive(file):  1103420 kB
Unevictable:        5712 kB
Mlocked:            5712 kB
SwapTotal:       3670008 kB
SwapFree:        3437556 kB
Dirty:              2444 kB
Writeback:             0 kB
AnonPages:       1745740 kB
Mapped:           656816 kB
Shmem:             19508 kB
KReclaimable:     842524 kB
Slab:             204024 kB
SReclaimable:      48400 kB
SUnreclaim:       155624 kB
KernelStack:       47248 kB
PageTables:        62124 kB
NFS_Unstable:          0 kB
Bounce:                0 kB
WritebackTmp:          0 kB
CommitLimit:     6660208 kB
Committed_AS:   70646452 kB
VmallocTotal:   263061440 kB
VmallocUsed:       87736 kB
VmallocChunk:          0 kB
Percpu:             7616 kB
CmaTotal:         315392 kB
CmaFree:               0 kB
MemTotal:        5980404 kB
MemFree:          582120 kB
MemAvailable:    2167084 kB
Buffers:            1360 kB
Cached:          1368656 kB
SwapCached:         5872 kB
Active:          1458760 kB
Inactive:        1657508 kB
Active(anon):    1216348 kB
Inactive(anon):   554088 kB
Active(file):     242412 kB
Inactive(file):  1103420 kB
Unevictable:        5712 kB
Mlocked:            5712 kB
SwapTotal:       3670008 kB
SwapFree:        3437556 kB
Dirty:              2452 kB
Writeback:             0 kB
AnonPages:       1747544 kB
Mapped:           656816 kB
Shmem:             19508 kB
KReclaimable:     842524 kB
Slab:             204016 kB
SReclaimable:      48400 kB
SUnreclaim:       155616 kB
KernelStack:       47248 kB
PageTables:        62124 kB
NFS_Unstable:          0 kB
Bounce:                0 kB
WritebackTmp:          0 kB
CommitLimit:     6660208 kB
Committed_AS:   70644848 kB
VmallocTotal:   263061440 kB
VmallocUsed:       87704 kB
VmallocChunk:          0 kB
Percpu:             7616 kB
CmaTotal:         315392 kB
CmaFree:               0 kB
MemTotal:        5980404 kB
MemFree:          579592 kB
MemAvailable:    2164568 kB
Buffers:            1360 kB
Cached:          1368704 kB
SwapCached:         5872 kB
Active:          1460860 kB
Inactive:        1657552 kB
Active(anon):    1218444 kB
Inactive(anon):   554124 kB
Active(file):     242416 kB
Inactive(file):  1103428 kB
Unevictable:        5712 kB
Mlocked:            5712 kB
SwapTotal:       3670008 kB
SwapFree:        3437556 kB
Dirty:              2460 kB
Writeback:             0 kB
AnonPages:       1749796 kB
Mapped:           656992 kB
Shmem:             19544 kB
KReclaimable:     842524 kB
Slab:             204016 kB
SReclaimable:      48400 kB
SUnreclaim:       155616 kB
KernelStack:       47292 kB
PageTables:        62072 kB
NFS_Unstable:          0 kB
Bounce:                0 kB
WritebackTmp:          0 kB
CommitLimit:     6660208 kB
Committed_AS:   70646232 kB
VmallocTotal:   263061440 kB
VmallocUsed:       87720 kB
VmallocChunk:          0 kB
Percpu:             7616 kB
CmaTotal:         315392 kB
CmaFree:               0 kB
MemTotal:        5980404 kB
MemFree:          601920 kB
MemAvailable:    2351088 kB
Buffers:            1360 kB
Cached:          1368728 kB
SwapCached:         5872 kB
Active:          1436016 kB
Inactive:        1657556 kB
Active(anon):    1193580 kB
Inactive(anon):   554124 kB
Active(file):     242436 kB
Inactive(file):  1103432 kB
Unevictable:        5712 kB
Mlocked:            5712 kB
SwapTotal:       3670008 kB
SwapFree:        3437556 kB
Dirty:              2472 kB
Writeback:             0 kB
AnonPages:       1724556 kB
Mapped:           519520 kB
Shmem:             19544 kB
KReclaimable:    1006692 kB
Slab:             203912 kB
SReclaimable:      48400 kB
SUnreclaim:       155512 kB
KernelStack:       47648 kB
PageTables:        61960 kB
NFS_Unstable:          0 kB
Bounce:                0 kB
WritebackTmp:          0 kB
CommitLimit:     6660208 kB
Committed_AS:   70644016 kB
VmallocTotal:   263061440 kB
VmallocUsed:       88056 kB
VmallocChunk:          0 kB
Percpu:             7616 kB
CmaTotal:         315392 kB
CmaFree:               0 kB
MemTotal:        5980404 kB
MemFree:          280540 kB
MemAvailable:    2159136 kB
Buffers:            1360 kB
Cached:          1528344 kB
SwapCached:         5872 kB
Active:          1599896 kB
Inactive:        1816624 kB
Active(anon):    1357196 kB
Inactive(anon):   554124 kB
Active(file):     242700 kB
Inactive(file):  1262500 kB
Unevictable:        5712 kB
Mlocked:            5712 kB
SwapTotal:       3670008 kB
SwapFree:        3437556 kB
Dirty:              2488 kB
Writeback:             0 kB
AnonPages:       1888376 kB
Mapped:           530532 kB
Shmem:             19544 kB
KReclaimable:     976788 kB
Slab:             204300 kB
SReclaimable:      48788 kB
SUnreclaim:       155512 kB
KernelStack:       47664 kB
PageTables:        62092 kB
NFS_Unstable:          0 kB
Bounce:                0 kB
WritebackTmp:          0 kB
CommitLimit:     6660208 kB
Committed_AS:   70647068 kB
VmallocTotal:   263061440 kB
VmallocUsed:       88056 kB
VmallocChunk:          0 kB
Percpu:             7616 kB
CmaTotal:         315392 kB
CmaFree:               0 kB
MemTotal:        5980404 kB
MemFree:          424656 kB
MemAvailable:    2116532 kB
Buffers:            1356 kB
Cached:          1564372 kB
SwapCached:         5872 kB
Active:          1493060 kB
Inactive:        1844776 kB
Active(anon):    1242716 kB
Inactive(anon):   553796 kB
Active(file):     250344 kB
Inactive(file):  1290980 kB
Unevictable:        5712 kB
Mlocked:            5712 kB
SwapTotal:       3670008 kB
SwapFree:        3437300 kB
Dirty:              2492 kB
Writeback:             0 kB
AnonPages:       1773536 kB
Mapped:           639956 kB
Shmem:             19544 kB
KReclaimable:     712984 kB
Slab:             202824 kB
SReclaimable:      47308 kB
SUnreclaim:       155516 kB
KernelStack:       47668 kB
PageTables:        62340 kB
NFS_Unstable:          0 kB
Bounce:                0 kB
WritebackTmp:          0 kB
CommitLimit:     6660208 kB
Committed_AS:   70644192 kB
VmallocTotal:   263061440 kB
VmallocUsed:       88008 kB
VmallocChunk:          0 kB
Percpu:             7616 kB
CmaTotal:         315392 kB
CmaFree:               0 kB
MemTotal:        5980404 kB
MemFree:          412524 kB
MemAvailable:    2100684 kB
Buffers:            1356 kB
Cached:          1565200 kB
SwapCached:         5872 kB
Active:          1505104 kB
Inactive:        1845104 kB
Active(anon):    1254188 kB
Inactive(anon):   553684 kB
Active(file):     250916 kB
Inactive(file):  1291420 kB
Unevictable:        5712 kB
Mlocked:            5712 kB
SwapTotal:       3670008 kB
SwapFree:        3437300 kB
Dirty:              2500 kB
Writeback:             0 kB
AnonPages:       1784948 kB
Mapped:           641052 kB
Shmem:             19544 kB
KReclaimable:     708256 kB
Slab:             202632 kB
SReclaimable:      47116 kB
SUnreclaim:       155516 kB
KernelStack:       47632 kB
PageTables:        62156 kB
NFS_Unstable:          0 kB
Bounce:                0 kB
WritebackTmp:          0 kB
CommitLimit:     6660208 kB
Committed_AS:   70648168 kB
VmallocTotal:   263061440 kB
VmallocUsed:       88040 kB
VmallocChunk:          0 kB
Percpu:             7616 kB
CmaTotal:         315392 kB
CmaFree:               0 kB
MemTotal:        5980404 kB
MemFree:          410168 kB
MemAvailable:    2098228 kB
Buffers:            1356 kB
Cached:          1565220 kB
SwapCached:         5872 kB
Active:          1507508 kB
Inactive:        1844384 kB
Active(anon):    1255852 kB
Inactive(anon):   553684 kB
Active(file):     251656 kB
Inactive(file):  1290700 kB
Unevictable:        5712 kB
Mlocked:            5712 kB
SwapTotal:       3670008 kB
SwapFree:        3437300 kB
Dirty:              2512 kB
Writeback:             0 kB
AnonPages:       1786352 kB
Mapped:           641948 kB
Shmem:             19544 kB
KReclaimable:     708136 kB
Slab:             202632 kB
SReclaimable:      47116 kB
SUnreclaim:       155516 kB
KernelStack:       47696 kB
PageTables:        62288 kB
NFS_Unstable:          0 kB
Bounce:                0 kB
WritebackTmp:          0 kB
CommitLimit:     6660208 kB
Committed_AS:   70648136 kB
VmallocTotal:   263061440 kB
VmallocUsed:       88072 kB
VmallocChunk:          0 kB
Percpu:             7616 kB
CmaTotal:         315392 kB
CmaFree:               0 kB
MemTotal:        5980404 kB
MemFree:          407620 kB
MemAvailable:    2099944 kB
Buffers:            1356 kB
Cached:          1565220 kB
SwapCached:         5872 kB
Active:          1510412 kB
Inactive:        1844236 kB
Active(anon):    1258608 kB
Inactive(anon):   553684 kB
Active(file):     251804 kB
Inactive(file):  1290552 kB
Unevictable:        5712 kB
Mlocked:            5712 kB
SwapTotal:       3670008 kB
SwapFree:        3437300 kB
Dirty:              2512 kB
Writeback:             0 kB
AnonPages:       1789400 kB
Mapped:           642268 kB
Shmem:             19544 kB
KReclaimable:     712400 kB
Slab:             202632 kB
SReclaimable:      47116 kB
SUnreclaim:       155516 kB
KernelStack:       47664 kB
PageTables:        62272 kB
NFS_Unstable:          0 kB
Bounce:                0 kB
WritebackTmp:          0 kB
CommitLimit:     6660208 kB
Committed_AS:   70645460 kB
VmallocTotal:   263061440 kB
VmallocUsed:       88056 kB
VmallocChunk:          0 kB
Percpu:             7616 kB
CmaTotal:         315392 kB
CmaFree:               0 kB
MemTotal:        5980404 kB
MemFree:          408236 kB
MemAvailable:    2100536 kB
Buffers:            1360 kB
Cached:          1565232 kB
SwapCached:         5872 kB
Active:          1510760 kB
Inactive:        1844232 kB
Active(anon):    1258936 kB
Inactive(anon):   553684 kB
Active(file):     251824 kB
Inactive(file):  1290548 kB
Unevictable:        5712 kB
Mlocked:            5712 kB
SwapTotal:       3670008 kB
SwapFree:        3437300 kB
Dirty:              2488 kB
Writeback:             0 kB
AnonPages:       1789688 kB
Mapped:           642336 kB
Shmem:             19544 kB
KReclaimable:     712360 kB
Slab:             202632 kB
SReclaimable:      47116 kB
SUnreclaim:       155516 kB
KernelStack:       47616 kB
PageTables:        62468 kB
NFS_Unstable:          0 kB
Bounce:                0 kB
WritebackTmp:          0 kB
CommitLimit:     6660208 kB
Committed_AS:   70649296 kB
VmallocTotal:   263061440 kB
VmallocUsed:       88056 kB
VmallocChunk:          0 kB
Percpu:             7616 kB
CmaTotal:         315392 kB
CmaFree:               0 kB
MemTotal:        5980404 kB
MemFree:          406944 kB
MemAvailable:    2099260 kB
Buffers:            1360 kB
Cached:          1565248 kB
SwapCached:         5872 kB
Active:          1511836 kB
Inactive:        1844248 kB
Active(anon):    1260012 kB
Inactive(anon):   553684 kB
Active(file):     251824 kB
Inactive(file):  1290564 kB
Unevictable:        5712 kB
Mlocked:            5712 kB
SwapTotal:       3670008 kB
SwapFree:        3437300 kB
Dirty:              2520 kB
Writeback:             0 kB
AnonPages:       1791032 kB
Mapped:           642092 kB
Shmem:             19544 kB
KReclaimable:     712360 kB
Slab:             202632 kB
SReclaimable:      47116 kB
SUnreclaim:       155516 kB
KernelStack:       47648 kB
PageTables:        62432 kB
NFS_Unstable:          0 kB
Bounce:                0 kB
WritebackTmp:          0 kB
CommitLimit:     6660208 kB
Committed_AS:   70647336 kB
VmallocTotal:   263061440 kB
VmallocUsed:       88040 kB
VmallocChunk:          0 kB
Percpu:             7616 kB
CmaTotal:         315392 kB
CmaFree:               0 kB
MemTotal:        5980404 kB
MemFree:          407100 kB
MemAvailable:    2099424 kB
Buffers:            1360 kB
Cached:          1565256 kB
SwapCached:         5872 kB
Active:          1511304 kB
Inactive:        1844256 kB
Active(anon):    1259480 kB
Inactive(anon):   553684 kB
Active(file):     251824 kB
Inactive(file):  1290572 kB
Unevictable:        5712 kB
Mlocked:            5712 kB
SwapTotal:       3670008 kB
SwapFree:        3437300 kB
Dirty:              2528 kB
Writeback:             0 kB
AnonPages:       1790196 kB
Mapped:           642004 kB
Shmem:             19544 kB
KReclaimable:     712360 kB
Slab:             202632 kB
SReclaimable:      47116 kB
SUnreclaim:       155516 kB
KernelStack:       47696 kB
PageTables:        62396 kB
NFS_Unstable:          0 kB
Bounce:                0 kB
WritebackTmp:          0 kB
CommitLimit:     6660208 kB
Committed_AS:   70648308 kB
VmallocTotal:   263061440 kB
VmallocUsed:       88024 kB
VmallocChunk:          0 kB
Percpu:             7616 kB
CmaTotal:         315392 kB
CmaFree:             128 kB
MemTotal:        5980404 kB
MemFree:          406228 kB
MemAvailable:    2098556 kB
Buffers:            1360 kB
Cached:          1565260 kB
SwapCached:         5872 kB
Active:          1512268 kB
Inactive:        1844260 kB
Active(anon):    1260444 kB
Inactive(anon):   553684 kB
Active(file):     251824 kB
Inactive(file):  1290576 kB
Unevictable:        5712 kB
Mlocked:            5712 kB
SwapTotal:       3670008 kB
SwapFree:        3437300 kB
Dirty:              2532 kB
Writeback:             0 kB
AnonPages:       1791180 kB
Mapped:           642100 kB
Shmem:             19544 kB
KReclaimable:     712360 kB
Slab:             202632 kB
SReclaimable:      47116 kB
SUnreclaim:       155516 kB
KernelStack:       47672 kB
PageTables:        62156 kB
NFS_Unstable:          0 kB
Bounce:                0 kB
WritebackTmp:          0 kB
CommitLimit:     6660208 kB
Committed_AS:   70644992 kB
VmallocTotal:   263061440 kB
VmallocUsed:       88040 kB
VmallocChunk:          0 kB
Percpu:             7616 kB
CmaTotal:         315392 kB
CmaFree:               0 kB
MemTotal:        5980404 kB
MemFree:          405864 kB
MemAvailable:    2098196 kB
Buffers:            1360 kB
Cached:          1565272 kB
SwapCached:         5872 kB
Active:          1513136 kB
Inactive:        1844272 kB
Active(anon):    1261312 kB
Inactive(anon):   553692 kB
Active(file):     251824 kB
Inactive(file):  1290580 kB
Unevictable:        5712 kB
Mlocked:            5712 kB
SwapTotal:       3670008 kB
SwapFree:        3437300 kB
Dirty:              2532 kB
Writeback:             4 kB
AnonPages:       1791968 kB
Mapped:           642148 kB
Shmem:             19552 kB
KReclaimable:     712360 kB
Slab:             202632 kB
SReclaimable:      47116 kB
SUnreclaim:       155516 kB
KernelStack:       47696 kB
PageTables:        62332 kB
NFS_Unstable:          0 kB
Bounce:                0 kB
WritebackTmp:          0 kB
CommitLimit:     6660208 kB
Committed_AS:   70644028 kB
VmallocTotal:   263061440 kB
VmallocUsed:       88008 kB
VmallocChunk:          0 kB
Percpu:             7616 kB
CmaTotal:         315392 kB
CmaFree:             340 kB
MemTotal:        5980404 kB
MemFree:          404692 kB
MemAvailable:    2097548 kB
Buffers:            1360 kB
Cached:          1565796 kB
SwapCached:         5872 kB
Active:          1514452 kB
Inactive:        1844792 kB
Active(anon):    1262624 kB
Inactive(anon):   553692 kB
Active(file):     251828 kB
Inactive(file):  1291100 kB
Unevictable:        5712 kB
Mlocked:            5712 kB
SwapTotal:       3670008 kB
SwapFree:        3437300 kB
Dirty:              2552 kB
Writeback:             0 kB
AnonPages:       1793420 kB
Mapped:           642044 kB
Shmem:             19552 kB
KReclaimable:     712360 kB
Slab:             202632 kB
SReclaimable:      47116 kB
SUnreclaim:       155516 kB
KernelStack:       47696 kB
PageTables:        62380 kB
NFS_Unstable:          0 kB
Bounce:                0 kB
WritebackTmp:          0 kB
CommitLimit:     6660208 kB
Committed_AS:   70643880 kB
VmallocTotal:   263061440 kB
VmallocUsed:       88024 kB
VmallocChunk:          0 kB
Percpu:             7616 kB
CmaTotal:         315392 kB
CmaFree:               0 kB
MemTotal:        5980404 kB
MemFree:          400620 kB
MemAvailable:    2093484 kB
Buffers:            1360 kB
Cached:          1565804 kB
SwapCached:         5872 kB
Active:          1518340 kB
Inactive:        1844800 kB
Active(anon):    1266512 kB
Inactive(anon):   553692 kB
Active(file):     251828 kB
Inactive(file):  1291108 kB
Unevictable:        5712 kB
Mlocked:            5712 kB
SwapTotal:       3670008 kB
SwapFree:        3437300 kB
Dirty:              2560 kB
Writeback:             0 kB
AnonPages:       1797200 kB
Mapped:           642276 kB
Shmem:             19552 kB
KReclaimable:     712360 kB
Slab:             202632 kB
SReclaimable:      47116 kB
SUnreclaim:       155516 kB
KernelStack:       47648 kB
PageTables:        62144 kB
NFS_Unstable:          0 kB
Bounce:                0 kB
WritebackTmp:          0 kB
CommitLimit:     6660208 kB
Committed_AS:   70643728 kB
VmallocTotal:   263061440 kB
VmallocUsed:       88008 kB
VmallocChunk:          0 kB
Percpu:             7616 kB
CmaTotal:         315392 kB
CmaFree:               0 kB
MemTotal:        5980404 kB
MemFree:          398516 kB
MemAvailable:    2091380 kB
Buffers:            1360 kB
Cached:          1565808 kB
SwapCached:         5872 kB
Active:          1519584 kB
Inactive:        1844804 kB
Active(anon):    1267756 kB
Inactive(anon):   553696 kB
Active(file):     251828 kB
Inactive(file):  1291108 kB
Unevictable:        5712 kB
Mlocked:            5712 kB
SwapTotal:       3670008 kB
SwapFree:        3437300 kB
Dirty:              2524 kB
Writeback:             0 kB
AnonPages:       1798352 kB
Mapped:           641880 kB
Shmem:             19556 kB
KReclaimable:     712360 kB
Slab:             202632 kB
SReclaimable:      47116 kB
SUnreclaim:       155516 kB
KernelStack:       47616 kB
PageTables:        62348 kB
NFS_Unstable:          0 kB
Bounce:                0 kB
WritebackTmp:          0 kB
CommitLimit:     6660208 kB
Committed_AS:   70645136 kB
VmallocTotal:   263061440 kB
VmallocUsed:       88024 kB
VmallocChunk:          0 kB
Percpu:             7616 kB
CmaTotal:         315392 kB
CmaFree:               0 kB
MemTotal:        5980404 kB
MemFree:          398564 kB
MemAvailable:    2091440 kB
Buffers:            1360 kB
Cached:          1565820 kB
SwapCached:         5872 kB
Active:          1520464 kB
Inactive:        1844816 kB
Active(anon):    1268636 kB
Inactive(anon):   553696 kB
Active(file):     251828 kB
Inactive(file):  1291120 kB
Unevictable:        5712 kB
Mlocked:            5712 kB
SwapTotal:       3670008 kB
SwapFree:        3437300 kB
Dirty:              2540 kB
Writeback:             0 kB
AnonPages:       1799440 kB
Mapped:           642228 kB
Shmem:             19556 kB
KReclaimable:     712360 kB
Slab:             202632 kB
SReclaimable:      47116 kB
SUnreclaim:       155516 kB
KernelStack:       47616 kB
PageTables:        62264 kB
NFS_Unstable:          0 kB
Bounce:                0 kB
WritebackTmp:          0 kB
CommitLimit:     6660208 kB
Committed_AS:   70644952 kB
VmallocTotal:   263061440 kB
VmallocUsed:       87992 kB
VmallocChunk:          0 kB
Percpu:             7616 kB
CmaTotal:         315392 kB
CmaFree:               0 kB
MemTotal:        5980404 kB
MemFree:          397360 kB
MemAvailable:    2090244 kB
Buffers:            1360 kB
Cached:          1565828 kB
SwapCached:         5872 kB
Active:          1521616 kB
Inactive:        1844824 kB
Active(anon):    1269788 kB
Inactive(anon):   553696 kB
Active(file):     251828 kB
Inactive(file):  1291128 kB
Unevictable:        5712 kB
Mlocked:            5712 kB
SwapTotal:       3670008 kB
SwapFree:        3437300 kB
Dirty:              2556 kB
Writeback:             0 kB
AnonPages:       1800456 kB
Mapped:           642380 kB
Shmem:             19556 kB
KReclaimable:     712360 kB
Slab:             202632 kB
SReclaimable:      47116 kB
SUnreclaim:       155516 kB
KernelStack:       47664 kB
PageTables:        62404 kB
NFS_Unstable:          0 kB
Bounce:                0 kB
WritebackTmp:          0 kB
CommitLimit:     6660208 kB
Committed_AS:   70646584 kB
VmallocTotal:   263061440 kB
VmallocUsed:       88024 kB
VmallocChunk:          0 kB
Percpu:             7616 kB
CmaTotal:         315392 kB
CmaFree:               0 kB
MemTotal:        5980404 kB
MemFree:          396356 kB
MemAvailable:    2089244 kB
Buffers:            1360 kB
Cached:          1565832 kB
SwapCached:         5872 kB
Active:          1522356 kB
Inactive:        1844828 kB
Active(anon):    1270528 kB
Inactive(anon):   553696 kB
Active(file):     251828 kB
Inactive(file):  1291132 kB
Unevictable:        5712 kB
Mlocked:            5712 kB
SwapTotal:       3670008 kB
SwapFree:        3437300 kB
Dirty:              2556 kB
Writeback:             0 kB
AnonPages:       1801116 kB
Mapped:           642300 kB
Shmem:             19556 kB
KReclaimable:     712360 kB
Slab:             202632 kB
SReclaimable:      47116 kB
SUnreclaim:       155516 kB
KernelStack:       47568 kB
PageTables:        62284 kB
NFS_Unstable:          0 kB
Bounce:                0 kB
WritebackTmp:          0 kB
CommitLimit:     6660208 kB
Committed_AS:   70645776 kB
VmallocTotal:   263061440 kB
VmallocUsed:       87944 kB
VmallocChunk:          0 kB
Percpu:             7616 kB
CmaTotal:         315392 kB
CmaFree:             132 kB
MemTotal:        5980404 kB
MemFree:          395468 kB
MemAvailable:    2088364 kB
Buffers:            1360 kB
Cached:          1565840 kB
SwapCached:         5872 kB
Active:          1523412 kB
Inactive:        1844836 kB
Active(anon):    1271584 kB
Inactive(anon):   553696 kB
Active(file):     251828 kB
Inactive(file):  1291140 kB
Unevictable:        5712 kB
Mlocked:            5712 kB
SwapTotal:       3670008 kB
SwapFree:        3437300 kB
Dirty:              2564 kB
Writeback:             0 kB
AnonPages:       1802316 kB
Mapped:           642288 kB
Shmem:             19556 kB
KReclaimable:     712360 kB
Slab:             202632 kB
SReclaimable:      47116 kB
SUnreclaim:       155516 kB
KernelStack:       47392 kB
PageTables:        62276 kB
NFS_Unstable:          0 kB
Bounce:                0 kB
WritebackTmp:          0 kB
CommitLimit:     6660208 kB
Committed_AS:   70648880 kB
VmallocTotal:   263061440 kB
VmallocUsed:       87784 kB
VmallocChunk:          0 kB
Percpu:             7616 kB
CmaTotal:         315392 kB
CmaFree:               0 kB
MemTotal:        5980404 kB
MemFree:          394928 kB
MemAvailable:    2087836 kB
Buffers:            1360 kB
Cached:          1565852 kB
SwapCached:         5872 kB
Active:          1524600 kB
Inactive:        1844848 kB
Active(anon):    1272772 kB
Inactive(anon):   553696 kB
Active(file):     251828 kB
Inactive(file):  1291152 kB
Unevictable:        5712 kB
Mlocked:            5712 kB
SwapTotal:       3670008 kB
SwapFree:        3437300 kB
Dirty:               588 kB
Writeback:             0 kB
AnonPages:       1803484 kB
Mapped:           642428 kB
Shmem:             19556 kB
KReclaimable:     712360 kB
Slab:             202632 kB
SReclaimable:      47116 kB
SUnreclaim:       155516 kB
KernelStack:       47372 kB
PageTables:        62308 kB
NFS_Unstable:          0 kB
Bounce:                0 kB
WritebackTmp:          0 kB
CommitLimit:     6660208 kB
Committed_AS:   70648764 kB
VmallocTotal:   263061440 kB
VmallocUsed:       87784 kB
VmallocChunk:          0 kB
Percpu:             7616 kB
CmaTotal:         315392 kB
CmaFree:              52 kB
MemTotal:        5980404 kB
MemFree:          393764 kB
MemAvailable:    2086676 kB
Buffers:            1360 kB
Cached:          1565856 kB
SwapCached:         5872 kB
Active:          1525968 kB
Inactive:        1844844 kB
Active(anon):    1274132 kB
Inactive(anon):   553696 kB
Active(file):     251836 kB
Inactive(file):  1291148 kB
Unevictable:        5712 kB
Mlocked:            5712 kB
SwapTotal:       3670008 kB
SwapFree:        3437300 kB
Dirty:               612 kB
Writeback:             0 kB
AnonPages:       1804360 kB
Mapped:           642504 kB
Shmem:             19556 kB
KReclaimable:     712360 kB
Slab:             202632 kB
SReclaimable:      47116 kB
SUnreclaim:       155516 kB
KernelStack:       47432 kB
PageTables:        62260 kB
NFS_Unstable:          0 kB
Bounce:                0 kB
WritebackTmp:          0 kB
CommitLimit:     6660208 kB
Committed_AS:   70648920 kB
VmallocTotal:   263061440 kB
VmallocUsed:       87800 kB
VmallocChunk:          0 kB
Percpu:             7616 kB
CmaTotal:         315392 kB
CmaFree:              80 kB
MemTotal:        5980404 kB
MemFree:          394492 kB
MemAvailable:    2087408 kB
Buffers:            1360 kB
Cached:          1565860 kB
SwapCached:         5872 kB
Active:          1525760 kB
Inactive:        1844848 kB
Active(anon):    1273924 kB
Inactive(anon):   553696 kB
Active(file):     251836 kB
Inactive(file):  1291152 kB
Unevictable:        5712 kB
Mlocked:            5712 kB
SwapTotal:       3670008 kB
SwapFree:        3437300 kB
Dirty:               620 kB
Writeback:             0 kB
AnonPages:       1804700 kB
Mapped:           642444 kB
Shmem:             19556 kB
KReclaimable:     712360 kB
Slab:             202632 kB
SReclaimable:      47116 kB
SUnreclaim:       155516 kB
KernelStack:       47372 kB
PageTables:        62352 kB
NFS_Unstable:          0 kB
Bounce:                0 kB
WritebackTmp:          0 kB
CommitLimit:     6660208 kB
Committed_AS:   70647368 kB
VmallocTotal:   263061440 kB
VmallocUsed:       87784 kB
VmallocChunk:          0 kB
Percpu:             7616 kB
CmaTotal:         315392 kB
CmaFree:               0 kB
MemTotal:        5980404 kB
MemFree:          394060 kB
MemAvailable:    2087024 kB
Buffers:            1364 kB
Cached:          1565904 kB
SwapCached:         5872 kB
Active:          1525244 kB
Inactive:        1844860 kB
Active(anon):    1273372 kB
Inactive(anon):   553696 kB
Active(file):     251872 kB
Inactive(file):  1291164 kB
Unevictable:        5712 kB
Mlocked:            5712 kB
SwapTotal:       3670008 kB
SwapFree:        3437300 kB
Dirty:               620 kB
Writeback:            16 kB
AnonPages:       1804380 kB
Mapped:           642428 kB
Shmem:             19556 kB
KReclaimable:     712360 kB
Slab:             202632 kB
SReclaimable:      47116 kB
SUnreclaim:       155516 kB
KernelStack:       47360 kB
PageTables:        62364 kB
NFS_Unstable:          0 kB
Bounce:                0 kB
WritebackTmp:          0 kB
CommitLimit:     6660208 kB
Committed_AS:   70642448 kB
VmallocTotal:   263061440 kB
VmallocUsed:       87720 kB
VmallocChunk:          0 kB
Percpu:             7616 kB
CmaTotal:         315392 kB
CmaFree:               0 kB
MemTotal:        5980404 kB
MemFree:          404592 kB
MemAvailable:    2097468 kB
Buffers:            1364 kB
Cached:          1565944 kB
SwapCached:         5876 kB
Active:          1525848 kB
Inactive:        1844860 kB
Active(anon):    1273952 kB
Inactive(anon):   553676 kB
Active(file):     251896 kB
Inactive(file):  1291184 kB
Unevictable:        5712 kB
Mlocked:            5712 kB
SwapTotal:       3670008 kB
SwapFree:        3437300 kB
Dirty:               640 kB
Writeback:             0 kB
AnonPages:       1804528 kB
Mapped:           642404 kB
Shmem:             19556 kB
KReclaimable:     712228 kB
Slab:             202500 kB
SReclaimable:      46984 kB
SUnreclaim:       155516 kB
KernelStack:       47264 kB
PageTables:        62164 kB
NFS_Unstable:          0 kB
Bounce:                0 kB
WritebackTmp:          0 kB
CommitLimit:     6660208 kB
Committed_AS:   70643620 kB
VmallocTotal:   263061440 kB
VmallocUsed:       87656 kB
VmallocChunk:          0 kB
Percpu:             7616 kB
CmaTotal:         315392 kB
CmaFree:               0 kB
MemTotal:        5980404 kB
MemFree:          404884 kB
MemAvailable:    2097764 kB
Buffers:            1364 kB
Cached:          1565952 kB
SwapCached:         5876 kB
Active:          1526012 kB
Inactive:        1844868 kB
Active(anon):    1274116 kB
Inactive(anon):   553680 kB
Active(file):     251896 kB
Inactive(file):  1291188 kB
Unevictable:        5712 kB
Mlocked:            5712 kB
SwapTotal:       3670008 kB
SwapFree:        3437300 kB
Dirty:               656 kB
Writeback:             0 kB
AnonPages:       1804856 kB
Mapped:           642692 kB
Shmem:             19556 kB
KReclaimable:     712228 kB
Slab:             202500 kB
SReclaimable:      46984 kB
SUnreclaim:       155516 kB
KernelStack:       47260 kB
PageTables:        62184 kB
NFS_Unstable:          0 kB
Bounce:                0 kB
WritebackTmp:          0 kB
CommitLimit:     6660208 kB
Committed_AS:   70643560 kB
VmallocTotal:   263061440 kB
VmallocUsed:       87624 kB
VmallocChunk:          0 kB
Percpu:             7616 kB
CmaTotal:         315392 kB
CmaFree:              20 kB
MemTotal:        5980404 kB
MemFree:          403996 kB
MemAvailable:    2096884 kB
Buffers:            1364 kB
Cached:          1565960 kB
SwapCached:         5876 kB
Active:          1525712 kB
Inactive:        1844876 kB
Active(anon):    1273816 kB
Inactive(anon):   553680 kB
Active(file):     251896 kB
Inactive(file):  1291196 kB
Unevictable:        5712 kB
Mlocked:            5712 kB
SwapTotal:       3670008 kB
SwapFree:        3437300 kB
Dirty:               516 kB
Writeback:             0 kB
AnonPages:       1804492 kB
Mapped:           642544 kB
Shmem:             19556 kB
KReclaimable:     712228 kB
Slab:             202500 kB
SReclaimable:      46984 kB
SUnreclaim:       155516 kB
KernelStack:       47276 kB
PageTables:        62516 kB
NFS_Unstable:          0 kB
Bounce:                0 kB
WritebackTmp:          0 kB
CommitLimit:     6660208 kB
Committed_AS:   70644732 kB
VmallocTotal:   263061440 kB
VmallocUsed:       87640 kB
VmallocChunk:          0 kB
Percpu:             7616 kB
CmaTotal:         315392 kB
CmaFree:             320 kB
MemTotal:        5980404 kB
MemFree:          402688 kB
MemAvailable:    2095584 kB
Buffers:            1364 kB
Cached:          1565972 kB
SwapCached:         5876 kB
Active:          1526036 kB
Inactive:        1844888 kB
Active(anon):    1274140 kB
Inactive(anon):   553684 kB
Active(file):     251896 kB
Inactive(file):  1291204 kB
Unevictable:        5712 kB
Mlocked:            5712 kB
SwapTotal:       3670008 kB
SwapFree:        3437300 kB
Dirty:               584 kB
Writeback:             0 kB
AnonPages:       1804848 kB
Mapped:           642408 kB
Shmem:             19560 kB
KReclaimable:     712228 kB
Slab:             202500 kB
SReclaimable:      46984 kB
SUnreclaim:       155516 kB
KernelStack:       47248 kB
PageTables:        62244 kB
NFS_Unstable:          0 kB
Bounce:                0 kB
WritebackTmp:          0 kB
CommitLimit:     6660208 kB
Committed_AS:   70646040 kB
VmallocTotal:   263061440 kB
VmallocUsed:       87672 kB
VmallocChunk:          0 kB
Percpu:             7616 kB
CmaTotal:         315392 kB
CmaFree:               0 kB
MemTotal:        5980404 kB
MemFree:          403320 kB
MemAvailable:    2096224 kB
Buffers:            1364 kB
Cached:          1565980 kB
SwapCached:         5876 kB
Active:          1525968 kB
Inactive:        1844896 kB
Active(anon):    1274072 kB
Inactive(anon):   553684 kB
Active(file):     251896 kB
Inactive(file):  1291212 kB
Unevictable:        5712 kB
Mlocked:            5712 kB
SwapTotal:       3670008 kB
SwapFree:        3437300 kB
Dirty:               592 kB
Writeback:             0 kB
AnonPages:       1804516 kB
Mapped:           642392 kB
Shmem:             19560 kB
KReclaimable:     712228 kB
Slab:             202500 kB
SReclaimable:      46984 kB
SUnreclaim:       155516 kB
KernelStack:       47216 kB
PageTables:        62168 kB
NFS_Unstable:          0 kB
Bounce:                0 kB
WritebackTmp:          0 kB
CommitLimit:     6660208 kB
Committed_AS:   70646500 kB
VmallocTotal:   263061440 kB
VmallocUsed:       87624 kB
VmallocChunk:          0 kB
Percpu:             7616 kB
CmaTotal:         315392 kB
CmaFree:              16 kB
MemTotal:        5980404 kB
MemFree:          403508 kB
MemAvailable:    2096420 kB
Buffers:            1364 kB
Cached:          1565988 kB
SwapCached:         5876 kB
Active:          1526488 kB
Inactive:        1844904 kB
Active(anon):    1274592 kB
Inactive(anon):   553684 kB
Active(file):     251896 kB
Inactive(file):  1291220 kB
Unevictable:        5712 kB
Mlocked:            5712 kB
SwapTotal:       3670008 kB
SwapFree:        3437300 kB
Dirty:               600 kB
Writeback:             0 kB
AnonPages:       1805520 kB
Mapped:           642712 kB
Shmem:             19560 kB
KReclaimable:     712228 kB
Slab:             202500 kB
SReclaimable:      46984 kB
SUnreclaim:       155516 kB
KernelStack:       47164 kB
PageTables:        62208 kB
NFS_Unstable:          0 kB
Bounce:                0 kB
WritebackTmp:          0 kB
CommitLimit:     6660208 kB
Committed_AS:   70645680 kB
VmallocTotal:   263061440 kB
VmallocUsed:       87608 kB
VmallocChunk:          0 kB
Percpu:             7616 kB
CmaTotal:         315392 kB
CmaFree:               0 kB
MemTotal:        5980404 kB
MemFree:          403776 kB
MemAvailable:    2096692 kB
Buffers:            1364 kB
Cached:          1565992 kB
SwapCached:         5876 kB
Active:          1525288 kB
Inactive:        1844708 kB
Active(anon):    1273192 kB
Inactive(anon):   553684 kB
Active(file):     252096 kB
Inactive(file):  1291024 kB
Unevictable:        5712 kB
Mlocked:            5712 kB
SwapTotal:       3670008 kB
SwapFree:        3437300 kB
Dirty:               612 kB
Writeback:             0 kB
AnonPages:       1804260 kB
Mapped:           642548 kB
Shmem:             19560 kB
KReclaimable:     712228 kB
Slab:             202500 kB
SReclaimable:      46984 kB
SUnreclaim:       155516 kB
KernelStack:       47196 kB
PageTables:        62140 kB
NFS_Unstable:          0 kB
Bounce:                0 kB
WritebackTmp:          0 kB
CommitLimit:     6660208 kB
Committed_AS:   70644912 kB
VmallocTotal:   263061440 kB
VmallocUsed:       87576 kB
VmallocChunk:          0 kB
Percpu:             7616 kB
CmaTotal:         315392 kB
CmaFree:             212 kB
MemTotal:        5980404 kB
MemFree:          402976 kB
MemAvailable:    2095904 kB
Buffers:            1364 kB
Cached:          1566004 kB
SwapCached:         5876 kB
Active:          1526040 kB
Inactive:        1844720 kB
Active(anon):    1273944 kB
Inactive(anon):   553684 kB
Active(file):     252096 kB
Inactive(file):  1291036 kB
Unevictable:        5712 kB
Mlocked:            5712 kB
SwapTotal:       3670008 kB
SwapFree:        3437300 kB
Dirty:               624 kB
Writeback:             0 kB
AnonPages:       1804660 kB
Mapped:           642340 kB
Shmem:             19560 kB
KReclaimable:     712228 kB
Slab:             202500 kB
SReclaimable:      46984 kB
SUnreclaim:       155516 kB
KernelStack:       47168 kB
PageTables:        62148 kB
NFS_Unstable:          0 kB
Bounce:                0 kB
WritebackTmp:          0 kB
CommitLimit:     6660208 kB
Committed_AS:   70646328 kB
VmallocTotal:   263061440 kB
VmallocUsed:       87592 kB
VmallocChunk:          0 kB
Percpu:             7616 kB
CmaTotal:         315392 kB
CmaFree:               0 kB
MemTotal:        5980404 kB
MemFree:          402612 kB
MemAvailable:    2095540 kB
Buffers:            1364 kB
Cached:          1566004 kB
SwapCached:         5876 kB
Active:          1525848 kB
Inactive:        1844720 kB
Active(anon):    1273752 kB
Inactive(anon):   553684 kB
Active(file):     252096 kB
Inactive(file):  1291036 kB
Unevictable:        5712 kB
Mlocked:            5712 kB
SwapTotal:       3670008 kB
SwapFree:        3437300 kB
Dirty:               624 kB
Writeback:             0 kB
AnonPages:       1804620 kB
Mapped:           642564 kB
Shmem:             19560 kB
KReclaimable:     712228 kB
Slab:             202500 kB
SReclaimable:      46984 kB
SUnreclaim:       155516 kB
KernelStack:       47164 kB
PageTables:        62068 kB
NFS_Unstable:          0 kB
Bounce:                0 kB
WritebackTmp:          0 kB
CommitLimit:     6660208 kB
Committed_AS:   70643488 kB
VmallocTotal:   263061440 kB
VmallocUsed:       87576 kB
VmallocChunk:          0 kB
Percpu:             7616 kB
CmaTotal:         315392 kB
CmaFree:               0 kB
MemTotal:        5980404 kB
MemFree:          401576 kB
MemAvailable:    2094508 kB
Buffers:            1364 kB
Cached:          1566008 kB
SwapCached:         5876 kB
Active:          1526500 kB
Inactive:        1844724 kB
Active(anon):    1274404 kB
Inactive(anon):   553684 kB
Active(file):     252096 kB
Inactive(file):  1291040 kB
Unevictable:        5712 kB
Mlocked:            5712 kB
SwapTotal:       3670008 kB
SwapFree:        3437300 kB
Dirty:               652 kB
Writeback:             0 kB
AnonPages:       1805020 kB
Mapped:           642292 kB
Shmem:             19560 kB
KReclaimable:     712228 kB
Slab:             202500 kB
SReclaimable:      46984 kB
SUnreclaim:       155516 kB
KernelStack:       47200 kB
PageTables:        62240 kB
NFS_Unstable:          0 kB
Bounce:                0 kB
WritebackTmp:          0 kB
CommitLimit:     6660208 kB
Committed_AS:   70644108 kB
VmallocTotal:   263061440 kB
VmallocUsed:       87560 kB
VmallocChunk:          0 kB
Percpu:             7616 kB
CmaTotal:         315392 kB
CmaFree:               0 kB
MemTotal:        5980404 kB
MemFree:          401488 kB
MemAvailable:    2094428 kB
Buffers:            1364 kB
Cached:          1566016 kB
SwapCached:         5876 kB
Active:          1526520 kB
Inactive:        1844732 kB
Active(anon):    1274424 kB
Inactive(anon):   553684 kB
Active(file):     252096 kB
Inactive(file):  1291048 kB
Unevictable:        5712 kB
Mlocked:            5712 kB
SwapTotal:       3670008 kB
SwapFree:        3437300 kB
Dirty:               660 kB
Writeback:             0 kB
AnonPages:       1805148 kB
Mapped:           642476 kB
Shmem:             19560 kB
KReclaimable:     712228 kB
Slab:             202500 kB
SReclaimable:      46984 kB
SUnreclaim:       155516 kB
KernelStack:       47156 kB
PageTables:        62240 kB
NFS_Unstable:          0 kB
Bounce:                0 kB
WritebackTmp:          0 kB
CommitLimit:     6660208 kB
Committed_AS:   70643880 kB
VmallocTotal:   263061440 kB
VmallocUsed:       87544 kB
VmallocChunk:          0 kB
Percpu:             7616 kB
CmaTotal:         315392 kB
CmaFree:              28 kB
MemTotal:        5980404 kB
MemFree:          401744 kB
MemAvailable:    2094704 kB
Buffers:            1364 kB
Cached:          1566040 kB
SwapCached:         5876 kB
Active:          1527352 kB
Inactive:        1844756 kB
Active(anon):    1275256 kB
Inactive(anon):   553688 kB
Active(file):     252096 kB
Inactive(file):  1291068 kB
Unevictable:        5712 kB
Mlocked:            5712 kB
SwapTotal:       3670008 kB
SwapFree:        3437300 kB
Dirty:               680 kB
Writeback:             0 kB
AnonPages:       1805948 kB
Mapped:           642580 kB
Shmem:             19564 kB
KReclaimable:     712228 kB
Slab:             202500 kB
SReclaimable:      46984 kB
SUnreclaim:       155516 kB
KernelStack:       47184 kB
PageTables:        62244 kB
NFS_Unstable:          0 kB
Bounce:                0 kB
WritebackTmp:          0 kB
CommitLimit:     6660208 kB
Committed_AS:   70643768 kB
VmallocTotal:   263061440 kB
VmallocUsed:       87560 kB
VmallocChunk:          0 kB
Percpu:             7616 kB
CmaTotal:         315392 kB
CmaFree:               0 kB
MemTotal:        5980404 kB
MemFree:          399328 kB
MemAvailable:    2092292 kB
Buffers:            1364 kB
Cached:          1566056 kB
SwapCached:         5876 kB
Active:          1528884 kB
Inactive:        1844772 kB
Active(anon):    1276788 kB
Inactive(anon):   553700 kB
Active(file):     252096 kB
Inactive(file):  1291072 kB
Unevictable:        5712 kB
Mlocked:            5712 kB
SwapTotal:       3670008 kB
SwapFree:        3437300 kB
Dirty:               684 kB
Writeback:             0 kB
AnonPages:       1807096 kB
Mapped:           642668 kB
Shmem:             19576 kB
KReclaimable:     712228 kB
Slab:             202500 kB
SReclaimable:      46984 kB
SUnreclaim:       155516 kB
KernelStack:       47152 kB
PageTables:        62376 kB
NFS_Unstable:          0 kB
Bounce:                0 kB
WritebackTmp:          0 kB
CommitLimit:     6660208 kB
Committed_AS:   70644656 kB
VmallocTotal:   263061440 kB
VmallocUsed:       87576 kB
VmallocChunk:          0 kB
Percpu:             7616 kB
CmaTotal:         315392 kB
CmaFree:             100 kB
MemTotal:        5980404 kB
MemFree:          400172 kB
MemAvailable:    2093148 kB
Buffers:            1364 kB
Cached:          1566068 kB
SwapCached:         5876 kB
Active:          1527484 kB
Inactive:        1844784 kB
Active(anon):    1275388 kB
Inactive(anon):   553700 kB
Active(file):     252096 kB
Inactive(file):  1291084 kB
Unevictable:        5712 kB
Mlocked:            5712 kB
SwapTotal:       3670008 kB
SwapFree:        3437300 kB
Dirty:               696 kB
Writeback:             0 kB
AnonPages:       1806032 kB
Mapped:           642420 kB
Shmem:             19576 kB
KReclaimable:     712228 kB
Slab:             202500 kB
SReclaimable:      46984 kB
SUnreclaim:       155516 kB
KernelStack:       47184 kB
PageTables:        62296 kB
NFS_Unstable:          0 kB
Bounce:                0 kB
WritebackTmp:          0 kB
CommitLimit:     6660208 kB
Committed_AS:   70639204 kB
VmallocTotal:   263061440 kB
VmallocUsed:       87560 kB
VmallocChunk:          0 kB
Percpu:             7616 kB
CmaTotal:         315392 kB
CmaFree:               0 kB
MemTotal:        5980404 kB
MemFree:          400268 kB
MemAvailable:    2093256 kB
Buffers:            1372 kB
Cached:          1566072 kB
SwapCached:         5876 kB
Active:          1527692 kB
Inactive:        1844788 kB
Active(anon):    1275588 kB
Inactive(anon):   553700 kB
Active(file):     252104 kB
Inactive(file):  1291088 kB
Unevictable:        5712 kB
Mlocked:            5712 kB
SwapTotal:       3670008 kB
SwapFree:        3437300 kB
Dirty:               704 kB
Writeback:             0 kB
AnonPages:       1806236 kB
Mapped:           642596 kB
Shmem:             19576 kB
KReclaimable:     712228 kB
Slab:             202500 kB
SReclaimable:      46984 kB
SUnreclaim:       155516 kB
KernelStack:       47216 kB
PageTables:        62248 kB
NFS_Unstable:          0 kB
Bounce:                0 kB
WritebackTmp:          0 kB
CommitLimit:     6660208 kB
Committed_AS:   70639204 kB
VmallocTotal:   263061440 kB
VmallocUsed:       87544 kB
VmallocChunk:          0 kB
Percpu:             7616 kB
CmaTotal:         315392 kB
CmaFree:               0 kB
MemTotal:        5980404 kB
MemFree:          401088 kB
MemAvailable:    2094100 kB
Buffers:            1372 kB
Cached:          1566096 kB
SwapCached:         5876 kB
Active:          1527908 kB
Inactive:        1844812 kB
Active(anon):    1275804 kB
Inactive(anon):   553700 kB
Active(file):     252104 kB
Inactive(file):  1291112 kB
Unevictable:        5712 kB
Mlocked:            5712 kB
SwapTotal:       3670008 kB
SwapFree:        3437300 kB
Dirty:               732 kB
Writeback:             0 kB
AnonPages:       1806516 kB
Mapped:           642580 kB
Shmem:             19576 kB
KReclaimable:     712228 kB
Slab:             202500 kB
SReclaimable:      46984 kB
SUnreclaim:       155516 kB
KernelStack:       47200 kB
PageTables:        62228 kB
NFS_Unstable:          0 kB
Bounce:                0 kB
WritebackTmp:          0 kB
CommitLimit:     6660208 kB
Committed_AS:   70637808 kB
VmallocTotal:   263061440 kB
VmallocUsed:       87496 kB
VmallocChunk:          0 kB
Percpu:             7616 kB
CmaTotal:         315392 kB
CmaFree:               0 kB
MemTotal:        5980404 kB
MemFree:          400700 kB
MemAvailable:    2093712 kB
Buffers:            1372 kB
Cached:          1566096 kB
SwapCached:         5876 kB
Active:          1528616 kB
Inactive:        1844812 kB
Active(anon):    1276512 kB
Inactive(anon):   553700 kB
Active(file):     252104 kB
Inactive(file):  1291112 kB
Unevictable:        5712 kB
Mlocked:            5712 kB
SwapTotal:       3670008 kB
SwapFree:        3437304 kB
Dirty:               780 kB
Writeback:             0 kB
AnonPages:       1807092 kB
Mapped:           642724 kB
Shmem:             19576 kB
KReclaimable:     712228 kB
Slab:             202500 kB
SReclaimable:      46984 kB
SUnreclaim:       155516 kB
KernelStack:       47160 kB
PageTables:        62120 kB
NFS_Unstable:          0 kB
Bounce:                0 kB
WritebackTmp:          0 kB
CommitLimit:     6660208 kB
Committed_AS:   70636760 kB
VmallocTotal:   263061440 kB
VmallocUsed:       87560 kB
VmallocChunk:          0 kB
Percpu:             7616 kB
CmaTotal:         315392 kB
CmaFree:               0 kB
MemTotal:        5980404 kB
MemFree:          400412 kB
MemAvailable:    2093432 kB
Buffers:            1372 kB
Cached:          1566104 kB
SwapCached:         5876 kB
Active:          1527940 kB
Inactive:        1844820 kB
Active(anon):    1275836 kB
Inactive(anon):   553700 kB
Active(file):     252104 kB
Inactive(file):  1291120 kB
Unevictable:        5712 kB
Mlocked:            5712 kB
SwapTotal:       3670008 kB
SwapFree:        3437304 kB
Dirty:               796 kB
Writeback:             0 kB
AnonPages:       1806648 kB
Mapped:           642620 kB
Shmem:             19576 kB
KReclaimable:     712228 kB
Slab:             202500 kB
SReclaimable:      46984 kB
SUnreclaim:       155516 kB
KernelStack:       47200 kB
PageTables:        62512 kB
NFS_Unstable:          0 kB
Bounce:                0 kB
WritebackTmp:          0 kB
CommitLimit:     6660208 kB
Committed_AS:   70645972 kB
VmallocTotal:   263061440 kB
VmallocUsed:       87608 kB
VmallocChunk:          0 kB
Percpu:             7616 kB
CmaTotal:         315392 kB
CmaFree:               8 kB
MemTotal:        5980404 kB
MemFree:          400268 kB
MemAvailable:    2093296 kB
Buffers:            1372 kB
Cached:          1566112 kB
SwapCached:         5876 kB
Active:          1527876 kB
Inactive:        1844828 kB
Active(anon):    1275772 kB
Inactive(anon):   553700 kB
Active(file):     252104 kB
Inactive(file):  1291128 kB
Unevictable:        5712 kB
Mlocked:            5712 kB
SwapTotal:       3670008 kB
SwapFree:        3437304 kB
Dirty:               804 kB
Writeback:             0 kB
AnonPages:       1806484 kB
Mapped:           642476 kB
Shmem:             19576 kB
KReclaimable:     712228 kB
Slab:             202500 kB
SReclaimable:      46984 kB
SUnreclaim:       155516 kB
KernelStack:       47216 kB
PageTables:        62312 kB
NFS_Unstable:          0 kB
Bounce:                0 kB
WritebackTmp:          0 kB
CommitLimit:     6660208 kB
Committed_AS:   70643700 kB
VmallocTotal:   263061440 kB
VmallocUsed:       87592 kB
VmallocChunk:          0 kB
Percpu:             7616 kB
CmaTotal:         315392 kB
CmaFree:               0 kB
MemTotal:        5980404 kB
MemFree:          411052 kB
MemAvailable:    2310668 kB
Buffers:            1372 kB
Cached:          1566120 kB
SwapCached:         5876 kB
Active:          1517184 kB
Inactive:        1844832 kB
Active(anon):    1265080 kB
Inactive(anon):   553696 kB
Active(file):     252104 kB
Inactive(file):  1291136 kB
Unevictable:        5712 kB
Mlocked:            5712 kB
SwapTotal:       3670008 kB
SwapFree:        3437304 kB
Dirty:               816 kB
Writeback:             0 kB
AnonPages:       1795820 kB
Mapped:           522320 kB
Shmem:             19576 kB
KReclaimable:     918808 kB
Slab:             202768 kB
SReclaimable:      46984 kB
SUnreclaim:       155784 kB
KernelStack:       47132 kB
PageTables:        61908 kB
NFS_Unstable:          0 kB
Bounce:                0 kB
WritebackTmp:          0 kB
CommitLimit:     6660208 kB
Committed_AS:   70625704 kB
VmallocTotal:   263061440 kB
VmallocUsed:       87592 kB
VmallocChunk:          0 kB
Percpu:             7616 kB
CmaTotal:         315392 kB
CmaFree:               0 kB
MemTotal:        5980404 kB
MemFree:          632356 kB
MemAvailable:    2532448 kB
Buffers:            1372 kB
Cached:          1566124 kB
SwapCached:         5876 kB
Active:          1295616 kB
Inactive:        1844836 kB
Active(anon):    1043512 kB
Inactive(anon):   553696 kB
Active(file):     252104 kB
Inactive(file):  1291140 kB
Unevictable:        5712 kB
Mlocked:            5712 kB
SwapTotal:       3670008 kB
SwapFree:        3437304 kB
Dirty:               820 kB
Writeback:             0 kB
AnonPages:       1551264 kB
Mapped:           522244 kB
Shmem:             19576 kB
KReclaimable:     919280 kB
Slab:             202804 kB
SReclaimable:      46984 kB
SUnreclaim:       155820 kB
KernelStack:       47120 kB
PageTables:        61940 kB
NFS_Unstable:          0 kB
Bounce:                0 kB
WritebackTmp:          0 kB
CommitLimit:     6660208 kB
Committed_AS:   70625624 kB
VmallocTotal:   263061440 kB
VmallocUsed:       87544 kB
VmallocChunk:          0 kB
Percpu:             7616 kB
CmaTotal:         315392 kB
CmaFree:             344 kB
MemTotal:        5980404 kB
MemFree:          695632 kB
MemAvailable:    2438236 kB
Buffers:            1372 kB
Cached:          1656592 kB
SwapCached:         5876 kB
Active:          1277364 kB
Inactive:        1798812 kB
Active(anon):     889028 kB
Inactive(anon):   553696 kB
Active(file):     388336 kB
Inactive(file):  1245116 kB
Unevictable:        5712 kB
Mlocked:            5712 kB
SwapTotal:       3670008 kB
SwapFree:        3437304 kB
Dirty:               828 kB
Writeback:            12 kB
AnonPages:       1419784 kB
Mapped:           700920 kB
Shmem:             19576 kB
KReclaimable:     671584 kB
Slab:             202932 kB
SReclaimable:      47128 kB
SUnreclaim:       155804 kB
KernelStack:       47152 kB
PageTables:        61768 kB
NFS_Unstable:          0 kB
Bounce:                0 kB
WritebackTmp:          0 kB
CommitLimit:     6660208 kB
Committed_AS:   70246956 kB
VmallocTotal:   263061440 kB
VmallocUsed:       87528 kB
VmallocChunk:          0 kB
Percpu:             7616 kB
CmaTotal:         315392 kB
CmaFree:            4092 kB
MemTotal:        5980404 kB
MemFree:          701276 kB
MemAvailable:    2442012 kB
Buffers:            1372 kB
Cached:          1656536 kB
SwapCached:         5876 kB
Active:          1277964 kB
Inactive:        1794552 kB
Active(anon):     885164 kB
Inactive(anon):   553700 kB
Active(file):     392800 kB
Inactive(file):  1240852 kB
Unevictable:        5712 kB
Mlocked:            5712 kB
SwapTotal:       3670008 kB
SwapFree:        3437304 kB
Dirty:               836 kB
Writeback:             0 kB
AnonPages:       1415728 kB
Mapped:           701372 kB
Shmem:             19580 kB
KReclaimable:     669516 kB
Slab:             203004 kB
SReclaimable:      47208 kB
SUnreclaim:       155796 kB
KernelStack:       47164 kB
PageTables:        61708 kB
NFS_Unstable:          0 kB
Bounce:                0 kB
WritebackTmp:          0 kB
CommitLimit:     6660208 kB
Committed_AS:   70246748 kB
VmallocTotal:   263061440 kB
VmallocUsed:       87560 kB
VmallocChunk:          0 kB
Percpu:             7616 kB
CmaTotal:         315392 kB
CmaFree:              80 kB
MemTotal:        5980404 kB
MemFree:          693292 kB
MemAvailable:    2299524 kB
Buffers:            1372 kB
Cached:          1656544 kB
SwapCached:         5876 kB
Active:          1364508 kB
Inactive:        1715188 kB
Active(anon):     892336 kB
Inactive(anon):   553700 kB
Active(file):     472172 kB
Inactive(file):  1161488 kB
Unevictable:        5712 kB
Mlocked:            5712 kB
SwapTotal:       3670008 kB
SwapFree:        3437304 kB
Dirty:               844 kB
Writeback:             0 kB
AnonPages:       1423124 kB
Mapped:           721608 kB
Shmem:             19580 kB
KReclaimable:     535004 kB
Slab:             203320 kB
SReclaimable:      47208 kB
SUnreclaim:       156112 kB
KernelStack:       47200 kB
PageTables:        61828 kB
NFS_Unstable:          0 kB
Bounce:                0 kB
WritebackTmp:          0 kB
CommitLimit:     6660208 kB
Committed_AS:   70244356 kB
VmallocTotal:   263061440 kB
VmallocUsed:       87560 kB
