MemTotal:       12113136 kB
MemFree:         6268008 kB
MemAvailable:    7884548 kB
Buffers:            5444 kB
Cached:          1840520 kB
SwapCached:            0 kB
Active:          1536416 kB
Inactive:        1607696 kB
Active(anon):    1304492 kB
Inactive(anon):    24344 kB
Active(file):     231924 kB
Inactive(file):  1583352 kB
Unevictable:        5508 kB
Mlocked:            5508 kB
SwapTotal:       3145724 kB
SwapFree:        3145724 kB
Dirty:               196 kB
Writeback:             0 kB
AnonPages:       1303716 kB
Mapped:           879464 kB
Shmem:             26236 kB
KReclaimable:     669968 kB
Slab:             228856 kB
SReclaimable:      77784 kB
SUnreclaim:       151072 kB
KernelStack:       48660 kB
PageTables:        68520 kB
NFS_Unstable:          0 kB
Bounce:                0 kB
WritebackTmp:          0 kB
CommitLimit:     9202292 kB
Committed_AS:   76618688 kB
VmallocTotal:   263061440 kB
VmallocUsed:      105664 kB
VmallocChunk:          0 kB
Percpu:             7616 kB
CmaTotal:         294912 kB
CmaFree:               0 kB
MemTotal:       12113136 kB
MemFree:         6266420 kB
MemAvailable:    7883000 kB
Buffers:            5444 kB
Cached:          1840588 kB
SwapCached:            0 kB
Active:          1537356 kB
Inactive:        1607708 kB
Active(anon):    1305404 kB
Inactive(anon):    24344 kB
Active(file):     231952 kB
Inactive(file):  1583364 kB
Unevictable:        5508 kB
Mlocked:            5508 kB
SwapTotal:       3145724 kB
SwapFree:        3145724 kB
Dirty:               268 kB
Writeback:             0 kB
AnonPages:       1304456 kB
Mapped:           879464 kB
Shmem:             26236 kB
KReclaimable:     669968 kB
Slab:             228848 kB
SReclaimable:      77784 kB
SUnreclaim:       151064 kB
KernelStack:       48688 kB
PageTables:        68644 kB
NFS_Unstable:          0 kB
Bounce:                0 kB
WritebackTmp:          0 kB
CommitLimit:     9202292 kB
Committed_AS:   76622972 kB
VmallocTotal:   263061440 kB
VmallocUsed:      105712 kB
VmallocChunk:          0 kB
Percpu:             7616 kB
CmaTotal:         294912 kB
CmaFree:               0 kB
MemTotal:       12113136 kB
MemFree:         6266360 kB
MemAvailable:    7882972 kB
Buffers:            5444 kB
Cached:          1840596 kB
SwapCached:            0 kB
Active:          1537628 kB
Inactive:        1607740 kB
Active(anon):    1305672 kB
Inactive(anon):    24348 kB
Active(file):     231956 kB
Inactive(file):  1583392 kB
Unevictable:        5508 kB
Mlocked:            5508 kB
SwapTotal:       3145724 kB
SwapFree:        3145724 kB
Dirty:               288 kB
Writeback:             0 kB
AnonPages:       1304928 kB
Mapped:           879468 kB
Shmem:             26240 kB
KReclaimable:     669968 kB
Slab:             228848 kB
SReclaimable:      77784 kB
SUnreclaim:       151064 kB
KernelStack:       48688 kB
PageTables:        68632 kB
NFS_Unstable:          0 kB
Bounce:                0 kB
WritebackTmp:          0 kB
CommitLimit:     9202292 kB
Committed_AS:   76622708 kB
VmallocTotal:   263061440 kB
VmallocUsed:      105744 kB
VmallocChunk:          0 kB
Percpu:             7616 kB
CmaTotal:         294912 kB
CmaFree:               0 kB
MemTotal:       12113136 kB
MemFree:         6267240 kB
MemAvailable:    7883864 kB
Buffers:            5444 kB
Cached:          1840608 kB
SwapCached:            0 kB
Active:          1536124 kB
Inactive:        1607752 kB
Active(anon):    1304168 kB
Inactive(anon):    24348 kB
Active(file):     231956 kB
Inactive(file):  1583404 kB
Unevictable:        5508 kB
Mlocked:            5508 kB
SwapTotal:       3145724 kB
SwapFree:        3145724 kB
Dirty:               320 kB
Writeback:             0 kB
AnonPages:       1303368 kB
Mapped:           879468 kB
Shmem:             26240 kB
KReclaimable:     669968 kB
Slab:             228848 kB
SReclaimable:      77784 kB
SUnreclaim:       151064 kB
KernelStack:       48688 kB
PageTables:        68628 kB
NFS_Unstable:          0 kB
Bounce:                0 kB
WritebackTmp:          0 kB
CommitLimit:     9202292 kB
Committed_AS:   76624352 kB
VmallocTotal:   263061440 kB
VmallocUsed:      105760 kB
VmallocChunk:          0 kB
Percpu:             7616 kB
CmaTotal:         294912 kB
CmaFree:               0 kB
MemTotal:       12113136 kB
MemFree:         6266580 kB
MemAvailable:    7883220 kB
Buffers:            5444 kB
Cached:          1840628 kB
SwapCached:            0 kB
Active:          1537040 kB
Inactive:        1607772 kB
Active(anon):    1305084 kB
Inactive(anon):    24352 kB
Active(file):     231956 kB
Inactive(file):  1583420 kB
Unevictable:        5508 kB
Mlocked:            5508 kB
SwapTotal:       3145724 kB
SwapFree:        3145724 kB
Dirty:               336 kB
Writeback:             0 kB
AnonPages:       1304304 kB
Mapped:           879632 kB
Shmem:             26244 kB
KReclaimable:     669968 kB
Slab:             228848 kB
SReclaimable:      77784 kB
SUnreclaim:       151064 kB
KernelStack:       48688 kB
PageTables:        68632 kB
NFS_Unstable:          0 kB
Bounce:                0 kB
WritebackTmp:          0 kB
CommitLimit:     9202292 kB
Committed_AS:   76624312 kB
VmallocTotal:   263061440 kB
VmallocUsed:      105744 kB
VmallocChunk:          0 kB
Percpu:             7616 kB
CmaTotal:         294912 kB
CmaFree:              52 kB
MemTotal:       12113136 kB
MemFree:         6265896 kB
MemAvailable:    7882548 kB
Buffers:            5444 kB
Cached:          1840640 kB
SwapCached:            0 kB
Active:          1537388 kB
Inactive:        1607784 kB
Active(anon):    1305432 kB
Inactive(anon):    24352 kB
Active(file):     231956 kB
Inactive(file):  1583432 kB
Unevictable:        5508 kB
Mlocked:            5508 kB
SwapTotal:       3145724 kB
SwapFree:        3145724 kB
Dirty:               188 kB
Writeback:             0 kB
AnonPages:       1304916 kB
Mapped:           879632 kB
Shmem:             26244 kB
KReclaimable:     669968 kB
Slab:             228880 kB
SReclaimable:      77784 kB
SUnreclaim:       151096 kB
KernelStack:       48688 kB
PageTables:        68628 kB
NFS_Unstable:          0 kB
Bounce:                0 kB
WritebackTmp:          0 kB
CommitLimit:     9202292 kB
Committed_AS:   76624004 kB
VmallocTotal:   263061440 kB
VmallocUsed:      105728 kB
VmallocChunk:          0 kB
Percpu:             7616 kB
CmaTotal:         294912 kB
CmaFree:               0 kB
MemTotal:       12113136 kB
MemFree:         6263820 kB
MemAvailable:    7880504 kB
Buffers:            5448 kB
Cached:          1840664 kB
SwapCached:            0 kB
Active:          1538300 kB
Inactive:        1607808 kB
Active(anon):    1306340 kB
Inactive(anon):    24352 kB
Active(file):     231960 kB
Inactive(file):  1583456 kB
Unevictable:        5508 kB
Mlocked:            5508 kB
SwapTotal:       3145724 kB
SwapFree:        3145724 kB
Dirty:               244 kB
Writeback:             0 kB
AnonPages:       1305716 kB
Mapped:           879632 kB
Shmem:             26244 kB
KReclaimable:     669972 kB
Slab:             228892 kB
SReclaimable:      77788 kB
SUnreclaim:       151104 kB
KernelStack:       48688 kB
PageTables:        68636 kB
NFS_Unstable:          0 kB
Bounce:                0 kB
WritebackTmp:          0 kB
CommitLimit:     9202292 kB
Committed_AS:   76623924 kB
VmallocTotal:   263061440 kB
VmallocUsed:      105760 kB
VmallocChunk:          0 kB
Percpu:             7616 kB
CmaTotal:         294912 kB
CmaFree:               0 kB
MemTotal:       12113136 kB
MemFree:         6262968 kB
MemAvailable:    7879664 kB
Buffers:            5448 kB
Cached:          1840676 kB
SwapCached:            0 kB
Active:          1538872 kB
Inactive:        1607820 kB
Active(anon):    1306912 kB
Inactive(anon):    24352 kB
Active(file):     231960 kB
Inactive(file):  1583468 kB
Unevictable:        5508 kB
Mlocked:            5508 kB
SwapTotal:       3145724 kB
SwapFree:        3145724 kB
Dirty:               256 kB
Writeback:             0 kB
AnonPages:       1306320 kB
Mapped:           879632 kB
Shmem:             26244 kB
KReclaimable:     669972 kB
Slab:             228892 kB
SReclaimable:      77788 kB
SUnreclaim:       151104 kB
KernelStack:       48688 kB
PageTables:        68628 kB
NFS_Unstable:          0 kB
Bounce:                0 kB
WritebackTmp:          0 kB
CommitLimit:     9202292 kB
Committed_AS:   76623536 kB
VmallocTotal:   263061440 kB
VmallocUsed:      105792 kB
VmallocChunk:          0 kB
Percpu:             7616 kB
CmaTotal:         294912 kB
CmaFree:               0 kB
MemTotal:       12113136 kB
MemFree:         6263636 kB
MemAvailable:    7880348 kB
Buffers:            5448 kB
Cached:          1840696 kB
SwapCached:            0 kB
Active:          1539632 kB
Inactive:        1607840 kB
Active(anon):    1307672 kB
Inactive(anon):    24356 kB
Active(file):     231960 kB
Inactive(file):  1583484 kB
Unevictable:        5508 kB
Mlocked:            5508 kB
SwapTotal:       3145724 kB
SwapFree:        3145724 kB
Dirty:               272 kB
Writeback:             0 kB
AnonPages:       1306720 kB
Mapped:           879636 kB
Shmem:             26248 kB
KReclaimable:     669972 kB
Slab:             228892 kB
SReclaimable:      77788 kB
SUnreclaim:       151104 kB
KernelStack:       48704 kB
PageTables:        68644 kB
NFS_Unstable:          0 kB
Bounce:                0 kB
WritebackTmp:          0 kB
CommitLimit:     9202292 kB
Committed_AS:   76623156 kB
VmallocTotal:   263061440 kB
VmallocUsed:      105776 kB
VmallocChunk:          0 kB
Percpu:             7616 kB
CmaTotal:         294912 kB
CmaFree:               0 kB
MemTotal:       12113136 kB
MemFree:         6262392 kB
MemAvailable:    7879112 kB
Buffers:            5448 kB
Cached:          1840704 kB
SwapCached:            0 kB
Active:          1540632 kB
Inactive:        1607848 kB
Active(anon):    1308672 kB
Inactive(anon):    24356 kB
Active(file):     231960 kB
Inactive(file):  1583492 kB
Unevictable:        5508 kB
Mlocked:            5508 kB
SwapTotal:       3145724 kB
SwapFree:        3145724 kB
Dirty:               348 kB
Writeback:             0 kB
AnonPages:       1308088 kB
Mapped:           879636 kB
Shmem:             26248 kB
KReclaimable:     669972 kB
Slab:             228884 kB
SReclaimable:      77788 kB
SUnreclaim:       151096 kB
KernelStack:       48672 kB
PageTables:        68636 kB
NFS_Unstable:          0 kB
Bounce:                0 kB
WritebackTmp:          0 kB
CommitLimit:     9202292 kB
Committed_AS:   76623068 kB
VmallocTotal:   263061440 kB
VmallocUsed:      105776 kB
VmallocChunk:          0 kB
Percpu:             7616 kB
CmaTotal:         294912 kB
CmaFree:              36 kB
MemTotal:       12113136 kB
MemFree:         6261988 kB
MemAvailable:    7878720 kB
Buffers:            5448 kB
Cached:          1840716 kB
SwapCached:            0 kB
Active:          1541140 kB
Inactive:        1607860 kB
Active(anon):    1309180 kB
Inactive(anon):    24356 kB
Active(file):     231960 kB
Inactive(file):  1583504 kB
Unevictable:        5508 kB
Mlocked:            5508 kB
SwapTotal:       3145724 kB
SwapFree:        3145724 kB
Dirty:               364 kB
Writeback:             0 kB
AnonPages:       1308236 kB
Mapped:           879636 kB
Shmem:             26248 kB
KReclaimable:     669972 kB
Slab:             228884 kB
SReclaimable:      77788 kB
SUnreclaim:       151096 kB
KernelStack:       48640 kB
PageTables:        68640 kB
NFS_Unstable:          0 kB
Bounce:                0 kB
WritebackTmp:          0 kB
CommitLimit:     9202292 kB
Committed_AS:   76625760 kB
VmallocTotal:   263061440 kB
VmallocUsed:      105744 kB
VmallocChunk:          0 kB
Percpu:             7616 kB
CmaTotal:         294912 kB
CmaFree:               0 kB
MemTotal:       12113136 kB
MemFree:         6286356 kB
MemAvailable:    7903096 kB
Buffers:            5448 kB
Cached:          1840724 kB
SwapCached:            0 kB
Active:          1514788 kB
Inactive:        1607868 kB
Active(anon):    1282828 kB
Inactive(anon):    24356 kB
Active(file):     231960 kB
Inactive(file):  1583512 kB
Unevictable:        5508 kB
Mlocked:            5508 kB
SwapTotal:       3145724 kB
SwapFree:        3145724 kB
Dirty:               372 kB
Writeback:             0 kB
AnonPages:       1282060 kB
Mapped:           879636 kB
Shmem:             26248 kB
KReclaimable:     669972 kB
Slab:             228880 kB
SReclaimable:      77788 kB
SUnreclaim:       151092 kB
KernelStack:       48640 kB
PageTables:        68632 kB
NFS_Unstable:          0 kB
Bounce:                0 kB
WritebackTmp:          0 kB
CommitLimit:     9202292 kB
Committed_AS:   76625704 kB
VmallocTotal:   263061440 kB
VmallocUsed:      105728 kB
VmallocChunk:          0 kB
Percpu:             7616 kB
CmaTotal:         294912 kB
CmaFree:              32 kB
MemTotal:       12113136 kB
MemFree:         6270748 kB
MemAvailable:    7887504 kB
Buffers:            5448 kB
Cached:          1840740 kB
SwapCached:            0 kB
Active:          1533848 kB
Inactive:        1607884 kB
Active(anon):    1301888 kB
Inactive(anon):    24356 kB
Active(file):     231960 kB
Inactive(file):  1583528 kB
Unevictable:        5508 kB
Mlocked:            5508 kB
SwapTotal:       3145724 kB
SwapFree:        3145724 kB
Dirty:               400 kB
Writeback:             0 kB
AnonPages:       1301148 kB
Mapped:           879636 kB
Shmem:             26248 kB
KReclaimable:     669972 kB
Slab:             228880 kB
SReclaimable:      77788 kB
SUnreclaim:       151092 kB
KernelStack:       48640 kB
PageTables:        68640 kB
NFS_Unstable:          0 kB
Bounce:                0 kB
WritebackTmp:          0 kB
CommitLimit:     9202292 kB
Committed_AS:   76625604 kB
VmallocTotal:   263061440 kB
VmallocUsed:      105712 kB
VmallocChunk:          0 kB
Percpu:             7616 kB
CmaTotal:         294912 kB
CmaFree:               0 kB
MemTotal:       12113136 kB
MemFree:         6269424 kB
MemAvailable:    7886192 kB
Buffers:            5448 kB
Cached:          1840752 kB
SwapCached:            0 kB
Active:          1534236 kB
Inactive:        1607896 kB
Active(anon):    1302276 kB
Inactive(anon):    24356 kB
Active(file):     231960 kB
Inactive(file):  1583540 kB
Unevictable:        5508 kB
Mlocked:            5508 kB
SwapTotal:       3145724 kB
SwapFree:        3145724 kB
Dirty:               412 kB
Writeback:             0 kB
AnonPages:       1301460 kB
Mapped:           879636 kB
Shmem:             26248 kB
KReclaimable:     669972 kB
Slab:             228888 kB
SReclaimable:      77788 kB
SUnreclaim:       151100 kB
KernelStack:       48576 kB
PageTables:        68632 kB
NFS_Unstable:          0 kB
Bounce:                0 kB
WritebackTmp:          0 kB
CommitLimit:     9202292 kB
Committed_AS:   76620804 kB
VmallocTotal:   263061440 kB
VmallocUsed:      105728 kB
VmallocChunk:          0 kB
Percpu:             7616 kB
CmaTotal:         294912 kB
CmaFree:               0 kB
MemTotal:       12113136 kB
MemFree:         6268280 kB
MemAvailable:    7885060 kB
Buffers:            5448 kB
Cached:          1840764 kB
SwapCached:            0 kB
Active:          1535100 kB
Inactive:        1607908 kB
Active(anon):    1303140 kB
Inactive(anon):    24356 kB
Active(file):     231960 kB
Inactive(file):  1583552 kB
Unevictable:        5508 kB
Mlocked:            5508 kB
SwapTotal:       3145724 kB
SwapFree:        3145724 kB
Dirty:               164 kB
Writeback:             0 kB
AnonPages:       1302268 kB
Mapped:           879636 kB
Shmem:             26248 kB
KReclaimable:     669972 kB
Slab:             228880 kB
SReclaimable:      77788 kB
SUnreclaim:       151092 kB
KernelStack:       48640 kB
PageTables:        68632 kB
NFS_Unstable:          0 kB
Bounce:                0 kB
WritebackTmp:          0 kB
CommitLimit:     9202292 kB
Committed_AS:   76620508 kB
VmallocTotal:   263061440 kB
VmallocUsed:      105696 kB
VmallocChunk:          0 kB
Percpu:             7616 kB
CmaTotal:         294912 kB
CmaFree:               0 kB
MemTotal:       12113136 kB
MemFree:         6268448 kB
MemAvailable:    7885260 kB
Buffers:            5448 kB
Cached:          1840796 kB
SwapCached:            0 kB
Active:          1535484 kB
Inactive:        1607940 kB
Active(anon):    1303524 kB
Inactive(anon):    24356 kB
Active(file):     231960 kB
Inactive(file):  1583584 kB
Unevictable:        5508 kB
Mlocked:            5508 kB
SwapTotal:       3145724 kB
SwapFree:        3145724 kB
Dirty:               260 kB
Writeback:             0 kB
AnonPages:       1302836 kB
Mapped:           879636 kB
Shmem:             26248 kB
KReclaimable:     669972 kB
Slab:             228840 kB
SReclaimable:      77788 kB
SUnreclaim:       151052 kB
KernelStack:       48608 kB
PageTables:        68628 kB
NFS_Unstable:          0 kB
Bounce:                0 kB
WritebackTmp:          0 kB
CommitLimit:     9202292 kB
Committed_AS:   76625764 kB
VmallocTotal:   263061440 kB
VmallocUsed:      105680 kB
VmallocChunk:          0 kB
Percpu:             7616 kB
CmaTotal:         294912 kB
CmaFree:               0 kB
MemTotal:       12113136 kB
MemFree:         6267296 kB
MemAvailable:    7884096 kB
Buffers:            5448 kB
Cached:          1840784 kB
SwapCached:            0 kB
Active:          1536876 kB
Inactive:        1607932 kB
Active(anon):    1304920 kB
Inactive(anon):    24356 kB
Active(file):     231956 kB
Inactive(file):  1583576 kB
Unevictable:        5508 kB
Mlocked:            5508 kB
SwapTotal:       3145724 kB
SwapFree:        3145724 kB
Dirty:               324 kB
Writeback:             0 kB
AnonPages:       1304016 kB
Mapped:           879692 kB
Shmem:             26248 kB
KReclaimable:     669972 kB
Slab:             228828 kB
SReclaimable:      77788 kB
SUnreclaim:       151040 kB
KernelStack:       48608 kB
PageTables:        68632 kB
NFS_Unstable:          0 kB
Bounce:                0 kB
WritebackTmp:          0 kB
CommitLimit:     9202292 kB
Committed_AS:   76625508 kB
VmallocTotal:   263061440 kB
VmallocUsed:      105680 kB
VmallocChunk:          0 kB
Percpu:             7616 kB
CmaTotal:         294912 kB
CmaFree:               0 kB
MemTotal:       12113136 kB
MemFree:         6265960 kB
MemAvailable:    7882792 kB
Buffers:            5448 kB
Cached:          1840824 kB
SwapCached:            0 kB
Active:          1537448 kB
Inactive:        1607968 kB
Active(anon):    1305488 kB
Inactive(anon):    24364 kB
Active(file):     231960 kB
Inactive(file):  1583604 kB
Unevictable:        5508 kB
Mlocked:            5508 kB
SwapTotal:       3145724 kB
SwapFree:        3145724 kB
Dirty:               348 kB
Writeback:             0 kB
AnonPages:       1304856 kB
Mapped:           879700 kB
Shmem:             26256 kB
KReclaimable:     669972 kB
Slab:             228876 kB
SReclaimable:      77788 kB
SUnreclaim:       151088 kB
KernelStack:       48544 kB
PageTables:        68620 kB
NFS_Unstable:          0 kB
Bounce:                0 kB
WritebackTmp:          0 kB
CommitLimit:     9202292 kB
Committed_AS:   76625420 kB
VmallocTotal:   263061440 kB
VmallocUsed:      105664 kB
VmallocChunk:          0 kB
Percpu:             7616 kB
CmaTotal:         294912 kB
CmaFree:               0 kB
MemTotal:       12113136 kB
MemFree:         6265900 kB
MemAvailable:    7882744 kB
Buffers:            5448 kB
Cached:          1840836 kB
SwapCached:            0 kB
Active:          1537836 kB
Inactive:        1607980 kB
Active(anon):    1305876 kB
Inactive(anon):    24364 kB
Active(file):     231960 kB
Inactive(file):  1583616 kB
Unevictable:        5508 kB
Mlocked:            5508 kB
SwapTotal:       3145724 kB
SwapFree:        3145724 kB
Dirty:               376 kB
Writeback:             0 kB
AnonPages:       1305124 kB
Mapped:           879700 kB
Shmem:             26256 kB
KReclaimable:     669972 kB
Slab:             228796 kB
SReclaimable:      77788 kB
SUnreclaim:       151008 kB
KernelStack:       48640 kB
PageTables:        68636 kB
NFS_Unstable:          0 kB
Bounce:                0 kB
WritebackTmp:          0 kB
CommitLimit:     9202292 kB
Committed_AS:   76625380 kB
VmallocTotal:   263061440 kB
VmallocUsed:      105664 kB
VmallocChunk:          0 kB
Percpu:             7616 kB
CmaTotal:         294912 kB
CmaFree:               0 kB
MemTotal:       12113136 kB
MemFree:         6266392 kB
MemAvailable:    7883248 kB
Buffers:            5448 kB
Cached:          1840848 kB
SwapCached:            0 kB
Active:          1538864 kB
Inactive:        1607992 kB
Active(anon):    1306904 kB
Inactive(anon):    24364 kB
Active(file):     231960 kB
Inactive(file):  1583628 kB
Unevictable:        5508 kB
Mlocked:            5508 kB
SwapTotal:       3145724 kB
SwapFree:        3145724 kB
Dirty:               396 kB
Writeback:             0 kB
AnonPages:       1305612 kB
Mapped:           879700 kB
Shmem:             26256 kB
KReclaimable:     669972 kB
Slab:             228852 kB
SReclaimable:      77788 kB
SUnreclaim:       151064 kB
KernelStack:       48540 kB
PageTables:        68584 kB
NFS_Unstable:          0 kB
Bounce:                0 kB
WritebackTmp:          0 kB
CommitLimit:     9202292 kB
Committed_AS:   76619680 kB
VmallocTotal:   263061440 kB
VmallocUsed:      105632 kB
VmallocChunk:          0 kB
Percpu:             7616 kB
CmaTotal:         294912 kB
CmaFree:               0 kB
MemTotal:       12113136 kB
MemFree:         6265536 kB
MemAvailable:    7882412 kB
Buffers:            5452 kB
Cached:          1840864 kB
SwapCached:            0 kB
Active:          1539244 kB
Inactive:        1608008 kB
Active(anon):    1307280 kB
Inactive(anon):    24364 kB
Active(file):     231964 kB
Inactive(file):  1583644 kB
Unevictable:        5508 kB
Mlocked:            5508 kB
SwapTotal:       3145724 kB
SwapFree:        3145724 kB
Dirty:               456 kB
Writeback:             0 kB
AnonPages:       1306344 kB
Mapped:           879700 kB
Shmem:             26256 kB
KReclaimable:     669972 kB
Slab:             228812 kB
SReclaimable:      77788 kB
SUnreclaim:       151024 kB
KernelStack:       48656 kB
PageTables:        68728 kB
NFS_Unstable:          0 kB
Bounce:                0 kB
WritebackTmp:          0 kB
CommitLimit:     9202292 kB
Committed_AS:   76613796 kB
VmallocTotal:   263061440 kB
VmallocUsed:      105632 kB
VmallocChunk:          0 kB
Percpu:             7616 kB
CmaTotal:         294912 kB
CmaFree:               0 kB
MemTotal:       12113136 kB
MemFree:         6264448 kB
MemAvailable:    7881352 kB
Buffers:            5452 kB
Cached:          1840892 kB
SwapCached:            0 kB
Active:          1540088 kB
Inactive:        1608036 kB
Active(anon):    1308124 kB
Inactive(anon):    24364 kB
Active(file):     231964 kB
Inactive(file):  1583672 kB
Unevictable:        5508 kB
Mlocked:            5508 kB
SwapTotal:       3145724 kB
SwapFree:        3145724 kB
Dirty:               400 kB
Writeback:             0 kB
AnonPages:       1307336 kB
Mapped:           879700 kB
Shmem:             26256 kB
KReclaimable:     669972 kB
Slab:             228836 kB
SReclaimable:      77788 kB
SUnreclaim:       151048 kB
KernelStack:       48608 kB
PageTables:        68628 kB
NFS_Unstable:          0 kB
Bounce:                0 kB
WritebackTmp:          0 kB
CommitLimit:     9202292 kB
Committed_AS:   76619808 kB
VmallocTotal:   263061440 kB
VmallocUsed:      105696 kB
VmallocChunk:          0 kB
Percpu:             7616 kB
CmaTotal:         294912 kB
CmaFree:               8 kB
MemTotal:       12113136 kB
MemFree:         6264084 kB
MemAvailable:    7881032 kB
Buffers:            5452 kB
Cached:          1840904 kB
SwapCached:            0 kB
Active:          1540928 kB
Inactive:        1608048 kB
Active(anon):    1308964 kB
Inactive(anon):    24364 kB
Active(file):     231964 kB
Inactive(file):  1583684 kB
Unevictable:        5508 kB
Mlocked:            5508 kB
SwapTotal:       3145724 kB
SwapFree:        3145724 kB
Dirty:               416 kB
Writeback:             0 kB
AnonPages:       1308320 kB
Mapped:           879700 kB
Shmem:             26256 kB
KReclaimable:     669972 kB
Slab:             228828 kB
SReclaimable:      77788 kB
SUnreclaim:       151040 kB
KernelStack:       48608 kB
PageTables:        68628 kB
NFS_Unstable:          0 kB
Bounce:                0 kB
WritebackTmp:          0 kB
CommitLimit:     9202292 kB
Committed_AS:   76620720 kB
VmallocTotal:   263061440 kB
VmallocUsed:      105664 kB
VmallocChunk:          0 kB
Percpu:             7616 kB
CmaTotal:         294912 kB
CmaFree:               0 kB
MemTotal:       12113136 kB
MemFree:         6263620 kB
MemAvailable:    7880560 kB
Buffers:            5452 kB
Cached:          1840928 kB
SwapCached:            0 kB
Active:          1541920 kB
Inactive:        1608068 kB
Active(anon):    1309952 kB
Inactive(anon):    24364 kB
Active(file):     231968 kB
Inactive(file):  1583704 kB
Unevictable:        5508 kB
Mlocked:            5508 kB
SwapTotal:       3145724 kB
SwapFree:        3145724 kB
Dirty:               440 kB
Writeback:             4 kB
AnonPages:       1308788 kB
Mapped:           879700 kB
Shmem:             26256 kB
KReclaimable:     669972 kB
Slab:             228860 kB
SReclaimable:      77788 kB
SUnreclaim:       151072 kB
KernelStack:       48624 kB
PageTables:        68768 kB
NFS_Unstable:          0 kB
Bounce:                0 kB
WritebackTmp:          0 kB
CommitLimit:     9202292 kB
Committed_AS:   76614976 kB
VmallocTotal:   263061440 kB
VmallocUsed:      105696 kB
VmallocChunk:          0 kB
Percpu:             7616 kB
CmaTotal:         294912 kB
CmaFree:               0 kB
MemTotal:       12113136 kB
MemFree:         6275748 kB
MemAvailable:    7892684 kB
Buffers:            5452 kB
Cached:          1840924 kB
SwapCached:            0 kB
Active:          1526264 kB
Inactive:        1608072 kB
Active(anon):    1294304 kB
Inactive(anon):    24364 kB
Active(file):     231960 kB
Inactive(file):  1583708 kB
Unevictable:        5508 kB
Mlocked:            5508 kB
SwapTotal:       3145724 kB
SwapFree:        3145724 kB
Dirty:               468 kB
Writeback:             0 kB
AnonPages:       1293776 kB
Mapped:           879700 kB
Shmem:             26256 kB
KReclaimable:     669972 kB
Slab:             228812 kB
SReclaimable:      77788 kB
SUnreclaim:       151024 kB
KernelStack:       48592 kB
PageTables:        68628 kB
NFS_Unstable:          0 kB
Bounce:                0 kB
WritebackTmp:          0 kB
CommitLimit:     9202292 kB
Committed_AS:   76615488 kB
VmallocTotal:   263061440 kB
VmallocUsed:      105664 kB
VmallocChunk:          0 kB
Percpu:             7616 kB
CmaTotal:         294912 kB
CmaFree:             132 kB
MemTotal:       12113136 kB
MemFree:         6275008 kB
MemAvailable:    7891984 kB
Buffers:            5452 kB
Cached:          1840964 kB
SwapCached:            0 kB
Active:          1527008 kB
Inactive:        1608112 kB
Active(anon):    1295048 kB
Inactive(anon):    24364 kB
Active(file):     231960 kB
Inactive(file):  1583748 kB
Unevictable:        5508 kB
Mlocked:            5508 kB
SwapTotal:       3145724 kB
SwapFree:        3145724 kB
Dirty:               488 kB
Writeback:             0 kB
AnonPages:       1294428 kB
Mapped:           879680 kB
Shmem:             26256 kB
KReclaimable:     669972 kB
Slab:             228836 kB
SReclaimable:      77788 kB
SUnreclaim:       151048 kB
KernelStack:       48608 kB
PageTables:        68684 kB
NFS_Unstable:          0 kB
Bounce:                0 kB
WritebackTmp:          0 kB
CommitLimit:     9202292 kB
Committed_AS:   76615764 kB
VmallocTotal:   263061440 kB
VmallocUsed:      105680 kB
VmallocChunk:          0 kB
Percpu:             7616 kB
CmaTotal:         294912 kB
CmaFree:             260 kB
MemTotal:       12113136 kB
MemFree:         6276152 kB
MemAvailable:    7893112 kB
Buffers:            5452 kB
Cached:          1840956 kB
SwapCached:            0 kB
Active:          1526916 kB
Inactive:        1608100 kB
Active(anon):    1294952 kB
Inactive(anon):    24372 kB
Active(file):     231964 kB
Inactive(file):  1583728 kB
Unevictable:        5508 kB
Mlocked:            5508 kB
SwapTotal:       3145724 kB
SwapFree:        3145724 kB
Dirty:               500 kB
Writeback:             0 kB
AnonPages:       1294308 kB
Mapped:           879708 kB
Shmem:             26264 kB
KReclaimable:     669972 kB
Slab:             228844 kB
SReclaimable:      77788 kB
SUnreclaim:       151056 kB
KernelStack:       48592 kB
PageTables:        68636 kB
NFS_Unstable:          0 kB
Bounce:                0 kB
WritebackTmp:          0 kB
CommitLimit:     9202292 kB
Committed_AS:   76620164 kB
VmallocTotal:   263061440 kB
VmallocUsed:      105664 kB
VmallocChunk:          0 kB
Percpu:             7616 kB
CmaTotal:         294912 kB
CmaFree:               0 kB
MemTotal:       12113136 kB
MemFree:         6275776 kB
MemAvailable:    7892752 kB
Buffers:            5452 kB
Cached:          1840976 kB
SwapCached:            0 kB
Active:          1527020 kB
Inactive:        1608120 kB
Active(anon):    1295056 kB
Inactive(anon):    24376 kB
Active(file):     231964 kB
Inactive(file):  1583744 kB
Unevictable:        5508 kB
Mlocked:            5508 kB
SwapTotal:       3145724 kB
SwapFree:        3145724 kB
Dirty:               528 kB
Writeback:             0 kB
AnonPages:       1294308 kB
Mapped:           879712 kB
Shmem:             26268 kB
KReclaimable:     669972 kB
Slab:             228820 kB
SReclaimable:      77788 kB
SUnreclaim:       151032 kB
KernelStack:       48576 kB
PageTables:        68628 kB
NFS_Unstable:          0 kB
Bounce:                0 kB
WritebackTmp:          0 kB
CommitLimit:     9202292 kB
Committed_AS:   76617088 kB
VmallocTotal:   263061440 kB
VmallocUsed:      105696 kB
VmallocChunk:          0 kB
Percpu:             7616 kB
CmaTotal:         294912 kB
CmaFree:               0 kB
MemTotal:       12113136 kB
MemFree:         6274912 kB
MemAvailable:    7891904 kB
Buffers:            5452 kB
Cached:          1840996 kB
SwapCached:            0 kB
Active:          1528236 kB
Inactive:        1608140 kB
Active(anon):    1296272 kB
Inactive(anon):    24380 kB
Active(file):     231964 kB
Inactive(file):  1583760 kB
Unevictable:        5508 kB
Mlocked:            5508 kB
SwapTotal:       3145724 kB
SwapFree:        3145724 kB
Dirty:               544 kB
Writeback:             0 kB
AnonPages:       1295532 kB
Mapped:           879716 kB
Shmem:             26272 kB
KReclaimable:     669972 kB
Slab:             228852 kB
SReclaimable:      77788 kB
SUnreclaim:       151064 kB
KernelStack:       48592 kB
PageTables:        68632 kB
NFS_Unstable:          0 kB
Bounce:                0 kB
WritebackTmp:          0 kB
CommitLimit:     9202292 kB
Committed_AS:   76624848 kB
VmallocTotal:   263061440 kB
VmallocUsed:      105696 kB
VmallocChunk:          0 kB
Percpu:             7616 kB
CmaTotal:         294912 kB
CmaFree:               0 kB
MemTotal:       12113136 kB
MemFree:         6273976 kB
MemAvailable:    7890976 kB
Buffers:            5452 kB
Cached:          1841028 kB
SwapCached:            0 kB
Active:          1529620 kB
Inactive:        1608172 kB
Active(anon):    1297656 kB
Inactive(anon):    24404 kB
Active(file):     231964 kB
Inactive(file):  1583768 kB
Unevictable:        5508 kB
Mlocked:            5508 kB
SwapTotal:       3145724 kB
SwapFree:        3145724 kB
Dirty:               552 kB
Writeback:             0 kB
AnonPages:       1296536 kB
Mapped:           879848 kB
Shmem:             26296 kB
KReclaimable:     669972 kB
Slab:             228820 kB
SReclaimable:      77788 kB
SUnreclaim:       151032 kB
KernelStack:       48592 kB
PageTables:        68668 kB
NFS_Unstable:          0 kB
Bounce:                0 kB
WritebackTmp:          0 kB
CommitLimit:     9202292 kB
Committed_AS:   76621804 kB
VmallocTotal:   263061440 kB
VmallocUsed:      105680 kB
VmallocChunk:          0 kB
Percpu:             7616 kB
CmaTotal:         294912 kB
CmaFree:               0 kB
MemTotal:       12113136 kB
MemFree:         6273444 kB
MemAvailable:    7890476 kB
Buffers:            5452 kB
Cached:          1841064 kB
SwapCached:            0 kB
Active:          1531016 kB
Inactive:        1608208 kB
Active(anon):    1299052 kB
Inactive(anon):    24408 kB
Active(file):     231964 kB
Inactive(file):  1583800 kB
Unevictable:        5508 kB
Mlocked:            5508 kB
SwapTotal:       3145724 kB
SwapFree:        3145724 kB
Dirty:               644 kB
Writeback:             0 kB
AnonPages:       1298328 kB
Mapped:           879744 kB
Shmem:             26300 kB
KReclaimable:     669972 kB
Slab:             228852 kB
SReclaimable:      77788 kB
SUnreclaim:       151064 kB
KernelStack:       48592 kB
PageTables:        68632 kB
NFS_Unstable:          0 kB
Bounce:                0 kB
WritebackTmp:          0 kB
CommitLimit:     9202292 kB
Committed_AS:   76621500 kB
VmallocTotal:   263061440 kB
VmallocUsed:      105648 kB
VmallocChunk:          0 kB
Percpu:             7616 kB
CmaTotal:         294912 kB
CmaFree:               0 kB
MemTotal:       12113136 kB
MemFree:         6277388 kB
MemAvailable:    7894432 kB
Buffers:            5452 kB
Cached:          1841076 kB
SwapCached:            0 kB
Active:          1525076 kB
Inactive:        1608220 kB
Active(anon):    1293112 kB
Inactive(anon):    24408 kB
Active(file):     231964 kB
Inactive(file):  1583812 kB
Unevictable:        5508 kB
Mlocked:            5508 kB
SwapTotal:       3145724 kB
SwapFree:        3145724 kB
Dirty:               656 kB
Writeback:             0 kB
AnonPages:       1292300 kB
Mapped:           879764 kB
Shmem:             26300 kB
KReclaimable:     669972 kB
Slab:             228820 kB
SReclaimable:      77788 kB
SUnreclaim:       151032 kB
KernelStack:       48592 kB
PageTables:        68660 kB
NFS_Unstable:          0 kB
Bounce:                0 kB
WritebackTmp:          0 kB
CommitLimit:     9202292 kB
Committed_AS:   76616260 kB
VmallocTotal:   263061440 kB
VmallocUsed:      105648 kB
VmallocChunk:          0 kB
Percpu:             7616 kB
CmaTotal:         294912 kB
CmaFree:               0 kB
MemTotal:       12113136 kB
MemFree:         6277308 kB
MemAvailable:    7894332 kB
Buffers:            5452 kB
Cached:          1841056 kB
SwapCached:            0 kB
Active:          1525816 kB
Inactive:        1608204 kB
Active(anon):    1293856 kB
Inactive(anon):    24408 kB
Active(file):     231960 kB
Inactive(file):  1583796 kB
Unevictable:        5508 kB
Mlocked:            5508 kB
SwapTotal:       3145724 kB
SwapFree:        3145724 kB
Dirty:               660 kB
Writeback:             0 kB
AnonPages:       1293096 kB
Mapped:           879744 kB
Shmem:             26300 kB
KReclaimable:     669972 kB
Slab:             228844 kB
SReclaimable:      77788 kB
SUnreclaim:       151056 kB
KernelStack:       48592 kB
PageTables:        68632 kB
NFS_Unstable:          0 kB
Bounce:                0 kB
WritebackTmp:          0 kB
CommitLimit:     9202292 kB
Committed_AS:   76616172 kB
VmallocTotal:   263061440 kB
VmallocUsed:      105696 kB
VmallocChunk:          0 kB
Percpu:             7616 kB
CmaTotal:         294912 kB
CmaFree:               0 kB
MemTotal:       12113136 kB
MemFree:         6277492 kB
MemAvailable:    7894564 kB
Buffers:            5452 kB
Cached:          1841104 kB
SwapCached:            0 kB
Active:          1525880 kB
Inactive:        1608248 kB
Active(anon):    1293916 kB
Inactive(anon):    24408 kB
Active(file):     231964 kB
Inactive(file):  1583840 kB
Unevictable:        5508 kB
Mlocked:            5508 kB
SwapTotal:       3145724 kB
SwapFree:        3145724 kB
Dirty:               696 kB
Writeback:             0 kB
AnonPages:       1293200 kB
Mapped:           879636 kB
Shmem:             26300 kB
KReclaimable:     669972 kB
Slab:             228836 kB
SReclaimable:      77788 kB
SUnreclaim:       151048 kB
KernelStack:       48576 kB
PageTables:        68560 kB
NFS_Unstable:          0 kB
Bounce:                0 kB
WritebackTmp:          0 kB
CommitLimit:     9202292 kB
Committed_AS:   76620476 kB
VmallocTotal:   263061440 kB
VmallocUsed:      105712 kB
VmallocChunk:          0 kB
Percpu:             7616 kB
CmaTotal:         294912 kB
CmaFree:               0 kB
MemTotal:       12113136 kB
MemFree:         6276540 kB
MemAvailable:    7893624 kB
Buffers:            5452 kB
Cached:          1841116 kB
SwapCached:            0 kB
Active:          1525908 kB
Inactive:        1608260 kB
Active(anon):    1293944 kB
Inactive(anon):    24408 kB
Active(file):     231964 kB
Inactive(file):  1583852 kB
Unevictable:        5508 kB
Mlocked:            5508 kB
SwapTotal:       3145724 kB
SwapFree:        3145724 kB
Dirty:               448 kB
Writeback:             0 kB
AnonPages:       1293424 kB
Mapped:           879744 kB
Shmem:             26300 kB
KReclaimable:     669972 kB
Slab:             228836 kB
SReclaimable:      77788 kB
SUnreclaim:       151048 kB
KernelStack:       48624 kB
PageTables:        68760 kB
NFS_Unstable:          0 kB
Bounce:                0 kB
WritebackTmp:          0 kB
CommitLimit:     9202292 kB
Committed_AS:   76614860 kB
VmallocTotal:   263061440 kB
VmallocUsed:      105616 kB
VmallocChunk:          0 kB
Percpu:             7616 kB
CmaTotal:         294912 kB
CmaFree:               0 kB
MemTotal:       12113136 kB
MemFree:         6276644 kB
MemAvailable:    7893740 kB
Buffers:            5452 kB
Cached:          1841132 kB
SwapCached:            0 kB
Active:          1526848 kB
Inactive:        1608276 kB
Active(anon):    1294884 kB
Inactive(anon):    24412 kB
Active(file):     231964 kB
Inactive(file):  1583864 kB
Unevictable:        5508 kB
Mlocked:            5508 kB
SwapTotal:       3145724 kB
SwapFree:        3145724 kB
Dirty:               244 kB
Writeback:             0 kB
AnonPages:       1294128 kB
Mapped:           879748 kB
Shmem:             26304 kB
KReclaimable:     669972 kB
Slab:             228868 kB
SReclaimable:      77788 kB
SUnreclaim:       151080 kB
KernelStack:       48592 kB
PageTables:        68628 kB
NFS_Unstable:          0 kB
Bounce:                0 kB
WritebackTmp:          0 kB
CommitLimit:     9202292 kB
Committed_AS:   76618156 kB
VmallocTotal:   263061440 kB
VmallocUsed:      105616 kB
VmallocChunk:          0 kB
Percpu:             7616 kB
CmaTotal:         294912 kB
CmaFree:               0 kB
MemTotal:       12113136 kB
MemFree:         6276300 kB
MemAvailable:    7893428 kB
Buffers:            5456 kB
Cached:          1841160 kB
SwapCached:            0 kB
Active:          1527772 kB
Inactive:        1608304 kB
Active(anon):    1295804 kB
Inactive(anon):    24412 kB
Active(file):     231968 kB
Inactive(file):  1583892 kB
Unevictable:        5508 kB
Mlocked:            5508 kB
SwapTotal:       3145724 kB
SwapFree:        3145724 kB
Dirty:               264 kB
Writeback:             0 kB
AnonPages:       1295120 kB
Mapped:           879748 kB
Shmem:             26304 kB
KReclaimable:     669972 kB
Slab:             228852 kB
SReclaimable:      77788 kB
SUnreclaim:       151064 kB
KernelStack:       48576 kB
PageTables:        68584 kB
NFS_Unstable:          0 kB
Bounce:                0 kB
WritebackTmp:          0 kB
CommitLimit:     9202292 kB
Committed_AS:   76622360 kB
VmallocTotal:   263061440 kB
VmallocUsed:      105600 kB
VmallocChunk:          0 kB
Percpu:             7616 kB
CmaTotal:         294912 kB
CmaFree:               0 kB
MemTotal:       12113136 kB
MemFree:         6275448 kB
MemAvailable:    7892580 kB
Buffers:            5456 kB
Cached:          1841164 kB
SwapCached:            0 kB
Active:          1528788 kB
Inactive:        1608308 kB
Active(anon):    1296820 kB
Inactive(anon):    24412 kB
Active(file):     231968 kB
Inactive(file):  1583896 kB
Unevictable:        5508 kB
Mlocked:            5508 kB
SwapTotal:       3145724 kB
SwapFree:        3145724 kB
Dirty:               268 kB
Writeback:             0 kB
AnonPages:       1296028 kB
Mapped:           879748 kB
Shmem:             26304 kB
KReclaimable:     669972 kB
Slab:             228876 kB
SReclaimable:      77788 kB
SUnreclaim:       151088 kB
KernelStack:       48592 kB
PageTables:        68632 kB
NFS_Unstable:          0 kB
Bounce:                0 kB
WritebackTmp:          0 kB
CommitLimit:     9202292 kB
Committed_AS:   76623468 kB
VmallocTotal:   263061440 kB
VmallocUsed:      105648 kB
VmallocChunk:          0 kB
Percpu:             7616 kB
CmaTotal:         294912 kB
CmaFree:               0 kB
MemTotal:       12113136 kB
MemFree:         6273844 kB
MemAvailable:    7890996 kB
Buffers:            5456 kB
Cached:          1841188 kB
SwapCached:            0 kB
Active:          1529536 kB
Inactive:        1608328 kB
Active(anon):    1297568 kB
Inactive(anon):    24412 kB
Active(file):     231968 kB
Inactive(file):  1583916 kB
Unevictable:        5508 kB
Mlocked:            5508 kB
SwapTotal:       3145724 kB
SwapFree:        3145724 kB
Dirty:               296 kB
Writeback:             0 kB
AnonPages:       1296868 kB
Mapped:           879748 kB
Shmem:             26304 kB
KReclaimable:     669972 kB
Slab:             228868 kB
SReclaimable:      77788 kB
SUnreclaim:       151080 kB
KernelStack:       48592 kB
PageTables:        68628 kB
NFS_Unstable:          0 kB
Bounce:                0 kB
WritebackTmp:          0 kB
CommitLimit:     9202292 kB
Committed_AS:   76625464 kB
VmallocTotal:   263061440 kB
VmallocUsed:      105664 kB
VmallocChunk:          0 kB
Percpu:             7616 kB
CmaTotal:         294912 kB
CmaFree:               0 kB
MemTotal:       12113136 kB
MemFree:         6279024 kB
MemAvailable:    7896184 kB
Buffers:            5456 kB
Cached:          1841196 kB
SwapCached:            0 kB
Active:          1525832 kB
Inactive:        1608340 kB
Active(anon):    1293864 kB
Inactive(anon):    24416 kB
Active(file):     231968 kB
Inactive(file):  1583924 kB
Unevictable:        5508 kB
Mlocked:            5508 kB
SwapTotal:       3145724 kB
SwapFree:        3145724 kB
Dirty:               308 kB
Writeback:             0 kB
AnonPages:       1293040 kB
Mapped:           879752 kB
Shmem:             26308 kB
KReclaimable:     669972 kB
Slab:             228868 kB
SReclaimable:      77788 kB
SUnreclaim:       151080 kB
KernelStack:       48592 kB
PageTables:        68640 kB
NFS_Unstable:          0 kB
Bounce:                0 kB
WritebackTmp:          0 kB
CommitLimit:     9202292 kB
Committed_AS:   76625072 kB
VmallocTotal:   263061440 kB
VmallocUsed:      105680 kB
VmallocChunk:          0 kB
Percpu:             7616 kB
CmaTotal:         294912 kB
CmaFree:             264 kB
MemTotal:       12113136 kB
MemFree:         6278372 kB
MemAvailable:    7895544 kB
Buffers:            5456 kB
Cached:          1841208 kB
SwapCached:            0 kB
Active:          1526324 kB
Inactive:        1608352 kB
Active(anon):    1294356 kB
Inactive(anon):    24416 kB
Active(file):     231968 kB
Inactive(file):  1583936 kB
Unevictable:        5508 kB
Mlocked:            5508 kB
SwapTotal:       3145724 kB
SwapFree:        3145724 kB
Dirty:               336 kB
Writeback:             0 kB
AnonPages:       1293784 kB
Mapped:           879752 kB
Shmem:             26308 kB
KReclaimable:     669972 kB
Slab:             228868 kB
SReclaimable:      77788 kB
SUnreclaim:       151080 kB
KernelStack:       48592 kB
PageTables:        68632 kB
NFS_Unstable:          0 kB
Bounce:                0 kB
WritebackTmp:          0 kB
CommitLimit:     9202292 kB
Committed_AS:   76625552 kB
VmallocTotal:   263061440 kB
VmallocUsed:      105680 kB
VmallocChunk:          0 kB
Percpu:             7616 kB
CmaTotal:         294912 kB
CmaFree:               0 kB
MemTotal:       12113136 kB
MemFree:         6276424 kB
MemAvailable:    7893604 kB
Buffers:            5456 kB
Cached:          1841216 kB
SwapCached:            0 kB
Active:          1526652 kB
Inactive:        1608360 kB
Active(anon):    1294684 kB
Inactive(anon):    24416 kB
Active(file):     231968 kB
Inactive(file):  1583944 kB
Unevictable:        5508 kB
Mlocked:            5508 kB
SwapTotal:       3145724 kB
SwapFree:        3145724 kB
Dirty:               360 kB
Writeback:             0 kB
AnonPages:       1294000 kB
Mapped:           879752 kB
Shmem:             26308 kB
KReclaimable:     669972 kB
Slab:             228860 kB
SReclaimable:      77788 kB
SUnreclaim:       151072 kB
KernelStack:       48592 kB
PageTables:        68624 kB
NFS_Unstable:          0 kB
Bounce:                0 kB
WritebackTmp:          0 kB
CommitLimit:     9202292 kB
Committed_AS:   76620280 kB
VmallocTotal:   263061440 kB
VmallocUsed:      105696 kB
VmallocChunk:          0 kB
Percpu:             7616 kB
CmaTotal:         294912 kB
CmaFree:               0 kB
MemTotal:       12113136 kB
MemFree:         6277292 kB
MemAvailable:    7894488 kB
Buffers:            5456 kB
Cached:          1841236 kB
SwapCached:            0 kB
Active:          1526592 kB
Inactive:        1608380 kB
Active(anon):    1294624 kB
Inactive(anon):    24420 kB
Active(file):     231968 kB
Inactive(file):  1583960 kB
Unevictable:        5508 kB
Mlocked:            5508 kB
SwapTotal:       3145724 kB
SwapFree:        3145724 kB
Dirty:               388 kB
Writeback:             0 kB
AnonPages:       1294012 kB
Mapped:           879240 kB
Shmem:             26312 kB
KReclaimable:     669972 kB
Slab:             228868 kB
SReclaimable:      77788 kB
SUnreclaim:       151080 kB
KernelStack:       48608 kB
PageTables:        68624 kB
NFS_Unstable:          0 kB
Bounce:                0 kB
WritebackTmp:          0 kB
CommitLimit:     9202292 kB
Committed_AS:   76620112 kB
VmallocTotal:   263061440 kB
VmallocUsed:      105680 kB
VmallocChunk:          0 kB
Percpu:             7616 kB
CmaTotal:         294912 kB
CmaFree:               0 kB
MemTotal:       12113136 kB
MemFree:         6282996 kB
MemAvailable:    7900208 kB
Buffers:            5456 kB
Cached:          1841252 kB
SwapCached:            0 kB
Active:          1518264 kB
Inactive:        1608436 kB
Active(anon):    1286296 kB
Inactive(anon):    24460 kB
Active(file):     231968 kB
Inactive(file):  1583976 kB
Unevictable:        5508 kB
Mlocked:            5508 kB
SwapTotal:       3145724 kB
SwapFree:        3145724 kB
Dirty:               408 kB
Writeback:             0 kB
AnonPages:       1285432 kB
Mapped:           879148 kB
Shmem:             26312 kB
KReclaimable:     669972 kB
Slab:             228860 kB
SReclaimable:      77788 kB
SUnreclaim:       151072 kB
KernelStack:       48592 kB
PageTables:        68636 kB
NFS_Unstable:          0 kB
Bounce:                0 kB
WritebackTmp:          0 kB
CommitLimit:     9202292 kB
Committed_AS:   76620024 kB
VmallocTotal:   263061440 kB
VmallocUsed:      105696 kB
VmallocChunk:          0 kB
Percpu:             7616 kB
CmaTotal:         294912 kB
CmaFree:              12 kB
MemTotal:       12113136 kB
MemFree:         6284328 kB
MemAvailable:    7901552 kB
Buffers:            5456 kB
Cached:          1841264 kB
SwapCached:            0 kB
Active:          1518628 kB
Inactive:        1608408 kB
Active(anon):    1286660 kB
Inactive(anon):    24420 kB
Active(file):     231968 kB
Inactive(file):  1583988 kB
Unevictable:        5508 kB
Mlocked:            5508 kB
SwapTotal:       3145724 kB
SwapFree:        3145724 kB
Dirty:               420 kB
Writeback:             0 kB
AnonPages:       1285788 kB
Mapped:           879192 kB
Shmem:             26312 kB
KReclaimable:     669972 kB
Slab:             228876 kB
SReclaimable:      77788 kB
SUnreclaim:       151088 kB
KernelStack:       48608 kB
PageTables:        68636 kB
NFS_Unstable:          0 kB
Bounce:                0 kB
WritebackTmp:          0 kB
CommitLimit:     9202292 kB
Committed_AS:   76619628 kB
VmallocTotal:   263061440 kB
VmallocUsed:      105680 kB
VmallocChunk:          0 kB
Percpu:             7616 kB
CmaTotal:         294912 kB
CmaFree:               0 kB
MemTotal:       12113136 kB
MemFree:         6265956 kB
MemAvailable:    7883212 kB
Buffers:            5456 kB
Cached:          1841296 kB
SwapCached:            0 kB
Active:          1535620 kB
Inactive:        1608440 kB
Active(anon):    1303652 kB
Inactive(anon):    24420 kB
Active(file):     231968 kB
Inactive(file):  1584020 kB
Unevictable:        5508 kB
Mlocked:            5508 kB
SwapTotal:       3145724 kB
SwapFree:        3145724 kB
Dirty:               476 kB
Writeback:             0 kB
AnonPages:       1302996 kB
Mapped:           879192 kB
Shmem:             26312 kB
KReclaimable:     669972 kB
Slab:             228868 kB
SReclaimable:      77788 kB
SUnreclaim:       151080 kB
KernelStack:       48608 kB
PageTables:        68632 kB
NFS_Unstable:          0 kB
Bounce:                0 kB
WritebackTmp:          0 kB
CommitLimit:     9202292 kB
Committed_AS:   76620388 kB
VmallocTotal:   263061440 kB
VmallocUsed:      105648 kB
VmallocChunk:          0 kB
Percpu:             7616 kB
CmaTotal:         294912 kB
CmaFree:              44 kB
MemTotal:       12113136 kB
MemFree:         6267012 kB
MemAvailable:    7884272 kB
Buffers:            5456 kB
Cached:          1841300 kB
SwapCached:            0 kB
Active:          1536216 kB
Inactive:        1608444 kB
Active(anon):    1304248 kB
Inactive(anon):    24420 kB
Active(file):     231968 kB
Inactive(file):  1584024 kB
Unevictable:        5508 kB
Mlocked:            5508 kB
SwapTotal:       3145724 kB
SwapFree:        3145724 kB
Dirty:               480 kB
Writeback:             0 kB
AnonPages:       1303556 kB
Mapped:           879192 kB
Shmem:             26312 kB
KReclaimable:     669972 kB
Slab:             228868 kB
SReclaimable:      77788 kB
SUnreclaim:       151080 kB
KernelStack:       48624 kB
PageTables:        68604 kB
NFS_Unstable:          0 kB
Bounce:                0 kB
WritebackTmp:          0 kB
CommitLimit:     9202292 kB
Committed_AS:   76621076 kB
VmallocTotal:   263061440 kB
VmallocUsed:      105680 kB
VmallocChunk:          0 kB
Percpu:             7616 kB
CmaTotal:         294912 kB
CmaFree:               0 kB
MemTotal:       12113136 kB
MemFree:         6266056 kB
MemAvailable:    7883332 kB
Buffers:            5456 kB
Cached:          1841316 kB
SwapCached:            0 kB
Active:          1537776 kB
Inactive:        1608460 kB
Active(anon):    1305808 kB
Inactive(anon):    24420 kB
Active(file):     231968 kB
Inactive(file):  1584040 kB
Unevictable:        5508 kB
Mlocked:            5508 kB
SwapTotal:       3145724 kB
SwapFree:        3145724 kB
Dirty:               496 kB
Writeback:             0 kB
AnonPages:       1305084 kB
Mapped:           879192 kB
Shmem:             26312 kB
KReclaimable:     669972 kB
Slab:             228876 kB
SReclaimable:      77788 kB
SUnreclaim:       151088 kB
KernelStack:       48608 kB
PageTables:        68640 kB
NFS_Unstable:          0 kB
Bounce:                0 kB
WritebackTmp:          0 kB
CommitLimit:     9202292 kB
Committed_AS:   76620812 kB
VmallocTotal:   263061440 kB
VmallocUsed:      105680 kB
VmallocChunk:          0 kB
Percpu:             7616 kB
CmaTotal:         294912 kB
CmaFree:               0 kB
MemTotal:       12113136 kB
MemFree:         6265648 kB
MemAvailable:    7882932 kB
Buffers:            5456 kB
Cached:          1841324 kB
SwapCached:            0 kB
Active:          1538156 kB
Inactive:        1608468 kB
Active(anon):    1306188 kB
Inactive(anon):    24420 kB
Active(file):     231968 kB
Inactive(file):  1584048 kB
Unevictable:        5508 kB
Mlocked:            5508 kB
SwapTotal:       3145724 kB
SwapFree:        3145724 kB
Dirty:               520 kB
Writeback:             0 kB
AnonPages:       1305580 kB
Mapped:           879192 kB
Shmem:             26312 kB
KReclaimable:     669972 kB
Slab:             228860 kB
SReclaimable:      77788 kB
SUnreclaim:       151072 kB
KernelStack:       48608 kB
PageTables:        68624 kB
NFS_Unstable:          0 kB
Bounce:                0 kB
WritebackTmp:          0 kB
CommitLimit:     9202292 kB
Committed_AS:   76620900 kB
VmallocTotal:   263061440 kB
VmallocUsed:      105696 kB
VmallocChunk:          0 kB
Percpu:             7616 kB
CmaTotal:         294912 kB
CmaFree:             124 kB
MemTotal:       12113136 kB
MemFree:         6264328 kB
MemAvailable:    7881624 kB
Buffers:            5456 kB
Cached:          1841336 kB
SwapCached:            0 kB
Active:          1539068 kB
Inactive:        1608480 kB
Active(anon):    1307100 kB
Inactive(anon):    24420 kB
Active(file):     231968 kB
Inactive(file):  1584060 kB
Unevictable:        5508 kB
Mlocked:            5508 kB
SwapTotal:       3145724 kB
SwapFree:        3145724 kB
Dirty:               272 kB
Writeback:             0 kB
AnonPages:       1306368 kB
Mapped:           879192 kB
Shmem:             26312 kB
KReclaimable:     669972 kB
Slab:             228868 kB
SReclaimable:      77788 kB
SUnreclaim:       151080 kB
KernelStack:       48608 kB
PageTables:        68636 kB
NFS_Unstable:          0 kB
Bounce:                0 kB
WritebackTmp:          0 kB
CommitLimit:     9202292 kB
Committed_AS:   76624476 kB
VmallocTotal:   263061440 kB
VmallocUsed:      105712 kB
VmallocChunk:          0 kB
Percpu:             7616 kB
CmaTotal:         294912 kB
CmaFree:               4 kB
MemTotal:       12113136 kB
MemFree:         6263764 kB
MemAvailable:    7881100 kB
Buffers:            5460 kB
Cached:          1841372 kB
SwapCached:            0 kB
Active:          1539420 kB
Inactive:        1608516 kB
Active(anon):    1307448 kB
Inactive(anon):    24420 kB
Active(file):     231972 kB
Inactive(file):  1584096 kB
Unevictable:        5508 kB
Mlocked:            5508 kB
SwapTotal:       3145724 kB
SwapFree:        3145724 kB
Dirty:               264 kB
Writeback:             0 kB
AnonPages:       1306564 kB
Mapped:           879192 kB
Shmem:             26312 kB
KReclaimable:     669972 kB
Slab:             228844 kB
SReclaimable:      77788 kB
SUnreclaim:       151056 kB
KernelStack:       48656 kB
PageTables:        68736 kB
NFS_Unstable:          0 kB
Bounce:                0 kB
WritebackTmp:          0 kB
CommitLimit:     9202292 kB
Committed_AS:   76624348 kB
VmallocTotal:   263061440 kB
VmallocUsed:      105712 kB
VmallocChunk:          0 kB
Percpu:             7616 kB
CmaTotal:         294912 kB
CmaFree:               0 kB
MemTotal:       12113136 kB
MemFree:         6263976 kB
MemAvailable:    7881316 kB
Buffers:            5460 kB
Cached:          1841376 kB
SwapCached:            0 kB
Active:          1539856 kB
Inactive:        1608520 kB
Active(anon):    1307884 kB
Inactive(anon):    24420 kB
Active(file):     231972 kB
Inactive(file):  1584100 kB
Unevictable:        5508 kB
Mlocked:            5508 kB
SwapTotal:       3145724 kB
SwapFree:        3145724 kB
Dirty:               296 kB
Writeback:             0 kB
AnonPages:       1307168 kB
Mapped:           879192 kB
Shmem:             26312 kB
KReclaimable:     669972 kB
Slab:             228844 kB
SReclaimable:      77788 kB
SUnreclaim:       151056 kB
KernelStack:       48608 kB
PageTables:        68632 kB
NFS_Unstable:          0 kB
Bounce:                0 kB
WritebackTmp:          0 kB
CommitLimit:     9202292 kB
Committed_AS:   76624408 kB
VmallocTotal:   263061440 kB
VmallocUsed:      105696 kB
VmallocChunk:          0 kB
Percpu:             7616 kB
CmaTotal:         294912 kB
CmaFree:              40 kB
MemTotal:       12113136 kB
MemFree:         6261676 kB
MemAvailable:    7879024 kB
Buffers:            5460 kB
Cached:          1841384 kB
SwapCached:            0 kB
Active:          1540752 kB
Inactive:        1608528 kB
Active(anon):    1308780 kB
Inactive(anon):    24420 kB
Active(file):     231972 kB
Inactive(file):  1584108 kB
Unevictable:        5508 kB
Mlocked:            5508 kB
SwapTotal:       3145724 kB
SwapFree:        3145724 kB
Dirty:               308 kB
Writeback:             0 kB
AnonPages:       1308548 kB
Mapped:           879192 kB
Shmem:             26312 kB
KReclaimable:     669972 kB
Slab:             228844 kB
SReclaimable:      77788 kB
SUnreclaim:       151056 kB
KernelStack:       48608 kB
PageTables:        68624 kB
NFS_Unstable:          0 kB
Bounce:                0 kB
WritebackTmp:          0 kB
CommitLimit:     9202292 kB
Committed_AS:   76624196 kB
VmallocTotal:   263061440 kB
VmallocUsed:      105696 kB
VmallocChunk:          0 kB
Percpu:             7616 kB
CmaTotal:         294912 kB
CmaFree:               0 kB
MemTotal:       12113136 kB
MemFree:         6261320 kB
MemAvailable:    7878684 kB
Buffers:            5460 kB
Cached:          1841400 kB
SwapCached:            0 kB
Active:          1541208 kB
Inactive:        1608544 kB
Active(anon):    1309236 kB
Inactive(anon):    24420 kB
Active(file):     231972 kB
Inactive(file):  1584124 kB
Unevictable:        5508 kB
Mlocked:            5508 kB
SwapTotal:       3145724 kB
SwapFree:        3145724 kB
Dirty:               324 kB
Writeback:             0 kB
AnonPages:       1308552 kB
Mapped:           879192 kB
Shmem:             26312 kB
KReclaimable:     669972 kB
Slab:             228836 kB
SReclaimable:      77788 kB
SUnreclaim:       151048 kB
KernelStack:       48608 kB
PageTables:        68624 kB
NFS_Unstable:          0 kB
Bounce:                0 kB
WritebackTmp:          0 kB
CommitLimit:     9202292 kB
Committed_AS:   76625196 kB
VmallocTotal:   263061440 kB
VmallocUsed:      105696 kB
VmallocChunk:          0 kB
Percpu:             7616 kB
CmaTotal:         294912 kB
CmaFree:               0 kB
MemTotal:       12113136 kB
MemFree:         6261460 kB
MemAvailable:    7878836 kB
Buffers:            5460 kB
Cached:          1841412 kB
SwapCached:            0 kB
Active:          1542032 kB
Inactive:        1608556 kB
Active(anon):    1310060 kB
Inactive(anon):    24420 kB
Active(file):     231972 kB
Inactive(file):  1584136 kB
Unevictable:        5508 kB
Mlocked:            5508 kB
SwapTotal:       3145724 kB
SwapFree:        3145724 kB
Dirty:               348 kB
Writeback:             0 kB
AnonPages:       1309328 kB
Mapped:           879192 kB
Shmem:             26312 kB
KReclaimable:     669972 kB
Slab:             228844 kB
SReclaimable:      77788 kB
SUnreclaim:       151056 kB
KernelStack:       48608 kB
PageTables:        68624 kB
NFS_Unstable:          0 kB
Bounce:                0 kB
WritebackTmp:          0 kB
CommitLimit:     9202292 kB
Committed_AS:   76624800 kB
VmallocTotal:   263061440 kB
VmallocUsed:      105680 kB
VmallocChunk:          0 kB
Percpu:             7616 kB
CmaTotal:         294912 kB
CmaFree:               8 kB
MemTotal:       12113136 kB
MemFree:         6260728 kB
MemAvailable:    7878116 kB
Buffers:            5460 kB
Cached:          1841424 kB
SwapCached:            0 kB
Active:          1542708 kB
Inactive:        1608568 kB
Active(anon):    1310736 kB
Inactive(anon):    24420 kB
Active(file):     231972 kB
Inactive(file):  1584148 kB
Unevictable:        5508 kB
Mlocked:            5508 kB
SwapTotal:       3145724 kB
SwapFree:        3145724 kB
Dirty:               360 kB
Writeback:             0 kB
AnonPages:       1310064 kB
Mapped:           879192 kB
Shmem:             26312 kB
KReclaimable:     669972 kB
Slab:             228836 kB
SReclaimable:      77788 kB
SUnreclaim:       151048 kB
KernelStack:       48608 kB
PageTables:        68636 kB
NFS_Unstable:          0 kB
Bounce:                0 kB
WritebackTmp:          0 kB
CommitLimit:     9202292 kB
Committed_AS:   76625224 kB
VmallocTotal:   263061440 kB
VmallocUsed:      105664 kB
VmallocChunk:          0 kB
Percpu:             7616 kB
CmaTotal:         294912 kB
CmaFree:             128 kB
MemTotal:       12113136 kB
MemFree:         6259420 kB
MemAvailable:    7876852 kB
Buffers:            5460 kB
Cached:          1841468 kB
SwapCached:            0 kB
Active:          1543584 kB
Inactive:        1608608 kB
Active(anon):    1311608 kB
Inactive(anon):    24420 kB
Active(file):     231976 kB
Inactive(file):  1584188 kB
Unevictable:        5508 kB
Mlocked:            5508 kB
SwapTotal:       3145724 kB
SwapFree:        3145724 kB
Dirty:               388 kB
Writeback:             0 kB
AnonPages:       1310740 kB
Mapped:           879192 kB
Shmem:             26312 kB
KReclaimable:     669972 kB
Slab:             228836 kB
SReclaimable:      77788 kB
SUnreclaim:       151048 kB
KernelStack:       48608 kB
PageTables:        68624 kB
NFS_Unstable:          0 kB
Bounce:                0 kB
WritebackTmp:          0 kB
CommitLimit:     9202292 kB
Committed_AS:   76625044 kB
VmallocTotal:   263061440 kB
VmallocUsed:      105696 kB
VmallocChunk:          0 kB
Percpu:             7616 kB
CmaTotal:         294912 kB
CmaFree:              68 kB
MemTotal:       12113136 kB
MemFree:         6272736 kB
MemAvailable:    7890148 kB
Buffers:            5460 kB
Cached:          1841452 kB
SwapCached:            0 kB
Active:          1529504 kB
Inactive:        1608596 kB
Active(anon):    1297532 kB
Inactive(anon):    24424 kB
Active(file):     231972 kB
Inactive(file):  1584172 kB
Unevictable:        5508 kB
Mlocked:            5508 kB
SwapTotal:       3145724 kB
SwapFree:        3145724 kB
Dirty:               400 kB
Writeback:             0 kB
AnonPages:       1296716 kB
Mapped:           879196 kB
Shmem:             26316 kB
KReclaimable:     669972 kB
Slab:             228812 kB
SReclaimable:      77788 kB
SUnreclaim:       151024 kB
KernelStack:       48608 kB
PageTables:        68624 kB
NFS_Unstable:          0 kB
Bounce:                0 kB
WritebackTmp:          0 kB
CommitLimit:     9202292 kB
Committed_AS:   76625392 kB
VmallocTotal:   263061440 kB
VmallocUsed:      105664 kB
VmallocChunk:          0 kB
Percpu:             7616 kB
CmaTotal:         294912 kB
CmaFree:            1096 kB
MemTotal:       12113136 kB
MemFree:         6274416 kB
MemAvailable:    7891844 kB
Buffers:            5460 kB
Cached:          1841468 kB
SwapCached:            0 kB
Active:          1529712 kB
Inactive:        1608612 kB
Active(anon):    1297740 kB
Inactive(anon):    24424 kB
Active(file):     231972 kB
Inactive(file):  1584188 kB
Unevictable:        5508 kB
Mlocked:            5508 kB
SwapTotal:       3145724 kB
SwapFree:        3145724 kB
Dirty:               416 kB
Writeback:             0 kB
AnonPages:       1296900 kB
Mapped:           879196 kB
Shmem:             26316 kB
KReclaimable:     669972 kB
Slab:             228836 kB
SReclaimable:      77788 kB
SUnreclaim:       151048 kB
KernelStack:       48608 kB
PageTables:        68624 kB
NFS_Unstable:          0 kB
Bounce:                0 kB
WritebackTmp:          0 kB
CommitLimit:     9202292 kB
Committed_AS:   76625728 kB
VmallocTotal:   263061440 kB
VmallocUsed:      105632 kB
VmallocChunk:          0 kB
Percpu:             7616 kB
CmaTotal:         294912 kB
CmaFree:               0 kB
MemTotal:       12113136 kB
MemFree:         6273708 kB
MemAvailable:    7891144 kB
Buffers:            5460 kB
Cached:          1841476 kB
SwapCached:            0 kB
Active:          1530380 kB
Inactive:        1608620 kB
Active(anon):    1298408 kB
Inactive(anon):    24424 kB
Active(file):     231972 kB
Inactive(file):  1584196 kB
Unevictable:        5508 kB
Mlocked:            5508 kB
SwapTotal:       3145724 kB
SwapFree:        3145724 kB
Dirty:               424 kB
Writeback:             0 kB
AnonPages:       1297628 kB
Mapped:           879196 kB
Shmem:             26316 kB
KReclaimable:     669972 kB
Slab:             228836 kB
SReclaimable:      77788 kB
SUnreclaim:       151048 kB
KernelStack:       48608 kB
PageTables:        68624 kB
NFS_Unstable:          0 kB
Bounce:                0 kB
WritebackTmp:          0 kB
CommitLimit:     9202292 kB
Committed_AS:   76626084 kB
VmallocTotal:   263061440 kB
VmallocUsed:      105664 kB
VmallocChunk:          0 kB
Percpu:             7616 kB
CmaTotal:         294912 kB
CmaFree:               0 kB
MemTotal:       12113136 kB
MemFree:         6271136 kB
MemAvailable:    7888600 kB
Buffers:            5460 kB
Cached:          1841504 kB
SwapCached:            0 kB
Active:          1530800 kB
Inactive:        1608648 kB
Active(anon):    1298828 kB
Inactive(anon):    24424 kB
Active(file):     231972 kB
Inactive(file):  1584224 kB
Unevictable:        5508 kB
Mlocked:            5508 kB
SwapTotal:       3145724 kB
SwapFree:        3145724 kB
Dirty:               480 kB
Writeback:             0 kB
AnonPages:       1298020 kB
Mapped:           879196 kB
Shmem:             26316 kB
KReclaimable:     669972 kB
Slab:             228844 kB
SReclaimable:      77788 kB
SUnreclaim:       151056 kB
KernelStack:       48608 kB
PageTables:        68624 kB
NFS_Unstable:          0 kB
Bounce:                0 kB
WritebackTmp:          0 kB
CommitLimit:     9202292 kB
Committed_AS:   76625820 kB
VmallocTotal:   263061440 kB
VmallocUsed:      105696 kB
VmallocChunk:          0 kB
Percpu:             7616 kB
CmaTotal:         294912 kB
CmaFree:               0 kB
MemTotal:       12113136 kB
MemFree:         6272944 kB
MemAvailable:    7890412 kB
Buffers:            5460 kB
Cached:          1841508 kB
SwapCached:            0 kB
Active:          1531680 kB
Inactive:        1608652 kB
Active(anon):    1299708 kB
Inactive(anon):    24424 kB
Active(file):     231972 kB
Inactive(file):  1584228 kB
Unevictable:        5508 kB
Mlocked:            5508 kB
SwapTotal:       3145724 kB
SwapFree:        3145724 kB
Dirty:               488 kB
Writeback:             0 kB
AnonPages:       1298968 kB
Mapped:           879196 kB
Shmem:             26316 kB
KReclaimable:     669972 kB
Slab:             228836 kB
SReclaimable:      77788 kB
SUnreclaim:       151048 kB
KernelStack:       48608 kB
PageTables:        68636 kB
NFS_Unstable:          0 kB
Bounce:                0 kB
WritebackTmp:          0 kB
CommitLimit:     9202292 kB
Committed_AS:   76625472 kB
VmallocTotal:   263061440 kB
VmallocUsed:      105680 kB
VmallocChunk:          0 kB
Percpu:             7616 kB
CmaTotal:         294912 kB
CmaFree:               0 kB
MemTotal:       12113136 kB
MemFree:         6287008 kB
MemAvailable:    7904488 kB
Buffers:            5460 kB
Cached:          1841520 kB
SwapCached:            0 kB
Active:          1515076 kB
Inactive:        1608664 kB
Active(anon):    1283104 kB
Inactive(anon):    24424 kB
Active(file):     231972 kB
Inactive(file):  1584240 kB
Unevictable:        5508 kB
Mlocked:            5508 kB
SwapTotal:       3145724 kB
SwapFree:        3145724 kB
Dirty:               500 kB
Writeback:             0 kB
AnonPages:       1281980 kB
Mapped:           879196 kB
Shmem:             26316 kB
KReclaimable:     669972 kB
Slab:             228836 kB
SReclaimable:      77788 kB
SUnreclaim:       151048 kB
KernelStack:       48608 kB
PageTables:        68636 kB
NFS_Unstable:          0 kB
Bounce:                0 kB
WritebackTmp:          0 kB
CommitLimit:     9202292 kB
Committed_AS:   76625856 kB
VmallocTotal:   263061440 kB
VmallocUsed:      105664 kB
VmallocChunk:          0 kB
Percpu:             7616 kB
CmaTotal:         294912 kB
CmaFree:               0 kB
MemTotal:       12113136 kB
MemFree:         6269412 kB
MemAvailable:    7886904 kB
Buffers:            5460 kB
Cached:          1841532 kB
SwapCached:            0 kB
Active:          1533232 kB
Inactive:        1608676 kB
Active(anon):    1301260 kB
Inactive(anon):    24424 kB
Active(file):     231972 kB
Inactive(file):  1584252 kB
Unevictable:        5508 kB
Mlocked:            5508 kB
SwapTotal:       3145724 kB
SwapFree:        3145724 kB
Dirty:               556 kB
Writeback:             0 kB
AnonPages:       1300796 kB
Mapped:           879196 kB
Shmem:             26316 kB
KReclaimable:     669972 kB
Slab:             228836 kB
SReclaimable:      77788 kB
SUnreclaim:       151048 kB
KernelStack:       48608 kB
PageTables:        68624 kB
NFS_Unstable:          0 kB
Bounce:                0 kB
WritebackTmp:          0 kB
CommitLimit:     9202292 kB
Committed_AS:   76625272 kB
VmallocTotal:   263061440 kB
VmallocUsed:      105712 kB
VmallocChunk:          0 kB
Percpu:             7616 kB
CmaTotal:         294912 kB
CmaFree:             132 kB
MemTotal:       12113136 kB
MemFree:         6268408 kB
MemAvailable:    7885912 kB
Buffers:            5460 kB
Cached:          1841548 kB
SwapCached:            0 kB
Active:          1534164 kB
Inactive:        1608692 kB
Active(anon):    1302192 kB
Inactive(anon):    24428 kB
Active(file):     231972 kB
Inactive(file):  1584264 kB
Unevictable:        5508 kB
Mlocked:            5508 kB
SwapTotal:       3145724 kB
SwapFree:        3145724 kB
Dirty:               568 kB
Writeback:             0 kB
AnonPages:       1301456 kB
Mapped:           879200 kB
Shmem:             26320 kB
KReclaimable:     669972 kB
Slab:             228836 kB
SReclaimable:      77788 kB
SUnreclaim:       151048 kB
KernelStack:       48592 kB
PageTables:        68580 kB
NFS_Unstable:          0 kB
Bounce:                0 kB
WritebackTmp:          0 kB
CommitLimit:     9202292 kB
Committed_AS:   76625228 kB
VmallocTotal:   263061440 kB
VmallocUsed:      105696 kB
VmallocChunk:          0 kB
Percpu:             7616 kB
CmaTotal:         294912 kB
CmaFree:               0 kB
MemTotal:       12113136 kB
MemFree:         6284264 kB
MemAvailable:    7901792 kB
Buffers:            5460 kB
Cached:          1841572 kB
SwapCached:            0 kB
Active:          1516984 kB
Inactive:        1608712 kB
Active(anon):    1285008 kB
Inactive(anon):    24428 kB
Active(file):     231976 kB
Inactive(file):  1584284 kB
Unevictable:        5508 kB
Mlocked:            5508 kB
SwapTotal:       3145724 kB
SwapFree:        3145724 kB
Dirty:               260 kB
Writeback:             0 kB
AnonPages:       1284124 kB
Mapped:           879200 kB
Shmem:             26320 kB
KReclaimable:     669972 kB
Slab:             228844 kB
SReclaimable:      77788 kB
SUnreclaim:       151056 kB
KernelStack:       48608 kB
PageTables:        68636 kB
NFS_Unstable:          0 kB
Bounce:                0 kB
WritebackTmp:          0 kB
CommitLimit:     9202292 kB
Committed_AS:   76624964 kB
VmallocTotal:   263061440 kB
VmallocUsed:      105712 kB
VmallocChunk:          0 kB
Percpu:             7616 kB
CmaTotal:         294912 kB
CmaFree:             116 kB
MemTotal:       12113136 kB
MemFree:         6271392 kB
MemAvailable:    7888948 kB
Buffers:            5464 kB
Cached:          1841596 kB
SwapCached:            0 kB
Active:          1531868 kB
Inactive:        1608740 kB
Active(anon):    1299892 kB
Inactive(anon):    24428 kB
Active(file):     231976 kB
Inactive(file):  1584312 kB
Unevictable:        5508 kB
Mlocked:            5508 kB
SwapTotal:       3145724 kB
SwapFree:        3145724 kB
Dirty:               312 kB
Writeback:             0 kB
AnonPages:       1298952 kB
Mapped:           879200 kB
Shmem:             26320 kB
KReclaimable:     669972 kB
Slab:             228836 kB
SReclaimable:      77788 kB
SUnreclaim:       151048 kB
KernelStack:       48592 kB
PageTables:        68576 kB
NFS_Unstable:          0 kB
Bounce:                0 kB
WritebackTmp:          0 kB
CommitLimit:     9202292 kB
Committed_AS:   76624920 kB
VmallocTotal:   263061440 kB
VmallocUsed:      105696 kB
VmallocChunk:          0 kB
Percpu:             7616 kB
CmaTotal:         294912 kB
CmaFree:              36 kB
MemTotal:       12113136 kB
MemFree:         6270980 kB
MemAvailable:    7888544 kB
Buffers:            5464 kB
Cached:          1841604 kB
SwapCached:            0 kB
Active:          1531264 kB
Inactive:        1608748 kB
Active(anon):    1299288 kB
Inactive(anon):    24428 kB
Active(file):     231976 kB
Inactive(file):  1584320 kB
Unevictable:        5508 kB
Mlocked:            5508 kB
SwapTotal:       3145724 kB
SwapFree:        3145724 kB
Dirty:               320 kB
Writeback:             0 kB
AnonPages:       1298624 kB
Mapped:           879200 kB
Shmem:             26320 kB
KReclaimable:     669972 kB
Slab:             228852 kB
SReclaimable:      77788 kB
SUnreclaim:       151064 kB
KernelStack:       48608 kB
PageTables:        68624 kB
NFS_Unstable:          0 kB
Bounce:                0 kB
WritebackTmp:          0 kB
CommitLimit:     9202292 kB
Committed_AS:   76624744 kB
VmallocTotal:   263061440 kB
VmallocUsed:      105680 kB
VmallocChunk:          0 kB
Percpu:             7616 kB
CmaTotal:         294912 kB
CmaFree:               0 kB
MemTotal:       12113136 kB
MemFree:         6269976 kB
MemAvailable:    7889432 kB
Buffers:            5464 kB
Cached:          1841748 kB
SwapCached:            0 kB
Active:          1534736 kB
Inactive:        1608880 kB
Active(anon):    1302756 kB
Inactive(anon):    24540 kB
Active(file):     231980 kB
Inactive(file):  1584340 kB
Unevictable:        5508 kB
Mlocked:            5508 kB
SwapTotal:       3145724 kB
SwapFree:        3145724 kB
Dirty:               376 kB
Writeback:             0 kB
AnonPages:       1301848 kB
Mapped:           879428 kB
Shmem:             26440 kB
KReclaimable:     671840 kB
Slab:             228836 kB
SReclaimable:      77788 kB
SUnreclaim:       151048 kB
KernelStack:       48592 kB
PageTables:        68600 kB
NFS_Unstable:          0 kB
Bounce:                0 kB
WritebackTmp:          0 kB
CommitLimit:     9202292 kB
Committed_AS:   76624524 kB
VmallocTotal:   263061440 kB
VmallocUsed:      105664 kB
VmallocChunk:          0 kB
Percpu:             7616 kB
CmaTotal:         294912 kB
CmaFree:               0 kB
MemTotal:       12113136 kB
MemFree:         6265020 kB
MemAvailable:    7880560 kB
Buffers:            5464 kB
Cached:          1841800 kB
SwapCached:            0 kB
Active:          1537164 kB
Inactive:        1608920 kB
Active(anon):    1305188 kB
Inactive(anon):    24572 kB
Active(file):     231976 kB
Inactive(file):  1584348 kB
Unevictable:        5508 kB
Mlocked:            5508 kB
SwapTotal:       3145724 kB
SwapFree:        3145724 kB
Dirty:               448 kB
Writeback:             0 kB
AnonPages:       1304336 kB
Mapped:           879652 kB
Shmem:             26488 kB
KReclaimable:     667920 kB
Slab:             228836 kB
SReclaimable:      77788 kB
SUnreclaim:       151048 kB
KernelStack:       48688 kB
PageTables:        68668 kB
NFS_Unstable:          0 kB
Bounce:                0 kB
WritebackTmp:          0 kB
CommitLimit:     9202292 kB
Committed_AS:   76619584 kB
VmallocTotal:   263061440 kB
VmallocUsed:      105760 kB
VmallocChunk:          0 kB
Percpu:             7616 kB
CmaTotal:         294912 kB
CmaFree:               0 kB
MemTotal:       12113136 kB
MemFree:         6266052 kB
MemAvailable:    7881604 kB
Buffers:            5464 kB
Cached:          1841812 kB
SwapCached:            0 kB
Active:          1537580 kB
Inactive:        1608932 kB
Active(anon):    1305604 kB
Inactive(anon):    24572 kB
Active(file):     231976 kB
Inactive(file):  1584360 kB
Unevictable:        5508 kB
Mlocked:            5508 kB
SwapTotal:       3145724 kB
SwapFree:        3145724 kB
Dirty:               492 kB
Writeback:             0 kB
AnonPages:       1304384 kB
Mapped:           879712 kB
Shmem:             26488 kB
KReclaimable:     667920 kB
Slab:             228836 kB
SReclaimable:      77788 kB
SUnreclaim:       151048 kB
KernelStack:       48704 kB
PageTables:        68632 kB
NFS_Unstable:          0 kB
Bounce:                0 kB
WritebackTmp:          0 kB
CommitLimit:     9202292 kB
Committed_AS:   76630068 kB
VmallocTotal:   263061440 kB
VmallocUsed:      105744 kB
VmallocChunk:          0 kB
Percpu:             7616 kB
CmaTotal:         294912 kB
CmaFree:               0 kB
MemTotal:       12113136 kB
MemFree:         6264124 kB
MemAvailable:    7879680 kB
Buffers:            5464 kB
Cached:          1841824 kB
SwapCached:            0 kB
Active:          1538640 kB
Inactive:        1608944 kB
Active(anon):    1306664 kB
Inactive(anon):    24580 kB
Active(file):     231976 kB
Inactive(file):  1584364 kB
Unevictable:        5508 kB
Mlocked:            5508 kB
SwapTotal:       3145724 kB
SwapFree:        3145724 kB
Dirty:               520 kB
Writeback:             0 kB
AnonPages:       1305912 kB
Mapped:           879760 kB
Shmem:             26496 kB
KReclaimable:     667920 kB
Slab:             228852 kB
SReclaimable:      77788 kB
SUnreclaim:       151064 kB
KernelStack:       48688 kB
PageTables:        68640 kB
NFS_Unstable:          0 kB
Bounce:                0 kB
WritebackTmp:          0 kB
CommitLimit:     9202292 kB
Committed_AS:   76624056 kB
VmallocTotal:   263061440 kB
VmallocUsed:      105776 kB
VmallocChunk:          0 kB
Percpu:             7616 kB
CmaTotal:         294912 kB
CmaFree:               0 kB
MemTotal:       12113136 kB
MemFree:         6263952 kB
MemAvailable:    7879528 kB
Buffers:            5464 kB
Cached:          1841848 kB
SwapCached:            0 kB
Active:          1537804 kB
Inactive:        1608968 kB
Active(anon):    1305828 kB
Inactive(anon):    24584 kB
Active(file):     231976 kB
Inactive(file):  1584384 kB
Unevictable:        5508 kB
Mlocked:            5508 kB
SwapTotal:       3145724 kB
SwapFree:        3145724 kB
Dirty:               564 kB
Writeback:             0 kB
AnonPages:       1305004 kB
Mapped:           879796 kB
Shmem:             26500 kB
KReclaimable:     667920 kB
Slab:             228844 kB
SReclaimable:      77788 kB
SUnreclaim:       151056 kB
KernelStack:       48688 kB
PageTables:        68636 kB
NFS_Unstable:          0 kB
Bounce:                0 kB
WritebackTmp:          0 kB
CommitLimit:     9202292 kB
Committed_AS:   76625780 kB
VmallocTotal:   263061440 kB
VmallocUsed:      105776 kB
VmallocChunk:          0 kB
Percpu:             7616 kB
CmaTotal:         294912 kB
CmaFree:              48 kB
MemTotal:       12113136 kB
MemFree:         6264212 kB
MemAvailable:    7879796 kB
Buffers:            5464 kB
Cached:          1841888 kB
SwapCached:            0 kB
Active:          1539504 kB
Inactive:        1609008 kB
Active(anon):    1307528 kB
Inactive(anon):    24616 kB
Active(file):     231976 kB
Inactive(file):  1584392 kB
Unevictable:        5508 kB
Mlocked:            5508 kB
SwapTotal:       3145724 kB
SwapFree:        3145724 kB
Dirty:               592 kB
Writeback:             0 kB
AnonPages:       1306380 kB
Mapped:           879860 kB
Shmem:             26532 kB
KReclaimable:     667920 kB
Slab:             228836 kB
SReclaimable:      77788 kB
SUnreclaim:       151048 kB
KernelStack:       48688 kB
PageTables:        68648 kB
NFS_Unstable:          0 kB
Bounce:                0 kB
WritebackTmp:          0 kB
CommitLimit:     9202292 kB
Committed_AS:   76625488 kB
VmallocTotal:   263061440 kB
VmallocUsed:      105744 kB
VmallocChunk:          0 kB
Percpu:             7616 kB
CmaTotal:         294912 kB
CmaFree:               0 kB
MemTotal:       12113136 kB
MemFree:         6262896 kB
MemAvailable:    7878520 kB
Buffers:            5464 kB
Cached:          1841928 kB
SwapCached:            0 kB
Active:          1541132 kB
Inactive:        1609044 kB
Active(anon):    1309152 kB
Inactive(anon):    24616 kB
Active(file):     231980 kB
Inactive(file):  1584428 kB
Unevictable:        5508 kB
Mlocked:            5508 kB
SwapTotal:       3145724 kB
SwapFree:        3145724 kB
Dirty:               632 kB
Writeback:             0 kB
AnonPages:       1308368 kB
Mapped:           879900 kB
Shmem:             26532 kB
KReclaimable:     667920 kB
Slab:             228836 kB
SReclaimable:      77788 kB
SUnreclaim:       151048 kB
KernelStack:       48688 kB
PageTables:        68652 kB
NFS_Unstable:          0 kB
Bounce:                0 kB
WritebackTmp:          0 kB
CommitLimit:     9202292 kB
Committed_AS:   76625092 kB
VmallocTotal:   263061440 kB
VmallocUsed:      105776 kB
VmallocChunk:          0 kB
Percpu:             7616 kB
CmaTotal:         294912 kB
CmaFree:               0 kB
MemTotal:       12113136 kB
MemFree:         6259796 kB
MemAvailable:    7875416 kB
Buffers:            5464 kB
Cached:          1841924 kB
SwapCached:            0 kB
Active:          1542412 kB
Inactive:        1609044 kB
Active(anon):    1310436 kB
Inactive(anon):    24616 kB
Active(file):     231976 kB
Inactive(file):  1584428 kB
Unevictable:        5508 kB
Mlocked:            5508 kB
SwapTotal:       3145724 kB
SwapFree:        3145724 kB
Dirty:               292 kB
Writeback:             0 kB
AnonPages:       1309544 kB
Mapped:           879896 kB
Shmem:             26532 kB
KReclaimable:     667920 kB
Slab:             228872 kB
SReclaimable:      77788 kB
SUnreclaim:       151084 kB
KernelStack:       48688 kB
PageTables:        68644 kB
NFS_Unstable:          0 kB
Bounce:                0 kB
WritebackTmp:          0 kB
CommitLimit:     9202292 kB
Committed_AS:   76621372 kB
VmallocTotal:   263061440 kB
VmallocUsed:      105744 kB
VmallocChunk:          0 kB
Percpu:             7616 kB
CmaTotal:         294912 kB
CmaFree:               4 kB
MemTotal:       12113136 kB
MemFree:         6260132 kB
MemAvailable:    7875780 kB
Buffers:            5464 kB
Cached:          1841960 kB
SwapCached:            0 kB
Active:          1543668 kB
Inactive:        1609080 kB
Active(anon):    1311692 kB
Inactive(anon):    24624 kB
Active(file):     231976 kB
Inactive(file):  1584456 kB
Unevictable:        5508 kB
Mlocked:            5508 kB
SwapTotal:       3145724 kB
SwapFree:        3145724 kB
Dirty:               424 kB
Writeback:             0 kB
AnonPages:       1310796 kB
Mapped:           879928 kB
Shmem:             26540 kB
KReclaimable:     667920 kB
Slab:             228872 kB
SReclaimable:      77788 kB
SUnreclaim:       151084 kB
KernelStack:       48672 kB
PageTables:        68608 kB
NFS_Unstable:          0 kB
Bounce:                0 kB
WritebackTmp:          0 kB
CommitLimit:     9202292 kB
Committed_AS:   76615772 kB
VmallocTotal:   263061440 kB
VmallocUsed:      105744 kB
VmallocChunk:          0 kB
Percpu:             7616 kB
CmaTotal:         294912 kB
CmaFree:               0 kB
MemTotal:       12113136 kB
MemFree:         6258664 kB
MemAvailable:    7874324 kB
Buffers:            5464 kB
Cached:          1841976 kB
SwapCached:            0 kB
Active:          1544288 kB
Inactive:        1609096 kB
Active(anon):    1312312 kB
Inactive(anon):    24628 kB
Active(file):     231976 kB
Inactive(file):  1584468 kB
Unevictable:        5508 kB
Mlocked:            5508 kB
SwapTotal:       3145724 kB
SwapFree:        3145724 kB
Dirty:               448 kB
Writeback:             0 kB
AnonPages:       1311416 kB
Mapped:           880068 kB
Shmem:             26544 kB
KReclaimable:     667920 kB
Slab:             228880 kB
SReclaimable:      77788 kB
SUnreclaim:       151092 kB
KernelStack:       48688 kB
PageTables:        68640 kB
NFS_Unstable:          0 kB
Bounce:                0 kB
WritebackTmp:          0 kB
CommitLimit:     9202292 kB
Committed_AS:   76625448 kB
VmallocTotal:   263061440 kB
VmallocUsed:      105728 kB
VmallocChunk:          0 kB
Percpu:             7616 kB
CmaTotal:         294912 kB
CmaFree:               0 kB
MemTotal:       12113136 kB
MemFree:         6257604 kB
MemAvailable:    7873276 kB
Buffers:            5464 kB
Cached:          1841996 kB
SwapCached:            0 kB
Active:          1546328 kB
Inactive:        1609116 kB
Active(anon):    1314352 kB
Inactive(anon):    24636 kB
Active(file):     231976 kB
Inactive(file):  1584480 kB
Unevictable:        5508 kB
Mlocked:            5508 kB
SwapTotal:       3145724 kB
SwapFree:        3145724 kB
Dirty:               496 kB
Writeback:             0 kB
AnonPages:       1313364 kB
Mapped:           879564 kB
Shmem:             26552 kB
KReclaimable:     667920 kB
Slab:             228880 kB
SReclaimable:      77788 kB
SUnreclaim:       151092 kB
KernelStack:       48672 kB
PageTables:        68644 kB
NFS_Unstable:          0 kB
Bounce:                0 kB
WritebackTmp:          0 kB
CommitLimit:     9202292 kB
Committed_AS:   76625144 kB
VmallocTotal:   263061440 kB
VmallocUsed:      105712 kB
VmallocChunk:          0 kB
Percpu:             7616 kB
CmaTotal:         294912 kB
CmaFree:               0 kB
MemTotal:       12113136 kB
MemFree:         6263800 kB
MemAvailable:    7879480 kB
Buffers:            5464 kB
Cached:          1842012 kB
SwapCached:            0 kB
Active:          1536900 kB
Inactive:        1609132 kB
Active(anon):    1304924 kB
Inactive(anon):    24644 kB
Active(file):     231976 kB
Inactive(file):  1584488 kB
Unevictable:        5508 kB
Mlocked:            5508 kB
SwapTotal:       3145724 kB
SwapFree:        3145724 kB
Dirty:               568 kB
Writeback:             0 kB
AnonPages:       1304056 kB
Mapped:           879352 kB
Shmem:             26560 kB
KReclaimable:     667920 kB
Slab:             228888 kB
SReclaimable:      77788 kB
SUnreclaim:       151100 kB
KernelStack:       48656 kB
PageTables:        68644 kB
NFS_Unstable:          0 kB
Bounce:                0 kB
WritebackTmp:          0 kB
CommitLimit:     9202292 kB
Committed_AS:   76621620 kB
VmallocTotal:   263061440 kB
VmallocUsed:      105744 kB
VmallocChunk:          0 kB
Percpu:             7616 kB
CmaTotal:         294912 kB
CmaFree:               0 kB
MemTotal:       12113136 kB
MemFree:         6263976 kB
MemAvailable:    7879672 kB
Buffers:            5468 kB
Cached:          1842024 kB
SwapCached:            0 kB
Active:          1537916 kB
Inactive:        1609144 kB
Active(anon):    1305936 kB
Inactive(anon):    24644 kB
Active(file):     231980 kB
Inactive(file):  1584500 kB
Unevictable:        5508 kB
Mlocked:            5508 kB
SwapTotal:       3145724 kB
SwapFree:        3145724 kB
Dirty:               328 kB
Writeback:             0 kB
AnonPages:       1305496 kB
Mapped:           879392 kB
Shmem:             26560 kB
KReclaimable:     667920 kB
Slab:             228836 kB
SReclaimable:      77788 kB
SUnreclaim:       151048 kB
KernelStack:       48720 kB
PageTables:        68648 kB
NFS_Unstable:          0 kB
Bounce:                0 kB
WritebackTmp:          0 kB
CommitLimit:     9202292 kB
Committed_AS:   76625852 kB
VmallocTotal:   263061440 kB
VmallocUsed:      105728 kB
VmallocChunk:          0 kB
Percpu:             7616 kB
CmaTotal:         294912 kB
CmaFree:              44 kB
MemTotal:       12113136 kB
MemFree:         6264816 kB
MemAvailable:    7880544 kB
Buffers:            5468 kB
Cached:          1842060 kB
SwapCached:            0 kB
Active:          1538368 kB
Inactive:        1609180 kB
Active(anon):    1306388 kB
Inactive(anon):    24648 kB
Active(file):     231980 kB
Inactive(file):  1584532 kB
Unevictable:        5508 kB
Mlocked:            5508 kB
SwapTotal:       3145724 kB
SwapFree:        3145724 kB
Dirty:               388 kB
Writeback:             0 kB
AnonPages:       1305708 kB
Mapped:           879572 kB
Shmem:             26564 kB
KReclaimable:     667920 kB
Slab:             228852 kB
SReclaimable:      77788 kB
SUnreclaim:       151064 kB
KernelStack:       48656 kB
PageTables:        68592 kB
NFS_Unstable:          0 kB
Bounce:                0 kB
WritebackTmp:          0 kB
CommitLimit:     9202292 kB
Committed_AS:   76612376 kB
VmallocTotal:   263061440 kB
VmallocUsed:      105712 kB
VmallocChunk:          0 kB
Percpu:             7616 kB
CmaTotal:         294912 kB
CmaFree:               0 kB
MemTotal:       12113136 kB
MemFree:         6263288 kB
MemAvailable:    7879016 kB
Buffers:            5468 kB
Cached:          1842060 kB
SwapCached:            0 kB
Active:          1540156 kB
Inactive:        1609184 kB
Active(anon):    1308180 kB
Inactive(anon):    24648 kB
Active(file):     231976 kB
Inactive(file):  1584536 kB
Unevictable:        5508 kB
Mlocked:            5508 kB
SwapTotal:       3145724 kB
SwapFree:        3145724 kB
Dirty:               460 kB
Writeback:             0 kB
AnonPages:       1307240 kB
Mapped:           879488 kB
Shmem:             26564 kB
KReclaimable:     667920 kB
Slab:             228852 kB
SReclaimable:      77788 kB
SUnreclaim:       151064 kB
KernelStack:       48656 kB
PageTables:        68640 kB
NFS_Unstable:          0 kB
Bounce:                0 kB
WritebackTmp:          0 kB
CommitLimit:     9202292 kB
Committed_AS:   76620676 kB
VmallocTotal:   263061440 kB
VmallocUsed:      105712 kB
VmallocChunk:          0 kB
Percpu:             7616 kB
CmaTotal:         294912 kB
CmaFree:               0 kB
MemTotal:       12113136 kB
MemFree:         6262988 kB
MemAvailable:    7878744 kB
Buffers:            5468 kB
Cached:          1842088 kB
SwapCached:            0 kB
Active:          1540960 kB
Inactive:        1609208 kB
Active(anon):    1308980 kB
Inactive(anon):    24648 kB
Active(file):     231980 kB
Inactive(file):  1584560 kB
Unevictable:        5508 kB
Mlocked:            5508 kB
SwapTotal:       3145724 kB
SwapFree:        3145724 kB
Dirty:               500 kB
Writeback:             0 kB
AnonPages:       1308368 kB
Mapped:           879492 kB
Shmem:             26564 kB
KReclaimable:     667920 kB
Slab:             228836 kB
SReclaimable:      77788 kB
SUnreclaim:       151048 kB
KernelStack:       48656 kB
PageTables:        68652 kB
NFS_Unstable:          0 kB
Bounce:                0 kB
WritebackTmp:          0 kB
CommitLimit:     9202292 kB
Committed_AS:   76626520 kB
VmallocTotal:   263061440 kB
VmallocUsed:      105712 kB
VmallocChunk:          0 kB
Percpu:             7616 kB
CmaTotal:         294912 kB
CmaFree:               0 kB
MemTotal:       12113136 kB
MemFree:         6263380 kB
MemAvailable:    7879148 kB
Buffers:            5468 kB
Cached:          1842104 kB
SwapCached:            0 kB
Active:          1540088 kB
Inactive:        1609220 kB
Active(anon):    1308104 kB
Inactive(anon):    24652 kB
Active(file):     231984 kB
Inactive(file):  1584568 kB
Unevictable:        5508 kB
Mlocked:            5508 kB
SwapTotal:       3145724 kB
SwapFree:        3145724 kB
Dirty:               548 kB
Writeback:             0 kB
AnonPages:       1307220 kB
Mapped:           879528 kB
Shmem:             26568 kB
KReclaimable:     667920 kB
Slab:             228844 kB
SReclaimable:      77788 kB
SUnreclaim:       151056 kB
KernelStack:       48656 kB
PageTables:        68640 kB
NFS_Unstable:          0 kB
Bounce:                0 kB
WritebackTmp:          0 kB
CommitLimit:     9202292 kB
Committed_AS:   76626036 kB
VmallocTotal:   263061440 kB
VmallocUsed:      105744 kB
VmallocChunk:          0 kB
Percpu:             7616 kB
CmaTotal:         294912 kB
CmaFree:               0 kB
MemTotal:       12113136 kB
MemFree:         6262548 kB
MemAvailable:    7878328 kB
Buffers:            5468 kB
Cached:          1842120 kB
SwapCached:            0 kB
Active:          1541308 kB
Inactive:        1609240 kB
Active(anon):    1309328 kB
Inactive(anon):    24656 kB
Active(file):     231980 kB
Inactive(file):  1584584 kB
Unevictable:        5508 kB
Mlocked:            5508 kB
SwapTotal:       3145724 kB
SwapFree:        3145724 kB
Dirty:               572 kB
Writeback:             0 kB
AnonPages:       1308604 kB
Mapped:           879596 kB
Shmem:             26572 kB
KReclaimable:     667920 kB
Slab:             228844 kB
SReclaimable:      77788 kB
SUnreclaim:       151056 kB
KernelStack:       48656 kB
PageTables:        68652 kB
NFS_Unstable:          0 kB
Bounce:                0 kB
WritebackTmp:          0 kB
CommitLimit:     9202292 kB
Committed_AS:   76625696 kB
VmallocTotal:   263061440 kB
VmallocUsed:      105744 kB
VmallocChunk:          0 kB
Percpu:             7616 kB
CmaTotal:         294912 kB
CmaFree:               0 kB
MemTotal:       12113136 kB
MemFree:         6261928 kB
MemAvailable:    7877712 kB
Buffers:            5468 kB
Cached:          1842124 kB
SwapCached:            0 kB
Active:          1542136 kB
Inactive:        1609244 kB
Active(anon):    1310156 kB
Inactive(anon):    24656 kB
Active(file):     231980 kB
Inactive(file):  1584588 kB
Unevictable:        5508 kB
Mlocked:            5508 kB
SwapTotal:       3145724 kB
SwapFree:        3145724 kB
Dirty:               608 kB
Writeback:             0 kB
AnonPages:       1309712 kB
Mapped:           879600 kB
Shmem:             26572 kB
KReclaimable:     667920 kB
Slab:             228852 kB
SReclaimable:      77788 kB
SUnreclaim:       151064 kB
KernelStack:       48656 kB
PageTables:        68640 kB
NFS_Unstable:          0 kB
Bounce:                0 kB
WritebackTmp:          0 kB
CommitLimit:     9202292 kB
Committed_AS:   76620852 kB
VmallocTotal:   263061440 kB
VmallocUsed:      105712 kB
VmallocChunk:          0 kB
Percpu:             7616 kB
CmaTotal:         294912 kB
CmaFree:               0 kB
MemTotal:       12113136 kB
MemFree:         6270904 kB
MemAvailable:    7886712 kB
Buffers:            5468 kB
Cached:          1842164 kB
SwapCached:            0 kB
Active:          1529076 kB
Inactive:        1609284 kB
Active(anon):    1297096 kB
Inactive(anon):    24672 kB
Active(file):     231980 kB
Inactive(file):  1584612 kB
Unevictable:        5508 kB
Mlocked:            5508 kB
SwapTotal:       3145724 kB
SwapFree:        3145724 kB
Dirty:               668 kB
Writeback:             0 kB
AnonPages:       1296468 kB
Mapped:           879684 kB
Shmem:             26588 kB
KReclaimable:     667920 kB
Slab:             228852 kB
SReclaimable:      77788 kB
SUnreclaim:       151064 kB
KernelStack:       48640 kB
PageTables:        68648 kB
NFS_Unstable:          0 kB
Bounce:                0 kB
WritebackTmp:          0 kB
CommitLimit:     9202292 kB
Committed_AS:   76620300 kB
VmallocTotal:   263061440 kB
VmallocUsed:      105712 kB
VmallocChunk:          0 kB
Percpu:             7616 kB
CmaTotal:         294912 kB
CmaFree:            1592 kB
MemTotal:       12113136 kB
MemFree:         6272788 kB
MemAvailable:    7888600 kB
Buffers:            5468 kB
Cached:          1842168 kB
SwapCached:            0 kB
Active:          1530248 kB
Inactive:        1609288 kB
Active(anon):    1298268 kB
Inactive(anon):    24672 kB
Active(file):     231980 kB
Inactive(file):  1584616 kB
Unevictable:        5508 kB
Mlocked:            5508 kB
SwapTotal:       3145724 kB
SwapFree:        3145724 kB
Dirty:               716 kB
Writeback:             0 kB
AnonPages:       1297456 kB
Mapped:           879692 kB
Shmem:             26588 kB
KReclaimable:     667920 kB
Slab:             228852 kB
SReclaimable:      77788 kB
SUnreclaim:       151064 kB
KernelStack:       48640 kB
PageTables:        68640 kB
NFS_Unstable:          0 kB
Bounce:                0 kB
WritebackTmp:          0 kB
CommitLimit:     9202292 kB
Committed_AS:   76625444 kB
VmallocTotal:   263061440 kB
VmallocUsed:      105680 kB
VmallocChunk:          0 kB
Percpu:             7616 kB
CmaTotal:         294912 kB
CmaFree:             196 kB
MemTotal:       12113136 kB
MemFree:         6273168 kB
MemAvailable:    7888992 kB
Buffers:            5468 kB
Cached:          1842184 kB
SwapCached:            0 kB
Active:          1530292 kB
Inactive:        1609304 kB
Active(anon):    1298312 kB
Inactive(anon):    24676 kB
Active(file):     231980 kB
Inactive(file):  1584628 kB
Unevictable:        5508 kB
Mlocked:            5508 kB
SwapTotal:       3145724 kB
SwapFree:        3145724 kB
Dirty:               732 kB
Writeback:             0 kB
AnonPages:       1297604 kB
Mapped:           879760 kB
Shmem:             26592 kB
KReclaimable:     667920 kB
Slab:             228852 kB
SReclaimable:      77788 kB
SUnreclaim:       151064 kB
KernelStack:       48640 kB
PageTables:        68656 kB
NFS_Unstable:          0 kB
Bounce:                0 kB
WritebackTmp:          0 kB
CommitLimit:     9202292 kB
Committed_AS:   76626156 kB
VmallocTotal:   263061440 kB
VmallocUsed:      105680 kB
VmallocChunk:          0 kB
Percpu:             7616 kB
CmaTotal:         294912 kB
CmaFree:               0 kB
MemTotal:       12113136 kB
MemFree:         6270760 kB
MemAvailable:    7886600 kB
Buffers:            5468 kB
Cached:          1842200 kB
SwapCached:            0 kB
Active:          1531784 kB
Inactive:        1609320 kB
Active(anon):    1299804 kB
Inactive(anon):    24676 kB
Active(file):     231980 kB
Inactive(file):  1584644 kB
Unevictable:        5508 kB
Mlocked:            5508 kB
SwapTotal:       3145724 kB
SwapFree:        3145724 kB
Dirty:               780 kB
Writeback:             0 kB
AnonPages:       1299224 kB
Mapped:           879764 kB
Shmem:             26592 kB
KReclaimable:     667920 kB
Slab:             228852 kB
SReclaimable:      77788 kB
SUnreclaim:       151064 kB
KernelStack:       48640 kB
PageTables:        68640 kB
NFS_Unstable:          0 kB
Bounce:                0 kB
WritebackTmp:          0 kB
CommitLimit:     9202292 kB
Committed_AS:   76619644 kB
VmallocTotal:   263061440 kB
VmallocUsed:      105696 kB
VmallocChunk:          0 kB
Percpu:             7616 kB
CmaTotal:         294912 kB
CmaFree:               0 kB
MemTotal:       12113136 kB
MemFree:         6268776 kB
MemAvailable:    7884640 kB
Buffers:            5468 kB
Cached:          1842228 kB
SwapCached:            0 kB
Active:          1533328 kB
Inactive:        1609348 kB
Active(anon):    1301348 kB
Inactive(anon):    24680 kB
Active(file):     231980 kB
Inactive(file):  1584668 kB
Unevictable:        5508 kB
Mlocked:            5508 kB
SwapTotal:       3145724 kB
SwapFree:        3145724 kB
Dirty:               852 kB
Writeback:             0 kB
AnonPages:       1300608 kB
Mapped:           879836 kB
Shmem:             26596 kB
KReclaimable:     667920 kB
Slab:             228836 kB
SReclaimable:      77788 kB
SUnreclaim:       151048 kB
KernelStack:       48640 kB
PageTables:        68652 kB
NFS_Unstable:          0 kB
Bounce:                0 kB
WritebackTmp:          0 kB
CommitLimit:     9202292 kB
Committed_AS:   76615328 kB
VmallocTotal:   263061440 kB
VmallocUsed:      105696 kB
VmallocChunk:          0 kB
Percpu:             7616 kB
CmaTotal:         294912 kB
CmaFree:               0 kB
MemTotal:       12113136 kB
MemFree:         6268256 kB
MemAvailable:    7884128 kB
Buffers:            5468 kB
Cached:          1842236 kB
SwapCached:            0 kB
Active:          1533316 kB
Inactive:        1609356 kB
Active(anon):    1301336 kB
Inactive(anon):    24680 kB
Active(file):     231980 kB
Inactive(file):  1584676 kB
Unevictable:        5508 kB
Mlocked:            5508 kB
SwapTotal:       3145724 kB
SwapFree:        3145724 kB
Dirty:               864 kB
Writeback:             0 kB
AnonPages:       1300428 kB
Mapped:           879836 kB
Shmem:             26596 kB
KReclaimable:     667920 kB
Slab:             228844 kB
SReclaimable:      77788 kB
SUnreclaim:       151056 kB
KernelStack:       48640 kB
PageTables:        68640 kB
NFS_Unstable:          0 kB
Bounce:                0 kB
WritebackTmp:          0 kB
CommitLimit:     9202292 kB
Committed_AS:   76615724 kB
VmallocTotal:   263061440 kB
VmallocUsed:      105696 kB
VmallocChunk:          0 kB
Percpu:             7616 kB
CmaTotal:         294912 kB
CmaFree:               0 kB
MemTotal:       12113136 kB
MemFree:         6268788 kB
MemAvailable:    7884672 kB
Buffers:            5468 kB
Cached:          1842296 kB
SwapCached:            0 kB
Active:          1534864 kB
Inactive:        1609420 kB
Active(anon):    1302884 kB
Inactive(anon):    24732 kB
Active(file):     231980 kB
Inactive(file):  1584688 kB
Unevictable:        5508 kB
Mlocked:            5508 kB
SwapTotal:       3145724 kB
SwapFree:        3145724 kB
Dirty:               908 kB
Writeback:             0 kB
AnonPages:       1302024 kB
Mapped:           879960 kB
Shmem:             26644 kB
KReclaimable:     667920 kB
Slab:             228840 kB
SReclaimable:      77788 kB
SUnreclaim:       151052 kB
KernelStack:       48640 kB
PageTables:        68756 kB
NFS_Unstable:          0 kB
Bounce:                0 kB
WritebackTmp:          0 kB
CommitLimit:     9202292 kB
Committed_AS:   76611652 kB
VmallocTotal:   263061440 kB
VmallocUsed:      105680 kB
