MemTotal:       12113144 kB
MemFree:         6919056 kB
MemAvailable:    8319716 kB
Buffers:            6508 kB
Cached:          1623884 kB
SwapCached:            0 kB
Active:          1390376 kB
Inactive:        1414668 kB
Active(anon):    1181200 kB
Inactive(anon):    21516 kB
Active(file):     209176 kB
Inactive(file):  1393152 kB
Unevictable:        5692 kB
Mlocked:            5692 kB
SwapTotal:       3145724 kB
SwapFree:        3145724 kB
Dirty:               252 kB
Writeback:             4 kB
AnonPages:       1180348 kB
Mapped:           803900 kB
Shmem:             23412 kB
KReclaimable:     667036 kB
Slab:             202488 kB
SReclaimable:      66936 kB
SUnreclaim:       135552 kB
KernelStack:       41536 kB
PageTables:        55824 kB
NFS_Unstable:          0 kB
Bounce:                0 kB
WritebackTmp:          0 kB
CommitLimit:     9202296 kB
Committed_AS:   56395836 kB
VmallocTotal:   263061440 kB
VmallocUsed:       98404 kB
VmallocChunk:          0 kB
Percpu:             7584 kB
CmaTotal:         294912 kB
CmaFree:               0 kB
MemTotal:       12113144 kB
MemFree:         6919036 kB
MemAvailable:    8319696 kB
Buffers:            6508 kB
Cached:          1623884 kB
SwapCached:            0 kB
Active:          1388872 kB
Inactive:        1414664 kB
Active(anon):    1179692 kB
Inactive(anon):    21516 kB
Active(file):     209180 kB
Inactive(file):  1393148 kB
Unevictable:        5692 kB
Mlocked:            5692 kB
SwapTotal:       3145724 kB
SwapFree:        3145724 kB
Dirty:               272 kB
Writeback:             0 kB
AnonPages:       1178760 kB
Mapped:           804124 kB
Shmem:             23412 kB
KReclaimable:     667036 kB
Slab:             202400 kB
SReclaimable:      66936 kB
SUnreclaim:       135464 kB
KernelStack:       41568 kB
PageTables:        55860 kB
NFS_Unstable:          0 kB
Bounce:                0 kB
WritebackTmp:          0 kB
CommitLimit:     9202296 kB
Committed_AS:   56394156 kB
VmallocTotal:   263061440 kB
VmallocUsed:       98420 kB
VmallocChunk:          0 kB
Percpu:             7584 kB
CmaTotal:         294912 kB
CmaFree:               4 kB
MemTotal:       12113144 kB
MemFree:         6920572 kB
MemAvailable:    8321232 kB
Buffers:            6508 kB
Cached:          1623884 kB
SwapCached:            0 kB
Active:          1385804 kB
Inactive:        1414664 kB
Active(anon):    1176624 kB
Inactive(anon):    21516 kB
Active(file):     209180 kB
Inactive(file):  1393148 kB
Unevictable:        5692 kB
Mlocked:            5692 kB
SwapTotal:       3145724 kB
SwapFree:        3145724 kB
Dirty:               272 kB
Writeback:             0 kB
AnonPages:       1175912 kB
Mapped:           804116 kB
Shmem:             23412 kB
KReclaimable:     667036 kB
Slab:             202468 kB
SReclaimable:      66936 kB
SUnreclaim:       135532 kB
KernelStack:       41536 kB
PageTables:        55724 kB
NFS_Unstable:          0 kB
Bounce:                0 kB
WritebackTmp:          0 kB
CommitLimit:     9202296 kB
Committed_AS:   56399376 kB
VmallocTotal:   263061440 kB
VmallocUsed:       98404 kB
VmallocChunk:          0 kB
Percpu:             7584 kB
CmaTotal:         294912 kB
CmaFree:               0 kB
MemTotal:       12113144 kB
MemFree:         6920940 kB
MemAvailable:    8321600 kB
Buffers:            6508 kB
Cached:          1623884 kB
SwapCached:            0 kB
Active:          1386068 kB
Inactive:        1414664 kB
Active(anon):    1176888 kB
Inactive(anon):    21516 kB
Active(file):     209180 kB
Inactive(file):  1393148 kB
Unevictable:        5692 kB
Mlocked:            5692 kB
SwapTotal:       3145724 kB
SwapFree:        3145724 kB
Dirty:               280 kB
Writeback:             0 kB
AnonPages:       1176184 kB
Mapped:           804380 kB
Shmem:             23412 kB
KReclaimable:     667036 kB
Slab:             202356 kB
SReclaimable:      66936 kB
SUnreclaim:       135420 kB
KernelStack:       41536 kB
PageTables:        55720 kB
NFS_Unstable:          0 kB
Bounce:                0 kB
WritebackTmp:          0 kB
CommitLimit:     9202296 kB
Committed_AS:   56399068 kB
VmallocTotal:   263061440 kB
VmallocUsed:       98404 kB
VmallocChunk:          0 kB
Percpu:             7584 kB
CmaTotal:         294912 kB
CmaFree:               0 kB
MemTotal:       12113144 kB
MemFree:         6920388 kB
MemAvailable:    8321048 kB
Buffers:            6508 kB
Cached:          1623884 kB
SwapCached:            0 kB
Active:          1386940 kB
Inactive:        1414664 kB
Active(anon):    1177760 kB
Inactive(anon):    21516 kB
Active(file):     209180 kB
Inactive(file):  1393148 kB
Unevictable:        5692 kB
Mlocked:            5692 kB
SwapTotal:       3145724 kB
SwapFree:        3145724 kB
Dirty:               288 kB
Writeback:             0 kB
AnonPages:       1176524 kB
Mapped:           804356 kB
Shmem:             23412 kB
KReclaimable:     667036 kB
Slab:             202436 kB
SReclaimable:      66936 kB
SUnreclaim:       135500 kB
KernelStack:       41536 kB
PageTables:        55700 kB
NFS_Unstable:          0 kB
Bounce:                0 kB
WritebackTmp:          0 kB
CommitLimit:     9202296 kB
Committed_AS:   56403340 kB
VmallocTotal:   263061440 kB
VmallocUsed:       98388 kB
VmallocChunk:          0 kB
Percpu:             7584 kB
CmaTotal:         294912 kB
CmaFree:               0 kB
MemTotal:       12113144 kB
MemFree:         6920060 kB
MemAvailable:    8320720 kB
Buffers:            6508 kB
Cached:          1623884 kB
SwapCached:            0 kB
Active:          1387440 kB
Inactive:        1414664 kB
Active(anon):    1178260 kB
Inactive(anon):    21516 kB
Active(file):     209180 kB
Inactive(file):  1393148 kB
Unevictable:        5692 kB
Mlocked:            5692 kB
SwapTotal:       3145724 kB
SwapFree:        3145724 kB
Dirty:               312 kB
Writeback:             0 kB
AnonPages:       1177456 kB
Mapped:           804364 kB
Shmem:             23412 kB
KReclaimable:     667036 kB
Slab:             202388 kB
SReclaimable:      66936 kB
SUnreclaim:       135452 kB
KernelStack:       41568 kB
PageTables:        55788 kB
NFS_Unstable:          0 kB
Bounce:                0 kB
WritebackTmp:          0 kB
CommitLimit:     9202296 kB
Committed_AS:   56403560 kB
VmallocTotal:   263061440 kB
VmallocUsed:       98404 kB
VmallocChunk:          0 kB
Percpu:             7584 kB
CmaTotal:         294912 kB
CmaFree:               0 kB
MemTotal:       12113144 kB
MemFree:         6919444 kB
MemAvailable:    8320112 kB
Buffers:            6512 kB
Cached:          1623892 kB
SwapCached:            0 kB
Active:          1388104 kB
Inactive:        1414672 kB
Active(anon):    1178920 kB
Inactive(anon):    21516 kB
Active(file):     209184 kB
Inactive(file):  1393156 kB
Unevictable:        5692 kB
Mlocked:            5692 kB
SwapTotal:       3145724 kB
SwapFree:        3145724 kB
Dirty:               292 kB
Writeback:             0 kB
AnonPages:       1177888 kB
Mapped:           804420 kB
Shmem:             23412 kB
KReclaimable:     667032 kB
Slab:             202488 kB
SReclaimable:      66932 kB
SUnreclaim:       135556 kB
KernelStack:       41552 kB
PageTables:        55868 kB
NFS_Unstable:          0 kB
Bounce:                0 kB
WritebackTmp:          0 kB
CommitLimit:     9202296 kB
Committed_AS:   56398244 kB
VmallocTotal:   263061440 kB
VmallocUsed:       98404 kB
VmallocChunk:          0 kB
Percpu:             7584 kB
CmaTotal:         294912 kB
CmaFree:               0 kB
MemTotal:       12113144 kB
MemFree:         6918804 kB
MemAvailable:    8319476 kB
Buffers:            6512 kB
Cached:          1623896 kB
SwapCached:            0 kB
Active:          1388592 kB
Inactive:        1414676 kB
Active(anon):    1179408 kB
Inactive(anon):    21516 kB
Active(file):     209184 kB
Inactive(file):  1393160 kB
Unevictable:        5692 kB
Mlocked:            5692 kB
SwapTotal:       3145724 kB
SwapFree:        3145724 kB
Dirty:               300 kB
Writeback:             0 kB
AnonPages:       1178808 kB
Mapped:           804208 kB
Shmem:             23412 kB
KReclaimable:     667032 kB
Slab:             202360 kB
SReclaimable:      66932 kB
SUnreclaim:       135428 kB
KernelStack:       41568 kB
PageTables:        55760 kB
NFS_Unstable:          0 kB
Bounce:                0 kB
WritebackTmp:          0 kB
CommitLimit:     9202296 kB
Committed_AS:   56398288 kB
VmallocTotal:   263061440 kB
VmallocUsed:       98404 kB
VmallocChunk:          0 kB
Percpu:             7584 kB
CmaTotal:         294912 kB
CmaFree:               0 kB
MemTotal:       12113144 kB
MemFree:         6918780 kB
MemAvailable:    8319452 kB
Buffers:            6512 kB
Cached:          1623896 kB
SwapCached:            0 kB
Active:          1388692 kB
Inactive:        1414676 kB
Active(anon):    1179508 kB
Inactive(anon):    21516 kB
Active(file):     209184 kB
Inactive(file):  1393160 kB
Unevictable:        5692 kB
Mlocked:            5692 kB
SwapTotal:       3145724 kB
SwapFree:        3145724 kB
Dirty:               300 kB
Writeback:             0 kB
AnonPages:       1178852 kB
Mapped:           804420 kB
Shmem:             23412 kB
KReclaimable:     667032 kB
Slab:             202504 kB
SReclaimable:      66932 kB
SUnreclaim:       135572 kB
KernelStack:       41536 kB
PageTables:        55736 kB
NFS_Unstable:          0 kB
Bounce:                0 kB
WritebackTmp:          0 kB
CommitLimit:     9202296 kB
Committed_AS:   56403340 kB
VmallocTotal:   263061440 kB
VmallocUsed:       98388 kB
VmallocChunk:          0 kB
Percpu:             7584 kB
CmaTotal:         294912 kB
CmaFree:               0 kB
MemTotal:       12113144 kB
MemFree:         6918492 kB
MemAvailable:    8319164 kB
Buffers:            6512 kB
Cached:          1623896 kB
SwapCached:            0 kB
Active:          1389012 kB
Inactive:        1414676 kB
Active(anon):    1179828 kB
Inactive(anon):    21516 kB
Active(file):     209184 kB
Inactive(file):  1393160 kB
Unevictable:        5692 kB
Mlocked:            5692 kB
SwapTotal:       3145724 kB
SwapFree:        3145724 kB
Dirty:               328 kB
Writeback:             0 kB
AnonPages:       1179052 kB
Mapped:           804164 kB
Shmem:             23412 kB
KReclaimable:     667032 kB
Slab:             202368 kB
SReclaimable:      66932 kB
SUnreclaim:       135436 kB
KernelStack:       41536 kB
PageTables:        55736 kB
NFS_Unstable:          0 kB
Bounce:                0 kB
WritebackTmp:          0 kB
CommitLimit:     9202296 kB
Committed_AS:   56403304 kB
VmallocTotal:   263061440 kB
VmallocUsed:       98388 kB
VmallocChunk:          0 kB
Percpu:             7584 kB
CmaTotal:         294912 kB
CmaFree:               0 kB
MemTotal:       12113144 kB
MemFree:         6916452 kB
MemAvailable:    8317124 kB
Buffers:            6512 kB
Cached:          1623896 kB
SwapCached:            0 kB
Active:          1390148 kB
Inactive:        1414676 kB
Active(anon):    1180964 kB
Inactive(anon):    21516 kB
Active(file):     209184 kB
Inactive(file):  1393160 kB
Unevictable:        5692 kB
Mlocked:            5692 kB
SwapTotal:       3145724 kB
SwapFree:        3145724 kB
Dirty:               328 kB
Writeback:             0 kB
AnonPages:       1180008 kB
Mapped:           804396 kB
Shmem:             23412 kB
KReclaimable:     667032 kB
Slab:             202544 kB
SReclaimable:      66932 kB
SUnreclaim:       135612 kB
KernelStack:       41584 kB
PageTables:        55724 kB
NFS_Unstable:          0 kB
Bounce:                0 kB
WritebackTmp:          0 kB
CommitLimit:     9202296 kB
Committed_AS:   56403304 kB
VmallocTotal:   263061440 kB
VmallocUsed:       98372 kB
VmallocChunk:          0 kB
Percpu:             7584 kB
CmaTotal:         294912 kB
CmaFree:               0 kB
MemTotal:       12113144 kB
MemFree:         6917696 kB
MemAvailable:    8318368 kB
Buffers:            6512 kB
Cached:          1623896 kB
SwapCached:            0 kB
Active:          1389436 kB
Inactive:        1414676 kB
Active(anon):    1180252 kB
Inactive(anon):    21516 kB
Active(file):     209184 kB
Inactive(file):  1393160 kB
Unevictable:        5692 kB
Mlocked:            5692 kB
SwapTotal:       3145724 kB
SwapFree:        3145724 kB
Dirty:               356 kB
Writeback:             0 kB
AnonPages:       1179456 kB
Mapped:           804420 kB
Shmem:             23412 kB
KReclaimable:     667032 kB
Slab:             202328 kB
SReclaimable:      66932 kB
SUnreclaim:       135396 kB
KernelStack:       41536 kB
PageTables:        55732 kB
NFS_Unstable:          0 kB
Bounce:                0 kB
WritebackTmp:          0 kB
CommitLimit:     9202296 kB
Committed_AS:   56403648 kB
VmallocTotal:   263061440 kB
VmallocUsed:       98420 kB
VmallocChunk:          0 kB
Percpu:             7584 kB
CmaTotal:         294912 kB
CmaFree:               0 kB
MemTotal:       12113144 kB
MemFree:         6927408 kB
MemAvailable:    8328068 kB
Buffers:            6512 kB
Cached:          1623884 kB
SwapCached:            0 kB
Active:          1380056 kB
Inactive:        1414668 kB
Active(anon):    1170876 kB
Inactive(anon):    21516 kB
Active(file):     209180 kB
Inactive(file):  1393152 kB
Unevictable:        5692 kB
Mlocked:            5692 kB
SwapTotal:       3145724 kB
SwapFree:        3145724 kB
Dirty:               352 kB
Writeback:             0 kB
AnonPages:       1170088 kB
Mapped:           804160 kB
Shmem:             23412 kB
KReclaimable:     667032 kB
Slab:             202472 kB
SReclaimable:      66932 kB
SUnreclaim:       135540 kB
KernelStack:       41536 kB
PageTables:        55732 kB
NFS_Unstable:          0 kB
Bounce:                0 kB
WritebackTmp:          0 kB
CommitLimit:     9202296 kB
Committed_AS:   56399656 kB
VmallocTotal:   263061440 kB
VmallocUsed:       98436 kB
VmallocChunk:          0 kB
Percpu:             7584 kB
CmaTotal:         294912 kB
CmaFree:               0 kB
MemTotal:       12113144 kB
MemFree:         6927824 kB
MemAvailable:    8328496 kB
Buffers:            6512 kB
Cached:          1623896 kB
SwapCached:            0 kB
Active:          1379664 kB
Inactive:        1414676 kB
Active(anon):    1170480 kB
Inactive(anon):    21516 kB
Active(file):     209184 kB
Inactive(file):  1393160 kB
Unevictable:        5692 kB
Mlocked:            5692 kB
SwapTotal:       3145724 kB
SwapFree:        3145724 kB
Dirty:               356 kB
Writeback:             0 kB
AnonPages:       1169704 kB
Mapped:           804164 kB
Shmem:             23412 kB
KReclaimable:     667032 kB
Slab:             202312 kB
SReclaimable:      66932 kB
SUnreclaim:       135380 kB
KernelStack:       41536 kB
PageTables:        55748 kB
NFS_Unstable:          0 kB
Bounce:                0 kB
WritebackTmp:          0 kB
CommitLimit:     9202296 kB
Committed_AS:   56399320 kB
VmallocTotal:   263061440 kB
VmallocUsed:       98404 kB
VmallocChunk:          0 kB
Percpu:             7584 kB
CmaTotal:         294912 kB
CmaFree:               0 kB
MemTotal:       12113144 kB
MemFree:         6927228 kB
MemAvailable:    8327900 kB
Buffers:            6512 kB
Cached:          1623896 kB
SwapCached:            0 kB
Active:          1380264 kB
Inactive:        1414676 kB
Active(anon):    1171080 kB
Inactive(anon):    21516 kB
Active(file):     209184 kB
Inactive(file):  1393160 kB
Unevictable:        5692 kB
Mlocked:            5692 kB
SwapTotal:       3145724 kB
SwapFree:        3145724 kB
Dirty:               356 kB
Writeback:             0 kB
AnonPages:       1170500 kB
Mapped:           804420 kB
Shmem:             23412 kB
KReclaimable:     667032 kB
Slab:             202480 kB
SReclaimable:      66932 kB
SUnreclaim:       135548 kB
KernelStack:       41552 kB
PageTables:        55744 kB
NFS_Unstable:          0 kB
Bounce:                0 kB
WritebackTmp:          0 kB
CommitLimit:     9202296 kB
Committed_AS:   56403436 kB
VmallocTotal:   263061440 kB
VmallocUsed:       98388 kB
VmallocChunk:          0 kB
Percpu:             7584 kB
CmaTotal:         294912 kB
CmaFree:               0 kB
MemTotal:       12113144 kB
MemFree:         6926616 kB
MemAvailable:    8327288 kB
Buffers:            6512 kB
Cached:          1623900 kB
SwapCached:            0 kB
Active:          1380620 kB
Inactive:        1414680 kB
Active(anon):    1171436 kB
Inactive(anon):    21520 kB
Active(file):     209184 kB
Inactive(file):  1393160 kB
Unevictable:        5692 kB
Mlocked:            5692 kB
SwapTotal:       3145724 kB
SwapFree:        3145724 kB
Dirty:               356 kB
Writeback:             0 kB
AnonPages:       1170964 kB
Mapped:           804424 kB
Shmem:             23416 kB
KReclaimable:     667032 kB
Slab:             202328 kB
SReclaimable:      66932 kB
SUnreclaim:       135396 kB
KernelStack:       41536 kB
PageTables:        55732 kB
NFS_Unstable:          0 kB
Bounce:                0 kB
WritebackTmp:          0 kB
CommitLimit:     9202296 kB
Committed_AS:   56403172 kB
VmallocTotal:   263061440 kB
VmallocUsed:       98372 kB
VmallocChunk:          0 kB
Percpu:             7584 kB
CmaTotal:         294912 kB
CmaFree:               0 kB
MemTotal:       12113144 kB
MemFree:         6926056 kB
MemAvailable:    8326732 kB
Buffers:            6512 kB
Cached:          1623904 kB
SwapCached:            0 kB
Active:          1381444 kB
Inactive:        1414684 kB
Active(anon):    1172260 kB
Inactive(anon):    21520 kB
Active(file):     209184 kB
Inactive(file):  1393164 kB
Unevictable:        5692 kB
Mlocked:            5692 kB
SwapTotal:       3145724 kB
SwapFree:        3145724 kB
Dirty:               372 kB
Writeback:             0 kB
AnonPages:       1171680 kB
Mapped:           804168 kB
Shmem:             23416 kB
KReclaimable:     667032 kB
Slab:             202416 kB
SReclaimable:      66932 kB
SUnreclaim:       135484 kB
KernelStack:       41536 kB
PageTables:        55732 kB
NFS_Unstable:          0 kB
Bounce:                0 kB
WritebackTmp:          0 kB
CommitLimit:     9202296 kB
Committed_AS:   56402872 kB
VmallocTotal:   263061440 kB
VmallocUsed:       98388 kB
VmallocChunk:          0 kB
Percpu:             7584 kB
CmaTotal:         294912 kB
CmaFree:               0 kB
MemTotal:       12113144 kB
MemFree:         6926664 kB
MemAvailable:    8327340 kB
Buffers:            6512 kB
Cached:          1623904 kB
SwapCached:            0 kB
Active:          1381632 kB
Inactive:        1414684 kB
Active(anon):    1172448 kB
Inactive(anon):    21520 kB
Active(file):     209184 kB
Inactive(file):  1393164 kB
Unevictable:        5692 kB
Mlocked:            5692 kB
SwapTotal:       3145724 kB
SwapFree:        3145724 kB
Dirty:               372 kB
Writeback:             0 kB
AnonPages:       1171156 kB
Mapped:           804164 kB
Shmem:             23416 kB
KReclaimable:     667032 kB
Slab:             202376 kB
SReclaimable:      66932 kB
SUnreclaim:       135444 kB
KernelStack:       41536 kB
PageTables:        55732 kB
NFS_Unstable:          0 kB
Bounce:                0 kB
WritebackTmp:          0 kB
CommitLimit:     9202296 kB
Committed_AS:   56398712 kB
VmallocTotal:   263061440 kB
VmallocUsed:       98388 kB
VmallocChunk:          0 kB
Percpu:             7584 kB
CmaTotal:         294912 kB
CmaFree:               0 kB
MemTotal:       12113144 kB
MemFree:         6925448 kB
MemAvailable:    8326124 kB
Buffers:            6512 kB
Cached:          1623904 kB
SwapCached:            0 kB
Active:          1382016 kB
Inactive:        1414684 kB
Active(anon):    1172832 kB
Inactive(anon):    21520 kB
Active(file):     209184 kB
Inactive(file):  1393164 kB
Unevictable:        5692 kB
Mlocked:            5692 kB
SwapTotal:       3145724 kB
SwapFree:        3145724 kB
Dirty:               372 kB
Writeback:             0 kB
AnonPages:       1172296 kB
Mapped:           804172 kB
Shmem:             23416 kB
KReclaimable:     667032 kB
Slab:             202456 kB
SReclaimable:      66932 kB
SUnreclaim:       135524 kB
KernelStack:       41552 kB
PageTables:        55740 kB
NFS_Unstable:          0 kB
Bounce:                0 kB
WritebackTmp:          0 kB
CommitLimit:     9202296 kB
Committed_AS:   56398748 kB
VmallocTotal:   263061440 kB
VmallocUsed:       98372 kB
VmallocChunk:          0 kB
Percpu:             7584 kB
CmaTotal:         294912 kB
CmaFree:               0 kB
MemTotal:       12113144 kB
MemFree:         6925104 kB
MemAvailable:    8325780 kB
Buffers:            6512 kB
Cached:          1623904 kB
SwapCached:            0 kB
Active:          1382460 kB
Inactive:        1414684 kB
Active(anon):    1173276 kB
Inactive(anon):    21520 kB
Active(file):     209184 kB
Inactive(file):  1393164 kB
Unevictable:        5692 kB
Mlocked:            5692 kB
SwapTotal:       3145724 kB
SwapFree:        3145724 kB
Dirty:               372 kB
Writeback:             0 kB
AnonPages:       1172432 kB
Mapped:           804424 kB
Shmem:             23416 kB
KReclaimable:     667032 kB
Slab:             202456 kB
SReclaimable:      66932 kB
SUnreclaim:       135524 kB
KernelStack:       41488 kB
PageTables:        55732 kB
NFS_Unstable:          0 kB
Bounce:                0 kB
WritebackTmp:          0 kB
CommitLimit:     9202296 kB
Committed_AS:   56398492 kB
VmallocTotal:   263061440 kB
VmallocUsed:       98340 kB
VmallocChunk:          0 kB
Percpu:             7584 kB
CmaTotal:         294912 kB
CmaFree:               0 kB
MemTotal:       12113144 kB
MemFree:         6925856 kB
MemAvailable:    8326544 kB
Buffers:            6512 kB
Cached:          1623916 kB
SwapCached:            0 kB
Active:          1382248 kB
Inactive:        1414692 kB
Active(anon):    1173060 kB
Inactive(anon):    21520 kB
Active(file):     209188 kB
Inactive(file):  1393172 kB
Unevictable:        5692 kB
Mlocked:            5692 kB
SwapTotal:       3145724 kB
SwapFree:        3145724 kB
Dirty:               380 kB
Writeback:             0 kB
AnonPages:       1172216 kB
Mapped:           804236 kB
Shmem:             23416 kB
KReclaimable:     667032 kB
Slab:             202344 kB
SReclaimable:      66932 kB
SUnreclaim:       135412 kB
KernelStack:       41504 kB
PageTables:        55792 kB
NFS_Unstable:          0 kB
Bounce:                0 kB
WritebackTmp:          0 kB
CommitLimit:     9202296 kB
Committed_AS:   56398652 kB
VmallocTotal:   263061440 kB
VmallocUsed:       98308 kB
VmallocChunk:          0 kB
Percpu:             7584 kB
CmaTotal:         294912 kB
CmaFree:               0 kB
MemTotal:       12113144 kB
MemFree:         6924836 kB
MemAvailable:    8325528 kB
Buffers:            6516 kB
Cached:          1623916 kB
SwapCached:            0 kB
Active:          1382260 kB
Inactive:        1414696 kB
Active(anon):    1173072 kB
Inactive(anon):    21520 kB
Active(file):     209188 kB
Inactive(file):  1393176 kB
Unevictable:        5692 kB
Mlocked:            5692 kB
SwapTotal:       3145724 kB
SwapFree:        3145724 kB
Dirty:               384 kB
Writeback:             0 kB
AnonPages:       1171920 kB
Mapped:           804424 kB
Shmem:             23416 kB
KReclaimable:     667032 kB
Slab:             202512 kB
SReclaimable:      66932 kB
SUnreclaim:       135580 kB
KernelStack:       41456 kB
PageTables:        55736 kB
NFS_Unstable:          0 kB
Bounce:                0 kB
WritebackTmp:          0 kB
CommitLimit:     9202296 kB
Committed_AS:   56393316 kB
VmallocTotal:   263061440 kB
VmallocUsed:       98308 kB
VmallocChunk:          0 kB
Percpu:             7584 kB
CmaTotal:         294912 kB
CmaFree:               0 kB
MemTotal:       12113144 kB
MemFree:         6924964 kB
MemAvailable:    8325656 kB
Buffers:            6516 kB
Cached:          1623916 kB
SwapCached:            0 kB
Active:          1382740 kB
Inactive:        1414696 kB
Active(anon):    1173552 kB
Inactive(anon):    21520 kB
Active(file):     209188 kB
Inactive(file):  1393176 kB
Unevictable:        5692 kB
Mlocked:            5692 kB
SwapTotal:       3145724 kB
SwapFree:        3145724 kB
Dirty:               356 kB
Writeback:             0 kB
AnonPages:       1172760 kB
Mapped:           804240 kB
Shmem:             23416 kB
KReclaimable:     667032 kB
Slab:             202376 kB
SReclaimable:      66932 kB
SUnreclaim:       135444 kB
KernelStack:       41504 kB
PageTables:        55796 kB
NFS_Unstable:          0 kB
Bounce:                0 kB
WritebackTmp:          0 kB
CommitLimit:     9202296 kB
Committed_AS:   56398448 kB
VmallocTotal:   263061440 kB
VmallocUsed:       98308 kB
VmallocChunk:          0 kB
Percpu:             7584 kB
CmaTotal:         294912 kB
CmaFree:               0 kB
MemTotal:       12113144 kB
MemFree:         6924320 kB
MemAvailable:    8325012 kB
Buffers:            6516 kB
Cached:          1623916 kB
SwapCached:            0 kB
Active:          1383236 kB
Inactive:        1414696 kB
Active(anon):    1174048 kB
Inactive(anon):    21520 kB
Active(file):     209188 kB
Inactive(file):  1393176 kB
Unevictable:        5692 kB
Mlocked:            5692 kB
SwapTotal:       3145724 kB
SwapFree:        3145724 kB
Dirty:               356 kB
Writeback:             0 kB
AnonPages:       1173364 kB
Mapped:           804424 kB
Shmem:             23416 kB
KReclaimable:     667032 kB
Slab:             202488 kB
SReclaimable:      66932 kB
SUnreclaim:       135556 kB
KernelStack:       41488 kB
PageTables:        55740 kB
NFS_Unstable:          0 kB
Bounce:                0 kB
WritebackTmp:          0 kB
CommitLimit:     9202296 kB
Committed_AS:   56398300 kB
VmallocTotal:   263061440 kB
VmallocUsed:       98324 kB
VmallocChunk:          0 kB
Percpu:             7584 kB
CmaTotal:         294912 kB
CmaFree:               0 kB
MemTotal:       12113144 kB
MemFree:         6924952 kB
MemAvailable:    8325644 kB
Buffers:            6516 kB
Cached:          1623916 kB
SwapCached:            0 kB
Active:          1383312 kB
Inactive:        1414696 kB
Active(anon):    1174124 kB
Inactive(anon):    21520 kB
Active(file):     209188 kB
Inactive(file):  1393176 kB
Unevictable:        5692 kB
Mlocked:            5692 kB
SwapTotal:       3145724 kB
SwapFree:        3145724 kB
Dirty:               356 kB
Writeback:             0 kB
AnonPages:       1173636 kB
Mapped:           804240 kB
Shmem:             23416 kB
KReclaimable:     667032 kB
Slab:             202440 kB
SReclaimable:      66932 kB
SUnreclaim:       135508 kB
KernelStack:       41536 kB
PageTables:        55800 kB
NFS_Unstable:          0 kB
Bounce:                0 kB
WritebackTmp:          0 kB
CommitLimit:     9202296 kB
Committed_AS:   56398080 kB
VmallocTotal:   263061440 kB
VmallocUsed:       98340 kB
VmallocChunk:          0 kB
Percpu:             7584 kB
CmaTotal:         294912 kB
CmaFree:               0 kB
MemTotal:       12113144 kB
MemFree:         6924592 kB
MemAvailable:    8325284 kB
Buffers:            6516 kB
Cached:          1623916 kB
SwapCached:            0 kB
Active:          1383896 kB
Inactive:        1414696 kB
Active(anon):    1174708 kB
Inactive(anon):    21520 kB
Active(file):     209188 kB
Inactive(file):  1393176 kB
Unevictable:        5692 kB
Mlocked:            5692 kB
SwapTotal:       3145724 kB
SwapFree:        3145724 kB
Dirty:               356 kB
Writeback:             0 kB
AnonPages:       1174096 kB
Mapped:           804164 kB
Shmem:             23416 kB
KReclaimable:     667032 kB
Slab:             202352 kB
SReclaimable:      66932 kB
SUnreclaim:       135420 kB
KernelStack:       41504 kB
PageTables:        55728 kB
NFS_Unstable:          0 kB
Bounce:                0 kB
WritebackTmp:          0 kB
CommitLimit:     9202296 kB
Committed_AS:   56398096 kB
VmallocTotal:   263061440 kB
VmallocUsed:       98372 kB
VmallocChunk:          0 kB
Percpu:             7584 kB
CmaTotal:         294912 kB
CmaFree:               0 kB
MemTotal:       12113144 kB
MemFree:         6923456 kB
MemAvailable:    8324148 kB
Buffers:            6516 kB
Cached:          1623916 kB
SwapCached:            0 kB
Active:          1384188 kB
Inactive:        1414696 kB
Active(anon):    1175000 kB
Inactive(anon):    21520 kB
Active(file):     209188 kB
Inactive(file):  1393176 kB
Unevictable:        5692 kB
Mlocked:            5692 kB
SwapTotal:       3145724 kB
SwapFree:        3145724 kB
Dirty:               356 kB
Writeback:             0 kB
AnonPages:       1174172 kB
Mapped:           804348 kB
Shmem:             23416 kB
KReclaimable:     667032 kB
Slab:             202480 kB
SReclaimable:      66932 kB
SUnreclaim:       135548 kB
KernelStack:       41472 kB
PageTables:        55668 kB
NFS_Unstable:          0 kB
Bounce:                0 kB
WritebackTmp:          0 kB
CommitLimit:     9202296 kB
Committed_AS:   56398852 kB
VmallocTotal:   263061440 kB
VmallocUsed:       98372 kB
VmallocChunk:          0 kB
Percpu:             7584 kB
CmaTotal:         294912 kB
CmaFree:               0 kB
MemTotal:       12113144 kB
MemFree:         6923708 kB
MemAvailable:    8324400 kB
Buffers:            6516 kB
Cached:          1623916 kB
SwapCached:            0 kB
Active:          1384684 kB
Inactive:        1414696 kB
Active(anon):    1175496 kB
Inactive(anon):    21520 kB
Active(file):     209188 kB
Inactive(file):  1393176 kB
Unevictable:        5692 kB
Mlocked:            5692 kB
SwapTotal:       3145724 kB
SwapFree:        3145724 kB
Dirty:               356 kB
Writeback:             0 kB
AnonPages:       1174920 kB
Mapped:           804428 kB
Shmem:             23416 kB
KReclaimable:     667032 kB
Slab:             202304 kB
SReclaimable:      66932 kB
SUnreclaim:       135372 kB
KernelStack:       41504 kB
PageTables:        55728 kB
NFS_Unstable:          0 kB
Bounce:                0 kB
WritebackTmp:          0 kB
CommitLimit:     9202296 kB
Committed_AS:   56398712 kB
VmallocTotal:   263061440 kB
VmallocUsed:       98356 kB
VmallocChunk:          0 kB
Percpu:             7584 kB
CmaTotal:         294912 kB
CmaFree:               0 kB
MemTotal:       12113144 kB
MemFree:         6923196 kB
MemAvailable:    8323888 kB
Buffers:            6516 kB
Cached:          1623916 kB
SwapCached:            0 kB
Active:          1385120 kB
Inactive:        1414696 kB
Active(anon):    1175932 kB
Inactive(anon):    21520 kB
Active(file):     209188 kB
Inactive(file):  1393176 kB
Unevictable:        5692 kB
Mlocked:            5692 kB
SwapTotal:       3145724 kB
SwapFree:        3145724 kB
Dirty:               388 kB
Writeback:             0 kB
AnonPages:       1174608 kB
Mapped:           804356 kB
Shmem:             23416 kB
KReclaimable:     667032 kB
Slab:             202472 kB
SReclaimable:      66932 kB
SUnreclaim:       135540 kB
KernelStack:       41524 kB
PageTables:        55668 kB
NFS_Unstable:          0 kB
Bounce:                0 kB
WritebackTmp:          0 kB
CommitLimit:     9202296 kB
Committed_AS:   56404248 kB
VmallocTotal:   263061440 kB
VmallocUsed:       98388 kB
VmallocChunk:          0 kB
Percpu:             7584 kB
CmaTotal:         294912 kB
CmaFree:               0 kB
MemTotal:       12113144 kB
MemFree:         6923568 kB
MemAvailable:    8324264 kB
Buffers:            6516 kB
Cached:          1623920 kB
SwapCached:            0 kB
Active:          1384888 kB
Inactive:        1414700 kB
Active(anon):    1175700 kB
Inactive(anon):    21520 kB
Active(file):     209188 kB
Inactive(file):  1393180 kB
Unevictable:        5692 kB
Mlocked:            5692 kB
SwapTotal:       3145724 kB
SwapFree:        3145724 kB
Dirty:               224 kB
Writeback:             0 kB
AnonPages:       1174748 kB
Mapped:           804164 kB
Shmem:             23416 kB
KReclaimable:     667032 kB
Slab:             202388 kB
SReclaimable:      66932 kB
SUnreclaim:       135456 kB
KernelStack:       41504 kB
PageTables:        55728 kB
NFS_Unstable:          0 kB
Bounce:                0 kB
WritebackTmp:          0 kB
CommitLimit:     9202296 kB
Committed_AS:   56404116 kB
VmallocTotal:   263061440 kB
VmallocUsed:       98372 kB
VmallocChunk:          0 kB
Percpu:             7584 kB
CmaTotal:         294912 kB
CmaFree:               0 kB
MemTotal:       12113144 kB
MemFree:         6923728 kB
MemAvailable:    8324424 kB
Buffers:            6516 kB
Cached:          1623920 kB
SwapCached:            0 kB
Active:          1385140 kB
Inactive:        1414700 kB
Active(anon):    1175952 kB
Inactive(anon):    21520 kB
Active(file):     209188 kB
Inactive(file):  1393180 kB
Unevictable:        5692 kB
Mlocked:            5692 kB
SwapTotal:       3145724 kB
SwapFree:        3145724 kB
Dirty:               224 kB
Writeback:             0 kB
AnonPages:       1175104 kB
Mapped:           804424 kB
Shmem:             23416 kB
KReclaimable:     667032 kB
Slab:             202420 kB
SReclaimable:      66932 kB
SUnreclaim:       135488 kB
KernelStack:       41504 kB
PageTables:        55732 kB
NFS_Unstable:          0 kB
Bounce:                0 kB
WritebackTmp:          0 kB
CommitLimit:     9202296 kB
Committed_AS:   56403912 kB
VmallocTotal:   263061440 kB
VmallocUsed:       98388 kB
VmallocChunk:          0 kB
Percpu:             7584 kB
CmaTotal:         294912 kB
CmaFree:               0 kB
MemTotal:       12113144 kB
MemFree:         6922244 kB
MemAvailable:    8322936 kB
Buffers:            6516 kB
Cached:          1623916 kB
SwapCached:            0 kB
Active:          1385852 kB
Inactive:        1414700 kB
Active(anon):    1176668 kB
Inactive(anon):    21520 kB
Active(file):     209184 kB
Inactive(file):  1393180 kB
Unevictable:        5692 kB
Mlocked:            5692 kB
SwapTotal:       3145724 kB
SwapFree:        3145724 kB
Dirty:               240 kB
Writeback:             0 kB
AnonPages:       1175996 kB
Mapped:           804424 kB
Shmem:             23416 kB
KReclaimable:     667032 kB
Slab:             202396 kB
SReclaimable:      66932 kB
SUnreclaim:       135464 kB
KernelStack:       41504 kB
PageTables:        55736 kB
NFS_Unstable:          0 kB
Bounce:                0 kB
WritebackTmp:          0 kB
CommitLimit:     9202296 kB
Committed_AS:   56403700 kB
VmallocTotal:   263061440 kB
VmallocUsed:       98388 kB
VmallocChunk:          0 kB
Percpu:             7584 kB
CmaTotal:         294912 kB
CmaFree:               0 kB
MemTotal:       12113144 kB
MemFree:         6921204 kB
MemAvailable:    8321904 kB
Buffers:            6516 kB
Cached:          1623924 kB
SwapCached:            0 kB
Active:          1386528 kB
Inactive:        1414704 kB
Active(anon):    1177340 kB
Inactive(anon):    21520 kB
Active(file):     209188 kB
Inactive(file):  1393184 kB
Unevictable:        5692 kB
Mlocked:            5692 kB
SwapTotal:       3145724 kB
SwapFree:        3145724 kB
Dirty:               248 kB
Writeback:             0 kB
AnonPages:       1176532 kB
Mapped:           804424 kB
Shmem:             23416 kB
KReclaimable:     667032 kB
Slab:             202420 kB
SReclaimable:      66932 kB
SUnreclaim:       135488 kB
KernelStack:       41504 kB
PageTables:        55740 kB
NFS_Unstable:          0 kB
Bounce:                0 kB
WritebackTmp:          0 kB
CommitLimit:     9202296 kB
Committed_AS:   56403324 kB
VmallocTotal:   263061440 kB
VmallocUsed:       98372 kB
VmallocChunk:          0 kB
Percpu:             7584 kB
CmaTotal:         294912 kB
CmaFree:               0 kB
MemTotal:       12113144 kB
MemFree:         6921108 kB
MemAvailable:    8321808 kB
Buffers:            6516 kB
Cached:          1623924 kB
SwapCached:            0 kB
Active:          1386872 kB
Inactive:        1414704 kB
Active(anon):    1177684 kB
Inactive(anon):    21520 kB
Active(file):     209188 kB
Inactive(file):  1393184 kB
Unevictable:        5692 kB
Mlocked:            5692 kB
SwapTotal:       3145724 kB
SwapFree:        3145724 kB
Dirty:               248 kB
Writeback:             0 kB
AnonPages:       1176804 kB
Mapped:           804424 kB
Shmem:             23416 kB
KReclaimable:     667032 kB
Slab:             202396 kB
SReclaimable:      66932 kB
SUnreclaim:       135464 kB
KernelStack:       41504 kB
PageTables:        55736 kB
NFS_Unstable:          0 kB
Bounce:                0 kB
WritebackTmp:          0 kB
CommitLimit:     9202296 kB
Committed_AS:   56408676 kB
VmallocTotal:   263061440 kB
VmallocUsed:       98388 kB
VmallocChunk:          0 kB
Percpu:             7584 kB
CmaTotal:         294912 kB
CmaFree:               0 kB
MemTotal:       12113144 kB
MemFree:         6920612 kB
MemAvailable:    8321312 kB
Buffers:            6516 kB
Cached:          1623924 kB
SwapCached:            0 kB
Active:          1387016 kB
Inactive:        1414704 kB
Active(anon):    1177828 kB
Inactive(anon):    21520 kB
Active(file):     209188 kB
Inactive(file):  1393184 kB
Unevictable:        5692 kB
Mlocked:            5692 kB
SwapTotal:       3145724 kB
SwapFree:        3145724 kB
Dirty:               248 kB
Writeback:             0 kB
AnonPages:       1177328 kB
Mapped:           804224 kB
Shmem:             23416 kB
KReclaimable:     667032 kB
Slab:             202460 kB
SReclaimable:      66932 kB
SUnreclaim:       135528 kB
KernelStack:       41536 kB
PageTables:        55780 kB
NFS_Unstable:          0 kB
Bounce:                0 kB
WritebackTmp:          0 kB
CommitLimit:     9202296 kB
Committed_AS:   56408324 kB
VmallocTotal:   263061440 kB
VmallocUsed:       98372 kB
VmallocChunk:          0 kB
Percpu:             7584 kB
CmaTotal:         294912 kB
CmaFree:               0 kB
MemTotal:       12113144 kB
MemFree:         6920292 kB
MemAvailable:    8320992 kB
Buffers:            6516 kB
Cached:          1623924 kB
SwapCached:            0 kB
Active:          1387600 kB
Inactive:        1414704 kB
Active(anon):    1178412 kB
Inactive(anon):    21520 kB
Active(file):     209188 kB
Inactive(file):  1393184 kB
Unevictable:        5692 kB
Mlocked:            5692 kB
SwapTotal:       3145724 kB
SwapFree:        3145724 kB
Dirty:               248 kB
Writeback:             0 kB
AnonPages:       1177656 kB
Mapped:           804244 kB
Shmem:             23416 kB
KReclaimable:     667032 kB
Slab:             202276 kB
SReclaimable:      66932 kB
SUnreclaim:       135344 kB
KernelStack:       41536 kB
PageTables:        55800 kB
NFS_Unstable:          0 kB
Bounce:                0 kB
WritebackTmp:          0 kB
CommitLimit:     9202296 kB
Committed_AS:   56408192 kB
VmallocTotal:   263061440 kB
VmallocUsed:       98388 kB
VmallocChunk:          0 kB
Percpu:             7584 kB
CmaTotal:         294912 kB
CmaFree:               0 kB
MemTotal:       12113144 kB
MemFree:         6920132 kB
MemAvailable:    8320840 kB
Buffers:            6520 kB
Cached:          1623928 kB
SwapCached:            0 kB
Active:          1388340 kB
Inactive:        1414712 kB
Active(anon):    1179152 kB
Inactive(anon):    21520 kB
Active(file):     209188 kB
Inactive(file):  1393192 kB
Unevictable:        5692 kB
Mlocked:            5692 kB
SwapTotal:       3145724 kB
SwapFree:        3145724 kB
Dirty:               240 kB
Writeback:             0 kB
AnonPages:       1178356 kB
Mapped:           804172 kB
Shmem:             23416 kB
KReclaimable:     667032 kB
Slab:             202476 kB
SReclaimable:      66932 kB
SUnreclaim:       135544 kB
KernelStack:       41552 kB
PageTables:        55792 kB
NFS_Unstable:          0 kB
Bounce:                0 kB
WritebackTmp:          0 kB
CommitLimit:     9202296 kB
Committed_AS:   56408032 kB
VmallocTotal:   263061440 kB
VmallocUsed:       98356 kB
VmallocChunk:          0 kB
Percpu:             7584 kB
CmaTotal:         294912 kB
CmaFree:               0 kB
MemTotal:       12113144 kB
MemFree:         6919340 kB
MemAvailable:    8320052 kB
Buffers:            6520 kB
Cached:          1623932 kB
SwapCached:            0 kB
Active:          1388836 kB
Inactive:        1414712 kB
Active(anon):    1179644 kB
Inactive(anon):    21520 kB
Active(file):     209192 kB
Inactive(file):  1393192 kB
Unevictable:        5692 kB
Mlocked:            5692 kB
SwapTotal:       3145724 kB
SwapFree:        3145724 kB
Dirty:               256 kB
Writeback:             0 kB
AnonPages:       1178956 kB
Mapped:           804424 kB
Shmem:             23416 kB
KReclaimable:     667032 kB
Slab:             202340 kB
SReclaimable:      66932 kB
SUnreclaim:       135408 kB
KernelStack:       41504 kB
PageTables:        55732 kB
NFS_Unstable:          0 kB
Bounce:                0 kB
WritebackTmp:          0 kB
CommitLimit:     9202296 kB
Committed_AS:   56407952 kB
VmallocTotal:   263061440 kB
VmallocUsed:       98356 kB
VmallocChunk:          0 kB
Percpu:             7584 kB
CmaTotal:         294912 kB
CmaFree:               0 kB
MemTotal:       12113144 kB
MemFree:         6918200 kB
MemAvailable:    8318912 kB
Buffers:            6520 kB
Cached:          1623932 kB
SwapCached:            0 kB
Active:          1388852 kB
Inactive:        1414712 kB
Active(anon):    1179660 kB
Inactive(anon):    21520 kB
Active(file):     209192 kB
Inactive(file):  1393192 kB
Unevictable:        5692 kB
Mlocked:            5692 kB
SwapTotal:       3145724 kB
SwapFree:        3145724 kB
Dirty:               252 kB
Writeback:             0 kB
AnonPages:       1179100 kB
Mapped:           804424 kB
Shmem:             23416 kB
KReclaimable:     667032 kB
Slab:             202508 kB
SReclaimable:      66932 kB
SUnreclaim:       135576 kB
KernelStack:       41504 kB
PageTables:        55732 kB
NFS_Unstable:          0 kB
Bounce:                0 kB
WritebackTmp:          0 kB
CommitLimit:     9202296 kB
Committed_AS:   56407732 kB
VmallocTotal:   263061440 kB
VmallocUsed:       98340 kB
VmallocChunk:          0 kB
Percpu:             7584 kB
CmaTotal:         294912 kB
CmaFree:               0 kB
MemTotal:       12113144 kB
MemFree:         6918820 kB
MemAvailable:    8319532 kB
Buffers:            6520 kB
Cached:          1623932 kB
SwapCached:            0 kB
Active:          1389344 kB
Inactive:        1414712 kB
Active(anon):    1180152 kB
Inactive(anon):    21520 kB
Active(file):     209192 kB
Inactive(file):  1393192 kB
Unevictable:        5692 kB
Mlocked:            5692 kB
SwapTotal:       3145724 kB
SwapFree:        3145724 kB
Dirty:               252 kB
Writeback:             0 kB
AnonPages:       1179468 kB
Mapped:           804164 kB
Shmem:             23416 kB
KReclaimable:     667032 kB
Slab:             202324 kB
SReclaimable:      66932 kB
SUnreclaim:       135392 kB
KernelStack:       41504 kB
PageTables:        55744 kB
NFS_Unstable:          0 kB
Bounce:                0 kB
WritebackTmp:          0 kB
CommitLimit:     9202296 kB
Committed_AS:   56407424 kB
VmallocTotal:   263061440 kB
VmallocUsed:       98340 kB
VmallocChunk:          0 kB
Percpu:             7584 kB
CmaTotal:         294912 kB
CmaFree:               0 kB
MemTotal:       12113144 kB
MemFree:         6918268 kB
MemAvailable:    8318984 kB
Buffers:            6520 kB
Cached:          1623936 kB
SwapCached:            0 kB
Active:          1389832 kB
Inactive:        1414716 kB
Active(anon):    1180640 kB
Inactive(anon):    21520 kB
Active(file):     209192 kB
Inactive(file):  1393196 kB
Unevictable:        5692 kB
Mlocked:            5692 kB
SwapTotal:       3145724 kB
SwapFree:        3145724 kB
Dirty:               256 kB
Writeback:             0 kB
AnonPages:       1179992 kB
Mapped:           804236 kB
Shmem:             23416 kB
KReclaimable:     667032 kB
Slab:             202436 kB
SReclaimable:      66932 kB
SUnreclaim:       135504 kB
KernelStack:       41584 kB
PageTables:        55800 kB
NFS_Unstable:          0 kB
Bounce:                0 kB
WritebackTmp:          0 kB
CommitLimit:     9202296 kB
Committed_AS:   56407676 kB
VmallocTotal:   263061440 kB
VmallocUsed:       98372 kB
VmallocChunk:          0 kB
Percpu:             7584 kB
CmaTotal:         294912 kB
CmaFree:               0 kB
MemTotal:       12113144 kB
MemFree:         6917736 kB
MemAvailable:    8318460 kB
Buffers:            6520 kB
Cached:          1623944 kB
SwapCached:            0 kB
Active:          1390784 kB
Inactive:        1414720 kB
Active(anon):    1181588 kB
Inactive(anon):    21520 kB
Active(file):     209196 kB
Inactive(file):  1393200 kB
Unevictable:        5692 kB
Mlocked:            5692 kB
SwapTotal:       3145724 kB
SwapFree:        3145724 kB
Dirty:               264 kB
Writeback:             0 kB
AnonPages:       1180968 kB
Mapped:           804216 kB
Shmem:             23416 kB
KReclaimable:     667032 kB
Slab:             202340 kB
SReclaimable:      66932 kB
SUnreclaim:       135408 kB
KernelStack:       41568 kB
PageTables:        55812 kB
NFS_Unstable:          0 kB
Bounce:                0 kB
WritebackTmp:          0 kB
CommitLimit:     9202296 kB
Committed_AS:   56407280 kB
VmallocTotal:   263061440 kB
VmallocUsed:       98372 kB
VmallocChunk:          0 kB
Percpu:             7584 kB
CmaTotal:         294912 kB
CmaFree:               0 kB
MemTotal:       12113144 kB
MemFree:         6917044 kB
MemAvailable:    8317760 kB
Buffers:            6520 kB
Cached:          1623936 kB
SwapCached:            0 kB
Active:          1391200 kB
Inactive:        1414716 kB
Active(anon):    1182008 kB
Inactive(anon):    21520 kB
Active(file):     209192 kB
Inactive(file):  1393196 kB
Unevictable:        5692 kB
Mlocked:            5692 kB
SwapTotal:       3145724 kB
SwapFree:        3145724 kB
Dirty:               256 kB
Writeback:             0 kB
AnonPages:       1181308 kB
Mapped:           804376 kB
Shmem:             23416 kB
KReclaimable:     667032 kB
Slab:             202564 kB
SReclaimable:      66932 kB
SUnreclaim:       135632 kB
KernelStack:       41552 kB
PageTables:        55696 kB
NFS_Unstable:          0 kB
Bounce:                0 kB
WritebackTmp:          0 kB
CommitLimit:     9202296 kB
Committed_AS:   56408008 kB
VmallocTotal:   263061440 kB
VmallocUsed:       98372 kB
VmallocChunk:          0 kB
Percpu:             7584 kB
CmaTotal:         294912 kB
CmaFree:               0 kB
MemTotal:       12113144 kB
MemFree:         6917476 kB
MemAvailable:    8318192 kB
Buffers:            6520 kB
Cached:          1623936 kB
SwapCached:            0 kB
Active:          1391676 kB
Inactive:        1414716 kB
Active(anon):    1182484 kB
Inactive(anon):    21520 kB
Active(file):     209192 kB
Inactive(file):  1393196 kB
Unevictable:        5692 kB
Mlocked:            5692 kB
SwapTotal:       3145724 kB
SwapFree:        3145724 kB
Dirty:               256 kB
Writeback:             0 kB
AnonPages:       1181748 kB
Mapped:           804172 kB
Shmem:             23416 kB
KReclaimable:     667032 kB
Slab:             202324 kB
SReclaimable:      66932 kB
SUnreclaim:       135392 kB
KernelStack:       41568 kB
PageTables:        55744 kB
NFS_Unstable:          0 kB
Bounce:                0 kB
WritebackTmp:          0 kB
CommitLimit:     9202296 kB
Committed_AS:   56407920 kB
VmallocTotal:   263061440 kB
VmallocUsed:       98388 kB
VmallocChunk:          0 kB
Percpu:             7584 kB
CmaTotal:         294912 kB
CmaFree:               0 kB
MemTotal:       12113144 kB
MemFree:         6916048 kB
MemAvailable:    8316764 kB
Buffers:            6520 kB
Cached:          1623936 kB
SwapCached:            0 kB
Active:          1391820 kB
Inactive:        1414716 kB
Active(anon):    1182628 kB
Inactive(anon):    21520 kB
Active(file):     209192 kB
Inactive(file):  1393196 kB
Unevictable:        5692 kB
Mlocked:            5692 kB
SwapTotal:       3145724 kB
SwapFree:        3145724 kB
Dirty:               256 kB
Writeback:             0 kB
AnonPages:       1181724 kB
Mapped:           804208 kB
Shmem:             23416 kB
KReclaimable:     667032 kB
Slab:             202580 kB
SReclaimable:      66932 kB
SUnreclaim:       135648 kB
KernelStack:       41552 kB
PageTables:        55792 kB
NFS_Unstable:          0 kB
Bounce:                0 kB
WritebackTmp:          0 kB
CommitLimit:     9202296 kB
Committed_AS:   56409980 kB
VmallocTotal:   263061440 kB
VmallocUsed:       98388 kB
VmallocChunk:          0 kB
Percpu:             7584 kB
CmaTotal:         294912 kB
CmaFree:               0 kB
MemTotal:       12113144 kB
MemFree:         6916488 kB
MemAvailable:    8317204 kB
Buffers:            6520 kB
Cached:          1623936 kB
SwapCached:            0 kB
Active:          1392280 kB
Inactive:        1414716 kB
Active(anon):    1183088 kB
Inactive(anon):    21520 kB
Active(file):     209192 kB
Inactive(file):  1393196 kB
Unevictable:        5692 kB
Mlocked:            5692 kB
SwapTotal:       3145724 kB
SwapFree:        3145724 kB
Dirty:               260 kB
Writeback:             0 kB
AnonPages:       1182336 kB
Mapped:           804424 kB
Shmem:             23416 kB
KReclaimable:     667032 kB
Slab:             202412 kB
SReclaimable:      66932 kB
SUnreclaim:       135480 kB
KernelStack:       41536 kB
PageTables:        55748 kB
NFS_Unstable:          0 kB
Bounce:                0 kB
WritebackTmp:          0 kB
CommitLimit:     9202296 kB
Committed_AS:   56409728 kB
VmallocTotal:   263061440 kB
VmallocUsed:       98388 kB
VmallocChunk:          0 kB
Percpu:             7584 kB
CmaTotal:         294912 kB
CmaFree:               0 kB
MemTotal:       12113144 kB
MemFree:         6915164 kB
MemAvailable:    8315884 kB
Buffers:            6520 kB
Cached:          1623936 kB
SwapCached:            0 kB
Active:          1393072 kB
Inactive:        1414716 kB
Active(anon):    1183880 kB
Inactive(anon):    21520 kB
Active(file):     209192 kB
Inactive(file):  1393196 kB
Unevictable:        5692 kB
Mlocked:            5692 kB
SwapTotal:       3145724 kB
SwapFree:        3145724 kB
Dirty:               276 kB
Writeback:             0 kB
AnonPages:       1182848 kB
Mapped:           804164 kB
Shmem:             23416 kB
KReclaimable:     667036 kB
Slab:             202328 kB
SReclaimable:      66936 kB
SUnreclaim:       135392 kB
KernelStack:       41536 kB
PageTables:        55744 kB
NFS_Unstable:          0 kB
Bounce:                0 kB
WritebackTmp:          0 kB
CommitLimit:     9202296 kB
Committed_AS:   56409644 kB
VmallocTotal:   263061440 kB
VmallocUsed:       98372 kB
VmallocChunk:          0 kB
Percpu:             7584 kB
CmaTotal:         294912 kB
CmaFree:               0 kB
MemTotal:       12113144 kB
MemFree:         6914212 kB
MemAvailable:    8314932 kB
Buffers:            6520 kB
Cached:          1623936 kB
SwapCached:            0 kB
Active:          1393224 kB
Inactive:        1414716 kB
Active(anon):    1184032 kB
Inactive(anon):    21520 kB
Active(file):     209192 kB
Inactive(file):  1393196 kB
Unevictable:        5692 kB
Mlocked:            5692 kB
SwapTotal:       3145724 kB
SwapFree:        3145724 kB
Dirty:               284 kB
Writeback:             0 kB
AnonPages:       1183276 kB
Mapped:           804164 kB
Shmem:             23416 kB
KReclaimable:     667036 kB
Slab:             202424 kB
SReclaimable:      66936 kB
SUnreclaim:       135488 kB
KernelStack:       41536 kB
PageTables:        55736 kB
NFS_Unstable:          0 kB
Bounce:                0 kB
WritebackTmp:          0 kB
CommitLimit:     9202296 kB
Committed_AS:   56409696 kB
VmallocTotal:   263061440 kB
VmallocUsed:       98404 kB
VmallocChunk:          0 kB
Percpu:             7584 kB
CmaTotal:         294912 kB
CmaFree:               0 kB
MemTotal:       12113144 kB
MemFree:         6913696 kB
MemAvailable:    8314408 kB
Buffers:            6520 kB
Cached:          1623928 kB
SwapCached:            0 kB
Active:          1393892 kB
Inactive:        1414712 kB
Active(anon):    1184704 kB
Inactive(anon):    21520 kB
Active(file):     209188 kB
Inactive(file):  1393192 kB
Unevictable:        5692 kB
Mlocked:            5692 kB
SwapTotal:       3145724 kB
SwapFree:        3145724 kB
Dirty:               280 kB
Writeback:             0 kB
AnonPages:       1184012 kB
Mapped:           804472 kB
Shmem:             23416 kB
KReclaimable:     667036 kB
Slab:             202456 kB
SReclaimable:      66936 kB
SUnreclaim:       135520 kB
KernelStack:       41536 kB
PageTables:        55736 kB
NFS_Unstable:          0 kB
Bounce:                0 kB
WritebackTmp:          0 kB
CommitLimit:     9202296 kB
Committed_AS:   56409692 kB
VmallocTotal:   263061440 kB
VmallocUsed:       98404 kB
VmallocChunk:          0 kB
Percpu:             7584 kB
CmaTotal:         294912 kB
CmaFree:               0 kB
MemTotal:       12113144 kB
MemFree:         6913540 kB
MemAvailable:    8314260 kB
Buffers:            6520 kB
Cached:          1623936 kB
SwapCached:            0 kB
Active:          1394272 kB
Inactive:        1414716 kB
Active(anon):    1185080 kB
Inactive(anon):    21520 kB
Active(file):     209192 kB
Inactive(file):  1393196 kB
Unevictable:        5692 kB
Mlocked:            5692 kB
SwapTotal:       3145724 kB
SwapFree:        3145724 kB
Dirty:               284 kB
Writeback:             0 kB
AnonPages:       1184436 kB
Mapped:           804468 kB
Shmem:             23416 kB
KReclaimable:     667036 kB
Slab:             202296 kB
SReclaimable:      66936 kB
SUnreclaim:       135360 kB
KernelStack:       41536 kB
PageTables:        55736 kB
NFS_Unstable:          0 kB
Bounce:                0 kB
WritebackTmp:          0 kB
CommitLimit:     9202296 kB
Committed_AS:   56410588 kB
VmallocTotal:   263061440 kB
VmallocUsed:       98404 kB
VmallocChunk:          0 kB
Percpu:             7584 kB
CmaTotal:         294912 kB
CmaFree:               0 kB
MemTotal:       12113144 kB
MemFree:         6911924 kB
MemAvailable:    8312644 kB
Buffers:            6520 kB
Cached:          1623936 kB
SwapCached:            0 kB
Active:          1394500 kB
Inactive:        1414716 kB
Active(anon):    1185308 kB
Inactive(anon):    21520 kB
Active(file):     209192 kB
Inactive(file):  1393196 kB
Unevictable:        5692 kB
Mlocked:            5692 kB
SwapTotal:       3145724 kB
SwapFree:        3145724 kB
Dirty:               284 kB
Writeback:             0 kB
AnonPages:       1184360 kB
Mapped:           804232 kB
Shmem:             23416 kB
KReclaimable:     667036 kB
Slab:             202496 kB
SReclaimable:      66936 kB
SUnreclaim:       135560 kB
KernelStack:       41584 kB
PageTables:        55764 kB
NFS_Unstable:          0 kB
Bounce:                0 kB
WritebackTmp:          0 kB
CommitLimit:     9202296 kB
Committed_AS:   56410420 kB
VmallocTotal:   263061440 kB
VmallocUsed:       98388 kB
VmallocChunk:          0 kB
Percpu:             7584 kB
CmaTotal:         294912 kB
CmaFree:               0 kB
MemTotal:       12113144 kB
MemFree:         6914728 kB
MemAvailable:    8315460 kB
Buffers:            6528 kB
Cached:          1623940 kB
SwapCached:            0 kB
Active:          1391792 kB
Inactive:        1414728 kB
Active(anon):    1182600 kB
Inactive(anon):    21520 kB
Active(file):     209192 kB
Inactive(file):  1393208 kB
Unevictable:        5692 kB
Mlocked:            5692 kB
SwapTotal:       3145724 kB
SwapFree:        3145724 kB
Dirty:               260 kB
Writeback:             0 kB
AnonPages:       1181824 kB
Mapped:           804504 kB
Shmem:             23416 kB
KReclaimable:     667036 kB
Slab:             202312 kB
SReclaimable:      66936 kB
SUnreclaim:       135376 kB
KernelStack:       41536 kB
PageTables:        55736 kB
NFS_Unstable:          0 kB
Bounce:                0 kB
WritebackTmp:          0 kB
CommitLimit:     9202296 kB
Committed_AS:   56410420 kB
VmallocTotal:   263061440 kB
VmallocUsed:       98420 kB
VmallocChunk:          0 kB
Percpu:             7584 kB
CmaTotal:         294912 kB
CmaFree:               0 kB
MemTotal:       12113144 kB
MemFree:         6914564 kB
MemAvailable:    8315304 kB
Buffers:            6528 kB
Cached:          1623948 kB
SwapCached:            0 kB
Active:          1391892 kB
Inactive:        1414728 kB
Active(anon):    1182692 kB
Inactive(anon):    21520 kB
Active(file):     209200 kB
Inactive(file):  1393208 kB
Unevictable:        5692 kB
Mlocked:            5692 kB
SwapTotal:       3145724 kB
SwapFree:        3145724 kB
Dirty:               272 kB
Writeback:             0 kB
AnonPages:       1181920 kB
Mapped:           804508 kB
Shmem:             23416 kB
KReclaimable:     667036 kB
Slab:             202360 kB
SReclaimable:      66936 kB
SUnreclaim:       135424 kB
KernelStack:       41536 kB
PageTables:        55740 kB
NFS_Unstable:          0 kB
Bounce:                0 kB
WritebackTmp:          0 kB
CommitLimit:     9202296 kB
Committed_AS:   56410332 kB
VmallocTotal:   263061440 kB
VmallocUsed:       98420 kB
VmallocChunk:          0 kB
Percpu:             7584 kB
CmaTotal:         294912 kB
CmaFree:               0 kB
MemTotal:       12113144 kB
MemFree:         6913720 kB
MemAvailable:    8314460 kB
Buffers:            6528 kB
Cached:          1623948 kB
SwapCached:            0 kB
Active:          1392560 kB
Inactive:        1414728 kB
Active(anon):    1183360 kB
Inactive(anon):    21520 kB
Active(file):     209200 kB
Inactive(file):  1393208 kB
Unevictable:        5692 kB
Mlocked:            5692 kB
SwapTotal:       3145724 kB
SwapFree:        3145724 kB
Dirty:               272 kB
Writeback:             0 kB
AnonPages:       1182644 kB
Mapped:           804288 kB
Shmem:             23416 kB
KReclaimable:     667036 kB
Slab:             202480 kB
SReclaimable:      66936 kB
SUnreclaim:       135544 kB
KernelStack:       41584 kB
PageTables:        55772 kB
NFS_Unstable:          0 kB
Bounce:                0 kB
WritebackTmp:          0 kB
CommitLimit:     9202296 kB
Committed_AS:   56409980 kB
VmallocTotal:   263061440 kB
VmallocUsed:       98404 kB
VmallocChunk:          0 kB
Percpu:             7584 kB
CmaTotal:         294912 kB
CmaFree:               0 kB
MemTotal:       12113144 kB
MemFree:         6913936 kB
MemAvailable:    8314676 kB
Buffers:            6528 kB
Cached:          1623948 kB
SwapCached:            0 kB
Active:          1392824 kB
Inactive:        1414728 kB
Active(anon):    1183624 kB
Inactive(anon):    21520 kB
Active(file):     209200 kB
Inactive(file):  1393208 kB
Unevictable:        5692 kB
Mlocked:            5692 kB
SwapTotal:       3145724 kB
SwapFree:        3145724 kB
Dirty:               280 kB
Writeback:             0 kB
AnonPages:       1182940 kB
Mapped:           804504 kB
Shmem:             23416 kB
KReclaimable:     667036 kB
Slab:             202368 kB
SReclaimable:      66936 kB
SUnreclaim:       135432 kB
KernelStack:       41536 kB
PageTables:        55736 kB
NFS_Unstable:          0 kB
Bounce:                0 kB
WritebackTmp:          0 kB
CommitLimit:     9202296 kB
Committed_AS:   56410200 kB
VmallocTotal:   263061440 kB
VmallocUsed:       98404 kB
VmallocChunk:          0 kB
Percpu:             7584 kB
CmaTotal:         294912 kB
CmaFree:               0 kB
MemTotal:       12113144 kB
MemFree:         6923748 kB
MemAvailable:    8324328 kB
Buffers:            6528 kB
Cached:          1623948 kB
SwapCached:            0 kB
Active:          1383436 kB
Inactive:        1414728 kB
Active(anon):    1174236 kB
Inactive(anon):    21520 kB
Active(file):     209200 kB
Inactive(file):  1393208 kB
Unevictable:        5692 kB
Mlocked:            5692 kB
SwapTotal:       3145724 kB
SwapFree:        3145724 kB
Dirty:               284 kB
Writeback:             0 kB
AnonPages:       1173424 kB
Mapped:           804252 kB
Shmem:             23416 kB
KReclaimable:     667036 kB
Slab:             202448 kB
SReclaimable:      66936 kB
SUnreclaim:       135512 kB
KernelStack:       41568 kB
PageTables:        55744 kB
NFS_Unstable:          0 kB
Bounce:                0 kB
WritebackTmp:          0 kB
CommitLimit:     9202296 kB
Committed_AS:   56410068 kB
VmallocTotal:   263061440 kB
VmallocUsed:       98372 kB
VmallocChunk:          0 kB
Percpu:             7584 kB
CmaTotal:         294912 kB
CmaFree:               0 kB
MemTotal:       12113144 kB
MemFree:         6923540 kB
MemAvailable:    8324260 kB
Buffers:            6528 kB
Cached:          1623928 kB
SwapCached:            0 kB
Active:          1384528 kB
Inactive:        1414716 kB
Active(anon):    1175336 kB
Inactive(anon):    21520 kB
Active(file):     209192 kB
Inactive(file):  1393196 kB
Unevictable:        5692 kB
Mlocked:            5692 kB
SwapTotal:       3145724 kB
SwapFree:        3145724 kB
Dirty:               284 kB
Writeback:             0 kB
AnonPages:       1174388 kB
Mapped:           804424 kB
Shmem:             23416 kB
KReclaimable:     667036 kB
Slab:             202476 kB
SReclaimable:      66936 kB
SUnreclaim:       135540 kB
KernelStack:       41552 kB
PageTables:        55608 kB
NFS_Unstable:          0 kB
Bounce:                0 kB
WritebackTmp:          0 kB
CommitLimit:     9202296 kB
Committed_AS:   56410528 kB
VmallocTotal:   263061440 kB
VmallocUsed:       98388 kB
VmallocChunk:          0 kB
Percpu:             7584 kB
CmaTotal:         294912 kB
CmaFree:               0 kB
MemTotal:       12113144 kB
MemFree:         6922816 kB
MemAvailable:    8323556 kB
Buffers:            6528 kB
Cached:          1623948 kB
SwapCached:            0 kB
Active:          1385120 kB
Inactive:        1414728 kB
Active(anon):    1175920 kB
Inactive(anon):    21520 kB
Active(file):     209200 kB
Inactive(file):  1393208 kB
Unevictable:        5692 kB
Mlocked:            5692 kB
SwapTotal:       3145724 kB
SwapFree:        3145724 kB
Dirty:               296 kB
Writeback:             0 kB
AnonPages:       1175088 kB
Mapped:           804244 kB
Shmem:             23416 kB
KReclaimable:     667036 kB
Slab:             202524 kB
SReclaimable:      66936 kB
SUnreclaim:       135588 kB
KernelStack:       41536 kB
PageTables:        55736 kB
NFS_Unstable:          0 kB
Bounce:                0 kB
WritebackTmp:          0 kB
CommitLimit:     9202296 kB
Committed_AS:   56410440 kB
VmallocTotal:   263061440 kB
VmallocUsed:       98388 kB
VmallocChunk:          0 kB
Percpu:             7584 kB
CmaTotal:         294912 kB
CmaFree:               0 kB
MemTotal:       12113144 kB
MemFree:         6922324 kB
MemAvailable:    8323064 kB
Buffers:            6528 kB
Cached:          1623948 kB
SwapCached:            0 kB
Active:          1385240 kB
Inactive:        1414728 kB
Active(anon):    1176040 kB
Inactive(anon):    21520 kB
Active(file):     209200 kB
Inactive(file):  1393208 kB
Unevictable:        5692 kB
Mlocked:            5692 kB
SwapTotal:       3145724 kB
SwapFree:        3145724 kB
Dirty:               300 kB
Writeback:             0 kB
AnonPages:       1175276 kB
Mapped:           804268 kB
Shmem:             23416 kB
KReclaimable:     667036 kB
Slab:             202356 kB
SReclaimable:      66936 kB
SUnreclaim:       135420 kB
KernelStack:       41584 kB
PageTables:        55772 kB
NFS_Unstable:          0 kB
Bounce:                0 kB
WritebackTmp:          0 kB
CommitLimit:     9202296 kB
Committed_AS:   56410572 kB
VmallocTotal:   263061440 kB
VmallocUsed:       98388 kB
VmallocChunk:          0 kB
Percpu:             7584 kB
CmaTotal:         294912 kB
CmaFree:               0 kB
MemTotal:       12113144 kB
MemFree:         6922352 kB
MemAvailable:    8323092 kB
Buffers:            6528 kB
Cached:          1623948 kB
SwapCached:            0 kB
Active:          1385380 kB
Inactive:        1414728 kB
Active(anon):    1176180 kB
Inactive(anon):    21520 kB
Active(file):     209200 kB
Inactive(file):  1393208 kB
Unevictable:        5692 kB
Mlocked:            5692 kB
SwapTotal:       3145724 kB
SwapFree:        3145724 kB
Dirty:               204 kB
Writeback:             0 kB
AnonPages:       1175488 kB
Mapped:           804504 kB
Shmem:             23416 kB
KReclaimable:     667036 kB
Slab:             202476 kB
SReclaimable:      66936 kB
SUnreclaim:       135540 kB
KernelStack:       41536 kB
PageTables:        55748 kB
NFS_Unstable:          0 kB
Bounce:                0 kB
WritebackTmp:          0 kB
CommitLimit:     9202296 kB
Committed_AS:   56410324 kB
VmallocTotal:   263061440 kB
VmallocUsed:       98404 kB
VmallocChunk:          0 kB
Percpu:             7584 kB
CmaTotal:         294912 kB
CmaFree:               0 kB
MemTotal:       12113144 kB
MemFree:         6922280 kB
MemAvailable:    8323020 kB
Buffers:            6528 kB
Cached:          1623948 kB
SwapCached:            0 kB
Active:          1385664 kB
Inactive:        1414728 kB
Active(anon):    1176464 kB
Inactive(anon):    21520 kB
Active(file):     209200 kB
Inactive(file):  1393208 kB
Unevictable:        5692 kB
Mlocked:            5692 kB
SwapTotal:       3145724 kB
SwapFree:        3145724 kB
Dirty:               220 kB
Writeback:             0 kB
AnonPages:       1175708 kB
Mapped:           804272 kB
Shmem:             23416 kB
KReclaimable:     667036 kB
Slab:             202308 kB
SReclaimable:      66936 kB
SUnreclaim:       135372 kB
KernelStack:       41584 kB
PageTables:        55780 kB
NFS_Unstable:          0 kB
Bounce:                0 kB
WritebackTmp:          0 kB
CommitLimit:     9202296 kB
Committed_AS:   56410324 kB
VmallocTotal:   263061440 kB
VmallocUsed:       98388 kB
VmallocChunk:          0 kB
Percpu:             7584 kB
CmaTotal:         294912 kB
CmaFree:               0 kB
MemTotal:       12113144 kB
MemFree:         6920604 kB
MemAvailable:    8321344 kB
Buffers:            6528 kB
Cached:          1623948 kB
SwapCached:            0 kB
Active:          1386208 kB
Inactive:        1414728 kB
Active(anon):    1177008 kB
Inactive(anon):    21520 kB
Active(file):     209200 kB
Inactive(file):  1393208 kB
Unevictable:        5692 kB
Mlocked:            5692 kB
SwapTotal:       3145724 kB
SwapFree:        3145724 kB
Dirty:               228 kB
Writeback:             0 kB
AnonPages:       1176252 kB
Mapped:           804424 kB
Shmem:             23416 kB
KReclaimable:     667036 kB
Slab:             202580 kB
SReclaimable:      66936 kB
SUnreclaim:       135644 kB
KernelStack:       41552 kB
PageTables:        55788 kB
NFS_Unstable:          0 kB
Bounce:                0 kB
WritebackTmp:          0 kB
CommitLimit:     9202296 kB
Committed_AS:   56410440 kB
VmallocTotal:   263061440 kB
VmallocUsed:       98420 kB
VmallocChunk:          0 kB
Percpu:             7584 kB
CmaTotal:         294912 kB
CmaFree:               0 kB
MemTotal:       12113144 kB
MemFree:         6921432 kB
MemAvailable:    8322176 kB
Buffers:            6528 kB
Cached:          1623952 kB
SwapCached:            0 kB
Active:          1386964 kB
Inactive:        1414732 kB
Active(anon):    1177764 kB
Inactive(anon):    21520 kB
Active(file):     209200 kB
Inactive(file):  1393212 kB
Unevictable:        5692 kB
Mlocked:            5692 kB
SwapTotal:       3145724 kB
SwapFree:        3145724 kB
Dirty:               244 kB
Writeback:             0 kB
AnonPages:       1177008 kB
Mapped:           804308 kB
Shmem:             23416 kB
KReclaimable:     667036 kB
Slab:             202348 kB
SReclaimable:      66936 kB
SUnreclaim:       135412 kB
KernelStack:       41584 kB
PageTables:        55808 kB
NFS_Unstable:          0 kB
Bounce:                0 kB
WritebackTmp:          0 kB
CommitLimit:     9202296 kB
Committed_AS:   56409988 kB
VmallocTotal:   263061440 kB
VmallocUsed:       98404 kB
VmallocChunk:          0 kB
Percpu:             7584 kB
CmaTotal:         294912 kB
CmaFree:               0 kB
MemTotal:       12113144 kB
MemFree:         6920040 kB
MemAvailable:    8320776 kB
Buffers:            6528 kB
Cached:          1623944 kB
SwapCached:            0 kB
Active:          1387744 kB
Inactive:        1414728 kB
Active(anon):    1178548 kB
Inactive(anon):    21520 kB
Active(file):     209196 kB
Inactive(file):  1393208 kB
Unevictable:        5692 kB
Mlocked:            5692 kB
SwapTotal:       3145724 kB
SwapFree:        3145724 kB
Dirty:               244 kB
Writeback:             0 kB
AnonPages:       1177544 kB
Mapped:           804284 kB
Shmem:             23416 kB
KReclaimable:     667036 kB
Slab:             202532 kB
SReclaimable:      66936 kB
SUnreclaim:       135596 kB
KernelStack:       41552 kB
PageTables:        55744 kB
NFS_Unstable:          0 kB
Bounce:                0 kB
WritebackTmp:          0 kB
CommitLimit:     9202296 kB
Committed_AS:   56409672 kB
VmallocTotal:   263061440 kB
VmallocUsed:       98388 kB
VmallocChunk:          0 kB
Percpu:             7584 kB
CmaTotal:         294912 kB
CmaFree:               0 kB
MemTotal:       12113144 kB
MemFree:         6920076 kB
MemAvailable:    8320800 kB
Buffers:            6528 kB
Cached:          1623940 kB
SwapCached:            0 kB
Active:          1387756 kB
Inactive:        1414728 kB
Active(anon):    1178564 kB
Inactive(anon):    21528 kB
Active(file):     209192 kB
Inactive(file):  1393200 kB
Unevictable:        5692 kB
Mlocked:            5692 kB
SwapTotal:       3145724 kB
SwapFree:        3145724 kB
Dirty:               240 kB
Writeback:             0 kB
AnonPages:       1177920 kB
Mapped:           804296 kB
Shmem:             23424 kB
KReclaimable:     667036 kB
Slab:             202364 kB
SReclaimable:      66936 kB
SUnreclaim:       135428 kB
KernelStack:       41552 kB
PageTables:        55752 kB
NFS_Unstable:          0 kB
Bounce:                0 kB
WritebackTmp:          0 kB
CommitLimit:     9202296 kB
Committed_AS:   56409680 kB
VmallocTotal:   263061440 kB
VmallocUsed:       98404 kB
VmallocChunk:          0 kB
Percpu:             7584 kB
CmaTotal:         294912 kB
CmaFree:               0 kB
MemTotal:       12113144 kB
MemFree:         6919456 kB
MemAvailable:    8320204 kB
Buffers:            6528 kB
Cached:          1623964 kB
SwapCached:            0 kB
Active:          1388496 kB
Inactive:        1414744 kB
Active(anon):    1179296 kB
Inactive(anon):    21528 kB
Active(file):     209200 kB
Inactive(file):  1393216 kB
Unevictable:        5692 kB
Mlocked:            5692 kB
SwapTotal:       3145724 kB
SwapFree:        3145724 kB
Dirty:               272 kB
Writeback:             0 kB
AnonPages:       1178484 kB
Mapped:           804488 kB
Shmem:             23424 kB
KReclaimable:     667036 kB
Slab:             202532 kB
SReclaimable:      66936 kB
SUnreclaim:       135596 kB
KernelStack:       41536 kB
PageTables:        55744 kB
NFS_Unstable:          0 kB
Bounce:                0 kB
WritebackTmp:          0 kB
CommitLimit:     9202296 kB
Committed_AS:   56410032 kB
VmallocTotal:   263061440 kB
VmallocUsed:       98388 kB
VmallocChunk:          0 kB
Percpu:             7584 kB
CmaTotal:         294912 kB
CmaFree:               0 kB
MemTotal:       12113144 kB
MemFree:         6919244 kB
MemAvailable:    8320000 kB
Buffers:            6532 kB
Cached:          1623968 kB
SwapCached:            0 kB
Active:          1388896 kB
Inactive:        1414752 kB
Active(anon):    1179696 kB
Inactive(anon):    21528 kB
Active(file):     209200 kB
Inactive(file):  1393224 kB
Unevictable:        5692 kB
Mlocked:            5692 kB
SwapTotal:       3145724 kB
SwapFree:        3145724 kB
Dirty:               288 kB
Writeback:             0 kB
AnonPages:       1178736 kB
Mapped:           804324 kB
Shmem:             23424 kB
KReclaimable:     667036 kB
Slab:             202356 kB
SReclaimable:      66936 kB
SUnreclaim:       135420 kB
KernelStack:       41600 kB
PageTables:        55768 kB
NFS_Unstable:          0 kB
Bounce:                0 kB
WritebackTmp:          0 kB
CommitLimit:     9202296 kB
Committed_AS:   56409556 kB
VmallocTotal:   263061440 kB
VmallocUsed:       98388 kB
VmallocChunk:          0 kB
Percpu:             7584 kB
CmaTotal:         294912 kB
CmaFree:               0 kB
MemTotal:       12113144 kB
MemFree:         6918292 kB
MemAvailable:    8319052 kB
Buffers:            6532 kB
Cached:          1623972 kB
SwapCached:            0 kB
Active:          1389540 kB
Inactive:        1414756 kB
Active(anon):    1180340 kB
Inactive(anon):    21528 kB
Active(file):     209200 kB
Inactive(file):  1393228 kB
Unevictable:        5692 kB
Mlocked:            5692 kB
SwapTotal:       3145724 kB
SwapFree:        3145724 kB
Dirty:               268 kB
Writeback:             0 kB
AnonPages:       1179588 kB
Mapped:           804556 kB
Shmem:             23424 kB
KReclaimable:     667036 kB
Slab:             202484 kB
SReclaimable:      66936 kB
SUnreclaim:       135548 kB
KernelStack:       41536 kB
PageTables:        55748 kB
NFS_Unstable:          0 kB
Bounce:                0 kB
WritebackTmp:          0 kB
CommitLimit:     9202296 kB
Committed_AS:   56410180 kB
VmallocTotal:   263061440 kB
VmallocUsed:       98420 kB
VmallocChunk:          0 kB
Percpu:             7584 kB
CmaTotal:         294912 kB
CmaFree:               0 kB
MemTotal:       12113144 kB
MemFree:         6917016 kB
MemAvailable:    8317776 kB
Buffers:            6532 kB
Cached:          1623972 kB
SwapCached:            0 kB
Active:          1389456 kB
Inactive:        1414756 kB
Active(anon):    1180256 kB
Inactive(anon):    21528 kB
Active(file):     209200 kB
Inactive(file):  1393228 kB
Unevictable:        5692 kB
Mlocked:            5692 kB
SwapTotal:       3145724 kB
SwapFree:        3145724 kB
Dirty:               268 kB
Writeback:             0 kB
AnonPages:       1179608 kB
Mapped:           804372 kB
Shmem:             23424 kB
KReclaimable:     667036 kB
Slab:             202380 kB
SReclaimable:      66936 kB
SUnreclaim:       135444 kB
KernelStack:       41552 kB
PageTables:        55812 kB
NFS_Unstable:          0 kB
Bounce:                0 kB
WritebackTmp:          0 kB
CommitLimit:     9202296 kB
Committed_AS:   56410048 kB
VmallocTotal:   263061440 kB
VmallocUsed:       98420 kB
VmallocChunk:          0 kB
Percpu:             7584 kB
CmaTotal:         294912 kB
CmaFree:               0 kB
MemTotal:       12113144 kB
MemFree:         6917600 kB
MemAvailable:    8318360 kB
Buffers:            6532 kB
Cached:          1623972 kB
SwapCached:            0 kB
Active:          1389992 kB
Inactive:        1414756 kB
Active(anon):    1180792 kB
Inactive(anon):    21528 kB
Active(file):     209200 kB
Inactive(file):  1393228 kB
Unevictable:        5692 kB
Mlocked:            5692 kB
SwapTotal:       3145724 kB
SwapFree:        3145724 kB
Dirty:               208 kB
Writeback:             0 kB
AnonPages:       1179936 kB
Mapped:           804556 kB
Shmem:             23424 kB
KReclaimable:     667036 kB
Slab:             202476 kB
SReclaimable:      66936 kB
SUnreclaim:       135540 kB
KernelStack:       41536 kB
PageTables:        55740 kB
NFS_Unstable:          0 kB
Bounce:                0 kB
WritebackTmp:          0 kB
CommitLimit:     9202296 kB
Committed_AS:   56409924 kB
VmallocTotal:   263061440 kB
VmallocUsed:       98420 kB
VmallocChunk:          0 kB
Percpu:             7584 kB
CmaTotal:         294912 kB
CmaFree:               0 kB
MemTotal:       12113144 kB
MemFree:         6915420 kB
MemAvailable:    8316180 kB
Buffers:            6532 kB
Cached:          1623972 kB
SwapCached:            0 kB
Active:          1391056 kB
Inactive:        1414756 kB
Active(anon):    1181856 kB
Inactive(anon):    21528 kB
Active(file):     209200 kB
Inactive(file):  1393228 kB
Unevictable:        5692 kB
Mlocked:            5692 kB
SwapTotal:       3145724 kB
SwapFree:        3145724 kB
Dirty:               236 kB
Writeback:             0 kB
AnonPages:       1181024 kB
Mapped:           804292 kB
Shmem:             23424 kB
KReclaimable:     667036 kB
Slab:             202460 kB
SReclaimable:      66936 kB
SUnreclaim:       135524 kB
KernelStack:       41568 kB
PageTables:        55588 kB
NFS_Unstable:          0 kB
Bounce:                0 kB
WritebackTmp:          0 kB
CommitLimit:     9202296 kB
Committed_AS:   56399344 kB
VmallocTotal:   263061440 kB
VmallocUsed:       98420 kB
VmallocChunk:          0 kB
Percpu:             7584 kB
CmaTotal:         294912 kB
CmaFree:               0 kB
MemTotal:       12113144 kB
MemFree:         6914544 kB
MemAvailable:    8315304 kB
Buffers:            6532 kB
Cached:          1623972 kB
SwapCached:            0 kB
Active:          1391224 kB
Inactive:        1414756 kB
Active(anon):    1182024 kB
Inactive(anon):    21528 kB
Active(file):     209200 kB
Inactive(file):  1393228 kB
Unevictable:        5692 kB
Mlocked:            5692 kB
SwapTotal:       3145724 kB
SwapFree:        3145724 kB
Dirty:               288 kB
Writeback:             0 kB
AnonPages:       1181532 kB
Mapped:           804372 kB
Shmem:             23424 kB
KReclaimable:     667036 kB
Slab:             202476 kB
SReclaimable:      66936 kB
SUnreclaim:       135540 kB
KernelStack:       41568 kB
PageTables:        55824 kB
NFS_Unstable:          0 kB
Bounce:                0 kB
WritebackTmp:          0 kB
CommitLimit:     9202296 kB
Committed_AS:   56399212 kB
VmallocTotal:   263061440 kB
VmallocUsed:       98436 kB
VmallocChunk:          0 kB
Percpu:             7584 kB
CmaTotal:         294912 kB
CmaFree:               0 kB
MemTotal:       12113144 kB
MemFree:         6915184 kB
MemAvailable:    8315944 kB
Buffers:            6532 kB
Cached:          1623972 kB
SwapCached:            0 kB
Active:          1391652 kB
Inactive:        1414756 kB
Active(anon):    1182452 kB
Inactive(anon):    21528 kB
Active(file):     209200 kB
Inactive(file):  1393228 kB
Unevictable:        5692 kB
Mlocked:            5692 kB
SwapTotal:       3145724 kB
SwapFree:        3145724 kB
Dirty:               288 kB
Writeback:             0 kB
AnonPages:       1181756 kB
Mapped:           804368 kB
Shmem:             23424 kB
KReclaimable:     667036 kB
Slab:             202356 kB
SReclaimable:      66936 kB
SUnreclaim:       135420 kB
KernelStack:       41568 kB
PageTables:        55800 kB
NFS_Unstable:          0 kB
Bounce:                0 kB
WritebackTmp:          0 kB
CommitLimit:     9202296 kB
Committed_AS:   56398816 kB
VmallocTotal:   263061440 kB
VmallocUsed:       98436 kB
VmallocChunk:          0 kB
Percpu:             7584 kB
CmaTotal:         294912 kB
CmaFree:               0 kB
MemTotal:       12113144 kB
MemFree:         6914796 kB
MemAvailable:    8315556 kB
Buffers:            6532 kB
Cached:          1623976 kB
SwapCached:            0 kB
Active:          1392472 kB
Inactive:        1414760 kB
Active(anon):    1183272 kB
Inactive(anon):    21532 kB
Active(file):     209200 kB
Inactive(file):  1393228 kB
Unevictable:        5692 kB
Mlocked:            5692 kB
SwapTotal:       3145724 kB
SwapFree:        3145724 kB
Dirty:               288 kB
Writeback:             0 kB
AnonPages:       1182768 kB
Mapped:           804304 kB
Shmem:             23428 kB
KReclaimable:     667036 kB
Slab:             202500 kB
SReclaimable:      66936 kB
SUnreclaim:       135564 kB
KernelStack:       41552 kB
PageTables:        55760 kB
NFS_Unstable:          0 kB
Bounce:                0 kB
WritebackTmp:          0 kB
CommitLimit:     9202296 kB
Committed_AS:   56399996 kB
VmallocTotal:   263061440 kB
VmallocUsed:       98452 kB
VmallocChunk:          0 kB
Percpu:             7584 kB
CmaTotal:         294912 kB
CmaFree:               0 kB
MemTotal:       12113144 kB
MemFree:         6914436 kB
MemAvailable:    8315196 kB
Buffers:            6532 kB
Cached:          1623980 kB
SwapCached:            0 kB
Active:          1392796 kB
Inactive:        1414760 kB
Active(anon):    1183592 kB
Inactive(anon):    21536 kB
Active(file):     209204 kB
Inactive(file):  1393224 kB
Unevictable:        5692 kB
Mlocked:            5692 kB
SwapTotal:       3145724 kB
SwapFree:        3145724 kB
Dirty:               292 kB
Writeback:             0 kB
AnonPages:       1182860 kB
Mapped:           804380 kB
Shmem:             23432 kB
KReclaimable:     667036 kB
Slab:             202372 kB
SReclaimable:      66936 kB
SUnreclaim:       135436 kB
KernelStack:       41584 kB
PageTables:        55816 kB
NFS_Unstable:          0 kB
Bounce:                0 kB
WritebackTmp:          0 kB
CommitLimit:     9202296 kB
Committed_AS:   56399688 kB
VmallocTotal:   263061440 kB
VmallocUsed:       98452 kB
VmallocChunk:          0 kB
Percpu:             7584 kB
CmaTotal:         294912 kB
CmaFree:               0 kB
MemTotal:       12113144 kB
MemFree:         6913512 kB
MemAvailable:    8314272 kB
Buffers:            6532 kB
Cached:          1623980 kB
SwapCached:            0 kB
Active:          1393404 kB
Inactive:        1414760 kB
Active(anon):    1184200 kB
Inactive(anon):    21536 kB
Active(file):     209204 kB
Inactive(file):  1393224 kB
Unevictable:        5692 kB
Mlocked:            5692 kB
SwapTotal:       3145724 kB
SwapFree:        3145724 kB
Dirty:               292 kB
Writeback:             0 kB
AnonPages:       1183456 kB
Mapped:           804568 kB
Shmem:             23432 kB
KReclaimable:     667036 kB
Slab:             202516 kB
SReclaimable:      66936 kB
SUnreclaim:       135580 kB
KernelStack:       41536 kB
PageTables:        55752 kB
NFS_Unstable:          0 kB
Bounce:                0 kB
WritebackTmp:          0 kB
CommitLimit:     9202296 kB
Committed_AS:   56399740 kB
VmallocTotal:   263061440 kB
VmallocUsed:       98436 kB
VmallocChunk:          0 kB
Percpu:             7584 kB
CmaTotal:         294912 kB
CmaFree:               0 kB
MemTotal:       12113144 kB
MemFree:         6914304 kB
MemAvailable:    8315064 kB
Buffers:            6532 kB
Cached:          1623980 kB
SwapCached:            0 kB
Active:          1393400 kB
Inactive:        1414760 kB
Active(anon):    1184196 kB
Inactive(anon):    21536 kB
Active(file):     209204 kB
Inactive(file):  1393224 kB
Unevictable:        5692 kB
Mlocked:            5692 kB
SwapTotal:       3145724 kB
SwapFree:        3145724 kB
Dirty:               292 kB
Writeback:             0 kB
AnonPages:       1183504 kB
Mapped:           804312 kB
Shmem:             23432 kB
KReclaimable:     667036 kB
Slab:             202444 kB
SReclaimable:      66936 kB
SUnreclaim:       135508 kB
KernelStack:       41536 kB
PageTables:        55740 kB
NFS_Unstable:          0 kB
Bounce:                0 kB
WritebackTmp:          0 kB
CommitLimit:     9202296 kB
Committed_AS:   56399652 kB
VmallocTotal:   263061440 kB
VmallocUsed:       98452 kB
VmallocChunk:          0 kB
Percpu:             7584 kB
CmaTotal:         294912 kB
CmaFree:               0 kB
MemTotal:       12113144 kB
MemFree:         6913432 kB
MemAvailable:    8314196 kB
Buffers:            6532 kB
Cached:          1623984 kB
SwapCached:            0 kB
Active:          1394048 kB
Inactive:        1414764 kB
Active(anon):    1184844 kB
Inactive(anon):    21536 kB
Active(file):     209204 kB
Inactive(file):  1393228 kB
Unevictable:        5692 kB
Mlocked:            5692 kB
SwapTotal:       3145724 kB
SwapFree:        3145724 kB
Dirty:               304 kB
Writeback:             0 kB
AnonPages:       1184136 kB
Mapped:           804564 kB
Shmem:             23432 kB
KReclaimable:     667036 kB
Slab:             202316 kB
SReclaimable:      66936 kB
SUnreclaim:       135380 kB
KernelStack:       41552 kB
PageTables:        55864 kB
NFS_Unstable:          0 kB
Bounce:                0 kB
WritebackTmp:          0 kB
CommitLimit:     9202296 kB
Committed_AS:   56399704 kB
VmallocTotal:   263061440 kB
VmallocUsed:       98436 kB
VmallocChunk:          0 kB
Percpu:             7584 kB
CmaTotal:         294912 kB
CmaFree:               0 kB
MemTotal:       12113144 kB
MemFree:         6912980 kB
MemAvailable:    8313744 kB
Buffers:            6532 kB
Cached:          1623984 kB
SwapCached:            0 kB
Active:          1394372 kB
Inactive:        1414764 kB
Active(anon):    1185168 kB
Inactive(anon):    21536 kB
Active(file):     209204 kB
Inactive(file):  1393228 kB
Unevictable:        5692 kB
Mlocked:            5692 kB
SwapTotal:       3145724 kB
SwapFree:        3145724 kB
Dirty:               308 kB
Writeback:             0 kB
AnonPages:       1184236 kB
Mapped:           804336 kB
Shmem:             23432 kB
KReclaimable:     667036 kB
Slab:             202516 kB
SReclaimable:      66936 kB
SUnreclaim:       135580 kB
KernelStack:       41536 kB
PageTables:        55644 kB
NFS_Unstable:          0 kB
Bounce:                0 kB
WritebackTmp:          0 kB
CommitLimit:     9202296 kB
Committed_AS:   56405536 kB
VmallocTotal:   263061440 kB
VmallocUsed:       98436 kB
VmallocChunk:          0 kB
Percpu:             7584 kB
CmaTotal:         294912 kB
CmaFree:               0 kB
MemTotal:       12113144 kB
MemFree:         6913680 kB
MemAvailable:    8314444 kB
Buffers:            6532 kB
Cached:          1623984 kB
SwapCached:            0 kB
Active:          1394156 kB
Inactive:        1414764 kB
Active(anon):    1184952 kB
Inactive(anon):    21536 kB
Active(file):     209204 kB
Inactive(file):  1393228 kB
Unevictable:        5692 kB
Mlocked:            5692 kB
SwapTotal:       3145724 kB
SwapFree:        3145724 kB
Dirty:               196 kB
Writeback:             0 kB
AnonPages:       1184216 kB
Mapped:           804564 kB
Shmem:             23432 kB
KReclaimable:     667036 kB
Slab:             202364 kB
SReclaimable:      66936 kB
SUnreclaim:       135428 kB
KernelStack:       41536 kB
PageTables:        55744 kB
NFS_Unstable:          0 kB
Bounce:                0 kB
WritebackTmp:          0 kB
CommitLimit:     9202296 kB
Committed_AS:   56405416 kB
VmallocTotal:   263061440 kB
VmallocUsed:       98436 kB
VmallocChunk:          0 kB
Percpu:             7584 kB
CmaTotal:         294912 kB
CmaFree:               0 kB
MemTotal:       12113144 kB
MemFree:         6913004 kB
MemAvailable:    8313768 kB
Buffers:            6532 kB
Cached:          1623984 kB
SwapCached:            0 kB
Active:          1394328 kB
Inactive:        1414764 kB
Active(anon):    1185124 kB
Inactive(anon):    21536 kB
Active(file):     209204 kB
Inactive(file):  1393228 kB
Unevictable:        5692 kB
Mlocked:            5692 kB
SwapTotal:       3145724 kB
SwapFree:        3145724 kB
Dirty:               196 kB
Writeback:             0 kB
AnonPages:       1184320 kB
Mapped:           804496 kB
Shmem:             23432 kB
KReclaimable:     667036 kB
Slab:             202516 kB
SReclaimable:      66936 kB
SUnreclaim:       135580 kB
KernelStack:       41520 kB
PageTables:        55680 kB
NFS_Unstable:          0 kB
Bounce:                0 kB
WritebackTmp:          0 kB
CommitLimit:     9202296 kB
Committed_AS:   56405064 kB
VmallocTotal:   263061440 kB
VmallocUsed:       98420 kB
VmallocChunk:          0 kB
Percpu:             7584 kB
CmaTotal:         294912 kB
CmaFree:               0 kB
MemTotal:       12113144 kB
MemFree:         6913160 kB
MemAvailable:    8313928 kB
Buffers:            6532 kB
Cached:          1623992 kB
SwapCached:            0 kB
Active:          1395028 kB
Inactive:        1414768 kB
Active(anon):    1185820 kB
Inactive(anon):    21536 kB
Active(file):     209208 kB
Inactive(file):  1393232 kB
Unevictable:        5692 kB
Mlocked:            5692 kB
SwapTotal:       3145724 kB
SwapFree:        3145724 kB
Dirty:               204 kB
Writeback:             0 kB
AnonPages:       1185208 kB
Mapped:           804332 kB
Shmem:             23432 kB
KReclaimable:     667032 kB
Slab:             202320 kB
SReclaimable:      66932 kB
SUnreclaim:       135388 kB
KernelStack:       41568 kB
PageTables:        55764 kB
NFS_Unstable:          0 kB
Bounce:                0 kB
WritebackTmp:          0 kB
CommitLimit:     9202296 kB
Committed_AS:   56404932 kB
VmallocTotal:   263061440 kB
VmallocUsed:       98420 kB
VmallocChunk:          0 kB
Percpu:             7584 kB
CmaTotal:         294912 kB
CmaFree:               0 kB
MemTotal:       12113144 kB
MemFree:         6912852 kB
MemAvailable:    8313608 kB
Buffers:            6536 kB
Cached:          1623980 kB
SwapCached:            0 kB
Active:          1395820 kB
Inactive:        1414764 kB
Active(anon):    1186620 kB
Inactive(anon):    21536 kB
Active(file):     209200 kB
Inactive(file):  1393228 kB
Unevictable:        5692 kB
Mlocked:            5692 kB
SwapTotal:       3145724 kB
SwapFree:        3145724 kB
Dirty:               180 kB
Writeback:             0 kB
AnonPages:       1185896 kB
Mapped:           804312 kB
Shmem:             23432 kB
KReclaimable:     667032 kB
Slab:             202504 kB
SReclaimable:      66932 kB
SUnreclaim:       135572 kB
KernelStack:       41536 kB
PageTables:        55748 kB
NFS_Unstable:          0 kB
Bounce:                0 kB
WritebackTmp:          0 kB
CommitLimit:     9202296 kB
Committed_AS:   56404784 kB
VmallocTotal:   263061440 kB
VmallocUsed:       98436 kB
VmallocChunk:          0 kB
Percpu:             7584 kB
CmaTotal:         294912 kB
CmaFree:               0 kB
MemTotal:       12113144 kB
MemFree:         6912248 kB
MemAvailable:    8313024 kB
Buffers:            6536 kB
Cached:          1623996 kB
SwapCached:            0 kB
Active:          1396204 kB
Inactive:        1414776 kB
Active(anon):    1186996 kB
Inactive(anon):    21536 kB
Active(file):     209208 kB
Inactive(file):  1393240 kB
Unevictable:        5692 kB
Mlocked:            5692 kB
SwapTotal:       3145724 kB
SwapFree:        3145724 kB
Dirty:               192 kB
Writeback:             0 kB
AnonPages:       1186388 kB
Mapped:           804564 kB
Shmem:             23432 kB
KReclaimable:     667032 kB
Slab:             202504 kB
SReclaimable:      66932 kB
SUnreclaim:       135572 kB
KernelStack:       41536 kB
PageTables:        55736 kB
NFS_Unstable:          0 kB
Bounce:                0 kB
WritebackTmp:          0 kB
CommitLimit:     9202296 kB
Committed_AS:   56404476 kB
VmallocTotal:   263061440 kB
VmallocUsed:       98420 kB
VmallocChunk:          0 kB
Percpu:             7584 kB
CmaTotal:         294912 kB
CmaFree:               0 kB
MemTotal:       12113144 kB
MemFree:         6911484 kB
MemAvailable:    8312260 kB
Buffers:            6536 kB
Cached:          1623996 kB
SwapCached:            0 kB
Active:          1396380 kB
Inactive:        1414776 kB
Active(anon):    1187172 kB
Inactive(anon):    21536 kB
Active(file):     209208 kB
Inactive(file):  1393240 kB
Unevictable:        5692 kB
Mlocked:            5692 kB
SwapTotal:       3145724 kB
SwapFree:        3145724 kB
Dirty:               192 kB
Writeback:             0 kB
AnonPages:       1186456 kB
Mapped:           804308 kB
Shmem:             23432 kB
KReclaimable:     667032 kB
Slab:             202448 kB
SReclaimable:      66932 kB
SUnreclaim:       135516 kB
KernelStack:       41536 kB
PageTables:        55748 kB
NFS_Unstable:          0 kB
Bounce:                0 kB
WritebackTmp:          0 kB
CommitLimit:     9202296 kB
Committed_AS:   56404264 kB
VmallocTotal:   263061440 kB
VmallocUsed:       98404 kB
VmallocChunk:          0 kB
Percpu:             7584 kB
CmaTotal:         294912 kB
CmaFree:               0 kB
MemTotal:       12113144 kB
MemFree:         6910496 kB
MemAvailable:    8311272 kB
Buffers:            6536 kB
Cached:          1624024 kB
SwapCached:            0 kB
Active:          1397816 kB
Inactive:        1414796 kB
Active(anon):    1188600 kB
Inactive(anon):    21564 kB
Active(file):     209216 kB
Inactive(file):  1393232 kB
Unevictable:        5692 kB
Mlocked:            5692 kB
SwapTotal:       3145724 kB
SwapFree:        3145724 kB
Dirty:               656 kB
Writeback:             0 kB
AnonPages:       1187968 kB
Mapped:           804592 kB
Shmem:             23460 kB
KReclaimable:     667032 kB
Slab:             202416 kB
SReclaimable:      66932 kB
SUnreclaim:       135484 kB
KernelStack:       41520 kB
PageTables:        55740 kB
NFS_Unstable:          0 kB
Bounce:                0 kB
WritebackTmp:          0 kB
CommitLimit:     9202296 kB
Committed_AS:   56404840 kB
VmallocTotal:   263061440 kB
VmallocUsed:       98388 kB
VmallocChunk:          0 kB
Percpu:             7584 kB
CmaTotal:         294912 kB
CmaFree:               0 kB
MemTotal:       12113144 kB
MemFree:         6909520 kB
MemAvailable:    8310296 kB
Buffers:            6536 kB
Cached:          1624036 kB
SwapCached:            0 kB
Active:          1399200 kB
Inactive:        1414808 kB
Active(anon):    1189984 kB
Inactive(anon):    21576 kB
Active(file):     209216 kB
Inactive(file):  1393232 kB
Unevictable:        5692 kB
Mlocked:            5692 kB
SwapTotal:       3145724 kB
SwapFree:        3145724 kB
Dirty:               660 kB
Writeback:             0 kB
AnonPages:       1189140 kB
Mapped:           804608 kB
Shmem:             23472 kB
KReclaimable:     667032 kB
Slab:             202432 kB
SReclaimable:      66932 kB
SUnreclaim:       135500 kB
KernelStack:       41556 kB
PageTables:        55688 kB
NFS_Unstable:          0 kB
Bounce:                0 kB
WritebackTmp:          0 kB
CommitLimit:     9202296 kB
Committed_AS:   56405016 kB
VmallocTotal:   263061440 kB
VmallocUsed:       98388 kB
VmallocChunk:          0 kB
Percpu:             7584 kB
CmaTotal:         294912 kB
CmaFree:               0 kB
MemTotal:       12113144 kB
MemFree:         6908832 kB
MemAvailable:    8309608 kB
Buffers:            6536 kB
Cached:          1624036 kB
SwapCached:            0 kB
Active:          1399732 kB
Inactive:        1414808 kB
Active(anon):    1190516 kB
Inactive(anon):    21576 kB
Active(file):     209216 kB
Inactive(file):  1393232 kB
Unevictable:        5692 kB
Mlocked:            5692 kB
SwapTotal:       3145724 kB
SwapFree:        3145724 kB
Dirty:               656 kB
Writeback:             0 kB
AnonPages:       1189724 kB
Mapped:           804460 kB
Shmem:             23472 kB
KReclaimable:     667032 kB
Slab:             202528 kB
SReclaimable:      66932 kB
SUnreclaim:       135596 kB
KernelStack:       41536 kB
PageTables:        55744 kB
NFS_Unstable:          0 kB
Bounce:                0 kB
WritebackTmp:          0 kB
CommitLimit:     9202296 kB
Committed_AS:   56404752 kB
VmallocTotal:   263061440 kB
VmallocUsed:       98372 kB
VmallocChunk:          0 kB
Percpu:             7584 kB
CmaTotal:         294912 kB
CmaFree:               0 kB
MemTotal:       12113144 kB
MemFree:         6908164 kB
MemAvailable:    8308940 kB
Buffers:            6536 kB
Cached:          1624036 kB
SwapCached:            0 kB
Active:          1399852 kB
Inactive:        1414808 kB
Active(anon):    1190636 kB
Inactive(anon):    21576 kB
Active(file):     209216 kB
Inactive(file):  1393232 kB
Unevictable:        5692 kB
Mlocked:            5692 kB
SwapTotal:       3145724 kB
SwapFree:        3145724 kB
Dirty:               656 kB
Writeback:             0 kB
AnonPages:       1190148 kB
Mapped:           804716 kB
Shmem:             23472 kB
KReclaimable:     667032 kB
Slab:             202368 kB
SReclaimable:      66932 kB
SUnreclaim:       135436 kB
KernelStack:       41504 kB
PageTables:        55740 kB
NFS_Unstable:          0 kB
Bounce:                0 kB
WritebackTmp:          0 kB
CommitLimit:     9202296 kB
Committed_AS:   56404656 kB
VmallocTotal:   263061440 kB
VmallocUsed:       98388 kB
VmallocChunk:          0 kB
Percpu:             7584 kB
CmaTotal:         294912 kB
CmaFree:               0 kB
MemTotal:       12113144 kB
MemFree:         6907328 kB
MemAvailable:    8308104 kB
Buffers:            6536 kB
Cached:          1624036 kB
SwapCached:            0 kB
Active:          1400280 kB
Inactive:        1414808 kB
Active(anon):    1191064 kB
Inactive(anon):    21576 kB
Active(file):     209216 kB
Inactive(file):  1393232 kB
Unevictable:        5692 kB
Mlocked:            5692 kB
SwapTotal:       3145724 kB
SwapFree:        3145724 kB
Dirty:               200 kB
Writeback:             0 kB
AnonPages:       1190440 kB
Mapped:           804616 kB
Shmem:             23472 kB
KReclaimable:     667032 kB
Slab:             202496 kB
SReclaimable:      66932 kB
SUnreclaim:       135564 kB
KernelStack:       41568 kB
PageTables:        55780 kB
NFS_Unstable:          0 kB
Bounce:                0 kB
WritebackTmp:          0 kB
CommitLimit:     9202296 kB
Committed_AS:   56399400 kB
VmallocTotal:   263061440 kB
VmallocUsed:       98372 kB
VmallocChunk:          0 kB
Percpu:             7584 kB
CmaTotal:         294912 kB
CmaFree:               0 kB
MemTotal:       12113144 kB
MemFree:         6908776 kB
MemAvailable:    8309544 kB
Buffers:            6536 kB
Cached:          1624044 kB
SwapCached:            0 kB
Active:          1399428 kB
Inactive:        1414812 kB
Active(anon):    1190208 kB
Inactive(anon):    21576 kB
Active(file):     209220 kB
Inactive(file):  1393236 kB
Unevictable:        5692 kB
Mlocked:            5692 kB
SwapTotal:       3145724 kB
SwapFree:        3145724 kB
Dirty:               208 kB
Writeback:             0 kB
AnonPages:       1189144 kB
Mapped:           804568 kB
Shmem:             23472 kB
KReclaimable:     667016 kB
Slab:             202336 kB
SReclaimable:      66916 kB
SUnreclaim:       135420 kB
KernelStack:       41520 kB
PageTables:        55808 kB
NFS_Unstable:          0 kB
Bounce:                0 kB
WritebackTmp:          0 kB
CommitLimit:     9202296 kB
Committed_AS:   56404488 kB
VmallocTotal:   263061440 kB
VmallocUsed:       98420 kB
VmallocChunk:          0 kB
Percpu:             7584 kB
CmaTotal:         294912 kB
CmaFree:               4 kB
MemTotal:       12113144 kB
MemFree:         6921060 kB
MemAvailable:    8321820 kB
Buffers:            6536 kB
Cached:          1624052 kB
SwapCached:            0 kB
Active:          1387088 kB
Inactive:        1414824 kB
Active(anon):    1177872 kB
Inactive(anon):    21592 kB
Active(file):     209216 kB
Inactive(file):  1393232 kB
Unevictable:        5692 kB
Mlocked:            5692 kB
SwapTotal:       3145724 kB
SwapFree:        3145724 kB
Dirty:               220 kB
Writeback:             0 kB
AnonPages:       1177248 kB
Mapped:           804440 kB
Shmem:             23488 kB
KReclaimable:     667016 kB
Slab:             202472 kB
SReclaimable:      66916 kB
SUnreclaim:       135556 kB
KernelStack:       41536 kB
PageTables:        55740 kB
NFS_Unstable:          0 kB
Bounce:                0 kB
WritebackTmp:          0 kB
CommitLimit:     9202296 kB
Committed_AS:   56404364 kB
VmallocTotal:   263061440 kB
VmallocUsed:       98436 kB
VmallocChunk:          0 kB
Percpu:             7584 kB
CmaTotal:         294912 kB
CmaFree:               0 kB
MemTotal:       12113144 kB
MemFree:         6921316 kB
MemAvailable:    8322076 kB
Buffers:            6536 kB
Cached:          1624052 kB
SwapCached:            0 kB
Active:          1387584 kB
Inactive:        1414824 kB
Active(anon):    1178368 kB
Inactive(anon):    21592 kB
Active(file):     209216 kB
Inactive(file):  1393232 kB
Unevictable:        5692 kB
Mlocked:            5692 kB
SwapTotal:       3145724 kB
SwapFree:        3145724 kB
Dirty:               220 kB
Writeback:             0 kB
AnonPages:       1177652 kB
Mapped:           804704 kB
Shmem:             23488 kB
KReclaimable:     667016 kB
Slab:             202432 kB
SReclaimable:      66916 kB
SUnreclaim:       135516 kB
KernelStack:       41568 kB
PageTables:        55492 kB
NFS_Unstable:          0 kB
Bounce:                0 kB
WritebackTmp:          0 kB
CommitLimit:     9202296 kB
Committed_AS:   56399724 kB
VmallocTotal:   263061440 kB
VmallocUsed:       98388 kB
VmallocChunk:          0 kB
Percpu:             7584 kB
CmaTotal:         294912 kB
CmaFree:               0 kB
MemTotal:       12113144 kB
MemFree:         6921404 kB
MemAvailable:    8322164 kB
Buffers:            6536 kB
Cached:          1624052 kB
SwapCached:            0 kB
Active:          1387924 kB
Inactive:        1414824 kB
Active(anon):    1178708 kB
Inactive(anon):    21592 kB
Active(file):     209216 kB
Inactive(file):  1393232 kB
Unevictable:        5692 kB
Mlocked:            5692 kB
SwapTotal:       3145724 kB
SwapFree:        3145724 kB
Dirty:               220 kB
Writeback:             0 kB
AnonPages:       1177700 kB
Mapped:           804704 kB
Shmem:             23488 kB
KReclaimable:     667016 kB
Slab:             202464 kB
SReclaimable:      66916 kB
SUnreclaim:       135548 kB
KernelStack:       41536 kB
PageTables:        55752 kB
NFS_Unstable:          0 kB
Bounce:                0 kB
WritebackTmp:          0 kB
CommitLimit:     9202296 kB
Committed_AS:   56399592 kB
VmallocTotal:   263061440 kB
VmallocUsed:       98404 kB
