MemTotal:        5980404 kB
MemFree:         1221148 kB
MemAvailable:    2890740 kB
Buffers:            6096 kB
Cached:          1693592 kB
SwapCached:            0 kB
Active:          1272768 kB
Inactive:        1468772 kB
Active(anon):    1048428 kB
Inactive(anon):    20152 kB
Active(file):     224340 kB
Inactive(file):  1448620 kB
Unevictable:        5576 kB
Mlocked:            5576 kB
SwapTotal:       3670008 kB
SwapFree:        3670008 kB
Dirty:               136 kB
Writeback:             0 kB
AnonPages:       1047272 kB
Mapped:           784048 kB
Shmem:             22192 kB
KReclaimable:     559064 kB
Slab:             222112 kB
SReclaimable:      68640 kB
SUnreclaim:       153472 kB
KernelStack:       43024 kB
PageTables:        55296 kB
NFS_Unstable:          0 kB
Bounce:                0 kB
WritebackTmp:          0 kB
CommitLimit:     6660208 kB
Committed_AS:   61489500 kB
VmallocTotal:   263061440 kB
VmallocUsed:       83440 kB
VmallocChunk:          0 kB
Percpu:             7648 kB
CmaTotal:         315392 kB
CmaFree:               0 kB
MemTotal:        5980404 kB
MemFree:         1217464 kB
MemAvailable:    2887056 kB
Buffers:            6096 kB
Cached:          1693592 kB
SwapCached:            0 kB
Active:          1274716 kB
Inactive:        1468772 kB
Active(anon):    1050376 kB
Inactive(anon):    20152 kB
Active(file):     224340 kB
Inactive(file):  1448620 kB
Unevictable:        5576 kB
Mlocked:            5576 kB
SwapTotal:       3670008 kB
SwapFree:        3670008 kB
Dirty:               136 kB
Writeback:             0 kB
AnonPages:       1049424 kB
Mapped:           781356 kB
Shmem:             22192 kB
KReclaimable:     559064 kB
Slab:             222136 kB
SReclaimable:      68640 kB
SUnreclaim:       153496 kB
KernelStack:       43088 kB
PageTables:        55512 kB
NFS_Unstable:          0 kB
Bounce:                0 kB
WritebackTmp:          0 kB
CommitLimit:     6660208 kB
Committed_AS:   61489280 kB
VmallocTotal:   263061440 kB
VmallocUsed:       83456 kB
VmallocChunk:          0 kB
Percpu:             7648 kB
CmaTotal:         315392 kB
CmaFree:               0 kB
MemTotal:        5980404 kB
MemFree:         1217872 kB
MemAvailable:    2887468 kB
Buffers:            6100 kB
Cached:          1693592 kB
SwapCached:            0 kB
Active:          1274812 kB
Inactive:        1468776 kB
Active(anon):    1050472 kB
Inactive(anon):    20152 kB
Active(file):     224340 kB
Inactive(file):  1448624 kB
Unevictable:        5576 kB
Mlocked:            5576 kB
SwapTotal:       3670008 kB
SwapFree:        3670008 kB
Dirty:               148 kB
Writeback:             0 kB
AnonPages:       1049820 kB
Mapped:           781520 kB
Shmem:             22192 kB
KReclaimable:     559064 kB
Slab:             222172 kB
SReclaimable:      68640 kB
SUnreclaim:       153532 kB
KernelStack:       43120 kB
PageTables:        55684 kB
NFS_Unstable:          0 kB
Bounce:                0 kB
WritebackTmp:          0 kB
CommitLimit:     6660208 kB
Committed_AS:   61488816 kB
VmallocTotal:   263061440 kB
VmallocUsed:       83472 kB
VmallocChunk:          0 kB
Percpu:             7648 kB
CmaTotal:         315392 kB
CmaFree:               0 kB
MemTotal:        5980404 kB
MemFree:         1217488 kB
MemAvailable:    2887096 kB
Buffers:            6100 kB
Cached:          1693604 kB
SwapCached:            0 kB
Active:          1275120 kB
Inactive:        1468784 kB
Active(anon):    1050776 kB
Inactive(anon):    20152 kB
Active(file):     224344 kB
Inactive(file):  1448632 kB
Unevictable:        5576 kB
Mlocked:            5576 kB
SwapTotal:       3670008 kB
SwapFree:        3670008 kB
Dirty:               200 kB
Writeback:             0 kB
AnonPages:       1049888 kB
Mapped:           781584 kB
Shmem:             22192 kB
KReclaimable:     559064 kB
Slab:             222056 kB
SReclaimable:      68640 kB
SUnreclaim:       153416 kB
KernelStack:       43100 kB
PageTables:        55708 kB
NFS_Unstable:          0 kB
Bounce:                0 kB
WritebackTmp:          0 kB
CommitLimit:     6660208 kB
Committed_AS:   61489904 kB
VmallocTotal:   263061440 kB
VmallocUsed:       83456 kB
VmallocChunk:          0 kB
Percpu:             7648 kB
CmaTotal:         315392 kB
CmaFree:               0 kB
MemTotal:        5980404 kB
MemFree:         1218588 kB
MemAvailable:    2888196 kB
Buffers:            6100 kB
Cached:          1693604 kB
SwapCached:            0 kB
Active:          1275240 kB
Inactive:        1468784 kB
Active(anon):    1050896 kB
Inactive(anon):    20152 kB
Active(file):     224344 kB
Inactive(file):  1448632 kB
Unevictable:        5576 kB
Mlocked:            5576 kB
SwapTotal:       3670008 kB
SwapFree:        3670008 kB
Dirty:               200 kB
Writeback:             0 kB
AnonPages:       1050132 kB
Mapped:           781240 kB
Shmem:             22192 kB
KReclaimable:     559064 kB
Slab:             222136 kB
SReclaimable:      68640 kB
SUnreclaim:       153496 kB
KernelStack:       43152 kB
PageTables:        55816 kB
NFS_Unstable:          0 kB
Bounce:                0 kB
WritebackTmp:          0 kB
CommitLimit:     6660208 kB
Committed_AS:   61488968 kB
VmallocTotal:   263061440 kB
VmallocUsed:       83456 kB
VmallocChunk:          0 kB
Percpu:             7648 kB
CmaTotal:         315392 kB
CmaFree:               0 kB
MemTotal:        5980404 kB
MemFree:         1219968 kB
MemAvailable:    2889576 kB
Buffers:            6100 kB
Cached:          1693608 kB
SwapCached:            0 kB
Active:          1275316 kB
Inactive:        1468788 kB
Active(anon):    1050972 kB
Inactive(anon):    20156 kB
Active(file):     224344 kB
Inactive(file):  1448632 kB
Unevictable:        5576 kB
Mlocked:            5576 kB
SwapTotal:       3670008 kB
SwapFree:        3670008 kB
Dirty:               200 kB
Writeback:             0 kB
AnonPages:       1049836 kB
Mapped:           781480 kB
Shmem:             22196 kB
KReclaimable:     559064 kB
Slab:             222076 kB
SReclaimable:      68640 kB
SUnreclaim:       153436 kB
KernelStack:       43120 kB
PageTables:        55532 kB
NFS_Unstable:          0 kB
Bounce:                0 kB
WritebackTmp:          0 kB
CommitLimit:     6660208 kB
Committed_AS:   61490192 kB
VmallocTotal:   263061440 kB
VmallocUsed:       83472 kB
VmallocChunk:          0 kB
Percpu:             7648 kB
CmaTotal:         315392 kB
CmaFree:               0 kB
MemTotal:        5980404 kB
MemFree:         1218648 kB
MemAvailable:    2888256 kB
Buffers:            6100 kB
Cached:          1693608 kB
SwapCached:            0 kB
Active:          1275308 kB
Inactive:        1468788 kB
Active(anon):    1050964 kB
Inactive(anon):    20156 kB
Active(file):     224344 kB
Inactive(file):  1448632 kB
Unevictable:        5576 kB
Mlocked:            5576 kB
SwapTotal:       3670008 kB
SwapFree:        3670008 kB
Dirty:               180 kB
Writeback:             0 kB
AnonPages:       1050012 kB
Mapped:           781424 kB
Shmem:             22196 kB
KReclaimable:     559064 kB
Slab:             222132 kB
SReclaimable:      68640 kB
SUnreclaim:       153492 kB
KernelStack:       43136 kB
PageTables:        55600 kB
NFS_Unstable:          0 kB
Bounce:                0 kB
WritebackTmp:          0 kB
CommitLimit:     6660208 kB
Committed_AS:   61490888 kB
VmallocTotal:   263061440 kB
VmallocUsed:       83440 kB
VmallocChunk:          0 kB
Percpu:             7648 kB
CmaTotal:         315392 kB
CmaFree:               0 kB
MemTotal:        5980404 kB
MemFree:         1218344 kB
MemAvailable:    2887956 kB
Buffers:            6100 kB
Cached:          1693612 kB
SwapCached:            0 kB
Active:          1276072 kB
Inactive:        1468792 kB
Active(anon):    1051728 kB
Inactive(anon):    20156 kB
Active(file):     224344 kB
Inactive(file):  1448636 kB
Unevictable:        5576 kB
Mlocked:            5576 kB
SwapTotal:       3670008 kB
SwapFree:        3670008 kB
Dirty:               152 kB
Writeback:            32 kB
AnonPages:       1050716 kB
Mapped:           781588 kB
Shmem:             22196 kB
KReclaimable:     559064 kB
Slab:             222180 kB
SReclaimable:      68640 kB
SUnreclaim:       153540 kB
KernelStack:       43168 kB
PageTables:        55704 kB
NFS_Unstable:          0 kB
Bounce:                0 kB
WritebackTmp:          0 kB
CommitLimit:     6660208 kB
Committed_AS:   61492016 kB
VmallocTotal:   263061440 kB
VmallocUsed:       83456 kB
VmallocChunk:          0 kB
Percpu:             7648 kB
CmaTotal:         315392 kB
CmaFree:               8 kB
MemTotal:        5980404 kB
MemFree:         1217832 kB
MemAvailable:    2887444 kB
Buffers:            6100 kB
Cached:          1693612 kB
SwapCached:            0 kB
Active:          1276316 kB
Inactive:        1468792 kB
Active(anon):    1051972 kB
Inactive(anon):    20156 kB
Active(file):     224344 kB
Inactive(file):  1448636 kB
Unevictable:        5576 kB
Mlocked:            5576 kB
SwapTotal:       3670008 kB
SwapFree:        3670008 kB
Dirty:               184 kB
Writeback:             0 kB
AnonPages:       1051008 kB
Mapped:           781740 kB
Shmem:             22196 kB
KReclaimable:     559064 kB
Slab:             222156 kB
SReclaimable:      68640 kB
SUnreclaim:       153516 kB
KernelStack:       43136 kB
PageTables:        55628 kB
NFS_Unstable:          0 kB
Bounce:                0 kB
WritebackTmp:          0 kB
CommitLimit:     6660208 kB
Committed_AS:   61489756 kB
VmallocTotal:   263061440 kB
VmallocUsed:       83424 kB
VmallocChunk:          0 kB
Percpu:             7648 kB
CmaTotal:         315392 kB
CmaFree:               0 kB
MemTotal:        5980404 kB
MemFree:         1216448 kB
MemAvailable:    2886056 kB
Buffers:            6100 kB
Cached:          1693608 kB
SwapCached:            0 kB
Active:          1276592 kB
Inactive:        1468792 kB
Active(anon):    1052252 kB
Inactive(anon):    20156 kB
Active(file):     224340 kB
Inactive(file):  1448636 kB
Unevictable:        5576 kB
Mlocked:            5576 kB
SwapTotal:       3670008 kB
SwapFree:        3670008 kB
Dirty:               228 kB
Writeback:             0 kB
AnonPages:       1051260 kB
Mapped:           781604 kB
Shmem:             22196 kB
KReclaimable:     559064 kB
Slab:             222136 kB
SReclaimable:      68640 kB
SUnreclaim:       153496 kB
KernelStack:       43120 kB
PageTables:        55784 kB
NFS_Unstable:          0 kB
Bounce:                0 kB
WritebackTmp:          0 kB
CommitLimit:     6660208 kB
Committed_AS:   61487672 kB
VmallocTotal:   263061440 kB
VmallocUsed:       83472 kB
VmallocChunk:          0 kB
Percpu:             7648 kB
CmaTotal:         315392 kB
CmaFree:               0 kB
MemTotal:        5980404 kB
MemFree:         1217064 kB
MemAvailable:    2886676 kB
Buffers:            6100 kB
Cached:          1693612 kB
SwapCached:            0 kB
Active:          1277172 kB
Inactive:        1468792 kB
Active(anon):    1052828 kB
Inactive(anon):    20156 kB
Active(file):     224344 kB
Inactive(file):  1448636 kB
Unevictable:        5576 kB
Mlocked:            5576 kB
SwapTotal:       3670008 kB
SwapFree:        3670008 kB
Dirty:               140 kB
Writeback:             0 kB
AnonPages:       1052076 kB
Mapped:           781588 kB
Shmem:             22196 kB
KReclaimable:     559064 kB
Slab:             222096 kB
SReclaimable:      68640 kB
SUnreclaim:       153456 kB
KernelStack:       43152 kB
PageTables:        55592 kB
NFS_Unstable:          0 kB
Bounce:                0 kB
WritebackTmp:          0 kB
CommitLimit:     6660208 kB
Committed_AS:   61490720 kB
VmallocTotal:   263061440 kB
VmallocUsed:       83440 kB
VmallocChunk:          0 kB
Percpu:             7648 kB
CmaTotal:         315392 kB
CmaFree:               0 kB
MemTotal:        5980404 kB
MemFree:         1217260 kB
MemAvailable:    2886872 kB
Buffers:            6100 kB
Cached:          1693612 kB
SwapCached:            0 kB
Active:          1277324 kB
Inactive:        1468792 kB
Active(anon):    1052980 kB
Inactive(anon):    20156 kB
Active(file):     224344 kB
Inactive(file):  1448636 kB
Unevictable:        5576 kB
Mlocked:            5576 kB
SwapTotal:       3670008 kB
SwapFree:        3670008 kB
Dirty:               140 kB
Writeback:             0 kB
AnonPages:       1052232 kB
Mapped:           781360 kB
Shmem:             22196 kB
KReclaimable:     559064 kB
Slab:             222232 kB
SReclaimable:      68640 kB
SUnreclaim:       153592 kB
KernelStack:       43152 kB
PageTables:        55560 kB
NFS_Unstable:          0 kB
Bounce:                0 kB
WritebackTmp:          0 kB
CommitLimit:     6660208 kB
Committed_AS:   61488756 kB
VmallocTotal:   263061440 kB
VmallocUsed:       83456 kB
VmallocChunk:          0 kB
Percpu:             7648 kB
CmaTotal:         315392 kB
CmaFree:               0 kB
MemTotal:        5980404 kB
MemFree:         1223360 kB
MemAvailable:    2892976 kB
Buffers:            6100 kB
Cached:          1693616 kB
SwapCached:            0 kB
Active:          1268012 kB
Inactive:        1468796 kB
Active(anon):    1043668 kB
Inactive(anon):    20156 kB
Active(file):     224344 kB
Inactive(file):  1448640 kB
Unevictable:        5576 kB
Mlocked:            5576 kB
SwapTotal:       3670008 kB
SwapFree:        3670008 kB
Dirty:               156 kB
Writeback:             0 kB
AnonPages:       1042780 kB
Mapped:           781588 kB
Shmem:             22196 kB
KReclaimable:     559064 kB
Slab:             222160 kB
SReclaimable:      68640 kB
SUnreclaim:       153520 kB
KernelStack:       43148 kB
PageTables:        55664 kB
NFS_Unstable:          0 kB
Bounce:                0 kB
WritebackTmp:          0 kB
CommitLimit:     6660208 kB
Committed_AS:   61490680 kB
VmallocTotal:   263061440 kB
VmallocUsed:       83520 kB
VmallocChunk:          0 kB
Percpu:             7648 kB
CmaTotal:         315392 kB
CmaFree:               0 kB
MemTotal:        5980404 kB
MemFree:         1223728 kB
MemAvailable:    2893344 kB
Buffers:            6100 kB
Cached:          1693616 kB
SwapCached:            0 kB
Active:          1268588 kB
Inactive:        1468796 kB
Active(anon):    1044244 kB
Inactive(anon):    20156 kB
Active(file):     224344 kB
Inactive(file):  1448640 kB
Unevictable:        5576 kB
Mlocked:            5576 kB
SwapTotal:       3670008 kB
SwapFree:        3670008 kB
Dirty:               156 kB
Writeback:             0 kB
AnonPages:       1043164 kB
Mapped:           781588 kB
Shmem:             22196 kB
KReclaimable:     559064 kB
Slab:             222136 kB
SReclaimable:      68640 kB
SUnreclaim:       153496 kB
KernelStack:       43104 kB
PageTables:        55584 kB
NFS_Unstable:          0 kB
Bounce:                0 kB
WritebackTmp:          0 kB
CommitLimit:     6660208 kB
Committed_AS:   61485240 kB
VmallocTotal:   263061440 kB
VmallocUsed:       83456 kB
VmallocChunk:          0 kB
Percpu:             7648 kB
CmaTotal:         315392 kB
CmaFree:               0 kB
MemTotal:        5980404 kB
MemFree:         1223316 kB
MemAvailable:    2892932 kB
Buffers:            6100 kB
Cached:          1693616 kB
SwapCached:            0 kB
Active:          1268972 kB
Inactive:        1468796 kB
Active(anon):    1044628 kB
Inactive(anon):    20156 kB
Active(file):     224344 kB
Inactive(file):  1448640 kB
Unevictable:        5576 kB
Mlocked:            5576 kB
SwapTotal:       3670008 kB
SwapFree:        3670008 kB
Dirty:               156 kB
Writeback:             0 kB
AnonPages:       1043132 kB
Mapped:           781360 kB
Shmem:             22196 kB
KReclaimable:     559064 kB
Slab:             222128 kB
SReclaimable:      68640 kB
SUnreclaim:       153488 kB
KernelStack:       43088 kB
PageTables:        55508 kB
NFS_Unstable:          0 kB
Bounce:                0 kB
WritebackTmp:          0 kB
CommitLimit:     6660208 kB
Committed_AS:   61492300 kB
VmallocTotal:   263061440 kB
VmallocUsed:       83456 kB
VmallocChunk:          0 kB
Percpu:             7648 kB
CmaTotal:         315392 kB
CmaFree:               0 kB
MemTotal:        5980404 kB
MemFree:         1223400 kB
MemAvailable:    2893016 kB
Buffers:            6100 kB
Cached:          1693616 kB
SwapCached:            0 kB
Active:          1269128 kB
Inactive:        1468796 kB
Active(anon):    1044784 kB
Inactive(anon):    20156 kB
Active(file):     224344 kB
Inactive(file):  1448640 kB
Unevictable:        5576 kB
Mlocked:            5576 kB
SwapTotal:       3670008 kB
SwapFree:        3670008 kB
Dirty:               140 kB
Writeback:             0 kB
AnonPages:       1043800 kB
Mapped:           781588 kB
Shmem:             22196 kB
KReclaimable:     559064 kB
Slab:             222136 kB
SReclaimable:      68640 kB
SUnreclaim:       153496 kB
KernelStack:       43120 kB
PageTables:        55512 kB
NFS_Unstable:          0 kB
Bounce:                0 kB
WritebackTmp:          0 kB
CommitLimit:     6660208 kB
Committed_AS:   61495528 kB
VmallocTotal:   263061440 kB
VmallocUsed:       83424 kB
VmallocChunk:          0 kB
Percpu:             7648 kB
CmaTotal:         315392 kB
CmaFree:              88 kB
MemTotal:        5980404 kB
MemFree:         1223540 kB
MemAvailable:    2893164 kB
Buffers:            6100 kB
Cached:          1693628 kB
SwapCached:            0 kB
Active:          1269272 kB
Inactive:        1468804 kB
Active(anon):    1044924 kB
Inactive(anon):    20160 kB
Active(file):     224348 kB
Inactive(file):  1448644 kB
Unevictable:        5576 kB
Mlocked:            5576 kB
SwapTotal:       3670008 kB
SwapFree:        3670008 kB
Dirty:               144 kB
Writeback:             0 kB
AnonPages:       1043936 kB
Mapped:           781492 kB
Shmem:             22200 kB
KReclaimable:     559064 kB
Slab:             222156 kB
SReclaimable:      68640 kB
SUnreclaim:       153516 kB
KernelStack:       43104 kB
PageTables:        55764 kB
NFS_Unstable:          0 kB
Bounce:                0 kB
WritebackTmp:          0 kB
CommitLimit:     6660208 kB
Committed_AS:   61492340 kB
VmallocTotal:   263061440 kB
VmallocUsed:       83456 kB
VmallocChunk:          0 kB
Percpu:             7648 kB
CmaTotal:         315392 kB
CmaFree:               4 kB
MemTotal:        5980404 kB
MemFree:         1222812 kB
MemAvailable:    2892440 kB
Buffers:            6104 kB
Cached:          1693628 kB
SwapCached:            0 kB
Active:          1269748 kB
Inactive:        1468812 kB
Active(anon):    1045404 kB
Inactive(anon):    20160 kB
Active(file):     224344 kB
Inactive(file):  1448652 kB
Unevictable:        5576 kB
Mlocked:            5576 kB
SwapTotal:       3670008 kB
SwapFree:        3670008 kB
Dirty:               136 kB
Writeback:             0 kB
AnonPages:       1044828 kB
Mapped:           781592 kB
Shmem:             22200 kB
KReclaimable:     559064 kB
Slab:             222164 kB
SReclaimable:      68640 kB
SUnreclaim:       153524 kB
KernelStack:       43136 kB
PageTables:        55568 kB
NFS_Unstable:          0 kB
Bounce:                0 kB
WritebackTmp:          0 kB
CommitLimit:     6660208 kB
Committed_AS:   61494308 kB
VmallocTotal:   263061440 kB
VmallocUsed:       83456 kB
VmallocChunk:          0 kB
Percpu:             7648 kB
CmaTotal:         315392 kB
CmaFree:               0 kB
MemTotal:        5980404 kB
MemFree:         1223800 kB
MemAvailable:    2893432 kB
Buffers:            6104 kB
Cached:          1693632 kB
SwapCached:            0 kB
Active:          1269476 kB
Inactive:        1468812 kB
Active(anon):    1045128 kB
Inactive(anon):    20160 kB
Active(file):     224348 kB
Inactive(file):  1448652 kB
Unevictable:        5576 kB
Mlocked:            5576 kB
SwapTotal:       3670008 kB
SwapFree:        3670008 kB
Dirty:               172 kB
Writeback:             0 kB
AnonPages:       1043904 kB
Mapped:           781592 kB
Shmem:             22200 kB
KReclaimable:     559064 kB
Slab:             222140 kB
SReclaimable:      68640 kB
SUnreclaim:       153500 kB
KernelStack:       43136 kB
PageTables:        55644 kB
NFS_Unstable:          0 kB
Bounce:                0 kB
WritebackTmp:          0 kB
CommitLimit:     6660208 kB
Committed_AS:   61491556 kB
VmallocTotal:   263061440 kB
VmallocUsed:       83456 kB
VmallocChunk:          0 kB
Percpu:             7648 kB
CmaTotal:         315392 kB
CmaFree:              68 kB
MemTotal:        5980404 kB
MemFree:         1222688 kB
MemAvailable:    2892320 kB
Buffers:            6104 kB
Cached:          1693632 kB
SwapCached:            0 kB
Active:          1269624 kB
Inactive:        1468812 kB
Active(anon):    1045276 kB
Inactive(anon):    20160 kB
Active(file):     224348 kB
Inactive(file):  1448652 kB
Unevictable:        5576 kB
Mlocked:            5576 kB
SwapTotal:       3670008 kB
SwapFree:        3670008 kB
Dirty:               172 kB
Writeback:             0 kB
AnonPages:       1044296 kB
Mapped:           781592 kB
Shmem:             22200 kB
KReclaimable:     559064 kB
Slab:             222484 kB
SReclaimable:      68640 kB
SUnreclaim:       153844 kB
KernelStack:       43200 kB
PageTables:        55504 kB
NFS_Unstable:          0 kB
Bounce:                0 kB
WritebackTmp:          0 kB
CommitLimit:     6660208 kB
Committed_AS:   61493740 kB
VmallocTotal:   263061440 kB
VmallocUsed:       83504 kB
VmallocChunk:          0 kB
Percpu:             7648 kB
CmaTotal:         315392 kB
CmaFree:               0 kB
MemTotal:        5980404 kB
MemFree:         1223736 kB
MemAvailable:    2893368 kB
Buffers:            6104 kB
Cached:          1693632 kB
SwapCached:            0 kB
Active:          1269688 kB
Inactive:        1468812 kB
Active(anon):    1045340 kB
Inactive(anon):    20160 kB
Active(file):     224348 kB
Inactive(file):  1448652 kB
Unevictable:        5576 kB
Mlocked:            5576 kB
SwapTotal:       3670008 kB
SwapFree:        3670008 kB
Dirty:               156 kB
Writeback:             0 kB
AnonPages:       1044104 kB
Mapped:           781592 kB
Shmem:             22200 kB
KReclaimable:     559064 kB
Slab:             222308 kB
SReclaimable:      68640 kB
SUnreclaim:       153668 kB
KernelStack:       43184 kB
PageTables:        55388 kB
NFS_Unstable:          0 kB
Bounce:                0 kB
WritebackTmp:          0 kB
CommitLimit:     6660208 kB
Committed_AS:   61490864 kB
VmallocTotal:   263061440 kB
VmallocUsed:       83504 kB
VmallocChunk:          0 kB
Percpu:             7648 kB
CmaTotal:         315392 kB
CmaFree:               0 kB
MemTotal:        5980404 kB
MemFree:         1223876 kB
MemAvailable:    2893508 kB
Buffers:            6104 kB
Cached:          1693632 kB
SwapCached:            0 kB
Active:          1270296 kB
Inactive:        1468812 kB
Active(anon):    1045948 kB
Inactive(anon):    20160 kB
Active(file):     224348 kB
Inactive(file):  1448652 kB
Unevictable:        5576 kB
Mlocked:            5576 kB
SwapTotal:       3670008 kB
SwapFree:        3670008 kB
Dirty:               156 kB
Writeback:             0 kB
AnonPages:       1044588 kB
Mapped:           781592 kB
Shmem:             22200 kB
KReclaimable:     559064 kB
Slab:             222268 kB
SReclaimable:      68640 kB
SUnreclaim:       153628 kB
KernelStack:       43184 kB
PageTables:        55516 kB
NFS_Unstable:          0 kB
Bounce:                0 kB
WritebackTmp:          0 kB
CommitLimit:     6660208 kB
Committed_AS:   61493192 kB
VmallocTotal:   263061440 kB
VmallocUsed:       83488 kB
VmallocChunk:          0 kB
Percpu:             7648 kB
CmaTotal:         315392 kB
CmaFree:               0 kB
MemTotal:        5980404 kB
MemFree:         1223000 kB
MemAvailable:    2892632 kB
Buffers:            6104 kB
Cached:          1693632 kB
SwapCached:            0 kB
Active:          1270500 kB
Inactive:        1468812 kB
Active(anon):    1046152 kB
Inactive(anon):    20160 kB
Active(file):     224348 kB
Inactive(file):  1448652 kB
Unevictable:        5576 kB
Mlocked:            5576 kB
SwapTotal:       3670008 kB
SwapFree:        3670008 kB
Dirty:               156 kB
Writeback:             0 kB
AnonPages:       1045092 kB
Mapped:           781376 kB
Shmem:             22200 kB
KReclaimable:     559064 kB
Slab:             222276 kB
SReclaimable:      68640 kB
SUnreclaim:       153636 kB
KernelStack:       43168 kB
PageTables:        55540 kB
NFS_Unstable:          0 kB
Bounce:                0 kB
WritebackTmp:          0 kB
CommitLimit:     6660208 kB
Committed_AS:   61492680 kB
VmallocTotal:   263061440 kB
VmallocUsed:       83488 kB
VmallocChunk:          0 kB
Percpu:             7648 kB
CmaTotal:         315392 kB
CmaFree:               0 kB
MemTotal:        5980404 kB
MemFree:         1222916 kB
MemAvailable:    2892552 kB
Buffers:            6104 kB
Cached:          1693636 kB
SwapCached:            0 kB
Active:          1269936 kB
Inactive:        1468812 kB
Active(anon):    1045584 kB
Inactive(anon):    20160 kB
Active(file):     224352 kB
Inactive(file):  1448652 kB
Unevictable:        5576 kB
Mlocked:            5576 kB
SwapTotal:       3670008 kB
SwapFree:        3670008 kB
Dirty:               164 kB
Writeback:             0 kB
AnonPages:       1045184 kB
Mapped:           781632 kB
Shmem:             22200 kB
KReclaimable:     559064 kB
Slab:             222212 kB
SReclaimable:      68640 kB
SUnreclaim:       153572 kB
KernelStack:       43168 kB
PageTables:        55572 kB
NFS_Unstable:          0 kB
Bounce:                0 kB
WritebackTmp:          0 kB
CommitLimit:     6660208 kB
Committed_AS:   61492052 kB
VmallocTotal:   263061440 kB
VmallocUsed:       83472 kB
VmallocChunk:          0 kB
Percpu:             7648 kB
CmaTotal:         315392 kB
CmaFree:               0 kB
MemTotal:        5980404 kB
MemFree:         1222196 kB
MemAvailable:    2891828 kB
Buffers:            6104 kB
Cached:          1693640 kB
SwapCached:            0 kB
Active:          1270804 kB
Inactive:        1468816 kB
Active(anon):    1046452 kB
Inactive(anon):    20168 kB
Active(file):     224352 kB
Inactive(file):  1448648 kB
Unevictable:        5576 kB
Mlocked:            5576 kB
SwapTotal:       3670008 kB
SwapFree:        3670008 kB
Dirty:               156 kB
Writeback:             0 kB
AnonPages:       1045416 kB
Mapped:           781436 kB
Shmem:             22208 kB
KReclaimable:     559064 kB
Slab:             222212 kB
SReclaimable:      68640 kB
SUnreclaim:       153572 kB
KernelStack:       43168 kB
PageTables:        55464 kB
NFS_Unstable:          0 kB
Bounce:                0 kB
WritebackTmp:          0 kB
CommitLimit:     6660208 kB
Committed_AS:   61489432 kB
VmallocTotal:   263061440 kB
VmallocUsed:       83472 kB
VmallocChunk:          0 kB
Percpu:             7648 kB
CmaTotal:         315392 kB
CmaFree:               0 kB
MemTotal:        5980404 kB
MemFree:         1222300 kB
MemAvailable:    2891932 kB
Buffers:            6104 kB
Cached:          1693644 kB
SwapCached:            0 kB
Active:          1271064 kB
Inactive:        1468820 kB
Active(anon):    1046712 kB
Inactive(anon):    20172 kB
Active(file):     224352 kB
Inactive(file):  1448648 kB
Unevictable:        5576 kB
Mlocked:            5576 kB
SwapTotal:       3670008 kB
SwapFree:        3670008 kB
Dirty:               156 kB
Writeback:             0 kB
AnonPages:       1045664 kB
Mapped:           781604 kB
Shmem:             22212 kB
KReclaimable:     559064 kB
Slab:             222220 kB
SReclaimable:      68640 kB
SUnreclaim:       153580 kB
KernelStack:       43184 kB
PageTables:        55576 kB
NFS_Unstable:          0 kB
Bounce:                0 kB
WritebackTmp:          0 kB
CommitLimit:     6660208 kB
Committed_AS:   61489188 kB
VmallocTotal:   263061440 kB
VmallocUsed:       83488 kB
VmallocChunk:          0 kB
Percpu:             7648 kB
CmaTotal:         315392 kB
CmaFree:               0 kB
MemTotal:        5980404 kB
MemFree:         1221572 kB
MemAvailable:    2891196 kB
Buffers:            6104 kB
Cached:          1693644 kB
SwapCached:            0 kB
Active:          1271668 kB
Inactive:        1468828 kB
Active(anon):    1047324 kB
Inactive(anon):    20180 kB
Active(file):     224344 kB
Inactive(file):  1448648 kB
Unevictable:        5576 kB
Mlocked:            5576 kB
SwapTotal:       3670008 kB
SwapFree:        3670008 kB
Dirty:               192 kB
Writeback:             0 kB
AnonPages:       1046144 kB
Mapped:           781384 kB
Shmem:             22220 kB
KReclaimable:     559064 kB
Slab:             222196 kB
SReclaimable:      68640 kB
SUnreclaim:       153556 kB
KernelStack:       43200 kB
PageTables:        55540 kB
NFS_Unstable:          0 kB
Bounce:                0 kB
WritebackTmp:          0 kB
CommitLimit:     6660208 kB
Committed_AS:   61493328 kB
VmallocTotal:   263061440 kB
VmallocUsed:       83520 kB
VmallocChunk:          0 kB
Percpu:             7648 kB
CmaTotal:         315392 kB
CmaFree:               0 kB
MemTotal:        5980404 kB
MemFree:         1221304 kB
MemAvailable:    2890948 kB
Buffers:            6104 kB
Cached:          1693668 kB
SwapCached:            0 kB
Active:          1272044 kB
Inactive:        1468844 kB
Active(anon):    1047692 kB
Inactive(anon):    20184 kB
Active(file):     224352 kB
Inactive(file):  1448660 kB
Unevictable:        5576 kB
Mlocked:            5576 kB
SwapTotal:       3670008 kB
SwapFree:        3670008 kB
Dirty:               228 kB
Writeback:             0 kB
AnonPages:       1046592 kB
Mapped:           781452 kB
Shmem:             22224 kB
KReclaimable:     559064 kB
Slab:             222244 kB
SReclaimable:      68640 kB
SUnreclaim:       153604 kB
KernelStack:       43216 kB
PageTables:        55568 kB
NFS_Unstable:          0 kB
Bounce:                0 kB
WritebackTmp:          0 kB
CommitLimit:     6660208 kB
Committed_AS:   61495640 kB
VmallocTotal:   263061440 kB
VmallocUsed:       83584 kB
VmallocChunk:          0 kB
Percpu:             7648 kB
CmaTotal:         315392 kB
CmaFree:               0 kB
MemTotal:        5980404 kB
MemFree:         1222396 kB
MemAvailable:    2892040 kB
Buffers:            6104 kB
Cached:          1693668 kB
SwapCached:            0 kB
Active:          1270124 kB
Inactive:        1468844 kB
Active(anon):    1045772 kB
Inactive(anon):    20184 kB
Active(file):     224352 kB
Inactive(file):  1448660 kB
Unevictable:        5576 kB
Mlocked:            5576 kB
SwapTotal:       3670008 kB
SwapFree:        3670008 kB
Dirty:               292 kB
Writeback:             0 kB
AnonPages:       1044752 kB
Mapped:           781616 kB
Shmem:             22224 kB
KReclaimable:     559064 kB
Slab:             222220 kB
SReclaimable:      68640 kB
SUnreclaim:       153580 kB
KernelStack:       43200 kB
PageTables:        55524 kB
NFS_Unstable:          0 kB
Bounce:                0 kB
WritebackTmp:          0 kB
CommitLimit:     6660208 kB
Committed_AS:   61492544 kB
VmallocTotal:   263061440 kB
VmallocUsed:       83552 kB
VmallocChunk:          0 kB
Percpu:             7648 kB
CmaTotal:         315392 kB
CmaFree:             256 kB
MemTotal:        5980404 kB
MemFree:         1222136 kB
MemAvailable:    2891788 kB
Buffers:            6104 kB
Cached:          1693680 kB
SwapCached:            0 kB
Active:          1270828 kB
Inactive:        1468848 kB
Active(anon):    1046472 kB
Inactive(anon):    20184 kB
Active(file):     224356 kB
Inactive(file):  1448664 kB
Unevictable:        5576 kB
Mlocked:            5576 kB
SwapTotal:       3670008 kB
SwapFree:        3670008 kB
Dirty:               312 kB
Writeback:             0 kB
AnonPages:       1045472 kB
Mapped:           781616 kB
Shmem:             22224 kB
KReclaimable:     559064 kB
Slab:             222200 kB
SReclaimable:      68640 kB
SUnreclaim:       153560 kB
KernelStack:       43216 kB
PageTables:        55516 kB
NFS_Unstable:          0 kB
Bounce:                0 kB
WritebackTmp:          0 kB
CommitLimit:     6660208 kB
Committed_AS:   61495964 kB
VmallocTotal:   263061440 kB
VmallocUsed:       83536 kB
VmallocChunk:          0 kB
Percpu:             7648 kB
CmaTotal:         315392 kB
CmaFree:             132 kB
MemTotal:        5980404 kB
MemFree:         1220964 kB
MemAvailable:    2890608 kB
Buffers:            6104 kB
Cached:          1693668 kB
SwapCached:            0 kB
Active:          1271320 kB
Inactive:        1468844 kB
Active(anon):    1046968 kB
Inactive(anon):    20184 kB
Active(file):     224352 kB
Inactive(file):  1448660 kB
Unevictable:        5576 kB
Mlocked:            5576 kB
SwapTotal:       3670008 kB
SwapFree:        3670008 kB
Dirty:               296 kB
Writeback:             0 kB
AnonPages:       1046012 kB
Mapped:           781432 kB
Shmem:             22224 kB
KReclaimable:     559064 kB
Slab:             222216 kB
SReclaimable:      68640 kB
SUnreclaim:       153576 kB
KernelStack:       43168 kB
PageTables:        55316 kB
NFS_Unstable:          0 kB
Bounce:                0 kB
WritebackTmp:          0 kB
CommitLimit:     6660208 kB
Committed_AS:   61494880 kB
VmallocTotal:   263061440 kB
VmallocUsed:       83536 kB
VmallocChunk:          0 kB
Percpu:             7648 kB
CmaTotal:         315392 kB
CmaFree:             128 kB
MemTotal:        5980404 kB
MemFree:         1221144 kB
MemAvailable:    2890780 kB
Buffers:            6104 kB
Cached:          1693660 kB
SwapCached:            0 kB
Active:          1271852 kB
Inactive:        1468840 kB
Active(anon):    1047504 kB
Inactive(anon):    20184 kB
Active(file):     224348 kB
Inactive(file):  1448656 kB
Unevictable:        5576 kB
Mlocked:            5576 kB
SwapTotal:       3670008 kB
SwapFree:        3670008 kB
Dirty:               160 kB
Writeback:             0 kB
AnonPages:       1046148 kB
Mapped:           781616 kB
Shmem:             22224 kB
KReclaimable:     559064 kB
Slab:             222208 kB
SReclaimable:      68640 kB
SUnreclaim:       153568 kB
KernelStack:       43216 kB
PageTables:        55652 kB
NFS_Unstable:          0 kB
Bounce:                0 kB
WritebackTmp:          0 kB
CommitLimit:     6660208 kB
Committed_AS:   61491808 kB
VmallocTotal:   263061440 kB
VmallocUsed:       83536 kB
VmallocChunk:          0 kB
Percpu:             7648 kB
CmaTotal:         315392 kB
CmaFree:               0 kB
MemTotal:        5980404 kB
MemFree:         1220380 kB
MemAvailable:    2890020 kB
Buffers:            6108 kB
Cached:          1693660 kB
SwapCached:            0 kB
Active:          1271880 kB
Inactive:        1468840 kB
Active(anon):    1047528 kB
Inactive(anon):    20184 kB
Active(file):     224352 kB
Inactive(file):  1448656 kB
Unevictable:        5576 kB
Mlocked:            5576 kB
SwapTotal:       3670008 kB
SwapFree:        3670008 kB
Dirty:               152 kB
Writeback:             0 kB
AnonPages:       1046852 kB
Mapped:           781388 kB
Shmem:             22224 kB
KReclaimable:     559064 kB
Slab:             222216 kB
SReclaimable:      68640 kB
SUnreclaim:       153576 kB
KernelStack:       43216 kB
PageTables:        55536 kB
NFS_Unstable:          0 kB
Bounce:                0 kB
WritebackTmp:          0 kB
CommitLimit:     6660208 kB
Committed_AS:   61492128 kB
VmallocTotal:   263061440 kB
VmallocUsed:       83536 kB
VmallocChunk:          0 kB
Percpu:             7648 kB
CmaTotal:         315392 kB
CmaFree:               0 kB
MemTotal:        5980404 kB
MemFree:         1219764 kB
MemAvailable:    2889424 kB
Buffers:            6108 kB
Cached:          1693684 kB
SwapCached:            0 kB
Active:          1273272 kB
Inactive:        1468860 kB
Active(anon):    1048916 kB
Inactive(anon):    20188 kB
Active(file):     224356 kB
Inactive(file):  1448672 kB
Unevictable:        5576 kB
Mlocked:            5576 kB
SwapTotal:       3670008 kB
SwapFree:        3670008 kB
Dirty:               156 kB
Writeback:             0 kB
AnonPages:       1047252 kB
Mapped:           781580 kB
Shmem:             22228 kB
KReclaimable:     559064 kB
Slab:             222232 kB
SReclaimable:      68640 kB
SUnreclaim:       153592 kB
KernelStack:       43248 kB
PageTables:        55696 kB
NFS_Unstable:          0 kB
Bounce:                0 kB
WritebackTmp:          0 kB
CommitLimit:     6660208 kB
Committed_AS:   61492696 kB
VmallocTotal:   263061440 kB
VmallocUsed:       83520 kB
VmallocChunk:          0 kB
Percpu:             7648 kB
CmaTotal:         315392 kB
CmaFree:               0 kB
MemTotal:        5980404 kB
MemFree:         1220508 kB
MemAvailable:    2890168 kB
Buffers:            6108 kB
Cached:          1693684 kB
SwapCached:            0 kB
Active:          1273236 kB
Inactive:        1468860 kB
Active(anon):    1048880 kB
Inactive(anon):    20188 kB
Active(file):     224356 kB
Inactive(file):  1448672 kB
Unevictable:        5576 kB
Mlocked:            5576 kB
SwapTotal:       3670008 kB
SwapFree:        3670008 kB
Dirty:               156 kB
Writeback:             0 kB
AnonPages:       1047692 kB
Mapped:           781456 kB
Shmem:             22228 kB
KReclaimable:     559064 kB
Slab:             222208 kB
SReclaimable:      68640 kB
SUnreclaim:       153568 kB
KernelStack:       43200 kB
PageTables:        55588 kB
NFS_Unstable:          0 kB
Bounce:                0 kB
WritebackTmp:          0 kB
CommitLimit:     6660208 kB
Committed_AS:   61491180 kB
VmallocTotal:   263061440 kB
VmallocUsed:       83488 kB
VmallocChunk:          0 kB
Percpu:             7648 kB
CmaTotal:         315392 kB
CmaFree:               0 kB
MemTotal:        5980404 kB
MemFree:         1219900 kB
MemAvailable:    2889560 kB
Buffers:            6108 kB
Cached:          1693684 kB
SwapCached:            0 kB
Active:          1273476 kB
Inactive:        1468860 kB
Active(anon):    1049120 kB
Inactive(anon):    20188 kB
Active(file):     224356 kB
Inactive(file):  1448672 kB
Unevictable:        5576 kB
Mlocked:            5576 kB
SwapTotal:       3670008 kB
SwapFree:        3670008 kB
Dirty:               156 kB
Writeback:             0 kB
AnonPages:       1047884 kB
Mapped:           781620 kB
Shmem:             22228 kB
KReclaimable:     559064 kB
Slab:             222208 kB
SReclaimable:      68640 kB
SUnreclaim:       153568 kB
KernelStack:       43180 kB
PageTables:        55520 kB
NFS_Unstable:          0 kB
Bounce:                0 kB
WritebackTmp:          0 kB
CommitLimit:     6660208 kB
Committed_AS:   61490848 kB
VmallocTotal:   263061440 kB
VmallocUsed:       83520 kB
VmallocChunk:          0 kB
Percpu:             7648 kB
CmaTotal:         315392 kB
CmaFree:               0 kB
MemTotal:        5980404 kB
MemFree:         1219424 kB
MemAvailable:    2889084 kB
Buffers:            6108 kB
Cached:          1693684 kB
SwapCached:            0 kB
Active:          1273964 kB
Inactive:        1468860 kB
Active(anon):    1049608 kB
Inactive(anon):    20188 kB
Active(file):     224356 kB
Inactive(file):  1448672 kB
Unevictable:        5576 kB
Mlocked:            5576 kB
SwapTotal:       3670008 kB
SwapFree:        3670008 kB
Dirty:               156 kB
Writeback:             0 kB
AnonPages:       1048420 kB
Mapped:           781456 kB
Shmem:             22228 kB
KReclaimable:     559064 kB
Slab:             222168 kB
SReclaimable:      68640 kB
SUnreclaim:       153528 kB
KernelStack:       43168 kB
PageTables:        55540 kB
NFS_Unstable:          0 kB
Bounce:                0 kB
WritebackTmp:          0 kB
CommitLimit:     6660208 kB
Committed_AS:   61493932 kB
VmallocTotal:   263061440 kB
VmallocUsed:       83520 kB
VmallocChunk:          0 kB
Percpu:             7648 kB
CmaTotal:         315392 kB
CmaFree:               0 kB
MemTotal:        5980404 kB
MemFree:         1218844 kB
MemAvailable:    2888496 kB
Buffers:            6108 kB
Cached:          1693684 kB
SwapCached:            0 kB
Active:          1274656 kB
Inactive:        1468864 kB
Active(anon):    1050304 kB
Inactive(anon):    20196 kB
Active(file):     224352 kB
Inactive(file):  1448668 kB
Unevictable:        5576 kB
Mlocked:            5576 kB
SwapTotal:       3670008 kB
SwapFree:        3670008 kB
Dirty:               152 kB
Writeback:             0 kB
AnonPages:       1049212 kB
Mapped:           781528 kB
Shmem:             22236 kB
KReclaimable:     559064 kB
Slab:             222168 kB
SReclaimable:      68640 kB
SUnreclaim:       153528 kB
KernelStack:       43184 kB
PageTables:        55616 kB
NFS_Unstable:          0 kB
Bounce:                0 kB
WritebackTmp:          0 kB
CommitLimit:     6660208 kB
Committed_AS:   61492064 kB
VmallocTotal:   263061440 kB
VmallocUsed:       83568 kB
VmallocChunk:          0 kB
Percpu:             7648 kB
CmaTotal:         315392 kB
CmaFree:              16 kB
MemTotal:        5980404 kB
MemFree:         1217620 kB
MemAvailable:    2887288 kB
Buffers:            6108 kB
Cached:          1693700 kB
SwapCached:            0 kB
Active:          1275280 kB
Inactive:        1468872 kB
Active(anon):    1050920 kB
Inactive(anon):    20196 kB
Active(file):     224360 kB
Inactive(file):  1448676 kB
Unevictable:        5576 kB
Mlocked:            5576 kB
SwapTotal:       3670008 kB
SwapFree:        3670008 kB
Dirty:               176 kB
Writeback:             0 kB
AnonPages:       1049608 kB
Mapped:           781408 kB
Shmem:             22236 kB
KReclaimable:     559064 kB
Slab:             222144 kB
SReclaimable:      68640 kB
SUnreclaim:       153504 kB
KernelStack:       43212 kB
PageTables:        55644 kB
NFS_Unstable:          0 kB
Bounce:                0 kB
WritebackTmp:          0 kB
CommitLimit:     6660208 kB
Committed_AS:   61491952 kB
VmallocTotal:   263061440 kB
VmallocUsed:       83536 kB
VmallocChunk:          0 kB
Percpu:             7648 kB
CmaTotal:         315392 kB
CmaFree:               0 kB
MemTotal:        5980404 kB
MemFree:         1218064 kB
MemAvailable:    2887724 kB
Buffers:            6108 kB
Cached:          1693692 kB
SwapCached:            0 kB
Active:          1275760 kB
Inactive:        1468868 kB
Active(anon):    1051404 kB
Inactive(anon):    20196 kB
Active(file):     224356 kB
Inactive(file):  1448672 kB
Unevictable:        5576 kB
Mlocked:            5576 kB
SwapTotal:       3670008 kB
SwapFree:        3670008 kB
Dirty:               172 kB
Writeback:             0 kB
AnonPages:       1050208 kB
Mapped:           781628 kB
Shmem:             22236 kB
KReclaimable:     559064 kB
Slab:             222176 kB
SReclaimable:      68640 kB
SUnreclaim:       153536 kB
KernelStack:       43184 kB
PageTables:        55652 kB
NFS_Unstable:          0 kB
Bounce:                0 kB
WritebackTmp:          0 kB
CommitLimit:     6660208 kB
Committed_AS:   61491564 kB
VmallocTotal:   263061440 kB
VmallocUsed:       83504 kB
VmallocChunk:          0 kB
Percpu:             7648 kB
CmaTotal:         315392 kB
CmaFree:               0 kB
MemTotal:        5980404 kB
MemFree:         1218408 kB
MemAvailable:    2888068 kB
Buffers:            6108 kB
Cached:          1693692 kB
SwapCached:            0 kB
Active:          1275776 kB
Inactive:        1468868 kB
Active(anon):    1051420 kB
Inactive(anon):    20196 kB
Active(file):     224356 kB
Inactive(file):  1448672 kB
Unevictable:        5576 kB
Mlocked:            5576 kB
SwapTotal:       3670008 kB
SwapFree:        3670008 kB
Dirty:               172 kB
Writeback:             0 kB
AnonPages:       1050372 kB
Mapped:           781628 kB
Shmem:             22236 kB
KReclaimable:     559064 kB
Slab:             222160 kB
SReclaimable:      68640 kB
SUnreclaim:       153520 kB
KernelStack:       43136 kB
PageTables:        55516 kB
NFS_Unstable:          0 kB
Bounce:                0 kB
WritebackTmp:          0 kB
CommitLimit:     6660208 kB
Committed_AS:   61489732 kB
VmallocTotal:   263061440 kB
VmallocUsed:       83488 kB
VmallocChunk:          0 kB
Percpu:             7648 kB
CmaTotal:         315392 kB
CmaFree:               0 kB
MemTotal:        5980404 kB
MemFree:         1217600 kB
MemAvailable:    2887264 kB
Buffers:            6108 kB
Cached:          1693696 kB
SwapCached:            0 kB
Active:          1275976 kB
Inactive:        1468872 kB
Active(anon):    1051620 kB
Inactive(anon):    20196 kB
Active(file):     224356 kB
Inactive(file):  1448676 kB
Unevictable:        5576 kB
Mlocked:            5576 kB
SwapTotal:       3670008 kB
SwapFree:        3670008 kB
Dirty:               184 kB
Writeback:             0 kB
AnonPages:       1050864 kB
Mapped:           781588 kB
Shmem:             22236 kB
KReclaimable:     559064 kB
Slab:             222168 kB
SReclaimable:      68640 kB
SUnreclaim:       153528 kB
KernelStack:       43168 kB
PageTables:        55552 kB
NFS_Unstable:          0 kB
Bounce:                0 kB
WritebackTmp:          0 kB
CommitLimit:     6660208 kB
Committed_AS:   61494704 kB
VmallocTotal:   263061440 kB
VmallocUsed:       83520 kB
VmallocChunk:          0 kB
Percpu:             7648 kB
CmaTotal:         315392 kB
CmaFree:               0 kB
MemTotal:        5980404 kB
MemFree:         1217616 kB
MemAvailable:    2887252 kB
Buffers:            6108 kB
Cached:          1693700 kB
SwapCached:            0 kB
Active:          1276436 kB
Inactive:        1468876 kB
Active(anon):    1052080 kB
Inactive(anon):    20196 kB
Active(file):     224356 kB
Inactive(file):  1448680 kB
Unevictable:        5576 kB
Mlocked:            5576 kB
SwapTotal:       3670008 kB
SwapFree:        3670008 kB
Dirty:               188 kB
Writeback:             0 kB
AnonPages:       1050940 kB
Mapped:           781648 kB
Shmem:             22236 kB
KReclaimable:     559064 kB
Slab:             222176 kB
SReclaimable:      68640 kB
SUnreclaim:       153536 kB
KernelStack:       43120 kB
PageTables:        55420 kB
NFS_Unstable:          0 kB
Bounce:                0 kB
WritebackTmp:          0 kB
CommitLimit:     6660208 kB
Committed_AS:   61492076 kB
VmallocTotal:   263061440 kB
VmallocUsed:       83488 kB
VmallocChunk:          0 kB
Percpu:             7648 kB
CmaTotal:         315392 kB
CmaFree:               0 kB
MemTotal:        5980404 kB
MemFree:         1216828 kB
MemAvailable:    2886496 kB
Buffers:            6108 kB
Cached:          1693700 kB
SwapCached:            0 kB
Active:          1276200 kB
Inactive:        1468876 kB
Active(anon):    1051844 kB
Inactive(anon):    20196 kB
Active(file):     224356 kB
Inactive(file):  1448680 kB
Unevictable:        5576 kB
Mlocked:            5576 kB
SwapTotal:       3670008 kB
SwapFree:        3670008 kB
Dirty:               188 kB
Writeback:             0 kB
AnonPages:       1050764 kB
Mapped:           781628 kB
Shmem:             22236 kB
KReclaimable:     559064 kB
Slab:             222128 kB
SReclaimable:      68640 kB
SUnreclaim:       153488 kB
KernelStack:       43120 kB
PageTables:        55724 kB
NFS_Unstable:          0 kB
Bounce:                0 kB
WritebackTmp:          0 kB
CommitLimit:     6660208 kB
Committed_AS:   61490956 kB
VmallocTotal:   263061440 kB
VmallocUsed:       83472 kB
VmallocChunk:          0 kB
Percpu:             7648 kB
CmaTotal:         315392 kB
CmaFree:               0 kB
MemTotal:        5980404 kB
MemFree:         1216636 kB
MemAvailable:    2886304 kB
Buffers:            6108 kB
Cached:          1693700 kB
SwapCached:            0 kB
Active:          1276844 kB
Inactive:        1468876 kB
Active(anon):    1052488 kB
Inactive(anon):    20196 kB
Active(file):     224356 kB
Inactive(file):  1448680 kB
Unevictable:        5576 kB
Mlocked:            5576 kB
SwapTotal:       3670008 kB
SwapFree:        3670008 kB
Dirty:               188 kB
Writeback:             0 kB
AnonPages:       1051552 kB
Mapped:           781732 kB
Shmem:             22236 kB
KReclaimable:     559064 kB
Slab:             222124 kB
SReclaimable:      68640 kB
SUnreclaim:       153484 kB
KernelStack:       43168 kB
PageTables:        55432 kB
NFS_Unstable:          0 kB
Bounce:                0 kB
WritebackTmp:          0 kB
CommitLimit:     6660208 kB
Committed_AS:   61486892 kB
VmallocTotal:   263061440 kB
VmallocUsed:       83456 kB
VmallocChunk:          0 kB
Percpu:             7648 kB
CmaTotal:         315392 kB
CmaFree:               0 kB
MemTotal:        5980404 kB
MemFree:         1217296 kB
MemAvailable:    2886964 kB
Buffers:            6108 kB
Cached:          1693700 kB
SwapCached:            0 kB
Active:          1277336 kB
Inactive:        1468876 kB
Active(anon):    1052980 kB
Inactive(anon):    20196 kB
Active(file):     224356 kB
Inactive(file):  1448680 kB
Unevictable:        5576 kB
Mlocked:            5576 kB
SwapTotal:       3670008 kB
SwapFree:        3670008 kB
Dirty:               188 kB
Writeback:             0 kB
AnonPages:       1052088 kB
Mapped:           781464 kB
Shmem:             22236 kB
KReclaimable:     559064 kB
Slab:             222172 kB
SReclaimable:      68640 kB
SUnreclaim:       153532 kB
KernelStack:       43152 kB
PageTables:        55536 kB
NFS_Unstable:          0 kB
Bounce:                0 kB
WritebackTmp:          0 kB
CommitLimit:     6660208 kB
Committed_AS:   61494388 kB
VmallocTotal:   263061440 kB
VmallocUsed:       83472 kB
VmallocChunk:          0 kB
Percpu:             7648 kB
CmaTotal:         315392 kB
CmaFree:               0 kB
MemTotal:        5980404 kB
MemFree:         1215656 kB
MemAvailable:    2885324 kB
Buffers:            6108 kB
Cached:          1693700 kB
SwapCached:            0 kB
Active:          1277636 kB
Inactive:        1468876 kB
Active(anon):    1053280 kB
Inactive(anon):    20196 kB
Active(file):     224356 kB
Inactive(file):  1448680 kB
Unevictable:        5576 kB
Mlocked:            5576 kB
SwapTotal:       3670008 kB
SwapFree:        3670008 kB
Dirty:               188 kB
Writeback:             0 kB
AnonPages:       1052336 kB
Mapped:           781628 kB
Shmem:             22236 kB
KReclaimable:     559064 kB
Slab:             222376 kB
SReclaimable:      68640 kB
SUnreclaim:       153736 kB
KernelStack:       43136 kB
PageTables:        55264 kB
NFS_Unstable:          0 kB
Bounce:                0 kB
WritebackTmp:          0 kB
CommitLimit:     6660208 kB
Committed_AS:   61493044 kB
VmallocTotal:   263061440 kB
VmallocUsed:       83488 kB
VmallocChunk:          0 kB
Percpu:             7648 kB
CmaTotal:         315392 kB
CmaFree:               8 kB
MemTotal:        5980404 kB
MemFree:         1215496 kB
MemAvailable:    2885180 kB
Buffers:            6112 kB
Cached:          1693712 kB
SwapCached:            0 kB
Active:          1277548 kB
Inactive:        1468892 kB
Active(anon):    1053192 kB
Inactive(anon):    20196 kB
Active(file):     224356 kB
Inactive(file):  1448696 kB
Unevictable:        5576 kB
Mlocked:            5576 kB
SwapTotal:       3670008 kB
SwapFree:        3670008 kB
Dirty:               172 kB
Writeback:             0 kB
AnonPages:       1052428 kB
Mapped:           781628 kB
Shmem:             22236 kB
KReclaimable:     559064 kB
Slab:             222236 kB
SReclaimable:      68640 kB
SUnreclaim:       153596 kB
KernelStack:       43184 kB
PageTables:        55648 kB
NFS_Unstable:          0 kB
Bounce:                0 kB
WritebackTmp:          0 kB
CommitLimit:     6660208 kB
Committed_AS:   61492604 kB
VmallocTotal:   263061440 kB
VmallocUsed:       83456 kB
VmallocChunk:          0 kB
Percpu:             7648 kB
CmaTotal:         315392 kB
CmaFree:               0 kB
MemTotal:        5980404 kB
MemFree:         1214468 kB
MemAvailable:    2884152 kB
Buffers:            6112 kB
Cached:          1693712 kB
SwapCached:            0 kB
Active:          1279648 kB
Inactive:        1468892 kB
Active(anon):    1055292 kB
Inactive(anon):    20196 kB
Active(file):     224356 kB
Inactive(file):  1448696 kB
Unevictable:        5576 kB
Mlocked:            5576 kB
SwapTotal:       3670008 kB
SwapFree:        3670008 kB
Dirty:               188 kB
Writeback:             0 kB
AnonPages:       1053788 kB
Mapped:           781508 kB
Shmem:             22236 kB
KReclaimable:     559064 kB
Slab:             222236 kB
SReclaimable:      68640 kB
SUnreclaim:       153596 kB
KernelStack:       43136 kB
PageTables:        55408 kB
NFS_Unstable:          0 kB
Bounce:                0 kB
WritebackTmp:          0 kB
CommitLimit:     6660208 kB
Committed_AS:   61490456 kB
VmallocTotal:   263061440 kB
VmallocUsed:       83504 kB
VmallocChunk:          0 kB
Percpu:             7648 kB
CmaTotal:         315392 kB
CmaFree:               0 kB
MemTotal:        5980404 kB
MemFree:         1214688 kB
MemAvailable:    2884372 kB
Buffers:            6112 kB
Cached:          1693732 kB
SwapCached:            0 kB
Active:          1279204 kB
Inactive:        1468912 kB
Active(anon):    1054848 kB
Inactive(anon):    20216 kB
Active(file):     224356 kB
Inactive(file):  1448696 kB
Unevictable:        5576 kB
Mlocked:            5576 kB
SwapTotal:       3670008 kB
SwapFree:        3670008 kB
Dirty:               224 kB
Writeback:             0 kB
AnonPages:       1054044 kB
Mapped:           781732 kB
Shmem:             22256 kB
KReclaimable:     559064 kB
Slab:             222236 kB
SReclaimable:      68640 kB
SUnreclaim:       153596 kB
KernelStack:       43136 kB
PageTables:        55396 kB
NFS_Unstable:          0 kB
Bounce:                0 kB
WritebackTmp:          0 kB
CommitLimit:     6660208 kB
Committed_AS:   61488948 kB
VmallocTotal:   263061440 kB
VmallocUsed:       83472 kB
VmallocChunk:          0 kB
Percpu:             7648 kB
CmaTotal:         315392 kB
CmaFree:               0 kB
MemTotal:        5980404 kB
MemFree:         1213544 kB
MemAvailable:    2883228 kB
Buffers:            6112 kB
Cached:          1693732 kB
SwapCached:            0 kB
Active:          1279760 kB
Inactive:        1468912 kB
Active(anon):    1055404 kB
Inactive(anon):    20216 kB
Active(file):     224356 kB
Inactive(file):  1448696 kB
Unevictable:        5576 kB
Mlocked:            5576 kB
SwapTotal:       3670008 kB
SwapFree:        3670008 kB
Dirty:               224 kB
Writeback:             0 kB
AnonPages:       1054412 kB
Mapped:           781484 kB
Shmem:             22256 kB
KReclaimable:     559064 kB
Slab:             222220 kB
SReclaimable:      68640 kB
SUnreclaim:       153580 kB
KernelStack:       43120 kB
PageTables:        55528 kB
NFS_Unstable:          0 kB
Bounce:                0 kB
WritebackTmp:          0 kB
CommitLimit:     6660208 kB
Committed_AS:   61496188 kB
VmallocTotal:   263061440 kB
VmallocUsed:       83488 kB
VmallocChunk:          0 kB
Percpu:             7648 kB
CmaTotal:         315392 kB
CmaFree:               0 kB
MemTotal:        5980404 kB
MemFree:         1214944 kB
MemAvailable:    2884628 kB
Buffers:            6112 kB
Cached:          1693732 kB
SwapCached:            0 kB
Active:          1280108 kB
Inactive:        1468912 kB
Active(anon):    1055752 kB
Inactive(anon):    20216 kB
Active(file):     224356 kB
Inactive(file):  1448696 kB
Unevictable:        5576 kB
Mlocked:            5576 kB
SwapTotal:       3670008 kB
SwapFree:        3670008 kB
Dirty:               156 kB
Writeback:             0 kB
AnonPages:       1054680 kB
Mapped:           781692 kB
Shmem:             22256 kB
KReclaimable:     559064 kB
Slab:             222260 kB
SReclaimable:      68640 kB
SUnreclaim:       153620 kB
KernelStack:       43184 kB
PageTables:        55692 kB
NFS_Unstable:          0 kB
Bounce:                0 kB
WritebackTmp:          0 kB
CommitLimit:     6660208 kB
Committed_AS:   61491704 kB
VmallocTotal:   263061440 kB
VmallocUsed:       83488 kB
VmallocChunk:          0 kB
Percpu:             7648 kB
CmaTotal:         315392 kB
CmaFree:               0 kB
MemTotal:        5980404 kB
MemFree:         1214036 kB
MemAvailable:    2883712 kB
Buffers:            6112 kB
Cached:          1693724 kB
SwapCached:            0 kB
Active:          1279448 kB
Inactive:        1468908 kB
Active(anon):    1055096 kB
Inactive(anon):    20216 kB
Active(file):     224352 kB
Inactive(file):  1448692 kB
Unevictable:        5576 kB
Mlocked:            5576 kB
SwapTotal:       3670008 kB
SwapFree:        3670008 kB
Dirty:               188 kB
Writeback:             0 kB
AnonPages:       1053856 kB
Mapped:           781592 kB
Shmem:             22256 kB
KReclaimable:     559064 kB
Slab:             222120 kB
SReclaimable:      68640 kB
SUnreclaim:       153480 kB
KernelStack:       43184 kB
PageTables:        55564 kB
NFS_Unstable:          0 kB
Bounce:                0 kB
WritebackTmp:          0 kB
CommitLimit:     6660208 kB
Committed_AS:   61488668 kB
VmallocTotal:   263061440 kB
VmallocUsed:       83472 kB
VmallocChunk:          0 kB
Percpu:             7648 kB
CmaTotal:         315392 kB
CmaFree:               0 kB
MemTotal:        5980404 kB
MemFree:         1213640 kB
MemAvailable:    2883324 kB
Buffers:            6112 kB
Cached:          1693732 kB
SwapCached:            0 kB
Active:          1279784 kB
Inactive:        1468912 kB
Active(anon):    1055428 kB
Inactive(anon):    20216 kB
Active(file):     224356 kB
Inactive(file):  1448696 kB
Unevictable:        5576 kB
Mlocked:            5576 kB
SwapTotal:       3670008 kB
SwapFree:        3670008 kB
Dirty:               224 kB
Writeback:             0 kB
AnonPages:       1054372 kB
Mapped:           781052 kB
Shmem:             22256 kB
KReclaimable:     559064 kB
Slab:             222224 kB
SReclaimable:      68640 kB
SUnreclaim:       153584 kB
KernelStack:       43152 kB
PageTables:        55724 kB
NFS_Unstable:          0 kB
Bounce:                0 kB
WritebackTmp:          0 kB
CommitLimit:     6660208 kB
Committed_AS:   61490504 kB
VmallocTotal:   263061440 kB
VmallocUsed:       83488 kB
VmallocChunk:          0 kB
Percpu:             7648 kB
CmaTotal:         315392 kB
CmaFree:               0 kB
MemTotal:        5980404 kB
MemFree:         1213296 kB
MemAvailable:    2882980 kB
Buffers:            6112 kB
Cached:          1693732 kB
SwapCached:            0 kB
Active:          1280964 kB
Inactive:        1468912 kB
Active(anon):    1056608 kB
Inactive(anon):    20216 kB
Active(file):     224356 kB
Inactive(file):  1448696 kB
Unevictable:        5576 kB
Mlocked:            5576 kB
SwapTotal:       3670008 kB
SwapFree:        3670008 kB
Dirty:               236 kB
Writeback:             0 kB
AnonPages:       1055436 kB
Mapped:           781052 kB
Shmem:             22256 kB
KReclaimable:     559064 kB
Slab:             222240 kB
SReclaimable:      68640 kB
SUnreclaim:       153600 kB
KernelStack:       43184 kB
PageTables:        55596 kB
NFS_Unstable:          0 kB
Bounce:                0 kB
WritebackTmp:          0 kB
CommitLimit:     6660208 kB
Committed_AS:   61492752 kB
VmallocTotal:   263061440 kB
VmallocUsed:       83536 kB
VmallocChunk:          0 kB
Percpu:             7648 kB
CmaTotal:         315392 kB
CmaFree:               0 kB
MemTotal:        5980404 kB
MemFree:         1212948 kB
MemAvailable:    2882624 kB
Buffers:            6112 kB
Cached:          1693732 kB
SwapCached:            0 kB
Active:          1281120 kB
Inactive:        1468916 kB
Active(anon):    1056768 kB
Inactive(anon):    20224 kB
Active(file):     224352 kB
Inactive(file):  1448692 kB
Unevictable:        5576 kB
Mlocked:            5576 kB
SwapTotal:       3670008 kB
SwapFree:        3670008 kB
Dirty:               228 kB
Writeback:             0 kB
AnonPages:       1055788 kB
Mapped:           781060 kB
Shmem:             22264 kB
KReclaimable:     559064 kB
Slab:             222216 kB
SReclaimable:      68640 kB
SUnreclaim:       153576 kB
KernelStack:       43184 kB
PageTables:        55576 kB
NFS_Unstable:          0 kB
Bounce:                0 kB
WritebackTmp:          0 kB
CommitLimit:     6660208 kB
Committed_AS:   61486728 kB
VmallocTotal:   263061440 kB
VmallocUsed:       83456 kB
VmallocChunk:          0 kB
Percpu:             7648 kB
CmaTotal:         315392 kB
CmaFree:               0 kB
MemTotal:        5980404 kB
MemFree:         1211884 kB
MemAvailable:    2881576 kB
Buffers:            6112 kB
Cached:          1693748 kB
SwapCached:            0 kB
Active:          1280564 kB
Inactive:        1468928 kB
Active(anon):    1056208 kB
Inactive(anon):    20224 kB
Active(file):     224356 kB
Inactive(file):  1448704 kB
Unevictable:        5576 kB
Mlocked:            5576 kB
SwapTotal:       3670008 kB
SwapFree:        3670008 kB
Dirty:               280 kB
Writeback:             4 kB
AnonPages:       1055184 kB
Mapped:           780832 kB
Shmem:             22264 kB
KReclaimable:     559064 kB
Slab:             222248 kB
SReclaimable:      68640 kB
SUnreclaim:       153608 kB
KernelStack:       43152 kB
PageTables:        55464 kB
NFS_Unstable:          0 kB
Bounce:                0 kB
WritebackTmp:          0 kB
CommitLimit:     6660208 kB
Committed_AS:   61492252 kB
VmallocTotal:   263061440 kB
VmallocUsed:       83472 kB
VmallocChunk:          0 kB
Percpu:             7648 kB
CmaTotal:         315392 kB
CmaFree:             128 kB
MemTotal:        5980404 kB
MemFree:         1213300 kB
MemAvailable:    2882992 kB
Buffers:            6112 kB
Cached:          1693748 kB
SwapCached:            0 kB
Active:          1280984 kB
Inactive:        1468928 kB
Active(anon):    1056628 kB
Inactive(anon):    20224 kB
Active(file):     224356 kB
Inactive(file):  1448704 kB
Unevictable:        5576 kB
Mlocked:            5576 kB
SwapTotal:       3670008 kB
SwapFree:        3670008 kB
Dirty:               300 kB
Writeback:             0 kB
AnonPages:       1055460 kB
Mapped:           780984 kB
Shmem:             22264 kB
KReclaimable:     559064 kB
Slab:             222248 kB
SReclaimable:      68640 kB
SUnreclaim:       153608 kB
KernelStack:       43168 kB
PageTables:        55472 kB
NFS_Unstable:          0 kB
Bounce:                0 kB
WritebackTmp:          0 kB
CommitLimit:     6660208 kB
Committed_AS:   61492628 kB
VmallocTotal:   263061440 kB
VmallocUsed:       83456 kB
VmallocChunk:          0 kB
Percpu:             7648 kB
CmaTotal:         315392 kB
CmaFree:               0 kB
MemTotal:        5980404 kB
MemFree:         1211448 kB
MemAvailable:    2881140 kB
Buffers:            6112 kB
Cached:          1693748 kB
SwapCached:            0 kB
Active:          1281636 kB
Inactive:        1468928 kB
Active(anon):    1057280 kB
Inactive(anon):    20224 kB
Active(file):     224356 kB
Inactive(file):  1448704 kB
Unevictable:        5576 kB
Mlocked:            5576 kB
SwapTotal:       3670008 kB
SwapFree:        3670008 kB
Dirty:               300 kB
Writeback:             0 kB
AnonPages:       1056008 kB
Mapped:           781060 kB
Shmem:             22264 kB
KReclaimable:     559064 kB
Slab:             222216 kB
SReclaimable:      68640 kB
SUnreclaim:       153576 kB
KernelStack:       43184 kB
PageTables:        55592 kB
NFS_Unstable:          0 kB
Bounce:                0 kB
WritebackTmp:          0 kB
CommitLimit:     6660208 kB
Committed_AS:   61490596 kB
VmallocTotal:   263061440 kB
VmallocUsed:       83456 kB
VmallocChunk:          0 kB
Percpu:             7648 kB
CmaTotal:         315392 kB
CmaFree:               0 kB
MemTotal:        5980404 kB
MemFree:         1211796 kB
MemAvailable:    2881488 kB
Buffers:            6112 kB
Cached:          1693748 kB
SwapCached:            0 kB
Active:          1281920 kB
Inactive:        1468928 kB
Active(anon):    1057564 kB
Inactive(anon):    20224 kB
Active(file):     224356 kB
Inactive(file):  1448704 kB
Unevictable:        5576 kB
Mlocked:            5576 kB
SwapTotal:       3670008 kB
SwapFree:        3670008 kB
Dirty:               316 kB
Writeback:             0 kB
AnonPages:       1056836 kB
Mapped:           781076 kB
Shmem:             22264 kB
KReclaimable:     559064 kB
Slab:             222224 kB
SReclaimable:      68640 kB
SUnreclaim:       153584 kB
KernelStack:       43168 kB
PageTables:        55452 kB
NFS_Unstable:          0 kB
Bounce:                0 kB
WritebackTmp:          0 kB
CommitLimit:     6660208 kB
Committed_AS:   61491844 kB
VmallocTotal:   263061440 kB
VmallocUsed:       83440 kB
VmallocChunk:          0 kB
Percpu:             7648 kB
CmaTotal:         315392 kB
CmaFree:              12 kB
MemTotal:        5980404 kB
MemFree:         1208472 kB
MemAvailable:    2878180 kB
Buffers:            6112 kB
Cached:          1693764 kB
SwapCached:            0 kB
Active:          1285484 kB
Inactive:        1468936 kB
Active(anon):    1061120 kB
Inactive(anon):    20224 kB
Active(file):     224364 kB
Inactive(file):  1448712 kB
Unevictable:        5576 kB
Mlocked:            5576 kB
SwapTotal:       3670008 kB
SwapFree:        3670008 kB
Dirty:               260 kB
Writeback:             0 kB
AnonPages:       1060260 kB
Mapped:           781372 kB
Shmem:             22264 kB
KReclaimable:     559064 kB
Slab:             222176 kB
SReclaimable:      68640 kB
SUnreclaim:       153536 kB
KernelStack:       43216 kB
PageTables:        55556 kB
NFS_Unstable:          0 kB
Bounce:                0 kB
WritebackTmp:          0 kB
CommitLimit:     6660208 kB
Committed_AS:   61493452 kB
VmallocTotal:   263061440 kB
VmallocUsed:       83520 kB
VmallocChunk:          0 kB
Percpu:             7648 kB
CmaTotal:         315392 kB
CmaFree:               4 kB
MemTotal:        5980404 kB
MemFree:         1207912 kB
MemAvailable:    2877604 kB
Buffers:            6112 kB
Cached:          1693756 kB
SwapCached:            0 kB
Active:          1284528 kB
Inactive:        1468936 kB
Active(anon):    1060172 kB
Inactive(anon):    20232 kB
Active(file):     224356 kB
Inactive(file):  1448704 kB
Unevictable:        5576 kB
Mlocked:            5576 kB
SwapTotal:       3670008 kB
SwapFree:        3670008 kB
Dirty:               516 kB
Writeback:             0 kB
AnonPages:       1059056 kB
Mapped:           781228 kB
Shmem:             22272 kB
KReclaimable:     559064 kB
Slab:             222240 kB
SReclaimable:      68640 kB
SUnreclaim:       153600 kB
KernelStack:       43184 kB
PageTables:        55520 kB
NFS_Unstable:          0 kB
Bounce:                0 kB
WritebackTmp:          0 kB
CommitLimit:     6660208 kB
Committed_AS:   61488404 kB
VmallocTotal:   263061440 kB
VmallocUsed:       83536 kB
VmallocChunk:          0 kB
Percpu:             7648 kB
CmaTotal:         315392 kB
CmaFree:               0 kB
MemTotal:        5980404 kB
MemFree:         1208788 kB
MemAvailable:    2878484 kB
Buffers:            6116 kB
Cached:          1693756 kB
SwapCached:            0 kB
Active:          1284904 kB
Inactive:        1468936 kB
Active(anon):    1060544 kB
Inactive(anon):    20232 kB
Active(file):     224360 kB
Inactive(file):  1448704 kB
Unevictable:        5576 kB
Mlocked:            5576 kB
SwapTotal:       3670008 kB
SwapFree:        3670008 kB
Dirty:               576 kB
Writeback:             0 kB
AnonPages:       1059384 kB
Mapped:           781228 kB
Shmem:             22272 kB
KReclaimable:     559064 kB
Slab:             222256 kB
SReclaimable:      68640 kB
SUnreclaim:       153616 kB
KernelStack:       43136 kB
PageTables:        55432 kB
NFS_Unstable:          0 kB
Bounce:                0 kB
WritebackTmp:          0 kB
CommitLimit:     6660208 kB
Committed_AS:   61493764 kB
VmallocTotal:   263061440 kB
VmallocUsed:       83552 kB
VmallocChunk:          0 kB
Percpu:             7648 kB
CmaTotal:         315392 kB
CmaFree:               0 kB
MemTotal:        5980404 kB
MemFree:         1216904 kB
MemAvailable:    2886612 kB
Buffers:            6116 kB
Cached:          1693772 kB
SwapCached:            0 kB
Active:          1275652 kB
Inactive:        1468952 kB
Active(anon):    1051292 kB
Inactive(anon):    20236 kB
Active(file):     224360 kB
Inactive(file):  1448716 kB
Unevictable:        5576 kB
Mlocked:            5576 kB
SwapTotal:       3670008 kB
SwapFree:        3670008 kB
Dirty:               596 kB
Writeback:             0 kB
AnonPages:       1050592 kB
Mapped:           781232 kB
Shmem:             22276 kB
KReclaimable:     559064 kB
Slab:             222184 kB
SReclaimable:      68640 kB
SUnreclaim:       153544 kB
KernelStack:       43200 kB
PageTables:        55520 kB
NFS_Unstable:          0 kB
Bounce:                0 kB
WritebackTmp:          0 kB
CommitLimit:     6660208 kB
Committed_AS:   61490712 kB
VmallocTotal:   263061440 kB
VmallocUsed:       83568 kB
VmallocChunk:          0 kB
Percpu:             7648 kB
CmaTotal:         315392 kB
CmaFree:              68 kB
MemTotal:        5980404 kB
MemFree:         1216864 kB
MemAvailable:    2886564 kB
Buffers:            6116 kB
Cached:          1693772 kB
SwapCached:            0 kB
Active:          1276348 kB
Inactive:        1468956 kB
Active(anon):    1051992 kB
Inactive(anon):    20244 kB
Active(file):     224356 kB
Inactive(file):  1448712 kB
Unevictable:        5576 kB
Mlocked:            5576 kB
SwapTotal:       3670008 kB
SwapFree:        3670008 kB
Dirty:               592 kB
Writeback:             0 kB
AnonPages:       1050780 kB
Mapped:           781256 kB
Shmem:             22284 kB
KReclaimable:     559064 kB
Slab:             222316 kB
SReclaimable:      68640 kB
SUnreclaim:       153676 kB
KernelStack:       43232 kB
PageTables:        55584 kB
NFS_Unstable:          0 kB
Bounce:                0 kB
WritebackTmp:          0 kB
CommitLimit:     6660208 kB
Committed_AS:   61492864 kB
VmallocTotal:   263061440 kB
VmallocUsed:       83536 kB
VmallocChunk:          0 kB
Percpu:             7648 kB
CmaTotal:         315392 kB
CmaFree:               0 kB
MemTotal:        5980404 kB
MemFree:         1216648 kB
MemAvailable:    2886356 kB
Buffers:            6116 kB
Cached:          1693780 kB
SwapCached:            0 kB
Active:          1276764 kB
Inactive:        1468960 kB
Active(anon):    1052404 kB
Inactive(anon):    20244 kB
Active(file):     224360 kB
Inactive(file):  1448716 kB
Unevictable:        5576 kB
Mlocked:            5576 kB
SwapTotal:       3670008 kB
SwapFree:        3670008 kB
Dirty:               596 kB
Writeback:             0 kB
AnonPages:       1051480 kB
Mapped:           781240 kB
Shmem:             22284 kB
KReclaimable:     559064 kB
Slab:             222268 kB
SReclaimable:      68640 kB
SUnreclaim:       153628 kB
KernelStack:       43168 kB
PageTables:        55652 kB
NFS_Unstable:          0 kB
Bounce:                0 kB
WritebackTmp:          0 kB
CommitLimit:     6660208 kB
Committed_AS:   61490372 kB
VmallocTotal:   263061440 kB
VmallocUsed:       83552 kB
VmallocChunk:          0 kB
Percpu:             7648 kB
CmaTotal:         315392 kB
CmaFree:               0 kB
MemTotal:        5980404 kB
MemFree:         1216108 kB
MemAvailable:    2885816 kB
Buffers:            6116 kB
Cached:          1693780 kB
SwapCached:            0 kB
Active:          1277444 kB
Inactive:        1468960 kB
Active(anon):    1053084 kB
Inactive(anon):    20244 kB
Active(file):     224360 kB
Inactive(file):  1448716 kB
Unevictable:        5576 kB
Mlocked:            5576 kB
SwapTotal:       3670008 kB
SwapFree:        3670008 kB
Dirty:               164 kB
Writeback:             0 kB
AnonPages:       1051984 kB
Mapped:           781240 kB
Shmem:             22284 kB
KReclaimable:     559064 kB
Slab:             222304 kB
SReclaimable:      68640 kB
SUnreclaim:       153664 kB
KernelStack:       43184 kB
PageTables:        55728 kB
NFS_Unstable:          0 kB
Bounce:                0 kB
WritebackTmp:          0 kB
CommitLimit:     6660208 kB
Committed_AS:   61491940 kB
VmallocTotal:   263061440 kB
VmallocUsed:       83568 kB
VmallocChunk:          0 kB
Percpu:             7648 kB
CmaTotal:         315392 kB
CmaFree:               0 kB
MemTotal:        5980404 kB
MemFree:         1215328 kB
MemAvailable:    2885036 kB
Buffers:            6116 kB
Cached:          1693780 kB
SwapCached:            0 kB
Active:          1277268 kB
Inactive:        1468960 kB
Active(anon):    1052908 kB
Inactive(anon):    20244 kB
Active(file):     224360 kB
Inactive(file):  1448716 kB
Unevictable:        5576 kB
Mlocked:            5576 kB
SwapTotal:       3670008 kB
SwapFree:        3670008 kB
Dirty:               160 kB
Writeback:             0 kB
AnonPages:       1051800 kB
Mapped:           781240 kB
Shmem:             22284 kB
KReclaimable:     559064 kB
Slab:             222208 kB
SReclaimable:      68640 kB
SUnreclaim:       153568 kB
KernelStack:       43184 kB
PageTables:        55508 kB
NFS_Unstable:          0 kB
Bounce:                0 kB
WritebackTmp:          0 kB
CommitLimit:     6660208 kB
Committed_AS:   61491856 kB
VmallocTotal:   263061440 kB
VmallocUsed:       83536 kB
VmallocChunk:          0 kB
Percpu:             7648 kB
CmaTotal:         315392 kB
CmaFree:             176 kB
MemTotal:        5980404 kB
MemFree:         1217040 kB
MemAvailable:    2886748 kB
Buffers:            6116 kB
Cached:          1693780 kB
SwapCached:            0 kB
Active:          1276100 kB
Inactive:        1468960 kB
Active(anon):    1051740 kB
Inactive(anon):    20244 kB
Active(file):     224360 kB
Inactive(file):  1448716 kB
Unevictable:        5576 kB
Mlocked:            5576 kB
SwapTotal:       3670008 kB
SwapFree:        3670008 kB
Dirty:               160 kB
Writeback:             0 kB
AnonPages:       1050840 kB
Mapped:           781240 kB
Shmem:             22284 kB
KReclaimable:     559064 kB
Slab:             222264 kB
SReclaimable:      68640 kB
SUnreclaim:       153624 kB
KernelStack:       43184 kB
PageTables:        55572 kB
NFS_Unstable:          0 kB
Bounce:                0 kB
WritebackTmp:          0 kB
CommitLimit:     6660208 kB
Committed_AS:   61494420 kB
VmallocTotal:   263061440 kB
VmallocUsed:       83504 kB
VmallocChunk:          0 kB
Percpu:             7648 kB
CmaTotal:         315392 kB
CmaFree:               0 kB
MemTotal:        5980404 kB
MemFree:         1215488 kB
MemAvailable:    2885196 kB
Buffers:            6116 kB
Cached:          1693780 kB
SwapCached:            0 kB
Active:          1276880 kB
Inactive:        1468960 kB
Active(anon):    1052520 kB
Inactive(anon):    20244 kB
Active(file):     224360 kB
Inactive(file):  1448716 kB
Unevictable:        5576 kB
Mlocked:            5576 kB
SwapTotal:       3670008 kB
SwapFree:        3670008 kB
Dirty:               244 kB
Writeback:             0 kB
AnonPages:       1051488 kB
Mapped:           781240 kB
Shmem:             22284 kB
KReclaimable:     559064 kB
Slab:             222256 kB
SReclaimable:      68640 kB
SUnreclaim:       153616 kB
KernelStack:       43216 kB
PageTables:        55412 kB
NFS_Unstable:          0 kB
Bounce:                0 kB
WritebackTmp:          0 kB
CommitLimit:     6660208 kB
Committed_AS:   61488592 kB
VmallocTotal:   263061440 kB
VmallocUsed:       83488 kB
VmallocChunk:          0 kB
Percpu:             7648 kB
CmaTotal:         315392 kB
CmaFree:              20 kB
MemTotal:        5980404 kB
MemFree:         1215560 kB
MemAvailable:    2885268 kB
Buffers:            6116 kB
Cached:          1693784 kB
SwapCached:            0 kB
Active:          1277112 kB
Inactive:        1468964 kB
Active(anon):    1052752 kB
Inactive(anon):    20248 kB
Active(file):     224360 kB
Inactive(file):  1448716 kB
Unevictable:        5576 kB
Mlocked:            5576 kB
SwapTotal:       3670008 kB
SwapFree:        3670008 kB
Dirty:               368 kB
Writeback:             0 kB
AnonPages:       1051616 kB
Mapped:           781016 kB
Shmem:             22288 kB
KReclaimable:     559064 kB
Slab:             222264 kB
SReclaimable:      68640 kB
SUnreclaim:       153624 kB
KernelStack:       43152 kB
PageTables:        55524 kB
NFS_Unstable:          0 kB
Bounce:                0 kB
WritebackTmp:          0 kB
CommitLimit:     6660208 kB
Committed_AS:   61489944 kB
VmallocTotal:   263061440 kB
VmallocUsed:       83504 kB
VmallocChunk:          0 kB
Percpu:             7648 kB
CmaTotal:         315392 kB
CmaFree:               0 kB
MemTotal:        5980404 kB
MemFree:         1215584 kB
MemAvailable:    2885292 kB
Buffers:            6116 kB
Cached:          1693784 kB
SwapCached:            0 kB
Active:          1277420 kB
Inactive:        1468964 kB
Active(anon):    1053060 kB
Inactive(anon):    20248 kB
Active(file):     224360 kB
Inactive(file):  1448716 kB
Unevictable:        5576 kB
Mlocked:            5576 kB
SwapTotal:       3670008 kB
SwapFree:        3670008 kB
Dirty:               368 kB
Writeback:             0 kB
AnonPages:       1052104 kB
Mapped:           781016 kB
Shmem:             22288 kB
KReclaimable:     559064 kB
Slab:             222292 kB
SReclaimable:      68640 kB
SUnreclaim:       153652 kB
KernelStack:       43168 kB
PageTables:        55192 kB
NFS_Unstable:          0 kB
Bounce:                0 kB
WritebackTmp:          0 kB
CommitLimit:     6660208 kB
Committed_AS:   61489940 kB
VmallocTotal:   263061440 kB
VmallocUsed:       83520 kB
VmallocChunk:          0 kB
Percpu:             7648 kB
CmaTotal:         315392 kB
CmaFree:             148 kB
MemTotal:        5980404 kB
MemFree:         1215460 kB
MemAvailable:    2885176 kB
Buffers:            6116 kB
Cached:          1693792 kB
SwapCached:            0 kB
Active:          1277828 kB
Inactive:        1468972 kB
Active(anon):    1053468 kB
Inactive(anon):    20248 kB
Active(file):     224360 kB
Inactive(file):  1448724 kB
Unevictable:        5576 kB
Mlocked:            5576 kB
SwapTotal:       3670008 kB
SwapFree:        3670008 kB
Dirty:               388 kB
Writeback:             0 kB
AnonPages:       1052088 kB
Mapped:           781244 kB
Shmem:             22288 kB
KReclaimable:     559064 kB
Slab:             222296 kB
SReclaimable:      68640 kB
SUnreclaim:       153656 kB
KernelStack:       43168 kB
PageTables:        55524 kB
NFS_Unstable:          0 kB
Bounce:                0 kB
WritebackTmp:          0 kB
CommitLimit:     6660208 kB
Committed_AS:   61492704 kB
VmallocTotal:   263061440 kB
VmallocUsed:       83520 kB
VmallocChunk:          0 kB
Percpu:             7648 kB
CmaTotal:         315392 kB
CmaFree:               0 kB
MemTotal:        5980404 kB
MemFree:         1215912 kB
MemAvailable:    2885628 kB
Buffers:            6116 kB
Cached:          1693792 kB
SwapCached:            0 kB
Active:          1276664 kB
Inactive:        1468972 kB
Active(anon):    1052304 kB
Inactive(anon):    20248 kB
Active(file):     224360 kB
Inactive(file):  1448724 kB
Unevictable:        5576 kB
Mlocked:            5576 kB
SwapTotal:       3670008 kB
SwapFree:        3670008 kB
Dirty:               388 kB
Writeback:             0 kB
AnonPages:       1051356 kB
Mapped:           781244 kB
Shmem:             22288 kB
KReclaimable:     559064 kB
Slab:             222240 kB
SReclaimable:      68640 kB
SUnreclaim:       153600 kB
KernelStack:       43168 kB
PageTables:        55512 kB
NFS_Unstable:          0 kB
Bounce:                0 kB
WritebackTmp:          0 kB
CommitLimit:     6660208 kB
Committed_AS:   61491404 kB
VmallocTotal:   263061440 kB
VmallocUsed:       83488 kB
VmallocChunk:          0 kB
Percpu:             7648 kB
CmaTotal:         315392 kB
CmaFree:               0 kB
MemTotal:        5980404 kB
MemFree:         1216244 kB
MemAvailable:    2885960 kB
Buffers:            6116 kB
Cached:          1693792 kB
SwapCached:            0 kB
Active:          1276548 kB
Inactive:        1468972 kB
Active(anon):    1052188 kB
Inactive(anon):    20248 kB
Active(file):     224360 kB
Inactive(file):  1448724 kB
Unevictable:        5576 kB
Mlocked:            5576 kB
SwapTotal:       3670008 kB
SwapFree:        3670008 kB
Dirty:               388 kB
Writeback:             0 kB
AnonPages:       1051240 kB
Mapped:           781260 kB
Shmem:             22288 kB
KReclaimable:     559064 kB
Slab:             222288 kB
SReclaimable:      68640 kB
SUnreclaim:       153648 kB
KernelStack:       43152 kB
PageTables:        55436 kB
NFS_Unstable:          0 kB
Bounce:                0 kB
WritebackTmp:          0 kB
CommitLimit:     6660208 kB
Committed_AS:   61492612 kB
VmallocTotal:   263061440 kB
VmallocUsed:       83488 kB
VmallocChunk:          0 kB
Percpu:             7648 kB
CmaTotal:         315392 kB
CmaFree:               0 kB
MemTotal:        5980404 kB
MemFree:         1216520 kB
MemAvailable:    2886236 kB
Buffers:            6116 kB
Cached:          1693792 kB
SwapCached:            0 kB
Active:          1276984 kB
Inactive:        1468972 kB
Active(anon):    1052624 kB
Inactive(anon):    20248 kB
Active(file):     224360 kB
Inactive(file):  1448724 kB
Unevictable:        5576 kB
Mlocked:            5576 kB
SwapTotal:       3670008 kB
SwapFree:        3670008 kB
Dirty:               388 kB
Writeback:             0 kB
AnonPages:       1051664 kB
Mapped:           781204 kB
Shmem:             22288 kB
KReclaimable:     559064 kB
Slab:             222284 kB
SReclaimable:      68640 kB
SUnreclaim:       153644 kB
KernelStack:       43184 kB
PageTables:        55560 kB
NFS_Unstable:          0 kB
Bounce:                0 kB
WritebackTmp:          0 kB
CommitLimit:     6660208 kB
Committed_AS:   61491352 kB
VmallocTotal:   263061440 kB
VmallocUsed:       83520 kB
VmallocChunk:          0 kB
Percpu:             7648 kB
CmaTotal:         315392 kB
CmaFree:               0 kB
MemTotal:        5980404 kB
MemFree:         1215912 kB
MemAvailable:    2885620 kB
Buffers:            6116 kB
Cached:          1693784 kB
SwapCached:            0 kB
Active:          1277492 kB
Inactive:        1468968 kB
Active(anon):    1053136 kB
Inactive(anon):    20248 kB
Active(file):     224356 kB
Inactive(file):  1448720 kB
Unevictable:        5576 kB
Mlocked:            5576 kB
SwapTotal:       3670008 kB
SwapFree:        3670008 kB
Dirty:               384 kB
Writeback:             0 kB
AnonPages:       1052224 kB
Mapped:           781144 kB
Shmem:             22288 kB
KReclaimable:     559064 kB
Slab:             222340 kB
SReclaimable:      68640 kB
SUnreclaim:       153700 kB
KernelStack:       43152 kB
PageTables:        55760 kB
NFS_Unstable:          0 kB
Bounce:                0 kB
WritebackTmp:          0 kB
CommitLimit:     6660208 kB
Committed_AS:   61489712 kB
VmallocTotal:   263061440 kB
VmallocUsed:       83472 kB
VmallocChunk:          0 kB
Percpu:             7648 kB
CmaTotal:         315392 kB
CmaFree:               0 kB
MemTotal:        5980404 kB
MemFree:         1215456 kB
MemAvailable:    2885192 kB
Buffers:            6120 kB
Cached:          1693808 kB
SwapCached:            0 kB
Active:          1277900 kB
Inactive:        1468988 kB
Active(anon):    1053536 kB
Inactive(anon):    20248 kB
Active(file):     224364 kB
Inactive(file):  1448740 kB
Unevictable:        5576 kB
Mlocked:            5576 kB
SwapTotal:       3670008 kB
SwapFree:        3670008 kB
Dirty:               372 kB
Writeback:             0 kB
AnonPages:       1052432 kB
Mapped:           781244 kB
Shmem:             22288 kB
KReclaimable:     559064 kB
Slab:             222236 kB
SReclaimable:      68640 kB
SUnreclaim:       153596 kB
KernelStack:       43168 kB
PageTables:        55512 kB
NFS_Unstable:          0 kB
Bounce:                0 kB
WritebackTmp:          0 kB
CommitLimit:     6660208 kB
Committed_AS:   61491028 kB
VmallocTotal:   263061440 kB
VmallocUsed:       83472 kB
VmallocChunk:          0 kB
Percpu:             7648 kB
CmaTotal:         315392 kB
CmaFree:               0 kB
MemTotal:        5980404 kB
MemFree:         1214716 kB
MemAvailable:    2884444 kB
Buffers:            6120 kB
Cached:          1693800 kB
SwapCached:            0 kB
Active:          1277268 kB
Inactive:        1468984 kB
Active(anon):    1052908 kB
Inactive(anon):    20248 kB
Active(file):     224360 kB
Inactive(file):  1448736 kB
Unevictable:        5576 kB
Mlocked:            5576 kB
SwapTotal:       3670008 kB
SwapFree:        3670008 kB
Dirty:               364 kB
Writeback:             0 kB
AnonPages:       1051680 kB
Mapped:           781204 kB
Shmem:             22288 kB
KReclaimable:     559064 kB
Slab:             222312 kB
SReclaimable:      68640 kB
SUnreclaim:       153672 kB
KernelStack:       43168 kB
PageTables:        55640 kB
NFS_Unstable:          0 kB
Bounce:                0 kB
WritebackTmp:          0 kB
CommitLimit:     6660208 kB
Committed_AS:   61491168 kB
VmallocTotal:   263061440 kB
VmallocUsed:       83488 kB
VmallocChunk:          0 kB
Percpu:             7648 kB
CmaTotal:         315392 kB
CmaFree:              64 kB
MemTotal:        5980404 kB
MemFree:         1214836 kB
MemAvailable:    2884556 kB
Buffers:            6120 kB
Cached:          1693792 kB
SwapCached:            0 kB
Active:          1277380 kB
Inactive:        1468980 kB
Active(anon):    1053024 kB
Inactive(anon):    20248 kB
Active(file):     224356 kB
Inactive(file):  1448732 kB
Unevictable:        5576 kB
Mlocked:            5576 kB
SwapTotal:       3670008 kB
SwapFree:        3670008 kB
Dirty:               364 kB
Writeback:             0 kB
AnonPages:       1051960 kB
Mapped:           781244 kB
Shmem:             22288 kB
KReclaimable:     559064 kB
Slab:             222328 kB
SReclaimable:      68640 kB
SUnreclaim:       153688 kB
KernelStack:       43152 kB
PageTables:        55520 kB
NFS_Unstable:          0 kB
Bounce:                0 kB
WritebackTmp:          0 kB
CommitLimit:     6660208 kB
Committed_AS:   61490244 kB
VmallocTotal:   263061440 kB
VmallocUsed:       83488 kB
VmallocChunk:          0 kB
Percpu:             7648 kB
CmaTotal:         315392 kB
CmaFree:               0 kB
MemTotal:        5980404 kB
MemFree:         1214896 kB
MemAvailable:    2884632 kB
Buffers:            6120 kB
Cached:          1693808 kB
SwapCached:            0 kB
Active:          1278016 kB
Inactive:        1468988 kB
Active(anon):    1053652 kB
Inactive(anon):    20248 kB
Active(file):     224364 kB
Inactive(file):  1448740 kB
Unevictable:        5576 kB
Mlocked:            5576 kB
SwapTotal:       3670008 kB
SwapFree:        3670008 kB
Dirty:               372 kB
Writeback:             0 kB
AnonPages:       1052380 kB
Mapped:           781224 kB
Shmem:             22288 kB
KReclaimable:     559064 kB
Slab:             222240 kB
SReclaimable:      68640 kB
SUnreclaim:       153600 kB
KernelStack:       43184 kB
PageTables:        55576 kB
NFS_Unstable:          0 kB
Bounce:                0 kB
WritebackTmp:          0 kB
CommitLimit:     6660208 kB
Committed_AS:   61491388 kB
VmallocTotal:   263061440 kB
VmallocUsed:       83488 kB
VmallocChunk:          0 kB
Percpu:             7648 kB
CmaTotal:         315392 kB
CmaFree:               0 kB
MemTotal:        5980404 kB
MemFree:         1214460 kB
MemAvailable:    2884196 kB
Buffers:            6120 kB
Cached:          1693808 kB
SwapCached:            0 kB
Active:          1278024 kB
Inactive:        1468988 kB
Active(anon):    1053660 kB
Inactive(anon):    20248 kB
Active(file):     224364 kB
Inactive(file):  1448740 kB
Unevictable:        5576 kB
Mlocked:            5576 kB
SwapTotal:       3670008 kB
SwapFree:        3670008 kB
Dirty:               176 kB
Writeback:             0 kB
AnonPages:       1052520 kB
Mapped:           781244 kB
Shmem:             22288 kB
KReclaimable:     559064 kB
Slab:             222224 kB
SReclaimable:      68640 kB
SUnreclaim:       153584 kB
KernelStack:       43136 kB
PageTables:        55732 kB
NFS_Unstable:          0 kB
Bounce:                0 kB
WritebackTmp:          0 kB
CommitLimit:     6660208 kB
Committed_AS:   61492268 kB
VmallocTotal:   263061440 kB
VmallocUsed:       83488 kB
VmallocChunk:          0 kB
Percpu:             7648 kB
CmaTotal:         315392 kB
CmaFree:               0 kB
MemTotal:        5980404 kB
MemFree:         1213232 kB
MemAvailable:    2882976 kB
Buffers:            6120 kB
Cached:          1693816 kB
SwapCached:            0 kB
Active:          1278700 kB
Inactive:        1468992 kB
Active(anon):    1054332 kB
Inactive(anon):    20248 kB
Active(file):     224368 kB
Inactive(file):  1448744 kB
Unevictable:        5576 kB
Mlocked:            5576 kB
SwapTotal:       3670008 kB
SwapFree:        3670008 kB
Dirty:               188 kB
Writeback:             0 kB
AnonPages:       1053028 kB
Mapped:           781016 kB
Shmem:             22288 kB
KReclaimable:     559064 kB
Slab:             222216 kB
SReclaimable:      68640 kB
SUnreclaim:       153576 kB
KernelStack:       43136 kB
PageTables:        55656 kB
NFS_Unstable:          0 kB
Bounce:                0 kB
WritebackTmp:          0 kB
CommitLimit:     6660208 kB
Committed_AS:   61494072 kB
VmallocTotal:   263061440 kB
VmallocUsed:       83520 kB
VmallocChunk:          0 kB
Percpu:             7648 kB
CmaTotal:         315392 kB
CmaFree:               0 kB
MemTotal:        5980404 kB
MemFree:         1214172 kB
MemAvailable:    2883916 kB
Buffers:            6120 kB
Cached:          1693816 kB
SwapCached:            0 kB
Active:          1277808 kB
Inactive:        1468992 kB
Active(anon):    1053440 kB
Inactive(anon):    20248 kB
Active(file):     224368 kB
Inactive(file):  1448744 kB
Unevictable:        5576 kB
Mlocked:            5576 kB
SwapTotal:       3670008 kB
SwapFree:        3670008 kB
Dirty:               188 kB
Writeback:             0 kB
AnonPages:       1052412 kB
Mapped:           781180 kB
Shmem:             22288 kB
KReclaimable:     559064 kB
Slab:             222244 kB
SReclaimable:      68640 kB
SUnreclaim:       153604 kB
KernelStack:       43152 kB
PageTables:        55624 kB
NFS_Unstable:          0 kB
Bounce:                0 kB
WritebackTmp:          0 kB
CommitLimit:     6660208 kB
Committed_AS:   61490008 kB
VmallocTotal:   263061440 kB
VmallocUsed:       83472 kB
VmallocChunk:          0 kB
Percpu:             7648 kB
CmaTotal:         315392 kB
CmaFree:               4 kB
MemTotal:        5980404 kB
MemFree:         1214208 kB
MemAvailable:    2883944 kB
Buffers:            6120 kB
Cached:          1693808 kB
SwapCached:            0 kB
Active:          1278456 kB
Inactive:        1468988 kB
Active(anon):    1054092 kB
Inactive(anon):    20248 kB
Active(file):     224364 kB
Inactive(file):  1448740 kB
Unevictable:        5576 kB
Mlocked:            5576 kB
SwapTotal:       3670008 kB
SwapFree:        3670008 kB
Dirty:               180 kB
Writeback:             0 kB
AnonPages:       1053008 kB
Mapped:           780976 kB
Shmem:             22288 kB
KReclaimable:     559064 kB
Slab:             222228 kB
SReclaimable:      68640 kB
SUnreclaim:       153588 kB
KernelStack:       43184 kB
PageTables:        55356 kB
NFS_Unstable:          0 kB
Bounce:                0 kB
WritebackTmp:          0 kB
CommitLimit:     6660208 kB
Committed_AS:   61490472 kB
VmallocTotal:   263061440 kB
VmallocUsed:       83456 kB
VmallocChunk:          0 kB
Percpu:             7648 kB
CmaTotal:         315392 kB
CmaFree:              28 kB
MemTotal:        5980404 kB
MemFree:         1213108 kB
MemAvailable:    2882844 kB
Buffers:            6120 kB
Cached:          1693808 kB
SwapCached:            0 kB
Active:          1278528 kB
Inactive:        1468988 kB
Active(anon):    1054164 kB
Inactive(anon):    20248 kB
Active(file):     224364 kB
Inactive(file):  1448740 kB
Unevictable:        5576 kB
Mlocked:            5576 kB
SwapTotal:       3670008 kB
SwapFree:        3670008 kB
Dirty:               180 kB
Writeback:             0 kB
AnonPages:       1053160 kB
Mapped:           781244 kB
Shmem:             22288 kB
KReclaimable:     559064 kB
Slab:             222220 kB
SReclaimable:      68640 kB
SUnreclaim:       153580 kB
KernelStack:       43152 kB
PageTables:        55872 kB
NFS_Unstable:          0 kB
Bounce:                0 kB
WritebackTmp:          0 kB
CommitLimit:     6660208 kB
Committed_AS:   61492940 kB
VmallocTotal:   263061440 kB
VmallocUsed:       83488 kB
VmallocChunk:          0 kB
Percpu:             7648 kB
CmaTotal:         315392 kB
CmaFree:               0 kB
MemTotal:        5980404 kB
MemFree:         1214404 kB
MemAvailable:    2884140 kB
Buffers:            6120 kB
Cached:          1693808 kB
SwapCached:            0 kB
Active:          1278980 kB
Inactive:        1468988 kB
Active(anon):    1054616 kB
Inactive(anon):    20248 kB
Active(file):     224364 kB
Inactive(file):  1448740 kB
Unevictable:        5576 kB
Mlocked:            5576 kB
SwapTotal:       3670008 kB
SwapFree:        3670008 kB
Dirty:               180 kB
Writeback:             0 kB
AnonPages:       1053688 kB
Mapped:           781180 kB
Shmem:             22288 kB
KReclaimable:     559064 kB
Slab:             222268 kB
SReclaimable:      68640 kB
SUnreclaim:       153628 kB
KernelStack:       43168 kB
PageTables:        55620 kB
NFS_Unstable:          0 kB
Bounce:                0 kB
WritebackTmp:          0 kB
CommitLimit:     6660208 kB
Committed_AS:   61490736 kB
VmallocTotal:   263061440 kB
VmallocUsed:       83504 kB
VmallocChunk:          0 kB
Percpu:             7648 kB
CmaTotal:         315392 kB
CmaFree:               0 kB
MemTotal:        5980404 kB
MemFree:         1212932 kB
MemAvailable:    2882676 kB
Buffers:            6120 kB
Cached:          1693816 kB
SwapCached:            0 kB
Active:          1279340 kB
Inactive:        1468996 kB
Active(anon):    1054976 kB
Inactive(anon):    20248 kB
Active(file):     224364 kB
Inactive(file):  1448748 kB
Unevictable:        5576 kB
Mlocked:            5576 kB
SwapTotal:       3670008 kB
SwapFree:        3670008 kB
Dirty:               220 kB
Writeback:             0 kB
AnonPages:       1054364 kB
Mapped:           781244 kB
Shmem:             22288 kB
KReclaimable:     559064 kB
Slab:             222188 kB
SReclaimable:      68640 kB
SUnreclaim:       153548 kB
KernelStack:       43152 kB
PageTables:        55524 kB
NFS_Unstable:          0 kB
Bounce:                0 kB
WritebackTmp:          0 kB
CommitLimit:     6660208 kB
Committed_AS:   61489740 kB
VmallocTotal:   263061440 kB
VmallocUsed:       83504 kB
VmallocChunk:          0 kB
Percpu:             7648 kB
CmaTotal:         315392 kB
CmaFree:               0 kB
MemTotal:        5980404 kB
MemFree:         1212252 kB
MemAvailable:    2881996 kB
Buffers:            6120 kB
Cached:          1693816 kB
SwapCached:            0 kB
Active:          1280424 kB
Inactive:        1468996 kB
Active(anon):    1056060 kB
Inactive(anon):    20248 kB
Active(file):     224364 kB
Inactive(file):  1448748 kB
Unevictable:        5576 kB
Mlocked:            5576 kB
SwapTotal:       3670008 kB
SwapFree:        3670008 kB
Dirty:               220 kB
Writeback:             0 kB
AnonPages:       1054768 kB
Mapped:           781244 kB
Shmem:             22288 kB
KReclaimable:     559064 kB
Slab:             222284 kB
SReclaimable:      68640 kB
SUnreclaim:       153644 kB
KernelStack:       43184 kB
PageTables:        55812 kB
NFS_Unstable:          0 kB
Bounce:                0 kB
WritebackTmp:          0 kB
CommitLimit:     6660208 kB
Committed_AS:   61494464 kB
VmallocTotal:   263061440 kB
VmallocUsed:       83536 kB
VmallocChunk:          0 kB
Percpu:             7648 kB
CmaTotal:         315392 kB
CmaFree:               0 kB
MemTotal:        5980404 kB
MemFree:         1214736 kB
MemAvailable:    2884472 kB
Buffers:            6120 kB
Cached:          1693808 kB
SwapCached:            0 kB
Active:          1276820 kB
Inactive:        1468992 kB
Active(anon):    1052460 kB
Inactive(anon):    20248 kB
Active(file):     224360 kB
Inactive(file):  1448744 kB
Unevictable:        5576 kB
Mlocked:            5576 kB
SwapTotal:       3670008 kB
SwapFree:        3670008 kB
Dirty:               212 kB
Writeback:             0 kB
AnonPages:       1051264 kB
Mapped:           781084 kB
Shmem:             22288 kB
KReclaimable:     559064 kB
Slab:             222228 kB
SReclaimable:      68640 kB
SUnreclaim:       153588 kB
KernelStack:       43168 kB
PageTables:        55480 kB
NFS_Unstable:          0 kB
Bounce:                0 kB
WritebackTmp:          0 kB
CommitLimit:     6660208 kB
Committed_AS:   61490752 kB
VmallocTotal:   263061440 kB
VmallocUsed:       83520 kB
VmallocChunk:          0 kB
Percpu:             7648 kB
CmaTotal:         315392 kB
CmaFree:               0 kB
MemTotal:        5980404 kB
MemFree:         1214904 kB
MemAvailable:    2884648 kB
Buffers:            6120 kB
Cached:          1693816 kB
SwapCached:            0 kB
Active:          1277144 kB
Inactive:        1468996 kB
Active(anon):    1052780 kB
Inactive(anon):    20248 kB
Active(file):     224364 kB
Inactive(file):  1448748 kB
Unevictable:        5576 kB
Mlocked:            5576 kB
SwapTotal:       3670008 kB
SwapFree:        3670008 kB
Dirty:               220 kB
Writeback:             0 kB
AnonPages:       1051796 kB
Mapped:           781076 kB
Shmem:             22288 kB
KReclaimable:     559064 kB
Slab:             222300 kB
SReclaimable:      68640 kB
SUnreclaim:       153660 kB
KernelStack:       43152 kB
PageTables:        55440 kB
NFS_Unstable:          0 kB
Bounce:                0 kB
WritebackTmp:          0 kB
CommitLimit:     6660208 kB
Committed_AS:   61493932 kB
VmallocTotal:   263061440 kB
VmallocUsed:       83520 kB
VmallocChunk:          0 kB
Percpu:             7648 kB
CmaTotal:         315392 kB
CmaFree:               0 kB
MemTotal:        5980404 kB
MemFree:         1214620 kB
MemAvailable:    2884364 kB
Buffers:            6120 kB
Cached:          1693816 kB
SwapCached:            0 kB
Active:          1277464 kB
Inactive:        1468996 kB
Active(anon):    1053100 kB
Inactive(anon):    20248 kB
Active(file):     224364 kB
Inactive(file):  1448748 kB
Unevictable:        5576 kB
Mlocked:            5576 kB
SwapTotal:       3670008 kB
SwapFree:        3670008 kB
Dirty:               220 kB
Writeback:             0 kB
AnonPages:       1052216 kB
Mapped:           781244 kB
Shmem:             22288 kB
KReclaimable:     559064 kB
Slab:             222140 kB
SReclaimable:      68640 kB
SUnreclaim:       153500 kB
KernelStack:       43136 kB
PageTables:        55392 kB
NFS_Unstable:          0 kB
Bounce:                0 kB
WritebackTmp:          0 kB
CommitLimit:     6660208 kB
Committed_AS:   61495792 kB
VmallocTotal:   263061440 kB
VmallocUsed:       83520 kB
VmallocChunk:          0 kB
Percpu:             7648 kB
CmaTotal:         315392 kB
CmaFree:             128 kB
MemTotal:        5980404 kB
MemFree:         1214544 kB
MemAvailable:    2884304 kB
Buffers:            6128 kB
Cached:          1693824 kB
SwapCached:            0 kB
Active:          1277912 kB
Inactive:        1469012 kB
Active(anon):    1053548 kB
Inactive(anon):    20248 kB
Active(file):     224364 kB
Inactive(file):  1448764 kB
Unevictable:        5576 kB
Mlocked:            5576 kB
SwapTotal:       3670008 kB
SwapFree:        3670008 kB
Dirty:               204 kB
Writeback:             0 kB
AnonPages:       1052340 kB
Mapped:           781076 kB
Shmem:             22288 kB
KReclaimable:     559064 kB
Slab:             222276 kB
SReclaimable:      68640 kB
SUnreclaim:       153636 kB
KernelStack:       43152 kB
PageTables:        55716 kB
NFS_Unstable:          0 kB
Bounce:                0 kB
WritebackTmp:          0 kB
CommitLimit:     6660208 kB
Committed_AS:   61495096 kB
VmallocTotal:   263061440 kB
VmallocUsed:       83504 kB
VmallocChunk:          0 kB
Percpu:             7648 kB
CmaTotal:         315392 kB
CmaFree:             164 kB
MemTotal:        5980404 kB
MemFree:         1214340 kB
MemAvailable:    2884112 kB
Buffers:            6128 kB
Cached:          1693832 kB
SwapCached:            0 kB
Active:          1278656 kB
Inactive:        1469012 kB
Active(anon):    1054284 kB
Inactive(anon):    20248 kB
Active(file):     224372 kB
Inactive(file):  1448764 kB
Unevictable:        5576 kB
Mlocked:            5576 kB
SwapTotal:       3670008 kB
SwapFree:        3670008 kB
Dirty:               204 kB
Writeback:             0 kB
AnonPages:       1053272 kB
Mapped:           781244 kB
Shmem:             22288 kB
KReclaimable:     559068 kB
Slab:             222232 kB
SReclaimable:      68644 kB
SUnreclaim:       153588 kB
KernelStack:       43184 kB
PageTables:        55656 kB
NFS_Unstable:          0 kB
Bounce:                0 kB
WritebackTmp:          0 kB
CommitLimit:     6660208 kB
Committed_AS:   61493536 kB
VmallocTotal:   263061440 kB
VmallocUsed:       83472 kB
