MemTotal:       12113144 kB
MemFree:         6720928 kB
MemAvailable:    8108796 kB
Buffers:            5828 kB
Cached:          1627636 kB
SwapCached:            0 kB
Active:          1472996 kB
Inactive:        1343676 kB
Active(anon):    1190264 kB
Inactive(anon):    21280 kB
Active(file):     282732 kB
Inactive(file):  1322396 kB
Unevictable:        5864 kB
Mlocked:            5864 kB
SwapTotal:       3145724 kB
SwapFree:        3145724 kB
Dirty:               188 kB
Writeback:             0 kB
AnonPages:       1189232 kB
Mapped:           808476 kB
Shmem:             23504 kB
KReclaimable:     651444 kB
Slab:             204140 kB
SReclaimable:      67380 kB
SUnreclaim:       136760 kB
KernelStack:       42512 kB
PageTables:        56516 kB
NFS_Unstable:          0 kB
Bounce:                0 kB
WritebackTmp:          0 kB
CommitLimit:     9202296 kB
Committed_AS:   57679804 kB
VmallocTotal:   263061440 kB
VmallocUsed:       99552 kB
VmallocChunk:          0 kB
Percpu:             7616 kB
CmaTotal:         294912 kB
CmaFree:               0 kB
MemTotal:       12113144 kB
MemFree:         6715872 kB
MemAvailable:    8103736 kB
Buffers:            5828 kB
Cached:          1627632 kB
SwapCached:            0 kB
Active:          1476300 kB
Inactive:        1343672 kB
Active(anon):    1193568 kB
Inactive(anon):    21280 kB
Active(file):     282732 kB
Inactive(file):  1322392 kB
Unevictable:        5864 kB
Mlocked:            5864 kB
SwapTotal:       3145724 kB
SwapFree:        3145724 kB
Dirty:               196 kB
Writeback:             0 kB
AnonPages:       1192616 kB
Mapped:           806804 kB
Shmem:             23504 kB
KReclaimable:     651444 kB
Slab:             204172 kB
SReclaimable:      67380 kB
SUnreclaim:       136792 kB
KernelStack:       42528 kB
PageTables:        56620 kB
NFS_Unstable:          0 kB
Bounce:                0 kB
WritebackTmp:          0 kB
CommitLimit:     9202296 kB
Committed_AS:   57679888 kB
VmallocTotal:   263061440 kB
VmallocUsed:       99616 kB
VmallocChunk:          0 kB
Percpu:             7616 kB
CmaTotal:         294912 kB
CmaFree:               0 kB
MemTotal:       12113144 kB
MemFree:         6715408 kB
MemAvailable:    8103276 kB
Buffers:            5828 kB
Cached:          1627636 kB
SwapCached:            0 kB
Active:          1476576 kB
Inactive:        1343676 kB
Active(anon):    1193844 kB
Inactive(anon):    21280 kB
Active(file):     282732 kB
Inactive(file):  1322396 kB
Unevictable:        5864 kB
Mlocked:            5864 kB
SwapTotal:       3145724 kB
SwapFree:        3145724 kB
Dirty:               196 kB
Writeback:             0 kB
AnonPages:       1192848 kB
Mapped:           806976 kB
Shmem:             23504 kB
KReclaimable:     651444 kB
Slab:             204172 kB
SReclaimable:      67380 kB
SUnreclaim:       136792 kB
KernelStack:       42560 kB
PageTables:        56660 kB
NFS_Unstable:          0 kB
Bounce:                0 kB
WritebackTmp:          0 kB
CommitLimit:     9202296 kB
Committed_AS:   57674904 kB
VmallocTotal:   263061440 kB
VmallocUsed:       99632 kB
VmallocChunk:          0 kB
Percpu:             7616 kB
CmaTotal:         294912 kB
CmaFree:               0 kB
MemTotal:       12113144 kB
MemFree:         6715540 kB
MemAvailable:    8103424 kB
Buffers:            5836 kB
Cached:          1627648 kB
SwapCached:            0 kB
Active:          1477268 kB
Inactive:        1343692 kB
Active(anon):    1194532 kB
Inactive(anon):    21284 kB
Active(file):     282736 kB
Inactive(file):  1322408 kB
Unevictable:        5864 kB
Mlocked:            5864 kB
SwapTotal:       3145724 kB
SwapFree:        3145724 kB
Dirty:               188 kB
Writeback:             0 kB
AnonPages:       1193152 kB
Mapped:           807028 kB
Shmem:             23508 kB
KReclaimable:     651444 kB
Slab:             204168 kB
SReclaimable:      67380 kB
SUnreclaim:       136788 kB
KernelStack:       42576 kB
PageTables:        56584 kB
NFS_Unstable:          0 kB
Bounce:                0 kB
WritebackTmp:          0 kB
CommitLimit:     9202296 kB
Committed_AS:   57675484 kB
VmallocTotal:   263061440 kB
VmallocUsed:       99568 kB
VmallocChunk:          0 kB
Percpu:             7616 kB
CmaTotal:         294912 kB
CmaFree:               0 kB
MemTotal:       12113144 kB
MemFree:         6714524 kB
MemAvailable:    8102412 kB
Buffers:            5836 kB
Cached:          1627656 kB
SwapCached:            0 kB
Active:          1477860 kB
Inactive:        1343696 kB
Active(anon):    1195120 kB
Inactive(anon):    21288 kB
Active(file):     282740 kB
Inactive(file):  1322408 kB
Unevictable:        5864 kB
Mlocked:            5864 kB
SwapTotal:       3145724 kB
SwapFree:        3145724 kB
Dirty:               192 kB
Writeback:             0 kB
AnonPages:       1194060 kB
Mapped:           806852 kB
Shmem:             23512 kB
KReclaimable:     651444 kB
Slab:             204176 kB
SReclaimable:      67380 kB
SUnreclaim:       136796 kB
KernelStack:       42576 kB
PageTables:        56540 kB
NFS_Unstable:          0 kB
Bounce:                0 kB
WritebackTmp:          0 kB
CommitLimit:     9202296 kB
Committed_AS:   57675976 kB
VmallocTotal:   263061440 kB
VmallocUsed:       99584 kB
VmallocChunk:          0 kB
Percpu:             7616 kB
CmaTotal:         294912 kB
CmaFree:               0 kB
MemTotal:       12113144 kB
MemFree:         6714564 kB
MemAvailable:    8102452 kB
Buffers:            5836 kB
Cached:          1627660 kB
SwapCached:            0 kB
Active:          1478016 kB
Inactive:        1343700 kB
Active(anon):    1195276 kB
Inactive(anon):    21292 kB
Active(file):     282740 kB
Inactive(file):  1322408 kB
Unevictable:        5864 kB
Mlocked:            5864 kB
SwapTotal:       3145724 kB
SwapFree:        3145724 kB
Dirty:               192 kB
Writeback:             0 kB
AnonPages:       1194204 kB
Mapped:           807052 kB
Shmem:             23516 kB
KReclaimable:     651444 kB
Slab:             204168 kB
SReclaimable:      67380 kB
SUnreclaim:       136788 kB
KernelStack:       42576 kB
PageTables:        56664 kB
NFS_Unstable:          0 kB
Bounce:                0 kB
WritebackTmp:          0 kB
CommitLimit:     9202296 kB
Committed_AS:   57670288 kB
VmallocTotal:   263061440 kB
VmallocUsed:       99568 kB
VmallocChunk:          0 kB
Percpu:             7616 kB
CmaTotal:         294912 kB
CmaFree:               0 kB
MemTotal:       12113144 kB
MemFree:         6714180 kB
MemAvailable:    8102068 kB
Buffers:            5836 kB
Cached:          1627660 kB
SwapCached:            0 kB
Active:          1478048 kB
Inactive:        1343700 kB
Active(anon):    1195308 kB
Inactive(anon):    21292 kB
Active(file):     282740 kB
Inactive(file):  1322408 kB
Unevictable:        5864 kB
Mlocked:            5864 kB
SwapTotal:       3145724 kB
SwapFree:        3145724 kB
Dirty:               192 kB
Writeback:             0 kB
AnonPages:       1194020 kB
Mapped:           807052 kB
Shmem:             23516 kB
KReclaimable:     651444 kB
Slab:             204168 kB
SReclaimable:      67380 kB
SUnreclaim:       136788 kB
KernelStack:       42560 kB
PageTables:        56512 kB
NFS_Unstable:          0 kB
Bounce:                0 kB
WritebackTmp:          0 kB
CommitLimit:     9202296 kB
Committed_AS:   57674692 kB
VmallocTotal:   263061440 kB
VmallocUsed:       99616 kB
VmallocChunk:          0 kB
Percpu:             7616 kB
CmaTotal:         294912 kB
CmaFree:               0 kB
MemTotal:       12113144 kB
MemFree:         6713652 kB
MemAvailable:    8101540 kB
Buffers:            5836 kB
Cached:          1627660 kB
SwapCached:            0 kB
Active:          1478556 kB
Inactive:        1343700 kB
Active(anon):    1195816 kB
Inactive(anon):    21292 kB
Active(file):     282740 kB
Inactive(file):  1322408 kB
Unevictable:        5864 kB
Mlocked:            5864 kB
SwapTotal:       3145724 kB
SwapFree:        3145724 kB
Dirty:               192 kB
Writeback:             0 kB
AnonPages:       1194772 kB
Mapped:           807052 kB
Shmem:             23516 kB
KReclaimable:     651444 kB
Slab:             204176 kB
SReclaimable:      67380 kB
SUnreclaim:       136796 kB
KernelStack:       42560 kB
PageTables:        56524 kB
NFS_Unstable:          0 kB
Bounce:                0 kB
WritebackTmp:          0 kB
CommitLimit:     9202296 kB
Committed_AS:   57668544 kB
VmallocTotal:   263061440 kB
VmallocUsed:       99584 kB
VmallocChunk:          0 kB
Percpu:             7616 kB
CmaTotal:         294912 kB
CmaFree:               0 kB
MemTotal:       12113144 kB
MemFree:         6713232 kB
MemAvailable:    8101120 kB
Buffers:            5836 kB
Cached:          1627660 kB
SwapCached:            0 kB
Active:          1478584 kB
Inactive:        1343700 kB
Active(anon):    1195844 kB
Inactive(anon):    21292 kB
Active(file):     282740 kB
Inactive(file):  1322408 kB
Unevictable:        5864 kB
Mlocked:            5864 kB
SwapTotal:       3145724 kB
SwapFree:        3145724 kB
Dirty:               192 kB
Writeback:             0 kB
AnonPages:       1194732 kB
Mapped:           807052 kB
Shmem:             23516 kB
KReclaimable:     651444 kB
Slab:             204168 kB
SReclaimable:      67380 kB
SUnreclaim:       136788 kB
KernelStack:       42544 kB
PageTables:        56520 kB
NFS_Unstable:          0 kB
Bounce:                0 kB
WritebackTmp:          0 kB
CommitLimit:     9202296 kB
Committed_AS:   57668396 kB
VmallocTotal:   263061440 kB
VmallocUsed:       99568 kB
VmallocChunk:          0 kB
Percpu:             7616 kB
CmaTotal:         294912 kB
CmaFree:               0 kB
MemTotal:       12113144 kB
MemFree:         6713240 kB
MemAvailable:    8101128 kB
Buffers:            5836 kB
Cached:          1627660 kB
SwapCached:            0 kB
Active:          1479052 kB
Inactive:        1343700 kB
Active(anon):    1196312 kB
Inactive(anon):    21292 kB
Active(file):     282740 kB
Inactive(file):  1322408 kB
Unevictable:        5864 kB
Mlocked:            5864 kB
SwapTotal:       3145724 kB
SwapFree:        3145724 kB
Dirty:               192 kB
Writeback:             0 kB
AnonPages:       1195328 kB
Mapped:           806792 kB
Shmem:             23516 kB
KReclaimable:     651444 kB
Slab:             204172 kB
SReclaimable:      67380 kB
SUnreclaim:       136792 kB
KernelStack:       42576 kB
PageTables:        56528 kB
NFS_Unstable:          0 kB
Bounce:                0 kB
WritebackTmp:          0 kB
CommitLimit:     9202296 kB
Committed_AS:   57668088 kB
VmallocTotal:   263061440 kB
VmallocUsed:       99568 kB
VmallocChunk:          0 kB
Percpu:             7616 kB
CmaTotal:         294912 kB
CmaFree:               0 kB
MemTotal:       12113144 kB
MemFree:         6713616 kB
MemAvailable:    8101496 kB
Buffers:            5836 kB
Cached:          1627652 kB
SwapCached:            0 kB
Active:          1479544 kB
Inactive:        1343696 kB
Active(anon):    1196808 kB
Inactive(anon):    21292 kB
Active(file):     282736 kB
Inactive(file):  1322404 kB
Unevictable:        5864 kB
Mlocked:            5864 kB
SwapTotal:       3145724 kB
SwapFree:        3145724 kB
Dirty:               188 kB
Writeback:             0 kB
AnonPages:       1195552 kB
Mapped:           806780 kB
Shmem:             23516 kB
KReclaimable:     651444 kB
Slab:             204172 kB
SReclaimable:      67380 kB
SUnreclaim:       136792 kB
KernelStack:       42544 kB
PageTables:        56520 kB
NFS_Unstable:          0 kB
Bounce:                0 kB
WritebackTmp:          0 kB
CommitLimit:     9202296 kB
Committed_AS:   57675676 kB
VmallocTotal:   263061440 kB
VmallocUsed:       99552 kB
VmallocChunk:          0 kB
Percpu:             7616 kB
CmaTotal:         294912 kB
CmaFree:               0 kB
MemTotal:       12113144 kB
MemFree:         6723984 kB
MemAvailable:    8111872 kB
Buffers:            5836 kB
Cached:          1627660 kB
SwapCached:            0 kB
Active:          1469008 kB
Inactive:        1343700 kB
Active(anon):    1186268 kB
Inactive(anon):    21292 kB
Active(file):     282740 kB
Inactive(file):  1322408 kB
Unevictable:        5864 kB
Mlocked:            5864 kB
SwapTotal:       3145724 kB
SwapFree:        3145724 kB
Dirty:               196 kB
Writeback:             0 kB
AnonPages:       1184892 kB
Mapped:           806792 kB
Shmem:             23516 kB
KReclaimable:     651444 kB
Slab:             204172 kB
SReclaimable:      67380 kB
SUnreclaim:       136792 kB
KernelStack:       42576 kB
PageTables:        56664 kB
NFS_Unstable:          0 kB
Bounce:                0 kB
WritebackTmp:          0 kB
CommitLimit:     9202296 kB
Committed_AS:   57669956 kB
VmallocTotal:   263061440 kB
VmallocUsed:       99552 kB
VmallocChunk:          0 kB
Percpu:             7616 kB
CmaTotal:         294912 kB
CmaFree:               0 kB
MemTotal:       12113144 kB
MemFree:         6722540 kB
MemAvailable:    8110440 kB
Buffers:            5836 kB
Cached:          1627672 kB
SwapCached:            0 kB
Active:          1469748 kB
Inactive:        1343712 kB
Active(anon):    1187008 kB
Inactive(anon):    21292 kB
Active(file):     282740 kB
Inactive(file):  1322420 kB
Unevictable:        5864 kB
Mlocked:            5864 kB
SwapTotal:       3145724 kB
SwapFree:        3145724 kB
Dirty:               212 kB
Writeback:             0 kB
AnonPages:       1185896 kB
Mapped:           806792 kB
Shmem:             23516 kB
KReclaimable:     651444 kB
Slab:             204172 kB
SReclaimable:      67380 kB
SUnreclaim:       136792 kB
KernelStack:       42576 kB
PageTables:        56668 kB
NFS_Unstable:          0 kB
Bounce:                0 kB
WritebackTmp:          0 kB
CommitLimit:     9202296 kB
Committed_AS:   57669700 kB
VmallocTotal:   263061440 kB
VmallocUsed:       99568 kB
VmallocChunk:          0 kB
Percpu:             7616 kB
CmaTotal:         294912 kB
CmaFree:               0 kB
MemTotal:       12113144 kB
MemFree:         6721496 kB
MemAvailable:    8109392 kB
Buffers:            5836 kB
Cached:          1627668 kB
SwapCached:            0 kB
Active:          1470000 kB
Inactive:        1343708 kB
Active(anon):    1187260 kB
Inactive(anon):    21292 kB
Active(file):     282740 kB
Inactive(file):  1322416 kB
Unevictable:        5864 kB
Mlocked:            5864 kB
SwapTotal:       3145724 kB
SwapFree:        3145724 kB
Dirty:               216 kB
Writeback:             0 kB
AnonPages:       1186180 kB
Mapped:           807052 kB
Shmem:             23516 kB
KReclaimable:     651444 kB
Slab:             204184 kB
SReclaimable:      67380 kB
SUnreclaim:       136804 kB
KernelStack:       42560 kB
PageTables:        56512 kB
NFS_Unstable:          0 kB
Bounce:                0 kB
WritebackTmp:          0 kB
CommitLimit:     9202296 kB
Committed_AS:   57664788 kB
VmallocTotal:   263061440 kB
VmallocUsed:       99584 kB
VmallocChunk:          0 kB
Percpu:             7616 kB
CmaTotal:         294912 kB
CmaFree:               0 kB
MemTotal:       12113144 kB
MemFree:         6721836 kB
MemAvailable:    8109732 kB
Buffers:            5836 kB
Cached:          1627668 kB
SwapCached:            0 kB
Active:          1470464 kB
Inactive:        1343708 kB
Active(anon):    1187724 kB
Inactive(anon):    21292 kB
Active(file):     282740 kB
Inactive(file):  1322416 kB
Unevictable:        5864 kB
Mlocked:            5864 kB
SwapTotal:       3145724 kB
SwapFree:        3145724 kB
Dirty:               232 kB
Writeback:             0 kB
AnonPages:       1186628 kB
Mapped:           806832 kB
Shmem:             23516 kB
KReclaimable:     651444 kB
Slab:             204180 kB
SReclaimable:      67380 kB
SUnreclaim:       136800 kB
KernelStack:       42560 kB
PageTables:        56524 kB
NFS_Unstable:          0 kB
Bounce:                0 kB
WritebackTmp:          0 kB
CommitLimit:     9202296 kB
Committed_AS:   57669716 kB
VmallocTotal:   263061440 kB
VmallocUsed:       99584 kB
VmallocChunk:          0 kB
Percpu:             7616 kB
CmaTotal:         294912 kB
CmaFree:               8 kB
MemTotal:       12113144 kB
MemFree:         6722408 kB
MemAvailable:    8110304 kB
Buffers:            5836 kB
Cached:          1627668 kB
SwapCached:            0 kB
Active:          1470336 kB
Inactive:        1343708 kB
Active(anon):    1187596 kB
Inactive(anon):    21292 kB
Active(file):     282740 kB
Inactive(file):  1322416 kB
Unevictable:        5864 kB
Mlocked:            5864 kB
SwapTotal:       3145724 kB
SwapFree:        3145724 kB
Dirty:               232 kB
Writeback:             0 kB
AnonPages:       1186488 kB
Mapped:           807076 kB
Shmem:             23516 kB
KReclaimable:     651444 kB
Slab:             204180 kB
SReclaimable:      67380 kB
SUnreclaim:       136800 kB
KernelStack:       42592 kB
PageTables:        56704 kB
NFS_Unstable:          0 kB
Bounce:                0 kB
WritebackTmp:          0 kB
CommitLimit:     9202296 kB
Committed_AS:   57670680 kB
VmallocTotal:   263061440 kB
VmallocUsed:       99600 kB
VmallocChunk:          0 kB
Percpu:             7616 kB
CmaTotal:         294912 kB
CmaFree:               0 kB
MemTotal:       12113144 kB
MemFree:         6721940 kB
MemAvailable:    8109836 kB
Buffers:            5836 kB
Cached:          1627668 kB
SwapCached:            0 kB
Active:          1470540 kB
Inactive:        1343708 kB
Active(anon):    1187800 kB
Inactive(anon):    21292 kB
Active(file):     282740 kB
Inactive(file):  1322416 kB
Unevictable:        5864 kB
Mlocked:            5864 kB
SwapTotal:       3145724 kB
SwapFree:        3145724 kB
Dirty:               232 kB
Writeback:             0 kB
AnonPages:       1186824 kB
Mapped:           807092 kB
Shmem:             23516 kB
KReclaimable:     651444 kB
Slab:             204188 kB
SReclaimable:      67380 kB
SUnreclaim:       136808 kB
KernelStack:       42576 kB
PageTables:        56516 kB
NFS_Unstable:          0 kB
Bounce:                0 kB
WritebackTmp:          0 kB
CommitLimit:     9202296 kB
Committed_AS:   57666448 kB
VmallocTotal:   263061440 kB
VmallocUsed:       99584 kB
VmallocChunk:          0 kB
Percpu:             7616 kB
CmaTotal:         294912 kB
CmaFree:               0 kB
MemTotal:       12113144 kB
MemFree:         6722524 kB
MemAvailable:    8110420 kB
Buffers:            5836 kB
Cached:          1627668 kB
SwapCached:            0 kB
Active:          1469260 kB
Inactive:        1343708 kB
Active(anon):    1186520 kB
Inactive(anon):    21292 kB
Active(file):     282740 kB
Inactive(file):  1322416 kB
Unevictable:        5864 kB
Mlocked:            5864 kB
SwapTotal:       3145724 kB
SwapFree:        3145724 kB
Dirty:               232 kB
Writeback:             0 kB
AnonPages:       1185592 kB
Mapped:           807092 kB
Shmem:             23516 kB
KReclaimable:     651444 kB
Slab:             204176 kB
SReclaimable:      67380 kB
SUnreclaim:       136796 kB
KernelStack:       42608 kB
PageTables:        56404 kB
NFS_Unstable:          0 kB
Bounce:                0 kB
WritebackTmp:          0 kB
CommitLimit:     9202296 kB
Committed_AS:   57667136 kB
VmallocTotal:   263061440 kB
VmallocUsed:       99568 kB
VmallocChunk:          0 kB
Percpu:             7616 kB
CmaTotal:         294912 kB
CmaFree:               0 kB
MemTotal:       12113144 kB
MemFree:         6721316 kB
MemAvailable:    8109224 kB
Buffers:            5840 kB
Cached:          1627676 kB
SwapCached:            0 kB
Active:          1469792 kB
Inactive:        1343716 kB
Active(anon):    1187048 kB
Inactive(anon):    21292 kB
Active(file):     282744 kB
Inactive(file):  1322424 kB
Unevictable:        5864 kB
Mlocked:            5864 kB
SwapTotal:       3145724 kB
SwapFree:        3145724 kB
Dirty:               104 kB
Writeback:             0 kB
AnonPages:       1186028 kB
Mapped:           807092 kB
Shmem:             23516 kB
KReclaimable:     651444 kB
Slab:             204184 kB
SReclaimable:      67380 kB
SUnreclaim:       136804 kB
KernelStack:       42576 kB
PageTables:        56512 kB
NFS_Unstable:          0 kB
Bounce:                0 kB
WritebackTmp:          0 kB
CommitLimit:     9202296 kB
Committed_AS:   57663516 kB
VmallocTotal:   263061440 kB
VmallocUsed:       99552 kB
VmallocChunk:          0 kB
Percpu:             7616 kB
CmaTotal:         294912 kB
CmaFree:               0 kB
MemTotal:       12113144 kB
MemFree:         6721072 kB
MemAvailable:    8108980 kB
Buffers:            5840 kB
Cached:          1627676 kB
SwapCached:            0 kB
Active:          1470140 kB
Inactive:        1343716 kB
Active(anon):    1187396 kB
Inactive(anon):    21292 kB
Active(file):     282744 kB
Inactive(file):  1322424 kB
Unevictable:        5864 kB
Mlocked:            5864 kB
SwapTotal:       3145724 kB
SwapFree:        3145724 kB
Dirty:               120 kB
Writeback:             0 kB
AnonPages:       1186236 kB
Mapped:           807076 kB
Shmem:             23516 kB
KReclaimable:     651444 kB
Slab:             204192 kB
SReclaimable:      67380 kB
SUnreclaim:       136812 kB
KernelStack:       42576 kB
PageTables:        56436 kB
NFS_Unstable:          0 kB
Bounce:                0 kB
WritebackTmp:          0 kB
CommitLimit:     9202296 kB
Committed_AS:   57663304 kB
VmallocTotal:   263061440 kB
VmallocUsed:       99552 kB
VmallocChunk:          0 kB
Percpu:             7616 kB
CmaTotal:         294912 kB
CmaFree:               0 kB
MemTotal:       12113144 kB
MemFree:         6720432 kB
MemAvailable:    8108340 kB
Buffers:            5840 kB
Cached:          1627676 kB
SwapCached:            0 kB
Active:          1470492 kB
Inactive:        1343716 kB
Active(anon):    1187748 kB
Inactive(anon):    21292 kB
Active(file):     282744 kB
Inactive(file):  1322424 kB
Unevictable:        5864 kB
Mlocked:            5864 kB
SwapTotal:       3145724 kB
SwapFree:        3145724 kB
Dirty:               156 kB
Writeback:             0 kB
AnonPages:       1186580 kB
Mapped:           807092 kB
Shmem:             23516 kB
KReclaimable:     651444 kB
Slab:             204188 kB
SReclaimable:      67380 kB
SUnreclaim:       136808 kB
KernelStack:       42592 kB
PageTables:        56608 kB
NFS_Unstable:          0 kB
Bounce:                0 kB
WritebackTmp:          0 kB
CommitLimit:     9202296 kB
Committed_AS:   57677428 kB
VmallocTotal:   263061440 kB
VmallocUsed:       99600 kB
VmallocChunk:          0 kB
Percpu:             7616 kB
CmaTotal:         294912 kB
CmaFree:               0 kB
MemTotal:       12113144 kB
MemFree:         6721136 kB
MemAvailable:    8109044 kB
Buffers:            5840 kB
Cached:          1627676 kB
SwapCached:            0 kB
Active:          1470692 kB
Inactive:        1343716 kB
Active(anon):    1187948 kB
Inactive(anon):    21292 kB
Active(file):     282744 kB
Inactive(file):  1322424 kB
Unevictable:        5864 kB
Mlocked:            5864 kB
SwapTotal:       3145724 kB
SwapFree:        3145724 kB
Dirty:               160 kB
Writeback:             0 kB
AnonPages:       1186908 kB
Mapped:           807092 kB
Shmem:             23516 kB
KReclaimable:     651444 kB
Slab:             204188 kB
SReclaimable:      67380 kB
SUnreclaim:       136808 kB
KernelStack:       42592 kB
PageTables:        56504 kB
NFS_Unstable:          0 kB
Bounce:                0 kB
WritebackTmp:          0 kB
CommitLimit:     9202296 kB
Committed_AS:   57674276 kB
VmallocTotal:   263061440 kB
VmallocUsed:       99632 kB
VmallocChunk:          0 kB
Percpu:             7616 kB
CmaTotal:         294912 kB
CmaFree:               0 kB
MemTotal:       12113144 kB
MemFree:         6720468 kB
MemAvailable:    8108376 kB
Buffers:            5840 kB
Cached:          1627676 kB
SwapCached:            0 kB
Active:          1471468 kB
Inactive:        1343716 kB
Active(anon):    1188724 kB
Inactive(anon):    21292 kB
Active(file):     282744 kB
Inactive(file):  1322424 kB
Unevictable:        5864 kB
Mlocked:            5864 kB
SwapTotal:       3145724 kB
SwapFree:        3145724 kB
Dirty:               172 kB
Writeback:             0 kB
AnonPages:       1187924 kB
Mapped:           807076 kB
Shmem:             23516 kB
KReclaimable:     651444 kB
Slab:             204188 kB
SReclaimable:      67380 kB
SUnreclaim:       136808 kB
KernelStack:       42656 kB
PageTables:        56452 kB
NFS_Unstable:          0 kB
Bounce:                0 kB
WritebackTmp:          0 kB
CommitLimit:     9202296 kB
Committed_AS:   57670728 kB
VmallocTotal:   263061440 kB
VmallocUsed:       99632 kB
VmallocChunk:          0 kB
Percpu:             7616 kB
CmaTotal:         294912 kB
CmaFree:               0 kB
MemTotal:       12113144 kB
MemFree:         6720216 kB
MemAvailable:    8108124 kB
Buffers:            5840 kB
Cached:          1627676 kB
SwapCached:            0 kB
Active:          1471640 kB
Inactive:        1343716 kB
Active(anon):    1188896 kB
Inactive(anon):    21292 kB
Active(file):     282744 kB
Inactive(file):  1322424 kB
Unevictable:        5864 kB
Mlocked:            5864 kB
SwapTotal:       3145724 kB
SwapFree:        3145724 kB
Dirty:                96 kB
Writeback:             0 kB
AnonPages:       1187788 kB
Mapped:           807152 kB
Shmem:             23516 kB
KReclaimable:     651444 kB
Slab:             204192 kB
SReclaimable:      67380 kB
SUnreclaim:       136812 kB
KernelStack:       42624 kB
PageTables:        56868 kB
NFS_Unstable:          0 kB
Bounce:                0 kB
WritebackTmp:          0 kB
CommitLimit:     9202296 kB
Committed_AS:   57665080 kB
VmallocTotal:   263061440 kB
VmallocUsed:       99648 kB
VmallocChunk:          0 kB
Percpu:             7616 kB
CmaTotal:         294912 kB
CmaFree:               0 kB
MemTotal:       12113144 kB
MemFree:         6719952 kB
MemAvailable:    8107860 kB
Buffers:            5840 kB
Cached:          1627676 kB
SwapCached:            0 kB
Active:          1472436 kB
Inactive:        1343716 kB
Active(anon):    1189692 kB
Inactive(anon):    21292 kB
Active(file):     282744 kB
Inactive(file):  1322424 kB
Unevictable:        5864 kB
Mlocked:            5864 kB
SwapTotal:       3145724 kB
SwapFree:        3145724 kB
Dirty:                96 kB
Writeback:             0 kB
AnonPages:       1188772 kB
Mapped:           807092 kB
Shmem:             23516 kB
KReclaimable:     651444 kB
Slab:             204188 kB
SReclaimable:      67380 kB
SUnreclaim:       136808 kB
KernelStack:       42672 kB
PageTables:        56512 kB
NFS_Unstable:          0 kB
Bounce:                0 kB
WritebackTmp:          0 kB
CommitLimit:     9202296 kB
Committed_AS:   57676480 kB
VmallocTotal:   263061440 kB
VmallocUsed:       99664 kB
VmallocChunk:          0 kB
Percpu:             7616 kB
CmaTotal:         294912 kB
CmaFree:               0 kB
MemTotal:       12113144 kB
MemFree:         6719496 kB
MemAvailable:    8107404 kB
Buffers:            5840 kB
Cached:          1627676 kB
SwapCached:            0 kB
Active:          1472756 kB
Inactive:        1343716 kB
Active(anon):    1190012 kB
Inactive(anon):    21292 kB
Active(file):     282744 kB
Inactive(file):  1322424 kB
Unevictable:        5864 kB
Mlocked:            5864 kB
SwapTotal:       3145724 kB
SwapFree:        3145724 kB
Dirty:               108 kB
Writeback:             0 kB
AnonPages:       1188944 kB
Mapped:           806832 kB
Shmem:             23516 kB
KReclaimable:     651444 kB
Slab:             204196 kB
SReclaimable:      67380 kB
SUnreclaim:       136816 kB
KernelStack:       42672 kB
PageTables:        56524 kB
NFS_Unstable:          0 kB
Bounce:                0 kB
WritebackTmp:          0 kB
CommitLimit:     9202296 kB
Committed_AS:   57677644 kB
VmallocTotal:   263061440 kB
VmallocUsed:       99696 kB
VmallocChunk:          0 kB
Percpu:             7616 kB
CmaTotal:         294912 kB
CmaFree:               0 kB
MemTotal:       12113144 kB
MemFree:         6719012 kB
MemAvailable:    8106928 kB
Buffers:            5840 kB
Cached:          1627684 kB
SwapCached:            0 kB
Active:          1473368 kB
Inactive:        1343724 kB
Active(anon):    1190624 kB
Inactive(anon):    21292 kB
Active(file):     282744 kB
Inactive(file):  1322432 kB
Unevictable:        5864 kB
Mlocked:            5864 kB
SwapTotal:       3145724 kB
SwapFree:        3145724 kB
Dirty:               144 kB
Writeback:             0 kB
AnonPages:       1189452 kB
Mapped:           806832 kB
Shmem:             23516 kB
KReclaimable:     651444 kB
Slab:             204196 kB
SReclaimable:      67380 kB
SUnreclaim:       136816 kB
KernelStack:       42672 kB
PageTables:        56520 kB
NFS_Unstable:          0 kB
Bounce:                0 kB
WritebackTmp:          0 kB
CommitLimit:     9202296 kB
Committed_AS:   57672440 kB
VmallocTotal:   263061440 kB
VmallocUsed:       99696 kB
VmallocChunk:          0 kB
Percpu:             7616 kB
CmaTotal:         294912 kB
CmaFree:               0 kB
MemTotal:       12113144 kB
MemFree:         6718288 kB
MemAvailable:    8106208 kB
Buffers:            5840 kB
Cached:          1627688 kB
SwapCached:            0 kB
Active:          1473876 kB
Inactive:        1343728 kB
Active(anon):    1191132 kB
Inactive(anon):    21292 kB
Active(file):     282744 kB
Inactive(file):  1322436 kB
Unevictable:        5864 kB
Mlocked:            5864 kB
SwapTotal:       3145724 kB
SwapFree:        3145724 kB
Dirty:               152 kB
Writeback:             0 kB
AnonPages:       1189992 kB
Mapped:           807092 kB
Shmem:             23516 kB
KReclaimable:     651444 kB
Slab:             204200 kB
SReclaimable:      67380 kB
SUnreclaim:       136820 kB
KernelStack:       42672 kB
PageTables:        56524 kB
NFS_Unstable:          0 kB
Bounce:                0 kB
WritebackTmp:          0 kB
CommitLimit:     9202296 kB
Committed_AS:   57681596 kB
VmallocTotal:   263061440 kB
VmallocUsed:       99664 kB
VmallocChunk:          0 kB
Percpu:             7616 kB
CmaTotal:         294912 kB
CmaFree:               0 kB
MemTotal:       12113144 kB
MemFree:         6718892 kB
MemAvailable:    8106812 kB
Buffers:            5840 kB
Cached:          1627688 kB
SwapCached:            0 kB
Active:          1474404 kB
Inactive:        1343728 kB
Active(anon):    1191660 kB
Inactive(anon):    21292 kB
Active(file):     282744 kB
Inactive(file):  1322436 kB
Unevictable:        5864 kB
Mlocked:            5864 kB
SwapTotal:       3145724 kB
SwapFree:        3145724 kB
Dirty:               160 kB
Writeback:             0 kB
AnonPages:       1190448 kB
Mapped:           807092 kB
Shmem:             23516 kB
KReclaimable:     651444 kB
Slab:             204192 kB
SReclaimable:      67380 kB
SUnreclaim:       136812 kB
KernelStack:       42672 kB
PageTables:        56528 kB
NFS_Unstable:          0 kB
Bounce:                0 kB
WritebackTmp:          0 kB
CommitLimit:     9202296 kB
Committed_AS:   57675656 kB
VmallocTotal:   263061440 kB
VmallocUsed:       99664 kB
VmallocChunk:          0 kB
Percpu:             7616 kB
CmaTotal:         294912 kB
CmaFree:               0 kB
MemTotal:       12113144 kB
MemFree:         6718184 kB
MemAvailable:    8106104 kB
Buffers:            5840 kB
Cached:          1627688 kB
SwapCached:            0 kB
Active:          1474708 kB
Inactive:        1343728 kB
Active(anon):    1191964 kB
Inactive(anon):    21292 kB
Active(file):     282744 kB
Inactive(file):  1322436 kB
Unevictable:        5864 kB
Mlocked:            5864 kB
SwapTotal:       3145724 kB
SwapFree:        3145724 kB
Dirty:               192 kB
Writeback:             0 kB
AnonPages:       1190892 kB
Mapped:           807260 kB
Shmem:             23516 kB
KReclaimable:     651444 kB
Slab:             204200 kB
SReclaimable:      67380 kB
SUnreclaim:       136820 kB
KernelStack:       42708 kB
PageTables:        56848 kB
NFS_Unstable:          0 kB
Bounce:                0 kB
WritebackTmp:          0 kB
CommitLimit:     9202296 kB
Committed_AS:   57675500 kB
VmallocTotal:   263061440 kB
VmallocUsed:       99696 kB
VmallocChunk:          0 kB
Percpu:             7616 kB
CmaTotal:         294912 kB
CmaFree:               0 kB
MemTotal:       12113144 kB
MemFree:         6717528 kB
MemAvailable:    8105448 kB
Buffers:            5840 kB
Cached:          1627688 kB
SwapCached:            0 kB
Active:          1475132 kB
Inactive:        1343728 kB
Active(anon):    1192388 kB
Inactive(anon):    21292 kB
Active(file):     282744 kB
Inactive(file):  1322436 kB
Unevictable:        5864 kB
Mlocked:            5864 kB
SwapTotal:       3145724 kB
SwapFree:        3145724 kB
Dirty:               192 kB
Writeback:             0 kB
AnonPages:       1191312 kB
Mapped:           806832 kB
Shmem:             23516 kB
KReclaimable:     651444 kB
Slab:             204204 kB
SReclaimable:      67380 kB
SUnreclaim:       136824 kB
KernelStack:       42688 kB
PageTables:        56516 kB
NFS_Unstable:          0 kB
Bounce:                0 kB
WritebackTmp:          0 kB
CommitLimit:     9202296 kB
Committed_AS:   57680436 kB
VmallocTotal:   263061440 kB
VmallocUsed:       99680 kB
VmallocChunk:          0 kB
Percpu:             7616 kB
CmaTotal:         294912 kB
CmaFree:               0 kB
MemTotal:       12113144 kB
MemFree:         6717808 kB
MemAvailable:    8105728 kB
Buffers:            5840 kB
Cached:          1627688 kB
SwapCached:            0 kB
Active:          1475348 kB
Inactive:        1343728 kB
Active(anon):    1192604 kB
Inactive(anon):    21292 kB
Active(file):     282744 kB
Inactive(file):  1322436 kB
Unevictable:        5864 kB
Mlocked:            5864 kB
SwapTotal:       3145724 kB
SwapFree:        3145724 kB
Dirty:               200 kB
Writeback:             0 kB
AnonPages:       1191484 kB
Mapped:           806888 kB
Shmem:             23516 kB
KReclaimable:     651444 kB
Slab:             204216 kB
SReclaimable:      67380 kB
SUnreclaim:       136836 kB
KernelStack:       42688 kB
PageTables:        56484 kB
NFS_Unstable:          0 kB
Bounce:                0 kB
WritebackTmp:          0 kB
CommitLimit:     9202296 kB
Committed_AS:   57675408 kB
VmallocTotal:   263061440 kB
VmallocUsed:       99664 kB
VmallocChunk:          0 kB
Percpu:             7616 kB
CmaTotal:         294912 kB
CmaFree:               0 kB
MemTotal:       12113144 kB
MemFree:         6714940 kB
MemAvailable:    8102868 kB
Buffers:            5848 kB
Cached:          1627692 kB
SwapCached:            0 kB
Active:          1476164 kB
Inactive:        1343736 kB
Active(anon):    1193416 kB
Inactive(anon):    21296 kB
Active(file):     282748 kB
Inactive(file):  1322440 kB
Unevictable:        5864 kB
Mlocked:            5864 kB
SwapTotal:       3145724 kB
SwapFree:        3145724 kB
Dirty:               204 kB
Writeback:             0 kB
AnonPages:       1192116 kB
Mapped:           807096 kB
Shmem:             23520 kB
KReclaimable:     651444 kB
Slab:             204208 kB
SReclaimable:      67380 kB
SUnreclaim:       136828 kB
KernelStack:       42672 kB
PageTables:        56524 kB
NFS_Unstable:          0 kB
Bounce:                0 kB
WritebackTmp:          0 kB
CommitLimit:     9202296 kB
Committed_AS:   57675060 kB
VmallocTotal:   263061440 kB
VmallocUsed:       99696 kB
VmallocChunk:          0 kB
Percpu:             7616 kB
CmaTotal:         294912 kB
CmaFree:               0 kB
MemTotal:       12113144 kB
MemFree:         6715484 kB
MemAvailable:    8103424 kB
Buffers:            5848 kB
Cached:          1627704 kB
SwapCached:            0 kB
Active:          1476572 kB
Inactive:        1343744 kB
Active(anon):    1193820 kB
Inactive(anon):    21296 kB
Active(file):     282752 kB
Inactive(file):  1322448 kB
Unevictable:        5864 kB
Mlocked:            5864 kB
SwapTotal:       3145724 kB
SwapFree:        3145724 kB
Dirty:               184 kB
Writeback:             0 kB
AnonPages:       1192836 kB
Mapped:           807016 kB
Shmem:             23520 kB
KReclaimable:     651444 kB
Slab:             204208 kB
SReclaimable:      67380 kB
SUnreclaim:       136828 kB
KernelStack:       42672 kB
PageTables:        56540 kB
NFS_Unstable:          0 kB
Bounce:                0 kB
WritebackTmp:          0 kB
CommitLimit:     9202296 kB
Committed_AS:   57671004 kB
VmallocTotal:   263061440 kB
VmallocUsed:       99680 kB
VmallocChunk:          0 kB
Percpu:             7616 kB
CmaTotal:         294912 kB
CmaFree:               0 kB
MemTotal:       12113144 kB
MemFree:         6714328 kB
MemAvailable:    8102268 kB
Buffers:            5848 kB
Cached:          1627704 kB
SwapCached:            0 kB
Active:          1476608 kB
Inactive:        1343744 kB
Active(anon):    1193856 kB
Inactive(anon):    21296 kB
Active(file):     282752 kB
Inactive(file):  1322448 kB
Unevictable:        5864 kB
Mlocked:            5864 kB
SwapTotal:       3145724 kB
SwapFree:        3145724 kB
Dirty:               184 kB
Writeback:             0 kB
AnonPages:       1192408 kB
Mapped:           806812 kB
Shmem:             23520 kB
KReclaimable:     651444 kB
Slab:             204208 kB
SReclaimable:      67380 kB
SUnreclaim:       136828 kB
KernelStack:       42672 kB
PageTables:        56540 kB
NFS_Unstable:          0 kB
Bounce:                0 kB
WritebackTmp:          0 kB
CommitLimit:     9202296 kB
Committed_AS:   57670520 kB
VmallocTotal:   263061440 kB
VmallocUsed:       99728 kB
VmallocChunk:          0 kB
Percpu:             7616 kB
CmaTotal:         294912 kB
CmaFree:               0 kB
MemTotal:       12113144 kB
MemFree:         6714128 kB
MemAvailable:    8102068 kB
Buffers:            5848 kB
Cached:          1627704 kB
SwapCached:            0 kB
Active:          1477288 kB
Inactive:        1343744 kB
Active(anon):    1194536 kB
Inactive(anon):    21296 kB
Active(file):     282752 kB
Inactive(file):  1322448 kB
Unevictable:        5864 kB
Mlocked:            5864 kB
SwapTotal:       3145724 kB
SwapFree:        3145724 kB
Dirty:               184 kB
Writeback:             0 kB
AnonPages:       1193572 kB
Mapped:           807096 kB
Shmem:             23520 kB
KReclaimable:     651444 kB
Slab:             204208 kB
SReclaimable:      67380 kB
SUnreclaim:       136828 kB
KernelStack:       42640 kB
PageTables:        56384 kB
NFS_Unstable:          0 kB
Bounce:                0 kB
WritebackTmp:          0 kB
CommitLimit:     9202296 kB
Committed_AS:   57674452 kB
VmallocTotal:   263061440 kB
VmallocUsed:       99712 kB
VmallocChunk:          0 kB
Percpu:             7616 kB
CmaTotal:         294912 kB
CmaFree:               0 kB
MemTotal:       12113144 kB
MemFree:         6713152 kB
MemAvailable:    8101092 kB
Buffers:            5848 kB
Cached:          1627704 kB
SwapCached:            0 kB
Active:          1477752 kB
Inactive:        1343744 kB
Active(anon):    1195000 kB
Inactive(anon):    21296 kB
Active(file):     282752 kB
Inactive(file):  1322448 kB
Unevictable:        5864 kB
Mlocked:            5864 kB
SwapTotal:       3145724 kB
SwapFree:        3145724 kB
Dirty:               184 kB
Writeback:             0 kB
AnonPages:       1193784 kB
Mapped:           807096 kB
Shmem:             23520 kB
KReclaimable:     651444 kB
Slab:             204216 kB
SReclaimable:      67380 kB
SUnreclaim:       136836 kB
KernelStack:       42672 kB
PageTables:        56520 kB
NFS_Unstable:          0 kB
Bounce:                0 kB
WritebackTmp:          0 kB
CommitLimit:     9202296 kB
Committed_AS:   57674276 kB
VmallocTotal:   263061440 kB
VmallocUsed:       99728 kB
VmallocChunk:          0 kB
Percpu:             7616 kB
CmaTotal:         294912 kB
CmaFree:               0 kB
MemTotal:       12113144 kB
MemFree:         6713504 kB
MemAvailable:    8101444 kB
Buffers:            5848 kB
Cached:          1627704 kB
SwapCached:            0 kB
Active:          1477920 kB
Inactive:        1343744 kB
Active(anon):    1195168 kB
Inactive(anon):    21296 kB
Active(file):     282752 kB
Inactive(file):  1322448 kB
Unevictable:        5864 kB
Mlocked:            5864 kB
SwapTotal:       3145724 kB
SwapFree:        3145724 kB
Dirty:               184 kB
Writeback:             0 kB
AnonPages:       1194028 kB
Mapped:           806836 kB
Shmem:             23520 kB
KReclaimable:     651444 kB
Slab:             204216 kB
SReclaimable:      67380 kB
SUnreclaim:       136836 kB
KernelStack:       42640 kB
PageTables:        56772 kB
NFS_Unstable:          0 kB
Bounce:                0 kB
WritebackTmp:          0 kB
CommitLimit:     9202296 kB
Committed_AS:   57669908 kB
VmallocTotal:   263061440 kB
VmallocUsed:       99680 kB
VmallocChunk:          0 kB
Percpu:             7616 kB
CmaTotal:         294912 kB
CmaFree:               0 kB
MemTotal:       12113144 kB
MemFree:         6712436 kB
MemAvailable:    8100376 kB
Buffers:            5848 kB
Cached:          1627704 kB
SwapCached:            0 kB
Active:          1481768 kB
Inactive:        1343744 kB
Active(anon):    1199016 kB
Inactive(anon):    21296 kB
Active(file):     282752 kB
Inactive(file):  1322448 kB
Unevictable:        5864 kB
Mlocked:            5864 kB
SwapTotal:       3145724 kB
SwapFree:        3145724 kB
Dirty:               184 kB
Writeback:             0 kB
AnonPages:       1197876 kB
Mapped:           807096 kB
Shmem:             23520 kB
KReclaimable:     651444 kB
Slab:             204216 kB
SReclaimable:      67380 kB
SUnreclaim:       136836 kB
KernelStack:       42688 kB
PageTables:        56520 kB
NFS_Unstable:          0 kB
Bounce:                0 kB
WritebackTmp:          0 kB
CommitLimit:     9202296 kB
Committed_AS:   57658580 kB
VmallocTotal:   263061440 kB
VmallocUsed:       99680 kB
VmallocChunk:          0 kB
Percpu:             7616 kB
CmaTotal:         294912 kB
CmaFree:               0 kB
MemTotal:       12113144 kB
MemFree:         6711920 kB
MemAvailable:    8099860 kB
Buffers:            5848 kB
Cached:          1627704 kB
SwapCached:            0 kB
Active:          1478992 kB
Inactive:        1343744 kB
Active(anon):    1196240 kB
Inactive(anon):    21296 kB
Active(file):     282752 kB
Inactive(file):  1322448 kB
Unevictable:        5864 kB
Mlocked:            5864 kB
SwapTotal:       3145724 kB
SwapFree:        3145724 kB
Dirty:               236 kB
Writeback:             0 kB
AnonPages:       1195136 kB
Mapped:           807096 kB
Shmem:             23520 kB
KReclaimable:     651444 kB
Slab:             204224 kB
SReclaimable:      67380 kB
SUnreclaim:       136844 kB
KernelStack:       42672 kB
PageTables:        56528 kB
NFS_Unstable:          0 kB
Bounce:                0 kB
WritebackTmp:          0 kB
CommitLimit:     9202296 kB
Committed_AS:   57670472 kB
VmallocTotal:   263061440 kB
VmallocUsed:       99712 kB
VmallocChunk:          0 kB
Percpu:             7616 kB
CmaTotal:         294912 kB
CmaFree:               0 kB
MemTotal:       12113144 kB
MemFree:         6702980 kB
MemAvailable:    8090920 kB
Buffers:            5848 kB
Cached:          1627704 kB
SwapCached:            0 kB
Active:          1488692 kB
Inactive:        1343744 kB
Active(anon):    1205940 kB
Inactive(anon):    21296 kB
Active(file):     282752 kB
Inactive(file):  1322448 kB
Unevictable:        5864 kB
Mlocked:            5864 kB
SwapTotal:       3145724 kB
SwapFree:        3145724 kB
Dirty:               244 kB
Writeback:             0 kB
AnonPages:       1204864 kB
Mapped:           807076 kB
Shmem:             23520 kB
KReclaimable:     651444 kB
Slab:             204228 kB
SReclaimable:      67380 kB
SUnreclaim:       136848 kB
KernelStack:       42720 kB
PageTables:        56436 kB
NFS_Unstable:          0 kB
Bounce:                0 kB
WritebackTmp:          0 kB
CommitLimit:     9202296 kB
Committed_AS:   57683232 kB
VmallocTotal:   263061440 kB
VmallocUsed:       99696 kB
VmallocChunk:          0 kB
Percpu:             7616 kB
CmaTotal:         294912 kB
CmaFree:               0 kB
MemTotal:       12113144 kB
MemFree:         6703628 kB
MemAvailable:    8091560 kB
Buffers:            5848 kB
Cached:          1627696 kB
SwapCached:            0 kB
Active:          1489072 kB
Inactive:        1343740 kB
Active(anon):    1206324 kB
Inactive(anon):    21296 kB
Active(file):     282748 kB
Inactive(file):  1322444 kB
Unevictable:        5864 kB
Mlocked:            5864 kB
SwapTotal:       3145724 kB
SwapFree:        3145724 kB
Dirty:               240 kB
Writeback:             0 kB
AnonPages:       1205284 kB
Mapped:           806892 kB
Shmem:             23520 kB
KReclaimable:     651444 kB
Slab:             204228 kB
SReclaimable:      67380 kB
SUnreclaim:       136848 kB
KernelStack:       42672 kB
PageTables:        56632 kB
NFS_Unstable:          0 kB
Bounce:                0 kB
WritebackTmp:          0 kB
CommitLimit:     9202296 kB
Committed_AS:   57680452 kB
VmallocTotal:   263061440 kB
VmallocUsed:       99696 kB
VmallocChunk:          0 kB
Percpu:             7616 kB
CmaTotal:         294912 kB
CmaFree:               0 kB
MemTotal:       12113144 kB
MemFree:         6702288 kB
MemAvailable:    8090232 kB
Buffers:            5848 kB
Cached:          1627708 kB
SwapCached:            0 kB
Active:          1489716 kB
Inactive:        1343748 kB
Active(anon):    1206964 kB
Inactive(anon):    21296 kB
Active(file):     282752 kB
Inactive(file):  1322452 kB
Unevictable:        5864 kB
Mlocked:            5864 kB
SwapTotal:       3145724 kB
SwapFree:        3145724 kB
Dirty:               264 kB
Writeback:             0 kB
AnonPages:       1206112 kB
Mapped:           806936 kB
Shmem:             23520 kB
KReclaimable:     651444 kB
Slab:             204228 kB
SReclaimable:      67380 kB
SUnreclaim:       136848 kB
KernelStack:       42736 kB
PageTables:        56648 kB
NFS_Unstable:          0 kB
Bounce:                0 kB
WritebackTmp:          0 kB
CommitLimit:     9202296 kB
Committed_AS:   57689576 kB
VmallocTotal:   263061440 kB
VmallocUsed:       99712 kB
VmallocChunk:          0 kB
Percpu:             7616 kB
CmaTotal:         294912 kB
CmaFree:               0 kB
MemTotal:       12113144 kB
MemFree:         6698132 kB
MemAvailable:    8086076 kB
Buffers:            5848 kB
Cached:          1627672 kB
SwapCached:            0 kB
Active:          1493284 kB
Inactive:        1343712 kB
Active(anon):    1210532 kB
Inactive(anon):    21260 kB
Active(file):     282752 kB
Inactive(file):  1322452 kB
Unevictable:        5864 kB
Mlocked:            5864 kB
SwapTotal:       3145724 kB
SwapFree:        3145724 kB
Dirty:               264 kB
Writeback:             0 kB
AnonPages:       1209400 kB
Mapped:           807052 kB
Shmem:             23484 kB
KReclaimable:     651444 kB
Slab:             204228 kB
SReclaimable:      67380 kB
SUnreclaim:       136848 kB
KernelStack:       42704 kB
PageTables:        56568 kB
NFS_Unstable:          0 kB
Bounce:                0 kB
WritebackTmp:          0 kB
CommitLimit:     9202296 kB
Committed_AS:   57697380 kB
VmallocTotal:   263061440 kB
VmallocUsed:       99696 kB
VmallocChunk:          0 kB
Percpu:             7616 kB
CmaTotal:         294912 kB
CmaFree:               0 kB
MemTotal:       12113144 kB
MemFree:         6698952 kB
MemAvailable:    8086896 kB
Buffers:            5848 kB
Cached:          1627708 kB
SwapCached:            0 kB
Active:          1492892 kB
Inactive:        1343748 kB
Active(anon):    1210140 kB
Inactive(anon):    21296 kB
Active(file):     282752 kB
Inactive(file):  1322452 kB
Unevictable:        5864 kB
Mlocked:            5864 kB
SwapTotal:       3145724 kB
SwapFree:        3145724 kB
Dirty:               264 kB
Writeback:             0 kB
AnonPages:       1209048 kB
Mapped:           806836 kB
Shmem:             23520 kB
KReclaimable:     651444 kB
Slab:             204232 kB
SReclaimable:      67380 kB
SUnreclaim:       136852 kB
KernelStack:       42672 kB
PageTables:        56520 kB
NFS_Unstable:          0 kB
Bounce:                0 kB
WritebackTmp:          0 kB
CommitLimit:     9202296 kB
Committed_AS:   57697080 kB
VmallocTotal:   263061440 kB
VmallocUsed:       99712 kB
VmallocChunk:          0 kB
Percpu:             7616 kB
CmaTotal:         294912 kB
CmaFree:               0 kB
MemTotal:       12113144 kB
MemFree:         6697404 kB
MemAvailable:    8085348 kB
Buffers:            5848 kB
Cached:          1627708 kB
SwapCached:            0 kB
Active:          1493568 kB
Inactive:        1343748 kB
Active(anon):    1210816 kB
Inactive(anon):    21296 kB
Active(file):     282752 kB
Inactive(file):  1322452 kB
Unevictable:        5864 kB
Mlocked:            5864 kB
SwapTotal:       3145724 kB
SwapFree:        3145724 kB
Dirty:               264 kB
Writeback:             0 kB
AnonPages:       1209808 kB
Mapped:           806836 kB
Shmem:             23520 kB
KReclaimable:     651444 kB
Slab:             204232 kB
SReclaimable:      67380 kB
SUnreclaim:       136852 kB
KernelStack:       42672 kB
PageTables:        56528 kB
NFS_Unstable:          0 kB
Bounce:                0 kB
WritebackTmp:          0 kB
CommitLimit:     9202296 kB
Committed_AS:   57695368 kB
VmallocTotal:   263061440 kB
VmallocUsed:       99728 kB
VmallocChunk:          0 kB
Percpu:             7616 kB
CmaTotal:         294912 kB
CmaFree:               0 kB
MemTotal:       12113144 kB
MemFree:         6697252 kB
MemAvailable:    8085196 kB
Buffers:            5848 kB
Cached:          1627708 kB
SwapCached:            0 kB
Active:          1493716 kB
Inactive:        1343748 kB
Active(anon):    1210964 kB
Inactive(anon):    21296 kB
Active(file):     282752 kB
Inactive(file):  1322452 kB
Unevictable:        5864 kB
Mlocked:            5864 kB
SwapTotal:       3145724 kB
SwapFree:        3145724 kB
Dirty:               264 kB
Writeback:             0 kB
AnonPages:       1210264 kB
Mapped:           807156 kB
Shmem:             23520 kB
KReclaimable:     651444 kB
Slab:             204232 kB
SReclaimable:      67380 kB
SUnreclaim:       136852 kB
KernelStack:       42704 kB
PageTables:        56660 kB
NFS_Unstable:          0 kB
Bounce:                0 kB
WritebackTmp:          0 kB
CommitLimit:     9202296 kB
Committed_AS:   57689652 kB
VmallocTotal:   263061440 kB
VmallocUsed:       99728 kB
VmallocChunk:          0 kB
Percpu:             7616 kB
CmaTotal:         294912 kB
CmaFree:               0 kB
MemTotal:       12113144 kB
MemFree:         6698324 kB
MemAvailable:    8086268 kB
Buffers:            5848 kB
Cached:          1627708 kB
SwapCached:            0 kB
Active:          1494668 kB
Inactive:        1343748 kB
Active(anon):    1211916 kB
Inactive(anon):    21296 kB
Active(file):     282752 kB
Inactive(file):  1322452 kB
Unevictable:        5864 kB
Mlocked:            5864 kB
SwapTotal:       3145724 kB
SwapFree:        3145724 kB
Dirty:               264 kB
Writeback:             0 kB
AnonPages:       1210588 kB
Mapped:           806900 kB
Shmem:             23520 kB
KReclaimable:     651444 kB
Slab:             204232 kB
SReclaimable:      67380 kB
SUnreclaim:       136852 kB
KernelStack:       42688 kB
PageTables:        56568 kB
NFS_Unstable:          0 kB
Bounce:                0 kB
WritebackTmp:          0 kB
CommitLimit:     9202296 kB
Committed_AS:   57689232 kB
VmallocTotal:   263061440 kB
VmallocUsed:       99696 kB
VmallocChunk:          0 kB
Percpu:             7616 kB
CmaTotal:         294912 kB
CmaFree:               0 kB
MemTotal:       12113144 kB
MemFree:         6702876 kB
MemAvailable:    8090832 kB
Buffers:            5852 kB
Cached:          1627716 kB
SwapCached:            0 kB
Active:          1489332 kB
Inactive:        1343756 kB
Active(anon):    1206576 kB
Inactive(anon):    21296 kB
Active(file):     282756 kB
Inactive(file):  1322460 kB
Unevictable:        5864 kB
Mlocked:            5864 kB
SwapTotal:       3145724 kB
SwapFree:        3145724 kB
Dirty:               244 kB
Writeback:             0 kB
AnonPages:       1205608 kB
Mapped:           807140 kB
Shmem:             23520 kB
KReclaimable:     651444 kB
Slab:             204232 kB
SReclaimable:      67380 kB
SUnreclaim:       136852 kB
KernelStack:       42672 kB
PageTables:        56528 kB
NFS_Unstable:          0 kB
Bounce:                0 kB
WritebackTmp:          0 kB
CommitLimit:     9202296 kB
Committed_AS:   57685664 kB
VmallocTotal:   263061440 kB
VmallocUsed:       99696 kB
VmallocChunk:          0 kB
Percpu:             7616 kB
CmaTotal:         294912 kB
CmaFree:               0 kB
MemTotal:       12113144 kB
MemFree:         6702200 kB
MemAvailable:    8090156 kB
Buffers:            5852 kB
Cached:          1627716 kB
SwapCached:            0 kB
Active:          1489500 kB
Inactive:        1343756 kB
Active(anon):    1206744 kB
Inactive(anon):    21296 kB
Active(file):     282756 kB
Inactive(file):  1322460 kB
Unevictable:        5864 kB
Mlocked:            5864 kB
SwapTotal:       3145724 kB
SwapFree:        3145724 kB
Dirty:               244 kB
Writeback:             0 kB
AnonPages:       1206120 kB
Mapped:           807148 kB
Shmem:             23520 kB
KReclaimable:     651444 kB
Slab:             204232 kB
SReclaimable:      67380 kB
SUnreclaim:       136852 kB
KernelStack:       42720 kB
PageTables:        56608 kB
NFS_Unstable:          0 kB
Bounce:                0 kB
WritebackTmp:          0 kB
CommitLimit:     9202296 kB
Committed_AS:   57666164 kB
VmallocTotal:   263061440 kB
VmallocUsed:       99712 kB
VmallocChunk:          0 kB
Percpu:             7616 kB
CmaTotal:         294912 kB
CmaFree:               0 kB
MemTotal:       12113144 kB
MemFree:         6704144 kB
MemAvailable:    8092100 kB
Buffers:            5852 kB
Cached:          1627716 kB
SwapCached:            0 kB
Active:          1486688 kB
Inactive:        1343756 kB
Active(anon):    1203932 kB
Inactive(anon):    21296 kB
Active(file):     282756 kB
Inactive(file):  1322460 kB
Unevictable:        5864 kB
Mlocked:            5864 kB
SwapTotal:       3145724 kB
SwapFree:        3145724 kB
Dirty:               248 kB
Writeback:             0 kB
AnonPages:       1202968 kB
Mapped:           807112 kB
Shmem:             23520 kB
KReclaimable:     651444 kB
Slab:             204236 kB
SReclaimable:      67380 kB
SUnreclaim:       136856 kB
KernelStack:       42688 kB
PageTables:        56368 kB
NFS_Unstable:          0 kB
Bounce:                0 kB
WritebackTmp:          0 kB
CommitLimit:     9202296 kB
Committed_AS:   57665456 kB
VmallocTotal:   263061440 kB
VmallocUsed:       99664 kB
VmallocChunk:          0 kB
Percpu:             7616 kB
CmaTotal:         294912 kB
CmaFree:               0 kB
MemTotal:       12113144 kB
MemFree:         6705000 kB
MemAvailable:    8092956 kB
Buffers:            5852 kB
Cached:          1627716 kB
SwapCached:            0 kB
Active:          1487004 kB
Inactive:        1343756 kB
Active(anon):    1204248 kB
Inactive(anon):    21296 kB
Active(file):     282756 kB
Inactive(file):  1322460 kB
Unevictable:        5864 kB
Mlocked:            5864 kB
SwapTotal:       3145724 kB
SwapFree:        3145724 kB
Dirty:               248 kB
Writeback:             0 kB
AnonPages:       1202936 kB
Mapped:           807052 kB
Shmem:             23520 kB
KReclaimable:     651444 kB
Slab:             204240 kB
SReclaimable:      67380 kB
SUnreclaim:       136860 kB
KernelStack:       42704 kB
PageTables:        56624 kB
NFS_Unstable:          0 kB
Bounce:                0 kB
WritebackTmp:          0 kB
CommitLimit:     9202296 kB
Committed_AS:   57657052 kB
VmallocTotal:   263061440 kB
VmallocUsed:       99680 kB
VmallocChunk:          0 kB
Percpu:             7616 kB
CmaTotal:         294912 kB
CmaFree:               0 kB
MemTotal:       12113144 kB
MemFree:         6706384 kB
MemAvailable:    8094340 kB
Buffers:            5852 kB
Cached:          1627716 kB
SwapCached:            0 kB
Active:          1485872 kB
Inactive:        1343756 kB
Active(anon):    1203116 kB
Inactive(anon):    21296 kB
Active(file):     282756 kB
Inactive(file):  1322460 kB
Unevictable:        5864 kB
Mlocked:            5864 kB
SwapTotal:       3145724 kB
SwapFree:        3145724 kB
Dirty:               280 kB
Writeback:             0 kB
AnonPages:       1201984 kB
Mapped:           806880 kB
Shmem:             23520 kB
KReclaimable:     651444 kB
Slab:             204232 kB
SReclaimable:      67380 kB
SUnreclaim:       136852 kB
KernelStack:       42672 kB
PageTables:        56528 kB
NFS_Unstable:          0 kB
Bounce:                0 kB
WritebackTmp:          0 kB
CommitLimit:     9202296 kB
Committed_AS:   57663668 kB
VmallocTotal:   263061440 kB
VmallocUsed:       99712 kB
VmallocChunk:          0 kB
Percpu:             7616 kB
CmaTotal:         294912 kB
CmaFree:               0 kB
MemTotal:       12113144 kB
MemFree:         6702152 kB
MemAvailable:    8090108 kB
Buffers:            5852 kB
Cached:          1627584 kB
SwapCached:            0 kB
Active:          1489176 kB
Inactive:        1343624 kB
Active(anon):    1206420 kB
Inactive(anon):    21164 kB
Active(file):     282756 kB
Inactive(file):  1322460 kB
Unevictable:        5864 kB
Mlocked:            5864 kB
SwapTotal:       3145724 kB
SwapFree:        3145724 kB
Dirty:               280 kB
Writeback:             0 kB
AnonPages:       1205176 kB
Mapped:           806920 kB
Shmem:             23388 kB
KReclaimable:     651444 kB
Slab:             204232 kB
SReclaimable:      67380 kB
SUnreclaim:       136852 kB
KernelStack:       42736 kB
PageTables:        56564 kB
NFS_Unstable:          0 kB
Bounce:                0 kB
WritebackTmp:          0 kB
CommitLimit:     9202296 kB
Committed_AS:   57673816 kB
VmallocTotal:   263061440 kB
VmallocUsed:       99712 kB
VmallocChunk:          0 kB
Percpu:             7616 kB
CmaTotal:         294912 kB
CmaFree:               0 kB
MemTotal:       12113144 kB
MemFree:         6700896 kB
MemAvailable:    8088852 kB
Buffers:            5852 kB
Cached:          1627716 kB
SwapCached:            0 kB
Active:          1490264 kB
Inactive:        1343756 kB
Active(anon):    1207508 kB
Inactive(anon):    21296 kB
Active(file):     282756 kB
Inactive(file):  1322460 kB
Unevictable:        5864 kB
Mlocked:            5864 kB
SwapTotal:       3145724 kB
SwapFree:        3145724 kB
Dirty:               280 kB
Writeback:             0 kB
AnonPages:       1206224 kB
Mapped:           807140 kB
Shmem:             23520 kB
KReclaimable:     651444 kB
Slab:             204244 kB
SReclaimable:      67380 kB
SUnreclaim:       136864 kB
KernelStack:       42672 kB
PageTables:        56528 kB
NFS_Unstable:          0 kB
Bounce:                0 kB
WritebackTmp:          0 kB
CommitLimit:     9202296 kB
Committed_AS:   57684148 kB
VmallocTotal:   263061440 kB
VmallocUsed:       99712 kB
VmallocChunk:          0 kB
Percpu:             7616 kB
CmaTotal:         294912 kB
CmaFree:               0 kB
MemTotal:       12113144 kB
MemFree:         6701680 kB
MemAvailable:    8089636 kB
Buffers:            5852 kB
Cached:          1627716 kB
SwapCached:            0 kB
Active:          1490196 kB
Inactive:        1343756 kB
Active(anon):    1207440 kB
Inactive(anon):    21296 kB
Active(file):     282756 kB
Inactive(file):  1322460 kB
Unevictable:        5864 kB
Mlocked:            5864 kB
SwapTotal:       3145724 kB
SwapFree:        3145724 kB
Dirty:               284 kB
Writeback:             0 kB
AnonPages:       1206220 kB
Mapped:           806636 kB
Shmem:             23520 kB
KReclaimable:     651444 kB
Slab:             204244 kB
SReclaimable:      67380 kB
SUnreclaim:       136864 kB
KernelStack:       42688 kB
PageTables:        56664 kB
NFS_Unstable:          0 kB
Bounce:                0 kB
WritebackTmp:          0 kB
CommitLimit:     9202296 kB
Committed_AS:   57679532 kB
VmallocTotal:   263061440 kB
VmallocUsed:       99664 kB
VmallocChunk:          0 kB
Percpu:             7616 kB
CmaTotal:         294912 kB
CmaFree:               0 kB
MemTotal:       12113144 kB
MemFree:         6701900 kB
MemAvailable:    8089856 kB
Buffers:            5852 kB
Cached:          1627716 kB
SwapCached:            0 kB
Active:          1490460 kB
Inactive:        1343756 kB
Active(anon):    1207704 kB
Inactive(anon):    21296 kB
Active(file):     282756 kB
Inactive(file):  1322460 kB
Unevictable:        5864 kB
Mlocked:            5864 kB
SwapTotal:       3145724 kB
SwapFree:        3145724 kB
Dirty:               284 kB
Writeback:             0 kB
AnonPages:       1206692 kB
Mapped:           807140 kB
Shmem:             23520 kB
KReclaimable:     651444 kB
Slab:             204244 kB
SReclaimable:      67380 kB
SUnreclaim:       136864 kB
KernelStack:       42640 kB
PageTables:        56396 kB
NFS_Unstable:          0 kB
Bounce:                0 kB
WritebackTmp:          0 kB
CommitLimit:     9202296 kB
Committed_AS:   57678852 kB
VmallocTotal:   263061440 kB
VmallocUsed:       99696 kB
VmallocChunk:          0 kB
Percpu:             7616 kB
CmaTotal:         294912 kB
CmaFree:               0 kB
MemTotal:       12113144 kB
MemFree:         6702892 kB
MemAvailable:    8090860 kB
Buffers:            5852 kB
Cached:          1627728 kB
SwapCached:            0 kB
Active:          1489616 kB
Inactive:        1343768 kB
Active(anon):    1206860 kB
Inactive(anon):    21296 kB
Active(file):     282756 kB
Inactive(file):  1322472 kB
Unevictable:        5864 kB
Mlocked:            5864 kB
SwapTotal:       3145724 kB
SwapFree:        3145724 kB
Dirty:               316 kB
Writeback:             0 kB
AnonPages:       1205624 kB
Mapped:           807200 kB
Shmem:             23520 kB
KReclaimable:     651444 kB
Slab:             204244 kB
SReclaimable:      67380 kB
SUnreclaim:       136864 kB
KernelStack:       42688 kB
PageTables:        56576 kB
NFS_Unstable:          0 kB
Bounce:                0 kB
WritebackTmp:          0 kB
CommitLimit:     9202296 kB
Committed_AS:   57674596 kB
VmallocTotal:   263061440 kB
VmallocUsed:       99680 kB
VmallocChunk:          0 kB
Percpu:             7616 kB
CmaTotal:         294912 kB
CmaFree:               4 kB
MemTotal:       12113144 kB
MemFree:         6702312 kB
MemAvailable:    8090280 kB
Buffers:            5852 kB
Cached:          1627732 kB
SwapCached:            0 kB
Active:          1490716 kB
Inactive:        1343772 kB
Active(anon):    1207960 kB
Inactive(anon):    21300 kB
Active(file):     282756 kB
Inactive(file):  1322472 kB
Unevictable:        5864 kB
Mlocked:            5864 kB
SwapTotal:       3145724 kB
SwapFree:        3145724 kB
Dirty:               132 kB
Writeback:             0 kB
AnonPages:       1206336 kB
Mapped:           807068 kB
Shmem:             23524 kB
KReclaimable:     651444 kB
Slab:             204280 kB
SReclaimable:      67380 kB
SUnreclaim:       136900 kB
KernelStack:       42704 kB
PageTables:        56564 kB
NFS_Unstable:          0 kB
Bounce:                0 kB
WritebackTmp:          0 kB
CommitLimit:     9202296 kB
Committed_AS:   57674220 kB
VmallocTotal:   263061440 kB
VmallocUsed:       99680 kB
VmallocChunk:          0 kB
Percpu:             7616 kB
CmaTotal:         294912 kB
CmaFree:               0 kB
MemTotal:       12113144 kB
MemFree:         6700272 kB
MemAvailable:    8088228 kB
Buffers:            5852 kB
Cached:          1627720 kB
SwapCached:            0 kB
Active:          1491044 kB
Inactive:        1343764 kB
Active(anon):    1208292 kB
Inactive(anon):    21300 kB
Active(file):     282752 kB
Inactive(file):  1322464 kB
Unevictable:        5864 kB
Mlocked:            5864 kB
SwapTotal:       3145724 kB
SwapFree:        3145724 kB
Dirty:               128 kB
Writeback:             0 kB
AnonPages:       1207360 kB
Mapped:           807144 kB
Shmem:             23524 kB
KReclaimable:     651444 kB
Slab:             204284 kB
SReclaimable:      67380 kB
SUnreclaim:       136904 kB
KernelStack:       42672 kB
PageTables:        56528 kB
NFS_Unstable:          0 kB
Bounce:                0 kB
WritebackTmp:          0 kB
CommitLimit:     9202296 kB
Committed_AS:   57683508 kB
VmallocTotal:   263061440 kB
VmallocUsed:       99744 kB
VmallocChunk:          0 kB
Percpu:             7616 kB
CmaTotal:         294912 kB
CmaFree:               0 kB
MemTotal:       12113144 kB
MemFree:         6700216 kB
MemAvailable:    8088184 kB
Buffers:            5852 kB
Cached:          1627732 kB
SwapCached:            0 kB
Active:          1491232 kB
Inactive:        1343772 kB
Active(anon):    1208476 kB
Inactive(anon):    21300 kB
Active(file):     282756 kB
Inactive(file):  1322472 kB
Unevictable:        5864 kB
Mlocked:            5864 kB
SwapTotal:       3145724 kB
SwapFree:        3145724 kB
Dirty:               156 kB
Writeback:             0 kB
AnonPages:       1207168 kB
Mapped:           807128 kB
Shmem:             23524 kB
KReclaimable:     651444 kB
Slab:             204284 kB
SReclaimable:      67380 kB
SUnreclaim:       136904 kB
KernelStack:       42704 kB
PageTables:        56580 kB
NFS_Unstable:          0 kB
Bounce:                0 kB
WritebackTmp:          0 kB
CommitLimit:     9202296 kB
Committed_AS:   57682108 kB
VmallocTotal:   263061440 kB
VmallocUsed:       99776 kB
VmallocChunk:          0 kB
Percpu:             7616 kB
CmaTotal:         294912 kB
CmaFree:               0 kB
MemTotal:       12113144 kB
MemFree:         6699168 kB
MemAvailable:    8087144 kB
Buffers:            5860 kB
Cached:          1627736 kB
SwapCached:            0 kB
Active:          1491540 kB
Inactive:        1343784 kB
Active(anon):    1208784 kB
Inactive(anon):    21304 kB
Active(file):     282756 kB
Inactive(file):  1322480 kB
Unevictable:        5864 kB
Mlocked:            5864 kB
SwapTotal:       3145724 kB
SwapFree:        3145724 kB
Dirty:               132 kB
Writeback:             0 kB
AnonPages:       1207980 kB
Mapped:           806872 kB
Shmem:             23528 kB
KReclaimable:     651444 kB
Slab:             204288 kB
SReclaimable:      67380 kB
SUnreclaim:       136908 kB
KernelStack:       42720 kB
PageTables:        56972 kB
NFS_Unstable:          0 kB
Bounce:                0 kB
WritebackTmp:          0 kB
CommitLimit:     9202296 kB
Committed_AS:   57681592 kB
VmallocTotal:   263061440 kB
VmallocUsed:       99760 kB
VmallocChunk:          0 kB
Percpu:             7616 kB
CmaTotal:         294912 kB
CmaFree:               0 kB
MemTotal:       12113144 kB
MemFree:         6699268 kB
MemAvailable:    8087256 kB
Buffers:            5860 kB
Cached:          1627748 kB
SwapCached:            0 kB
Active:          1492520 kB
Inactive:        1343788 kB
Active(anon):    1209756 kB
Inactive(anon):    21304 kB
Active(file):     282764 kB
Inactive(file):  1322484 kB
Unevictable:        5864 kB
Mlocked:            5864 kB
SwapTotal:       3145724 kB
SwapFree:        3145724 kB
Dirty:               132 kB
Writeback:             0 kB
AnonPages:       1208432 kB
Mapped:           806968 kB
Shmem:             23528 kB
KReclaimable:     651444 kB
Slab:             204288 kB
SReclaimable:      67380 kB
SUnreclaim:       136908 kB
KernelStack:       42704 kB
PageTables:        56556 kB
NFS_Unstable:          0 kB
Bounce:                0 kB
WritebackTmp:          0 kB
CommitLimit:     9202296 kB
Committed_AS:   57677836 kB
VmallocTotal:   263061440 kB
VmallocUsed:       99776 kB
VmallocChunk:          0 kB
Percpu:             7616 kB
CmaTotal:         294912 kB
CmaFree:               0 kB
MemTotal:       12113144 kB
MemFree:         6699428 kB
MemAvailable:    8087416 kB
Buffers:            5860 kB
Cached:          1627748 kB
SwapCached:            0 kB
Active:          1492588 kB
Inactive:        1343788 kB
Active(anon):    1209824 kB
Inactive(anon):    21304 kB
Active(file):     282764 kB
Inactive(file):  1322484 kB
Unevictable:        5864 kB
Mlocked:            5864 kB
SwapTotal:       3145724 kB
SwapFree:        3145724 kB
Dirty:               136 kB
Writeback:             0 kB
AnonPages:       1208896 kB
Mapped:           806936 kB
Shmem:             23528 kB
KReclaimable:     651444 kB
Slab:             204288 kB
SReclaimable:      67380 kB
SUnreclaim:       136908 kB
KernelStack:       42656 kB
PageTables:        56488 kB
NFS_Unstable:          0 kB
Bounce:                0 kB
WritebackTmp:          0 kB
CommitLimit:     9202296 kB
Committed_AS:   57663868 kB
VmallocTotal:   263061440 kB
VmallocUsed:       99664 kB
VmallocChunk:          0 kB
Percpu:             7616 kB
CmaTotal:         294912 kB
CmaFree:               0 kB
MemTotal:       12113144 kB
MemFree:         6708196 kB
MemAvailable:    8096184 kB
Buffers:            5860 kB
Cached:          1627748 kB
SwapCached:            0 kB
Active:          1483428 kB
Inactive:        1343788 kB
Active(anon):    1200664 kB
Inactive(anon):    21304 kB
Active(file):     282764 kB
Inactive(file):  1322484 kB
Unevictable:        5864 kB
Mlocked:            5864 kB
SwapTotal:       3145724 kB
SwapFree:        3145724 kB
Dirty:               136 kB
Writeback:             0 kB
AnonPages:       1199448 kB
Mapped:           806888 kB
Shmem:             23528 kB
KReclaimable:     651444 kB
Slab:             204288 kB
SReclaimable:      67380 kB
SUnreclaim:       136908 kB
KernelStack:       42688 kB
PageTables:        56540 kB
NFS_Unstable:          0 kB
Bounce:                0 kB
WritebackTmp:          0 kB
CommitLimit:     9202296 kB
Committed_AS:   57673912 kB
VmallocTotal:   263061440 kB
VmallocUsed:       99696 kB
VmallocChunk:          0 kB
Percpu:             7616 kB
CmaTotal:         294912 kB
CmaFree:               0 kB
MemTotal:       12113144 kB
MemFree:         6709060 kB
MemAvailable:    8097052 kB
Buffers:            5860 kB
Cached:          1627752 kB
SwapCached:            0 kB
Active:          1483688 kB
Inactive:        1343792 kB
Active(anon):    1200924 kB
Inactive(anon):    21304 kB
Active(file):     282764 kB
Inactive(file):  1322488 kB
Unevictable:        5864 kB
Mlocked:            5864 kB
SwapTotal:       3145724 kB
SwapFree:        3145724 kB
Dirty:               140 kB
Writeback:             0 kB
AnonPages:       1200040 kB
Mapped:           807076 kB
Shmem:             23528 kB
KReclaimable:     651444 kB
Slab:             204296 kB
SReclaimable:      67380 kB
SUnreclaim:       136916 kB
KernelStack:       42672 kB
PageTables:        56444 kB
NFS_Unstable:          0 kB
Bounce:                0 kB
WritebackTmp:          0 kB
CommitLimit:     9202296 kB
Committed_AS:   57663984 kB
VmallocTotal:   263061440 kB
VmallocUsed:       99680 kB
VmallocChunk:          0 kB
Percpu:             7616 kB
CmaTotal:         294912 kB
CmaFree:               0 kB
MemTotal:       12113144 kB
MemFree:         6709236 kB
MemAvailable:    8097228 kB
Buffers:            5860 kB
Cached:          1627752 kB
SwapCached:            0 kB
Active:          1483692 kB
Inactive:        1343792 kB
Active(anon):    1200928 kB
Inactive(anon):    21304 kB
Active(file):     282764 kB
Inactive(file):  1322488 kB
Unevictable:        5864 kB
Mlocked:            5864 kB
SwapTotal:       3145724 kB
SwapFree:        3145724 kB
Dirty:               148 kB
Writeback:             0 kB
AnonPages:       1200116 kB
Mapped:           807148 kB
Shmem:             23528 kB
KReclaimable:     651444 kB
Slab:             204296 kB
SReclaimable:      67380 kB
SUnreclaim:       136916 kB
KernelStack:       42656 kB
PageTables:        56536 kB
NFS_Unstable:          0 kB
Bounce:                0 kB
WritebackTmp:          0 kB
CommitLimit:     9202296 kB
Committed_AS:   57666560 kB
VmallocTotal:   263061440 kB
VmallocUsed:       99632 kB
VmallocChunk:          0 kB
Percpu:             7616 kB
CmaTotal:         294912 kB
CmaFree:               0 kB
MemTotal:       12113144 kB
MemFree:         6707720 kB
MemAvailable:    8095712 kB
Buffers:            5860 kB
Cached:          1627752 kB
SwapCached:            0 kB
Active:          1484036 kB
Inactive:        1343792 kB
Active(anon):    1201272 kB
Inactive(anon):    21304 kB
Active(file):     282764 kB
Inactive(file):  1322488 kB
Unevictable:        5864 kB
Mlocked:            5864 kB
SwapTotal:       3145724 kB
SwapFree:        3145724 kB
Dirty:               144 kB
Writeback:             0 kB
AnonPages:       1200164 kB
Mapped:           806952 kB
Shmem:             23528 kB
KReclaimable:     651444 kB
Slab:             204296 kB
SReclaimable:      67380 kB
SUnreclaim:       136916 kB
KernelStack:       42688 kB
PageTables:        56548 kB
NFS_Unstable:          0 kB
Bounce:                0 kB
WritebackTmp:          0 kB
CommitLimit:     9202296 kB
Committed_AS:   57673800 kB
VmallocTotal:   263061440 kB
VmallocUsed:       99664 kB
VmallocChunk:          0 kB
Percpu:             7616 kB
CmaTotal:         294912 kB
CmaFree:               0 kB
MemTotal:       12113144 kB
MemFree:         6707692 kB
MemAvailable:    8095684 kB
Buffers:            5860 kB
Cached:          1627752 kB
SwapCached:            0 kB
Active:          1484536 kB
Inactive:        1343792 kB
Active(anon):    1201772 kB
Inactive(anon):    21304 kB
Active(file):     282764 kB
Inactive(file):  1322488 kB
Unevictable:        5864 kB
Mlocked:            5864 kB
SwapTotal:       3145724 kB
SwapFree:        3145724 kB
Dirty:               148 kB
Writeback:             0 kB
AnonPages:       1200388 kB
Mapped:           807132 kB
Shmem:             23528 kB
KReclaimable:     651444 kB
Slab:             204296 kB
SReclaimable:      67380 kB
SUnreclaim:       136916 kB
KernelStack:       42672 kB
PageTables:        56548 kB
NFS_Unstable:          0 kB
Bounce:                0 kB
WritebackTmp:          0 kB
CommitLimit:     9202296 kB
Committed_AS:   57671212 kB
VmallocTotal:   263061440 kB
VmallocUsed:       99680 kB
VmallocChunk:          0 kB
Percpu:             7616 kB
CmaTotal:         294912 kB
CmaFree:               0 kB
MemTotal:       12113144 kB
MemFree:         6706988 kB
MemAvailable:    8094980 kB
Buffers:            5860 kB
Cached:          1627752 kB
SwapCached:            0 kB
Active:          1485000 kB
Inactive:        1343792 kB
Active(anon):    1202236 kB
Inactive(anon):    21304 kB
Active(file):     282764 kB
Inactive(file):  1322488 kB
Unevictable:        5864 kB
Mlocked:            5864 kB
SwapTotal:       3145724 kB
SwapFree:        3145724 kB
Dirty:               152 kB
Writeback:             0 kB
AnonPages:       1200964 kB
Mapped:           806888 kB
Shmem:             23528 kB
KReclaimable:     651444 kB
Slab:             204300 kB
SReclaimable:      67380 kB
SUnreclaim:       136920 kB
KernelStack:       42688 kB
PageTables:        56632 kB
NFS_Unstable:          0 kB
Bounce:                0 kB
WritebackTmp:          0 kB
CommitLimit:     9202296 kB
Committed_AS:   57669320 kB
VmallocTotal:   263061440 kB
VmallocUsed:       99664 kB
VmallocChunk:          0 kB
Percpu:             7616 kB
CmaTotal:         294912 kB
CmaFree:               0 kB
MemTotal:       12113144 kB
MemFree:         6706496 kB
MemAvailable:    8094496 kB
Buffers:            5860 kB
Cached:          1627760 kB
SwapCached:            0 kB
Active:          1485312 kB
Inactive:        1343800 kB
Active(anon):    1202548 kB
Inactive(anon):    21304 kB
Active(file):     282764 kB
Inactive(file):  1322496 kB
Unevictable:        5864 kB
Mlocked:            5864 kB
SwapTotal:       3145724 kB
SwapFree:        3145724 kB
Dirty:               180 kB
Writeback:             0 kB
AnonPages:       1201080 kB
Mapped:           807148 kB
Shmem:             23528 kB
KReclaimable:     651444 kB
Slab:             204300 kB
SReclaimable:      67380 kB
SUnreclaim:       136920 kB
KernelStack:       42640 kB
PageTables:        56384 kB
NFS_Unstable:          0 kB
Bounce:                0 kB
WritebackTmp:          0 kB
CommitLimit:     9202296 kB
Committed_AS:   57671088 kB
VmallocTotal:   263061440 kB
VmallocUsed:       99680 kB
VmallocChunk:          0 kB
Percpu:             7616 kB
CmaTotal:         294912 kB
CmaFree:               0 kB
MemTotal:       12113144 kB
MemFree:         6706752 kB
MemAvailable:    8094752 kB
Buffers:            5860 kB
Cached:          1627760 kB
SwapCached:            0 kB
Active:          1485048 kB
Inactive:        1343800 kB
Active(anon):    1202284 kB
Inactive(anon):    21304 kB
Active(file):     282764 kB
Inactive(file):  1322496 kB
Unevictable:        5864 kB
Mlocked:            5864 kB
SwapTotal:       3145724 kB
SwapFree:        3145724 kB
Dirty:               160 kB
Writeback:             0 kB
AnonPages:       1201144 kB
Mapped:           807124 kB
Shmem:             23528 kB
KReclaimable:     651444 kB
Slab:             204300 kB
SReclaimable:      67380 kB
SUnreclaim:       136920 kB
KernelStack:       42672 kB
PageTables:        56492 kB
NFS_Unstable:          0 kB
Bounce:                0 kB
WritebackTmp:          0 kB
CommitLimit:     9202296 kB
Committed_AS:   57685916 kB
VmallocTotal:   263061440 kB
VmallocUsed:       99680 kB
VmallocChunk:          0 kB
Percpu:             7616 kB
CmaTotal:         294912 kB
CmaFree:               0 kB
MemTotal:       12113144 kB
MemFree:         6707064 kB
MemAvailable:    8095064 kB
Buffers:            5860 kB
Cached:          1627764 kB
SwapCached:            0 kB
Active:          1485876 kB
Inactive:        1343804 kB
Active(anon):    1203112 kB
Inactive(anon):    21308 kB
Active(file):     282764 kB
Inactive(file):  1322496 kB
Unevictable:        5864 kB
Mlocked:            5864 kB
SwapTotal:       3145724 kB
SwapFree:        3145724 kB
Dirty:               160 kB
Writeback:             0 kB
AnonPages:       1201828 kB
Mapped:           807232 kB
Shmem:             23532 kB
KReclaimable:     651444 kB
Slab:             204300 kB
SReclaimable:      67380 kB
SUnreclaim:       136920 kB
KernelStack:       42704 kB
PageTables:        56460 kB
NFS_Unstable:          0 kB
Bounce:                0 kB
WritebackTmp:          0 kB
CommitLimit:     9202296 kB
Committed_AS:   57680384 kB
VmallocTotal:   263061440 kB
VmallocUsed:       99680 kB
VmallocChunk:          0 kB
Percpu:             7616 kB
CmaTotal:         294912 kB
CmaFree:               0 kB
MemTotal:       12113144 kB
MemFree:         6716860 kB
MemAvailable:    8104868 kB
Buffers:            5864 kB
Cached:          1627768 kB
SwapCached:            0 kB
Active:          1473688 kB
Inactive:        1343808 kB
Active(anon):    1190920 kB
Inactive(anon):    21308 kB
Active(file):     282768 kB
Inactive(file):  1322500 kB
Unevictable:        5864 kB
Mlocked:            5864 kB
SwapTotal:       3145724 kB
SwapFree:        3145724 kB
Dirty:               156 kB
Writeback:             0 kB
AnonPages:       1189744 kB
Mapped:           806892 kB
Shmem:             23532 kB
KReclaimable:     651444 kB
Slab:             204304 kB
SReclaimable:      67380 kB
SUnreclaim:       136924 kB
KernelStack:       42656 kB
PageTables:        56528 kB
NFS_Unstable:          0 kB
Bounce:                0 kB
WritebackTmp:          0 kB
CommitLimit:     9202296 kB
Committed_AS:   57676008 kB
VmallocTotal:   263061440 kB
VmallocUsed:       99632 kB
VmallocChunk:          0 kB
Percpu:             7616 kB
CmaTotal:         294912 kB
CmaFree:               0 kB
MemTotal:       12113144 kB
MemFree:         6715676 kB
MemAvailable:    8103688 kB
Buffers:            5864 kB
Cached:          1627772 kB
SwapCached:            0 kB
Active:          1474200 kB
Inactive:        1343812 kB
Active(anon):    1191432 kB
Inactive(anon):    21308 kB
Active(file):     282768 kB
Inactive(file):  1322504 kB
Unevictable:        5864 kB
Mlocked:            5864 kB
SwapTotal:       3145724 kB
SwapFree:        3145724 kB
Dirty:               160 kB
Writeback:             0 kB
AnonPages:       1190500 kB
Mapped:           807096 kB
Shmem:             23532 kB
KReclaimable:     651444 kB
Slab:             204304 kB
SReclaimable:      67380 kB
SUnreclaim:       136924 kB
KernelStack:       42704 kB
PageTables:        56592 kB
NFS_Unstable:          0 kB
Bounce:                0 kB
WritebackTmp:          0 kB
CommitLimit:     9202296 kB
Committed_AS:   57679532 kB
VmallocTotal:   263061440 kB
VmallocUsed:       99664 kB
VmallocChunk:          0 kB
Percpu:             7616 kB
CmaTotal:         294912 kB
CmaFree:               0 kB
MemTotal:       12113144 kB
MemFree:         6717732 kB
MemAvailable:    8105744 kB
Buffers:            5864 kB
Cached:          1627772 kB
SwapCached:            0 kB
Active:          1474312 kB
Inactive:        1343812 kB
Active(anon):    1191544 kB
Inactive(anon):    21308 kB
Active(file):     282768 kB
Inactive(file):  1322504 kB
Unevictable:        5864 kB
Mlocked:            5864 kB
SwapTotal:       3145724 kB
SwapFree:        3145724 kB
Dirty:               164 kB
Writeback:             0 kB
AnonPages:       1190660 kB
Mapped:           807264 kB
Shmem:             23532 kB
KReclaimable:     651444 kB
Slab:             204308 kB
SReclaimable:      67380 kB
SUnreclaim:       136928 kB
KernelStack:       42704 kB
PageTables:        56616 kB
NFS_Unstable:          0 kB
Bounce:                0 kB
WritebackTmp:          0 kB
CommitLimit:     9202296 kB
Committed_AS:   57681764 kB
VmallocTotal:   263061440 kB
VmallocUsed:       99680 kB
VmallocChunk:          0 kB
Percpu:             7616 kB
CmaTotal:         294912 kB
CmaFree:               0 kB
MemTotal:       12113144 kB
MemFree:         6717492 kB
MemAvailable:    8105504 kB
Buffers:            5864 kB
Cached:          1627772 kB
SwapCached:            0 kB
Active:          1473024 kB
Inactive:        1343812 kB
Active(anon):    1190256 kB
Inactive(anon):    21308 kB
Active(file):     282768 kB
Inactive(file):  1322504 kB
Unevictable:        5864 kB
Mlocked:            5864 kB
SwapTotal:       3145724 kB
SwapFree:        3145724 kB
Dirty:               192 kB
Writeback:             0 kB
AnonPages:       1189032 kB
Mapped:           806932 kB
Shmem:             23532 kB
KReclaimable:     651444 kB
Slab:             204308 kB
SReclaimable:      67380 kB
SUnreclaim:       136928 kB
KernelStack:       42720 kB
PageTables:        56704 kB
NFS_Unstable:          0 kB
Bounce:                0 kB
WritebackTmp:          0 kB
CommitLimit:     9202296 kB
Committed_AS:   57683832 kB
VmallocTotal:   263061440 kB
VmallocUsed:       99728 kB
VmallocChunk:          0 kB
Percpu:             7616 kB
CmaTotal:         294912 kB
CmaFree:             140 kB
MemTotal:       12113144 kB
MemFree:         6717100 kB
MemAvailable:    8105112 kB
Buffers:            5864 kB
Cached:          1627772 kB
SwapCached:            0 kB
Active:          1474108 kB
Inactive:        1343812 kB
Active(anon):    1191340 kB
Inactive(anon):    21308 kB
Active(file):     282768 kB
Inactive(file):  1322504 kB
Unevictable:        5864 kB
Mlocked:            5864 kB
SwapTotal:       3145724 kB
SwapFree:        3145724 kB
Dirty:               208 kB
Writeback:             0 kB
AnonPages:       1190200 kB
Mapped:           807192 kB
Shmem:             23532 kB
KReclaimable:     651444 kB
Slab:             204308 kB
SReclaimable:      67380 kB
SUnreclaim:       136928 kB
KernelStack:       42688 kB
PageTables:        56544 kB
NFS_Unstable:          0 kB
Bounce:                0 kB
WritebackTmp:          0 kB
CommitLimit:     9202296 kB
Committed_AS:   57684420 kB
VmallocTotal:   263061440 kB
VmallocUsed:       99680 kB
VmallocChunk:          0 kB
Percpu:             7616 kB
CmaTotal:         294912 kB
CmaFree:               0 kB
MemTotal:       12113144 kB
MemFree:         6716272 kB
MemAvailable:    8104284 kB
Buffers:            5864 kB
Cached:          1627772 kB
SwapCached:            0 kB
Active:          1474580 kB
Inactive:        1343812 kB
Active(anon):    1191812 kB
Inactive(anon):    21308 kB
Active(file):     282768 kB
Inactive(file):  1322504 kB
Unevictable:        5864 kB
Mlocked:            5864 kB
SwapTotal:       3145724 kB
SwapFree:        3145724 kB
Dirty:               212 kB
Writeback:             0 kB
AnonPages:       1190628 kB
Mapped:           807372 kB
Shmem:             23532 kB
KReclaimable:     651444 kB
Slab:             204308 kB
SReclaimable:      67380 kB
SUnreclaim:       136928 kB
KernelStack:       42688 kB
PageTables:        56548 kB
NFS_Unstable:          0 kB
Bounce:                0 kB
WritebackTmp:          0 kB
CommitLimit:     9202296 kB
Committed_AS:   57682128 kB
VmallocTotal:   263061440 kB
VmallocUsed:       99696 kB
VmallocChunk:          0 kB
Percpu:             7616 kB
CmaTotal:         294912 kB
CmaFree:               0 kB
MemTotal:       12113144 kB
MemFree:         6716472 kB
MemAvailable:    8104484 kB
Buffers:            5864 kB
Cached:          1627772 kB
SwapCached:            0 kB
Active:          1474776 kB
Inactive:        1343812 kB
Active(anon):    1192008 kB
Inactive(anon):    21308 kB
Active(file):     282768 kB
Inactive(file):  1322504 kB
Unevictable:        5864 kB
Mlocked:            5864 kB
SwapTotal:       3145724 kB
SwapFree:        3145724 kB
Dirty:               216 kB
Writeback:             0 kB
AnonPages:       1190744 kB
Mapped:           807172 kB
Shmem:             23532 kB
KReclaimable:     651444 kB
Slab:             204312 kB
SReclaimable:      67380 kB
SUnreclaim:       136932 kB
KernelStack:       42672 kB
PageTables:        56576 kB
NFS_Unstable:          0 kB
Bounce:                0 kB
WritebackTmp:          0 kB
CommitLimit:     9202296 kB
Committed_AS:   57676536 kB
VmallocTotal:   263061440 kB
VmallocUsed:       99664 kB
VmallocChunk:          0 kB
Percpu:             7616 kB
CmaTotal:         294912 kB
CmaFree:               0 kB
MemTotal:       12113144 kB
MemFree:         6716004 kB
MemAvailable:    8104016 kB
Buffers:            5864 kB
Cached:          1627772 kB
SwapCached:            0 kB
Active:          1475460 kB
Inactive:        1343812 kB
Active(anon):    1192692 kB
Inactive(anon):    21308 kB
Active(file):     282768 kB
Inactive(file):  1322504 kB
Unevictable:        5864 kB
Mlocked:            5864 kB
SwapTotal:       3145724 kB
SwapFree:        3145724 kB
Dirty:               216 kB
Writeback:             0 kB
AnonPages:       1191732 kB
Mapped:           807192 kB
Shmem:             23532 kB
KReclaimable:     651444 kB
Slab:             204312 kB
SReclaimable:      67380 kB
SUnreclaim:       136932 kB
KernelStack:       42672 kB
PageTables:        56660 kB
NFS_Unstable:          0 kB
Bounce:                0 kB
WritebackTmp:          0 kB
CommitLimit:     9202296 kB
Committed_AS:   57685704 kB
VmallocTotal:   263061440 kB
VmallocUsed:       99664 kB
VmallocChunk:          0 kB
Percpu:             7616 kB
CmaTotal:         294912 kB
CmaFree:               0 kB
MemTotal:       12113144 kB
MemFree:         6716196 kB
MemAvailable:    8104208 kB
Buffers:            5864 kB
Cached:          1627772 kB
SwapCached:            0 kB
Active:          1476272 kB
Inactive:        1343812 kB
Active(anon):    1193504 kB
Inactive(anon):    21308 kB
Active(file):     282768 kB
Inactive(file):  1322504 kB
Unevictable:        5864 kB
Mlocked:            5864 kB
SwapTotal:       3145724 kB
SwapFree:        3145724 kB
Dirty:               220 kB
Writeback:             0 kB
AnonPages:       1192608 kB
Mapped:           806996 kB
Shmem:             23532 kB
KReclaimable:     651444 kB
Slab:             204312 kB
SReclaimable:      67380 kB
SUnreclaim:       136932 kB
KernelStack:       42688 kB
PageTables:        56544 kB
NFS_Unstable:          0 kB
Bounce:                0 kB
WritebackTmp:          0 kB
CommitLimit:     9202296 kB
Committed_AS:   57669640 kB
VmallocTotal:   263061440 kB
VmallocUsed:       99696 kB
VmallocChunk:          0 kB
Percpu:             7616 kB
CmaTotal:         294912 kB
CmaFree:               0 kB
MemTotal:       12113144 kB
MemFree:         6715952 kB
MemAvailable:    8103964 kB
Buffers:            5864 kB
Cached:          1627772 kB
SwapCached:            0 kB
Active:          1476636 kB
Inactive:        1343812 kB
Active(anon):    1193868 kB
Inactive(anon):    21308 kB
Active(file):     282768 kB
Inactive(file):  1322504 kB
Unevictable:        5864 kB
Mlocked:            5864 kB
SwapTotal:       3145724 kB
SwapFree:        3145724 kB
Dirty:               224 kB
Writeback:             0 kB
AnonPages:       1192920 kB
Mapped:           807092 kB
Shmem:             23532 kB
KReclaimable:     651444 kB
Slab:             204312 kB
SReclaimable:      67380 kB
SUnreclaim:       136932 kB
KernelStack:       42752 kB
PageTables:        56756 kB
NFS_Unstable:          0 kB
Bounce:                0 kB
WritebackTmp:          0 kB
CommitLimit:     9202296 kB
Committed_AS:   57672104 kB
VmallocTotal:   263061440 kB
VmallocUsed:       99696 kB
VmallocChunk:          0 kB
Percpu:             7616 kB
CmaTotal:         294912 kB
CmaFree:               0 kB
MemTotal:       12113144 kB
MemFree:         6715780 kB
MemAvailable:    8103780 kB
Buffers:            5864 kB
Cached:          1627760 kB
SwapCached:            0 kB
Active:          1477024 kB
Inactive:        1343804 kB
Active(anon):    1194260 kB
Inactive(anon):    21308 kB
Active(file):     282764 kB
Inactive(file):  1322496 kB
Unevictable:        5864 kB
Mlocked:            5864 kB
SwapTotal:       3145724 kB
SwapFree:        3145724 kB
Dirty:               240 kB
Writeback:             0 kB
AnonPages:       1192760 kB
Mapped:           807244 kB
Shmem:             23532 kB
KReclaimable:     651444 kB
Slab:             204316 kB
SReclaimable:      67380 kB
SUnreclaim:       136936 kB
KernelStack:       42672 kB
PageTables:        56492 kB
NFS_Unstable:          0 kB
Bounce:                0 kB
WritebackTmp:          0 kB
CommitLimit:     9202296 kB
Committed_AS:   57669420 kB
VmallocTotal:   263061440 kB
VmallocUsed:       99696 kB
VmallocChunk:          0 kB
Percpu:             7616 kB
CmaTotal:         294912 kB
CmaFree:               0 kB
MemTotal:       12113144 kB
MemFree:         6709124 kB
MemAvailable:    8097136 kB
Buffers:            5864 kB
Cached:          1627772 kB
SwapCached:            0 kB
Active:          1483424 kB
Inactive:        1343812 kB
Active(anon):    1200656 kB
Inactive(anon):    21308 kB
Active(file):     282768 kB
Inactive(file):  1322504 kB
Unevictable:        5864 kB
Mlocked:            5864 kB
SwapTotal:       3145724 kB
SwapFree:        3145724 kB
Dirty:               256 kB
Writeback:             0 kB
AnonPages:       1199428 kB
Mapped:           807192 kB
Shmem:             23532 kB
KReclaimable:     651444 kB
Slab:             204316 kB
SReclaimable:      67380 kB
SUnreclaim:       136936 kB
KernelStack:       42688 kB
PageTables:        56656 kB
NFS_Unstable:          0 kB
Bounce:                0 kB
WritebackTmp:          0 kB
CommitLimit:     9202296 kB
Committed_AS:   57691196 kB
VmallocTotal:   263061440 kB
VmallocUsed:       99696 kB
VmallocChunk:          0 kB
Percpu:             7616 kB
CmaTotal:         294912 kB
CmaFree:               0 kB
MemTotal:       12113144 kB
MemFree:         6709560 kB
MemAvailable:    8097572 kB
Buffers:            5864 kB
Cached:          1627772 kB
SwapCached:            0 kB
Active:          1483524 kB
Inactive:        1343812 kB
Active(anon):    1200756 kB
Inactive(anon):    21308 kB
Active(file):     282768 kB
Inactive(file):  1322504 kB
Unevictable:        5864 kB
Mlocked:            5864 kB
SwapTotal:       3145724 kB
SwapFree:        3145724 kB
Dirty:               264 kB
Writeback:             0 kB
AnonPages:       1199724 kB
Mapped:           806940 kB
Shmem:             23532 kB
KReclaimable:     651444 kB
Slab:             204320 kB
SReclaimable:      67380 kB
SUnreclaim:       136940 kB
KernelStack:       42688 kB
PageTables:        56644 kB
NFS_Unstable:          0 kB
Bounce:                0 kB
WritebackTmp:          0 kB
CommitLimit:     9202296 kB
Committed_AS:   57681124 kB
VmallocTotal:   263061440 kB
VmallocUsed:       99680 kB
VmallocChunk:          0 kB
Percpu:             7616 kB
CmaTotal:         294912 kB
CmaFree:               0 kB
MemTotal:       12113144 kB
MemFree:         6708596 kB
MemAvailable:    8096612 kB
Buffers:            5864 kB
Cached:          1627776 kB
SwapCached:            0 kB
Active:          1484168 kB
Inactive:        1343816 kB
Active(anon):    1201400 kB
Inactive(anon):    21308 kB
Active(file):     282768 kB
Inactive(file):  1322508 kB
Unevictable:        5864 kB
Mlocked:            5864 kB
SwapTotal:       3145724 kB
SwapFree:        3145724 kB
Dirty:               300 kB
Writeback:             0 kB
AnonPages:       1200264 kB
Mapped:           807156 kB
Shmem:             23532 kB
KReclaimable:     651444 kB
Slab:             204320 kB
SReclaimable:      67380 kB
SUnreclaim:       136940 kB
KernelStack:       42672 kB
PageTables:        56572 kB
NFS_Unstable:          0 kB
Bounce:                0 kB
WritebackTmp:          0 kB
CommitLimit:     9202296 kB
Committed_AS:   57683164 kB
VmallocTotal:   263061440 kB
VmallocUsed:       99664 kB
VmallocChunk:          0 kB
Percpu:             7616 kB
CmaTotal:         294912 kB
CmaFree:               0 kB
MemTotal:       12113144 kB
MemFree:         6707576 kB
MemAvailable:    8095588 kB
Buffers:            5864 kB
Cached:          1627772 kB
SwapCached:            0 kB
Active:          1484432 kB
Inactive:        1343812 kB
Active(anon):    1201664 kB
Inactive(anon):    21308 kB
Active(file):     282768 kB
Inactive(file):  1322504 kB
Unevictable:        5864 kB
Mlocked:            5864 kB
SwapTotal:       3145724 kB
SwapFree:        3145724 kB
Dirty:               300 kB
Writeback:             0 kB
AnonPages:       1199848 kB
Mapped:           807500 kB
Shmem:             23532 kB
KReclaimable:     651444 kB
Slab:             204320 kB
SReclaimable:      67380 kB
SUnreclaim:       136940 kB
KernelStack:       42704 kB
PageTables:        56768 kB
NFS_Unstable:          0 kB
Bounce:                0 kB
WritebackTmp:          0 kB
CommitLimit:     9202296 kB
Committed_AS:   57691312 kB
VmallocTotal:   263061440 kB
VmallocUsed:       99728 kB
VmallocChunk:          0 kB
Percpu:             7616 kB
CmaTotal:         294912 kB
CmaFree:               0 kB
MemTotal:       12113144 kB
MemFree:         6708120 kB
MemAvailable:    8096152 kB
Buffers:            5872 kB
Cached:          1627784 kB
SwapCached:            0 kB
Active:          1484888 kB
Inactive:        1343824 kB
Active(anon):    1202112 kB
Inactive(anon):    21308 kB
Active(file):     282776 kB
Inactive(file):  1322516 kB
Unevictable:        5864 kB
Mlocked:            5864 kB
SwapTotal:       3145724 kB
SwapFree:        3145724 kB
Dirty:               284 kB
Writeback:             0 kB
AnonPages:       1201012 kB
Mapped:           807312 kB
Shmem:             23532 kB
KReclaimable:     651444 kB
Slab:             204320 kB
SReclaimable:      67380 kB
SUnreclaim:       136940 kB
KernelStack:       42720 kB
PageTables:        56716 kB
NFS_Unstable:          0 kB
Bounce:                0 kB
WritebackTmp:          0 kB
CommitLimit:     9202296 kB
Committed_AS:   57686020 kB
VmallocTotal:   263061440 kB
VmallocUsed:       99696 kB
VmallocChunk:          0 kB
Percpu:             7616 kB
CmaTotal:         294912 kB
CmaFree:               0 kB
MemTotal:       12113144 kB
MemFree:         6708252 kB
MemAvailable:    8096284 kB
Buffers:            5872 kB
Cached:          1627784 kB
SwapCached:            0 kB
Active:          1485556 kB
Inactive:        1343824 kB
Active(anon):    1202780 kB
Inactive(anon):    21308 kB
Active(file):     282776 kB
Inactive(file):  1322516 kB
Unevictable:        5864 kB
Mlocked:            5864 kB
SwapTotal:       3145724 kB
SwapFree:        3145724 kB
Dirty:               112 kB
Writeback:             0 kB
AnonPages:       1201284 kB
Mapped:           807364 kB
Shmem:             23532 kB
KReclaimable:     651444 kB
Slab:             204288 kB
SReclaimable:      67380 kB
SUnreclaim:       136908 kB
KernelStack:       42688 kB
PageTables:        56504 kB
NFS_Unstable:          0 kB
Bounce:                0 kB
WritebackTmp:          0 kB
CommitLimit:     9202296 kB
Committed_AS:   57679500 kB
VmallocTotal:   263061440 kB
VmallocUsed:       99680 kB
VmallocChunk:          0 kB
Percpu:             7616 kB
CmaTotal:         294912 kB
CmaFree:               0 kB
MemTotal:       12113144 kB
MemFree:         6716160 kB
MemAvailable:    8104200 kB
Buffers:            5872 kB
Cached:          1627792 kB
SwapCached:            0 kB
Active:          1475648 kB
Inactive:        1343828 kB
Active(anon):    1192868 kB
Inactive(anon):    21308 kB
Active(file):     282780 kB
Inactive(file):  1322520 kB
Unevictable:        5864 kB
Mlocked:            5864 kB
SwapTotal:       3145724 kB
SwapFree:        3145724 kB
Dirty:               144 kB
Writeback:             0 kB
AnonPages:       1191808 kB
Mapped:           807160 kB
Shmem:             23532 kB
KReclaimable:     651444 kB
Slab:             204288 kB
SReclaimable:      67380 kB
SUnreclaim:       136908 kB
KernelStack:       42704 kB
PageTables:        56540 kB
NFS_Unstable:          0 kB
Bounce:                0 kB
WritebackTmp:          0 kB
CommitLimit:     9202296 kB
Committed_AS:   57679888 kB
VmallocTotal:   263061440 kB
VmallocUsed:       99728 kB
VmallocChunk:          0 kB
Percpu:             7616 kB
CmaTotal:         294912 kB
CmaFree:               4 kB
MemTotal:       12113144 kB
MemFree:         6715508 kB
MemAvailable:    8103540 kB
Buffers:            5872 kB
Cached:          1627784 kB
SwapCached:            0 kB
Active:          1475520 kB
Inactive:        1343824 kB
Active(anon):    1192744 kB
Inactive(anon):    21308 kB
Active(file):     282776 kB
Inactive(file):  1322516 kB
Unevictable:        5864 kB
Mlocked:            5864 kB
SwapTotal:       3145724 kB
SwapFree:        3145724 kB
Dirty:               136 kB
Writeback:             0 kB
AnonPages:       1191704 kB
Mapped:           806892 kB
Shmem:             23532 kB
KReclaimable:     651444 kB
Slab:             204288 kB
SReclaimable:      67380 kB
SUnreclaim:       136908 kB
KernelStack:       42736 kB
PageTables:        56572 kB
NFS_Unstable:          0 kB
Bounce:                0 kB
WritebackTmp:          0 kB
CommitLimit:     9202296 kB
Committed_AS:   57681308 kB
VmallocTotal:   263061440 kB
VmallocUsed:       99664 kB
VmallocChunk:          0 kB
Percpu:             7616 kB
CmaTotal:         294912 kB
CmaFree:               0 kB
MemTotal:       12113144 kB
MemFree:         6714868 kB
MemAvailable:    8102900 kB
Buffers:            5872 kB
Cached:          1627784 kB
SwapCached:            0 kB
Active:          1476576 kB
Inactive:        1343824 kB
Active(anon):    1193800 kB
Inactive(anon):    21308 kB
Active(file):     282776 kB
Inactive(file):  1322516 kB
Unevictable:        5864 kB
Mlocked:            5864 kB
SwapTotal:       3145724 kB
SwapFree:        3145724 kB
Dirty:               136 kB
Writeback:             0 kB
AnonPages:       1192720 kB
Mapped:           806932 kB
Shmem:             23532 kB
KReclaimable:     651444 kB
Slab:             204292 kB
SReclaimable:      67380 kB
SUnreclaim:       136912 kB
KernelStack:       42672 kB
PageTables:        56536 kB
NFS_Unstable:          0 kB
Bounce:                0 kB
WritebackTmp:          0 kB
CommitLimit:     9202296 kB
Committed_AS:   57672404 kB
VmallocTotal:   263061440 kB
VmallocUsed:       99680 kB
VmallocChunk:          0 kB
Percpu:             7616 kB
CmaTotal:         294912 kB
CmaFree:               0 kB
MemTotal:       12113144 kB
MemFree:         6714900 kB
MemAvailable:    8102932 kB
Buffers:            5872 kB
Cached:          1627784 kB
SwapCached:            0 kB
Active:          1477416 kB
Inactive:        1343824 kB
Active(anon):    1194640 kB
Inactive(anon):    21308 kB
Active(file):     282776 kB
Inactive(file):  1322516 kB
Unevictable:        5864 kB
Mlocked:            5864 kB
SwapTotal:       3145724 kB
SwapFree:        3145724 kB
Dirty:               136 kB
Writeback:             0 kB
AnonPages:       1193184 kB
Mapped:           806956 kB
Shmem:             23532 kB
KReclaimable:     651444 kB
Slab:             204292 kB
SReclaimable:      67380 kB
SUnreclaim:       136912 kB
KernelStack:       42704 kB
PageTables:        56580 kB
NFS_Unstable:          0 kB
Bounce:                0 kB
WritebackTmp:          0 kB
CommitLimit:     9202296 kB
Committed_AS:   57667132 kB
VmallocTotal:   263061440 kB
VmallocUsed:       99696 kB
