MemTotal:       12113144 kB
MemFree:         6962620 kB
MemAvailable:    8336316 kB
Buffers:            5268 kB
Cached:          1617416 kB
SwapCached:            0 kB
Active:          1333004 kB
Inactive:        1420276 kB
Active(anon):    1137332 kB
Inactive(anon):    20180 kB
Active(file):     195672 kB
Inactive(file):  1400096 kB
Unevictable:        5692 kB
Mlocked:            5692 kB
SwapTotal:       3145724 kB
SwapFree:        3145724 kB
Dirty:               220 kB
Writeback:             0 kB
AnonPages:       1136320 kB
Mapped:           821980 kB
Shmem:             22264 kB
KReclaimable:     646632 kB
Slab:             205824 kB
SReclaimable:      66784 kB
SUnreclaim:       139040 kB
KernelStack:       43232 kB
PageTables:        60380 kB
NFS_Unstable:          0 kB
Bounce:                0 kB
WritebackTmp:          0 kB
CommitLimit:     9202296 kB
Committed_AS:   65592568 kB
VmallocTotal:   263061440 kB
VmallocUsed:      100156 kB
VmallocChunk:          0 kB
Percpu:             7584 kB
CmaTotal:         294912 kB
CmaFree:               0 kB
MemTotal:       12113144 kB
MemFree:         6960576 kB
MemAvailable:    8334272 kB
Buffers:            5268 kB
Cached:          1617416 kB
SwapCached:            0 kB
Active:          1333524 kB
Inactive:        1420276 kB
Active(anon):    1137852 kB
Inactive(anon):    20180 kB
Active(file):     195672 kB
Inactive(file):  1400096 kB
Unevictable:        5692 kB
Mlocked:            5692 kB
SwapTotal:       3145724 kB
SwapFree:        3145724 kB
Dirty:               220 kB
Writeback:             0 kB
AnonPages:       1136896 kB
Mapped:           821848 kB
Shmem:             22264 kB
KReclaimable:     646632 kB
Slab:             205632 kB
SReclaimable:      66784 kB
SUnreclaim:       138848 kB
KernelStack:       43216 kB
PageTables:        60556 kB
NFS_Unstable:          0 kB
Bounce:                0 kB
WritebackTmp:          0 kB
CommitLimit:     9202296 kB
Committed_AS:   65596332 kB
VmallocTotal:   263061440 kB
VmallocUsed:      100172 kB
VmallocChunk:          0 kB
Percpu:             7584 kB
CmaTotal:         294912 kB
CmaFree:               0 kB
MemTotal:       12113144 kB
MemFree:         6959872 kB
MemAvailable:    8333568 kB
Buffers:            5268 kB
Cached:          1617416 kB
SwapCached:            0 kB
Active:          1333764 kB
Inactive:        1420276 kB
Active(anon):    1138092 kB
Inactive(anon):    20180 kB
Active(file):     195672 kB
Inactive(file):  1400096 kB
Unevictable:        5692 kB
Mlocked:            5692 kB
SwapTotal:       3145724 kB
SwapFree:        3145724 kB
Dirty:               220 kB
Writeback:             0 kB
AnonPages:       1137372 kB
Mapped:           821712 kB
Shmem:             22264 kB
KReclaimable:     646632 kB
Slab:             205784 kB
SReclaimable:      66784 kB
SUnreclaim:       139000 kB
KernelStack:       43248 kB
PageTables:        60444 kB
NFS_Unstable:          0 kB
Bounce:                0 kB
WritebackTmp:          0 kB
CommitLimit:     9202296 kB
Committed_AS:   65596376 kB
VmallocTotal:   263061440 kB
VmallocUsed:      100172 kB
VmallocChunk:          0 kB
Percpu:             7584 kB
CmaTotal:         294912 kB
CmaFree:               0 kB
MemTotal:       12113144 kB
MemFree:         6959816 kB
MemAvailable:    8333516 kB
Buffers:            5268 kB
Cached:          1617424 kB
SwapCached:            0 kB
Active:          1334024 kB
Inactive:        1420280 kB
Active(anon):    1138348 kB
Inactive(anon):    20180 kB
Active(file):     195676 kB
Inactive(file):  1400100 kB
Unevictable:        5692 kB
Mlocked:            5692 kB
SwapTotal:       3145724 kB
SwapFree:        3145724 kB
Dirty:               240 kB
Writeback:             0 kB
AnonPages:       1137480 kB
Mapped:           821592 kB
Shmem:             22264 kB
KReclaimable:     646628 kB
Slab:             205736 kB
SReclaimable:      66780 kB
SUnreclaim:       138956 kB
KernelStack:       43264 kB
PageTables:        60564 kB
NFS_Unstable:          0 kB
Bounce:                0 kB
WritebackTmp:          0 kB
CommitLimit:     9202296 kB
Committed_AS:   65596288 kB
VmallocTotal:   263061440 kB
VmallocUsed:      100140 kB
VmallocChunk:          0 kB
Percpu:             7584 kB
CmaTotal:         294912 kB
CmaFree:               0 kB
MemTotal:       12113144 kB
MemFree:         6958744 kB
MemAvailable:    8332436 kB
Buffers:            5268 kB
Cached:          1617416 kB
SwapCached:            0 kB
Active:          1334272 kB
Inactive:        1420276 kB
Active(anon):    1138600 kB
Inactive(anon):    20180 kB
Active(file):     195672 kB
Inactive(file):  1400096 kB
Unevictable:        5692 kB
Mlocked:            5692 kB
SwapTotal:       3145724 kB
SwapFree:        3145724 kB
Dirty:               220 kB
Writeback:             0 kB
AnonPages:       1137684 kB
Mapped:           821844 kB
Shmem:             22264 kB
KReclaimable:     646628 kB
Slab:             205832 kB
SReclaimable:      66780 kB
SUnreclaim:       139052 kB
KernelStack:       43232 kB
PageTables:        60680 kB
NFS_Unstable:          0 kB
Bounce:                0 kB
WritebackTmp:          0 kB
CommitLimit:     9202296 kB
Committed_AS:   65596112 kB
VmallocTotal:   263061440 kB
VmallocUsed:      100108 kB
VmallocChunk:          0 kB
Percpu:             7584 kB
CmaTotal:         294912 kB
CmaFree:               0 kB
MemTotal:       12113144 kB
MemFree:         6958756 kB
MemAvailable:    8332464 kB
Buffers:            5272 kB
Cached:          1617432 kB
SwapCached:            0 kB
Active:          1334456 kB
Inactive:        1420288 kB
Active(anon):    1138776 kB
Inactive(anon):    20184 kB
Active(file):     195680 kB
Inactive(file):  1400104 kB
Unevictable:        5692 kB
Mlocked:            5692 kB
SwapTotal:       3145724 kB
SwapFree:        3145724 kB
Dirty:               252 kB
Writeback:             0 kB
AnonPages:       1137772 kB
Mapped:           821712 kB
Shmem:             22268 kB
KReclaimable:     646628 kB
Slab:             205784 kB
SReclaimable:      66780 kB
SUnreclaim:       139004 kB
KernelStack:       43268 kB
PageTables:        60504 kB
NFS_Unstable:          0 kB
Bounce:                0 kB
WritebackTmp:          0 kB
CommitLimit:     9202296 kB
Committed_AS:   65596424 kB
VmallocTotal:   263061440 kB
VmallocUsed:      100188 kB
VmallocChunk:          0 kB
Percpu:             7584 kB
CmaTotal:         294912 kB
CmaFree:               0 kB
MemTotal:       12113144 kB
MemFree:         6957904 kB
MemAvailable:    8331612 kB
Buffers:            5272 kB
Cached:          1617432 kB
SwapCached:            0 kB
Active:          1334724 kB
Inactive:        1420292 kB
Active(anon):    1139048 kB
Inactive(anon):    20184 kB
Active(file):     195676 kB
Inactive(file):  1400108 kB
Unevictable:        5692 kB
Mlocked:            5692 kB
SwapTotal:       3145724 kB
SwapFree:        3145724 kB
Dirty:               228 kB
Writeback:             0 kB
AnonPages:       1137692 kB
Mapped:           821780 kB
Shmem:             22268 kB
KReclaimable:     646628 kB
Slab:             205792 kB
SReclaimable:      66780 kB
SUnreclaim:       139012 kB
KernelStack:       43216 kB
PageTables:        60508 kB
NFS_Unstable:          0 kB
Bounce:                0 kB
WritebackTmp:          0 kB
CommitLimit:     9202296 kB
Committed_AS:   65596204 kB
VmallocTotal:   263061440 kB
VmallocUsed:      100172 kB
VmallocChunk:          0 kB
Percpu:             7584 kB
CmaTotal:         294912 kB
CmaFree:               0 kB
MemTotal:       12113144 kB
MemFree:         6958352 kB
MemAvailable:    8332060 kB
Buffers:            5272 kB
Cached:          1617432 kB
SwapCached:            0 kB
Active:          1334440 kB
Inactive:        1420292 kB
Active(anon):    1138764 kB
Inactive(anon):    20184 kB
Active(file):     195676 kB
Inactive(file):  1400108 kB
Unevictable:        5692 kB
Mlocked:            5692 kB
SwapTotal:       3145724 kB
SwapFree:        3145724 kB
Dirty:               228 kB
Writeback:             0 kB
AnonPages:       1138224 kB
Mapped:           821588 kB
Shmem:             22268 kB
KReclaimable:     646628 kB
Slab:             205768 kB
SReclaimable:      66780 kB
SUnreclaim:       138988 kB
KernelStack:       43216 kB
PageTables:        60460 kB
NFS_Unstable:          0 kB
Bounce:                0 kB
WritebackTmp:          0 kB
CommitLimit:     9202296 kB
Committed_AS:   65595876 kB
VmallocTotal:   263061440 kB
VmallocUsed:      100172 kB
VmallocChunk:          0 kB
Percpu:             7584 kB
CmaTotal:         294912 kB
CmaFree:               0 kB
MemTotal:       12113144 kB
MemFree:         6959008 kB
MemAvailable:    8332716 kB
Buffers:            5272 kB
Cached:          1617432 kB
SwapCached:            0 kB
Active:          1335400 kB
Inactive:        1420292 kB
Active(anon):    1139724 kB
Inactive(anon):    20184 kB
Active(file):     195676 kB
Inactive(file):  1400108 kB
Unevictable:        5692 kB
Mlocked:            5692 kB
SwapTotal:       3145724 kB
SwapFree:        3145724 kB
Dirty:               228 kB
Writeback:             0 kB
AnonPages:       1138540 kB
Mapped:           821852 kB
Shmem:             22268 kB
KReclaimable:     646628 kB
Slab:             205776 kB
SReclaimable:      66780 kB
SUnreclaim:       138996 kB
KernelStack:       43248 kB
PageTables:        60580 kB
NFS_Unstable:          0 kB
Bounce:                0 kB
WritebackTmp:          0 kB
CommitLimit:     9202296 kB
Committed_AS:   65595728 kB
VmallocTotal:   263061440 kB
VmallocUsed:      100188 kB
VmallocChunk:          0 kB
Percpu:             7584 kB
CmaTotal:         294912 kB
CmaFree:               0 kB
MemTotal:       12113144 kB
MemFree:         6958628 kB
MemAvailable:    8332336 kB
Buffers:            5272 kB
Cached:          1617432 kB
SwapCached:            0 kB
Active:          1335664 kB
Inactive:        1420292 kB
Active(anon):    1139988 kB
Inactive(anon):    20184 kB
Active(file):     195676 kB
Inactive(file):  1400108 kB
Unevictable:        5692 kB
Mlocked:            5692 kB
SwapTotal:       3145724 kB
SwapFree:        3145724 kB
Dirty:               228 kB
Writeback:             0 kB
AnonPages:       1138980 kB
Mapped:           821788 kB
Shmem:             22268 kB
KReclaimable:     646628 kB
Slab:             205804 kB
SReclaimable:      66780 kB
SUnreclaim:       139024 kB
KernelStack:       43268 kB
PageTables:        60504 kB
NFS_Unstable:          0 kB
Bounce:                0 kB
WritebackTmp:          0 kB
CommitLimit:     9202296 kB
Committed_AS:   65596312 kB
VmallocTotal:   263061440 kB
VmallocUsed:      100172 kB
VmallocChunk:          0 kB
Percpu:             7584 kB
CmaTotal:         294912 kB
CmaFree:               0 kB
MemTotal:       12113144 kB
MemFree:         6957896 kB
MemAvailable:    8331604 kB
Buffers:            5272 kB
Cached:          1617432 kB
SwapCached:            0 kB
Active:          1336532 kB
Inactive:        1420292 kB
Active(anon):    1140856 kB
Inactive(anon):    20184 kB
Active(file):     195676 kB
Inactive(file):  1400108 kB
Unevictable:        5692 kB
Mlocked:            5692 kB
SwapTotal:       3145724 kB
SwapFree:        3145724 kB
Dirty:               228 kB
Writeback:             0 kB
AnonPages:       1139644 kB
Mapped:           821588 kB
Shmem:             22268 kB
KReclaimable:     646628 kB
Slab:             205708 kB
SReclaimable:      66780 kB
SUnreclaim:       138928 kB
KernelStack:       43232 kB
PageTables:        60556 kB
NFS_Unstable:          0 kB
Bounce:                0 kB
WritebackTmp:          0 kB
CommitLimit:     9202296 kB
Committed_AS:   65596072 kB
VmallocTotal:   263061440 kB
VmallocUsed:      100188 kB
VmallocChunk:          0 kB
Percpu:             7584 kB
CmaTotal:         294912 kB
CmaFree:               0 kB
MemTotal:       12113144 kB
MemFree:         6958260 kB
MemAvailable:    8331980 kB
Buffers:            5272 kB
Cached:          1617444 kB
SwapCached:            0 kB
Active:          1336940 kB
Inactive:        1420300 kB
Active(anon):    1141260 kB
Inactive(anon):    20184 kB
Active(file):     195680 kB
Inactive(file):  1400116 kB
Unevictable:        5692 kB
Mlocked:            5692 kB
SwapTotal:       3145724 kB
SwapFree:        3145724 kB
Dirty:               260 kB
Writeback:             0 kB
AnonPages:       1140404 kB
Mapped:           821596 kB
Shmem:             22268 kB
KReclaimable:     646628 kB
Slab:             205828 kB
SReclaimable:      66780 kB
SUnreclaim:       139048 kB
KernelStack:       43264 kB
PageTables:        60692 kB
NFS_Unstable:          0 kB
Bounce:                0 kB
WritebackTmp:          0 kB
CommitLimit:     9202296 kB
Committed_AS:   65590508 kB
VmallocTotal:   263061440 kB
VmallocUsed:      100140 kB
VmallocChunk:          0 kB
Percpu:             7584 kB
CmaTotal:         294912 kB
CmaFree:               0 kB
MemTotal:       12113144 kB
MemFree:         6957432 kB
MemAvailable:    8331140 kB
Buffers:            5272 kB
Cached:          1617432 kB
SwapCached:            0 kB
Active:          1336988 kB
Inactive:        1420292 kB
Active(anon):    1141312 kB
Inactive(anon):    20184 kB
Active(file):     195676 kB
Inactive(file):  1400108 kB
Unevictable:        5692 kB
Mlocked:            5692 kB
SwapTotal:       3145724 kB
SwapFree:        3145724 kB
Dirty:               264 kB
Writeback:             0 kB
AnonPages:       1140444 kB
Mapped:           821780 kB
Shmem:             22268 kB
KReclaimable:     646628 kB
Slab:             205716 kB
SReclaimable:      66780 kB
SUnreclaim:       138936 kB
KernelStack:       43216 kB
PageTables:        60508 kB
NFS_Unstable:          0 kB
Bounce:                0 kB
WritebackTmp:          0 kB
CommitLimit:     9202296 kB
Committed_AS:   65590376 kB
VmallocTotal:   263061440 kB
VmallocUsed:      100108 kB
VmallocChunk:          0 kB
Percpu:             7584 kB
CmaTotal:         294912 kB
CmaFree:               0 kB
MemTotal:       12113144 kB
MemFree:         6956580 kB
MemAvailable:    8330288 kB
Buffers:            5272 kB
Cached:          1617432 kB
SwapCached:            0 kB
Active:          1337568 kB
Inactive:        1420292 kB
Active(anon):    1141892 kB
Inactive(anon):    20184 kB
Active(file):     195676 kB
Inactive(file):  1400108 kB
Unevictable:        5692 kB
Mlocked:            5692 kB
SwapTotal:       3145724 kB
SwapFree:        3145724 kB
Dirty:               272 kB
Writeback:             0 kB
AnonPages:       1140528 kB
Mapped:           821904 kB
Shmem:             22268 kB
KReclaimable:     646628 kB
Slab:             205796 kB
SReclaimable:      66780 kB
SUnreclaim:       139016 kB
KernelStack:       43216 kB
PageTables:        60548 kB
NFS_Unstable:          0 kB
Bounce:                0 kB
WritebackTmp:          0 kB
CommitLimit:     9202296 kB
Committed_AS:   65590952 kB
VmallocTotal:   263061440 kB
VmallocUsed:      100124 kB
VmallocChunk:          0 kB
Percpu:             7584 kB
CmaTotal:         294912 kB
CmaFree:               0 kB
MemTotal:       12113144 kB
MemFree:         6956260 kB
MemAvailable:    8329968 kB
Buffers:            5272 kB
Cached:          1617432 kB
SwapCached:            0 kB
Active:          1337880 kB
Inactive:        1420292 kB
Active(anon):    1142204 kB
Inactive(anon):    20184 kB
Active(file):     195676 kB
Inactive(file):  1400108 kB
Unevictable:        5692 kB
Mlocked:            5692 kB
SwapTotal:       3145724 kB
SwapFree:        3145724 kB
Dirty:               280 kB
Writeback:             0 kB
AnonPages:       1140904 kB
Mapped:           821592 kB
Shmem:             22268 kB
KReclaimable:     646628 kB
Slab:             205756 kB
SReclaimable:      66780 kB
SUnreclaim:       138976 kB
KernelStack:       43200 kB
PageTables:        60560 kB
NFS_Unstable:          0 kB
Bounce:                0 kB
WritebackTmp:          0 kB
CommitLimit:     9202296 kB
Committed_AS:   65593052 kB
VmallocTotal:   263061440 kB
VmallocUsed:      100172 kB
VmallocChunk:          0 kB
Percpu:             7584 kB
CmaTotal:         294912 kB
CmaFree:               0 kB
MemTotal:       12113144 kB
MemFree:         6955928 kB
MemAvailable:    8329640 kB
Buffers:            5272 kB
Cached:          1617436 kB
SwapCached:            0 kB
Active:          1338476 kB
Inactive:        1420296 kB
Active(anon):    1142800 kB
Inactive(anon):    20184 kB
Active(file):     195676 kB
Inactive(file):  1400112 kB
Unevictable:        5692 kB
Mlocked:            5692 kB
SwapTotal:       3145724 kB
SwapFree:        3145724 kB
Dirty:               296 kB
Writeback:             0 kB
AnonPages:       1141916 kB
Mapped:           821788 kB
Shmem:             22268 kB
KReclaimable:     646628 kB
Slab:             205776 kB
SReclaimable:      66780 kB
SUnreclaim:       138996 kB
KernelStack:       43184 kB
PageTables:        60512 kB
NFS_Unstable:          0 kB
Bounce:                0 kB
WritebackTmp:          0 kB
CommitLimit:     9202296 kB
Committed_AS:   65593008 kB
VmallocTotal:   263061440 kB
VmallocUsed:      100124 kB
VmallocChunk:          0 kB
Percpu:             7584 kB
CmaTotal:         294912 kB
CmaFree:               0 kB
MemTotal:       12113144 kB
MemFree:         6954936 kB
MemAvailable:    8328656 kB
Buffers:            5272 kB
Cached:          1617436 kB
SwapCached:            0 kB
Active:          1338996 kB
Inactive:        1420296 kB
Active(anon):    1143320 kB
Inactive(anon):    20184 kB
Active(file):     195676 kB
Inactive(file):  1400112 kB
Unevictable:        5692 kB
Mlocked:            5692 kB
SwapTotal:       3145724 kB
SwapFree:        3145724 kB
Dirty:               304 kB
Writeback:             0 kB
AnonPages:       1142308 kB
Mapped:           821852 kB
Shmem:             22268 kB
KReclaimable:     646636 kB
Slab:             205812 kB
SReclaimable:      66788 kB
SUnreclaim:       139024 kB
KernelStack:       43200 kB
PageTables:        60568 kB
NFS_Unstable:          0 kB
Bounce:                0 kB
WritebackTmp:          0 kB
CommitLimit:     9202296 kB
Committed_AS:   65592768 kB
VmallocTotal:   263061440 kB
VmallocUsed:      100140 kB
VmallocChunk:          0 kB
Percpu:             7584 kB
CmaTotal:         294912 kB
CmaFree:               0 kB
MemTotal:       12113144 kB
MemFree:         6965096 kB
MemAvailable:    8338820 kB
Buffers:            5272 kB
Cached:          1617436 kB
SwapCached:            0 kB
Active:          1329940 kB
Inactive:        1420296 kB
Active(anon):    1134264 kB
Inactive(anon):    20184 kB
Active(file):     195676 kB
Inactive(file):  1400112 kB
Unevictable:        5692 kB
Mlocked:            5692 kB
SwapTotal:       3145724 kB
SwapFree:        3145724 kB
Dirty:               180 kB
Writeback:             0 kB
AnonPages:       1133060 kB
Mapped:           821648 kB
Shmem:             22268 kB
KReclaimable:     646640 kB
Slab:             205704 kB
SReclaimable:      66792 kB
SUnreclaim:       138912 kB
KernelStack:       43152 kB
PageTables:        60496 kB
NFS_Unstable:          0 kB
Bounce:                0 kB
WritebackTmp:          0 kB
CommitLimit:     9202296 kB
Committed_AS:   65592540 kB
VmallocTotal:   263061440 kB
VmallocUsed:      100140 kB
VmallocChunk:          0 kB
Percpu:             7584 kB
CmaTotal:         294912 kB
CmaFree:               4 kB
MemTotal:       12113144 kB
MemFree:         6964036 kB
MemAvailable:    8337760 kB
Buffers:            5272 kB
Cached:          1617436 kB
SwapCached:            0 kB
Active:          1330136 kB
Inactive:        1420296 kB
Active(anon):    1134460 kB
Inactive(anon):    20184 kB
Active(file):     195676 kB
Inactive(file):  1400112 kB
Unevictable:        5692 kB
Mlocked:            5692 kB
SwapTotal:       3145724 kB
SwapFree:        3145724 kB
Dirty:               228 kB
Writeback:             0 kB
AnonPages:       1132992 kB
Mapped:           821740 kB
Shmem:             22268 kB
KReclaimable:     646640 kB
Slab:             205800 kB
SReclaimable:      66792 kB
SUnreclaim:       139008 kB
KernelStack:       43200 kB
PageTables:        60480 kB
NFS_Unstable:          0 kB
Bounce:                0 kB
WritebackTmp:          0 kB
CommitLimit:     9202296 kB
Committed_AS:   65587548 kB
VmallocTotal:   263061440 kB
VmallocUsed:      100124 kB
VmallocChunk:          0 kB
Percpu:             7584 kB
CmaTotal:         294912 kB
CmaFree:               0 kB
MemTotal:       12113144 kB
MemFree:         6963956 kB
MemAvailable:    8337688 kB
Buffers:            5272 kB
Cached:          1617444 kB
SwapCached:            0 kB
Active:          1330092 kB
Inactive:        1420304 kB
Active(anon):    1134416 kB
Inactive(anon):    20184 kB
Active(file):     195676 kB
Inactive(file):  1400120 kB
Unevictable:        5692 kB
Mlocked:            5692 kB
SwapTotal:       3145724 kB
SwapFree:        3145724 kB
Dirty:               236 kB
Writeback:             0 kB
AnonPages:       1133512 kB
Mapped:           821724 kB
Shmem:             22268 kB
KReclaimable:     646640 kB
Slab:             205736 kB
SReclaimable:      66792 kB
SUnreclaim:       138944 kB
KernelStack:       43204 kB
PageTables:        60584 kB
NFS_Unstable:          0 kB
Bounce:                0 kB
WritebackTmp:          0 kB
CommitLimit:     9202296 kB
Committed_AS:   65587592 kB
VmallocTotal:   263061440 kB
VmallocUsed:      100124 kB
VmallocChunk:          0 kB
Percpu:             7584 kB
CmaTotal:         294912 kB
CmaFree:               0 kB
MemTotal:       12113144 kB
MemFree:         6963692 kB
MemAvailable:    8337420 kB
Buffers:            5276 kB
Cached:          1617444 kB
SwapCached:            0 kB
Active:          1330028 kB
Inactive:        1420308 kB
Active(anon):    1134352 kB
Inactive(anon):    20192 kB
Active(file):     195676 kB
Inactive(file):  1400116 kB
Unevictable:        5692 kB
Mlocked:            5692 kB
SwapTotal:       3145724 kB
SwapFree:        3145724 kB
Dirty:               236 kB
Writeback:             0 kB
AnonPages:       1133416 kB
Mapped:           821868 kB
Shmem:             22276 kB
KReclaimable:     646640 kB
Slab:             205836 kB
SReclaimable:      66792 kB
SUnreclaim:       139044 kB
KernelStack:       43200 kB
PageTables:        60584 kB
NFS_Unstable:          0 kB
Bounce:                0 kB
WritebackTmp:          0 kB
CommitLimit:     9202296 kB
Committed_AS:   65587420 kB
VmallocTotal:   263061440 kB
VmallocUsed:      100108 kB
VmallocChunk:          0 kB
Percpu:             7584 kB
CmaTotal:         294912 kB
CmaFree:               0 kB
MemTotal:       12113144 kB
MemFree:         6963672 kB
MemAvailable:    8337412 kB
Buffers:            5276 kB
Cached:          1617456 kB
SwapCached:            0 kB
Active:          1330676 kB
Inactive:        1420316 kB
Active(anon):    1134996 kB
Inactive(anon):    20192 kB
Active(file):     195680 kB
Inactive(file):  1400124 kB
Unevictable:        5692 kB
Mlocked:            5692 kB
SwapTotal:       3145724 kB
SwapFree:        3145724 kB
Dirty:               228 kB
Writeback:             0 kB
AnonPages:       1134084 kB
Mapped:           821792 kB
Shmem:             22276 kB
KReclaimable:     646640 kB
Slab:             205764 kB
SReclaimable:      66792 kB
SUnreclaim:       138972 kB
KernelStack:       43168 kB
PageTables:        60516 kB
NFS_Unstable:          0 kB
Bounce:                0 kB
WritebackTmp:          0 kB
CommitLimit:     9202296 kB
Committed_AS:   65592852 kB
VmallocTotal:   263061440 kB
VmallocUsed:      100124 kB
VmallocChunk:          0 kB
Percpu:             7584 kB
CmaTotal:         294912 kB
CmaFree:               0 kB
MemTotal:       12113144 kB
MemFree:         6962840 kB
MemAvailable:    8336592 kB
Buffers:            5276 kB
Cached:          1617472 kB
SwapCached:            0 kB
Active:          1330920 kB
Inactive:        1420328 kB
Active(anon):    1135236 kB
Inactive(anon):    20196 kB
Active(file):     195684 kB
Inactive(file):  1400132 kB
Unevictable:        5692 kB
Mlocked:            5692 kB
SwapTotal:       3145724 kB
SwapFree:        3145724 kB
Dirty:               260 kB
Writeback:             0 kB
AnonPages:       1134088 kB
Mapped:           821604 kB
Shmem:             22280 kB
KReclaimable:     646640 kB
Slab:             205840 kB
SReclaimable:      66792 kB
SUnreclaim:       139048 kB
KernelStack:       43184 kB
PageTables:        60560 kB
NFS_Unstable:          0 kB
Bounce:                0 kB
WritebackTmp:          0 kB
CommitLimit:     9202296 kB
Committed_AS:   65592688 kB
VmallocTotal:   263061440 kB
VmallocUsed:      100076 kB
VmallocChunk:          0 kB
Percpu:             7584 kB
CmaTotal:         294912 kB
CmaFree:               0 kB
MemTotal:       12113144 kB
MemFree:         6962504 kB
MemAvailable:    8336244 kB
Buffers:            5276 kB
Cached:          1617476 kB
SwapCached:            0 kB
Active:          1331220 kB
Inactive:        1420336 kB
Active(anon):    1135540 kB
Inactive(anon):    20212 kB
Active(file):     195680 kB
Inactive(file):  1400124 kB
Unevictable:        5692 kB
Mlocked:            5692 kB
SwapTotal:       3145724 kB
SwapFree:        3145724 kB
Dirty:               272 kB
Writeback:             0 kB
AnonPages:       1134920 kB
Mapped:           821880 kB
Shmem:             22296 kB
KReclaimable:     646640 kB
Slab:             205800 kB
SReclaimable:      66792 kB
SUnreclaim:       139008 kB
KernelStack:       43200 kB
PageTables:        60560 kB
NFS_Unstable:          0 kB
Bounce:                0 kB
WritebackTmp:          0 kB
CommitLimit:     9202296 kB
Committed_AS:   65592424 kB
VmallocTotal:   263061440 kB
VmallocUsed:      100108 kB
VmallocChunk:          0 kB
Percpu:             7584 kB
CmaTotal:         294912 kB
CmaFree:               0 kB
MemTotal:       12113144 kB
MemFree:         6962500 kB
MemAvailable:    8336240 kB
Buffers:            5276 kB
Cached:          1617476 kB
SwapCached:            0 kB
Active:          1332164 kB
Inactive:        1420336 kB
Active(anon):    1136484 kB
Inactive(anon):    20212 kB
Active(file):     195680 kB
Inactive(file):  1400124 kB
Unevictable:        5692 kB
Mlocked:            5692 kB
SwapTotal:       3145724 kB
SwapFree:        3145724 kB
Dirty:               272 kB
Writeback:             0 kB
AnonPages:       1135400 kB
Mapped:           821880 kB
Shmem:             22296 kB
KReclaimable:     646640 kB
Slab:             205800 kB
SReclaimable:      66792 kB
SUnreclaim:       139008 kB
KernelStack:       43232 kB
PageTables:        60684 kB
NFS_Unstable:          0 kB
Bounce:                0 kB
WritebackTmp:          0 kB
CommitLimit:     9202296 kB
Committed_AS:   65592616 kB
VmallocTotal:   263061440 kB
VmallocUsed:      100140 kB
VmallocChunk:          0 kB
Percpu:             7584 kB
CmaTotal:         294912 kB
CmaFree:               0 kB
MemTotal:       12113144 kB
MemFree:         6961176 kB
MemAvailable:    8334916 kB
Buffers:            5276 kB
Cached:          1617476 kB
SwapCached:            0 kB
Active:          1332660 kB
Inactive:        1420336 kB
Active(anon):    1136980 kB
Inactive(anon):    20212 kB
Active(file):     195680 kB
Inactive(file):  1400124 kB
Unevictable:        5692 kB
Mlocked:            5692 kB
SwapTotal:       3145724 kB
SwapFree:        3145724 kB
Dirty:               272 kB
Writeback:             0 kB
AnonPages:       1136056 kB
Mapped:           821620 kB
Shmem:             22296 kB
KReclaimable:     646640 kB
Slab:             205804 kB
SReclaimable:      66792 kB
SUnreclaim:       139012 kB
KernelStack:       43216 kB
PageTables:        60560 kB
NFS_Unstable:          0 kB
Bounce:                0 kB
WritebackTmp:          0 kB
CommitLimit:     9202296 kB
Committed_AS:   65592624 kB
VmallocTotal:   263061440 kB
VmallocUsed:      100140 kB
VmallocChunk:          0 kB
Percpu:             7584 kB
CmaTotal:         294912 kB
CmaFree:               0 kB
MemTotal:       12113144 kB
MemFree:         6959800 kB
MemAvailable:    8333540 kB
Buffers:            5276 kB
Cached:          1617476 kB
SwapCached:            0 kB
Active:          1333364 kB
Inactive:        1420336 kB
Active(anon):    1137684 kB
Inactive(anon):    20212 kB
Active(file):     195680 kB
Inactive(file):  1400124 kB
Unevictable:        5692 kB
Mlocked:            5692 kB
SwapTotal:       3145724 kB
SwapFree:        3145724 kB
Dirty:               272 kB
Writeback:             0 kB
AnonPages:       1136980 kB
Mapped:           821744 kB
Shmem:             22296 kB
KReclaimable:     646640 kB
Slab:             205780 kB
SReclaimable:      66792 kB
SUnreclaim:       138988 kB
KernelStack:       43216 kB
PageTables:        60448 kB
NFS_Unstable:          0 kB
Bounce:                0 kB
WritebackTmp:          0 kB
CommitLimit:     9202296 kB
Committed_AS:   65592632 kB
VmallocTotal:   263061440 kB
VmallocUsed:      100188 kB
VmallocChunk:          0 kB
Percpu:             7584 kB
CmaTotal:         294912 kB
CmaFree:               0 kB
MemTotal:       12113144 kB
MemFree:         6960176 kB
MemAvailable:    8333916 kB
Buffers:            5276 kB
Cached:          1617476 kB
SwapCached:            0 kB
Active:          1333540 kB
Inactive:        1420336 kB
Active(anon):    1137860 kB
Inactive(anon):    20212 kB
Active(file):     195680 kB
Inactive(file):  1400124 kB
Unevictable:        5692 kB
Mlocked:            5692 kB
SwapTotal:       3145724 kB
SwapFree:        3145724 kB
Dirty:               276 kB
Writeback:             0 kB
AnonPages:       1136892 kB
Mapped:           821880 kB
Shmem:             22296 kB
KReclaimable:     646640 kB
Slab:             205804 kB
SReclaimable:      66792 kB
SUnreclaim:       139012 kB
KernelStack:       43248 kB
PageTables:        60564 kB
NFS_Unstable:          0 kB
Bounce:                0 kB
WritebackTmp:          0 kB
CommitLimit:     9202296 kB
Committed_AS:   65592324 kB
VmallocTotal:   263061440 kB
VmallocUsed:      100172 kB
VmallocChunk:          0 kB
Percpu:             7584 kB
CmaTotal:         294912 kB
CmaFree:               0 kB
MemTotal:       12113144 kB
MemFree:         6959432 kB
MemAvailable:    8333172 kB
Buffers:            5276 kB
Cached:          1617480 kB
SwapCached:            0 kB
Active:          1334140 kB
Inactive:        1420340 kB
Active(anon):    1138460 kB
Inactive(anon):    20216 kB
Active(file):     195680 kB
Inactive(file):  1400124 kB
Unevictable:        5692 kB
Mlocked:            5692 kB
SwapTotal:       3145724 kB
SwapFree:        3145724 kB
Dirty:               272 kB
Writeback:             0 kB
AnonPages:       1137668 kB
Mapped:           821792 kB
Shmem:             22300 kB
KReclaimable:     646640 kB
Slab:             205780 kB
SReclaimable:      66792 kB
SUnreclaim:       138988 kB
KernelStack:       43232 kB
PageTables:        60484 kB
NFS_Unstable:          0 kB
Bounce:                0 kB
WritebackTmp:          0 kB
CommitLimit:     9202296 kB
Committed_AS:   65597496 kB
VmallocTotal:   263061440 kB
VmallocUsed:      100172 kB
VmallocChunk:          0 kB
Percpu:             7584 kB
CmaTotal:         294912 kB
CmaFree:               0 kB
MemTotal:       12113144 kB
MemFree:         6959836 kB
MemAvailable:    8333580 kB
Buffers:            5276 kB
Cached:          1617488 kB
SwapCached:            0 kB
Active:          1333036 kB
Inactive:        1420348 kB
Active(anon):    1137360 kB
Inactive(anon):    20216 kB
Active(file):     195676 kB
Inactive(file):  1400132 kB
Unevictable:        5692 kB
Mlocked:            5692 kB
SwapTotal:       3145724 kB
SwapFree:        3145724 kB
Dirty:               296 kB
Writeback:             0 kB
AnonPages:       1136452 kB
Mapped:           821888 kB
Shmem:             22300 kB
KReclaimable:     646640 kB
Slab:             205804 kB
SReclaimable:      66792 kB
SUnreclaim:       139012 kB
KernelStack:       43264 kB
PageTables:        60568 kB
NFS_Unstable:          0 kB
Bounce:                0 kB
WritebackTmp:          0 kB
CommitLimit:     9202296 kB
Committed_AS:   65597904 kB
VmallocTotal:   263061440 kB
VmallocUsed:      100172 kB
VmallocChunk:          0 kB
Percpu:             7584 kB
CmaTotal:         294912 kB
CmaFree:               0 kB
MemTotal:       12113144 kB
MemFree:         6959304 kB
MemAvailable:    8333052 kB
Buffers:            5276 kB
Cached:          1617488 kB
SwapCached:            0 kB
Active:          1333164 kB
Inactive:        1420352 kB
Active(anon):    1137488 kB
Inactive(anon):    20216 kB
Active(file):     195676 kB
Inactive(file):  1400136 kB
Unevictable:        5692 kB
Mlocked:            5692 kB
SwapTotal:       3145724 kB
SwapFree:        3145724 kB
Dirty:               296 kB
Writeback:             0 kB
AnonPages:       1136588 kB
Mapped:           821876 kB
Shmem:             22300 kB
KReclaimable:     646640 kB
Slab:             205808 kB
SReclaimable:      66792 kB
SUnreclaim:       139016 kB
KernelStack:       43248 kB
PageTables:        60556 kB
NFS_Unstable:          0 kB
Bounce:                0 kB
WritebackTmp:          0 kB
CommitLimit:     9202296 kB
Committed_AS:   65597912 kB
VmallocTotal:   263061440 kB
VmallocUsed:      100156 kB
VmallocChunk:          0 kB
Percpu:             7584 kB
CmaTotal:         294912 kB
CmaFree:               0 kB
MemTotal:       12113144 kB
MemFree:         6959224 kB
MemAvailable:    8332972 kB
Buffers:            5276 kB
Cached:          1617488 kB
SwapCached:            0 kB
Active:          1333800 kB
Inactive:        1420348 kB
Active(anon):    1138120 kB
Inactive(anon):    20216 kB
Active(file):     195680 kB
Inactive(file):  1400132 kB
Unevictable:        5692 kB
Mlocked:            5692 kB
SwapTotal:       3145724 kB
SwapFree:        3145724 kB
Dirty:               296 kB
Writeback:             0 kB
AnonPages:       1136776 kB
Mapped:           821884 kB
Shmem:             22300 kB
KReclaimable:     646640 kB
Slab:             205816 kB
SReclaimable:      66792 kB
SUnreclaim:       139024 kB
KernelStack:       43248 kB
PageTables:        60568 kB
NFS_Unstable:          0 kB
Bounce:                0 kB
WritebackTmp:          0 kB
CommitLimit:     9202296 kB
Committed_AS:   65597604 kB
VmallocTotal:   263061440 kB
VmallocUsed:      100172 kB
VmallocChunk:          0 kB
Percpu:             7584 kB
CmaTotal:         294912 kB
CmaFree:               0 kB
MemTotal:       12113144 kB
MemFree:         6958116 kB
MemAvailable:    8331864 kB
Buffers:            5276 kB
Cached:          1617488 kB
SwapCached:            0 kB
Active:          1333896 kB
Inactive:        1420348 kB
Active(anon):    1138216 kB
Inactive(anon):    20216 kB
Active(file):     195680 kB
Inactive(file):  1400132 kB
Unevictable:        5692 kB
Mlocked:            5692 kB
SwapTotal:       3145724 kB
SwapFree:        3145724 kB
Dirty:               296 kB
Writeback:             0 kB
AnonPages:       1137156 kB
Mapped:           821632 kB
Shmem:             22300 kB
KReclaimable:     646640 kB
Slab:             205868 kB
SReclaimable:      66792 kB
SUnreclaim:       139076 kB
KernelStack:       43264 kB
PageTables:        60596 kB
NFS_Unstable:          0 kB
Bounce:                0 kB
WritebackTmp:          0 kB
CommitLimit:     9202296 kB
Committed_AS:   65597208 kB
VmallocTotal:   263061440 kB
VmallocUsed:      100172 kB
VmallocChunk:          0 kB
Percpu:             7584 kB
CmaTotal:         294912 kB
CmaFree:               0 kB
MemTotal:       12113144 kB
MemFree:         6958344 kB
MemAvailable:    8332092 kB
Buffers:            5276 kB
Cached:          1617488 kB
SwapCached:            0 kB
Active:          1334228 kB
Inactive:        1420348 kB
Active(anon):    1138548 kB
Inactive(anon):    20216 kB
Active(file):     195680 kB
Inactive(file):  1400132 kB
Unevictable:        5692 kB
Mlocked:            5692 kB
SwapTotal:       3145724 kB
SwapFree:        3145724 kB
Dirty:               296 kB
Writeback:             0 kB
AnonPages:       1137628 kB
Mapped:           821880 kB
Shmem:             22300 kB
KReclaimable:     646640 kB
Slab:             205756 kB
SReclaimable:      66792 kB
SUnreclaim:       138964 kB
KernelStack:       43264 kB
PageTables:        60556 kB
NFS_Unstable:          0 kB
Bounce:                0 kB
WritebackTmp:          0 kB
CommitLimit:     9202296 kB
Committed_AS:   65597200 kB
VmallocTotal:   263061440 kB
VmallocUsed:      100172 kB
VmallocChunk:          0 kB
Percpu:             7584 kB
CmaTotal:         294912 kB
CmaFree:               0 kB
MemTotal:       12113144 kB
MemFree:         6958160 kB
MemAvailable:    8331908 kB
Buffers:            5284 kB
Cached:          1617508 kB
SwapCached:            0 kB
Active:          1335308 kB
Inactive:        1420360 kB
Active(anon):    1139628 kB
Inactive(anon):    20228 kB
Active(file):     195680 kB
Inactive(file):  1400132 kB
Unevictable:        5692 kB
Mlocked:            5692 kB
SwapTotal:       3145724 kB
SwapFree:        3145724 kB
Dirty:               300 kB
Writeback:             0 kB
AnonPages:       1138664 kB
Mapped:           821644 kB
Shmem:             22312 kB
KReclaimable:     646640 kB
Slab:             205868 kB
SReclaimable:      66792 kB
SUnreclaim:       139076 kB
KernelStack:       43248 kB
PageTables:        60572 kB
NFS_Unstable:          0 kB
Bounce:                0 kB
WritebackTmp:          0 kB
CommitLimit:     9202296 kB
Committed_AS:   65597068 kB
VmallocTotal:   263061440 kB
VmallocUsed:      100172 kB
VmallocChunk:          0 kB
Percpu:             7584 kB
CmaTotal:         294912 kB
CmaFree:               0 kB
MemTotal:       12113144 kB
MemFree:         6957960 kB
MemAvailable:    8331728 kB
Buffers:            5284 kB
Cached:          1617512 kB
SwapCached:            0 kB
Active:          1335604 kB
Inactive:        1420372 kB
Active(anon):    1139916 kB
Inactive(anon):    20228 kB
Active(file):     195688 kB
Inactive(file):  1400144 kB
Unevictable:        5692 kB
Mlocked:            5692 kB
SwapTotal:       3145724 kB
SwapFree:        3145724 kB
Dirty:               276 kB
Writeback:             0 kB
AnonPages:       1138672 kB
Mapped:           821828 kB
Shmem:             22312 kB
KReclaimable:     646640 kB
Slab:             205740 kB
SReclaimable:      66792 kB
SUnreclaim:       138948 kB
KernelStack:       43232 kB
PageTables:        60528 kB
NFS_Unstable:          0 kB
Bounce:                0 kB
WritebackTmp:          0 kB
CommitLimit:     9202296 kB
Committed_AS:   65597076 kB
VmallocTotal:   263061440 kB
VmallocUsed:      100172 kB
VmallocChunk:          0 kB
Percpu:             7584 kB
CmaTotal:         294912 kB
CmaFree:               0 kB
MemTotal:       12113144 kB
MemFree:         6957504 kB
MemAvailable:    8331272 kB
Buffers:            5284 kB
Cached:          1617512 kB
SwapCached:            0 kB
Active:          1336132 kB
Inactive:        1420372 kB
Active(anon):    1140444 kB
Inactive(anon):    20228 kB
Active(file):     195688 kB
Inactive(file):  1400144 kB
Unevictable:        5692 kB
Mlocked:            5692 kB
SwapTotal:       3145724 kB
SwapFree:        3145724 kB
Dirty:               276 kB
Writeback:             0 kB
AnonPages:       1139396 kB
Mapped:           821896 kB
Shmem:             22312 kB
KReclaimable:     646640 kB
Slab:             205852 kB
SReclaimable:      66792 kB
SUnreclaim:       139060 kB
KernelStack:       43248 kB
PageTables:        60564 kB
NFS_Unstable:          0 kB
Bounce:                0 kB
WritebackTmp:          0 kB
CommitLimit:     9202296 kB
Committed_AS:   65596900 kB
VmallocTotal:   263061440 kB
VmallocUsed:      100188 kB
VmallocChunk:          0 kB
Percpu:             7584 kB
CmaTotal:         294912 kB
CmaFree:               0 kB
MemTotal:       12113144 kB
MemFree:         6956652 kB
MemAvailable:    8330420 kB
Buffers:            5284 kB
Cached:          1617512 kB
SwapCached:            0 kB
Active:          1336500 kB
Inactive:        1420372 kB
Active(anon):    1140812 kB
Inactive(anon):    20228 kB
Active(file):     195688 kB
Inactive(file):  1400144 kB
Unevictable:        5692 kB
Mlocked:            5692 kB
SwapTotal:       3145724 kB
SwapFree:        3145724 kB
Dirty:               276 kB
Writeback:             0 kB
AnonPages:       1139844 kB
Mapped:           821832 kB
Shmem:             22312 kB
KReclaimable:     646640 kB
Slab:             205736 kB
SReclaimable:      66792 kB
SUnreclaim:       138944 kB
KernelStack:       43280 kB
PageTables:        60608 kB
NFS_Unstable:          0 kB
Bounce:                0 kB
WritebackTmp:          0 kB
CommitLimit:     9202296 kB
Committed_AS:   65597312 kB
VmallocTotal:   263061440 kB
VmallocUsed:      100172 kB
VmallocChunk:          0 kB
Percpu:             7584 kB
CmaTotal:         294912 kB
CmaFree:               0 kB
MemTotal:       12113144 kB
MemFree:         6956368 kB
MemAvailable:    8330140 kB
Buffers:            5284 kB
Cached:          1617516 kB
SwapCached:            0 kB
Active:          1336964 kB
Inactive:        1420376 kB
Active(anon):    1141276 kB
Inactive(anon):    20228 kB
Active(file):     195688 kB
Inactive(file):  1400148 kB
Unevictable:        5692 kB
Mlocked:            5692 kB
SwapTotal:       3145724 kB
SwapFree:        3145724 kB
Dirty:               284 kB
Writeback:             0 kB
AnonPages:       1140272 kB
Mapped:           821828 kB
Shmem:             22312 kB
KReclaimable:     646640 kB
Slab:             205872 kB
SReclaimable:      66792 kB
SUnreclaim:       139080 kB
KernelStack:       43216 kB
PageTables:        60512 kB
NFS_Unstable:          0 kB
Bounce:                0 kB
WritebackTmp:          0 kB
CommitLimit:     9202296 kB
Committed_AS:   65597752 kB
VmallocTotal:   263061440 kB
VmallocUsed:      100156 kB
VmallocChunk:          0 kB
Percpu:             7584 kB
CmaTotal:         294912 kB
CmaFree:               0 kB
MemTotal:       12113144 kB
MemFree:         6956452 kB
MemAvailable:    8330224 kB
Buffers:            5284 kB
Cached:          1617516 kB
SwapCached:            0 kB
Active:          1336596 kB
Inactive:        1420376 kB
Active(anon):    1140908 kB
Inactive(anon):    20228 kB
Active(file):     195688 kB
Inactive(file):  1400148 kB
Unevictable:        5692 kB
Mlocked:            5692 kB
SwapTotal:       3145724 kB
SwapFree:        3145724 kB
Dirty:               284 kB
Writeback:             0 kB
AnonPages:       1140196 kB
Mapped:           821900 kB
Shmem:             22312 kB
KReclaimable:     646640 kB
Slab:             205704 kB
SReclaimable:      66792 kB
SUnreclaim:       138912 kB
KernelStack:       43264 kB
PageTables:        60568 kB
NFS_Unstable:          0 kB
Bounce:                0 kB
WritebackTmp:          0 kB
CommitLimit:     9202296 kB
Committed_AS:   65592400 kB
VmallocTotal:   263061440 kB
VmallocUsed:      100156 kB
VmallocChunk:          0 kB
Percpu:             7584 kB
CmaTotal:         294912 kB
CmaFree:               0 kB
MemTotal:       12113144 kB
MemFree:         6955900 kB
MemAvailable:    8329672 kB
Buffers:            5284 kB
Cached:          1617516 kB
SwapCached:            0 kB
Active:          1337268 kB
Inactive:        1420376 kB
Active(anon):    1141580 kB
Inactive(anon):    20228 kB
Active(file):     195688 kB
Inactive(file):  1400148 kB
Unevictable:        5692 kB
Mlocked:            5692 kB
SwapTotal:       3145724 kB
SwapFree:        3145724 kB
Dirty:               284 kB
Writeback:             0 kB
AnonPages:       1140148 kB
Mapped:           821896 kB
Shmem:             22312 kB
KReclaimable:     646640 kB
Slab:             205840 kB
SReclaimable:      66792 kB
SUnreclaim:       139048 kB
KernelStack:       43248 kB
PageTables:        60564 kB
NFS_Unstable:          0 kB
Bounce:                0 kB
WritebackTmp:          0 kB
CommitLimit:     9202296 kB
Committed_AS:   65592312 kB
VmallocTotal:   263061440 kB
VmallocUsed:      100156 kB
VmallocChunk:          0 kB
Percpu:             7584 kB
CmaTotal:         294912 kB
CmaFree:               0 kB
MemTotal:       12113144 kB
MemFree:         6955888 kB
MemAvailable:    8329660 kB
Buffers:            5284 kB
Cached:          1617516 kB
SwapCached:            0 kB
Active:          1337528 kB
Inactive:        1420376 kB
Active(anon):    1141840 kB
Inactive(anon):    20228 kB
Active(file):     195688 kB
Inactive(file):  1400148 kB
Unevictable:        5692 kB
Mlocked:            5692 kB
SwapTotal:       3145724 kB
SwapFree:        3145724 kB
Dirty:               284 kB
Writeback:             0 kB
AnonPages:       1140832 kB
Mapped:           821812 kB
Shmem:             22312 kB
KReclaimable:     646640 kB
Slab:             205768 kB
SReclaimable:      66792 kB
SUnreclaim:       138976 kB
KernelStack:       43280 kB
PageTables:        60612 kB
NFS_Unstable:          0 kB
Bounce:                0 kB
WritebackTmp:          0 kB
CommitLimit:     9202296 kB
Committed_AS:   65592224 kB
VmallocTotal:   263061440 kB
VmallocUsed:      100172 kB
VmallocChunk:          0 kB
Percpu:             7584 kB
CmaTotal:         294912 kB
CmaFree:               0 kB
MemTotal:       12113144 kB
MemFree:         6955888 kB
MemAvailable:    8329668 kB
Buffers:            5284 kB
Cached:          1617524 kB
SwapCached:            0 kB
Active:          1337808 kB
Inactive:        1420380 kB
Active(anon):    1142116 kB
Inactive(anon):    20228 kB
Active(file):     195692 kB
Inactive(file):  1400152 kB
Unevictable:        5692 kB
Mlocked:            5692 kB
SwapTotal:       3145724 kB
SwapFree:        3145724 kB
Dirty:               292 kB
Writeback:             0 kB
AnonPages:       1141168 kB
Mapped:           821644 kB
Shmem:             22312 kB
KReclaimable:     646640 kB
Slab:             205824 kB
SReclaimable:      66792 kB
SUnreclaim:       139032 kB
KernelStack:       43280 kB
PageTables:        60588 kB
NFS_Unstable:          0 kB
Bounce:                0 kB
WritebackTmp:          0 kB
CommitLimit:     9202296 kB
Committed_AS:   65586776 kB
VmallocTotal:   263061440 kB
VmallocUsed:      100156 kB
VmallocChunk:          0 kB
Percpu:             7584 kB
CmaTotal:         294912 kB
CmaFree:               0 kB
MemTotal:       12113144 kB
MemFree:         6955832 kB
MemAvailable:    8329604 kB
Buffers:            5284 kB
Cached:          1617516 kB
SwapCached:            0 kB
Active:          1338544 kB
Inactive:        1420376 kB
Active(anon):    1142856 kB
Inactive(anon):    20228 kB
Active(file):     195688 kB
Inactive(file):  1400148 kB
Unevictable:        5692 kB
Mlocked:            5692 kB
SwapTotal:       3145724 kB
SwapFree:        3145724 kB
Dirty:               284 kB
Writeback:             0 kB
AnonPages:       1141456 kB
Mapped:           821760 kB
Shmem:             22312 kB
KReclaimable:     646640 kB
Slab:             205748 kB
SReclaimable:      66792 kB
SUnreclaim:       138956 kB
KernelStack:       43264 kB
PageTables:        60664 kB
NFS_Unstable:          0 kB
Bounce:                0 kB
WritebackTmp:          0 kB
CommitLimit:     9202296 kB
Committed_AS:   65599108 kB
VmallocTotal:   263061440 kB
VmallocUsed:      100156 kB
VmallocChunk:          0 kB
Percpu:             7584 kB
CmaTotal:         294912 kB
CmaFree:               0 kB
MemTotal:       12113144 kB
MemFree:         6955128 kB
MemAvailable:    8328912 kB
Buffers:            5284 kB
Cached:          1617532 kB
SwapCached:            0 kB
Active:          1339072 kB
Inactive:        1420392 kB
Active(anon):    1143384 kB
Inactive(anon):    20232 kB
Active(file):     195688 kB
Inactive(file):  1400160 kB
Unevictable:        5692 kB
Mlocked:            5692 kB
SwapTotal:       3145724 kB
SwapFree:        3145724 kB
Dirty:               304 kB
Writeback:             0 kB
AnonPages:       1142096 kB
Mapped:           821976 kB
Shmem:             22316 kB
KReclaimable:     646640 kB
Slab:             205828 kB
SReclaimable:      66792 kB
SUnreclaim:       139036 kB
KernelStack:       43280 kB
PageTables:        60632 kB
NFS_Unstable:          0 kB
Bounce:                0 kB
WritebackTmp:          0 kB
CommitLimit:     9202296 kB
Committed_AS:   65599152 kB
VmallocTotal:   263061440 kB
VmallocUsed:      100172 kB
VmallocChunk:          0 kB
Percpu:             7584 kB
CmaTotal:         294912 kB
CmaFree:               0 kB
MemTotal:       12113144 kB
MemFree:         6955068 kB
MemAvailable:    8328852 kB
Buffers:            5284 kB
Cached:          1617532 kB
SwapCached:            0 kB
Active:          1339540 kB
Inactive:        1420392 kB
Active(anon):    1143852 kB
Inactive(anon):    20232 kB
Active(file):     195688 kB
Inactive(file):  1400160 kB
Unevictable:        5692 kB
Mlocked:            5692 kB
SwapTotal:       3145724 kB
SwapFree:        3145724 kB
Dirty:               304 kB
Writeback:             0 kB
AnonPages:       1143072 kB
Mapped:           821632 kB
Shmem:             22316 kB
KReclaimable:     646640 kB
Slab:             205836 kB
SReclaimable:      66792 kB
SUnreclaim:       139044 kB
KernelStack:       43248 kB
PageTables:        60560 kB
NFS_Unstable:          0 kB
Bounce:                0 kB
WritebackTmp:          0 kB
CommitLimit:     9202296 kB
Committed_AS:   65598904 kB
VmallocTotal:   263061440 kB
VmallocUsed:      100156 kB
VmallocChunk:          0 kB
Percpu:             7584 kB
CmaTotal:         294912 kB
CmaFree:               0 kB
MemTotal:       12113144 kB
MemFree:         6954236 kB
MemAvailable:    8328020 kB
Buffers:            5284 kB
Cached:          1617532 kB
SwapCached:            0 kB
Active:          1339628 kB
Inactive:        1420392 kB
Active(anon):    1143940 kB
Inactive(anon):    20232 kB
Active(file):     195688 kB
Inactive(file):  1400160 kB
Unevictable:        5692 kB
Mlocked:            5692 kB
SwapTotal:       3145724 kB
SwapFree:        3145724 kB
Dirty:               304 kB
Writeback:             0 kB
AnonPages:       1143004 kB
Mapped:           821908 kB
Shmem:             22316 kB
KReclaimable:     646640 kB
Slab:             205756 kB
SReclaimable:      66792 kB
SUnreclaim:       138964 kB
KernelStack:       43296 kB
PageTables:        60644 kB
NFS_Unstable:          0 kB
Bounce:                0 kB
WritebackTmp:          0 kB
CommitLimit:     9202296 kB
Committed_AS:   65593172 kB
VmallocTotal:   263061440 kB
VmallocUsed:      100156 kB
VmallocChunk:          0 kB
Percpu:             7584 kB
CmaTotal:         294912 kB
CmaFree:               0 kB
MemTotal:       12113144 kB
MemFree:         6953704 kB
MemAvailable:    8327488 kB
Buffers:            5284 kB
Cached:          1617532 kB
SwapCached:            0 kB
Active:          1340076 kB
Inactive:        1420392 kB
Active(anon):    1144388 kB
Inactive(anon):    20232 kB
Active(file):     195688 kB
Inactive(file):  1400160 kB
Unevictable:        5692 kB
Mlocked:            5692 kB
SwapTotal:       3145724 kB
SwapFree:        3145724 kB
Dirty:               304 kB
Writeback:             0 kB
AnonPages:       1143344 kB
Mapped:           821832 kB
Shmem:             22316 kB
KReclaimable:     646640 kB
Slab:             205844 kB
SReclaimable:      66792 kB
SUnreclaim:       139052 kB
KernelStack:       43216 kB
PageTables:        60524 kB
NFS_Unstable:          0 kB
Bounce:                0 kB
WritebackTmp:          0 kB
CommitLimit:     9202296 kB
Committed_AS:   65596684 kB
VmallocTotal:   263061440 kB
VmallocUsed:      100156 kB
VmallocChunk:          0 kB
Percpu:             7584 kB
CmaTotal:         294912 kB
CmaFree:               0 kB
MemTotal:       12113144 kB
MemFree:         6953176 kB
MemAvailable:    8326960 kB
Buffers:            5284 kB
Cached:          1617532 kB
SwapCached:            0 kB
Active:          1340260 kB
Inactive:        1420392 kB
Active(anon):    1144572 kB
Inactive(anon):    20232 kB
Active(file):     195688 kB
Inactive(file):  1400160 kB
Unevictable:        5692 kB
Mlocked:            5692 kB
SwapTotal:       3145724 kB
SwapFree:        3145724 kB
Dirty:               304 kB
Writeback:             0 kB
AnonPages:       1143580 kB
Mapped:           821912 kB
Shmem:             22316 kB
KReclaimable:     646640 kB
Slab:             205756 kB
SReclaimable:      66792 kB
SUnreclaim:       138964 kB
KernelStack:       43264 kB
PageTables:        60576 kB
NFS_Unstable:          0 kB
Bounce:                0 kB
WritebackTmp:          0 kB
CommitLimit:     9202296 kB
Committed_AS:   65598588 kB
VmallocTotal:   263061440 kB
VmallocUsed:      100172 kB
VmallocChunk:          0 kB
Percpu:             7584 kB
CmaTotal:         294912 kB
CmaFree:               0 kB
MemTotal:       12113144 kB
MemFree:         6953124 kB
MemAvailable:    8326920 kB
Buffers:            5288 kB
Cached:          1617540 kB
SwapCached:            0 kB
Active:          1341224 kB
Inactive:        1420396 kB
Active(anon):    1145528 kB
Inactive(anon):    20232 kB
Active(file):     195696 kB
Inactive(file):  1400164 kB
Unevictable:        5692 kB
Mlocked:            5692 kB
SwapTotal:       3145724 kB
SwapFree:        3145724 kB
Dirty:               324 kB
Writeback:             0 kB
AnonPages:       1144344 kB
Mapped:           821840 kB
Shmem:             22316 kB
KReclaimable:     646640 kB
Slab:             205832 kB
SReclaimable:      66792 kB
SUnreclaim:       139040 kB
KernelStack:       43268 kB
PageTables:        60532 kB
NFS_Unstable:          0 kB
Bounce:                0 kB
WritebackTmp:          0 kB
CommitLimit:     9202296 kB
Committed_AS:   65601376 kB
VmallocTotal:   263061440 kB
VmallocUsed:      100188 kB
VmallocChunk:          0 kB
Percpu:             7584 kB
CmaTotal:         294912 kB
CmaFree:               0 kB
MemTotal:       12113144 kB
MemFree:         6952820 kB
MemAvailable:    8326628 kB
Buffers:            5288 kB
Cached:          1617552 kB
SwapCached:            0 kB
Active:          1341352 kB
Inactive:        1420408 kB
Active(anon):    1145656 kB
Inactive(anon):    20232 kB
Active(file):     195696 kB
Inactive(file):  1400176 kB
Unevictable:        5692 kB
Mlocked:            5692 kB
SwapTotal:       3145724 kB
SwapFree:        3145724 kB
Dirty:               292 kB
Writeback:             0 kB
AnonPages:       1144812 kB
Mapped:           821876 kB
Shmem:             22316 kB
KReclaimable:     646640 kB
Slab:             205792 kB
SReclaimable:      66792 kB
SUnreclaim:       139000 kB
KernelStack:       43280 kB
PageTables:        60556 kB
NFS_Unstable:          0 kB
Bounce:                0 kB
WritebackTmp:          0 kB
CommitLimit:     9202296 kB
Committed_AS:   65601332 kB
VmallocTotal:   263061440 kB
VmallocUsed:      100172 kB
VmallocChunk:          0 kB
Percpu:             7584 kB
CmaTotal:         294912 kB
CmaFree:               0 kB
MemTotal:       12113144 kB
MemFree:         6952240 kB
MemAvailable:    8326048 kB
Buffers:            5288 kB
Cached:          1617552 kB
SwapCached:            0 kB
Active:          1341688 kB
Inactive:        1420408 kB
Active(anon):    1145992 kB
Inactive(anon):    20232 kB
Active(file):     195696 kB
Inactive(file):  1400176 kB
Unevictable:        5692 kB
Mlocked:            5692 kB
SwapTotal:       3145724 kB
SwapFree:        3145724 kB
Dirty:               184 kB
Writeback:             0 kB
AnonPages:       1144896 kB
Mapped:           821648 kB
Shmem:             22316 kB
KReclaimable:     646640 kB
Slab:             205856 kB
SReclaimable:      66792 kB
SUnreclaim:       139064 kB
KernelStack:       43280 kB
PageTables:        60572 kB
NFS_Unstable:          0 kB
Bounce:                0 kB
WritebackTmp:          0 kB
CommitLimit:     9202296 kB
Committed_AS:   65601024 kB
VmallocTotal:   263061440 kB
VmallocUsed:      100140 kB
VmallocChunk:          0 kB
Percpu:             7584 kB
CmaTotal:         294912 kB
CmaFree:               0 kB
MemTotal:       12113144 kB
MemFree:         6951768 kB
MemAvailable:    8325568 kB
Buffers:            5288 kB
Cached:          1617544 kB
SwapCached:            0 kB
Active:          1342128 kB
Inactive:        1420404 kB
Active(anon):    1146436 kB
Inactive(anon):    20232 kB
Active(file):     195692 kB
Inactive(file):  1400172 kB
Unevictable:        5692 kB
Mlocked:            5692 kB
SwapTotal:       3145724 kB
SwapFree:        3145724 kB
Dirty:               176 kB
Writeback:             0 kB
AnonPages:       1145496 kB
Mapped:           821840 kB
Shmem:             22316 kB
KReclaimable:     646640 kB
Slab:             205744 kB
SReclaimable:      66792 kB
SUnreclaim:       138952 kB
KernelStack:       43248 kB
PageTables:        60512 kB
NFS_Unstable:          0 kB
Bounce:                0 kB
WritebackTmp:          0 kB
CommitLimit:     9202296 kB
Committed_AS:   65601200 kB
VmallocTotal:   263061440 kB
VmallocUsed:      100156 kB
VmallocChunk:          0 kB
Percpu:             7584 kB
CmaTotal:         294912 kB
CmaFree:               0 kB
MemTotal:       12113144 kB
MemFree:         6950316 kB
MemAvailable:    8324116 kB
Buffers:            5288 kB
Cached:          1617544 kB
SwapCached:            0 kB
Active:          1342588 kB
Inactive:        1420404 kB
Active(anon):    1146896 kB
Inactive(anon):    20232 kB
Active(file):     195692 kB
Inactive(file):  1400172 kB
Unevictable:        5692 kB
Mlocked:            5692 kB
SwapTotal:       3145724 kB
SwapFree:        3145724 kB
Dirty:               176 kB
Writeback:             0 kB
AnonPages:       1145876 kB
Mapped:           821836 kB
Shmem:             22316 kB
KReclaimable:     646640 kB
Slab:             205920 kB
SReclaimable:      66792 kB
SUnreclaim:       139128 kB
KernelStack:       43216 kB
PageTables:        60504 kB
NFS_Unstable:          0 kB
Bounce:                0 kB
WritebackTmp:          0 kB
CommitLimit:     9202296 kB
Committed_AS:   65600980 kB
VmallocTotal:   263061440 kB
VmallocUsed:      100156 kB
VmallocChunk:          0 kB
Percpu:             7584 kB
CmaTotal:         294912 kB
CmaFree:               0 kB
MemTotal:       12113144 kB
MemFree:         6951280 kB
MemAvailable:    8325080 kB
Buffers:            5288 kB
Cached:          1617544 kB
SwapCached:            0 kB
Active:          1341892 kB
Inactive:        1420404 kB
Active(anon):    1146200 kB
Inactive(anon):    20232 kB
Active(file):     195692 kB
Inactive(file):  1400172 kB
Unevictable:        5692 kB
Mlocked:            5692 kB
SwapTotal:       3145724 kB
SwapFree:        3145724 kB
Dirty:               176 kB
Writeback:             0 kB
AnonPages:       1145404 kB
Mapped:           821640 kB
Shmem:             22316 kB
KReclaimable:     646640 kB
Slab:             205672 kB
SReclaimable:      66792 kB
SUnreclaim:       138880 kB
KernelStack:       43248 kB
PageTables:        60564 kB
NFS_Unstable:          0 kB
Bounce:                0 kB
WritebackTmp:          0 kB
CommitLimit:     9202296 kB
Committed_AS:   65601156 kB
VmallocTotal:   263061440 kB
VmallocUsed:      100188 kB
VmallocChunk:          0 kB
Percpu:             7584 kB
CmaTotal:         294912 kB
CmaFree:               0 kB
MemTotal:       12113144 kB
MemFree:         6950340 kB
MemAvailable:    8324140 kB
Buffers:            5288 kB
Cached:          1617544 kB
SwapCached:            0 kB
Active:          1342292 kB
Inactive:        1420404 kB
Active(anon):    1146600 kB
Inactive(anon):    20232 kB
Active(file):     195692 kB
Inactive(file):  1400172 kB
Unevictable:        5692 kB
Mlocked:            5692 kB
SwapTotal:       3145724 kB
SwapFree:        3145724 kB
Dirty:               176 kB
Writeback:             0 kB
AnonPages:       1145340 kB
Mapped:           821900 kB
Shmem:             22316 kB
KReclaimable:     646640 kB
Slab:             205892 kB
SReclaimable:      66792 kB
SUnreclaim:       139100 kB
KernelStack:       43248 kB
PageTables:        60564 kB
NFS_Unstable:          0 kB
Bounce:                0 kB
WritebackTmp:          0 kB
CommitLimit:     9202296 kB
Committed_AS:   65600936 kB
VmallocTotal:   263061440 kB
VmallocUsed:      100188 kB
VmallocChunk:          0 kB
Percpu:             7584 kB
CmaTotal:         294912 kB
CmaFree:               0 kB
MemTotal:       12113144 kB
MemFree:         6950292 kB
MemAvailable:    8324092 kB
Buffers:            5288 kB
Cached:          1617544 kB
SwapCached:            0 kB
Active:          1342568 kB
Inactive:        1420404 kB
Active(anon):    1146876 kB
Inactive(anon):    20232 kB
Active(file):     195692 kB
Inactive(file):  1400172 kB
Unevictable:        5692 kB
Mlocked:            5692 kB
SwapTotal:       3145724 kB
SwapFree:        3145724 kB
Dirty:               176 kB
Writeback:             0 kB
AnonPages:       1146168 kB
Mapped:           821900 kB
Shmem:             22316 kB
KReclaimable:     646640 kB
Slab:             205716 kB
SReclaimable:      66792 kB
SUnreclaim:       138924 kB
KernelStack:       43264 kB
PageTables:        60576 kB
NFS_Unstable:          0 kB
Bounce:                0 kB
WritebackTmp:          0 kB
CommitLimit:     9202296 kB
Committed_AS:   65600628 kB
VmallocTotal:   263061440 kB
VmallocUsed:      100188 kB
VmallocChunk:          0 kB
Percpu:             7584 kB
CmaTotal:         294912 kB
CmaFree:               0 kB
MemTotal:       12113144 kB
MemFree:         6949732 kB
MemAvailable:    8323540 kB
Buffers:            5288 kB
Cached:          1617552 kB
SwapCached:            0 kB
Active:          1342980 kB
Inactive:        1420408 kB
Active(anon):    1147284 kB
Inactive(anon):    20232 kB
Active(file):     195696 kB
Inactive(file):  1400176 kB
Unevictable:        5692 kB
Mlocked:            5692 kB
SwapTotal:       3145724 kB
SwapFree:        3145724 kB
Dirty:               184 kB
Writeback:             0 kB
AnonPages:       1146284 kB
Mapped:           821892 kB
Shmem:             22316 kB
KReclaimable:     646640 kB
Slab:             205940 kB
SReclaimable:      66792 kB
SUnreclaim:       139148 kB
KernelStack:       43248 kB
PageTables:        60556 kB
NFS_Unstable:          0 kB
Bounce:                0 kB
WritebackTmp:          0 kB
CommitLimit:     9202296 kB
Committed_AS:   65600408 kB
VmallocTotal:   263061440 kB
VmallocUsed:      100188 kB
VmallocChunk:          0 kB
Percpu:             7584 kB
CmaTotal:         294912 kB
CmaFree:               0 kB
MemTotal:       12113144 kB
MemFree:         6949080 kB
MemAvailable:    8322880 kB
Buffers:            5288 kB
Cached:          1617544 kB
SwapCached:            0 kB
Active:          1343424 kB
Inactive:        1420404 kB
Active(anon):    1147732 kB
Inactive(anon):    20232 kB
Active(file):     195692 kB
Inactive(file):  1400172 kB
Unevictable:        5692 kB
Mlocked:            5692 kB
SwapTotal:       3145724 kB
SwapFree:        3145724 kB
Dirty:               208 kB
Writeback:             0 kB
AnonPages:       1146736 kB
Mapped:           821908 kB
Shmem:             22316 kB
KReclaimable:     646640 kB
Slab:             205828 kB
SReclaimable:      66792 kB
SUnreclaim:       139036 kB
KernelStack:       43264 kB
PageTables:        60592 kB
NFS_Unstable:          0 kB
Bounce:                0 kB
WritebackTmp:          0 kB
CommitLimit:     9202296 kB
Committed_AS:   65600012 kB
VmallocTotal:   263061440 kB
VmallocUsed:      100172 kB
VmallocChunk:          0 kB
Percpu:             7584 kB
CmaTotal:         294912 kB
CmaFree:               0 kB
MemTotal:       12113144 kB
MemFree:         6957856 kB
MemAvailable:    8331660 kB
Buffers:            5288 kB
Cached:          1617548 kB
SwapCached:            0 kB
Active:          1335016 kB
Inactive:        1420408 kB
Active(anon):    1139324 kB
Inactive(anon):    20232 kB
Active(file):     195692 kB
Inactive(file):  1400176 kB
Unevictable:        5692 kB
Mlocked:            5692 kB
SwapTotal:       3145724 kB
SwapFree:        3145724 kB
Dirty:               224 kB
Writeback:             0 kB
AnonPages:       1138076 kB
Mapped:           821652 kB
Shmem:             22316 kB
KReclaimable:     646640 kB
Slab:             205924 kB
SReclaimable:      66792 kB
SUnreclaim:       139132 kB
KernelStack:       43248 kB
PageTables:        60576 kB
NFS_Unstable:          0 kB
Bounce:                0 kB
WritebackTmp:          0 kB
CommitLimit:     9202296 kB
Committed_AS:   65599660 kB
VmallocTotal:   263061440 kB
VmallocUsed:      100156 kB
VmallocChunk:          0 kB
Percpu:             7584 kB
CmaTotal:         294912 kB
CmaFree:               0 kB
MemTotal:       12113144 kB
MemFree:         6959064 kB
MemAvailable:    8332868 kB
Buffers:            5288 kB
Cached:          1617548 kB
SwapCached:            0 kB
Active:          1335132 kB
Inactive:        1420408 kB
Active(anon):    1139440 kB
Inactive(anon):    20232 kB
Active(file):     195692 kB
Inactive(file):  1400176 kB
Unevictable:        5692 kB
Mlocked:            5692 kB
SwapTotal:       3145724 kB
SwapFree:        3145724 kB
Dirty:               224 kB
Writeback:             0 kB
AnonPages:       1138604 kB
Mapped:           821764 kB
Shmem:             22316 kB
KReclaimable:     646640 kB
Slab:             205804 kB
SReclaimable:      66792 kB
SUnreclaim:       139012 kB
KernelStack:       43252 kB
PageTables:        60444 kB
NFS_Unstable:          0 kB
Bounce:                0 kB
WritebackTmp:          0 kB
CommitLimit:     9202296 kB
Committed_AS:   65601744 kB
VmallocTotal:   263061440 kB
VmallocUsed:      100188 kB
VmallocChunk:          0 kB
Percpu:             7584 kB
CmaTotal:         294912 kB
CmaFree:               0 kB
MemTotal:       12113144 kB
MemFree:         6958416 kB
MemAvailable:    8332224 kB
Buffers:            5288 kB
Cached:          1617548 kB
SwapCached:            0 kB
Active:          1335936 kB
Inactive:        1420408 kB
Active(anon):    1140244 kB
Inactive(anon):    20232 kB
Active(file):     195692 kB
Inactive(file):  1400176 kB
Unevictable:        5692 kB
Mlocked:            5692 kB
SwapTotal:       3145724 kB
SwapFree:        3145724 kB
Dirty:               224 kB
Writeback:             0 kB
AnonPages:       1138636 kB
Mapped:           821896 kB
Shmem:             22316 kB
KReclaimable:     646644 kB
Slab:             205772 kB
SReclaimable:      66796 kB
SUnreclaim:       138976 kB
KernelStack:       43248 kB
PageTables:        60572 kB
NFS_Unstable:          0 kB
Bounce:                0 kB
WritebackTmp:          0 kB
CommitLimit:     9202296 kB
Committed_AS:   65601664 kB
VmallocTotal:   263061440 kB
VmallocUsed:      100220 kB
VmallocChunk:          0 kB
Percpu:             7584 kB
CmaTotal:         294912 kB
CmaFree:               0 kB
MemTotal:       12113144 kB
MemFree:         6957924 kB
MemAvailable:    8331732 kB
Buffers:            5288 kB
Cached:          1617548 kB
SwapCached:            0 kB
Active:          1335736 kB
Inactive:        1420408 kB
Active(anon):    1140044 kB
Inactive(anon):    20232 kB
Active(file):     195692 kB
Inactive(file):  1400176 kB
Unevictable:        5692 kB
Mlocked:            5692 kB
SwapTotal:       3145724 kB
SwapFree:        3145724 kB
Dirty:               240 kB
Writeback:             0 kB
AnonPages:       1139332 kB
Mapped:           821980 kB
Shmem:             22316 kB
KReclaimable:     646644 kB
Slab:             205916 kB
SReclaimable:      66796 kB
SUnreclaim:       139120 kB
KernelStack:       43280 kB
PageTables:        60628 kB
NFS_Unstable:          0 kB
Bounce:                0 kB
WritebackTmp:          0 kB
CommitLimit:     9202296 kB
Committed_AS:   65601532 kB
VmallocTotal:   263061440 kB
VmallocUsed:      100204 kB
VmallocChunk:          0 kB
Percpu:             7584 kB
CmaTotal:         294912 kB
CmaFree:               0 kB
MemTotal:       12113144 kB
MemFree:         6957136 kB
MemAvailable:    8330944 kB
Buffers:            5288 kB
Cached:          1617548 kB
SwapCached:            0 kB
Active:          1336264 kB
Inactive:        1420408 kB
Active(anon):    1140572 kB
Inactive(anon):    20232 kB
Active(file):     195692 kB
Inactive(file):  1400176 kB
Unevictable:        5692 kB
Mlocked:            5692 kB
SwapTotal:       3145724 kB
SwapFree:        3145724 kB
Dirty:               240 kB
Writeback:             0 kB
AnonPages:       1139584 kB
Mapped:           821904 kB
Shmem:             22316 kB
KReclaimable:     646644 kB
Slab:             205780 kB
SReclaimable:      66796 kB
SUnreclaim:       138984 kB
KernelStack:       43232 kB
PageTables:        60564 kB
NFS_Unstable:          0 kB
Bounce:                0 kB
WritebackTmp:          0 kB
CommitLimit:     9202296 kB
Committed_AS:   65601480 kB
VmallocTotal:   263061440 kB
VmallocUsed:      100204 kB
VmallocChunk:          0 kB
Percpu:             7584 kB
CmaTotal:         294912 kB
CmaFree:               0 kB
MemTotal:       12113144 kB
MemFree:         6957072 kB
MemAvailable:    8330888 kB
Buffers:            5292 kB
Cached:          1617556 kB
SwapCached:            0 kB
Active:          1336296 kB
Inactive:        1420420 kB
Active(anon):    1140604 kB
Inactive(anon):    20236 kB
Active(file):     195692 kB
Inactive(file):  1400184 kB
Unevictable:        5692 kB
Mlocked:            5692 kB
SwapTotal:       3145724 kB
SwapFree:        3145724 kB
Dirty:               220 kB
Writeback:             0 kB
AnonPages:       1139948 kB
Mapped:           821836 kB
Shmem:             22320 kB
KReclaimable:     646644 kB
Slab:             205724 kB
SReclaimable:      66796 kB
SUnreclaim:       138928 kB
KernelStack:       43216 kB
PageTables:        60508 kB
NFS_Unstable:          0 kB
Bounce:                0 kB
WritebackTmp:          0 kB
CommitLimit:     9202296 kB
Committed_AS:   65601172 kB
VmallocTotal:   263061440 kB
VmallocUsed:      100172 kB
VmallocChunk:          0 kB
Percpu:             7584 kB
CmaTotal:         294912 kB
CmaFree:               0 kB
MemTotal:       12113144 kB
MemFree:         6956576 kB
MemAvailable:    8330400 kB
Buffers:            5292 kB
Cached:          1617564 kB
SwapCached:            0 kB
Active:          1336608 kB
Inactive:        1420424 kB
Active(anon):    1140912 kB
Inactive(anon):    20236 kB
Active(file):     195696 kB
Inactive(file):  1400188 kB
Unevictable:        5692 kB
Mlocked:            5692 kB
SwapTotal:       3145724 kB
SwapFree:        3145724 kB
Dirty:               228 kB
Writeback:             0 kB
AnonPages:       1139892 kB
Mapped:           821648 kB
Shmem:             22320 kB
KReclaimable:     646644 kB
Slab:             205888 kB
SReclaimable:      66796 kB
SUnreclaim:       139092 kB
KernelStack:       43216 kB
PageTables:        60564 kB
NFS_Unstable:          0 kB
Bounce:                0 kB
WritebackTmp:          0 kB
CommitLimit:     9202296 kB
Committed_AS:   65600884 kB
VmallocTotal:   263061440 kB
VmallocUsed:      100172 kB
VmallocChunk:          0 kB
Percpu:             7584 kB
CmaTotal:         294912 kB
CmaFree:               0 kB
MemTotal:       12113144 kB
MemFree:         6957072 kB
MemAvailable:    8330896 kB
Buffers:            5292 kB
Cached:          1617564 kB
SwapCached:            0 kB
Active:          1337252 kB
Inactive:        1420424 kB
Active(anon):    1141556 kB
Inactive(anon):    20236 kB
Active(file):     195696 kB
Inactive(file):  1400188 kB
Unevictable:        5692 kB
Mlocked:            5692 kB
SwapTotal:       3145724 kB
SwapFree:        3145724 kB
Dirty:               176 kB
Writeback:             0 kB
AnonPages:       1140664 kB
Mapped:           821648 kB
Shmem:             22320 kB
KReclaimable:     646644 kB
Slab:             205736 kB
SReclaimable:      66796 kB
SUnreclaim:       138940 kB
KernelStack:       43216 kB
PageTables:        60576 kB
NFS_Unstable:          0 kB
Bounce:                0 kB
WritebackTmp:          0 kB
CommitLimit:     9202296 kB
Committed_AS:   65601024 kB
VmallocTotal:   263061440 kB
VmallocUsed:      100188 kB
VmallocChunk:          0 kB
Percpu:             7584 kB
CmaTotal:         294912 kB
CmaFree:               0 kB
MemTotal:       12113144 kB
MemFree:         6956424 kB
MemAvailable:    8330244 kB
Buffers:            5292 kB
Cached:          1617564 kB
SwapCached:            0 kB
Active:          1337636 kB
Inactive:        1420424 kB
Active(anon):    1141940 kB
Inactive(anon):    20236 kB
Active(file):     195696 kB
Inactive(file):  1400188 kB
Unevictable:        5692 kB
Mlocked:            5692 kB
SwapTotal:       3145724 kB
SwapFree:        3145724 kB
Dirty:               176 kB
Writeback:             0 kB
AnonPages:       1141056 kB
Mapped:           821652 kB
Shmem:             22320 kB
KReclaimable:     646640 kB
Slab:             205924 kB
SReclaimable:      66792 kB
SUnreclaim:       139132 kB
KernelStack:       43216 kB
PageTables:        60568 kB
NFS_Unstable:          0 kB
Bounce:                0 kB
WritebackTmp:          0 kB
CommitLimit:     9202296 kB
Committed_AS:   65596184 kB
VmallocTotal:   263061440 kB
VmallocUsed:      100172 kB
VmallocChunk:          0 kB
Percpu:             7584 kB
CmaTotal:         294912 kB
CmaFree:               0 kB
MemTotal:       12113144 kB
MemFree:         6955588 kB
MemAvailable:    8329408 kB
Buffers:            5292 kB
Cached:          1617564 kB
SwapCached:            0 kB
Active:          1338180 kB
Inactive:        1420424 kB
Active(anon):    1142484 kB
Inactive(anon):    20236 kB
Active(file):     195696 kB
Inactive(file):  1400188 kB
Unevictable:        5692 kB
Mlocked:            5692 kB
SwapTotal:       3145724 kB
SwapFree:        3145724 kB
Dirty:               176 kB
Writeback:             0 kB
AnonPages:       1141432 kB
Mapped:           821704 kB
Shmem:             22320 kB
KReclaimable:     646640 kB
Slab:             205636 kB
SReclaimable:      66792 kB
SUnreclaim:       138844 kB
KernelStack:       43188 kB
PageTables:        60788 kB
NFS_Unstable:          0 kB
Bounce:                0 kB
WritebackTmp:          0 kB
CommitLimit:     9202296 kB
Committed_AS:   65597480 kB
VmallocTotal:   263061440 kB
VmallocUsed:      100172 kB
VmallocChunk:          0 kB
Percpu:             7584 kB
CmaTotal:         294912 kB
CmaFree:               0 kB
MemTotal:       12113144 kB
MemFree:         6955064 kB
MemAvailable:    8328872 kB
Buffers:            5292 kB
Cached:          1617552 kB
SwapCached:            0 kB
Active:          1338580 kB
Inactive:        1420416 kB
Active(anon):    1142888 kB
Inactive(anon):    20236 kB
Active(file):     195692 kB
Inactive(file):  1400180 kB
Unevictable:        5692 kB
Mlocked:            5692 kB
SwapTotal:       3145724 kB
SwapFree:        3145724 kB
Dirty:               172 kB
Writeback:             0 kB
AnonPages:       1141788 kB
Mapped:           821656 kB
Shmem:             22320 kB
KReclaimable:     646640 kB
Slab:             205992 kB
SReclaimable:      66792 kB
SUnreclaim:       139200 kB
KernelStack:       43248 kB
PageTables:        60584 kB
NFS_Unstable:          0 kB
Bounce:                0 kB
WritebackTmp:          0 kB
CommitLimit:     9202296 kB
Committed_AS:   65597268 kB
VmallocTotal:   263061440 kB
VmallocUsed:      100156 kB
VmallocChunk:          0 kB
Percpu:             7584 kB
CmaTotal:         294912 kB
CmaFree:               0 kB
MemTotal:       12113144 kB
MemFree:         6954552 kB
MemAvailable:    8328372 kB
Buffers:            5292 kB
Cached:          1617564 kB
SwapCached:            0 kB
Active:          1338984 kB
Inactive:        1420424 kB
Active(anon):    1143288 kB
Inactive(anon):    20236 kB
Active(file):     195696 kB
Inactive(file):  1400188 kB
Unevictable:        5692 kB
Mlocked:            5692 kB
SwapTotal:       3145724 kB
SwapFree:        3145724 kB
Dirty:               204 kB
Writeback:             0 kB
AnonPages:       1142200 kB
Mapped:           821868 kB
Shmem:             22320 kB
KReclaimable:     646640 kB
Slab:             205616 kB
SReclaimable:      66792 kB
SUnreclaim:       138824 kB
KernelStack:       43232 kB
PageTables:        60556 kB
NFS_Unstable:          0 kB
Bounce:                0 kB
WritebackTmp:          0 kB
CommitLimit:     9202296 kB
Committed_AS:   65600784 kB
VmallocTotal:   263061440 kB
VmallocUsed:      100156 kB
VmallocChunk:          0 kB
Percpu:             7584 kB
CmaTotal:         294912 kB
CmaFree:               0 kB
MemTotal:       12113144 kB
MemFree:         6954712 kB
MemAvailable:    8328540 kB
Buffers:            5292 kB
Cached:          1617572 kB
SwapCached:            0 kB
Active:          1339736 kB
Inactive:        1420428 kB
Active(anon):    1144036 kB
Inactive(anon):    20236 kB
Active(file):     195700 kB
Inactive(file):  1400192 kB
Unevictable:        5692 kB
Mlocked:            5692 kB
SwapTotal:       3145724 kB
SwapFree:        3145724 kB
Dirty:               244 kB
Writeback:             0 kB
AnonPages:       1142720 kB
Mapped:           821848 kB
Shmem:             22320 kB
KReclaimable:     646640 kB
Slab:             206000 kB
SReclaimable:      66792 kB
SUnreclaim:       139208 kB
KernelStack:       43236 kB
PageTables:        60528 kB
NFS_Unstable:          0 kB
Bounce:                0 kB
WritebackTmp:          0 kB
CommitLimit:     9202296 kB
Committed_AS:   65600792 kB
VmallocTotal:   263061440 kB
VmallocUsed:      100140 kB
VmallocChunk:          0 kB
Percpu:             7584 kB
CmaTotal:         294912 kB
CmaFree:               0 kB
MemTotal:       12113144 kB
MemFree:         6953660 kB
MemAvailable:    8327480 kB
Buffers:            5292 kB
Cached:          1617564 kB
SwapCached:            0 kB
Active:          1339324 kB
Inactive:        1420424 kB
Active(anon):    1143628 kB
Inactive(anon):    20236 kB
Active(file):     195696 kB
Inactive(file):  1400188 kB
Unevictable:        5692 kB
Mlocked:            5692 kB
SwapTotal:       3145724 kB
SwapFree:        3145724 kB
Dirty:               204 kB
Writeback:             0 kB
AnonPages:       1142372 kB
Mapped:           821980 kB
Shmem:             22320 kB
KReclaimable:     646640 kB
Slab:             205856 kB
SReclaimable:      66792 kB
SUnreclaim:       139064 kB
KernelStack:       43248 kB
PageTables:        60624 kB
NFS_Unstable:          0 kB
Bounce:                0 kB
WritebackTmp:          0 kB
CommitLimit:     9202296 kB
Committed_AS:   65601004 kB
VmallocTotal:   263061440 kB
VmallocUsed:      100140 kB
VmallocChunk:          0 kB
Percpu:             7584 kB
CmaTotal:         294912 kB
CmaFree:               0 kB
MemTotal:       12113144 kB
MemFree:         6953480 kB
MemAvailable:    8327300 kB
Buffers:            5292 kB
Cached:          1617564 kB
SwapCached:            0 kB
Active:          1339816 kB
Inactive:        1420424 kB
Active(anon):    1144120 kB
Inactive(anon):    20236 kB
Active(file):     195696 kB
Inactive(file):  1400188 kB
Unevictable:        5692 kB
Mlocked:            5692 kB
SwapTotal:       3145724 kB
SwapFree:        3145724 kB
Dirty:               212 kB
Writeback:             0 kB
AnonPages:       1143076 kB
Mapped:           821724 kB
Shmem:             22320 kB
KReclaimable:     646640 kB
Slab:             205968 kB
SReclaimable:      66792 kB
SUnreclaim:       139176 kB
KernelStack:       43264 kB
PageTables:        60632 kB
NFS_Unstable:          0 kB
Bounce:                0 kB
WritebackTmp:          0 kB
CommitLimit:     9202296 kB
Committed_AS:   65600696 kB
VmallocTotal:   263061440 kB
VmallocUsed:      100140 kB
VmallocChunk:          0 kB
Percpu:             7584 kB
CmaTotal:         294912 kB
CmaFree:               0 kB
MemTotal:       12113144 kB
MemFree:         6952268 kB
MemAvailable:    8326100 kB
Buffers:            5292 kB
Cached:          1617576 kB
SwapCached:            0 kB
Active:          1340340 kB
Inactive:        1420436 kB
Active(anon):    1144644 kB
Inactive(anon):    20236 kB
Active(file):     195696 kB
Inactive(file):  1400200 kB
Unevictable:        5692 kB
Mlocked:            5692 kB
SwapTotal:       3145724 kB
SwapFree:        3145724 kB
Dirty:               228 kB
Writeback:             0 kB
AnonPages:       1143364 kB
Mapped:           821844 kB
Shmem:             22320 kB
KReclaimable:     646640 kB
Slab:             205688 kB
SReclaimable:      66792 kB
SUnreclaim:       138896 kB
KernelStack:       43256 kB
PageTables:        60524 kB
NFS_Unstable:          0 kB
Bounce:                0 kB
WritebackTmp:          0 kB
CommitLimit:     9202296 kB
Committed_AS:   65600660 kB
VmallocTotal:   263061440 kB
VmallocUsed:      100108 kB
VmallocChunk:          0 kB
Percpu:             7584 kB
CmaTotal:         294912 kB
CmaFree:               0 kB
MemTotal:       12113144 kB
MemFree:         6952728 kB
MemAvailable:    8326560 kB
Buffers:            5292 kB
Cached:          1617576 kB
SwapCached:            0 kB
Active:          1340784 kB
Inactive:        1420436 kB
Active(anon):    1145088 kB
Inactive(anon):    20236 kB
Active(file):     195696 kB
Inactive(file):  1400200 kB
Unevictable:        5692 kB
Mlocked:            5692 kB
SwapTotal:       3145724 kB
SwapFree:        3145724 kB
Dirty:               236 kB
Writeback:             0 kB
AnonPages:       1144076 kB
Mapped:           821840 kB
Shmem:             22320 kB
KReclaimable:     646640 kB
Slab:             205836 kB
SReclaimable:      66792 kB
SUnreclaim:       139044 kB
KernelStack:       43152 kB
PageTables:        60524 kB
NFS_Unstable:          0 kB
Bounce:                0 kB
WritebackTmp:          0 kB
CommitLimit:     9202296 kB
Committed_AS:   65600624 kB
VmallocTotal:   263061440 kB
VmallocUsed:      100108 kB
VmallocChunk:          0 kB
Percpu:             7584 kB
CmaTotal:         294912 kB
CmaFree:               0 kB
MemTotal:       12113144 kB
MemFree:         6952408 kB
MemAvailable:    8326244 kB
Buffers:            5292 kB
Cached:          1617580 kB
SwapCached:            0 kB
Active:          1341260 kB
Inactive:        1420440 kB
Active(anon):    1145564 kB
Inactive(anon):    20236 kB
Active(file):     195696 kB
Inactive(file):  1400204 kB
Unevictable:        5692 kB
Mlocked:            5692 kB
SwapTotal:       3145724 kB
SwapFree:        3145724 kB
Dirty:               252 kB
Writeback:             0 kB
AnonPages:       1144884 kB
Mapped:           821908 kB
Shmem:             22320 kB
KReclaimable:     646640 kB
Slab:             205796 kB
SReclaimable:      66792 kB
SUnreclaim:       139004 kB
KernelStack:       43184 kB
PageTables:        60552 kB
NFS_Unstable:          0 kB
Bounce:                0 kB
WritebackTmp:          0 kB
CommitLimit:     9202296 kB
Committed_AS:   65600228 kB
VmallocTotal:   263061440 kB
VmallocUsed:      100092 kB
VmallocChunk:          0 kB
Percpu:             7584 kB
CmaTotal:         294912 kB
CmaFree:               0 kB
MemTotal:       12113144 kB
MemFree:         6952048 kB
MemAvailable:    8325880 kB
Buffers:            5292 kB
Cached:          1617576 kB
SwapCached:            0 kB
Active:          1341908 kB
Inactive:        1420436 kB
Active(anon):    1146212 kB
Inactive(anon):    20236 kB
Active(file):     195696 kB
Inactive(file):  1400200 kB
Unevictable:        5692 kB
Mlocked:            5692 kB
SwapTotal:       3145724 kB
SwapFree:        3145724 kB
Dirty:               252 kB
Writeback:             0 kB
AnonPages:       1145076 kB
Mapped:           821920 kB
Shmem:             22320 kB
KReclaimable:     646640 kB
Slab:             205852 kB
SReclaimable:      66792 kB
SUnreclaim:       139060 kB
KernelStack:       43204 kB
PageTables:        60584 kB
NFS_Unstable:          0 kB
Bounce:                0 kB
WritebackTmp:          0 kB
CommitLimit:     9202296 kB
Committed_AS:   65600500 kB
VmallocTotal:   263061440 kB
VmallocUsed:      100108 kB
VmallocChunk:          0 kB
Percpu:             7584 kB
CmaTotal:         294912 kB
CmaFree:               0 kB
MemTotal:       12113144 kB
MemFree:         6951284 kB
MemAvailable:    8325128 kB
Buffers:            5292 kB
Cached:          1617588 kB
SwapCached:            0 kB
Active:          1341944 kB
Inactive:        1420444 kB
Active(anon):    1146244 kB
Inactive(anon):    20236 kB
Active(file):     195700 kB
Inactive(file):  1400208 kB
Unevictable:        5692 kB
Mlocked:            5692 kB
SwapTotal:       3145724 kB
SwapFree:        3145724 kB
Dirty:               264 kB
Writeback:             0 kB
AnonPages:       1145328 kB
Mapped:           821656 kB
Shmem:             22320 kB
KReclaimable:     646640 kB
Slab:             205784 kB
SReclaimable:      66792 kB
SUnreclaim:       138992 kB
KernelStack:       43184 kB
PageTables:        60580 kB
NFS_Unstable:          0 kB
Bounce:                0 kB
WritebackTmp:          0 kB
CommitLimit:     9202296 kB
Committed_AS:   65600112 kB
VmallocTotal:   263061440 kB
VmallocUsed:      100108 kB
VmallocChunk:          0 kB
Percpu:             7584 kB
CmaTotal:         294912 kB
CmaFree:               0 kB
MemTotal:       12113144 kB
MemFree:         6950584 kB
MemAvailable:    8324416 kB
Buffers:            5296 kB
Cached:          1617576 kB
SwapCached:            0 kB
Active:          1342268 kB
Inactive:        1420440 kB
Active(anon):    1146572 kB
Inactive(anon):    20240 kB
Active(file):     195696 kB
Inactive(file):  1400200 kB
Unevictable:        5692 kB
Mlocked:            5692 kB
SwapTotal:       3145724 kB
SwapFree:        3145724 kB
Dirty:               264 kB
Writeback:             0 kB
AnonPages:       1145196 kB
Mapped:           822052 kB
Shmem:             22324 kB
KReclaimable:     646640 kB
Slab:             205848 kB
SReclaimable:      66792 kB
SUnreclaim:       139056 kB
KernelStack:       43264 kB
PageTables:        60680 kB
NFS_Unstable:          0 kB
Bounce:                0 kB
WritebackTmp:          0 kB
CommitLimit:     9202296 kB
Committed_AS:   65600508 kB
VmallocTotal:   263061440 kB
VmallocUsed:      100140 kB
VmallocChunk:          0 kB
Percpu:             7584 kB
CmaTotal:         294912 kB
CmaFree:               0 kB
MemTotal:       12113144 kB
MemFree:         6950424 kB
MemAvailable:    8324268 kB
Buffers:            5296 kB
Cached:          1617588 kB
SwapCached:            0 kB
Active:          1342540 kB
Inactive:        1420448 kB
Active(anon):    1146840 kB
Inactive(anon):    20240 kB
Active(file):     195700 kB
Inactive(file):  1400208 kB
Unevictable:        5692 kB
Mlocked:            5692 kB
SwapTotal:       3145724 kB
SwapFree:        3145724 kB
Dirty:               248 kB
Writeback:             0 kB
AnonPages:       1145924 kB
Mapped:           821848 kB
Shmem:             22324 kB
KReclaimable:     646640 kB
Slab:             205728 kB
SReclaimable:      66792 kB
SUnreclaim:       138936 kB
KernelStack:       43216 kB
PageTables:        60640 kB
NFS_Unstable:          0 kB
Bounce:                0 kB
WritebackTmp:          0 kB
CommitLimit:     9202296 kB
Committed_AS:   65597192 kB
VmallocTotal:   263061440 kB
VmallocUsed:      100140 kB
VmallocChunk:          0 kB
Percpu:             7584 kB
CmaTotal:         294912 kB
CmaFree:               0 kB
MemTotal:       12113144 kB
MemFree:         6949644 kB
MemAvailable:    8323488 kB
Buffers:            5296 kB
Cached:          1617588 kB
SwapCached:            0 kB
Active:          1343328 kB
Inactive:        1420448 kB
Active(anon):    1147628 kB
Inactive(anon):    20240 kB
Active(file):     195700 kB
Inactive(file):  1400208 kB
Unevictable:        5692 kB
Mlocked:            5692 kB
SwapTotal:       3145724 kB
SwapFree:        3145724 kB
Dirty:               248 kB
Writeback:             0 kB
AnonPages:       1146688 kB
Mapped:           821912 kB
Shmem:             22324 kB
KReclaimable:     646640 kB
Slab:             205848 kB
SReclaimable:      66792 kB
SUnreclaim:       139056 kB
KernelStack:       43200 kB
PageTables:        60572 kB
NFS_Unstable:          0 kB
Bounce:                0 kB
WritebackTmp:          0 kB
CommitLimit:     9202296 kB
Committed_AS:   65599272 kB
VmallocTotal:   263061440 kB
VmallocUsed:      100124 kB
VmallocChunk:          0 kB
Percpu:             7584 kB
CmaTotal:         294912 kB
CmaFree:               0 kB
MemTotal:       12113144 kB
MemFree:         6949512 kB
MemAvailable:    8323356 kB
Buffers:            5296 kB
Cached:          1617588 kB
SwapCached:            0 kB
Active:          1343480 kB
Inactive:        1420448 kB
Active(anon):    1147780 kB
Inactive(anon):    20240 kB
Active(file):     195700 kB
Inactive(file):  1400208 kB
Unevictable:        5692 kB
Mlocked:            5692 kB
SwapTotal:       3145724 kB
SwapFree:        3145724 kB
Dirty:               280 kB
Writeback:             0 kB
AnonPages:       1146908 kB
Mapped:           821652 kB
Shmem:             22324 kB
KReclaimable:     646640 kB
Slab:             205832 kB
SReclaimable:      66792 kB
SUnreclaim:       139040 kB
KernelStack:       43200 kB
PageTables:        60568 kB
NFS_Unstable:          0 kB
Bounce:                0 kB
WritebackTmp:          0 kB
CommitLimit:     9202296 kB
Committed_AS:   65599052 kB
VmallocTotal:   263061440 kB
VmallocUsed:      100140 kB
VmallocChunk:          0 kB
Percpu:             7584 kB
CmaTotal:         294912 kB
CmaFree:               0 kB
MemTotal:       12113144 kB
MemFree:         6948868 kB
MemAvailable:    8322712 kB
Buffers:            5296 kB
Cached:          1617588 kB
SwapCached:            0 kB
Active:          1344288 kB
Inactive:        1420448 kB
Active(anon):    1148588 kB
Inactive(anon):    20240 kB
Active(file):     195700 kB
Inactive(file):  1400208 kB
Unevictable:        5692 kB
Mlocked:            5692 kB
SwapTotal:       3145724 kB
SwapFree:        3145724 kB
Dirty:               280 kB
Writeback:             0 kB
AnonPages:       1147504 kB
Mapped:           821836 kB
Shmem:             22324 kB
KReclaimable:     646640 kB
Slab:             205800 kB
SReclaimable:      66792 kB
SUnreclaim:       139008 kB
KernelStack:       43200 kB
PageTables:        60460 kB
NFS_Unstable:          0 kB
Bounce:                0 kB
WritebackTmp:          0 kB
CommitLimit:     9202296 kB
Committed_AS:   65599696 kB
VmallocTotal:   263061440 kB
VmallocUsed:      100108 kB
VmallocChunk:          0 kB
Percpu:             7584 kB
CmaTotal:         294912 kB
CmaFree:               0 kB
MemTotal:       12113144 kB
MemFree:         6949324 kB
MemAvailable:    8323176 kB
Buffers:            5296 kB
Cached:          1617600 kB
SwapCached:            0 kB
Active:          1344664 kB
Inactive:        1420456 kB
Active(anon):    1148960 kB
Inactive(anon):    20244 kB
Active(file):     195704 kB
Inactive(file):  1400212 kB
Unevictable:        5692 kB
Mlocked:            5692 kB
SwapTotal:       3145724 kB
SwapFree:        3145724 kB
Dirty:               288 kB
Writeback:             0 kB
AnonPages:       1148132 kB
Mapped:           821968 kB
Shmem:             22328 kB
KReclaimable:     646640 kB
Slab:             205896 kB
SReclaimable:      66792 kB
SUnreclaim:       139104 kB
KernelStack:       43232 kB
PageTables:        60596 kB
NFS_Unstable:          0 kB
Bounce:                0 kB
WritebackTmp:          0 kB
CommitLimit:     9202296 kB
Committed_AS:   65599396 kB
VmallocTotal:   263061440 kB
VmallocUsed:      100124 kB
VmallocChunk:          0 kB
Percpu:             7584 kB
CmaTotal:         294912 kB
CmaFree:               0 kB
MemTotal:       12113144 kB
MemFree:         6949008 kB
MemAvailable:    8322852 kB
Buffers:            5296 kB
Cached:          1617592 kB
SwapCached:            0 kB
Active:          1345036 kB
Inactive:        1420452 kB
Active(anon):    1149336 kB
Inactive(anon):    20244 kB
Active(file):     195700 kB
Inactive(file):  1400208 kB
Unevictable:        5692 kB
Mlocked:            5692 kB
SwapTotal:       3145724 kB
SwapFree:        3145724 kB
Dirty:               280 kB
Writeback:             0 kB
AnonPages:       1148232 kB
Mapped:           821856 kB
Shmem:             22328 kB
KReclaimable:     646640 kB
Slab:             205832 kB
SReclaimable:      66792 kB
SUnreclaim:       139040 kB
KernelStack:       43252 kB
PageTables:        60520 kB
NFS_Unstable:          0 kB
Bounce:                0 kB
WritebackTmp:          0 kB
CommitLimit:     9202296 kB
Committed_AS:   65599184 kB
VmallocTotal:   263061440 kB
VmallocUsed:      100108 kB
VmallocChunk:          0 kB
Percpu:             7584 kB
CmaTotal:         294912 kB
CmaFree:               0 kB
MemTotal:       12113144 kB
MemFree:         6948180 kB
MemAvailable:    8322024 kB
Buffers:            5296 kB
Cached:          1617596 kB
SwapCached:            0 kB
Active:          1345148 kB
Inactive:        1420456 kB
Active(anon):    1149448 kB
Inactive(anon):    20248 kB
Active(file):     195700 kB
Inactive(file):  1400208 kB
Unevictable:        5692 kB
Mlocked:            5692 kB
SwapTotal:       3145724 kB
SwapFree:        3145724 kB
Dirty:               172 kB
Writeback:             0 kB
AnonPages:       1148464 kB
Mapped:           821920 kB
Shmem:             22332 kB
KReclaimable:     646640 kB
Slab:             205776 kB
SReclaimable:      66792 kB
SUnreclaim:       138984 kB
KernelStack:       43200 kB
PageTables:        60556 kB
NFS_Unstable:          0 kB
Bounce:                0 kB
WritebackTmp:          0 kB
CommitLimit:     9202296 kB
Committed_AS:   65598936 kB
VmallocTotal:   263061440 kB
VmallocUsed:      100124 kB
VmallocChunk:          0 kB
Percpu:             7584 kB
CmaTotal:         294912 kB
CmaFree:               0 kB
MemTotal:       12113144 kB
MemFree:         6947408 kB
MemAvailable:    8321244 kB
Buffers:            5296 kB
Cached:          1617588 kB
SwapCached:            0 kB
Active:          1346280 kB
Inactive:        1420452 kB
Active(anon):    1150584 kB
Inactive(anon):    20248 kB
Active(file):     195696 kB
Inactive(file):  1400204 kB
Unevictable:        5692 kB
Mlocked:            5692 kB
SwapTotal:       3145724 kB
SwapFree:        3145724 kB
Dirty:               168 kB
Writeback:             0 kB
AnonPages:       1149080 kB
Mapped:           821996 kB
Shmem:             22332 kB
KReclaimable:     646640 kB
Slab:             205904 kB
SReclaimable:      66792 kB
SUnreclaim:       139112 kB
KernelStack:       43280 kB
PageTables:        60632 kB
NFS_Unstable:          0 kB
Bounce:                0 kB
WritebackTmp:          0 kB
CommitLimit:     9202296 kB
Committed_AS:   65599012 kB
VmallocTotal:   263061440 kB
VmallocUsed:      100124 kB
VmallocChunk:          0 kB
Percpu:             7584 kB
CmaTotal:         294912 kB
CmaFree:               0 kB
MemTotal:       12113144 kB
MemFree:         6947760 kB
MemAvailable:    8321612 kB
Buffers:            5296 kB
Cached:          1617604 kB
SwapCached:            0 kB
Active:          1345772 kB
Inactive:        1420464 kB
Active(anon):    1150072 kB
Inactive(anon):    20248 kB
Active(file):     195700 kB
Inactive(file):  1400216 kB
Unevictable:        5692 kB
Mlocked:            5692 kB
SwapTotal:       3145724 kB
SwapFree:        3145724 kB
Dirty:               224 kB
Writeback:             0 kB
AnonPages:       1149016 kB
Mapped:           821924 kB
Shmem:             22332 kB
KReclaimable:     646640 kB
Slab:             205748 kB
SReclaimable:      66792 kB
SUnreclaim:       138956 kB
KernelStack:       43184 kB
PageTables:        60572 kB
NFS_Unstable:          0 kB
Bounce:                0 kB
WritebackTmp:          0 kB
CommitLimit:     9202296 kB
Committed_AS:   65598880 kB
VmallocTotal:   263061440 kB
VmallocUsed:      100140 kB
VmallocChunk:          0 kB
Percpu:             7584 kB
CmaTotal:         294912 kB
CmaFree:               0 kB
MemTotal:       12113144 kB
MemFree:         6949664 kB
MemAvailable:    8323516 kB
Buffers:            5296 kB
Cached:          1617604 kB
SwapCached:            0 kB
Active:          1341444 kB
Inactive:        1420464 kB
Active(anon):    1145744 kB
Inactive(anon):    20248 kB
Active(file):     195700 kB
Inactive(file):  1400216 kB
Unevictable:        5692 kB
Mlocked:            5692 kB
SwapTotal:       3145724 kB
SwapFree:        3145724 kB
Dirty:               220 kB
Writeback:             0 kB
AnonPages:       1144664 kB
Mapped:           821852 kB
Shmem:             22332 kB
KReclaimable:     646640 kB
Slab:             205924 kB
SReclaimable:      66792 kB
SUnreclaim:       139132 kB
KernelStack:       43236 kB
PageTables:        60504 kB
NFS_Unstable:          0 kB
Bounce:                0 kB
WritebackTmp:          0 kB
CommitLimit:     9202296 kB
Committed_AS:   65599036 kB
VmallocTotal:   263061440 kB
VmallocUsed:      100140 kB
VmallocChunk:          0 kB
Percpu:             7584 kB
CmaTotal:         294912 kB
CmaFree:              20 kB
MemTotal:       12113144 kB
MemFree:         6949648 kB
MemAvailable:    8323500 kB
Buffers:            5296 kB
Cached:          1617604 kB
SwapCached:            0 kB
Active:          1341772 kB
Inactive:        1420464 kB
Active(anon):    1146072 kB
Inactive(anon):    20248 kB
Active(file):     195700 kB
Inactive(file):  1400216 kB
Unevictable:        5692 kB
Mlocked:            5692 kB
SwapTotal:       3145724 kB
SwapFree:        3145724 kB
Dirty:               220 kB
Writeback:             0 kB
AnonPages:       1145076 kB
Mapped:           821916 kB
Shmem:             22332 kB
KReclaimable:     646640 kB
Slab:             205724 kB
SReclaimable:      66792 kB
SUnreclaim:       138932 kB
KernelStack:       43168 kB
PageTables:        60568 kB
NFS_Unstable:          0 kB
Bounce:                0 kB
WritebackTmp:          0 kB
CommitLimit:     9202296 kB
Committed_AS:   65598748 kB
VmallocTotal:   263061440 kB
VmallocUsed:      100108 kB
VmallocChunk:          0 kB
Percpu:             7584 kB
CmaTotal:         294912 kB
CmaFree:               0 kB
MemTotal:       12113144 kB
MemFree:         6949224 kB
MemAvailable:    8323076 kB
Buffers:            5296 kB
Cached:          1617604 kB
SwapCached:            0 kB
Active:          1341920 kB
Inactive:        1420464 kB
Active(anon):    1146220 kB
Inactive(anon):    20248 kB
Active(file):     195700 kB
Inactive(file):  1400216 kB
Unevictable:        5692 kB
Mlocked:            5692 kB
SwapTotal:       3145724 kB
SwapFree:        3145724 kB
Dirty:               220 kB
Writeback:             0 kB
AnonPages:       1145348 kB
Mapped:           821920 kB
Shmem:             22332 kB
KReclaimable:     646640 kB
Slab:             205916 kB
SReclaimable:      66792 kB
SUnreclaim:       139124 kB
KernelStack:       43184 kB
PageTables:        60560 kB
NFS_Unstable:          0 kB
Bounce:                0 kB
WritebackTmp:          0 kB
CommitLimit:     9202296 kB
Committed_AS:   65598696 kB
VmallocTotal:   263061440 kB
VmallocUsed:      100108 kB
VmallocChunk:          0 kB
Percpu:             7584 kB
CmaTotal:         294912 kB
CmaFree:               0 kB
MemTotal:       12113144 kB
MemFree:         6949876 kB
MemAvailable:    8323720 kB
Buffers:            5296 kB
Cached:          1617596 kB
SwapCached:            0 kB
Active:          1342412 kB
Inactive:        1420460 kB
Active(anon):    1146716 kB
Inactive(anon):    20248 kB
Active(file):     195696 kB
Inactive(file):  1400212 kB
Unevictable:        5692 kB
Mlocked:            5692 kB
SwapTotal:       3145724 kB
SwapFree:        3145724 kB
Dirty:               220 kB
Writeback:             0 kB
AnonPages:       1145740 kB
Mapped:           821920 kB
Shmem:             22332 kB
KReclaimable:     646640 kB
Slab:             205744 kB
SReclaimable:      66792 kB
SUnreclaim:       138952 kB
KernelStack:       43152 kB
PageTables:        60560 kB
NFS_Unstable:          0 kB
Bounce:                0 kB
WritebackTmp:          0 kB
CommitLimit:     9202296 kB
Committed_AS:   65598844 kB
VmallocTotal:   263061440 kB
VmallocUsed:      100108 kB
VmallocChunk:          0 kB
Percpu:             7584 kB
CmaTotal:         294912 kB
CmaFree:               0 kB
MemTotal:       12113144 kB
MemFree:         6949668 kB
MemAvailable:    8323516 kB
Buffers:            5304 kB
Cached:          1617592 kB
SwapCached:            0 kB
Active:          1343148 kB
Inactive:        1420468 kB
Active(anon):    1147456 kB
Inactive(anon):    20248 kB
Active(file):     195692 kB
Inactive(file):  1400220 kB
Unevictable:        5692 kB
Mlocked:            5692 kB
SwapTotal:       3145724 kB
SwapFree:        3145724 kB
Dirty:               188 kB
Writeback:             0 kB
AnonPages:       1146716 kB
Mapped:           821928 kB
Shmem:             22332 kB
KReclaimable:     646640 kB
Slab:             205904 kB
SReclaimable:      66792 kB
SUnreclaim:       139112 kB
KernelStack:       43136 kB
PageTables:        60564 kB
NFS_Unstable:          0 kB
Bounce:                0 kB
WritebackTmp:          0 kB
CommitLimit:     9202296 kB
Committed_AS:   65593360 kB
VmallocTotal:   263061440 kB
VmallocUsed:      100124 kB
