MemTotal:       12113132 kB
MemFree:         6333644 kB
MemAvailable:    7818348 kB
Buffers:            5444 kB
Cached:          1824732 kB
SwapCached:            0 kB
Active:          1529524 kB
Inactive:        1585076 kB
Active(anon):    1290840 kB
Inactive(anon):    25436 kB
Active(file):     238684 kB
Inactive(file):  1559640 kB
Unevictable:        5532 kB
Mlocked:            5532 kB
SwapTotal:       3145724 kB
SwapFree:        3145724 kB
Dirty:               252 kB
Writeback:             0 kB
AnonPages:       1289992 kB
Mapped:           874416 kB
Shmem:             27372 kB
KReclaimable:     555084 kB
Slab:             224904 kB
SReclaimable:      76120 kB
SUnreclaim:       148784 kB
KernelStack:       48816 kB
PageTables:        67812 kB
NFS_Unstable:          0 kB
Bounce:                0 kB
WritebackTmp:          0 kB
CommitLimit:     9202288 kB
Committed_AS:   75051508 kB
VmallocTotal:   263061440 kB
VmallocUsed:      105976 kB
VmallocChunk:          0 kB
Percpu:             7648 kB
CmaTotal:         294912 kB
CmaFree:               0 kB
MemTotal:       12113132 kB
MemFree:         6332656 kB
MemAvailable:    7817408 kB
Buffers:            5444 kB
Cached:          1824780 kB
SwapCached:            0 kB
Active:          1530020 kB
Inactive:        1585104 kB
Active(anon):    1291316 kB
Inactive(anon):    25436 kB
Active(file):     238704 kB
Inactive(file):  1559668 kB
Unevictable:        5532 kB
Mlocked:            5532 kB
SwapTotal:       3145724 kB
SwapFree:        3145724 kB
Dirty:               304 kB
Writeback:             0 kB
AnonPages:       1290572 kB
Mapped:           874412 kB
Shmem:             27372 kB
KReclaimable:     555084 kB
Slab:             224904 kB
SReclaimable:      76120 kB
SUnreclaim:       148784 kB
KernelStack:       48768 kB
PageTables:        67704 kB
NFS_Unstable:          0 kB
Bounce:                0 kB
WritebackTmp:          0 kB
CommitLimit:     9202288 kB
Committed_AS:   75056284 kB
VmallocTotal:   263061440 kB
VmallocUsed:      105960 kB
VmallocChunk:          0 kB
Percpu:             7648 kB
CmaTotal:         294912 kB
CmaFree:               0 kB
MemTotal:       12113132 kB
MemFree:         6332420 kB
MemAvailable:    7817180 kB
Buffers:            5444 kB
Cached:          1824784 kB
SwapCached:            0 kB
Active:          1530724 kB
Inactive:        1585108 kB
Active(anon):    1292020 kB
Inactive(anon):    25436 kB
Active(file):     238704 kB
Inactive(file):  1559672 kB
Unevictable:        5532 kB
Mlocked:            5532 kB
SwapTotal:       3145724 kB
SwapFree:        3145724 kB
Dirty:               168 kB
Writeback:             0 kB
AnonPages:       1291272 kB
Mapped:           874412 kB
Shmem:             27372 kB
KReclaimable:     555088 kB
Slab:             224916 kB
SReclaimable:      76124 kB
SUnreclaim:       148792 kB
KernelStack:       48768 kB
PageTables:        67704 kB
NFS_Unstable:          0 kB
Bounce:                0 kB
WritebackTmp:          0 kB
CommitLimit:     9202288 kB
Committed_AS:   75055184 kB
VmallocTotal:   263061440 kB
VmallocUsed:      105944 kB
VmallocChunk:          0 kB
Percpu:             7648 kB
CmaTotal:         294912 kB
CmaFree:               0 kB
MemTotal:       12113132 kB
MemFree:         6304800 kB
MemAvailable:    7789560 kB
Buffers:            5444 kB
Cached:          1824800 kB
SwapCached:            0 kB
Active:          1558280 kB
Inactive:        1585124 kB
Active(anon):    1319576 kB
Inactive(anon):    25436 kB
Active(file):     238704 kB
Inactive(file):  1559688 kB
Unevictable:        5532 kB
Mlocked:            5532 kB
SwapTotal:       3145724 kB
SwapFree:        3145724 kB
Dirty:               212 kB
Writeback:             0 kB
AnonPages:       1318720 kB
Mapped:           874412 kB
Shmem:             27372 kB
KReclaimable:     555072 kB
Slab:             224896 kB
SReclaimable:      76108 kB
SUnreclaim:       148788 kB
KernelStack:       48768 kB
PageTables:        67704 kB
NFS_Unstable:          0 kB
Bounce:                0 kB
WritebackTmp:          0 kB
CommitLimit:     9202288 kB
Committed_AS:   75063808 kB
VmallocTotal:   263061440 kB
VmallocUsed:      105944 kB
VmallocChunk:          0 kB
Percpu:             7648 kB
CmaTotal:         294912 kB
CmaFree:               0 kB
MemTotal:       12113132 kB
MemFree:         6304756 kB
MemAvailable:    7789528 kB
Buffers:            5444 kB
Cached:          1824812 kB
SwapCached:            0 kB
Active:          1558676 kB
Inactive:        1585136 kB
Active(anon):    1319972 kB
Inactive(anon):    25436 kB
Active(file):     238704 kB
Inactive(file):  1559700 kB
Unevictable:        5532 kB
Mlocked:            5532 kB
SwapTotal:       3145724 kB
SwapFree:        3145724 kB
Dirty:               224 kB
Writeback:             0 kB
AnonPages:       1319304 kB
Mapped:           874412 kB
Shmem:             27372 kB
KReclaimable:     555072 kB
Slab:             224840 kB
SReclaimable:      76108 kB
SUnreclaim:       148732 kB
KernelStack:       48816 kB
PageTables:        67820 kB
NFS_Unstable:          0 kB
Bounce:                0 kB
WritebackTmp:          0 kB
CommitLimit:     9202288 kB
Committed_AS:   75063676 kB
VmallocTotal:   263061440 kB
VmallocUsed:      105960 kB
VmallocChunk:          0 kB
Percpu:             7648 kB
CmaTotal:         294912 kB
CmaFree:               0 kB
MemTotal:       12113132 kB
MemFree:         6304596 kB
MemAvailable:    7789380 kB
Buffers:            5444 kB
Cached:          1824824 kB
SwapCached:            0 kB
Active:          1559192 kB
Inactive:        1585148 kB
Active(anon):    1320488 kB
Inactive(anon):    25436 kB
Active(file):     238704 kB
Inactive(file):  1559712 kB
Unevictable:        5532 kB
Mlocked:            5532 kB
SwapTotal:       3145724 kB
SwapFree:        3145724 kB
Dirty:               272 kB
Writeback:             0 kB
AnonPages:       1319712 kB
Mapped:           874416 kB
Shmem:             27372 kB
KReclaimable:     555072 kB
Slab:             224852 kB
SReclaimable:      76108 kB
SUnreclaim:       148744 kB
KernelStack:       48768 kB
PageTables:        67704 kB
NFS_Unstable:          0 kB
Bounce:                0 kB
WritebackTmp:          0 kB
CommitLimit:     9202288 kB
Committed_AS:   75068544 kB
VmallocTotal:   263061440 kB
VmallocUsed:      105976 kB
VmallocChunk:          0 kB
Percpu:             7648 kB
CmaTotal:         294912 kB
CmaFree:               0 kB
MemTotal:       12113132 kB
MemFree:         6303108 kB
MemAvailable:    7787896 kB
Buffers:            5444 kB
Cached:          1824828 kB
SwapCached:            0 kB
Active:          1559420 kB
Inactive:        1585152 kB
Active(anon):    1320716 kB
Inactive(anon):    25436 kB
Active(file):     238704 kB
Inactive(file):  1559716 kB
Unevictable:        5532 kB
Mlocked:            5532 kB
SwapTotal:       3145724 kB
SwapFree:        3145724 kB
Dirty:               276 kB
Writeback:             0 kB
AnonPages:       1320124 kB
Mapped:           874432 kB
Shmem:             27372 kB
KReclaimable:     555072 kB
Slab:             224852 kB
SReclaimable:      76108 kB
SUnreclaim:       148744 kB
KernelStack:       48800 kB
PageTables:        67760 kB
NFS_Unstable:          0 kB
Bounce:                0 kB
WritebackTmp:          0 kB
CommitLimit:     9202288 kB
Committed_AS:   75068528 kB
VmallocTotal:   263061440 kB
VmallocUsed:      105960 kB
VmallocChunk:          0 kB
Percpu:             7648 kB
CmaTotal:         294912 kB
CmaFree:               0 kB
MemTotal:       12113132 kB
MemFree:         6302216 kB
MemAvailable:    7787016 kB
Buffers:            5444 kB
Cached:          1824840 kB
SwapCached:            0 kB
Active:          1559660 kB
Inactive:        1585164 kB
Active(anon):    1320956 kB
Inactive(anon):    25436 kB
Active(file):     238704 kB
Inactive(file):  1559728 kB
Unevictable:        5532 kB
Mlocked:            5532 kB
SwapTotal:       3145724 kB
SwapFree:        3145724 kB
Dirty:               140 kB
Writeback:             0 kB
AnonPages:       1320088 kB
Mapped:           874340 kB
Shmem:             27372 kB
KReclaimable:     555072 kB
Slab:             224856 kB
SReclaimable:      76108 kB
SUnreclaim:       148748 kB
KernelStack:       48768 kB
PageTables:        67700 kB
NFS_Unstable:          0 kB
Bounce:                0 kB
WritebackTmp:          0 kB
CommitLimit:     9202288 kB
Committed_AS:   75056296 kB
VmallocTotal:   263061440 kB
VmallocUsed:      105960 kB
VmallocChunk:          0 kB
Percpu:             7648 kB
CmaTotal:         294912 kB
CmaFree:               0 kB
MemTotal:       12113132 kB
MemFree:         6292740 kB
MemAvailable:    7777556 kB
Buffers:            5444 kB
Cached:          1824856 kB
SwapCached:            0 kB
Active:          1569640 kB
Inactive:        1585180 kB
Active(anon):    1330936 kB
Inactive(anon):    25436 kB
Active(file):     238704 kB
Inactive(file):  1559744 kB
Unevictable:        5532 kB
Mlocked:            5532 kB
SwapTotal:       3145724 kB
SwapFree:        3145724 kB
Dirty:               224 kB
Writeback:             0 kB
AnonPages:       1330304 kB
Mapped:           874420 kB
Shmem:             27372 kB
KReclaimable:     555072 kB
Slab:             224860 kB
SReclaimable:      76108 kB
SUnreclaim:       148752 kB
KernelStack:       48816 kB
PageTables:        67812 kB
NFS_Unstable:          0 kB
Bounce:                0 kB
WritebackTmp:          0 kB
CommitLimit:     9202288 kB
Committed_AS:   75061592 kB
VmallocTotal:   263061440 kB
VmallocUsed:      105976 kB
VmallocChunk:          0 kB
Percpu:             7648 kB
CmaTotal:         294912 kB
CmaFree:               0 kB
MemTotal:       12113132 kB
MemFree:         6297928 kB
MemAvailable:    7782756 kB
Buffers:            5444 kB
Cached:          1824868 kB
SwapCached:            0 kB
Active:          1565756 kB
Inactive:        1585192 kB
Active(anon):    1327052 kB
Inactive(anon):    25436 kB
Active(file):     238704 kB
Inactive(file):  1559756 kB
Unevictable:        5532 kB
Mlocked:            5532 kB
SwapTotal:       3145724 kB
SwapFree:        3145724 kB
Dirty:               280 kB
Writeback:             0 kB
AnonPages:       1326264 kB
Mapped:           874412 kB
Shmem:             27372 kB
KReclaimable:     555072 kB
Slab:             224916 kB
SReclaimable:      76108 kB
SUnreclaim:       148808 kB
KernelStack:       48784 kB
PageTables:        67680 kB
NFS_Unstable:          0 kB
Bounce:                0 kB
WritebackTmp:          0 kB
CommitLimit:     9202288 kB
Committed_AS:   75065076 kB
VmallocTotal:   263061440 kB
VmallocUsed:      105992 kB
VmallocChunk:          0 kB
Percpu:             7648 kB
CmaTotal:         294912 kB
CmaFree:               0 kB
MemTotal:       12113132 kB
MemFree:         6296056 kB
MemAvailable:    7780896 kB
Buffers:            5444 kB
Cached:          1824880 kB
SwapCached:            0 kB
Active:          1566652 kB
Inactive:        1585204 kB
Active(anon):    1327948 kB
Inactive(anon):    25436 kB
Active(file):     238704 kB
Inactive(file):  1559768 kB
Unevictable:        5532 kB
Mlocked:            5532 kB
SwapTotal:       3145724 kB
SwapFree:        3145724 kB
Dirty:               316 kB
Writeback:             0 kB
AnonPages:       1327044 kB
Mapped:           874440 kB
Shmem:             27372 kB
KReclaimable:     555072 kB
Slab:             224896 kB
SReclaimable:      76108 kB
SUnreclaim:       148788 kB
KernelStack:       48816 kB
PageTables:        67776 kB
NFS_Unstable:          0 kB
Bounce:                0 kB
WritebackTmp:          0 kB
CommitLimit:     9202288 kB
Committed_AS:   75064960 kB
VmallocTotal:   263061440 kB
VmallocUsed:      106008 kB
VmallocChunk:          0 kB
Percpu:             7648 kB
CmaTotal:         294912 kB
CmaFree:               0 kB
MemTotal:       12113132 kB
MemFree:         6295448 kB
MemAvailable:    7780312 kB
Buffers:            5448 kB
Cached:          1824900 kB
SwapCached:            0 kB
Active:          1567416 kB
Inactive:        1585224 kB
Active(anon):    1328708 kB
Inactive(anon):    25436 kB
Active(file):     238708 kB
Inactive(file):  1559788 kB
Unevictable:        5532 kB
Mlocked:            5532 kB
SwapTotal:       3145724 kB
SwapFree:        3145724 kB
Dirty:               332 kB
Writeback:             0 kB
AnonPages:       1327880 kB
Mapped:           874408 kB
Shmem:             27372 kB
KReclaimable:     555072 kB
Slab:             224856 kB
SReclaimable:      76108 kB
SUnreclaim:       148748 kB
KernelStack:       48768 kB
PageTables:        67704 kB
NFS_Unstable:          0 kB
Bounce:                0 kB
WritebackTmp:          0 kB
CommitLimit:     9202288 kB
Committed_AS:   75052568 kB
VmallocTotal:   263061440 kB
VmallocUsed:      106024 kB
VmallocChunk:          0 kB
Percpu:             7648 kB
CmaTotal:         294912 kB
CmaFree:               0 kB
MemTotal:       12113132 kB
MemFree:         6294508 kB
MemAvailable:    7779388 kB
Buffers:            5448 kB
Cached:          1824920 kB
SwapCached:            0 kB
Active:          1567772 kB
Inactive:        1585244 kB
Active(anon):    1329064 kB
Inactive(anon):    25440 kB
Active(file):     238708 kB
Inactive(file):  1559804 kB
Unevictable:        5532 kB
Mlocked:            5532 kB
SwapTotal:       3145724 kB
SwapFree:        3145724 kB
Dirty:               132 kB
Writeback:             0 kB
AnonPages:       1328360 kB
Mapped:           874560 kB
Shmem:             27376 kB
KReclaimable:     555072 kB
Slab:             224868 kB
SReclaimable:      76108 kB
SUnreclaim:       148760 kB
KernelStack:       48816 kB
PageTables:        67804 kB
NFS_Unstable:          0 kB
Bounce:                0 kB
WritebackTmp:          0 kB
CommitLimit:     9202288 kB
Committed_AS:   75053988 kB
VmallocTotal:   263061440 kB
VmallocUsed:      106008 kB
VmallocChunk:          0 kB
Percpu:             7648 kB
CmaTotal:         294912 kB
CmaFree:               0 kB
MemTotal:       12113132 kB
MemFree:         6294512 kB
MemAvailable:    7779376 kB
Buffers:            5448 kB
Cached:          1824904 kB
SwapCached:            0 kB
Active:          1568636 kB
Inactive:        1585232 kB
Active(anon):    1329932 kB
Inactive(anon):    25440 kB
Active(file):     238704 kB
Inactive(file):  1559792 kB
Unevictable:        5532 kB
Mlocked:            5532 kB
SwapTotal:       3145724 kB
SwapFree:        3145724 kB
Dirty:               212 kB
Writeback:             0 kB
AnonPages:       1329040 kB
Mapped:           874416 kB
Shmem:             27376 kB
KReclaimable:     555072 kB
Slab:             224868 kB
SReclaimable:      76108 kB
SUnreclaim:       148760 kB
KernelStack:       48816 kB
PageTables:        67772 kB
NFS_Unstable:          0 kB
Bounce:                0 kB
WritebackTmp:          0 kB
CommitLimit:     9202288 kB
Committed_AS:   75058452 kB
VmallocTotal:   263061440 kB
VmallocUsed:      105992 kB
VmallocChunk:          0 kB
Percpu:             7648 kB
CmaTotal:         294912 kB
CmaFree:               0 kB
MemTotal:       12113132 kB
MemFree:         6292976 kB
MemAvailable:    7777880 kB
Buffers:            5448 kB
Cached:          1824944 kB
SwapCached:            0 kB
Active:          1568996 kB
Inactive:        1585268 kB
Active(anon):    1330288 kB
Inactive(anon):    25440 kB
Active(file):     238708 kB
Inactive(file):  1559828 kB
Unevictable:        5532 kB
Mlocked:            5532 kB
SwapTotal:       3145724 kB
SwapFree:        3145724 kB
Dirty:               240 kB
Writeback:             0 kB
AnonPages:       1329376 kB
Mapped:           874428 kB
Shmem:             27376 kB
KReclaimable:     555072 kB
Slab:             224876 kB
SReclaimable:      76108 kB
SUnreclaim:       148768 kB
KernelStack:       48800 kB
PageTables:        67736 kB
NFS_Unstable:          0 kB
Bounce:                0 kB
WritebackTmp:          0 kB
CommitLimit:     9202288 kB
Committed_AS:   75059608 kB
VmallocTotal:   263061440 kB
VmallocUsed:      106008 kB
VmallocChunk:          0 kB
Percpu:             7648 kB
CmaTotal:         294912 kB
CmaFree:               0 kB
MemTotal:       12113132 kB
MemFree:         6292916 kB
MemAvailable:    7777836 kB
Buffers:            5448 kB
Cached:          1824960 kB
SwapCached:            0 kB
Active:          1569816 kB
Inactive:        1585284 kB
Active(anon):    1331108 kB
Inactive(anon):    25440 kB
Active(file):     238708 kB
Inactive(file):  1559844 kB
Unevictable:        5532 kB
Mlocked:            5532 kB
SwapTotal:       3145724 kB
SwapFree:        3145724 kB
Dirty:               276 kB
Writeback:             0 kB
AnonPages:       1330244 kB
Mapped:           874420 kB
Shmem:             27376 kB
KReclaimable:     555072 kB
Slab:             224872 kB
SReclaimable:      76108 kB
SUnreclaim:       148764 kB
KernelStack:       48768 kB
PageTables:        67700 kB
NFS_Unstable:          0 kB
Bounce:                0 kB
WritebackTmp:          0 kB
CommitLimit:     9202288 kB
Committed_AS:   75053800 kB
VmallocTotal:   263061440 kB
VmallocUsed:      105960 kB
VmallocChunk:          0 kB
Percpu:             7648 kB
CmaTotal:         294912 kB
CmaFree:               8 kB
MemTotal:       12113132 kB
MemFree:         6292580 kB
MemAvailable:    7777516 kB
Buffers:            5448 kB
Cached:          1824976 kB
SwapCached:            0 kB
Active:          1570768 kB
Inactive:        1585300 kB
Active(anon):    1332060 kB
Inactive(anon):    25440 kB
Active(file):     238708 kB
Inactive(file):  1559860 kB
Unevictable:        5532 kB
Mlocked:            5532 kB
SwapTotal:       3145724 kB
SwapFree:        3145724 kB
Dirty:               296 kB
Writeback:             0 kB
AnonPages:       1331188 kB
Mapped:           874416 kB
Shmem:             27376 kB
KReclaimable:     555072 kB
Slab:             224872 kB
SReclaimable:      76108 kB
SUnreclaim:       148764 kB
KernelStack:       48816 kB
PageTables:        67804 kB
NFS_Unstable:          0 kB
Bounce:                0 kB
WritebackTmp:          0 kB
CommitLimit:     9202288 kB
Committed_AS:   75054140 kB
VmallocTotal:   263061440 kB
VmallocUsed:      105960 kB
VmallocChunk:          0 kB
Percpu:             7648 kB
CmaTotal:         294912 kB
CmaFree:               0 kB
MemTotal:       12113132 kB
MemFree:         6291428 kB
MemAvailable:    7776368 kB
Buffers:            5448 kB
Cached:          1824980 kB
SwapCached:            0 kB
Active:          1571300 kB
Inactive:        1585304 kB
Active(anon):    1332592 kB
Inactive(anon):    25440 kB
Active(file):     238708 kB
Inactive(file):  1559864 kB
Unevictable:        5532 kB
Mlocked:            5532 kB
SwapTotal:       3145724 kB
SwapFree:        3145724 kB
Dirty:               308 kB
Writeback:             0 kB
AnonPages:       1331788 kB
Mapped:           874416 kB
Shmem:             27376 kB
KReclaimable:     555072 kB
Slab:             224876 kB
SReclaimable:      76108 kB
SUnreclaim:       148768 kB
KernelStack:       48768 kB
PageTables:        67704 kB
NFS_Unstable:          0 kB
Bounce:                0 kB
WritebackTmp:          0 kB
CommitLimit:     9202288 kB
Committed_AS:   75059608 kB
VmallocTotal:   263061440 kB
VmallocUsed:      106024 kB
VmallocChunk:          0 kB
Percpu:             7648 kB
CmaTotal:         294912 kB
CmaFree:               0 kB
MemTotal:       12113132 kB
MemFree:         6291320 kB
MemAvailable:    7776272 kB
Buffers:            5448 kB
Cached:          1824996 kB
SwapCached:            0 kB
Active:          1572152 kB
Inactive:        1585320 kB
Active(anon):    1333444 kB
Inactive(anon):    25444 kB
Active(file):     238708 kB
Inactive(file):  1559876 kB
Unevictable:        5532 kB
Mlocked:            5532 kB
SwapTotal:       3145724 kB
SwapFree:        3145724 kB
Dirty:               288 kB
Writeback:             0 kB
AnonPages:       1332728 kB
Mapped:           874476 kB
Shmem:             27380 kB
KReclaimable:     555072 kB
Slab:             224884 kB
SReclaimable:      76108 kB
SUnreclaim:       148776 kB
KernelStack:       48816 kB
PageTables:        67820 kB
NFS_Unstable:          0 kB
Bounce:                0 kB
WritebackTmp:          0 kB
CommitLimit:     9202288 kB
Committed_AS:   75054264 kB
VmallocTotal:   263061440 kB
VmallocUsed:      105960 kB
VmallocChunk:          0 kB
Percpu:             7648 kB
CmaTotal:         294912 kB
CmaFree:               0 kB
MemTotal:       12113132 kB
MemFree:         6291152 kB
MemAvailable:    7776116 kB
Buffers:            5448 kB
Cached:          1825008 kB
SwapCached:            0 kB
Active:          1572956 kB
Inactive:        1585332 kB
Active(anon):    1334248 kB
Inactive(anon):    25444 kB
Active(file):     238708 kB
Inactive(file):  1559888 kB
Unevictable:        5532 kB
Mlocked:            5532 kB
SwapTotal:       3145724 kB
SwapFree:        3145724 kB
Dirty:               316 kB
Writeback:             0 kB
AnonPages:       1333456 kB
Mapped:           874480 kB
Shmem:             27380 kB
KReclaimable:     555072 kB
Slab:             224876 kB
SReclaimable:      76108 kB
SUnreclaim:       148768 kB
KernelStack:       48816 kB
PageTables:        67820 kB
NFS_Unstable:          0 kB
Bounce:                0 kB
WritebackTmp:          0 kB
CommitLimit:     9202288 kB
Committed_AS:   75054000 kB
VmallocTotal:   263061440 kB
VmallocUsed:      105992 kB
VmallocChunk:          0 kB
Percpu:             7648 kB
CmaTotal:         294912 kB
CmaFree:               0 kB
MemTotal:       12113132 kB
MemFree:         6288672 kB
MemAvailable:    7773660 kB
Buffers:            5448 kB
Cached:          1825028 kB
SwapCached:            0 kB
Active:          1572916 kB
Inactive:        1585352 kB
Active(anon):    1334208 kB
Inactive(anon):    25444 kB
Active(file):     238708 kB
Inactive(file):  1559908 kB
Unevictable:        5532 kB
Mlocked:            5532 kB
SwapTotal:       3145724 kB
SwapFree:        3145724 kB
Dirty:               352 kB
Writeback:             0 kB
AnonPages:       1333360 kB
Mapped:           874480 kB
Shmem:             27380 kB
KReclaimable:     555076 kB
Slab:             224884 kB
SReclaimable:      76112 kB
SUnreclaim:       148772 kB
KernelStack:       48768 kB
PageTables:        67708 kB
NFS_Unstable:          0 kB
Bounce:                0 kB
WritebackTmp:          0 kB
CommitLimit:     9202288 kB
Committed_AS:   75059524 kB
VmallocTotal:   263061440 kB
VmallocUsed:      106024 kB
VmallocChunk:          0 kB
Percpu:             7648 kB
CmaTotal:         294912 kB
CmaFree:              12 kB
MemTotal:       12113132 kB
MemFree:         6300564 kB
MemAvailable:    7785576 kB
Buffers:            5448 kB
Cached:          1825060 kB
SwapCached:            0 kB
Active:          1560652 kB
Inactive:        1585380 kB
Active(anon):    1321940 kB
Inactive(anon):    25452 kB
Active(file):     238712 kB
Inactive(file):  1559928 kB
Unevictable:        5532 kB
Mlocked:            5532 kB
SwapTotal:       3145724 kB
SwapFree:        3145724 kB
Dirty:               528 kB
Writeback:             0 kB
AnonPages:       1321136 kB
Mapped:           874484 kB
Shmem:             27388 kB
KReclaimable:     555076 kB
Slab:             224876 kB
SReclaimable:      76112 kB
SUnreclaim:       148764 kB
KernelStack:       48848 kB
PageTables:        67708 kB
NFS_Unstable:          0 kB
Bounce:                0 kB
WritebackTmp:          0 kB
CommitLimit:     9202288 kB
Committed_AS:   75059912 kB
VmallocTotal:   263061440 kB
VmallocUsed:      106072 kB
VmallocChunk:          0 kB
Percpu:             7648 kB
CmaTotal:         294912 kB
CmaFree:               0 kB
MemTotal:       12113132 kB
MemFree:         6299736 kB
MemAvailable:    7784752 kB
Buffers:            5448 kB
Cached:          1825064 kB
SwapCached:            0 kB
Active:          1562812 kB
Inactive:        1585384 kB
Active(anon):    1324100 kB
Inactive(anon):    25452 kB
Active(file):     238712 kB
Inactive(file):  1559932 kB
Unevictable:        5532 kB
Mlocked:            5532 kB
SwapTotal:       3145724 kB
SwapFree:        3145724 kB
Dirty:               280 kB
Writeback:             0 kB
AnonPages:       1323412 kB
Mapped:           887864 kB
Shmem:             27388 kB
KReclaimable:     555076 kB
Slab:             224884 kB
SReclaimable:      76112 kB
SUnreclaim:       148772 kB
KernelStack:       48896 kB
PageTables:        67844 kB
NFS_Unstable:          0 kB
Bounce:                0 kB
WritebackTmp:          0 kB
CommitLimit:     9202288 kB
Committed_AS:   75060000 kB
VmallocTotal:   263061440 kB
VmallocUsed:      106040 kB
VmallocChunk:          0 kB
Percpu:             7648 kB
CmaTotal:         294912 kB
CmaFree:               0 kB
MemTotal:       12113132 kB
MemFree:         6298968 kB
MemAvailable:    7784000 kB
Buffers:            5448 kB
Cached:          1825080 kB
SwapCached:            0 kB
Active:          1563208 kB
Inactive:        1585400 kB
Active(anon):    1324496 kB
Inactive(anon):    25452 kB
Active(file):     238712 kB
Inactive(file):  1559948 kB
Unevictable:        5532 kB
Mlocked:            5532 kB
SwapTotal:       3145724 kB
SwapFree:        3145724 kB
Dirty:               232 kB
Writeback:             0 kB
AnonPages:       1323712 kB
Mapped:           887864 kB
Shmem:             27388 kB
KReclaimable:     555076 kB
Slab:             224888 kB
SReclaimable:      76112 kB
SUnreclaim:       148776 kB
KernelStack:       48832 kB
PageTables:        67844 kB
NFS_Unstable:          0 kB
Bounce:                0 kB
WritebackTmp:          0 kB
CommitLimit:     9202288 kB
Committed_AS:   75055272 kB
VmallocTotal:   263061440 kB
VmallocUsed:      106056 kB
VmallocChunk:          0 kB
Percpu:             7648 kB
CmaTotal:         294912 kB
CmaFree:               0 kB
MemTotal:       12113132 kB
MemFree:         6298788 kB
MemAvailable:    7783832 kB
Buffers:            5448 kB
Cached:          1825092 kB
SwapCached:            0 kB
Active:          1564372 kB
Inactive:        1585412 kB
Active(anon):    1325660 kB
Inactive(anon):    25452 kB
Active(file):     238712 kB
Inactive(file):  1559960 kB
Unevictable:        5532 kB
Mlocked:            5532 kB
SwapTotal:       3145724 kB
SwapFree:        3145724 kB
Dirty:               300 kB
Writeback:             0 kB
AnonPages:       1325016 kB
Mapped:           887884 kB
Shmem:             27388 kB
KReclaimable:     555076 kB
Slab:             224896 kB
SReclaimable:      76112 kB
SUnreclaim:       148784 kB
KernelStack:       48880 kB
PageTables:        67884 kB
NFS_Unstable:          0 kB
Bounce:                0 kB
WritebackTmp:          0 kB
CommitLimit:     9202288 kB
Committed_AS:   75054644 kB
VmallocTotal:   263061440 kB
VmallocUsed:      106024 kB
VmallocChunk:          0 kB
Percpu:             7648 kB
CmaTotal:         294912 kB
CmaFree:               8 kB
MemTotal:       12113132 kB
MemFree:         6301068 kB
MemAvailable:    7786124 kB
Buffers:            5448 kB
Cached:          1825104 kB
SwapCached:            0 kB
Active:          1562628 kB
Inactive:        1585424 kB
Active(anon):    1323916 kB
Inactive(anon):    25452 kB
Active(file):     238712 kB
Inactive(file):  1559972 kB
Unevictable:        5532 kB
Mlocked:            5532 kB
SwapTotal:       3145724 kB
SwapFree:        3145724 kB
Dirty:               316 kB
Writeback:             0 kB
AnonPages:       1323060 kB
Mapped:           887864 kB
Shmem:             27388 kB
KReclaimable:     555076 kB
Slab:             224896 kB
SReclaimable:      76112 kB
SUnreclaim:       148784 kB
KernelStack:       48768 kB
PageTables:        67756 kB
NFS_Unstable:          0 kB
Bounce:                0 kB
WritebackTmp:          0 kB
CommitLimit:     9202288 kB
Committed_AS:   75054944 kB
VmallocTotal:   263061440 kB
VmallocUsed:      106024 kB
VmallocChunk:          0 kB
Percpu:             7648 kB
CmaTotal:         294912 kB
CmaFree:             120 kB
MemTotal:       12113132 kB
MemFree:         6299800 kB
MemAvailable:    7784888 kB
Buffers:            5456 kB
Cached:          1825128 kB
SwapCached:            0 kB
Active:          1562960 kB
Inactive:        1585448 kB
Active(anon):    1324240 kB
Inactive(anon):    25452 kB
Active(file):     238720 kB
Inactive(file):  1559996 kB
Unevictable:        5532 kB
Mlocked:            5532 kB
SwapTotal:       3145724 kB
SwapFree:        3145724 kB
Dirty:               336 kB
Writeback:             0 kB
AnonPages:       1323252 kB
Mapped:           887864 kB
Shmem:             27388 kB
KReclaimable:     555076 kB
Slab:             224892 kB
SReclaimable:      76112 kB
SUnreclaim:       148780 kB
KernelStack:       48880 kB
PageTables:        67840 kB
NFS_Unstable:          0 kB
Bounce:                0 kB
WritebackTmp:          0 kB
CommitLimit:     9202288 kB
Committed_AS:   75059816 kB
VmallocTotal:   263061440 kB
VmallocUsed:      105992 kB
VmallocChunk:          0 kB
Percpu:             7648 kB
CmaTotal:         294912 kB
CmaFree:               0 kB
MemTotal:       12113132 kB
MemFree:         6299528 kB
MemAvailable:    7784636 kB
Buffers:            5456 kB
Cached:          1825148 kB
SwapCached:            0 kB
Active:          1563864 kB
Inactive:        1585468 kB
Active(anon):    1325144 kB
Inactive(anon):    25452 kB
Active(file):     238720 kB
Inactive(file):  1560016 kB
Unevictable:        5532 kB
Mlocked:            5532 kB
SwapTotal:       3145724 kB
SwapFree:        3145724 kB
Dirty:               380 kB
Writeback:             0 kB
AnonPages:       1324296 kB
Mapped:           887864 kB
Shmem:             27388 kB
KReclaimable:     555076 kB
Slab:             224896 kB
SReclaimable:      76112 kB
SUnreclaim:       148784 kB
KernelStack:       48848 kB
PageTables:        67884 kB
NFS_Unstable:          0 kB
Bounce:                0 kB
WritebackTmp:          0 kB
CommitLimit:     9202288 kB
Committed_AS:   75045384 kB
VmallocTotal:   263061440 kB
VmallocUsed:      106008 kB
VmallocChunk:          0 kB
Percpu:             7648 kB
CmaTotal:         294912 kB
CmaFree:               0 kB
MemTotal:       12113132 kB
MemFree:         6298292 kB
MemAvailable:    7783252 kB
Buffers:            5456 kB
Cached:          1825160 kB
SwapCached:            0 kB
Active:          1564412 kB
Inactive:        1585480 kB
Active(anon):    1325692 kB
Inactive(anon):    25452 kB
Active(file):     238720 kB
Inactive(file):  1560028 kB
Unevictable:        5532 kB
Mlocked:            5532 kB
SwapTotal:       3145724 kB
SwapFree:        3145724 kB
Dirty:               336 kB
Writeback:             0 kB
AnonPages:       1324876 kB
Mapped:           887864 kB
Shmem:             27388 kB
KReclaimable:     555076 kB
Slab:             224908 kB
SReclaimable:      76112 kB
SUnreclaim:       148796 kB
KernelStack:       48880 kB
PageTables:        67868 kB
NFS_Unstable:          0 kB
Bounce:                0 kB
WritebackTmp:          0 kB
CommitLimit:     9202288 kB
Committed_AS:   75050644 kB
VmallocTotal:   263061440 kB
VmallocUsed:      106024 kB
VmallocChunk:          0 kB
Percpu:             7648 kB
CmaTotal:         294912 kB
CmaFree:               0 kB
MemTotal:       12113132 kB
MemFree:         6297528 kB
MemAvailable:    7782656 kB
Buffers:            5456 kB
Cached:          1825168 kB
SwapCached:            0 kB
Active:          1564920 kB
Inactive:        1585488 kB
Active(anon):    1326200 kB
Inactive(anon):    25452 kB
Active(file):     238720 kB
Inactive(file):  1560036 kB
Unevictable:        5532 kB
Mlocked:            5532 kB
SwapTotal:       3145724 kB
SwapFree:        3145724 kB
Dirty:               360 kB
Writeback:             0 kB
AnonPages:       1325316 kB
Mapped:           887864 kB
Shmem:             27388 kB
KReclaimable:     555076 kB
Slab:             224908 kB
SReclaimable:      76112 kB
SUnreclaim:       148796 kB
KernelStack:       48832 kB
PageTables:        67760 kB
NFS_Unstable:          0 kB
Bounce:                0 kB
WritebackTmp:          0 kB
CommitLimit:     9202288 kB
Committed_AS:   75046328 kB
VmallocTotal:   263061440 kB
VmallocUsed:      106024 kB
VmallocChunk:          0 kB
Percpu:             7648 kB
CmaTotal:         294912 kB
CmaFree:               0 kB
MemTotal:       12113132 kB
MemFree:         6295968 kB
MemAvailable:    7781108 kB
Buffers:            5456 kB
Cached:          1825180 kB
SwapCached:            0 kB
Active:          1566160 kB
Inactive:        1585500 kB
Active(anon):    1327440 kB
Inactive(anon):    25452 kB
Active(file):     238720 kB
Inactive(file):  1560048 kB
Unevictable:        5532 kB
Mlocked:            5532 kB
SwapTotal:       3145724 kB
SwapFree:        3145724 kB
Dirty:               380 kB
Writeback:             0 kB
AnonPages:       1326704 kB
Mapped:           887868 kB
Shmem:             27388 kB
KReclaimable:     555076 kB
Slab:             224900 kB
SReclaimable:      76112 kB
SUnreclaim:       148788 kB
KernelStack:       48880 kB
PageTables:        67972 kB
NFS_Unstable:          0 kB
Bounce:                0 kB
WritebackTmp:          0 kB
CommitLimit:     9202288 kB
Committed_AS:   75060712 kB
VmallocTotal:   263061440 kB
VmallocUsed:      106056 kB
VmallocChunk:          0 kB
Percpu:             7648 kB
CmaTotal:         294912 kB
CmaFree:               0 kB
MemTotal:       12113132 kB
MemFree:         6295896 kB
MemAvailable:    7781048 kB
Buffers:            5456 kB
Cached:          1825192 kB
SwapCached:            0 kB
Active:          1566696 kB
Inactive:        1585512 kB
Active(anon):    1327976 kB
Inactive(anon):    25452 kB
Active(file):     238720 kB
Inactive(file):  1560060 kB
Unevictable:        5532 kB
Mlocked:            5532 kB
SwapTotal:       3145724 kB
SwapFree:        3145724 kB
Dirty:               400 kB
Writeback:             0 kB
AnonPages:       1327220 kB
Mapped:           887864 kB
Shmem:             27388 kB
KReclaimable:     555076 kB
Slab:             224916 kB
SReclaimable:      76112 kB
SUnreclaim:       148804 kB
KernelStack:       48816 kB
PageTables:        67760 kB
NFS_Unstable:          0 kB
Bounce:                0 kB
WritebackTmp:          0 kB
CommitLimit:     9202288 kB
Committed_AS:   75060272 kB
VmallocTotal:   263061440 kB
VmallocUsed:      106040 kB
VmallocChunk:          0 kB
Percpu:             7648 kB
CmaTotal:         294912 kB
CmaFree:               0 kB
MemTotal:       12113132 kB
MemFree:         6295164 kB
MemAvailable:    7780328 kB
Buffers:            5456 kB
Cached:          1825204 kB
SwapCached:            0 kB
Active:          1567412 kB
Inactive:        1585524 kB
Active(anon):    1328692 kB
Inactive(anon):    25452 kB
Active(file):     238720 kB
Inactive(file):  1560072 kB
Unevictable:        5532 kB
Mlocked:            5532 kB
SwapTotal:       3145724 kB
SwapFree:        3145724 kB
Dirty:               412 kB
Writeback:             0 kB
AnonPages:       1327640 kB
Mapped:           887884 kB
Shmem:             27388 kB
KReclaimable:     555076 kB
Slab:             224916 kB
SReclaimable:      76112 kB
SUnreclaim:       148804 kB
KernelStack:       48848 kB
PageTables:        67816 kB
NFS_Unstable:          0 kB
Bounce:                0 kB
WritebackTmp:          0 kB
CommitLimit:     9202288 kB
Committed_AS:   75057236 kB
VmallocTotal:   263061440 kB
VmallocUsed:      106024 kB
VmallocChunk:          0 kB
Percpu:             7648 kB
CmaTotal:         294912 kB
CmaFree:               0 kB
MemTotal:       12113132 kB
MemFree:         6295076 kB
MemAvailable:    7780252 kB
Buffers:            5456 kB
Cached:          1825216 kB
SwapCached:            0 kB
Active:          1567756 kB
Inactive:        1585532 kB
Active(anon):    1329032 kB
Inactive(anon):    25452 kB
Active(file):     238724 kB
Inactive(file):  1560080 kB
Unevictable:        5532 kB
Mlocked:            5532 kB
SwapTotal:       3145724 kB
SwapFree:        3145724 kB
Dirty:               464 kB
Writeback:             0 kB
AnonPages:       1328188 kB
Mapped:           887864 kB
Shmem:             27388 kB
KReclaimable:     555076 kB
Slab:             224916 kB
SReclaimable:      76112 kB
SUnreclaim:       148804 kB
KernelStack:       48864 kB
PageTables:        67828 kB
NFS_Unstable:          0 kB
Bounce:                0 kB
WritebackTmp:          0 kB
CommitLimit:     9202288 kB
Committed_AS:   75046400 kB
VmallocTotal:   263061440 kB
VmallocUsed:      106008 kB
VmallocChunk:          0 kB
Percpu:             7648 kB
CmaTotal:         294912 kB
CmaFree:               0 kB
MemTotal:       12113132 kB
MemFree:         6294904 kB
MemAvailable:    7780092 kB
Buffers:            5456 kB
Cached:          1825228 kB
SwapCached:            0 kB
Active:          1568492 kB
Inactive:        1585544 kB
Active(anon):    1329768 kB
Inactive(anon):    25452 kB
Active(file):     238724 kB
Inactive(file):  1560092 kB
Unevictable:        5532 kB
Mlocked:            5532 kB
SwapTotal:       3145724 kB
SwapFree:        3145724 kB
Dirty:               496 kB
Writeback:             0 kB
AnonPages:       1328940 kB
Mapped:           887864 kB
Shmem:             27388 kB
KReclaimable:     555076 kB
Slab:             224920 kB
SReclaimable:      76112 kB
SUnreclaim:       148808 kB
KernelStack:       48864 kB
PageTables:        67840 kB
NFS_Unstable:          0 kB
Bounce:                0 kB
WritebackTmp:          0 kB
CommitLimit:     9202288 kB
Committed_AS:   75055552 kB
VmallocTotal:   263061440 kB
VmallocUsed:      105976 kB
VmallocChunk:          0 kB
Percpu:             7648 kB
CmaTotal:         294912 kB
CmaFree:               0 kB
MemTotal:       12113132 kB
MemFree:         6292076 kB
MemAvailable:    7777280 kB
Buffers:            5456 kB
Cached:          1825244 kB
SwapCached:            0 kB
Active:          1569592 kB
Inactive:        1585560 kB
Active(anon):    1330868 kB
Inactive(anon):    25452 kB
Active(file):     238724 kB
Inactive(file):  1560108 kB
Unevictable:        5532 kB
Mlocked:            5532 kB
SwapTotal:       3145724 kB
SwapFree:        3145724 kB
Dirty:               516 kB
Writeback:             0 kB
AnonPages:       1330044 kB
Mapped:           887864 kB
Shmem:             27388 kB
KReclaimable:     555076 kB
Slab:             224920 kB
SReclaimable:      76112 kB
SUnreclaim:       148808 kB
KernelStack:       48816 kB
PageTables:        67760 kB
NFS_Unstable:          0 kB
Bounce:                0 kB
WritebackTmp:          0 kB
CommitLimit:     9202288 kB
Committed_AS:   75062172 kB
VmallocTotal:   263061440 kB
VmallocUsed:      106024 kB
VmallocChunk:          0 kB
Percpu:             7648 kB
CmaTotal:         294912 kB
CmaFree:               0 kB
MemTotal:       12113132 kB
MemFree:         6323600 kB
MemAvailable:    7808816 kB
Buffers:            5456 kB
Cached:          1825260 kB
SwapCached:            0 kB
Active:          1537860 kB
Inactive:        1585576 kB
Active(anon):    1299136 kB
Inactive(anon):    25456 kB
Active(file):     238724 kB
Inactive(file):  1560120 kB
Unevictable:        5532 kB
Mlocked:            5532 kB
SwapTotal:       3145724 kB
SwapFree:        3145724 kB
Dirty:               568 kB
Writeback:             0 kB
AnonPages:       1298272 kB
Mapped:           887868 kB
Shmem:             27392 kB
KReclaimable:     555076 kB
Slab:             224920 kB
SReclaimable:      76112 kB
SUnreclaim:       148808 kB
KernelStack:       48816 kB
PageTables:        67760 kB
NFS_Unstable:          0 kB
Bounce:                0 kB
WritebackTmp:          0 kB
CommitLimit:     9202288 kB
Committed_AS:   75064516 kB
VmallocTotal:   263061440 kB
VmallocUsed:      106008 kB
VmallocChunk:          0 kB
Percpu:             7648 kB
CmaTotal:         294912 kB
CmaFree:               0 kB
MemTotal:       12113132 kB
MemFree:         6324072 kB
MemAvailable:    7809328 kB
Buffers:            5456 kB
Cached:          1825300 kB
SwapCached:            0 kB
Active:          1538444 kB
Inactive:        1585612 kB
Active(anon):    1299716 kB
Inactive(anon):    25456 kB
Active(file):     238728 kB
Inactive(file):  1560156 kB
Unevictable:        5532 kB
Mlocked:            5532 kB
SwapTotal:       3145724 kB
SwapFree:        3145724 kB
Dirty:               592 kB
Writeback:             0 kB
AnonPages:       1298880 kB
Mapped:           887868 kB
Shmem:             27392 kB
KReclaimable:     555076 kB
Slab:             224924 kB
SReclaimable:      76112 kB
SUnreclaim:       148812 kB
KernelStack:       48848 kB
PageTables:        67748 kB
NFS_Unstable:          0 kB
Bounce:                0 kB
WritebackTmp:          0 kB
CommitLimit:     9202288 kB
Committed_AS:   75060088 kB
VmallocTotal:   263061440 kB
VmallocUsed:      106008 kB
VmallocChunk:          0 kB
Percpu:             7648 kB
CmaTotal:         294912 kB
CmaFree:               0 kB
MemTotal:       12113132 kB
MemFree:         6310440 kB
MemAvailable:    7795672 kB
Buffers:            5456 kB
Cached:          1825276 kB
SwapCached:            0 kB
Active:          1551724 kB
Inactive:        1585596 kB
Active(anon):    1313004 kB
Inactive(anon):    25456 kB
Active(file):     238720 kB
Inactive(file):  1560140 kB
Unevictable:        5532 kB
Mlocked:            5532 kB
SwapTotal:       3145724 kB
SwapFree:        3145724 kB
Dirty:               592 kB
Writeback:             0 kB
AnonPages:       1311944 kB
Mapped:           888160 kB
Shmem:             27392 kB
KReclaimable:     555076 kB
Slab:             224924 kB
SReclaimable:      76112 kB
SUnreclaim:       148812 kB
KernelStack:       48864 kB
PageTables:        68052 kB
NFS_Unstable:          0 kB
Bounce:                0 kB
WritebackTmp:          0 kB
CommitLimit:     9202288 kB
Committed_AS:   75054900 kB
VmallocTotal:   263061440 kB
VmallocUsed:      106008 kB
VmallocChunk:          0 kB
Percpu:             7648 kB
CmaTotal:         294912 kB
CmaFree:              76 kB
MemTotal:       12113132 kB
MemFree:         6290368 kB
MemAvailable:    7775616 kB
Buffers:            5456 kB
Cached:          1825292 kB
SwapCached:            0 kB
Active:          1571876 kB
Inactive:        1585608 kB
Active(anon):    1333152 kB
Inactive(anon):    25456 kB
Active(file):     238724 kB
Inactive(file):  1560152 kB
Unevictable:        5532 kB
Mlocked:            5532 kB
SwapTotal:       3145724 kB
SwapFree:        3145724 kB
Dirty:               620 kB
Writeback:             0 kB
AnonPages:       1332272 kB
Mapped:           887864 kB
Shmem:             27392 kB
KReclaimable:     555076 kB
Slab:             224916 kB
SReclaimable:      76112 kB
SUnreclaim:       148804 kB
KernelStack:       48832 kB
PageTables:        67816 kB
NFS_Unstable:          0 kB
Bounce:                0 kB
WritebackTmp:          0 kB
CommitLimit:     9202288 kB
Committed_AS:   75052464 kB
VmallocTotal:   263061440 kB
VmallocUsed:      105976 kB
VmallocChunk:          0 kB
Percpu:             7648 kB
CmaTotal:         294912 kB
CmaFree:               0 kB
MemTotal:       12113132 kB
MemFree:         6290704 kB
MemAvailable:    7775960 kB
Buffers:            5456 kB
Cached:          1825304 kB
SwapCached:            0 kB
Active:          1571624 kB
Inactive:        1585620 kB
Active(anon):    1332900 kB
Inactive(anon):    25460 kB
Active(file):     238724 kB
Inactive(file):  1560160 kB
Unevictable:        5532 kB
Mlocked:            5532 kB
SwapTotal:       3145724 kB
SwapFree:        3145724 kB
Dirty:               640 kB
Writeback:             0 kB
AnonPages:       1331912 kB
Mapped:           888116 kB
Shmem:             27396 kB
KReclaimable:     555076 kB
Slab:             224940 kB
SReclaimable:      76112 kB
SUnreclaim:       148828 kB
KernelStack:       48864 kB
PageTables:        67860 kB
NFS_Unstable:          0 kB
Bounce:                0 kB
WritebackTmp:          0 kB
CommitLimit:     9202288 kB
Committed_AS:   75050284 kB
VmallocTotal:   263061440 kB
VmallocUsed:      105992 kB
VmallocChunk:          0 kB
Percpu:             7648 kB
CmaTotal:         294912 kB
CmaFree:               0 kB
MemTotal:       12113132 kB
MemFree:         6284664 kB
MemAvailable:    7769932 kB
Buffers:            5456 kB
Cached:          1825320 kB
SwapCached:            0 kB
Active:          1577636 kB
Inactive:        1585636 kB
Active(anon):    1338912 kB
Inactive(anon):    25464 kB
Active(file):     238724 kB
Inactive(file):  1560172 kB
Unevictable:        5532 kB
Mlocked:            5532 kB
SwapTotal:       3145724 kB
SwapFree:        3145724 kB
Dirty:               664 kB
Writeback:             0 kB
AnonPages:       1338036 kB
Mapped:           888044 kB
Shmem:             27400 kB
KReclaimable:     555076 kB
Slab:             224948 kB
SReclaimable:      76112 kB
SUnreclaim:       148836 kB
KernelStack:       48816 kB
PageTables:        67760 kB
NFS_Unstable:          0 kB
Bounce:                0 kB
WritebackTmp:          0 kB
CommitLimit:     9202288 kB
Committed_AS:   75074116 kB
VmallocTotal:   263061440 kB
VmallocUsed:      105992 kB
VmallocChunk:          0 kB
Percpu:             7648 kB
CmaTotal:         294912 kB
CmaFree:               0 kB
MemTotal:       12113132 kB
MemFree:         6283868 kB
MemAvailable:    7769172 kB
Buffers:            5460 kB
Cached:          1825352 kB
SwapCached:            0 kB
Active:          1578320 kB
Inactive:        1585668 kB
Active(anon):    1339592 kB
Inactive(anon):    25464 kB
Active(file):     238728 kB
Inactive(file):  1560204 kB
Unevictable:        5532 kB
Mlocked:            5532 kB
SwapTotal:       3145724 kB
SwapFree:        3145724 kB
Dirty:               676 kB
Writeback:             0 kB
AnonPages:       1338716 kB
Mapped:           888040 kB
Shmem:             27400 kB
KReclaimable:     555076 kB
Slab:             224972 kB
SReclaimable:      76112 kB
SUnreclaim:       148860 kB
KernelStack:       48832 kB
PageTables:        67784 kB
NFS_Unstable:          0 kB
Bounce:                0 kB
WritebackTmp:          0 kB
CommitLimit:     9202288 kB
Committed_AS:   75064812 kB
VmallocTotal:   263061440 kB
VmallocUsed:      106008 kB
VmallocChunk:          0 kB
Percpu:             7648 kB
CmaTotal:         294912 kB
CmaFree:               0 kB
MemTotal:       12113132 kB
MemFree:         6283620 kB
MemAvailable:    7768940 kB
Buffers:            5460 kB
Cached:          1825368 kB
SwapCached:            0 kB
Active:          1578880 kB
Inactive:        1585688 kB
Active(anon):    1340156 kB
Inactive(anon):    25464 kB
Active(file):     238724 kB
Inactive(file):  1560224 kB
Unevictable:        5532 kB
Mlocked:            5532 kB
SwapTotal:       3145724 kB
SwapFree:        3145724 kB
Dirty:               244 kB
Writeback:             0 kB
AnonPages:       1339140 kB
Mapped:           888140 kB
Shmem:             27400 kB
KReclaimable:     555076 kB
Slab:             224968 kB
SReclaimable:      76112 kB
SUnreclaim:       148856 kB
KernelStack:       48816 kB
PageTables:        67808 kB
NFS_Unstable:          0 kB
Bounce:                0 kB
WritebackTmp:          0 kB
CommitLimit:     9202288 kB
Committed_AS:   75064300 kB
VmallocTotal:   263061440 kB
VmallocUsed:      106024 kB
VmallocChunk:          0 kB
Percpu:             7648 kB
CmaTotal:         294912 kB
CmaFree:              24 kB
MemTotal:       12113132 kB
MemFree:         6283120 kB
MemAvailable:    7768448 kB
Buffers:            5460 kB
Cached:          1825376 kB
SwapCached:            0 kB
Active:          1579708 kB
Inactive:        1585692 kB
Active(anon):    1340980 kB
Inactive(anon):    25464 kB
Active(file):     238728 kB
Inactive(file):  1560228 kB
Unevictable:        5532 kB
Mlocked:            5532 kB
SwapTotal:       3145724 kB
SwapFree:        3145724 kB
Dirty:               296 kB
Writeback:             0 kB
AnonPages:       1340164 kB
Mapped:           888036 kB
Shmem:             27400 kB
KReclaimable:     555076 kB
Slab:             224984 kB
SReclaimable:      76112 kB
SUnreclaim:       148872 kB
KernelStack:       48816 kB
PageTables:        67760 kB
NFS_Unstable:          0 kB
Bounce:                0 kB
WritebackTmp:          0 kB
CommitLimit:     9202288 kB
Committed_AS:   75068448 kB
VmallocTotal:   263061440 kB
VmallocUsed:      106040 kB
VmallocChunk:          0 kB
Percpu:             7648 kB
CmaTotal:         294912 kB
CmaFree:               0 kB
MemTotal:       12113132 kB
MemFree:         6281756 kB
MemAvailable:    7767100 kB
Buffers:            5460 kB
Cached:          1825392 kB
SwapCached:            0 kB
Active:          1581256 kB
Inactive:        1585708 kB
Active(anon):    1342528 kB
Inactive(anon):    25464 kB
Active(file):     238728 kB
Inactive(file):  1560244 kB
Unevictable:        5532 kB
Mlocked:            5532 kB
SwapTotal:       3145724 kB
SwapFree:        3145724 kB
Dirty:               336 kB
Writeback:             0 kB
AnonPages:       1341680 kB
Mapped:           888044 kB
Shmem:             27400 kB
KReclaimable:     555076 kB
Slab:             224984 kB
SReclaimable:      76112 kB
SUnreclaim:       148872 kB
KernelStack:       48816 kB
PageTables:        67760 kB
NFS_Unstable:          0 kB
Bounce:                0 kB
WritebackTmp:          0 kB
CommitLimit:     9202288 kB
Committed_AS:   75064324 kB
VmallocTotal:   263061440 kB
VmallocUsed:      106024 kB
VmallocChunk:          0 kB
Percpu:             7648 kB
CmaTotal:         294912 kB
CmaFree:               0 kB
MemTotal:       12113132 kB
MemFree:         6281668 kB
MemAvailable:    7767016 kB
Buffers:            5460 kB
Cached:          1825396 kB
SwapCached:            0 kB
Active:          1581264 kB
Inactive:        1585716 kB
Active(anon):    1342540 kB
Inactive(anon):    25464 kB
Active(file):     238724 kB
Inactive(file):  1560252 kB
Unevictable:        5532 kB
Mlocked:            5532 kB
SwapTotal:       3145724 kB
SwapFree:        3145724 kB
Dirty:               340 kB
Writeback:             0 kB
AnonPages:       1341564 kB
Mapped:           888148 kB
Shmem:             27400 kB
KReclaimable:     555076 kB
Slab:             224988 kB
SReclaimable:      76112 kB
SUnreclaim:       148876 kB
KernelStack:       48864 kB
PageTables:        67888 kB
NFS_Unstable:          0 kB
Bounce:                0 kB
WritebackTmp:          0 kB
CommitLimit:     9202288 kB
Committed_AS:   75059168 kB
VmallocTotal:   263061440 kB
VmallocUsed:      105992 kB
VmallocChunk:          0 kB
Percpu:             7648 kB
CmaTotal:         294912 kB
CmaFree:               0 kB
MemTotal:       12113132 kB
MemFree:         6280224 kB
MemAvailable:    7765592 kB
Buffers:            5460 kB
Cached:          1825416 kB
SwapCached:            0 kB
Active:          1581588 kB
Inactive:        1585736 kB
Active(anon):    1342864 kB
Inactive(anon):    25464 kB
Active(file):     238724 kB
Inactive(file):  1560272 kB
Unevictable:        5532 kB
Mlocked:            5532 kB
SwapTotal:       3145724 kB
SwapFree:        3145724 kB
Dirty:               368 kB
Writeback:             0 kB
AnonPages:       1341972 kB
Mapped:           888040 kB
Shmem:             27400 kB
KReclaimable:     555076 kB
Slab:             224988 kB
SReclaimable:      76112 kB
SUnreclaim:       148876 kB
KernelStack:       48832 kB
PageTables:        67776 kB
NFS_Unstable:          0 kB
Bounce:                0 kB
WritebackTmp:          0 kB
CommitLimit:     9202288 kB
Committed_AS:   75071200 kB
VmallocTotal:   263061440 kB
VmallocUsed:      106040 kB
VmallocChunk:          0 kB
Percpu:             7648 kB
CmaTotal:         294912 kB
CmaFree:               0 kB
MemTotal:       12113132 kB
MemFree:         6279912 kB
MemAvailable:    7765284 kB
Buffers:            5460 kB
Cached:          1825420 kB
SwapCached:            0 kB
Active:          1582364 kB
Inactive:        1585736 kB
Active(anon):    1343636 kB
Inactive(anon):    25464 kB
Active(file):     238728 kB
Inactive(file):  1560272 kB
Unevictable:        5532 kB
Mlocked:            5532 kB
SwapTotal:       3145724 kB
SwapFree:        3145724 kB
Dirty:               292 kB
Writeback:             0 kB
AnonPages:       1342636 kB
Mapped:           888040 kB
Shmem:             27400 kB
KReclaimable:     555076 kB
Slab:             224988 kB
SReclaimable:      76112 kB
SUnreclaim:       148876 kB
KernelStack:       48848 kB
PageTables:        67816 kB
NFS_Unstable:          0 kB
Bounce:                0 kB
WritebackTmp:          0 kB
CommitLimit:     9202288 kB
Committed_AS:   75066352 kB
VmallocTotal:   263061440 kB
VmallocUsed:      106008 kB
VmallocChunk:          0 kB
Percpu:             7648 kB
CmaTotal:         294912 kB
CmaFree:               0 kB
MemTotal:       12113132 kB
MemFree:         6279148 kB
MemAvailable:    7764532 kB
Buffers:            5460 kB
Cached:          1825432 kB
SwapCached:            0 kB
Active:          1582940 kB
Inactive:        1585748 kB
Active(anon):    1344212 kB
Inactive(anon):    25464 kB
Active(file):     238728 kB
Inactive(file):  1560284 kB
Unevictable:        5532 kB
Mlocked:            5532 kB
SwapTotal:       3145724 kB
SwapFree:        3145724 kB
Dirty:               320 kB
Writeback:             0 kB
AnonPages:       1343440 kB
Mapped:           888040 kB
Shmem:             27400 kB
KReclaimable:     555076 kB
Slab:             224992 kB
SReclaimable:      76112 kB
SUnreclaim:       148880 kB
KernelStack:       48816 kB
PageTables:        67760 kB
NFS_Unstable:          0 kB
Bounce:                0 kB
WritebackTmp:          0 kB
CommitLimit:     9202288 kB
Committed_AS:   75065660 kB
VmallocTotal:   263061440 kB
VmallocUsed:      106056 kB
VmallocChunk:          0 kB
Percpu:             7648 kB
CmaTotal:         294912 kB
CmaFree:               0 kB
MemTotal:       12113132 kB
MemFree:         6278908 kB
MemAvailable:    7764308 kB
Buffers:            5460 kB
Cached:          1825448 kB
SwapCached:            0 kB
Active:          1583008 kB
Inactive:        1585764 kB
Active(anon):    1344280 kB
Inactive(anon):    25464 kB
Active(file):     238728 kB
Inactive(file):  1560300 kB
Unevictable:        5532 kB
Mlocked:            5532 kB
SwapTotal:       3145724 kB
SwapFree:        3145724 kB
Dirty:               388 kB
Writeback:             0 kB
AnonPages:       1343312 kB
Mapped:           888068 kB
Shmem:             27400 kB
KReclaimable:     555076 kB
Slab:             224984 kB
SReclaimable:      76112 kB
SUnreclaim:       148872 kB
KernelStack:       48864 kB
PageTables:        67844 kB
NFS_Unstable:          0 kB
Bounce:                0 kB
WritebackTmp:          0 kB
CommitLimit:     9202288 kB
Committed_AS:   75064820 kB
VmallocTotal:   263061440 kB
VmallocUsed:      106024 kB
VmallocChunk:          0 kB
Percpu:             7648 kB
CmaTotal:         294912 kB
CmaFree:               0 kB
MemTotal:       12113132 kB
MemFree:         6280884 kB
MemAvailable:    7766292 kB
Buffers:            5460 kB
Cached:          1825456 kB
SwapCached:            0 kB
Active:          1582912 kB
Inactive:        1585776 kB
Active(anon):    1344188 kB
Inactive(anon):    25464 kB
Active(file):     238724 kB
Inactive(file):  1560312 kB
Unevictable:        5532 kB
Mlocked:            5532 kB
SwapTotal:       3145724 kB
SwapFree:        3145724 kB
Dirty:               436 kB
Writeback:             0 kB
AnonPages:       1343336 kB
Mapped:           888040 kB
Shmem:             27400 kB
KReclaimable:     555076 kB
Slab:             224976 kB
SReclaimable:      76112 kB
SUnreclaim:       148864 kB
KernelStack:       48864 kB
PageTables:        67852 kB
NFS_Unstable:          0 kB
Bounce:                0 kB
WritebackTmp:          0 kB
CommitLimit:     9202288 kB
Committed_AS:   75061652 kB
VmallocTotal:   263061440 kB
VmallocUsed:      106024 kB
VmallocChunk:          0 kB
Percpu:             7648 kB
CmaTotal:         294912 kB
CmaFree:               0 kB
MemTotal:       12113132 kB
MemFree:         6334716 kB
MemAvailable:    7820136 kB
Buffers:            5460 kB
Cached:          1825468 kB
SwapCached:            0 kB
Active:          1524508 kB
Inactive:        1585784 kB
Active(anon):    1285780 kB
Inactive(anon):    25464 kB
Active(file):     238728 kB
Inactive(file):  1560320 kB
Unevictable:        5532 kB
Mlocked:            5532 kB
SwapTotal:       3145724 kB
SwapFree:        3145724 kB
Dirty:               452 kB
Writeback:             0 kB
AnonPages:       1284876 kB
Mapped:           874656 kB
Shmem:             27400 kB
KReclaimable:     555076 kB
Slab:             224980 kB
SReclaimable:      76112 kB
SUnreclaim:       148868 kB
KernelStack:       48880 kB
PageTables:        67904 kB
NFS_Unstable:          0 kB
Bounce:                0 kB
WritebackTmp:          0 kB
CommitLimit:     9202288 kB
Committed_AS:   75055372 kB
VmallocTotal:   263061440 kB
VmallocUsed:      106040 kB
VmallocChunk:          0 kB
Percpu:             7648 kB
CmaTotal:         294912 kB
CmaFree:             252 kB
MemTotal:       12113132 kB
MemFree:         6335700 kB
MemAvailable:    7821140 kB
Buffers:            5460 kB
Cached:          1825488 kB
SwapCached:            0 kB
Active:          1525004 kB
Inactive:        1585804 kB
Active(anon):    1286276 kB
Inactive(anon):    25464 kB
Active(file):     238728 kB
Inactive(file):  1560340 kB
Unevictable:        5532 kB
Mlocked:            5532 kB
SwapTotal:       3145724 kB
SwapFree:        3145724 kB
Dirty:               284 kB
Writeback:             0 kB
AnonPages:       1285524 kB
Mapped:           874660 kB
Shmem:             27400 kB
KReclaimable:     555076 kB
Slab:             224980 kB
SReclaimable:      76112 kB
SUnreclaim:       148868 kB
KernelStack:       48816 kB
PageTables:        67712 kB
NFS_Unstable:          0 kB
Bounce:                0 kB
WritebackTmp:          0 kB
CommitLimit:     9202288 kB
Committed_AS:   75058140 kB
VmallocTotal:   263061440 kB
VmallocUsed:      106024 kB
VmallocChunk:          0 kB
Percpu:             7648 kB
CmaTotal:         294912 kB
CmaFree:             128 kB
MemTotal:       12113132 kB
MemFree:         6337116 kB
MemAvailable:    7822572 kB
Buffers:            5460 kB
Cached:          1825504 kB
SwapCached:            0 kB
Active:          1525452 kB
Inactive:        1585820 kB
Active(anon):    1286724 kB
Inactive(anon):    25464 kB
Active(file):     238728 kB
Inactive(file):  1560356 kB
Unevictable:        5532 kB
Mlocked:            5532 kB
SwapTotal:       3145724 kB
SwapFree:        3145724 kB
Dirty:               356 kB
Writeback:             0 kB
AnonPages:       1285928 kB
Mapped:           874656 kB
Shmem:             27400 kB
KReclaimable:     555076 kB
Slab:             224980 kB
SReclaimable:      76112 kB
SUnreclaim:       148868 kB
KernelStack:       48864 kB
PageTables:        67800 kB
NFS_Unstable:          0 kB
Bounce:                0 kB
WritebackTmp:          0 kB
CommitLimit:     9202288 kB
Committed_AS:   75048524 kB
VmallocTotal:   263061440 kB
VmallocUsed:      105992 kB
VmallocChunk:          0 kB
Percpu:             7648 kB
CmaTotal:         294912 kB
CmaFree:               0 kB
MemTotal:       12113132 kB
MemFree:         6335916 kB
MemAvailable:    7821384 kB
Buffers:            5460 kB
Cached:          1825516 kB
SwapCached:            0 kB
Active:          1526032 kB
Inactive:        1585832 kB
Active(anon):    1287304 kB
Inactive(anon):    25464 kB
Active(file):     238728 kB
Inactive(file):  1560368 kB
Unevictable:        5532 kB
Mlocked:            5532 kB
SwapTotal:       3145724 kB
SwapFree:        3145724 kB
Dirty:               372 kB
Writeback:             0 kB
AnonPages:       1286468 kB
Mapped:           874660 kB
Shmem:             27400 kB
KReclaimable:     555076 kB
Slab:             224992 kB
SReclaimable:      76112 kB
SUnreclaim:       148880 kB
KernelStack:       48864 kB
PageTables:        67816 kB
NFS_Unstable:          0 kB
Bounce:                0 kB
WritebackTmp:          0 kB
CommitLimit:     9202288 kB
Committed_AS:   75055408 kB
VmallocTotal:   263061440 kB
VmallocUsed:      106056 kB
VmallocChunk:          0 kB
Percpu:             7648 kB
CmaTotal:         294912 kB
CmaFree:               0 kB
MemTotal:       12113132 kB
MemFree:         6335672 kB
MemAvailable:    7821152 kB
Buffers:            5460 kB
Cached:          1825528 kB
SwapCached:            0 kB
Active:          1526580 kB
Inactive:        1585844 kB
Active(anon):    1287852 kB
Inactive(anon):    25464 kB
Active(file):     238728 kB
Inactive(file):  1560380 kB
Unevictable:        5532 kB
Mlocked:            5532 kB
SwapTotal:       3145724 kB
SwapFree:        3145724 kB
Dirty:               388 kB
Writeback:             0 kB
AnonPages:       1286956 kB
Mapped:           874660 kB
Shmem:             27400 kB
KReclaimable:     555076 kB
Slab:             224984 kB
SReclaimable:      76112 kB
SUnreclaim:       148872 kB
KernelStack:       48880 kB
PageTables:        67812 kB
NFS_Unstable:          0 kB
Bounce:                0 kB
WritebackTmp:          0 kB
CommitLimit:     9202288 kB
Committed_AS:   75052120 kB
VmallocTotal:   263061440 kB
VmallocUsed:      106024 kB
VmallocChunk:          0 kB
Percpu:             7648 kB
CmaTotal:         294912 kB
CmaFree:               0 kB
MemTotal:       12113132 kB
MemFree:         6334760 kB
MemAvailable:    7820272 kB
Buffers:            5464 kB
Cached:          1825556 kB
SwapCached:            0 kB
Active:          1527156 kB
Inactive:        1585872 kB
Active(anon):    1288424 kB
Inactive(anon):    25464 kB
Active(file):     238732 kB
Inactive(file):  1560408 kB
Unevictable:        5532 kB
Mlocked:            5532 kB
SwapTotal:       3145724 kB
SwapFree:        3145724 kB
Dirty:               404 kB
Writeback:             0 kB
AnonPages:       1287660 kB
Mapped:           874656 kB
Shmem:             27400 kB
KReclaimable:     555076 kB
Slab:             224968 kB
SReclaimable:      76112 kB
SUnreclaim:       148856 kB
KernelStack:       48816 kB
PageTables:        67704 kB
NFS_Unstable:          0 kB
Bounce:                0 kB
WritebackTmp:          0 kB
CommitLimit:     9202288 kB
Committed_AS:   75059476 kB
VmallocTotal:   263061440 kB
VmallocUsed:      106056 kB
VmallocChunk:          0 kB
Percpu:             7648 kB
CmaTotal:         294912 kB
CmaFree:             240 kB
MemTotal:       12113132 kB
MemFree:         6334676 kB
MemAvailable:    7820200 kB
Buffers:            5464 kB
Cached:          1825568 kB
SwapCached:            0 kB
Active:          1528088 kB
Inactive:        1585884 kB
Active(anon):    1289356 kB
Inactive(anon):    25464 kB
Active(file):     238732 kB
Inactive(file):  1560420 kB
Unevictable:        5532 kB
Mlocked:            5532 kB
SwapTotal:       3145724 kB
SwapFree:        3145724 kB
Dirty:               216 kB
Writeback:             0 kB
AnonPages:       1288412 kB
Mapped:           874664 kB
Shmem:             27400 kB
KReclaimable:     555076 kB
Slab:             224996 kB
SReclaimable:      76112 kB
SUnreclaim:       148884 kB
KernelStack:       48864 kB
PageTables:        67772 kB
NFS_Unstable:          0 kB
Bounce:                0 kB
WritebackTmp:          0 kB
CommitLimit:     9202288 kB
Committed_AS:   75057420 kB
VmallocTotal:   263061440 kB
VmallocUsed:      106056 kB
VmallocChunk:          0 kB
Percpu:             7648 kB
CmaTotal:         294912 kB
CmaFree:               0 kB
MemTotal:       12113132 kB
MemFree:         6334216 kB
MemAvailable:    7819748 kB
Buffers:            5464 kB
Cached:          1825576 kB
SwapCached:            0 kB
Active:          1528136 kB
Inactive:        1585892 kB
Active(anon):    1289404 kB
Inactive(anon):    25464 kB
Active(file):     238732 kB
Inactive(file):  1560428 kB
Unevictable:        5532 kB
Mlocked:            5532 kB
SwapTotal:       3145724 kB
SwapFree:        3145724 kB
Dirty:               284 kB
Writeback:             0 kB
AnonPages:       1288572 kB
Mapped:           874668 kB
Shmem:             27400 kB
KReclaimable:     555076 kB
Slab:             224996 kB
SReclaimable:      76112 kB
SUnreclaim:       148884 kB
KernelStack:       48832 kB
PageTables:        67764 kB
NFS_Unstable:          0 kB
Bounce:                0 kB
WritebackTmp:          0 kB
CommitLimit:     9202288 kB
Committed_AS:   75047492 kB
VmallocTotal:   263061440 kB
VmallocUsed:      106040 kB
VmallocChunk:          0 kB
Percpu:             7648 kB
CmaTotal:         294912 kB
CmaFree:               0 kB
MemTotal:       12113132 kB
MemFree:         6332896 kB
MemAvailable:    7818440 kB
Buffers:            5464 kB
Cached:          1825588 kB
SwapCached:            0 kB
Active:          1529340 kB
Inactive:        1585904 kB
Active(anon):    1290608 kB
Inactive(anon):    25464 kB
Active(file):     238732 kB
Inactive(file):  1560440 kB
Unevictable:        5532 kB
Mlocked:            5532 kB
SwapTotal:       3145724 kB
SwapFree:        3145724 kB
Dirty:               324 kB
Writeback:             0 kB
AnonPages:       1289772 kB
Mapped:           874660 kB
Shmem:             27400 kB
KReclaimable:     555076 kB
Slab:             224996 kB
SReclaimable:      76112 kB
SUnreclaim:       148884 kB
KernelStack:       48816 kB
PageTables:        67708 kB
NFS_Unstable:          0 kB
Bounce:                0 kB
WritebackTmp:          0 kB
CommitLimit:     9202288 kB
Committed_AS:   75057904 kB
VmallocTotal:   263061440 kB
VmallocUsed:      106056 kB
VmallocChunk:          0 kB
Percpu:             7648 kB
CmaTotal:         294912 kB
CmaFree:               0 kB
MemTotal:       12113132 kB
MemFree:         6331948 kB
MemAvailable:    7817504 kB
Buffers:            5464 kB
Cached:          1825600 kB
SwapCached:            0 kB
Active:          1529936 kB
Inactive:        1585916 kB
Active(anon):    1291204 kB
Inactive(anon):    25464 kB
Active(file):     238732 kB
Inactive(file):  1560452 kB
Unevictable:        5532 kB
Mlocked:            5532 kB
SwapTotal:       3145724 kB
SwapFree:        3145724 kB
Dirty:               340 kB
Writeback:             0 kB
AnonPages:       1290360 kB
Mapped:           874660 kB
Shmem:             27400 kB
KReclaimable:     555076 kB
Slab:             225008 kB
SReclaimable:      76112 kB
SUnreclaim:       148896 kB
KernelStack:       48832 kB
PageTables:        67728 kB
NFS_Unstable:          0 kB
Bounce:                0 kB
WritebackTmp:          0 kB
CommitLimit:     9202288 kB
Committed_AS:   75057932 kB
VmallocTotal:   263061440 kB
VmallocUsed:      106056 kB
VmallocChunk:          0 kB
Percpu:             7648 kB
CmaTotal:         294912 kB
CmaFree:               0 kB
MemTotal:       12113132 kB
MemFree:         6332272 kB
MemAvailable:    7817840 kB
Buffers:            5464 kB
Cached:          1825612 kB
SwapCached:            0 kB
Active:          1529044 kB
Inactive:        1585932 kB
Active(anon):    1290316 kB
Inactive(anon):    25464 kB
Active(file):     238728 kB
Inactive(file):  1560468 kB
Unevictable:        5532 kB
Mlocked:            5532 kB
SwapTotal:       3145724 kB
SwapFree:        3145724 kB
Dirty:               352 kB
Writeback:             0 kB
AnonPages:       1289448 kB
Mapped:           874836 kB
Shmem:             27400 kB
KReclaimable:     555076 kB
Slab:             225000 kB
SReclaimable:      76112 kB
SUnreclaim:       148888 kB
KernelStack:       48864 kB
PageTables:        67764 kB
NFS_Unstable:          0 kB
Bounce:                0 kB
WritebackTmp:          0 kB
CommitLimit:     9202288 kB
Committed_AS:   75046724 kB
VmallocTotal:   263061440 kB
VmallocUsed:      106024 kB
VmallocChunk:          0 kB
Percpu:             7648 kB
CmaTotal:         294912 kB
CmaFree:               0 kB
MemTotal:       12113132 kB
MemFree:         6331560 kB
MemAvailable:    7817136 kB
Buffers:            5464 kB
Cached:          1825620 kB
SwapCached:            0 kB
Active:          1530176 kB
Inactive:        1585936 kB
Active(anon):    1291444 kB
Inactive(anon):    25464 kB
Active(file):     238732 kB
Inactive(file):  1560472 kB
Unevictable:        5532 kB
Mlocked:            5532 kB
SwapTotal:       3145724 kB
SwapFree:        3145724 kB
Dirty:               236 kB
Writeback:             0 kB
AnonPages:       1290584 kB
Mapped:           874656 kB
Shmem:             27400 kB
KReclaimable:     555076 kB
Slab:             225000 kB
SReclaimable:      76112 kB
SUnreclaim:       148888 kB
KernelStack:       48816 kB
PageTables:        67708 kB
NFS_Unstable:          0 kB
Bounce:                0 kB
WritebackTmp:          0 kB
CommitLimit:     9202288 kB
Committed_AS:   75054596 kB
VmallocTotal:   263061440 kB
VmallocUsed:      106040 kB
VmallocChunk:          0 kB
Percpu:             7648 kB
CmaTotal:         294912 kB
CmaFree:               0 kB
MemTotal:       12113132 kB
MemFree:         6332252 kB
MemAvailable:    7817840 kB
Buffers:            5464 kB
Cached:          1825632 kB
SwapCached:            0 kB
Active:          1530772 kB
Inactive:        1585948 kB
Active(anon):    1292040 kB
Inactive(anon):    25464 kB
Active(file):     238732 kB
Inactive(file):  1560484 kB
Unevictable:        5532 kB
Mlocked:            5532 kB
SwapTotal:       3145724 kB
SwapFree:        3145724 kB
Dirty:               272 kB
Writeback:             0 kB
AnonPages:       1291200 kB
Mapped:           874660 kB
Shmem:             27400 kB
KReclaimable:     555076 kB
Slab:             225008 kB
SReclaimable:      76112 kB
SUnreclaim:       148896 kB
KernelStack:       48864 kB
PageTables:        67816 kB
NFS_Unstable:          0 kB
Bounce:                0 kB
WritebackTmp:          0 kB
CommitLimit:     9202288 kB
Committed_AS:   75055972 kB
VmallocTotal:   263061440 kB
VmallocUsed:      106040 kB
VmallocChunk:          0 kB
Percpu:             7648 kB
CmaTotal:         294912 kB
CmaFree:               0 kB
MemTotal:       12113132 kB
MemFree:         6331848 kB
MemAvailable:    7817452 kB
Buffers:            5464 kB
Cached:          1825652 kB
SwapCached:            0 kB
Active:          1531488 kB
Inactive:        1585968 kB
Active(anon):    1292756 kB
Inactive(anon):    25468 kB
Active(file):     238732 kB
Inactive(file):  1560500 kB
Unevictable:        5532 kB
Mlocked:            5532 kB
SwapTotal:       3145724 kB
SwapFree:        3145724 kB
Dirty:               296 kB
Writeback:             0 kB
AnonPages:       1291772 kB
Mapped:           874664 kB
Shmem:             27404 kB
KReclaimable:     555076 kB
Slab:             225016 kB
SReclaimable:      76112 kB
SUnreclaim:       148904 kB
KernelStack:       48832 kB
PageTables:        67832 kB
NFS_Unstable:          0 kB
Bounce:                0 kB
WritebackTmp:          0 kB
CommitLimit:     9202288 kB
Committed_AS:   75045632 kB
VmallocTotal:   263061440 kB
VmallocUsed:      106008 kB
VmallocChunk:          0 kB
Percpu:             7648 kB
CmaTotal:         294912 kB
CmaFree:               0 kB
MemTotal:       12113132 kB
MemFree:         6329760 kB
MemAvailable:    7815380 kB
Buffers:            5464 kB
Cached:          1825672 kB
SwapCached:            0 kB
Active:          1532068 kB
Inactive:        1585988 kB
Active(anon):    1293336 kB
Inactive(anon):    25472 kB
Active(file):     238732 kB
Inactive(file):  1560516 kB
Unevictable:        5532 kB
Mlocked:            5532 kB
SwapTotal:       3145724 kB
SwapFree:        3145724 kB
Dirty:               352 kB
Writeback:             0 kB
AnonPages:       1292480 kB
Mapped:           874668 kB
Shmem:             27408 kB
KReclaimable:     555076 kB
Slab:             225004 kB
SReclaimable:      76112 kB
SUnreclaim:       148892 kB
KernelStack:       48864 kB
PageTables:        67816 kB
NFS_Unstable:          0 kB
Bounce:                0 kB
WritebackTmp:          0 kB
CommitLimit:     9202288 kB
Committed_AS:   75043616 kB
VmallocTotal:   263061440 kB
VmallocUsed:      106024 kB
VmallocChunk:          0 kB
Percpu:             7648 kB
CmaTotal:         294912 kB
CmaFree:               0 kB
MemTotal:       12113132 kB
MemFree:         6329332 kB
MemAvailable:    7814968 kB
Buffers:            5464 kB
Cached:          1825688 kB
SwapCached:            0 kB
Active:          1532512 kB
Inactive:        1586004 kB
Active(anon):    1293780 kB
Inactive(anon):    25472 kB
Active(file):     238732 kB
Inactive(file):  1560532 kB
Unevictable:        5532 kB
Mlocked:            5532 kB
SwapTotal:       3145724 kB
SwapFree:        3145724 kB
Dirty:               372 kB
Writeback:             0 kB
AnonPages:       1292920 kB
Mapped:           874656 kB
Shmem:             27408 kB
KReclaimable:     555076 kB
Slab:             225012 kB
SReclaimable:      76112 kB
SUnreclaim:       148900 kB
KernelStack:       48832 kB
PageTables:        67792 kB
NFS_Unstable:          0 kB
Bounce:                0 kB
WritebackTmp:          0 kB
CommitLimit:     9202288 kB
Committed_AS:   75043280 kB
VmallocTotal:   263061440 kB
VmallocUsed:      106024 kB
VmallocChunk:          0 kB
Percpu:             7648 kB
CmaTotal:         294912 kB
CmaFree:               8 kB
MemTotal:       12113132 kB
MemFree:         6330412 kB
MemAvailable:    7816056 kB
Buffers:            5464 kB
Cached:          1825696 kB
SwapCached:            0 kB
Active:          1532440 kB
Inactive:        1586012 kB
Active(anon):    1293708 kB
Inactive(anon):    25472 kB
Active(file):     238732 kB
Inactive(file):  1560540 kB
Unevictable:        5532 kB
Mlocked:            5532 kB
SwapTotal:       3145724 kB
SwapFree:        3145724 kB
Dirty:               228 kB
Writeback:             0 kB
AnonPages:       1292752 kB
Mapped:           874780 kB
Shmem:             27408 kB
KReclaimable:     555076 kB
Slab:             225008 kB
SReclaimable:      76112 kB
SUnreclaim:       148896 kB
KernelStack:       48864 kB
PageTables:        67784 kB
NFS_Unstable:          0 kB
Bounce:                0 kB
WritebackTmp:          0 kB
CommitLimit:     9202288 kB
Committed_AS:   75046488 kB
VmallocTotal:   263061440 kB
VmallocUsed:      106056 kB
VmallocChunk:          0 kB
Percpu:             7648 kB
CmaTotal:         294912 kB
CmaFree:               0 kB
MemTotal:       12113132 kB
MemFree:         6304096 kB
MemAvailable:    7789752 kB
Buffers:            5464 kB
Cached:          1825460 kB
SwapCached:            0 kB
Active:          1560204 kB
Inactive:        1585784 kB
Active(anon):    1321472 kB
Inactive(anon):    25232 kB
Active(file):     238732 kB
Inactive(file):  1560552 kB
Unevictable:        5532 kB
Mlocked:            5532 kB
SwapTotal:       3145724 kB
SwapFree:        3145724 kB
Dirty:               292 kB
Writeback:             0 kB
AnonPages:       1320376 kB
Mapped:           874680 kB
Shmem:             27160 kB
KReclaimable:     555076 kB
Slab:             225024 kB
SReclaimable:      76112 kB
SUnreclaim:       148912 kB
KernelStack:       48736 kB
PageTables:        67692 kB
NFS_Unstable:          0 kB
Bounce:                0 kB
WritebackTmp:          0 kB
CommitLimit:     9202288 kB
Committed_AS:   75062408 kB
VmallocTotal:   263061440 kB
VmallocUsed:      106008 kB
VmallocChunk:          0 kB
Percpu:             7648 kB
CmaTotal:         294912 kB
CmaFree:               0 kB
MemTotal:       12113132 kB
MemFree:         6302232 kB
MemAvailable:    7787900 kB
Buffers:            5464 kB
Cached:          1825728 kB
SwapCached:            0 kB
Active:          1560688 kB
Inactive:        1586044 kB
Active(anon):    1321956 kB
Inactive(anon):    25480 kB
Active(file):     238732 kB
Inactive(file):  1560564 kB
Unevictable:        5532 kB
Mlocked:            5532 kB
SwapTotal:       3145724 kB
SwapFree:        3145724 kB
Dirty:               348 kB
Writeback:             0 kB
AnonPages:       1321024 kB
Mapped:           874820 kB
Shmem:             27416 kB
KReclaimable:     555076 kB
Slab:             225032 kB
SReclaimable:      76112 kB
SUnreclaim:       148920 kB
KernelStack:       48796 kB
PageTables:        67800 kB
NFS_Unstable:          0 kB
Bounce:                0 kB
WritebackTmp:          0 kB
CommitLimit:     9202288 kB
Committed_AS:   75053648 kB
VmallocTotal:   263061440 kB
VmallocUsed:      105928 kB
VmallocChunk:          0 kB
Percpu:             7648 kB
CmaTotal:         294912 kB
CmaFree:               0 kB
MemTotal:       12113132 kB
MemFree:         6292104 kB
MemAvailable:    7777780 kB
Buffers:            5464 kB
Cached:          1825736 kB
SwapCached:            0 kB
Active:          1572436 kB
Inactive:        1586052 kB
Active(anon):    1333704 kB
Inactive(anon):    25480 kB
Active(file):     238732 kB
Inactive(file):  1560572 kB
Unevictable:        5532 kB
Mlocked:            5532 kB
SwapTotal:       3145724 kB
SwapFree:        3145724 kB
Dirty:               372 kB
Writeback:             0 kB
AnonPages:       1332912 kB
Mapped:           874676 kB
Shmem:             27416 kB
KReclaimable:     555076 kB
Slab:             225032 kB
SReclaimable:      76112 kB
SUnreclaim:       148920 kB
KernelStack:       48784 kB
PageTables:        67708 kB
NFS_Unstable:          0 kB
Bounce:                0 kB
WritebackTmp:          0 kB
CommitLimit:     9202288 kB
Committed_AS:   75058692 kB
VmallocTotal:   263061440 kB
VmallocUsed:      105976 kB
VmallocChunk:          0 kB
Percpu:             7648 kB
CmaTotal:         294912 kB
CmaFree:               0 kB
MemTotal:       12113132 kB
MemFree:         6296040 kB
MemAvailable:    7781760 kB
Buffers:            5468 kB
Cached:          1825772 kB
SwapCached:            0 kB
Active:          1567492 kB
Inactive:        1586088 kB
Active(anon):    1328756 kB
Inactive(anon):    25480 kB
Active(file):     238736 kB
Inactive(file):  1560608 kB
Unevictable:        5532 kB
Mlocked:            5532 kB
SwapTotal:       3145724 kB
SwapFree:        3145724 kB
Dirty:               420 kB
Writeback:             0 kB
AnonPages:       1328092 kB
Mapped:           874676 kB
Shmem:             27416 kB
KReclaimable:     555080 kB
Slab:             225036 kB
SReclaimable:      76116 kB
SUnreclaim:       148920 kB
KernelStack:       48832 kB
PageTables:        67824 kB
NFS_Unstable:          0 kB
Bounce:                0 kB
WritebackTmp:          0 kB
CommitLimit:     9202288 kB
Committed_AS:   75059200 kB
VmallocTotal:   263061440 kB
VmallocUsed:      105992 kB
VmallocChunk:          0 kB
Percpu:             7648 kB
CmaTotal:         294912 kB
CmaFree:               0 kB
MemTotal:       12113132 kB
MemFree:         6294436 kB
MemAvailable:    7780160 kB
Buffers:            5468 kB
Cached:          1825776 kB
SwapCached:            0 kB
Active:          1567584 kB
Inactive:        1586092 kB
Active(anon):    1328848 kB
Inactive(anon):    25480 kB
Active(file):     238736 kB
Inactive(file):  1560612 kB
Unevictable:        5532 kB
Mlocked:            5532 kB
SwapTotal:       3145724 kB
SwapFree:        3145724 kB
Dirty:               260 kB
Writeback:             0 kB
AnonPages:       1328028 kB
Mapped:           874676 kB
Shmem:             27416 kB
KReclaimable:     555080 kB
Slab:             225032 kB
SReclaimable:      76116 kB
SUnreclaim:       148916 kB
KernelStack:       48720 kB
PageTables:        67704 kB
NFS_Unstable:          0 kB
Bounce:                0 kB
WritebackTmp:          0 kB
CommitLimit:     9202288 kB
Committed_AS:   75057176 kB
VmallocTotal:   263061440 kB
VmallocUsed:      105976 kB
VmallocChunk:          0 kB
Percpu:             7648 kB
CmaTotal:         294912 kB
CmaFree:               4 kB
MemTotal:       12113132 kB
MemFree:         6294020 kB
MemAvailable:    7779760 kB
Buffers:            5468 kB
Cached:          1825792 kB
SwapCached:            0 kB
Active:          1568592 kB
Inactive:        1586108 kB
Active(anon):    1329856 kB
Inactive(anon):    25480 kB
Active(file):     238736 kB
Inactive(file):  1560628 kB
Unevictable:        5532 kB
Mlocked:            5532 kB
SwapTotal:       3145724 kB
SwapFree:        3145724 kB
Dirty:               304 kB
Writeback:             0 kB
AnonPages:       1328908 kB
Mapped:           874680 kB
Shmem:             27416 kB
KReclaimable:     555080 kB
Slab:             225040 kB
SReclaimable:      76116 kB
SUnreclaim:       148924 kB
KernelStack:       48832 kB
PageTables:        67804 kB
NFS_Unstable:          0 kB
Bounce:                0 kB
WritebackTmp:          0 kB
CommitLimit:     9202288 kB
Committed_AS:   75057848 kB
VmallocTotal:   263061440 kB
VmallocUsed:      105992 kB
VmallocChunk:          0 kB
Percpu:             7648 kB
CmaTotal:         294912 kB
CmaFree:               0 kB
MemTotal:       12113132 kB
MemFree:         6293620 kB
MemAvailable:    7779376 kB
Buffers:            5468 kB
Cached:          1825808 kB
SwapCached:            0 kB
Active:          1568552 kB
Inactive:        1586124 kB
Active(anon):    1329816 kB
Inactive(anon):    25480 kB
Active(file):     238736 kB
Inactive(file):  1560644 kB
Unevictable:        5532 kB
Mlocked:            5532 kB
SwapTotal:       3145724 kB
SwapFree:        3145724 kB
Dirty:               352 kB
Writeback:             0 kB
AnonPages:       1328956 kB
Mapped:           874672 kB
Shmem:             27416 kB
KReclaimable:     555080 kB
Slab:             225040 kB
SReclaimable:      76116 kB
SUnreclaim:       148924 kB
KernelStack:       48784 kB
PageTables:        67708 kB
NFS_Unstable:          0 kB
Bounce:                0 kB
WritebackTmp:          0 kB
CommitLimit:     9202288 kB
Committed_AS:   75061976 kB
VmallocTotal:   263061440 kB
VmallocUsed:      105992 kB
VmallocChunk:          0 kB
Percpu:             7648 kB
CmaTotal:         294912 kB
CmaFree:               0 kB
MemTotal:       12113132 kB
MemFree:         6292932 kB
MemAvailable:    7778696 kB
Buffers:            5468 kB
Cached:          1825816 kB
SwapCached:            0 kB
Active:          1569224 kB
Inactive:        1586132 kB
Active(anon):    1330488 kB
Inactive(anon):    25480 kB
Active(file):     238736 kB
Inactive(file):  1560652 kB
Unevictable:        5532 kB
Mlocked:            5532 kB
SwapTotal:       3145724 kB
SwapFree:        3145724 kB
Dirty:               364 kB
Writeback:             0 kB
AnonPages:       1329508 kB
Mapped:           874792 kB
Shmem:             27416 kB
KReclaimable:     555080 kB
Slab:             225044 kB
SReclaimable:      76116 kB
SUnreclaim:       148928 kB
KernelStack:       48848 kB
PageTables:        67772 kB
NFS_Unstable:          0 kB
Bounce:                0 kB
WritebackTmp:          0 kB
CommitLimit:     9202288 kB
Committed_AS:   75053640 kB
VmallocTotal:   263061440 kB
VmallocUsed:      105960 kB
VmallocChunk:          0 kB
Percpu:             7648 kB
CmaTotal:         294912 kB
CmaFree:               0 kB
MemTotal:       12113132 kB
MemFree:         6292356 kB
MemAvailable:    7778136 kB
Buffers:            5468 kB
Cached:          1825832 kB
SwapCached:            0 kB
Active:          1570840 kB
Inactive:        1586148 kB
Active(anon):    1332104 kB
Inactive(anon):    25480 kB
Active(file):     238736 kB
Inactive(file):  1560668 kB
Unevictable:        5532 kB
Mlocked:            5532 kB
SwapTotal:       3145724 kB
SwapFree:        3145724 kB
Dirty:               380 kB
Writeback:             0 kB
AnonPages:       1331276 kB
Mapped:           874676 kB
Shmem:             27416 kB
KReclaimable:     555080 kB
Slab:             225048 kB
SReclaimable:      76116 kB
SUnreclaim:       148932 kB
KernelStack:       48784 kB
PageTables:        67708 kB
NFS_Unstable:          0 kB
Bounce:                0 kB
WritebackTmp:          0 kB
CommitLimit:     9202288 kB
Committed_AS:   75058012 kB
VmallocTotal:   263061440 kB
VmallocUsed:      105976 kB
VmallocChunk:          0 kB
Percpu:             7648 kB
CmaTotal:         294912 kB
CmaFree:               0 kB
MemTotal:       12113132 kB
MemFree:         6289596 kB
MemAvailable:    7775384 kB
Buffers:            5468 kB
Cached:          1825840 kB
SwapCached:            0 kB
Active:          1571808 kB
Inactive:        1586156 kB
Active(anon):    1333072 kB
Inactive(anon):    25480 kB
Active(file):     238736 kB
Inactive(file):  1560676 kB
Unevictable:        5532 kB
Mlocked:            5532 kB
SwapTotal:       3145724 kB
SwapFree:        3145724 kB
Dirty:               312 kB
Writeback:             0 kB
AnonPages:       1332040 kB
Mapped:           874740 kB
Shmem:             27416 kB
KReclaimable:     555080 kB
Slab:             225048 kB
SReclaimable:      76116 kB
SUnreclaim:       148932 kB
KernelStack:       48784 kB
PageTables:        67708 kB
NFS_Unstable:          0 kB
Bounce:                0 kB
WritebackTmp:          0 kB
CommitLimit:     9202288 kB
Committed_AS:   75062460 kB
VmallocTotal:   263061440 kB
VmallocUsed:      106008 kB
VmallocChunk:          0 kB
Percpu:             7648 kB
CmaTotal:         294912 kB
CmaFree:               0 kB
MemTotal:       12113132 kB
MemFree:         6289576 kB
MemAvailable:    7775376 kB
Buffers:            5468 kB
Cached:          1825852 kB
SwapCached:            0 kB
Active:          1572228 kB
Inactive:        1586168 kB
Active(anon):    1333492 kB
Inactive(anon):    25480 kB
Active(file):     238736 kB
Inactive(file):  1560688 kB
Unevictable:        5532 kB
Mlocked:            5532 kB
SwapTotal:       3145724 kB
SwapFree:        3145724 kB
Dirty:               372 kB
Writeback:             0 kB
AnonPages:       1332648 kB
Mapped:           874736 kB
Shmem:             27416 kB
KReclaimable:     555080 kB
Slab:             225040 kB
SReclaimable:      76116 kB
SUnreclaim:       148924 kB
KernelStack:       48800 kB
PageTables:        67708 kB
NFS_Unstable:          0 kB
Bounce:                0 kB
WritebackTmp:          0 kB
CommitLimit:     9202288 kB
Committed_AS:   75068084 kB
VmallocTotal:   263061440 kB
VmallocUsed:      106008 kB
VmallocChunk:          0 kB
Percpu:             7648 kB
CmaTotal:         294912 kB
CmaFree:               0 kB
MemTotal:       12113132 kB
MemFree:         6288384 kB
MemAvailable:    7774188 kB
Buffers:            5468 kB
Cached:          1825856 kB
SwapCached:            0 kB
Active:          1572940 kB
Inactive:        1586172 kB
Active(anon):    1334204 kB
Inactive(anon):    25480 kB
Active(file):     238736 kB
Inactive(file):  1560692 kB
Unevictable:        5532 kB
Mlocked:            5532 kB
SwapTotal:       3145724 kB
SwapFree:        3145724 kB
Dirty:               376 kB
Writeback:             0 kB
AnonPages:       1333264 kB
Mapped:           874840 kB
Shmem:             27416 kB
KReclaimable:     555080 kB
Slab:             225052 kB
SReclaimable:      76116 kB
SUnreclaim:       148936 kB
KernelStack:       48832 kB
PageTables:        67800 kB
NFS_Unstable:          0 kB
Bounce:                0 kB
WritebackTmp:          0 kB
CommitLimit:     9202288 kB
Committed_AS:   75067396 kB
VmallocTotal:   263061440 kB
VmallocUsed:      105992 kB
VmallocChunk:          0 kB
Percpu:             7648 kB
CmaTotal:         294912 kB
CmaFree:               0 kB
MemTotal:       12113132 kB
MemFree:         6287620 kB
MemAvailable:    7773444 kB
Buffers:            5468 kB
Cached:          1825876 kB
SwapCached:            0 kB
Active:          1573816 kB
Inactive:        1586192 kB
Active(anon):    1335080 kB
Inactive(anon):    25480 kB
Active(file):     238736 kB
Inactive(file):  1560712 kB
Unevictable:        5532 kB
Mlocked:            5532 kB
SwapTotal:       3145724 kB
SwapFree:        3145724 kB
Dirty:               456 kB
Writeback:             0 kB
AnonPages:       1334240 kB
Mapped:           874736 kB
Shmem:             27416 kB
KReclaimable:     555080 kB
Slab:             225056 kB
SReclaimable:      76116 kB
SUnreclaim:       148940 kB
KernelStack:       48800 kB
PageTables:        67808 kB
NFS_Unstable:          0 kB
Bounce:                0 kB
WritebackTmp:          0 kB
CommitLimit:     9202288 kB
Committed_AS:   75063916 kB
VmallocTotal:   263061440 kB
VmallocUsed:      106008 kB
VmallocChunk:          0 kB
Percpu:             7648 kB
CmaTotal:         294912 kB
CmaFree:               0 kB
MemTotal:       12113132 kB
MemFree:         6286248 kB
MemAvailable:    7772080 kB
Buffers:            5468 kB
Cached:          1825884 kB
SwapCached:            0 kB
Active:          1574056 kB
Inactive:        1586200 kB
Active(anon):    1335320 kB
Inactive(anon):    25480 kB
Active(file):     238736 kB
Inactive(file):  1560720 kB
Unevictable:        5532 kB
Mlocked:            5532 kB
SwapTotal:       3145724 kB
SwapFree:        3145724 kB
Dirty:               468 kB
Writeback:             0 kB
AnonPages:       1334644 kB
Mapped:           874880 kB
Shmem:             27416 kB
KReclaimable:     555080 kB
Slab:             225048 kB
SReclaimable:      76116 kB
SUnreclaim:       148932 kB
KernelStack:       48800 kB
PageTables:        67800 kB
NFS_Unstable:          0 kB
Bounce:                0 kB
WritebackTmp:          0 kB
CommitLimit:     9202288 kB
Committed_AS:   75063492 kB
VmallocTotal:   263061440 kB
VmallocUsed:      106024 kB
VmallocChunk:          0 kB
Percpu:             7648 kB
CmaTotal:         294912 kB
CmaFree:               0 kB
MemTotal:       12113132 kB
MemFree:         6287232 kB
MemAvailable:    7773088 kB
Buffers:            5468 kB
Cached:          1825908 kB
SwapCached:            0 kB
Active:          1574780 kB
Inactive:        1586224 kB
Active(anon):    1336044 kB
Inactive(anon):    25480 kB
Active(file):     238736 kB
Inactive(file):  1560744 kB
Unevictable:        5532 kB
Mlocked:            5532 kB
SwapTotal:       3145724 kB
SwapFree:        3145724 kB
Dirty:               280 kB
Writeback:             0 kB
AnonPages:       1335200 kB
Mapped:           874736 kB
Shmem:             27416 kB
KReclaimable:     555080 kB
Slab:             225056 kB
SReclaimable:      76116 kB
SUnreclaim:       148940 kB
KernelStack:       48768 kB
PageTables:        67716 kB
NFS_Unstable:          0 kB
Bounce:                0 kB
WritebackTmp:          0 kB
CommitLimit:     9202288 kB
Committed_AS:   75060784 kB
VmallocTotal:   263061440 kB
VmallocUsed:      105976 kB
VmallocChunk:          0 kB
Percpu:             7648 kB
CmaTotal:         294912 kB
CmaFree:               0 kB
MemTotal:       12113132 kB
MemFree:         6285544 kB
MemAvailable:    7771408 kB
Buffers:            5468 kB
Cached:          1825920 kB
SwapCached:            0 kB
Active:          1575580 kB
Inactive:        1586236 kB
Active(anon):    1336844 kB
Inactive(anon):    25484 kB
Active(file):     238736 kB
Inactive(file):  1560752 kB
Unevictable:        5532 kB
Mlocked:            5532 kB
SwapTotal:       3145724 kB
SwapFree:        3145724 kB
Dirty:               344 kB
Writeback:             0 kB
AnonPages:       1335936 kB
Mapped:           874740 kB
Shmem:             27420 kB
KReclaimable:     555080 kB
Slab:             225076 kB
SReclaimable:      76116 kB
SUnreclaim:       148960 kB
KernelStack:       48800 kB
PageTables:        67784 kB
NFS_Unstable:          0 kB
Bounce:                0 kB
WritebackTmp:          0 kB
CommitLimit:     9202288 kB
Committed_AS:   75065136 kB
VmallocTotal:   263061440 kB
VmallocUsed:      105992 kB
VmallocChunk:          0 kB
Percpu:             7648 kB
CmaTotal:         294912 kB
CmaFree:               0 kB
MemTotal:       12113132 kB
MemFree:         6297564 kB
MemAvailable:    7783440 kB
Buffers:            5468 kB
Cached:          1825932 kB
SwapCached:            0 kB
Active:          1562684 kB
Inactive:        1586248 kB
Active(anon):    1323948 kB
Inactive(anon):    25484 kB
Active(file):     238736 kB
Inactive(file):  1560764 kB
Unevictable:        5532 kB
Mlocked:            5532 kB
SwapTotal:       3145724 kB
SwapFree:        3145724 kB
Dirty:               360 kB
Writeback:             0 kB
AnonPages:       1323280 kB
Mapped:           874636 kB
Shmem:             27420 kB
KReclaimable:     555080 kB
Slab:             225012 kB
SReclaimable:      76116 kB
SUnreclaim:       148896 kB
KernelStack:       48752 kB
PageTables:        67720 kB
NFS_Unstable:          0 kB
Bounce:                0 kB
WritebackTmp:          0 kB
CommitLimit:     9202288 kB
Committed_AS:   75061560 kB
VmallocTotal:   263061440 kB
VmallocUsed:      106008 kB
VmallocChunk:          0 kB
Percpu:             7648 kB
CmaTotal:         294912 kB
CmaFree:               0 kB
MemTotal:       12113132 kB
MemFree:         6297312 kB
MemAvailable:    7783196 kB
Buffers:            5468 kB
Cached:          1825940 kB
SwapCached:            0 kB
Active:          1563312 kB
Inactive:        1586256 kB
Active(anon):    1324576 kB
Inactive(anon):    25484 kB
Active(file):     238736 kB
Inactive(file):  1560772 kB
Unevictable:        5532 kB
Mlocked:            5532 kB
SwapTotal:       3145724 kB
SwapFree:        3145724 kB
Dirty:               372 kB
Writeback:             0 kB
AnonPages:       1323632 kB
Mapped:           874740 kB
Shmem:             27420 kB
KReclaimable:     555080 kB
Slab:             225056 kB
SReclaimable:      76116 kB
SUnreclaim:       148940 kB
KernelStack:       48768 kB
PageTables:        67776 kB
NFS_Unstable:          0 kB
Bounce:                0 kB
WritebackTmp:          0 kB
CommitLimit:     9202288 kB
Committed_AS:   75062356 kB
VmallocTotal:   263061440 kB
VmallocUsed:      106024 kB
VmallocChunk:          0 kB
Percpu:             7648 kB
CmaTotal:         294912 kB
CmaFree:               0 kB
MemTotal:       12113132 kB
MemFree:         6297892 kB
MemAvailable:    7783824 kB
Buffers:            5476 kB
Cached:          1825980 kB
SwapCached:            0 kB
Active:          1563876 kB
Inactive:        1586296 kB
Active(anon):    1325132 kB
Inactive(anon):    25484 kB
Active(file):     238744 kB
Inactive(file):  1560812 kB
Unevictable:        5532 kB
Mlocked:            5532 kB
SwapTotal:       3145724 kB
SwapFree:        3145724 kB
Dirty:               400 kB
Writeback:             0 kB
AnonPages:       1324316 kB
Mapped:           874740 kB
Shmem:             27420 kB
KReclaimable:     555080 kB
Slab:             225064 kB
SReclaimable:      76116 kB
SUnreclaim:       148948 kB
KernelStack:       48720 kB
PageTables:        67712 kB
NFS_Unstable:          0 kB
Bounce:                0 kB
WritebackTmp:          0 kB
CommitLimit:     9202288 kB
Committed_AS:   75063056 kB
VmallocTotal:   263061440 kB
VmallocUsed:      105992 kB
VmallocChunk:          0 kB
Percpu:             7648 kB
CmaTotal:         294912 kB
CmaFree:             176 kB
MemTotal:       12113132 kB
MemFree:         6297500 kB
MemAvailable:    7783436 kB
Buffers:            5476 kB
Cached:          1825984 kB
SwapCached:            0 kB
Active:          1564800 kB
Inactive:        1586300 kB
Active(anon):    1326056 kB
Inactive(anon):    25484 kB
Active(file):     238744 kB
Inactive(file):  1560816 kB
Unevictable:        5532 kB
Mlocked:            5532 kB
SwapTotal:       3145724 kB
SwapFree:        3145724 kB
Dirty:               292 kB
Writeback:             0 kB
AnonPages:       1325356 kB
Mapped:           874744 kB
Shmem:             27420 kB
KReclaimable:     555080 kB
Slab:             225080 kB
SReclaimable:      76116 kB
SUnreclaim:       148964 kB
KernelStack:       48768 kB
PageTables:        67820 kB
NFS_Unstable:          0 kB
Bounce:                0 kB
WritebackTmp:          0 kB
CommitLimit:     9202288 kB
Committed_AS:   75061608 kB
VmallocTotal:   263061440 kB
VmallocUsed:      105944 kB
VmallocChunk:          0 kB
Percpu:             7648 kB
CmaTotal:         294912 kB
CmaFree:               0 kB
MemTotal:       12113132 kB
MemFree:         6296844 kB
MemAvailable:    7782796 kB
Buffers:            5476 kB
Cached:          1826000 kB
SwapCached:            0 kB
Active:          1565180 kB
Inactive:        1586316 kB
Active(anon):    1326436 kB
Inactive(anon):    25484 kB
Active(file):     238744 kB
Inactive(file):  1560832 kB
Unevictable:        5532 kB
Mlocked:            5532 kB
SwapTotal:       3145724 kB
SwapFree:        3145724 kB
Dirty:               408 kB
Writeback:             0 kB
AnonPages:       1325604 kB
Mapped:           874740 kB
Shmem:             27420 kB
KReclaimable:     555080 kB
Slab:             225060 kB
SReclaimable:      76116 kB
SUnreclaim:       148944 kB
KernelStack:       48720 kB
PageTables:        67708 kB
NFS_Unstable:          0 kB
Bounce:                0 kB
WritebackTmp:          0 kB
CommitLimit:     9202288 kB
Committed_AS:   75051572 kB
VmallocTotal:   263061440 kB
VmallocUsed:      105896 kB
VmallocChunk:          0 kB
Percpu:             7648 kB
CmaTotal:         294912 kB
CmaFree:               0 kB
MemTotal:       12113132 kB
MemFree:         6297540 kB
MemAvailable:    7783504 kB
Buffers:            5476 kB
Cached:          1826012 kB
SwapCached:            0 kB
Active:          1565884 kB
Inactive:        1586328 kB
Active(anon):    1327140 kB
Inactive(anon):    25484 kB
Active(file):     238744 kB
Inactive(file):  1560844 kB
Unevictable:        5532 kB
Mlocked:            5532 kB
SwapTotal:       3145724 kB
SwapFree:        3145724 kB
Dirty:               468 kB
Writeback:             0 kB
AnonPages:       1326224 kB
Mapped:           874740 kB
Shmem:             27420 kB
KReclaimable:     555080 kB
Slab:             225060 kB
SReclaimable:      76116 kB
SUnreclaim:       148944 kB
KernelStack:       48784 kB
PageTables:        67908 kB
NFS_Unstable:          0 kB
Bounce:                0 kB
WritebackTmp:          0 kB
CommitLimit:     9202288 kB
Committed_AS:   75047292 kB
VmallocTotal:   263061440 kB
VmallocUsed:      105864 kB
VmallocChunk:          0 kB
Percpu:             7648 kB
CmaTotal:         294912 kB
CmaFree:               0 kB
MemTotal:       12113132 kB
MemFree:         6296588 kB
MemAvailable:    7782556 kB
Buffers:            5476 kB
Cached:          1826016 kB
SwapCached:            0 kB
Active:          1566452 kB
Inactive:        1586332 kB
Active(anon):    1327708 kB
Inactive(anon):    25484 kB
Active(file):     238744 kB
Inactive(file):  1560848 kB
Unevictable:        5532 kB
Mlocked:            5532 kB
SwapTotal:       3145724 kB
SwapFree:        3145724 kB
Dirty:               476 kB
Writeback:             0 kB
AnonPages:       1326840 kB
Mapped:           874740 kB
Shmem:             27420 kB
KReclaimable:     555080 kB
Slab:             225068 kB
SReclaimable:      76116 kB
SUnreclaim:       148952 kB
KernelStack:       48752 kB
PageTables:        67812 kB
NFS_Unstable:          0 kB
Bounce:                0 kB
WritebackTmp:          0 kB
CommitLimit:     9202288 kB
Committed_AS:   75038924 kB
VmallocTotal:   263061440 kB
VmallocUsed:      105832 kB
VmallocChunk:          0 kB
Percpu:             7648 kB
CmaTotal:         294912 kB
CmaFree:               0 kB
MemTotal:       12113132 kB
MemFree:         6295160 kB
MemAvailable:    7781140 kB
Buffers:            5476 kB
Cached:          1826032 kB
SwapCached:            0 kB
Active:          1567032 kB
Inactive:        1586344 kB
Active(anon):    1328288 kB
Inactive(anon):    25484 kB
Active(file):     238744 kB
Inactive(file):  1560860 kB
Unevictable:        5532 kB
Mlocked:            5532 kB
SwapTotal:       3145724 kB
SwapFree:        3145724 kB
Dirty:               496 kB
Writeback:             0 kB
AnonPages:       1327464 kB
Mapped:           874860 kB
Shmem:             27420 kB
KReclaimable:     555080 kB
Slab:             225068 kB
SReclaimable:      76116 kB
SUnreclaim:       148952 kB
KernelStack:       48752 kB
PageTables:        67788 kB
NFS_Unstable:          0 kB
Bounce:                0 kB
WritebackTmp:          0 kB
CommitLimit:     9202288 kB
Committed_AS:   75046524 kB
VmallocTotal:   263061440 kB
VmallocUsed:      105880 kB
VmallocChunk:          0 kB
Percpu:             7648 kB
CmaTotal:         294912 kB
CmaFree:               0 kB
MemTotal:       12113132 kB
MemFree:         6294676 kB
MemAvailable:    7780464 kB
Buffers:            5476 kB
Cached:          1826040 kB
SwapCached:            0 kB
Active:          1566996 kB
Inactive:        1586356 kB
Active(anon):    1328252 kB
Inactive(anon):    25484 kB
Active(file):     238744 kB
Inactive(file):  1560872 kB
Unevictable:        5532 kB
Mlocked:            5532 kB
SwapTotal:       3145724 kB
SwapFree:        3145724 kB
Dirty:               264 kB
Writeback:             0 kB
AnonPages:       1327444 kB
Mapped:           874740 kB
Shmem:             27420 kB
KReclaimable:     554876 kB
Slab:             225064 kB
SReclaimable:      76116 kB
SUnreclaim:       148948 kB
KernelStack:       48704 kB
PageTables:        67704 kB
NFS_Unstable:          0 kB
Bounce:                0 kB
WritebackTmp:          0 kB
CommitLimit:     9202288 kB
Committed_AS:   75054548 kB
VmallocTotal:   263061440 kB
VmallocUsed:      105880 kB
