MemTotal:       12113136 kB
MemFree:          300872 kB
MemAvailable:    7960120 kB
Buffers:            4844 kB
Cached:          7647480 kB
SwapCached:            0 kB
Active:          1887500 kB
Inactive:        7267452 kB
Active(anon):    1487744 kB
Inactive(anon):    47516 kB
Active(file):     399756 kB
Inactive(file):  7219936 kB
Unevictable:        5624 kB
Mlocked:            5624 kB
SwapTotal:       3145724 kB
SwapFree:        3145724 kB
Dirty:               116 kB
Writeback:             0 kB
AnonPages:       1508288 kB
Mapped:           788056 kB
Shmem:             28060 kB
KReclaimable:     908260 kB
Slab:             219604 kB
SReclaimable:      70820 kB
SUnreclaim:       148784 kB
KernelStack:       49552 kB
PageTables:        68000 kB
NFS_Unstable:          0 kB
Bounce:                0 kB
WritebackTmp:          0 kB
CommitLimit:     9202292 kB
Committed_AS:   77544920 kB
VmallocTotal:   263061440 kB
VmallocUsed:      106672 kB
VmallocChunk:          0 kB
Percpu:             7584 kB
CmaTotal:         294912 kB
CmaFree:               0 kB
MemTotal:       12113136 kB
MemFree:          298296 kB
MemAvailable:    7957904 kB
Buffers:            4844 kB
Cached:          7647804 kB
SwapCached:            0 kB
Active:          1888640 kB
Inactive:        7267632 kB
Active(anon):    1488740 kB
Inactive(anon):    47516 kB
Active(file):     399900 kB
Inactive(file):  7220116 kB
Unevictable:        5624 kB
Mlocked:            5624 kB
SwapTotal:       3145724 kB
SwapFree:        3145724 kB
Dirty:               176 kB
Writeback:             0 kB
AnonPages:       1509572 kB
Mapped:           788164 kB
Shmem:             28060 kB
KReclaimable:     908296 kB
Slab:             219636 kB
SReclaimable:      70856 kB
SUnreclaim:       148780 kB
KernelStack:       49520 kB
PageTables:        67748 kB
NFS_Unstable:          0 kB
Bounce:                0 kB
WritebackTmp:          0 kB
CommitLimit:     9202292 kB
Committed_AS:   77552192 kB
VmallocTotal:   263061440 kB
VmallocUsed:      106704 kB
VmallocChunk:          0 kB
Percpu:             7584 kB
CmaTotal:         294912 kB
CmaFree:               0 kB
MemTotal:       12113136 kB
MemFree:          297228 kB
MemAvailable:    7956832 kB
Buffers:            4844 kB
Cached:          7647808 kB
SwapCached:            0 kB
Active:          1890728 kB
Inactive:        7267636 kB
Active(anon):    1490828 kB
Inactive(anon):    47528 kB
Active(file):     399900 kB
Inactive(file):  7220108 kB
Unevictable:        5624 kB
Mlocked:            5624 kB
SwapTotal:       3145724 kB
SwapFree:        3145724 kB
Dirty:               196 kB
Writeback:             0 kB
AnonPages:       1511520 kB
Mapped:           787592 kB
Shmem:             28072 kB
KReclaimable:     908300 kB
Slab:             219640 kB
SReclaimable:      70860 kB
SUnreclaim:       148780 kB
KernelStack:       49504 kB
PageTables:        67892 kB
NFS_Unstable:          0 kB
Bounce:                0 kB
WritebackTmp:          0 kB
CommitLimit:     9202292 kB
Committed_AS:   77546592 kB
VmallocTotal:   263061440 kB
VmallocUsed:      106688 kB
VmallocChunk:          0 kB
Percpu:             7584 kB
CmaTotal:         294912 kB
CmaFree:               0 kB
MemTotal:       12113136 kB
MemFree:          289400 kB
MemAvailable:    7950836 kB
Buffers:            4844 kB
Cached:          7647820 kB
SwapCached:            0 kB
Active:          1897804 kB
Inactive:        7267648 kB
Active(anon):    1497904 kB
Inactive(anon):    47528 kB
Active(file):     399900 kB
Inactive(file):  7220120 kB
Unevictable:        5624 kB
Mlocked:            5624 kB
SwapTotal:       3145724 kB
SwapFree:        3145724 kB
Dirty:               220 kB
Writeback:             0 kB
AnonPages:       1518224 kB
Mapped:           787496 kB
Shmem:             28072 kB
KReclaimable:     908300 kB
Slab:             219644 kB
SReclaimable:      70860 kB
SUnreclaim:       148784 kB
KernelStack:       49536 kB
PageTables:        67920 kB
NFS_Unstable:          0 kB
Bounce:                0 kB
WritebackTmp:          0 kB
CommitLimit:     9202292 kB
Committed_AS:   77549308 kB
VmallocTotal:   263061440 kB
VmallocUsed:      106672 kB
VmallocChunk:          0 kB
Percpu:             7584 kB
CmaTotal:         294912 kB
CmaFree:               0 kB
MemTotal:       12113136 kB
MemFree:          477716 kB
MemAvailable:    7931988 kB
Buffers:            4844 kB
Cached:          7541136 kB
SwapCached:            0 kB
Active:          1911184 kB
Inactive:        7162964 kB
Active(anon):    1511252 kB
Inactive(anon):    49552 kB
Active(file):     399932 kB
Inactive(file):  7113412 kB
Unevictable:        5624 kB
Mlocked:            5624 kB
SwapTotal:       3145724 kB
SwapFree:        3145724 kB
Dirty:               252 kB
Writeback:             0 kB
AnonPages:       1534392 kB
Mapped:           787452 kB
Shmem:             28084 kB
KReclaimable:     809632 kB
Slab:             218100 kB
SReclaimable:      69292 kB
SUnreclaim:       148808 kB
KernelStack:       49504 kB
PageTables:        68076 kB
NFS_Unstable:          0 kB
Bounce:                0 kB
WritebackTmp:          0 kB
CommitLimit:     9202292 kB
Committed_AS:   77565092 kB
VmallocTotal:   263061440 kB
VmallocUsed:      106720 kB
VmallocChunk:          0 kB
Percpu:             7584 kB
CmaTotal:         294912 kB
CmaFree:               8 kB
MemTotal:       12113136 kB
MemFree:          478472 kB
MemAvailable:    7932428 kB
Buffers:            4844 kB
Cached:          7540952 kB
SwapCached:            0 kB
Active:          1911768 kB
Inactive:        7162940 kB
Active(anon):    1511804 kB
Inactive(anon):    49764 kB
Active(file):     399964 kB
Inactive(file):  7113176 kB
Unevictable:        5624 kB
Mlocked:            5624 kB
SwapTotal:       3145724 kB
SwapFree:        3145724 kB
Dirty:               260 kB
Writeback:             0 kB
AnonPages:       1534368 kB
Mapped:           787412 kB
Shmem:             28084 kB
KReclaimable:     809520 kB
Slab:             218116 kB
SReclaimable:      69276 kB
SUnreclaim:       148840 kB
KernelStack:       49472 kB
PageTables:        68068 kB
NFS_Unstable:          0 kB
Bounce:                0 kB
WritebackTmp:          0 kB
CommitLimit:     9202292 kB
Committed_AS:   77567056 kB
VmallocTotal:   263061440 kB
VmallocUsed:      106720 kB
VmallocChunk:          0 kB
Percpu:             7584 kB
CmaTotal:         294912 kB
CmaFree:               0 kB
MemTotal:       12113136 kB
MemFree:          477420 kB
MemAvailable:    7931400 kB
Buffers:            4848 kB
Cached:          7540976 kB
SwapCached:            0 kB
Active:          1913156 kB
Inactive:        7162964 kB
Active(anon):    1513188 kB
Inactive(anon):    49768 kB
Active(file):     399968 kB
Inactive(file):  7113196 kB
Unevictable:        5624 kB
Mlocked:            5624 kB
SwapTotal:       3145724 kB
SwapFree:        3145724 kB
Dirty:               320 kB
Writeback:             0 kB
AnonPages:       1535832 kB
Mapped:           787680 kB
Shmem:             28088 kB
KReclaimable:     809520 kB
Slab:             218056 kB
SReclaimable:      69276 kB
SUnreclaim:       148780 kB
KernelStack:       49556 kB
PageTables:        67836 kB
NFS_Unstable:          0 kB
Bounce:                0 kB
WritebackTmp:          0 kB
CommitLimit:     9202292 kB
Committed_AS:   77571948 kB
VmallocTotal:   263061440 kB
VmallocUsed:      106720 kB
VmallocChunk:          0 kB
Percpu:             7584 kB
CmaTotal:         294912 kB
CmaFree:               0 kB
MemTotal:       12113136 kB
MemFree:          476204 kB
MemAvailable:    7930216 kB
Buffers:            4848 kB
Cached:          7541008 kB
SwapCached:            0 kB
Active:          1914492 kB
Inactive:        7162988 kB
Active(anon):    1514516 kB
Inactive(anon):    49768 kB
Active(file):     399976 kB
Inactive(file):  7113220 kB
Unevictable:        5624 kB
Mlocked:            5624 kB
SwapTotal:       3145724 kB
SwapFree:        3145724 kB
Dirty:               304 kB
Writeback:             0 kB
AnonPages:       1537376 kB
Mapped:           787912 kB
Shmem:             28088 kB
KReclaimable:     809520 kB
Slab:             218072 kB
SReclaimable:      69276 kB
SUnreclaim:       148796 kB
KernelStack:       49556 kB
PageTables:        67904 kB
NFS_Unstable:          0 kB
Bounce:                0 kB
WritebackTmp:          0 kB
CommitLimit:     9202292 kB
Committed_AS:   77571732 kB
VmallocTotal:   263061440 kB
VmallocUsed:      106688 kB
VmallocChunk:          0 kB
Percpu:             7584 kB
CmaTotal:         294912 kB
CmaFree:               0 kB
MemTotal:       12113136 kB
MemFree:          476072 kB
MemAvailable:    7930100 kB
Buffers:            4848 kB
Cached:          7541024 kB
SwapCached:            0 kB
Active:          1915192 kB
Inactive:        7163000 kB
Active(anon):    1515212 kB
Inactive(anon):    49768 kB
Active(file):     399980 kB
Inactive(file):  7113232 kB
Unevictable:        5624 kB
Mlocked:            5624 kB
SwapTotal:       3145724 kB
SwapFree:        3145724 kB
Dirty:               336 kB
Writeback:             0 kB
AnonPages:       1537788 kB
Mapped:           787948 kB
Shmem:             28088 kB
KReclaimable:     809520 kB
Slab:             218108 kB
SReclaimable:      69276 kB
SUnreclaim:       148832 kB
KernelStack:       49492 kB
PageTables:        67816 kB
NFS_Unstable:          0 kB
Bounce:                0 kB
WritebackTmp:          0 kB
CommitLimit:     9202292 kB
Committed_AS:   77569084 kB
VmallocTotal:   263061440 kB
VmallocUsed:      106720 kB
VmallocChunk:          0 kB
Percpu:             7584 kB
CmaTotal:         294912 kB
CmaFree:               0 kB
MemTotal:       12113136 kB
MemFree:          474556 kB
MemAvailable:    7928584 kB
Buffers:            4848 kB
Cached:          7541024 kB
SwapCached:            0 kB
Active:          1916656 kB
Inactive:        7163000 kB
Active(anon):    1516676 kB
Inactive(anon):    49768 kB
Active(file):     399980 kB
Inactive(file):  7113232 kB
Unevictable:        5624 kB
Mlocked:            5624 kB
SwapTotal:       3145724 kB
SwapFree:        3145724 kB
Dirty:               336 kB
Writeback:             0 kB
AnonPages:       1539636 kB
Mapped:           787392 kB
Shmem:             28088 kB
KReclaimable:     809520 kB
Slab:             218084 kB
SReclaimable:      69276 kB
SUnreclaim:       148808 kB
KernelStack:       49456 kB
PageTables:        67960 kB
NFS_Unstable:          0 kB
Bounce:                0 kB
WritebackTmp:          0 kB
CommitLimit:     9202292 kB
Committed_AS:   77558452 kB
VmallocTotal:   263061440 kB
VmallocUsed:      106656 kB
VmallocChunk:          0 kB
Percpu:             7584 kB
CmaTotal:         294912 kB
CmaFree:               0 kB
MemTotal:       12113136 kB
MemFree:          472272 kB
MemAvailable:    7926324 kB
Buffers:            4848 kB
Cached:          7541048 kB
SwapCached:            0 kB
Active:          1917972 kB
Inactive:        7163020 kB
Active(anon):    1517988 kB
Inactive(anon):    49768 kB
Active(file):     399984 kB
Inactive(file):  7113252 kB
Unevictable:        5624 kB
Mlocked:            5624 kB
SwapTotal:       3145724 kB
SwapFree:        3145724 kB
Dirty:               364 kB
Writeback:             0 kB
AnonPages:       1540720 kB
Mapped:           787444 kB
Shmem:             28088 kB
KReclaimable:     809520 kB
Slab:             218056 kB
SReclaimable:      69276 kB
SUnreclaim:       148780 kB
KernelStack:       49460 kB
PageTables:        68204 kB
NFS_Unstable:          0 kB
Bounce:                0 kB
WritebackTmp:          0 kB
CommitLimit:     9202292 kB
Committed_AS:   77570216 kB
VmallocTotal:   263061440 kB
VmallocUsed:      106640 kB
VmallocChunk:          0 kB
Percpu:             7584 kB
CmaTotal:         294912 kB
CmaFree:               0 kB
MemTotal:       12113136 kB
MemFree:          471820 kB
MemAvailable:    7925868 kB
Buffers:            4848 kB
Cached:          7541052 kB
SwapCached:            0 kB
Active:          1918428 kB
Inactive:        7163028 kB
Active(anon):    1518448 kB
Inactive(anon):    49776 kB
Active(file):     399980 kB
Inactive(file):  7113252 kB
Unevictable:        5624 kB
Mlocked:            5624 kB
SwapTotal:       3145724 kB
SwapFree:        3145724 kB
Dirty:               372 kB
Writeback:             0 kB
AnonPages:       1540960 kB
Mapped:           787548 kB
Shmem:             28096 kB
KReclaimable:     809520 kB
Slab:             218064 kB
SReclaimable:      69276 kB
SUnreclaim:       148788 kB
KernelStack:       49396 kB
PageTables:        68184 kB
NFS_Unstable:          0 kB
Bounce:                0 kB
WritebackTmp:          0 kB
CommitLimit:     9202292 kB
Committed_AS:   77570624 kB
VmallocTotal:   263061440 kB
VmallocUsed:      106640 kB
VmallocChunk:          0 kB
Percpu:             7584 kB
CmaTotal:         294912 kB
CmaFree:               0 kB
MemTotal:       12113136 kB
MemFree:          473660 kB
MemAvailable:    7927728 kB
Buffers:            4848 kB
Cached:          7541072 kB
SwapCached:            0 kB
Active:          1915892 kB
Inactive:        7163044 kB
Active(anon):    1515908 kB
Inactive(anon):    49776 kB
Active(file):     399984 kB
Inactive(file):  7113268 kB
Unevictable:        5624 kB
Mlocked:            5624 kB
SwapTotal:       3145724 kB
SwapFree:        3145724 kB
Dirty:               392 kB
Writeback:             0 kB
AnonPages:       1538472 kB
Mapped:           787780 kB
Shmem:             28096 kB
KReclaimable:     809520 kB
Slab:             218072 kB
SReclaimable:      69276 kB
SUnreclaim:       148796 kB
KernelStack:       49360 kB
PageTables:        67888 kB
NFS_Unstable:          0 kB
Bounce:                0 kB
WritebackTmp:          0 kB
CommitLimit:     9202292 kB
Committed_AS:   77564648 kB
VmallocTotal:   263061440 kB
VmallocUsed:      106608 kB
VmallocChunk:          0 kB
Percpu:             7584 kB
CmaTotal:         294912 kB
CmaFree:               0 kB
MemTotal:       12113136 kB
MemFree:          473476 kB
MemAvailable:    7927560 kB
Buffers:            4848 kB
Cached:          7541092 kB
SwapCached:            0 kB
Active:          1916476 kB
Inactive:        7163064 kB
Active(anon):    1516492 kB
Inactive(anon):    49780 kB
Active(file):     399984 kB
Inactive(file):  7113284 kB
Unevictable:        5624 kB
Mlocked:            5624 kB
SwapTotal:       3145724 kB
SwapFree:        3145724 kB
Dirty:               408 kB
Writeback:             0 kB
AnonPages:       1539228 kB
Mapped:           787908 kB
Shmem:             28100 kB
KReclaimable:     809520 kB
Slab:             218084 kB
SReclaimable:      69276 kB
SUnreclaim:       148808 kB
KernelStack:       49396 kB
PageTables:        68272 kB
NFS_Unstable:          0 kB
Bounce:                0 kB
WritebackTmp:          0 kB
CommitLimit:     9202292 kB
Committed_AS:   77562360 kB
VmallocTotal:   263061440 kB
VmallocUsed:      106560 kB
VmallocChunk:          0 kB
Percpu:             7584 kB
CmaTotal:         294912 kB
CmaFree:              12 kB
MemTotal:       12113136 kB
MemFree:          472768 kB
MemAvailable:    7926856 kB
Buffers:            4848 kB
Cached:          7541096 kB
SwapCached:            0 kB
Active:          1917688 kB
Inactive:        7163068 kB
Active(anon):    1517704 kB
Inactive(anon):    49780 kB
Active(file):     399984 kB
Inactive(file):  7113288 kB
Unevictable:        5624 kB
Mlocked:            5624 kB
SwapTotal:       3145724 kB
SwapFree:        3145724 kB
Dirty:               424 kB
Writeback:             0 kB
AnonPages:       1540240 kB
Mapped:           788276 kB
Shmem:             28100 kB
KReclaimable:     809520 kB
Slab:             218084 kB
SReclaimable:      69276 kB
SUnreclaim:       148808 kB
KernelStack:       49312 kB
PageTables:        68060 kB
NFS_Unstable:          0 kB
Bounce:                0 kB
WritebackTmp:          0 kB
CommitLimit:     9202292 kB
Committed_AS:   77572040 kB
VmallocTotal:   263061440 kB
VmallocUsed:      106560 kB
VmallocChunk:          0 kB
Percpu:             7584 kB
CmaTotal:         294912 kB
CmaFree:               0 kB
MemTotal:       12113136 kB
MemFree:          471636 kB
MemAvailable:    7925740 kB
Buffers:            4848 kB
Cached:          7541112 kB
SwapCached:            0 kB
Active:          1919300 kB
Inactive:        7163084 kB
Active(anon):    1519316 kB
Inactive(anon):    49784 kB
Active(file):     399984 kB
Inactive(file):  7113300 kB
Unevictable:        5624 kB
Mlocked:            5624 kB
SwapTotal:       3145724 kB
SwapFree:        3145724 kB
Dirty:               436 kB
Writeback:             8 kB
AnonPages:       1541580 kB
Mapped:           787568 kB
Shmem:             28104 kB
KReclaimable:     809524 kB
Slab:             218088 kB
SReclaimable:      69280 kB
SUnreclaim:       148808 kB
KernelStack:       49380 kB
PageTables:        67952 kB
NFS_Unstable:          0 kB
Bounce:                0 kB
WritebackTmp:          0 kB
CommitLimit:     9202292 kB
Committed_AS:   77566684 kB
VmallocTotal:   263061440 kB
VmallocUsed:      106528 kB
VmallocChunk:          0 kB
Percpu:             7584 kB
CmaTotal:         294912 kB
CmaFree:               0 kB
MemTotal:       12113136 kB
MemFree:          471204 kB
MemAvailable:    7925360 kB
Buffers:            4848 kB
Cached:          7541172 kB
SwapCached:            0 kB
Active:          1920348 kB
Inactive:        7163136 kB
Active(anon):    1520356 kB
Inactive(anon):    49792 kB
Active(file):     399992 kB
Inactive(file):  7113344 kB
Unevictable:        5624 kB
Mlocked:            5624 kB
SwapTotal:       3145724 kB
SwapFree:        3145724 kB
Dirty:               480 kB
Writeback:             0 kB
AnonPages:       1543048 kB
Mapped:           787756 kB
Shmem:             28112 kB
KReclaimable:     809524 kB
Slab:             218076 kB
SReclaimable:      69280 kB
SUnreclaim:       148796 kB
KernelStack:       49296 kB
PageTables:        67908 kB
NFS_Unstable:          0 kB
Bounce:                0 kB
WritebackTmp:          0 kB
CommitLimit:     9202292 kB
Committed_AS:   77561356 kB
VmallocTotal:   263061440 kB
VmallocUsed:      106496 kB
VmallocChunk:          0 kB
Percpu:             7584 kB
CmaTotal:         294912 kB
CmaFree:               0 kB
MemTotal:       12113136 kB
MemFree:          469848 kB
MemAvailable:    7924012 kB
Buffers:            4848 kB
Cached:          7541188 kB
SwapCached:            0 kB
Active:          1921564 kB
Inactive:        7163152 kB
Active(anon):    1521572 kB
Inactive(anon):    49800 kB
Active(file):     399992 kB
Inactive(file):  7113352 kB
Unevictable:        5624 kB
Mlocked:            5624 kB
SwapTotal:       3145724 kB
SwapFree:        3145724 kB
Dirty:               504 kB
Writeback:             0 kB
AnonPages:       1544292 kB
Mapped:           787884 kB
Shmem:             28120 kB
KReclaimable:     809524 kB
Slab:             218072 kB
SReclaimable:      69280 kB
SUnreclaim:       148792 kB
KernelStack:       49312 kB
PageTables:        67900 kB
NFS_Unstable:          0 kB
Bounce:                0 kB
WritebackTmp:          0 kB
CommitLimit:     9202292 kB
Committed_AS:   77560800 kB
VmallocTotal:   263061440 kB
VmallocUsed:      106512 kB
VmallocChunk:          0 kB
Percpu:             7584 kB
CmaTotal:         294912 kB
CmaFree:               0 kB
MemTotal:       12113136 kB
MemFree:          469024 kB
MemAvailable:    7923184 kB
Buffers:            4848 kB
Cached:          7541184 kB
SwapCached:            0 kB
Active:          1923176 kB
Inactive:        7163152 kB
Active(anon):    1523188 kB
Inactive(anon):    49800 kB
Active(file):     399988 kB
Inactive(file):  7113352 kB
Unevictable:        5624 kB
Mlocked:            5624 kB
SwapTotal:       3145724 kB
SwapFree:        3145724 kB
Dirty:               144 kB
Writeback:             0 kB
AnonPages:       1545740 kB
Mapped:           788024 kB
Shmem:             28120 kB
KReclaimable:     809524 kB
Slab:             218048 kB
SReclaimable:      69280 kB
SUnreclaim:       148768 kB
KernelStack:       49344 kB
PageTables:        67764 kB
NFS_Unstable:          0 kB
Bounce:                0 kB
WritebackTmp:          0 kB
CommitLimit:     9202292 kB
Committed_AS:   77553472 kB
VmallocTotal:   263061440 kB
VmallocUsed:      106464 kB
VmallocChunk:          0 kB
Percpu:             7584 kB
CmaTotal:         294912 kB
CmaFree:               0 kB
MemTotal:       12113136 kB
MemFree:          481632 kB
MemAvailable:    7935808 kB
Buffers:            4848 kB
Cached:          7541212 kB
SwapCached:            0 kB
Active:          1909772 kB
Inactive:        7163180 kB
Active(anon):    1509784 kB
Inactive(anon):    49812 kB
Active(file):     399988 kB
Inactive(file):  7113368 kB
Unevictable:        5624 kB
Mlocked:            5624 kB
SwapTotal:       3145724 kB
SwapFree:        3145724 kB
Dirty:               176 kB
Writeback:             0 kB
AnonPages:       1532704 kB
Mapped:           787656 kB
Shmem:             28132 kB
KReclaimable:     809524 kB
Slab:             218036 kB
SReclaimable:      69280 kB
SUnreclaim:       148756 kB
KernelStack:       49280 kB
PageTables:        68048 kB
NFS_Unstable:          0 kB
Bounce:                0 kB
WritebackTmp:          0 kB
CommitLimit:     9202292 kB
Committed_AS:   77554296 kB
VmallocTotal:   263061440 kB
VmallocUsed:      106464 kB
VmallocChunk:          0 kB
Percpu:             7584 kB
CmaTotal:         294912 kB
CmaFree:               0 kB
MemTotal:       12113136 kB
MemFree:          480028 kB
MemAvailable:    7934212 kB
Buffers:            4848 kB
Cached:          7541220 kB
SwapCached:            0 kB
Active:          1911496 kB
Inactive:        7163192 kB
Active(anon):    1511512 kB
Inactive(anon):    49812 kB
Active(file):     399984 kB
Inactive(file):  7113380 kB
Unevictable:        5624 kB
Mlocked:            5624 kB
SwapTotal:       3145724 kB
SwapFree:        3145724 kB
Dirty:               208 kB
Writeback:             0 kB
AnonPages:       1533936 kB
Mapped:           787768 kB
Shmem:             28132 kB
KReclaimable:     809524 kB
Slab:             218032 kB
SReclaimable:      69280 kB
SUnreclaim:       148752 kB
KernelStack:       49248 kB
PageTables:        68060 kB
NFS_Unstable:          0 kB
Bounce:                0 kB
WritebackTmp:          0 kB
CommitLimit:     9202292 kB
Committed_AS:   77555856 kB
VmallocTotal:   263061440 kB
VmallocUsed:      106432 kB
VmallocChunk:          0 kB
Percpu:             7584 kB
CmaTotal:         294912 kB
CmaFree:               4 kB
MemTotal:       12113136 kB
MemFree:          500008 kB
MemAvailable:    7954200 kB
Buffers:            4852 kB
Cached:          7541224 kB
SwapCached:            0 kB
Active:          1890356 kB
Inactive:        7163192 kB
Active(anon):    1490364 kB
Inactive(anon):    49812 kB
Active(file):     399992 kB
Inactive(file):  7113380 kB
Unevictable:        5624 kB
Mlocked:            5624 kB
SwapTotal:       3145724 kB
SwapFree:        3145724 kB
Dirty:               212 kB
Writeback:             0 kB
AnonPages:       1513044 kB
Mapped:           787148 kB
Shmem:             28132 kB
KReclaimable:     809524 kB
Slab:             218048 kB
SReclaimable:      69280 kB
SUnreclaim:       148768 kB
KernelStack:       49284 kB
PageTables:        68268 kB
NFS_Unstable:          0 kB
Bounce:                0 kB
WritebackTmp:          0 kB
CommitLimit:     9202292 kB
Committed_AS:   77558508 kB
VmallocTotal:   263061440 kB
VmallocUsed:      106400 kB
VmallocChunk:          0 kB
Percpu:             7584 kB
CmaTotal:         294912 kB
CmaFree:               0 kB
MemTotal:       12113136 kB
MemFree:          499096 kB
MemAvailable:    7953324 kB
Buffers:            4852 kB
Cached:          7541268 kB
SwapCached:            0 kB
Active:          1891852 kB
Inactive:        7163236 kB
Active(anon):    1491860 kB
Inactive(anon):    49820 kB
Active(file):     399992 kB
Inactive(file):  7113416 kB
Unevictable:        5624 kB
Mlocked:            5624 kB
SwapTotal:       3145724 kB
SwapFree:        3145724 kB
Dirty:               272 kB
Writeback:             0 kB
AnonPages:       1514804 kB
Mapped:           787176 kB
Shmem:             28140 kB
KReclaimable:     809524 kB
Slab:             218032 kB
SReclaimable:      69280 kB
SUnreclaim:       148752 kB
KernelStack:       49172 kB
PageTables:        67844 kB
NFS_Unstable:          0 kB
Bounce:                0 kB
WritebackTmp:          0 kB
CommitLimit:     9202292 kB
Committed_AS:   77558808 kB
VmallocTotal:   263061440 kB
VmallocUsed:      106384 kB
VmallocChunk:          0 kB
Percpu:             7584 kB
CmaTotal:         294912 kB
CmaFree:              20 kB
MemTotal:       12113136 kB
MemFree:          499132 kB
MemAvailable:    7953376 kB
Buffers:            4852 kB
Cached:          7541284 kB
SwapCached:            0 kB
Active:          1893100 kB
Inactive:        7163252 kB
Active(anon):    1493108 kB
Inactive(anon):    49820 kB
Active(file):     399992 kB
Inactive(file):  7113432 kB
Unevictable:        5624 kB
Mlocked:            5624 kB
SwapTotal:       3145724 kB
SwapFree:        3145724 kB
Dirty:               300 kB
Writeback:             0 kB
AnonPages:       1516112 kB
Mapped:           787200 kB
Shmem:             28140 kB
KReclaimable:     809524 kB
Slab:             218040 kB
SReclaimable:      69280 kB
SUnreclaim:       148760 kB
KernelStack:       49184 kB
PageTables:        68028 kB
NFS_Unstable:          0 kB
Bounce:                0 kB
WritebackTmp:          0 kB
CommitLimit:     9202292 kB
Committed_AS:   77550996 kB
VmallocTotal:   263061440 kB
VmallocUsed:      106368 kB
VmallocChunk:          0 kB
Percpu:             7584 kB
CmaTotal:         294912 kB
CmaFree:               0 kB
MemTotal:       12113136 kB
MemFree:          497092 kB
MemAvailable:    7951340 kB
Buffers:            4852 kB
Cached:          7541296 kB
SwapCached:            0 kB
Active:          1894684 kB
Inactive:        7163260 kB
Active(anon):    1494688 kB
Inactive(anon):    49824 kB
Active(file):     399996 kB
Inactive(file):  7113436 kB
Unevictable:        5624 kB
Mlocked:            5624 kB
SwapTotal:       3145724 kB
SwapFree:        3145724 kB
Dirty:               308 kB
Writeback:             0 kB
AnonPages:       1517620 kB
Mapped:           787476 kB
Shmem:             28144 kB
KReclaimable:     809520 kB
Slab:             218028 kB
SReclaimable:      69276 kB
SUnreclaim:       148752 kB
KernelStack:       49188 kB
PageTables:        67876 kB
NFS_Unstable:          0 kB
Bounce:                0 kB
WritebackTmp:          0 kB
CommitLimit:     9202292 kB
Committed_AS:   77573416 kB
VmallocTotal:   263061440 kB
VmallocUsed:      106320 kB
VmallocChunk:          0 kB
Percpu:             7584 kB
CmaTotal:         294912 kB
CmaFree:               4 kB
MemTotal:       12113136 kB
MemFree:          495380 kB
MemAvailable:    7949640 kB
Buffers:            4852 kB
Cached:          7541308 kB
SwapCached:            0 kB
Active:          1896100 kB
Inactive:        7163272 kB
Active(anon):    1496104 kB
Inactive(anon):    49824 kB
Active(file):     399996 kB
Inactive(file):  7113448 kB
Unevictable:        5624 kB
Mlocked:            5624 kB
SwapTotal:       3145724 kB
SwapFree:        3145724 kB
Dirty:               320 kB
Writeback:             0 kB
AnonPages:       1518696 kB
Mapped:           787544 kB
Shmem:             28144 kB
KReclaimable:     809520 kB
Slab:             218028 kB
SReclaimable:      69276 kB
SUnreclaim:       148752 kB
KernelStack:       49124 kB
PageTables:        67892 kB
NFS_Unstable:          0 kB
Bounce:                0 kB
WritebackTmp:          0 kB
CommitLimit:     9202292 kB
Committed_AS:   77568384 kB
VmallocTotal:   263061440 kB
VmallocUsed:      106304 kB
VmallocChunk:          0 kB
Percpu:             7584 kB
CmaTotal:         294912 kB
CmaFree:               0 kB
MemTotal:       12113136 kB
MemFree:          493908 kB
MemAvailable:    7948176 kB
Buffers:            4852 kB
Cached:          7541324 kB
SwapCached:            0 kB
Active:          1897348 kB
Inactive:        7163288 kB
Active(anon):    1497352 kB
Inactive(anon):    49832 kB
Active(file):     399996 kB
Inactive(file):  7113456 kB
Unevictable:        5624 kB
Mlocked:            5624 kB
SwapTotal:       3145724 kB
SwapFree:        3145724 kB
Dirty:               364 kB
Writeback:             0 kB
AnonPages:       1519764 kB
Mapped:           787932 kB
Shmem:             28152 kB
KReclaimable:     809520 kB
Slab:             218036 kB
SReclaimable:      69276 kB
SUnreclaim:       148760 kB
KernelStack:       49068 kB
PageTables:        68048 kB
NFS_Unstable:          0 kB
Bounce:                0 kB
WritebackTmp:          0 kB
CommitLimit:     9202292 kB
Committed_AS:   77565148 kB
VmallocTotal:   263061440 kB
VmallocUsed:      106224 kB
VmallocChunk:          0 kB
Percpu:             7584 kB
CmaTotal:         294912 kB
CmaFree:               0 kB
MemTotal:       12113136 kB
MemFree:          492692 kB
MemAvailable:    7946964 kB
Buffers:            4852 kB
Cached:          7541356 kB
SwapCached:            0 kB
Active:          1900040 kB
Inactive:        7163316 kB
Active(anon):    1500040 kB
Inactive(anon):    49860 kB
Active(file):     400000 kB
Inactive(file):  7113456 kB
Unevictable:        5624 kB
Mlocked:            5624 kB
SwapTotal:       3145724 kB
SwapFree:        3145724 kB
Dirty:               368 kB
Writeback:             0 kB
AnonPages:       1522680 kB
Mapped:           787192 kB
Shmem:             28180 kB
KReclaimable:     809520 kB
Slab:             218036 kB
SReclaimable:      69276 kB
SUnreclaim:       148760 kB
KernelStack:       48976 kB
PageTables:        67900 kB
NFS_Unstable:          0 kB
Bounce:                0 kB
WritebackTmp:          0 kB
CommitLimit:     9202292 kB
Committed_AS:   77556688 kB
VmallocTotal:   263061440 kB
VmallocUsed:      106192 kB
VmallocChunk:          0 kB
Percpu:             7584 kB
CmaTotal:         294912 kB
CmaFree:               0 kB
MemTotal:       12113136 kB
MemFree:          492952 kB
MemAvailable:    7947244 kB
Buffers:            4852 kB
Cached:          7541380 kB
SwapCached:            0 kB
Active:          1899736 kB
Inactive:        7163340 kB
Active(anon):    1499736 kB
Inactive(anon):    49864 kB
Active(file):     400000 kB
Inactive(file):  7113476 kB
Unevictable:        5624 kB
Mlocked:            5624 kB
SwapTotal:       3145724 kB
SwapFree:        3145724 kB
Dirty:               172 kB
Writeback:             0 kB
AnonPages:       1522796 kB
Mapped:           787416 kB
Shmem:             28184 kB
KReclaimable:     809520 kB
Slab:             218036 kB
SReclaimable:      69276 kB
SUnreclaim:       148760 kB
KernelStack:       49008 kB
PageTables:        67748 kB
NFS_Unstable:          0 kB
Bounce:                0 kB
WritebackTmp:          0 kB
CommitLimit:     9202292 kB
Committed_AS:   77555944 kB
VmallocTotal:   263061440 kB
VmallocUsed:      106160 kB
VmallocChunk:          0 kB
Percpu:             7584 kB
CmaTotal:         294912 kB
CmaFree:               0 kB
MemTotal:       12113136 kB
MemFree:          490484 kB
MemAvailable:    7944800 kB
Buffers:            4852 kB
Cached:          7541412 kB
SwapCached:            0 kB
Active:          1902148 kB
Inactive:        7163372 kB
Active(anon):    1502148 kB
Inactive(anon):    49872 kB
Active(file):     400000 kB
Inactive(file):  7113500 kB
Unevictable:        5624 kB
Mlocked:            5624 kB
SwapTotal:       3145724 kB
SwapFree:        3145724 kB
Dirty:               252 kB
Writeback:             0 kB
AnonPages:       1524532 kB
Mapped:           787480 kB
Shmem:             28192 kB
KReclaimable:     809520 kB
Slab:             218028 kB
SReclaimable:      69276 kB
SUnreclaim:       148752 kB
KernelStack:       48960 kB
PageTables:        67904 kB
NFS_Unstable:          0 kB
Bounce:                0 kB
WritebackTmp:          0 kB
CommitLimit:     9202292 kB
Committed_AS:   77563232 kB
VmallocTotal:   263061440 kB
VmallocUsed:      106208 kB
VmallocChunk:          0 kB
Percpu:             7584 kB
CmaTotal:         294912 kB
CmaFree:               0 kB
MemTotal:       12113136 kB
MemFree:          488596 kB
MemAvailable:    7942944 kB
Buffers:            4852 kB
Cached:          7541444 kB
SwapCached:            0 kB
Active:          1902400 kB
Inactive:        7163392 kB
Active(anon):    1502388 kB
Inactive(anon):    49872 kB
Active(file):     400012 kB
Inactive(file):  7113520 kB
Unevictable:        5624 kB
Mlocked:            5624 kB
SwapTotal:       3145724 kB
SwapFree:        3145724 kB
Dirty:               272 kB
Writeback:             0 kB
AnonPages:       1524812 kB
Mapped:           787508 kB
Shmem:             28192 kB
KReclaimable:     809520 kB
Slab:             218028 kB
SReclaimable:      69276 kB
SUnreclaim:       148752 kB
KernelStack:       48976 kB
PageTables:        68088 kB
NFS_Unstable:          0 kB
Bounce:                0 kB
WritebackTmp:          0 kB
CommitLimit:     9202292 kB
Committed_AS:   77562024 kB
VmallocTotal:   263061440 kB
VmallocUsed:      106208 kB
VmallocChunk:          0 kB
Percpu:             7584 kB
CmaTotal:         294912 kB
CmaFree:               0 kB
MemTotal:       12113136 kB
MemFree:          485756 kB
MemAvailable:    7940112 kB
Buffers:            4852 kB
Cached:          7541452 kB
SwapCached:            0 kB
Active:          1904756 kB
Inactive:        7163404 kB
Active(anon):    1504748 kB
Inactive(anon):    49872 kB
Active(file):     400008 kB
Inactive(file):  7113532 kB
Unevictable:        5624 kB
Mlocked:            5624 kB
SwapTotal:       3145724 kB
SwapFree:        3145724 kB
Dirty:               304 kB
Writeback:             0 kB
AnonPages:       1527380 kB
Mapped:           787652 kB
Shmem:             28192 kB
KReclaimable:     809520 kB
Slab:             218036 kB
SReclaimable:      69276 kB
SUnreclaim:       148760 kB
KernelStack:       48980 kB
PageTables:        67876 kB
NFS_Unstable:          0 kB
Bounce:                0 kB
WritebackTmp:          0 kB
CommitLimit:     9202292 kB
Committed_AS:   77573884 kB
VmallocTotal:   263061440 kB
VmallocUsed:      106192 kB
VmallocChunk:          0 kB
Percpu:             7584 kB
CmaTotal:         294912 kB
CmaFree:               0 kB
MemTotal:       12113136 kB
MemFree:          484736 kB
MemAvailable:    7939100 kB
Buffers:            4852 kB
Cached:          7541464 kB
SwapCached:            0 kB
Active:          1906284 kB
Inactive:        7163416 kB
Active(anon):    1506276 kB
Inactive(anon):    49876 kB
Active(file):     400008 kB
Inactive(file):  7113540 kB
Unevictable:        5624 kB
Mlocked:            5624 kB
SwapTotal:       3145724 kB
SwapFree:        3145724 kB
Dirty:               356 kB
Writeback:             0 kB
AnonPages:       1528968 kB
Mapped:           787936 kB
Shmem:             28196 kB
KReclaimable:     809520 kB
Slab:             218036 kB
SReclaimable:      69276 kB
SUnreclaim:       148760 kB
KernelStack:       48932 kB
PageTables:        68156 kB
NFS_Unstable:          0 kB
Bounce:                0 kB
WritebackTmp:          0 kB
CommitLimit:     9202292 kB
Committed_AS:   77567600 kB
VmallocTotal:   263061440 kB
VmallocUsed:      106208 kB
VmallocChunk:          0 kB
Percpu:             7584 kB
CmaTotal:         294912 kB
CmaFree:               0 kB
MemTotal:       12113136 kB
MemFree:          484952 kB
MemAvailable:    7939324 kB
Buffers:            4852 kB
Cached:          7541480 kB
SwapCached:            0 kB
Active:          1906524 kB
Inactive:        7163432 kB
Active(anon):    1506516 kB
Inactive(anon):    49884 kB
Active(file):     400008 kB
Inactive(file):  7113548 kB
Unevictable:        5624 kB
Mlocked:            5624 kB
SwapTotal:       3145724 kB
SwapFree:        3145724 kB
Dirty:               348 kB
Writeback:             0 kB
AnonPages:       1529412 kB
Mapped:           787252 kB
Shmem:             28204 kB
KReclaimable:     809520 kB
Slab:             218052 kB
SReclaimable:      69276 kB
SUnreclaim:       148776 kB
KernelStack:       48944 kB
PageTables:        68224 kB
NFS_Unstable:          0 kB
Bounce:                0 kB
WritebackTmp:          0 kB
CommitLimit:     9202292 kB
Committed_AS:   77569588 kB
VmallocTotal:   263061440 kB
VmallocUsed:      106192 kB
VmallocChunk:          0 kB
Percpu:             7584 kB
CmaTotal:         294912 kB
CmaFree:               0 kB
MemTotal:       12113136 kB
MemFree:          484668 kB
MemAvailable:    7939044 kB
Buffers:            4852 kB
Cached:          7541488 kB
SwapCached:            0 kB
Active:          1907572 kB
Inactive:        7163440 kB
Active(anon):    1507564 kB
Inactive(anon):    49888 kB
Active(file):     400008 kB
Inactive(file):  7113552 kB
Unevictable:        5624 kB
Mlocked:            5624 kB
SwapTotal:       3145724 kB
SwapFree:        3145724 kB
Dirty:               356 kB
Writeback:             0 kB
AnonPages:       1530240 kB
Mapped:           787540 kB
Shmem:             28208 kB
KReclaimable:     809520 kB
Slab:             218036 kB
SReclaimable:      69276 kB
SUnreclaim:       148760 kB
KernelStack:       48960 kB
PageTables:        67800 kB
NFS_Unstable:          0 kB
Bounce:                0 kB
WritebackTmp:          0 kB
CommitLimit:     9202292 kB
Committed_AS:   77563468 kB
VmallocTotal:   263061440 kB
VmallocUsed:      106128 kB
VmallocChunk:          0 kB
Percpu:             7584 kB
CmaTotal:         294912 kB
CmaFree:               0 kB
MemTotal:       12113136 kB
MemFree:          460436 kB
MemAvailable:    7914836 kB
Buffers:            4852 kB
Cached:          7541452 kB
SwapCached:            0 kB
Active:          1931868 kB
Inactive:        7163404 kB
Active(anon):    1531860 kB
Inactive(anon):    49828 kB
Active(file):     400008 kB
Inactive(file):  7113576 kB
Unevictable:        5624 kB
Mlocked:            5624 kB
SwapTotal:       3145724 kB
SwapFree:        3145724 kB
Dirty:               396 kB
Writeback:             0 kB
AnonPages:       1554724 kB
Mapped:           787424 kB
Shmem:             28148 kB
KReclaimable:     809520 kB
Slab:             218048 kB
SReclaimable:      69276 kB
SUnreclaim:       148772 kB
KernelStack:       48928 kB
PageTables:        68040 kB
NFS_Unstable:          0 kB
Bounce:                0 kB
WritebackTmp:          0 kB
CommitLimit:     9202292 kB
Committed_AS:   77586508 kB
VmallocTotal:   263061440 kB
VmallocUsed:      106160 kB
VmallocChunk:          0 kB
Percpu:             7584 kB
CmaTotal:         294912 kB
CmaFree:               8 kB
MemTotal:       12113136 kB
MemFree:          458780 kB
MemAvailable:    7916360 kB
Buffers:            4856 kB
Cached:          7541524 kB
SwapCached:            0 kB
Active:          1931260 kB
Inactive:        7163476 kB
Active(anon):    1531248 kB
Inactive(anon):    49892 kB
Active(file):     400012 kB
Inactive(file):  7113584 kB
Unevictable:        5624 kB
Mlocked:            5624 kB
SwapTotal:       3145724 kB
SwapFree:        3145724 kB
Dirty:               444 kB
Writeback:             0 kB
AnonPages:       1554060 kB
Mapped:           787808 kB
Shmem:             28212 kB
KReclaimable:     812688 kB
Slab:             218728 kB
SReclaimable:      69884 kB
SUnreclaim:       148844 kB
KernelStack:       48928 kB
PageTables:        67988 kB
NFS_Unstable:          0 kB
Bounce:                0 kB
WritebackTmp:          0 kB
CommitLimit:     9202292 kB
Committed_AS:   77586200 kB
VmallocTotal:   263061440 kB
VmallocUsed:      106160 kB
VmallocChunk:          0 kB
Percpu:             7584 kB
CmaTotal:         294912 kB
CmaFree:               0 kB
MemTotal:       12113136 kB
MemFree:          456360 kB
MemAvailable:    7914208 kB
Buffers:            4856 kB
Cached:          7541508 kB
SwapCached:            0 kB
Active:          1933748 kB
Inactive:        7163508 kB
Active(anon):    1533736 kB
Inactive(anon):    49896 kB
Active(file):     400012 kB
Inactive(file):  7113612 kB
Unevictable:        5624 kB
Mlocked:            5624 kB
SwapTotal:       3145724 kB
SwapFree:        3145724 kB
Dirty:               432 kB
Writeback:             0 kB
AnonPages:       1556620 kB
Mapped:           787884 kB
Shmem:             28168 kB
KReclaimable:     812928 kB
Slab:             218772 kB
SReclaimable:      70092 kB
SUnreclaim:       148680 kB
KernelStack:       48960 kB
PageTables:        68012 kB
NFS_Unstable:          0 kB
Bounce:                0 kB
WritebackTmp:          0 kB
CommitLimit:     9202292 kB
Committed_AS:   77586440 kB
VmallocTotal:   263061440 kB
VmallocUsed:      106128 kB
VmallocChunk:          0 kB
Percpu:             7584 kB
CmaTotal:         294912 kB
CmaFree:               0 kB
MemTotal:       12113136 kB
MemFree:          456588 kB
MemAvailable:    7914464 kB
Buffers:            4856 kB
Cached:          7541524 kB
SwapCached:            0 kB
Active:          1934472 kB
Inactive:        7163524 kB
Active(anon):    1534460 kB
Inactive(anon):    49900 kB
Active(file):     400012 kB
Inactive(file):  7113624 kB
Unevictable:        5624 kB
Mlocked:            5624 kB
SwapTotal:       3145724 kB
SwapFree:        3145724 kB
Dirty:               412 kB
Writeback:             0 kB
AnonPages:       1557172 kB
Mapped:           787396 kB
Shmem:             28172 kB
KReclaimable:     812944 kB
Slab:             218876 kB
SReclaimable:      70108 kB
SUnreclaim:       148768 kB
KernelStack:       48960 kB
PageTables:        68012 kB
NFS_Unstable:          0 kB
Bounce:                0 kB
WritebackTmp:          0 kB
CommitLimit:     9202292 kB
Committed_AS:   77584796 kB
VmallocTotal:   263061440 kB
VmallocUsed:      106176 kB
VmallocChunk:          0 kB
Percpu:             7584 kB
CmaTotal:         294912 kB
CmaFree:               0 kB
MemTotal:       12113136 kB
MemFree:          454780 kB
MemAvailable:    7912664 kB
Buffers:            4856 kB
Cached:          7541532 kB
SwapCached:            0 kB
Active:          1937020 kB
Inactive:        7163532 kB
Active(anon):    1537008 kB
Inactive(anon):    49900 kB
Active(file):     400012 kB
Inactive(file):  7113632 kB
Unevictable:        5624 kB
Mlocked:            5624 kB
SwapTotal:       3145724 kB
SwapFree:        3145724 kB
Dirty:               420 kB
Writeback:             0 kB
AnonPages:       1559648 kB
Mapped:           787040 kB
Shmem:             28172 kB
KReclaimable:     812944 kB
Slab:             218872 kB
SReclaimable:      70108 kB
SUnreclaim:       148764 kB
KernelStack:       48948 kB
PageTables:        68000 kB
NFS_Unstable:          0 kB
Bounce:                0 kB
WritebackTmp:          0 kB
CommitLimit:     9202292 kB
Committed_AS:   77584572 kB
VmallocTotal:   263061440 kB
VmallocUsed:      106176 kB
VmallocChunk:          0 kB
Percpu:             7584 kB
CmaTotal:         294912 kB
CmaFree:               0 kB
MemTotal:       12113136 kB
MemFree:          453436 kB
MemAvailable:    7911336 kB
Buffers:            4856 kB
Cached:          7541552 kB
SwapCached:            0 kB
Active:          1937912 kB
Inactive:        7163552 kB
Active(anon):    1537900 kB
Inactive(anon):    49904 kB
Active(file):     400012 kB
Inactive(file):  7113648 kB
Unevictable:        5624 kB
Mlocked:            5624 kB
SwapTotal:       3145724 kB
SwapFree:        3145724 kB
Dirty:               440 kB
Writeback:             0 kB
AnonPages:       1560400 kB
Mapped:           786920 kB
Shmem:             28176 kB
KReclaimable:     812944 kB
Slab:             218868 kB
SReclaimable:      70108 kB
SUnreclaim:       148760 kB
KernelStack:       48944 kB
PageTables:        67976 kB
NFS_Unstable:          0 kB
Bounce:                0 kB
WritebackTmp:          0 kB
CommitLimit:     9202292 kB
Committed_AS:   77579844 kB
VmallocTotal:   263061440 kB
VmallocUsed:      106144 kB
VmallocChunk:          0 kB
Percpu:             7584 kB
CmaTotal:         294912 kB
CmaFree:               0 kB
MemTotal:       12113136 kB
MemFree:          451260 kB
MemAvailable:    7909172 kB
Buffers:            4856 kB
Cached:          7541564 kB
SwapCached:            0 kB
Active:          1939992 kB
Inactive:        7163556 kB
Active(anon):    1539972 kB
Inactive(anon):    49904 kB
Active(file):     400020 kB
Inactive(file):  7113652 kB
Unevictable:        5624 kB
Mlocked:            5624 kB
SwapTotal:       3145724 kB
SwapFree:        3145724 kB
Dirty:               472 kB
Writeback:             0 kB
AnonPages:       1562676 kB
Mapped:           787112 kB
Shmem:             28176 kB
KReclaimable:     812944 kB
Slab:             218868 kB
SReclaimable:      70108 kB
SUnreclaim:       148760 kB
KernelStack:       48812 kB
PageTables:        68052 kB
NFS_Unstable:          0 kB
Bounce:                0 kB
WritebackTmp:          0 kB
CommitLimit:     9202292 kB
Committed_AS:   77576792 kB
VmallocTotal:   263061440 kB
VmallocUsed:      105936 kB
VmallocChunk:          0 kB
Percpu:             7584 kB
CmaTotal:         294912 kB
CmaFree:               0 kB
MemTotal:       12113136 kB
MemFree:          449872 kB
MemAvailable:    7907788 kB
Buffers:            4856 kB
Cached:          7541576 kB
SwapCached:            0 kB
Active:          1942156 kB
Inactive:        7163568 kB
Active(anon):    1542136 kB
Inactive(anon):    49912 kB
Active(file):     400020 kB
Inactive(file):  7113656 kB
Unevictable:        5624 kB
Mlocked:            5624 kB
SwapTotal:       3145724 kB
SwapFree:        3145724 kB
Dirty:               532 kB
Writeback:             0 kB
AnonPages:       1564768 kB
Mapped:           787180 kB
Shmem:             28184 kB
KReclaimable:     812944 kB
Slab:             218868 kB
SReclaimable:      70108 kB
SUnreclaim:       148760 kB
KernelStack:       48688 kB
PageTables:        67840 kB
NFS_Unstable:          0 kB
Bounce:                0 kB
WritebackTmp:          0 kB
CommitLimit:     9202292 kB
Committed_AS:   77577552 kB
VmallocTotal:   263061440 kB
VmallocUsed:      105888 kB
VmallocChunk:          0 kB
Percpu:             7584 kB
CmaTotal:         294912 kB
CmaFree:               0 kB
MemTotal:       12113136 kB
MemFree:          449484 kB
MemAvailable:    7907420 kB
Buffers:            4856 kB
Cached:          7541596 kB
SwapCached:            0 kB
Active:          1942836 kB
Inactive:        7163588 kB
Active(anon):    1542816 kB
Inactive(anon):    49912 kB
Active(file):     400020 kB
Inactive(file):  7113676 kB
Unevictable:        5624 kB
Mlocked:            5624 kB
SwapTotal:       3145724 kB
SwapFree:        3145724 kB
Dirty:               180 kB
Writeback:             0 kB
AnonPages:       1565324 kB
Mapped:           787220 kB
Shmem:             28184 kB
KReclaimable:     812944 kB
Slab:             218872 kB
SReclaimable:      70108 kB
SUnreclaim:       148764 kB
KernelStack:       48688 kB
PageTables:        68108 kB
NFS_Unstable:          0 kB
Bounce:                0 kB
WritebackTmp:          0 kB
CommitLimit:     9202292 kB
Committed_AS:   77566196 kB
VmallocTotal:   263061440 kB
VmallocUsed:      105888 kB
VmallocChunk:          0 kB
Percpu:             7584 kB
CmaTotal:         294912 kB
CmaFree:               0 kB
MemTotal:       12113136 kB
MemFree:          447308 kB
MemAvailable:    7905260 kB
Buffers:            4856 kB
Cached:          7541636 kB
SwapCached:            0 kB
Active:          1945028 kB
Inactive:        7163628 kB
Active(anon):    1545008 kB
Inactive(anon):    49936 kB
Active(file):     400020 kB
Inactive(file):  7113692 kB
Unevictable:        5624 kB
Mlocked:            5624 kB
SwapTotal:       3145724 kB
SwapFree:        3145724 kB
Dirty:               248 kB
Writeback:             0 kB
AnonPages:       1568452 kB
Mapped:           787512 kB
Shmem:             28208 kB
KReclaimable:     812944 kB
Slab:             218872 kB
SReclaimable:      70108 kB
SUnreclaim:       148764 kB
KernelStack:       48688 kB
PageTables:        68156 kB
NFS_Unstable:          0 kB
Bounce:                0 kB
WritebackTmp:          0 kB
CommitLimit:     9202292 kB
Committed_AS:   77585212 kB
VmallocTotal:   263061440 kB
VmallocUsed:      105904 kB
VmallocChunk:          0 kB
Percpu:             7584 kB
CmaTotal:         294912 kB
CmaFree:               0 kB
MemTotal:       12113136 kB
MemFree:          445352 kB
MemAvailable:    7903308 kB
Buffers:            4856 kB
Cached:          7541640 kB
SwapCached:            0 kB
Active:          1946128 kB
Inactive:        7163628 kB
Active(anon):    1546104 kB
Inactive(anon):    49936 kB
Active(file):     400024 kB
Inactive(file):  7113692 kB
Unevictable:        5624 kB
Mlocked:            5624 kB
SwapTotal:       3145724 kB
SwapFree:        3145724 kB
Dirty:               468 kB
Writeback:             0 kB
AnonPages:       1568828 kB
Mapped:           787596 kB
Shmem:             28208 kB
KReclaimable:     812944 kB
Slab:             218872 kB
SReclaimable:      70108 kB
SUnreclaim:       148764 kB
KernelStack:       48720 kB
PageTables:        68044 kB
NFS_Unstable:          0 kB
Bounce:                0 kB
WritebackTmp:          0 kB
CommitLimit:     9202292 kB
Committed_AS:   77578368 kB
VmallocTotal:   263061440 kB
VmallocUsed:      105872 kB
VmallocChunk:          0 kB
Percpu:             7584 kB
CmaTotal:         294912 kB
CmaFree:               0 kB
MemTotal:       12113136 kB
MemFree:          442584 kB
MemAvailable:    7900572 kB
Buffers:            4856 kB
Cached:          7541672 kB
SwapCached:            0 kB
Active:          1948680 kB
Inactive:        7163660 kB
Active(anon):    1548656 kB
Inactive(anon):    49936 kB
Active(file):     400024 kB
Inactive(file):  7113724 kB
Unevictable:        5624 kB
Mlocked:            5624 kB
SwapTotal:       3145724 kB
SwapFree:        3145724 kB
Dirty:               548 kB
Writeback:             0 kB
AnonPages:       1571468 kB
Mapped:           786676 kB
Shmem:             28208 kB
KReclaimable:     812944 kB
Slab:             218872 kB
SReclaimable:      70108 kB
SUnreclaim:       148764 kB
KernelStack:       48736 kB
PageTables:        68164 kB
NFS_Unstable:          0 kB
Bounce:                0 kB
WritebackTmp:          0 kB
CommitLimit:     9202292 kB
Committed_AS:   77593680 kB
VmallocTotal:   263061440 kB
VmallocUsed:      105888 kB
VmallocChunk:          0 kB
Percpu:             7584 kB
CmaTotal:         294912 kB
CmaFree:               0 kB
MemTotal:       12113136 kB
MemFree:          444812 kB
MemAvailable:    7902816 kB
Buffers:            4856 kB
Cached:          7541692 kB
SwapCached:            0 kB
Active:          1945992 kB
Inactive:        7163680 kB
Active(anon):    1545968 kB
Inactive(anon):    49940 kB
Active(file):     400024 kB
Inactive(file):  7113740 kB
Unevictable:        5624 kB
Mlocked:            5624 kB
SwapTotal:       3145724 kB
SwapFree:        3145724 kB
Dirty:               568 kB
Writeback:             0 kB
AnonPages:       1568484 kB
Mapped:           786936 kB
Shmem:             28212 kB
KReclaimable:     812944 kB
Slab:             218864 kB
SReclaimable:      70108 kB
SUnreclaim:       148756 kB
KernelStack:       48704 kB
PageTables:        67952 kB
NFS_Unstable:          0 kB
Bounce:                0 kB
WritebackTmp:          0 kB
CommitLimit:     9202292 kB
Committed_AS:   77598372 kB
VmallocTotal:   263061440 kB
VmallocUsed:      105936 kB
VmallocChunk:          0 kB
Percpu:             7584 kB
CmaTotal:         294912 kB
CmaFree:               4 kB
MemTotal:       12113136 kB
MemFree:          442368 kB
MemAvailable:    7900388 kB
Buffers:            4856 kB
Cached:          7541708 kB
SwapCached:            0 kB
Active:          1948652 kB
Inactive:        7163692 kB
Active(anon):    1548624 kB
Inactive(anon):    49940 kB
Active(file):     400028 kB
Inactive(file):  7113752 kB
Unevictable:        5624 kB
Mlocked:            5624 kB
SwapTotal:       3145724 kB
SwapFree:        3145724 kB
Dirty:               324 kB
Writeback:             0 kB
AnonPages:       1571340 kB
Mapped:           787020 kB
Shmem:             28212 kB
KReclaimable:     812944 kB
Slab:             218864 kB
SReclaimable:      70108 kB
SUnreclaim:       148756 kB
KernelStack:       48740 kB
PageTables:        68244 kB
NFS_Unstable:          0 kB
Bounce:                0 kB
WritebackTmp:          0 kB
CommitLimit:     9202292 kB
Committed_AS:   77598224 kB
VmallocTotal:   263061440 kB
VmallocUsed:      105920 kB
VmallocChunk:          0 kB
Percpu:             7584 kB
CmaTotal:         294912 kB
CmaFree:               8 kB
MemTotal:       12113136 kB
MemFree:          441608 kB
MemAvailable:    7899636 kB
Buffers:            4856 kB
Cached:          7541716 kB
SwapCached:            0 kB
Active:          1949748 kB
Inactive:        7163700 kB
Active(anon):    1549720 kB
Inactive(anon):    49940 kB
Active(file):     400028 kB
Inactive(file):  7113760 kB
Unevictable:        5624 kB
Mlocked:            5624 kB
SwapTotal:       3145724 kB
SwapFree:        3145724 kB
Dirty:               228 kB
Writeback:             0 kB
AnonPages:       1572680 kB
Mapped:           787292 kB
Shmem:             28212 kB
KReclaimable:     812944 kB
Slab:             218908 kB
SReclaimable:      70108 kB
SUnreclaim:       148800 kB
KernelStack:       48724 kB
PageTables:        67948 kB
NFS_Unstable:          0 kB
Bounce:                0 kB
WritebackTmp:          0 kB
CommitLimit:     9202292 kB
Committed_AS:   77598056 kB
VmallocTotal:   263061440 kB
VmallocUsed:      105952 kB
VmallocChunk:          0 kB
Percpu:             7584 kB
CmaTotal:         294912 kB
CmaFree:               0 kB
MemTotal:       12113136 kB
MemFree:          438236 kB
MemAvailable:    7896280 kB
Buffers:            4856 kB
Cached:          7541756 kB
SwapCached:            0 kB
Active:          1952164 kB
Inactive:        7163740 kB
Active(anon):    1552136 kB
Inactive(anon):    49964 kB
Active(file):     400028 kB
Inactive(file):  7113776 kB
Unevictable:        5624 kB
Mlocked:            5624 kB
SwapTotal:       3145724 kB
SwapFree:        3145724 kB
Dirty:               300 kB
Writeback:             0 kB
AnonPages:       1575064 kB
Mapped:           787408 kB
Shmem:             28236 kB
KReclaimable:     812944 kB
Slab:             218908 kB
SReclaimable:      70108 kB
SUnreclaim:       148800 kB
KernelStack:       48724 kB
PageTables:        68088 kB
NFS_Unstable:          0 kB
Bounce:                0 kB
WritebackTmp:          0 kB
CommitLimit:     9202292 kB
Committed_AS:   77596740 kB
VmallocTotal:   263061440 kB
VmallocUsed:      105984 kB
VmallocChunk:          0 kB
Percpu:             7584 kB
CmaTotal:         294912 kB
CmaFree:               0 kB
MemTotal:       12113136 kB
MemFree:          435724 kB
MemAvailable:    7893788 kB
Buffers:            4860 kB
Cached:          7541776 kB
SwapCached:            0 kB
Active:          1955084 kB
Inactive:        7163760 kB
Active(anon):    1555052 kB
Inactive(anon):    49968 kB
Active(file):     400032 kB
Inactive(file):  7113792 kB
Unevictable:        5624 kB
Mlocked:            5624 kB
SwapTotal:       3145724 kB
SwapFree:        3145724 kB
Dirty:               360 kB
Writeback:             0 kB
AnonPages:       1577764 kB
Mapped:           787644 kB
Shmem:             28240 kB
KReclaimable:     812944 kB
Slab:             218904 kB
SReclaimable:      70108 kB
SUnreclaim:       148796 kB
KernelStack:       48752 kB
PageTables:        68088 kB
NFS_Unstable:          0 kB
Bounce:                0 kB
WritebackTmp:          0 kB
CommitLimit:     9202292 kB
Committed_AS:   77596496 kB
VmallocTotal:   263061440 kB
VmallocUsed:      106000 kB
VmallocChunk:          0 kB
Percpu:             7584 kB
CmaTotal:         294912 kB
CmaFree:               0 kB
MemTotal:       12113136 kB
MemFree:          435120 kB
MemAvailable:    7893220 kB
Buffers:            4860 kB
Cached:          7541812 kB
SwapCached:            0 kB
Active:          1955628 kB
Inactive:        7163792 kB
Active(anon):    1555592 kB
Inactive(anon):    49968 kB
Active(file):     400036 kB
Inactive(file):  7113824 kB
Unevictable:        5624 kB
Mlocked:            5624 kB
SwapTotal:       3145724 kB
SwapFree:        3145724 kB
Dirty:               348 kB
Writeback:             0 kB
AnonPages:       1578288 kB
Mapped:           787216 kB
Shmem:             28240 kB
KReclaimable:     812944 kB
Slab:             218912 kB
SReclaimable:      70108 kB
SUnreclaim:       148804 kB
KernelStack:       48752 kB
PageTables:        68188 kB
NFS_Unstable:          0 kB
Bounce:                0 kB
WritebackTmp:          0 kB
CommitLimit:     9202292 kB
Committed_AS:   77601768 kB
VmallocTotal:   263061440 kB
VmallocUsed:      106000 kB
VmallocChunk:          0 kB
Percpu:             7584 kB
CmaTotal:         294912 kB
CmaFree:               0 kB
MemTotal:       12113136 kB
MemFree:          428564 kB
MemAvailable:    7884532 kB
Buffers:            4860 kB
Cached:          7542036 kB
SwapCached:            0 kB
Active:          1960960 kB
Inactive:        7163980 kB
Active(anon):    1560928 kB
Inactive(anon):    50148 kB
Active(file):     400032 kB
Inactive(file):  7113832 kB
Unevictable:        5624 kB
Mlocked:            5624 kB
SwapTotal:       3145724 kB
SwapFree:        3145724 kB
Dirty:               388 kB
Writeback:             0 kB
AnonPages:       1584164 kB
Mapped:           787396 kB
Shmem:             28460 kB
KReclaimable:     810808 kB
Slab:             218896 kB
SReclaimable:      70108 kB
SUnreclaim:       148788 kB
KernelStack:       48788 kB
PageTables:        67916 kB
NFS_Unstable:          0 kB
Bounce:                0 kB
WritebackTmp:          0 kB
CommitLimit:     9202292 kB
Committed_AS:   77602072 kB
VmallocTotal:   263061440 kB
VmallocUsed:      105968 kB
VmallocChunk:          0 kB
Percpu:             7584 kB
CmaTotal:         294912 kB
CmaFree:               0 kB
MemTotal:       12113136 kB
MemFree:          426824 kB
MemAvailable:    7882828 kB
Buffers:            4860 kB
Cached:          7542092 kB
SwapCached:            0 kB
Active:          1963904 kB
Inactive:        7164056 kB
Active(anon):    1563876 kB
Inactive(anon):    50212 kB
Active(file):     400028 kB
Inactive(file):  7113844 kB
Unevictable:        5624 kB
Mlocked:            5624 kB
SwapTotal:       3145724 kB
SwapFree:        3145724 kB
Dirty:               412 kB
Writeback:             0 kB
AnonPages:       1586520 kB
Mapped:           787644 kB
Shmem:             28508 kB
KReclaimable:     810836 kB
Slab:             218900 kB
SReclaimable:      70108 kB
SUnreclaim:       148792 kB
KernelStack:       48768 kB
PageTables:        67988 kB
NFS_Unstable:          0 kB
Bounce:                0 kB
WritebackTmp:          0 kB
CommitLimit:     9202292 kB
Committed_AS:   77605472 kB
VmallocTotal:   263061440 kB
VmallocUsed:      106016 kB
VmallocChunk:          0 kB
Percpu:             7584 kB
CmaTotal:         294912 kB
CmaFree:               0 kB
MemTotal:       12113136 kB
MemFree:          423516 kB
MemAvailable:    7879520 kB
Buffers:            4860 kB
Cached:          7542172 kB
SwapCached:            0 kB
Active:          1966224 kB
Inactive:        7164132 kB
Active(anon):    1566192 kB
Inactive(anon):    50284 kB
Active(file):     400032 kB
Inactive(file):  7113848 kB
Unevictable:        5624 kB
Mlocked:            5624 kB
SwapTotal:       3145724 kB
SwapFree:        3145724 kB
Dirty:               448 kB
Writeback:             0 kB
AnonPages:       1588956 kB
Mapped:           787904 kB
Shmem:             28580 kB
KReclaimable:     810828 kB
Slab:             218892 kB
SReclaimable:      70108 kB
SUnreclaim:       148784 kB
KernelStack:       48800 kB
PageTables:        68196 kB
NFS_Unstable:          0 kB
Bounce:                0 kB
WritebackTmp:          0 kB
CommitLimit:     9202292 kB
Committed_AS:   77606452 kB
VmallocTotal:   263061440 kB
VmallocUsed:      106032 kB
VmallocChunk:          0 kB
Percpu:             7584 kB
CmaTotal:         294912 kB
CmaFree:               0 kB
MemTotal:       12113136 kB
MemFree:          435788 kB
MemAvailable:    7891808 kB
Buffers:            4860 kB
Cached:          7541968 kB
SwapCached:            0 kB
Active:          1954800 kB
Inactive:        7163924 kB
Active(anon):    1554764 kB
Inactive(anon):    50060 kB
Active(file):     400036 kB
Inactive(file):  7113864 kB
Unevictable:        5624 kB
Mlocked:            5624 kB
SwapTotal:       3145724 kB
SwapFree:        3145724 kB
Dirty:               504 kB
Writeback:             0 kB
AnonPages:       1577516 kB
Mapped:           787808 kB
Shmem:             28356 kB
KReclaimable:     810824 kB
Slab:             218892 kB
SReclaimable:      70108 kB
SUnreclaim:       148784 kB
KernelStack:       48768 kB
PageTables:        68048 kB
NFS_Unstable:          0 kB
Bounce:                0 kB
WritebackTmp:          0 kB
CommitLimit:     9202292 kB
Committed_AS:   77606628 kB
VmallocTotal:   263061440 kB
VmallocUsed:      106016 kB
VmallocChunk:          0 kB
Percpu:             7584 kB
CmaTotal:         294912 kB
CmaFree:               0 kB
MemTotal:       12113136 kB
MemFree:          433460 kB
MemAvailable:    7889492 kB
Buffers:            4860 kB
Cached:          7542052 kB
SwapCached:            0 kB
Active:          1957276 kB
Inactive:        7164008 kB
Active(anon):    1557240 kB
Inactive(anon):    50132 kB
Active(file):     400036 kB
Inactive(file):  7113876 kB
Unevictable:        5624 kB
Mlocked:            5624 kB
SwapTotal:       3145724 kB
SwapFree:        3145724 kB
Dirty:               540 kB
Writeback:             0 kB
AnonPages:       1579924 kB
Mapped:           788024 kB
Shmem:             28428 kB
KReclaimable:     810824 kB
Slab:             218900 kB
SReclaimable:      70108 kB
SUnreclaim:       148792 kB
KernelStack:       48768 kB
PageTables:        67908 kB
NFS_Unstable:          0 kB
Bounce:                0 kB
WritebackTmp:          0 kB
CommitLimit:     9202292 kB
Committed_AS:   77606264 kB
VmallocTotal:   263061440 kB
VmallocUsed:      106016 kB
VmallocChunk:          0 kB
Percpu:             7584 kB
CmaTotal:         294912 kB
CmaFree:               0 kB
MemTotal:       12113136 kB
MemFree:          431448 kB
MemAvailable:    7887492 kB
Buffers:            4860 kB
Cached:          7542156 kB
SwapCached:            0 kB
Active:          1958448 kB
Inactive:        7164112 kB
Active(anon):    1558412 kB
Inactive(anon):    50224 kB
Active(file):     400036 kB
Inactive(file):  7113888 kB
Unevictable:        5624 kB
Mlocked:            5624 kB
SwapTotal:       3145724 kB
SwapFree:        3145724 kB
Dirty:               352 kB
Writeback:             0 kB
AnonPages:       1581328 kB
Mapped:           787580 kB
Shmem:             28520 kB
KReclaimable:     810824 kB
Slab:             218888 kB
SReclaimable:      70108 kB
SUnreclaim:       148780 kB
KernelStack:       48784 kB
PageTables:        67852 kB
NFS_Unstable:          0 kB
Bounce:                0 kB
WritebackTmp:          0 kB
CommitLimit:     9202292 kB
Committed_AS:   77612232 kB
VmallocTotal:   263061440 kB
VmallocUsed:      106000 kB
VmallocChunk:          0 kB
Percpu:             7584 kB
CmaTotal:         294912 kB
CmaFree:              48 kB
MemTotal:       12113136 kB
MemFree:          430220 kB
MemAvailable:    7886276 kB
Buffers:            4860 kB
Cached:          7542236 kB
SwapCached:            0 kB
Active:          1959184 kB
Inactive:        7164188 kB
Active(anon):    1559144 kB
Inactive(anon):    50292 kB
Active(file):     400040 kB
Inactive(file):  7113896 kB
Unevictable:        5624 kB
Mlocked:            5624 kB
SwapTotal:       3145724 kB
SwapFree:        3145724 kB
Dirty:               296 kB
Writeback:             0 kB
AnonPages:       1581996 kB
Mapped:           787768 kB
Shmem:             28588 kB
KReclaimable:     810824 kB
Slab:             218936 kB
SReclaimable:      70108 kB
SUnreclaim:       148828 kB
KernelStack:       48804 kB
PageTables:        68344 kB
NFS_Unstable:          0 kB
Bounce:                0 kB
WritebackTmp:          0 kB
CommitLimit:     9202292 kB
Committed_AS:   77616772 kB
VmallocTotal:   263061440 kB
VmallocUsed:      106032 kB
VmallocChunk:          0 kB
Percpu:             7584 kB
CmaTotal:         294912 kB
CmaFree:               0 kB
MemTotal:       12113136 kB
MemFree:          427376 kB
MemAvailable:    7883444 kB
Buffers:            4860 kB
Cached:          7542312 kB
SwapCached:            0 kB
Active:          1963072 kB
Inactive:        7164264 kB
Active(anon):    1563032 kB
Inactive(anon):    50356 kB
Active(file):     400040 kB
Inactive(file):  7113908 kB
Unevictable:        5624 kB
Mlocked:            5624 kB
SwapTotal:       3145724 kB
SwapFree:        3145724 kB
Dirty:               348 kB
Writeback:             0 kB
AnonPages:       1585412 kB
Mapped:           787772 kB
Shmem:             28652 kB
KReclaimable:     810824 kB
Slab:             218944 kB
SReclaimable:      70108 kB
SUnreclaim:       148836 kB
KernelStack:       48820 kB
PageTables:        67988 kB
NFS_Unstable:          0 kB
Bounce:                0 kB
WritebackTmp:          0 kB
CommitLimit:     9202292 kB
Committed_AS:   77616420 kB
VmallocTotal:   263061440 kB
VmallocUsed:      106016 kB
VmallocChunk:          0 kB
Percpu:             7584 kB
CmaTotal:         294912 kB
CmaFree:               0 kB
MemTotal:       12113136 kB
MemFree:          425160 kB
MemAvailable:    7881252 kB
Buffers:            4860 kB
Cached:          7542408 kB
SwapCached:            0 kB
Active:          1965428 kB
Inactive:        7164356 kB
Active(anon):    1565384 kB
Inactive(anon):    50428 kB
Active(file):     400044 kB
Inactive(file):  7113928 kB
Unevictable:        5624 kB
Mlocked:            5624 kB
SwapTotal:       3145724 kB
SwapFree:        3145724 kB
Dirty:               404 kB
Writeback:             0 kB
AnonPages:       1588080 kB
Mapped:           787916 kB
Shmem:             28724 kB
KReclaimable:     810824 kB
Slab:             218944 kB
SReclaimable:      70108 kB
SUnreclaim:       148836 kB
KernelStack:       48816 kB
PageTables:        68088 kB
NFS_Unstable:          0 kB
Bounce:                0 kB
WritebackTmp:          0 kB
CommitLimit:     9202292 kB
Committed_AS:   77614856 kB
VmallocTotal:   263061440 kB
VmallocUsed:      106016 kB
VmallocChunk:          0 kB
Percpu:             7584 kB
CmaTotal:         294912 kB
CmaFree:               0 kB
MemTotal:       12113136 kB
MemFree:          423500 kB
MemAvailable:    7879608 kB
Buffers:            4860 kB
Cached:          7542492 kB
SwapCached:            0 kB
Active:          1965500 kB
Inactive:        7164444 kB
Active(anon):    1565460 kB
Inactive(anon):    50496 kB
Active(file):     400040 kB
Inactive(file):  7113948 kB
Unevictable:        5624 kB
Mlocked:            5624 kB
SwapTotal:       3145724 kB
SwapFree:        3145724 kB
Dirty:               452 kB
Writeback:             0 kB
AnonPages:       1588240 kB
Mapped:           788340 kB
Shmem:             28792 kB
KReclaimable:     810824 kB
Slab:             218956 kB
SReclaimable:      70108 kB
SUnreclaim:       148848 kB
KernelStack:       48816 kB
PageTables:        68172 kB
NFS_Unstable:          0 kB
Bounce:                0 kB
WritebackTmp:          0 kB
CommitLimit:     9202292 kB
Committed_AS:   77620020 kB
VmallocTotal:   263061440 kB
VmallocUsed:      106016 kB
VmallocChunk:          0 kB
Percpu:             7584 kB
CmaTotal:         294912 kB
CmaFree:               0 kB
MemTotal:       12113136 kB
MemFree:          427316 kB
MemAvailable:    7883428 kB
Buffers:            4860 kB
Cached:          7542560 kB
SwapCached:            0 kB
Active:          1962828 kB
Inactive:        7164512 kB
Active(anon):    1562788 kB
Inactive(anon):    50560 kB
Active(file):     400040 kB
Inactive(file):  7113952 kB
Unevictable:        5624 kB
Mlocked:            5624 kB
SwapTotal:       3145724 kB
SwapFree:        3145724 kB
Dirty:               236 kB
Writeback:             0 kB
AnonPages:       1585676 kB
Mapped:           788352 kB
Shmem:             28856 kB
KReclaimable:     810824 kB
Slab:             218960 kB
SReclaimable:      70108 kB
SUnreclaim:       148852 kB
KernelStack:       48772 kB
PageTables:        68012 kB
NFS_Unstable:          0 kB
Bounce:                0 kB
WritebackTmp:          0 kB
CommitLimit:     9202292 kB
Committed_AS:   77618892 kB
VmallocTotal:   263061440 kB
VmallocUsed:      106016 kB
VmallocChunk:          0 kB
Percpu:             7584 kB
CmaTotal:         294912 kB
CmaFree:               0 kB
MemTotal:       12113136 kB
MemFree:          431744 kB
MemAvailable:    7887868 kB
Buffers:            4860 kB
Cached:          7542636 kB
SwapCached:            0 kB
Active:          1956664 kB
Inactive:        7164588 kB
Active(anon):    1556624 kB
Inactive(anon):    50624 kB
Active(file):     400040 kB
Inactive(file):  7113964 kB
Unevictable:        5624 kB
Mlocked:            5624 kB
SwapTotal:       3145724 kB
SwapFree:        3145724 kB
Dirty:               288 kB
Writeback:             0 kB
AnonPages:       1579116 kB
Mapped:           787732 kB
Shmem:             28920 kB
KReclaimable:     810824 kB
Slab:             218888 kB
SReclaimable:      70108 kB
SUnreclaim:       148780 kB
KernelStack:       48768 kB
PageTables:        68112 kB
NFS_Unstable:          0 kB
Bounce:                0 kB
WritebackTmp:          0 kB
CommitLimit:     9202292 kB
Committed_AS:   77624048 kB
VmallocTotal:   263061440 kB
VmallocUsed:      106016 kB
VmallocChunk:          0 kB
Percpu:             7584 kB
CmaTotal:         294912 kB
CmaFree:               0 kB
MemTotal:       12113136 kB
MemFree:          442996 kB
MemAvailable:    7899124 kB
Buffers:            4860 kB
Cached:          7542644 kB
SwapCached:            0 kB
Active:          1946044 kB
Inactive:        7164596 kB
Active(anon):    1546004 kB
Inactive(anon):    50628 kB
Active(file):     400040 kB
Inactive(file):  7113968 kB
Unevictable:        5624 kB
Mlocked:            5624 kB
SwapTotal:       3145724 kB
SwapFree:        3145724 kB
Dirty:               308 kB
Writeback:             0 kB
AnonPages:       1568168 kB
Mapped:           787656 kB
Shmem:             28924 kB
KReclaimable:     810824 kB
Slab:             218892 kB
SReclaimable:      70108 kB
SUnreclaim:       148784 kB
KernelStack:       48820 kB
PageTables:        68096 kB
NFS_Unstable:          0 kB
Bounce:                0 kB
WritebackTmp:          0 kB
CommitLimit:     9202292 kB
Committed_AS:   77619016 kB
VmallocTotal:   263061440 kB
VmallocUsed:      106016 kB
VmallocChunk:          0 kB
Percpu:             7584 kB
CmaTotal:         294912 kB
CmaFree:               0 kB
MemTotal:       12113136 kB
MemFree:          440712 kB
MemAvailable:    7896876 kB
Buffers:            4864 kB
Cached:          7542800 kB
SwapCached:            0 kB
Active:          1948720 kB
Inactive:        7164752 kB
Active(anon):    1548676 kB
Inactive(anon):    50756 kB
Active(file):     400044 kB
Inactive(file):  7113996 kB
Unevictable:        5624 kB
Mlocked:            5624 kB
SwapTotal:       3145724 kB
SwapFree:        3145724 kB
Dirty:               420 kB
Writeback:             0 kB
AnonPages:       1571408 kB
Mapped:           787528 kB
Shmem:             29052 kB
KReclaimable:     810828 kB
Slab:             218900 kB
SReclaimable:      70112 kB
SUnreclaim:       148788 kB
KernelStack:       48752 kB
PageTables:        68028 kB
NFS_Unstable:          0 kB
Bounce:                0 kB
WritebackTmp:          0 kB
CommitLimit:     9202292 kB
Committed_AS:   77618848 kB
VmallocTotal:   263061440 kB
VmallocUsed:      106000 kB
VmallocChunk:          0 kB
Percpu:             7584 kB
CmaTotal:         294912 kB
CmaFree:               0 kB
MemTotal:       12113136 kB
MemFree:          437100 kB
MemAvailable:    7893272 kB
Buffers:            4864 kB
Cached:          7542872 kB
SwapCached:            0 kB
Active:          1951428 kB
Inactive:        7164824 kB
Active(anon):    1551384 kB
Inactive(anon):    50820 kB
Active(file):     400044 kB
Inactive(file):  7114004 kB
Unevictable:        5624 kB
Mlocked:            5624 kB
SwapTotal:       3145724 kB
SwapFree:        3145724 kB
Dirty:               416 kB
Writeback:             0 kB
AnonPages:       1574488 kB
Mapped:           787596 kB
Shmem:             29116 kB
KReclaimable:     810828 kB
Slab:             218908 kB
SReclaimable:      70112 kB
SUnreclaim:       148796 kB
KernelStack:       48788 kB
PageTables:        68148 kB
NFS_Unstable:          0 kB
Bounce:                0 kB
WritebackTmp:          0 kB
CommitLimit:     9202292 kB
Committed_AS:   77613172 kB
VmallocTotal:   263061440 kB
VmallocUsed:      106016 kB
VmallocChunk:          0 kB
Percpu:             7584 kB
CmaTotal:         294912 kB
CmaFree:               0 kB
MemTotal:       12113136 kB
MemFree:          433736 kB
MemAvailable:    7889936 kB
Buffers:            4864 kB
Cached:          7542972 kB
SwapCached:            0 kB
Active:          1954156 kB
Inactive:        7164920 kB
Active(anon):    1554108 kB
Inactive(anon):    50892 kB
Active(file):     400048 kB
Inactive(file):  7114028 kB
Unevictable:        5624 kB
Mlocked:            5624 kB
SwapTotal:       3145724 kB
SwapFree:        3145724 kB
Dirty:               472 kB
Writeback:             0 kB
AnonPages:       1576960 kB
Mapped:           787928 kB
Shmem:             29188 kB
KReclaimable:     810828 kB
Slab:             218904 kB
SReclaimable:      70112 kB
SUnreclaim:       148792 kB
KernelStack:       48720 kB
PageTables:        67976 kB
NFS_Unstable:          0 kB
Bounce:                0 kB
WritebackTmp:          0 kB
CommitLimit:     9202292 kB
Committed_AS:   77633260 kB
VmallocTotal:   263061440 kB
VmallocUsed:      106016 kB
VmallocChunk:          0 kB
Percpu:             7584 kB
CmaTotal:         294912 kB
CmaFree:               0 kB
MemTotal:       12113136 kB
MemFree:          432172 kB
MemAvailable:    7888384 kB
Buffers:            4864 kB
Cached:          7543052 kB
SwapCached:            0 kB
Active:          1956800 kB
Inactive:        7165004 kB
Active(anon):    1556756 kB
Inactive(anon):    50960 kB
Active(file):     400044 kB
Inactive(file):  7114044 kB
Unevictable:        5624 kB
Mlocked:            5624 kB
SwapTotal:       3145724 kB
SwapFree:        3145724 kB
Dirty:               348 kB
Writeback:             0 kB
AnonPages:       1579588 kB
Mapped:           788188 kB
Shmem:             29256 kB
KReclaimable:     810828 kB
Slab:             218920 kB
SReclaimable:      70112 kB
SUnreclaim:       148808 kB
KernelStack:       48752 kB
PageTables:        68164 kB
NFS_Unstable:          0 kB
Bounce:                0 kB
WritebackTmp:          0 kB
CommitLimit:     9202292 kB
Committed_AS:   77632688 kB
VmallocTotal:   263061440 kB
VmallocUsed:      105984 kB
VmallocChunk:          0 kB
Percpu:             7584 kB
CmaTotal:         294912 kB
CmaFree:               0 kB
MemTotal:       12113136 kB
MemFree:          430336 kB
MemAvailable:    7886556 kB
Buffers:            4864 kB
Cached:          7543124 kB
SwapCached:            0 kB
Active:          1958268 kB
Inactive:        7165076 kB
Active(anon):    1558224 kB
Inactive(anon):    51024 kB
Active(file):     400044 kB
Inactive(file):  7114052 kB
Unevictable:        5624 kB
Mlocked:            5624 kB
SwapTotal:       3145724 kB
SwapFree:        3145724 kB
Dirty:               372 kB
Writeback:             0 kB
AnonPages:       1580472 kB
Mapped:           787828 kB
Shmem:             29320 kB
KReclaimable:     810828 kB
Slab:             218936 kB
SReclaimable:      70112 kB
SUnreclaim:       148824 kB
KernelStack:       48768 kB
PageTables:        68076 kB
NFS_Unstable:          0 kB
Bounce:                0 kB
WritebackTmp:          0 kB
CommitLimit:     9202292 kB
Committed_AS:   77632980 kB
VmallocTotal:   263061440 kB
VmallocUsed:      106000 kB
VmallocChunk:          0 kB
Percpu:             7584 kB
CmaTotal:         294912 kB
CmaFree:               0 kB
MemTotal:       12113136 kB
MemFree:          427296 kB
MemAvailable:    7883520 kB
Buffers:            4864 kB
Cached:          7543204 kB
SwapCached:            0 kB
Active:          1961552 kB
Inactive:        7165148 kB
Active(anon):    1561500 kB
Inactive(anon):    51100 kB
Active(file):     400052 kB
Inactive(file):  7114048 kB
Unevictable:        5624 kB
Mlocked:            5624 kB
SwapTotal:       3145724 kB
SwapFree:        3145724 kB
Dirty:               404 kB
Writeback:             0 kB
AnonPages:       1584440 kB
Mapped:           787724 kB
Shmem:             29396 kB
KReclaimable:     810828 kB
Slab:             218936 kB
SReclaimable:      70112 kB
SUnreclaim:       148824 kB
KernelStack:       48736 kB
PageTables:        68048 kB
NFS_Unstable:          0 kB
Bounce:                0 kB
WritebackTmp:          0 kB
CommitLimit:     9202292 kB
Committed_AS:   77629392 kB
VmallocTotal:   263061440 kB
VmallocUsed:      105984 kB
VmallocChunk:          0 kB
Percpu:             7584 kB
CmaTotal:         294912 kB
CmaFree:               0 kB
MemTotal:       12113136 kB
MemFree:          419408 kB
MemAvailable:    7875656 kB
Buffers:            4864 kB
Cached:          7543228 kB
SwapCached:            0 kB
Active:          1969420 kB
Inactive:        7165172 kB
Active(anon):    1569368 kB
Inactive(anon):    51100 kB
Active(file):     400052 kB
Inactive(file):  7114072 kB
Unevictable:        5624 kB
Mlocked:            5624 kB
SwapTotal:       3145724 kB
SwapFree:        3145724 kB
Dirty:               444 kB
Writeback:             0 kB
AnonPages:       1592160 kB
Mapped:           787896 kB
Shmem:             29396 kB
KReclaimable:     810828 kB
Slab:             218952 kB
SReclaimable:      70112 kB
SUnreclaim:       148840 kB
KernelStack:       48820 kB
PageTables:        68048 kB
NFS_Unstable:          0 kB
Bounce:                0 kB
WritebackTmp:          0 kB
CommitLimit:     9202292 kB
Committed_AS:   77637984 kB
VmallocTotal:   263061440 kB
VmallocUsed:      106016 kB
VmallocChunk:          0 kB
Percpu:             7584 kB
CmaTotal:         294912 kB
CmaFree:               0 kB
MemTotal:       12113136 kB
MemFree:          485620 kB
MemAvailable:    7942064 kB
Buffers:            4864 kB
Cached:          7543368 kB
SwapCached:            0 kB
Active:          1903852 kB
Inactive:        7165312 kB
Active(anon):    1503800 kB
Inactive(anon):    51236 kB
Active(file):     400052 kB
Inactive(file):  7114076 kB
Unevictable:        5624 kB
Mlocked:            5624 kB
SwapTotal:       3145724 kB
SwapFree:        3145724 kB
Dirty:               208 kB
Writeback:             0 kB
AnonPages:       1526344 kB
Mapped:           788068 kB
Shmem:             29532 kB
KReclaimable:     811020 kB
Slab:             218932 kB
SReclaimable:      70112 kB
SUnreclaim:       148820 kB
KernelStack:       48720 kB
PageTables:        68088 kB
NFS_Unstable:          0 kB
Bounce:                0 kB
WritebackTmp:          0 kB
CommitLimit:     9202292 kB
Committed_AS:   77629932 kB
VmallocTotal:   263061440 kB
VmallocUsed:      105984 kB
VmallocChunk:          0 kB
Percpu:             7584 kB
CmaTotal:         294912 kB
CmaFree:               0 kB
MemTotal:       12113136 kB
MemFree:          484084 kB
MemAvailable:    7940564 kB
Buffers:            4864 kB
Cached:          7543388 kB
SwapCached:            0 kB
Active:          1904948 kB
Inactive:        7165332 kB
Active(anon):    1504896 kB
Inactive(anon):    51236 kB
Active(file):     400052 kB
Inactive(file):  7114096 kB
Unevictable:        5624 kB
Mlocked:            5624 kB
SwapTotal:       3145724 kB
SwapFree:        3145724 kB
Dirty:               296 kB
Writeback:             0 kB
AnonPages:       1527468 kB
Mapped:           788148 kB
Shmem:             29532 kB
KReclaimable:     811036 kB
Slab:             218932 kB
SReclaimable:      70112 kB
SUnreclaim:       148820 kB
KernelStack:       48752 kB
PageTables:        68048 kB
NFS_Unstable:          0 kB
Bounce:                0 kB
WritebackTmp:          0 kB
CommitLimit:     9202292 kB
Committed_AS:   77634616 kB
VmallocTotal:   263061440 kB
VmallocUsed:      105968 kB
VmallocChunk:          0 kB
Percpu:             7584 kB
CmaTotal:         294912 kB
CmaFree:               8 kB
MemTotal:       12113136 kB
MemFree:          481236 kB
MemAvailable:    7937728 kB
Buffers:            4864 kB
Cached:          7543544 kB
SwapCached:            0 kB
Active:          1907920 kB
Inactive:        7165488 kB
Active(anon):    1507868 kB
Inactive(anon):    51380 kB
Active(file):     400052 kB
Inactive(file):  7114108 kB
Unevictable:        5624 kB
Mlocked:            5624 kB
SwapTotal:       3145724 kB
SwapFree:        3145724 kB
Dirty:               320 kB
Writeback:             0 kB
AnonPages:       1530700 kB
Mapped:           788412 kB
Shmem:             29676 kB
KReclaimable:     811036 kB
Slab:             218920 kB
SReclaimable:      70112 kB
SUnreclaim:       148808 kB
KernelStack:       48720 kB
PageTables:        68064 kB
NFS_Unstable:          0 kB
Bounce:                0 kB
WritebackTmp:          0 kB
CommitLimit:     9202292 kB
Committed_AS:   77636160 kB
VmallocTotal:   263061440 kB
VmallocUsed:      105952 kB
VmallocChunk:          0 kB
Percpu:             7584 kB
CmaTotal:         294912 kB
CmaFree:               0 kB
MemTotal:       12113136 kB
MemFree:          475908 kB
MemAvailable:    7932452 kB
Buffers:            4864 kB
Cached:          7543660 kB
SwapCached:            0 kB
Active:          1912344 kB
Inactive:        7165596 kB
Active(anon):    1512284 kB
Inactive(anon):    51444 kB
Active(file):     400060 kB
Inactive(file):  7114152 kB
Unevictable:        5624 kB
Mlocked:            5624 kB
SwapTotal:       3145724 kB
SwapFree:        3145724 kB
Dirty:               392 kB
Writeback:             0 kB
AnonPages:       1534932 kB
Mapped:           788080 kB
Shmem:             29740 kB
KReclaimable:     811036 kB
Slab:             218948 kB
SReclaimable:      70112 kB
SUnreclaim:       148836 kB
KernelStack:       48768 kB
PageTables:        68088 kB
NFS_Unstable:          0 kB
Bounce:                0 kB
WritebackTmp:          0 kB
CommitLimit:     9202292 kB
Committed_AS:   77638680 kB
VmallocTotal:   263061440 kB
VmallocUsed:      105984 kB
VmallocChunk:          0 kB
Percpu:             7584 kB
CmaTotal:         294912 kB
CmaFree:               4 kB
MemTotal:       12113136 kB
MemFree:          474084 kB
MemAvailable:    7930620 kB
Buffers:            4864 kB
Cached:          7543724 kB
SwapCached:            0 kB
Active:          1915120 kB
Inactive:        7165668 kB
Active(anon):    1515068 kB
Inactive(anon):    51516 kB
Active(file):     400052 kB
Inactive(file):  7114152 kB
Unevictable:        5624 kB
Mlocked:            5624 kB
SwapTotal:       3145724 kB
SwapFree:        3145724 kB
Dirty:               436 kB
Writeback:             0 kB
AnonPages:       1537872 kB
Mapped:           788092 kB
Shmem:             29812 kB
KReclaimable:     811036 kB
Slab:             218944 kB
SReclaimable:      70112 kB
SUnreclaim:       148832 kB
KernelStack:       48752 kB
PageTables:        68120 kB
NFS_Unstable:          0 kB
Bounce:                0 kB
WritebackTmp:          0 kB
CommitLimit:     9202292 kB
Committed_AS:   77638528 kB
VmallocTotal:   263061440 kB
VmallocUsed:      106016 kB
VmallocChunk:          0 kB
Percpu:             7584 kB
CmaTotal:         294912 kB
CmaFree:               0 kB
MemTotal:       12113136 kB
MemFree:          471240 kB
MemAvailable:    7927764 kB
Buffers:            4864 kB
Cached:          7543720 kB
SwapCached:            0 kB
Active:          1918136 kB
Inactive:        7165668 kB
Active(anon):    1518088 kB
Inactive(anon):    51524 kB
Active(file):     400048 kB
Inactive(file):  7114144 kB
Unevictable:        5624 kB
Mlocked:            5624 kB
SwapTotal:       3145724 kB
SwapFree:        3145724 kB
Dirty:               456 kB
Writeback:             0 kB
AnonPages:       1540652 kB
Mapped:           787964 kB
Shmem:             29820 kB
KReclaimable:     811036 kB
Slab:             218948 kB
SReclaimable:      70112 kB
SUnreclaim:       148836 kB
KernelStack:       48752 kB
PageTables:        68120 kB
NFS_Unstable:          0 kB
Bounce:                0 kB
WritebackTmp:          0 kB
CommitLimit:     9202292 kB
Committed_AS:   77633412 kB
VmallocTotal:   263061440 kB
VmallocUsed:      105984 kB
VmallocChunk:          0 kB
Percpu:             7584 kB
CmaTotal:         294912 kB
CmaFree:               0 kB
MemTotal:       12113136 kB
MemFree:          469528 kB
MemAvailable:    7926080 kB
Buffers:            4864 kB
Cached:          7543880 kB
SwapCached:            0 kB
Active:          1918532 kB
Inactive:        7165824 kB
Active(anon):    1518480 kB
Inactive(anon):    51656 kB
Active(file):     400052 kB
Inactive(file):  7114168 kB
Unevictable:        5624 kB
Mlocked:            5624 kB
SwapTotal:       3145724 kB
SwapFree:        3145724 kB
Dirty:               488 kB
Writeback:             0 kB
AnonPages:       1541280 kB
Mapped:           788320 kB
Shmem:             29952 kB
KReclaimable:     811036 kB
Slab:             218972 kB
SReclaimable:      70112 kB
SUnreclaim:       148860 kB
KernelStack:       48816 kB
PageTables:        68228 kB
NFS_Unstable:          0 kB
Bounce:                0 kB
WritebackTmp:          0 kB
CommitLimit:     9202292 kB
Committed_AS:   77626900 kB
VmallocTotal:   263061440 kB
VmallocUsed:      105984 kB
VmallocChunk:          0 kB
Percpu:             7584 kB
CmaTotal:         294912 kB
CmaFree:               0 kB
MemTotal:       12113136 kB
MemFree:          464940 kB
MemAvailable:    7921504 kB
Buffers:            4864 kB
Cached:          7543956 kB
SwapCached:            0 kB
Active:          1923156 kB
Inactive:        7165900 kB
Active(anon):    1523104 kB
Inactive(anon):    51720 kB
Active(file):     400052 kB
Inactive(file):  7114180 kB
Unevictable:        5624 kB
Mlocked:            5624 kB
SwapTotal:       3145724 kB
SwapFree:        3145724 kB
Dirty:               532 kB
Writeback:             0 kB
AnonPages:       1545884 kB
Mapped:           788492 kB
Shmem:             30016 kB
KReclaimable:     811036 kB
Slab:             218976 kB
SReclaimable:      70112 kB
SUnreclaim:       148864 kB
KernelStack:       48784 kB
PageTables:        68128 kB
NFS_Unstable:          0 kB
Bounce:                0 kB
WritebackTmp:          0 kB
CommitLimit:     9202292 kB
Committed_AS:   77631724 kB
VmallocTotal:   263061440 kB
VmallocUsed:      105984 kB
VmallocChunk:          0 kB
Percpu:             7584 kB
CmaTotal:         294912 kB
CmaFree:               0 kB
MemTotal:       12113136 kB
MemFree:          461832 kB
MemAvailable:    7918412 kB
Buffers:            4864 kB
Cached:          7543980 kB
SwapCached:            0 kB
Active:          1927208 kB
Inactive:        7165924 kB
Active(anon):    1527156 kB
Inactive(anon):    51728 kB
Active(file):     400052 kB
Inactive(file):  7114196 kB
Unevictable:        5624 kB
Mlocked:            5624 kB
SwapTotal:       3145724 kB
SwapFree:        3145724 kB
Dirty:               556 kB
Writeback:             0 kB
AnonPages:       1549980 kB
Mapped:           788652 kB
Shmem:             30024 kB
KReclaimable:     811036 kB
Slab:             218984 kB
SReclaimable:      70112 kB
SUnreclaim:       148872 kB
KernelStack:       48800 kB
PageTables:        68304 kB
NFS_Unstable:          0 kB
Bounce:                0 kB
WritebackTmp:          0 kB
CommitLimit:     9202292 kB
Committed_AS:   77618416 kB
VmallocTotal:   263061440 kB
VmallocUsed:      105920 kB
VmallocChunk:          0 kB
Percpu:             7584 kB
CmaTotal:         294912 kB
CmaFree:               0 kB
MemTotal:       12113136 kB
MemFree:          459320 kB
MemAvailable:    7915948 kB
Buffers:            4868 kB
Cached:          7544136 kB
SwapCached:            0 kB
Active:          1928480 kB
Inactive:        7166080 kB
Active(anon):    1528424 kB
Inactive(anon):    51856 kB
Active(file):     400056 kB
Inactive(file):  7114224 kB
Unevictable:        5624 kB
Mlocked:            5624 kB
SwapTotal:       3145724 kB
SwapFree:        3145724 kB
Dirty:               588 kB
Writeback:             0 kB
AnonPages:       1551056 kB
Mapped:           787912 kB
Shmem:             30152 kB
KReclaimable:     811052 kB
Slab:             218988 kB
SReclaimable:      70128 kB
SUnreclaim:       148860 kB
KernelStack:       48736 kB
PageTables:        68124 kB
NFS_Unstable:          0 kB
Bounce:                0 kB
WritebackTmp:          0 kB
CommitLimit:     9202292 kB
Committed_AS:   77629640 kB
VmallocTotal:   263061440 kB
VmallocUsed:      105968 kB
VmallocChunk:          0 kB
Percpu:             7584 kB
CmaTotal:         294912 kB
CmaFree:               0 kB
MemTotal:       12113136 kB
MemFree:          468380 kB
MemAvailable:    7925016 kB
Buffers:            4868 kB
Cached:          7542848 kB
SwapCached:            0 kB
Active:          1919824 kB
Inactive:        7164792 kB
Active(anon):    1519768 kB
Inactive(anon):    50560 kB
Active(file):     400056 kB
Inactive(file):  7114232 kB
Unevictable:        5624 kB
Mlocked:            5624 kB
SwapTotal:       3145724 kB
SwapFree:        3145724 kB
Dirty:               352 kB
Writeback:             0 kB
AnonPages:       1542376 kB
Mapped:           788328 kB
Shmem:             28856 kB
KReclaimable:     811052 kB
Slab:             218988 kB
SReclaimable:      70128 kB
SUnreclaim:       148860 kB
KernelStack:       48720 kB
PageTables:        68152 kB
NFS_Unstable:          0 kB
Bounce:                0 kB
WritebackTmp:          0 kB
CommitLimit:     9202292 kB
Committed_AS:   77623608 kB
VmallocTotal:   263061440 kB
VmallocUsed:      105952 kB
VmallocChunk:          0 kB
Percpu:             7584 kB
CmaTotal:         294912 kB
CmaFree:               0 kB
MemTotal:       12113136 kB
MemFree:          470252 kB
MemAvailable:    7926904 kB
Buffers:            4868 kB
Cached:          7542568 kB
SwapCached:            0 kB
Active:          1918652 kB
Inactive:        7164512 kB
Active(anon):    1518596 kB
Inactive(anon):    50264 kB
Active(file):     400056 kB
Inactive(file):  7114248 kB
Unevictable:        5624 kB
Mlocked:            5624 kB
SwapTotal:       3145724 kB
SwapFree:        3145724 kB
Dirty:               304 kB
Writeback:             0 kB
AnonPages:       1541556 kB
Mapped:           788292 kB
Shmem:             28560 kB
KReclaimable:     811052 kB
Slab:             219032 kB
SReclaimable:      70128 kB
SUnreclaim:       148904 kB
KernelStack:       48772 kB
PageTables:        68124 kB
NFS_Unstable:          0 kB
Bounce:                0 kB
WritebackTmp:          0 kB
CommitLimit:     9202292 kB
Committed_AS:   77620252 kB
VmallocTotal:   263061440 kB
VmallocUsed:      105984 kB
VmallocChunk:          0 kB
Percpu:             7584 kB
CmaTotal:         294912 kB
CmaFree:               0 kB
MemTotal:       12113136 kB
MemFree:          466136 kB
MemAvailable:    7922804 kB
Buffers:            4868 kB
Cached:          7542648 kB
SwapCached:            0 kB
Active:          1923060 kB
Inactive:        7164592 kB
Active(anon):    1523004 kB
Inactive(anon):    50328 kB
Active(file):     400056 kB
Inactive(file):  7114264 kB
Unevictable:        5624 kB
Mlocked:            5624 kB
SwapTotal:       3145724 kB
SwapFree:        3145724 kB
Dirty:               328 kB
Writeback:             0 kB
AnonPages:       1545960 kB
Mapped:           788656 kB
Shmem:             28624 kB
KReclaimable:     811052 kB
Slab:             219020 kB
SReclaimable:      70128 kB
SUnreclaim:       148892 kB
KernelStack:       48720 kB
PageTables:        68100 kB
NFS_Unstable:          0 kB
Bounce:                0 kB
WritebackTmp:          0 kB
CommitLimit:     9202292 kB
Committed_AS:   77625300 kB
VmallocTotal:   263061440 kB
VmallocUsed:      105968 kB
VmallocChunk:          0 kB
Percpu:             7584 kB
CmaTotal:         294912 kB
CmaFree:              16 kB
MemTotal:       12113136 kB
MemFree:          467232 kB
MemAvailable:    7923912 kB
Buffers:            4868 kB
Cached:          7542664 kB
SwapCached:            0 kB
Active:          1922304 kB
Inactive:        7164604 kB
Active(anon):    1522244 kB
Inactive(anon):    50332 kB
Active(file):     400060 kB
Inactive(file):  7114272 kB
Unevictable:        5624 kB
Mlocked:            5624 kB
SwapTotal:       3145724 kB
SwapFree:        3145724 kB
Dirty:               412 kB
Writeback:             0 kB
AnonPages:       1544876 kB
Mapped:           788996 kB
Shmem:             28628 kB
KReclaimable:     811052 kB
Slab:             219040 kB
SReclaimable:      70128 kB
SUnreclaim:       148912 kB
KernelStack:       48720 kB
PageTables:        68028 kB
NFS_Unstable:          0 kB
Bounce:                0 kB
WritebackTmp:          0 kB
CommitLimit:     9202292 kB
Committed_AS:   77637212 kB
VmallocTotal:   263061440 kB
VmallocUsed:      106032 kB
VmallocChunk:          0 kB
Percpu:             7584 kB
CmaTotal:         294912 kB
CmaFree:              40 kB
MemTotal:       12113136 kB
MemFree:          466564 kB
MemAvailable:    7923252 kB
Buffers:            4868 kB
Cached:          7542736 kB
SwapCached:            0 kB
Active:          1922400 kB
Inactive:        7164680 kB
Active(anon):    1522344 kB
Inactive(anon):    50396 kB
Active(file):     400056 kB
Inactive(file):  7114284 kB
Unevictable:        5624 kB
Mlocked:            5624 kB
SwapTotal:       3145724 kB
SwapFree:        3145724 kB
Dirty:               420 kB
Writeback:             0 kB
AnonPages:       1545024 kB
Mapped:           788608 kB
Shmem:             28692 kB
KReclaimable:     811052 kB
Slab:             219028 kB
SReclaimable:      70128 kB
SUnreclaim:       148900 kB
KernelStack:       48768 kB
PageTables:        68240 kB
NFS_Unstable:          0 kB
Bounce:                0 kB
WritebackTmp:          0 kB
CommitLimit:     9202292 kB
Committed_AS:   77637392 kB
VmallocTotal:   263061440 kB
VmallocUsed:      106000 kB
VmallocChunk:          0 kB
Percpu:             7584 kB
CmaTotal:         294912 kB
CmaFree:              12 kB
MemTotal:       12113136 kB
MemFree:          481012 kB
MemAvailable:    7937712 kB
Buffers:            4868 kB
Cached:          7542888 kB
SwapCached:            0 kB
Active:          1908116 kB
Inactive:        7164828 kB
Active(anon):    1508056 kB
Inactive(anon):    50536 kB
Active(file):     400060 kB
Inactive(file):  7114292 kB
Unevictable:        5624 kB
Mlocked:            5624 kB
SwapTotal:       3145724 kB
SwapFree:        3145724 kB
Dirty:               236 kB
Writeback:             0 kB
AnonPages:       1530752 kB
Mapped:           788408 kB
Shmem:             28832 kB
KReclaimable:     811052 kB
Slab:             219024 kB
SReclaimable:      70128 kB
SUnreclaim:       148896 kB
KernelStack:       48720 kB
PageTables:        68108 kB
NFS_Unstable:          0 kB
Bounce:                0 kB
WritebackTmp:          0 kB
CommitLimit:     9202292 kB
Committed_AS:   77627724 kB
VmallocTotal:   263061440 kB
VmallocUsed:      105904 kB
VmallocChunk:          0 kB
Percpu:             7584 kB
CmaTotal:         294912 kB
CmaFree:               0 kB
MemTotal:       12113136 kB
MemFree:          480048 kB
MemAvailable:    7936760 kB
Buffers:            4868 kB
Cached:          7542904 kB
SwapCached:            0 kB
Active:          1909004 kB
Inactive:        7164848 kB
Active(anon):    1508948 kB
Inactive(anon):    50540 kB
Active(file):     400056 kB
Inactive(file):  7114308 kB
Unevictable:        5624 kB
Mlocked:            5624 kB
SwapTotal:       3145724 kB
SwapFree:        3145724 kB
Dirty:               284 kB
Writeback:             0 kB
AnonPages:       1531928 kB
Mapped:           788196 kB
Shmem:             28836 kB
KReclaimable:     811052 kB
Slab:             219020 kB
SReclaimable:      70128 kB
SUnreclaim:       148892 kB
KernelStack:       48720 kB
PageTables:        68324 kB
NFS_Unstable:          0 kB
Bounce:                0 kB
WritebackTmp:          0 kB
CommitLimit:     9202292 kB
Committed_AS:   77621864 kB
VmallocTotal:   263061440 kB
VmallocUsed:      105936 kB
VmallocChunk:          0 kB
Percpu:             7584 kB
CmaTotal:         294912 kB
CmaFree:               0 kB
MemTotal:       12113136 kB
MemFree:          479468 kB
MemAvailable:    7936192 kB
Buffers:            4868 kB
Cached:          7543048 kB
SwapCached:            0 kB
Active:          1910924 kB
Inactive:        7164992 kB
Active(anon):    1510868 kB
Inactive(anon):    50672 kB
Active(file):     400056 kB
Inactive(file):  7114320 kB
Unevictable:        5624 kB
Mlocked:            5624 kB
SwapTotal:       3145724 kB
SwapFree:        3145724 kB
Dirty:               340 kB
Writeback:             0 kB
AnonPages:       1533428 kB
Mapped:           788396 kB
Shmem:             28968 kB
KReclaimable:     811052 kB
Slab:             219032 kB
SReclaimable:      70128 kB
SUnreclaim:       148904 kB
KernelStack:       48736 kB
PageTables:        68092 kB
NFS_Unstable:          0 kB
Bounce:                0 kB
WritebackTmp:          0 kB
CommitLimit:     9202292 kB
Committed_AS:   77618772 kB
VmallocTotal:   263061440 kB
VmallocUsed:      105936 kB
VmallocChunk:          0 kB
Percpu:             7584 kB
CmaTotal:         294912 kB
CmaFree:               0 kB
MemTotal:       12113136 kB
MemFree:          474928 kB
MemAvailable:    7931668 kB
Buffers:            4868 kB
Cached:          7543132 kB
SwapCached:            0 kB
Active:          1914360 kB
Inactive:        7165076 kB
Active(anon):    1514304 kB
Inactive(anon):    50740 kB
Active(file):     400056 kB
Inactive(file):  7114336 kB
Unevictable:        5624 kB
Mlocked:            5624 kB
SwapTotal:       3145724 kB
SwapFree:        3145724 kB
Dirty:               372 kB
Writeback:             0 kB
AnonPages:       1536736 kB
Mapped:           788492 kB
Shmem:             29036 kB
KReclaimable:     811052 kB
Slab:             219024 kB
SReclaimable:      70128 kB
SUnreclaim:       148896 kB
KernelStack:       48724 kB
PageTables:        68124 kB
NFS_Unstable:          0 kB
Bounce:                0 kB
WritebackTmp:          0 kB
CommitLimit:     9202292 kB
Committed_AS:   77626948 kB
VmallocTotal:   263061440 kB
VmallocUsed:      105920 kB
VmallocChunk:          0 kB
Percpu:             7584 kB
CmaTotal:         294912 kB
CmaFree:              40 kB
MemTotal:       12113136 kB
MemFree:          471900 kB
MemAvailable:    7928668 kB
Buffers:            4868 kB
Cached:          7543160 kB
SwapCached:            0 kB
Active:          1916532 kB
Inactive:        7165100 kB
Active(anon):    1516472 kB
Inactive(anon):    50740 kB
Active(file):     400060 kB
Inactive(file):  7114360 kB
Unevictable:        5624 kB
Mlocked:            5624 kB
SwapTotal:       3145724 kB
SwapFree:        3145724 kB
Dirty:               420 kB
Writeback:             0 kB
AnonPages:       1539180 kB
Mapped:           788768 kB
Shmem:             29036 kB
KReclaimable:     811052 kB
Slab:             219020 kB
SReclaimable:      70128 kB
SUnreclaim:       148892 kB
KernelStack:       48820 kB
PageTables:        68044 kB
NFS_Unstable:          0 kB
Bounce:                0 kB
WritebackTmp:          0 kB
CommitLimit:     9202292 kB
Committed_AS:   77624752 kB
VmallocTotal:   263061440 kB
VmallocUsed:      105936 kB
VmallocChunk:          0 kB
Percpu:             7584 kB
CmaTotal:         294912 kB
CmaFree:               0 kB
MemTotal:       12113136 kB
MemFree:          468256 kB
MemAvailable:    7925032 kB
Buffers:            4868 kB
Cached:          7543296 kB
SwapCached:            0 kB
Active:          1920612 kB
Inactive:        7165240 kB
Active(anon):    1520556 kB
Inactive(anon):    50868 kB
Active(file):     400056 kB
Inactive(file):  7114372 kB
Unevictable:        5624 kB
Mlocked:            5624 kB
SwapTotal:       3145724 kB
SwapFree:        3145724 kB
Dirty:               324 kB
Writeback:             0 kB
AnonPages:       1543388 kB
Mapped:           788896 kB
Shmem:             29164 kB
KReclaimable:     811052 kB
Slab:             219032 kB
SReclaimable:      70128 kB
SUnreclaim:       148904 kB
KernelStack:       48720 kB
PageTables:        68148 kB
NFS_Unstable:          0 kB
Bounce:                0 kB
WritebackTmp:          0 kB
CommitLimit:     9202292 kB
Committed_AS:   77626932 kB
VmallocTotal:   263061440 kB
VmallocUsed:      105936 kB
