MemTotal:       12113136 kB
MemFree:         4276096 kB
MemAvailable:    7623592 kB
Buffers:            6468 kB
Cached:          2515792 kB
SwapCached:            0 kB
Active:          1815444 kB
Inactive:        2143292 kB
Active(anon):    1445644 kB
Inactive(anon):    33996 kB
Active(file):     369800 kB
Inactive(file):  2109296 kB
Unevictable:        5564 kB
Mlocked:            5564 kB
SwapTotal:       3145724 kB
SwapFree:        3145724 kB
Dirty:               552 kB
Writeback:            92 kB
AnonPages:       1442452 kB
Mapped:           979212 kB
Shmem:             38688 kB
KReclaimable:    1737104 kB
Slab:             271972 kB
SReclaimable:     117328 kB
SUnreclaim:       154644 kB
KernelStack:       50760 kB
PageTables:        71272 kB
NFS_Unstable:          0 kB
Bounce:                0 kB
WritebackTmp:          0 kB
CommitLimit:     9202292 kB
Committed_AS:   77561304 kB
VmallocTotal:   263061440 kB
VmallocUsed:      107936 kB
VmallocChunk:          0 kB
Percpu:             7648 kB
CmaTotal:         294912 kB
CmaFree:               0 kB
MemTotal:       12113136 kB
MemFree:         4275724 kB
MemAvailable:    7623296 kB
Buffers:            6472 kB
Cached:          2515864 kB
SwapCached:            0 kB
Active:          1816528 kB
Inactive:        2143332 kB
Active(anon):    1446692 kB
Inactive(anon):    33996 kB
Active(file):     369836 kB
Inactive(file):  2109336 kB
Unevictable:        5564 kB
Mlocked:            5564 kB
SwapTotal:       3145724 kB
SwapFree:        3145724 kB
Dirty:               500 kB
Writeback:             0 kB
AnonPages:       1443196 kB
Mapped:           979492 kB
Shmem:             38688 kB
KReclaimable:    1737104 kB
Slab:             271852 kB
SReclaimable:     117328 kB
SUnreclaim:       154524 kB
KernelStack:       50736 kB
PageTables:        70896 kB
NFS_Unstable:          0 kB
Bounce:                0 kB
WritebackTmp:          0 kB
CommitLimit:     9202292 kB
Committed_AS:   77572240 kB
VmallocTotal:   263061440 kB
VmallocUsed:      107920 kB
VmallocChunk:          0 kB
Percpu:             7648 kB
CmaTotal:         294912 kB
CmaFree:               0 kB
MemTotal:       12113136 kB
MemFree:         4272668 kB
MemAvailable:    7620288 kB
Buffers:            6472 kB
Cached:          2515912 kB
SwapCached:            0 kB
Active:          1821112 kB
Inactive:        2143360 kB
Active(anon):    1451256 kB
Inactive(anon):    33996 kB
Active(file):     369856 kB
Inactive(file):  2109364 kB
Unevictable:        5564 kB
Mlocked:            5564 kB
SwapTotal:       3145724 kB
SwapFree:        3145724 kB
Dirty:               500 kB
Writeback:             0 kB
AnonPages:       1448004 kB
Mapped:           979380 kB
Shmem:             38688 kB
KReclaimable:    1737104 kB
Slab:             271860 kB
SReclaimable:     117328 kB
SUnreclaim:       154532 kB
KernelStack:       50800 kB
PageTables:        71124 kB
NFS_Unstable:          0 kB
Bounce:                0 kB
WritebackTmp:          0 kB
CommitLimit:     9202292 kB
Committed_AS:   77571164 kB
VmallocTotal:   263061440 kB
VmallocUsed:      107936 kB
VmallocChunk:          0 kB
Percpu:             7648 kB
CmaTotal:         294912 kB
CmaFree:               0 kB
MemTotal:       12113136 kB
MemFree:         4270780 kB
MemAvailable:    7618408 kB
Buffers:            6472 kB
Cached:          2515920 kB
SwapCached:            0 kB
Active:          1822544 kB
Inactive:        2143368 kB
Active(anon):    1452688 kB
Inactive(anon):    33996 kB
Active(file):     369856 kB
Inactive(file):  2109372 kB
Unevictable:        5564 kB
Mlocked:            5564 kB
SwapTotal:       3145724 kB
SwapFree:        3145724 kB
Dirty:               532 kB
Writeback:             0 kB
AnonPages:       1448648 kB
Mapped:           979640 kB
Shmem:             38688 kB
KReclaimable:    1737104 kB
Slab:             271840 kB
SReclaimable:     117328 kB
SUnreclaim:       154512 kB
KernelStack:       50736 kB
PageTables:        70956 kB
NFS_Unstable:          0 kB
Bounce:                0 kB
WritebackTmp:          0 kB
CommitLimit:     9202292 kB
Committed_AS:   77570968 kB
VmallocTotal:   263061440 kB
VmallocUsed:      107936 kB
VmallocChunk:          0 kB
Percpu:             7648 kB
CmaTotal:         294912 kB
CmaFree:               0 kB
MemTotal:       12113136 kB
MemFree:         4269608 kB
MemAvailable:    7617268 kB
Buffers:            6472 kB
Cached:          2515952 kB
SwapCached:            0 kB
Active:          1823208 kB
Inactive:        2143400 kB
Active(anon):    1453352 kB
Inactive(anon):    33996 kB
Active(file):     369856 kB
Inactive(file):  2109404 kB
Unevictable:        5564 kB
Mlocked:            5564 kB
SwapTotal:       3145724 kB
SwapFree:        3145724 kB
Dirty:               680 kB
Writeback:             0 kB
AnonPages:       1449976 kB
Mapped:           979800 kB
Shmem:             38688 kB
KReclaimable:    1737104 kB
Slab:             271852 kB
SReclaimable:     117328 kB
SUnreclaim:       154524 kB
KernelStack:       50784 kB
PageTables:        71096 kB
NFS_Unstable:          0 kB
Bounce:                0 kB
WritebackTmp:          0 kB
CommitLimit:     9202292 kB
Committed_AS:   77566644 kB
VmallocTotal:   263061440 kB
VmallocUsed:      107968 kB
VmallocChunk:          0 kB
Percpu:             7648 kB
CmaTotal:         294912 kB
CmaFree:               0 kB
MemTotal:       12113136 kB
MemFree:         4269308 kB
MemAvailable:    7616980 kB
Buffers:            6472 kB
Cached:          2515964 kB
SwapCached:            0 kB
Active:          1823736 kB
Inactive:        2143412 kB
Active(anon):    1453880 kB
Inactive(anon):    33996 kB
Active(file):     369856 kB
Inactive(file):  2109416 kB
Unevictable:        5564 kB
Mlocked:            5564 kB
SwapTotal:       3145724 kB
SwapFree:        3145724 kB
Dirty:               740 kB
Writeback:             0 kB
AnonPages:       1450336 kB
Mapped:           979488 kB
Shmem:             38688 kB
KReclaimable:    1737104 kB
Slab:             271856 kB
SReclaimable:     117328 kB
SUnreclaim:       154528 kB
KernelStack:       50784 kB
PageTables:        71124 kB
NFS_Unstable:          0 kB
Bounce:                0 kB
WritebackTmp:          0 kB
CommitLimit:     9202292 kB
Committed_AS:   77568200 kB
VmallocTotal:   263061440 kB
VmallocUsed:      107952 kB
VmallocChunk:          0 kB
Percpu:             7648 kB
CmaTotal:         294912 kB
CmaFree:               0 kB
MemTotal:       12113136 kB
MemFree:         4268516 kB
MemAvailable:    7616188 kB
Buffers:            6472 kB
Cached:          2515964 kB
SwapCached:            0 kB
Active:          1824328 kB
Inactive:        2143412 kB
Active(anon):    1454472 kB
Inactive(anon):    33996 kB
Active(file):     369856 kB
Inactive(file):  2109416 kB
Unevictable:        5564 kB
Mlocked:            5564 kB
SwapTotal:       3145724 kB
SwapFree:        3145724 kB
Dirty:               756 kB
Writeback:             0 kB
AnonPages:       1451012 kB
Mapped:           979536 kB
Shmem:             38688 kB
KReclaimable:    1737104 kB
Slab:             271876 kB
SReclaimable:     117328 kB
SUnreclaim:       154548 kB
KernelStack:       50800 kB
PageTables:        71152 kB
NFS_Unstable:          0 kB
Bounce:                0 kB
WritebackTmp:          0 kB
CommitLimit:     9202292 kB
Committed_AS:   77567804 kB
VmallocTotal:   263061440 kB
VmallocUsed:      107952 kB
VmallocChunk:          0 kB
Percpu:             7648 kB
CmaTotal:         294912 kB
CmaFree:               0 kB
MemTotal:       12113136 kB
MemFree:         4280264 kB
MemAvailable:    7627952 kB
Buffers:            6472 kB
Cached:          2515980 kB
SwapCached:            0 kB
Active:          1811596 kB
Inactive:        2143428 kB
Active(anon):    1441740 kB
Inactive(anon):    33996 kB
Active(file):     369856 kB
Inactive(file):  2109432 kB
Unevictable:        5564 kB
Mlocked:            5564 kB
SwapTotal:       3145724 kB
SwapFree:        3145724 kB
Dirty:               792 kB
Writeback:             0 kB
AnonPages:       1438172 kB
Mapped:           979696 kB
Shmem:             38688 kB
KReclaimable:    1737104 kB
Slab:             271864 kB
SReclaimable:     117328 kB
SUnreclaim:       154536 kB
KernelStack:       50784 kB
PageTables:        71116 kB
NFS_Unstable:          0 kB
Bounce:                0 kB
WritebackTmp:          0 kB
CommitLimit:     9202292 kB
Committed_AS:   77571008 kB
VmallocTotal:   263061440 kB
VmallocUsed:      107984 kB
VmallocChunk:          0 kB
Percpu:             7648 kB
CmaTotal:         294912 kB
CmaFree:               0 kB
MemTotal:       12113136 kB
MemFree:         4281132 kB
MemAvailable:    7628840 kB
Buffers:            6472 kB
Cached:          2516000 kB
SwapCached:            0 kB
Active:          1812568 kB
Inactive:        2143448 kB
Active(anon):    1442712 kB
Inactive(anon):    33996 kB
Active(file):     369856 kB
Inactive(file):  2109452 kB
Unevictable:        5564 kB
Mlocked:            5564 kB
SwapTotal:       3145724 kB
SwapFree:        3145724 kB
Dirty:               736 kB
Writeback:             0 kB
AnonPages:       1439404 kB
Mapped:           979788 kB
Shmem:             38688 kB
KReclaimable:    1737104 kB
Slab:             271836 kB
SReclaimable:     117328 kB
SUnreclaim:       154508 kB
KernelStack:       50784 kB
PageTables:        71220 kB
NFS_Unstable:          0 kB
Bounce:                0 kB
WritebackTmp:          0 kB
CommitLimit:     9202292 kB
Committed_AS:   77574488 kB
VmallocTotal:   263061440 kB
VmallocUsed:      108000 kB
VmallocChunk:          0 kB
Percpu:             7648 kB
CmaTotal:         294912 kB
CmaFree:               0 kB
MemTotal:       12113136 kB
MemFree:         4277640 kB
MemAvailable:    7625360 kB
Buffers:            6472 kB
Cached:          2516012 kB
SwapCached:            0 kB
Active:          1814704 kB
Inactive:        2143460 kB
Active(anon):    1444848 kB
Inactive(anon):    33996 kB
Active(file):     369856 kB
Inactive(file):  2109464 kB
Unevictable:        5564 kB
Mlocked:            5564 kB
SwapTotal:       3145724 kB
SwapFree:        3145724 kB
Dirty:               784 kB
Writeback:             0 kB
AnonPages:       1441124 kB
Mapped:           979620 kB
Shmem:             38688 kB
KReclaimable:    1737104 kB
Slab:             271824 kB
SReclaimable:     117328 kB
SUnreclaim:       154496 kB
KernelStack:       50768 kB
PageTables:        71040 kB
NFS_Unstable:          0 kB
Bounce:                0 kB
WritebackTmp:          0 kB
CommitLimit:     9202292 kB
Committed_AS:   77580716 kB
VmallocTotal:   263061440 kB
VmallocUsed:      108032 kB
VmallocChunk:          0 kB
Percpu:             7648 kB
CmaTotal:         294912 kB
CmaFree:               0 kB
MemTotal:       12113136 kB
MemFree:         4276088 kB
MemAvailable:    7623812 kB
Buffers:            6472 kB
Cached:          2516016 kB
SwapCached:            0 kB
Active:          1815844 kB
Inactive:        2143468 kB
Active(anon):    1445992 kB
Inactive(anon):    33996 kB
Active(file):     369852 kB
Inactive(file):  2109472 kB
Unevictable:        5564 kB
Mlocked:            5564 kB
SwapTotal:       3145724 kB
SwapFree:        3145724 kB
Dirty:               844 kB
Writeback:             0 kB
AnonPages:       1442472 kB
Mapped:           979772 kB
Shmem:             38688 kB
KReclaimable:    1737104 kB
Slab:             271872 kB
SReclaimable:     117328 kB
SUnreclaim:       154544 kB
KernelStack:       50812 kB
PageTables:        71144 kB
NFS_Unstable:          0 kB
Bounce:                0 kB
WritebackTmp:          0 kB
CommitLimit:     9202292 kB
Committed_AS:   77564708 kB
VmallocTotal:   263061440 kB
VmallocUsed:      108016 kB
VmallocChunk:          0 kB
Percpu:             7648 kB
CmaTotal:         294912 kB
CmaFree:               0 kB
MemTotal:       12113136 kB
MemFree:         4275092 kB
MemAvailable:    7622832 kB
Buffers:            6472 kB
Cached:          2516032 kB
SwapCached:            0 kB
Active:          1817040 kB
Inactive:        2143476 kB
Active(anon):    1447180 kB
Inactive(anon):    33996 kB
Active(file):     369860 kB
Inactive(file):  2109480 kB
Unevictable:        5564 kB
Mlocked:            5564 kB
SwapTotal:       3145724 kB
SwapFree:        3145724 kB
Dirty:               176 kB
Writeback:             0 kB
AnonPages:       1443696 kB
Mapped:           979712 kB
Shmem:             38688 kB
KReclaimable:    1737104 kB
Slab:             271864 kB
SReclaimable:     117328 kB
SUnreclaim:       154536 kB
KernelStack:       50848 kB
PageTables:        71204 kB
NFS_Unstable:          0 kB
Bounce:                0 kB
WritebackTmp:          0 kB
CommitLimit:     9202292 kB
Committed_AS:   77565404 kB
VmallocTotal:   263061440 kB
VmallocUsed:      108032 kB
VmallocChunk:          0 kB
Percpu:             7648 kB
CmaTotal:         294912 kB
CmaFree:               0 kB
MemTotal:       12113136 kB
MemFree:         4274804 kB
MemAvailable:    7622552 kB
Buffers:            6472 kB
Cached:          2516004 kB
SwapCached:            0 kB
Active:          1819284 kB
Inactive:        2143448 kB
Active(anon):    1449424 kB
Inactive(anon):    33960 kB
Active(file):     369860 kB
Inactive(file):  2109488 kB
Unevictable:        5564 kB
Mlocked:            5564 kB
SwapTotal:       3145724 kB
SwapFree:        3145724 kB
Dirty:               288 kB
Writeback:             0 kB
AnonPages:       1445276 kB
Mapped:           979960 kB
Shmem:             38652 kB
KReclaimable:    1737104 kB
Slab:             271840 kB
SReclaimable:     117328 kB
SUnreclaim:       154512 kB
KernelStack:       50752 kB
PageTables:        71064 kB
NFS_Unstable:          0 kB
Bounce:                0 kB
WritebackTmp:          0 kB
CommitLimit:     9202292 kB
Committed_AS:   77570568 kB
VmallocTotal:   263061440 kB
VmallocUsed:      108032 kB
VmallocChunk:          0 kB
Percpu:             7648 kB
CmaTotal:         294912 kB
CmaFree:               8 kB
MemTotal:       12113136 kB
MemFree:         4273040 kB
MemAvailable:    7620804 kB
Buffers:            6472 kB
Cached:          2516056 kB
SwapCached:            0 kB
Active:          1820240 kB
Inactive:        2143500 kB
Active(anon):    1450380 kB
Inactive(anon):    33996 kB
Active(file):     369860 kB
Inactive(file):  2109504 kB
Unevictable:        5564 kB
Mlocked:            5564 kB
SwapTotal:       3145724 kB
SwapFree:        3145724 kB
Dirty:               368 kB
Writeback:             0 kB
AnonPages:       1446656 kB
Mapped:           979872 kB
Shmem:             38688 kB
KReclaimable:    1737104 kB
Slab:             271804 kB
SReclaimable:     117328 kB
SUnreclaim:       154476 kB
KernelStack:       50736 kB
PageTables:        71052 kB
NFS_Unstable:          0 kB
Bounce:                0 kB
WritebackTmp:          0 kB
CommitLimit:     9202292 kB
Committed_AS:   77563828 kB
VmallocTotal:   263061440 kB
VmallocUsed:      107984 kB
VmallocChunk:          0 kB
Percpu:             7648 kB
CmaTotal:         294912 kB
CmaFree:               0 kB
MemTotal:       12113136 kB
MemFree:         4271848 kB
MemAvailable:    7619636 kB
Buffers:            6472 kB
Cached:          2516084 kB
SwapCached:            0 kB
Active:          1820772 kB
Inactive:        2143528 kB
Active(anon):    1450912 kB
Inactive(anon):    34000 kB
Active(file):     369860 kB
Inactive(file):  2109528 kB
Unevictable:        5564 kB
Mlocked:            5564 kB
SwapTotal:       3145724 kB
SwapFree:        3145724 kB
Dirty:               480 kB
Writeback:             0 kB
AnonPages:       1447272 kB
Mapped:           979520 kB
Shmem:             38692 kB
KReclaimable:    1737104 kB
Slab:             271864 kB
SReclaimable:     117328 kB
SUnreclaim:       154536 kB
KernelStack:       50688 kB
PageTables:        71100 kB
NFS_Unstable:          0 kB
Bounce:                0 kB
WritebackTmp:          0 kB
CommitLimit:     9202292 kB
Committed_AS:   77560436 kB
VmallocTotal:   263061440 kB
VmallocUsed:      107984 kB
VmallocChunk:          0 kB
Percpu:             7648 kB
CmaTotal:         294912 kB
CmaFree:              56 kB
MemTotal:       12113136 kB
MemFree:         4286124 kB
MemAvailable:    7633932 kB
Buffers:            6472 kB
Cached:          2516104 kB
SwapCached:            0 kB
Active:          1805524 kB
Inactive:        2143548 kB
Active(anon):    1435664 kB
Inactive(anon):    34000 kB
Active(file):     369860 kB
Inactive(file):  2109548 kB
Unevictable:        5564 kB
Mlocked:            5564 kB
SwapTotal:       3145724 kB
SwapFree:        3145724 kB
Dirty:               580 kB
Writeback:             0 kB
AnonPages:       1432124 kB
Mapped:           979808 kB
Shmem:             38692 kB
KReclaimable:    1737104 kB
Slab:             271856 kB
SReclaimable:     117328 kB
SUnreclaim:       154528 kB
KernelStack:       50784 kB
PageTables:        71096 kB
NFS_Unstable:          0 kB
Bounce:                0 kB
WritebackTmp:          0 kB
CommitLimit:     9202292 kB
Committed_AS:   77561476 kB
VmallocTotal:   263061440 kB
VmallocUsed:      107968 kB
VmallocChunk:          0 kB
Percpu:             7648 kB
CmaTotal:         294912 kB
CmaFree:              84 kB
MemTotal:       12113136 kB
MemFree:         4286176 kB
MemAvailable:    7634000 kB
Buffers:            6476 kB
Cached:          2516116 kB
SwapCached:            0 kB
Active:          1805748 kB
Inactive:        2143564 kB
Active(anon):    1435888 kB
Inactive(anon):    34000 kB
Active(file):     369860 kB
Inactive(file):  2109564 kB
Unevictable:        5564 kB
Mlocked:            5564 kB
SwapTotal:       3145724 kB
SwapFree:        3145724 kB
Dirty:               564 kB
Writeback:             0 kB
AnonPages:       1432108 kB
Mapped:           979872 kB
Shmem:             38692 kB
KReclaimable:    1737104 kB
Slab:             271852 kB
SReclaimable:     117328 kB
SUnreclaim:       154524 kB
KernelStack:       50848 kB
PageTables:        71168 kB
NFS_Unstable:          0 kB
Bounce:                0 kB
WritebackTmp:          0 kB
CommitLimit:     9202292 kB
Committed_AS:   77568816 kB
VmallocTotal:   263061440 kB
VmallocUsed:      108016 kB
VmallocChunk:          0 kB
Percpu:             7648 kB
CmaTotal:         294912 kB
CmaFree:               8 kB
MemTotal:       12113136 kB
MemFree:         4286956 kB
MemAvailable:    7634808 kB
Buffers:            6476 kB
Cached:          2516144 kB
SwapCached:            0 kB
Active:          1806712 kB
Inactive:        2143588 kB
Active(anon):    1436848 kB
Inactive(anon):    34000 kB
Active(file):     369864 kB
Inactive(file):  2109588 kB
Unevictable:        5564 kB
Mlocked:            5564 kB
SwapTotal:       3145724 kB
SwapFree:        3145724 kB
Dirty:               688 kB
Writeback:             0 kB
AnonPages:       1433528 kB
Mapped:           979852 kB
Shmem:             38692 kB
KReclaimable:    1737104 kB
Slab:             271868 kB
SReclaimable:     117328 kB
SUnreclaim:       154540 kB
KernelStack:       50736 kB
PageTables:        71028 kB
NFS_Unstable:          0 kB
Bounce:                0 kB
WritebackTmp:          0 kB
CommitLimit:     9202292 kB
Committed_AS:   77567948 kB
VmallocTotal:   263061440 kB
VmallocUsed:      107984 kB
VmallocChunk:          0 kB
Percpu:             7648 kB
CmaTotal:         294912 kB
CmaFree:               0 kB
MemTotal:       12113136 kB
MemFree:         4285500 kB
MemAvailable:    7633364 kB
Buffers:            6476 kB
Cached:          2516156 kB
SwapCached:            0 kB
Active:          1807560 kB
Inactive:        2143596 kB
Active(anon):    1437692 kB
Inactive(anon):    34000 kB
Active(file):     369868 kB
Inactive(file):  2109596 kB
Unevictable:        5564 kB
Mlocked:            5564 kB
SwapTotal:       3145724 kB
SwapFree:        3145724 kB
Dirty:               784 kB
Writeback:             0 kB
AnonPages:       1433976 kB
Mapped:           980168 kB
Shmem:             38692 kB
KReclaimable:    1737104 kB
Slab:             271860 kB
SReclaimable:     117328 kB
SUnreclaim:       154532 kB
KernelStack:       50800 kB
PageTables:        70832 kB
NFS_Unstable:          0 kB
Bounce:                0 kB
WritebackTmp:          0 kB
CommitLimit:     9202292 kB
Committed_AS:   77565820 kB
VmallocTotal:   263061440 kB
VmallocUsed:      107952 kB
VmallocChunk:          0 kB
Percpu:             7648 kB
CmaTotal:         294912 kB
CmaFree:               0 kB
MemTotal:       12113136 kB
MemFree:         4284748 kB
MemAvailable:    7632620 kB
Buffers:            6476 kB
Cached:          2516164 kB
SwapCached:            0 kB
Active:          1809136 kB
Inactive:        2143604 kB
Active(anon):    1439268 kB
Inactive(anon):    34000 kB
Active(file):     369868 kB
Inactive(file):  2109604 kB
Unevictable:        5564 kB
Mlocked:            5564 kB
SwapTotal:       3145724 kB
SwapFree:        3145724 kB
Dirty:               828 kB
Writeback:             0 kB
AnonPages:       1435616 kB
Mapped:           980092 kB
Shmem:             38692 kB
KReclaimable:    1737104 kB
Slab:             271852 kB
SReclaimable:     117328 kB
SUnreclaim:       154524 kB
KernelStack:       50768 kB
PageTables:        71160 kB
NFS_Unstable:          0 kB
Bounce:                0 kB
WritebackTmp:          0 kB
CommitLimit:     9202292 kB
Committed_AS:   77562420 kB
VmallocTotal:   263061440 kB
VmallocUsed:      107952 kB
VmallocChunk:          0 kB
Percpu:             7648 kB
CmaTotal:         294912 kB
CmaFree:               0 kB
MemTotal:       12113136 kB
MemFree:         4282132 kB
MemAvailable:    7630020 kB
Buffers:            6476 kB
Cached:          2516180 kB
SwapCached:            0 kB
Active:          1810548 kB
Inactive:        2143624 kB
Active(anon):    1440684 kB
Inactive(anon):    34000 kB
Active(file):     369864 kB
Inactive(file):  2109624 kB
Unevictable:        5564 kB
Mlocked:            5564 kB
SwapTotal:       3145724 kB
SwapFree:        3145724 kB
Dirty:               872 kB
Writeback:             0 kB
AnonPages:       1437140 kB
Mapped:           980004 kB
Shmem:             38692 kB
KReclaimable:    1737104 kB
Slab:             271864 kB
SReclaimable:     117328 kB
SUnreclaim:       154536 kB
KernelStack:       50768 kB
PageTables:        70804 kB
NFS_Unstable:          0 kB
Bounce:                0 kB
WritebackTmp:          0 kB
CommitLimit:     9202292 kB
Committed_AS:   77558732 kB
VmallocTotal:   263061440 kB
VmallocUsed:      107968 kB
VmallocChunk:          0 kB
Percpu:             7648 kB
CmaTotal:         294912 kB
CmaFree:               0 kB
MemTotal:       12113136 kB
MemFree:         4280728 kB
MemAvailable:    7628644 kB
Buffers:            6476 kB
Cached:          2516208 kB
SwapCached:            0 kB
Active:          1811724 kB
Inactive:        2143652 kB
Active(anon):    1441860 kB
Inactive(anon):    34000 kB
Active(file):     369864 kB
Inactive(file):  2109652 kB
Unevictable:        5564 kB
Mlocked:            5564 kB
SwapTotal:       3145724 kB
SwapFree:        3145724 kB
Dirty:               236 kB
Writeback:             0 kB
AnonPages:       1438308 kB
Mapped:           979888 kB
Shmem:             38692 kB
KReclaimable:    1737104 kB
Slab:             271888 kB
SReclaimable:     117328 kB
SUnreclaim:       154560 kB
KernelStack:       50800 kB
PageTables:        71132 kB
NFS_Unstable:          0 kB
Bounce:                0 kB
WritebackTmp:          0 kB
CommitLimit:     9202292 kB
Committed_AS:   77558824 kB
VmallocTotal:   263061440 kB
VmallocUsed:      107936 kB
VmallocChunk:          0 kB
Percpu:             7648 kB
CmaTotal:         294912 kB
CmaFree:               0 kB
MemTotal:       12113136 kB
MemFree:         4280628 kB
MemAvailable:    7628540 kB
Buffers:            6476 kB
Cached:          2516204 kB
SwapCached:            0 kB
Active:          1811368 kB
Inactive:        2143652 kB
Active(anon):    1441508 kB
Inactive(anon):    34000 kB
Active(file):     369860 kB
Inactive(file):  2109652 kB
Unevictable:        5564 kB
Mlocked:            5564 kB
SwapTotal:       3145724 kB
SwapFree:        3145724 kB
Dirty:               260 kB
Writeback:             0 kB
AnonPages:       1437156 kB
Mapped:           980020 kB
Shmem:             38692 kB
KReclaimable:    1737104 kB
Slab:             271848 kB
SReclaimable:     117328 kB
SUnreclaim:       154520 kB
KernelStack:       50704 kB
PageTables:        70900 kB
NFS_Unstable:          0 kB
Bounce:                0 kB
WritebackTmp:          0 kB
CommitLimit:     9202292 kB
Committed_AS:   77567648 kB
VmallocTotal:   263061440 kB
VmallocUsed:      107952 kB
VmallocChunk:          0 kB
Percpu:             7648 kB
CmaTotal:         294912 kB
CmaFree:               0 kB
MemTotal:       12113136 kB
MemFree:         4279292 kB
MemAvailable:    7627232 kB
Buffers:            6476 kB
Cached:          2516232 kB
SwapCached:            0 kB
Active:          1815696 kB
Inactive:        2143676 kB
Active(anon):    1445832 kB
Inactive(anon):    34000 kB
Active(file):     369864 kB
Inactive(file):  2109676 kB
Unevictable:        5564 kB
Mlocked:            5564 kB
SwapTotal:       3145724 kB
SwapFree:        3145724 kB
Dirty:               396 kB
Writeback:             0 kB
AnonPages:       1442364 kB
Mapped:           979900 kB
Shmem:             38692 kB
KReclaimable:    1737104 kB
Slab:             271852 kB
SReclaimable:     117328 kB
SUnreclaim:       154524 kB
KernelStack:       50800 kB
PageTables:        71092 kB
NFS_Unstable:          0 kB
Bounce:                0 kB
WritebackTmp:          0 kB
CommitLimit:     9202292 kB
Committed_AS:   77570168 kB
VmallocTotal:   263061440 kB
VmallocUsed:      107952 kB
VmallocChunk:          0 kB
Percpu:             7648 kB
CmaTotal:         294912 kB
CmaFree:               0 kB
MemTotal:       12113136 kB
MemFree:         4276288 kB
MemAvailable:    7624244 kB
Buffers:            6476 kB
Cached:          2516248 kB
SwapCached:            0 kB
Active:          1816644 kB
Inactive:        2143692 kB
Active(anon):    1446780 kB
Inactive(anon):    34000 kB
Active(file):     369864 kB
Inactive(file):  2109692 kB
Unevictable:        5564 kB
Mlocked:            5564 kB
SwapTotal:       3145724 kB
SwapFree:        3145724 kB
Dirty:               432 kB
Writeback:             0 kB
AnonPages:       1443176 kB
Mapped:           979884 kB
Shmem:             38692 kB
KReclaimable:    1737104 kB
Slab:             271864 kB
SReclaimable:     117328 kB
SUnreclaim:       154536 kB
KernelStack:       50736 kB
PageTables:        71020 kB
NFS_Unstable:          0 kB
Bounce:                0 kB
WritebackTmp:          0 kB
CommitLimit:     9202292 kB
Committed_AS:   77570472 kB
VmallocTotal:   263061440 kB
VmallocUsed:      108016 kB
VmallocChunk:          0 kB
Percpu:             7648 kB
CmaTotal:         294912 kB
CmaFree:               0 kB
MemTotal:       12113136 kB
MemFree:         4274692 kB
MemAvailable:    7622644 kB
Buffers:            6476 kB
Cached:          2516244 kB
SwapCached:            0 kB
Active:          1817464 kB
Inactive:        2143692 kB
Active(anon):    1447604 kB
Inactive(anon):    34000 kB
Active(file):     369860 kB
Inactive(file):  2109692 kB
Unevictable:        5564 kB
Mlocked:            5564 kB
SwapTotal:       3145724 kB
SwapFree:        3145724 kB
Dirty:               452 kB
Writeback:             0 kB
AnonPages:       1443968 kB
Mapped:           980236 kB
Shmem:             38692 kB
KReclaimable:    1737104 kB
Slab:             271856 kB
SReclaimable:     117328 kB
SUnreclaim:       154528 kB
KernelStack:       50784 kB
PageTables:        71028 kB
NFS_Unstable:          0 kB
Bounce:                0 kB
WritebackTmp:          0 kB
CommitLimit:     9202292 kB
Committed_AS:   77574828 kB
VmallocTotal:   263061440 kB
VmallocUsed:      108016 kB
VmallocChunk:          0 kB
Percpu:             7648 kB
CmaTotal:         294912 kB
CmaFree:               0 kB
MemTotal:       12113136 kB
MemFree:         4273508 kB
MemAvailable:    7621476 kB
Buffers:            6476 kB
Cached:          2516264 kB
SwapCached:            0 kB
Active:          1818836 kB
Inactive:        2143708 kB
Active(anon):    1448972 kB
Inactive(anon):    34004 kB
Active(file):     369864 kB
Inactive(file):  2109704 kB
Unevictable:        5564 kB
Mlocked:            5564 kB
SwapTotal:       3145724 kB
SwapFree:        3145724 kB
Dirty:               212 kB
Writeback:             0 kB
AnonPages:       1445460 kB
Mapped:           979964 kB
Shmem:             38696 kB
KReclaimable:    1737104 kB
Slab:             271852 kB
SReclaimable:     117328 kB
SUnreclaim:       154524 kB
KernelStack:       50816 kB
PageTables:        71240 kB
NFS_Unstable:          0 kB
Bounce:                0 kB
WritebackTmp:          0 kB
CommitLimit:     9202292 kB
Committed_AS:   77575460 kB
VmallocTotal:   263061440 kB
VmallocUsed:      107968 kB
VmallocChunk:          0 kB
Percpu:             7648 kB
CmaTotal:         294912 kB
CmaFree:               0 kB
MemTotal:       12113136 kB
MemFree:         4272536 kB
MemAvailable:    7620528 kB
Buffers:            6476 kB
Cached:          2516288 kB
SwapCached:            0 kB
Active:          1819760 kB
Inactive:        2143732 kB
Active(anon):    1449896 kB
Inactive(anon):    34004 kB
Active(file):     369864 kB
Inactive(file):  2109728 kB
Unevictable:        5564 kB
Mlocked:            5564 kB
SwapTotal:       3145724 kB
SwapFree:        3145724 kB
Dirty:               320 kB
Writeback:             0 kB
AnonPages:       1446360 kB
Mapped:           980020 kB
Shmem:             38696 kB
KReclaimable:    1737104 kB
Slab:             271852 kB
SReclaimable:     117328 kB
SUnreclaim:       154524 kB
KernelStack:       50816 kB
PageTables:        71236 kB
NFS_Unstable:          0 kB
Bounce:                0 kB
WritebackTmp:          0 kB
CommitLimit:     9202292 kB
Committed_AS:   77565196 kB
VmallocTotal:   263061440 kB
VmallocUsed:      107984 kB
VmallocChunk:          0 kB
Percpu:             7648 kB
CmaTotal:         294912 kB
CmaFree:               0 kB
MemTotal:       12113136 kB
MemFree:         4272164 kB
MemAvailable:    7620172 kB
Buffers:            6476 kB
Cached:          2516304 kB
SwapCached:            0 kB
Active:          1821388 kB
Inactive:        2143748 kB
Active(anon):    1451524 kB
Inactive(anon):    34004 kB
Active(file):     369864 kB
Inactive(file):  2109744 kB
Unevictable:        5564 kB
Mlocked:            5564 kB
SwapTotal:       3145724 kB
SwapFree:        3145724 kB
Dirty:               356 kB
Writeback:             0 kB
AnonPages:       1447652 kB
Mapped:           979908 kB
Shmem:             38696 kB
KReclaimable:    1737104 kB
Slab:             271852 kB
SReclaimable:     117328 kB
SUnreclaim:       154524 kB
KernelStack:       50736 kB
PageTables:        71160 kB
NFS_Unstable:          0 kB
Bounce:                0 kB
WritebackTmp:          0 kB
CommitLimit:     9202292 kB
Committed_AS:   77564380 kB
VmallocTotal:   263061440 kB
VmallocUsed:      107952 kB
VmallocChunk:          0 kB
Percpu:             7648 kB
CmaTotal:         294912 kB
CmaFree:               0 kB
MemTotal:       12113136 kB
MemFree:         4271632 kB
MemAvailable:    7619652 kB
Buffers:            6476 kB
Cached:          2516320 kB
SwapCached:            0 kB
Active:          1822468 kB
Inactive:        2143764 kB
Active(anon):    1452604 kB
Inactive(anon):    34008 kB
Active(file):     369864 kB
Inactive(file):  2109756 kB
Unevictable:        5564 kB
Mlocked:            5564 kB
SwapTotal:       3145724 kB
SwapFree:        3145724 kB
Dirty:               428 kB
Writeback:             0 kB
AnonPages:       1449060 kB
Mapped:           979300 kB
Shmem:             38700 kB
KReclaimable:    1737104 kB
Slab:             271864 kB
SReclaimable:     117328 kB
SUnreclaim:       154536 kB
KernelStack:       50720 kB
PageTables:        71116 kB
NFS_Unstable:          0 kB
Bounce:                0 kB
WritebackTmp:          0 kB
CommitLimit:     9202292 kB
Committed_AS:   77564800 kB
VmallocTotal:   263061440 kB
VmallocUsed:      107920 kB
VmallocChunk:          0 kB
Percpu:             7648 kB
CmaTotal:         294912 kB
CmaFree:               0 kB
MemTotal:       12113136 kB
MemFree:         4268956 kB
MemAvailable:    7616984 kB
Buffers:            6476 kB
Cached:          2516336 kB
SwapCached:            0 kB
Active:          1823232 kB
Inactive:        2143772 kB
Active(anon):    1453368 kB
Inactive(anon):    34008 kB
Active(file):     369864 kB
Inactive(file):  2109764 kB
Unevictable:        5564 kB
Mlocked:            5564 kB
SwapTotal:       3145724 kB
SwapFree:        3145724 kB
Dirty:               468 kB
Writeback:             0 kB
AnonPages:       1450140 kB
Mapped:           979224 kB
Shmem:             38700 kB
KReclaimable:    1737104 kB
Slab:             271856 kB
SReclaimable:     117328 kB
SUnreclaim:       154528 kB
KernelStack:       50592 kB
PageTables:        70948 kB
NFS_Unstable:          0 kB
Bounce:                0 kB
WritebackTmp:          0 kB
CommitLimit:     9202292 kB
Committed_AS:   77567504 kB
VmallocTotal:   263061440 kB
VmallocUsed:      107824 kB
VmallocChunk:          0 kB
Percpu:             7648 kB
CmaTotal:         294912 kB
CmaFree:               0 kB
MemTotal:       12113136 kB
MemFree:         4268844 kB
MemAvailable:    7616912 kB
Buffers:            6480 kB
Cached:          2516364 kB
SwapCached:            0 kB
Active:          1824576 kB
Inactive:        2143812 kB
Active(anon):    1454712 kB
Inactive(anon):    34008 kB
Active(file):     369864 kB
Inactive(file):  2109804 kB
Unevictable:        5564 kB
Mlocked:            5564 kB
SwapTotal:       3145724 kB
SwapFree:        3145724 kB
Dirty:               472 kB
Writeback:             0 kB
AnonPages:       1450852 kB
Mapped:           979256 kB
Shmem:             38700 kB
KReclaimable:    1737104 kB
Slab:             271856 kB
SReclaimable:     117328 kB
SUnreclaim:       154528 kB
KernelStack:       50512 kB
PageTables:        71092 kB
NFS_Unstable:          0 kB
Bounce:                0 kB
WritebackTmp:          0 kB
CommitLimit:     9202292 kB
Committed_AS:   77551528 kB
VmallocTotal:   263061440 kB
VmallocUsed:      107776 kB
VmallocChunk:          0 kB
Percpu:             7648 kB
CmaTotal:         294912 kB
CmaFree:               0 kB
MemTotal:       12113136 kB
MemFree:         4268124 kB
MemAvailable:    7616208 kB
Buffers:            6480 kB
Cached:          2516384 kB
SwapCached:            0 kB
Active:          1824684 kB
Inactive:        2143828 kB
Active(anon):    1454816 kB
Inactive(anon):    34012 kB
Active(file):     369868 kB
Inactive(file):  2109816 kB
Unevictable:        5564 kB
Mlocked:            5564 kB
SwapTotal:       3145724 kB
SwapFree:        3145724 kB
Dirty:               576 kB
Writeback:             0 kB
AnonPages:       1451232 kB
Mapped:           979176 kB
Shmem:             38704 kB
KReclaimable:    1737104 kB
Slab:             271856 kB
SReclaimable:     117328 kB
SUnreclaim:       154528 kB
KernelStack:       50560 kB
PageTables:        71160 kB
NFS_Unstable:          0 kB
Bounce:                0 kB
WritebackTmp:          0 kB
CommitLimit:     9202292 kB
Committed_AS:   77556948 kB
VmallocTotal:   263061440 kB
VmallocUsed:      107728 kB
VmallocChunk:          0 kB
Percpu:             7648 kB
CmaTotal:         294912 kB
CmaFree:              48 kB
MemTotal:       12113136 kB
MemFree:         4270260 kB
MemAvailable:    7618336 kB
Buffers:            6480 kB
Cached:          2516376 kB
SwapCached:            0 kB
Active:          1822124 kB
Inactive:        2143824 kB
Active(anon):    1452260 kB
Inactive(anon):    34012 kB
Active(file):     369864 kB
Inactive(file):  2109812 kB
Unevictable:        5564 kB
Mlocked:            5564 kB
SwapTotal:       3145724 kB
SwapFree:        3145724 kB
Dirty:               592 kB
Writeback:             0 kB
AnonPages:       1448560 kB
Mapped:           979284 kB
Shmem:             38704 kB
KReclaimable:    1737104 kB
Slab:             271860 kB
SReclaimable:     117328 kB
SUnreclaim:       154532 kB
KernelStack:       50564 kB
PageTables:        71108 kB
NFS_Unstable:          0 kB
Bounce:                0 kB
WritebackTmp:          0 kB
CommitLimit:     9202292 kB
Committed_AS:   77556568 kB
VmallocTotal:   263061440 kB
VmallocUsed:      107760 kB
VmallocChunk:          0 kB
Percpu:             7648 kB
CmaTotal:         294912 kB
CmaFree:              40 kB
MemTotal:       12113136 kB
MemFree:         4271360 kB
MemAvailable:    7619472 kB
Buffers:            6480 kB
Cached:          2516352 kB
SwapCached:            0 kB
Active:          1823048 kB
Inactive:        2143784 kB
Active(anon):    1453168 kB
Inactive(anon):    33952 kB
Active(file):     369880 kB
Inactive(file):  2109832 kB
Unevictable:        5564 kB
Mlocked:            5564 kB
SwapTotal:       3145724 kB
SwapFree:        3145724 kB
Dirty:               644 kB
Writeback:             0 kB
AnonPages:       1449140 kB
Mapped:           979244 kB
Shmem:             38644 kB
KReclaimable:    1737104 kB
Slab:             271860 kB
SReclaimable:     117328 kB
SUnreclaim:       154532 kB
KernelStack:       50556 kB
PageTables:        70996 kB
NFS_Unstable:          0 kB
Bounce:                0 kB
WritebackTmp:          0 kB
CommitLimit:     9202292 kB
Committed_AS:   77547444 kB
VmallocTotal:   263061440 kB
VmallocUsed:      107712 kB
VmallocChunk:          0 kB
Percpu:             7648 kB
CmaTotal:         294912 kB
CmaFree:               4 kB
MemTotal:       12113136 kB
MemFree:         4268940 kB
MemAvailable:    7617068 kB
Buffers:            6480 kB
Cached:          2516428 kB
SwapCached:            0 kB
Active:          1823908 kB
Inactive:        2143860 kB
Active(anon):    1454028 kB
Inactive(anon):    34012 kB
Active(file):     369880 kB
Inactive(file):  2109848 kB
Unevictable:        5564 kB
Mlocked:            5564 kB
SwapTotal:       3145724 kB
SwapFree:        3145724 kB
Dirty:               676 kB
Writeback:             0 kB
AnonPages:       1450444 kB
Mapped:           979260 kB
Shmem:             38704 kB
KReclaimable:    1737104 kB
Slab:             271852 kB
SReclaimable:     117328 kB
SUnreclaim:       154524 kB
KernelStack:       50528 kB
PageTables:        71052 kB
NFS_Unstable:          0 kB
Bounce:                0 kB
WritebackTmp:          0 kB
CommitLimit:     9202292 kB
Committed_AS:   77558888 kB
VmallocTotal:   263061440 kB
VmallocUsed:      107744 kB
VmallocChunk:          0 kB
Percpu:             7648 kB
CmaTotal:         294912 kB
CmaFree:               8 kB
MemTotal:       12113136 kB
MemFree:         4267124 kB
MemAvailable:    7615248 kB
Buffers:            6480 kB
Cached:          2516424 kB
SwapCached:            0 kB
Active:          1825376 kB
Inactive:        2143860 kB
Active(anon):    1455500 kB
Inactive(anon):    34012 kB
Active(file):     369876 kB
Inactive(file):  2109848 kB
Unevictable:        5564 kB
Mlocked:            5564 kB
SwapTotal:       3145724 kB
SwapFree:        3145724 kB
Dirty:               188 kB
Writeback:             0 kB
AnonPages:       1451532 kB
Mapped:           979260 kB
Shmem:             38704 kB
KReclaimable:    1737104 kB
Slab:             271912 kB
SReclaimable:     117328 kB
SUnreclaim:       154584 kB
KernelStack:       50576 kB
PageTables:        70980 kB
NFS_Unstable:          0 kB
Bounce:                0 kB
WritebackTmp:          0 kB
CommitLimit:     9202292 kB
Committed_AS:   77563784 kB
VmallocTotal:   263061440 kB
VmallocUsed:      107760 kB
VmallocChunk:          0 kB
Percpu:             7648 kB
CmaTotal:         294912 kB
CmaFree:               0 kB
MemTotal:       12113136 kB
MemFree:         4268024 kB
MemAvailable:    7616176 kB
Buffers:            6480 kB
Cached:          2516452 kB
SwapCached:            0 kB
Active:          1825612 kB
Inactive:        2143884 kB
Active(anon):    1455732 kB
Inactive(anon):    34012 kB
Active(file):     369880 kB
Inactive(file):  2109872 kB
Unevictable:        5564 kB
Mlocked:            5564 kB
SwapTotal:       3145724 kB
SwapFree:        3145724 kB
Dirty:               324 kB
Writeback:             0 kB
AnonPages:       1452340 kB
Mapped:           979164 kB
Shmem:             38704 kB
KReclaimable:    1737104 kB
Slab:             271912 kB
SReclaimable:     117328 kB
SUnreclaim:       154584 kB
KernelStack:       50512 kB
PageTables:        71020 kB
NFS_Unstable:          0 kB
Bounce:                0 kB
WritebackTmp:          0 kB
CommitLimit:     9202292 kB
Committed_AS:   77556880 kB
VmallocTotal:   263061440 kB
VmallocUsed:      107728 kB
VmallocChunk:          0 kB
Percpu:             7648 kB
CmaTotal:         294912 kB
CmaFree:               0 kB
MemTotal:       12113136 kB
MemFree:         4265616 kB
MemAvailable:    7613776 kB
Buffers:            6480 kB
Cached:          2516460 kB
SwapCached:            0 kB
Active:          1827672 kB
Inactive:        2143888 kB
Active(anon):    1457788 kB
Inactive(anon):    34012 kB
Active(file):     369884 kB
Inactive(file):  2109876 kB
Unevictable:        5564 kB
Mlocked:            5564 kB
SwapTotal:       3145724 kB
SwapFree:        3145724 kB
Dirty:               348 kB
Writeback:             0 kB
AnonPages:       1454620 kB
Mapped:           979152 kB
Shmem:             38704 kB
KReclaimable:    1737104 kB
Slab:             271888 kB
SReclaimable:     117328 kB
SUnreclaim:       154560 kB
KernelStack:       50576 kB
PageTables:        71180 kB
NFS_Unstable:          0 kB
Bounce:                0 kB
WritebackTmp:          0 kB
CommitLimit:     9202292 kB
Committed_AS:   77562612 kB
VmallocTotal:   263061440 kB
VmallocUsed:      107760 kB
VmallocChunk:          0 kB
Percpu:             7648 kB
CmaTotal:         294912 kB
CmaFree:               4 kB
MemTotal:       12113136 kB
MemFree:         4263568 kB
MemAvailable:    7611748 kB
Buffers:            6480 kB
Cached:          2516480 kB
SwapCached:            0 kB
Active:          1828896 kB
Inactive:        2143912 kB
Active(anon):    1459016 kB
Inactive(anon):    34012 kB
Active(file):     369880 kB
Inactive(file):  2109900 kB
Unevictable:        5564 kB
Mlocked:            5564 kB
SwapTotal:       3145724 kB
SwapFree:        3145724 kB
Dirty:               424 kB
Writeback:             0 kB
AnonPages:       1455472 kB
Mapped:           979296 kB
Shmem:             38704 kB
KReclaimable:    1737104 kB
Slab:             271892 kB
SReclaimable:     117328 kB
SUnreclaim:       154564 kB
KernelStack:       50512 kB
PageTables:        71116 kB
NFS_Unstable:          0 kB
Bounce:                0 kB
WritebackTmp:          0 kB
CommitLimit:     9202292 kB
Committed_AS:   77560340 kB
VmallocTotal:   263061440 kB
VmallocUsed:      107776 kB
VmallocChunk:          0 kB
Percpu:             7648 kB
CmaTotal:         294912 kB
CmaFree:               0 kB
MemTotal:       12113136 kB
MemFree:         4261856 kB
MemAvailable:    7610056 kB
Buffers:            6480 kB
Cached:          2516500 kB
SwapCached:            0 kB
Active:          1829972 kB
Inactive:        2143928 kB
Active(anon):    1460088 kB
Inactive(anon):    34012 kB
Active(file):     369884 kB
Inactive(file):  2109916 kB
Unevictable:        5564 kB
Mlocked:            5564 kB
SwapTotal:       3145724 kB
SwapFree:        3145724 kB
Dirty:               480 kB
Writeback:             4 kB
AnonPages:       1456432 kB
Mapped:           979136 kB
Shmem:             38704 kB
KReclaimable:    1737104 kB
Slab:             271920 kB
SReclaimable:     117328 kB
SUnreclaim:       154592 kB
KernelStack:       50412 kB
PageTables:        71060 kB
NFS_Unstable:          0 kB
Bounce:                0 kB
WritebackTmp:          0 kB
CommitLimit:     9202292 kB
Committed_AS:   77558056 kB
VmallocTotal:   263061440 kB
VmallocUsed:      107712 kB
VmallocChunk:          0 kB
Percpu:             7648 kB
CmaTotal:         294912 kB
CmaFree:               0 kB
MemTotal:       12113136 kB
MemFree:         4264364 kB
MemAvailable:    7612552 kB
Buffers:            6480 kB
Cached:          2516488 kB
SwapCached:            0 kB
Active:          1828840 kB
Inactive:        2143924 kB
Active(anon):    1458964 kB
Inactive(anon):    34012 kB
Active(file):     369876 kB
Inactive(file):  2109912 kB
Unevictable:        5564 kB
Mlocked:            5564 kB
SwapTotal:       3145724 kB
SwapFree:        3145724 kB
Dirty:               312 kB
Writeback:             0 kB
AnonPages:       1455700 kB
Mapped:           979268 kB
Shmem:             38704 kB
KReclaimable:    1737104 kB
Slab:             271904 kB
SReclaimable:     117328 kB
SUnreclaim:       154576 kB
KernelStack:       50448 kB
PageTables:        70716 kB
NFS_Unstable:          0 kB
Bounce:                0 kB
WritebackTmp:          0 kB
CommitLimit:     9202292 kB
Committed_AS:   77556340 kB
VmallocTotal:   263061440 kB
VmallocUsed:      107648 kB
VmallocChunk:          0 kB
Percpu:             7648 kB
CmaTotal:         294912 kB
CmaFree:              96 kB
MemTotal:       12113136 kB
MemFree:         4262772 kB
MemAvailable:    7610976 kB
Buffers:            6480 kB
Cached:          2516504 kB
SwapCached:            0 kB
Active:          1828748 kB
Inactive:        2143944 kB
Active(anon):    1458876 kB
Inactive(anon):    34012 kB
Active(file):     369872 kB
Inactive(file):  2109932 kB
Unevictable:        5564 kB
Mlocked:            5564 kB
SwapTotal:       3145724 kB
SwapFree:        3145724 kB
Dirty:               300 kB
Writeback:             0 kB
AnonPages:       1455112 kB
Mapped:           979272 kB
Shmem:             38704 kB
KReclaimable:    1737104 kB
Slab:             271904 kB
SReclaimable:     117328 kB
SUnreclaim:       154576 kB
KernelStack:       50576 kB
PageTables:        70976 kB
NFS_Unstable:          0 kB
Bounce:                0 kB
WritebackTmp:          0 kB
CommitLimit:     9202292 kB
Committed_AS:   77559664 kB
VmallocTotal:   263061440 kB
VmallocUsed:      107680 kB
VmallocChunk:          0 kB
Percpu:             7648 kB
CmaTotal:         294912 kB
CmaFree:              28 kB
MemTotal:       12113136 kB
MemFree:         4264200 kB
MemAvailable:    7612436 kB
Buffers:            6480 kB
Cached:          2516536 kB
SwapCached:            0 kB
Active:          1829800 kB
Inactive:        2143968 kB
Active(anon):    1459920 kB
Inactive(anon):    34012 kB
Active(file):     369880 kB
Inactive(file):  2109956 kB
Unevictable:        5564 kB
Mlocked:            5564 kB
SwapTotal:       3145724 kB
SwapFree:        3145724 kB
Dirty:               376 kB
Writeback:             0 kB
AnonPages:       1456420 kB
Mapped:           979232 kB
Shmem:             38704 kB
KReclaimable:    1737104 kB
Slab:             271908 kB
SReclaimable:     117328 kB
SUnreclaim:       154580 kB
KernelStack:       50512 kB
PageTables:        71124 kB
NFS_Unstable:          0 kB
Bounce:                0 kB
WritebackTmp:          0 kB
CommitLimit:     9202292 kB
Committed_AS:   77553624 kB
VmallocTotal:   263061440 kB
VmallocUsed:      107664 kB
VmallocChunk:          0 kB
Percpu:             7648 kB
CmaTotal:         294912 kB
CmaFree:               0 kB
MemTotal:       12113136 kB
MemFree:         4273484 kB
MemAvailable:    7621732 kB
Buffers:            6480 kB
Cached:          2516608 kB
SwapCached:            0 kB
Active:          1819416 kB
Inactive:        2144040 kB
Active(anon):    1449536 kB
Inactive(anon):    34072 kB
Active(file):     369880 kB
Inactive(file):  2109968 kB
Unevictable:        5564 kB
Mlocked:            5564 kB
SwapTotal:       3145724 kB
SwapFree:        3145724 kB
Dirty:               412 kB
Writeback:             0 kB
AnonPages:       1445648 kB
Mapped:           979456 kB
Shmem:             38764 kB
KReclaimable:    1737104 kB
Slab:             271908 kB
SReclaimable:     117328 kB
SUnreclaim:       154580 kB
KernelStack:       50544 kB
PageTables:        70804 kB
NFS_Unstable:          0 kB
Bounce:                0 kB
WritebackTmp:          0 kB
CommitLimit:     9202292 kB
Committed_AS:   77560548 kB
VmallocTotal:   263061440 kB
VmallocUsed:      107712 kB
VmallocChunk:          0 kB
Percpu:             7648 kB
CmaTotal:         294912 kB
CmaFree:               0 kB
MemTotal:       12113136 kB
MemFree:         4273572 kB
MemAvailable:    7621832 kB
Buffers:            6480 kB
Cached:          2516560 kB
SwapCached:            0 kB
Active:          1820148 kB
Inactive:        2143992 kB
Active(anon):    1450268 kB
Inactive(anon):    34012 kB
Active(file):     369880 kB
Inactive(file):  2109980 kB
Unevictable:        5564 kB
Mlocked:            5564 kB
SwapTotal:       3145724 kB
SwapFree:        3145724 kB
Dirty:               480 kB
Writeback:             0 kB
AnonPages:       1446416 kB
Mapped:           979276 kB
Shmem:             38704 kB
KReclaimable:    1737104 kB
Slab:             271908 kB
SReclaimable:     117328 kB
SUnreclaim:       154580 kB
KernelStack:       50560 kB
PageTables:        71008 kB
NFS_Unstable:          0 kB
Bounce:                0 kB
WritebackTmp:          0 kB
CommitLimit:     9202292 kB
Committed_AS:   77559568 kB
VmallocTotal:   263061440 kB
VmallocUsed:      107728 kB
VmallocChunk:          0 kB
Percpu:             7648 kB
CmaTotal:         294912 kB
CmaFree:              68 kB
MemTotal:       12113136 kB
MemFree:         4271320 kB
MemAvailable:    7619628 kB
Buffers:            6484 kB
Cached:          2516604 kB
SwapCached:            0 kB
Active:          1820508 kB
Inactive:        2144032 kB
Active(anon):    1450620 kB
Inactive(anon):    34012 kB
Active(file):     369888 kB
Inactive(file):  2110020 kB
Unevictable:        5564 kB
Mlocked:            5564 kB
SwapTotal:       3145724 kB
SwapFree:        3145724 kB
Dirty:               480 kB
Writeback:             0 kB
AnonPages:       1447080 kB
Mapped:           979380 kB
Shmem:             38704 kB
KReclaimable:    1737104 kB
Slab:             271924 kB
SReclaimable:     117328 kB
SUnreclaim:       154596 kB
KernelStack:       50592 kB
PageTables:        71080 kB
NFS_Unstable:          0 kB
Bounce:                0 kB
WritebackTmp:          0 kB
CommitLimit:     9202292 kB
Committed_AS:   77563448 kB
VmallocTotal:   263061440 kB
VmallocUsed:      107760 kB
VmallocChunk:          0 kB
Percpu:             7648 kB
CmaTotal:         294912 kB
CmaFree:               0 kB
MemTotal:       12113136 kB
MemFree:         4269908 kB
MemAvailable:    7618220 kB
Buffers:            6484 kB
Cached:          2516608 kB
SwapCached:            0 kB
Active:          1821948 kB
Inactive:        2144040 kB
Active(anon):    1452064 kB
Inactive(anon):    34012 kB
Active(file):     369884 kB
Inactive(file):  2110028 kB
Unevictable:        5564 kB
Mlocked:            5564 kB
SwapTotal:       3145724 kB
SwapFree:        3145724 kB
Dirty:               560 kB
Writeback:             0 kB
AnonPages:       1448468 kB
Mapped:           979328 kB
Shmem:             38704 kB
KReclaimable:    1737104 kB
Slab:             271916 kB
SReclaimable:     117328 kB
SUnreclaim:       154588 kB
KernelStack:       50640 kB
PageTables:        71140 kB
NFS_Unstable:          0 kB
Bounce:                0 kB
WritebackTmp:          0 kB
CommitLimit:     9202292 kB
Committed_AS:   77569116 kB
VmallocTotal:   263061440 kB
VmallocUsed:      107776 kB
VmallocChunk:          0 kB
Percpu:             7648 kB
CmaTotal:         294912 kB
CmaFree:               0 kB
MemTotal:       12113136 kB
MemFree:         4281748 kB
MemAvailable:    7630060 kB
Buffers:            6484 kB
Cached:          2516608 kB
SwapCached:            0 kB
Active:          1810500 kB
Inactive:        2144044 kB
Active(anon):    1440620 kB
Inactive(anon):    34012 kB
Active(file):     369880 kB
Inactive(file):  2110032 kB
Unevictable:        5564 kB
Mlocked:            5564 kB
SwapTotal:       3145724 kB
SwapFree:        3145724 kB
Dirty:               580 kB
Writeback:             0 kB
AnonPages:       1436700 kB
Mapped:           979500 kB
Shmem:             38704 kB
KReclaimable:    1737104 kB
Slab:             271916 kB
SReclaimable:     117328 kB
SUnreclaim:       154588 kB
KernelStack:       50592 kB
PageTables:        71172 kB
NFS_Unstable:          0 kB
Bounce:                0 kB
WritebackTmp:          0 kB
CommitLimit:     9202292 kB
Committed_AS:   77564500 kB
VmallocTotal:   263061440 kB
VmallocUsed:      107776 kB
VmallocChunk:          0 kB
Percpu:             7648 kB
CmaTotal:         294912 kB
CmaFree:               0 kB
MemTotal:       12113136 kB
MemFree:         4280312 kB
MemAvailable:    7628652 kB
Buffers:            6484 kB
Cached:          2516636 kB
SwapCached:            0 kB
Active:          1811284 kB
Inactive:        2144064 kB
Active(anon):    1441396 kB
Inactive(anon):    34012 kB
Active(file):     369888 kB
Inactive(file):  2110052 kB
Unevictable:        5564 kB
Mlocked:            5564 kB
SwapTotal:       3145724 kB
SwapFree:        3145724 kB
Dirty:               644 kB
Writeback:             0 kB
AnonPages:       1437764 kB
Mapped:           979472 kB
Shmem:             38704 kB
KReclaimable:    1737104 kB
Slab:             271920 kB
SReclaimable:     117328 kB
SUnreclaim:       154592 kB
KernelStack:       50672 kB
PageTables:        70968 kB
NFS_Unstable:          0 kB
Bounce:                0 kB
WritebackTmp:          0 kB
CommitLimit:     9202292 kB
Committed_AS:   77563816 kB
VmallocTotal:   263061440 kB
VmallocUsed:      107760 kB
VmallocChunk:          0 kB
Percpu:             7648 kB
CmaTotal:         294912 kB
CmaFree:              16 kB
MemTotal:       12113136 kB
MemFree:         4279844 kB
MemAvailable:    7628196 kB
Buffers:            6484 kB
Cached:          2516648 kB
SwapCached:            0 kB
Active:          1812324 kB
Inactive:        2144080 kB
Active(anon):    1442440 kB
Inactive(anon):    34012 kB
Active(file):     369884 kB
Inactive(file):  2110068 kB
Unevictable:        5564 kB
Mlocked:            5564 kB
SwapTotal:       3145724 kB
SwapFree:        3145724 kB
Dirty:               708 kB
Writeback:             0 kB
AnonPages:       1439008 kB
Mapped:           979436 kB
Shmem:             38704 kB
KReclaimable:    1737104 kB
Slab:             271920 kB
SReclaimable:     117328 kB
SUnreclaim:       154592 kB
KernelStack:       50592 kB
PageTables:        71124 kB
NFS_Unstable:          0 kB
Bounce:                0 kB
WritebackTmp:          0 kB
CommitLimit:     9202292 kB
Committed_AS:   77566612 kB
VmallocTotal:   263061440 kB
VmallocUsed:      107792 kB
VmallocChunk:          0 kB
Percpu:             7648 kB
CmaTotal:         294912 kB
CmaFree:              44 kB
MemTotal:       12113136 kB
MemFree:         4279884 kB
MemAvailable:    7628248 kB
Buffers:            6484 kB
Cached:          2516660 kB
SwapCached:            0 kB
Active:          1813368 kB
Inactive:        2144092 kB
Active(anon):    1443484 kB
Inactive(anon):    34012 kB
Active(file):     369884 kB
Inactive(file):  2110080 kB
Unevictable:        5564 kB
Mlocked:            5564 kB
SwapTotal:       3145724 kB
SwapFree:        3145724 kB
Dirty:               736 kB
Writeback:             0 kB
AnonPages:       1440004 kB
Mapped:           979280 kB
Shmem:             38704 kB
KReclaimable:    1737104 kB
Slab:             271936 kB
SReclaimable:     117328 kB
SUnreclaim:       154608 kB
KernelStack:       50528 kB
PageTables:        71396 kB
NFS_Unstable:          0 kB
Bounce:                0 kB
WritebackTmp:          0 kB
CommitLimit:     9202292 kB
Committed_AS:   77567268 kB
VmallocTotal:   263061440 kB
VmallocUsed:      107760 kB
VmallocChunk:          0 kB
Percpu:             7648 kB
CmaTotal:         294912 kB
CmaFree:               4 kB
MemTotal:       12113136 kB
MemFree:         4281096 kB
MemAvailable:    7629476 kB
Buffers:            6484 kB
Cached:          2516676 kB
SwapCached:            0 kB
Active:          1810736 kB
Inactive:        2144104 kB
Active(anon):    1440848 kB
Inactive(anon):    34012 kB
Active(file):     369888 kB
Inactive(file):  2110092 kB
Unevictable:        5564 kB
Mlocked:            5564 kB
SwapTotal:       3145724 kB
SwapFree:        3145724 kB
Dirty:               284 kB
Writeback:             0 kB
AnonPages:       1437364 kB
Mapped:           979540 kB
Shmem:             38704 kB
KReclaimable:    1737104 kB
Slab:             271900 kB
SReclaimable:     117328 kB
SUnreclaim:       154572 kB
KernelStack:       50544 kB
PageTables:        71000 kB
NFS_Unstable:          0 kB
Bounce:                0 kB
WritebackTmp:          0 kB
CommitLimit:     9202292 kB
Committed_AS:   77568300 kB
VmallocTotal:   263061440 kB
VmallocUsed:      107760 kB
VmallocChunk:          0 kB
Percpu:             7648 kB
CmaTotal:         294912 kB
CmaFree:              32 kB
MemTotal:       12113136 kB
MemFree:         4281308 kB
MemAvailable:    7629704 kB
Buffers:            6484 kB
Cached:          2516696 kB
SwapCached:            0 kB
Active:          1811500 kB
Inactive:        2144124 kB
Active(anon):    1441612 kB
Inactive(anon):    34016 kB
Active(file):     369888 kB
Inactive(file):  2110108 kB
Unevictable:        5564 kB
Mlocked:            5564 kB
SwapTotal:       3145724 kB
SwapFree:        3145724 kB
Dirty:               396 kB
Writeback:             0 kB
AnonPages:       1437988 kB
Mapped:           979620 kB
Shmem:             38708 kB
KReclaimable:    1737104 kB
Slab:             271904 kB
SReclaimable:     117328 kB
SUnreclaim:       154576 kB
KernelStack:       50624 kB
PageTables:        71152 kB
NFS_Unstable:          0 kB
Bounce:                0 kB
WritebackTmp:          0 kB
CommitLimit:     9202292 kB
Committed_AS:   77568916 kB
VmallocTotal:   263061440 kB
VmallocUsed:      107776 kB
VmallocChunk:          0 kB
Percpu:             7648 kB
CmaTotal:         294912 kB
CmaFree:             108 kB
MemTotal:       12113136 kB
MemFree:         4280852 kB
MemAvailable:    7629256 kB
Buffers:            6484 kB
Cached:          2516704 kB
SwapCached:            0 kB
Active:          1811992 kB
Inactive:        2144136 kB
Active(anon):    1442108 kB
Inactive(anon):    34016 kB
Active(file):     369884 kB
Inactive(file):  2110120 kB
Unevictable:        5564 kB
Mlocked:            5564 kB
SwapTotal:       3145724 kB
SwapFree:        3145724 kB
Dirty:               404 kB
Writeback:             0 kB
AnonPages:       1438896 kB
Mapped:           979684 kB
Shmem:             38708 kB
KReclaimable:    1737104 kB
Slab:             271904 kB
SReclaimable:     117328 kB
SUnreclaim:       154576 kB
KernelStack:       50576 kB
PageTables:        70636 kB
NFS_Unstable:          0 kB
Bounce:                0 kB
WritebackTmp:          0 kB
CommitLimit:     9202292 kB
Committed_AS:   77563692 kB
VmallocTotal:   263061440 kB
VmallocUsed:      107760 kB
VmallocChunk:          0 kB
Percpu:             7648 kB
CmaTotal:         294912 kB
CmaFree:               0 kB
MemTotal:       12113136 kB
MemFree:         4277180 kB
MemAvailable:    7625592 kB
Buffers:            6484 kB
Cached:          2516712 kB
SwapCached:            0 kB
Active:          1816484 kB
Inactive:        2144144 kB
Active(anon):    1446600 kB
Inactive(anon):    34016 kB
Active(file):     369884 kB
Inactive(file):  2110128 kB
Unevictable:        5564 kB
Mlocked:            5564 kB
SwapTotal:       3145724 kB
SwapFree:        3145724 kB
Dirty:               448 kB
Writeback:             0 kB
AnonPages:       1443044 kB
Mapped:           979516 kB
Shmem:             38708 kB
KReclaimable:    1737104 kB
Slab:             271908 kB
SReclaimable:     117328 kB
SUnreclaim:       154580 kB
KernelStack:       50528 kB
PageTables:        70976 kB
NFS_Unstable:          0 kB
Bounce:                0 kB
WritebackTmp:          0 kB
CommitLimit:     9202292 kB
Committed_AS:   77564704 kB
VmallocTotal:   263061440 kB
VmallocUsed:      107792 kB
VmallocChunk:          0 kB
Percpu:             7648 kB
CmaTotal:         294912 kB
CmaFree:               0 kB
MemTotal:       12113136 kB
MemFree:         4276072 kB
MemAvailable:    7624480 kB
Buffers:            6484 kB
Cached:          2516708 kB
SwapCached:            0 kB
Active:          1817552 kB
Inactive:        2144148 kB
Active(anon):    1447676 kB
Inactive(anon):    34016 kB
Active(file):     369876 kB
Inactive(file):  2110132 kB
Unevictable:        5564 kB
Mlocked:            5564 kB
SwapTotal:       3145724 kB
SwapFree:        3145724 kB
Dirty:               496 kB
Writeback:             0 kB
AnonPages:       1444492 kB
Mapped:           979676 kB
Shmem:             38708 kB
KReclaimable:    1737104 kB
Slab:             271912 kB
SReclaimable:     117328 kB
SUnreclaim:       154584 kB
KernelStack:       50592 kB
PageTables:        70916 kB
NFS_Unstable:          0 kB
Bounce:                0 kB
WritebackTmp:          0 kB
CommitLimit:     9202292 kB
Committed_AS:   77563856 kB
VmallocTotal:   263061440 kB
VmallocUsed:      107792 kB
VmallocChunk:          0 kB
Percpu:             7648 kB
CmaTotal:         294912 kB
CmaFree:               0 kB
MemTotal:       12113136 kB
MemFree:         4274136 kB
MemAvailable:    7622580 kB
Buffers:            6484 kB
Cached:          2516744 kB
SwapCached:            0 kB
Active:          1818776 kB
Inactive:        2144176 kB
Active(anon):    1448892 kB
Inactive(anon):    34016 kB
Active(file):     369884 kB
Inactive(file):  2110160 kB
Unevictable:        5564 kB
Mlocked:            5564 kB
SwapTotal:       3145724 kB
SwapFree:        3145724 kB
Dirty:               316 kB
Writeback:             8 kB
AnonPages:       1445364 kB
Mapped:           979736 kB
Shmem:             38708 kB
KReclaimable:    1737104 kB
Slab:             271964 kB
SReclaimable:     117328 kB
SUnreclaim:       154636 kB
KernelStack:       50576 kB
PageTables:        71200 kB
NFS_Unstable:          0 kB
Bounce:                0 kB
WritebackTmp:          0 kB
CommitLimit:     9202292 kB
Committed_AS:   77559420 kB
VmallocTotal:   263061440 kB
VmallocUsed:      107760 kB
VmallocChunk:          0 kB
Percpu:             7648 kB
CmaTotal:         294912 kB
CmaFree:               0 kB
MemTotal:       12113136 kB
MemFree:         4272884 kB
MemAvailable:    7621344 kB
Buffers:            6484 kB
Cached:          2516760 kB
SwapCached:            0 kB
Active:          1820136 kB
Inactive:        2144192 kB
Active(anon):    1450252 kB
Inactive(anon):    34016 kB
Active(file):     369884 kB
Inactive(file):  2110176 kB
Unevictable:        5564 kB
Mlocked:            5564 kB
SwapTotal:       3145724 kB
SwapFree:        3145724 kB
Dirty:               340 kB
Writeback:             0 kB
AnonPages:       1446664 kB
Mapped:           979988 kB
Shmem:             38708 kB
KReclaimable:    1737104 kB
Slab:             271964 kB
SReclaimable:     117328 kB
SUnreclaim:       154636 kB
KernelStack:       50512 kB
PageTables:        71040 kB
NFS_Unstable:          0 kB
Bounce:                0 kB
WritebackTmp:          0 kB
CommitLimit:     9202292 kB
Committed_AS:   77569288 kB
VmallocTotal:   263061440 kB
VmallocUsed:      107808 kB
VmallocChunk:          0 kB
Percpu:             7648 kB
CmaTotal:         294912 kB
CmaFree:               0 kB
MemTotal:       12113136 kB
MemFree:         4270672 kB
MemAvailable:    7619136 kB
Buffers:            6484 kB
Cached:          2516764 kB
SwapCached:            0 kB
Active:          1821524 kB
Inactive:        2144200 kB
Active(anon):    1451644 kB
Inactive(anon):    34016 kB
Active(file):     369880 kB
Inactive(file):  2110184 kB
Unevictable:        5564 kB
Mlocked:            5564 kB
SwapTotal:       3145724 kB
SwapFree:        3145724 kB
Dirty:               388 kB
Writeback:             0 kB
AnonPages:       1447880 kB
Mapped:           980100 kB
Shmem:             38708 kB
KReclaimable:    1737104 kB
Slab:             271964 kB
SReclaimable:     117328 kB
SUnreclaim:       154636 kB
KernelStack:       50628 kB
PageTables:        71092 kB
NFS_Unstable:          0 kB
Bounce:                0 kB
WritebackTmp:          0 kB
CommitLimit:     9202292 kB
Committed_AS:   77569340 kB
VmallocTotal:   263061440 kB
VmallocUsed:      107808 kB
VmallocChunk:          0 kB
Percpu:             7648 kB
CmaTotal:         294912 kB
CmaFree:               0 kB
MemTotal:       12113136 kB
MemFree:         4270476 kB
MemAvailable:    7618956 kB
Buffers:            6484 kB
Cached:          2516780 kB
SwapCached:            0 kB
Active:          1822608 kB
Inactive:        2144212 kB
Active(anon):    1452724 kB
Inactive(anon):    34016 kB
Active(file):     369884 kB
Inactive(file):  2110196 kB
Unevictable:        5564 kB
Mlocked:            5564 kB
SwapTotal:       3145724 kB
SwapFree:        3145724 kB
Dirty:               432 kB
Writeback:             0 kB
AnonPages:       1448868 kB
Mapped:           979768 kB
Shmem:             38708 kB
KReclaimable:    1737104 kB
Slab:             271976 kB
SReclaimable:     117328 kB
SUnreclaim:       154648 kB
KernelStack:       50608 kB
PageTables:        71108 kB
NFS_Unstable:          0 kB
Bounce:                0 kB
WritebackTmp:          0 kB
CommitLimit:     9202292 kB
Committed_AS:   77554736 kB
VmallocTotal:   263061440 kB
VmallocUsed:      107808 kB
VmallocChunk:          0 kB
Percpu:             7648 kB
CmaTotal:         294912 kB
CmaFree:               0 kB
MemTotal:       12113136 kB
MemFree:         4268980 kB
MemAvailable:    7617492 kB
Buffers:            6488 kB
Cached:          2516808 kB
SwapCached:            0 kB
Active:          1822400 kB
Inactive:        2144244 kB
Active(anon):    1452516 kB
Inactive(anon):    34016 kB
Active(file):     369884 kB
Inactive(file):  2110228 kB
Unevictable:        5564 kB
Mlocked:            5564 kB
SwapTotal:       3145724 kB
SwapFree:        3145724 kB
Dirty:               432 kB
Writeback:             0 kB
AnonPages:       1448812 kB
Mapped:           979872 kB
Shmem:             38708 kB
KReclaimable:    1737104 kB
Slab:             271976 kB
SReclaimable:     117328 kB
SUnreclaim:       154648 kB
KernelStack:       50624 kB
PageTables:        71204 kB
NFS_Unstable:          0 kB
Bounce:                0 kB
WritebackTmp:          0 kB
CommitLimit:     9202292 kB
Committed_AS:   77564528 kB
VmallocTotal:   263061440 kB
VmallocUsed:      107808 kB
VmallocChunk:          0 kB
Percpu:             7648 kB
CmaTotal:         294912 kB
CmaFree:               0 kB
MemTotal:       12113136 kB
MemFree:         4268852 kB
MemAvailable:    7617384 kB
Buffers:            6488 kB
Cached:          2516828 kB
SwapCached:            0 kB
Active:          1824064 kB
Inactive:        2144260 kB
Active(anon):    1454176 kB
Inactive(anon):    34016 kB
Active(file):     369888 kB
Inactive(file):  2110244 kB
Unevictable:        5564 kB
Mlocked:            5564 kB
SwapTotal:       3145724 kB
SwapFree:        3145724 kB
Dirty:               536 kB
Writeback:             0 kB
AnonPages:       1450672 kB
Mapped:           979804 kB
Shmem:             38708 kB
KReclaimable:    1737104 kB
Slab:             271976 kB
SReclaimable:     117328 kB
SUnreclaim:       154648 kB
KernelStack:       50560 kB
PageTables:        71000 kB
NFS_Unstable:          0 kB
Bounce:                0 kB
WritebackTmp:          0 kB
CommitLimit:     9202292 kB
Committed_AS:   77563140 kB
VmallocTotal:   263061440 kB
VmallocUsed:      107744 kB
VmallocChunk:          0 kB
Percpu:             7648 kB
CmaTotal:         294912 kB
CmaFree:               4 kB
MemTotal:       12113136 kB
MemFree:         4267900 kB
MemAvailable:    7616448 kB
Buffers:            6488 kB
Cached:          2516844 kB
SwapCached:            0 kB
Active:          1824744 kB
Inactive:        2144276 kB
Active(anon):    1454856 kB
Inactive(anon):    34016 kB
Active(file):     369888 kB
Inactive(file):  2110260 kB
Unevictable:        5564 kB
Mlocked:            5564 kB
SwapTotal:       3145724 kB
SwapFree:        3145724 kB
Dirty:               572 kB
Writeback:             0 kB
AnonPages:       1451348 kB
Mapped:           979968 kB
Shmem:             38708 kB
KReclaimable:    1737104 kB
Slab:             271980 kB
SReclaimable:     117328 kB
SUnreclaim:       154652 kB
KernelStack:       50608 kB
PageTables:        71100 kB
NFS_Unstable:          0 kB
Bounce:                0 kB
WritebackTmp:          0 kB
CommitLimit:     9202292 kB
Committed_AS:   77564020 kB
VmallocTotal:   263061440 kB
VmallocUsed:      107808 kB
VmallocChunk:          0 kB
Percpu:             7648 kB
CmaTotal:         294912 kB
CmaFree:               0 kB
MemTotal:       12113136 kB
MemFree:         4268388 kB
MemAvailable:    7616940 kB
Buffers:            6488 kB
Cached:          2516848 kB
SwapCached:            0 kB
Active:          1824048 kB
Inactive:        2144280 kB
Active(anon):    1454160 kB
Inactive(anon):    34016 kB
Active(file):     369888 kB
Inactive(file):  2110264 kB
Unevictable:        5564 kB
Mlocked:            5564 kB
SwapTotal:       3145724 kB
SwapFree:        3145724 kB
Dirty:               592 kB
Writeback:             0 kB
AnonPages:       1450644 kB
Mapped:           980100 kB
Shmem:             38708 kB
KReclaimable:    1737104 kB
Slab:             271980 kB
SReclaimable:     117328 kB
SUnreclaim:       154652 kB
KernelStack:       50608 kB
PageTables:        70860 kB
NFS_Unstable:          0 kB
Bounce:                0 kB
WritebackTmp:          0 kB
CommitLimit:     9202292 kB
Committed_AS:   77558532 kB
VmallocTotal:   263061440 kB
VmallocUsed:      107792 kB
VmallocChunk:          0 kB
Percpu:             7648 kB
CmaTotal:         294912 kB
CmaFree:               0 kB
MemTotal:       12113136 kB
MemFree:         4266216 kB
MemAvailable:    7614792 kB
Buffers:            6488 kB
Cached:          2516872 kB
SwapCached:            0 kB
Active:          1825336 kB
Inactive:        2144304 kB
Active(anon):    1455448 kB
Inactive(anon):    34016 kB
Active(file):     369888 kB
Inactive(file):  2110288 kB
Unevictable:        5564 kB
Mlocked:            5564 kB
SwapTotal:       3145724 kB
SwapFree:        3145724 kB
Dirty:               656 kB
Writeback:             0 kB
AnonPages:       1451660 kB
Mapped:           979984 kB
Shmem:             38708 kB
KReclaimable:    1737104 kB
Slab:             271992 kB
SReclaimable:     117328 kB
SUnreclaim:       154664 kB
KernelStack:       50576 kB
PageTables:        71116 kB
NFS_Unstable:          0 kB
Bounce:                0 kB
WritebackTmp:          0 kB
CommitLimit:     9202292 kB
Committed_AS:   77570020 kB
VmallocTotal:   263061440 kB
VmallocUsed:      107808 kB
VmallocChunk:          0 kB
Percpu:             7648 kB
CmaTotal:         294912 kB
CmaFree:               8 kB
MemTotal:       12113136 kB
MemFree:         4265716 kB
MemAvailable:    7614296 kB
Buffers:            6488 kB
Cached:          2516904 kB
SwapCached:            0 kB
Active:          1826424 kB
Inactive:        2144336 kB
Active(anon):    1456536 kB
Inactive(anon):    34044 kB
Active(file):     369888 kB
Inactive(file):  2110292 kB
Unevictable:        5564 kB
Mlocked:            5564 kB
SwapTotal:       3145724 kB
SwapFree:        3145724 kB
Dirty:               680 kB
Writeback:             0 kB
AnonPages:       1452912 kB
Mapped:           979988 kB
Shmem:             38736 kB
KReclaimable:    1737104 kB
Slab:             271992 kB
SReclaimable:     117328 kB
SUnreclaim:       154664 kB
KernelStack:       50576 kB
PageTables:        71108 kB
NFS_Unstable:          0 kB
Bounce:                0 kB
WritebackTmp:          0 kB
CommitLimit:     9202292 kB
Committed_AS:   77567956 kB
VmallocTotal:   263061440 kB
VmallocUsed:      107776 kB
VmallocChunk:          0 kB
Percpu:             7648 kB
CmaTotal:         294912 kB
CmaFree:               0 kB
MemTotal:       12113136 kB
MemFree:         4264948 kB
MemAvailable:    7613544 kB
Buffers:            6488 kB
Cached:          2516892 kB
SwapCached:            0 kB
Active:          1826716 kB
Inactive:        2144324 kB
Active(anon):    1456828 kB
Inactive(anon):    34016 kB
Active(file):     369888 kB
Inactive(file):  2110308 kB
Unevictable:        5564 kB
Mlocked:            5564 kB
SwapTotal:       3145724 kB
SwapFree:        3145724 kB
Dirty:               272 kB
Writeback:             0 kB
AnonPages:       1453200 kB
Mapped:           980040 kB
Shmem:             38708 kB
KReclaimable:    1737104 kB
Slab:             271972 kB
SReclaimable:     117328 kB
SUnreclaim:       154644 kB
KernelStack:       50608 kB
PageTables:        70980 kB
NFS_Unstable:          0 kB
Bounce:                0 kB
WritebackTmp:          0 kB
CommitLimit:     9202292 kB
Committed_AS:   77563408 kB
VmallocTotal:   263061440 kB
VmallocUsed:      107744 kB
VmallocChunk:          0 kB
Percpu:             7648 kB
CmaTotal:         294912 kB
CmaFree:               0 kB
MemTotal:       12113136 kB
MemFree:         4266464 kB
MemAvailable:    7615060 kB
Buffers:            6488 kB
Cached:          2516892 kB
SwapCached:            0 kB
Active:          1824236 kB
Inactive:        2144328 kB
Active(anon):    1454352 kB
Inactive(anon):    34016 kB
Active(file):     369884 kB
Inactive(file):  2110312 kB
Unevictable:        5564 kB
Mlocked:            5564 kB
SwapTotal:       3145724 kB
SwapFree:        3145724 kB
Dirty:               348 kB
Writeback:             0 kB
AnonPages:       1450912 kB
Mapped:           980024 kB
Shmem:             38708 kB
KReclaimable:    1737104 kB
Slab:             271976 kB
SReclaimable:     117328 kB
SUnreclaim:       154648 kB
KernelStack:       50608 kB
PageTables:        71252 kB
NFS_Unstable:          0 kB
Bounce:                0 kB
WritebackTmp:          0 kB
CommitLimit:     9202292 kB
Committed_AS:   77565136 kB
VmallocTotal:   263061440 kB
VmallocUsed:      107760 kB
VmallocChunk:          0 kB
Percpu:             7648 kB
CmaTotal:         294912 kB
CmaFree:               4 kB
MemTotal:       12113136 kB
MemFree:         4265800 kB
MemAvailable:    7614424 kB
Buffers:            6488 kB
Cached:          2516920 kB
SwapCached:            0 kB
Active:          1825300 kB
Inactive:        2144352 kB
Active(anon):    1455412 kB
Inactive(anon):    34016 kB
Active(file):     369888 kB
Inactive(file):  2110336 kB
Unevictable:        5564 kB
Mlocked:            5564 kB
SwapTotal:       3145724 kB
SwapFree:        3145724 kB
Dirty:               416 kB
Writeback:             0 kB
AnonPages:       1451860 kB
Mapped:           980052 kB
Shmem:             38708 kB
KReclaimable:    1737104 kB
Slab:             271980 kB
SReclaimable:     117328 kB
SUnreclaim:       154652 kB
KernelStack:       50608 kB
PageTables:        71088 kB
NFS_Unstable:          0 kB
Bounce:                0 kB
WritebackTmp:          0 kB
CommitLimit:     9202292 kB
Committed_AS:   77561152 kB
VmallocTotal:   263061440 kB
VmallocUsed:      107792 kB
VmallocChunk:          0 kB
Percpu:             7648 kB
CmaTotal:         294912 kB
CmaFree:               0 kB
MemTotal:       12113136 kB
MemFree:         4266288 kB
MemAvailable:    7614940 kB
Buffers:            6488 kB
Cached:          2516948 kB
SwapCached:            0 kB
Active:          1825768 kB
Inactive:        2144372 kB
Active(anon):    1455872 kB
Inactive(anon):    34016 kB
Active(file):     369896 kB
Inactive(file):  2110356 kB
Unevictable:        5564 kB
Mlocked:            5564 kB
SwapTotal:       3145724 kB
SwapFree:        3145724 kB
Dirty:               472 kB
Writeback:             0 kB
AnonPages:       1452112 kB
Mapped:           980248 kB
Shmem:             38708 kB
KReclaimable:    1737104 kB
Slab:             271980 kB
SReclaimable:     117328 kB
SUnreclaim:       154652 kB
KernelStack:       50576 kB
PageTables:        71092 kB
NFS_Unstable:          0 kB
Bounce:                0 kB
WritebackTmp:          0 kB
CommitLimit:     9202292 kB
Committed_AS:   77551456 kB
VmallocTotal:   263061440 kB
VmallocUsed:      107744 kB
VmallocChunk:          0 kB
Percpu:             7648 kB
CmaTotal:         294912 kB
CmaFree:               0 kB
MemTotal:       12113136 kB
MemFree:         4264272 kB
MemAvailable:    7612928 kB
Buffers:            6488 kB
Cached:          2516952 kB
SwapCached:            0 kB
Active:          1826920 kB
Inactive:        2144384 kB
Active(anon):    1457032 kB
Inactive(anon):    34016 kB
Active(file):     369888 kB
Inactive(file):  2110368 kB
Unevictable:        5564 kB
Mlocked:            5564 kB
SwapTotal:       3145724 kB
SwapFree:        3145724 kB
Dirty:               560 kB
Writeback:             0 kB
AnonPages:       1453264 kB
Mapped:           980180 kB
Shmem:             38708 kB
KReclaimable:    1737104 kB
Slab:             271984 kB
SReclaimable:     117328 kB
SUnreclaim:       154656 kB
KernelStack:       50608 kB
PageTables:        71100 kB
NFS_Unstable:          0 kB
Bounce:                0 kB
WritebackTmp:          0 kB
CommitLimit:     9202292 kB
Committed_AS:   77551124 kB
VmallocTotal:   263061440 kB
VmallocUsed:      107792 kB
VmallocChunk:          0 kB
Percpu:             7648 kB
CmaTotal:         294912 kB
CmaFree:               0 kB
MemTotal:       12113136 kB
MemFree:         4263012 kB
MemAvailable:    7611676 kB
Buffers:            6488 kB
Cached:          2516960 kB
SwapCached:            0 kB
Active:          1828032 kB
Inactive:        2144392 kB
Active(anon):    1458144 kB
Inactive(anon):    34016 kB
Active(file):     369888 kB
Inactive(file):  2110376 kB
Unevictable:        5564 kB
Mlocked:            5564 kB
SwapTotal:       3145724 kB
SwapFree:        3145724 kB
Dirty:               588 kB
Writeback:             0 kB
AnonPages:       1454696 kB
Mapped:           980104 kB
Shmem:             38708 kB
KReclaimable:    1737104 kB
Slab:             271992 kB
SReclaimable:     117328 kB
SUnreclaim:       154664 kB
KernelStack:       50560 kB
PageTables:        70968 kB
NFS_Unstable:          0 kB
Bounce:                0 kB
WritebackTmp:          0 kB
CommitLimit:     9202292 kB
Committed_AS:   77556664 kB
VmallocTotal:   263061440 kB
VmallocUsed:      107808 kB
VmallocChunk:          0 kB
Percpu:             7648 kB
CmaTotal:         294912 kB
CmaFree:               0 kB
MemTotal:       12113136 kB
MemFree:         4263136 kB
MemAvailable:    7611812 kB
Buffers:            6488 kB
Cached:          2516972 kB
SwapCached:            0 kB
Active:          1829476 kB
Inactive:        2144404 kB
Active(anon):    1459588 kB
Inactive(anon):    34016 kB
Active(file):     369888 kB
Inactive(file):  2110388 kB
Unevictable:        5564 kB
Mlocked:            5564 kB
SwapTotal:       3145724 kB
SwapFree:        3145724 kB
Dirty:               620 kB
Writeback:             0 kB
AnonPages:       1455988 kB
Mapped:           980212 kB
Shmem:             38708 kB
KReclaimable:    1737104 kB
Slab:             271992 kB
SReclaimable:     117328 kB
SUnreclaim:       154664 kB
KernelStack:       50560 kB
PageTables:        71036 kB
NFS_Unstable:          0 kB
Bounce:                0 kB
WritebackTmp:          0 kB
CommitLimit:     9202292 kB
Committed_AS:   77561424 kB
VmallocTotal:   263061440 kB
VmallocUsed:      107792 kB
VmallocChunk:          0 kB
Percpu:             7648 kB
CmaTotal:         294912 kB
CmaFree:               0 kB
MemTotal:       12113136 kB
MemFree:         4261584 kB
MemAvailable:    7610268 kB
Buffers:            6488 kB
Cached:          2516980 kB
SwapCached:            0 kB
Active:          1830560 kB
Inactive:        2144416 kB
Active(anon):    1460676 kB
Inactive(anon):    34016 kB
Active(file):     369884 kB
Inactive(file):  2110400 kB
Unevictable:        5564 kB
Mlocked:            5564 kB
SwapTotal:       3145724 kB
SwapFree:        3145724 kB
Dirty:               660 kB
Writeback:             0 kB
AnonPages:       1457260 kB
Mapped:           980192 kB
Shmem:             38708 kB
KReclaimable:    1737104 kB
Slab:             271992 kB
SReclaimable:     117328 kB
SUnreclaim:       154664 kB
KernelStack:       50592 kB
PageTables:        71012 kB
NFS_Unstable:          0 kB
Bounce:                0 kB
WritebackTmp:          0 kB
CommitLimit:     9202292 kB
Committed_AS:   77562380 kB
VmallocTotal:   263061440 kB
VmallocUsed:      107792 kB
VmallocChunk:          0 kB
Percpu:             7648 kB
CmaTotal:         294912 kB
CmaFree:               0 kB
MemTotal:       12113136 kB
MemFree:         4274372 kB
MemAvailable:    7623080 kB
Buffers:            6488 kB
Cached:          2517004 kB
SwapCached:            0 kB
Active:          1816828 kB
Inactive:        2144436 kB
Active(anon):    1446940 kB
Inactive(anon):    34016 kB
Active(file):     369888 kB
Inactive(file):  2110420 kB
Unevictable:        5564 kB
Mlocked:            5564 kB
SwapTotal:       3145724 kB
SwapFree:        3145724 kB
Dirty:               704 kB
Writeback:             0 kB
AnonPages:       1443316 kB
Mapped:           980232 kB
Shmem:             38708 kB
KReclaimable:    1737104 kB
Slab:             271992 kB
SReclaimable:     117328 kB
SUnreclaim:       154664 kB
KernelStack:       50608 kB
PageTables:        71116 kB
NFS_Unstable:          0 kB
Bounce:                0 kB
WritebackTmp:          0 kB
CommitLimit:     9202292 kB
Committed_AS:   77552148 kB
VmallocTotal:   263061440 kB
VmallocUsed:      107808 kB
VmallocChunk:          0 kB
Percpu:             7648 kB
CmaTotal:         294912 kB
CmaFree:               0 kB
MemTotal:       12113136 kB
MemFree:         4271620 kB
MemAvailable:    7620360 kB
Buffers:            6492 kB
Cached:          2517032 kB
SwapCached:            0 kB
Active:          1820732 kB
Inactive:        2144464 kB
Active(anon):    1450840 kB
Inactive(anon):    34016 kB
Active(file):     369892 kB
Inactive(file):  2110448 kB
Unevictable:        5564 kB
Mlocked:            5564 kB
SwapTotal:       3145724 kB
SwapFree:        3145724 kB
Dirty:               720 kB
Writeback:             0 kB
AnonPages:       1447364 kB
Mapped:           980128 kB
Shmem:             38708 kB
KReclaimable:    1737104 kB
Slab:             271992 kB
SReclaimable:     117328 kB
SUnreclaim:       154664 kB
KernelStack:       50576 kB
PageTables:        71040 kB
NFS_Unstable:          0 kB
Bounce:                0 kB
WritebackTmp:          0 kB
CommitLimit:     9202292 kB
Committed_AS:   77564096 kB
VmallocTotal:   263061440 kB
VmallocUsed:      107824 kB
VmallocChunk:          0 kB
Percpu:             7648 kB
CmaTotal:         294912 kB
CmaFree:              96 kB
MemTotal:       12113136 kB
MemFree:         4269524 kB
MemAvailable:    7618280 kB
Buffers:            6492 kB
Cached:          2517048 kB
SwapCached:            0 kB
Active:          1822432 kB
Inactive:        2144476 kB
Active(anon):    1452536 kB
Inactive(anon):    34016 kB
Active(file):     369896 kB
Inactive(file):  2110460 kB
Unevictable:        5564 kB
Mlocked:            5564 kB
SwapTotal:       3145724 kB
SwapFree:        3145724 kB
Dirty:               308 kB
Writeback:             0 kB
AnonPages:       1449024 kB
Mapped:           979408 kB
Shmem:             38708 kB
KReclaimable:    1737104 kB
Slab:             271992 kB
SReclaimable:     117328 kB
SUnreclaim:       154664 kB
KernelStack:       50592 kB
PageTables:        71072 kB
NFS_Unstable:          0 kB
Bounce:                0 kB
WritebackTmp:          0 kB
CommitLimit:     9202292 kB
Committed_AS:   77566808 kB
VmallocTotal:   263061440 kB
VmallocUsed:      107824 kB
VmallocChunk:          0 kB
Percpu:             7648 kB
CmaTotal:         294912 kB
CmaFree:               0 kB
MemTotal:       12113136 kB
MemFree:         4268776 kB
MemAvailable:    7617552 kB
Buffers:            6492 kB
Cached:          2517068 kB
SwapCached:            0 kB
Active:          1824036 kB
Inactive:        2144492 kB
Active(anon):    1454136 kB
Inactive(anon):    34016 kB
Active(file):     369900 kB
Inactive(file):  2110476 kB
Unevictable:        5564 kB
Mlocked:            5564 kB
SwapTotal:       3145724 kB
SwapFree:        3145724 kB
Dirty:               436 kB
Writeback:             0 kB
AnonPages:       1450828 kB
Mapped:           979416 kB
Shmem:             38708 kB
KReclaimable:    1737104 kB
Slab:             271992 kB
SReclaimable:     117328 kB
SUnreclaim:       154664 kB
KernelStack:       50560 kB
PageTables:        71036 kB
NFS_Unstable:          0 kB
Bounce:                0 kB
WritebackTmp:          0 kB
CommitLimit:     9202292 kB
Committed_AS:   77567892 kB
VmallocTotal:   263061440 kB
VmallocUsed:      107824 kB
VmallocChunk:          0 kB
Percpu:             7648 kB
CmaTotal:         294912 kB
CmaFree:               0 kB
MemTotal:       12113136 kB
MemFree:         4266696 kB
MemAvailable:    7615476 kB
Buffers:            6492 kB
Cached:          2517072 kB
SwapCached:            0 kB
Active:          1824920 kB
Inactive:        2144496 kB
Active(anon):    1455020 kB
Inactive(anon):    34016 kB
Active(file):     369900 kB
Inactive(file):  2110480 kB
Unevictable:        5564 kB
Mlocked:            5564 kB
SwapTotal:       3145724 kB
SwapFree:        3145724 kB
Dirty:               464 kB
Writeback:             0 kB
AnonPages:       1451516 kB
Mapped:           979424 kB
Shmem:             38708 kB
KReclaimable:    1737104 kB
Slab:             271992 kB
SReclaimable:     117328 kB
SUnreclaim:       154664 kB
KernelStack:       50624 kB
PageTables:        71196 kB
NFS_Unstable:          0 kB
Bounce:                0 kB
WritebackTmp:          0 kB
CommitLimit:     9202292 kB
Committed_AS:   77569640 kB
VmallocTotal:   263061440 kB
VmallocUsed:      107824 kB
VmallocChunk:          0 kB
Percpu:             7648 kB
CmaTotal:         294912 kB
CmaFree:               0 kB
MemTotal:       12113136 kB
MemFree:         4265224 kB
MemAvailable:    7614012 kB
Buffers:            6492 kB
Cached:          2517080 kB
SwapCached:            0 kB
Active:          1826428 kB
Inactive:        2144508 kB
Active(anon):    1456532 kB
Inactive(anon):    34016 kB
Active(file):     369896 kB
Inactive(file):  2110492 kB
Unevictable:        5564 kB
Mlocked:            5564 kB
SwapTotal:       3145724 kB
SwapFree:        3145724 kB
Dirty:               500 kB
Writeback:             0 kB
AnonPages:       1452840 kB
Mapped:           979332 kB
Shmem:             38708 kB
KReclaimable:    1737104 kB
Slab:             271996 kB
SReclaimable:     117328 kB
SUnreclaim:       154668 kB
KernelStack:       50544 kB
PageTables:        71020 kB
NFS_Unstable:          0 kB
Bounce:                0 kB
WritebackTmp:          0 kB
CommitLimit:     9202292 kB
Committed_AS:   77568280 kB
VmallocTotal:   263061440 kB
VmallocUsed:      107792 kB
VmallocChunk:          0 kB
Percpu:             7648 kB
CmaTotal:         294912 kB
CmaFree:               4 kB
MemTotal:       12113136 kB
MemFree:         4263676 kB
MemAvailable:    7612480 kB
Buffers:            6492 kB
Cached:          2517096 kB
SwapCached:            0 kB
Active:          1827228 kB
Inactive:        2144524 kB
Active(anon):    1457332 kB
Inactive(anon):    34016 kB
Active(file):     369896 kB
Inactive(file):  2110508 kB
Unevictable:        5564 kB
Mlocked:            5564 kB
SwapTotal:       3145724 kB
SwapFree:        3145724 kB
Dirty:               552 kB
Writeback:             0 kB
AnonPages:       1453880 kB
Mapped:           979328 kB
Shmem:             38708 kB
KReclaimable:    1737104 kB
Slab:             271996 kB
SReclaimable:     117328 kB
SUnreclaim:       154668 kB
KernelStack:       50544 kB
PageTables:        71016 kB
NFS_Unstable:          0 kB
Bounce:                0 kB
WritebackTmp:          0 kB
CommitLimit:     9202292 kB
Committed_AS:   77563828 kB
VmallocTotal:   263061440 kB
VmallocUsed:      107792 kB
VmallocChunk:          0 kB
Percpu:             7648 kB
CmaTotal:         294912 kB
CmaFree:               0 kB
MemTotal:       12113136 kB
MemFree:         4264876 kB
MemAvailable:    7613688 kB
Buffers:            6492 kB
Cached:          2517104 kB
SwapCached:            0 kB
Active:          1825560 kB
Inactive:        2144532 kB
Active(anon):    1455664 kB
Inactive(anon):    34016 kB
Active(file):     369896 kB
Inactive(file):  2110516 kB
Unevictable:        5564 kB
Mlocked:            5564 kB
SwapTotal:       3145724 kB
SwapFree:        3145724 kB
Dirty:               564 kB
Writeback:             0 kB
AnonPages:       1452096 kB
Mapped:           979548 kB
Shmem:             38708 kB
KReclaimable:    1737104 kB
Slab:             271996 kB
SReclaimable:     117328 kB
SUnreclaim:       154668 kB
KernelStack:       50592 kB
PageTables:        70988 kB
NFS_Unstable:          0 kB
Bounce:                0 kB
WritebackTmp:          0 kB
CommitLimit:     9202292 kB
Committed_AS:   77563820 kB
VmallocTotal:   263061440 kB
VmallocUsed:      107792 kB
VmallocChunk:          0 kB
Percpu:             7648 kB
CmaTotal:         294912 kB
CmaFree:              76 kB
MemTotal:       12113136 kB
MemFree:         4263824 kB
MemAvailable:    7612656 kB
Buffers:            6492 kB
Cached:          2517124 kB
SwapCached:            0 kB
Active:          1827124 kB
Inactive:        2144552 kB
Active(anon):    1457228 kB
Inactive(anon):    34016 kB
Active(file):     369896 kB
Inactive(file):  2110536 kB
Unevictable:        5564 kB
Mlocked:            5564 kB
SwapTotal:       3145724 kB
SwapFree:        3145724 kB
Dirty:               628 kB
Writeback:             0 kB
AnonPages:       1453696 kB
Mapped:           979524 kB
Shmem:             38708 kB
KReclaimable:    1737104 kB
Slab:             271996 kB
SReclaimable:     117328 kB
SUnreclaim:       154668 kB
KernelStack:       50576 kB
PageTables:        71024 kB
NFS_Unstable:          0 kB
Bounce:                0 kB
WritebackTmp:          0 kB
CommitLimit:     9202292 kB
Committed_AS:   77564932 kB
VmallocTotal:   263061440 kB
VmallocUsed:      107856 kB
VmallocChunk:          0 kB
Percpu:             7648 kB
CmaTotal:         294912 kB
CmaFree:               0 kB
MemTotal:       12113136 kB
MemFree:         4263444 kB
MemAvailable:    7612288 kB
Buffers:            6492 kB
Cached:          2517136 kB
SwapCached:            0 kB
Active:          1827444 kB
Inactive:        2144564 kB
Active(anon):    1457548 kB
Inactive(anon):    34016 kB
Active(file):     369896 kB
Inactive(file):  2110548 kB
Unevictable:        5564 kB
Mlocked:            5564 kB
SwapTotal:       3145724 kB
SwapFree:        3145724 kB
Dirty:               656 kB
Writeback:             0 kB
AnonPages:       1454360 kB
Mapped:           979324 kB
Shmem:             38708 kB
KReclaimable:    1737104 kB
Slab:             272000 kB
SReclaimable:     117328 kB
SUnreclaim:       154672 kB
KernelStack:       50656 kB
PageTables:        71296 kB
NFS_Unstable:          0 kB
Bounce:                0 kB
WritebackTmp:          0 kB
CommitLimit:     9202292 kB
Committed_AS:   77558188 kB
VmallocTotal:   263061440 kB
VmallocUsed:      107808 kB
VmallocChunk:          0 kB
Percpu:             7648 kB
CmaTotal:         294912 kB
CmaFree:               4 kB
MemTotal:       12113136 kB
MemFree:         4263176 kB
MemAvailable:    7612036 kB
Buffers:            6492 kB
Cached:          2517152 kB
SwapCached:            0 kB
Active:          1828916 kB
Inactive:        2144580 kB
Active(anon):    1459020 kB
Inactive(anon):    34016 kB
Active(file):     369896 kB
Inactive(file):  2110564 kB
Unevictable:        5564 kB
Mlocked:            5564 kB
SwapTotal:       3145724 kB
SwapFree:        3145724 kB
Dirty:               692 kB
Writeback:             0 kB
AnonPages:       1455456 kB
Mapped:           979348 kB
Shmem:             38708 kB
KReclaimable:    1737104 kB
Slab:             272000 kB
SReclaimable:     117328 kB
SUnreclaim:       154672 kB
KernelStack:       50608 kB
PageTables:        71052 kB
NFS_Unstable:          0 kB
Bounce:                0 kB
WritebackTmp:          0 kB
CommitLimit:     9202292 kB
Committed_AS:   77560056 kB
VmallocTotal:   263061440 kB
VmallocUsed:      107776 kB
VmallocChunk:          0 kB
Percpu:             7648 kB
CmaTotal:         294912 kB
CmaFree:               0 kB
MemTotal:       12113136 kB
MemFree:         4261752 kB
MemAvailable:    7610628 kB
Buffers:            6492 kB
Cached:          2517168 kB
SwapCached:            0 kB
Active:          1829572 kB
Inactive:        2144596 kB
Active(anon):    1459676 kB
Inactive(anon):    34016 kB
Active(file):     369896 kB
Inactive(file):  2110580 kB
Unevictable:        5564 kB
Mlocked:            5564 kB
SwapTotal:       3145724 kB
SwapFree:        3145724 kB
Dirty:               744 kB
Writeback:             0 kB
AnonPages:       1456400 kB
Mapped:           979360 kB
Shmem:             38708 kB
KReclaimable:    1737104 kB
Slab:             272000 kB
SReclaimable:     117328 kB
SUnreclaim:       154672 kB
KernelStack:       50560 kB
PageTables:        71004 kB
NFS_Unstable:          0 kB
Bounce:                0 kB
WritebackTmp:          0 kB
CommitLimit:     9202292 kB
Committed_AS:   77560004 kB
VmallocTotal:   263061440 kB
VmallocUsed:      107792 kB
VmallocChunk:          0 kB
Percpu:             7648 kB
CmaTotal:         294912 kB
CmaFree:               4 kB
MemTotal:       12113136 kB
MemFree:         4271252 kB
MemAvailable:    7620136 kB
Buffers:            6492 kB
Cached:          2517176 kB
SwapCached:            0 kB
Active:          1818872 kB
Inactive:        2144608 kB
Active(anon):    1448980 kB
Inactive(anon):    34016 kB
Active(file):     369892 kB
Inactive(file):  2110592 kB
Unevictable:        5564 kB
Mlocked:            5564 kB
SwapTotal:       3145724 kB
SwapFree:        3145724 kB
Dirty:               304 kB
Writeback:             0 kB
AnonPages:       1445044 kB
Mapped:           979364 kB
Shmem:             38708 kB
KReclaimable:    1737104 kB
Slab:             272000 kB
SReclaimable:     117328 kB
SUnreclaim:       154672 kB
KernelStack:       50624 kB
PageTables:        71120 kB
NFS_Unstable:          0 kB
Bounce:                0 kB
WritebackTmp:          0 kB
CommitLimit:     9202292 kB
Committed_AS:   77574032 kB
VmallocTotal:   263061440 kB
VmallocUsed:      107824 kB
VmallocChunk:          0 kB
Percpu:             7648 kB
CmaTotal:         294912 kB
CmaFree:               0 kB
MemTotal:       12113136 kB
MemFree:         4271816 kB
MemAvailable:    7620700 kB
Buffers:            6492 kB
Cached:          2517176 kB
SwapCached:            0 kB
Active:          1819924 kB
Inactive:        2144608 kB
Active(anon):    1450032 kB
Inactive(anon):    34016 kB
Active(file):     369892 kB
Inactive(file):  2110592 kB
Unevictable:        5564 kB
Mlocked:            5564 kB
SwapTotal:       3145724 kB
SwapFree:        3145724 kB
Dirty:               344 kB
Writeback:             0 kB
AnonPages:       1446564 kB
Mapped:           979460 kB
Shmem:             38708 kB
KReclaimable:    1737104 kB
Slab:             272000 kB
SReclaimable:     117328 kB
SUnreclaim:       154672 kB
KernelStack:       50556 kB
PageTables:        70820 kB
NFS_Unstable:          0 kB
Bounce:                0 kB
WritebackTmp:          0 kB
CommitLimit:     9202292 kB
Committed_AS:   77566108 kB
VmallocTotal:   263061440 kB
VmallocUsed:      107776 kB
VmallocChunk:          0 kB
Percpu:             7648 kB
CmaTotal:         294912 kB
CmaFree:               0 kB
MemTotal:       12113136 kB
MemFree:         4270808 kB
MemAvailable:    7619732 kB
Buffers:            6492 kB
Cached:          2517216 kB
SwapCached:            0 kB
Active:          1820996 kB
Inactive:        2144644 kB
Active(anon):    1451100 kB
Inactive(anon):    34016 kB
Active(file):     369896 kB
Inactive(file):  2110628 kB
Unevictable:        5564 kB
Mlocked:            5564 kB
SwapTotal:       3145724 kB
SwapFree:        3145724 kB
Dirty:               444 kB
Writeback:             0 kB
AnonPages:       1447704 kB
Mapped:           979376 kB
Shmem:             38708 kB
KReclaimable:    1737104 kB
Slab:             272000 kB
SReclaimable:     117328 kB
SUnreclaim:       154672 kB
KernelStack:       50592 kB
PageTables:        71056 kB
NFS_Unstable:          0 kB
Bounce:                0 kB
WritebackTmp:          0 kB
CommitLimit:     9202292 kB
Committed_AS:   77565904 kB
VmallocTotal:   263061440 kB
VmallocUsed:      107808 kB
VmallocChunk:          0 kB
Percpu:             7648 kB
CmaTotal:         294912 kB
CmaFree:               0 kB
MemTotal:       12113136 kB
MemFree:         4270352 kB
MemAvailable:    7619276 kB
Buffers:            6492 kB
Cached:          2517216 kB
SwapCached:            0 kB
Active:          1822108 kB
Inactive:        2144644 kB
Active(anon):    1452212 kB
Inactive(anon):    34016 kB
Active(file):     369896 kB
Inactive(file):  2110628 kB
Unevictable:        5564 kB
Mlocked:            5564 kB
SwapTotal:       3145724 kB
SwapFree:        3145724 kB
Dirty:               504 kB
Writeback:             0 kB
AnonPages:       1448752 kB
Mapped:           979412 kB
Shmem:             38708 kB
KReclaimable:    1737104 kB
Slab:             271988 kB
SReclaimable:     117328 kB
SUnreclaim:       154660 kB
KernelStack:       50544 kB
PageTables:        71036 kB
NFS_Unstable:          0 kB
Bounce:                0 kB
WritebackTmp:          0 kB
CommitLimit:     9202292 kB
Committed_AS:   77566208 kB
VmallocTotal:   263061440 kB
VmallocUsed:      107824 kB
VmallocChunk:          0 kB
Percpu:             7648 kB
CmaTotal:         294912 kB
CmaFree:               0 kB
MemTotal:       12113136 kB
MemFree:         4269500 kB
MemAvailable:    7618452 kB
Buffers:            6500 kB
Cached:          2517236 kB
SwapCached:            0 kB
Active:          1821604 kB
Inactive:        2144668 kB
Active(anon):    1451704 kB
Inactive(anon):    34016 kB
Active(file):     369900 kB
Inactive(file):  2110652 kB
Unevictable:        5564 kB
Mlocked:            5564 kB
SwapTotal:       3145724 kB
SwapFree:        3145724 kB
Dirty:               536 kB
Writeback:             0 kB
AnonPages:       1448456 kB
Mapped:           979460 kB
Shmem:             38708 kB
KReclaimable:    1737104 kB
Slab:             271988 kB
SReclaimable:     117328 kB
SUnreclaim:       154660 kB
KernelStack:       50612 kB
PageTables:        70940 kB
NFS_Unstable:          0 kB
Bounce:                0 kB
WritebackTmp:          0 kB
CommitLimit:     9202292 kB
Committed_AS:   77561848 kB
VmallocTotal:   263061440 kB
VmallocUsed:      107840 kB
VmallocChunk:          0 kB
Percpu:             7648 kB
CmaTotal:         294912 kB
CmaFree:              80 kB
MemTotal:       12113136 kB
MemFree:         4268152 kB
MemAvailable:    7617140 kB
Buffers:            6500 kB
Cached:          2517272 kB
SwapCached:            0 kB
Active:          1822744 kB
Inactive:        2144700 kB
Active(anon):    1452840 kB
Inactive(anon):    34016 kB
Active(file):     369904 kB
Inactive(file):  2110684 kB
Unevictable:        5564 kB
Mlocked:            5564 kB
SwapTotal:       3145724 kB
SwapFree:        3145724 kB
Dirty:               292 kB
Writeback:             0 kB
AnonPages:       1448840 kB
Mapped:           979472 kB
Shmem:             38708 kB
KReclaimable:    1737104 kB
Slab:             272016 kB
SReclaimable:     117328 kB
SUnreclaim:       154688 kB
KernelStack:       50592 kB
PageTables:        70988 kB
NFS_Unstable:          0 kB
Bounce:                0 kB
WritebackTmp:          0 kB
CommitLimit:     9202292 kB
Committed_AS:   77572152 kB
VmallocTotal:   263061440 kB
VmallocUsed:      107824 kB
VmallocChunk:          0 kB
Percpu:             7648 kB
CmaTotal:         294912 kB
CmaFree:               0 kB
MemTotal:       12113136 kB
MemFree:         4267824 kB
MemAvailable:    7616828 kB
Buffers:            6500 kB
Cached:          2517288 kB
SwapCached:            0 kB
Active:          1823200 kB
Inactive:        2144716 kB
Active(anon):    1453296 kB
Inactive(anon):    34016 kB
Active(file):     369904 kB
Inactive(file):  2110700 kB
Unevictable:        5564 kB
Mlocked:            5564 kB
SwapTotal:       3145724 kB
SwapFree:        3145724 kB
Dirty:               392 kB
Writeback:             0 kB
AnonPages:       1449784 kB
Mapped:           978780 kB
Shmem:             38708 kB
KReclaimable:    1737104 kB
Slab:             272020 kB
SReclaimable:     117328 kB
SUnreclaim:       154692 kB
KernelStack:       50608 kB
PageTables:        71112 kB
NFS_Unstable:          0 kB
Bounce:                0 kB
WritebackTmp:          0 kB
CommitLimit:     9202292 kB
Committed_AS:   77566660 kB
VmallocTotal:   263061440 kB
VmallocUsed:      107792 kB
