MemTotal:       12113136 kB
MemFree:         6316592 kB
MemAvailable:    8027532 kB
Buffers:            5276 kB
Cached:          1915816 kB
SwapCached:            0 kB
Active:          1617484 kB
Inactive:        1612940 kB
Active(anon):    1315916 kB
Inactive(anon):    23412 kB
Active(file):     301568 kB
Inactive(file):  1589528 kB
Unevictable:        5616 kB
Mlocked:            5616 kB
SwapTotal:       3145724 kB
SwapFree:        3145724 kB
Dirty:               212 kB
Writeback:             0 kB
AnonPages:       1314248 kB
Mapped:           878252 kB
Shmem:             25432 kB
KReclaimable:     688548 kB
Slab:             230392 kB
SReclaimable:      80384 kB
SUnreclaim:       150008 kB
KernelStack:       48820 kB
PageTables:        68700 kB
NFS_Unstable:          0 kB
Bounce:                0 kB
WritebackTmp:          0 kB
CommitLimit:     9202292 kB
Committed_AS:   76609280 kB
VmallocTotal:   263061440 kB
VmallocUsed:      105868 kB
VmallocChunk:          0 kB
Percpu:             7648 kB
CmaTotal:         294912 kB
CmaFree:               0 kB
MemTotal:       12113136 kB
MemFree:         6283016 kB
MemAvailable:    7994028 kB
Buffers:            5276 kB
Cached:          1915896 kB
SwapCached:            0 kB
Active:          1653180 kB
Inactive:        1612984 kB
Active(anon):    1351576 kB
Inactive(anon):    23420 kB
Active(file):     301604 kB
Inactive(file):  1589564 kB
Unevictable:        5616 kB
Mlocked:            5616 kB
SwapTotal:       3145724 kB
SwapFree:        3145724 kB
Dirty:               284 kB
Writeback:             0 kB
AnonPages:       1350948 kB
Mapped:           878260 kB
Shmem:             25440 kB
KReclaimable:     688548 kB
Slab:             230396 kB
SReclaimable:      80384 kB
SUnreclaim:       150012 kB
KernelStack:       48800 kB
PageTables:        68808 kB
NFS_Unstable:          0 kB
Bounce:                0 kB
WritebackTmp:          0 kB
CommitLimit:     9202292 kB
Committed_AS:   76614724 kB
VmallocTotal:   263061440 kB
VmallocUsed:      105836 kB
VmallocChunk:          0 kB
Percpu:             7648 kB
CmaTotal:         294912 kB
CmaFree:               0 kB
MemTotal:       12113136 kB
MemFree:         6315676 kB
MemAvailable:    8026432 kB
Buffers:            5280 kB
Cached:          1915896 kB
SwapCached:            0 kB
Active:          1632068 kB
Inactive:        1612988 kB
Active(anon):    1330464 kB
Inactive(anon):    23420 kB
Active(file):     301604 kB
Inactive(file):  1589568 kB
Unevictable:        5616 kB
Mlocked:            5616 kB
SwapTotal:       3145724 kB
SwapFree:        3145724 kB
Dirty:               288 kB
Writeback:             0 kB
AnonPages:       1329144 kB
Mapped:           878260 kB
Shmem:             25440 kB
KReclaimable:     688288 kB
Slab:             230076 kB
SReclaimable:      80124 kB
SUnreclaim:       149952 kB
KernelStack:       48800 kB
PageTables:        68804 kB
NFS_Unstable:          0 kB
Bounce:                0 kB
WritebackTmp:          0 kB
CommitLimit:     9202292 kB
Committed_AS:   76614184 kB
VmallocTotal:   263061440 kB
VmallocUsed:      105868 kB
VmallocChunk:          0 kB
Percpu:             7648 kB
CmaTotal:         294912 kB
CmaFree:            1984 kB
MemTotal:       12113136 kB
MemFree:         6314992 kB
MemAvailable:    8025596 kB
Buffers:            5280 kB
Cached:          1915936 kB
SwapCached:            0 kB
Active:          1632860 kB
Inactive:        1613024 kB
Active(anon):    1331252 kB
Inactive(anon):    23424 kB
Active(file):     301608 kB
Inactive(file):  1589600 kB
Unevictable:        5616 kB
Mlocked:            5616 kB
SwapTotal:       3145724 kB
SwapFree:        3145724 kB
Dirty:               284 kB
Writeback:             0 kB
AnonPages:       1330412 kB
Mapped:           878264 kB
Shmem:             25444 kB
KReclaimable:     688100 kB
Slab:             229900 kB
SReclaimable:      79936 kB
SUnreclaim:       149964 kB
KernelStack:       48800 kB
PageTables:        68812 kB
NFS_Unstable:          0 kB
Bounce:                0 kB
WritebackTmp:          0 kB
CommitLimit:     9202292 kB
Committed_AS:   76615160 kB
VmallocTotal:   263061440 kB
VmallocUsed:      105868 kB
VmallocChunk:          0 kB
Percpu:             7648 kB
CmaTotal:         294912 kB
CmaFree:             128 kB
MemTotal:       12113136 kB
MemFree:         6337512 kB
MemAvailable:    8048132 kB
Buffers:            5280 kB
Cached:          1915956 kB
SwapCached:            0 kB
Active:          1609096 kB
Inactive:        1613044 kB
Active(anon):    1307488 kB
Inactive(anon):    23428 kB
Active(file):     301608 kB
Inactive(file):  1589616 kB
Unevictable:        5616 kB
Mlocked:            5616 kB
SwapTotal:       3145724 kB
SwapFree:        3145724 kB
Dirty:               320 kB
Writeback:             0 kB
AnonPages:       1306684 kB
Mapped:           878268 kB
Shmem:             25448 kB
KReclaimable:     688100 kB
Slab:             229768 kB
SReclaimable:      79936 kB
SUnreclaim:       149832 kB
KernelStack:       48800 kB
PageTables:        68808 kB
NFS_Unstable:          0 kB
Bounce:                0 kB
WritebackTmp:          0 kB
CommitLimit:     9202292 kB
Committed_AS:   76620348 kB
VmallocTotal:   263061440 kB
VmallocUsed:      105868 kB
VmallocChunk:          0 kB
Percpu:             7648 kB
CmaTotal:         294912 kB
CmaFree:             128 kB
MemTotal:       12113136 kB
MemFree:         6338952 kB
MemAvailable:    8049580 kB
Buffers:            5280 kB
Cached:          1915968 kB
SwapCached:            0 kB
Active:          1609568 kB
Inactive:        1613056 kB
Active(anon):    1307960 kB
Inactive(anon):    23432 kB
Active(file):     301608 kB
Inactive(file):  1589624 kB
Unevictable:        5616 kB
Mlocked:            5616 kB
SwapTotal:       3145724 kB
SwapFree:        3145724 kB
Dirty:               328 kB
Writeback:             0 kB
AnonPages:       1307064 kB
Mapped:           878272 kB
Shmem:             25452 kB
KReclaimable:     688100 kB
Slab:             229868 kB
SReclaimable:      79936 kB
SUnreclaim:       149932 kB
KernelStack:       48784 kB
PageTables:        68800 kB
NFS_Unstable:          0 kB
Bounce:                0 kB
WritebackTmp:          0 kB
CommitLimit:     9202292 kB
Committed_AS:   76622692 kB
VmallocTotal:   263061440 kB
VmallocUsed:      105852 kB
VmallocChunk:          0 kB
Percpu:             7648 kB
CmaTotal:         294912 kB
CmaFree:               0 kB
MemTotal:       12113136 kB
MemFree:         6338024 kB
MemAvailable:    8048660 kB
Buffers:            5280 kB
Cached:          1915996 kB
SwapCached:            0 kB
Active:          1611048 kB
Inactive:        1613084 kB
Active(anon):    1309440 kB
Inactive(anon):    23452 kB
Active(file):     301608 kB
Inactive(file):  1589632 kB
Unevictable:        5616 kB
Mlocked:            5616 kB
SwapTotal:       3145724 kB
SwapFree:        3145724 kB
Dirty:               364 kB
Writeback:             0 kB
AnonPages:       1308560 kB
Mapped:           878292 kB
Shmem:             25472 kB
KReclaimable:     688100 kB
Slab:             229868 kB
SReclaimable:      79936 kB
SUnreclaim:       149932 kB
KernelStack:       48784 kB
PageTables:        68812 kB
NFS_Unstable:          0 kB
Bounce:                0 kB
WritebackTmp:          0 kB
CommitLimit:     9202292 kB
Committed_AS:   76622564 kB
VmallocTotal:   263061440 kB
VmallocUsed:      105852 kB
VmallocChunk:          0 kB
Percpu:             7648 kB
CmaTotal:         294912 kB
CmaFree:               0 kB
MemTotal:       12113136 kB
MemFree:         6337892 kB
MemAvailable:    8048540 kB
Buffers:            5280 kB
Cached:          1916008 kB
SwapCached:            0 kB
Active:          1610980 kB
Inactive:        1613096 kB
Active(anon):    1309372 kB
Inactive(anon):    23452 kB
Active(file):     301608 kB
Inactive(file):  1589644 kB
Unevictable:        5616 kB
Mlocked:            5616 kB
SwapTotal:       3145724 kB
SwapFree:        3145724 kB
Dirty:               376 kB
Writeback:             0 kB
AnonPages:       1308376 kB
Mapped:           878292 kB
Shmem:             25472 kB
KReclaimable:     688100 kB
Slab:             229868 kB
SReclaimable:      79936 kB
SUnreclaim:       149932 kB
KernelStack:       48784 kB
PageTables:        68812 kB
NFS_Unstable:          0 kB
Bounce:                0 kB
WritebackTmp:          0 kB
CommitLimit:     9202292 kB
Committed_AS:   76622264 kB
VmallocTotal:   263061440 kB
VmallocUsed:      105820 kB
VmallocChunk:          0 kB
Percpu:             7648 kB
CmaTotal:         294912 kB
CmaFree:              16 kB
MemTotal:       12113136 kB
MemFree:         6336324 kB
MemAvailable:    8046988 kB
Buffers:            5280 kB
Cached:          1916024 kB
SwapCached:            0 kB
Active:          1611924 kB
Inactive:        1613112 kB
Active(anon):    1310316 kB
Inactive(anon):    23452 kB
Active(file):     301608 kB
Inactive(file):  1589660 kB
Unevictable:        5616 kB
Mlocked:            5616 kB
SwapTotal:       3145724 kB
SwapFree:        3145724 kB
Dirty:               392 kB
Writeback:             0 kB
AnonPages:       1309452 kB
Mapped:           878292 kB
Shmem:             25472 kB
KReclaimable:     688100 kB
Slab:             229872 kB
SReclaimable:      79936 kB
SUnreclaim:       149936 kB
KernelStack:       48784 kB
PageTables:        68804 kB
NFS_Unstable:          0 kB
Bounce:                0 kB
WritebackTmp:          0 kB
CommitLimit:     9202292 kB
Committed_AS:   76618260 kB
VmallocTotal:   263061440 kB
VmallocUsed:      105852 kB
VmallocChunk:          0 kB
Percpu:             7648 kB
CmaTotal:         294912 kB
CmaFree:               0 kB
MemTotal:       12113136 kB
MemFree:         6349088 kB
MemAvailable:    8059756 kB
Buffers:            5280 kB
Cached:          1916100 kB
SwapCached:            0 kB
Active:          1598076 kB
Inactive:        1613188 kB
Active(anon):    1296468 kB
Inactive(anon):    23524 kB
Active(file):     301608 kB
Inactive(file):  1589664 kB
Unevictable:        5616 kB
Mlocked:            5616 kB
SwapTotal:       3145724 kB
SwapFree:        3145724 kB
Dirty:               440 kB
Writeback:             0 kB
AnonPages:       1295616 kB
Mapped:           878300 kB
Shmem:             25544 kB
KReclaimable:     688100 kB
Slab:             229864 kB
SReclaimable:      79936 kB
SUnreclaim:       149928 kB
KernelStack:       48784 kB
PageTables:        68804 kB
NFS_Unstable:          0 kB
Bounce:                0 kB
WritebackTmp:          0 kB
CommitLimit:     9202292 kB
Committed_AS:   76612780 kB
VmallocTotal:   263061440 kB
VmallocUsed:      105836 kB
VmallocChunk:          0 kB
Percpu:             7648 kB
CmaTotal:         294912 kB
CmaFree:             352 kB
MemTotal:       12113136 kB
MemFree:         6348468 kB
MemAvailable:    8059152 kB
Buffers:            5280 kB
Cached:          1916116 kB
SwapCached:            0 kB
Active:          1599052 kB
Inactive:        1613204 kB
Active(anon):    1297444 kB
Inactive(anon):    23524 kB
Active(file):     301608 kB
Inactive(file):  1589680 kB
Unevictable:        5616 kB
Mlocked:            5616 kB
SwapTotal:       3145724 kB
SwapFree:        3145724 kB
Dirty:               456 kB
Writeback:             0 kB
AnonPages:       1296324 kB
Mapped:           878300 kB
Shmem:             25544 kB
KReclaimable:     688100 kB
Slab:             229864 kB
SReclaimable:      79936 kB
SUnreclaim:       149928 kB
KernelStack:       48784 kB
PageTables:        68800 kB
NFS_Unstable:          0 kB
Bounce:                0 kB
WritebackTmp:          0 kB
CommitLimit:     9202292 kB
Committed_AS:   76613792 kB
VmallocTotal:   263061440 kB
VmallocUsed:      105868 kB
VmallocChunk:          0 kB
Percpu:             7648 kB
CmaTotal:         294912 kB
CmaFree:               0 kB
MemTotal:       12113136 kB
MemFree:         6348548 kB
MemAvailable:    8059240 kB
Buffers:            5280 kB
Cached:          1916124 kB
SwapCached:            0 kB
Active:          1599452 kB
Inactive:        1613212 kB
Active(anon):    1297844 kB
Inactive(anon):    23524 kB
Active(file):     301608 kB
Inactive(file):  1589688 kB
Unevictable:        5616 kB
Mlocked:            5616 kB
SwapTotal:       3145724 kB
SwapFree:        3145724 kB
Dirty:               468 kB
Writeback:             0 kB
AnonPages:       1296900 kB
Mapped:           878300 kB
Shmem:             25544 kB
KReclaimable:     688100 kB
Slab:             229868 kB
SReclaimable:      79936 kB
SUnreclaim:       149932 kB
KernelStack:       48784 kB
PageTables:        68800 kB
NFS_Unstable:          0 kB
Bounce:                0 kB
WritebackTmp:          0 kB
CommitLimit:     9202292 kB
Committed_AS:   76612652 kB
VmallocTotal:   263061440 kB
VmallocUsed:      105852 kB
VmallocChunk:          0 kB
Percpu:             7648 kB
CmaTotal:         294912 kB
CmaFree:               0 kB
MemTotal:       12113136 kB
MemFree:         6360472 kB
MemAvailable:    8071196 kB
Buffers:            5280 kB
Cached:          1916156 kB
SwapCached:            0 kB
Active:          1587320 kB
Inactive:        1613244 kB
Active(anon):    1285712 kB
Inactive(anon):    23524 kB
Active(file):     301608 kB
Inactive(file):  1589720 kB
Unevictable:        5616 kB
Mlocked:            5616 kB
SwapTotal:       3145724 kB
SwapFree:        3145724 kB
Dirty:               564 kB
Writeback:             0 kB
AnonPages:       1284796 kB
Mapped:           878300 kB
Shmem:             25544 kB
KReclaimable:     688100 kB
Slab:             229876 kB
SReclaimable:      79936 kB
SUnreclaim:       149940 kB
KernelStack:       48784 kB
PageTables:        68812 kB
NFS_Unstable:          0 kB
Bounce:                0 kB
WritebackTmp:          0 kB
CommitLimit:     9202292 kB
Committed_AS:   76612880 kB
VmallocTotal:   263061440 kB
VmallocUsed:      105868 kB
VmallocChunk:          0 kB
Percpu:             7648 kB
CmaTotal:         294912 kB
CmaFree:               0 kB
MemTotal:       12113136 kB
MemFree:         6359528 kB
MemAvailable:    8070264 kB
Buffers:            5280 kB
Cached:          1916168 kB
SwapCached:            0 kB
Active:          1587736 kB
Inactive:        1613252 kB
Active(anon):    1286124 kB
Inactive(anon):    23524 kB
Active(file):     301612 kB
Inactive(file):  1589728 kB
Unevictable:        5616 kB
Mlocked:            5616 kB
SwapTotal:       3145724 kB
SwapFree:        3145724 kB
Dirty:               580 kB
Writeback:             0 kB
AnonPages:       1285180 kB
Mapped:           878300 kB
Shmem:             25544 kB
KReclaimable:     688100 kB
Slab:             229872 kB
SReclaimable:      79936 kB
SUnreclaim:       149936 kB
KernelStack:       48784 kB
PageTables:        68800 kB
NFS_Unstable:          0 kB
Bounce:                0 kB
WritebackTmp:          0 kB
CommitLimit:     9202292 kB
Committed_AS:   76611816 kB
VmallocTotal:   263061440 kB
VmallocUsed:      105852 kB
VmallocChunk:          0 kB
Percpu:             7648 kB
CmaTotal:         294912 kB
CmaFree:             260 kB
MemTotal:       12113136 kB
MemFree:         6361056 kB
MemAvailable:    8071836 kB
Buffers:            5280 kB
Cached:          1916180 kB
SwapCached:            0 kB
Active:          1587048 kB
Inactive:        1613264 kB
Active(anon):    1285436 kB
Inactive(anon):    23524 kB
Active(file):     301612 kB
Inactive(file):  1589740 kB
Unevictable:        5616 kB
Mlocked:            5616 kB
SwapTotal:       3145724 kB
SwapFree:        3145724 kB
Dirty:               208 kB
Writeback:             0 kB
AnonPages:       1284468 kB
Mapped:           878300 kB
Shmem:             25544 kB
KReclaimable:     688100 kB
Slab:             229872 kB
SReclaimable:      79936 kB
SUnreclaim:       149936 kB
KernelStack:       48768 kB
PageTables:        68808 kB
NFS_Unstable:          0 kB
Bounce:                0 kB
WritebackTmp:          0 kB
CommitLimit:     9202292 kB
Committed_AS:   76605228 kB
VmallocTotal:   263061440 kB
VmallocUsed:      105836 kB
VmallocChunk:          0 kB
Percpu:             7648 kB
CmaTotal:         294912 kB
CmaFree:             352 kB
MemTotal:       12113136 kB
MemFree:         6359704 kB
MemAvailable:    8070460 kB
Buffers:            5280 kB
Cached:          1916204 kB
SwapCached:            0 kB
Active:          1588076 kB
Inactive:        1613288 kB
Active(anon):    1286464 kB
Inactive(anon):    23540 kB
Active(file):     301612 kB
Inactive(file):  1589748 kB
Unevictable:        5616 kB
Mlocked:            5616 kB
SwapTotal:       3145724 kB
SwapFree:        3145724 kB
Dirty:               284 kB
Writeback:             0 kB
AnonPages:       1285640 kB
Mapped:           878316 kB
Shmem:             25560 kB
KReclaimable:     688100 kB
Slab:             229880 kB
SReclaimable:      79936 kB
SUnreclaim:       149944 kB
KernelStack:       48768 kB
PageTables:        68816 kB
NFS_Unstable:          0 kB
Bounce:                0 kB
WritebackTmp:          0 kB
CommitLimit:     9202292 kB
Committed_AS:   76600440 kB
VmallocTotal:   263061440 kB
VmallocUsed:      105820 kB
VmallocChunk:          0 kB
Percpu:             7648 kB
CmaTotal:         294912 kB
CmaFree:               0 kB
MemTotal:       12113136 kB
MemFree:         6359064 kB
MemAvailable:    8069836 kB
Buffers:            5280 kB
Cached:          1916232 kB
SwapCached:            0 kB
Active:          1589084 kB
Inactive:        1613316 kB
Active(anon):    1287472 kB
Inactive(anon):    23552 kB
Active(file):     301612 kB
Inactive(file):  1589764 kB
Unevictable:        5616 kB
Mlocked:            5616 kB
SwapTotal:       3145724 kB
SwapFree:        3145724 kB
Dirty:               300 kB
Writeback:             0 kB
AnonPages:       1286600 kB
Mapped:           878328 kB
Shmem:             25572 kB
KReclaimable:     688100 kB
Slab:             229884 kB
SReclaimable:      79936 kB
SUnreclaim:       149948 kB
KernelStack:       48768 kB
PageTables:        68808 kB
NFS_Unstable:          0 kB
Bounce:                0 kB
WritebackTmp:          0 kB
CommitLimit:     9202292 kB
Committed_AS:   76605072 kB
VmallocTotal:   263061440 kB
VmallocUsed:      105820 kB
VmallocChunk:          0 kB
Percpu:             7648 kB
CmaTotal:         294912 kB
CmaFree:               0 kB
MemTotal:       12113136 kB
MemFree:         6358796 kB
MemAvailable:    8069576 kB
Buffers:            5280 kB
Cached:          1916240 kB
SwapCached:            0 kB
Active:          1589536 kB
Inactive:        1613324 kB
Active(anon):    1287924 kB
Inactive(anon):    23552 kB
Active(file):     301612 kB
Inactive(file):  1589772 kB
Unevictable:        5616 kB
Mlocked:            5616 kB
SwapTotal:       3145724 kB
SwapFree:        3145724 kB
Dirty:               308 kB
Writeback:             0 kB
AnonPages:       1287208 kB
Mapped:           878328 kB
Shmem:             25572 kB
KReclaimable:     688100 kB
Slab:             229884 kB
SReclaimable:      79936 kB
SUnreclaim:       149948 kB
KernelStack:       48768 kB
PageTables:        68796 kB
NFS_Unstable:          0 kB
Bounce:                0 kB
WritebackTmp:          0 kB
CommitLimit:     9202292 kB
Committed_AS:   76604696 kB
VmallocTotal:   263061440 kB
VmallocUsed:      105836 kB
VmallocChunk:          0 kB
Percpu:             7648 kB
CmaTotal:         294912 kB
CmaFree:               0 kB
MemTotal:       12113136 kB
MemFree:         6358012 kB
MemAvailable:    8068820 kB
Buffers:            5284 kB
Cached:          1916268 kB
SwapCached:            0 kB
Active:          1590640 kB
Inactive:        1613352 kB
Active(anon):    1289024 kB
Inactive(anon):    23556 kB
Active(file):     301616 kB
Inactive(file):  1589796 kB
Unevictable:        5616 kB
Mlocked:            5616 kB
SwapTotal:       3145724 kB
SwapFree:        3145724 kB
Dirty:               320 kB
Writeback:             0 kB
AnonPages:       1288016 kB
Mapped:           878332 kB
Shmem:             25576 kB
KReclaimable:     688100 kB
Slab:             229880 kB
SReclaimable:      79936 kB
SUnreclaim:       149944 kB
KernelStack:       48768 kB
PageTables:        68796 kB
NFS_Unstable:          0 kB
Bounce:                0 kB
WritebackTmp:          0 kB
CommitLimit:     9202292 kB
Committed_AS:   76604456 kB
VmallocTotal:   263061440 kB
VmallocUsed:      105852 kB
VmallocChunk:          0 kB
Percpu:             7648 kB
CmaTotal:         294912 kB
CmaFree:               0 kB
MemTotal:       12113136 kB
MemFree:         6356672 kB
MemAvailable:    8067496 kB
Buffers:            5284 kB
Cached:          1916284 kB
SwapCached:            0 kB
Active:          1591060 kB
Inactive:        1613368 kB
Active(anon):    1289444 kB
Inactive(anon):    23556 kB
Active(file):     301616 kB
Inactive(file):  1589812 kB
Unevictable:        5616 kB
Mlocked:            5616 kB
SwapTotal:       3145724 kB
SwapFree:        3145724 kB
Dirty:               180 kB
Writeback:             0 kB
AnonPages:       1288688 kB
Mapped:           878332 kB
Shmem:             25576 kB
KReclaimable:     688100 kB
Slab:             229880 kB
SReclaimable:      79936 kB
SUnreclaim:       149944 kB
KernelStack:       48768 kB
PageTables:        68800 kB
NFS_Unstable:          0 kB
Bounce:                0 kB
WritebackTmp:          0 kB
CommitLimit:     9202292 kB
Committed_AS:   76605080 kB
VmallocTotal:   263061440 kB
VmallocUsed:      105852 kB
VmallocChunk:          0 kB
Percpu:             7648 kB
CmaTotal:         294912 kB
CmaFree:               0 kB
MemTotal:       12113136 kB
MemFree:         6355920 kB
MemAvailable:    8066752 kB
Buffers:            5284 kB
Cached:          1916296 kB
SwapCached:            0 kB
Active:          1592204 kB
Inactive:        1613380 kB
Active(anon):    1290588 kB
Inactive(anon):    23560 kB
Active(file):     301616 kB
Inactive(file):  1589820 kB
Unevictable:        5616 kB
Mlocked:            5616 kB
SwapTotal:       3145724 kB
SwapFree:        3145724 kB
Dirty:               244 kB
Writeback:             0 kB
AnonPages:       1289492 kB
Mapped:           878336 kB
Shmem:             25580 kB
KReclaimable:     688100 kB
Slab:             229884 kB
SReclaimable:      79936 kB
SUnreclaim:       149948 kB
KernelStack:       48768 kB
PageTables:        68804 kB
NFS_Unstable:          0 kB
Bounce:                0 kB
WritebackTmp:          0 kB
CommitLimit:     9202292 kB
Committed_AS:   76604944 kB
VmallocTotal:   263061440 kB
VmallocUsed:      105852 kB
VmallocChunk:          0 kB
Percpu:             7648 kB
CmaTotal:         294912 kB
CmaFree:               0 kB
MemTotal:       12113136 kB
MemFree:         6354344 kB
MemAvailable:    8065192 kB
Buffers:            5284 kB
Cached:          1916312 kB
SwapCached:            0 kB
Active:          1592044 kB
Inactive:        1613396 kB
Active(anon):    1290428 kB
Inactive(anon):    23560 kB
Active(file):     301616 kB
Inactive(file):  1589836 kB
Unevictable:        5616 kB
Mlocked:            5616 kB
SwapTotal:       3145724 kB
SwapFree:        3145724 kB
Dirty:               288 kB
Writeback:             0 kB
AnonPages:       1289224 kB
Mapped:           878336 kB
Shmem:             25580 kB
KReclaimable:     688100 kB
Slab:             229896 kB
SReclaimable:      79936 kB
SUnreclaim:       149960 kB
KernelStack:       48768 kB
PageTables:        68796 kB
NFS_Unstable:          0 kB
Bounce:                0 kB
WritebackTmp:          0 kB
CommitLimit:     9202292 kB
Committed_AS:   76609944 kB
VmallocTotal:   263061440 kB
VmallocUsed:      105868 kB
VmallocChunk:          0 kB
Percpu:             7648 kB
CmaTotal:         294912 kB
CmaFree:               0 kB
MemTotal:       12113136 kB
MemFree:         6355500 kB
MemAvailable:    8066356 kB
Buffers:            5284 kB
Cached:          1916320 kB
SwapCached:            0 kB
Active:          1592868 kB
Inactive:        1613404 kB
Active(anon):    1291252 kB
Inactive(anon):    23560 kB
Active(file):     301616 kB
Inactive(file):  1589844 kB
Unevictable:        5616 kB
Mlocked:            5616 kB
SwapTotal:       3145724 kB
SwapFree:        3145724 kB
Dirty:               372 kB
Writeback:             0 kB
AnonPages:       1290256 kB
Mapped:           878336 kB
Shmem:             25580 kB
KReclaimable:     688100 kB
Slab:             229856 kB
SReclaimable:      79936 kB
SUnreclaim:       149920 kB
KernelStack:       48768 kB
PageTables:        68808 kB
NFS_Unstable:          0 kB
Bounce:                0 kB
WritebackTmp:          0 kB
CommitLimit:     9202292 kB
Committed_AS:   76616040 kB
VmallocTotal:   263061440 kB
VmallocUsed:      105804 kB
VmallocChunk:          0 kB
Percpu:             7648 kB
CmaTotal:         294912 kB
CmaFree:               0 kB
MemTotal:       12113136 kB
MemFree:         6354564 kB
MemAvailable:    8065436 kB
Buffers:            5284 kB
Cached:          1916336 kB
SwapCached:            0 kB
Active:          1593452 kB
Inactive:        1613420 kB
Active(anon):    1291836 kB
Inactive(anon):    23560 kB
Active(file):     301616 kB
Inactive(file):  1589860 kB
Unevictable:        5616 kB
Mlocked:            5616 kB
SwapTotal:       3145724 kB
SwapFree:        3145724 kB
Dirty:               388 kB
Writeback:             0 kB
AnonPages:       1290852 kB
Mapped:           878336 kB
Shmem:             25580 kB
KReclaimable:     688100 kB
Slab:             229868 kB
SReclaimable:      79936 kB
SUnreclaim:       149932 kB
KernelStack:       48752 kB
PageTables:        68792 kB
NFS_Unstable:          0 kB
Bounce:                0 kB
WritebackTmp:          0 kB
CommitLimit:     9202292 kB
Committed_AS:   76610652 kB
VmallocTotal:   263061440 kB
VmallocUsed:      105868 kB
VmallocChunk:          0 kB
Percpu:             7648 kB
CmaTotal:         294912 kB
CmaFree:               0 kB
MemTotal:       12113136 kB
MemFree:         6354352 kB
MemAvailable:    8065232 kB
Buffers:            5284 kB
Cached:          1916344 kB
SwapCached:            0 kB
Active:          1593940 kB
Inactive:        1613428 kB
Active(anon):    1292324 kB
Inactive(anon):    23560 kB
Active(file):     301616 kB
Inactive(file):  1589868 kB
Unevictable:        5616 kB
Mlocked:            5616 kB
SwapTotal:       3145724 kB
SwapFree:        3145724 kB
Dirty:               160 kB
Writeback:             0 kB
AnonPages:       1290896 kB
Mapped:           878336 kB
Shmem:             25580 kB
KReclaimable:     688100 kB
Slab:             229860 kB
SReclaimable:      79936 kB
SUnreclaim:       149924 kB
KernelStack:       48752 kB
PageTables:        68808 kB
NFS_Unstable:          0 kB
Bounce:                0 kB
WritebackTmp:          0 kB
CommitLimit:     9202292 kB
Committed_AS:   76604840 kB
VmallocTotal:   263061440 kB
VmallocUsed:      105852 kB
VmallocChunk:          0 kB
Percpu:             7648 kB
CmaTotal:         294912 kB
CmaFree:               0 kB
MemTotal:       12113136 kB
MemFree:         6353944 kB
MemAvailable:    8064832 kB
Buffers:            5284 kB
Cached:          1916360 kB
SwapCached:            0 kB
Active:          1594560 kB
Inactive:        1613444 kB
Active(anon):    1292944 kB
Inactive(anon):    23568 kB
Active(file):     301616 kB
Inactive(file):  1589876 kB
Unevictable:        5616 kB
Mlocked:            5616 kB
SwapTotal:       3145724 kB
SwapFree:        3145724 kB
Dirty:               244 kB
Writeback:             0 kB
AnonPages:       1292080 kB
Mapped:           878344 kB
Shmem:             25588 kB
KReclaimable:     688100 kB
Slab:             229860 kB
SReclaimable:      79936 kB
SUnreclaim:       149924 kB
KernelStack:       48720 kB
PageTables:        68800 kB
NFS_Unstable:          0 kB
Bounce:                0 kB
WritebackTmp:          0 kB
CommitLimit:     9202292 kB
Committed_AS:   76604360 kB
VmallocTotal:   263061440 kB
VmallocUsed:      105804 kB
VmallocChunk:          0 kB
Percpu:             7648 kB
CmaTotal:         294912 kB
CmaFree:               0 kB
MemTotal:       12113136 kB
MemFree:         6354160 kB
MemAvailable:    8065052 kB
Buffers:            5284 kB
Cached:          1916364 kB
SwapCached:            0 kB
Active:          1595764 kB
Inactive:        1613452 kB
Active(anon):    1294152 kB
Inactive(anon):    23568 kB
Active(file):     301612 kB
Inactive(file):  1589884 kB
Unevictable:        5616 kB
Mlocked:            5616 kB
SwapTotal:       3145724 kB
SwapFree:        3145724 kB
Dirty:               256 kB
Writeback:             0 kB
AnonPages:       1293236 kB
Mapped:           878344 kB
Shmem:             25588 kB
KReclaimable:     688100 kB
Slab:             229864 kB
SReclaimable:      79936 kB
SUnreclaim:       149928 kB
KernelStack:       48720 kB
PageTables:        68792 kB
NFS_Unstable:          0 kB
Bounce:                0 kB
WritebackTmp:          0 kB
CommitLimit:     9202292 kB
Committed_AS:   76599572 kB
VmallocTotal:   263061440 kB
VmallocUsed:      105804 kB
VmallocChunk:          0 kB
Percpu:             7648 kB
CmaTotal:         294912 kB
CmaFree:               0 kB
MemTotal:       12113136 kB
MemFree:         6353720 kB
MemAvailable:    8064648 kB
Buffers:            5284 kB
Cached:          1916400 kB
SwapCached:            0 kB
Active:          1596100 kB
Inactive:        1613484 kB
Active(anon):    1294484 kB
Inactive(anon):    23568 kB
Active(file):     301616 kB
Inactive(file):  1589916 kB
Unevictable:        5616 kB
Mlocked:            5616 kB
SwapTotal:       3145724 kB
SwapFree:        3145724 kB
Dirty:               348 kB
Writeback:             0 kB
AnonPages:       1293516 kB
Mapped:           878344 kB
Shmem:             25588 kB
KReclaimable:     688100 kB
Slab:             229864 kB
SReclaimable:      79936 kB
SUnreclaim:       149928 kB
KernelStack:       48720 kB
PageTables:        68796 kB
NFS_Unstable:          0 kB
Bounce:                0 kB
WritebackTmp:          0 kB
CommitLimit:     9202292 kB
Committed_AS:   76599708 kB
VmallocTotal:   263061440 kB
VmallocUsed:      105836 kB
VmallocChunk:          0 kB
Percpu:             7648 kB
CmaTotal:         294912 kB
CmaFree:               0 kB
MemTotal:       12113136 kB
MemFree:         6353056 kB
MemAvailable:    8064004 kB
Buffers:            5284 kB
Cached:          1916420 kB
SwapCached:            0 kB
Active:          1596628 kB
Inactive:        1613504 kB
Active(anon):    1295012 kB
Inactive(anon):    23568 kB
Active(file):     301616 kB
Inactive(file):  1589936 kB
Unevictable:        5616 kB
Mlocked:            5616 kB
SwapTotal:       3145724 kB
SwapFree:        3145724 kB
Dirty:               368 kB
Writeback:             0 kB
AnonPages:       1294132 kB
Mapped:           878344 kB
Shmem:             25588 kB
KReclaimable:     688100 kB
Slab:             229868 kB
SReclaimable:      79936 kB
SUnreclaim:       149932 kB
KernelStack:       48720 kB
PageTables:        68796 kB
NFS_Unstable:          0 kB
Bounce:                0 kB
WritebackTmp:          0 kB
CommitLimit:     9202292 kB
Committed_AS:   76609728 kB
VmallocTotal:   263061440 kB
VmallocUsed:      105852 kB
VmallocChunk:          0 kB
Percpu:             7648 kB
CmaTotal:         294912 kB
CmaFree:               0 kB
MemTotal:       12113136 kB
MemFree:         6351752 kB
MemAvailable:    8062704 kB
Buffers:            5284 kB
Cached:          1916424 kB
SwapCached:            0 kB
Active:          1597200 kB
Inactive:        1613512 kB
Active(anon):    1295588 kB
Inactive(anon):    23568 kB
Active(file):     301612 kB
Inactive(file):  1589944 kB
Unevictable:        5616 kB
Mlocked:            5616 kB
SwapTotal:       3145724 kB
SwapFree:        3145724 kB
Dirty:               164 kB
Writeback:             0 kB
AnonPages:       1294680 kB
Mapped:           878344 kB
Shmem:             25588 kB
KReclaimable:     688100 kB
Slab:             229868 kB
SReclaimable:      79936 kB
SUnreclaim:       149932 kB
KernelStack:       48688 kB
PageTables:        68792 kB
NFS_Unstable:          0 kB
Bounce:                0 kB
WritebackTmp:          0 kB
CommitLimit:     9202292 kB
Committed_AS:   76609764 kB
VmallocTotal:   263061440 kB
VmallocUsed:      105820 kB
VmallocChunk:          0 kB
Percpu:             7648 kB
CmaTotal:         294912 kB
CmaFree:               0 kB
MemTotal:       12113136 kB
MemFree:         6351328 kB
MemAvailable:    8062292 kB
Buffers:            5284 kB
Cached:          1916436 kB
SwapCached:            0 kB
Active:          1597904 kB
Inactive:        1613520 kB
Active(anon):    1296288 kB
Inactive(anon):    23568 kB
Active(file):     301616 kB
Inactive(file):  1589952 kB
Unevictable:        5616 kB
Mlocked:            5616 kB
SwapTotal:       3145724 kB
SwapFree:        3145724 kB
Dirty:               276 kB
Writeback:             0 kB
AnonPages:       1295528 kB
Mapped:           878344 kB
Shmem:             25588 kB
KReclaimable:     688100 kB
Slab:             229868 kB
SReclaimable:      79936 kB
SUnreclaim:       149932 kB
KernelStack:       48688 kB
PageTables:        68792 kB
NFS_Unstable:          0 kB
Bounce:                0 kB
WritebackTmp:          0 kB
CommitLimit:     9202292 kB
Committed_AS:   76609404 kB
VmallocTotal:   263061440 kB
VmallocUsed:      105772 kB
VmallocChunk:          0 kB
Percpu:             7648 kB
CmaTotal:         294912 kB
CmaFree:               0 kB
MemTotal:       12113136 kB
MemFree:         6345816 kB
MemAvailable:    8056796 kB
Buffers:            5284 kB
Cached:          1916452 kB
SwapCached:            0 kB
Active:          1603552 kB
Inactive:        1613536 kB
Active(anon):    1301936 kB
Inactive(anon):    23568 kB
Active(file):     301616 kB
Inactive(file):  1589968 kB
Unevictable:        5616 kB
Mlocked:            5616 kB
SwapTotal:       3145724 kB
SwapFree:        3145724 kB
Dirty:               292 kB
Writeback:             0 kB
AnonPages:       1301072 kB
Mapped:           878344 kB
Shmem:             25588 kB
KReclaimable:     688100 kB
Slab:             229880 kB
SReclaimable:      79936 kB
SUnreclaim:       149944 kB
KernelStack:       48688 kB
PageTables:        68792 kB
NFS_Unstable:          0 kB
Bounce:                0 kB
WritebackTmp:          0 kB
CommitLimit:     9202292 kB
Committed_AS:   76609836 kB
VmallocTotal:   263061440 kB
VmallocUsed:      105772 kB
VmallocChunk:          0 kB
Percpu:             7648 kB
CmaTotal:         294912 kB
CmaFree:               0 kB
MemTotal:       12113136 kB
MemFree:         6322560 kB
MemAvailable:    8033568 kB
Buffers:            5288 kB
Cached:          1916476 kB
SwapCached:            0 kB
Active:          1627248 kB
Inactive:        1613560 kB
Active(anon):    1325628 kB
Inactive(anon):    23568 kB
Active(file):     301620 kB
Inactive(file):  1589992 kB
Unevictable:        5616 kB
Mlocked:            5616 kB
SwapTotal:       3145724 kB
SwapFree:        3145724 kB
Dirty:               348 kB
Writeback:             0 kB
AnonPages:       1324680 kB
Mapped:           878344 kB
Shmem:             25588 kB
KReclaimable:     688100 kB
Slab:             229880 kB
SReclaimable:      79936 kB
SUnreclaim:       149944 kB
KernelStack:       48688 kB
PageTables:        68804 kB
NFS_Unstable:          0 kB
Bounce:                0 kB
WritebackTmp:          0 kB
CommitLimit:     9202292 kB
Committed_AS:   76609484 kB
VmallocTotal:   263061440 kB
VmallocUsed:      105756 kB
VmallocChunk:          0 kB
Percpu:             7648 kB
CmaTotal:         294912 kB
CmaFree:               0 kB
MemTotal:       12113136 kB
MemFree:         6322772 kB
MemAvailable:    8033800 kB
Buffers:            5288 kB
Cached:          1916496 kB
SwapCached:            0 kB
Active:          1626904 kB
Inactive:        1613576 kB
Active(anon):    1325280 kB
Inactive(anon):    23568 kB
Active(file):     301624 kB
Inactive(file):  1590008 kB
Unevictable:        5616 kB
Mlocked:            5616 kB
SwapTotal:       3145724 kB
SwapFree:        3145724 kB
Dirty:               348 kB
Writeback:             0 kB
AnonPages:       1324224 kB
Mapped:           878344 kB
Shmem:             25588 kB
KReclaimable:     688100 kB
Slab:             229876 kB
SReclaimable:      79936 kB
SUnreclaim:       149940 kB
KernelStack:       48688 kB
PageTables:        68792 kB
NFS_Unstable:          0 kB
Bounce:                0 kB
WritebackTmp:          0 kB
CommitLimit:     9202292 kB
Committed_AS:   76614676 kB
VmallocTotal:   263061440 kB
VmallocUsed:      105756 kB
VmallocChunk:          0 kB
Percpu:             7648 kB
CmaTotal:         294912 kB
CmaFree:               0 kB
MemTotal:       12113136 kB
MemFree:         6317660 kB
MemAvailable:    8028696 kB
Buffers:            5288 kB
Cached:          1916592 kB
SwapCached:            0 kB
Active:          1633416 kB
Inactive:        1613672 kB
Active(anon):    1331792 kB
Inactive(anon):    23656 kB
Active(file):     301624 kB
Inactive(file):  1590016 kB
Unevictable:        5616 kB
Mlocked:            5616 kB
SwapTotal:       3145724 kB
SwapFree:        3145724 kB
Dirty:               204 kB
Writeback:             0 kB
AnonPages:       1330924 kB
Mapped:           878432 kB
Shmem:             25676 kB
KReclaimable:     688100 kB
Slab:             229876 kB
SReclaimable:      79936 kB
SUnreclaim:       149940 kB
KernelStack:       48688 kB
PageTables:        68812 kB
NFS_Unstable:          0 kB
Bounce:                0 kB
WritebackTmp:          0 kB
CommitLimit:     9202292 kB
Committed_AS:   76614452 kB
VmallocTotal:   263061440 kB
VmallocUsed:      105724 kB
VmallocChunk:          0 kB
Percpu:             7648 kB
CmaTotal:         294912 kB
CmaFree:             208 kB
MemTotal:       12113136 kB
MemFree:         6334076 kB
MemAvailable:    8045128 kB
Buffers:            5288 kB
Cached:          1916520 kB
SwapCached:            0 kB
Active:          1613056 kB
Inactive:        1613600 kB
Active(anon):    1311432 kB
Inactive(anon):    23568 kB
Active(file):     301624 kB
Inactive(file):  1590032 kB
Unevictable:        5616 kB
Mlocked:            5616 kB
SwapTotal:       3145724 kB
SwapFree:        3145724 kB
Dirty:               268 kB
Writeback:             0 kB
AnonPages:       1310400 kB
Mapped:           878344 kB
Shmem:             25588 kB
KReclaimable:     688100 kB
Slab:             229752 kB
SReclaimable:      79936 kB
SUnreclaim:       149816 kB
KernelStack:       48688 kB
PageTables:        68796 kB
NFS_Unstable:          0 kB
Bounce:                0 kB
WritebackTmp:          0 kB
CommitLimit:     9202292 kB
Committed_AS:   76618200 kB
VmallocTotal:   263061440 kB
VmallocUsed:      105756 kB
VmallocChunk:          0 kB
Percpu:             7648 kB
CmaTotal:         294912 kB
CmaFree:               0 kB
MemTotal:       12113136 kB
MemFree:         6337408 kB
MemAvailable:    8048472 kB
Buffers:            5288 kB
Cached:          1916536 kB
SwapCached:            0 kB
Active:          1610468 kB
Inactive:        1613616 kB
Active(anon):    1308844 kB
Inactive(anon):    23572 kB
Active(file):     301624 kB
Inactive(file):  1590044 kB
Unevictable:        5616 kB
Mlocked:            5616 kB
SwapTotal:       3145724 kB
SwapFree:        3145724 kB
Dirty:               288 kB
Writeback:             0 kB
AnonPages:       1307948 kB
Mapped:           878348 kB
Shmem:             25592 kB
KReclaimable:     688100 kB
Slab:             229872 kB
SReclaimable:      79936 kB
SUnreclaim:       149936 kB
KernelStack:       48688 kB
PageTables:        68792 kB
NFS_Unstable:          0 kB
Bounce:                0 kB
WritebackTmp:          0 kB
CommitLimit:     9202292 kB
Committed_AS:   76617892 kB
VmallocTotal:   263061440 kB
VmallocUsed:      105788 kB
VmallocChunk:          0 kB
Percpu:             7648 kB
CmaTotal:         294912 kB
CmaFree:              68 kB
MemTotal:       12113136 kB
MemFree:         6337100 kB
MemAvailable:    8048172 kB
Buffers:            5288 kB
Cached:          1916544 kB
SwapCached:            0 kB
Active:          1610920 kB
Inactive:        1613624 kB
Active(anon):    1309296 kB
Inactive(anon):    23572 kB
Active(file):     301624 kB
Inactive(file):  1590052 kB
Unevictable:        5616 kB
Mlocked:            5616 kB
SwapTotal:       3145724 kB
SwapFree:        3145724 kB
Dirty:               300 kB
Writeback:             0 kB
AnonPages:       1308556 kB
Mapped:           878348 kB
Shmem:             25592 kB
KReclaimable:     688100 kB
Slab:             229896 kB
SReclaimable:      79936 kB
SUnreclaim:       149960 kB
KernelStack:       48688 kB
PageTables:        68792 kB
NFS_Unstable:          0 kB
Bounce:                0 kB
WritebackTmp:          0 kB
CommitLimit:     9202292 kB
Committed_AS:   76617356 kB
VmallocTotal:   263061440 kB
VmallocUsed:      105788 kB
VmallocChunk:          0 kB
Percpu:             7648 kB
CmaTotal:         294912 kB
CmaFree:               0 kB
MemTotal:       12113136 kB
MemFree:         6337304 kB
MemAvailable:    8048392 kB
Buffers:            5288 kB
Cached:          1916560 kB
SwapCached:            0 kB
Active:          1611400 kB
Inactive:        1613640 kB
Active(anon):    1309776 kB
Inactive(anon):    23572 kB
Active(file):     301624 kB
Inactive(file):  1590068 kB
Unevictable:        5616 kB
Mlocked:            5616 kB
SwapTotal:       3145724 kB
SwapFree:        3145724 kB
Dirty:               328 kB
Writeback:             0 kB
AnonPages:       1308888 kB
Mapped:           878348 kB
Shmem:             25592 kB
KReclaimable:     688100 kB
Slab:             229876 kB
SReclaimable:      79936 kB
SUnreclaim:       149940 kB
KernelStack:       48688 kB
PageTables:        68792 kB
NFS_Unstable:          0 kB
Bounce:                0 kB
WritebackTmp:          0 kB
CommitLimit:     9202292 kB
Committed_AS:   76616920 kB
VmallocTotal:   263061440 kB
VmallocUsed:      105788 kB
VmallocChunk:          0 kB
Percpu:             7648 kB
CmaTotal:         294912 kB
CmaFree:              48 kB
MemTotal:       12113136 kB
MemFree:         6336044 kB
MemAvailable:    8047140 kB
Buffers:            5288 kB
Cached:          1916568 kB
SwapCached:            0 kB
Active:          1612276 kB
Inactive:        1613644 kB
Active(anon):    1310648 kB
Inactive(anon):    23572 kB
Active(file):     301628 kB
Inactive(file):  1590072 kB
Unevictable:        5616 kB
Mlocked:            5616 kB
SwapTotal:       3145724 kB
SwapFree:        3145724 kB
Dirty:               268 kB
Writeback:           196 kB
AnonPages:       1309744 kB
Mapped:           878412 kB
Shmem:             25592 kB
KReclaimable:     688100 kB
Slab:             229916 kB
SReclaimable:      79936 kB
SUnreclaim:       149980 kB
KernelStack:       48688 kB
PageTables:        68800 kB
NFS_Unstable:          0 kB
Bounce:                0 kB
WritebackTmp:          0 kB
CommitLimit:     9202292 kB
Committed_AS:   76613700 kB
VmallocTotal:   263061440 kB
VmallocUsed:      105788 kB
VmallocChunk:          0 kB
Percpu:             7648 kB
CmaTotal:         294912 kB
CmaFree:               0 kB
MemTotal:       12113136 kB
MemFree:         6334592 kB
MemAvailable:    8045724 kB
Buffers:            5288 kB
Cached:          1916604 kB
SwapCached:            0 kB
Active:          1613224 kB
Inactive:        1613676 kB
Active(anon):    1311592 kB
Inactive(anon):    23572 kB
Active(file):     301632 kB
Inactive(file):  1590104 kB
Unevictable:        5616 kB
Mlocked:            5616 kB
SwapTotal:       3145724 kB
SwapFree:        3145724 kB
Dirty:               324 kB
Writeback:             0 kB
AnonPages:       1310660 kB
Mapped:           878412 kB
Shmem:             25592 kB
KReclaimable:     688100 kB
Slab:             229888 kB
SReclaimable:      79936 kB
SUnreclaim:       149952 kB
KernelStack:       48752 kB
PageTables:        68804 kB
NFS_Unstable:          0 kB
Bounce:                0 kB
WritebackTmp:          0 kB
CommitLimit:     9202292 kB
Committed_AS:   76615056 kB
VmallocTotal:   263061440 kB
VmallocUsed:      105804 kB
VmallocChunk:          0 kB
Percpu:             7648 kB
CmaTotal:         294912 kB
CmaFree:               0 kB
MemTotal:       12113136 kB
MemFree:         6334884 kB
MemAvailable:    8046020 kB
Buffers:            5288 kB
Cached:          1916608 kB
SwapCached:            0 kB
Active:          1613668 kB
Inactive:        1613684 kB
Active(anon):    1312040 kB
Inactive(anon):    23572 kB
Active(file):     301628 kB
Inactive(file):  1590112 kB
Unevictable:        5616 kB
Mlocked:            5616 kB
SwapTotal:       3145724 kB
SwapFree:        3145724 kB
Dirty:               336 kB
Writeback:             0 kB
AnonPages:       1310968 kB
Mapped:           878412 kB
Shmem:             25592 kB
KReclaimable:     688100 kB
Slab:             229888 kB
SReclaimable:      79936 kB
SUnreclaim:       149952 kB
KernelStack:       48816 kB
PageTables:        68936 kB
NFS_Unstable:          0 kB
Bounce:                0 kB
WritebackTmp:          0 kB
CommitLimit:     9202292 kB
Committed_AS:   76610040 kB
VmallocTotal:   263061440 kB
VmallocUsed:      105836 kB
VmallocChunk:          0 kB
Percpu:             7648 kB
CmaTotal:         294912 kB
CmaFree:               0 kB
MemTotal:       12113136 kB
MemFree:         6347308 kB
MemAvailable:    8058472 kB
Buffers:            5288 kB
Cached:          1916644 kB
SwapCached:            0 kB
Active:          1599836 kB
Inactive:        1613720 kB
Active(anon):    1298208 kB
Inactive(anon):    23580 kB
Active(file):     301628 kB
Inactive(file):  1590140 kB
Unevictable:        5616 kB
Mlocked:            5616 kB
SwapTotal:       3145724 kB
SwapFree:        3145724 kB
Dirty:               404 kB
Writeback:             0 kB
AnonPages:       1297412 kB
Mapped:           878420 kB
Shmem:             25600 kB
KReclaimable:     688100 kB
Slab:             229884 kB
SReclaimable:      79936 kB
SUnreclaim:       149948 kB
KernelStack:       48800 kB
PageTables:        68812 kB
NFS_Unstable:          0 kB
Bounce:                0 kB
WritebackTmp:          0 kB
CommitLimit:     9202292 kB
Committed_AS:   76610276 kB
VmallocTotal:   263061440 kB
VmallocUsed:      105884 kB
VmallocChunk:          0 kB
Percpu:             7648 kB
CmaTotal:         294912 kB
CmaFree:             128 kB
MemTotal:       12113136 kB
MemFree:         6354432 kB
MemAvailable:    8065612 kB
Buffers:            5288 kB
Cached:          1916660 kB
SwapCached:            0 kB
Active:          1590976 kB
Inactive:        1613736 kB
Active(anon):    1289348 kB
Inactive(anon):    23580 kB
Active(file):     301628 kB
Inactive(file):  1590156 kB
Unevictable:        5616 kB
Mlocked:            5616 kB
SwapTotal:       3145724 kB
SwapFree:        3145724 kB
Dirty:               444 kB
Writeback:             0 kB
AnonPages:       1288416 kB
Mapped:           878420 kB
Shmem:             25600 kB
KReclaimable:     688100 kB
Slab:             229904 kB
SReclaimable:      79936 kB
SUnreclaim:       149968 kB
KernelStack:       48800 kB
PageTables:        68800 kB
NFS_Unstable:          0 kB
Bounce:                0 kB
WritebackTmp:          0 kB
CommitLimit:     9202292 kB
Committed_AS:   76610432 kB
VmallocTotal:   263061440 kB
VmallocUsed:      105900 kB
VmallocChunk:          0 kB
Percpu:             7648 kB
CmaTotal:         294912 kB
CmaFree:               0 kB
MemTotal:       12113136 kB
MemFree:         6354812 kB
MemAvailable:    8066004 kB
Buffers:            5288 kB
Cached:          1916672 kB
SwapCached:            0 kB
Active:          1591932 kB
Inactive:        1613748 kB
Active(anon):    1290304 kB
Inactive(anon):    23580 kB
Active(file):     301628 kB
Inactive(file):  1590168 kB
Unevictable:        5616 kB
Mlocked:            5616 kB
SwapTotal:       3145724 kB
SwapFree:        3145724 kB
Dirty:               288 kB
Writeback:           172 kB
AnonPages:       1289456 kB
Mapped:           878420 kB
Shmem:             25600 kB
KReclaimable:     688100 kB
Slab:             229904 kB
SReclaimable:      79936 kB
SUnreclaim:       149968 kB
KernelStack:       48800 kB
PageTables:        68812 kB
NFS_Unstable:          0 kB
Bounce:                0 kB
WritebackTmp:          0 kB
CommitLimit:     9202292 kB
Committed_AS:   76610352 kB
VmallocTotal:   263061440 kB
VmallocUsed:      105900 kB
VmallocChunk:          0 kB
Percpu:             7648 kB
CmaTotal:         294912 kB
CmaFree:               0 kB
MemTotal:       12113136 kB
MemFree:         6354992 kB
MemAvailable:    8066192 kB
Buffers:            5288 kB
Cached:          1916684 kB
SwapCached:            0 kB
Active:          1592300 kB
Inactive:        1613760 kB
Active(anon):    1290672 kB
Inactive(anon):    23584 kB
Active(file):     301628 kB
Inactive(file):  1590176 kB
Unevictable:        5616 kB
Mlocked:            5616 kB
SwapTotal:       3145724 kB
SwapFree:        3145724 kB
Dirty:               300 kB
Writeback:             0 kB
AnonPages:       1289724 kB
Mapped:           878424 kB
Shmem:             25604 kB
KReclaimable:     688100 kB
Slab:             229884 kB
SReclaimable:      79936 kB
SUnreclaim:       149948 kB
KernelStack:       48800 kB
PageTables:        68800 kB
NFS_Unstable:          0 kB
Bounce:                0 kB
WritebackTmp:          0 kB
CommitLimit:     9202292 kB
Committed_AS:   76610440 kB
VmallocTotal:   263061440 kB
VmallocUsed:      105884 kB
VmallocChunk:          0 kB
Percpu:             7648 kB
CmaTotal:         294912 kB
CmaFree:               0 kB
MemTotal:       12113136 kB
MemFree:         6354948 kB
MemAvailable:    8066160 kB
Buffers:            5288 kB
Cached:          1916700 kB
SwapCached:            0 kB
Active:          1593420 kB
Inactive:        1613776 kB
Active(anon):    1291792 kB
Inactive(anon):    23588 kB
Active(file):     301628 kB
Inactive(file):  1590188 kB
Unevictable:        5616 kB
Mlocked:            5616 kB
SwapTotal:       3145724 kB
SwapFree:        3145724 kB
Dirty:               316 kB
Writeback:             0 kB
AnonPages:       1290936 kB
Mapped:           878428 kB
Shmem:             25608 kB
KReclaimable:     688100 kB
Slab:             229916 kB
SReclaimable:      79936 kB
SUnreclaim:       149980 kB
KernelStack:       48788 kB
PageTables:        68812 kB
NFS_Unstable:          0 kB
Bounce:                0 kB
WritebackTmp:          0 kB
CommitLimit:     9202292 kB
Committed_AS:   76605268 kB
VmallocTotal:   263061440 kB
VmallocUsed:      105868 kB
VmallocChunk:          0 kB
Percpu:             7648 kB
CmaTotal:         294912 kB
CmaFree:               0 kB
MemTotal:       12113136 kB
MemFree:         6355140 kB
MemAvailable:    8066364 kB
Buffers:            5288 kB
Cached:          1916712 kB
SwapCached:            0 kB
Active:          1593512 kB
Inactive:        1613788 kB
Active(anon):    1291884 kB
Inactive(anon):    23588 kB
Active(file):     301628 kB
Inactive(file):  1590200 kB
Unevictable:        5616 kB
Mlocked:            5616 kB
SwapTotal:       3145724 kB
SwapFree:        3145724 kB
Dirty:               328 kB
Writeback:             0 kB
AnonPages:       1290800 kB
Mapped:           878428 kB
Shmem:             25608 kB
KReclaimable:     688100 kB
Slab:             229900 kB
SReclaimable:      79936 kB
SUnreclaim:       149964 kB
KernelStack:       48800 kB
PageTables:        68800 kB
NFS_Unstable:          0 kB
Bounce:                0 kB
WritebackTmp:          0 kB
CommitLimit:     9202292 kB
Committed_AS:   76604960 kB
VmallocTotal:   263061440 kB
VmallocUsed:      105884 kB
VmallocChunk:          0 kB
Percpu:             7648 kB
CmaTotal:         294912 kB
CmaFree:               0 kB
MemTotal:       12113136 kB
MemFree:         6354660 kB
MemAvailable:    8065912 kB
Buffers:            5292 kB
Cached:          1916736 kB
SwapCached:            0 kB
Active:          1594124 kB
Inactive:        1613812 kB
Active(anon):    1292492 kB
Inactive(anon):    23588 kB
Active(file):     301632 kB
Inactive(file):  1590224 kB
Unevictable:        5616 kB
Mlocked:            5616 kB
SwapTotal:       3145724 kB
SwapFree:        3145724 kB
Dirty:               340 kB
Writeback:             0 kB
AnonPages:       1291636 kB
Mapped:           878428 kB
Shmem:             25608 kB
KReclaimable:     688100 kB
Slab:             229912 kB
SReclaimable:      79936 kB
SUnreclaim:       149976 kB
KernelStack:       48800 kB
PageTables:        68812 kB
NFS_Unstable:          0 kB
Bounce:                0 kB
WritebackTmp:          0 kB
CommitLimit:     9202292 kB
Committed_AS:   76609872 kB
VmallocTotal:   263061440 kB
VmallocUsed:      105884 kB
VmallocChunk:          0 kB
Percpu:             7648 kB
CmaTotal:         294912 kB
CmaFree:               0 kB
MemTotal:       12113136 kB
MemFree:         6353768 kB
MemAvailable:    8065032 kB
Buffers:            5292 kB
Cached:          1916748 kB
SwapCached:            0 kB
Active:          1594424 kB
Inactive:        1613824 kB
Active(anon):    1292792 kB
Inactive(anon):    23588 kB
Active(file):     301632 kB
Inactive(file):  1590236 kB
Unevictable:        5616 kB
Mlocked:            5616 kB
SwapTotal:       3145724 kB
SwapFree:        3145724 kB
Dirty:               352 kB
Writeback:             0 kB
AnonPages:       1291828 kB
Mapped:           878428 kB
Shmem:             25608 kB
KReclaimable:     688100 kB
Slab:             229896 kB
SReclaimable:      79936 kB
SUnreclaim:       149960 kB
KernelStack:       48800 kB
PageTables:        68800 kB
NFS_Unstable:          0 kB
Bounce:                0 kB
WritebackTmp:          0 kB
CommitLimit:     9202292 kB
Committed_AS:   76615268 kB
VmallocTotal:   263061440 kB
VmallocUsed:      105900 kB
VmallocChunk:          0 kB
Percpu:             7648 kB
CmaTotal:         294912 kB
CmaFree:               0 kB
MemTotal:       12113136 kB
MemFree:         6352868 kB
MemAvailable:    8064144 kB
Buffers:            5292 kB
Cached:          1916760 kB
SwapCached:            0 kB
Active:          1595384 kB
Inactive:        1613836 kB
Active(anon):    1293752 kB
Inactive(anon):    23588 kB
Active(file):     301632 kB
Inactive(file):  1590248 kB
Unevictable:        5616 kB
Mlocked:            5616 kB
SwapTotal:       3145724 kB
SwapFree:        3145724 kB
Dirty:               264 kB
Writeback:             0 kB
AnonPages:       1292860 kB
Mapped:           878428 kB
Shmem:             25608 kB
KReclaimable:     688100 kB
Slab:             229908 kB
SReclaimable:      79936 kB
SUnreclaim:       149972 kB
KernelStack:       48784 kB
PageTables:        68756 kB
NFS_Unstable:          0 kB
Bounce:                0 kB
WritebackTmp:          0 kB
CommitLimit:     9202292 kB
Committed_AS:   76616064 kB
VmallocTotal:   263061440 kB
VmallocUsed:      105900 kB
VmallocChunk:          0 kB
Percpu:             7648 kB
CmaTotal:         294912 kB
CmaFree:               0 kB
MemTotal:       12113136 kB
MemFree:         6351484 kB
MemAvailable:    8062772 kB
Buffers:            5292 kB
Cached:          1916772 kB
SwapCached:            0 kB
Active:          1596488 kB
Inactive:        1613848 kB
Active(anon):    1294856 kB
Inactive(anon):    23588 kB
Active(file):     301632 kB
Inactive(file):  1590260 kB
Unevictable:        5616 kB
Mlocked:            5616 kB
SwapTotal:       3145724 kB
SwapFree:        3145724 kB
Dirty:               304 kB
Writeback:             0 kB
AnonPages:       1294048 kB
Mapped:           878428 kB
Shmem:             25608 kB
KReclaimable:     688100 kB
Slab:             229900 kB
SReclaimable:      79936 kB
SUnreclaim:       149964 kB
KernelStack:       48800 kB
PageTables:        68800 kB
NFS_Unstable:          0 kB
Bounce:                0 kB
WritebackTmp:          0 kB
CommitLimit:     9202292 kB
Committed_AS:   76616148 kB
VmallocTotal:   263061440 kB
VmallocUsed:      105884 kB
VmallocChunk:          0 kB
Percpu:             7648 kB
CmaTotal:         294912 kB
CmaFree:               0 kB
MemTotal:       12113136 kB
MemFree:         6350136 kB
MemAvailable:    8061428 kB
Buffers:            5292 kB
Cached:          1916776 kB
SwapCached:            0 kB
Active:          1597452 kB
Inactive:        1613852 kB
Active(anon):    1295820 kB
Inactive(anon):    23588 kB
Active(file):     301632 kB
Inactive(file):  1590264 kB
Unevictable:        5616 kB
Mlocked:            5616 kB
SwapTotal:       3145724 kB
SwapFree:        3145724 kB
Dirty:               316 kB
Writeback:             0 kB
AnonPages:       1294960 kB
Mapped:           878428 kB
Shmem:             25608 kB
KReclaimable:     688100 kB
Slab:             229916 kB
SReclaimable:      79936 kB
SUnreclaim:       149980 kB
KernelStack:       48816 kB
PageTables:        68808 kB
NFS_Unstable:          0 kB
Bounce:                0 kB
WritebackTmp:          0 kB
CommitLimit:     9202292 kB
Committed_AS:   76615884 kB
VmallocTotal:   263061440 kB
VmallocUsed:      105900 kB
VmallocChunk:          0 kB
Percpu:             7648 kB
CmaTotal:         294912 kB
CmaFree:               0 kB
MemTotal:       12113136 kB
MemFree:         6350016 kB
MemAvailable:    8061328 kB
Buffers:            5292 kB
Cached:          1916804 kB
SwapCached:            0 kB
Active:          1598572 kB
Inactive:        1613880 kB
Active(anon):    1296940 kB
Inactive(anon):    23596 kB
Active(file):     301632 kB
Inactive(file):  1590284 kB
Unevictable:        5616 kB
Mlocked:            5616 kB
SwapTotal:       3145724 kB
SwapFree:        3145724 kB
Dirty:               360 kB
Writeback:             0 kB
AnonPages:       1296092 kB
Mapped:           878492 kB
Shmem:             25616 kB
KReclaimable:     688100 kB
Slab:             229920 kB
SReclaimable:      79936 kB
SUnreclaim:       149984 kB
KernelStack:       48816 kB
PageTables:        68808 kB
NFS_Unstable:          0 kB
Bounce:                0 kB
WritebackTmp:          0 kB
CommitLimit:     9202292 kB
Committed_AS:   76615624 kB
VmallocTotal:   263061440 kB
VmallocUsed:      105900 kB
VmallocChunk:          0 kB
Percpu:             7648 kB
CmaTotal:         294912 kB
CmaFree:               0 kB
MemTotal:       12113136 kB
MemFree:         6349700 kB
MemAvailable:    8061024 kB
Buffers:            5292 kB
Cached:          1916816 kB
SwapCached:            0 kB
Active:          1598536 kB
Inactive:        1613892 kB
Active(anon):    1296904 kB
Inactive(anon):    23596 kB
Active(file):     301632 kB
Inactive(file):  1590296 kB
Unevictable:        5616 kB
Mlocked:            5616 kB
SwapTotal:       3145724 kB
SwapFree:        3145724 kB
Dirty:               400 kB
Writeback:             0 kB
AnonPages:       1295996 kB
Mapped:           878492 kB
Shmem:             25616 kB
KReclaimable:     688100 kB
Slab:             229904 kB
SReclaimable:      79936 kB
SUnreclaim:       149968 kB
KernelStack:       48816 kB
PageTables:        68812 kB
NFS_Unstable:          0 kB
Bounce:                0 kB
WritebackTmp:          0 kB
CommitLimit:     9202292 kB
Committed_AS:   76611268 kB
VmallocTotal:   263061440 kB
VmallocUsed:      105900 kB
VmallocChunk:          0 kB
Percpu:             7648 kB
CmaTotal:         294912 kB
CmaFree:               0 kB
MemTotal:       12113136 kB
MemFree:         6349576 kB
MemAvailable:    8060904 kB
Buffers:            5292 kB
Cached:          1916820 kB
SwapCached:            0 kB
Active:          1597988 kB
Inactive:        1613896 kB
Active(anon):    1296356 kB
Inactive(anon):    23596 kB
Active(file):     301632 kB
Inactive(file):  1590300 kB
Unevictable:        5616 kB
Mlocked:            5616 kB
SwapTotal:       3145724 kB
SwapFree:        3145724 kB
Dirty:               272 kB
Writeback:             0 kB
AnonPages:       1295476 kB
Mapped:           878492 kB
Shmem:             25616 kB
KReclaimable:     688100 kB
Slab:             229908 kB
SReclaimable:      79936 kB
SUnreclaim:       149972 kB
KernelStack:       48816 kB
PageTables:        68816 kB
NFS_Unstable:          0 kB
Bounce:                0 kB
WritebackTmp:          0 kB
CommitLimit:     9202292 kB
Committed_AS:   76610644 kB
VmallocTotal:   263061440 kB
VmallocUsed:      105900 kB
VmallocChunk:          0 kB
Percpu:             7648 kB
CmaTotal:         294912 kB
CmaFree:               0 kB
MemTotal:       12113136 kB
MemFree:         6348736 kB
MemAvailable:    8060084 kB
Buffers:            5292 kB
Cached:          1916844 kB
SwapCached:            0 kB
Active:          1598512 kB
Inactive:        1613920 kB
Active(anon):    1296880 kB
Inactive(anon):    23600 kB
Active(file):     301632 kB
Inactive(file):  1590320 kB
Unevictable:        5616 kB
Mlocked:            5616 kB
SwapTotal:       3145724 kB
SwapFree:        3145724 kB
Dirty:               292 kB
Writeback:             0 kB
AnonPages:       1296156 kB
Mapped:           878496 kB
Shmem:             25620 kB
KReclaimable:     688100 kB
Slab:             229908 kB
SReclaimable:      79936 kB
SUnreclaim:       149972 kB
KernelStack:       48816 kB
PageTables:        68804 kB
NFS_Unstable:          0 kB
Bounce:                0 kB
WritebackTmp:          0 kB
CommitLimit:     9202292 kB
Committed_AS:   76615588 kB
VmallocTotal:   263061440 kB
VmallocUsed:      105868 kB
VmallocChunk:          0 kB
Percpu:             7648 kB
CmaTotal:         294912 kB
CmaFree:               0 kB
MemTotal:       12113136 kB
MemFree:         6349528 kB
MemAvailable:    8060884 kB
Buffers:            5292 kB
Cached:          1916852 kB
SwapCached:            0 kB
Active:          1599496 kB
Inactive:        1613928 kB
Active(anon):    1297864 kB
Inactive(anon):    23600 kB
Active(file):     301632 kB
Inactive(file):  1590328 kB
Unevictable:        5616 kB
Mlocked:            5616 kB
SwapTotal:       3145724 kB
SwapFree:        3145724 kB
Dirty:               336 kB
Writeback:             0 kB
AnonPages:       1297008 kB
Mapped:           878496 kB
Shmem:             25620 kB
KReclaimable:     688100 kB
Slab:             229920 kB
SReclaimable:      79936 kB
SUnreclaim:       149984 kB
KernelStack:       48816 kB
PageTables:        68816 kB
NFS_Unstable:          0 kB
Bounce:                0 kB
WritebackTmp:          0 kB
CommitLimit:     9202292 kB
Committed_AS:   76615876 kB
VmallocTotal:   263061440 kB
VmallocUsed:      105868 kB
VmallocChunk:          0 kB
Percpu:             7648 kB
CmaTotal:         294912 kB
CmaFree:               0 kB
MemTotal:       12113136 kB
MemFree:         6347120 kB
MemAvailable:    8058512 kB
Buffers:            5292 kB
Cached:          1916888 kB
SwapCached:            0 kB
Active:          1599936 kB
Inactive:        1613964 kB
Active(anon):    1298304 kB
Inactive(anon):    23600 kB
Active(file):     301632 kB
Inactive(file):  1590364 kB
Unevictable:        5616 kB
Mlocked:            5616 kB
SwapTotal:       3145724 kB
SwapFree:        3145724 kB
Dirty:               384 kB
Writeback:             0 kB
AnonPages:       1297480 kB
Mapped:           878496 kB
Shmem:             25620 kB
KReclaimable:     688100 kB
Slab:             229920 kB
SReclaimable:      79936 kB
SUnreclaim:       149984 kB
KernelStack:       48816 kB
PageTables:        68804 kB
NFS_Unstable:          0 kB
Bounce:                0 kB
WritebackTmp:          0 kB
CommitLimit:     9202292 kB
Committed_AS:   76615200 kB
VmallocTotal:   263061440 kB
VmallocUsed:      105900 kB
VmallocChunk:          0 kB
Percpu:             7648 kB
CmaTotal:         294912 kB
CmaFree:               0 kB
MemTotal:       12113136 kB
MemFree:         6348468 kB
MemAvailable:    8059868 kB
Buffers:            5292 kB
Cached:          1916896 kB
SwapCached:            0 kB
Active:          1600872 kB
Inactive:        1613972 kB
Active(anon):    1299240 kB
Inactive(anon):    23600 kB
Active(file):     301632 kB
Inactive(file):  1590372 kB
Unevictable:        5616 kB
Mlocked:            5616 kB
SwapTotal:       3145724 kB
SwapFree:        3145724 kB
Dirty:               392 kB
Writeback:             0 kB
AnonPages:       1298356 kB
Mapped:           878496 kB
Shmem:             25620 kB
KReclaimable:     688100 kB
Slab:             229912 kB
SReclaimable:      79936 kB
SUnreclaim:       149976 kB
KernelStack:       48816 kB
PageTables:        68816 kB
NFS_Unstable:          0 kB
Bounce:                0 kB
WritebackTmp:          0 kB
CommitLimit:     9202292 kB
Committed_AS:   76615032 kB
VmallocTotal:   263061440 kB
VmallocUsed:      105852 kB
VmallocChunk:          0 kB
Percpu:             7648 kB
CmaTotal:         294912 kB
CmaFree:               0 kB
MemTotal:       12113136 kB
MemFree:         6346324 kB
MemAvailable:    8057736 kB
Buffers:            5292 kB
Cached:          1916908 kB
SwapCached:            0 kB
Active:          1601124 kB
Inactive:        1613984 kB
Active(anon):    1299492 kB
Inactive(anon):    23600 kB
Active(file):     301632 kB
Inactive(file):  1590384 kB
Unevictable:        5616 kB
Mlocked:            5616 kB
SwapTotal:       3145724 kB
SwapFree:        3145724 kB
Dirty:               416 kB
Writeback:             0 kB
AnonPages:       1298528 kB
Mapped:           878496 kB
Shmem:             25620 kB
KReclaimable:     688100 kB
Slab:             229924 kB
SReclaimable:      79936 kB
SUnreclaim:       149988 kB
KernelStack:       48816 kB
PageTables:        68804 kB
NFS_Unstable:          0 kB
Bounce:                0 kB
WritebackTmp:          0 kB
CommitLimit:     9202292 kB
Committed_AS:   76615508 kB
VmallocTotal:   263061440 kB
VmallocUsed:      105852 kB
VmallocChunk:          0 kB
Percpu:             7648 kB
CmaTotal:         294912 kB
CmaFree:               0 kB
MemTotal:       12113136 kB
MemFree:         6345960 kB
MemAvailable:    8057384 kB
Buffers:            5292 kB
Cached:          1916936 kB
SwapCached:            0 kB
Active:          1601808 kB
Inactive:        1614012 kB
Active(anon):    1300176 kB
Inactive(anon):    23616 kB
Active(file):     301632 kB
Inactive(file):  1590396 kB
Unevictable:        5616 kB
Mlocked:            5616 kB
SwapTotal:       3145724 kB
SwapFree:        3145724 kB
Dirty:               432 kB
Writeback:             0 kB
AnonPages:       1299256 kB
Mapped:           878512 kB
Shmem:             25636 kB
KReclaimable:     688100 kB
Slab:             229932 kB
SReclaimable:      79936 kB
SUnreclaim:       149996 kB
KernelStack:       48816 kB
PageTables:        68804 kB
NFS_Unstable:          0 kB
Bounce:                0 kB
WritebackTmp:          0 kB
CommitLimit:     9202292 kB
Committed_AS:   76615552 kB
VmallocTotal:   263061440 kB
VmallocUsed:      105868 kB
VmallocChunk:          0 kB
Percpu:             7648 kB
CmaTotal:         294912 kB
CmaFree:               0 kB
MemTotal:       12113136 kB
MemFree:         6344332 kB
MemAvailable:    8055768 kB
Buffers:            5296 kB
Cached:          1916952 kB
SwapCached:            0 kB
Active:          1602696 kB
Inactive:        1614024 kB
Active(anon):    1301064 kB
Inactive(anon):    23616 kB
Active(file):     301632 kB
Inactive(file):  1590408 kB
Unevictable:        5616 kB
Mlocked:            5616 kB
SwapTotal:       3145724 kB
SwapFree:        3145724 kB
Dirty:               460 kB
Writeback:             0 kB
AnonPages:       1300368 kB
Mapped:           878512 kB
Shmem:             25636 kB
KReclaimable:     688100 kB
Slab:             229908 kB
SReclaimable:      79936 kB
SUnreclaim:       149972 kB
KernelStack:       48816 kB
PageTables:        68816 kB
NFS_Unstable:          0 kB
Bounce:                0 kB
WritebackTmp:          0 kB
CommitLimit:     9202292 kB
Committed_AS:   76615684 kB
VmallocTotal:   263061440 kB
VmallocUsed:      105900 kB
VmallocChunk:          0 kB
Percpu:             7648 kB
CmaTotal:         294912 kB
CmaFree:               0 kB
MemTotal:       12113136 kB
MemFree:         6343688 kB
MemAvailable:    8055140 kB
Buffers:            5296 kB
Cached:          1916976 kB
SwapCached:            0 kB
Active:          1602652 kB
Inactive:        1614036 kB
Active(anon):    1301016 kB
Inactive(anon):    23616 kB
Active(file):     301636 kB
Inactive(file):  1590420 kB
Unevictable:        5616 kB
Mlocked:            5616 kB
SwapTotal:       3145724 kB
SwapFree:        3145724 kB
Dirty:               444 kB
Writeback:             0 kB
AnonPages:       1300272 kB
Mapped:           878512 kB
Shmem:             25636 kB
KReclaimable:     688100 kB
Slab:             229944 kB
SReclaimable:      79936 kB
SUnreclaim:       150008 kB
KernelStack:       48816 kB
PageTables:        68816 kB
NFS_Unstable:          0 kB
Bounce:                0 kB
WritebackTmp:          0 kB
CommitLimit:     9202292 kB
Committed_AS:   76615368 kB
VmallocTotal:   263061440 kB
VmallocUsed:      105916 kB
VmallocChunk:          0 kB
Percpu:             7648 kB
CmaTotal:         294912 kB
CmaFree:               0 kB
MemTotal:       12113136 kB
MemFree:         6311980 kB
MemAvailable:    8023460 kB
Buffers:            5296 kB
Cached:          1916652 kB
SwapCached:            0 kB
Active:          1638028 kB
Inactive:        1613968 kB
Active(anon):    1336392 kB
Inactive(anon):    23520 kB
Active(file):     301636 kB
Inactive(file):  1590448 kB
Unevictable:        5616 kB
Mlocked:            5616 kB
SwapTotal:       3145724 kB
SwapFree:        3145724 kB
Dirty:               476 kB
Writeback:             0 kB
AnonPages:       1335640 kB
Mapped:           878420 kB
Shmem:             25300 kB
KReclaimable:     688100 kB
Slab:             229912 kB
SReclaimable:      79936 kB
SUnreclaim:       149976 kB
KernelStack:       48816 kB
PageTables:        68780 kB
NFS_Unstable:          0 kB
Bounce:                0 kB
WritebackTmp:          0 kB
CommitLimit:     9202292 kB
Committed_AS:   76614840 kB
VmallocTotal:   263061440 kB
VmallocUsed:      105900 kB
VmallocChunk:          0 kB
Percpu:             7648 kB
CmaTotal:         294912 kB
CmaFree:              20 kB
MemTotal:       12113136 kB
MemFree:         6306736 kB
MemAvailable:    8018224 kB
Buffers:            5296 kB
Cached:          1916996 kB
SwapCached:            0 kB
Active:          1641324 kB
Inactive:        1614072 kB
Active(anon):    1339688 kB
Inactive(anon):    23616 kB
Active(file):     301636 kB
Inactive(file):  1590456 kB
Unevictable:        5616 kB
Mlocked:            5616 kB
SwapTotal:       3145724 kB
SwapFree:        3145724 kB
Dirty:               484 kB
Writeback:             0 kB
AnonPages:       1338652 kB
Mapped:           878512 kB
Shmem:             25636 kB
KReclaimable:     688100 kB
Slab:             229932 kB
SReclaimable:      79936 kB
SUnreclaim:       149996 kB
KernelStack:       48816 kB
PageTables:        68816 kB
NFS_Unstable:          0 kB
Bounce:                0 kB
WritebackTmp:          0 kB
CommitLimit:     9202292 kB
Committed_AS:   76605308 kB
VmallocTotal:   263061440 kB
VmallocUsed:      105916 kB
VmallocChunk:          0 kB
Percpu:             7648 kB
CmaTotal:         294912 kB
CmaFree:               0 kB
MemTotal:       12113136 kB
MemFree:         6305708 kB
MemAvailable:    8017216 kB
Buffers:            5296 kB
Cached:          1917016 kB
SwapCached:            0 kB
Active:          1642044 kB
Inactive:        1614092 kB
Active(anon):    1340408 kB
Inactive(anon):    23616 kB
Active(file):     301636 kB
Inactive(file):  1590476 kB
Unevictable:        5616 kB
Mlocked:            5616 kB
SwapTotal:       3145724 kB
SwapFree:        3145724 kB
Dirty:               532 kB
Writeback:             0 kB
AnonPages:       1339588 kB
Mapped:           878512 kB
Shmem:             25636 kB
KReclaimable:     688100 kB
Slab:             230036 kB
SReclaimable:      79936 kB
SUnreclaim:       150100 kB
KernelStack:       48768 kB
PageTables:        68804 kB
NFS_Unstable:          0 kB
Bounce:                0 kB
WritebackTmp:          0 kB
CommitLimit:     9202292 kB
Committed_AS:   76615516 kB
VmallocTotal:   263061440 kB
VmallocUsed:      105884 kB
VmallocChunk:          0 kB
Percpu:             7648 kB
CmaTotal:         294912 kB
CmaFree:               0 kB
MemTotal:       12113136 kB
MemFree:         6307660 kB
MemAvailable:    8019172 kB
Buffers:            5296 kB
Cached:          1917020 kB
SwapCached:            0 kB
Active:          1638800 kB
Inactive:        1614100 kB
Active(anon):    1337168 kB
Inactive(anon):    23616 kB
Active(file):     301632 kB
Inactive(file):  1590484 kB
Unevictable:        5616 kB
Mlocked:            5616 kB
SwapTotal:       3145724 kB
SwapFree:        3145724 kB
Dirty:               536 kB
Writeback:             0 kB
AnonPages:       1336268 kB
Mapped:           878672 kB
Shmem:             25636 kB
KReclaimable:     688100 kB
Slab:             229972 kB
SReclaimable:      79936 kB
SUnreclaim:       150036 kB
KernelStack:       48784 kB
PageTables:        68816 kB
NFS_Unstable:          0 kB
Bounce:                0 kB
WritebackTmp:          0 kB
CommitLimit:     9202292 kB
Committed_AS:   76622800 kB
VmallocTotal:   263061440 kB
VmallocUsed:      105868 kB
VmallocChunk:          0 kB
Percpu:             7648 kB
CmaTotal:         294912 kB
CmaFree:               0 kB
MemTotal:       12113136 kB
MemFree:         6308484 kB
MemAvailable:    8020008 kB
Buffers:            5296 kB
Cached:          1917036 kB
SwapCached:            0 kB
Active:          1639564 kB
Inactive:        1614112 kB
Active(anon):    1337928 kB
Inactive(anon):    23620 kB
Active(file):     301636 kB
Inactive(file):  1590492 kB
Unevictable:        5616 kB
Mlocked:            5616 kB
SwapTotal:       3145724 kB
SwapFree:        3145724 kB
Dirty:               552 kB
Writeback:             0 kB
AnonPages:       1337052 kB
Mapped:           878676 kB
Shmem:             25640 kB
KReclaimable:     688100 kB
Slab:             229936 kB
SReclaimable:      79936 kB
SUnreclaim:       150000 kB
KernelStack:       48768 kB
PageTables:        68812 kB
NFS_Unstable:          0 kB
Bounce:                0 kB
WritebackTmp:          0 kB
CommitLimit:     9202292 kB
Committed_AS:   76618700 kB
VmallocTotal:   263061440 kB
VmallocUsed:      105836 kB
VmallocChunk:          0 kB
Percpu:             7648 kB
CmaTotal:         294912 kB
CmaFree:               0 kB
MemTotal:       12113136 kB
MemFree:         6307584 kB
MemAvailable:    8019124 kB
Buffers:            5296 kB
Cached:          1917052 kB
SwapCached:            0 kB
Active:          1640008 kB
Inactive:        1614128 kB
Active(anon):    1338372 kB
Inactive(anon):    23620 kB
Active(file):     301636 kB
Inactive(file):  1590508 kB
Unevictable:        5616 kB
Mlocked:            5616 kB
SwapTotal:       3145724 kB
SwapFree:        3145724 kB
Dirty:               324 kB
Writeback:             0 kB
AnonPages:       1337680 kB
Mapped:           878676 kB
Shmem:             25640 kB
KReclaimable:     688100 kB
Slab:             229936 kB
SReclaimable:      79936 kB
SUnreclaim:       150000 kB
KernelStack:       48768 kB
PageTables:        68816 kB
NFS_Unstable:          0 kB
Bounce:                0 kB
WritebackTmp:          0 kB
CommitLimit:     9202292 kB
Committed_AS:   76618568 kB
VmallocTotal:   263061440 kB
VmallocUsed:      105788 kB
VmallocChunk:          0 kB
Percpu:             7648 kB
CmaTotal:         294912 kB
CmaFree:               0 kB
MemTotal:       12113136 kB
MemFree:         6307512 kB
MemAvailable:    8019064 kB
Buffers:            5296 kB
Cached:          1917064 kB
SwapCached:            0 kB
Active:          1641000 kB
Inactive:        1614140 kB
Active(anon):    1339364 kB
Inactive(anon):    23620 kB
Active(file):     301636 kB
Inactive(file):  1590520 kB
Unevictable:        5616 kB
Mlocked:            5616 kB
SwapTotal:       3145724 kB
SwapFree:        3145724 kB
Dirty:               220 kB
Writeback:             0 kB
AnonPages:       1338232 kB
Mapped:           878676 kB
Shmem:             25640 kB
KReclaimable:     688100 kB
Slab:             229940 kB
SReclaimable:      79936 kB
SUnreclaim:       150004 kB
KernelStack:       48752 kB
PageTables:        68816 kB
NFS_Unstable:          0 kB
Bounce:                0 kB
WritebackTmp:          0 kB
CommitLimit:     9202292 kB
Committed_AS:   76618296 kB
VmallocTotal:   263061440 kB
VmallocUsed:      105804 kB
VmallocChunk:          0 kB
Percpu:             7648 kB
CmaTotal:         294912 kB
CmaFree:               0 kB
MemTotal:       12113136 kB
MemFree:         6306392 kB
MemAvailable:    8017956 kB
Buffers:            5296 kB
Cached:          1917076 kB
SwapCached:            0 kB
Active:          1642200 kB
Inactive:        1614152 kB
Active(anon):    1340564 kB
Inactive(anon):    23620 kB
Active(file):     301636 kB
Inactive(file):  1590532 kB
Unevictable:        5616 kB
Mlocked:            5616 kB
SwapTotal:       3145724 kB
SwapFree:        3145724 kB
Dirty:               268 kB
Writeback:             0 kB
AnonPages:       1339848 kB
Mapped:           878676 kB
Shmem:             25640 kB
KReclaimable:     688100 kB
Slab:             229948 kB
SReclaimable:      79936 kB
SUnreclaim:       150012 kB
KernelStack:       48784 kB
PageTables:        68676 kB
NFS_Unstable:          0 kB
Bounce:                0 kB
WritebackTmp:          0 kB
CommitLimit:     9202292 kB
Committed_AS:   76607132 kB
VmallocTotal:   263061440 kB
VmallocUsed:      105772 kB
VmallocChunk:          0 kB
Percpu:             7648 kB
CmaTotal:         294912 kB
CmaFree:               0 kB
MemTotal:       12113136 kB
MemFree:         6305000 kB
MemAvailable:    8016596 kB
Buffers:            5296 kB
Cached:          1917108 kB
SwapCached:            0 kB
Active:          1642832 kB
Inactive:        1614184 kB
Active(anon):    1341196 kB
Inactive(anon):    23620 kB
Active(file):     301636 kB
Inactive(file):  1590564 kB
Unevictable:        5616 kB
Mlocked:            5616 kB
SwapTotal:       3145724 kB
SwapFree:        3145724 kB
Dirty:               376 kB
Writeback:             0 kB
AnonPages:       1340284 kB
Mapped:           878676 kB
Shmem:             25640 kB
KReclaimable:     688100 kB
Slab:             229940 kB
SReclaimable:      79936 kB
SUnreclaim:       150004 kB
KernelStack:       48752 kB
PageTables:        68804 kB
NFS_Unstable:          0 kB
Bounce:                0 kB
WritebackTmp:          0 kB
CommitLimit:     9202292 kB
Committed_AS:   76612924 kB
VmallocTotal:   263061440 kB
VmallocUsed:      105788 kB
VmallocChunk:          0 kB
Percpu:             7648 kB
CmaTotal:         294912 kB
CmaFree:               0 kB
MemTotal:       12113136 kB
MemFree:         6316744 kB
MemAvailable:    8028348 kB
Buffers:            5296 kB
Cached:          1917116 kB
SwapCached:            0 kB
Active:          1629196 kB
Inactive:        1614192 kB
Active(anon):    1327560 kB
Inactive(anon):    23620 kB
Active(file):     301636 kB
Inactive(file):  1590572 kB
Unevictable:        5616 kB
Mlocked:            5616 kB
SwapTotal:       3145724 kB
SwapFree:        3145724 kB
Dirty:               388 kB
Writeback:             0 kB
AnonPages:       1326964 kB
Mapped:           878676 kB
Shmem:             25640 kB
KReclaimable:     688100 kB
Slab:             229948 kB
SReclaimable:      79936 kB
SUnreclaim:       150012 kB
KernelStack:       48752 kB
PageTables:        68808 kB
NFS_Unstable:          0 kB
Bounce:                0 kB
WritebackTmp:          0 kB
CommitLimit:     9202292 kB
Committed_AS:   76616644 kB
VmallocTotal:   263061440 kB
VmallocUsed:      105836 kB
VmallocChunk:          0 kB
Percpu:             7648 kB
CmaTotal:         294912 kB
CmaFree:             756 kB
MemTotal:       12113136 kB
MemFree:         6317144 kB
MemAvailable:    8028760 kB
Buffers:            5296 kB
Cached:          1917128 kB
SwapCached:            0 kB
Active:          1629672 kB
Inactive:        1614204 kB
Active(anon):    1328036 kB
Inactive(anon):    23620 kB
Active(file):     301636 kB
Inactive(file):  1590584 kB
Unevictable:        5616 kB
Mlocked:            5616 kB
SwapTotal:       3145724 kB
SwapFree:        3145724 kB
Dirty:               404 kB
Writeback:             0 kB
AnonPages:       1327212 kB
Mapped:           878676 kB
Shmem:             25640 kB
KReclaimable:     688100 kB
Slab:             229940 kB
SReclaimable:      79936 kB
SUnreclaim:       150004 kB
KernelStack:       48752 kB
PageTables:        68820 kB
NFS_Unstable:          0 kB
Bounce:                0 kB
WritebackTmp:          0 kB
CommitLimit:     9202292 kB
Committed_AS:   76619524 kB
VmallocTotal:   263061440 kB
VmallocUsed:      105852 kB
VmallocChunk:          0 kB
Percpu:             7648 kB
CmaTotal:         294912 kB
CmaFree:             136 kB
MemTotal:       12113136 kB
MemFree:         6316552 kB
MemAvailable:    8028184 kB
Buffers:            5296 kB
Cached:          1917144 kB
SwapCached:            0 kB
Active:          1630360 kB
Inactive:        1614220 kB
Active(anon):    1328724 kB
Inactive(anon):    23620 kB
Active(file):     301636 kB
Inactive(file):  1590600 kB
Unevictable:        5616 kB
Mlocked:            5616 kB
SwapTotal:       3145724 kB
SwapFree:        3145724 kB
Dirty:               260 kB
Writeback:             0 kB
AnonPages:       1327828 kB
Mapped:           878676 kB
Shmem:             25640 kB
KReclaimable:     688100 kB
Slab:             229948 kB
SReclaimable:      79936 kB
SUnreclaim:       150012 kB
KernelStack:       48752 kB
PageTables:        68820 kB
NFS_Unstable:          0 kB
Bounce:                0 kB
WritebackTmp:          0 kB
CommitLimit:     9202292 kB
Committed_AS:   76619652 kB
VmallocTotal:   263061440 kB
VmallocUsed:      105820 kB
VmallocChunk:          0 kB
Percpu:             7648 kB
CmaTotal:         294912 kB
CmaFree:               0 kB
MemTotal:       12113136 kB
MemFree:         6325376 kB
MemAvailable:    8037020 kB
Buffers:            5296 kB
Cached:          1917164 kB
SwapCached:            0 kB
Active:          1621432 kB
Inactive:        1614240 kB
Active(anon):    1319796 kB
Inactive(anon):    23628 kB
Active(file):     301636 kB
Inactive(file):  1590612 kB
Unevictable:        5616 kB
Mlocked:            5616 kB
SwapTotal:       3145724 kB
SwapFree:        3145724 kB
Dirty:               280 kB
Writeback:             0 kB
AnonPages:       1318380 kB
Mapped:           878684 kB
Shmem:             25648 kB
KReclaimable:     688100 kB
Slab:             229960 kB
SReclaimable:      79936 kB
SUnreclaim:       150024 kB
KernelStack:       48736 kB
PageTables:        68808 kB
NFS_Unstable:          0 kB
Bounce:                0 kB
WritebackTmp:          0 kB
CommitLimit:     9202292 kB
Committed_AS:   76609744 kB
VmallocTotal:   263061440 kB
VmallocUsed:      105804 kB
VmallocChunk:          0 kB
Percpu:             7648 kB
CmaTotal:         294912 kB
CmaFree:               0 kB
MemTotal:       12113136 kB
MemFree:         6324764 kB
MemAvailable:    8036428 kB
Buffers:            5300 kB
Cached:          1917180 kB
SwapCached:            0 kB
Active:          1621968 kB
Inactive:        1614256 kB
Active(anon):    1320328 kB
Inactive(anon):    23628 kB
Active(file):     301640 kB
Inactive(file):  1590628 kB
Unevictable:        5616 kB
Mlocked:            5616 kB
SwapTotal:       3145724 kB
SwapFree:        3145724 kB
Dirty:               360 kB
Writeback:             0 kB
AnonPages:       1319444 kB
Mapped:           878684 kB
Shmem:             25648 kB
KReclaimable:     688100 kB
Slab:             229960 kB
SReclaimable:      79936 kB
SUnreclaim:       150024 kB
KernelStack:       48752 kB
PageTables:        68896 kB
NFS_Unstable:          0 kB
Bounce:                0 kB
WritebackTmp:          0 kB
CommitLimit:     9202292 kB
Committed_AS:   76613880 kB
VmallocTotal:   263061440 kB
VmallocUsed:      105820 kB
VmallocChunk:          0 kB
Percpu:             7648 kB
CmaTotal:         294912 kB
CmaFree:               0 kB
MemTotal:       12113136 kB
MemFree:         6325060 kB
MemAvailable:    8036748 kB
Buffers:            5300 kB
Cached:          1917204 kB
SwapCached:            0 kB
Active:          1621820 kB
Inactive:        1614280 kB
Active(anon):    1320180 kB
Inactive(anon):    23628 kB
Active(file):     301640 kB
Inactive(file):  1590652 kB
Unevictable:        5616 kB
Mlocked:            5616 kB
SwapTotal:       3145724 kB
SwapFree:        3145724 kB
Dirty:               364 kB
Writeback:             0 kB
AnonPages:       1319460 kB
Mapped:           878684 kB
Shmem:             25648 kB
KReclaimable:     688100 kB
Slab:             229956 kB
SReclaimable:      79936 kB
SUnreclaim:       150020 kB
KernelStack:       48752 kB
PageTables:        68812 kB
NFS_Unstable:          0 kB
Bounce:                0 kB
WritebackTmp:          0 kB
CommitLimit:     9202292 kB
Committed_AS:   76608444 kB
VmallocTotal:   263061440 kB
VmallocUsed:      105804 kB
VmallocChunk:          0 kB
Percpu:             7648 kB
CmaTotal:         294912 kB
CmaFree:               0 kB
MemTotal:       12113136 kB
MemFree:         6324164 kB
MemAvailable:    8035860 kB
Buffers:            5300 kB
Cached:          1917212 kB
SwapCached:            0 kB
Active:          1622316 kB
Inactive:        1614288 kB
Active(anon):    1320676 kB
Inactive(anon):    23628 kB
Active(file):     301640 kB
Inactive(file):  1590660 kB
Unevictable:        5616 kB
Mlocked:            5616 kB
SwapTotal:       3145724 kB
SwapFree:        3145724 kB
Dirty:               372 kB
Writeback:             0 kB
AnonPages:       1319632 kB
Mapped:           878684 kB
Shmem:             25648 kB
KReclaimable:     688100 kB
Slab:             229960 kB
SReclaimable:      79936 kB
SUnreclaim:       150024 kB
KernelStack:       48752 kB
PageTables:        68812 kB
NFS_Unstable:          0 kB
Bounce:                0 kB
WritebackTmp:          0 kB
CommitLimit:     9202292 kB
Committed_AS:   76613840 kB
VmallocTotal:   263061440 kB
VmallocUsed:      105836 kB
VmallocChunk:          0 kB
Percpu:             7648 kB
CmaTotal:         294912 kB
CmaFree:               0 kB
MemTotal:       12113136 kB
MemFree:         6324444 kB
MemAvailable:    8036156 kB
Buffers:            5300 kB
Cached:          1917228 kB
SwapCached:            0 kB
Active:          1623152 kB
Inactive:        1614300 kB
Active(anon):    1321508 kB
Inactive(anon):    23628 kB
Active(file):     301644 kB
Inactive(file):  1590672 kB
Unevictable:        5616 kB
Mlocked:            5616 kB
SwapTotal:       3145724 kB
SwapFree:        3145724 kB
Dirty:               388 kB
Writeback:             0 kB
AnonPages:       1320752 kB
Mapped:           878684 kB
Shmem:             25648 kB
KReclaimable:     688100 kB
Slab:             229960 kB
SReclaimable:      79936 kB
SUnreclaim:       150024 kB
KernelStack:       48752 kB
PageTables:        68816 kB
NFS_Unstable:          0 kB
Bounce:                0 kB
WritebackTmp:          0 kB
CommitLimit:     9202292 kB
Committed_AS:   76613708 kB
VmallocTotal:   263061440 kB
VmallocUsed:      105852 kB
VmallocChunk:          0 kB
Percpu:             7648 kB
CmaTotal:         294912 kB
CmaFree:               0 kB
MemTotal:       12113136 kB
MemFree:         6324896 kB
MemAvailable:    8036616 kB
Buffers:            5300 kB
Cached:          1917240 kB
SwapCached:            0 kB
Active:          1621444 kB
Inactive:        1614316 kB
Active(anon):    1319804 kB
Inactive(anon):    23632 kB
Active(file):     301640 kB
Inactive(file):  1590684 kB
Unevictable:        5616 kB
Mlocked:            5616 kB
SwapTotal:       3145724 kB
SwapFree:        3145724 kB
Dirty:               412 kB
Writeback:             0 kB
AnonPages:       1318864 kB
Mapped:           878688 kB
Shmem:             25652 kB
KReclaimable:     688100 kB
Slab:             229972 kB
SReclaimable:      79936 kB
SUnreclaim:       150036 kB
KernelStack:       48752 kB
PageTables:        68816 kB
NFS_Unstable:          0 kB
Bounce:                0 kB
WritebackTmp:          0 kB
CommitLimit:     9202292 kB
Committed_AS:   76610168 kB
VmallocTotal:   263061440 kB
VmallocUsed:      105868 kB
VmallocChunk:          0 kB
Percpu:             7648 kB
CmaTotal:         294912 kB
CmaFree:               0 kB
MemTotal:       12113136 kB
MemFree:         6326800 kB
MemAvailable:    8038524 kB
Buffers:            5300 kB
Cached:          1917244 kB
SwapCached:            0 kB
Active:          1622000 kB
Inactive:        1614320 kB
Active(anon):    1320360 kB
Inactive(anon):    23632 kB
Active(file):     301640 kB
Inactive(file):  1590688 kB
Unevictable:        5616 kB
Mlocked:            5616 kB
SwapTotal:       3145724 kB
SwapFree:        3145724 kB
Dirty:               444 kB
Writeback:             0 kB
AnonPages:       1319436 kB
Mapped:           878688 kB
Shmem:             25652 kB
KReclaimable:     688100 kB
Slab:             229968 kB
SReclaimable:      79936 kB
SUnreclaim:       150032 kB
KernelStack:       48816 kB
PageTables:        68828 kB
NFS_Unstable:          0 kB
Bounce:                0 kB
WritebackTmp:          0 kB
CommitLimit:     9202292 kB
Committed_AS:   76611200 kB
VmallocTotal:   263061440 kB
VmallocUsed:      105820 kB
VmallocChunk:          0 kB
Percpu:             7648 kB
CmaTotal:         294912 kB
CmaFree:              40 kB
MemTotal:       12113136 kB
MemFree:         6324672 kB
MemAvailable:    8036416 kB
Buffers:            5300 kB
Cached:          1917264 kB
SwapCached:            0 kB
Active:          1622864 kB
Inactive:        1614340 kB
Active(anon):    1321224 kB
Inactive(anon):    23632 kB
Active(file):     301640 kB
Inactive(file):  1590708 kB
Unevictable:        5616 kB
Mlocked:            5616 kB
SwapTotal:       3145724 kB
SwapFree:        3145724 kB
Dirty:               512 kB
Writeback:             0 kB
AnonPages:       1320452 kB
Mapped:           878688 kB
Shmem:             25652 kB
KReclaimable:     688100 kB
Slab:             229980 kB
SReclaimable:      79936 kB
SUnreclaim:       150044 kB
KernelStack:       48752 kB
PageTables:        68812 kB
NFS_Unstable:          0 kB
Bounce:                0 kB
WritebackTmp:          0 kB
CommitLimit:     9202292 kB
Committed_AS:   76615832 kB
VmallocTotal:   263061440 kB
VmallocUsed:      105852 kB
VmallocChunk:          0 kB
Percpu:             7648 kB
CmaTotal:         294912 kB
CmaFree:               0 kB
MemTotal:       12113136 kB
MemFree:         6350172 kB
MemAvailable:    8061924 kB
Buffers:            5300 kB
Cached:          1917272 kB
SwapCached:            0 kB
Active:          1595824 kB
Inactive:        1614348 kB
Active(anon):    1294184 kB
Inactive(anon):    23632 kB
Active(file):     301640 kB
Inactive(file):  1590716 kB
Unevictable:        5616 kB
Mlocked:            5616 kB
SwapTotal:       3145724 kB
SwapFree:        3145724 kB
Dirty:               272 kB
Writeback:             0 kB
AnonPages:       1293364 kB
Mapped:           878688 kB
Shmem:             25652 kB
KReclaimable:     688100 kB
Slab:             229976 kB
SReclaimable:      79936 kB
SUnreclaim:       150040 kB
KernelStack:       48752 kB
PageTables:        68812 kB
NFS_Unstable:          0 kB
Bounce:                0 kB
WritebackTmp:          0 kB
CommitLimit:     9202292 kB
Committed_AS:   76615528 kB
VmallocTotal:   263061440 kB
VmallocUsed:      105884 kB
VmallocChunk:          0 kB
Percpu:             7648 kB
CmaTotal:         294912 kB
CmaFree:               4 kB
MemTotal:       12113136 kB
MemFree:         6350456 kB
MemAvailable:    8062252 kB
Buffers:            5300 kB
Cached:          1917284 kB
SwapCached:            0 kB
Active:          1596600 kB
Inactive:        1614360 kB
Active(anon):    1294960 kB
Inactive(anon):    23632 kB
Active(file):     301640 kB
Inactive(file):  1590728 kB
Unevictable:        5616 kB
Mlocked:            5616 kB
SwapTotal:       3145724 kB
SwapFree:        3145724 kB
Dirty:               240 kB
Writeback:             0 kB
AnonPages:       1294176 kB
Mapped:           878688 kB
Shmem:             25652 kB
KReclaimable:     688100 kB
Slab:             229976 kB
SReclaimable:      79936 kB
SUnreclaim:       150040 kB
KernelStack:       48752 kB
PageTables:        68808 kB
NFS_Unstable:          0 kB
Bounce:                0 kB
WritebackTmp:          0 kB
CommitLimit:     9202292 kB
Committed_AS:   76615836 kB
VmallocTotal:   263061440 kB
VmallocUsed:      105836 kB
VmallocChunk:          0 kB
Percpu:             7648 kB
CmaTotal:         294912 kB
CmaFree:               0 kB
MemTotal:       12113136 kB
MemFree:         6349000 kB
MemAvailable:    8060780 kB
Buffers:            5300 kB
Cached:          1917300 kB
SwapCached:            0 kB
Active:          1597464 kB
Inactive:        1614376 kB
Active(anon):    1295824 kB
Inactive(anon):    23632 kB
Active(file):     301640 kB
Inactive(file):  1590744 kB
Unevictable:        5616 kB
Mlocked:            5616 kB
SwapTotal:       3145724 kB
SwapFree:        3145724 kB
Dirty:               260 kB
Writeback:             0 kB
AnonPages:       1294940 kB
Mapped:           878688 kB
Shmem:             25652 kB
KReclaimable:     688100 kB
Slab:             229996 kB
SReclaimable:      79936 kB
SUnreclaim:       150060 kB
KernelStack:       48752 kB
PageTables:        68808 kB
NFS_Unstable:          0 kB
Bounce:                0 kB
WritebackTmp:          0 kB
CommitLimit:     9202292 kB
Committed_AS:   76615568 kB
VmallocTotal:   263061440 kB
VmallocUsed:      105836 kB
VmallocChunk:          0 kB
Percpu:             7648 kB
CmaTotal:         294912 kB
CmaFree:               0 kB
MemTotal:       12113136 kB
MemFree:         6349496 kB
MemAvailable:    8061288 kB
Buffers:            5300 kB
Cached:          1917316 kB
SwapCached:            0 kB
Active:          1597984 kB
Inactive:        1614392 kB
Active(anon):    1296344 kB
Inactive(anon):    23636 kB
Active(file):     301640 kB
Inactive(file):  1590756 kB
Unevictable:        5616 kB
Mlocked:            5616 kB
SwapTotal:       3145724 kB
SwapFree:        3145724 kB
Dirty:               352 kB
Writeback:             0 kB
AnonPages:       1295412 kB
Mapped:           878692 kB
Shmem:             25656 kB
KReclaimable:     688100 kB
Slab:             229980 kB
SReclaimable:      79936 kB
SUnreclaim:       150044 kB
KernelStack:       48736 kB
PageTables:        68760 kB
NFS_Unstable:          0 kB
Bounce:                0 kB
WritebackTmp:          0 kB
CommitLimit:     9202292 kB
Committed_AS:   76605148 kB
VmallocTotal:   263061440 kB
VmallocUsed:      105820 kB
VmallocChunk:          0 kB
Percpu:             7648 kB
CmaTotal:         294912 kB
CmaFree:               0 kB
MemTotal:       12113136 kB
MemFree:         6348444 kB
MemAvailable:    8060260 kB
Buffers:            5300 kB
Cached:          1917340 kB
SwapCached:            0 kB
Active:          1598692 kB
Inactive:        1614416 kB
Active(anon):    1297052 kB
Inactive(anon):    23636 kB
Active(file):     301640 kB
Inactive(file):  1590780 kB
Unevictable:        5616 kB
Mlocked:            5616 kB
SwapTotal:       3145724 kB
SwapFree:        3145724 kB
Dirty:               392 kB
Writeback:             0 kB
AnonPages:       1296376 kB
Mapped:           878692 kB
Shmem:             25656 kB
KReclaimable:     688100 kB
Slab:             229980 kB
SReclaimable:      79936 kB
SUnreclaim:       150044 kB
KernelStack:       48752 kB
PageTables:        68812 kB
NFS_Unstable:          0 kB
Bounce:                0 kB
WritebackTmp:          0 kB
CommitLimit:     9202292 kB
Committed_AS:   76604928 kB
VmallocTotal:   263061440 kB
VmallocUsed:      105804 kB
VmallocChunk:          0 kB
Percpu:             7648 kB
CmaTotal:         294912 kB
CmaFree:               0 kB
MemTotal:       12113136 kB
MemFree:         6347428 kB
MemAvailable:    8059260 kB
Buffers:            5300 kB
Cached:          1917356 kB
SwapCached:            0 kB
Active:          1599684 kB
Inactive:        1614432 kB
Active(anon):    1298044 kB
Inactive(anon):    23636 kB
Active(file):     301640 kB
Inactive(file):  1590796 kB
Unevictable:        5616 kB
Mlocked:            5616 kB
SwapTotal:       3145724 kB
SwapFree:        3145724 kB
Dirty:               412 kB
Writeback:             0 kB
AnonPages:       1297192 kB
Mapped:           878692 kB
Shmem:             25656 kB
KReclaimable:     688100 kB
Slab:             229992 kB
SReclaimable:      79936 kB
SUnreclaim:       150056 kB
KernelStack:       48752 kB
PageTables:        68812 kB
NFS_Unstable:          0 kB
Bounce:                0 kB
WritebackTmp:          0 kB
CommitLimit:     9202292 kB
Committed_AS:   76610088 kB
VmallocTotal:   263061440 kB
VmallocUsed:      105836 kB
VmallocChunk:          0 kB
Percpu:             7648 kB
CmaTotal:         294912 kB
CmaFree:               0 kB
MemTotal:       12113136 kB
MemFree:         6346836 kB
MemAvailable:    8058680 kB
Buffers:            5300 kB
Cached:          1917368 kB
SwapCached:            0 kB
Active:          1600464 kB
Inactive:        1614444 kB
Active(anon):    1298824 kB
Inactive(anon):    23636 kB
Active(file):     301640 kB
Inactive(file):  1590808 kB
Unevictable:        5616 kB
Mlocked:            5616 kB
SwapTotal:       3145724 kB
SwapFree:        3145724 kB
Dirty:               268 kB
Writeback:             0 kB
AnonPages:       1298052 kB
Mapped:           878692 kB
Shmem:             25656 kB
KReclaimable:     688100 kB
Slab:             229992 kB
SReclaimable:      79936 kB
SUnreclaim:       150056 kB
KernelStack:       48752 kB
PageTables:        68812 kB
NFS_Unstable:          0 kB
Bounce:                0 kB
WritebackTmp:          0 kB
CommitLimit:     9202292 kB
Committed_AS:   76610132 kB
VmallocTotal:   263061440 kB
VmallocUsed:      105852 kB
VmallocChunk:          0 kB
Percpu:             7648 kB
CmaTotal:         294912 kB
CmaFree:               0 kB
MemTotal:       12113136 kB
MemFree:         6347656 kB
MemAvailable:    8059508 kB
Buffers:            5300 kB
Cached:          1917380 kB
SwapCached:            0 kB
Active:          1600908 kB
Inactive:        1614456 kB
Active(anon):    1299268 kB
Inactive(anon):    23640 kB
Active(file):     301640 kB
Inactive(file):  1590816 kB
Unevictable:        5616 kB
Mlocked:            5616 kB
SwapTotal:       3145724 kB
SwapFree:        3145724 kB
Dirty:               320 kB
Writeback:             0 kB
AnonPages:       1298372 kB
Mapped:           878696 kB
Shmem:             25660 kB
KReclaimable:     688100 kB
Slab:             229988 kB
SReclaimable:      79936 kB
SUnreclaim:       150052 kB
KernelStack:       48752 kB
PageTables:        68808 kB
NFS_Unstable:          0 kB
Bounce:                0 kB
WritebackTmp:          0 kB
CommitLimit:     9202292 kB
Committed_AS:   76604384 kB
VmallocTotal:   263061440 kB
VmallocUsed:      105852 kB
VmallocChunk:          0 kB
Percpu:             7648 kB
CmaTotal:         294912 kB
CmaFree:               0 kB
MemTotal:       12113136 kB
MemFree:         6345084 kB
MemAvailable:    8056944 kB
Buffers:            5300 kB
Cached:          1917388 kB
SwapCached:            0 kB
Active:          1601564 kB
Inactive:        1614464 kB
Active(anon):    1299924 kB
Inactive(anon):    23640 kB
Active(file):     301640 kB
Inactive(file):  1590824 kB
Unevictable:        5616 kB
Mlocked:            5616 kB
SwapTotal:       3145724 kB
SwapFree:        3145724 kB
Dirty:               332 kB
Writeback:             0 kB
AnonPages:       1299040 kB
Mapped:           878696 kB
Shmem:             25660 kB
KReclaimable:     688100 kB
Slab:             229992 kB
SReclaimable:      79936 kB
SUnreclaim:       150056 kB
KernelStack:       48752 kB
PageTables:        68820 kB
NFS_Unstable:          0 kB
Bounce:                0 kB
WritebackTmp:          0 kB
CommitLimit:     9202292 kB
Committed_AS:   76609916 kB
VmallocTotal:   263061440 kB
VmallocUsed:      105852 kB
VmallocChunk:          0 kB
Percpu:             7648 kB
CmaTotal:         294912 kB
CmaFree:               0 kB
MemTotal:       12113136 kB
MemFree:         6344948 kB
MemAvailable:    8056816 kB
Buffers:            5300 kB
Cached:          1917404 kB
SwapCached:            0 kB
Active:          1602536 kB
Inactive:        1614480 kB
Active(anon):    1300900 kB
Inactive(anon):    23644 kB
Active(file):     301636 kB
Inactive(file):  1590836 kB
Unevictable:        5616 kB
Mlocked:            5616 kB
SwapTotal:       3145724 kB
SwapFree:        3145724 kB
Dirty:               344 kB
Writeback:             0 kB
AnonPages:       1299896 kB
Mapped:           878700 kB
Shmem:             25664 kB
KReclaimable:     688100 kB
Slab:             229992 kB
SReclaimable:      79936 kB
SUnreclaim:       150056 kB
KernelStack:       48752 kB
PageTables:        68812 kB
NFS_Unstable:          0 kB
Bounce:                0 kB
WritebackTmp:          0 kB
CommitLimit:     9202292 kB
Committed_AS:   76609520 kB
VmallocTotal:   263061440 kB
VmallocUsed:      105820 kB
