MemTotal:       12113144 kB
MemFree:         6383816 kB
MemAvailable:    8079644 kB
Buffers:            6820 kB
Cached:          1711292 kB
SwapCached:            0 kB
Active:          1493728 kB
Inactive:        1499780 kB
Active(anon):    1281828 kB
Inactive(anon):    22100 kB
Active(file):     211900 kB
Inactive(file):  1477680 kB
Unevictable:        5528 kB
Mlocked:            5528 kB
SwapTotal:       3145724 kB
SwapFree:        3145724 kB
Dirty:               464 kB
Writeback:             0 kB
AnonPages:       1281144 kB
Mapped:           813128 kB
Shmem:             24040 kB
KReclaimable:     874952 kB
Slab:             206016 kB
SReclaimable:      68220 kB
SUnreclaim:       137796 kB
KernelStack:       42736 kB
PageTables:        56676 kB
NFS_Unstable:          0 kB
Bounce:                0 kB
WritebackTmp:          0 kB
CommitLimit:     9202296 kB
Committed_AS:   56770824 kB
VmallocTotal:   263061440 kB
VmallocUsed:       99592 kB
VmallocChunk:          0 kB
Percpu:             7616 kB
CmaTotal:         294912 kB
CmaFree:               0 kB
MemTotal:       12113144 kB
MemFree:         6381860 kB
MemAvailable:    8077688 kB
Buffers:            6820 kB
Cached:          1711292 kB
SwapCached:            0 kB
Active:          1494504 kB
Inactive:        1499780 kB
Active(anon):    1282604 kB
Inactive(anon):    22100 kB
Active(file):     211900 kB
Inactive(file):  1477680 kB
Unevictable:        5528 kB
Mlocked:            5528 kB
SwapTotal:       3145724 kB
SwapFree:        3145724 kB
Dirty:               464 kB
Writeback:             0 kB
AnonPages:       1281916 kB
Mapped:           810936 kB
Shmem:             24040 kB
KReclaimable:     874952 kB
Slab:             206024 kB
SReclaimable:      68220 kB
SUnreclaim:       137804 kB
KernelStack:       42704 kB
PageTables:        56564 kB
NFS_Unstable:          0 kB
Bounce:                0 kB
WritebackTmp:          0 kB
CommitLimit:     9202296 kB
Committed_AS:   56775992 kB
VmallocTotal:   263061440 kB
VmallocUsed:       99624 kB
VmallocChunk:          0 kB
Percpu:             7616 kB
CmaTotal:         294912 kB
CmaFree:               0 kB
MemTotal:       12113144 kB
MemFree:         6382244 kB
MemAvailable:    8078072 kB
Buffers:            6820 kB
Cached:          1711292 kB
SwapCached:            0 kB
Active:          1494896 kB
Inactive:        1499780 kB
Active(anon):    1282996 kB
Inactive(anon):    22100 kB
Active(file):     211900 kB
Inactive(file):  1477680 kB
Unevictable:        5528 kB
Mlocked:            5528 kB
SwapTotal:       3145724 kB
SwapFree:        3145724 kB
Dirty:               464 kB
Writeback:             0 kB
AnonPages:       1282140 kB
Mapped:           811196 kB
Shmem:             24040 kB
KReclaimable:     874952 kB
Slab:             206016 kB
SReclaimable:      68220 kB
SUnreclaim:       137796 kB
KernelStack:       42704 kB
PageTables:        56552 kB
NFS_Unstable:          0 kB
Bounce:                0 kB
WritebackTmp:          0 kB
CommitLimit:     9202296 kB
Committed_AS:   56775816 kB
VmallocTotal:   263061440 kB
VmallocUsed:       99592 kB
VmallocChunk:          0 kB
Percpu:             7616 kB
CmaTotal:         294912 kB
CmaFree:               0 kB
MemTotal:       12113144 kB
MemFree:         6381636 kB
MemAvailable:    8077476 kB
Buffers:            6824 kB
Cached:          1711300 kB
SwapCached:            0 kB
Active:          1495376 kB
Inactive:        1499788 kB
Active(anon):    1283472 kB
Inactive(anon):    22100 kB
Active(file):     211904 kB
Inactive(file):  1477688 kB
Unevictable:        5528 kB
Mlocked:            5528 kB
SwapTotal:       3145724 kB
SwapFree:        3145724 kB
Dirty:               400 kB
Writeback:             0 kB
AnonPages:       1282596 kB
Mapped:           811196 kB
Shmem:             24040 kB
KReclaimable:     874952 kB
Slab:             206024 kB
SReclaimable:      68220 kB
SUnreclaim:       137804 kB
KernelStack:       42704 kB
PageTables:        56552 kB
NFS_Unstable:          0 kB
Bounce:                0 kB
WritebackTmp:          0 kB
CommitLimit:     9202296 kB
Committed_AS:   56775216 kB
VmallocTotal:   263061440 kB
VmallocUsed:       99592 kB
VmallocChunk:          0 kB
Percpu:             7616 kB
CmaTotal:         294912 kB
CmaFree:               0 kB
MemTotal:       12113144 kB
MemFree:         6380500 kB
MemAvailable:    8076340 kB
Buffers:            6824 kB
Cached:          1711300 kB
SwapCached:            0 kB
Active:          1496252 kB
Inactive:        1499788 kB
Active(anon):    1284348 kB
Inactive(anon):    22100 kB
Active(file):     211904 kB
Inactive(file):  1477688 kB
Unevictable:        5528 kB
Mlocked:            5528 kB
SwapTotal:       3145724 kB
SwapFree:        3145724 kB
Dirty:               404 kB
Writeback:             0 kB
AnonPages:       1283540 kB
Mapped:           811196 kB
Shmem:             24040 kB
KReclaimable:     874952 kB
Slab:             206024 kB
SReclaimable:      68220 kB
SUnreclaim:       137804 kB
KernelStack:       42720 kB
PageTables:        56552 kB
NFS_Unstable:          0 kB
Bounce:                0 kB
WritebackTmp:          0 kB
CommitLimit:     9202296 kB
Committed_AS:   56775216 kB
VmallocTotal:   263061440 kB
VmallocUsed:       99592 kB
VmallocChunk:          0 kB
Percpu:             7616 kB
CmaTotal:         294912 kB
CmaFree:               0 kB
MemTotal:       12113144 kB
MemFree:         6380984 kB
MemAvailable:    8076824 kB
Buffers:            6824 kB
Cached:          1711300 kB
SwapCached:            0 kB
Active:          1496828 kB
Inactive:        1499788 kB
Active(anon):    1284924 kB
Inactive(anon):    22100 kB
Active(file):     211904 kB
Inactive(file):  1477688 kB
Unevictable:        5528 kB
Mlocked:            5528 kB
SwapTotal:       3145724 kB
SwapFree:        3145724 kB
Dirty:               404 kB
Writeback:             0 kB
AnonPages:       1284176 kB
Mapped:           811180 kB
Shmem:             24040 kB
KReclaimable:     874952 kB
Slab:             206024 kB
SReclaimable:      68220 kB
SUnreclaim:       137804 kB
KernelStack:       42720 kB
PageTables:        56484 kB
NFS_Unstable:          0 kB
Bounce:                0 kB
WritebackTmp:          0 kB
CommitLimit:     9202296 kB
Committed_AS:   56774484 kB
VmallocTotal:   263061440 kB
VmallocUsed:       99624 kB
VmallocChunk:          0 kB
Percpu:             7616 kB
CmaTotal:         294912 kB
CmaFree:               0 kB
MemTotal:       12113144 kB
MemFree:         6380312 kB
MemAvailable:    8076152 kB
Buffers:            6824 kB
Cached:          1711300 kB
SwapCached:            0 kB
Active:          1497232 kB
Inactive:        1499788 kB
Active(anon):    1285328 kB
Inactive(anon):    22100 kB
Active(file):     211904 kB
Inactive(file):  1477688 kB
Unevictable:        5528 kB
Mlocked:            5528 kB
SwapTotal:       3145724 kB
SwapFree:        3145724 kB
Dirty:               408 kB
Writeback:             0 kB
AnonPages:       1284484 kB
Mapped:           811068 kB
Shmem:             24040 kB
KReclaimable:     874952 kB
Slab:             206024 kB
SReclaimable:      68220 kB
SUnreclaim:       137804 kB
KernelStack:       42752 kB
PageTables:        56580 kB
NFS_Unstable:          0 kB
Bounce:                0 kB
WritebackTmp:          0 kB
CommitLimit:     9202296 kB
Committed_AS:   56774264 kB
VmallocTotal:   263061440 kB
VmallocUsed:       99624 kB
VmallocChunk:          0 kB
Percpu:             7616 kB
CmaTotal:         294912 kB
CmaFree:               0 kB
MemTotal:       12113144 kB
MemFree:         6379400 kB
MemAvailable:    8075240 kB
Buffers:            6824 kB
Cached:          1711300 kB
SwapCached:            0 kB
Active:          1497564 kB
Inactive:        1499788 kB
Active(anon):    1285660 kB
Inactive(anon):    22100 kB
Active(file):     211904 kB
Inactive(file):  1477688 kB
Unevictable:        5528 kB
Mlocked:            5528 kB
SwapTotal:       3145724 kB
SwapFree:        3145724 kB
Dirty:               416 kB
Writeback:             0 kB
AnonPages:       1284836 kB
Mapped:           811196 kB
Shmem:             24040 kB
KReclaimable:     874952 kB
Slab:             206024 kB
SReclaimable:      68220 kB
SUnreclaim:       137804 kB
KernelStack:       42720 kB
PageTables:        56560 kB
NFS_Unstable:          0 kB
Bounce:                0 kB
WritebackTmp:          0 kB
CommitLimit:     9202296 kB
Committed_AS:   56773764 kB
VmallocTotal:   263061440 kB
VmallocUsed:       99624 kB
VmallocChunk:          0 kB
Percpu:             7616 kB
CmaTotal:         294912 kB
CmaFree:               0 kB
MemTotal:       12113144 kB
MemFree:         6378232 kB
MemAvailable:    8074072 kB
Buffers:            6824 kB
Cached:          1711300 kB
SwapCached:            0 kB
Active:          1497996 kB
Inactive:        1499788 kB
Active(anon):    1286092 kB
Inactive(anon):    22100 kB
Active(file):     211904 kB
Inactive(file):  1477688 kB
Unevictable:        5528 kB
Mlocked:            5528 kB
SwapTotal:       3145724 kB
SwapFree:        3145724 kB
Dirty:               440 kB
Writeback:             0 kB
AnonPages:       1285288 kB
Mapped:           811196 kB
Shmem:             24040 kB
KReclaimable:     874952 kB
Slab:             206024 kB
SReclaimable:      68220 kB
SUnreclaim:       137804 kB
KernelStack:       42720 kB
PageTables:        56560 kB
NFS_Unstable:          0 kB
Bounce:                0 kB
WritebackTmp:          0 kB
CommitLimit:     9202296 kB
Committed_AS:   56775352 kB
VmallocTotal:   263061440 kB
VmallocUsed:       99608 kB
VmallocChunk:          0 kB
Percpu:             7616 kB
CmaTotal:         294912 kB
CmaFree:               0 kB
MemTotal:       12113144 kB
MemFree:         6378620 kB
MemAvailable:    8074460 kB
Buffers:            6824 kB
Cached:          1711300 kB
SwapCached:            0 kB
Active:          1497900 kB
Inactive:        1499788 kB
Active(anon):    1285996 kB
Inactive(anon):    22100 kB
Active(file):     211904 kB
Inactive(file):  1477688 kB
Unevictable:        5528 kB
Mlocked:            5528 kB
SwapTotal:       3145724 kB
SwapFree:        3145724 kB
Dirty:               440 kB
Writeback:             0 kB
AnonPages:       1285184 kB
Mapped:           811196 kB
Shmem:             24040 kB
KReclaimable:     874952 kB
Slab:             206016 kB
SReclaimable:      68220 kB
SUnreclaim:       137796 kB
KernelStack:       42720 kB
PageTables:        56556 kB
NFS_Unstable:          0 kB
Bounce:                0 kB
WritebackTmp:          0 kB
CommitLimit:     9202296 kB
Committed_AS:   56775512 kB
VmallocTotal:   263061440 kB
VmallocUsed:       99592 kB
VmallocChunk:          0 kB
Percpu:             7616 kB
CmaTotal:         294912 kB
CmaFree:               0 kB
MemTotal:       12113144 kB
MemFree:         6377644 kB
MemAvailable:    8073484 kB
Buffers:            6824 kB
Cached:          1711300 kB
SwapCached:            0 kB
Active:          1498356 kB
Inactive:        1499788 kB
Active(anon):    1286452 kB
Inactive(anon):    22100 kB
Active(file):     211904 kB
Inactive(file):  1477688 kB
Unevictable:        5528 kB
Mlocked:            5528 kB
SwapTotal:       3145724 kB
SwapFree:        3145724 kB
Dirty:               440 kB
Writeback:             0 kB
AnonPages:       1285692 kB
Mapped:           810936 kB
Shmem:             24040 kB
KReclaimable:     874952 kB
Slab:             206016 kB
SReclaimable:      68220 kB
SUnreclaim:       137796 kB
KernelStack:       42752 kB
PageTables:        56604 kB
NFS_Unstable:          0 kB
Bounce:                0 kB
WritebackTmp:          0 kB
CommitLimit:     9202296 kB
Committed_AS:   56775292 kB
VmallocTotal:   263061440 kB
VmallocUsed:       99608 kB
VmallocChunk:          0 kB
Percpu:             7616 kB
CmaTotal:         294912 kB
CmaFree:               0 kB
MemTotal:       12113144 kB
MemFree:         6376536 kB
MemAvailable:    8072376 kB
Buffers:            6824 kB
Cached:          1711300 kB
SwapCached:            0 kB
Active:          1498820 kB
Inactive:        1499788 kB
Active(anon):    1286916 kB
Inactive(anon):    22100 kB
Active(file):     211904 kB
Inactive(file):  1477688 kB
Unevictable:        5528 kB
Mlocked:            5528 kB
SwapTotal:       3145724 kB
SwapFree:        3145724 kB
Dirty:               284 kB
Writeback:             0 kB
AnonPages:       1286012 kB
Mapped:           811196 kB
Shmem:             24040 kB
KReclaimable:     874952 kB
Slab:             206016 kB
SReclaimable:      68220 kB
SUnreclaim:       137796 kB
KernelStack:       42720 kB
PageTables:        56552 kB
NFS_Unstable:          0 kB
Bounce:                0 kB
WritebackTmp:          0 kB
CommitLimit:     9202296 kB
Committed_AS:   56775764 kB
VmallocTotal:   263061440 kB
VmallocUsed:       99608 kB
VmallocChunk:          0 kB
Percpu:             7616 kB
CmaTotal:         294912 kB
CmaFree:               0 kB
MemTotal:       12113144 kB
MemFree:         6375984 kB
MemAvailable:    8071828 kB
Buffers:            6824 kB
Cached:          1711304 kB
SwapCached:            0 kB
Active:          1499232 kB
Inactive:        1499792 kB
Active(anon):    1287328 kB
Inactive(anon):    22100 kB
Active(file):     211904 kB
Inactive(file):  1477692 kB
Unevictable:        5528 kB
Mlocked:            5528 kB
SwapTotal:       3145724 kB
SwapFree:        3145724 kB
Dirty:               300 kB
Writeback:             0 kB
AnonPages:       1286460 kB
Mapped:           811196 kB
Shmem:             24040 kB
KReclaimable:     874952 kB
Slab:             206008 kB
SReclaimable:      68220 kB
SUnreclaim:       137788 kB
KernelStack:       42720 kB
PageTables:        56552 kB
NFS_Unstable:          0 kB
Bounce:                0 kB
WritebackTmp:          0 kB
CommitLimit:     9202296 kB
Committed_AS:   56775244 kB
VmallocTotal:   263061440 kB
VmallocUsed:       99592 kB
VmallocChunk:          0 kB
Percpu:             7616 kB
CmaTotal:         294912 kB
CmaFree:               0 kB
MemTotal:       12113144 kB
MemFree:         6375616 kB
MemAvailable:    8071460 kB
Buffers:            6824 kB
Cached:          1711304 kB
SwapCached:            0 kB
Active:          1499592 kB
Inactive:        1499792 kB
Active(anon):    1287688 kB
Inactive(anon):    22100 kB
Active(file):     211904 kB
Inactive(file):  1477692 kB
Unevictable:        5528 kB
Mlocked:            5528 kB
SwapTotal:       3145724 kB
SwapFree:        3145724 kB
Dirty:               300 kB
Writeback:             0 kB
AnonPages:       1286776 kB
Mapped:           811180 kB
Shmem:             24040 kB
KReclaimable:     874952 kB
Slab:             206008 kB
SReclaimable:      68220 kB
SUnreclaim:       137788 kB
KernelStack:       42720 kB
PageTables:        56480 kB
NFS_Unstable:          0 kB
Bounce:                0 kB
WritebackTmp:          0 kB
CommitLimit:     9202296 kB
Committed_AS:   56775264 kB
VmallocTotal:   263061440 kB
VmallocUsed:       99576 kB
VmallocChunk:          0 kB
Percpu:             7616 kB
CmaTotal:         294912 kB
CmaFree:               0 kB
MemTotal:       12113144 kB
MemFree:         6375500 kB
MemAvailable:    8071344 kB
Buffers:            6824 kB
Cached:          1711304 kB
SwapCached:            0 kB
Active:          1500280 kB
Inactive:        1499792 kB
Active(anon):    1288376 kB
Inactive(anon):    22100 kB
Active(file):     211904 kB
Inactive(file):  1477692 kB
Unevictable:        5528 kB
Mlocked:            5528 kB
SwapTotal:       3145724 kB
SwapFree:        3145724 kB
Dirty:               300 kB
Writeback:             0 kB
AnonPages:       1287436 kB
Mapped:           811120 kB
Shmem:             24040 kB
KReclaimable:     874952 kB
Slab:             206016 kB
SReclaimable:      68220 kB
SUnreclaim:       137796 kB
KernelStack:       42752 kB
PageTables:        56600 kB
NFS_Unstable:          0 kB
Bounce:                0 kB
WritebackTmp:          0 kB
CommitLimit:     9202296 kB
Committed_AS:   56774936 kB
VmallocTotal:   263061440 kB
VmallocUsed:       99576 kB
VmallocChunk:          0 kB
Percpu:             7616 kB
CmaTotal:         294912 kB
CmaFree:               0 kB
MemTotal:       12113144 kB
MemFree:         6374744 kB
MemAvailable:    8070588 kB
Buffers:            6824 kB
Cached:          1711304 kB
SwapCached:            0 kB
Active:          1500600 kB
Inactive:        1499792 kB
Active(anon):    1288696 kB
Inactive(anon):    22100 kB
Active(file):     211904 kB
Inactive(file):  1477692 kB
Unevictable:        5528 kB
Mlocked:            5528 kB
SwapTotal:       3145724 kB
SwapFree:        3145724 kB
Dirty:               300 kB
Writeback:             0 kB
AnonPages:       1287816 kB
Mapped:           810936 kB
Shmem:             24040 kB
KReclaimable:     874952 kB
Slab:             206016 kB
SReclaimable:      68220 kB
SUnreclaim:       137796 kB
KernelStack:       42720 kB
PageTables:        56560 kB
NFS_Unstable:          0 kB
Bounce:                0 kB
WritebackTmp:          0 kB
CommitLimit:     9202296 kB
Committed_AS:   56775244 kB
VmallocTotal:   263061440 kB
VmallocUsed:       99576 kB
VmallocChunk:          0 kB
Percpu:             7616 kB
CmaTotal:         294912 kB
CmaFree:               0 kB
MemTotal:       12113144 kB
MemFree:         6374492 kB
MemAvailable:    8070336 kB
Buffers:            6824 kB
Cached:          1711304 kB
SwapCached:            0 kB
Active:          1500812 kB
Inactive:        1499792 kB
Active(anon):    1288908 kB
Inactive(anon):    22100 kB
Active(file):     211904 kB
Inactive(file):  1477692 kB
Unevictable:        5528 kB
Mlocked:            5528 kB
SwapTotal:       3145724 kB
SwapFree:        3145724 kB
Dirty:               292 kB
Writeback:             0 kB
AnonPages:       1288104 kB
Mapped:           811000 kB
Shmem:             24040 kB
KReclaimable:     874952 kB
Slab:             206016 kB
SReclaimable:      68220 kB
SUnreclaim:       137796 kB
KernelStack:       42768 kB
PageTables:        56576 kB
NFS_Unstable:          0 kB
Bounce:                0 kB
WritebackTmp:          0 kB
CommitLimit:     9202296 kB
Committed_AS:   56775288 kB
VmallocTotal:   263061440 kB
VmallocUsed:       99576 kB
VmallocChunk:          0 kB
Percpu:             7616 kB
CmaTotal:         294912 kB
CmaFree:               0 kB
MemTotal:       12113144 kB
MemFree:         6375476 kB
MemAvailable:    8071316 kB
Buffers:            6824 kB
Cached:          1711304 kB
SwapCached:            0 kB
Active:          1500296 kB
Inactive:        1499792 kB
Active(anon):    1288392 kB
Inactive(anon):    22100 kB
Active(file):     211904 kB
Inactive(file):  1477692 kB
Unevictable:        5528 kB
Mlocked:            5528 kB
SwapTotal:       3145724 kB
SwapFree:        3145724 kB
Dirty:               292 kB
Writeback:             0 kB
AnonPages:       1287544 kB
Mapped:           811196 kB
Shmem:             24040 kB
KReclaimable:     874948 kB
Slab:             206004 kB
SReclaimable:      68216 kB
SUnreclaim:       137788 kB
KernelStack:       42736 kB
PageTables:        56556 kB
NFS_Unstable:          0 kB
Bounce:                0 kB
WritebackTmp:          0 kB
CommitLimit:     9202296 kB
Committed_AS:   56775032 kB
VmallocTotal:   263061440 kB
VmallocUsed:       99592 kB
VmallocChunk:          0 kB
Percpu:             7616 kB
CmaTotal:         294912 kB
CmaFree:               0 kB
MemTotal:       12113144 kB
MemFree:         6374500 kB
MemAvailable:    8070360 kB
Buffers:            6832 kB
Cached:          1711316 kB
SwapCached:            0 kB
Active:          1500788 kB
Inactive:        1499804 kB
Active(anon):    1288876 kB
Inactive(anon):    22100 kB
Active(file):     211912 kB
Inactive(file):  1477704 kB
Unevictable:        5528 kB
Mlocked:            5528 kB
SwapTotal:       3145724 kB
SwapFree:        3145724 kB
Dirty:               296 kB
Writeback:             0 kB
AnonPages:       1288008 kB
Mapped:           811196 kB
Shmem:             24040 kB
KReclaimable:     874948 kB
Slab:             206004 kB
SReclaimable:      68216 kB
SUnreclaim:       137788 kB
KernelStack:       42736 kB
PageTables:        56552 kB
NFS_Unstable:          0 kB
Bounce:                0 kB
WritebackTmp:          0 kB
CommitLimit:     9202296 kB
Committed_AS:   56774812 kB
VmallocTotal:   263061440 kB
VmallocUsed:       99624 kB
VmallocChunk:          0 kB
Percpu:             7616 kB
CmaTotal:         294912 kB
CmaFree:               0 kB
MemTotal:       12113144 kB
MemFree:         6388172 kB
MemAvailable:    8084032 kB
Buffers:            6832 kB
Cached:          1711316 kB
SwapCached:            0 kB
Active:          1488144 kB
Inactive:        1499804 kB
Active(anon):    1276232 kB
Inactive(anon):    22100 kB
Active(file):     211912 kB
Inactive(file):  1477704 kB
Unevictable:        5528 kB
Mlocked:            5528 kB
SwapTotal:       3145724 kB
SwapFree:        3145724 kB
Dirty:               292 kB
Writeback:             0 kB
AnonPages:       1275280 kB
Mapped:           811196 kB
Shmem:             24040 kB
KReclaimable:     874948 kB
Slab:             206004 kB
SReclaimable:      68216 kB
SUnreclaim:       137788 kB
KernelStack:       42736 kB
PageTables:        56552 kB
NFS_Unstable:          0 kB
Bounce:                0 kB
WritebackTmp:          0 kB
CommitLimit:     9202296 kB
Committed_AS:   56775172 kB
VmallocTotal:   263061440 kB
VmallocUsed:       99608 kB
VmallocChunk:          0 kB
Percpu:             7616 kB
CmaTotal:         294912 kB
CmaFree:               0 kB
MemTotal:       12113144 kB
MemFree:         6387788 kB
MemAvailable:    8083648 kB
Buffers:            6832 kB
Cached:          1711316 kB
SwapCached:            0 kB
Active:          1488876 kB
Inactive:        1499804 kB
Active(anon):    1276964 kB
Inactive(anon):    22100 kB
Active(file):     211912 kB
Inactive(file):  1477704 kB
Unevictable:        5528 kB
Mlocked:            5528 kB
SwapTotal:       3145724 kB
SwapFree:        3145724 kB
Dirty:               328 kB
Writeback:             0 kB
AnonPages:       1275996 kB
Mapped:           810972 kB
Shmem:             24040 kB
KReclaimable:     874948 kB
Slab:             206012 kB
SReclaimable:      68216 kB
SUnreclaim:       137796 kB
KernelStack:       42768 kB
PageTables:        56572 kB
NFS_Unstable:          0 kB
Bounce:                0 kB
WritebackTmp:          0 kB
CommitLimit:     9202296 kB
Committed_AS:   56775348 kB
VmallocTotal:   263061440 kB
VmallocUsed:       99608 kB
VmallocChunk:          0 kB
Percpu:             7616 kB
CmaTotal:         294912 kB
CmaFree:               0 kB
MemTotal:       12113144 kB
MemFree:         6386884 kB
MemAvailable:    8082744 kB
Buffers:            6832 kB
Cached:          1711316 kB
SwapCached:            0 kB
Active:          1489052 kB
Inactive:        1499804 kB
Active(anon):    1277140 kB
Inactive(anon):    22100 kB
Active(file):     211912 kB
Inactive(file):  1477704 kB
Unevictable:        5528 kB
Mlocked:            5528 kB
SwapTotal:       3145724 kB
SwapFree:        3145724 kB
Dirty:               308 kB
Writeback:             0 kB
AnonPages:       1276304 kB
Mapped:           811232 kB
Shmem:             24040 kB
KReclaimable:     874948 kB
Slab:             206004 kB
SReclaimable:      68216 kB
SUnreclaim:       137788 kB
KernelStack:       42736 kB
PageTables:        56552 kB
NFS_Unstable:          0 kB
Bounce:                0 kB
WritebackTmp:          0 kB
CommitLimit:     9202296 kB
Committed_AS:   56774952 kB
VmallocTotal:   263061440 kB
VmallocUsed:       99576 kB
VmallocChunk:          0 kB
Percpu:             7616 kB
CmaTotal:         294912 kB
CmaFree:               0 kB
MemTotal:       12113144 kB
MemFree:         6386132 kB
MemAvailable:    8081992 kB
Buffers:            6832 kB
Cached:          1711316 kB
SwapCached:            0 kB
Active:          1489492 kB
Inactive:        1499752 kB
Active(anon):    1277528 kB
Inactive(anon):    22100 kB
Active(file):     211964 kB
Inactive(file):  1477652 kB
Unevictable:        5528 kB
Mlocked:            5528 kB
SwapTotal:       3145724 kB
SwapFree:        3145724 kB
Dirty:               336 kB
Writeback:             0 kB
AnonPages:       1276672 kB
Mapped:           811232 kB
Shmem:             24040 kB
KReclaimable:     874948 kB
Slab:             206028 kB
SReclaimable:      68216 kB
SUnreclaim:       137812 kB
KernelStack:       42752 kB
PageTables:        56556 kB
NFS_Unstable:          0 kB
Bounce:                0 kB
WritebackTmp:          0 kB
CommitLimit:     9202296 kB
Committed_AS:   56774776 kB
VmallocTotal:   263061440 kB
VmallocUsed:       99608 kB
VmallocChunk:          0 kB
Percpu:             7616 kB
CmaTotal:         294912 kB
CmaFree:               0 kB
MemTotal:       12113144 kB
MemFree:         6385728 kB
MemAvailable:    8081588 kB
Buffers:            6832 kB
Cached:          1711316 kB
SwapCached:            0 kB
Active:          1489908 kB
Inactive:        1499752 kB
Active(anon):    1277944 kB
Inactive(anon):    22100 kB
Active(file):     211964 kB
Inactive(file):  1477652 kB
Unevictable:        5528 kB
Mlocked:            5528 kB
SwapTotal:       3145724 kB
SwapFree:        3145724 kB
Dirty:               336 kB
Writeback:             0 kB
AnonPages:       1277116 kB
Mapped:           810972 kB
Shmem:             24040 kB
KReclaimable:     874948 kB
Slab:             206020 kB
SReclaimable:      68216 kB
SUnreclaim:       137804 kB
KernelStack:       42752 kB
PageTables:        56556 kB
NFS_Unstable:          0 kB
Bounce:                0 kB
WritebackTmp:          0 kB
CommitLimit:     9202296 kB
Committed_AS:   56775208 kB
VmallocTotal:   263061440 kB
VmallocUsed:       99624 kB
VmallocChunk:          0 kB
Percpu:             7616 kB
CmaTotal:         294912 kB
CmaFree:               0 kB
MemTotal:       12113144 kB
MemFree:         6385460 kB
MemAvailable:    8081320 kB
Buffers:            6832 kB
Cached:          1711316 kB
SwapCached:            0 kB
Active:          1490404 kB
Inactive:        1499752 kB
Active(anon):    1278440 kB
Inactive(anon):    22100 kB
Active(file):     211964 kB
Inactive(file):  1477652 kB
Unevictable:        5528 kB
Mlocked:            5528 kB
SwapTotal:       3145724 kB
SwapFree:        3145724 kB
Dirty:               336 kB
Writeback:             0 kB
AnonPages:       1277548 kB
Mapped:           811232 kB
Shmem:             24040 kB
KReclaimable:     874948 kB
Slab:             206012 kB
SReclaimable:      68216 kB
SUnreclaim:       137796 kB
KernelStack:       42752 kB
PageTables:        56556 kB
NFS_Unstable:          0 kB
Bounce:                0 kB
WritebackTmp:          0 kB
CommitLimit:     9202296 kB
Committed_AS:   56775244 kB
VmallocTotal:   263061440 kB
VmallocUsed:       99640 kB
VmallocChunk:          0 kB
Percpu:             7616 kB
CmaTotal:         294912 kB
CmaFree:               0 kB
MemTotal:       12113144 kB
MemFree:         6386344 kB
MemAvailable:    8082204 kB
Buffers:            6832 kB
Cached:          1711316 kB
SwapCached:            0 kB
Active:          1489636 kB
Inactive:        1499752 kB
Active(anon):    1277672 kB
Inactive(anon):    22100 kB
Active(file):     211964 kB
Inactive(file):  1477652 kB
Unevictable:        5528 kB
Mlocked:            5528 kB
SwapTotal:       3145724 kB
SwapFree:        3145724 kB
Dirty:               336 kB
Writeback:             0 kB
AnonPages:       1276796 kB
Mapped:           811232 kB
Shmem:             24040 kB
KReclaimable:     874948 kB
Slab:             206012 kB
SReclaimable:      68216 kB
SUnreclaim:       137796 kB
KernelStack:       42736 kB
PageTables:        56560 kB
NFS_Unstable:          0 kB
Bounce:                0 kB
WritebackTmp:          0 kB
CommitLimit:     9202296 kB
Committed_AS:   56775128 kB
VmallocTotal:   263061440 kB
VmallocUsed:       99624 kB
VmallocChunk:          0 kB
Percpu:             7616 kB
CmaTotal:         294912 kB
CmaFree:               0 kB
MemTotal:       12113144 kB
MemFree:         6386404 kB
MemAvailable:    8082264 kB
Buffers:            6832 kB
Cached:          1711316 kB
SwapCached:            0 kB
Active:          1490092 kB
Inactive:        1499752 kB
Active(anon):    1278128 kB
Inactive(anon):    22100 kB
Active(file):     211964 kB
Inactive(file):  1477652 kB
Unevictable:        5528 kB
Mlocked:            5528 kB
SwapTotal:       3145724 kB
SwapFree:        3145724 kB
Dirty:               336 kB
Writeback:             0 kB
AnonPages:       1277268 kB
Mapped:           811156 kB
Shmem:             24040 kB
KReclaimable:     874948 kB
Slab:             206012 kB
SReclaimable:      68216 kB
SUnreclaim:       137796 kB
KernelStack:       42768 kB
PageTables:        56596 kB
NFS_Unstable:          0 kB
Bounce:                0 kB
WritebackTmp:          0 kB
CommitLimit:     9202296 kB
Committed_AS:   56774908 kB
VmallocTotal:   263061440 kB
VmallocUsed:       99640 kB
VmallocChunk:          0 kB
Percpu:             7616 kB
CmaTotal:         294912 kB
CmaFree:               0 kB
MemTotal:       12113144 kB
MemFree:         6385808 kB
MemAvailable:    8081668 kB
Buffers:            6832 kB
Cached:          1711316 kB
SwapCached:            0 kB
Active:          1490424 kB
Inactive:        1499752 kB
Active(anon):    1278460 kB
Inactive(anon):    22100 kB
Active(file):     211964 kB
Inactive(file):  1477652 kB
Unevictable:        5528 kB
Mlocked:            5528 kB
SwapTotal:       3145724 kB
SwapFree:        3145724 kB
Dirty:               340 kB
Writeback:             0 kB
AnonPages:       1277612 kB
Mapped:           811232 kB
Shmem:             24040 kB
KReclaimable:     874948 kB
Slab:             206004 kB
SReclaimable:      68216 kB
SUnreclaim:       137788 kB
KernelStack:       42784 kB
PageTables:        56564 kB
NFS_Unstable:          0 kB
Bounce:                0 kB
WritebackTmp:          0 kB
CommitLimit:     9202296 kB
Committed_AS:   56774740 kB
VmallocTotal:   263061440 kB
VmallocUsed:       99640 kB
VmallocChunk:          0 kB
Percpu:             7616 kB
CmaTotal:         294912 kB
CmaFree:               0 kB
MemTotal:       12113144 kB
MemFree:         6385812 kB
MemAvailable:    8081676 kB
Buffers:            6832 kB
Cached:          1711320 kB
SwapCached:            0 kB
Active:          1490844 kB
Inactive:        1499756 kB
Active(anon):    1278880 kB
Inactive(anon):    22100 kB
Active(file):     211964 kB
Inactive(file):  1477656 kB
Unevictable:        5528 kB
Mlocked:            5528 kB
SwapTotal:       3145724 kB
SwapFree:        3145724 kB
Dirty:               364 kB
Writeback:             0 kB
AnonPages:       1278016 kB
Mapped:           811012 kB
Shmem:             24040 kB
KReclaimable:     874948 kB
Slab:             206004 kB
SReclaimable:      68216 kB
SUnreclaim:       137788 kB
KernelStack:       42816 kB
PageTables:        56584 kB
NFS_Unstable:          0 kB
Bounce:                0 kB
WritebackTmp:          0 kB
CommitLimit:     9202296 kB
Committed_AS:   56774748 kB
VmallocTotal:   263061440 kB
VmallocUsed:       99656 kB
VmallocChunk:          0 kB
Percpu:             7616 kB
CmaTotal:         294912 kB
CmaFree:               0 kB
MemTotal:       12113144 kB
MemFree:         6384432 kB
MemAvailable:    8080296 kB
Buffers:            6832 kB
Cached:          1711320 kB
SwapCached:            0 kB
Active:          1491600 kB
Inactive:        1499756 kB
Active(anon):    1279636 kB
Inactive(anon):    22100 kB
Active(file):     211964 kB
Inactive(file):  1477656 kB
Unevictable:        5528 kB
Mlocked:            5528 kB
SwapTotal:       3145724 kB
SwapFree:        3145724 kB
Dirty:               364 kB
Writeback:             0 kB
AnonPages:       1278796 kB
Mapped:           810972 kB
Shmem:             24040 kB
KReclaimable:     874948 kB
Slab:             206028 kB
SReclaimable:      68216 kB
SUnreclaim:       137812 kB
KernelStack:       42784 kB
PageTables:        56560 kB
NFS_Unstable:          0 kB
Bounce:                0 kB
WritebackTmp:          0 kB
CommitLimit:     9202296 kB
Committed_AS:   56775452 kB
VmallocTotal:   263061440 kB
VmallocUsed:       99672 kB
VmallocChunk:          0 kB
Percpu:             7616 kB
CmaTotal:         294912 kB
CmaFree:               0 kB
MemTotal:       12113144 kB
MemFree:         6384192 kB
MemAvailable:    8080056 kB
Buffers:            6832 kB
Cached:          1711320 kB
SwapCached:            0 kB
Active:          1492108 kB
Inactive:        1499756 kB
Active(anon):    1280144 kB
Inactive(anon):    22100 kB
Active(file):     211964 kB
Inactive(file):  1477656 kB
Unevictable:        5528 kB
Mlocked:            5528 kB
SwapTotal:       3145724 kB
SwapFree:        3145724 kB
Dirty:               364 kB
Writeback:             0 kB
AnonPages:       1279304 kB
Mapped:           810972 kB
Shmem:             24040 kB
KReclaimable:     874948 kB
Slab:             206012 kB
SReclaimable:      68216 kB
SUnreclaim:       137796 kB
KernelStack:       42784 kB
PageTables:        56568 kB
NFS_Unstable:          0 kB
Bounce:                0 kB
WritebackTmp:          0 kB
CommitLimit:     9202296 kB
Committed_AS:   56774860 kB
VmallocTotal:   263061440 kB
VmallocUsed:       99656 kB
VmallocChunk:          0 kB
Percpu:             7616 kB
CmaTotal:         294912 kB
CmaFree:               0 kB
MemTotal:       12113144 kB
MemFree:         6384024 kB
MemAvailable:    8079888 kB
Buffers:            6832 kB
Cached:          1711320 kB
SwapCached:            0 kB
Active:          1492636 kB
Inactive:        1499756 kB
Active(anon):    1280672 kB
Inactive(anon):    22100 kB
Active(file):     211964 kB
Inactive(file):  1477656 kB
Unevictable:        5528 kB
Mlocked:            5528 kB
SwapTotal:       3145724 kB
SwapFree:        3145724 kB
Dirty:               364 kB
Writeback:             0 kB
AnonPages:       1279760 kB
Mapped:           811232 kB
Shmem:             24040 kB
KReclaimable:     874948 kB
Slab:             206020 kB
SReclaimable:      68216 kB
SUnreclaim:       137804 kB
KernelStack:       42784 kB
PageTables:        56560 kB
NFS_Unstable:          0 kB
Bounce:                0 kB
WritebackTmp:          0 kB
CommitLimit:     9202296 kB
Committed_AS:   56775100 kB
VmallocTotal:   263061440 kB
VmallocUsed:       99672 kB
VmallocChunk:          0 kB
Percpu:             7616 kB
CmaTotal:         294912 kB
CmaFree:               0 kB
MemTotal:       12113144 kB
MemFree:         6383752 kB
MemAvailable:    8079616 kB
Buffers:            6832 kB
Cached:          1711320 kB
SwapCached:            0 kB
Active:          1493020 kB
Inactive:        1499756 kB
Active(anon):    1281056 kB
Inactive(anon):    22100 kB
Active(file):     211964 kB
Inactive(file):  1477656 kB
Unevictable:        5528 kB
Mlocked:            5528 kB
SwapTotal:       3145724 kB
SwapFree:        3145724 kB
Dirty:               376 kB
Writeback:             0 kB
AnonPages:       1280232 kB
Mapped:           811232 kB
Shmem:             24040 kB
KReclaimable:     874948 kB
Slab:             206012 kB
SReclaimable:      68216 kB
SUnreclaim:       137796 kB
KernelStack:       42784 kB
PageTables:        56564 kB
NFS_Unstable:          0 kB
Bounce:                0 kB
WritebackTmp:          0 kB
CommitLimit:     9202296 kB
Committed_AS:   56774836 kB
VmallocTotal:   263061440 kB
VmallocUsed:       99672 kB
VmallocChunk:          0 kB
Percpu:             7616 kB
CmaTotal:         294912 kB
CmaFree:               0 kB
MemTotal:       12113144 kB
MemFree:         6383236 kB
MemAvailable:    8079112 kB
Buffers:            6836 kB
Cached:          1711328 kB
SwapCached:            0 kB
Active:          1493460 kB
Inactive:        1499764 kB
Active(anon):    1281492 kB
Inactive(anon):    22100 kB
Active(file):     211968 kB
Inactive(file):  1477664 kB
Unevictable:        5528 kB
Mlocked:            5528 kB
SwapTotal:       3145724 kB
SwapFree:        3145724 kB
Dirty:               356 kB
Writeback:             0 kB
AnonPages:       1280688 kB
Mapped:           810972 kB
Shmem:             24040 kB
KReclaimable:     874948 kB
Slab:             206020 kB
SReclaimable:      68216 kB
SUnreclaim:       137804 kB
KernelStack:       42800 kB
PageTables:        56692 kB
NFS_Unstable:          0 kB
Bounce:                0 kB
WritebackTmp:          0 kB
CommitLimit:     9202296 kB
Committed_AS:   56769484 kB
VmallocTotal:   263061440 kB
VmallocUsed:       99672 kB
VmallocChunk:          0 kB
Percpu:             7616 kB
CmaTotal:         294912 kB
CmaFree:               0 kB
MemTotal:       12113144 kB
MemFree:         6382956 kB
MemAvailable:    8078832 kB
Buffers:            6836 kB
Cached:          1711328 kB
SwapCached:            0 kB
Active:          1493444 kB
Inactive:        1499764 kB
Active(anon):    1281476 kB
Inactive(anon):    22100 kB
Active(file):     211968 kB
Inactive(file):  1477664 kB
Unevictable:        5528 kB
Mlocked:            5528 kB
SwapTotal:       3145724 kB
SwapFree:        3145724 kB
Dirty:               356 kB
Writeback:             0 kB
AnonPages:       1280600 kB
Mapped:           811036 kB
Shmem:             24040 kB
KReclaimable:     874948 kB
Slab:             206012 kB
SReclaimable:      68216 kB
SUnreclaim:       137796 kB
KernelStack:       42816 kB
PageTables:        56588 kB
NFS_Unstable:          0 kB
Bounce:                0 kB
WritebackTmp:          0 kB
CommitLimit:     9202296 kB
Committed_AS:   56769484 kB
VmallocTotal:   263061440 kB
VmallocUsed:       99624 kB
VmallocChunk:          0 kB
Percpu:             7616 kB
CmaTotal:         294912 kB
CmaFree:               0 kB
MemTotal:       12113144 kB
MemFree:         6382028 kB
MemAvailable:    8077904 kB
Buffers:            6836 kB
Cached:          1711328 kB
SwapCached:            0 kB
Active:          1493672 kB
Inactive:        1499764 kB
Active(anon):    1281704 kB
Inactive(anon):    22100 kB
Active(file):     211968 kB
Inactive(file):  1477664 kB
Unevictable:        5528 kB
Mlocked:            5528 kB
SwapTotal:       3145724 kB
SwapFree:        3145724 kB
Dirty:               356 kB
Writeback:             0 kB
AnonPages:       1280928 kB
Mapped:           810972 kB
Shmem:             24040 kB
KReclaimable:     874948 kB
Slab:             206020 kB
SReclaimable:      68216 kB
SUnreclaim:       137804 kB
KernelStack:       42784 kB
PageTables:        56556 kB
NFS_Unstable:          0 kB
Bounce:                0 kB
WritebackTmp:          0 kB
CommitLimit:     9202296 kB
Committed_AS:   56769564 kB
VmallocTotal:   263061440 kB
VmallocUsed:       99640 kB
VmallocChunk:          0 kB
Percpu:             7616 kB
CmaTotal:         294912 kB
CmaFree:               0 kB
MemTotal:       12113144 kB
MemFree:         6381428 kB
MemAvailable:    8077304 kB
Buffers:            6836 kB
Cached:          1711328 kB
SwapCached:            0 kB
Active:          1494244 kB
Inactive:        1499764 kB
Active(anon):    1282276 kB
Inactive(anon):    22100 kB
Active(file):     211968 kB
Inactive(file):  1477664 kB
Unevictable:        5528 kB
Mlocked:            5528 kB
SwapTotal:       3145724 kB
SwapFree:        3145724 kB
Dirty:               352 kB
Writeback:             0 kB
AnonPages:       1281408 kB
Mapped:           811232 kB
Shmem:             24040 kB
KReclaimable:     874948 kB
Slab:             206020 kB
SReclaimable:      68216 kB
SUnreclaim:       137804 kB
KernelStack:       42784 kB
PageTables:        56556 kB
NFS_Unstable:          0 kB
Bounce:                0 kB
WritebackTmp:          0 kB
CommitLimit:     9202296 kB
Committed_AS:   56769688 kB
VmallocTotal:   263061440 kB
VmallocUsed:       99656 kB
VmallocChunk:          0 kB
Percpu:             7616 kB
CmaTotal:         294912 kB
CmaFree:               0 kB
MemTotal:       12113144 kB
MemFree:         6381048 kB
MemAvailable:    8076924 kB
Buffers:            6836 kB
Cached:          1711328 kB
SwapCached:            0 kB
Active:          1494668 kB
Inactive:        1499764 kB
Active(anon):    1282700 kB
Inactive(anon):    22100 kB
Active(file):     211968 kB
Inactive(file):  1477664 kB
Unevictable:        5528 kB
Mlocked:            5528 kB
SwapTotal:       3145724 kB
SwapFree:        3145724 kB
Dirty:               352 kB
Writeback:             0 kB
AnonPages:       1281832 kB
Mapped:           811232 kB
Shmem:             24040 kB
KReclaimable:     874948 kB
Slab:             206020 kB
SReclaimable:      68216 kB
SUnreclaim:       137804 kB
KernelStack:       42784 kB
PageTables:        56556 kB
NFS_Unstable:          0 kB
Bounce:                0 kB
WritebackTmp:          0 kB
CommitLimit:     9202296 kB
Committed_AS:   56769716 kB
VmallocTotal:   263061440 kB
VmallocUsed:       99624 kB
VmallocChunk:          0 kB
Percpu:             7616 kB
CmaTotal:         294912 kB
CmaFree:               0 kB
MemTotal:       12113144 kB
MemFree:         6380348 kB
MemAvailable:    8076224 kB
Buffers:            6836 kB
Cached:          1711328 kB
SwapCached:            0 kB
Active:          1495188 kB
Inactive:        1499764 kB
Active(anon):    1283220 kB
Inactive(anon):    22100 kB
Active(file):     211968 kB
Inactive(file):  1477664 kB
Unevictable:        5528 kB
Mlocked:            5528 kB
SwapTotal:       3145724 kB
SwapFree:        3145724 kB
Dirty:               352 kB
Writeback:             0 kB
AnonPages:       1282320 kB
Mapped:           811232 kB
Shmem:             24040 kB
KReclaimable:     874948 kB
Slab:             206028 kB
SReclaimable:      68216 kB
SUnreclaim:       137812 kB
KernelStack:       42784 kB
PageTables:        56556 kB
NFS_Unstable:          0 kB
Bounce:                0 kB
WritebackTmp:          0 kB
CommitLimit:     9202296 kB
Committed_AS:   56769556 kB
VmallocTotal:   263061440 kB
VmallocUsed:       99624 kB
VmallocChunk:          0 kB
Percpu:             7616 kB
CmaTotal:         294912 kB
CmaFree:               0 kB
MemTotal:       12113144 kB
MemFree:         6380136 kB
MemAvailable:    8076012 kB
Buffers:            6836 kB
Cached:          1711328 kB
SwapCached:            0 kB
Active:          1495232 kB
Inactive:        1499764 kB
Active(anon):    1283264 kB
Inactive(anon):    22100 kB
Active(file):     211968 kB
Inactive(file):  1477664 kB
Unevictable:        5528 kB
Mlocked:            5528 kB
SwapTotal:       3145724 kB
SwapFree:        3145724 kB
Dirty:               352 kB
Writeback:             0 kB
AnonPages:       1282576 kB
Mapped:           811232 kB
Shmem:             24040 kB
KReclaimable:     874948 kB
Slab:             206036 kB
SReclaimable:      68216 kB
SUnreclaim:       137820 kB
KernelStack:       42784 kB
PageTables:        56556 kB
NFS_Unstable:          0 kB
Bounce:                0 kB
WritebackTmp:          0 kB
CommitLimit:     9202296 kB
Committed_AS:   56769424 kB
VmallocTotal:   263061440 kB
VmallocUsed:       99672 kB
VmallocChunk:          0 kB
Percpu:             7616 kB
CmaTotal:         294912 kB
CmaFree:               0 kB
MemTotal:       12113144 kB
MemFree:         6380168 kB
MemAvailable:    8076044 kB
Buffers:            6836 kB
Cached:          1711328 kB
SwapCached:            0 kB
Active:          1495780 kB
Inactive:        1499764 kB
Active(anon):    1283812 kB
Inactive(anon):    22100 kB
Active(file):     211968 kB
Inactive(file):  1477664 kB
Unevictable:        5528 kB
Mlocked:            5528 kB
SwapTotal:       3145724 kB
SwapFree:        3145724 kB
Dirty:               352 kB
Writeback:             0 kB
AnonPages:       1283032 kB
Mapped:           811132 kB
Shmem:             24040 kB
KReclaimable:     874948 kB
Slab:             206028 kB
SReclaimable:      68216 kB
SUnreclaim:       137812 kB
KernelStack:       42816 kB
PageTables:        56584 kB
NFS_Unstable:          0 kB
Bounce:                0 kB
WritebackTmp:          0 kB
CommitLimit:     9202296 kB
Committed_AS:   56769708 kB
VmallocTotal:   263061440 kB
VmallocUsed:       99640 kB
VmallocChunk:          0 kB
Percpu:             7616 kB
CmaTotal:         294912 kB
CmaFree:               0 kB
MemTotal:       12113144 kB
MemFree:         6380660 kB
MemAvailable:    8076536 kB
Buffers:            6836 kB
Cached:          1711328 kB
SwapCached:            0 kB
Active:          1495220 kB
Inactive:        1499764 kB
Active(anon):    1283252 kB
Inactive(anon):    22100 kB
Active(file):     211968 kB
Inactive(file):  1477664 kB
Unevictable:        5528 kB
Mlocked:            5528 kB
SwapTotal:       3145724 kB
SwapFree:        3145724 kB
Dirty:               352 kB
Writeback:             0 kB
AnonPages:       1282576 kB
Mapped:           811232 kB
Shmem:             24040 kB
KReclaimable:     874948 kB
Slab:             206020 kB
SReclaimable:      68216 kB
SUnreclaim:       137804 kB
KernelStack:       42784 kB
PageTables:        56556 kB
NFS_Unstable:          0 kB
Bounce:                0 kB
WritebackTmp:          0 kB
CommitLimit:     9202296 kB
Committed_AS:   56769460 kB
VmallocTotal:   263061440 kB
VmallocUsed:       99640 kB
VmallocChunk:          0 kB
Percpu:             7616 kB
CmaTotal:         294912 kB
CmaFree:               0 kB
MemTotal:       12113144 kB
MemFree:         6380128 kB
MemAvailable:    8076004 kB
Buffers:            6836 kB
Cached:          1711328 kB
SwapCached:            0 kB
Active:          1495100 kB
Inactive:        1499764 kB
Active(anon):    1283132 kB
Inactive(anon):    22100 kB
Active(file):     211968 kB
Inactive(file):  1477664 kB
Unevictable:        5528 kB
Mlocked:            5528 kB
SwapTotal:       3145724 kB
SwapFree:        3145724 kB
Dirty:               352 kB
Writeback:             0 kB
AnonPages:       1282292 kB
Mapped:           811060 kB
Shmem:             24040 kB
KReclaimable:     874948 kB
Slab:             206012 kB
SReclaimable:      68216 kB
SUnreclaim:       137796 kB
KernelStack:       42800 kB
PageTables:        56572 kB
NFS_Unstable:          0 kB
Bounce:                0 kB
WritebackTmp:          0 kB
CommitLimit:     9202296 kB
Committed_AS:   56769856 kB
VmallocTotal:   263061440 kB
VmallocUsed:       99656 kB
VmallocChunk:          0 kB
Percpu:             7616 kB
CmaTotal:         294912 kB
CmaFree:               0 kB
MemTotal:       12113144 kB
MemFree:         6379972 kB
MemAvailable:    8075852 kB
Buffers:            6836 kB
Cached:          1711320 kB
SwapCached:            0 kB
Active:          1495132 kB
Inactive:        1499768 kB
Active(anon):    1283164 kB
Inactive(anon):    22100 kB
Active(file):     211968 kB
Inactive(file):  1477668 kB
Unevictable:        5528 kB
Mlocked:            5528 kB
SwapTotal:       3145724 kB
SwapFree:        3145724 kB
Dirty:               372 kB
Writeback:             0 kB
AnonPages:       1282340 kB
Mapped:           810960 kB
Shmem:             24028 kB
KReclaimable:     874948 kB
Slab:             206012 kB
SReclaimable:      68216 kB
SUnreclaim:       137796 kB
KernelStack:       42784 kB
PageTables:        56564 kB
NFS_Unstable:          0 kB
Bounce:                0 kB
WritebackTmp:          0 kB
CommitLimit:     9202296 kB
Committed_AS:   56769468 kB
VmallocTotal:   263061440 kB
VmallocUsed:       99656 kB
VmallocChunk:          0 kB
Percpu:             7616 kB
CmaTotal:         294912 kB
CmaFree:               0 kB
MemTotal:       12113144 kB
MemFree:         6379268 kB
MemAvailable:    8075148 kB
Buffers:            6836 kB
Cached:          1711320 kB
SwapCached:            0 kB
Active:          1495764 kB
Inactive:        1499768 kB
Active(anon):    1283796 kB
Inactive(anon):    22100 kB
Active(file):     211968 kB
Inactive(file):  1477668 kB
Unevictable:        5528 kB
Mlocked:            5528 kB
SwapTotal:       3145724 kB
SwapFree:        3145724 kB
Dirty:               372 kB
Writeback:             0 kB
AnonPages:       1283032 kB
Mapped:           811220 kB
Shmem:             24028 kB
KReclaimable:     874948 kB
Slab:             206020 kB
SReclaimable:      68216 kB
SUnreclaim:       137804 kB
KernelStack:       42816 kB
PageTables:        56608 kB
NFS_Unstable:          0 kB
Bounce:                0 kB
WritebackTmp:          0 kB
CommitLimit:     9202296 kB
Committed_AS:   56769336 kB
VmallocTotal:   263061440 kB
VmallocUsed:       99656 kB
VmallocChunk:          0 kB
Percpu:             7616 kB
CmaTotal:         294912 kB
CmaFree:               0 kB
MemTotal:       12113144 kB
MemFree:         6385608 kB
MemAvailable:    8081488 kB
Buffers:            6836 kB
Cached:          1711320 kB
SwapCached:            0 kB
Active:          1488980 kB
Inactive:        1499768 kB
Active(anon):    1277012 kB
Inactive(anon):    22100 kB
Active(file):     211968 kB
Inactive(file):  1477668 kB
Unevictable:        5528 kB
Mlocked:            5528 kB
SwapTotal:       3145724 kB
SwapFree:        3145724 kB
Dirty:               372 kB
Writeback:             0 kB
AnonPages:       1276224 kB
Mapped:           811220 kB
Shmem:             24028 kB
KReclaimable:     874948 kB
Slab:             206012 kB
SReclaimable:      68216 kB
SUnreclaim:       137796 kB
KernelStack:       42768 kB
PageTables:        56556 kB
NFS_Unstable:          0 kB
Bounce:                0 kB
WritebackTmp:          0 kB
CommitLimit:     9202296 kB
Committed_AS:   56769328 kB
VmallocTotal:   263061440 kB
VmallocUsed:       99672 kB
VmallocChunk:          0 kB
Percpu:             7616 kB
CmaTotal:         294912 kB
CmaFree:               0 kB
MemTotal:       12113144 kB
MemFree:         6385648 kB
MemAvailable:    8081528 kB
Buffers:            6836 kB
Cached:          1711320 kB
SwapCached:            0 kB
Active:          1489408 kB
Inactive:        1499768 kB
Active(anon):    1277440 kB
Inactive(anon):    22100 kB
Active(file):     211968 kB
Inactive(file):  1477668 kB
Unevictable:        5528 kB
Mlocked:            5528 kB
SwapTotal:       3145724 kB
SwapFree:        3145724 kB
Dirty:               372 kB
Writeback:             0 kB
AnonPages:       1276836 kB
Mapped:           811220 kB
Shmem:             24028 kB
KReclaimable:     874948 kB
Slab:             206004 kB
SReclaimable:      68216 kB
SUnreclaim:       137788 kB
KernelStack:       42768 kB
PageTables:        56560 kB
NFS_Unstable:          0 kB
Bounce:                0 kB
WritebackTmp:          0 kB
CommitLimit:     9202296 kB
Committed_AS:   56769064 kB
VmallocTotal:   263061440 kB
VmallocUsed:       99656 kB
VmallocChunk:          0 kB
Percpu:             7616 kB
CmaTotal:         294912 kB
CmaFree:               0 kB
MemTotal:       12113144 kB
MemFree:         6385452 kB
MemAvailable:    8081340 kB
Buffers:            6840 kB
Cached:          1711328 kB
SwapCached:            0 kB
Active:          1489908 kB
Inactive:        1499776 kB
Active(anon):    1277940 kB
Inactive(anon):    22100 kB
Active(file):     211968 kB
Inactive(file):  1477676 kB
Unevictable:        5528 kB
Mlocked:            5528 kB
SwapTotal:       3145724 kB
SwapFree:        3145724 kB
Dirty:               368 kB
Writeback:             4 kB
AnonPages:       1277132 kB
Mapped:           811220 kB
Shmem:             24028 kB
KReclaimable:     874948 kB
Slab:             206012 kB
SReclaimable:      68216 kB
SUnreclaim:       137796 kB
KernelStack:       42768 kB
PageTables:        56560 kB
NFS_Unstable:          0 kB
Bounce:                0 kB
WritebackTmp:          0 kB
CommitLimit:     9202296 kB
Committed_AS:   56769020 kB
VmallocTotal:   263061440 kB
VmallocUsed:       99656 kB
VmallocChunk:          0 kB
Percpu:             7616 kB
CmaTotal:         294912 kB
CmaFree:               0 kB
MemTotal:       12113144 kB
MemFree:         6384864 kB
MemAvailable:    8080756 kB
Buffers:            6840 kB
Cached:          1711328 kB
SwapCached:            0 kB
Active:          1490336 kB
Inactive:        1499776 kB
Active(anon):    1278364 kB
Inactive(anon):    22100 kB
Active(file):     211972 kB
Inactive(file):  1477676 kB
Unevictable:        5528 kB
Mlocked:            5528 kB
SwapTotal:       3145724 kB
SwapFree:        3145724 kB
Dirty:               356 kB
Writeback:             0 kB
AnonPages:       1277532 kB
Mapped:           811220 kB
Shmem:             24028 kB
KReclaimable:     874948 kB
Slab:             206036 kB
SReclaimable:      68216 kB
SUnreclaim:       137820 kB
KernelStack:       42800 kB
PageTables:        56564 kB
NFS_Unstable:          0 kB
Bounce:                0 kB
WritebackTmp:          0 kB
CommitLimit:     9202296 kB
Committed_AS:   56768808 kB
VmallocTotal:   263061440 kB
VmallocUsed:       99656 kB
VmallocChunk:          0 kB
Percpu:             7616 kB
CmaTotal:         294912 kB
CmaFree:               0 kB
MemTotal:       12113144 kB
MemFree:         6384772 kB
MemAvailable:    8080664 kB
Buffers:            6840 kB
Cached:          1711328 kB
SwapCached:            0 kB
Active:          1490784 kB
Inactive:        1499776 kB
Active(anon):    1278812 kB
Inactive(anon):    22100 kB
Active(file):     211972 kB
Inactive(file):  1477676 kB
Unevictable:        5528 kB
Mlocked:            5528 kB
SwapTotal:       3145724 kB
SwapFree:        3145724 kB
Dirty:               356 kB
Writeback:             0 kB
AnonPages:       1278116 kB
Mapped:           811220 kB
Shmem:             24028 kB
KReclaimable:     874948 kB
Slab:             206028 kB
SReclaimable:      68216 kB
SUnreclaim:       137812 kB
KernelStack:       42768 kB
PageTables:        56560 kB
NFS_Unstable:          0 kB
Bounce:                0 kB
WritebackTmp:          0 kB
CommitLimit:     9202296 kB
Committed_AS:   56769424 kB
VmallocTotal:   263061440 kB
VmallocUsed:       99672 kB
VmallocChunk:          0 kB
Percpu:             7616 kB
CmaTotal:         294912 kB
CmaFree:               0 kB
MemTotal:       12113144 kB
MemFree:         6384092 kB
MemAvailable:    8079984 kB
Buffers:            6840 kB
Cached:          1711336 kB
SwapCached:            0 kB
Active:          1491184 kB
Inactive:        1499784 kB
Active(anon):    1279212 kB
Inactive(anon):    22108 kB
Active(file):     211972 kB
Inactive(file):  1477676 kB
Unevictable:        5528 kB
Mlocked:            5528 kB
SwapTotal:       3145724 kB
SwapFree:        3145724 kB
Dirty:               356 kB
Writeback:             0 kB
AnonPages:       1278384 kB
Mapped:           811228 kB
Shmem:             24036 kB
KReclaimable:     874948 kB
Slab:             206012 kB
SReclaimable:      68216 kB
SUnreclaim:       137796 kB
KernelStack:       42768 kB
PageTables:        56560 kB
NFS_Unstable:          0 kB
Bounce:                0 kB
WritebackTmp:          0 kB
CommitLimit:     9202296 kB
Committed_AS:   56769468 kB
VmallocTotal:   263061440 kB
VmallocUsed:       99688 kB
VmallocChunk:          0 kB
Percpu:             7616 kB
CmaTotal:         294912 kB
CmaFree:               0 kB
MemTotal:       12113144 kB
MemFree:         6383504 kB
MemAvailable:    8079396 kB
Buffers:            6840 kB
Cached:          1711336 kB
SwapCached:            0 kB
Active:          1491280 kB
Inactive:        1499784 kB
Active(anon):    1279308 kB
Inactive(anon):    22108 kB
Active(file):     211972 kB
Inactive(file):  1477676 kB
Unevictable:        5528 kB
Mlocked:            5528 kB
SwapTotal:       3145724 kB
SwapFree:        3145724 kB
Dirty:               356 kB
Writeback:             0 kB
AnonPages:       1278528 kB
Mapped:           810968 kB
Shmem:             24036 kB
KReclaimable:     874948 kB
Slab:             206004 kB
SReclaimable:      68216 kB
SUnreclaim:       137788 kB
KernelStack:       42768 kB
PageTables:        56560 kB
NFS_Unstable:          0 kB
Bounce:                0 kB
WritebackTmp:          0 kB
CommitLimit:     9202296 kB
Committed_AS:   56769468 kB
VmallocTotal:   263061440 kB
VmallocUsed:       99704 kB
VmallocChunk:          0 kB
Percpu:             7616 kB
CmaTotal:         294912 kB
CmaFree:               0 kB
MemTotal:       12113144 kB
MemFree:         6383660 kB
MemAvailable:    8079552 kB
Buffers:            6840 kB
Cached:          1711336 kB
SwapCached:            0 kB
Active:          1491256 kB
Inactive:        1499784 kB
Active(anon):    1279284 kB
Inactive(anon):    22108 kB
Active(file):     211972 kB
Inactive(file):  1477676 kB
Unevictable:        5528 kB
Mlocked:            5528 kB
SwapTotal:       3145724 kB
SwapFree:        3145724 kB
Dirty:               284 kB
Writeback:             0 kB
AnonPages:       1278424 kB
Mapped:           811228 kB
Shmem:             24036 kB
KReclaimable:     874948 kB
Slab:             206028 kB
SReclaimable:      68216 kB
SUnreclaim:       137812 kB
KernelStack:       42784 kB
PageTables:        56692 kB
NFS_Unstable:          0 kB
Bounce:                0 kB
WritebackTmp:          0 kB
CommitLimit:     9202296 kB
Committed_AS:   56765736 kB
VmallocTotal:   263061440 kB
VmallocUsed:       99656 kB
VmallocChunk:          0 kB
Percpu:             7616 kB
CmaTotal:         294912 kB
CmaFree:               0 kB
MemTotal:       12113144 kB
MemFree:         6383852 kB
MemAvailable:    8079744 kB
Buffers:            6840 kB
Cached:          1711336 kB
SwapCached:            0 kB
Active:          1491716 kB
Inactive:        1499784 kB
Active(anon):    1279744 kB
Inactive(anon):    22108 kB
Active(file):     211972 kB
Inactive(file):  1477676 kB
Unevictable:        5528 kB
Mlocked:            5528 kB
SwapTotal:       3145724 kB
SwapFree:        3145724 kB
Dirty:               284 kB
Writeback:             0 kB
AnonPages:       1278888 kB
Mapped:           811228 kB
Shmem:             24036 kB
KReclaimable:     874948 kB
Slab:             206028 kB
SReclaimable:      68216 kB
SUnreclaim:       137812 kB
KernelStack:       42768 kB
PageTables:        56564 kB
NFS_Unstable:          0 kB
Bounce:                0 kB
WritebackTmp:          0 kB
CommitLimit:     9202296 kB
Committed_AS:   56765560 kB
VmallocTotal:   263061440 kB
VmallocUsed:       99656 kB
VmallocChunk:          0 kB
Percpu:             7616 kB
CmaTotal:         294912 kB
CmaFree:               0 kB
MemTotal:       12113144 kB
MemFree:         6383772 kB
MemAvailable:    8079664 kB
Buffers:            6840 kB
Cached:          1711336 kB
SwapCached:            0 kB
Active:          1492268 kB
Inactive:        1499784 kB
Active(anon):    1280296 kB
Inactive(anon):    22108 kB
Active(file):     211972 kB
Inactive(file):  1477676 kB
Unevictable:        5528 kB
Mlocked:            5528 kB
SwapTotal:       3145724 kB
SwapFree:        3145724 kB
Dirty:               284 kB
Writeback:             0 kB
AnonPages:       1279680 kB
Mapped:           811228 kB
Shmem:             24036 kB
KReclaimable:     874948 kB
Slab:             206012 kB
SReclaimable:      68216 kB
SUnreclaim:       137796 kB
KernelStack:       42768 kB
PageTables:        56568 kB
NFS_Unstable:          0 kB
Bounce:                0 kB
WritebackTmp:          0 kB
CommitLimit:     9202296 kB
Committed_AS:   56765120 kB
VmallocTotal:   263061440 kB
VmallocUsed:       99656 kB
VmallocChunk:          0 kB
Percpu:             7616 kB
CmaTotal:         294912 kB
CmaFree:               0 kB
MemTotal:       12113144 kB
MemFree:         6383144 kB
MemAvailable:    8079036 kB
Buffers:            6840 kB
Cached:          1711336 kB
SwapCached:            0 kB
Active:          1492848 kB
Inactive:        1499784 kB
Active(anon):    1280876 kB
Inactive(anon):    22108 kB
Active(file):     211972 kB
Inactive(file):  1477676 kB
Unevictable:        5528 kB
Mlocked:            5528 kB
SwapTotal:       3145724 kB
SwapFree:        3145724 kB
Dirty:               308 kB
Writeback:             0 kB
AnonPages:       1280024 kB
Mapped:           811228 kB
Shmem:             24036 kB
KReclaimable:     874948 kB
Slab:             206012 kB
SReclaimable:      68216 kB
SUnreclaim:       137796 kB
KernelStack:       42768 kB
PageTables:        56576 kB
NFS_Unstable:          0 kB
Bounce:                0 kB
WritebackTmp:          0 kB
CommitLimit:     9202296 kB
Committed_AS:   56765164 kB
VmallocTotal:   263061440 kB
VmallocUsed:       99656 kB
VmallocChunk:          0 kB
Percpu:             7616 kB
CmaTotal:         294912 kB
CmaFree:               0 kB
MemTotal:       12113144 kB
MemFree:         6382428 kB
MemAvailable:    8078320 kB
Buffers:            6840 kB
Cached:          1711336 kB
SwapCached:            0 kB
Active:          1493108 kB
Inactive:        1499784 kB
Active(anon):    1281136 kB
Inactive(anon):    22108 kB
Active(file):     211972 kB
Inactive(file):  1477676 kB
Unevictable:        5528 kB
Mlocked:            5528 kB
SwapTotal:       3145724 kB
SwapFree:        3145724 kB
Dirty:               308 kB
Writeback:             0 kB
AnonPages:       1280364 kB
Mapped:           811228 kB
Shmem:             24036 kB
KReclaimable:     874948 kB
Slab:             206004 kB
SReclaimable:      68216 kB
SUnreclaim:       137788 kB
KernelStack:       42800 kB
PageTables:        56620 kB
NFS_Unstable:          0 kB
Bounce:                0 kB
WritebackTmp:          0 kB
CommitLimit:     9202296 kB
Committed_AS:   56765304 kB
VmallocTotal:   263061440 kB
VmallocUsed:       99656 kB
VmallocChunk:          0 kB
Percpu:             7616 kB
CmaTotal:         294912 kB
CmaFree:               0 kB
MemTotal:       12113144 kB
MemFree:         6381112 kB
MemAvailable:    8077004 kB
Buffers:            6840 kB
Cached:          1711336 kB
SwapCached:            0 kB
Active:          1495984 kB
Inactive:        1499784 kB
Active(anon):    1284012 kB
Inactive(anon):    22108 kB
Active(file):     211972 kB
Inactive(file):  1477676 kB
Unevictable:        5528 kB
Mlocked:            5528 kB
SwapTotal:       3145724 kB
SwapFree:        3145724 kB
Dirty:               312 kB
Writeback:             0 kB
AnonPages:       1283200 kB
Mapped:           811228 kB
Shmem:             24036 kB
KReclaimable:     874948 kB
Slab:             206028 kB
SReclaimable:      68216 kB
SUnreclaim:       137812 kB
KernelStack:       42784 kB
PageTables:        56700 kB
NFS_Unstable:          0 kB
Bounce:                0 kB
WritebackTmp:          0 kB
CommitLimit:     9202296 kB
Committed_AS:   56765384 kB
VmallocTotal:   263061440 kB
VmallocUsed:       99656 kB
VmallocChunk:          0 kB
Percpu:             7616 kB
CmaTotal:         294912 kB
CmaFree:               0 kB
MemTotal:       12113144 kB
MemFree:         6380336 kB
MemAvailable:    8076228 kB
Buffers:            6840 kB
Cached:          1711336 kB
SwapCached:            0 kB
Active:          1494104 kB
Inactive:        1499784 kB
Active(anon):    1282132 kB
Inactive(anon):    22108 kB
Active(file):     211972 kB
Inactive(file):  1477676 kB
Unevictable:        5528 kB
Mlocked:            5528 kB
SwapTotal:       3145724 kB
SwapFree:        3145724 kB
Dirty:               384 kB
Writeback:             0 kB
AnonPages:       1281296 kB
Mapped:           811228 kB
Shmem:             24036 kB
KReclaimable:     874948 kB
Slab:             206020 kB
SReclaimable:      68216 kB
SUnreclaim:       137804 kB
KernelStack:       42768 kB
PageTables:        56576 kB
NFS_Unstable:          0 kB
Bounce:                0 kB
WritebackTmp:          0 kB
CommitLimit:     9202296 kB
Committed_AS:   56765164 kB
VmallocTotal:   263061440 kB
VmallocUsed:       99656 kB
VmallocChunk:          0 kB
Percpu:             7616 kB
CmaTotal:         294912 kB
CmaFree:               0 kB
MemTotal:       12113144 kB
MemFree:         6380848 kB
MemAvailable:    8076740 kB
Buffers:            6840 kB
Cached:          1711336 kB
SwapCached:            0 kB
Active:          1494976 kB
Inactive:        1499784 kB
Active(anon):    1283004 kB
Inactive(anon):    22108 kB
Active(file):     211972 kB
Inactive(file):  1477676 kB
Unevictable:        5528 kB
Mlocked:            5528 kB
SwapTotal:       3145724 kB
SwapFree:        3145724 kB
Dirty:               388 kB
Writeback:             0 kB
AnonPages:       1282180 kB
Mapped:           810968 kB
Shmem:             24036 kB
KReclaimable:     874948 kB
Slab:             206012 kB
SReclaimable:      68216 kB
SUnreclaim:       137796 kB
KernelStack:       42768 kB
PageTables:        56564 kB
NFS_Unstable:          0 kB
Bounce:                0 kB
WritebackTmp:          0 kB
CommitLimit:     9202296 kB
Committed_AS:   56765252 kB
VmallocTotal:   263061440 kB
VmallocUsed:       99672 kB
VmallocChunk:          0 kB
Percpu:             7616 kB
CmaTotal:         294912 kB
CmaFree:               0 kB
MemTotal:       12113144 kB
MemFree:         6379232 kB
MemAvailable:    8075124 kB
Buffers:            6840 kB
Cached:          1711336 kB
SwapCached:            0 kB
Active:          1495536 kB
Inactive:        1499784 kB
Active(anon):    1283564 kB
Inactive(anon):    22108 kB
Active(file):     211972 kB
Inactive(file):  1477676 kB
Unevictable:        5528 kB
Mlocked:            5528 kB
SwapTotal:       3145724 kB
SwapFree:        3145724 kB
Dirty:               392 kB
Writeback:             0 kB
AnonPages:       1282768 kB
Mapped:           811008 kB
Shmem:             24036 kB
KReclaimable:     874948 kB
Slab:             206020 kB
SReclaimable:      68216 kB
SUnreclaim:       137804 kB
KernelStack:       42800 kB
PageTables:        56588 kB
NFS_Unstable:          0 kB
Bounce:                0 kB
WritebackTmp:          0 kB
CommitLimit:     9202296 kB
Committed_AS:   56764988 kB
VmallocTotal:   263061440 kB
VmallocUsed:       99656 kB
VmallocChunk:          0 kB
Percpu:             7616 kB
CmaTotal:         294912 kB
CmaFree:               0 kB
MemTotal:       12113144 kB
MemFree:         6379528 kB
MemAvailable:    8075420 kB
Buffers:            6840 kB
Cached:          1711336 kB
SwapCached:            0 kB
Active:          1495968 kB
Inactive:        1499784 kB
Active(anon):    1283996 kB
Inactive(anon):    22108 kB
Active(file):     211972 kB
Inactive(file):  1477676 kB
Unevictable:        5528 kB
Mlocked:            5528 kB
SwapTotal:       3145724 kB
SwapFree:        3145724 kB
Dirty:               392 kB
Writeback:             0 kB
AnonPages:       1283136 kB
Mapped:           811228 kB
Shmem:             24036 kB
KReclaimable:     874948 kB
Slab:             206004 kB
SReclaimable:      68216 kB
SUnreclaim:       137788 kB
KernelStack:       42768 kB
PageTables:        56688 kB
NFS_Unstable:          0 kB
Bounce:                0 kB
WritebackTmp:          0 kB
CommitLimit:     9202296 kB
Committed_AS:   56764656 kB
VmallocTotal:   263061440 kB
VmallocUsed:       99656 kB
VmallocChunk:          0 kB
Percpu:             7616 kB
CmaTotal:         294912 kB
CmaFree:               0 kB
MemTotal:       12113144 kB
MemFree:         6379736 kB
MemAvailable:    8075628 kB
Buffers:            6840 kB
Cached:          1711336 kB
SwapCached:            0 kB
Active:          1495540 kB
Inactive:        1499784 kB
Active(anon):    1283568 kB
Inactive(anon):    22108 kB
Active(file):     211972 kB
Inactive(file):  1477676 kB
Unevictable:        5528 kB
Mlocked:            5528 kB
SwapTotal:       3145724 kB
SwapFree:        3145724 kB
Dirty:               384 kB
Writeback:             0 kB
AnonPages:       1282692 kB
Mapped:           811228 kB
Shmem:             24036 kB
KReclaimable:     874948 kB
Slab:             206020 kB
SReclaimable:      68216 kB
SUnreclaim:       137804 kB
KernelStack:       42752 kB
PageTables:        56564 kB
NFS_Unstable:          0 kB
Bounce:                0 kB
WritebackTmp:          0 kB
CommitLimit:     9202296 kB
Committed_AS:   56764444 kB
VmallocTotal:   263061440 kB
VmallocUsed:       99624 kB
VmallocChunk:          0 kB
Percpu:             7616 kB
CmaTotal:         294912 kB
CmaFree:               0 kB
MemTotal:       12113144 kB
MemFree:         6374584 kB
MemAvailable:    8070476 kB
Buffers:            6840 kB
Cached:          1711336 kB
SwapCached:            0 kB
Active:          1501552 kB
Inactive:        1499784 kB
Active(anon):    1289580 kB
Inactive(anon):    22108 kB
Active(file):     211972 kB
Inactive(file):  1477676 kB
Unevictable:        5528 kB
Mlocked:            5528 kB
SwapTotal:       3145724 kB
SwapFree:        3145724 kB
Dirty:               384 kB
Writeback:             0 kB
AnonPages:       1288540 kB
Mapped:           811228 kB
Shmem:             24036 kB
KReclaimable:     874948 kB
Slab:             206036 kB
SReclaimable:      68216 kB
SUnreclaim:       137820 kB
KernelStack:       42752 kB
PageTables:        56564 kB
NFS_Unstable:          0 kB
Bounce:                0 kB
WritebackTmp:          0 kB
CommitLimit:     9202296 kB
Committed_AS:   56764568 kB
VmallocTotal:   263061440 kB
VmallocUsed:       99608 kB
VmallocChunk:          0 kB
Percpu:             7616 kB
CmaTotal:         294912 kB
CmaFree:               0 kB
MemTotal:       12113144 kB
MemFree:         6359220 kB
MemAvailable:    8055124 kB
Buffers:            6844 kB
Cached:          1711344 kB
SwapCached:            0 kB
Active:          1516212 kB
Inactive:        1499792 kB
Active(anon):    1304236 kB
Inactive(anon):    22108 kB
Active(file):     211976 kB
Inactive(file):  1477684 kB
Unevictable:        5528 kB
Mlocked:            5528 kB
SwapTotal:       3145724 kB
SwapFree:        3145724 kB
Dirty:               380 kB
Writeback:             0 kB
AnonPages:       1303424 kB
Mapped:           811228 kB
Shmem:             24036 kB
KReclaimable:     874948 kB
Slab:             206028 kB
SReclaimable:      68216 kB
SUnreclaim:       137812 kB
KernelStack:       42752 kB
PageTables:        56576 kB
NFS_Unstable:          0 kB
Bounce:                0 kB
WritebackTmp:          0 kB
CommitLimit:     9202296 kB
Committed_AS:   56779064 kB
VmallocTotal:   263061440 kB
VmallocUsed:       99624 kB
VmallocChunk:          0 kB
Percpu:             7616 kB
CmaTotal:         294912 kB
CmaFree:               0 kB
MemTotal:       12113144 kB
MemFree:         6361868 kB
MemAvailable:    8057772 kB
Buffers:            6844 kB
Cached:          1711344 kB
SwapCached:            0 kB
Active:          1513308 kB
Inactive:        1499792 kB
Active(anon):    1301332 kB
Inactive(anon):    22108 kB
Active(file):     211976 kB
Inactive(file):  1477684 kB
Unevictable:        5528 kB
Mlocked:            5528 kB
SwapTotal:       3145724 kB
SwapFree:        3145724 kB
Dirty:               380 kB
Writeback:             0 kB
AnonPages:       1300408 kB
Mapped:           811228 kB
Shmem:             24036 kB
KReclaimable:     874948 kB
Slab:             206028 kB
SReclaimable:      68216 kB
SUnreclaim:       137812 kB
KernelStack:       42736 kB
PageTables:        56568 kB
NFS_Unstable:          0 kB
Bounce:                0 kB
WritebackTmp:          0 kB
CommitLimit:     9202296 kB
Committed_AS:   56778844 kB
VmallocTotal:   263061440 kB
VmallocUsed:       99640 kB
VmallocChunk:          0 kB
Percpu:             7616 kB
CmaTotal:         294912 kB
CmaFree:               8 kB
MemTotal:       12113144 kB
MemFree:         6361320 kB
MemAvailable:    8057224 kB
Buffers:            6844 kB
Cached:          1711344 kB
SwapCached:            0 kB
Active:          1513616 kB
Inactive:        1499792 kB
Active(anon):    1301640 kB
Inactive(anon):    22108 kB
Active(file):     211976 kB
Inactive(file):  1477684 kB
Unevictable:        5528 kB
Mlocked:            5528 kB
SwapTotal:       3145724 kB
SwapFree:        3145724 kB
Dirty:               388 kB
Writeback:             0 kB
AnonPages:       1300904 kB
Mapped:           811228 kB
Shmem:             24036 kB
KReclaimable:     874948 kB
Slab:             206036 kB
SReclaimable:      68216 kB
SUnreclaim:       137820 kB
KernelStack:       42768 kB
PageTables:        56620 kB
NFS_Unstable:          0 kB
Bounce:                0 kB
WritebackTmp:          0 kB
CommitLimit:     9202296 kB
Committed_AS:   56778836 kB
VmallocTotal:   263061440 kB
VmallocUsed:       99656 kB
VmallocChunk:          0 kB
Percpu:             7616 kB
CmaTotal:         294912 kB
CmaFree:               0 kB
MemTotal:       12113144 kB
MemFree:         6360408 kB
MemAvailable:    8056312 kB
Buffers:            6844 kB
Cached:          1711344 kB
SwapCached:            0 kB
Active:          1513916 kB
Inactive:        1499792 kB
Active(anon):    1301940 kB
Inactive(anon):    22108 kB
Active(file):     211976 kB
Inactive(file):  1477684 kB
Unevictable:        5528 kB
Mlocked:            5528 kB
SwapTotal:       3145724 kB
SwapFree:        3145724 kB
Dirty:               392 kB
Writeback:             0 kB
AnonPages:       1301080 kB
Mapped:           810968 kB
Shmem:             24036 kB
KReclaimable:     874948 kB
Slab:             206036 kB
SReclaimable:      68216 kB
SUnreclaim:       137820 kB
KernelStack:       42736 kB
PageTables:        56564 kB
NFS_Unstable:          0 kB
Bounce:                0 kB
WritebackTmp:          0 kB
CommitLimit:     9202296 kB
Committed_AS:   56775240 kB
VmallocTotal:   263061440 kB
VmallocUsed:       99640 kB
VmallocChunk:          0 kB
Percpu:             7616 kB
CmaTotal:         294912 kB
CmaFree:               0 kB
MemTotal:       12113144 kB
MemFree:         6362104 kB
MemAvailable:    8058008 kB
Buffers:            6844 kB
Cached:          1711344 kB
SwapCached:            0 kB
Active:          1514628 kB
Inactive:        1499792 kB
Active(anon):    1302652 kB
Inactive(anon):    22108 kB
Active(file):     211976 kB
Inactive(file):  1477684 kB
Unevictable:        5528 kB
Mlocked:            5528 kB
SwapTotal:       3145724 kB
SwapFree:        3145724 kB
Dirty:               400 kB
Writeback:             0 kB
AnonPages:       1301816 kB
Mapped:           810968 kB
Shmem:             24036 kB
KReclaimable:     874948 kB
Slab:             206036 kB
SReclaimable:      68216 kB
SUnreclaim:       137820 kB
KernelStack:       42736 kB
PageTables:        56564 kB
NFS_Unstable:          0 kB
Bounce:                0 kB
WritebackTmp:          0 kB
CommitLimit:     9202296 kB
Committed_AS:   56781060 kB
VmallocTotal:   263061440 kB
VmallocUsed:       99640 kB
VmallocChunk:          0 kB
Percpu:             7616 kB
CmaTotal:         294912 kB
CmaFree:               0 kB
MemTotal:       12113144 kB
MemFree:         6361100 kB
MemAvailable:    8057004 kB
Buffers:            6844 kB
Cached:          1711344 kB
SwapCached:            0 kB
Active:          1515248 kB
Inactive:        1499792 kB
Active(anon):    1303272 kB
Inactive(anon):    22108 kB
Active(file):     211976 kB
Inactive(file):  1477684 kB
Unevictable:        5528 kB
Mlocked:            5528 kB
SwapTotal:       3145724 kB
SwapFree:        3145724 kB
Dirty:               396 kB
Writeback:             0 kB
AnonPages:       1302636 kB
Mapped:           811228 kB
Shmem:             24036 kB
KReclaimable:     874948 kB
Slab:             206036 kB
SReclaimable:      68216 kB
SUnreclaim:       137820 kB
KernelStack:       42736 kB
PageTables:        56568 kB
NFS_Unstable:          0 kB
Bounce:                0 kB
WritebackTmp:          0 kB
CommitLimit:     9202296 kB
Committed_AS:   56781816 kB
VmallocTotal:   263061440 kB
VmallocUsed:       99656 kB
VmallocChunk:          0 kB
Percpu:             7616 kB
CmaTotal:         294912 kB
CmaFree:               0 kB
MemTotal:       12113144 kB
MemFree:         6371072 kB
MemAvailable:    8066972 kB
Buffers:            6844 kB
Cached:          1711344 kB
SwapCached:            0 kB
Active:          1504728 kB
Inactive:        1499792 kB
Active(anon):    1292752 kB
Inactive(anon):    22108 kB
Active(file):     211976 kB
Inactive(file):  1477684 kB
Unevictable:        5528 kB
Mlocked:            5528 kB
SwapTotal:       3145724 kB
SwapFree:        3145724 kB
Dirty:               400 kB
Writeback:             0 kB
AnonPages:       1292088 kB
Mapped:           811228 kB
Shmem:             24036 kB
KReclaimable:     874944 kB
Slab:             206016 kB
SReclaimable:      68212 kB
SUnreclaim:       137804 kB
KernelStack:       42768 kB
PageTables:        56620 kB
NFS_Unstable:          0 kB
Bounce:                0 kB
WritebackTmp:          0 kB
CommitLimit:     9202296 kB
Committed_AS:   56781720 kB
VmallocTotal:   263061440 kB
VmallocUsed:       99640 kB
VmallocChunk:          0 kB
Percpu:             7616 kB
CmaTotal:         294912 kB
CmaFree:               0 kB
MemTotal:       12113144 kB
MemFree:         6370940 kB
MemAvailable:    8066840 kB
Buffers:            6844 kB
Cached:          1711344 kB
SwapCached:            0 kB
Active:          1505052 kB
Inactive:        1499792 kB
Active(anon):    1293076 kB
Inactive(anon):    22108 kB
Active(file):     211976 kB
Inactive(file):  1477684 kB
Unevictable:        5528 kB
Mlocked:            5528 kB
SwapTotal:       3145724 kB
SwapFree:        3145724 kB
Dirty:               400 kB
Writeback:             0 kB
AnonPages:       1292300 kB
Mapped:           811228 kB
Shmem:             24036 kB
KReclaimable:     874944 kB
Slab:             206016 kB
SReclaimable:      68212 kB
SUnreclaim:       137804 kB
KernelStack:       42736 kB
PageTables:        56576 kB
NFS_Unstable:          0 kB
Bounce:                0 kB
WritebackTmp:          0 kB
CommitLimit:     9202296 kB
Committed_AS:   56781120 kB
VmallocTotal:   263061440 kB
VmallocUsed:       99672 kB
VmallocChunk:          0 kB
Percpu:             7616 kB
CmaTotal:         294912 kB
CmaFree:               0 kB
MemTotal:       12113144 kB
MemFree:         6370908 kB
MemAvailable:    8066808 kB
Buffers:            6844 kB
Cached:          1711344 kB
SwapCached:            0 kB
Active:          1505484 kB
Inactive:        1499792 kB
Active(anon):    1293508 kB
Inactive(anon):    22108 kB
Active(file):     211976 kB
Inactive(file):  1477684 kB
Unevictable:        5528 kB
Mlocked:            5528 kB
SwapTotal:       3145724 kB
SwapFree:        3145724 kB
Dirty:               400 kB
Writeback:             0 kB
AnonPages:       1292668 kB
Mapped:           810968 kB
Shmem:             24036 kB
KReclaimable:     874944 kB
Slab:             206016 kB
SReclaimable:      68212 kB
SUnreclaim:       137804 kB
KernelStack:       42736 kB
PageTables:        56440 kB
NFS_Unstable:          0 kB
Bounce:                0 kB
WritebackTmp:          0 kB
CommitLimit:     9202296 kB
Committed_AS:   56776276 kB
VmallocTotal:   263061440 kB
VmallocUsed:       99656 kB
VmallocChunk:          0 kB
Percpu:             7616 kB
CmaTotal:         294912 kB
CmaFree:               0 kB
MemTotal:       12113144 kB
MemFree:         6371564 kB
MemAvailable:    8067464 kB
Buffers:            6844 kB
Cached:          1711344 kB
SwapCached:            0 kB
Active:          1505876 kB
Inactive:        1499792 kB
Active(anon):    1293900 kB
Inactive(anon):    22108 kB
Active(file):     211976 kB
Inactive(file):  1477684 kB
Unevictable:        5528 kB
Mlocked:            5528 kB
SwapTotal:       3145724 kB
SwapFree:        3145724 kB
Dirty:               416 kB
Writeback:             0 kB
AnonPages:       1293040 kB
Mapped:           811228 kB
Shmem:             24036 kB
KReclaimable:     874944 kB
Slab:             206024 kB
SReclaimable:      68212 kB
SUnreclaim:       137812 kB
KernelStack:       42736 kB
PageTables:        56564 kB
NFS_Unstable:          0 kB
Bounce:                0 kB
WritebackTmp:          0 kB
CommitLimit:     9202296 kB
Committed_AS:   56775968 kB
VmallocTotal:   263061440 kB
VmallocUsed:       99640 kB
VmallocChunk:          0 kB
Percpu:             7616 kB
CmaTotal:         294912 kB
CmaFree:               0 kB
MemTotal:       12113144 kB
MemFree:         6370340 kB
MemAvailable:    8066240 kB
Buffers:            6844 kB
Cached:          1711344 kB
SwapCached:            0 kB
Active:          1506448 kB
Inactive:        1499792 kB
Active(anon):    1294472 kB
Inactive(anon):    22108 kB
Active(file):     211976 kB
Inactive(file):  1477684 kB
Unevictable:        5528 kB
Mlocked:            5528 kB
SwapTotal:       3145724 kB
SwapFree:        3145724 kB
Dirty:               416 kB
Writeback:             0 kB
AnonPages:       1293664 kB
Mapped:           811228 kB
Shmem:             24036 kB
KReclaimable:     874944 kB
Slab:             206024 kB
SReclaimable:      68212 kB
SUnreclaim:       137812 kB
KernelStack:       42736 kB
PageTables:        56564 kB
NFS_Unstable:          0 kB
Bounce:                0 kB
WritebackTmp:          0 kB
CommitLimit:     9202296 kB
Committed_AS:   56775640 kB
VmallocTotal:   263061440 kB
VmallocUsed:       99656 kB
VmallocChunk:          0 kB
Percpu:             7616 kB
CmaTotal:         294912 kB
CmaFree:               0 kB
MemTotal:       12113144 kB
MemFree:         6369604 kB
MemAvailable:    8065504 kB
Buffers:            6844 kB
Cached:          1711344 kB
SwapCached:            0 kB
Active:          1506780 kB
Inactive:        1499792 kB
Active(anon):    1294804 kB
Inactive(anon):    22108 kB
Active(file):     211976 kB
Inactive(file):  1477684 kB
Unevictable:        5528 kB
Mlocked:            5528 kB
SwapTotal:       3145724 kB
SwapFree:        3145724 kB
Dirty:               416 kB
Writeback:             0 kB
AnonPages:       1294072 kB
Mapped:           811228 kB
Shmem:             24036 kB
KReclaimable:     874944 kB
Slab:             206032 kB
SReclaimable:      68212 kB
SUnreclaim:       137820 kB
KernelStack:       42736 kB
PageTables:        56564 kB
NFS_Unstable:          0 kB
Bounce:                0 kB
WritebackTmp:          0 kB
CommitLimit:     9202296 kB
Committed_AS:   56775508 kB
VmallocTotal:   263061440 kB
VmallocUsed:       99656 kB
VmallocChunk:          0 kB
Percpu:             7616 kB
CmaTotal:         294912 kB
CmaFree:               0 kB
MemTotal:       12113144 kB
MemFree:         6368180 kB
MemAvailable:    8064080 kB
Buffers:            6844 kB
Cached:          1711344 kB
SwapCached:            0 kB
Active:          1507128 kB
Inactive:        1499792 kB
Active(anon):    1295152 kB
Inactive(anon):    22108 kB
Active(file):     211976 kB
Inactive(file):  1477684 kB
Unevictable:        5528 kB
Mlocked:            5528 kB
SwapTotal:       3145724 kB
SwapFree:        3145724 kB
Dirty:               416 kB
Writeback:             0 kB
AnonPages:       1294320 kB
Mapped:           811032 kB
Shmem:             24036 kB
KReclaimable:     874944 kB
Slab:             206032 kB
SReclaimable:      68212 kB
SUnreclaim:       137820 kB
KernelStack:       42768 kB
PageTables:        56584 kB
NFS_Unstable:          0 kB
Bounce:                0 kB
WritebackTmp:          0 kB
CommitLimit:     9202296 kB
Committed_AS:   56781232 kB
VmallocTotal:   263061440 kB
VmallocUsed:       99672 kB
VmallocChunk:          0 kB
Percpu:             7616 kB
CmaTotal:         294912 kB
CmaFree:               0 kB
MemTotal:       12113144 kB
MemFree:         6368896 kB
MemAvailable:    8064796 kB
Buffers:            6844 kB
Cached:          1711344 kB
SwapCached:            0 kB
Active:          1507628 kB
Inactive:        1499792 kB
Active(anon):    1295652 kB
Inactive(anon):    22108 kB
Active(file):     211976 kB
Inactive(file):  1477684 kB
Unevictable:        5528 kB
Mlocked:            5528 kB
SwapTotal:       3145724 kB
SwapFree:        3145724 kB
Dirty:               416 kB
Writeback:             0 kB
AnonPages:       1294860 kB
Mapped:           811228 kB
Shmem:             24036 kB
KReclaimable:     874944 kB
Slab:             206016 kB
SReclaimable:      68212 kB
SUnreclaim:       137804 kB
KernelStack:       42736 kB
PageTables:        56564 kB
NFS_Unstable:          0 kB
Bounce:                0 kB
WritebackTmp:          0 kB
CommitLimit:     9202296 kB
Committed_AS:   56781232 kB
VmallocTotal:   263061440 kB
VmallocUsed:       99640 kB
VmallocChunk:          0 kB
Percpu:             7616 kB
CmaTotal:         294912 kB
CmaFree:               0 kB
MemTotal:       12113144 kB
MemFree:         6368424 kB
MemAvailable:    8064324 kB
Buffers:            6844 kB
Cached:          1711344 kB
SwapCached:            0 kB
Active:          1507796 kB
Inactive:        1499792 kB
Active(anon):    1295820 kB
Inactive(anon):    22108 kB
Active(file):     211976 kB
Inactive(file):  1477684 kB
Unevictable:        5528 kB
Mlocked:            5528 kB
SwapTotal:       3145724 kB
SwapFree:        3145724 kB
Dirty:               400 kB
Writeback:             0 kB
AnonPages:       1294992 kB
Mapped:           811228 kB
Shmem:             24036 kB
KReclaimable:     874944 kB
Slab:             206016 kB
SReclaimable:      68212 kB
SUnreclaim:       137804 kB
KernelStack:       42736 kB
PageTables:        56564 kB
NFS_Unstable:          0 kB
Bounce:                0 kB
WritebackTmp:          0 kB
CommitLimit:     9202296 kB
Committed_AS:   56781188 kB
VmallocTotal:   263061440 kB
VmallocUsed:       99656 kB
VmallocChunk:          0 kB
Percpu:             7616 kB
CmaTotal:         294912 kB
CmaFree:               0 kB
MemTotal:       12113144 kB
MemFree:         6367636 kB
MemAvailable:    8063556 kB
Buffers:            6852 kB
Cached:          1711356 kB
SwapCached:            0 kB
Active:          1508364 kB
Inactive:        1499804 kB
Active(anon):    1296380 kB
Inactive(anon):    22108 kB
Active(file):     211984 kB
Inactive(file):  1477696 kB
Unevictable:        5528 kB
Mlocked:            5528 kB
SwapTotal:       3145724 kB
SwapFree:        3145724 kB
Dirty:               400 kB
Writeback:             0 kB
AnonPages:       1295532 kB
Mapped:           811228 kB
Shmem:             24036 kB
KReclaimable:     874944 kB
Slab:             206016 kB
SReclaimable:      68212 kB
SUnreclaim:       137804 kB
KernelStack:       42736 kB
PageTables:        56564 kB
NFS_Unstable:          0 kB
Bounce:                0 kB
WritebackTmp:          0 kB
CommitLimit:     9202296 kB
Committed_AS:   56780836 kB
VmallocTotal:   263061440 kB
VmallocUsed:       99656 kB
VmallocChunk:          0 kB
Percpu:             7616 kB
CmaTotal:         294912 kB
CmaFree:               0 kB
MemTotal:       12113144 kB
MemFree:         6365328 kB
MemAvailable:    8057972 kB
Buffers:            6852 kB
Cached:          1711532 kB
SwapCached:            0 kB
Active:          1512216 kB
Inactive:        1499956 kB
Active(anon):    1300232 kB
Inactive(anon):    22252 kB
Active(file):     211984 kB
Inactive(file):  1477704 kB
Unevictable:        5528 kB
Mlocked:            5528 kB
SwapTotal:       3145724 kB
SwapFree:        3145724 kB
Dirty:               488 kB
Writeback:             0 kB
AnonPages:       1299368 kB
Mapped:           810248 kB
Shmem:             24204 kB
KReclaimable:     871660 kB
Slab:             206024 kB
SReclaimable:      68212 kB
SUnreclaim:       137812 kB
KernelStack:       42848 kB
PageTables:        56576 kB
NFS_Unstable:          0 kB
Bounce:                0 kB
WritebackTmp:          0 kB
CommitLimit:     9202296 kB
Committed_AS:   56788324 kB
VmallocTotal:   263061440 kB
VmallocUsed:       99704 kB
VmallocChunk:          0 kB
Percpu:             7616 kB
CmaTotal:         294912 kB
CmaFree:               0 kB
MemTotal:       12113144 kB
MemFree:         6363312 kB
MemAvailable:    8055956 kB
Buffers:            6852 kB
Cached:          1711516 kB
SwapCached:            0 kB
Active:          1513124 kB
Inactive:        1499940 kB
Active(anon):    1301140 kB
Inactive(anon):    22236 kB
Active(file):     211984 kB
Inactive(file):  1477704 kB
Unevictable:        5528 kB
Mlocked:            5528 kB
SwapTotal:       3145724 kB
SwapFree:        3145724 kB
Dirty:               516 kB
Writeback:             0 kB
AnonPages:       1300276 kB
Mapped:           810644 kB
Shmem:             24188 kB
KReclaimable:     871660 kB
Slab:             206024 kB
SReclaimable:      68212 kB
SUnreclaim:       137812 kB
KernelStack:       42896 kB
PageTables:        56584 kB
NFS_Unstable:          0 kB
Bounce:                0 kB
WritebackTmp:          0 kB
CommitLimit:     9202296 kB
Committed_AS:   56788760 kB
VmallocTotal:   263061440 kB
VmallocUsed:       99720 kB
VmallocChunk:          0 kB
Percpu:             7616 kB
CmaTotal:         294912 kB
CmaFree:               0 kB
MemTotal:       12113144 kB
MemFree:         6362744 kB
MemAvailable:    8055388 kB
Buffers:            6852 kB
Cached:          1711516 kB
SwapCached:            0 kB
Active:          1513696 kB
Inactive:        1499940 kB
Active(anon):    1301712 kB
Inactive(anon):    22236 kB
Active(file):     211984 kB
Inactive(file):  1477704 kB
Unevictable:        5528 kB
Mlocked:            5528 kB
SwapTotal:       3145724 kB
SwapFree:        3145724 kB
Dirty:               360 kB
Writeback:             0 kB
AnonPages:       1300792 kB
Mapped:           810676 kB
Shmem:             24188 kB
KReclaimable:     871660 kB
Slab:             206024 kB
SReclaimable:      68212 kB
SUnreclaim:       137812 kB
KernelStack:       42896 kB
PageTables:        56576 kB
NFS_Unstable:          0 kB
Bounce:                0 kB
WritebackTmp:          0 kB
CommitLimit:     9202296 kB
Committed_AS:   56783468 kB
VmallocTotal:   263061440 kB
VmallocUsed:       99736 kB
VmallocChunk:          0 kB
Percpu:             7616 kB
CmaTotal:         294912 kB
CmaFree:               0 kB
MemTotal:       12113144 kB
MemFree:         6368544 kB
MemAvailable:    8061188 kB
Buffers:            6852 kB
Cached:          1711516 kB
SwapCached:            0 kB
Active:          1508312 kB
Inactive:        1499940 kB
Active(anon):    1296328 kB
Inactive(anon):    22236 kB
Active(file):     211984 kB
Inactive(file):  1477704 kB
Unevictable:        5528 kB
Mlocked:            5528 kB
SwapTotal:       3145724 kB
SwapFree:        3145724 kB
Dirty:               376 kB
Writeback:             0 kB
AnonPages:       1295556 kB
Mapped:           810448 kB
Shmem:             24188 kB
KReclaimable:     871660 kB
Slab:             206024 kB
SReclaimable:      68212 kB
SUnreclaim:       137812 kB
KernelStack:       42896 kB
PageTables:        56584 kB
NFS_Unstable:          0 kB
Bounce:                0 kB
WritebackTmp:          0 kB
CommitLimit:     9202296 kB
Committed_AS:   56788548 kB
VmallocTotal:   263061440 kB
VmallocUsed:       99752 kB
VmallocChunk:          0 kB
Percpu:             7616 kB
CmaTotal:         294912 kB
CmaFree:               0 kB
MemTotal:       12113144 kB
MemFree:         6367252 kB
MemAvailable:    8059896 kB
Buffers:            6852 kB
Cached:          1711516 kB
SwapCached:            0 kB
Active:          1508860 kB
Inactive:        1499940 kB
Active(anon):    1296876 kB
Inactive(anon):    22236 kB
Active(file):     211984 kB
Inactive(file):  1477704 kB
Unevictable:        5528 kB
Mlocked:            5528 kB
SwapTotal:       3145724 kB
SwapFree:        3145724 kB
Dirty:               396 kB
Writeback:             0 kB
AnonPages:       1295896 kB
Mapped:           810520 kB
Shmem:             24188 kB
KReclaimable:     871660 kB
Slab:             206024 kB
SReclaimable:      68212 kB
SUnreclaim:       137812 kB
KernelStack:       42928 kB
PageTables:        56620 kB
NFS_Unstable:          0 kB
Bounce:                0 kB
WritebackTmp:          0 kB
CommitLimit:     9202296 kB
Committed_AS:   56788724 kB
VmallocTotal:   263061440 kB
VmallocUsed:       99768 kB
VmallocChunk:          0 kB
Percpu:             7616 kB
CmaTotal:         294912 kB
CmaFree:               0 kB
MemTotal:       12113144 kB
MemFree:         6367328 kB
MemAvailable:    8059972 kB
Buffers:            6852 kB
Cached:          1711516 kB
SwapCached:            0 kB
Active:          1509796 kB
Inactive:        1499940 kB
Active(anon):    1297812 kB
Inactive(anon):    22236 kB
Active(file):     211984 kB
Inactive(file):  1477704 kB
Unevictable:        5528 kB
Mlocked:            5528 kB
SwapTotal:       3145724 kB
SwapFree:        3145724 kB
Dirty:               412 kB
Writeback:             0 kB
AnonPages:       1297032 kB
Mapped:           810752 kB
Shmem:             24188 kB
KReclaimable:     871660 kB
Slab:             206016 kB
SReclaimable:      68212 kB
SUnreclaim:       137804 kB
KernelStack:       42896 kB
PageTables:        56508 kB
NFS_Unstable:          0 kB
Bounce:                0 kB
WritebackTmp:          0 kB
CommitLimit:     9202296 kB
Committed_AS:   56788964 kB
VmallocTotal:   263061440 kB
VmallocUsed:       99752 kB
VmallocChunk:          0 kB
Percpu:             7616 kB
CmaTotal:         294912 kB
CmaFree:               0 kB
MemTotal:       12113144 kB
MemFree:         6365300 kB
MemAvailable:    8057944 kB
Buffers:            6852 kB
Cached:          1711516 kB
SwapCached:            0 kB
Active:          1510652 kB
Inactive:        1499940 kB
Active(anon):    1298668 kB
Inactive(anon):    22236 kB
Active(file):     211984 kB
Inactive(file):  1477704 kB
Unevictable:        5528 kB
Mlocked:            5528 kB
SwapTotal:       3145724 kB
SwapFree:        3145724 kB
Dirty:               432 kB
Writeback:             0 kB
AnonPages:       1297988 kB
Mapped:           810796 kB
Shmem:             24188 kB
KReclaimable:     871660 kB
Slab:             206032 kB
SReclaimable:      68212 kB
SUnreclaim:       137820 kB
KernelStack:       42896 kB
PageTables:        56572 kB
NFS_Unstable:          0 kB
Bounce:                0 kB
WritebackTmp:          0 kB
CommitLimit:     9202296 kB
Committed_AS:   56788812 kB
VmallocTotal:   263061440 kB
VmallocUsed:       99768 kB
VmallocChunk:          0 kB
Percpu:             7616 kB
CmaTotal:         294912 kB
CmaFree:               0 kB
MemTotal:       12113144 kB
MemFree:         6365380 kB
MemAvailable:    8058024 kB
Buffers:            6852 kB
Cached:          1711520 kB
SwapCached:            0 kB
Active:          1510820 kB
Inactive:        1499944 kB
Active(anon):    1298836 kB
Inactive(anon):    22240 kB
Active(file):     211984 kB
Inactive(file):  1477704 kB
Unevictable:        5528 kB
Mlocked:            5528 kB
SwapTotal:       3145724 kB
SwapFree:        3145724 kB
Dirty:               328 kB
Writeback:             0 kB
AnonPages:       1298144 kB
Mapped:           810828 kB
Shmem:             24192 kB
KReclaimable:     871660 kB
Slab:             206008 kB
SReclaimable:      68212 kB
SUnreclaim:       137796 kB
KernelStack:       42896 kB
PageTables:        56580 kB
NFS_Unstable:          0 kB
Bounce:                0 kB
WritebackTmp:          0 kB
CommitLimit:     9202296 kB
Committed_AS:   56788724 kB
VmallocTotal:   263061440 kB
VmallocUsed:       99752 kB
VmallocChunk:          0 kB
Percpu:             7616 kB
CmaTotal:         294912 kB
CmaFree:               0 kB
MemTotal:       12113144 kB
MemFree:         6364448 kB
MemAvailable:    8057100 kB
Buffers:            6852 kB
Cached:          1711528 kB
SwapCached:            0 kB
Active:          1511528 kB
Inactive:        1499952 kB
Active(anon):    1299544 kB
Inactive(anon):    22240 kB
Active(file):     211984 kB
Inactive(file):  1477712 kB
Unevictable:        5528 kB
Mlocked:            5528 kB
SwapTotal:       3145724 kB
SwapFree:        3145724 kB
Dirty:               368 kB
Writeback:             0 kB
AnonPages:       1298668 kB
Mapped:           810860 kB
Shmem:             24192 kB
KReclaimable:     871660 kB
Slab:             206024 kB
SReclaimable:      68212 kB
SUnreclaim:       137812 kB
KernelStack:       42880 kB
PageTables:        56580 kB
NFS_Unstable:          0 kB
Bounce:                0 kB
WritebackTmp:          0 kB
CommitLimit:     9202296 kB
Committed_AS:   56788812 kB
VmallocTotal:   263061440 kB
VmallocUsed:       99784 kB
VmallocChunk:          0 kB
Percpu:             7616 kB
CmaTotal:         294912 kB
CmaFree:               0 kB
MemTotal:       12113144 kB
MemFree:         6367408 kB
MemAvailable:    8060060 kB
Buffers:            6852 kB
Cached:          1711536 kB
SwapCached:            0 kB
Active:          1508736 kB
Inactive:        1499960 kB
Active(anon):    1296752 kB
Inactive(anon):    22248 kB
Active(file):     211984 kB
Inactive(file):  1477712 kB
Unevictable:        5528 kB
Mlocked:            5528 kB
SwapTotal:       3145724 kB
SwapFree:        3145724 kB
Dirty:               384 kB
Writeback:             0 kB
AnonPages:       1295972 kB
Mapped:           810900 kB
Shmem:             24200 kB
KReclaimable:     871660 kB
Slab:             206016 kB
SReclaimable:      68212 kB
SUnreclaim:       137804 kB
KernelStack:       42880 kB
PageTables:        56588 kB
NFS_Unstable:          0 kB
Bounce:                0 kB
WritebackTmp:          0 kB
CommitLimit:     9202296 kB
Committed_AS:   56788868 kB
VmallocTotal:   263061440 kB
VmallocUsed:       99784 kB
VmallocChunk:          0 kB
Percpu:             7616 kB
CmaTotal:         294912 kB
CmaFree:              28 kB
MemTotal:       12113144 kB
MemFree:         6364400 kB
MemAvailable:    8057052 kB
Buffers:            6852 kB
Cached:          1711540 kB
SwapCached:            0 kB
Active:          1510152 kB
Inactive:        1499964 kB
Active(anon):    1298168 kB
Inactive(anon):    22252 kB
Active(file):     211984 kB
Inactive(file):  1477712 kB
Unevictable:        5528 kB
Mlocked:            5528 kB
SwapTotal:       3145724 kB
SwapFree:        3145724 kB
Dirty:               404 kB
Writeback:             0 kB
AnonPages:       1297344 kB
Mapped:           810928 kB
Shmem:             24204 kB
KReclaimable:     871660 kB
Slab:             206016 kB
SReclaimable:      68212 kB
SUnreclaim:       137804 kB
KernelStack:       42864 kB
PageTables:        56572 kB
NFS_Unstable:          0 kB
Bounce:                0 kB
WritebackTmp:          0 kB
CommitLimit:     9202296 kB
Committed_AS:   56788776 kB
VmallocTotal:   263061440 kB
VmallocUsed:       99736 kB
VmallocChunk:          0 kB
Percpu:             7616 kB
CmaTotal:         294912 kB
CmaFree:               0 kB
MemTotal:       12113144 kB
MemFree:         6364296 kB
MemAvailable:    8056948 kB
Buffers:            6852 kB
Cached:          1711544 kB
SwapCached:            0 kB
Active:          1510844 kB
Inactive:        1499968 kB
Active(anon):    1298860 kB
Inactive(anon):    22256 kB
Active(file):     211984 kB
Inactive(file):  1477712 kB
Unevictable:        5528 kB
Mlocked:            5528 kB
SwapTotal:       3145724 kB
SwapFree:        3145724 kB
Dirty:               508 kB
Writeback:             0 kB
AnonPages:       1298072 kB
Mapped:           810964 kB
Shmem:             24208 kB
KReclaimable:     871660 kB
Slab:             206024 kB
SReclaimable:      68212 kB
SUnreclaim:       137812 kB
KernelStack:       42864 kB
PageTables:        56576 kB
NFS_Unstable:          0 kB
Bounce:                0 kB
WritebackTmp:          0 kB
CommitLimit:     9202296 kB
Committed_AS:   56788984 kB
VmallocTotal:   263061440 kB
VmallocUsed:       99736 kB
VmallocChunk:          0 kB
Percpu:             7616 kB
CmaTotal:         294912 kB
CmaFree:               0 kB
MemTotal:       12113144 kB
MemFree:         6369556 kB
MemAvailable:    8062208 kB
Buffers:            6852 kB
Cached:          1711548 kB
SwapCached:            0 kB
Active:          1505068 kB
Inactive:        1499972 kB
Active(anon):    1293084 kB
Inactive(anon):    22260 kB
Active(file):     211984 kB
Inactive(file):  1477712 kB
Unevictable:        5528 kB
Mlocked:            5528 kB
SwapTotal:       3145724 kB
SwapFree:        3145724 kB
Dirty:               332 kB
Writeback:             0 kB
AnonPages:       1292048 kB
Mapped:           810800 kB
Shmem:             24212 kB
KReclaimable:     871660 kB
Slab:             206064 kB
SReclaimable:      68212 kB
SUnreclaim:       137852 kB
KernelStack:       42896 kB
PageTables:        56604 kB
NFS_Unstable:          0 kB
Bounce:                0 kB
WritebackTmp:          0 kB
CommitLimit:     9202296 kB
Committed_AS:   56784108 kB
VmallocTotal:   263061440 kB
VmallocUsed:       99736 kB
VmallocChunk:          0 kB
Percpu:             7616 kB
CmaTotal:         294912 kB
CmaFree:               0 kB
MemTotal:       12113144 kB
MemFree:         6369536 kB
MemAvailable:    8062188 kB
Buffers:            6852 kB
Cached:          1711556 kB
SwapCached:            0 kB
Active:          1505460 kB
Inactive:        1499980 kB
Active(anon):    1293476 kB
Inactive(anon):    22268 kB
Active(file):     211984 kB
Inactive(file):  1477712 kB
Unevictable:        5528 kB
Mlocked:            5528 kB
SwapTotal:       3145724 kB
SwapFree:        3145724 kB
Dirty:               356 kB
Writeback:             0 kB
AnonPages:       1292656 kB
Mapped:           811040 kB
Shmem:             24220 kB
KReclaimable:     871660 kB
Slab:             206048 kB
SReclaimable:      68212 kB
SUnreclaim:       137836 kB
KernelStack:       42864 kB
PageTables:        56576 kB
NFS_Unstable:          0 kB
Bounce:                0 kB
WritebackTmp:          0 kB
CommitLimit:     9202296 kB
Committed_AS:   56783856 kB
VmallocTotal:   263061440 kB
VmallocUsed:       99768 kB
