MemTotal:       12113132 kB
MemFree:         6959024 kB
MemAvailable:    8187064 kB
Buffers:            4708 kB
Cached:          1603104 kB
SwapCached:            0 kB
Active:          1565160 kB
Inactive:        1428728 kB
Active(anon):    1392664 kB
Inactive(anon):    21040 kB
Active(file):     172496 kB
Inactive(file):  1407688 kB
Unevictable:        5576 kB
Mlocked:            5576 kB
SwapTotal:       3145724 kB
SwapFree:        3145724 kB
Dirty:               520 kB
Writeback:             0 kB
AnonPages:       1391632 kB
Mapped:           841112 kB
Shmem:             23104 kB
KReclaimable:     516560 kB
Slab:             217996 kB
SReclaimable:      71516 kB
SUnreclaim:       146480 kB
KernelStack:       48736 kB
PageTables:        65328 kB
NFS_Unstable:          0 kB
Bounce:                0 kB
WritebackTmp:          0 kB
CommitLimit:     9202288 kB
Committed_AS:   74898788 kB
VmallocTotal:   263061440 kB
VmallocUsed:      105888 kB
VmallocChunk:          0 kB
Percpu:             7648 kB
CmaTotal:         294912 kB
CmaFree:              60 kB
MemTotal:       12113132 kB
MemFree:         6958288 kB
MemAvailable:    8186484 kB
Buffers:            4708 kB
Cached:          1603452 kB
SwapCached:            0 kB
Active:          1565836 kB
Inactive:        1428976 kB
Active(anon):    1393236 kB
Inactive(anon):    21236 kB
Active(file):     172600 kB
Inactive(file):  1407740 kB
Unevictable:        5576 kB
Mlocked:            5576 kB
SwapTotal:       3145724 kB
SwapFree:        3145724 kB
Dirty:               564 kB
Writeback:             0 kB
AnonPages:       1392196 kB
Mapped:           841424 kB
Shmem:             23296 kB
KReclaimable:     516560 kB
Slab:             218028 kB
SReclaimable:      71516 kB
SUnreclaim:       146512 kB
KernelStack:       48720 kB
PageTables:        65376 kB
NFS_Unstable:          0 kB
Bounce:                0 kB
WritebackTmp:          0 kB
CommitLimit:     9202288 kB
Committed_AS:   74898488 kB
VmallocTotal:   263061440 kB
VmallocUsed:      105920 kB
VmallocChunk:          0 kB
Percpu:             7648 kB
CmaTotal:         294912 kB
CmaFree:              28 kB
MemTotal:       12113132 kB
MemFree:         6954892 kB
MemAvailable:    8183136 kB
Buffers:            4712 kB
Cached:          1603496 kB
SwapCached:            0 kB
Active:          1570356 kB
Inactive:        1429004 kB
Active(anon):    1397736 kB
Inactive(anon):    21236 kB
Active(file):     172620 kB
Inactive(file):  1407768 kB
Unevictable:        5576 kB
Mlocked:            5576 kB
SwapTotal:       3145724 kB
SwapFree:        3145724 kB
Dirty:               360 kB
Writeback:             0 kB
AnonPages:       1396820 kB
Mapped:           841456 kB
Shmem:             23296 kB
KReclaimable:     516560 kB
Slab:             217892 kB
SReclaimable:      71516 kB
SUnreclaim:       146376 kB
KernelStack:       48708 kB
PageTables:        65460 kB
NFS_Unstable:          0 kB
Bounce:                0 kB
WritebackTmp:          0 kB
CommitLimit:     9202288 kB
Committed_AS:   74897112 kB
VmallocTotal:   263061440 kB
VmallocUsed:      105952 kB
VmallocChunk:          0 kB
Percpu:             7648 kB
CmaTotal:         294912 kB
CmaFree:               0 kB
MemTotal:       12113132 kB
MemFree:         6946328 kB
MemAvailable:    8174800 kB
Buffers:            4712 kB
Cached:          1603316 kB
SwapCached:            0 kB
Active:          1575480 kB
Inactive:        1428828 kB
Active(anon):    1402832 kB
Inactive(anon):    21056 kB
Active(file):     172648 kB
Inactive(file):  1407772 kB
Unevictable:        5576 kB
Mlocked:            5576 kB
SwapTotal:       3145724 kB
SwapFree:        3145724 kB
Dirty:               416 kB
Writeback:             0 kB
AnonPages:       1401684 kB
Mapped:           840528 kB
Shmem:             23084 kB
KReclaimable:     516756 kB
Slab:             218160 kB
SReclaimable:      71560 kB
SUnreclaim:       146600 kB
KernelStack:       48708 kB
PageTables:        65552 kB
NFS_Unstable:          0 kB
Bounce:                0 kB
WritebackTmp:          0 kB
CommitLimit:     9202288 kB
Committed_AS:   74908968 kB
VmallocTotal:   263061440 kB
VmallocUsed:      105904 kB
VmallocChunk:          0 kB
Percpu:             7648 kB
CmaTotal:         294912 kB
CmaFree:              16 kB
MemTotal:       12113132 kB
MemFree:         6943440 kB
MemAvailable:    8171656 kB
Buffers:            4712 kB
Cached:          1603704 kB
SwapCached:            0 kB
Active:          1578836 kB
Inactive:        1429192 kB
Active(anon):    1406180 kB
Inactive(anon):    21412 kB
Active(file):     172656 kB
Inactive(file):  1407780 kB
Unevictable:        5576 kB
Mlocked:            5576 kB
SwapTotal:       3145724 kB
SwapFree:        3145724 kB
Dirty:               452 kB
Writeback:             0 kB
AnonPages:       1405180 kB
Mapped:           841460 kB
Shmem:             23456 kB
KReclaimable:     516484 kB
Slab:             217824 kB
SReclaimable:      71592 kB
SUnreclaim:       146232 kB
KernelStack:       48752 kB
PageTables:        65596 kB
NFS_Unstable:          0 kB
Bounce:                0 kB
WritebackTmp:          0 kB
CommitLimit:     9202288 kB
Committed_AS:   74908372 kB
VmallocTotal:   263061440 kB
VmallocUsed:      105920 kB
VmallocChunk:          0 kB
Percpu:             7648 kB
CmaTotal:         294912 kB
CmaFree:               0 kB
MemTotal:       12113132 kB
MemFree:         6805204 kB
MemAvailable:    8134612 kB
Buffers:            4712 kB
Cached:          1708088 kB
SwapCached:            0 kB
Active:          1612152 kB
Inactive:        1532712 kB
Active(anon):    1438492 kB
Inactive(anon):    23856 kB
Active(file):     173660 kB
Inactive(file):  1508856 kB
Unevictable:        5576 kB
Mlocked:            5576 kB
SwapTotal:       3145724 kB
SwapFree:        3145724 kB
Dirty:               616 kB
Writeback:             0 kB
AnonPages:       1437528 kB
Mapped:           911768 kB
Shmem:             25900 kB
KReclaimable:     515596 kB
Slab:             220020 kB
SReclaimable:      72300 kB
SUnreclaim:       147720 kB
KernelStack:       49576 kB
PageTables:        66916 kB
NFS_Unstable:          0 kB
Bounce:                0 kB
WritebackTmp:          0 kB
CommitLimit:     9202288 kB
Committed_AS:   78121912 kB
VmallocTotal:   263061440 kB
VmallocUsed:      106728 kB
VmallocChunk:          0 kB
Percpu:             7648 kB
CmaTotal:         294912 kB
CmaFree:               0 kB
MemTotal:       12113132 kB
MemFree:         6719172 kB
MemAvailable:    8064500 kB
Buffers:            4712 kB
Cached:          1747092 kB
SwapCached:            0 kB
Active:          1658332 kB
Inactive:        1560876 kB
Active(anon):    1476796 kB
Inactive(anon):    23964 kB
Active(file):     181536 kB
Inactive(file):  1536912 kB
Unevictable:        5576 kB
Mlocked:            5576 kB
SwapTotal:       3145724 kB
SwapFree:        3145724 kB
Dirty:               992 kB
Writeback:             0 kB
AnonPages:       1473508 kB
Mapped:           948216 kB
Shmem:             28056 kB
KReclaimable:     495584 kB
Slab:             225048 kB
SReclaimable:      73564 kB
SUnreclaim:       151484 kB
KernelStack:       51088 kB
PageTables:        71316 kB
NFS_Unstable:          0 kB
Bounce:                0 kB
WritebackTmp:          0 kB
CommitLimit:     9202288 kB
Committed_AS:   83545820 kB
VmallocTotal:   263061440 kB
VmallocUsed:      108280 kB
VmallocChunk:          0 kB
Percpu:             7648 kB
CmaTotal:         294912 kB
CmaFree:               0 kB
MemTotal:       12113132 kB
MemFree:         6666420 kB
MemAvailable:    8000240 kB
Buffers:            4712 kB
Cached:          1758540 kB
SwapCached:            0 kB
Active:          1702100 kB
Inactive:        1569936 kB
Active(anon):    1517380 kB
Inactive(anon):    27680 kB
Active(file):     184720 kB
Inactive(file):  1542256 kB
Unevictable:        5576 kB
Mlocked:            5576 kB
SwapTotal:       3145724 kB
SwapFree:        3145724 kB
Dirty:              1404 kB
Writeback:             0 kB
AnonPages:       1514448 kB
Mapped:           958960 kB
Shmem:             31752 kB
KReclaimable:     468864 kB
Slab:             226348 kB
SReclaimable:      74464 kB
SUnreclaim:       151884 kB
KernelStack:       51472 kB
PageTables:        71676 kB
NFS_Unstable:          0 kB
Bounce:                0 kB
WritebackTmp:          0 kB
CommitLimit:     9202288 kB
Committed_AS:   83616024 kB
VmallocTotal:   263061440 kB
VmallocUsed:      108632 kB
VmallocChunk:          0 kB
Percpu:             7648 kB
CmaTotal:         294912 kB
CmaFree:               0 kB
MemTotal:       12113132 kB
MemFree:         6640896 kB
MemAvailable:    7977692 kB
Buffers:            4712 kB
Cached:          1763320 kB
SwapCached:            0 kB
Active:          1721568 kB
Inactive:        1573796 kB
Active(anon):    1535928 kB
Inactive(anon):    29024 kB
Active(file):     185640 kB
Inactive(file):  1544772 kB
Unevictable:        5576 kB
Mlocked:            5576 kB
SwapTotal:       3145724 kB
SwapFree:        3145724 kB
Dirty:              2356 kB
Writeback:             0 kB
AnonPages:       1532720 kB
Mapped:           961744 kB
Shmem:             33096 kB
KReclaimable:     467944 kB
Slab:             226532 kB
SReclaimable:      74560 kB
SUnreclaim:       151972 kB
KernelStack:       51424 kB
PageTables:        71692 kB
NFS_Unstable:          0 kB
Bounce:                0 kB
WritebackTmp:          0 kB
CommitLimit:     9202288 kB
Committed_AS:   83674620 kB
VmallocTotal:   263061440 kB
VmallocUsed:      108696 kB
VmallocChunk:          0 kB
Percpu:             7648 kB
CmaTotal:         294912 kB
CmaFree:               0 kB
MemTotal:       12113132 kB
MemFree:         6608624 kB
MemAvailable:    7945452 kB
Buffers:            4712 kB
Cached:          1766728 kB
SwapCached:            0 kB
Active:          1750724 kB
Inactive:        1575700 kB
Active(anon):    1563644 kB
Inactive(anon):    31660 kB
Active(file):     187080 kB
Inactive(file):  1544040 kB
Unevictable:        5576 kB
Mlocked:            5576 kB
SwapTotal:       3145724 kB
SwapFree:        3145724 kB
Dirty:              4280 kB
Writeback:             0 kB
AnonPages:       1560672 kB
Mapped:           965636 kB
Shmem:             35732 kB
KReclaimable:     466592 kB
Slab:             227016 kB
SReclaimable:      74776 kB
SUnreclaim:       152240 kB
KernelStack:       51600 kB
PageTables:        72000 kB
NFS_Unstable:          0 kB
Bounce:                0 kB
WritebackTmp:          0 kB
CommitLimit:     9202288 kB
Committed_AS:   83733016 kB
VmallocTotal:   263061440 kB
VmallocUsed:      108840 kB
VmallocChunk:          0 kB
Percpu:             7648 kB
CmaTotal:         294912 kB
CmaFree:               0 kB
MemTotal:       12113132 kB
MemFree:         6582008 kB
MemAvailable:    7919224 kB
Buffers:            4712 kB
Cached:          1767596 kB
SwapCached:            0 kB
Active:          1776376 kB
Inactive:        1576460 kB
Active(anon):    1589260 kB
Inactive(anon):    32096 kB
Active(file):     187116 kB
Inactive(file):  1544364 kB
Unevictable:        5576 kB
Mlocked:            5576 kB
SwapTotal:       3145724 kB
SwapFree:        3145724 kB
Dirty:              5172 kB
Writeback:             0 kB
AnonPages:       1586296 kB
Mapped:           966844 kB
Shmem:             36168 kB
KReclaimable:     466648 kB
Slab:             227072 kB
SReclaimable:      74832 kB
SUnreclaim:       152240 kB
KernelStack:       51488 kB
PageTables:        71904 kB
NFS_Unstable:          0 kB
Bounce:                0 kB
WritebackTmp:          0 kB
CommitLimit:     9202288 kB
Committed_AS:   83762952 kB
VmallocTotal:   263061440 kB
VmallocUsed:      108840 kB
VmallocChunk:          0 kB
Percpu:             7648 kB
CmaTotal:         294912 kB
CmaFree:               0 kB
MemTotal:       12113132 kB
MemFree:         6549476 kB
MemAvailable:    7888740 kB
Buffers:            4712 kB
Cached:          1771324 kB
SwapCached:            0 kB
Active:          1803904 kB
Inactive:        1580000 kB
Active(anon):    1616476 kB
Inactive(anon):    34032 kB
Active(file):     187428 kB
Inactive(file):  1545968 kB
Unevictable:        5576 kB
Mlocked:            5576 kB
SwapTotal:       3145724 kB
SwapFree:        3145724 kB
Dirty:              6776 kB
Writeback:             0 kB
AnonPages:       1613616 kB
Mapped:           968600 kB
Shmem:             38116 kB
KReclaimable:     466908 kB
Slab:             227608 kB
SReclaimable:      75092 kB
SUnreclaim:       152516 kB
KernelStack:       51392 kB
PageTables:        72232 kB
NFS_Unstable:          0 kB
Bounce:                0 kB
WritebackTmp:          0 kB
CommitLimit:     9202288 kB
Committed_AS:   83823684 kB
VmallocTotal:   263061440 kB
VmallocUsed:      108728 kB
VmallocChunk:          0 kB
Percpu:             7648 kB
CmaTotal:         294912 kB
CmaFree:               0 kB
MemTotal:       12113132 kB
MemFree:         6530148 kB
MemAvailable:    7870408 kB
Buffers:            4712 kB
Cached:          1773416 kB
SwapCached:            0 kB
Active:          1816728 kB
Inactive:        1581876 kB
Active(anon):    1629072 kB
Inactive(anon):    35152 kB
Active(file):     187656 kB
Inactive(file):  1546724 kB
Unevictable:        5576 kB
Mlocked:            5576 kB
SwapTotal:       3145724 kB
SwapFree:        3145724 kB
Dirty:              7560 kB
Writeback:             0 kB
AnonPages:       1626108 kB
Mapped:           970388 kB
Shmem:             39224 kB
KReclaimable:     466936 kB
Slab:             227816 kB
SReclaimable:      75144 kB
SUnreclaim:       152672 kB
KernelStack:       51408 kB
PageTables:        72368 kB
NFS_Unstable:          0 kB
Bounce:                0 kB
WritebackTmp:          0 kB
CommitLimit:     9202288 kB
Committed_AS:   83845428 kB
VmallocTotal:   263061440 kB
VmallocUsed:      108648 kB
VmallocChunk:          0 kB
Percpu:             7648 kB
CmaTotal:         294912 kB
CmaFree:               0 kB
MemTotal:       12113132 kB
MemFree:         6530120 kB
MemAvailable:    7870632 kB
Buffers:            4712 kB
Cached:          1763772 kB
SwapCached:            0 kB
Active:          1824460 kB
Inactive:        1572172 kB
Active(anon):    1636744 kB
Inactive(anon):    25272 kB
Active(file):     187716 kB
Inactive(file):  1546900 kB
Unevictable:        5576 kB
Mlocked:            5576 kB
SwapTotal:       3145724 kB
SwapFree:        3145724 kB
Dirty:              7740 kB
Writeback:             0 kB
AnonPages:       1633640 kB
Mapped:           961788 kB
Shmem:             29344 kB
KReclaimable:     466964 kB
Slab:             227900 kB
SReclaimable:      75184 kB
SUnreclaim:       152716 kB
KernelStack:       51408 kB
PageTables:        72192 kB
NFS_Unstable:          0 kB
Bounce:                0 kB
WritebackTmp:          0 kB
CommitLimit:     9202288 kB
Committed_AS:   83678112 kB
VmallocTotal:   263061440 kB
VmallocUsed:      108664 kB
VmallocChunk:          0 kB
Percpu:             7648 kB
CmaTotal:         294912 kB
CmaFree:               8 kB
MemTotal:       12113132 kB
MemFree:         6526128 kB
MemAvailable:    7867492 kB
Buffers:            4712 kB
Cached:          1764716 kB
SwapCached:            0 kB
Active:          1828736 kB
Inactive:        1573000 kB
Active(anon):    1640904 kB
Inactive(anon):    25356 kB
Active(file):     187832 kB
Inactive(file):  1547644 kB
Unevictable:        5576 kB
Mlocked:            5576 kB
SwapTotal:       3145724 kB
SwapFree:        3145724 kB
Dirty:              2116 kB
Writeback:            60 kB
AnonPages:       1637948 kB
Mapped:           963160 kB
Shmem:             29428 kB
KReclaimable:     466952 kB
Slab:             228284 kB
SReclaimable:      75300 kB
SUnreclaim:       152984 kB
KernelStack:       51360 kB
PageTables:        72132 kB
NFS_Unstable:          0 kB
Bounce:                0 kB
WritebackTmp:          0 kB
CommitLimit:     9202288 kB
Committed_AS:   83688232 kB
VmallocTotal:   263061440 kB
VmallocUsed:      108680 kB
VmallocChunk:          0 kB
Percpu:             7648 kB
CmaTotal:         294912 kB
CmaFree:               0 kB
MemTotal:       12113132 kB
MemFree:         6499956 kB
MemAvailable:    7845320 kB
Buffers:            4712 kB
Cached:          1769220 kB
SwapCached:            0 kB
Active:          1849576 kB
Inactive:        1577108 kB
Active(anon):    1661720 kB
Inactive(anon):    25492 kB
Active(file):     187856 kB
Inactive(file):  1551616 kB
Unevictable:        5576 kB
Mlocked:            5576 kB
SwapTotal:       3145724 kB
SwapFree:        3145724 kB
Dirty:              6420 kB
Writeback:             0 kB
AnonPages:       1658836 kB
Mapped:           963932 kB
Shmem:             29564 kB
KReclaimable:     466960 kB
Slab:             228396 kB
SReclaimable:      75308 kB
SUnreclaim:       153088 kB
KernelStack:       51768 kB
PageTables:        72036 kB
NFS_Unstable:          0 kB
Bounce:                0 kB
WritebackTmp:          0 kB
CommitLimit:     9202288 kB
Committed_AS:   83706996 kB
VmallocTotal:   263061440 kB
VmallocUsed:      109000 kB
VmallocChunk:          0 kB
Percpu:             7648 kB
CmaTotal:         294912 kB
CmaFree:               0 kB
MemTotal:       12113132 kB
MemFree:         6495116 kB
MemAvailable:    7840864 kB
Buffers:            4712 kB
Cached:          1769192 kB
SwapCached:            0 kB
Active:          1851436 kB
Inactive:        1577384 kB
Active(anon):    1663512 kB
Inactive(anon):    25464 kB
Active(file):     187924 kB
Inactive(file):  1551920 kB
Unevictable:        5576 kB
Mlocked:            5576 kB
SwapTotal:       3145724 kB
SwapFree:        3145724 kB
Dirty:              7212 kB
Writeback:             0 kB
AnonPages:       1660572 kB
Mapped:           964376 kB
Shmem:             29536 kB
KReclaimable:     466984 kB
Slab:             228544 kB
SReclaimable:      75332 kB
SUnreclaim:       153212 kB
KernelStack:       51792 kB
PageTables:        72116 kB
NFS_Unstable:          0 kB
Bounce:                0 kB
WritebackTmp:          0 kB
CommitLimit:     9202288 kB
Committed_AS:   83703704 kB
VmallocTotal:   263061440 kB
VmallocUsed:      109016 kB
VmallocChunk:          0 kB
Percpu:             7648 kB
CmaTotal:         294912 kB
CmaFree:               0 kB
MemTotal:       12113132 kB
MemFree:         6480996 kB
MemAvailable:    7828404 kB
Buffers:            4716 kB
Cached:          1772108 kB
SwapCached:            0 kB
Active:          1861140 kB
Inactive:        1579984 kB
Active(anon):    1672896 kB
Inactive(anon):    26740 kB
Active(file):     188244 kB
Inactive(file):  1553244 kB
Unevictable:        5576 kB
Mlocked:            5576 kB
SwapTotal:       3145724 kB
SwapFree:        3145724 kB
Dirty:              8084 kB
Writeback:             0 kB
AnonPages:       1669712 kB
Mapped:           965788 kB
Shmem:             30812 kB
KReclaimable:     467016 kB
Slab:             228508 kB
SReclaimable:      75364 kB
SUnreclaim:       153144 kB
KernelStack:       51792 kB
PageTables:        72152 kB
NFS_Unstable:          0 kB
Bounce:                0 kB
WritebackTmp:          0 kB
CommitLimit:     9202288 kB
Committed_AS:   83745460 kB
VmallocTotal:   263061440 kB
VmallocUsed:      109080 kB
VmallocChunk:          0 kB
Percpu:             7648 kB
CmaTotal:         294912 kB
CmaFree:               0 kB
MemTotal:       12113132 kB
MemFree:         6459364 kB
MemAvailable:    7807916 kB
Buffers:            4716 kB
Cached:          1773424 kB
SwapCached:            0 kB
Active:          1880468 kB
Inactive:        1581140 kB
Active(anon):    1692204 kB
Inactive(anon):    26792 kB
Active(file):     188264 kB
Inactive(file):  1554348 kB
Unevictable:        5576 kB
Mlocked:            5576 kB
SwapTotal:       3145724 kB
SwapFree:        3145724 kB
Dirty:              9240 kB
Writeback:             0 kB
AnonPages:       1689316 kB
Mapped:           965888 kB
Shmem:             30864 kB
KReclaimable:     467056 kB
Slab:             228564 kB
SReclaimable:      75404 kB
SUnreclaim:       153160 kB
KernelStack:       51824 kB
PageTables:        72164 kB
NFS_Unstable:          0 kB
Bounce:                0 kB
WritebackTmp:          0 kB
CommitLimit:     9202288 kB
Committed_AS:   83747532 kB
VmallocTotal:   263061440 kB
VmallocUsed:      109064 kB
VmallocChunk:          0 kB
Percpu:             7648 kB
CmaTotal:         294912 kB
CmaFree:               0 kB
MemTotal:       12113132 kB
MemFree:         6460368 kB
MemAvailable:    7812156 kB
Buffers:            4716 kB
Cached:          1773364 kB
SwapCached:            0 kB
Active:          1880448 kB
Inactive:        1581208 kB
Active(anon):    1692172 kB
Inactive(anon):    26752 kB
Active(file):     188276 kB
Inactive(file):  1554456 kB
Unevictable:        5576 kB
Mlocked:            5576 kB
SwapTotal:       3145724 kB
SwapFree:        3145724 kB
Dirty:              9360 kB
Writeback:             0 kB
AnonPages:       1689184 kB
Mapped:           964940 kB
Shmem:             30824 kB
KReclaimable:     473284 kB
Slab:             228764 kB
SReclaimable:      75412 kB
SUnreclaim:       153352 kB
KernelStack:       51856 kB
PageTables:        72212 kB
NFS_Unstable:          0 kB
Bounce:                0 kB
WritebackTmp:          0 kB
CommitLimit:     9202288 kB
Committed_AS:   83742948 kB
VmallocTotal:   263061440 kB
VmallocUsed:      109112 kB
VmallocChunk:          0 kB
Percpu:             7648 kB
CmaTotal:         294912 kB
CmaFree:               0 kB
MemTotal:       12113132 kB
MemFree:         6462744 kB
MemAvailable:    7814188 kB
Buffers:            4716 kB
Cached:          1773400 kB
SwapCached:            0 kB
Active:          1878860 kB
Inactive:        1581236 kB
Active(anon):    1690576 kB
Inactive(anon):    26740 kB
Active(file):     188284 kB
Inactive(file):  1554496 kB
Unevictable:        5576 kB
Mlocked:            5576 kB
SwapTotal:       3145724 kB
SwapFree:        3145724 kB
Dirty:              9404 kB
Writeback:             0 kB
AnonPages:       1687600 kB
Mapped:           965880 kB
Shmem:             30812 kB
KReclaimable:     472500 kB
Slab:             228808 kB
SReclaimable:      75428 kB
SUnreclaim:       153380 kB
KernelStack:       51632 kB
PageTables:        72212 kB
NFS_Unstable:          0 kB
Bounce:                0 kB
WritebackTmp:          0 kB
CommitLimit:     9202288 kB
Committed_AS:   83742436 kB
VmallocTotal:   263061440 kB
VmallocUsed:      108888 kB
VmallocChunk:          0 kB
Percpu:             7648 kB
CmaTotal:         294912 kB
CmaFree:               0 kB
MemTotal:       12113132 kB
MemFree:         6460960 kB
MemAvailable:    7812440 kB
Buffers:            4716 kB
Cached:          1773476 kB
SwapCached:            0 kB
Active:          1880532 kB
Inactive:        1581308 kB
Active(anon):    1692244 kB
Inactive(anon):    26772 kB
Active(file):     188288 kB
Inactive(file):  1554536 kB
Unevictable:        5576 kB
Mlocked:            5576 kB
SwapTotal:       3145724 kB
SwapFree:        3145724 kB
Dirty:              9464 kB
Writeback:             0 kB
AnonPages:       1689248 kB
Mapped:           965992 kB
Shmem:             30844 kB
KReclaimable:     472484 kB
Slab:             228780 kB
SReclaimable:      75412 kB
SUnreclaim:       153368 kB
KernelStack:       51552 kB
PageTables:        72232 kB
NFS_Unstable:          0 kB
Bounce:                0 kB
WritebackTmp:          0 kB
CommitLimit:     9202288 kB
Committed_AS:   83730240 kB
VmallocTotal:   263061440 kB
VmallocUsed:      108856 kB
VmallocChunk:          0 kB
Percpu:             7648 kB
CmaTotal:         294912 kB
CmaFree:               0 kB
MemTotal:       12113132 kB
MemFree:         6460812 kB
MemAvailable:    7812300 kB
Buffers:            4716 kB
Cached:          1773500 kB
SwapCached:            0 kB
Active:          1881408 kB
Inactive:        1581332 kB
Active(anon):    1693120 kB
Inactive(anon):    26788 kB
Active(file):     188288 kB
Inactive(file):  1554544 kB
Unevictable:        5576 kB
Mlocked:            5576 kB
SwapTotal:       3145724 kB
SwapFree:        3145724 kB
Dirty:              9476 kB
Writeback:             0 kB
AnonPages:       1690124 kB
Mapped:           966012 kB
Shmem:             30860 kB
KReclaimable:     472484 kB
Slab:             228772 kB
SReclaimable:      75412 kB
SUnreclaim:       153360 kB
KernelStack:       51536 kB
PageTables:        72212 kB
NFS_Unstable:          0 kB
Bounce:                0 kB
WritebackTmp:          0 kB
CommitLimit:     9202288 kB
Committed_AS:   83746492 kB
VmallocTotal:   263061440 kB
VmallocUsed:      108872 kB
VmallocChunk:          0 kB
Percpu:             7648 kB
CmaTotal:         294912 kB
CmaFree:               0 kB
MemTotal:       12113132 kB
MemFree:         6458480 kB
MemAvailable:    7809948 kB
Buffers:            4716 kB
Cached:          1773556 kB
SwapCached:            0 kB
Active:          1883200 kB
Inactive:        1581388 kB
Active(anon):    1694912 kB
Inactive(anon):    26832 kB
Active(file):     188288 kB
Inactive(file):  1554556 kB
Unevictable:        5576 kB
Mlocked:            5576 kB
SwapTotal:       3145724 kB
SwapFree:        3145724 kB
Dirty:              9488 kB
Writeback:             0 kB
AnonPages:       1691964 kB
Mapped:           966156 kB
Shmem:             30904 kB
KReclaimable:     472420 kB
Slab:             228772 kB
SReclaimable:      75412 kB
SUnreclaim:       153360 kB
KernelStack:       51536 kB
PageTables:        72256 kB
NFS_Unstable:          0 kB
Bounce:                0 kB
WritebackTmp:          0 kB
CommitLimit:     9202288 kB
Committed_AS:   83739048 kB
VmallocTotal:   263061440 kB
VmallocUsed:      108840 kB
VmallocChunk:          0 kB
Percpu:             7648 kB
CmaTotal:         294912 kB
CmaFree:               0 kB
MemTotal:       12113132 kB
MemFree:         6456384 kB
MemAvailable:    7807880 kB
Buffers:            4716 kB
Cached:          1773588 kB
SwapCached:            0 kB
Active:          1886332 kB
Inactive:        1581412 kB
Active(anon):    1698036 kB
Inactive(anon):    26844 kB
Active(file):     188296 kB
Inactive(file):  1554568 kB
Unevictable:        5576 kB
Mlocked:            5576 kB
SwapTotal:       3145724 kB
SwapFree:        3145724 kB
Dirty:              9612 kB
Writeback:             0 kB
AnonPages:       1695128 kB
Mapped:           966340 kB
Shmem:             30916 kB
KReclaimable:     472436 kB
Slab:             228780 kB
SReclaimable:      75428 kB
SUnreclaim:       153352 kB
KernelStack:       51584 kB
PageTables:        72168 kB
NFS_Unstable:          0 kB
Bounce:                0 kB
WritebackTmp:          0 kB
CommitLimit:     9202288 kB
Committed_AS:   83730576 kB
VmallocTotal:   263061440 kB
VmallocUsed:      108792 kB
VmallocChunk:          0 kB
Percpu:             7648 kB
CmaTotal:         294912 kB
CmaFree:               0 kB
MemTotal:       12113132 kB
MemFree:         6454260 kB
MemAvailable:    7805788 kB
Buffers:            4716 kB
Cached:          1773624 kB
SwapCached:            0 kB
Active:          1889036 kB
Inactive:        1581432 kB
Active(anon):    1700724 kB
Inactive(anon):    26848 kB
Active(file):     188312 kB
Inactive(file):  1554584 kB
Unevictable:        5576 kB
Mlocked:            5576 kB
SwapTotal:       3145724 kB
SwapFree:        3145724 kB
Dirty:              9612 kB
Writeback:             0 kB
AnonPages:       1697928 kB
Mapped:           966540 kB
Shmem:             30920 kB
KReclaimable:     472436 kB
Slab:             228812 kB
SReclaimable:      75428 kB
SUnreclaim:       153384 kB
KernelStack:       51568 kB
PageTables:        72348 kB
NFS_Unstable:          0 kB
Bounce:                0 kB
WritebackTmp:          0 kB
CommitLimit:     9202288 kB
Committed_AS:   83731564 kB
VmallocTotal:   263061440 kB
VmallocUsed:      108792 kB
VmallocChunk:          0 kB
Percpu:             7648 kB
CmaTotal:         294912 kB
CmaFree:               0 kB
MemTotal:       12113132 kB
MemFree:         6452332 kB
MemAvailable:    7804168 kB
Buffers:            4716 kB
Cached:          1773896 kB
SwapCached:            0 kB
Active:          1888916 kB
Inactive:        1581456 kB
Active(anon):    1700356 kB
Inactive(anon):    26848 kB
Active(file):     188560 kB
Inactive(file):  1554608 kB
Unevictable:        5576 kB
Mlocked:            5576 kB
SwapTotal:       3145724 kB
SwapFree:        3145724 kB
Dirty:              7952 kB
Writeback:             0 kB
AnonPages:       1697580 kB
Mapped:           966356 kB
Shmem:             30920 kB
KReclaimable:     472508 kB
Slab:             228932 kB
SReclaimable:      75500 kB
SUnreclaim:       153432 kB
KernelStack:       51616 kB
PageTables:        72268 kB
NFS_Unstable:          0 kB
Bounce:                0 kB
WritebackTmp:          0 kB
CommitLimit:     9202288 kB
Committed_AS:   83744316 kB
VmallocTotal:   263061440 kB
VmallocUsed:      108856 kB
VmallocChunk:          0 kB
Percpu:             7648 kB
CmaTotal:         294912 kB
CmaFree:               0 kB
MemTotal:       12113132 kB
MemFree:         6449392 kB
MemAvailable:    7800584 kB
Buffers:            4716 kB
Cached:          1773952 kB
SwapCached:            0 kB
Active:          1892884 kB
Inactive:        1581500 kB
Active(anon):    1704312 kB
Inactive(anon):    26868 kB
Active(file):     188572 kB
Inactive(file):  1554632 kB
Unevictable:        5576 kB
Mlocked:            5576 kB
SwapTotal:       3145724 kB
SwapFree:        3145724 kB
Dirty:              8020 kB
Writeback:             0 kB
AnonPages:       1701248 kB
Mapped:           966412 kB
Shmem:             30940 kB
KReclaimable:     471148 kB
Slab:             229008 kB
SReclaimable:      75516 kB
SUnreclaim:       153492 kB
KernelStack:       51632 kB
PageTables:        72280 kB
NFS_Unstable:          0 kB
Bounce:                0 kB
WritebackTmp:          0 kB
CommitLimit:     9202288 kB
Committed_AS:   83750116 kB
VmallocTotal:   263061440 kB
VmallocUsed:      108904 kB
VmallocChunk:          0 kB
Percpu:             7648 kB
CmaTotal:         294912 kB
CmaFree:               0 kB
MemTotal:       12113132 kB
MemFree:         6448672 kB
MemAvailable:    7799872 kB
Buffers:            4716 kB
Cached:          1773964 kB
SwapCached:            0 kB
Active:          1893204 kB
Inactive:        1581512 kB
Active(anon):    1704632 kB
Inactive(anon):    26872 kB
Active(file):     188572 kB
Inactive(file):  1554640 kB
Unevictable:        5576 kB
Mlocked:            5576 kB
SwapTotal:       3145724 kB
SwapFree:        3145724 kB
Dirty:              8080 kB
Writeback:             0 kB
AnonPages:       1701652 kB
Mapped:           966564 kB
Shmem:             30944 kB
KReclaimable:     471148 kB
Slab:             229072 kB
SReclaimable:      75516 kB
SUnreclaim:       153556 kB
KernelStack:       51632 kB
PageTables:        72252 kB
NFS_Unstable:          0 kB
Bounce:                0 kB
WritebackTmp:          0 kB
CommitLimit:     9202288 kB
Committed_AS:   83744400 kB
VmallocTotal:   263061440 kB
VmallocUsed:      108904 kB
VmallocChunk:          0 kB
Percpu:             7648 kB
CmaTotal:         294912 kB
CmaFree:               0 kB
MemTotal:       12113132 kB
MemFree:         6448272 kB
MemAvailable:    7799664 kB
Buffers:            4716 kB
Cached:          1773952 kB
SwapCached:            0 kB
Active:          1894560 kB
Inactive:        1581500 kB
Active(anon):    1705988 kB
Inactive(anon):    26852 kB
Active(file):     188572 kB
Inactive(file):  1554648 kB
Unevictable:        5576 kB
Mlocked:            5576 kB
SwapTotal:       3145724 kB
SwapFree:        3145724 kB
Dirty:              8124 kB
Writeback:             0 kB
AnonPages:       1703160 kB
Mapped:           966560 kB
Shmem:             30924 kB
KReclaimable:     471516 kB
Slab:             229040 kB
SReclaimable:      75500 kB
SUnreclaim:       153540 kB
KernelStack:       51632 kB
PageTables:        72276 kB
NFS_Unstable:          0 kB
Bounce:                0 kB
WritebackTmp:          0 kB
CommitLimit:     9202288 kB
Committed_AS:   83747508 kB
VmallocTotal:   263061440 kB
VmallocUsed:      108888 kB
VmallocChunk:          0 kB
Percpu:             7648 kB
CmaTotal:         294912 kB
CmaFree:               0 kB
MemTotal:       12113132 kB
MemFree:         6444772 kB
MemAvailable:    7795484 kB
Buffers:            4716 kB
Cached:          1774004 kB
SwapCached:            0 kB
Active:          1896308 kB
Inactive:        1581544 kB
Active(anon):    1707728 kB
Inactive(anon):    26888 kB
Active(file):     188580 kB
Inactive(file):  1554656 kB
Unevictable:        5576 kB
Mlocked:            5576 kB
SwapTotal:       3145724 kB
SwapFree:        3145724 kB
Dirty:              8172 kB
Writeback:             0 kB
AnonPages:       1704728 kB
Mapped:           966664 kB
Shmem:             30960 kB
KReclaimable:     470124 kB
Slab:             229056 kB
SReclaimable:      75516 kB
SUnreclaim:       153540 kB
KernelStack:       51584 kB
PageTables:        72168 kB
NFS_Unstable:          0 kB
Bounce:                0 kB
WritebackTmp:          0 kB
CommitLimit:     9202288 kB
Committed_AS:   83759652 kB
VmallocTotal:   263061440 kB
VmallocUsed:      108904 kB
VmallocChunk:          0 kB
Percpu:             7648 kB
CmaTotal:         294912 kB
CmaFree:               0 kB
MemTotal:       12113132 kB
MemFree:         6442508 kB
MemAvailable:    7793128 kB
Buffers:            4716 kB
Cached:          1773992 kB
SwapCached:            0 kB
Active:          1897692 kB
Inactive:        1581532 kB
Active(anon):    1709112 kB
Inactive(anon):    26856 kB
Active(file):     188580 kB
Inactive(file):  1554676 kB
Unevictable:        5576 kB
Mlocked:            5576 kB
SwapTotal:       3145724 kB
SwapFree:        3145724 kB
Dirty:              8220 kB
Writeback:             0 kB
AnonPages:       1706200 kB
Mapped:           966688 kB
Shmem:             30928 kB
KReclaimable:     469904 kB
Slab:             229056 kB
SReclaimable:      75500 kB
SUnreclaim:       153556 kB
KernelStack:       51616 kB
PageTables:        72284 kB
NFS_Unstable:          0 kB
Bounce:                0 kB
WritebackTmp:          0 kB
CommitLimit:     9202288 kB
Committed_AS:   83763504 kB
VmallocTotal:   263061440 kB
VmallocUsed:      108904 kB
VmallocChunk:          0 kB
Percpu:             7648 kB
CmaTotal:         294912 kB
CmaFree:               0 kB
MemTotal:       12113132 kB
MemFree:         6441048 kB
MemAvailable:    7791676 kB
Buffers:            4724 kB
Cached:          1774100 kB
SwapCached:            0 kB
Active:          1899708 kB
Inactive:        1581640 kB
Active(anon):    1711120 kB
Inactive(anon):    26964 kB
Active(file):     188588 kB
Inactive(file):  1554676 kB
Unevictable:        5576 kB
Mlocked:            5576 kB
SwapTotal:       3145724 kB
SwapFree:        3145724 kB
Dirty:              8220 kB
Writeback:             0 kB
AnonPages:       1708528 kB
Mapped:           966976 kB
Shmem:             31036 kB
KReclaimable:     469904 kB
Slab:             229084 kB
SReclaimable:      75500 kB
SUnreclaim:       153584 kB
KernelStack:       51664 kB
PageTables:        72440 kB
NFS_Unstable:          0 kB
Bounce:                0 kB
WritebackTmp:          0 kB
CommitLimit:     9202288 kB
Committed_AS:   83762348 kB
VmallocTotal:   263061440 kB
VmallocUsed:      108904 kB
VmallocChunk:          0 kB
Percpu:             7648 kB
CmaTotal:         294912 kB
CmaFree:               0 kB
MemTotal:       12113132 kB
MemFree:         6440056 kB
MemAvailable:    7790724 kB
Buffers:            4724 kB
Cached:          1773612 kB
SwapCached:            0 kB
Active:          1901816 kB
Inactive:        1581148 kB
Active(anon):    1713224 kB
Inactive(anon):    26444 kB
Active(file):     188592 kB
Inactive(file):  1554704 kB
Unevictable:        5576 kB
Mlocked:            5576 kB
SwapTotal:       3145724 kB
SwapFree:        3145724 kB
Dirty:              8220 kB
Writeback:             0 kB
AnonPages:       1710428 kB
Mapped:           966424 kB
Shmem:             30516 kB
KReclaimable:     469920 kB
Slab:             229092 kB
SReclaimable:      75516 kB
SUnreclaim:       153576 kB
KernelStack:       51664 kB
PageTables:        72232 kB
NFS_Unstable:          0 kB
Bounce:                0 kB
WritebackTmp:          0 kB
CommitLimit:     9202288 kB
Committed_AS:   83744060 kB
VmallocTotal:   263061440 kB
VmallocUsed:      108936 kB
VmallocChunk:          0 kB
Percpu:             7648 kB
CmaTotal:         294912 kB
CmaFree:               0 kB
MemTotal:       12113132 kB
MemFree:         6439192 kB
MemAvailable:    7789884 kB
Buffers:            4724 kB
Cached:          1773444 kB
SwapCached:            0 kB
Active:          1902976 kB
Inactive:        1580976 kB
Active(anon):    1714380 kB
Inactive(anon):    26252 kB
Active(file):     188596 kB
Inactive(file):  1554724 kB
Unevictable:        5576 kB
Mlocked:            5576 kB
SwapTotal:       3145724 kB
SwapFree:        3145724 kB
Dirty:              8284 kB
Writeback:             0 kB
AnonPages:       1711384 kB
Mapped:           966116 kB
Shmem:             30324 kB
KReclaimable:     469920 kB
Slab:             229100 kB
SReclaimable:      75516 kB
SUnreclaim:       153584 kB
KernelStack:       51632 kB
PageTables:        72312 kB
NFS_Unstable:          0 kB
Bounce:                0 kB
WritebackTmp:          0 kB
CommitLimit:     9202288 kB
Committed_AS:   83759152 kB
VmallocTotal:   263061440 kB
VmallocUsed:      108920 kB
VmallocChunk:          0 kB
Percpu:             7648 kB
CmaTotal:         294912 kB
CmaFree:               0 kB
MemTotal:       12113132 kB
MemFree:         6433068 kB
MemAvailable:    7783800 kB
Buffers:            4724 kB
Cached:          1773492 kB
SwapCached:            0 kB
Active:          1909080 kB
Inactive:        1581024 kB
Active(anon):    1720484 kB
Inactive(anon):    26252 kB
Active(file):     188596 kB
Inactive(file):  1554772 kB
Unevictable:        5576 kB
Mlocked:            5576 kB
SwapTotal:       3145724 kB
SwapFree:        3145724 kB
Dirty:              8304 kB
Writeback:             0 kB
AnonPages:       1717556 kB
Mapped:           966144 kB
Shmem:             30324 kB
KReclaimable:     469904 kB
Slab:             229116 kB
SReclaimable:      75500 kB
SUnreclaim:       153616 kB
KernelStack:       51600 kB
PageTables:        72248 kB
NFS_Unstable:          0 kB
Bounce:                0 kB
WritebackTmp:          0 kB
CommitLimit:     9202288 kB
Committed_AS:   83750928 kB
VmallocTotal:   263061440 kB
VmallocUsed:      108824 kB
VmallocChunk:          0 kB
Percpu:             7648 kB
CmaTotal:         294912 kB
CmaFree:               0 kB
MemTotal:       12113132 kB
MemFree:         6436236 kB
MemAvailable:    7787516 kB
Buffers:            4724 kB
Cached:          1773496 kB
SwapCached:            0 kB
Active:          1905520 kB
Inactive:        1581172 kB
Active(anon):    1716908 kB
Inactive(anon):    26404 kB
Active(file):     188612 kB
Inactive(file):  1554768 kB
Unevictable:        5576 kB
Mlocked:            5576 kB
SwapTotal:       3145724 kB
SwapFree:        3145724 kB
Dirty:              8340 kB
Writeback:             4 kB
AnonPages:       1713888 kB
Mapped:           966344 kB
Shmem:             30316 kB
KReclaimable:     470976 kB
Slab:             229184 kB
SReclaimable:      75516 kB
SUnreclaim:       153668 kB
KernelStack:       51584 kB
PageTables:        72312 kB
NFS_Unstable:          0 kB
Bounce:                0 kB
WritebackTmp:          0 kB
CommitLimit:     9202288 kB
Committed_AS:   83758456 kB
VmallocTotal:   263061440 kB
VmallocUsed:      108840 kB
VmallocChunk:          0 kB
Percpu:             7648 kB
CmaTotal:         294912 kB
CmaFree:               0 kB
MemTotal:       12113132 kB
MemFree:         6444404 kB
MemAvailable:    7795752 kB
Buffers:            4724 kB
Cached:          1773544 kB
SwapCached:            0 kB
Active:          1895292 kB
Inactive:        1581060 kB
Active(anon):    1706680 kB
Inactive(anon):    26280 kB
Active(file):     188612 kB
Inactive(file):  1554780 kB
Unevictable:        5576 kB
Mlocked:            5576 kB
SwapTotal:       3145724 kB
SwapFree:        3145724 kB
Dirty:              8368 kB
Writeback:             0 kB
AnonPages:       1703708 kB
Mapped:           966240 kB
Shmem:             30352 kB
KReclaimable:     471088 kB
Slab:             229140 kB
SReclaimable:      75532 kB
SUnreclaim:       153608 kB
KernelStack:       51600 kB
PageTables:        72308 kB
NFS_Unstable:          0 kB
Bounce:                0 kB
WritebackTmp:          0 kB
CommitLimit:     9202288 kB
Committed_AS:   83767836 kB
VmallocTotal:   263061440 kB
VmallocUsed:      108872 kB
VmallocChunk:          0 kB
Percpu:             7648 kB
CmaTotal:         294912 kB
CmaFree:               0 kB
MemTotal:       12113132 kB
MemFree:         6433648 kB
MemAvailable:    7785020 kB
Buffers:            4724 kB
Cached:          1773612 kB
SwapCached:            0 kB
Active:          1907492 kB
Inactive:        1581128 kB
Active(anon):    1718880 kB
Inactive(anon):    26324 kB
Active(file):     188612 kB
Inactive(file):  1554804 kB
Unevictable:        5576 kB
Mlocked:            5576 kB
SwapTotal:       3145724 kB
SwapFree:        3145724 kB
Dirty:              8416 kB
Writeback:             0 kB
AnonPages:       1712556 kB
Mapped:           966344 kB
Shmem:             30396 kB
KReclaimable:     471088 kB
Slab:             229156 kB
SReclaimable:      75548 kB
SUnreclaim:       153608 kB
KernelStack:       51584 kB
PageTables:        72184 kB
NFS_Unstable:          0 kB
Bounce:                0 kB
WritebackTmp:          0 kB
CommitLimit:     9202288 kB
Committed_AS:   83753716 kB
VmallocTotal:   263061440 kB
VmallocUsed:      108872 kB
VmallocChunk:          0 kB
Percpu:             7648 kB
CmaTotal:         294912 kB
CmaFree:               0 kB
MemTotal:       12113132 kB
MemFree:         6439280 kB
MemAvailable:    7790756 kB
Buffers:            4724 kB
Cached:          1773640 kB
SwapCached:            0 kB
Active:          1898060 kB
Inactive:        1581416 kB
Active(anon):    1709440 kB
Inactive(anon):    26516 kB
Active(file):     188620 kB
Inactive(file):  1554900 kB
Unevictable:        5576 kB
Mlocked:            5576 kB
SwapTotal:       3145724 kB
SwapFree:        3145724 kB
Dirty:              8524 kB
Writeback:             0 kB
AnonPages:       1706392 kB
Mapped:           966500 kB
Shmem:             30320 kB
KReclaimable:     471088 kB
Slab:             228976 kB
SReclaimable:      75548 kB
SUnreclaim:       153428 kB
KernelStack:       51584 kB
PageTables:        72084 kB
NFS_Unstable:          0 kB
Bounce:                0 kB
WritebackTmp:          0 kB
CommitLimit:     9202288 kB
Committed_AS:   83757180 kB
VmallocTotal:   263061440 kB
VmallocUsed:      108856 kB
VmallocChunk:          0 kB
Percpu:             7648 kB
CmaTotal:         294912 kB
CmaFree:               0 kB
MemTotal:       12113132 kB
MemFree:         6437584 kB
MemAvailable:    7788992 kB
Buffers:            4724 kB
Cached:          1773760 kB
SwapCached:            0 kB
Active:          1899928 kB
Inactive:        1581268 kB
Active(anon):    1711308 kB
Inactive(anon):    26348 kB
Active(file):     188620 kB
Inactive(file):  1554920 kB
Unevictable:        5576 kB
Mlocked:            5576 kB
SwapTotal:       3145724 kB
SwapFree:        3145724 kB
Dirty:              8628 kB
Writeback:             0 kB
AnonPages:       1708160 kB
Mapped:           966612 kB
Shmem:             30420 kB
KReclaimable:     470912 kB
Slab:             229220 kB
SReclaimable:      75532 kB
SUnreclaim:       153688 kB
KernelStack:       51584 kB
PageTables:        72272 kB
NFS_Unstable:          0 kB
Bounce:                0 kB
WritebackTmp:          0 kB
CommitLimit:     9202288 kB
Committed_AS:   83750132 kB
VmallocTotal:   263061440 kB
VmallocUsed:      108840 kB
VmallocChunk:          0 kB
Percpu:             7648 kB
CmaTotal:         294912 kB
CmaFree:               0 kB
MemTotal:       12113132 kB
MemFree:         6451952 kB
MemAvailable:    7803392 kB
Buffers:            4724 kB
Cached:          1773804 kB
SwapCached:            0 kB
Active:          1885932 kB
Inactive:        1581308 kB
Active(anon):    1697312 kB
Inactive(anon):    26364 kB
Active(file):     188620 kB
Inactive(file):  1554944 kB
Unevictable:        5576 kB
Mlocked:            5576 kB
SwapTotal:       3145724 kB
SwapFree:        3145724 kB
Dirty:              8660 kB
Writeback:            20 kB
AnonPages:       1694336 kB
Mapped:           966456 kB
Shmem:             30436 kB
KReclaimable:     470928 kB
Slab:             229156 kB
SReclaimable:      75548 kB
SUnreclaim:       153608 kB
KernelStack:       51568 kB
PageTables:        72324 kB
NFS_Unstable:          0 kB
Bounce:                0 kB
WritebackTmp:          0 kB
CommitLimit:     9202288 kB
Committed_AS:   83749148 kB
VmallocTotal:   263061440 kB
VmallocUsed:      108808 kB
VmallocChunk:          0 kB
Percpu:             7648 kB
CmaTotal:         294912 kB
CmaFree:               0 kB
MemTotal:       12113132 kB
MemFree:         6450696 kB
MemAvailable:    7802164 kB
Buffers:            4724 kB
Cached:          1773868 kB
SwapCached:            0 kB
Active:          1888764 kB
Inactive:        1581356 kB
Active(anon):    1700124 kB
Inactive(anon):    26404 kB
Active(file):     188640 kB
Inactive(file):  1554952 kB
Unevictable:        5576 kB
Mlocked:            5576 kB
SwapTotal:       3145724 kB
SwapFree:        3145724 kB
Dirty:              8728 kB
Writeback:             0 kB
AnonPages:       1697176 kB
Mapped:           966524 kB
Shmem:             30476 kB
KReclaimable:     470928 kB
Slab:             229168 kB
SReclaimable:      75548 kB
SUnreclaim:       153620 kB
KernelStack:       51568 kB
PageTables:        72320 kB
NFS_Unstable:          0 kB
Bounce:                0 kB
WritebackTmp:          0 kB
CommitLimit:     9202288 kB
Committed_AS:   83751260 kB
VmallocTotal:   263061440 kB
VmallocUsed:      108792 kB
VmallocChunk:          0 kB
Percpu:             7648 kB
CmaTotal:         294912 kB
CmaFree:               0 kB
MemTotal:       12113132 kB
MemFree:         6449576 kB
MemAvailable:    7801172 kB
Buffers:            4724 kB
Cached:          1774008 kB
SwapCached:            0 kB
Active:          1889988 kB
Inactive:        1581496 kB
Active(anon):    1701348 kB
Inactive(anon):    26384 kB
Active(file):     188640 kB
Inactive(file):  1555112 kB
Unevictable:        5576 kB
Mlocked:            5576 kB
SwapTotal:       3145724 kB
SwapFree:        3145724 kB
Dirty:              8888 kB
Writeback:             0 kB
AnonPages:       1698160 kB
Mapped:           966732 kB
Shmem:             30456 kB
KReclaimable:     470864 kB
Slab:             229156 kB
SReclaimable:      75548 kB
SUnreclaim:       153608 kB
KernelStack:       51536 kB
PageTables:        72032 kB
NFS_Unstable:          0 kB
Bounce:                0 kB
WritebackTmp:          0 kB
CommitLimit:     9202288 kB
Committed_AS:   83751192 kB
VmallocTotal:   263061440 kB
VmallocUsed:      108840 kB
VmallocChunk:          0 kB
Percpu:             7648 kB
CmaTotal:         294912 kB
CmaFree:               0 kB
MemTotal:       12113132 kB
MemFree:         6447932 kB
MemAvailable:    7799532 kB
Buffers:            4724 kB
Cached:          1774092 kB
SwapCached:            0 kB
Active:          1892132 kB
Inactive:        1581576 kB
Active(anon):    1703488 kB
Inactive(anon):    26428 kB
Active(file):     188644 kB
Inactive(file):  1555148 kB
Unevictable:        5576 kB
Mlocked:            5576 kB
SwapTotal:       3145724 kB
SwapFree:        3145724 kB
Dirty:               652 kB
Writeback:             0 kB
AnonPages:       1700384 kB
Mapped:           966720 kB
Shmem:             30500 kB
KReclaimable:     470788 kB
Slab:             229136 kB
SReclaimable:      75552 kB
SUnreclaim:       153584 kB
KernelStack:       51568 kB
PageTables:        72268 kB
NFS_Unstable:          0 kB
Bounce:                0 kB
WritebackTmp:          0 kB
CommitLimit:     9202288 kB
Committed_AS:   83754992 kB
VmallocTotal:   263061440 kB
VmallocUsed:      108856 kB
VmallocChunk:          0 kB
Percpu:             7648 kB
CmaTotal:         294912 kB
CmaFree:               0 kB
MemTotal:       12113132 kB
MemFree:         6447356 kB
MemAvailable:    7798964 kB
Buffers:            4724 kB
Cached:          1774128 kB
SwapCached:            0 kB
Active:          1892548 kB
Inactive:        1581604 kB
Active(anon):    1703896 kB
Inactive(anon):    26456 kB
Active(file):     188652 kB
Inactive(file):  1555148 kB
Unevictable:        5576 kB
Mlocked:            5576 kB
SwapTotal:       3145724 kB
SwapFree:        3145724 kB
Dirty:               700 kB
Writeback:             0 kB
AnonPages:       1700376 kB
Mapped:           966920 kB
Shmem:             30528 kB
KReclaimable:     470788 kB
Slab:             229136 kB
SReclaimable:      75552 kB
SUnreclaim:       153584 kB
KernelStack:       51600 kB
PageTables:        71908 kB
NFS_Unstable:          0 kB
Bounce:                0 kB
WritebackTmp:          0 kB
CommitLimit:     9202288 kB
Committed_AS:   83756028 kB
VmallocTotal:   263061440 kB
VmallocUsed:      108840 kB
VmallocChunk:          0 kB
Percpu:             7648 kB
CmaTotal:         294912 kB
CmaFree:               4 kB
MemTotal:       12113132 kB
MemFree:         6461628 kB
MemAvailable:    7813248 kB
Buffers:            4728 kB
Cached:          1774096 kB
SwapCached:            0 kB
Active:          1878532 kB
Inactive:        1581572 kB
Active(anon):    1689876 kB
Inactive(anon):    26412 kB
Active(file):     188656 kB
Inactive(file):  1555160 kB
Unevictable:        5576 kB
Mlocked:            5576 kB
SwapTotal:       3145724 kB
SwapFree:        3145724 kB
Dirty:               816 kB
Writeback:             0 kB
AnonPages:       1686792 kB
Mapped:           966696 kB
Shmem:             30484 kB
KReclaimable:     470780 kB
Slab:             229164 kB
SReclaimable:      75568 kB
SUnreclaim:       153596 kB
KernelStack:       51520 kB
PageTables:        72296 kB
NFS_Unstable:          0 kB
Bounce:                0 kB
WritebackTmp:          0 kB
CommitLimit:     9202288 kB
Committed_AS:   83763732 kB
VmallocTotal:   263061440 kB
VmallocUsed:      108776 kB
VmallocChunk:          0 kB
Percpu:             7648 kB
CmaTotal:         294912 kB
CmaFree:               0 kB
MemTotal:       12113132 kB
MemFree:         6459228 kB
MemAvailable:    7810364 kB
Buffers:            4728 kB
Cached:          1774156 kB
SwapCached:            0 kB
Active:          1881544 kB
Inactive:        1581624 kB
Active(anon):    1692880 kB
Inactive(anon):    26436 kB
Active(file):     188664 kB
Inactive(file):  1555188 kB
Unevictable:        5576 kB
Mlocked:            5576 kB
SwapTotal:       3145724 kB
SwapFree:        3145724 kB
Dirty:               880 kB
Writeback:             0 kB
AnonPages:       1689728 kB
Mapped:           966764 kB
Shmem:             30508 kB
KReclaimable:     469740 kB
Slab:             229168 kB
SReclaimable:      75552 kB
SUnreclaim:       153616 kB
KernelStack:       51568 kB
PageTables:        72328 kB
NFS_Unstable:          0 kB
Bounce:                0 kB
WritebackTmp:          0 kB
CommitLimit:     9202288 kB
Committed_AS:   83773636 kB
VmallocTotal:   263061440 kB
VmallocUsed:      108792 kB
VmallocChunk:          0 kB
Percpu:             7648 kB
CmaTotal:         294912 kB
CmaFree:               0 kB
MemTotal:       12113132 kB
MemFree:         6458156 kB
MemAvailable:    7809300 kB
Buffers:            4728 kB
Cached:          1774180 kB
SwapCached:            0 kB
Active:          1882280 kB
Inactive:        1581644 kB
Active(anon):    1693612 kB
Inactive(anon):    26452 kB
Active(file):     188668 kB
Inactive(file):  1555192 kB
Unevictable:        5576 kB
Mlocked:            5576 kB
SwapTotal:       3145724 kB
SwapFree:        3145724 kB
Dirty:               896 kB
Writeback:             0 kB
AnonPages:       1690676 kB
Mapped:           966788 kB
Shmem:             30524 kB
KReclaimable:     469740 kB
Slab:             229160 kB
SReclaimable:      75552 kB
SUnreclaim:       153608 kB
KernelStack:       51520 kB
PageTables:        72344 kB
NFS_Unstable:          0 kB
Bounce:                0 kB
WritebackTmp:          0 kB
CommitLimit:     9202288 kB
Committed_AS:   83776268 kB
VmallocTotal:   263061440 kB
VmallocUsed:      108840 kB
VmallocChunk:          0 kB
Percpu:             7648 kB
CmaTotal:         294912 kB
CmaFree:               0 kB
MemTotal:       12113132 kB
MemFree:         6457620 kB
MemAvailable:    7808788 kB
Buffers:            4728 kB
Cached:          1774168 kB
SwapCached:            0 kB
Active:          1882620 kB
Inactive:        1581632 kB
Active(anon):    1693952 kB
Inactive(anon):    26424 kB
Active(file):     188668 kB
Inactive(file):  1555208 kB
Unevictable:        5576 kB
Mlocked:            5576 kB
SwapTotal:       3145724 kB
SwapFree:        3145724 kB
Dirty:               920 kB
Writeback:             0 kB
AnonPages:       1691024 kB
Mapped:           966796 kB
Shmem:             30496 kB
KReclaimable:     469756 kB
Slab:             229184 kB
SReclaimable:      75568 kB
SUnreclaim:       153616 kB
KernelStack:       51520 kB
PageTables:        72260 kB
NFS_Unstable:          0 kB
Bounce:                0 kB
WritebackTmp:          0 kB
CommitLimit:     9202288 kB
Committed_AS:   83780576 kB
VmallocTotal:   263061440 kB
VmallocUsed:      108824 kB
VmallocChunk:          0 kB
Percpu:             7648 kB
CmaTotal:         294912 kB
CmaFree:               0 kB
MemTotal:       12113132 kB
MemFree:         6456604 kB
MemAvailable:    7807776 kB
Buffers:            4728 kB
Cached:          1774208 kB
SwapCached:            0 kB
Active:          1884608 kB
Inactive:        1581664 kB
Active(anon):    1695932 kB
Inactive(anon):    26452 kB
Active(file):     188676 kB
Inactive(file):  1555212 kB
Unevictable:        5576 kB
Mlocked:            5576 kB
SwapTotal:       3145724 kB
SwapFree:        3145724 kB
Dirty:               964 kB
Writeback:             0 kB
AnonPages:       1692904 kB
Mapped:           966808 kB
Shmem:             30524 kB
KReclaimable:     469740 kB
Slab:             229172 kB
SReclaimable:      75552 kB
SUnreclaim:       153620 kB
KernelStack:       51504 kB
PageTables:        71960 kB
NFS_Unstable:          0 kB
Bounce:                0 kB
WritebackTmp:          0 kB
CommitLimit:     9202288 kB
Committed_AS:   83784976 kB
VmallocTotal:   263061440 kB
VmallocUsed:      108808 kB
VmallocChunk:          0 kB
Percpu:             7648 kB
CmaTotal:         294912 kB
CmaFree:               0 kB
MemTotal:       12113132 kB
MemFree:         6486236 kB
MemAvailable:    7837300 kB
Buffers:            4728 kB
Cached:          1772196 kB
SwapCached:            0 kB
Active:          1855556 kB
Inactive:        1579648 kB
Active(anon):    1666876 kB
Inactive(anon):    24428 kB
Active(file):     188680 kB
Inactive(file):  1555220 kB
Unevictable:        5576 kB
Mlocked:            5576 kB
SwapTotal:       3145724 kB
SwapFree:        3145724 kB
Dirty:              1140 kB
Writeback:             0 kB
AnonPages:       1663604 kB
Mapped:           964800 kB
Shmem:             28500 kB
KReclaimable:     469500 kB
Slab:             229228 kB
SReclaimable:      75568 kB
SUnreclaim:       153660 kB
KernelStack:       51504 kB
PageTables:        72280 kB
NFS_Unstable:          0 kB
Bounce:                0 kB
WritebackTmp:          0 kB
CommitLimit:     9202288 kB
Committed_AS:   83747284 kB
VmallocTotal:   263061440 kB
VmallocUsed:      108808 kB
VmallocChunk:          0 kB
Percpu:             7648 kB
CmaTotal:         294912 kB
CmaFree:              20 kB
MemTotal:       12113132 kB
MemFree:         6511080 kB
MemAvailable:    7862140 kB
Buffers:            4728 kB
Cached:          1772272 kB
SwapCached:            0 kB
Active:          1830108 kB
Inactive:        1579716 kB
Active(anon):    1641420 kB
Inactive(anon):    24500 kB
Active(file):     188688 kB
Inactive(file):  1555216 kB
Unevictable:        5576 kB
Mlocked:            5576 kB
SwapTotal:       3145724 kB
SwapFree:        3145724 kB
Dirty:              1144 kB
Writeback:            20 kB
AnonPages:       1638388 kB
Mapped:           964944 kB
Shmem:             28572 kB
KReclaimable:     469484 kB
Slab:             229184 kB
SReclaimable:      75552 kB
SUnreclaim:       153632 kB
KernelStack:       51456 kB
PageTables:        72092 kB
NFS_Unstable:          0 kB
Bounce:                0 kB
WritebackTmp:          0 kB
CommitLimit:     9202288 kB
Committed_AS:   83738168 kB
VmallocTotal:   263061440 kB
VmallocUsed:      108792 kB
VmallocChunk:          0 kB
Percpu:             7648 kB
CmaTotal:         294912 kB
CmaFree:               0 kB
MemTotal:       12113132 kB
MemFree:         6512412 kB
MemAvailable:    7863492 kB
Buffers:            4728 kB
Cached:          1772284 kB
SwapCached:            0 kB
Active:          1829544 kB
Inactive:        1579720 kB
Active(anon):    1640848 kB
Inactive(anon):    24500 kB
Active(file):     188696 kB
Inactive(file):  1555220 kB
Unevictable:        5576 kB
Mlocked:            5576 kB
SwapTotal:       3145724 kB
SwapFree:        3145724 kB
Dirty:              1116 kB
Writeback:             0 kB
AnonPages:       1637684 kB
Mapped:           965092 kB
Shmem:             28572 kB
KReclaimable:     469500 kB
Slab:             229232 kB
SReclaimable:      75568 kB
SUnreclaim:       153664 kB
KernelStack:       51584 kB
PageTables:        72248 kB
NFS_Unstable:          0 kB
Bounce:                0 kB
WritebackTmp:          0 kB
CommitLimit:     9202288 kB
Committed_AS:   83737932 kB
VmallocTotal:   263061440 kB
VmallocUsed:      108792 kB
VmallocChunk:          0 kB
Percpu:             7648 kB
CmaTotal:         294912 kB
CmaFree:               4 kB
MemTotal:       12113132 kB
MemFree:         6519784 kB
MemAvailable:    7870884 kB
Buffers:            4728 kB
Cached:          1772304 kB
SwapCached:            0 kB
Active:          1823524 kB
Inactive:        1579740 kB
Active(anon):    1634828 kB
Inactive(anon):    24500 kB
Active(file):     188696 kB
Inactive(file):  1555240 kB
Unevictable:        5576 kB
Mlocked:            5576 kB
SwapTotal:       3145724 kB
SwapFree:        3145724 kB
Dirty:              1144 kB
Writeback:             0 kB
AnonPages:       1631736 kB
Mapped:           964896 kB
Shmem:             28572 kB
KReclaimable:     469500 kB
Slab:             229228 kB
SReclaimable:      75568 kB
SUnreclaim:       153660 kB
KernelStack:       51472 kB
PageTables:        72136 kB
NFS_Unstable:          0 kB
Bounce:                0 kB
WritebackTmp:          0 kB
CommitLimit:     9202288 kB
Committed_AS:   83725616 kB
VmallocTotal:   263061440 kB
VmallocUsed:      108808 kB
VmallocChunk:          0 kB
Percpu:             7648 kB
CmaTotal:         294912 kB
CmaFree:               0 kB
MemTotal:       12113132 kB
MemFree:         6524256 kB
MemAvailable:    7875352 kB
Buffers:            4728 kB
Cached:          1772304 kB
SwapCached:            0 kB
Active:          1818724 kB
Inactive:        1579740 kB
Active(anon):    1630028 kB
Inactive(anon):    24504 kB
Active(file):     188696 kB
Inactive(file):  1555236 kB
Unevictable:        5576 kB
Mlocked:            5576 kB
SwapTotal:       3145724 kB
SwapFree:        3145724 kB
Dirty:              1140 kB
Writeback:             0 kB
AnonPages:       1627144 kB
Mapped:           965008 kB
Shmem:             28576 kB
KReclaimable:     469500 kB
Slab:             229228 kB
SReclaimable:      75568 kB
SUnreclaim:       153660 kB
KernelStack:       51488 kB
PageTables:        72164 kB
NFS_Unstable:          0 kB
Bounce:                0 kB
WritebackTmp:          0 kB
CommitLimit:     9202288 kB
Committed_AS:   83725996 kB
VmallocTotal:   263061440 kB
VmallocUsed:      108808 kB
VmallocChunk:          0 kB
Percpu:             7648 kB
CmaTotal:         294912 kB
CmaFree:              76 kB
MemTotal:       12113132 kB
MemFree:         6523356 kB
MemAvailable:    7874488 kB
Buffers:            4728 kB
Cached:          1772276 kB
SwapCached:            0 kB
Active:          1819444 kB
Inactive:        1579704 kB
Active(anon):    1630740 kB
Inactive(anon):    24440 kB
Active(file):     188704 kB
Inactive(file):  1555264 kB
Unevictable:        5576 kB
Mlocked:            5576 kB
SwapTotal:       3145724 kB
SwapFree:        3145724 kB
Dirty:              1232 kB
Writeback:             0 kB
AnonPages:       1627808 kB
Mapped:           965100 kB
Shmem:             28512 kB
KReclaimable:     469500 kB
Slab:             229232 kB
SReclaimable:      75568 kB
SUnreclaim:       153664 kB
KernelStack:       51520 kB
PageTables:        72080 kB
NFS_Unstable:          0 kB
Bounce:                0 kB
WritebackTmp:          0 kB
CommitLimit:     9202288 kB
Committed_AS:   83735092 kB
VmallocTotal:   263061440 kB
VmallocUsed:      108776 kB
VmallocChunk:          0 kB
Percpu:             7648 kB
CmaTotal:         294912 kB
CmaFree:               0 kB
MemTotal:       12113132 kB
MemFree:         6523680 kB
MemAvailable:    7874840 kB
Buffers:            4728 kB
Cached:          1772304 kB
SwapCached:            0 kB
Active:          1820640 kB
Inactive:        1579732 kB
Active(anon):    1631936 kB
Inactive(anon):    24448 kB
Active(file):     188704 kB
Inactive(file):  1555284 kB
Unevictable:        5576 kB
Mlocked:            5576 kB
SwapTotal:       3145724 kB
SwapFree:        3145724 kB
Dirty:              1256 kB
Writeback:             0 kB
AnonPages:       1628948 kB
Mapped:           965036 kB
Shmem:             28520 kB
KReclaimable:     469516 kB
Slab:             229232 kB
SReclaimable:      75584 kB
SUnreclaim:       153648 kB
KernelStack:       51536 kB
PageTables:        72228 kB
NFS_Unstable:          0 kB
Bounce:                0 kB
WritebackTmp:          0 kB
CommitLimit:     9202288 kB
Committed_AS:   83741020 kB
VmallocTotal:   263061440 kB
VmallocUsed:      108792 kB
VmallocChunk:          0 kB
Percpu:             7648 kB
CmaTotal:         294912 kB
CmaFree:               0 kB
MemTotal:       12113132 kB
MemFree:         6523412 kB
MemAvailable:    7874576 kB
Buffers:            4728 kB
Cached:          1772316 kB
SwapCached:            0 kB
Active:          1821104 kB
Inactive:        1579744 kB
Active(anon):    1632400 kB
Inactive(anon):    24448 kB
Active(file):     188704 kB
Inactive(file):  1555296 kB
Unevictable:        5576 kB
Mlocked:            5576 kB
SwapTotal:       3145724 kB
SwapFree:        3145724 kB
Dirty:              1288 kB
Writeback:             0 kB
AnonPages:       1629284 kB
Mapped:           964916 kB
Shmem:             28520 kB
KReclaimable:     469500 kB
Slab:             229232 kB
SReclaimable:      75568 kB
SUnreclaim:       153664 kB
KernelStack:       51520 kB
PageTables:        72012 kB
NFS_Unstable:          0 kB
Bounce:                0 kB
WritebackTmp:          0 kB
CommitLimit:     9202288 kB
Committed_AS:   83725332 kB
VmallocTotal:   263061440 kB
VmallocUsed:      108776 kB
VmallocChunk:          0 kB
Percpu:             7648 kB
CmaTotal:         294912 kB
CmaFree:               0 kB
MemTotal:       12113132 kB
MemFree:         6522304 kB
MemAvailable:    7873660 kB
Buffers:            4728 kB
Cached:          1772324 kB
SwapCached:            0 kB
Active:          1821248 kB
Inactive:        1579752 kB
Active(anon):    1632544 kB
Inactive(anon):    24448 kB
Active(file):     188704 kB
Inactive(file):  1555304 kB
Unevictable:        5576 kB
Mlocked:            5576 kB
SwapTotal:       3145724 kB
SwapFree:        3145724 kB
Dirty:              1316 kB
Writeback:             0 kB
AnonPages:       1629316 kB
Mapped:           964916 kB
Shmem:             28520 kB
KReclaimable:     469868 kB
Slab:             229200 kB
SReclaimable:      75552 kB
SUnreclaim:       153648 kB
KernelStack:       51488 kB
PageTables:        71748 kB
NFS_Unstable:          0 kB
Bounce:                0 kB
WritebackTmp:          0 kB
CommitLimit:     9202288 kB
Committed_AS:   83739552 kB
VmallocTotal:   263061440 kB
VmallocUsed:      108776 kB
VmallocChunk:          0 kB
Percpu:             7648 kB
CmaTotal:         294912 kB
CmaFree:               0 kB
MemTotal:       12113132 kB
MemFree:         6523140 kB
MemAvailable:    7875120 kB
Buffers:            4732 kB
Cached:          1772240 kB
SwapCached:            0 kB
Active:          1819120 kB
Inactive:        1579668 kB
Active(anon):    1630412 kB
Inactive(anon):    24328 kB
Active(file):     188708 kB
Inactive(file):  1555340 kB
Unevictable:        5576 kB
Mlocked:            5576 kB
SwapTotal:       3145724 kB
SwapFree:        3145724 kB
Dirty:              1304 kB
Writeback:             0 kB
AnonPages:       1627324 kB
Mapped:           964696 kB
Shmem:             28400 kB
KReclaimable:     471036 kB
Slab:             229204 kB
SReclaimable:      75568 kB
SUnreclaim:       153636 kB
KernelStack:       51488 kB
PageTables:        72104 kB
NFS_Unstable:          0 kB
Bounce:                0 kB
WritebackTmp:          0 kB
CommitLimit:     9202288 kB
Committed_AS:   83713336 kB
VmallocTotal:   263061440 kB
VmallocUsed:      108776 kB
VmallocChunk:          0 kB
Percpu:             7648 kB
CmaTotal:         294912 kB
CmaFree:              36 kB
MemTotal:       12113132 kB
MemFree:         6522868 kB
MemAvailable:    7874860 kB
Buffers:            4732 kB
Cached:          1772256 kB
SwapCached:            0 kB
Active:          1819420 kB
Inactive:        1579684 kB
Active(anon):    1630712 kB
Inactive(anon):    24332 kB
Active(file):     188708 kB
Inactive(file):  1555352 kB
Unevictable:        5576 kB
Mlocked:            5576 kB
SwapTotal:       3145724 kB
SwapFree:        3145724 kB
Dirty:               840 kB
Writeback:             0 kB
AnonPages:       1627488 kB
Mapped:           964848 kB
Shmem:             28404 kB
KReclaimable:     471036 kB
Slab:             229220 kB
SReclaimable:      75568 kB
SUnreclaim:       153652 kB
KernelStack:       51488 kB
PageTables:        72240 kB
NFS_Unstable:          0 kB
Bounce:                0 kB
WritebackTmp:          0 kB
CommitLimit:     9202288 kB
Committed_AS:   83718104 kB
VmallocTotal:   263061440 kB
VmallocUsed:      108792 kB
VmallocChunk:          0 kB
Percpu:             7648 kB
CmaTotal:         294912 kB
CmaFree:               0 kB
MemTotal:       12113132 kB
MemFree:         6525240 kB
MemAvailable:    7877252 kB
Buffers:            4732 kB
Cached:          1772280 kB
SwapCached:            0 kB
Active:          1817128 kB
Inactive:        1579704 kB
Active(anon):    1628416 kB
Inactive(anon):    24336 kB
Active(file):     188712 kB
Inactive(file):  1555368 kB
Unevictable:        5576 kB
Mlocked:            5576 kB
SwapTotal:       3145724 kB
SwapFree:        3145724 kB
Dirty:               724 kB
Writeback:             0 kB
AnonPages:       1625592 kB
Mapped:           964904 kB
Shmem:             28408 kB
KReclaimable:     471036 kB
Slab:             229184 kB
SReclaimable:      75568 kB
SUnreclaim:       153616 kB
KernelStack:       51472 kB
PageTables:        72172 kB
NFS_Unstable:          0 kB
Bounce:                0 kB
WritebackTmp:          0 kB
CommitLimit:     9202288 kB
Committed_AS:   83720692 kB
VmallocTotal:   263061440 kB
VmallocUsed:      108776 kB
VmallocChunk:          0 kB
Percpu:             7648 kB
CmaTotal:         294912 kB
CmaFree:               0 kB
MemTotal:       12113132 kB
MemFree:         6529720 kB
MemAvailable:    7881744 kB
Buffers:            4732 kB
Cached:          1772308 kB
SwapCached:            0 kB
Active:          1812000 kB
Inactive:        1579732 kB
Active(anon):    1623288 kB
Inactive(anon):    24352 kB
Active(file):     188712 kB
Inactive(file):  1555380 kB
Unevictable:        5576 kB
Mlocked:            5576 kB
SwapTotal:       3145724 kB
SwapFree:        3145724 kB
Dirty:               796 kB
Writeback:             0 kB
AnonPages:       1620628 kB
Mapped:           965064 kB
Shmem:             28424 kB
KReclaimable:     471036 kB
Slab:             229180 kB
SReclaimable:      75568 kB
SUnreclaim:       153612 kB
KernelStack:       51492 kB
PageTables:        72288 kB
NFS_Unstable:          0 kB
Bounce:                0 kB
WritebackTmp:          0 kB
CommitLimit:     9202288 kB
Committed_AS:   83724088 kB
VmallocTotal:   263061440 kB
VmallocUsed:      108776 kB
VmallocChunk:          0 kB
Percpu:             7648 kB
CmaTotal:         294912 kB
CmaFree:               0 kB
MemTotal:       12113132 kB
MemFree:         6529292 kB
MemAvailable:    7881416 kB
Buffers:            4732 kB
Cached:          1771908 kB
SwapCached:            0 kB
Active:          1813348 kB
Inactive:        1579332 kB
Active(anon):    1624636 kB
Inactive(anon):    23852 kB
Active(file):     188712 kB
Inactive(file):  1555480 kB
Unevictable:        5576 kB
Mlocked:            5576 kB
SwapTotal:       3145724 kB
SwapFree:        3145724 kB
Dirty:               804 kB
Writeback:             0 kB
AnonPages:       1621968 kB
Mapped:           964460 kB
Shmem:             27924 kB
KReclaimable:     471036 kB
Slab:             229164 kB
SReclaimable:      75568 kB
SUnreclaim:       153596 kB
KernelStack:       51424 kB
PageTables:        72368 kB
NFS_Unstable:          0 kB
Bounce:                0 kB
WritebackTmp:          0 kB
CommitLimit:     9202288 kB
Committed_AS:   83710288 kB
VmallocTotal:   263061440 kB
VmallocUsed:      108728 kB
VmallocChunk:          0 kB
Percpu:             7648 kB
CmaTotal:         294912 kB
CmaFree:               0 kB
MemTotal:       12113132 kB
MemFree:         6528612 kB
MemAvailable:    7880748 kB
Buffers:            4732 kB
Cached:          1771756 kB
SwapCached:            0 kB
Active:          1815608 kB
Inactive:        1579180 kB
Active(anon):    1626896 kB
Inactive(anon):    23688 kB
Active(file):     188712 kB
Inactive(file):  1555492 kB
Unevictable:        5576 kB
Mlocked:            5576 kB
SwapTotal:       3145724 kB
SwapFree:        3145724 kB
Dirty:               816 kB
Writeback:             0 kB
AnonPages:       1623496 kB
Mapped:           964372 kB
Shmem:             27760 kB
KReclaimable:     471036 kB
Slab:             229164 kB
SReclaimable:      75568 kB
SUnreclaim:       153596 kB
KernelStack:       51424 kB
PageTables:        72204 kB
NFS_Unstable:          0 kB
Bounce:                0 kB
WritebackTmp:          0 kB
CommitLimit:     9202288 kB
Committed_AS:   83719436 kB
VmallocTotal:   263061440 kB
VmallocUsed:      108744 kB
VmallocChunk:          0 kB
Percpu:             7648 kB
CmaTotal:         294912 kB
CmaFree:               0 kB
MemTotal:       12113132 kB
MemFree:         6504620 kB
MemAvailable:    7856772 kB
Buffers:            4732 kB
Cached:          1771800 kB
SwapCached:            0 kB
Active:          1839048 kB
Inactive:        1579224 kB
Active(anon):    1650336 kB
Inactive(anon):    23708 kB
Active(file):     188712 kB
Inactive(file):  1555516 kB
Unevictable:        5576 kB
Mlocked:            5576 kB
SwapTotal:       3145724 kB
SwapFree:        3145724 kB
Dirty:               948 kB
Writeback:             0 kB
AnonPages:       1647316 kB
Mapped:           964200 kB
Shmem:             27780 kB
KReclaimable:     471020 kB
Slab:             229216 kB
SReclaimable:      75552 kB
SUnreclaim:       153664 kB
KernelStack:       51424 kB
PageTables:        72228 kB
NFS_Unstable:          0 kB
Bounce:                0 kB
WritebackTmp:          0 kB
CommitLimit:     9202288 kB
Committed_AS:   83721912 kB
VmallocTotal:   263061440 kB
VmallocUsed:      108680 kB
VmallocChunk:          0 kB
Percpu:             7648 kB
CmaTotal:         294912 kB
CmaFree:               0 kB
MemTotal:       12113132 kB
MemFree:         6504176 kB
MemAvailable:    7856328 kB
Buffers:            4732 kB
Cached:          1771804 kB
SwapCached:            0 kB
Active:          1837744 kB
Inactive:        1579228 kB
Active(anon):    1649032 kB
Inactive(anon):    23712 kB
Active(file):     188712 kB
Inactive(file):  1555516 kB
Unevictable:        5576 kB
Mlocked:            5576 kB
SwapTotal:       3145724 kB
SwapFree:        3145724 kB
Dirty:               960 kB
Writeback:             0 kB
AnonPages:       1645800 kB
Mapped:           964408 kB
Shmem:             27784 kB
KReclaimable:     471020 kB
Slab:             228928 kB
SReclaimable:      75552 kB
SUnreclaim:       153376 kB
KernelStack:       51392 kB
PageTables:        72244 kB
NFS_Unstable:          0 kB
Bounce:                0 kB
WritebackTmp:          0 kB
CommitLimit:     9202288 kB
Committed_AS:   83716244 kB
VmallocTotal:   263061440 kB
VmallocUsed:      108680 kB
VmallocChunk:          0 kB
Percpu:             7648 kB
CmaTotal:         294912 kB
CmaFree:               0 kB
MemTotal:       12113132 kB
MemFree:         6501520 kB
MemAvailable:    7853700 kB
Buffers:            4732 kB
Cached:          1771832 kB
SwapCached:            0 kB
Active:          1839008 kB
Inactive:        1579256 kB
Active(anon):    1650296 kB
Inactive(anon):    23720 kB
Active(file):     188712 kB
Inactive(file):  1555536 kB
Unevictable:        5576 kB
Mlocked:            5576 kB
SwapTotal:       3145724 kB
SwapFree:        3145724 kB
Dirty:              1080 kB
Writeback:             0 kB
AnonPages:       1647168 kB
Mapped:           964224 kB
Shmem:             27792 kB
KReclaimable:     471036 kB
Slab:             229156 kB
SReclaimable:      75568 kB
SUnreclaim:       153588 kB
KernelStack:       51376 kB
PageTables:        72184 kB
NFS_Unstable:          0 kB
Bounce:                0 kB
WritebackTmp:          0 kB
CommitLimit:     9202288 kB
Committed_AS:   83724860 kB
VmallocTotal:   263061440 kB
VmallocUsed:      108632 kB
VmallocChunk:          0 kB
Percpu:             7648 kB
CmaTotal:         294912 kB
CmaFree:               0 kB
MemTotal:       12113132 kB
MemFree:         6505160 kB
MemAvailable:    7860044 kB
Buffers:            4732 kB
Cached:          1774524 kB
SwapCached:            0 kB
Active:          1833084 kB
Inactive:        1581948 kB
Active(anon):    1644372 kB
Inactive(anon):    23708 kB
Active(file):     188712 kB
Inactive(file):  1558240 kB
Unevictable:        5576 kB
Mlocked:            5576 kB
SwapTotal:       3145724 kB
SwapFree:        3145724 kB
Dirty:              4024 kB
Writeback:             0 kB
AnonPages:       1641268 kB
Mapped:           964216 kB
Shmem:             27780 kB
KReclaimable:     471036 kB
Slab:             229164 kB
SReclaimable:      75568 kB
SUnreclaim:       153596 kB
KernelStack:       51248 kB
PageTables:        72224 kB
NFS_Unstable:          0 kB
Bounce:                0 kB
WritebackTmp:          0 kB
CommitLimit:     9202288 kB
Committed_AS:   83722164 kB
VmallocTotal:   263061440 kB
VmallocUsed:      108584 kB
VmallocChunk:          0 kB
Percpu:             7648 kB
CmaTotal:         294912 kB
CmaFree:             104 kB
MemTotal:       12113132 kB
MemFree:         6504752 kB
MemAvailable:    7859640 kB
Buffers:            4732 kB
Cached:          1774536 kB
SwapCached:            0 kB
Active:          1833240 kB
Inactive:        1581960 kB
Active(anon):    1644528 kB
Inactive(anon):    23708 kB
Active(file):     188712 kB
Inactive(file):  1558252 kB
Unevictable:        5576 kB
Mlocked:            5576 kB
SwapTotal:       3145724 kB
SwapFree:        3145724 kB
Dirty:              4040 kB
Writeback:             0 kB
AnonPages:       1641644 kB
Mapped:           964216 kB
Shmem:             27780 kB
KReclaimable:     471020 kB
Slab:             229184 kB
SReclaimable:      75552 kB
SUnreclaim:       153632 kB
KernelStack:       51232 kB
PageTables:        72096 kB
NFS_Unstable:          0 kB
Bounce:                0 kB
WritebackTmp:          0 kB
CommitLimit:     9202288 kB
Committed_AS:   83720304 kB
VmallocTotal:   263061440 kB
VmallocUsed:      108584 kB
VmallocChunk:          0 kB
Percpu:             7648 kB
CmaTotal:         294912 kB
CmaFree:               0 kB
MemTotal:       12113132 kB
MemFree:         6504016 kB
MemAvailable:    7858912 kB
Buffers:            4732 kB
Cached:          1774544 kB
SwapCached:            0 kB
Active:          1833532 kB
Inactive:        1581968 kB
Active(anon):    1644820 kB
Inactive(anon):    23708 kB
Active(file):     188712 kB
Inactive(file):  1558260 kB
Unevictable:        5576 kB
Mlocked:            5576 kB
SwapTotal:       3145724 kB
SwapFree:        3145724 kB
Dirty:               688 kB
Writeback:             0 kB
AnonPages:       1642012 kB
Mapped:           964156 kB
Shmem:             27780 kB
KReclaimable:     471020 kB
Slab:             229180 kB
SReclaimable:      75552 kB
SUnreclaim:       153628 kB
KernelStack:       51252 kB
PageTables:        72300 kB
NFS_Unstable:          0 kB
Bounce:                0 kB
WritebackTmp:          0 kB
CommitLimit:     9202288 kB
Committed_AS:   83722452 kB
VmallocTotal:   263061440 kB
VmallocUsed:      108552 kB
VmallocChunk:          0 kB
Percpu:             7648 kB
CmaTotal:         294912 kB
CmaFree:               0 kB
MemTotal:       12113132 kB
MemFree:         6503724 kB
MemAvailable:    7858904 kB
Buffers:            4732 kB
Cached:          1774572 kB
SwapCached:            0 kB
Active:          1834264 kB
Inactive:        1581996 kB
Active(anon):    1645552 kB
Inactive(anon):    23708 kB
Active(file):     188712 kB
Inactive(file):  1558288 kB
Unevictable:        5576 kB
Mlocked:            5576 kB
SwapTotal:       3145724 kB
SwapFree:        3145724 kB
Dirty:               776 kB
Writeback:             0 kB
AnonPages:       1642548 kB
Mapped:           964224 kB
Shmem:             27780 kB
KReclaimable:     471532 kB
Slab:             229224 kB
SReclaimable:      75552 kB
SUnreclaim:       153672 kB
KernelStack:       51232 kB
PageTables:        72096 kB
NFS_Unstable:          0 kB
Bounce:                0 kB
WritebackTmp:          0 kB
CommitLimit:     9202288 kB
Committed_AS:   83726880 kB
VmallocTotal:   263061440 kB
VmallocUsed:      108568 kB
VmallocChunk:          0 kB
Percpu:             7648 kB
CmaTotal:         294912 kB
CmaFree:               0 kB
MemTotal:       12113132 kB
MemFree:         6501792 kB
MemAvailable:    7856992 kB
Buffers:            4732 kB
Cached:          1774596 kB
SwapCached:            0 kB
Active:          1836472 kB
Inactive:        1582020 kB
Active(anon):    1647760 kB
Inactive(anon):    23720 kB
Active(file):     188712 kB
Inactive(file):  1558300 kB
Unevictable:        5576 kB
Mlocked:            5576 kB
SwapTotal:       3145724 kB
SwapFree:        3145724 kB
Dirty:               820 kB
Writeback:             0 kB
AnonPages:       1644736 kB
Mapped:           964264 kB
Shmem:             27792 kB
KReclaimable:     471548 kB
Slab:             229240 kB
SReclaimable:      75568 kB
SUnreclaim:       153672 kB
KernelStack:       51280 kB
PageTables:        72188 kB
NFS_Unstable:          0 kB
Bounce:                0 kB
WritebackTmp:          0 kB
CommitLimit:     9202288 kB
Committed_AS:   83711736 kB
VmallocTotal:   263061440 kB
VmallocUsed:      108520 kB
VmallocChunk:          0 kB
Percpu:             7648 kB
CmaTotal:         294912 kB
CmaFree:               0 kB
MemTotal:       12113132 kB
MemFree:         6501544 kB
MemAvailable:    7856748 kB
Buffers:            4732 kB
Cached:          1774644 kB
SwapCached:            0 kB
Active:          1837836 kB
Inactive:        1582068 kB
Active(anon):    1649124 kB
Inactive(anon):    23764 kB
Active(file):     188712 kB
Inactive(file):  1558304 kB
Unevictable:        5576 kB
Mlocked:            5576 kB
SwapTotal:       3145724 kB
SwapFree:        3145724 kB
Dirty:               848 kB
Writeback:             0 kB
AnonPages:       1646064 kB
Mapped:           964504 kB
Shmem:             27836 kB
KReclaimable:     471548 kB
Slab:             229244 kB
SReclaimable:      75568 kB
SUnreclaim:       153676 kB
KernelStack:       51276 kB
PageTables:        72148 kB
NFS_Unstable:          0 kB
Bounce:                0 kB
WritebackTmp:          0 kB
CommitLimit:     9202288 kB
Committed_AS:   83723860 kB
VmallocTotal:   263061440 kB
VmallocUsed:      108536 kB
VmallocChunk:          0 kB
Percpu:             7648 kB
CmaTotal:         294912 kB
CmaFree:               0 kB
MemTotal:       12113132 kB
MemFree:         6501020 kB
MemAvailable:    7856272 kB
Buffers:            4736 kB
Cached:          1774684 kB
SwapCached:            0 kB
Active:          1837664 kB
Inactive:        1582108 kB
Active(anon):    1648948 kB
Inactive(anon):    23752 kB
Active(file):     188716 kB
Inactive(file):  1558356 kB
Unevictable:        5576 kB
Mlocked:            5576 kB
SwapTotal:       3145724 kB
SwapFree:        3145724 kB
Dirty:               972 kB
Writeback:             0 kB
AnonPages:       1646032 kB
Mapped:           964280 kB
Shmem:             27824 kB
KReclaimable:     471532 kB
Slab:             229232 kB
SReclaimable:      75552 kB
SUnreclaim:       153680 kB
KernelStack:       51296 kB
PageTables:        72352 kB
NFS_Unstable:          0 kB
Bounce:                0 kB
WritebackTmp:          0 kB
CommitLimit:     9202288 kB
Committed_AS:   83715016 kB
VmallocTotal:   263061440 kB
VmallocUsed:      108552 kB
VmallocChunk:          0 kB
Percpu:             7648 kB
CmaTotal:         294912 kB
CmaFree:               0 kB
MemTotal:       12113132 kB
MemFree:         6504416 kB
MemAvailable:    7859672 kB
Buffers:            4736 kB
Cached:          1774700 kB
SwapCached:            0 kB
Active:          1836464 kB
Inactive:        1582124 kB
Active(anon):    1647748 kB
Inactive(anon):    23764 kB
Active(file):     188716 kB
Inactive(file):  1558360 kB
Unevictable:        5576 kB
Mlocked:            5576 kB
SwapTotal:       3145724 kB
SwapFree:        3145724 kB
Dirty:               976 kB
Writeback:             0 kB
AnonPages:       1644796 kB
Mapped:           964292 kB
Shmem:             27836 kB
KReclaimable:     471532 kB
Slab:             229236 kB
SReclaimable:      75552 kB
SUnreclaim:       153684 kB
KernelStack:       51248 kB
PageTables:        72240 kB
NFS_Unstable:          0 kB
Bounce:                0 kB
WritebackTmp:          0 kB
CommitLimit:     9202288 kB
Committed_AS:   83715328 kB
VmallocTotal:   263061440 kB
VmallocUsed:      108520 kB
VmallocChunk:          0 kB
Percpu:             7648 kB
CmaTotal:         294912 kB
CmaFree:               0 kB
MemTotal:       12113132 kB
MemFree:         6504172 kB
MemAvailable:    7859444 kB
Buffers:            4736 kB
Cached:          1774692 kB
SwapCached:            0 kB
Active:          1837112 kB
Inactive:        1582116 kB
Active(anon):    1648396 kB
Inactive(anon):    23740 kB
Active(file):     188716 kB
Inactive(file):  1558376 kB
Unevictable:        5576 kB
Mlocked:            5576 kB
SwapTotal:       3145724 kB
SwapFree:        3145724 kB
Dirty:              1004 kB
Writeback:             0 kB
AnonPages:       1645440 kB
Mapped:           964432 kB
Shmem:             27812 kB
KReclaimable:     471532 kB
Slab:             229236 kB
SReclaimable:      75552 kB
SUnreclaim:       153684 kB
KernelStack:       51280 kB
PageTables:        72232 kB
NFS_Unstable:          0 kB
Bounce:                0 kB
WritebackTmp:          0 kB
CommitLimit:     9202288 kB
Committed_AS:   83724312 kB
VmallocTotal:   263061440 kB
VmallocUsed:      108520 kB
VmallocChunk:          0 kB
Percpu:             7648 kB
CmaTotal:         294912 kB
CmaFree:               4 kB
MemTotal:       12113132 kB
MemFree:         6503052 kB
MemAvailable:    7858336 kB
Buffers:            4736 kB
Cached:          1774704 kB
SwapCached:            0 kB
Active:          1836744 kB
Inactive:        1582128 kB
Active(anon):    1648028 kB
Inactive(anon):    23740 kB
Active(file):     188716 kB
Inactive(file):  1558388 kB
Unevictable:        5576 kB
Mlocked:            5576 kB
SwapTotal:       3145724 kB
SwapFree:        3145724 kB
Dirty:              1032 kB
Writeback:             0 kB
AnonPages:       1644972 kB
Mapped:           964272 kB
Shmem:             27812 kB
KReclaimable:     471532 kB
Slab:             229236 kB
SReclaimable:      75552 kB
SUnreclaim:       153684 kB
KernelStack:       51248 kB
PageTables:        72160 kB
NFS_Unstable:          0 kB
Bounce:                0 kB
WritebackTmp:          0 kB
CommitLimit:     9202288 kB
Committed_AS:   83724956 kB
VmallocTotal:   263061440 kB
VmallocUsed:      108536 kB
VmallocChunk:          0 kB
Percpu:             7648 kB
CmaTotal:         294912 kB
CmaFree:               0 kB
MemTotal:       12113132 kB
MemFree:         6503384 kB
MemAvailable:    7858672 kB
Buffers:            4736 kB
Cached:          1774712 kB
SwapCached:            0 kB
Active:          1837212 kB
Inactive:        1582136 kB
Active(anon):    1648496 kB
Inactive(anon):    23744 kB
Active(file):     188716 kB
Inactive(file):  1558392 kB
Unevictable:        5576 kB
Mlocked:            5576 kB
SwapTotal:       3145724 kB
SwapFree:        3145724 kB
Dirty:              1060 kB
Writeback:             0 kB
AnonPages:       1645516 kB
Mapped:           964564 kB
Shmem:             27816 kB
KReclaimable:     471532 kB
Slab:             229308 kB
SReclaimable:      75552 kB
SUnreclaim:       153756 kB
KernelStack:       51312 kB
PageTables:        72096 kB
NFS_Unstable:          0 kB
Bounce:                0 kB
WritebackTmp:          0 kB
CommitLimit:     9202288 kB
Committed_AS:   83719176 kB
VmallocTotal:   263061440 kB
VmallocUsed:      108504 kB
VmallocChunk:          0 kB
Percpu:             7648 kB
CmaTotal:         294912 kB
CmaFree:               0 kB
MemTotal:       12113132 kB
MemFree:         6502892 kB
MemAvailable:    7858200 kB
Buffers:            4736 kB
Cached:          1774748 kB
SwapCached:            0 kB
Active:          1837600 kB
Inactive:        1582152 kB
Active(anon):    1648864 kB
Inactive(anon):    23760 kB
Active(file):     188736 kB
Inactive(file):  1558392 kB
Unevictable:        5576 kB
Mlocked:            5576 kB
SwapTotal:       3145724 kB
SwapFree:        3145724 kB
Dirty:              1080 kB
Writeback:             0 kB
AnonPages:       1645904 kB
Mapped:           964368 kB
Shmem:             27832 kB
KReclaimable:     471532 kB
Slab:             229276 kB
SReclaimable:      75552 kB
SUnreclaim:       153724 kB
KernelStack:       51216 kB
PageTables:        72104 kB
NFS_Unstable:          0 kB
Bounce:                0 kB
WritebackTmp:          0 kB
CommitLimit:     9202288 kB
Committed_AS:   83737780 kB
VmallocTotal:   263061440 kB
VmallocUsed:      108520 kB
VmallocChunk:          0 kB
Percpu:             7648 kB
CmaTotal:         294912 kB
CmaFree:               0 kB
MemTotal:       12113132 kB
MemFree:         6501460 kB
MemAvailable:    7856776 kB
Buffers:            4736 kB
Cached:          1774756 kB
SwapCached:            0 kB
Active:          1838008 kB
Inactive:        1582160 kB
Active(anon):    1649272 kB
Inactive(anon):    23760 kB
Active(file):     188736 kB
Inactive(file):  1558400 kB
Unevictable:        5576 kB
Mlocked:            5576 kB
SwapTotal:       3145724 kB
SwapFree:        3145724 kB
Dirty:              1100 kB
Writeback:             0 kB
AnonPages:       1646396 kB
Mapped:           964392 kB
Shmem:             27832 kB
KReclaimable:     471532 kB
Slab:             229276 kB
SReclaimable:      75552 kB
SUnreclaim:       153724 kB
KernelStack:       51248 kB
PageTables:        72160 kB
NFS_Unstable:          0 kB
Bounce:                0 kB
WritebackTmp:          0 kB
CommitLimit:     9202288 kB
Committed_AS:   83727224 kB
VmallocTotal:   263061440 kB
VmallocUsed:      108504 kB
VmallocChunk:          0 kB
Percpu:             7648 kB
CmaTotal:         294912 kB
CmaFree:               0 kB
MemTotal:       12113132 kB
MemFree:         6502216 kB
MemAvailable:    7857696 kB
Buffers:            4736 kB
Cached:          1774724 kB
SwapCached:            0 kB
Active:          1839212 kB
Inactive:        1582128 kB
Active(anon):    1650476 kB
Inactive(anon):    23708 kB
Active(file):     188736 kB
Inactive(file):  1558420 kB
Unevictable:        5576 kB
Mlocked:            5576 kB
SwapTotal:       3145724 kB
SwapFree:        3145724 kB
Dirty:              1208 kB
Writeback:             0 kB
AnonPages:       1647208 kB
Mapped:           964332 kB
Shmem:             27780 kB
KReclaimable:     471820 kB
Slab:             229276 kB
SReclaimable:      75552 kB
SUnreclaim:       153724 kB
KernelStack:       51216 kB
PageTables:        72096 kB
NFS_Unstable:          0 kB
Bounce:                0 kB
WritebackTmp:          0 kB
CommitLimit:     9202288 kB
Committed_AS:   83708752 kB
VmallocTotal:   263061440 kB
VmallocUsed:      108488 kB
VmallocChunk:          0 kB
Percpu:             7648 kB
CmaTotal:         294912 kB
CmaFree:               0 kB
MemTotal:       12113132 kB
MemFree:         6501444 kB
MemAvailable:    7856936 kB
Buffers:            4736 kB
Cached:          1774744 kB
SwapCached:            0 kB
Active:          1839688 kB
Inactive:        1582148 kB
Active(anon):    1650952 kB
Inactive(anon):    23716 kB
Active(file):     188736 kB
Inactive(file):  1558432 kB
Unevictable:        5576 kB
Mlocked:            5576 kB
SwapTotal:       3145724 kB
SwapFree:        3145724 kB
Dirty:              1220 kB
Writeback:             0 kB
AnonPages:       1648100 kB
Mapped:           964552 kB
Shmem:             27788 kB
KReclaimable:     471820 kB
Slab:             229276 kB
SReclaimable:      75552 kB
SUnreclaim:       153724 kB
KernelStack:       51264 kB
PageTables:        72128 kB
NFS_Unstable:          0 kB
Bounce:                0 kB
WritebackTmp:          0 kB
CommitLimit:     9202288 kB
Committed_AS:   83718572 kB
VmallocTotal:   263061440 kB
VmallocUsed:      108504 kB
VmallocChunk:          0 kB
Percpu:             7648 kB
CmaTotal:         294912 kB
CmaFree:               0 kB
MemTotal:       12113132 kB
MemFree:         6506380 kB
MemAvailable:    7861900 kB
Buffers:            4736 kB
Cached:          1774784 kB
SwapCached:            0 kB
Active:          1834808 kB
Inactive:        1582188 kB
Active(anon):    1646072 kB
Inactive(anon):    23728 kB
Active(file):     188736 kB
Inactive(file):  1558460 kB
Unevictable:        5576 kB
Mlocked:            5576 kB
SwapTotal:       3145724 kB
SwapFree:        3145724 kB
Dirty:              1276 kB
Writeback:             0 kB
AnonPages:       1643080 kB
Mapped:           964364 kB
Shmem:             27800 kB
KReclaimable:     471820 kB
Slab:             229316 kB
SReclaimable:      75552 kB
SUnreclaim:       153764 kB
KernelStack:       51296 kB
PageTables:        72192 kB
NFS_Unstable:          0 kB
Bounce:                0 kB
WritebackTmp:          0 kB
CommitLimit:     9202288 kB
Committed_AS:   83700452 kB
VmallocTotal:   263061440 kB
VmallocUsed:      108504 kB
VmallocChunk:          0 kB
Percpu:             7648 kB
CmaTotal:         294912 kB
CmaFree:               0 kB
MemTotal:       12113132 kB
MemFree:         6505364 kB
MemAvailable:    7860884 kB
Buffers:            4736 kB
Cached:          1774760 kB
SwapCached:            0 kB
Active:          1834680 kB
Inactive:        1582164 kB
Active(anon):    1645944 kB
Inactive(anon):    23704 kB
Active(file):     188736 kB
Inactive(file):  1558460 kB
Unevictable:        5576 kB
Mlocked:            5576 kB
SwapTotal:       3145724 kB
SwapFree:        3145724 kB
Dirty:              1332 kB
Writeback:             0 kB
AnonPages:       1643412 kB
Mapped:           964464 kB
Shmem:             27776 kB
KReclaimable:     471820 kB
Slab:             229316 kB
SReclaimable:      75552 kB
SUnreclaim:       153764 kB
KernelStack:       51276 kB
PageTables:        72220 kB
NFS_Unstable:          0 kB
Bounce:                0 kB
WritebackTmp:          0 kB
CommitLimit:     9202288 kB
Committed_AS:   83710944 kB
VmallocTotal:   263061440 kB
VmallocUsed:      108504 kB
VmallocChunk:          0 kB
Percpu:             7648 kB
CmaTotal:         294912 kB
CmaFree:               0 kB
MemTotal:       12113132 kB
MemFree:         6504216 kB
MemAvailable:    7859772 kB
Buffers:            4736 kB
Cached:          1774788 kB
SwapCached:            0 kB
Active:          1835432 kB
Inactive:        1582192 kB
Active(anon):    1646696 kB
Inactive(anon):    23704 kB
Active(file):     188736 kB
Inactive(file):  1558488 kB
Unevictable:        5576 kB
Mlocked:            5576 kB
SwapTotal:       3145724 kB
SwapFree:        3145724 kB
Dirty:               752 kB
Writeback:             0 kB
AnonPages:       1643568 kB
Mapped:           964396 kB
Shmem:             27776 kB
KReclaimable:     471836 kB
Slab:             229264 kB
SReclaimable:      75568 kB
SUnreclaim:       153696 kB
KernelStack:       51264 kB
PageTables:        72144 kB
NFS_Unstable:          0 kB
Bounce:                0 kB
WritebackTmp:          0 kB
CommitLimit:     9202288 kB
Committed_AS:   83700220 kB
VmallocTotal:   263061440 kB
VmallocUsed:      108488 kB
VmallocChunk:          0 kB
Percpu:             7648 kB
CmaTotal:         294912 kB
CmaFree:               0 kB
MemTotal:       12113132 kB
MemFree:         6505272 kB
MemAvailable:    7860832 kB
Buffers:            4736 kB
Cached:          1774820 kB
SwapCached:            0 kB
Active:          1835684 kB
Inactive:        1582224 kB
Active(anon):    1646948 kB
Inactive(anon):    23724 kB
Active(file):     188736 kB
Inactive(file):  1558500 kB
Unevictable:        5576 kB
Mlocked:            5576 kB
SwapTotal:       3145724 kB
SwapFree:        3145724 kB
Dirty:               848 kB
Writeback:             0 kB
AnonPages:       1643884 kB
Mapped:           964460 kB
Shmem:             27796 kB
KReclaimable:     471820 kB
Slab:             229248 kB
SReclaimable:      75552 kB
SUnreclaim:       153696 kB
KernelStack:       51280 kB
PageTables:        72160 kB
NFS_Unstable:          0 kB
Bounce:                0 kB
WritebackTmp:          0 kB
CommitLimit:     9202288 kB
Committed_AS:   83715332 kB
VmallocTotal:   263061440 kB
VmallocUsed:      108504 kB
VmallocChunk:          0 kB
Percpu:             7648 kB
CmaTotal:         294912 kB
CmaFree:               0 kB
MemTotal:       12113132 kB
MemFree:         6504512 kB
MemAvailable:    7860092 kB
Buffers:            4736 kB
Cached:          1774836 kB
SwapCached:            0 kB
Active:          1835876 kB
Inactive:        1582240 kB
Active(anon):    1647140 kB
Inactive(anon):    23728 kB
Active(file):     188736 kB
Inactive(file):  1558512 kB
Unevictable:        5576 kB
Mlocked:            5576 kB
SwapTotal:       3145724 kB
SwapFree:        3145724 kB
Dirty:               900 kB
Writeback:             0 kB
AnonPages:       1644192 kB
Mapped:           964444 kB
Shmem:             27800 kB
KReclaimable:     471836 kB
Slab:             229264 kB
SReclaimable:      75568 kB
SUnreclaim:       153696 kB
KernelStack:       51280 kB
PageTables:        72160 kB
NFS_Unstable:          0 kB
Bounce:                0 kB
WritebackTmp:          0 kB
CommitLimit:     9202288 kB
Committed_AS:   83715304 kB
VmallocTotal:   263061440 kB
VmallocUsed:      108504 kB
VmallocChunk:          0 kB
Percpu:             7648 kB
CmaTotal:         294912 kB
CmaFree:               0 kB
MemTotal:       12113132 kB
MemFree:         6514876 kB
MemAvailable:    7870456 kB
Buffers:            4736 kB
Cached:          1774848 kB
SwapCached:            0 kB
Active:          1823976 kB
Inactive:        1582252 kB
Active(anon):    1635240 kB
Inactive(anon):    23732 kB
Active(file):     188736 kB
Inactive(file):  1558520 kB
Unevictable:        5576 kB
Mlocked:            5576 kB
SwapTotal:       3145724 kB
SwapFree:        3145724 kB
Dirty:               908 kB
Writeback:             0 kB
AnonPages:       1632180 kB
Mapped:           964572 kB
Shmem:             27804 kB
KReclaimable:     471820 kB
Slab:             229248 kB
SReclaimable:      75552 kB
SUnreclaim:       153696 kB
KernelStack:       51248 kB
PageTables:        72172 kB
NFS_Unstable:          0 kB
Bounce:                0 kB
WritebackTmp:          0 kB
CommitLimit:     9202288 kB
Committed_AS:   83720560 kB
VmallocTotal:   263061440 kB
VmallocUsed:      108520 kB
VmallocChunk:          0 kB
Percpu:             7648 kB
CmaTotal:         294912 kB
CmaFree:               0 kB
MemTotal:       12113132 kB
MemFree:         6513844 kB
MemAvailable:    7869472 kB
Buffers:            4744 kB
Cached:          1774900 kB
SwapCached:            0 kB
Active:          1824996 kB
Inactive:        1582304 kB
Active(anon):    1636252 kB
Inactive(anon):    23744 kB
Active(file):     188744 kB
Inactive(file):  1558560 kB
Unevictable:        5576 kB
Mlocked:            5576 kB
SwapTotal:       3145724 kB
SwapFree:        3145724 kB
Dirty:               944 kB
Writeback:             0 kB
AnonPages:       1633236 kB
Mapped:           964468 kB
Shmem:             27816 kB
KReclaimable:     471820 kB
Slab:             229248 kB
SReclaimable:      75552 kB
SUnreclaim:       153696 kB
KernelStack:       51184 kB
PageTables:        72092 kB
NFS_Unstable:          0 kB
Bounce:                0 kB
WritebackTmp:          0 kB
CommitLimit:     9202288 kB
Committed_AS:   83716516 kB
VmallocTotal:   263061440 kB
VmallocUsed:      108520 kB
VmallocChunk:          0 kB
Percpu:             7648 kB
CmaTotal:         294912 kB
CmaFree:               0 kB
MemTotal:       12113132 kB
MemFree:         6515120 kB
MemAvailable:    7870760 kB
Buffers:            4744 kB
Cached:          1774904 kB
SwapCached:            0 kB
Active:          1824348 kB
Inactive:        1582308 kB
Active(anon):    1635604 kB
Inactive(anon):    23744 kB
Active(file):     188744 kB
Inactive(file):  1558564 kB
Unevictable:        5576 kB
Mlocked:            5576 kB
SwapTotal:       3145724 kB
SwapFree:        3145724 kB
Dirty:               696 kB
Writeback:             0 kB
AnonPages:       1632628 kB
Mapped:           964468 kB
Shmem:             27816 kB
KReclaimable:     471836 kB
Slab:             229336 kB
SReclaimable:      75568 kB
SUnreclaim:       153768 kB
KernelStack:       51184 kB
PageTables:        72088 kB
NFS_Unstable:          0 kB
Bounce:                0 kB
WritebackTmp:          0 kB
CommitLimit:     9202288 kB
Committed_AS:   83720336 kB
VmallocTotal:   263061440 kB
VmallocUsed:      108472 kB
VmallocChunk:          0 kB
Percpu:             7648 kB
CmaTotal:         294912 kB
CmaFree:               0 kB
MemTotal:       12113132 kB
MemFree:         6513608 kB
MemAvailable:    7869252 kB
Buffers:            4744 kB
Cached:          1774924 kB
SwapCached:            0 kB
Active:          1825616 kB
Inactive:        1582328 kB
Active(anon):    1636872 kB
Inactive(anon):    23752 kB
Active(file):     188744 kB
Inactive(file):  1558576 kB
Unevictable:        5576 kB
Mlocked:            5576 kB
SwapTotal:       3145724 kB
SwapFree:        3145724 kB
Dirty:               760 kB
Writeback:             0 kB
AnonPages:       1633948 kB
Mapped:           964480 kB
Shmem:             27824 kB
KReclaimable:     471820 kB
Slab:             229324 kB
SReclaimable:      75552 kB
SUnreclaim:       153772 kB
KernelStack:       51200 kB
PageTables:        72088 kB
NFS_Unstable:          0 kB
Bounce:                0 kB
WritebackTmp:          0 kB
CommitLimit:     9202288 kB
Committed_AS:   83711692 kB
VmallocTotal:   263061440 kB
VmallocUsed:      108488 kB
VmallocChunk:          0 kB
Percpu:             7648 kB
CmaTotal:         294912 kB
CmaFree:               0 kB
MemTotal:       12113132 kB
MemFree:         6513596 kB
MemAvailable:    7869244 kB
Buffers:            4744 kB
Cached:          1774948 kB
SwapCached:            0 kB
Active:          1826480 kB
Inactive:        1582352 kB
Active(anon):    1637736 kB
Inactive(anon):    23772 kB
Active(file):     188744 kB
Inactive(file):  1558580 kB
Unevictable:        5576 kB
Mlocked:            5576 kB
SwapTotal:       3145724 kB
SwapFree:        3145724 kB
Dirty:               824 kB
Writeback:             4 kB
AnonPages:       1634772 kB
Mapped:           964764 kB
Shmem:             27844 kB
KReclaimable:     471820 kB
Slab:             229324 kB
SReclaimable:      75552 kB
SUnreclaim:       153772 kB
KernelStack:       51184 kB
PageTables:        71944 kB
NFS_Unstable:          0 kB
Bounce:                0 kB
WritebackTmp:          0 kB
CommitLimit:     9202288 kB
Committed_AS:   83718628 kB
VmallocTotal:   263061440 kB
VmallocUsed:      108456 kB
