MemTotal:       12113136 kB
MemFree:          802180 kB
MemAvailable:    7870596 kB
Buffers:            8376 kB
Cached:          7125792 kB
SwapCached:            0 kB
Active:          2329904 kB
Inactive:        6104636 kB
Active(anon):    1013256 kB
Inactive(anon):   343348 kB
Active(file):    1316648 kB
Inactive(file):  5761288 kB
Unevictable:        5592 kB
Mlocked:            5592 kB
SwapTotal:       3145724 kB
SwapFree:        3145724 kB
Dirty:               436 kB
Writeback:             0 kB
AnonPages:       1305980 kB
Mapped:           688372 kB
Shmem:             51688 kB
KReclaimable:     875568 kB
Slab:             245560 kB
SReclaimable:      97820 kB
SUnreclaim:       147740 kB
KernelStack:       47136 kB
PageTables:        64296 kB
NFS_Unstable:          0 kB
Bounce:                0 kB
WritebackTmp:          0 kB
CommitLimit:     9202292 kB
Committed_AS:   67526936 kB
VmallocTotal:   263061440 kB
VmallocUsed:      104056 kB
VmallocChunk:          0 kB
Percpu:             7680 kB
CmaTotal:         294912 kB
CmaFree:               0 kB
MemTotal:       12113136 kB
MemFree:          800564 kB
MemAvailable:    7869040 kB
Buffers:            8376 kB
Cached:          7126108 kB
SwapCached:            0 kB
Active:          2330332 kB
Inactive:        6104928 kB
Active(anon):    1013660 kB
Inactive(anon):   343604 kB
Active(file):    1316672 kB
Inactive(file):  5761324 kB
Unevictable:        5592 kB
Mlocked:            5592 kB
SwapTotal:       3145724 kB
SwapFree:        3145724 kB
Dirty:               516 kB
Writeback:             0 kB
AnonPages:       1306584 kB
Mapped:           688664 kB
Shmem:             51944 kB
KReclaimable:     875568 kB
Slab:             245568 kB
SReclaimable:      97820 kB
SUnreclaim:       147748 kB
KernelStack:       47136 kB
PageTables:        64296 kB
NFS_Unstable:          0 kB
Bounce:                0 kB
WritebackTmp:          0 kB
CommitLimit:     9202292 kB
Committed_AS:   67532720 kB
VmallocTotal:   263061440 kB
VmallocUsed:      104072 kB
VmallocChunk:          0 kB
Percpu:             7680 kB
CmaTotal:         294912 kB
CmaFree:               0 kB
MemTotal:       12113136 kB
MemFree:          799628 kB
MemAvailable:    7868120 kB
Buffers:            8376 kB
Cached:          7126380 kB
SwapCached:            0 kB
Active:          2332056 kB
Inactive:        6105200 kB
Active(anon):    1015384 kB
Inactive(anon):   343860 kB
Active(file):    1316672 kB
Inactive(file):  5761340 kB
Unevictable:        5592 kB
Mlocked:            5592 kB
SwapTotal:       3145724 kB
SwapFree:        3145724 kB
Dirty:               552 kB
Writeback:             0 kB
AnonPages:       1308288 kB
Mapped:           688496 kB
Shmem:             52200 kB
KReclaimable:     875568 kB
Slab:             245576 kB
SReclaimable:      97820 kB
SUnreclaim:       147756 kB
KernelStack:       47200 kB
PageTables:        64544 kB
NFS_Unstable:          0 kB
Bounce:                0 kB
WritebackTmp:          0 kB
CommitLimit:     9202292 kB
Committed_AS:   67528752 kB
VmallocTotal:   263061440 kB
VmallocUsed:      104072 kB
VmallocChunk:          0 kB
Percpu:             7680 kB
CmaTotal:         294912 kB
CmaFree:               0 kB
MemTotal:       12113136 kB
MemFree:          797776 kB
MemAvailable:    7866284 kB
Buffers:            8376 kB
Cached:          7126652 kB
SwapCached:            0 kB
Active:          2333444 kB
Inactive:        6105472 kB
Active(anon):    1016772 kB
Inactive(anon):   344116 kB
Active(file):    1316672 kB
Inactive(file):  5761356 kB
Unevictable:        5592 kB
Mlocked:            5592 kB
SwapTotal:       3145724 kB
SwapFree:        3145724 kB
Dirty:               600 kB
Writeback:             0 kB
AnonPages:       1309644 kB
Mapped:           688720 kB
Shmem:             52456 kB
KReclaimable:     875568 kB
Slab:             245584 kB
SReclaimable:      97820 kB
SUnreclaim:       147764 kB
KernelStack:       47136 kB
PageTables:        64296 kB
NFS_Unstable:          0 kB
Bounce:                0 kB
WritebackTmp:          0 kB
CommitLimit:     9202292 kB
Committed_AS:   67530188 kB
VmallocTotal:   263061440 kB
VmallocUsed:      104104 kB
VmallocChunk:          0 kB
Percpu:             7680 kB
CmaTotal:         294912 kB
CmaFree:               0 kB
MemTotal:       12113136 kB
MemFree:          796688 kB
MemAvailable:    7865248 kB
Buffers:            8376 kB
Cached:          7126944 kB
SwapCached:            0 kB
Active:          2334700 kB
Inactive:        6105764 kB
Active(anon):    1018028 kB
Inactive(anon):   344372 kB
Active(file):    1316672 kB
Inactive(file):  5761392 kB
Unevictable:        5592 kB
Mlocked:            5592 kB
SwapTotal:       3145724 kB
SwapFree:        3145724 kB
Dirty:               672 kB
Writeback:             0 kB
AnonPages:       1310792 kB
Mapped:           688752 kB
Shmem:             52712 kB
KReclaimable:     875584 kB
Slab:             245608 kB
SReclaimable:      97836 kB
SUnreclaim:       147772 kB
KernelStack:       47136 kB
PageTables:        64296 kB
NFS_Unstable:          0 kB
Bounce:                0 kB
WritebackTmp:          0 kB
CommitLimit:     9202292 kB
Committed_AS:   67526260 kB
VmallocTotal:   263061440 kB
VmallocUsed:      104088 kB
VmallocChunk:          0 kB
Percpu:             7680 kB
CmaTotal:         294912 kB
CmaFree:               0 kB
MemTotal:       12113136 kB
MemFree:          794864 kB
MemAvailable:    7863428 kB
Buffers:            8376 kB
Cached:          7127220 kB
SwapCached:            0 kB
Active:          2336308 kB
Inactive:        6106040 kB
Active(anon):    1019636 kB
Inactive(anon):   344628 kB
Active(file):    1316672 kB
Inactive(file):  5761412 kB
Unevictable:        5592 kB
Mlocked:            5592 kB
SwapTotal:       3145724 kB
SwapFree:        3145724 kB
Dirty:               712 kB
Writeback:             0 kB
AnonPages:       1312300 kB
Mapped:           688784 kB
Shmem:             52968 kB
KReclaimable:     875568 kB
Slab:             245592 kB
SReclaimable:      97820 kB
SUnreclaim:       147772 kB
KernelStack:       47216 kB
PageTables:        64300 kB
NFS_Unstable:          0 kB
Bounce:                0 kB
WritebackTmp:          0 kB
CommitLimit:     9202292 kB
Committed_AS:   67525908 kB
VmallocTotal:   263061440 kB
VmallocUsed:      104152 kB
VmallocChunk:          0 kB
Percpu:             7680 kB
CmaTotal:         294912 kB
CmaFree:               0 kB
MemTotal:       12113136 kB
MemFree:          793696 kB
MemAvailable:    7862276 kB
Buffers:            8376 kB
Cached:          7127492 kB
SwapCached:            0 kB
Active:          2338116 kB
Inactive:        6106312 kB
Active(anon):    1021444 kB
Inactive(anon):   344884 kB
Active(file):    1316672 kB
Inactive(file):  5761428 kB
Unevictable:        5592 kB
Mlocked:            5592 kB
SwapTotal:       3145724 kB
SwapFree:        3145724 kB
Dirty:               760 kB
Writeback:             0 kB
AnonPages:       1313980 kB
Mapped:           688816 kB
Shmem:             53224 kB
KReclaimable:     875568 kB
Slab:             245608 kB
SReclaimable:      97820 kB
SUnreclaim:       147788 kB
KernelStack:       47216 kB
PageTables:        64300 kB
NFS_Unstable:          0 kB
Bounce:                0 kB
WritebackTmp:          0 kB
CommitLimit:     9202292 kB
Committed_AS:   67532052 kB
VmallocTotal:   263061440 kB
VmallocUsed:      104200 kB
VmallocChunk:          0 kB
Percpu:             7680 kB
CmaTotal:         294912 kB
CmaFree:               0 kB
MemTotal:       12113136 kB
MemFree:          790820 kB
MemAvailable:    7859420 kB
Buffers:            8376 kB
Cached:          7127772 kB
SwapCached:            0 kB
Active:          2339528 kB
Inactive:        6106592 kB
Active(anon):    1022856 kB
Inactive(anon):   345144 kB
Active(file):    1316672 kB
Inactive(file):  5761448 kB
Unevictable:        5592 kB
Mlocked:            5592 kB
SwapTotal:       3145724 kB
SwapFree:        3145724 kB
Dirty:               800 kB
Writeback:             0 kB
AnonPages:       1315480 kB
Mapped:           688592 kB
Shmem:             53484 kB
KReclaimable:     875568 kB
Slab:             245640 kB
SReclaimable:      97820 kB
SUnreclaim:       147820 kB
KernelStack:       47216 kB
PageTables:        64300 kB
NFS_Unstable:          0 kB
Bounce:                0 kB
WritebackTmp:          0 kB
CommitLimit:     9202292 kB
Committed_AS:   67547384 kB
VmallocTotal:   263061440 kB
VmallocUsed:      104232 kB
VmallocChunk:          0 kB
Percpu:             7680 kB
CmaTotal:         294912 kB
CmaFree:               0 kB
MemTotal:       12113136 kB
MemFree:          788596 kB
MemAvailable:    7857236 kB
Buffers:            8376 kB
Cached:          7128052 kB
SwapCached:            0 kB
Active:          2340624 kB
Inactive:        6106876 kB
Active(anon):    1023956 kB
Inactive(anon):   345400 kB
Active(file):    1316668 kB
Inactive(file):  5761476 kB
Unevictable:        5592 kB
Mlocked:            5592 kB
SwapTotal:       3145724 kB
SwapFree:        3145724 kB
Dirty:               244 kB
Writeback:             0 kB
AnonPages:       1316720 kB
Mapped:           688876 kB
Shmem:             53740 kB
KReclaimable:     875584 kB
Slab:             245668 kB
SReclaimable:      97836 kB
SUnreclaim:       147832 kB
KernelStack:       47216 kB
PageTables:        64300 kB
NFS_Unstable:          0 kB
Bounce:                0 kB
WritebackTmp:          0 kB
CommitLimit:     9202292 kB
Committed_AS:   67547132 kB
VmallocTotal:   263061440 kB
VmallocUsed:      104200 kB
VmallocChunk:          0 kB
Percpu:             7680 kB
CmaTotal:         294912 kB
CmaFree:               0 kB
MemTotal:       12113136 kB
MemFree:          786880 kB
MemAvailable:    7855516 kB
Buffers:            8376 kB
Cached:          7128320 kB
SwapCached:            0 kB
Active:          2342212 kB
Inactive:        6107140 kB
Active(anon):    1025540 kB
Inactive(anon):   345656 kB
Active(file):    1316672 kB
Inactive(file):  5761484 kB
Unevictable:        5592 kB
Mlocked:            5592 kB
SwapTotal:       3145724 kB
SwapFree:        3145724 kB
Dirty:               336 kB
Writeback:             0 kB
AnonPages:       1318252 kB
Mapped:           688908 kB
Shmem:             53996 kB
KReclaimable:     875568 kB
Slab:             245668 kB
SReclaimable:      97820 kB
SUnreclaim:       147848 kB
KernelStack:       47216 kB
PageTables:        64308 kB
NFS_Unstable:          0 kB
Bounce:                0 kB
WritebackTmp:          0 kB
CommitLimit:     9202292 kB
Committed_AS:   67552544 kB
VmallocTotal:   263061440 kB
VmallocUsed:      104200 kB
VmallocChunk:          0 kB
Percpu:             7680 kB
CmaTotal:         294912 kB
CmaFree:               0 kB
MemTotal:       12113136 kB
MemFree:          785316 kB
MemAvailable:    7854024 kB
Buffers:            8384 kB
Cached:          7128624 kB
SwapCached:            0 kB
Active:          2343248 kB
Inactive:        6107444 kB
Active(anon):    1026568 kB
Inactive(anon):   345912 kB
Active(file):    1316680 kB
Inactive(file):  5761532 kB
Unevictable:        5592 kB
Mlocked:            5592 kB
SwapTotal:       3145724 kB
SwapFree:        3145724 kB
Dirty:               396 kB
Writeback:             0 kB
AnonPages:       1319324 kB
Mapped:           688940 kB
Shmem:             54252 kB
KReclaimable:     875584 kB
Slab:             245724 kB
SReclaimable:      97836 kB
SUnreclaim:       147888 kB
KernelStack:       47216 kB
PageTables:        64300 kB
NFS_Unstable:          0 kB
Bounce:                0 kB
WritebackTmp:          0 kB
CommitLimit:     9202292 kB
Committed_AS:   67552592 kB
VmallocTotal:   263061440 kB
VmallocUsed:      104184 kB
VmallocChunk:          0 kB
Percpu:             7680 kB
CmaTotal:         294912 kB
CmaFree:               0 kB
MemTotal:       12113136 kB
MemFree:          786736 kB
MemAvailable:    7855460 kB
Buffers:            8384 kB
Cached:          7128896 kB
SwapCached:            0 kB
Active:          2341588 kB
Inactive:        6107716 kB
Active(anon):    1024908 kB
Inactive(anon):   346168 kB
Active(file):    1316680 kB
Inactive(file):  5761548 kB
Unevictable:        5592 kB
Mlocked:            5592 kB
SwapTotal:       3145724 kB
SwapFree:        3145724 kB
Dirty:               436 kB
Writeback:             0 kB
AnonPages:       1317880 kB
Mapped:           688968 kB
Shmem:             54508 kB
KReclaimable:     875584 kB
Slab:             245740 kB
SReclaimable:      97836 kB
SUnreclaim:       147904 kB
KernelStack:       47216 kB
PageTables:        64304 kB
NFS_Unstable:          0 kB
Bounce:                0 kB
WritebackTmp:          0 kB
CommitLimit:     9202292 kB
Committed_AS:   67549740 kB
VmallocTotal:   263061440 kB
VmallocUsed:      104232 kB
VmallocChunk:          0 kB
Percpu:             7680 kB
CmaTotal:         294912 kB
CmaFree:               0 kB
MemTotal:       12113136 kB
MemFree:          809204 kB
MemAvailable:    7877936 kB
Buffers:            8384 kB
Cached:          7121976 kB
SwapCached:            0 kB
Active:          2323960 kB
Inactive:        6100796 kB
Active(anon):    1007280 kB
Inactive(anon):   339224 kB
Active(file):    1316680 kB
Inactive(file):  5761572 kB
Unevictable:        5592 kB
Mlocked:            5592 kB
SwapTotal:       3145724 kB
SwapFree:        3145724 kB
Dirty:               596 kB
Writeback:             0 kB
AnonPages:       1300264 kB
Mapped:           688092 kB
Shmem:             47564 kB
KReclaimable:     875568 kB
Slab:             245540 kB
SReclaimable:      97820 kB
SUnreclaim:       147720 kB
KernelStack:       47264 kB
PageTables:        64376 kB
NFS_Unstable:          0 kB
Bounce:                0 kB
WritebackTmp:          0 kB
CommitLimit:     9202292 kB
Committed_AS:   67550884 kB
VmallocTotal:   263061440 kB
VmallocUsed:      104232 kB
VmallocChunk:          0 kB
Percpu:             7680 kB
CmaTotal:         294912 kB
CmaFree:               0 kB
MemTotal:       12113136 kB
MemFree:          807876 kB
MemAvailable:    7876632 kB
Buffers:            8384 kB
Cached:          7122256 kB
SwapCached:            0 kB
Active:          2326112 kB
Inactive:        6101080 kB
Active(anon):    1009436 kB
Inactive(anon):   339480 kB
Active(file):    1316676 kB
Inactive(file):  5761600 kB
Unevictable:        5592 kB
Mlocked:            5592 kB
SwapTotal:       3145724 kB
SwapFree:        3145724 kB
Dirty:               640 kB
Writeback:             0 kB
AnonPages:       1302360 kB
Mapped:           688312 kB
Shmem:             47820 kB
KReclaimable:     875568 kB
Slab:             245548 kB
SReclaimable:      97820 kB
SUnreclaim:       147728 kB
KernelStack:       47296 kB
PageTables:        64304 kB
NFS_Unstable:          0 kB
Bounce:                0 kB
WritebackTmp:          0 kB
CommitLimit:     9202292 kB
Committed_AS:   67551360 kB
VmallocTotal:   263061440 kB
VmallocUsed:      104296 kB
VmallocChunk:          0 kB
Percpu:             7680 kB
CmaTotal:         294912 kB
CmaFree:               0 kB
MemTotal:       12113136 kB
MemFree:          805116 kB
MemAvailable:    7873912 kB
Buffers:            8384 kB
Cached:          7122548 kB
SwapCached:            0 kB
Active:          2329224 kB
Inactive:        6101372 kB
Active(anon):    1012548 kB
Inactive(anon):   339748 kB
Active(file):    1316676 kB
Inactive(file):  5761624 kB
Unevictable:        5592 kB
Mlocked:            5592 kB
SwapTotal:       3145724 kB
SwapFree:        3145724 kB
Dirty:               688 kB
Writeback:             0 kB
AnonPages:       1305184 kB
Mapped:           697552 kB
Shmem:             48088 kB
KReclaimable:     875584 kB
Slab:             245548 kB
SReclaimable:      97836 kB
SUnreclaim:       147712 kB
KernelStack:       47344 kB
PageTables:        64424 kB
NFS_Unstable:          0 kB
Bounce:                0 kB
WritebackTmp:          0 kB
CommitLimit:     9202292 kB
Committed_AS:   67546972 kB
VmallocTotal:   263061440 kB
VmallocUsed:      104328 kB
VmallocChunk:          0 kB
Percpu:             7680 kB
CmaTotal:         294912 kB
CmaFree:               0 kB
MemTotal:       12113136 kB
MemFree:          802844 kB
MemAvailable:    7871636 kB
Buffers:            8384 kB
Cached:          7122816 kB
SwapCached:            0 kB
Active:          2330336 kB
Inactive:        6101640 kB
Active(anon):    1013660 kB
Inactive(anon):   340004 kB
Active(file):    1316676 kB
Inactive(file):  5761636 kB
Unevictable:        5592 kB
Mlocked:            5592 kB
SwapTotal:       3145724 kB
SwapFree:        3145724 kB
Dirty:               732 kB
Writeback:             0 kB
AnonPages:       1306612 kB
Mapped:           697400 kB
Shmem:             48344 kB
KReclaimable:     875568 kB
Slab:             245532 kB
SReclaimable:      97820 kB
SUnreclaim:       147712 kB
KernelStack:       47296 kB
PageTables:        64348 kB
NFS_Unstable:          0 kB
Bounce:                0 kB
WritebackTmp:          0 kB
CommitLimit:     9202292 kB
Committed_AS:   67542596 kB
VmallocTotal:   263061440 kB
VmallocUsed:      104344 kB
VmallocChunk:          0 kB
Percpu:             7680 kB
CmaTotal:         294912 kB
CmaFree:               0 kB
MemTotal:       12113136 kB
MemFree:          801396 kB
MemAvailable:    7870216 kB
Buffers:            8384 kB
Cached:          7123100 kB
SwapCached:            0 kB
Active:          2332120 kB
Inactive:        6101924 kB
Active(anon):    1015444 kB
Inactive(anon):   340260 kB
Active(file):    1316676 kB
Inactive(file):  5761664 kB
Unevictable:        5592 kB
Mlocked:            5592 kB
SwapTotal:       3145724 kB
SwapFree:        3145724 kB
Dirty:               784 kB
Writeback:             0 kB
AnonPages:       1308176 kB
Mapped:           697684 kB
Shmem:             48600 kB
KReclaimable:     875568 kB
Slab:             245540 kB
SReclaimable:      97820 kB
SUnreclaim:       147720 kB
KernelStack:       47344 kB
PageTables:        64452 kB
NFS_Unstable:          0 kB
Bounce:                0 kB
WritebackTmp:          0 kB
CommitLimit:     9202292 kB
Committed_AS:   67547508 kB
VmallocTotal:   263061440 kB
VmallocUsed:      104328 kB
VmallocChunk:          0 kB
Percpu:             7680 kB
CmaTotal:         294912 kB
CmaFree:               0 kB
MemTotal:       12113136 kB
MemFree:          813100 kB
MemAvailable:    7881940 kB
Buffers:            8384 kB
Cached:          7123376 kB
SwapCached:            0 kB
Active:          2321392 kB
Inactive:        6102200 kB
Active(anon):    1004716 kB
Inactive(anon):   340516 kB
Active(file):    1316676 kB
Inactive(file):  5761684 kB
Unevictable:        5592 kB
Mlocked:            5592 kB
SwapTotal:       3145724 kB
SwapFree:        3145724 kB
Dirty:               840 kB
Writeback:             0 kB
AnonPages:       1297396 kB
Mapped:           688452 kB
Shmem:             48856 kB
KReclaimable:     875568 kB
Slab:             245540 kB
SReclaimable:      97820 kB
SUnreclaim:       147720 kB
KernelStack:       47296 kB
PageTables:        64304 kB
NFS_Unstable:          0 kB
Bounce:                0 kB
WritebackTmp:          0 kB
CommitLimit:     9202292 kB
Committed_AS:   67547420 kB
VmallocTotal:   263061440 kB
VmallocUsed:      104328 kB
VmallocChunk:          0 kB
Percpu:             7680 kB
CmaTotal:         294912 kB
CmaFree:               0 kB
MemTotal:       12113136 kB
MemFree:          811460 kB
MemAvailable:    7880316 kB
Buffers:            8384 kB
Cached:          7123648 kB
SwapCached:            0 kB
Active:          2321732 kB
Inactive:        6102468 kB
Active(anon):    1005052 kB
Inactive(anon):   340772 kB
Active(file):    1316680 kB
Inactive(file):  5761696 kB
Unevictable:        5592 kB
Mlocked:            5592 kB
SwapTotal:       3145724 kB
SwapFree:        3145724 kB
Dirty:               440 kB
Writeback:             0 kB
AnonPages:       1297800 kB
Mapped:           688480 kB
Shmem:             49112 kB
KReclaimable:     875568 kB
Slab:             245516 kB
SReclaimable:      97820 kB
SUnreclaim:       147696 kB
KernelStack:       47296 kB
PageTables:        64308 kB
NFS_Unstable:          0 kB
Bounce:                0 kB
WritebackTmp:          0 kB
CommitLimit:     9202292 kB
Committed_AS:   67542244 kB
VmallocTotal:   263061440 kB
VmallocUsed:      104248 kB
VmallocChunk:          0 kB
Percpu:             7680 kB
CmaTotal:         294912 kB
CmaFree:               0 kB
MemTotal:       12113136 kB
MemFree:          809884 kB
MemAvailable:    7878768 kB
Buffers:            8384 kB
Cached:          7123928 kB
SwapCached:            0 kB
Active:          2321748 kB
Inactive:        6102748 kB
Active(anon):    1005068 kB
Inactive(anon):   341028 kB
Active(file):    1316680 kB
Inactive(file):  5761720 kB
Unevictable:        5592 kB
Mlocked:            5592 kB
SwapTotal:       3145724 kB
SwapFree:        3145724 kB
Dirty:               768 kB
Writeback:             0 kB
AnonPages:       1297728 kB
Mapped:           688508 kB
Shmem:             49368 kB
KReclaimable:     875572 kB
Slab:             245528 kB
SReclaimable:      97824 kB
SUnreclaim:       147704 kB
KernelStack:       47296 kB
PageTables:        64308 kB
NFS_Unstable:          0 kB
Bounce:                0 kB
WritebackTmp:          0 kB
CommitLimit:     9202292 kB
Committed_AS:   67542568 kB
VmallocTotal:   263061440 kB
VmallocUsed:      104264 kB
VmallocChunk:          0 kB
Percpu:             7680 kB
CmaTotal:         294912 kB
CmaFree:               0 kB
MemTotal:       12113136 kB
MemFree:          809856 kB
MemAvailable:    7878768 kB
Buffers:            8384 kB
Cached:          7124212 kB
SwapCached:            0 kB
Active:          2322960 kB
Inactive:        6103032 kB
Active(anon):    1006280 kB
Inactive(anon):   341284 kB
Active(file):    1316680 kB
Inactive(file):  5761748 kB
Unevictable:        5592 kB
Mlocked:            5592 kB
SwapTotal:       3145724 kB
SwapFree:        3145724 kB
Dirty:               800 kB
Writeback:             0 kB
AnonPages:       1299024 kB
Mapped:           688564 kB
Shmem:             49624 kB
KReclaimable:     875572 kB
Slab:             245528 kB
SReclaimable:      97824 kB
SUnreclaim:       147704 kB
KernelStack:       47328 kB
PageTables:        64364 kB
NFS_Unstable:          0 kB
Bounce:                0 kB
WritebackTmp:          0 kB
CommitLimit:     9202292 kB
Committed_AS:   67544128 kB
VmallocTotal:   263061440 kB
VmallocUsed:      104296 kB
VmallocChunk:          0 kB
Percpu:             7680 kB
CmaTotal:         294912 kB
CmaFree:               0 kB
MemTotal:       12113136 kB
MemFree:          807828 kB
MemAvailable:    7876780 kB
Buffers:            8384 kB
Cached:          7124496 kB
SwapCached:            0 kB
Active:          2324732 kB
Inactive:        6103316 kB
Active(anon):    1008052 kB
Inactive(anon):   341544 kB
Active(file):    1316680 kB
Inactive(file):  5761772 kB
Unevictable:        5592 kB
Mlocked:            5592 kB
SwapTotal:       3145724 kB
SwapFree:        3145724 kB
Dirty:               864 kB
Writeback:             0 kB
AnonPages:       1300672 kB
Mapped:           688572 kB
Shmem:             49884 kB
KReclaimable:     875588 kB
Slab:             245544 kB
SReclaimable:      97840 kB
SUnreclaim:       147704 kB
KernelStack:       47280 kB
PageTables:        64252 kB
NFS_Unstable:          0 kB
Bounce:                0 kB
WritebackTmp:          0 kB
CommitLimit:     9202292 kB
Committed_AS:   67548544 kB
VmallocTotal:   263061440 kB
VmallocUsed:      104312 kB
VmallocChunk:          0 kB
Percpu:             7680 kB
CmaTotal:         294912 kB
CmaFree:               0 kB
MemTotal:       12113136 kB
MemFree:          805876 kB
MemAvailable:    7874860 kB
Buffers:            8384 kB
Cached:          7124768 kB
SwapCached:            0 kB
Active:          2325912 kB
Inactive:        6103588 kB
Active(anon):    1009232 kB
Inactive(anon):   341800 kB
Active(file):    1316680 kB
Inactive(file):  5761788 kB
Unevictable:        5592 kB
Mlocked:            5592 kB
SwapTotal:       3145724 kB
SwapFree:        3145724 kB
Dirty:               896 kB
Writeback:             0 kB
AnonPages:       1302004 kB
Mapped:           688600 kB
Shmem:             50140 kB
KReclaimable:     875604 kB
Slab:             245544 kB
SReclaimable:      97856 kB
SUnreclaim:       147688 kB
KernelStack:       47296 kB
PageTables:        64308 kB
NFS_Unstable:          0 kB
Bounce:                0 kB
WritebackTmp:          0 kB
CommitLimit:     9202292 kB
Committed_AS:   67543348 kB
VmallocTotal:   263061440 kB
VmallocUsed:      104280 kB
VmallocChunk:          0 kB
Percpu:             7680 kB
CmaTotal:         294912 kB
CmaFree:               0 kB
MemTotal:       12113136 kB
MemFree:          804972 kB
MemAvailable:    7873964 kB
Buffers:            8384 kB
Cached:          7125048 kB
SwapCached:            0 kB
Active:          2324860 kB
Inactive:        6103868 kB
Active(anon):    1008180 kB
Inactive(anon):   342056 kB
Active(file):    1316680 kB
Inactive(file):  5761812 kB
Unevictable:        5592 kB
Mlocked:            5592 kB
SwapTotal:       3145724 kB
SwapFree:        3145724 kB
Dirty:               296 kB
Writeback:             0 kB
AnonPages:       1300844 kB
Mapped:           688372 kB
Shmem:             50396 kB
KReclaimable:     875588 kB
Slab:             245564 kB
SReclaimable:      97840 kB
SUnreclaim:       147724 kB
KernelStack:       47296 kB
PageTables:        64308 kB
NFS_Unstable:          0 kB
Bounce:                0 kB
WritebackTmp:          0 kB
CommitLimit:     9202292 kB
Committed_AS:   67543724 kB
VmallocTotal:   263061440 kB
VmallocUsed:      104264 kB
VmallocChunk:          0 kB
Percpu:             7680 kB
CmaTotal:         294912 kB
CmaFree:               0 kB
MemTotal:       12113136 kB
MemFree:          805704 kB
MemAvailable:    7874716 kB
Buffers:            8384 kB
Cached:          7125324 kB
SwapCached:            0 kB
Active:          2325356 kB
Inactive:        6104144 kB
Active(anon):    1008676 kB
Inactive(anon):   342312 kB
Active(file):    1316680 kB
Inactive(file):  5761832 kB
Unevictable:        5592 kB
Mlocked:            5592 kB
SwapTotal:       3145724 kB
SwapFree:        3145724 kB
Dirty:               396 kB
Writeback:             0 kB
AnonPages:       1301596 kB
Mapped:           688468 kB
Shmem:             50652 kB
KReclaimable:     875588 kB
Slab:             245548 kB
SReclaimable:      97840 kB
SUnreclaim:       147708 kB
KernelStack:       47344 kB
PageTables:        64388 kB
NFS_Unstable:          0 kB
Bounce:                0 kB
WritebackTmp:          0 kB
CommitLimit:     9202292 kB
Committed_AS:   67532108 kB
VmallocTotal:   263061440 kB
VmallocUsed:      104264 kB
VmallocChunk:          0 kB
Percpu:             7680 kB
CmaTotal:         294912 kB
CmaFree:              28 kB
MemTotal:       12113136 kB
MemFree:          804496 kB
MemAvailable:    7873564 kB
Buffers:            8388 kB
Cached:          7125616 kB
SwapCached:            0 kB
Active:          2325472 kB
Inactive:        6104436 kB
Active(anon):    1008788 kB
Inactive(anon):   342568 kB
Active(file):    1316684 kB
Inactive(file):  5761868 kB
Unevictable:        5592 kB
Mlocked:            5592 kB
SwapTotal:       3145724 kB
SwapFree:        3145724 kB
Dirty:               420 kB
Writeback:             0 kB
AnonPages:       1301552 kB
Mapped:           688692 kB
Shmem:             50908 kB
KReclaimable:     875604 kB
Slab:             245564 kB
SReclaimable:      97856 kB
SUnreclaim:       147708 kB
KernelStack:       47296 kB
PageTables:        64312 kB
NFS_Unstable:          0 kB
Bounce:                0 kB
WritebackTmp:          0 kB
CommitLimit:     9202292 kB
Committed_AS:   67538516 kB
VmallocTotal:   263061440 kB
VmallocUsed:      104296 kB
VmallocChunk:          0 kB
Percpu:             7680 kB
CmaTotal:         294912 kB
CmaFree:               0 kB
MemTotal:       12113136 kB
MemFree:          803656 kB
MemAvailable:    7872728 kB
Buffers:            8388 kB
Cached:          7125892 kB
SwapCached:            0 kB
Active:          2327180 kB
Inactive:        6104712 kB
Active(anon):    1010496 kB
Inactive(anon):   342824 kB
Active(file):    1316684 kB
Inactive(file):  5761888 kB
Unevictable:        5592 kB
Mlocked:            5592 kB
SwapTotal:       3145724 kB
SwapFree:        3145724 kB
Dirty:               460 kB
Writeback:             0 kB
AnonPages:       1303232 kB
Mapped:           688724 kB
Shmem:             51164 kB
KReclaimable:     875588 kB
Slab:             245548 kB
SReclaimable:      97840 kB
SUnreclaim:       147708 kB
KernelStack:       47328 kB
PageTables:        64308 kB
NFS_Unstable:          0 kB
Bounce:                0 kB
WritebackTmp:          0 kB
CommitLimit:     9202292 kB
Committed_AS:   67542148 kB
VmallocTotal:   263061440 kB
VmallocUsed:      104328 kB
VmallocChunk:          0 kB
Percpu:             7680 kB
CmaTotal:         294912 kB
CmaFree:               0 kB
MemTotal:       12113136 kB
MemFree:          802492 kB
MemAvailable:    7871584 kB
Buffers:            8388 kB
Cached:          7126168 kB
SwapCached:            0 kB
Active:          2328828 kB
Inactive:        6104988 kB
Active(anon):    1012144 kB
Inactive(anon):   343080 kB
Active(file):    1316684 kB
Inactive(file):  5761908 kB
Unevictable:        5592 kB
Mlocked:            5592 kB
SwapTotal:       3145724 kB
SwapFree:        3145724 kB
Dirty:               500 kB
Writeback:             0 kB
AnonPages:       1305056 kB
Mapped:           688492 kB
Shmem:             51420 kB
KReclaimable:     875588 kB
Slab:             245548 kB
SReclaimable:      97840 kB
SUnreclaim:       147708 kB
KernelStack:       47312 kB
PageTables:        64308 kB
NFS_Unstable:          0 kB
Bounce:                0 kB
WritebackTmp:          0 kB
CommitLimit:     9202292 kB
Committed_AS:   67542192 kB
VmallocTotal:   263061440 kB
VmallocUsed:      104312 kB
VmallocChunk:          0 kB
Percpu:             7680 kB
CmaTotal:         294912 kB
CmaFree:               0 kB
MemTotal:       12113136 kB
MemFree:          800684 kB
MemAvailable:    7869804 kB
Buffers:            8388 kB
Cached:          7126452 kB
SwapCached:            0 kB
Active:          2329868 kB
Inactive:        6105272 kB
Active(anon):    1013184 kB
Inactive(anon):   343336 kB
Active(file):    1316684 kB
Inactive(file):  5761936 kB
Unevictable:        5592 kB
Mlocked:            5592 kB
SwapTotal:       3145724 kB
SwapFree:        3145724 kB
Dirty:               564 kB
Writeback:             0 kB
AnonPages:       1305776 kB
Mapped:           688584 kB
Shmem:             51676 kB
KReclaimable:     875588 kB
Slab:             245556 kB
SReclaimable:      97840 kB
SUnreclaim:       147716 kB
KernelStack:       47360 kB
PageTables:        64388 kB
NFS_Unstable:          0 kB
Bounce:                0 kB
WritebackTmp:          0 kB
CommitLimit:     9202292 kB
Committed_AS:   67542324 kB
VmallocTotal:   263061440 kB
VmallocUsed:      104328 kB
VmallocChunk:          0 kB
Percpu:             7680 kB
CmaTotal:         294912 kB
CmaFree:               0 kB
MemTotal:       12113136 kB
MemFree:          799312 kB
MemAvailable:    7868444 kB
Buffers:            8388 kB
Cached:          7126720 kB
SwapCached:            0 kB
Active:          2331408 kB
Inactive:        6105540 kB
Active(anon):    1014724 kB
Inactive(anon):   343592 kB
Active(file):    1316684 kB
Inactive(file):  5761948 kB
Unevictable:        5592 kB
Mlocked:            5592 kB
SwapTotal:       3145724 kB
SwapFree:        3145724 kB
Dirty:               596 kB
Writeback:             0 kB
AnonPages:       1307524 kB
Mapped:           688812 kB
Shmem:             51932 kB
KReclaimable:     875588 kB
Slab:             245572 kB
SReclaimable:      97840 kB
SUnreclaim:       147732 kB
KernelStack:       47360 kB
PageTables:        64404 kB
NFS_Unstable:          0 kB
Bounce:                0 kB
WritebackTmp:          0 kB
CommitLimit:     9202292 kB
Committed_AS:   67542424 kB
VmallocTotal:   263061440 kB
VmallocUsed:      104344 kB
VmallocChunk:          0 kB
Percpu:             7680 kB
CmaTotal:         294912 kB
CmaFree:               0 kB
MemTotal:       12113136 kB
MemFree:          797660 kB
MemAvailable:    7866808 kB
Buffers:            8388 kB
Cached:          7126992 kB
SwapCached:            0 kB
Active:          2331340 kB
Inactive:        6105812 kB
Active(anon):    1014656 kB
Inactive(anon):   343848 kB
Active(file):    1316684 kB
Inactive(file):  5761964 kB
Unevictable:        5592 kB
Mlocked:            5592 kB
SwapTotal:       3145724 kB
SwapFree:        3145724 kB
Dirty:               632 kB
Writeback:             0 kB
AnonPages:       1307656 kB
Mapped:           688580 kB
Shmem:             52188 kB
KReclaimable:     875588 kB
Slab:             245588 kB
SReclaimable:      97840 kB
SUnreclaim:       147748 kB
KernelStack:       47344 kB
PageTables:        64340 kB
NFS_Unstable:          0 kB
Bounce:                0 kB
WritebackTmp:          0 kB
CommitLimit:     9202292 kB
Committed_AS:   67550724 kB
VmallocTotal:   263061440 kB
VmallocUsed:      104376 kB
VmallocChunk:          0 kB
Percpu:             7680 kB
CmaTotal:         294912 kB
CmaFree:               0 kB
MemTotal:       12113136 kB
MemFree:          796996 kB
MemAvailable:    7866176 kB
Buffers:            8388 kB
Cached:          7127280 kB
SwapCached:            0 kB
Active:          2332956 kB
Inactive:        6106104 kB
Active(anon):    1016276 kB
Inactive(anon):   344104 kB
Active(file):    1316680 kB
Inactive(file):  5762000 kB
Unevictable:        5592 kB
Mlocked:            5592 kB
SwapTotal:       3145724 kB
SwapFree:        3145724 kB
Dirty:               696 kB
Writeback:             0 kB
AnonPages:       1308980 kB
Mapped:           688876 kB
Shmem:             52444 kB
KReclaimable:     875588 kB
Slab:             245580 kB
SReclaimable:      97840 kB
SUnreclaim:       147740 kB
KernelStack:       47312 kB
PageTables:        64312 kB
NFS_Unstable:          0 kB
Bounce:                0 kB
WritebackTmp:          0 kB
CommitLimit:     9202292 kB
Committed_AS:   67550732 kB
VmallocTotal:   263061440 kB
VmallocUsed:      104344 kB
VmallocChunk:          0 kB
Percpu:             7680 kB
CmaTotal:         294912 kB
CmaFree:               0 kB
MemTotal:       12113136 kB
MemFree:          795160 kB
MemAvailable:    7864356 kB
Buffers:            8388 kB
Cached:          7127552 kB
SwapCached:            0 kB
Active:          2334048 kB
Inactive:        6106372 kB
Active(anon):    1017364 kB
Inactive(anon):   344360 kB
Active(file):    1316684 kB
Inactive(file):  5762012 kB
Unevictable:        5592 kB
Mlocked:            5592 kB
SwapTotal:       3145724 kB
SwapFree:        3145724 kB
Dirty:               728 kB
Writeback:             0 kB
AnonPages:       1310316 kB
Mapped:           688708 kB
Shmem:             52700 kB
KReclaimable:     875588 kB
Slab:             245588 kB
SReclaimable:      97840 kB
SUnreclaim:       147748 kB
KernelStack:       47360 kB
PageTables:        64424 kB
NFS_Unstable:          0 kB
Bounce:                0 kB
WritebackTmp:          0 kB
CommitLimit:     9202292 kB
Committed_AS:   67551152 kB
VmallocTotal:   263061440 kB
VmallocUsed:      104344 kB
VmallocChunk:          0 kB
Percpu:             7680 kB
CmaTotal:         294912 kB
CmaFree:               0 kB
MemTotal:       12113136 kB
MemFree:          793024 kB
MemAvailable:    7862240 kB
Buffers:            8388 kB
Cached:          7127828 kB
SwapCached:            0 kB
Active:          2335420 kB
Inactive:        6106648 kB
Active(anon):    1018736 kB
Inactive(anon):   344616 kB
Active(file):    1316684 kB
Inactive(file):  5762032 kB
Unevictable:        5592 kB
Mlocked:            5592 kB
SwapTotal:       3145724 kB
SwapFree:        3145724 kB
Dirty:               304 kB
Writeback:             0 kB
AnonPages:       1311400 kB
Mapped:           688940 kB
Shmem:             52956 kB
KReclaimable:     875588 kB
Slab:             245640 kB
SReclaimable:      97840 kB
SUnreclaim:       147800 kB
KernelStack:       47312 kB
PageTables:        64308 kB
NFS_Unstable:          0 kB
Bounce:                0 kB
WritebackTmp:          0 kB
CommitLimit:     9202292 kB
Committed_AS:   67546804 kB
VmallocTotal:   263061440 kB
VmallocUsed:      104344 kB
VmallocChunk:          0 kB
Percpu:             7680 kB
CmaTotal:         294912 kB
CmaFree:               0 kB
MemTotal:       12113136 kB
MemFree:          792084 kB
MemAvailable:    7861320 kB
Buffers:            8388 kB
Cached:          7128104 kB
SwapCached:            0 kB
Active:          2337020 kB
Inactive:        6106924 kB
Active(anon):    1020336 kB
Inactive(anon):   344872 kB
Active(file):    1316684 kB
Inactive(file):  5762052 kB
Unevictable:        5592 kB
Mlocked:            5592 kB
SwapTotal:       3145724 kB
SwapFree:        3145724 kB
Dirty:               404 kB
Writeback:             0 kB
AnonPages:       1313096 kB
Mapped:           688716 kB
Shmem:             53212 kB
KReclaimable:     875588 kB
Slab:             245664 kB
SReclaimable:      97840 kB
SUnreclaim:       147824 kB
KernelStack:       47312 kB
PageTables:        64308 kB
NFS_Unstable:          0 kB
Bounce:                0 kB
WritebackTmp:          0 kB
CommitLimit:     9202292 kB
Committed_AS:   67546688 kB
VmallocTotal:   263061440 kB
VmallocUsed:      104312 kB
VmallocChunk:          0 kB
Percpu:             7680 kB
CmaTotal:         294912 kB
CmaFree:               0 kB
MemTotal:       12113136 kB
MemFree:          790332 kB
MemAvailable:    7859604 kB
Buffers:            8388 kB
Cached:          7128396 kB
SwapCached:            0 kB
Active:          2338112 kB
Inactive:        6107216 kB
Active(anon):    1021428 kB
Inactive(anon):   345128 kB
Active(file):    1316684 kB
Inactive(file):  5762088 kB
Unevictable:        5592 kB
Mlocked:            5592 kB
SwapTotal:       3145724 kB
SwapFree:        3145724 kB
Dirty:               476 kB
Writeback:             0 kB
AnonPages:       1314136 kB
Mapped:           689008 kB
Shmem:             53468 kB
KReclaimable:     875588 kB
Slab:             245696 kB
SReclaimable:      97840 kB
SUnreclaim:       147856 kB
KernelStack:       47312 kB
PageTables:        64308 kB
NFS_Unstable:          0 kB
Bounce:                0 kB
WritebackTmp:          0 kB
CommitLimit:     9202292 kB
Committed_AS:   67547040 kB
VmallocTotal:   263061440 kB
VmallocUsed:      104312 kB
VmallocChunk:          0 kB
Percpu:             7680 kB
CmaTotal:         294912 kB
CmaFree:               0 kB
MemTotal:       12113136 kB
MemFree:          793652 kB
MemAvailable:    7862940 kB
Buffers:            8388 kB
Cached:          7128668 kB
SwapCached:            0 kB
Active:          2334368 kB
Inactive:        6107488 kB
Active(anon):    1017684 kB
Inactive(anon):   345384 kB
Active(file):    1316684 kB
Inactive(file):  5762104 kB
Unevictable:        5592 kB
Mlocked:            5592 kB
SwapTotal:       3145724 kB
SwapFree:        3145724 kB
Dirty:               524 kB
Writeback:             0 kB
AnonPages:       1310512 kB
Mapped:           688776 kB
Shmem:             53724 kB
KReclaimable:     875588 kB
Slab:             245712 kB
SReclaimable:      97840 kB
SUnreclaim:       147872 kB
KernelStack:       47312 kB
PageTables:        64308 kB
NFS_Unstable:          0 kB
Bounce:                0 kB
WritebackTmp:          0 kB
CommitLimit:     9202292 kB
Committed_AS:   67547148 kB
VmallocTotal:   263061440 kB
VmallocUsed:      104328 kB
VmallocChunk:          0 kB
Percpu:             7680 kB
CmaTotal:         294912 kB
CmaFree:               0 kB
MemTotal:       12113136 kB
MemFree:          791604 kB
MemAvailable:    7861200 kB
Buffers:            8388 kB
Cached:          7128944 kB
SwapCached:            0 kB
Active:          2335568 kB
Inactive:        6107764 kB
Active(anon):    1018884 kB
Inactive(anon):   345640 kB
Active(file):    1316684 kB
Inactive(file):  5762124 kB
Unevictable:        5592 kB
Mlocked:            5592 kB
SwapTotal:       3145724 kB
SwapFree:        3145724 kB
Dirty:               580 kB
Writeback:             0 kB
AnonPages:       1311480 kB
Mapped:           688804 kB
Shmem:             53980 kB
KReclaimable:     875588 kB
Slab:             245744 kB
SReclaimable:      97840 kB
SUnreclaim:       147904 kB
KernelStack:       47312 kB
PageTables:        64312 kB
NFS_Unstable:          0 kB
Bounce:                0 kB
WritebackTmp:          0 kB
CommitLimit:     9202292 kB
Committed_AS:   67542804 kB
VmallocTotal:   263061440 kB
VmallocUsed:      104344 kB
VmallocChunk:          0 kB
Percpu:             7680 kB
CmaTotal:         294912 kB
CmaFree:               0 kB
MemTotal:       12113136 kB
MemFree:          789872 kB
MemAvailable:    7859212 kB
Buffers:            8388 kB
Cached:          7129216 kB
SwapCached:            0 kB
Active:          2336812 kB
Inactive:        6108036 kB
Active(anon):    1020128 kB
Inactive(anon):   345896 kB
Active(file):    1316684 kB
Inactive(file):  5762140 kB
Unevictable:        5592 kB
Mlocked:            5592 kB
SwapTotal:       3145724 kB
SwapFree:        3145724 kB
Dirty:               308 kB
Writeback:             0 kB
AnonPages:       1312872 kB
Mapped:           688840 kB
Shmem:             54236 kB
KReclaimable:     875604 kB
Slab:             245768 kB
SReclaimable:      97856 kB
SUnreclaim:       147912 kB
KernelStack:       47312 kB
PageTables:        64308 kB
NFS_Unstable:          0 kB
Bounce:                0 kB
WritebackTmp:          0 kB
CommitLimit:     9202292 kB
Committed_AS:   67547884 kB
VmallocTotal:   263061440 kB
VmallocUsed:      104328 kB
VmallocChunk:          0 kB
Percpu:             7680 kB
CmaTotal:         294912 kB
CmaFree:               0 kB
MemTotal:       12113136 kB
MemFree:          789176 kB
MemAvailable:    7858524 kB
Buffers:            8388 kB
Cached:          7129496 kB
SwapCached:            0 kB
Active:          2338436 kB
Inactive:        6108316 kB
Active(anon):    1021752 kB
Inactive(anon):   346152 kB
Active(file):    1316684 kB
Inactive(file):  5762164 kB
Unevictable:        5592 kB
Mlocked:            5592 kB
SwapTotal:       3145724 kB
SwapFree:        3145724 kB
Dirty:               376 kB
Writeback:             0 kB
AnonPages:       1314764 kB
Mapped:           689128 kB
Shmem:             54492 kB
KReclaimable:     875588 kB
Slab:             245752 kB
SReclaimable:      97840 kB
SUnreclaim:       147912 kB
KernelStack:       47312 kB
PageTables:        64308 kB
NFS_Unstable:          0 kB
Bounce:                0 kB
WritebackTmp:          0 kB
CommitLimit:     9202292 kB
Committed_AS:   67543176 kB
VmallocTotal:   263061440 kB
VmallocUsed:      104328 kB
VmallocChunk:          0 kB
Percpu:             7680 kB
CmaTotal:         294912 kB
CmaFree:               0 kB
MemTotal:       12113136 kB
MemFree:          788640 kB
MemAvailable:    7858008 kB
Buffers:            8388 kB
Cached:          7129780 kB
SwapCached:            0 kB
Active:          2338936 kB
Inactive:        6108600 kB
Active(anon):    1022252 kB
Inactive(anon):   346416 kB
Active(file):    1316684 kB
Inactive(file):  5762184 kB
Unevictable:        5592 kB
Mlocked:            5592 kB
SwapTotal:       3145724 kB
SwapFree:        3145724 kB
Dirty:               508 kB
Writeback:             0 kB
AnonPages:       1314872 kB
Mapped:           689164 kB
Shmem:             54756 kB
KReclaimable:     875588 kB
Slab:             245792 kB
SReclaimable:      97840 kB
SUnreclaim:       147952 kB
KernelStack:       47344 kB
PageTables:        64336 kB
NFS_Unstable:          0 kB
Bounce:                0 kB
WritebackTmp:          0 kB
CommitLimit:     9202292 kB
Committed_AS:   67543312 kB
VmallocTotal:   263061440 kB
VmallocUsed:      104328 kB
VmallocChunk:          0 kB
Percpu:             7680 kB
CmaTotal:         294912 kB
CmaFree:               0 kB
MemTotal:       12113136 kB
MemFree:          808304 kB
MemAvailable:    7877732 kB
Buffers:            8396 kB
Cached:          7122668 kB
SwapCached:            0 kB
Active:          2325632 kB
Inactive:        6101488 kB
Active(anon):    1008940 kB
Inactive(anon):   339268 kB
Active(file):    1316692 kB
Inactive(file):  5762220 kB
Unevictable:        5592 kB
Mlocked:            5592 kB
SwapTotal:       3145724 kB
SwapFree:        3145724 kB
Dirty:               536 kB
Writeback:             0 kB
AnonPages:       1301652 kB
Mapped:           689220 kB
Shmem:             47608 kB
KReclaimable:     875604 kB
Slab:             245640 kB
SReclaimable:      97856 kB
SUnreclaim:       147784 kB
KernelStack:       47312 kB
PageTables:        64308 kB
NFS_Unstable:          0 kB
Bounce:                0 kB
WritebackTmp:          0 kB
CommitLimit:     9202292 kB
Committed_AS:   67532648 kB
VmallocTotal:   263061440 kB
VmallocUsed:      104312 kB
VmallocChunk:          0 kB
Percpu:             7680 kB
CmaTotal:         294912 kB
CmaFree:               0 kB
MemTotal:       12113136 kB
MemFree:          811364 kB
MemAvailable:    7880788 kB
Buffers:            8396 kB
Cached:          7122936 kB
SwapCached:            0 kB
Active:          2324092 kB
Inactive:        6101756 kB
Active(anon):    1007400 kB
Inactive(anon):   339524 kB
Active(file):    1316692 kB
Inactive(file):  5762232 kB
Unevictable:        5592 kB
Mlocked:            5592 kB
SwapTotal:       3145724 kB
SwapFree:        3145724 kB
Dirty:               644 kB
Writeback:            12 kB
AnonPages:       1300004 kB
Mapped:           687020 kB
Shmem:             47864 kB
KReclaimable:     875588 kB
Slab:             245624 kB
SReclaimable:      97840 kB
SUnreclaim:       147784 kB
KernelStack:       47360 kB
PageTables:        64384 kB
NFS_Unstable:          0 kB
Bounce:                0 kB
WritebackTmp:          0 kB
CommitLimit:     9202292 kB
Committed_AS:   67535576 kB
VmallocTotal:   263061440 kB
VmallocUsed:      104296 kB
VmallocChunk:          0 kB
Percpu:             7680 kB
CmaTotal:         294912 kB
CmaFree:               0 kB
MemTotal:       12113136 kB
MemFree:          807804 kB
MemAvailable:    7877268 kB
Buffers:            8396 kB
Cached:          7123232 kB
SwapCached:            0 kB
Active:          2325592 kB
Inactive:        6102052 kB
Active(anon):    1008900 kB
Inactive(anon):   339780 kB
Active(file):    1316692 kB
Inactive(file):  5762272 kB
Unevictable:        5592 kB
Mlocked:            5592 kB
SwapTotal:       3145724 kB
SwapFree:        3145724 kB
Dirty:               344 kB
Writeback:             0 kB
AnonPages:       1301488 kB
Mapped:           687140 kB
Shmem:             48120 kB
KReclaimable:     875588 kB
Slab:             245592 kB
SReclaimable:      97840 kB
SUnreclaim:       147752 kB
KernelStack:       47312 kB
PageTables:        64284 kB
NFS_Unstable:          0 kB
Bounce:                0 kB
WritebackTmp:          0 kB
CommitLimit:     9202292 kB
Committed_AS:   67530284 kB
VmallocTotal:   263061440 kB
VmallocUsed:      104312 kB
VmallocChunk:          0 kB
Percpu:             7680 kB
CmaTotal:         294912 kB
CmaFree:               0 kB
MemTotal:       12113136 kB
MemFree:          806484 kB
MemAvailable:    7875968 kB
Buffers:            8396 kB
Cached:          7123508 kB
SwapCached:            0 kB
Active:          2326580 kB
Inactive:        6102332 kB
Active(anon):    1009892 kB
Inactive(anon):   340036 kB
Active(file):    1316688 kB
Inactive(file):  5762296 kB
Unevictable:        5592 kB
Mlocked:            5592 kB
SwapTotal:       3145724 kB
SwapFree:        3145724 kB
Dirty:               412 kB
Writeback:             0 kB
AnonPages:       1302912 kB
Mapped:           686976 kB
Shmem:             48376 kB
KReclaimable:     875588 kB
Slab:             245592 kB
SReclaimable:      97840 kB
SUnreclaim:       147752 kB
KernelStack:       47360 kB
PageTables:        64364 kB
NFS_Unstable:          0 kB
Bounce:                0 kB
WritebackTmp:          0 kB
CommitLimit:     9202292 kB
Committed_AS:   67536180 kB
VmallocTotal:   263061440 kB
VmallocUsed:      104296 kB
VmallocChunk:          0 kB
Percpu:             7680 kB
CmaTotal:         294912 kB
CmaFree:               0 kB
MemTotal:       12113136 kB
MemFree:          805536 kB
MemAvailable:    7875036 kB
Buffers:            8396 kB
Cached:          7123780 kB
SwapCached:            0 kB
Active:          2328160 kB
Inactive:        6102600 kB
Active(anon):    1011468 kB
Inactive(anon):   340292 kB
Active(file):    1316692 kB
Inactive(file):  5762308 kB
Unevictable:        5592 kB
Mlocked:            5592 kB
SwapTotal:       3145724 kB
SwapFree:        3145724 kB
Dirty:               448 kB
Writeback:             0 kB
AnonPages:       1304108 kB
Mapped:           686976 kB
Shmem:             48632 kB
KReclaimable:     875588 kB
Slab:             245580 kB
SReclaimable:      97840 kB
SUnreclaim:       147740 kB
KernelStack:       47328 kB
PageTables:        64296 kB
NFS_Unstable:          0 kB
Bounce:                0 kB
WritebackTmp:          0 kB
CommitLimit:     9202292 kB
Committed_AS:   67536628 kB
VmallocTotal:   263061440 kB
VmallocUsed:      104312 kB
VmallocChunk:          0 kB
Percpu:             7680 kB
CmaTotal:         294912 kB
CmaFree:               0 kB
MemTotal:       12113136 kB
MemFree:          802828 kB
MemAvailable:    7872420 kB
Buffers:            8396 kB
Cached:          7124100 kB
SwapCached:            0 kB
Active:          2330308 kB
Inactive:        6102908 kB
Active(anon):    1013604 kB
Inactive(anon):   340548 kB
Active(file):    1316704 kB
Inactive(file):  5762360 kB
Unevictable:        5592 kB
Mlocked:            5592 kB
SwapTotal:       3145724 kB
SwapFree:        3145724 kB
Dirty:               256 kB
Writeback:             0 kB
AnonPages:       1306236 kB
Mapped:           689076 kB
Shmem:             48888 kB
KReclaimable:     875616 kB
Slab:             245608 kB
SReclaimable:      97868 kB
SUnreclaim:       147740 kB
KernelStack:       47376 kB
PageTables:        64384 kB
NFS_Unstable:          0 kB
Bounce:                0 kB
WritebackTmp:          0 kB
CommitLimit:     9202292 kB
Committed_AS:   67536072 kB
VmallocTotal:   263061440 kB
VmallocUsed:      104344 kB
VmallocChunk:          0 kB
Percpu:             7680 kB
CmaTotal:         294912 kB
CmaFree:               0 kB
MemTotal:       12113136 kB
MemFree:          812476 kB
MemAvailable:    7882040 kB
Buffers:            8396 kB
Cached:          7124344 kB
SwapCached:            0 kB
Active:          2319476 kB
Inactive:        6103160 kB
Active(anon):    1002780 kB
Inactive(anon):   340804 kB
Active(file):    1316696 kB
Inactive(file):  5762356 kB
Unevictable:        5592 kB
Mlocked:            5592 kB
SwapTotal:       3145724 kB
SwapFree:        3145724 kB
Dirty:               316 kB
Writeback:             0 kB
AnonPages:       1295500 kB
Mapped:           689276 kB
Shmem:             49144 kB
KReclaimable:     875600 kB
Slab:             245592 kB
SReclaimable:      97852 kB
SUnreclaim:       147740 kB
KernelStack:       47328 kB
PageTables:        64304 kB
NFS_Unstable:          0 kB
Bounce:                0 kB
WritebackTmp:          0 kB
CommitLimit:     9202292 kB
Committed_AS:   67539052 kB
VmallocTotal:   263061440 kB
VmallocUsed:      104312 kB
VmallocChunk:          0 kB
Percpu:             7680 kB
CmaTotal:         294912 kB
CmaFree:               0 kB
MemTotal:       12113136 kB
MemFree:          812052 kB
MemAvailable:    7881616 kB
Buffers:            8396 kB
Cached:          7124616 kB
SwapCached:            0 kB
Active:          2320848 kB
Inactive:        6103432 kB
Active(anon):    1004152 kB
Inactive(anon):   341060 kB
Active(file):    1316696 kB
Inactive(file):  5762372 kB
Unevictable:        5592 kB
Mlocked:            5592 kB
SwapTotal:       3145724 kB
SwapFree:        3145724 kB
Dirty:               356 kB
Writeback:             0 kB
AnonPages:       1296836 kB
Mapped:           689080 kB
Shmem:             49400 kB
KReclaimable:     875584 kB
Slab:             245584 kB
SReclaimable:      97836 kB
SUnreclaim:       147748 kB
KernelStack:       47376 kB
PageTables:        64380 kB
NFS_Unstable:          0 kB
Bounce:                0 kB
WritebackTmp:          0 kB
CommitLimit:     9202292 kB
Committed_AS:   67543744 kB
VmallocTotal:   263061440 kB
VmallocUsed:      104312 kB
VmallocChunk:          0 kB
Percpu:             7680 kB
CmaTotal:         294912 kB
CmaFree:               0 kB
MemTotal:       12113136 kB
MemFree:          810504 kB
MemAvailable:    7880104 kB
Buffers:            8396 kB
Cached:          7124892 kB
SwapCached:            0 kB
Active:          2321864 kB
Inactive:        6103708 kB
Active(anon):    1005168 kB
Inactive(anon):   341316 kB
Active(file):    1316696 kB
Inactive(file):  5762392 kB
Unevictable:        5592 kB
Mlocked:            5592 kB
SwapTotal:       3145724 kB
SwapFree:        3145724 kB
Dirty:               412 kB
Writeback:             0 kB
AnonPages:       1297844 kB
Mapped:           689280 kB
Shmem:             49656 kB
KReclaimable:     875600 kB
Slab:             245600 kB
SReclaimable:      97852 kB
SUnreclaim:       147748 kB
KernelStack:       47328 kB
PageTables:        64304 kB
NFS_Unstable:          0 kB
Bounce:                0 kB
WritebackTmp:          0 kB
CommitLimit:     9202292 kB
Committed_AS:   67543240 kB
VmallocTotal:   263061440 kB
VmallocUsed:      104312 kB
VmallocChunk:          0 kB
Percpu:             7680 kB
CmaTotal:         294912 kB
CmaFree:               0 kB
MemTotal:       12113136 kB
MemFree:          811612 kB
MemAvailable:    7881232 kB
Buffers:            8396 kB
Cached:          7125188 kB
SwapCached:            0 kB
Active:          2319420 kB
Inactive:        6104004 kB
Active(anon):    1002724 kB
Inactive(anon):   341576 kB
Active(file):    1316696 kB
Inactive(file):  5762428 kB
Unevictable:        5592 kB
Mlocked:            5592 kB
SwapTotal:       3145724 kB
SwapFree:        3145724 kB
Dirty:               492 kB
Writeback:             0 kB
AnonPages:       1295328 kB
Mapped:           689284 kB
Shmem:             49916 kB
KReclaimable:     875584 kB
Slab:             245584 kB
SReclaimable:      97836 kB
SUnreclaim:       147748 kB
KernelStack:       47360 kB
PageTables:        64356 kB
NFS_Unstable:          0 kB
Bounce:                0 kB
WritebackTmp:          0 kB
CommitLimit:     9202292 kB
Committed_AS:   67543160 kB
VmallocTotal:   263061440 kB
VmallocUsed:      104328 kB
VmallocChunk:          0 kB
Percpu:             7680 kB
CmaTotal:         294912 kB
CmaFree:               0 kB
MemTotal:       12113136 kB
MemFree:          810432 kB
MemAvailable:    7880120 kB
Buffers:            8396 kB
Cached:          7125464 kB
SwapCached:            0 kB
Active:          2321020 kB
Inactive:        6104280 kB
Active(anon):    1004324 kB
Inactive(anon):   341832 kB
Active(file):    1316696 kB
Inactive(file):  5762448 kB
Unevictable:        5592 kB
Mlocked:            5592 kB
SwapTotal:       3145724 kB
SwapFree:        3145724 kB
Dirty:               532 kB
Writeback:             0 kB
AnonPages:       1296928 kB
Mapped:           689028 kB
Shmem:             50172 kB
KReclaimable:     875632 kB
Slab:             245632 kB
SReclaimable:      97884 kB
SUnreclaim:       147748 kB
KernelStack:       47328 kB
PageTables:        64304 kB
NFS_Unstable:          0 kB
Bounce:                0 kB
WritebackTmp:          0 kB
CommitLimit:     9202292 kB
Committed_AS:   67541564 kB
VmallocTotal:   263061440 kB
VmallocUsed:      104328 kB
VmallocChunk:          0 kB
Percpu:             7680 kB
CmaTotal:         294912 kB
CmaFree:               0 kB
MemTotal:       12113136 kB
MemFree:          809052 kB
MemAvailable:    7878756 kB
Buffers:            8396 kB
Cached:          7125736 kB
SwapCached:            0 kB
Active:          2322272 kB
Inactive:        6104552 kB
Active(anon):    1005576 kB
Inactive(anon):   342088 kB
Active(file):    1316696 kB
Inactive(file):  5762464 kB
Unevictable:        5592 kB
Mlocked:            5592 kB
SwapTotal:       3145724 kB
SwapFree:        3145724 kB
Dirty:               580 kB
Writeback:             0 kB
AnonPages:       1298220 kB
Mapped:           689200 kB
Shmem:             50428 kB
KReclaimable:     875632 kB
Slab:             245632 kB
SReclaimable:      97884 kB
SUnreclaim:       147748 kB
KernelStack:       47376 kB
PageTables:        64396 kB
NFS_Unstable:          0 kB
Bounce:                0 kB
WritebackTmp:          0 kB
CommitLimit:     9202292 kB
Committed_AS:   67544500 kB
VmallocTotal:   263061440 kB
VmallocUsed:      104312 kB
VmallocChunk:          0 kB
Percpu:             7680 kB
CmaTotal:         294912 kB
CmaFree:               0 kB
MemTotal:       12113136 kB
MemFree:          807520 kB
MemAvailable:    7877240 kB
Buffers:            8396 kB
Cached:          7126008 kB
SwapCached:            0 kB
Active:          2323260 kB
Inactive:        6104824 kB
Active(anon):    1006564 kB
Inactive(anon):   342344 kB
Active(file):    1316696 kB
Inactive(file):  5762480 kB
Unevictable:        5592 kB
Mlocked:            5592 kB
SwapTotal:       3145724 kB
SwapFree:        3145724 kB
Dirty:               616 kB
Writeback:             0 kB
AnonPages:       1299260 kB
Mapped:           689292 kB
Shmem:             50684 kB
KReclaimable:     875632 kB
Slab:             245632 kB
SReclaimable:      97884 kB
SUnreclaim:       147748 kB
KernelStack:       47328 kB
PageTables:        64304 kB
NFS_Unstable:          0 kB
Bounce:                0 kB
WritebackTmp:          0 kB
CommitLimit:     9202292 kB
Committed_AS:   67536260 kB
VmallocTotal:   263061440 kB
VmallocUsed:      104312 kB
VmallocChunk:          0 kB
Percpu:             7680 kB
CmaTotal:         294912 kB
CmaFree:               0 kB
MemTotal:       12113136 kB
MemFree:          806216 kB
MemAvailable:    7875968 kB
Buffers:            8396 kB
Cached:          7126296 kB
SwapCached:            0 kB
Active:          2324988 kB
Inactive:        6105112 kB
Active(anon):    1008292 kB
Inactive(anon):   342600 kB
Active(file):    1316696 kB
Inactive(file):  5762512 kB
Unevictable:        5592 kB
Mlocked:            5592 kB
SwapTotal:       3145724 kB
SwapFree:        3145724 kB
Dirty:               676 kB
Writeback:             0 kB
AnonPages:       1300944 kB
Mapped:           689296 kB
Shmem:             50940 kB
KReclaimable:     875632 kB
Slab:             245632 kB
SReclaimable:      97884 kB
SUnreclaim:       147748 kB
KernelStack:       47340 kB
PageTables:        64376 kB
NFS_Unstable:          0 kB
Bounce:                0 kB
WritebackTmp:          0 kB
CommitLimit:     9202292 kB
Committed_AS:   67536480 kB
VmallocTotal:   263061440 kB
VmallocUsed:      104296 kB
VmallocChunk:          0 kB
Percpu:             7680 kB
CmaTotal:         294912 kB
CmaFree:               0 kB
MemTotal:       12113136 kB
MemFree:          804260 kB
MemAvailable:    7874024 kB
Buffers:            8396 kB
Cached:          7126564 kB
SwapCached:            0 kB
Active:          2326176 kB
Inactive:        6105380 kB
Active(anon):    1009480 kB
Inactive(anon):   342856 kB
Active(file):    1316696 kB
Inactive(file):  5762524 kB
Unevictable:        5592 kB
Mlocked:            5592 kB
SwapTotal:       3145724 kB
SwapFree:        3145724 kB
Dirty:               720 kB
Writeback:             0 kB
AnonPages:       1302512 kB
Mapped:           689040 kB
Shmem:             51196 kB
KReclaimable:     875632 kB
Slab:             245632 kB
SReclaimable:      97884 kB
SUnreclaim:       147748 kB
KernelStack:       47344 kB
PageTables:        64312 kB
NFS_Unstable:          0 kB
Bounce:                0 kB
WritebackTmp:          0 kB
CommitLimit:     9202292 kB
Committed_AS:   67542016 kB
VmallocTotal:   263061440 kB
VmallocUsed:      104312 kB
VmallocChunk:          0 kB
Percpu:             7680 kB
CmaTotal:         294912 kB
CmaFree:               0 kB
MemTotal:       12113136 kB
MemFree:          802208 kB
MemAvailable:    7872020 kB
Buffers:            8400 kB
Cached:          7126864 kB
SwapCached:            0 kB
Active:          2327608 kB
Inactive:        6105680 kB
Active(anon):    1010908 kB
Inactive(anon):   343112 kB
Active(file):    1316700 kB
Inactive(file):  5762568 kB
Unevictable:        5592 kB
Mlocked:            5592 kB
SwapTotal:       3145724 kB
SwapFree:        3145724 kB
Dirty:               744 kB
Writeback:             0 kB
AnonPages:       1303676 kB
Mapped:           689104 kB
Shmem:             51452 kB
KReclaimable:     875632 kB
Slab:             245632 kB
SReclaimable:      97884 kB
SUnreclaim:       147748 kB
KernelStack:       47328 kB
PageTables:        64388 kB
NFS_Unstable:          0 kB
Bounce:                0 kB
WritebackTmp:          0 kB
CommitLimit:     9202292 kB
Committed_AS:   67541688 kB
VmallocTotal:   263061440 kB
VmallocUsed:      104312 kB
VmallocChunk:          0 kB
Percpu:             7680 kB
CmaTotal:         294912 kB
CmaFree:               0 kB
MemTotal:       12113136 kB
MemFree:          801428 kB
MemAvailable:    7871256 kB
Buffers:            8400 kB
Cached:          7127136 kB
SwapCached:            0 kB
Active:          2328980 kB
Inactive:        6105952 kB
Active(anon):    1012280 kB
Inactive(anon):   343368 kB
Active(file):    1316700 kB
Inactive(file):  5762584 kB
Unevictable:        5592 kB
Mlocked:            5592 kB
SwapTotal:       3145724 kB
SwapFree:        3145724 kB
Dirty:               776 kB
Writeback:             0 kB
AnonPages:       1304924 kB
Mapped:           689300 kB
Shmem:             51708 kB
KReclaimable:     875632 kB
Slab:             245632 kB
SReclaimable:      97884 kB
SUnreclaim:       147748 kB
KernelStack:       47344 kB
PageTables:        64308 kB
NFS_Unstable:          0 kB
Bounce:                0 kB
WritebackTmp:          0 kB
CommitLimit:     9202292 kB
Committed_AS:   67549600 kB
VmallocTotal:   263061440 kB
VmallocUsed:      104344 kB
VmallocChunk:          0 kB
Percpu:             7680 kB
CmaTotal:         294912 kB
CmaFree:               0 kB
MemTotal:       12113136 kB
MemFree:          800224 kB
MemAvailable:    7870080 kB
Buffers:            8400 kB
Cached:          7127420 kB
SwapCached:            0 kB
Active:          2330320 kB
Inactive:        6106236 kB
Active(anon):    1013620 kB
Inactive(anon):   343624 kB
Active(file):    1316700 kB
Inactive(file):  5762612 kB
Unevictable:        5592 kB
Mlocked:            5592 kB
SwapTotal:       3145724 kB
SwapFree:        3145724 kB
Dirty:               184 kB
Writeback:             0 kB
AnonPages:       1306540 kB
Mapped:           689112 kB
Shmem:             51964 kB
KReclaimable:     875632 kB
Slab:             245668 kB
SReclaimable:      97884 kB
SUnreclaim:       147784 kB
KernelStack:       47392 kB
PageTables:        64420 kB
NFS_Unstable:          0 kB
Bounce:                0 kB
WritebackTmp:          0 kB
CommitLimit:     9202292 kB
Committed_AS:   67549652 kB
VmallocTotal:   263061440 kB
VmallocUsed:      104312 kB
VmallocChunk:          0 kB
Percpu:             7680 kB
CmaTotal:         294912 kB
CmaFree:               0 kB
MemTotal:       12113136 kB
MemFree:          798132 kB
MemAvailable:    7868008 kB
Buffers:            8400 kB
Cached:          7127696 kB
SwapCached:            0 kB
Active:          2332108 kB
Inactive:        6106512 kB
Active(anon):    1015408 kB
Inactive(anon):   343880 kB
Active(file):    1316700 kB
Inactive(file):  5762632 kB
Unevictable:        5592 kB
Mlocked:            5592 kB
SwapTotal:       3145724 kB
SwapFree:        3145724 kB
Dirty:               284 kB
Writeback:             0 kB
AnonPages:       1308364 kB
Mapped:           689048 kB
Shmem:             52220 kB
KReclaimable:     875632 kB
Slab:             245672 kB
SReclaimable:      97884 kB
SUnreclaim:       147788 kB
KernelStack:       47440 kB
PageTables:        64312 kB
NFS_Unstable:          0 kB
Bounce:                0 kB
WritebackTmp:          0 kB
CommitLimit:     9202292 kB
Committed_AS:   67540316 kB
VmallocTotal:   263061440 kB
VmallocUsed:      104376 kB
VmallocChunk:          0 kB
Percpu:             7680 kB
CmaTotal:         294912 kB
CmaFree:               0 kB
MemTotal:       12113136 kB
MemFree:          795260 kB
MemAvailable:    7865136 kB
Buffers:            8400 kB
Cached:          7127972 kB
SwapCached:            0 kB
Active:          2334200 kB
Inactive:        6106788 kB
Active(anon):    1017500 kB
Inactive(anon):   344140 kB
Active(file):    1316700 kB
Inactive(file):  5762648 kB
Unevictable:        5592 kB
Mlocked:            5592 kB
SwapTotal:       3145724 kB
SwapFree:        3145724 kB
Dirty:               320 kB
Writeback:             0 kB
AnonPages:       1310268 kB
Mapped:           689116 kB
Shmem:             52480 kB
KReclaimable:     875616 kB
Slab:             245664 kB
SReclaimable:      97868 kB
SUnreclaim:       147796 kB
KernelStack:       47504 kB
PageTables:        64524 kB
NFS_Unstable:          0 kB
Bounce:                0 kB
WritebackTmp:          0 kB
CommitLimit:     9202292 kB
Committed_AS:   67540300 kB
VmallocTotal:   263061440 kB
VmallocUsed:      104376 kB
VmallocChunk:          0 kB
Percpu:             7680 kB
CmaTotal:         294912 kB
CmaFree:               0 kB
MemTotal:       12113136 kB
MemFree:          793528 kB
MemAvailable:    7863440 kB
Buffers:            8400 kB
Cached:          7128248 kB
SwapCached:            0 kB
Active:          2335496 kB
Inactive:        6107064 kB
Active(anon):    1018796 kB
Inactive(anon):   344396 kB
Active(file):    1316700 kB
Inactive(file):  5762668 kB
Unevictable:        5592 kB
Mlocked:            5592 kB
SwapTotal:       3145724 kB
SwapFree:        3145724 kB
Dirty:               368 kB
Writeback:             0 kB
AnonPages:       1311484 kB
Mapped:           689060 kB
Shmem:             52736 kB
KReclaimable:     875632 kB
Slab:             245704 kB
SReclaimable:      97884 kB
SUnreclaim:       147820 kB
KernelStack:       47440 kB
PageTables:        64316 kB
NFS_Unstable:          0 kB
Bounce:                0 kB
WritebackTmp:          0 kB
CommitLimit:     9202292 kB
Committed_AS:   67540988 kB
VmallocTotal:   263061440 kB
VmallocUsed:      104392 kB
VmallocChunk:          0 kB
Percpu:             7680 kB
CmaTotal:         294912 kB
CmaFree:               0 kB
MemTotal:       12113136 kB
MemFree:          790864 kB
MemAvailable:    7860800 kB
Buffers:            8400 kB
Cached:          7128528 kB
SwapCached:            0 kB
Active:          2336472 kB
Inactive:        6107344 kB
Active(anon):    1019772 kB
Inactive(anon):   344652 kB
Active(file):    1316700 kB
Inactive(file):  5762692 kB
Unevictable:        5592 kB
Mlocked:            5592 kB
SwapTotal:       3145724 kB
SwapFree:        3145724 kB
Dirty:               416 kB
Writeback:             0 kB
AnonPages:       1312508 kB
Mapped:           689320 kB
Shmem:             52992 kB
KReclaimable:     875632 kB
Slab:             245704 kB
SReclaimable:      97884 kB
SUnreclaim:       147820 kB
KernelStack:       47472 kB
PageTables:        64364 kB
NFS_Unstable:          0 kB
Bounce:                0 kB
WritebackTmp:          0 kB
CommitLimit:     9202292 kB
Committed_AS:   67545608 kB
VmallocTotal:   263061440 kB
VmallocUsed:      104408 kB
VmallocChunk:          0 kB
Percpu:             7680 kB
CmaTotal:         294912 kB
CmaFree:               0 kB
MemTotal:       12113136 kB
MemFree:          789604 kB
MemAvailable:    7859544 kB
Buffers:            8400 kB
Cached:          7128804 kB
SwapCached:            0 kB
Active:          2337812 kB
Inactive:        6107620 kB
Active(anon):    1021112 kB
Inactive(anon):   344908 kB
Active(file):    1316700 kB
Inactive(file):  5762712 kB
Unevictable:        5592 kB
Mlocked:            5592 kB
SwapTotal:       3145724 kB
SwapFree:        3145724 kB
Dirty:               456 kB
Writeback:             0 kB
AnonPages:       1313744 kB
Mapped:           689324 kB
Shmem:             53248 kB
KReclaimable:     875616 kB
Slab:             245688 kB
SReclaimable:      97868 kB
SUnreclaim:       147820 kB
KernelStack:       47440 kB
PageTables:        64316 kB
NFS_Unstable:          0 kB
Bounce:                0 kB
WritebackTmp:          0 kB
CommitLimit:     9202292 kB
Committed_AS:   67545676 kB
VmallocTotal:   263061440 kB
VmallocUsed:      104440 kB
VmallocChunk:          0 kB
Percpu:             7680 kB
CmaTotal:         294912 kB
CmaFree:               0 kB
MemTotal:       12113136 kB
MemFree:          787400 kB
MemAvailable:    7857368 kB
Buffers:            8400 kB
Cached:          7129072 kB
SwapCached:            0 kB
Active:          2339356 kB
Inactive:        6107884 kB
Active(anon):    1022652 kB
Inactive(anon):   345164 kB
Active(file):    1316704 kB
Inactive(file):  5762720 kB
Unevictable:        5592 kB
Mlocked:            5592 kB
SwapTotal:       3145724 kB
SwapFree:        3145724 kB
Dirty:               524 kB
Writeback:             0 kB
AnonPages:       1315536 kB
Mapped:           689136 kB
Shmem:             53504 kB
KReclaimable:     875632 kB
Slab:             245720 kB
SReclaimable:      97884 kB
SUnreclaim:       147836 kB
KernelStack:       47488 kB
PageTables:        64392 kB
NFS_Unstable:          0 kB
Bounce:                0 kB
WritebackTmp:          0 kB
CommitLimit:     9202292 kB
Committed_AS:   67547788 kB
VmallocTotal:   263061440 kB
VmallocUsed:      104456 kB
VmallocChunk:          0 kB
Percpu:             7680 kB
CmaTotal:         294912 kB
CmaFree:               0 kB
MemTotal:       12113136 kB
MemFree:          786580 kB
MemAvailable:    7856564 kB
Buffers:            8400 kB
Cached:          7129360 kB
SwapCached:            0 kB
Active:          2340876 kB
Inactive:        6108172 kB
Active(anon):    1024172 kB
Inactive(anon):   345420 kB
Active(file):    1316704 kB
Inactive(file):  5762752 kB
Unevictable:        5592 kB
Mlocked:            5592 kB
SwapTotal:       3145724 kB
SwapFree:        3145724 kB
Dirty:               604 kB
Writeback:             0 kB
AnonPages:       1317092 kB
Mapped:           689332 kB
Shmem:             53760 kB
KReclaimable:     875616 kB
Slab:             245736 kB
SReclaimable:      97868 kB
SUnreclaim:       147868 kB
KernelStack:       47440 kB
PageTables:        64312 kB
NFS_Unstable:          0 kB
Bounce:                0 kB
WritebackTmp:          0 kB
CommitLimit:     9202292 kB
Committed_AS:   67542980 kB
VmallocTotal:   263061440 kB
VmallocUsed:      104408 kB
VmallocChunk:          0 kB
Percpu:             7680 kB
CmaTotal:         294912 kB
CmaFree:               0 kB
MemTotal:       12113136 kB
MemFree:          785716 kB
MemAvailable:    7855708 kB
Buffers:            8400 kB
Cached:          7129448 kB
SwapCached:            0 kB
Active:          2341196 kB
Inactive:        6108260 kB
Active(anon):    1024492 kB
Inactive(anon):   345500 kB
Active(file):    1316704 kB
Inactive(file):  5762760 kB
Unevictable:        5592 kB
Mlocked:            5592 kB
SwapTotal:       3145724 kB
SwapFree:        3145724 kB
Dirty:               624 kB
Writeback:             0 kB
AnonPages:       1317452 kB
Mapped:           689272 kB
Shmem:             53840 kB
KReclaimable:     875616 kB
Slab:             245760 kB
SReclaimable:      97868 kB
SUnreclaim:       147892 kB
KernelStack:       47412 kB
PageTables:        64204 kB
NFS_Unstable:          0 kB
Bounce:                0 kB
WritebackTmp:          0 kB
CommitLimit:     9202292 kB
Committed_AS:   67537164 kB
VmallocTotal:   263061440 kB
VmallocUsed:      104392 kB
VmallocChunk:          0 kB
Percpu:             7680 kB
CmaTotal:         294912 kB
CmaFree:               0 kB
MemTotal:       12113136 kB
MemFree:          786712 kB
MemAvailable:    7856732 kB
Buffers:            8400 kB
Cached:          7129908 kB
SwapCached:            0 kB
Active:          2338824 kB
Inactive:        6108720 kB
Active(anon):    1022120 kB
Inactive(anon):   345932 kB
Active(file):    1316704 kB
Inactive(file):  5762788 kB
Unevictable:        5592 kB
Mlocked:            5592 kB
SwapTotal:       3145724 kB
SwapFree:        3145724 kB
Dirty:               708 kB
Writeback:             0 kB
AnonPages:       1314772 kB
Mapped:           689080 kB
Shmem:             54272 kB
KReclaimable:     875616 kB
Slab:             245768 kB
SReclaimable:      97868 kB
SUnreclaim:       147900 kB
KernelStack:       47392 kB
PageTables:        64308 kB
NFS_Unstable:          0 kB
Bounce:                0 kB
WritebackTmp:          0 kB
CommitLimit:     9202292 kB
Committed_AS:   67532784 kB
VmallocTotal:   263061440 kB
VmallocUsed:      104392 kB
VmallocChunk:          0 kB
Percpu:             7680 kB
CmaTotal:         294912 kB
CmaFree:               0 kB
MemTotal:       12113136 kB
MemFree:          785972 kB
MemAvailable:    7856012 kB
Buffers:            8400 kB
Cached:          7130184 kB
SwapCached:            0 kB
Active:          2340056 kB
Inactive:        6108996 kB
Active(anon):    1023352 kB
Inactive(anon):   346188 kB
Active(file):    1316704 kB
Inactive(file):  5762808 kB
Unevictable:        5592 kB
Mlocked:            5592 kB
SwapTotal:       3145724 kB
SwapFree:        3145724 kB
Dirty:               212 kB
Writeback:             0 kB
AnonPages:       1316044 kB
Mapped:           689100 kB
Shmem:             54528 kB
KReclaimable:     875616 kB
Slab:             245772 kB
SReclaimable:      97868 kB
SUnreclaim:       147904 kB
KernelStack:       47408 kB
PageTables:        64392 kB
NFS_Unstable:          0 kB
Bounce:                0 kB
WritebackTmp:          0 kB
CommitLimit:     9202292 kB
Committed_AS:   67532476 kB
VmallocTotal:   263061440 kB
VmallocUsed:      104360 kB
VmallocChunk:          0 kB
Percpu:             7680 kB
CmaTotal:         294912 kB
CmaFree:               0 kB
MemTotal:       12113136 kB
MemFree:          804776 kB
MemAvailable:    7874856 kB
Buffers:            8400 kB
Cached:          7123296 kB
SwapCached:            0 kB
Active:          2326884 kB
Inactive:        6102108 kB
Active(anon):    1010180 kB
Inactive(anon):   339276 kB
Active(file):    1316704 kB
Inactive(file):  5762832 kB
Unevictable:        5592 kB
Mlocked:            5592 kB
SwapTotal:       3145724 kB
SwapFree:        3145724 kB
Dirty:               324 kB
Writeback:             0 kB
AnonPages:       1302848 kB
Mapped:           689344 kB
Shmem:             47616 kB
KReclaimable:     875632 kB
Slab:             245772 kB
SReclaimable:      97884 kB
SUnreclaim:       147888 kB
KernelStack:       47360 kB
PageTables:        64308 kB
NFS_Unstable:          0 kB
Bounce:                0 kB
WritebackTmp:          0 kB
CommitLimit:     9202292 kB
Committed_AS:   67538380 kB
VmallocTotal:   263061440 kB
VmallocUsed:      104376 kB
VmallocChunk:          0 kB
Percpu:             7680 kB
CmaTotal:         294912 kB
CmaFree:               0 kB
MemTotal:       12113136 kB
MemFree:          804268 kB
MemAvailable:    7874372 kB
Buffers:            8400 kB
Cached:          7123576 kB
SwapCached:            0 kB
Active:          2327388 kB
Inactive:        6102388 kB
Active(anon):    1010684 kB
Inactive(anon):   339532 kB
Active(file):    1316704 kB
Inactive(file):  5762856 kB
Unevictable:        5592 kB
Mlocked:            5592 kB
SwapTotal:       3145724 kB
SwapFree:        3145724 kB
Dirty:               400 kB
Writeback:             0 kB
AnonPages:       1303456 kB
Mapped:           689348 kB
Shmem:             47872 kB
KReclaimable:     875632 kB
Slab:             245684 kB
SReclaimable:      97884 kB
SUnreclaim:       147800 kB
KernelStack:       47376 kB
PageTables:        64416 kB
NFS_Unstable:          0 kB
Bounce:                0 kB
WritebackTmp:          0 kB
CommitLimit:     9202292 kB
Committed_AS:   67529316 kB
VmallocTotal:   263061440 kB
VmallocUsed:      104328 kB
VmallocChunk:          0 kB
Percpu:             7680 kB
CmaTotal:         294912 kB
CmaFree:               0 kB
MemTotal:       12113136 kB
MemFree:          803088 kB
MemAvailable:    7873216 kB
Buffers:            8404 kB
Cached:          7123868 kB
SwapCached:            0 kB
Active:          2328660 kB
Inactive:        6102680 kB
Active(anon):    1011952 kB
Inactive(anon):   339788 kB
Active(file):    1316708 kB
Inactive(file):  5762892 kB
Unevictable:        5592 kB
Mlocked:            5592 kB
SwapTotal:       3145724 kB
SwapFree:        3145724 kB
Dirty:               440 kB
Writeback:             0 kB
AnonPages:       1304580 kB
Mapped:           689352 kB
Shmem:             48128 kB
KReclaimable:     875616 kB
Slab:             245668 kB
SReclaimable:      97868 kB
SUnreclaim:       147800 kB
KernelStack:       47328 kB
PageTables:        64308 kB
NFS_Unstable:          0 kB
Bounce:                0 kB
WritebackTmp:          0 kB
CommitLimit:     9202292 kB
Committed_AS:   67530996 kB
VmallocTotal:   263061440 kB
VmallocUsed:      104344 kB
VmallocChunk:          0 kB
Percpu:             7680 kB
CmaTotal:         294912 kB
CmaFree:               0 kB
MemTotal:       12113136 kB
MemFree:          806096 kB
MemAvailable:    7876260 kB
Buffers:            8404 kB
Cached:          7124144 kB
SwapCached:            0 kB
Active:          2326440 kB
Inactive:        6102956 kB
Active(anon):    1009732 kB
Inactive(anon):   340044 kB
Active(file):    1316708 kB
Inactive(file):  5762912 kB
Unevictable:        5592 kB
Mlocked:            5592 kB
SwapTotal:       3145724 kB
SwapFree:        3145724 kB
Dirty:               484 kB
Writeback:             0 kB
AnonPages:       1302380 kB
Mapped:           687240 kB
Shmem:             48384 kB
KReclaimable:     875632 kB
Slab:             245668 kB
SReclaimable:      97884 kB
SUnreclaim:       147784 kB
KernelStack:       47376 kB
PageTables:        64400 kB
NFS_Unstable:          0 kB
Bounce:                0 kB
WritebackTmp:          0 kB
CommitLimit:     9202292 kB
Committed_AS:   67532204 kB
VmallocTotal:   263061440 kB
VmallocUsed:      104328 kB
VmallocChunk:          0 kB
Percpu:             7680 kB
CmaTotal:         294912 kB
CmaFree:               0 kB
MemTotal:       12113136 kB
MemFree:          804724 kB
MemAvailable:    7874888 kB
Buffers:            8404 kB
Cached:          7124416 kB
SwapCached:            0 kB
Active:          2327352 kB
Inactive:        6103228 kB
Active(anon):    1010644 kB
Inactive(anon):   340300 kB
Active(file):    1316708 kB
Inactive(file):  5762928 kB
Unevictable:        5592 kB
Mlocked:            5592 kB
SwapTotal:       3145724 kB
SwapFree:        3145724 kB
Dirty:               276 kB
Writeback:             0 kB
AnonPages:       1303304 kB
Mapped:           687068 kB
Shmem:             48640 kB
KReclaimable:     875616 kB
Slab:             245652 kB
SReclaimable:      97868 kB
SUnreclaim:       147784 kB
KernelStack:       47280 kB
PageTables:        64304 kB
NFS_Unstable:          0 kB
Bounce:                0 kB
WritebackTmp:          0 kB
CommitLimit:     9202292 kB
Committed_AS:   67537416 kB
VmallocTotal:   263061440 kB
VmallocUsed:      104312 kB
VmallocChunk:          0 kB
Percpu:             7680 kB
CmaTotal:         294912 kB
CmaFree:               0 kB
MemTotal:       12113136 kB
MemFree:          804008 kB
MemAvailable:    7874216 kB
Buffers:            8404 kB
Cached:          7124704 kB
SwapCached:            0 kB
Active:          2326816 kB
Inactive:        6103516 kB
Active(anon):    1010108 kB
Inactive(anon):   340560 kB
Active(file):    1316708 kB
Inactive(file):  5762956 kB
Unevictable:        5592 kB
Mlocked:            5592 kB
SwapTotal:       3145724 kB
SwapFree:        3145724 kB
Dirty:               328 kB
Writeback:             0 kB
AnonPages:       1302900 kB
Mapped:           686568 kB
Shmem:             48900 kB
KReclaimable:     875632 kB
Slab:             245700 kB
SReclaimable:      97884 kB
SUnreclaim:       147816 kB
KernelStack:       47280 kB
PageTables:        64304 kB
NFS_Unstable:          0 kB
Bounce:                0 kB
WritebackTmp:          0 kB
CommitLimit:     9202292 kB
Committed_AS:   67530948 kB
VmallocTotal:   263061440 kB
VmallocUsed:      104264 kB
VmallocChunk:          0 kB
Percpu:             7680 kB
CmaTotal:         294912 kB
CmaFree:               0 kB
MemTotal:       12113136 kB
MemFree:          803148 kB
MemAvailable:    7873360 kB
Buffers:            8404 kB
Cached:          7124980 kB
SwapCached:            0 kB
Active:          2328592 kB
Inactive:        6103792 kB
Active(anon):    1011884 kB
Inactive(anon):   340816 kB
Active(file):    1316708 kB
Inactive(file):  5762976 kB
Unevictable:        5592 kB
Mlocked:            5592 kB
SwapTotal:       3145724 kB
SwapFree:        3145724 kB
Dirty:               368 kB
Writeback:             0 kB
AnonPages:       1304576 kB
Mapped:           688344 kB
Shmem:             49156 kB
KReclaimable:     875616 kB
Slab:             245684 kB
SReclaimable:      97868 kB
SUnreclaim:       147816 kB
KernelStack:       47280 kB
PageTables:        64312 kB
NFS_Unstable:          0 kB
Bounce:                0 kB
WritebackTmp:          0 kB
CommitLimit:     9202292 kB
Committed_AS:   67531300 kB
VmallocTotal:   263061440 kB
VmallocUsed:      104296 kB
VmallocChunk:          0 kB
Percpu:             7680 kB
CmaTotal:         294912 kB
CmaFree:               0 kB
MemTotal:       12113136 kB
MemFree:          802356 kB
MemAvailable:    7872580 kB
Buffers:            8404 kB
Cached:          7125248 kB
SwapCached:            0 kB
Active:          2328600 kB
Inactive:        6104060 kB
Active(anon):    1011892 kB
Inactive(anon):   341072 kB
Active(file):    1316708 kB
Inactive(file):  5762988 kB
Unevictable:        5592 kB
Mlocked:            5592 kB
SwapTotal:       3145724 kB
SwapFree:        3145724 kB
Dirty:               424 kB
Writeback:             0 kB
AnonPages:       1304816 kB
Mapped:           688472 kB
Shmem:             49412 kB
KReclaimable:     875616 kB
Slab:             245684 kB
SReclaimable:      97868 kB
SUnreclaim:       147816 kB
KernelStack:       47328 kB
PageTables:        64408 kB
NFS_Unstable:          0 kB
Bounce:                0 kB
WritebackTmp:          0 kB
CommitLimit:     9202292 kB
Committed_AS:   67528764 kB
VmallocTotal:   263061440 kB
VmallocUsed:      104280 kB
VmallocChunk:          0 kB
Percpu:             7680 kB
CmaTotal:         294912 kB
CmaFree:               0 kB
MemTotal:       12113136 kB
MemFree:          799996 kB
MemAvailable:    7870248 kB
Buffers:            8404 kB
Cached:          7125532 kB
SwapCached:            0 kB
Active:          2331480 kB
Inactive:        6104344 kB
Active(anon):    1014772 kB
Inactive(anon):   341328 kB
Active(file):    1316708 kB
Inactive(file):  5763016 kB
Unevictable:        5592 kB
Mlocked:            5592 kB
SwapTotal:       3145724 kB
SwapFree:        3145724 kB
Dirty:               492 kB
Writeback:             0 kB
AnonPages:       1307516 kB
Mapped:           688348 kB
Shmem:             49668 kB
KReclaimable:     875616 kB
Slab:             245684 kB
SReclaimable:      97868 kB
SUnreclaim:       147816 kB
KernelStack:       47280 kB
PageTables:        64312 kB
NFS_Unstable:          0 kB
Bounce:                0 kB
WritebackTmp:          0 kB
CommitLimit:     9202292 kB
Committed_AS:   67532760 kB
VmallocTotal:   263061440 kB
VmallocUsed:      104296 kB
VmallocChunk:          0 kB
Percpu:             7680 kB
CmaTotal:         294912 kB
CmaFree:               0 kB
MemTotal:       12113136 kB
MemFree:          799140 kB
MemAvailable:    7869412 kB
Buffers:            8404 kB
Cached:          7125808 kB
SwapCached:            0 kB
Active:          2331916 kB
Inactive:        6104620 kB
Active(anon):    1015208 kB
Inactive(anon):   341584 kB
Active(file):    1316708 kB
Inactive(file):  5763036 kB
Unevictable:        5592 kB
Mlocked:            5592 kB
SwapTotal:       3145724 kB
SwapFree:        3145724 kB
Dirty:               696 kB
Writeback:             0 kB
AnonPages:       1307932 kB
Mapped:           688348 kB
Shmem:             49924 kB
KReclaimable:     875616 kB
Slab:             245684 kB
SReclaimable:      97868 kB
SUnreclaim:       147816 kB
KernelStack:       47248 kB
PageTables:        64308 kB
NFS_Unstable:          0 kB
Bounce:                0 kB
WritebackTmp:          0 kB
CommitLimit:     9202292 kB
Committed_AS:   67532888 kB
VmallocTotal:   263061440 kB
VmallocUsed:      104216 kB
VmallocChunk:          0 kB
Percpu:             7680 kB
CmaTotal:         294912 kB
CmaFree:               0 kB
MemTotal:       12113136 kB
MemFree:          798968 kB
MemAvailable:    7869256 kB
Buffers:            8404 kB
Cached:          7126080 kB
SwapCached:            0 kB
Active:          2333104 kB
Inactive:        6104892 kB
Active(anon):    1016396 kB
Inactive(anon):   341840 kB
Active(file):    1316708 kB
Inactive(file):  5763052 kB
Unevictable:        5592 kB
Mlocked:            5592 kB
SwapTotal:       3145724 kB
SwapFree:        3145724 kB
Dirty:              1000 kB
Writeback:             0 kB
AnonPages:       1309084 kB
Mapped:           688352 kB
Shmem:             50180 kB
KReclaimable:     875616 kB
Slab:             245684 kB
SReclaimable:      97868 kB
SUnreclaim:       147816 kB
KernelStack:       47248 kB
PageTables:        64308 kB
NFS_Unstable:          0 kB
Bounce:                0 kB
WritebackTmp:          0 kB
CommitLimit:     9202292 kB
Committed_AS:   67532140 kB
VmallocTotal:   263061440 kB
VmallocUsed:      104232 kB
VmallocChunk:          0 kB
Percpu:             7680 kB
CmaTotal:         294912 kB
CmaFree:               0 kB
MemTotal:       12113136 kB
MemFree:          795816 kB
MemAvailable:    7866132 kB
Buffers:            8404 kB
Cached:          7126364 kB
SwapCached:            0 kB
Active:          2334760 kB
Inactive:        6105176 kB
Active(anon):    1018052 kB
Inactive(anon):   342096 kB
Active(file):    1316708 kB
Inactive(file):  5763080 kB
Unevictable:        5592 kB
Mlocked:            5592 kB
SwapTotal:       3145724 kB
SwapFree:        3145724 kB
Dirty:              1312 kB
Writeback:             0 kB
AnonPages:       1310792 kB
Mapped:           688600 kB
Shmem:             50436 kB
KReclaimable:     875616 kB
Slab:             245684 kB
SReclaimable:      97868 kB
SUnreclaim:       147816 kB
KernelStack:       47296 kB
PageTables:        64420 kB
NFS_Unstable:          0 kB
Bounce:                0 kB
WritebackTmp:          0 kB
CommitLimit:     9202292 kB
Committed_AS:   67526052 kB
VmallocTotal:   263061440 kB
VmallocUsed:      104248 kB
VmallocChunk:          0 kB
Percpu:             7680 kB
CmaTotal:         294912 kB
CmaFree:               0 kB
MemTotal:       12113136 kB
MemFree:          810756 kB
MemAvailable:    7881108 kB
Buffers:            8404 kB
Cached:          7126640 kB
SwapCached:            0 kB
Active:          2319168 kB
Inactive:        6105456 kB
Active(anon):    1002464 kB
Inactive(anon):   342352 kB
Active(file):    1316704 kB
Inactive(file):  5763104 kB
Unevictable:        5592 kB
Mlocked:            5592 kB
SwapTotal:       3145724 kB
SwapFree:        3145724 kB
Dirty:              1396 kB
Writeback:             0 kB
AnonPages:       1295200 kB
Mapped:           688616 kB
Shmem:             50692 kB
KReclaimable:     875632 kB
Slab:             245700 kB
SReclaimable:      97884 kB
SUnreclaim:       147816 kB
KernelStack:       47248 kB
PageTables:        64308 kB
NFS_Unstable:          0 kB
Bounce:                0 kB
WritebackTmp:          0 kB
CommitLimit:     9202292 kB
Committed_AS:   67533932 kB
VmallocTotal:   263061440 kB
VmallocUsed:      104184 kB
VmallocChunk:          0 kB
Percpu:             7680 kB
CmaTotal:         294912 kB
CmaFree:               0 kB
MemTotal:       12113136 kB
MemFree:          811212 kB
MemAvailable:    7881584 kB
Buffers:            8404 kB
Cached:          7126916 kB
SwapCached:            0 kB
Active:          2319932 kB
Inactive:        6105728 kB
Active(anon):    1003224 kB
Inactive(anon):   342608 kB
Active(file):    1316708 kB
Inactive(file):  5763120 kB
Unevictable:        5592 kB
Mlocked:            5592 kB
SwapTotal:       3145724 kB
SwapFree:        3145724 kB
Dirty:              1432 kB
Writeback:             0 kB
AnonPages:       1296016 kB
Mapped:           688360 kB
Shmem:             50948 kB
KReclaimable:     875632 kB
Slab:             245700 kB
SReclaimable:      97884 kB
SUnreclaim:       147816 kB
KernelStack:       47248 kB
PageTables:        64308 kB
NFS_Unstable:          0 kB
Bounce:                0 kB
WritebackTmp:          0 kB
CommitLimit:     9202292 kB
Committed_AS:   67534028 kB
VmallocTotal:   263061440 kB
VmallocUsed:      104184 kB
VmallocChunk:          0 kB
Percpu:             7680 kB
CmaTotal:         294912 kB
CmaFree:               0 kB
MemTotal:       12113136 kB
MemFree:          807548 kB
MemAvailable:    7877944 kB
Buffers:            8404 kB
Cached:          7127196 kB
SwapCached:            0 kB
Active:          2321036 kB
Inactive:        6106008 kB
Active(anon):    1004328 kB
Inactive(anon):   342864 kB
Active(file):    1316708 kB
Inactive(file):  5763144 kB
Unevictable:        5592 kB
Mlocked:            5592 kB
SwapTotal:       3145724 kB
SwapFree:        3145724 kB
Dirty:               420 kB
Writeback:             0 kB
AnonPages:       1297084 kB
Mapped:           688624 kB
Shmem:             51204 kB
KReclaimable:     875632 kB
Slab:             245968 kB
SReclaimable:      97884 kB
SUnreclaim:       148084 kB
KernelStack:       47248 kB
PageTables:        64308 kB
NFS_Unstable:          0 kB
Bounce:                0 kB
WritebackTmp:          0 kB
CommitLimit:     9202292 kB
Committed_AS:   67550424 kB
VmallocTotal:   263061440 kB
VmallocUsed:      104248 kB
VmallocChunk:          0 kB
Percpu:             7680 kB
CmaTotal:         294912 kB
CmaFree:               0 kB
MemTotal:       12113136 kB
MemFree:          807928 kB
MemAvailable:    7878328 kB
Buffers:            8404 kB
Cached:          7127444 kB
SwapCached:            0 kB
Active:          2320984 kB
Inactive:        6106256 kB
Active(anon):    1004276 kB
Inactive(anon):   343092 kB
Active(file):    1316708 kB
Inactive(file):  5763164 kB
Unevictable:        5592 kB
Mlocked:            5592 kB
SwapTotal:       3145724 kB
SwapFree:        3145724 kB
Dirty:               304 kB
Writeback:             0 kB
AnonPages:       1296916 kB
Mapped:           688504 kB
Shmem:             51432 kB
KReclaimable:     875616 kB
Slab:             245696 kB
SReclaimable:      97868 kB
SUnreclaim:       147828 kB
KernelStack:       47296 kB
PageTables:        64468 kB
NFS_Unstable:          0 kB
Bounce:                0 kB
WritebackTmp:          0 kB
CommitLimit:     9202292 kB
Committed_AS:   67550064 kB
VmallocTotal:   263061440 kB
VmallocUsed:      104232 kB
VmallocChunk:          0 kB
Percpu:             7680 kB
CmaTotal:         294912 kB
CmaFree:               0 kB
MemTotal:       12113136 kB
MemFree:          806524 kB
MemAvailable:    7876944 kB
Buffers:            8404 kB
Cached:          7127752 kB
SwapCached:            0 kB
Active:          2322668 kB
Inactive:        6106564 kB
Active(anon):    1005960 kB
Inactive(anon):   343380 kB
Active(file):    1316708 kB
Inactive(file):  5763184 kB
Unevictable:        5592 kB
Mlocked:            5592 kB
SwapTotal:       3145724 kB
SwapFree:        3145724 kB
Dirty:               408 kB
Writeback:             0 kB
AnonPages:       1298644 kB
Mapped:           688372 kB
Shmem:             51720 kB
KReclaimable:     875616 kB
Slab:             245696 kB
SReclaimable:      97868 kB
SUnreclaim:       147828 kB
KernelStack:       47232 kB
PageTables:        64308 kB
NFS_Unstable:          0 kB
Bounce:                0 kB
WritebackTmp:          0 kB
CommitLimit:     9202292 kB
Committed_AS:   67545876 kB
VmallocTotal:   263061440 kB
VmallocUsed:      104232 kB
VmallocChunk:          0 kB
Percpu:             7680 kB
CmaTotal:         294912 kB
CmaFree:               0 kB
MemTotal:       12113136 kB
MemFree:          804416 kB
MemAvailable:    7874896 kB
Buffers:            8408 kB
Cached:          7128048 kB
SwapCached:            0 kB
Active:          2324048 kB
Inactive:        6106860 kB
Active(anon):    1007336 kB
Inactive(anon):   343636 kB
Active(file):    1316712 kB
Inactive(file):  5763224 kB
Unevictable:        5592 kB
Mlocked:            5592 kB
SwapTotal:       3145724 kB
SwapFree:        3145724 kB
Dirty:               440 kB
Writeback:             0 kB
AnonPages:       1299976 kB
Mapped:           688376 kB
Shmem:             51976 kB
KReclaimable:     875632 kB
Slab:             245712 kB
SReclaimable:      97884 kB
SUnreclaim:       147828 kB
KernelStack:       47280 kB
PageTables:        64388 kB
NFS_Unstable:          0 kB
Bounce:                0 kB
WritebackTmp:          0 kB
CommitLimit:     9202292 kB
Committed_AS:   67550456 kB
VmallocTotal:   263061440 kB
VmallocUsed:      104232 kB
VmallocChunk:          0 kB
Percpu:             7680 kB
CmaTotal:         294912 kB
CmaFree:               0 kB
MemTotal:       12113136 kB
MemFree:          803348 kB
MemAvailable:    7873812 kB
Buffers:            8408 kB
Cached:          7128320 kB
SwapCached:            0 kB
Active:          2325200 kB
Inactive:        6107132 kB
Active(anon):    1008488 kB
Inactive(anon):   343892 kB
Active(file):    1316712 kB
Inactive(file):  5763240 kB
Unevictable:        5592 kB
Mlocked:            5592 kB
SwapTotal:       3145724 kB
SwapFree:        3145724 kB
Dirty:               476 kB
Writeback:             0 kB
AnonPages:       1301400 kB
Mapped:           688636 kB
Shmem:             52232 kB
KReclaimable:     875600 kB
Slab:             245680 kB
SReclaimable:      97852 kB
SUnreclaim:       147828 kB
KernelStack:       47232 kB
PageTables:        64308 kB
NFS_Unstable:          0 kB
Bounce:                0 kB
WritebackTmp:          0 kB
CommitLimit:     9202292 kB
Committed_AS:   67551468 kB
VmallocTotal:   263061440 kB
VmallocUsed:      104232 kB
VmallocChunk:          0 kB
Percpu:             7680 kB
CmaTotal:         294912 kB
CmaFree:               0 kB
MemTotal:       12113136 kB
MemFree:          802192 kB
MemAvailable:    7872680 kB
Buffers:            8408 kB
Cached:          7128600 kB
SwapCached:            0 kB
Active:          2326040 kB
Inactive:        6107412 kB
Active(anon):    1009328 kB
Inactive(anon):   344148 kB
Active(file):    1316712 kB
Inactive(file):  5763264 kB
Unevictable:        5592 kB
Mlocked:            5592 kB
SwapTotal:       3145724 kB
SwapFree:        3145724 kB
Dirty:               532 kB
Writeback:             0 kB
AnonPages:       1302260 kB
Mapped:           688440 kB
Shmem:             52488 kB
KReclaimable:     875600 kB
Slab:             245696 kB
SReclaimable:      97852 kB
SUnreclaim:       147844 kB
KernelStack:       47280 kB
PageTables:        64392 kB
NFS_Unstable:          0 kB
Bounce:                0 kB
WritebackTmp:          0 kB
CommitLimit:     9202292 kB
Committed_AS:   67551132 kB
VmallocTotal:   263061440 kB
VmallocUsed:      104232 kB
VmallocChunk:          0 kB
Percpu:             7680 kB
CmaTotal:         294912 kB
CmaFree:               0 kB
MemTotal:       12113136 kB
MemFree:          800448 kB
MemAvailable:    7870976 kB
Buffers:            8408 kB
Cached:          7128880 kB
SwapCached:            0 kB
Active:          2327292 kB
Inactive:        6107692 kB
Active(anon):    1010580 kB
Inactive(anon):   344404 kB
Active(file):    1316712 kB
Inactive(file):  5763288 kB
Unevictable:        5592 kB
Mlocked:            5592 kB
SwapTotal:       3145724 kB
SwapFree:        3145724 kB
Dirty:               576 kB
Writeback:             0 kB
AnonPages:       1303268 kB
Mapped:           688644 kB
Shmem:             52744 kB
KReclaimable:     875616 kB
Slab:             245720 kB
SReclaimable:      97868 kB
SUnreclaim:       147852 kB
KernelStack:       47248 kB
PageTables:        64388 kB
NFS_Unstable:          0 kB
Bounce:                0 kB
WritebackTmp:          0 kB
CommitLimit:     9202292 kB
Committed_AS:   67545656 kB
VmallocTotal:   263061440 kB
VmallocUsed:      104168 kB
VmallocChunk:          0 kB
Percpu:             7680 kB
CmaTotal:         294912 kB
CmaFree:               0 kB
MemTotal:       12113136 kB
MemFree:          801372 kB
MemAvailable:    7871912 kB
Buffers:            8408 kB
Cached:          7129148 kB
SwapCached:            0 kB
Active:          2326000 kB
Inactive:        6107960 kB
Active(anon):    1009288 kB
Inactive(anon):   344660 kB
Active(file):    1316712 kB
Inactive(file):  5763300 kB
Unevictable:        5592 kB
Mlocked:            5592 kB
SwapTotal:       3145724 kB
SwapFree:        3145724 kB
Dirty:               608 kB
Writeback:             0 kB
AnonPages:       1302108 kB
Mapped:           688384 kB
Shmem:             53000 kB
KReclaimable:     875616 kB
Slab:             245728 kB
SReclaimable:      97868 kB
SUnreclaim:       147860 kB
KernelStack:       47232 kB
PageTables:        64308 kB
NFS_Unstable:          0 kB
Bounce:                0 kB
WritebackTmp:          0 kB
CommitLimit:     9202292 kB
Committed_AS:   67546156 kB
VmallocTotal:   263061440 kB
VmallocUsed:      104216 kB
VmallocChunk:          0 kB
Percpu:             7680 kB
CmaTotal:         294912 kB
CmaFree:               0 kB
MemTotal:       12113136 kB
MemFree:          800452 kB
MemAvailable:    7870996 kB
Buffers:            8408 kB
Cached:          7129424 kB
SwapCached:            0 kB
Active:          2327504 kB
Inactive:        6108236 kB
Active(anon):    1010792 kB
Inactive(anon):   344916 kB
Active(file):    1316712 kB
Inactive(file):  5763320 kB
Unevictable:        5592 kB
Mlocked:            5592 kB
SwapTotal:       3145724 kB
SwapFree:        3145724 kB
Dirty:               656 kB
Writeback:             0 kB
AnonPages:       1303476 kB
Mapped:           688644 kB
Shmem:             53256 kB
KReclaimable:     875600 kB
Slab:             245728 kB
SReclaimable:      97852 kB
SUnreclaim:       147876 kB
KernelStack:       47232 kB
PageTables:        64308 kB
NFS_Unstable:          0 kB
Bounce:                0 kB
WritebackTmp:          0 kB
CommitLimit:     9202292 kB
Committed_AS:   67545840 kB
VmallocTotal:   263061440 kB
VmallocUsed:      104248 kB
VmallocChunk:          0 kB
Percpu:             7680 kB
CmaTotal:         294912 kB
CmaFree:               0 kB
MemTotal:       12113136 kB
MemFree:          798428 kB
MemAvailable:    7869012 kB
Buffers:            8408 kB
Cached:          7129704 kB
SwapCached:            0 kB
Active:          2328632 kB
Inactive:        6108516 kB
Active(anon):    1011920 kB
Inactive(anon):   345172 kB
Active(file):    1316712 kB
Inactive(file):  5763344 kB
Unevictable:        5592 kB
Mlocked:            5592 kB
SwapTotal:       3145724 kB
SwapFree:        3145724 kB
Dirty:               700 kB
Writeback:             0 kB
AnonPages:       1304900 kB
Mapped:           688652 kB
Shmem:             53512 kB
KReclaimable:     875616 kB
Slab:             245768 kB
SReclaimable:      97868 kB
SUnreclaim:       147900 kB
KernelStack:       47248 kB
PageTables:        64284 kB
NFS_Unstable:          0 kB
Bounce:                0 kB
WritebackTmp:          0 kB
CommitLimit:     9202292 kB
Committed_AS:   67545984 kB
VmallocTotal:   263061440 kB
VmallocUsed:      104264 kB
VmallocChunk:          0 kB
Percpu:             7680 kB
CmaTotal:         294912 kB
CmaFree:               0 kB
MemTotal:       12113136 kB
MemFree:          796724 kB
MemAvailable:    7867328 kB
Buffers:            8408 kB
Cached:          7129980 kB
SwapCached:            0 kB
Active:          2329756 kB
Inactive:        6108792 kB
Active(anon):    1013044 kB
Inactive(anon):   345428 kB
Active(file):    1316712 kB
Inactive(file):  5763364 kB
Unevictable:        5592 kB
Mlocked:            5592 kB
SwapTotal:       3145724 kB
SwapFree:        3145724 kB
Dirty:               740 kB
Writeback:             0 kB
AnonPages:       1305736 kB
Mapped:           688652 kB
Shmem:             53768 kB
KReclaimable:     875616 kB
Slab:             245768 kB
SReclaimable:      97868 kB
SUnreclaim:       147900 kB
KernelStack:       47248 kB
PageTables:        64440 kB
NFS_Unstable:          0 kB
Bounce:                0 kB
WritebackTmp:          0 kB
CommitLimit:     9202292 kB
Committed_AS:   67543344 kB
VmallocTotal:   263061440 kB
VmallocUsed:      104232 kB
