MemTotal:       12113144 kB
MemFree:         6693256 kB
MemAvailable:    8076776 kB
Buffers:            5512 kB
Cached:          1626236 kB
SwapCached:            0 kB
Active:          1485436 kB
Inactive:        1349224 kB
Active(anon):    1209952 kB
Inactive(anon):    21364 kB
Active(file):     275484 kB
Inactive(file):  1327860 kB
Unevictable:        5864 kB
Mlocked:            5864 kB
SwapTotal:       3145724 kB
SwapFree:        3145724 kB
Dirty:               168 kB
Writeback:             0 kB
AnonPages:       1208772 kB
Mapped:           820900 kB
Shmem:             23572 kB
KReclaimable:     648880 kB
Slab:             205792 kB
SReclaimable:      67340 kB
SUnreclaim:       138452 kB
KernelStack:       44672 kB
PageTables:        59684 kB
NFS_Unstable:          0 kB
Bounce:                0 kB
WritebackTmp:          0 kB
CommitLimit:     9202296 kB
Committed_AS:   63012616 kB
VmallocTotal:   263061440 kB
VmallocUsed:      101648 kB
VmallocChunk:          0 kB
Percpu:             7616 kB
CmaTotal:         294912 kB
CmaFree:               0 kB
MemTotal:       12113144 kB
MemFree:         6691344 kB
MemAvailable:    8074864 kB
Buffers:            5512 kB
Cached:          1626236 kB
SwapCached:            0 kB
Active:          1487332 kB
Inactive:        1349220 kB
Active(anon):    1211844 kB
Inactive(anon):    21364 kB
Active(file):     275488 kB
Inactive(file):  1327856 kB
Unevictable:        5864 kB
Mlocked:            5864 kB
SwapTotal:       3145724 kB
SwapFree:        3145724 kB
Dirty:               220 kB
Writeback:             0 kB
AnonPages:       1210668 kB
Mapped:           818768 kB
Shmem:             23572 kB
KReclaimable:     648880 kB
Slab:             205768 kB
SReclaimable:      67340 kB
SUnreclaim:       138428 kB
KernelStack:       44640 kB
PageTables:        59636 kB
NFS_Unstable:          0 kB
Bounce:                0 kB
WritebackTmp:          0 kB
CommitLimit:     9202296 kB
Committed_AS:   63006460 kB
VmallocTotal:   263061440 kB
VmallocUsed:      101712 kB
VmallocChunk:          0 kB
Percpu:             7616 kB
CmaTotal:         294912 kB
CmaFree:               0 kB
MemTotal:       12113144 kB
MemFree:         6691024 kB
MemAvailable:    8074552 kB
Buffers:            5512 kB
Cached:          1626244 kB
SwapCached:            0 kB
Active:          1487472 kB
Inactive:        1349228 kB
Active(anon):    1211984 kB
Inactive(anon):    21364 kB
Active(file):     275488 kB
Inactive(file):  1327864 kB
Unevictable:        5864 kB
Mlocked:            5864 kB
SwapTotal:       3145724 kB
SwapFree:        3145724 kB
Dirty:               252 kB
Writeback:             0 kB
AnonPages:       1210964 kB
Mapped:           818784 kB
Shmem:             23572 kB
KReclaimable:     648880 kB
Slab:             205760 kB
SReclaimable:      67340 kB
SUnreclaim:       138420 kB
KernelStack:       44672 kB
PageTables:        59672 kB
NFS_Unstable:          0 kB
Bounce:                0 kB
WritebackTmp:          0 kB
CommitLimit:     9202296 kB
Committed_AS:   63010224 kB
VmallocTotal:   263061440 kB
VmallocUsed:      101680 kB
VmallocChunk:          0 kB
Percpu:             7616 kB
CmaTotal:         294912 kB
CmaFree:               0 kB
MemTotal:       12113144 kB
MemFree:         6690672 kB
MemAvailable:    8074200 kB
Buffers:            5512 kB
Cached:          1626244 kB
SwapCached:            0 kB
Active:          1488220 kB
Inactive:        1349228 kB
Active(anon):    1212732 kB
Inactive(anon):    21364 kB
Active(file):     275488 kB
Inactive(file):  1327864 kB
Unevictable:        5864 kB
Mlocked:            5864 kB
SwapTotal:       3145724 kB
SwapFree:        3145724 kB
Dirty:               256 kB
Writeback:             0 kB
AnonPages:       1211708 kB
Mapped:           818580 kB
Shmem:             23572 kB
KReclaimable:     648880 kB
Slab:             205796 kB
SReclaimable:      67340 kB
SUnreclaim:       138456 kB
KernelStack:       44656 kB
PageTables:        59644 kB
NFS_Unstable:          0 kB
Bounce:                0 kB
WritebackTmp:          0 kB
CommitLimit:     9202296 kB
Committed_AS:   63015628 kB
VmallocTotal:   263061440 kB
VmallocUsed:      101712 kB
VmallocChunk:          0 kB
Percpu:             7616 kB
CmaTotal:         294912 kB
CmaFree:               0 kB
MemTotal:       12113144 kB
MemFree:         6690632 kB
MemAvailable:    8074160 kB
Buffers:            5512 kB
Cached:          1626244 kB
SwapCached:            0 kB
Active:          1488600 kB
Inactive:        1349228 kB
Active(anon):    1213112 kB
Inactive(anon):    21364 kB
Active(file):     275488 kB
Inactive(file):  1327864 kB
Unevictable:        5864 kB
Mlocked:            5864 kB
SwapTotal:       3145724 kB
SwapFree:        3145724 kB
Dirty:               256 kB
Writeback:             0 kB
AnonPages:       1212080 kB
Mapped:           818880 kB
Shmem:             23572 kB
KReclaimable:     648880 kB
Slab:             205780 kB
SReclaimable:      67340 kB
SUnreclaim:       138440 kB
KernelStack:       44656 kB
PageTables:        59648 kB
NFS_Unstable:          0 kB
Bounce:                0 kB
WritebackTmp:          0 kB
CommitLimit:     9202296 kB
Committed_AS:   63015636 kB
VmallocTotal:   263061440 kB
VmallocUsed:      101680 kB
VmallocChunk:          0 kB
Percpu:             7616 kB
CmaTotal:         294912 kB
CmaFree:               0 kB
MemTotal:       12113144 kB
MemFree:         6690020 kB
MemAvailable:    8073548 kB
Buffers:            5512 kB
Cached:          1626244 kB
SwapCached:            0 kB
Active:          1489120 kB
Inactive:        1349228 kB
Active(anon):    1213632 kB
Inactive(anon):    21364 kB
Active(file):     275488 kB
Inactive(file):  1327864 kB
Unevictable:        5864 kB
Mlocked:            5864 kB
SwapTotal:       3145724 kB
SwapFree:        3145724 kB
Dirty:               260 kB
Writeback:             0 kB
AnonPages:       1212512 kB
Mapped:           818816 kB
Shmem:             23572 kB
KReclaimable:     648880 kB
Slab:             205788 kB
SReclaimable:      67340 kB
SUnreclaim:       138448 kB
KernelStack:       44656 kB
PageTables:        59668 kB
NFS_Unstable:          0 kB
Bounce:                0 kB
WritebackTmp:          0 kB
CommitLimit:     9202296 kB
Committed_AS:   63009264 kB
VmallocTotal:   263061440 kB
VmallocUsed:      101696 kB
VmallocChunk:          0 kB
Percpu:             7616 kB
CmaTotal:         294912 kB
CmaFree:               0 kB
MemTotal:       12113144 kB
MemFree:         6689704 kB
MemAvailable:    8073228 kB
Buffers:            5512 kB
Cached:          1626240 kB
SwapCached:            0 kB
Active:          1489400 kB
Inactive:        1349224 kB
Active(anon):    1213912 kB
Inactive(anon):    21364 kB
Active(file):     275488 kB
Inactive(file):  1327860 kB
Unevictable:        5864 kB
Mlocked:            5864 kB
SwapTotal:       3145724 kB
SwapFree:        3145724 kB
Dirty:               264 kB
Writeback:             0 kB
AnonPages:       1212972 kB
Mapped:           818880 kB
Shmem:             23572 kB
KReclaimable:     648880 kB
Slab:             205788 kB
SReclaimable:      67340 kB
SUnreclaim:       138448 kB
KernelStack:       44656 kB
PageTables:        59648 kB
NFS_Unstable:          0 kB
Bounce:                0 kB
WritebackTmp:          0 kB
CommitLimit:     9202296 kB
Committed_AS:   63015116 kB
VmallocTotal:   263061440 kB
VmallocUsed:      101696 kB
VmallocChunk:          0 kB
Percpu:             7616 kB
CmaTotal:         294912 kB
CmaFree:               0 kB
MemTotal:       12113144 kB
MemFree:         6689208 kB
MemAvailable:    8072732 kB
Buffers:            5512 kB
Cached:          1626240 kB
SwapCached:            0 kB
Active:          1490104 kB
Inactive:        1349224 kB
Active(anon):    1214616 kB
Inactive(anon):    21364 kB
Active(file):     275488 kB
Inactive(file):  1327860 kB
Unevictable:        5864 kB
Mlocked:            5864 kB
SwapTotal:       3145724 kB
SwapFree:        3145724 kB
Dirty:               264 kB
Writeback:             0 kB
AnonPages:       1213128 kB
Mapped:           818720 kB
Shmem:             23572 kB
KReclaimable:     648880 kB
Slab:             205780 kB
SReclaimable:      67340 kB
SUnreclaim:       138440 kB
KernelStack:       44736 kB
PageTables:        59876 kB
NFS_Unstable:          0 kB
Bounce:                0 kB
WritebackTmp:          0 kB
CommitLimit:     9202296 kB
Committed_AS:   63014496 kB
VmallocTotal:   263061440 kB
VmallocUsed:      101712 kB
VmallocChunk:          0 kB
Percpu:             7616 kB
CmaTotal:         294912 kB
CmaFree:               0 kB
MemTotal:       12113144 kB
MemFree:         6688560 kB
MemAvailable:    8072092 kB
Buffers:            5512 kB
Cached:          1626248 kB
SwapCached:            0 kB
Active:          1489972 kB
Inactive:        1349228 kB
Active(anon):    1214480 kB
Inactive(anon):    21364 kB
Active(file):     275492 kB
Inactive(file):  1327864 kB
Unevictable:        5864 kB
Mlocked:            5864 kB
SwapTotal:       3145724 kB
SwapFree:        3145724 kB
Dirty:               280 kB
Writeback:             0 kB
AnonPages:       1213512 kB
Mapped:           818620 kB
Shmem:             23572 kB
KReclaimable:     648880 kB
Slab:             205788 kB
SReclaimable:      67340 kB
SUnreclaim:       138448 kB
KernelStack:       44656 kB
PageTables:        59648 kB
NFS_Unstable:          0 kB
Bounce:                0 kB
WritebackTmp:          0 kB
CommitLimit:     9202296 kB
Committed_AS:   63014196 kB
VmallocTotal:   263061440 kB
VmallocUsed:      101664 kB
VmallocChunk:          0 kB
Percpu:             7616 kB
CmaTotal:         294912 kB
CmaFree:               0 kB
MemTotal:       12113144 kB
MemFree:         6688304 kB
MemAvailable:    8071848 kB
Buffers:            5520 kB
Cached:          1626252 kB
SwapCached:            0 kB
Active:          1490324 kB
Inactive:        1349236 kB
Active(anon):    1214828 kB
Inactive(anon):    21364 kB
Active(file):     275496 kB
Inactive(file):  1327872 kB
Unevictable:        5864 kB
Mlocked:            5864 kB
SwapTotal:       3145724 kB
SwapFree:        3145724 kB
Dirty:               268 kB
Writeback:             0 kB
AnonPages:       1213632 kB
Mapped:           818796 kB
Shmem:             23572 kB
KReclaimable:     648880 kB
Slab:             205788 kB
SReclaimable:      67340 kB
SUnreclaim:       138448 kB
KernelStack:       44720 kB
PageTables:        59860 kB
NFS_Unstable:          0 kB
Bounce:                0 kB
WritebackTmp:          0 kB
CommitLimit:     9202296 kB
Committed_AS:   63017260 kB
VmallocTotal:   263061440 kB
VmallocUsed:      101664 kB
VmallocChunk:          0 kB
Percpu:             7616 kB
CmaTotal:         294912 kB
CmaFree:               0 kB
MemTotal:       12113144 kB
MemFree:         6687668 kB
MemAvailable:    8071212 kB
Buffers:            5520 kB
Cached:          1626252 kB
SwapCached:            0 kB
Active:          1490728 kB
Inactive:        1349236 kB
Active(anon):    1215232 kB
Inactive(anon):    21364 kB
Active(file):     275496 kB
Inactive(file):  1327872 kB
Unevictable:        5864 kB
Mlocked:            5864 kB
SwapTotal:       3145724 kB
SwapFree:        3145724 kB
Dirty:               268 kB
Writeback:             0 kB
AnonPages:       1214136 kB
Mapped:           818804 kB
Shmem:             23572 kB
KReclaimable:     648880 kB
Slab:             205788 kB
SReclaimable:      67340 kB
SUnreclaim:       138448 kB
KernelStack:       44640 kB
PageTables:        59664 kB
NFS_Unstable:          0 kB
Bounce:                0 kB
WritebackTmp:          0 kB
CommitLimit:     9202296 kB
Committed_AS:   63014640 kB
VmallocTotal:   263061440 kB
VmallocUsed:      101680 kB
VmallocChunk:          0 kB
Percpu:             7616 kB
CmaTotal:         294912 kB
CmaFree:               0 kB
MemTotal:       12113144 kB
MemFree:         6687648 kB
MemAvailable:    8071192 kB
Buffers:            5520 kB
Cached:          1626260 kB
SwapCached:            0 kB
Active:          1491152 kB
Inactive:        1349244 kB
Active(anon):    1215656 kB
Inactive(anon):    21372 kB
Active(file):     275496 kB
Inactive(file):  1327872 kB
Unevictable:        5864 kB
Mlocked:            5864 kB
SwapTotal:       3145724 kB
SwapFree:        3145724 kB
Dirty:               272 kB
Writeback:             0 kB
AnonPages:       1214676 kB
Mapped:           818888 kB
Shmem:             23580 kB
KReclaimable:     648880 kB
Slab:             205780 kB
SReclaimable:      67340 kB
SUnreclaim:       138440 kB
KernelStack:       44688 kB
PageTables:        59648 kB
NFS_Unstable:          0 kB
Bounce:                0 kB
WritebackTmp:          0 kB
CommitLimit:     9202296 kB
Committed_AS:   63027564 kB
VmallocTotal:   263061440 kB
VmallocUsed:      101696 kB
VmallocChunk:          0 kB
Percpu:             7616 kB
CmaTotal:         294912 kB
CmaFree:               0 kB
MemTotal:       12113144 kB
MemFree:         6686844 kB
MemAvailable:    8070388 kB
Buffers:            5520 kB
Cached:          1626260 kB
SwapCached:            0 kB
Active:          1491440 kB
Inactive:        1349244 kB
Active(anon):    1215944 kB
Inactive(anon):    21372 kB
Active(file):     275496 kB
Inactive(file):  1327872 kB
Unevictable:        5864 kB
Mlocked:            5864 kB
SwapTotal:       3145724 kB
SwapFree:        3145724 kB
Dirty:               276 kB
Writeback:             0 kB
AnonPages:       1214664 kB
Mapped:           818696 kB
Shmem:             23580 kB
KReclaimable:     648880 kB
Slab:             205788 kB
SReclaimable:      67340 kB
SUnreclaim:       138448 kB
KernelStack:       44704 kB
PageTables:        59700 kB
NFS_Unstable:          0 kB
Bounce:                0 kB
WritebackTmp:          0 kB
CommitLimit:     9202296 kB
Committed_AS:   63026552 kB
VmallocTotal:   263061440 kB
VmallocUsed:      101712 kB
VmallocChunk:          0 kB
Percpu:             7616 kB
CmaTotal:         294912 kB
CmaFree:               0 kB
MemTotal:       12113144 kB
MemFree:         6686344 kB
MemAvailable:    8069888 kB
Buffers:            5520 kB
Cached:          1626260 kB
SwapCached:            0 kB
Active:          1491816 kB
Inactive:        1349244 kB
Active(anon):    1216320 kB
Inactive(anon):    21372 kB
Active(file):     275496 kB
Inactive(file):  1327872 kB
Unevictable:        5864 kB
Mlocked:            5864 kB
SwapTotal:       3145724 kB
SwapFree:        3145724 kB
Dirty:               276 kB
Writeback:             0 kB
AnonPages:       1215332 kB
Mapped:           818628 kB
Shmem:             23580 kB
KReclaimable:     648880 kB
Slab:             205788 kB
SReclaimable:      67340 kB
SUnreclaim:       138448 kB
KernelStack:       44704 kB
PageTables:        59780 kB
NFS_Unstable:          0 kB
Bounce:                0 kB
WritebackTmp:          0 kB
CommitLimit:     9202296 kB
Committed_AS:   63026736 kB
VmallocTotal:   263061440 kB
VmallocUsed:      101664 kB
VmallocChunk:          0 kB
Percpu:             7616 kB
CmaTotal:         294912 kB
CmaFree:               0 kB
MemTotal:       12113144 kB
MemFree:         6686120 kB
MemAvailable:    8069664 kB
Buffers:            5520 kB
Cached:          1626260 kB
SwapCached:            0 kB
Active:          1492024 kB
Inactive:        1349244 kB
Active(anon):    1216528 kB
Inactive(anon):    21372 kB
Active(file):     275496 kB
Inactive(file):  1327872 kB
Unevictable:        5864 kB
Mlocked:            5864 kB
SwapTotal:       3145724 kB
SwapFree:        3145724 kB
Dirty:               276 kB
Writeback:             0 kB
AnonPages:       1215544 kB
Mapped:           818644 kB
Shmem:             23580 kB
KReclaimable:     648880 kB
Slab:             205788 kB
SReclaimable:      67340 kB
SUnreclaim:       138448 kB
KernelStack:       44688 kB
PageTables:        59728 kB
NFS_Unstable:          0 kB
Bounce:                0 kB
WritebackTmp:          0 kB
CommitLimit:     9202296 kB
Committed_AS:   63017288 kB
VmallocTotal:   263061440 kB
VmallocUsed:      101712 kB
VmallocChunk:          0 kB
Percpu:             7616 kB
CmaTotal:         294912 kB
CmaFree:               0 kB
MemTotal:       12113144 kB
MemFree:         6684992 kB
MemAvailable:    8068536 kB
Buffers:            5520 kB
Cached:          1626260 kB
SwapCached:            0 kB
Active:          1492372 kB
Inactive:        1349244 kB
Active(anon):    1216876 kB
Inactive(anon):    21372 kB
Active(file):     275496 kB
Inactive(file):  1327872 kB
Unevictable:        5864 kB
Mlocked:            5864 kB
SwapTotal:       3145724 kB
SwapFree:        3145724 kB
Dirty:               276 kB
Writeback:             0 kB
AnonPages:       1216028 kB
Mapped:           818888 kB
Shmem:             23580 kB
KReclaimable:     648880 kB
Slab:             205780 kB
SReclaimable:      67340 kB
SUnreclaim:       138440 kB
KernelStack:       44688 kB
PageTables:        59652 kB
NFS_Unstable:          0 kB
Bounce:                0 kB
WritebackTmp:          0 kB
CommitLimit:     9202296 kB
Committed_AS:   63020756 kB
VmallocTotal:   263061440 kB
VmallocUsed:      101744 kB
VmallocChunk:          0 kB
Percpu:             7616 kB
CmaTotal:         294912 kB
CmaFree:               0 kB
MemTotal:       12113144 kB
MemFree:         6685308 kB
MemAvailable:    8068852 kB
Buffers:            5520 kB
Cached:          1626260 kB
SwapCached:            0 kB
Active:          1492800 kB
Inactive:        1349244 kB
Active(anon):    1217304 kB
Inactive(anon):    21372 kB
Active(file):     275496 kB
Inactive(file):  1327872 kB
Unevictable:        5864 kB
Mlocked:            5864 kB
SwapTotal:       3145724 kB
SwapFree:        3145724 kB
Dirty:               276 kB
Writeback:             0 kB
AnonPages:       1216280 kB
Mapped:           818808 kB
Shmem:             23580 kB
KReclaimable:     648880 kB
Slab:             205780 kB
SReclaimable:      67340 kB
SUnreclaim:       138440 kB
KernelStack:       44704 kB
PageTables:        59680 kB
NFS_Unstable:          0 kB
Bounce:                0 kB
WritebackTmp:          0 kB
CommitLimit:     9202296 kB
Committed_AS:   63019596 kB
VmallocTotal:   263061440 kB
VmallocUsed:      101728 kB
VmallocChunk:          0 kB
Percpu:             7616 kB
CmaTotal:         294912 kB
CmaFree:               0 kB
MemTotal:       12113144 kB
MemFree:         6685936 kB
MemAvailable:    8069480 kB
Buffers:            5520 kB
Cached:          1626260 kB
SwapCached:            0 kB
Active:          1493520 kB
Inactive:        1349244 kB
Active(anon):    1218024 kB
Inactive(anon):    21372 kB
Active(file):     275496 kB
Inactive(file):  1327872 kB
Unevictable:        5864 kB
Mlocked:            5864 kB
SwapTotal:       3145724 kB
SwapFree:        3145724 kB
Dirty:               280 kB
Writeback:             0 kB
AnonPages:       1217160 kB
Mapped:           818888 kB
Shmem:             23580 kB
KReclaimable:     648880 kB
Slab:             205780 kB
SReclaimable:      67340 kB
SUnreclaim:       138440 kB
KernelStack:       44704 kB
PageTables:        59776 kB
NFS_Unstable:          0 kB
Bounce:                0 kB
WritebackTmp:          0 kB
CommitLimit:     9202296 kB
Committed_AS:   63012028 kB
VmallocTotal:   263061440 kB
VmallocUsed:      101680 kB
VmallocChunk:          0 kB
Percpu:             7616 kB
CmaTotal:         294912 kB
CmaFree:               0 kB
MemTotal:       12113144 kB
MemFree:         6684564 kB
MemAvailable:    8068116 kB
Buffers:            5520 kB
Cached:          1626268 kB
SwapCached:            0 kB
Active:          1493244 kB
Inactive:        1349252 kB
Active(anon):    1217748 kB
Inactive(anon):    21372 kB
Active(file):     275496 kB
Inactive(file):  1327880 kB
Unevictable:        5864 kB
Mlocked:            5864 kB
SwapTotal:       3145724 kB
SwapFree:        3145724 kB
Dirty:               296 kB
Writeback:             0 kB
AnonPages:       1216620 kB
Mapped:           818888 kB
Shmem:             23580 kB
KReclaimable:     648880 kB
Slab:             205788 kB
SReclaimable:      67340 kB
SUnreclaim:       138448 kB
KernelStack:       44704 kB
PageTables:        59784 kB
NFS_Unstable:          0 kB
Bounce:                0 kB
WritebackTmp:          0 kB
CommitLimit:     9202296 kB
Committed_AS:   63011612 kB
VmallocTotal:   263061440 kB
VmallocUsed:      101712 kB
VmallocChunk:          0 kB
Percpu:             7616 kB
CmaTotal:         294912 kB
CmaFree:               0 kB
MemTotal:       12113144 kB
MemFree:         6684240 kB
MemAvailable:    8067792 kB
Buffers:            5520 kB
Cached:          1626268 kB
SwapCached:            0 kB
Active:          1493768 kB
Inactive:        1349252 kB
Active(anon):    1218272 kB
Inactive(anon):    21372 kB
Active(file):     275496 kB
Inactive(file):  1327880 kB
Unevictable:        5864 kB
Mlocked:            5864 kB
SwapTotal:       3145724 kB
SwapFree:        3145724 kB
Dirty:               188 kB
Writeback:             0 kB
AnonPages:       1217320 kB
Mapped:           818888 kB
Shmem:             23580 kB
KReclaimable:     648880 kB
Slab:             205788 kB
SReclaimable:      67340 kB
SUnreclaim:       138448 kB
KernelStack:       44704 kB
PageTables:        59648 kB
NFS_Unstable:          0 kB
Bounce:                0 kB
WritebackTmp:          0 kB
CommitLimit:     9202296 kB
Committed_AS:   63019880 kB
VmallocTotal:   263061440 kB
VmallocUsed:      101712 kB
VmallocChunk:          0 kB
Percpu:             7616 kB
CmaTotal:         294912 kB
CmaFree:               0 kB
MemTotal:       12113144 kB
MemFree:         6684364 kB
MemAvailable:    8067916 kB
Buffers:            5520 kB
Cached:          1626268 kB
SwapCached:            0 kB
Active:          1494008 kB
Inactive:        1349252 kB
Active(anon):    1218512 kB
Inactive(anon):    21372 kB
Active(file):     275496 kB
Inactive(file):  1327880 kB
Unevictable:        5864 kB
Mlocked:            5864 kB
SwapTotal:       3145724 kB
SwapFree:        3145724 kB
Dirty:               220 kB
Writeback:             0 kB
AnonPages:       1217224 kB
Mapped:           818872 kB
Shmem:             23580 kB
KReclaimable:     648880 kB
Slab:             205788 kB
SReclaimable:      67340 kB
SUnreclaim:       138448 kB
KernelStack:       44688 kB
PageTables:        59556 kB
NFS_Unstable:          0 kB
Bounce:                0 kB
WritebackTmp:          0 kB
CommitLimit:     9202296 kB
Committed_AS:   63015792 kB
VmallocTotal:   263061440 kB
VmallocUsed:      101712 kB
VmallocChunk:          0 kB
Percpu:             7616 kB
CmaTotal:         294912 kB
CmaFree:               0 kB
MemTotal:       12113144 kB
MemFree:         6682880 kB
MemAvailable:    8066436 kB
Buffers:            5520 kB
Cached:          1626272 kB
SwapCached:            0 kB
Active:          1493804 kB
Inactive:        1349256 kB
Active(anon):    1218308 kB
Inactive(anon):    21372 kB
Active(file):     275496 kB
Inactive(file):  1327884 kB
Unevictable:        5864 kB
Mlocked:            5864 kB
SwapTotal:       3145724 kB
SwapFree:        3145724 kB
Dirty:               228 kB
Writeback:             0 kB
AnonPages:       1217192 kB
Mapped:           818628 kB
Shmem:             23580 kB
KReclaimable:     648880 kB
Slab:             205788 kB
SReclaimable:      67340 kB
SUnreclaim:       138448 kB
KernelStack:       44672 kB
PageTables:        59652 kB
NFS_Unstable:          0 kB
Bounce:                0 kB
WritebackTmp:          0 kB
CommitLimit:     9202296 kB
Committed_AS:   63017580 kB
VmallocTotal:   263061440 kB
VmallocUsed:      101712 kB
VmallocChunk:          0 kB
Percpu:             7616 kB
CmaTotal:         294912 kB
CmaFree:               0 kB
MemTotal:       12113144 kB
MemFree:         6683564 kB
MemAvailable:    8067120 kB
Buffers:            5520 kB
Cached:          1626272 kB
SwapCached:            0 kB
Active:          1494204 kB
Inactive:        1349256 kB
Active(anon):    1218708 kB
Inactive(anon):    21372 kB
Active(file):     275496 kB
Inactive(file):  1327884 kB
Unevictable:        5864 kB
Mlocked:            5864 kB
SwapTotal:       3145724 kB
SwapFree:        3145724 kB
Dirty:               228 kB
Writeback:             0 kB
AnonPages:       1217324 kB
Mapped:           818368 kB
Shmem:             23580 kB
KReclaimable:     648880 kB
Slab:             205788 kB
SReclaimable:      67340 kB
SUnreclaim:       138448 kB
KernelStack:       44704 kB
PageTables:        59800 kB
NFS_Unstable:          0 kB
Bounce:                0 kB
WritebackTmp:          0 kB
CommitLimit:     9202296 kB
Committed_AS:   63030012 kB
VmallocTotal:   263061440 kB
VmallocUsed:      101696 kB
VmallocChunk:          0 kB
Percpu:             7616 kB
CmaTotal:         294912 kB
CmaFree:               0 kB
MemTotal:       12113144 kB
MemFree:         6683084 kB
MemAvailable:    8066640 kB
Buffers:            5520 kB
Cached:          1626272 kB
SwapCached:            0 kB
Active:          1494680 kB
Inactive:        1349256 kB
Active(anon):    1219184 kB
Inactive(anon):    21372 kB
Active(file):     275496 kB
Inactive(file):  1327884 kB
Unevictable:        5864 kB
Mlocked:            5864 kB
SwapTotal:       3145724 kB
SwapFree:        3145724 kB
Dirty:               228 kB
Writeback:             0 kB
AnonPages:       1218184 kB
Mapped:           818692 kB
Shmem:             23580 kB
KReclaimable:     648880 kB
Slab:             205788 kB
SReclaimable:      67340 kB
SUnreclaim:       138448 kB
KernelStack:       44640 kB
PageTables:        59648 kB
NFS_Unstable:          0 kB
Bounce:                0 kB
WritebackTmp:          0 kB
CommitLimit:     9202296 kB
Committed_AS:   63023952 kB
VmallocTotal:   263061440 kB
VmallocUsed:      101648 kB
VmallocChunk:          0 kB
Percpu:             7616 kB
CmaTotal:         294912 kB
CmaFree:               0 kB
MemTotal:       12113144 kB
MemFree:         6683048 kB
MemAvailable:    8066408 kB
Buffers:            5524 kB
Cached:          1626276 kB
SwapCached:            0 kB
Active:          1495560 kB
Inactive:        1349264 kB
Active(anon):    1220064 kB
Inactive(anon):    21372 kB
Active(file):     275496 kB
Inactive(file):  1327892 kB
Unevictable:        5864 kB
Mlocked:            5864 kB
SwapTotal:       3145724 kB
SwapFree:        3145724 kB
Dirty:               216 kB
Writeback:             0 kB
AnonPages:       1219044 kB
Mapped:           818424 kB
Shmem:             23580 kB
KReclaimable:     648676 kB
Slab:             205784 kB
SReclaimable:      67340 kB
SUnreclaim:       138444 kB
KernelStack:       44672 kB
PageTables:        59608 kB
NFS_Unstable:          0 kB
Bounce:                0 kB
WritebackTmp:          0 kB
CommitLimit:     9202296 kB
Committed_AS:   63021240 kB
VmallocTotal:   263061440 kB
VmallocUsed:      101680 kB
VmallocChunk:          0 kB
Percpu:             7616 kB
CmaTotal:         294912 kB
CmaFree:               0 kB
MemTotal:       12113144 kB
MemFree:         6681924 kB
MemAvailable:    8065280 kB
Buffers:            5524 kB
Cached:          1626272 kB
SwapCached:            0 kB
Active:          1495600 kB
Inactive:        1349264 kB
Active(anon):    1220108 kB
Inactive(anon):    21372 kB
Active(file):     275492 kB
Inactive(file):  1327892 kB
Unevictable:        5864 kB
Mlocked:            5864 kB
SwapTotal:       3145724 kB
SwapFree:        3145724 kB
Dirty:               180 kB
Writeback:             0 kB
AnonPages:       1219200 kB
Mapped:           818628 kB
Shmem:             23580 kB
KReclaimable:     648676 kB
Slab:             205776 kB
SReclaimable:      67340 kB
SUnreclaim:       138436 kB
KernelStack:       44672 kB
PageTables:        59644 kB
NFS_Unstable:          0 kB
Bounce:                0 kB
WritebackTmp:          0 kB
CommitLimit:     9202296 kB
Committed_AS:   63022580 kB
VmallocTotal:   263061440 kB
VmallocUsed:      101696 kB
VmallocChunk:          0 kB
Percpu:             7616 kB
CmaTotal:         294912 kB
CmaFree:               0 kB
MemTotal:       12113144 kB
MemFree:         6688792 kB
MemAvailable:    8072148 kB
Buffers:            5524 kB
Cached:          1626144 kB
SwapCached:            0 kB
Active:          1488584 kB
Inactive:        1349136 kB
Active(anon):    1213092 kB
Inactive(anon):    21244 kB
Active(file):     275492 kB
Inactive(file):  1327892 kB
Unevictable:        5864 kB
Mlocked:            5864 kB
SwapTotal:       3145724 kB
SwapFree:        3145724 kB
Dirty:               180 kB
Writeback:             0 kB
AnonPages:       1212016 kB
Mapped:           818692 kB
Shmem:             23452 kB
KReclaimable:     648676 kB
Slab:             205776 kB
SReclaimable:      67340 kB
SUnreclaim:       138436 kB
KernelStack:       44720 kB
PageTables:        59528 kB
NFS_Unstable:          0 kB
Bounce:                0 kB
WritebackTmp:          0 kB
CommitLimit:     9202296 kB
Committed_AS:   63025848 kB
VmallocTotal:   263061440 kB
VmallocUsed:      101712 kB
VmallocChunk:          0 kB
Percpu:             7616 kB
CmaTotal:         294912 kB
CmaFree:               0 kB
MemTotal:       12113144 kB
MemFree:         6689276 kB
MemAvailable:    8072632 kB
Buffers:            5524 kB
Cached:          1626144 kB
SwapCached:            0 kB
Active:          1488900 kB
Inactive:        1349136 kB
Active(anon):    1213408 kB
Inactive(anon):    21244 kB
Active(file):     275492 kB
Inactive(file):  1327892 kB
Unevictable:        5864 kB
Mlocked:            5864 kB
SwapTotal:       3145724 kB
SwapFree:        3145724 kB
Dirty:               180 kB
Writeback:             0 kB
AnonPages:       1212368 kB
Mapped:           818888 kB
Shmem:             23452 kB
KReclaimable:     648676 kB
Slab:             205784 kB
SReclaimable:      67340 kB
SUnreclaim:       138444 kB
KernelStack:       44672 kB
PageTables:        59644 kB
NFS_Unstable:          0 kB
Bounce:                0 kB
WritebackTmp:          0 kB
CommitLimit:     9202296 kB
Committed_AS:   63022072 kB
VmallocTotal:   263061440 kB
VmallocUsed:      101712 kB
VmallocChunk:          0 kB
Percpu:             7616 kB
CmaTotal:         294912 kB
CmaFree:               0 kB
MemTotal:       12113144 kB
MemFree:         6689160 kB
MemAvailable:    8072516 kB
Buffers:            5524 kB
Cached:          1626144 kB
SwapCached:            0 kB
Active:          1488608 kB
Inactive:        1349136 kB
Active(anon):    1213116 kB
Inactive(anon):    21244 kB
Active(file):     275492 kB
Inactive(file):  1327892 kB
Unevictable:        5864 kB
Mlocked:            5864 kB
SwapTotal:       3145724 kB
SwapFree:        3145724 kB
Dirty:               180 kB
Writeback:             0 kB
AnonPages:       1212236 kB
Mapped:           818628 kB
Shmem:             23452 kB
KReclaimable:     648676 kB
Slab:             205784 kB
SReclaimable:      67340 kB
SUnreclaim:       138444 kB
KernelStack:       44672 kB
PageTables:        59644 kB
NFS_Unstable:          0 kB
Bounce:                0 kB
WritebackTmp:          0 kB
CommitLimit:     9202296 kB
Committed_AS:   63014612 kB
VmallocTotal:   263061440 kB
VmallocUsed:      101696 kB
VmallocChunk:          0 kB
Percpu:             7616 kB
CmaTotal:         294912 kB
CmaFree:               0 kB
MemTotal:       12113144 kB
MemFree:         6690528 kB
MemAvailable:    8073884 kB
Buffers:            5524 kB
Cached:          1626144 kB
SwapCached:            0 kB
Active:          1489192 kB
Inactive:        1349136 kB
Active(anon):    1213700 kB
Inactive(anon):    21244 kB
Active(file):     275492 kB
Inactive(file):  1327892 kB
Unevictable:        5864 kB
Mlocked:            5864 kB
SwapTotal:       3145724 kB
SwapFree:        3145724 kB
Dirty:               196 kB
Writeback:             0 kB
AnonPages:       1212704 kB
Mapped:           818888 kB
Shmem:             23452 kB
KReclaimable:     648676 kB
Slab:             205784 kB
SReclaimable:      67340 kB
SUnreclaim:       138444 kB
KernelStack:       44688 kB
PageTables:        59652 kB
NFS_Unstable:          0 kB
Bounce:                0 kB
WritebackTmp:          0 kB
CommitLimit:     9202296 kB
Committed_AS:   63021396 kB
VmallocTotal:   263061440 kB
VmallocUsed:      101712 kB
VmallocChunk:          0 kB
Percpu:             7616 kB
CmaTotal:         294912 kB
CmaFree:               0 kB
MemTotal:       12113144 kB
MemFree:         6688816 kB
MemAvailable:    8072176 kB
Buffers:            5524 kB
Cached:          1626148 kB
SwapCached:            0 kB
Active:          1489788 kB
Inactive:        1349140 kB
Active(anon):    1214296 kB
Inactive(anon):    21244 kB
Active(file):     275492 kB
Inactive(file):  1327896 kB
Unevictable:        5864 kB
Mlocked:            5864 kB
SwapTotal:       3145724 kB
SwapFree:        3145724 kB
Dirty:               184 kB
Writeback:             0 kB
AnonPages:       1213312 kB
Mapped:           818628 kB
Shmem:             23452 kB
KReclaimable:     648676 kB
Slab:             205784 kB
SReclaimable:      67340 kB
SUnreclaim:       138444 kB
KernelStack:       44656 kB
PageTables:        59504 kB
NFS_Unstable:          0 kB
Bounce:                0 kB
WritebackTmp:          0 kB
CommitLimit:     9202296 kB
Committed_AS:   63016116 kB
VmallocTotal:   263061440 kB
VmallocUsed:      101680 kB
VmallocChunk:          0 kB
Percpu:             7616 kB
CmaTotal:         294912 kB
CmaFree:               0 kB
MemTotal:       12113144 kB
MemFree:         6688952 kB
MemAvailable:    8072312 kB
Buffers:            5524 kB
Cached:          1626148 kB
SwapCached:            0 kB
Active:          1489344 kB
Inactive:        1349140 kB
Active(anon):    1213852 kB
Inactive(anon):    21244 kB
Active(file):     275492 kB
Inactive(file):  1327896 kB
Unevictable:        5864 kB
Mlocked:            5864 kB
SwapTotal:       3145724 kB
SwapFree:        3145724 kB
Dirty:               216 kB
Writeback:             0 kB
AnonPages:       1212792 kB
Mapped:           818656 kB
Shmem:             23452 kB
KReclaimable:     648676 kB
Slab:             205784 kB
SReclaimable:      67340 kB
SUnreclaim:       138444 kB
KernelStack:       44704 kB
PageTables:        59664 kB
NFS_Unstable:          0 kB
Bounce:                0 kB
WritebackTmp:          0 kB
CommitLimit:     9202296 kB
Committed_AS:   63020944 kB
VmallocTotal:   263061440 kB
VmallocUsed:      101728 kB
VmallocChunk:          0 kB
Percpu:             7616 kB
CmaTotal:         294912 kB
CmaFree:               0 kB
MemTotal:       12113144 kB
MemFree:         6688560 kB
MemAvailable:    8071920 kB
Buffers:            5524 kB
Cached:          1626148 kB
SwapCached:            0 kB
Active:          1489580 kB
Inactive:        1349140 kB
Active(anon):    1214088 kB
Inactive(anon):    21244 kB
Active(file):     275492 kB
Inactive(file):  1327896 kB
Unevictable:        5864 kB
Mlocked:            5864 kB
SwapTotal:       3145724 kB
SwapFree:        3145724 kB
Dirty:               244 kB
Writeback:             0 kB
AnonPages:       1213296 kB
Mapped:           818644 kB
Shmem:             23452 kB
KReclaimable:     648676 kB
Slab:             205784 kB
SReclaimable:      67340 kB
SUnreclaim:       138444 kB
KernelStack:       44640 kB
PageTables:        59588 kB
NFS_Unstable:          0 kB
Bounce:                0 kB
WritebackTmp:          0 kB
CommitLimit:     9202296 kB
Committed_AS:   63019796 kB
VmallocTotal:   263061440 kB
VmallocUsed:      101712 kB
VmallocChunk:          0 kB
Percpu:             7616 kB
CmaTotal:         294912 kB
CmaFree:               0 kB
MemTotal:       12113144 kB
MemFree:         6688604 kB
MemAvailable:    8071976 kB
Buffers:            5524 kB
Cached:          1626160 kB
SwapCached:            0 kB
Active:          1490608 kB
Inactive:        1349152 kB
Active(anon):    1215116 kB
Inactive(anon):    21244 kB
Active(file):     275492 kB
Inactive(file):  1327908 kB
Unevictable:        5864 kB
Mlocked:            5864 kB
SwapTotal:       3145724 kB
SwapFree:        3145724 kB
Dirty:               264 kB
Writeback:             0 kB
AnonPages:       1214180 kB
Mapped:           818672 kB
Shmem:             23452 kB
KReclaimable:     648676 kB
Slab:             205784 kB
SReclaimable:      67340 kB
SUnreclaim:       138444 kB
KernelStack:       44704 kB
PageTables:        59672 kB
NFS_Unstable:          0 kB
Bounce:                0 kB
WritebackTmp:          0 kB
CommitLimit:     9202296 kB
Committed_AS:   63017296 kB
VmallocTotal:   263061440 kB
VmallocUsed:      101728 kB
VmallocChunk:          0 kB
Percpu:             7616 kB
CmaTotal:         294912 kB
CmaFree:               0 kB
MemTotal:       12113144 kB
MemFree:         6688540 kB
MemAvailable:    8071912 kB
Buffers:            5524 kB
Cached:          1626164 kB
SwapCached:            0 kB
Active:          1490680 kB
Inactive:        1349156 kB
Active(anon):    1215188 kB
Inactive(anon):    21248 kB
Active(file):     275492 kB
Inactive(file):  1327908 kB
Unevictable:        5864 kB
Mlocked:            5864 kB
SwapTotal:       3145724 kB
SwapFree:        3145724 kB
Dirty:               264 kB
Writeback:             0 kB
AnonPages:       1214256 kB
Mapped:           818876 kB
Shmem:             23456 kB
KReclaimable:     648676 kB
Slab:             205784 kB
SReclaimable:      67340 kB
SUnreclaim:       138444 kB
KernelStack:       44720 kB
PageTables:        59448 kB
NFS_Unstable:          0 kB
Bounce:                0 kB
WritebackTmp:          0 kB
CommitLimit:     9202296 kB
Committed_AS:   63017168 kB
VmallocTotal:   263061440 kB
VmallocUsed:      101712 kB
VmallocChunk:          0 kB
Percpu:             7616 kB
CmaTotal:         294912 kB
CmaFree:               0 kB
MemTotal:       12113144 kB
MemFree:         6688000 kB
MemAvailable:    8071372 kB
Buffers:            5524 kB
Cached:          1626164 kB
SwapCached:            0 kB
Active:          1491292 kB
Inactive:        1349156 kB
Active(anon):    1215800 kB
Inactive(anon):    21248 kB
Active(file):     275492 kB
Inactive(file):  1327908 kB
Unevictable:        5864 kB
Mlocked:            5864 kB
SwapTotal:       3145724 kB
SwapFree:        3145724 kB
Dirty:               192 kB
Writeback:             0 kB
AnonPages:       1214904 kB
Mapped:           818664 kB
Shmem:             23456 kB
KReclaimable:     648676 kB
Slab:             205784 kB
SReclaimable:      67340 kB
SUnreclaim:       138444 kB
KernelStack:       44720 kB
PageTables:        59672 kB
NFS_Unstable:          0 kB
Bounce:                0 kB
WritebackTmp:          0 kB
CommitLimit:     9202296 kB
Committed_AS:   63022416 kB
VmallocTotal:   263061440 kB
VmallocUsed:      101760 kB
VmallocChunk:          0 kB
Percpu:             7616 kB
CmaTotal:         294912 kB
CmaFree:               0 kB
MemTotal:       12113144 kB
MemFree:         6685784 kB
MemAvailable:    8069164 kB
Buffers:            5524 kB
Cached:          1626176 kB
SwapCached:            0 kB
Active:          1491732 kB
Inactive:        1349164 kB
Active(anon):    1216236 kB
Inactive(anon):    21252 kB
Active(file):     275496 kB
Inactive(file):  1327912 kB
Unevictable:        5864 kB
Mlocked:            5864 kB
SwapTotal:       3145724 kB
SwapFree:        3145724 kB
Dirty:               212 kB
Writeback:             0 kB
AnonPages:       1215436 kB
Mapped:           818636 kB
Shmem:             23460 kB
KReclaimable:     648676 kB
Slab:             205784 kB
SReclaimable:      67340 kB
SUnreclaim:       138444 kB
KernelStack:       44672 kB
PageTables:        59640 kB
NFS_Unstable:          0 kB
Bounce:                0 kB
WritebackTmp:          0 kB
CommitLimit:     9202296 kB
Committed_AS:   63027416 kB
VmallocTotal:   263061440 kB
VmallocUsed:      101776 kB
VmallocChunk:          0 kB
Percpu:             7616 kB
CmaTotal:         294912 kB
CmaFree:               0 kB
MemTotal:       12113144 kB
MemFree:         6687120 kB
MemAvailable:    8070492 kB
Buffers:            5524 kB
Cached:          1626168 kB
SwapCached:            0 kB
Active:          1492500 kB
Inactive:        1349160 kB
Active(anon):    1217008 kB
Inactive(anon):    21252 kB
Active(file):     275492 kB
Inactive(file):  1327908 kB
Unevictable:        5864 kB
Mlocked:            5864 kB
SwapTotal:       3145724 kB
SwapFree:        3145724 kB
Dirty:               204 kB
Writeback:             0 kB
AnonPages:       1216076 kB
Mapped:           818896 kB
Shmem:             23460 kB
KReclaimable:     648676 kB
Slab:             205784 kB
SReclaimable:      67340 kB
SUnreclaim:       138444 kB
KernelStack:       44624 kB
PageTables:        59516 kB
NFS_Unstable:          0 kB
Bounce:                0 kB
WritebackTmp:          0 kB
CommitLimit:     9202296 kB
Committed_AS:   63015984 kB
VmallocTotal:   263061440 kB
VmallocUsed:      101696 kB
VmallocChunk:          0 kB
Percpu:             7616 kB
CmaTotal:         294912 kB
CmaFree:               0 kB
MemTotal:       12113144 kB
MemFree:         6685600 kB
MemAvailable:    8068972 kB
Buffers:            5524 kB
Cached:          1626172 kB
SwapCached:            0 kB
Active:          1493100 kB
Inactive:        1349164 kB
Active(anon):    1217608 kB
Inactive(anon):    21256 kB
Active(file):     275492 kB
Inactive(file):  1327908 kB
Unevictable:        5864 kB
Mlocked:            5864 kB
SwapTotal:       3145724 kB
SwapFree:        3145724 kB
Dirty:               220 kB
Writeback:             0 kB
AnonPages:       1216616 kB
Mapped:           818860 kB
Shmem:             23464 kB
KReclaimable:     648676 kB
Slab:             205784 kB
SReclaimable:      67340 kB
SUnreclaim:       138444 kB
KernelStack:       44672 kB
PageTables:        59508 kB
NFS_Unstable:          0 kB
Bounce:                0 kB
WritebackTmp:          0 kB
CommitLimit:     9202296 kB
Committed_AS:   63017012 kB
VmallocTotal:   263061440 kB
VmallocUsed:      101712 kB
VmallocChunk:          0 kB
Percpu:             7616 kB
CmaTotal:         294912 kB
CmaFree:               0 kB
MemTotal:       12113144 kB
MemFree:         6685344 kB
MemAvailable:    8068736 kB
Buffers:            5532 kB
Cached:          1626188 kB
SwapCached:            0 kB
Active:          1493656 kB
Inactive:        1349180 kB
Active(anon):    1218156 kB
Inactive(anon):    21260 kB
Active(file):     275500 kB
Inactive(file):  1327920 kB
Unevictable:        5864 kB
Mlocked:            5864 kB
SwapTotal:       3145724 kB
SwapFree:        3145724 kB
Dirty:               216 kB
Writeback:             0 kB
AnonPages:       1217004 kB
Mapped:           818688 kB
Shmem:             23468 kB
KReclaimable:     648676 kB
Slab:             205792 kB
SReclaimable:      67340 kB
SUnreclaim:       138452 kB
KernelStack:       44624 kB
PageTables:        59668 kB
NFS_Unstable:          0 kB
Bounce:                0 kB
WritebackTmp:          0 kB
CommitLimit:     9202296 kB
Committed_AS:   63024944 kB
VmallocTotal:   263061440 kB
VmallocUsed:      101696 kB
VmallocChunk:          0 kB
Percpu:             7616 kB
CmaTotal:         294912 kB
CmaFree:               0 kB
MemTotal:       12113144 kB
MemFree:         6684088 kB
MemAvailable:    8067480 kB
Buffers:            5532 kB
Cached:          1626188 kB
SwapCached:            0 kB
Active:          1493840 kB
Inactive:        1349180 kB
Active(anon):    1218340 kB
Inactive(anon):    21260 kB
Active(file):     275500 kB
Inactive(file):  1327920 kB
Unevictable:        5864 kB
Mlocked:            5864 kB
SwapTotal:       3145724 kB
SwapFree:        3145724 kB
Dirty:               228 kB
Writeback:             0 kB
AnonPages:       1217572 kB
Mapped:           819076 kB
Shmem:             23468 kB
KReclaimable:     648676 kB
Slab:             205784 kB
SReclaimable:      67340 kB
SUnreclaim:       138444 kB
KernelStack:       44688 kB
PageTables:        59692 kB
NFS_Unstable:          0 kB
Bounce:                0 kB
WritebackTmp:          0 kB
CommitLimit:     9202296 kB
Committed_AS:   63027068 kB
VmallocTotal:   263061440 kB
VmallocUsed:      101712 kB
VmallocChunk:          0 kB
Percpu:             7616 kB
CmaTotal:         294912 kB
CmaFree:               0 kB
MemTotal:       12113144 kB
MemFree:         6684352 kB
MemAvailable:    8067744 kB
Buffers:            5532 kB
Cached:          1626188 kB
SwapCached:            0 kB
Active:          1494016 kB
Inactive:        1349180 kB
Active(anon):    1218516 kB
Inactive(anon):    21260 kB
Active(file):     275500 kB
Inactive(file):  1327920 kB
Unevictable:        5864 kB
Mlocked:            5864 kB
SwapTotal:       3145724 kB
SwapFree:        3145724 kB
Dirty:               236 kB
Writeback:             0 kB
AnonPages:       1217220 kB
Mapped:           818684 kB
Shmem:             23468 kB
KReclaimable:     648676 kB
Slab:             205784 kB
SReclaimable:      67340 kB
SUnreclaim:       138444 kB
KernelStack:       44688 kB
PageTables:        59668 kB
NFS_Unstable:          0 kB
Bounce:                0 kB
WritebackTmp:          0 kB
CommitLimit:     9202296 kB
Committed_AS:   63022064 kB
VmallocTotal:   263061440 kB
VmallocUsed:      101712 kB
VmallocChunk:          0 kB
Percpu:             7616 kB
CmaTotal:         294912 kB
CmaFree:               0 kB
MemTotal:       12113144 kB
MemFree:         6684260 kB
MemAvailable:    8067652 kB
Buffers:            5532 kB
Cached:          1626188 kB
SwapCached:            0 kB
Active:          1493520 kB
Inactive:        1349180 kB
Active(anon):    1218020 kB
Inactive(anon):    21260 kB
Active(file):     275500 kB
Inactive(file):  1327920 kB
Unevictable:        5864 kB
Mlocked:            5864 kB
SwapTotal:       3145724 kB
SwapFree:        3145724 kB
Dirty:               244 kB
Writeback:             0 kB
AnonPages:       1216832 kB
Mapped:           818724 kB
Shmem:             23468 kB
KReclaimable:     648676 kB
Slab:             205784 kB
SReclaimable:      67340 kB
SUnreclaim:       138444 kB
KernelStack:       44704 kB
PageTables:        59668 kB
NFS_Unstable:          0 kB
Bounce:                0 kB
WritebackTmp:          0 kB
CommitLimit:     9202296 kB
Committed_AS:   63016420 kB
VmallocTotal:   263061440 kB
VmallocUsed:      101696 kB
VmallocChunk:          0 kB
Percpu:             7616 kB
CmaTotal:         294912 kB
CmaFree:               0 kB
MemTotal:       12113144 kB
MemFree:         6683260 kB
MemAvailable:    8066652 kB
Buffers:            5532 kB
Cached:          1626188 kB
SwapCached:            0 kB
Active:          1493812 kB
Inactive:        1349180 kB
Active(anon):    1218312 kB
Inactive(anon):    21260 kB
Active(file):     275500 kB
Inactive(file):  1327920 kB
Unevictable:        5864 kB
Mlocked:            5864 kB
SwapTotal:       3145724 kB
SwapFree:        3145724 kB
Dirty:               244 kB
Writeback:             0 kB
AnonPages:       1217488 kB
Mapped:           818844 kB
Shmem:             23468 kB
KReclaimable:     648676 kB
Slab:             205784 kB
SReclaimable:      67340 kB
SUnreclaim:       138444 kB
KernelStack:       44688 kB
PageTables:        59724 kB
NFS_Unstable:          0 kB
Bounce:                0 kB
WritebackTmp:          0 kB
CommitLimit:     9202296 kB
Committed_AS:   63020688 kB
VmallocTotal:   263061440 kB
VmallocUsed:      101680 kB
VmallocChunk:          0 kB
Percpu:             7616 kB
CmaTotal:         294912 kB
CmaFree:               0 kB
MemTotal:       12113144 kB
MemFree:         6684844 kB
MemAvailable:    8068236 kB
Buffers:            5532 kB
Cached:          1626188 kB
SwapCached:            0 kB
Active:          1493228 kB
Inactive:        1349180 kB
Active(anon):    1217728 kB
Inactive(anon):    21260 kB
Active(file):     275500 kB
Inactive(file):  1327920 kB
Unevictable:        5864 kB
Mlocked:            5864 kB
SwapTotal:       3145724 kB
SwapFree:        3145724 kB
Dirty:               244 kB
Writeback:             0 kB
AnonPages:       1216688 kB
Mapped:           818904 kB
Shmem:             23468 kB
KReclaimable:     648676 kB
Slab:             205784 kB
SReclaimable:      67340 kB
SUnreclaim:       138444 kB
KernelStack:       44656 kB
PageTables:        59640 kB
NFS_Unstable:          0 kB
Bounce:                0 kB
WritebackTmp:          0 kB
CommitLimit:     9202296 kB
Committed_AS:   63013996 kB
VmallocTotal:   263061440 kB
VmallocUsed:      101680 kB
VmallocChunk:          0 kB
Percpu:             7616 kB
CmaTotal:         294912 kB
CmaFree:               0 kB
MemTotal:       12113144 kB
MemFree:         6684248 kB
MemAvailable:    8067640 kB
Buffers:            5532 kB
Cached:          1626188 kB
SwapCached:            0 kB
Active:          1493828 kB
Inactive:        1349180 kB
Active(anon):    1218328 kB
Inactive(anon):    21260 kB
Active(file):     275500 kB
Inactive(file):  1327920 kB
Unevictable:        5864 kB
Mlocked:            5864 kB
SwapTotal:       3145724 kB
SwapFree:        3145724 kB
Dirty:               176 kB
Writeback:             0 kB
AnonPages:       1217064 kB
Mapped:           818764 kB
Shmem:             23468 kB
KReclaimable:     648676 kB
Slab:             205784 kB
SReclaimable:      67340 kB
SUnreclaim:       138444 kB
KernelStack:       44708 kB
PageTables:        59632 kB
NFS_Unstable:          0 kB
Bounce:                0 kB
WritebackTmp:          0 kB
CommitLimit:     9202296 kB
Committed_AS:   63015268 kB
VmallocTotal:   263061440 kB
VmallocUsed:      101696 kB
VmallocChunk:          0 kB
Percpu:             7616 kB
CmaTotal:         294912 kB
CmaFree:               0 kB
MemTotal:       12113144 kB
MemFree:         6683676 kB
MemAvailable:    8067068 kB
Buffers:            5532 kB
Cached:          1626188 kB
SwapCached:            0 kB
Active:          1493840 kB
Inactive:        1349180 kB
Active(anon):    1218340 kB
Inactive(anon):    21260 kB
Active(file):     275500 kB
Inactive(file):  1327920 kB
Unevictable:        5864 kB
Mlocked:            5864 kB
SwapTotal:       3145724 kB
SwapFree:        3145724 kB
Dirty:               176 kB
Writeback:             0 kB
AnonPages:       1217340 kB
Mapped:           818644 kB
Shmem:             23468 kB
KReclaimable:     648676 kB
Slab:             205784 kB
SReclaimable:      67340 kB
SUnreclaim:       138444 kB
KernelStack:       44640 kB
PageTables:        59648 kB
NFS_Unstable:          0 kB
Bounce:                0 kB
WritebackTmp:          0 kB
CommitLimit:     9202296 kB
Committed_AS:   63021020 kB
VmallocTotal:   263061440 kB
VmallocUsed:      101696 kB
VmallocChunk:          0 kB
Percpu:             7616 kB
CmaTotal:         294912 kB
CmaFree:               0 kB
MemTotal:       12113144 kB
MemFree:         6682824 kB
MemAvailable:    8066216 kB
Buffers:            5532 kB
Cached:          1626188 kB
SwapCached:            0 kB
Active:          1494660 kB
Inactive:        1349180 kB
Active(anon):    1219160 kB
Inactive(anon):    21260 kB
Active(file):     275500 kB
Inactive(file):  1327920 kB
Unevictable:        5864 kB
Mlocked:            5864 kB
SwapTotal:       3145724 kB
SwapFree:        3145724 kB
Dirty:               212 kB
Writeback:             0 kB
AnonPages:       1217932 kB
Mapped:           818980 kB
Shmem:             23468 kB
KReclaimable:     648676 kB
Slab:             205784 kB
SReclaimable:      67340 kB
SUnreclaim:       138444 kB
KernelStack:       44688 kB
PageTables:        59692 kB
NFS_Unstable:          0 kB
Bounce:                0 kB
WritebackTmp:          0 kB
CommitLimit:     9202296 kB
Committed_AS:   63014960 kB
VmallocTotal:   263061440 kB
VmallocUsed:      101680 kB
VmallocChunk:          0 kB
Percpu:             7616 kB
CmaTotal:         294912 kB
CmaFree:               0 kB
MemTotal:       12113144 kB
MemFree:         6683160 kB
MemAvailable:    8066560 kB
Buffers:            5532 kB
Cached:          1626196 kB
SwapCached:            0 kB
Active:          1495236 kB
Inactive:        1349184 kB
Active(anon):    1219732 kB
Inactive(anon):    21260 kB
Active(file):     275504 kB
Inactive(file):  1327924 kB
Unevictable:        5864 kB
Mlocked:            5864 kB
SwapTotal:       3145724 kB
SwapFree:        3145724 kB
Dirty:               228 kB
Writeback:             0 kB
AnonPages:       1218568 kB
Mapped:           818704 kB
Shmem:             23468 kB
KReclaimable:     648676 kB
Slab:             205784 kB
SReclaimable:      67340 kB
SUnreclaim:       138444 kB
KernelStack:       44688 kB
PageTables:        59676 kB
NFS_Unstable:          0 kB
Bounce:                0 kB
WritebackTmp:          0 kB
CommitLimit:     9202296 kB
Committed_AS:   63017460 kB
VmallocTotal:   263061440 kB
VmallocUsed:      101696 kB
VmallocChunk:          0 kB
Percpu:             7616 kB
CmaTotal:         294912 kB
CmaFree:               0 kB
MemTotal:       12113144 kB
MemFree:         6693892 kB
MemAvailable:    8077292 kB
Buffers:            5532 kB
Cached:          1626196 kB
SwapCached:            0 kB
Active:          1484260 kB
Inactive:        1349184 kB
Active(anon):    1208756 kB
Inactive(anon):    21260 kB
Active(file):     275504 kB
Inactive(file):  1327924 kB
Unevictable:        5864 kB
Mlocked:            5864 kB
SwapTotal:       3145724 kB
SwapFree:        3145724 kB
Dirty:               236 kB
Writeback:             0 kB
AnonPages:       1207532 kB
Mapped:           818644 kB
Shmem:             23468 kB
KReclaimable:     648676 kB
Slab:             205784 kB
SReclaimable:      67340 kB
SUnreclaim:       138444 kB
KernelStack:       44656 kB
PageTables:        59644 kB
NFS_Unstable:          0 kB
Bounce:                0 kB
WritebackTmp:          0 kB
CommitLimit:     9202296 kB
Committed_AS:   63008668 kB
VmallocTotal:   263061440 kB
VmallocUsed:      101728 kB
VmallocChunk:          0 kB
Percpu:             7616 kB
CmaTotal:         294912 kB
CmaFree:               0 kB
MemTotal:       12113144 kB
MemFree:         6693032 kB
MemAvailable:    8076432 kB
Buffers:            5532 kB
Cached:          1626200 kB
SwapCached:            0 kB
Active:          1484424 kB
Inactive:        1349188 kB
Active(anon):    1208920 kB
Inactive(anon):    21264 kB
Active(file):     275504 kB
Inactive(file):  1327924 kB
Unevictable:        5864 kB
Mlocked:            5864 kB
SwapTotal:       3145724 kB
SwapFree:        3145724 kB
Dirty:               216 kB
Writeback:             0 kB
AnonPages:       1208036 kB
Mapped:           818908 kB
Shmem:             23472 kB
KReclaimable:     648676 kB
Slab:             205784 kB
SReclaimable:      67340 kB
SUnreclaim:       138444 kB
KernelStack:       44672 kB
PageTables:        59788 kB
NFS_Unstable:          0 kB
Bounce:                0 kB
WritebackTmp:          0 kB
CommitLimit:     9202296 kB
Committed_AS:   63016584 kB
VmallocTotal:   263061440 kB
VmallocUsed:      101728 kB
VmallocChunk:          0 kB
Percpu:             7616 kB
CmaTotal:         294912 kB
CmaFree:               0 kB
MemTotal:       12113144 kB
MemFree:         6693144 kB
MemAvailable:    8076544 kB
Buffers:            5532 kB
Cached:          1626200 kB
SwapCached:            0 kB
Active:          1485244 kB
Inactive:        1349188 kB
Active(anon):    1209740 kB
Inactive(anon):    21264 kB
Active(file):     275504 kB
Inactive(file):  1327924 kB
Unevictable:        5864 kB
Mlocked:            5864 kB
SwapTotal:       3145724 kB
SwapFree:        3145724 kB
Dirty:               268 kB
Writeback:             0 kB
AnonPages:       1208404 kB
Mapped:           818712 kB
Shmem:             23472 kB
KReclaimable:     648676 kB
Slab:             205816 kB
SReclaimable:      67340 kB
SUnreclaim:       138476 kB
KernelStack:       44704 kB
PageTables:        59536 kB
NFS_Unstable:          0 kB
Bounce:                0 kB
WritebackTmp:          0 kB
CommitLimit:     9202296 kB
Committed_AS:   63010140 kB
VmallocTotal:   263061440 kB
VmallocUsed:      101760 kB
VmallocChunk:          0 kB
Percpu:             7616 kB
CmaTotal:         294912 kB
CmaFree:               0 kB
MemTotal:       12113144 kB
MemFree:         6692436 kB
MemAvailable:    8075836 kB
Buffers:            5532 kB
Cached:          1626200 kB
SwapCached:            0 kB
Active:          1485536 kB
Inactive:        1349188 kB
Active(anon):    1210032 kB
Inactive(anon):    21264 kB
Active(file):     275504 kB
Inactive(file):  1327924 kB
Unevictable:        5864 kB
Mlocked:            5864 kB
SwapTotal:       3145724 kB
SwapFree:        3145724 kB
Dirty:               272 kB
Writeback:             0 kB
AnonPages:       1208900 kB
Mapped:           818648 kB
Shmem:             23472 kB
KReclaimable:     648676 kB
Slab:             205816 kB
SReclaimable:      67340 kB
SUnreclaim:       138476 kB
KernelStack:       44656 kB
PageTables:        59648 kB
NFS_Unstable:          0 kB
Bounce:                0 kB
WritebackTmp:          0 kB
CommitLimit:     9202296 kB
Committed_AS:   63010240 kB
VmallocTotal:   263061440 kB
VmallocUsed:      101728 kB
VmallocChunk:          0 kB
Percpu:             7616 kB
CmaTotal:         294912 kB
CmaFree:               0 kB
MemTotal:       12113144 kB
MemFree:         6692068 kB
MemAvailable:    8075476 kB
Buffers:            5536 kB
Cached:          1626204 kB
SwapCached:            0 kB
Active:          1486132 kB
Inactive:        1349196 kB
Active(anon):    1210628 kB
Inactive(anon):    21264 kB
Active(file):     275504 kB
Inactive(file):  1327932 kB
Unevictable:        5864 kB
Mlocked:            5864 kB
SwapTotal:       3145724 kB
SwapFree:        3145724 kB
Dirty:               280 kB
Writeback:             0 kB
AnonPages:       1209408 kB
Mapped:           818728 kB
Shmem:             23472 kB
KReclaimable:     648676 kB
Slab:             205816 kB
SReclaimable:      67340 kB
SUnreclaim:       138476 kB
KernelStack:       44656 kB
PageTables:        59532 kB
NFS_Unstable:          0 kB
Bounce:                0 kB
WritebackTmp:          0 kB
CommitLimit:     9202296 kB
Committed_AS:   63014460 kB
VmallocTotal:   263061440 kB
VmallocUsed:      101792 kB
VmallocChunk:          0 kB
Percpu:             7616 kB
CmaTotal:         294912 kB
CmaFree:               0 kB
MemTotal:       12113144 kB
MemFree:         6691864 kB
MemAvailable:    8075276 kB
Buffers:            5536 kB
Cached:          1626208 kB
SwapCached:            0 kB
Active:          1486500 kB
Inactive:        1349196 kB
Active(anon):    1210992 kB
Inactive(anon):    21264 kB
Active(file):     275508 kB
Inactive(file):  1327932 kB
Unevictable:        5864 kB
Mlocked:            5864 kB
SwapTotal:       3145724 kB
SwapFree:        3145724 kB
Dirty:               280 kB
Writeback:             0 kB
AnonPages:       1209692 kB
Mapped:           818648 kB
Shmem:             23472 kB
KReclaimable:     648676 kB
Slab:             205816 kB
SReclaimable:      67340 kB
SUnreclaim:       138476 kB
KernelStack:       44656 kB
PageTables:        59652 kB
NFS_Unstable:          0 kB
Bounce:                0 kB
WritebackTmp:          0 kB
CommitLimit:     9202296 kB
Committed_AS:   63021820 kB
VmallocTotal:   263061440 kB
VmallocUsed:      101728 kB
VmallocChunk:          0 kB
Percpu:             7616 kB
CmaTotal:         294912 kB
CmaFree:               0 kB
MemTotal:       12113144 kB
MemFree:         6692568 kB
MemAvailable:    8075980 kB
Buffers:            5536 kB
Cached:          1626208 kB
SwapCached:            0 kB
Active:          1486776 kB
Inactive:        1349196 kB
Active(anon):    1211268 kB
Inactive(anon):    21264 kB
Active(file):     275508 kB
Inactive(file):  1327932 kB
Unevictable:        5864 kB
Mlocked:            5864 kB
SwapTotal:       3145724 kB
SwapFree:        3145724 kB
Dirty:               184 kB
Writeback:             0 kB
AnonPages:       1210200 kB
Mapped:           818896 kB
Shmem:             23472 kB
KReclaimable:     648676 kB
Slab:             205816 kB
SReclaimable:      67340 kB
SUnreclaim:       138476 kB
KernelStack:       44704 kB
PageTables:        59600 kB
NFS_Unstable:          0 kB
Bounce:                0 kB
WritebackTmp:          0 kB
CommitLimit:     9202296 kB
Committed_AS:   63022364 kB
VmallocTotal:   263061440 kB
VmallocUsed:      101728 kB
VmallocChunk:          0 kB
Percpu:             7616 kB
CmaTotal:         294912 kB
CmaFree:               0 kB
MemTotal:       12113144 kB
MemFree:         6691736 kB
MemAvailable:    8075144 kB
Buffers:            5536 kB
Cached:          1626204 kB
SwapCached:            0 kB
Active:          1487312 kB
Inactive:        1349196 kB
Active(anon):    1211808 kB
Inactive(anon):    21264 kB
Active(file):     275504 kB
Inactive(file):  1327932 kB
Unevictable:        5864 kB
Mlocked:            5864 kB
SwapTotal:       3145724 kB
SwapFree:        3145724 kB
Dirty:               184 kB
Writeback:             0 kB
AnonPages:       1210796 kB
Mapped:           818908 kB
Shmem:             23472 kB
KReclaimable:     648676 kB
Slab:             205816 kB
SReclaimable:      67340 kB
SUnreclaim:       138476 kB
KernelStack:       44640 kB
PageTables:        59516 kB
NFS_Unstable:          0 kB
Bounce:                0 kB
WritebackTmp:          0 kB
CommitLimit:     9202296 kB
Committed_AS:   63011100 kB
VmallocTotal:   263061440 kB
VmallocUsed:      101712 kB
VmallocChunk:          0 kB
Percpu:             7616 kB
CmaTotal:         294912 kB
CmaFree:               0 kB
MemTotal:       12113144 kB
MemFree:         6690140 kB
MemAvailable:    8073548 kB
Buffers:            5536 kB
Cached:          1626204 kB
SwapCached:            0 kB
Active:          1487412 kB
Inactive:        1349196 kB
Active(anon):    1211908 kB
Inactive(anon):    21264 kB
Active(file):     275504 kB
Inactive(file):  1327932 kB
Unevictable:        5864 kB
Mlocked:            5864 kB
SwapTotal:       3145724 kB
SwapFree:        3145724 kB
Dirty:               184 kB
Writeback:             0 kB
AnonPages:       1210740 kB
Mapped:           818972 kB
Shmem:             23472 kB
KReclaimable:     648676 kB
Slab:             205816 kB
SReclaimable:      67340 kB
SUnreclaim:       138476 kB
KernelStack:       44688 kB
PageTables:        59668 kB
NFS_Unstable:          0 kB
Bounce:                0 kB
WritebackTmp:          0 kB
CommitLimit:     9202296 kB
Committed_AS:   63013144 kB
VmallocTotal:   263061440 kB
VmallocUsed:      101760 kB
VmallocChunk:          0 kB
Percpu:             7616 kB
CmaTotal:         294912 kB
CmaFree:               0 kB
MemTotal:       12113144 kB
MemFree:         6690632 kB
MemAvailable:    8074040 kB
Buffers:            5536 kB
Cached:          1626204 kB
SwapCached:            0 kB
Active:          1487088 kB
Inactive:        1349196 kB
Active(anon):    1211584 kB
Inactive(anon):    21264 kB
Active(file):     275504 kB
Inactive(file):  1327932 kB
Unevictable:        5864 kB
Mlocked:            5864 kB
SwapTotal:       3145724 kB
SwapFree:        3145724 kB
Dirty:               184 kB
Writeback:             0 kB
AnonPages:       1210616 kB
Mapped:           818908 kB
Shmem:             23472 kB
KReclaimable:     648676 kB
Slab:             205816 kB
SReclaimable:      67340 kB
SUnreclaim:       138476 kB
KernelStack:       44672 kB
PageTables:        59788 kB
NFS_Unstable:          0 kB
Bounce:                0 kB
WritebackTmp:          0 kB
CommitLimit:     9202296 kB
Committed_AS:   63005068 kB
VmallocTotal:   263061440 kB
VmallocUsed:      101728 kB
VmallocChunk:          0 kB
Percpu:             7616 kB
CmaTotal:         294912 kB
CmaFree:               0 kB
MemTotal:       12113144 kB
MemFree:         6691636 kB
MemAvailable:    8075044 kB
Buffers:            5536 kB
Cached:          1626204 kB
SwapCached:            0 kB
Active:          1487424 kB
Inactive:        1349196 kB
Active(anon):    1211920 kB
Inactive(anon):    21264 kB
Active(file):     275504 kB
Inactive(file):  1327932 kB
Unevictable:        5864 kB
Mlocked:            5864 kB
SwapTotal:       3145724 kB
SwapFree:        3145724 kB
Dirty:               184 kB
Writeback:             0 kB
AnonPages:       1210884 kB
Mapped:           818908 kB
Shmem:             23472 kB
KReclaimable:     648676 kB
Slab:             205816 kB
SReclaimable:      67340 kB
SUnreclaim:       138476 kB
KernelStack:       44656 kB
PageTables:        59648 kB
NFS_Unstable:          0 kB
Bounce:                0 kB
WritebackTmp:          0 kB
CommitLimit:     9202296 kB
Committed_AS:   63008988 kB
VmallocTotal:   263061440 kB
VmallocUsed:      101744 kB
VmallocChunk:          0 kB
Percpu:             7616 kB
CmaTotal:         294912 kB
CmaFree:               0 kB
MemTotal:       12113144 kB
MemFree:         6690940 kB
MemAvailable:    8074348 kB
Buffers:            5536 kB
Cached:          1626204 kB
SwapCached:            0 kB
Active:          1487284 kB
Inactive:        1349196 kB
Active(anon):    1211780 kB
Inactive(anon):    21264 kB
Active(file):     275504 kB
Inactive(file):  1327932 kB
Unevictable:        5864 kB
Mlocked:            5864 kB
SwapTotal:       3145724 kB
SwapFree:        3145724 kB
Dirty:               184 kB
Writeback:             0 kB
AnonPages:       1210808 kB
Mapped:           818404 kB
Shmem:             23472 kB
KReclaimable:     648676 kB
Slab:             205816 kB
SReclaimable:      67340 kB
SUnreclaim:       138476 kB
KernelStack:       44656 kB
PageTables:        59724 kB
NFS_Unstable:          0 kB
Bounce:                0 kB
WritebackTmp:          0 kB
CommitLimit:     9202296 kB
Committed_AS:   63009152 kB
VmallocTotal:   263061440 kB
VmallocUsed:      101712 kB
VmallocChunk:          0 kB
Percpu:             7616 kB
CmaTotal:         294912 kB
CmaFree:               0 kB
MemTotal:       12113144 kB
MemFree:         6690472 kB
MemAvailable:    8073880 kB
Buffers:            5536 kB
Cached:          1626204 kB
SwapCached:            0 kB
Active:          1488544 kB
Inactive:        1349196 kB
Active(anon):    1213040 kB
Inactive(anon):    21264 kB
Active(file):     275504 kB
Inactive(file):  1327932 kB
Unevictable:        5864 kB
Mlocked:            5864 kB
SwapTotal:       3145724 kB
SwapFree:        3145724 kB
Dirty:               236 kB
Writeback:             0 kB
AnonPages:       1211768 kB
Mapped:           818916 kB
Shmem:             23472 kB
KReclaimable:     648676 kB
Slab:             205816 kB
SReclaimable:      67340 kB
SUnreclaim:       138476 kB
KernelStack:       44672 kB
PageTables:        59696 kB
NFS_Unstable:          0 kB
Bounce:                0 kB
WritebackTmp:          0 kB
CommitLimit:     9202296 kB
Committed_AS:   63012652 kB
VmallocTotal:   263061440 kB
VmallocUsed:      101728 kB
VmallocChunk:          0 kB
Percpu:             7616 kB
CmaTotal:         294912 kB
CmaFree:               0 kB
MemTotal:       12113144 kB
MemFree:         6688828 kB
MemAvailable:    8072236 kB
Buffers:            5536 kB
Cached:          1626204 kB
SwapCached:            0 kB
Active:          1488540 kB
Inactive:        1349196 kB
Active(anon):    1213036 kB
Inactive(anon):    21264 kB
Active(file):     275504 kB
Inactive(file):  1327932 kB
Unevictable:        5864 kB
Mlocked:            5864 kB
SwapTotal:       3145724 kB
SwapFree:        3145724 kB
Dirty:               248 kB
Writeback:             0 kB
AnonPages:       1211776 kB
Mapped:           818932 kB
Shmem:             23472 kB
KReclaimable:     648676 kB
Slab:             205816 kB
SReclaimable:      67340 kB
SUnreclaim:       138476 kB
KernelStack:       44720 kB
PageTables:        59664 kB
NFS_Unstable:          0 kB
Bounce:                0 kB
WritebackTmp:          0 kB
CommitLimit:     9202296 kB
Committed_AS:   63018144 kB
VmallocTotal:   263061440 kB
VmallocUsed:      101760 kB
VmallocChunk:          0 kB
Percpu:             7616 kB
CmaTotal:         294912 kB
CmaFree:               0 kB
MemTotal:       12113144 kB
MemFree:         6690360 kB
MemAvailable:    8073788 kB
Buffers:            5536 kB
Cached:          1626224 kB
SwapCached:            0 kB
Active:          1487512 kB
Inactive:        1349212 kB
Active(anon):    1212004 kB
Inactive(anon):    21264 kB
Active(file):     275508 kB
Inactive(file):  1327948 kB
Unevictable:        5864 kB
Mlocked:            5864 kB
SwapTotal:       3145724 kB
SwapFree:        3145724 kB
Dirty:               292 kB
Writeback:             0 kB
AnonPages:       1210828 kB
Mapped:           818692 kB
Shmem:             23472 kB
KReclaimable:     648676 kB
Slab:             205816 kB
SReclaimable:      67340 kB
SUnreclaim:       138476 kB
KernelStack:       44656 kB
PageTables:        59520 kB
NFS_Unstable:          0 kB
Bounce:                0 kB
WritebackTmp:          0 kB
CommitLimit:     9202296 kB
Committed_AS:   63021788 kB
VmallocTotal:   263061440 kB
VmallocUsed:      101808 kB
VmallocChunk:          0 kB
Percpu:             7616 kB
CmaTotal:         294912 kB
CmaFree:               0 kB
MemTotal:       12113144 kB
MemFree:         6689464 kB
MemAvailable:    8072884 kB
Buffers:            5536 kB
Cached:          1626216 kB
SwapCached:            0 kB
Active:          1487888 kB
Inactive:        1349208 kB
Active(anon):    1212384 kB
Inactive(anon):    21264 kB
Active(file):     275504 kB
Inactive(file):  1327944 kB
Unevictable:        5864 kB
Mlocked:            5864 kB
SwapTotal:       3145724 kB
SwapFree:        3145724 kB
Dirty:               284 kB
Writeback:             0 kB
AnonPages:       1211416 kB
Mapped:           818820 kB
Shmem:             23472 kB
KReclaimable:     648676 kB
Slab:             205816 kB
SReclaimable:      67340 kB
SUnreclaim:       138476 kB
KernelStack:       44704 kB
PageTables:        59676 kB
NFS_Unstable:          0 kB
Bounce:                0 kB
WritebackTmp:          0 kB
CommitLimit:     9202296 kB
Committed_AS:   63016700 kB
VmallocTotal:   263061440 kB
VmallocUsed:      101808 kB
VmallocChunk:          0 kB
Percpu:             7616 kB
CmaTotal:         294912 kB
CmaFree:               0 kB
MemTotal:       12113144 kB
MemFree:         6689408 kB
MemAvailable:    8072828 kB
Buffers:            5536 kB
Cached:          1626216 kB
SwapCached:            0 kB
Active:          1488232 kB
Inactive:        1349208 kB
Active(anon):    1212728 kB
Inactive(anon):    21264 kB
Active(file):     275504 kB
Inactive(file):  1327944 kB
Unevictable:        5864 kB
Mlocked:            5864 kB
SwapTotal:       3145724 kB
SwapFree:        3145724 kB
Dirty:               192 kB
Writeback:             0 kB
AnonPages:       1211520 kB
Mapped:           818860 kB
Shmem:             23472 kB
KReclaimable:     648676 kB
Slab:             205816 kB
SReclaimable:      67340 kB
SUnreclaim:       138476 kB
KernelStack:       44672 kB
PageTables:        59668 kB
NFS_Unstable:          0 kB
Bounce:                0 kB
WritebackTmp:          0 kB
CommitLimit:     9202296 kB
Committed_AS:   63009956 kB
VmallocTotal:   263061440 kB
VmallocUsed:      101776 kB
VmallocChunk:          0 kB
Percpu:             7616 kB
CmaTotal:         294912 kB
CmaFree:               0 kB
MemTotal:       12113144 kB
MemFree:         6689280 kB
MemAvailable:    8072700 kB
Buffers:            5536 kB
Cached:          1626216 kB
SwapCached:            0 kB
Active:          1488692 kB
Inactive:        1349208 kB
Active(anon):    1213188 kB
Inactive(anon):    21264 kB
Active(file):     275504 kB
Inactive(file):  1327944 kB
Unevictable:        5864 kB
Mlocked:            5864 kB
SwapTotal:       3145724 kB
SwapFree:        3145724 kB
Dirty:               204 kB
Writeback:             0 kB
AnonPages:       1211924 kB
Mapped:           818432 kB
Shmem:             23472 kB
KReclaimable:     648676 kB
Slab:             205816 kB
SReclaimable:      67340 kB
SUnreclaim:       138476 kB
KernelStack:       44640 kB
PageTables:        59648 kB
NFS_Unstable:          0 kB
Bounce:                0 kB
WritebackTmp:          0 kB
CommitLimit:     9202296 kB
Committed_AS:   63014052 kB
VmallocTotal:   263061440 kB
VmallocUsed:      101760 kB
VmallocChunk:          0 kB
Percpu:             7616 kB
CmaTotal:         294912 kB
CmaFree:               0 kB
MemTotal:       12113144 kB
MemFree:         6690132 kB
MemAvailable:    8073552 kB
Buffers:            5536 kB
Cached:          1626216 kB
SwapCached:            0 kB
Active:          1488836 kB
Inactive:        1349208 kB
Active(anon):    1213332 kB
Inactive(anon):    21264 kB
Active(file):     275504 kB
Inactive(file):  1327944 kB
Unevictable:        5864 kB
Mlocked:            5864 kB
SwapTotal:       3145724 kB
SwapFree:        3145724 kB
Dirty:               204 kB
Writeback:             0 kB
AnonPages:       1212204 kB
Mapped:           818936 kB
Shmem:             23472 kB
KReclaimable:     648676 kB
Slab:             205808 kB
SReclaimable:      67340 kB
SUnreclaim:       138468 kB
KernelStack:       44656 kB
PageTables:        59568 kB
NFS_Unstable:          0 kB
Bounce:                0 kB
WritebackTmp:          0 kB
CommitLimit:     9202296 kB
Committed_AS:   63024316 kB
VmallocTotal:   263061440 kB
VmallocUsed:      101728 kB
VmallocChunk:          0 kB
Percpu:             7616 kB
CmaTotal:         294912 kB
CmaFree:               0 kB
MemTotal:       12113144 kB
MemFree:         6688996 kB
MemAvailable:    8072416 kB
Buffers:            5536 kB
Cached:          1626216 kB
SwapCached:            0 kB
Active:          1489048 kB
Inactive:        1349208 kB
Active(anon):    1213544 kB
Inactive(anon):    21264 kB
Active(file):     275504 kB
Inactive(file):  1327944 kB
Unevictable:        5864 kB
Mlocked:            5864 kB
SwapTotal:       3145724 kB
SwapFree:        3145724 kB
Dirty:               220 kB
Writeback:             0 kB
AnonPages:       1212468 kB
Mapped:           818888 kB
Shmem:             23472 kB
KReclaimable:     648676 kB
Slab:             205816 kB
SReclaimable:      67340 kB
SUnreclaim:       138476 kB
KernelStack:       44624 kB
PageTables:        59752 kB
NFS_Unstable:          0 kB
Bounce:                0 kB
WritebackTmp:          0 kB
CommitLimit:     9202296 kB
Committed_AS:   63017720 kB
VmallocTotal:   263061440 kB
VmallocUsed:      101744 kB
VmallocChunk:          0 kB
Percpu:             7616 kB
CmaTotal:         294912 kB
CmaFree:               0 kB
MemTotal:       12113144 kB
MemFree:         6689184 kB
MemAvailable:    8072624 kB
Buffers:            5544 kB
Cached:          1626228 kB
SwapCached:            0 kB
Active:          1489392 kB
Inactive:        1349220 kB
Active(anon):    1213880 kB
Inactive(anon):    21264 kB
Active(file):     275512 kB
Inactive(file):  1327956 kB
Unevictable:        5864 kB
Mlocked:            5864 kB
SwapTotal:       3145724 kB
SwapFree:        3145724 kB
Dirty:               220 kB
Writeback:             0 kB
AnonPages:       1212824 kB
Mapped:           818952 kB
Shmem:             23472 kB
KReclaimable:     648676 kB
Slab:             205808 kB
SReclaimable:      67340 kB
SUnreclaim:       138468 kB
KernelStack:       44640 kB
PageTables:        59652 kB
NFS_Unstable:          0 kB
Bounce:                0 kB
WritebackTmp:          0 kB
CommitLimit:     9202296 kB
Committed_AS:   63017948 kB
VmallocTotal:   263061440 kB
VmallocUsed:      101712 kB
VmallocChunk:          0 kB
Percpu:             7616 kB
CmaTotal:         294912 kB
CmaFree:               0 kB
MemTotal:       12113144 kB
MemFree:         6688728 kB
MemAvailable:    8072168 kB
Buffers:            5544 kB
Cached:          1626228 kB
SwapCached:            0 kB
Active:          1489596 kB
Inactive:        1349220 kB
Active(anon):    1214084 kB
Inactive(anon):    21264 kB
Active(file):     275512 kB
Inactive(file):  1327956 kB
Unevictable:        5864 kB
Mlocked:            5864 kB
SwapTotal:       3145724 kB
SwapFree:        3145724 kB
Dirty:               220 kB
Writeback:             0 kB
AnonPages:       1212828 kB
Mapped:           818696 kB
Shmem:             23472 kB
KReclaimable:     648676 kB
Slab:             205808 kB
SReclaimable:      67340 kB
SUnreclaim:       138468 kB
KernelStack:       44672 kB
PageTables:        59736 kB
NFS_Unstable:          0 kB
Bounce:                0 kB
WritebackTmp:          0 kB
CommitLimit:     9202296 kB
Committed_AS:   63018536 kB
VmallocTotal:   263061440 kB
VmallocUsed:      101760 kB
VmallocChunk:          0 kB
Percpu:             7616 kB
CmaTotal:         294912 kB
CmaFree:               0 kB
MemTotal:       12113144 kB
MemFree:         6687620 kB
MemAvailable:    8071060 kB
Buffers:            5544 kB
Cached:          1626228 kB
SwapCached:            0 kB
Active:          1490068 kB
Inactive:        1349220 kB
Active(anon):    1214556 kB
Inactive(anon):    21264 kB
Active(file):     275512 kB
Inactive(file):  1327956 kB
Unevictable:        5864 kB
Mlocked:            5864 kB
SwapTotal:       3145724 kB
SwapFree:        3145724 kB
Dirty:               220 kB
Writeback:             0 kB
AnonPages:       1213404 kB
Mapped:           818692 kB
Shmem:             23472 kB
KReclaimable:     648676 kB
Slab:             205808 kB
SReclaimable:      67340 kB
SUnreclaim:       138468 kB
KernelStack:       44672 kB
PageTables:        59656 kB
NFS_Unstable:          0 kB
Bounce:                0 kB
WritebackTmp:          0 kB
CommitLimit:     9202296 kB
Committed_AS:   63014940 kB
VmallocTotal:   263061440 kB
VmallocUsed:      101728 kB
VmallocChunk:          0 kB
Percpu:             7616 kB
CmaTotal:         294912 kB
CmaFree:               0 kB
MemTotal:       12113144 kB
MemFree:         6688064 kB
MemAvailable:    8071504 kB
Buffers:            5544 kB
Cached:          1626228 kB
SwapCached:            0 kB
Active:          1490644 kB
Inactive:        1349220 kB
Active(anon):    1215132 kB
Inactive(anon):    21264 kB
Active(file):     275512 kB
Inactive(file):  1327956 kB
Unevictable:        5864 kB
Mlocked:            5864 kB
SwapTotal:       3145724 kB
SwapFree:        3145724 kB
Dirty:               220 kB
Writeback:             0 kB
AnonPages:       1214000 kB
Mapped:           818864 kB
Shmem:             23472 kB
KReclaimable:     648676 kB
Slab:             205808 kB
SReclaimable:      67340 kB
SUnreclaim:       138468 kB
KernelStack:       44720 kB
PageTables:        59736 kB
NFS_Unstable:          0 kB
Bounce:                0 kB
WritebackTmp:          0 kB
CommitLimit:     9202296 kB
Committed_AS:   63015012 kB
VmallocTotal:   263061440 kB
VmallocUsed:      101744 kB
VmallocChunk:          0 kB
Percpu:             7616 kB
CmaTotal:         294912 kB
CmaFree:               0 kB
MemTotal:       12113144 kB
MemFree:         6687892 kB
MemAvailable:    8071332 kB
Buffers:            5544 kB
Cached:          1626232 kB
SwapCached:            0 kB
Active:          1491240 kB
Inactive:        1349224 kB
Active(anon):    1215728 kB
Inactive(anon):    21268 kB
Active(file):     275512 kB
Inactive(file):  1327956 kB
Unevictable:        5864 kB
Mlocked:            5864 kB
SwapTotal:       3145724 kB
SwapFree:        3145724 kB
Dirty:               220 kB
Writeback:             0 kB
AnonPages:       1214504 kB
Mapped:           818940 kB
Shmem:             23476 kB
KReclaimable:     648676 kB
Slab:             205816 kB
SReclaimable:      67340 kB
SUnreclaim:       138476 kB
KernelStack:       44688 kB
PageTables:        59840 kB
NFS_Unstable:          0 kB
Bounce:                0 kB
WritebackTmp:          0 kB
CommitLimit:     9202296 kB
Committed_AS:   63015868 kB
VmallocTotal:   263061440 kB
VmallocUsed:      101712 kB
VmallocChunk:          0 kB
Percpu:             7616 kB
CmaTotal:         294912 kB
CmaFree:               0 kB
MemTotal:       12113144 kB
MemFree:         6687012 kB
MemAvailable:    8070452 kB
Buffers:            5544 kB
Cached:          1626232 kB
SwapCached:            0 kB
Active:          1492256 kB
Inactive:        1349224 kB
Active(anon):    1216744 kB
Inactive(anon):    21268 kB
Active(file):     275512 kB
Inactive(file):  1327956 kB
Unevictable:        5864 kB
Mlocked:            5864 kB
SwapTotal:       3145724 kB
SwapFree:        3145724 kB
Dirty:               220 kB
Writeback:             0 kB
AnonPages:       1215120 kB
Mapped:           818956 kB
Shmem:             23476 kB
KReclaimable:     648676 kB
Slab:             205808 kB
SReclaimable:      67340 kB
SUnreclaim:       138468 kB
KernelStack:       44640 kB
PageTables:        59648 kB
NFS_Unstable:          0 kB
Bounce:                0 kB
WritebackTmp:          0 kB
CommitLimit:     9202296 kB
Committed_AS:   63016024 kB
VmallocTotal:   263061440 kB
VmallocUsed:      101744 kB
VmallocChunk:          0 kB
Percpu:             7616 kB
CmaTotal:         294912 kB
CmaFree:               0 kB
MemTotal:       12113144 kB
MemFree:         6687036 kB
MemAvailable:    8070476 kB
Buffers:            5544 kB
Cached:          1626236 kB
SwapCached:            0 kB
Active:          1492076 kB
Inactive:        1349228 kB
Active(anon):    1216564 kB
Inactive(anon):    21272 kB
Active(file):     275512 kB
Inactive(file):  1327956 kB
Unevictable:        5864 kB
Mlocked:            5864 kB
SwapTotal:       3145724 kB
SwapFree:        3145724 kB
Dirty:               220 kB
Writeback:             0 kB
AnonPages:       1215492 kB
Mapped:           818960 kB
Shmem:             23480 kB
KReclaimable:     648676 kB
Slab:             205816 kB
SReclaimable:      67340 kB
SUnreclaim:       138476 kB
KernelStack:       44640 kB
PageTables:        59640 kB
NFS_Unstable:          0 kB
Bounce:                0 kB
WritebackTmp:          0 kB
CommitLimit:     9202296 kB
Committed_AS:   63019628 kB
VmallocTotal:   263061440 kB
VmallocUsed:      101728 kB
VmallocChunk:          0 kB
Percpu:             7616 kB
CmaTotal:         294912 kB
CmaFree:               0 kB
MemTotal:       12113144 kB
MemFree:         6687044 kB
MemAvailable:    8070484 kB
Buffers:            5544 kB
Cached:          1626236 kB
SwapCached:            0 kB
Active:          1492272 kB
Inactive:        1349228 kB
Active(anon):    1216760 kB
Inactive(anon):    21272 kB
Active(file):     275512 kB
Inactive(file):  1327956 kB
Unevictable:        5864 kB
Mlocked:            5864 kB
SwapTotal:       3145724 kB
SwapFree:        3145724 kB
Dirty:               220 kB
Writeback:             0 kB
AnonPages:       1215596 kB
Mapped:           818728 kB
Shmem:             23480 kB
KReclaimable:     648676 kB
Slab:             205808 kB
SReclaimable:      67340 kB
SUnreclaim:       138468 kB
KernelStack:       44624 kB
PageTables:        59688 kB
NFS_Unstable:          0 kB
Bounce:                0 kB
WritebackTmp:          0 kB
CommitLimit:     9202296 kB
Committed_AS:   63016876 kB
VmallocTotal:   263061440 kB
VmallocUsed:      101696 kB
VmallocChunk:          0 kB
Percpu:             7616 kB
CmaTotal:         294912 kB
CmaFree:               0 kB
MemTotal:       12113144 kB
MemFree:         6685844 kB
MemAvailable:    8069284 kB
Buffers:            5544 kB
Cached:          1626236 kB
SwapCached:            0 kB
Active:          1492248 kB
Inactive:        1349224 kB
Active(anon):    1216732 kB
Inactive(anon):    21272 kB
Active(file):     275516 kB
Inactive(file):  1327952 kB
Unevictable:        5864 kB
Mlocked:            5864 kB
SwapTotal:       3145724 kB
SwapFree:        3145724 kB
Dirty:               228 kB
Writeback:             0 kB
AnonPages:       1215480 kB
Mapped:           818680 kB
Shmem:             23480 kB
KReclaimable:     648676 kB
Slab:             205808 kB
SReclaimable:      67340 kB
SUnreclaim:       138468 kB
KernelStack:       44640 kB
PageTables:        59764 kB
NFS_Unstable:          0 kB
Bounce:                0 kB
WritebackTmp:          0 kB
CommitLimit:     9202296 kB
Committed_AS:   63021760 kB
VmallocTotal:   263061440 kB
VmallocUsed:      101712 kB
VmallocChunk:          0 kB
Percpu:             7616 kB
CmaTotal:         294912 kB
CmaFree:               0 kB
MemTotal:       12113144 kB
MemFree:         6687544 kB
MemAvailable:    8070984 kB
Buffers:            5544 kB
Cached:          1626236 kB
SwapCached:            0 kB
Active:          1491992 kB
Inactive:        1349228 kB
Active(anon):    1216480 kB
Inactive(anon):    21272 kB
Active(file):     275512 kB
Inactive(file):  1327956 kB
Unevictable:        5864 kB
Mlocked:            5864 kB
SwapTotal:       3145724 kB
SwapFree:        3145724 kB
Dirty:               240 kB
Writeback:             0 kB
AnonPages:       1215156 kB
Mapped:           818960 kB
Shmem:             23480 kB
KReclaimable:     648676 kB
Slab:             205808 kB
SReclaimable:      67340 kB
SUnreclaim:       138468 kB
KernelStack:       44608 kB
PageTables:        59516 kB
NFS_Unstable:          0 kB
Bounce:                0 kB
WritebackTmp:          0 kB
CommitLimit:     9202296 kB
Committed_AS:   63021900 kB
VmallocTotal:   263061440 kB
VmallocUsed:      101680 kB
VmallocChunk:          0 kB
Percpu:             7616 kB
CmaTotal:         294912 kB
CmaFree:               0 kB
MemTotal:       12113144 kB
MemFree:         6688164 kB
MemAvailable:    8071612 kB
Buffers:            5544 kB
Cached:          1626244 kB
SwapCached:            0 kB
Active:          1492304 kB
Inactive:        1349232 kB
Active(anon):    1216788 kB
Inactive(anon):    21272 kB
Active(file):     275516 kB
Inactive(file):  1327960 kB
Unevictable:        5864 kB
Mlocked:            5864 kB
SwapTotal:       3145724 kB
SwapFree:        3145724 kB
Dirty:               244 kB
Writeback:             0 kB
AnonPages:       1215644 kB
Mapped:           819040 kB
Shmem:             23480 kB
KReclaimable:     648676 kB
Slab:             205816 kB
SReclaimable:      67340 kB
SUnreclaim:       138476 kB
KernelStack:       44672 kB
PageTables:        59728 kB
NFS_Unstable:          0 kB
Bounce:                0 kB
WritebackTmp:          0 kB
CommitLimit:     9202296 kB
Committed_AS:   63018832 kB
VmallocTotal:   263061440 kB
VmallocUsed:      101648 kB
VmallocChunk:          0 kB
Percpu:             7616 kB
CmaTotal:         294912 kB
CmaFree:               0 kB
MemTotal:       12113144 kB
MemFree:         6687172 kB
MemAvailable:    8070620 kB
Buffers:            5544 kB
Cached:          1626244 kB
SwapCached:            0 kB
Active:          1493164 kB
Inactive:        1349232 kB
Active(anon):    1217648 kB
Inactive(anon):    21272 kB
Active(file):     275516 kB
Inactive(file):  1327960 kB
Unevictable:        5864 kB
Mlocked:            5864 kB
SwapTotal:       3145724 kB
SwapFree:        3145724 kB
Dirty:               256 kB
Writeback:             0 kB
AnonPages:       1216492 kB
Mapped:           819008 kB
Shmem:             23480 kB
KReclaimable:     648676 kB
Slab:             205808 kB
SReclaimable:      67340 kB
SUnreclaim:       138468 kB
KernelStack:       44672 kB
PageTables:        59728 kB
NFS_Unstable:          0 kB
Bounce:                0 kB
WritebackTmp:          0 kB
CommitLimit:     9202296 kB
Committed_AS:   63026336 kB
VmallocTotal:   263061440 kB
VmallocUsed:      101696 kB
VmallocChunk:          0 kB
Percpu:             7616 kB
CmaTotal:         294912 kB
CmaFree:               0 kB
MemTotal:       12113144 kB
MemFree:         6686000 kB
MemAvailable:    8069448 kB
Buffers:            5544 kB
Cached:          1626244 kB
SwapCached:            0 kB
Active:          1492988 kB
Inactive:        1349232 kB
Active(anon):    1217472 kB
Inactive(anon):    21272 kB
Active(file):     275516 kB
Inactive(file):  1327960 kB
Unevictable:        5864 kB
Mlocked:            5864 kB
SwapTotal:       3145724 kB
SwapFree:        3145724 kB
Dirty:               256 kB
Writeback:             0 kB
AnonPages:       1216740 kB
Mapped:           818960 kB
Shmem:             23480 kB
KReclaimable:     648676 kB
Slab:             205800 kB
SReclaimable:      67340 kB
SUnreclaim:       138460 kB
KernelStack:       44640 kB
PageTables:        59648 kB
NFS_Unstable:          0 kB
Bounce:                0 kB
WritebackTmp:          0 kB
CommitLimit:     9202296 kB
Committed_AS:   63020948 kB
VmallocTotal:   263061440 kB
VmallocUsed:      101712 kB
VmallocChunk:          0 kB
Percpu:             7616 kB
CmaTotal:         294912 kB
CmaFree:               0 kB
MemTotal:       12113144 kB
MemFree:         6685556 kB
MemAvailable:    8069004 kB
Buffers:            5544 kB
Cached:          1626244 kB
SwapCached:            0 kB
Active:          1493312 kB
Inactive:        1349232 kB
Active(anon):    1217796 kB
Inactive(anon):    21272 kB
Active(file):     275516 kB
Inactive(file):  1327960 kB
Unevictable:        5864 kB
Mlocked:            5864 kB
SwapTotal:       3145724 kB
SwapFree:        3145724 kB
Dirty:               256 kB
Writeback:             0 kB
AnonPages:       1216816 kB
Mapped:           818700 kB
Shmem:             23480 kB
KReclaimable:     648676 kB
Slab:             205808 kB
SReclaimable:      67340 kB
SUnreclaim:       138468 kB
KernelStack:       44624 kB
PageTables:        59512 kB
NFS_Unstable:          0 kB
Bounce:                0 kB
WritebackTmp:          0 kB
CommitLimit:     9202296 kB
Committed_AS:   63016800 kB
VmallocTotal:   263061440 kB
VmallocUsed:      101712 kB
VmallocChunk:          0 kB
Percpu:             7616 kB
CmaTotal:         294912 kB
CmaFree:               0 kB
MemTotal:       12113144 kB
MemFree:         6685044 kB
MemAvailable:    8068492 kB
Buffers:            5548 kB
Cached:          1626248 kB
SwapCached:            0 kB
Active:          1493552 kB
Inactive:        1349232 kB
Active(anon):    1218036 kB
Inactive(anon):    21272 kB
Active(file):     275516 kB
Inactive(file):  1327960 kB
Unevictable:        5864 kB
Mlocked:            5864 kB
SwapTotal:       3145724 kB
SwapFree:        3145724 kB
Dirty:               236 kB
Writeback:             0 kB
AnonPages:       1216744 kB
Mapped:           818760 kB
Shmem:             23480 kB
KReclaimable:     648676 kB
Slab:             205824 kB
SReclaimable:      67340 kB
SUnreclaim:       138484 kB
KernelStack:       44656 kB
PageTables:        59560 kB
NFS_Unstable:          0 kB
Bounce:                0 kB
WritebackTmp:          0 kB
CommitLimit:     9202296 kB
Committed_AS:   63016420 kB
VmallocTotal:   263061440 kB
VmallocUsed:      101680 kB
VmallocChunk:          0 kB
Percpu:             7616 kB
CmaTotal:         294912 kB
CmaFree:              24 kB
MemTotal:       12113144 kB
MemFree:         6685080 kB
MemAvailable:    8068540 kB
Buffers:            5548 kB
Cached:          1626252 kB
SwapCached:            0 kB
Active:          1494140 kB
Inactive:        1349240 kB
Active(anon):    1218620 kB
Inactive(anon):    21272 kB
Active(file):     275520 kB
Inactive(file):  1327968 kB
Unevictable:        5864 kB
Mlocked:            5864 kB
SwapTotal:       3145724 kB
SwapFree:        3145724 kB
Dirty:               240 kB
Writeback:             0 kB
AnonPages:       1217448 kB
Mapped:           818764 kB
Shmem:             23480 kB
KReclaimable:     648676 kB
Slab:             205816 kB
SReclaimable:      67340 kB
SUnreclaim:       138476 kB
KernelStack:       44672 kB
PageTables:        59696 kB
NFS_Unstable:          0 kB
Bounce:                0 kB
WritebackTmp:          0 kB
CommitLimit:     9202296 kB
Committed_AS:   63022660 kB
VmallocTotal:   263061440 kB
VmallocUsed:      101696 kB
VmallocChunk:          0 kB
Percpu:             7616 kB
CmaTotal:         294912 kB
CmaFree:               0 kB
MemTotal:       12113144 kB
MemFree:         6684660 kB
MemAvailable:    8068120 kB
Buffers:            5548 kB
Cached:          1626252 kB
SwapCached:            0 kB
Active:          1494484 kB
Inactive:        1349240 kB
Active(anon):    1218964 kB
Inactive(anon):    21272 kB
Active(file):     275520 kB
Inactive(file):  1327968 kB
Unevictable:        5864 kB
Mlocked:            5864 kB
SwapTotal:       3145724 kB
SwapFree:        3145724 kB
Dirty:               240 kB
Writeback:             0 kB
AnonPages:       1217988 kB
Mapped:           818932 kB
Shmem:             23480 kB
KReclaimable:     648676 kB
Slab:             205808 kB
SReclaimable:      67340 kB
SUnreclaim:       138468 kB
KernelStack:       44688 kB
PageTables:        59652 kB
NFS_Unstable:          0 kB
Bounce:                0 kB
WritebackTmp:          0 kB
CommitLimit:     9202296 kB
Committed_AS:   63016880 kB
VmallocTotal:   263061440 kB
VmallocUsed:      101712 kB
VmallocChunk:          0 kB
Percpu:             7616 kB
CmaTotal:         294912 kB
CmaFree:               0 kB
MemTotal:       12113144 kB
MemFree:         6683852 kB
MemAvailable:    8067312 kB
Buffers:            5548 kB
Cached:          1626252 kB
SwapCached:            0 kB
Active:          1494484 kB
Inactive:        1349240 kB
Active(anon):    1218964 kB
Inactive(anon):    21272 kB
Active(file):     275520 kB
Inactive(file):  1327968 kB
Unevictable:        5864 kB
Mlocked:            5864 kB
SwapTotal:       3145724 kB
SwapFree:        3145724 kB
Dirty:               240 kB
Writeback:             0 kB
AnonPages:       1218056 kB
Mapped:           818944 kB
Shmem:             23480 kB
KReclaimable:     648676 kB
Slab:             205816 kB
SReclaimable:      67340 kB
SUnreclaim:       138476 kB
KernelStack:       44640 kB
PageTables:        59684 kB
NFS_Unstable:          0 kB
Bounce:                0 kB
WritebackTmp:          0 kB
CommitLimit:     9202296 kB
Committed_AS:   63018492 kB
VmallocTotal:   263061440 kB
VmallocUsed:      101696 kB
VmallocChunk:          0 kB
Percpu:             7616 kB
CmaTotal:         294912 kB
CmaFree:               0 kB
MemTotal:       12113144 kB
MemFree:         6683860 kB
MemAvailable:    8067320 kB
Buffers:            5548 kB
Cached:          1626272 kB
SwapCached:            0 kB
Active:          1494916 kB
Inactive:        1349260 kB
Active(anon):    1219396 kB
Inactive(anon):    21292 kB
Active(file):     275520 kB
Inactive(file):  1327968 kB
Unevictable:        5864 kB
Mlocked:            5864 kB
SwapTotal:       3145724 kB
SwapFree:        3145724 kB
Dirty:               240 kB
Writeback:             0 kB
AnonPages:       1218104 kB
Mapped:           818720 kB
Shmem:             23500 kB
KReclaimable:     648676 kB
Slab:             205808 kB
SReclaimable:      67340 kB
SUnreclaim:       138468 kB
KernelStack:       44656 kB
PageTables:        59636 kB
NFS_Unstable:          0 kB
Bounce:                0 kB
WritebackTmp:          0 kB
CommitLimit:     9202296 kB
Committed_AS:   63017060 kB
VmallocTotal:   263061440 kB
VmallocUsed:      101680 kB
VmallocChunk:          0 kB
Percpu:             7616 kB
CmaTotal:         294912 kB
CmaFree:               0 kB
MemTotal:       12113144 kB
MemFree:         6683024 kB
MemAvailable:    8066484 kB
Buffers:            5548 kB
Cached:          1626272 kB
SwapCached:            0 kB
Active:          1495504 kB
Inactive:        1349260 kB
Active(anon):    1219984 kB
Inactive(anon):    21292 kB
Active(file):     275520 kB
Inactive(file):  1327968 kB
Unevictable:        5864 kB
Mlocked:            5864 kB
SwapTotal:       3145724 kB
SwapFree:        3145724 kB
Dirty:               240 kB
Writeback:             0 kB
AnonPages:       1218776 kB
Mapped:           818924 kB
Shmem:             23500 kB
KReclaimable:     648676 kB
Slab:             205808 kB
SReclaimable:      67340 kB
SUnreclaim:       138468 kB
KernelStack:       44672 kB
PageTables:        59696 kB
NFS_Unstable:          0 kB
Bounce:                0 kB
WritebackTmp:          0 kB
CommitLimit:     9202296 kB
Committed_AS:   63016588 kB
VmallocTotal:   263061440 kB
VmallocUsed:      101728 kB
VmallocChunk:          0 kB
Percpu:             7616 kB
CmaTotal:         294912 kB
CmaFree:               0 kB
MemTotal:       12113144 kB
MemFree:         6683584 kB
MemAvailable:    8067044 kB
Buffers:            5548 kB
Cached:          1626272 kB
SwapCached:            0 kB
Active:          1495956 kB
Inactive:        1349260 kB
Active(anon):    1220436 kB
Inactive(anon):    21292 kB
Active(file):     275520 kB
Inactive(file):  1327968 kB
Unevictable:        5864 kB
Mlocked:            5864 kB
SwapTotal:       3145724 kB
SwapFree:        3145724 kB
Dirty:               244 kB
Writeback:             0 kB
AnonPages:       1219052 kB
Mapped:           819072 kB
Shmem:             23500 kB
KReclaimable:     648676 kB
Slab:             205816 kB
SReclaimable:      67340 kB
SUnreclaim:       138476 kB
KernelStack:       44672 kB
PageTables:        59716 kB
NFS_Unstable:          0 kB
Bounce:                0 kB
WritebackTmp:          0 kB
CommitLimit:     9202296 kB
Committed_AS:   63012924 kB
VmallocTotal:   263061440 kB
VmallocUsed:      101664 kB
VmallocChunk:          0 kB
Percpu:             7616 kB
CmaTotal:         294912 kB
CmaFree:               0 kB
MemTotal:       12113144 kB
MemFree:         6685916 kB
MemAvailable:    8069376 kB
Buffers:            5548 kB
Cached:          1626272 kB
SwapCached:            0 kB
Active:          1493132 kB
Inactive:        1349260 kB
Active(anon):    1217612 kB
Inactive(anon):    21292 kB
Active(file):     275520 kB
Inactive(file):  1327968 kB
Unevictable:        5864 kB
Mlocked:            5864 kB
SwapTotal:       3145724 kB
SwapFree:        3145724 kB
Dirty:               256 kB
Writeback:             0 kB
AnonPages:       1216496 kB
Mapped:           818900 kB
Shmem:             23500 kB
KReclaimable:     648676 kB
Slab:             205808 kB
SReclaimable:      67340 kB
SUnreclaim:       138468 kB
KernelStack:       44672 kB
PageTables:        59680 kB
NFS_Unstable:          0 kB
Bounce:                0 kB
WritebackTmp:          0 kB
CommitLimit:     9202296 kB
Committed_AS:   63012764 kB
VmallocTotal:   263061440 kB
VmallocUsed:      101632 kB
VmallocChunk:          0 kB
Percpu:             7616 kB
CmaTotal:         294912 kB
CmaFree:               0 kB
MemTotal:       12113144 kB
MemFree:         6683768 kB
MemAvailable:    8067228 kB
Buffers:            5548 kB
Cached:          1626272 kB
SwapCached:            0 kB
Active:          1493600 kB
Inactive:        1349260 kB
Active(anon):    1218080 kB
Inactive(anon):    21292 kB
Active(file):     275520 kB
Inactive(file):  1327968 kB
Unevictable:        5864 kB
Mlocked:            5864 kB
SwapTotal:       3145724 kB
SwapFree:        3145724 kB
Dirty:               288 kB
Writeback:             0 kB
AnonPages:       1216708 kB
Mapped:           819060 kB
Shmem:             23500 kB
KReclaimable:     648676 kB
Slab:             205816 kB
SReclaimable:      67340 kB
SUnreclaim:       138476 kB
KernelStack:       44656 kB
PageTables:        59752 kB
NFS_Unstable:          0 kB
Bounce:                0 kB
WritebackTmp:          0 kB
CommitLimit:     9202296 kB
Committed_AS:   63016256 kB
VmallocTotal:   263061440 kB
VmallocUsed:      101728 kB
VmallocChunk:          0 kB
Percpu:             7616 kB
CmaTotal:         294912 kB
CmaFree:               0 kB
MemTotal:       12113144 kB
MemFree:         6684272 kB
MemAvailable:    8067744 kB
Buffers:            5548 kB
Cached:          1626280 kB
SwapCached:            0 kB
Active:          1492756 kB
Inactive:        1349268 kB
Active(anon):    1217236 kB
Inactive(anon):    21292 kB
Active(file):     275520 kB
Inactive(file):  1327976 kB
Unevictable:        5864 kB
Mlocked:            5864 kB
SwapTotal:       3145724 kB
SwapFree:        3145724 kB
Dirty:               304 kB
Writeback:             0 kB
AnonPages:       1215996 kB
Mapped:           818964 kB
Shmem:             23500 kB
KReclaimable:     648680 kB
Slab:             205812 kB
SReclaimable:      67344 kB
SUnreclaim:       138468 kB
KernelStack:       44640 kB
PageTables:        59560 kB
NFS_Unstable:          0 kB
Bounce:                0 kB
WritebackTmp:          0 kB
CommitLimit:     9202296 kB
Committed_AS:   63022568 kB
VmallocTotal:   263061440 kB
VmallocUsed:      101760 kB
VmallocChunk:          0 kB
Percpu:             7616 kB
CmaTotal:         294912 kB
CmaFree:               0 kB
MemTotal:       12113144 kB
MemFree:         6684780 kB
MemAvailable:    8068252 kB
Buffers:            5548 kB
Cached:          1626280 kB
SwapCached:            0 kB
Active:          1493212 kB
Inactive:        1349268 kB
Active(anon):    1217692 kB
Inactive(anon):    21292 kB
Active(file):     275520 kB
Inactive(file):  1327976 kB
Unevictable:        5864 kB
Mlocked:            5864 kB
SwapTotal:       3145724 kB
SwapFree:        3145724 kB
Dirty:               304 kB
Writeback:             0 kB
AnonPages:       1216504 kB
Mapped:           818684 kB
Shmem:             23500 kB
KReclaimable:     648680 kB
Slab:             205804 kB
SReclaimable:      67344 kB
SUnreclaim:       138460 kB
KernelStack:       44656 kB
PageTables:        59644 kB
NFS_Unstable:          0 kB
Bounce:                0 kB
WritebackTmp:          0 kB
CommitLimit:     9202296 kB
Committed_AS:   63027144 kB
VmallocTotal:   263061440 kB
VmallocUsed:      101760 kB
