MemTotal:       12113140 kB
MemFree:         1567988 kB
MemAvailable:    8203424 kB
Buffers:            3064 kB
Cached:          6515436 kB
SwapCached:            0 kB
Active:          6049252 kB
Inactive:        1999160 kB
Active(anon):    1241428 kB
Inactive(anon):   328320 kB
Active(file):    4807824 kB
Inactive(file):  1670840 kB
Unevictable:        5576 kB
Mlocked:            5576 kB
SwapTotal:       3145724 kB
SwapFree:        3140112 kB
Dirty:              2876 kB
Writeback:             0 kB
AnonPages:       1535380 kB
Mapped:           553100 kB
Shmem:             35300 kB
KReclaimable:    1041860 kB
Slab:             242652 kB
SReclaimable:      94296 kB
SUnreclaim:       148356 kB
KernelStack:       53192 kB
PageTables:        65540 kB
NFS_Unstable:          0 kB
Bounce:                0 kB
WritebackTmp:          0 kB
CommitLimit:     9202292 kB
Committed_AS:   70270572 kB
VmallocTotal:   263061440 kB
VmallocUsed:      110172 kB
VmallocChunk:          0 kB
Percpu:             7616 kB
CmaTotal:         294912 kB
CmaFree:             124 kB
MemTotal:       12113140 kB
MemFree:         1553212 kB
MemAvailable:    8135096 kB
Buffers:            3068 kB
Cached:          6514216 kB
SwapCached:            0 kB
Active:          6062656 kB
Inactive:        1999228 kB
Active(anon):    1255904 kB
Inactive(anon):   328292 kB
Active(file):    4806752 kB
Inactive(file):  1670936 kB
Unevictable:        5576 kB
Mlocked:            5576 kB
SwapTotal:       3145724 kB
SwapFree:        3140112 kB
Dirty:               932 kB
Writeback:             0 kB
AnonPages:       1549968 kB
Mapped:           571508 kB
Shmem:             35060 kB
KReclaimable:     989284 kB
Slab:             242684 kB
SReclaimable:      94296 kB
SUnreclaim:       148388 kB
KernelStack:       53620 kB
PageTables:        66152 kB
NFS_Unstable:          0 kB
Bounce:                0 kB
WritebackTmp:          0 kB
CommitLimit:     9202292 kB
Committed_AS:   70335124 kB
VmallocTotal:   263061440 kB
VmallocUsed:      110588 kB
VmallocChunk:          0 kB
Percpu:             7616 kB
CmaTotal:         294912 kB
CmaFree:               0 kB
MemTotal:       12113140 kB
MemFree:         1282784 kB
MemAvailable:    7911416 kB
Buffers:            3068 kB
Cached:          6515056 kB
SwapCached:            0 kB
Active:          6333364 kB
Inactive:        1999864 kB
Active(anon):    1526608 kB
Inactive(anon):   328948 kB
Active(file):    4806756 kB
Inactive(file):  1670916 kB
Unevictable:        5576 kB
Mlocked:            5576 kB
SwapTotal:       3145724 kB
SwapFree:        3140112 kB
Dirty:              1236 kB
Writeback:             0 kB
AnonPages:       1821056 kB
Mapped:           560032 kB
Shmem:             35916 kB
KReclaimable:    1036048 kB
Slab:             242680 kB
SReclaimable:      94296 kB
SUnreclaim:       148384 kB
KernelStack:       53760 kB
PageTables:        66688 kB
NFS_Unstable:          0 kB
Bounce:                0 kB
WritebackTmp:          0 kB
CommitLimit:     9202292 kB
Committed_AS:   70649052 kB
VmallocTotal:   263061440 kB
VmallocUsed:      110700 kB
VmallocChunk:          0 kB
Percpu:             7616 kB
CmaTotal:         294912 kB
CmaFree:               0 kB
MemTotal:       12113140 kB
MemFree:         1075408 kB
MemAvailable:    7363004 kB
Buffers:            3068 kB
Cached:          6515100 kB
SwapCached:            0 kB
Active:          6537172 kB
Inactive:        1999896 kB
Active(anon):    1730404 kB
Inactive(anon):   328964 kB
Active(file):    4806768 kB
Inactive(file):  1670932 kB
Unevictable:        5576 kB
Mlocked:            5576 kB
SwapTotal:       3145724 kB
SwapFree:        3140112 kB
Dirty:              1284 kB
Writeback:             0 kB
AnonPages:       2024380 kB
Mapped:           618940 kB
Shmem:             35932 kB
KReclaimable:     694984 kB
Slab:             242660 kB
SReclaimable:      94296 kB
SUnreclaim:       148364 kB
KernelStack:       53808 kB
PageTables:        67480 kB
NFS_Unstable:          0 kB
Bounce:                0 kB
WritebackTmp:          0 kB
CommitLimit:     9202292 kB
Committed_AS:   70950296 kB
VmallocTotal:   263061440 kB
VmallocUsed:      110732 kB
VmallocChunk:          0 kB
Percpu:             7616 kB
CmaTotal:         294912 kB
CmaFree:             392 kB
MemTotal:       12113140 kB
MemFree:          940060 kB
MemAvailable:    6984516 kB
Buffers:            3068 kB
Cached:          6515104 kB
SwapCached:            0 kB
Active:          6670948 kB
Inactive:        1999900 kB
Active(anon):    1864180 kB
Inactive(anon):   328964 kB
Active(file):    4806768 kB
Inactive(file):  1670936 kB
Unevictable:        5576 kB
Mlocked:            5576 kB
SwapTotal:       3145724 kB
SwapFree:        3140112 kB
Dirty:              1308 kB
Writeback:             0 kB
AnonPages:       2158344 kB
Mapped:           757580 kB
Shmem:             35932 kB
KReclaimable:     405064 kB
Slab:             243692 kB
SReclaimable:      94296 kB
SUnreclaim:       149396 kB
KernelStack:       53700 kB
PageTables:        68332 kB
NFS_Unstable:          0 kB
Bounce:                0 kB
WritebackTmp:          0 kB
CommitLimit:     9202292 kB
Committed_AS:   71126508 kB
VmallocTotal:   263061440 kB
VmallocUsed:      110700 kB
VmallocChunk:          0 kB
Percpu:             7616 kB
CmaTotal:         294912 kB
CmaFree:               0 kB
MemTotal:       12113140 kB
MemFree:          855856 kB
MemAvailable:    6897756 kB
Buffers:            3068 kB
Cached:          6515108 kB
SwapCached:            0 kB
Active:          6755848 kB
Inactive:        1999904 kB
Active(anon):    1949080 kB
Inactive(anon):   328968 kB
Active(file):    4806768 kB
Inactive(file):  1670936 kB
Unevictable:        5576 kB
Mlocked:            5576 kB
SwapTotal:       3145724 kB
SwapFree:        3140112 kB
Dirty:              1312 kB
Writeback:             0 kB
AnonPages:       2242960 kB
Mapped:           762360 kB
Shmem:             35936 kB
KReclaimable:     399952 kB
Slab:             243552 kB
SReclaimable:      94296 kB
SUnreclaim:       149256 kB
KernelStack:       53696 kB
PageTables:        68276 kB
NFS_Unstable:          0 kB
Bounce:                0 kB
WritebackTmp:          0 kB
CommitLimit:     9202292 kB
Committed_AS:   71366368 kB
VmallocTotal:   263061440 kB
VmallocUsed:      110700 kB
VmallocChunk:          0 kB
Percpu:             7616 kB
CmaTotal:         294912 kB
CmaFree:               0 kB
MemTotal:       12113140 kB
MemFree:          830520 kB
MemAvailable:    6872552 kB
Buffers:            3068 kB
Cached:          6515120 kB
SwapCached:            0 kB
Active:          6781652 kB
Inactive:        1999908 kB
Active(anon):    1974876 kB
Inactive(anon):   328972 kB
Active(file):    4806776 kB
Inactive(file):  1670936 kB
Unevictable:        5576 kB
Mlocked:            5576 kB
SwapTotal:       3145724 kB
SwapFree:        3140112 kB
Dirty:              1428 kB
Writeback:             0 kB
AnonPages:       2269172 kB
Mapped:           780000 kB
Shmem:             35940 kB
KReclaimable:     400196 kB
Slab:             243848 kB
SReclaimable:      94296 kB
SUnreclaim:       149552 kB
KernelStack:       53872 kB
PageTables:        68700 kB
NFS_Unstable:          0 kB
Bounce:                0 kB
WritebackTmp:          0 kB
CommitLimit:     9202292 kB
Committed_AS:   71446080 kB
VmallocTotal:   263061440 kB
VmallocUsed:      110844 kB
VmallocChunk:          0 kB
Percpu:             7616 kB
CmaTotal:         294912 kB
CmaFree:               0 kB
MemTotal:       12113140 kB
MemFree:          675304 kB
MemAvailable:    6717264 kB
Buffers:            3068 kB
Cached:          6515140 kB
SwapCached:            0 kB
Active:          6936092 kB
Inactive:        1999932 kB
Active(anon):    2129320 kB
Inactive(anon):   328992 kB
Active(file):    4806772 kB
Inactive(file):  1670940 kB
Unevictable:        5576 kB
Mlocked:            5576 kB
SwapTotal:       3145724 kB
SwapFree:        3140112 kB
Dirty:              1508 kB
Writeback:             0 kB
AnonPages:       2423676 kB
Mapped:           782696 kB
Shmem:             35960 kB
KReclaimable:     400056 kB
Slab:             243564 kB
SReclaimable:      94296 kB
SUnreclaim:       149268 kB
KernelStack:       54128 kB
PageTables:        69060 kB
NFS_Unstable:          0 kB
Bounce:                0 kB
WritebackTmp:          0 kB
CommitLimit:     9202292 kB
Committed_AS:   71592584 kB
VmallocTotal:   263061440 kB
VmallocUsed:      111164 kB
VmallocChunk:          0 kB
Percpu:             7616 kB
CmaTotal:         294912 kB
CmaFree:               0 kB
MemTotal:       12113140 kB
MemFree:          498068 kB
MemAvailable:    6540052 kB
Buffers:            3068 kB
Cached:          6515172 kB
SwapCached:            0 kB
Active:          7112920 kB
Inactive:        1999960 kB
Active(anon):    2306144 kB
Inactive(anon):   329016 kB
Active(file):    4806776 kB
Inactive(file):  1670944 kB
Unevictable:        5576 kB
Mlocked:            5576 kB
SwapTotal:       3145724 kB
SwapFree:        3140112 kB
Dirty:              1524 kB
Writeback:             0 kB
AnonPages:       2600464 kB
Mapped:           783008 kB
Shmem:             35984 kB
KReclaimable:     400088 kB
Slab:             243636 kB
SReclaimable:      94328 kB
SUnreclaim:       149308 kB
KernelStack:       54112 kB
PageTables:        69536 kB
NFS_Unstable:          0 kB
Bounce:                0 kB
WritebackTmp:          0 kB
CommitLimit:     9202292 kB
Committed_AS:   71743328 kB
VmallocTotal:   263061440 kB
VmallocUsed:      111148 kB
VmallocChunk:          0 kB
Percpu:             7616 kB
CmaTotal:         294912 kB
CmaFree:               0 kB
MemTotal:       12113140 kB
MemFree:          422152 kB
MemAvailable:    6459608 kB
Buffers:            3068 kB
Cached:          6515180 kB
SwapCached:            0 kB
Active:          7186628 kB
Inactive:        1999968 kB
Active(anon):    2379852 kB
Inactive(anon):   329024 kB
Active(file):    4806776 kB
Inactive(file):  1670944 kB
Unevictable:        5576 kB
Mlocked:            5576 kB
SwapTotal:       3145724 kB
SwapFree:        3140112 kB
Dirty:              1828 kB
Writeback:             0 kB
AnonPages:       2673864 kB
Mapped:           788860 kB
Shmem:             35992 kB
KReclaimable:     391028 kB
Slab:             243856 kB
SReclaimable:      94424 kB
SUnreclaim:       149432 kB
KernelStack:       54176 kB
PageTables:        69428 kB
NFS_Unstable:          0 kB
Bounce:                0 kB
WritebackTmp:          0 kB
CommitLimit:     9202292 kB
Committed_AS:   71786536 kB
VmallocTotal:   263061440 kB
VmallocUsed:      111164 kB
VmallocChunk:          0 kB
Percpu:             7616 kB
CmaTotal:         294912 kB
CmaFree:               0 kB
MemTotal:       12113140 kB
MemFree:          420508 kB
MemAvailable:    6457968 kB
Buffers:            3068 kB
Cached:          6515416 kB
SwapCached:            0 kB
Active:          7187956 kB
Inactive:        2000200 kB
Active(anon):    2381176 kB
Inactive(anon):   329252 kB
Active(file):    4806780 kB
Inactive(file):  1670948 kB
Unevictable:        5576 kB
Mlocked:            5576 kB
SwapTotal:       3145724 kB
SwapFree:        3140112 kB
Dirty:              1844 kB
Writeback:             0 kB
AnonPages:       2675464 kB
Mapped:           788876 kB
Shmem:             36220 kB
KReclaimable:     391020 kB
Slab:             243892 kB
SReclaimable:      94440 kB
SUnreclaim:       149452 kB
KernelStack:       54176 kB
PageTables:        69604 kB
NFS_Unstable:          0 kB
Bounce:                0 kB
WritebackTmp:          0 kB
CommitLimit:     9202292 kB
Committed_AS:   71789744 kB
VmallocTotal:   263061440 kB
VmallocUsed:      111180 kB
VmallocChunk:          0 kB
Percpu:             7616 kB
CmaTotal:         294912 kB
CmaFree:               0 kB
MemTotal:       12113140 kB
MemFree:          417056 kB
MemAvailable:    6454648 kB
Buffers:            3068 kB
Cached:          6515548 kB
SwapCached:            0 kB
Active:          7190368 kB
Inactive:        2000332 kB
Active(anon):    2383588 kB
Inactive(anon):   329252 kB
Active(file):    4806780 kB
Inactive(file):  1671080 kB
Unevictable:        5576 kB
Mlocked:            5576 kB
SwapTotal:       3145724 kB
SwapFree:        3140112 kB
Dirty:              1976 kB
Writeback:             0 kB
AnonPages:       2677588 kB
Mapped:           789236 kB
Shmem:             36220 kB
KReclaimable:     391020 kB
Slab:             244116 kB
SReclaimable:      94440 kB
SUnreclaim:       149676 kB
KernelStack:       54196 kB
PageTables:        69596 kB
NFS_Unstable:          0 kB
Bounce:                0 kB
WritebackTmp:          0 kB
CommitLimit:     9202292 kB
Committed_AS:   71785804 kB
VmallocTotal:   263061440 kB
VmallocUsed:      111196 kB
VmallocChunk:          0 kB
Percpu:             7616 kB
CmaTotal:         294912 kB
CmaFree:               0 kB
MemTotal:       12113140 kB
MemFree:          417364 kB
MemAvailable:    6454964 kB
Buffers:            3068 kB
Cached:          6515548 kB
SwapCached:            0 kB
Active:          7190284 kB
Inactive:        2000332 kB
Active(anon):    2383504 kB
Inactive(anon):   329252 kB
Active(file):    4806780 kB
Inactive(file):  1671080 kB
Unevictable:        5576 kB
Mlocked:            5576 kB
SwapTotal:       3145724 kB
SwapFree:        3140112 kB
Dirty:              2056 kB
Writeback:             0 kB
AnonPages:       2677748 kB
Mapped:           790000 kB
Shmem:             36220 kB
KReclaimable:     391036 kB
Slab:             243804 kB
SReclaimable:      94456 kB
SUnreclaim:       149348 kB
KernelStack:       54112 kB
PageTables:        69416 kB
NFS_Unstable:          0 kB
Bounce:                0 kB
WritebackTmp:          0 kB
CommitLimit:     9202292 kB
Committed_AS:   71785624 kB
VmallocTotal:   263061440 kB
VmallocUsed:      111148 kB
VmallocChunk:          0 kB
Percpu:             7616 kB
CmaTotal:         294912 kB
CmaFree:               0 kB
MemTotal:       12113140 kB
MemFree:          408136 kB
MemAvailable:    6445848 kB
Buffers:            3068 kB
Cached:          6515676 kB
SwapCached:            0 kB
Active:          7199484 kB
Inactive:        2000444 kB
Active(anon):    2392704 kB
Inactive(anon):   329252 kB
Active(file):    4806780 kB
Inactive(file):  1671192 kB
Unevictable:        5576 kB
Mlocked:            5576 kB
SwapTotal:       3145724 kB
SwapFree:        3140112 kB
Dirty:              2220 kB
Writeback:             0 kB
AnonPages:       2686724 kB
Mapped:           790452 kB
Shmem:             36220 kB
KReclaimable:     391036 kB
Slab:             243876 kB
SReclaimable:      94456 kB
SUnreclaim:       149420 kB
KernelStack:       54144 kB
PageTables:        69472 kB
NFS_Unstable:          0 kB
Bounce:                0 kB
WritebackTmp:          0 kB
CommitLimit:     9202292 kB
Committed_AS:   71800264 kB
VmallocTotal:   263061440 kB
VmallocUsed:      111132 kB
VmallocChunk:          0 kB
Percpu:             7616 kB
CmaTotal:         294912 kB
CmaFree:               0 kB
MemTotal:       12113140 kB
MemFree:          411628 kB
MemAvailable:    6449356 kB
Buffers:            3068 kB
Cached:          6515676 kB
SwapCached:            0 kB
Active:          7197488 kB
Inactive:        2000460 kB
Active(anon):    2390708 kB
Inactive(anon):   329252 kB
Active(file):    4806780 kB
Inactive(file):  1671208 kB
Unevictable:        5576 kB
Mlocked:            5576 kB
SwapTotal:       3145724 kB
SwapFree:        3140112 kB
Dirty:              2220 kB
Writeback:             0 kB
AnonPages:       2684940 kB
Mapped:           790512 kB
Shmem:             36220 kB
KReclaimable:     391036 kB
Slab:             244156 kB
SReclaimable:      94456 kB
SUnreclaim:       149700 kB
KernelStack:       54160 kB
PageTables:        69420 kB
NFS_Unstable:          0 kB
Bounce:                0 kB
WritebackTmp:          0 kB
CommitLimit:     9202292 kB
Committed_AS:   71804588 kB
VmallocTotal:   263061440 kB
VmallocUsed:      111180 kB
VmallocChunk:          0 kB
Percpu:             7616 kB
CmaTotal:         294912 kB
CmaFree:               0 kB
MemTotal:       12113140 kB
MemFree:          410680 kB
MemAvailable:    6448416 kB
Buffers:            3068 kB
Cached:          6515676 kB
SwapCached:            0 kB
Active:          7196692 kB
Inactive:        2000460 kB
Active(anon):    2389912 kB
Inactive(anon):   329252 kB
Active(file):    4806780 kB
Inactive(file):  1671208 kB
Unevictable:        5576 kB
Mlocked:            5576 kB
SwapTotal:       3145724 kB
SwapFree:        3140112 kB
Dirty:              2220 kB
Writeback:             0 kB
AnonPages:       2684096 kB
Mapped:           790516 kB
Shmem:             36220 kB
KReclaimable:     391052 kB
Slab:             243908 kB
SReclaimable:      94472 kB
SUnreclaim:       149436 kB
KernelStack:       54176 kB
PageTables:        69420 kB
NFS_Unstable:          0 kB
Bounce:                0 kB
WritebackTmp:          0 kB
CommitLimit:     9202292 kB
Committed_AS:   71805232 kB
VmallocTotal:   263061440 kB
VmallocUsed:      111148 kB
VmallocChunk:          0 kB
Percpu:             7616 kB
CmaTotal:         294912 kB
CmaFree:               0 kB
MemTotal:       12113140 kB
MemFree:          411036 kB
MemAvailable:    6448904 kB
Buffers:            3068 kB
Cached:          6515808 kB
SwapCached:            0 kB
Active:          7197720 kB
Inactive:        2000588 kB
Active(anon):    2390936 kB
Inactive(anon):   329252 kB
Active(file):    4806784 kB
Inactive(file):  1671336 kB
Unevictable:        5576 kB
Mlocked:            5576 kB
SwapTotal:       3145724 kB
SwapFree:        3140112 kB
Dirty:              1004 kB
Writeback:             0 kB
AnonPages:       2685132 kB
Mapped:           790532 kB
Shmem:             36220 kB
KReclaimable:     391052 kB
Slab:             244144 kB
SReclaimable:      94472 kB
SUnreclaim:       149672 kB
KernelStack:       54148 kB
PageTables:        69588 kB
NFS_Unstable:          0 kB
Bounce:                0 kB
WritebackTmp:          0 kB
CommitLimit:     9202292 kB
Committed_AS:   71804224 kB
VmallocTotal:   263061440 kB
VmallocUsed:      111164 kB
VmallocChunk:          0 kB
Percpu:             7616 kB
CmaTotal:         294912 kB
CmaFree:               0 kB
MemTotal:       12113140 kB
MemFree:          408252 kB
MemAvailable:    6446104 kB
Buffers:            3068 kB
Cached:          6515808 kB
SwapCached:            0 kB
Active:          7198536 kB
Inactive:        2000588 kB
Active(anon):    2391752 kB
Inactive(anon):   329252 kB
Active(file):    4806784 kB
Inactive(file):  1671336 kB
Unevictable:        5576 kB
Mlocked:            5576 kB
SwapTotal:       3145724 kB
SwapFree:        3140112 kB
Dirty:              1036 kB
Writeback:             0 kB
AnonPages:       2685524 kB
Mapped:           790588 kB
Shmem:             36220 kB
KReclaimable:     391020 kB
Slab:             244192 kB
SReclaimable:      94472 kB
SUnreclaim:       149720 kB
KernelStack:       54112 kB
PageTables:        69400 kB
NFS_Unstable:          0 kB
Bounce:                0 kB
WritebackTmp:          0 kB
CommitLimit:     9202292 kB
Committed_AS:   71803192 kB
VmallocTotal:   263061440 kB
VmallocUsed:      111164 kB
VmallocChunk:          0 kB
Percpu:             7616 kB
CmaTotal:         294912 kB
CmaFree:               0 kB
MemTotal:       12113140 kB
MemFree:          436348 kB
MemAvailable:    6473960 kB
Buffers:            3068 kB
Cached:          6515808 kB
SwapCached:            0 kB
Active:          7172612 kB
Inactive:        2000588 kB
Active(anon):    2365828 kB
Inactive(anon):   329252 kB
Active(file):    4806784 kB
Inactive(file):  1671336 kB
Unevictable:        5576 kB
Mlocked:            5576 kB
SwapTotal:       3145724 kB
SwapFree:        3140112 kB
Dirty:              1068 kB
Writeback:             0 kB
AnonPages:       2659460 kB
Mapped:           790956 kB
Shmem:             36220 kB
KReclaimable:     390540 kB
Slab:             243944 kB
SReclaimable:      94472 kB
SUnreclaim:       149472 kB
KernelStack:       54192 kB
PageTables:        69480 kB
NFS_Unstable:          0 kB
Bounce:                0 kB
WritebackTmp:          0 kB
CommitLimit:     9202292 kB
Committed_AS:   71798880 kB
VmallocTotal:   263061440 kB
VmallocUsed:      111180 kB
VmallocChunk:          0 kB
Percpu:             7616 kB
CmaTotal:         294912 kB
CmaFree:               0 kB
MemTotal:       12113140 kB
MemFree:          416556 kB
MemAvailable:    6454264 kB
Buffers:            3068 kB
Cached:          6515936 kB
SwapCached:            0 kB
Active:          7189380 kB
Inactive:        2000716 kB
Active(anon):    2382596 kB
Inactive(anon):   329252 kB
Active(file):    4806784 kB
Inactive(file):  1671464 kB
Unevictable:        5576 kB
Mlocked:            5576 kB
SwapTotal:       3145724 kB
SwapFree:        3140112 kB
Dirty:              1264 kB
Writeback:             0 kB
AnonPages:       2676884 kB
Mapped:           791148 kB
Shmem:             36220 kB
KReclaimable:     390476 kB
Slab:             244184 kB
SReclaimable:      94472 kB
SUnreclaim:       149712 kB
KernelStack:       54184 kB
PageTables:        69768 kB
NFS_Unstable:          0 kB
Bounce:                0 kB
WritebackTmp:          0 kB
CommitLimit:     9202292 kB
Committed_AS:   71799268 kB
VmallocTotal:   263061440 kB
VmallocUsed:      111180 kB
VmallocChunk:          0 kB
Percpu:             7616 kB
CmaTotal:         294912 kB
CmaFree:               0 kB
MemTotal:       12113140 kB
MemFree:          403312 kB
MemAvailable:    6441780 kB
Buffers:            3068 kB
Cached:          6517300 kB
SwapCached:            0 kB
Active:          7199820 kB
Inactive:        2001968 kB
Active(anon):    2393072 kB
Inactive(anon):   329252 kB
Active(file):    4806748 kB
Inactive(file):  1672716 kB
Unevictable:        5576 kB
Mlocked:            5576 kB
SwapTotal:       3145724 kB
SwapFree:        3140112 kB
Dirty:              2676 kB
Writeback:          3048 kB
AnonPages:       2687312 kB
Mapped:           791656 kB
Shmem:             36220 kB
KReclaimable:     389568 kB
Slab:             243912 kB
SReclaimable:      94436 kB
SUnreclaim:       149476 kB
KernelStack:       54176 kB
PageTables:        69628 kB
NFS_Unstable:          0 kB
Bounce:                0 kB
WritebackTmp:          0 kB
CommitLimit:     9202292 kB
Committed_AS:   71798280 kB
VmallocTotal:   263061440 kB
VmallocUsed:      111180 kB
VmallocChunk:          0 kB
Percpu:             7616 kB
CmaTotal:         294912 kB
CmaFree:               8 kB
MemTotal:       12113140 kB
MemFree:          380208 kB
MemAvailable:    6428612 kB
Buffers:            3076 kB
Cached:          6527080 kB
SwapCached:            0 kB
Active:          7215524 kB
Inactive:        2011924 kB
Active(anon):    2408816 kB
Inactive(anon):   329252 kB
Active(file):    4806708 kB
Inactive(file):  1682672 kB
Unevictable:        5576 kB
Mlocked:            5576 kB
SwapTotal:       3145724 kB
SwapFree:        3140112 kB
Dirty:             12480 kB
Writeback:            12 kB
AnonPages:       2702800 kB
Mapped:           791828 kB
Shmem:             36220 kB
KReclaimable:     389608 kB
Slab:             244208 kB
SReclaimable:      94476 kB
SUnreclaim:       149732 kB
KernelStack:       54164 kB
PageTables:        69304 kB
NFS_Unstable:          0 kB
Bounce:                0 kB
WritebackTmp:          0 kB
CommitLimit:     9202292 kB
Committed_AS:   71803084 kB
VmallocTotal:   263061440 kB
VmallocUsed:      111132 kB
VmallocChunk:          0 kB
Percpu:             7616 kB
CmaTotal:         294912 kB
CmaFree:               0 kB
MemTotal:       12113140 kB
MemFree:          418044 kB
MemAvailable:    6466700 kB
Buffers:            3076 kB
Cached:          6527316 kB
SwapCached:            0 kB
Active:          7173864 kB
Inactive:        2012176 kB
Active(anon):    2367152 kB
Inactive(anon):   329256 kB
Active(file):    4806712 kB
Inactive(file):  1682920 kB
Unevictable:        5576 kB
Mlocked:            5576 kB
SwapTotal:       3145724 kB
SwapFree:        3140112 kB
Dirty:             12708 kB
Writeback:             0 kB
AnonPages:       2661276 kB
Mapped:           791712 kB
Shmem:             36224 kB
KReclaimable:     389608 kB
Slab:             243936 kB
SReclaimable:      94476 kB
SUnreclaim:       149460 kB
KernelStack:       54144 kB
PageTables:        69440 kB
NFS_Unstable:          0 kB
Bounce:                0 kB
WritebackTmp:          0 kB
CommitLimit:     9202292 kB
Committed_AS:   71801664 kB
VmallocTotal:   263061440 kB
VmallocUsed:      111148 kB
VmallocChunk:          0 kB
Percpu:             7616 kB
CmaTotal:         294912 kB
CmaFree:               4 kB
MemTotal:       12113140 kB
MemFree:          416264 kB
MemAvailable:    6464920 kB
Buffers:            3076 kB
Cached:          6527316 kB
SwapCached:            0 kB
Active:          7175292 kB
Inactive:        2012176 kB
Active(anon):    2368580 kB
Inactive(anon):   329256 kB
Active(file):    4806712 kB
Inactive(file):  1682920 kB
Unevictable:        5576 kB
Mlocked:            5576 kB
SwapTotal:       3145724 kB
SwapFree:        3140112 kB
Dirty:             12708 kB
Writeback:             0 kB
AnonPages:       2662636 kB
Mapped:           791728 kB
Shmem:             36224 kB
KReclaimable:     389608 kB
Slab:             243936 kB
SReclaimable:      94476 kB
SUnreclaim:       149460 kB
KernelStack:       54144 kB
PageTables:        69260 kB
NFS_Unstable:          0 kB
Bounce:                0 kB
WritebackTmp:          0 kB
CommitLimit:     9202292 kB
Committed_AS:   71797160 kB
VmallocTotal:   263061440 kB
VmallocUsed:      111196 kB
VmallocChunk:          0 kB
Percpu:             7616 kB
CmaTotal:         294912 kB
CmaFree:               0 kB
MemTotal:       12113140 kB
MemFree:          416948 kB
MemAvailable:    6465776 kB
Buffers:            3080 kB
Cached:          6527488 kB
SwapCached:            0 kB
Active:          7175764 kB
Inactive:        2012348 kB
Active(anon):    2369048 kB
Inactive(anon):   329260 kB
Active(file):    4806716 kB
Inactive(file):  1683088 kB
Unevictable:        5576 kB
Mlocked:            5576 kB
SwapTotal:       3145724 kB
SwapFree:        3140112 kB
Dirty:              1656 kB
Writeback:             0 kB
AnonPages:       2663252 kB
Mapped:           791808 kB
Shmem:             36228 kB
KReclaimable:     389608 kB
Slab:             243984 kB
SReclaimable:      94476 kB
SUnreclaim:       149508 kB
KernelStack:       54160 kB
PageTables:        69776 kB
NFS_Unstable:          0 kB
Bounce:                0 kB
WritebackTmp:          0 kB
CommitLimit:     9202292 kB
Committed_AS:   71802104 kB
VmallocTotal:   263061440 kB
VmallocUsed:      111180 kB
VmallocChunk:          0 kB
Percpu:             7616 kB
CmaTotal:         294912 kB
CmaFree:               0 kB
MemTotal:       12113140 kB
MemFree:          417332 kB
MemAvailable:    6466168 kB
Buffers:            3080 kB
Cached:          6527496 kB
SwapCached:            0 kB
Active:          7176404 kB
Inactive:        2012356 kB
Active(anon):    2369688 kB
Inactive(anon):   329260 kB
Active(file):    4806716 kB
Inactive(file):  1683096 kB
Unevictable:        5576 kB
Mlocked:            5576 kB
SwapTotal:       3145724 kB
SwapFree:        3140112 kB
Dirty:              1732 kB
Writeback:             0 kB
AnonPages:       2663812 kB
Mapped:           792088 kB
Shmem:             36228 kB
KReclaimable:     389608 kB
Slab:             243800 kB
SReclaimable:      94476 kB
SUnreclaim:       149324 kB
KernelStack:       54224 kB
PageTables:        69684 kB
NFS_Unstable:          0 kB
Bounce:                0 kB
WritebackTmp:          0 kB
CommitLimit:     9202292 kB
Committed_AS:   71801488 kB
VmallocTotal:   263061440 kB
VmallocUsed:      111180 kB
VmallocChunk:          0 kB
Percpu:             7616 kB
CmaTotal:         294912 kB
CmaFree:               0 kB
MemTotal:       12113140 kB
MemFree:          418828 kB
MemAvailable:    6467664 kB
Buffers:            3080 kB
Cached:          6527496 kB
SwapCached:            0 kB
Active:          7176632 kB
Inactive:        2012356 kB
Active(anon):    2369916 kB
Inactive(anon):   329260 kB
Active(file):    4806716 kB
Inactive(file):  1683096 kB
Unevictable:        5576 kB
Mlocked:            5576 kB
SwapTotal:       3145724 kB
SwapFree:        3140112 kB
Dirty:              1776 kB
Writeback:             0 kB
AnonPages:       2663496 kB
Mapped:           791720 kB
Shmem:             36228 kB
KReclaimable:     389608 kB
Slab:             244024 kB
SReclaimable:      94476 kB
SUnreclaim:       149548 kB
KernelStack:       54080 kB
PageTables:        69684 kB
NFS_Unstable:          0 kB
Bounce:                0 kB
WritebackTmp:          0 kB
CommitLimit:     9202292 kB
Committed_AS:   71796148 kB
VmallocTotal:   263061440 kB
VmallocUsed:      111084 kB
VmallocChunk:          0 kB
Percpu:             7616 kB
CmaTotal:         294912 kB
CmaFree:               0 kB
MemTotal:       12113140 kB
MemFree:          419360 kB
MemAvailable:    6468316 kB
Buffers:            3080 kB
Cached:          6527624 kB
SwapCached:            0 kB
Active:          7177316 kB
Inactive:        2012484 kB
Active(anon):    2370600 kB
Inactive(anon):   329260 kB
Active(file):    4806716 kB
Inactive(file):  1683224 kB
Unevictable:        5576 kB
Mlocked:            5576 kB
SwapTotal:       3145724 kB
SwapFree:        3140112 kB
Dirty:              1904 kB
Writeback:             0 kB
AnonPages:       2664880 kB
Mapped:           791724 kB
Shmem:             36228 kB
KReclaimable:     389592 kB
Slab:             244200 kB
SReclaimable:      94460 kB
SUnreclaim:       149740 kB
KernelStack:       54064 kB
PageTables:        69412 kB
NFS_Unstable:          0 kB
Bounce:                0 kB
WritebackTmp:          0 kB
CommitLimit:     9202292 kB
Committed_AS:   71800772 kB
VmallocTotal:   263061440 kB
VmallocUsed:      111116 kB
VmallocChunk:          0 kB
Percpu:             7616 kB
CmaTotal:         294912 kB
CmaFree:               0 kB
MemTotal:       12113140 kB
MemFree:          418072 kB
MemAvailable:    6467032 kB
Buffers:            3080 kB
Cached:          6527628 kB
SwapCached:            0 kB
Active:          7177520 kB
Inactive:        2012488 kB
Active(anon):    2370804 kB
Inactive(anon):   329260 kB
Active(file):    4806716 kB
Inactive(file):  1683228 kB
Unevictable:        5576 kB
Mlocked:            5576 kB
SwapTotal:       3145724 kB
SwapFree:        3140112 kB
Dirty:              1924 kB
Writeback:             0 kB
AnonPages:       2664796 kB
Mapped:           791728 kB
Shmem:             36228 kB
KReclaimable:     389592 kB
Slab:             244192 kB
SReclaimable:      94460 kB
SUnreclaim:       149732 kB
KernelStack:       54068 kB
PageTables:        69604 kB
NFS_Unstable:          0 kB
Bounce:                0 kB
WritebackTmp:          0 kB
CommitLimit:     9202292 kB
Committed_AS:   71797564 kB
VmallocTotal:   263061440 kB
VmallocUsed:      111116 kB
VmallocChunk:          0 kB
Percpu:             7616 kB
CmaTotal:         294912 kB
CmaFree:               0 kB
MemTotal:       12113140 kB
MemFree:          419024 kB
MemAvailable:    6467984 kB
Buffers:            3080 kB
Cached:          6527628 kB
SwapCached:            0 kB
Active:          7177772 kB
Inactive:        2012488 kB
Active(anon):    2371056 kB
Inactive(anon):   329260 kB
Active(file):    4806716 kB
Inactive(file):  1683228 kB
Unevictable:        5576 kB
Mlocked:            5576 kB
SwapTotal:       3145724 kB
SwapFree:        3140112 kB
Dirty:              1924 kB
Writeback:             0 kB
AnonPages:       2664848 kB
Mapped:           791652 kB
Shmem:             36228 kB
KReclaimable:     389592 kB
Slab:             243920 kB
SReclaimable:      94460 kB
SUnreclaim:       149460 kB
KernelStack:       54084 kB
PageTables:        69576 kB
NFS_Unstable:          0 kB
Bounce:                0 kB
WritebackTmp:          0 kB
CommitLimit:     9202292 kB
Committed_AS:   71800524 kB
VmallocTotal:   263061440 kB
VmallocUsed:      111116 kB
VmallocChunk:          0 kB
Percpu:             7616 kB
CmaTotal:         294912 kB
CmaFree:               0 kB
MemTotal:       12113140 kB
MemFree:          417884 kB
MemAvailable:    6466976 kB
Buffers:            3080 kB
Cached:          6527760 kB
SwapCached:            0 kB
Active:          7177228 kB
Inactive:        2012620 kB
Active(anon):    2370512 kB
Inactive(anon):   329260 kB
Active(file):    4806716 kB
Inactive(file):  1683360 kB
Unevictable:        5576 kB
Mlocked:            5576 kB
SwapTotal:       3145724 kB
SwapFree:        3140112 kB
Dirty:              2068 kB
Writeback:             0 kB
AnonPages:       2664484 kB
Mapped:           791728 kB
Shmem:             36228 kB
KReclaimable:     389592 kB
Slab:             244192 kB
SReclaimable:      94460 kB
SUnreclaim:       149732 kB
KernelStack:       54064 kB
PageTables:        69408 kB
NFS_Unstable:          0 kB
Bounce:                0 kB
WritebackTmp:          0 kB
CommitLimit:     9202292 kB
Committed_AS:   71800992 kB
VmallocTotal:   263061440 kB
VmallocUsed:      111116 kB
VmallocChunk:          0 kB
Percpu:             7616 kB
CmaTotal:         294912 kB
CmaFree:               0 kB
MemTotal:       12113140 kB
MemFree:          418676 kB
MemAvailable:    6467768 kB
Buffers:            3080 kB
Cached:          6527760 kB
SwapCached:            0 kB
Active:          7177648 kB
Inactive:        2012620 kB
Active(anon):    2370932 kB
Inactive(anon):   329260 kB
Active(file):    4806716 kB
Inactive(file):  1683360 kB
Unevictable:        5576 kB
Mlocked:            5576 kB
SwapTotal:       3145724 kB
SwapFree:        3140112 kB
Dirty:              2068 kB
Writeback:             0 kB
AnonPages:       2664868 kB
Mapped:           791728 kB
Shmem:             36228 kB
KReclaimable:     389592 kB
Slab:             244176 kB
SReclaimable:      94460 kB
SUnreclaim:       149716 kB
KernelStack:       54064 kB
PageTables:        69592 kB
NFS_Unstable:          0 kB
Bounce:                0 kB
WritebackTmp:          0 kB
CommitLimit:     9202292 kB
Committed_AS:   71801072 kB
VmallocTotal:   263061440 kB
VmallocUsed:      111116 kB
VmallocChunk:          0 kB
Percpu:             7616 kB
CmaTotal:         294912 kB
CmaFree:               0 kB
MemTotal:       12113140 kB
MemFree:          417728 kB
MemAvailable:    6466948 kB
Buffers:            3080 kB
Cached:          6527888 kB
SwapCached:            0 kB
Active:          7178664 kB
Inactive:        2012748 kB
Active(anon):    2371948 kB
Inactive(anon):   329260 kB
Active(file):    4806716 kB
Inactive(file):  1683488 kB
Unevictable:        5576 kB
Mlocked:            5576 kB
SwapTotal:       3145724 kB
SwapFree:        3140112 kB
Dirty:              2200 kB
Writeback:            12 kB
AnonPages:       2666212 kB
Mapped:           791732 kB
Shmem:             36228 kB
KReclaimable:     389592 kB
Slab:             244200 kB
SReclaimable:      94460 kB
SUnreclaim:       149740 kB
KernelStack:       54048 kB
PageTables:        69508 kB
NFS_Unstable:          0 kB
Bounce:                0 kB
WritebackTmp:          0 kB
CommitLimit:     9202292 kB
Committed_AS:   71801592 kB
VmallocTotal:   263061440 kB
VmallocUsed:      111100 kB
VmallocChunk:          0 kB
Percpu:             7616 kB
CmaTotal:         294912 kB
CmaFree:               0 kB
MemTotal:       12113140 kB
MemFree:          416256 kB
MemAvailable:    6465476 kB
Buffers:            3080 kB
Cached:          6527888 kB
SwapCached:            0 kB
Active:          7179232 kB
Inactive:        2012748 kB
Active(anon):    2372516 kB
Inactive(anon):   329260 kB
Active(file):    4806716 kB
Inactive(file):  1683488 kB
Unevictable:        5576 kB
Mlocked:            5576 kB
SwapTotal:       3145724 kB
SwapFree:        3140112 kB
Dirty:              2196 kB
Writeback:             0 kB
AnonPages:       2666348 kB
Mapped:           791732 kB
Shmem:             36228 kB
KReclaimable:     389592 kB
Slab:             243928 kB
SReclaimable:      94460 kB
SUnreclaim:       149468 kB
KernelStack:       54132 kB
PageTables:        69412 kB
NFS_Unstable:          0 kB
Bounce:                0 kB
WritebackTmp:          0 kB
CommitLimit:     9202292 kB
Committed_AS:   71798448 kB
VmallocTotal:   263061440 kB
VmallocUsed:      111100 kB
VmallocChunk:          0 kB
Percpu:             7616 kB
CmaTotal:         294912 kB
CmaFree:               0 kB
MemTotal:       12113140 kB
MemFree:          416540 kB
MemAvailable:    6465760 kB
Buffers:            3080 kB
Cached:          6527892 kB
SwapCached:            0 kB
Active:          7178964 kB
Inactive:        2012748 kB
Active(anon):    2372244 kB
Inactive(anon):   329264 kB
Active(file):    4806720 kB
Inactive(file):  1683484 kB
Unevictable:        5576 kB
Mlocked:            5576 kB
SwapTotal:       3145724 kB
SwapFree:        3140112 kB
Dirty:              2208 kB
Writeback:             0 kB
AnonPages:       2666168 kB
Mapped:           791736 kB
Shmem:             36232 kB
KReclaimable:     389592 kB
Slab:             243936 kB
SReclaimable:      94460 kB
SUnreclaim:       149476 kB
KernelStack:       54064 kB
PageTables:        69412 kB
NFS_Unstable:          0 kB
Bounce:                0 kB
WritebackTmp:          0 kB
CommitLimit:     9202292 kB
Committed_AS:   71794928 kB
VmallocTotal:   263061440 kB
VmallocUsed:      111100 kB
VmallocChunk:          0 kB
Percpu:             7616 kB
CmaTotal:         294912 kB
CmaFree:               0 kB
MemTotal:       12113140 kB
MemFree:          415876 kB
MemAvailable:    6465224 kB
Buffers:            3080 kB
Cached:          6528020 kB
SwapCached:            0 kB
Active:          7179232 kB
Inactive:        2012876 kB
Active(anon):    2372512 kB
Inactive(anon):   329264 kB
Active(file):    4806720 kB
Inactive(file):  1683612 kB
Unevictable:        5576 kB
Mlocked:            5576 kB
SwapTotal:       3145724 kB
SwapFree:        3140112 kB
Dirty:              2336 kB
Writeback:             0 kB
AnonPages:       2666788 kB
Mapped:           791740 kB
Shmem:             36232 kB
KReclaimable:     389592 kB
Slab:             243928 kB
SReclaimable:      94460 kB
SUnreclaim:       149468 kB
KernelStack:       54064 kB
PageTables:        69412 kB
NFS_Unstable:          0 kB
Bounce:                0 kB
WritebackTmp:          0 kB
CommitLimit:     9202292 kB
Committed_AS:   71797704 kB
VmallocTotal:   263061440 kB
VmallocUsed:      111100 kB
VmallocChunk:          0 kB
Percpu:             7616 kB
CmaTotal:         294912 kB
CmaFree:               0 kB
MemTotal:       12113140 kB
MemFree:          416356 kB
MemAvailable:    6465704 kB
Buffers:            3080 kB
Cached:          6528020 kB
SwapCached:            0 kB
Active:          7179492 kB
Inactive:        2012876 kB
Active(anon):    2372772 kB
Inactive(anon):   329264 kB
Active(file):    4806720 kB
Inactive(file):  1683612 kB
Unevictable:        5576 kB
Mlocked:            5576 kB
SwapTotal:       3145724 kB
SwapFree:        3140112 kB
Dirty:              2336 kB
Writeback:             0 kB
AnonPages:       2666844 kB
Mapped:           791792 kB
Shmem:             36232 kB
KReclaimable:     389592 kB
Slab:             244144 kB
SReclaimable:      94460 kB
SUnreclaim:       149684 kB
KernelStack:       54064 kB
PageTables:        69436 kB
NFS_Unstable:          0 kB
Bounce:                0 kB
WritebackTmp:          0 kB
CommitLimit:     9202292 kB
Committed_AS:   71794980 kB
VmallocTotal:   263061440 kB
VmallocUsed:      111100 kB
VmallocChunk:          0 kB
Percpu:             7616 kB
CmaTotal:         294912 kB
CmaFree:               0 kB
MemTotal:       12113140 kB
MemFree:          415680 kB
MemAvailable:    6465028 kB
Buffers:            3080 kB
Cached:          6528020 kB
SwapCached:            0 kB
Active:          7179840 kB
Inactive:        2012876 kB
Active(anon):    2373120 kB
Inactive(anon):   329264 kB
Active(file):    4806720 kB
Inactive(file):  1683612 kB
Unevictable:        5576 kB
Mlocked:            5576 kB
SwapTotal:       3145724 kB
SwapFree:        3140112 kB
Dirty:              2348 kB
Writeback:             0 kB
AnonPages:       2667236 kB
Mapped:           791740 kB
Shmem:             36232 kB
KReclaimable:     389592 kB
Slab:             244192 kB
SReclaimable:      94460 kB
SUnreclaim:       149732 kB
KernelStack:       54064 kB
PageTables:        69412 kB
NFS_Unstable:          0 kB
Bounce:                0 kB
WritebackTmp:          0 kB
CommitLimit:     9202292 kB
Committed_AS:   71799364 kB
VmallocTotal:   263061440 kB
VmallocUsed:      111100 kB
VmallocChunk:          0 kB
Percpu:             7616 kB
CmaTotal:         294912 kB
CmaFree:               0 kB
MemTotal:       12113140 kB
MemFree:          414312 kB
MemAvailable:    6463756 kB
Buffers:            3080 kB
Cached:          6528148 kB
SwapCached:            0 kB
Active:          7180084 kB
Inactive:        2013004 kB
Active(anon):    2373364 kB
Inactive(anon):   329264 kB
Active(file):    4806720 kB
Inactive(file):  1683740 kB
Unevictable:        5576 kB
Mlocked:            5576 kB
SwapTotal:       3145724 kB
SwapFree:        3140112 kB
Dirty:              2476 kB
Writeback:             0 kB
AnonPages:       2667492 kB
Mapped:           791776 kB
Shmem:             36232 kB
KReclaimable:     389524 kB
Slab:             244200 kB
SReclaimable:      94460 kB
SUnreclaim:       149740 kB
KernelStack:       54068 kB
PageTables:        69492 kB
NFS_Unstable:          0 kB
Bounce:                0 kB
WritebackTmp:          0 kB
CommitLimit:     9202292 kB
Committed_AS:   71794448 kB
VmallocTotal:   263061440 kB
VmallocUsed:      111100 kB
VmallocChunk:          0 kB
Percpu:             7616 kB
CmaTotal:         294912 kB
CmaFree:               0 kB
MemTotal:       12113140 kB
MemFree:          414740 kB
MemAvailable:    6464184 kB
Buffers:            3080 kB
Cached:          6528148 kB
SwapCached:            0 kB
Active:          7180560 kB
Inactive:        2013004 kB
Active(anon):    2373840 kB
Inactive(anon):   329264 kB
Active(file):    4806720 kB
Inactive(file):  1683740 kB
Unevictable:        5576 kB
Mlocked:            5576 kB
SwapTotal:       3145724 kB
SwapFree:        3140112 kB
Dirty:              2476 kB
Writeback:             0 kB
AnonPages:       2667780 kB
Mapped:           791780 kB
Shmem:             36232 kB
KReclaimable:     389524 kB
Slab:             243944 kB
SReclaimable:      94460 kB
SUnreclaim:       149484 kB
KernelStack:       54064 kB
PageTables:        69412 kB
NFS_Unstable:          0 kB
Bounce:                0 kB
WritebackTmp:          0 kB
CommitLimit:     9202292 kB
Committed_AS:   71798172 kB
VmallocTotal:   263061440 kB
VmallocUsed:      111100 kB
VmallocChunk:          0 kB
Percpu:             7616 kB
CmaTotal:         294912 kB
CmaFree:               0 kB
MemTotal:       12113140 kB
MemFree:          413932 kB
MemAvailable:    6463504 kB
Buffers:            3080 kB
Cached:          6528276 kB
SwapCached:            0 kB
Active:          7180888 kB
Inactive:        2013132 kB
Active(anon):    2374168 kB
Inactive(anon):   329264 kB
Active(file):    4806720 kB
Inactive(file):  1683868 kB
Unevictable:        5576 kB
Mlocked:            5576 kB
SwapTotal:       3145724 kB
SwapFree:        3140112 kB
Dirty:              2616 kB
Writeback:             0 kB
AnonPages:       2668584 kB
Mapped:           791780 kB
Shmem:             36232 kB
KReclaimable:     389524 kB
Slab:             244208 kB
SReclaimable:      94460 kB
SUnreclaim:       149748 kB
KernelStack:       54096 kB
PageTables:        69616 kB
NFS_Unstable:          0 kB
Bounce:                0 kB
WritebackTmp:          0 kB
CommitLimit:     9202292 kB
Committed_AS:   71798744 kB
VmallocTotal:   263061440 kB
VmallocUsed:      111116 kB
VmallocChunk:          0 kB
Percpu:             7616 kB
CmaTotal:         294912 kB
CmaFree:               0 kB
MemTotal:       12113140 kB
MemFree:          414872 kB
MemAvailable:    6464404 kB
Buffers:            3080 kB
Cached:          6528284 kB
SwapCached:            0 kB
Active:          7181520 kB
Inactive:        2013140 kB
Active(anon):    2374800 kB
Inactive(anon):   329264 kB
Active(file):    4806720 kB
Inactive(file):  1683876 kB
Unevictable:        5576 kB
Mlocked:            5576 kB
SwapTotal:       3145724 kB
SwapFree:        3140112 kB
Dirty:              2628 kB
Writeback:            12 kB
AnonPages:       2669072 kB
Mapped:           791884 kB
Shmem:             36232 kB
KReclaimable:     389428 kB
Slab:             244208 kB
SReclaimable:      94460 kB
SUnreclaim:       149748 kB
KernelStack:       54144 kB
PageTables:        69612 kB
NFS_Unstable:          0 kB
Bounce:                0 kB
WritebackTmp:          0 kB
CommitLimit:     9202292 kB
Committed_AS:   71804964 kB
VmallocTotal:   263061440 kB
VmallocUsed:      111116 kB
VmallocChunk:          0 kB
Percpu:             7616 kB
CmaTotal:         294912 kB
CmaFree:               0 kB
MemTotal:       12113140 kB
MemFree:          412684 kB
MemAvailable:    6462264 kB
Buffers:            3080 kB
Cached:          6528420 kB
SwapCached:            0 kB
Active:          7182552 kB
Inactive:        2013288 kB
Active(anon):    2375844 kB
Inactive(anon):   329300 kB
Active(file):    4806708 kB
Inactive(file):  1683988 kB
Unevictable:        5576 kB
Mlocked:            5576 kB
SwapTotal:       3145724 kB
SwapFree:        3140112 kB
Dirty:              2636 kB
Writeback:             0 kB
AnonPages:       2669856 kB
Mapped:           791908 kB
Shmem:             36268 kB
KReclaimable:     389328 kB
Slab:             243960 kB
SReclaimable:      94460 kB
SUnreclaim:       149500 kB
KernelStack:       54192 kB
PageTables:        69420 kB
NFS_Unstable:          0 kB
Bounce:                0 kB
WritebackTmp:          0 kB
CommitLimit:     9202292 kB
Committed_AS:   71800796 kB
VmallocTotal:   263061440 kB
VmallocUsed:      111148 kB
VmallocChunk:          0 kB
Percpu:             7616 kB
CmaTotal:         294912 kB
CmaFree:               0 kB
MemTotal:       12113140 kB
MemFree:          411368 kB
MemAvailable:    6461128 kB
Buffers:            3080 kB
Cached:          6528548 kB
SwapCached:            0 kB
Active:          7184364 kB
Inactive:        2013416 kB
Active(anon):    2377656 kB
Inactive(anon):   329300 kB
Active(file):    4806708 kB
Inactive(file):  1684116 kB
Unevictable:        5576 kB
Mlocked:            5576 kB
SwapTotal:       3145724 kB
SwapFree:        3140112 kB
Dirty:              2772 kB
Writeback:             4 kB
AnonPages:       2671532 kB
Mapped:           791920 kB
Shmem:             36268 kB
KReclaimable:     389428 kB
Slab:             243936 kB
SReclaimable:      94460 kB
SUnreclaim:       149476 kB
KernelStack:       54144 kB
PageTables:        69428 kB
NFS_Unstable:          0 kB
Bounce:                0 kB
WritebackTmp:          0 kB
CommitLimit:     9202292 kB
Committed_AS:   71805648 kB
VmallocTotal:   263061440 kB
VmallocUsed:      111148 kB
VmallocChunk:          0 kB
Percpu:             7616 kB
CmaTotal:         294912 kB
CmaFree:               0 kB
MemTotal:       12113140 kB
MemFree:          413264 kB
MemAvailable:    6463016 kB
Buffers:            3080 kB
Cached:          6528548 kB
SwapCached:            0 kB
Active:          7181032 kB
Inactive:        2013416 kB
Active(anon):    2374324 kB
Inactive(anon):   329300 kB
Active(file):    4806708 kB
Inactive(file):  1684116 kB
Unevictable:        5576 kB
Mlocked:            5576 kB
SwapTotal:       3145724 kB
SwapFree:        3140112 kB
Dirty:              2776 kB
Writeback:             0 kB
AnonPages:       2668508 kB
Mapped:           791956 kB
Shmem:             36268 kB
KReclaimable:     389412 kB
Slab:             243952 kB
SReclaimable:      94460 kB
SUnreclaim:       149492 kB
KernelStack:       54180 kB
PageTables:        69260 kB
NFS_Unstable:          0 kB
Bounce:                0 kB
WritebackTmp:          0 kB
CommitLimit:     9202292 kB
Committed_AS:   71800440 kB
VmallocTotal:   263061440 kB
VmallocUsed:      111148 kB
VmallocChunk:          0 kB
Percpu:             7616 kB
CmaTotal:         294912 kB
CmaFree:               0 kB
MemTotal:       12113140 kB
MemFree:          413992 kB
MemAvailable:    6463748 kB
Buffers:            3080 kB
Cached:          6528556 kB
SwapCached:            0 kB
Active:          7181352 kB
Inactive:        2013424 kB
Active(anon):    2374644 kB
Inactive(anon):   329304 kB
Active(file):    4806708 kB
Inactive(file):  1684120 kB
Unevictable:        5576 kB
Mlocked:            5576 kB
SwapTotal:       3145724 kB
SwapFree:        3140112 kB
Dirty:              2780 kB
Writeback:             0 kB
AnonPages:       2669068 kB
Mapped:           791832 kB
Shmem:             36272 kB
KReclaimable:     389412 kB
Slab:             243928 kB
SReclaimable:      94460 kB
SUnreclaim:       149468 kB
KernelStack:       54148 kB
PageTables:        69552 kB
NFS_Unstable:          0 kB
Bounce:                0 kB
WritebackTmp:          0 kB
CommitLimit:     9202292 kB
Committed_AS:   71805628 kB
VmallocTotal:   263061440 kB
VmallocUsed:      111180 kB
VmallocChunk:          0 kB
Percpu:             7616 kB
CmaTotal:         294912 kB
CmaFree:               0 kB
MemTotal:       12113140 kB
MemFree:          413076 kB
MemAvailable:    6462972 kB
Buffers:            3080 kB
Cached:          6528696 kB
SwapCached:            0 kB
Active:          7181784 kB
Inactive:        2013564 kB
Active(anon):    2375076 kB
Inactive(anon):   329304 kB
Active(file):    4806708 kB
Inactive(file):  1684260 kB
Unevictable:        5576 kB
Mlocked:            5576 kB
SwapTotal:       3145724 kB
SwapFree:        3140112 kB
Dirty:              1228 kB
Writeback:             0 kB
AnonPages:       2669464 kB
Mapped:           791836 kB
Shmem:             36272 kB
KReclaimable:     389412 kB
Slab:             244220 kB
SReclaimable:      94460 kB
SUnreclaim:       149760 kB
KernelStack:       54096 kB
PageTables:        69412 kB
NFS_Unstable:          0 kB
Bounce:                0 kB
WritebackTmp:          0 kB
CommitLimit:     9202292 kB
Committed_AS:   71801212 kB
VmallocTotal:   263061440 kB
VmallocUsed:      111132 kB
VmallocChunk:          0 kB
Percpu:             7616 kB
CmaTotal:         294912 kB
CmaFree:               0 kB
MemTotal:       12113140 kB
MemFree:          411764 kB
MemAvailable:    6461668 kB
Buffers:            3084 kB
Cached:          6528680 kB
SwapCached:            0 kB
Active:          7182348 kB
Inactive:        2013548 kB
Active(anon):    2375636 kB
Inactive(anon):   329284 kB
Active(file):    4806712 kB
Inactive(file):  1684264 kB
Unevictable:        5576 kB
Mlocked:            5576 kB
SwapTotal:       3145724 kB
SwapFree:        3140112 kB
Dirty:              1136 kB
Writeback:             0 kB
AnonPages:       2669744 kB
Mapped:           792124 kB
Shmem:             36252 kB
KReclaimable:     389412 kB
Slab:             243964 kB
SReclaimable:      94460 kB
SUnreclaim:       149504 kB
KernelStack:       54048 kB
PageTables:        69424 kB
NFS_Unstable:          0 kB
Bounce:                0 kB
WritebackTmp:          0 kB
CommitLimit:     9202292 kB
Committed_AS:   71800576 kB
VmallocTotal:   263061440 kB
VmallocUsed:      111100 kB
VmallocChunk:          0 kB
Percpu:             7616 kB
CmaTotal:         294912 kB
CmaFree:               0 kB
MemTotal:       12113140 kB
MemFree:          411124 kB
MemAvailable:    6461148 kB
Buffers:            3084 kB
Cached:          6528808 kB
SwapCached:            0 kB
Active:          7182640 kB
Inactive:        2013676 kB
Active(anon):    2375928 kB
Inactive(anon):   329284 kB
Active(file):    4806712 kB
Inactive(file):  1684392 kB
Unevictable:        5576 kB
Mlocked:            5576 kB
SwapTotal:       3145724 kB
SwapFree:        3140112 kB
Dirty:              1264 kB
Writeback:             0 kB
AnonPages:       2669968 kB
Mapped:           792124 kB
Shmem:             36252 kB
KReclaimable:     389396 kB
Slab:             244212 kB
SReclaimable:      94444 kB
SUnreclaim:       149768 kB
KernelStack:       54048 kB
PageTables:        69804 kB
NFS_Unstable:          0 kB
Bounce:                0 kB
WritebackTmp:          0 kB
CommitLimit:     9202292 kB
Committed_AS:   71796264 kB
VmallocTotal:   263061440 kB
VmallocUsed:      111100 kB
VmallocChunk:          0 kB
Percpu:             7616 kB
CmaTotal:         294912 kB
CmaFree:               0 kB
MemTotal:       12113140 kB
MemFree:          410576 kB
MemAvailable:    6460600 kB
Buffers:            3084 kB
Cached:          6528808 kB
SwapCached:            0 kB
Active:          7183116 kB
Inactive:        2013676 kB
Active(anon):    2376404 kB
Inactive(anon):   329284 kB
Active(file):    4806712 kB
Inactive(file):  1684392 kB
Unevictable:        5576 kB
Mlocked:            5576 kB
SwapTotal:       3145724 kB
SwapFree:        3140112 kB
Dirty:              1276 kB
Writeback:             0 kB
AnonPages:       2670676 kB
Mapped:           792124 kB
Shmem:             36252 kB
KReclaimable:     389396 kB
Slab:             243952 kB
SReclaimable:      94444 kB
SUnreclaim:       149508 kB
KernelStack:       54048 kB
PageTables:        69420 kB
NFS_Unstable:          0 kB
Bounce:                0 kB
WritebackTmp:          0 kB
CommitLimit:     9202292 kB
Committed_AS:   71798544 kB
VmallocTotal:   263061440 kB
VmallocUsed:      111084 kB
VmallocChunk:          0 kB
Percpu:             7616 kB
CmaTotal:         294912 kB
CmaFree:               0 kB
MemTotal:       12113140 kB
MemFree:          390392 kB
MemAvailable:    6440416 kB
Buffers:            3084 kB
Cached:          6528944 kB
SwapCached:            0 kB
Active:          7203904 kB
Inactive:        2013812 kB
Active(anon):    2397192 kB
Inactive(anon):   329420 kB
Active(file):    4806712 kB
Inactive(file):  1684392 kB
Unevictable:        5576 kB
Mlocked:            5576 kB
SwapTotal:       3145724 kB
SwapFree:        3140112 kB
Dirty:              1276 kB
Writeback:             0 kB
AnonPages:       2691384 kB
Mapped:           792332 kB
Shmem:             36388 kB
KReclaimable:     389396 kB
Slab:             244216 kB
SReclaimable:      94444 kB
SUnreclaim:       149772 kB
KernelStack:       54048 kB
PageTables:        69468 kB
NFS_Unstable:          0 kB
Bounce:                0 kB
WritebackTmp:          0 kB
CommitLimit:     9202292 kB
Committed_AS:   71801316 kB
VmallocTotal:   263061440 kB
VmallocUsed:      111068 kB
VmallocChunk:          0 kB
Percpu:             7616 kB
CmaTotal:         294912 kB
CmaFree:               0 kB
MemTotal:       12113140 kB
MemFree:          369116 kB
MemAvailable:    6418512 kB
Buffers:            3084 kB
Cached:          6528820 kB
SwapCached:            0 kB
Active:          7224384 kB
Inactive:        2013684 kB
Active(anon):    2417668 kB
Inactive(anon):   329284 kB
Active(file):    4806716 kB
Inactive(file):  1684400 kB
Unevictable:        5576 kB
Mlocked:            5576 kB
SwapTotal:       3145724 kB
SwapFree:        3140112 kB
Dirty:              1136 kB
Writeback:             0 kB
AnonPages:       2711812 kB
Mapped:           793384 kB
Shmem:             36252 kB
KReclaimable:     388116 kB
Slab:             244216 kB
SReclaimable:      94444 kB
SUnreclaim:       149772 kB
KernelStack:       54096 kB
PageTables:        69420 kB
NFS_Unstable:          0 kB
Bounce:                0 kB
WritebackTmp:          0 kB
CommitLimit:     9202292 kB
Committed_AS:   71817384 kB
VmallocTotal:   263061440 kB
VmallocUsed:      111100 kB
VmallocChunk:          0 kB
Percpu:             7616 kB
CmaTotal:         294912 kB
CmaFree:               0 kB
MemTotal:       12113140 kB
MemFree:          365592 kB
MemAvailable:    6415080 kB
Buffers:            3084 kB
Cached:          6528944 kB
SwapCached:            0 kB
Active:          7223592 kB
Inactive:        2013812 kB
Active(anon):    2416880 kB
Inactive(anon):   329284 kB
Active(file):    4806712 kB
Inactive(file):  1684528 kB
Unevictable:        5576 kB
Mlocked:            5576 kB
SwapTotal:       3145724 kB
SwapFree:        3140112 kB
Dirty:              1312 kB
Writeback:             0 kB
AnonPages:       2711104 kB
Mapped:           793700 kB
Shmem:             36252 kB
KReclaimable:     388052 kB
Slab:             244216 kB
SReclaimable:      94444 kB
SUnreclaim:       149772 kB
KernelStack:       54064 kB
PageTables:        69448 kB
NFS_Unstable:          0 kB
Bounce:                0 kB
WritebackTmp:          0 kB
CommitLimit:     9202292 kB
Committed_AS:   71815648 kB
VmallocTotal:   263061440 kB
VmallocUsed:      111068 kB
VmallocChunk:          0 kB
Percpu:             7616 kB
CmaTotal:         294912 kB
CmaFree:               0 kB
MemTotal:       12113140 kB
MemFree:          362900 kB
MemAvailable:    6412384 kB
Buffers:            3084 kB
Cached:          6528960 kB
SwapCached:            0 kB
Active:          7225072 kB
Inactive:        2013828 kB
Active(anon):    2418360 kB
Inactive(anon):   329300 kB
Active(file):    4806712 kB
Inactive(file):  1684528 kB
Unevictable:        5576 kB
Mlocked:            5576 kB
SwapTotal:       3145724 kB
SwapFree:        3140112 kB
Dirty:              1312 kB
Writeback:             0 kB
AnonPages:       2712588 kB
Mapped:           794272 kB
Shmem:             36268 kB
KReclaimable:     388048 kB
Slab:             243960 kB
SReclaimable:      94444 kB
SUnreclaim:       149516 kB
KernelStack:       54176 kB
PageTables:        69456 kB
NFS_Unstable:          0 kB
Bounce:                0 kB
WritebackTmp:          0 kB
CommitLimit:     9202292 kB
Committed_AS:   71827556 kB
VmallocTotal:   263061440 kB
VmallocUsed:      111132 kB
VmallocChunk:          0 kB
Percpu:             7616 kB
CmaTotal:         294912 kB
CmaFree:              20 kB
MemTotal:       12113140 kB
MemFree:          361620 kB
MemAvailable:    6411232 kB
Buffers:            3084 kB
Cached:          6529088 kB
SwapCached:            0 kB
Active:          7225996 kB
Inactive:        2013956 kB
Active(anon):    2419284 kB
Inactive(anon):   329300 kB
Active(file):    4806712 kB
Inactive(file):  1684656 kB
Unevictable:        5576 kB
Mlocked:            5576 kB
SwapTotal:       3145724 kB
SwapFree:        3140112 kB
Dirty:              1440 kB
Writeback:             0 kB
AnonPages:       2713184 kB
Mapped:           794272 kB
Shmem:             36268 kB
KReclaimable:     388048 kB
Slab:             244216 kB
SReclaimable:      94444 kB
SUnreclaim:       149772 kB
KernelStack:       54224 kB
PageTables:        69472 kB
NFS_Unstable:          0 kB
Bounce:                0 kB
WritebackTmp:          0 kB
CommitLimit:     9202292 kB
Committed_AS:   71822140 kB
VmallocTotal:   263061440 kB
VmallocUsed:      111180 kB
VmallocChunk:          0 kB
Percpu:             7616 kB
CmaTotal:         294912 kB
CmaFree:               0 kB
MemTotal:       12113140 kB
MemFree:          361664 kB
MemAvailable:    6411276 kB
Buffers:            3084 kB
Cached:          6529088 kB
SwapCached:            0 kB
Active:          7226680 kB
Inactive:        2013956 kB
Active(anon):    2419968 kB
Inactive(anon):   329300 kB
Active(file):    4806712 kB
Inactive(file):  1684656 kB
Unevictable:        5576 kB
Mlocked:            5576 kB
SwapTotal:       3145724 kB
SwapFree:        3140112 kB
Dirty:              1456 kB
Writeback:             0 kB
AnonPages:       2714316 kB
Mapped:           794332 kB
Shmem:             36268 kB
KReclaimable:     388048 kB
Slab:             243960 kB
SReclaimable:      94444 kB
SUnreclaim:       149516 kB
KernelStack:       54224 kB
PageTables:        69484 kB
NFS_Unstable:          0 kB
Bounce:                0 kB
WritebackTmp:          0 kB
CommitLimit:     9202292 kB
Committed_AS:   71825932 kB
VmallocTotal:   263061440 kB
VmallocUsed:      111196 kB
VmallocChunk:          0 kB
Percpu:             7616 kB
CmaTotal:         294912 kB
CmaFree:               0 kB
MemTotal:       12113140 kB
MemFree:          362032 kB
MemAvailable:    6411644 kB
Buffers:            3084 kB
Cached:          6529088 kB
SwapCached:            0 kB
Active:          7226768 kB
Inactive:        2013956 kB
Active(anon):    2420056 kB
Inactive(anon):   329300 kB
Active(file):    4806712 kB
Inactive(file):  1684656 kB
Unevictable:        5576 kB
Mlocked:            5576 kB
SwapTotal:       3145724 kB
SwapFree:        3140112 kB
Dirty:              1456 kB
Writeback:             0 kB
AnonPages:       2714484 kB
Mapped:           794332 kB
Shmem:             36268 kB
KReclaimable:     388048 kB
Slab:             243952 kB
SReclaimable:      94444 kB
SUnreclaim:       149508 kB
KernelStack:       54256 kB
PageTables:        69480 kB
NFS_Unstable:          0 kB
Bounce:                0 kB
WritebackTmp:          0 kB
CommitLimit:     9202292 kB
Committed_AS:   71826960 kB
VmallocTotal:   263061440 kB
VmallocUsed:      111228 kB
VmallocChunk:          0 kB
Percpu:             7616 kB
CmaTotal:         294912 kB
CmaFree:               0 kB
MemTotal:       12113140 kB
MemFree:          363800 kB
MemAvailable:    6413540 kB
Buffers:            3084 kB
Cached:          6529216 kB
SwapCached:            0 kB
Active:          7226928 kB
Inactive:        2014084 kB
Active(anon):    2420216 kB
Inactive(anon):   329300 kB
Active(file):    4806712 kB
Inactive(file):  1684784 kB
Unevictable:        5576 kB
Mlocked:            5576 kB
SwapTotal:       3145724 kB
SwapFree:        3140112 kB
Dirty:              1584 kB
Writeback:             0 kB
AnonPages:       2714332 kB
Mapped:           794332 kB
Shmem:             36268 kB
KReclaimable:     388048 kB
Slab:             244216 kB
SReclaimable:      94444 kB
SUnreclaim:       149772 kB
KernelStack:       54224 kB
PageTables:        69484 kB
NFS_Unstable:          0 kB
Bounce:                0 kB
WritebackTmp:          0 kB
CommitLimit:     9202292 kB
Committed_AS:   71826824 kB
VmallocTotal:   263061440 kB
VmallocUsed:      111260 kB
VmallocChunk:          0 kB
Percpu:             7616 kB
CmaTotal:         294912 kB
CmaFree:               0 kB
MemTotal:       12113140 kB
MemFree:          364812 kB
MemAvailable:    6414552 kB
Buffers:            3084 kB
Cached:          6529216 kB
SwapCached:            0 kB
Active:          7227080 kB
Inactive:        2014084 kB
Active(anon):    2420368 kB
Inactive(anon):   329300 kB
Active(file):    4806712 kB
Inactive(file):  1684784 kB
Unevictable:        5576 kB
Mlocked:            5576 kB
SwapTotal:       3145724 kB
SwapFree:        3140112 kB
Dirty:              1600 kB
Writeback:             0 kB
AnonPages:       2714624 kB
Mapped:           794332 kB
Shmem:             36268 kB
KReclaimable:     388048 kB
Slab:             244216 kB
SReclaimable:      94444 kB
SUnreclaim:       149772 kB
KernelStack:       54240 kB
PageTables:        69480 kB
NFS_Unstable:          0 kB
Bounce:                0 kB
WritebackTmp:          0 kB
CommitLimit:     9202292 kB
Committed_AS:   71826480 kB
VmallocTotal:   263061440 kB
VmallocUsed:      111276 kB
VmallocChunk:          0 kB
Percpu:             7616 kB
CmaTotal:         294912 kB
CmaFree:               0 kB
MemTotal:       12113140 kB
MemFree:          365476 kB
MemAvailable:    6415336 kB
Buffers:            3084 kB
Cached:          6529344 kB
SwapCached:            0 kB
Active:          7226552 kB
Inactive:        2014204 kB
Active(anon):    2419840 kB
Inactive(anon):   329300 kB
Active(file):    4806712 kB
Inactive(file):  1684904 kB
Unevictable:        5576 kB
Mlocked:            5576 kB
SwapTotal:       3145724 kB
SwapFree:        3140112 kB
Dirty:              1728 kB
Writeback:             0 kB
AnonPages:       2714032 kB
Mapped:           794340 kB
Shmem:             36268 kB
KReclaimable:     388048 kB
Slab:             244216 kB
SReclaimable:      94444 kB
SUnreclaim:       149772 kB
KernelStack:       54260 kB
PageTables:        69484 kB
NFS_Unstable:          0 kB
Bounce:                0 kB
WritebackTmp:          0 kB
CommitLimit:     9202292 kB
Committed_AS:   71826216 kB
VmallocTotal:   263061440 kB
VmallocUsed:      111308 kB
VmallocChunk:          0 kB
Percpu:             7616 kB
CmaTotal:         294912 kB
CmaFree:               0 kB
MemTotal:       12113140 kB
MemFree:          364984 kB
MemAvailable:    6414852 kB
Buffers:            3084 kB
Cached:          6529344 kB
SwapCached:            0 kB
Active:          7227264 kB
Inactive:        2014212 kB
Active(anon):    2420552 kB
Inactive(anon):   329300 kB
Active(file):    4806712 kB
Inactive(file):  1684912 kB
Unevictable:        5576 kB
Mlocked:            5576 kB
SwapTotal:       3145724 kB
SwapFree:        3140112 kB
Dirty:              1728 kB
Writeback:             0 kB
AnonPages:       2714404 kB
Mapped:           794460 kB
Shmem:             36268 kB
KReclaimable:     388048 kB
Slab:             244220 kB
SReclaimable:      94444 kB
SUnreclaim:       149776 kB
KernelStack:       54256 kB
PageTables:        69484 kB
NFS_Unstable:          0 kB
Bounce:                0 kB
WritebackTmp:          0 kB
CommitLimit:     9202292 kB
Committed_AS:   71826612 kB
VmallocTotal:   263061440 kB
VmallocUsed:      111292 kB
VmallocChunk:          0 kB
Percpu:             7616 kB
CmaTotal:         294912 kB
CmaFree:               0 kB
MemTotal:       12113140 kB
MemFree:          364936 kB
MemAvailable:    6414812 kB
Buffers:            3084 kB
Cached:          6529352 kB
SwapCached:            0 kB
Active:          7227092 kB
Inactive:        2014220 kB
Active(anon):    2420380 kB
Inactive(anon):   329300 kB
Active(file):    4806712 kB
Inactive(file):  1684920 kB
Unevictable:        5576 kB
Mlocked:            5576 kB
SwapTotal:       3145724 kB
SwapFree:        3140112 kB
Dirty:              1752 kB
Writeback:             0 kB
AnonPages:       2714652 kB
Mapped:           794332 kB
Shmem:             36268 kB
KReclaimable:     388048 kB
Slab:             243964 kB
SReclaimable:      94444 kB
SUnreclaim:       149520 kB
KernelStack:       54240 kB
PageTables:        69484 kB
NFS_Unstable:          0 kB
Bounce:                0 kB
WritebackTmp:          0 kB
CommitLimit:     9202292 kB
Committed_AS:   71826524 kB
VmallocTotal:   263061440 kB
VmallocUsed:      111292 kB
VmallocChunk:          0 kB
Percpu:             7616 kB
CmaTotal:         294912 kB
CmaFree:               0 kB
MemTotal:       12113140 kB
MemFree:          364316 kB
MemAvailable:    6414192 kB
Buffers:            3084 kB
Cached:          6529352 kB
SwapCached:            0 kB
Active:          7226464 kB
Inactive:        2014220 kB
Active(anon):    2419752 kB
Inactive(anon):   329300 kB
Active(file):    4806712 kB
Inactive(file):  1684920 kB
Unevictable:        5576 kB
Mlocked:            5576 kB
SwapTotal:       3145724 kB
SwapFree:        3140112 kB
Dirty:              1752 kB
Writeback:             0 kB
AnonPages:       2713920 kB
Mapped:           794332 kB
Shmem:             36268 kB
KReclaimable:     388048 kB
Slab:             244220 kB
SReclaimable:      94444 kB
SUnreclaim:       149776 kB
KernelStack:       54112 kB
PageTables:        69876 kB
NFS_Unstable:          0 kB
Bounce:                0 kB
WritebackTmp:          0 kB
CommitLimit:     9202292 kB
Committed_AS:   71817544 kB
VmallocTotal:   263061440 kB
VmallocUsed:      111164 kB
VmallocChunk:          0 kB
Percpu:             7616 kB
CmaTotal:         294912 kB
CmaFree:              68 kB
MemTotal:       12113140 kB
MemFree:          365192 kB
MemAvailable:    6415196 kB
Buffers:            3084 kB
Cached:          6529480 kB
SwapCached:            0 kB
Active:          7226984 kB
Inactive:        2014348 kB
Active(anon):    2420272 kB
Inactive(anon):   329300 kB
Active(file):    4806712 kB
Inactive(file):  1685048 kB
Unevictable:        5576 kB
Mlocked:            5576 kB
SwapTotal:       3145724 kB
SwapFree:        3140112 kB
Dirty:              1880 kB
Writeback:             0 kB
AnonPages:       2714544 kB
Mapped:           794328 kB
Shmem:             36268 kB
KReclaimable:     388048 kB
Slab:             244220 kB
SReclaimable:      94444 kB
SUnreclaim:       149776 kB
KernelStack:       54112 kB
PageTables:        69444 kB
NFS_Unstable:          0 kB
Bounce:                0 kB
WritebackTmp:          0 kB
CommitLimit:     9202292 kB
Committed_AS:   71818868 kB
VmallocTotal:   263061440 kB
VmallocUsed:      111164 kB
VmallocChunk:          0 kB
Percpu:             7616 kB
CmaTotal:         294912 kB
CmaFree:              24 kB
MemTotal:       12113140 kB
MemFree:          381936 kB
MemAvailable:    6431940 kB
Buffers:            3084 kB
Cached:          6529480 kB
SwapCached:            0 kB
Active:          7210516 kB
Inactive:        2014332 kB
Active(anon):    2403792 kB
Inactive(anon):   329296 kB
Active(file):    4806724 kB
Inactive(file):  1685036 kB
Unevictable:        5576 kB
Mlocked:            5576 kB
SwapTotal:       3145724 kB
SwapFree:        3140112 kB
Dirty:              1888 kB
Writeback:             4 kB
AnonPages:       2697856 kB
Mapped:           781088 kB
Shmem:             36268 kB
KReclaimable:     388048 kB
Slab:             244220 kB
SReclaimable:      94444 kB
SUnreclaim:       149776 kB
KernelStack:       54112 kB
PageTables:        69416 kB
NFS_Unstable:          0 kB
Bounce:                0 kB
WritebackTmp:          0 kB
CommitLimit:     9202292 kB
Committed_AS:   71818684 kB
VmallocTotal:   263061440 kB
VmallocUsed:      111148 kB
VmallocChunk:          0 kB
Percpu:             7616 kB
CmaTotal:         294912 kB
CmaFree:             108 kB
MemTotal:       12113140 kB
MemFree:          382644 kB
MemAvailable:    6432776 kB
Buffers:            3084 kB
Cached:          6529612 kB
SwapCached:            0 kB
Active:          7210936 kB
Inactive:        2014464 kB
Active(anon):    2404212 kB
Inactive(anon):   329300 kB
Active(file):    4806724 kB
Inactive(file):  1685164 kB
Unevictable:        5576 kB
Mlocked:            5576 kB
SwapTotal:       3145724 kB
SwapFree:        3140112 kB
Dirty:              2024 kB
Writeback:             0 kB
AnonPages:       2698216 kB
Mapped:           781216 kB
Shmem:             36272 kB
KReclaimable:     388048 kB
Slab:             243972 kB
SReclaimable:      94444 kB
SUnreclaim:       149528 kB
KernelStack:       54128 kB
PageTables:        69420 kB
NFS_Unstable:          0 kB
Bounce:                0 kB
WritebackTmp:          0 kB
CommitLimit:     9202292 kB
Committed_AS:   71818332 kB
VmallocTotal:   263061440 kB
VmallocUsed:      111132 kB
VmallocChunk:          0 kB
Percpu:             7616 kB
CmaTotal:         294912 kB
CmaFree:               0 kB
MemTotal:       12113140 kB
MemFree:          382376 kB
MemAvailable:    6432512 kB
Buffers:            3084 kB
Cached:          6529616 kB
SwapCached:            0 kB
Active:          7211088 kB
Inactive:        2014468 kB
Active(anon):    2404364 kB
Inactive(anon):   329300 kB
Active(file):    4806724 kB
Inactive(file):  1685168 kB
Unevictable:        5576 kB
Mlocked:            5576 kB
SwapTotal:       3145724 kB
SwapFree:        3140112 kB
Dirty:               896 kB
Writeback:             0 kB
AnonPages:       2698556 kB
Mapped:           781092 kB
Shmem:             36272 kB
KReclaimable:     388048 kB
Slab:             243936 kB
SReclaimable:      94444 kB
SUnreclaim:       149492 kB
KernelStack:       54096 kB
PageTables:        69416 kB
NFS_Unstable:          0 kB
Bounce:                0 kB
WritebackTmp:          0 kB
CommitLimit:     9202292 kB
Committed_AS:   71817980 kB
VmallocTotal:   263061440 kB
VmallocUsed:      111132 kB
VmallocChunk:          0 kB
Percpu:             7616 kB
CmaTotal:         294912 kB
CmaFree:               0 kB
MemTotal:       12113140 kB
MemFree:          381856 kB
MemAvailable:    6432120 kB
Buffers:            3084 kB
Cached:          6529744 kB
SwapCached:            0 kB
Active:          7210676 kB
Inactive:        2014596 kB
Active(anon):    2403952 kB
Inactive(anon):   329300 kB
Active(file):    4806724 kB
Inactive(file):  1685296 kB
Unevictable:        5576 kB
Mlocked:            5576 kB
SwapTotal:       3145724 kB
SwapFree:        3140112 kB
Dirty:              1052 kB
Writeback:             0 kB
AnonPages:       2698056 kB
Mapped:           781092 kB
Shmem:             36272 kB
KReclaimable:     388048 kB
Slab:             243928 kB
SReclaimable:      94444 kB
SUnreclaim:       149484 kB
KernelStack:       53968 kB
PageTables:        69412 kB
NFS_Unstable:          0 kB
Bounce:                0 kB
WritebackTmp:          0 kB
CommitLimit:     9202292 kB
Committed_AS:   71817716 kB
VmallocTotal:   263061440 kB
VmallocUsed:      111020 kB
VmallocChunk:          0 kB
Percpu:             7616 kB
CmaTotal:         294912 kB
CmaFree:              24 kB
MemTotal:       12113140 kB
MemFree:          415476 kB
MemAvailable:    6465740 kB
Buffers:            3084 kB
Cached:          6529744 kB
SwapCached:            0 kB
Active:          7176604 kB
Inactive:        2014596 kB
Active(anon):    2369880 kB
Inactive(anon):   329300 kB
Active(file):    4806724 kB
Inactive(file):  1685296 kB
Unevictable:        5576 kB
Mlocked:            5576 kB
SwapTotal:       3145724 kB
SwapFree:        3140112 kB
Dirty:              1072 kB
Writeback:             0 kB
AnonPages:       2663984 kB
Mapped:           781092 kB
Shmem:             36272 kB
KReclaimable:     388048 kB
Slab:             243928 kB
SReclaimable:      94444 kB
SUnreclaim:       149484 kB
KernelStack:       53952 kB
PageTables:        69416 kB
NFS_Unstable:          0 kB
Bounce:                0 kB
WritebackTmp:          0 kB
CommitLimit:     9202292 kB
Committed_AS:   71817524 kB
VmallocTotal:   263061440 kB
VmallocUsed:      111004 kB
VmallocChunk:          0 kB
Percpu:             7616 kB
CmaTotal:         294912 kB
CmaFree:              12 kB
MemTotal:       12113140 kB
MemFree:          415196 kB
MemAvailable:    6465460 kB
Buffers:            3084 kB
Cached:          6529744 kB
SwapCached:            0 kB
Active:          7176772 kB
Inactive:        2014596 kB
Active(anon):    2370048 kB
Inactive(anon):   329300 kB
Active(file):    4806724 kB
Inactive(file):  1685296 kB
Unevictable:        5576 kB
Mlocked:            5576 kB
SwapTotal:       3145724 kB
SwapFree:        3140112 kB
Dirty:              1072 kB
Writeback:             0 kB
AnonPages:       2664144 kB
Mapped:           781092 kB
Shmem:             36272 kB
KReclaimable:     388048 kB
Slab:             243928 kB
SReclaimable:      94444 kB
SUnreclaim:       149484 kB
KernelStack:       53952 kB
PageTables:        69420 kB
NFS_Unstable:          0 kB
Bounce:                0 kB
WritebackTmp:          0 kB
CommitLimit:     9202292 kB
Committed_AS:   71817172 kB
VmallocTotal:   263061440 kB
VmallocUsed:      110972 kB
VmallocChunk:          0 kB
Percpu:             7616 kB
CmaTotal:         294912 kB
CmaFree:               0 kB
MemTotal:       12113140 kB
MemFree:          416328 kB
MemAvailable:    6466720 kB
Buffers:            3084 kB
Cached:          6529872 kB
SwapCached:            0 kB
Active:          7177428 kB
Inactive:        2014724 kB
Active(anon):    2370704 kB
Inactive(anon):   329300 kB
Active(file):    4806724 kB
Inactive(file):  1685424 kB
Unevictable:        5576 kB
Mlocked:            5576 kB
SwapTotal:       3145724 kB
SwapFree:        3140112 kB
Dirty:              1216 kB
Writeback:             0 kB
AnonPages:       2664904 kB
Mapped:           781092 kB
Shmem:             36272 kB
KReclaimable:     388048 kB
Slab:             243928 kB
SReclaimable:      94444 kB
SUnreclaim:       149484 kB
KernelStack:       53936 kB
PageTables:        69412 kB
NFS_Unstable:          0 kB
Bounce:                0 kB
WritebackTmp:          0 kB
CommitLimit:     9202292 kB
Committed_AS:   71816812 kB
VmallocTotal:   263061440 kB
VmallocUsed:      110940 kB
VmallocChunk:          0 kB
Percpu:             7616 kB
CmaTotal:         294912 kB
CmaFree:               0 kB
MemTotal:       12113140 kB
MemFree:          415656 kB
MemAvailable:    6466048 kB
Buffers:            3084 kB
Cached:          6529872 kB
SwapCached:            0 kB
Active:          7177436 kB
Inactive:        2014724 kB
Active(anon):    2370712 kB
Inactive(anon):   329300 kB
Active(file):    4806724 kB
Inactive(file):  1685424 kB
Unevictable:        5576 kB
Mlocked:            5576 kB
SwapTotal:       3145724 kB
SwapFree:        3140112 kB
Dirty:              1216 kB
Writeback:             0 kB
AnonPages:       2664788 kB
Mapped:           781092 kB
Shmem:             36272 kB
KReclaimable:     388048 kB
Slab:             243928 kB
SReclaimable:      94444 kB
SUnreclaim:       149484 kB
KernelStack:       53936 kB
PageTables:        69412 kB
NFS_Unstable:          0 kB
Bounce:                0 kB
WritebackTmp:          0 kB
CommitLimit:     9202292 kB
Committed_AS:   71816320 kB
VmallocTotal:   263061440 kB
VmallocUsed:      110940 kB
VmallocChunk:          0 kB
Percpu:             7616 kB
CmaTotal:         294912 kB
CmaFree:               0 kB
MemTotal:       12113140 kB
MemFree:          425128 kB
MemAvailable:    6475520 kB
Buffers:            3084 kB
Cached:          6529872 kB
SwapCached:            0 kB
Active:          7167992 kB
Inactive:        2014724 kB
Active(anon):    2361268 kB
Inactive(anon):   329300 kB
Active(file):    4806724 kB
Inactive(file):  1685424 kB
Unevictable:        5576 kB
Mlocked:            5576 kB
SwapTotal:       3145724 kB
SwapFree:        3140112 kB
Dirty:              1216 kB
Writeback:             0 kB
AnonPages:       2655356 kB
Mapped:           781088 kB
Shmem:             36272 kB
KReclaimable:     388048 kB
Slab:             244168 kB
SReclaimable:      94444 kB
SUnreclaim:       149724 kB
KernelStack:       53904 kB
PageTables:        69368 kB
NFS_Unstable:          0 kB
Bounce:                0 kB
WritebackTmp:          0 kB
CommitLimit:     9202292 kB
Committed_AS:   71812196 kB
VmallocTotal:   263061440 kB
VmallocUsed:      110940 kB
VmallocChunk:          0 kB
Percpu:             7616 kB
CmaTotal:         294912 kB
CmaFree:               0 kB
MemTotal:       12113140 kB
MemFree:          425380 kB
MemAvailable:    6475904 kB
Buffers:            3084 kB
Cached:          6530004 kB
SwapCached:            0 kB
Active:          7168048 kB
Inactive:        2014856 kB
Active(anon):    2361324 kB
Inactive(anon):   329300 kB
Active(file):    4806724 kB
Inactive(file):  1685556 kB
Unevictable:        5576 kB
Mlocked:            5576 kB
SwapTotal:       3145724 kB
SwapFree:        3140112 kB
Dirty:              1360 kB
Writeback:             0 kB
AnonPages:       2655356 kB
Mapped:           781288 kB
Shmem:             36272 kB
KReclaimable:     388048 kB
Slab:             243928 kB
SReclaimable:      94444 kB
SUnreclaim:       149484 kB
KernelStack:       53924 kB
PageTables:        69360 kB
NFS_Unstable:          0 kB
Bounce:                0 kB
WritebackTmp:          0 kB
CommitLimit:     9202292 kB
Committed_AS:   71815708 kB
VmallocTotal:   263061440 kB
VmallocUsed:      110956 kB
VmallocChunk:          0 kB
Percpu:             7616 kB
CmaTotal:         294912 kB
CmaFree:               0 kB
MemTotal:       12113140 kB
MemFree:          424692 kB
MemAvailable:    6475216 kB
Buffers:            3084 kB
Cached:          6530004 kB
SwapCached:            0 kB
Active:          7168640 kB
Inactive:        2014856 kB
Active(anon):    2361916 kB
Inactive(anon):   329300 kB
Active(file):    4806724 kB
Inactive(file):  1685556 kB
Unevictable:        5576 kB
Mlocked:            5576 kB
SwapTotal:       3145724 kB
SwapFree:        3140112 kB
Dirty:              1360 kB
Writeback:             0 kB
AnonPages:       2655988 kB
Mapped:           781088 kB
Shmem:             36272 kB
KReclaimable:     388048 kB
Slab:             244168 kB
SReclaimable:      94444 kB
SUnreclaim:       149724 kB
KernelStack:       53904 kB
PageTables:        69516 kB
NFS_Unstable:          0 kB
Bounce:                0 kB
WritebackTmp:          0 kB
CommitLimit:     9202292 kB
Committed_AS:   71817088 kB
VmallocTotal:   263061440 kB
VmallocUsed:      110972 kB
VmallocChunk:          0 kB
Percpu:             7616 kB
CmaTotal:         294912 kB
CmaFree:               0 kB
MemTotal:       12113140 kB
MemFree:          425448 kB
MemAvailable:    6476080 kB
Buffers:            3084 kB
Cached:          6530132 kB
SwapCached:            0 kB
Active:          7169164 kB
Inactive:        2014964 kB
Active(anon):    2362440 kB
Inactive(anon):   329300 kB
Active(file):    4806724 kB
Inactive(file):  1685664 kB
Unevictable:        5576 kB
Mlocked:            5576 kB
SwapTotal:       3145724 kB
SwapFree:        3140112 kB
Dirty:              1484 kB
Writeback:             0 kB
AnonPages:       2656880 kB
Mapped:           781092 kB
Shmem:             36272 kB
KReclaimable:     388048 kB
Slab:             243928 kB
SReclaimable:      94444 kB
SUnreclaim:       149484 kB
KernelStack:       53904 kB
PageTables:        69404 kB
NFS_Unstable:          0 kB
Bounce:                0 kB
WritebackTmp:          0 kB
CommitLimit:     9202292 kB
Committed_AS:   71816868 kB
VmallocTotal:   263061440 kB
VmallocUsed:      110940 kB
VmallocChunk:          0 kB
Percpu:             7616 kB
CmaTotal:         294912 kB
CmaFree:               0 kB
MemTotal:       12113140 kB
MemFree:          423592 kB
MemAvailable:    6474244 kB
Buffers:            3084 kB
Cached:          6530132 kB
SwapCached:            0 kB
Active:          7169920 kB
Inactive:        2014984 kB
Active(anon):    2363196 kB
Inactive(anon):   329300 kB
Active(file):    4806724 kB
Inactive(file):  1685684 kB
Unevictable:        5576 kB
Mlocked:            5576 kB
SwapTotal:       3145724 kB
SwapFree:        3140112 kB
Dirty:              1516 kB
Writeback:             0 kB
AnonPages:       2657356 kB
Mapped:           781092 kB
Shmem:             36272 kB
KReclaimable:     388048 kB
Slab:             243928 kB
SReclaimable:      94444 kB
SUnreclaim:       149484 kB
KernelStack:       53920 kB
PageTables:        69404 kB
NFS_Unstable:          0 kB
Bounce:                0 kB
WritebackTmp:          0 kB
CommitLimit:     9202292 kB
Committed_AS:   71820332 kB
VmallocTotal:   263061440 kB
VmallocUsed:      110940 kB
VmallocChunk:          0 kB
Percpu:             7616 kB
CmaTotal:         294912 kB
CmaFree:               0 kB
MemTotal:       12113140 kB
MemFree:          422424 kB
MemAvailable:    6473080 kB
Buffers:            3084 kB
Cached:          6530136 kB
SwapCached:            0 kB
Active:          7170356 kB
Inactive:        2014988 kB
Active(anon):    2363632 kB
Inactive(anon):   329300 kB
Active(file):    4806724 kB
Inactive(file):  1685688 kB
Unevictable:        5576 kB
Mlocked:            5576 kB
SwapTotal:       3145724 kB
SwapFree:        3140112 kB
Dirty:              1520 kB
Writeback:             0 kB
AnonPages:       2657768 kB
Mapped:           781092 kB
Shmem:             36272 kB
KReclaimable:     388048 kB
Slab:             243928 kB
SReclaimable:      94444 kB
SUnreclaim:       149484 kB
KernelStack:       53920 kB
PageTables:        69408 kB
NFS_Unstable:          0 kB
Bounce:                0 kB
WritebackTmp:          0 kB
CommitLimit:     9202292 kB
Committed_AS:   71819464 kB
VmallocTotal:   263061440 kB
VmallocUsed:      110972 kB
VmallocChunk:          0 kB
Percpu:             7616 kB
CmaTotal:         294912 kB
CmaFree:               0 kB
MemTotal:       12113140 kB
MemFree:          424108 kB
MemAvailable:    6474892 kB
Buffers:            3084 kB
Cached:          6530264 kB
SwapCached:            0 kB
Active:          7168560 kB
Inactive:        2015116 kB
Active(anon):    2361836 kB
Inactive(anon):   329300 kB
Active(file):    4806724 kB
Inactive(file):  1685816 kB
Unevictable:        5576 kB
Mlocked:            5576 kB
SwapTotal:       3145724 kB
SwapFree:        3140112 kB
Dirty:              1676 kB
Writeback:             0 kB
AnonPages:       2655848 kB
Mapped:           781092 kB
Shmem:             36272 kB
KReclaimable:     388048 kB
Slab:             243928 kB
SReclaimable:      94444 kB
SUnreclaim:       149484 kB
KernelStack:       53920 kB
PageTables:        69404 kB
NFS_Unstable:          0 kB
Bounce:                0 kB
WritebackTmp:          0 kB
CommitLimit:     9202292 kB
Committed_AS:   71819112 kB
VmallocTotal:   263061440 kB
VmallocUsed:      110956 kB
VmallocChunk:          0 kB
Percpu:             7616 kB
CmaTotal:         294912 kB
CmaFree:               0 kB
MemTotal:       12113140 kB
MemFree:          424020 kB
MemAvailable:    6474804 kB
Buffers:            3084 kB
Cached:          6530264 kB
SwapCached:            0 kB
Active:          7169440 kB
Inactive:        2015116 kB
Active(anon):    2362716 kB
Inactive(anon):   329300 kB
Active(file):    4806724 kB
Inactive(file):  1685816 kB
Unevictable:        5576 kB
Mlocked:            5576 kB
SwapTotal:       3145724 kB
SwapFree:        3140112 kB
Dirty:              1736 kB
Writeback:             0 kB
AnonPages:       2656752 kB
Mapped:           781092 kB
Shmem:             36272 kB
KReclaimable:     388048 kB
Slab:             243928 kB
SReclaimable:      94444 kB
SUnreclaim:       149484 kB
KernelStack:       53920 kB
PageTables:        69408 kB
NFS_Unstable:          0 kB
Bounce:                0 kB
WritebackTmp:          0 kB
CommitLimit:     9202292 kB
Committed_AS:   71819836 kB
VmallocTotal:   263061440 kB
VmallocUsed:      110956 kB
VmallocChunk:          0 kB
Percpu:             7616 kB
CmaTotal:         294912 kB
CmaFree:               0 kB
MemTotal:       12113140 kB
MemFree:          422824 kB
MemAvailable:    6473608 kB
Buffers:            3084 kB
Cached:          6530264 kB
SwapCached:            0 kB
Active:          7169752 kB
Inactive:        2015116 kB
Active(anon):    2363028 kB
Inactive(anon):   329300 kB
Active(file):    4806724 kB
Inactive(file):  1685816 kB
Unevictable:        5576 kB
Mlocked:            5576 kB
SwapTotal:       3145724 kB
SwapFree:        3140112 kB
Dirty:              1736 kB
Writeback:             0 kB
AnonPages:       2657276 kB
Mapped:           781156 kB
Shmem:             36272 kB
KReclaimable:     388048 kB
Slab:             243928 kB
SReclaimable:      94444 kB
SUnreclaim:       149484 kB
KernelStack:       53952 kB
PageTables:        69452 kB
NFS_Unstable:          0 kB
Bounce:                0 kB
WritebackTmp:          0 kB
CommitLimit:     9202292 kB
Committed_AS:   71819616 kB
VmallocTotal:   263061440 kB
VmallocUsed:      110972 kB
VmallocChunk:          0 kB
Percpu:             7616 kB
CmaTotal:         294912 kB
CmaFree:               0 kB
MemTotal:       12113140 kB
MemFree:          411444 kB
MemAvailable:    6462228 kB
Buffers:            3084 kB
Cached:          6530264 kB
SwapCached:            0 kB
Active:          7180216 kB
Inactive:        2015116 kB
Active(anon):    2373492 kB
Inactive(anon):   329300 kB
Active(file):    4806724 kB
Inactive(file):  1685816 kB
Unevictable:        5576 kB
Mlocked:            5576 kB
SwapTotal:       3145724 kB
SwapFree:        3140112 kB
Dirty:              1736 kB
Writeback:             0 kB
AnonPages:       2666088 kB
Mapped:           781156 kB
Shmem:             36272 kB
KReclaimable:     388048 kB
Slab:             244168 kB
SReclaimable:      94444 kB
SUnreclaim:       149724 kB
KernelStack:       53936 kB
PageTables:        69608 kB
NFS_Unstable:          0 kB
Bounce:                0 kB
WritebackTmp:          0 kB
CommitLimit:     9202292 kB
Committed_AS:   71818972 kB
VmallocTotal:   263061440 kB
VmallocUsed:      110924 kB
VmallocChunk:          0 kB
Percpu:             7616 kB
CmaTotal:         294912 kB
CmaFree:               0 kB
MemTotal:       12113140 kB
MemFree:          393832 kB
MemAvailable:    6444744 kB
Buffers:            3084 kB
Cached:          6530392 kB
SwapCached:            0 kB
Active:          7199064 kB
Inactive:        2015244 kB
Active(anon):    2392340 kB
Inactive(anon):   329300 kB
Active(file):    4806724 kB
Inactive(file):  1685944 kB
Unevictable:        5576 kB
Mlocked:            5576 kB
SwapTotal:       3145724 kB
SwapFree:        3140112 kB
Dirty:              1880 kB
Writeback:             0 kB
AnonPages:       2685920 kB
Mapped:           781092 kB
Shmem:             36272 kB
KReclaimable:     388048 kB
Slab:             244064 kB
SReclaimable:      94444 kB
SUnreclaim:       149620 kB
KernelStack:       53920 kB
PageTables:        69408 kB
NFS_Unstable:          0 kB
Bounce:                0 kB
WritebackTmp:          0 kB
CommitLimit:     9202292 kB
Committed_AS:   71815228 kB
VmallocTotal:   263061440 kB
VmallocUsed:      110924 kB
VmallocChunk:          0 kB
Percpu:             7616 kB
CmaTotal:         294912 kB
CmaFree:               0 kB
MemTotal:       12113140 kB
MemFree:          381132 kB
MemAvailable:    6432176 kB
Buffers:            3084 kB
Cached:          6530524 kB
SwapCached:            0 kB
Active:          7207708 kB
Inactive:        2015372 kB
Active(anon):    2400980 kB
Inactive(anon):   329300 kB
Active(file):    4806728 kB
Inactive(file):  1686072 kB
Unevictable:        5576 kB
Mlocked:            5576 kB
SwapTotal:       3145724 kB
SwapFree:        3140112 kB
Dirty:              2012 kB
Writeback:             0 kB
AnonPages:       2695124 kB
Mapped:           781156 kB
Shmem:             36272 kB
KReclaimable:     388048 kB
Slab:             243944 kB
SReclaimable:      94444 kB
SUnreclaim:       149500 kB
KernelStack:       53920 kB
PageTables:        69412 kB
NFS_Unstable:          0 kB
Bounce:                0 kB
WritebackTmp:          0 kB
CommitLimit:     9202292 kB
Committed_AS:   71817212 kB
VmallocTotal:   263061440 kB
VmallocUsed:      110924 kB
VmallocChunk:          0 kB
Percpu:             7616 kB
CmaTotal:         294912 kB
CmaFree:               0 kB
MemTotal:       12113140 kB
MemFree:          372776 kB
MemAvailable:    6423832 kB
Buffers:            3088 kB
Cached:          6530532 kB
SwapCached:            0 kB
Active:          7216448 kB
Inactive:        2015380 kB
Active(anon):    2409716 kB
Inactive(anon):   329300 kB
Active(file):    4806732 kB
Inactive(file):  1686080 kB
Unevictable:        5576 kB
Mlocked:            5576 kB
SwapTotal:       3145724 kB
SwapFree:        3140112 kB
Dirty:              2024 kB
Writeback:             0 kB
AnonPages:       2703860 kB
Mapped:           781156 kB
Shmem:             36272 kB
KReclaimable:     388048 kB
Slab:             243976 kB
SReclaimable:      94444 kB
SUnreclaim:       149532 kB
KernelStack:       53920 kB
PageTables:        69404 kB
NFS_Unstable:          0 kB
Bounce:                0 kB
WritebackTmp:          0 kB
CommitLimit:     9202292 kB
Committed_AS:   71816816 kB
VmallocTotal:   263061440 kB
VmallocUsed:      110940 kB
VmallocChunk:          0 kB
Percpu:             7616 kB
CmaTotal:         294912 kB
CmaFree:               4 kB
MemTotal:       12113140 kB
MemFree:          377624 kB
MemAvailable:    6428680 kB
Buffers:            3088 kB
Cached:          6530536 kB
SwapCached:            0 kB
Active:          7208992 kB
Inactive:        2015384 kB
Active(anon):    2402260 kB
Inactive(anon):   329304 kB
Active(file):    4806732 kB
Inactive(file):  1686080 kB
Unevictable:        5576 kB
Mlocked:            5576 kB
SwapTotal:       3145724 kB
SwapFree:        3140112 kB
Dirty:              2040 kB
Writeback:             0 kB
AnonPages:       2696360 kB
Mapped:           781356 kB
Shmem:             36276 kB
KReclaimable:     388048 kB
Slab:             243944 kB
SReclaimable:      94444 kB
SUnreclaim:       149500 kB
KernelStack:       53956 kB
PageTables:        69352 kB
NFS_Unstable:          0 kB
Bounce:                0 kB
WritebackTmp:          0 kB
CommitLimit:     9202292 kB
Committed_AS:   71816844 kB
VmallocTotal:   263061440 kB
VmallocUsed:      110940 kB
VmallocChunk:          0 kB
Percpu:             7616 kB
CmaTotal:         294912 kB
CmaFree:               0 kB
MemTotal:       12113140 kB
MemFree:          377428 kB
MemAvailable:    6428612 kB
Buffers:            3088 kB
Cached:          6530664 kB
SwapCached:            0 kB
Active:          7210672 kB
Inactive:        2015516 kB
Active(anon):    2403944 kB
Inactive(anon):   329304 kB
Active(file):    4806728 kB
Inactive(file):  1686212 kB
Unevictable:        5576 kB
Mlocked:            5576 kB
SwapTotal:       3145724 kB
SwapFree:        3140112 kB
Dirty:              2176 kB
Writeback:             0 kB
AnonPages:       2698056 kB
Mapped:           781160 kB
Shmem:             36276 kB
KReclaimable:     388048 kB
Slab:             244016 kB
SReclaimable:      94444 kB
SUnreclaim:       149572 kB
KernelStack:       53920 kB
PageTables:        69404 kB
NFS_Unstable:          0 kB
Bounce:                0 kB
WritebackTmp:          0 kB
CommitLimit:     9202292 kB
Committed_AS:   71816844 kB
VmallocTotal:   263061440 kB
VmallocUsed:      110908 kB
VmallocChunk:          0 kB
Percpu:             7616 kB
CmaTotal:         294912 kB
CmaFree:               0 kB
MemTotal:       12113140 kB
MemFree:          378752 kB
MemAvailable:    6429936 kB
Buffers:            3088 kB
Cached:          6530664 kB
SwapCached:            0 kB
Active:          7210948 kB
Inactive:        2015516 kB
Active(anon):    2404220 kB
Inactive(anon):   329304 kB
Active(file):    4806728 kB
Inactive(file):  1686212 kB
Unevictable:        5576 kB
Mlocked:            5576 kB
SwapTotal:       3145724 kB
SwapFree:        3140112 kB
Dirty:              2244 kB
Writeback:             0 kB
AnonPages:       2698432 kB
Mapped:           781160 kB
Shmem:             36276 kB
KReclaimable:     388048 kB
Slab:             244008 kB
SReclaimable:      94444 kB
SUnreclaim:       149564 kB
KernelStack:       53920 kB
PageTables:        69404 kB
NFS_Unstable:          0 kB
Bounce:                0 kB
WritebackTmp:          0 kB
CommitLimit:     9202292 kB
Committed_AS:   71810588 kB
VmallocTotal:   263061440 kB
VmallocUsed:      110892 kB
VmallocChunk:          0 kB
Percpu:             7616 kB
CmaTotal:         294912 kB
CmaFree:               0 kB
MemTotal:       12113140 kB
MemFree:          379652 kB
MemAvailable:    6430836 kB
Buffers:            3088 kB
Cached:          6530664 kB
SwapCached:            0 kB
Active:          7211292 kB
Inactive:        2015516 kB
Active(anon):    2404564 kB
Inactive(anon):   329304 kB
Active(file):    4806728 kB
Inactive(file):  1686212 kB
Unevictable:        5576 kB
Mlocked:            5576 kB
SwapTotal:       3145724 kB
SwapFree:        3140112 kB
Dirty:              2260 kB
Writeback:             0 kB
AnonPages:       2698772 kB
Mapped:           781160 kB
Shmem:             36276 kB
KReclaimable:     388048 kB
Slab:             244000 kB
SReclaimable:      94444 kB
SUnreclaim:       149556 kB
KernelStack:       53920 kB
PageTables:        69400 kB
NFS_Unstable:          0 kB
Bounce:                0 kB
WritebackTmp:          0 kB
CommitLimit:     9202292 kB
Committed_AS:   71814532 kB
VmallocTotal:   263061440 kB
VmallocUsed:      110956 kB
VmallocChunk:          0 kB
Percpu:             7616 kB
CmaTotal:         294912 kB
CmaFree:               0 kB
MemTotal:       12113140 kB
MemFree:          380580 kB
MemAvailable:    6432120 kB
Buffers:            3088 kB
Cached:          6531032 kB
SwapCached:            0 kB
Active:          7212096 kB
Inactive:        2015872 kB
Active(anon):    2405368 kB
Inactive(anon):   329304 kB
Active(file):    4806728 kB
Inactive(file):  1686568 kB
Unevictable:        5576 kB
Mlocked:            5576 kB
SwapTotal:       3145724 kB
SwapFree:        3140112 kB
Dirty:              2260 kB
Writeback:             0 kB
AnonPages:       2699044 kB
Mapped:           781472 kB
Shmem:             36276 kB
KReclaimable:     388048 kB
Slab:             244000 kB
SReclaimable:      94444 kB
SUnreclaim:       149556 kB
KernelStack:       53904 kB
PageTables:        69356 kB
NFS_Unstable:          0 kB
Bounce:                0 kB
WritebackTmp:          0 kB
CommitLimit:     9202292 kB
Committed_AS:   71818056 kB
VmallocTotal:   263061440 kB
VmallocUsed:      110972 kB
VmallocChunk:          0 kB
Percpu:             7616 kB
CmaTotal:         294912 kB
CmaFree:               0 kB
MemTotal:       12113140 kB
MemFree:          380608 kB
MemAvailable:    6432288 kB
Buffers:            3088 kB
Cached:          6531160 kB
SwapCached:            0 kB
Active:          7211584 kB
Inactive:        2016012 kB
Active(anon):    2404856 kB
Inactive(anon):   329304 kB
Active(file):    4806728 kB
Inactive(file):  1686708 kB
Unevictable:        5576 kB
Mlocked:            5576 kB
SwapTotal:       3145724 kB
SwapFree:        3140112 kB
Dirty:              2388 kB
Writeback:             0 kB
AnonPages:       2698952 kB
Mapped:           781276 kB
Shmem:             36276 kB
KReclaimable:     388048 kB
Slab:             244000 kB
SReclaimable:      94444 kB
SUnreclaim:       149556 kB
KernelStack:       53920 kB
PageTables:        69408 kB
NFS_Unstable:          0 kB
Bounce:                0 kB
WritebackTmp:          0 kB
CommitLimit:     9202292 kB
Committed_AS:   71811080 kB
VmallocTotal:   263061440 kB
VmallocUsed:      110972 kB
VmallocChunk:          0 kB
Percpu:             7616 kB
CmaTotal:         294912 kB
CmaFree:               0 kB
MemTotal:       12113140 kB
MemFree:          396976 kB
MemAvailable:    6448776 kB
Buffers:            3088 kB
Cached:          6531288 kB
SwapCached:            0 kB
Active:          7195000 kB
Inactive:        2016132 kB
Active(anon):    2388272 kB
Inactive(anon):   329304 kB
Active(file):    4806728 kB
Inactive(file):  1686828 kB
Unevictable:        5576 kB
Mlocked:            5576 kB
SwapTotal:       3145724 kB
SwapFree:        3140112 kB
Dirty:              2416 kB
Writeback:             0 kB
AnonPages:       2682436 kB
Mapped:           781472 kB
Shmem:             36276 kB
KReclaimable:     388048 kB
Slab:             243992 kB
SReclaimable:      94444 kB
SUnreclaim:       149548 kB
KernelStack:       53940 kB
PageTables:        69372 kB
NFS_Unstable:          0 kB
Bounce:                0 kB
WritebackTmp:          0 kB
CommitLimit:     9202292 kB
Committed_AS:   71810856 kB
VmallocTotal:   263061440 kB
VmallocUsed:      110972 kB
VmallocChunk:          0 kB
Percpu:             7616 kB
CmaTotal:         294912 kB
CmaFree:              28 kB
MemTotal:       12113140 kB
MemFree:          396772 kB
MemAvailable:    6448580 kB
Buffers:            3088 kB
Cached:          6531288 kB
SwapCached:            0 kB
Active:          7195092 kB
Inactive:        2016140 kB
Active(anon):    2388364 kB
Inactive(anon):   329304 kB
Active(file):    4806728 kB
Inactive(file):  1686836 kB
Unevictable:        5576 kB
Mlocked:            5576 kB
SwapTotal:       3145724 kB
SwapFree:        3140112 kB
Dirty:              2416 kB
Writeback:             0 kB
AnonPages:       2682664 kB
Mapped:           781276 kB
Shmem:             36276 kB
KReclaimable:     388048 kB
Slab:             244000 kB
SReclaimable:      94444 kB
SUnreclaim:       149556 kB
KernelStack:       53920 kB
PageTables:        69420 kB
NFS_Unstable:          0 kB
Bounce:                0 kB
WritebackTmp:          0 kB
CommitLimit:     9202292 kB
Committed_AS:   71810504 kB
VmallocTotal:   263061440 kB
VmallocUsed:      110956 kB
VmallocChunk:          0 kB
Percpu:             7616 kB
CmaTotal:         294912 kB
CmaFree:              80 kB
MemTotal:       12113140 kB
MemFree:          395252 kB
MemAvailable:    6446016 kB
Buffers:            3088 kB
Cached:          6531388 kB
SwapCached:            0 kB
Active:          7197780 kB
Inactive:        2016240 kB
Active(anon):    2391052 kB
Inactive(anon):   329304 kB
Active(file):    4806728 kB
Inactive(file):  1686936 kB
Unevictable:        5576 kB
Mlocked:            5576 kB
SwapTotal:       3145724 kB
SwapFree:        3140112 kB
Dirty:              2516 kB
Writeback:             0 kB
AnonPages:       2685092 kB
Mapped:           783208 kB
Shmem:             36276 kB
KReclaimable:     385760 kB
Slab:             244292 kB
SReclaimable:      94456 kB
SUnreclaim:       149836 kB
KernelStack:       53936 kB
PageTables:        69472 kB
NFS_Unstable:          0 kB
Bounce:                0 kB
WritebackTmp:          0 kB
CommitLimit:     9202292 kB
Committed_AS:   71814692 kB
VmallocTotal:   263061440 kB
VmallocUsed:      110956 kB
