MemTotal:       12113132 kB
MemFree:         6213108 kB
MemAvailable:    8025500 kB
Buffers:            7472 kB
Cached:          1907056 kB
SwapCached:            0 kB
Active:          1447220 kB
Inactive:        1655332 kB
Active(anon):    1194484 kB
Inactive(anon):    27708 kB
Active(file):     252736 kB
Inactive(file):  1627624 kB
Unevictable:        5532 kB
Mlocked:            5532 kB
SwapTotal:       3145724 kB
SwapFree:        3145724 kB
Dirty:               272 kB
Writeback:             0 kB
AnonPages:       1193696 kB
Mapped:           875880 kB
Shmem:             29688 kB
KReclaimable:     800736 kB
Slab:             222548 kB
SReclaimable:      78248 kB
SUnreclaim:       144300 kB
KernelStack:       46248 kB
PageTables:        62536 kB
NFS_Unstable:          0 kB
Bounce:                0 kB
WritebackTmp:          0 kB
CommitLimit:     9202288 kB
Committed_AS:   66039260 kB
VmallocTotal:   263061440 kB
VmallocUsed:      103184 kB
VmallocChunk:          0 kB
Percpu:             7648 kB
CmaTotal:         294912 kB
CmaFree:             128 kB
MemTotal:       12113132 kB
MemFree:         6213180 kB
MemAvailable:    8025636 kB
Buffers:            7472 kB
Cached:          1907120 kB
SwapCached:            0 kB
Active:          1447768 kB
Inactive:        1655364 kB
Active(anon):    1195000 kB
Inactive(anon):    27708 kB
Active(file):     252768 kB
Inactive(file):  1627656 kB
Unevictable:        5532 kB
Mlocked:            5532 kB
SwapTotal:       3145724 kB
SwapFree:        3145724 kB
Dirty:               376 kB
Writeback:             0 kB
AnonPages:       1194256 kB
Mapped:           875864 kB
Shmem:             29688 kB
KReclaimable:     800736 kB
Slab:             222564 kB
SReclaimable:      78248 kB
SUnreclaim:       144316 kB
KernelStack:       46272 kB
PageTables:        62876 kB
NFS_Unstable:          0 kB
Bounce:                0 kB
WritebackTmp:          0 kB
CommitLimit:     9202288 kB
Committed_AS:   66043608 kB
VmallocTotal:   263061440 kB
VmallocUsed:      103216 kB
VmallocChunk:          0 kB
Percpu:             7648 kB
CmaTotal:         294912 kB
CmaFree:               0 kB
MemTotal:       12113132 kB
MemFree:         6212576 kB
MemAvailable:    8025068 kB
Buffers:            7472 kB
Cached:          1907156 kB
SwapCached:            0 kB
Active:          1448288 kB
Inactive:        1655392 kB
Active(anon):    1195512 kB
Inactive(anon):    27708 kB
Active(file):     252776 kB
Inactive(file):  1627684 kB
Unevictable:        5532 kB
Mlocked:            5532 kB
SwapTotal:       3145724 kB
SwapFree:        3145724 kB
Dirty:               432 kB
Writeback:             0 kB
AnonPages:       1194552 kB
Mapped:           876192 kB
Shmem:             29688 kB
KReclaimable:     800736 kB
Slab:             222524 kB
SReclaimable:      78248 kB
SUnreclaim:       144276 kB
KernelStack:       46288 kB
PageTables:        62856 kB
NFS_Unstable:          0 kB
Bounce:                0 kB
WritebackTmp:          0 kB
CommitLimit:     9202288 kB
Committed_AS:   66048784 kB
VmallocTotal:   263061440 kB
VmallocUsed:      103248 kB
VmallocChunk:          0 kB
Percpu:             7648 kB
CmaTotal:         294912 kB
CmaFree:               0 kB
MemTotal:       12113132 kB
MemFree:         6211568 kB
MemAvailable:    8024072 kB
Buffers:            7472 kB
Cached:          1907168 kB
SwapCached:            0 kB
Active:          1448712 kB
Inactive:        1655404 kB
Active(anon):    1195936 kB
Inactive(anon):    27708 kB
Active(file):     252776 kB
Inactive(file):  1627696 kB
Unevictable:        5532 kB
Mlocked:            5532 kB
SwapTotal:       3145724 kB
SwapFree:        3145724 kB
Dirty:               444 kB
Writeback:             0 kB
AnonPages:       1195236 kB
Mapped:           876168 kB
Shmem:             29688 kB
KReclaimable:     800736 kB
Slab:             222556 kB
SReclaimable:      78248 kB
SUnreclaim:       144308 kB
KernelStack:       46224 kB
PageTables:        62776 kB
NFS_Unstable:          0 kB
Bounce:                0 kB
WritebackTmp:          0 kB
CommitLimit:     9202288 kB
Committed_AS:   66048504 kB
VmallocTotal:   263061440 kB
VmallocUsed:      103248 kB
VmallocChunk:          0 kB
Percpu:             7648 kB
CmaTotal:         294912 kB
CmaFree:               0 kB
MemTotal:       12113132 kB
MemFree:         6221856 kB
MemAvailable:    8034372 kB
Buffers:            7472 kB
Cached:          1907180 kB
SwapCached:            0 kB
Active:          1437060 kB
Inactive:        1655420 kB
Active(anon):    1184288 kB
Inactive(anon):    27708 kB
Active(file):     252772 kB
Inactive(file):  1627712 kB
Unevictable:        5532 kB
Mlocked:            5532 kB
SwapTotal:       3145724 kB
SwapFree:        3145724 kB
Dirty:               472 kB
Writeback:             0 kB
AnonPages:       1183252 kB
Mapped:           862812 kB
Shmem:             29688 kB
KReclaimable:     800736 kB
Slab:             222552 kB
SReclaimable:      78248 kB
SUnreclaim:       144304 kB
KernelStack:       46256 kB
PageTables:        62780 kB
NFS_Unstable:          0 kB
Bounce:                0 kB
WritebackTmp:          0 kB
CommitLimit:     9202288 kB
Committed_AS:   66049344 kB
VmallocTotal:   263061440 kB
VmallocUsed:      103248 kB
VmallocChunk:          0 kB
Percpu:             7648 kB
CmaTotal:         294912 kB
CmaFree:            1868 kB
MemTotal:       12113132 kB
MemFree:         6221788 kB
MemAvailable:    8034304 kB
Buffers:            7472 kB
Cached:          1907180 kB
SwapCached:            0 kB
Active:          1437344 kB
Inactive:        1655416 kB
Active(anon):    1184568 kB
Inactive(anon):    27708 kB
Active(file):     252776 kB
Inactive(file):  1627708 kB
Unevictable:        5532 kB
Mlocked:            5532 kB
SwapTotal:       3145724 kB
SwapFree:        3145724 kB
Dirty:               492 kB
Writeback:             0 kB
AnonPages:       1183444 kB
Mapped:           862788 kB
Shmem:             29688 kB
KReclaimable:     800736 kB
Slab:             222560 kB
SReclaimable:      78248 kB
SUnreclaim:       144312 kB
KernelStack:       46208 kB
PageTables:        62724 kB
NFS_Unstable:          0 kB
Bounce:                0 kB
WritebackTmp:          0 kB
CommitLimit:     9202288 kB
Committed_AS:   66049080 kB
VmallocTotal:   263061440 kB
VmallocUsed:      103264 kB
VmallocChunk:          0 kB
Percpu:             7648 kB
CmaTotal:         294912 kB
CmaFree:             112 kB
MemTotal:       12113132 kB
MemFree:         6221228 kB
MemAvailable:    8033780 kB
Buffers:            7472 kB
Cached:          1907216 kB
SwapCached:            0 kB
Active:          1437780 kB
Inactive:        1655452 kB
Active(anon):    1185004 kB
Inactive(anon):    27708 kB
Active(file):     252776 kB
Inactive(file):  1627744 kB
Unevictable:        5532 kB
Mlocked:            5532 kB
SwapTotal:       3145724 kB
SwapFree:        3145724 kB
Dirty:               516 kB
Writeback:             0 kB
AnonPages:       1184184 kB
Mapped:           862720 kB
Shmem:             29688 kB
KReclaimable:     800736 kB
Slab:             222548 kB
SReclaimable:      78248 kB
SUnreclaim:       144300 kB
KernelStack:       46260 kB
PageTables:        62652 kB
NFS_Unstable:          0 kB
Bounce:                0 kB
WritebackTmp:          0 kB
CommitLimit:     9202288 kB
Committed_AS:   66054108 kB
VmallocTotal:   263061440 kB
VmallocUsed:      103296 kB
VmallocChunk:          0 kB
Percpu:             7648 kB
CmaTotal:         294912 kB
CmaFree:             116 kB
MemTotal:       12113132 kB
MemFree:         6220472 kB
MemAvailable:    8033040 kB
Buffers:            7472 kB
Cached:          1907232 kB
SwapCached:            0 kB
Active:          1438688 kB
Inactive:        1655468 kB
Active(anon):    1185912 kB
Inactive(anon):    27708 kB
Active(file):     252776 kB
Inactive(file):  1627760 kB
Unevictable:        5532 kB
Mlocked:            5532 kB
SwapTotal:       3145724 kB
SwapFree:        3145724 kB
Dirty:               508 kB
Writeback:             0 kB
AnonPages:       1184920 kB
Mapped:           862788 kB
Shmem:             29688 kB
KReclaimable:     800736 kB
Slab:             222572 kB
SReclaimable:      78248 kB
SUnreclaim:       144324 kB
KernelStack:       46260 kB
PageTables:        62660 kB
NFS_Unstable:          0 kB
Bounce:                0 kB
WritebackTmp:          0 kB
CommitLimit:     9202288 kB
Committed_AS:   66055060 kB
VmallocTotal:   263061440 kB
VmallocUsed:      103280 kB
VmallocChunk:          0 kB
Percpu:             7648 kB
CmaTotal:         294912 kB
CmaFree:             192 kB
MemTotal:       12113132 kB
MemFree:         6219628 kB
MemAvailable:    8032204 kB
Buffers:            7472 kB
Cached:          1907240 kB
SwapCached:            0 kB
Active:          1439016 kB
Inactive:        1655476 kB
Active(anon):    1186240 kB
Inactive(anon):    27708 kB
Active(file):     252776 kB
Inactive(file):  1627768 kB
Unevictable:        5532 kB
Mlocked:            5532 kB
SwapTotal:       3145724 kB
SwapFree:        3145724 kB
Dirty:               516 kB
Writeback:             0 kB
AnonPages:       1185356 kB
Mapped:           862656 kB
Shmem:             29688 kB
KReclaimable:     800736 kB
Slab:             222540 kB
SReclaimable:      78248 kB
SUnreclaim:       144292 kB
KernelStack:       46288 kB
PageTables:        62892 kB
NFS_Unstable:          0 kB
Bounce:                0 kB
WritebackTmp:          0 kB
CommitLimit:     9202288 kB
Committed_AS:   66054328 kB
VmallocTotal:   263061440 kB
VmallocUsed:      103248 kB
VmallocChunk:          0 kB
Percpu:             7648 kB
CmaTotal:         294912 kB
CmaFree:             108 kB
MemTotal:       12113132 kB
MemFree:         6220048 kB
MemAvailable:    8032648 kB
Buffers:            7472 kB
Cached:          1907264 kB
SwapCached:            0 kB
Active:          1440240 kB
Inactive:        1655500 kB
Active(anon):    1187464 kB
Inactive(anon):    27708 kB
Active(file):     252776 kB
Inactive(file):  1627792 kB
Unevictable:        5532 kB
Mlocked:            5532 kB
SwapTotal:       3145724 kB
SwapFree:        3145724 kB
Dirty:               552 kB
Writeback:             0 kB
AnonPages:       1186564 kB
Mapped:           862600 kB
Shmem:             29688 kB
KReclaimable:     800736 kB
Slab:             222560 kB
SReclaimable:      78248 kB
SUnreclaim:       144312 kB
KernelStack:       46256 kB
PageTables:        62780 kB
NFS_Unstable:          0 kB
Bounce:                0 kB
WritebackTmp:          0 kB
CommitLimit:     9202288 kB
Committed_AS:   66054184 kB
VmallocTotal:   263061440 kB
VmallocUsed:      103248 kB
VmallocChunk:          0 kB
Percpu:             7648 kB
CmaTotal:         294912 kB
CmaFree:               0 kB
MemTotal:       12113132 kB
MemFree:         6218160 kB
MemAvailable:    8030780 kB
Buffers:            7472 kB
Cached:          1907284 kB
SwapCached:            0 kB
Active:          1440916 kB
Inactive:        1655520 kB
Active(anon):    1188140 kB
Inactive(anon):    27708 kB
Active(file):     252776 kB
Inactive(file):  1627812 kB
Unevictable:        5532 kB
Mlocked:            5532 kB
SwapTotal:       3145724 kB
SwapFree:        3145724 kB
Dirty:               572 kB
Writeback:             0 kB
AnonPages:       1187216 kB
Mapped:           862700 kB
Shmem:             29688 kB
KReclaimable:     800736 kB
Slab:             222560 kB
SReclaimable:      78248 kB
SUnreclaim:       144312 kB
KernelStack:       46240 kB
PageTables:        62752 kB
NFS_Unstable:          0 kB
Bounce:                0 kB
WritebackTmp:          0 kB
CommitLimit:     9202288 kB
Committed_AS:   66055220 kB
VmallocTotal:   263061440 kB
VmallocUsed:      103264 kB
VmallocChunk:          0 kB
Percpu:             7648 kB
CmaTotal:         294912 kB
CmaFree:               4 kB
MemTotal:       12113132 kB
MemFree:         6218076 kB
MemAvailable:    8030708 kB
Buffers:            7472 kB
Cached:          1907296 kB
SwapCached:            0 kB
Active:          1441760 kB
Inactive:        1655532 kB
Active(anon):    1188984 kB
Inactive(anon):    27708 kB
Active(file):     252776 kB
Inactive(file):  1627824 kB
Unevictable:        5532 kB
Mlocked:            5532 kB
SwapTotal:       3145724 kB
SwapFree:        3145724 kB
Dirty:               588 kB
Writeback:             0 kB
AnonPages:       1187964 kB
Mapped:           862788 kB
Shmem:             29688 kB
KReclaimable:     800736 kB
Slab:             222548 kB
SReclaimable:      78248 kB
SUnreclaim:       144300 kB
KernelStack:       46208 kB
PageTables:        62720 kB
NFS_Unstable:          0 kB
Bounce:                0 kB
WritebackTmp:          0 kB
CommitLimit:     9202288 kB
Committed_AS:   66053032 kB
VmallocTotal:   263061440 kB
VmallocUsed:      103232 kB
VmallocChunk:          0 kB
Percpu:             7648 kB
CmaTotal:         294912 kB
CmaFree:               0 kB
MemTotal:       12113132 kB
MemFree:         6216604 kB
MemAvailable:    8029256 kB
Buffers:            7472 kB
Cached:          1907316 kB
SwapCached:            0 kB
Active:          1442992 kB
Inactive:        1655552 kB
Active(anon):    1190216 kB
Inactive(anon):    27708 kB
Active(file):     252776 kB
Inactive(file):  1627844 kB
Unevictable:        5532 kB
Mlocked:            5532 kB
SwapTotal:       3145724 kB
SwapFree:        3145724 kB
Dirty:               620 kB
Writeback:             0 kB
AnonPages:       1189028 kB
Mapped:           862812 kB
Shmem:             29688 kB
KReclaimable:     800736 kB
Slab:             222580 kB
SReclaimable:      78248 kB
SUnreclaim:       144332 kB
KernelStack:       46288 kB
PageTables:        62804 kB
NFS_Unstable:          0 kB
Bounce:                0 kB
WritebackTmp:          0 kB
CommitLimit:     9202288 kB
Committed_AS:   66052548 kB
VmallocTotal:   263061440 kB
VmallocUsed:      103232 kB
VmallocChunk:          0 kB
Percpu:             7648 kB
CmaTotal:         294912 kB
CmaFree:               0 kB
MemTotal:       12113132 kB
MemFree:         6216488 kB
MemAvailable:    8029156 kB
Buffers:            7472 kB
Cached:          1907332 kB
SwapCached:            0 kB
Active:          1442996 kB
Inactive:        1655568 kB
Active(anon):    1190220 kB
Inactive(anon):    27708 kB
Active(file):     252776 kB
Inactive(file):  1627860 kB
Unevictable:        5532 kB
Mlocked:            5532 kB
SwapTotal:       3145724 kB
SwapFree:        3145724 kB
Dirty:               636 kB
Writeback:             0 kB
AnonPages:       1189504 kB
Mapped:           862788 kB
Shmem:             29688 kB
KReclaimable:     800736 kB
Slab:             222552 kB
SReclaimable:      78248 kB
SUnreclaim:       144304 kB
KernelStack:       46208 kB
PageTables:        62708 kB
NFS_Unstable:          0 kB
Bounce:                0 kB
WritebackTmp:          0 kB
CommitLimit:     9202288 kB
Committed_AS:   66052396 kB
VmallocTotal:   263061440 kB
VmallocUsed:      103280 kB
VmallocChunk:          0 kB
Percpu:             7648 kB
CmaTotal:         294912 kB
CmaFree:               0 kB
MemTotal:       12113132 kB
MemFree:         6215712 kB
MemAvailable:    8028396 kB
Buffers:            7472 kB
Cached:          1907348 kB
SwapCached:            0 kB
Active:          1443820 kB
Inactive:        1655584 kB
Active(anon):    1191044 kB
Inactive(anon):    27708 kB
Active(file):     252776 kB
Inactive(file):  1627876 kB
Unevictable:        5532 kB
Mlocked:            5532 kB
SwapTotal:       3145724 kB
SwapFree:        3145724 kB
Dirty:               656 kB
Writeback:             0 kB
AnonPages:       1189964 kB
Mapped:           862600 kB
Shmem:             29688 kB
KReclaimable:     800736 kB
Slab:             222604 kB
SReclaimable:      78248 kB
SUnreclaim:       144356 kB
KernelStack:       46240 kB
PageTables:        62792 kB
NFS_Unstable:          0 kB
Bounce:                0 kB
WritebackTmp:          0 kB
CommitLimit:     9202288 kB
Committed_AS:   66053136 kB
VmallocTotal:   263061440 kB
VmallocUsed:      103264 kB
VmallocChunk:          0 kB
Percpu:             7648 kB
CmaTotal:         294912 kB
CmaFree:               0 kB
MemTotal:       12113132 kB
MemFree:         6215616 kB
MemAvailable:    8028316 kB
Buffers:            7472 kB
Cached:          1907364 kB
SwapCached:            0 kB
Active:          1444352 kB
Inactive:        1655600 kB
Active(anon):    1191576 kB
Inactive(anon):    27708 kB
Active(file):     252776 kB
Inactive(file):  1627892 kB
Unevictable:        5532 kB
Mlocked:            5532 kB
SwapTotal:       3145724 kB
SwapFree:        3145724 kB
Dirty:               704 kB
Writeback:            16 kB
AnonPages:       1191004 kB
Mapped:           862788 kB
Shmem:             29688 kB
KReclaimable:     800736 kB
Slab:             222548 kB
SReclaimable:      78248 kB
SUnreclaim:       144300 kB
KernelStack:       46208 kB
PageTables:        62716 kB
NFS_Unstable:          0 kB
Bounce:                0 kB
WritebackTmp:          0 kB
CommitLimit:     9202288 kB
Committed_AS:   66052996 kB
VmallocTotal:   263061440 kB
VmallocUsed:      103264 kB
VmallocChunk:          0 kB
Percpu:             7648 kB
CmaTotal:         294912 kB
CmaFree:               0 kB
MemTotal:       12113132 kB
MemFree:         6214948 kB
MemAvailable:    8027668 kB
Buffers:            7472 kB
Cached:          1907384 kB
SwapCached:            0 kB
Active:          1445080 kB
Inactive:        1655620 kB
Active(anon):    1192304 kB
Inactive(anon):    27708 kB
Active(file):     252776 kB
Inactive(file):  1627912 kB
Unevictable:        5532 kB
Mlocked:            5532 kB
SwapTotal:       3145724 kB
SwapFree:        3145724 kB
Dirty:               732 kB
Writeback:             0 kB
AnonPages:       1191436 kB
Mapped:           862596 kB
Shmem:             29688 kB
KReclaimable:     800736 kB
Slab:             222572 kB
SReclaimable:      78248 kB
SUnreclaim:       144324 kB
KernelStack:       46224 kB
PageTables:        62776 kB
NFS_Unstable:          0 kB
Bounce:                0 kB
WritebackTmp:          0 kB
CommitLimit:     9202288 kB
Committed_AS:   66053172 kB
VmallocTotal:   263061440 kB
VmallocUsed:      103248 kB
VmallocChunk:          0 kB
Percpu:             7648 kB
CmaTotal:         294912 kB
CmaFree:               0 kB
MemTotal:       12113132 kB
MemFree:         6186528 kB
MemAvailable:    7999260 kB
Buffers:            7472 kB
Cached:          1907428 kB
SwapCached:            0 kB
Active:          1472412 kB
Inactive:        1655840 kB
Active(anon):    1219636 kB
Inactive(anon):    27916 kB
Active(file):     252776 kB
Inactive(file):  1627924 kB
Unevictable:        5532 kB
Mlocked:            5532 kB
SwapTotal:       3145724 kB
SwapFree:        3145724 kB
Dirty:               748 kB
Writeback:             0 kB
AnonPages:       1218648 kB
Mapped:           863000 kB
Shmem:             29720 kB
KReclaimable:     800736 kB
Slab:             222528 kB
SReclaimable:      78248 kB
SUnreclaim:       144280 kB
KernelStack:       46276 kB
PageTables:        62696 kB
NFS_Unstable:          0 kB
Bounce:                0 kB
WritebackTmp:          0 kB
CommitLimit:     9202288 kB
Committed_AS:   66053032 kB
VmallocTotal:   263061440 kB
VmallocUsed:      103232 kB
VmallocChunk:          0 kB
Percpu:             7648 kB
CmaTotal:         294912 kB
CmaFree:               0 kB
MemTotal:       12113132 kB
MemFree:         6187716 kB
MemAvailable:    8000464 kB
Buffers:            7472 kB
Cached:          1907412 kB
SwapCached:            0 kB
Active:          1472980 kB
Inactive:        1655648 kB
Active(anon):    1220204 kB
Inactive(anon):    27708 kB
Active(file):     252776 kB
Inactive(file):  1627940 kB
Unevictable:        5532 kB
Mlocked:            5532 kB
SwapTotal:       3145724 kB
SwapFree:        3145724 kB
Dirty:               768 kB
Writeback:             0 kB
AnonPages:       1219648 kB
Mapped:           862596 kB
Shmem:             29688 kB
KReclaimable:     800736 kB
Slab:             222504 kB
SReclaimable:      78248 kB
SUnreclaim:       144256 kB
KernelStack:       46240 kB
PageTables:        62768 kB
NFS_Unstable:          0 kB
Bounce:                0 kB
WritebackTmp:          0 kB
CommitLimit:     9202288 kB
Committed_AS:   66046912 kB
VmallocTotal:   263061440 kB
VmallocUsed:      103216 kB
VmallocChunk:          0 kB
Percpu:             7648 kB
CmaTotal:         294912 kB
CmaFree:              24 kB
MemTotal:       12113132 kB
MemFree:         6186276 kB
MemAvailable:    7999044 kB
Buffers:            7472 kB
Cached:          1907432 kB
SwapCached:            0 kB
Active:          1473244 kB
Inactive:        1655668 kB
Active(anon):    1220468 kB
Inactive(anon):    27708 kB
Active(file):     252776 kB
Inactive(file):  1627960 kB
Unevictable:        5532 kB
Mlocked:            5532 kB
SwapTotal:       3145724 kB
SwapFree:        3145724 kB
Dirty:               672 kB
Writeback:             0 kB
AnonPages:       1219544 kB
Mapped:           862788 kB
Shmem:             29688 kB
KReclaimable:     800736 kB
Slab:             222508 kB
SReclaimable:      78248 kB
SUnreclaim:       144260 kB
KernelStack:       46208 kB
PageTables:        62704 kB
NFS_Unstable:          0 kB
Bounce:                0 kB
WritebackTmp:          0 kB
CommitLimit:     9202288 kB
Committed_AS:   66049448 kB
VmallocTotal:   263061440 kB
VmallocUsed:      103248 kB
VmallocChunk:          0 kB
Percpu:             7648 kB
CmaTotal:         294912 kB
CmaFree:               0 kB
MemTotal:       12113132 kB
MemFree:         6187284 kB
MemAvailable:    8000068 kB
Buffers:            7472 kB
Cached:          1907448 kB
SwapCached:            0 kB
Active:          1474268 kB
Inactive:        1655684 kB
Active(anon):    1221492 kB
Inactive(anon):    27708 kB
Active(file):     252776 kB
Inactive(file):  1627976 kB
Unevictable:        5532 kB
Mlocked:            5532 kB
SwapTotal:       3145724 kB
SwapFree:        3145724 kB
Dirty:               692 kB
Writeback:             0 kB
AnonPages:       1220480 kB
Mapped:           862788 kB
Shmem:             29688 kB
KReclaimable:     800736 kB
Slab:             222524 kB
SReclaimable:      78248 kB
SUnreclaim:       144276 kB
KernelStack:       46224 kB
PageTables:        62776 kB
NFS_Unstable:          0 kB
Bounce:                0 kB
WritebackTmp:          0 kB
CommitLimit:     9202288 kB
Committed_AS:   66055568 kB
VmallocTotal:   263061440 kB
VmallocUsed:      103264 kB
VmallocChunk:          0 kB
Percpu:             7648 kB
CmaTotal:         294912 kB
CmaFree:               0 kB
MemTotal:       12113132 kB
MemFree:         6195060 kB
MemAvailable:    8007852 kB
Buffers:            7472 kB
Cached:          1907456 kB
SwapCached:            0 kB
Active:          1465316 kB
Inactive:        1655692 kB
Active(anon):    1212540 kB
Inactive(anon):    27708 kB
Active(file):     252776 kB
Inactive(file):  1627984 kB
Unevictable:        5532 kB
Mlocked:            5532 kB
SwapTotal:       3145724 kB
SwapFree:        3145724 kB
Dirty:               736 kB
Writeback:             0 kB
AnonPages:       1211640 kB
Mapped:           862788 kB
Shmem:             29688 kB
KReclaimable:     800736 kB
Slab:             222516 kB
SReclaimable:      78248 kB
SUnreclaim:       144268 kB
KernelStack:       46208 kB
PageTables:        62712 kB
NFS_Unstable:          0 kB
Bounce:                0 kB
WritebackTmp:          0 kB
CommitLimit:     9202288 kB
Committed_AS:   66048740 kB
VmallocTotal:   263061440 kB
VmallocUsed:      103264 kB
VmallocChunk:          0 kB
Percpu:             7648 kB
CmaTotal:         294912 kB
CmaFree:               0 kB
MemTotal:       12113132 kB
MemFree:         6193460 kB
MemAvailable:    8006276 kB
Buffers:            7472 kB
Cached:          1907480 kB
SwapCached:            0 kB
Active:          1466260 kB
Inactive:        1655716 kB
Active(anon):    1213484 kB
Inactive(anon):    27708 kB
Active(file):     252776 kB
Inactive(file):  1628008 kB
Unevictable:        5532 kB
Mlocked:            5532 kB
SwapTotal:       3145724 kB
SwapFree:        3145724 kB
Dirty:               604 kB
Writeback:             0 kB
AnonPages:       1212616 kB
Mapped:           862788 kB
Shmem:             29688 kB
KReclaimable:     800736 kB
Slab:             222524 kB
SReclaimable:      78248 kB
SUnreclaim:       144276 kB
KernelStack:       46208 kB
PageTables:        62728 kB
NFS_Unstable:          0 kB
Bounce:                0 kB
WritebackTmp:          0 kB
CommitLimit:     9202288 kB
Committed_AS:   66055032 kB
VmallocTotal:   263061440 kB
VmallocUsed:      103216 kB
VmallocChunk:          0 kB
Percpu:             7648 kB
CmaTotal:         294912 kB
CmaFree:               4 kB
MemTotal:       12113132 kB
MemFree:         6193880 kB
MemAvailable:    8006704 kB
Buffers:            7472 kB
Cached:          1907488 kB
SwapCached:            0 kB
Active:          1467172 kB
Inactive:        1655728 kB
Active(anon):    1214400 kB
Inactive(anon):    27708 kB
Active(file):     252772 kB
Inactive(file):  1628020 kB
Unevictable:        5532 kB
Mlocked:            5532 kB
SwapTotal:       3145724 kB
SwapFree:        3145724 kB
Dirty:               628 kB
Writeback:             0 kB
AnonPages:       1213352 kB
Mapped:           862600 kB
Shmem:             29688 kB
KReclaimable:     800736 kB
Slab:             222508 kB
SReclaimable:      78248 kB
SUnreclaim:       144260 kB
KernelStack:       46224 kB
PageTables:        62768 kB
NFS_Unstable:          0 kB
Bounce:                0 kB
WritebackTmp:          0 kB
CommitLimit:     9202288 kB
Committed_AS:   66050448 kB
VmallocTotal:   263061440 kB
VmallocUsed:      103200 kB
VmallocChunk:          0 kB
Percpu:             7648 kB
CmaTotal:         294912 kB
CmaFree:               0 kB
MemTotal:       12113132 kB
MemFree:         6192448 kB
MemAvailable:    8005296 kB
Buffers:            7472 kB
Cached:          1907516 kB
SwapCached:            0 kB
Active:          1467768 kB
Inactive:        1655752 kB
Active(anon):    1214992 kB
Inactive(anon):    27712 kB
Active(file):     252776 kB
Inactive(file):  1628040 kB
Unevictable:        5532 kB
Mlocked:            5532 kB
SwapTotal:       3145724 kB
SwapFree:        3145724 kB
Dirty:               656 kB
Writeback:             0 kB
AnonPages:       1214192 kB
Mapped:           862740 kB
Shmem:             29692 kB
KReclaimable:     800736 kB
Slab:             222528 kB
SReclaimable:      78248 kB
SUnreclaim:       144280 kB
KernelStack:       46192 kB
PageTables:        62680 kB
NFS_Unstable:          0 kB
Bounce:                0 kB
WritebackTmp:          0 kB
CommitLimit:     9202288 kB
Committed_AS:   66054648 kB
VmallocTotal:   263061440 kB
VmallocUsed:      103216 kB
VmallocChunk:          0 kB
Percpu:             7648 kB
CmaTotal:         294912 kB
CmaFree:               0 kB
MemTotal:       12113132 kB
MemFree:         6192256 kB
MemAvailable:    8005120 kB
Buffers:            7472 kB
Cached:          1907532 kB
SwapCached:            0 kB
Active:          1468956 kB
Inactive:        1655768 kB
Active(anon):    1216180 kB
Inactive(anon):    27712 kB
Active(file):     252776 kB
Inactive(file):  1628056 kB
Unevictable:        5532 kB
Mlocked:            5532 kB
SwapTotal:       3145724 kB
SwapFree:        3145724 kB
Dirty:               684 kB
Writeback:             0 kB
AnonPages:       1215256 kB
Mapped:           862604 kB
Shmem:             29692 kB
KReclaimable:     800736 kB
Slab:             222512 kB
SReclaimable:      78248 kB
SUnreclaim:       144264 kB
KernelStack:       46240 kB
PageTables:        62788 kB
NFS_Unstable:          0 kB
Bounce:                0 kB
WritebackTmp:          0 kB
CommitLimit:     9202288 kB
Committed_AS:   66054548 kB
VmallocTotal:   263061440 kB
VmallocUsed:      103232 kB
VmallocChunk:          0 kB
Percpu:             7648 kB
CmaTotal:         294912 kB
CmaFree:               0 kB
MemTotal:       12113132 kB
MemFree:         6190244 kB
MemAvailable:    8003116 kB
Buffers:            7472 kB
Cached:          1907540 kB
SwapCached:            0 kB
Active:          1468996 kB
Inactive:        1655776 kB
Active(anon):    1216220 kB
Inactive(anon):    27712 kB
Active(file):     252776 kB
Inactive(file):  1628064 kB
Unevictable:        5532 kB
Mlocked:            5532 kB
SwapTotal:       3145724 kB
SwapFree:        3145724 kB
Dirty:               196 kB
Writeback:             0 kB
AnonPages:       1215724 kB
Mapped:           862724 kB
Shmem:             29692 kB
KReclaimable:     800736 kB
Slab:             222536 kB
SReclaimable:      78248 kB
SUnreclaim:       144288 kB
KernelStack:       46208 kB
PageTables:        62764 kB
NFS_Unstable:          0 kB
Bounce:                0 kB
WritebackTmp:          0 kB
CommitLimit:     9202288 kB
Committed_AS:   66054552 kB
VmallocTotal:   263061440 kB
VmallocUsed:      103232 kB
VmallocChunk:          0 kB
Percpu:             7648 kB
CmaTotal:         294912 kB
CmaFree:               0 kB
MemTotal:       12113132 kB
MemFree:         6190168 kB
MemAvailable:    8003064 kB
Buffers:            7472 kB
Cached:          1907564 kB
SwapCached:            0 kB
Active:          1470152 kB
Inactive:        1655800 kB
Active(anon):    1217376 kB
Inactive(anon):    27712 kB
Active(file):     252776 kB
Inactive(file):  1628088 kB
Unevictable:        5532 kB
Mlocked:            5532 kB
SwapTotal:       3145724 kB
SwapFree:        3145724 kB
Dirty:               256 kB
Writeback:             0 kB
AnonPages:       1216228 kB
Mapped:           862792 kB
Shmem:             29692 kB
KReclaimable:     800736 kB
Slab:             222524 kB
SReclaimable:      78248 kB
SUnreclaim:       144276 kB
KernelStack:       46160 kB
PageTables:        62644 kB
NFS_Unstable:          0 kB
Bounce:                0 kB
WritebackTmp:          0 kB
CommitLimit:     9202288 kB
Committed_AS:   66055256 kB
VmallocTotal:   263061440 kB
VmallocUsed:      103216 kB
VmallocChunk:          0 kB
Percpu:             7648 kB
CmaTotal:         294912 kB
CmaFree:               0 kB
MemTotal:       12113132 kB
MemFree:         6189364 kB
MemAvailable:    8002276 kB
Buffers:            7472 kB
Cached:          1907580 kB
SwapCached:            0 kB
Active:          1470512 kB
Inactive:        1655816 kB
Active(anon):    1217736 kB
Inactive(anon):    27712 kB
Active(file):     252776 kB
Inactive(file):  1628104 kB
Unevictable:        5532 kB
Mlocked:            5532 kB
SwapTotal:       3145724 kB
SwapFree:        3145724 kB
Dirty:               296 kB
Writeback:             0 kB
AnonPages:       1217140 kB
Mapped:           862776 kB
Shmem:             29692 kB
KReclaimable:     800736 kB
Slab:             222556 kB
SReclaimable:      78248 kB
SUnreclaim:       144308 kB
KernelStack:       46224 kB
PageTables:        62868 kB
NFS_Unstable:          0 kB
Bounce:                0 kB
WritebackTmp:          0 kB
CommitLimit:     9202288 kB
Committed_AS:   66049608 kB
VmallocTotal:   263061440 kB
VmallocUsed:      103200 kB
VmallocChunk:          0 kB
Percpu:             7648 kB
CmaTotal:         294912 kB
CmaFree:               0 kB
MemTotal:       12113132 kB
MemFree:         6189156 kB
MemAvailable:    8002084 kB
Buffers:            7472 kB
Cached:          1907596 kB
SwapCached:            0 kB
Active:          1471280 kB
Inactive:        1655832 kB
Active(anon):    1218504 kB
Inactive(anon):    27712 kB
Active(file):     252776 kB
Inactive(file):  1628120 kB
Unevictable:        5532 kB
Mlocked:            5532 kB
SwapTotal:       3145724 kB
SwapFree:        3145724 kB
Dirty:               312 kB
Writeback:             0 kB
AnonPages:       1217820 kB
Mapped:           862604 kB
Shmem:             29692 kB
KReclaimable:     800736 kB
Slab:             222520 kB
SReclaimable:      78248 kB
SUnreclaim:       144272 kB
KernelStack:       46240 kB
PageTables:        62776 kB
NFS_Unstable:          0 kB
Bounce:                0 kB
WritebackTmp:          0 kB
CommitLimit:     9202288 kB
Committed_AS:   66049124 kB
VmallocTotal:   263061440 kB
VmallocUsed:      103216 kB
VmallocChunk:          0 kB
Percpu:             7648 kB
CmaTotal:         294912 kB
CmaFree:               0 kB
MemTotal:       12113132 kB
MemFree:         6187996 kB
MemAvailable:    8000904 kB
Buffers:            7472 kB
Cached:          1907576 kB
SwapCached:            0 kB
Active:          1471928 kB
Inactive:        1655812 kB
Active(anon):    1219152 kB
Inactive(anon):    27712 kB
Active(file):     252776 kB
Inactive(file):  1628100 kB
Unevictable:        5532 kB
Mlocked:            5532 kB
SwapTotal:       3145724 kB
SwapFree:        3145724 kB
Dirty:               336 kB
Writeback:             0 kB
AnonPages:       1218388 kB
Mapped:           862796 kB
Shmem:             29692 kB
KReclaimable:     800736 kB
Slab:             222556 kB
SReclaimable:      78248 kB
SUnreclaim:       144308 kB
KernelStack:       46256 kB
PageTables:        62844 kB
NFS_Unstable:          0 kB
Bounce:                0 kB
WritebackTmp:          0 kB
CommitLimit:     9202288 kB
Committed_AS:   66048908 kB
VmallocTotal:   263061440 kB
VmallocUsed:      103216 kB
VmallocChunk:          0 kB
Percpu:             7648 kB
CmaTotal:         294912 kB
CmaFree:               0 kB
MemTotal:       12113132 kB
MemFree:         6205040 kB
MemAvailable:    8018008 kB
Buffers:            7472 kB
Cached:          1907636 kB
SwapCached:            0 kB
Active:          1455348 kB
Inactive:        1655872 kB
Active(anon):    1202572 kB
Inactive(anon):    27712 kB
Active(file):     252776 kB
Inactive(file):  1628160 kB
Unevictable:        5532 kB
Mlocked:            5532 kB
SwapTotal:       3145724 kB
SwapFree:        3145724 kB
Dirty:               392 kB
Writeback:             0 kB
AnonPages:       1201840 kB
Mapped:           862792 kB
Shmem:             29692 kB
KReclaimable:     800736 kB
Slab:             222528 kB
SReclaimable:      78248 kB
SUnreclaim:       144280 kB
KernelStack:       46208 kB
PageTables:        62716 kB
NFS_Unstable:          0 kB
Bounce:                0 kB
WritebackTmp:          0 kB
CommitLimit:     9202288 kB
Committed_AS:   66048684 kB
VmallocTotal:   263061440 kB
VmallocUsed:      103248 kB
VmallocChunk:          0 kB
Percpu:             7648 kB
CmaTotal:         294912 kB
CmaFree:               0 kB
MemTotal:       12113132 kB
MemFree:         6203016 kB
MemAvailable:    8015992 kB
Buffers:            7472 kB
Cached:          1907644 kB
SwapCached:            0 kB
Active:          1455944 kB
Inactive:        1655880 kB
Active(anon):    1203168 kB
Inactive(anon):    27712 kB
Active(file):     252776 kB
Inactive(file):  1628168 kB
Unevictable:        5532 kB
Mlocked:            5532 kB
SwapTotal:       3145724 kB
SwapFree:        3145724 kB
Dirty:               400 kB
Writeback:             0 kB
AnonPages:       1202420 kB
Mapped:           862796 kB
Shmem:             29692 kB
KReclaimable:     800736 kB
Slab:             222564 kB
SReclaimable:      78248 kB
SUnreclaim:       144316 kB
KernelStack:       46208 kB
PageTables:        62712 kB
NFS_Unstable:          0 kB
Bounce:                0 kB
WritebackTmp:          0 kB
CommitLimit:     9202288 kB
Committed_AS:   66049784 kB
VmallocTotal:   263061440 kB
VmallocUsed:      103232 kB
VmallocChunk:          0 kB
Percpu:             7648 kB
CmaTotal:         294912 kB
CmaFree:               0 kB
MemTotal:       12113132 kB
MemFree:         6203532 kB
MemAvailable:    8016528 kB
Buffers:            7472 kB
Cached:          1907664 kB
SwapCached:            0 kB
Active:          1455840 kB
Inactive:        1655900 kB
Active(anon):    1203064 kB
Inactive(anon):    27712 kB
Active(file):     252776 kB
Inactive(file):  1628188 kB
Unevictable:        5532 kB
Mlocked:            5532 kB
SwapTotal:       3145724 kB
SwapFree:        3145724 kB
Dirty:               456 kB
Writeback:             0 kB
AnonPages:       1202408 kB
Mapped:           862792 kB
Shmem:             29692 kB
KReclaimable:     800736 kB
Slab:             222540 kB
SReclaimable:      78248 kB
SUnreclaim:       144292 kB
KernelStack:       46240 kB
PageTables:        62716 kB
NFS_Unstable:          0 kB
Bounce:                0 kB
WritebackTmp:          0 kB
CommitLimit:     9202288 kB
Committed_AS:   66054876 kB
VmallocTotal:   263061440 kB
VmallocUsed:      103184 kB
VmallocChunk:          0 kB
Percpu:             7648 kB
CmaTotal:         294912 kB
CmaFree:               0 kB
MemTotal:       12113132 kB
MemFree:         6203480 kB
MemAvailable:    8016492 kB
Buffers:            7472 kB
Cached:          1907680 kB
SwapCached:            0 kB
Active:          1455604 kB
Inactive:        1655916 kB
Active(anon):    1202828 kB
Inactive(anon):    27712 kB
Active(file):     252776 kB
Inactive(file):  1628204 kB
Unevictable:        5532 kB
Mlocked:            5532 kB
SwapTotal:       3145724 kB
SwapFree:        3145724 kB
Dirty:               476 kB
Writeback:             0 kB
AnonPages:       1201896 kB
Mapped:           862760 kB
Shmem:             29692 kB
KReclaimable:     800736 kB
Slab:             222556 kB
SReclaimable:      78248 kB
SUnreclaim:       144308 kB
KernelStack:       46208 kB
PageTables:        62712 kB
NFS_Unstable:          0 kB
Bounce:                0 kB
WritebackTmp:          0 kB
CommitLimit:     9202288 kB
Committed_AS:   66055092 kB
VmallocTotal:   263061440 kB
VmallocUsed:      103232 kB
VmallocChunk:          0 kB
Percpu:             7648 kB
CmaTotal:         294912 kB
CmaFree:             100 kB
MemTotal:       12113132 kB
MemFree:         6203452 kB
MemAvailable:    8016484 kB
Buffers:            7472 kB
Cached:          1907700 kB
SwapCached:            0 kB
Active:          1456216 kB
Inactive:        1655936 kB
Active(anon):    1203440 kB
Inactive(anon):    27712 kB
Active(file):     252776 kB
Inactive(file):  1628224 kB
Unevictable:        5532 kB
Mlocked:            5532 kB
SwapTotal:       3145724 kB
SwapFree:        3145724 kB
Dirty:               496 kB
Writeback:             0 kB
AnonPages:       1202372 kB
Mapped:           862600 kB
Shmem:             29692 kB
KReclaimable:     800736 kB
Slab:             222544 kB
SReclaimable:      78248 kB
SUnreclaim:       144296 kB
KernelStack:       46208 kB
PageTables:        62732 kB
NFS_Unstable:          0 kB
Bounce:                0 kB
WritebackTmp:          0 kB
CommitLimit:     9202288 kB
Committed_AS:   66048700 kB
VmallocTotal:   263061440 kB
VmallocUsed:      103248 kB
VmallocChunk:          0 kB
Percpu:             7648 kB
CmaTotal:         294912 kB
CmaFree:              28 kB
MemTotal:       12113132 kB
MemFree:         6191624 kB
MemAvailable:    8004668 kB
Buffers:            7472 kB
Cached:          1907712 kB
SwapCached:            0 kB
Active:          1469284 kB
Inactive:        1655948 kB
Active(anon):    1216508 kB
Inactive(anon):    27712 kB
Active(file):     252776 kB
Inactive(file):  1628236 kB
Unevictable:        5532 kB
Mlocked:            5532 kB
SwapTotal:       3145724 kB
SwapFree:        3145724 kB
Dirty:               580 kB
Writeback:             0 kB
AnonPages:       1215576 kB
Mapped:           862744 kB
Shmem:             29692 kB
KReclaimable:     800736 kB
Slab:             222552 kB
SReclaimable:      78248 kB
SUnreclaim:       144304 kB
KernelStack:       46240 kB
PageTables:        62724 kB
NFS_Unstable:          0 kB
Bounce:                0 kB
WritebackTmp:          0 kB
CommitLimit:     9202288 kB
Committed_AS:   66053744 kB
VmallocTotal:   263061440 kB
VmallocUsed:      103232 kB
VmallocChunk:          0 kB
Percpu:             7648 kB
CmaTotal:         294912 kB
CmaFree:              16 kB
MemTotal:       12113132 kB
MemFree:         6190828 kB
MemAvailable:    8004144 kB
Buffers:            7472 kB
Cached:          1907732 kB
SwapCached:            0 kB
Active:          1470260 kB
Inactive:        1655968 kB
Active(anon):    1217484 kB
Inactive(anon):    27720 kB
Active(file):     252776 kB
Inactive(file):  1628248 kB
Unevictable:        5532 kB
Mlocked:            5532 kB
SwapTotal:       3145724 kB
SwapFree:        3145724 kB
Dirty:               524 kB
Writeback:             0 kB
AnonPages:       1216336 kB
Mapped:           862872 kB
Shmem:             29700 kB
KReclaimable:     800736 kB
Slab:             222564 kB
SReclaimable:      78248 kB
SUnreclaim:       144316 kB
KernelStack:       46224 kB
PageTables:        62788 kB
NFS_Unstable:          0 kB
Bounce:                0 kB
WritebackTmp:          0 kB
CommitLimit:     9202288 kB
Committed_AS:   66054388 kB
VmallocTotal:   263061440 kB
VmallocUsed:      103248 kB
VmallocChunk:          0 kB
Percpu:             7648 kB
CmaTotal:         294912 kB
CmaFree:               0 kB
MemTotal:       12113132 kB
MemFree:         6190116 kB
MemAvailable:    8003212 kB
Buffers:            7472 kB
Cached:          1907772 kB
SwapCached:            0 kB
Active:          1469416 kB
Inactive:        1656004 kB
Active(anon):    1216636 kB
Inactive(anon):    27720 kB
Active(file):     252780 kB
Inactive(file):  1628284 kB
Unevictable:        5532 kB
Mlocked:            5532 kB
SwapTotal:       3145724 kB
SwapFree:        3145724 kB
Dirty:               572 kB
Writeback:             0 kB
AnonPages:       1215924 kB
Mapped:           862800 kB
Shmem:             29700 kB
KReclaimable:     800736 kB
Slab:             222540 kB
SReclaimable:      78248 kB
SUnreclaim:       144292 kB
KernelStack:       46276 kB
PageTables:        62720 kB
NFS_Unstable:          0 kB
Bounce:                0 kB
WritebackTmp:          0 kB
CommitLimit:     9202288 kB
Committed_AS:   66061572 kB
VmallocTotal:   263061440 kB
VmallocUsed:      103264 kB
VmallocChunk:          0 kB
Percpu:             7648 kB
CmaTotal:         294912 kB
CmaFree:             244 kB
MemTotal:       12113132 kB
MemFree:         6189304 kB
MemAvailable:    8002396 kB
Buffers:            7472 kB
Cached:          1907768 kB
SwapCached:            0 kB
Active:          1469668 kB
Inactive:        1656004 kB
Active(anon):    1216892 kB
Inactive(anon):    27720 kB
Active(file):     252776 kB
Inactive(file):  1628284 kB
Unevictable:        5532 kB
Mlocked:            5532 kB
SwapTotal:       3145724 kB
SwapFree:        3145724 kB
Dirty:               568 kB
Writeback:             0 kB
AnonPages:       1216284 kB
Mapped:           862800 kB
Shmem:             29700 kB
KReclaimable:     800736 kB
Slab:             222564 kB
SReclaimable:      78248 kB
SUnreclaim:       144316 kB
KernelStack:       46208 kB
PageTables:        62720 kB
NFS_Unstable:          0 kB
Bounce:                0 kB
WritebackTmp:          0 kB
CommitLimit:     9202288 kB
Committed_AS:   66058244 kB
VmallocTotal:   263061440 kB
VmallocUsed:      103248 kB
VmallocChunk:          0 kB
Percpu:             7648 kB
CmaTotal:         294912 kB
CmaFree:               8 kB
MemTotal:       12113132 kB
MemFree:         6189248 kB
MemAvailable:    8002348 kB
Buffers:            7472 kB
Cached:          1907776 kB
SwapCached:            0 kB
Active:          1470580 kB
Inactive:        1656012 kB
Active(anon):    1217804 kB
Inactive(anon):    27720 kB
Active(file):     252776 kB
Inactive(file):  1628292 kB
Unevictable:        5532 kB
Mlocked:            5532 kB
SwapTotal:       3145724 kB
SwapFree:        3145724 kB
Dirty:               588 kB
Writeback:             0 kB
AnonPages:       1216796 kB
Mapped:           862800 kB
Shmem:             29700 kB
KReclaimable:     800736 kB
Slab:             222560 kB
SReclaimable:      78248 kB
SUnreclaim:       144312 kB
KernelStack:       46224 kB
PageTables:        62712 kB
NFS_Unstable:          0 kB
Bounce:                0 kB
WritebackTmp:          0 kB
CommitLimit:     9202288 kB
Committed_AS:   66058092 kB
VmallocTotal:   263061440 kB
VmallocUsed:      103248 kB
VmallocChunk:          0 kB
Percpu:             7648 kB
CmaTotal:         294912 kB
CmaFree:               0 kB
MemTotal:       12113132 kB
MemFree:         6189780 kB
MemAvailable:    8002900 kB
Buffers:            7472 kB
Cached:          1907800 kB
SwapCached:            0 kB
Active:          1470792 kB
Inactive:        1656036 kB
Active(anon):    1218016 kB
Inactive(anon):    27724 kB
Active(file):     252776 kB
Inactive(file):  1628312 kB
Unevictable:        5532 kB
Mlocked:            5532 kB
SwapTotal:       3145724 kB
SwapFree:        3145724 kB
Dirty:               612 kB
Writeback:             0 kB
AnonPages:       1217104 kB
Mapped:           862804 kB
Shmem:             29704 kB
KReclaimable:     800736 kB
Slab:             222552 kB
SReclaimable:      78248 kB
SUnreclaim:       144304 kB
KernelStack:       46224 kB
PageTables:        62776 kB
NFS_Unstable:          0 kB
Bounce:                0 kB
WritebackTmp:          0 kB
CommitLimit:     9202288 kB
Committed_AS:   66053160 kB
VmallocTotal:   263061440 kB
VmallocUsed:      103248 kB
VmallocChunk:          0 kB
Percpu:             7648 kB
CmaTotal:         294912 kB
CmaFree:               0 kB
MemTotal:       12113132 kB
MemFree:         6213312 kB
MemAvailable:    8026444 kB
Buffers:            7472 kB
Cached:          1907816 kB
SwapCached:            0 kB
Active:          1445528 kB
Inactive:        1656052 kB
Active(anon):    1192756 kB
Inactive(anon):    27724 kB
Active(file):     252772 kB
Inactive(file):  1628328 kB
Unevictable:        5532 kB
Mlocked:            5532 kB
SwapTotal:       3145724 kB
SwapFree:        3145724 kB
Dirty:               632 kB
Writeback:             0 kB
AnonPages:       1192088 kB
Mapped:           862744 kB
Shmem:             29704 kB
KReclaimable:     800736 kB
Slab:             222284 kB
SReclaimable:      78248 kB
SUnreclaim:       144036 kB
KernelStack:       46240 kB
PageTables:        62712 kB
NFS_Unstable:          0 kB
Bounce:                0 kB
WritebackTmp:          0 kB
CommitLimit:     9202288 kB
Committed_AS:   66057656 kB
VmallocTotal:   263061440 kB
VmallocUsed:      103248 kB
VmallocChunk:          0 kB
Percpu:             7648 kB
CmaTotal:         294912 kB
CmaFree:               0 kB
MemTotal:       12113132 kB
MemFree:         6212932 kB
MemAvailable:    8026088 kB
Buffers:            7472 kB
Cached:          1907836 kB
SwapCached:            0 kB
Active:          1446304 kB
Inactive:        1656072 kB
Active(anon):    1193528 kB
Inactive(anon):    27724 kB
Active(file):     252776 kB
Inactive(file):  1628348 kB
Unevictable:        5532 kB
Mlocked:            5532 kB
SwapTotal:       3145724 kB
SwapFree:        3145724 kB
Dirty:               692 kB
Writeback:             0 kB
AnonPages:       1192696 kB
Mapped:           862672 kB
Shmem:             29704 kB
KReclaimable:     800736 kB
Slab:             222284 kB
SReclaimable:      78248 kB
SUnreclaim:       144036 kB
KernelStack:       46240 kB
PageTables:        62764 kB
NFS_Unstable:          0 kB
Bounce:                0 kB
WritebackTmp:          0 kB
CommitLimit:     9202288 kB
Committed_AS:   66052904 kB
VmallocTotal:   263061440 kB
VmallocUsed:      103264 kB
VmallocChunk:          0 kB
Percpu:             7648 kB
CmaTotal:         294912 kB
CmaFree:               8 kB
MemTotal:       12113132 kB
MemFree:         6213040 kB
MemAvailable:    8026188 kB
Buffers:            7472 kB
Cached:          1907828 kB
SwapCached:            0 kB
Active:          1447056 kB
Inactive:        1656068 kB
Active(anon):    1194284 kB
Inactive(anon):    27724 kB
Active(file):     252772 kB
Inactive(file):  1628344 kB
Unevictable:        5532 kB
Mlocked:            5532 kB
SwapTotal:       3145724 kB
SwapFree:        3145724 kB
Dirty:               724 kB
Writeback:             0 kB
AnonPages:       1193244 kB
Mapped:           862816 kB
Shmem:             29704 kB
KReclaimable:     800736 kB
Slab:             222292 kB
SReclaimable:      78248 kB
SUnreclaim:       144044 kB
KernelStack:       46256 kB
PageTables:        62736 kB
NFS_Unstable:          0 kB
Bounce:                0 kB
WritebackTmp:          0 kB
CommitLimit:     9202288 kB
Committed_AS:   66048276 kB
VmallocTotal:   263061440 kB
VmallocUsed:      103280 kB
VmallocChunk:          0 kB
Percpu:             7648 kB
CmaTotal:         294912 kB
CmaFree:              20 kB
MemTotal:       12113132 kB
MemFree:         6212520 kB
MemAvailable:    8025708 kB
Buffers:            7472 kB
Cached:          1907868 kB
SwapCached:            0 kB
Active:          1446336 kB
Inactive:        1656104 kB
Active(anon):    1193560 kB
Inactive(anon):    27724 kB
Active(file):     252776 kB
Inactive(file):  1628380 kB
Unevictable:        5532 kB
Mlocked:            5532 kB
SwapTotal:       3145724 kB
SwapFree:        3145724 kB
Dirty:               784 kB
Writeback:             0 kB
AnonPages:       1192840 kB
Mapped:           862864 kB
Shmem:             29704 kB
KReclaimable:     800736 kB
Slab:             222284 kB
SReclaimable:      78248 kB
SUnreclaim:       144036 kB
KernelStack:       46176 kB
PageTables:        62712 kB
NFS_Unstable:          0 kB
Bounce:                0 kB
WritebackTmp:          0 kB
CommitLimit:     9202288 kB
Committed_AS:   66053176 kB
VmallocTotal:   263061440 kB
VmallocUsed:      103248 kB
VmallocChunk:          0 kB
Percpu:             7648 kB
CmaTotal:         294912 kB
CmaFree:              68 kB
MemTotal:       12113132 kB
MemFree:         6211512 kB
MemAvailable:    8024716 kB
Buffers:            7472 kB
Cached:          1907884 kB
SwapCached:            0 kB
Active:          1447044 kB
Inactive:        1656120 kB
Active(anon):    1194268 kB
Inactive(anon):    27724 kB
Active(file):     252776 kB
Inactive(file):  1628396 kB
Unevictable:        5532 kB
Mlocked:            5532 kB
SwapTotal:       3145724 kB
SwapFree:        3145724 kB
Dirty:               824 kB
Writeback:             0 kB
AnonPages:       1193760 kB
Mapped:           862796 kB
Shmem:             29704 kB
KReclaimable:     800736 kB
Slab:             222308 kB
SReclaimable:      78248 kB
SUnreclaim:       144060 kB
KernelStack:       46192 kB
PageTables:        62692 kB
NFS_Unstable:          0 kB
Bounce:                0 kB
WritebackTmp:          0 kB
CommitLimit:     9202288 kB
Committed_AS:   66052888 kB
VmallocTotal:   263061440 kB
VmallocUsed:      103216 kB
VmallocChunk:          0 kB
Percpu:             7648 kB
CmaTotal:         294912 kB
CmaFree:              36 kB
MemTotal:       12113132 kB
MemFree:         6210924 kB
MemAvailable:    8024144 kB
Buffers:            7472 kB
Cached:          1907900 kB
SwapCached:            0 kB
Active:          1448140 kB
Inactive:        1656136 kB
Active(anon):    1195364 kB
Inactive(anon):    27724 kB
Active(file):     252776 kB
Inactive(file):  1628412 kB
Unevictable:        5532 kB
Mlocked:            5532 kB
SwapTotal:       3145724 kB
SwapFree:        3145724 kB
Dirty:               840 kB
Writeback:             0 kB
AnonPages:       1194236 kB
Mapped:           862864 kB
Shmem:             29704 kB
KReclaimable:     800736 kB
Slab:             222268 kB
SReclaimable:      78248 kB
SUnreclaim:       144020 kB
KernelStack:       46160 kB
PageTables:        62708 kB
NFS_Unstable:          0 kB
Bounce:                0 kB
WritebackTmp:          0 kB
CommitLimit:     9202288 kB
Committed_AS:   66052880 kB
VmallocTotal:   263061440 kB
VmallocUsed:      103232 kB
VmallocChunk:          0 kB
Percpu:             7648 kB
CmaTotal:         294912 kB
CmaFree:              40 kB
MemTotal:       12113132 kB
MemFree:         6210056 kB
MemAvailable:    8023280 kB
Buffers:            7472 kB
Cached:          1907904 kB
SwapCached:            0 kB
Active:          1448328 kB
Inactive:        1656140 kB
Active(anon):    1195552 kB
Inactive(anon):    27724 kB
Active(file):     252776 kB
Inactive(file):  1628416 kB
Unevictable:        5532 kB
Mlocked:            5532 kB
SwapTotal:       3145724 kB
SwapFree:        3145724 kB
Dirty:               856 kB
Writeback:             0 kB
AnonPages:       1194604 kB
Mapped:           862868 kB
Shmem:             29704 kB
KReclaimable:     800736 kB
Slab:             222292 kB
SReclaimable:      78248 kB
SUnreclaim:       144044 kB
KernelStack:       46192 kB
PageTables:        62708 kB
NFS_Unstable:          0 kB
Bounce:                0 kB
WritebackTmp:          0 kB
CommitLimit:     9202288 kB
Committed_AS:   66053332 kB
VmallocTotal:   263061440 kB
VmallocUsed:      103200 kB
VmallocChunk:          0 kB
Percpu:             7648 kB
CmaTotal:         294912 kB
CmaFree:               0 kB
MemTotal:       12113132 kB
MemFree:         6209804 kB
MemAvailable:    8023052 kB
Buffers:            7472 kB
Cached:          1907928 kB
SwapCached:            0 kB
Active:          1449040 kB
Inactive:        1656164 kB
Active(anon):    1196264 kB
Inactive(anon):    27724 kB
Active(file):     252776 kB
Inactive(file):  1628440 kB
Unevictable:        5532 kB
Mlocked:            5532 kB
SwapTotal:       3145724 kB
SwapFree:        3145724 kB
Dirty:               884 kB
Writeback:             0 kB
AnonPages:       1195588 kB
Mapped:           862864 kB
Shmem:             29704 kB
KReclaimable:     800736 kB
Slab:             222268 kB
SReclaimable:      78248 kB
SUnreclaim:       144020 kB
KernelStack:       46160 kB
PageTables:        62716 kB
NFS_Unstable:          0 kB
Bounce:                0 kB
WritebackTmp:          0 kB
CommitLimit:     9202288 kB
Committed_AS:   66053112 kB
VmallocTotal:   263061440 kB
VmallocUsed:      103232 kB
VmallocChunk:          0 kB
Percpu:             7648 kB
CmaTotal:         294912 kB
CmaFree:               4 kB
MemTotal:       12113132 kB
MemFree:         6209176 kB
MemAvailable:    8022448 kB
Buffers:            7472 kB
Cached:          1907952 kB
SwapCached:            0 kB
Active:          1449660 kB
Inactive:        1656188 kB
Active(anon):    1196884 kB
Inactive(anon):    27724 kB
Active(file):     252776 kB
Inactive(file):  1628464 kB
Unevictable:        5532 kB
Mlocked:            5532 kB
SwapTotal:       3145724 kB
SwapFree:        3145724 kB
Dirty:               908 kB
Writeback:             0 kB
AnonPages:       1196056 kB
Mapped:           862672 kB
Shmem:             29704 kB
KReclaimable:     800736 kB
Slab:             222292 kB
SReclaimable:      78248 kB
SUnreclaim:       144044 kB
KernelStack:       46144 kB
PageTables:        62768 kB
NFS_Unstable:          0 kB
Bounce:                0 kB
WritebackTmp:          0 kB
CommitLimit:     9202288 kB
Committed_AS:   66052336 kB
VmallocTotal:   263061440 kB
VmallocUsed:      103184 kB
VmallocChunk:          0 kB
Percpu:             7648 kB
CmaTotal:         294912 kB
CmaFree:               0 kB
MemTotal:       12113132 kB
MemFree:         6209704 kB
MemAvailable:    8022984 kB
Buffers:            7472 kB
Cached:          1907960 kB
SwapCached:            0 kB
Active:          1449796 kB
Inactive:        1656196 kB
Active(anon):    1197020 kB
Inactive(anon):    27724 kB
Active(file):     252776 kB
Inactive(file):  1628472 kB
Unevictable:        5532 kB
Mlocked:            5532 kB
SwapTotal:       3145724 kB
SwapFree:        3145724 kB
Dirty:               916 kB
Writeback:             0 kB
AnonPages:       1195908 kB
Mapped:           862864 kB
Shmem:             29704 kB
KReclaimable:     800736 kB
Slab:             222284 kB
SReclaimable:      78248 kB
SUnreclaim:       144036 kB
KernelStack:       46144 kB
PageTables:        62844 kB
NFS_Unstable:          0 kB
Bounce:                0 kB
WritebackTmp:          0 kB
CommitLimit:     9202288 kB
Committed_AS:   66045144 kB
VmallocTotal:   263061440 kB
VmallocUsed:      103152 kB
VmallocChunk:          0 kB
Percpu:             7648 kB
CmaTotal:         294912 kB
CmaFree:               4 kB
MemTotal:       12113132 kB
MemFree:         6208200 kB
MemAvailable:    8021492 kB
Buffers:            7472 kB
Cached:          1907972 kB
SwapCached:            0 kB
Active:          1450580 kB
Inactive:        1656208 kB
Active(anon):    1197804 kB
Inactive(anon):    27724 kB
Active(file):     252776 kB
Inactive(file):  1628484 kB
Unevictable:        5532 kB
Mlocked:            5532 kB
SwapTotal:       3145724 kB
SwapFree:        3145724 kB
Dirty:               920 kB
Writeback:             0 kB
AnonPages:       1196696 kB
Mapped:           862864 kB
Shmem:             29704 kB
KReclaimable:     800736 kB
Slab:             222252 kB
SReclaimable:      78248 kB
SUnreclaim:       144004 kB
KernelStack:       46128 kB
PageTables:        62724 kB
NFS_Unstable:          0 kB
Bounce:                0 kB
WritebackTmp:          0 kB
CommitLimit:     9202288 kB
Committed_AS:   66049544 kB
VmallocTotal:   263061440 kB
VmallocUsed:      103184 kB
VmallocChunk:          0 kB
Percpu:             7648 kB
CmaTotal:         294912 kB
CmaFree:              32 kB
MemTotal:       12113132 kB
MemFree:         6209316 kB
MemAvailable:    8022624 kB
Buffers:            7472 kB
Cached:          1907988 kB
SwapCached:            0 kB
Active:          1450636 kB
Inactive:        1656224 kB
Active(anon):    1197860 kB
Inactive(anon):    27724 kB
Active(file):     252776 kB
Inactive(file):  1628500 kB
Unevictable:        5532 kB
Mlocked:            5532 kB
SwapTotal:       3145724 kB
SwapFree:        3145724 kB
Dirty:               940 kB
Writeback:             0 kB
AnonPages:       1197100 kB
Mapped:           862676 kB
Shmem:             29704 kB
KReclaimable:     800736 kB
Slab:             222252 kB
SReclaimable:      78248 kB
SUnreclaim:       144004 kB
KernelStack:       46160 kB
PageTables:        62772 kB
NFS_Unstable:          0 kB
Bounce:                0 kB
WritebackTmp:          0 kB
CommitLimit:     9202288 kB
Committed_AS:   66050304 kB
VmallocTotal:   263061440 kB
VmallocUsed:      103136 kB
VmallocChunk:          0 kB
Percpu:             7648 kB
CmaTotal:         294912 kB
CmaFree:               0 kB
MemTotal:       12113132 kB
MemFree:         6209168 kB
MemAvailable:    8022496 kB
Buffers:            7472 kB
Cached:          1908008 kB
SwapCached:            0 kB
Active:          1452012 kB
Inactive:        1656244 kB
Active(anon):    1199236 kB
Inactive(anon):    27724 kB
Active(file):     252776 kB
Inactive(file):  1628520 kB
Unevictable:        5532 kB
Mlocked:            5532 kB
SwapTotal:       3145724 kB
SwapFree:        3145724 kB
Dirty:               972 kB
Writeback:             0 kB
AnonPages:       1198056 kB
Mapped:           862868 kB
Shmem:             29704 kB
KReclaimable:     800736 kB
Slab:             222220 kB
SReclaimable:      78248 kB
SUnreclaim:       143972 kB
KernelStack:       46176 kB
PageTables:        62704 kB
NFS_Unstable:          0 kB
Bounce:                0 kB
WritebackTmp:          0 kB
CommitLimit:     9202288 kB
Committed_AS:   66045624 kB
VmallocTotal:   263061440 kB
VmallocUsed:      103152 kB
VmallocChunk:          0 kB
Percpu:             7648 kB
CmaTotal:         294912 kB
CmaFree:              68 kB
MemTotal:       12113132 kB
MemFree:         6207944 kB
MemAvailable:    8021288 kB
Buffers:            7472 kB
Cached:          1908024 kB
SwapCached:            0 kB
Active:          1452092 kB
Inactive:        1656260 kB
Active(anon):    1199316 kB
Inactive(anon):    27724 kB
Active(file):     252776 kB
Inactive(file):  1628536 kB
Unevictable:        5532 kB
Mlocked:            5532 kB
SwapTotal:       3145724 kB
SwapFree:        3145724 kB
Dirty:              1008 kB
Writeback:             0 kB
AnonPages:       1198520 kB
Mapped:           862672 kB
Shmem:             29704 kB
KReclaimable:     800736 kB
Slab:             222260 kB
SReclaimable:      78248 kB
SUnreclaim:       144012 kB
KernelStack:       46128 kB
PageTables:        62724 kB
NFS_Unstable:          0 kB
Bounce:                0 kB
WritebackTmp:          0 kB
CommitLimit:     9202288 kB
Committed_AS:   66054980 kB
VmallocTotal:   263061440 kB
VmallocUsed:      103120 kB
VmallocChunk:          0 kB
Percpu:             7648 kB
CmaTotal:         294912 kB
CmaFree:               0 kB
MemTotal:       12113132 kB
MemFree:         6207208 kB
MemAvailable:    8020580 kB
Buffers:            7472 kB
Cached:          1908052 kB
SwapCached:            0 kB
Active:          1452704 kB
Inactive:        1656288 kB
Active(anon):    1199928 kB
Inactive(anon):    27724 kB
Active(file):     252776 kB
Inactive(file):  1628564 kB
Unevictable:        5532 kB
Mlocked:            5532 kB
SwapTotal:       3145724 kB
SwapFree:        3145724 kB
Dirty:               828 kB
Writeback:             0 kB
AnonPages:       1198996 kB
Mapped:           862744 kB
Shmem:             29704 kB
KReclaimable:     800736 kB
Slab:             222260 kB
SReclaimable:      78248 kB
SUnreclaim:       144012 kB
KernelStack:       46160 kB
PageTables:        62824 kB
NFS_Unstable:          0 kB
Bounce:                0 kB
WritebackTmp:          0 kB
CommitLimit:     9202288 kB
Committed_AS:   66054512 kB
VmallocTotal:   263061440 kB
VmallocUsed:      103136 kB
VmallocChunk:          0 kB
Percpu:             7648 kB
CmaTotal:         294912 kB
CmaFree:               4 kB
MemTotal:       12113132 kB
MemFree:         6206552 kB
MemAvailable:    8019936 kB
Buffers:            7472 kB
Cached:          1908064 kB
SwapCached:            0 kB
Active:          1453184 kB
Inactive:        1656300 kB
Active(anon):    1200408 kB
Inactive(anon):    27724 kB
Active(file):     252776 kB
Inactive(file):  1628576 kB
Unevictable:        5532 kB
Mlocked:            5532 kB
SwapTotal:       3145724 kB
SwapFree:        3145724 kB
Dirty:               888 kB
Writeback:             0 kB
AnonPages:       1199620 kB
Mapped:           862864 kB
Shmem:             29704 kB
KReclaimable:     800736 kB
Slab:             222260 kB
SReclaimable:      78248 kB
SUnreclaim:       144012 kB
KernelStack:       46144 kB
PageTables:        62676 kB
NFS_Unstable:          0 kB
Bounce:                0 kB
WritebackTmp:          0 kB
CommitLimit:     9202288 kB
Committed_AS:   66049824 kB
VmallocTotal:   263061440 kB
VmallocUsed:      103168 kB
VmallocChunk:          0 kB
Percpu:             7648 kB
CmaTotal:         294912 kB
CmaFree:               4 kB
MemTotal:       12113132 kB
MemFree:         6205476 kB
MemAvailable:    8018896 kB
Buffers:            7472 kB
Cached:          1908100 kB
SwapCached:            0 kB
Active:          1454252 kB
Inactive:        1656336 kB
Active(anon):    1201476 kB
Inactive(anon):    27724 kB
Active(file):     252776 kB
Inactive(file):  1628612 kB
Unevictable:        5532 kB
Mlocked:            5532 kB
SwapTotal:       3145724 kB
SwapFree:        3145724 kB
Dirty:               908 kB
Writeback:             0 kB
AnonPages:       1200428 kB
Mapped:           862816 kB
Shmem:             29704 kB
KReclaimable:     800736 kB
Slab:             222276 kB
SReclaimable:      78248 kB
SUnreclaim:       144028 kB
KernelStack:       46160 kB
PageTables:        62788 kB
NFS_Unstable:          0 kB
Bounce:                0 kB
WritebackTmp:          0 kB
CommitLimit:     9202288 kB
Committed_AS:   66049108 kB
VmallocTotal:   263061440 kB
VmallocUsed:      103168 kB
VmallocChunk:          0 kB
Percpu:             7648 kB
CmaTotal:         294912 kB
CmaFree:               0 kB
MemTotal:       12113132 kB
MemFree:         6205252 kB
MemAvailable:    8018664 kB
Buffers:            7472 kB
Cached:          1908092 kB
SwapCached:            0 kB
Active:          1454376 kB
Inactive:        1656328 kB
Active(anon):    1201600 kB
Inactive(anon):    27724 kB
Active(file):     252776 kB
Inactive(file):  1628604 kB
Unevictable:        5532 kB
Mlocked:            5532 kB
SwapTotal:       3145724 kB
SwapFree:        3145724 kB
Dirty:               916 kB
Writeback:             0 kB
AnonPages:       1200988 kB
Mapped:           862676 kB
Shmem:             29704 kB
KReclaimable:     800736 kB
Slab:             222244 kB
SReclaimable:      78248 kB
SUnreclaim:       143996 kB
KernelStack:       46160 kB
PageTables:        62784 kB
NFS_Unstable:          0 kB
Bounce:                0 kB
WritebackTmp:          0 kB
CommitLimit:     9202288 kB
Committed_AS:   66048676 kB
VmallocTotal:   263061440 kB
VmallocUsed:      103168 kB
VmallocChunk:          0 kB
Percpu:             7648 kB
CmaTotal:         294912 kB
CmaFree:               0 kB
MemTotal:       12113132 kB
MemFree:         6203320 kB
MemAvailable:    8016756 kB
Buffers:            7472 kB
Cached:          1908116 kB
SwapCached:            0 kB
Active:          1454672 kB
Inactive:        1656352 kB
Active(anon):    1201896 kB
Inactive(anon):    27724 kB
Active(file):     252776 kB
Inactive(file):  1628628 kB
Unevictable:        5532 kB
Mlocked:            5532 kB
SwapTotal:       3145724 kB
SwapFree:        3145724 kB
Dirty:               956 kB
Writeback:             0 kB
AnonPages:       1200736 kB
Mapped:           862696 kB
Shmem:             29704 kB
KReclaimable:     800736 kB
Slab:             222276 kB
SReclaimable:      78248 kB
SUnreclaim:       144028 kB
KernelStack:       46160 kB
PageTables:        62744 kB
NFS_Unstable:          0 kB
Bounce:                0 kB
WritebackTmp:          0 kB
CommitLimit:     9202288 kB
Committed_AS:   66049976 kB
VmallocTotal:   263061440 kB
VmallocUsed:      103168 kB
VmallocChunk:          0 kB
Percpu:             7648 kB
CmaTotal:         294912 kB
CmaFree:               0 kB
MemTotal:       12113132 kB
MemFree:         6204048 kB
MemAvailable:    8017492 kB
Buffers:            7472 kB
Cached:          1908124 kB
SwapCached:            0 kB
Active:          1455680 kB
Inactive:        1656360 kB
Active(anon):    1202904 kB
Inactive(anon):    27724 kB
Active(file):     252776 kB
Inactive(file):  1628636 kB
Unevictable:        5532 kB
Mlocked:            5532 kB
SwapTotal:       3145724 kB
SwapFree:        3145724 kB
Dirty:               488 kB
Writeback:             0 kB
AnonPages:       1201944 kB
Mapped:           862672 kB
Shmem:             29704 kB
KReclaimable:     800736 kB
Slab:             222236 kB
SReclaimable:      78248 kB
SUnreclaim:       143988 kB
KernelStack:       46112 kB
PageTables:        62724 kB
NFS_Unstable:          0 kB
Bounce:                0 kB
WritebackTmp:          0 kB
CommitLimit:     9202288 kB
Committed_AS:   66049868 kB
VmallocTotal:   263061440 kB
VmallocUsed:      103152 kB
VmallocChunk:          0 kB
Percpu:             7648 kB
CmaTotal:         294912 kB
CmaFree:               4 kB
MemTotal:       12113132 kB
MemFree:         6203308 kB
MemAvailable:    8016776 kB
Buffers:            7472 kB
Cached:          1908148 kB
SwapCached:            0 kB
Active:          1456572 kB
Inactive:        1656384 kB
Active(anon):    1203796 kB
Inactive(anon):    27724 kB
Active(file):     252776 kB
Inactive(file):  1628660 kB
Unevictable:        5532 kB
Mlocked:            5532 kB
SwapTotal:       3145724 kB
SwapFree:        3145724 kB
Dirty:               312 kB
Writeback:             0 kB
AnonPages:       1202516 kB
Mapped:           862680 kB
Shmem:             29704 kB
KReclaimable:     800736 kB
Slab:             222268 kB
SReclaimable:      78248 kB
SUnreclaim:       144020 kB
KernelStack:       46176 kB
PageTables:        62804 kB
NFS_Unstable:          0 kB
Bounce:                0 kB
WritebackTmp:          0 kB
CommitLimit:     9202288 kB
Committed_AS:   66049692 kB
VmallocTotal:   263061440 kB
VmallocUsed:      103168 kB
VmallocChunk:          0 kB
Percpu:             7648 kB
CmaTotal:         294912 kB
CmaFree:               0 kB
MemTotal:       12113132 kB
MemFree:         6203256 kB
MemAvailable:    8016724 kB
Buffers:            7472 kB
Cached:          1908148 kB
SwapCached:            0 kB
Active:          1457304 kB
Inactive:        1656388 kB
Active(anon):    1204532 kB
Inactive(anon):    27724 kB
Active(file):     252772 kB
Inactive(file):  1628664 kB
Unevictable:        5532 kB
Mlocked:            5532 kB
SwapTotal:       3145724 kB
SwapFree:        3145724 kB
Dirty:               348 kB
Writeback:             0 kB
AnonPages:       1203892 kB
Mapped:           862864 kB
Shmem:             29704 kB
KReclaimable:     800736 kB
Slab:             222244 kB
SReclaimable:      78248 kB
SUnreclaim:       143996 kB
KernelStack:       46128 kB
PageTables:        62736 kB
NFS_Unstable:          0 kB
Bounce:                0 kB
WritebackTmp:          0 kB
CommitLimit:     9202288 kB
Committed_AS:   66039140 kB
VmallocTotal:   263061440 kB
VmallocUsed:      103152 kB
VmallocChunk:          0 kB
Percpu:             7648 kB
CmaTotal:         294912 kB
CmaFree:               0 kB
MemTotal:       12113132 kB
MemFree:         6202048 kB
MemAvailable:    8015540 kB
Buffers:            7472 kB
Cached:          1908172 kB
SwapCached:            0 kB
Active:          1458196 kB
Inactive:        1656408 kB
Active(anon):    1205420 kB
Inactive(anon):    27724 kB
Active(file):     252776 kB
Inactive(file):  1628684 kB
Unevictable:        5532 kB
Mlocked:            5532 kB
SwapTotal:       3145724 kB
SwapFree:        3145724 kB
Dirty:               372 kB
Writeback:             0 kB
AnonPages:       1204616 kB
Mapped:           862676 kB
Shmem:             29704 kB
KReclaimable:     800736 kB
Slab:             222252 kB
SReclaimable:      78248 kB
SUnreclaim:       144004 kB
KernelStack:       46192 kB
PageTables:        62828 kB
NFS_Unstable:          0 kB
Bounce:                0 kB
WritebackTmp:          0 kB
CommitLimit:     9202288 kB
Committed_AS:   66043488 kB
VmallocTotal:   263061440 kB
VmallocUsed:      103168 kB
VmallocChunk:          0 kB
Percpu:             7648 kB
CmaTotal:         294912 kB
CmaFree:               0 kB
MemTotal:       12113132 kB
MemFree:         6202284 kB
MemAvailable:    8015796 kB
Buffers:            7472 kB
Cached:          1908192 kB
SwapCached:            0 kB
Active:          1458020 kB
Inactive:        1656428 kB
Active(anon):    1205244 kB
Inactive(anon):    27724 kB
Active(file):     252776 kB
Inactive(file):  1628704 kB
Unevictable:        5532 kB
Mlocked:            5532 kB
SwapTotal:       3145724 kB
SwapFree:        3145724 kB
Dirty:               396 kB
Writeback:             0 kB
AnonPages:       1204208 kB
Mapped:           862864 kB
Shmem:             29704 kB
KReclaimable:     800736 kB
Slab:             222248 kB
SReclaimable:      78248 kB
SUnreclaim:       144000 kB
KernelStack:       46160 kB
PageTables:        62808 kB
NFS_Unstable:          0 kB
Bounce:                0 kB
WritebackTmp:          0 kB
CommitLimit:     9202288 kB
Committed_AS:   66042088 kB
VmallocTotal:   263061440 kB
VmallocUsed:      103152 kB
VmallocChunk:          0 kB
Percpu:             7648 kB
CmaTotal:         294912 kB
CmaFree:               0 kB
MemTotal:       12113132 kB
MemFree:         6192480 kB
MemAvailable:    8006012 kB
Buffers:            7476 kB
Cached:          1908208 kB
SwapCached:            0 kB
Active:          1469580 kB
Inactive:        1656444 kB
Active(anon):    1216800 kB
Inactive(anon):    27724 kB
Active(file):     252780 kB
Inactive(file):  1628720 kB
Unevictable:        5532 kB
Mlocked:            5532 kB
SwapTotal:       3145724 kB
SwapFree:        3145724 kB
Dirty:               416 kB
Writeback:             0 kB
AnonPages:       1216104 kB
Mapped:           862872 kB
Shmem:             29704 kB
KReclaimable:     800736 kB
Slab:             222240 kB
SReclaimable:      78248 kB
SUnreclaim:       143992 kB
KernelStack:       46176 kB
PageTables:        62756 kB
NFS_Unstable:          0 kB
Bounce:                0 kB
WritebackTmp:          0 kB
CommitLimit:     9202288 kB
Committed_AS:   66048064 kB
VmallocTotal:   263061440 kB
VmallocUsed:      103120 kB
VmallocChunk:          0 kB
Percpu:             7648 kB
CmaTotal:         294912 kB
CmaFree:               4 kB
MemTotal:       12113132 kB
MemFree:         6189764 kB
MemAvailable:    8003312 kB
Buffers:            7476 kB
Cached:          1908224 kB
SwapCached:            0 kB
Active:          1470192 kB
Inactive:        1656460 kB
Active(anon):    1217412 kB
Inactive(anon):    27724 kB
Active(file):     252780 kB
Inactive(file):  1628736 kB
Unevictable:        5532 kB
Mlocked:            5532 kB
SwapTotal:       3145724 kB
SwapFree:        3145724 kB
Dirty:               436 kB
Writeback:             0 kB
AnonPages:       1216656 kB
Mapped:           862864 kB
Shmem:             29704 kB
KReclaimable:     800736 kB
Slab:             222256 kB
SReclaimable:      78248 kB
SUnreclaim:       144008 kB
KernelStack:       46128 kB
PageTables:        62712 kB
NFS_Unstable:          0 kB
Bounce:                0 kB
WritebackTmp:          0 kB
CommitLimit:     9202288 kB
Committed_AS:   66049996 kB
VmallocTotal:   263061440 kB
VmallocUsed:      103152 kB
VmallocChunk:          0 kB
Percpu:             7648 kB
CmaTotal:         294912 kB
CmaFree:              36 kB
MemTotal:       12113132 kB
MemFree:         6190472 kB
MemAvailable:    8004036 kB
Buffers:            7476 kB
Cached:          1908240 kB
SwapCached:            0 kB
Active:          1471124 kB
Inactive:        1656476 kB
Active(anon):    1218344 kB
Inactive(anon):    27724 kB
Active(file):     252780 kB
Inactive(file):  1628752 kB
Unevictable:        5532 kB
Mlocked:            5532 kB
SwapTotal:       3145724 kB
SwapFree:        3145724 kB
Dirty:               456 kB
Writeback:             0 kB
AnonPages:       1217376 kB
Mapped:           862828 kB
Shmem:             29704 kB
KReclaimable:     800736 kB
Slab:             222256 kB
SReclaimable:      78248 kB
SUnreclaim:       144008 kB
KernelStack:       46144 kB
PageTables:        62732 kB
NFS_Unstable:          0 kB
Bounce:                0 kB
WritebackTmp:          0 kB
CommitLimit:     9202288 kB
Committed_AS:   66054704 kB
VmallocTotal:   263061440 kB
VmallocUsed:      103152 kB
VmallocChunk:          0 kB
Percpu:             7648 kB
CmaTotal:         294912 kB
CmaFree:               0 kB
MemTotal:       12113132 kB
MemFree:         6188344 kB
MemAvailable:    8001928 kB
Buffers:            7476 kB
Cached:          1908184 kB
SwapCached:            0 kB
Active:          1470916 kB
Inactive:        1656420 kB
Active(anon):    1218136 kB
Inactive(anon):    27648 kB
Active(file):     252780 kB
Inactive(file):  1628772 kB
Unevictable:        5532 kB
Mlocked:            5532 kB
SwapTotal:       3145724 kB
SwapFree:        3145724 kB
Dirty:               476 kB
Writeback:             0 kB
AnonPages:       1217284 kB
Mapped:           862788 kB
Shmem:             29628 kB
KReclaimable:     800736 kB
Slab:             222256 kB
SReclaimable:      78248 kB
SUnreclaim:       144008 kB
KernelStack:       46128 kB
PageTables:        62696 kB
NFS_Unstable:          0 kB
Bounce:                0 kB
WritebackTmp:          0 kB
CommitLimit:     9202288 kB
Committed_AS:   66055648 kB
VmallocTotal:   263061440 kB
VmallocUsed:      103152 kB
VmallocChunk:          0 kB
Percpu:             7648 kB
CmaTotal:         294912 kB
CmaFree:              12 kB
MemTotal:       12113132 kB
MemFree:         6188180 kB
MemAvailable:    8001776 kB
Buffers:            7476 kB
Cached:          1908272 kB
SwapCached:            0 kB
Active:          1472252 kB
Inactive:        1656508 kB
Active(anon):    1219472 kB
Inactive(anon):    27724 kB
Active(file):     252780 kB
Inactive(file):  1628784 kB
Unevictable:        5532 kB
Mlocked:            5532 kB
SwapTotal:       3145724 kB
SwapFree:        3145724 kB
Dirty:               504 kB
Writeback:             0 kB
AnonPages:       1218724 kB
Mapped:           862848 kB
Shmem:             29704 kB
KReclaimable:     800736 kB
Slab:             222248 kB
SReclaimable:      78248 kB
SUnreclaim:       144000 kB
KernelStack:       46080 kB
PageTables:        62780 kB
NFS_Unstable:          0 kB
Bounce:                0 kB
WritebackTmp:          0 kB
CommitLimit:     9202288 kB
Committed_AS:   66055832 kB
VmallocTotal:   263061440 kB
VmallocUsed:      103104 kB
VmallocChunk:          0 kB
Percpu:             7648 kB
CmaTotal:         294912 kB
CmaFree:              56 kB
MemTotal:       12113132 kB
MemFree:         6194376 kB
MemAvailable:    8007988 kB
Buffers:            7476 kB
Cached:          1908288 kB
SwapCached:            0 kB
Active:          1464344 kB
Inactive:        1656524 kB
Active(anon):    1211564 kB
Inactive(anon):    27724 kB
Active(file):     252780 kB
Inactive(file):  1628800 kB
Unevictable:        5532 kB
Mlocked:            5532 kB
SwapTotal:       3145724 kB
SwapFree:        3145724 kB
Dirty:               520 kB
Writeback:             0 kB
AnonPages:       1210332 kB
Mapped:           862864 kB
Shmem:             29704 kB
KReclaimable:     800736 kB
Slab:             222240 kB
SReclaimable:      78248 kB
SUnreclaim:       143992 kB
KernelStack:       46112 kB
PageTables:        62712 kB
NFS_Unstable:          0 kB
Bounce:                0 kB
WritebackTmp:          0 kB
CommitLimit:     9202288 kB
Committed_AS:   66056020 kB
VmallocTotal:   263061440 kB
VmallocUsed:      103136 kB
VmallocChunk:          0 kB
Percpu:             7648 kB
CmaTotal:         294912 kB
CmaFree:             668 kB
MemTotal:       12113132 kB
MemFree:         6194568 kB
MemAvailable:    8008200 kB
Buffers:            7476 kB
Cached:          1908308 kB
SwapCached:            0 kB
Active:          1464752 kB
Inactive:        1656544 kB
Active(anon):    1211972 kB
Inactive(anon):    27724 kB
Active(file):     252780 kB
Inactive(file):  1628820 kB
Unevictable:        5532 kB
Mlocked:            5532 kB
SwapTotal:       3145724 kB
SwapFree:        3145724 kB
Dirty:               568 kB
Writeback:             0 kB
AnonPages:       1211188 kB
Mapped:           862864 kB
Shmem:             29704 kB
KReclaimable:     800736 kB
Slab:             222240 kB
SReclaimable:      78248 kB
SUnreclaim:       143992 kB
KernelStack:       46112 kB
PageTables:        62688 kB
NFS_Unstable:          0 kB
Bounce:                0 kB
WritebackTmp:          0 kB
CommitLimit:     9202288 kB
Committed_AS:   66058324 kB
VmallocTotal:   263061440 kB
VmallocUsed:      103088 kB
VmallocChunk:          0 kB
Percpu:             7648 kB
CmaTotal:         294912 kB
CmaFree:             140 kB
MemTotal:       12113132 kB
MemFree:         6193740 kB
MemAvailable:    8007384 kB
Buffers:            7476 kB
Cached:          1908320 kB
SwapCached:            0 kB
Active:          1465268 kB
Inactive:        1656556 kB
Active(anon):    1212488 kB
Inactive(anon):    27724 kB
Active(file):     252780 kB
Inactive(file):  1628832 kB
Unevictable:        5532 kB
Mlocked:            5532 kB
SwapTotal:       3145724 kB
SwapFree:        3145724 kB
Dirty:               612 kB
Writeback:             0 kB
AnonPages:       1211364 kB
Mapped:           862864 kB
Shmem:             29704 kB
KReclaimable:     800736 kB
Slab:             222248 kB
SReclaimable:      78248 kB
SUnreclaim:       144000 kB
KernelStack:       46096 kB
PageTables:        62712 kB
NFS_Unstable:          0 kB
Bounce:                0 kB
WritebackTmp:          0 kB
CommitLimit:     9202288 kB
Committed_AS:   66054892 kB
VmallocTotal:   263061440 kB
VmallocUsed:      103120 kB
VmallocChunk:          0 kB
Percpu:             7648 kB
CmaTotal:         294912 kB
CmaFree:              12 kB
MemTotal:       12113132 kB
MemFree:         6192940 kB
MemAvailable:    8006600 kB
Buffers:            7476 kB
Cached:          1908336 kB
SwapCached:            0 kB
Active:          1466076 kB
Inactive:        1656572 kB
Active(anon):    1213296 kB
Inactive(anon):    27724 kB
Active(file):     252780 kB
Inactive(file):  1628848 kB
Unevictable:        5532 kB
Mlocked:            5532 kB
SwapTotal:       3145724 kB
SwapFree:        3145724 kB
Dirty:               628 kB
Writeback:             0 kB
AnonPages:       1212188 kB
Mapped:           862796 kB
Shmem:             29704 kB
KReclaimable:     800736 kB
Slab:             222232 kB
SReclaimable:      78248 kB
SUnreclaim:       143984 kB
KernelStack:       46112 kB
PageTables:        62680 kB
NFS_Unstable:          0 kB
Bounce:                0 kB
WritebackTmp:          0 kB
CommitLimit:     9202288 kB
Committed_AS:   66054556 kB
VmallocTotal:   263061440 kB
VmallocUsed:      103120 kB
VmallocChunk:          0 kB
Percpu:             7648 kB
CmaTotal:         294912 kB
CmaFree:              12 kB
MemTotal:       12113132 kB
MemFree:         6191732 kB
MemAvailable:    8005416 kB
Buffers:            7476 kB
Cached:          1908360 kB
SwapCached:            0 kB
Active:          1466924 kB
Inactive:        1656596 kB
Active(anon):    1214144 kB
Inactive(anon):    27724 kB
Active(file):     252780 kB
Inactive(file):  1628872 kB
Unevictable:        5532 kB
Mlocked:            5532 kB
SwapTotal:       3145724 kB
SwapFree:        3145724 kB
Dirty:               668 kB
Writeback:             0 kB
AnonPages:       1213140 kB
Mapped:           862676 kB
Shmem:             29704 kB
KReclaimable:     800736 kB
Slab:             222240 kB
SReclaimable:      78248 kB
SUnreclaim:       143992 kB
KernelStack:       46112 kB
PageTables:        62752 kB
NFS_Unstable:          0 kB
Bounce:                0 kB
WritebackTmp:          0 kB
CommitLimit:     9202288 kB
Committed_AS:   66054028 kB
VmallocTotal:   263061440 kB
VmallocUsed:      103120 kB
VmallocChunk:          0 kB
Percpu:             7648 kB
CmaTotal:         294912 kB
CmaFree:               0 kB
MemTotal:       12113132 kB
MemFree:         6192964 kB
MemAvailable:    8006652 kB
Buffers:            7476 kB
Cached:          1908364 kB
SwapCached:            0 kB
Active:          1466952 kB
Inactive:        1656604 kB
Active(anon):    1214176 kB
Inactive(anon):    27724 kB
Active(file):     252776 kB
Inactive(file):  1628880 kB
Unevictable:        5532 kB
Mlocked:            5532 kB
SwapTotal:       3145724 kB
SwapFree:        3145724 kB
Dirty:               712 kB
Writeback:             0 kB
AnonPages:       1213468 kB
Mapped:           862864 kB
Shmem:             29704 kB
KReclaimable:     800736 kB
Slab:             222224 kB
SReclaimable:      78248 kB
SUnreclaim:       143976 kB
KernelStack:       46048 kB
PageTables:        62716 kB
NFS_Unstable:          0 kB
Bounce:                0 kB
WritebackTmp:          0 kB
CommitLimit:     9202288 kB
Committed_AS:   66044824 kB
VmallocTotal:   263061440 kB
VmallocUsed:      103088 kB
VmallocChunk:          0 kB
Percpu:             7648 kB
CmaTotal:         294912 kB
CmaFree:               8 kB
MemTotal:       12113132 kB
MemFree:         6191756 kB
MemAvailable:    8005468 kB
Buffers:            7476 kB
Cached:          1908388 kB
SwapCached:            0 kB
Active:          1467356 kB
Inactive:        1656624 kB
Active(anon):    1214576 kB
Inactive(anon):    27724 kB
Active(file):     252780 kB
Inactive(file):  1628900 kB
Unevictable:        5532 kB
Mlocked:            5532 kB
SwapTotal:       3145724 kB
SwapFree:        3145724 kB
Dirty:               736 kB
Writeback:             0 kB
AnonPages:       1213660 kB
Mapped:           862932 kB
Shmem:             29704 kB
KReclaimable:     800736 kB
Slab:             222240 kB
SReclaimable:      78248 kB
SUnreclaim:       143992 kB
KernelStack:       46032 kB
PageTables:        62780 kB
NFS_Unstable:          0 kB
Bounce:                0 kB
WritebackTmp:          0 kB
CommitLimit:     9202288 kB
Committed_AS:   66049184 kB
VmallocTotal:   263061440 kB
VmallocUsed:      103104 kB
VmallocChunk:          0 kB
Percpu:             7648 kB
CmaTotal:         294912 kB
CmaFree:               0 kB
MemTotal:       12113132 kB
MemFree:         6191652 kB
MemAvailable:    8005376 kB
Buffers:            7476 kB
Cached:          1908400 kB
SwapCached:            0 kB
Active:          1467552 kB
Inactive:        1656640 kB
Active(anon):    1214776 kB
Inactive(anon):    27724 kB
Active(file):     252776 kB
Inactive(file):  1628916 kB
Unevictable:        5532 kB
Mlocked:            5532 kB
SwapTotal:       3145724 kB
SwapFree:        3145724 kB
Dirty:               760 kB
Writeback:             0 kB
AnonPages:       1213916 kB
Mapped:           862796 kB
Shmem:             29704 kB
KReclaimable:     800736 kB
Slab:             222232 kB
SReclaimable:      78248 kB
SUnreclaim:       143984 kB
KernelStack:       46064 kB
PageTables:        62632 kB
NFS_Unstable:          0 kB
Bounce:                0 kB
WritebackTmp:          0 kB
CommitLimit:     9202288 kB
Committed_AS:   66054072 kB
VmallocTotal:   263061440 kB
VmallocUsed:      103104 kB
VmallocChunk:          0 kB
Percpu:             7648 kB
CmaTotal:         294912 kB
CmaFree:               0 kB
MemTotal:       12113132 kB
MemFree:         6190816 kB
MemAvailable:    8004560 kB
Buffers:            7476 kB
Cached:          1908420 kB
SwapCached:            0 kB
Active:          1467864 kB
Inactive:        1656656 kB
Active(anon):    1215084 kB
Inactive(anon):    27724 kB
Active(file):     252780 kB
Inactive(file):  1628932 kB
Unevictable:        5532 kB
Mlocked:            5532 kB
SwapTotal:       3145724 kB
SwapFree:        3145724 kB
Dirty:               784 kB
Writeback:             0 kB
AnonPages:       1214052 kB
Mapped:           862864 kB
Shmem:             29704 kB
KReclaimable:     800736 kB
Slab:             222248 kB
SReclaimable:      78248 kB
SUnreclaim:       144000 kB
KernelStack:       46096 kB
PageTables:        62720 kB
NFS_Unstable:          0 kB
Bounce:                0 kB
WritebackTmp:          0 kB
CommitLimit:     9202288 kB
Committed_AS:   66053632 kB
VmallocTotal:   263061440 kB
VmallocUsed:      103120 kB
VmallocChunk:          0 kB
Percpu:             7648 kB
CmaTotal:         294912 kB
CmaFree:              20 kB
MemTotal:       12113132 kB
MemFree:         6190732 kB
MemAvailable:    8004484 kB
Buffers:            7476 kB
Cached:          1908428 kB
SwapCached:            0 kB
Active:          1468780 kB
Inactive:        1656664 kB
Active(anon):    1216000 kB
Inactive(anon):    27724 kB
Active(file):     252780 kB
Inactive(file):  1628940 kB
Unevictable:        5532 kB
Mlocked:            5532 kB
SwapTotal:       3145724 kB
SwapFree:        3145724 kB
Dirty:               792 kB
Writeback:             0 kB
AnonPages:       1215000 kB
Mapped:           862868 kB
Shmem:             29704 kB
KReclaimable:     800736 kB
Slab:             222216 kB
SReclaimable:      78248 kB
SUnreclaim:       143968 kB
KernelStack:       46128 kB
PageTables:        62736 kB
NFS_Unstable:          0 kB
Bounce:                0 kB
WritebackTmp:          0 kB
CommitLimit:     9202288 kB
Committed_AS:   66050144 kB
VmallocTotal:   263061440 kB
VmallocUsed:      103120 kB
VmallocChunk:          0 kB
Percpu:             7648 kB
CmaTotal:         294912 kB
CmaFree:              36 kB
MemTotal:       12113132 kB
MemFree:         6190248 kB
MemAvailable:    8004024 kB
Buffers:            7476 kB
Cached:          1908452 kB
SwapCached:            0 kB
Active:          1470068 kB
Inactive:        1656688 kB
Active(anon):    1217288 kB
Inactive(anon):    27724 kB
Active(file):     252780 kB
Inactive(file):  1628964 kB
Unevictable:        5532 kB
Mlocked:            5532 kB
SwapTotal:       3145724 kB
SwapFree:        3145724 kB
Dirty:               848 kB
Writeback:             4 kB
AnonPages:       1216620 kB
Mapped:           862672 kB
Shmem:             29704 kB
KReclaimable:     800736 kB
Slab:             222272 kB
SReclaimable:      78248 kB
SUnreclaim:       144024 kB
KernelStack:       46112 kB
PageTables:        62768 kB
NFS_Unstable:          0 kB
Bounce:                0 kB
WritebackTmp:          0 kB
CommitLimit:     9202288 kB
Committed_AS:   66054560 kB
VmallocTotal:   263061440 kB
VmallocUsed:      103120 kB
VmallocChunk:          0 kB
Percpu:             7648 kB
CmaTotal:         294912 kB
CmaFree:               0 kB
MemTotal:       12113132 kB
MemFree:         6188660 kB
MemAvailable:    8002436 kB
Buffers:            7476 kB
Cached:          1908452 kB
SwapCached:            0 kB
Active:          1470620 kB
Inactive:        1656692 kB
Active(anon):    1217844 kB
Inactive(anon):    27724 kB
Active(file):     252776 kB
Inactive(file):  1628968 kB
Unevictable:        5532 kB
Mlocked:            5532 kB
SwapTotal:       3145724 kB
SwapFree:        3145724 kB
Dirty:               808 kB
Writeback:             0 kB
AnonPages:       1216608 kB
Mapped:           862796 kB
Shmem:             29704 kB
KReclaimable:     800736 kB
Slab:             222224 kB
SReclaimable:      78248 kB
SUnreclaim:       143976 kB
KernelStack:       46096 kB
PageTables:        62656 kB
NFS_Unstable:          0 kB
Bounce:                0 kB
WritebackTmp:          0 kB
CommitLimit:     9202288 kB
Committed_AS:   66054340 kB
VmallocTotal:   263061440 kB
VmallocUsed:      103136 kB
VmallocChunk:          0 kB
Percpu:             7648 kB
CmaTotal:         294912 kB
CmaFree:               0 kB
MemTotal:       12113132 kB
MemFree:         6188424 kB
MemAvailable:    8002228 kB
Buffers:            7476 kB
Cached:          1908480 kB
SwapCached:            0 kB
Active:          1470192 kB
Inactive:        1656716 kB
Active(anon):    1217412 kB
Inactive(anon):    27724 kB
Active(file):     252780 kB
Inactive(file):  1628992 kB
Unevictable:        5532 kB
Mlocked:            5532 kB
SwapTotal:       3145724 kB
SwapFree:        3145724 kB
Dirty:               836 kB
Writeback:             0 kB
AnonPages:       1216440 kB
Mapped:           862864 kB
Shmem:             29704 kB
KReclaimable:     800736 kB
Slab:             222272 kB
SReclaimable:      78248 kB
SUnreclaim:       144024 kB
KernelStack:       46096 kB
PageTables:        62716 kB
NFS_Unstable:          0 kB
Bounce:                0 kB
WritebackTmp:          0 kB
CommitLimit:     9202288 kB
Committed_AS:   66054604 kB
VmallocTotal:   263061440 kB
VmallocUsed:      103152 kB
VmallocChunk:          0 kB
Percpu:             7648 kB
CmaTotal:         294912 kB
CmaFree:               0 kB
MemTotal:       12113132 kB
MemFree:         6188500 kB
MemAvailable:    8002320 kB
Buffers:            7476 kB
Cached:          1908496 kB
SwapCached:            0 kB
Active:          1470940 kB
Inactive:        1656732 kB
Active(anon):    1218160 kB
Inactive(anon):    27724 kB
Active(file):     252780 kB
Inactive(file):  1629008 kB
Unevictable:        5532 kB
Mlocked:            5532 kB
SwapTotal:       3145724 kB
SwapFree:        3145724 kB
Dirty:               852 kB
Writeback:             0 kB
AnonPages:       1217400 kB
Mapped:           862868 kB
Shmem:             29704 kB
KReclaimable:     800736 kB
Slab:             222216 kB
SReclaimable:      78248 kB
SUnreclaim:       143968 kB
KernelStack:       46128 kB
PageTables:        62720 kB
NFS_Unstable:          0 kB
Bounce:                0 kB
WritebackTmp:          0 kB
CommitLimit:     9202288 kB
Committed_AS:   66049208 kB
VmallocTotal:   263061440 kB
VmallocUsed:      103088 kB
VmallocChunk:          0 kB
Percpu:             7648 kB
CmaTotal:         294912 kB
CmaFree:               4 kB
MemTotal:       12113132 kB
MemFree:         6187624 kB
MemAvailable:    8001460 kB
Buffers:            7476 kB
Cached:          1908512 kB
SwapCached:            0 kB
Active:          1471528 kB
Inactive:        1656748 kB
Active(anon):    1218748 kB
Inactive(anon):    27724 kB
Active(file):     252780 kB
Inactive(file):  1629024 kB
Unevictable:        5532 kB
Mlocked:            5532 kB
SwapTotal:       3145724 kB
SwapFree:        3145724 kB
Dirty:               880 kB
Writeback:             0 kB
AnonPages:       1218152 kB
Mapped:           862864 kB
Shmem:             29704 kB
KReclaimable:     800736 kB
Slab:             222256 kB
SReclaimable:      78248 kB
SUnreclaim:       144008 kB
KernelStack:       46080 kB
PageTables:        62724 kB
NFS_Unstable:          0 kB
Bounce:                0 kB
WritebackTmp:          0 kB
CommitLimit:     9202288 kB
Committed_AS:   66049200 kB
VmallocTotal:   263061440 kB
VmallocUsed:      103120 kB
VmallocChunk:          0 kB
Percpu:             7648 kB
CmaTotal:         294912 kB
CmaFree:               4 kB
MemTotal:       12113132 kB
MemFree:         6189352 kB
MemAvailable:    8003220 kB
Buffers:            7476 kB
Cached:          1908544 kB
SwapCached:            0 kB
Active:          1470288 kB
Inactive:        1656776 kB
Active(anon):    1217504 kB
Inactive(anon):    27724 kB
Active(file):     252784 kB
Inactive(file):  1629052 kB
Unevictable:        5532 kB
Mlocked:            5532 kB
SwapTotal:       3145724 kB
SwapFree:        3145724 kB
Dirty:               920 kB
Writeback:             0 kB
AnonPages:       1216692 kB
Mapped:           862676 kB
Shmem:             29704 kB
KReclaimable:     800736 kB
Slab:             222224 kB
SReclaimable:      78248 kB
SUnreclaim:       143976 kB
KernelStack:       46112 kB
PageTables:        62840 kB
NFS_Unstable:          0 kB
Bounce:                0 kB
WritebackTmp:          0 kB
CommitLimit:     9202288 kB
Committed_AS:   66055060 kB
VmallocTotal:   263061440 kB
VmallocUsed:      103104 kB
VmallocChunk:          0 kB
Percpu:             7648 kB
CmaTotal:         294912 kB
CmaFree:               0 kB
MemTotal:       12113132 kB
MemFree:         6187852 kB
MemAvailable:    8001720 kB
Buffers:            7476 kB
Cached:          1908544 kB
SwapCached:            0 kB
Active:          1471136 kB
Inactive:        1656780 kB
Active(anon):    1218356 kB
Inactive(anon):    27724 kB
Active(file):     252780 kB
Inactive(file):  1629056 kB
Unevictable:        5532 kB
Mlocked:            5532 kB
SwapTotal:       3145724 kB
SwapFree:        3145724 kB
Dirty:               936 kB
Writeback:             0 kB
AnonPages:       1217668 kB
Mapped:           862864 kB
Shmem:             29704 kB
KReclaimable:     800736 kB
Slab:             222256 kB
SReclaimable:      78248 kB
SUnreclaim:       144008 kB
KernelStack:       46048 kB
PageTables:        62724 kB
NFS_Unstable:          0 kB
Bounce:                0 kB
WritebackTmp:          0 kB
CommitLimit:     9202288 kB
Committed_AS:   66054816 kB
VmallocTotal:   263061440 kB
VmallocUsed:      103072 kB
VmallocChunk:          0 kB
Percpu:             7648 kB
CmaTotal:         294912 kB
CmaFree:               0 kB
MemTotal:       12113132 kB
MemFree:         6187936 kB
MemAvailable:    8001852 kB
Buffers:            7476 kB
Cached:          1908592 kB
SwapCached:            0 kB
Active:          1472116 kB
Inactive:        1656824 kB
Active(anon):    1219332 kB
Inactive(anon):    27724 kB
Active(file):     252784 kB
Inactive(file):  1629100 kB
Unevictable:        5532 kB
Mlocked:            5532 kB
SwapTotal:       3145724 kB
SwapFree:        3145724 kB
Dirty:               964 kB
Writeback:             0 kB
AnonPages:       1218152 kB
Mapped:           862796 kB
Shmem:             29704 kB
KReclaimable:     800736 kB
Slab:             222232 kB
SReclaimable:      78248 kB
SUnreclaim:       143984 kB
KernelStack:       46144 kB
PageTables:        62808 kB
NFS_Unstable:          0 kB
Bounce:                0 kB
WritebackTmp:          0 kB
CommitLimit:     9202288 kB
Committed_AS:   66054480 kB
VmallocTotal:   263061440 kB
VmallocUsed:      103056 kB
VmallocChunk:          0 kB
Percpu:             7648 kB
CmaTotal:         294912 kB
CmaFree:              44 kB
MemTotal:       12113132 kB
MemFree:         6187060 kB
MemAvailable:    8000964 kB
Buffers:            7476 kB
Cached:          1908580 kB
SwapCached:            0 kB
Active:          1472176 kB
Inactive:        1656816 kB
Active(anon):    1219396 kB
Inactive(anon):    27724 kB
Active(file):     252780 kB
Inactive(file):  1629092 kB
Unevictable:        5532 kB
Mlocked:            5532 kB
SwapTotal:       3145724 kB
SwapFree:        3145724 kB
Dirty:               972 kB
Writeback:             0 kB
AnonPages:       1218584 kB
Mapped:           862864 kB
Shmem:             29704 kB
KReclaimable:     800736 kB
Slab:             222264 kB
SReclaimable:      78248 kB
SUnreclaim:       144016 kB
KernelStack:       46096 kB
PageTables:        62704 kB
NFS_Unstable:          0 kB
Bounce:                0 kB
WritebackTmp:          0 kB
CommitLimit:     9202288 kB
Committed_AS:   66049660 kB
VmallocTotal:   263061440 kB
VmallocUsed:      103056 kB
VmallocChunk:          0 kB
Percpu:             7648 kB
CmaTotal:         294912 kB
CmaFree:               0 kB
MemTotal:       12113132 kB
MemFree:         6186640 kB
MemAvailable:    8000564 kB
Buffers:            7476 kB
Cached:          1908600 kB
SwapCached:            0 kB
Active:          1472392 kB
Inactive:        1656836 kB
Active(anon):    1219612 kB
Inactive(anon):    27724 kB
Active(file):     252780 kB
Inactive(file):  1629112 kB
Unevictable:        5532 kB
Mlocked:            5532 kB
SwapTotal:       3145724 kB
SwapFree:        3145724 kB
Dirty:              1000 kB
Writeback:             0 kB
AnonPages:       1218692 kB
Mapped:           862696 kB
Shmem:             29704 kB
KReclaimable:     800736 kB
Slab:             222232 kB
SReclaimable:      78248 kB
SUnreclaim:       143984 kB
KernelStack:       46128 kB
PageTables:        62736 kB
NFS_Unstable:          0 kB
Bounce:                0 kB
WritebackTmp:          0 kB
CommitLimit:     9202288 kB
Committed_AS:   66049588 kB
VmallocTotal:   263061440 kB
VmallocUsed:      103072 kB
VmallocChunk:          0 kB
Percpu:             7648 kB
CmaTotal:         294912 kB
CmaFree:              20 kB
MemTotal:       12113132 kB
MemFree:         6186292 kB
MemAvailable:    8000244 kB
Buffers:            7476 kB
Cached:          1908628 kB
SwapCached:            0 kB
Active:          1472976 kB
Inactive:        1656864 kB
Active(anon):    1220196 kB
Inactive(anon):    27724 kB
Active(file):     252780 kB
Inactive(file):  1629140 kB
Unevictable:        5532 kB
Mlocked:            5532 kB
SwapTotal:       3145724 kB
SwapFree:        3145724 kB
Dirty:              1048 kB
Writeback:             0 kB
AnonPages:       1219276 kB
Mapped:           862864 kB
Shmem:             29704 kB
KReclaimable:     800736 kB
Slab:             222256 kB
SReclaimable:      78248 kB
SUnreclaim:       144008 kB
KernelStack:       46080 kB
PageTables:        62724 kB
NFS_Unstable:          0 kB
Bounce:                0 kB
WritebackTmp:          0 kB
CommitLimit:     9202288 kB
Committed_AS:   66049360 kB
VmallocTotal:   263061440 kB
VmallocUsed:      103088 kB
VmallocChunk:          0 kB
Percpu:             7648 kB
CmaTotal:         294912 kB
CmaFree:               0 kB
MemTotal:       12113132 kB
MemFree:         6185992 kB
MemAvailable:    7999964 kB
Buffers:            7476 kB
Cached:          1908648 kB
SwapCached:            0 kB
Active:          1473900 kB
Inactive:        1656880 kB
Active(anon):    1221116 kB
Inactive(anon):    27724 kB
Active(file):     252784 kB
Inactive(file):  1629156 kB
Unevictable:        5532 kB
Mlocked:            5532 kB
SwapTotal:       3145724 kB
SwapFree:        3145724 kB
Dirty:               792 kB
Writeback:             0 kB
AnonPages:       1220100 kB
Mapped:           862628 kB
Shmem:             29704 kB
KReclaimable:     800736 kB
Slab:             222224 kB
SReclaimable:      78248 kB
SUnreclaim:       143976 kB
KernelStack:       46144 kB
PageTables:        62800 kB
NFS_Unstable:          0 kB
Bounce:                0 kB
WritebackTmp:          0 kB
CommitLimit:     9202288 kB
Committed_AS:   66054104 kB
VmallocTotal:   263061440 kB
VmallocUsed:      103104 kB
VmallocChunk:          0 kB
Percpu:             7648 kB
CmaTotal:         294912 kB
CmaFree:               4 kB
MemTotal:       12113132 kB
MemFree:         6201028 kB
MemAvailable:    8015012 kB
Buffers:            7476 kB
Cached:          1908660 kB
SwapCached:            0 kB
Active:          1456860 kB
Inactive:        1656896 kB
Active(anon):    1204080 kB
Inactive(anon):    27724 kB
Active(file):     252780 kB
Inactive(file):  1629172 kB
Unevictable:        5532 kB
Mlocked:            5532 kB
SwapTotal:       3145724 kB
SwapFree:        3145724 kB
Dirty:               868 kB
Writeback:             0 kB
AnonPages:       1203112 kB
Mapped:           862936 kB
Shmem:             29704 kB
KReclaimable:     800736 kB
Slab:             222264 kB
SReclaimable:      78248 kB
SUnreclaim:       144016 kB
KernelStack:       46112 kB
PageTables:        62768 kB
NFS_Unstable:          0 kB
Bounce:                0 kB
WritebackTmp:          0 kB
CommitLimit:     9202288 kB
Committed_AS:   66054648 kB
VmallocTotal:   263061440 kB
VmallocUsed:      103136 kB
