MemTotal:       12113144 kB
MemFree:         7059644 kB
MemAvailable:    8351604 kB
Buffers:            4616 kB
Cached:          1536960 kB
SwapCached:            0 kB
Active:          1288180 kB
Inactive:        1368876 kB
Active(anon):    1122212 kB
Inactive(anon):    19332 kB
Active(file):     165968 kB
Inactive(file):  1349544 kB
Unevictable:        5692 kB
Mlocked:            5692 kB
SwapTotal:       3145724 kB
SwapFree:        3145724 kB
Dirty:               256 kB
Writeback:             0 kB
AnonPages:       1121496 kB
Mapped:           822416 kB
Shmem:             21412 kB
KReclaimable:     645152 kB
Slab:             203584 kB
SReclaimable:      65304 kB
SUnreclaim:       138280 kB
KernelStack:       43488 kB
PageTables:        60424 kB
NFS_Unstable:          0 kB
Bounce:                0 kB
WritebackTmp:          0 kB
CommitLimit:     9202296 kB
Committed_AS:   65553384 kB
VmallocTotal:   263061440 kB
VmallocUsed:      100428 kB
VmallocChunk:          0 kB
Percpu:             7584 kB
CmaTotal:         294912 kB
CmaFree:             216 kB
MemTotal:       12113144 kB
MemFree:         7057852 kB
MemAvailable:    8349820 kB
Buffers:            4616 kB
Cached:          1536968 kB
SwapCached:            0 kB
Active:          1289072 kB
Inactive:        1368880 kB
Active(anon):    1123100 kB
Inactive(anon):    19332 kB
Active(file):     165972 kB
Inactive(file):  1349548 kB
Unevictable:        5692 kB
Mlocked:            5692 kB
SwapTotal:       3145724 kB
SwapFree:        3145724 kB
Dirty:               264 kB
Writeback:             0 kB
AnonPages:       1122116 kB
Mapped:           820780 kB
Shmem:             21412 kB
KReclaimable:     645152 kB
Slab:             203616 kB
SReclaimable:      65304 kB
SUnreclaim:       138312 kB
KernelStack:       43440 kB
PageTables:        60364 kB
NFS_Unstable:          0 kB
Bounce:                0 kB
WritebackTmp:          0 kB
CommitLimit:     9202296 kB
Committed_AS:   65556616 kB
VmallocTotal:   263061440 kB
VmallocUsed:      100428 kB
VmallocChunk:          0 kB
Percpu:             7584 kB
CmaTotal:         294912 kB
CmaFree:               0 kB
MemTotal:       12113144 kB
MemFree:         7057360 kB
MemAvailable:    8349320 kB
Buffers:            4616 kB
Cached:          1536964 kB
SwapCached:            0 kB
Active:          1289436 kB
Inactive:        1368880 kB
Active(anon):    1123468 kB
Inactive(anon):    19336 kB
Active(file):     165968 kB
Inactive(file):  1349544 kB
Unevictable:        5692 kB
Mlocked:            5692 kB
SwapTotal:       3145724 kB
SwapFree:        3145724 kB
Dirty:               256 kB
Writeback:             0 kB
AnonPages:       1122580 kB
Mapped:           820512 kB
Shmem:             21416 kB
KReclaimable:     645152 kB
Slab:             203536 kB
SReclaimable:      65304 kB
SUnreclaim:       138232 kB
KernelStack:       43472 kB
PageTables:        60344 kB
NFS_Unstable:          0 kB
Bounce:                0 kB
WritebackTmp:          0 kB
CommitLimit:     9202296 kB
Committed_AS:   65556900 kB
VmallocTotal:   263061440 kB
VmallocUsed:      100444 kB
VmallocChunk:          0 kB
Percpu:             7584 kB
CmaTotal:         294912 kB
CmaFree:               0 kB
MemTotal:       12113144 kB
MemFree:         7057420 kB
MemAvailable:    8349380 kB
Buffers:            4616 kB
Cached:          1536964 kB
SwapCached:            0 kB
Active:          1289560 kB
Inactive:        1368880 kB
Active(anon):    1123592 kB
Inactive(anon):    19336 kB
Active(file):     165968 kB
Inactive(file):  1349544 kB
Unevictable:        5692 kB
Mlocked:            5692 kB
SwapTotal:       3145724 kB
SwapFree:        3145724 kB
Dirty:               256 kB
Writeback:             0 kB
AnonPages:       1122504 kB
Mapped:           820516 kB
Shmem:             21416 kB
KReclaimable:     645152 kB
Slab:             203592 kB
SReclaimable:      65304 kB
SUnreclaim:       138288 kB
KernelStack:       43456 kB
PageTables:        60360 kB
NFS_Unstable:          0 kB
Bounce:                0 kB
WritebackTmp:          0 kB
CommitLimit:     9202296 kB
Committed_AS:   65556504 kB
VmallocTotal:   263061440 kB
VmallocUsed:      100428 kB
VmallocChunk:          0 kB
Percpu:             7584 kB
CmaTotal:         294912 kB
CmaFree:               0 kB
MemTotal:       12113144 kB
MemFree:         7057216 kB
MemAvailable:    8349196 kB
Buffers:            4624 kB
Cached:          1536980 kB
SwapCached:            0 kB
Active:          1290116 kB
Inactive:        1368896 kB
Active(anon):    1124140 kB
Inactive(anon):    19340 kB
Active(file):     165976 kB
Inactive(file):  1349556 kB
Unevictable:        5692 kB
Mlocked:            5692 kB
SwapTotal:       3145724 kB
SwapFree:        3145724 kB
Dirty:               260 kB
Writeback:             0 kB
AnonPages:       1123128 kB
Mapped:           820760 kB
Shmem:             21420 kB
KReclaimable:     645152 kB
Slab:             203524 kB
SReclaimable:      65304 kB
SUnreclaim:       138220 kB
KernelStack:       43456 kB
PageTables:        60276 kB
NFS_Unstable:          0 kB
Bounce:                0 kB
WritebackTmp:          0 kB
CommitLimit:     9202296 kB
Committed_AS:   65556568 kB
VmallocTotal:   263061440 kB
VmallocUsed:      100412 kB
VmallocChunk:          0 kB
Percpu:             7584 kB
CmaTotal:         294912 kB
CmaFree:               0 kB
MemTotal:       12113144 kB
MemFree:         7031552 kB
MemAvailable:    8323548 kB
Buffers:            4624 kB
Cached:          1536980 kB
SwapCached:            0 kB
Active:          1316284 kB
Inactive:        1368960 kB
Active(anon):    1150308 kB
Inactive(anon):    19404 kB
Active(file):     165976 kB
Inactive(file):  1349556 kB
Unevictable:        5692 kB
Mlocked:            5692 kB
SwapTotal:       3145724 kB
SwapFree:        3145724 kB
Dirty:               272 kB
Writeback:             0 kB
AnonPages:       1149476 kB
Mapped:           820584 kB
Shmem:             21420 kB
KReclaimable:     645168 kB
Slab:             203708 kB
SReclaimable:      65320 kB
SUnreclaim:       138388 kB
KernelStack:       43456 kB
PageTables:        60364 kB
NFS_Unstable:          0 kB
Bounce:                0 kB
WritebackTmp:          0 kB
CommitLimit:     9202296 kB
Committed_AS:   65556928 kB
VmallocTotal:   263061440 kB
VmallocUsed:      100396 kB
VmallocChunk:          0 kB
Percpu:             7584 kB
CmaTotal:         294912 kB
CmaFree:              16 kB
MemTotal:       12113144 kB
MemFree:         7034900 kB
MemAvailable:    8326896 kB
Buffers:            4624 kB
Cached:          1536980 kB
SwapCached:            0 kB
Active:          1311484 kB
Inactive:        1368896 kB
Active(anon):    1145508 kB
Inactive(anon):    19340 kB
Active(file):     165976 kB
Inactive(file):  1349556 kB
Unevictable:        5692 kB
Mlocked:            5692 kB
SwapTotal:       3145724 kB
SwapFree:        3145724 kB
Dirty:               272 kB
Writeback:             0 kB
AnonPages:       1144612 kB
Mapped:           820780 kB
Shmem:             21420 kB
KReclaimable:     645168 kB
Slab:             203596 kB
SReclaimable:      65320 kB
SUnreclaim:       138276 kB
KernelStack:       43456 kB
PageTables:        60352 kB
NFS_Unstable:          0 kB
Bounce:                0 kB
WritebackTmp:          0 kB
CommitLimit:     9202296 kB
Committed_AS:   65568908 kB
VmallocTotal:   263061440 kB
VmallocUsed:      100396 kB
VmallocChunk:          0 kB
Percpu:             7584 kB
CmaTotal:         294912 kB
CmaFree:               0 kB
MemTotal:       12113144 kB
MemFree:         7034984 kB
MemAvailable:    8326980 kB
Buffers:            4624 kB
Cached:          1536980 kB
SwapCached:            0 kB
Active:          1311964 kB
Inactive:        1368896 kB
Active(anon):    1145988 kB
Inactive(anon):    19340 kB
Active(file):     165976 kB
Inactive(file):  1349556 kB
Unevictable:        5692 kB
Mlocked:            5692 kB
SwapTotal:       3145724 kB
SwapFree:        3145724 kB
Dirty:               344 kB
Writeback:             0 kB
AnonPages:       1145048 kB
Mapped:           820520 kB
Shmem:             21420 kB
KReclaimable:     645168 kB
Slab:             203636 kB
SReclaimable:      65320 kB
SUnreclaim:       138316 kB
KernelStack:       43456 kB
PageTables:        60356 kB
NFS_Unstable:          0 kB
Bounce:                0 kB
WritebackTmp:          0 kB
CommitLimit:     9202296 kB
Committed_AS:   65569132 kB
VmallocTotal:   263061440 kB
VmallocUsed:      100380 kB
VmallocChunk:          0 kB
Percpu:             7584 kB
CmaTotal:         294912 kB
CmaFree:               0 kB
MemTotal:       12113144 kB
MemFree:         7040260 kB
MemAvailable:    8332256 kB
Buffers:            4624 kB
Cached:          1536980 kB
SwapCached:            0 kB
Active:          1307344 kB
Inactive:        1368896 kB
Active(anon):    1141368 kB
Inactive(anon):    19340 kB
Active(file):     165976 kB
Inactive(file):  1349556 kB
Unevictable:        5692 kB
Mlocked:            5692 kB
SwapTotal:       3145724 kB
SwapFree:        3145724 kB
Dirty:               344 kB
Writeback:             0 kB
AnonPages:       1140512 kB
Mapped:           820780 kB
Shmem:             21420 kB
KReclaimable:     645168 kB
Slab:             203620 kB
SReclaimable:      65320 kB
SUnreclaim:       138300 kB
KernelStack:       43440 kB
PageTables:        60360 kB
NFS_Unstable:          0 kB
Bounce:                0 kB
WritebackTmp:          0 kB
CommitLimit:     9202296 kB
Committed_AS:   65568912 kB
VmallocTotal:   263061440 kB
VmallocUsed:      100364 kB
VmallocChunk:          0 kB
Percpu:             7584 kB
CmaTotal:         294912 kB
CmaFree:               0 kB
MemTotal:       12113144 kB
MemFree:         7038384 kB
MemAvailable:    8330360 kB
Buffers:            4624 kB
Cached:          1536964 kB
SwapCached:            0 kB
Active:          1307236 kB
Inactive:        1368888 kB
Active(anon):    1141268 kB
Inactive(anon):    19344 kB
Active(file):     165968 kB
Inactive(file):  1349544 kB
Unevictable:        5692 kB
Mlocked:            5692 kB
SwapTotal:       3145724 kB
SwapFree:        3145724 kB
Dirty:               336 kB
Writeback:             0 kB
AnonPages:       1140520 kB
Mapped:           820784 kB
Shmem:             21424 kB
KReclaimable:     645168 kB
Slab:             203628 kB
SReclaimable:      65320 kB
SUnreclaim:       138308 kB
KernelStack:       43424 kB
PageTables:        60348 kB
NFS_Unstable:          0 kB
Bounce:                0 kB
WritebackTmp:          0 kB
CommitLimit:     9202296 kB
Committed_AS:   65568644 kB
VmallocTotal:   263061440 kB
VmallocUsed:      100364 kB
VmallocChunk:          0 kB
Percpu:             7584 kB
CmaTotal:         294912 kB
CmaFree:               0 kB
MemTotal:       12113144 kB
MemFree:         7037452 kB
MemAvailable:    8329448 kB
Buffers:            4624 kB
Cached:          1536984 kB
SwapCached:            0 kB
Active:          1308168 kB
Inactive:        1368900 kB
Active(anon):    1142192 kB
Inactive(anon):    19344 kB
Active(file):     165976 kB
Inactive(file):  1349556 kB
Unevictable:        5692 kB
Mlocked:            5692 kB
SwapTotal:       3145724 kB
SwapFree:        3145724 kB
Dirty:               248 kB
Writeback:             0 kB
AnonPages:       1141232 kB
Mapped:           820524 kB
Shmem:             21424 kB
KReclaimable:     645168 kB
Slab:             203652 kB
SReclaimable:      65320 kB
SUnreclaim:       138332 kB
KernelStack:       43424 kB
PageTables:        60348 kB
NFS_Unstable:          0 kB
Bounce:                0 kB
WritebackTmp:          0 kB
CommitLimit:     9202296 kB
Committed_AS:   65568388 kB
VmallocTotal:   263061440 kB
VmallocUsed:      100364 kB
VmallocChunk:          0 kB
Percpu:             7584 kB
CmaTotal:         294912 kB
CmaFree:               0 kB
MemTotal:       12113144 kB
MemFree:         7037220 kB
MemAvailable:    8329216 kB
Buffers:            4624 kB
Cached:          1536984 kB
SwapCached:            0 kB
Active:          1308464 kB
Inactive:        1368900 kB
Active(anon):    1142488 kB
Inactive(anon):    19344 kB
Active(file):     165976 kB
Inactive(file):  1349556 kB
Unevictable:        5692 kB
Mlocked:            5692 kB
SwapTotal:       3145724 kB
SwapFree:        3145724 kB
Dirty:               248 kB
Writeback:             0 kB
AnonPages:       1141360 kB
Mapped:           820784 kB
Shmem:             21424 kB
KReclaimable:     645168 kB
Slab:             203604 kB
SReclaimable:      65320 kB
SUnreclaim:       138284 kB
KernelStack:       43424 kB
PageTables:        60348 kB
NFS_Unstable:          0 kB
Bounce:                0 kB
WritebackTmp:          0 kB
CommitLimit:     9202296 kB
Committed_AS:   65568168 kB
VmallocTotal:   263061440 kB
VmallocUsed:      100364 kB
VmallocChunk:          0 kB
Percpu:             7584 kB
CmaTotal:         294912 kB
CmaFree:               0 kB
MemTotal:       12113144 kB
MemFree:         7037140 kB
MemAvailable:    8329128 kB
Buffers:            4624 kB
Cached:          1536976 kB
SwapCached:            0 kB
Active:          1308876 kB
Inactive:        1368896 kB
Active(anon):    1142904 kB
Inactive(anon):    19344 kB
Active(file):     165972 kB
Inactive(file):  1349552 kB
Unevictable:        5692 kB
Mlocked:            5692 kB
SwapTotal:       3145724 kB
SwapFree:        3145724 kB
Dirty:               240 kB
Writeback:             0 kB
AnonPages:       1142000 kB
Mapped:           820784 kB
Shmem:             21424 kB
KReclaimable:     645168 kB
Slab:             203620 kB
SReclaimable:      65320 kB
SUnreclaim:       138300 kB
KernelStack:       43408 kB
PageTables:        60356 kB
NFS_Unstable:          0 kB
Bounce:                0 kB
WritebackTmp:          0 kB
CommitLimit:     9202296 kB
Committed_AS:   65567752 kB
VmallocTotal:   263061440 kB
VmallocUsed:      100348 kB
VmallocChunk:          0 kB
Percpu:             7584 kB
CmaTotal:         294912 kB
CmaFree:               0 kB
MemTotal:       12113144 kB
MemFree:         7036572 kB
MemAvailable:    8328572 kB
Buffers:            4624 kB
Cached:          1536988 kB
SwapCached:            0 kB
Active:          1308904 kB
Inactive:        1368904 kB
Active(anon):    1142928 kB
Inactive(anon):    19344 kB
Active(file):     165976 kB
Inactive(file):  1349560 kB
Unevictable:        5692 kB
Mlocked:            5692 kB
SwapTotal:       3145724 kB
SwapFree:        3145724 kB
Dirty:               268 kB
Writeback:             0 kB
AnonPages:       1141952 kB
Mapped:           820784 kB
Shmem:             21424 kB
KReclaimable:     645168 kB
Slab:             203612 kB
SReclaimable:      65320 kB
SUnreclaim:       138292 kB
KernelStack:       43408 kB
PageTables:        60348 kB
NFS_Unstable:          0 kB
Bounce:                0 kB
WritebackTmp:          0 kB
CommitLimit:     9202296 kB
Committed_AS:   65567656 kB
VmallocTotal:   263061440 kB
VmallocUsed:      100348 kB
VmallocChunk:          0 kB
Percpu:             7584 kB
CmaTotal:         294912 kB
CmaFree:               0 kB
MemTotal:       12113144 kB
MemFree:         7036480 kB
MemAvailable:    8328352 kB
Buffers:            4624 kB
Cached:          1536988 kB
SwapCached:            0 kB
Active:          1309412 kB
Inactive:        1368904 kB
Active(anon):    1143436 kB
Inactive(anon):    19344 kB
Active(file):     165976 kB
Inactive(file):  1349560 kB
Unevictable:        5692 kB
Mlocked:            5692 kB
SwapTotal:       3145724 kB
SwapFree:        3145724 kB
Dirty:               284 kB
Writeback:             0 kB
AnonPages:       1142468 kB
Mapped:           820784 kB
Shmem:             21424 kB
KReclaimable:     645168 kB
Slab:             203612 kB
SReclaimable:      65320 kB
SUnreclaim:       138292 kB
KernelStack:       43408 kB
PageTables:        60356 kB
NFS_Unstable:          0 kB
Bounce:                0 kB
WritebackTmp:          0 kB
CommitLimit:     9202296 kB
Committed_AS:   65567552 kB
VmallocTotal:   263061440 kB
VmallocUsed:      100364 kB
VmallocChunk:          0 kB
Percpu:             7584 kB
CmaTotal:         294912 kB
CmaFree:               0 kB
MemTotal:       12113144 kB
MemFree:         7036648 kB
MemAvailable:    8328648 kB
Buffers:            4624 kB
Cached:          1536992 kB
SwapCached:            0 kB
Active:          1309864 kB
Inactive:        1368908 kB
Active(anon):    1143888 kB
Inactive(anon):    19348 kB
Active(file):     165976 kB
Inactive(file):  1349560 kB
Unevictable:        5692 kB
Mlocked:            5692 kB
SwapTotal:       3145724 kB
SwapFree:        3145724 kB
Dirty:               284 kB
Writeback:             0 kB
AnonPages:       1143040 kB
Mapped:           820788 kB
Shmem:             21428 kB
KReclaimable:     645168 kB
Slab:             203596 kB
SReclaimable:      65320 kB
SUnreclaim:       138276 kB
KernelStack:       43408 kB
PageTables:        60360 kB
NFS_Unstable:          0 kB
Bounce:                0 kB
WritebackTmp:          0 kB
CommitLimit:     9202296 kB
Committed_AS:   65568136 kB
VmallocTotal:   263061440 kB
VmallocUsed:      100364 kB
VmallocChunk:          0 kB
Percpu:             7584 kB
CmaTotal:         294912 kB
CmaFree:               0 kB
MemTotal:       12113144 kB
MemFree:         7036760 kB
MemAvailable:    8328760 kB
Buffers:            4624 kB
Cached:          1536992 kB
SwapCached:            0 kB
Active:          1310352 kB
Inactive:        1368908 kB
Active(anon):    1144376 kB
Inactive(anon):    19348 kB
Active(file):     165976 kB
Inactive(file):  1349560 kB
Unevictable:        5692 kB
Mlocked:            5692 kB
SwapTotal:       3145724 kB
SwapFree:        3145724 kB
Dirty:               284 kB
Writeback:             0 kB
AnonPages:       1142996 kB
Mapped:           820788 kB
Shmem:             21428 kB
KReclaimable:     645168 kB
Slab:             203628 kB
SReclaimable:      65320 kB
SUnreclaim:       138308 kB
KernelStack:       43408 kB
PageTables:        60352 kB
NFS_Unstable:          0 kB
Bounce:                0 kB
WritebackTmp:          0 kB
CommitLimit:     9202296 kB
Committed_AS:   65567784 kB
VmallocTotal:   263061440 kB
VmallocUsed:      100364 kB
VmallocChunk:          0 kB
Percpu:             7584 kB
CmaTotal:         294912 kB
CmaFree:               0 kB
MemTotal:       12113144 kB
MemFree:         7036952 kB
MemAvailable:    8328952 kB
Buffers:            4624 kB
Cached:          1536992 kB
SwapCached:            0 kB
Active:          1310772 kB
Inactive:        1368908 kB
Active(anon):    1144796 kB
Inactive(anon):    19348 kB
Active(file):     165976 kB
Inactive(file):  1349560 kB
Unevictable:        5692 kB
Mlocked:            5692 kB
SwapTotal:       3145724 kB
SwapFree:        3145724 kB
Dirty:               284 kB
Writeback:             0 kB
AnonPages:       1143864 kB
Mapped:           820788 kB
Shmem:             21428 kB
KReclaimable:     645168 kB
Slab:             203612 kB
SReclaimable:      65320 kB
SUnreclaim:       138292 kB
KernelStack:       43408 kB
PageTables:        60352 kB
NFS_Unstable:          0 kB
Bounce:                0 kB
WritebackTmp:          0 kB
CommitLimit:     9202296 kB
Committed_AS:   65567704 kB
VmallocTotal:   263061440 kB
VmallocUsed:      100332 kB
VmallocChunk:          0 kB
Percpu:             7584 kB
CmaTotal:         294912 kB
CmaFree:               0 kB
MemTotal:       12113144 kB
MemFree:         7036380 kB
MemAvailable:    8328380 kB
Buffers:            4628 kB
Cached:          1536988 kB
SwapCached:            0 kB
Active:          1310952 kB
Inactive:        1368908 kB
Active(anon):    1144976 kB
Inactive(anon):    19348 kB
Active(file):     165976 kB
Inactive(file):  1349560 kB
Unevictable:        5692 kB
Mlocked:            5692 kB
SwapTotal:       3145724 kB
SwapFree:        3145724 kB
Dirty:               284 kB
Writeback:             0 kB
AnonPages:       1143812 kB
Mapped:           820788 kB
Shmem:             21428 kB
KReclaimable:     645168 kB
Slab:             203612 kB
SReclaimable:      65320 kB
SUnreclaim:       138292 kB
KernelStack:       43408 kB
PageTables:        60352 kB
NFS_Unstable:          0 kB
Bounce:                0 kB
WritebackTmp:          0 kB
CommitLimit:     9202296 kB
Committed_AS:   65567572 kB
VmallocTotal:   263061440 kB
VmallocUsed:      100300 kB
VmallocChunk:          0 kB
Percpu:             7584 kB
CmaTotal:         294912 kB
CmaFree:               0 kB
MemTotal:       12113144 kB
MemFree:         7035940 kB
MemAvailable:    8327956 kB
Buffers:            4628 kB
Cached:          1537004 kB
SwapCached:            0 kB
Active:          1311480 kB
Inactive:        1368920 kB
Active(anon):    1145500 kB
Inactive(anon):    19348 kB
Active(file):     165980 kB
Inactive(file):  1349572 kB
Unevictable:        5692 kB
Mlocked:            5692 kB
SwapTotal:       3145724 kB
SwapFree:        3145724 kB
Dirty:               264 kB
Writeback:             0 kB
AnonPages:       1144548 kB
Mapped:           820528 kB
Shmem:             21428 kB
KReclaimable:     645168 kB
Slab:             203612 kB
SReclaimable:      65320 kB
SUnreclaim:       138292 kB
KernelStack:       43376 kB
PageTables:        60356 kB
NFS_Unstable:          0 kB
Bounce:                0 kB
WritebackTmp:          0 kB
CommitLimit:     9202296 kB
Committed_AS:   65567308 kB
VmallocTotal:   263061440 kB
VmallocUsed:      100284 kB
VmallocChunk:          0 kB
Percpu:             7584 kB
CmaTotal:         294912 kB
CmaFree:               0 kB
MemTotal:       12113144 kB
MemFree:         7036280 kB
MemAvailable:    8328296 kB
Buffers:            4628 kB
Cached:          1537012 kB
SwapCached:            0 kB
Active:          1312380 kB
Inactive:        1368928 kB
Active(anon):    1146400 kB
Inactive(anon):    19356 kB
Active(file):     165980 kB
Inactive(file):  1349572 kB
Unevictable:        5692 kB
Mlocked:            5692 kB
SwapTotal:       3145724 kB
SwapFree:        3145724 kB
Dirty:               248 kB
Writeback:             0 kB
AnonPages:       1145424 kB
Mapped:           820796 kB
Shmem:             21436 kB
KReclaimable:     645168 kB
Slab:             203620 kB
SReclaimable:      65320 kB
SUnreclaim:       138300 kB
KernelStack:       43376 kB
PageTables:        60360 kB
NFS_Unstable:          0 kB
Bounce:                0 kB
WritebackTmp:          0 kB
CommitLimit:     9202296 kB
Committed_AS:   65566956 kB
VmallocTotal:   263061440 kB
VmallocUsed:      100284 kB
VmallocChunk:          0 kB
Percpu:             7584 kB
CmaTotal:         294912 kB
CmaFree:               0 kB
MemTotal:       12113144 kB
MemFree:         7035760 kB
MemAvailable:    8327776 kB
Buffers:            4628 kB
Cached:          1537012 kB
SwapCached:            0 kB
Active:          1312144 kB
Inactive:        1368928 kB
Active(anon):    1146164 kB
Inactive(anon):    19356 kB
Active(file):     165980 kB
Inactive(file):  1349572 kB
Unevictable:        5692 kB
Mlocked:            5692 kB
SwapTotal:       3145724 kB
SwapFree:        3145724 kB
Dirty:               248 kB
Writeback:             0 kB
AnonPages:       1145220 kB
Mapped:           820536 kB
Shmem:             21436 kB
KReclaimable:     645168 kB
Slab:             203604 kB
SReclaimable:      65320 kB
SUnreclaim:       138284 kB
KernelStack:       43360 kB
PageTables:        60364 kB
NFS_Unstable:          0 kB
Bounce:                0 kB
WritebackTmp:          0 kB
CommitLimit:     9202296 kB
Committed_AS:   65561948 kB
VmallocTotal:   263061440 kB
VmallocUsed:      100268 kB
VmallocChunk:          0 kB
Percpu:             7584 kB
CmaTotal:         294912 kB
CmaFree:               0 kB
MemTotal:       12113144 kB
MemFree:         7035192 kB
MemAvailable:    8327208 kB
Buffers:            4628 kB
Cached:          1537012 kB
SwapCached:            0 kB
Active:          1313016 kB
Inactive:        1368928 kB
Active(anon):    1147036 kB
Inactive(anon):    19356 kB
Active(file):     165980 kB
Inactive(file):  1349572 kB
Unevictable:        5692 kB
Mlocked:            5692 kB
SwapTotal:       3145724 kB
SwapFree:        3145724 kB
Dirty:               248 kB
Writeback:             0 kB
AnonPages:       1145832 kB
Mapped:           820536 kB
Shmem:             21436 kB
KReclaimable:     645168 kB
Slab:             203612 kB
SReclaimable:      65320 kB
SUnreclaim:       138292 kB
KernelStack:       43360 kB
PageTables:        60364 kB
NFS_Unstable:          0 kB
Bounce:                0 kB
WritebackTmp:          0 kB
CommitLimit:     9202296 kB
Committed_AS:   65556324 kB
VmallocTotal:   263061440 kB
VmallocUsed:      100252 kB
VmallocChunk:          0 kB
Percpu:             7584 kB
CmaTotal:         294912 kB
CmaFree:               0 kB
MemTotal:       12113144 kB
MemFree:         7043904 kB
MemAvailable:    8335920 kB
Buffers:            4628 kB
Cached:          1537012 kB
SwapCached:            0 kB
Active:          1300772 kB
Inactive:        1368932 kB
Active(anon):    1134796 kB
Inactive(anon):    19356 kB
Active(file):     165976 kB
Inactive(file):  1349576 kB
Unevictable:        5692 kB
Mlocked:            5692 kB
SwapTotal:       3145724 kB
SwapFree:        3145724 kB
Dirty:               288 kB
Writeback:             0 kB
AnonPages:       1133652 kB
Mapped:           820560 kB
Shmem:             21436 kB
KReclaimable:     645168 kB
Slab:             203596 kB
SReclaimable:      65320 kB
SUnreclaim:       138276 kB
KernelStack:       43440 kB
PageTables:        60384 kB
NFS_Unstable:          0 kB
Bounce:                0 kB
WritebackTmp:          0 kB
CommitLimit:     9202296 kB
Committed_AS:   65555952 kB
VmallocTotal:   263061440 kB
VmallocUsed:      100236 kB
VmallocChunk:          0 kB
Percpu:             7584 kB
CmaTotal:         294912 kB
CmaFree:             580 kB
MemTotal:       12113144 kB
MemFree:         7044928 kB
MemAvailable:    8336944 kB
Buffers:            4628 kB
Cached:          1537020 kB
SwapCached:            0 kB
Active:          1301896 kB
Inactive:        1368936 kB
Active(anon):    1135916 kB
Inactive(anon):    19364 kB
Active(file):     165980 kB
Inactive(file):  1349572 kB
Unevictable:        5692 kB
Mlocked:            5692 kB
SwapTotal:       3145724 kB
SwapFree:        3145724 kB
Dirty:               288 kB
Writeback:             0 kB
AnonPages:       1134804 kB
Mapped:           820804 kB
Shmem:             21444 kB
KReclaimable:     645168 kB
Slab:             203628 kB
SReclaimable:      65320 kB
SUnreclaim:       138308 kB
KernelStack:       43392 kB
PageTables:        60372 kB
NFS_Unstable:          0 kB
Bounce:                0 kB
WritebackTmp:          0 kB
CommitLimit:     9202296 kB
Committed_AS:   65561756 kB
VmallocTotal:   263061440 kB
VmallocUsed:      100236 kB
VmallocChunk:          0 kB
Percpu:             7584 kB
CmaTotal:         294912 kB
CmaFree:             128 kB
MemTotal:       12113144 kB
MemFree:         7044304 kB
MemAvailable:    8336328 kB
Buffers:            4628 kB
Cached:          1537028 kB
SwapCached:            0 kB
Active:          1302264 kB
Inactive:        1368940 kB
Active(anon):    1136280 kB
Inactive(anon):    19364 kB
Active(file):     165984 kB
Inactive(file):  1349576 kB
Unevictable:        5692 kB
Mlocked:            5692 kB
SwapTotal:       3145724 kB
SwapFree:        3145724 kB
Dirty:               292 kB
Writeback:             0 kB
AnonPages:       1135188 kB
Mapped:           820504 kB
Shmem:             21444 kB
KReclaimable:     645168 kB
Slab:             203596 kB
SReclaimable:      65320 kB
SUnreclaim:       138276 kB
KernelStack:       43424 kB
PageTables:        60340 kB
NFS_Unstable:          0 kB
Bounce:                0 kB
WritebackTmp:          0 kB
CommitLimit:     9202296 kB
Committed_AS:   65563520 kB
VmallocTotal:   263061440 kB
VmallocUsed:      100316 kB
VmallocChunk:          0 kB
Percpu:             7584 kB
CmaTotal:         294912 kB
CmaFree:               0 kB
MemTotal:       12113144 kB
MemFree:         7044104 kB
MemAvailable:    8336120 kB
Buffers:            4628 kB
Cached:          1537020 kB
SwapCached:            0 kB
Active:          1301892 kB
Inactive:        1368936 kB
Active(anon):    1135912 kB
Inactive(anon):    19364 kB
Active(file):     165980 kB
Inactive(file):  1349572 kB
Unevictable:        5692 kB
Mlocked:            5692 kB
SwapTotal:       3145724 kB
SwapFree:        3145724 kB
Dirty:               292 kB
Writeback:             0 kB
AnonPages:       1135148 kB
Mapped:           820804 kB
Shmem:             21444 kB
KReclaimable:     645168 kB
Slab:             203604 kB
SReclaimable:      65320 kB
SUnreclaim:       138284 kB
KernelStack:       43456 kB
PageTables:        60612 kB
NFS_Unstable:          0 kB
Bounce:                0 kB
WritebackTmp:          0 kB
CommitLimit:     9202296 kB
Committed_AS:   65557888 kB
VmallocTotal:   263061440 kB
VmallocUsed:      100316 kB
VmallocChunk:          0 kB
Percpu:             7584 kB
CmaTotal:         294912 kB
CmaFree:               0 kB
MemTotal:       12113144 kB
MemFree:         7043800 kB
MemAvailable:    8335828 kB
Buffers:            4628 kB
Cached:          1537032 kB
SwapCached:            0 kB
Active:          1302504 kB
Inactive:        1368944 kB
Active(anon):    1136520 kB
Inactive(anon):    19364 kB
Active(file):     165984 kB
Inactive(file):  1349580 kB
Unevictable:        5692 kB
Mlocked:            5692 kB
SwapTotal:       3145724 kB
SwapFree:        3145724 kB
Dirty:               300 kB
Writeback:             0 kB
AnonPages:       1135424 kB
Mapped:           820628 kB
Shmem:             21444 kB
KReclaimable:     645168 kB
Slab:             203580 kB
SReclaimable:      65320 kB
SUnreclaim:       138260 kB
KernelStack:       43488 kB
PageTables:        60412 kB
NFS_Unstable:          0 kB
Bounce:                0 kB
WritebackTmp:          0 kB
CommitLimit:     9202296 kB
Committed_AS:   65557428 kB
VmallocTotal:   263061440 kB
VmallocUsed:      100348 kB
VmallocChunk:          0 kB
Percpu:             7584 kB
CmaTotal:         294912 kB
CmaFree:               0 kB
MemTotal:       12113144 kB
MemFree:         7043108 kB
MemAvailable:    8335132 kB
Buffers:            4628 kB
Cached:          1537028 kB
SwapCached:            0 kB
Active:          1302936 kB
Inactive:        1368944 kB
Active(anon):    1136956 kB
Inactive(anon):    19364 kB
Active(file):     165980 kB
Inactive(file):  1349580 kB
Unevictable:        5692 kB
Mlocked:            5692 kB
SwapTotal:       3145724 kB
SwapFree:        3145724 kB
Dirty:               308 kB
Writeback:             0 kB
AnonPages:       1135920 kB
Mapped:           820804 kB
Shmem:             21444 kB
KReclaimable:     645168 kB
Slab:             203612 kB
SReclaimable:      65320 kB
SUnreclaim:       138292 kB
KernelStack:       43440 kB
PageTables:        60364 kB
NFS_Unstable:          0 kB
Bounce:                0 kB
WritebackTmp:          0 kB
CommitLimit:     9202296 kB
Committed_AS:   65557560 kB
VmallocTotal:   263061440 kB
VmallocUsed:      100364 kB
VmallocChunk:          0 kB
Percpu:             7584 kB
CmaTotal:         294912 kB
CmaFree:               0 kB
MemTotal:       12113144 kB
MemFree:         7043728 kB
MemAvailable:    8335752 kB
Buffers:            4628 kB
Cached:          1537040 kB
SwapCached:            0 kB
Active:          1303020 kB
Inactive:        1368956 kB
Active(anon):    1137040 kB
Inactive(anon):    19376 kB
Active(file):     165980 kB
Inactive(file):  1349580 kB
Unevictable:        5692 kB
Mlocked:            5692 kB
SwapTotal:       3145724 kB
SwapFree:        3145724 kB
Dirty:               336 kB
Writeback:             0 kB
AnonPages:       1136168 kB
Mapped:           820556 kB
Shmem:             21456 kB
KReclaimable:     645168 kB
Slab:             203628 kB
SReclaimable:      65320 kB
SUnreclaim:       138308 kB
KernelStack:       43440 kB
PageTables:        60372 kB
NFS_Unstable:          0 kB
Bounce:                0 kB
WritebackTmp:          0 kB
CommitLimit:     9202296 kB
Committed_AS:   65557208 kB
VmallocTotal:   263061440 kB
VmallocUsed:      100348 kB
VmallocChunk:          0 kB
Percpu:             7584 kB
CmaTotal:         294912 kB
CmaFree:               0 kB
MemTotal:       12113144 kB
MemFree:         7042328 kB
MemAvailable:    8334352 kB
Buffers:            4628 kB
Cached:          1537040 kB
SwapCached:            0 kB
Active:          1303268 kB
Inactive:        1368956 kB
Active(anon):    1137288 kB
Inactive(anon):    19376 kB
Active(file):     165980 kB
Inactive(file):  1349580 kB
Unevictable:        5692 kB
Mlocked:            5692 kB
SwapTotal:       3145724 kB
SwapFree:        3145724 kB
Dirty:               244 kB
Writeback:             0 kB
AnonPages:       1136408 kB
Mapped:           820820 kB
Shmem:             21456 kB
KReclaimable:     645168 kB
Slab:             203616 kB
SReclaimable:      65320 kB
SUnreclaim:       138296 kB
KernelStack:       43440 kB
PageTables:        60364 kB
NFS_Unstable:          0 kB
Bounce:                0 kB
WritebackTmp:          0 kB
CommitLimit:     9202296 kB
Committed_AS:   65560944 kB
VmallocTotal:   263061440 kB
VmallocUsed:      100348 kB
VmallocChunk:          0 kB
Percpu:             7584 kB
CmaTotal:         294912 kB
CmaFree:               0 kB
MemTotal:       12113144 kB
MemFree:         7042196 kB
MemAvailable:    8334220 kB
Buffers:            4628 kB
Cached:          1537040 kB
SwapCached:            0 kB
Active:          1303888 kB
Inactive:        1368952 kB
Active(anon):    1137904 kB
Inactive(anon):    19376 kB
Active(file):     165984 kB
Inactive(file):  1349576 kB
Unevictable:        5692 kB
Mlocked:            5692 kB
SwapTotal:       3145724 kB
SwapFree:        3145724 kB
Dirty:               256 kB
Writeback:             0 kB
AnonPages:       1137008 kB
Mapped:           820556 kB
Shmem:             21456 kB
KReclaimable:     645168 kB
Slab:             203552 kB
SReclaimable:      65320 kB
SUnreclaim:       138232 kB
KernelStack:       43440 kB
PageTables:        60368 kB
NFS_Unstable:          0 kB
Bounce:                0 kB
WritebackTmp:          0 kB
CommitLimit:     9202296 kB
Committed_AS:   65561756 kB
VmallocTotal:   263061440 kB
VmallocUsed:      100348 kB
VmallocChunk:          0 kB
Percpu:             7584 kB
CmaTotal:         294912 kB
CmaFree:               0 kB
MemTotal:       12113144 kB
MemFree:         7042176 kB
MemAvailable:    8334168 kB
Buffers:            4628 kB
Cached:          1537040 kB
SwapCached:            0 kB
Active:          1304840 kB
Inactive:        1368952 kB
Active(anon):    1138856 kB
Inactive(anon):    19376 kB
Active(file):     165984 kB
Inactive(file):  1349576 kB
Unevictable:        5692 kB
Mlocked:            5692 kB
SwapTotal:       3145724 kB
SwapFree:        3145724 kB
Dirty:               288 kB
Writeback:             0 kB
AnonPages:       1137412 kB
Mapped:           820752 kB
Shmem:             21456 kB
KReclaimable:     645168 kB
Slab:             203632 kB
SReclaimable:      65320 kB
SUnreclaim:       138312 kB
KernelStack:       43492 kB
PageTables:        60304 kB
NFS_Unstable:          0 kB
Bounce:                0 kB
WritebackTmp:          0 kB
CommitLimit:     9202296 kB
Committed_AS:   65561208 kB
VmallocTotal:   263061440 kB
VmallocUsed:      100348 kB
VmallocChunk:          0 kB
Percpu:             7584 kB
CmaTotal:         294912 kB
CmaFree:               0 kB
MemTotal:       12113144 kB
MemFree:         7042428 kB
MemAvailable:    8334452 kB
Buffers:            4628 kB
Cached:          1537040 kB
SwapCached:            0 kB
Active:          1304844 kB
Inactive:        1368952 kB
Active(anon):    1138860 kB
Inactive(anon):    19376 kB
Active(file):     165984 kB
Inactive(file):  1349576 kB
Unevictable:        5692 kB
Mlocked:            5692 kB
SwapTotal:       3145724 kB
SwapFree:        3145724 kB
Dirty:               292 kB
Writeback:             0 kB
AnonPages:       1137760 kB
Mapped:           820560 kB
Shmem:             21456 kB
KReclaimable:     645168 kB
Slab:             203552 kB
SReclaimable:      65320 kB
SUnreclaim:       138232 kB
KernelStack:       43440 kB
PageTables:        60376 kB
NFS_Unstable:          0 kB
Bounce:                0 kB
WritebackTmp:          0 kB
CommitLimit:     9202296 kB
Committed_AS:   65560900 kB
VmallocTotal:   263061440 kB
VmallocUsed:      100348 kB
VmallocChunk:          0 kB
Percpu:             7584 kB
CmaTotal:         294912 kB
CmaFree:               0 kB
MemTotal:       12113144 kB
MemFree:         7041336 kB
MemAvailable:    8333380 kB
Buffers:            4632 kB
Cached:          1537056 kB
SwapCached:            0 kB
Active:          1305080 kB
Inactive:        1368968 kB
Active(anon):    1139092 kB
Inactive(anon):    19380 kB
Active(file):     165988 kB
Inactive(file):  1349588 kB
Unevictable:        5692 kB
Mlocked:            5692 kB
SwapTotal:       3145724 kB
SwapFree:        3145724 kB
Dirty:               312 kB
Writeback:             0 kB
AnonPages:       1138296 kB
Mapped:           820560 kB
Shmem:             21460 kB
KReclaimable:     645172 kB
Slab:             203668 kB
SReclaimable:      65324 kB
SUnreclaim:       138344 kB
KernelStack:       43440 kB
PageTables:        60356 kB
NFS_Unstable:          0 kB
Bounce:                0 kB
WritebackTmp:          0 kB
CommitLimit:     9202296 kB
Committed_AS:   65560548 kB
VmallocTotal:   263061440 kB
VmallocUsed:      100348 kB
VmallocChunk:          0 kB
Percpu:             7584 kB
CmaTotal:         294912 kB
CmaFree:               0 kB
MemTotal:       12113144 kB
MemFree:         7042040 kB
MemAvailable:    8334080 kB
Buffers:            4632 kB
Cached:          1537056 kB
SwapCached:            0 kB
Active:          1305720 kB
Inactive:        1368968 kB
Active(anon):    1139732 kB
Inactive(anon):    19380 kB
Active(file):     165988 kB
Inactive(file):  1349588 kB
Unevictable:        5692 kB
Mlocked:            5692 kB
SwapTotal:       3145724 kB
SwapFree:        3145724 kB
Dirty:               248 kB
Writeback:            64 kB
AnonPages:       1138572 kB
Mapped:           820792 kB
Shmem:             21460 kB
KReclaimable:     645168 kB
Slab:             203648 kB
SReclaimable:      65320 kB
SUnreclaim:       138328 kB
KernelStack:       43440 kB
PageTables:        60620 kB
NFS_Unstable:          0 kB
Bounce:                0 kB
WritebackTmp:          0 kB
CommitLimit:     9202296 kB
Committed_AS:   65561072 kB
VmallocTotal:   263061440 kB
VmallocUsed:      100348 kB
VmallocChunk:          0 kB
Percpu:             7584 kB
CmaTotal:         294912 kB
CmaFree:               0 kB
MemTotal:       12113144 kB
MemFree:         7041576 kB
MemAvailable:    8333624 kB
Buffers:            4632 kB
Cached:          1537064 kB
SwapCached:            0 kB
Active:          1306220 kB
Inactive:        1368972 kB
Active(anon):    1140228 kB
Inactive(anon):    19380 kB
Active(file):     165992 kB
Inactive(file):  1349592 kB
Unevictable:        5692 kB
Mlocked:            5692 kB
SwapTotal:       3145724 kB
SwapFree:        3145724 kB
Dirty:               284 kB
Writeback:             0 kB
AnonPages:       1139388 kB
Mapped:           820572 kB
Shmem:             21460 kB
KReclaimable:     645168 kB
Slab:             203512 kB
SReclaimable:      65320 kB
SUnreclaim:       138192 kB
KernelStack:       43456 kB
PageTables:        60368 kB
NFS_Unstable:          0 kB
Bounce:                0 kB
WritebackTmp:          0 kB
CommitLimit:     9202296 kB
Committed_AS:   65561160 kB
VmallocTotal:   263061440 kB
VmallocUsed:      100364 kB
VmallocChunk:          0 kB
Percpu:             7584 kB
CmaTotal:         294912 kB
CmaFree:               0 kB
MemTotal:       12113144 kB
MemFree:         7040732 kB
MemAvailable:    8332772 kB
Buffers:            4632 kB
Cached:          1537056 kB
SwapCached:            0 kB
Active:          1307008 kB
Inactive:        1368968 kB
Active(anon):    1141020 kB
Inactive(anon):    19380 kB
Active(file):     165988 kB
Inactive(file):  1349588 kB
Unevictable:        5692 kB
Mlocked:            5692 kB
SwapTotal:       3145724 kB
SwapFree:        3145724 kB
Dirty:               280 kB
Writeback:             0 kB
AnonPages:       1139988 kB
Mapped:           820624 kB
Shmem:             21460 kB
KReclaimable:     645168 kB
Slab:             203656 kB
SReclaimable:      65320 kB
SUnreclaim:       138336 kB
KernelStack:       43472 kB
PageTables:        60420 kB
NFS_Unstable:          0 kB
Bounce:                0 kB
WritebackTmp:          0 kB
CommitLimit:     9202296 kB
Committed_AS:   65560764 kB
VmallocTotal:   263061440 kB
VmallocUsed:      100364 kB
VmallocChunk:          0 kB
Percpu:             7584 kB
CmaTotal:         294912 kB
CmaFree:               0 kB
MemTotal:       12113144 kB
MemFree:         7039760 kB
MemAvailable:    8331800 kB
Buffers:            4632 kB
Cached:          1537056 kB
SwapCached:            0 kB
Active:          1306748 kB
Inactive:        1368968 kB
Active(anon):    1140760 kB
Inactive(anon):    19380 kB
Active(file):     165988 kB
Inactive(file):  1349588 kB
Unevictable:        5692 kB
Mlocked:            5692 kB
SwapTotal:       3145724 kB
SwapFree:        3145724 kB
Dirty:               296 kB
Writeback:             0 kB
AnonPages:       1139972 kB
Mapped:           820832 kB
Shmem:             21460 kB
KReclaimable:     645168 kB
Slab:             203568 kB
SReclaimable:      65320 kB
SUnreclaim:       138248 kB
KernelStack:       43456 kB
PageTables:        60372 kB
NFS_Unstable:          0 kB
Bounce:                0 kB
WritebackTmp:          0 kB
CommitLimit:     9202296 kB
Committed_AS:   65560804 kB
VmallocTotal:   263061440 kB
VmallocUsed:      100364 kB
VmallocChunk:          0 kB
Percpu:             7584 kB
CmaTotal:         294912 kB
CmaFree:               0 kB
MemTotal:       12113144 kB
MemFree:         7039692 kB
MemAvailable:    8331736 kB
Buffers:            4632 kB
Cached:          1537056 kB
SwapCached:            0 kB
Active:          1307696 kB
Inactive:        1368968 kB
Active(anon):    1141708 kB
Inactive(anon):    19380 kB
Active(file):     165988 kB
Inactive(file):  1349588 kB
Unevictable:        5692 kB
Mlocked:            5692 kB
SwapTotal:       3145724 kB
SwapFree:        3145724 kB
Dirty:               300 kB
Writeback:             0 kB
AnonPages:       1140788 kB
Mapped:           820568 kB
Shmem:             21460 kB
KReclaimable:     645172 kB
Slab:             203660 kB
SReclaimable:      65324 kB
SUnreclaim:       138336 kB
KernelStack:       43440 kB
PageTables:        60360 kB
NFS_Unstable:          0 kB
Bounce:                0 kB
WritebackTmp:          0 kB
CommitLimit:     9202296 kB
Committed_AS:   65560408 kB
VmallocTotal:   263061440 kB
VmallocUsed:      100380 kB
VmallocChunk:          0 kB
Percpu:             7584 kB
CmaTotal:         294912 kB
CmaFree:               0 kB
MemTotal:       12113144 kB
MemFree:         7037916 kB
MemAvailable:    8329960 kB
Buffers:            4632 kB
Cached:          1537056 kB
SwapCached:            0 kB
Active:          1308068 kB
Inactive:        1368968 kB
Active(anon):    1142080 kB
Inactive(anon):    19380 kB
Active(file):     165988 kB
Inactive(file):  1349588 kB
Unevictable:        5692 kB
Mlocked:            5692 kB
SwapTotal:       3145724 kB
SwapFree:        3145724 kB
Dirty:               300 kB
Writeback:             0 kB
AnonPages:       1141148 kB
Mapped:           820828 kB
Shmem:             21460 kB
KReclaimable:     645172 kB
Slab:             203508 kB
SReclaimable:      65324 kB
SUnreclaim:       138184 kB
KernelStack:       43440 kB
PageTables:        60360 kB
NFS_Unstable:          0 kB
Bounce:                0 kB
WritebackTmp:          0 kB
CommitLimit:     9202296 kB
Committed_AS:   65566092 kB
VmallocTotal:   263061440 kB
VmallocUsed:      100380 kB
VmallocChunk:          0 kB
Percpu:             7584 kB
CmaTotal:         294912 kB
CmaFree:               0 kB
MemTotal:       12113144 kB
MemFree:         7046616 kB
MemAvailable:    8338660 kB
Buffers:            4632 kB
Cached:          1537064 kB
SwapCached:            0 kB
Active:          1299248 kB
Inactive:        1368976 kB
Active(anon):    1133260 kB
Inactive(anon):    19388 kB
Active(file):     165988 kB
Inactive(file):  1349588 kB
Unevictable:        5692 kB
Mlocked:            5692 kB
SwapTotal:       3145724 kB
SwapFree:        3145724 kB
Dirty:               300 kB
Writeback:             0 kB
AnonPages:       1132408 kB
Mapped:           820580 kB
Shmem:             21468 kB
KReclaimable:     645172 kB
Slab:             203604 kB
SReclaimable:      65324 kB
SUnreclaim:       138280 kB
KernelStack:       43440 kB
PageTables:        60368 kB
NFS_Unstable:          0 kB
Bounce:                0 kB
WritebackTmp:          0 kB
CommitLimit:     9202296 kB
Committed_AS:   65566004 kB
VmallocTotal:   263061440 kB
VmallocUsed:      100380 kB
VmallocChunk:          0 kB
Percpu:             7584 kB
CmaTotal:         294912 kB
CmaFree:             124 kB
MemTotal:       12113144 kB
MemFree:         7045264 kB
MemAvailable:    8337312 kB
Buffers:            4632 kB
Cached:          1537072 kB
SwapCached:            0 kB
Active:          1300272 kB
Inactive:        1368984 kB
Active(anon):    1134284 kB
Inactive(anon):    19392 kB
Active(file):     165988 kB
Inactive(file):  1349592 kB
Unevictable:        5692 kB
Mlocked:            5692 kB
SwapTotal:       3145724 kB
SwapFree:        3145724 kB
Dirty:               316 kB
Writeback:             0 kB
AnonPages:       1133108 kB
Mapped:           820840 kB
Shmem:             21472 kB
KReclaimable:     645172 kB
Slab:             203588 kB
SReclaimable:      65324 kB
SUnreclaim:       138264 kB
KernelStack:       43456 kB
PageTables:        60488 kB
NFS_Unstable:          0 kB
Bounce:                0 kB
WritebackTmp:          0 kB
CommitLimit:     9202296 kB
Committed_AS:   65565784 kB
VmallocTotal:   263061440 kB
VmallocUsed:      100364 kB
VmallocChunk:          0 kB
Percpu:             7584 kB
CmaTotal:         294912 kB
CmaFree:               0 kB
MemTotal:       12113144 kB
MemFree:         7045472 kB
MemAvailable:    8337528 kB
Buffers:            4632 kB
Cached:          1537080 kB
SwapCached:            0 kB
Active:          1299764 kB
Inactive:        1368996 kB
Active(anon):    1133780 kB
Inactive(anon):    19392 kB
Active(file):     165984 kB
Inactive(file):  1349604 kB
Unevictable:        5692 kB
Mlocked:            5692 kB
SwapTotal:       3145724 kB
SwapFree:        3145724 kB
Dirty:               388 kB
Writeback:             0 kB
AnonPages:       1132944 kB
Mapped:           820840 kB
Shmem:             21472 kB
KReclaimable:     645172 kB
Slab:             203676 kB
SReclaimable:      65324 kB
SUnreclaim:       138352 kB
KernelStack:       43440 kB
PageTables:        60364 kB
NFS_Unstable:          0 kB
Bounce:                0 kB
WritebackTmp:          0 kB
CommitLimit:     9202296 kB
Committed_AS:   65565664 kB
VmallocTotal:   263061440 kB
VmallocUsed:      100348 kB
VmallocChunk:          0 kB
Percpu:             7584 kB
CmaTotal:         294912 kB
CmaFree:               0 kB
MemTotal:       12113144 kB
MemFree:         7045544 kB
MemAvailable:    8337600 kB
Buffers:            4632 kB
Cached:          1537080 kB
SwapCached:            0 kB
Active:          1300624 kB
Inactive:        1368992 kB
Active(anon):    1134636 kB
Inactive(anon):    19392 kB
Active(file):     165988 kB
Inactive(file):  1349600 kB
Unevictable:        5692 kB
Mlocked:            5692 kB
SwapTotal:       3145724 kB
SwapFree:        3145724 kB
Dirty:               388 kB
Writeback:             0 kB
AnonPages:       1133780 kB
Mapped:           820584 kB
Shmem:             21472 kB
KReclaimable:     645172 kB
Slab:             203612 kB
SReclaimable:      65324 kB
SUnreclaim:       138288 kB
KernelStack:       43456 kB
PageTables:        60504 kB
NFS_Unstable:          0 kB
Bounce:                0 kB
WritebackTmp:          0 kB
CommitLimit:     9202296 kB
Committed_AS:   65563276 kB
VmallocTotal:   263061440 kB
VmallocUsed:      100348 kB
VmallocChunk:          0 kB
Percpu:             7584 kB
CmaTotal:         294912 kB
CmaFree:               0 kB
MemTotal:       12113144 kB
MemFree:         7045396 kB
MemAvailable:    8337456 kB
Buffers:            4632 kB
Cached:          1537084 kB
SwapCached:            0 kB
Active:          1300792 kB
Inactive:        1368996 kB
Active(anon):    1134804 kB
Inactive(anon):    19392 kB
Active(file):     165988 kB
Inactive(file):  1349604 kB
Unevictable:        5692 kB
Mlocked:            5692 kB
SwapTotal:       3145724 kB
SwapFree:        3145724 kB
Dirty:               256 kB
Writeback:             0 kB
AnonPages:       1134068 kB
Mapped:           820580 kB
Shmem:             21472 kB
KReclaimable:     645172 kB
Slab:             203516 kB
SReclaimable:      65324 kB
SUnreclaim:       138192 kB
KernelStack:       43440 kB
PageTables:        60364 kB
NFS_Unstable:          0 kB
Bounce:                0 kB
WritebackTmp:          0 kB
CommitLimit:     9202296 kB
Committed_AS:   65563232 kB
VmallocTotal:   263061440 kB
VmallocUsed:      100348 kB
VmallocChunk:          0 kB
Percpu:             7584 kB
CmaTotal:         294912 kB
CmaFree:               0 kB
MemTotal:       12113144 kB
MemFree:         7044536 kB
MemAvailable:    8336596 kB
Buffers:            4632 kB
Cached:          1537088 kB
SwapCached:            0 kB
Active:          1301456 kB
Inactive:        1369000 kB
Active(anon):    1135468 kB
Inactive(anon):    19396 kB
Active(file):     165988 kB
Inactive(file):  1349604 kB
Unevictable:        5692 kB
Mlocked:            5692 kB
SwapTotal:       3145724 kB
SwapFree:        3145724 kB
Dirty:               256 kB
Writeback:             0 kB
AnonPages:       1134544 kB
Mapped:           820848 kB
Shmem:             21476 kB
KReclaimable:     645172 kB
Slab:             203716 kB
SReclaimable:      65324 kB
SUnreclaim:       138392 kB
KernelStack:       43440 kB
PageTables:        60372 kB
NFS_Unstable:          0 kB
Bounce:                0 kB
WritebackTmp:          0 kB
CommitLimit:     9202296 kB
Committed_AS:   65563188 kB
VmallocTotal:   263061440 kB
VmallocUsed:      100348 kB
VmallocChunk:          0 kB
Percpu:             7584 kB
CmaTotal:         294912 kB
CmaFree:               0 kB
MemTotal:       12113144 kB
MemFree:         7044104 kB
MemAvailable:    8336168 kB
Buffers:            4632 kB
Cached:          1537092 kB
SwapCached:            0 kB
Active:          1302092 kB
Inactive:        1369004 kB
Active(anon):    1136104 kB
Inactive(anon):    19396 kB
Active(file):     165988 kB
Inactive(file):  1349608 kB
Unevictable:        5692 kB
Mlocked:            5692 kB
SwapTotal:       3145724 kB
SwapFree:        3145724 kB
Dirty:               256 kB
Writeback:             0 kB
AnonPages:       1135280 kB
Mapped:           820588 kB
Shmem:             21476 kB
KReclaimable:     645172 kB
Slab:             203500 kB
SReclaimable:      65324 kB
SUnreclaim:       138176 kB
KernelStack:       43456 kB
PageTables:        60372 kB
NFS_Unstable:          0 kB
Bounce:                0 kB
WritebackTmp:          0 kB
CommitLimit:     9202296 kB
Committed_AS:   65563180 kB
VmallocTotal:   263061440 kB
VmallocUsed:      100348 kB
VmallocChunk:          0 kB
Percpu:             7584 kB
CmaTotal:         294912 kB
CmaFree:               0 kB
MemTotal:       12113144 kB
MemFree:         7043740 kB
MemAvailable:    8335812 kB
Buffers:            4636 kB
Cached:          1537100 kB
SwapCached:            0 kB
Active:          1302220 kB
Inactive:        1369016 kB
Active(anon):    1136232 kB
Inactive(anon):    19400 kB
Active(file):     165988 kB
Inactive(file):  1349616 kB
Unevictable:        5692 kB
Mlocked:            5692 kB
SwapTotal:       3145724 kB
SwapFree:        3145724 kB
Dirty:               252 kB
Writeback:             0 kB
AnonPages:       1135424 kB
Mapped:           820848 kB
Shmem:             21480 kB
KReclaimable:     645172 kB
Slab:             203668 kB
SReclaimable:      65324 kB
SUnreclaim:       138344 kB
KernelStack:       43440 kB
PageTables:        60368 kB
NFS_Unstable:          0 kB
Bounce:                0 kB
WritebackTmp:          0 kB
CommitLimit:     9202296 kB
Committed_AS:   65562916 kB
VmallocTotal:   263061440 kB
VmallocUsed:      100364 kB
VmallocChunk:          0 kB
Percpu:             7584 kB
CmaTotal:         294912 kB
CmaFree:               0 kB
MemTotal:       12113144 kB
MemFree:         7043188 kB
MemAvailable:    8335264 kB
Buffers:            4636 kB
Cached:          1537108 kB
SwapCached:            0 kB
Active:          1303180 kB
Inactive:        1369020 kB
Active(anon):    1137188 kB
Inactive(anon):    19404 kB
Active(file):     165992 kB
Inactive(file):  1349616 kB
Unevictable:        5692 kB
Mlocked:            5692 kB
SwapTotal:       3145724 kB
SwapFree:        3145724 kB
Dirty:               252 kB
Writeback:             0 kB
AnonPages:       1135888 kB
Mapped:           820592 kB
Shmem:             21484 kB
KReclaimable:     645172 kB
Slab:             203508 kB
SReclaimable:      65324 kB
SUnreclaim:       138184 kB
KernelStack:       43440 kB
PageTables:        60364 kB
NFS_Unstable:          0 kB
Bounce:                0 kB
WritebackTmp:          0 kB
CommitLimit:     9202296 kB
Committed_AS:   65562640 kB
VmallocTotal:   263061440 kB
VmallocUsed:      100364 kB
VmallocChunk:          0 kB
Percpu:             7584 kB
CmaTotal:         294912 kB
CmaFree:               0 kB
MemTotal:       12113144 kB
MemFree:         7043416 kB
MemAvailable:    8335492 kB
Buffers:            4636 kB
Cached:          1537108 kB
SwapCached:            0 kB
Active:          1303528 kB
Inactive:        1369020 kB
Active(anon):    1137536 kB
Inactive(anon):    19404 kB
Active(file):     165992 kB
Inactive(file):  1349616 kB
Unevictable:        5692 kB
Mlocked:            5692 kB
SwapTotal:       3145724 kB
SwapFree:        3145724 kB
Dirty:               252 kB
Writeback:             0 kB
AnonPages:       1136432 kB
Mapped:           820840 kB
Shmem:             21484 kB
KReclaimable:     645172 kB
Slab:             203692 kB
SReclaimable:      65324 kB
SUnreclaim:       138368 kB
KernelStack:       43472 kB
PageTables:        60432 kB
NFS_Unstable:          0 kB
Bounce:                0 kB
WritebackTmp:          0 kB
CommitLimit:     9202296 kB
Committed_AS:   65566532 kB
VmallocTotal:   263061440 kB
VmallocUsed:      100348 kB
VmallocChunk:          0 kB
Percpu:             7584 kB
CmaTotal:         294912 kB
CmaFree:               0 kB
MemTotal:       12113144 kB
MemFree:         7057180 kB
MemAvailable:    8349256 kB
Buffers:            4636 kB
Cached:          1537108 kB
SwapCached:            0 kB
Active:          1288888 kB
Inactive:        1369020 kB
Active(anon):    1122896 kB
Inactive(anon):    19404 kB
Active(file):     165992 kB
Inactive(file):  1349616 kB
Unevictable:        5692 kB
Mlocked:            5692 kB
SwapTotal:       3145724 kB
SwapFree:        3145724 kB
Dirty:               252 kB
Writeback:             0 kB
AnonPages:       1121756 kB
Mapped:           820852 kB
Shmem:             21484 kB
KReclaimable:     645172 kB
Slab:             203500 kB
SReclaimable:      65324 kB
SUnreclaim:       138176 kB
KernelStack:       43440 kB
PageTables:        60380 kB
NFS_Unstable:          0 kB
Bounce:                0 kB
WritebackTmp:          0 kB
CommitLimit:     9202296 kB
Committed_AS:   65565940 kB
VmallocTotal:   263061440 kB
VmallocUsed:      100364 kB
VmallocChunk:          0 kB
Percpu:             7584 kB
CmaTotal:         294912 kB
CmaFree:               8 kB
MemTotal:       12113144 kB
MemFree:         7057036 kB
MemAvailable:    8349112 kB
Buffers:            4636 kB
Cached:          1537108 kB
SwapCached:            0 kB
Active:          1288988 kB
Inactive:        1369020 kB
Active(anon):    1122996 kB
Inactive(anon):    19404 kB
Active(file):     165992 kB
Inactive(file):  1349616 kB
Unevictable:        5692 kB
Mlocked:            5692 kB
SwapTotal:       3145724 kB
SwapFree:        3145724 kB
Dirty:               276 kB
Writeback:             0 kB
AnonPages:       1122064 kB
Mapped:           820856 kB
Shmem:             21484 kB
KReclaimable:     645172 kB
Slab:             203620 kB
SReclaimable:      65324 kB
SUnreclaim:       138296 kB
KernelStack:       43456 kB
PageTables:        60372 kB
NFS_Unstable:          0 kB
Bounce:                0 kB
WritebackTmp:          0 kB
CommitLimit:     9202296 kB
Committed_AS:   65565764 kB
VmallocTotal:   263061440 kB
VmallocUsed:      100348 kB
VmallocChunk:          0 kB
Percpu:             7584 kB
CmaTotal:         294912 kB
CmaFree:               0 kB
MemTotal:       12113144 kB
MemFree:         7056120 kB
MemAvailable:    8348204 kB
Buffers:            4636 kB
Cached:          1537116 kB
SwapCached:            0 kB
Active:          1289648 kB
Inactive:        1369024 kB
Active(anon):    1123652 kB
Inactive(anon):    19404 kB
Active(file):     165996 kB
Inactive(file):  1349620 kB
Unevictable:        5692 kB
Mlocked:            5692 kB
SwapTotal:       3145724 kB
SwapFree:        3145724 kB
Dirty:               288 kB
Writeback:             0 kB
AnonPages:       1122792 kB
Mapped:           820792 kB
Shmem:             21484 kB
KReclaimable:     645172 kB
Slab:             203452 kB
SReclaimable:      65324 kB
SUnreclaim:       138128 kB
KernelStack:       43408 kB
PageTables:        60320 kB
NFS_Unstable:          0 kB
Bounce:                0 kB
WritebackTmp:          0 kB
CommitLimit:     9202296 kB
Committed_AS:   65565736 kB
VmallocTotal:   263061440 kB
VmallocUsed:      100364 kB
VmallocChunk:          0 kB
Percpu:             7584 kB
CmaTotal:         294912 kB
CmaFree:               0 kB
MemTotal:       12113144 kB
MemFree:         7055948 kB
MemAvailable:    8348024 kB
Buffers:            4636 kB
Cached:          1537112 kB
SwapCached:            0 kB
Active:          1290216 kB
Inactive:        1369024 kB
Active(anon):    1124224 kB
Inactive(anon):    19408 kB
Active(file):     165992 kB
Inactive(file):  1349616 kB
Unevictable:        5692 kB
Mlocked:            5692 kB
SwapTotal:       3145724 kB
SwapFree:        3145724 kB
Dirty:               276 kB
Writeback:             0 kB
AnonPages:       1123344 kB
Mapped:           820788 kB
Shmem:             21488 kB
KReclaimable:     645172 kB
Slab:             203572 kB
SReclaimable:      65324 kB
SUnreclaim:       138248 kB
KernelStack:       43424 kB
PageTables:        60316 kB
NFS_Unstable:          0 kB
Bounce:                0 kB
WritebackTmp:          0 kB
CommitLimit:     9202296 kB
Committed_AS:   65565684 kB
VmallocTotal:   263061440 kB
VmallocUsed:      100364 kB
VmallocChunk:          0 kB
Percpu:             7584 kB
CmaTotal:         294912 kB
CmaFree:               0 kB
MemTotal:       12113144 kB
MemFree:         7056828 kB
MemAvailable:    8348904 kB
Buffers:            4636 kB
Cached:          1537112 kB
SwapCached:            0 kB
Active:          1289708 kB
Inactive:        1369024 kB
Active(anon):    1123716 kB
Inactive(anon):    19408 kB
Active(file):     165992 kB
Inactive(file):  1349616 kB
Unevictable:        5692 kB
Mlocked:            5692 kB
SwapTotal:       3145724 kB
SwapFree:        3145724 kB
Dirty:               280 kB
Writeback:             0 kB
AnonPages:       1122544 kB
Mapped:           820808 kB
Shmem:             21488 kB
KReclaimable:     645172 kB
Slab:             203444 kB
SReclaimable:      65324 kB
SUnreclaim:       138120 kB
KernelStack:       43456 kB
PageTables:        60364 kB
NFS_Unstable:          0 kB
Bounce:                0 kB
WritebackTmp:          0 kB
CommitLimit:     9202296 kB
Committed_AS:   65563452 kB
VmallocTotal:   263061440 kB
VmallocUsed:      100364 kB
VmallocChunk:          0 kB
Percpu:             7584 kB
CmaTotal:         294912 kB
CmaFree:               0 kB
MemTotal:       12113144 kB
MemFree:         7056056 kB
MemAvailable:    8348132 kB
Buffers:            4636 kB
Cached:          1537112 kB
SwapCached:            0 kB
Active:          1289944 kB
Inactive:        1369024 kB
Active(anon):    1123952 kB
Inactive(anon):    19408 kB
Active(file):     165992 kB
Inactive(file):  1349616 kB
Unevictable:        5692 kB
Mlocked:            5692 kB
SwapTotal:       3145724 kB
SwapFree:        3145724 kB
Dirty:               280 kB
Writeback:             0 kB
AnonPages:       1123144 kB
Mapped:           820856 kB
Shmem:             21488 kB
KReclaimable:     645172 kB
Slab:             203644 kB
SReclaimable:      65324 kB
SUnreclaim:       138320 kB
KernelStack:       43440 kB
PageTables:        60372 kB
NFS_Unstable:          0 kB
Bounce:                0 kB
WritebackTmp:          0 kB
CommitLimit:     9202296 kB
Committed_AS:   65563592 kB
VmallocTotal:   263061440 kB
VmallocUsed:      100348 kB
VmallocChunk:          0 kB
Percpu:             7584 kB
CmaTotal:         294912 kB
CmaFree:              24 kB
MemTotal:       12113144 kB
MemFree:         7055820 kB
MemAvailable:    8347896 kB
Buffers:            4636 kB
Cached:          1537112 kB
SwapCached:            0 kB
Active:          1290456 kB
Inactive:        1369024 kB
Active(anon):    1124464 kB
Inactive(anon):    19408 kB
Active(file):     165992 kB
Inactive(file):  1349616 kB
Unevictable:        5692 kB
Mlocked:            5692 kB
SwapTotal:       3145724 kB
SwapFree:        3145724 kB
Dirty:               280 kB
Writeback:             0 kB
AnonPages:       1123620 kB
Mapped:           820596 kB
Shmem:             21488 kB
KReclaimable:     645172 kB
Slab:             203588 kB
SReclaimable:      65324 kB
SUnreclaim:       138264 kB
KernelStack:       43440 kB
PageTables:        60368 kB
NFS_Unstable:          0 kB
Bounce:                0 kB
WritebackTmp:          0 kB
CommitLimit:     9202296 kB
Committed_AS:   65563504 kB
VmallocTotal:   263061440 kB
VmallocUsed:      100348 kB
VmallocChunk:          0 kB
Percpu:             7584 kB
CmaTotal:         294912 kB
CmaFree:               0 kB
MemTotal:       12113144 kB
MemFree:         7055732 kB
MemAvailable:    8347816 kB
Buffers:            4636 kB
Cached:          1537124 kB
SwapCached:            0 kB
Active:          1291024 kB
Inactive:        1369036 kB
Active(anon):    1125032 kB
Inactive(anon):    19412 kB
Active(file):     165992 kB
Inactive(file):  1349624 kB
Unevictable:        5692 kB
Mlocked:            5692 kB
SwapTotal:       3145724 kB
SwapFree:        3145724 kB
Dirty:               300 kB
Writeback:             0 kB
AnonPages:       1124132 kB
Mapped:           820860 kB
Shmem:             21492 kB
KReclaimable:     645172 kB
Slab:             203484 kB
SReclaimable:      65324 kB
SUnreclaim:       138160 kB
KernelStack:       43472 kB
PageTables:        60368 kB
NFS_Unstable:          0 kB
Bounce:                0 kB
WritebackTmp:          0 kB
CommitLimit:     9202296 kB
Committed_AS:   65563248 kB
VmallocTotal:   263061440 kB
VmallocUsed:      100380 kB
VmallocChunk:          0 kB
Percpu:             7584 kB
CmaTotal:         294912 kB
CmaFree:               0 kB
MemTotal:       12113144 kB
MemFree:         7054640 kB
MemAvailable:    8346724 kB
Buffers:            4636 kB
Cached:          1537124 kB
SwapCached:            0 kB
Active:          1291664 kB
Inactive:        1369036 kB
Active(anon):    1125672 kB
Inactive(anon):    19412 kB
Active(file):     165992 kB
Inactive(file):  1349624 kB
Unevictable:        5692 kB
Mlocked:            5692 kB
SwapTotal:       3145724 kB
SwapFree:        3145724 kB
Dirty:               300 kB
Writeback:             0 kB
AnonPages:       1124792 kB
Mapped:           820600 kB
Shmem:             21492 kB
KReclaimable:     645172 kB
Slab:             203516 kB
SReclaimable:      65324 kB
SUnreclaim:       138192 kB
KernelStack:       43472 kB
PageTables:        60380 kB
NFS_Unstable:          0 kB
Bounce:                0 kB
WritebackTmp:          0 kB
CommitLimit:     9202296 kB
Committed_AS:   65565924 kB
VmallocTotal:   263061440 kB
VmallocUsed:      100428 kB
VmallocChunk:          0 kB
Percpu:             7584 kB
CmaTotal:         294912 kB
CmaFree:               0 kB
MemTotal:       12113144 kB
MemFree:         7053852 kB
MemAvailable:    8345936 kB
Buffers:            4636 kB
Cached:          1537128 kB
SwapCached:            0 kB
Active:          1291984 kB
Inactive:        1369040 kB
Active(anon):    1125992 kB
Inactive(anon):    19416 kB
Active(file):     165992 kB
Inactive(file):  1349624 kB
Unevictable:        5692 kB
Mlocked:            5692 kB
SwapTotal:       3145724 kB
SwapFree:        3145724 kB
Dirty:               300 kB
Writeback:             0 kB
AnonPages:       1125324 kB
Mapped:           820604 kB
Shmem:             21496 kB
KReclaimable:     645172 kB
Slab:             203644 kB
SReclaimable:      65324 kB
SUnreclaim:       138320 kB
KernelStack:       43472 kB
PageTables:        60360 kB
NFS_Unstable:          0 kB
Bounce:                0 kB
WritebackTmp:          0 kB
CommitLimit:     9202296 kB
Committed_AS:   65565748 kB
VmallocTotal:   263061440 kB
VmallocUsed:      100428 kB
VmallocChunk:          0 kB
Percpu:             7584 kB
CmaTotal:         294912 kB
CmaFree:               0 kB
MemTotal:       12113144 kB
MemFree:         7053888 kB
MemAvailable:    8345972 kB
Buffers:            4636 kB
Cached:          1537128 kB
SwapCached:            0 kB
Active:          1292532 kB
Inactive:        1369040 kB
Active(anon):    1126540 kB
Inactive(anon):    19416 kB
Active(file):     165992 kB
Inactive(file):  1349624 kB
Unevictable:        5692 kB
Mlocked:            5692 kB
SwapTotal:       3145724 kB
SwapFree:        3145724 kB
Dirty:               300 kB
Writeback:             0 kB
AnonPages:       1125688 kB
Mapped:           820628 kB
Shmem:             21496 kB
KReclaimable:     645172 kB
Slab:             203580 kB
SReclaimable:      65324 kB
SUnreclaim:       138256 kB
KernelStack:       43488 kB
PageTables:        60400 kB
NFS_Unstable:          0 kB
Bounce:                0 kB
WritebackTmp:          0 kB
CommitLimit:     9202296 kB
Committed_AS:   65563480 kB
VmallocTotal:   263061440 kB
VmallocUsed:      100428 kB
VmallocChunk:          0 kB
Percpu:             7584 kB
CmaTotal:         294912 kB
CmaFree:               0 kB
MemTotal:       12113144 kB
MemFree:         7053864 kB
MemAvailable:    8345948 kB
Buffers:            4636 kB
Cached:          1537128 kB
SwapCached:            0 kB
Active:          1293080 kB
Inactive:        1369040 kB
Active(anon):    1127088 kB
Inactive(anon):    19416 kB
Active(file):     165992 kB
Inactive(file):  1349624 kB
Unevictable:        5692 kB
Mlocked:            5692 kB
SwapTotal:       3145724 kB
SwapFree:        3145724 kB
Dirty:               300 kB
Writeback:             0 kB
AnonPages:       1126164 kB
Mapped:           820604 kB
Shmem:             21496 kB
KReclaimable:     645172 kB
Slab:             203640 kB
SReclaimable:      65324 kB
SUnreclaim:       138316 kB
KernelStack:       43472 kB
PageTables:        60380 kB
NFS_Unstable:          0 kB
Bounce:                0 kB
WritebackTmp:          0 kB
CommitLimit:     9202296 kB
Committed_AS:   65563672 kB
VmallocTotal:   263061440 kB
VmallocUsed:      100412 kB
VmallocChunk:          0 kB
Percpu:             7584 kB
CmaTotal:         294912 kB
CmaFree:               0 kB
MemTotal:       12113144 kB
MemFree:         7052848 kB
MemAvailable:    8344936 kB
Buffers:            4644 kB
Cached:          1537124 kB
SwapCached:            0 kB
Active:          1293596 kB
Inactive:        1369040 kB
Active(anon):    1127600 kB
Inactive(anon):    19416 kB
Active(file):     165996 kB
Inactive(file):  1349624 kB
Unevictable:        5692 kB
Mlocked:            5692 kB
SwapTotal:       3145724 kB
SwapFree:        3145724 kB
Dirty:               300 kB
Writeback:             0 kB
AnonPages:       1126280 kB
Mapped:           820604 kB
Shmem:             21496 kB
KReclaimable:     645172 kB
Slab:             203464 kB
SReclaimable:      65324 kB
SUnreclaim:       138140 kB
KernelStack:       43472 kB
PageTables:        60368 kB
NFS_Unstable:          0 kB
Bounce:                0 kB
WritebackTmp:          0 kB
CommitLimit:     9202296 kB
Committed_AS:   65563532 kB
VmallocTotal:   263061440 kB
VmallocUsed:      100428 kB
VmallocChunk:          0 kB
Percpu:             7584 kB
CmaTotal:         294912 kB
CmaFree:               0 kB
MemTotal:       12113144 kB
MemFree:         7053192 kB
MemAvailable:    8345296 kB
Buffers:            4644 kB
Cached:          1537144 kB
SwapCached:            0 kB
Active:          1293856 kB
Inactive:        1369056 kB
Active(anon):    1127856 kB
Inactive(anon):    19420 kB
Active(file):     166000 kB
Inactive(file):  1349636 kB
Unevictable:        5692 kB
Mlocked:            5692 kB
SwapTotal:       3145724 kB
SwapFree:        3145724 kB
Dirty:               288 kB
Writeback:             0 kB
AnonPages:       1126708 kB
Mapped:           820868 kB
Shmem:             21500 kB
KReclaimable:     645172 kB
Slab:             203672 kB
SReclaimable:      65324 kB
SUnreclaim:       138348 kB
KernelStack:       43456 kB
PageTables:        60384 kB
NFS_Unstable:          0 kB
Bounce:                0 kB
WritebackTmp:          0 kB
CommitLimit:     9202296 kB
Committed_AS:   65563532 kB
VmallocTotal:   263061440 kB
VmallocUsed:      100428 kB
VmallocChunk:          0 kB
Percpu:             7584 kB
CmaTotal:         294912 kB
CmaFree:               0 kB
MemTotal:       12113144 kB
MemFree:         7032712 kB
MemAvailable:    8324832 kB
Buffers:            4644 kB
Cached:          1537084 kB
SwapCached:            0 kB
Active:          1314600 kB
Inactive:        1368996 kB
Active(anon):    1148600 kB
Inactive(anon):    19360 kB
Active(file):     166000 kB
Inactive(file):  1349636 kB
Unevictable:        5692 kB
Mlocked:            5692 kB
SwapTotal:       3145724 kB
SwapFree:        3145724 kB
Dirty:               288 kB
Writeback:             0 kB
AnonPages:       1147396 kB
Mapped:           820740 kB
Shmem:             21440 kB
KReclaimable:     645188 kB
Slab:             203448 kB
SReclaimable:      65340 kB
SUnreclaim:       138108 kB
KernelStack:       43472 kB
PageTables:        60340 kB
NFS_Unstable:          0 kB
Bounce:                0 kB
WritebackTmp:          0 kB
CommitLimit:     9202296 kB
Committed_AS:   65583032 kB
VmallocTotal:   263061440 kB
VmallocUsed:      100428 kB
VmallocChunk:          0 kB
Percpu:             7584 kB
CmaTotal:         294912 kB
CmaFree:               0 kB
MemTotal:       12113144 kB
MemFree:         7032160 kB
MemAvailable:    8324296 kB
Buffers:            4644 kB
Cached:          1537148 kB
SwapCached:            0 kB
Active:          1314764 kB
Inactive:        1369060 kB
Active(anon):    1148764 kB
Inactive(anon):    19424 kB
Active(file):     166000 kB
Inactive(file):  1349636 kB
Unevictable:        5692 kB
Mlocked:            5692 kB
SwapTotal:       3145724 kB
SwapFree:        3145724 kB
Dirty:               288 kB
Writeback:             0 kB
AnonPages:       1147712 kB
Mapped:           820804 kB
Shmem:             21504 kB
KReclaimable:     645204 kB
Slab:             203600 kB
SReclaimable:      65356 kB
SUnreclaim:       138244 kB
KernelStack:       43476 kB
PageTables:        60308 kB
NFS_Unstable:          0 kB
Bounce:                0 kB
WritebackTmp:          0 kB
CommitLimit:     9202296 kB
Committed_AS:   65583168 kB
VmallocTotal:   263061440 kB
VmallocUsed:      100428 kB
VmallocChunk:          0 kB
Percpu:             7584 kB
CmaTotal:         294912 kB
CmaFree:               0 kB
MemTotal:       12113144 kB
MemFree:         7032232 kB
MemAvailable:    8324368 kB
Buffers:            4644 kB
Cached:          1537148 kB
SwapCached:            0 kB
Active:          1315072 kB
Inactive:        1369060 kB
Active(anon):    1149072 kB
Inactive(anon):    19424 kB
Active(file):     166000 kB
Inactive(file):  1349636 kB
Unevictable:        5692 kB
Mlocked:            5692 kB
SwapTotal:       3145724 kB
SwapFree:        3145724 kB
Dirty:               288 kB
Writeback:             0 kB
AnonPages:       1148140 kB
Mapped:           820876 kB
Shmem:             21504 kB
KReclaimable:     645204 kB
Slab:             203656 kB
SReclaimable:      65356 kB
SUnreclaim:       138300 kB
KernelStack:       43456 kB
PageTables:        60384 kB
NFS_Unstable:          0 kB
Bounce:                0 kB
WritebackTmp:          0 kB
CommitLimit:     9202296 kB
Committed_AS:   65582904 kB
VmallocTotal:   263061440 kB
VmallocUsed:      100428 kB
VmallocChunk:          0 kB
Percpu:             7584 kB
CmaTotal:         294912 kB
CmaFree:               0 kB
MemTotal:       12113144 kB
MemFree:         7031680 kB
MemAvailable:    8323816 kB
Buffers:            4644 kB
Cached:          1537148 kB
SwapCached:            0 kB
Active:          1315616 kB
Inactive:        1369060 kB
Active(anon):    1149616 kB
Inactive(anon):    19424 kB
Active(file):     166000 kB
Inactive(file):  1349636 kB
Unevictable:        5692 kB
Mlocked:            5692 kB
SwapTotal:       3145724 kB
SwapFree:        3145724 kB
Dirty:               288 kB
Writeback:             0 kB
AnonPages:       1148772 kB
Mapped:           820872 kB
Shmem:             21504 kB
KReclaimable:     645204 kB
Slab:             203616 kB
SReclaimable:      65356 kB
SUnreclaim:       138260 kB
KernelStack:       43456 kB
PageTables:        60372 kB
NFS_Unstable:          0 kB
Bounce:                0 kB
WritebackTmp:          0 kB
CommitLimit:     9202296 kB
Committed_AS:   65582560 kB
VmallocTotal:   263061440 kB
VmallocUsed:      100396 kB
VmallocChunk:          0 kB
Percpu:             7584 kB
CmaTotal:         294912 kB
CmaFree:               0 kB
MemTotal:       12113144 kB
MemFree:         7030908 kB
MemAvailable:    8323044 kB
Buffers:            4644 kB
Cached:          1537152 kB
SwapCached:            0 kB
Active:          1316800 kB
Inactive:        1369064 kB
Active(anon):    1150800 kB
Inactive(anon):    19428 kB
Active(file):     166000 kB
Inactive(file):  1349636 kB
Unevictable:        5692 kB
Mlocked:            5692 kB
SwapTotal:       3145724 kB
SwapFree:        3145724 kB
Dirty:               288 kB
Writeback:             0 kB
AnonPages:       1150124 kB
Mapped:           820620 kB
Shmem:             21508 kB
KReclaimable:     645204 kB
Slab:             203608 kB
SReclaimable:      65356 kB
SUnreclaim:       138252 kB
KernelStack:       43456 kB
PageTables:        60380 kB
NFS_Unstable:          0 kB
Bounce:                0 kB
WritebackTmp:          0 kB
CommitLimit:     9202296 kB
Committed_AS:   65581988 kB
VmallocTotal:   263061440 kB
VmallocUsed:      100380 kB
VmallocChunk:          0 kB
Percpu:             7584 kB
CmaTotal:         294912 kB
CmaFree:               0 kB
MemTotal:       12113144 kB
MemFree:         7030792 kB
MemAvailable:    8322928 kB
Buffers:            4644 kB
Cached:          1537152 kB
SwapCached:            0 kB
Active:          1316940 kB
Inactive:        1369064 kB
Active(anon):    1150940 kB
Inactive(anon):    19428 kB
Active(file):     166000 kB
Inactive(file):  1349636 kB
Unevictable:        5692 kB
Mlocked:            5692 kB
SwapTotal:       3145724 kB
SwapFree:        3145724 kB
Dirty:               288 kB
Writeback:             0 kB
AnonPages:       1150044 kB
Mapped:           820876 kB
Shmem:             21508 kB
KReclaimable:     645204 kB
Slab:             203588 kB
SReclaimable:      65356 kB
SUnreclaim:       138232 kB
KernelStack:       43456 kB
PageTables:        60504 kB
NFS_Unstable:          0 kB
Bounce:                0 kB
WritebackTmp:          0 kB
CommitLimit:     9202296 kB
Committed_AS:   65567124 kB
VmallocTotal:   263061440 kB
VmallocUsed:      100364 kB
VmallocChunk:          0 kB
Percpu:             7584 kB
CmaTotal:         294912 kB
CmaFree:               0 kB
MemTotal:       12113144 kB
MemFree:         7030548 kB
MemAvailable:    8322684 kB
Buffers:            4644 kB
Cached:          1537152 kB
SwapCached:            0 kB
Active:          1317344 kB
Inactive:        1369064 kB
Active(anon):    1151344 kB
Inactive(anon):    19428 kB
Active(file):     166000 kB
Inactive(file):  1349636 kB
Unevictable:        5692 kB
Mlocked:            5692 kB
SwapTotal:       3145724 kB
SwapFree:        3145724 kB
Dirty:               288 kB
Writeback:             0 kB
AnonPages:       1150364 kB
Mapped:           820876 kB
Shmem:             21508 kB
KReclaimable:     645204 kB
Slab:             203612 kB
SReclaimable:      65356 kB
SUnreclaim:       138256 kB
KernelStack:       43440 kB
PageTables:        60372 kB
NFS_Unstable:          0 kB
Bounce:                0 kB
WritebackTmp:          0 kB
CommitLimit:     9202296 kB
Committed_AS:   65572184 kB
VmallocTotal:   263061440 kB
VmallocUsed:      100348 kB
VmallocChunk:          0 kB
Percpu:             7584 kB
CmaTotal:         294912 kB
CmaFree:               0 kB
MemTotal:       12113144 kB
MemFree:         7030176 kB
MemAvailable:    8322300 kB
Buffers:            4644 kB
Cached:          1537140 kB
SwapCached:            0 kB
Active:          1317604 kB
Inactive:        1369056 kB
Active(anon):    1151608 kB
Inactive(anon):    19428 kB
Active(file):     165996 kB
Inactive(file):  1349628 kB
Unevictable:        5692 kB
Mlocked:            5692 kB
SwapTotal:       3145724 kB
SwapFree:        3145724 kB
Dirty:               280 kB
Writeback:             0 kB
AnonPages:       1150680 kB
Mapped:           820876 kB
Shmem:             21508 kB
KReclaimable:     645204 kB
Slab:             203564 kB
SReclaimable:      65356 kB
SUnreclaim:       138208 kB
KernelStack:       43472 kB
PageTables:        60360 kB
NFS_Unstable:          0 kB
Bounce:                0 kB
WritebackTmp:          0 kB
CommitLimit:     9202296 kB
Committed_AS:   65571840 kB
VmallocTotal:   263061440 kB
VmallocUsed:      100364 kB
VmallocChunk:          0 kB
Percpu:             7584 kB
CmaTotal:         294912 kB
CmaFree:               0 kB
MemTotal:       12113144 kB
MemFree:         7028904 kB
MemAvailable:    8321032 kB
Buffers:            4644 kB
Cached:          1537144 kB
SwapCached:            0 kB
Active:          1318396 kB
Inactive:        1369060 kB
Active(anon):    1152400 kB
Inactive(anon):    19428 kB
Active(file):     165996 kB
Inactive(file):  1349632 kB
Unevictable:        5692 kB
Mlocked:            5692 kB
SwapTotal:       3145724 kB
SwapFree:        3145724 kB
Dirty:               288 kB
Writeback:             0 kB
AnonPages:       1151248 kB
Mapped:           820688 kB
Shmem:             21508 kB
KReclaimable:     645204 kB
Slab:             203620 kB
SReclaimable:      65356 kB
SUnreclaim:       138264 kB
KernelStack:       43504 kB
PageTables:        60440 kB
NFS_Unstable:          0 kB
Bounce:                0 kB
WritebackTmp:          0 kB
CommitLimit:     9202296 kB
Committed_AS:   65577160 kB
VmallocTotal:   263061440 kB
VmallocUsed:      100412 kB
VmallocChunk:          0 kB
Percpu:             7584 kB
CmaTotal:         294912 kB
CmaFree:               0 kB
MemTotal:       12113144 kB
MemFree:         7028716 kB
MemAvailable:    8320864 kB
Buffers:            4644 kB
Cached:          1537172 kB
SwapCached:            0 kB
Active:          1318996 kB
Inactive:        1369084 kB
Active(anon):    1152996 kB
Inactive(anon):    19436 kB
Active(file):     166000 kB
Inactive(file):  1349648 kB
Unevictable:        5692 kB
Mlocked:            5692 kB
SwapTotal:       3145724 kB
SwapFree:        3145724 kB
Dirty:               312 kB
Writeback:             0 kB
AnonPages:       1152164 kB
Mapped:           820824 kB
Shmem:             21516 kB
KReclaimable:     645204 kB
Slab:             203556 kB
SReclaimable:      65356 kB
SUnreclaim:       138200 kB
KernelStack:       43488 kB
PageTables:        60432 kB
NFS_Unstable:          0 kB
Bounce:                0 kB
WritebackTmp:          0 kB
CommitLimit:     9202296 kB
Committed_AS:   65576940 kB
VmallocTotal:   263061440 kB
VmallocUsed:      100412 kB
VmallocChunk:          0 kB
Percpu:             7584 kB
CmaTotal:         294912 kB
CmaFree:               0 kB
MemTotal:       12113144 kB
MemFree:         7028220 kB
MemAvailable:    8320368 kB
Buffers:            4644 kB
Cached:          1537172 kB
SwapCached:            0 kB
Active:          1319528 kB
Inactive:        1369084 kB
Active(anon):    1153528 kB
Inactive(anon):    19436 kB
Active(file):     166000 kB
Inactive(file):  1349648 kB
Unevictable:        5692 kB
Mlocked:            5692 kB
SwapTotal:       3145724 kB
SwapFree:        3145724 kB
Dirty:               312 kB
Writeback:             0 kB
AnonPages:       1152568 kB
Mapped:           820624 kB
Shmem:             21516 kB
KReclaimable:     645204 kB
Slab:             203596 kB
SReclaimable:      65356 kB
SUnreclaim:       138240 kB
KernelStack:       43488 kB
PageTables:        60424 kB
NFS_Unstable:          0 kB
Bounce:                0 kB
WritebackTmp:          0 kB
CommitLimit:     9202296 kB
Committed_AS:   65569900 kB
VmallocTotal:   263061440 kB
VmallocUsed:      100412 kB
VmallocChunk:          0 kB
Percpu:             7584 kB
CmaTotal:         294912 kB
CmaFree:               0 kB
MemTotal:       12113144 kB
MemFree:         7027908 kB
MemAvailable:    8320056 kB
Buffers:            4644 kB
Cached:          1537172 kB
SwapCached:            0 kB
Active:          1319932 kB
Inactive:        1369084 kB
Active(anon):    1153932 kB
Inactive(anon):    19436 kB
Active(file):     166000 kB
Inactive(file):  1349648 kB
Unevictable:        5692 kB
Mlocked:            5692 kB
SwapTotal:       3145724 kB
SwapFree:        3145724 kB
Dirty:               312 kB
Writeback:             0 kB
AnonPages:       1153020 kB
Mapped:           820624 kB
Shmem:             21516 kB
KReclaimable:     645204 kB
Slab:             203572 kB
SReclaimable:      65356 kB
SUnreclaim:       138216 kB
KernelStack:       43472 kB
PageTables:        60384 kB
NFS_Unstable:          0 kB
Bounce:                0 kB
WritebackTmp:          0 kB
CommitLimit:     9202296 kB
Committed_AS:   65569352 kB
VmallocTotal:   263061440 kB
VmallocUsed:      100412 kB
VmallocChunk:          0 kB
Percpu:             7584 kB
CmaTotal:         294912 kB
CmaFree:               0 kB
MemTotal:       12113144 kB
MemFree:         7026716 kB
MemAvailable:    8318864 kB
Buffers:            4644 kB
Cached:          1537172 kB
SwapCached:            0 kB
Active:          1320304 kB
Inactive:        1369084 kB
Active(anon):    1154304 kB
Inactive(anon):    19436 kB
Active(file):     166000 kB
Inactive(file):  1349648 kB
Unevictable:        5692 kB
Mlocked:            5692 kB
SwapTotal:       3145724 kB
SwapFree:        3145724 kB
Dirty:               312 kB
Writeback:             0 kB
AnonPages:       1153592 kB
Mapped:           820888 kB
Shmem:             21516 kB
KReclaimable:     645204 kB
Slab:             203604 kB
SReclaimable:      65356 kB
SUnreclaim:       138248 kB
KernelStack:       43488 kB
PageTables:        60380 kB
NFS_Unstable:          0 kB
Bounce:                0 kB
WritebackTmp:          0 kB
CommitLimit:     9202296 kB
Committed_AS:   65569096 kB
VmallocTotal:   263061440 kB
VmallocUsed:      100380 kB
VmallocChunk:          0 kB
Percpu:             7584 kB
CmaTotal:         294912 kB
CmaFree:               0 kB
MemTotal:       12113144 kB
MemFree:         7026292 kB
MemAvailable:    8318444 kB
Buffers:            4648 kB
Cached:          1537172 kB
SwapCached:            0 kB
Active:          1320716 kB
Inactive:        1369084 kB
Active(anon):    1154712 kB
Inactive(anon):    19436 kB
Active(file):     166004 kB
Inactive(file):  1349648 kB
Unevictable:        5692 kB
Mlocked:            5692 kB
SwapTotal:       3145724 kB
SwapFree:        3145724 kB
Dirty:               328 kB
Writeback:             0 kB
AnonPages:       1153840 kB
Mapped:           820624 kB
Shmem:             21516 kB
KReclaimable:     645204 kB
Slab:             203612 kB
SReclaimable:      65356 kB
SUnreclaim:       138256 kB
KernelStack:       43472 kB
PageTables:        60380 kB
NFS_Unstable:          0 kB
Bounce:                0 kB
WritebackTmp:          0 kB
CommitLimit:     9202296 kB
Committed_AS:   65569140 kB
VmallocTotal:   263061440 kB
VmallocUsed:      100396 kB
VmallocChunk:          0 kB
Percpu:             7584 kB
CmaTotal:         294912 kB
CmaFree:               0 kB
MemTotal:       12113144 kB
MemFree:         7024780 kB
MemAvailable:    8316944 kB
Buffers:            4648 kB
Cached:          1537184 kB
SwapCached:            0 kB
Active:          1321008 kB
Inactive:        1369096 kB
Active(anon):    1155004 kB
Inactive(anon):    19436 kB
Active(file):     166004 kB
Inactive(file):  1349660 kB
Unevictable:        5692 kB
Mlocked:            5692 kB
SwapTotal:       3145724 kB
SwapFree:        3145724 kB
Dirty:               292 kB
Writeback:             0 kB
AnonPages:       1154324 kB
Mapped:           820624 kB
Shmem:             21516 kB
KReclaimable:     645204 kB
Slab:             203620 kB
SReclaimable:      65356 kB
SUnreclaim:       138264 kB
KernelStack:       43472 kB
PageTables:        60368 kB
NFS_Unstable:          0 kB
Bounce:                0 kB
WritebackTmp:          0 kB
CommitLimit:     9202296 kB
Committed_AS:   65568892 kB
VmallocTotal:   263061440 kB
VmallocUsed:      100396 kB
VmallocChunk:          0 kB
Percpu:             7584 kB
CmaTotal:         294912 kB
CmaFree:               0 kB
MemTotal:       12113144 kB
MemFree:         7037500 kB
MemAvailable:    8329664 kB
Buffers:            4648 kB
Cached:          1537184 kB
SwapCached:            0 kB
Active:          1309788 kB
Inactive:        1369096 kB
Active(anon):    1143784 kB
Inactive(anon):    19436 kB
Active(file):     166004 kB
Inactive(file):  1349660 kB
Unevictable:        5692 kB
Mlocked:            5692 kB
SwapTotal:       3145724 kB
SwapFree:        3145724 kB
Dirty:               292 kB
Writeback:             0 kB
AnonPages:       1142884 kB
Mapped:           820888 kB
Shmem:             21516 kB
KReclaimable:     645204 kB
Slab:             203596 kB
SReclaimable:      65356 kB
SUnreclaim:       138240 kB
KernelStack:       43488 kB
PageTables:        60376 kB
NFS_Unstable:          0 kB
Bounce:                0 kB
WritebackTmp:          0 kB
CommitLimit:     9202296 kB
Committed_AS:   65568548 kB
VmallocTotal:   263061440 kB
VmallocUsed:      100396 kB
VmallocChunk:          0 kB
Percpu:             7584 kB
CmaTotal:         294912 kB
CmaFree:               4 kB
MemTotal:       12113144 kB
MemFree:         7036752 kB
MemAvailable:    8328916 kB
Buffers:            4648 kB
Cached:          1537184 kB
SwapCached:            0 kB
Active:          1309952 kB
Inactive:        1369096 kB
Active(anon):    1143948 kB
Inactive(anon):    19436 kB
Active(file):     166004 kB
Inactive(file):  1349660 kB
Unevictable:        5692 kB
Mlocked:            5692 kB
SwapTotal:       3145724 kB
SwapFree:        3145724 kB
Dirty:               292 kB
Writeback:             0 kB
AnonPages:       1143064 kB
Mapped:           820800 kB
Shmem:             21516 kB
KReclaimable:     645204 kB
Slab:             203612 kB
SReclaimable:      65356 kB
SUnreclaim:       138256 kB
KernelStack:       43504 kB
PageTables:        60380 kB
NFS_Unstable:          0 kB
Bounce:                0 kB
WritebackTmp:          0 kB
CommitLimit:     9202296 kB
Committed_AS:   65566540 kB
VmallocTotal:   263061440 kB
VmallocUsed:      100396 kB
VmallocChunk:          0 kB
Percpu:             7584 kB
CmaTotal:         294912 kB
CmaFree:               0 kB
MemTotal:       12113144 kB
MemFree:         7036216 kB
MemAvailable:    8328380 kB
Buffers:            4648 kB
Cached:          1537184 kB
SwapCached:            0 kB
Active:          1310240 kB
Inactive:        1369096 kB
Active(anon):    1144236 kB
Inactive(anon):    19436 kB
Active(file):     166004 kB
Inactive(file):  1349660 kB
Unevictable:        5692 kB
Mlocked:            5692 kB
SwapTotal:       3145724 kB
SwapFree:        3145724 kB
Dirty:               292 kB
Writeback:             0 kB
AnonPages:       1143420 kB
Mapped:           820884 kB
Shmem:             21516 kB
KReclaimable:     645204 kB
Slab:             203604 kB
SReclaimable:      65356 kB
SUnreclaim:       138248 kB
KernelStack:       43488 kB
PageTables:        60496 kB
NFS_Unstable:          0 kB
Bounce:                0 kB
WritebackTmp:          0 kB
CommitLimit:     9202296 kB
Committed_AS:   65571584 kB
VmallocTotal:   263061440 kB
VmallocUsed:      100380 kB
VmallocChunk:          0 kB
Percpu:             7584 kB
CmaTotal:         294912 kB
CmaFree:               0 kB
MemTotal:       12113144 kB
MemFree:         7036192 kB
MemAvailable:    8328356 kB
Buffers:            4648 kB
Cached:          1537184 kB
SwapCached:            0 kB
Active:          1310572 kB
Inactive:        1369096 kB
Active(anon):    1144568 kB
Inactive(anon):    19436 kB
Active(file):     166004 kB
Inactive(file):  1349660 kB
Unevictable:        5692 kB
Mlocked:            5692 kB
SwapTotal:       3145724 kB
SwapFree:        3145724 kB
Dirty:               312 kB
Writeback:             0 kB
AnonPages:       1143848 kB
Mapped:           820884 kB
Shmem:             21516 kB
KReclaimable:     645204 kB
Slab:             203604 kB
SReclaimable:      65356 kB
SUnreclaim:       138248 kB
KernelStack:       43472 kB
PageTables:        60372 kB
NFS_Unstable:          0 kB
Bounce:                0 kB
WritebackTmp:          0 kB
CommitLimit:     9202296 kB
Committed_AS:   65571232 kB
VmallocTotal:   263061440 kB
VmallocUsed:      100396 kB
VmallocChunk:          0 kB
Percpu:             7584 kB
CmaTotal:         294912 kB
CmaFree:              16 kB
MemTotal:       12113144 kB
MemFree:         7036788 kB
MemAvailable:    8328952 kB
Buffers:            4648 kB
Cached:          1537184 kB
SwapCached:            0 kB
Active:          1309816 kB
Inactive:        1369096 kB
Active(anon):    1143812 kB
Inactive(anon):    19436 kB
Active(file):     166004 kB
Inactive(file):  1349660 kB
Unevictable:        5692 kB
Mlocked:            5692 kB
SwapTotal:       3145724 kB
SwapFree:        3145724 kB
Dirty:               312 kB
Writeback:             0 kB
AnonPages:       1143044 kB
Mapped:           820884 kB
Shmem:             21516 kB
KReclaimable:     645204 kB
Slab:             203572 kB
SReclaimable:      65356 kB
SUnreclaim:       138216 kB
KernelStack:       43456 kB
PageTables:        60384 kB
NFS_Unstable:          0 kB
Bounce:                0 kB
WritebackTmp:          0 kB
CommitLimit:     9202296 kB
Committed_AS:   65570940 kB
VmallocTotal:   263061440 kB
VmallocUsed:      100396 kB
VmallocChunk:          0 kB
Percpu:             7584 kB
CmaTotal:         294912 kB
CmaFree:              16 kB
MemTotal:       12113144 kB
MemFree:         7036456 kB
MemAvailable:    8328620 kB
Buffers:            4648 kB
Cached:          1537184 kB
SwapCached:            0 kB
Active:          1310256 kB
Inactive:        1369096 kB
Active(anon):    1144252 kB
Inactive(anon):    19436 kB
Active(file):     166004 kB
Inactive(file):  1349660 kB
Unevictable:        5692 kB
Mlocked:            5692 kB
SwapTotal:       3145724 kB
SwapFree:        3145724 kB
Dirty:               316 kB
Writeback:             0 kB
AnonPages:       1143308 kB
Mapped:           820888 kB
Shmem:             21516 kB
KReclaimable:     645204 kB
Slab:             203588 kB
SReclaimable:      65356 kB
SUnreclaim:       138232 kB
KernelStack:       43472 kB
PageTables:        60392 kB
NFS_Unstable:          0 kB
Bounce:                0 kB
WritebackTmp:          0 kB
CommitLimit:     9202296 kB
Committed_AS:   65570640 kB
VmallocTotal:   263061440 kB
VmallocUsed:      100364 kB
VmallocChunk:          0 kB
Percpu:             7584 kB
CmaTotal:         294912 kB
CmaFree:               0 kB
MemTotal:       12113144 kB
MemFree:         7035764 kB
MemAvailable:    8327928 kB
Buffers:            4648 kB
Cached:          1537184 kB
SwapCached:            0 kB
Active:          1310240 kB
Inactive:        1369096 kB
Active(anon):    1144236 kB
Inactive(anon):    19436 kB
Active(file):     166004 kB
Inactive(file):  1349660 kB
Unevictable:        5692 kB
Mlocked:            5692 kB
SwapTotal:       3145724 kB
SwapFree:        3145724 kB
Dirty:               256 kB
Writeback:             0 kB
AnonPages:       1143364 kB
Mapped:           820624 kB
Shmem:             21516 kB
KReclaimable:     645204 kB
Slab:             203588 kB
SReclaimable:      65356 kB
SUnreclaim:       138232 kB
KernelStack:       43456 kB
PageTables:        60372 kB
NFS_Unstable:          0 kB
Bounce:                0 kB
WritebackTmp:          0 kB
CommitLimit:     9202296 kB
Committed_AS:   65570580 kB
VmallocTotal:   263061440 kB
VmallocUsed:      100412 kB
VmallocChunk:          0 kB
Percpu:             7584 kB
CmaTotal:         294912 kB
CmaFree:               0 kB
MemTotal:       12113144 kB
MemFree:         7035556 kB
MemAvailable:    8327720 kB
Buffers:            4648 kB
Cached:          1537184 kB
SwapCached:            0 kB
Active:          1310916 kB
Inactive:        1369096 kB
Active(anon):    1144912 kB
Inactive(anon):    19436 kB
Active(file):     166004 kB
Inactive(file):  1349660 kB
Unevictable:        5692 kB
Mlocked:            5692 kB
SwapTotal:       3145724 kB
SwapFree:        3145724 kB
Dirty:               256 kB
Writeback:             0 kB
AnonPages:       1144012 kB
Mapped:           820868 kB
Shmem:             21516 kB
KReclaimable:     645204 kB
Slab:             203604 kB
SReclaimable:      65356 kB
SUnreclaim:       138248 kB
KernelStack:       43456 kB
PageTables:        60304 kB
NFS_Unstable:          0 kB
Bounce:                0 kB
WritebackTmp:          0 kB
CommitLimit:     9202296 kB
Committed_AS:   65570496 kB
VmallocTotal:   263061440 kB
VmallocUsed:      100412 kB
VmallocChunk:          0 kB
Percpu:             7584 kB
CmaTotal:         294912 kB
CmaFree:               0 kB
MemTotal:       12113144 kB
MemFree:         7035376 kB
MemAvailable:    8327536 kB
Buffers:            4648 kB
Cached:          1537184 kB
SwapCached:            0 kB
Active:          1311332 kB
Inactive:        1369092 kB
Active(anon):    1145328 kB
Inactive(anon):    19436 kB
Active(file):     166004 kB
Inactive(file):  1349656 kB
Unevictable:        5692 kB
Mlocked:            5692 kB
SwapTotal:       3145724 kB
SwapFree:        3145724 kB
Dirty:               256 kB
Writeback:             0 kB
AnonPages:       1144504 kB
Mapped:           820884 kB
Shmem:             21516 kB
KReclaimable:     645204 kB
Slab:             203588 kB
SReclaimable:      65356 kB
SUnreclaim:       138232 kB
KernelStack:       43472 kB
PageTables:        60508 kB
NFS_Unstable:          0 kB
Bounce:                0 kB
WritebackTmp:          0 kB
CommitLimit:     9202296 kB
Committed_AS:   65555296 kB
VmallocTotal:   263061440 kB
VmallocUsed:      100380 kB
VmallocChunk:          0 kB
Percpu:             7584 kB
CmaTotal:         294912 kB
CmaFree:               0 kB
MemTotal:       12113144 kB
MemFree:         7035016 kB
MemAvailable:    8327188 kB
Buffers:            4648 kB
Cached:          1537192 kB
SwapCached:            0 kB
Active:          1312932 kB
Inactive:        1369104 kB
Active(anon):    1146928 kB
Inactive(anon):    19436 kB
Active(file):     166004 kB
Inactive(file):  1349668 kB
Unevictable:        5692 kB
Mlocked:            5692 kB
SwapTotal:       3145724 kB
SwapFree:        3145724 kB
Dirty:               320 kB
Writeback:             0 kB
AnonPages:       1145952 kB
Mapped:           820624 kB
Shmem:             21516 kB
KReclaimable:     645204 kB
Slab:             203540 kB
SReclaimable:      65356 kB
SUnreclaim:       138184 kB
KernelStack:       43456 kB
PageTables:        60376 kB
NFS_Unstable:          0 kB
Bounce:                0 kB
WritebackTmp:          0 kB
CommitLimit:     9202296 kB
Committed_AS:   65555076 kB
VmallocTotal:   263061440 kB
VmallocUsed:      100412 kB
VmallocChunk:          0 kB
Percpu:             7584 kB
CmaTotal:         294912 kB
CmaFree:               0 kB
MemTotal:       12113144 kB
MemFree:         7033620 kB
MemAvailable:    8325792 kB
Buffers:            4648 kB
Cached:          1537192 kB
SwapCached:            0 kB
Active:          1313240 kB
Inactive:        1369104 kB
Active(anon):    1147236 kB
Inactive(anon):    19436 kB
Active(file):     166004 kB
Inactive(file):  1349668 kB
Unevictable:        5692 kB
Mlocked:            5692 kB
SwapTotal:       3145724 kB
SwapFree:        3145724 kB
Dirty:               320 kB
Writeback:             0 kB
AnonPages:       1146476 kB
Mapped:           820612 kB
Shmem:             21516 kB
KReclaimable:     645204 kB
Slab:             203484 kB
SReclaimable:      65356 kB
SUnreclaim:       138128 kB
KernelStack:       43424 kB
PageTables:        60368 kB
NFS_Unstable:          0 kB
Bounce:                0 kB
WritebackTmp:          0 kB
CommitLimit:     9202296 kB
Committed_AS:   65554856 kB
VmallocTotal:   263061440 kB
VmallocUsed:      100396 kB
VmallocChunk:          0 kB
Percpu:             7584 kB
CmaTotal:         294912 kB
CmaFree:               0 kB
MemTotal:       12113144 kB
MemFree:         7033212 kB
MemAvailable:    8325384 kB
Buffers:            4648 kB
Cached:          1537192 kB
SwapCached:            0 kB
Active:          1313448 kB
Inactive:        1369104 kB
Active(anon):    1147444 kB
Inactive(anon):    19436 kB
Active(file):     166004 kB
Inactive(file):  1349668 kB
Unevictable:        5692 kB
Mlocked:            5692 kB
SwapTotal:       3145724 kB
SwapFree:        3145724 kB
Dirty:               324 kB
Writeback:             0 kB
AnonPages:       1146620 kB
Mapped:           820756 kB
Shmem:             21516 kB
KReclaimable:     645204 kB
Slab:             203588 kB
SReclaimable:      65356 kB
SUnreclaim:       138232 kB
KernelStack:       43488 kB
PageTables:        60412 kB
NFS_Unstable:          0 kB
Bounce:                0 kB
WritebackTmp:          0 kB
CommitLimit:     9202296 kB
Committed_AS:   65554468 kB
VmallocTotal:   263061440 kB
VmallocUsed:      100412 kB
VmallocChunk:          0 kB
Percpu:             7584 kB
CmaTotal:         294912 kB
CmaFree:               0 kB
MemTotal:       12113144 kB
MemFree:         7035692 kB
MemAvailable:    8327864 kB
Buffers:            4648 kB
Cached:          1537192 kB
SwapCached:            0 kB
Active:          1310268 kB
Inactive:        1369104 kB
Active(anon):    1144264 kB
Inactive(anon):    19436 kB
Active(file):     166004 kB
Inactive(file):  1349668 kB
Unevictable:        5692 kB
Mlocked:            5692 kB
SwapTotal:       3145724 kB
SwapFree:        3145724 kB
Dirty:               328 kB
Writeback:             0 kB
AnonPages:       1143036 kB
Mapped:           820624 kB
Shmem:             21516 kB
KReclaimable:     645204 kB
Slab:             203668 kB
SReclaimable:      65356 kB
SUnreclaim:       138312 kB
KernelStack:       43456 kB
PageTables:        60380 kB
NFS_Unstable:          0 kB
Bounce:                0 kB
WritebackTmp:          0 kB
CommitLimit:     9202296 kB
Committed_AS:   65559608 kB
VmallocTotal:   263061440 kB
VmallocUsed:      100412 kB
VmallocChunk:          0 kB
Percpu:             7584 kB
CmaTotal:         294912 kB
CmaFree:               0 kB
MemTotal:       12113144 kB
MemFree:         7036668 kB
MemAvailable:    8328840 kB
Buffers:            4648 kB
Cached:          1537192 kB
SwapCached:            0 kB
Active:          1310800 kB
Inactive:        1369100 kB
Active(anon):    1144792 kB
Inactive(anon):    19436 kB
Active(file):     166008 kB
Inactive(file):  1349664 kB
Unevictable:        5692 kB
Mlocked:            5692 kB
SwapTotal:       3145724 kB
SwapFree:        3145724 kB
Dirty:               344 kB
Writeback:             0 kB
AnonPages:       1143980 kB
Mapped:           820872 kB
Shmem:             21516 kB
KReclaimable:     645204 kB
Slab:             203548 kB
SReclaimable:      65356 kB
SUnreclaim:       138192 kB
KernelStack:       43472 kB
PageTables:        60320 kB
NFS_Unstable:          0 kB
Bounce:                0 kB
WritebackTmp:          0 kB
CommitLimit:     9202296 kB
Committed_AS:   65559704 kB
VmallocTotal:   263061440 kB
VmallocUsed:      100396 kB
