MemTotal:       12113132 kB
MemFree:         6180588 kB
MemAvailable:    7992064 kB
Buffers:            7324 kB
Cached:          1906244 kB
SwapCached:            0 kB
Active:          1481252 kB
Inactive:        1654572 kB
Active(anon):    1228716 kB
Inactive(anon):    27640 kB
Active(file):     252536 kB
Inactive(file):  1626932 kB
Unevictable:        5532 kB
Mlocked:            5532 kB
SwapTotal:       3145724 kB
SwapFree:        3145724 kB
Dirty:               432 kB
Writeback:             0 kB
AnonPages:       1228104 kB
Mapped:           862012 kB
Shmem:             29620 kB
KReclaimable:     800712 kB
Slab:             222064 kB
SReclaimable:      78224 kB
SUnreclaim:       143840 kB
KernelStack:       45904 kB
PageTables:        62884 kB
NFS_Unstable:          0 kB
Bounce:                0 kB
WritebackTmp:          0 kB
CommitLimit:     9202288 kB
Committed_AS:   66047504 kB
VmallocTotal:   263061440 kB
VmallocUsed:      102864 kB
VmallocChunk:          0 kB
Percpu:             7648 kB
CmaTotal:         294912 kB
CmaFree:               0 kB
MemTotal:       12113132 kB
MemFree:         6205680 kB
MemAvailable:    8017252 kB
Buffers:            7332 kB
Cached:          1906332 kB
SwapCached:            0 kB
Active:          1455400 kB
Inactive:        1654632 kB
Active(anon):    1202828 kB
Inactive(anon):    27640 kB
Active(file):     252572 kB
Inactive(file):  1626992 kB
Unevictable:        5532 kB
Mlocked:            5532 kB
SwapTotal:       3145724 kB
SwapFree:        3145724 kB
Dirty:               496 kB
Writeback:             0 kB
AnonPages:       1201732 kB
Mapped:           862012 kB
Shmem:             29620 kB
KReclaimable:     800712 kB
Slab:             222064 kB
SReclaimable:      78224 kB
SUnreclaim:       143840 kB
KernelStack:       45888 kB
PageTables:        62760 kB
NFS_Unstable:          0 kB
Bounce:                0 kB
WritebackTmp:          0 kB
CommitLimit:     9202288 kB
Committed_AS:   66048788 kB
VmallocTotal:   263061440 kB
VmallocUsed:      102880 kB
VmallocChunk:          0 kB
Percpu:             7648 kB
CmaTotal:         294912 kB
CmaFree:               0 kB
MemTotal:       12113132 kB
MemFree:         6205600 kB
MemAvailable:    8017188 kB
Buffers:            7332 kB
Cached:          1906348 kB
SwapCached:            0 kB
Active:          1455404 kB
Inactive:        1654644 kB
Active(anon):    1202828 kB
Inactive(anon):    27640 kB
Active(file):     252576 kB
Inactive(file):  1627004 kB
Unevictable:        5532 kB
Mlocked:            5532 kB
SwapTotal:       3145724 kB
SwapFree:        3145724 kB
Dirty:               508 kB
Writeback:             0 kB
AnonPages:       1201672 kB
Mapped:           862012 kB
Shmem:             29620 kB
KReclaimable:     800712 kB
Slab:             222072 kB
SReclaimable:      78224 kB
SUnreclaim:       143848 kB
KernelStack:       45888 kB
PageTables:        62748 kB
NFS_Unstable:          0 kB
Bounce:                0 kB
WritebackTmp:          0 kB
CommitLimit:     9202288 kB
Committed_AS:   66048100 kB
VmallocTotal:   263061440 kB
VmallocUsed:      102880 kB
VmallocChunk:          0 kB
Percpu:             7648 kB
CmaTotal:         294912 kB
CmaFree:               0 kB
MemTotal:       12113132 kB
MemFree:         6204860 kB
MemAvailable:    8016460 kB
Buffers:            7332 kB
Cached:          1906360 kB
SwapCached:            0 kB
Active:          1456116 kB
Inactive:        1654656 kB
Active(anon):    1203540 kB
Inactive(anon):    27640 kB
Active(file):     252576 kB
Inactive(file):  1627016 kB
Unevictable:        5532 kB
Mlocked:            5532 kB
SwapTotal:       3145724 kB
SwapFree:        3145724 kB
Dirty:               520 kB
Writeback:             0 kB
AnonPages:       1202676 kB
Mapped:           862012 kB
Shmem:             29620 kB
KReclaimable:     800712 kB
Slab:             222064 kB
SReclaimable:      78224 kB
SUnreclaim:       143840 kB
KernelStack:       45888 kB
PageTables:        62760 kB
NFS_Unstable:          0 kB
Bounce:                0 kB
WritebackTmp:          0 kB
CommitLimit:     9202288 kB
Committed_AS:   66047440 kB
VmallocTotal:   263061440 kB
VmallocUsed:      102896 kB
VmallocChunk:          0 kB
Percpu:             7648 kB
CmaTotal:         294912 kB
CmaFree:               0 kB
MemTotal:       12113132 kB
MemFree:         6204700 kB
MemAvailable:    8016324 kB
Buffers:            7332 kB
Cached:          1906384 kB
SwapCached:            0 kB
Active:          1456628 kB
Inactive:        1654680 kB
Active(anon):    1204052 kB
Inactive(anon):    27640 kB
Active(file):     252576 kB
Inactive(file):  1627040 kB
Unevictable:        5532 kB
Mlocked:            5532 kB
SwapTotal:       3145724 kB
SwapFree:        3145724 kB
Dirty:               556 kB
Writeback:             0 kB
AnonPages:       1203348 kB
Mapped:           862012 kB
Shmem:             29620 kB
KReclaimable:     800712 kB
Slab:             222068 kB
SReclaimable:      78224 kB
SUnreclaim:       143844 kB
KernelStack:       45888 kB
PageTables:        62748 kB
NFS_Unstable:          0 kB
Bounce:                0 kB
WritebackTmp:          0 kB
CommitLimit:     9202288 kB
Committed_AS:   66047444 kB
VmallocTotal:   263061440 kB
VmallocUsed:      102896 kB
VmallocChunk:          0 kB
Percpu:             7648 kB
CmaTotal:         294912 kB
CmaFree:               0 kB
MemTotal:       12113132 kB
MemFree:         6204872 kB
MemAvailable:    8016508 kB
Buffers:            7332 kB
Cached:          1906396 kB
SwapCached:            0 kB
Active:          1456596 kB
Inactive:        1654692 kB
Active(anon):    1204020 kB
Inactive(anon):    27640 kB
Active(file):     252576 kB
Inactive(file):  1627052 kB
Unevictable:        5532 kB
Mlocked:            5532 kB
SwapTotal:       3145724 kB
SwapFree:        3145724 kB
Dirty:               568 kB
Writeback:             0 kB
AnonPages:       1203244 kB
Mapped:           862012 kB
Shmem:             29620 kB
KReclaimable:     800712 kB
Slab:             222052 kB
SReclaimable:      78224 kB
SUnreclaim:       143828 kB
KernelStack:       45888 kB
PageTables:        62764 kB
NFS_Unstable:          0 kB
Bounce:                0 kB
WritebackTmp:          0 kB
CommitLimit:     9202288 kB
Committed_AS:   66050720 kB
VmallocTotal:   263061440 kB
VmallocUsed:      102896 kB
VmallocChunk:          0 kB
Percpu:             7648 kB
CmaTotal:         294912 kB
CmaFree:               0 kB
MemTotal:       12113132 kB
MemFree:         6204020 kB
MemAvailable:    8015668 kB
Buffers:            7332 kB
Cached:          1906412 kB
SwapCached:            0 kB
Active:          1457672 kB
Inactive:        1654708 kB
Active(anon):    1205096 kB
Inactive(anon):    27644 kB
Active(file):     252576 kB
Inactive(file):  1627064 kB
Unevictable:        5532 kB
Mlocked:            5532 kB
SwapTotal:       3145724 kB
SwapFree:        3145724 kB
Dirty:               580 kB
Writeback:             0 kB
AnonPages:       1204240 kB
Mapped:           862016 kB
Shmem:             29624 kB
KReclaimable:     800712 kB
Slab:             222060 kB
SReclaimable:      78224 kB
SUnreclaim:       143836 kB
KernelStack:       45888 kB
PageTables:        62748 kB
NFS_Unstable:          0 kB
Bounce:                0 kB
WritebackTmp:          0 kB
CommitLimit:     9202288 kB
Committed_AS:   66052544 kB
VmallocTotal:   263061440 kB
VmallocUsed:      102912 kB
VmallocChunk:          0 kB
Percpu:             7648 kB
CmaTotal:         294912 kB
CmaFree:               0 kB
MemTotal:       12113132 kB
MemFree:         6203048 kB
MemAvailable:    8014708 kB
Buffers:            7332 kB
Cached:          1906424 kB
SwapCached:            0 kB
Active:          1458252 kB
Inactive:        1654720 kB
Active(anon):    1205676 kB
Inactive(anon):    27644 kB
Active(file):     252576 kB
Inactive(file):  1627076 kB
Unevictable:        5532 kB
Mlocked:            5532 kB
SwapTotal:       3145724 kB
SwapFree:        3145724 kB
Dirty:               364 kB
Writeback:             0 kB
AnonPages:       1204524 kB
Mapped:           862016 kB
Shmem:             29624 kB
KReclaimable:     800712 kB
Slab:             222052 kB
SReclaimable:      78224 kB
SUnreclaim:       143828 kB
KernelStack:       45888 kB
PageTables:        62736 kB
NFS_Unstable:          0 kB
Bounce:                0 kB
WritebackTmp:          0 kB
CommitLimit:     9202288 kB
Committed_AS:   66044972 kB
VmallocTotal:   263061440 kB
VmallocUsed:      102912 kB
VmallocChunk:          0 kB
Percpu:             7648 kB
CmaTotal:         294912 kB
CmaFree:               0 kB
MemTotal:       12113132 kB
MemFree:         6180796 kB
MemAvailable:    7992480 kB
Buffers:            7332 kB
Cached:          1906448 kB
SwapCached:            0 kB
Active:          1482492 kB
Inactive:        1654744 kB
Active(anon):    1229916 kB
Inactive(anon):    27644 kB
Active(file):     252576 kB
Inactive(file):  1627100 kB
Unevictable:        5532 kB
Mlocked:            5532 kB
SwapTotal:       3145724 kB
SwapFree:        3145724 kB
Dirty:               340 kB
Writeback:             0 kB
AnonPages:       1228900 kB
Mapped:           862016 kB
Shmem:             29624 kB
KReclaimable:     800712 kB
Slab:             222060 kB
SReclaimable:      78224 kB
SUnreclaim:       143836 kB
KernelStack:       45888 kB
PageTables:        62752 kB
NFS_Unstable:          0 kB
Bounce:                0 kB
WritebackTmp:          0 kB
CommitLimit:     9202288 kB
Committed_AS:   66049152 kB
VmallocTotal:   263061440 kB
VmallocUsed:      102912 kB
VmallocChunk:          0 kB
Percpu:             7648 kB
CmaTotal:         294912 kB
CmaFree:               0 kB
MemTotal:       12113132 kB
MemFree:         6179240 kB
MemAvailable:    7990932 kB
Buffers:            7332 kB
Cached:          1906456 kB
SwapCached:            0 kB
Active:          1482872 kB
Inactive:        1654752 kB
Active(anon):    1230296 kB
Inactive(anon):    27644 kB
Active(file):     252576 kB
Inactive(file):  1627108 kB
Unevictable:        5532 kB
Mlocked:            5532 kB
SwapTotal:       3145724 kB
SwapFree:        3145724 kB
Dirty:               356 kB
Writeback:             0 kB
AnonPages:       1229452 kB
Mapped:           862016 kB
Shmem:             29624 kB
KReclaimable:     800712 kB
Slab:             222068 kB
SReclaimable:      78224 kB
SUnreclaim:       143844 kB
KernelStack:       45920 kB
PageTables:        62748 kB
NFS_Unstable:          0 kB
Bounce:                0 kB
WritebackTmp:          0 kB
CommitLimit:     9202288 kB
Committed_AS:   66048936 kB
VmallocTotal:   263061440 kB
VmallocUsed:      102928 kB
VmallocChunk:          0 kB
Percpu:             7648 kB
CmaTotal:         294912 kB
CmaFree:               0 kB
MemTotal:       12113132 kB
MemFree:         6179264 kB
MemAvailable:    7990980 kB
Buffers:            7332 kB
Cached:          1906480 kB
SwapCached:            0 kB
Active:          1483404 kB
Inactive:        1654776 kB
Active(anon):    1230828 kB
Inactive(anon):    27644 kB
Active(file):     252576 kB
Inactive(file):  1627132 kB
Unevictable:        5532 kB
Mlocked:            5532 kB
SwapTotal:       3145724 kB
SwapFree:        3145724 kB
Dirty:               448 kB
Writeback:             0 kB
AnonPages:       1229700 kB
Mapped:           862016 kB
Shmem:             29624 kB
KReclaimable:     800712 kB
Slab:             222060 kB
SReclaimable:      78224 kB
SUnreclaim:       143836 kB
KernelStack:       45920 kB
PageTables:        62752 kB
NFS_Unstable:          0 kB
Bounce:                0 kB
WritebackTmp:          0 kB
CommitLimit:     9202288 kB
Committed_AS:   66053660 kB
VmallocTotal:   263061440 kB
VmallocUsed:      102912 kB
VmallocChunk:          0 kB
Percpu:             7648 kB
CmaTotal:         294912 kB
CmaFree:               0 kB
MemTotal:       12113132 kB
MemFree:         6179888 kB
MemAvailable:    7991612 kB
Buffers:            7332 kB
Cached:          1906488 kB
SwapCached:            0 kB
Active:          1484068 kB
Inactive:        1654784 kB
Active(anon):    1231492 kB
Inactive(anon):    27644 kB
Active(file):     252576 kB
Inactive(file):  1627140 kB
Unevictable:        5532 kB
Mlocked:            5532 kB
SwapTotal:       3145724 kB
SwapFree:        3145724 kB
Dirty:               504 kB
Writeback:             0 kB
AnonPages:       1230824 kB
Mapped:           862016 kB
Shmem:             29624 kB
KReclaimable:     800712 kB
Slab:             222068 kB
SReclaimable:      78224 kB
SUnreclaim:       143844 kB
KernelStack:       45988 kB
PageTables:        62748 kB
NFS_Unstable:          0 kB
Bounce:                0 kB
WritebackTmp:          0 kB
CommitLimit:     9202288 kB
Committed_AS:   66059736 kB
VmallocTotal:   263061440 kB
VmallocUsed:      103008 kB
VmallocChunk:          0 kB
Percpu:             7648 kB
CmaTotal:         294912 kB
CmaFree:               0 kB
MemTotal:       12113132 kB
MemFree:         6178292 kB
MemAvailable:    7990056 kB
Buffers:            7332 kB
Cached:          1906528 kB
SwapCached:            0 kB
Active:          1484860 kB
Inactive:        1654824 kB
Active(anon):    1232284 kB
Inactive(anon):    27644 kB
Active(file):     252576 kB
Inactive(file):  1627180 kB
Unevictable:        5532 kB
Mlocked:            5532 kB
SwapTotal:       3145724 kB
SwapFree:        3145724 kB
Dirty:               560 kB
Writeback:             0 kB
AnonPages:       1231340 kB
Mapped:           862016 kB
Shmem:             29624 kB
KReclaimable:     800712 kB
Slab:             222068 kB
SReclaimable:      78224 kB
SUnreclaim:       143844 kB
KernelStack:       45984 kB
PageTables:        62752 kB
NFS_Unstable:          0 kB
Bounce:                0 kB
WritebackTmp:          0 kB
CommitLimit:     9202288 kB
Committed_AS:   66057704 kB
VmallocTotal:   263061440 kB
VmallocUsed:      103008 kB
VmallocChunk:          0 kB
Percpu:             7648 kB
CmaTotal:         294912 kB
CmaFree:               0 kB
MemTotal:       12113132 kB
MemFree:         6176656 kB
MemAvailable:    7988432 kB
Buffers:            7332 kB
Cached:          1906540 kB
SwapCached:            0 kB
Active:          1485564 kB
Inactive:        1654836 kB
Active(anon):    1232988 kB
Inactive(anon):    27644 kB
Active(file):     252576 kB
Inactive(file):  1627192 kB
Unevictable:        5532 kB
Mlocked:            5532 kB
SwapTotal:       3145724 kB
SwapFree:        3145724 kB
Dirty:               584 kB
Writeback:             0 kB
AnonPages:       1231996 kB
Mapped:           862016 kB
Shmem:             29624 kB
KReclaimable:     800712 kB
Slab:             222068 kB
SReclaimable:      78224 kB
SUnreclaim:       143844 kB
KernelStack:       45984 kB
PageTables:        62752 kB
NFS_Unstable:          0 kB
Bounce:                0 kB
WritebackTmp:          0 kB
CommitLimit:     9202288 kB
Committed_AS:   66054292 kB
VmallocTotal:   263061440 kB
VmallocUsed:      103040 kB
VmallocChunk:          0 kB
Percpu:             7648 kB
CmaTotal:         294912 kB
CmaFree:               0 kB
MemTotal:       12113132 kB
MemFree:         6172156 kB
MemAvailable:    7983948 kB
Buffers:            7332 kB
Cached:          1906644 kB
SwapCached:            0 kB
Active:          1490672 kB
Inactive:        1654940 kB
Active(anon):    1238096 kB
Inactive(anon):    27732 kB
Active(file):     252576 kB
Inactive(file):  1627208 kB
Unevictable:        5532 kB
Mlocked:            5532 kB
SwapTotal:       3145724 kB
SwapFree:        3145724 kB
Dirty:               672 kB
Writeback:             0 kB
AnonPages:       1236660 kB
Mapped:           862104 kB
Shmem:             29712 kB
KReclaimable:     800712 kB
Slab:             222060 kB
SReclaimable:      78224 kB
SUnreclaim:       143836 kB
KernelStack:       46176 kB
PageTables:        62792 kB
NFS_Unstable:          0 kB
Bounce:                0 kB
WritebackTmp:          0 kB
CommitLimit:     9202288 kB
Committed_AS:   66054244 kB
VmallocTotal:   263061440 kB
VmallocUsed:      103104 kB
VmallocChunk:          0 kB
Percpu:             7648 kB
CmaTotal:         294912 kB
CmaFree:              32 kB
MemTotal:       12113132 kB
MemFree:         6198592 kB
MemAvailable:    8010400 kB
Buffers:            7332 kB
Cached:          1906576 kB
SwapCached:            0 kB
Active:          1461876 kB
Inactive:        1654872 kB
Active(anon):    1209300 kB
Inactive(anon):    27648 kB
Active(file):     252576 kB
Inactive(file):  1627224 kB
Unevictable:        5532 kB
Mlocked:            5532 kB
SwapTotal:       3145724 kB
SwapFree:        3145724 kB
Dirty:               688 kB
Writeback:             0 kB
AnonPages:       1208496 kB
Mapped:           862020 kB
Shmem:             29628 kB
KReclaimable:     800712 kB
Slab:             222068 kB
SReclaimable:      78224 kB
SUnreclaim:       143844 kB
KernelStack:       46128 kB
PageTables:        62760 kB
NFS_Unstable:          0 kB
Bounce:                0 kB
WritebackTmp:          0 kB
CommitLimit:     9202288 kB
Committed_AS:   66054572 kB
VmallocTotal:   263061440 kB
VmallocUsed:      103120 kB
VmallocChunk:          0 kB
Percpu:             7648 kB
CmaTotal:         294912 kB
CmaFree:               0 kB
MemTotal:       12113132 kB
MemFree:         6198272 kB
MemAvailable:    8010100 kB
Buffers:            7332 kB
Cached:          1906604 kB
SwapCached:            0 kB
Active:          1462252 kB
Inactive:        1654900 kB
Active(anon):    1209676 kB
Inactive(anon):    27656 kB
Active(file):     252576 kB
Inactive(file):  1627244 kB
Unevictable:        5532 kB
Mlocked:            5532 kB
SwapTotal:       3145724 kB
SwapFree:        3145724 kB
Dirty:               720 kB
Writeback:             0 kB
AnonPages:       1208944 kB
Mapped:           862028 kB
Shmem:             29636 kB
KReclaimable:     800712 kB
Slab:             222068 kB
SReclaimable:      78224 kB
SUnreclaim:       143844 kB
KernelStack:       46128 kB
PageTables:        62836 kB
NFS_Unstable:          0 kB
Bounce:                0 kB
WritebackTmp:          0 kB
CommitLimit:     9202288 kB
Committed_AS:   66049328 kB
VmallocTotal:   263061440 kB
VmallocUsed:      103120 kB
VmallocChunk:          0 kB
Percpu:             7648 kB
CmaTotal:         294912 kB
CmaFree:             128 kB
MemTotal:       12113132 kB
MemFree:         6199752 kB
MemAvailable:    8011604 kB
Buffers:            7340 kB
Cached:          1906620 kB
SwapCached:            0 kB
Active:          1462696 kB
Inactive:        1654916 kB
Active(anon):    1210112 kB
Inactive(anon):    27656 kB
Active(file):     252584 kB
Inactive(file):  1627260 kB
Unevictable:        5532 kB
Mlocked:            5532 kB
SwapTotal:       3145724 kB
SwapFree:        3145724 kB
Dirty:               216 kB
Writeback:             0 kB
AnonPages:       1209276 kB
Mapped:           862028 kB
Shmem:             29636 kB
KReclaimable:     800712 kB
Slab:             222068 kB
SReclaimable:      78224 kB
SUnreclaim:       143844 kB
KernelStack:       46112 kB
PageTables:        62768 kB
NFS_Unstable:          0 kB
Bounce:                0 kB
WritebackTmp:          0 kB
CommitLimit:     9202288 kB
Committed_AS:   66057120 kB
VmallocTotal:   263061440 kB
VmallocUsed:      103120 kB
VmallocChunk:          0 kB
Percpu:             7648 kB
CmaTotal:         294912 kB
CmaFree:               0 kB
MemTotal:       12113132 kB
MemFree:         6198916 kB
MemAvailable:    8010796 kB
Buffers:            7340 kB
Cached:          1906648 kB
SwapCached:            0 kB
Active:          1463212 kB
Inactive:        1654944 kB
Active(anon):    1210628 kB
Inactive(anon):    27656 kB
Active(file):     252584 kB
Inactive(file):  1627288 kB
Unevictable:        5532 kB
Mlocked:            5532 kB
SwapTotal:       3145724 kB
SwapFree:        3145724 kB
Dirty:               240 kB
Writeback:             0 kB
AnonPages:       1210016 kB
Mapped:           862028 kB
Shmem:             29636 kB
KReclaimable:     800712 kB
Slab:             222052 kB
SReclaimable:      78224 kB
SUnreclaim:       143828 kB
KernelStack:       46112 kB
PageTables:        62756 kB
NFS_Unstable:          0 kB
Bounce:                0 kB
WritebackTmp:          0 kB
CommitLimit:     9202288 kB
Committed_AS:   66053696 kB
VmallocTotal:   263061440 kB
VmallocUsed:      103120 kB
VmallocChunk:          0 kB
Percpu:             7648 kB
CmaTotal:         294912 kB
CmaFree:               0 kB
MemTotal:       12113132 kB
MemFree:         6198120 kB
MemAvailable:    8010016 kB
Buffers:            7340 kB
Cached:          1906664 kB
SwapCached:            0 kB
Active:          1464136 kB
Inactive:        1654960 kB
Active(anon):    1211552 kB
Inactive(anon):    27656 kB
Active(file):     252584 kB
Inactive(file):  1627304 kB
Unevictable:        5532 kB
Mlocked:            5532 kB
SwapTotal:       3145724 kB
SwapFree:        3145724 kB
Dirty:               288 kB
Writeback:             0 kB
AnonPages:       1210656 kB
Mapped:           862028 kB
Shmem:             29636 kB
KReclaimable:     800712 kB
Slab:             222052 kB
SReclaimable:      78224 kB
SUnreclaim:       143828 kB
KernelStack:       46112 kB
PageTables:        62768 kB
NFS_Unstable:          0 kB
Bounce:                0 kB
WritebackTmp:          0 kB
CommitLimit:     9202288 kB
Committed_AS:   66058288 kB
VmallocTotal:   263061440 kB
VmallocUsed:      103152 kB
VmallocChunk:          0 kB
Percpu:             7648 kB
CmaTotal:         294912 kB
CmaFree:               0 kB
MemTotal:       12113132 kB
MemFree:         6197324 kB
MemAvailable:    8009240 kB
Buffers:            7340 kB
Cached:          1906684 kB
SwapCached:            0 kB
Active:          1464600 kB
Inactive:        1654980 kB
Active(anon):    1212016 kB
Inactive(anon):    27656 kB
Active(file):     252584 kB
Inactive(file):  1627324 kB
Unevictable:        5532 kB
Mlocked:            5532 kB
SwapTotal:       3145724 kB
SwapFree:        3145724 kB
Dirty:               308 kB
Writeback:             0 kB
AnonPages:       1211032 kB
Mapped:           862028 kB
Shmem:             29636 kB
KReclaimable:     800712 kB
Slab:             222052 kB
SReclaimable:      78224 kB
SUnreclaim:       143828 kB
KernelStack:       46096 kB
PageTables:        62704 kB
NFS_Unstable:          0 kB
Bounce:                0 kB
WritebackTmp:          0 kB
CommitLimit:     9202288 kB
Committed_AS:   66058176 kB
VmallocTotal:   263061440 kB
VmallocUsed:      103168 kB
VmallocChunk:          0 kB
Percpu:             7648 kB
CmaTotal:         294912 kB
CmaFree:               0 kB
MemTotal:       12113132 kB
MemFree:         6196016 kB
MemAvailable:    8007944 kB
Buffers:            7340 kB
Cached:          1906696 kB
SwapCached:            0 kB
Active:          1465420 kB
Inactive:        1654992 kB
Active(anon):    1212836 kB
Inactive(anon):    27656 kB
Active(file):     252584 kB
Inactive(file):  1627336 kB
Unevictable:        5532 kB
Mlocked:            5532 kB
SwapTotal:       3145724 kB
SwapFree:        3145724 kB
Dirty:               336 kB
Writeback:             0 kB
AnonPages:       1211992 kB
Mapped:           862028 kB
Shmem:             29636 kB
KReclaimable:     800712 kB
Slab:             222052 kB
SReclaimable:      78224 kB
SUnreclaim:       143828 kB
KernelStack:       46096 kB
PageTables:        62712 kB
NFS_Unstable:          0 kB
Bounce:                0 kB
WritebackTmp:          0 kB
CommitLimit:     9202288 kB
Committed_AS:   66058656 kB
VmallocTotal:   263061440 kB
VmallocUsed:      103120 kB
VmallocChunk:          0 kB
Percpu:             7648 kB
CmaTotal:         294912 kB
CmaFree:               0 kB
MemTotal:       12113132 kB
MemFree:         6195792 kB
MemAvailable:    8007740 kB
Buffers:            7340 kB
Cached:          1906716 kB
SwapCached:            0 kB
Active:          1465996 kB
Inactive:        1655012 kB
Active(anon):    1213412 kB
Inactive(anon):    27656 kB
Active(file):     252584 kB
Inactive(file):  1627356 kB
Unevictable:        5532 kB
Mlocked:            5532 kB
SwapTotal:       3145724 kB
SwapFree:        3145724 kB
Dirty:               368 kB
Writeback:             0 kB
AnonPages:       1212440 kB
Mapped:           862028 kB
Shmem:             29636 kB
KReclaimable:     800712 kB
Slab:             222068 kB
SReclaimable:      78224 kB
SUnreclaim:       143844 kB
KernelStack:       46112 kB
PageTables:        62752 kB
NFS_Unstable:          0 kB
Bounce:                0 kB
WritebackTmp:          0 kB
CommitLimit:     9202288 kB
Committed_AS:   66058268 kB
VmallocTotal:   263061440 kB
VmallocUsed:      103136 kB
VmallocChunk:          0 kB
Percpu:             7648 kB
CmaTotal:         294912 kB
CmaFree:               0 kB
MemTotal:       12113132 kB
MemFree:         6195340 kB
MemAvailable:    8007304 kB
Buffers:            7340 kB
Cached:          1906732 kB
SwapCached:            0 kB
Active:          1466564 kB
Inactive:        1655028 kB
Active(anon):    1213980 kB
Inactive(anon):    27656 kB
Active(file):     252584 kB
Inactive(file):  1627372 kB
Unevictable:        5532 kB
Mlocked:            5532 kB
SwapTotal:       3145724 kB
SwapFree:        3145724 kB
Dirty:               400 kB
Writeback:             0 kB
AnonPages:       1212884 kB
Mapped:           862028 kB
Shmem:             29636 kB
KReclaimable:     800712 kB
Slab:             222060 kB
SReclaimable:      78224 kB
SUnreclaim:       143836 kB
KernelStack:       46112 kB
PageTables:        62764 kB
NFS_Unstable:          0 kB
Bounce:                0 kB
WritebackTmp:          0 kB
CommitLimit:     9202288 kB
Committed_AS:   66058100 kB
VmallocTotal:   263061440 kB
VmallocUsed:      103120 kB
VmallocChunk:          0 kB
Percpu:             7648 kB
CmaTotal:         294912 kB
CmaFree:               0 kB
MemTotal:       12113132 kB
MemFree:         6195520 kB
MemAvailable:    8007500 kB
Buffers:            7340 kB
Cached:          1906748 kB
SwapCached:            0 kB
Active:          1466956 kB
Inactive:        1655044 kB
Active(anon):    1214372 kB
Inactive(anon):    27656 kB
Active(file):     252584 kB
Inactive(file):  1627388 kB
Unevictable:        5532 kB
Mlocked:            5532 kB
SwapTotal:       3145724 kB
SwapFree:        3145724 kB
Dirty:               416 kB
Writeback:             0 kB
AnonPages:       1213480 kB
Mapped:           862028 kB
Shmem:             29636 kB
KReclaimable:     800712 kB
Slab:             222052 kB
SReclaimable:      78224 kB
SUnreclaim:       143828 kB
KernelStack:       46096 kB
PageTables:        62752 kB
NFS_Unstable:          0 kB
Bounce:                0 kB
WritebackTmp:          0 kB
CommitLimit:     9202288 kB
Committed_AS:   66054076 kB
VmallocTotal:   263061440 kB
VmallocUsed:      103104 kB
VmallocChunk:          0 kB
Percpu:             7648 kB
CmaTotal:         294912 kB
CmaFree:               0 kB
MemTotal:       12113132 kB
MemFree:         6194208 kB
MemAvailable:    8006268 kB
Buffers:            7340 kB
Cached:          1906768 kB
SwapCached:            0 kB
Active:          1467936 kB
Inactive:        1655064 kB
Active(anon):    1215352 kB
Inactive(anon):    27660 kB
Active(file):     252584 kB
Inactive(file):  1627404 kB
Unevictable:        5532 kB
Mlocked:            5532 kB
SwapTotal:       3145724 kB
SwapFree:        3145724 kB
Dirty:               468 kB
Writeback:             0 kB
AnonPages:       1214536 kB
Mapped:           862032 kB
Shmem:             29640 kB
KReclaimable:     800712 kB
Slab:             222052 kB
SReclaimable:      78224 kB
SUnreclaim:       143828 kB
KernelStack:       46112 kB
PageTables:        62768 kB
NFS_Unstable:          0 kB
Bounce:                0 kB
WritebackTmp:          0 kB
CommitLimit:     9202288 kB
Committed_AS:   66053300 kB
VmallocTotal:   263061440 kB
VmallocUsed:      103088 kB
VmallocChunk:          0 kB
Percpu:             7648 kB
CmaTotal:         294912 kB
CmaFree:               0 kB
MemTotal:       12113132 kB
MemFree:         6192720 kB
MemAvailable:    8004724 kB
Buffers:            7340 kB
Cached:          1906776 kB
SwapCached:            0 kB
Active:          1468520 kB
Inactive:        1655072 kB
Active(anon):    1215936 kB
Inactive(anon):    27660 kB
Active(file):     252584 kB
Inactive(file):  1627412 kB
Unevictable:        5532 kB
Mlocked:            5532 kB
SwapTotal:       3145724 kB
SwapFree:        3145724 kB
Dirty:               476 kB
Writeback:             0 kB
AnonPages:       1215012 kB
Mapped:           862032 kB
Shmem:             29640 kB
KReclaimable:     800712 kB
Slab:             222060 kB
SReclaimable:      78224 kB
SUnreclaim:       143836 kB
KernelStack:       46096 kB
PageTables:        62752 kB
NFS_Unstable:          0 kB
Bounce:                0 kB
WritebackTmp:          0 kB
CommitLimit:     9202288 kB
Committed_AS:   66049212 kB
VmallocTotal:   263061440 kB
VmallocUsed:      103104 kB
VmallocChunk:          0 kB
Percpu:             7648 kB
CmaTotal:         294912 kB
CmaFree:               0 kB
MemTotal:       12113132 kB
MemFree:         6193156 kB
MemAvailable:    8005196 kB
Buffers:            7340 kB
Cached:          1906812 kB
SwapCached:            0 kB
Active:          1469272 kB
Inactive:        1655108 kB
Active(anon):    1216688 kB
Inactive(anon):    27660 kB
Active(file):     252584 kB
Inactive(file):  1627448 kB
Unevictable:        5532 kB
Mlocked:            5532 kB
SwapTotal:       3145724 kB
SwapFree:        3145724 kB
Dirty:               532 kB
Writeback:             0 kB
AnonPages:       1215904 kB
Mapped:           862032 kB
Shmem:             29640 kB
KReclaimable:     800712 kB
Slab:             222052 kB
SReclaimable:      78224 kB
SUnreclaim:       143828 kB
KernelStack:       46208 kB
PageTables:        62764 kB
NFS_Unstable:          0 kB
Bounce:                0 kB
WritebackTmp:          0 kB
CommitLimit:     9202288 kB
Committed_AS:   66049748 kB
VmallocTotal:   263061440 kB
VmallocUsed:      103216 kB
VmallocChunk:          0 kB
Percpu:             7648 kB
CmaTotal:         294912 kB
CmaFree:               0 kB
MemTotal:       12113132 kB
MemFree:         6192320 kB
MemAvailable:    8004376 kB
Buffers:            7340 kB
Cached:          1906828 kB
SwapCached:            0 kB
Active:          1469908 kB
Inactive:        1655124 kB
Active(anon):    1217324 kB
Inactive(anon):    27660 kB
Active(file):     252584 kB
Inactive(file):  1627464 kB
Unevictable:        5532 kB
Mlocked:            5532 kB
SwapTotal:       3145724 kB
SwapFree:        3145724 kB
Dirty:               560 kB
Writeback:             0 kB
AnonPages:       1216452 kB
Mapped:           862032 kB
Shmem:             29640 kB
KReclaimable:     800712 kB
Slab:             222060 kB
SReclaimable:      78224 kB
SUnreclaim:       143836 kB
KernelStack:       46224 kB
PageTables:        62752 kB
NFS_Unstable:          0 kB
Bounce:                0 kB
WritebackTmp:          0 kB
CommitLimit:     9202288 kB
Committed_AS:   66049484 kB
VmallocTotal:   263061440 kB
VmallocUsed:      103232 kB
VmallocChunk:          0 kB
Percpu:             7648 kB
CmaTotal:         294912 kB
CmaFree:               0 kB
MemTotal:       12113132 kB
MemFree:         6190932 kB
MemAvailable:    8003004 kB
Buffers:            7340 kB
Cached:          1906844 kB
SwapCached:            0 kB
Active:          1470268 kB
Inactive:        1655140 kB
Active(anon):    1217684 kB
Inactive(anon):    27660 kB
Active(file):     252584 kB
Inactive(file):  1627480 kB
Unevictable:        5532 kB
Mlocked:            5532 kB
SwapTotal:       3145724 kB
SwapFree:        3145724 kB
Dirty:               580 kB
Writeback:             0 kB
AnonPages:       1216920 kB
Mapped:           862032 kB
Shmem:             29640 kB
KReclaimable:     800712 kB
Slab:             222060 kB
SReclaimable:      78224 kB
SUnreclaim:       143836 kB
KernelStack:       46224 kB
PageTables:        62764 kB
NFS_Unstable:          0 kB
Bounce:                0 kB
WritebackTmp:          0 kB
CommitLimit:     9202288 kB
Committed_AS:   66049008 kB
VmallocTotal:   263061440 kB
VmallocUsed:      103264 kB
VmallocChunk:          0 kB
Percpu:             7648 kB
CmaTotal:         294912 kB
CmaFree:               0 kB
MemTotal:       12113132 kB
MemFree:         6190416 kB
MemAvailable:    8002500 kB
Buffers:            7340 kB
Cached:          1906856 kB
SwapCached:            0 kB
Active:          1470560 kB
Inactive:        1655152 kB
Active(anon):    1217976 kB
Inactive(anon):    27660 kB
Active(file):     252584 kB
Inactive(file):  1627492 kB
Unevictable:        5532 kB
Mlocked:            5532 kB
SwapTotal:       3145724 kB
SwapFree:        3145724 kB
Dirty:               592 kB
Writeback:             0 kB
AnonPages:       1217384 kB
Mapped:           862032 kB
Shmem:             29640 kB
KReclaimable:     800712 kB
Slab:             222068 kB
SReclaimable:      78224 kB
SUnreclaim:       143844 kB
KernelStack:       46224 kB
PageTables:        62760 kB
NFS_Unstable:          0 kB
Bounce:                0 kB
WritebackTmp:          0 kB
CommitLimit:     9202288 kB
Committed_AS:   66048708 kB
VmallocTotal:   263061440 kB
VmallocUsed:      103264 kB
VmallocChunk:          0 kB
Percpu:             7648 kB
CmaTotal:         294912 kB
CmaFree:             124 kB
MemTotal:       12113132 kB
MemFree:         6189860 kB
MemAvailable:    8001968 kB
Buffers:            7340 kB
Cached:          1906880 kB
SwapCached:            0 kB
Active:          1471512 kB
Inactive:        1655176 kB
Active(anon):    1218928 kB
Inactive(anon):    27660 kB
Active(file):     252584 kB
Inactive(file):  1627516 kB
Unevictable:        5532 kB
Mlocked:            5532 kB
SwapTotal:       3145724 kB
SwapFree:        3145724 kB
Dirty:               628 kB
Writeback:             0 kB
AnonPages:       1218200 kB
Mapped:           862032 kB
Shmem:             29640 kB
KReclaimable:     800712 kB
Slab:             222052 kB
SReclaimable:      78224 kB
SUnreclaim:       143828 kB
KernelStack:       46224 kB
PageTables:        62760 kB
NFS_Unstable:          0 kB
Bounce:                0 kB
WritebackTmp:          0 kB
CommitLimit:     9202288 kB
Committed_AS:   66049512 kB
VmallocTotal:   263061440 kB
VmallocUsed:      103280 kB
VmallocChunk:          0 kB
Percpu:             7648 kB
CmaTotal:         294912 kB
CmaFree:               0 kB
MemTotal:       12113132 kB
MemFree:         6189668 kB
MemAvailable:    8001788 kB
Buffers:            7340 kB
Cached:          1906892 kB
SwapCached:            0 kB
Active:          1472012 kB
Inactive:        1655188 kB
Active(anon):    1219428 kB
Inactive(anon):    27660 kB
Active(file):     252584 kB
Inactive(file):  1627528 kB
Unevictable:        5532 kB
Mlocked:            5532 kB
SwapTotal:       3145724 kB
SwapFree:        3145724 kB
Dirty:               644 kB
Writeback:             0 kB
AnonPages:       1218540 kB
Mapped:           862032 kB
Shmem:             29640 kB
KReclaimable:     800712 kB
Slab:             222052 kB
SReclaimable:      78224 kB
SUnreclaim:       143828 kB
KernelStack:       46224 kB
PageTables:        62752 kB
NFS_Unstable:          0 kB
Bounce:                0 kB
WritebackTmp:          0 kB
CommitLimit:     9202288 kB
Committed_AS:   66049204 kB
VmallocTotal:   263061440 kB
VmallocUsed:      103264 kB
VmallocChunk:          0 kB
Percpu:             7648 kB
CmaTotal:         294912 kB
CmaFree:               4 kB
MemTotal:       12113132 kB
MemFree:         6176800 kB
MemAvailable:    7988964 kB
Buffers:            7344 kB
Cached:          1906932 kB
SwapCached:            0 kB
Active:          1485208 kB
Inactive:        1655228 kB
Active(anon):    1232620 kB
Inactive(anon):    27660 kB
Active(file):     252588 kB
Inactive(file):  1627568 kB
Unevictable:        5532 kB
Mlocked:            5532 kB
SwapTotal:       3145724 kB
SwapFree:        3145724 kB
Dirty:               272 kB
Writeback:             0 kB
AnonPages:       1232136 kB
Mapped:           862032 kB
Shmem:             29640 kB
KReclaimable:     800712 kB
Slab:             222068 kB
SReclaimable:      78224 kB
SUnreclaim:       143844 kB
KernelStack:       46208 kB
PageTables:        62716 kB
NFS_Unstable:          0 kB
Bounce:                0 kB
WritebackTmp:          0 kB
CommitLimit:     9202288 kB
Committed_AS:   66049996 kB
VmallocTotal:   263061440 kB
VmallocUsed:      103232 kB
VmallocChunk:          0 kB
Percpu:             7648 kB
CmaTotal:         294912 kB
CmaFree:              16 kB
MemTotal:       12113132 kB
MemFree:         6170824 kB
MemAvailable:    7983008 kB
Buffers:            7344 kB
Cached:          1906952 kB
SwapCached:            0 kB
Active:          1491716 kB
Inactive:        1655248 kB
Active(anon):    1239128 kB
Inactive(anon):    27660 kB
Active(file):     252588 kB
Inactive(file):  1627588 kB
Unevictable:        5532 kB
Mlocked:            5532 kB
SwapTotal:       3145724 kB
SwapFree:        3145724 kB
Dirty:               352 kB
Writeback:             0 kB
AnonPages:       1238420 kB
Mapped:           862032 kB
Shmem:             29640 kB
KReclaimable:     800712 kB
Slab:             222068 kB
SReclaimable:      78224 kB
SUnreclaim:       143844 kB
KernelStack:       46224 kB
PageTables:        62764 kB
NFS_Unstable:          0 kB
Bounce:                0 kB
WritebackTmp:          0 kB
CommitLimit:     9202288 kB
Committed_AS:   66058884 kB
VmallocTotal:   263061440 kB
VmallocUsed:      103232 kB
VmallocChunk:          0 kB
Percpu:             7648 kB
CmaTotal:         294912 kB
CmaFree:               0 kB
MemTotal:       12113132 kB
MemFree:         6170228 kB
MemAvailable:    7982400 kB
Buffers:            7344 kB
Cached:          1906940 kB
SwapCached:            0 kB
Active:          1491988 kB
Inactive:        1655240 kB
Active(anon):    1239404 kB
Inactive(anon):    27660 kB
Active(file):     252584 kB
Inactive(file):  1627580 kB
Unevictable:        5532 kB
Mlocked:            5532 kB
SwapTotal:       3145724 kB
SwapFree:        3145724 kB
Dirty:               368 kB
Writeback:             0 kB
AnonPages:       1238316 kB
Mapped:           862032 kB
Shmem:             29640 kB
KReclaimable:     800712 kB
Slab:             221996 kB
SReclaimable:      78224 kB
SUnreclaim:       143772 kB
KernelStack:       46224 kB
PageTables:        62760 kB
NFS_Unstable:          0 kB
Bounce:                0 kB
WritebackTmp:          0 kB
CommitLimit:     9202288 kB
Committed_AS:   66061268 kB
VmallocTotal:   263061440 kB
VmallocUsed:      103248 kB
VmallocChunk:          0 kB
Percpu:             7648 kB
CmaTotal:         294912 kB
CmaFree:               0 kB
MemTotal:       12113132 kB
MemFree:         6156576 kB
MemAvailable:    7968788 kB
Buffers:            7344 kB
Cached:          1906980 kB
SwapCached:            0 kB
Active:          1508096 kB
Inactive:        1655276 kB
Active(anon):    1255508 kB
Inactive(anon):    27660 kB
Active(file):     252588 kB
Inactive(file):  1627616 kB
Unevictable:        5532 kB
Mlocked:            5532 kB
SwapTotal:       3145724 kB
SwapFree:        3145724 kB
Dirty:               380 kB
Writeback:             0 kB
AnonPages:       1248236 kB
Mapped:           862032 kB
Shmem:             29640 kB
KReclaimable:     800712 kB
Slab:             222068 kB
SReclaimable:      78224 kB
SUnreclaim:       143844 kB
KernelStack:       46224 kB
PageTables:        62760 kB
NFS_Unstable:          0 kB
Bounce:                0 kB
WritebackTmp:          0 kB
CommitLimit:     9202288 kB
Committed_AS:   66053320 kB
VmallocTotal:   263061440 kB
VmallocUsed:      103232 kB
VmallocChunk:          0 kB
Percpu:             7648 kB
CmaTotal:         294912 kB
CmaFree:             128 kB
MemTotal:       12113132 kB
MemFree:         6168764 kB
MemAvailable:    7980996 kB
Buffers:            7344 kB
Cached:          1907000 kB
SwapCached:            0 kB
Active:          1492588 kB
Inactive:        1655296 kB
Active(anon):    1240000 kB
Inactive(anon):    27660 kB
Active(file):     252588 kB
Inactive(file):  1627636 kB
Unevictable:        5532 kB
Mlocked:            5532 kB
SwapTotal:       3145724 kB
SwapFree:        3145724 kB
Dirty:               364 kB
Writeback:             0 kB
AnonPages:       1239008 kB
Mapped:           862032 kB
Shmem:             29640 kB
KReclaimable:     800712 kB
Slab:             222052 kB
SReclaimable:      78224 kB
SUnreclaim:       143828 kB
KernelStack:       46208 kB
PageTables:        62712 kB
NFS_Unstable:          0 kB
Bounce:                0 kB
WritebackTmp:          0 kB
CommitLimit:     9202288 kB
Committed_AS:   66055376 kB
VmallocTotal:   263061440 kB
VmallocUsed:      103232 kB
VmallocChunk:          0 kB
Percpu:             7648 kB
CmaTotal:         294912 kB
CmaFree:               0 kB
MemTotal:       12113132 kB
MemFree:         6169164 kB
MemAvailable:    7981408 kB
Buffers:            7344 kB
Cached:          1907012 kB
SwapCached:            0 kB
Active:          1492784 kB
Inactive:        1655308 kB
Active(anon):    1240196 kB
Inactive(anon):    27660 kB
Active(file):     252588 kB
Inactive(file):  1627648 kB
Unevictable:        5532 kB
Mlocked:            5532 kB
SwapTotal:       3145724 kB
SwapFree:        3145724 kB
Dirty:               388 kB
Writeback:             0 kB
AnonPages:       1239284 kB
Mapped:           861952 kB
Shmem:             29640 kB
KReclaimable:     800712 kB
Slab:             222060 kB
SReclaimable:      78224 kB
SUnreclaim:       143836 kB
KernelStack:       46208 kB
PageTables:        62724 kB
NFS_Unstable:          0 kB
Bounce:                0 kB
WritebackTmp:          0 kB
CommitLimit:     9202288 kB
Committed_AS:   66058832 kB
VmallocTotal:   263061440 kB
VmallocUsed:      103232 kB
VmallocChunk:          0 kB
Percpu:             7648 kB
CmaTotal:         294912 kB
CmaFree:               0 kB
MemTotal:       12113132 kB
MemFree:         6167572 kB
MemAvailable:    7979836 kB
Buffers:            7344 kB
Cached:          1907032 kB
SwapCached:            0 kB
Active:          1493448 kB
Inactive:        1655328 kB
Active(anon):    1240860 kB
Inactive(anon):    27660 kB
Active(file):     252588 kB
Inactive(file):  1627668 kB
Unevictable:        5532 kB
Mlocked:            5532 kB
SwapTotal:       3145724 kB
SwapFree:        3145724 kB
Dirty:               412 kB
Writeback:             0 kB
AnonPages:       1240068 kB
Mapped:           862032 kB
Shmem:             29640 kB
KReclaimable:     800712 kB
Slab:             222068 kB
SReclaimable:      78224 kB
SUnreclaim:       143844 kB
KernelStack:       46208 kB
PageTables:        62712 kB
NFS_Unstable:          0 kB
Bounce:                0 kB
WritebackTmp:          0 kB
CommitLimit:     9202288 kB
Committed_AS:   66061216 kB
VmallocTotal:   263061440 kB
VmallocUsed:      103200 kB
VmallocChunk:          0 kB
Percpu:             7648 kB
CmaTotal:         294912 kB
CmaFree:               0 kB
MemTotal:       12113132 kB
MemFree:         6167392 kB
MemAvailable:    7979664 kB
Buffers:            7344 kB
Cached:          1907040 kB
SwapCached:            0 kB
Active:          1494432 kB
Inactive:        1655336 kB
Active(anon):    1241844 kB
Inactive(anon):    27660 kB
Active(file):     252588 kB
Inactive(file):  1627676 kB
Unevictable:        5532 kB
Mlocked:            5532 kB
SwapTotal:       3145724 kB
SwapFree:        3145724 kB
Dirty:               476 kB
Writeback:             0 kB
AnonPages:       1241072 kB
Mapped:           862032 kB
Shmem:             29640 kB
KReclaimable:     800712 kB
Slab:             222060 kB
SReclaimable:      78224 kB
SUnreclaim:       143836 kB
KernelStack:       46208 kB
PageTables:        62764 kB
NFS_Unstable:          0 kB
Bounce:                0 kB
WritebackTmp:          0 kB
CommitLimit:     9202288 kB
Committed_AS:   66052316 kB
VmallocTotal:   263061440 kB
VmallocUsed:      103200 kB
VmallocChunk:          0 kB
Percpu:             7648 kB
CmaTotal:         294912 kB
CmaFree:               0 kB
MemTotal:       12113132 kB
MemFree:         6177540 kB
MemAvailable:    7989832 kB
Buffers:            7344 kB
Cached:          1907060 kB
SwapCached:            0 kB
Active:          1482380 kB
Inactive:        1655356 kB
Active(anon):    1229792 kB
Inactive(anon):    27660 kB
Active(file):     252588 kB
Inactive(file):  1627696 kB
Unevictable:        5532 kB
Mlocked:            5532 kB
SwapTotal:       3145724 kB
SwapFree:        3145724 kB
Dirty:               496 kB
Writeback:             0 kB
AnonPages:       1228636 kB
Mapped:           862032 kB
Shmem:             29640 kB
KReclaimable:     800712 kB
Slab:             222060 kB
SReclaimable:      78224 kB
SUnreclaim:       143836 kB
KernelStack:       46224 kB
PageTables:        62752 kB
NFS_Unstable:          0 kB
Bounce:                0 kB
WritebackTmp:          0 kB
CommitLimit:     9202288 kB
Committed_AS:   66051920 kB
VmallocTotal:   263061440 kB
VmallocUsed:      103200 kB
VmallocChunk:          0 kB
Percpu:             7648 kB
CmaTotal:         294912 kB
CmaFree:               0 kB
MemTotal:       12113132 kB
MemFree:         6177020 kB
MemAvailable:    7989328 kB
Buffers:            7344 kB
Cached:          1907076 kB
SwapCached:            0 kB
Active:          1483008 kB
Inactive:        1655376 kB
Active(anon):    1230424 kB
Inactive(anon):    27660 kB
Active(file):     252584 kB
Inactive(file):  1627716 kB
Unevictable:        5532 kB
Mlocked:            5532 kB
SwapTotal:       3145724 kB
SwapFree:        3145724 kB
Dirty:               536 kB
Writeback:             0 kB
AnonPages:       1229332 kB
Mapped:           862032 kB
Shmem:             29640 kB
KReclaimable:     800712 kB
Slab:             222068 kB
SReclaimable:      78224 kB
SUnreclaim:       143844 kB
KernelStack:       46208 kB
PageTables:        62888 kB
NFS_Unstable:          0 kB
Bounce:                0 kB
WritebackTmp:          0 kB
CommitLimit:     9202288 kB
Committed_AS:   66042424 kB
VmallocTotal:   263061440 kB
VmallocUsed:      103184 kB
VmallocChunk:          0 kB
Percpu:             7648 kB
CmaTotal:         294912 kB
CmaFree:             268 kB
MemTotal:       12113132 kB
MemFree:         6178716 kB
MemAvailable:    7991056 kB
Buffers:            7344 kB
Cached:          1907108 kB
SwapCached:            0 kB
Active:          1480860 kB
Inactive:        1655404 kB
Active(anon):    1228272 kB
Inactive(anon):    27660 kB
Active(file):     252588 kB
Inactive(file):  1627744 kB
Unevictable:        5532 kB
Mlocked:            5532 kB
SwapTotal:       3145724 kB
SwapFree:        3145724 kB
Dirty:               580 kB
Writeback:             0 kB
AnonPages:       1227060 kB
Mapped:           862032 kB
Shmem:             29640 kB
KReclaimable:     800712 kB
Slab:             222068 kB
SReclaimable:      78224 kB
SUnreclaim:       143844 kB
KernelStack:       46208 kB
PageTables:        62824 kB
NFS_Unstable:          0 kB
Bounce:                0 kB
WritebackTmp:          0 kB
CommitLimit:     9202288 kB
Committed_AS:   66037812 kB
VmallocTotal:   263061440 kB
VmallocUsed:      103152 kB
VmallocChunk:          0 kB
Percpu:             7648 kB
CmaTotal:         294912 kB
CmaFree:             260 kB
MemTotal:       12113132 kB
MemFree:         6204720 kB
MemAvailable:    8017072 kB
Buffers:            7344 kB
Cached:          1907120 kB
SwapCached:            0 kB
Active:          1455148 kB
Inactive:        1655416 kB
Active(anon):    1202560 kB
Inactive(anon):    27660 kB
Active(file):     252588 kB
Inactive(file):  1627756 kB
Unevictable:        5532 kB
Mlocked:            5532 kB
SwapTotal:       3145724 kB
SwapFree:        3145724 kB
Dirty:               596 kB
Writeback:             0 kB
AnonPages:       1201716 kB
Mapped:           862032 kB
Shmem:             29640 kB
KReclaimable:     800712 kB
Slab:             222068 kB
SReclaimable:      78224 kB
SUnreclaim:       143844 kB
KernelStack:       46192 kB
PageTables:        62764 kB
NFS_Unstable:          0 kB
Bounce:                0 kB
WritebackTmp:          0 kB
CommitLimit:     9202288 kB
Committed_AS:   66043032 kB
VmallocTotal:   263061440 kB
VmallocUsed:      103152 kB
VmallocChunk:          0 kB
Percpu:             7648 kB
CmaTotal:         294912 kB
CmaFree:             460 kB
MemTotal:       12113132 kB
MemFree:         6203940 kB
MemAvailable:    8016308 kB
Buffers:            7344 kB
Cached:          1907136 kB
SwapCached:            0 kB
Active:          1455752 kB
Inactive:        1655432 kB
Active(anon):    1203164 kB
Inactive(anon):    27660 kB
Active(file):     252588 kB
Inactive(file):  1627772 kB
Unevictable:        5532 kB
Mlocked:            5532 kB
SwapTotal:       3145724 kB
SwapFree:        3145724 kB
Dirty:               616 kB
Writeback:             0 kB
AnonPages:       1202080 kB
Mapped:           861900 kB
Shmem:             29640 kB
KReclaimable:     800712 kB
Slab:             222052 kB
SReclaimable:      78224 kB
SUnreclaim:       143828 kB
KernelStack:       46176 kB
PageTables:        62716 kB
NFS_Unstable:          0 kB
Bounce:                0 kB
WritebackTmp:          0 kB
CommitLimit:     9202288 kB
Committed_AS:   66042508 kB
VmallocTotal:   263061440 kB
VmallocUsed:      103152 kB
VmallocChunk:          0 kB
Percpu:             7648 kB
CmaTotal:         294912 kB
CmaFree:              52 kB
MemTotal:       12113132 kB
MemFree:         6203456 kB
MemAvailable:    8015840 kB
Buffers:            7344 kB
Cached:          1907152 kB
SwapCached:            0 kB
Active:          1456776 kB
Inactive:        1655448 kB
Active(anon):    1204188 kB
Inactive(anon):    27660 kB
Active(file):     252588 kB
Inactive(file):  1627788 kB
Unevictable:        5532 kB
Mlocked:            5532 kB
SwapTotal:       3145724 kB
SwapFree:        3145724 kB
Dirty:               648 kB
Writeback:             0 kB
AnonPages:       1203284 kB
Mapped:           862032 kB
Shmem:             29640 kB
KReclaimable:     800712 kB
Slab:             222052 kB
SReclaimable:      78224 kB
SUnreclaim:       143828 kB
KernelStack:       46192 kB
PageTables:        62756 kB
NFS_Unstable:          0 kB
Bounce:                0 kB
WritebackTmp:          0 kB
CommitLimit:     9202288 kB
Committed_AS:   66042112 kB
VmallocTotal:   263061440 kB
VmallocUsed:      103184 kB
VmallocChunk:          0 kB
Percpu:             7648 kB
CmaTotal:         294912 kB
CmaFree:               0 kB
MemTotal:       12113132 kB
MemFree:         6202620 kB
MemAvailable:    8015020 kB
Buffers:            7348 kB
Cached:          1907164 kB
SwapCached:            0 kB
Active:          1457448 kB
Inactive:        1655464 kB
Active(anon):    1204860 kB
Inactive(anon):    27660 kB
Active(file):     252588 kB
Inactive(file):  1627804 kB
Unevictable:        5532 kB
Mlocked:            5532 kB
SwapTotal:       3145724 kB
SwapFree:        3145724 kB
Dirty:               668 kB
Writeback:             0 kB
AnonPages:       1204076 kB
Mapped:           862032 kB
Shmem:             29640 kB
KReclaimable:     800712 kB
Slab:             222060 kB
SReclaimable:      78224 kB
SUnreclaim:       143836 kB
KernelStack:       46192 kB
PageTables:        62764 kB
NFS_Unstable:          0 kB
Bounce:                0 kB
WritebackTmp:          0 kB
CommitLimit:     9202288 kB
Committed_AS:   66047624 kB
VmallocTotal:   263061440 kB
VmallocUsed:      103168 kB
VmallocChunk:          0 kB
Percpu:             7648 kB
CmaTotal:         294912 kB
CmaFree:               0 kB
MemTotal:       12113132 kB
MemFree:         6203160 kB
MemAvailable:    8015604 kB
Buffers:            7348 kB
Cached:          1907208 kB
SwapCached:            0 kB
Active:          1457972 kB
Inactive:        1655504 kB
Active(anon):    1205380 kB
Inactive(anon):    27660 kB
Active(file):     252592 kB
Inactive(file):  1627844 kB
Unevictable:        5532 kB
Mlocked:            5532 kB
SwapTotal:       3145724 kB
SwapFree:        3145724 kB
Dirty:               652 kB
Writeback:             0 kB
AnonPages:       1204536 kB
Mapped:           862032 kB
Shmem:             29640 kB
KReclaimable:     800712 kB
Slab:             222068 kB
SReclaimable:      78224 kB
SUnreclaim:       143844 kB
KernelStack:       46192 kB
PageTables:        62756 kB
NFS_Unstable:          0 kB
Bounce:                0 kB
WritebackTmp:          0 kB
CommitLimit:     9202288 kB
Committed_AS:   66047316 kB
VmallocTotal:   263061440 kB
VmallocUsed:      103184 kB
VmallocChunk:          0 kB
Percpu:             7648 kB
CmaTotal:         294912 kB
CmaFree:               0 kB
MemTotal:       12113132 kB
MemFree:         6202812 kB
MemAvailable:    8015268 kB
Buffers:            7348 kB
Cached:          1907220 kB
SwapCached:            0 kB
Active:          1458056 kB
Inactive:        1655516 kB
Active(anon):    1205464 kB
Inactive(anon):    27660 kB
Active(file):     252592 kB
Inactive(file):  1627856 kB
Unevictable:        5532 kB
Mlocked:            5532 kB
SwapTotal:       3145724 kB
SwapFree:        3145724 kB
Dirty:               676 kB
Writeback:             0 kB
AnonPages:       1204628 kB
Mapped:           862032 kB
Shmem:             29640 kB
KReclaimable:     800712 kB
Slab:             222060 kB
SReclaimable:      78224 kB
SUnreclaim:       143836 kB
KernelStack:       46192 kB
PageTables:        62760 kB
NFS_Unstable:          0 kB
Bounce:                0 kB
WritebackTmp:          0 kB
CommitLimit:     9202288 kB
Committed_AS:   66043600 kB
VmallocTotal:   263061440 kB
VmallocUsed:      103200 kB
VmallocChunk:          0 kB
Percpu:             7648 kB
CmaTotal:         294912 kB
CmaFree:               0 kB
MemTotal:       12113132 kB
MemFree:         6202392 kB
MemAvailable:    8014872 kB
Buffers:            7348 kB
Cached:          1907244 kB
SwapCached:            0 kB
Active:          1458264 kB
Inactive:        1655540 kB
Active(anon):    1205672 kB
Inactive(anon):    27660 kB
Active(file):     252592 kB
Inactive(file):  1627880 kB
Unevictable:        5532 kB
Mlocked:            5532 kB
SwapTotal:       3145724 kB
SwapFree:        3145724 kB
Dirty:               704 kB
Writeback:             0 kB
AnonPages:       1204792 kB
Mapped:           862032 kB
Shmem:             29640 kB
KReclaimable:     800712 kB
Slab:             222068 kB
SReclaimable:      78224 kB
SUnreclaim:       143844 kB
KernelStack:       46192 kB
PageTables:        62756 kB
NFS_Unstable:          0 kB
Bounce:                0 kB
WritebackTmp:          0 kB
CommitLimit:     9202288 kB
Committed_AS:   66044388 kB
VmallocTotal:   263061440 kB
VmallocUsed:      103200 kB
VmallocChunk:          0 kB
Percpu:             7648 kB
CmaTotal:         294912 kB
CmaFree:               0 kB
MemTotal:       12113132 kB
MemFree:         6210208 kB
MemAvailable:    8022696 kB
Buffers:            7348 kB
Cached:          1907252 kB
SwapCached:            0 kB
Active:          1449300 kB
Inactive:        1655548 kB
Active(anon):    1196708 kB
Inactive(anon):    27660 kB
Active(file):     252592 kB
Inactive(file):  1627888 kB
Unevictable:        5532 kB
Mlocked:            5532 kB
SwapTotal:       3145724 kB
SwapFree:        3145724 kB
Dirty:               712 kB
Writeback:             0 kB
AnonPages:       1195844 kB
Mapped:           862032 kB
Shmem:             29640 kB
KReclaimable:     800712 kB
Slab:             222068 kB
SReclaimable:      78224 kB
SUnreclaim:       143844 kB
KernelStack:       46176 kB
PageTables:        62712 kB
NFS_Unstable:          0 kB
Bounce:                0 kB
WritebackTmp:          0 kB
CommitLimit:     9202288 kB
Committed_AS:   66039404 kB
VmallocTotal:   263061440 kB
VmallocUsed:      103200 kB
VmallocChunk:          0 kB
Percpu:             7648 kB
CmaTotal:         294912 kB
CmaFree:             156 kB
MemTotal:       12113132 kB
MemFree:         6209736 kB
MemAvailable:    8022236 kB
Buffers:            7348 kB
Cached:          1907264 kB
SwapCached:            0 kB
Active:          1450188 kB
Inactive:        1655560 kB
Active(anon):    1197596 kB
Inactive(anon):    27660 kB
Active(file):     252592 kB
Inactive(file):  1627900 kB
Unevictable:        5532 kB
Mlocked:            5532 kB
SwapTotal:       3145724 kB
SwapFree:        3145724 kB
Dirty:               744 kB
Writeback:             0 kB
AnonPages:       1196592 kB
Mapped:           862032 kB
Shmem:             29640 kB
KReclaimable:     800712 kB
Slab:             222060 kB
SReclaimable:      78224 kB
SUnreclaim:       143836 kB
KernelStack:       46208 kB
PageTables:        62892 kB
NFS_Unstable:          0 kB
Bounce:                0 kB
WritebackTmp:          0 kB
CommitLimit:     9202288 kB
Committed_AS:   66039212 kB
VmallocTotal:   263061440 kB
VmallocUsed:      103200 kB
VmallocChunk:          0 kB
Percpu:             7648 kB
CmaTotal:         294912 kB
CmaFree:               4 kB
MemTotal:       12113132 kB
MemFree:         6208408 kB
MemAvailable:    8020928 kB
Buffers:            7348 kB
Cached:          1907284 kB
SwapCached:            0 kB
Active:          1451112 kB
Inactive:        1655580 kB
Active(anon):    1198520 kB
Inactive(anon):    27660 kB
Active(file):     252592 kB
Inactive(file):  1627920 kB
Unevictable:        5532 kB
Mlocked:            5532 kB
SwapTotal:       3145724 kB
SwapFree:        3145724 kB
Dirty:               768 kB
Writeback:             0 kB
AnonPages:       1197608 kB
Mapped:           862032 kB
Shmem:             29640 kB
KReclaimable:     800712 kB
Slab:             222052 kB
SReclaimable:      78224 kB
SUnreclaim:       143828 kB
KernelStack:       46176 kB
PageTables:        62664 kB
NFS_Unstable:          0 kB
Bounce:                0 kB
WritebackTmp:          0 kB
CommitLimit:     9202288 kB
Committed_AS:   66041184 kB
VmallocTotal:   263061440 kB
VmallocUsed:      103216 kB
VmallocChunk:          0 kB
Percpu:             7648 kB
CmaTotal:         294912 kB
CmaFree:               4 kB
MemTotal:       12113132 kB
MemFree:         6208012 kB
MemAvailable:    8020552 kB
Buffers:            7348 kB
Cached:          1907304 kB
SwapCached:            0 kB
Active:          1451588 kB
Inactive:        1655600 kB
Active(anon):    1198996 kB
Inactive(anon):    27660 kB
Active(file):     252592 kB
Inactive(file):  1627940 kB
Unevictable:        5532 kB
Mlocked:            5532 kB
SwapTotal:       3145724 kB
SwapFree:        3145724 kB
Dirty:               792 kB
Writeback:             0 kB
AnonPages:       1198088 kB
Mapped:           862032 kB
Shmem:             29640 kB
KReclaimable:     800712 kB
Slab:             222060 kB
SReclaimable:      78224 kB
SUnreclaim:       143836 kB
KernelStack:       46192 kB
PageTables:        62760 kB
NFS_Unstable:          0 kB
Bounce:                0 kB
WritebackTmp:          0 kB
CommitLimit:     9202288 kB
Committed_AS:   66044548 kB
VmallocTotal:   263061440 kB
VmallocUsed:      103184 kB
VmallocChunk:          0 kB
Percpu:             7648 kB
CmaTotal:         294912 kB
CmaFree:               0 kB
MemTotal:       12113132 kB
MemFree:         6207068 kB
MemAvailable:    8019628 kB
Buffers:            7348 kB
Cached:          1907324 kB
SwapCached:            0 kB
Active:          1452620 kB
Inactive:        1655616 kB
Active(anon):    1200024 kB
Inactive(anon):    27660 kB
Active(file):     252596 kB
Inactive(file):  1627956 kB
Unevictable:        5532 kB
Mlocked:            5532 kB
SwapTotal:       3145724 kB
SwapFree:        3145724 kB
Dirty:               816 kB
Writeback:             0 kB
AnonPages:       1198900 kB
Mapped:           862068 kB
Shmem:             29640 kB
KReclaimable:     800712 kB
Slab:             222052 kB
SReclaimable:      78224 kB
SUnreclaim:       143828 kB
KernelStack:       46192 kB
PageTables:        62764 kB
NFS_Unstable:          0 kB
Bounce:                0 kB
WritebackTmp:          0 kB
CommitLimit:     9202288 kB
Committed_AS:   66040044 kB
VmallocTotal:   263061440 kB
VmallocUsed:      103200 kB
VmallocChunk:          0 kB
Percpu:             7648 kB
CmaTotal:         294912 kB
CmaFree:               0 kB
MemTotal:       12113132 kB
MemFree:         6206396 kB
MemAvailable:    8018968 kB
Buffers:            7348 kB
Cached:          1907336 kB
SwapCached:            0 kB
Active:          1452940 kB
Inactive:        1655632 kB
Active(anon):    1200348 kB
Inactive(anon):    27660 kB
Active(file):     252592 kB
Inactive(file):  1627972 kB
Unevictable:        5532 kB
Mlocked:            5532 kB
SwapTotal:       3145724 kB
SwapFree:        3145724 kB
Dirty:               840 kB
Writeback:             0 kB
AnonPages:       1199700 kB
Mapped:           862032 kB
Shmem:             29640 kB
KReclaimable:     800712 kB
Slab:             222068 kB
SReclaimable:      78224 kB
SUnreclaim:       143844 kB
KernelStack:       46192 kB
PageTables:        62764 kB
NFS_Unstable:          0 kB
Bounce:                0 kB
WritebackTmp:          0 kB
CommitLimit:     9202288 kB
Committed_AS:   66044460 kB
VmallocTotal:   263061440 kB
VmallocUsed:      103200 kB
VmallocChunk:          0 kB
Percpu:             7648 kB
CmaTotal:         294912 kB
CmaFree:               0 kB
MemTotal:       12113132 kB
MemFree:         6206748 kB
MemAvailable:    8019348 kB
Buffers:            7348 kB
Cached:          1907364 kB
SwapCached:            0 kB
Active:          1453736 kB
Inactive:        1655660 kB
Active(anon):    1201144 kB
Inactive(anon):    27660 kB
Active(file):     252592 kB
Inactive(file):  1628000 kB
Unevictable:        5532 kB
Mlocked:            5532 kB
SwapTotal:       3145724 kB
SwapFree:        3145724 kB
Dirty:               888 kB
Writeback:             0 kB
AnonPages:       1200428 kB
Mapped:           862032 kB
Shmem:             29640 kB
KReclaimable:     800712 kB
Slab:             222068 kB
SReclaimable:      78224 kB
SUnreclaim:       143844 kB
KernelStack:       46192 kB
PageTables:        62756 kB
NFS_Unstable:          0 kB
Bounce:                0 kB
WritebackTmp:          0 kB
CommitLimit:     9202288 kB
Committed_AS:   66049208 kB
VmallocTotal:   263061440 kB
VmallocUsed:      103232 kB
VmallocChunk:          0 kB
Percpu:             7648 kB
CmaTotal:         294912 kB
CmaFree:               0 kB
MemTotal:       12113132 kB
MemFree:         6205364 kB
MemAvailable:    8017984 kB
Buffers:            7348 kB
Cached:          1907384 kB
SwapCached:            0 kB
Active:          1454716 kB
Inactive:        1655680 kB
Active(anon):    1202124 kB
Inactive(anon):    27660 kB
Active(file):     252592 kB
Inactive(file):  1628020 kB
Unevictable:        5532 kB
Mlocked:            5532 kB
SwapTotal:       3145724 kB
SwapFree:        3145724 kB
Dirty:               944 kB
Writeback:             0 kB
AnonPages:       1201368 kB
Mapped:           862092 kB
Shmem:             29640 kB
KReclaimable:     800712 kB
Slab:             222060 kB
SReclaimable:      78224 kB
SUnreclaim:       143836 kB
KernelStack:       46192 kB
PageTables:        62768 kB
NFS_Unstable:          0 kB
Bounce:                0 kB
WritebackTmp:          0 kB
CommitLimit:     9202288 kB
Committed_AS:   66045320 kB
VmallocTotal:   263061440 kB
VmallocUsed:      103232 kB
VmallocChunk:          0 kB
Percpu:             7648 kB
CmaTotal:         294912 kB
CmaFree:               0 kB
MemTotal:       12113132 kB
MemFree:         6203748 kB
MemAvailable:    8016380 kB
Buffers:            7348 kB
Cached:          1907396 kB
SwapCached:            0 kB
Active:          1455392 kB
Inactive:        1655692 kB
Active(anon):    1202800 kB
Inactive(anon):    27660 kB
Active(file):     252592 kB
Inactive(file):  1628032 kB
Unevictable:        5532 kB
Mlocked:            5532 kB
SwapTotal:       3145724 kB
SwapFree:        3145724 kB
Dirty:               960 kB
Writeback:             0 kB
AnonPages:       1201944 kB
Mapped:           862092 kB
Shmem:             29640 kB
KReclaimable:     800712 kB
Slab:             222068 kB
SReclaimable:      78224 kB
SUnreclaim:       143844 kB
KernelStack:       46208 kB
PageTables:        62756 kB
NFS_Unstable:          0 kB
Bounce:                0 kB
WritebackTmp:          0 kB
CommitLimit:     9202288 kB
Committed_AS:   66055164 kB
VmallocTotal:   263061440 kB
VmallocUsed:      103248 kB
VmallocChunk:          0 kB
Percpu:             7648 kB
CmaTotal:         294912 kB
CmaFree:               0 kB
MemTotal:       12113132 kB
MemFree:         6203092 kB
MemAvailable:    8015744 kB
Buffers:            7348 kB
Cached:          1907416 kB
SwapCached:            0 kB
Active:          1456116 kB
Inactive:        1655712 kB
Active(anon):    1203524 kB
Inactive(anon):    27660 kB
Active(file):     252592 kB
Inactive(file):  1628052 kB
Unevictable:        5532 kB
Mlocked:            5532 kB
SwapTotal:       3145724 kB
SwapFree:        3145724 kB
Dirty:              1020 kB
Writeback:             0 kB
AnonPages:       1202524 kB
Mapped:           862092 kB
Shmem:             29640 kB
KReclaimable:     800712 kB
Slab:             222052 kB
SReclaimable:      78224 kB
SUnreclaim:       143828 kB
KernelStack:       46208 kB
PageTables:        62752 kB
NFS_Unstable:          0 kB
Bounce:                0 kB
WritebackTmp:          0 kB
CommitLimit:     9202288 kB
Committed_AS:   66055120 kB
VmallocTotal:   263061440 kB
VmallocUsed:      103216 kB
VmallocChunk:          0 kB
Percpu:             7648 kB
CmaTotal:         294912 kB
CmaFree:               0 kB
MemTotal:       12113132 kB
MemFree:         6202848 kB
MemAvailable:    8015504 kB
Buffers:            7348 kB
Cached:          1907424 kB
SwapCached:            0 kB
Active:          1457256 kB
Inactive:        1655720 kB
Active(anon):    1204668 kB
Inactive(anon):    27660 kB
Active(file):     252588 kB
Inactive(file):  1628060 kB
Unevictable:        5532 kB
Mlocked:            5532 kB
SwapTotal:       3145724 kB
SwapFree:        3145724 kB
Dirty:              1052 kB
Writeback:             0 kB
AnonPages:       1203792 kB
Mapped:           862092 kB
Shmem:             29640 kB
KReclaimable:     800712 kB
Slab:             222068 kB
SReclaimable:      78224 kB
SUnreclaim:       143844 kB
KernelStack:       46176 kB
PageTables:        62748 kB
NFS_Unstable:          0 kB
Bounce:                0 kB
WritebackTmp:          0 kB
CommitLimit:     9202288 kB
Committed_AS:   66054680 kB
VmallocTotal:   263061440 kB
VmallocUsed:      103232 kB
VmallocChunk:          0 kB
Percpu:             7648 kB
CmaTotal:         294912 kB
CmaFree:               0 kB
MemTotal:       12113132 kB
MemFree:         6201632 kB
MemAvailable:    8014316 kB
Buffers:            7348 kB
Cached:          1907448 kB
SwapCached:            0 kB
Active:          1457704 kB
Inactive:        1655744 kB
Active(anon):    1205112 kB
Inactive(anon):    27660 kB
Active(file):     252592 kB
Inactive(file):  1628084 kB
Unevictable:        5532 kB
Mlocked:            5532 kB
SwapTotal:       3145724 kB
SwapFree:        3145724 kB
Dirty:              1076 kB
Writeback:             0 kB
AnonPages:       1204504 kB
Mapped:           862092 kB
Shmem:             29640 kB
KReclaimable:     800712 kB
Slab:             222052 kB
SReclaimable:      78224 kB
SUnreclaim:       143828 kB
KernelStack:       46208 kB
PageTables:        62736 kB
NFS_Unstable:          0 kB
Bounce:                0 kB
WritebackTmp:          0 kB
CommitLimit:     9202288 kB
Committed_AS:   66049992 kB
VmallocTotal:   263061440 kB
VmallocUsed:      103184 kB
VmallocChunk:          0 kB
Percpu:             7648 kB
CmaTotal:         294912 kB
CmaFree:               0 kB
MemTotal:       12113132 kB
MemFree:         6201436 kB
MemAvailable:    8014156 kB
Buffers:            7352 kB
Cached:          1907480 kB
SwapCached:            0 kB
Active:          1458192 kB
Inactive:        1655772 kB
Active(anon):    1205592 kB
Inactive(anon):    27660 kB
Active(file):     252600 kB
Inactive(file):  1628112 kB
Unevictable:        5532 kB
Mlocked:            5532 kB
SwapTotal:       3145724 kB
SwapFree:        3145724 kB
Dirty:               676 kB
Writeback:             0 kB
AnonPages:       1204696 kB
Mapped:           862092 kB
Shmem:             29640 kB
KReclaimable:     800712 kB
Slab:             222068 kB
SReclaimable:      78224 kB
SUnreclaim:       143844 kB
KernelStack:       46192 kB
PageTables:        62752 kB
NFS_Unstable:          0 kB
Bounce:                0 kB
WritebackTmp:          0 kB
CommitLimit:     9202288 kB
Committed_AS:   66050212 kB
VmallocTotal:   263061440 kB
VmallocUsed:      103152 kB
VmallocChunk:          0 kB
Percpu:             7648 kB
CmaTotal:         294912 kB
CmaFree:               0 kB
MemTotal:       12113132 kB
MemFree:         6201100 kB
MemAvailable:    8013868 kB
Buffers:            7352 kB
Cached:          1907528 kB
SwapCached:            0 kB
Active:          1460552 kB
Inactive:        1655796 kB
Active(anon):    1207928 kB
Inactive(anon):    27660 kB
Active(file):     252624 kB
Inactive(file):  1628136 kB
Unevictable:        5532 kB
Mlocked:            5532 kB
SwapTotal:       3145724 kB
SwapFree:        3145724 kB
Dirty:               796 kB
Writeback:             0 kB
AnonPages:       1207096 kB
Mapped:           862096 kB
Shmem:             29640 kB
KReclaimable:     800712 kB
Slab:             222060 kB
SReclaimable:      78224 kB
SUnreclaim:       143836 kB
KernelStack:       46192 kB
PageTables:        62692 kB
NFS_Unstable:          0 kB
Bounce:                0 kB
WritebackTmp:          0 kB
CommitLimit:     9202288 kB
Committed_AS:   66049300 kB
VmallocTotal:   263061440 kB
VmallocUsed:      103136 kB
VmallocChunk:          0 kB
Percpu:             7648 kB
CmaTotal:         294912 kB
CmaFree:               0 kB
MemTotal:       12113132 kB
MemFree:         6209956 kB
MemAvailable:    8022736 kB
Buffers:            7352 kB
Cached:          1907540 kB
SwapCached:            0 kB
Active:          1449276 kB
Inactive:        1655808 kB
Active(anon):    1196652 kB
Inactive(anon):    27660 kB
Active(file):     252624 kB
Inactive(file):  1628148 kB
Unevictable:        5532 kB
Mlocked:            5532 kB
SwapTotal:       3145724 kB
SwapFree:        3145724 kB
Dirty:               808 kB
Writeback:             0 kB
AnonPages:       1195924 kB
Mapped:           862096 kB
Shmem:             29640 kB
KReclaimable:     800712 kB
Slab:             222052 kB
SReclaimable:      78224 kB
SUnreclaim:       143828 kB
KernelStack:       46192 kB
PageTables:        62756 kB
NFS_Unstable:          0 kB
Bounce:                0 kB
WritebackTmp:          0 kB
CommitLimit:     9202288 kB
Committed_AS:   66050404 kB
VmallocTotal:   263061440 kB
VmallocUsed:      103216 kB
VmallocChunk:          0 kB
Percpu:             7648 kB
CmaTotal:         294912 kB
CmaFree:               0 kB
MemTotal:       12113132 kB
MemFree:         6204208 kB
MemAvailable:    8017004 kB
Buffers:            7352 kB
Cached:          1907556 kB
SwapCached:            0 kB
Active:          1456460 kB
Inactive:        1655824 kB
Active(anon):    1203836 kB
Inactive(anon):    27660 kB
Active(file):     252624 kB
Inactive(file):  1628164 kB
Unevictable:        5532 kB
Mlocked:            5532 kB
SwapTotal:       3145724 kB
SwapFree:        3145724 kB
Dirty:               828 kB
Writeback:             0 kB
AnonPages:       1203036 kB
Mapped:           862096 kB
Shmem:             29640 kB
KReclaimable:     800712 kB
Slab:             222056 kB
SReclaimable:      78224 kB
SUnreclaim:       143832 kB
KernelStack:       46192 kB
PageTables:        62748 kB
NFS_Unstable:          0 kB
Bounce:                0 kB
WritebackTmp:          0 kB
CommitLimit:     9202288 kB
Committed_AS:   66050096 kB
VmallocTotal:   263061440 kB
VmallocUsed:      103216 kB
VmallocChunk:          0 kB
Percpu:             7648 kB
CmaTotal:         294912 kB
CmaFree:             232 kB
MemTotal:       12113132 kB
MemFree:         6187140 kB
MemAvailable:    7999948 kB
Buffers:            7352 kB
Cached:          1907568 kB
SwapCached:            0 kB
Active:          1474260 kB
Inactive:        1655836 kB
Active(anon):    1221636 kB
Inactive(anon):    27660 kB
Active(file):     252624 kB
Inactive(file):  1628176 kB
Unevictable:        5532 kB
Mlocked:            5532 kB
SwapTotal:       3145724 kB
SwapFree:        3145724 kB
Dirty:               852 kB
Writeback:             0 kB
AnonPages:       1220760 kB
Mapped:           862224 kB
Shmem:             29640 kB
KReclaimable:     800712 kB
Slab:             222080 kB
SReclaimable:      78224 kB
SUnreclaim:       143856 kB
KernelStack:       46260 kB
PageTables:        62704 kB
NFS_Unstable:          0 kB
Bounce:                0 kB
WritebackTmp:          0 kB
CommitLimit:     9202288 kB
Committed_AS:   66050556 kB
VmallocTotal:   263061440 kB
VmallocUsed:      103200 kB
VmallocChunk:          0 kB
Percpu:             7648 kB
CmaTotal:         294912 kB
CmaFree:               0 kB
MemTotal:       12113132 kB
MemFree:         6187584 kB
MemAvailable:    8000412 kB
Buffers:            7352 kB
Cached:          1907588 kB
SwapCached:            0 kB
Active:          1474860 kB
Inactive:        1655856 kB
Active(anon):    1222236 kB
Inactive(anon):    27660 kB
Active(file):     252624 kB
Inactive(file):  1628196 kB
Unevictable:        5532 kB
Mlocked:            5532 kB
SwapTotal:       3145724 kB
SwapFree:        3145724 kB
Dirty:               344 kB
Writeback:             0 kB
AnonPages:       1221040 kB
Mapped:           862096 kB
Shmem:             29640 kB
KReclaimable:     800712 kB
Slab:             222076 kB
SReclaimable:      78224 kB
SUnreclaim:       143852 kB
KernelStack:       46192 kB
PageTables:        62752 kB
NFS_Unstable:          0 kB
Bounce:                0 kB
WritebackTmp:          0 kB
CommitLimit:     9202288 kB
Committed_AS:   66055008 kB
VmallocTotal:   263061440 kB
VmallocUsed:      103152 kB
VmallocChunk:          0 kB
Percpu:             7648 kB
CmaTotal:         294912 kB
CmaFree:               8 kB
MemTotal:       12113132 kB
MemFree:         6185524 kB
MemAvailable:    7998400 kB
Buffers:            7352 kB
Cached:          1907636 kB
SwapCached:            0 kB
Active:          1474960 kB
Inactive:        1655900 kB
Active(anon):    1222332 kB
Inactive(anon):    27660 kB
Active(file):     252628 kB
Inactive(file):  1628240 kB
Unevictable:        5532 kB
Mlocked:            5532 kB
SwapTotal:       3145724 kB
SwapFree:        3145724 kB
Dirty:               388 kB
Writeback:             0 kB
AnonPages:       1221384 kB
Mapped:           862096 kB
Shmem:             29640 kB
KReclaimable:     800712 kB
Slab:             222060 kB
SReclaimable:      78224 kB
SUnreclaim:       143836 kB
KernelStack:       46192 kB
PageTables:        62756 kB
NFS_Unstable:          0 kB
Bounce:                0 kB
WritebackTmp:          0 kB
CommitLimit:     9202288 kB
Committed_AS:   66055096 kB
VmallocTotal:   263061440 kB
VmallocUsed:      103184 kB
VmallocChunk:          0 kB
Percpu:             7648 kB
CmaTotal:         294912 kB
CmaFree:               0 kB
MemTotal:       12113132 kB
MemFree:         6185432 kB
MemAvailable:    7998292 kB
Buffers:            7352 kB
Cached:          1907620 kB
SwapCached:            0 kB
Active:          1475280 kB
Inactive:        1655888 kB
Active(anon):    1222656 kB
Inactive(anon):    27660 kB
Active(file):     252624 kB
Inactive(file):  1628228 kB
Unevictable:        5532 kB
Mlocked:            5532 kB
SwapTotal:       3145724 kB
SwapFree:        3145724 kB
Dirty:               448 kB
Writeback:             0 kB
AnonPages:       1221552 kB
Mapped:           862096 kB
Shmem:             29640 kB
KReclaimable:     800712 kB
Slab:             222060 kB
SReclaimable:      78224 kB
SUnreclaim:       143836 kB
KernelStack:       46176 kB
PageTables:        62756 kB
NFS_Unstable:          0 kB
Bounce:                0 kB
WritebackTmp:          0 kB
CommitLimit:     9202288 kB
Committed_AS:   66054744 kB
VmallocTotal:   263061440 kB
VmallocUsed:      103136 kB
VmallocChunk:          0 kB
Percpu:             7648 kB
CmaTotal:         294912 kB
CmaFree:               0 kB
MemTotal:       12113132 kB
MemFree:         6184716 kB
MemAvailable:    7997592 kB
Buffers:            7352 kB
Cached:          1907636 kB
SwapCached:            0 kB
Active:          1475800 kB
Inactive:        1655904 kB
Active(anon):    1223176 kB
Inactive(anon):    27660 kB
Active(file):     252624 kB
Inactive(file):  1628244 kB
Unevictable:        5532 kB
Mlocked:            5532 kB
SwapTotal:       3145724 kB
SwapFree:        3145724 kB
Dirty:               524 kB
Writeback:             0 kB
AnonPages:       1222084 kB
Mapped:           862096 kB
Shmem:             29640 kB
KReclaimable:     800712 kB
Slab:             222060 kB
SReclaimable:      78224 kB
SUnreclaim:       143836 kB
KernelStack:       46160 kB
PageTables:        62752 kB
NFS_Unstable:          0 kB
Bounce:                0 kB
WritebackTmp:          0 kB
CommitLimit:     9202288 kB
Committed_AS:   66054656 kB
VmallocTotal:   263061440 kB
VmallocUsed:      103152 kB
VmallocChunk:          0 kB
Percpu:             7648 kB
CmaTotal:         294912 kB
CmaFree:               0 kB
MemTotal:       12113132 kB
MemFree:         6185068 kB
MemAvailable:    7997976 kB
Buffers:            7352 kB
Cached:          1907668 kB
SwapCached:            0 kB
Active:          1476616 kB
Inactive:        1655940 kB
Active(anon):    1223996 kB
Inactive(anon):    27660 kB
Active(file):     252620 kB
Inactive(file):  1628280 kB
Unevictable:        5532 kB
Mlocked:            5532 kB
SwapTotal:       3145724 kB
SwapFree:        3145724 kB
Dirty:               572 kB
Writeback:             0 kB
AnonPages:       1223124 kB
Mapped:           862096 kB
Shmem:             29640 kB
KReclaimable:     800712 kB
Slab:             222060 kB
SReclaimable:      78224 kB
SUnreclaim:       143836 kB
KernelStack:       46176 kB
PageTables:        62732 kB
NFS_Unstable:          0 kB
Bounce:                0 kB
WritebackTmp:          0 kB
CommitLimit:     9202288 kB
Committed_AS:   66050240 kB
VmallocTotal:   263061440 kB
VmallocUsed:      103184 kB
VmallocChunk:          0 kB
Percpu:             7648 kB
CmaTotal:         294912 kB
CmaFree:               0 kB
MemTotal:       12113132 kB
MemFree:         6183680 kB
MemAvailable:    7996600 kB
Buffers:            7352 kB
Cached:          1907680 kB
SwapCached:            0 kB
Active:          1477084 kB
Inactive:        1655948 kB
Active(anon):    1224460 kB
Inactive(anon):    27660 kB
Active(file):     252624 kB
Inactive(file):  1628288 kB
Unevictable:        5532 kB
Mlocked:            5532 kB
SwapTotal:       3145724 kB
SwapFree:        3145724 kB
Dirty:               600 kB
Writeback:             0 kB
AnonPages:       1223636 kB
Mapped:           862096 kB
Shmem:             29640 kB
KReclaimable:     800712 kB
Slab:             222060 kB
SReclaimable:      78224 kB
SUnreclaim:       143836 kB
KernelStack:       46176 kB
PageTables:        62748 kB
NFS_Unstable:          0 kB
Bounce:                0 kB
WritebackTmp:          0 kB
CommitLimit:     9202288 kB
Committed_AS:   66055032 kB
VmallocTotal:   263061440 kB
VmallocUsed:      103216 kB
VmallocChunk:          0 kB
Percpu:             7648 kB
CmaTotal:         294912 kB
CmaFree:               0 kB
MemTotal:       12113132 kB
MemFree:         6183524 kB
MemAvailable:    7996460 kB
Buffers:            7352 kB
Cached:          1907696 kB
SwapCached:            0 kB
Active:          1477996 kB
Inactive:        1655964 kB
Active(anon):    1225372 kB
Inactive(anon):    27660 kB
Active(file):     252624 kB
Inactive(file):  1628304 kB
Unevictable:        5532 kB
Mlocked:            5532 kB
SwapTotal:       3145724 kB
SwapFree:        3145724 kB
Dirty:               616 kB
Writeback:             0 kB
AnonPages:       1224464 kB
Mapped:           862096 kB
Shmem:             29640 kB
KReclaimable:     800712 kB
Slab:             222060 kB
SReclaimable:      78224 kB
SUnreclaim:       143836 kB
KernelStack:       46144 kB
PageTables:        62756 kB
NFS_Unstable:          0 kB
Bounce:                0 kB
WritebackTmp:          0 kB
CommitLimit:     9202288 kB
Committed_AS:   66054392 kB
VmallocTotal:   263061440 kB
VmallocUsed:      103184 kB
VmallocChunk:          0 kB
Percpu:             7648 kB
CmaTotal:         294912 kB
CmaFree:               0 kB
MemTotal:       12113132 kB
MemFree:         6182288 kB
MemAvailable:    7995248 kB
Buffers:            7352 kB
Cached:          1907720 kB
SwapCached:            0 kB
Active:          1478280 kB
Inactive:        1655988 kB
Active(anon):    1225656 kB
Inactive(anon):    27660 kB
Active(file):     252624 kB
Inactive(file):  1628328 kB
Unevictable:        5532 kB
Mlocked:            5532 kB
SwapTotal:       3145724 kB
SwapFree:        3145724 kB
Dirty:               644 kB
Writeback:             0 kB
AnonPages:       1224772 kB
Mapped:           862096 kB
Shmem:             29640 kB
KReclaimable:     800712 kB
Slab:             222060 kB
SReclaimable:      78224 kB
SUnreclaim:       143836 kB
KernelStack:       46128 kB
PageTables:        62744 kB
NFS_Unstable:          0 kB
Bounce:                0 kB
WritebackTmp:          0 kB
CommitLimit:     9202288 kB
Committed_AS:   66054244 kB
VmallocTotal:   263061440 kB
VmallocUsed:      103184 kB
VmallocChunk:          0 kB
Percpu:             7648 kB
CmaTotal:         294912 kB
CmaFree:               0 kB
MemTotal:       12113132 kB
MemFree:         6182452 kB
MemAvailable:    7995420 kB
Buffers:            7352 kB
Cached:          1907732 kB
SwapCached:            0 kB
Active:          1479456 kB
Inactive:        1655996 kB
Active(anon):    1226832 kB
Inactive(anon):    27660 kB
Active(file):     252624 kB
Inactive(file):  1628336 kB
Unevictable:        5532 kB
Mlocked:            5532 kB
SwapTotal:       3145724 kB
SwapFree:        3145724 kB
Dirty:               696 kB
Writeback:             0 kB
AnonPages:       1225784 kB
Mapped:           862096 kB
Shmem:             29640 kB
KReclaimable:     800712 kB
Slab:             222068 kB
SReclaimable:      78224 kB
SUnreclaim:       143844 kB
KernelStack:       46144 kB
PageTables:        62736 kB
NFS_Unstable:          0 kB
Bounce:                0 kB
WritebackTmp:          0 kB
CommitLimit:     9202288 kB
Committed_AS:   66047692 kB
VmallocTotal:   263061440 kB
VmallocUsed:      103136 kB
VmallocChunk:          0 kB
Percpu:             7648 kB
CmaTotal:         294912 kB
CmaFree:               0 kB
MemTotal:       12113132 kB
MemFree:         6182396 kB
MemAvailable:    7995388 kB
Buffers:            7352 kB
Cached:          1907752 kB
SwapCached:            0 kB
Active:          1479004 kB
Inactive:        1656020 kB
Active(anon):    1226380 kB
Inactive(anon):    27660 kB
Active(file):     252624 kB
Inactive(file):  1628360 kB
Unevictable:        5532 kB
Mlocked:            5532 kB
SwapTotal:       3145724 kB
SwapFree:        3145724 kB
Dirty:               716 kB
Writeback:             0 kB
AnonPages:       1225732 kB
Mapped:           862096 kB
Shmem:             29640 kB
KReclaimable:     800712 kB
Slab:             222068 kB
SReclaimable:      78224 kB
SUnreclaim:       143844 kB
KernelStack:       46128 kB
PageTables:        62756 kB
NFS_Unstable:          0 kB
Bounce:                0 kB
WritebackTmp:          0 kB
CommitLimit:     9202288 kB
Committed_AS:   66049736 kB
VmallocTotal:   263061440 kB
VmallocUsed:      103136 kB
VmallocChunk:          0 kB
Percpu:             7648 kB
CmaTotal:         294912 kB
CmaFree:               0 kB
MemTotal:       12113132 kB
MemFree:         6181724 kB
MemAvailable:    7994748 kB
Buffers:            7356 kB
Cached:          1907780 kB
SwapCached:            0 kB
Active:          1479588 kB
Inactive:        1656048 kB
Active(anon):    1226960 kB
Inactive(anon):    27660 kB
Active(file):     252628 kB
Inactive(file):  1628388 kB
Unevictable:        5532 kB
Mlocked:            5532 kB
SwapTotal:       3145724 kB
SwapFree:        3145724 kB
Dirty:               696 kB
Writeback:             0 kB
AnonPages:       1226076 kB
Mapped:           862096 kB
Shmem:             29640 kB
KReclaimable:     800712 kB
Slab:             222068 kB
SReclaimable:      78224 kB
SUnreclaim:       143844 kB
KernelStack:       46128 kB
PageTables:        62752 kB
NFS_Unstable:          0 kB
Bounce:                0 kB
WritebackTmp:          0 kB
CommitLimit:     9202288 kB
Committed_AS:   66049832 kB
VmallocTotal:   263061440 kB
VmallocUsed:      103168 kB
VmallocChunk:          0 kB
Percpu:             7648 kB
CmaTotal:         294912 kB
CmaFree:               0 kB
MemTotal:       12113132 kB
MemFree:         6180556 kB
MemAvailable:    7993600 kB
Buffers:            7356 kB
Cached:          1907800 kB
SwapCached:            0 kB
Active:          1480176 kB
Inactive:        1656068 kB
Active(anon):    1227548 kB
Inactive(anon):    27660 kB
Active(file):     252628 kB
Inactive(file):  1628408 kB
Unevictable:        5532 kB
Mlocked:            5532 kB
SwapTotal:       3145724 kB
SwapFree:        3145724 kB
Dirty:               732 kB
Writeback:             0 kB
AnonPages:       1226552 kB
Mapped:           862096 kB
Shmem:             29640 kB
KReclaimable:     800712 kB
Slab:             222068 kB
SReclaimable:      78224 kB
SUnreclaim:       143844 kB
KernelStack:       46096 kB
PageTables:        62744 kB
NFS_Unstable:          0 kB
Bounce:                0 kB
WritebackTmp:          0 kB
CommitLimit:     9202288 kB
Committed_AS:   66049572 kB
VmallocTotal:   263061440 kB
VmallocUsed:      103152 kB
VmallocChunk:          0 kB
Percpu:             7648 kB
CmaTotal:         294912 kB
CmaFree:               0 kB
MemTotal:       12113132 kB
MemFree:         6180188 kB
MemAvailable:    7993240 kB
Buffers:            7356 kB
Cached:          1907808 kB
SwapCached:            0 kB
Active:          1481164 kB
Inactive:        1656076 kB
Active(anon):    1228536 kB
Inactive(anon):    27660 kB
Active(file):     252628 kB
Inactive(file):  1628416 kB
Unevictable:        5532 kB
Mlocked:            5532 kB
SwapTotal:       3145724 kB
SwapFree:        3145724 kB
Dirty:               740 kB
Writeback:             0 kB
AnonPages:       1227616 kB
Mapped:           862096 kB
Shmem:             29640 kB
KReclaimable:     800712 kB
Slab:             222068 kB
SReclaimable:      78224 kB
SUnreclaim:       143844 kB
KernelStack:       46096 kB
PageTables:        62756 kB
NFS_Unstable:          0 kB
Bounce:                0 kB
WritebackTmp:          0 kB
CommitLimit:     9202288 kB
Committed_AS:   66049420 kB
VmallocTotal:   263061440 kB
VmallocUsed:      103152 kB
VmallocChunk:          0 kB
Percpu:             7648 kB
CmaTotal:         294912 kB
CmaFree:               0 kB
MemTotal:       12113132 kB
MemFree:         6180692 kB
MemAvailable:    7993768 kB
Buffers:            7356 kB
Cached:          1907832 kB
SwapCached:            0 kB
Active:          1480180 kB
Inactive:        1656100 kB
Active(anon):    1227552 kB
Inactive(anon):    27660 kB
Active(file):     252628 kB
Inactive(file):  1628440 kB
Unevictable:        5532 kB
Mlocked:            5532 kB
SwapTotal:       3145724 kB
SwapFree:        3145724 kB
Dirty:               764 kB
Writeback:             0 kB
AnonPages:       1226680 kB
Mapped:           862096 kB
Shmem:             29640 kB
KReclaimable:     800712 kB
Slab:             222068 kB
SReclaimable:      78224 kB
SUnreclaim:       143844 kB
KernelStack:       46096 kB
PageTables:        62748 kB
NFS_Unstable:          0 kB
Bounce:                0 kB
WritebackTmp:          0 kB
CommitLimit:     9202288 kB
Committed_AS:   66054268 kB
VmallocTotal:   263061440 kB
VmallocUsed:      103136 kB
VmallocChunk:          0 kB
Percpu:             7648 kB
CmaTotal:         294912 kB
CmaFree:             208 kB
MemTotal:       12113132 kB
MemFree:         6180216 kB
MemAvailable:    7993300 kB
Buffers:            7356 kB
Cached:          1907840 kB
SwapCached:            0 kB
Active:          1481008 kB
Inactive:        1656108 kB
Active(anon):    1228380 kB
Inactive(anon):    27660 kB
Active(file):     252628 kB
Inactive(file):  1628448 kB
Unevictable:        5532 kB
Mlocked:            5532 kB
SwapTotal:       3145724 kB
SwapFree:        3145724 kB
Dirty:               788 kB
Writeback:             0 kB
AnonPages:       1227536 kB
Mapped:           862096 kB
Shmem:             29640 kB
KReclaimable:     800712 kB
Slab:             222068 kB
SReclaimable:      78224 kB
SUnreclaim:       143844 kB
KernelStack:       46096 kB
PageTables:        62756 kB
NFS_Unstable:          0 kB
Bounce:                0 kB
WritebackTmp:          0 kB
CommitLimit:     9202288 kB
Committed_AS:   66054444 kB
VmallocTotal:   263061440 kB
VmallocUsed:      103136 kB
VmallocChunk:          0 kB
Percpu:             7648 kB
CmaTotal:         294912 kB
CmaFree:               0 kB
MemTotal:       12113132 kB
MemFree:         6179592 kB
MemAvailable:    7992696 kB
Buffers:            7356 kB
Cached:          1907860 kB
SwapCached:            0 kB
Active:          1481696 kB
Inactive:        1656128 kB
Active(anon):    1229068 kB
Inactive(anon):    27660 kB
Active(file):     252628 kB
Inactive(file):  1628468 kB
Unevictable:        5532 kB
Mlocked:            5532 kB
SwapTotal:       3145724 kB
SwapFree:        3145724 kB
Dirty:               808 kB
Writeback:             0 kB
AnonPages:       1228208 kB
Mapped:           862096 kB
Shmem:             29640 kB
KReclaimable:     800712 kB
Slab:             222068 kB
SReclaimable:      78224 kB
SUnreclaim:       143844 kB
KernelStack:       46096 kB
PageTables:        62752 kB
NFS_Unstable:          0 kB
Bounce:                0 kB
WritebackTmp:          0 kB
CommitLimit:     9202288 kB
Committed_AS:   66054228 kB
VmallocTotal:   263061440 kB
VmallocUsed:      103152 kB
VmallocChunk:          0 kB
Percpu:             7648 kB
CmaTotal:         294912 kB
CmaFree:               0 kB
MemTotal:       12113132 kB
MemFree:         6178820 kB
MemAvailable:    7991940 kB
Buffers:            7356 kB
Cached:          1907876 kB
SwapCached:            0 kB
Active:          1481760 kB
Inactive:        1656144 kB
Active(anon):    1229132 kB
Inactive(anon):    27660 kB
Active(file):     252628 kB
Inactive(file):  1628484 kB
Unevictable:        5532 kB
Mlocked:            5532 kB
SwapTotal:       3145724 kB
SwapFree:        3145724 kB
Dirty:               824 kB
Writeback:             0 kB
AnonPages:       1228272 kB
Mapped:           862096 kB
Shmem:             29640 kB
KReclaimable:     800712 kB
Slab:             222068 kB
SReclaimable:      78224 kB
SUnreclaim:       143844 kB
KernelStack:       46096 kB
PageTables:        62748 kB
NFS_Unstable:          0 kB
Bounce:                0 kB
WritebackTmp:          0 kB
CommitLimit:     9202288 kB
Committed_AS:   66049716 kB
VmallocTotal:   263061440 kB
VmallocUsed:      103104 kB
VmallocChunk:          0 kB
Percpu:             7648 kB
CmaTotal:         294912 kB
CmaFree:               0 kB
MemTotal:       12113132 kB
MemFree:         6177344 kB
MemAvailable:    7990480 kB
Buffers:            7356 kB
Cached:          1907900 kB
SwapCached:            0 kB
Active:          1482248 kB
Inactive:        1656168 kB
Active(anon):    1229620 kB
Inactive(anon):    27668 kB
Active(file):     252628 kB
Inactive(file):  1628500 kB
Unevictable:        5532 kB
Mlocked:            5532 kB
SwapTotal:       3145724 kB
SwapFree:        3145724 kB
Dirty:               856 kB
Writeback:             0 kB
AnonPages:       1228724 kB
Mapped:           861980 kB
Shmem:             29648 kB
KReclaimable:     800712 kB
Slab:             222068 kB
SReclaimable:      78224 kB
SUnreclaim:       143844 kB
KernelStack:       46080 kB
PageTables:        62712 kB
NFS_Unstable:          0 kB
Bounce:                0 kB
WritebackTmp:          0 kB
CommitLimit:     9202288 kB
Committed_AS:   66045040 kB
VmallocTotal:   263061440 kB
VmallocUsed:      103088 kB
VmallocChunk:          0 kB
Percpu:             7648 kB
CmaTotal:         294912 kB
CmaFree:               0 kB
MemTotal:       12113132 kB
MemFree:         6176860 kB
MemAvailable:    7990012 kB
Buffers:            7356 kB
Cached:          1907916 kB
SwapCached:            0 kB
Active:          1483556 kB
Inactive:        1656184 kB
Active(anon):    1230928 kB
Inactive(anon):    27668 kB
Active(file):     252628 kB
Inactive(file):  1628516 kB
Unevictable:        5532 kB
Mlocked:            5532 kB
SwapTotal:       3145724 kB
SwapFree:        3145724 kB
Dirty:               872 kB
Writeback:             0 kB
AnonPages:       1230096 kB
Mapped:           862104 kB
Shmem:             29648 kB
KReclaimable:     800712 kB
Slab:             222068 kB
SReclaimable:      78224 kB
SUnreclaim:       143844 kB
KernelStack:       46096 kB
PageTables:        62748 kB
NFS_Unstable:          0 kB
Bounce:                0 kB
WritebackTmp:          0 kB
CommitLimit:     9202288 kB
Committed_AS:   66050200 kB
VmallocTotal:   263061440 kB
VmallocUsed:      103072 kB
VmallocChunk:          0 kB
Percpu:             7648 kB
CmaTotal:         294912 kB
CmaFree:               0 kB
MemTotal:       12113132 kB
MemFree:         6176360 kB
MemAvailable:    7989540 kB
Buffers:            7356 kB
Cached:          1907944 kB
SwapCached:            0 kB
Active:          1483048 kB
Inactive:        1656212 kB
Active(anon):    1230420 kB
Inactive(anon):    27668 kB
Active(file):     252628 kB
Inactive(file):  1628544 kB
Unevictable:        5532 kB
Mlocked:            5532 kB
SwapTotal:       3145724 kB
SwapFree:        3145724 kB
Dirty:               920 kB
Writeback:             0 kB
AnonPages:       1229608 kB
Mapped:           862104 kB
Shmem:             29648 kB
KReclaimable:     800712 kB
Slab:             222068 kB
SReclaimable:      78224 kB
SUnreclaim:       143844 kB
KernelStack:       46096 kB
PageTables:        62756 kB
NFS_Unstable:          0 kB
Bounce:                0 kB
WritebackTmp:          0 kB
CommitLimit:     9202288 kB
Committed_AS:   66050244 kB
VmallocTotal:   263061440 kB
VmallocUsed:      103088 kB
VmallocChunk:          0 kB
Percpu:             7648 kB
CmaTotal:         294912 kB
CmaFree:               0 kB
MemTotal:       12113132 kB
MemFree:         6176360 kB
MemAvailable:    7989556 kB
Buffers:            7356 kB
Cached:          1907960 kB
SwapCached:            0 kB
Active:          1484040 kB
Inactive:        1656228 kB
Active(anon):    1231412 kB
Inactive(anon):    27668 kB
Active(file):     252628 kB
Inactive(file):  1628560 kB
Unevictable:        5532 kB
Mlocked:            5532 kB
SwapTotal:       3145724 kB
SwapFree:        3145724 kB
Dirty:               956 kB
Writeback:             0 kB
AnonPages:       1230676 kB
Mapped:           862104 kB
Shmem:             29648 kB
KReclaimable:     800712 kB
Slab:             222068 kB
SReclaimable:      78224 kB
SUnreclaim:       143844 kB
KernelStack:       46096 kB
PageTables:        62756 kB
NFS_Unstable:          0 kB
Bounce:                0 kB
WritebackTmp:          0 kB
CommitLimit:     9202288 kB
Committed_AS:   66049804 kB
VmallocTotal:   263061440 kB
VmallocUsed:      103088 kB
VmallocChunk:          0 kB
Percpu:             7648 kB
CmaTotal:         294912 kB
CmaFree:               0 kB
MemTotal:       12113132 kB
MemFree:         6175240 kB
MemAvailable:    7988452 kB
Buffers:            7356 kB
Cached:          1907976 kB
SwapCached:            0 kB
Active:          1484540 kB
Inactive:        1656244 kB
Active(anon):    1231912 kB
Inactive(anon):    27668 kB
Active(file):     252628 kB
Inactive(file):  1628576 kB
Unevictable:        5532 kB
Mlocked:            5532 kB
SwapTotal:       3145724 kB
SwapFree:        3145724 kB
Dirty:               976 kB
Writeback:             0 kB
AnonPages:       1231092 kB
Mapped:           862104 kB
Shmem:             29648 kB
KReclaimable:     800712 kB
Slab:             222068 kB
SReclaimable:      78224 kB
SUnreclaim:       143844 kB
KernelStack:       46096 kB
PageTables:        62752 kB
NFS_Unstable:          0 kB
Bounce:                0 kB
WritebackTmp:          0 kB
CommitLimit:     9202288 kB
Committed_AS:   66051784 kB
VmallocTotal:   263061440 kB
VmallocUsed:      103088 kB
VmallocChunk:          0 kB
Percpu:             7648 kB
CmaTotal:         294912 kB
CmaFree:               0 kB
MemTotal:       12113132 kB
MemFree:         6175072 kB
MemAvailable:    7988300 kB
Buffers:            7356 kB
Cached:          1907992 kB
SwapCached:            0 kB
Active:          1484860 kB
Inactive:        1656260 kB
Active(anon):    1232232 kB
Inactive(anon):    27668 kB
Active(file):     252628 kB
Inactive(file):  1628592 kB
Unevictable:        5532 kB
Mlocked:            5532 kB
SwapTotal:       3145724 kB
SwapFree:        3145724 kB
Dirty:               992 kB
Writeback:             0 kB
AnonPages:       1231068 kB
Mapped:           862104 kB
Shmem:             29648 kB
KReclaimable:     800712 kB
Slab:             222068 kB
SReclaimable:      78224 kB
SUnreclaim:       143844 kB
KernelStack:       46096 kB
PageTables:        62752 kB
NFS_Unstable:          0 kB
Bounce:                0 kB
WritebackTmp:          0 kB
CommitLimit:     9202288 kB
Committed_AS:   66055008 kB
VmallocTotal:   263061440 kB
VmallocUsed:      103104 kB
VmallocChunk:          0 kB
Percpu:             7648 kB
CmaTotal:         294912 kB
CmaFree:               0 kB
MemTotal:       12113132 kB
MemFree:         6183564 kB
MemAvailable:    7996808 kB
Buffers:            7356 kB
Cached:          1908012 kB
SwapCached:            0 kB
Active:          1475092 kB
Inactive:        1656280 kB
Active(anon):    1222464 kB
Inactive(anon):    27672 kB
Active(file):     252628 kB
Inactive(file):  1628608 kB
Unevictable:        5532 kB
Mlocked:            5532 kB
SwapTotal:       3145724 kB
SwapFree:        3145724 kB
Dirty:              1044 kB
Writeback:             0 kB
AnonPages:       1221336 kB
Mapped:           862108 kB
Shmem:             29652 kB
KReclaimable:     800712 kB
Slab:             222068 kB
SReclaimable:      78224 kB
SUnreclaim:       143844 kB
KernelStack:       46096 kB
PageTables:        62748 kB
NFS_Unstable:          0 kB
Bounce:                0 kB
WritebackTmp:          0 kB
CommitLimit:     9202288 kB
Committed_AS:   66054716 kB
VmallocTotal:   263061440 kB
VmallocUsed:      103104 kB
VmallocChunk:          0 kB
Percpu:             7648 kB
CmaTotal:         294912 kB
CmaFree:              44 kB
MemTotal:       12113132 kB
MemFree:         6183116 kB
MemAvailable:    7996372 kB
Buffers:            7356 kB
Cached:          1908024 kB
SwapCached:            0 kB
Active:          1475564 kB
Inactive:        1656292 kB
Active(anon):    1222936 kB
Inactive(anon):    27672 kB
Active(file):     252628 kB
Inactive(file):  1628620 kB
Unevictable:        5532 kB
Mlocked:            5532 kB
SwapTotal:       3145724 kB
SwapFree:        3145724 kB
Dirty:              1056 kB
Writeback:             0 kB
AnonPages:       1221484 kB
Mapped:           862108 kB
Shmem:             29652 kB
KReclaimable:     800712 kB
Slab:             222068 kB
SReclaimable:      78224 kB
SUnreclaim:       143844 kB
KernelStack:       46112 kB
PageTables:        62876 kB
NFS_Unstable:          0 kB
Bounce:                0 kB
WritebackTmp:          0 kB
CommitLimit:     9202288 kB
Committed_AS:   66049188 kB
VmallocTotal:   263061440 kB
VmallocUsed:      103088 kB
VmallocChunk:          0 kB
Percpu:             7648 kB
CmaTotal:         294912 kB
CmaFree:             260 kB
MemTotal:       12113132 kB
MemFree:         6183656 kB
MemAvailable:    7996956 kB
Buffers:            7360 kB
Cached:          1908064 kB
SwapCached:            0 kB
Active:          1476108 kB
Inactive:        1656332 kB
Active(anon):    1223476 kB
Inactive(anon):    27672 kB
Active(file):     252632 kB
Inactive(file):  1628660 kB
Unevictable:        5532 kB
Mlocked:            5532 kB
SwapTotal:       3145724 kB
SwapFree:        3145724 kB
Dirty:              1056 kB
Writeback:             0 kB
AnonPages:       1222608 kB
Mapped:           862108 kB
Shmem:             29652 kB
KReclaimable:     800712 kB
Slab:             222068 kB
SReclaimable:      78224 kB
SUnreclaim:       143844 kB
KernelStack:       46096 kB
PageTables:        62760 kB
NFS_Unstable:          0 kB
Bounce:                0 kB
WritebackTmp:          0 kB
CommitLimit:     9202288 kB
Committed_AS:   66054452 kB
VmallocTotal:   263061440 kB
VmallocUsed:      103104 kB
