MemTotal:        5980400 kB
MemFree:         1488700 kB
MemAvailable:    3201412 kB
Buffers:            7996 kB
Cached:          1287448 kB
SwapCached:           68 kB
Active:          1555336 kB
Inactive:         902384 kB
Active(anon):     673108 kB
Inactive(anon):   519084 kB
Active(file):     882228 kB
Inactive(file):   383300 kB
Unevictable:        5724 kB
Mlocked:            5724 kB
SwapTotal:       3670008 kB
SwapFree:        3634172 kB
Dirty:             46908 kB
Writeback:             0 kB
AnonPages:       1167808 kB
Mapped:           464036 kB
Shmem:             25276 kB
KReclaimable:    1009616 kB
Slab:             232832 kB
SReclaimable:      60232 kB
SUnreclaim:       172600 kB
KernelStack:       49408 kB
PageTables:        58044 kB
NFS_Unstable:          0 kB
Bounce:                0 kB
WritebackTmp:          0 kB
CommitLimit:     6660208 kB
Committed_AS:   65226468 kB
VmallocTotal:   263061440 kB
VmallocUsed:       89756 kB
VmallocChunk:          0 kB
Percpu:             7904 kB
CmaTotal:         315392 kB
CmaFree:               0 kB
MemTotal:        5980400 kB
MemFree:         1431224 kB
MemAvailable:    3148100 kB
Buffers:            7996 kB
Cached:          1286996 kB
SwapCached:           68 kB
Active:          1612232 kB
Inactive:         901856 kB
Active(anon):     729936 kB
Inactive(anon):   518544 kB
Active(file):     882296 kB
Inactive(file):   383312 kB
Unevictable:        5724 kB
Mlocked:            5724 kB
SwapTotal:       3670008 kB
SwapFree:        3634172 kB
Dirty:             46844 kB
Writeback:            24 kB
AnonPages:       1225132 kB
Mapped:           508784 kB
Shmem:             24744 kB
KReclaimable:    1013700 kB
Slab:             232820 kB
SReclaimable:      60236 kB
SUnreclaim:       172584 kB
KernelStack:       49832 kB
PageTables:        58716 kB
NFS_Unstable:          0 kB
Bounce:                0 kB
WritebackTmp:          0 kB
CommitLimit:     6660208 kB
Committed_AS:   66706328 kB
VmallocTotal:   263061440 kB
VmallocUsed:       90196 kB
VmallocChunk:          0 kB
Percpu:             7904 kB
CmaTotal:         315392 kB
CmaFree:              60 kB
MemTotal:        5980400 kB
MemFree:         1372132 kB
MemAvailable:    3035044 kB
Buffers:            7996 kB
Cached:          1287048 kB
SwapCached:           68 kB
Active:          1671836 kB
Inactive:         901816 kB
Active(anon):     789404 kB
Inactive(anon):   518580 kB
Active(file):     882432 kB
Inactive(file):   383236 kB
Unevictable:        5724 kB
Mlocked:            5724 kB
SwapTotal:       3670008 kB
SwapFree:        3634172 kB
Dirty:             46948 kB
Writeback:             0 kB
AnonPages:       1284304 kB
Mapped:           523460 kB
Shmem:             24736 kB
KReclaimable:     959676 kB
Slab:             232816 kB
SReclaimable:      60236 kB
SUnreclaim:       172580 kB
KernelStack:       50288 kB
PageTables:        59872 kB
NFS_Unstable:          0 kB
Bounce:                0 kB
WritebackTmp:          0 kB
CommitLimit:     6660208 kB
Committed_AS:   66824668 kB
VmallocTotal:   263061440 kB
VmallocUsed:       90612 kB
VmallocChunk:          0 kB
Percpu:             7904 kB
CmaTotal:         315392 kB
CmaFree:               0 kB
MemTotal:        5980400 kB
MemFree:         1051008 kB
MemAvailable:    2746248 kB
Buffers:            7996 kB
Cached:          1287388 kB
SwapCached:           68 kB
Active:          1990704 kB
Inactive:         902076 kB
Active(anon):    1108248 kB
Inactive(anon):   518840 kB
Active(file):     882456 kB
Inactive(file):   383236 kB
Unevictable:        5724 kB
Mlocked:            5724 kB
SwapTotal:       3670008 kB
SwapFree:        3634172 kB
Dirty:             47300 kB
Writeback:             0 kB
AnonPages:       1603036 kB
Mapped:           532200 kB
Shmem:             25052 kB
KReclaimable:     991980 kB
Slab:             232848 kB
SReclaimable:      60268 kB
SUnreclaim:       172580 kB
KernelStack:       50272 kB
PageTables:        60084 kB
NFS_Unstable:          0 kB
Bounce:                0 kB
WritebackTmp:          0 kB
CommitLimit:     6660208 kB
Committed_AS:   67141616 kB
VmallocTotal:   263061440 kB
VmallocUsed:       90676 kB
VmallocChunk:          0 kB
Percpu:             7904 kB
CmaTotal:         315392 kB
CmaFree:             272 kB
MemTotal:        5980400 kB
MemFree:          873144 kB
MemAvailable:    2224848 kB
Buffers:            7996 kB
Cached:          1287644 kB
SwapCached:           68 kB
Active:          2163176 kB
Inactive:         902332 kB
Active(anon):    1280720 kB
Inactive(anon):   519088 kB
Active(file):     882456 kB
Inactive(file):   383244 kB
Unevictable:        5724 kB
Mlocked:            5724 kB
SwapTotal:       3670008 kB
SwapFree:        3634172 kB
Dirty:             47336 kB
Writeback:             0 kB
AnonPages:       1775668 kB
Mapped:           584024 kB
Shmem:             25300 kB
KReclaimable:     648436 kB
Slab:             232832 kB
SReclaimable:      60252 kB
SUnreclaim:       172580 kB
KernelStack:       50224 kB
PageTables:        61084 kB
NFS_Unstable:          0 kB
Bounce:                0 kB
WritebackTmp:          0 kB
CommitLimit:     6660208 kB
Committed_AS:   67406692 kB
VmallocTotal:   263061440 kB
VmallocUsed:       90612 kB
VmallocChunk:          0 kB
Percpu:             7904 kB
CmaTotal:         315392 kB
CmaFree:               0 kB
MemTotal:        5980400 kB
MemFree:          686436 kB
MemAvailable:    1937048 kB
Buffers:            7996 kB
Cached:          1287656 kB
SwapCached:           68 kB
Active:          2350284 kB
Inactive:         902344 kB
Active(anon):    1467828 kB
Inactive(anon):   519092 kB
Active(file):     882456 kB
Inactive(file):   383252 kB
Unevictable:        5724 kB
Mlocked:            5724 kB
SwapTotal:       3670008 kB
SwapFree:        3634172 kB
Dirty:             47356 kB
Writeback:             0 kB
AnonPages:       1962840 kB
Mapped:           641912 kB
Shmem:             25304 kB
KReclaimable:     547336 kB
Slab:             234200 kB
SReclaimable:      61228 kB
SUnreclaim:       172972 kB
KernelStack:       50064 kB
PageTables:        61384 kB
NFS_Unstable:          0 kB
Bounce:                0 kB
WritebackTmp:          0 kB
CommitLimit:     6660208 kB
Committed_AS:   67635132 kB
VmallocTotal:   263061440 kB
VmallocUsed:       90516 kB
VmallocChunk:          0 kB
Percpu:             7904 kB
CmaTotal:         315392 kB
CmaFree:               0 kB
MemTotal:        5980400 kB
MemFree:          629796 kB
MemAvailable:    1880448 kB
Buffers:            7996 kB
Cached:          1287668 kB
SwapCached:           68 kB
Active:          2407252 kB
Inactive:         902356 kB
Active(anon):    1524796 kB
Inactive(anon):   519096 kB
Active(file):     882456 kB
Inactive(file):   383260 kB
Unevictable:        5724 kB
Mlocked:            5724 kB
SwapTotal:       3670008 kB
SwapFree:        3634172 kB
Dirty:             47388 kB
Writeback:             0 kB
AnonPages:       2019748 kB
Mapped:           641980 kB
Shmem:             25308 kB
KReclaimable:     547368 kB
Slab:             234228 kB
SReclaimable:      61260 kB
SUnreclaim:       172968 kB
KernelStack:       49968 kB
PageTables:        61704 kB
NFS_Unstable:          0 kB
Bounce:                0 kB
WritebackTmp:          0 kB
CommitLimit:     6660208 kB
Committed_AS:   67717936 kB
VmallocTotal:   263061440 kB
VmallocUsed:       90404 kB
VmallocChunk:          0 kB
Percpu:             7904 kB
CmaTotal:         315392 kB
CmaFree:               0 kB
MemTotal:        5980400 kB
MemFree:          556908 kB
MemAvailable:    1631756 kB
Buffers:            7996 kB
Cached:          1288068 kB
SwapCached:           68 kB
Active:          2480480 kB
Inactive:         902328 kB
Active(anon):    1597600 kB
Inactive(anon):   519092 kB
Active(file):     882880 kB
Inactive(file):   383236 kB
Unevictable:        5724 kB
Mlocked:            5724 kB
SwapTotal:       3670008 kB
SwapFree:        3634172 kB
Dirty:             47492 kB
Writeback:             0 kB
AnonPages:       2092112 kB
Mapped:           721796 kB
Shmem:             25308 kB
KReclaimable:     371164 kB
Slab:             234240 kB
SReclaimable:      61272 kB
SUnreclaim:       172968 kB
KernelStack:       50000 kB
PageTables:        61916 kB
NFS_Unstable:          0 kB
Bounce:                0 kB
WritebackTmp:          0 kB
CommitLimit:     6660208 kB
Committed_AS:   68137884 kB
VmallocTotal:   263061440 kB
VmallocUsed:       90420 kB
VmallocChunk:          0 kB
Percpu:             7904 kB
CmaTotal:         315392 kB
CmaFree:               0 kB
MemTotal:        5980400 kB
MemFree:          478604 kB
MemAvailable:    1553880 kB
Buffers:            7996 kB
Cached:          1288636 kB
SwapCached:           68 kB
Active:          2559812 kB
Inactive:         902108 kB
Active(anon):    1676140 kB
Inactive(anon):   519140 kB
Active(file):     883672 kB
Inactive(file):   382968 kB
Unevictable:        5724 kB
Mlocked:            5724 kB
SwapTotal:       3670008 kB
SwapFree:        3634172 kB
Dirty:             47808 kB
Writeback:             0 kB
AnonPages:       2171024 kB
Mapped:           726996 kB
Shmem:             25352 kB
KReclaimable:     371068 kB
Slab:             234360 kB
SReclaimable:      61272 kB
SUnreclaim:       173088 kB
KernelStack:       50752 kB
PageTables:        62760 kB
NFS_Unstable:          0 kB
Bounce:                0 kB
WritebackTmp:          0 kB
CommitLimit:     6660208 kB
Committed_AS:   68265736 kB
VmallocTotal:   263061440 kB
VmallocUsed:       91108 kB
VmallocChunk:          0 kB
Percpu:             7904 kB
CmaTotal:         315392 kB
CmaFree:               0 kB
MemTotal:        5980400 kB
MemFree:          240296 kB
MemAvailable:    1315704 kB
Buffers:            7996 kB
Cached:          1288756 kB
SwapCached:           68 kB
Active:          2794228 kB
Inactive:         902176 kB
Active(anon):    1910504 kB
Inactive(anon):   519208 kB
Active(file):     883724 kB
Inactive(file):   382968 kB
Unevictable:        5724 kB
Mlocked:            5724 kB
SwapTotal:       3670008 kB
SwapFree:        3634172 kB
Dirty:             47576 kB
Writeback:             0 kB
AnonPages:       2405520 kB
Mapped:           727780 kB
Shmem:             25420 kB
KReclaimable:     371148 kB
Slab:             234440 kB
SReclaimable:      61352 kB
SUnreclaim:       173088 kB
KernelStack:       50924 kB
PageTables:        63468 kB
NFS_Unstable:          0 kB
Bounce:                0 kB
WritebackTmp:          0 kB
CommitLimit:     6660208 kB
Committed_AS:   68457576 kB
VmallocTotal:   263061440 kB
VmallocUsed:       91300 kB
VmallocChunk:          0 kB
Percpu:             7904 kB
CmaTotal:         315392 kB
CmaFree:               0 kB
MemTotal:        5980400 kB
MemFree:          232156 kB
MemAvailable:    1211444 kB
Buffers:            6760 kB
Cached:          1267468 kB
SwapCached:           68 kB
Active:          2897952 kB
Inactive:         912696 kB
Active(anon):    2051052 kB
Inactive(anon):   515436 kB
Active(file):     846900 kB
Inactive(file):   397260 kB
Unevictable:        5724 kB
Mlocked:            5724 kB
SwapTotal:       3670008 kB
SwapFree:        3631868 kB
Dirty:             47600 kB
Writeback:             0 kB
AnonPages:       2542216 kB
Mapped:           727812 kB
Shmem:             25428 kB
KReclaimable:     268004 kB
Slab:             231876 kB
SReclaimable:      58788 kB
SUnreclaim:       173088 kB
KernelStack:       50896 kB
PageTables:        63452 kB
NFS_Unstable:          0 kB
Bounce:                0 kB
WritebackTmp:          0 kB
CommitLimit:     6660208 kB
Committed_AS:   68591136 kB
VmallocTotal:   263061440 kB
VmallocUsed:       91268 kB
VmallocChunk:          0 kB
Percpu:             7904 kB
CmaTotal:         315392 kB
CmaFree:               0 kB
MemTotal:        5980400 kB
MemFree:          206624 kB
MemAvailable:    1172836 kB
Buffers:            6760 kB
Cached:          1267468 kB
SwapCached:           68 kB
Active:          2921584 kB
Inactive:         912668 kB
Active(anon):    2074656 kB
Inactive(anon):   515436 kB
Active(file):     846928 kB
Inactive(file):   397232 kB
Unevictable:        5724 kB
Mlocked:            5724 kB
SwapTotal:       3670008 kB
SwapFree:        3631868 kB
Dirty:             47912 kB
Writeback:             0 kB
AnonPages:       2565944 kB
Mapped:           731688 kB
Shmem:             25428 kB
KReclaimable:     241856 kB
Slab:             231892 kB
SReclaimable:      58772 kB
SUnreclaim:       173120 kB
KernelStack:       50908 kB
PageTables:        63744 kB
NFS_Unstable:          0 kB
Bounce:                0 kB
WritebackTmp:          0 kB
CommitLimit:     6660208 kB
Committed_AS:   68605880 kB
VmallocTotal:   263061440 kB
VmallocUsed:       91252 kB
VmallocChunk:          0 kB
Percpu:             7904 kB
CmaTotal:         315392 kB
CmaFree:              72 kB
MemTotal:        5980400 kB
MemFree:          205624 kB
MemAvailable:    1171848 kB
Buffers:            6760 kB
Cached:          1267484 kB
SwapCached:           68 kB
Active:          2923836 kB
Inactive:         912600 kB
Active(anon):    2076824 kB
Inactive(anon):   515440 kB
Active(file):     847012 kB
Inactive(file):   397160 kB
Unevictable:        5724 kB
Mlocked:            5724 kB
SwapTotal:       3670008 kB
SwapFree:        3631868 kB
Dirty:             47928 kB
Writeback:             0 kB
AnonPages:       2567928 kB
Mapped:           731992 kB
Shmem:             25432 kB
KReclaimable:     241856 kB
Slab:             231892 kB
SReclaimable:      58772 kB
SUnreclaim:       173120 kB
KernelStack:       50864 kB
PageTables:        63684 kB
NFS_Unstable:          0 kB
Bounce:                0 kB
WritebackTmp:          0 kB
CommitLimit:     6660208 kB
Committed_AS:   68606200 kB
VmallocTotal:   263061440 kB
VmallocUsed:       91284 kB
VmallocChunk:          0 kB
Percpu:             7904 kB
CmaTotal:         315392 kB
CmaFree:              16 kB
MemTotal:        5980400 kB
MemFree:          205544 kB
MemAvailable:    1172228 kB
Buffers:            6760 kB
Cached:          1267952 kB
SwapCached:           68 kB
Active:          2924360 kB
Inactive:         912952 kB
Active(anon):    2077232 kB
Inactive(anon):   515444 kB
Active(file):     847128 kB
Inactive(file):   397508 kB
Unevictable:        5724 kB
Mlocked:            5724 kB
SwapTotal:       3670008 kB
SwapFree:        3631868 kB
Dirty:             47944 kB
Writeback:             0 kB
AnonPages:       2568256 kB
Mapped:           731936 kB
Shmem:             25436 kB
KReclaimable:     241848 kB
Slab:             231892 kB
SReclaimable:      58772 kB
SUnreclaim:       173120 kB
KernelStack:       50784 kB
PageTables:        63508 kB
NFS_Unstable:          0 kB
Bounce:                0 kB
WritebackTmp:          0 kB
CommitLimit:     6660208 kB
Committed_AS:   68609044 kB
VmallocTotal:   263061440 kB
VmallocUsed:       91252 kB
VmallocChunk:          0 kB
Percpu:             7904 kB
CmaTotal:         315392 kB
CmaFree:               0 kB
MemTotal:        5980400 kB
MemFree:          203904 kB
MemAvailable:    1170592 kB
Buffers:            6760 kB
Cached:          1267964 kB
SwapCached:           68 kB
Active:          2922372 kB
Inactive:         912964 kB
Active(anon):    2075244 kB
Inactive(anon):   515444 kB
Active(file):     847128 kB
Inactive(file):   397520 kB
Unevictable:        5724 kB
Mlocked:            5724 kB
SwapTotal:       3670008 kB
SwapFree:        3631868 kB
Dirty:             47960 kB
Writeback:             0 kB
AnonPages:       2566376 kB
Mapped:           732304 kB
Shmem:             25436 kB
KReclaimable:     241832 kB
Slab:             231892 kB
SReclaimable:      58772 kB
SUnreclaim:       173120 kB
KernelStack:       50768 kB
PageTables:        63696 kB
NFS_Unstable:          0 kB
Bounce:                0 kB
WritebackTmp:          0 kB
CommitLimit:     6660208 kB
Committed_AS:   68606892 kB
VmallocTotal:   263061440 kB
VmallocUsed:       91172 kB
VmallocChunk:          0 kB
Percpu:             7904 kB
CmaTotal:         315392 kB
CmaFree:              44 kB
MemTotal:        5980400 kB
MemFree:          399892 kB
MemAvailable:    1133996 kB
Buffers:            1376 kB
Cached:          1171240 kB
SwapCached:           68 kB
Active:          2849672 kB
Inactive:         909212 kB
Active(anon):    2093572 kB
Inactive(anon):   522592 kB
Active(file):     756100 kB
Inactive(file):   386620 kB
Unevictable:        5724 kB
Mlocked:            5724 kB
SwapTotal:       3670008 kB
SwapFree:        3619836 kB
Dirty:             47964 kB
Writeback:             0 kB
AnonPages:       2592040 kB
Mapped:           721156 kB
Shmem:             25256 kB
KReclaimable:     127976 kB
Slab:             230500 kB
SReclaimable:      57492 kB
SUnreclaim:       173008 kB
KernelStack:       50752 kB
PageTables:        63564 kB
NFS_Unstable:          0 kB
Bounce:                0 kB
WritebackTmp:          0 kB
CommitLimit:     6660208 kB
Committed_AS:   68661116 kB
VmallocTotal:   263061440 kB
VmallocUsed:       91236 kB
VmallocChunk:          0 kB
Percpu:             7904 kB
CmaTotal:         315392 kB
CmaFree:               0 kB
MemTotal:        5980400 kB
MemFree:          400012 kB
MemAvailable:    1134128 kB
Buffers:            1376 kB
Cached:          1171288 kB
SwapCached:           68 kB
Active:          2850112 kB
Inactive:         909216 kB
Active(anon):    2093968 kB
Inactive(anon):   522592 kB
Active(file):     756144 kB
Inactive(file):   386624 kB
Unevictable:        5724 kB
Mlocked:            5724 kB
SwapTotal:       3670008 kB
SwapFree:        3619836 kB
Dirty:             47980 kB
Writeback:             0 kB
AnonPages:       2592452 kB
Mapped:           721168 kB
Shmem:             25256 kB
KReclaimable:     127904 kB
Slab:             230440 kB
SReclaimable:      57420 kB
SUnreclaim:       173020 kB
KernelStack:       50784 kB
PageTables:        63492 kB
NFS_Unstable:          0 kB
Bounce:                0 kB
WritebackTmp:          0 kB
CommitLimit:     6660208 kB
Committed_AS:   68659424 kB
VmallocTotal:   263061440 kB
VmallocUsed:       91220 kB
VmallocChunk:          0 kB
Percpu:             7904 kB
CmaTotal:         315392 kB
CmaFree:               0 kB
MemTotal:        5980400 kB
MemFree:          397704 kB
MemAvailable:    1131748 kB
Buffers:            1376 kB
Cached:          1171296 kB
SwapCached:           68 kB
Active:          2851776 kB
Inactive:         909220 kB
Active(anon):    2095628 kB
Inactive(anon):   522592 kB
Active(file):     756148 kB
Inactive(file):   386628 kB
Unevictable:        5724 kB
Mlocked:            5724 kB
SwapTotal:       3670008 kB
SwapFree:        3619836 kB
Dirty:             47080 kB
Writeback:             0 kB
AnonPages:       2593668 kB
Mapped:           721688 kB
Shmem:             25256 kB
KReclaimable:     127744 kB
Slab:             230676 kB
SReclaimable:      57420 kB
SUnreclaim:       173256 kB
KernelStack:       50832 kB
PageTables:        63516 kB
NFS_Unstable:          0 kB
Bounce:                0 kB
WritebackTmp:          0 kB
CommitLimit:     6660208 kB
Committed_AS:   68658792 kB
VmallocTotal:   263061440 kB
VmallocUsed:       91220 kB
VmallocChunk:          0 kB
Percpu:             7904 kB
CmaTotal:         315392 kB
CmaFree:              28 kB
MemTotal:        5980400 kB
MemFree:          395524 kB
MemAvailable:    1130008 kB
Buffers:            1376 kB
Cached:          1171784 kB
SwapCached:           68 kB
Active:          2851508 kB
Inactive:         909624 kB
Active(anon):    2095276 kB
Inactive(anon):   522592 kB
Active(file):     756232 kB
Inactive(file):   387032 kB
Unevictable:        5724 kB
Mlocked:            5724 kB
SwapTotal:       3670008 kB
SwapFree:        3619836 kB
Dirty:             46976 kB
Writeback:             0 kB
AnonPages:       2593648 kB
Mapped:           721804 kB
Shmem:             25256 kB
KReclaimable:     127648 kB
Slab:             230488 kB
SReclaimable:      57420 kB
SUnreclaim:       173068 kB
KernelStack:       50812 kB
PageTables:        63568 kB
NFS_Unstable:          0 kB
Bounce:                0 kB
WritebackTmp:          0 kB
CommitLimit:     6660208 kB
Committed_AS:   68661320 kB
VmallocTotal:   263061440 kB
VmallocUsed:       91236 kB
VmallocChunk:          0 kB
Percpu:             7904 kB
CmaTotal:         315392 kB
CmaFree:               0 kB
MemTotal:        5980400 kB
MemFree:          395760 kB
MemAvailable:    1130124 kB
Buffers:            1376 kB
Cached:          1171792 kB
SwapCached:           68 kB
Active:          2852520 kB
Inactive:         909616 kB
Active(anon):    2096272 kB
Inactive(anon):   522592 kB
Active(file):     756248 kB
Inactive(file):   387024 kB
Unevictable:        5724 kB
Mlocked:            5724 kB
SwapTotal:       3670008 kB
SwapFree:        3619836 kB
Dirty:             47044 kB
Writeback:             0 kB
AnonPages:       2594504 kB
Mapped:           721920 kB
Shmem:             25256 kB
KReclaimable:     127392 kB
Slab:             230500 kB
SReclaimable:      57436 kB
SUnreclaim:       173064 kB
KernelStack:       50784 kB
PageTables:        63612 kB
NFS_Unstable:          0 kB
Bounce:                0 kB
WritebackTmp:          0 kB
CommitLimit:     6660208 kB
Committed_AS:   68659736 kB
VmallocTotal:   263061440 kB
VmallocUsed:       91236 kB
VmallocChunk:          0 kB
Percpu:             7904 kB
CmaTotal:         315392 kB
CmaFree:               0 kB
MemTotal:        5980400 kB
MemFree:          395024 kB
MemAvailable:    1129396 kB
Buffers:            1376 kB
Cached:          1171800 kB
SwapCached:           68 kB
Active:          2853276 kB
Inactive:         909624 kB
Active(anon):    2097028 kB
Inactive(anon):   522592 kB
Active(file):     756248 kB
Inactive(file):   387032 kB
Unevictable:        5724 kB
Mlocked:            5724 kB
SwapTotal:       3670008 kB
SwapFree:        3619836 kB
Dirty:             47052 kB
Writeback:             0 kB
AnonPages:       2595320 kB
Mapped:           721956 kB
Shmem:             25256 kB
KReclaimable:     127392 kB
Slab:             230500 kB
SReclaimable:      57436 kB
SUnreclaim:       173064 kB
KernelStack:       50812 kB
PageTables:        63764 kB
NFS_Unstable:          0 kB
Bounce:                0 kB
WritebackTmp:          0 kB
CommitLimit:     6660208 kB
Committed_AS:   68660772 kB
VmallocTotal:   263061440 kB
VmallocUsed:       91268 kB
VmallocChunk:          0 kB
Percpu:             7904 kB
CmaTotal:         315392 kB
CmaFree:               0 kB
MemTotal:        5980400 kB
MemFree:          396136 kB
MemAvailable:    1130160 kB
Buffers:            1376 kB
Cached:          1171812 kB
SwapCached:           68 kB
Active:          2853708 kB
Inactive:         909632 kB
Active(anon):    2097456 kB
Inactive(anon):   522592 kB
Active(file):     756252 kB
Inactive(file):   387040 kB
Unevictable:        5724 kB
Mlocked:            5724 kB
SwapTotal:       3670008 kB
SwapFree:        3619836 kB
Dirty:             47364 kB
Writeback:             0 kB
AnonPages:       2595984 kB
Mapped:           722456 kB
Shmem:             25256 kB
KReclaimable:     126672 kB
Slab:             230524 kB
SReclaimable:      57452 kB
SUnreclaim:       173072 kB
KernelStack:       50816 kB
PageTables:        63676 kB
NFS_Unstable:          0 kB
Bounce:                0 kB
WritebackTmp:          0 kB
CommitLimit:     6660208 kB
Committed_AS:   68658004 kB
VmallocTotal:   263061440 kB
VmallocUsed:       91220 kB
VmallocChunk:          0 kB
Percpu:             7904 kB
CmaTotal:         315392 kB
CmaFree:               0 kB
MemTotal:        5980400 kB
MemFree:          395572 kB
MemAvailable:    1129608 kB
Buffers:            1376 kB
Cached:          1171824 kB
SwapCached:           68 kB
Active:          2854976 kB
Inactive:         909620 kB
Active(anon):    2098700 kB
Inactive(anon):   522592 kB
Active(file):     756276 kB
Inactive(file):   387028 kB
Unevictable:        5724 kB
Mlocked:            5724 kB
SwapTotal:       3670008 kB
SwapFree:        3619836 kB
Dirty:             30044 kB
Writeback:         13692 kB
AnonPages:       2596948 kB
Mapped:           722436 kB
Shmem:             25256 kB
KReclaimable:     126672 kB
Slab:             230756 kB
SReclaimable:      57452 kB
SUnreclaim:       173304 kB
KernelStack:       50752 kB
PageTables:        63732 kB
NFS_Unstable:          0 kB
Bounce:                0 kB
WritebackTmp:          0 kB
CommitLimit:     6660208 kB
Committed_AS:   68657200 kB
VmallocTotal:   263061440 kB
VmallocUsed:       91188 kB
VmallocChunk:          0 kB
Percpu:             7904 kB
CmaTotal:         315392 kB
CmaFree:               0 kB
MemTotal:        5980400 kB
MemFree:          392812 kB
MemAvailable:    1126892 kB
Buffers:            1376 kB
Cached:          1171872 kB
SwapCached:           68 kB
Active:          2855664 kB
Inactive:         909648 kB
Active(anon):    2099368 kB
Inactive(anon):   522596 kB
Active(file):     756296 kB
Inactive(file):   387052 kB
Unevictable:        5724 kB
Mlocked:            5724 kB
SwapTotal:       3670008 kB
SwapFree:        3619836 kB
Dirty:             29908 kB
Writeback:             0 kB
AnonPages:       2597508 kB
Mapped:           722528 kB
Shmem:             25260 kB
KReclaimable:     126672 kB
Slab:             230480 kB
SReclaimable:      57452 kB
SUnreclaim:       173028 kB
KernelStack:       50800 kB
PageTables:        63632 kB
NFS_Unstable:          0 kB
Bounce:                0 kB
WritebackTmp:          0 kB
CommitLimit:     6660208 kB
Committed_AS:   68658248 kB
VmallocTotal:   263061440 kB
VmallocUsed:       91220 kB
VmallocChunk:          0 kB
Percpu:             7904 kB
CmaTotal:         315392 kB
CmaFree:               0 kB
MemTotal:        5980400 kB
MemFree:          392928 kB
MemAvailable:    1127020 kB
Buffers:            1376 kB
Cached:          1171884 kB
SwapCached:           68 kB
Active:          2855608 kB
Inactive:         909660 kB
Active(anon):    2099312 kB
Inactive(anon):   522596 kB
Active(file):     756296 kB
Inactive(file):   387064 kB
Unevictable:        5724 kB
Mlocked:            5724 kB
SwapTotal:       3670008 kB
SwapFree:        3619836 kB
Dirty:             29924 kB
Writeback:             0 kB
AnonPages:       2597300 kB
Mapped:           722652 kB
Shmem:             25260 kB
KReclaimable:     126672 kB
Slab:             230480 kB
SReclaimable:      57452 kB
SUnreclaim:       173028 kB
KernelStack:       50716 kB
PageTables:        63456 kB
NFS_Unstable:          0 kB
Bounce:                0 kB
WritebackTmp:          0 kB
CommitLimit:     6660208 kB
Committed_AS:   68658244 kB
VmallocTotal:   263061440 kB
VmallocUsed:       91156 kB
VmallocChunk:          0 kB
Percpu:             7904 kB
CmaTotal:         315392 kB
CmaFree:               0 kB
MemTotal:        5980400 kB
MemFree:          392892 kB
MemAvailable:    1126988 kB
Buffers:            1376 kB
Cached:          1171896 kB
SwapCached:           68 kB
Active:          2855508 kB
Inactive:         909680 kB
Active(anon):    2099220 kB
Inactive(anon):   522604 kB
Active(file):     756288 kB
Inactive(file):   387076 kB
Unevictable:        5724 kB
Mlocked:            5724 kB
SwapTotal:       3670008 kB
SwapFree:        3619836 kB
Dirty:             29940 kB
Writeback:             0 kB
AnonPages:       2597500 kB
Mapped:           722472 kB
Shmem:             25268 kB
KReclaimable:     126672 kB
Slab:             230476 kB
SReclaimable:      57452 kB
SUnreclaim:       173024 kB
KernelStack:       50716 kB
PageTables:        63516 kB
NFS_Unstable:          0 kB
Bounce:                0 kB
WritebackTmp:          0 kB
CommitLimit:     6660208 kB
Committed_AS:   68657352 kB
VmallocTotal:   263061440 kB
VmallocUsed:       91140 kB
VmallocChunk:          0 kB
Percpu:             7904 kB
CmaTotal:         315392 kB
CmaFree:               0 kB
MemTotal:        5980400 kB
MemFree:          392648 kB
MemAvailable:    1126772 kB
Buffers:            1376 kB
Cached:          1171900 kB
SwapCached:           68 kB
Active:          2855660 kB
Inactive:         909684 kB
Active(anon):    2099372 kB
Inactive(anon):   522604 kB
Active(file):     756288 kB
Inactive(file):   387080 kB
Unevictable:        5724 kB
Mlocked:            5724 kB
SwapTotal:       3670008 kB
SwapFree:        3619836 kB
Dirty:             29944 kB
Writeback:             0 kB
AnonPages:       2597724 kB
Mapped:           722628 kB
Shmem:             25268 kB
KReclaimable:     126720 kB
Slab:             230524 kB
SReclaimable:      57500 kB
SUnreclaim:       173024 kB
KernelStack:       50668 kB
PageTables:        63632 kB
NFS_Unstable:          0 kB
Bounce:                0 kB
WritebackTmp:          0 kB
CommitLimit:     6660208 kB
Committed_AS:   68656512 kB
VmallocTotal:   263061440 kB
VmallocUsed:       91140 kB
VmallocChunk:          0 kB
Percpu:             7904 kB
CmaTotal:         315392 kB
CmaFree:               0 kB
MemTotal:        5980400 kB
MemFree:          392772 kB
MemAvailable:    1126944 kB
Buffers:            1376 kB
Cached:          1171964 kB
SwapCached:           68 kB
Active:          2855980 kB
Inactive:         909736 kB
Active(anon):    2099692 kB
Inactive(anon):   522608 kB
Active(file):     756288 kB
Inactive(file):   387128 kB
Unevictable:        5724 kB
Mlocked:            5724 kB
SwapTotal:       3670008 kB
SwapFree:        3619836 kB
Dirty:              1420 kB
Writeback:         15628 kB
AnonPages:       2598036 kB
Mapped:           722544 kB
Shmem:             25272 kB
KReclaimable:     126720 kB
Slab:             230524 kB
SReclaimable:      57500 kB
SUnreclaim:       173024 kB
KernelStack:       50704 kB
PageTables:        63824 kB
NFS_Unstable:          0 kB
Bounce:                0 kB
WritebackTmp:          0 kB
CommitLimit:     6660208 kB
Committed_AS:   68657672 kB
VmallocTotal:   263061440 kB
VmallocUsed:       91108 kB
VmallocChunk:          0 kB
Percpu:             7904 kB
CmaTotal:         315392 kB
CmaFree:               0 kB
MemTotal:        5980400 kB
MemFree:          393152 kB
MemAvailable:    1127348 kB
Buffers:            1376 kB
Cached:          1171988 kB
SwapCached:           68 kB
Active:          2856116 kB
Inactive:         909772 kB
Active(anon):    2099828 kB
Inactive(anon):   522620 kB
Active(file):     756288 kB
Inactive(file):   387152 kB
Unevictable:        5724 kB
Mlocked:            5724 kB
SwapTotal:       3670008 kB
SwapFree:        3619836 kB
Dirty:               532 kB
Writeback:             0 kB
AnonPages:       2597896 kB
Mapped:           722636 kB
Shmem:             25284 kB
KReclaimable:     126720 kB
Slab:             230524 kB
SReclaimable:      57500 kB
SUnreclaim:       173024 kB
KernelStack:       50544 kB
PageTables:        63580 kB
NFS_Unstable:          0 kB
Bounce:                0 kB
WritebackTmp:          0 kB
CommitLimit:     6660208 kB
Committed_AS:   68658560 kB
VmallocTotal:   263061440 kB
VmallocUsed:       91012 kB
VmallocChunk:          0 kB
Percpu:             7904 kB
CmaTotal:         315392 kB
CmaFree:               0 kB
MemTotal:        5980400 kB
MemFree:          393104 kB
MemAvailable:    1127320 kB
Buffers:            1376 kB
Cached:          1172000 kB
SwapCached:           68 kB
Active:          2855224 kB
Inactive:         909780 kB
Active(anon):    2098932 kB
Inactive(anon):   522620 kB
Active(file):     756292 kB
Inactive(file):   387160 kB
Unevictable:        5724 kB
Mlocked:            5724 kB
SwapTotal:       3670008 kB
SwapFree:        3619836 kB
Dirty:               552 kB
Writeback:             0 kB
AnonPages:       2597484 kB
Mapped:           722484 kB
Shmem:             25284 kB
KReclaimable:     126736 kB
Slab:             230540 kB
SReclaimable:      57516 kB
SUnreclaim:       173024 kB
KernelStack:       50528 kB
PageTables:        63744 kB
NFS_Unstable:          0 kB
Bounce:                0 kB
WritebackTmp:          0 kB
CommitLimit:     6660208 kB
Committed_AS:   68655352 kB
VmallocTotal:   263061440 kB
VmallocUsed:       90996 kB
VmallocChunk:          0 kB
Percpu:             7904 kB
CmaTotal:         315392 kB
CmaFree:              28 kB
MemTotal:        5980400 kB
MemFree:          395220 kB
MemAvailable:    1129440 kB
Buffers:            1376 kB
Cached:          1172004 kB
SwapCached:           68 kB
Active:          2854264 kB
Inactive:         909784 kB
Active(anon):    2097972 kB
Inactive(anon):   522620 kB
Active(file):     756292 kB
Inactive(file):   387164 kB
Unevictable:        5724 kB
Mlocked:            5724 kB
SwapTotal:       3670008 kB
SwapFree:        3619836 kB
Dirty:               588 kB
Writeback:             0 kB
AnonPages:       2596256 kB
Mapped:           722724 kB
Shmem:             25284 kB
KReclaimable:     126736 kB
Slab:             230540 kB
SReclaimable:      57516 kB
SUnreclaim:       173024 kB
KernelStack:       50524 kB
PageTables:        63896 kB
NFS_Unstable:          0 kB
Bounce:                0 kB
WritebackTmp:          0 kB
CommitLimit:     6660208 kB
Committed_AS:   68656560 kB
VmallocTotal:   263061440 kB
VmallocUsed:       90996 kB
VmallocChunk:          0 kB
Percpu:             7904 kB
CmaTotal:         315392 kB
CmaFree:              28 kB
MemTotal:        5980400 kB
MemFree:          393604 kB
MemAvailable:    1127832 kB
Buffers:            1376 kB
Cached:          1172012 kB
SwapCached:           68 kB
Active:          2854552 kB
Inactive:         909792 kB
Active(anon):    2098260 kB
Inactive(anon):   522620 kB
Active(file):     756292 kB
Inactive(file):   387172 kB
Unevictable:        5724 kB
Mlocked:            5724 kB
SwapTotal:       3670008 kB
SwapFree:        3619836 kB
Dirty:               684 kB
Writeback:             0 kB
AnonPages:       2596440 kB
Mapped:           722500 kB
Shmem:             25284 kB
KReclaimable:     126736 kB
Slab:             230540 kB
SReclaimable:      57516 kB
SUnreclaim:       173024 kB
KernelStack:       50556 kB
PageTables:        63608 kB
NFS_Unstable:          0 kB
Bounce:                0 kB
WritebackTmp:          0 kB
CommitLimit:     6660208 kB
Committed_AS:   68657336 kB
VmallocTotal:   263061440 kB
VmallocUsed:       91012 kB
VmallocChunk:          0 kB
Percpu:             7904 kB
CmaTotal:         315392 kB
CmaFree:               0 kB
MemTotal:        5980400 kB
MemFree:          392464 kB
MemAvailable:    1126704 kB
Buffers:            1376 kB
Cached:          1172028 kB
SwapCached:           68 kB
Active:          2854180 kB
Inactive:         909808 kB
Active(anon):    2097888 kB
Inactive(anon):   522624 kB
Active(file):     756292 kB
Inactive(file):   387184 kB
Unevictable:        5724 kB
Mlocked:            5724 kB
SwapTotal:       3670008 kB
SwapFree:        3619836 kB
Dirty:               712 kB
Writeback:             0 kB
AnonPages:       2596188 kB
Mapped:           722532 kB
Shmem:             25288 kB
KReclaimable:     126736 kB
Slab:             230536 kB
SReclaimable:      57516 kB
SUnreclaim:       173020 kB
KernelStack:       50480 kB
PageTables:        63572 kB
NFS_Unstable:          0 kB
Bounce:                0 kB
WritebackTmp:          0 kB
CommitLimit:     6660208 kB
Committed_AS:   68655672 kB
VmallocTotal:   263061440 kB
VmallocUsed:       90932 kB
VmallocChunk:          0 kB
Percpu:             7904 kB
CmaTotal:         315392 kB
CmaFree:               0 kB
MemTotal:        5980400 kB
MemFree:          392372 kB
MemAvailable:    1126624 kB
Buffers:            1376 kB
Cached:          1172040 kB
SwapCached:           68 kB
Active:          2855524 kB
Inactive:         909816 kB
Active(anon):    2099228 kB
Inactive(anon):   522624 kB
Active(file):     756296 kB
Inactive(file):   387192 kB
Unevictable:        5724 kB
Mlocked:            5724 kB
SwapTotal:       3670008 kB
SwapFree:        3619836 kB
Dirty:               728 kB
Writeback:             0 kB
AnonPages:       2597412 kB
Mapped:           722852 kB
Shmem:             25288 kB
KReclaimable:     126736 kB
Slab:             230536 kB
SReclaimable:      57516 kB
SUnreclaim:       173020 kB
KernelStack:       50316 kB
PageTables:        63684 kB
NFS_Unstable:          0 kB
Bounce:                0 kB
WritebackTmp:          0 kB
CommitLimit:     6660208 kB
Committed_AS:   68655288 kB
VmallocTotal:   263061440 kB
VmallocUsed:       90788 kB
VmallocChunk:          0 kB
Percpu:             7904 kB
CmaTotal:         315392 kB
CmaFree:               8 kB
MemTotal:        5980400 kB
MemFree:          391816 kB
MemAvailable:    1126164 kB
Buffers:            1376 kB
Cached:          1172136 kB
SwapCached:           68 kB
Active:          2855532 kB
Inactive:         909904 kB
Active(anon):    2099228 kB
Inactive(anon):   522624 kB
Active(file):     756304 kB
Inactive(file):   387280 kB
Unevictable:        5724 kB
Mlocked:            5724 kB
SwapTotal:       3670008 kB
SwapFree:        3619836 kB
Dirty:               772 kB
Writeback:             0 kB
AnonPages:       2597376 kB
Mapped:           722628 kB
Shmem:             25288 kB
KReclaimable:     126736 kB
Slab:             230504 kB
SReclaimable:      57516 kB
SUnreclaim:       172988 kB
KernelStack:       50284 kB
PageTables:        63488 kB
NFS_Unstable:          0 kB
Bounce:                0 kB
WritebackTmp:          0 kB
CommitLimit:     6660208 kB
Committed_AS:   68656108 kB
VmallocTotal:   263061440 kB
VmallocUsed:       90788 kB
VmallocChunk:          0 kB
Percpu:             7904 kB
CmaTotal:         315392 kB
CmaFree:               0 kB
MemTotal:        5980400 kB
MemFree:          392936 kB
MemAvailable:    1127292 kB
Buffers:            1380 kB
Cached:          1172140 kB
SwapCached:           68 kB
Active:          2855832 kB
Inactive:         909912 kB
Active(anon):    2099528 kB
Inactive(anon):   522624 kB
Active(file):     756304 kB
Inactive(file):   387288 kB
Unevictable:        5724 kB
Mlocked:            5724 kB
SwapTotal:       3670008 kB
SwapFree:        3619836 kB
Dirty:               780 kB
Writeback:             0 kB
AnonPages:       2597616 kB
Mapped:           722704 kB
Shmem:             25288 kB
KReclaimable:     126736 kB
Slab:             230504 kB
SReclaimable:      57516 kB
SUnreclaim:       172988 kB
KernelStack:       50284 kB
PageTables:        63780 kB
NFS_Unstable:          0 kB
Bounce:                0 kB
WritebackTmp:          0 kB
CommitLimit:     6660208 kB
Committed_AS:   68654608 kB
VmallocTotal:   263061440 kB
VmallocUsed:       90772 kB
VmallocChunk:          0 kB
Percpu:             7904 kB
CmaTotal:         315392 kB
CmaFree:               0 kB
MemTotal:        5980400 kB
MemFree:          391812 kB
MemAvailable:    1126180 kB
Buffers:            1380 kB
Cached:          1172152 kB
SwapCached:           68 kB
Active:          2855812 kB
Inactive:         909920 kB
Active(anon):    2099504 kB
Inactive(anon):   522624 kB
Active(file):     756308 kB
Inactive(file):   387296 kB
Unevictable:        5724 kB
Mlocked:            5724 kB
SwapTotal:       3670008 kB
SwapFree:        3619836 kB
Dirty:               780 kB
Writeback:             0 kB
AnonPages:       2598032 kB
Mapped:           722544 kB
Shmem:             25288 kB
KReclaimable:     126736 kB
Slab:             230504 kB
SReclaimable:      57516 kB
SUnreclaim:       172988 kB
KernelStack:       50316 kB
PageTables:        63604 kB
NFS_Unstable:          0 kB
Bounce:                0 kB
WritebackTmp:          0 kB
CommitLimit:     6660208 kB
Committed_AS:   68655564 kB
VmallocTotal:   263061440 kB
VmallocUsed:       90788 kB
VmallocChunk:          0 kB
Percpu:             7904 kB
CmaTotal:         315392 kB
CmaFree:               0 kB
MemTotal:        5980400 kB
MemFree:          391516 kB
MemAvailable:    1125900 kB
Buffers:            1380 kB
Cached:          1172168 kB
SwapCached:           68 kB
Active:          2856300 kB
Inactive:         909936 kB
Active(anon):    2099992 kB
Inactive(anon):   522624 kB
Active(file):     756308 kB
Inactive(file):   387312 kB
Unevictable:        5724 kB
Mlocked:            5724 kB
SwapTotal:       3670008 kB
SwapFree:        3619836 kB
Dirty:               796 kB
Writeback:             0 kB
AnonPages:       2598316 kB
Mapped:           722708 kB
Shmem:             25288 kB
KReclaimable:     126736 kB
Slab:             230504 kB
SReclaimable:      57516 kB
SUnreclaim:       172988 kB
KernelStack:       50316 kB
PageTables:        63808 kB
NFS_Unstable:          0 kB
Bounce:                0 kB
WritebackTmp:          0 kB
CommitLimit:     6660208 kB
Committed_AS:   68654820 kB
VmallocTotal:   263061440 kB
VmallocUsed:       90772 kB
VmallocChunk:          0 kB
Percpu:             7904 kB
CmaTotal:         315392 kB
CmaFree:               0 kB
MemTotal:        5980400 kB
MemFree:          391472 kB
MemAvailable:    1125860 kB
Buffers:            1380 kB
Cached:          1172172 kB
SwapCached:           68 kB
Active:          2856428 kB
Inactive:         909940 kB
Active(anon):    2100120 kB
Inactive(anon):   522624 kB
Active(file):     756308 kB
Inactive(file):   387316 kB
Unevictable:        5724 kB
Mlocked:            5724 kB
SwapTotal:       3670008 kB
SwapFree:        3619836 kB
Dirty:               800 kB
Writeback:             0 kB
AnonPages:       2598172 kB
Mapped:           722612 kB
Shmem:             25288 kB
KReclaimable:     126736 kB
Slab:             230504 kB
SReclaimable:      57516 kB
SUnreclaim:       172988 kB
KernelStack:       50352 kB
PageTables:        63760 kB
NFS_Unstable:          0 kB
Bounce:                0 kB
WritebackTmp:          0 kB
CommitLimit:     6660208 kB
Committed_AS:   68654568 kB
VmallocTotal:   263061440 kB
VmallocUsed:       90788 kB
VmallocChunk:          0 kB
Percpu:             7904 kB
CmaTotal:         315392 kB
CmaFree:               0 kB
MemTotal:        5980400 kB
MemFree:          393004 kB
MemAvailable:    1127396 kB
Buffers:            1380 kB
Cached:          1172176 kB
SwapCached:           68 kB
Active:          2855920 kB
Inactive:         909944 kB
Active(anon):    2099612 kB
Inactive(anon):   522624 kB
Active(file):     756308 kB
Inactive(file):   387320 kB
Unevictable:        5724 kB
Mlocked:            5724 kB
SwapTotal:       3670008 kB
SwapFree:        3619836 kB
Dirty:               804 kB
Writeback:             0 kB
AnonPages:       2597744 kB
Mapped:           722548 kB
Shmem:             25288 kB
KReclaimable:     126736 kB
Slab:             230504 kB
SReclaimable:      57516 kB
SUnreclaim:       172988 kB
KernelStack:       50316 kB
PageTables:        63544 kB
NFS_Unstable:          0 kB
Bounce:                0 kB
WritebackTmp:          0 kB
CommitLimit:     6660208 kB
Committed_AS:   68654176 kB
VmallocTotal:   263061440 kB
VmallocUsed:       90788 kB
VmallocChunk:          0 kB
Percpu:             7904 kB
CmaTotal:         315392 kB
CmaFree:              28 kB
MemTotal:        5980400 kB
MemFree:          392260 kB
MemAvailable:    1126804 kB
Buffers:            1380 kB
Cached:          1172332 kB
SwapCached:           68 kB
Active:          2854996 kB
Inactive:         909960 kB
Active(anon):    2098548 kB
Inactive(anon):   522628 kB
Active(file):     756448 kB
Inactive(file):   387332 kB
Unevictable:        5724 kB
Mlocked:            5724 kB
SwapTotal:       3670008 kB
SwapFree:        3619836 kB
Dirty:               816 kB
Writeback:             0 kB
AnonPages:       2597036 kB
Mapped:           722564 kB
Shmem:             25292 kB
KReclaimable:     126736 kB
Slab:             230504 kB
SReclaimable:      57516 kB
SUnreclaim:       172988 kB
KernelStack:       50336 kB
PageTables:        63624 kB
NFS_Unstable:          0 kB
Bounce:                0 kB
WritebackTmp:          0 kB
CommitLimit:     6660208 kB
Committed_AS:   68651896 kB
VmallocTotal:   263061440 kB
VmallocUsed:       90756 kB
VmallocChunk:          0 kB
Percpu:             7904 kB
CmaTotal:         315392 kB
CmaFree:               0 kB
MemTotal:        5980400 kB
MemFree:          391112 kB
MemAvailable:    1125664 kB
Buffers:            1380 kB
Cached:          1172340 kB
SwapCached:           68 kB
Active:          2855108 kB
Inactive:         909968 kB
Active(anon):    2098660 kB
Inactive(anon):   522628 kB
Active(file):     756448 kB
Inactive(file):   387340 kB
Unevictable:        5724 kB
Mlocked:            5724 kB
SwapTotal:       3670008 kB
SwapFree:        3619836 kB
Dirty:               824 kB
Writeback:             0 kB
AnonPages:       2597104 kB
Mapped:           722832 kB
Shmem:             25292 kB
KReclaimable:     126736 kB
Slab:             230504 kB
SReclaimable:      57516 kB
SUnreclaim:       172988 kB
KernelStack:       50360 kB
PageTables:        63876 kB
NFS_Unstable:          0 kB
Bounce:                0 kB
WritebackTmp:          0 kB
CommitLimit:     6660208 kB
Committed_AS:   68655188 kB
VmallocTotal:   263061440 kB
VmallocUsed:       90788 kB
VmallocChunk:          0 kB
Percpu:             7904 kB
CmaTotal:         315392 kB
CmaFree:              32 kB
MemTotal:        5980400 kB
MemFree:          391268 kB
MemAvailable:    1125820 kB
Buffers:            1380 kB
Cached:          1172340 kB
SwapCached:           68 kB
Active:          2855488 kB
Inactive:         909968 kB
Active(anon):    2099040 kB
Inactive(anon):   522628 kB
Active(file):     756448 kB
Inactive(file):   387340 kB
Unevictable:        5724 kB
Mlocked:            5724 kB
SwapTotal:       3670008 kB
SwapFree:        3619836 kB
Dirty:               824 kB
Writeback:             0 kB
AnonPages:       2597356 kB
Mapped:           722568 kB
Shmem:             25292 kB
KReclaimable:     126736 kB
Slab:             230504 kB
SReclaimable:      57516 kB
SUnreclaim:       172988 kB
KernelStack:       50288 kB
PageTables:        63532 kB
NFS_Unstable:          0 kB
Bounce:                0 kB
WritebackTmp:          0 kB
CommitLimit:     6660208 kB
Committed_AS:   68654016 kB
VmallocTotal:   263061440 kB
VmallocUsed:       90772 kB
VmallocChunk:          0 kB
Percpu:             7904 kB
CmaTotal:         315392 kB
CmaFree:               0 kB
MemTotal:        5980400 kB
MemFree:          409440 kB
MemAvailable:    1144012 kB
Buffers:            1380 kB
Cached:          1172360 kB
SwapCached:           68 kB
Active:          2837280 kB
Inactive:         909920 kB
Active(anon):    2080764 kB
Inactive(anon):   522628 kB
Active(file):     756516 kB
Inactive(file):   387292 kB
Unevictable:        5724 kB
Mlocked:            5724 kB
SwapTotal:       3670008 kB
SwapFree:        3619836 kB
Dirty:               872 kB
Writeback:            12 kB
AnonPages:       2578880 kB
Mapped:           715308 kB
Shmem:             25292 kB
KReclaimable:     126736 kB
Slab:             230504 kB
SReclaimable:      57516 kB
SUnreclaim:       172988 kB
KernelStack:       50292 kB
PageTables:        63648 kB
NFS_Unstable:          0 kB
Bounce:                0 kB
WritebackTmp:          0 kB
CommitLimit:     6660208 kB
Committed_AS:   68652584 kB
VmallocTotal:   263061440 kB
VmallocUsed:       90740 kB
VmallocChunk:          0 kB
Percpu:             7904 kB
CmaTotal:         315392 kB
CmaFree:             184 kB
MemTotal:        5980400 kB
MemFree:          409160 kB
MemAvailable:    1143732 kB
Buffers:            1380 kB
Cached:          1172360 kB
SwapCached:           68 kB
Active:          2837452 kB
Inactive:         909920 kB
Active(anon):    2080936 kB
Inactive(anon):   522628 kB
Active(file):     756516 kB
Inactive(file):   387292 kB
Unevictable:        5724 kB
Mlocked:            5724 kB
SwapTotal:       3670008 kB
SwapFree:        3619836 kB
Dirty:               896 kB
Writeback:             0 kB
AnonPages:       2579248 kB
Mapped:           715256 kB
Shmem:             25292 kB
KReclaimable:     126736 kB
Slab:             230504 kB
SReclaimable:      57516 kB
SUnreclaim:       172988 kB
KernelStack:       50320 kB
PageTables:        63584 kB
NFS_Unstable:          0 kB
Bounce:                0 kB
WritebackTmp:          0 kB
CommitLimit:     6660208 kB
Committed_AS:   68653448 kB
VmallocTotal:   263061440 kB
VmallocUsed:       90740 kB
VmallocChunk:          0 kB
Percpu:             7904 kB
CmaTotal:         315392 kB
CmaFree:               0 kB
MemTotal:        5980400 kB
MemFree:          409176 kB
MemAvailable:    1143760 kB
Buffers:            1380 kB
Cached:          1172372 kB
SwapCached:           68 kB
Active:          2837828 kB
Inactive:         909932 kB
Active(anon):    2081312 kB
Inactive(anon):   522628 kB
Active(file):     756516 kB
Inactive(file):   387304 kB
Unevictable:        5724 kB
Mlocked:            5724 kB
SwapTotal:       3670008 kB
SwapFree:        3619836 kB
Dirty:               924 kB
Writeback:             0 kB
AnonPages:       2579440 kB
Mapped:           715412 kB
Shmem:             25292 kB
KReclaimable:     126736 kB
Slab:             230504 kB
SReclaimable:      57516 kB
SUnreclaim:       172988 kB
KernelStack:       50344 kB
PageTables:        63772 kB
NFS_Unstable:          0 kB
Bounce:                0 kB
WritebackTmp:          0 kB
CommitLimit:     6660208 kB
Committed_AS:   68656092 kB
VmallocTotal:   263061440 kB
VmallocUsed:       90772 kB
VmallocChunk:          0 kB
Percpu:             7904 kB
CmaTotal:         315392 kB
CmaFree:              64 kB
MemTotal:        5980400 kB
MemFree:          408204 kB
MemAvailable:    1142792 kB
Buffers:            1380 kB
Cached:          1172376 kB
SwapCached:           68 kB
Active:          2838672 kB
Inactive:         909932 kB
Active(anon):    2082152 kB
Inactive(anon):   522628 kB
Active(file):     756520 kB
Inactive(file):   387304 kB
Unevictable:        5724 kB
Mlocked:            5724 kB
SwapTotal:       3670008 kB
SwapFree:        3619836 kB
Dirty:               936 kB
Writeback:             0 kB
AnonPages:       2580424 kB
Mapped:           715412 kB
Shmem:             25292 kB
KReclaimable:     126736 kB
Slab:             230504 kB
SReclaimable:      57516 kB
SUnreclaim:       172988 kB
KernelStack:       50288 kB
PageTables:        63572 kB
NFS_Unstable:          0 kB
Bounce:                0 kB
WritebackTmp:          0 kB
CommitLimit:     6660208 kB
Committed_AS:   68672748 kB
VmallocTotal:   263061440 kB
VmallocUsed:       90756 kB
VmallocChunk:          0 kB
Percpu:             7904 kB
CmaTotal:         315392 kB
CmaFree:               4 kB
MemTotal:        5980400 kB
MemFree:          408672 kB
MemAvailable:    1143268 kB
Buffers:            1380 kB
Cached:          1172392 kB
SwapCached:           68 kB
Active:          2838608 kB
Inactive:         909948 kB
Active(anon):    2082088 kB
Inactive(anon):   522636 kB
Active(file):     756520 kB
Inactive(file):   387312 kB
Unevictable:        5724 kB
Mlocked:            5724 kB
SwapTotal:       3670008 kB
SwapFree:        3619836 kB
Dirty:               956 kB
Writeback:             0 kB
AnonPages:       2580276 kB
Mapped:           715552 kB
Shmem:             25300 kB
KReclaimable:     126736 kB
Slab:             230504 kB
SReclaimable:      57516 kB
SUnreclaim:       172988 kB
KernelStack:       50288 kB
PageTables:        63736 kB
NFS_Unstable:          0 kB
Bounce:                0 kB
WritebackTmp:          0 kB
CommitLimit:     6660208 kB
Committed_AS:   68672392 kB
VmallocTotal:   263061440 kB
VmallocUsed:       90708 kB
VmallocChunk:          0 kB
Percpu:             7904 kB
CmaTotal:         315392 kB
CmaFree:             212 kB
MemTotal:        5980400 kB
MemFree:          408124 kB
MemAvailable:    1142736 kB
Buffers:            1380 kB
Cached:          1172416 kB
SwapCached:           68 kB
Active:          2839180 kB
Inactive:         909972 kB
Active(anon):    2082660 kB
Inactive(anon):   522644 kB
Active(file):     756520 kB
Inactive(file):   387328 kB
Unevictable:        5724 kB
Mlocked:            5724 kB
SwapTotal:       3670008 kB
SwapFree:        3619836 kB
Dirty:              1000 kB
Writeback:             0 kB
AnonPages:       2581080 kB
Mapped:           715408 kB
Shmem:             25308 kB
KReclaimable:     126736 kB
Slab:             230504 kB
SReclaimable:      57516 kB
SUnreclaim:       172988 kB
KernelStack:       50288 kB
PageTables:        63568 kB
NFS_Unstable:          0 kB
Bounce:                0 kB
WritebackTmp:          0 kB
CommitLimit:     6660208 kB
Committed_AS:   68669196 kB
VmallocTotal:   263061440 kB
VmallocUsed:       90676 kB
VmallocChunk:          0 kB
Percpu:             7904 kB
CmaTotal:         315392 kB
CmaFree:               0 kB
MemTotal:        5980400 kB
MemFree:          406620 kB
MemAvailable:    1141232 kB
Buffers:            1380 kB
Cached:          1172416 kB
SwapCached:           68 kB
Active:          2839036 kB
Inactive:         909972 kB
Active(anon):    2082516 kB
Inactive(anon):   522644 kB
Active(file):     756520 kB
Inactive(file):   387328 kB
Unevictable:        5724 kB
Mlocked:            5724 kB
SwapTotal:       3670008 kB
SwapFree:        3619836 kB
Dirty:              1028 kB
Writeback:             0 kB
AnonPages:       2580864 kB
Mapped:           715564 kB
Shmem:             25308 kB
KReclaimable:     126736 kB
Slab:             230504 kB
SReclaimable:      57516 kB
SUnreclaim:       172988 kB
KernelStack:       50224 kB
PageTables:        63624 kB
NFS_Unstable:          0 kB
Bounce:                0 kB
WritebackTmp:          0 kB
CommitLimit:     6660208 kB
Committed_AS:   68670140 kB
VmallocTotal:   263061440 kB
VmallocUsed:       90628 kB
VmallocChunk:          0 kB
Percpu:             7904 kB
CmaTotal:         315392 kB
CmaFree:             156 kB
MemTotal:        5980400 kB
MemFree:          407796 kB
MemAvailable:    1142424 kB
Buffers:            1380 kB
Cached:          1172428 kB
SwapCached:           68 kB
Active:          2838996 kB
Inactive:         909984 kB
Active(anon):    2082476 kB
Inactive(anon):   522648 kB
Active(file):     756520 kB
Inactive(file):   387336 kB
Unevictable:        5724 kB
Mlocked:            5724 kB
SwapTotal:       3670008 kB
SwapFree:        3619836 kB
Dirty:              1060 kB
Writeback:             0 kB
AnonPages:       2580792 kB
Mapped:           715412 kB
Shmem:             25312 kB
KReclaimable:     126752 kB
Slab:             230520 kB
SReclaimable:      57532 kB
SUnreclaim:       172988 kB
KernelStack:       50256 kB
PageTables:        63504 kB
NFS_Unstable:          0 kB
Bounce:                0 kB
WritebackTmp:          0 kB
CommitLimit:     6660208 kB
Committed_AS:   68669204 kB
VmallocTotal:   263061440 kB
VmallocUsed:       90692 kB
VmallocChunk:          0 kB
Percpu:             7904 kB
CmaTotal:         315392 kB
CmaFree:               0 kB
MemTotal:        5980400 kB
MemFree:          402244 kB
MemAvailable:    1136872 kB
Buffers:            1380 kB
Cached:          1172428 kB
SwapCached:           68 kB
Active:          2845120 kB
Inactive:         909984 kB
Active(anon):    2088600 kB
Inactive(anon):   522648 kB
Active(file):     756520 kB
Inactive(file):   387336 kB
Unevictable:        5724 kB
Mlocked:            5724 kB
SwapTotal:       3670008 kB
SwapFree:        3619836 kB
Dirty:              1060 kB
Writeback:             0 kB
AnonPages:       2586860 kB
Mapped:           715648 kB
Shmem:             25312 kB
KReclaimable:     126752 kB
Slab:             230520 kB
SReclaimable:      57532 kB
SUnreclaim:       172988 kB
KernelStack:       50304 kB
PageTables:        63684 kB
NFS_Unstable:          0 kB
Bounce:                0 kB
WritebackTmp:          0 kB
CommitLimit:     6660208 kB
Committed_AS:   68666904 kB
VmallocTotal:   263061440 kB
VmallocUsed:       90692 kB
VmallocChunk:          0 kB
Percpu:             7904 kB
CmaTotal:         315392 kB
CmaFree:             100 kB
MemTotal:        5980400 kB
MemFree:          396352 kB
MemAvailable:    1130820 kB
Buffers:            1380 kB
Cached:          1172920 kB
SwapCached:           68 kB
Active:          2852016 kB
Inactive:         910208 kB
Active(anon):    2095228 kB
Inactive(anon):   522648 kB
Active(file):     756788 kB
Inactive(file):   387560 kB
Unevictable:        5724 kB
Mlocked:            5724 kB
SwapTotal:       3670008 kB
SwapFree:        3619836 kB
Dirty:              1084 kB
Writeback:             0 kB
AnonPages:       2593720 kB
Mapped:           716528 kB
Shmem:             25312 kB
KReclaimable:     125448 kB
Slab:             230528 kB
SReclaimable:      57532 kB
SUnreclaim:       172996 kB
KernelStack:       50320 kB
PageTables:        63668 kB
NFS_Unstable:          0 kB
Bounce:                0 kB
WritebackTmp:          0 kB
CommitLimit:     6660208 kB
Committed_AS:   68666112 kB
VmallocTotal:   263061440 kB
VmallocUsed:       90676 kB
VmallocChunk:          0 kB
Percpu:             7904 kB
CmaTotal:         315392 kB
CmaFree:               0 kB
MemTotal:        5980400 kB
MemFree:          396544 kB
MemAvailable:    1130968 kB
Buffers:            1380 kB
Cached:          1172940 kB
SwapCached:           68 kB
Active:          2851080 kB
Inactive:         910224 kB
Active(anon):    2094288 kB
Inactive(anon):   522652 kB
Active(file):     756792 kB
Inactive(file):   387572 kB
Unevictable:        5724 kB
Mlocked:            5724 kB
SwapTotal:       3670008 kB
SwapFree:        3619836 kB
Dirty:               648 kB
Writeback:             0 kB
AnonPages:       2592260 kB
Mapped:           716648 kB
Shmem:             25316 kB
KReclaimable:     125328 kB
Slab:             230532 kB
SReclaimable:      57532 kB
SUnreclaim:       173000 kB
KernelStack:       50348 kB
PageTables:        63864 kB
NFS_Unstable:          0 kB
Bounce:                0 kB
WritebackTmp:          0 kB
CommitLimit:     6660208 kB
Committed_AS:   68673376 kB
VmallocTotal:   263061440 kB
VmallocUsed:       90708 kB
VmallocChunk:          0 kB
Percpu:             7904 kB
CmaTotal:         315392 kB
CmaFree:              12 kB
MemTotal:        5980400 kB
MemFree:          390836 kB
MemAvailable:    1125288 kB
Buffers:            1392 kB
Cached:          1172980 kB
SwapCached:           68 kB
Active:          2855788 kB
Inactive:         910252 kB
Active(anon):    2098972 kB
Inactive(anon):   522672 kB
Active(file):     756816 kB
Inactive(file):   387580 kB
Unevictable:        5724 kB
Mlocked:            5724 kB
SwapTotal:       3670008 kB
SwapFree:        3619836 kB
Dirty:               648 kB
Writeback:             0 kB
AnonPages:       2597288 kB
Mapped:           717112 kB
Shmem:             25336 kB
KReclaimable:     125320 kB
Slab:             230580 kB
SReclaimable:      57532 kB
SUnreclaim:       173048 kB
KernelStack:       50464 kB
PageTables:        63544 kB
NFS_Unstable:          0 kB
Bounce:                0 kB
WritebackTmp:          0 kB
CommitLimit:     6660208 kB
Committed_AS:   68672732 kB
VmallocTotal:   263061440 kB
VmallocUsed:       90804 kB
VmallocChunk:          0 kB
Percpu:             7904 kB
CmaTotal:         315392 kB
CmaFree:               0 kB
MemTotal:        5980400 kB
MemFree:          389096 kB
MemAvailable:    1123516 kB
Buffers:            1392 kB
Cached:          1172988 kB
SwapCached:           68 kB
Active:          2856696 kB
Inactive:         910256 kB
Active(anon):    2099876 kB
Inactive(anon):   522672 kB
Active(file):     756820 kB
Inactive(file):   387584 kB
Unevictable:        5724 kB
Mlocked:            5724 kB
SwapTotal:       3670008 kB
SwapFree:        3619836 kB
Dirty:               652 kB
Writeback:             0 kB
AnonPages:       2597948 kB
Mapped:           717264 kB
Shmem:             25336 kB
KReclaimable:     125240 kB
Slab:             230588 kB
SReclaimable:      57532 kB
SUnreclaim:       173056 kB
KernelStack:       50464 kB
PageTables:        63568 kB
NFS_Unstable:          0 kB
Bounce:                0 kB
WritebackTmp:          0 kB
CommitLimit:     6660208 kB
Committed_AS:   68673304 kB
VmallocTotal:   263061440 kB
VmallocUsed:       90900 kB
VmallocChunk:          0 kB
Percpu:             7904 kB
CmaTotal:         315392 kB
CmaFree:              16 kB
MemTotal:        5980400 kB
MemFree:          387180 kB
MemAvailable:    1122124 kB
Buffers:            1392 kB
Cached:          1173604 kB
SwapCached:           68 kB
Active:          2857332 kB
Inactive:         910344 kB
Active(anon):    2099984 kB
Inactive(anon):   522672 kB
Active(file):     757348 kB
Inactive(file):   387672 kB
Unevictable:        5724 kB
Mlocked:            5724 kB
SwapTotal:       3670008 kB
SwapFree:        3619836 kB
Dirty:               976 kB
Writeback:             0 kB
AnonPages:       2598548 kB
Mapped:           717620 kB
Shmem:             25336 kB
KReclaimable:     125056 kB
Slab:             230572 kB
SReclaimable:      57516 kB
SUnreclaim:       173056 kB
KernelStack:       50512 kB
PageTables:        64072 kB
NFS_Unstable:          0 kB
Bounce:                0 kB
WritebackTmp:          0 kB
CommitLimit:     6660208 kB
Committed_AS:   68664536 kB
VmallocTotal:   263061440 kB
VmallocUsed:       90852 kB
VmallocChunk:          0 kB
Percpu:             7904 kB
CmaTotal:         315392 kB
CmaFree:              20 kB
MemTotal:        5980400 kB
MemFree:          387108 kB
MemAvailable:    1121996 kB
Buffers:            1392 kB
Cached:          1173548 kB
SwapCached:           68 kB
Active:          2857560 kB
Inactive:         910288 kB
Active(anon):    2100212 kB
Inactive(anon):   522672 kB
Active(file):     757348 kB
Inactive(file):   387616 kB
Unevictable:        5724 kB
Mlocked:            5724 kB
SwapTotal:       3670008 kB
SwapFree:        3619836 kB
Dirty:               984 kB
Writeback:             0 kB
AnonPages:       2598548 kB
Mapped:           717448 kB
Shmem:             25336 kB
KReclaimable:     125056 kB
Slab:             230572 kB
SReclaimable:      57516 kB
SUnreclaim:       173056 kB
KernelStack:       50464 kB
PageTables:        63716 kB
NFS_Unstable:          0 kB
Bounce:                0 kB
WritebackTmp:          0 kB
CommitLimit:     6660208 kB
Committed_AS:   68665864 kB
VmallocTotal:   263061440 kB
VmallocUsed:       90884 kB
VmallocChunk:          0 kB
Percpu:             7904 kB
CmaTotal:         315392 kB
CmaFree:               0 kB
MemTotal:        5980400 kB
MemFree:          385280 kB
MemAvailable:    1120172 kB
Buffers:            1392 kB
Cached:          1173552 kB
SwapCached:           68 kB
Active:          2857748 kB
Inactive:         910292 kB
Active(anon):    2100400 kB
Inactive(anon):   522672 kB
Active(file):     757348 kB
Inactive(file):   387620 kB
Unevictable:        5724 kB
Mlocked:            5724 kB
SwapTotal:       3670008 kB
SwapFree:        3619836 kB
Dirty:               808 kB
Writeback:             0 kB
AnonPages:       2598812 kB
Mapped:           717448 kB
Shmem:             25336 kB
KReclaimable:     125056 kB
Slab:             230572 kB
SReclaimable:      57516 kB
SUnreclaim:       173056 kB
KernelStack:       50464 kB
PageTables:        63612 kB
NFS_Unstable:          0 kB
Bounce:                0 kB
WritebackTmp:          0 kB
CommitLimit:     6660208 kB
Committed_AS:   68668108 kB
VmallocTotal:   263061440 kB
VmallocUsed:       90836 kB
VmallocChunk:          0 kB
Percpu:             7904 kB
CmaTotal:         315392 kB
CmaFree:               0 kB
MemTotal:        5980400 kB
MemFree:          402968 kB
MemAvailable:    1137952 kB
Buffers:            1392 kB
Cached:          1173644 kB
SwapCached:           68 kB
Active:          2839960 kB
Inactive:         910384 kB
Active(anon):    2082612 kB
Inactive(anon):   522672 kB
Active(file):     757348 kB
Inactive(file):   387712 kB
Unevictable:        5724 kB
Mlocked:            5724 kB
SwapTotal:       3670008 kB
SwapFree:        3619836 kB
Dirty:               844 kB
Writeback:             0 kB
AnonPages:       2581012 kB
Mapped:           717448 kB
Shmem:             25336 kB
KReclaimable:     125056 kB
Slab:             230572 kB
SReclaimable:      57516 kB
SUnreclaim:       173056 kB
KernelStack:       50448 kB
PageTables:        63560 kB
NFS_Unstable:          0 kB
Bounce:                0 kB
WritebackTmp:          0 kB
CommitLimit:     6660208 kB
Committed_AS:   68668328 kB
VmallocTotal:   263061440 kB
VmallocUsed:       90852 kB
VmallocChunk:          0 kB
Percpu:             7904 kB
CmaTotal:         315392 kB
CmaFree:            1880 kB
MemTotal:        5980400 kB
MemFree:          403612 kB
MemAvailable:    1138604 kB
Buffers:            1392 kB
Cached:          1173644 kB
SwapCached:           68 kB
Active:          2839220 kB
Inactive:         910384 kB
Active(anon):    2081872 kB
Inactive(anon):   522672 kB
Active(file):     757348 kB
Inactive(file):   387712 kB
Unevictable:        5724 kB
Mlocked:            5724 kB
SwapTotal:       3670008 kB
SwapFree:        3619836 kB
Dirty:               844 kB
Writeback:             0 kB
AnonPages:       2580084 kB
Mapped:           717572 kB
Shmem:             25336 kB
KReclaimable:     125072 kB
Slab:             230588 kB
SReclaimable:      57532 kB
SUnreclaim:       173056 kB
KernelStack:       50460 kB
PageTables:        63552 kB
NFS_Unstable:          0 kB
Bounce:                0 kB
WritebackTmp:          0 kB
CommitLimit:     6660208 kB
Committed_AS:   68666760 kB
VmallocTotal:   263061440 kB
VmallocUsed:       90836 kB
VmallocChunk:          0 kB
Percpu:             7904 kB
CmaTotal:         315392 kB
CmaFree:             492 kB
MemTotal:        5980400 kB
MemFree:          403772 kB
MemAvailable:    1138768 kB
Buffers:            1392 kB
Cached:          1173648 kB
SwapCached:           68 kB
Active:          2839596 kB
Inactive:         910388 kB
Active(anon):    2082248 kB
Inactive(anon):   522672 kB
Active(file):     757348 kB
Inactive(file):   387716 kB
Unevictable:        5724 kB
Mlocked:            5724 kB
SwapTotal:       3670008 kB
SwapFree:        3619836 kB
Dirty:               864 kB
Writeback:             0 kB
AnonPages:       2580632 kB
Mapped:           717564 kB
Shmem:             25336 kB
KReclaimable:     125072 kB
Slab:             230588 kB
SReclaimable:      57532 kB
SUnreclaim:       173056 kB
KernelStack:       50480 kB
PageTables:        63700 kB
NFS_Unstable:          0 kB
Bounce:                0 kB
WritebackTmp:          0 kB
CommitLimit:     6660208 kB
Committed_AS:   68662636 kB
VmallocTotal:   263061440 kB
VmallocUsed:       90836 kB
VmallocChunk:          0 kB
Percpu:             7904 kB
CmaTotal:         315392 kB
CmaFree:             180 kB
MemTotal:        5980400 kB
MemFree:          403756 kB
MemAvailable:    1138764 kB
Buffers:            1392 kB
Cached:          1173660 kB
SwapCached:           68 kB
Active:          2839480 kB
Inactive:         910388 kB
Active(anon):    2082124 kB
Inactive(anon):   522668 kB
Active(file):     757356 kB
Inactive(file):   387720 kB
Unevictable:        5724 kB
Mlocked:            5724 kB
SwapTotal:       3670008 kB
SwapFree:        3619836 kB
Dirty:               876 kB
Writeback:             0 kB
AnonPages:       2580696 kB
Mapped:           717520 kB
Shmem:             25336 kB
KReclaimable:     125072 kB
Slab:             230588 kB
SReclaimable:      57532 kB
SUnreclaim:       173056 kB
KernelStack:       50444 kB
PageTables:        63444 kB
NFS_Unstable:          0 kB
Bounce:                0 kB
WritebackTmp:          0 kB
CommitLimit:     6660208 kB
Committed_AS:   68665976 kB
VmallocTotal:   263061440 kB
VmallocUsed:       90836 kB
VmallocChunk:          0 kB
Percpu:             7904 kB
CmaTotal:         315392 kB
CmaFree:               0 kB
MemTotal:        5980400 kB
MemFree:          404684 kB
MemAvailable:    1139704 kB
Buffers:            1392 kB
Cached:          1173672 kB
SwapCached:           68 kB
Active:          2840232 kB
Inactive:         910400 kB
Active(anon):    2082876 kB
Inactive(anon):   522668 kB
Active(file):     757356 kB
Inactive(file):   387732 kB
Unevictable:        5724 kB
Mlocked:            5724 kB
SwapTotal:       3670008 kB
SwapFree:        3619836 kB
Dirty:               436 kB
Writeback:             0 kB
AnonPages:       2581428 kB
Mapped:           717276 kB
Shmem:             25336 kB
KReclaimable:     125072 kB
Slab:             230548 kB
SReclaimable:      57532 kB
SUnreclaim:       173016 kB
KernelStack:       50416 kB
PageTables:        63692 kB
NFS_Unstable:          0 kB
Bounce:                0 kB
WritebackTmp:          0 kB
CommitLimit:     6660208 kB
Committed_AS:   68666760 kB
VmallocTotal:   263061440 kB
VmallocUsed:       90756 kB
VmallocChunk:          0 kB
Percpu:             7904 kB
CmaTotal:         315392 kB
CmaFree:             344 kB
MemTotal:        5980400 kB
MemFree:          405084 kB
MemAvailable:    1140104 kB
Buffers:            1392 kB
Cached:          1173672 kB
SwapCached:           68 kB
Active:          2839384 kB
Inactive:         910396 kB
Active(anon):    2082024 kB
Inactive(anon):   522668 kB
Active(file):     757360 kB
Inactive(file):   387728 kB
Unevictable:        5724 kB
Mlocked:            5724 kB
SwapTotal:       3670008 kB
SwapFree:        3619836 kB
Dirty:               468 kB
Writeback:             0 kB
AnonPages:       2580188 kB
Mapped:           717396 kB
Shmem:             25336 kB
KReclaimable:     125072 kB
Slab:             230548 kB
SReclaimable:      57532 kB
SUnreclaim:       173016 kB
KernelStack:       50400 kB
PageTables:        63768 kB
NFS_Unstable:          0 kB
Bounce:                0 kB
WritebackTmp:          0 kB
CommitLimit:     6660208 kB
Committed_AS:   68664348 kB
VmallocTotal:   263061440 kB
VmallocUsed:       90772 kB
VmallocChunk:          0 kB
Percpu:             7904 kB
CmaTotal:         315392 kB
CmaFree:               0 kB
MemTotal:        5980400 kB
MemFree:          406292 kB
MemAvailable:    1141324 kB
Buffers:            1392 kB
Cached:          1173684 kB
SwapCached:           68 kB
Active:          2838672 kB
Inactive:         910408 kB
Active(anon):    2081312 kB
Inactive(anon):   522668 kB
Active(file):     757360 kB
Inactive(file):   387740 kB
Unevictable:        5724 kB
Mlocked:            5724 kB
SwapTotal:       3670008 kB
SwapFree:        3619836 kB
Dirty:               500 kB
Writeback:             0 kB
AnonPages:       2579668 kB
Mapped:           717440 kB
Shmem:             25336 kB
KReclaimable:     125072 kB
Slab:             230548 kB
SReclaimable:      57532 kB
SUnreclaim:       173016 kB
KernelStack:       50368 kB
PageTables:        63568 kB
NFS_Unstable:          0 kB
Bounce:                0 kB
WritebackTmp:          0 kB
CommitLimit:     6660208 kB
Committed_AS:   68663580 kB
VmallocTotal:   263061440 kB
VmallocUsed:       90708 kB
VmallocChunk:          0 kB
Percpu:             7904 kB
CmaTotal:         315392 kB
CmaFree:             188 kB
MemTotal:        5980400 kB
MemFree:          405972 kB
MemAvailable:    1141192 kB
Buffers:            1392 kB
Cached:          1173872 kB
SwapCached:           68 kB
Active:          2839528 kB
Inactive:         910412 kB
Active(anon):    2081984 kB
Inactive(anon):   522668 kB
Active(file):     757544 kB
Inactive(file):   387744 kB
Unevictable:        5724 kB
Mlocked:            5724 kB
SwapTotal:       3670008 kB
SwapFree:        3619836 kB
Dirty:               504 kB
Writeback:             0 kB
AnonPages:       2580528 kB
Mapped:           717384 kB
Shmem:             25336 kB
KReclaimable:     125072 kB
Slab:             230548 kB
SReclaimable:      57532 kB
SUnreclaim:       173016 kB
KernelStack:       50400 kB
PageTables:        64040 kB
NFS_Unstable:          0 kB
Bounce:                0 kB
WritebackTmp:          0 kB
CommitLimit:     6660208 kB
Committed_AS:   68667044 kB
VmallocTotal:   263061440 kB
VmallocUsed:       90740 kB
VmallocChunk:          0 kB
Percpu:             7904 kB
CmaTotal:         315392 kB
CmaFree:              96 kB
MemTotal:        5980400 kB
MemFree:          404872 kB
MemAvailable:    1140096 kB
Buffers:            1392 kB
Cached:          1173884 kB
SwapCached:           68 kB
Active:          2839860 kB
Inactive:         910424 kB
Active(anon):    2082316 kB
Inactive(anon):   522676 kB
Active(file):     757544 kB
Inactive(file):   387748 kB
Unevictable:        5724 kB
Mlocked:            5724 kB
SwapTotal:       3670008 kB
SwapFree:        3619836 kB
Dirty:               508 kB
Writeback:             0 kB
AnonPages:       2580432 kB
Mapped:           717496 kB
Shmem:             25344 kB
KReclaimable:     125072 kB
Slab:             230548 kB
SReclaimable:      57532 kB
SUnreclaim:       173016 kB
KernelStack:       50336 kB
PageTables:        63764 kB
NFS_Unstable:          0 kB
Bounce:                0 kB
WritebackTmp:          0 kB
CommitLimit:     6660208 kB
Committed_AS:   68667228 kB
VmallocTotal:   263061440 kB
VmallocUsed:       90788 kB
VmallocChunk:          0 kB
Percpu:             7904 kB
CmaTotal:         315392 kB
CmaFree:              24 kB
MemTotal:        5980400 kB
MemFree:          405088 kB
MemAvailable:    1140332 kB
Buffers:            1392 kB
Cached:          1173896 kB
SwapCached:           68 kB
Active:          2839060 kB
Inactive:         910436 kB
Active(anon):    2081516 kB
Inactive(anon):   522676 kB
Active(file):     757544 kB
Inactive(file):   387760 kB
Unevictable:        5724 kB
Mlocked:            5724 kB
SwapTotal:       3670008 kB
SwapFree:        3619836 kB
Dirty:               520 kB
Writeback:             0 kB
AnonPages:       2580008 kB
Mapped:           717448 kB
Shmem:             25344 kB
KReclaimable:     125088 kB
Slab:             230564 kB
SReclaimable:      57548 kB
SUnreclaim:       173016 kB
KernelStack:       50208 kB
PageTables:        63348 kB
NFS_Unstable:          0 kB
Bounce:                0 kB
WritebackTmp:          0 kB
CommitLimit:     6660208 kB
Committed_AS:   68668272 kB
VmallocTotal:   263061440 kB
VmallocUsed:       90612 kB
VmallocChunk:          0 kB
Percpu:             7904 kB
CmaTotal:         315392 kB
CmaFree:             172 kB
MemTotal:        5980400 kB
MemFree:          406080 kB
MemAvailable:    1141332 kB
Buffers:            1392 kB
Cached:          1173904 kB
SwapCached:           68 kB
Active:          2839012 kB
Inactive:         910444 kB
Active(anon):    2081468 kB
Inactive(anon):   522676 kB
Active(file):     757544 kB
Inactive(file):   387768 kB
Unevictable:        5724 kB
Mlocked:            5724 kB
SwapTotal:       3670008 kB
SwapFree:        3619836 kB
Dirty:               528 kB
Writeback:             0 kB
AnonPages:       2579660 kB
Mapped:           717520 kB
Shmem:             25344 kB
KReclaimable:     125088 kB
Slab:             230564 kB
SReclaimable:      57548 kB
SUnreclaim:       173016 kB
KernelStack:       50160 kB
PageTables:        63400 kB
NFS_Unstable:          0 kB
Bounce:                0 kB
WritebackTmp:          0 kB
CommitLimit:     6660208 kB
Committed_AS:   68665560 kB
VmallocTotal:   263061440 kB
VmallocUsed:       90516 kB
VmallocChunk:          0 kB
Percpu:             7904 kB
CmaTotal:         315392 kB
CmaFree:               0 kB
MemTotal:        5980400 kB
MemFree:          405932 kB
MemAvailable:    1141200 kB
Buffers:            1392 kB
Cached:          1173932 kB
SwapCached:           68 kB
Active:          2839420 kB
Inactive:         910472 kB
Active(anon):    2081876 kB
Inactive(anon):   522680 kB
Active(file):     757544 kB
Inactive(file):   387792 kB
Unevictable:        5724 kB
Mlocked:            5724 kB
SwapTotal:       3670008 kB
SwapFree:        3619836 kB
Dirty:               576 kB
Writeback:             0 kB
AnonPages:       2580496 kB
Mapped:           717452 kB
Shmem:             25348 kB
KReclaimable:     125072 kB
Slab:             230548 kB
SReclaimable:      57532 kB
SUnreclaim:       173016 kB
KernelStack:       50128 kB
PageTables:        63660 kB
NFS_Unstable:          0 kB
Bounce:                0 kB
WritebackTmp:          0 kB
CommitLimit:     6660208 kB
Committed_AS:   68669004 kB
VmallocTotal:   263061440 kB
VmallocUsed:       90468 kB
VmallocChunk:          0 kB
Percpu:             7904 kB
CmaTotal:         315392 kB
CmaFree:               0 kB
MemTotal:        5980400 kB
MemFree:          406124 kB
MemAvailable:    1141396 kB
Buffers:            1392 kB
Cached:          1173936 kB
SwapCached:           68 kB
Active:          2839740 kB
Inactive:         910476 kB
Active(anon):    2082196 kB
Inactive(anon):   522680 kB
Active(file):     757544 kB
Inactive(file):   387796 kB
Unevictable:        5724 kB
Mlocked:            5724 kB
SwapTotal:       3670008 kB
SwapFree:        3619836 kB
Dirty:               580 kB
Writeback:             0 kB
AnonPages:       2580540 kB
Mapped:           717456 kB
Shmem:             25348 kB
KReclaimable:     125072 kB
Slab:             230548 kB
SReclaimable:      57532 kB
SUnreclaim:       173016 kB
KernelStack:       50096 kB
PageTables:        63676 kB
NFS_Unstable:          0 kB
Bounce:                0 kB
WritebackTmp:          0 kB
CommitLimit:     6660208 kB
Committed_AS:   68662060 kB
VmallocTotal:   263061440 kB
VmallocUsed:       90436 kB
VmallocChunk:          0 kB
Percpu:             7904 kB
CmaTotal:         315392 kB
CmaFree:               0 kB
MemTotal:        5980400 kB
MemFree:          405832 kB
MemAvailable:    1141112 kB
Buffers:            1392 kB
Cached:          1173944 kB
SwapCached:           68 kB
Active:          2840200 kB
Inactive:         910484 kB
Active(anon):    2082656 kB
Inactive(anon):   522680 kB
Active(file):     757544 kB
Inactive(file):   387804 kB
Unevictable:        5724 kB
Mlocked:            5724 kB
SwapTotal:       3670008 kB
SwapFree:        3619836 kB
Dirty:               588 kB
Writeback:             0 kB
AnonPages:       2581008 kB
Mapped:           717400 kB
Shmem:             25348 kB
KReclaimable:     125072 kB
Slab:             230548 kB
SReclaimable:      57532 kB
SUnreclaim:       173016 kB
KernelStack:       50128 kB
PageTables:        63700 kB
NFS_Unstable:          0 kB
Bounce:                0 kB
WritebackTmp:          0 kB
CommitLimit:     6660208 kB
Committed_AS:   68665240 kB
VmallocTotal:   263061440 kB
VmallocUsed:       90436 kB
VmallocChunk:          0 kB
Percpu:             7904 kB
CmaTotal:         315392 kB
CmaFree:               0 kB
MemTotal:        5980400 kB
MemFree:          406460 kB
MemAvailable:    1141736 kB
Buffers:            1392 kB
Cached:          1173948 kB
SwapCached:           68 kB
Active:          2840232 kB
Inactive:         910488 kB
Active(anon):    2082688 kB
Inactive(anon):   522680 kB
Active(file):     757544 kB
Inactive(file):   387808 kB
Unevictable:        5724 kB
Mlocked:            5724 kB
SwapTotal:       3670008 kB
SwapFree:        3619836 kB
Dirty:               428 kB
Writeback:             0 kB
AnonPages:       2580716 kB
Mapped:           717468 kB
Shmem:             25348 kB
KReclaimable:     125056 kB
Slab:             230524 kB
SReclaimable:      57516 kB
SUnreclaim:       173008 kB
KernelStack:       49984 kB
PageTables:        63800 kB
NFS_Unstable:          0 kB
Bounce:                0 kB
WritebackTmp:          0 kB
CommitLimit:     6660208 kB
Committed_AS:   68664468 kB
VmallocTotal:   263061440 kB
VmallocUsed:       90388 kB
VmallocChunk:          0 kB
Percpu:             7904 kB
CmaTotal:         315392 kB
CmaFree:               0 kB
MemTotal:        5980400 kB
MemFree:          406800 kB
MemAvailable:    1142088 kB
Buffers:            1392 kB
Cached:          1173960 kB
SwapCached:           68 kB
Active:          2839932 kB
Inactive:         910500 kB
Active(anon):    2082388 kB
Inactive(anon):   522680 kB
Active(file):     757544 kB
Inactive(file):   387820 kB
Unevictable:        5724 kB
Mlocked:            5724 kB
SwapTotal:       3670008 kB
SwapFree:        3619836 kB
Dirty:               472 kB
Writeback:             0 kB
AnonPages:       2580968 kB
Mapped:           717556 kB
Shmem:             25348 kB
KReclaimable:     125056 kB
Slab:             230524 kB
SReclaimable:      57516 kB
SUnreclaim:       173008 kB
KernelStack:       49856 kB
PageTables:        63772 kB
NFS_Unstable:          0 kB
Bounce:                0 kB
WritebackTmp:          0 kB
CommitLimit:     6660208 kB
Committed_AS:   68663776 kB
VmallocTotal:   263061440 kB
VmallocUsed:       90260 kB
VmallocChunk:          0 kB
Percpu:             7904 kB
CmaTotal:         315392 kB
CmaFree:               0 kB
MemTotal:        5980400 kB
MemFree:          404704 kB
MemAvailable:    1140004 kB
Buffers:            1392 kB
Cached:          1173964 kB
SwapCached:           68 kB
Active:          2841416 kB
Inactive:         910504 kB
Active(anon):    2083872 kB
Inactive(anon):   522680 kB
Active(file):     757544 kB
Inactive(file):   387824 kB
Unevictable:        5724 kB
Mlocked:            5724 kB
SwapTotal:       3670008 kB
SwapFree:        3619836 kB
Dirty:               500 kB
Writeback:             0 kB
AnonPages:       2582272 kB
Mapped:           717468 kB
Shmem:             25348 kB
KReclaimable:     125072 kB
Slab:             230540 kB
SReclaimable:      57532 kB
SUnreclaim:       173008 kB
KernelStack:       49872 kB
PageTables:        63516 kB
NFS_Unstable:          0 kB
Bounce:                0 kB
WritebackTmp:          0 kB
CommitLimit:     6660208 kB
Committed_AS:   68664120 kB
VmallocTotal:   263061440 kB
VmallocUsed:       90212 kB
VmallocChunk:          0 kB
Percpu:             7904 kB
CmaTotal:         315392 kB
CmaFree:               0 kB
MemTotal:        5980400 kB
MemFree:          403960 kB
MemAvailable:    1139560 kB
Buffers:            1392 kB
Cached:          1174268 kB
SwapCached:           68 kB
Active:          2842768 kB
Inactive:         910520 kB
Active(anon):    2084936 kB
Inactive(anon):   522684 kB
Active(file):     757832 kB
Inactive(file):   387836 kB
Unevictable:        5724 kB
Mlocked:            5724 kB
SwapTotal:       3670008 kB
SwapFree:        3619836 kB
Dirty:               540 kB
Writeback:             0 kB
AnonPages:       2583464 kB
Mapped:           717816 kB
Shmem:             25352 kB
KReclaimable:     125072 kB
Slab:             230540 kB
SReclaimable:      57532 kB
SUnreclaim:       173008 kB
KernelStack:       49840 kB
PageTables:        63424 kB
NFS_Unstable:          0 kB
Bounce:                0 kB
WritebackTmp:          0 kB
CommitLimit:     6660208 kB
Committed_AS:   68665820 kB
VmallocTotal:   263061440 kB
VmallocUsed:       90244 kB
VmallocChunk:          0 kB
Percpu:             7904 kB
CmaTotal:         315392 kB
CmaFree:               0 kB
MemTotal:        5980400 kB
MemFree:          402904 kB
MemAvailable:    1138576 kB
Buffers:            1392 kB
Cached:          1174352 kB
SwapCached:           68 kB
Active:          2842632 kB
Inactive:         910548 kB
Active(anon):    2084744 kB
Inactive(anon):   522700 kB
Active(file):     757888 kB
Inactive(file):   387848 kB
Unevictable:        5724 kB
Mlocked:            5724 kB
SwapTotal:       3670008 kB
SwapFree:        3619836 kB
Dirty:               544 kB
Writeback:             0 kB
AnonPages:       2583124 kB
Mapped:           717612 kB
Shmem:             25368 kB
KReclaimable:     125076 kB
Slab:             230536 kB
SReclaimable:      57536 kB
SUnreclaim:       173000 kB
KernelStack:       49792 kB
PageTables:        63504 kB
NFS_Unstable:          0 kB
Bounce:                0 kB
WritebackTmp:          0 kB
CommitLimit:     6660208 kB
Committed_AS:   68668308 kB
VmallocTotal:   263061440 kB
VmallocUsed:       90260 kB
VmallocChunk:          0 kB
Percpu:             7904 kB
CmaTotal:         315392 kB
CmaFree:               0 kB
MemTotal:        5980400 kB
MemFree:          403884 kB
MemAvailable:    1139568 kB
Buffers:            1392 kB
Cached:          1174356 kB
SwapCached:           68 kB
Active:          2843376 kB
Inactive:         910548 kB
Active(anon):    2085484 kB
Inactive(anon):   522700 kB
Active(file):     757892 kB
Inactive(file):   387848 kB
Unevictable:        5724 kB
Mlocked:            5724 kB
SwapTotal:       3670008 kB
SwapFree:        3619836 kB
Dirty:               432 kB
Writeback:             0 kB
AnonPages:       2583868 kB
Mapped:           717556 kB
Shmem:             25368 kB
KReclaimable:     125092 kB
Slab:             230552 kB
SReclaimable:      57552 kB
SUnreclaim:       173000 kB
KernelStack:       49888 kB
PageTables:        63664 kB
NFS_Unstable:          0 kB
Bounce:                0 kB
WritebackTmp:          0 kB
CommitLimit:     6660208 kB
Committed_AS:   68666136 kB
VmallocTotal:   263061440 kB
VmallocUsed:       90260 kB
VmallocChunk:          0 kB
Percpu:             7904 kB
CmaTotal:         315392 kB
CmaFree:               0 kB
MemTotal:        5980400 kB
MemFree:          402860 kB
MemAvailable:    1138536 kB
Buffers:            1392 kB
Cached:          1174364 kB
SwapCached:           68 kB
Active:          2843928 kB
Inactive:         910556 kB
Active(anon):    2086036 kB
Inactive(anon):   522700 kB
Active(file):     757892 kB
Inactive(file):   387856 kB
Unevictable:        5724 kB
Mlocked:            5724 kB
SwapTotal:       3670008 kB
SwapFree:        3619836 kB
Dirty:               468 kB
Writeback:             0 kB
AnonPages:       2584368 kB
Mapped:           717556 kB
Shmem:             25368 kB
KReclaimable:     125060 kB
Slab:             230520 kB
SReclaimable:      57520 kB
SUnreclaim:       173000 kB
KernelStack:       49900 kB
PageTables:        63716 kB
NFS_Unstable:          0 kB
Bounce:                0 kB
WritebackTmp:          0 kB
CommitLimit:     6660208 kB
Committed_AS:   68665964 kB
VmallocTotal:   263061440 kB
VmallocUsed:       90276 kB
VmallocChunk:          0 kB
Percpu:             7904 kB
CmaTotal:         315392 kB
CmaFree:               0 kB
MemTotal:        5980400 kB
MemFree:          402228 kB
MemAvailable:    1137924 kB
Buffers:            1392 kB
Cached:          1174376 kB
SwapCached:           68 kB
Active:          2845396 kB
Inactive:         909496 kB
Active(anon):    2086432 kB
Inactive(anon):   522700 kB
Active(file):     758964 kB
Inactive(file):   386796 kB
Unevictable:        5724 kB
Mlocked:            5724 kB
SwapTotal:       3670008 kB
SwapFree:        3619836 kB
Dirty:               568 kB
Writeback:             0 kB
AnonPages:       2584800 kB
Mapped:           717672 kB
Shmem:             25368 kB
KReclaimable:     125076 kB
Slab:             230536 kB
SReclaimable:      57536 kB
SUnreclaim:       173000 kB
KernelStack:       49856 kB
PageTables:        63576 kB
NFS_Unstable:          0 kB
Bounce:                0 kB
WritebackTmp:          0 kB
CommitLimit:     6660208 kB
Committed_AS:   68667588 kB
VmallocTotal:   263061440 kB
VmallocUsed:       90260 kB
VmallocChunk:          0 kB
Percpu:             7904 kB
CmaTotal:         315392 kB
CmaFree:               0 kB
MemTotal:        5980400 kB
MemFree:          401648 kB
MemAvailable:    1137352 kB
Buffers:            1392 kB
Cached:          1174384 kB
SwapCached:           68 kB
Active:          2846804 kB
Inactive:         909504 kB
Active(anon):    2087840 kB
Inactive(anon):   522700 kB
Active(file):     758964 kB
Inactive(file):   386804 kB
Unevictable:        5724 kB
Mlocked:            5724 kB
SwapTotal:       3670008 kB
SwapFree:        3619836 kB
Dirty:               580 kB
Writeback:             0 kB
AnonPages:       2586172 kB
Mapped:           717464 kB
Shmem:             25368 kB
KReclaimable:     125076 kB
Slab:             230536 kB
SReclaimable:      57536 kB
SUnreclaim:       173000 kB
KernelStack:       49856 kB
PageTables:        63720 kB
NFS_Unstable:          0 kB
Bounce:                0 kB
WritebackTmp:          0 kB
CommitLimit:     6660208 kB
Committed_AS:   68665484 kB
VmallocTotal:   263061440 kB
VmallocUsed:       90276 kB
VmallocChunk:          0 kB
Percpu:             7904 kB
CmaTotal:         315392 kB
CmaFree:              12 kB
MemTotal:        5980400 kB
MemFree:          401728 kB
MemAvailable:    1137436 kB
Buffers:            1392 kB
Cached:          1174388 kB
SwapCached:           68 kB
Active:          2846944 kB
Inactive:         909504 kB
Active(anon):    2087976 kB
Inactive(anon):   522700 kB
Active(file):     758968 kB
Inactive(file):   386804 kB
Unevictable:        5724 kB
Mlocked:            5724 kB
SwapTotal:       3670008 kB
SwapFree:        3619836 kB
Dirty:               592 kB
Writeback:             0 kB
AnonPages:       2586224 kB
Mapped:           717548 kB
Shmem:             25368 kB
KReclaimable:     125076 kB
Slab:             230536 kB
SReclaimable:      57536 kB
SUnreclaim:       173000 kB
KernelStack:       49904 kB
PageTables:        63660 kB
NFS_Unstable:          0 kB
Bounce:                0 kB
WritebackTmp:          0 kB
CommitLimit:     6660208 kB
Committed_AS:   68668692 kB
VmallocTotal:   263061440 kB
VmallocUsed:       90260 kB
VmallocChunk:          0 kB
Percpu:             7904 kB
CmaTotal:         315392 kB
CmaFree:               0 kB
MemTotal:        5980400 kB
MemFree:          401544 kB
MemAvailable:    1137264 kB
Buffers:            1392 kB
Cached:          1174400 kB
SwapCached:           68 kB
Active:          2847160 kB
Inactive:         909516 kB
Active(anon):    2088192 kB
Inactive(anon):   522700 kB
Active(file):     758968 kB
Inactive(file):   386816 kB
Unevictable:        5724 kB
Mlocked:            5724 kB
SwapTotal:       3670008 kB
SwapFree:        3619836 kB
Dirty:               616 kB
Writeback:             0 kB
AnonPages:       2586300 kB
Mapped:           717788 kB
Shmem:             25368 kB
KReclaimable:     125076 kB
Slab:             230536 kB
SReclaimable:      57536 kB
SUnreclaim:       173000 kB
KernelStack:       49920 kB
PageTables:        63656 kB
NFS_Unstable:          0 kB
Bounce:                0 kB
WritebackTmp:          0 kB
CommitLimit:     6660208 kB
Committed_AS:   68667952 kB
VmallocTotal:   263061440 kB
VmallocUsed:       90276 kB
VmallocChunk:          0 kB
Percpu:             7904 kB
CmaTotal:         315392 kB
CmaFree:               0 kB
MemTotal:        5980400 kB
MemFree:          401016 kB
MemAvailable:    1136732 kB
Buffers:            1392 kB
Cached:          1174404 kB
SwapCached:           68 kB
Active:          2847184 kB
Inactive:         909520 kB
Active(anon):    2088216 kB
Inactive(anon):   522700 kB
Active(file):     758968 kB
Inactive(file):   386820 kB
Unevictable:        5724 kB
Mlocked:            5724 kB
SwapTotal:       3670008 kB
SwapFree:        3619836 kB
Dirty:               516 kB
Writeback:             0 kB
AnonPages:       2586508 kB
Mapped:           717572 kB
Shmem:             25368 kB
KReclaimable:     125060 kB
Slab:             230520 kB
SReclaimable:      57520 kB
SUnreclaim:       173000 kB
KernelStack:       49936 kB
PageTables:        63632 kB
NFS_Unstable:          0 kB
Bounce:                0 kB
WritebackTmp:          0 kB
CommitLimit:     6660208 kB
Committed_AS:   68667436 kB
VmallocTotal:   263061440 kB
VmallocUsed:       90292 kB
VmallocChunk:          0 kB
Percpu:             7904 kB
CmaTotal:         315392 kB
CmaFree:               0 kB
MemTotal:        5980400 kB
MemFree:          400948 kB
MemAvailable:    1136676 kB
Buffers:            1392 kB
Cached:          1174416 kB
SwapCached:           68 kB
Active:          2848408 kB
Inactive:         909528 kB
Active(anon):    2089436 kB
Inactive(anon):   522700 kB
Active(file):     758972 kB
Inactive(file):   386828 kB
Unevictable:        5724 kB
Mlocked:            5724 kB
SwapTotal:       3670008 kB
SwapFree:        3619836 kB
Dirty:               560 kB
Writeback:             0 kB
AnonPages:       2587808 kB
Mapped:           717568 kB
Shmem:             25368 kB
KReclaimable:     125060 kB
Slab:             230520 kB
SReclaimable:      57520 kB
SUnreclaim:       173000 kB
KernelStack:       49872 kB
PageTables:        63780 kB
NFS_Unstable:          0 kB
Bounce:                0 kB
WritebackTmp:          0 kB
CommitLimit:     6660208 kB
Committed_AS:   68663772 kB
VmallocTotal:   263061440 kB
VmallocUsed:       90228 kB
VmallocChunk:          0 kB
Percpu:             7904 kB
CmaTotal:         315392 kB
CmaFree:              32 kB
MemTotal:        5980400 kB
MemFree:          398568 kB
MemAvailable:    1134300 kB
Buffers:            1392 kB
Cached:          1174420 kB
SwapCached:           68 kB
Active:          2848508 kB
Inactive:         909532 kB
Active(anon):    2089536 kB
Inactive(anon):   522700 kB
Active(file):     758972 kB
Inactive(file):   386832 kB
Unevictable:        5724 kB
Mlocked:            5724 kB
SwapTotal:       3670008 kB
SwapFree:        3619836 kB
Dirty:               568 kB
Writeback:             0 kB
AnonPages:       2588032 kB
Mapped:           717728 kB
Shmem:             25368 kB
KReclaimable:     125060 kB
Slab:             230520 kB
SReclaimable:      57520 kB
SUnreclaim:       173000 kB
KernelStack:       49856 kB
PageTables:        63408 kB
NFS_Unstable:          0 kB
Bounce:                0 kB
WritebackTmp:          0 kB
CommitLimit:     6660208 kB
Committed_AS:   68667016 kB
VmallocTotal:   263061440 kB
VmallocUsed:       90244 kB
VmallocChunk:          0 kB
Percpu:             7904 kB
CmaTotal:         315392 kB
CmaFree:               0 kB
MemTotal:        5980400 kB
MemFree:          396632 kB
MemAvailable:    1132376 kB
Buffers:            1392 kB
Cached:          1174424 kB
SwapCached:           68 kB
Active:          2848968 kB
Inactive:         909536 kB
Active(anon):    2089996 kB
Inactive(anon):   522700 kB
Active(file):     758972 kB
Inactive(file):   386836 kB
Unevictable:        5724 kB
Mlocked:            5724 kB
SwapTotal:       3670008 kB
SwapFree:        3619836 kB
Dirty:               576 kB
Writeback:             0 kB
AnonPages:       2588260 kB
Mapped:           717696 kB
Shmem:             25368 kB
KReclaimable:     125076 kB
Slab:             230536 kB
SReclaimable:      57536 kB
SUnreclaim:       173000 kB
KernelStack:       49872 kB
PageTables:        63488 kB
NFS_Unstable:          0 kB
Bounce:                0 kB
WritebackTmp:          0 kB
CommitLimit:     6660208 kB
Committed_AS:   68669660 kB
VmallocTotal:   263061440 kB
VmallocUsed:       90292 kB
VmallocChunk:          0 kB
Percpu:             7904 kB
CmaTotal:         315392 kB
CmaFree:               0 kB
MemTotal:        5980400 kB
MemFree:          397124 kB
MemAvailable:    1132868 kB
Buffers:            1392 kB
Cached:          1174436 kB
SwapCached:           68 kB
Active:          2849200 kB
Inactive:         909548 kB
Active(anon):    2090228 kB
Inactive(anon):   522704 kB
Active(file):     758972 kB
Inactive(file):   386844 kB
Unevictable:        5724 kB
Mlocked:            5724 kB
SwapTotal:       3670008 kB
SwapFree:        3619836 kB
Dirty:               428 kB
Writeback:             0 kB
AnonPages:       2588688 kB
Mapped:           717568 kB
Shmem:             25372 kB
KReclaimable:     125060 kB
Slab:             230520 kB
SReclaimable:      57520 kB
SUnreclaim:       173000 kB
KernelStack:       49904 kB
PageTables:        63660 kB
NFS_Unstable:          0 kB
Bounce:                0 kB
WritebackTmp:          0 kB
CommitLimit:     6660208 kB
Committed_AS:   68671120 kB
VmallocTotal:   263061440 kB
VmallocUsed:       90260 kB
VmallocChunk:          0 kB
Percpu:             7904 kB
CmaTotal:         315392 kB
CmaFree:               0 kB
MemTotal:        5980400 kB
MemFree:          398312 kB
MemAvailable:    1134060 kB
Buffers:            1392 kB
Cached:          1174440 kB
SwapCached:           68 kB
Active:          2849108 kB
Inactive:         909524 kB
Active(anon):    2090108 kB
Inactive(anon):   522704 kB
Active(file):     759000 kB
Inactive(file):   386820 kB
Unevictable:        5724 kB
Mlocked:            5724 kB
SwapTotal:       3670008 kB
SwapFree:        3619836 kB
Dirty:               484 kB
Writeback:             0 kB
AnonPages:       2588500 kB
Mapped:           717548 kB
Shmem:             25372 kB
KReclaimable:     125060 kB
Slab:             230520 kB
SReclaimable:      57520 kB
SUnreclaim:       173000 kB
KernelStack:       49920 kB
PageTables:        63472 kB
NFS_Unstable:          0 kB
Bounce:                0 kB
WritebackTmp:          0 kB
CommitLimit:     6660208 kB
Committed_AS:   68664928 kB
VmallocTotal:   263061440 kB
VmallocUsed:       90260 kB
VmallocChunk:          0 kB
Percpu:             7904 kB
CmaTotal:         315392 kB
CmaFree:             128 kB
MemTotal:        5980400 kB
MemFree:          396604 kB
MemAvailable:    1132380 kB
Buffers:            1392 kB
Cached:          1174452 kB
SwapCached:           68 kB
Active:          2849076 kB
Inactive:         909536 kB
Active(anon):    2090076 kB
Inactive(anon):   522704 kB
Active(file):     759000 kB
Inactive(file):   386832 kB
Unevictable:        5724 kB
Mlocked:            5724 kB
SwapTotal:       3670008 kB
SwapFree:        3619836 kB
Dirty:               532 kB
Writeback:             0 kB
AnonPages:       2588348 kB
Mapped:           717776 kB
Shmem:             25372 kB
KReclaimable:     125092 kB
Slab:             230552 kB
SReclaimable:      57552 kB
SUnreclaim:       173000 kB
KernelStack:       49872 kB
PageTables:        63372 kB
NFS_Unstable:          0 kB
Bounce:                0 kB
WritebackTmp:          0 kB
CommitLimit:     6660208 kB
Committed_AS:   68666824 kB
VmallocTotal:   263061440 kB
VmallocUsed:       90292 kB
VmallocChunk:          0 kB
Percpu:             7904 kB
CmaTotal:         315392 kB
CmaFree:             232 kB
MemTotal:        5980400 kB
MemFree:          397932 kB
MemAvailable:    1133708 kB
Buffers:            1392 kB
Cached:          1174460 kB
SwapCached:           68 kB
Active:          2849828 kB
Inactive:         909544 kB
Active(anon):    2090828 kB
Inactive(anon):   522704 kB
Active(file):     759000 kB
Inactive(file):   386840 kB
Unevictable:        5724 kB
Mlocked:            5724 kB
SwapTotal:       3670008 kB
SwapFree:        3619836 kB
Dirty:               560 kB
Writeback:             0 kB
AnonPages:       2589188 kB
Mapped:           717688 kB
Shmem:             25372 kB
KReclaimable:     125076 kB
Slab:             230536 kB
SReclaimable:      57536 kB
SUnreclaim:       173000 kB
KernelStack:       49888 kB
PageTables:        63652 kB
NFS_Unstable:          0 kB
Bounce:                0 kB
WritebackTmp:          0 kB
CommitLimit:     6660208 kB
Committed_AS:   68665592 kB
VmallocTotal:   263061440 kB
VmallocUsed:       90244 kB
VmallocChunk:          0 kB
Percpu:             7904 kB
CmaTotal:         315392 kB
CmaFree:               0 kB
MemTotal:        5980400 kB
MemFree:          396780 kB
MemAvailable:    1132564 kB
Buffers:            1392 kB
Cached:          1174468 kB
SwapCached:           68 kB
Active:          2849780 kB
Inactive:         909552 kB
Active(anon):    2090780 kB
Inactive(anon):   522704 kB
Active(file):     759000 kB
Inactive(file):   386848 kB
Unevictable:        5724 kB
Mlocked:            5724 kB
SwapTotal:       3670008 kB
SwapFree:        3619836 kB
Dirty:               580 kB
Writeback:             0 kB
AnonPages:       2589072 kB
Mapped:           717748 kB
Shmem:             25372 kB
KReclaimable:     125076 kB
Slab:             230536 kB
SReclaimable:      57536 kB
SUnreclaim:       173000 kB
KernelStack:       49884 kB
PageTables:        63972 kB
NFS_Unstable:          0 kB
Bounce:                0 kB
WritebackTmp:          0 kB
CommitLimit:     6660208 kB
Committed_AS:   68664864 kB
VmallocTotal:   263061440 kB
VmallocUsed:       90260 kB
VmallocChunk:          0 kB
Percpu:             7904 kB
CmaTotal:         315392 kB
CmaFree:               0 kB
MemTotal:        5980400 kB
MemFree:          397596 kB
MemAvailable:    1133380 kB
Buffers:            1392 kB
Cached:          1174476 kB
SwapCached:           68 kB
Active:          2850484 kB
Inactive:         909560 kB
Active(anon):    2091484 kB
Inactive(anon):   522704 kB
Active(file):     759000 kB
Inactive(file):   386856 kB
Unevictable:        5724 kB
Mlocked:            5724 kB
SwapTotal:       3670008 kB
SwapFree:        3619836 kB
Dirty:               432 kB
Writeback:             0 kB
AnonPages:       2590112 kB
Mapped:           717568 kB
Shmem:             25372 kB
KReclaimable:     125060 kB
Slab:             230520 kB
SReclaimable:      57520 kB
SUnreclaim:       173000 kB
KernelStack:       49872 kB
PageTables:        63552 kB
NFS_Unstable:          0 kB
Bounce:                0 kB
WritebackTmp:          0 kB
CommitLimit:     6660208 kB
Committed_AS:   68669064 kB
VmallocTotal:   263061440 kB
VmallocUsed:       90308 kB
