MemTotal:       12113136 kB
MemFree:          447984 kB
MemAvailable:    7921752 kB
Buffers:            6240 kB
Cached:          7817208 kB
SwapCached:            0 kB
Active:          2111952 kB
Inactive:        6973992 kB
Active(anon):    1173620 kB
Inactive(anon):   125824 kB
Active(file):     938332 kB
Inactive(file):  6848168 kB
Unevictable:        5716 kB
Mlocked:            5716 kB
SwapTotal:       3145724 kB
SwapFree:        3145724 kB
Dirty:               948 kB
Writeback:             0 kB
AnonPages:       1267660 kB
Mapped:           777376 kB
Shmem:             32280 kB
KReclaimable:     555972 kB
Slab:             225412 kB
SReclaimable:      78780 kB
SUnreclaim:       146632 kB
KernelStack:       47104 kB
PageTables:        63600 kB
NFS_Unstable:          0 kB
Bounce:                0 kB
WritebackTmp:          0 kB
CommitLimit:     9202292 kB
Committed_AS:   67440876 kB
VmallocTotal:   263061440 kB
VmallocUsed:      104040 kB
VmallocChunk:          0 kB
Percpu:             7648 kB
CmaTotal:         294912 kB
CmaFree:              60 kB
MemTotal:       12113136 kB
MemFree:          447348 kB
MemAvailable:    7921196 kB
Buffers:            6240 kB
Cached:          7817068 kB
SwapCached:            0 kB
Active:          2114132 kB
Inactive:        6973920 kB
Active(anon):    1175768 kB
Inactive(anon):   125720 kB
Active(file):     938364 kB
Inactive(file):  6848200 kB
Unevictable:        5716 kB
Mlocked:            5716 kB
SwapTotal:       3145724 kB
SwapFree:        3145724 kB
Dirty:              1036 kB
Writeback:             0 kB
AnonPages:       1270940 kB
Mapped:           777192 kB
Shmem:             32076 kB
KReclaimable:     555988 kB
Slab:             225428 kB
SReclaimable:      78796 kB
SUnreclaim:       146632 kB
KernelStack:       47088 kB
PageTables:        63556 kB
NFS_Unstable:          0 kB
Bounce:                0 kB
WritebackTmp:          0 kB
CommitLimit:     9202292 kB
Committed_AS:   67442196 kB
VmallocTotal:   263061440 kB
VmallocUsed:      104056 kB
VmallocChunk:          0 kB
Percpu:             7648 kB
CmaTotal:         294912 kB
CmaFree:               0 kB
MemTotal:       12113136 kB
MemFree:          452752 kB
MemAvailable:    7926720 kB
Buffers:            6240 kB
Cached:          7817180 kB
SwapCached:            0 kB
Active:          2107416 kB
Inactive:        6974032 kB
Active(anon):    1169052 kB
Inactive(anon):   125720 kB
Active(file):     938364 kB
Inactive(file):  6848312 kB
Unevictable:        5716 kB
Mlocked:            5716 kB
SwapTotal:       3145724 kB
SwapFree:        3145724 kB
Dirty:              1148 kB
Writeback:             0 kB
AnonPages:       1263900 kB
Mapped:           777200 kB
Shmem:             32076 kB
KReclaimable:     555996 kB
Slab:             225436 kB
SReclaimable:      78804 kB
SUnreclaim:       146632 kB
KernelStack:       47088 kB
PageTables:        63460 kB
NFS_Unstable:          0 kB
Bounce:                0 kB
WritebackTmp:          0 kB
CommitLimit:     9202292 kB
Committed_AS:   67442160 kB
VmallocTotal:   263061440 kB
VmallocUsed:      104056 kB
VmallocChunk:          0 kB
Percpu:             7648 kB
CmaTotal:         294912 kB
CmaFree:             112 kB
MemTotal:       12113136 kB
MemFree:          452464 kB
MemAvailable:    7926444 kB
Buffers:            6240 kB
Cached:          7817192 kB
SwapCached:            0 kB
Active:          2109344 kB
Inactive:        6974044 kB
Active(anon):    1170980 kB
Inactive(anon):   125720 kB
Active(file):     938364 kB
Inactive(file):  6848324 kB
Unevictable:        5716 kB
Mlocked:            5716 kB
SwapTotal:       3145724 kB
SwapFree:        3145724 kB
Dirty:              1180 kB
Writeback:             0 kB
AnonPages:       1265840 kB
Mapped:           777016 kB
Shmem:             32076 kB
KReclaimable:     555996 kB
Slab:             225436 kB
SReclaimable:      78804 kB
SUnreclaim:       146632 kB
KernelStack:       47088 kB
PageTables:        63476 kB
NFS_Unstable:          0 kB
Bounce:                0 kB
WritebackTmp:          0 kB
CommitLimit:     9202292 kB
Committed_AS:   67446172 kB
VmallocTotal:   263061440 kB
VmallocUsed:      104040 kB
VmallocChunk:          0 kB
Percpu:             7648 kB
CmaTotal:         294912 kB
CmaFree:             172 kB
MemTotal:       12113136 kB
MemFree:          470552 kB
MemAvailable:    7944552 kB
Buffers:            6240 kB
Cached:          7817212 kB
SwapCached:            0 kB
Active:          2090600 kB
Inactive:        6974064 kB
Active(anon):    1152236 kB
Inactive(anon):   125720 kB
Active(file):     938364 kB
Inactive(file):  6848344 kB
Unevictable:        5716 kB
Mlocked:            5716 kB
SwapTotal:       3145724 kB
SwapFree:        3145724 kB
Dirty:              1232 kB
Writeback:             0 kB
AnonPages:       1247204 kB
Mapped:           777084 kB
Shmem:             32076 kB
KReclaimable:     555996 kB
Slab:             225436 kB
SReclaimable:      78804 kB
SUnreclaim:       146632 kB
KernelStack:       47088 kB
PageTables:        63480 kB
NFS_Unstable:          0 kB
Bounce:                0 kB
WritebackTmp:          0 kB
CommitLimit:     9202292 kB
Committed_AS:   67446520 kB
VmallocTotal:   263061440 kB
VmallocUsed:      104072 kB
VmallocChunk:          0 kB
Percpu:             7648 kB
CmaTotal:         294912 kB
CmaFree:               0 kB
MemTotal:       12113136 kB
MemFree:          480964 kB
MemAvailable:    7954972 kB
Buffers:            6240 kB
Cached:          7817156 kB
SwapCached:            0 kB
Active:          2078948 kB
Inactive:        6974008 kB
Active(anon):    1140584 kB
Inactive(anon):   125656 kB
Active(file):     938364 kB
Inactive(file):  6848352 kB
Unevictable:        5716 kB
Mlocked:            5716 kB
SwapTotal:       3145724 kB
SwapFree:        3145724 kB
Dirty:              1256 kB
Writeback:             0 kB
AnonPages:       1234932 kB
Mapped:           777276 kB
Shmem:             32012 kB
KReclaimable:     555996 kB
Slab:             225436 kB
SReclaimable:      78804 kB
SUnreclaim:       146632 kB
KernelStack:       47088 kB
PageTables:        63468 kB
NFS_Unstable:          0 kB
Bounce:                0 kB
WritebackTmp:          0 kB
CommitLimit:     9202292 kB
Committed_AS:   67437560 kB
VmallocTotal:   263061440 kB
VmallocUsed:      104024 kB
VmallocChunk:          0 kB
Percpu:             7648 kB
CmaTotal:         294912 kB
CmaFree:               0 kB
MemTotal:       12113136 kB
MemFree:          481040 kB
MemAvailable:    7955060 kB
Buffers:            6240 kB
Cached:          7817168 kB
SwapCached:            0 kB
Active:          2079596 kB
Inactive:        6974020 kB
Active(anon):    1141232 kB
Inactive(anon):   125656 kB
Active(file):     938364 kB
Inactive(file):  6848364 kB
Unevictable:        5716 kB
Mlocked:            5716 kB
SwapTotal:       3145724 kB
SwapFree:        3145724 kB
Dirty:              1268 kB
Writeback:             0 kB
AnonPages:       1236140 kB
Mapped:           777084 kB
Shmem:             32012 kB
KReclaimable:     555996 kB
Slab:             225436 kB
SReclaimable:      78804 kB
SUnreclaim:       146632 kB
KernelStack:       47120 kB
PageTables:        63476 kB
NFS_Unstable:          0 kB
Bounce:                0 kB
WritebackTmp:          0 kB
CommitLimit:     9202292 kB
Committed_AS:   67447824 kB
VmallocTotal:   263061440 kB
VmallocUsed:      104040 kB
VmallocChunk:          0 kB
Percpu:             7648 kB
CmaTotal:         294912 kB
CmaFree:              16 kB
MemTotal:       12113136 kB
MemFree:          481856 kB
MemAvailable:    7955908 kB
Buffers:            6244 kB
Cached:          7817196 kB
SwapCached:            0 kB
Active:          2080016 kB
Inactive:        6974048 kB
Active(anon):    1141648 kB
Inactive(anon):   125656 kB
Active(file):     938368 kB
Inactive(file):  6848392 kB
Unevictable:        5716 kB
Mlocked:            5716 kB
SwapTotal:       3145724 kB
SwapFree:        3145724 kB
Dirty:              1340 kB
Writeback:             4 kB
AnonPages:       1235728 kB
Mapped:           777152 kB
Shmem:             32012 kB
KReclaimable:     555996 kB
Slab:             225436 kB
SReclaimable:      78804 kB
SUnreclaim:       146632 kB
KernelStack:       47120 kB
PageTables:        63592 kB
NFS_Unstable:          0 kB
Bounce:                0 kB
WritebackTmp:          0 kB
CommitLimit:     9202292 kB
Committed_AS:   67441476 kB
VmallocTotal:   263061440 kB
VmallocUsed:      104024 kB
VmallocChunk:          0 kB
Percpu:             7648 kB
CmaTotal:         294912 kB
CmaFree:               0 kB
MemTotal:       12113136 kB
MemFree:          478976 kB
MemAvailable:    7953464 kB
Buffers:            6244 kB
Cached:          7817636 kB
SwapCached:            0 kB
Active:          2081492 kB
Inactive:        6974484 kB
Active(anon):    1143120 kB
Inactive(anon):   125660 kB
Active(file):     938372 kB
Inactive(file):  6848824 kB
Unevictable:        5716 kB
Mlocked:            5716 kB
SwapTotal:       3145724 kB
SwapFree:        3145724 kB
Dirty:              1244 kB
Writeback:             0 kB
AnonPages:       1237740 kB
Mapped:           777088 kB
Shmem:             32016 kB
KReclaimable:     555996 kB
Slab:             225428 kB
SReclaimable:      78804 kB
SUnreclaim:       146624 kB
KernelStack:       47152 kB
PageTables:        63568 kB
NFS_Unstable:          0 kB
Bounce:                0 kB
WritebackTmp:          0 kB
CommitLimit:     9202292 kB
Committed_AS:   67447764 kB
VmallocTotal:   263061440 kB
VmallocUsed:      104072 kB
VmallocChunk:          0 kB
Percpu:             7648 kB
CmaTotal:         294912 kB
CmaFree:               0 kB
MemTotal:       12113136 kB
MemFree:          478268 kB
MemAvailable:    7952780 kB
Buffers:            6244 kB
Cached:          7817644 kB
SwapCached:            0 kB
Active:          2082352 kB
Inactive:        6974492 kB
Active(anon):    1143980 kB
Inactive(anon):   125660 kB
Active(file):     938372 kB
Inactive(file):  6848832 kB
Unevictable:        5716 kB
Mlocked:            5716 kB
SwapTotal:       3145724 kB
SwapFree:        3145724 kB
Dirty:              1256 kB
Writeback:             0 kB
AnonPages:       1238416 kB
Mapped:           777444 kB
Shmem:             32016 kB
KReclaimable:     556012 kB
Slab:             225428 kB
SReclaimable:      78820 kB
SUnreclaim:       146608 kB
KernelStack:       47200 kB
PageTables:        63680 kB
NFS_Unstable:          0 kB
Bounce:                0 kB
WritebackTmp:          0 kB
CommitLimit:     9202292 kB
Committed_AS:   67447928 kB
VmallocTotal:   263061440 kB
VmallocUsed:      104120 kB
VmallocChunk:          0 kB
Percpu:             7648 kB
CmaTotal:         294912 kB
CmaFree:               0 kB
MemTotal:       12113136 kB
MemFree:          477440 kB
MemAvailable:    7951968 kB
Buffers:            6244 kB
Cached:          7817872 kB
SwapCached:            0 kB
Active:          2082924 kB
Inactive:        6974720 kB
Active(anon):    1144552 kB
Inactive(anon):   125872 kB
Active(file):     938372 kB
Inactive(file):  6848848 kB
Unevictable:        5716 kB
Mlocked:            5716 kB
SwapTotal:       3145724 kB
SwapFree:        3145724 kB
Dirty:              1320 kB
Writeback:             0 kB
AnonPages:       1239492 kB
Mapped:           777108 kB
Shmem:             32228 kB
KReclaimable:     556012 kB
Slab:             225420 kB
SReclaimable:      78820 kB
SUnreclaim:       146600 kB
KernelStack:       47136 kB
PageTables:        63688 kB
NFS_Unstable:          0 kB
Bounce:                0 kB
WritebackTmp:          0 kB
CommitLimit:     9202292 kB
Committed_AS:   67446328 kB
VmallocTotal:   263061440 kB
VmallocUsed:      104104 kB
VmallocChunk:          0 kB
Percpu:             7648 kB
CmaTotal:         294912 kB
CmaFree:               0 kB
MemTotal:       12113136 kB
MemFree:          476400 kB
MemAvailable:    7950928 kB
Buffers:            6244 kB
Cached:          7817888 kB
SwapCached:            0 kB
Active:          2083592 kB
Inactive:        6974732 kB
Active(anon):    1145216 kB
Inactive(anon):   125872 kB
Active(file):     938376 kB
Inactive(file):  6848860 kB
Unevictable:        5716 kB
Mlocked:            5716 kB
SwapTotal:       3145724 kB
SwapFree:        3145724 kB
Dirty:              1332 kB
Writeback:             0 kB
AnonPages:       1239660 kB
Mapped:           777180 kB
Shmem:             32228 kB
KReclaimable:     555996 kB
Slab:             225388 kB
SReclaimable:      78804 kB
SUnreclaim:       146584 kB
KernelStack:       47168 kB
PageTables:        63616 kB
NFS_Unstable:          0 kB
Bounce:                0 kB
WritebackTmp:          0 kB
CommitLimit:     9202292 kB
Committed_AS:   67441040 kB
VmallocTotal:   263061440 kB
VmallocUsed:      104120 kB
VmallocChunk:          0 kB
Percpu:             7648 kB
CmaTotal:         294912 kB
CmaFree:               0 kB
MemTotal:       12113136 kB
MemFree:          489084 kB
MemAvailable:    7963620 kB
Buffers:            6244 kB
Cached:          7817896 kB
SwapCached:            0 kB
Active:          2069908 kB
Inactive:        6974744 kB
Active(anon):    1131536 kB
Inactive(anon):   125872 kB
Active(file):     938372 kB
Inactive(file):  6848872 kB
Unevictable:        5716 kB
Mlocked:            5716 kB
SwapTotal:       3145724 kB
SwapFree:        3145724 kB
Dirty:              1344 kB
Writeback:             0 kB
AnonPages:       1226176 kB
Mapped:           768108 kB
Shmem:             32228 kB
KReclaimable:     555996 kB
Slab:             225396 kB
SReclaimable:      78804 kB
SUnreclaim:       146592 kB
KernelStack:       47136 kB
PageTables:        63520 kB
NFS_Unstable:          0 kB
Bounce:                0 kB
WritebackTmp:          0 kB
CommitLimit:     9202292 kB
Committed_AS:   67445928 kB
VmallocTotal:   263061440 kB
VmallocUsed:      104104 kB
VmallocChunk:          0 kB
Percpu:             7648 kB
CmaTotal:         294912 kB
CmaFree:             252 kB
MemTotal:       12113136 kB
MemFree:          489272 kB
MemAvailable:    7963828 kB
Buffers:            6252 kB
Cached:          7817916 kB
SwapCached:            0 kB
Active:          2070324 kB
Inactive:        6974756 kB
Active(anon):    1131944 kB
Inactive(anon):   125872 kB
Active(file):     938380 kB
Inactive(file):  6848884 kB
Unevictable:        5716 kB
Mlocked:            5716 kB
SwapTotal:       3145724 kB
SwapFree:        3145724 kB
Dirty:               828 kB
Writeback:             0 kB
AnonPages:       1226672 kB
Mapped:           768092 kB
Shmem:             32228 kB
KReclaimable:     555996 kB
Slab:             225396 kB
SReclaimable:      78804 kB
SUnreclaim:       146592 kB
KernelStack:       47136 kB
PageTables:        63128 kB
NFS_Unstable:          0 kB
Bounce:                0 kB
WritebackTmp:          0 kB
CommitLimit:     9202292 kB
Committed_AS:   67445012 kB
VmallocTotal:   263061440 kB
VmallocUsed:      104104 kB
VmallocChunk:          0 kB
Percpu:             7648 kB
CmaTotal:         294912 kB
CmaFree:               0 kB
MemTotal:       12113136 kB
MemFree:          488624 kB
MemAvailable:    7963200 kB
Buffers:            6252 kB
Cached:          7817928 kB
SwapCached:            0 kB
Active:          2070876 kB
Inactive:        6974776 kB
Active(anon):    1132496 kB
Inactive(anon):   125872 kB
Active(file):     938380 kB
Inactive(file):  6848904 kB
Unevictable:        5716 kB
Mlocked:            5716 kB
SwapTotal:       3145724 kB
SwapFree:        3145724 kB
Dirty:               840 kB
Writeback:             0 kB
AnonPages:       1227164 kB
Mapped:           768016 kB
Shmem:             32228 kB
KReclaimable:     555996 kB
Slab:             225396 kB
SReclaimable:      78804 kB
SUnreclaim:       146592 kB
KernelStack:       47088 kB
PageTables:        63424 kB
NFS_Unstable:          0 kB
Bounce:                0 kB
WritebackTmp:          0 kB
CommitLimit:     9202292 kB
Committed_AS:   67442296 kB
VmallocTotal:   263061440 kB
VmallocUsed:      104088 kB
VmallocChunk:          0 kB
Percpu:             7648 kB
CmaTotal:         294912 kB
CmaFree:               0 kB
MemTotal:       12113136 kB
MemFree:          490556 kB
MemAvailable:    7965128 kB
Buffers:            6252 kB
Cached:          7817860 kB
SwapCached:            0 kB
Active:          2069000 kB
Inactive:        6974708 kB
Active(anon):    1130620 kB
Inactive(anon):   125808 kB
Active(file):     938380 kB
Inactive(file):  6848900 kB
Unevictable:        5716 kB
Mlocked:            5716 kB
SwapTotal:       3145724 kB
SwapFree:        3145724 kB
Dirty:               856 kB
Writeback:             0 kB
AnonPages:       1225904 kB
Mapped:           768064 kB
Shmem:             32164 kB
KReclaimable:     555996 kB
Slab:             225388 kB
SReclaimable:      78804 kB
SUnreclaim:       146584 kB
KernelStack:       47136 kB
PageTables:        63516 kB
NFS_Unstable:          0 kB
Bounce:                0 kB
WritebackTmp:          0 kB
CommitLimit:     9202292 kB
Committed_AS:   67446804 kB
VmallocTotal:   263061440 kB
VmallocUsed:      104104 kB
VmallocChunk:          0 kB
Percpu:             7648 kB
CmaTotal:         294912 kB
CmaFree:              84 kB
MemTotal:       12113136 kB
MemFree:          490776 kB
MemAvailable:    7965372 kB
Buffers:            6252 kB
Cached:          7817884 kB
SwapCached:            0 kB
Active:          2068616 kB
Inactive:        6974732 kB
Active(anon):    1130236 kB
Inactive(anon):   125808 kB
Active(file):     938380 kB
Inactive(file):  6848924 kB
Unevictable:        5716 kB
Mlocked:            5716 kB
SwapTotal:       3145724 kB
SwapFree:        3145724 kB
Dirty:               872 kB
Writeback:             0 kB
AnonPages:       1224616 kB
Mapped:           768280 kB
Shmem:             32164 kB
KReclaimable:     555996 kB
Slab:             225396 kB
SReclaimable:      78804 kB
SUnreclaim:       146592 kB
KernelStack:       47128 kB
PageTables:        63788 kB
NFS_Unstable:          0 kB
Bounce:                0 kB
WritebackTmp:          0 kB
CommitLimit:     9202292 kB
Committed_AS:   67446816 kB
VmallocTotal:   263061440 kB
VmallocUsed:      104104 kB
VmallocChunk:          0 kB
Percpu:             7648 kB
CmaTotal:         294912 kB
CmaFree:               0 kB
MemTotal:       12113136 kB
MemFree:          491248 kB
MemAvailable:    7965868 kB
Buffers:            6252 kB
Cached:          7817908 kB
SwapCached:            0 kB
Active:          2068812 kB
Inactive:        6974752 kB
Active(anon):    1130428 kB
Inactive(anon):   125808 kB
Active(file):     938384 kB
Inactive(file):  6848944 kB
Unevictable:        5716 kB
Mlocked:            5716 kB
SwapTotal:       3145724 kB
SwapFree:        3145724 kB
Dirty:               892 kB
Writeback:             0 kB
AnonPages:       1224668 kB
Mapped:           767916 kB
Shmem:             32164 kB
KReclaimable:     555996 kB
Slab:             225388 kB
SReclaimable:      78804 kB
SUnreclaim:       146584 kB
KernelStack:       47104 kB
PageTables:        63272 kB
NFS_Unstable:          0 kB
Bounce:                0 kB
WritebackTmp:          0 kB
CommitLimit:     9202292 kB
Committed_AS:   67446252 kB
VmallocTotal:   263061440 kB
VmallocUsed:      104088 kB
VmallocChunk:          0 kB
Percpu:             7648 kB
CmaTotal:         294912 kB
CmaFree:             140 kB
MemTotal:       12113136 kB
MemFree:          491008 kB
MemAvailable:    7965628 kB
Buffers:            6252 kB
Cached:          7817932 kB
SwapCached:            0 kB
Active:          2069456 kB
Inactive:        6974780 kB
Active(anon):    1131076 kB
Inactive(anon):   125832 kB
Active(file):     938380 kB
Inactive(file):  6848948 kB
Unevictable:        5716 kB
Mlocked:            5716 kB
SwapTotal:       3145724 kB
SwapFree:        3145724 kB
Dirty:               916 kB
Writeback:             0 kB
AnonPages:       1225420 kB
Mapped:           768204 kB
Shmem:             32188 kB
KReclaimable:     555996 kB
Slab:             225404 kB
SReclaimable:      78804 kB
SUnreclaim:       146600 kB
KernelStack:       47072 kB
PageTables:        63572 kB
NFS_Unstable:          0 kB
Bounce:                0 kB
WritebackTmp:          0 kB
CommitLimit:     9202292 kB
Committed_AS:   67446264 kB
VmallocTotal:   263061440 kB
VmallocUsed:      104088 kB
VmallocChunk:          0 kB
Percpu:             7648 kB
CmaTotal:         294912 kB
CmaFree:               0 kB
MemTotal:       12113136 kB
MemFree:          490936 kB
MemAvailable:    7965572 kB
Buffers:            6252 kB
Cached:          7817948 kB
SwapCached:            0 kB
Active:          2069832 kB
Inactive:        6974796 kB
Active(anon):    1131452 kB
Inactive(anon):   125832 kB
Active(file):     938380 kB
Inactive(file):  6848964 kB
Unevictable:        5716 kB
Mlocked:            5716 kB
SwapTotal:       3145724 kB
SwapFree:        3145724 kB
Dirty:               672 kB
Writeback:             0 kB
AnonPages:       1226372 kB
Mapped:           768228 kB
Shmem:             32188 kB
KReclaimable:     555996 kB
Slab:             225392 kB
SReclaimable:      78804 kB
SUnreclaim:       146588 kB
KernelStack:       47120 kB
PageTables:        63688 kB
NFS_Unstable:          0 kB
Bounce:                0 kB
WritebackTmp:          0 kB
CommitLimit:     9202292 kB
Committed_AS:   67441400 kB
VmallocTotal:   263061440 kB
VmallocUsed:      104072 kB
VmallocChunk:          0 kB
Percpu:             7648 kB
CmaTotal:         294912 kB
CmaFree:              12 kB
MemTotal:       12113136 kB
MemFree:          489304 kB
MemAvailable:    7963956 kB
Buffers:            6252 kB
Cached:          7817968 kB
SwapCached:            0 kB
Active:          2071456 kB
Inactive:        6974816 kB
Active(anon):    1133076 kB
Inactive(anon):   125836 kB
Active(file):     938380 kB
Inactive(file):  6848980 kB
Unevictable:        5716 kB
Mlocked:            5716 kB
SwapTotal:       3145724 kB
SwapFree:        3145724 kB
Dirty:               708 kB
Writeback:             0 kB
AnonPages:       1227872 kB
Mapped:           768100 kB
Shmem:             32192 kB
KReclaimable:     555996 kB
Slab:             225392 kB
SReclaimable:      78804 kB
SUnreclaim:       146588 kB
KernelStack:       47248 kB
PageTables:        63564 kB
NFS_Unstable:          0 kB
Bounce:                0 kB
WritebackTmp:          0 kB
CommitLimit:     9202292 kB
Committed_AS:   67444320 kB
VmallocTotal:   263061440 kB
VmallocUsed:      104184 kB
VmallocChunk:          0 kB
Percpu:             7648 kB
CmaTotal:         294912 kB
CmaFree:               0 kB
MemTotal:       12113136 kB
MemFree:          488972 kB
MemAvailable:    7963640 kB
Buffers:            6252 kB
Cached:          7817984 kB
SwapCached:            0 kB
Active:          2071968 kB
Inactive:        6974832 kB
Active(anon):    1133588 kB
Inactive(anon):   125836 kB
Active(file):     938380 kB
Inactive(file):  6848996 kB
Unevictable:        5716 kB
Mlocked:            5716 kB
SwapTotal:       3145724 kB
SwapFree:        3145724 kB
Dirty:               724 kB
Writeback:             0 kB
AnonPages:       1228296 kB
Mapped:           768096 kB
Shmem:             32192 kB
KReclaimable:     555996 kB
Slab:             225392 kB
SReclaimable:      78804 kB
SUnreclaim:       146588 kB
KernelStack:       47264 kB
PageTables:        63440 kB
NFS_Unstable:          0 kB
Bounce:                0 kB
WritebackTmp:          0 kB
CommitLimit:     9202292 kB
Committed_AS:   67446496 kB
VmallocTotal:   263061440 kB
VmallocUsed:      104200 kB
VmallocChunk:          0 kB
Percpu:             7648 kB
CmaTotal:         294912 kB
CmaFree:               0 kB
MemTotal:       12113136 kB
MemFree:          487100 kB
MemAvailable:    7961756 kB
Buffers:            6252 kB
Cached:          7817988 kB
SwapCached:            0 kB
Active:          2072500 kB
Inactive:        6974836 kB
Active(anon):    1134120 kB
Inactive(anon):   125836 kB
Active(file):     938380 kB
Inactive(file):  6849000 kB
Unevictable:        5716 kB
Mlocked:            5716 kB
SwapTotal:       3145724 kB
SwapFree:        3145724 kB
Dirty:               732 kB
Writeback:             0 kB
AnonPages:       1228920 kB
Mapped:           768220 kB
Shmem:             32192 kB
KReclaimable:     555980 kB
Slab:             225384 kB
SReclaimable:      78788 kB
SUnreclaim:       146596 kB
KernelStack:       47220 kB
PageTables:        63440 kB
NFS_Unstable:          0 kB
Bounce:                0 kB
WritebackTmp:          0 kB
CommitLimit:     9202292 kB
Committed_AS:   67443224 kB
VmallocTotal:   263061440 kB
VmallocUsed:      104232 kB
VmallocChunk:          0 kB
Percpu:             7648 kB
CmaTotal:         294912 kB
CmaFree:               0 kB
MemTotal:       12113136 kB
MemFree:          486868 kB
MemAvailable:    7961576 kB
Buffers:            6260 kB
Cached:          7818012 kB
SwapCached:            0 kB
Active:          2073208 kB
Inactive:        6974860 kB
Active(anon):    1134820 kB
Inactive(anon):   125836 kB
Active(file):     938388 kB
Inactive(file):  6849024 kB
Unevictable:        5716 kB
Mlocked:            5716 kB
SwapTotal:       3145724 kB
SwapFree:        3145724 kB
Dirty:               644 kB
Writeback:             0 kB
AnonPages:       1229564 kB
Mapped:           768068 kB
Shmem:             32192 kB
KReclaimable:     556000 kB
Slab:             225404 kB
SReclaimable:      78808 kB
SUnreclaim:       146596 kB
KernelStack:       47264 kB
PageTables:        63276 kB
NFS_Unstable:          0 kB
Bounce:                0 kB
WritebackTmp:          0 kB
CommitLimit:     9202292 kB
Committed_AS:   67447820 kB
VmallocTotal:   263061440 kB
VmallocUsed:      104248 kB
VmallocChunk:          0 kB
Percpu:             7648 kB
CmaTotal:         294912 kB
CmaFree:               0 kB
MemTotal:       12113136 kB
MemFree:          485428 kB
MemAvailable:    7960140 kB
Buffers:            6260 kB
Cached:          7818016 kB
SwapCached:            0 kB
Active:          2074344 kB
Inactive:        6974868 kB
Active(anon):    1135960 kB
Inactive(anon):   125836 kB
Active(file):     938384 kB
Inactive(file):  6849032 kB
Unevictable:        5716 kB
Mlocked:            5716 kB
SwapTotal:       3145724 kB
SwapFree:        3145724 kB
Dirty:               252 kB
Writeback:             0 kB
AnonPages:       1230500 kB
Mapped:           768304 kB
Shmem:             32192 kB
KReclaimable:     556000 kB
Slab:             225404 kB
SReclaimable:      78808 kB
SUnreclaim:       146596 kB
KernelStack:       47344 kB
PageTables:        63468 kB
NFS_Unstable:          0 kB
Bounce:                0 kB
WritebackTmp:          0 kB
CommitLimit:     9202292 kB
Committed_AS:   67442724 kB
VmallocTotal:   263061440 kB
VmallocUsed:      104248 kB
VmallocChunk:          0 kB
Percpu:             7648 kB
CmaTotal:         294912 kB
CmaFree:               0 kB
MemTotal:       12113136 kB
MemFree:          485880 kB
MemAvailable:    7960628 kB
Buffers:            6260 kB
Cached:          7818052 kB
SwapCached:            0 kB
Active:          2074048 kB
Inactive:        6974900 kB
Active(anon):    1135660 kB
Inactive(anon):   125836 kB
Active(file):     938388 kB
Inactive(file):  6849064 kB
Unevictable:        5716 kB
Mlocked:            5716 kB
SwapTotal:       3145724 kB
SwapFree:        3145724 kB
Dirty:               344 kB
Writeback:             0 kB
AnonPages:       1230208 kB
Mapped:           768092 kB
Shmem:             32192 kB
KReclaimable:     556000 kB
Slab:             225404 kB
SReclaimable:      78808 kB
SUnreclaim:       146596 kB
KernelStack:       47348 kB
PageTables:        63648 kB
NFS_Unstable:          0 kB
Bounce:                0 kB
WritebackTmp:          0 kB
CommitLimit:     9202292 kB
Committed_AS:   67442556 kB
VmallocTotal:   263061440 kB
VmallocUsed:      104280 kB
VmallocChunk:          0 kB
Percpu:             7648 kB
CmaTotal:         294912 kB
CmaFree:             128 kB
MemTotal:       12113136 kB
MemFree:          487240 kB
MemAvailable:    7961992 kB
Buffers:            6260 kB
Cached:          7818056 kB
SwapCached:            0 kB
Active:          2074436 kB
Inactive:        6974904 kB
Active(anon):    1136048 kB
Inactive(anon):   125836 kB
Active(file):     938388 kB
Inactive(file):  6849068 kB
Unevictable:        5716 kB
Mlocked:            5716 kB
SwapTotal:       3145724 kB
SwapFree:        3145724 kB
Dirty:               348 kB
Writeback:             0 kB
AnonPages:       1230816 kB
Mapped:           768096 kB
Shmem:             32192 kB
KReclaimable:     556000 kB
Slab:             225396 kB
SReclaimable:      78808 kB
SUnreclaim:       146588 kB
KernelStack:       47296 kB
PageTables:        63444 kB
NFS_Unstable:          0 kB
Bounce:                0 kB
WritebackTmp:          0 kB
CommitLimit:     9202292 kB
Committed_AS:   67442000 kB
VmallocTotal:   263061440 kB
VmallocUsed:      104248 kB
VmallocChunk:          0 kB
Percpu:             7648 kB
CmaTotal:         294912 kB
CmaFree:               0 kB
MemTotal:       12113136 kB
MemFree:          485904 kB
MemAvailable:    7960668 kB
Buffers:            6260 kB
Cached:          7818068 kB
SwapCached:            0 kB
Active:          2074600 kB
Inactive:        6974916 kB
Active(anon):    1136212 kB
Inactive(anon):   125836 kB
Active(file):     938388 kB
Inactive(file):  6849080 kB
Unevictable:        5716 kB
Mlocked:            5716 kB
SwapTotal:       3145724 kB
SwapFree:        3145724 kB
Dirty:               360 kB
Writeback:             0 kB
AnonPages:       1230948 kB
Mapped:           768148 kB
Shmem:             32192 kB
KReclaimable:     556000 kB
Slab:             225388 kB
SReclaimable:      78808 kB
SUnreclaim:       146580 kB
KernelStack:       47316 kB
PageTables:        63528 kB
NFS_Unstable:          0 kB
Bounce:                0 kB
WritebackTmp:          0 kB
CommitLimit:     9202292 kB
Committed_AS:   67445940 kB
VmallocTotal:   263061440 kB
VmallocUsed:      104264 kB
VmallocChunk:          0 kB
Percpu:             7648 kB
CmaTotal:         294912 kB
CmaFree:               4 kB
MemTotal:       12113136 kB
MemFree:          477400 kB
MemAvailable:    7952188 kB
Buffers:            6260 kB
Cached:          7818092 kB
SwapCached:            0 kB
Active:          2084672 kB
Inactive:        6974940 kB
Active(anon):    1146284 kB
Inactive(anon):   125836 kB
Active(file):     938388 kB
Inactive(file):  6849104 kB
Unevictable:        5716 kB
Mlocked:            5716 kB
SwapTotal:       3145724 kB
SwapFree:        3145724 kB
Dirty:               396 kB
Writeback:             0 kB
AnonPages:       1241004 kB
Mapped:           767952 kB
Shmem:             32192 kB
KReclaimable:     556000 kB
Slab:             225396 kB
SReclaimable:      78808 kB
SUnreclaim:       146588 kB
KernelStack:       47280 kB
PageTables:        63380 kB
NFS_Unstable:          0 kB
Bounce:                0 kB
WritebackTmp:          0 kB
CommitLimit:     9202292 kB
Committed_AS:   67444132 kB
VmallocTotal:   263061440 kB
VmallocUsed:      104296 kB
VmallocChunk:          0 kB
Percpu:             7648 kB
CmaTotal:         294912 kB
CmaFree:               0 kB
MemTotal:       12113136 kB
MemFree:          459856 kB
MemAvailable:    7934648 kB
Buffers:            6260 kB
Cached:          7818096 kB
SwapCached:            0 kB
Active:          2102076 kB
Inactive:        6974944 kB
Active(anon):    1163688 kB
Inactive(anon):   125836 kB
Active(file):     938388 kB
Inactive(file):  6849108 kB
Unevictable:        5716 kB
Mlocked:            5716 kB
SwapTotal:       3145724 kB
SwapFree:        3145724 kB
Dirty:               400 kB
Writeback:             0 kB
AnonPages:       1258592 kB
Mapped:           768368 kB
Shmem:             32192 kB
KReclaimable:     556000 kB
Slab:             225388 kB
SReclaimable:      78808 kB
SUnreclaim:       146580 kB
KernelStack:       47300 kB
PageTables:        63632 kB
NFS_Unstable:          0 kB
Bounce:                0 kB
WritebackTmp:          0 kB
CommitLimit:     9202292 kB
Committed_AS:   67437844 kB
VmallocTotal:   263061440 kB
VmallocUsed:      104248 kB
VmallocChunk:          0 kB
Percpu:             7648 kB
CmaTotal:         294912 kB
CmaFree:              24 kB
MemTotal:       12113136 kB
MemFree:          448432 kB
MemAvailable:    7923204 kB
Buffers:            6260 kB
Cached:          7818092 kB
SwapCached:            0 kB
Active:          2112260 kB
Inactive:        6974944 kB
Active(anon):    1173876 kB
Inactive(anon):   125836 kB
Active(file):     938384 kB
Inactive(file):  6849108 kB
Unevictable:        5716 kB
Mlocked:            5716 kB
SwapTotal:       3145724 kB
SwapFree:        3145724 kB
Dirty:               444 kB
Writeback:             0 kB
AnonPages:       1268960 kB
Mapped:           768004 kB
Shmem:             32192 kB
KReclaimable:     555984 kB
Slab:             225388 kB
SReclaimable:      78792 kB
SUnreclaim:       146596 kB
KernelStack:       47312 kB
PageTables:        63524 kB
NFS_Unstable:          0 kB
Bounce:                0 kB
WritebackTmp:          0 kB
CommitLimit:     9202292 kB
Committed_AS:   67442004 kB
VmallocTotal:   263061440 kB
VmallocUsed:      104280 kB
VmallocChunk:          0 kB
Percpu:             7648 kB
CmaTotal:         294912 kB
CmaFree:               0 kB
MemTotal:       12113136 kB
MemFree:          456948 kB
MemAvailable:    7931768 kB
Buffers:            6260 kB
Cached:          7818164 kB
SwapCached:            0 kB
Active:          2104764 kB
Inactive:        6974972 kB
Active(anon):    1166376 kB
Inactive(anon):   125836 kB
Active(file):     938388 kB
Inactive(file):  6849136 kB
Unevictable:        5716 kB
Mlocked:            5716 kB
SwapTotal:       3145724 kB
SwapFree:        3145724 kB
Dirty:               468 kB
Writeback:             0 kB
AnonPages:       1261480 kB
Mapped:           768096 kB
Shmem:             32232 kB
KReclaimable:     556000 kB
Slab:             225380 kB
SReclaimable:      78808 kB
SUnreclaim:       146572 kB
KernelStack:       47264 kB
PageTables:        63304 kB
NFS_Unstable:          0 kB
Bounce:                0 kB
WritebackTmp:          0 kB
CommitLimit:     9202292 kB
Committed_AS:   67436452 kB
VmallocTotal:   263061440 kB
VmallocUsed:      104264 kB
VmallocChunk:          0 kB
Percpu:             7648 kB
CmaTotal:         294912 kB
CmaFree:               0 kB
MemTotal:       12113136 kB
MemFree:          455940 kB
MemAvailable:    7930760 kB
Buffers:            6260 kB
Cached:          7818140 kB
SwapCached:            0 kB
Active:          2104588 kB
Inactive:        6974988 kB
Active(anon):    1166200 kB
Inactive(anon):   125836 kB
Active(file):     938388 kB
Inactive(file):  6849152 kB
Unevictable:        5716 kB
Mlocked:            5716 kB
SwapTotal:       3145724 kB
SwapFree:        3145724 kB
Dirty:               484 kB
Writeback:             0 kB
AnonPages:       1261288 kB
Mapped:           768240 kB
Shmem:             32192 kB
KReclaimable:     555984 kB
Slab:             225396 kB
SReclaimable:      78792 kB
SUnreclaim:       146604 kB
KernelStack:       47312 kB
PageTables:        63388 kB
NFS_Unstable:          0 kB
Bounce:                0 kB
WritebackTmp:          0 kB
CommitLimit:     9202292 kB
Committed_AS:   67431828 kB
VmallocTotal:   263061440 kB
VmallocUsed:      104280 kB
VmallocChunk:          0 kB
Percpu:             7648 kB
CmaTotal:         294912 kB
CmaFree:               0 kB
MemTotal:       12113136 kB
MemFree:          455336 kB
MemAvailable:    7930180 kB
Buffers:            6260 kB
Cached:          7818148 kB
SwapCached:            0 kB
Active:          2105420 kB
Inactive:        6974996 kB
Active(anon):    1167032 kB
Inactive(anon):   125836 kB
Active(file):     938388 kB
Inactive(file):  6849160 kB
Unevictable:        5716 kB
Mlocked:            5716 kB
SwapTotal:       3145724 kB
SwapFree:        3145724 kB
Dirty:               504 kB
Writeback:             0 kB
AnonPages:       1261956 kB
Mapped:           768072 kB
Shmem:             32192 kB
KReclaimable:     556000 kB
Slab:             225388 kB
SReclaimable:      78808 kB
SUnreclaim:       146580 kB
KernelStack:       47300 kB
PageTables:        63404 kB
NFS_Unstable:          0 kB
Bounce:                0 kB
WritebackTmp:          0 kB
CommitLimit:     9202292 kB
Committed_AS:   67435196 kB
VmallocTotal:   263061440 kB
VmallocUsed:      104248 kB
VmallocChunk:          0 kB
Percpu:             7648 kB
CmaTotal:         294912 kB
CmaFree:               0 kB
MemTotal:       12113136 kB
MemFree:          453344 kB
MemAvailable:    7928216 kB
Buffers:            6260 kB
Cached:          7818176 kB
SwapCached:            0 kB
Active:          2106324 kB
Inactive:        6975024 kB
Active(anon):    1167936 kB
Inactive(anon):   125836 kB
Active(file):     938388 kB
Inactive(file):  6849188 kB
Unevictable:        5716 kB
Mlocked:            5716 kB
SwapTotal:       3145724 kB
SwapFree:        3145724 kB
Dirty:               256 kB
Writeback:             0 kB
AnonPages:       1262664 kB
Mapped:           768096 kB
Shmem:             32192 kB
KReclaimable:     556000 kB
Slab:             225404 kB
SReclaimable:      78808 kB
SUnreclaim:       146596 kB
KernelStack:       47280 kB
PageTables:        63396 kB
NFS_Unstable:          0 kB
Bounce:                0 kB
WritebackTmp:          0 kB
CommitLimit:     9202292 kB
Committed_AS:   67435196 kB
VmallocTotal:   263061440 kB
VmallocUsed:      104264 kB
VmallocChunk:          0 kB
Percpu:             7648 kB
CmaTotal:         294912 kB
CmaFree:               0 kB
MemTotal:       12113136 kB
MemFree:          454508 kB
MemAvailable:    7929392 kB
Buffers:            6260 kB
Cached:          7818188 kB
SwapCached:            0 kB
Active:          2106552 kB
Inactive:        6975036 kB
Active(anon):    1168164 kB
Inactive(anon):   125836 kB
Active(file):     938388 kB
Inactive(file):  6849200 kB
Unevictable:        5716 kB
Mlocked:            5716 kB
SwapTotal:       3145724 kB
SwapFree:        3145724 kB
Dirty:               304 kB
Writeback:             0 kB
AnonPages:       1262972 kB
Mapped:           768092 kB
Shmem:             32192 kB
KReclaimable:     556000 kB
Slab:             225372 kB
SReclaimable:      78808 kB
SUnreclaim:       146564 kB
KernelStack:       47264 kB
PageTables:        63416 kB
NFS_Unstable:          0 kB
Bounce:                0 kB
WritebackTmp:          0 kB
CommitLimit:     9202292 kB
Committed_AS:   67435104 kB
VmallocTotal:   263061440 kB
VmallocUsed:      104280 kB
VmallocChunk:          0 kB
Percpu:             7648 kB
CmaTotal:         294912 kB
CmaFree:               0 kB
MemTotal:       12113136 kB
MemFree:          454248 kB
MemAvailable:    7929136 kB
Buffers:            6260 kB
Cached:          7818192 kB
SwapCached:            0 kB
Active:          2105580 kB
Inactive:        6975040 kB
Active(anon):    1167192 kB
Inactive(anon):   125836 kB
Active(file):     938388 kB
Inactive(file):  6849204 kB
Unevictable:        5716 kB
Mlocked:            5716 kB
SwapTotal:       3145724 kB
SwapFree:        3145724 kB
Dirty:               308 kB
Writeback:             0 kB
AnonPages:       1261896 kB
Mapped:           768096 kB
Shmem:             32192 kB
KReclaimable:     556000 kB
Slab:             225404 kB
SReclaimable:      78808 kB
SUnreclaim:       146596 kB
KernelStack:       47312 kB
PageTables:        63636 kB
NFS_Unstable:          0 kB
Bounce:                0 kB
WritebackTmp:          0 kB
CommitLimit:     9202292 kB
Committed_AS:   67435464 kB
VmallocTotal:   263061440 kB
VmallocUsed:      104280 kB
VmallocChunk:          0 kB
Percpu:             7648 kB
CmaTotal:         294912 kB
CmaFree:               0 kB
MemTotal:       12113136 kB
MemFree:          454044 kB
MemAvailable:    7928940 kB
Buffers:            6260 kB
Cached:          7818200 kB
SwapCached:            0 kB
Active:          2106592 kB
Inactive:        6975052 kB
Active(anon):    1168208 kB
Inactive(anon):   125836 kB
Active(file):     938384 kB
Inactive(file):  6849216 kB
Unevictable:        5716 kB
Mlocked:            5716 kB
SwapTotal:       3145724 kB
SwapFree:        3145724 kB
Dirty:               316 kB
Writeback:             0 kB
AnonPages:       1262656 kB
Mapped:           768104 kB
Shmem:             32192 kB
KReclaimable:     556000 kB
Slab:             225380 kB
SReclaimable:      78808 kB
SUnreclaim:       146572 kB
KernelStack:       47376 kB
PageTables:        63660 kB
NFS_Unstable:          0 kB
Bounce:                0 kB
WritebackTmp:          0 kB
CommitLimit:     9202292 kB
Committed_AS:   67436472 kB
VmallocTotal:   263061440 kB
VmallocUsed:      104296 kB
VmallocChunk:          0 kB
Percpu:             7648 kB
CmaTotal:         294912 kB
CmaFree:              16 kB
MemTotal:       12113136 kB
MemFree:          453192 kB
MemAvailable:    7928128 kB
Buffers:            6260 kB
Cached:          7818240 kB
SwapCached:            0 kB
Active:          2106732 kB
Inactive:        6975084 kB
Active(anon):    1168340 kB
Inactive(anon):   125836 kB
Active(file):     938392 kB
Inactive(file):  6849248 kB
Unevictable:        5716 kB
Mlocked:            5716 kB
SwapTotal:       3145724 kB
SwapFree:        3145724 kB
Dirty:               364 kB
Writeback:             0 kB
AnonPages:       1262648 kB
Mapped:           768168 kB
Shmem:             32192 kB
KReclaimable:     556000 kB
Slab:             225412 kB
SReclaimable:      78808 kB
SUnreclaim:       146604 kB
KernelStack:       47264 kB
PageTables:        63396 kB
NFS_Unstable:          0 kB
Bounce:                0 kB
WritebackTmp:          0 kB
CommitLimit:     9202292 kB
Committed_AS:   67430852 kB
VmallocTotal:   263061440 kB
VmallocUsed:      104296 kB
VmallocChunk:          0 kB
Percpu:             7648 kB
CmaTotal:         294912 kB
CmaFree:               0 kB
MemTotal:       12113136 kB
MemFree:          453768 kB
MemAvailable:    7928720 kB
Buffers:            6264 kB
Cached:          7818252 kB
SwapCached:            0 kB
Active:          2106508 kB
Inactive:        6975100 kB
Active(anon):    1168116 kB
Inactive(anon):   125836 kB
Active(file):     938392 kB
Inactive(file):  6849264 kB
Unevictable:        5716 kB
Mlocked:            5716 kB
SwapTotal:       3145724 kB
SwapFree:        3145724 kB
Dirty:               248 kB
Writeback:             0 kB
AnonPages:       1263048 kB
Mapped:           768072 kB
Shmem:             32192 kB
KReclaimable:     556000 kB
Slab:             225396 kB
SReclaimable:      78808 kB
SUnreclaim:       146588 kB
KernelStack:       47248 kB
PageTables:        63280 kB
NFS_Unstable:          0 kB
Bounce:                0 kB
WritebackTmp:          0 kB
CommitLimit:     9202292 kB
Committed_AS:   67436856 kB
VmallocTotal:   263061440 kB
VmallocUsed:      104280 kB
VmallocChunk:          0 kB
Percpu:             7648 kB
CmaTotal:         294912 kB
CmaFree:               0 kB
MemTotal:       12113136 kB
MemFree:          452944 kB
MemAvailable:    7927900 kB
Buffers:            6264 kB
Cached:          7818256 kB
SwapCached:            0 kB
Active:          2107848 kB
Inactive:        6975104 kB
Active(anon):    1169456 kB
Inactive(anon):   125836 kB
Active(file):     938392 kB
Inactive(file):  6849268 kB
Unevictable:        5716 kB
Mlocked:            5716 kB
SwapTotal:       3145724 kB
SwapFree:        3145724 kB
Dirty:               304 kB
Writeback:             0 kB
AnonPages:       1263788 kB
Mapped:           768232 kB
Shmem:             32192 kB
KReclaimable:     556000 kB
Slab:             225396 kB
SReclaimable:      78808 kB
SUnreclaim:       146588 kB
KernelStack:       47264 kB
PageTables:        63512 kB
NFS_Unstable:          0 kB
Bounce:                0 kB
WritebackTmp:          0 kB
CommitLimit:     9202292 kB
Committed_AS:   67438652 kB
VmallocTotal:   263061440 kB
VmallocUsed:      104296 kB
VmallocChunk:          0 kB
Percpu:             7648 kB
CmaTotal:         294912 kB
CmaFree:               0 kB
MemTotal:       12113136 kB
MemFree:          453364 kB
MemAvailable:    7928336 kB
Buffers:            6264 kB
Cached:          7818272 kB
SwapCached:            0 kB
Active:          2108296 kB
Inactive:        6975120 kB
Active(anon):    1169904 kB
Inactive(anon):   125836 kB
Active(file):     938392 kB
Inactive(file):  6849284 kB
Unevictable:        5716 kB
Mlocked:            5716 kB
SwapTotal:       3145724 kB
SwapFree:        3145724 kB
Dirty:               348 kB
Writeback:             0 kB
AnonPages:       1264492 kB
Mapped:           768224 kB
Shmem:             32192 kB
KReclaimable:     556000 kB
Slab:             225396 kB
SReclaimable:      78808 kB
SUnreclaim:       146588 kB
KernelStack:       47264 kB
PageTables:        63436 kB
NFS_Unstable:          0 kB
Bounce:                0 kB
WritebackTmp:          0 kB
CommitLimit:     9202292 kB
Committed_AS:   67441012 kB
VmallocTotal:   263061440 kB
VmallocUsed:      104296 kB
VmallocChunk:          0 kB
Percpu:             7648 kB
CmaTotal:         294912 kB
CmaFree:               4 kB
MemTotal:       12113136 kB
MemFree:          452664 kB
MemAvailable:    7927628 kB
Buffers:            6264 kB
Cached:          7818280 kB
SwapCached:            0 kB
Active:          2109056 kB
Inactive:        6975128 kB
Active(anon):    1170664 kB
Inactive(anon):   125836 kB
Active(file):     938392 kB
Inactive(file):  6849292 kB
Unevictable:        5716 kB
Mlocked:            5716 kB
SwapTotal:       3145724 kB
SwapFree:        3145724 kB
Dirty:               356 kB
Writeback:             0 kB
AnonPages:       1264928 kB
Mapped:           768292 kB
Shmem:             32192 kB
KReclaimable:     555984 kB
Slab:             225380 kB
SReclaimable:      78792 kB
SUnreclaim:       146588 kB
KernelStack:       47248 kB
PageTables:        63760 kB
NFS_Unstable:          0 kB
Bounce:                0 kB
WritebackTmp:          0 kB
CommitLimit:     9202292 kB
Committed_AS:   67441144 kB
VmallocTotal:   263061440 kB
VmallocUsed:      104312 kB
VmallocChunk:          0 kB
Percpu:             7648 kB
CmaTotal:         294912 kB
CmaFree:               0 kB
MemTotal:       12113136 kB
MemFree:          450888 kB
MemAvailable:    7925884 kB
Buffers:            6264 kB
Cached:          7818296 kB
SwapCached:            0 kB
Active:          2109560 kB
Inactive:        6975144 kB
Active(anon):    1171168 kB
Inactive(anon):   125836 kB
Active(file):     938392 kB
Inactive(file):  6849308 kB
Unevictable:        5716 kB
Mlocked:            5716 kB
SwapTotal:       3145724 kB
SwapFree:        3145724 kB
Dirty:               392 kB
Writeback:             0 kB
AnonPages:       1265784 kB
Mapped:           768152 kB
Shmem:             32192 kB
KReclaimable:     556000 kB
Slab:             225404 kB
SReclaimable:      78808 kB
SUnreclaim:       146596 kB
KernelStack:       47268 kB
PageTables:        63408 kB
NFS_Unstable:          0 kB
Bounce:                0 kB
WritebackTmp:          0 kB
CommitLimit:     9202292 kB
Committed_AS:   67430756 kB
VmallocTotal:   263061440 kB
VmallocUsed:      104296 kB
VmallocChunk:          0 kB
Percpu:             7648 kB
CmaTotal:         294912 kB
CmaFree:               0 kB
MemTotal:       12113136 kB
MemFree:          450444 kB
MemAvailable:    7925452 kB
Buffers:            6264 kB
Cached:          7818308 kB
SwapCached:            0 kB
Active:          2109728 kB
Inactive:        6975156 kB
Active(anon):    1171336 kB
Inactive(anon):   125836 kB
Active(file):     938392 kB
Inactive(file):  6849320 kB
Unevictable:        5716 kB
Mlocked:            5716 kB
SwapTotal:       3145724 kB
SwapFree:        3145724 kB
Dirty:               404 kB
Writeback:             0 kB
AnonPages:       1266132 kB
Mapped:           768368 kB
Shmem:             32192 kB
KReclaimable:     556000 kB
Slab:             225404 kB
SReclaimable:      78808 kB
SUnreclaim:       146596 kB
KernelStack:       47300 kB
PageTables:        63432 kB
NFS_Unstable:          0 kB
Bounce:                0 kB
WritebackTmp:          0 kB
CommitLimit:     9202292 kB
Committed_AS:   67420740 kB
VmallocTotal:   263061440 kB
VmallocUsed:      104280 kB
VmallocChunk:          0 kB
Percpu:             7648 kB
CmaTotal:         294912 kB
CmaFree:               0 kB
MemTotal:       12113136 kB
MemFree:          449852 kB
MemAvailable:    7924888 kB
Buffers:            6264 kB
Cached:          7818324 kB
SwapCached:            0 kB
Active:          2110888 kB
Inactive:        6975168 kB
Active(anon):    1172496 kB
Inactive(anon):   125836 kB
Active(file):     938392 kB
Inactive(file):  6849332 kB
Unevictable:        5716 kB
Mlocked:            5716 kB
SwapTotal:       3145724 kB
SwapFree:        3145724 kB
Dirty:               424 kB
Writeback:             0 kB
AnonPages:       1267424 kB
Mapped:           768224 kB
Shmem:             32192 kB
KReclaimable:     556016 kB
Slab:             225412 kB
SReclaimable:      78824 kB
SUnreclaim:       146588 kB
KernelStack:       47264 kB
PageTables:        63340 kB
NFS_Unstable:          0 kB
Bounce:                0 kB
WritebackTmp:          0 kB
CommitLimit:     9202292 kB
Committed_AS:   67430408 kB
VmallocTotal:   263061440 kB
VmallocUsed:      104264 kB
VmallocChunk:          0 kB
Percpu:             7648 kB
CmaTotal:         294912 kB
CmaFree:               0 kB
MemTotal:       12113136 kB
MemFree:          449064 kB
MemAvailable:    7924100 kB
Buffers:            6264 kB
Cached:          7818336 kB
SwapCached:            0 kB
Active:          2111428 kB
Inactive:        6975184 kB
Active(anon):    1173036 kB
Inactive(anon):   125836 kB
Active(file):     938392 kB
Inactive(file):  6849348 kB
Unevictable:        5716 kB
Mlocked:            5716 kB
SwapTotal:       3145724 kB
SwapFree:        3145724 kB
Dirty:               444 kB
Writeback:             0 kB
AnonPages:       1267756 kB
Mapped:           768148 kB
Shmem:             32192 kB
KReclaimable:     556000 kB
Slab:             225404 kB
SReclaimable:      78808 kB
SUnreclaim:       146596 kB
KernelStack:       47232 kB
PageTables:        63632 kB
NFS_Unstable:          0 kB
Bounce:                0 kB
WritebackTmp:          0 kB
CommitLimit:     9202292 kB
Committed_AS:   67435800 kB
VmallocTotal:   263061440 kB
VmallocUsed:      104280 kB
VmallocChunk:          0 kB
Percpu:             7648 kB
CmaTotal:         294912 kB
CmaFree:               0 kB
MemTotal:       12113136 kB
MemFree:          447116 kB
MemAvailable:    7922164 kB
Buffers:            6264 kB
Cached:          7818352 kB
SwapCached:            0 kB
Active:          2112040 kB
Inactive:        6975200 kB
Active(anon):    1173648 kB
Inactive(anon):   125840 kB
Active(file):     938392 kB
Inactive(file):  6849360 kB
Unevictable:        5716 kB
Mlocked:            5716 kB
SwapTotal:       3145724 kB
SwapFree:        3145724 kB
Dirty:               456 kB
Writeback:             0 kB
AnonPages:       1268332 kB
Mapped:           768224 kB
Shmem:             32196 kB
KReclaimable:     556000 kB
Slab:             225396 kB
SReclaimable:      78808 kB
SUnreclaim:       146588 kB
KernelStack:       47268 kB
PageTables:        63704 kB
NFS_Unstable:          0 kB
Bounce:                0 kB
WritebackTmp:          0 kB
CommitLimit:     9202292 kB
Committed_AS:   67436204 kB
VmallocTotal:   263061440 kB
VmallocUsed:      104280 kB
VmallocChunk:          0 kB
Percpu:             7648 kB
CmaTotal:         294912 kB
CmaFree:               0 kB
MemTotal:       12113136 kB
MemFree:          447384 kB
MemAvailable:    7922452 kB
Buffers:            6264 kB
Cached:          7818356 kB
SwapCached:            0 kB
Active:          2112676 kB
Inactive:        6975204 kB
Active(anon):    1174284 kB
Inactive(anon):   125840 kB
Active(file):     938392 kB
Inactive(file):  6849364 kB
Unevictable:        5716 kB
Mlocked:            5716 kB
SwapTotal:       3145724 kB
SwapFree:        3145724 kB
Dirty:               460 kB
Writeback:             0 kB
AnonPages:       1268916 kB
Mapped:           768224 kB
Shmem:             32196 kB
KReclaimable:     556016 kB
Slab:             225412 kB
SReclaimable:      78824 kB
SUnreclaim:       146588 kB
KernelStack:       47300 kB
PageTables:        63704 kB
NFS_Unstable:          0 kB
Bounce:                0 kB
WritebackTmp:          0 kB
CommitLimit:     9202292 kB
Committed_AS:   67435672 kB
VmallocTotal:   263061440 kB
VmallocUsed:      104264 kB
VmallocChunk:          0 kB
Percpu:             7648 kB
CmaTotal:         294912 kB
CmaFree:               0 kB
MemTotal:       12113136 kB
MemFree:          460556 kB
MemAvailable:    7935652 kB
Buffers:            6264 kB
Cached:          7818384 kB
SwapCached:            0 kB
Active:          2099520 kB
Inactive:        6975232 kB
Active(anon):    1161128 kB
Inactive(anon):   125840 kB
Active(file):     938392 kB
Inactive(file):  6849392 kB
Unevictable:        5716 kB
Mlocked:            5716 kB
SwapTotal:       3145724 kB
SwapFree:        3145724 kB
Dirty:               516 kB
Writeback:             0 kB
AnonPages:       1256364 kB
Mapped:           768224 kB
Shmem:             32196 kB
KReclaimable:     556016 kB
Slab:             225404 kB
SReclaimable:      78824 kB
SUnreclaim:       146580 kB
KernelStack:       47252 kB
PageTables:        63368 kB
NFS_Unstable:          0 kB
Bounce:                0 kB
WritebackTmp:          0 kB
CommitLimit:     9202292 kB
Committed_AS:   67437052 kB
VmallocTotal:   263061440 kB
VmallocUsed:      104264 kB
VmallocChunk:          0 kB
Percpu:             7648 kB
CmaTotal:         294912 kB
CmaFree:             352 kB
MemTotal:       12113136 kB
MemFree:          460328 kB
MemAvailable:    7935424 kB
Buffers:            6264 kB
Cached:          7818400 kB
SwapCached:            0 kB
Active:          2099964 kB
Inactive:        6975248 kB
Active(anon):    1161572 kB
Inactive(anon):   125840 kB
Active(file):     938392 kB
Inactive(file):  6849408 kB
Unevictable:        5716 kB
Mlocked:            5716 kB
SwapTotal:       3145724 kB
SwapFree:        3145724 kB
Dirty:               532 kB
Writeback:             0 kB
AnonPages:       1256236 kB
Mapped:           768296 kB
Shmem:             32196 kB
KReclaimable:     556000 kB
Slab:             225404 kB
SReclaimable:      78808 kB
SUnreclaim:       146596 kB
KernelStack:       47200 kB
PageTables:        63440 kB
NFS_Unstable:          0 kB
Bounce:                0 kB
WritebackTmp:          0 kB
CommitLimit:     9202292 kB
Committed_AS:   67431660 kB
VmallocTotal:   263061440 kB
VmallocUsed:      104184 kB
VmallocChunk:          0 kB
Percpu:             7648 kB
CmaTotal:         294912 kB
CmaFree:               0 kB
MemTotal:       12113136 kB
MemFree:          460068 kB
MemAvailable:    7935180 kB
Buffers:            6264 kB
Cached:          7818420 kB
SwapCached:            0 kB
Active:          2100608 kB
Inactive:        6975260 kB
Active(anon):    1162208 kB
Inactive(anon):   125844 kB
Active(file):     938400 kB
Inactive(file):  6849416 kB
Unevictable:        5716 kB
Mlocked:            5716 kB
SwapTotal:       3145724 kB
SwapFree:        3145724 kB
Dirty:               564 kB
Writeback:             0 kB
AnonPages:       1256828 kB
Mapped:           768376 kB
Shmem:             32200 kB
KReclaimable:     556000 kB
Slab:             225380 kB
SReclaimable:      78808 kB
SUnreclaim:       146572 kB
KernelStack:       47216 kB
PageTables:        63500 kB
NFS_Unstable:          0 kB
Bounce:                0 kB
WritebackTmp:          0 kB
CommitLimit:     9202292 kB
Committed_AS:   67426028 kB
VmallocTotal:   263061440 kB
VmallocUsed:      104184 kB
VmallocChunk:          0 kB
Percpu:             7648 kB
CmaTotal:         294912 kB
CmaFree:              16 kB
MemTotal:       12113136 kB
MemFree:          459520 kB
MemAvailable:    7934636 kB
Buffers:            6264 kB
Cached:          7818424 kB
SwapCached:            0 kB
Active:          2100848 kB
Inactive:        6975272 kB
Active(anon):    1162456 kB
Inactive(anon):   125844 kB
Active(file):     938392 kB
Inactive(file):  6849428 kB
Unevictable:        5716 kB
Mlocked:            5716 kB
SwapTotal:       3145724 kB
SwapFree:        3145724 kB
Dirty:               584 kB
Writeback:             0 kB
AnonPages:       1257252 kB
Mapped:           768368 kB
Shmem:             32200 kB
KReclaimable:     556000 kB
Slab:             225396 kB
SReclaimable:      78808 kB
SUnreclaim:       146588 kB
KernelStack:       47188 kB
PageTables:        63644 kB
NFS_Unstable:          0 kB
Bounce:                0 kB
WritebackTmp:          0 kB
CommitLimit:     9202292 kB
Committed_AS:   67431428 kB
VmallocTotal:   263061440 kB
VmallocUsed:      104184 kB
VmallocChunk:          0 kB
Percpu:             7648 kB
CmaTotal:         294912 kB
CmaFree:              68 kB
MemTotal:       12113136 kB
MemFree:          459684 kB
MemAvailable:    7934816 kB
Buffers:            6264 kB
Cached:          7818440 kB
SwapCached:            0 kB
Active:          2101448 kB
Inactive:        6975288 kB
Active(anon):    1163056 kB
Inactive(anon):   125844 kB
Active(file):     938392 kB
Inactive(file):  6849444 kB
Unevictable:        5716 kB
Mlocked:            5716 kB
SwapTotal:       3145724 kB
SwapFree:        3145724 kB
Dirty:               600 kB
Writeback:             0 kB
AnonPages:       1257560 kB
Mapped:           768300 kB
Shmem:             32200 kB
KReclaimable:     556000 kB
Slab:             225388 kB
SReclaimable:      78808 kB
SUnreclaim:       146580 kB
KernelStack:       47232 kB
PageTables:        63488 kB
NFS_Unstable:          0 kB
Bounce:                0 kB
WritebackTmp:          0 kB
CommitLimit:     9202292 kB
Committed_AS:   67431032 kB
VmallocTotal:   263061440 kB
VmallocUsed:      104152 kB
VmallocChunk:          0 kB
Percpu:             7648 kB
CmaTotal:         294912 kB
CmaFree:              40 kB
MemTotal:       12113136 kB
MemFree:          483372 kB
MemAvailable:    7958532 kB
Buffers:            6268 kB
Cached:          7818464 kB
SwapCached:            0 kB
Active:          2075344 kB
Inactive:        6975312 kB
Active(anon):    1136948 kB
Inactive(anon):   125844 kB
Active(file):     938396 kB
Inactive(file):  6849468 kB
Unevictable:        5716 kB
Mlocked:            5716 kB
SwapTotal:       3145724 kB
SwapFree:        3145724 kB
Dirty:               624 kB
Writeback:             0 kB
AnonPages:       1230988 kB
Mapped:           768156 kB
Shmem:             32200 kB
KReclaimable:     556000 kB
Slab:             225404 kB
SReclaimable:      78808 kB
SUnreclaim:       146596 kB
KernelStack:       47156 kB
PageTables:        63664 kB
NFS_Unstable:          0 kB
Bounce:                0 kB
WritebackTmp:          0 kB
CommitLimit:     9202292 kB
Committed_AS:   67429912 kB
VmallocTotal:   263061440 kB
VmallocUsed:      104152 kB
VmallocChunk:          0 kB
Percpu:             7648 kB
CmaTotal:         294912 kB
CmaFree:              44 kB
MemTotal:       12113136 kB
MemFree:          484168 kB
MemAvailable:    7959332 kB
Buffers:            6268 kB
Cached:          7818468 kB
SwapCached:            0 kB
Active:          2074888 kB
Inactive:        6975316 kB
Active(anon):    1136492 kB
Inactive(anon):   125844 kB
Active(file):     938396 kB
Inactive(file):  6849472 kB
Unevictable:        5716 kB
Mlocked:            5716 kB
SwapTotal:       3145724 kB
SwapFree:        3145724 kB
Dirty:               324 kB
Writeback:             0 kB
AnonPages:       1231188 kB
Mapped:           768416 kB
Shmem:             32200 kB
KReclaimable:     556000 kB
Slab:             225396 kB
SReclaimable:      78808 kB
SUnreclaim:       146588 kB
KernelStack:       47236 kB
PageTables:        63336 kB
NFS_Unstable:          0 kB
Bounce:                0 kB
WritebackTmp:          0 kB
CommitLimit:     9202292 kB
Committed_AS:   67429088 kB
VmallocTotal:   263061440 kB
VmallocUsed:      104184 kB
VmallocChunk:          0 kB
Percpu:             7648 kB
CmaTotal:         294912 kB
CmaFree:               0 kB
MemTotal:       12113136 kB
MemFree:          482972 kB
MemAvailable:    7958184 kB
Buffers:            6268 kB
Cached:          7818516 kB
SwapCached:            0 kB
Active:          2075604 kB
Inactive:        6975360 kB
Active(anon):    1137204 kB
Inactive(anon):   125844 kB
Active(file):     938400 kB
Inactive(file):  6849516 kB
Unevictable:        5716 kB
Mlocked:            5716 kB
SwapTotal:       3145724 kB
SwapFree:        3145724 kB
Dirty:               396 kB
Writeback:             0 kB
AnonPages:       1231596 kB
Mapped:           768156 kB
Shmem:             32200 kB
KReclaimable:     556000 kB
Slab:             225404 kB
SReclaimable:      78808 kB
SUnreclaim:       146596 kB
KernelStack:       47188 kB
PageTables:        63640 kB
NFS_Unstable:          0 kB
Bounce:                0 kB
WritebackTmp:          0 kB
CommitLimit:     9202292 kB
Committed_AS:   67436132 kB
VmallocTotal:   263061440 kB
VmallocUsed:      104184 kB
VmallocChunk:          0 kB
Percpu:             7648 kB
CmaTotal:         294912 kB
CmaFree:              28 kB
MemTotal:       12113136 kB
MemFree:          483704 kB
MemAvailable:    7958896 kB
Buffers:            6268 kB
Cached:          7818496 kB
SwapCached:            0 kB
Active:          2076436 kB
Inactive:        6975344 kB
Active(anon):    1138040 kB
Inactive(anon):   125844 kB
Active(file):     938396 kB
Inactive(file):  6849500 kB
Unevictable:        5716 kB
Mlocked:            5716 kB
SwapTotal:       3145724 kB
SwapFree:        3145724 kB
Dirty:               400 kB
Writeback:             0 kB
AnonPages:       1232980 kB
Mapped:           768312 kB
Shmem:             32200 kB
KReclaimable:     556000 kB
Slab:             225396 kB
SReclaimable:      78808 kB
SUnreclaim:       146588 kB
KernelStack:       47232 kB
PageTables:        63436 kB
NFS_Unstable:          0 kB
Bounce:                0 kB
WritebackTmp:          0 kB
CommitLimit:     9202292 kB
Committed_AS:   67435820 kB
VmallocTotal:   263061440 kB
VmallocUsed:      104152 kB
VmallocChunk:          0 kB
Percpu:             7648 kB
CmaTotal:         294912 kB
CmaFree:               0 kB
MemTotal:       12113136 kB
MemFree:          482664 kB
MemAvailable:    7957880 kB
Buffers:            6268 kB
Cached:          7818520 kB
SwapCached:            0 kB
Active:          2076832 kB
Inactive:        6975368 kB
Active(anon):    1138436 kB
Inactive(anon):   125844 kB
Active(file):     938396 kB
Inactive(file):  6849524 kB
Unevictable:        5716 kB
Mlocked:            5716 kB
SwapTotal:       3145724 kB
SwapFree:        3145724 kB
Dirty:               456 kB
Writeback:             0 kB
AnonPages:       1233020 kB
Mapped:           768168 kB
Shmem:             32200 kB
KReclaimable:     556000 kB
Slab:             225396 kB
SReclaimable:      78808 kB
SUnreclaim:       146588 kB
KernelStack:       47172 kB
PageTables:        63656 kB
NFS_Unstable:          0 kB
Bounce:                0 kB
WritebackTmp:          0 kB
CommitLimit:     9202292 kB
Committed_AS:   67435956 kB
VmallocTotal:   263061440 kB
VmallocUsed:      104184 kB
VmallocChunk:          0 kB
Percpu:             7648 kB
CmaTotal:         294912 kB
CmaFree:               0 kB
MemTotal:       12113136 kB
MemFree:          482836 kB
MemAvailable:    7958056 kB
Buffers:            6268 kB
Cached:          7818524 kB
SwapCached:            0 kB
Active:          2077488 kB
Inactive:        6975372 kB
Active(anon):    1139092 kB
Inactive(anon):   125844 kB
Active(file):     938396 kB
Inactive(file):  6849528 kB
Unevictable:        5716 kB
Mlocked:            5716 kB
SwapTotal:       3145724 kB
SwapFree:        3145724 kB
Dirty:               460 kB
Writeback:             0 kB
AnonPages:       1233136 kB
Mapped:           768248 kB
Shmem:             32200 kB
KReclaimable:     556000 kB
Slab:             225388 kB
SReclaimable:      78808 kB
SUnreclaim:       146580 kB
KernelStack:       47120 kB
PageTables:        63380 kB
NFS_Unstable:          0 kB
Bounce:                0 kB
WritebackTmp:          0 kB
CommitLimit:     9202292 kB
Committed_AS:   67429672 kB
VmallocTotal:   263061440 kB
VmallocUsed:      104152 kB
VmallocChunk:          0 kB
Percpu:             7648 kB
CmaTotal:         294912 kB
CmaFree:               0 kB
MemTotal:       12113136 kB
MemFree:          474228 kB
MemAvailable:    7949444 kB
Buffers:            6268 kB
Cached:          7818520 kB
SwapCached:            0 kB
Active:          2088732 kB
Inactive:        6975372 kB
Active(anon):    1150340 kB
Inactive(anon):   125844 kB
Active(file):     938392 kB
Inactive(file):  6849528 kB
Unevictable:        5716 kB
Mlocked:            5716 kB
SwapTotal:       3145724 kB
SwapFree:        3145724 kB
Dirty:               468 kB
Writeback:             0 kB
AnonPages:       1245212 kB
Mapped:           768312 kB
Shmem:             32200 kB
KReclaimable:     556000 kB
Slab:             225400 kB
SReclaimable:      78808 kB
SUnreclaim:       146592 kB
KernelStack:       47120 kB
PageTables:        63388 kB
NFS_Unstable:          0 kB
Bounce:                0 kB
WritebackTmp:          0 kB
CommitLimit:     9202292 kB
Committed_AS:   67433464 kB
VmallocTotal:   263061440 kB
VmallocUsed:      104120 kB
VmallocChunk:          0 kB
Percpu:             7648 kB
CmaTotal:         294912 kB
CmaFree:              20 kB
MemTotal:       12113136 kB
MemFree:          446248 kB
MemAvailable:    7921484 kB
Buffers:            6268 kB
Cached:          7818532 kB
SwapCached:            0 kB
Active:          2114828 kB
Inactive:        6975384 kB
Active(anon):    1176436 kB
Inactive(anon):   125852 kB
Active(file):     938392 kB
Inactive(file):  6849532 kB
Unevictable:        5716 kB
Mlocked:            5716 kB
SwapTotal:       3145724 kB
SwapFree:        3145724 kB
Dirty:               492 kB
Writeback:             0 kB
AnonPages:       1271204 kB
Mapped:           768248 kB
Shmem:             32208 kB
KReclaimable:     556016 kB
Slab:             225424 kB
SReclaimable:      78824 kB
SUnreclaim:       146600 kB
KernelStack:       47172 kB
PageTables:        63696 kB
NFS_Unstable:          0 kB
Bounce:                0 kB
WritebackTmp:          0 kB
CommitLimit:     9202292 kB
Committed_AS:   67432736 kB
VmallocTotal:   263061440 kB
VmallocUsed:      104120 kB
VmallocChunk:          0 kB
Percpu:             7648 kB
CmaTotal:         294912 kB
CmaFree:               4 kB
MemTotal:       12113136 kB
MemFree:          445584 kB
MemAvailable:    7920844 kB
Buffers:            6268 kB
Cached:          7818688 kB
SwapCached:            0 kB
Active:          2115444 kB
Inactive:        6975408 kB
Active(anon):    1177052 kB
Inactive(anon):   125852 kB
Active(file):     938392 kB
Inactive(file):  6849556 kB
Unevictable:        5716 kB
Mlocked:            5716 kB
SwapTotal:       3145724 kB
SwapFree:        3145724 kB
Dirty:               512 kB
Writeback:             0 kB
AnonPages:       1271548 kB
Mapped:           768324 kB
Shmem:             32340 kB
KReclaimable:     556016 kB
Slab:             225416 kB
SReclaimable:      78824 kB
SUnreclaim:       146592 kB
KernelStack:       47104 kB
PageTables:        63460 kB
NFS_Unstable:          0 kB
Bounce:                0 kB
WritebackTmp:          0 kB
CommitLimit:     9202292 kB
Committed_AS:   67430684 kB
VmallocTotal:   263061440 kB
VmallocUsed:      104136 kB
VmallocChunk:          0 kB
Percpu:             7648 kB
CmaTotal:         294912 kB
CmaFree:               4 kB
MemTotal:       12113136 kB
MemFree:          445888 kB
MemAvailable:    7921192 kB
Buffers:            6268 kB
Cached:          7818604 kB
SwapCached:            0 kB
Active:          2116420 kB
Inactive:        6975452 kB
Active(anon):    1178024 kB
Inactive(anon):   125856 kB
Active(file):     938396 kB
Inactive(file):  6849596 kB
Unevictable:        5716 kB
Mlocked:            5716 kB
SwapTotal:       3145724 kB
SwapFree:        3145724 kB
Dirty:               540 kB
Writeback:             0 kB
AnonPages:       1272444 kB
Mapped:           768396 kB
Shmem:             32212 kB
KReclaimable:     556016 kB
Slab:             225424 kB
SReclaimable:      78824 kB
SUnreclaim:       146600 kB
KernelStack:       47136 kB
PageTables:        63396 kB
NFS_Unstable:          0 kB
Bounce:                0 kB
WritebackTmp:          0 kB
CommitLimit:     9202292 kB
Committed_AS:   67435268 kB
VmallocTotal:   263061440 kB
VmallocUsed:      104104 kB
VmallocChunk:          0 kB
Percpu:             7648 kB
CmaTotal:         294912 kB
CmaFree:               0 kB
MemTotal:       12113136 kB
MemFree:          444536 kB
MemAvailable:    7919840 kB
Buffers:            6268 kB
Cached:          7818604 kB
SwapCached:            0 kB
Active:          2117012 kB
Inactive:        6975432 kB
Active(anon):    1178596 kB
Inactive(anon):   125856 kB
Active(file):     938416 kB
Inactive(file):  6849576 kB
Unevictable:        5716 kB
Mlocked:            5716 kB
SwapTotal:       3145724 kB
SwapFree:        3145724 kB
Dirty:               580 kB
Writeback:             0 kB
AnonPages:       1273256 kB
Mapped:           768248 kB
Shmem:             32212 kB
KReclaimable:     556016 kB
Slab:             225456 kB
SReclaimable:      78824 kB
SUnreclaim:       146632 kB
KernelStack:       47120 kB
PageTables:        63380 kB
NFS_Unstable:          0 kB
Bounce:                0 kB
WritebackTmp:          0 kB
CommitLimit:     9202292 kB
Committed_AS:   67434884 kB
VmallocTotal:   263061440 kB
VmallocUsed:      104104 kB
VmallocChunk:          0 kB
Percpu:             7648 kB
CmaTotal:         294912 kB
CmaFree:               0 kB
MemTotal:       12113136 kB
MemFree:          443640 kB
MemAvailable:    7918988 kB
Buffers:            6268 kB
Cached:          7818652 kB
SwapCached:            0 kB
Active:          2117656 kB
Inactive:        6975384 kB
Active(anon):    1179148 kB
Inactive(anon):   125856 kB
Active(file):     938508 kB
Inactive(file):  6849528 kB
Unevictable:        5716 kB
Mlocked:            5716 kB
SwapTotal:       3145724 kB
SwapFree:        3145724 kB
Dirty:               456 kB
Writeback:             0 kB
AnonPages:       1274076 kB
Mapped:           768328 kB
Shmem:             32212 kB
KReclaimable:     556016 kB
Slab:             225424 kB
SReclaimable:      78824 kB
SUnreclaim:       146600 kB
KernelStack:       47108 kB
PageTables:        63760 kB
NFS_Unstable:          0 kB
Bounce:                0 kB
WritebackTmp:          0 kB
CommitLimit:     9202292 kB
Committed_AS:   67434968 kB
VmallocTotal:   263061440 kB
VmallocUsed:      104088 kB
VmallocChunk:          0 kB
Percpu:             7648 kB
CmaTotal:         294912 kB
CmaFree:               0 kB
MemTotal:       12113136 kB
MemFree:          442416 kB
MemAvailable:    7917752 kB
Buffers:            6268 kB
Cached:          7818636 kB
SwapCached:            0 kB
Active:          2118240 kB
Inactive:        6975376 kB
Active(anon):    1179736 kB
Inactive(anon):   125856 kB
Active(file):     938504 kB
Inactive(file):  6849520 kB
Unevictable:        5716 kB
Mlocked:            5716 kB
SwapTotal:       3145724 kB
SwapFree:        3145724 kB
Dirty:               312 kB
Writeback:             0 kB
AnonPages:       1274364 kB
Mapped:           768180 kB
Shmem:             32212 kB
KReclaimable:     556016 kB
Slab:             225428 kB
SReclaimable:      78824 kB
SUnreclaim:       146604 kB
KernelStack:       47124 kB
PageTables:        63648 kB
NFS_Unstable:          0 kB
Bounce:                0 kB
WritebackTmp:          0 kB
CommitLimit:     9202292 kB
Committed_AS:   67435456 kB
VmallocTotal:   263061440 kB
VmallocUsed:      104104 kB
VmallocChunk:          0 kB
Percpu:             7648 kB
CmaTotal:         294912 kB
CmaFree:               0 kB
MemTotal:       12113136 kB
MemFree:          445236 kB
MemAvailable:    7920572 kB
Buffers:            6268 kB
Cached:          7818636 kB
SwapCached:            0 kB
Active:          2115404 kB
Inactive:        6975376 kB
Active(anon):    1176900 kB
Inactive(anon):   125856 kB
Active(file):     938504 kB
Inactive(file):  6849520 kB
Unevictable:        5716 kB
Mlocked:            5716 kB
SwapTotal:       3145724 kB
SwapFree:        3145724 kB
Dirty:               336 kB
Writeback:             0 kB
AnonPages:       1271468 kB
Mapped:           768396 kB
Shmem:             32212 kB
KReclaimable:     556016 kB
Slab:             225428 kB
SReclaimable:      78824 kB
SUnreclaim:       146604 kB
KernelStack:       47088 kB
PageTables:        63428 kB
NFS_Unstable:          0 kB
Bounce:                0 kB
WritebackTmp:          0 kB
CommitLimit:     9202292 kB
Committed_AS:   67435444 kB
VmallocTotal:   263061440 kB
VmallocUsed:      104056 kB
VmallocChunk:          0 kB
Percpu:             7648 kB
CmaTotal:         294912 kB
CmaFree:               0 kB
MemTotal:       12113136 kB
MemFree:          443720 kB
MemAvailable:    7919084 kB
Buffers:            6268 kB
Cached:          7818664 kB
SwapCached:            0 kB
Active:          2116124 kB
Inactive:        6975400 kB
Active(anon):    1177616 kB
Inactive(anon):   125856 kB
Active(file):     938508 kB
Inactive(file):  6849544 kB
Unevictable:        5716 kB
Mlocked:            5716 kB
SwapTotal:       3145724 kB
SwapFree:        3145724 kB
Dirty:               364 kB
Writeback:             0 kB
AnonPages:       1271972 kB
Mapped:           768320 kB
Shmem:             32212 kB
KReclaimable:     556016 kB
Slab:             225428 kB
SReclaimable:      78824 kB
SUnreclaim:       146604 kB
KernelStack:       47088 kB
PageTables:        63764 kB
NFS_Unstable:          0 kB
Bounce:                0 kB
WritebackTmp:          0 kB
CommitLimit:     9202292 kB
Committed_AS:   67430864 kB
VmallocTotal:   263061440 kB
VmallocUsed:      104040 kB
VmallocChunk:          0 kB
Percpu:             7648 kB
CmaTotal:         294912 kB
CmaFree:             184 kB
MemTotal:       12113136 kB
MemFree:          443156 kB
MemAvailable:    7918524 kB
Buffers:            6272 kB
Cached:          7818664 kB
SwapCached:            0 kB
Active:          2116144 kB
Inactive:        6975408 kB
Active(anon):    1177640 kB
Inactive(anon):   125856 kB
Active(file):     938504 kB
Inactive(file):  6849552 kB
Unevictable:        5716 kB
Mlocked:            5716 kB
SwapTotal:       3145724 kB
SwapFree:        3145724 kB
Dirty:               444 kB
Writeback:             0 kB
AnonPages:       1272360 kB
Mapped:           768136 kB
Shmem:             32212 kB
KReclaimable:     556016 kB
Slab:             225428 kB
SReclaimable:      78824 kB
SUnreclaim:       146604 kB
KernelStack:       47104 kB
PageTables:        63408 kB
NFS_Unstable:          0 kB
Bounce:                0 kB
WritebackTmp:          0 kB
CommitLimit:     9202292 kB
Committed_AS:   67435508 kB
VmallocTotal:   263061440 kB
VmallocUsed:      104072 kB
VmallocChunk:          0 kB
Percpu:             7648 kB
CmaTotal:         294912 kB
CmaFree:               0 kB
MemTotal:       12113136 kB
MemFree:          443788 kB
MemAvailable:    7919196 kB
Buffers:            6272 kB
Cached:          7818704 kB
SwapCached:            0 kB
Active:          2116772 kB
Inactive:        6975440 kB
Active(anon):    1178260 kB
Inactive(anon):   125856 kB
Active(file):     938512 kB
Inactive(file):  6849584 kB
Unevictable:        5716 kB
Mlocked:            5716 kB
SwapTotal:       3145724 kB
SwapFree:        3145724 kB
Dirty:               452 kB
Writeback:             0 kB
AnonPages:       1272556 kB
Mapped:           768324 kB
Shmem:             32212 kB
KReclaimable:     556016 kB
Slab:             225428 kB
SReclaimable:      78824 kB
SUnreclaim:       146604 kB
KernelStack:       47040 kB
PageTables:        63352 kB
NFS_Unstable:          0 kB
Bounce:                0 kB
WritebackTmp:          0 kB
CommitLimit:     9202292 kB
Committed_AS:   67435368 kB
VmallocTotal:   263061440 kB
VmallocUsed:      104056 kB
VmallocChunk:          0 kB
Percpu:             7648 kB
CmaTotal:         294912 kB
CmaFree:              72 kB
MemTotal:       12113136 kB
MemFree:          442152 kB
MemAvailable:    7917564 kB
Buffers:            6272 kB
Cached:          7818708 kB
SwapCached:            0 kB
Active:          2117428 kB
Inactive:        6975448 kB
Active(anon):    1178920 kB
Inactive(anon):   125856 kB
Active(file):     938508 kB
Inactive(file):  6849592 kB
Unevictable:        5716 kB
Mlocked:            5716 kB
SwapTotal:       3145724 kB
SwapFree:        3145724 kB
Dirty:               476 kB
Writeback:             0 kB
AnonPages:       1273656 kB
Mapped:           768128 kB
Shmem:             32212 kB
KReclaimable:     556016 kB
Slab:             225428 kB
SReclaimable:      78824 kB
SUnreclaim:       146604 kB
KernelStack:       47056 kB
PageTables:        63408 kB
NFS_Unstable:          0 kB
Bounce:                0 kB
WritebackTmp:          0 kB
CommitLimit:     9202292 kB
Committed_AS:   67435124 kB
VmallocTotal:   263061440 kB
VmallocUsed:      104072 kB
VmallocChunk:          0 kB
Percpu:             7648 kB
CmaTotal:         294912 kB
CmaFree:               0 kB
MemTotal:       12113136 kB
MemFree:          442160 kB
MemAvailable:    7917588 kB
Buffers:            6272 kB
Cached:          7818724 kB
SwapCached:            0 kB
Active:          2117868 kB
Inactive:        6975464 kB
Active(anon):    1179360 kB
Inactive(anon):   125856 kB
Active(file):     938508 kB
Inactive(file):  6849608 kB
Unevictable:        5716 kB
Mlocked:            5716 kB
SwapTotal:       3145724 kB
SwapFree:        3145724 kB
Dirty:               496 kB
Writeback:             0 kB
AnonPages:       1273808 kB
Mapped:           768320 kB
Shmem:             32212 kB
KReclaimable:     556016 kB
Slab:             225428 kB
SReclaimable:      78824 kB
SUnreclaim:       146604 kB
KernelStack:       47076 kB
PageTables:        63300 kB
NFS_Unstable:          0 kB
Bounce:                0 kB
WritebackTmp:          0 kB
CommitLimit:     9202292 kB
Committed_AS:   67430592 kB
VmallocTotal:   263061440 kB
VmallocUsed:      104072 kB
VmallocChunk:          0 kB
Percpu:             7648 kB
CmaTotal:         294912 kB
CmaFree:               0 kB
MemTotal:       12113136 kB
MemFree:          443204 kB
MemAvailable:    7918644 kB
Buffers:            6272 kB
Cached:          7818736 kB
SwapCached:            0 kB
Active:          2116700 kB
Inactive:        6975476 kB
Active(anon):    1178192 kB
Inactive(anon):   125856 kB
Active(file):     938508 kB
Inactive(file):  6849620 kB
Unevictable:        5716 kB
Mlocked:            5716 kB
SwapTotal:       3145724 kB
SwapFree:        3145724 kB
Dirty:               520 kB
Writeback:             0 kB
AnonPages:       1273204 kB
Mapped:           768184 kB
Shmem:             32212 kB
KReclaimable:     556016 kB
Slab:             225428 kB
SReclaimable:      78824 kB
SUnreclaim:       146604 kB
KernelStack:       47076 kB
PageTables:        63656 kB
NFS_Unstable:          0 kB
Bounce:                0 kB
WritebackTmp:          0 kB
CommitLimit:     9202292 kB
Committed_AS:   67435636 kB
VmallocTotal:   263061440 kB
VmallocUsed:      104056 kB
VmallocChunk:          0 kB
Percpu:             7648 kB
CmaTotal:         294912 kB
CmaFree:               0 kB
MemTotal:       12113136 kB
MemFree:          441236 kB
MemAvailable:    7916696 kB
Buffers:            6272 kB
Cached:          7818756 kB
SwapCached:            0 kB
Active:          2116844 kB
Inactive:        6975492 kB
Active(anon):    1178332 kB
Inactive(anon):   125856 kB
Active(file):     938512 kB
Inactive(file):  6849636 kB
Unevictable:        5716 kB
Mlocked:            5716 kB
SwapTotal:       3145724 kB
SwapFree:        3145724 kB
Dirty:               540 kB
Writeback:             0 kB
AnonPages:       1272760 kB
Mapped:           768400 kB
Shmem:             32212 kB
KReclaimable:     556016 kB
Slab:             225428 kB
SReclaimable:      78824 kB
SUnreclaim:       146604 kB
KernelStack:       47140 kB
PageTables:        63808 kB
NFS_Unstable:          0 kB
Bounce:                0 kB
WritebackTmp:          0 kB
CommitLimit:     9202292 kB
Committed_AS:   67435944 kB
VmallocTotal:   263061440 kB
VmallocUsed:      104056 kB
VmallocChunk:          0 kB
Percpu:             7648 kB
CmaTotal:         294912 kB
CmaFree:               0 kB
MemTotal:       12113136 kB
MemFree:          442260 kB
MemAvailable:    7917728 kB
Buffers:            6272 kB
Cached:          7818764 kB
SwapCached:            0 kB
Active:          2117288 kB
Inactive:        6975504 kB
Active(anon):    1178780 kB
Inactive(anon):   125856 kB
Active(file):     938508 kB
Inactive(file):  6849648 kB
Unevictable:        5716 kB
Mlocked:            5716 kB
SwapTotal:       3145724 kB
SwapFree:        3145724 kB
Dirty:               300 kB
Writeback:             0 kB
AnonPages:       1273304 kB
Mapped:           768256 kB
Shmem:             32212 kB
KReclaimable:     556016 kB
Slab:             225428 kB
SReclaimable:      78824 kB
SUnreclaim:       146604 kB
KernelStack:       47056 kB
PageTables:        63352 kB
NFS_Unstable:          0 kB
Bounce:                0 kB
WritebackTmp:          0 kB
CommitLimit:     9202292 kB
Committed_AS:   67435432 kB
VmallocTotal:   263061440 kB
VmallocUsed:      104088 kB
VmallocChunk:          0 kB
Percpu:             7648 kB
CmaTotal:         294912 kB
CmaFree:             116 kB
MemTotal:       12113136 kB
MemFree:          442368 kB
MemAvailable:    7917848 kB
Buffers:            6272 kB
Cached:          7818776 kB
SwapCached:            0 kB
Active:          2116736 kB
Inactive:        6975516 kB
Active(anon):    1178228 kB
Inactive(anon):   125856 kB
Active(file):     938508 kB
Inactive(file):  6849660 kB
Unevictable:        5716 kB
Mlocked:            5716 kB
SwapTotal:       3145724 kB
SwapFree:        3145724 kB
Dirty:               308 kB
Writeback:             0 kB
AnonPages:       1273140 kB
Mapped:           768324 kB
Shmem:             32212 kB
KReclaimable:     556016 kB
Slab:             225428 kB
SReclaimable:      78824 kB
SUnreclaim:       146604 kB
KernelStack:       47056 kB
PageTables:        63356 kB
NFS_Unstable:          0 kB
Bounce:                0 kB
WritebackTmp:          0 kB
CommitLimit:     9202292 kB
Committed_AS:   67435060 kB
VmallocTotal:   263061440 kB
VmallocUsed:      104072 kB
VmallocChunk:          0 kB
Percpu:             7648 kB
CmaTotal:         294912 kB
CmaFree:               0 kB
MemTotal:       12113136 kB
MemFree:          443248 kB
MemAvailable:    7918736 kB
Buffers:            6272 kB
Cached:          7818784 kB
SwapCached:            0 kB
Active:          2117344 kB
Inactive:        6975524 kB
Active(anon):    1178836 kB
Inactive(anon):   125856 kB
Active(file):     938508 kB
Inactive(file):  6849668 kB
Unevictable:        5716 kB
Mlocked:            5716 kB
SwapTotal:       3145724 kB
SwapFree:        3145724 kB
Dirty:               332 kB
Writeback:             0 kB
AnonPages:       1273656 kB
Mapped:           768256 kB
Shmem:             32212 kB
KReclaimable:     556016 kB
Slab:             225428 kB
SReclaimable:      78824 kB
SUnreclaim:       146604 kB
KernelStack:       47056 kB
PageTables:        63372 kB
NFS_Unstable:          0 kB
Bounce:                0 kB
WritebackTmp:          0 kB
CommitLimit:     9202292 kB
Committed_AS:   67433812 kB
VmallocTotal:   263061440 kB
VmallocUsed:      104104 kB
VmallocChunk:          0 kB
Percpu:             7648 kB
CmaTotal:         294912 kB
CmaFree:              80 kB
MemTotal:       12113136 kB
MemFree:          442712 kB
MemAvailable:    7918212 kB
Buffers:            6272 kB
Cached:          7818796 kB
SwapCached:            0 kB
Active:          2117928 kB
Inactive:        6975536 kB
Active(anon):    1179420 kB
Inactive(anon):   125856 kB
Active(file):     938508 kB
Inactive(file):  6849680 kB
Unevictable:        5716 kB
Mlocked:            5716 kB
SwapTotal:       3145724 kB
SwapFree:        3145724 kB
Dirty:               352 kB
Writeback:             0 kB
AnonPages:       1274348 kB
Mapped:           768396 kB
Shmem:             32212 kB
KReclaimable:     556016 kB
Slab:             225428 kB
SReclaimable:      78824 kB
SUnreclaim:       146604 kB
KernelStack:       47088 kB
PageTables:        63424 kB
NFS_Unstable:          0 kB
Bounce:                0 kB
WritebackTmp:          0 kB
CommitLimit:     9202292 kB
Committed_AS:   67434860 kB
VmallocTotal:   263061440 kB
VmallocUsed:      104072 kB
VmallocChunk:          0 kB
Percpu:             7648 kB
CmaTotal:         294912 kB
CmaFree:               0 kB
MemTotal:       12113136 kB
MemFree:          441708 kB
MemAvailable:    7917224 kB
Buffers:            6272 kB
Cached:          7818812 kB
SwapCached:            0 kB
Active:          2118316 kB
Inactive:        6975552 kB
Active(anon):    1179808 kB
Inactive(anon):   125856 kB
Active(file):     938508 kB
Inactive(file):  6849696 kB
Unevictable:        5716 kB
Mlocked:            5716 kB
SwapTotal:       3145724 kB
SwapFree:        3145724 kB
Dirty:               448 kB
Writeback:             0 kB
AnonPages:       1274796 kB
Mapped:           768256 kB
Shmem:             32212 kB
KReclaimable:     556016 kB
Slab:             225428 kB
SReclaimable:      78824 kB
SUnreclaim:       146604 kB
KernelStack:       47092 kB
PageTables:        63352 kB
NFS_Unstable:          0 kB
Bounce:                0 kB
WritebackTmp:          0 kB
CommitLimit:     9202292 kB
Committed_AS:   67430936 kB
VmallocTotal:   263061440 kB
VmallocUsed:      104088 kB
VmallocChunk:          0 kB
Percpu:             7648 kB
CmaTotal:         294912 kB
CmaFree:               0 kB
MemTotal:       12113136 kB
MemFree:          441436 kB
MemAvailable:    7916960 kB
Buffers:            6272 kB
Cached:          7818820 kB
SwapCached:            0 kB
Active:          2119396 kB
Inactive:        6975560 kB
Active(anon):    1180888 kB
Inactive(anon):   125856 kB
Active(file):     938508 kB
Inactive(file):  6849704 kB
Unevictable:        5716 kB
Mlocked:            5716 kB
SwapTotal:       3145724 kB
SwapFree:        3145724 kB
Dirty:               460 kB
Writeback:             0 kB
AnonPages:       1275260 kB
Mapped:           768256 kB
Shmem:             32212 kB
KReclaimable:     556016 kB
Slab:             225428 kB
SReclaimable:      78824 kB
SUnreclaim:       146604 kB
KernelStack:       47040 kB
PageTables:        63372 kB
NFS_Unstable:          0 kB
Bounce:                0 kB
WritebackTmp:          0 kB
CommitLimit:     9202292 kB
Committed_AS:   67435064 kB
VmallocTotal:   263061440 kB
VmallocUsed:      104056 kB
VmallocChunk:          0 kB
Percpu:             7648 kB
CmaTotal:         294912 kB
CmaFree:               0 kB
MemTotal:       12113136 kB
MemFree:          475784 kB
MemAvailable:    7951332 kB
Buffers:            6272 kB
Cached:          7818844 kB
SwapCached:            0 kB
Active:          2083776 kB
Inactive:        6975580 kB
Active(anon):    1145264 kB
Inactive(anon):   125856 kB
Active(file):     938512 kB
Inactive(file):  6849724 kB
Unevictable:        5716 kB
Mlocked:            5716 kB
SwapTotal:       3145724 kB
SwapFree:        3145724 kB
Dirty:               308 kB
Writeback:             0 kB
AnonPages:       1239664 kB
Mapped:           768400 kB
Shmem:             32212 kB
KReclaimable:     556016 kB
Slab:             225428 kB
SReclaimable:      78824 kB
SUnreclaim:       146604 kB
KernelStack:       47092 kB
PageTables:        63832 kB
NFS_Unstable:          0 kB
Bounce:                0 kB
WritebackTmp:          0 kB
CommitLimit:     9202292 kB
Committed_AS:   67435312 kB
VmallocTotal:   263061440 kB
VmallocUsed:      104056 kB
VmallocChunk:          0 kB
Percpu:             7648 kB
CmaTotal:         294912 kB
CmaFree:              20 kB
MemTotal:       12113136 kB
MemFree:          475316 kB
MemAvailable:    7950864 kB
Buffers:            6272 kB
Cached:          7818844 kB
SwapCached:            0 kB
Active:          2084516 kB
Inactive:        6975584 kB
Active(anon):    1146008 kB
Inactive(anon):   125856 kB
Active(file):     938508 kB
Inactive(file):  6849728 kB
Unevictable:        5716 kB
Mlocked:            5716 kB
SwapTotal:       3145724 kB
SwapFree:        3145724 kB
Dirty:               320 kB
Writeback:             0 kB
AnonPages:       1240792 kB
Mapped:           768360 kB
Shmem:             32212 kB
KReclaimable:     556016 kB
Slab:             225428 kB
SReclaimable:      78824 kB
SUnreclaim:       146604 kB
KernelStack:       47076 kB
PageTables:        63676 kB
NFS_Unstable:          0 kB
Bounce:                0 kB
WritebackTmp:          0 kB
CommitLimit:     9202292 kB
Committed_AS:   67433056 kB
VmallocTotal:   263061440 kB
VmallocUsed:      104024 kB
VmallocChunk:          0 kB
Percpu:             7648 kB
CmaTotal:         294912 kB
CmaFree:               0 kB
MemTotal:       12113136 kB
MemFree:          486564 kB
MemAvailable:    7962120 kB
Buffers:            6272 kB
Cached:          7818852 kB
SwapCached:            0 kB
Active:          2071960 kB
Inactive:        6975592 kB
Active(anon):    1133452 kB
Inactive(anon):   125856 kB
Active(file):     938508 kB
Inactive(file):  6849736 kB
Unevictable:        5716 kB
Mlocked:            5716 kB
SwapTotal:       3145724 kB
SwapFree:        3145724 kB
Dirty:               368 kB
Writeback:             0 kB
AnonPages:       1227820 kB
Mapped:           768320 kB
Shmem:             32212 kB
KReclaimable:     556016 kB
Slab:             225428 kB
SReclaimable:      78824 kB
SUnreclaim:       146604 kB
KernelStack:       47124 kB
PageTables:        63360 kB
NFS_Unstable:          0 kB
Bounce:                0 kB
WritebackTmp:          0 kB
CommitLimit:     9202292 kB
Committed_AS:   67435400 kB
VmallocTotal:   263061440 kB
VmallocUsed:      104024 kB
VmallocChunk:          0 kB
Percpu:             7648 kB
CmaTotal:         294912 kB
CmaFree:             588 kB
MemTotal:       12113136 kB
MemFree:          485988 kB
MemAvailable:    7961572 kB
Buffers:            6280 kB
Cached:          7818872 kB
SwapCached:            0 kB
Active:          2073000 kB
Inactive:        6975616 kB
Active(anon):    1134488 kB
Inactive(anon):   125856 kB
Active(file):     938512 kB
Inactive(file):  6849760 kB
Unevictable:        5716 kB
Mlocked:            5716 kB
SwapTotal:       3145724 kB
SwapFree:        3145724 kB
Dirty:               392 kB
Writeback:             0 kB
AnonPages:       1228876 kB
Mapped:           768180 kB
Shmem:             32212 kB
KReclaimable:     556016 kB
Slab:             225428 kB
SReclaimable:      78824 kB
SUnreclaim:       146604 kB
KernelStack:       47028 kB
PageTables:        63616 kB
NFS_Unstable:          0 kB
Bounce:                0 kB
WritebackTmp:          0 kB
CommitLimit:     9202292 kB
Committed_AS:   67435004 kB
VmallocTotal:   263061440 kB
VmallocUsed:      104056 kB
VmallocChunk:          0 kB
Percpu:             7648 kB
CmaTotal:         294912 kB
CmaFree:               0 kB
MemTotal:       12113136 kB
MemFree:          485808 kB
MemAvailable:    7961428 kB
Buffers:            6280 kB
Cached:          7818908 kB
SwapCached:            0 kB
Active:          2073784 kB
Inactive:        6975648 kB
Active(anon):    1135268 kB
Inactive(anon):   125856 kB
Active(file):     938516 kB
Inactive(file):  6849792 kB
Unevictable:        5716 kB
Mlocked:            5716 kB
SwapTotal:       3145724 kB
SwapFree:        3145724 kB
Dirty:               408 kB
Writeback:             0 kB
AnonPages:       1230208 kB
Mapped:           768324 kB
Shmem:             32212 kB
KReclaimable:     556016 kB
Slab:             225428 kB
SReclaimable:      78824 kB
SUnreclaim:       146604 kB
KernelStack:       47060 kB
PageTables:        63756 kB
NFS_Unstable:          0 kB
Bounce:                0 kB
WritebackTmp:          0 kB
CommitLimit:     9202292 kB
Committed_AS:   67435488 kB
VmallocTotal:   263061440 kB
VmallocUsed:      104008 kB
VmallocChunk:          0 kB
Percpu:             7648 kB
CmaTotal:         294912 kB
CmaFree:             124 kB
MemTotal:       12113136 kB
MemFree:          485164 kB
MemAvailable:    7960780 kB
Buffers:            6280 kB
Cached:          7818924 kB
SwapCached:            0 kB
Active:          2074208 kB
Inactive:        6975664 kB
Active(anon):    1135692 kB
Inactive(anon):   125860 kB
Active(file):     938516 kB
Inactive(file):  6849804 kB
Unevictable:        5716 kB
Mlocked:            5716 kB
SwapTotal:       3145724 kB
SwapFree:        3145724 kB
Dirty:               420 kB
Writeback:             0 kB
AnonPages:       1230348 kB
Mapped:           768132 kB
Shmem:             32216 kB
KReclaimable:     556000 kB
Slab:             225412 kB
SReclaimable:      78808 kB
SUnreclaim:       146604 kB
KernelStack:       46976 kB
PageTables:        63412 kB
NFS_Unstable:          0 kB
Bounce:                0 kB
WritebackTmp:          0 kB
CommitLimit:     9202292 kB
Committed_AS:   67435348 kB
VmallocTotal:   263061440 kB
VmallocUsed:      103976 kB
VmallocChunk:          0 kB
Percpu:             7648 kB
CmaTotal:         294912 kB
CmaFree:               0 kB
MemTotal:       12113136 kB
MemFree:          485608 kB
MemAvailable:    7961240 kB
Buffers:            6280 kB
Cached:          7818940 kB
SwapCached:            0 kB
Active:          2074628 kB
Inactive:        6975680 kB
Active(anon):    1136112 kB
Inactive(anon):   125860 kB
Active(file):     938516 kB
Inactive(file):  6849820 kB
Unevictable:        5716 kB
Mlocked:            5716 kB
SwapTotal:       3145724 kB
SwapFree:        3145724 kB
Dirty:               436 kB
Writeback:             0 kB
AnonPages:       1230468 kB
Mapped:           768328 kB
Shmem:             32216 kB
KReclaimable:     556000 kB
Slab:             225412 kB
SReclaimable:      78808 kB
SUnreclaim:       146604 kB
KernelStack:       46980 kB
PageTables:        63648 kB
NFS_Unstable:          0 kB
Bounce:                0 kB
WritebackTmp:          0 kB
CommitLimit:     9202292 kB
Committed_AS:   67430484 kB
VmallocTotal:   263061440 kB
VmallocUsed:      103992 kB
VmallocChunk:          0 kB
Percpu:             7648 kB
CmaTotal:         294912 kB
CmaFree:              24 kB
MemTotal:       12113136 kB
MemFree:          484748 kB
MemAvailable:    7960388 kB
Buffers:            6280 kB
Cached:          7818948 kB
SwapCached:            0 kB
Active:          2075320 kB
Inactive:        6975688 kB
Active(anon):    1136804 kB
Inactive(anon):   125860 kB
Active(file):     938516 kB
Inactive(file):  6849828 kB
Unevictable:        5716 kB
Mlocked:            5716 kB
SwapTotal:       3145724 kB
SwapFree:        3145724 kB
Dirty:               444 kB
Writeback:             0 kB
AnonPages:       1231472 kB
Mapped:           768184 kB
Shmem:             32216 kB
KReclaimable:     556000 kB
Slab:             225412 kB
SReclaimable:      78808 kB
SUnreclaim:       146604 kB
KernelStack:       46932 kB
PageTables:        63596 kB
NFS_Unstable:          0 kB
Bounce:                0 kB
WritebackTmp:          0 kB
CommitLimit:     9202292 kB
Committed_AS:   67429912 kB
VmallocTotal:   263061440 kB
VmallocUsed:      104008 kB
VmallocChunk:          0 kB
Percpu:             7648 kB
CmaTotal:         294912 kB
CmaFree:               0 kB
MemTotal:       12113136 kB
MemFree:          485456 kB
MemAvailable:    7961120 kB
Buffers:            6280 kB
Cached:          7818956 kB
SwapCached:            0 kB
Active:          2074460 kB
Inactive:        6975696 kB
Active(anon):    1135944 kB
Inactive(anon):   125860 kB
Active(file):     938516 kB
Inactive(file):  6849836 kB
Unevictable:        5716 kB
Mlocked:            5716 kB
SwapTotal:       3145724 kB
SwapFree:        3145724 kB
Dirty:               472 kB
Writeback:             0 kB
AnonPages:       1230544 kB
Mapped:           768404 kB
Shmem:             32216 kB
KReclaimable:     556016 kB
Slab:             225428 kB
SReclaimable:      78824 kB
SUnreclaim:       146604 kB
KernelStack:       46992 kB
PageTables:        63432 kB
NFS_Unstable:          0 kB
Bounce:                0 kB
WritebackTmp:          0 kB
CommitLimit:     9202292 kB
Committed_AS:   67435168 kB
VmallocTotal:   263061440 kB
VmallocUsed:      103960 kB
VmallocChunk:          0 kB
Percpu:             7648 kB
CmaTotal:         294912 kB
CmaFree:             252 kB
MemTotal:       12113136 kB
MemFree:          485836 kB
MemAvailable:    7961516 kB
Buffers:            6280 kB
Cached:          7818972 kB
SwapCached:            0 kB
Active:          2075128 kB
Inactive:        6975712 kB
Active(anon):    1136612 kB
Inactive(anon):   125860 kB
Active(file):     938516 kB
Inactive(file):  6849852 kB
Unevictable:        5716 kB
Mlocked:            5716 kB
SwapTotal:       3145724 kB
SwapFree:        3145724 kB
Dirty:               504 kB
Writeback:             0 kB
AnonPages:       1231348 kB
Mapped:           768132 kB
Shmem:             32216 kB
KReclaimable:     556016 kB
Slab:             225420 kB
SReclaimable:      78824 kB
SUnreclaim:       146596 kB
KernelStack:       46980 kB
PageTables:        63320 kB
NFS_Unstable:          0 kB
Bounce:                0 kB
WritebackTmp:          0 kB
CommitLimit:     9202292 kB
Committed_AS:   67430136 kB
VmallocTotal:   263061440 kB
VmallocUsed:      103992 kB
VmallocChunk:          0 kB
Percpu:             7648 kB
CmaTotal:         294912 kB
CmaFree:               0 kB
MemTotal:       12113136 kB
MemFree:          477500 kB
MemAvailable:    7953192 kB
Buffers:            6280 kB
Cached:          7818984 kB
SwapCached:            0 kB
Active:          2083520 kB
Inactive:        6975724 kB
Active(anon):    1145004 kB
Inactive(anon):   125860 kB
Active(file):     938516 kB
Inactive(file):  6849864 kB
Unevictable:        5716 kB
Mlocked:            5716 kB
SwapTotal:       3145724 kB
SwapFree:        3145724 kB
Dirty:               516 kB
Writeback:             0 kB
AnonPages:       1239380 kB
Mapped:           768328 kB
Shmem:             32216 kB
KReclaimable:     556016 kB
Slab:             225420 kB
SReclaimable:      78824 kB
SUnreclaim:       146596 kB
KernelStack:       46980 kB
PageTables:        63732 kB
NFS_Unstable:          0 kB
Bounce:                0 kB
WritebackTmp:          0 kB
CommitLimit:     9202292 kB
Committed_AS:   67431572 kB
VmallocTotal:   263061440 kB
VmallocUsed:      103960 kB
VmallocChunk:          0 kB
Percpu:             7648 kB
CmaTotal:         294912 kB
CmaFree:               0 kB
MemTotal:       12113136 kB
MemFree:          458180 kB
MemAvailable:    7933864 kB
Buffers:            6280 kB
Cached:          7818992 kB
SwapCached:            0 kB
Active:          2102836 kB
Inactive:        6975732 kB
Active(anon):    1164320 kB
Inactive(anon):   125860 kB
Active(file):     938516 kB
Inactive(file):  6849872 kB
Unevictable:        5716 kB
Mlocked:            5716 kB
SwapTotal:       3145724 kB
SwapFree:        3145724 kB
Dirty:               536 kB
Writeback:             0 kB
AnonPages:       1258396 kB
Mapped:           768196 kB
Shmem:             32216 kB
KReclaimable:     556000 kB
Slab:             225404 kB
SReclaimable:      78808 kB
SUnreclaim:       146596 kB
KernelStack:       46944 kB
PageTables:        63316 kB
NFS_Unstable:          0 kB
Bounce:                0 kB
WritebackTmp:          0 kB
CommitLimit:     9202292 kB
Committed_AS:   67431532 kB
VmallocTotal:   263061440 kB
VmallocUsed:      103992 kB
VmallocChunk:          0 kB
Percpu:             7648 kB
CmaTotal:         294912 kB
CmaFree:              24 kB
MemTotal:       12113136 kB
MemFree:          445432 kB
MemAvailable:    7921128 kB
Buffers:            6280 kB
Cached:          7819004 kB
SwapCached:            0 kB
Active:          2116688 kB
Inactive:        6975744 kB
Active(anon):    1178172 kB
Inactive(anon):   125860 kB
Active(file):     938516 kB
Inactive(file):  6849884 kB
Unevictable:        5716 kB
Mlocked:            5716 kB
SwapTotal:       3145724 kB
SwapFree:        3145724 kB
Dirty:               552 kB
Writeback:             0 kB
AnonPages:       1273352 kB
Mapped:           768324 kB
Shmem:             32216 kB
KReclaimable:     556000 kB
Slab:             225404 kB
SReclaimable:      78808 kB
SUnreclaim:       146596 kB
KernelStack:       46960 kB
PageTables:        63564 kB
NFS_Unstable:          0 kB
Bounce:                0 kB
WritebackTmp:          0 kB
CommitLimit:     9202292 kB
Committed_AS:   67424772 kB
VmallocTotal:   263061440 kB
VmallocUsed:      103960 kB
