MemTotal:        5980404 kB
MemFree:         1017324 kB
MemAvailable:    2761628 kB
Buffers:            5464 kB
Cached:          1700824 kB
SwapCached:            0 kB
Active:          1347452 kB
Inactive:        1461780 kB
Active(anon):    1109564 kB
Inactive(anon):    18296 kB
Active(file):     237888 kB
Inactive(file):  1443484 kB
Unevictable:        5628 kB
Mlocked:            5628 kB
SwapTotal:       3670008 kB
SwapFree:        3670008 kB
Dirty:               188 kB
Writeback:             0 kB
AnonPages:       1108628 kB
Mapped:           814256 kB
Shmem:             20328 kB
KReclaimable:     625364 kB
Slab:             225552 kB
SReclaimable:      69016 kB
SUnreclaim:       156536 kB
KernelStack:       46000 kB
PageTables:        60260 kB
NFS_Unstable:          0 kB
Bounce:                0 kB
WritebackTmp:          0 kB
CommitLimit:     6660208 kB
Committed_AS:   71111236 kB
VmallocTotal:   263061440 kB
VmallocUsed:       86396 kB
VmallocChunk:          0 kB
Percpu:             7552 kB
CmaTotal:         315392 kB
CmaFree:              32 kB
MemTotal:        5980404 kB
MemFree:         1010980 kB
MemAvailable:    2755284 kB
Buffers:            5464 kB
Cached:          1700824 kB
SwapCached:            0 kB
Active:          1352156 kB
Inactive:        1461780 kB
Active(anon):    1114268 kB
Inactive(anon):    18296 kB
Active(file):     237888 kB
Inactive(file):  1443484 kB
Unevictable:        5628 kB
Mlocked:            5628 kB
SwapTotal:       3670008 kB
SwapFree:        3670008 kB
Dirty:               188 kB
Writeback:             0 kB
AnonPages:       1113392 kB
Mapped:           814380 kB
Shmem:             20328 kB
KReclaimable:     625364 kB
Slab:             225640 kB
SReclaimable:      69016 kB
SUnreclaim:       156624 kB
KernelStack:       45984 kB
PageTables:        60208 kB
NFS_Unstable:          0 kB
Bounce:                0 kB
WritebackTmp:          0 kB
CommitLimit:     6660208 kB
Committed_AS:   71113688 kB
VmallocTotal:   263061440 kB
VmallocUsed:       86428 kB
VmallocChunk:          0 kB
Percpu:             7552 kB
CmaTotal:         315392 kB
CmaFree:               0 kB
MemTotal:        5980404 kB
MemFree:         1011912 kB
MemAvailable:    2756220 kB
Buffers:            5464 kB
Cached:          1700824 kB
SwapCached:            0 kB
Active:          1352372 kB
Inactive:        1461780 kB
Active(anon):    1114484 kB
Inactive(anon):    18296 kB
Active(file):     237888 kB
Inactive(file):  1443484 kB
Unevictable:        5628 kB
Mlocked:            5628 kB
SwapTotal:       3670008 kB
SwapFree:        3670008 kB
Dirty:               188 kB
Writeback:             0 kB
AnonPages:       1113588 kB
Mapped:           814468 kB
Shmem:             20328 kB
KReclaimable:     625368 kB
Slab:             225612 kB
SReclaimable:      69020 kB
SUnreclaim:       156592 kB
KernelStack:       46048 kB
PageTables:        60604 kB
NFS_Unstable:          0 kB
Bounce:                0 kB
WritebackTmp:          0 kB
CommitLimit:     6660208 kB
Committed_AS:   71119776 kB
VmallocTotal:   263061440 kB
VmallocUsed:       86444 kB
VmallocChunk:          0 kB
Percpu:             7552 kB
CmaTotal:         315392 kB
CmaFree:               0 kB
MemTotal:        5980404 kB
MemFree:         1010984 kB
MemAvailable:    2755292 kB
Buffers:            5464 kB
Cached:          1700828 kB
SwapCached:            0 kB
Active:          1353028 kB
Inactive:        1461784 kB
Active(anon):    1115140 kB
Inactive(anon):    18300 kB
Active(file):     237888 kB
Inactive(file):  1443484 kB
Unevictable:        5628 kB
Mlocked:            5628 kB
SwapTotal:       3670008 kB
SwapFree:        3670008 kB
Dirty:               188 kB
Writeback:             0 kB
AnonPages:       1113800 kB
Mapped:           814256 kB
Shmem:             20332 kB
KReclaimable:     625368 kB
Slab:             225620 kB
SReclaimable:      69020 kB
SUnreclaim:       156600 kB
KernelStack:       46048 kB
PageTables:        60620 kB
NFS_Unstable:          0 kB
Bounce:                0 kB
WritebackTmp:          0 kB
CommitLimit:     6660208 kB
Committed_AS:   71117032 kB
VmallocTotal:   263061440 kB
VmallocUsed:       86460 kB
VmallocChunk:          0 kB
Percpu:             7552 kB
CmaTotal:         315392 kB
CmaFree:               0 kB
MemTotal:        5980404 kB
MemFree:         1009944 kB
MemAvailable:    2754260 kB
Buffers:            5464 kB
Cached:          1700856 kB
SwapCached:            0 kB
Active:          1354216 kB
Inactive:        1461808 kB
Active(anon):    1116324 kB
Inactive(anon):    18320 kB
Active(file):     237892 kB
Inactive(file):  1443488 kB
Unevictable:        5628 kB
Mlocked:            5628 kB
SwapTotal:       3670008 kB
SwapFree:        3670008 kB
Dirty:               288 kB
Writeback:             0 kB
AnonPages:       1115364 kB
Mapped:           814332 kB
Shmem:             20352 kB
KReclaimable:     625368 kB
Slab:             225624 kB
SReclaimable:      69020 kB
SUnreclaim:       156604 kB
KernelStack:       46096 kB
PageTables:        60416 kB
NFS_Unstable:          0 kB
Bounce:                0 kB
WritebackTmp:          0 kB
CommitLimit:     6660208 kB
Committed_AS:   71118272 kB
VmallocTotal:   263061440 kB
VmallocUsed:       86492 kB
VmallocChunk:          0 kB
Percpu:             7552 kB
CmaTotal:         315392 kB
CmaFree:               0 kB
MemTotal:        5980404 kB
MemFree:         1008916 kB
MemAvailable:    2753236 kB
Buffers:            5464 kB
Cached:          1700860 kB
SwapCached:            0 kB
Active:          1354560 kB
Inactive:        1461816 kB
Active(anon):    1116672 kB
Inactive(anon):    18320 kB
Active(file):     237888 kB
Inactive(file):  1443496 kB
Unevictable:        5628 kB
Mlocked:            5628 kB
SwapTotal:       3670008 kB
SwapFree:        3670008 kB
Dirty:               308 kB
Writeback:             0 kB
AnonPages:       1115828 kB
Mapped:           814104 kB
Shmem:             20352 kB
KReclaimable:     625368 kB
Slab:             225628 kB
SReclaimable:      69020 kB
SUnreclaim:       156608 kB
KernelStack:       46096 kB
PageTables:        60416 kB
NFS_Unstable:          0 kB
Bounce:                0 kB
WritebackTmp:          0 kB
CommitLimit:     6660208 kB
Committed_AS:   71115784 kB
VmallocTotal:   263061440 kB
VmallocUsed:       86540 kB
VmallocChunk:          0 kB
Percpu:             7552 kB
CmaTotal:         315392 kB
CmaFree:              20 kB
MemTotal:        5980404 kB
MemFree:         1008480 kB
MemAvailable:    2752800 kB
Buffers:            5464 kB
Cached:          1700860 kB
SwapCached:            0 kB
Active:          1355716 kB
Inactive:        1461816 kB
Active(anon):    1117828 kB
Inactive(anon):    18320 kB
Active(file):     237888 kB
Inactive(file):  1443496 kB
Unevictable:        5628 kB
Mlocked:            5628 kB
SwapTotal:       3670008 kB
SwapFree:        3670008 kB
Dirty:               540 kB
Writeback:             0 kB
AnonPages:       1116828 kB
Mapped:           814172 kB
Shmem:             20352 kB
KReclaimable:     625368 kB
Slab:             225648 kB
SReclaimable:      69020 kB
SUnreclaim:       156628 kB
KernelStack:       46080 kB
PageTables:        60480 kB
NFS_Unstable:          0 kB
Bounce:                0 kB
WritebackTmp:          0 kB
CommitLimit:     6660208 kB
Committed_AS:   71120560 kB
VmallocTotal:   263061440 kB
VmallocUsed:       86508 kB
VmallocChunk:          0 kB
Percpu:             7552 kB
CmaTotal:         315392 kB
CmaFree:               8 kB
MemTotal:        5980404 kB
MemFree:         1008028 kB
MemAvailable:    2752348 kB
Buffers:            5464 kB
Cached:          1700860 kB
SwapCached:            0 kB
Active:          1355940 kB
Inactive:        1461816 kB
Active(anon):    1118052 kB
Inactive(anon):    18320 kB
Active(file):     237888 kB
Inactive(file):  1443496 kB
Unevictable:        5628 kB
Mlocked:            5628 kB
SwapTotal:       3670008 kB
SwapFree:        3670008 kB
Dirty:               652 kB
Writeback:             0 kB
AnonPages:       1116408 kB
Mapped:           814168 kB
Shmem:             20352 kB
KReclaimable:     625368 kB
Slab:             225636 kB
SReclaimable:      69020 kB
SUnreclaim:       156616 kB
KernelStack:       46096 kB
PageTables:        60396 kB
NFS_Unstable:          0 kB
Bounce:                0 kB
WritebackTmp:          0 kB
CommitLimit:     6660208 kB
Committed_AS:   71118760 kB
VmallocTotal:   263061440 kB
VmallocUsed:       86492 kB
VmallocChunk:          0 kB
Percpu:             7552 kB
CmaTotal:         315392 kB
CmaFree:               0 kB
MemTotal:        5980404 kB
MemFree:         1009396 kB
MemAvailable:    2753716 kB
Buffers:            5464 kB
Cached:          1700864 kB
SwapCached:            0 kB
Active:          1355672 kB
Inactive:        1461820 kB
Active(anon):    1117784 kB
Inactive(anon):    18324 kB
Active(file):     237888 kB
Inactive(file):  1443496 kB
Unevictable:        5628 kB
Mlocked:            5628 kB
SwapTotal:       3670008 kB
SwapFree:        3670008 kB
Dirty:               652 kB
Writeback:             0 kB
AnonPages:       1117384 kB
Mapped:           814396 kB
Shmem:             20356 kB
KReclaimable:     625368 kB
Slab:             225620 kB
SReclaimable:      69020 kB
SUnreclaim:       156600 kB
KernelStack:       46080 kB
PageTables:        60408 kB
NFS_Unstable:          0 kB
Bounce:                0 kB
WritebackTmp:          0 kB
CommitLimit:     6660208 kB
Committed_AS:   71120252 kB
VmallocTotal:   263061440 kB
VmallocUsed:       86460 kB
VmallocChunk:          0 kB
Percpu:             7552 kB
CmaTotal:         315392 kB
CmaFree:               4 kB
MemTotal:        5980404 kB
MemFree:         1008956 kB
MemAvailable:    2753276 kB
Buffers:            5464 kB
Cached:          1700868 kB
SwapCached:            0 kB
Active:          1355976 kB
Inactive:        1461824 kB
Active(anon):    1118088 kB
Inactive(anon):    18328 kB
Active(file):     237888 kB
Inactive(file):  1443496 kB
Unevictable:        5628 kB
Mlocked:            5628 kB
SwapTotal:       3670008 kB
SwapFree:        3670008 kB
Dirty:               216 kB
Writeback:             0 kB
AnonPages:       1117284 kB
Mapped:           814340 kB
Shmem:             20360 kB
KReclaimable:     625368 kB
Slab:             225664 kB
SReclaimable:      69020 kB
SUnreclaim:       156644 kB
KernelStack:       46096 kB
PageTables:        60416 kB
NFS_Unstable:          0 kB
Bounce:                0 kB
WritebackTmp:          0 kB
CommitLimit:     6660208 kB
Committed_AS:   71114400 kB
VmallocTotal:   263061440 kB
VmallocUsed:       86460 kB
VmallocChunk:          0 kB
Percpu:             7552 kB
CmaTotal:         315392 kB
CmaFree:               0 kB
MemTotal:        5980404 kB
MemFree:         1007084 kB
MemAvailable:    2751436 kB
Buffers:            5472 kB
Cached:          1700892 kB
SwapCached:            0 kB
Active:          1356524 kB
Inactive:        1461848 kB
Active(anon):    1118628 kB
Inactive(anon):    18328 kB
Active(file):     237896 kB
Inactive(file):  1443520 kB
Unevictable:        5628 kB
Mlocked:            5628 kB
SwapTotal:       3670008 kB
SwapFree:        3670008 kB
Dirty:               296 kB
Writeback:             0 kB
AnonPages:       1117608 kB
Mapped:           814340 kB
Shmem:             20360 kB
KReclaimable:     625368 kB
Slab:             225664 kB
SReclaimable:      69020 kB
SUnreclaim:       156644 kB
KernelStack:       46112 kB
PageTables:        60420 kB
NFS_Unstable:          0 kB
Bounce:                0 kB
WritebackTmp:          0 kB
CommitLimit:     6660208 kB
Committed_AS:   71113880 kB
VmallocTotal:   263061440 kB
VmallocUsed:       86460 kB
VmallocChunk:          0 kB
Percpu:             7552 kB
CmaTotal:         315392 kB
CmaFree:               0 kB
MemTotal:        5980404 kB
MemFree:         1011536 kB
MemAvailable:    2755880 kB
Buffers:            5472 kB
Cached:          1700888 kB
SwapCached:            0 kB
Active:          1351388 kB
Inactive:        1461844 kB
Active(anon):    1113492 kB
Inactive(anon):    18332 kB
Active(file):     237896 kB
Inactive(file):  1443512 kB
Unevictable:        5628 kB
Mlocked:            5628 kB
SwapTotal:       3670008 kB
SwapFree:        3670008 kB
Dirty:               300 kB
Writeback:             0 kB
AnonPages:       1112356 kB
Mapped:           814416 kB
Shmem:             20364 kB
KReclaimable:     625368 kB
Slab:             225672 kB
SReclaimable:      69020 kB
SUnreclaim:       156652 kB
KernelStack:       46144 kB
PageTables:        60656 kB
NFS_Unstable:          0 kB
Bounce:                0 kB
WritebackTmp:          0 kB
CommitLimit:     6660208 kB
Committed_AS:   71115924 kB
VmallocTotal:   263061440 kB
VmallocUsed:       86524 kB
VmallocChunk:          0 kB
Percpu:             7552 kB
CmaTotal:         315392 kB
CmaFree:               0 kB
MemTotal:        5980404 kB
MemFree:         1011780 kB
MemAvailable:    2756124 kB
Buffers:            5472 kB
Cached:          1700892 kB
SwapCached:            0 kB
Active:          1351912 kB
Inactive:        1461848 kB
Active(anon):    1114016 kB
Inactive(anon):    18336 kB
Active(file):     237896 kB
Inactive(file):  1443512 kB
Unevictable:        5628 kB
Mlocked:            5628 kB
SwapTotal:       3670008 kB
SwapFree:        3670008 kB
Dirty:               300 kB
Writeback:             0 kB
AnonPages:       1113056 kB
Mapped:           814348 kB
Shmem:             20368 kB
KReclaimable:     625368 kB
Slab:             225624 kB
SReclaimable:      69020 kB
SUnreclaim:       156604 kB
KernelStack:       46128 kB
PageTables:        60340 kB
NFS_Unstable:          0 kB
Bounce:                0 kB
WritebackTmp:          0 kB
CommitLimit:     6660208 kB
Committed_AS:   71116460 kB
VmallocTotal:   263061440 kB
VmallocUsed:       86492 kB
VmallocChunk:          0 kB
Percpu:             7552 kB
CmaTotal:         315392 kB
CmaFree:             188 kB
MemTotal:        5980404 kB
MemFree:         1012176 kB
MemAvailable:    2756512 kB
Buffers:            5472 kB
Cached:          1700892 kB
SwapCached:            0 kB
Active:          1352508 kB
Inactive:        1461852 kB
Active(anon):    1114616 kB
Inactive(anon):    18344 kB
Active(file):     237892 kB
Inactive(file):  1443508 kB
Unevictable:        5628 kB
Mlocked:            5628 kB
SwapTotal:       3670008 kB
SwapFree:        3670008 kB
Dirty:               312 kB
Writeback:             0 kB
AnonPages:       1113520 kB
Mapped:           814624 kB
Shmem:             20376 kB
KReclaimable:     625368 kB
Slab:             225648 kB
SReclaimable:      69020 kB
SUnreclaim:       156628 kB
KernelStack:       46080 kB
PageTables:        60496 kB
NFS_Unstable:          0 kB
Bounce:                0 kB
WritebackTmp:          0 kB
CommitLimit:     6660208 kB
Committed_AS:   71120260 kB
VmallocTotal:   263061440 kB
VmallocUsed:       86476 kB
VmallocChunk:          0 kB
Percpu:             7552 kB
CmaTotal:         315392 kB
CmaFree:               0 kB
MemTotal:        5980404 kB
MemFree:         1012552 kB
MemAvailable:    2756896 kB
Buffers:            5472 kB
Cached:          1700900 kB
SwapCached:            0 kB
Active:          1352536 kB
Inactive:        1461856 kB
Active(anon):    1114640 kB
Inactive(anon):    18344 kB
Active(file):     237896 kB
Inactive(file):  1443512 kB
Unevictable:        5628 kB
Mlocked:            5628 kB
SwapTotal:       3670008 kB
SwapFree:        3670008 kB
Dirty:               328 kB
Writeback:             0 kB
AnonPages:       1113748 kB
Mapped:           814400 kB
Shmem:             20376 kB
KReclaimable:     625368 kB
Slab:             225624 kB
SReclaimable:      69020 kB
SUnreclaim:       156604 kB
KernelStack:       46096 kB
PageTables:        60420 kB
NFS_Unstable:          0 kB
Bounce:                0 kB
WritebackTmp:          0 kB
CommitLimit:     6660208 kB
Committed_AS:   71118980 kB
VmallocTotal:   263061440 kB
VmallocUsed:       86492 kB
VmallocChunk:          0 kB
Percpu:             7552 kB
CmaTotal:         315392 kB
CmaFree:               0 kB
MemTotal:        5980404 kB
MemFree:         1012368 kB
MemAvailable:    2756712 kB
Buffers:            5472 kB
Cached:          1700900 kB
SwapCached:            0 kB
Active:          1352720 kB
Inactive:        1461856 kB
Active(anon):    1114824 kB
Inactive(anon):    18344 kB
Active(file):     237896 kB
Inactive(file):  1443512 kB
Unevictable:        5628 kB
Mlocked:            5628 kB
SwapTotal:       3670008 kB
SwapFree:        3670008 kB
Dirty:               240 kB
Writeback:             0 kB
AnonPages:       1113892 kB
Mapped:           814172 kB
Shmem:             20376 kB
KReclaimable:     625368 kB
Slab:             225644 kB
SReclaimable:      69020 kB
SUnreclaim:       156624 kB
KernelStack:       46096 kB
PageTables:        60552 kB
NFS_Unstable:          0 kB
Bounce:                0 kB
WritebackTmp:          0 kB
CommitLimit:     6660208 kB
Committed_AS:   71115712 kB
VmallocTotal:   263061440 kB
VmallocUsed:       86492 kB
VmallocChunk:          0 kB
Percpu:             7552 kB
CmaTotal:         315392 kB
CmaFree:               0 kB
MemTotal:        5980404 kB
MemFree:         1010836 kB
MemAvailable:    2755180 kB
Buffers:            5472 kB
Cached:          1700900 kB
SwapCached:            0 kB
Active:          1353792 kB
Inactive:        1461856 kB
Active(anon):    1115896 kB
Inactive(anon):    18344 kB
Active(file):     237896 kB
Inactive(file):  1443512 kB
Unevictable:        5628 kB
Mlocked:            5628 kB
SwapTotal:       3670008 kB
SwapFree:        3670008 kB
Dirty:               292 kB
Writeback:             0 kB
AnonPages:       1115000 kB
Mapped:           814204 kB
Shmem:             20376 kB
KReclaimable:     625368 kB
Slab:             225644 kB
SReclaimable:      69020 kB
SUnreclaim:       156624 kB
KernelStack:       46048 kB
PageTables:        60508 kB
NFS_Unstable:          0 kB
Bounce:                0 kB
WritebackTmp:          0 kB
CommitLimit:     6660208 kB
Committed_AS:   71118668 kB
VmallocTotal:   263061440 kB
VmallocUsed:       86476 kB
VmallocChunk:          0 kB
Percpu:             7552 kB
CmaTotal:         315392 kB
CmaFree:              16 kB
MemTotal:        5980404 kB
MemFree:         1010364 kB
MemAvailable:    2754712 kB
Buffers:            5472 kB
Cached:          1700904 kB
SwapCached:            0 kB
Active:          1353788 kB
Inactive:        1461860 kB
Active(anon):    1115892 kB
Inactive(anon):    18344 kB
Active(file):     237896 kB
Inactive(file):  1443516 kB
Unevictable:        5628 kB
Mlocked:            5628 kB
SwapTotal:       3670008 kB
SwapFree:        3670008 kB
Dirty:               348 kB
Writeback:             0 kB
AnonPages:       1115160 kB
Mapped:           814588 kB
Shmem:             20376 kB
KReclaimable:     625368 kB
Slab:             225644 kB
SReclaimable:      69020 kB
SUnreclaim:       156624 kB
KernelStack:       46112 kB
PageTables:        60636 kB
NFS_Unstable:          0 kB
Bounce:                0 kB
WritebackTmp:          0 kB
CommitLimit:     6660208 kB
Committed_AS:   71116584 kB
VmallocTotal:   263061440 kB
VmallocUsed:       86492 kB
VmallocChunk:          0 kB
Percpu:             7552 kB
CmaTotal:         315392 kB
CmaFree:               0 kB
MemTotal:        5980404 kB
MemFree:         1010464 kB
MemAvailable:    2754812 kB
Buffers:            5472 kB
Cached:          1700904 kB
SwapCached:            0 kB
Active:          1354128 kB
Inactive:        1461860 kB
Active(anon):    1116232 kB
Inactive(anon):    18344 kB
Active(file):     237896 kB
Inactive(file):  1443516 kB
Unevictable:        5628 kB
Mlocked:            5628 kB
SwapTotal:       3670008 kB
SwapFree:        3670008 kB
Dirty:               348 kB
Writeback:             0 kB
AnonPages:       1115084 kB
Mapped:           814212 kB
Shmem:             20376 kB
KReclaimable:     625368 kB
Slab:             225628 kB
SReclaimable:      69020 kB
SUnreclaim:       156608 kB
KernelStack:       46096 kB
PageTables:        60384 kB
NFS_Unstable:          0 kB
Bounce:                0 kB
WritebackTmp:          0 kB
CommitLimit:     6660208 kB
Committed_AS:   71114532 kB
VmallocTotal:   263061440 kB
VmallocUsed:       86524 kB
VmallocChunk:          0 kB
Percpu:             7552 kB
CmaTotal:         315392 kB
CmaFree:               0 kB
MemTotal:        5980404 kB
MemFree:         1018276 kB
MemAvailable:    2762612 kB
Buffers:            5472 kB
Cached:          1700892 kB
SwapCached:            0 kB
Active:          1345740 kB
Inactive:        1461856 kB
Active(anon):    1107852 kB
Inactive(anon):    18344 kB
Active(file):     237888 kB
Inactive(file):  1443512 kB
Unevictable:        5628 kB
Mlocked:            5628 kB
SwapTotal:       3670008 kB
SwapFree:        3670008 kB
Dirty:               340 kB
Writeback:             0 kB
AnonPages:       1106948 kB
Mapped:           814180 kB
Shmem:             20376 kB
KReclaimable:     625368 kB
Slab:             225636 kB
SReclaimable:      69020 kB
SUnreclaim:       156616 kB
KernelStack:       46080 kB
PageTables:        60488 kB
NFS_Unstable:          0 kB
Bounce:                0 kB
WritebackTmp:          0 kB
CommitLimit:     6660208 kB
Committed_AS:   71118292 kB
VmallocTotal:   263061440 kB
VmallocUsed:       86492 kB
VmallocChunk:          0 kB
Percpu:             7552 kB
CmaTotal:         315392 kB
CmaFree:               0 kB
MemTotal:        5980404 kB
MemFree:         1018548 kB
MemAvailable:    2762908 kB
Buffers:            5472 kB
Cached:          1700916 kB
SwapCached:            0 kB
Active:          1346172 kB
Inactive:        1461876 kB
Active(anon):    1108280 kB
Inactive(anon):    18344 kB
Active(file):     237892 kB
Inactive(file):  1443532 kB
Unevictable:        5628 kB
Mlocked:            5628 kB
SwapTotal:       3670008 kB
SwapFree:        3670008 kB
Dirty:               192 kB
Writeback:             0 kB
AnonPages:       1107148 kB
Mapped:           814400 kB
Shmem:             20376 kB
KReclaimable:     625368 kB
Slab:             225664 kB
SReclaimable:      69020 kB
SUnreclaim:       156644 kB
KernelStack:       46112 kB
PageTables:        60416 kB
NFS_Unstable:          0 kB
Bounce:                0 kB
WritebackTmp:          0 kB
CommitLimit:     6660208 kB
Committed_AS:   71115860 kB
VmallocTotal:   263061440 kB
VmallocUsed:       86476 kB
VmallocChunk:          0 kB
Percpu:             7552 kB
CmaTotal:         315392 kB
CmaFree:               0 kB
MemTotal:        5980404 kB
MemFree:         1017712 kB
MemAvailable:    2762080 kB
Buffers:            5472 kB
Cached:          1700932 kB
SwapCached:            0 kB
Active:          1346328 kB
Inactive:        1461888 kB
Active(anon):    1108432 kB
Inactive(anon):    18352 kB
Active(file):     237896 kB
Inactive(file):  1443536 kB
Unevictable:        5628 kB
Mlocked:            5628 kB
SwapTotal:       3670008 kB
SwapFree:        3670008 kB
Dirty:               200 kB
Writeback:             0 kB
AnonPages:       1107264 kB
Mapped:           814492 kB
Shmem:             20384 kB
KReclaimable:     625368 kB
Slab:             225672 kB
SReclaimable:      69020 kB
SUnreclaim:       156652 kB
KernelStack:       46112 kB
PageTables:        60696 kB
NFS_Unstable:          0 kB
Bounce:                0 kB
WritebackTmp:          0 kB
CommitLimit:     6660208 kB
Committed_AS:   71120012 kB
VmallocTotal:   263061440 kB
VmallocUsed:       86508 kB
VmallocChunk:          0 kB
Percpu:             7552 kB
CmaTotal:         315392 kB
CmaFree:               0 kB
MemTotal:        5980404 kB
MemFree:         1018100 kB
MemAvailable:    2762460 kB
Buffers:            5472 kB
Cached:          1700924 kB
SwapCached:            0 kB
Active:          1346444 kB
Inactive:        1461880 kB
Active(anon):    1108548 kB
Inactive(anon):    18352 kB
Active(file):     237896 kB
Inactive(file):  1443528 kB
Unevictable:        5628 kB
Mlocked:            5628 kB
SwapTotal:       3670008 kB
SwapFree:        3670008 kB
Dirty:               192 kB
Writeback:             0 kB
AnonPages:       1107352 kB
Mapped:           814408 kB
Shmem:             20384 kB
KReclaimable:     625368 kB
Slab:             225696 kB
SReclaimable:      69020 kB
SUnreclaim:       156676 kB
KernelStack:       46096 kB
PageTables:        60420 kB
NFS_Unstable:          0 kB
Bounce:                0 kB
WritebackTmp:          0 kB
CommitLimit:     6660208 kB
Committed_AS:   71117464 kB
VmallocTotal:   263061440 kB
VmallocUsed:       86508 kB
VmallocChunk:          0 kB
Percpu:             7552 kB
CmaTotal:         315392 kB
CmaFree:              36 kB
MemTotal:        5980404 kB
MemFree:         1018444 kB
MemAvailable:    2762796 kB
Buffers:            5472 kB
Cached:          1700916 kB
SwapCached:            0 kB
Active:          1347120 kB
Inactive:        1461876 kB
Active(anon):    1109228 kB
Inactive(anon):    18352 kB
Active(file):     237892 kB
Inactive(file):  1443524 kB
Unevictable:        5628 kB
Mlocked:            5628 kB
SwapTotal:       3670008 kB
SwapFree:        3670008 kB
Dirty:               200 kB
Writeback:             0 kB
AnonPages:       1107812 kB
Mapped:           814416 kB
Shmem:             20384 kB
KReclaimable:     625368 kB
Slab:             225688 kB
SReclaimable:      69020 kB
SUnreclaim:       156668 kB
KernelStack:       46112 kB
PageTables:        60528 kB
NFS_Unstable:          0 kB
Bounce:                0 kB
WritebackTmp:          0 kB
CommitLimit:     6660208 kB
Committed_AS:   71116936 kB
VmallocTotal:   263061440 kB
VmallocUsed:       86492 kB
VmallocChunk:          0 kB
Percpu:             7552 kB
CmaTotal:         315392 kB
CmaFree:               0 kB
MemTotal:        5980404 kB
MemFree:         1016472 kB
MemAvailable:    2760832 kB
Buffers:            5472 kB
Cached:          1700924 kB
SwapCached:            0 kB
Active:          1347156 kB
Inactive:        1461880 kB
Active(anon):    1109260 kB
Inactive(anon):    18352 kB
Active(file):     237896 kB
Inactive(file):  1443528 kB
Unevictable:        5628 kB
Mlocked:            5628 kB
SwapTotal:       3670008 kB
SwapFree:        3670008 kB
Dirty:               184 kB
Writeback:             0 kB
AnonPages:       1108356 kB
Mapped:           814548 kB
Shmem:             20384 kB
KReclaimable:     625368 kB
Slab:             225704 kB
SReclaimable:      69020 kB
SUnreclaim:       156684 kB
KernelStack:       46064 kB
PageTables:        60368 kB
NFS_Unstable:          0 kB
Bounce:                0 kB
WritebackTmp:          0 kB
CommitLimit:     6660208 kB
Committed_AS:   71118764 kB
VmallocTotal:   263061440 kB
VmallocUsed:       86460 kB
VmallocChunk:          0 kB
Percpu:             7552 kB
CmaTotal:         315392 kB
CmaFree:               0 kB
MemTotal:        5980404 kB
MemFree:         1017908 kB
MemAvailable:    2762272 kB
Buffers:            5476 kB
Cached:          1700928 kB
SwapCached:            0 kB
Active:          1347552 kB
Inactive:        1461884 kB
Active(anon):    1109652 kB
Inactive(anon):    18356 kB
Active(file):     237900 kB
Inactive(file):  1443528 kB
Unevictable:        5628 kB
Mlocked:            5628 kB
SwapTotal:       3670008 kB
SwapFree:        3670008 kB
Dirty:               176 kB
Writeback:             0 kB
AnonPages:       1108548 kB
Mapped:           814376 kB
Shmem:             20388 kB
KReclaimable:     625368 kB
Slab:             225680 kB
SReclaimable:      69020 kB
SUnreclaim:       156660 kB
KernelStack:       46144 kB
PageTables:        60732 kB
NFS_Unstable:          0 kB
Bounce:                0 kB
WritebackTmp:          0 kB
CommitLimit:     6660208 kB
Committed_AS:   71114676 kB
VmallocTotal:   263061440 kB
VmallocUsed:       86508 kB
VmallocChunk:          0 kB
Percpu:             7552 kB
CmaTotal:         315392 kB
CmaFree:              60 kB
MemTotal:        5980404 kB
MemFree:         1016656 kB
MemAvailable:    2761032 kB
Buffers:            5476 kB
Cached:          1700944 kB
SwapCached:            0 kB
Active:          1348208 kB
Inactive:        1461900 kB
Active(anon):    1110308 kB
Inactive(anon):    18360 kB
Active(file):     237900 kB
Inactive(file):  1443540 kB
Unevictable:        5628 kB
Mlocked:            5628 kB
SwapTotal:       3670008 kB
SwapFree:        3670008 kB
Dirty:               192 kB
Writeback:             0 kB
AnonPages:       1109444 kB
Mapped:           814416 kB
Shmem:             20392 kB
KReclaimable:     625368 kB
Slab:             225684 kB
SReclaimable:      69020 kB
SUnreclaim:       156664 kB
KernelStack:       46096 kB
PageTables:        60416 kB
NFS_Unstable:          0 kB
Bounce:                0 kB
WritebackTmp:          0 kB
CommitLimit:     6660208 kB
Committed_AS:   71120456 kB
VmallocTotal:   263061440 kB
VmallocUsed:       86508 kB
VmallocChunk:          0 kB
Percpu:             7552 kB
CmaTotal:         315392 kB
CmaFree:               8 kB
MemTotal:        5980404 kB
MemFree:         1016580 kB
MemAvailable:    2760956 kB
Buffers:            5476 kB
Cached:          1700944 kB
SwapCached:            0 kB
Active:          1349096 kB
Inactive:        1461900 kB
Active(anon):    1111196 kB
Inactive(anon):    18360 kB
Active(file):     237900 kB
Inactive(file):  1443540 kB
Unevictable:        5628 kB
Mlocked:            5628 kB
SwapTotal:       3670008 kB
SwapFree:        3670008 kB
Dirty:               228 kB
Writeback:             0 kB
AnonPages:       1109672 kB
Mapped:           814416 kB
Shmem:             20392 kB
KReclaimable:     625368 kB
Slab:             225676 kB
SReclaimable:      69020 kB
SUnreclaim:       156656 kB
KernelStack:       46064 kB
PageTables:        60524 kB
NFS_Unstable:          0 kB
Bounce:                0 kB
WritebackTmp:          0 kB
CommitLimit:     6660208 kB
Committed_AS:   71119020 kB
VmallocTotal:   263061440 kB
VmallocUsed:       86476 kB
VmallocChunk:          0 kB
Percpu:             7552 kB
CmaTotal:         315392 kB
CmaFree:               0 kB
MemTotal:        5980404 kB
MemFree:         1015824 kB
MemAvailable:    2760200 kB
Buffers:            5476 kB
Cached:          1700944 kB
SwapCached:            0 kB
Active:          1349040 kB
Inactive:        1461900 kB
Active(anon):    1111140 kB
Inactive(anon):    18360 kB
Active(file):     237900 kB
Inactive(file):  1443540 kB
Unevictable:        5628 kB
Mlocked:            5628 kB
SwapTotal:       3670008 kB
SwapFree:        3670008 kB
Dirty:               288 kB
Writeback:             0 kB
AnonPages:       1110292 kB
Mapped:           814416 kB
Shmem:             20392 kB
KReclaimable:     625368 kB
Slab:             225716 kB
SReclaimable:      69020 kB
SUnreclaim:       156696 kB
KernelStack:       46112 kB
PageTables:        60544 kB
NFS_Unstable:          0 kB
Bounce:                0 kB
WritebackTmp:          0 kB
CommitLimit:     6660208 kB
Committed_AS:   71116216 kB
VmallocTotal:   263061440 kB
VmallocUsed:       86492 kB
VmallocChunk:          0 kB
Percpu:             7552 kB
CmaTotal:         315392 kB
CmaFree:               0 kB
MemTotal:        5980404 kB
MemFree:         1014964 kB
MemAvailable:    2759340 kB
Buffers:            5476 kB
Cached:          1700944 kB
SwapCached:            0 kB
Active:          1349824 kB
Inactive:        1461900 kB
Active(anon):    1111924 kB
Inactive(anon):    18360 kB
Active(file):     237900 kB
Inactive(file):  1443540 kB
Unevictable:        5628 kB
Mlocked:            5628 kB
SwapTotal:       3670008 kB
SwapFree:        3670008 kB
Dirty:               192 kB
Writeback:             0 kB
AnonPages:       1110548 kB
Mapped:           814580 kB
Shmem:             20392 kB
KReclaimable:     625368 kB
Slab:             225676 kB
SReclaimable:      69020 kB
SUnreclaim:       156656 kB
KernelStack:       46068 kB
PageTables:        60508 kB
NFS_Unstable:          0 kB
Bounce:                0 kB
WritebackTmp:          0 kB
CommitLimit:     6660208 kB
Committed_AS:   71119796 kB
VmallocTotal:   263061440 kB
VmallocUsed:       86460 kB
VmallocChunk:          0 kB
Percpu:             7552 kB
CmaTotal:         315392 kB
CmaFree:               0 kB
MemTotal:        5980404 kB
MemFree:         1014636 kB
MemAvailable:    2759008 kB
Buffers:            5476 kB
Cached:          1700956 kB
SwapCached:            0 kB
Active:          1350088 kB
Inactive:        1461912 kB
Active(anon):    1112188 kB
Inactive(anon):    18372 kB
Active(file):     237900 kB
Inactive(file):  1443540 kB
Unevictable:        5628 kB
Mlocked:            5628 kB
SwapTotal:       3670008 kB
SwapFree:        3670008 kB
Dirty:               192 kB
Writeback:             0 kB
AnonPages:       1111220 kB
Mapped:           814264 kB
Shmem:             20404 kB
KReclaimable:     625364 kB
Slab:             225740 kB
SReclaimable:      69016 kB
SUnreclaim:       156724 kB
KernelStack:       46128 kB
PageTables:        60452 kB
NFS_Unstable:          0 kB
Bounce:                0 kB
WritebackTmp:          0 kB
CommitLimit:     6660208 kB
Committed_AS:   71121464 kB
VmallocTotal:   263061440 kB
VmallocUsed:       86460 kB
VmallocChunk:          0 kB
Percpu:             7552 kB
CmaTotal:         315392 kB
CmaFree:               0 kB
MemTotal:        5980404 kB
MemFree:         1013560 kB
MemAvailable:    2757944 kB
Buffers:            5476 kB
Cached:          1700972 kB
SwapCached:            0 kB
Active:          1351448 kB
Inactive:        1461924 kB
Active(anon):    1113544 kB
Inactive(anon):    18376 kB
Active(file):     237904 kB
Inactive(file):  1443548 kB
Unevictable:        5628 kB
Mlocked:            5628 kB
SwapTotal:       3670008 kB
SwapFree:        3670008 kB
Dirty:               196 kB
Writeback:             0 kB
AnonPages:       1112316 kB
Mapped:           814352 kB
Shmem:             20408 kB
KReclaimable:     625364 kB
Slab:             225772 kB
SReclaimable:      69016 kB
SUnreclaim:       156756 kB
KernelStack:       46096 kB
PageTables:        60424 kB
NFS_Unstable:          0 kB
Bounce:                0 kB
WritebackTmp:          0 kB
CommitLimit:     6660208 kB
Committed_AS:   71118444 kB
VmallocTotal:   263061440 kB
VmallocUsed:       86476 kB
VmallocChunk:          0 kB
Percpu:             7552 kB
CmaTotal:         315392 kB
CmaFree:               0 kB
MemTotal:        5980404 kB
MemFree:         1014396 kB
MemAvailable:    2758768 kB
Buffers:            5476 kB
Cached:          1700964 kB
SwapCached:            0 kB
Active:          1351416 kB
Inactive:        1461920 kB
Active(anon):    1113516 kB
Inactive(anon):    18380 kB
Active(file):     237900 kB
Inactive(file):  1443540 kB
Unevictable:        5628 kB
Mlocked:            5628 kB
SwapTotal:       3670008 kB
SwapFree:        3670008 kB
Dirty:               192 kB
Writeback:             0 kB
AnonPages:       1112292 kB
Mapped:           814324 kB
Shmem:             20412 kB
KReclaimable:     625364 kB
Slab:             225764 kB
SReclaimable:      69016 kB
SUnreclaim:       156748 kB
KernelStack:       46064 kB
PageTables:        60604 kB
NFS_Unstable:          0 kB
Bounce:                0 kB
WritebackTmp:          0 kB
CommitLimit:     6660208 kB
Committed_AS:   71115480 kB
VmallocTotal:   263061440 kB
VmallocUsed:       86492 kB
VmallocChunk:          0 kB
Percpu:             7552 kB
CmaTotal:         315392 kB
CmaFree:               0 kB
MemTotal:        5980404 kB
MemFree:         1012328 kB
MemAvailable:    2756700 kB
Buffers:            5476 kB
Cached:          1700972 kB
SwapCached:            0 kB
Active:          1351976 kB
Inactive:        1461928 kB
Active(anon):    1114076 kB
Inactive(anon):    18388 kB
Active(file):     237900 kB
Inactive(file):  1443540 kB
Unevictable:        5628 kB
Mlocked:            5628 kB
SwapTotal:       3670008 kB
SwapFree:        3670008 kB
Dirty:               192 kB
Writeback:             0 kB
AnonPages:       1112868 kB
Mapped:           814236 kB
Shmem:             20420 kB
KReclaimable:     625364 kB
Slab:             225692 kB
SReclaimable:      69016 kB
SUnreclaim:       156676 kB
KernelStack:       46112 kB
PageTables:        60568 kB
NFS_Unstable:          0 kB
Bounce:                0 kB
WritebackTmp:          0 kB
CommitLimit:     6660208 kB
Committed_AS:   71119168 kB
VmallocTotal:   263061440 kB
VmallocUsed:       86508 kB
VmallocChunk:          0 kB
Percpu:             7552 kB
CmaTotal:         315392 kB
CmaFree:               0 kB
MemTotal:        5980404 kB
MemFree:         1011788 kB
MemAvailable:    2756152 kB
Buffers:            5476 kB
Cached:          1700964 kB
SwapCached:            0 kB
Active:          1352332 kB
Inactive:        1461924 kB
Active(anon):    1114436 kB
Inactive(anon):    18388 kB
Active(file):     237896 kB
Inactive(file):  1443536 kB
Unevictable:        5628 kB
Mlocked:            5628 kB
SwapTotal:       3670008 kB
SwapFree:        3670008 kB
Dirty:               184 kB
Writeback:             0 kB
AnonPages:       1113448 kB
Mapped:           813404 kB
Shmem:             20420 kB
KReclaimable:     625364 kB
Slab:             225692 kB
SReclaimable:      69016 kB
SUnreclaim:       156676 kB
KernelStack:       46096 kB
PageTables:        60452 kB
NFS_Unstable:          0 kB
Bounce:                0 kB
WritebackTmp:          0 kB
CommitLimit:     6660208 kB
Committed_AS:   71115228 kB
VmallocTotal:   263061440 kB
VmallocUsed:       86460 kB
VmallocChunk:          0 kB
Percpu:             7552 kB
CmaTotal:         315392 kB
CmaFree:               0 kB
MemTotal:        5980404 kB
MemFree:         1012548 kB
MemAvailable:    2756932 kB
Buffers:            5476 kB
Cached:          1700988 kB
SwapCached:            0 kB
Active:          1352544 kB
Inactive:        1461944 kB
Active(anon):    1114644 kB
Inactive(anon):    18392 kB
Active(file):     237900 kB
Inactive(file):  1443552 kB
Unevictable:        5628 kB
Mlocked:            5628 kB
SwapTotal:       3670008 kB
SwapFree:        3670008 kB
Dirty:               232 kB
Writeback:             0 kB
AnonPages:       1113720 kB
Mapped:           813808 kB
Shmem:             20424 kB
KReclaimable:     625364 kB
Slab:             225728 kB
SReclaimable:      69016 kB
SUnreclaim:       156712 kB
KernelStack:       46080 kB
PageTables:        60416 kB
NFS_Unstable:          0 kB
Bounce:                0 kB
WritebackTmp:          0 kB
CommitLimit:     6660208 kB
Committed_AS:   71117428 kB
VmallocTotal:   263061440 kB
VmallocUsed:       86476 kB
VmallocChunk:          0 kB
Percpu:             7552 kB
CmaTotal:         315392 kB
CmaFree:               0 kB
MemTotal:        5980404 kB
MemFree:         1011600 kB
MemAvailable:    2755984 kB
Buffers:            5476 kB
Cached:          1700988 kB
SwapCached:            0 kB
Active:          1353396 kB
Inactive:        1461944 kB
Active(anon):    1115496 kB
Inactive(anon):    18392 kB
Active(file):     237900 kB
Inactive(file):  1443552 kB
Unevictable:        5628 kB
Mlocked:            5628 kB
SwapTotal:       3670008 kB
SwapFree:        3670008 kB
Dirty:               236 kB
Writeback:             0 kB
AnonPages:       1114404 kB
Mapped:           813640 kB
Shmem:             20424 kB
KReclaimable:     625364 kB
Slab:             225688 kB
SReclaimable:      69016 kB
SUnreclaim:       156672 kB
KernelStack:       46080 kB
PageTables:        60376 kB
NFS_Unstable:          0 kB
Bounce:                0 kB
WritebackTmp:          0 kB
CommitLimit:     6660208 kB
Committed_AS:   71119816 kB
VmallocTotal:   263061440 kB
VmallocUsed:       86444 kB
VmallocChunk:          0 kB
Percpu:             7552 kB
CmaTotal:         315392 kB
CmaFree:               0 kB
MemTotal:        5980404 kB
MemFree:         1011200 kB
MemAvailable:    2755584 kB
Buffers:            5476 kB
Cached:          1700988 kB
SwapCached:            0 kB
Active:          1353760 kB
Inactive:        1461944 kB
Active(anon):    1115860 kB
Inactive(anon):    18392 kB
Active(file):     237900 kB
Inactive(file):  1443552 kB
Unevictable:        5628 kB
Mlocked:            5628 kB
SwapTotal:       3670008 kB
SwapFree:        3670008 kB
Dirty:               236 kB
Writeback:             0 kB
AnonPages:       1114708 kB
Mapped:           813820 kB
Shmem:             20424 kB
KReclaimable:     625364 kB
Slab:             225760 kB
SReclaimable:      69016 kB
SUnreclaim:       156744 kB
KernelStack:       46128 kB
PageTables:        60696 kB
NFS_Unstable:          0 kB
Bounce:                0 kB
WritebackTmp:          0 kB
CommitLimit:     6660208 kB
Committed_AS:   71118968 kB
VmallocTotal:   263061440 kB
VmallocUsed:       86460 kB
VmallocChunk:          0 kB
Percpu:             7552 kB
CmaTotal:         315392 kB
CmaFree:               0 kB
MemTotal:        5980404 kB
MemFree:         1009852 kB
MemAvailable:    2754236 kB
Buffers:            5476 kB
Cached:          1701004 kB
SwapCached:            0 kB
Active:          1354392 kB
Inactive:        1461960 kB
Active(anon):    1116492 kB
Inactive(anon):    18408 kB
Active(file):     237900 kB
Inactive(file):  1443552 kB
Unevictable:        5628 kB
Mlocked:            5628 kB
SwapTotal:       3670008 kB
SwapFree:        3670008 kB
Dirty:               296 kB
Writeback:             0 kB
AnonPages:       1115668 kB
Mapped:           813824 kB
Shmem:             20440 kB
KReclaimable:     625364 kB
Slab:             225688 kB
SReclaimable:      69016 kB
SUnreclaim:       156672 kB
KernelStack:       46112 kB
PageTables:        60480 kB
NFS_Unstable:          0 kB
Bounce:                0 kB
WritebackTmp:          0 kB
CommitLimit:     6660208 kB
Committed_AS:   71120932 kB
VmallocTotal:   263061440 kB
VmallocUsed:       86412 kB
VmallocChunk:          0 kB
Percpu:             7552 kB
CmaTotal:         315392 kB
CmaFree:               0 kB
MemTotal:        5980404 kB
MemFree:         1009288 kB
MemAvailable:    2753672 kB
Buffers:            5476 kB
Cached:          1701004 kB
SwapCached:            0 kB
Active:          1354872 kB
Inactive:        1461960 kB
Active(anon):    1116972 kB
Inactive(anon):    18408 kB
Active(file):     237900 kB
Inactive(file):  1443552 kB
Unevictable:        5628 kB
Mlocked:            5628 kB
SwapTotal:       3670008 kB
SwapFree:        3670008 kB
Dirty:               200 kB
Writeback:             0 kB
AnonPages:       1116272 kB
Mapped:           813796 kB
Shmem:             20440 kB
KReclaimable:     625364 kB
Slab:             225700 kB
SReclaimable:      69016 kB
SUnreclaim:       156684 kB
KernelStack:       46144 kB
PageTables:        60708 kB
NFS_Unstable:          0 kB
Bounce:                0 kB
WritebackTmp:          0 kB
CommitLimit:     6660208 kB
Committed_AS:   71123676 kB
VmallocTotal:   263061440 kB
VmallocUsed:       86412 kB
VmallocChunk:          0 kB
Percpu:             7552 kB
CmaTotal:         315392 kB
CmaFree:               0 kB
MemTotal:        5980404 kB
MemFree:         1009608 kB
MemAvailable:    2753992 kB
Buffers:            5476 kB
Cached:          1701004 kB
SwapCached:            0 kB
Active:          1355260 kB
Inactive:        1461960 kB
Active(anon):    1117360 kB
Inactive(anon):    18408 kB
Active(file):     237900 kB
Inactive(file):  1443552 kB
Unevictable:        5628 kB
Mlocked:            5628 kB
SwapTotal:       3670008 kB
SwapFree:        3670008 kB
Dirty:               200 kB
Writeback:             0 kB
AnonPages:       1116380 kB
Mapped:           813824 kB
Shmem:             20440 kB
KReclaimable:     625364 kB
Slab:             225652 kB
SReclaimable:      69016 kB
SUnreclaim:       156636 kB
KernelStack:       46080 kB
PageTables:        60420 kB
NFS_Unstable:          0 kB
Bounce:                0 kB
WritebackTmp:          0 kB
CommitLimit:     6660208 kB
Committed_AS:   71122316 kB
VmallocTotal:   263061440 kB
VmallocUsed:       86444 kB
VmallocChunk:          0 kB
Percpu:             7552 kB
CmaTotal:         315392 kB
CmaFree:               0 kB
MemTotal:        5980404 kB
MemFree:         1008492 kB
MemAvailable:    2752896 kB
Buffers:            5484 kB
Cached:          1701016 kB
SwapCached:            0 kB
Active:          1356072 kB
Inactive:        1461976 kB
Active(anon):    1118168 kB
Inactive(anon):    18408 kB
Active(file):     237904 kB
Inactive(file):  1443568 kB
Unevictable:        5628 kB
Mlocked:            5628 kB
SwapTotal:       3670008 kB
SwapFree:        3670008 kB
Dirty:               188 kB
Writeback:             0 kB
AnonPages:       1116908 kB
Mapped:           813716 kB
Shmem:             20440 kB
KReclaimable:     625364 kB
Slab:             225664 kB
SReclaimable:      69016 kB
SUnreclaim:       156648 kB
KernelStack:       46112 kB
PageTables:        60544 kB
NFS_Unstable:          0 kB
Bounce:                0 kB
WritebackTmp:          0 kB
CommitLimit:     6660208 kB
Committed_AS:   71125128 kB
VmallocTotal:   263061440 kB
VmallocUsed:       86444 kB
VmallocChunk:          0 kB
Percpu:             7552 kB
CmaTotal:         315392 kB
CmaFree:               0 kB
MemTotal:        5980404 kB
MemFree:         1008100 kB
MemAvailable:    2752516 kB
Buffers:            5484 kB
Cached:          1701032 kB
SwapCached:            0 kB
Active:          1356528 kB
Inactive:        1461984 kB
Active(anon):    1118616 kB
Inactive(anon):    18412 kB
Active(file):     237912 kB
Inactive(file):  1443572 kB
Unevictable:        5628 kB
Mlocked:            5628 kB
SwapTotal:       3670008 kB
SwapFree:        3670008 kB
Dirty:               212 kB
Writeback:             0 kB
AnonPages:       1117376 kB
Mapped:           813888 kB
Shmem:             20444 kB
KReclaimable:     625364 kB
Slab:             225660 kB
SReclaimable:      69016 kB
SUnreclaim:       156644 kB
KernelStack:       46128 kB
PageTables:        60392 kB
NFS_Unstable:          0 kB
Bounce:                0 kB
WritebackTmp:          0 kB
CommitLimit:     6660208 kB
Committed_AS:   71122500 kB
VmallocTotal:   263061440 kB
VmallocUsed:       86412 kB
VmallocChunk:          0 kB
Percpu:             7552 kB
CmaTotal:         315392 kB
CmaFree:               0 kB
MemTotal:        5980404 kB
MemFree:         1007572 kB
MemAvailable:    2751972 kB
Buffers:            5484 kB
Cached:          1701020 kB
SwapCached:            0 kB
Active:          1356884 kB
Inactive:        1461980 kB
Active(anon):    1118980 kB
Inactive(anon):    18416 kB
Active(file):     237904 kB
Inactive(file):  1443564 kB
Unevictable:        5628 kB
Mlocked:            5628 kB
SwapTotal:       3670008 kB
SwapFree:        3670008 kB
Dirty:               216 kB
Writeback:             0 kB
AnonPages:       1117952 kB
Mapped:           813636 kB
Shmem:             20448 kB
KReclaimable:     625364 kB
Slab:             225708 kB
SReclaimable:      69016 kB
SUnreclaim:       156692 kB
KernelStack:       46080 kB
PageTables:        60384 kB
NFS_Unstable:          0 kB
Bounce:                0 kB
WritebackTmp:          0 kB
CommitLimit:     6660208 kB
Committed_AS:   71121008 kB
VmallocTotal:   263061440 kB
VmallocUsed:       86396 kB
VmallocChunk:          0 kB
Percpu:             7552 kB
CmaTotal:         315392 kB
CmaFree:               0 kB
MemTotal:        5980404 kB
MemFree:         1007432 kB
MemAvailable:    2751840 kB
Buffers:            5484 kB
Cached:          1701028 kB
SwapCached:            0 kB
Active:          1356940 kB
Inactive:        1461984 kB
Active(anon):    1119032 kB
Inactive(anon):    18416 kB
Active(file):     237908 kB
Inactive(file):  1443568 kB
Unevictable:        5628 kB
Mlocked:            5628 kB
SwapTotal:       3670008 kB
SwapFree:        3670008 kB
Dirty:               224 kB
Writeback:             0 kB
AnonPages:       1117984 kB
Mapped:           813644 kB
Shmem:             20448 kB
KReclaimable:     625364 kB
Slab:             225652 kB
SReclaimable:      69016 kB
SUnreclaim:       156636 kB
KernelStack:       46080 kB
PageTables:        60472 kB
NFS_Unstable:          0 kB
Bounce:                0 kB
WritebackTmp:          0 kB
CommitLimit:     6660208 kB
Committed_AS:   71123752 kB
VmallocTotal:   263061440 kB
VmallocUsed:       86412 kB
VmallocChunk:          0 kB
Percpu:             7552 kB
CmaTotal:         315392 kB
CmaFree:               0 kB
MemTotal:        5980404 kB
MemFree:         1006544 kB
MemAvailable:    2750952 kB
Buffers:            5484 kB
Cached:          1701028 kB
SwapCached:            0 kB
Active:          1357152 kB
Inactive:        1461984 kB
Active(anon):    1119244 kB
Inactive(anon):    18416 kB
Active(file):     237908 kB
Inactive(file):  1443568 kB
Unevictable:        5628 kB
Mlocked:            5628 kB
SwapTotal:       3670008 kB
SwapFree:        3670008 kB
Dirty:               224 kB
Writeback:             0 kB
AnonPages:       1118356 kB
Mapped:           813832 kB
Shmem:             20448 kB
KReclaimable:     625364 kB
Slab:             225700 kB
SReclaimable:      69016 kB
SUnreclaim:       156684 kB
KernelStack:       46080 kB
PageTables:        60636 kB
NFS_Unstable:          0 kB
Bounce:                0 kB
WritebackTmp:          0 kB
CommitLimit:     6660208 kB
Committed_AS:   71125200 kB
VmallocTotal:   263061440 kB
VmallocUsed:       86412 kB
VmallocChunk:          0 kB
Percpu:             7552 kB
CmaTotal:         315392 kB
CmaFree:               0 kB
MemTotal:        5980404 kB
MemFree:         1007876 kB
MemAvailable:    2752288 kB
Buffers:            5484 kB
Cached:          1701028 kB
SwapCached:            0 kB
Active:          1356716 kB
Inactive:        1461984 kB
Active(anon):    1118808 kB
Inactive(anon):    18416 kB
Active(file):     237908 kB
Inactive(file):  1443568 kB
Unevictable:        5628 kB
Mlocked:            5628 kB
SwapTotal:       3670008 kB
SwapFree:        3670008 kB
Dirty:               236 kB
Writeback:             0 kB
AnonPages:       1117404 kB
Mapped:           813904 kB
Shmem:             20448 kB
KReclaimable:     625368 kB
Slab:             225736 kB
SReclaimable:      69020 kB
SUnreclaim:       156716 kB
KernelStack:       46112 kB
PageTables:        60496 kB
NFS_Unstable:          0 kB
Bounce:                0 kB
WritebackTmp:          0 kB
CommitLimit:     6660208 kB
Committed_AS:   71125708 kB
VmallocTotal:   263061440 kB
VmallocUsed:       86428 kB
VmallocChunk:          0 kB
Percpu:             7552 kB
CmaTotal:         315392 kB
CmaFree:              64 kB
MemTotal:        5980404 kB
MemFree:         1007596 kB
MemAvailable:    2752008 kB
Buffers:            5484 kB
Cached:          1701028 kB
SwapCached:            0 kB
Active:          1356828 kB
Inactive:        1461984 kB
Active(anon):    1118920 kB
Inactive(anon):    18416 kB
Active(file):     237908 kB
Inactive(file):  1443568 kB
Unevictable:        5628 kB
Mlocked:            5628 kB
SwapTotal:       3670008 kB
SwapFree:        3670008 kB
Dirty:               236 kB
Writeback:             0 kB
AnonPages:       1118100 kB
Mapped:           813696 kB
Shmem:             20448 kB
KReclaimable:     625368 kB
Slab:             225784 kB
SReclaimable:      69020 kB
SUnreclaim:       156764 kB
KernelStack:       46096 kB
PageTables:        60380 kB
NFS_Unstable:          0 kB
Bounce:                0 kB
WritebackTmp:          0 kB
CommitLimit:     6660208 kB
Committed_AS:   71124484 kB
VmallocTotal:   263061440 kB
VmallocUsed:       86444 kB
VmallocChunk:          0 kB
Percpu:             7552 kB
CmaTotal:         315392 kB
CmaFree:               0 kB
MemTotal:        5980404 kB
MemFree:         1007892 kB
MemAvailable:    2752304 kB
Buffers:            5484 kB
Cached:          1701028 kB
SwapCached:            0 kB
Active:          1356756 kB
Inactive:        1461984 kB
Active(anon):    1118848 kB
Inactive(anon):    18416 kB
Active(file):     237908 kB
Inactive(file):  1443568 kB
Unevictable:        5628 kB
Mlocked:            5628 kB
SwapTotal:       3670008 kB
SwapFree:        3670008 kB
Dirty:               236 kB
Writeback:             0 kB
AnonPages:       1117848 kB
Mapped:           813776 kB
Shmem:             20448 kB
KReclaimable:     625368 kB
Slab:             225648 kB
SReclaimable:      69020 kB
SUnreclaim:       156628 kB
KernelStack:       46064 kB
PageTables:        60332 kB
NFS_Unstable:          0 kB
Bounce:                0 kB
WritebackTmp:          0 kB
CommitLimit:     6660208 kB
Committed_AS:   71123840 kB
VmallocTotal:   263061440 kB
VmallocUsed:       86476 kB
VmallocChunk:          0 kB
Percpu:             7552 kB
CmaTotal:         315392 kB
CmaFree:               0 kB
MemTotal:        5980404 kB
MemFree:         1008140 kB
MemAvailable:    2752552 kB
Buffers:            5484 kB
Cached:          1701032 kB
SwapCached:            0 kB
Active:          1356984 kB
Inactive:        1461988 kB
Active(anon):    1119076 kB
Inactive(anon):    18420 kB
Active(file):     237908 kB
Inactive(file):  1443568 kB
Unevictable:        5628 kB
Mlocked:            5628 kB
SwapTotal:       3670008 kB
SwapFree:        3670008 kB
Dirty:               276 kB
Writeback:             0 kB
AnonPages:       1117968 kB
Mapped:           813724 kB
Shmem:             20452 kB
KReclaimable:     625368 kB
Slab:             225720 kB
SReclaimable:      69020 kB
SUnreclaim:       156700 kB
KernelStack:       46096 kB
PageTables:        60428 kB
NFS_Unstable:          0 kB
Bounce:                0 kB
WritebackTmp:          0 kB
CommitLimit:     6660208 kB
Committed_AS:   71121156 kB
VmallocTotal:   263061440 kB
VmallocUsed:       86428 kB
VmallocChunk:          0 kB
Percpu:             7552 kB
CmaTotal:         315392 kB
CmaFree:               0 kB
MemTotal:        5980404 kB
MemFree:         1007568 kB
MemAvailable:    2751988 kB
Buffers:            5484 kB
Cached:          1701040 kB
SwapCached:            0 kB
Active:          1357476 kB
Inactive:        1461996 kB
Active(anon):    1119568 kB
Inactive(anon):    18420 kB
Active(file):     237908 kB
Inactive(file):  1443576 kB
Unevictable:        5628 kB
Mlocked:            5628 kB
SwapTotal:       3670008 kB
SwapFree:        3670008 kB
Dirty:               296 kB
Writeback:             0 kB
AnonPages:       1117872 kB
Mapped:           813672 kB
Shmem:             20452 kB
KReclaimable:     625368 kB
Slab:             225680 kB
SReclaimable:      69020 kB
SUnreclaim:       156660 kB
KernelStack:       46080 kB
PageTables:        60452 kB
NFS_Unstable:          0 kB
Bounce:                0 kB
WritebackTmp:          0 kB
CommitLimit:     6660208 kB
Committed_AS:   71123200 kB
VmallocTotal:   263061440 kB
VmallocUsed:       86444 kB
VmallocChunk:          0 kB
Percpu:             7552 kB
CmaTotal:         315392 kB
CmaFree:               0 kB
MemTotal:        5980404 kB
MemFree:         1006200 kB
MemAvailable:    2750620 kB
Buffers:            5484 kB
Cached:          1701044 kB
SwapCached:            0 kB
Active:          1358016 kB
Inactive:        1462000 kB
Active(anon):    1120108 kB
Inactive(anon):    18424 kB
Active(file):     237908 kB
Inactive(file):  1443576 kB
Unevictable:        5628 kB
Mlocked:            5628 kB
SwapTotal:       3670008 kB
SwapFree:        3670008 kB
Dirty:               300 kB
Writeback:             0 kB
AnonPages:       1119184 kB
Mapped:           813840 kB
Shmem:             20456 kB
KReclaimable:     625368 kB
Slab:             225708 kB
SReclaimable:      69020 kB
SUnreclaim:       156688 kB
KernelStack:       46080 kB
PageTables:        60636 kB
NFS_Unstable:          0 kB
Bounce:                0 kB
WritebackTmp:          0 kB
CommitLimit:     6660208 kB
Committed_AS:   71121768 kB
VmallocTotal:   263061440 kB
VmallocUsed:       86428 kB
VmallocChunk:          0 kB
Percpu:             7552 kB
CmaTotal:         315392 kB
CmaFree:               0 kB
MemTotal:        5980404 kB
MemFree:         1005972 kB
MemAvailable:    2750392 kB
Buffers:            5484 kB
Cached:          1701044 kB
SwapCached:            0 kB
Active:          1358876 kB
Inactive:        1462000 kB
Active(anon):    1120968 kB
Inactive(anon):    18424 kB
Active(file):     237908 kB
Inactive(file):  1443576 kB
Unevictable:        5628 kB
Mlocked:            5628 kB
SwapTotal:       3670008 kB
SwapFree:        3670008 kB
Dirty:               300 kB
Writeback:             0 kB
AnonPages:       1119488 kB
Mapped:           813880 kB
Shmem:             20456 kB
KReclaimable:     625368 kB
Slab:             225692 kB
SReclaimable:      69020 kB
SUnreclaim:       156672 kB
KernelStack:       46080 kB
PageTables:        60320 kB
NFS_Unstable:          0 kB
Bounce:                0 kB
WritebackTmp:          0 kB
CommitLimit:     6660208 kB
Committed_AS:   71121804 kB
VmallocTotal:   263061440 kB
VmallocUsed:       86428 kB
VmallocChunk:          0 kB
Percpu:             7552 kB
CmaTotal:         315392 kB
CmaFree:               0 kB
MemTotal:        5980404 kB
MemFree:         1004996 kB
MemAvailable:    2749416 kB
Buffers:            5484 kB
Cached:          1701044 kB
SwapCached:            0 kB
Active:          1358652 kB
Inactive:        1462000 kB
Active(anon):    1120744 kB
Inactive(anon):    18424 kB
Active(file):     237908 kB
Inactive(file):  1443576 kB
Unevictable:        5628 kB
Mlocked:            5628 kB
SwapTotal:       3670008 kB
SwapFree:        3670008 kB
Dirty:               304 kB
Writeback:             0 kB
AnonPages:       1119796 kB
Mapped:           813840 kB
Shmem:             20456 kB
KReclaimable:     625368 kB
Slab:             225676 kB
SReclaimable:      69020 kB
SUnreclaim:       156656 kB
KernelStack:       46128 kB
PageTables:        60552 kB
NFS_Unstable:          0 kB
Bounce:                0 kB
WritebackTmp:          0 kB
CommitLimit:     6660208 kB
Committed_AS:   71120368 kB
VmallocTotal:   263061440 kB
VmallocUsed:       86444 kB
VmallocChunk:          0 kB
Percpu:             7552 kB
CmaTotal:         315392 kB
CmaFree:               0 kB
MemTotal:        5980404 kB
MemFree:         1005476 kB
MemAvailable:    2749896 kB
Buffers:            5484 kB
Cached:          1701044 kB
SwapCached:            0 kB
Active:          1359468 kB
Inactive:        1462000 kB
Active(anon):    1121560 kB
Inactive(anon):    18424 kB
Active(file):     237908 kB
Inactive(file):  1443576 kB
Unevictable:        5628 kB
Mlocked:            5628 kB
SwapTotal:       3670008 kB
SwapFree:        3670008 kB
Dirty:               312 kB
Writeback:             0 kB
AnonPages:       1120204 kB
Mapped:           813612 kB
Shmem:             20456 kB
KReclaimable:     625368 kB
Slab:             225676 kB
SReclaimable:      69020 kB
SUnreclaim:       156656 kB
KernelStack:       46096 kB
PageTables:        60424 kB
NFS_Unstable:          0 kB
Bounce:                0 kB
WritebackTmp:          0 kB
CommitLimit:     6660208 kB
Committed_AS:   71122896 kB
VmallocTotal:   263061440 kB
VmallocUsed:       86428 kB
VmallocChunk:          0 kB
Percpu:             7552 kB
CmaTotal:         315392 kB
CmaFree:               0 kB
MemTotal:        5980404 kB
MemFree:         1003800 kB
MemAvailable:    2748232 kB
Buffers:            5484 kB
Cached:          1701060 kB
SwapCached:            0 kB
Active:          1359728 kB
Inactive:        1462012 kB
Active(anon):    1121816 kB
Inactive(anon):    18428 kB
Active(file):     237912 kB
Inactive(file):  1443584 kB
Unevictable:        5628 kB
Mlocked:            5628 kB
SwapTotal:       3670008 kB
SwapFree:        3670008 kB
Dirty:               400 kB
Writeback:             0 kB
AnonPages:       1120472 kB
Mapped:           813988 kB
Shmem:             20460 kB
KReclaimable:     625368 kB
Slab:             225716 kB
SReclaimable:      69020 kB
SUnreclaim:       156696 kB
KernelStack:       46084 kB
PageTables:        60240 kB
NFS_Unstable:          0 kB
Bounce:                0 kB
WritebackTmp:          0 kB
CommitLimit:     6660208 kB
Committed_AS:   71119404 kB
VmallocTotal:   263061440 kB
VmallocUsed:       86412 kB
VmallocChunk:          0 kB
Percpu:             7552 kB
CmaTotal:         315392 kB
CmaFree:               0 kB
MemTotal:        5980404 kB
MemFree:         1004656 kB
MemAvailable:    2749088 kB
Buffers:            5488 kB
Cached:          1701056 kB
SwapCached:            0 kB
Active:          1359824 kB
Inactive:        1462012 kB
Active(anon):    1121912 kB
Inactive(anon):    18428 kB
Active(file):     237912 kB
Inactive(file):  1443584 kB
Unevictable:        5628 kB
Mlocked:            5628 kB
SwapTotal:       3670008 kB
SwapFree:        3670008 kB
Dirty:               420 kB
Writeback:             0 kB
AnonPages:       1120716 kB
Mapped:           813568 kB
Shmem:             20460 kB
KReclaimable:     625368 kB
Slab:             225684 kB
SReclaimable:      69020 kB
SUnreclaim:       156664 kB
KernelStack:       46064 kB
PageTables:        60564 kB
NFS_Unstable:          0 kB
Bounce:                0 kB
WritebackTmp:          0 kB
CommitLimit:     6660208 kB
Committed_AS:   71121188 kB
VmallocTotal:   263061440 kB
VmallocUsed:       86428 kB
VmallocChunk:          0 kB
Percpu:             7552 kB
CmaTotal:         315392 kB
CmaFree:               0 kB
MemTotal:        5980404 kB
MemFree:         1005088 kB
MemAvailable:    2749524 kB
Buffers:            5488 kB
Cached:          1701060 kB
SwapCached:            0 kB
Active:          1359820 kB
Inactive:        1462016 kB
Active(anon):    1121908 kB
Inactive(anon):    18428 kB
Active(file):     237912 kB
Inactive(file):  1443588 kB
Unevictable:        5628 kB
Mlocked:            5628 kB
SwapTotal:       3670008 kB
SwapFree:        3670008 kB
Dirty:               424 kB
Writeback:             0 kB
AnonPages:       1121556 kB
Mapped:           814064 kB
Shmem:             20460 kB
KReclaimable:     625368 kB
Slab:             225680 kB
SReclaimable:      69020 kB
SUnreclaim:       156660 kB
KernelStack:       46160 kB
PageTables:        60524 kB
NFS_Unstable:          0 kB
Bounce:                0 kB
WritebackTmp:          0 kB
CommitLimit:     6660208 kB
Committed_AS:   71123280 kB
VmallocTotal:   263061440 kB
VmallocUsed:       86428 kB
VmallocChunk:          0 kB
Percpu:             7552 kB
CmaTotal:         315392 kB
CmaFree:              64 kB
MemTotal:        5980404 kB
MemFree:         1003684 kB
MemAvailable:    2748120 kB
Buffers:            5488 kB
Cached:          1701060 kB
SwapCached:            0 kB
Active:          1360400 kB
Inactive:        1462016 kB
Active(anon):    1122488 kB
Inactive(anon):    18428 kB
Active(file):     237912 kB
Inactive(file):  1443588 kB
Unevictable:        5628 kB
Mlocked:            5628 kB
SwapTotal:       3670008 kB
SwapFree:        3670008 kB
Dirty:               440 kB
Writeback:             0 kB
AnonPages:       1121096 kB
Mapped:           813872 kB
Shmem:             20460 kB
KReclaimable:     625368 kB
Slab:             225688 kB
SReclaimable:      69020 kB
SUnreclaim:       156668 kB
KernelStack:       46096 kB
PageTables:        60516 kB
NFS_Unstable:          0 kB
Bounce:                0 kB
WritebackTmp:          0 kB
CommitLimit:     6660208 kB
Committed_AS:   71119900 kB
VmallocTotal:   263061440 kB
VmallocUsed:       86460 kB
VmallocChunk:          0 kB
Percpu:             7552 kB
CmaTotal:         315392 kB
CmaFree:               0 kB
MemTotal:        5980404 kB
MemFree:         1004204 kB
MemAvailable:    2748640 kB
Buffers:            5488 kB
Cached:          1701060 kB
SwapCached:            0 kB
Active:          1360540 kB
Inactive:        1462016 kB
Active(anon):    1122628 kB
Inactive(anon):    18428 kB
Active(file):     237912 kB
Inactive(file):  1443588 kB
Unevictable:        5628 kB
Mlocked:            5628 kB
SwapTotal:       3670008 kB
SwapFree:        3670008 kB
Dirty:               188 kB
Writeback:             0 kB
AnonPages:       1121352 kB
Mapped:           813944 kB
Shmem:             20460 kB
KReclaimable:     625368 kB
Slab:             225672 kB
SReclaimable:      69020 kB
SUnreclaim:       156652 kB
KernelStack:       46080 kB
PageTables:        60460 kB
NFS_Unstable:          0 kB
Bounce:                0 kB
WritebackTmp:          0 kB
CommitLimit:     6660208 kB
Committed_AS:   71120456 kB
VmallocTotal:   263061440 kB
VmallocUsed:       86428 kB
VmallocChunk:          0 kB
Percpu:             7552 kB
CmaTotal:         315392 kB
CmaFree:               0 kB
MemTotal:        5980404 kB
MemFree:         1004020 kB
MemAvailable:    2748456 kB
Buffers:            5488 kB
Cached:          1701060 kB
SwapCached:            0 kB
Active:          1361048 kB
Inactive:        1462016 kB
Active(anon):    1123136 kB
Inactive(anon):    18428 kB
Active(file):     237912 kB
Inactive(file):  1443588 kB
Unevictable:        5628 kB
Mlocked:            5628 kB
SwapTotal:       3670008 kB
SwapFree:        3670008 kB
Dirty:               192 kB
Writeback:             0 kB
AnonPages:       1122328 kB
Mapped:           813844 kB
Shmem:             20460 kB
KReclaimable:     625368 kB
Slab:             225712 kB
SReclaimable:      69020 kB
SUnreclaim:       156692 kB
KernelStack:       46096 kB
PageTables:        60420 kB
NFS_Unstable:          0 kB
Bounce:                0 kB
WritebackTmp:          0 kB
CommitLimit:     6660208 kB
Committed_AS:   71122284 kB
VmallocTotal:   263061440 kB
VmallocUsed:       86428 kB
VmallocChunk:          0 kB
Percpu:             7552 kB
CmaTotal:         315392 kB
CmaFree:               0 kB
MemTotal:        5980404 kB
MemFree:         1002740 kB
MemAvailable:    2747176 kB
Buffers:            5488 kB
Cached:          1701060 kB
SwapCached:            0 kB
Active:          1362024 kB
Inactive:        1462016 kB
Active(anon):    1124112 kB
Inactive(anon):    18428 kB
Active(file):     237912 kB
Inactive(file):  1443588 kB
Unevictable:        5628 kB
Mlocked:            5628 kB
SwapTotal:       3670008 kB
SwapFree:        3670008 kB
Dirty:               192 kB
Writeback:             0 kB
AnonPages:       1122984 kB
Mapped:           813612 kB
Shmem:             20460 kB
KReclaimable:     625368 kB
Slab:             225712 kB
SReclaimable:      69020 kB
SUnreclaim:       156692 kB
KernelStack:       46096 kB
PageTables:        60624 kB
NFS_Unstable:          0 kB
Bounce:                0 kB
WritebackTmp:          0 kB
CommitLimit:     6660208 kB
Committed_AS:   71119524 kB
VmallocTotal:   263061440 kB
VmallocUsed:       86412 kB
VmallocChunk:          0 kB
Percpu:             7552 kB
CmaTotal:         315392 kB
CmaFree:               0 kB
MemTotal:        5980404 kB
MemFree:         1002676 kB
MemAvailable:    2747112 kB
Buffers:            5488 kB
Cached:          1701060 kB
SwapCached:            0 kB
Active:          1362000 kB
Inactive:        1462016 kB
Active(anon):    1124088 kB
Inactive(anon):    18428 kB
Active(file):     237912 kB
Inactive(file):  1443588 kB
Unevictable:        5628 kB
Mlocked:            5628 kB
SwapTotal:       3670008 kB
SwapFree:        3670008 kB
Dirty:               192 kB
Writeback:             0 kB
AnonPages:       1123132 kB
Mapped:           813848 kB
Shmem:             20460 kB
KReclaimable:     625368 kB
Slab:             225692 kB
SReclaimable:      69020 kB
SUnreclaim:       156672 kB
KernelStack:       46080 kB
PageTables:        60428 kB
NFS_Unstable:          0 kB
Bounce:                0 kB
WritebackTmp:          0 kB
CommitLimit:     6660208 kB
Committed_AS:   71116844 kB
VmallocTotal:   263061440 kB
VmallocUsed:       86412 kB
VmallocChunk:          0 kB
Percpu:             7552 kB
CmaTotal:         315392 kB
CmaFree:               0 kB
MemTotal:        5980404 kB
MemFree:         1001440 kB
MemAvailable:    2745876 kB
Buffers:            5488 kB
Cached:          1701060 kB
SwapCached:            0 kB
Active:          1362604 kB
Inactive:        1462016 kB
Active(anon):    1124692 kB
Inactive(anon):    18428 kB
Active(file):     237912 kB
Inactive(file):  1443588 kB
Unevictable:        5628 kB
Mlocked:            5628 kB
SwapTotal:       3670008 kB
SwapFree:        3670008 kB
Dirty:               192 kB
Writeback:             0 kB
AnonPages:       1123640 kB
Mapped:           813728 kB
Shmem:             20460 kB
KReclaimable:     625368 kB
Slab:             225740 kB
SReclaimable:      69020 kB
SUnreclaim:       156720 kB
KernelStack:       46108 kB
PageTables:        60568 kB
NFS_Unstable:          0 kB
Bounce:                0 kB
WritebackTmp:          0 kB
CommitLimit:     6660208 kB
Committed_AS:   71118396 kB
VmallocTotal:   263061440 kB
VmallocUsed:       86428 kB
VmallocChunk:          0 kB
Percpu:             7552 kB
CmaTotal:         315392 kB
CmaFree:               0 kB
MemTotal:        5980404 kB
MemFree:         1001116 kB
MemAvailable:    2745552 kB
Buffers:            5488 kB
Cached:          1701060 kB
SwapCached:            0 kB
Active:          1363364 kB
Inactive:        1462012 kB
Active(anon):    1125448 kB
Inactive(anon):    18428 kB
Active(file):     237916 kB
Inactive(file):  1443584 kB
Unevictable:        5628 kB
Mlocked:            5628 kB
SwapTotal:       3670008 kB
SwapFree:        3670008 kB
Dirty:               244 kB
Writeback:             0 kB
AnonPages:       1124428 kB
Mapped:           813848 kB
Shmem:             20460 kB
KReclaimable:     625368 kB
Slab:             225764 kB
SReclaimable:      69020 kB
SUnreclaim:       156744 kB
KernelStack:       46096 kB
PageTables:        60556 kB
NFS_Unstable:          0 kB
Bounce:                0 kB
WritebackTmp:          0 kB
CommitLimit:     6660208 kB
Committed_AS:   71118364 kB
VmallocTotal:   263061440 kB
VmallocUsed:       86428 kB
VmallocChunk:          0 kB
Percpu:             7552 kB
CmaTotal:         315392 kB
CmaFree:               0 kB
MemTotal:        5980404 kB
MemFree:         1000668 kB
MemAvailable:    2745104 kB
Buffers:            5488 kB
Cached:          1701060 kB
SwapCached:            0 kB
Active:          1363380 kB
Inactive:        1462012 kB
Active(anon):    1125464 kB
Inactive(anon):    18428 kB
Active(file):     237916 kB
Inactive(file):  1443584 kB
Unevictable:        5628 kB
Mlocked:            5628 kB
SwapTotal:       3670008 kB
SwapFree:        3670008 kB
Dirty:               488 kB
Writeback:             0 kB
AnonPages:       1124300 kB
Mapped:           814032 kB
Shmem:             20460 kB
KReclaimable:     625368 kB
Slab:             225692 kB
SReclaimable:      69020 kB
SUnreclaim:       156672 kB
KernelStack:       46020 kB
PageTables:        60564 kB
NFS_Unstable:          0 kB
Bounce:                0 kB
WritebackTmp:          0 kB
CommitLimit:     6660208 kB
Committed_AS:   71119880 kB
VmallocTotal:   263061440 kB
VmallocUsed:       86412 kB
VmallocChunk:          0 kB
Percpu:             7552 kB
CmaTotal:         315392 kB
CmaFree:               0 kB
MemTotal:        5980404 kB
MemFree:         1009672 kB
MemAvailable:    2754116 kB
Buffers:            5488 kB
Cached:          1701068 kB
SwapCached:            0 kB
Active:          1355100 kB
Inactive:        1462020 kB
Active(anon):    1117184 kB
Inactive(anon):    18428 kB
Active(file):     237916 kB
Inactive(file):  1443592 kB
Unevictable:        5628 kB
Mlocked:            5628 kB
SwapTotal:       3670008 kB
SwapFree:        3670008 kB
Dirty:               520 kB
Writeback:             0 kB
AnonPages:       1116396 kB
Mapped:           813656 kB
Shmem:             20460 kB
KReclaimable:     625368 kB
Slab:             225704 kB
SReclaimable:      69020 kB
SUnreclaim:       156684 kB
KernelStack:       46016 kB
PageTables:        60444 kB
NFS_Unstable:          0 kB
Bounce:                0 kB
WritebackTmp:          0 kB
CommitLimit:     6660208 kB
Committed_AS:   71118892 kB
VmallocTotal:   263061440 kB
VmallocUsed:       86396 kB
VmallocChunk:          0 kB
Percpu:             7552 kB
CmaTotal:         315392 kB
CmaFree:              24 kB
MemTotal:        5980404 kB
MemFree:         1009176 kB
MemAvailable:    2753620 kB
Buffers:            5488 kB
Cached:          1701068 kB
SwapCached:            0 kB
Active:          1355936 kB
Inactive:        1462020 kB
Active(anon):    1118020 kB
Inactive(anon):    18428 kB
Active(file):     237916 kB
Inactive(file):  1443592 kB
Unevictable:        5628 kB
Mlocked:            5628 kB
SwapTotal:       3670008 kB
SwapFree:        3670008 kB
Dirty:               556 kB
Writeback:             0 kB
AnonPages:       1116956 kB
Mapped:           813936 kB
Shmem:             20460 kB
KReclaimable:     625368 kB
Slab:             225696 kB
SReclaimable:      69020 kB
SUnreclaim:       156676 kB
KernelStack:       46064 kB
PageTables:        60592 kB
NFS_Unstable:          0 kB
Bounce:                0 kB
WritebackTmp:          0 kB
CommitLimit:     6660208 kB
Committed_AS:   71120360 kB
VmallocTotal:   263061440 kB
VmallocUsed:       86412 kB
VmallocChunk:          0 kB
Percpu:             7552 kB
CmaTotal:         315392 kB
CmaFree:               0 kB
MemTotal:        5980404 kB
MemFree:         1007716 kB
MemAvailable:    2752160 kB
Buffers:            5488 kB
Cached:          1701068 kB
SwapCached:            0 kB
Active:          1356320 kB
Inactive:        1462020 kB
Active(anon):    1118404 kB
Inactive(anon):    18428 kB
Active(file):     237916 kB
Inactive(file):  1443592 kB
Unevictable:        5628 kB
Mlocked:            5628 kB
SwapTotal:       3670008 kB
SwapFree:        3670008 kB
Dirty:               556 kB
Writeback:             0 kB
AnonPages:       1117184 kB
Mapped:           813888 kB
Shmem:             20460 kB
KReclaimable:     625368 kB
Slab:             225708 kB
SReclaimable:      69020 kB
SUnreclaim:       156688 kB
KernelStack:       45984 kB
PageTables:        60536 kB
NFS_Unstable:          0 kB
Bounce:                0 kB
WritebackTmp:          0 kB
CommitLimit:     6660208 kB
Committed_AS:   71120192 kB
VmallocTotal:   263061440 kB
VmallocUsed:       86380 kB
VmallocChunk:          0 kB
Percpu:             7552 kB
CmaTotal:         315392 kB
CmaFree:               0 kB
MemTotal:        5980404 kB
MemFree:         1008428 kB
MemAvailable:    2752872 kB
Buffers:            5488 kB
Cached:          1701068 kB
SwapCached:            0 kB
Active:          1356120 kB
Inactive:        1462020 kB
Active(anon):    1118204 kB
Inactive(anon):    18428 kB
Active(file):     237916 kB
Inactive(file):  1443592 kB
Unevictable:        5628 kB
Mlocked:            5628 kB
SwapTotal:       3670008 kB
SwapFree:        3670008 kB
Dirty:               328 kB
Writeback:             0 kB
AnonPages:       1117348 kB
Mapped:           813980 kB
Shmem:             20460 kB
KReclaimable:     625368 kB
Slab:             225700 kB
SReclaimable:      69020 kB
SUnreclaim:       156680 kB
KernelStack:       45936 kB
PageTables:        60424 kB
NFS_Unstable:          0 kB
Bounce:                0 kB
WritebackTmp:          0 kB
CommitLimit:     6660208 kB
Committed_AS:   71121208 kB
VmallocTotal:   263061440 kB
VmallocUsed:       86348 kB
VmallocChunk:          0 kB
Percpu:             7552 kB
CmaTotal:         315392 kB
CmaFree:               0 kB
MemTotal:        5980404 kB
MemFree:         1007808 kB
MemAvailable:    2752256 kB
Buffers:            5488 kB
Cached:          1701076 kB
SwapCached:            0 kB
Active:          1356768 kB
Inactive:        1462028 kB
Active(anon):    1118852 kB
Inactive(anon):    18432 kB
Active(file):     237916 kB
Inactive(file):  1443596 kB
Unevictable:        5628 kB
Mlocked:            5628 kB
SwapTotal:       3670008 kB
SwapFree:        3670008 kB
Dirty:               220 kB
Writeback:             0 kB
AnonPages:       1117728 kB
Mapped:           813704 kB
Shmem:             20464 kB
KReclaimable:     625368 kB
Slab:             225708 kB
SReclaimable:      69020 kB
SUnreclaim:       156688 kB
KernelStack:       46032 kB
PageTables:        60456 kB
NFS_Unstable:          0 kB
Bounce:                0 kB
WritebackTmp:          0 kB
CommitLimit:     6660208 kB
Committed_AS:   71118488 kB
VmallocTotal:   263061440 kB
VmallocUsed:       86348 kB
VmallocChunk:          0 kB
Percpu:             7552 kB
CmaTotal:         315392 kB
CmaFree:               0 kB
MemTotal:        5980404 kB
MemFree:         1007744 kB
MemAvailable:    2752212 kB
Buffers:            5496 kB
Cached:          1701092 kB
SwapCached:            0 kB
Active:          1355764 kB
Inactive:        1462044 kB
Active(anon):    1117840 kB
Inactive(anon):    18440 kB
Active(file):     237924 kB
Inactive(file):  1443604 kB
Unevictable:        5628 kB
Mlocked:            5628 kB
SwapTotal:       3670008 kB
SwapFree:        3670008 kB
Dirty:               228 kB
Writeback:             0 kB
AnonPages:       1117032 kB
Mapped:           813764 kB
Shmem:             20472 kB
KReclaimable:     625372 kB
Slab:             225696 kB
SReclaimable:      69024 kB
SUnreclaim:       156672 kB
KernelStack:       45984 kB
PageTables:        60340 kB
NFS_Unstable:          0 kB
Bounce:                0 kB
WritebackTmp:          0 kB
CommitLimit:     6660208 kB
Committed_AS:   71118088 kB
VmallocTotal:   263061440 kB
VmallocUsed:       86332 kB
VmallocChunk:          0 kB
Percpu:             7552 kB
CmaTotal:         315392 kB
CmaFree:             128 kB
MemTotal:        5980404 kB
MemFree:         1007168 kB
MemAvailable:    2751644 kB
Buffers:            5496 kB
Cached:          1701104 kB
SwapCached:            0 kB
Active:          1356208 kB
Inactive:        1462056 kB
Active(anon):    1118284 kB
Inactive(anon):    18444 kB
Active(file):     237924 kB
Inactive(file):  1443612 kB
Unevictable:        5628 kB
Mlocked:            5628 kB
SwapTotal:       3670008 kB
SwapFree:        3670008 kB
Dirty:               212 kB
Writeback:             0 kB
AnonPages:       1117184 kB
Mapped:           813860 kB
Shmem:             20476 kB
KReclaimable:     625372 kB
Slab:             225704 kB
SReclaimable:      69024 kB
SUnreclaim:       156680 kB
KernelStack:       45968 kB
PageTables:        60544 kB
NFS_Unstable:          0 kB
Bounce:                0 kB
WritebackTmp:          0 kB
CommitLimit:     6660208 kB
Committed_AS:   71118392 kB
VmallocTotal:   263061440 kB
VmallocUsed:       86348 kB
VmallocChunk:          0 kB
Percpu:             7552 kB
CmaTotal:         315392 kB
CmaFree:              20 kB
MemTotal:        5980404 kB
MemFree:         1007360 kB
MemAvailable:    2751848 kB
Buffers:            5496 kB
Cached:          1701116 kB
SwapCached:            0 kB
Active:          1357280 kB
Inactive:        1462064 kB
Active(anon):    1119352 kB
Inactive(anon):    18444 kB
Active(file):     237928 kB
Inactive(file):  1443620 kB
Unevictable:        5628 kB
Mlocked:            5628 kB
SwapTotal:       3670008 kB
SwapFree:        3670008 kB
Dirty:               252 kB
Writeback:             0 kB
AnonPages:       1118312 kB
Mapped:           813648 kB
Shmem:             20476 kB
KReclaimable:     625372 kB
Slab:             225696 kB
SReclaimable:      69024 kB
SUnreclaim:       156672 kB
KernelStack:       45952 kB
PageTables:        60356 kB
NFS_Unstable:          0 kB
Bounce:                0 kB
WritebackTmp:          0 kB
CommitLimit:     6660208 kB
Committed_AS:   71119676 kB
VmallocTotal:   263061440 kB
VmallocUsed:       86364 kB
VmallocChunk:          0 kB
Percpu:             7552 kB
CmaTotal:         315392 kB
CmaFree:               0 kB
MemTotal:        5980404 kB
MemFree:         1006396 kB
MemAvailable:    2750872 kB
Buffers:            5496 kB
Cached:          1701104 kB
SwapCached:            0 kB
Active:          1357164 kB
Inactive:        1462056 kB
Active(anon):    1119240 kB
Inactive(anon):    18444 kB
Active(file):     237924 kB
Inactive(file):  1443612 kB
Unevictable:        5628 kB
Mlocked:            5628 kB
SwapTotal:       3670008 kB
SwapFree:        3670008 kB
Dirty:               244 kB
Writeback:             0 kB
AnonPages:       1118260 kB
Mapped:           813908 kB
Shmem:             20476 kB
KReclaimable:     625372 kB
Slab:             225704 kB
SReclaimable:      69024 kB
SUnreclaim:       156680 kB
KernelStack:       45920 kB
PageTables:        60292 kB
NFS_Unstable:          0 kB
Bounce:                0 kB
WritebackTmp:          0 kB
CommitLimit:     6660208 kB
Committed_AS:   71119652 kB
VmallocTotal:   263061440 kB
VmallocUsed:       86348 kB
VmallocChunk:          0 kB
Percpu:             7552 kB
CmaTotal:         315392 kB
CmaFree:               8 kB
MemTotal:        5980404 kB
MemFree:         1006292 kB
MemAvailable:    2750768 kB
Buffers:            5496 kB
Cached:          1701108 kB
SwapCached:            0 kB
Active:          1358024 kB
Inactive:        1462060 kB
Active(anon):    1120100 kB
Inactive(anon):    18448 kB
Active(file):     237924 kB
Inactive(file):  1443612 kB
Unevictable:        5628 kB
Mlocked:            5628 kB
SwapTotal:       3670008 kB
SwapFree:        3670008 kB
Dirty:               256 kB
Writeback:             0 kB
AnonPages:       1119008 kB
Mapped:           813908 kB
Shmem:             20480 kB
KReclaimable:     625372 kB
Slab:             225760 kB
SReclaimable:      69024 kB
SUnreclaim:       156736 kB
KernelStack:       45952 kB
PageTables:        60292 kB
NFS_Unstable:          0 kB
Bounce:                0 kB
WritebackTmp:          0 kB
CommitLimit:     6660208 kB
Committed_AS:   71118748 kB
VmallocTotal:   263061440 kB
VmallocUsed:       86380 kB
VmallocChunk:          0 kB
Percpu:             7552 kB
CmaTotal:         315392 kB
CmaFree:               0 kB
MemTotal:        5980404 kB
MemFree:         1005312 kB
MemAvailable:    2749788 kB
Buffers:            5496 kB
Cached:          1701108 kB
SwapCached:            0 kB
Active:          1358616 kB
Inactive:        1462060 kB
Active(anon):    1120692 kB
Inactive(anon):    18448 kB
Active(file):     237924 kB
Inactive(file):  1443612 kB
Unevictable:        5628 kB
Mlocked:            5628 kB
SwapTotal:       3670008 kB
SwapFree:        3670008 kB
Dirty:               260 kB
Writeback:             0 kB
AnonPages:       1119808 kB
Mapped:           814128 kB
Shmem:             20480 kB
KReclaimable:     625372 kB
Slab:             225752 kB
SReclaimable:      69024 kB
SUnreclaim:       156728 kB
KernelStack:       45952 kB
PageTables:        60520 kB
NFS_Unstable:          0 kB
Bounce:                0 kB
WritebackTmp:          0 kB
CommitLimit:     6660208 kB
Committed_AS:   71120560 kB
VmallocTotal:   263061440 kB
VmallocUsed:       86364 kB
VmallocChunk:          0 kB
Percpu:             7552 kB
CmaTotal:         315392 kB
CmaFree:               0 kB
MemTotal:        5980404 kB
MemFree:         1005940 kB
MemAvailable:    2750416 kB
Buffers:            5496 kB
Cached:          1701108 kB
SwapCached:            0 kB
Active:          1358840 kB
Inactive:        1462060 kB
Active(anon):    1120916 kB
Inactive(anon):    18448 kB
Active(file):     237924 kB
Inactive(file):  1443612 kB
Unevictable:        5628 kB
Mlocked:            5628 kB
SwapTotal:       3670008 kB
SwapFree:        3670008 kB
Dirty:               256 kB
Writeback:             0 kB
AnonPages:       1119580 kB
Mapped:           814108 kB
Shmem:             20480 kB
KReclaimable:     625372 kB
Slab:             225708 kB
SReclaimable:      69024 kB
SUnreclaim:       156684 kB
KernelStack:       45956 kB
PageTables:        60544 kB
NFS_Unstable:          0 kB
Bounce:                0 kB
WritebackTmp:          0 kB
CommitLimit:     6660208 kB
Committed_AS:   71120220 kB
VmallocTotal:   263061440 kB
VmallocUsed:       86364 kB
VmallocChunk:          0 kB
Percpu:             7552 kB
CmaTotal:         315392 kB
CmaFree:               0 kB
MemTotal:        5980404 kB
MemFree:         1005180 kB
MemAvailable:    2749656 kB
Buffers:            5496 kB
Cached:          1701108 kB
SwapCached:            0 kB
Active:          1358836 kB
Inactive:        1462060 kB
Active(anon):    1120912 kB
Inactive(anon):    18448 kB
Active(file):     237924 kB
Inactive(file):  1443612 kB
Unevictable:        5628 kB
Mlocked:            5628 kB
SwapTotal:       3670008 kB
SwapFree:        3670008 kB
Dirty:               256 kB
Writeback:             0 kB
AnonPages:       1119888 kB
Mapped:           813908 kB
Shmem:             20480 kB
KReclaimable:     625372 kB
Slab:             225676 kB
SReclaimable:      69024 kB
SUnreclaim:       156652 kB
KernelStack:       45984 kB
PageTables:        60536 kB
NFS_Unstable:          0 kB
Bounce:                0 kB
WritebackTmp:          0 kB
CommitLimit:     6660208 kB
Committed_AS:   71117604 kB
VmallocTotal:   263061440 kB
VmallocUsed:       86364 kB
VmallocChunk:          0 kB
Percpu:             7552 kB
CmaTotal:         315392 kB
CmaFree:               0 kB
MemTotal:        5980404 kB
MemFree:         1004068 kB
MemAvailable:    2748544 kB
Buffers:            5496 kB
Cached:          1701108 kB
SwapCached:            0 kB
Active:          1359292 kB
Inactive:        1462060 kB
Active(anon):    1121368 kB
Inactive(anon):    18448 kB
Active(file):     237924 kB
Inactive(file):  1443612 kB
Unevictable:        5628 kB
Mlocked:            5628 kB
SwapTotal:       3670008 kB
SwapFree:        3670008 kB
Dirty:               252 kB
Writeback:             0 kB
AnonPages:       1120532 kB
Mapped:           814048 kB
Shmem:             20480 kB
KReclaimable:     625372 kB
Slab:             225708 kB
SReclaimable:      69024 kB
SUnreclaim:       156684 kB
KernelStack:       45952 kB
PageTables:        60236 kB
NFS_Unstable:          0 kB
Bounce:                0 kB
WritebackTmp:          0 kB
CommitLimit:     6660208 kB
Committed_AS:   71120984 kB
VmallocTotal:   263061440 kB
VmallocUsed:       86364 kB
VmallocChunk:          0 kB
Percpu:             7552 kB
CmaTotal:         315392 kB
CmaFree:               0 kB
MemTotal:        5980404 kB
MemFree:         1015108 kB
MemAvailable:    2759596 kB
Buffers:            5496 kB
Cached:          1701120 kB
SwapCached:            0 kB
Active:          1347132 kB
Inactive:        1462072 kB
Active(anon):    1109208 kB
Inactive(anon):    18448 kB
Active(file):     237924 kB
Inactive(file):  1443624 kB
Unevictable:        5628 kB
Mlocked:            5628 kB
SwapTotal:       3670008 kB
SwapFree:        3670008 kB
Dirty:               272 kB
Writeback:             0 kB
AnonPages:       1108224 kB
Mapped:           813844 kB
Shmem:             20480 kB
KReclaimable:     625372 kB
Slab:             225776 kB
SReclaimable:      69024 kB
SUnreclaim:       156752 kB
KernelStack:       46000 kB
PageTables:        60324 kB
NFS_Unstable:          0 kB
Bounce:                0 kB
WritebackTmp:          0 kB
CommitLimit:     6660208 kB
Committed_AS:   71118120 kB
VmallocTotal:   263061440 kB
VmallocUsed:       86364 kB
VmallocChunk:          0 kB
Percpu:             7552 kB
CmaTotal:         315392 kB
CmaFree:              48 kB
MemTotal:        5980404 kB
MemFree:         1017588 kB
MemAvailable:    2762076 kB
Buffers:            5496 kB
Cached:          1701120 kB
SwapCached:            0 kB
Active:          1346512 kB
Inactive:        1462072 kB
Active(anon):    1108588 kB
Inactive(anon):    18448 kB
Active(file):     237924 kB
Inactive(file):  1443624 kB
Unevictable:        5628 kB
Mlocked:            5628 kB
SwapTotal:       3670008 kB
SwapFree:        3670008 kB
Dirty:               304 kB
Writeback:             0 kB
AnonPages:       1107496 kB
Mapped:           813908 kB
Shmem:             20480 kB
KReclaimable:     625372 kB
Slab:             225768 kB
SReclaimable:      69024 kB
SUnreclaim:       156744 kB
KernelStack:       45968 kB
PageTables:        60424 kB
NFS_Unstable:          0 kB
Bounce:                0 kB
WritebackTmp:          0 kB
CommitLimit:     6660208 kB
Committed_AS:   71120396 kB
VmallocTotal:   263061440 kB
VmallocUsed:       86364 kB
VmallocChunk:          0 kB
Percpu:             7552 kB
CmaTotal:         315392 kB
CmaFree:               0 kB
MemTotal:        5980404 kB
MemFree:         1018140 kB
MemAvailable:    2762628 kB
Buffers:            5496 kB
Cached:          1701120 kB
SwapCached:            0 kB
Active:          1346088 kB
Inactive:        1462072 kB
Active(anon):    1108164 kB
Inactive(anon):    18448 kB
Active(file):     237924 kB
Inactive(file):  1443624 kB
Unevictable:        5628 kB
Mlocked:            5628 kB
SwapTotal:       3670008 kB
SwapFree:        3670008 kB
Dirty:               304 kB
Writeback:             0 kB
AnonPages:       1107256 kB
Mapped:           813844 kB
Shmem:             20480 kB
KReclaimable:     625372 kB
Slab:             225736 kB
SReclaimable:      69024 kB
SUnreclaim:       156712 kB
KernelStack:       45968 kB
PageTables:        60532 kB
NFS_Unstable:          0 kB
Bounce:                0 kB
WritebackTmp:          0 kB
CommitLimit:     6660208 kB
Committed_AS:   71117928 kB
VmallocTotal:   263061440 kB
VmallocUsed:       86348 kB
VmallocChunk:          0 kB
Percpu:             7552 kB
CmaTotal:         315392 kB
CmaFree:               0 kB
MemTotal:        5980404 kB
MemFree:         1017464 kB
MemAvailable:    2761952 kB
Buffers:            5496 kB
Cached:          1701120 kB
SwapCached:            0 kB
Active:          1346040 kB
Inactive:        1462072 kB
Active(anon):    1108116 kB
Inactive(anon):    18448 kB
Active(file):     237924 kB
Inactive(file):  1443624 kB
Unevictable:        5628 kB
Mlocked:            5628 kB
SwapTotal:       3670008 kB
SwapFree:        3670008 kB
Dirty:               212 kB
Writeback:             0 kB
AnonPages:       1107044 kB
Mapped:           813888 kB
Shmem:             20480 kB
KReclaimable:     625372 kB
Slab:             225708 kB
SReclaimable:      69024 kB
SUnreclaim:       156684 kB
KernelStack:       45984 kB
PageTables:        60408 kB
NFS_Unstable:          0 kB
Bounce:                0 kB
WritebackTmp:          0 kB
CommitLimit:     6660208 kB
Committed_AS:   71119636 kB
VmallocTotal:   263061440 kB
VmallocUsed:       86396 kB
VmallocChunk:          0 kB
Percpu:             7552 kB
CmaTotal:         315392 kB
CmaFree:               0 kB
MemTotal:        5980404 kB
MemFree:         1017292 kB
MemAvailable:    2761780 kB
Buffers:            5496 kB
Cached:          1701124 kB
SwapCached:            0 kB
Active:          1346852 kB
Inactive:        1462076 kB
Active(anon):    1108928 kB
Inactive(anon):    18452 kB
Active(file):     237924 kB
Inactive(file):  1443624 kB
Unevictable:        5628 kB
Mlocked:            5628 kB
SwapTotal:       3670008 kB
SwapFree:        3670008 kB
Dirty:               212 kB
Writeback:             0 kB
AnonPages:       1107516 kB
Mapped:           814132 kB
Shmem:             20484 kB
KReclaimable:     625372 kB
Slab:             225692 kB
SReclaimable:      69024 kB
SUnreclaim:       156668 kB
KernelStack:       45952 kB
PageTables:        60548 kB
NFS_Unstable:          0 kB
Bounce:                0 kB
WritebackTmp:          0 kB
CommitLimit:     6660208 kB
Committed_AS:   71119288 kB
VmallocTotal:   263061440 kB
VmallocUsed:       86380 kB
VmallocChunk:          0 kB
Percpu:             7552 kB
CmaTotal:         315392 kB
CmaFree:             160 kB
MemTotal:        5980404 kB
MemFree:         1017228 kB
MemAvailable:    2761724 kB
Buffers:            5500 kB
Cached:          1701128 kB
SwapCached:            0 kB
Active:          1347088 kB
Inactive:        1462080 kB
Active(anon):    1109160 kB
Inactive(anon):    18452 kB
Active(file):     237928 kB
Inactive(file):  1443628 kB
Unevictable:        5628 kB
Mlocked:            5628 kB
SwapTotal:       3670008 kB
SwapFree:        3670008 kB
Dirty:               184 kB
Writeback:             0 kB
AnonPages:       1108032 kB
Mapped:           813888 kB
Shmem:             20484 kB
KReclaimable:     625372 kB
Slab:             225724 kB
SReclaimable:      69024 kB
SUnreclaim:       156700 kB
KernelStack:       45968 kB
PageTables:        60472 kB
NFS_Unstable:          0 kB
Bounce:                0 kB
WritebackTmp:          0 kB
CommitLimit:     6660208 kB
Committed_AS:   71117516 kB
VmallocTotal:   263061440 kB
VmallocUsed:       86348 kB
VmallocChunk:          0 kB
Percpu:             7552 kB
CmaTotal:         315392 kB
CmaFree:               0 kB
MemTotal:        5980404 kB
MemFree:         1017216 kB
MemAvailable:    2761720 kB
Buffers:            5500 kB
Cached:          1701144 kB
SwapCached:            0 kB
Active:          1347508 kB
Inactive:        1462096 kB
Active(anon):    1109580 kB
Inactive(anon):    18460 kB
Active(file):     237928 kB
Inactive(file):  1443636 kB
Unevictable:        5628 kB
Mlocked:            5628 kB
SwapTotal:       3670008 kB
SwapFree:        3670008 kB
Dirty:               196 kB
Writeback:             0 kB
AnonPages:       1108560 kB
Mapped:           813916 kB
Shmem:             20492 kB
KReclaimable:     625372 kB
Slab:             225700 kB
SReclaimable:      69024 kB
SUnreclaim:       156676 kB
KernelStack:       46000 kB
PageTables:        60552 kB
NFS_Unstable:          0 kB
Bounce:                0 kB
WritebackTmp:          0 kB
CommitLimit:     6660208 kB
Committed_AS:   71118364 kB
VmallocTotal:   263061440 kB
VmallocUsed:       86380 kB
VmallocChunk:          0 kB
Percpu:             7552 kB
CmaTotal:         315392 kB
CmaFree:               0 kB
MemTotal:        5980404 kB
MemFree:         1016388 kB
MemAvailable:    2760892 kB
Buffers:            5500 kB
Cached:          1701144 kB
SwapCached:            0 kB
Active:          1347876 kB
Inactive:        1462096 kB
Active(anon):    1109948 kB
Inactive(anon):    18460 kB
Active(file):     237928 kB
Inactive(file):  1443636 kB
Unevictable:        5628 kB
Mlocked:            5628 kB
SwapTotal:       3670008 kB
SwapFree:        3670008 kB
Dirty:               196 kB
Writeback:             0 kB
AnonPages:       1108744 kB
Mapped:           813912 kB
Shmem:             20492 kB
KReclaimable:     625372 kB
Slab:             225716 kB
SReclaimable:      69024 kB
SUnreclaim:       156692 kB
KernelStack:       45968 kB
PageTables:        60424 kB
NFS_Unstable:          0 kB
Bounce:                0 kB
WritebackTmp:          0 kB
CommitLimit:     6660208 kB
Committed_AS:   71121144 kB
VmallocTotal:   263061440 kB
VmallocUsed:       86412 kB
VmallocChunk:          0 kB
Percpu:             7552 kB
CmaTotal:         315392 kB
CmaFree:              56 kB
MemTotal:        5980404 kB
MemFree:         1018968 kB
MemAvailable:    2763472 kB
Buffers:            5500 kB
Cached:          1701144 kB
SwapCached:            0 kB
Active:          1344360 kB
Inactive:        1462096 kB
Active(anon):    1106432 kB
Inactive(anon):    18460 kB
Active(file):     237928 kB
Inactive(file):  1443636 kB
Unevictable:        5628 kB
Mlocked:            5628 kB
SwapTotal:       3670008 kB
SwapFree:        3670008 kB
Dirty:               196 kB
Writeback:             0 kB
AnonPages:       1105704 kB
Mapped:           813840 kB
Shmem:             20492 kB
KReclaimable:     625372 kB
Slab:             225720 kB
SReclaimable:      69024 kB
SUnreclaim:       156696 kB
KernelStack:       46016 kB
PageTables:        60628 kB
NFS_Unstable:          0 kB
Bounce:                0 kB
WritebackTmp:          0 kB
CommitLimit:     6660208 kB
Committed_AS:   71123004 kB
VmallocTotal:   263061440 kB
VmallocUsed:       86428 kB
VmallocChunk:          0 kB
Percpu:             7552 kB
CmaTotal:         315392 kB
CmaFree:              84 kB
MemTotal:        5980404 kB
MemFree:         1019168 kB
MemAvailable:    2763672 kB
Buffers:            5500 kB
Cached:          1701148 kB
SwapCached:            0 kB
Active:          1344828 kB
Inactive:        1462100 kB
Active(anon):    1106900 kB
Inactive(anon):    18464 kB
Active(file):     237928 kB
Inactive(file):  1443636 kB
Unevictable:        5628 kB
Mlocked:            5628 kB
SwapTotal:       3670008 kB
SwapFree:        3670008 kB
Dirty:               196 kB
Writeback:             0 kB
AnonPages:       1105812 kB
Mapped:           813820 kB
Shmem:             20496 kB
KReclaimable:     625372 kB
Slab:             225708 kB
SReclaimable:      69024 kB
SUnreclaim:       156684 kB
KernelStack:       45984 kB
PageTables:        60388 kB
NFS_Unstable:          0 kB
Bounce:                0 kB
WritebackTmp:          0 kB
CommitLimit:     6660208 kB
Committed_AS:   71122564 kB
VmallocTotal:   263061440 kB
VmallocUsed:       86428 kB
VmallocChunk:          0 kB
Percpu:             7552 kB
CmaTotal:         315392 kB
CmaFree:               0 kB
MemTotal:        5980404 kB
MemFree:         1017804 kB
MemAvailable:    2762308 kB
Buffers:            5500 kB
Cached:          1701148 kB
SwapCached:            0 kB
Active:          1345904 kB
Inactive:        1462100 kB
Active(anon):    1107976 kB
Inactive(anon):    18464 kB
Active(file):     237928 kB
Inactive(file):  1443636 kB
Unevictable:        5628 kB
Mlocked:            5628 kB
SwapTotal:       3670008 kB
SwapFree:        3670008 kB
Dirty:               208 kB
Writeback:             0 kB
AnonPages:       1106712 kB
Mapped:           813808 kB
Shmem:             20496 kB
KReclaimable:     625372 kB
Slab:             225748 kB
SReclaimable:      69024 kB
SUnreclaim:       156724 kB
KernelStack:       45968 kB
PageTables:        60112 kB
NFS_Unstable:          0 kB
Bounce:                0 kB
WritebackTmp:          0 kB
CommitLimit:     6660208 kB
Committed_AS:   71119836 kB
VmallocTotal:   263061440 kB
VmallocUsed:       86428 kB
VmallocChunk:          0 kB
Percpu:             7552 kB
CmaTotal:         315392 kB
CmaFree:               0 kB
MemTotal:        5980404 kB
MemFree:         1018516 kB
MemAvailable:    2763020 kB
Buffers:            5500 kB
Cached:          1701148 kB
SwapCached:            0 kB
Active:          1345768 kB
Inactive:        1462100 kB
Active(anon):    1107840 kB
Inactive(anon):    18464 kB
Active(file):     237928 kB
Inactive(file):  1443636 kB
Unevictable:        5628 kB
Mlocked:            5628 kB
SwapTotal:       3670008 kB
SwapFree:        3670008 kB
Dirty:               212 kB
Writeback:             0 kB
AnonPages:       1106988 kB
Mapped:           813940 kB
Shmem:             20496 kB
KReclaimable:     625372 kB
Slab:             225724 kB
SReclaimable:      69024 kB
SUnreclaim:       156700 kB
KernelStack:       45984 kB
PageTables:        60344 kB
NFS_Unstable:          0 kB
Bounce:                0 kB
WritebackTmp:          0 kB
CommitLimit:     6660208 kB
Committed_AS:   71123988 kB
VmallocTotal:   263061440 kB
VmallocUsed:       86428 kB
VmallocChunk:          0 kB
Percpu:             7552 kB
CmaTotal:         315392 kB
CmaFree:               0 kB
MemTotal:        5980404 kB
MemFree:         1018444 kB
MemAvailable:    2762948 kB
Buffers:            5500 kB
Cached:          1701148 kB
SwapCached:            0 kB
Active:          1346256 kB
Inactive:        1462100 kB
Active(anon):    1108328 kB
Inactive(anon):    18464 kB
Active(file):     237928 kB
Inactive(file):  1443636 kB
Unevictable:        5628 kB
Mlocked:            5628 kB
SwapTotal:       3670008 kB
SwapFree:        3670008 kB
Dirty:               228 kB
Writeback:             0 kB
AnonPages:       1107252 kB
Mapped:           813760 kB
Shmem:             20496 kB
KReclaimable:     625372 kB
Slab:             225748 kB
SReclaimable:      69024 kB
SUnreclaim:       156724 kB
KernelStack:       46016 kB
PageTables:        60408 kB
NFS_Unstable:          0 kB
Bounce:                0 kB
WritebackTmp:          0 kB
CommitLimit:     6660208 kB
Committed_AS:   71122244 kB
VmallocTotal:   263061440 kB
VmallocUsed:       86428 kB
VmallocChunk:          0 kB
Percpu:             7552 kB
CmaTotal:         315392 kB
CmaFree:               0 kB
MemTotal:        5980404 kB
MemFree:         1017880 kB
MemAvailable:    2762384 kB
Buffers:            5500 kB
Cached:          1701156 kB
SwapCached:            0 kB
Active:          1346628 kB
Inactive:        1462108 kB
Active(anon):    1108700 kB
Inactive(anon):    18472 kB
Active(file):     237928 kB
Inactive(file):  1443636 kB
Unevictable:        5628 kB
Mlocked:            5628 kB
SwapTotal:       3670008 kB
SwapFree:        3670008 kB
Dirty:               264 kB
Writeback:             0 kB
AnonPages:       1107632 kB
Mapped:           813704 kB
Shmem:             20504 kB
KReclaimable:     625372 kB
Slab:             225692 kB
SReclaimable:      69024 kB
SUnreclaim:       156668 kB
KernelStack:       45968 kB
PageTables:        60424 kB
NFS_Unstable:          0 kB
Bounce:                0 kB
WritebackTmp:          0 kB
CommitLimit:     6660208 kB
Committed_AS:   71123552 kB
VmallocTotal:   263061440 kB
VmallocUsed:       86396 kB
