MemTotal:       12113144 kB
MemFree:         6979560 kB
MemAvailable:    8360588 kB
Buffers:            5748 kB
Cached:          1620108 kB
SwapCached:            0 kB
Active:          1334352 kB
Inactive:        1411292 kB
Active(anon):    1126528 kB
Inactive(anon):    20816 kB
Active(file):     207824 kB
Inactive(file):  1390476 kB
Unevictable:        5692 kB
Mlocked:            5692 kB
SwapTotal:       3145724 kB
SwapFree:        3145724 kB
Dirty:               108 kB
Writeback:             0 kB
AnonPages:       1125440 kB
Mapped:           804980 kB
Shmem:             22904 kB
KReclaimable:     651432 kB
Slab:             202556 kB
SReclaimable:      66848 kB
SUnreclaim:       135708 kB
KernelStack:       41376 kB
PageTables:        55364 kB
NFS_Unstable:          0 kB
Bounce:                0 kB
WritebackTmp:          0 kB
CommitLimit:     9202296 kB
Committed_AS:   56313884 kB
VmallocTotal:   263061440 kB
VmallocUsed:       98260 kB
VmallocChunk:          0 kB
Percpu:             7584 kB
CmaTotal:         294912 kB
CmaFree:               0 kB
MemTotal:       12113144 kB
MemFree:         6979072 kB
MemAvailable:    8360108 kB
Buffers:            5748 kB
Cached:          1620116 kB
SwapCached:            0 kB
Active:          1333316 kB
Inactive:        1411296 kB
Active(anon):    1125488 kB
Inactive(anon):    20816 kB
Active(file):     207828 kB
Inactive(file):  1390480 kB
Unevictable:        5692 kB
Mlocked:            5692 kB
SwapTotal:       3145724 kB
SwapFree:        3145724 kB
Dirty:               128 kB
Writeback:             0 kB
AnonPages:       1124544 kB
Mapped:           804840 kB
Shmem:             22904 kB
KReclaimable:     651432 kB
Slab:             202512 kB
SReclaimable:      66848 kB
SUnreclaim:       135664 kB
KernelStack:       41424 kB
PageTables:        55588 kB
NFS_Unstable:          0 kB
Bounce:                0 kB
WritebackTmp:          0 kB
CommitLimit:     9202296 kB
Committed_AS:   56323076 kB
VmallocTotal:   263061440 kB
VmallocUsed:       98308 kB
VmallocChunk:          0 kB
Percpu:             7584 kB
CmaTotal:         294912 kB
CmaFree:               0 kB
MemTotal:       12113144 kB
MemFree:         6979376 kB
MemAvailable:    8360404 kB
Buffers:            5748 kB
Cached:          1620108 kB
SwapCached:            0 kB
Active:          1334084 kB
Inactive:        1411292 kB
Active(anon):    1126260 kB
Inactive(anon):    20816 kB
Active(file):     207824 kB
Inactive(file):  1390476 kB
Unevictable:        5692 kB
Mlocked:            5692 kB
SwapTotal:       3145724 kB
SwapFree:        3145724 kB
Dirty:               136 kB
Writeback:             0 kB
AnonPages:       1125304 kB
Mapped:           805100 kB
Shmem:             22904 kB
KReclaimable:     651432 kB
Slab:             202560 kB
SReclaimable:      66848 kB
SUnreclaim:       135712 kB
KernelStack:       41424 kB
PageTables:        55588 kB
NFS_Unstable:          0 kB
Bounce:                0 kB
WritebackTmp:          0 kB
CommitLimit:     9202296 kB
Committed_AS:   56322900 kB
VmallocTotal:   263061440 kB
VmallocUsed:       98308 kB
VmallocChunk:          0 kB
Percpu:             7584 kB
CmaTotal:         294912 kB
CmaFree:               0 kB
MemTotal:       12113144 kB
MemFree:         6978124 kB
MemAvailable:    8359140 kB
Buffers:            5748 kB
Cached:          1620096 kB
SwapCached:            0 kB
Active:          1334584 kB
Inactive:        1411284 kB
Active(anon):    1126764 kB
Inactive(anon):    20816 kB
Active(file):     207820 kB
Inactive(file):  1390468 kB
Unevictable:        5692 kB
Mlocked:            5692 kB
SwapTotal:       3145724 kB
SwapFree:        3145724 kB
Dirty:               132 kB
Writeback:             0 kB
AnonPages:       1125764 kB
Mapped:           804840 kB
Shmem:             22904 kB
KReclaimable:     651432 kB
Slab:             202472 kB
SReclaimable:      66848 kB
SUnreclaim:       135624 kB
KernelStack:       41424 kB
PageTables:        55584 kB
NFS_Unstable:          0 kB
Bounce:                0 kB
WritebackTmp:          0 kB
CommitLimit:     9202296 kB
Committed_AS:   56322768 kB
VmallocTotal:   263061440 kB
VmallocUsed:       98308 kB
VmallocChunk:          0 kB
Percpu:             7584 kB
CmaTotal:         294912 kB
CmaFree:               0 kB
MemTotal:       12113144 kB
MemFree:         6978180 kB
MemAvailable:    8359208 kB
Buffers:            5748 kB
Cached:          1620108 kB
SwapCached:            0 kB
Active:          1334520 kB
Inactive:        1411292 kB
Active(anon):    1126696 kB
Inactive(anon):    20816 kB
Active(file):     207824 kB
Inactive(file):  1390476 kB
Unevictable:        5692 kB
Mlocked:            5692 kB
SwapTotal:       3145724 kB
SwapFree:        3145724 kB
Dirty:               136 kB
Writeback:             0 kB
AnonPages:       1125772 kB
Mapped:           805100 kB
Shmem:             22904 kB
KReclaimable:     651432 kB
Slab:             202560 kB
SReclaimable:      66848 kB
SUnreclaim:       135712 kB
KernelStack:       41424 kB
PageTables:        55592 kB
NFS_Unstable:          0 kB
Bounce:                0 kB
WritebackTmp:          0 kB
CommitLimit:     9202296 kB
Committed_AS:   56322344 kB
VmallocTotal:   263061440 kB
VmallocUsed:       98276 kB
VmallocChunk:          0 kB
Percpu:             7584 kB
CmaTotal:         294912 kB
CmaFree:               0 kB
MemTotal:       12113144 kB
MemFree:         6977120 kB
MemAvailable:    8358148 kB
Buffers:            5748 kB
Cached:          1620108 kB
SwapCached:            0 kB
Active:          1335152 kB
Inactive:        1411292 kB
Active(anon):    1127328 kB
Inactive(anon):    20816 kB
Active(file):     207824 kB
Inactive(file):  1390476 kB
Unevictable:        5692 kB
Mlocked:            5692 kB
SwapTotal:       3145724 kB
SwapFree:        3145724 kB
Dirty:               140 kB
Writeback:             0 kB
AnonPages:       1126584 kB
Mapped:           805100 kB
Shmem:             22904 kB
KReclaimable:     651432 kB
Slab:             202504 kB
SReclaimable:      66848 kB
SUnreclaim:       135656 kB
KernelStack:       41408 kB
PageTables:        55580 kB
NFS_Unstable:          0 kB
Bounce:                0 kB
WritebackTmp:          0 kB
CommitLimit:     9202296 kB
Committed_AS:   56322688 kB
VmallocTotal:   263061440 kB
VmallocUsed:       98244 kB
VmallocChunk:          0 kB
Percpu:             7584 kB
CmaTotal:         294912 kB
CmaFree:               0 kB
MemTotal:       12113144 kB
MemFree:         6976984 kB
MemAvailable:    8358020 kB
Buffers:            5748 kB
Cached:          1620116 kB
SwapCached:            0 kB
Active:          1335812 kB
Inactive:        1411300 kB
Active(anon):    1127988 kB
Inactive(anon):    20816 kB
Active(file):     207824 kB
Inactive(file):  1390484 kB
Unevictable:        5692 kB
Mlocked:            5692 kB
SwapTotal:       3145724 kB
SwapFree:        3145724 kB
Dirty:               160 kB
Writeback:             0 kB
AnonPages:       1127040 kB
Mapped:           805100 kB
Shmem:             22904 kB
KReclaimable:     651432 kB
Slab:             202556 kB
SReclaimable:      66848 kB
SUnreclaim:       135708 kB
KernelStack:       41424 kB
PageTables:        55584 kB
NFS_Unstable:          0 kB
Bounce:                0 kB
WritebackTmp:          0 kB
CommitLimit:     9202296 kB
Committed_AS:   56322396 kB
VmallocTotal:   263061440 kB
VmallocUsed:       98276 kB
VmallocChunk:          0 kB
Percpu:             7584 kB
CmaTotal:         294912 kB
CmaFree:               0 kB
MemTotal:       12113144 kB
MemFree:         6985816 kB
MemAvailable:    8366852 kB
Buffers:            5748 kB
Cached:          1620116 kB
SwapCached:            0 kB
Active:          1326376 kB
Inactive:        1411300 kB
Active(anon):    1118552 kB
Inactive(anon):    20816 kB
Active(file):     207824 kB
Inactive(file):  1390484 kB
Unevictable:        5692 kB
Mlocked:            5692 kB
SwapTotal:       3145724 kB
SwapFree:        3145724 kB
Dirty:               160 kB
Writeback:             0 kB
AnonPages:       1117716 kB
Mapped:           805104 kB
Shmem:             22904 kB
KReclaimable:     651432 kB
Slab:             202520 kB
SReclaimable:      66848 kB
SUnreclaim:       135672 kB
KernelStack:       41440 kB
PageTables:        55588 kB
NFS_Unstable:          0 kB
Bounce:                0 kB
WritebackTmp:          0 kB
CommitLimit:     9202296 kB
Committed_AS:   56322220 kB
VmallocTotal:   263061440 kB
VmallocUsed:       98276 kB
VmallocChunk:          0 kB
Percpu:             7584 kB
CmaTotal:         294912 kB
CmaFree:               0 kB
MemTotal:       12113144 kB
MemFree:         6986300 kB
MemAvailable:    8367336 kB
Buffers:            5748 kB
Cached:          1620116 kB
SwapCached:            0 kB
Active:          1326440 kB
Inactive:        1411300 kB
Active(anon):    1118616 kB
Inactive(anon):    20816 kB
Active(file):     207824 kB
Inactive(file):  1390484 kB
Unevictable:        5692 kB
Mlocked:            5692 kB
SwapTotal:       3145724 kB
SwapFree:        3145724 kB
Dirty:               168 kB
Writeback:             0 kB
AnonPages:       1117780 kB
Mapped:           804840 kB
Shmem:             22904 kB
KReclaimable:     651432 kB
Slab:             202528 kB
SReclaimable:      66848 kB
SUnreclaim:       135680 kB
KernelStack:       41408 kB
PageTables:        55580 kB
NFS_Unstable:          0 kB
Bounce:                0 kB
WritebackTmp:          0 kB
CommitLimit:     9202296 kB
Committed_AS:   56322300 kB
VmallocTotal:   263061440 kB
VmallocUsed:       98308 kB
VmallocChunk:          0 kB
Percpu:             7584 kB
CmaTotal:         294912 kB
CmaFree:               0 kB
MemTotal:       12113144 kB
MemFree:         6985672 kB
MemAvailable:    8366708 kB
Buffers:            5748 kB
Cached:          1620116 kB
SwapCached:            0 kB
Active:          1326876 kB
Inactive:        1411300 kB
Active(anon):    1119052 kB
Inactive(anon):    20816 kB
Active(file):     207824 kB
Inactive(file):  1390484 kB
Unevictable:        5692 kB
Mlocked:            5692 kB
SwapTotal:       3145724 kB
SwapFree:        3145724 kB
Dirty:               172 kB
Writeback:             0 kB
AnonPages:       1118116 kB
Mapped:           805100 kB
Shmem:             22904 kB
KReclaimable:     651432 kB
Slab:             202528 kB
SReclaimable:      66848 kB
SUnreclaim:       135680 kB
KernelStack:       41408 kB
PageTables:        55580 kB
NFS_Unstable:          0 kB
Bounce:                0 kB
WritebackTmp:          0 kB
CommitLimit:     9202296 kB
Committed_AS:   56322692 kB
VmallocTotal:   263061440 kB
VmallocUsed:       98324 kB
VmallocChunk:          0 kB
Percpu:             7584 kB
CmaTotal:         294912 kB
CmaFree:               0 kB
MemTotal:       12113144 kB
MemFree:         6984828 kB
MemAvailable:    8365868 kB
Buffers:            5748 kB
Cached:          1620120 kB
SwapCached:            0 kB
Active:          1327544 kB
Inactive:        1411304 kB
Active(anon):    1119720 kB
Inactive(anon):    20816 kB
Active(file):     207824 kB
Inactive(file):  1390488 kB
Unevictable:        5692 kB
Mlocked:            5692 kB
SwapTotal:       3145724 kB
SwapFree:        3145724 kB
Dirty:               208 kB
Writeback:             0 kB
AnonPages:       1118856 kB
Mapped:           804844 kB
Shmem:             22904 kB
KReclaimable:     651432 kB
Slab:             202528 kB
SReclaimable:      66848 kB
SUnreclaim:       135680 kB
KernelStack:       41408 kB
PageTables:        55584 kB
NFS_Unstable:          0 kB
Bounce:                0 kB
WritebackTmp:          0 kB
CommitLimit:     9202296 kB
Committed_AS:   56322728 kB
VmallocTotal:   263061440 kB
VmallocUsed:       98324 kB
VmallocChunk:          0 kB
Percpu:             7584 kB
CmaTotal:         294912 kB
CmaFree:               0 kB
MemTotal:       12113144 kB
MemFree:         6990132 kB
MemAvailable:    8371172 kB
Buffers:            5748 kB
Cached:          1620120 kB
SwapCached:            0 kB
Active:          1322300 kB
Inactive:        1411304 kB
Active(anon):    1114476 kB
Inactive(anon):    20816 kB
Active(file):     207824 kB
Inactive(file):  1390488 kB
Unevictable:        5692 kB
Mlocked:            5692 kB
SwapTotal:       3145724 kB
SwapFree:        3145724 kB
Dirty:               212 kB
Writeback:             0 kB
AnonPages:       1113216 kB
Mapped:           805100 kB
Shmem:             22904 kB
KReclaimable:     651432 kB
Slab:             202568 kB
SReclaimable:      66848 kB
SUnreclaim:       135720 kB
KernelStack:       41392 kB
PageTables:        55580 kB
NFS_Unstable:          0 kB
Bounce:                0 kB
WritebackTmp:          0 kB
CommitLimit:     9202296 kB
Committed_AS:   56323512 kB
VmallocTotal:   263061440 kB
VmallocUsed:       98324 kB
VmallocChunk:          0 kB
Percpu:             7584 kB
CmaTotal:         294912 kB
CmaFree:               0 kB
MemTotal:       12113144 kB
MemFree:         6989976 kB
MemAvailable:    8371036 kB
Buffers:            5752 kB
Cached:          1620132 kB
SwapCached:            0 kB
Active:          1322628 kB
Inactive:        1411316 kB
Active(anon):    1114800 kB
Inactive(anon):    20816 kB
Active(file):     207828 kB
Inactive(file):  1390500 kB
Unevictable:        5692 kB
Mlocked:            5692 kB
SwapTotal:       3145724 kB
SwapFree:        3145724 kB
Dirty:               200 kB
Writeback:             0 kB
AnonPages:       1113856 kB
Mapped:           805104 kB
Shmem:             22904 kB
KReclaimable:     651436 kB
Slab:             202540 kB
SReclaimable:      66852 kB
SUnreclaim:       135688 kB
KernelStack:       41392 kB
PageTables:        55580 kB
NFS_Unstable:          0 kB
Bounce:                0 kB
WritebackTmp:          0 kB
CommitLimit:     9202296 kB
Committed_AS:   56323424 kB
VmallocTotal:   263061440 kB
VmallocUsed:       98276 kB
VmallocChunk:          0 kB
Percpu:             7584 kB
CmaTotal:         294912 kB
CmaFree:               0 kB
MemTotal:       12113144 kB
MemFree:         6990020 kB
MemAvailable:    8371080 kB
Buffers:            5752 kB
Cached:          1620132 kB
SwapCached:            0 kB
Active:          1323196 kB
Inactive:        1411316 kB
Active(anon):    1115368 kB
Inactive(anon):    20816 kB
Active(file):     207828 kB
Inactive(file):  1390500 kB
Unevictable:        5692 kB
Mlocked:            5692 kB
SwapTotal:       3145724 kB
SwapFree:        3145724 kB
Dirty:               220 kB
Writeback:             0 kB
AnonPages:       1114556 kB
Mapped:           805104 kB
Shmem:             22904 kB
KReclaimable:     651436 kB
Slab:             202508 kB
SReclaimable:      66852 kB
SUnreclaim:       135656 kB
KernelStack:       41392 kB
PageTables:        55580 kB
NFS_Unstable:          0 kB
Bounce:                0 kB
WritebackTmp:          0 kB
CommitLimit:     9202296 kB
Committed_AS:   56323240 kB
VmallocTotal:   263061440 kB
VmallocUsed:       98292 kB
VmallocChunk:          0 kB
Percpu:             7584 kB
CmaTotal:         294912 kB
CmaFree:               0 kB
MemTotal:       12113144 kB
MemFree:         6989376 kB
MemAvailable:    8370436 kB
Buffers:            5752 kB
Cached:          1620132 kB
SwapCached:            0 kB
Active:          1323260 kB
Inactive:        1411316 kB
Active(anon):    1115432 kB
Inactive(anon):    20816 kB
Active(file):     207828 kB
Inactive(file):  1390500 kB
Unevictable:        5692 kB
Mlocked:            5692 kB
SwapTotal:       3145724 kB
SwapFree:        3145724 kB
Dirty:               224 kB
Writeback:             0 kB
AnonPages:       1114616 kB
Mapped:           805104 kB
Shmem:             22904 kB
KReclaimable:     651436 kB
Slab:             202552 kB
SReclaimable:      66852 kB
SUnreclaim:       135700 kB
KernelStack:       41360 kB
PageTables:        55588 kB
NFS_Unstable:          0 kB
Bounce:                0 kB
WritebackTmp:          0 kB
CommitLimit:     9202296 kB
Committed_AS:   56323144 kB
VmallocTotal:   263061440 kB
VmallocUsed:       98276 kB
VmallocChunk:          0 kB
Percpu:             7584 kB
CmaTotal:         294912 kB
CmaFree:               0 kB
MemTotal:       12113144 kB
MemFree:         6989140 kB
MemAvailable:    8370200 kB
Buffers:            5752 kB
Cached:          1620132 kB
SwapCached:            0 kB
Active:          1323692 kB
Inactive:        1411316 kB
Active(anon):    1115864 kB
Inactive(anon):    20816 kB
Active(file):     207828 kB
Inactive(file):  1390500 kB
Unevictable:        5692 kB
Mlocked:            5692 kB
SwapTotal:       3145724 kB
SwapFree:        3145724 kB
Dirty:               228 kB
Writeback:             0 kB
AnonPages:       1114920 kB
Mapped:           804844 kB
Shmem:             22904 kB
KReclaimable:     651436 kB
Slab:             202512 kB
SReclaimable:      66852 kB
SUnreclaim:       135660 kB
KernelStack:       41360 kB
PageTables:        55580 kB
NFS_Unstable:          0 kB
Bounce:                0 kB
WritebackTmp:          0 kB
CommitLimit:     9202296 kB
Committed_AS:   56322960 kB
VmallocTotal:   263061440 kB
VmallocUsed:       98260 kB
VmallocChunk:          0 kB
Percpu:             7584 kB
CmaTotal:         294912 kB
CmaFree:               0 kB
MemTotal:       12113144 kB
MemFree:         6988892 kB
MemAvailable:    8369944 kB
Buffers:            5752 kB
Cached:          1620124 kB
SwapCached:            0 kB
Active:          1323176 kB
Inactive:        1411312 kB
Active(anon):    1115352 kB
Inactive(anon):    20816 kB
Active(file):     207824 kB
Inactive(file):  1390496 kB
Unevictable:        5692 kB
Mlocked:            5692 kB
SwapTotal:       3145724 kB
SwapFree:        3145724 kB
Dirty:               220 kB
Writeback:             0 kB
AnonPages:       1114376 kB
Mapped:           805104 kB
Shmem:             22904 kB
KReclaimable:     651436 kB
Slab:             202544 kB
SReclaimable:      66852 kB
SUnreclaim:       135692 kB
KernelStack:       41344 kB
PageTables:        55580 kB
NFS_Unstable:          0 kB
Bounce:                0 kB
WritebackTmp:          0 kB
CommitLimit:     9202296 kB
Committed_AS:   56322644 kB
VmallocTotal:   263061440 kB
VmallocUsed:       98212 kB
VmallocChunk:          0 kB
Percpu:             7584 kB
CmaTotal:         294912 kB
CmaFree:               0 kB
MemTotal:       12113144 kB
MemFree:         6989532 kB
MemAvailable:    8370604 kB
Buffers:            5752 kB
Cached:          1620144 kB
SwapCached:            0 kB
Active:          1323708 kB
Inactive:        1411324 kB
Active(anon):    1115876 kB
Inactive(anon):    20816 kB
Active(file):     207832 kB
Inactive(file):  1390508 kB
Unevictable:        5692 kB
Mlocked:            5692 kB
SwapTotal:       3145724 kB
SwapFree:        3145724 kB
Dirty:               236 kB
Writeback:             0 kB
AnonPages:       1114888 kB
Mapped:           805104 kB
Shmem:             22904 kB
KReclaimable:     651436 kB
Slab:             202528 kB
SReclaimable:      66852 kB
SUnreclaim:       135676 kB
KernelStack:       41344 kB
PageTables:        55576 kB
NFS_Unstable:          0 kB
Bounce:                0 kB
WritebackTmp:          0 kB
CommitLimit:     9202296 kB
Committed_AS:   56320520 kB
VmallocTotal:   263061440 kB
VmallocUsed:       98196 kB
VmallocChunk:          0 kB
Percpu:             7584 kB
CmaTotal:         294912 kB
CmaFree:               0 kB
MemTotal:       12113144 kB
MemFree:         6987932 kB
MemAvailable:    8368992 kB
Buffers:            5752 kB
Cached:          1620132 kB
SwapCached:            0 kB
Active:          1324052 kB
Inactive:        1411316 kB
Active(anon):    1116224 kB
Inactive(anon):    20816 kB
Active(file):     207828 kB
Inactive(file):  1390500 kB
Unevictable:        5692 kB
Mlocked:            5692 kB
SwapTotal:       3145724 kB
SwapFree:        3145724 kB
Dirty:               228 kB
Writeback:             0 kB
AnonPages:       1115456 kB
Mapped:           805108 kB
Shmem:             22904 kB
KReclaimable:     651436 kB
Slab:             202560 kB
SReclaimable:      66852 kB
SUnreclaim:       135708 kB
KernelStack:       41376 kB
PageTables:        55592 kB
NFS_Unstable:          0 kB
Bounce:                0 kB
WritebackTmp:          0 kB
CommitLimit:     9202296 kB
Committed_AS:   56320792 kB
VmallocTotal:   263061440 kB
VmallocUsed:       98164 kB
VmallocChunk:          0 kB
Percpu:             7584 kB
CmaTotal:         294912 kB
CmaFree:               0 kB
MemTotal:       12113144 kB
MemFree:         6987524 kB
MemAvailable:    8368584 kB
Buffers:            5752 kB
Cached:          1620132 kB
SwapCached:            0 kB
Active:          1324384 kB
Inactive:        1411316 kB
Active(anon):    1116556 kB
Inactive(anon):    20816 kB
Active(file):     207828 kB
Inactive(file):  1390500 kB
Unevictable:        5692 kB
Mlocked:            5692 kB
SwapTotal:       3145724 kB
SwapFree:        3145724 kB
Dirty:               240 kB
Writeback:             0 kB
AnonPages:       1115680 kB
Mapped:           805104 kB
Shmem:             22904 kB
KReclaimable:     651436 kB
Slab:             202520 kB
SReclaimable:      66852 kB
SUnreclaim:       135668 kB
KernelStack:       41344 kB
PageTables:        55580 kB
NFS_Unstable:          0 kB
Bounce:                0 kB
WritebackTmp:          0 kB
CommitLimit:     9202296 kB
Committed_AS:   56321004 kB
VmallocTotal:   263061440 kB
VmallocUsed:       98180 kB
VmallocChunk:          0 kB
Percpu:             7584 kB
CmaTotal:         294912 kB
CmaFree:               0 kB
MemTotal:       12113144 kB
MemFree:         6986880 kB
MemAvailable:    8367940 kB
Buffers:            5752 kB
Cached:          1620132 kB
SwapCached:            0 kB
Active:          1324996 kB
Inactive:        1411316 kB
Active(anon):    1117168 kB
Inactive(anon):    20816 kB
Active(file):     207828 kB
Inactive(file):  1390500 kB
Unevictable:        5692 kB
Mlocked:            5692 kB
SwapTotal:       3145724 kB
SwapFree:        3145724 kB
Dirty:               240 kB
Writeback:             0 kB
AnonPages:       1116248 kB
Mapped:           805104 kB
Shmem:             22904 kB
KReclaimable:     651436 kB
Slab:             202572 kB
SReclaimable:      66852 kB
SUnreclaim:       135720 kB
KernelStack:       41344 kB
PageTables:        55588 kB
NFS_Unstable:          0 kB
Bounce:                0 kB
WritebackTmp:          0 kB
CommitLimit:     9202296 kB
Committed_AS:   56321056 kB
VmallocTotal:   263061440 kB
VmallocUsed:       98196 kB
VmallocChunk:          0 kB
Percpu:             7584 kB
CmaTotal:         294912 kB
CmaFree:               0 kB
MemTotal:       12113144 kB
MemFree:         6988196 kB
MemAvailable:    8369260 kB
Buffers:            5752 kB
Cached:          1620136 kB
SwapCached:            0 kB
Active:          1325116 kB
Inactive:        1411320 kB
Active(anon):    1117288 kB
Inactive(anon):    20816 kB
Active(file):     207828 kB
Inactive(file):  1390504 kB
Unevictable:        5692 kB
Mlocked:            5692 kB
SwapTotal:       3145724 kB
SwapFree:        3145724 kB
Dirty:               256 kB
Writeback:             0 kB
AnonPages:       1116448 kB
Mapped:           805104 kB
Shmem:             22904 kB
KReclaimable:     651436 kB
Slab:             202508 kB
SReclaimable:      66852 kB
SUnreclaim:       135656 kB
KernelStack:       41344 kB
PageTables:        55584 kB
NFS_Unstable:          0 kB
Bounce:                0 kB
WritebackTmp:          0 kB
CommitLimit:     9202296 kB
Committed_AS:   56320836 kB
VmallocTotal:   263061440 kB
VmallocUsed:       98196 kB
VmallocChunk:          0 kB
Percpu:             7584 kB
CmaTotal:         294912 kB
CmaFree:               0 kB
MemTotal:       12113144 kB
MemFree:         6986916 kB
MemAvailable:    8367980 kB
Buffers:            5752 kB
Cached:          1620136 kB
SwapCached:            0 kB
Active:          1324900 kB
Inactive:        1411320 kB
Active(anon):    1117072 kB
Inactive(anon):    20816 kB
Active(file):     207828 kB
Inactive(file):  1390504 kB
Unevictable:        5692 kB
Mlocked:            5692 kB
SwapTotal:       3145724 kB
SwapFree:        3145724 kB
Dirty:               256 kB
Writeback:             0 kB
AnonPages:       1115820 kB
Mapped:           804844 kB
Shmem:             22904 kB
KReclaimable:     651436 kB
Slab:             202556 kB
SReclaimable:      66852 kB
SUnreclaim:       135704 kB
KernelStack:       41344 kB
PageTables:        55584 kB
NFS_Unstable:          0 kB
Bounce:                0 kB
WritebackTmp:          0 kB
CommitLimit:     9202296 kB
Committed_AS:   56320784 kB
VmallocTotal:   263061440 kB
VmallocUsed:       98228 kB
VmallocChunk:          0 kB
Percpu:             7584 kB
CmaTotal:         294912 kB
CmaFree:               0 kB
MemTotal:       12113144 kB
MemFree:         6987100 kB
MemAvailable:    8368164 kB
Buffers:            5752 kB
Cached:          1620136 kB
SwapCached:            0 kB
Active:          1325236 kB
Inactive:        1411320 kB
Active(anon):    1117408 kB
Inactive(anon):    20816 kB
Active(file):     207828 kB
Inactive(file):  1390504 kB
Unevictable:        5692 kB
Mlocked:            5692 kB
SwapTotal:       3145724 kB
SwapFree:        3145724 kB
Dirty:               260 kB
Writeback:             0 kB
AnonPages:       1116512 kB
Mapped:           805088 kB
Shmem:             22904 kB
KReclaimable:     651436 kB
Slab:             202532 kB
SReclaimable:      66852 kB
SUnreclaim:       135680 kB
KernelStack:       41360 kB
PageTables:        55520 kB
NFS_Unstable:          0 kB
Bounce:                0 kB
WritebackTmp:          0 kB
CommitLimit:     9202296 kB
Committed_AS:   56321216 kB
VmallocTotal:   263061440 kB
VmallocUsed:       98228 kB
VmallocChunk:          0 kB
Percpu:             7584 kB
CmaTotal:         294912 kB
CmaFree:               0 kB
MemTotal:       12113144 kB
MemFree:         6986416 kB
MemAvailable:    8367472 kB
Buffers:            5752 kB
Cached:          1620128 kB
SwapCached:            0 kB
Active:          1325388 kB
Inactive:        1411316 kB
Active(anon):    1117564 kB
Inactive(anon):    20816 kB
Active(file):     207824 kB
Inactive(file):  1390500 kB
Unevictable:        5692 kB
Mlocked:            5692 kB
SwapTotal:       3145724 kB
SwapFree:        3145724 kB
Dirty:               248 kB
Writeback:             0 kB
AnonPages:       1116500 kB
Mapped:           805104 kB
Shmem:             22904 kB
KReclaimable:     651436 kB
Slab:             202556 kB
SReclaimable:      66852 kB
SUnreclaim:       135704 kB
KernelStack:       41360 kB
PageTables:        55588 kB
NFS_Unstable:          0 kB
Bounce:                0 kB
WritebackTmp:          0 kB
CommitLimit:     9202296 kB
Committed_AS:   56321356 kB
VmallocTotal:   263061440 kB
VmallocUsed:       98228 kB
VmallocChunk:          0 kB
Percpu:             7584 kB
CmaTotal:         294912 kB
CmaFree:               0 kB
MemTotal:       12113144 kB
MemFree:         7000300 kB
MemAvailable:    8397172 kB
Buffers:            5752 kB
Cached:          1619856 kB
SwapCached:            0 kB
Active:          1311184 kB
Inactive:        1411180 kB
Active(anon):    1103280 kB
Inactive(anon):    20752 kB
Active(file):     207904 kB
Inactive(file):  1390428 kB
Unevictable:        5692 kB
Mlocked:            5692 kB
SwapTotal:       3145724 kB
SwapFree:        3145724 kB
Dirty:               252 kB
Writeback:             0 kB
AnonPages:       1102592 kB
Mapped:           804444 kB
Shmem:             22624 kB
KReclaimable:     667244 kB
Slab:             202536 kB
SReclaimable:      66852 kB
SUnreclaim:       135684 kB
KernelStack:       41360 kB
PageTables:        55580 kB
NFS_Unstable:          0 kB
Bounce:                0 kB
WritebackTmp:          0 kB
CommitLimit:     9202296 kB
Committed_AS:   56321124 kB
VmallocTotal:   263061440 kB
VmallocUsed:       98212 kB
VmallocChunk:          0 kB
Percpu:             7584 kB
CmaTotal:         294912 kB
CmaFree:               0 kB
MemTotal:       12113144 kB
MemFree:         6999432 kB
MemAvailable:    8396316 kB
Buffers:            5756 kB
Cached:          1619868 kB
SwapCached:            0 kB
Active:          1312104 kB
Inactive:        1411192 kB
Active(anon):    1104196 kB
Inactive(anon):    20756 kB
Active(file):     207908 kB
Inactive(file):  1390436 kB
Unevictable:        5692 kB
Mlocked:            5692 kB
SwapTotal:       3145724 kB
SwapFree:        3145724 kB
Dirty:               248 kB
Writeback:             0 kB
AnonPages:       1103408 kB
Mapped:           804448 kB
Shmem:             22628 kB
KReclaimable:     667244 kB
Slab:             202576 kB
SReclaimable:      66852 kB
SUnreclaim:       135724 kB
KernelStack:       41392 kB
PageTables:        55580 kB
NFS_Unstable:          0 kB
Bounce:                0 kB
WritebackTmp:          0 kB
CommitLimit:     9202296 kB
Committed_AS:   56320740 kB
VmallocTotal:   263061440 kB
VmallocUsed:       98244 kB
VmallocChunk:          0 kB
Percpu:             7584 kB
CmaTotal:         294912 kB
CmaFree:               0 kB
MemTotal:       12113144 kB
MemFree:         6998948 kB
MemAvailable:    8395832 kB
Buffers:            5756 kB
Cached:          1619868 kB
SwapCached:            0 kB
Active:          1312468 kB
Inactive:        1411192 kB
Active(anon):    1104560 kB
Inactive(anon):    20756 kB
Active(file):     207908 kB
Inactive(file):  1390436 kB
Unevictable:        5692 kB
Mlocked:            5692 kB
SwapTotal:       3145724 kB
SwapFree:        3145724 kB
Dirty:               244 kB
Writeback:             0 kB
AnonPages:       1103912 kB
Mapped:           804448 kB
Shmem:             22628 kB
KReclaimable:     667244 kB
Slab:             202572 kB
SReclaimable:      66852 kB
SUnreclaim:       135720 kB
KernelStack:       41392 kB
PageTables:        55580 kB
NFS_Unstable:          0 kB
Bounce:                0 kB
WritebackTmp:          0 kB
CommitLimit:     9202296 kB
Committed_AS:   56320564 kB
VmallocTotal:   263061440 kB
VmallocUsed:       98244 kB
VmallocChunk:          0 kB
Percpu:             7584 kB
CmaTotal:         294912 kB
CmaFree:               0 kB
MemTotal:       12113144 kB
MemFree:         6999768 kB
MemAvailable:    8396652 kB
Buffers:            5756 kB
Cached:          1619868 kB
SwapCached:            0 kB
Active:          1312644 kB
Inactive:        1411192 kB
Active(anon):    1104736 kB
Inactive(anon):    20756 kB
Active(file):     207908 kB
Inactive(file):  1390436 kB
Unevictable:        5692 kB
Mlocked:            5692 kB
SwapTotal:       3145724 kB
SwapFree:        3145724 kB
Dirty:               244 kB
Writeback:             0 kB
AnonPages:       1103708 kB
Mapped:           804188 kB
Shmem:             22628 kB
KReclaimable:     667244 kB
Slab:             202492 kB
SReclaimable:      66852 kB
SUnreclaim:       135640 kB
KernelStack:       41392 kB
PageTables:        55588 kB
NFS_Unstable:          0 kB
Bounce:                0 kB
WritebackTmp:          0 kB
CommitLimit:     9202296 kB
Committed_AS:   56320564 kB
VmallocTotal:   263061440 kB
VmallocUsed:       98228 kB
VmallocChunk:          0 kB
Percpu:             7584 kB
CmaTotal:         294912 kB
CmaFree:             128 kB
MemTotal:       12113144 kB
MemFree:         6999412 kB
MemAvailable:    8396296 kB
Buffers:            5756 kB
Cached:          1619868 kB
SwapCached:            0 kB
Active:          1313292 kB
Inactive:        1411192 kB
Active(anon):    1105384 kB
Inactive(anon):    20756 kB
Active(file):     207908 kB
Inactive(file):  1390436 kB
Unevictable:        5692 kB
Mlocked:            5692 kB
SwapTotal:       3145724 kB
SwapFree:        3145724 kB
Dirty:               244 kB
Writeback:             0 kB
AnonPages:       1104624 kB
Mapped:           804188 kB
Shmem:             22628 kB
KReclaimable:     667244 kB
Slab:             202636 kB
SReclaimable:      66852 kB
SUnreclaim:       135784 kB
KernelStack:       41392 kB
PageTables:        55580 kB
NFS_Unstable:          0 kB
Bounce:                0 kB
WritebackTmp:          0 kB
CommitLimit:     9202296 kB
Committed_AS:   56321232 kB
VmallocTotal:   263061440 kB
VmallocUsed:       98228 kB
VmallocChunk:          0 kB
Percpu:             7584 kB
CmaTotal:         294912 kB
CmaFree:               0 kB
MemTotal:       12113144 kB
MemFree:         6999012 kB
MemAvailable:    8395888 kB
Buffers:            5756 kB
Cached:          1619860 kB
SwapCached:            0 kB
Active:          1313336 kB
Inactive:        1411188 kB
Active(anon):    1105432 kB
Inactive(anon):    20756 kB
Active(file):     207904 kB
Inactive(file):  1390432 kB
Unevictable:        5692 kB
Mlocked:            5692 kB
SwapTotal:       3145724 kB
SwapFree:        3145724 kB
Dirty:               240 kB
Writeback:             0 kB
AnonPages:       1104592 kB
Mapped:           804448 kB
Shmem:             22628 kB
KReclaimable:     667244 kB
Slab:             202452 kB
SReclaimable:      66852 kB
SUnreclaim:       135600 kB
KernelStack:       41408 kB
PageTables:        55596 kB
NFS_Unstable:          0 kB
Bounce:                0 kB
WritebackTmp:          0 kB
CommitLimit:     9202296 kB
Committed_AS:   56320684 kB
VmallocTotal:   263061440 kB
VmallocUsed:       98244 kB
VmallocChunk:          0 kB
Percpu:             7584 kB
CmaTotal:         294912 kB
CmaFree:              28 kB
MemTotal:       12113144 kB
MemFree:         6998156 kB
MemAvailable:    8395040 kB
Buffers:            5756 kB
Cached:          1619868 kB
SwapCached:            0 kB
Active:          1313876 kB
Inactive:        1411192 kB
Active(anon):    1105968 kB
Inactive(anon):    20756 kB
Active(file):     207908 kB
Inactive(file):  1390436 kB
Unevictable:        5692 kB
Mlocked:            5692 kB
SwapTotal:       3145724 kB
SwapFree:        3145724 kB
Dirty:               244 kB
Writeback:             0 kB
AnonPages:       1105256 kB
Mapped:           804448 kB
Shmem:             22628 kB
KReclaimable:     667244 kB
Slab:             202484 kB
SReclaimable:      66852 kB
SUnreclaim:       135632 kB
KernelStack:       41408 kB
PageTables:        55584 kB
NFS_Unstable:          0 kB
Bounce:                0 kB
WritebackTmp:          0 kB
CommitLimit:     9202296 kB
Committed_AS:   56320612 kB
VmallocTotal:   263061440 kB
VmallocUsed:       98260 kB
VmallocChunk:          0 kB
Percpu:             7584 kB
CmaTotal:         294912 kB
CmaFree:               0 kB
MemTotal:       12113144 kB
MemFree:         6998668 kB
MemAvailable:    8395552 kB
Buffers:            5756 kB
Cached:          1619868 kB
SwapCached:            0 kB
Active:          1314236 kB
Inactive:        1411192 kB
Active(anon):    1106328 kB
Inactive(anon):    20756 kB
Active(file):     207908 kB
Inactive(file):  1390436 kB
Unevictable:        5692 kB
Mlocked:            5692 kB
SwapTotal:       3145724 kB
SwapFree:        3145724 kB
Dirty:               244 kB
Writeback:             0 kB
AnonPages:       1105656 kB
Mapped:           804192 kB
Shmem:             22628 kB
KReclaimable:     667244 kB
Slab:             202560 kB
SReclaimable:      66852 kB
SUnreclaim:       135708 kB
KernelStack:       41424 kB
PageTables:        55600 kB
NFS_Unstable:          0 kB
Bounce:                0 kB
WritebackTmp:          0 kB
CommitLimit:     9202296 kB
Committed_AS:   56320328 kB
VmallocTotal:   263061440 kB
VmallocUsed:       98260 kB
VmallocChunk:          0 kB
Percpu:             7584 kB
CmaTotal:         294912 kB
CmaFree:               0 kB
MemTotal:       12113144 kB
MemFree:         6997372 kB
MemAvailable:    8394260 kB
Buffers:            5756 kB
Cached:          1619872 kB
SwapCached:            0 kB
Active:          1314768 kB
Inactive:        1411196 kB
Active(anon):    1106860 kB
Inactive(anon):    20756 kB
Active(file):     207908 kB
Inactive(file):  1390440 kB
Unevictable:        5692 kB
Mlocked:            5692 kB
SwapTotal:       3145724 kB
SwapFree:        3145724 kB
Dirty:                92 kB
Writeback:             0 kB
AnonPages:       1106156 kB
Mapped:           804448 kB
Shmem:             22628 kB
KReclaimable:     667244 kB
Slab:             202496 kB
SReclaimable:      66852 kB
SUnreclaim:       135644 kB
KernelStack:       41408 kB
PageTables:        55584 kB
NFS_Unstable:          0 kB
Bounce:                0 kB
WritebackTmp:          0 kB
CommitLimit:     9202296 kB
Committed_AS:   56320212 kB
VmallocTotal:   263061440 kB
VmallocUsed:       98244 kB
VmallocChunk:          0 kB
Percpu:             7584 kB
CmaTotal:         294912 kB
CmaFree:               0 kB
MemTotal:       12113144 kB
MemFree:         6996768 kB
MemAvailable:    8393656 kB
Buffers:            5756 kB
Cached:          1619872 kB
SwapCached:            0 kB
Active:          1315240 kB
Inactive:        1411196 kB
Active(anon):    1107332 kB
Inactive(anon):    20756 kB
Active(file):     207908 kB
Inactive(file):  1390440 kB
Unevictable:        5692 kB
Mlocked:            5692 kB
SwapTotal:       3145724 kB
SwapFree:        3145724 kB
Dirty:                92 kB
Writeback:             0 kB
AnonPages:       1106612 kB
Mapped:           804188 kB
Shmem:             22628 kB
KReclaimable:     667244 kB
Slab:             202648 kB
SReclaimable:      66852 kB
SUnreclaim:       135796 kB
KernelStack:       41408 kB
PageTables:        55584 kB
NFS_Unstable:          0 kB
Bounce:                0 kB
WritebackTmp:          0 kB
CommitLimit:     9202296 kB
Committed_AS:   56320292 kB
VmallocTotal:   263061440 kB
VmallocUsed:       98260 kB
VmallocChunk:          0 kB
Percpu:             7584 kB
CmaTotal:         294912 kB
CmaFree:               0 kB
MemTotal:       12113144 kB
MemFree:         6996876 kB
MemAvailable:    8393764 kB
Buffers:            5756 kB
Cached:          1619876 kB
SwapCached:            0 kB
Active:          1315720 kB
Inactive:        1411200 kB
Active(anon):    1107812 kB
Inactive(anon):    20760 kB
Active(file):     207908 kB
Inactive(file):  1390440 kB
Unevictable:        5692 kB
Mlocked:            5692 kB
SwapTotal:       3145724 kB
SwapFree:        3145724 kB
Dirty:                92 kB
Writeback:             0 kB
AnonPages:       1107060 kB
Mapped:           804192 kB
Shmem:             22632 kB
KReclaimable:     667244 kB
Slab:             202528 kB
SReclaimable:      66852 kB
SUnreclaim:       135676 kB
KernelStack:       41408 kB
PageTables:        55588 kB
NFS_Unstable:          0 kB
Bounce:                0 kB
WritebackTmp:          0 kB
CommitLimit:     9202296 kB
Committed_AS:   56319940 kB
VmallocTotal:   263061440 kB
VmallocUsed:       98244 kB
VmallocChunk:          0 kB
Percpu:             7584 kB
CmaTotal:         294912 kB
CmaFree:               0 kB
MemTotal:       12113144 kB
MemFree:         6996768 kB
MemAvailable:    8393668 kB
Buffers:            5756 kB
Cached:          1619888 kB
SwapCached:            0 kB
Active:          1315124 kB
Inactive:        1411212 kB
Active(anon):    1107216 kB
Inactive(anon):    20760 kB
Active(file):     207908 kB
Inactive(file):  1390452 kB
Unevictable:        5692 kB
Mlocked:            5692 kB
SwapTotal:       3145724 kB
SwapFree:        3145724 kB
Dirty:               144 kB
Writeback:             0 kB
AnonPages:       1106484 kB
Mapped:           804452 kB
Shmem:             22632 kB
KReclaimable:     667244 kB
Slab:             202568 kB
SReclaimable:      66852 kB
SUnreclaim:       135716 kB
KernelStack:       41408 kB
PageTables:        55584 kB
NFS_Unstable:          0 kB
Bounce:                0 kB
WritebackTmp:          0 kB
CommitLimit:     9202296 kB
Committed_AS:   56319904 kB
VmallocTotal:   263061440 kB
VmallocUsed:       98260 kB
VmallocChunk:          0 kB
Percpu:             7584 kB
CmaTotal:         294912 kB
CmaFree:               0 kB
MemTotal:       12113144 kB
MemFree:         6996632 kB
MemAvailable:    8393544 kB
Buffers:            5756 kB
Cached:          1619900 kB
SwapCached:            0 kB
Active:          1315736 kB
Inactive:        1411216 kB
Active(anon):    1107820 kB
Inactive(anon):    20760 kB
Active(file):     207916 kB
Inactive(file):  1390456 kB
Unevictable:        5692 kB
Mlocked:            5692 kB
SwapTotal:       3145724 kB
SwapFree:        3145724 kB
Dirty:               160 kB
Writeback:             0 kB
AnonPages:       1107100 kB
Mapped:           804452 kB
Shmem:             22632 kB
KReclaimable:     667244 kB
Slab:             202548 kB
SReclaimable:      66852 kB
SUnreclaim:       135696 kB
KernelStack:       41408 kB
PageTables:        55584 kB
NFS_Unstable:          0 kB
Bounce:                0 kB
WritebackTmp:          0 kB
CommitLimit:     9202296 kB
Committed_AS:   56319596 kB
VmallocTotal:   263061440 kB
VmallocUsed:       98260 kB
VmallocChunk:          0 kB
Percpu:             7584 kB
CmaTotal:         294912 kB
CmaFree:               0 kB
MemTotal:       12113144 kB
MemFree:         6996968 kB
MemAvailable:    8393868 kB
Buffers:            5756 kB
Cached:          1619888 kB
SwapCached:            0 kB
Active:          1316040 kB
Inactive:        1411212 kB
Active(anon):    1108132 kB
Inactive(anon):    20760 kB
Active(file):     207908 kB
Inactive(file):  1390452 kB
Unevictable:        5692 kB
Mlocked:            5692 kB
SwapTotal:       3145724 kB
SwapFree:        3145724 kB
Dirty:               144 kB
Writeback:             0 kB
AnonPages:       1107556 kB
Mapped:           804192 kB
Shmem:             22632 kB
KReclaimable:     667244 kB
Slab:             202556 kB
SReclaimable:      66852 kB
SUnreclaim:       135704 kB
KernelStack:       41408 kB
PageTables:        55584 kB
NFS_Unstable:          0 kB
Bounce:                0 kB
WritebackTmp:          0 kB
CommitLimit:     9202296 kB
Committed_AS:   56319816 kB
VmallocTotal:   263061440 kB
VmallocUsed:       98260 kB
VmallocChunk:          0 kB
Percpu:             7584 kB
CmaTotal:         294912 kB
CmaFree:               0 kB
MemTotal:       12113144 kB
MemFree:         6996368 kB
MemAvailable:    8393268 kB
Buffers:            5756 kB
Cached:          1619888 kB
SwapCached:            0 kB
Active:          1316120 kB
Inactive:        1411212 kB
Active(anon):    1108212 kB
Inactive(anon):    20760 kB
Active(file):     207908 kB
Inactive(file):  1390452 kB
Unevictable:        5692 kB
Mlocked:            5692 kB
SwapTotal:       3145724 kB
SwapFree:        3145724 kB
Dirty:               140 kB
Writeback:             0 kB
AnonPages:       1107636 kB
Mapped:           804452 kB
Shmem:             22632 kB
KReclaimable:     667244 kB
Slab:             202516 kB
SReclaimable:      66852 kB
SUnreclaim:       135664 kB
KernelStack:       41408 kB
PageTables:        55584 kB
NFS_Unstable:          0 kB
Bounce:                0 kB
WritebackTmp:          0 kB
CommitLimit:     9202296 kB
Committed_AS:   56319688 kB
VmallocTotal:   263061440 kB
VmallocUsed:       98276 kB
VmallocChunk:          0 kB
Percpu:             7584 kB
CmaTotal:         294912 kB
CmaFree:               0 kB
MemTotal:       12113144 kB
MemFree:         6996100 kB
MemAvailable:    8393000 kB
Buffers:            5756 kB
Cached:          1619888 kB
SwapCached:            0 kB
Active:          1316604 kB
Inactive:        1411212 kB
Active(anon):    1108696 kB
Inactive(anon):    20760 kB
Active(file):     207908 kB
Inactive(file):  1390452 kB
Unevictable:        5692 kB
Mlocked:            5692 kB
SwapTotal:       3145724 kB
SwapFree:        3145724 kB
Dirty:               144 kB
Writeback:             0 kB
AnonPages:       1107904 kB
Mapped:           804452 kB
Shmem:             22632 kB
KReclaimable:     667244 kB
Slab:             202564 kB
SReclaimable:      66852 kB
SUnreclaim:       135712 kB
KernelStack:       41408 kB
PageTables:        55596 kB
NFS_Unstable:          0 kB
Bounce:                0 kB
WritebackTmp:          0 kB
CommitLimit:     9202296 kB
Committed_AS:   56319864 kB
VmallocTotal:   263061440 kB
VmallocUsed:       98260 kB
VmallocChunk:          0 kB
Percpu:             7584 kB
CmaTotal:         294912 kB
CmaFree:               0 kB
MemTotal:       12113144 kB
MemFree:         6995600 kB
MemAvailable:    8392500 kB
Buffers:            5756 kB
Cached:          1619888 kB
SwapCached:            0 kB
Active:          1317400 kB
Inactive:        1411212 kB
Active(anon):    1109492 kB
Inactive(anon):    20760 kB
Active(file):     207908 kB
Inactive(file):  1390452 kB
Unevictable:        5692 kB
Mlocked:            5692 kB
SwapTotal:       3145724 kB
SwapFree:        3145724 kB
Dirty:               144 kB
Writeback:             0 kB
AnonPages:       1108512 kB
Mapped:           804452 kB
Shmem:             22632 kB
KReclaimable:     667244 kB
Slab:             202548 kB
SReclaimable:      66852 kB
SUnreclaim:       135696 kB
KernelStack:       41408 kB
PageTables:        55580 kB
NFS_Unstable:          0 kB
Bounce:                0 kB
WritebackTmp:          0 kB
CommitLimit:     9202296 kB
Committed_AS:   56318964 kB
VmallocTotal:   263061440 kB
VmallocUsed:       98324 kB
VmallocChunk:          0 kB
Percpu:             7584 kB
CmaTotal:         294912 kB
CmaFree:               0 kB
MemTotal:       12113144 kB
MemFree:         6995060 kB
MemAvailable:    8392076 kB
Buffers:            5764 kB
Cached:          1619900 kB
SwapCached:            0 kB
Active:          1318112 kB
Inactive:        1411224 kB
Active(anon):    1110196 kB
Inactive(anon):    20760 kB
Active(file):     207916 kB
Inactive(file):  1390464 kB
Unevictable:        5692 kB
Mlocked:            5692 kB
SwapTotal:       3145724 kB
SwapFree:        3145724 kB
Dirty:               128 kB
Writeback:             0 kB
AnonPages:       1109576 kB
Mapped:           804452 kB
Shmem:             22632 kB
KReclaimable:     667244 kB
Slab:             202616 kB
SReclaimable:      66852 kB
SUnreclaim:       135764 kB
KernelStack:       41408 kB
PageTables:        55596 kB
NFS_Unstable:          0 kB
Bounce:                0 kB
WritebackTmp:          0 kB
CommitLimit:     9202296 kB
Committed_AS:   56318700 kB
VmallocTotal:   263061440 kB
VmallocUsed:       98324 kB
VmallocChunk:          0 kB
Percpu:             7584 kB
CmaTotal:         294912 kB
CmaFree:               0 kB
MemTotal:       12113144 kB
MemFree:         6994432 kB
MemAvailable:    8391352 kB
Buffers:            5764 kB
Cached:          1619900 kB
SwapCached:            0 kB
Active:          1318816 kB
Inactive:        1411224 kB
Active(anon):    1110900 kB
Inactive(anon):    20760 kB
Active(file):     207916 kB
Inactive(file):  1390464 kB
Unevictable:        5692 kB
Mlocked:            5692 kB
SwapTotal:       3145724 kB
SwapFree:        3145724 kB
Dirty:               128 kB
Writeback:             0 kB
AnonPages:       1110332 kB
Mapped:           804452 kB
Shmem:             22632 kB
KReclaimable:     667244 kB
Slab:             202616 kB
SReclaimable:      66852 kB
SUnreclaim:       135764 kB
KernelStack:       41392 kB
PageTables:        55580 kB
NFS_Unstable:          0 kB
Bounce:                0 kB
WritebackTmp:          0 kB
CommitLimit:     9202296 kB
Committed_AS:   56319144 kB
VmallocTotal:   263061440 kB
VmallocUsed:       98308 kB
VmallocChunk:          0 kB
Percpu:             7584 kB
CmaTotal:         294912 kB
CmaFree:               0 kB
MemTotal:       12113144 kB
MemFree:         6993512 kB
MemAvailable:    8390432 kB
Buffers:            5764 kB
Cached:          1619900 kB
SwapCached:            0 kB
Active:          1318952 kB
Inactive:        1411224 kB
Active(anon):    1111036 kB
Inactive(anon):    20760 kB
Active(file):     207916 kB
Inactive(file):  1390464 kB
Unevictable:        5692 kB
Mlocked:            5692 kB
SwapTotal:       3145724 kB
SwapFree:        3145724 kB
Dirty:               128 kB
Writeback:             0 kB
AnonPages:       1110244 kB
Mapped:           804216 kB
Shmem:             22632 kB
KReclaimable:     667244 kB
Slab:             202616 kB
SReclaimable:      66852 kB
SUnreclaim:       135764 kB
KernelStack:       41424 kB
PageTables:        55608 kB
NFS_Unstable:          0 kB
Bounce:                0 kB
WritebackTmp:          0 kB
CommitLimit:     9202296 kB
Committed_AS:   56319468 kB
VmallocTotal:   263061440 kB
VmallocUsed:       98292 kB
VmallocChunk:          0 kB
Percpu:             7584 kB
CmaTotal:         294912 kB
CmaFree:               0 kB
MemTotal:       12113144 kB
MemFree:         6993720 kB
MemAvailable:    8390640 kB
Buffers:            5764 kB
Cached:          1619900 kB
SwapCached:            0 kB
Active:          1318924 kB
Inactive:        1411224 kB
Active(anon):    1111008 kB
Inactive(anon):    20760 kB
Active(file):     207916 kB
Inactive(file):  1390464 kB
Unevictable:        5692 kB
Mlocked:            5692 kB
SwapTotal:       3145724 kB
SwapFree:        3145724 kB
Dirty:               128 kB
Writeback:             0 kB
AnonPages:       1110492 kB
Mapped:           804452 kB
Shmem:             22632 kB
KReclaimable:     667244 kB
Slab:             202528 kB
SReclaimable:      66852 kB
SUnreclaim:       135676 kB
KernelStack:       41392 kB
PageTables:        55584 kB
NFS_Unstable:          0 kB
Bounce:                0 kB
WritebackTmp:          0 kB
CommitLimit:     9202296 kB
Committed_AS:   56319512 kB
VmallocTotal:   263061440 kB
VmallocUsed:       98276 kB
VmallocChunk:          0 kB
Percpu:             7584 kB
CmaTotal:         294912 kB
CmaFree:               0 kB
MemTotal:       12113144 kB
MemFree:         6993364 kB
MemAvailable:    8390272 kB
Buffers:            5764 kB
Cached:          1619888 kB
SwapCached:            0 kB
Active:          1319160 kB
Inactive:        1411216 kB
Active(anon):    1111248 kB
Inactive(anon):    20760 kB
Active(file):     207912 kB
Inactive(file):  1390456 kB
Unevictable:        5692 kB
Mlocked:            5692 kB
SwapTotal:       3145724 kB
SwapFree:        3145724 kB
Dirty:               124 kB
Writeback:             0 kB
AnonPages:       1110712 kB
Mapped:           804364 kB
Shmem:             22632 kB
KReclaimable:     667244 kB
Slab:             202600 kB
SReclaimable:      66852 kB
SUnreclaim:       135748 kB
KernelStack:       41424 kB
PageTables:        55636 kB
NFS_Unstable:          0 kB
Bounce:                0 kB
WritebackTmp:          0 kB
CommitLimit:     9202296 kB
Committed_AS:   56319820 kB
VmallocTotal:   263061440 kB
VmallocUsed:       98292 kB
VmallocChunk:          0 kB
Percpu:             7584 kB
CmaTotal:         294912 kB
CmaFree:               0 kB
MemTotal:       12113144 kB
MemFree:         6992924 kB
MemAvailable:    8389844 kB
Buffers:            5764 kB
Cached:          1619900 kB
SwapCached:            0 kB
Active:          1319800 kB
Inactive:        1411224 kB
Active(anon):    1111884 kB
Inactive(anon):    20760 kB
Active(file):     207916 kB
Inactive(file):  1390464 kB
Unevictable:        5692 kB
Mlocked:            5692 kB
SwapTotal:       3145724 kB
SwapFree:        3145724 kB
Dirty:               128 kB
Writeback:             0 kB
AnonPages:       1111360 kB
Mapped:           804452 kB
Shmem:             22632 kB
KReclaimable:     667244 kB
Slab:             202492 kB
SReclaimable:      66852 kB
SUnreclaim:       135640 kB
KernelStack:       41376 kB
PageTables:        55592 kB
NFS_Unstable:          0 kB
Bounce:                0 kB
WritebackTmp:          0 kB
CommitLimit:     9202296 kB
Committed_AS:   56319644 kB
VmallocTotal:   263061440 kB
VmallocUsed:       98292 kB
VmallocChunk:          0 kB
Percpu:             7584 kB
CmaTotal:         294912 kB
CmaFree:               0 kB
MemTotal:       12113144 kB
MemFree:         6993872 kB
MemAvailable:    8390792 kB
Buffers:            5764 kB
Cached:          1619900 kB
SwapCached:            0 kB
Active:          1319924 kB
Inactive:        1411224 kB
Active(anon):    1112008 kB
Inactive(anon):    20760 kB
Active(file):     207916 kB
Inactive(file):  1390464 kB
Unevictable:        5692 kB
Mlocked:            5692 kB
SwapTotal:       3145724 kB
SwapFree:        3145724 kB
Dirty:               128 kB
Writeback:             0 kB
AnonPages:       1111280 kB
Mapped:           804452 kB
Shmem:             22632 kB
KReclaimable:     667244 kB
Slab:             202652 kB
SReclaimable:      66852 kB
SUnreclaim:       135800 kB
KernelStack:       41376 kB
PageTables:        55588 kB
NFS_Unstable:          0 kB
Bounce:                0 kB
WritebackTmp:          0 kB
CommitLimit:     9202296 kB
Committed_AS:   56319748 kB
VmallocTotal:   263061440 kB
VmallocUsed:       98276 kB
VmallocChunk:          0 kB
Percpu:             7584 kB
CmaTotal:         294912 kB
CmaFree:               0 kB
MemTotal:       12113144 kB
MemFree:         6993524 kB
MemAvailable:    8390444 kB
Buffers:            5764 kB
Cached:          1619900 kB
SwapCached:            0 kB
Active:          1320328 kB
Inactive:        1411224 kB
Active(anon):    1112412 kB
Inactive(anon):    20760 kB
Active(file):     207916 kB
Inactive(file):  1390464 kB
Unevictable:        5692 kB
Mlocked:            5692 kB
SwapTotal:       3145724 kB
SwapFree:        3145724 kB
Dirty:               132 kB
Writeback:             0 kB
AnonPages:       1111768 kB
Mapped:           804192 kB
Shmem:             22632 kB
KReclaimable:     667244 kB
Slab:             202468 kB
SReclaimable:      66852 kB
SUnreclaim:       135616 kB
KernelStack:       41376 kB
PageTables:        55592 kB
NFS_Unstable:          0 kB
Bounce:                0 kB
WritebackTmp:          0 kB
CommitLimit:     9202296 kB
Committed_AS:   56320016 kB
VmallocTotal:   263061440 kB
VmallocUsed:       98292 kB
VmallocChunk:          0 kB
Percpu:             7584 kB
CmaTotal:         294912 kB
CmaFree:               0 kB
MemTotal:       12113144 kB
MemFree:         7001700 kB
MemAvailable:    8398624 kB
Buffers:            5764 kB
Cached:          1619904 kB
SwapCached:            0 kB
Active:          1310436 kB
Inactive:        1411228 kB
Active(anon):    1102520 kB
Inactive(anon):    20760 kB
Active(file):     207916 kB
Inactive(file):  1390468 kB
Unevictable:        5692 kB
Mlocked:            5692 kB
SwapTotal:       3145724 kB
SwapFree:        3145724 kB
Dirty:               148 kB
Writeback:             0 kB
AnonPages:       1101764 kB
Mapped:           804452 kB
Shmem:             22632 kB
KReclaimable:     667244 kB
Slab:             202668 kB
SReclaimable:      66852 kB
SUnreclaim:       135816 kB
KernelStack:       41392 kB
PageTables:        55596 kB
NFS_Unstable:          0 kB
Bounce:                0 kB
WritebackTmp:          0 kB
CommitLimit:     9202296 kB
Committed_AS:   56319708 kB
VmallocTotal:   263061440 kB
VmallocUsed:       98308 kB
VmallocChunk:          0 kB
Percpu:             7584 kB
CmaTotal:         294912 kB
CmaFree:              64 kB
MemTotal:       12113144 kB
MemFree:         7001860 kB
MemAvailable:    8398784 kB
Buffers:            5764 kB
Cached:          1619904 kB
SwapCached:            0 kB
Active:          1311180 kB
Inactive:        1411228 kB
Active(anon):    1103264 kB
Inactive(anon):    20760 kB
Active(file):     207916 kB
Inactive(file):  1390468 kB
Unevictable:        5692 kB
Mlocked:            5692 kB
SwapTotal:       3145724 kB
SwapFree:        3145724 kB
Dirty:               148 kB
Writeback:             0 kB
AnonPages:       1101904 kB
Mapped:           804384 kB
Shmem:             22632 kB
KReclaimable:     667244 kB
Slab:             202548 kB
SReclaimable:      66852 kB
SUnreclaim:       135696 kB
KernelStack:       41376 kB
PageTables:        55540 kB
NFS_Unstable:          0 kB
Bounce:                0 kB
WritebackTmp:          0 kB
CommitLimit:     9202296 kB
Committed_AS:   56319292 kB
VmallocTotal:   263061440 kB
VmallocUsed:       98308 kB
VmallocChunk:          0 kB
Percpu:             7584 kB
CmaTotal:         294912 kB
CmaFree:               0 kB
MemTotal:       12113144 kB
MemFree:         7000800 kB
MemAvailable:    8397724 kB
Buffers:            5764 kB
Cached:          1619904 kB
SwapCached:            0 kB
Active:          1311040 kB
Inactive:        1411228 kB
Active(anon):    1103124 kB
Inactive(anon):    20760 kB
Active(file):     207916 kB
Inactive(file):  1390468 kB
Unevictable:        5692 kB
Mlocked:            5692 kB
SwapTotal:       3145724 kB
SwapFree:        3145724 kB
Dirty:               152 kB
Writeback:             0 kB
AnonPages:       1102516 kB
Mapped:           804456 kB
Shmem:             22632 kB
KReclaimable:     667244 kB
Slab:             202656 kB
SReclaimable:      66852 kB
SUnreclaim:       135804 kB
KernelStack:       41376 kB
PageTables:        55584 kB
NFS_Unstable:          0 kB
Bounce:                0 kB
WritebackTmp:          0 kB
CommitLimit:     9202296 kB
Committed_AS:   56319212 kB
VmallocTotal:   263061440 kB
VmallocUsed:       98308 kB
VmallocChunk:          0 kB
Percpu:             7584 kB
CmaTotal:         294912 kB
CmaFree:               0 kB
MemTotal:       12113144 kB
MemFree:         7001428 kB
MemAvailable:    8398352 kB
Buffers:            5764 kB
Cached:          1619904 kB
SwapCached:            0 kB
Active:          1311392 kB
Inactive:        1411228 kB
Active(anon):    1103476 kB
Inactive(anon):    20760 kB
Active(file):     207916 kB
Inactive(file):  1390468 kB
Unevictable:        5692 kB
Mlocked:            5692 kB
SwapTotal:       3145724 kB
SwapFree:        3145724 kB
Dirty:               152 kB
Writeback:             0 kB
AnonPages:       1102628 kB
Mapped:           804456 kB
Shmem:             22632 kB
KReclaimable:     667244 kB
Slab:             202504 kB
SReclaimable:      66852 kB
SUnreclaim:       135652 kB
KernelStack:       41376 kB
PageTables:        55588 kB
NFS_Unstable:          0 kB
Bounce:                0 kB
WritebackTmp:          0 kB
CommitLimit:     9202296 kB
Committed_AS:   56319300 kB
VmallocTotal:   263061440 kB
VmallocUsed:       98324 kB
VmallocChunk:          0 kB
Percpu:             7584 kB
CmaTotal:         294912 kB
CmaFree:               0 kB
MemTotal:       12113144 kB
MemFree:         7000396 kB
MemAvailable:    8397320 kB
Buffers:            5764 kB
Cached:          1619904 kB
SwapCached:            0 kB
Active:          1311868 kB
Inactive:        1411228 kB
Active(anon):    1103952 kB
Inactive(anon):    20760 kB
Active(file):     207916 kB
Inactive(file):  1390468 kB
Unevictable:        5692 kB
Mlocked:            5692 kB
SwapTotal:       3145724 kB
SwapFree:        3145724 kB
Dirty:               152 kB
Writeback:             0 kB
AnonPages:       1103212 kB
Mapped:           804196 kB
Shmem:             22632 kB
KReclaimable:     667244 kB
Slab:             202616 kB
SReclaimable:      66852 kB
SUnreclaim:       135764 kB
KernelStack:       41392 kB
PageTables:        55600 kB
NFS_Unstable:          0 kB
Bounce:                0 kB
WritebackTmp:          0 kB
CommitLimit:     9202296 kB
Committed_AS:   56320100 kB
VmallocTotal:   263061440 kB
VmallocUsed:       98292 kB
VmallocChunk:          0 kB
Percpu:             7584 kB
CmaTotal:         294912 kB
CmaFree:               0 kB
MemTotal:       12113144 kB
MemFree:         7000792 kB
MemAvailable:    8397728 kB
Buffers:            5768 kB
Cached:          1619912 kB
SwapCached:            0 kB
Active:          1312832 kB
Inactive:        1411236 kB
Active(anon):    1104912 kB
Inactive(anon):    20760 kB
Active(file):     207920 kB
Inactive(file):  1390476 kB
Unevictable:        5692 kB
Mlocked:            5692 kB
SwapTotal:       3145724 kB
SwapFree:        3145724 kB
Dirty:               176 kB
Writeback:             0 kB
AnonPages:       1104124 kB
Mapped:           804440 kB
Shmem:             22632 kB
KReclaimable:     667244 kB
Slab:             202600 kB
SReclaimable:      66852 kB
SUnreclaim:       135748 kB
KernelStack:       41376 kB
PageTables:        55520 kB
NFS_Unstable:          0 kB
Bounce:                0 kB
WritebackTmp:          0 kB
CommitLimit:     9202296 kB
Committed_AS:   56317556 kB
VmallocTotal:   263061440 kB
VmallocUsed:       98324 kB
VmallocChunk:          0 kB
Percpu:             7584 kB
CmaTotal:         294912 kB
CmaFree:               0 kB
MemTotal:       12113144 kB
MemFree:         6999824 kB
MemAvailable:    8396776 kB
Buffers:            5768 kB
Cached:          1619928 kB
SwapCached:            0 kB
Active:          1313276 kB
Inactive:        1411248 kB
Active(anon):    1105352 kB
Inactive(anon):    20760 kB
Active(file):     207924 kB
Inactive(file):  1390488 kB
Unevictable:        5692 kB
Mlocked:            5692 kB
SwapTotal:       3145724 kB
SwapFree:        3145724 kB
Dirty:               144 kB
Writeback:             0 kB
AnonPages:       1104756 kB
Mapped:           804456 kB
Shmem:             22632 kB
KReclaimable:     667244 kB
Slab:             202540 kB
SReclaimable:      66852 kB
SUnreclaim:       135688 kB
KernelStack:       41376 kB
PageTables:        55600 kB
NFS_Unstable:          0 kB
Bounce:                0 kB
WritebackTmp:          0 kB
CommitLimit:     9202296 kB
Committed_AS:   56317380 kB
VmallocTotal:   263061440 kB
VmallocUsed:       98340 kB
VmallocChunk:          0 kB
Percpu:             7584 kB
CmaTotal:         294912 kB
CmaFree:               0 kB
MemTotal:       12113144 kB
MemFree:         6998768 kB
MemAvailable:    8395712 kB
Buffers:            5768 kB
Cached:          1619920 kB
SwapCached:            0 kB
Active:          1313044 kB
Inactive:        1411240 kB
Active(anon):    1105120 kB
Inactive(anon):    20760 kB
Active(file):     207924 kB
Inactive(file):  1390480 kB
Unevictable:        5692 kB
Mlocked:            5692 kB
SwapTotal:       3145724 kB
SwapFree:        3145724 kB
Dirty:               144 kB
Writeback:             0 kB
AnonPages:       1104576 kB
Mapped:           804456 kB
Shmem:             22632 kB
KReclaimable:     667244 kB
Slab:             202596 kB
SReclaimable:      66852 kB
SUnreclaim:       135744 kB
KernelStack:       41376 kB
PageTables:        55588 kB
NFS_Unstable:          0 kB
Bounce:                0 kB
WritebackTmp:          0 kB
CommitLimit:     9202296 kB
Committed_AS:   56319020 kB
VmallocTotal:   263061440 kB
VmallocUsed:       98340 kB
VmallocChunk:          0 kB
Percpu:             7584 kB
CmaTotal:         294912 kB
CmaFree:               0 kB
MemTotal:       12113144 kB
MemFree:         6998816 kB
MemAvailable:    8395756 kB
Buffers:            5768 kB
Cached:          1619916 kB
SwapCached:            0 kB
Active:          1313704 kB
Inactive:        1411240 kB
Active(anon):    1105784 kB
Inactive(anon):    20760 kB
Active(file):     207920 kB
Inactive(file):  1390480 kB
Unevictable:        5692 kB
Mlocked:            5692 kB
SwapTotal:       3145724 kB
SwapFree:        3145724 kB
Dirty:               140 kB
Writeback:             0 kB
AnonPages:       1105152 kB
Mapped:           804388 kB
Shmem:             22632 kB
KReclaimable:     667244 kB
Slab:             202588 kB
SReclaimable:      66852 kB
SUnreclaim:       135736 kB
KernelStack:       41360 kB
PageTables:        55532 kB
NFS_Unstable:          0 kB
Bounce:                0 kB
WritebackTmp:          0 kB
CommitLimit:     9202296 kB
Committed_AS:   56318668 kB
VmallocTotal:   263061440 kB
VmallocUsed:       98356 kB
VmallocChunk:          0 kB
Percpu:             7584 kB
CmaTotal:         294912 kB
CmaFree:               0 kB
MemTotal:       12113144 kB
MemFree:         6998944 kB
MemAvailable:    8395884 kB
Buffers:            5768 kB
Cached:          1619916 kB
SwapCached:            0 kB
Active:          1313820 kB
Inactive:        1411240 kB
Active(anon):    1105900 kB
Inactive(anon):    20760 kB
Active(file):     207920 kB
Inactive(file):  1390480 kB
Unevictable:        5692 kB
Mlocked:            5692 kB
SwapTotal:       3145724 kB
SwapFree:        3145724 kB
Dirty:               140 kB
Writeback:             0 kB
AnonPages:       1105120 kB
Mapped:           804456 kB
Shmem:             22632 kB
KReclaimable:     667244 kB
Slab:             202572 kB
SReclaimable:      66852 kB
SUnreclaim:       135720 kB
KernelStack:       41376 kB
PageTables:        55596 kB
NFS_Unstable:          0 kB
Bounce:                0 kB
WritebackTmp:          0 kB
CommitLimit:     9202296 kB
Committed_AS:   56322476 kB
VmallocTotal:   263061440 kB
VmallocUsed:       98340 kB
VmallocChunk:          0 kB
Percpu:             7584 kB
CmaTotal:         294912 kB
CmaFree:               0 kB
MemTotal:       12113144 kB
MemFree:         6998832 kB
MemAvailable:    8395772 kB
Buffers:            5768 kB
Cached:          1619916 kB
SwapCached:            0 kB
Active:          1313936 kB
Inactive:        1411240 kB
Active(anon):    1106016 kB
Inactive(anon):    20760 kB
Active(file):     207920 kB
Inactive(file):  1390480 kB
Unevictable:        5692 kB
Mlocked:            5692 kB
SwapTotal:       3145724 kB
SwapFree:        3145724 kB
Dirty:               148 kB
Writeback:             0 kB
AnonPages:       1105636 kB
Mapped:           804456 kB
Shmem:             22632 kB
KReclaimable:     667244 kB
Slab:             202572 kB
SReclaimable:      66852 kB
SUnreclaim:       135720 kB
KernelStack:       41376 kB
PageTables:        55588 kB
NFS_Unstable:          0 kB
Bounce:                0 kB
WritebackTmp:          0 kB
CommitLimit:     9202296 kB
Committed_AS:   56322256 kB
VmallocTotal:   263061440 kB
VmallocUsed:       98308 kB
VmallocChunk:          0 kB
Percpu:             7584 kB
CmaTotal:         294912 kB
CmaFree:               0 kB
MemTotal:       12113144 kB
MemFree:         6997580 kB
MemAvailable:    8394520 kB
Buffers:            5768 kB
Cached:          1619916 kB
SwapCached:            0 kB
Active:          1314208 kB
Inactive:        1411240 kB
Active(anon):    1106288 kB
Inactive(anon):    20760 kB
Active(file):     207920 kB
Inactive(file):  1390480 kB
Unevictable:        5692 kB
Mlocked:            5692 kB
SwapTotal:       3145724 kB
SwapFree:        3145724 kB
Dirty:               164 kB
Writeback:             0 kB
AnonPages:       1105480 kB
Mapped:           804196 kB
Shmem:             22632 kB
KReclaimable:     667244 kB
Slab:             202592 kB
SReclaimable:      66852 kB
SUnreclaim:       135740 kB
KernelStack:       41376 kB
PageTables:        55588 kB
NFS_Unstable:          0 kB
Bounce:                0 kB
WritebackTmp:          0 kB
CommitLimit:     9202296 kB
Committed_AS:   56322880 kB
VmallocTotal:   263061440 kB
VmallocUsed:       98324 kB
VmallocChunk:          0 kB
Percpu:             7584 kB
CmaTotal:         294912 kB
CmaFree:               0 kB
MemTotal:       12113144 kB
MemFree:         6996872 kB
MemAvailable:    8393812 kB
Buffers:            5768 kB
Cached:          1619916 kB
SwapCached:            0 kB
Active:          1314852 kB
Inactive:        1411240 kB
Active(anon):    1106932 kB
Inactive(anon):    20760 kB
Active(file):     207920 kB
Inactive(file):  1390480 kB
Unevictable:        5692 kB
Mlocked:            5692 kB
SwapTotal:       3145724 kB
SwapFree:        3145724 kB
Dirty:               164 kB
Writeback:             0 kB
AnonPages:       1106176 kB
Mapped:           804456 kB
Shmem:             22632 kB
KReclaimable:     667244 kB
Slab:             202560 kB
SReclaimable:      66852 kB
SUnreclaim:       135708 kB
KernelStack:       41376 kB
PageTables:        55588 kB
NFS_Unstable:          0 kB
Bounce:                0 kB
WritebackTmp:          0 kB
CommitLimit:     9202296 kB
Committed_AS:   56317316 kB
VmallocTotal:   263061440 kB
VmallocUsed:       98292 kB
VmallocChunk:          0 kB
Percpu:             7584 kB
CmaTotal:         294912 kB
CmaFree:               0 kB
MemTotal:       12113144 kB
MemFree:         6996652 kB
MemAvailable:    8393592 kB
Buffers:            5768 kB
Cached:          1619916 kB
SwapCached:            0 kB
Active:          1314984 kB
Inactive:        1411240 kB
Active(anon):    1107064 kB
Inactive(anon):    20760 kB
Active(file):     207920 kB
Inactive(file):  1390480 kB
Unevictable:        5692 kB
Mlocked:            5692 kB
SwapTotal:       3145724 kB
SwapFree:        3145724 kB
Dirty:               164 kB
Writeback:             0 kB
AnonPages:       1106376 kB
Mapped:           804456 kB
Shmem:             22632 kB
KReclaimable:     667244 kB
Slab:             202576 kB
SReclaimable:      66852 kB
SUnreclaim:       135724 kB
KernelStack:       41376 kB
PageTables:        55588 kB
NFS_Unstable:          0 kB
Bounce:                0 kB
WritebackTmp:          0 kB
CommitLimit:     9202296 kB
Committed_AS:   56318236 kB
VmallocTotal:   263061440 kB
VmallocUsed:       98308 kB
VmallocChunk:          0 kB
Percpu:             7584 kB
CmaTotal:         294912 kB
CmaFree:               0 kB
MemTotal:       12113144 kB
MemFree:         6996772 kB
MemAvailable:    8393712 kB
Buffers:            5768 kB
Cached:          1619916 kB
SwapCached:            0 kB
Active:          1315384 kB
Inactive:        1411240 kB
Active(anon):    1107464 kB
Inactive(anon):    20760 kB
Active(file):     207920 kB
Inactive(file):  1390480 kB
Unevictable:        5692 kB
Mlocked:            5692 kB
SwapTotal:       3145724 kB
SwapFree:        3145724 kB
Dirty:               164 kB
Writeback:             0 kB
AnonPages:       1106600 kB
Mapped:           804456 kB
Shmem:             22632 kB
KReclaimable:     667244 kB
Slab:             202552 kB
SReclaimable:      66852 kB
SUnreclaim:       135700 kB
KernelStack:       41360 kB
PageTables:        55596 kB
NFS_Unstable:          0 kB
Bounce:                0 kB
WritebackTmp:          0 kB
CommitLimit:     9202296 kB
Committed_AS:   56323448 kB
VmallocTotal:   263061440 kB
VmallocUsed:       98292 kB
VmallocChunk:          0 kB
Percpu:             7584 kB
CmaTotal:         294912 kB
CmaFree:               0 kB
MemTotal:       12113144 kB
MemFree:         6995708 kB
MemAvailable:    8392648 kB
Buffers:            5768 kB
Cached:          1619916 kB
SwapCached:            0 kB
Active:          1316332 kB
Inactive:        1411240 kB
Active(anon):    1108412 kB
Inactive(anon):    20760 kB
Active(file):     207920 kB
Inactive(file):  1390480 kB
Unevictable:        5692 kB
Mlocked:            5692 kB
SwapTotal:       3145724 kB
SwapFree:        3145724 kB
Dirty:               164 kB
Writeback:             0 kB
AnonPages:       1107304 kB
Mapped:           804456 kB
Shmem:             22632 kB
KReclaimable:     667244 kB
Slab:             202592 kB
SReclaimable:      66852 kB
SUnreclaim:       135740 kB
KernelStack:       41360 kB
PageTables:        55600 kB
NFS_Unstable:          0 kB
Bounce:                0 kB
WritebackTmp:          0 kB
CommitLimit:     9202296 kB
Committed_AS:   56323228 kB
VmallocTotal:   263061440 kB
VmallocUsed:       98292 kB
VmallocChunk:          0 kB
Percpu:             7584 kB
CmaTotal:         294912 kB
CmaFree:               0 kB
MemTotal:       12113144 kB
MemFree:         6995576 kB
MemAvailable:    8392528 kB
Buffers:            5768 kB
Cached:          1619928 kB
SwapCached:            0 kB
Active:          1316556 kB
Inactive:        1411252 kB
Active(anon):    1108636 kB
Inactive(anon):    20760 kB
Active(file):     207920 kB
Inactive(file):  1390492 kB
Unevictable:        5692 kB
Mlocked:            5692 kB
SwapTotal:       3145724 kB
SwapFree:        3145724 kB
Dirty:               188 kB
Writeback:             0 kB
AnonPages:       1107880 kB
Mapped:           804456 kB
Shmem:             22632 kB
KReclaimable:     667244 kB
Slab:             202588 kB
SReclaimable:      66852 kB
SUnreclaim:       135736 kB
KernelStack:       41360 kB
PageTables:        55588 kB
NFS_Unstable:          0 kB
Bounce:                0 kB
WritebackTmp:          0 kB
CommitLimit:     9202296 kB
Committed_AS:   56323008 kB
VmallocTotal:   263061440 kB
VmallocUsed:       98292 kB
VmallocChunk:          0 kB
Percpu:             7584 kB
CmaTotal:         294912 kB
CmaFree:               0 kB
MemTotal:       12113144 kB
MemFree:         6995740 kB
MemAvailable:    8392692 kB
Buffers:            5768 kB
Cached:          1619928 kB
SwapCached:            0 kB
Active:          1316888 kB
Inactive:        1411252 kB
Active(anon):    1108968 kB
Inactive(anon):    20760 kB
Active(file):     207920 kB
Inactive(file):  1390492 kB
Unevictable:        5692 kB
Mlocked:            5692 kB
SwapTotal:       3145724 kB
SwapFree:        3145724 kB
Dirty:               192 kB
Writeback:             0 kB
AnonPages:       1108176 kB
Mapped:           804456 kB
Shmem:             22632 kB
KReclaimable:     667244 kB
Slab:             202516 kB
SReclaimable:      66852 kB
SUnreclaim:       135664 kB
KernelStack:       41360 kB
PageTables:        55588 kB
NFS_Unstable:          0 kB
Bounce:                0 kB
WritebackTmp:          0 kB
CommitLimit:     9202296 kB
Committed_AS:   56322972 kB
VmallocTotal:   263061440 kB
VmallocUsed:       98308 kB
VmallocChunk:          0 kB
Percpu:             7584 kB
CmaTotal:         294912 kB
CmaFree:               0 kB
MemTotal:       12113144 kB
MemFree:         6992608 kB
MemAvailable:    8389548 kB
Buffers:            5768 kB
Cached:          1619916 kB
SwapCached:            0 kB
Active:          1320540 kB
Inactive:        1411244 kB
Active(anon):    1112624 kB
Inactive(anon):    20760 kB
Active(file):     207916 kB
Inactive(file):  1390484 kB
Unevictable:        5692 kB
Mlocked:            5692 kB
SwapTotal:       3145724 kB
SwapFree:        3145724 kB
Dirty:               144 kB
Writeback:             0 kB
AnonPages:       1111988 kB
Mapped:           804196 kB
Shmem:             22632 kB
KReclaimable:     667244 kB
Slab:             202596 kB
SReclaimable:      66852 kB
SUnreclaim:       135744 kB
KernelStack:       41360 kB
PageTables:        55588 kB
NFS_Unstable:          0 kB
Bounce:                0 kB
WritebackTmp:          0 kB
CommitLimit:     9202296 kB
Committed_AS:   56322840 kB
VmallocTotal:   263061440 kB
VmallocUsed:       98276 kB
VmallocChunk:          0 kB
Percpu:             7584 kB
CmaTotal:         294912 kB
CmaFree:               0 kB
MemTotal:       12113144 kB
MemFree:         6994348 kB
MemAvailable:    8391300 kB
Buffers:            5768 kB
Cached:          1619928 kB
SwapCached:            0 kB
Active:          1317896 kB
Inactive:        1411252 kB
Active(anon):    1109976 kB
Inactive(anon):    20760 kB
Active(file):     207920 kB
Inactive(file):  1390492 kB
Unevictable:        5692 kB
Mlocked:            5692 kB
SwapTotal:       3145724 kB
SwapFree:        3145724 kB
Dirty:               156 kB
Writeback:             0 kB
AnonPages:       1109076 kB
Mapped:           804440 kB
Shmem:             22632 kB
KReclaimable:     667244 kB
Slab:             202620 kB
SReclaimable:      66852 kB
SUnreclaim:       135768 kB
KernelStack:       41392 kB
PageTables:        55636 kB
NFS_Unstable:          0 kB
Bounce:                0 kB
WritebackTmp:          0 kB
CommitLimit:     9202296 kB
Committed_AS:   56323792 kB
VmallocTotal:   263061440 kB
VmallocUsed:       98276 kB
VmallocChunk:          0 kB
Percpu:             7584 kB
CmaTotal:         294912 kB
CmaFree:               0 kB
MemTotal:       12113144 kB
MemFree:         6994880 kB
MemAvailable:    8391832 kB
Buffers:            5768 kB
Cached:          1619928 kB
SwapCached:            0 kB
Active:          1317248 kB
Inactive:        1411252 kB
Active(anon):    1109328 kB
Inactive(anon):    20760 kB
Active(file):     207920 kB
Inactive(file):  1390492 kB
Unevictable:        5692 kB
Mlocked:            5692 kB
SwapTotal:       3145724 kB
SwapFree:        3145724 kB
Dirty:               192 kB
Writeback:             0 kB
AnonPages:       1108584 kB
Mapped:           804456 kB
Shmem:             22632 kB
KReclaimable:     667244 kB
Slab:             202564 kB
SReclaimable:      66852 kB
SUnreclaim:       135712 kB
KernelStack:       41360 kB
PageTables:        55588 kB
NFS_Unstable:          0 kB
Bounce:                0 kB
WritebackTmp:          0 kB
CommitLimit:     9202296 kB
Committed_AS:   56323296 kB
VmallocTotal:   263061440 kB
VmallocUsed:       98260 kB
VmallocChunk:          0 kB
Percpu:             7584 kB
CmaTotal:         294912 kB
CmaFree:               0 kB
MemTotal:       12113144 kB
MemFree:         6995284 kB
MemAvailable:    8392252 kB
Buffers:            5772 kB
Cached:          1619940 kB
SwapCached:            0 kB
Active:          1317244 kB
Inactive:        1411264 kB
Active(anon):    1109320 kB
Inactive(anon):    20760 kB
Active(file):     207924 kB
Inactive(file):  1390504 kB
Unevictable:        5692 kB
Mlocked:            5692 kB
SwapTotal:       3145724 kB
SwapFree:        3145724 kB
Dirty:               172 kB
Writeback:             0 kB
AnonPages:       1108544 kB
Mapped:           804200 kB
Shmem:             22632 kB
KReclaimable:     667244 kB
Slab:             202608 kB
SReclaimable:      66852 kB
SUnreclaim:       135756 kB
KernelStack:       41360 kB
PageTables:        55592 kB
NFS_Unstable:          0 kB
Bounce:                0 kB
WritebackTmp:          0 kB
CommitLimit:     9202296 kB
Committed_AS:   56323272 kB
VmallocTotal:   263061440 kB
VmallocUsed:       98244 kB
VmallocChunk:          0 kB
Percpu:             7584 kB
CmaTotal:         294912 kB
CmaFree:               0 kB
MemTotal:       12113144 kB
MemFree:         6995140 kB
MemAvailable:    8392108 kB
Buffers:            5772 kB
Cached:          1619940 kB
SwapCached:            0 kB
Active:          1317860 kB
Inactive:        1411264 kB
Active(anon):    1109936 kB
Inactive(anon):    20760 kB
Active(file):     207924 kB
Inactive(file):  1390504 kB
Unevictable:        5692 kB
Mlocked:            5692 kB
SwapTotal:       3145724 kB
SwapFree:        3145724 kB
Dirty:               188 kB
Writeback:             0 kB
AnonPages:       1109144 kB
Mapped:           804392 kB
Shmem:             22632 kB
KReclaimable:     667244 kB
Slab:             202544 kB
SReclaimable:      66852 kB
SUnreclaim:       135692 kB
KernelStack:       41344 kB
PageTables:        55532 kB
NFS_Unstable:          0 kB
Bounce:                0 kB
WritebackTmp:          0 kB
CommitLimit:     9202296 kB
Committed_AS:   56322900 kB
VmallocTotal:   263061440 kB
VmallocUsed:       98260 kB
VmallocChunk:          0 kB
Percpu:             7584 kB
CmaTotal:         294912 kB
CmaFree:               0 kB
MemTotal:       12113144 kB
MemFree:         6992932 kB
MemAvailable:    8389900 kB
Buffers:            5772 kB
Cached:          1619940 kB
SwapCached:            0 kB
Active:          1321912 kB
Inactive:        1411264 kB
Active(anon):    1113988 kB
Inactive(anon):    20760 kB
Active(file):     207924 kB
Inactive(file):  1390504 kB
Unevictable:        5692 kB
Mlocked:            5692 kB
SwapTotal:       3145724 kB
SwapFree:        3145724 kB
Dirty:               188 kB
Writeback:             0 kB
AnonPages:       1113008 kB
Mapped:           804444 kB
Shmem:             22632 kB
KReclaimable:     667244 kB
Slab:             202608 kB
SReclaimable:      66852 kB
SUnreclaim:       135756 kB
KernelStack:       41360 kB
PageTables:        55532 kB
NFS_Unstable:          0 kB
Bounce:                0 kB
WritebackTmp:          0 kB
CommitLimit:     9202296 kB
Committed_AS:   56323184 kB
VmallocTotal:   263061440 kB
VmallocUsed:       98276 kB
VmallocChunk:          0 kB
Percpu:             7584 kB
CmaTotal:         294912 kB
CmaFree:               0 kB
MemTotal:       12113144 kB
MemFree:         6994352 kB
MemAvailable:    8391320 kB
Buffers:            5772 kB
Cached:          1619940 kB
SwapCached:            0 kB
Active:          1318716 kB
Inactive:        1411264 kB
Active(anon):    1110792 kB
Inactive(anon):    20760 kB
Active(file):     207924 kB
Inactive(file):  1390504 kB
Unevictable:        5692 kB
Mlocked:            5692 kB
SwapTotal:       3145724 kB
SwapFree:        3145724 kB
Dirty:               188 kB
Writeback:             0 kB
AnonPages:       1109772 kB
Mapped:           804460 kB
Shmem:             22632 kB
KReclaimable:     667244 kB
Slab:             202568 kB
SReclaimable:      66852 kB
SUnreclaim:       135716 kB
KernelStack:       41360 kB
PageTables:        55596 kB
NFS_Unstable:          0 kB
Bounce:                0 kB
WritebackTmp:          0 kB
CommitLimit:     9202296 kB
Committed_AS:   56323256 kB
VmallocTotal:   263061440 kB
VmallocUsed:       98260 kB
VmallocChunk:          0 kB
Percpu:             7584 kB
CmaTotal:         294912 kB
CmaFree:               0 kB
MemTotal:       12113144 kB
MemFree:         6992976 kB
MemAvailable:    8389944 kB
Buffers:            5772 kB
Cached:          1619940 kB
SwapCached:            0 kB
Active:          1319236 kB
Inactive:        1411264 kB
Active(anon):    1111312 kB
Inactive(anon):    20760 kB
Active(file):     207924 kB
Inactive(file):  1390504 kB
Unevictable:        5692 kB
Mlocked:            5692 kB
SwapTotal:       3145724 kB
SwapFree:        3145724 kB
Dirty:               188 kB
Writeback:             0 kB
AnonPages:       1110540 kB
Mapped:           804200 kB
Shmem:             22632 kB
KReclaimable:     667244 kB
Slab:             202624 kB
SReclaimable:      66852 kB
SUnreclaim:       135772 kB
KernelStack:       41360 kB
PageTables:        55600 kB
NFS_Unstable:          0 kB
Bounce:                0 kB
WritebackTmp:          0 kB
CommitLimit:     9202296 kB
Committed_AS:   56323220 kB
VmallocTotal:   263061440 kB
VmallocUsed:       98276 kB
VmallocChunk:          0 kB
Percpu:             7584 kB
CmaTotal:         294912 kB
CmaFree:               0 kB
MemTotal:       12113144 kB
MemFree:         6992760 kB
MemAvailable:    8389736 kB
Buffers:            5772 kB
Cached:          1619948 kB
SwapCached:            0 kB
Active:          1319412 kB
Inactive:        1411268 kB
Active(anon):    1111484 kB
Inactive(anon):    20760 kB
Active(file):     207928 kB
Inactive(file):  1390508 kB
Unevictable:        5692 kB
Mlocked:            5692 kB
SwapTotal:       3145724 kB
SwapFree:        3145724 kB
Dirty:               192 kB
Writeback:             0 kB
AnonPages:       1110980 kB
Mapped:           804460 kB
Shmem:             22632 kB
KReclaimable:     667244 kB
Slab:             202612 kB
SReclaimable:      66852 kB
SUnreclaim:       135760 kB
KernelStack:       41360 kB
PageTables:        55600 kB
NFS_Unstable:          0 kB
Bounce:                0 kB
WritebackTmp:          0 kB
CommitLimit:     9202296 kB
Committed_AS:   56323000 kB
VmallocTotal:   263061440 kB
VmallocUsed:       98276 kB
VmallocChunk:          0 kB
Percpu:             7584 kB
CmaTotal:         294912 kB
CmaFree:               0 kB
MemTotal:       12113144 kB
MemFree:         6991584 kB
MemAvailable:    8388552 kB
Buffers:            5772 kB
Cached:          1619940 kB
SwapCached:            0 kB
Active:          1320736 kB
Inactive:        1411264 kB
Active(anon):    1112812 kB
Inactive(anon):    20760 kB
Active(file):     207924 kB
Inactive(file):  1390504 kB
Unevictable:        5692 kB
Mlocked:            5692 kB
SwapTotal:       3145724 kB
SwapFree:        3145724 kB
Dirty:               188 kB
Writeback:             0 kB
AnonPages:       1112012 kB
Mapped:           804204 kB
Shmem:             22632 kB
KReclaimable:     667244 kB
Slab:             202620 kB
SReclaimable:      66852 kB
SUnreclaim:       135768 kB
KernelStack:       41392 kB
PageTables:        55604 kB
NFS_Unstable:          0 kB
Bounce:                0 kB
WritebackTmp:          0 kB
CommitLimit:     9202296 kB
Committed_AS:   56322628 kB
VmallocTotal:   263061440 kB
VmallocUsed:       98260 kB
VmallocChunk:          0 kB
Percpu:             7584 kB
CmaTotal:         294912 kB
CmaFree:               0 kB
MemTotal:       12113144 kB
MemFree:         6992180 kB
MemAvailable:    8389148 kB
Buffers:            5772 kB
Cached:          1619940 kB
SwapCached:            0 kB
Active:          1319052 kB
Inactive:        1411264 kB
Active(anon):    1111128 kB
Inactive(anon):    20760 kB
Active(file):     207924 kB
Inactive(file):  1390504 kB
Unevictable:        5692 kB
Mlocked:            5692 kB
SwapTotal:       3145724 kB
SwapFree:        3145724 kB
Dirty:               132 kB
Writeback:             0 kB
AnonPages:       1110148 kB
Mapped:           804200 kB
Shmem:             22632 kB
KReclaimable:     667244 kB
Slab:             202596 kB
SReclaimable:      66852 kB
SUnreclaim:       135744 kB
KernelStack:       41360 kB
PageTables:        55588 kB
NFS_Unstable:          0 kB
Bounce:                0 kB
WritebackTmp:          0 kB
CommitLimit:     9202296 kB
Committed_AS:   56322232 kB
VmallocTotal:   263061440 kB
VmallocUsed:       98244 kB
VmallocChunk:          0 kB
Percpu:             7584 kB
CmaTotal:         294912 kB
CmaFree:               0 kB
MemTotal:       12113144 kB
MemFree:         6991732 kB
MemAvailable:    8388700 kB
Buffers:            5772 kB
Cached:          1619940 kB
SwapCached:            0 kB
Active:          1319560 kB
Inactive:        1411264 kB
Active(anon):    1111636 kB
Inactive(anon):    20760 kB
Active(file):     207924 kB
Inactive(file):  1390504 kB
Unevictable:        5692 kB
Mlocked:            5692 kB
SwapTotal:       3145724 kB
SwapFree:        3145724 kB
Dirty:               132 kB
Writeback:             0 kB
AnonPages:       1111156 kB
Mapped:           804392 kB
Shmem:             22632 kB
KReclaimable:     667244 kB
Slab:             202620 kB
SReclaimable:      66852 kB
SUnreclaim:       135768 kB
KernelStack:       41328 kB
PageTables:        55552 kB
NFS_Unstable:          0 kB
Bounce:                0 kB
WritebackTmp:          0 kB
CommitLimit:     9202296 kB
Committed_AS:   56322188 kB
VmallocTotal:   263061440 kB
VmallocUsed:       98244 kB
VmallocChunk:          0 kB
Percpu:             7584 kB
CmaTotal:         294912 kB
CmaFree:               0 kB
MemTotal:       12113144 kB
MemFree:         6991220 kB
MemAvailable:    8388196 kB
Buffers:            5772 kB
Cached:          1619948 kB
SwapCached:            0 kB
Active:          1320056 kB
Inactive:        1411272 kB
Active(anon):    1112132 kB
Inactive(anon):    20760 kB
Active(file):     207924 kB
Inactive(file):  1390512 kB
Unevictable:        5692 kB
Mlocked:            5692 kB
SwapTotal:       3145724 kB
SwapFree:        3145724 kB
Dirty:               136 kB
Writeback:             0 kB
AnonPages:       1111268 kB
Mapped:           804200 kB
Shmem:             22632 kB
KReclaimable:     667244 kB
Slab:             202556 kB
SReclaimable:      66852 kB
SUnreclaim:       135704 kB
KernelStack:       41360 kB
PageTables:        55592 kB
NFS_Unstable:          0 kB
Bounce:                0 kB
WritebackTmp:          0 kB
CommitLimit:     9202296 kB
Committed_AS:   56321960 kB
VmallocTotal:   263061440 kB
VmallocUsed:       98260 kB
VmallocChunk:          0 kB
Percpu:             7584 kB
CmaTotal:         294912 kB
CmaFree:               0 kB
MemTotal:       12113144 kB
MemFree:         6990444 kB
MemAvailable:    8387420 kB
Buffers:            5772 kB
Cached:          1619948 kB
SwapCached:            0 kB
Active:          1320540 kB
Inactive:        1411272 kB
Active(anon):    1112616 kB
Inactive(anon):    20760 kB
Active(file):     207924 kB
Inactive(file):  1390512 kB
Unevictable:        5692 kB
Mlocked:            5692 kB
SwapTotal:       3145724 kB
SwapFree:        3145724 kB
Dirty:               160 kB
Writeback:             0 kB
AnonPages:       1112000 kB
Mapped:           804460 kB
Shmem:             22632 kB
KReclaimable:     667244 kB
Slab:             202604 kB
SReclaimable:      66852 kB
SUnreclaim:       135752 kB
KernelStack:       41360 kB
PageTables:        55592 kB
NFS_Unstable:          0 kB
Bounce:                0 kB
WritebackTmp:          0 kB
CommitLimit:     9202296 kB
Committed_AS:   56322812 kB
VmallocTotal:   263061440 kB
VmallocUsed:       98244 kB
VmallocChunk:          0 kB
Percpu:             7584 kB
CmaTotal:         294912 kB
CmaFree:               0 kB
MemTotal:       12113144 kB
MemFree:         6990552 kB
MemAvailable:    8387528 kB
Buffers:            5772 kB
Cached:          1619948 kB
SwapCached:            0 kB
Active:          1320744 kB
Inactive:        1411272 kB
Active(anon):    1112820 kB
Inactive(anon):    20760 kB
Active(file):     207924 kB
Inactive(file):  1390512 kB
Unevictable:        5692 kB
Mlocked:            5692 kB
SwapTotal:       3145724 kB
SwapFree:        3145724 kB
Dirty:               160 kB
Writeback:             0 kB
AnonPages:       1111988 kB
Mapped:           804200 kB
Shmem:             22632 kB
KReclaimable:     667244 kB
Slab:             202640 kB
SReclaimable:      66852 kB
SUnreclaim:       135788 kB
KernelStack:       41360 kB
PageTables:        55592 kB
NFS_Unstable:          0 kB
Bounce:                0 kB
WritebackTmp:          0 kB
CommitLimit:     9202296 kB
Committed_AS:   56322856 kB
VmallocTotal:   263061440 kB
VmallocUsed:       98228 kB
VmallocChunk:          0 kB
Percpu:             7584 kB
CmaTotal:         294912 kB
CmaFree:               0 kB
MemTotal:       12113144 kB
MemFree:         6990464 kB
MemAvailable:    8387440 kB
Buffers:            5772 kB
Cached:          1619948 kB
SwapCached:            0 kB
Active:          1321732 kB
Inactive:        1411272 kB
Active(anon):    1113808 kB
Inactive(anon):    20760 kB
Active(file):     207924 kB
Inactive(file):  1390512 kB
Unevictable:        5692 kB
Mlocked:            5692 kB
SwapTotal:       3145724 kB
SwapFree:        3145724 kB
Dirty:               104 kB
Writeback:             0 kB
AnonPages:       1112992 kB
Mapped:           804460 kB
Shmem:             22632 kB
KReclaimable:     667244 kB
Slab:             202560 kB
SReclaimable:      66852 kB
SUnreclaim:       135708 kB
KernelStack:       41360 kB
PageTables:        55592 kB
NFS_Unstable:          0 kB
Bounce:                0 kB
WritebackTmp:          0 kB
CommitLimit:     9202296 kB
Committed_AS:   56323076 kB
VmallocTotal:   263061440 kB
VmallocUsed:       98228 kB
VmallocChunk:          0 kB
Percpu:             7584 kB
CmaTotal:         294912 kB
CmaFree:               0 kB
MemTotal:       12113144 kB
MemFree:         6990312 kB
MemAvailable:    8387288 kB
Buffers:            5772 kB
Cached:          1619948 kB
SwapCached:            0 kB
Active:          1321852 kB
Inactive:        1411272 kB
Active(anon):    1113928 kB
Inactive(anon):    20760 kB
Active(file):     207924 kB
Inactive(file):  1390512 kB
Unevictable:        5692 kB
Mlocked:            5692 kB
SwapTotal:       3145724 kB
SwapFree:        3145724 kB
Dirty:               104 kB
Writeback:             0 kB
AnonPages:       1113180 kB
Mapped:           804200 kB
Shmem:             22632 kB
KReclaimable:     667244 kB
Slab:             202640 kB
SReclaimable:      66852 kB
SUnreclaim:       135788 kB
KernelStack:       41360 kB
PageTables:        55588 kB
NFS_Unstable:          0 kB
Bounce:                0 kB
WritebackTmp:          0 kB
CommitLimit:     9202296 kB
Committed_AS:   56322460 kB
VmallocTotal:   263061440 kB
VmallocUsed:       98228 kB
VmallocChunk:          0 kB
Percpu:             7584 kB
CmaTotal:         294912 kB
CmaFree:               0 kB
MemTotal:       12113144 kB
MemFree:         6989684 kB
MemAvailable:    8386660 kB
Buffers:            5772 kB
Cached:          1619948 kB
SwapCached:            0 kB
Active:          1322280 kB
Inactive:        1411272 kB
Active(anon):    1114356 kB
Inactive(anon):    20760 kB
Active(file):     207924 kB
Inactive(file):  1390512 kB
Unevictable:        5692 kB
Mlocked:            5692 kB
SwapTotal:       3145724 kB
SwapFree:        3145724 kB
Dirty:               104 kB
Writeback:             0 kB
AnonPages:       1113680 kB
Mapped:           804200 kB
Shmem:             22632 kB
KReclaimable:     667244 kB
Slab:             202632 kB
SReclaimable:      66852 kB
SUnreclaim:       135780 kB
KernelStack:       41360 kB
PageTables:        55592 kB
NFS_Unstable:          0 kB
Bounce:                0 kB
WritebackTmp:          0 kB
CommitLimit:     9202296 kB
Committed_AS:   56322364 kB
VmallocTotal:   263061440 kB
VmallocUsed:       98244 kB
VmallocChunk:          0 kB
Percpu:             7584 kB
CmaTotal:         294912 kB
CmaFree:               0 kB
MemTotal:       12113144 kB
MemFree:         6989368 kB
MemAvailable:    8386344 kB
Buffers:            5772 kB
Cached:          1619948 kB
SwapCached:            0 kB
Active:          1322748 kB
Inactive:        1411272 kB
Active(anon):    1114824 kB
Inactive(anon):    20760 kB
Active(file):     207924 kB
Inactive(file):  1390512 kB
Unevictable:        5692 kB
Mlocked:            5692 kB
SwapTotal:       3145724 kB
SwapFree:        3145724 kB
Dirty:               116 kB
Writeback:             0 kB
AnonPages:       1114192 kB
Mapped:           804460 kB
Shmem:             22632 kB
KReclaimable:     667244 kB
Slab:             202544 kB
SReclaimable:      66852 kB
SUnreclaim:       135692 kB
KernelStack:       41360 kB
PageTables:        55592 kB
NFS_Unstable:          0 kB
Bounce:                0 kB
WritebackTmp:          0 kB
CommitLimit:     9202296 kB
Committed_AS:   56322012 kB
VmallocTotal:   263061440 kB
VmallocUsed:       98244 kB
VmallocChunk:          0 kB
Percpu:             7584 kB
CmaTotal:         294912 kB
CmaFree:               0 kB
MemTotal:       12113144 kB
MemFree:         6989068 kB
MemAvailable:    8386064 kB
Buffers:            5776 kB
Cached:          1619960 kB
SwapCached:            0 kB
Active:          1323068 kB
Inactive:        1411284 kB
Active(anon):    1115140 kB
Inactive(anon):    20760 kB
Active(file):     207928 kB
Inactive(file):  1390524 kB
Unevictable:        5692 kB
Mlocked:            5692 kB
SwapTotal:       3145724 kB
SwapFree:        3145724 kB
Dirty:               136 kB
Writeback:             0 kB
AnonPages:       1114540 kB
Mapped:           804460 kB
Shmem:             22632 kB
KReclaimable:     667248 kB
Slab:             202632 kB
SReclaimable:      66856 kB
SUnreclaim:       135776 kB
KernelStack:       41360 kB
PageTables:        55588 kB
NFS_Unstable:          0 kB
Bounce:                0 kB
WritebackTmp:          0 kB
CommitLimit:     9202296 kB
Committed_AS:   56322108 kB
VmallocTotal:   263061440 kB
VmallocUsed:       98244 kB
VmallocChunk:          0 kB
Percpu:             7584 kB
CmaTotal:         294912 kB
CmaFree:               0 kB
MemTotal:       12113144 kB
MemFree:         6988376 kB
MemAvailable:    8385372 kB
Buffers:            5776 kB
Cached:          1619960 kB
SwapCached:            0 kB
Active:          1323708 kB
Inactive:        1411284 kB
Active(anon):    1115780 kB
Inactive(anon):    20760 kB
Active(file):     207928 kB
Inactive(file):  1390524 kB
Unevictable:        5692 kB
Mlocked:            5692 kB
SwapTotal:       3145724 kB
SwapFree:        3145724 kB
Dirty:               136 kB
Writeback:             0 kB
AnonPages:       1115044 kB
Mapped:           804460 kB
Shmem:             22632 kB
KReclaimable:     667248 kB
Slab:             202616 kB
SReclaimable:      66856 kB
SUnreclaim:       135760 kB
KernelStack:       41360 kB
PageTables:        55596 kB
NFS_Unstable:          0 kB
Bounce:                0 kB
WritebackTmp:          0 kB
CommitLimit:     9202296 kB
Committed_AS:   56321844 kB
VmallocTotal:   263061440 kB
VmallocUsed:       98276 kB
VmallocChunk:          0 kB
Percpu:             7584 kB
CmaTotal:         294912 kB
CmaFree:               0 kB
MemTotal:       12113144 kB
MemFree:         6988176 kB
MemAvailable:    8385172 kB
Buffers:            5776 kB
Cached:          1619960 kB
SwapCached:            0 kB
Active:          1324136 kB
Inactive:        1411284 kB
Active(anon):    1116208 kB
Inactive(anon):    20760 kB
Active(file):     207928 kB
Inactive(file):  1390524 kB
Unevictable:        5692 kB
Mlocked:            5692 kB
SwapTotal:       3145724 kB
SwapFree:        3145724 kB
Dirty:               136 kB
Writeback:             0 kB
AnonPages:       1115636 kB
Mapped:           804460 kB
Shmem:             22632 kB
KReclaimable:     667248 kB
Slab:             202560 kB
SReclaimable:      66856 kB
SUnreclaim:       135704 kB
KernelStack:       41360 kB
PageTables:        55584 kB
NFS_Unstable:          0 kB
Bounce:                0 kB
WritebackTmp:          0 kB
CommitLimit:     9202296 kB
Committed_AS:   56321940 kB
VmallocTotal:   263061440 kB
VmallocUsed:       98276 kB
VmallocChunk:          0 kB
Percpu:             7584 kB
CmaTotal:         294912 kB
CmaFree:               0 kB
MemTotal:       12113144 kB
MemFree:         6990952 kB
MemAvailable:    8387948 kB
Buffers:            5776 kB
Cached:          1619960 kB
SwapCached:            0 kB
Active:          1320524 kB
Inactive:        1411284 kB
Active(anon):    1112596 kB
Inactive(anon):    20760 kB
Active(file):     207928 kB
Inactive(file):  1390524 kB
Unevictable:        5692 kB
Mlocked:            5692 kB
SwapTotal:       3145724 kB
SwapFree:        3145724 kB
Dirty:               136 kB
Writeback:             0 kB
AnonPages:       1111988 kB
Mapped:           804460 kB
Shmem:             22632 kB
KReclaimable:     667248 kB
Slab:             202656 kB
SReclaimable:      66856 kB
SUnreclaim:       135800 kB
KernelStack:       41360 kB
PageTables:        55588 kB
NFS_Unstable:          0 kB
Bounce:                0 kB
WritebackTmp:          0 kB
CommitLimit:     9202296 kB
Committed_AS:   56321904 kB
VmallocTotal:   263061440 kB
VmallocUsed:       98292 kB
VmallocChunk:          0 kB
Percpu:             7584 kB
CmaTotal:         294912 kB
CmaFree:             352 kB
MemTotal:       12113144 kB
MemFree:         6990952 kB
MemAvailable:    8387948 kB
Buffers:            5776 kB
Cached:          1619960 kB
SwapCached:            0 kB
Active:          1321456 kB
Inactive:        1411284 kB
Active(anon):    1113528 kB
Inactive(anon):    20760 kB
Active(file):     207928 kB
Inactive(file):  1390524 kB
Unevictable:        5692 kB
Mlocked:            5692 kB
SwapTotal:       3145724 kB
SwapFree:        3145724 kB
Dirty:               136 kB
Writeback:             0 kB
AnonPages:       1112948 kB
Mapped:           804460 kB
Shmem:             22632 kB
KReclaimable:     667248 kB
Slab:             202632 kB
SReclaimable:      66856 kB
SUnreclaim:       135776 kB
KernelStack:       41360 kB
PageTables:        55596 kB
NFS_Unstable:          0 kB
Bounce:                0 kB
WritebackTmp:          0 kB
CommitLimit:     9202296 kB
Committed_AS:   56322124 kB
VmallocTotal:   263061440 kB
VmallocUsed:       98260 kB
VmallocChunk:          0 kB
Percpu:             7584 kB
CmaTotal:         294912 kB
CmaFree:               0 kB
MemTotal:       12113144 kB
MemFree:         6999464 kB
MemAvailable:    8396460 kB
Buffers:            5776 kB
Cached:          1619960 kB
SwapCached:            0 kB
Active:          1312472 kB
Inactive:        1411284 kB
Active(anon):    1104544 kB
Inactive(anon):    20760 kB
Active(file):     207928 kB
Inactive(file):  1390524 kB
Unevictable:        5692 kB
Mlocked:            5692 kB
SwapTotal:       3145724 kB
SwapFree:        3145724 kB
Dirty:               136 kB
Writeback:             0 kB
AnonPages:       1103752 kB
Mapped:           804460 kB
Shmem:             22632 kB
KReclaimable:     667248 kB
Slab:             202628 kB
SReclaimable:      66856 kB
SUnreclaim:       135772 kB
KernelStack:       41360 kB
PageTables:        55584 kB
NFS_Unstable:          0 kB
Bounce:                0 kB
WritebackTmp:          0 kB
CommitLimit:     9202296 kB
Committed_AS:   56322152 kB
VmallocTotal:   263061440 kB
VmallocUsed:       98260 kB
VmallocChunk:          0 kB
Percpu:             7584 kB
CmaTotal:         294912 kB
CmaFree:              64 kB
MemTotal:       12113144 kB
MemFree:         6999884 kB
MemAvailable:    8396884 kB
Buffers:            5776 kB
Cached:          1619964 kB
SwapCached:            0 kB
Active:          1312844 kB
Inactive:        1411284 kB
Active(anon):    1104912 kB
Inactive(anon):    20760 kB
Active(file):     207932 kB
Inactive(file):  1390524 kB
Unevictable:        5692 kB
Mlocked:            5692 kB
SwapTotal:       3145724 kB
SwapFree:        3145724 kB
Dirty:               140 kB
Writeback:             0 kB
AnonPages:       1103972 kB
Mapped:           804204 kB
Shmem:             22632 kB
KReclaimable:     667248 kB
Slab:             202556 kB
SReclaimable:      66856 kB
SUnreclaim:       135700 kB
KernelStack:       41376 kB
PageTables:        55596 kB
NFS_Unstable:          0 kB
Bounce:                0 kB
WritebackTmp:          0 kB
CommitLimit:     9202296 kB
Committed_AS:   56322380 kB
VmallocTotal:   263061440 kB
VmallocUsed:       98228 kB
