MemTotal:       12113144 kB
MemFree:         6936932 kB
MemAvailable:    8311080 kB
Buffers:            5364 kB
Cached:          1618000 kB
SwapCached:            0 kB
Active:          1356224 kB
Inactive:        1420800 kB
Active(anon):    1160396 kB
Inactive(anon):    20416 kB
Active(file):     195828 kB
Inactive(file):  1400384 kB
Unevictable:        5692 kB
Mlocked:            5692 kB
SwapTotal:       3145724 kB
SwapFree:        3145724 kB
Dirty:               264 kB
Writeback:             0 kB
AnonPages:       1159624 kB
Mapped:           824184 kB
Shmem:             22500 kB
KReclaimable:     646640 kB
Slab:             206116 kB
SReclaimable:      66792 kB
SUnreclaim:       139324 kB
KernelStack:       43200 kB
PageTables:        60688 kB
NFS_Unstable:          0 kB
Bounce:                0 kB
WritebackTmp:          0 kB
CommitLimit:     9202296 kB
Committed_AS:   65598828 kB
VmallocTotal:   263061440 kB
VmallocUsed:      100140 kB
VmallocChunk:          0 kB
Percpu:             7584 kB
CmaTotal:         294912 kB
CmaFree:               0 kB
MemTotal:       12113144 kB
MemFree:         6944964 kB
MemAvailable:    8319108 kB
Buffers:            5364 kB
Cached:          1617996 kB
SwapCached:            0 kB
Active:          1346788 kB
Inactive:        1420796 kB
Active(anon):    1150960 kB
Inactive(anon):    20416 kB
Active(file):     195828 kB
Inactive(file):  1400380 kB
Unevictable:        5692 kB
Mlocked:            5692 kB
SwapTotal:       3145724 kB
SwapFree:        3145724 kB
Dirty:               260 kB
Writeback:             0 kB
AnonPages:       1149632 kB
Mapped:           822124 kB
Shmem:             22500 kB
KReclaimable:     646640 kB
Slab:             206076 kB
SReclaimable:      66792 kB
SUnreclaim:       139284 kB
KernelStack:       43184 kB
PageTables:        60572 kB
NFS_Unstable:          0 kB
Bounce:                0 kB
WritebackTmp:          0 kB
CommitLimit:     9202296 kB
Committed_AS:   65598396 kB
VmallocTotal:   263061440 kB
VmallocUsed:      100108 kB
VmallocChunk:          0 kB
Percpu:             7584 kB
CmaTotal:         294912 kB
CmaFree:               0 kB
MemTotal:       12113144 kB
MemFree:         6945188 kB
MemAvailable:    8319336 kB
Buffers:            5364 kB
Cached:          1618000 kB
SwapCached:            0 kB
Active:          1346848 kB
Inactive:        1420800 kB
Active(anon):    1151020 kB
Inactive(anon):    20416 kB
Active(file):     195828 kB
Inactive(file):  1400384 kB
Unevictable:        5692 kB
Mlocked:            5692 kB
SwapTotal:       3145724 kB
SwapFree:        3145724 kB
Dirty:               264 kB
Writeback:             0 kB
AnonPages:       1150084 kB
Mapped:           822124 kB
Shmem:             22500 kB
KReclaimable:     646640 kB
Slab:             206088 kB
SReclaimable:      66792 kB
SUnreclaim:       139296 kB
KernelStack:       43184 kB
PageTables:        60580 kB
NFS_Unstable:          0 kB
Bounce:                0 kB
WritebackTmp:          0 kB
CommitLimit:     9202296 kB
Committed_AS:   65607272 kB
VmallocTotal:   263061440 kB
VmallocUsed:      100124 kB
VmallocChunk:          0 kB
Percpu:             7584 kB
CmaTotal:         294912 kB
CmaFree:               0 kB
MemTotal:       12113144 kB
MemFree:         6945420 kB
MemAvailable:    8319568 kB
Buffers:            5364 kB
Cached:          1618000 kB
SwapCached:            0 kB
Active:          1346960 kB
Inactive:        1420800 kB
Active(anon):    1151132 kB
Inactive(anon):    20416 kB
Active(file):     195828 kB
Inactive(file):  1400384 kB
Unevictable:        5692 kB
Mlocked:            5692 kB
SwapTotal:       3145724 kB
SwapFree:        3145724 kB
Dirty:               264 kB
Writeback:             0 kB
AnonPages:       1150192 kB
Mapped:           821864 kB
Shmem:             22500 kB
KReclaimable:     646640 kB
Slab:             206088 kB
SReclaimable:      66792 kB
SUnreclaim:       139296 kB
KernelStack:       43184 kB
PageTables:        60584 kB
NFS_Unstable:          0 kB
Bounce:                0 kB
WritebackTmp:          0 kB
CommitLimit:     9202296 kB
Committed_AS:   65607140 kB
VmallocTotal:   263061440 kB
VmallocUsed:      100108 kB
VmallocChunk:          0 kB
Percpu:             7584 kB
CmaTotal:         294912 kB
CmaFree:               0 kB
MemTotal:       12113144 kB
MemFree:         6946112 kB
MemAvailable:    8320260 kB
Buffers:            5364 kB
Cached:          1618000 kB
SwapCached:            0 kB
Active:          1347124 kB
Inactive:        1420800 kB
Active(anon):    1151296 kB
Inactive(anon):    20416 kB
Active(file):     195828 kB
Inactive(file):  1400384 kB
Unevictable:        5692 kB
Mlocked:            5692 kB
SwapTotal:       3145724 kB
SwapFree:        3145724 kB
Dirty:               264 kB
Writeback:             0 kB
AnonPages:       1150552 kB
Mapped:           821864 kB
Shmem:             22500 kB
KReclaimable:     646640 kB
Slab:             206072 kB
SReclaimable:      66792 kB
SUnreclaim:       139280 kB
KernelStack:       43184 kB
PageTables:        60576 kB
NFS_Unstable:          0 kB
Bounce:                0 kB
WritebackTmp:          0 kB
CommitLimit:     9202296 kB
Committed_AS:   65606964 kB
VmallocTotal:   263061440 kB
VmallocUsed:      100124 kB
VmallocChunk:          0 kB
Percpu:             7584 kB
CmaTotal:         294912 kB
CmaFree:               0 kB
MemTotal:       12113144 kB
MemFree:         6943840 kB
MemAvailable:    8317992 kB
Buffers:            5368 kB
Cached:          1618008 kB
SwapCached:            0 kB
Active:          1347912 kB
Inactive:        1420808 kB
Active(anon):    1152084 kB
Inactive(anon):    20424 kB
Active(file):     195828 kB
Inactive(file):  1400384 kB
Unevictable:        5692 kB
Mlocked:            5692 kB
SwapTotal:       3145724 kB
SwapFree:        3145724 kB
Dirty:               268 kB
Writeback:             0 kB
AnonPages:       1151088 kB
Mapped:           822132 kB
Shmem:             22508 kB
KReclaimable:     646644 kB
Slab:             206092 kB
SReclaimable:      66796 kB
SUnreclaim:       139296 kB
KernelStack:       43184 kB
PageTables:        60576 kB
NFS_Unstable:          0 kB
Bounce:                0 kB
WritebackTmp:          0 kB
CommitLimit:     9202296 kB
Committed_AS:   65606708 kB
VmallocTotal:   263061440 kB
VmallocUsed:      100108 kB
VmallocChunk:          0 kB
Percpu:             7584 kB
CmaTotal:         294912 kB
CmaFree:               0 kB
MemTotal:       12113144 kB
MemFree:         6943928 kB
MemAvailable:    8318096 kB
Buffers:            5368 kB
Cached:          1618020 kB
SwapCached:            0 kB
Active:          1348324 kB
Inactive:        1420820 kB
Active(anon):    1152492 kB
Inactive(anon):    20424 kB
Active(file):     195832 kB
Inactive(file):  1400396 kB
Unevictable:        5692 kB
Mlocked:            5692 kB
SwapTotal:       3145724 kB
SwapFree:        3145724 kB
Dirty:               248 kB
Writeback:             0 kB
AnonPages:       1151464 kB
Mapped:           822132 kB
Shmem:             22508 kB
KReclaimable:     646644 kB
Slab:             206060 kB
SReclaimable:      66796 kB
SUnreclaim:       139264 kB
KernelStack:       43184 kB
PageTables:        60572 kB
NFS_Unstable:          0 kB
Bounce:                0 kB
WritebackTmp:          0 kB
CommitLimit:     9202296 kB
Committed_AS:   65606708 kB
VmallocTotal:   263061440 kB
VmallocUsed:      100108 kB
VmallocChunk:          0 kB
Percpu:             7584 kB
CmaTotal:         294912 kB
CmaFree:               0 kB
MemTotal:       12113144 kB
MemFree:         6944008 kB
MemAvailable:    8318176 kB
Buffers:            5368 kB
Cached:          1618024 kB
SwapCached:            0 kB
Active:          1348592 kB
Inactive:        1420824 kB
Active(anon):    1152760 kB
Inactive(anon):    20428 kB
Active(file):     195832 kB
Inactive(file):  1400396 kB
Unevictable:        5692 kB
Mlocked:            5692 kB
SwapTotal:       3145724 kB
SwapFree:        3145724 kB
Dirty:               248 kB
Writeback:             0 kB
AnonPages:       1151968 kB
Mapped:           821876 kB
Shmem:             22512 kB
KReclaimable:     646644 kB
Slab:             206112 kB
SReclaimable:      66796 kB
SUnreclaim:       139316 kB
KernelStack:       43184 kB
PageTables:        60572 kB
NFS_Unstable:          0 kB
Bounce:                0 kB
WritebackTmp:          0 kB
CommitLimit:     9202296 kB
Committed_AS:   65606312 kB
VmallocTotal:   263061440 kB
VmallocUsed:      100124 kB
VmallocChunk:          0 kB
Percpu:             7584 kB
CmaTotal:         294912 kB
CmaFree:               0 kB
MemTotal:       12113144 kB
MemFree:         6943112 kB
MemAvailable:    8317280 kB
Buffers:            5368 kB
Cached:          1618024 kB
SwapCached:            0 kB
Active:          1348992 kB
Inactive:        1420824 kB
Active(anon):    1153160 kB
Inactive(anon):    20428 kB
Active(file):     195832 kB
Inactive(file):  1400396 kB
Unevictable:        5692 kB
Mlocked:            5692 kB
SwapTotal:       3145724 kB
SwapFree:        3145724 kB
Dirty:               248 kB
Writeback:             0 kB
AnonPages:       1152348 kB
Mapped:           821876 kB
Shmem:             22512 kB
KReclaimable:     646644 kB
Slab:             206096 kB
SReclaimable:      66796 kB
SUnreclaim:       139300 kB
KernelStack:       43184 kB
PageTables:        60576 kB
NFS_Unstable:          0 kB
Bounce:                0 kB
WritebackTmp:          0 kB
CommitLimit:     9202296 kB
Committed_AS:   65608684 kB
VmallocTotal:   263061440 kB
VmallocUsed:      100156 kB
VmallocChunk:          0 kB
Percpu:             7584 kB
CmaTotal:         294912 kB
CmaFree:               0 kB
MemTotal:       12113144 kB
MemFree:         6942608 kB
MemAvailable:    8316776 kB
Buffers:            5368 kB
Cached:          1618036 kB
SwapCached:            0 kB
Active:          1349524 kB
Inactive:        1420836 kB
Active(anon):    1153692 kB
Inactive(anon):    20440 kB
Active(file):     195832 kB
Inactive(file):  1400396 kB
Unevictable:        5692 kB
Mlocked:            5692 kB
SwapTotal:       3145724 kB
SwapFree:        3145724 kB
Dirty:               248 kB
Writeback:             0 kB
AnonPages:       1152864 kB
Mapped:           822148 kB
Shmem:             22524 kB
KReclaimable:     646644 kB
Slab:             206080 kB
SReclaimable:      66796 kB
SUnreclaim:       139284 kB
KernelStack:       43184 kB
PageTables:        60572 kB
NFS_Unstable:          0 kB
Bounce:                0 kB
WritebackTmp:          0 kB
CommitLimit:     9202296 kB
Committed_AS:   65609160 kB
VmallocTotal:   263061440 kB
VmallocUsed:      100156 kB
VmallocChunk:          0 kB
Percpu:             7584 kB
CmaTotal:         294912 kB
CmaFree:               0 kB
MemTotal:       12113144 kB
MemFree:         6942564 kB
MemAvailable:    8316732 kB
Buffers:            5368 kB
Cached:          1618036 kB
SwapCached:            0 kB
Active:          1350220 kB
Inactive:        1420836 kB
Active(anon):    1154388 kB
Inactive(anon):    20440 kB
Active(file):     195832 kB
Inactive(file):  1400396 kB
Unevictable:        5692 kB
Mlocked:            5692 kB
SwapTotal:       3145724 kB
SwapFree:        3145724 kB
Dirty:               248 kB
Writeback:             0 kB
AnonPages:       1153448 kB
Mapped:           821888 kB
Shmem:             22524 kB
KReclaimable:     646644 kB
Slab:             206112 kB
SReclaimable:      66796 kB
SUnreclaim:       139316 kB
KernelStack:       43184 kB
PageTables:        60572 kB
NFS_Unstable:          0 kB
Bounce:                0 kB
WritebackTmp:          0 kB
CommitLimit:     9202296 kB
Committed_AS:   65608948 kB
VmallocTotal:   263061440 kB
VmallocUsed:      100124 kB
VmallocChunk:          0 kB
Percpu:             7584 kB
CmaTotal:         294912 kB
CmaFree:               0 kB
MemTotal:       12113144 kB
MemFree:         6941516 kB
MemAvailable:    8315684 kB
Buffers:            5368 kB
Cached:          1618036 kB
SwapCached:            0 kB
Active:          1350208 kB
Inactive:        1420836 kB
Active(anon):    1154376 kB
Inactive(anon):    20440 kB
Active(file):     195832 kB
Inactive(file):  1400396 kB
Unevictable:        5692 kB
Mlocked:            5692 kB
SwapTotal:       3145724 kB
SwapFree:        3145724 kB
Dirty:               248 kB
Writeback:             0 kB
AnonPages:       1153604 kB
Mapped:           822148 kB
Shmem:             22524 kB
KReclaimable:     646644 kB
Slab:             206120 kB
SReclaimable:      66796 kB
SUnreclaim:       139324 kB
KernelStack:       43168 kB
PageTables:        60580 kB
NFS_Unstable:          0 kB
Bounce:                0 kB
WritebackTmp:          0 kB
CommitLimit:     9202296 kB
Committed_AS:   65608684 kB
VmallocTotal:   263061440 kB
VmallocUsed:      100108 kB
VmallocChunk:          0 kB
Percpu:             7584 kB
CmaTotal:         294912 kB
CmaFree:               0 kB
MemTotal:       12113144 kB
MemFree:         6941084 kB
MemAvailable:    8315252 kB
Buffers:            5368 kB
Cached:          1618036 kB
SwapCached:            0 kB
Active:          1350420 kB
Inactive:        1420836 kB
Active(anon):    1154588 kB
Inactive(anon):    20440 kB
Active(file):     195832 kB
Inactive(file):  1400396 kB
Unevictable:        5692 kB
Mlocked:            5692 kB
SwapTotal:       3145724 kB
SwapFree:        3145724 kB
Dirty:               248 kB
Writeback:             0 kB
AnonPages:       1153920 kB
Mapped:           821888 kB
Shmem:             22524 kB
KReclaimable:     646644 kB
Slab:             206100 kB
SReclaimable:      66796 kB
SUnreclaim:       139304 kB
KernelStack:       43152 kB
PageTables:        60572 kB
NFS_Unstable:          0 kB
Bounce:                0 kB
WritebackTmp:          0 kB
CommitLimit:     9202296 kB
Committed_AS:   65609408 kB
VmallocTotal:   263061440 kB
VmallocUsed:      100076 kB
VmallocChunk:          0 kB
Percpu:             7584 kB
CmaTotal:         294912 kB
CmaFree:               0 kB
MemTotal:       12113144 kB
MemFree:         6941036 kB
MemAvailable:    8315204 kB
Buffers:            5368 kB
Cached:          1618036 kB
SwapCached:            0 kB
Active:          1351328 kB
Inactive:        1420836 kB
Active(anon):    1155496 kB
Inactive(anon):    20440 kB
Active(file):     195832 kB
Inactive(file):  1400396 kB
Unevictable:        5692 kB
Mlocked:            5692 kB
SwapTotal:       3145724 kB
SwapFree:        3145724 kB
Dirty:               248 kB
Writeback:             0 kB
AnonPages:       1154680 kB
Mapped:           822148 kB
Shmem:             22524 kB
KReclaimable:     646644 kB
Slab:             206100 kB
SReclaimable:      66796 kB
SUnreclaim:       139304 kB
KernelStack:       43152 kB
PageTables:        60580 kB
NFS_Unstable:          0 kB
Bounce:                0 kB
WritebackTmp:          0 kB
CommitLimit:     9202296 kB
Committed_AS:   65609276 kB
VmallocTotal:   263061440 kB
VmallocUsed:      100076 kB
VmallocChunk:          0 kB
Percpu:             7584 kB
CmaTotal:         294912 kB
CmaFree:               0 kB
MemTotal:       12113144 kB
MemFree:         6940296 kB
MemAvailable:    8314464 kB
Buffers:            5368 kB
Cached:          1618044 kB
SwapCached:            0 kB
Active:          1351568 kB
Inactive:        1420844 kB
Active(anon):    1155736 kB
Inactive(anon):    20448 kB
Active(file):     195832 kB
Inactive(file):  1400396 kB
Unevictable:        5692 kB
Mlocked:            5692 kB
SwapTotal:       3145724 kB
SwapFree:        3145724 kB
Dirty:               248 kB
Writeback:             0 kB
AnonPages:       1154868 kB
Mapped:           822156 kB
Shmem:             22532 kB
KReclaimable:     646644 kB
Slab:             206108 kB
SReclaimable:      66796 kB
SUnreclaim:       139312 kB
KernelStack:       43152 kB
PageTables:        60584 kB
NFS_Unstable:          0 kB
Bounce:                0 kB
WritebackTmp:          0 kB
CommitLimit:     9202296 kB
Committed_AS:   65608932 kB
VmallocTotal:   263061440 kB
VmallocUsed:      100044 kB
VmallocChunk:          0 kB
Percpu:             7584 kB
CmaTotal:         294912 kB
CmaFree:               0 kB
MemTotal:       12113144 kB
MemFree:         6940876 kB
MemAvailable:    8315052 kB
Buffers:            5368 kB
Cached:          1618056 kB
SwapCached:            0 kB
Active:          1352076 kB
Inactive:        1420856 kB
Active(anon):    1156244 kB
Inactive(anon):    20452 kB
Active(file):     195832 kB
Inactive(file):  1400404 kB
Unevictable:        5692 kB
Mlocked:            5692 kB
SwapTotal:       3145724 kB
SwapFree:        3145724 kB
Dirty:               264 kB
Writeback:             0 kB
AnonPages:       1155312 kB
Mapped:           822160 kB
Shmem:             22536 kB
KReclaimable:     646644 kB
Slab:             206100 kB
SReclaimable:      66796 kB
SUnreclaim:       139304 kB
KernelStack:       43152 kB
PageTables:        60584 kB
NFS_Unstable:          0 kB
Bounce:                0 kB
WritebackTmp:          0 kB
CommitLimit:     9202296 kB
Committed_AS:   65609224 kB
VmallocTotal:   263061440 kB
VmallocUsed:      100076 kB
VmallocChunk:          0 kB
Percpu:             7584 kB
CmaTotal:         294912 kB
CmaFree:               0 kB
MemTotal:       12113144 kB
MemFree:         6940096 kB
MemAvailable:    8314292 kB
Buffers:            5368 kB
Cached:          1618076 kB
SwapCached:            0 kB
Active:          1352200 kB
Inactive:        1420868 kB
Active(anon):    1156360 kB
Inactive(anon):    20452 kB
Active(file):     195840 kB
Inactive(file):  1400416 kB
Unevictable:        5692 kB
Mlocked:            5692 kB
SwapTotal:       3145724 kB
SwapFree:        3145724 kB
Dirty:               276 kB
Writeback:             0 kB
AnonPages:       1155328 kB
Mapped:           821900 kB
Shmem:             22536 kB
KReclaimable:     646644 kB
Slab:             206076 kB
SReclaimable:      66796 kB
SUnreclaim:       139280 kB
KernelStack:       43152 kB
PageTables:        60572 kB
NFS_Unstable:          0 kB
Bounce:                0 kB
WritebackTmp:          0 kB
CommitLimit:     9202296 kB
Committed_AS:   65609148 kB
VmallocTotal:   263061440 kB
VmallocUsed:      100060 kB
VmallocChunk:          0 kB
Percpu:             7584 kB
CmaTotal:         294912 kB
CmaFree:               0 kB
MemTotal:       12113144 kB
MemFree:         6941008 kB
MemAvailable:    8315192 kB
Buffers:            5368 kB
Cached:          1618064 kB
SwapCached:            0 kB
Active:          1351728 kB
Inactive:        1420860 kB
Active(anon):    1155892 kB
Inactive(anon):    20452 kB
Active(file):     195836 kB
Inactive(file):  1400408 kB
Unevictable:        5692 kB
Mlocked:            5692 kB
SwapTotal:       3145724 kB
SwapFree:        3145724 kB
Dirty:               216 kB
Writeback:             0 kB
AnonPages:       1155040 kB
Mapped:           822160 kB
Shmem:             22536 kB
KReclaimable:     646644 kB
Slab:             206092 kB
SReclaimable:      66796 kB
SUnreclaim:       139296 kB
KernelStack:       43152 kB
PageTables:        60584 kB
NFS_Unstable:          0 kB
Bounce:                0 kB
WritebackTmp:          0 kB
CommitLimit:     9202296 kB
Committed_AS:   65608964 kB
VmallocTotal:   263061440 kB
VmallocUsed:      100076 kB
VmallocChunk:          0 kB
Percpu:             7584 kB
CmaTotal:         294912 kB
CmaFree:               0 kB
MemTotal:       12113144 kB
MemFree:         6939900 kB
MemAvailable:    8314076 kB
Buffers:            5368 kB
Cached:          1618056 kB
SwapCached:            0 kB
Active:          1352284 kB
Inactive:        1420856 kB
Active(anon):    1156452 kB
Inactive(anon):    20452 kB
Active(file):     195832 kB
Inactive(file):  1400404 kB
Unevictable:        5692 kB
Mlocked:            5692 kB
SwapTotal:       3145724 kB
SwapFree:        3145724 kB
Dirty:               240 kB
Writeback:             0 kB
AnonPages:       1155360 kB
Mapped:           821900 kB
Shmem:             22536 kB
KReclaimable:     646644 kB
Slab:             206096 kB
SReclaimable:      66796 kB
SUnreclaim:       139300 kB
KernelStack:       43168 kB
PageTables:        60576 kB
NFS_Unstable:          0 kB
Bounce:                0 kB
WritebackTmp:          0 kB
CommitLimit:     9202296 kB
Committed_AS:   65608964 kB
VmallocTotal:   263061440 kB
VmallocUsed:      100092 kB
VmallocChunk:          0 kB
Percpu:             7584 kB
CmaTotal:         294912 kB
CmaFree:               0 kB
MemTotal:       12113144 kB
MemFree:         6940708 kB
MemAvailable:    8314884 kB
Buffers:            5368 kB
Cached:          1618056 kB
SwapCached:            0 kB
Active:          1351832 kB
Inactive:        1420856 kB
Active(anon):    1156000 kB
Inactive(anon):    20452 kB
Active(file):     195832 kB
Inactive(file):  1400404 kB
Unevictable:        5692 kB
Mlocked:            5692 kB
SwapTotal:       3145724 kB
SwapFree:        3145724 kB
Dirty:               240 kB
Writeback:             0 kB
AnonPages:       1155192 kB
Mapped:           822160 kB
Shmem:             22536 kB
KReclaimable:     646644 kB
Slab:             206088 kB
SReclaimable:      66796 kB
SUnreclaim:       139292 kB
KernelStack:       43152 kB
PageTables:        60572 kB
NFS_Unstable:          0 kB
Bounce:                0 kB
WritebackTmp:          0 kB
CommitLimit:     9202296 kB
Committed_AS:   65608692 kB
VmallocTotal:   263061440 kB
VmallocUsed:      100076 kB
VmallocChunk:          0 kB
Percpu:             7584 kB
CmaTotal:         294912 kB
CmaFree:               0 kB
MemTotal:       12113144 kB
MemFree:         6940424 kB
MemAvailable:    8314612 kB
Buffers:            5372 kB
Cached:          1618064 kB
SwapCached:            0 kB
Active:          1351348 kB
Inactive:        1420864 kB
Active(anon):    1155512 kB
Inactive(anon):    20452 kB
Active(file):     195836 kB
Inactive(file):  1400412 kB
Unevictable:        5692 kB
Mlocked:            5692 kB
SwapTotal:       3145724 kB
SwapFree:        3145724 kB
Dirty:               232 kB
Writeback:             0 kB
AnonPages:       1154568 kB
Mapped:           822160 kB
Shmem:             22536 kB
KReclaimable:     646644 kB
Slab:             206104 kB
SReclaimable:      66796 kB
SUnreclaim:       139308 kB
KernelStack:       43136 kB
PageTables:        60564 kB
NFS_Unstable:          0 kB
Bounce:                0 kB
WritebackTmp:          0 kB
CommitLimit:     9202296 kB
Committed_AS:   65609016 kB
VmallocTotal:   263061440 kB
VmallocUsed:      100076 kB
VmallocChunk:          0 kB
Percpu:             7584 kB
CmaTotal:         294912 kB
CmaFree:               0 kB
MemTotal:       12113144 kB
MemFree:         6940848 kB
MemAvailable:    8314752 kB
Buffers:            5372 kB
Cached:          1618072 kB
SwapCached:            0 kB
Active:          1351540 kB
Inactive:        1420872 kB
Active(anon):    1155704 kB
Inactive(anon):    20456 kB
Active(file):     195836 kB
Inactive(file):  1400416 kB
Unevictable:        5692 kB
Mlocked:            5692 kB
SwapTotal:       3145724 kB
SwapFree:        3145724 kB
Dirty:               236 kB
Writeback:             0 kB
AnonPages:       1154820 kB
Mapped:           821904 kB
Shmem:             22540 kB
KReclaimable:     646644 kB
Slab:             206104 kB
SReclaimable:      66796 kB
SUnreclaim:       139308 kB
KernelStack:       43136 kB
PageTables:        60580 kB
NFS_Unstable:          0 kB
Bounce:                0 kB
WritebackTmp:          0 kB
CommitLimit:     9202296 kB
Committed_AS:   65609172 kB
VmallocTotal:   263061440 kB
VmallocUsed:      100076 kB
VmallocChunk:          0 kB
Percpu:             7584 kB
CmaTotal:         294912 kB
CmaFree:               0 kB
MemTotal:       12113144 kB
MemFree:         6940260 kB
MemAvailable:    8314452 kB
Buffers:            5372 kB
Cached:          1618072 kB
SwapCached:            0 kB
Active:          1352420 kB
Inactive:        1420872 kB
Active(anon):    1156584 kB
Inactive(anon):    20456 kB
Active(file):     195836 kB
Inactive(file):  1400416 kB
Unevictable:        5692 kB
Mlocked:            5692 kB
SwapTotal:       3145724 kB
SwapFree:        3145724 kB
Dirty:               208 kB
Writeback:             0 kB
AnonPages:       1155724 kB
Mapped:           821976 kB
Shmem:             22540 kB
KReclaimable:     646644 kB
Slab:             206112 kB
SReclaimable:      66796 kB
SUnreclaim:       139316 kB
KernelStack:       43184 kB
PageTables:        60628 kB
NFS_Unstable:          0 kB
Bounce:                0 kB
WritebackTmp:          0 kB
CommitLimit:     9202296 kB
Committed_AS:   65608876 kB
VmallocTotal:   263061440 kB
VmallocUsed:      100076 kB
VmallocChunk:          0 kB
Percpu:             7584 kB
CmaTotal:         294912 kB
CmaFree:               0 kB
MemTotal:       12113144 kB
MemFree:         6939836 kB
MemAvailable:    8314036 kB
Buffers:            5372 kB
Cached:          1618084 kB
SwapCached:            0 kB
Active:          1352788 kB
Inactive:        1420880 kB
Active(anon):    1156948 kB
Inactive(anon):    20460 kB
Active(file):     195840 kB
Inactive(file):  1400420 kB
Unevictable:        5692 kB
Mlocked:            5692 kB
SwapTotal:       3145724 kB
SwapFree:        3145724 kB
Dirty:               236 kB
Writeback:             0 kB
AnonPages:       1155980 kB
Mapped:           822168 kB
Shmem:             22544 kB
KReclaimable:     646644 kB
Slab:             206100 kB
SReclaimable:      66796 kB
SUnreclaim:       139304 kB
KernelStack:       43152 kB
PageTables:        60568 kB
NFS_Unstable:          0 kB
Bounce:                0 kB
WritebackTmp:          0 kB
CommitLimit:     9202296 kB
Committed_AS:   65609184 kB
VmallocTotal:   263061440 kB
VmallocUsed:      100124 kB
VmallocChunk:          0 kB
Percpu:             7584 kB
CmaTotal:         294912 kB
CmaFree:               0 kB
MemTotal:       12113144 kB
MemFree:         6939184 kB
MemAvailable:    8313376 kB
Buffers:            5372 kB
Cached:          1618076 kB
SwapCached:            0 kB
Active:          1353724 kB
Inactive:        1420876 kB
Active(anon):    1157888 kB
Inactive(anon):    20460 kB
Active(file):     195836 kB
Inactive(file):  1400416 kB
Unevictable:        5692 kB
Mlocked:            5692 kB
SwapTotal:       3145724 kB
SwapFree:        3145724 kB
Dirty:               236 kB
Writeback:             0 kB
AnonPages:       1157104 kB
Mapped:           822168 kB
Shmem:             22544 kB
KReclaimable:     646644 kB
Slab:             206120 kB
SReclaimable:      66796 kB
SUnreclaim:       139324 kB
KernelStack:       43152 kB
PageTables:        60572 kB
NFS_Unstable:          0 kB
Bounce:                0 kB
WritebackTmp:          0 kB
CommitLimit:     9202296 kB
Committed_AS:   65609424 kB
VmallocTotal:   263061440 kB
VmallocUsed:      100124 kB
VmallocChunk:          0 kB
Percpu:             7584 kB
CmaTotal:         294912 kB
CmaFree:               0 kB
MemTotal:       12113144 kB
MemFree:         6939108 kB
MemAvailable:    8313300 kB
Buffers:            5372 kB
Cached:          1618076 kB
SwapCached:            0 kB
Active:          1353744 kB
Inactive:        1420876 kB
Active(anon):    1157908 kB
Inactive(anon):    20460 kB
Active(file):     195836 kB
Inactive(file):  1400416 kB
Unevictable:        5692 kB
Mlocked:            5692 kB
SwapTotal:       3145724 kB
SwapFree:        3145724 kB
Dirty:               276 kB
Writeback:             0 kB
AnonPages:       1156936 kB
Mapped:           822168 kB
Shmem:             22544 kB
KReclaimable:     646644 kB
Slab:             206104 kB
SReclaimable:      66796 kB
SUnreclaim:       139308 kB
KernelStack:       43152 kB
PageTables:        60580 kB
NFS_Unstable:          0 kB
Bounce:                0 kB
WritebackTmp:          0 kB
CommitLimit:     9202296 kB
Committed_AS:   65609248 kB
VmallocTotal:   263061440 kB
VmallocUsed:      100124 kB
VmallocChunk:          0 kB
Percpu:             7584 kB
CmaTotal:         294912 kB
CmaFree:               0 kB
MemTotal:       12113144 kB
MemFree:         6938120 kB
MemAvailable:    8312312 kB
Buffers:            5372 kB
Cached:          1618076 kB
SwapCached:            0 kB
Active:          1354556 kB
Inactive:        1420876 kB
Active(anon):    1158720 kB
Inactive(anon):    20460 kB
Active(file):     195836 kB
Inactive(file):  1400416 kB
Unevictable:        5692 kB
Mlocked:            5692 kB
SwapTotal:       3145724 kB
SwapFree:        3145724 kB
Dirty:               284 kB
Writeback:             0 kB
AnonPages:       1157508 kB
Mapped:           821908 kB
Shmem:             22544 kB
KReclaimable:     646644 kB
Slab:             206120 kB
SReclaimable:      66796 kB
SUnreclaim:       139324 kB
KernelStack:       43152 kB
PageTables:        60568 kB
NFS_Unstable:          0 kB
Bounce:                0 kB
WritebackTmp:          0 kB
CommitLimit:     9202296 kB
Committed_AS:   65609132 kB
VmallocTotal:   263061440 kB
VmallocUsed:      100140 kB
VmallocChunk:          0 kB
Percpu:             7584 kB
CmaTotal:         294912 kB
CmaFree:               0 kB
MemTotal:       12113144 kB
MemFree:         6937884 kB
MemAvailable:    8312076 kB
Buffers:            5372 kB
Cached:          1618080 kB
SwapCached:            0 kB
Active:          1354932 kB
Inactive:        1420880 kB
Active(anon):    1159096 kB
Inactive(anon):    20464 kB
Active(file):     195836 kB
Inactive(file):  1400416 kB
Unevictable:        5692 kB
Mlocked:            5692 kB
SwapTotal:       3145724 kB
SwapFree:        3145724 kB
Dirty:               292 kB
Writeback:             0 kB
AnonPages:       1158224 kB
Mapped:           822172 kB
Shmem:             22548 kB
KReclaimable:     646644 kB
Slab:             206096 kB
SReclaimable:      66796 kB
SUnreclaim:       139300 kB
KernelStack:       43168 kB
PageTables:        60580 kB
NFS_Unstable:          0 kB
Bounce:                0 kB
WritebackTmp:          0 kB
CommitLimit:     9202296 kB
Committed_AS:   65609452 kB
VmallocTotal:   263061440 kB
VmallocUsed:      100124 kB
VmallocChunk:          0 kB
Percpu:             7584 kB
CmaTotal:         294912 kB
CmaFree:               0 kB
MemTotal:       12113144 kB
MemFree:         6937012 kB
MemAvailable:    8311204 kB
Buffers:            5372 kB
Cached:          1618080 kB
SwapCached:            0 kB
Active:          1355656 kB
Inactive:        1420880 kB
Active(anon):    1159820 kB
Inactive(anon):    20464 kB
Active(file):     195836 kB
Inactive(file):  1400416 kB
Unevictable:        5692 kB
Mlocked:            5692 kB
SwapTotal:       3145724 kB
SwapFree:        3145724 kB
Dirty:               200 kB
Writeback:             0 kB
AnonPages:       1158684 kB
Mapped:           822172 kB
Shmem:             22548 kB
KReclaimable:     646644 kB
Slab:             206128 kB
SReclaimable:      66796 kB
SUnreclaim:       139332 kB
KernelStack:       43184 kB
PageTables:        60572 kB
NFS_Unstable:          0 kB
Bounce:                0 kB
WritebackTmp:          0 kB
CommitLimit:     9202296 kB
Committed_AS:   65609248 kB
VmallocTotal:   263061440 kB
VmallocUsed:      100124 kB
VmallocChunk:          0 kB
Percpu:             7584 kB
CmaTotal:         294912 kB
CmaFree:               0 kB
MemTotal:       12113144 kB
MemFree:         6942752 kB
MemAvailable:    8316944 kB
Buffers:            5372 kB
Cached:          1618088 kB
SwapCached:            0 kB
Active:          1349312 kB
Inactive:        1420888 kB
Active(anon):    1153476 kB
Inactive(anon):    20472 kB
Active(file):     195836 kB
Inactive(file):  1400416 kB
Unevictable:        5692 kB
Mlocked:            5692 kB
SwapTotal:       3145724 kB
SwapFree:        3145724 kB
Dirty:               204 kB
Writeback:             0 kB
AnonPages:       1152524 kB
Mapped:           822116 kB
Shmem:             22556 kB
KReclaimable:     646644 kB
Slab:             206148 kB
SReclaimable:      66796 kB
SUnreclaim:       139352 kB
KernelStack:       43216 kB
PageTables:        60616 kB
NFS_Unstable:          0 kB
Bounce:                0 kB
WritebackTmp:          0 kB
CommitLimit:     9202296 kB
Committed_AS:   65609132 kB
VmallocTotal:   263061440 kB
VmallocUsed:      100124 kB
VmallocChunk:          0 kB
Percpu:             7584 kB
CmaTotal:         294912 kB
CmaFree:               4 kB
MemTotal:       12113144 kB
MemFree:         6941468 kB
MemAvailable:    8315672 kB
Buffers:            5372 kB
Cached:          1618100 kB
SwapCached:            0 kB
Active:          1350484 kB
Inactive:        1420900 kB
Active(anon):    1154648 kB
Inactive(anon):    20472 kB
Active(file):     195836 kB
Inactive(file):  1400428 kB
Unevictable:        5692 kB
Mlocked:            5692 kB
SwapTotal:       3145724 kB
SwapFree:        3145724 kB
Dirty:               280 kB
Writeback:             0 kB
AnonPages:       1153268 kB
Mapped:           822172 kB
Shmem:             22556 kB
KReclaimable:     646644 kB
Slab:             206108 kB
SReclaimable:      66796 kB
SUnreclaim:       139312 kB
KernelStack:       43184 kB
PageTables:        60568 kB
NFS_Unstable:          0 kB
Bounce:                0 kB
WritebackTmp:          0 kB
CommitLimit:     9202296 kB
Committed_AS:   65614472 kB
VmallocTotal:   263061440 kB
VmallocUsed:      100140 kB
VmallocChunk:          0 kB
Percpu:             7584 kB
CmaTotal:         294912 kB
CmaFree:               0 kB
MemTotal:       12113144 kB
MemFree:         6941212 kB
MemAvailable:    8315416 kB
Buffers:            5372 kB
Cached:          1618116 kB
SwapCached:            0 kB
Active:          1350496 kB
Inactive:        1420916 kB
Active(anon):    1154660 kB
Inactive(anon):    20488 kB
Active(file):     195836 kB
Inactive(file):  1400428 kB
Unevictable:        5692 kB
Mlocked:            5692 kB
SwapTotal:       3145724 kB
SwapFree:        3145724 kB
Dirty:               292 kB
Writeback:             0 kB
AnonPages:       1153572 kB
Mapped:           821944 kB
Shmem:             22572 kB
KReclaimable:     646644 kB
Slab:             206116 kB
SReclaimable:      66796 kB
SUnreclaim:       139320 kB
KernelStack:       43184 kB
PageTables:        60584 kB
NFS_Unstable:          0 kB
Bounce:                0 kB
WritebackTmp:          0 kB
CommitLimit:     9202296 kB
Committed_AS:   65614120 kB
VmallocTotal:   263061440 kB
VmallocUsed:      100140 kB
VmallocChunk:          0 kB
Percpu:             7584 kB
CmaTotal:         294912 kB
CmaFree:               0 kB
MemTotal:       12113144 kB
MemFree:         6939844 kB
MemAvailable:    8314048 kB
Buffers:            5372 kB
Cached:          1618116 kB
SwapCached:            0 kB
Active:          1350704 kB
Inactive:        1420916 kB
Active(anon):    1154868 kB
Inactive(anon):    20488 kB
Active(file):     195836 kB
Inactive(file):  1400428 kB
Unevictable:        5692 kB
Mlocked:            5692 kB
SwapTotal:       3145724 kB
SwapFree:        3145724 kB
Dirty:               296 kB
Writeback:             0 kB
AnonPages:       1153812 kB
Mapped:           822204 kB
Shmem:             22572 kB
KReclaimable:     646644 kB
Slab:             206156 kB
SReclaimable:      66796 kB
SUnreclaim:       139360 kB
KernelStack:       43184 kB
PageTables:        60572 kB
NFS_Unstable:          0 kB
Bounce:                0 kB
WritebackTmp:          0 kB
CommitLimit:     9202296 kB
Committed_AS:   65613964 kB
VmallocTotal:   263061440 kB
VmallocUsed:      100124 kB
VmallocChunk:          0 kB
Percpu:             7584 kB
CmaTotal:         294912 kB
CmaFree:               0 kB
MemTotal:       12113144 kB
MemFree:         6940408 kB
MemAvailable:    8314612 kB
Buffers:            5372 kB
Cached:          1618116 kB
SwapCached:            0 kB
Active:          1351332 kB
Inactive:        1420916 kB
Active(anon):    1155496 kB
Inactive(anon):    20488 kB
Active(file):     195836 kB
Inactive(file):  1400428 kB
Unevictable:        5692 kB
Mlocked:            5692 kB
SwapTotal:       3145724 kB
SwapFree:        3145724 kB
Dirty:               232 kB
Writeback:             0 kB
AnonPages:       1154696 kB
Mapped:           821944 kB
Shmem:             22572 kB
KReclaimable:     646644 kB
Slab:             206108 kB
SReclaimable:      66796 kB
SUnreclaim:       139312 kB
KernelStack:       43184 kB
PageTables:        60584 kB
NFS_Unstable:          0 kB
Bounce:                0 kB
WritebackTmp:          0 kB
CommitLimit:     9202296 kB
Committed_AS:   65613620 kB
VmallocTotal:   263061440 kB
VmallocUsed:      100124 kB
VmallocChunk:          0 kB
Percpu:             7584 kB
CmaTotal:         294912 kB
CmaFree:               0 kB
MemTotal:       12113144 kB
MemFree:         6939568 kB
MemAvailable:    8313780 kB
Buffers:            5372 kB
Cached:          1618124 kB
SwapCached:            0 kB
Active:          1351712 kB
Inactive:        1420920 kB
Active(anon):    1155872 kB
Inactive(anon):    20488 kB
Active(file):     195840 kB
Inactive(file):  1400432 kB
Unevictable:        5692 kB
Mlocked:            5692 kB
SwapTotal:       3145724 kB
SwapFree:        3145724 kB
Dirty:               232 kB
Writeback:             0 kB
AnonPages:       1155116 kB
Mapped:           822204 kB
Shmem:             22572 kB
KReclaimable:     646644 kB
Slab:             206120 kB
SReclaimable:      66796 kB
SUnreclaim:       139324 kB
KernelStack:       43184 kB
PageTables:        60572 kB
NFS_Unstable:          0 kB
Bounce:                0 kB
WritebackTmp:          0 kB
CommitLimit:     9202296 kB
Committed_AS:   65613576 kB
VmallocTotal:   263061440 kB
VmallocUsed:      100124 kB
VmallocChunk:          0 kB
Percpu:             7584 kB
CmaTotal:         294912 kB
CmaFree:               0 kB
MemTotal:       12113144 kB
MemFree:         6938812 kB
MemAvailable:    8313016 kB
Buffers:            5372 kB
Cached:          1618116 kB
SwapCached:            0 kB
Active:          1352560 kB
Inactive:        1420916 kB
Active(anon):    1156724 kB
Inactive(anon):    20488 kB
Active(file):     195836 kB
Inactive(file):  1400428 kB
Unevictable:        5692 kB
Mlocked:            5692 kB
SwapTotal:       3145724 kB
SwapFree:        3145724 kB
Dirty:               232 kB
Writeback:             0 kB
AnonPages:       1155864 kB
Mapped:           821944 kB
Shmem:             22572 kB
KReclaimable:     646644 kB
Slab:             206144 kB
SReclaimable:      66796 kB
SUnreclaim:       139348 kB
KernelStack:       43168 kB
PageTables:        60572 kB
NFS_Unstable:          0 kB
Bounce:                0 kB
WritebackTmp:          0 kB
CommitLimit:     9202296 kB
Committed_AS:   65613620 kB
VmallocTotal:   263061440 kB
VmallocUsed:      100124 kB
VmallocChunk:          0 kB
Percpu:             7584 kB
CmaTotal:         294912 kB
CmaFree:               0 kB
MemTotal:       12113144 kB
MemFree:         6939264 kB
MemAvailable:    8313480 kB
Buffers:            5376 kB
Cached:          1618124 kB
SwapCached:            0 kB
Active:          1352716 kB
Inactive:        1420924 kB
Active(anon):    1156876 kB
Inactive(anon):    20488 kB
Active(file):     195840 kB
Inactive(file):  1400436 kB
Unevictable:        5692 kB
Mlocked:            5692 kB
SwapTotal:       3145724 kB
SwapFree:        3145724 kB
Dirty:               296 kB
Writeback:             0 kB
AnonPages:       1156016 kB
Mapped:           821944 kB
Shmem:             22572 kB
KReclaimable:     646644 kB
Slab:             206064 kB
SReclaimable:      66796 kB
SUnreclaim:       139268 kB
KernelStack:       43184 kB
PageTables:        60576 kB
NFS_Unstable:          0 kB
Bounce:                0 kB
WritebackTmp:          0 kB
CommitLimit:     9202296 kB
Committed_AS:   65613488 kB
VmallocTotal:   263061440 kB
VmallocUsed:      100140 kB
VmallocChunk:          0 kB
Percpu:             7584 kB
CmaTotal:         294912 kB
CmaFree:               0 kB
MemTotal:       12113144 kB
MemFree:         6938840 kB
MemAvailable:    8313056 kB
Buffers:            5376 kB
Cached:          1618124 kB
SwapCached:            0 kB
Active:          1352836 kB
Inactive:        1420924 kB
Active(anon):    1156996 kB
Inactive(anon):    20488 kB
Active(file):     195840 kB
Inactive(file):  1400436 kB
Unevictable:        5692 kB
Mlocked:            5692 kB
SwapTotal:       3145724 kB
SwapFree:        3145724 kB
Dirty:               296 kB
Writeback:             0 kB
AnonPages:       1155900 kB
Mapped:           822208 kB
Shmem:             22572 kB
KReclaimable:     646644 kB
Slab:             206128 kB
SReclaimable:      66796 kB
SUnreclaim:       139332 kB
KernelStack:       43200 kB
PageTables:        60580 kB
NFS_Unstable:          0 kB
Bounce:                0 kB
WritebackTmp:          0 kB
CommitLimit:     9202296 kB
Committed_AS:   65613224 kB
VmallocTotal:   263061440 kB
VmallocUsed:      100124 kB
VmallocChunk:          0 kB
Percpu:             7584 kB
CmaTotal:         294912 kB
CmaFree:               0 kB
MemTotal:       12113144 kB
MemFree:         6938028 kB
MemAvailable:    8312244 kB
Buffers:            5376 kB
Cached:          1618124 kB
SwapCached:            0 kB
Active:          1352988 kB
Inactive:        1420924 kB
Active(anon):    1157148 kB
Inactive(anon):    20488 kB
Active(file):     195840 kB
Inactive(file):  1400436 kB
Unevictable:        5692 kB
Mlocked:            5692 kB
SwapTotal:       3145724 kB
SwapFree:        3145724 kB
Dirty:               296 kB
Writeback:             0 kB
AnonPages:       1156480 kB
Mapped:           822204 kB
Shmem:             22572 kB
KReclaimable:     646644 kB
Slab:             206060 kB
SReclaimable:      66796 kB
SUnreclaim:       139264 kB
KernelStack:       43184 kB
PageTables:        60576 kB
NFS_Unstable:          0 kB
Bounce:                0 kB
WritebackTmp:          0 kB
CommitLimit:     9202296 kB
Committed_AS:   65614404 kB
VmallocTotal:   263061440 kB
VmallocUsed:      100140 kB
VmallocChunk:          0 kB
Percpu:             7584 kB
CmaTotal:         294912 kB
CmaFree:               0 kB
MemTotal:       12113144 kB
MemFree:         6938396 kB
MemAvailable:    8312612 kB
Buffers:            5376 kB
Cached:          1618128 kB
SwapCached:            0 kB
Active:          1353412 kB
Inactive:        1420928 kB
Active(anon):    1157572 kB
Inactive(anon):    20492 kB
Active(file):     195840 kB
Inactive(file):  1400436 kB
Unevictable:        5692 kB
Mlocked:            5692 kB
SwapTotal:       3145724 kB
SwapFree:        3145724 kB
Dirty:               296 kB
Writeback:             0 kB
AnonPages:       1156268 kB
Mapped:           821948 kB
Shmem:             22576 kB
KReclaimable:     646644 kB
Slab:             206140 kB
SReclaimable:      66796 kB
SUnreclaim:       139344 kB
KernelStack:       43184 kB
PageTables:        60576 kB
NFS_Unstable:          0 kB
Bounce:                0 kB
WritebackTmp:          0 kB
CommitLimit:     9202296 kB
Committed_AS:   65614384 kB
VmallocTotal:   263061440 kB
VmallocUsed:      100140 kB
VmallocChunk:          0 kB
Percpu:             7584 kB
CmaTotal:         294912 kB
CmaFree:               0 kB
MemTotal:       12113144 kB
MemFree:         6938208 kB
MemAvailable:    8312432 kB
Buffers:            5376 kB
Cached:          1618136 kB
SwapCached:            0 kB
Active:          1353556 kB
Inactive:        1420932 kB
Active(anon):    1157712 kB
Inactive(anon):    20492 kB
Active(file):     195844 kB
Inactive(file):  1400440 kB
Unevictable:        5692 kB
Mlocked:            5692 kB
SwapTotal:       3145724 kB
SwapFree:        3145724 kB
Dirty:               304 kB
Writeback:             0 kB
AnonPages:       1156684 kB
Mapped:           822208 kB
Shmem:             22576 kB
KReclaimable:     646644 kB
Slab:             206088 kB
SReclaimable:      66796 kB
SUnreclaim:       139292 kB
KernelStack:       43184 kB
PageTables:        60576 kB
NFS_Unstable:          0 kB
Bounce:                0 kB
WritebackTmp:          0 kB
CommitLimit:     9202296 kB
Committed_AS:   65614780 kB
VmallocTotal:   263061440 kB
VmallocUsed:      100140 kB
VmallocChunk:          0 kB
Percpu:             7584 kB
CmaTotal:         294912 kB
CmaFree:               0 kB
MemTotal:       12113144 kB
MemFree:         6937700 kB
MemAvailable:    8311916 kB
Buffers:            5376 kB
Cached:          1618132 kB
SwapCached:            0 kB
Active:          1354156 kB
Inactive:        1420932 kB
Active(anon):    1158316 kB
Inactive(anon):    20496 kB
Active(file):     195840 kB
Inactive(file):  1400436 kB
Unevictable:        5692 kB
Mlocked:            5692 kB
SwapTotal:       3145724 kB
SwapFree:        3145724 kB
Dirty:               296 kB
Writeback:             0 kB
AnonPages:       1157480 kB
Mapped:           822212 kB
Shmem:             22580 kB
KReclaimable:     646644 kB
Slab:             206144 kB
SReclaimable:      66796 kB
SUnreclaim:       139348 kB
KernelStack:       43184 kB
PageTables:        60576 kB
NFS_Unstable:          0 kB
Bounce:                0 kB
WritebackTmp:          0 kB
CommitLimit:     9202296 kB
Committed_AS:   65614604 kB
VmallocTotal:   263061440 kB
VmallocUsed:      100140 kB
VmallocChunk:          0 kB
Percpu:             7584 kB
CmaTotal:         294912 kB
CmaFree:               0 kB
MemTotal:       12113144 kB
MemFree:         6937860 kB
MemAvailable:    8312076 kB
Buffers:            5376 kB
Cached:          1618132 kB
SwapCached:            0 kB
Active:          1354400 kB
Inactive:        1420932 kB
Active(anon):    1158560 kB
Inactive(anon):    20496 kB
Active(file):     195840 kB
Inactive(file):  1400436 kB
Unevictable:        5692 kB
Mlocked:            5692 kB
SwapTotal:       3145724 kB
SwapFree:        3145724 kB
Dirty:               296 kB
Writeback:             0 kB
AnonPages:       1157804 kB
Mapped:           822212 kB
Shmem:             22580 kB
KReclaimable:     646644 kB
Slab:             206192 kB
SReclaimable:      66796 kB
SUnreclaim:       139396 kB
KernelStack:       43184 kB
PageTables:        60576 kB
NFS_Unstable:          0 kB
Bounce:                0 kB
WritebackTmp:          0 kB
CommitLimit:     9202296 kB
Committed_AS:   65614688 kB
VmallocTotal:   263061440 kB
VmallocUsed:      100124 kB
VmallocChunk:          0 kB
Percpu:             7584 kB
CmaTotal:         294912 kB
CmaFree:               0 kB
MemTotal:       12113144 kB
MemFree:         6939636 kB
MemAvailable:    8313852 kB
Buffers:            5376 kB
Cached:          1618136 kB
SwapCached:            0 kB
Active:          1350476 kB
Inactive:        1420936 kB
Active(anon):    1154636 kB
Inactive(anon):    20500 kB
Active(file):     195840 kB
Inactive(file):  1400436 kB
Unevictable:        5692 kB
Mlocked:            5692 kB
SwapTotal:       3145724 kB
SwapFree:        3145724 kB
Dirty:               296 kB
Writeback:             0 kB
AnonPages:       1153652 kB
Mapped:           821956 kB
Shmem:             22584 kB
KReclaimable:     646644 kB
Slab:             206144 kB
SReclaimable:      66796 kB
SUnreclaim:       139348 kB
KernelStack:       43184 kB
PageTables:        60588 kB
NFS_Unstable:          0 kB
Bounce:                0 kB
WritebackTmp:          0 kB
CommitLimit:     9202296 kB
Committed_AS:   65614696 kB
VmallocTotal:   263061440 kB
VmallocUsed:      100140 kB
VmallocChunk:          0 kB
Percpu:             7584 kB
CmaTotal:         294912 kB
CmaFree:               0 kB
MemTotal:       12113144 kB
MemFree:         6939940 kB
MemAvailable:    8314156 kB
Buffers:            5376 kB
Cached:          1618136 kB
SwapCached:            0 kB
Active:          1351112 kB
Inactive:        1420936 kB
Active(anon):    1155272 kB
Inactive(anon):    20500 kB
Active(file):     195840 kB
Inactive(file):  1400436 kB
Unevictable:        5692 kB
Mlocked:            5692 kB
SwapTotal:       3145724 kB
SwapFree:        3145724 kB
Dirty:               296 kB
Writeback:             0 kB
AnonPages:       1154460 kB
Mapped:           822216 kB
Shmem:             22584 kB
KReclaimable:     646644 kB
Slab:             206108 kB
SReclaimable:      66796 kB
SUnreclaim:       139312 kB
KernelStack:       43184 kB
PageTables:        60580 kB
NFS_Unstable:          0 kB
Bounce:                0 kB
WritebackTmp:          0 kB
CommitLimit:     9202296 kB
Committed_AS:   65614380 kB
VmallocTotal:   263061440 kB
VmallocUsed:      100140 kB
VmallocChunk:          0 kB
Percpu:             7584 kB
CmaTotal:         294912 kB
CmaFree:               0 kB
MemTotal:       12113144 kB
MemFree:         6940356 kB
MemAvailable:    8314580 kB
Buffers:            5376 kB
Cached:          1618144 kB
SwapCached:            0 kB
Active:          1351340 kB
Inactive:        1420944 kB
Active(anon):    1155500 kB
Inactive(anon):    20500 kB
Active(file):     195840 kB
Inactive(file):  1400444 kB
Unevictable:        5692 kB
Mlocked:            5692 kB
SwapTotal:       3145724 kB
SwapFree:        3145724 kB
Dirty:               316 kB
Writeback:             0 kB
AnonPages:       1154556 kB
Mapped:           822216 kB
Shmem:             22584 kB
KReclaimable:     646644 kB
Slab:             206124 kB
SReclaimable:      66796 kB
SUnreclaim:       139328 kB
KernelStack:       43184 kB
PageTables:        60580 kB
NFS_Unstable:          0 kB
Bounce:                0 kB
WritebackTmp:          0 kB
CommitLimit:     9202296 kB
Committed_AS:   65614648 kB
VmallocTotal:   263061440 kB
VmallocUsed:      100140 kB
VmallocChunk:          0 kB
Percpu:             7584 kB
CmaTotal:         294912 kB
CmaFree:               0 kB
MemTotal:       12113144 kB
MemFree:         6939796 kB
MemAvailable:    8314020 kB
Buffers:            5376 kB
Cached:          1618144 kB
SwapCached:            0 kB
Active:          1351600 kB
Inactive:        1420944 kB
Active(anon):    1155760 kB
Inactive(anon):    20500 kB
Active(file):     195840 kB
Inactive(file):  1400444 kB
Unevictable:        5692 kB
Mlocked:            5692 kB
SwapTotal:       3145724 kB
SwapFree:        3145724 kB
Dirty:               312 kB
Writeback:             0 kB
AnonPages:       1154940 kB
Mapped:           822216 kB
Shmem:             22584 kB
KReclaimable:     646644 kB
Slab:             206100 kB
SReclaimable:      66796 kB
SUnreclaim:       139304 kB
KernelStack:       43184 kB
PageTables:        60576 kB
NFS_Unstable:          0 kB
Bounce:                0 kB
WritebackTmp:          0 kB
CommitLimit:     9202296 kB
Committed_AS:   65614516 kB
VmallocTotal:   263061440 kB
VmallocUsed:      100172 kB
VmallocChunk:          0 kB
Percpu:             7584 kB
CmaTotal:         294912 kB
CmaFree:               0 kB
MemTotal:       12113144 kB
MemFree:         6949896 kB
MemAvailable:    8324120 kB
Buffers:            5376 kB
Cached:          1618144 kB
SwapCached:            0 kB
Active:          1341896 kB
Inactive:        1420944 kB
Active(anon):    1146056 kB
Inactive(anon):    20500 kB
Active(file):     195840 kB
Inactive(file):  1400444 kB
Unevictable:        5692 kB
Mlocked:            5692 kB
SwapTotal:       3145724 kB
SwapFree:        3145724 kB
Dirty:               316 kB
Writeback:             0 kB
AnonPages:       1145216 kB
Mapped:           822216 kB
Shmem:             22584 kB
KReclaimable:     646644 kB
Slab:             206116 kB
SReclaimable:      66796 kB
SUnreclaim:       139320 kB
KernelStack:       43184 kB
PageTables:        60576 kB
NFS_Unstable:          0 kB
Bounce:                0 kB
WritebackTmp:          0 kB
CommitLimit:     9202296 kB
Committed_AS:   65614516 kB
VmallocTotal:   263061440 kB
VmallocUsed:      100156 kB
VmallocChunk:          0 kB
Percpu:             7584 kB
CmaTotal:         294912 kB
CmaFree:               0 kB
MemTotal:       12113144 kB
MemFree:         6949868 kB
MemAvailable:    8324092 kB
Buffers:            5376 kB
Cached:          1618148 kB
SwapCached:            0 kB
Active:          1342724 kB
Inactive:        1420948 kB
Active(anon):    1146884 kB
Inactive(anon):    20504 kB
Active(file):     195840 kB
Inactive(file):  1400444 kB
Unevictable:        5692 kB
Mlocked:            5692 kB
SwapTotal:       3145724 kB
SwapFree:        3145724 kB
Dirty:               324 kB
Writeback:             0 kB
AnonPages:       1145928 kB
Mapped:           821960 kB
Shmem:             22588 kB
KReclaimable:     646644 kB
Slab:             206136 kB
SReclaimable:      66796 kB
SUnreclaim:       139340 kB
KernelStack:       43184 kB
PageTables:        60584 kB
NFS_Unstable:          0 kB
Bounce:                0 kB
WritebackTmp:          0 kB
CommitLimit:     9202296 kB
Committed_AS:   65614200 kB
VmallocTotal:   263061440 kB
VmallocUsed:      100172 kB
VmallocChunk:          0 kB
Percpu:             7584 kB
CmaTotal:         294912 kB
CmaFree:               0 kB
MemTotal:       12113144 kB
MemFree:         6949940 kB
MemAvailable:    8324164 kB
Buffers:            5376 kB
Cached:          1618148 kB
SwapCached:            0 kB
Active:          1343084 kB
Inactive:        1420948 kB
Active(anon):    1147244 kB
Inactive(anon):    20504 kB
Active(file):     195840 kB
Inactive(file):  1400444 kB
Unevictable:        5692 kB
Mlocked:            5692 kB
SwapTotal:       3145724 kB
SwapFree:        3145724 kB
Dirty:               316 kB
Writeback:             0 kB
AnonPages:       1146364 kB
Mapped:           822220 kB
Shmem:             22588 kB
KReclaimable:     646644 kB
Slab:             206032 kB
SReclaimable:      66796 kB
SUnreclaim:       139236 kB
KernelStack:       43184 kB
PageTables:        60584 kB
NFS_Unstable:          0 kB
Bounce:                0 kB
WritebackTmp:          0 kB
CommitLimit:     9202296 kB
Committed_AS:   65613944 kB
VmallocTotal:   263061440 kB
VmallocUsed:      100172 kB
VmallocChunk:          0 kB
Percpu:             7584 kB
CmaTotal:         294912 kB
CmaFree:               0 kB
MemTotal:       12113144 kB
MemFree:         6948992 kB
MemAvailable:    8323224 kB
Buffers:            5384 kB
Cached:          1618148 kB
SwapCached:            0 kB
Active:          1343704 kB
Inactive:        1420948 kB
Active(anon):    1147856 kB
Inactive(anon):    20504 kB
Active(file):     195848 kB
Inactive(file):  1400444 kB
Unevictable:        5692 kB
Mlocked:            5692 kB
SwapTotal:       3145724 kB
SwapFree:        3145724 kB
Dirty:               316 kB
Writeback:             0 kB
AnonPages:       1146648 kB
Mapped:           821964 kB
Shmem:             22588 kB
KReclaimable:     646644 kB
Slab:             206184 kB
SReclaimable:      66796 kB
SUnreclaim:       139388 kB
KernelStack:       43184 kB
PageTables:        60588 kB
NFS_Unstable:          0 kB
Bounce:                0 kB
WritebackTmp:          0 kB
CommitLimit:     9202296 kB
Committed_AS:   65614076 kB
VmallocTotal:   263061440 kB
VmallocUsed:      100156 kB
VmallocChunk:          0 kB
Percpu:             7584 kB
CmaTotal:         294912 kB
CmaFree:               0 kB
MemTotal:       12113144 kB
MemFree:         6948124 kB
MemAvailable:    8322368 kB
Buffers:            5384 kB
Cached:          1618160 kB
SwapCached:            0 kB
Active:          1343832 kB
Inactive:        1420960 kB
Active(anon):    1147984 kB
Inactive(anon):    20504 kB
Active(file):     195848 kB
Inactive(file):  1400456 kB
Unevictable:        5692 kB
Mlocked:            5692 kB
SwapTotal:       3145724 kB
SwapFree:        3145724 kB
Dirty:               300 kB
Writeback:             0 kB
AnonPages:       1147312 kB
Mapped:           822220 kB
Shmem:             22588 kB
KReclaimable:     646644 kB
Slab:             206040 kB
SReclaimable:      66796 kB
SUnreclaim:       139244 kB
KernelStack:       43184 kB
PageTables:        60588 kB
NFS_Unstable:          0 kB
Bounce:                0 kB
WritebackTmp:          0 kB
CommitLimit:     9202296 kB
Committed_AS:   65614344 kB
VmallocTotal:   263061440 kB
VmallocUsed:      100156 kB
VmallocChunk:          0 kB
Percpu:             7584 kB
CmaTotal:         294912 kB
CmaFree:               0 kB
MemTotal:       12113144 kB
MemFree:         6947368 kB
MemAvailable:    8321612 kB
Buffers:            5384 kB
Cached:          1618160 kB
SwapCached:            0 kB
Active:          1344064 kB
Inactive:        1420960 kB
Active(anon):    1148216 kB
Inactive(anon):    20504 kB
Active(file):     195848 kB
Inactive(file):  1400456 kB
Unevictable:        5692 kB
Mlocked:            5692 kB
SwapTotal:       3145724 kB
SwapFree:        3145724 kB
Dirty:               300 kB
Writeback:             0 kB
AnonPages:       1147304 kB
Mapped:           821960 kB
Shmem:             22588 kB
KReclaimable:     646644 kB
Slab:             206152 kB
SReclaimable:      66796 kB
SUnreclaim:       139356 kB
KernelStack:       43200 kB
PageTables:        60580 kB
NFS_Unstable:          0 kB
Bounce:                0 kB
WritebackTmp:          0 kB
CommitLimit:     9202296 kB
Committed_AS:   65614096 kB
VmallocTotal:   263061440 kB
VmallocUsed:      100140 kB
VmallocChunk:          0 kB
Percpu:             7584 kB
CmaTotal:         294912 kB
CmaFree:               0 kB
MemTotal:       12113144 kB
MemFree:         6947200 kB
MemAvailable:    8321444 kB
Buffers:            5384 kB
Cached:          1618160 kB
SwapCached:            0 kB
Active:          1345000 kB
Inactive:        1420960 kB
Active(anon):    1149152 kB
Inactive(anon):    20504 kB
Active(file):     195848 kB
Inactive(file):  1400456 kB
Unevictable:        5692 kB
Mlocked:            5692 kB
SwapTotal:       3145724 kB
SwapFree:        3145724 kB
Dirty:               300 kB
Writeback:             0 kB
AnonPages:       1148352 kB
Mapped:           821960 kB
Shmem:             22588 kB
KReclaimable:     646644 kB
Slab:             206192 kB
SReclaimable:      66796 kB
SUnreclaim:       139396 kB
KernelStack:       43200 kB
PageTables:        60580 kB
NFS_Unstable:          0 kB
Bounce:                0 kB
WritebackTmp:          0 kB
CommitLimit:     9202296 kB
Committed_AS:   65614280 kB
VmallocTotal:   263061440 kB
VmallocUsed:      100140 kB
VmallocChunk:          0 kB
Percpu:             7584 kB
CmaTotal:         294912 kB
CmaFree:               0 kB
MemTotal:       12113144 kB
MemFree:         6947028 kB
MemAvailable:    8321284 kB
Buffers:            5384 kB
Cached:          1618172 kB
SwapCached:            0 kB
Active:          1345608 kB
Inactive:        1420968 kB
Active(anon):    1149756 kB
Inactive(anon):    20504 kB
Active(file):     195852 kB
Inactive(file):  1400464 kB
Unevictable:        5692 kB
Mlocked:            5692 kB
SwapTotal:       3145724 kB
SwapFree:        3145724 kB
Dirty:               304 kB
Writeback:             0 kB
AnonPages:       1148868 kB
Mapped:           822152 kB
Shmem:             22588 kB
KReclaimable:     646644 kB
Slab:             206076 kB
SReclaimable:      66796 kB
SUnreclaim:       139280 kB
KernelStack:       43232 kB
PageTables:        60624 kB
NFS_Unstable:          0 kB
Bounce:                0 kB
WritebackTmp:          0 kB
CommitLimit:     9202296 kB
Committed_AS:   65614308 kB
VmallocTotal:   263061440 kB
VmallocUsed:      100156 kB
VmallocChunk:          0 kB
Percpu:             7584 kB
CmaTotal:         294912 kB
CmaFree:               0 kB
MemTotal:       12113144 kB
MemFree:         6946400 kB
MemAvailable:    8320640 kB
Buffers:            5384 kB
Cached:          1618156 kB
SwapCached:            0 kB
Active:          1345868 kB
Inactive:        1420960 kB
Active(anon):    1150024 kB
Inactive(anon):    20504 kB
Active(file):     195844 kB
Inactive(file):  1400456 kB
Unevictable:        5692 kB
Mlocked:            5692 kB
SwapTotal:       3145724 kB
SwapFree:        3145724 kB
Dirty:               292 kB
Writeback:             0 kB
AnonPages:       1148992 kB
Mapped:           822152 kB
Shmem:             22588 kB
KReclaimable:     646644 kB
Slab:             206140 kB
SReclaimable:      66796 kB
SUnreclaim:       139344 kB
KernelStack:       43168 kB
PageTables:        60532 kB
NFS_Unstable:          0 kB
Bounce:                0 kB
WritebackTmp:          0 kB
CommitLimit:     9202296 kB
Committed_AS:   65614176 kB
VmallocTotal:   263061440 kB
VmallocUsed:      100140 kB
VmallocChunk:          0 kB
Percpu:             7584 kB
CmaTotal:         294912 kB
CmaFree:               0 kB
MemTotal:       12113144 kB
MemFree:         6946684 kB
MemAvailable:    8320920 kB
Buffers:            5384 kB
Cached:          1618152 kB
SwapCached:            0 kB
Active:          1345932 kB
Inactive:        1420956 kB
Active(anon):    1150088 kB
Inactive(anon):    20504 kB
Active(file):     195844 kB
Inactive(file):  1400452 kB
Unevictable:        5692 kB
Mlocked:            5692 kB
SwapTotal:       3145724 kB
SwapFree:        3145724 kB
Dirty:               288 kB
Writeback:             0 kB
AnonPages:       1149292 kB
Mapped:           821960 kB
Shmem:             22588 kB
KReclaimable:     646644 kB
Slab:             206108 kB
SReclaimable:      66796 kB
SUnreclaim:       139312 kB
KernelStack:       43200 kB
PageTables:        60580 kB
NFS_Unstable:          0 kB
Bounce:                0 kB
WritebackTmp:          0 kB
CommitLimit:     9202296 kB
Committed_AS:   65613824 kB
VmallocTotal:   263061440 kB
VmallocUsed:      100156 kB
VmallocChunk:          0 kB
Percpu:             7584 kB
CmaTotal:         294912 kB
CmaFree:               0 kB
MemTotal:       12113144 kB
MemFree:         6945876 kB
MemAvailable:    8320120 kB
Buffers:            5384 kB
Cached:          1618160 kB
SwapCached:            0 kB
Active:          1346400 kB
Inactive:        1420960 kB
Active(anon):    1150552 kB
Inactive(anon):    20504 kB
Active(file):     195848 kB
Inactive(file):  1400456 kB
Unevictable:        5692 kB
Mlocked:            5692 kB
SwapTotal:       3145724 kB
SwapFree:        3145724 kB
Dirty:               300 kB
Writeback:             0 kB
AnonPages:       1149620 kB
Mapped:           822224 kB
Shmem:             22588 kB
KReclaimable:     646644 kB
Slab:             206124 kB
SReclaimable:      66796 kB
SUnreclaim:       139328 kB
KernelStack:       43184 kB
PageTables:        60584 kB
NFS_Unstable:          0 kB
Bounce:                0 kB
WritebackTmp:          0 kB
CommitLimit:     9202296 kB
Committed_AS:   65614000 kB
VmallocTotal:   263061440 kB
VmallocUsed:      100156 kB
VmallocChunk:          0 kB
Percpu:             7584 kB
CmaTotal:         294912 kB
CmaFree:               0 kB
MemTotal:       12113144 kB
MemFree:         6946240 kB
MemAvailable:    8320484 kB
Buffers:            5384 kB
Cached:          1618160 kB
SwapCached:            0 kB
Active:          1346672 kB
Inactive:        1420960 kB
Active(anon):    1150824 kB
Inactive(anon):    20504 kB
Active(file):     195848 kB
Inactive(file):  1400456 kB
Unevictable:        5692 kB
Mlocked:            5692 kB
SwapTotal:       3145724 kB
SwapFree:        3145724 kB
Dirty:               300 kB
Writeback:             0 kB
AnonPages:       1149884 kB
Mapped:           821960 kB
Shmem:             22588 kB
KReclaimable:     646644 kB
Slab:             206100 kB
SReclaimable:      66796 kB
SUnreclaim:       139304 kB
KernelStack:       43200 kB
PageTables:        60588 kB
NFS_Unstable:          0 kB
Bounce:                0 kB
WritebackTmp:          0 kB
CommitLimit:     9202296 kB
Committed_AS:   65614552 kB
VmallocTotal:   263061440 kB
VmallocUsed:      100156 kB
VmallocChunk:          0 kB
Percpu:             7584 kB
CmaTotal:         294912 kB
CmaFree:               0 kB
MemTotal:       12113144 kB
MemFree:         6945652 kB
MemAvailable:    8319896 kB
Buffers:            5384 kB
Cached:          1618164 kB
SwapCached:            0 kB
Active:          1346864 kB
Inactive:        1420964 kB
Active(anon):    1151016 kB
Inactive(anon):    20508 kB
Active(file):     195848 kB
Inactive(file):  1400456 kB
Unevictable:        5692 kB
Mlocked:            5692 kB
SwapTotal:       3145724 kB
SwapFree:        3145724 kB
Dirty:               300 kB
Writeback:             0 kB
AnonPages:       1150080 kB
Mapped:           821968 kB
Shmem:             22592 kB
KReclaimable:     646644 kB
Slab:             206136 kB
SReclaimable:      66796 kB
SUnreclaim:       139340 kB
KernelStack:       43184 kB
PageTables:        60584 kB
NFS_Unstable:          0 kB
Bounce:                0 kB
WritebackTmp:          0 kB
CommitLimit:     9202296 kB
Committed_AS:   65614560 kB
VmallocTotal:   263061440 kB
VmallocUsed:      100156 kB
VmallocChunk:          0 kB
Percpu:             7584 kB
CmaTotal:         294912 kB
CmaFree:               0 kB
MemTotal:       12113144 kB
MemFree:         6945404 kB
MemAvailable:    8319656 kB
Buffers:            5384 kB
Cached:          1618172 kB
SwapCached:            0 kB
Active:          1347604 kB
Inactive:        1420972 kB
Active(anon):    1151756 kB
Inactive(anon):    20508 kB
Active(file):     195848 kB
Inactive(file):  1400464 kB
Unevictable:        5692 kB
Mlocked:            5692 kB
SwapTotal:       3145724 kB
SwapFree:        3145724 kB
Dirty:               316 kB
Writeback:             0 kB
AnonPages:       1150404 kB
Mapped:           822224 kB
Shmem:             22592 kB
KReclaimable:     646644 kB
Slab:             206056 kB
SReclaimable:      66796 kB
SUnreclaim:       139260 kB
KernelStack:       43200 kB
PageTables:        60580 kB
NFS_Unstable:          0 kB
Bounce:                0 kB
WritebackTmp:          0 kB
CommitLimit:     9202296 kB
Committed_AS:   65613872 kB
VmallocTotal:   263061440 kB
VmallocUsed:      100140 kB
VmallocChunk:          0 kB
Percpu:             7584 kB
CmaTotal:         294912 kB
CmaFree:               0 kB
MemTotal:       12113144 kB
MemFree:         6944424 kB
MemAvailable:    8318676 kB
Buffers:            5384 kB
Cached:          1618172 kB
SwapCached:            0 kB
Active:          1347880 kB
Inactive:        1420972 kB
Active(anon):    1152032 kB
Inactive(anon):    20508 kB
Active(file):     195848 kB
Inactive(file):  1400464 kB
Unevictable:        5692 kB
Mlocked:            5692 kB
SwapTotal:       3145724 kB
SwapFree:        3145724 kB
Dirty:               316 kB
Writeback:             0 kB
AnonPages:       1151068 kB
Mapped:           822224 kB
Shmem:             22592 kB
KReclaimable:     646644 kB
Slab:             206136 kB
SReclaimable:      66796 kB
SUnreclaim:       139340 kB
KernelStack:       43200 kB
PageTables:        60580 kB
NFS_Unstable:          0 kB
Bounce:                0 kB
WritebackTmp:          0 kB
CommitLimit:     9202296 kB
Committed_AS:   65613960 kB
VmallocTotal:   263061440 kB
VmallocUsed:      100140 kB
VmallocChunk:          0 kB
Percpu:             7584 kB
CmaTotal:         294912 kB
CmaFree:               0 kB
MemTotal:       12113144 kB
MemFree:         6943844 kB
MemAvailable:    8317808 kB
Buffers:            5384 kB
Cached:          1618172 kB
SwapCached:            0 kB
Active:          1348020 kB
Inactive:        1420972 kB
Active(anon):    1152172 kB
Inactive(anon):    20508 kB
Active(file):     195848 kB
Inactive(file):  1400464 kB
Unevictable:        5692 kB
Mlocked:            5692 kB
SwapTotal:       3145724 kB
SwapFree:        3145724 kB
Dirty:               316 kB
Writeback:             0 kB
AnonPages:       1151440 kB
Mapped:           822224 kB
Shmem:             22592 kB
KReclaimable:     646644 kB
Slab:             206104 kB
SReclaimable:      66796 kB
SUnreclaim:       139308 kB
KernelStack:       43200 kB
PageTables:        60580 kB
NFS_Unstable:          0 kB
Bounce:                0 kB
WritebackTmp:          0 kB
CommitLimit:     9202296 kB
Committed_AS:   65614224 kB
VmallocTotal:   263061440 kB
VmallocUsed:      100124 kB
VmallocChunk:          0 kB
Percpu:             7584 kB
CmaTotal:         294912 kB
CmaFree:               0 kB
MemTotal:       12113144 kB
MemFree:         6943964 kB
MemAvailable:    8318216 kB
Buffers:            5384 kB
Cached:          1618172 kB
SwapCached:            0 kB
Active:          1348152 kB
Inactive:        1420972 kB
Active(anon):    1152304 kB
Inactive(anon):    20508 kB
Active(file):     195848 kB
Inactive(file):  1400464 kB
Unevictable:        5692 kB
Mlocked:            5692 kB
SwapTotal:       3145724 kB
SwapFree:        3145724 kB
Dirty:               316 kB
Writeback:             0 kB
AnonPages:       1151744 kB
Mapped:           821964 kB
Shmem:             22592 kB
KReclaimable:     646644 kB
Slab:             206112 kB
SReclaimable:      66796 kB
SUnreclaim:       139316 kB
KernelStack:       43200 kB
PageTables:        60580 kB
NFS_Unstable:          0 kB
Bounce:                0 kB
WritebackTmp:          0 kB
CommitLimit:     9202296 kB
Committed_AS:   65614304 kB
VmallocTotal:   263061440 kB
VmallocUsed:      100124 kB
VmallocChunk:          0 kB
Percpu:             7584 kB
CmaTotal:         294912 kB
CmaFree:               0 kB
MemTotal:       12113144 kB
MemFree:         6943020 kB
MemAvailable:    8317272 kB
Buffers:            5384 kB
Cached:          1618172 kB
SwapCached:            0 kB
Active:          1348448 kB
Inactive:        1420972 kB
Active(anon):    1152600 kB
Inactive(anon):    20508 kB
Active(file):     195848 kB
Inactive(file):  1400464 kB
Unevictable:        5692 kB
Mlocked:            5692 kB
SwapTotal:       3145724 kB
SwapFree:        3145724 kB
Dirty:               316 kB
Writeback:             0 kB
AnonPages:       1151896 kB
Mapped:           822224 kB
Shmem:             22592 kB
KReclaimable:     646644 kB
Slab:             206052 kB
SReclaimable:      66796 kB
SUnreclaim:       139256 kB
KernelStack:       43200 kB
PageTables:        60580 kB
NFS_Unstable:          0 kB
Bounce:                0 kB
WritebackTmp:          0 kB
CommitLimit:     9202296 kB
Committed_AS:   65614216 kB
VmallocTotal:   263061440 kB
VmallocUsed:      100140 kB
VmallocChunk:          0 kB
Percpu:             7584 kB
CmaTotal:         294912 kB
CmaFree:               0 kB
MemTotal:       12113144 kB
MemFree:         6942896 kB
MemAvailable:    8317156 kB
Buffers:            5388 kB
Cached:          1618196 kB
SwapCached:            0 kB
Active:          1348820 kB
Inactive:        1421000 kB
Active(anon):    1152972 kB
Inactive(anon):    20528 kB
Active(file):     195848 kB
Inactive(file):  1400472 kB
Unevictable:        5692 kB
Mlocked:            5692 kB
SwapTotal:       3145724 kB
SwapFree:        3145724 kB
Dirty:               292 kB
Writeback:             0 kB
AnonPages:       1151972 kB
Mapped:           822244 kB
Shmem:             22612 kB
KReclaimable:     646644 kB
Slab:             206136 kB
SReclaimable:      66796 kB
SUnreclaim:       139340 kB
KernelStack:       43184 kB
PageTables:        60580 kB
NFS_Unstable:          0 kB
Bounce:                0 kB
WritebackTmp:          0 kB
CommitLimit:     9202296 kB
Committed_AS:   65614048 kB
VmallocTotal:   263061440 kB
VmallocUsed:      100124 kB
VmallocChunk:          0 kB
Percpu:             7584 kB
CmaTotal:         294912 kB
CmaFree:               0 kB
MemTotal:       12113144 kB
MemFree:         6943136 kB
MemAvailable:    8317408 kB
Buffers:            5388 kB
Cached:          1618208 kB
SwapCached:            0 kB
Active:          1349144 kB
Inactive:        1421008 kB
Active(anon):    1153292 kB
Inactive(anon):    20528 kB
Active(file):     195852 kB
Inactive(file):  1400480 kB
Unevictable:        5692 kB
Mlocked:            5692 kB
SwapTotal:       3145724 kB
SwapFree:        3145724 kB
Dirty:               304 kB
Writeback:             0 kB
AnonPages:       1152504 kB
Mapped:           822244 kB
Shmem:             22612 kB
KReclaimable:     646644 kB
Slab:             206056 kB
SReclaimable:      66796 kB
SUnreclaim:       139260 kB
KernelStack:       43184 kB
PageTables:        60580 kB
NFS_Unstable:          0 kB
Bounce:                0 kB
WritebackTmp:          0 kB
CommitLimit:     9202296 kB
Committed_AS:   65613864 kB
VmallocTotal:   263061440 kB
VmallocUsed:      100124 kB
VmallocChunk:          0 kB
Percpu:             7584 kB
CmaTotal:         294912 kB
CmaFree:               0 kB
MemTotal:       12113144 kB
MemFree:         6942352 kB
MemAvailable:    8316624 kB
Buffers:            5388 kB
Cached:          1618208 kB
SwapCached:            0 kB
Active:          1349676 kB
Inactive:        1421008 kB
Active(anon):    1153824 kB
Inactive(anon):    20528 kB
Active(file):     195852 kB
Inactive(file):  1400480 kB
Unevictable:        5692 kB
Mlocked:            5692 kB
SwapTotal:       3145724 kB
SwapFree:        3145724 kB
Dirty:               304 kB
Writeback:             0 kB
AnonPages:       1152700 kB
Mapped:           821984 kB
Shmem:             22612 kB
KReclaimable:     646644 kB
Slab:             206248 kB
SReclaimable:      66796 kB
SUnreclaim:       139452 kB
KernelStack:       43184 kB
PageTables:        60580 kB
NFS_Unstable:          0 kB
Bounce:                0 kB
WritebackTmp:          0 kB
CommitLimit:     9202296 kB
Committed_AS:   65613776 kB
VmallocTotal:   263061440 kB
VmallocUsed:      100092 kB
VmallocChunk:          0 kB
Percpu:             7584 kB
CmaTotal:         294912 kB
CmaFree:               0 kB
MemTotal:       12113144 kB
MemFree:         6942116 kB
MemAvailable:    8316388 kB
Buffers:            5388 kB
Cached:          1618208 kB
SwapCached:            0 kB
Active:          1349948 kB
Inactive:        1421008 kB
Active(anon):    1154096 kB
Inactive(anon):    20528 kB
Active(file):     195852 kB
Inactive(file):  1400480 kB
Unevictable:        5692 kB
Mlocked:            5692 kB
SwapTotal:       3145724 kB
SwapFree:        3145724 kB
Dirty:               212 kB
Writeback:             0 kB
AnonPages:       1153192 kB
Mapped:           822180 kB
Shmem:             22612 kB
KReclaimable:     646644 kB
Slab:             206160 kB
SReclaimable:      66796 kB
SUnreclaim:       139364 kB
KernelStack:       43220 kB
PageTables:        60528 kB
NFS_Unstable:          0 kB
Bounce:                0 kB
WritebackTmp:          0 kB
CommitLimit:     9202296 kB
Committed_AS:   65613652 kB
VmallocTotal:   263061440 kB
VmallocUsed:      100108 kB
VmallocChunk:          0 kB
Percpu:             7584 kB
CmaTotal:         294912 kB
CmaFree:               0 kB
MemTotal:       12113144 kB
MemFree:         6941800 kB
MemAvailable:    8316072 kB
Buffers:            5388 kB
Cached:          1618208 kB
SwapCached:            0 kB
Active:          1350248 kB
Inactive:        1421008 kB
Active(anon):    1154396 kB
Inactive(anon):    20528 kB
Active(file):     195852 kB
Inactive(file):  1400480 kB
Unevictable:        5692 kB
Mlocked:            5692 kB
SwapTotal:       3145724 kB
SwapFree:        3145724 kB
Dirty:               212 kB
Writeback:             0 kB
AnonPages:       1153372 kB
Mapped:           822176 kB
Shmem:             22612 kB
KReclaimable:     646644 kB
Slab:             206084 kB
SReclaimable:      66796 kB
SUnreclaim:       139288 kB
KernelStack:       43168 kB
PageTables:        60520 kB
NFS_Unstable:          0 kB
Bounce:                0 kB
WritebackTmp:          0 kB
CommitLimit:     9202296 kB
Committed_AS:   65614148 kB
VmallocTotal:   263061440 kB
VmallocUsed:      100092 kB
VmallocChunk:          0 kB
Percpu:             7584 kB
CmaTotal:         294912 kB
CmaFree:               0 kB
MemTotal:       12113144 kB
MemFree:         6941224 kB
MemAvailable:    8315496 kB
Buffers:            5388 kB
Cached:          1618208 kB
SwapCached:            0 kB
Active:          1350608 kB
Inactive:        1421008 kB
Active(anon):    1154756 kB
Inactive(anon):    20528 kB
Active(file):     195852 kB
Inactive(file):  1400480 kB
Unevictable:        5692 kB
Mlocked:            5692 kB
SwapTotal:       3145724 kB
SwapFree:        3145724 kB
Dirty:               208 kB
Writeback:             0 kB
AnonPages:       1153872 kB
Mapped:           821984 kB
Shmem:             22612 kB
KReclaimable:     646644 kB
Slab:             206156 kB
SReclaimable:      66796 kB
SUnreclaim:       139360 kB
KernelStack:       43168 kB
PageTables:        60580 kB
NFS_Unstable:          0 kB
Bounce:                0 kB
WritebackTmp:          0 kB
CommitLimit:     9202296 kB
Committed_AS:   65613708 kB
VmallocTotal:   263061440 kB
VmallocUsed:      100076 kB
VmallocChunk:          0 kB
Percpu:             7584 kB
CmaTotal:         294912 kB
CmaFree:               0 kB
MemTotal:       12113144 kB
MemFree:         6941456 kB
MemAvailable:    8315464 kB
Buffers:            5388 kB
Cached:          1618208 kB
SwapCached:            0 kB
Active:          1350772 kB
Inactive:        1421008 kB
Active(anon):    1154920 kB
Inactive(anon):    20528 kB
Active(file):     195852 kB
Inactive(file):  1400480 kB
Unevictable:        5692 kB
Mlocked:            5692 kB
SwapTotal:       3145724 kB
SwapFree:        3145724 kB
Dirty:               212 kB
Writeback:             0 kB
AnonPages:       1153908 kB
Mapped:           822244 kB
Shmem:             22612 kB
KReclaimable:     646644 kB
Slab:             206084 kB
SReclaimable:      66796 kB
SUnreclaim:       139288 kB
KernelStack:       43168 kB
PageTables:        60580 kB
NFS_Unstable:          0 kB
Bounce:                0 kB
WritebackTmp:          0 kB
CommitLimit:     9202296 kB
Committed_AS:   65616584 kB
VmallocTotal:   263061440 kB
VmallocUsed:      100124 kB
VmallocChunk:          0 kB
Percpu:             7584 kB
CmaTotal:         294912 kB
CmaFree:               0 kB
MemTotal:       12113144 kB
MemFree:         6940324 kB
MemAvailable:    8314596 kB
Buffers:            5388 kB
Cached:          1618208 kB
SwapCached:            0 kB
Active:          1351420 kB
Inactive:        1421008 kB
Active(anon):    1155568 kB
Inactive(anon):    20528 kB
Active(file):     195852 kB
Inactive(file):  1400480 kB
Unevictable:        5692 kB
Mlocked:            5692 kB
SwapTotal:       3145724 kB
SwapFree:        3145724 kB
Dirty:               212 kB
Writeback:             0 kB
AnonPages:       1154684 kB
Mapped:           821984 kB
Shmem:             22612 kB
KReclaimable:     646644 kB
Slab:             206116 kB
SReclaimable:      66796 kB
SUnreclaim:       139320 kB
KernelStack:       43168 kB
PageTables:        60584 kB
NFS_Unstable:          0 kB
Bounce:                0 kB
WritebackTmp:          0 kB
CommitLimit:     9202296 kB
Committed_AS:   65616636 kB
VmallocTotal:   263061440 kB
VmallocUsed:      100140 kB
VmallocChunk:          0 kB
Percpu:             7584 kB
CmaTotal:         294912 kB
CmaFree:               0 kB
MemTotal:       12113144 kB
MemFree:         6941140 kB
MemAvailable:    8315420 kB
Buffers:            5388 kB
Cached:          1618216 kB
SwapCached:            0 kB
Active:          1350616 kB
Inactive:        1421012 kB
Active(anon):    1154760 kB
Inactive(anon):    20528 kB
Active(file):     195856 kB
Inactive(file):  1400484 kB
Unevictable:        5692 kB
Mlocked:            5692 kB
SwapTotal:       3145724 kB
SwapFree:        3145724 kB
Dirty:               220 kB
Writeback:             0 kB
AnonPages:       1153752 kB
Mapped:           821984 kB
Shmem:             22612 kB
KReclaimable:     646644 kB
Slab:             206088 kB
SReclaimable:      66796 kB
SUnreclaim:       139292 kB
KernelStack:       43168 kB
PageTables:        60584 kB
NFS_Unstable:          0 kB
Bounce:                0 kB
WritebackTmp:          0 kB
CommitLimit:     9202296 kB
Committed_AS:   65616812 kB
VmallocTotal:   263061440 kB
VmallocUsed:      100156 kB
VmallocChunk:          0 kB
Percpu:             7584 kB
CmaTotal:         294912 kB
CmaFree:               0 kB
MemTotal:       12113144 kB
MemFree:         6940308 kB
MemAvailable:    8314580 kB
Buffers:            5388 kB
Cached:          1618208 kB
SwapCached:            0 kB
Active:          1351348 kB
Inactive:        1421008 kB
Active(anon):    1155496 kB
Inactive(anon):    20528 kB
Active(file):     195852 kB
Inactive(file):  1400480 kB
Unevictable:        5692 kB
Mlocked:            5692 kB
SwapTotal:       3145724 kB
SwapFree:        3145724 kB
Dirty:               244 kB
Writeback:             0 kB
AnonPages:       1154708 kB
Mapped:           821984 kB
Shmem:             22612 kB
KReclaimable:     646644 kB
Slab:             206120 kB
SReclaimable:      66796 kB
SUnreclaim:       139324 kB
KernelStack:       43168 kB
PageTables:        60584 kB
NFS_Unstable:          0 kB
Bounce:                0 kB
WritebackTmp:          0 kB
CommitLimit:     9202296 kB
Committed_AS:   65616644 kB
VmallocTotal:   263061440 kB
VmallocUsed:      100140 kB
VmallocChunk:          0 kB
Percpu:             7584 kB
CmaTotal:         294912 kB
CmaFree:               0 kB
MemTotal:       12113144 kB
MemFree:         6939684 kB
MemAvailable:    8313972 kB
Buffers:            5388 kB
Cached:          1618220 kB
SwapCached:            0 kB
Active:          1351948 kB
Inactive:        1421016 kB
Active(anon):    1156092 kB
Inactive(anon):    20528 kB
Active(file):     195856 kB
Inactive(file):  1400488 kB
Unevictable:        5692 kB
Mlocked:            5692 kB
SwapTotal:       3145724 kB
SwapFree:        3145724 kB
Dirty:               248 kB
Writeback:             4 kB
AnonPages:       1154952 kB
Mapped:           822244 kB
Shmem:             22612 kB
KReclaimable:     646648 kB
Slab:             206116 kB
SReclaimable:      66800 kB
SUnreclaim:       139316 kB
KernelStack:       43168 kB
PageTables:        60584 kB
NFS_Unstable:          0 kB
Bounce:                0 kB
WritebackTmp:          0 kB
CommitLimit:     9202296 kB
Committed_AS:   65616528 kB
VmallocTotal:   263061440 kB
VmallocUsed:      100172 kB
VmallocChunk:          0 kB
Percpu:             7584 kB
CmaTotal:         294912 kB
CmaFree:               0 kB
MemTotal:       12113144 kB
MemFree:         6939228 kB
MemAvailable:    8313512 kB
Buffers:            5388 kB
Cached:          1618216 kB
SwapCached:            0 kB
Active:          1352560 kB
Inactive:        1421016 kB
Active(anon):    1156708 kB
Inactive(anon):    20528 kB
Active(file):     195852 kB
Inactive(file):  1400488 kB
Unevictable:        5692 kB
Mlocked:            5692 kB
SwapTotal:       3145724 kB
SwapFree:        3145724 kB
Dirty:               280 kB
Writeback:             0 kB
AnonPages:       1155788 kB
Mapped:           822244 kB
Shmem:             22612 kB
KReclaimable:     646648 kB
Slab:             206100 kB
SReclaimable:      66800 kB
SUnreclaim:       139300 kB
KernelStack:       43168 kB
PageTables:        60584 kB
NFS_Unstable:          0 kB
Bounce:                0 kB
WritebackTmp:          0 kB
CommitLimit:     9202296 kB
Committed_AS:   65616264 kB
VmallocTotal:   263061440 kB
VmallocUsed:      100140 kB
VmallocChunk:          0 kB
Percpu:             7584 kB
CmaTotal:         294912 kB
CmaFree:               0 kB
MemTotal:       12113144 kB
MemFree:         6939788 kB
MemAvailable:    8314072 kB
Buffers:            5388 kB
Cached:          1618216 kB
SwapCached:            0 kB
Active:          1353084 kB
Inactive:        1421016 kB
Active(anon):    1157232 kB
Inactive(anon):    20528 kB
Active(file):     195852 kB
Inactive(file):  1400488 kB
Unevictable:        5692 kB
Mlocked:            5692 kB
SwapTotal:       3145724 kB
SwapFree:        3145724 kB
Dirty:               236 kB
Writeback:             0 kB
AnonPages:       1156392 kB
Mapped:           821992 kB
Shmem:             22612 kB
KReclaimable:     646648 kB
Slab:             206124 kB
SReclaimable:      66800 kB
SUnreclaim:       139324 kB
KernelStack:       43184 kB
PageTables:        60600 kB
NFS_Unstable:          0 kB
Bounce:                0 kB
WritebackTmp:          0 kB
CommitLimit:     9202296 kB
Committed_AS:   65616000 kB
VmallocTotal:   263061440 kB
VmallocUsed:      100124 kB
VmallocChunk:          0 kB
Percpu:             7584 kB
CmaTotal:         294912 kB
CmaFree:               0 kB
MemTotal:       12113144 kB
MemFree:         6938004 kB
MemAvailable:    8312288 kB
Buffers:            5388 kB
Cached:          1618216 kB
SwapCached:            0 kB
Active:          1353420 kB
Inactive:        1421016 kB
Active(anon):    1157568 kB
Inactive(anon):    20528 kB
Active(file):     195852 kB
Inactive(file):  1400488 kB
Unevictable:        5692 kB
Mlocked:            5692 kB
SwapTotal:       3145724 kB
SwapFree:        3145724 kB
Dirty:               236 kB
Writeback:             0 kB
AnonPages:       1156480 kB
Mapped:           822244 kB
Shmem:             22612 kB
KReclaimable:     646648 kB
Slab:             206136 kB
SReclaimable:      66800 kB
SUnreclaim:       139336 kB
KernelStack:       43168 kB
PageTables:        60584 kB
NFS_Unstable:          0 kB
Bounce:                0 kB
WritebackTmp:          0 kB
CommitLimit:     9202296 kB
Committed_AS:   65616624 kB
VmallocTotal:   263061440 kB
VmallocUsed:      100124 kB
VmallocChunk:          0 kB
Percpu:             7584 kB
CmaTotal:         294912 kB
CmaFree:               0 kB
MemTotal:       12113144 kB
MemFree:         6937420 kB
MemAvailable:    8311708 kB
Buffers:            5392 kB
Cached:          1618220 kB
SwapCached:            0 kB
Active:          1353920 kB
Inactive:        1421016 kB
Active(anon):    1158064 kB
Inactive(anon):    20528 kB
Active(file):     195856 kB
Inactive(file):  1400488 kB
Unevictable:        5692 kB
Mlocked:            5692 kB
SwapTotal:       3145724 kB
SwapFree:        3145724 kB
Dirty:               256 kB
Writeback:             0 kB
AnonPages:       1156976 kB
Mapped:           822244 kB
Shmem:             22612 kB
KReclaimable:     646648 kB
Slab:             206156 kB
SReclaimable:      66800 kB
SUnreclaim:       139356 kB
KernelStack:       43168 kB
PageTables:        60584 kB
NFS_Unstable:          0 kB
Bounce:                0 kB
WritebackTmp:          0 kB
CommitLimit:     9202296 kB
Committed_AS:   65616360 kB
VmallocTotal:   263061440 kB
VmallocUsed:      100124 kB
VmallocChunk:          0 kB
Percpu:             7584 kB
CmaTotal:         294912 kB
CmaFree:               0 kB
MemTotal:       12113144 kB
MemFree:         6937520 kB
MemAvailable:    8311820 kB
Buffers:            5392 kB
Cached:          1618228 kB
SwapCached:            0 kB
Active:          1354148 kB
Inactive:        1421028 kB
Active(anon):    1158292 kB
Inactive(anon):    20528 kB
Active(file):     195856 kB
Inactive(file):  1400500 kB
Unevictable:        5692 kB
Mlocked:            5692 kB
SwapTotal:       3145724 kB
SwapFree:        3145724 kB
Dirty:               240 kB
Writeback:             0 kB
AnonPages:       1157352 kB
Mapped:           822244 kB
Shmem:             22612 kB
KReclaimable:     646648 kB
Slab:             206060 kB
SReclaimable:      66800 kB
SUnreclaim:       139260 kB
KernelStack:       43168 kB
PageTables:        60580 kB
NFS_Unstable:          0 kB
Bounce:                0 kB
WritebackTmp:          0 kB
CommitLimit:     9202296 kB
Committed_AS:   65616148 kB
VmallocTotal:   263061440 kB
VmallocUsed:      100124 kB
VmallocChunk:          0 kB
Percpu:             7584 kB
CmaTotal:         294912 kB
CmaFree:               0 kB
MemTotal:       12113144 kB
MemFree:         6936288 kB
MemAvailable:    8310588 kB
Buffers:            5392 kB
Cached:          1618228 kB
SwapCached:            0 kB
Active:          1354460 kB
Inactive:        1421028 kB
Active(anon):    1158604 kB
Inactive(anon):    20528 kB
Active(file):     195856 kB
Inactive(file):  1400500 kB
Unevictable:        5692 kB
Mlocked:            5692 kB
SwapTotal:       3145724 kB
SwapFree:        3145724 kB
Dirty:               240 kB
Writeback:             0 kB
AnonPages:       1157748 kB
Mapped:           822248 kB
Shmem:             22612 kB
KReclaimable:     646648 kB
Slab:             206172 kB
SReclaimable:      66800 kB
SUnreclaim:       139372 kB
KernelStack:       43168 kB
PageTables:        60580 kB
NFS_Unstable:          0 kB
Bounce:                0 kB
WritebackTmp:          0 kB
CommitLimit:     9202296 kB
Committed_AS:   65615752 kB
VmallocTotal:   263061440 kB
VmallocUsed:      100108 kB
VmallocChunk:          0 kB
Percpu:             7584 kB
CmaTotal:         294912 kB
CmaFree:               0 kB
MemTotal:       12113144 kB
MemFree:         6937644 kB
MemAvailable:    8311944 kB
Buffers:            5392 kB
Cached:          1618232 kB
SwapCached:            0 kB
Active:          1353408 kB
Inactive:        1421032 kB
Active(anon):    1157552 kB
Inactive(anon):    20532 kB
Active(file):     195856 kB
Inactive(file):  1400500 kB
Unevictable:        5692 kB
Mlocked:            5692 kB
SwapTotal:       3145724 kB
SwapFree:        3145724 kB
Dirty:               212 kB
Writeback:             0 kB
AnonPages:       1156640 kB
Mapped:           821988 kB
Shmem:             22616 kB
KReclaimable:     646648 kB
Slab:             206052 kB
SReclaimable:      66800 kB
SUnreclaim:       139252 kB
KernelStack:       43168 kB
PageTables:        60580 kB
NFS_Unstable:          0 kB
Bounce:                0 kB
WritebackTmp:          0 kB
CommitLimit:     9202296 kB
Committed_AS:   65616132 kB
VmallocTotal:   263061440 kB
VmallocUsed:      100108 kB
VmallocChunk:          0 kB
Percpu:             7584 kB
CmaTotal:         294912 kB
CmaFree:               0 kB
MemTotal:       12113144 kB
MemFree:         6937392 kB
MemAvailable:    8311692 kB
Buffers:            5392 kB
Cached:          1618232 kB
SwapCached:            0 kB
Active:          1353720 kB
Inactive:        1421032 kB
Active(anon):    1157864 kB
Inactive(anon):    20532 kB
Active(file):     195856 kB
Inactive(file):  1400500 kB
Unevictable:        5692 kB
Mlocked:            5692 kB
SwapTotal:       3145724 kB
SwapFree:        3145724 kB
Dirty:               240 kB
Writeback:             0 kB
AnonPages:       1156772 kB
Mapped:           821988 kB
Shmem:             22616 kB
KReclaimable:     646648 kB
Slab:             206164 kB
SReclaimable:      66800 kB
SUnreclaim:       139364 kB
KernelStack:       43168 kB
PageTables:        60584 kB
NFS_Unstable:          0 kB
Bounce:                0 kB
WritebackTmp:          0 kB
CommitLimit:     9202296 kB
Committed_AS:   65616548 kB
VmallocTotal:   263061440 kB
VmallocUsed:      100108 kB
VmallocChunk:          0 kB
Percpu:             7584 kB
CmaTotal:         294912 kB
CmaFree:               0 kB
MemTotal:       12113144 kB
MemFree:         6936388 kB
MemAvailable:    8310688 kB
Buffers:            5392 kB
Cached:          1618232 kB
SwapCached:            0 kB
Active:          1354224 kB
Inactive:        1421032 kB
Active(anon):    1158368 kB
Inactive(anon):    20532 kB
Active(file):     195856 kB
Inactive(file):  1400500 kB
Unevictable:        5692 kB
Mlocked:            5692 kB
SwapTotal:       3145724 kB
SwapFree:        3145724 kB
Dirty:               272 kB
Writeback:             0 kB
AnonPages:       1157224 kB
Mapped:           821988 kB
Shmem:             22616 kB
KReclaimable:     646648 kB
Slab:             206136 kB
SReclaimable:      66800 kB
SUnreclaim:       139336 kB
KernelStack:       43168 kB
PageTables:        60580 kB
NFS_Unstable:          0 kB
Bounce:                0 kB
WritebackTmp:          0 kB
CommitLimit:     9202296 kB
Committed_AS:   65616008 kB
VmallocTotal:   263061440 kB
VmallocUsed:      100092 kB
VmallocChunk:          0 kB
Percpu:             7584 kB
CmaTotal:         294912 kB
CmaFree:               0 kB
MemTotal:       12113144 kB
MemFree:         6937236 kB
MemAvailable:    8311536 kB
Buffers:            5392 kB
Cached:          1618236 kB
SwapCached:            0 kB
Active:          1354608 kB
Inactive:        1421036 kB
Active(anon):    1158752 kB
Inactive(anon):    20536 kB
Active(file):     195856 kB
Inactive(file):  1400500 kB
Unevictable:        5692 kB
Mlocked:            5692 kB
SwapTotal:       3145724 kB
SwapFree:        3145724 kB
Dirty:               280 kB
Writeback:             0 kB
AnonPages:       1157580 kB
Mapped:           821996 kB
Shmem:             22620 kB
KReclaimable:     646648 kB
Slab:             206080 kB
SReclaimable:      66800 kB
SUnreclaim:       139280 kB
KernelStack:       43184 kB
PageTables:        60584 kB
NFS_Unstable:          0 kB
Bounce:                0 kB
WritebackTmp:          0 kB
CommitLimit:     9202296 kB
Committed_AS:   65615920 kB
VmallocTotal:   263061440 kB
VmallocUsed:      100060 kB
VmallocChunk:          0 kB
Percpu:             7584 kB
CmaTotal:         294912 kB
CmaFree:               0 kB
MemTotal:       12113144 kB
MemFree:         6936716 kB
MemAvailable:    8311016 kB
Buffers:            5392 kB
Cached:          1618236 kB
SwapCached:            0 kB
Active:          1354836 kB
Inactive:        1421036 kB
Active(anon):    1158980 kB
Inactive(anon):    20536 kB
Active(file):     195856 kB
Inactive(file):  1400500 kB
Unevictable:        5692 kB
Mlocked:            5692 kB
SwapTotal:       3145724 kB
SwapFree:        3145724 kB
Dirty:               288 kB
Writeback:             0 kB
AnonPages:       1158324 kB
Mapped:           821992 kB
Shmem:             22620 kB
KReclaimable:     646648 kB
Slab:             206128 kB
SReclaimable:      66800 kB
SUnreclaim:       139328 kB
KernelStack:       43168 kB
PageTables:        60572 kB
NFS_Unstable:          0 kB
Bounce:                0 kB
WritebackTmp:          0 kB
CommitLimit:     9202296 kB
Committed_AS:   65616056 kB
VmallocTotal:   263061440 kB
VmallocUsed:      100060 kB
VmallocChunk:          0 kB
Percpu:             7584 kB
CmaTotal:         294912 kB
CmaFree:               0 kB
MemTotal:       12113144 kB
MemFree:         6935908 kB
MemAvailable:    8310208 kB
Buffers:            5392 kB
Cached:          1618236 kB
SwapCached:            0 kB
Active:          1355616 kB
Inactive:        1421036 kB
Active(anon):    1159760 kB
Inactive(anon):    20536 kB
Active(file):     195856 kB
Inactive(file):  1400500 kB
Unevictable:        5692 kB
Mlocked:            5692 kB
SwapTotal:       3145724 kB
SwapFree:        3145724 kB
Dirty:               288 kB
Writeback:             0 kB
AnonPages:       1159164 kB
Mapped:           822256 kB
Shmem:             22620 kB
KReclaimable:     646648 kB
Slab:             206152 kB
SReclaimable:      66800 kB
SUnreclaim:       139352 kB
KernelStack:       43184 kB
PageTables:        60584 kB
NFS_Unstable:          0 kB
Bounce:                0 kB
WritebackTmp:          0 kB
CommitLimit:     9202296 kB
Committed_AS:   65615924 kB
VmallocTotal:   263061440 kB
VmallocUsed:      100044 kB
VmallocChunk:          0 kB
Percpu:             7584 kB
CmaTotal:         294912 kB
CmaFree:               0 kB
MemTotal:       12113144 kB
MemFree:         6935968 kB
MemAvailable:    8310268 kB
Buffers:            5392 kB
Cached:          1618236 kB
SwapCached:            0 kB
Active:          1356356 kB
Inactive:        1421036 kB
Active(anon):    1160500 kB
Inactive(anon):    20536 kB
Active(file):     195856 kB
Inactive(file):  1400500 kB
Unevictable:        5692 kB
Mlocked:            5692 kB
SwapTotal:       3145724 kB
SwapFree:        3145724 kB
Dirty:               288 kB
Writeback:             0 kB
AnonPages:       1159540 kB
Mapped:           821988 kB
Shmem:             22620 kB
KReclaimable:     646648 kB
Slab:             206096 kB
SReclaimable:      66800 kB
SUnreclaim:       139296 kB
KernelStack:       43184 kB
PageTables:        60584 kB
NFS_Unstable:          0 kB
Bounce:                0 kB
WritebackTmp:          0 kB
CommitLimit:     9202296 kB
Committed_AS:   65615784 kB
VmallocTotal:   263061440 kB
VmallocUsed:      100076 kB
VmallocChunk:          0 kB
Percpu:             7584 kB
CmaTotal:         294912 kB
CmaFree:               0 kB
MemTotal:       12113144 kB
MemFree:         6935056 kB
MemAvailable:    8309356 kB
Buffers:            5392 kB
Cached:          1618236 kB
SwapCached:            0 kB
Active:          1356776 kB
Inactive:        1421036 kB
Active(anon):    1160920 kB
Inactive(anon):    20536 kB
Active(file):     195856 kB
Inactive(file):  1400500 kB
Unevictable:        5692 kB
Mlocked:            5692 kB
SwapTotal:       3145724 kB
SwapFree:        3145724 kB
Dirty:               304 kB
Writeback:             0 kB
AnonPages:       1160028 kB
Mapped:           822256 kB
Shmem:             22620 kB
KReclaimable:     646648 kB
Slab:             206200 kB
SReclaimable:      66800 kB
SUnreclaim:       139400 kB
KernelStack:       43184 kB
PageTables:        60588 kB
NFS_Unstable:          0 kB
Bounce:                0 kB
WritebackTmp:          0 kB
CommitLimit:     9202296 kB
Committed_AS:   65615792 kB
VmallocTotal:   263061440 kB
VmallocUsed:      100108 kB
VmallocChunk:          0 kB
Percpu:             7584 kB
CmaTotal:         294912 kB
CmaFree:               0 kB
MemTotal:       12113144 kB
MemFree:         6961340 kB
MemAvailable:    8335648 kB
Buffers:            5392 kB
Cached:          1618244 kB
SwapCached:            0 kB
Active:          1328700 kB
Inactive:        1421044 kB
Active(anon):    1132844 kB
Inactive(anon):    20536 kB
Active(file):     195856 kB
Inactive(file):  1400508 kB
Unevictable:        5692 kB
Mlocked:            5692 kB
SwapTotal:       3145724 kB
SwapFree:        3145724 kB
Dirty:               336 kB
Writeback:             0 kB
AnonPages:       1131876 kB
Mapped:           821992 kB
Shmem:             22620 kB
KReclaimable:     646648 kB
Slab:             206148 kB
SReclaimable:      66800 kB
SUnreclaim:       139348 kB
KernelStack:       43184 kB
PageTables:        60580 kB
NFS_Unstable:          0 kB
Bounce:                0 kB
WritebackTmp:          0 kB
CommitLimit:     9202296 kB
Committed_AS:   65615880 kB
VmallocTotal:   263061440 kB
VmallocUsed:      100092 kB
VmallocChunk:          0 kB
Percpu:             7584 kB
CmaTotal:         294912 kB
CmaFree:             916 kB
MemTotal:       12113144 kB
MemFree:         6971216 kB
MemAvailable:    8345524 kB
Buffers:            5392 kB
Cached:          1618244 kB
SwapCached:            0 kB
Active:          1319272 kB
Inactive:        1421044 kB
Active(anon):    1123416 kB
Inactive(anon):    20536 kB
Active(file):     195856 kB
Inactive(file):  1400508 kB
Unevictable:        5692 kB
Mlocked:            5692 kB
SwapTotal:       3145724 kB
SwapFree:        3145724 kB
Dirty:               336 kB
Writeback:             0 kB
AnonPages:       1122788 kB
Mapped:           822036 kB
Shmem:             22620 kB
KReclaimable:     646648 kB
Slab:             206060 kB
SReclaimable:      66800 kB
SUnreclaim:       139260 kB
KernelStack:       43232 kB
PageTables:        60604 kB
NFS_Unstable:          0 kB
Bounce:                0 kB
WritebackTmp:          0 kB
CommitLimit:     9202296 kB
Committed_AS:   65615616 kB
VmallocTotal:   263061440 kB
VmallocUsed:      100092 kB
VmallocChunk:          0 kB
Percpu:             7584 kB
CmaTotal:         294912 kB
CmaFree:             256 kB
MemTotal:       12113144 kB
MemFree:         6970856 kB
MemAvailable:    8345164 kB
Buffers:            5392 kB
Cached:          1618244 kB
SwapCached:            0 kB
Active:          1320424 kB
Inactive:        1421044 kB
Active(anon):    1124568 kB
Inactive(anon):    20536 kB
Active(file):     195856 kB
Inactive(file):  1400508 kB
Unevictable:        5692 kB
Mlocked:            5692 kB
SwapTotal:       3145724 kB
SwapFree:        3145724 kB
Dirty:               244 kB
Writeback:             0 kB
AnonPages:       1123344 kB
Mapped:           821992 kB
Shmem:             22620 kB
KReclaimable:     646648 kB
Slab:             206108 kB
SReclaimable:      66800 kB
SUnreclaim:       139308 kB
KernelStack:       43168 kB
PageTables:        60580 kB
NFS_Unstable:          0 kB
Bounce:                0 kB
WritebackTmp:          0 kB
CommitLimit:     9202296 kB
Committed_AS:   65615448 kB
VmallocTotal:   263061440 kB
VmallocUsed:      100076 kB
VmallocChunk:          0 kB
Percpu:             7584 kB
CmaTotal:         294912 kB
CmaFree:               0 kB
MemTotal:       12113144 kB
MemFree:         6969120 kB
MemAvailable:    8343428 kB
Buffers:            5396 kB
Cached:          1618240 kB
SwapCached:            0 kB
Active:          1321048 kB
Inactive:        1421044 kB
Active(anon):    1125192 kB
Inactive(anon):    20536 kB
Active(file):     195856 kB
Inactive(file):  1400508 kB
Unevictable:        5692 kB
Mlocked:            5692 kB
SwapTotal:       3145724 kB
SwapFree:        3145724 kB
Dirty:               268 kB
Writeback:             0 kB
AnonPages:       1124224 kB
Mapped:           821992 kB
Shmem:             22620 kB
KReclaimable:     646648 kB
Slab:             206140 kB
SReclaimable:      66800 kB
SUnreclaim:       139340 kB
KernelStack:       43184 kB
PageTables:        60580 kB
NFS_Unstable:          0 kB
Bounce:                0 kB
WritebackTmp:          0 kB
CommitLimit:     9202296 kB
Committed_AS:   65616260 kB
VmallocTotal:   263061440 kB
VmallocUsed:      100108 kB
