MemTotal:       12113136 kB
MemFree:          492476 kB
MemAvailable:    7943056 kB
Buffers:            7088 kB
Cached:          7821820 kB
SwapCached:            0 kB
Active:          2080788 kB
Inactive:        6981808 kB
Active(anon):    1138920 kB
Inactive(anon):   133220 kB
Active(file):     941868 kB
Inactive(file):  6848588 kB
Unevictable:        5716 kB
Mlocked:            5716 kB
SwapTotal:       3145724 kB
SwapFree:        3145724 kB
Dirty:               140 kB
Writeback:             0 kB
AnonPages:       1239268 kB
Mapped:           772112 kB
Shmem:             33784 kB
KReclaimable:     528828 kB
Slab:             226528 kB
SReclaimable:      79532 kB
SUnreclaim:       146996 kB
KernelStack:       47104 kB
PageTables:        63536 kB
NFS_Unstable:          0 kB
Bounce:                0 kB
WritebackTmp:          0 kB
CommitLimit:     9202292 kB
Committed_AS:   67488752 kB
VmallocTotal:   263061440 kB
VmallocUsed:      104056 kB
VmallocChunk:          0 kB
Percpu:             7648 kB
CmaTotal:         294912 kB
CmaFree:               4 kB
MemTotal:       12113136 kB
MemFree:          491212 kB
MemAvailable:    7941876 kB
Buffers:            7092 kB
Cached:          7821900 kB
SwapCached:            0 kB
Active:          2081512 kB
Inactive:        6981860 kB
Active(anon):    1139612 kB
Inactive(anon):   133220 kB
Active(file):     941900 kB
Inactive(file):  6848640 kB
Unevictable:        5716 kB
Mlocked:            5716 kB
SwapTotal:       3145724 kB
SwapFree:        3145724 kB
Dirty:               236 kB
Writeback:             0 kB
AnonPages:       1240324 kB
Mapped:           772032 kB
Shmem:             33784 kB
KReclaimable:     528828 kB
Slab:             226528 kB
SReclaimable:      79532 kB
SUnreclaim:       146996 kB
KernelStack:       47120 kB
PageTables:        63796 kB
NFS_Unstable:          0 kB
Bounce:                0 kB
WritebackTmp:          0 kB
CommitLimit:     9202292 kB
Committed_AS:   67491348 kB
VmallocTotal:   263061440 kB
VmallocUsed:      104120 kB
VmallocChunk:          0 kB
Percpu:             7648 kB
CmaTotal:         294912 kB
CmaFree:               0 kB
MemTotal:       12113136 kB
MemFree:          490456 kB
MemAvailable:    7941128 kB
Buffers:            7092 kB
Cached:          7821908 kB
SwapCached:            0 kB
Active:          2082468 kB
Inactive:        6981868 kB
Active(anon):    1140568 kB
Inactive(anon):   133220 kB
Active(file):     941900 kB
Inactive(file):  6848648 kB
Unevictable:        5716 kB
Mlocked:            5716 kB
SwapTotal:       3145724 kB
SwapFree:        3145724 kB
Dirty:               244 kB
Writeback:             0 kB
AnonPages:       1241056 kB
Mapped:           772012 kB
Shmem:             33784 kB
KReclaimable:     528828 kB
Slab:             226536 kB
SReclaimable:      79532 kB
SUnreclaim:       147004 kB
KernelStack:       47116 kB
PageTables:        63500 kB
NFS_Unstable:          0 kB
Bounce:                0 kB
WritebackTmp:          0 kB
CommitLimit:     9202292 kB
Committed_AS:   67488524 kB
VmallocTotal:   263061440 kB
VmallocUsed:      104120 kB
VmallocChunk:          0 kB
Percpu:             7648 kB
CmaTotal:         294912 kB
CmaFree:               0 kB
MemTotal:       12113136 kB
MemFree:          489824 kB
MemAvailable:    7940508 kB
Buffers:            7092 kB
Cached:          7821920 kB
SwapCached:            0 kB
Active:          2084208 kB
Inactive:        6981876 kB
Active(anon):    1142304 kB
Inactive(anon):   133220 kB
Active(file):     941904 kB
Inactive(file):  6848656 kB
Unevictable:        5716 kB
Mlocked:            5716 kB
SwapTotal:       3145724 kB
SwapFree:        3145724 kB
Dirty:               228 kB
Writeback:             0 kB
AnonPages:       1242932 kB
Mapped:           771960 kB
Shmem:             33784 kB
KReclaimable:     528828 kB
Slab:             226536 kB
SReclaimable:      79532 kB
SUnreclaim:       147004 kB
KernelStack:       47104 kB
PageTables:        63580 kB
NFS_Unstable:          0 kB
Bounce:                0 kB
WritebackTmp:          0 kB
CommitLimit:     9202292 kB
Committed_AS:   67488768 kB
VmallocTotal:   263061440 kB
VmallocUsed:      104088 kB
VmallocChunk:          0 kB
Percpu:             7648 kB
CmaTotal:         294912 kB
CmaFree:               0 kB
MemTotal:       12113136 kB
MemFree:          489396 kB
MemAvailable:    7940100 kB
Buffers:            7092 kB
Cached:          7821940 kB
SwapCached:            0 kB
Active:          2084040 kB
Inactive:        6981896 kB
Active(anon):    1142136 kB
Inactive(anon):   133220 kB
Active(file):     941904 kB
Inactive(file):  6848676 kB
Unevictable:        5716 kB
Mlocked:            5716 kB
SwapTotal:       3145724 kB
SwapFree:        3145724 kB
Dirty:               248 kB
Writeback:             0 kB
AnonPages:       1242692 kB
Mapped:           771960 kB
Shmem:             33784 kB
KReclaimable:     528828 kB
Slab:             226536 kB
SReclaimable:      79532 kB
SUnreclaim:       147004 kB
KernelStack:       47104 kB
PageTables:        63720 kB
NFS_Unstable:          0 kB
Bounce:                0 kB
WritebackTmp:          0 kB
CommitLimit:     9202292 kB
Committed_AS:   67484744 kB
VmallocTotal:   263061440 kB
VmallocUsed:      104056 kB
VmallocChunk:          0 kB
Percpu:             7648 kB
CmaTotal:         294912 kB
CmaFree:               0 kB
MemTotal:       12113136 kB
MemFree:          469848 kB
MemAvailable:    7920560 kB
Buffers:            7092 kB
Cached:          7821948 kB
SwapCached:            0 kB
Active:          2102968 kB
Inactive:        6981904 kB
Active(anon):    1161064 kB
Inactive(anon):   133220 kB
Active(file):     941904 kB
Inactive(file):  6848684 kB
Unevictable:        5716 kB
Mlocked:            5716 kB
SwapTotal:       3145724 kB
SwapFree:        3145724 kB
Dirty:               256 kB
Writeback:             0 kB
AnonPages:       1261588 kB
Mapped:           771960 kB
Shmem:             33784 kB
KReclaimable:     528828 kB
Slab:             226536 kB
SReclaimable:      79532 kB
SUnreclaim:       147004 kB
KernelStack:       47136 kB
PageTables:        63712 kB
NFS_Unstable:          0 kB
Bounce:                0 kB
WritebackTmp:          0 kB
CommitLimit:     9202292 kB
Committed_AS:   67483612 kB
VmallocTotal:   263061440 kB
VmallocUsed:      104120 kB
VmallocChunk:          0 kB
Percpu:             7648 kB
CmaTotal:         294912 kB
CmaFree:               0 kB
MemTotal:       12113136 kB
MemFree:          470144 kB
MemAvailable:    7920864 kB
Buffers:            7092 kB
Cached:          7821956 kB
SwapCached:            0 kB
Active:          2103436 kB
Inactive:        6981912 kB
Active(anon):    1161532 kB
Inactive(anon):   133220 kB
Active(file):     941904 kB
Inactive(file):  6848692 kB
Unevictable:        5716 kB
Mlocked:            5716 kB
SwapTotal:       3145724 kB
SwapFree:        3145724 kB
Dirty:               196 kB
Writeback:             0 kB
AnonPages:       1261932 kB
Mapped:           771960 kB
Shmem:             33784 kB
KReclaimable:     528828 kB
Slab:             226528 kB
SReclaimable:      79532 kB
SUnreclaim:       146996 kB
KernelStack:       47104 kB
PageTables:        63896 kB
NFS_Unstable:          0 kB
Bounce:                0 kB
WritebackTmp:          0 kB
CommitLimit:     9202292 kB
Committed_AS:   67492304 kB
VmallocTotal:   263061440 kB
VmallocUsed:      104072 kB
VmallocChunk:          0 kB
Percpu:             7648 kB
CmaTotal:         294912 kB
CmaFree:               0 kB
MemTotal:       12113136 kB
MemFree:          474268 kB
MemAvailable:    7925000 kB
Buffers:            7092 kB
Cached:          7821968 kB
SwapCached:            0 kB
Active:          2098648 kB
Inactive:        6981928 kB
Active(anon):    1156748 kB
Inactive(anon):   133220 kB
Active(file):     941900 kB
Inactive(file):  6848708 kB
Unevictable:        5716 kB
Mlocked:            5716 kB
SwapTotal:       3145724 kB
SwapFree:        3145724 kB
Dirty:               272 kB
Writeback:             0 kB
AnonPages:       1257368 kB
Mapped:           771960 kB
Shmem:             33784 kB
KReclaimable:     528828 kB
Slab:             226536 kB
SReclaimable:      79532 kB
SUnreclaim:       147004 kB
KernelStack:       47136 kB
PageTables:        63708 kB
NFS_Unstable:          0 kB
Bounce:                0 kB
WritebackTmp:          0 kB
CommitLimit:     9202292 kB
Committed_AS:   67488924 kB
VmallocTotal:   263061440 kB
VmallocUsed:      104072 kB
VmallocChunk:          0 kB
Percpu:             7648 kB
CmaTotal:         294912 kB
CmaFree:               0 kB
MemTotal:       12113136 kB
MemFree:          468528 kB
MemAvailable:    7919276 kB
Buffers:            7092 kB
Cached:          7821984 kB
SwapCached:            0 kB
Active:          2105260 kB
Inactive:        6981940 kB
Active(anon):    1163356 kB
Inactive(anon):   133220 kB
Active(file):     941904 kB
Inactive(file):  6848720 kB
Unevictable:        5716 kB
Mlocked:            5716 kB
SwapTotal:       3145724 kB
SwapFree:        3145724 kB
Dirty:               288 kB
Writeback:             0 kB
AnonPages:       1263932 kB
Mapped:           771960 kB
Shmem:             33784 kB
KReclaimable:     528828 kB
Slab:             226528 kB
SReclaimable:      79532 kB
SUnreclaim:       146996 kB
KernelStack:       47088 kB
PageTables:        63600 kB
NFS_Unstable:          0 kB
Bounce:                0 kB
WritebackTmp:          0 kB
CommitLimit:     9202292 kB
Committed_AS:   67498872 kB
VmallocTotal:   263061440 kB
VmallocUsed:      104088 kB
VmallocChunk:          0 kB
Percpu:             7648 kB
CmaTotal:         294912 kB
CmaFree:               0 kB
MemTotal:       12113136 kB
MemFree:          467976 kB
MemAvailable:    7918740 kB
Buffers:            7092 kB
Cached:          7822000 kB
SwapCached:            0 kB
Active:          2106016 kB
Inactive:        6981956 kB
Active(anon):    1164112 kB
Inactive(anon):   133220 kB
Active(file):     941904 kB
Inactive(file):  6848736 kB
Unevictable:        5716 kB
Mlocked:            5716 kB
SwapTotal:       3145724 kB
SwapFree:        3145724 kB
Dirty:               316 kB
Writeback:             0 kB
AnonPages:       1264652 kB
Mapped:           771960 kB
Shmem:             33784 kB
KReclaimable:     528828 kB
Slab:             226528 kB
SReclaimable:      79532 kB
SUnreclaim:       146996 kB
KernelStack:       47104 kB
PageTables:        63564 kB
NFS_Unstable:          0 kB
Bounce:                0 kB
WritebackTmp:          0 kB
CommitLimit:     9202292 kB
Committed_AS:   67504212 kB
VmallocTotal:   263061440 kB
VmallocUsed:      104120 kB
VmallocChunk:          0 kB
Percpu:             7648 kB
CmaTotal:         294912 kB
CmaFree:               0 kB
MemTotal:       12113136 kB
MemFree:          482588 kB
MemAvailable:    7933364 kB
Buffers:            7092 kB
Cached:          7822012 kB
SwapCached:            0 kB
Active:          2089972 kB
Inactive:        6981968 kB
Active(anon):    1148068 kB
Inactive(anon):   133220 kB
Active(file):     941904 kB
Inactive(file):  6848748 kB
Unevictable:        5716 kB
Mlocked:            5716 kB
SwapTotal:       3145724 kB
SwapFree:        3145724 kB
Dirty:               380 kB
Writeback:             0 kB
AnonPages:       1248644 kB
Mapped:           771780 kB
Shmem:             33784 kB
KReclaimable:     528828 kB
Slab:             226528 kB
SReclaimable:      79532 kB
SUnreclaim:       146996 kB
KernelStack:       47104 kB
PageTables:        63460 kB
NFS_Unstable:          0 kB
Bounce:                0 kB
WritebackTmp:          0 kB
CommitLimit:     9202292 kB
Committed_AS:   67497988 kB
VmallocTotal:   263061440 kB
VmallocUsed:      104072 kB
VmallocChunk:          0 kB
Percpu:             7648 kB
CmaTotal:         294912 kB
CmaFree:               0 kB
MemTotal:       12113136 kB
MemFree:          481672 kB
MemAvailable:    7932456 kB
Buffers:            7092 kB
Cached:          7822020 kB
SwapCached:            0 kB
Active:          2090128 kB
Inactive:        6981976 kB
Active(anon):    1148224 kB
Inactive(anon):   133220 kB
Active(file):     941904 kB
Inactive(file):  6848756 kB
Unevictable:        5716 kB
Mlocked:            5716 kB
SwapTotal:       3145724 kB
SwapFree:        3145724 kB
Dirty:               244 kB
Writeback:             0 kB
AnonPages:       1248764 kB
Mapped:           771904 kB
Shmem:             33784 kB
KReclaimable:     528828 kB
Slab:             226528 kB
SReclaimable:      79532 kB
SUnreclaim:       146996 kB
KernelStack:       47136 kB
PageTables:        63688 kB
NFS_Unstable:          0 kB
Bounce:                0 kB
WritebackTmp:          0 kB
CommitLimit:     9202292 kB
Committed_AS:   67497892 kB
VmallocTotal:   263061440 kB
VmallocUsed:      104120 kB
VmallocChunk:          0 kB
Percpu:             7648 kB
CmaTotal:         294912 kB
CmaFree:               0 kB
MemTotal:       12113136 kB
MemFree:          497936 kB
MemAvailable:    7948736 kB
Buffers:            7092 kB
Cached:          7822036 kB
SwapCached:            0 kB
Active:          2072844 kB
Inactive:        6981992 kB
Active(anon):    1130940 kB
Inactive(anon):   133220 kB
Active(file):     941904 kB
Inactive(file):  6848772 kB
Unevictable:        5716 kB
Mlocked:            5716 kB
SwapTotal:       3145724 kB
SwapFree:        3145724 kB
Dirty:               312 kB
Writeback:             0 kB
AnonPages:       1231616 kB
Mapped:           771780 kB
Shmem:             33784 kB
KReclaimable:     528828 kB
Slab:             226528 kB
SReclaimable:      79532 kB
SUnreclaim:       146996 kB
KernelStack:       47140 kB
PageTables:        63868 kB
NFS_Unstable:          0 kB
Bounce:                0 kB
WritebackTmp:          0 kB
CommitLimit:     9202292 kB
Committed_AS:   67497096 kB
VmallocTotal:   263061440 kB
VmallocUsed:      104120 kB
VmallocChunk:          0 kB
Percpu:             7648 kB
CmaTotal:         294912 kB
CmaFree:             252 kB
MemTotal:       12113136 kB
MemFree:          497928 kB
MemAvailable:    7948740 kB
Buffers:            7092 kB
Cached:          7822048 kB
SwapCached:            0 kB
Active:          2073268 kB
Inactive:        6982004 kB
Active(anon):    1131364 kB
Inactive(anon):   133220 kB
Active(file):     941904 kB
Inactive(file):  6848784 kB
Unevictable:        5716 kB
Mlocked:            5716 kB
SwapTotal:       3145724 kB
SwapFree:        3145724 kB
Dirty:               324 kB
Writeback:             0 kB
AnonPages:       1231736 kB
Mapped:           771624 kB
Shmem:             33784 kB
KReclaimable:     528828 kB
Slab:             226536 kB
SReclaimable:      79532 kB
SUnreclaim:       147004 kB
KernelStack:       47088 kB
PageTables:        63836 kB
NFS_Unstable:          0 kB
Bounce:                0 kB
WritebackTmp:          0 kB
CommitLimit:     9202292 kB
Committed_AS:   67498500 kB
VmallocTotal:   263061440 kB
VmallocUsed:      104120 kB
VmallocChunk:          0 kB
Percpu:             7648 kB
CmaTotal:         294912 kB
CmaFree:               0 kB
MemTotal:       12113136 kB
MemFree:          498004 kB
MemAvailable:    7948828 kB
Buffers:            7092 kB
Cached:          7822060 kB
SwapCached:            0 kB
Active:          2074020 kB
Inactive:        6982016 kB
Active(anon):    1132116 kB
Inactive(anon):   133220 kB
Active(file):     941904 kB
Inactive(file):  6848796 kB
Unevictable:        5716 kB
Mlocked:            5716 kB
SwapTotal:       3145724 kB
SwapFree:        3145724 kB
Dirty:               336 kB
Writeback:             0 kB
AnonPages:       1232464 kB
Mapped:           771780 kB
Shmem:             33784 kB
KReclaimable:     528828 kB
Slab:             226536 kB
SReclaimable:      79532 kB
SUnreclaim:       147004 kB
KernelStack:       47104 kB
PageTables:        63584 kB
NFS_Unstable:          0 kB
Bounce:                0 kB
WritebackTmp:          0 kB
CommitLimit:     9202292 kB
Committed_AS:   67499884 kB
VmallocTotal:   263061440 kB
VmallocUsed:      104120 kB
VmallocChunk:          0 kB
Percpu:             7648 kB
CmaTotal:         294912 kB
CmaFree:               0 kB
MemTotal:       12113136 kB
MemFree:          496980 kB
MemAvailable:    7947820 kB
Buffers:            7092 kB
Cached:          7822076 kB
SwapCached:            0 kB
Active:          2074832 kB
Inactive:        6982032 kB
Active(anon):    1132928 kB
Inactive(anon):   133220 kB
Active(file):     941904 kB
Inactive(file):  6848812 kB
Unevictable:        5716 kB
Mlocked:            5716 kB
SwapTotal:       3145724 kB
SwapFree:        3145724 kB
Dirty:               368 kB
Writeback:             0 kB
AnonPages:       1233528 kB
Mapped:           771780 kB
Shmem:             33784 kB
KReclaimable:     528828 kB
Slab:             226536 kB
SReclaimable:      79532 kB
SUnreclaim:       147004 kB
KernelStack:       47136 kB
PageTables:        63640 kB
NFS_Unstable:          0 kB
Bounce:                0 kB
WritebackTmp:          0 kB
CommitLimit:     9202292 kB
Committed_AS:   67498824 kB
VmallocTotal:   263061440 kB
VmallocUsed:      104104 kB
VmallocChunk:          0 kB
Percpu:             7648 kB
CmaTotal:         294912 kB
CmaFree:               0 kB
MemTotal:       12113136 kB
MemFree:          496876 kB
MemAvailable:    7947752 kB
Buffers:            7096 kB
Cached:          7822108 kB
SwapCached:            0 kB
Active:          2075844 kB
Inactive:        6982064 kB
Active(anon):    1133936 kB
Inactive(anon):   133220 kB
Active(file):     941908 kB
Inactive(file):  6848844 kB
Unevictable:        5716 kB
Mlocked:            5716 kB
SwapTotal:       3145724 kB
SwapFree:        3145724 kB
Dirty:               372 kB
Writeback:             0 kB
AnonPages:       1234516 kB
Mapped:           771840 kB
Shmem:             33784 kB
KReclaimable:     528828 kB
Slab:             226536 kB
SReclaimable:      79532 kB
SUnreclaim:       147004 kB
KernelStack:       47088 kB
PageTables:        63600 kB
NFS_Unstable:          0 kB
Bounce:                0 kB
WritebackTmp:          0 kB
CommitLimit:     9202292 kB
Committed_AS:   67503512 kB
VmallocTotal:   263061440 kB
VmallocUsed:      104088 kB
VmallocChunk:          0 kB
Percpu:             7648 kB
CmaTotal:         294912 kB
CmaFree:               0 kB
MemTotal:       12113136 kB
MemFree:          486384 kB
MemAvailable:    7937528 kB
Buffers:            7096 kB
Cached:          7822116 kB
SwapCached:            0 kB
Active:          2087984 kB
Inactive:        6982072 kB
Active(anon):    1146076 kB
Inactive(anon):   133220 kB
Active(file):     941908 kB
Inactive(file):  6848852 kB
Unevictable:        5716 kB
Mlocked:            5716 kB
SwapTotal:       3145724 kB
SwapFree:        3145724 kB
Dirty:               404 kB
Writeback:             0 kB
AnonPages:       1244424 kB
Mapped:           771984 kB
Shmem:             33784 kB
KReclaimable:     528828 kB
Slab:             226536 kB
SReclaimable:      79532 kB
SUnreclaim:       147004 kB
KernelStack:       47088 kB
PageTables:        63596 kB
NFS_Unstable:          0 kB
Bounce:                0 kB
WritebackTmp:          0 kB
CommitLimit:     9202292 kB
Committed_AS:   67493908 kB
VmallocTotal:   263061440 kB
VmallocUsed:      104088 kB
VmallocChunk:          0 kB
Percpu:             7648 kB
CmaTotal:         294912 kB
CmaFree:               0 kB
MemTotal:       12113136 kB
MemFree:          468416 kB
MemAvailable:    7919308 kB
Buffers:            7096 kB
Cached:          7822124 kB
SwapCached:            0 kB
Active:          2105072 kB
Inactive:        6982080 kB
Active(anon):    1163164 kB
Inactive(anon):   133220 kB
Active(file):     941908 kB
Inactive(file):  6848860 kB
Unevictable:        5716 kB
Mlocked:            5716 kB
SwapTotal:       3145724 kB
SwapFree:        3145724 kB
Dirty:               460 kB
Writeback:             0 kB
AnonPages:       1263696 kB
Mapped:           771840 kB
Shmem:             33784 kB
KReclaimable:     528828 kB
Slab:             226520 kB
SReclaimable:      79532 kB
SUnreclaim:       146988 kB
KernelStack:       47072 kB
PageTables:        63480 kB
NFS_Unstable:          0 kB
Bounce:                0 kB
WritebackTmp:          0 kB
CommitLimit:     9202292 kB
Committed_AS:   67492760 kB
VmallocTotal:   263061440 kB
VmallocUsed:      104088 kB
VmallocChunk:          0 kB
Percpu:             7648 kB
CmaTotal:         294912 kB
CmaFree:               0 kB
MemTotal:       12113136 kB
MemFree:          468240 kB
MemAvailable:    7919132 kB
Buffers:            7096 kB
Cached:          7822124 kB
SwapCached:            0 kB
Active:          2105832 kB
Inactive:        6982080 kB
Active(anon):    1163924 kB
Inactive(anon):   133220 kB
Active(file):     941908 kB
Inactive(file):  6848860 kB
Unevictable:        5716 kB
Mlocked:            5716 kB
SwapTotal:       3145724 kB
SwapFree:        3145724 kB
Dirty:               484 kB
Writeback:             0 kB
AnonPages:       1264368 kB
Mapped:           771820 kB
Shmem:             33784 kB
KReclaimable:     528828 kB
Slab:             226528 kB
SReclaimable:      79532 kB
SUnreclaim:       146996 kB
KernelStack:       47120 kB
PageTables:        63780 kB
NFS_Unstable:          0 kB
Bounce:                0 kB
WritebackTmp:          0 kB
CommitLimit:     9202292 kB
Committed_AS:   67493044 kB
VmallocTotal:   263061440 kB
VmallocUsed:      104088 kB
VmallocChunk:          0 kB
Percpu:             7648 kB
CmaTotal:         294912 kB
CmaFree:               0 kB
MemTotal:       12113136 kB
MemFree:          466236 kB
MemAvailable:    7917160 kB
Buffers:            7096 kB
Cached:          7822156 kB
SwapCached:            0 kB
Active:          2106048 kB
Inactive:        6982112 kB
Active(anon):    1164140 kB
Inactive(anon):   133220 kB
Active(file):     941908 kB
Inactive(file):  6848892 kB
Unevictable:        5716 kB
Mlocked:            5716 kB
SwapTotal:       3145724 kB
SwapFree:        3145724 kB
Dirty:               496 kB
Writeback:             0 kB
AnonPages:       1264672 kB
Mapped:           771960 kB
Shmem:             33784 kB
KReclaimable:     528828 kB
Slab:             226528 kB
SReclaimable:      79532 kB
SUnreclaim:       146996 kB
KernelStack:       47072 kB
PageTables:        63644 kB
NFS_Unstable:          0 kB
Bounce:                0 kB
WritebackTmp:          0 kB
CommitLimit:     9202292 kB
Committed_AS:   67489128 kB
VmallocTotal:   263061440 kB
VmallocUsed:      104088 kB
VmallocChunk:          0 kB
Percpu:             7648 kB
CmaTotal:         294912 kB
CmaFree:               0 kB
MemTotal:       12113136 kB
MemFree:          464604 kB
MemAvailable:    7915544 kB
Buffers:            7096 kB
Cached:          7822172 kB
SwapCached:            0 kB
Active:          2106692 kB
Inactive:        6982128 kB
Active(anon):    1164784 kB
Inactive(anon):   133220 kB
Active(file):     941908 kB
Inactive(file):  6848908 kB
Unevictable:        5716 kB
Mlocked:            5716 kB
SwapTotal:       3145724 kB
SwapFree:        3145724 kB
Dirty:               252 kB
Writeback:             0 kB
AnonPages:       1265376 kB
Mapped:           771860 kB
Shmem:             33784 kB
KReclaimable:     528828 kB
Slab:             226564 kB
SReclaimable:      79532 kB
SUnreclaim:       147032 kB
KernelStack:       47056 kB
PageTables:        63628 kB
NFS_Unstable:          0 kB
Bounce:                0 kB
WritebackTmp:          0 kB
CommitLimit:     9202292 kB
Committed_AS:   67492840 kB
VmallocTotal:   263061440 kB
VmallocUsed:      104088 kB
VmallocChunk:          0 kB
Percpu:             7648 kB
CmaTotal:         294912 kB
CmaFree:               0 kB
MemTotal:       12113136 kB
MemFree:          491500 kB
MemAvailable:    7942448 kB
Buffers:            7096 kB
Cached:          7822180 kB
SwapCached:            0 kB
Active:          2079124 kB
Inactive:        6982140 kB
Active(anon):    1137220 kB
Inactive(anon):   133220 kB
Active(file):     941904 kB
Inactive(file):  6848920 kB
Unevictable:        5716 kB
Mlocked:            5716 kB
SwapTotal:       3145724 kB
SwapFree:        3145724 kB
Dirty:               296 kB
Writeback:             0 kB
AnonPages:       1237672 kB
Mapped:           772260 kB
Shmem:             33784 kB
KReclaimable:     528828 kB
Slab:             226572 kB
SReclaimable:      79532 kB
SUnreclaim:       147040 kB
KernelStack:       47056 kB
PageTables:        63584 kB
NFS_Unstable:          0 kB
Bounce:                0 kB
WritebackTmp:          0 kB
CommitLimit:     9202292 kB
Committed_AS:   67499016 kB
VmallocTotal:   263061440 kB
VmallocUsed:      104056 kB
VmallocChunk:          0 kB
Percpu:             7648 kB
CmaTotal:         294912 kB
CmaFree:               0 kB
MemTotal:       12113136 kB
MemFree:          490836 kB
MemAvailable:    7941796 kB
Buffers:            7096 kB
Cached:          7822192 kB
SwapCached:            0 kB
Active:          2079316 kB
Inactive:        6982152 kB
Active(anon):    1137412 kB
Inactive(anon):   133220 kB
Active(file):     941904 kB
Inactive(file):  6848932 kB
Unevictable:        5716 kB
Mlocked:            5716 kB
SwapTotal:       3145724 kB
SwapFree:        3145724 kB
Dirty:               312 kB
Writeback:             0 kB
AnonPages:       1237808 kB
Mapped:           772140 kB
Shmem:             33784 kB
KReclaimable:     528828 kB
Slab:             226572 kB
SReclaimable:      79532 kB
SUnreclaim:       147040 kB
KernelStack:       47040 kB
PageTables:        63572 kB
NFS_Unstable:          0 kB
Bounce:                0 kB
WritebackTmp:          0 kB
CommitLimit:     9202292 kB
Committed_AS:   67493304 kB
VmallocTotal:   263061440 kB
VmallocUsed:      104040 kB
VmallocChunk:          0 kB
Percpu:             7648 kB
CmaTotal:         294912 kB
CmaFree:               0 kB
MemTotal:       12113136 kB
MemFree:          491848 kB
MemAvailable:    7942824 kB
Buffers:            7096 kB
Cached:          7822208 kB
SwapCached:            0 kB
Active:          2079076 kB
Inactive:        6982168 kB
Active(anon):    1137172 kB
Inactive(anon):   133220 kB
Active(file):     941904 kB
Inactive(file):  6848948 kB
Unevictable:        5716 kB
Mlocked:            5716 kB
SwapTotal:       3145724 kB
SwapFree:        3145724 kB
Dirty:               340 kB
Writeback:             0 kB
AnonPages:       1237836 kB
Mapped:           772004 kB
Shmem:             33784 kB
KReclaimable:     528828 kB
Slab:             226564 kB
SReclaimable:      79532 kB
SUnreclaim:       147032 kB
KernelStack:       47008 kB
PageTables:        63552 kB
NFS_Unstable:          0 kB
Bounce:                0 kB
WritebackTmp:          0 kB
CommitLimit:     9202292 kB
Committed_AS:   67498584 kB
VmallocTotal:   263061440 kB
VmallocUsed:      104056 kB
VmallocChunk:          0 kB
Percpu:             7648 kB
CmaTotal:         294912 kB
CmaFree:              48 kB
MemTotal:       12113136 kB
MemFree:          491536 kB
MemAvailable:    7942528 kB
Buffers:            7096 kB
Cached:          7822224 kB
SwapCached:            0 kB
Active:          2079868 kB
Inactive:        6982184 kB
Active(anon):    1137964 kB
Inactive(anon):   133220 kB
Active(file):     941904 kB
Inactive(file):  6848964 kB
Unevictable:        5716 kB
Mlocked:            5716 kB
SwapTotal:       3145724 kB
SwapFree:        3145724 kB
Dirty:               380 kB
Writeback:             0 kB
AnonPages:       1238604 kB
Mapped:           772108 kB
Shmem:             33784 kB
KReclaimable:     528828 kB
Slab:             226564 kB
SReclaimable:      79532 kB
SUnreclaim:       147032 kB
KernelStack:       47072 kB
PageTables:        63696 kB
NFS_Unstable:          0 kB
Bounce:                0 kB
WritebackTmp:          0 kB
CommitLimit:     9202292 kB
Committed_AS:   67497412 kB
VmallocTotal:   263061440 kB
VmallocUsed:      104040 kB
VmallocChunk:          0 kB
Percpu:             7648 kB
CmaTotal:         294912 kB
CmaFree:               0 kB
MemTotal:       12113136 kB
MemFree:          474732 kB
MemAvailable:    7925736 kB
Buffers:            7096 kB
Cached:          7822024 kB
SwapCached:            0 kB
Active:          2099116 kB
Inactive:        6981988 kB
Active(anon):    1157208 kB
Inactive(anon):   133016 kB
Active(file):     941908 kB
Inactive(file):  6848972 kB
Unevictable:        5716 kB
Mlocked:            5716 kB
SwapTotal:       3145724 kB
SwapFree:        3145724 kB
Dirty:               192 kB
Writeback:             0 kB
AnonPages:       1257364 kB
Mapped:           771684 kB
Shmem:             33572 kB
KReclaimable:     528828 kB
Slab:             226580 kB
SReclaimable:      79532 kB
SUnreclaim:       147048 kB
KernelStack:       47024 kB
PageTables:        63768 kB
NFS_Unstable:          0 kB
Bounce:                0 kB
WritebackTmp:          0 kB
CommitLimit:     9202292 kB
Committed_AS:   67493100 kB
VmallocTotal:   263061440 kB
VmallocUsed:      104056 kB
VmallocChunk:          0 kB
Percpu:             7648 kB
CmaTotal:         294912 kB
CmaFree:              12 kB
MemTotal:       12113136 kB
MemFree:          473108 kB
MemAvailable:    7924128 kB
Buffers:            7096 kB
Cached:          7822252 kB
SwapCached:            0 kB
Active:          2098828 kB
Inactive:        6982212 kB
Active(anon):    1156924 kB
Inactive(anon):   133220 kB
Active(file):     941904 kB
Inactive(file):  6848992 kB
Unevictable:        5716 kB
Mlocked:            5716 kB
SwapTotal:       3145724 kB
SwapFree:        3145724 kB
Dirty:               300 kB
Writeback:             0 kB
AnonPages:       1257492 kB
Mapped:           772000 kB
Shmem:             33784 kB
KReclaimable:     528828 kB
Slab:             226564 kB
SReclaimable:      79532 kB
SUnreclaim:       147032 kB
KernelStack:       47008 kB
PageTables:        63524 kB
NFS_Unstable:          0 kB
Bounce:                0 kB
WritebackTmp:          0 kB
CommitLimit:     9202292 kB
Committed_AS:   67492164 kB
VmallocTotal:   263061440 kB
VmallocUsed:      104040 kB
VmallocChunk:          0 kB
Percpu:             7648 kB
CmaTotal:         294912 kB
CmaFree:               0 kB
MemTotal:       12113136 kB
MemFree:          472704 kB
MemAvailable:    7923736 kB
Buffers:            7096 kB
Cached:          7822264 kB
SwapCached:            0 kB
Active:          2100168 kB
Inactive:        6982120 kB
Active(anon):    1158160 kB
Inactive(anon):   133220 kB
Active(file):     942008 kB
Inactive(file):  6848900 kB
Unevictable:        5716 kB
Mlocked:            5716 kB
SwapTotal:       3145724 kB
SwapFree:        3145724 kB
Dirty:               360 kB
Writeback:             0 kB
AnonPages:       1258684 kB
Mapped:           772000 kB
Shmem:             33784 kB
KReclaimable:     528828 kB
Slab:             226564 kB
SReclaimable:      79532 kB
SUnreclaim:       147032 kB
KernelStack:       47040 kB
PageTables:        63516 kB
NFS_Unstable:          0 kB
Bounce:                0 kB
WritebackTmp:          0 kB
CommitLimit:     9202292 kB
Committed_AS:   67498764 kB
VmallocTotal:   263061440 kB
VmallocUsed:      104040 kB
VmallocChunk:          0 kB
Percpu:             7648 kB
CmaTotal:         294912 kB
CmaFree:               0 kB
MemTotal:       12113136 kB
MemFree:          470212 kB
MemAvailable:    7921252 kB
Buffers:            7096 kB
Cached:          7822272 kB
SwapCached:            0 kB
Active:          2100320 kB
Inactive:        6982128 kB
Active(anon):    1158312 kB
Inactive(anon):   133220 kB
Active(file):     942008 kB
Inactive(file):  6848908 kB
Unevictable:        5716 kB
Mlocked:            5716 kB
SwapTotal:       3145724 kB
SwapFree:        3145724 kB
Dirty:               416 kB
Writeback:             0 kB
AnonPages:       1258736 kB
Mapped:           771856 kB
Shmem:             33784 kB
KReclaimable:     528828 kB
Slab:             226556 kB
SReclaimable:      79532 kB
SUnreclaim:       147024 kB
KernelStack:       46992 kB
PageTables:        63548 kB
NFS_Unstable:          0 kB
Bounce:                0 kB
WritebackTmp:          0 kB
CommitLimit:     9202292 kB
Committed_AS:   67495960 kB
VmallocTotal:   263061440 kB
VmallocUsed:      104072 kB
VmallocChunk:          0 kB
Percpu:             7648 kB
CmaTotal:         294912 kB
CmaFree:               0 kB
MemTotal:       12113136 kB
MemFree:          470368 kB
MemAvailable:    7921424 kB
Buffers:            7096 kB
Cached:          7822288 kB
SwapCached:            0 kB
Active:          2100916 kB
Inactive:        6982144 kB
Active(anon):    1158908 kB
Inactive(anon):   133220 kB
Active(file):     942008 kB
Inactive(file):  6848924 kB
Unevictable:        5716 kB
Mlocked:            5716 kB
SwapTotal:       3145724 kB
SwapFree:        3145724 kB
Dirty:               444 kB
Writeback:             0 kB
AnonPages:       1259440 kB
Mapped:           771880 kB
Shmem:             33784 kB
KReclaimable:     528828 kB
Slab:             226564 kB
SReclaimable:      79532 kB
SUnreclaim:       147032 kB
KernelStack:       47024 kB
PageTables:        63792 kB
NFS_Unstable:          0 kB
Bounce:                0 kB
WritebackTmp:          0 kB
CommitLimit:     9202292 kB
Committed_AS:   67493140 kB
VmallocTotal:   263061440 kB
VmallocUsed:      104056 kB
VmallocChunk:          0 kB
Percpu:             7648 kB
CmaTotal:         294912 kB
CmaFree:               0 kB
MemTotal:       12113136 kB
MemFree:          469672 kB
MemAvailable:    7920764 kB
Buffers:            7100 kB
Cached:          7822320 kB
SwapCached:            0 kB
Active:          2101440 kB
Inactive:        6982176 kB
Active(anon):    1159428 kB
Inactive(anon):   133220 kB
Active(file):     942012 kB
Inactive(file):  6848956 kB
Unevictable:        5716 kB
Mlocked:            5716 kB
SwapTotal:       3145724 kB
SwapFree:        3145724 kB
Dirty:               208 kB
Writeback:             0 kB
AnonPages:       1260080 kB
Mapped:           772000 kB
Shmem:             33784 kB
KReclaimable:     528828 kB
Slab:             226528 kB
SReclaimable:      79532 kB
SUnreclaim:       146996 kB
KernelStack:       46992 kB
PageTables:        63428 kB
NFS_Unstable:          0 kB
Bounce:                0 kB
WritebackTmp:          0 kB
CommitLimit:     9202292 kB
Committed_AS:   67498572 kB
VmallocTotal:   263061440 kB
VmallocUsed:      104056 kB
VmallocChunk:          0 kB
Percpu:             7648 kB
CmaTotal:         294912 kB
CmaFree:               0 kB
MemTotal:       12113136 kB
MemFree:          469848 kB
MemAvailable:    7920948 kB
Buffers:            7100 kB
Cached:          7822328 kB
SwapCached:            0 kB
Active:          2102868 kB
Inactive:        6982184 kB
Active(anon):    1160856 kB
Inactive(anon):   133220 kB
Active(file):     942012 kB
Inactive(file):  6848964 kB
Unevictable:        5716 kB
Mlocked:            5716 kB
SwapTotal:       3145724 kB
SwapFree:        3145724 kB
Dirty:               244 kB
Writeback:             0 kB
AnonPages:       1261204 kB
Mapped:           772000 kB
Shmem:             33784 kB
KReclaimable:     528828 kB
Slab:             226528 kB
SReclaimable:      79532 kB
SUnreclaim:       146996 kB
KernelStack:       47072 kB
PageTables:        63680 kB
NFS_Unstable:          0 kB
Bounce:                0 kB
WritebackTmp:          0 kB
CommitLimit:     9202292 kB
Committed_AS:   67495944 kB
VmallocTotal:   263061440 kB
VmallocUsed:      104024 kB
VmallocChunk:          0 kB
Percpu:             7648 kB
CmaTotal:         294912 kB
CmaFree:               0 kB
MemTotal:       12113136 kB
MemFree:          468320 kB
MemAvailable:    7919452 kB
Buffers:            7100 kB
Cached:          7822360 kB
SwapCached:            0 kB
Active:          2103244 kB
Inactive:        6982212 kB
Active(anon):    1161228 kB
Inactive(anon):   133220 kB
Active(file):     942016 kB
Inactive(file):  6848992 kB
Unevictable:        5716 kB
Mlocked:            5716 kB
SwapTotal:       3145724 kB
SwapFree:        3145724 kB
Dirty:               300 kB
Writeback:             0 kB
AnonPages:       1261596 kB
Mapped:           772004 kB
Shmem:             33784 kB
KReclaimable:     528828 kB
Slab:             226528 kB
SReclaimable:      79532 kB
SUnreclaim:       146996 kB
KernelStack:       47040 kB
PageTables:        63548 kB
NFS_Unstable:          0 kB
Bounce:                0 kB
WritebackTmp:          0 kB
CommitLimit:     9202292 kB
Committed_AS:   67495964 kB
VmallocTotal:   263061440 kB
VmallocUsed:      104040 kB
VmallocChunk:          0 kB
Percpu:             7648 kB
CmaTotal:         294912 kB
CmaFree:               0 kB
MemTotal:       12113136 kB
MemFree:          467432 kB
MemAvailable:    7918560 kB
Buffers:            7100 kB
Cached:          7822356 kB
SwapCached:            0 kB
Active:          2103576 kB
Inactive:        6982212 kB
Active(anon):    1161564 kB
Inactive(anon):   133220 kB
Active(file):     942012 kB
Inactive(file):  6848992 kB
Unevictable:        5716 kB
Mlocked:            5716 kB
SwapTotal:       3145724 kB
SwapFree:        3145724 kB
Dirty:               340 kB
Writeback:             0 kB
AnonPages:       1262092 kB
Mapped:           771980 kB
Shmem:             33784 kB
KReclaimable:     528828 kB
Slab:             226528 kB
SReclaimable:      79532 kB
SUnreclaim:       146996 kB
KernelStack:       47008 kB
PageTables:        63596 kB
NFS_Unstable:          0 kB
Bounce:                0 kB
WritebackTmp:          0 kB
CommitLimit:     9202292 kB
Committed_AS:   67494248 kB
VmallocTotal:   263061440 kB
VmallocUsed:      104024 kB
VmallocChunk:          0 kB
Percpu:             7648 kB
CmaTotal:         294912 kB
CmaFree:               0 kB
MemTotal:       12113136 kB
MemFree:          467816 kB
MemAvailable:    7918956 kB
Buffers:            7100 kB
Cached:          7822368 kB
SwapCached:            0 kB
Active:          2104288 kB
Inactive:        6982224 kB
Active(anon):    1162276 kB
Inactive(anon):   133220 kB
Active(file):     942012 kB
Inactive(file):  6849004 kB
Unevictable:        5716 kB
Mlocked:            5716 kB
SwapTotal:       3145724 kB
SwapFree:        3145724 kB
Dirty:               352 kB
Writeback:             0 kB
AnonPages:       1262628 kB
Mapped:           772000 kB
Shmem:             33784 kB
KReclaimable:     528828 kB
Slab:             226528 kB
SReclaimable:      79532 kB
SUnreclaim:       146996 kB
KernelStack:       47040 kB
PageTables:        63556 kB
NFS_Unstable:          0 kB
Bounce:                0 kB
WritebackTmp:          0 kB
CommitLimit:     9202292 kB
Committed_AS:   67496792 kB
VmallocTotal:   263061440 kB
VmallocUsed:      104024 kB
VmallocChunk:          0 kB
Percpu:             7648 kB
CmaTotal:         294912 kB
CmaFree:               0 kB
MemTotal:       12113136 kB
MemFree:          468668 kB
MemAvailable:    7919816 kB
Buffers:            7100 kB
Cached:          7822376 kB
SwapCached:            0 kB
Active:          2104756 kB
Inactive:        6982232 kB
Active(anon):    1162744 kB
Inactive(anon):   133220 kB
Active(file):     942012 kB
Inactive(file):  6849012 kB
Unevictable:        5716 kB
Mlocked:            5716 kB
SwapTotal:       3145724 kB
SwapFree:        3145724 kB
Dirty:               372 kB
Writeback:             0 kB
AnonPages:       1263264 kB
Mapped:           772000 kB
Shmem:             33784 kB
KReclaimable:     528828 kB
Slab:             226528 kB
SReclaimable:      79532 kB
SUnreclaim:       146996 kB
KernelStack:       47024 kB
PageTables:        63500 kB
NFS_Unstable:          0 kB
Bounce:                0 kB
WritebackTmp:          0 kB
CommitLimit:     9202292 kB
Committed_AS:   67497416 kB
VmallocTotal:   263061440 kB
VmallocUsed:      104040 kB
VmallocChunk:          0 kB
Percpu:             7648 kB
CmaTotal:         294912 kB
CmaFree:               0 kB
MemTotal:       12113136 kB
MemFree:          466912 kB
MemAvailable:    7918068 kB
Buffers:            7100 kB
Cached:          7822384 kB
SwapCached:            0 kB
Active:          2106104 kB
Inactive:        6982240 kB
Active(anon):    1164092 kB
Inactive(anon):   133220 kB
Active(file):     942012 kB
Inactive(file):  6849020 kB
Unevictable:        5716 kB
Mlocked:            5716 kB
SwapTotal:       3145724 kB
SwapFree:        3145724 kB
Dirty:               380 kB
Writeback:             0 kB
AnonPages:       1264604 kB
Mapped:           772000 kB
Shmem:             33784 kB
KReclaimable:     528828 kB
Slab:             226528 kB
SReclaimable:      79532 kB
SUnreclaim:       146996 kB
KernelStack:       47008 kB
PageTables:        63600 kB
NFS_Unstable:          0 kB
Bounce:                0 kB
WritebackTmp:          0 kB
CommitLimit:     9202292 kB
Committed_AS:   67496468 kB
VmallocTotal:   263061440 kB
VmallocUsed:      104040 kB
VmallocChunk:          0 kB
Percpu:             7648 kB
CmaTotal:         294912 kB
CmaFree:               4 kB
MemTotal:       12113136 kB
MemFree:          467148 kB
MemAvailable:    7918320 kB
Buffers:            7100 kB
Cached:          7822400 kB
SwapCached:            0 kB
Active:          2104984 kB
Inactive:        6982256 kB
Active(anon):    1162972 kB
Inactive(anon):   133220 kB
Active(file):     942012 kB
Inactive(file):  6849036 kB
Unevictable:        5716 kB
Mlocked:            5716 kB
SwapTotal:       3145724 kB
SwapFree:        3145724 kB
Dirty:               396 kB
Writeback:             0 kB
AnonPages:       1263476 kB
Mapped:           772000 kB
Shmem:             33784 kB
KReclaimable:     528828 kB
Slab:             226528 kB
SReclaimable:      79532 kB
SUnreclaim:       146996 kB
KernelStack:       46992 kB
PageTables:        63596 kB
NFS_Unstable:          0 kB
Bounce:                0 kB
WritebackTmp:          0 kB
CommitLimit:     9202292 kB
Committed_AS:   67496072 kB
VmallocTotal:   263061440 kB
VmallocUsed:      104008 kB
VmallocChunk:          0 kB
Percpu:             7648 kB
CmaTotal:         294912 kB
CmaFree:               0 kB
MemTotal:       12113136 kB
MemFree:          466324 kB
MemAvailable:    7917508 kB
Buffers:            7100 kB
Cached:          7822412 kB
SwapCached:            0 kB
Active:          2105532 kB
Inactive:        6982268 kB
Active(anon):    1163520 kB
Inactive(anon):   133220 kB
Active(file):     942012 kB
Inactive(file):  6849048 kB
Unevictable:        5716 kB
Mlocked:            5716 kB
SwapTotal:       3145724 kB
SwapFree:        3145724 kB
Dirty:               420 kB
Writeback:             0 kB
AnonPages:       1264232 kB
Mapped:           772000 kB
Shmem:             33784 kB
KReclaimable:     528828 kB
Slab:             226528 kB
SReclaimable:      79532 kB
SUnreclaim:       146996 kB
KernelStack:       46992 kB
PageTables:        63600 kB
NFS_Unstable:          0 kB
Bounce:                0 kB
WritebackTmp:          0 kB
CommitLimit:     9202292 kB
Committed_AS:   67498092 kB
VmallocTotal:   263061440 kB
VmallocUsed:      104024 kB
VmallocChunk:          0 kB
Percpu:             7648 kB
CmaTotal:         294912 kB
CmaFree:               0 kB
MemTotal:       12113136 kB
MemFree:          465192 kB
MemAvailable:    7916380 kB
Buffers:            7100 kB
Cached:          7822416 kB
SwapCached:            0 kB
Active:          2106004 kB
Inactive:        6982272 kB
Active(anon):    1163992 kB
Inactive(anon):   133220 kB
Active(file):     942012 kB
Inactive(file):  6849052 kB
Unevictable:        5716 kB
Mlocked:            5716 kB
SwapTotal:       3145724 kB
SwapFree:        3145724 kB
Dirty:               464 kB
Writeback:             0 kB
AnonPages:       1264280 kB
Mapped:           772000 kB
Shmem:             33784 kB
KReclaimable:     528828 kB
Slab:             226528 kB
SReclaimable:      79532 kB
SUnreclaim:       146996 kB
KernelStack:       46992 kB
PageTables:        63600 kB
NFS_Unstable:          0 kB
Bounce:                0 kB
WritebackTmp:          0 kB
CommitLimit:     9202292 kB
Committed_AS:   67498076 kB
VmallocTotal:   263061440 kB
VmallocUsed:      104008 kB
VmallocChunk:          0 kB
Percpu:             7648 kB
CmaTotal:         294912 kB
CmaFree:               0 kB
MemTotal:       12113136 kB
MemFree:          464104 kB
MemAvailable:    7915308 kB
Buffers:            7100 kB
Cached:          7822432 kB
SwapCached:            0 kB
Active:          2106988 kB
Inactive:        6982288 kB
Active(anon):    1164976 kB
Inactive(anon):   133220 kB
Active(file):     942012 kB
Inactive(file):  6849068 kB
Unevictable:        5716 kB
Mlocked:            5716 kB
SwapTotal:       3145724 kB
SwapFree:        3145724 kB
Dirty:               224 kB
Writeback:             0 kB
AnonPages:       1265348 kB
Mapped:           772000 kB
Shmem:             33784 kB
KReclaimable:     528828 kB
Slab:             226536 kB
SReclaimable:      79532 kB
SUnreclaim:       147004 kB
KernelStack:       47040 kB
PageTables:        63716 kB
NFS_Unstable:          0 kB
Bounce:                0 kB
WritebackTmp:          0 kB
CommitLimit:     9202292 kB
Committed_AS:   67497056 kB
VmallocTotal:   263061440 kB
VmallocUsed:      103992 kB
VmallocChunk:          0 kB
Percpu:             7648 kB
CmaTotal:         294912 kB
CmaFree:               0 kB
MemTotal:       12113136 kB
MemFree:          465092 kB
MemAvailable:    7916312 kB
Buffers:            7100 kB
Cached:          7822448 kB
SwapCached:            0 kB
Active:          2106776 kB
Inactive:        6982304 kB
Active(anon):    1164764 kB
Inactive(anon):   133220 kB
Active(file):     942012 kB
Inactive(file):  6849084 kB
Unevictable:        5716 kB
Mlocked:            5716 kB
SwapTotal:       3145724 kB
SwapFree:        3145724 kB
Dirty:               312 kB
Writeback:             0 kB
AnonPages:       1265280 kB
Mapped:           772000 kB
Shmem:             33784 kB
KReclaimable:     528828 kB
Slab:             226536 kB
SReclaimable:      79532 kB
SUnreclaim:       147004 kB
KernelStack:       46992 kB
PageTables:        63600 kB
NFS_Unstable:          0 kB
Bounce:                0 kB
WritebackTmp:          0 kB
CommitLimit:     9202292 kB
Committed_AS:   67492268 kB
VmallocTotal:   263061440 kB
VmallocUsed:      104024 kB
VmallocChunk:          0 kB
Percpu:             7648 kB
CmaTotal:         294912 kB
CmaFree:               0 kB
MemTotal:       12113136 kB
MemFree:          464968 kB
MemAvailable:    7916204 kB
Buffers:            7100 kB
Cached:          7822464 kB
SwapCached:            0 kB
Active:          2107360 kB
Inactive:        6982320 kB
Active(anon):    1165348 kB
Inactive(anon):   133220 kB
Active(file):     942012 kB
Inactive(file):  6849100 kB
Unevictable:        5716 kB
Mlocked:            5716 kB
SwapTotal:       3145724 kB
SwapFree:        3145724 kB
Dirty:               328 kB
Writeback:             0 kB
AnonPages:       1265844 kB
Mapped:           772124 kB
Shmem:             33784 kB
KReclaimable:     528828 kB
Slab:             226536 kB
SReclaimable:      79532 kB
SUnreclaim:       147004 kB
KernelStack:       47040 kB
PageTables:        63696 kB
NFS_Unstable:          0 kB
Bounce:                0 kB
WritebackTmp:          0 kB
CommitLimit:     9202292 kB
Committed_AS:   67496764 kB
VmallocTotal:   263061440 kB
VmallocUsed:      104040 kB
VmallocChunk:          0 kB
Percpu:             7648 kB
CmaTotal:         294912 kB
CmaFree:               0 kB
MemTotal:       12113136 kB
MemFree:          463772 kB
MemAvailable:    7915020 kB
Buffers:            7100 kB
Cached:          7822476 kB
SwapCached:            0 kB
Active:          2107080 kB
Inactive:        6982332 kB
Active(anon):    1165068 kB
Inactive(anon):   133220 kB
Active(file):     942012 kB
Inactive(file):  6849112 kB
Unevictable:        5716 kB
Mlocked:            5716 kB
SwapTotal:       3145724 kB
SwapFree:        3145724 kB
Dirty:               340 kB
Writeback:             0 kB
AnonPages:       1265696 kB
Mapped:           772000 kB
Shmem:             33784 kB
KReclaimable:     528828 kB
Slab:             226536 kB
SReclaimable:      79532 kB
SUnreclaim:       147004 kB
KernelStack:       46992 kB
PageTables:        63596 kB
NFS_Unstable:          0 kB
Bounce:                0 kB
WritebackTmp:          0 kB
CommitLimit:     9202292 kB
Committed_AS:   67491268 kB
VmallocTotal:   263061440 kB
VmallocUsed:      104040 kB
VmallocChunk:          0 kB
Percpu:             7648 kB
CmaTotal:         294912 kB
CmaFree:               0 kB
MemTotal:       12113136 kB
MemFree:          462544 kB
MemAvailable:    7913800 kB
Buffers:            7100 kB
Cached:          7822484 kB
SwapCached:            0 kB
Active:          2108112 kB
Inactive:        6982344 kB
Active(anon):    1166104 kB
Inactive(anon):   133220 kB
Active(file):     942008 kB
Inactive(file):  6849124 kB
Unevictable:        5716 kB
Mlocked:            5716 kB
SwapTotal:       3145724 kB
SwapFree:        3145724 kB
Dirty:               360 kB
Writeback:             0 kB
AnonPages:       1266496 kB
Mapped:           772000 kB
Shmem:             33784 kB
KReclaimable:     528828 kB
Slab:             226536 kB
SReclaimable:      79532 kB
SUnreclaim:       147004 kB
KernelStack:       46992 kB
PageTables:        63600 kB
NFS_Unstable:          0 kB
Bounce:                0 kB
WritebackTmp:          0 kB
CommitLimit:     9202292 kB
Committed_AS:   67492360 kB
VmallocTotal:   263061440 kB
VmallocUsed:      104024 kB
VmallocChunk:          0 kB
Percpu:             7648 kB
CmaTotal:         294912 kB
CmaFree:               8 kB
MemTotal:       12113136 kB
MemFree:          463004 kB
MemAvailable:    7914300 kB
Buffers:            7108 kB
Cached:          7822516 kB
SwapCached:            0 kB
Active:          2108680 kB
Inactive:        6982372 kB
Active(anon):    1166660 kB
Inactive(anon):   133220 kB
Active(file):     942020 kB
Inactive(file):  6849152 kB
Unevictable:        5716 kB
Mlocked:            5716 kB
SwapTotal:       3145724 kB
SwapFree:        3145724 kB
Dirty:               360 kB
Writeback:             0 kB
AnonPages:       1267180 kB
Mapped:           772000 kB
Shmem:             33784 kB
KReclaimable:     528828 kB
Slab:             226536 kB
SReclaimable:      79532 kB
SUnreclaim:       147004 kB
KernelStack:       46992 kB
PageTables:        63592 kB
NFS_Unstable:          0 kB
Bounce:                0 kB
WritebackTmp:          0 kB
CommitLimit:     9202292 kB
Committed_AS:   67487956 kB
VmallocTotal:   263061440 kB
VmallocUsed:      103992 kB
VmallocChunk:          0 kB
Percpu:             7648 kB
CmaTotal:         294912 kB
CmaFree:               0 kB
MemTotal:       12113136 kB
MemFree:          463280 kB
MemAvailable:    7914588 kB
Buffers:            7108 kB
Cached:          7822528 kB
SwapCached:            0 kB
Active:          2108220 kB
Inactive:        6982384 kB
Active(anon):    1166200 kB
Inactive(anon):   133220 kB
Active(file):     942020 kB
Inactive(file):  6849164 kB
Unevictable:        5716 kB
Mlocked:            5716 kB
SwapTotal:       3145724 kB
SwapFree:        3145724 kB
Dirty:               372 kB
Writeback:             0 kB
AnonPages:       1266512 kB
Mapped:           772120 kB
Shmem:             33784 kB
KReclaimable:     528828 kB
Slab:             226536 kB
SReclaimable:      79532 kB
SUnreclaim:       147004 kB
KernelStack:       47024 kB
PageTables:        63688 kB
NFS_Unstable:          0 kB
Bounce:                0 kB
WritebackTmp:          0 kB
CommitLimit:     9202292 kB
Committed_AS:   67492468 kB
VmallocTotal:   263061440 kB
VmallocUsed:      104008 kB
VmallocChunk:          0 kB
Percpu:             7648 kB
CmaTotal:         294912 kB
CmaFree:               0 kB
MemTotal:       12113136 kB
MemFree:          463356 kB
MemAvailable:    7914676 kB
Buffers:            7108 kB
Cached:          7822540 kB
SwapCached:            0 kB
Active:          2108604 kB
Inactive:        6982396 kB
Active(anon):    1166584 kB
Inactive(anon):   133220 kB
Active(file):     942020 kB
Inactive(file):  6849176 kB
Unevictable:        5716 kB
Mlocked:            5716 kB
SwapTotal:       3145724 kB
SwapFree:        3145724 kB
Dirty:               400 kB
Writeback:             0 kB
AnonPages:       1267120 kB
Mapped:           772000 kB
Shmem:             33784 kB
KReclaimable:     528828 kB
Slab:             226536 kB
SReclaimable:      79532 kB
SUnreclaim:       147004 kB
KernelStack:       46944 kB
PageTables:        63588 kB
NFS_Unstable:          0 kB
Bounce:                0 kB
WritebackTmp:          0 kB
CommitLimit:     9202292 kB
Committed_AS:   67491912 kB
VmallocTotal:   263061440 kB
VmallocUsed:      103976 kB
VmallocChunk:          0 kB
Percpu:             7648 kB
CmaTotal:         294912 kB
CmaFree:               0 kB
MemTotal:       12113136 kB
MemFree:          462632 kB
MemAvailable:    7913964 kB
Buffers:            7108 kB
Cached:          7822552 kB
SwapCached:            0 kB
Active:          2109300 kB
Inactive:        6982408 kB
Active(anon):    1167280 kB
Inactive(anon):   133220 kB
Active(file):     942020 kB
Inactive(file):  6849188 kB
Unevictable:        5716 kB
Mlocked:            5716 kB
SwapTotal:       3145724 kB
SwapFree:        3145724 kB
Dirty:               412 kB
Writeback:             0 kB
AnonPages:       1267968 kB
Mapped:           772108 kB
Shmem:             33784 kB
KReclaimable:     528828 kB
Slab:             226536 kB
SReclaimable:      79532 kB
SUnreclaim:       147004 kB
KernelStack:       46976 kB
PageTables:        63680 kB
NFS_Unstable:          0 kB
Bounce:                0 kB
WritebackTmp:          0 kB
CommitLimit:     9202292 kB
Committed_AS:   67492068 kB
VmallocTotal:   263061440 kB
VmallocUsed:      103960 kB
VmallocChunk:          0 kB
Percpu:             7648 kB
CmaTotal:         294912 kB
CmaFree:               0 kB
MemTotal:       12113136 kB
MemFree:          462140 kB
MemAvailable:    7913488 kB
Buffers:            7108 kB
Cached:          7822568 kB
SwapCached:            0 kB
Active:          2110012 kB
Inactive:        6982424 kB
Active(anon):    1167992 kB
Inactive(anon):   133220 kB
Active(file):     942020 kB
Inactive(file):  6849204 kB
Unevictable:        5716 kB
Mlocked:            5716 kB
SwapTotal:       3145724 kB
SwapFree:        3145724 kB
Dirty:               428 kB
Writeback:             0 kB
AnonPages:       1268540 kB
Mapped:           772000 kB
Shmem:             33784 kB
KReclaimable:     528828 kB
Slab:             226536 kB
SReclaimable:      79532 kB
SUnreclaim:       147004 kB
KernelStack:       46912 kB
PageTables:        63548 kB
NFS_Unstable:          0 kB
Bounce:                0 kB
WritebackTmp:          0 kB
CommitLimit:     9202292 kB
Committed_AS:   67486684 kB
VmallocTotal:   263061440 kB
VmallocUsed:      103944 kB
VmallocChunk:          0 kB
Percpu:             7648 kB
CmaTotal:         294912 kB
CmaFree:               0 kB
MemTotal:       12113136 kB
MemFree:          460464 kB
MemAvailable:    7911820 kB
Buffers:            7108 kB
Cached:          7822580 kB
SwapCached:            0 kB
Active:          2111252 kB
Inactive:        6982436 kB
Active(anon):    1169232 kB
Inactive(anon):   133224 kB
Active(file):     942020 kB
Inactive(file):  6849212 kB
Unevictable:        5716 kB
Mlocked:            5716 kB
SwapTotal:       3145724 kB
SwapFree:        3145724 kB
Dirty:               200 kB
Writeback:             0 kB
AnonPages:       1269656 kB
Mapped:           772004 kB
Shmem:             33788 kB
KReclaimable:     528828 kB
Slab:             226536 kB
SReclaimable:      79532 kB
SUnreclaim:       147004 kB
KernelStack:       47008 kB
PageTables:        63600 kB
NFS_Unstable:          0 kB
Bounce:                0 kB
WritebackTmp:          0 kB
CommitLimit:     9202292 kB
Committed_AS:   67487268 kB
VmallocTotal:   263061440 kB
VmallocUsed:      103976 kB
VmallocChunk:          0 kB
Percpu:             7648 kB
CmaTotal:         294912 kB
CmaFree:               0 kB
MemTotal:       12113136 kB
MemFree:          475476 kB
MemAvailable:    7926836 kB
Buffers:            7108 kB
Cached:          7822584 kB
SwapCached:            0 kB
Active:          2095060 kB
Inactive:        6982440 kB
Active(anon):    1153040 kB
Inactive(anon):   133224 kB
Active(file):     942020 kB
Inactive(file):  6849216 kB
Unevictable:        5716 kB
Mlocked:            5716 kB
SwapTotal:       3145724 kB
SwapFree:        3145724 kB
Dirty:               252 kB
Writeback:             0 kB
AnonPages:       1253456 kB
Mapped:           772004 kB
Shmem:             33788 kB
KReclaimable:     528828 kB
Slab:             226536 kB
SReclaimable:      79532 kB
SUnreclaim:       147004 kB
KernelStack:       47024 kB
PageTables:        63724 kB
NFS_Unstable:          0 kB
Bounce:                0 kB
WritebackTmp:          0 kB
CommitLimit:     9202292 kB
Committed_AS:   67484624 kB
VmallocTotal:   263061440 kB
VmallocUsed:      103976 kB
VmallocChunk:          0 kB
Percpu:             7648 kB
CmaTotal:         294912 kB
CmaFree:               0 kB
MemTotal:       12113136 kB
MemFree:          475940 kB
MemAvailable:    7927324 kB
Buffers:            7108 kB
Cached:          7822608 kB
SwapCached:            0 kB
Active:          2095724 kB
Inactive:        6982464 kB
Active(anon):    1153704 kB
Inactive(anon):   133224 kB
Active(file):     942020 kB
Inactive(file):  6849240 kB
Unevictable:        5716 kB
Mlocked:            5716 kB
SwapTotal:       3145724 kB
SwapFree:        3145724 kB
Dirty:               276 kB
Writeback:             0 kB
AnonPages:       1254124 kB
Mapped:           772004 kB
Shmem:             33788 kB
KReclaimable:     528828 kB
Slab:             226536 kB
SReclaimable:      79532 kB
SUnreclaim:       147004 kB
KernelStack:       47008 kB
PageTables:        63596 kB
NFS_Unstable:          0 kB
Bounce:                0 kB
WritebackTmp:          0 kB
CommitLimit:     9202292 kB
Committed_AS:   67487092 kB
VmallocTotal:   263061440 kB
VmallocUsed:      103960 kB
VmallocChunk:          0 kB
Percpu:             7648 kB
CmaTotal:         294912 kB
CmaFree:               0 kB
MemTotal:       12113136 kB
MemFree:          474168 kB
MemAvailable:    7925560 kB
Buffers:            7108 kB
Cached:          7822616 kB
SwapCached:            0 kB
Active:          2096272 kB
Inactive:        6982472 kB
Active(anon):    1154252 kB
Inactive(anon):   133224 kB
Active(file):     942020 kB
Inactive(file):  6849248 kB
Unevictable:        5716 kB
Mlocked:            5716 kB
SwapTotal:       3145724 kB
SwapFree:        3145724 kB
Dirty:               312 kB
Writeback:             0 kB
AnonPages:       1254532 kB
Mapped:           772004 kB
Shmem:             33788 kB
KReclaimable:     528828 kB
Slab:             226536 kB
SReclaimable:      79532 kB
SUnreclaim:       147004 kB
KernelStack:       46992 kB
PageTables:        63552 kB
NFS_Unstable:          0 kB
Bounce:                0 kB
WritebackTmp:          0 kB
CommitLimit:     9202292 kB
Committed_AS:   67487948 kB
VmallocTotal:   263061440 kB
VmallocUsed:      103992 kB
VmallocChunk:          0 kB
Percpu:             7648 kB
CmaTotal:         294912 kB
CmaFree:               0 kB
MemTotal:       12113136 kB
MemFree:          473452 kB
MemAvailable:    7924856 kB
Buffers:            7108 kB
Cached:          7822628 kB
SwapCached:            0 kB
Active:          2096816 kB
Inactive:        6982484 kB
Active(anon):    1154796 kB
Inactive(anon):   133224 kB
Active(file):     942020 kB
Inactive(file):  6849260 kB
Unevictable:        5716 kB
Mlocked:            5716 kB
SwapTotal:       3145724 kB
SwapFree:        3145724 kB
Dirty:               324 kB
Writeback:             0 kB
AnonPages:       1255180 kB
Mapped:           772004 kB
Shmem:             33788 kB
KReclaimable:     528828 kB
Slab:             226536 kB
SReclaimable:      79532 kB
SUnreclaim:       147004 kB
KernelStack:       46976 kB
PageTables:        63588 kB
NFS_Unstable:          0 kB
Bounce:                0 kB
WritebackTmp:          0 kB
CommitLimit:     9202292 kB
Committed_AS:   67492136 kB
VmallocTotal:   263061440 kB
VmallocUsed:      103976 kB
VmallocChunk:          0 kB
Percpu:             7648 kB
CmaTotal:         294912 kB
CmaFree:               0 kB
MemTotal:       12113136 kB
MemFree:          462876 kB
MemAvailable:    7914300 kB
Buffers:            7108 kB
Cached:          7822648 kB
SwapCached:            0 kB
Active:          2111556 kB
Inactive:        6982504 kB
Active(anon):    1169536 kB
Inactive(anon):   133224 kB
Active(file):     942020 kB
Inactive(file):  6849280 kB
Unevictable:        5716 kB
Mlocked:            5716 kB
SwapTotal:       3145724 kB
SwapFree:        3145724 kB
Dirty:               208 kB
Writeback:             0 kB
AnonPages:       1269988 kB
Mapped:           772004 kB
Shmem:             33788 kB
KReclaimable:     528828 kB
Slab:             226536 kB
SReclaimable:      79532 kB
SUnreclaim:       147004 kB
KernelStack:       46976 kB
PageTables:        63588 kB
NFS_Unstable:          0 kB
Bounce:                0 kB
WritebackTmp:          0 kB
CommitLimit:     9202292 kB
Committed_AS:   67486960 kB
VmallocTotal:   263061440 kB
VmallocUsed:      103960 kB
VmallocChunk:          0 kB
Percpu:             7648 kB
CmaTotal:         294912 kB
CmaFree:               0 kB
MemTotal:       12113136 kB
MemFree:          455076 kB
MemAvailable:    7906512 kB
Buffers:            7108 kB
Cached:          7822660 kB
SwapCached:            0 kB
Active:          2116668 kB
Inactive:        6982516 kB
Active(anon):    1174648 kB
Inactive(anon):   133224 kB
Active(file):     942020 kB
Inactive(file):  6849292 kB
Unevictable:        5716 kB
Mlocked:            5716 kB
SwapTotal:       3145724 kB
SwapFree:        3145724 kB
Dirty:               288 kB
Writeback:             0 kB
AnonPages:       1275268 kB
Mapped:           772212 kB
Shmem:             33788 kB
KReclaimable:     528828 kB
Slab:             226520 kB
SReclaimable:      79532 kB
SUnreclaim:       146988 kB
KernelStack:       47024 kB
PageTables:        63692 kB
NFS_Unstable:          0 kB
Bounce:                0 kB
WritebackTmp:          0 kB
CommitLimit:     9202292 kB
Committed_AS:   67487860 kB
VmallocTotal:   263061440 kB
VmallocUsed:      103944 kB
VmallocChunk:          0 kB
Percpu:             7648 kB
CmaTotal:         294912 kB
CmaFree:               0 kB
MemTotal:       12113136 kB
MemFree:          454364 kB
MemAvailable:    7905812 kB
Buffers:            7108 kB
Cached:          7822672 kB
SwapCached:            0 kB
Active:          2117136 kB
Inactive:        6982528 kB
Active(anon):    1175116 kB
Inactive(anon):   133224 kB
Active(file):     942020 kB
Inactive(file):  6849304 kB
Unevictable:        5716 kB
Mlocked:            5716 kB
SwapTotal:       3145724 kB
SwapFree:        3145724 kB
Dirty:               300 kB
Writeback:             0 kB
AnonPages:       1275756 kB
Mapped:           772004 kB
Shmem:             33788 kB
KReclaimable:     528828 kB
Slab:             226536 kB
SReclaimable:      79532 kB
SUnreclaim:       147004 kB
KernelStack:       46976 kB
PageTables:        63592 kB
NFS_Unstable:          0 kB
Bounce:                0 kB
WritebackTmp:          0 kB
CommitLimit:     9202292 kB
Committed_AS:   67492224 kB
VmallocTotal:   263061440 kB
VmallocUsed:      103944 kB
VmallocChunk:          0 kB
Percpu:             7648 kB
CmaTotal:         294912 kB
CmaFree:               0 kB
MemTotal:       12113136 kB
MemFree:          446672 kB
MemAvailable:    7898128 kB
Buffers:            7108 kB
Cached:          7822680 kB
SwapCached:            0 kB
Active:          2126120 kB
Inactive:        6982536 kB
Active(anon):    1184100 kB
Inactive(anon):   133224 kB
Active(file):     942020 kB
Inactive(file):  6849312 kB
Unevictable:        5716 kB
Mlocked:            5716 kB
SwapTotal:       3145724 kB
SwapFree:        3145724 kB
Dirty:               308 kB
Writeback:             0 kB
AnonPages:       1284284 kB
Mapped:           772112 kB
Shmem:             33788 kB
KReclaimable:     528828 kB
Slab:             226528 kB
SReclaimable:      79532 kB
SUnreclaim:       146996 kB
KernelStack:       47008 kB
PageTables:        63636 kB
NFS_Unstable:          0 kB
Bounce:                0 kB
WritebackTmp:          0 kB
CommitLimit:     9202292 kB
Committed_AS:   67487412 kB
VmallocTotal:   263061440 kB
VmallocUsed:      103960 kB
VmallocChunk:          0 kB
Percpu:             7648 kB
CmaTotal:         294912 kB
CmaFree:               0 kB
MemTotal:       12113136 kB
MemFree:          452556 kB
MemAvailable:    7904020 kB
Buffers:            7112 kB
Cached:          7822688 kB
SwapCached:            0 kB
Active:          2119448 kB
Inactive:        6982548 kB
Active(anon):    1177432 kB
Inactive(anon):   133224 kB
Active(file):     942016 kB
Inactive(file):  6849324 kB
Unevictable:        5716 kB
Mlocked:            5716 kB
SwapTotal:       3145724 kB
SwapFree:        3145724 kB
Dirty:               320 kB
Writeback:             0 kB
AnonPages:       1277968 kB
Mapped:           772004 kB
Shmem:             33788 kB
KReclaimable:     528828 kB
Slab:             226536 kB
SReclaimable:      79532 kB
SUnreclaim:       147004 kB
KernelStack:       46960 kB
PageTables:        63592 kB
NFS_Unstable:          0 kB
Bounce:                0 kB
WritebackTmp:          0 kB
CommitLimit:     9202292 kB
Committed_AS:   67491772 kB
VmallocTotal:   263061440 kB
VmallocUsed:      103928 kB
VmallocChunk:          0 kB
Percpu:             7648 kB
CmaTotal:         294912 kB
CmaFree:               0 kB
MemTotal:       12113136 kB
MemFree:          451308 kB
MemAvailable:    7902808 kB
Buffers:            7112 kB
Cached:          7822720 kB
SwapCached:            0 kB
Active:          2119700 kB
Inactive:        6982580 kB
Active(anon):    1177680 kB
Inactive(anon):   133224 kB
Active(file):     942020 kB
Inactive(file):  6849356 kB
Unevictable:        5716 kB
Mlocked:            5716 kB
SwapTotal:       3145724 kB
SwapFree:        3145724 kB
Dirty:               404 kB
Writeback:             0 kB
AnonPages:       1278292 kB
Mapped:           772004 kB
Shmem:             33788 kB
KReclaimable:     528828 kB
Slab:             226528 kB
SReclaimable:      79532 kB
SUnreclaim:       146996 kB
KernelStack:       47024 kB
PageTables:        63832 kB
NFS_Unstable:          0 kB
Bounce:                0 kB
WritebackTmp:          0 kB
CommitLimit:     9202292 kB
Committed_AS:   67486152 kB
VmallocTotal:   263061440 kB
VmallocUsed:      103928 kB
VmallocChunk:          0 kB
Percpu:             7648 kB
CmaTotal:         294912 kB
CmaFree:               0 kB
MemTotal:       12113136 kB
MemFree:          450488 kB
MemAvailable:    7902008 kB
Buffers:            7112 kB
Cached:          7822740 kB
SwapCached:            0 kB
Active:          2119880 kB
Inactive:        6982600 kB
Active(anon):    1177860 kB
Inactive(anon):   133224 kB
Active(file):     942020 kB
Inactive(file):  6849376 kB
Unevictable:        5716 kB
Mlocked:            5716 kB
SwapTotal:       3145724 kB
SwapFree:        3145724 kB
Dirty:               424 kB
Writeback:             0 kB
AnonPages:       1278444 kB
Mapped:           772004 kB
Shmem:             33788 kB
KReclaimable:     528828 kB
Slab:             226544 kB
SReclaimable:      79532 kB
SUnreclaim:       147012 kB
KernelStack:       46960 kB
PageTables:        63588 kB
NFS_Unstable:          0 kB
Bounce:                0 kB
WritebackTmp:          0 kB
CommitLimit:     9202292 kB
Committed_AS:   67507408 kB
VmallocTotal:   263061440 kB
VmallocUsed:      103928 kB
VmallocChunk:          0 kB
Percpu:             7648 kB
CmaTotal:         294912 kB
CmaFree:               0 kB
MemTotal:       12113136 kB
MemFree:          450688 kB
MemAvailable:    7902220 kB
Buffers:            7112 kB
Cached:          7822752 kB
SwapCached:            0 kB
Active:          2120476 kB
Inactive:        6982612 kB
Active(anon):    1178456 kB
Inactive(anon):   133224 kB
Active(file):     942020 kB
Inactive(file):  6849388 kB
Unevictable:        5716 kB
Mlocked:            5716 kB
SwapTotal:       3145724 kB
SwapFree:        3145724 kB
Dirty:               452 kB
Writeback:             0 kB
AnonPages:       1278936 kB
Mapped:           772004 kB
Shmem:             33788 kB
KReclaimable:     528828 kB
Slab:             226536 kB
SReclaimable:      79532 kB
SUnreclaim:       147004 kB
KernelStack:       46976 kB
PageTables:        63588 kB
NFS_Unstable:          0 kB
Bounce:                0 kB
WritebackTmp:          0 kB
CommitLimit:     9202292 kB
Committed_AS:   67507540 kB
VmallocTotal:   263061440 kB
VmallocUsed:      103944 kB
VmallocChunk:          0 kB
Percpu:             7648 kB
CmaTotal:         294912 kB
CmaFree:               0 kB
MemTotal:       12113136 kB
MemFree:          456456 kB
MemAvailable:    7908000 kB
Buffers:            7112 kB
Cached:          7822764 kB
SwapCached:            0 kB
Active:          2114892 kB
Inactive:        6982624 kB
Active(anon):    1172872 kB
Inactive(anon):   133224 kB
Active(file):     942020 kB
Inactive(file):  6849400 kB
Unevictable:        5716 kB
Mlocked:            5716 kB
SwapTotal:       3145724 kB
SwapFree:        3145724 kB
Dirty:               464 kB
Writeback:             0 kB
AnonPages:       1273512 kB
Mapped:           772004 kB
Shmem:             33788 kB
KReclaimable:     528828 kB
Slab:             226536 kB
SReclaimable:      79532 kB
SUnreclaim:       147004 kB
KernelStack:       46976 kB
PageTables:        63588 kB
NFS_Unstable:          0 kB
Bounce:                0 kB
WritebackTmp:          0 kB
CommitLimit:     9202292 kB
Committed_AS:   67497660 kB
VmallocTotal:   263061440 kB
VmallocUsed:      103992 kB
VmallocChunk:          0 kB
Percpu:             7648 kB
CmaTotal:         294912 kB
CmaFree:               0 kB
MemTotal:       12113136 kB
MemFree:          455940 kB
MemAvailable:    7907496 kB
Buffers:            7112 kB
Cached:          7822776 kB
SwapCached:            0 kB
Active:          2115620 kB
Inactive:        6982636 kB
Active(anon):    1173600 kB
Inactive(anon):   133224 kB
Active(file):     942020 kB
Inactive(file):  6849412 kB
Unevictable:        5716 kB
Mlocked:            5716 kB
SwapTotal:       3145724 kB
SwapFree:        3145724 kB
Dirty:               476 kB
Writeback:             0 kB
AnonPages:       1274212 kB
Mapped:           772112 kB
Shmem:             33788 kB
KReclaimable:     528828 kB
Slab:             226536 kB
SReclaimable:      79532 kB
SUnreclaim:       147004 kB
KernelStack:       47024 kB
PageTables:        63688 kB
NFS_Unstable:          0 kB
Bounce:                0 kB
WritebackTmp:          0 kB
CommitLimit:     9202292 kB
Committed_AS:   67497156 kB
VmallocTotal:   263061440 kB
VmallocUsed:      103992 kB
VmallocChunk:          0 kB
Percpu:             7648 kB
CmaTotal:         294912 kB
CmaFree:               0 kB
MemTotal:       12113136 kB
MemFree:          455356 kB
MemAvailable:    7906920 kB
Buffers:            7112 kB
Cached:          7822784 kB
SwapCached:            0 kB
Active:          2115568 kB
Inactive:        6982644 kB
Active(anon):    1173548 kB
Inactive(anon):   133224 kB
Active(file):     942020 kB
Inactive(file):  6849420 kB
Unevictable:        5716 kB
Mlocked:            5716 kB
SwapTotal:       3145724 kB
SwapFree:        3145724 kB
Dirty:               496 kB
Writeback:             0 kB
AnonPages:       1273868 kB
Mapped:           772004 kB
Shmem:             33788 kB
KReclaimable:     528828 kB
Slab:             226536 kB
SReclaimable:      79532 kB
SUnreclaim:       147004 kB
KernelStack:       46992 kB
PageTables:        63716 kB
NFS_Unstable:          0 kB
Bounce:                0 kB
WritebackTmp:          0 kB
CommitLimit:     9202292 kB
Committed_AS:   67486592 kB
VmallocTotal:   263061440 kB
VmallocUsed:      103992 kB
VmallocChunk:          0 kB
Percpu:             7648 kB
CmaTotal:         294912 kB
CmaFree:               0 kB
MemTotal:       12113136 kB
MemFree:          456880 kB
MemAvailable:    7908464 kB
Buffers:            7112 kB
Cached:          7822804 kB
SwapCached:            0 kB
Active:          2112484 kB
Inactive:        6982660 kB
Active(anon):    1170460 kB
Inactive(anon):   133224 kB
Active(file):     942024 kB
Inactive(file):  6849436 kB
Unevictable:        5716 kB
Mlocked:            5716 kB
SwapTotal:       3145724 kB
SwapFree:        3145724 kB
Dirty:               512 kB
Writeback:             0 kB
AnonPages:       1270884 kB
Mapped:           772004 kB
Shmem:             33788 kB
KReclaimable:     528828 kB
Slab:             226536 kB
SReclaimable:      79532 kB
SUnreclaim:       147004 kB
KernelStack:       46976 kB
PageTables:        63584 kB
NFS_Unstable:          0 kB
Bounce:                0 kB
WritebackTmp:          0 kB
CommitLimit:     9202292 kB
Committed_AS:   67486404 kB
VmallocTotal:   263061440 kB
VmallocUsed:      103992 kB
VmallocChunk:          0 kB
Percpu:             7648 kB
CmaTotal:         294912 kB
CmaFree:               0 kB
MemTotal:       12113136 kB
MemFree:          456608 kB
MemAvailable:    7908196 kB
Buffers:            7112 kB
Cached:          7822808 kB
SwapCached:            0 kB
Active:          2112772 kB
Inactive:        6982668 kB
Active(anon):    1170752 kB
Inactive(anon):   133224 kB
Active(file):     942020 kB
Inactive(file):  6849444 kB
Unevictable:        5716 kB
Mlocked:            5716 kB
SwapTotal:       3145724 kB
SwapFree:        3145724 kB
Dirty:               520 kB
Writeback:             0 kB
AnonPages:       1271288 kB
Mapped:           772004 kB
Shmem:             33788 kB
KReclaimable:     528828 kB
Slab:             226536 kB
SReclaimable:      79532 kB
SUnreclaim:       147004 kB
KernelStack:       46976 kB
PageTables:        63592 kB
NFS_Unstable:          0 kB
Bounce:                0 kB
WritebackTmp:          0 kB
CommitLimit:     9202292 kB
Committed_AS:   67492168 kB
VmallocTotal:   263061440 kB
VmallocUsed:      104008 kB
VmallocChunk:          0 kB
Percpu:             7648 kB
CmaTotal:         294912 kB
CmaFree:               0 kB
MemTotal:       12113136 kB
MemFree:          455964 kB
MemAvailable:    7907568 kB
Buffers:            7112 kB
Cached:          7822824 kB
SwapCached:            0 kB
Active:          2113380 kB
Inactive:        6982684 kB
Active(anon):    1171360 kB
Inactive(anon):   133224 kB
Active(file):     942020 kB
Inactive(file):  6849460 kB
Unevictable:        5716 kB
Mlocked:            5716 kB
SwapTotal:       3145724 kB
SwapFree:        3145724 kB
Dirty:               548 kB
Writeback:             0 kB
AnonPages:       1271720 kB
Mapped:           772004 kB
Shmem:             33788 kB
KReclaimable:     528828 kB
Slab:             226536 kB
SReclaimable:      79532 kB
SUnreclaim:       147004 kB
KernelStack:       46976 kB
PageTables:        63584 kB
NFS_Unstable:          0 kB
Bounce:                0 kB
WritebackTmp:          0 kB
CommitLimit:     9202292 kB
Committed_AS:   67492124 kB
VmallocTotal:   263061440 kB
VmallocUsed:      103992 kB
VmallocChunk:          0 kB
Percpu:             7648 kB
CmaTotal:         294912 kB
CmaFree:               0 kB
MemTotal:       12113136 kB
MemFree:          454984 kB
MemAvailable:    7906604 kB
Buffers:            7112 kB
Cached:          7822840 kB
SwapCached:            0 kB
Active:          2113772 kB
Inactive:        6982700 kB
Active(anon):    1171752 kB
Inactive(anon):   133224 kB
Active(file):     942020 kB
Inactive(file):  6849476 kB
Unevictable:        5716 kB
Mlocked:            5716 kB
SwapTotal:       3145724 kB
SwapFree:        3145724 kB
Dirty:               564 kB
Writeback:             0 kB
AnonPages:       1272356 kB
Mapped:           772004 kB
Shmem:             33788 kB
KReclaimable:     528828 kB
Slab:             226536 kB
SReclaimable:      79532 kB
SUnreclaim:       147004 kB
KernelStack:       46944 kB
PageTables:        63532 kB
NFS_Unstable:          0 kB
Bounce:                0 kB
WritebackTmp:          0 kB
CommitLimit:     9202292 kB
Committed_AS:   67492080 kB
VmallocTotal:   263061440 kB
VmallocUsed:      104024 kB
VmallocChunk:          0 kB
Percpu:             7648 kB
CmaTotal:         294912 kB
CmaFree:               0 kB
MemTotal:       12113136 kB
MemFree:          455532 kB
MemAvailable:    7907156 kB
Buffers:            7112 kB
Cached:          7822844 kB
SwapCached:            0 kB
Active:          2114408 kB
Inactive:        6982704 kB
Active(anon):    1172388 kB
Inactive(anon):   133224 kB
Active(file):     942020 kB
Inactive(file):  6849480 kB
Unevictable:        5716 kB
Mlocked:            5716 kB
SwapTotal:       3145724 kB
SwapFree:        3145724 kB
Dirty:               180 kB
Writeback:           184 kB
AnonPages:       1272952 kB
Mapped:           772148 kB
Shmem:             33788 kB
KReclaimable:     528828 kB
Slab:             226568 kB
SReclaimable:      79532 kB
SUnreclaim:       147036 kB
KernelStack:       47008 kB
PageTables:        63680 kB
NFS_Unstable:          0 kB
Bounce:                0 kB
WritebackTmp:          0 kB
CommitLimit:     9202292 kB
Committed_AS:   67486376 kB
VmallocTotal:   263061440 kB
VmallocUsed:      104024 kB
VmallocChunk:          0 kB
Percpu:             7648 kB
CmaTotal:         294912 kB
CmaFree:               0 kB
MemTotal:       12113136 kB
MemFree:          485904 kB
MemAvailable:    7937548 kB
Buffers:            7112 kB
Cached:          7822868 kB
SwapCached:            0 kB
Active:          2084016 kB
Inactive:        6982728 kB
Active(anon):    1141996 kB
Inactive(anon):   133228 kB
Active(file):     942020 kB
Inactive(file):  6849500 kB
Unevictable:        5716 kB
Mlocked:            5716 kB
SwapTotal:       3145724 kB
SwapFree:        3145724 kB
Dirty:               300 kB
Writeback:             0 kB
AnonPages:       1242592 kB
Mapped:           772008 kB
Shmem:             33792 kB
KReclaimable:     528828 kB
Slab:             226568 kB
SReclaimable:      79532 kB
SUnreclaim:       147036 kB
KernelStack:       46960 kB
PageTables:        63584 kB
NFS_Unstable:          0 kB
Bounce:                0 kB
WritebackTmp:          0 kB
CommitLimit:     9202292 kB
Committed_AS:   67492344 kB
VmallocTotal:   263061440 kB
VmallocUsed:      104008 kB
VmallocChunk:          0 kB
Percpu:             7648 kB
CmaTotal:         294912 kB
CmaFree:               0 kB
MemTotal:       12113136 kB
MemFree:          486028 kB
MemAvailable:    7937676 kB
Buffers:            7112 kB
Cached:          7822872 kB
SwapCached:            0 kB
Active:          2084748 kB
Inactive:        6982732 kB
Active(anon):    1142728 kB
Inactive(anon):   133228 kB
Active(file):     942020 kB
Inactive(file):  6849504 kB
Unevictable:        5716 kB
Mlocked:            5716 kB
SwapTotal:       3145724 kB
SwapFree:        3145724 kB
Dirty:               308 kB
Writeback:             0 kB
AnonPages:       1243256 kB
Mapped:           772008 kB
Shmem:             33792 kB
KReclaimable:     528828 kB
Slab:             226568 kB
SReclaimable:      79532 kB
SUnreclaim:       147036 kB
KernelStack:       47008 kB
PageTables:        63700 kB
NFS_Unstable:          0 kB
Bounce:                0 kB
WritebackTmp:          0 kB
CommitLimit:     9202292 kB
Committed_AS:   67487232 kB
VmallocTotal:   263061440 kB
VmallocUsed:      104008 kB
VmallocChunk:          0 kB
Percpu:             7648 kB
CmaTotal:         294912 kB
CmaFree:               0 kB
MemTotal:       12113136 kB
MemFree:          486500 kB
MemAvailable:    7938164 kB
Buffers:            7112 kB
Cached:          7822888 kB
SwapCached:            0 kB
Active:          2085348 kB
Inactive:        6982748 kB
Active(anon):    1143328 kB
Inactive(anon):   133228 kB
Active(file):     942020 kB
Inactive(file):  6849520 kB
Unevictable:        5716 kB
Mlocked:            5716 kB
SwapTotal:       3145724 kB
SwapFree:        3145724 kB
Dirty:               324 kB
Writeback:             0 kB
AnonPages:       1243924 kB
Mapped:           772008 kB
Shmem:             33792 kB
KReclaimable:     528828 kB
Slab:             226568 kB
SReclaimable:      79532 kB
SUnreclaim:       147036 kB
KernelStack:       46960 kB
PageTables:        63596 kB
NFS_Unstable:          0 kB
Bounce:                0 kB
WritebackTmp:          0 kB
CommitLimit:     9202292 kB
Committed_AS:   67486972 kB
VmallocTotal:   263061440 kB
VmallocUsed:      103992 kB
VmallocChunk:          0 kB
Percpu:             7648 kB
CmaTotal:         294912 kB
CmaFree:               0 kB
MemTotal:       12113136 kB
MemFree:          485552 kB
MemAvailable:    7937232 kB
Buffers:            7112 kB
Cached:          7822904 kB
SwapCached:            0 kB
Active:          2085448 kB
Inactive:        6982764 kB
Active(anon):    1143428 kB
Inactive(anon):   133228 kB
Active(file):     942020 kB
Inactive(file):  6849536 kB
Unevictable:        5716 kB
Mlocked:            5716 kB
SwapTotal:       3145724 kB
SwapFree:        3145724 kB
Dirty:               352 kB
Writeback:             0 kB
AnonPages:       1244044 kB
Mapped:           772196 kB
Shmem:             33792 kB
KReclaimable:     528828 kB
Slab:             226568 kB
SReclaimable:      79532 kB
SUnreclaim:       147036 kB
KernelStack:       47008 kB
PageTables:        63684 kB
NFS_Unstable:          0 kB
Bounce:                0 kB
WritebackTmp:          0 kB
CommitLimit:     9202292 kB
Committed_AS:   67491956 kB
VmallocTotal:   263061440 kB
VmallocUsed:      104008 kB
VmallocChunk:          0 kB
Percpu:             7648 kB
CmaTotal:         294912 kB
CmaFree:               0 kB
MemTotal:       12113136 kB
MemFree:          484832 kB
MemAvailable:    7936524 kB
Buffers:            7112 kB
Cached:          7822916 kB
SwapCached:            0 kB
Active:          2086516 kB
Inactive:        6982776 kB
Active(anon):    1144496 kB
Inactive(anon):   133228 kB
Active(file):     942020 kB
Inactive(file):  6849548 kB
Unevictable:        5716 kB
Mlocked:            5716 kB
SwapTotal:       3145724 kB
SwapFree:        3145724 kB
Dirty:               372 kB
Writeback:             0 kB
AnonPages:       1245104 kB
Mapped:           772064 kB
Shmem:             33792 kB
KReclaimable:     528828 kB
Slab:             226568 kB
SReclaimable:      79532 kB
SUnreclaim:       147036 kB
KernelStack:       46960 kB
PageTables:        63596 kB
NFS_Unstable:          0 kB
Bounce:                0 kB
WritebackTmp:          0 kB
CommitLimit:     9202292 kB
Committed_AS:   67492044 kB
VmallocTotal:   263061440 kB
VmallocUsed:      104024 kB
VmallocChunk:          0 kB
Percpu:             7648 kB
CmaTotal:         294912 kB
CmaFree:               0 kB
MemTotal:       12113136 kB
MemFree:          483888 kB
MemAvailable:    7935612 kB
Buffers:            7116 kB
Cached:          7822944 kB
SwapCached:            0 kB
Active:          2087168 kB
Inactive:        6982804 kB
Active(anon):    1145144 kB
Inactive(anon):   133228 kB
Active(file):     942024 kB
Inactive(file):  6849576 kB
Unevictable:        5716 kB
Mlocked:            5716 kB
SwapTotal:       3145724 kB
SwapFree:        3145724 kB
Dirty:               300 kB
Writeback:             0 kB
AnonPages:       1245676 kB
Mapped:           772064 kB
Shmem:             33792 kB
KReclaimable:     528828 kB
Slab:             226536 kB
SReclaimable:      79532 kB
SUnreclaim:       147004 kB
KernelStack:       46960 kB
PageTables:        63588 kB
NFS_Unstable:          0 kB
Bounce:                0 kB
WritebackTmp:          0 kB
CommitLimit:     9202292 kB
Committed_AS:   67491912 kB
VmallocTotal:   263061440 kB
VmallocUsed:      104024 kB
VmallocChunk:          0 kB
Percpu:             7648 kB
CmaTotal:         294912 kB
CmaFree:               0 kB
MemTotal:       12113136 kB
MemFree:          482980 kB
MemAvailable:    7934712 kB
Buffers:            7116 kB
Cached:          7822952 kB
SwapCached:            0 kB
Active:          2087916 kB
Inactive:        6982812 kB
Active(anon):    1145892 kB
Inactive(anon):   133228 kB
Active(file):     942024 kB
Inactive(file):  6849584 kB
Unevictable:        5716 kB
Mlocked:            5716 kB
SwapTotal:       3145724 kB
SwapFree:        3145724 kB
Dirty:               364 kB
Writeback:             0 kB
AnonPages:       1246456 kB
Mapped:           772064 kB
Shmem:             33792 kB
KReclaimable:     528828 kB
Slab:             226536 kB
SReclaimable:      79532 kB
SUnreclaim:       147004 kB
KernelStack:       46960 kB
PageTables:        63588 kB
NFS_Unstable:          0 kB
Bounce:                0 kB
WritebackTmp:          0 kB
CommitLimit:     9202292 kB
Committed_AS:   67487256 kB
VmallocTotal:   263061440 kB
VmallocUsed:      103992 kB
VmallocChunk:          0 kB
Percpu:             7648 kB
CmaTotal:         294912 kB
CmaFree:               0 kB
MemTotal:       12113136 kB
MemFree:          482160 kB
MemAvailable:    7933908 kB
Buffers:            7116 kB
Cached:          7822968 kB
SwapCached:            0 kB
Active:          2088520 kB
Inactive:        6982828 kB
Active(anon):    1146496 kB
Inactive(anon):   133228 kB
Active(file):     942024 kB
Inactive(file):  6849600 kB
Unevictable:        5716 kB
Mlocked:            5716 kB
SwapTotal:       3145724 kB
SwapFree:        3145724 kB
Dirty:               380 kB
Writeback:             0 kB
AnonPages:       1247060 kB
Mapped:           772244 kB
Shmem:             33792 kB
KReclaimable:     528828 kB
Slab:             226536 kB
SReclaimable:      79532 kB
SUnreclaim:       147004 kB
KernelStack:       47008 kB
PageTables:        63692 kB
NFS_Unstable:          0 kB
Bounce:                0 kB
WritebackTmp:          0 kB
CommitLimit:     9202292 kB
Committed_AS:   67492252 kB
VmallocTotal:   263061440 kB
VmallocUsed:      104024 kB
VmallocChunk:          0 kB
Percpu:             7648 kB
CmaTotal:         294912 kB
CmaFree:               0 kB
MemTotal:       12113136 kB
MemFree:          480360 kB
MemAvailable:    7932112 kB
Buffers:            7116 kB
Cached:          7822972 kB
SwapCached:            0 kB
Active:          2089104 kB
Inactive:        6982832 kB
Active(anon):    1147080 kB
Inactive(anon):   133228 kB
Active(file):     942024 kB
Inactive(file):  6849604 kB
Unevictable:        5716 kB
Mlocked:            5716 kB
SwapTotal:       3145724 kB
SwapFree:        3145724 kB
Dirty:               388 kB
Writeback:             0 kB
AnonPages:       1247336 kB
Mapped:           772064 kB
Shmem:             33792 kB
KReclaimable:     528828 kB
Slab:             226536 kB
SReclaimable:      79532 kB
SUnreclaim:       147004 kB
KernelStack:       46960 kB
PageTables:        63592 kB
NFS_Unstable:          0 kB
Bounce:                0 kB
WritebackTmp:          0 kB
CommitLimit:     9202292 kB
Committed_AS:   67487368 kB
VmallocTotal:   263061440 kB
VmallocUsed:      103976 kB
VmallocChunk:          0 kB
Percpu:             7648 kB
CmaTotal:         294912 kB
CmaFree:               0 kB
MemTotal:       12113136 kB
MemFree:          480364 kB
MemAvailable:    7932136 kB
Buffers:            7116 kB
Cached:          7822992 kB
SwapCached:            0 kB
Active:          2089256 kB
Inactive:        6982852 kB
Active(anon):    1147232 kB
Inactive(anon):   133228 kB
Active(file):     942024 kB
Inactive(file):  6849624 kB
Unevictable:        5716 kB
Mlocked:            5716 kB
SwapTotal:       3145724 kB
SwapFree:        3145724 kB
Dirty:               428 kB
Writeback:             0 kB
AnonPages:       1248028 kB
Mapped:           772064 kB
Shmem:             33792 kB
KReclaimable:     528828 kB
Slab:             226536 kB
SReclaimable:      79532 kB
SUnreclaim:       147004 kB
KernelStack:       47008 kB
PageTables:        63652 kB
NFS_Unstable:          0 kB
Bounce:                0 kB
WritebackTmp:          0 kB
CommitLimit:     9202292 kB
Committed_AS:   67491816 kB
VmallocTotal:   263061440 kB
VmallocUsed:      103976 kB
VmallocChunk:          0 kB
Percpu:             7648 kB
CmaTotal:         294912 kB
CmaFree:               0 kB
MemTotal:       12113136 kB
MemFree:          479760 kB
MemAvailable:    7931536 kB
Buffers:            7116 kB
Cached:          7822996 kB
SwapCached:            0 kB
Active:          2090344 kB
Inactive:        6982856 kB
Active(anon):    1148320 kB
Inactive(anon):   133228 kB
Active(file):     942024 kB
Inactive(file):  6849628 kB
Unevictable:        5716 kB
Mlocked:            5716 kB
SwapTotal:       3145724 kB
SwapFree:        3145724 kB
Dirty:               432 kB
Writeback:             0 kB
AnonPages:       1248816 kB
Mapped:           772064 kB
Shmem:             33792 kB
KReclaimable:     528828 kB
Slab:             226536 kB
SReclaimable:      79532 kB
SUnreclaim:       147004 kB
KernelStack:       46960 kB
PageTables:        63588 kB
NFS_Unstable:          0 kB
Bounce:                0 kB
WritebackTmp:          0 kB
CommitLimit:     9202292 kB
Committed_AS:   67491684 kB
VmallocTotal:   263061440 kB
VmallocUsed:      103960 kB
VmallocChunk:          0 kB
Percpu:             7648 kB
CmaTotal:         294912 kB
CmaFree:               0 kB
MemTotal:       12113136 kB
MemFree:          479040 kB
MemAvailable:    7930836 kB
Buffers:            7116 kB
Cached:          7823016 kB
SwapCached:            0 kB
Active:          2091076 kB
Inactive:        6982876 kB
Active(anon):    1149052 kB
Inactive(anon):   133228 kB
Active(file):     942024 kB
Inactive(file):  6849648 kB
Unevictable:        5716 kB
Mlocked:            5716 kB
SwapTotal:       3145724 kB
SwapFree:        3145724 kB
Dirty:               452 kB
Writeback:             0 kB
AnonPages:       1249680 kB
Mapped:           772064 kB
Shmem:             33792 kB
KReclaimable:     528828 kB
Slab:             226536 kB
SReclaimable:      79532 kB
SUnreclaim:       147004 kB
KernelStack:       47008 kB
PageTables:        63668 kB
NFS_Unstable:          0 kB
Bounce:                0 kB
WritebackTmp:          0 kB
CommitLimit:     9202292 kB
Committed_AS:   67487344 kB
VmallocTotal:   263061440 kB
VmallocUsed:      103944 kB
VmallocChunk:          0 kB
Percpu:             7648 kB
CmaTotal:         294912 kB
CmaFree:               0 kB
MemTotal:       12113136 kB
MemFree:          479040 kB
MemAvailable:    7930848 kB
Buffers:            7116 kB
Cached:          7823028 kB
SwapCached:            0 kB
Active:          2091788 kB
Inactive:        6982888 kB
Active(anon):    1149764 kB
Inactive(anon):   133228 kB
Active(file):     942024 kB
Inactive(file):  6849660 kB
Unevictable:        5716 kB
Mlocked:            5716 kB
SwapTotal:       3145724 kB
SwapFree:        3145724 kB
Dirty:               476 kB
Writeback:             0 kB
AnonPages:       1250388 kB
Mapped:           772064 kB
Shmem:             33792 kB
KReclaimable:     528828 kB
Slab:             226536 kB
SReclaimable:      79532 kB
SUnreclaim:       147004 kB
KernelStack:       46960 kB
PageTables:        63584 kB
NFS_Unstable:          0 kB
Bounce:                0 kB
WritebackTmp:          0 kB
CommitLimit:     9202292 kB
Committed_AS:   67491876 kB
VmallocTotal:   263061440 kB
VmallocUsed:      103960 kB
VmallocChunk:          0 kB
Percpu:             7648 kB
CmaTotal:         294912 kB
CmaFree:               0 kB
MemTotal:       12113136 kB
MemFree:          477504 kB
MemAvailable:    7929324 kB
Buffers:            7116 kB
Cached:          7823040 kB
SwapCached:            0 kB
Active:          2092240 kB
Inactive:        6982900 kB
Active(anon):    1150216 kB
Inactive(anon):   133228 kB
Active(file):     942024 kB
Inactive(file):  6849672 kB
Unevictable:        5716 kB
Mlocked:            5716 kB
SwapTotal:       3145724 kB
SwapFree:        3145724 kB
Dirty:               492 kB
Writeback:             0 kB
AnonPages:       1250812 kB
Mapped:           772068 kB
Shmem:             33792 kB
KReclaimable:     528828 kB
Slab:             226536 kB
SReclaimable:      79532 kB
SUnreclaim:       147004 kB
KernelStack:       47008 kB
PageTables:        63700 kB
NFS_Unstable:          0 kB
Bounce:                0 kB
WritebackTmp:          0 kB
CommitLimit:     9202292 kB
Committed_AS:   67487376 kB
VmallocTotal:   263061440 kB
VmallocUsed:      103976 kB
VmallocChunk:          0 kB
Percpu:             7648 kB
CmaTotal:         294912 kB
CmaFree:               0 kB
MemTotal:       12113136 kB
MemFree:          477368 kB
MemAvailable:    7929204 kB
Buffers:            7116 kB
Cached:          7823056 kB
SwapCached:            0 kB
Active:          2092872 kB
Inactive:        6982916 kB
Active(anon):    1150848 kB
Inactive(anon):   133228 kB
Active(file):     942024 kB
Inactive(file):  6849688 kB
Unevictable:        5716 kB
Mlocked:            5716 kB
SwapTotal:       3145724 kB
SwapFree:        3145724 kB
Dirty:               528 kB
Writeback:             0 kB
AnonPages:       1251308 kB
Mapped:           772064 kB
Shmem:             33792 kB
KReclaimable:     528828 kB
Slab:             226536 kB
SReclaimable:      79532 kB
SUnreclaim:       147004 kB
KernelStack:       46960 kB
PageTables:        63588 kB
NFS_Unstable:          0 kB
Bounce:                0 kB
WritebackTmp:          0 kB
CommitLimit:     9202292 kB
Committed_AS:   67487396 kB
VmallocTotal:   263061440 kB
VmallocUsed:      104008 kB
VmallocChunk:          0 kB
Percpu:             7648 kB
CmaTotal:         294912 kB
CmaFree:               0 kB
MemTotal:       12113136 kB
MemFree:          477908 kB
MemAvailable:    7929756 kB
Buffers:            7116 kB
Cached:          7823068 kB
SwapCached:            0 kB
Active:          2092212 kB
Inactive:        6982928 kB
Active(anon):    1150188 kB
Inactive(anon):   133228 kB
Active(file):     942024 kB
Inactive(file):  6849700 kB
Unevictable:        5716 kB
Mlocked:            5716 kB
SwapTotal:       3145724 kB
SwapFree:        3145724 kB
Dirty:               552 kB
Writeback:             0 kB
AnonPages:       1250648 kB
Mapped:           772064 kB
Shmem:             33792 kB
KReclaimable:     528828 kB
Slab:             226536 kB
SReclaimable:      79532 kB
SUnreclaim:       147004 kB
KernelStack:       46976 kB
PageTables:        63592 kB
NFS_Unstable:          0 kB
Bounce:                0 kB
WritebackTmp:          0 kB
CommitLimit:     9202292 kB
Committed_AS:   67492336 kB
VmallocTotal:   263061440 kB
VmallocUsed:      104024 kB
VmallocChunk:          0 kB
Percpu:             7648 kB
CmaTotal:         294912 kB
CmaFree:               0 kB
MemTotal:       12113136 kB
MemFree:          477032 kB
MemAvailable:    7928892 kB
Buffers:            7116 kB
Cached:          7823080 kB
SwapCached:            0 kB
Active:          2092568 kB
Inactive:        6982940 kB
Active(anon):    1150544 kB
Inactive(anon):   133228 kB
Active(file):     942024 kB
Inactive(file):  6849712 kB
Unevictable:        5716 kB
Mlocked:            5716 kB
SwapTotal:       3145724 kB
SwapFree:        3145724 kB
Dirty:               620 kB
Writeback:             0 kB
AnonPages:       1251096 kB
Mapped:           772064 kB
Shmem:             33792 kB
KReclaimable:     528828 kB
Slab:             226536 kB
SReclaimable:      79532 kB
SUnreclaim:       147004 kB
KernelStack:       46960 kB
PageTables:        63592 kB
NFS_Unstable:          0 kB
Bounce:                0 kB
WritebackTmp:          0 kB
CommitLimit:     9202292 kB
Committed_AS:   67492204 kB
VmallocTotal:   263061440 kB
VmallocUsed:      103976 kB
VmallocChunk:          0 kB
Percpu:             7648 kB
CmaTotal:         294912 kB
CmaFree:               0 kB
MemTotal:       12113136 kB
MemFree:          473148 kB
MemAvailable:    7925016 kB
Buffers:            7116 kB
Cached:          7823088 kB
SwapCached:            0 kB
Active:          2099664 kB
Inactive:        6982948 kB
Active(anon):    1157640 kB
Inactive(anon):   133228 kB
Active(file):     942024 kB
Inactive(file):  6849720 kB
Unevictable:        5716 kB
Mlocked:            5716 kB
SwapTotal:       3145724 kB
SwapFree:        3145724 kB
Dirty:               628 kB
Writeback:             0 kB
AnonPages:       1258016 kB
Mapped:           772064 kB
Shmem:             33792 kB
KReclaimable:     528828 kB
Slab:             226536 kB
SReclaimable:      79532 kB
SUnreclaim:       147004 kB
KernelStack:       46960 kB
PageTables:        63592 kB
NFS_Unstable:          0 kB
Bounce:                0 kB
WritebackTmp:          0 kB
CommitLimit:     9202292 kB
Committed_AS:   67492424 kB
VmallocTotal:   263061440 kB
VmallocUsed:      103976 kB
VmallocChunk:          0 kB
Percpu:             7648 kB
CmaTotal:         294912 kB
CmaFree:               0 kB
MemTotal:       12113136 kB
MemFree:          451892 kB
MemAvailable:    7903776 kB
Buffers:            7116 kB
Cached:          7823104 kB
SwapCached:            0 kB
Active:          2120912 kB
Inactive:        6982964 kB
Active(anon):    1178888 kB
Inactive(anon):   133228 kB
Active(file):     942024 kB
Inactive(file):  6849736 kB
Unevictable:        5716 kB
Mlocked:            5716 kB
SwapTotal:       3145724 kB
SwapFree:        3145724 kB
Dirty:               656 kB
Writeback:             0 kB
AnonPages:       1279444 kB
Mapped:           772064 kB
Shmem:             33792 kB
KReclaimable:     528828 kB
Slab:             226536 kB
SReclaimable:      79532 kB
SUnreclaim:       147004 kB
KernelStack:       46960 kB
PageTables:        63600 kB
NFS_Unstable:          0 kB
Bounce:                0 kB
WritebackTmp:          0 kB
CommitLimit:     9202292 kB
Committed_AS:   67492076 kB
VmallocTotal:   263061440 kB
VmallocUsed:      103976 kB
VmallocChunk:          0 kB
Percpu:             7648 kB
CmaTotal:         294912 kB
CmaFree:               0 kB
MemTotal:       12113136 kB
MemFree:          449372 kB
MemAvailable:    7901280 kB
Buffers:            7124 kB
Cached:          7823116 kB
SwapCached:            0 kB
Active:          2121392 kB
Inactive:        6982976 kB
Active(anon):    1179360 kB
Inactive(anon):   133228 kB
Active(file):     942032 kB
Inactive(file):  6849748 kB
Unevictable:        5716 kB
Mlocked:            5716 kB
SwapTotal:       3145724 kB
SwapFree:        3145724 kB
Dirty:               668 kB
Writeback:             0 kB
AnonPages:       1279892 kB
Mapped:           772068 kB
Shmem:             33792 kB
KReclaimable:     528832 kB
Slab:             226540 kB
SReclaimable:      79536 kB
SUnreclaim:       147004 kB
KernelStack:       47008 kB
PageTables:        63696 kB
NFS_Unstable:          0 kB
Bounce:                0 kB
WritebackTmp:          0 kB
CommitLimit:     9202292 kB
Committed_AS:   67492196 kB
VmallocTotal:   263061440 kB
VmallocUsed:      103976 kB
VmallocChunk:          0 kB
Percpu:             7648 kB
CmaTotal:         294912 kB
CmaFree:               0 kB
MemTotal:       12113136 kB
MemFree:          443692 kB
MemAvailable:    7895624 kB
Buffers:            7124 kB
Cached:          7823140 kB
SwapCached:            0 kB
Active:          2128656 kB
Inactive:        6983000 kB
Active(anon):    1186624 kB
Inactive(anon):   133228 kB
Active(file):     942032 kB
Inactive(file):  6849772 kB
Unevictable:        5716 kB
Mlocked:            5716 kB
SwapTotal:       3145724 kB
SwapFree:        3145724 kB
Dirty:               240 kB
Writeback:             0 kB
AnonPages:       1287308 kB
Mapped:           772064 kB
Shmem:             33792 kB
KReclaimable:     528832 kB
Slab:             226540 kB
SReclaimable:      79536 kB
SUnreclaim:       147004 kB
KernelStack:       46960 kB
PageTables:        63604 kB
NFS_Unstable:          0 kB
Bounce:                0 kB
WritebackTmp:          0 kB
CommitLimit:     9202292 kB
Committed_AS:   67491648 kB
VmallocTotal:   263061440 kB
VmallocUsed:      104008 kB
VmallocChunk:          0 kB
Percpu:             7648 kB
CmaTotal:         294912 kB
CmaFree:              32 kB
MemTotal:       12113136 kB
MemFree:          463196 kB
MemAvailable:    7915148 kB
Buffers:            7124 kB
Cached:          7823160 kB
SwapCached:            0 kB
Active:          2106520 kB
Inactive:        6983020 kB
Active(anon):    1164488 kB
Inactive(anon):   133228 kB
Active(file):     942032 kB
Inactive(file):  6849792 kB
Unevictable:        5716 kB
Mlocked:            5716 kB
SwapTotal:       3145724 kB
SwapFree:        3145724 kB
Dirty:               312 kB
Writeback:             0 kB
AnonPages:       1264984 kB
Mapped:           772180 kB
Shmem:             33792 kB
KReclaimable:     528832 kB
Slab:             226540 kB
SReclaimable:      79536 kB
SUnreclaim:       147004 kB
KernelStack:       47008 kB
PageTables:        63680 kB
NFS_Unstable:          0 kB
Bounce:                0 kB
WritebackTmp:          0 kB
CommitLimit:     9202292 kB
Committed_AS:   67496772 kB
VmallocTotal:   263061440 kB
VmallocUsed:      104008 kB
