MemTotal:       12113140 kB
MemFree:         6859192 kB
MemAvailable:    8227944 kB
Buffers:            5544 kB
Cached:          1628084 kB
SwapCached:            0 kB
Active:          1330044 kB
Inactive:        1425852 kB
Active(anon):    1128936 kB
Inactive(anon):    20028 kB
Active(file):     201108 kB
Inactive(file):  1405824 kB
Unevictable:        5556 kB
Mlocked:            5556 kB
SwapTotal:       3145724 kB
SwapFree:        3145724 kB
Dirty:               168 kB
Writeback:             0 kB
AnonPages:       1127892 kB
Mapped:           817292 kB
Shmem:             22176 kB
KReclaimable:     630524 kB
Slab:             206308 kB
SReclaimable:      67664 kB
SUnreclaim:       138644 kB
KernelStack:       42848 kB
PageTables:        58532 kB
NFS_Unstable:          0 kB
Bounce:                0 kB
WritebackTmp:          0 kB
CommitLimit:     9202292 kB
Committed_AS:   61807988 kB
VmallocTotal:   263061440 kB
VmallocUsed:       99752 kB
VmallocChunk:          0 kB
Percpu:             7616 kB
CmaTotal:         294912 kB
CmaFree:               0 kB
MemTotal:       12113140 kB
MemFree:         6855472 kB
MemAvailable:    8224224 kB
Buffers:            5544 kB
Cached:          1628084 kB
SwapCached:            0 kB
Active:          1332744 kB
Inactive:        1425852 kB
Active(anon):    1131636 kB
Inactive(anon):    20028 kB
Active(file):     201108 kB
Inactive(file):  1405824 kB
Unevictable:        5556 kB
Mlocked:            5556 kB
SwapTotal:       3145724 kB
SwapFree:        3145724 kB
Dirty:               172 kB
Writeback:             0 kB
AnonPages:       1130532 kB
Mapped:           814796 kB
Shmem:             22176 kB
KReclaimable:     630524 kB
Slab:             206304 kB
SReclaimable:      67664 kB
SUnreclaim:       138640 kB
KernelStack:       42852 kB
PageTables:        58384 kB
NFS_Unstable:          0 kB
Bounce:                0 kB
WritebackTmp:          0 kB
CommitLimit:     9202292 kB
Committed_AS:   61817184 kB
VmallocTotal:   263061440 kB
VmallocUsed:       99800 kB
VmallocChunk:          0 kB
Percpu:             7616 kB
CmaTotal:         294912 kB
CmaFree:               0 kB
MemTotal:       12113140 kB
MemFree:         6855504 kB
MemAvailable:    8224256 kB
Buffers:            5544 kB
Cached:          1628084 kB
SwapCached:            0 kB
Active:          1332844 kB
Inactive:        1425852 kB
Active(anon):    1131736 kB
Inactive(anon):    20028 kB
Active(file):     201108 kB
Inactive(file):  1405824 kB
Unevictable:        5556 kB
Mlocked:            5556 kB
SwapTotal:       3145724 kB
SwapFree:        3145724 kB
Dirty:               172 kB
Writeback:             0 kB
AnonPages:       1130500 kB
Mapped:           814748 kB
Shmem:             22176 kB
KReclaimable:     630524 kB
Slab:             206300 kB
SReclaimable:      67664 kB
SUnreclaim:       138636 kB
KernelStack:       42864 kB
PageTables:        58568 kB
NFS_Unstable:          0 kB
Bounce:                0 kB
WritebackTmp:          0 kB
CommitLimit:     9202292 kB
Committed_AS:   61816788 kB
VmallocTotal:   263061440 kB
VmallocUsed:       99800 kB
VmallocChunk:          0 kB
Percpu:             7616 kB
CmaTotal:         294912 kB
CmaFree:               0 kB
MemTotal:       12113140 kB
MemFree:         6854660 kB
MemAvailable:    8223412 kB
Buffers:            5544 kB
Cached:          1628084 kB
SwapCached:            0 kB
Active:          1333248 kB
Inactive:        1425852 kB
Active(anon):    1132140 kB
Inactive(anon):    20028 kB
Active(file):     201108 kB
Inactive(file):  1405824 kB
Unevictable:        5556 kB
Mlocked:            5556 kB
SwapTotal:       3145724 kB
SwapFree:        3145724 kB
Dirty:               172 kB
Writeback:             0 kB
AnonPages:       1131016 kB
Mapped:           814800 kB
Shmem:             22176 kB
KReclaimable:     630524 kB
Slab:             206300 kB
SReclaimable:      67664 kB
SUnreclaim:       138636 kB
KernelStack:       42836 kB
PageTables:        58396 kB
NFS_Unstable:          0 kB
Bounce:                0 kB
WritebackTmp:          0 kB
CommitLimit:     9202292 kB
Committed_AS:   61816780 kB
VmallocTotal:   263061440 kB
VmallocUsed:       99816 kB
VmallocChunk:          0 kB
Percpu:             7616 kB
CmaTotal:         294912 kB
CmaFree:               0 kB
MemTotal:       12113140 kB
MemFree:         6854092 kB
MemAvailable:    8222844 kB
Buffers:            5544 kB
Cached:          1628084 kB
SwapCached:            0 kB
Active:          1333408 kB
Inactive:        1425852 kB
Active(anon):    1132300 kB
Inactive(anon):    20028 kB
Active(file):     201108 kB
Inactive(file):  1405824 kB
Unevictable:        5556 kB
Mlocked:            5556 kB
SwapTotal:       3145724 kB
SwapFree:        3145724 kB
Dirty:               176 kB
Writeback:             0 kB
AnonPages:       1131392 kB
Mapped:           814944 kB
Shmem:             22176 kB
KReclaimable:     630524 kB
Slab:             206304 kB
SReclaimable:      67664 kB
SUnreclaim:       138640 kB
KernelStack:       42900 kB
PageTables:        58508 kB
NFS_Unstable:          0 kB
Bounce:                0 kB
WritebackTmp:          0 kB
CommitLimit:     9202292 kB
Committed_AS:   61816604 kB
VmallocTotal:   263061440 kB
VmallocUsed:       99816 kB
VmallocChunk:          0 kB
Percpu:             7616 kB
CmaTotal:         294912 kB
CmaFree:               0 kB
MemTotal:       12113140 kB
MemFree:         6854372 kB
MemAvailable:    8223132 kB
Buffers:            5544 kB
Cached:          1628100 kB
SwapCached:            0 kB
Active:          1334036 kB
Inactive:        1425868 kB
Active(anon):    1132928 kB
Inactive(anon):    20036 kB
Active(file):     201108 kB
Inactive(file):  1405832 kB
Unevictable:        5556 kB
Mlocked:            5556 kB
SwapTotal:       3145724 kB
SwapFree:        3145724 kB
Dirty:               200 kB
Writeback:             0 kB
AnonPages:       1132048 kB
Mapped:           814936 kB
Shmem:             22184 kB
KReclaimable:     630524 kB
Slab:             206304 kB
SReclaimable:      67664 kB
SUnreclaim:       138640 kB
KernelStack:       42832 kB
PageTables:        58500 kB
NFS_Unstable:          0 kB
Bounce:                0 kB
WritebackTmp:          0 kB
CommitLimit:     9202292 kB
Committed_AS:   61816296 kB
VmallocTotal:   263061440 kB
VmallocUsed:       99816 kB
VmallocChunk:          0 kB
Percpu:             7616 kB
CmaTotal:         294912 kB
CmaFree:               0 kB
MemTotal:       12113140 kB
MemFree:         6853932 kB
MemAvailable:    8222676 kB
Buffers:            5544 kB
Cached:          1628084 kB
SwapCached:            0 kB
Active:          1334692 kB
Inactive:        1425856 kB
Active(anon):    1133588 kB
Inactive(anon):    20036 kB
Active(file):     201104 kB
Inactive(file):  1405820 kB
Unevictable:        5556 kB
Mlocked:            5556 kB
SwapTotal:       3145724 kB
SwapFree:        3145724 kB
Dirty:               196 kB
Writeback:             0 kB
AnonPages:       1132264 kB
Mapped:           814760 kB
Shmem:             22184 kB
KReclaimable:     630524 kB
Slab:             206304 kB
SReclaimable:      67664 kB
SUnreclaim:       138640 kB
KernelStack:       42864 kB
PageTables:        58572 kB
NFS_Unstable:          0 kB
Bounce:                0 kB
WritebackTmp:          0 kB
CommitLimit:     9202292 kB
Committed_AS:   61816040 kB
VmallocTotal:   263061440 kB
VmallocUsed:       99816 kB
VmallocChunk:          0 kB
Percpu:             7616 kB
CmaTotal:         294912 kB
CmaFree:               0 kB
MemTotal:       12113140 kB
MemFree:         6853144 kB
MemAvailable:    8221912 kB
Buffers:            5544 kB
Cached:          1628108 kB
SwapCached:            0 kB
Active:          1335244 kB
Inactive:        1425872 kB
Active(anon):    1134132 kB
Inactive(anon):    20036 kB
Active(file):     201112 kB
Inactive(file):  1405836 kB
Unevictable:        5556 kB
Mlocked:            5556 kB
SwapTotal:       3145724 kB
SwapFree:        3145724 kB
Dirty:               112 kB
Writeback:             0 kB
AnonPages:       1133112 kB
Mapped:           814680 kB
Shmem:             22184 kB
KReclaimable:     630524 kB
Slab:             206304 kB
SReclaimable:      67664 kB
SUnreclaim:       138640 kB
KernelStack:       42848 kB
PageTables:        58504 kB
NFS_Unstable:          0 kB
Bounce:                0 kB
WritebackTmp:          0 kB
CommitLimit:     9202292 kB
Committed_AS:   61815644 kB
VmallocTotal:   263061440 kB
VmallocUsed:       99816 kB
VmallocChunk:          0 kB
Percpu:             7616 kB
CmaTotal:         294912 kB
CmaFree:               0 kB
MemTotal:       12113140 kB
MemFree:         6852484 kB
MemAvailable:    8221252 kB
Buffers:            5544 kB
Cached:          1628108 kB
SwapCached:            0 kB
Active:          1335236 kB
Inactive:        1425872 kB
Active(anon):    1134124 kB
Inactive(anon):    20036 kB
Active(file):     201112 kB
Inactive(file):  1405836 kB
Unevictable:        5556 kB
Mlocked:            5556 kB
SwapTotal:       3145724 kB
SwapFree:        3145724 kB
Dirty:               116 kB
Writeback:             0 kB
AnonPages:       1133164 kB
Mapped:           814952 kB
Shmem:             22184 kB
KReclaimable:     630524 kB
Slab:             206304 kB
SReclaimable:      67664 kB
SUnreclaim:       138640 kB
KernelStack:       42916 kB
PageTables:        58512 kB
NFS_Unstable:          0 kB
Bounce:                0 kB
WritebackTmp:          0 kB
CommitLimit:     9202292 kB
Committed_AS:   61816596 kB
VmallocTotal:   263061440 kB
VmallocUsed:       99816 kB
VmallocChunk:          0 kB
Percpu:             7616 kB
CmaTotal:         294912 kB
CmaFree:               0 kB
MemTotal:       12113140 kB
MemFree:         6851444 kB
MemAvailable:    8220212 kB
Buffers:            5544 kB
Cached:          1628108 kB
SwapCached:            0 kB
Active:          1335916 kB
Inactive:        1425872 kB
Active(anon):    1134804 kB
Inactive(anon):    20036 kB
Active(file):     201112 kB
Inactive(file):  1405836 kB
Unevictable:        5556 kB
Mlocked:            5556 kB
SwapTotal:       3145724 kB
SwapFree:        3145724 kB
Dirty:               116 kB
Writeback:             0 kB
AnonPages:       1133680 kB
Mapped:           814872 kB
Shmem:             22184 kB
KReclaimable:     630524 kB
Slab:             206308 kB
SReclaimable:      67664 kB
SUnreclaim:       138644 kB
KernelStack:       42864 kB
PageTables:        58452 kB
NFS_Unstable:          0 kB
Bounce:                0 kB
WritebackTmp:          0 kB
CommitLimit:     9202292 kB
Committed_AS:   61816200 kB
VmallocTotal:   263061440 kB
VmallocUsed:       99816 kB
VmallocChunk:          0 kB
Percpu:             7616 kB
CmaTotal:         294912 kB
CmaFree:               0 kB
MemTotal:       12113140 kB
MemFree:         6851348 kB
MemAvailable:    8220124 kB
Buffers:            5552 kB
Cached:          1628108 kB
SwapCached:            0 kB
Active:          1336324 kB
Inactive:        1425876 kB
Active(anon):    1135208 kB
Inactive(anon):    20036 kB
Active(file):     201116 kB
Inactive(file):  1405840 kB
Unevictable:        5556 kB
Mlocked:            5556 kB
SwapTotal:       3145724 kB
SwapFree:        3145724 kB
Dirty:               128 kB
Writeback:             0 kB
AnonPages:       1134052 kB
Mapped:           815016 kB
Shmem:             22184 kB
KReclaimable:     630524 kB
Slab:             206300 kB
SReclaimable:      67664 kB
SUnreclaim:       138636 kB
KernelStack:       42880 kB
PageTables:        58568 kB
NFS_Unstable:          0 kB
Bounce:                0 kB
WritebackTmp:          0 kB
CommitLimit:     9202292 kB
Committed_AS:   61815944 kB
VmallocTotal:   263061440 kB
VmallocUsed:       99832 kB
VmallocChunk:          0 kB
Percpu:             7616 kB
CmaTotal:         294912 kB
CmaFree:               0 kB
MemTotal:       12113140 kB
MemFree:         6852244 kB
MemAvailable:    8221032 kB
Buffers:            5552 kB
Cached:          1628120 kB
SwapCached:            0 kB
Active:          1336416 kB
Inactive:        1425884 kB
Active(anon):    1135296 kB
Inactive(anon):    20036 kB
Active(file):     201120 kB
Inactive(file):  1405848 kB
Unevictable:        5556 kB
Mlocked:            5556 kB
SwapTotal:       3145724 kB
SwapFree:        3145724 kB
Dirty:               116 kB
Writeback:             0 kB
AnonPages:       1134324 kB
Mapped:           814836 kB
Shmem:             22184 kB
KReclaimable:     630524 kB
Slab:             206300 kB
SReclaimable:      67664 kB
SUnreclaim:       138636 kB
KernelStack:       42860 kB
PageTables:        58548 kB
NFS_Unstable:          0 kB
Bounce:                0 kB
WritebackTmp:          0 kB
CommitLimit:     9202292 kB
Committed_AS:   61815592 kB
VmallocTotal:   263061440 kB
VmallocUsed:       99784 kB
VmallocChunk:          0 kB
Percpu:             7616 kB
CmaTotal:         294912 kB
CmaFree:               0 kB
MemTotal:       12113140 kB
MemFree:         6851652 kB
MemAvailable:    8220440 kB
Buffers:            5552 kB
Cached:          1628128 kB
SwapCached:            0 kB
Active:          1336440 kB
Inactive:        1425892 kB
Active(anon):    1135320 kB
Inactive(anon):    20044 kB
Active(file):     201120 kB
Inactive(file):  1405848 kB
Unevictable:        5556 kB
Mlocked:            5556 kB
SwapTotal:       3145724 kB
SwapFree:        3145724 kB
Dirty:               132 kB
Writeback:             0 kB
AnonPages:       1134476 kB
Mapped:           814668 kB
Shmem:             22192 kB
KReclaimable:     630524 kB
Slab:             206308 kB
SReclaimable:      67664 kB
SUnreclaim:       138644 kB
KernelStack:       42880 kB
PageTables:        58868 kB
NFS_Unstable:          0 kB
Bounce:                0 kB
WritebackTmp:          0 kB
CommitLimit:     9202292 kB
Committed_AS:   61817316 kB
VmallocTotal:   263061440 kB
VmallocUsed:       99800 kB
VmallocChunk:          0 kB
Percpu:             7616 kB
CmaTotal:         294912 kB
CmaFree:               0 kB
MemTotal:       12113140 kB
MemFree:         6850784 kB
MemAvailable:    8219572 kB
Buffers:            5552 kB
Cached:          1628144 kB
SwapCached:            0 kB
Active:          1337180 kB
Inactive:        1425908 kB
Active(anon):    1136060 kB
Inactive(anon):    20060 kB
Active(file):     201120 kB
Inactive(file):  1405848 kB
Unevictable:        5556 kB
Mlocked:            5556 kB
SwapTotal:       3145724 kB
SwapFree:        3145724 kB
Dirty:               132 kB
Writeback:             0 kB
AnonPages:       1135228 kB
Mapped:           814956 kB
Shmem:             22208 kB
KReclaimable:     630524 kB
Slab:             206312 kB
SReclaimable:      67664 kB
SUnreclaim:       138648 kB
KernelStack:       42848 kB
PageTables:        58496 kB
NFS_Unstable:          0 kB
Bounce:                0 kB
WritebackTmp:          0 kB
CommitLimit:     9202292 kB
Committed_AS:   61816736 kB
VmallocTotal:   263061440 kB
VmallocUsed:       99800 kB
VmallocChunk:          0 kB
Percpu:             7616 kB
CmaTotal:         294912 kB
CmaFree:               0 kB
MemTotal:       12113140 kB
MemFree:         6849744 kB
MemAvailable:    8218532 kB
Buffers:            5552 kB
Cached:          1628144 kB
SwapCached:            0 kB
Active:          1337256 kB
Inactive:        1425908 kB
Active(anon):    1136136 kB
Inactive(anon):    20060 kB
Active(file):     201120 kB
Inactive(file):  1405848 kB
Unevictable:        5556 kB
Mlocked:            5556 kB
SwapTotal:       3145724 kB
SwapFree:        3145724 kB
Dirty:               132 kB
Writeback:             0 kB
AnonPages:       1134996 kB
Mapped:           814708 kB
Shmem:             22208 kB
KReclaimable:     630524 kB
Slab:             206312 kB
SReclaimable:      67664 kB
SUnreclaim:       138648 kB
KernelStack:       42912 kB
PageTables:        58508 kB
NFS_Unstable:          0 kB
Bounce:                0 kB
WritebackTmp:          0 kB
CommitLimit:     9202292 kB
Committed_AS:   61811268 kB
VmallocTotal:   263061440 kB
VmallocUsed:       99768 kB
VmallocChunk:          0 kB
Percpu:             7616 kB
CmaTotal:         294912 kB
CmaFree:               0 kB
MemTotal:       12113140 kB
MemFree:         6849520 kB
MemAvailable:    8218308 kB
Buffers:            5552 kB
Cached:          1628144 kB
SwapCached:            0 kB
Active:          1338304 kB
Inactive:        1425908 kB
Active(anon):    1137184 kB
Inactive(anon):    20060 kB
Active(file):     201120 kB
Inactive(file):  1405848 kB
Unevictable:        5556 kB
Mlocked:            5556 kB
SwapTotal:       3145724 kB
SwapFree:        3145724 kB
Dirty:               132 kB
Writeback:             0 kB
AnonPages:       1135736 kB
Mapped:           815104 kB
Shmem:             22208 kB
KReclaimable:     630524 kB
Slab:             206312 kB
SReclaimable:      67664 kB
SUnreclaim:       138648 kB
KernelStack:       42896 kB
PageTables:        58632 kB
NFS_Unstable:          0 kB
Bounce:                0 kB
WritebackTmp:          0 kB
CommitLimit:     9202292 kB
Committed_AS:   61816540 kB
VmallocTotal:   263061440 kB
VmallocUsed:       99800 kB
VmallocChunk:          0 kB
Percpu:             7616 kB
CmaTotal:         294912 kB
CmaFree:               0 kB
MemTotal:       12113140 kB
MemFree:         6877644 kB
MemAvailable:    8250256 kB
Buffers:            5552 kB
Cached:          1628148 kB
SwapCached:            0 kB
Active:          1316468 kB
Inactive:        1421100 kB
Active(anon):    1110540 kB
Inactive(anon):    20036 kB
Active(file):     205928 kB
Inactive(file):  1401064 kB
Unevictable:        5556 kB
Mlocked:            5556 kB
SwapTotal:       3145724 kB
SwapFree:        3145724 kB
Dirty:               140 kB
Writeback:             0 kB
AnonPages:       1109176 kB
Mapped:           809452 kB
Shmem:             22188 kB
KReclaimable:     634324 kB
Slab:             205628 kB
SReclaimable:      67664 kB
SUnreclaim:       137964 kB
KernelStack:       42152 kB
PageTables:        56568 kB
NFS_Unstable:          0 kB
Bounce:                0 kB
WritebackTmp:          0 kB
CommitLimit:     9202292 kB
Committed_AS:   57823932 kB
VmallocTotal:   263061440 kB
VmallocUsed:       98992 kB
VmallocChunk:          0 kB
Percpu:             7616 kB
CmaTotal:         294912 kB
CmaFree:            3288 kB
MemTotal:       12113140 kB
MemFree:         6877336 kB
MemAvailable:    8249920 kB
Buffers:            5552 kB
Cached:          1628068 kB
SwapCached:            0 kB
Active:          1317128 kB
Inactive:        1420756 kB
Active(anon):    1110940 kB
Inactive(anon):    19956 kB
Active(file):     206188 kB
Inactive(file):  1400800 kB
Unevictable:        5556 kB
Mlocked:            5556 kB
SwapTotal:       3145724 kB
SwapFree:        3145724 kB
Dirty:                56 kB
Writeback:             0 kB
AnonPages:       1109932 kB
Mapped:           809296 kB
Shmem:             22112 kB
KReclaimable:     634300 kB
Slab:             205284 kB
SReclaimable:      67640 kB
SUnreclaim:       137644 kB
KernelStack:       42032 kB
PageTables:        56516 kB
NFS_Unstable:          0 kB
Bounce:                0 kB
WritebackTmp:          0 kB
CommitLimit:     9202292 kB
Committed_AS:   57825060 kB
VmallocTotal:   263061440 kB
VmallocUsed:       98992 kB
VmallocChunk:          0 kB
Percpu:             7616 kB
CmaTotal:         294912 kB
CmaFree:            2240 kB
MemTotal:       12113140 kB
MemFree:         6877084 kB
MemAvailable:    8249668 kB
Buffers:            5552 kB
Cached:          1628068 kB
SwapCached:            0 kB
Active:          1317456 kB
Inactive:        1420756 kB
Active(anon):    1111268 kB
Inactive(anon):    19956 kB
Active(file):     206188 kB
Inactive(file):  1400800 kB
Unevictable:        5556 kB
Mlocked:            5556 kB
SwapTotal:       3145724 kB
SwapFree:        3145724 kB
Dirty:                56 kB
Writeback:             0 kB
AnonPages:       1110368 kB
Mapped:           809308 kB
Shmem:             22112 kB
KReclaimable:     634300 kB
Slab:             205284 kB
SReclaimable:      67640 kB
SUnreclaim:       137644 kB
KernelStack:       42032 kB
PageTables:        56220 kB
NFS_Unstable:          0 kB
Bounce:                0 kB
WritebackTmp:          0 kB
CommitLimit:     9202292 kB
Committed_AS:   57825016 kB
VmallocTotal:   263061440 kB
VmallocUsed:       98976 kB
VmallocChunk:          0 kB
Percpu:             7616 kB
CmaTotal:         294912 kB
CmaFree:            1996 kB
MemTotal:       12113140 kB
MemFree:         6876528 kB
MemAvailable:    8249104 kB
Buffers:            5552 kB
Cached:          1628060 kB
SwapCached:            0 kB
Active:          1317584 kB
Inactive:        1420752 kB
Active(anon):    1111400 kB
Inactive(anon):    19956 kB
Active(file):     206184 kB
Inactive(file):  1400796 kB
Unevictable:        5556 kB
Mlocked:            5556 kB
SwapTotal:       3145724 kB
SwapFree:        3145724 kB
Dirty:                48 kB
Writeback:             0 kB
AnonPages:       1110212 kB
Mapped:           809524 kB
Shmem:             22112 kB
KReclaimable:     634300 kB
Slab:             205288 kB
SReclaimable:      67640 kB
SUnreclaim:       137648 kB
KernelStack:       42032 kB
PageTables:        56288 kB
NFS_Unstable:          0 kB
Bounce:                0 kB
WritebackTmp:          0 kB
CommitLimit:     9202292 kB
Committed_AS:   57824760 kB
VmallocTotal:   263061440 kB
VmallocUsed:       98960 kB
VmallocChunk:          0 kB
Percpu:             7616 kB
CmaTotal:         294912 kB
CmaFree:            1588 kB
MemTotal:       12113140 kB
MemFree:         6876360 kB
MemAvailable:    8248944 kB
Buffers:            5552 kB
Cached:          1628068 kB
SwapCached:            0 kB
Active:          1318424 kB
Inactive:        1420756 kB
Active(anon):    1112236 kB
Inactive(anon):    19956 kB
Active(file):     206188 kB
Inactive(file):  1400800 kB
Unevictable:        5556 kB
Mlocked:            5556 kB
SwapTotal:       3145724 kB
SwapFree:        3145724 kB
Dirty:                72 kB
Writeback:             0 kB
AnonPages:       1111104 kB
Mapped:           809532 kB
Shmem:             22112 kB
KReclaimable:     634300 kB
Slab:             205288 kB
SReclaimable:      67640 kB
SUnreclaim:       137648 kB
KernelStack:       42032 kB
PageTables:        56296 kB
NFS_Unstable:          0 kB
Bounce:                0 kB
WritebackTmp:          0 kB
CommitLimit:     9202292 kB
Committed_AS:   57824680 kB
VmallocTotal:   263061440 kB
VmallocUsed:       98976 kB
VmallocChunk:          0 kB
Percpu:             7616 kB
CmaTotal:         294912 kB
CmaFree:             732 kB
MemTotal:       12113140 kB
MemFree:         6876072 kB
MemAvailable:    8248944 kB
Buffers:            5552 kB
Cached:          1628068 kB
SwapCached:            0 kB
Active:          1318692 kB
Inactive:        1420756 kB
Active(anon):    1112504 kB
Inactive(anon):    19956 kB
Active(file):     206188 kB
Inactive(file):  1400800 kB
Unevictable:        5556 kB
Mlocked:            5556 kB
SwapTotal:       3145724 kB
SwapFree:        3145724 kB
Dirty:               136 kB
Writeback:             0 kB
AnonPages:       1111820 kB
Mapped:           809600 kB
Shmem:             22112 kB
KReclaimable:     634300 kB
Slab:             205272 kB
SReclaimable:      67640 kB
SUnreclaim:       137632 kB
KernelStack:       42080 kB
PageTables:        56356 kB
NFS_Unstable:          0 kB
Bounce:                0 kB
WritebackTmp:          0 kB
CommitLimit:     9202292 kB
Committed_AS:   57824460 kB
VmallocTotal:   263061440 kB
VmallocUsed:       98960 kB
VmallocChunk:          0 kB
Percpu:             7616 kB
CmaTotal:         294912 kB
CmaFree:               0 kB
MemTotal:       12113140 kB
MemFree:         6875480 kB
MemAvailable:    8248056 kB
Buffers:            5552 kB
Cached:          1628064 kB
SwapCached:            0 kB
Active:          1319368 kB
Inactive:        1420756 kB
Active(anon):    1113184 kB
Inactive(anon):    19960 kB
Active(file):     206184 kB
Inactive(file):  1400796 kB
Unevictable:        5556 kB
Mlocked:            5556 kB
SwapTotal:       3145724 kB
SwapFree:        3145724 kB
Dirty:               136 kB
Writeback:             0 kB
AnonPages:       1111700 kB
Mapped:           809464 kB
Shmem:             22116 kB
KReclaimable:     634300 kB
Slab:             205288 kB
SReclaimable:      67640 kB
SUnreclaim:       137648 kB
KernelStack:       42100 kB
PageTables:        56364 kB
NFS_Unstable:          0 kB
Bounce:                0 kB
WritebackTmp:          0 kB
CommitLimit:     9202292 kB
Committed_AS:   57818828 kB
VmallocTotal:   263061440 kB
VmallocUsed:       98960 kB
VmallocChunk:          0 kB
Percpu:             7616 kB
CmaTotal:         294912 kB
CmaFree:               0 kB
MemTotal:       12113140 kB
MemFree:         6875828 kB
MemAvailable:    8248412 kB
Buffers:            5552 kB
Cached:          1628072 kB
SwapCached:            0 kB
Active:          1319944 kB
Inactive:        1420760 kB
Active(anon):    1113756 kB
Inactive(anon):    19960 kB
Active(file):     206188 kB
Inactive(file):  1400800 kB
Unevictable:        5556 kB
Mlocked:            5556 kB
SwapTotal:       3145724 kB
SwapFree:        3145724 kB
Dirty:                72 kB
Writeback:             0 kB
AnonPages:       1112404 kB
Mapped:           809276 kB
Shmem:             22116 kB
KReclaimable:     634300 kB
Slab:             205292 kB
SReclaimable:      67640 kB
SUnreclaim:       137652 kB
KernelStack:       42064 kB
PageTables:        56300 kB
NFS_Unstable:          0 kB
Bounce:                0 kB
WritebackTmp:          0 kB
CommitLimit:     9202292 kB
Committed_AS:   57818432 kB
VmallocTotal:   263061440 kB
VmallocUsed:       98928 kB
VmallocChunk:          0 kB
Percpu:             7616 kB
CmaTotal:         294912 kB
CmaFree:               0 kB
MemTotal:       12113140 kB
MemFree:         6875260 kB
MemAvailable:    8247844 kB
Buffers:            5552 kB
Cached:          1628072 kB
SwapCached:            0 kB
Active:          1320256 kB
Inactive:        1420760 kB
Active(anon):    1114068 kB
Inactive(anon):    19960 kB
Active(file):     206188 kB
Inactive(file):  1400800 kB
Unevictable:        5556 kB
Mlocked:            5556 kB
SwapTotal:       3145724 kB
SwapFree:        3145724 kB
Dirty:               108 kB
Writeback:             0 kB
AnonPages:       1113120 kB
Mapped:           809532 kB
Shmem:             22116 kB
KReclaimable:     634300 kB
Slab:             205292 kB
SReclaimable:      67640 kB
SUnreclaim:       137652 kB
KernelStack:       42032 kB
PageTables:        56296 kB
NFS_Unstable:          0 kB
Bounce:                0 kB
WritebackTmp:          0 kB
CommitLimit:     9202292 kB
Committed_AS:   57818784 kB
VmallocTotal:   263061440 kB
VmallocUsed:       98944 kB
VmallocChunk:          0 kB
Percpu:             7616 kB
CmaTotal:         294912 kB
CmaFree:               0 kB
MemTotal:       12113140 kB
MemFree:         6874752 kB
MemAvailable:    8247348 kB
Buffers:            5560 kB
Cached:          1628072 kB
SwapCached:            0 kB
Active:          1320536 kB
Inactive:        1420764 kB
Active(anon):    1114344 kB
Inactive(anon):    19960 kB
Active(file):     206192 kB
Inactive(file):  1400804 kB
Unevictable:        5556 kB
Mlocked:            5556 kB
SwapTotal:       3145724 kB
SwapFree:        3145724 kB
Dirty:               100 kB
Writeback:             0 kB
AnonPages:       1113508 kB
Mapped:           809348 kB
Shmem:             22116 kB
KReclaimable:     634304 kB
Slab:             205296 kB
SReclaimable:      67644 kB
SUnreclaim:       137652 kB
KernelStack:       42064 kB
PageTables:        56360 kB
NFS_Unstable:          0 kB
Bounce:                0 kB
WritebackTmp:          0 kB
CommitLimit:     9202292 kB
Committed_AS:   57818696 kB
VmallocTotal:   263061440 kB
VmallocUsed:       98944 kB
VmallocChunk:          0 kB
Percpu:             7616 kB
CmaTotal:         294912 kB
CmaFree:               0 kB
MemTotal:       12113140 kB
MemFree:         6875560 kB
MemAvailable:    8248160 kB
Buffers:            5560 kB
Cached:          1628080 kB
SwapCached:            0 kB
Active:          1321040 kB
Inactive:        1420768 kB
Active(anon):    1114848 kB
Inactive(anon):    19960 kB
Active(file):     206192 kB
Inactive(file):  1400808 kB
Unevictable:        5556 kB
Mlocked:            5556 kB
SwapTotal:       3145724 kB
SwapFree:        3145724 kB
Dirty:                96 kB
Writeback:             0 kB
AnonPages:       1114020 kB
Mapped:           809516 kB
Shmem:             22116 kB
KReclaimable:     634304 kB
Slab:             205304 kB
SReclaimable:      67644 kB
SUnreclaim:       137660 kB
KernelStack:       42048 kB
PageTables:        56220 kB
NFS_Unstable:          0 kB
Bounce:                0 kB
WritebackTmp:          0 kB
CommitLimit:     9202292 kB
Committed_AS:   57818980 kB
VmallocTotal:   263061440 kB
VmallocUsed:       98960 kB
VmallocChunk:          0 kB
Percpu:             7616 kB
CmaTotal:         294912 kB
CmaFree:               0 kB
MemTotal:       12113140 kB
MemFree:         6875216 kB
MemAvailable:    8247816 kB
Buffers:            5560 kB
Cached:          1628080 kB
SwapCached:            0 kB
Active:          1321404 kB
Inactive:        1420768 kB
Active(anon):    1115212 kB
Inactive(anon):    19960 kB
Active(file):     206192 kB
Inactive(file):  1400808 kB
Unevictable:        5556 kB
Mlocked:            5556 kB
SwapTotal:       3145724 kB
SwapFree:        3145724 kB
Dirty:                96 kB
Writeback:             0 kB
AnonPages:       1114316 kB
Mapped:           809272 kB
Shmem:             22116 kB
KReclaimable:     634304 kB
Slab:             205300 kB
SReclaimable:      67644 kB
SUnreclaim:       137656 kB
KernelStack:       42064 kB
PageTables:        56296 kB
NFS_Unstable:          0 kB
Bounce:                0 kB
WritebackTmp:          0 kB
CommitLimit:     9202292 kB
Committed_AS:   57818672 kB
VmallocTotal:   263061440 kB
VmallocUsed:       98960 kB
VmallocChunk:          0 kB
Percpu:             7616 kB
CmaTotal:         294912 kB
CmaFree:               0 kB
MemTotal:       12113140 kB
MemFree:         6874848 kB
MemAvailable:    8247452 kB
Buffers:            5560 kB
Cached:          1628080 kB
SwapCached:            0 kB
Active:          1321988 kB
Inactive:        1420768 kB
Active(anon):    1115792 kB
Inactive(anon):    19960 kB
Active(file):     206196 kB
Inactive(file):  1400808 kB
Unevictable:        5556 kB
Mlocked:            5556 kB
SwapTotal:       3145724 kB
SwapFree:        3145724 kB
Dirty:                60 kB
Writeback:             0 kB
AnonPages:       1114688 kB
Mapped:           809272 kB
Shmem:             22116 kB
KReclaimable:     634304 kB
Slab:             205300 kB
SReclaimable:      67644 kB
SUnreclaim:       137656 kB
KernelStack:       42032 kB
PageTables:        56296 kB
NFS_Unstable:          0 kB
Bounce:                0 kB
WritebackTmp:          0 kB
CommitLimit:     9202292 kB
Committed_AS:   57818444 kB
VmallocTotal:   263061440 kB
VmallocUsed:       98960 kB
VmallocChunk:          0 kB
Percpu:             7616 kB
CmaTotal:         294912 kB
CmaFree:               0 kB
MemTotal:       12113140 kB
MemFree:         6873980 kB
MemAvailable:    8246584 kB
Buffers:            5560 kB
Cached:          1628080 kB
SwapCached:            0 kB
Active:          1322288 kB
Inactive:        1420768 kB
Active(anon):    1116092 kB
Inactive(anon):    19960 kB
Active(file):     206196 kB
Inactive(file):  1400808 kB
Unevictable:        5556 kB
Mlocked:            5556 kB
SwapTotal:       3145724 kB
SwapFree:        3145724 kB
Dirty:                60 kB
Writeback:             0 kB
AnonPages:       1115220 kB
Mapped:           809540 kB
Shmem:             22116 kB
KReclaimable:     634304 kB
Slab:             205300 kB
SReclaimable:      67644 kB
SUnreclaim:       137656 kB
KernelStack:       42080 kB
PageTables:        56360 kB
NFS_Unstable:          0 kB
Bounce:                0 kB
WritebackTmp:          0 kB
CommitLimit:     9202292 kB
Committed_AS:   57820628 kB
VmallocTotal:   263061440 kB
VmallocUsed:       98960 kB
VmallocChunk:          0 kB
Percpu:             7616 kB
CmaTotal:         294912 kB
CmaFree:               0 kB
MemTotal:       12113140 kB
MemFree:         6874268 kB
MemAvailable:    8246872 kB
Buffers:            5560 kB
Cached:          1628080 kB
SwapCached:            0 kB
Active:          1323060 kB
Inactive:        1420768 kB
Active(anon):    1116864 kB
Inactive(anon):    19960 kB
Active(file):     206196 kB
Inactive(file):  1400808 kB
Unevictable:        5556 kB
Mlocked:            5556 kB
SwapTotal:       3145724 kB
SwapFree:        3145724 kB
Dirty:                60 kB
Writeback:             0 kB
AnonPages:       1115952 kB
Mapped:           809528 kB
Shmem:             22116 kB
KReclaimable:     634304 kB
Slab:             205308 kB
SReclaimable:      67644 kB
SUnreclaim:       137664 kB
KernelStack:       42032 kB
PageTables:        56292 kB
NFS_Unstable:          0 kB
Bounce:                0 kB
WritebackTmp:          0 kB
CommitLimit:     9202292 kB
Committed_AS:   57820628 kB
VmallocTotal:   263061440 kB
VmallocUsed:       98960 kB
VmallocChunk:          0 kB
Percpu:             7616 kB
CmaTotal:         294912 kB
CmaFree:               0 kB
MemTotal:       12113140 kB
MemFree:         6884852 kB
MemAvailable:    8257464 kB
Buffers:            5560 kB
Cached:          1628088 kB
SwapCached:            0 kB
Active:          1310996 kB
Inactive:        1420772 kB
Active(anon):    1104796 kB
Inactive(anon):    19960 kB
Active(file):     206200 kB
Inactive(file):  1400812 kB
Unevictable:        5556 kB
Mlocked:            5556 kB
SwapTotal:       3145724 kB
SwapFree:        3145724 kB
Dirty:                60 kB
Writeback:             0 kB
AnonPages:       1103492 kB
Mapped:           809272 kB
Shmem:             22116 kB
KReclaimable:     634304 kB
Slab:             205304 kB
SReclaimable:      67644 kB
SUnreclaim:       137660 kB
KernelStack:       42048 kB
PageTables:        56296 kB
NFS_Unstable:          0 kB
Bounce:                0 kB
WritebackTmp:          0 kB
CommitLimit:     9202292 kB
Committed_AS:   57820792 kB
VmallocTotal:   263061440 kB
VmallocUsed:       98960 kB
VmallocChunk:          0 kB
Percpu:             7616 kB
CmaTotal:         294912 kB
CmaFree:            2572 kB
MemTotal:       12113140 kB
MemFree:         6884412 kB
MemAvailable:    8257008 kB
Buffers:            5560 kB
Cached:          1628072 kB
SwapCached:            0 kB
Active:          1311544 kB
Inactive:        1420764 kB
Active(anon):    1105352 kB
Inactive(anon):    19960 kB
Active(file):     206192 kB
Inactive(file):  1400804 kB
Unevictable:        5556 kB
Mlocked:            5556 kB
SwapTotal:       3145724 kB
SwapFree:        3145724 kB
Dirty:                56 kB
Writeback:             0 kB
AnonPages:       1104500 kB
Mapped:           809528 kB
Shmem:             22116 kB
KReclaimable:     634304 kB
Slab:             205304 kB
SReclaimable:      67644 kB
SUnreclaim:       137660 kB
KernelStack:       42048 kB
PageTables:        56292 kB
NFS_Unstable:          0 kB
Bounce:                0 kB
WritebackTmp:          0 kB
CommitLimit:     9202292 kB
Committed_AS:   57820396 kB
VmallocTotal:   263061440 kB
VmallocUsed:       98960 kB
VmallocChunk:          0 kB
Percpu:             7616 kB
CmaTotal:         294912 kB
CmaFree:             860 kB
MemTotal:       12113140 kB
MemFree:         6884036 kB
MemAvailable:    8256640 kB
Buffers:            5560 kB
Cached:          1628080 kB
SwapCached:            0 kB
Active:          1311664 kB
Inactive:        1420768 kB
Active(anon):    1105468 kB
Inactive(anon):    19960 kB
Active(file):     206196 kB
Inactive(file):  1400808 kB
Unevictable:        5556 kB
Mlocked:            5556 kB
SwapTotal:       3145724 kB
SwapFree:        3145724 kB
Dirty:                92 kB
Writeback:             0 kB
AnonPages:       1104648 kB
Mapped:           809264 kB
Shmem:             22116 kB
KReclaimable:     634304 kB
Slab:             205304 kB
SReclaimable:      67644 kB
SUnreclaim:       137660 kB
KernelStack:       42048 kB
PageTables:        56288 kB
NFS_Unstable:          0 kB
Bounce:                0 kB
WritebackTmp:          0 kB
CommitLimit:     9202292 kB
Committed_AS:   57820088 kB
VmallocTotal:   263061440 kB
VmallocUsed:       98944 kB
VmallocChunk:          0 kB
Percpu:             7616 kB
CmaTotal:         294912 kB
CmaFree:             772 kB
MemTotal:       12113140 kB
MemFree:         6882860 kB
MemAvailable:    8255472 kB
Buffers:            5560 kB
Cached:          1628088 kB
SwapCached:            0 kB
Active:          1312344 kB
Inactive:        1420772 kB
Active(anon):    1106144 kB
Inactive(anon):    19960 kB
Active(file):     206200 kB
Inactive(file):  1400812 kB
Unevictable:        5556 kB
Mlocked:            5556 kB
SwapTotal:       3145724 kB
SwapFree:        3145724 kB
Dirty:               100 kB
Writeback:             0 kB
AnonPages:       1105008 kB
Mapped:           809672 kB
Shmem:             22116 kB
KReclaimable:     634304 kB
Slab:             205304 kB
SReclaimable:      67644 kB
SUnreclaim:       137660 kB
KernelStack:       42096 kB
PageTables:        56536 kB
NFS_Unstable:          0 kB
Bounce:                0 kB
WritebackTmp:          0 kB
CommitLimit:     9202292 kB
Committed_AS:   57820044 kB
VmallocTotal:   263061440 kB
VmallocUsed:       98928 kB
VmallocChunk:          0 kB
Percpu:             7616 kB
CmaTotal:         294912 kB
CmaFree:               0 kB
MemTotal:       12113140 kB
MemFree:         6883384 kB
MemAvailable:    8255996 kB
Buffers:            5560 kB
Cached:          1628088 kB
SwapCached:            0 kB
Active:          1312716 kB
Inactive:        1420772 kB
Active(anon):    1106516 kB
Inactive(anon):    19960 kB
Active(file):     206200 kB
Inactive(file):  1400812 kB
Unevictable:        5556 kB
Mlocked:            5556 kB
SwapTotal:       3145724 kB
SwapFree:        3145724 kB
Dirty:               116 kB
Writeback:             0 kB
AnonPages:       1105596 kB
Mapped:           809516 kB
Shmem:             22116 kB
KReclaimable:     634304 kB
Slab:             205308 kB
SReclaimable:      67644 kB
SUnreclaim:       137664 kB
KernelStack:       42032 kB
PageTables:        56220 kB
NFS_Unstable:          0 kB
Bounce:                0 kB
WritebackTmp:          0 kB
CommitLimit:     9202292 kB
Committed_AS:   57820284 kB
VmallocTotal:   263061440 kB
VmallocUsed:       98944 kB
VmallocChunk:          0 kB
Percpu:             7616 kB
CmaTotal:         294912 kB
CmaFree:               0 kB
MemTotal:       12113140 kB
MemFree:         6882968 kB
MemAvailable:    8255576 kB
Buffers:            5560 kB
Cached:          1628084 kB
SwapCached:            0 kB
Active:          1313876 kB
Inactive:        1420772 kB
Active(anon):    1107680 kB
Inactive(anon):    19960 kB
Active(file):     206196 kB
Inactive(file):  1400812 kB
Unevictable:        5556 kB
Mlocked:            5556 kB
SwapTotal:       3145724 kB
SwapFree:        3145724 kB
Dirty:               124 kB
Writeback:             0 kB
AnonPages:       1106500 kB
Mapped:           809264 kB
Shmem:             22116 kB
KReclaimable:     634304 kB
Slab:             205316 kB
SReclaimable:      67644 kB
SUnreclaim:       137672 kB
KernelStack:       42080 kB
PageTables:        56292 kB
NFS_Unstable:          0 kB
Bounce:                0 kB
WritebackTmp:          0 kB
CommitLimit:     9202292 kB
Committed_AS:   57820856 kB
VmallocTotal:   263061440 kB
VmallocUsed:       98944 kB
VmallocChunk:          0 kB
Percpu:             7616 kB
CmaTotal:         294912 kB
CmaFree:               0 kB
MemTotal:       12113140 kB
MemFree:         6882164 kB
MemAvailable:    8254772 kB
Buffers:            5560 kB
Cached:          1628084 kB
SwapCached:            0 kB
Active:          1314160 kB
Inactive:        1420772 kB
Active(anon):    1107964 kB
Inactive(anon):    19960 kB
Active(file):     206196 kB
Inactive(file):  1400812 kB
Unevictable:        5556 kB
Mlocked:            5556 kB
SwapTotal:       3145724 kB
SwapFree:        3145724 kB
Dirty:                72 kB
Writeback:             0 kB
AnonPages:       1106832 kB
Mapped:           809532 kB
Shmem:             22116 kB
KReclaimable:     634304 kB
Slab:             205316 kB
SReclaimable:      67644 kB
SUnreclaim:       137672 kB
KernelStack:       42048 kB
PageTables:        56296 kB
NFS_Unstable:          0 kB
Bounce:                0 kB
WritebackTmp:          0 kB
CommitLimit:     9202292 kB
Committed_AS:   57820264 kB
VmallocTotal:   263061440 kB
VmallocUsed:       98944 kB
VmallocChunk:          0 kB
Percpu:             7616 kB
CmaTotal:         294912 kB
CmaFree:             100 kB
MemTotal:       12113140 kB
MemFree:         6881784 kB
MemAvailable:    8254392 kB
Buffers:            5560 kB
Cached:          1628084 kB
SwapCached:            0 kB
Active:          1314760 kB
Inactive:        1420772 kB
Active(anon):    1108564 kB
Inactive(anon):    19960 kB
Active(file):     206196 kB
Inactive(file):  1400812 kB
Unevictable:        5556 kB
Mlocked:            5556 kB
SwapTotal:       3145724 kB
SwapFree:        3145724 kB
Dirty:                72 kB
Writeback:             0 kB
AnonPages:       1107628 kB
Mapped:           809448 kB
Shmem:             22116 kB
KReclaimable:     634304 kB
Slab:             205316 kB
SReclaimable:      67644 kB
SUnreclaim:       137672 kB
KernelStack:       42048 kB
PageTables:        56288 kB
NFS_Unstable:          0 kB
Bounce:                0 kB
WritebackTmp:          0 kB
CommitLimit:     9202292 kB
Committed_AS:   57820440 kB
VmallocTotal:   263061440 kB
VmallocUsed:       98928 kB
VmallocChunk:          0 kB
Percpu:             7616 kB
CmaTotal:         294912 kB
CmaFree:              60 kB
MemTotal:       12113140 kB
MemFree:         6881388 kB
MemAvailable:    8253996 kB
Buffers:            5560 kB
Cached:          1628084 kB
SwapCached:            0 kB
Active:          1314940 kB
Inactive:        1420772 kB
Active(anon):    1108744 kB
Inactive(anon):    19960 kB
Active(file):     206196 kB
Inactive(file):  1400812 kB
Unevictable:        5556 kB
Mlocked:            5556 kB
SwapTotal:       3145724 kB
SwapFree:        3145724 kB
Dirty:                72 kB
Writeback:             0 kB
AnonPages:       1107756 kB
Mapped:           809524 kB
Shmem:             22116 kB
KReclaimable:     634304 kB
Slab:             205320 kB
SReclaimable:      67644 kB
SUnreclaim:       137676 kB
KernelStack:       42032 kB
PageTables:        56288 kB
NFS_Unstable:          0 kB
Bounce:                0 kB
WritebackTmp:          0 kB
CommitLimit:     9202292 kB
Committed_AS:   57820572 kB
VmallocTotal:   263061440 kB
VmallocUsed:       98928 kB
VmallocChunk:          0 kB
Percpu:             7616 kB
CmaTotal:         294912 kB
CmaFree:               0 kB
MemTotal:       12113140 kB
MemFree:         6881768 kB
MemAvailable:    8254376 kB
Buffers:            5560 kB
Cached:          1628084 kB
SwapCached:            0 kB
Active:          1315212 kB
Inactive:        1420772 kB
Active(anon):    1109016 kB
Inactive(anon):    19960 kB
Active(file):     206196 kB
Inactive(file):  1400812 kB
Unevictable:        5556 kB
Mlocked:            5556 kB
SwapTotal:       3145724 kB
SwapFree:        3145724 kB
Dirty:                72 kB
Writeback:             0 kB
AnonPages:       1107996 kB
Mapped:           809532 kB
Shmem:             22116 kB
KReclaimable:     634304 kB
Slab:             205320 kB
SReclaimable:      67644 kB
SUnreclaim:       137676 kB
KernelStack:       42032 kB
PageTables:        56296 kB
NFS_Unstable:          0 kB
Bounce:                0 kB
WritebackTmp:          0 kB
CommitLimit:     9202292 kB
Committed_AS:   57820308 kB
VmallocTotal:   263061440 kB
VmallocUsed:       98928 kB
VmallocChunk:          0 kB
Percpu:             7616 kB
CmaTotal:         294912 kB
CmaFree:             128 kB
MemTotal:       12113140 kB
MemFree:         6881488 kB
MemAvailable:    8254096 kB
Buffers:            5568 kB
Cached:          1628076 kB
SwapCached:            0 kB
Active:          1315388 kB
Inactive:        1420772 kB
Active(anon):    1109192 kB
Inactive(anon):    19960 kB
Active(file):     206196 kB
Inactive(file):  1400812 kB
Unevictable:        5556 kB
Mlocked:            5556 kB
SwapTotal:       3145724 kB
SwapFree:        3145724 kB
Dirty:                72 kB
Writeback:             0 kB
AnonPages:       1107736 kB
Mapped:           809516 kB
Shmem:             22116 kB
KReclaimable:     634304 kB
Slab:             205320 kB
SReclaimable:      67644 kB
SUnreclaim:       137676 kB
KernelStack:       42000 kB
PageTables:        56224 kB
NFS_Unstable:          0 kB
Bounce:                0 kB
WritebackTmp:          0 kB
CommitLimit:     9202292 kB
Committed_AS:   57820676 kB
VmallocTotal:   263061440 kB
VmallocUsed:       98928 kB
VmallocChunk:          0 kB
Percpu:             7616 kB
CmaTotal:         294912 kB
CmaFree:             316 kB
MemTotal:       12113140 kB
MemFree:         6879844 kB
MemAvailable:    8252476 kB
Buffers:            5568 kB
Cached:          1628104 kB
SwapCached:            0 kB
Active:          1315884 kB
Inactive:        1420788 kB
Active(anon):    1109676 kB
Inactive(anon):    19964 kB
Active(file):     206208 kB
Inactive(file):  1400824 kB
Unevictable:        5556 kB
Mlocked:            5556 kB
SwapTotal:       3145724 kB
SwapFree:        3145724 kB
Dirty:               128 kB
Writeback:             0 kB
AnonPages:       1108664 kB
Mapped:           809476 kB
Shmem:             22120 kB
KReclaimable:     634304 kB
Slab:             205320 kB
SReclaimable:      67644 kB
SUnreclaim:       137676 kB
KernelStack:       42052 kB
PageTables:        56248 kB
NFS_Unstable:          0 kB
Bounce:                0 kB
WritebackTmp:          0 kB
CommitLimit:     9202292 kB
Committed_AS:   57820128 kB
VmallocTotal:   263061440 kB
VmallocUsed:       98928 kB
VmallocChunk:          0 kB
Percpu:             7616 kB
CmaTotal:         294912 kB
CmaFree:              16 kB
MemTotal:       12113140 kB
MemFree:         6879192 kB
MemAvailable:    8251816 kB
Buffers:            5568 kB
Cached:          1628096 kB
SwapCached:            0 kB
Active:          1316000 kB
Inactive:        1420784 kB
Active(anon):    1109796 kB
Inactive(anon):    19964 kB
Active(file):     206204 kB
Inactive(file):  1400820 kB
Unevictable:        5556 kB
Mlocked:            5556 kB
SwapTotal:       3145724 kB
SwapFree:        3145724 kB
Dirty:               124 kB
Writeback:             0 kB
AnonPages:       1109072 kB
Mapped:           809344 kB
Shmem:             22120 kB
KReclaimable:     634304 kB
Slab:             205320 kB
SReclaimable:      67644 kB
SUnreclaim:       137676 kB
KernelStack:       42064 kB
PageTables:        56360 kB
NFS_Unstable:          0 kB
Bounce:                0 kB
WritebackTmp:          0 kB
CommitLimit:     9202292 kB
Committed_AS:   57819864 kB
VmallocTotal:   263061440 kB
VmallocUsed:       98928 kB
VmallocChunk:          0 kB
Percpu:             7616 kB
CmaTotal:         294912 kB
CmaFree:               0 kB
MemTotal:       12113140 kB
MemFree:         6879592 kB
MemAvailable:    8252216 kB
Buffers:            5568 kB
Cached:          1628096 kB
SwapCached:            0 kB
Active:          1317008 kB
Inactive:        1420784 kB
Active(anon):    1110804 kB
Inactive(anon):    19964 kB
Active(file):     206204 kB
Inactive(file):  1400820 kB
Unevictable:        5556 kB
Mlocked:            5556 kB
SwapTotal:       3145724 kB
SwapFree:        3145724 kB
Dirty:               128 kB
Writeback:             0 kB
AnonPages:       1109772 kB
Mapped:           809272 kB
Shmem:             22120 kB
KReclaimable:     634304 kB
Slab:             205324 kB
SReclaimable:      67644 kB
SUnreclaim:       137680 kB
KernelStack:       42032 kB
PageTables:        56296 kB
NFS_Unstable:          0 kB
Bounce:                0 kB
WritebackTmp:          0 kB
CommitLimit:     9202292 kB
Committed_AS:   57819952 kB
VmallocTotal:   263061440 kB
VmallocUsed:       98912 kB
VmallocChunk:          0 kB
Percpu:             7616 kB
CmaTotal:         294912 kB
CmaFree:               0 kB
MemTotal:       12113140 kB
MemFree:         6879480 kB
MemAvailable:    8252104 kB
Buffers:            5568 kB
Cached:          1628100 kB
SwapCached:            0 kB
Active:          1316904 kB
Inactive:        1420788 kB
Active(anon):    1110700 kB
Inactive(anon):    19968 kB
Active(file):     206204 kB
Inactive(file):  1400820 kB
Unevictable:        5556 kB
Mlocked:            5556 kB
SwapTotal:       3145724 kB
SwapFree:        3145724 kB
Dirty:               144 kB
Writeback:             0 kB
AnonPages:       1110052 kB
Mapped:           809532 kB
Shmem:             22124 kB
KReclaimable:     634304 kB
Slab:             205324 kB
SReclaimable:      67644 kB
SUnreclaim:       137680 kB
KernelStack:       42016 kB
PageTables:        56292 kB
NFS_Unstable:          0 kB
Bounce:                0 kB
WritebackTmp:          0 kB
CommitLimit:     9202292 kB
Committed_AS:   57819600 kB
VmallocTotal:   263061440 kB
VmallocUsed:       98896 kB
VmallocChunk:          0 kB
Percpu:             7616 kB
CmaTotal:         294912 kB
CmaFree:              16 kB
MemTotal:       12113140 kB
MemFree:         6878732 kB
MemAvailable:    8251356 kB
Buffers:            5568 kB
Cached:          1628100 kB
SwapCached:            0 kB
Active:          1317976 kB
Inactive:        1420788 kB
Active(anon):    1111772 kB
Inactive(anon):    19968 kB
Active(file):     206204 kB
Inactive(file):  1400820 kB
Unevictable:        5556 kB
Mlocked:            5556 kB
SwapTotal:       3145724 kB
SwapFree:        3145724 kB
Dirty:               164 kB
Writeback:             0 kB
AnonPages:       1110784 kB
Mapped:           809540 kB
Shmem:             22124 kB
KReclaimable:     634304 kB
Slab:             205328 kB
SReclaimable:      67644 kB
SUnreclaim:       137684 kB
KernelStack:       42048 kB
PageTables:        56300 kB
NFS_Unstable:          0 kB
Bounce:                0 kB
WritebackTmp:          0 kB
CommitLimit:     9202292 kB
Committed_AS:   57819248 kB
VmallocTotal:   263061440 kB
VmallocUsed:       98896 kB
VmallocChunk:          0 kB
Percpu:             7616 kB
CmaTotal:         294912 kB
CmaFree:               0 kB
MemTotal:       12113140 kB
MemFree:         6877956 kB
MemAvailable:    8250572 kB
Buffers:            5568 kB
Cached:          1628092 kB
SwapCached:            0 kB
Active:          1318076 kB
Inactive:        1420784 kB
Active(anon):    1111876 kB
Inactive(anon):    19968 kB
Active(file):     206200 kB
Inactive(file):  1400816 kB
Unevictable:        5556 kB
Mlocked:            5556 kB
SwapTotal:       3145724 kB
SwapFree:        3145724 kB
Dirty:               164 kB
Writeback:             0 kB
AnonPages:       1110936 kB
Mapped:           809280 kB
Shmem:             22124 kB
KReclaimable:     634304 kB
Slab:             205328 kB
SReclaimable:      67644 kB
SUnreclaim:       137684 kB
KernelStack:       42048 kB
PageTables:        56300 kB
NFS_Unstable:          0 kB
Bounce:                0 kB
WritebackTmp:          0 kB
CommitLimit:     9202292 kB
Committed_AS:   57819736 kB
VmallocTotal:   263061440 kB
VmallocUsed:       98912 kB
VmallocChunk:          0 kB
Percpu:             7616 kB
CmaTotal:         294912 kB
CmaFree:               0 kB
MemTotal:       12113140 kB
MemFree:         6877840 kB
MemAvailable:    8250456 kB
Buffers:            5568 kB
Cached:          1628092 kB
SwapCached:            0 kB
Active:          1318600 kB
Inactive:        1420784 kB
Active(anon):    1112400 kB
Inactive(anon):    19968 kB
Active(file):     206200 kB
Inactive(file):  1400816 kB
Unevictable:        5556 kB
Mlocked:            5556 kB
SwapTotal:       3145724 kB
SwapFree:        3145724 kB
Dirty:               160 kB
Writeback:             0 kB
AnonPages:       1111516 kB
Mapped:           809292 kB
Shmem:             22124 kB
KReclaimable:     634304 kB
Slab:             205328 kB
SReclaimable:      67644 kB
SUnreclaim:       137684 kB
KernelStack:       42096 kB
PageTables:        56312 kB
NFS_Unstable:          0 kB
Bounce:                0 kB
WritebackTmp:          0 kB
CommitLimit:     9202292 kB
Committed_AS:   57820196 kB
VmallocTotal:   263061440 kB
VmallocUsed:       98880 kB
VmallocChunk:          0 kB
Percpu:             7616 kB
CmaTotal:         294912 kB
CmaFree:               0 kB
MemTotal:       12113140 kB
MemFree:         6876884 kB
MemAvailable:    8249508 kB
Buffers:            5568 kB
Cached:          1628100 kB
SwapCached:            0 kB
Active:          1319340 kB
Inactive:        1420788 kB
Active(anon):    1113136 kB
Inactive(anon):    19968 kB
Active(file):     206204 kB
Inactive(file):  1400820 kB
Unevictable:        5556 kB
Mlocked:            5556 kB
SwapTotal:       3145724 kB
SwapFree:        3145724 kB
Dirty:               172 kB
Writeback:             0 kB
AnonPages:       1111920 kB
Mapped:           809536 kB
Shmem:             22124 kB
KReclaimable:     634304 kB
Slab:             205328 kB
SReclaimable:      67644 kB
SUnreclaim:       137684 kB
KernelStack:       42064 kB
PageTables:        56296 kB
NFS_Unstable:          0 kB
Bounce:                0 kB
WritebackTmp:          0 kB
CommitLimit:     9202292 kB
Committed_AS:   57820072 kB
VmallocTotal:   263061440 kB
VmallocUsed:       98912 kB
VmallocChunk:          0 kB
Percpu:             7616 kB
CmaTotal:         294912 kB
CmaFree:               0 kB
MemTotal:       12113140 kB
MemFree:         6876088 kB
MemAvailable:    8248724 kB
Buffers:            5568 kB
Cached:          1628112 kB
SwapCached:            0 kB
Active:          1319636 kB
Inactive:        1420800 kB
Active(anon):    1113432 kB
Inactive(anon):    19968 kB
Active(file):     206204 kB
Inactive(file):  1400832 kB
Unevictable:        5556 kB
Mlocked:            5556 kB
SwapTotal:       3145724 kB
SwapFree:        3145724 kB
Dirty:               188 kB
Writeback:             0 kB
AnonPages:       1112444 kB
Mapped:           809536 kB
Shmem:             22124 kB
KReclaimable:     634304 kB
Slab:             205332 kB
SReclaimable:      67644 kB
SUnreclaim:       137688 kB
KernelStack:       42096 kB
PageTables:        56300 kB
NFS_Unstable:          0 kB
Bounce:                0 kB
WritebackTmp:          0 kB
CommitLimit:     9202292 kB
Committed_AS:   57820264 kB
VmallocTotal:   263061440 kB
VmallocUsed:       98944 kB
VmallocChunk:          0 kB
Percpu:             7616 kB
CmaTotal:         294912 kB
CmaFree:               0 kB
MemTotal:       12113140 kB
MemFree:         6876320 kB
MemAvailable:    8248952 kB
Buffers:            5568 kB
Cached:          1628108 kB
SwapCached:            0 kB
Active:          1320212 kB
Inactive:        1420796 kB
Active(anon):    1114008 kB
Inactive(anon):    19968 kB
Active(file):     206204 kB
Inactive(file):  1400828 kB
Unevictable:        5556 kB
Mlocked:            5556 kB
SwapTotal:       3145724 kB
SwapFree:        3145724 kB
Dirty:               188 kB
Writeback:             0 kB
AnonPages:       1112816 kB
Mapped:           809532 kB
Shmem:             22124 kB
KReclaimable:     634304 kB
Slab:             205332 kB
SReclaimable:      67644 kB
SUnreclaim:       137688 kB
KernelStack:       42096 kB
PageTables:        56360 kB
NFS_Unstable:          0 kB
Bounce:                0 kB
WritebackTmp:          0 kB
CommitLimit:     9202292 kB
Committed_AS:   57817812 kB
VmallocTotal:   263061440 kB
VmallocUsed:       98928 kB
VmallocChunk:          0 kB
Percpu:             7616 kB
CmaTotal:         294912 kB
CmaFree:             128 kB
MemTotal:       12113140 kB
MemFree:         6875784 kB
MemAvailable:    8248416 kB
Buffers:            5568 kB
Cached:          1628108 kB
SwapCached:            0 kB
Active:          1320904 kB
Inactive:        1420796 kB
Active(anon):    1114700 kB
Inactive(anon):    19968 kB
Active(file):     206204 kB
Inactive(file):  1400828 kB
Unevictable:        5556 kB
Mlocked:            5556 kB
SwapTotal:       3145724 kB
SwapFree:        3145724 kB
Dirty:               188 kB
Writeback:             0 kB
AnonPages:       1113852 kB
Mapped:           809476 kB
Shmem:             22124 kB
KReclaimable:     634304 kB
Slab:             205332 kB
SReclaimable:      67644 kB
SUnreclaim:       137688 kB
KernelStack:       42132 kB
PageTables:        56236 kB
NFS_Unstable:          0 kB
Bounce:                0 kB
WritebackTmp:          0 kB
CommitLimit:     9202292 kB
Committed_AS:   57817748 kB
VmallocTotal:   263061440 kB
VmallocUsed:       98944 kB
VmallocChunk:          0 kB
Percpu:             7616 kB
CmaTotal:         294912 kB
CmaFree:               4 kB
MemTotal:       12113140 kB
MemFree:         6875844 kB
MemAvailable:    8248476 kB
Buffers:            5568 kB
Cached:          1628108 kB
SwapCached:            0 kB
Active:          1321060 kB
Inactive:        1420796 kB
Active(anon):    1114856 kB
Inactive(anon):    19968 kB
Active(file):     206204 kB
Inactive(file):  1400828 kB
Unevictable:        5556 kB
Mlocked:            5556 kB
SwapTotal:       3145724 kB
SwapFree:        3145724 kB
Dirty:               200 kB
Writeback:             0 kB
AnonPages:       1113704 kB
Mapped:           809452 kB
Shmem:             22124 kB
KReclaimable:     634304 kB
Slab:             205324 kB
SReclaimable:      67644 kB
SUnreclaim:       137680 kB
KernelStack:       42096 kB
PageTables:        56376 kB
NFS_Unstable:          0 kB
Bounce:                0 kB
WritebackTmp:          0 kB
CommitLimit:     9202292 kB
Committed_AS:   57810764 kB
VmallocTotal:   263061440 kB
VmallocUsed:       98944 kB
VmallocChunk:          0 kB
Percpu:             7616 kB
CmaTotal:         294912 kB
CmaFree:               0 kB
MemTotal:       12113140 kB
MemFree:         6875144 kB
MemAvailable:    8247776 kB
Buffers:            5568 kB
Cached:          1628108 kB
SwapCached:            0 kB
Active:          1321736 kB
Inactive:        1420796 kB
Active(anon):    1115532 kB
Inactive(anon):    19968 kB
Active(file):     206204 kB
Inactive(file):  1400828 kB
Unevictable:        5556 kB
Mlocked:            5556 kB
SwapTotal:       3145724 kB
SwapFree:        3145724 kB
Dirty:               220 kB
Writeback:             0 kB
AnonPages:       1114556 kB
Mapped:           809528 kB
Shmem:             22124 kB
KReclaimable:     634304 kB
Slab:             205328 kB
SReclaimable:      67644 kB
SUnreclaim:       137684 kB
KernelStack:       42112 kB
PageTables:        56292 kB
NFS_Unstable:          0 kB
Bounce:                0 kB
WritebackTmp:          0 kB
CommitLimit:     9202292 kB
Committed_AS:   57817024 kB
VmallocTotal:   263061440 kB
VmallocUsed:       98992 kB
VmallocChunk:          0 kB
Percpu:             7616 kB
CmaTotal:         294912 kB
CmaFree:               0 kB
MemTotal:       12113140 kB
MemFree:         6875216 kB
MemAvailable:    8247848 kB
Buffers:            5568 kB
Cached:          1628108 kB
SwapCached:            0 kB
Active:          1322008 kB
Inactive:        1420796 kB
Active(anon):    1115804 kB
Inactive(anon):    19968 kB
Active(file):     206204 kB
Inactive(file):  1400828 kB
Unevictable:        5556 kB
Mlocked:            5556 kB
SwapTotal:       3145724 kB
SwapFree:        3145724 kB
Dirty:               220 kB
Writeback:             0 kB
AnonPages:       1114832 kB
Mapped:           809540 kB
Shmem:             22124 kB
KReclaimable:     634304 kB
Slab:             205328 kB
SReclaimable:      67644 kB
SUnreclaim:       137684 kB
KernelStack:       42112 kB
PageTables:        56300 kB
NFS_Unstable:          0 kB
Bounce:                0 kB
WritebackTmp:          0 kB
CommitLimit:     9202292 kB
Committed_AS:   57811408 kB
VmallocTotal:   263061440 kB
VmallocUsed:       98976 kB
VmallocChunk:          0 kB
Percpu:             7616 kB
CmaTotal:         294912 kB
CmaFree:               0 kB
MemTotal:       12113140 kB
MemFree:         6875060 kB
MemAvailable:    8247720 kB
Buffers:            5576 kB
Cached:          1628128 kB
SwapCached:            0 kB
Active:          1321604 kB
Inactive:        1420816 kB
Active(anon):    1115392 kB
Inactive(anon):    19968 kB
Active(file):     206212 kB
Inactive(file):  1400848 kB
Unevictable:        5556 kB
Mlocked:            5556 kB
SwapTotal:       3145724 kB
SwapFree:        3145724 kB
Dirty:               224 kB
Writeback:             0 kB
AnonPages:       1114256 kB
Mapped:           809220 kB
Shmem:             22124 kB
KReclaimable:     634304 kB
Slab:             205304 kB
SReclaimable:      67644 kB
SUnreclaim:       137660 kB
KernelStack:       42212 kB
PageTables:        56628 kB
NFS_Unstable:          0 kB
Bounce:                0 kB
WritebackTmp:          0 kB
CommitLimit:     9202292 kB
Committed_AS:   57817092 kB
VmallocTotal:   263061440 kB
VmallocUsed:       99008 kB
VmallocChunk:          0 kB
Percpu:             7616 kB
CmaTotal:         294912 kB
CmaFree:               0 kB
MemTotal:       12113140 kB
MemFree:         6874392 kB
MemAvailable:    8247040 kB
Buffers:            5576 kB
Cached:          1628116 kB
SwapCached:            0 kB
Active:          1322360 kB
Inactive:        1420804 kB
Active(anon):    1116148 kB
Inactive(anon):    19968 kB
Active(file):     206212 kB
Inactive(file):  1400836 kB
Unevictable:        5556 kB
Mlocked:            5556 kB
SwapTotal:       3145724 kB
SwapFree:        3145724 kB
Dirty:               204 kB
Writeback:             0 kB
AnonPages:       1115224 kB
Mapped:           809540 kB
Shmem:             22124 kB
KReclaimable:     634304 kB
Slab:             205336 kB
SReclaimable:      67644 kB
SUnreclaim:       137692 kB
KernelStack:       42144 kB
PageTables:        56300 kB
NFS_Unstable:          0 kB
Bounce:                0 kB
WritebackTmp:          0 kB
CommitLimit:     9202292 kB
Committed_AS:   57816652 kB
VmallocTotal:   263061440 kB
VmallocUsed:       99008 kB
VmallocChunk:          0 kB
Percpu:             7616 kB
CmaTotal:         294912 kB
CmaFree:               0 kB
MemTotal:       12113140 kB
MemFree:         6874364 kB
MemAvailable:    8247012 kB
Buffers:            5576 kB
Cached:          1628116 kB
SwapCached:            0 kB
Active:          1322472 kB
Inactive:        1420804 kB
Active(anon):    1116260 kB
Inactive(anon):    19968 kB
Active(file):     206212 kB
Inactive(file):  1400836 kB
Unevictable:        5556 kB
Mlocked:            5556 kB
SwapTotal:       3145724 kB
SwapFree:        3145724 kB
Dirty:               204 kB
Writeback:             0 kB
AnonPages:       1115228 kB
Mapped:           809284 kB
Shmem:             22124 kB
KReclaimable:     634304 kB
Slab:             205336 kB
SReclaimable:      67644 kB
SUnreclaim:       137692 kB
KernelStack:       42144 kB
PageTables:        56304 kB
NFS_Unstable:          0 kB
Bounce:                0 kB
WritebackTmp:          0 kB
CommitLimit:     9202292 kB
Committed_AS:   57816068 kB
VmallocTotal:   263061440 kB
VmallocUsed:       99008 kB
VmallocChunk:          0 kB
Percpu:             7616 kB
CmaTotal:         294912 kB
CmaFree:              44 kB
MemTotal:       12113140 kB
MemFree:         6873536 kB
MemAvailable:    8246216 kB
Buffers:            5576 kB
Cached:          1628116 kB
SwapCached:            0 kB
Active:          1323076 kB
Inactive:        1420804 kB
Active(anon):    1116864 kB
Inactive(anon):    19968 kB
Active(file):     206212 kB
Inactive(file):  1400836 kB
Unevictable:        5556 kB
Mlocked:            5556 kB
SwapTotal:       3145724 kB
SwapFree:        3145724 kB
Dirty:               204 kB
Writeback:             0 kB
AnonPages:       1115868 kB
Mapped:           809548 kB
Shmem:             22124 kB
KReclaimable:     634304 kB
Slab:             205336 kB
SReclaimable:      67644 kB
SUnreclaim:       137692 kB
KernelStack:       42160 kB
PageTables:        56308 kB
NFS_Unstable:          0 kB
Bounce:                0 kB
WritebackTmp:          0 kB
CommitLimit:     9202292 kB
Committed_AS:   57815804 kB
VmallocTotal:   263061440 kB
VmallocUsed:       99008 kB
VmallocChunk:          0 kB
Percpu:             7616 kB
CmaTotal:         294912 kB
CmaFree:               0 kB
MemTotal:       12113140 kB
MemFree:         6872576 kB
MemAvailable:    8245224 kB
Buffers:            5576 kB
Cached:          1628116 kB
SwapCached:            0 kB
Active:          1323240 kB
Inactive:        1420804 kB
Active(anon):    1117028 kB
Inactive(anon):    19968 kB
Active(file):     206212 kB
Inactive(file):  1400836 kB
Unevictable:        5556 kB
Mlocked:            5556 kB
SwapTotal:       3145724 kB
SwapFree:        3145724 kB
Dirty:               204 kB
Writeback:             0 kB
AnonPages:       1115864 kB
Mapped:           809284 kB
Shmem:             22124 kB
KReclaimable:     634304 kB
Slab:             205340 kB
SReclaimable:      67644 kB
SUnreclaim:       137696 kB
KernelStack:       42176 kB
PageTables:        56300 kB
NFS_Unstable:          0 kB
Bounce:                0 kB
WritebackTmp:          0 kB
CommitLimit:     9202292 kB
Committed_AS:   57815936 kB
VmallocTotal:   263061440 kB
VmallocUsed:       99008 kB
VmallocChunk:          0 kB
Percpu:             7616 kB
CmaTotal:         294912 kB
CmaFree:               0 kB
MemTotal:       12113140 kB
MemFree:         6873264 kB
MemAvailable:    8245944 kB
Buffers:            5576 kB
Cached:          1628116 kB
SwapCached:            0 kB
Active:          1324116 kB
Inactive:        1420804 kB
Active(anon):    1117904 kB
Inactive(anon):    19968 kB
Active(file):     206212 kB
Inactive(file):  1400836 kB
Unevictable:        5556 kB
Mlocked:            5556 kB
SwapTotal:       3145724 kB
SwapFree:        3145724 kB
Dirty:               208 kB
Writeback:             0 kB
AnonPages:       1116924 kB
Mapped:           809320 kB
Shmem:             22124 kB
KReclaimable:     634304 kB
Slab:             205340 kB
SReclaimable:      67644 kB
SUnreclaim:       137696 kB
KernelStack:       42144 kB
PageTables:        56300 kB
NFS_Unstable:          0 kB
Bounce:                0 kB
WritebackTmp:          0 kB
CommitLimit:     9202292 kB
Committed_AS:   57816680 kB
VmallocTotal:   263061440 kB
VmallocUsed:       99008 kB
VmallocChunk:          0 kB
Percpu:             7616 kB
CmaTotal:         294912 kB
CmaFree:               0 kB
MemTotal:       12113140 kB
MemFree:         6872192 kB
MemAvailable:    8244828 kB
Buffers:            5576 kB
Cached:          1628104 kB
SwapCached:            0 kB
Active:          1324276 kB
Inactive:        1420796 kB
Active(anon):    1118068 kB
Inactive(anon):    19968 kB
Active(file):     206208 kB
Inactive(file):  1400828 kB
Unevictable:        5556 kB
Mlocked:            5556 kB
SwapTotal:       3145724 kB
SwapFree:        3145724 kB
Dirty:               192 kB
Writeback:             0 kB
AnonPages:       1116872 kB
Mapped:           809580 kB
Shmem:             22124 kB
KReclaimable:     634304 kB
Slab:             205340 kB
SReclaimable:      67644 kB
SUnreclaim:       137696 kB
KernelStack:       42128 kB
PageTables:        56296 kB
NFS_Unstable:          0 kB
Bounce:                0 kB
WritebackTmp:          0 kB
CommitLimit:     9202292 kB
Committed_AS:   57816196 kB
VmallocTotal:   263061440 kB
VmallocUsed:       98992 kB
VmallocChunk:          0 kB
Percpu:             7616 kB
CmaTotal:         294912 kB
CmaFree:               0 kB
MemTotal:       12113140 kB
MemFree:         6871064 kB
MemAvailable:    8243712 kB
Buffers:            5576 kB
Cached:          1628116 kB
SwapCached:            0 kB
Active:          1325380 kB
Inactive:        1420804 kB
Active(anon):    1119168 kB
Inactive(anon):    19968 kB
Active(file):     206212 kB
Inactive(file):  1400836 kB
Unevictable:        5556 kB
Mlocked:            5556 kB
SwapTotal:       3145724 kB
SwapFree:        3145724 kB
Dirty:               208 kB
Writeback:             0 kB
AnonPages:       1118252 kB
Mapped:           809312 kB
Shmem:             22124 kB
KReclaimable:     634304 kB
Slab:             205340 kB
SReclaimable:      67644 kB
SUnreclaim:       137696 kB
KernelStack:       42128 kB
PageTables:        56296 kB
NFS_Unstable:          0 kB
Bounce:                0 kB
WritebackTmp:          0 kB
CommitLimit:     9202292 kB
Committed_AS:   57821152 kB
VmallocTotal:   263061440 kB
VmallocUsed:       99024 kB
VmallocChunk:          0 kB
Percpu:             7616 kB
CmaTotal:         294912 kB
CmaFree:               0 kB
MemTotal:       12113140 kB
MemFree:         6870832 kB
MemAvailable:    8243480 kB
Buffers:            5576 kB
Cached:          1628116 kB
SwapCached:            0 kB
Active:          1325492 kB
Inactive:        1420804 kB
Active(anon):    1119280 kB
Inactive(anon):    19968 kB
Active(file):     206212 kB
Inactive(file):  1400836 kB
Unevictable:        5556 kB
Mlocked:            5556 kB
SwapTotal:       3145724 kB
SwapFree:        3145724 kB
Dirty:               208 kB
Writeback:             0 kB
AnonPages:       1118164 kB
Mapped:           809580 kB
Shmem:             22124 kB
KReclaimable:     634304 kB
Slab:             205340 kB
SReclaimable:      67644 kB
SUnreclaim:       137696 kB
KernelStack:       42192 kB
PageTables:        56300 kB
NFS_Unstable:          0 kB
Bounce:                0 kB
WritebackTmp:          0 kB
CommitLimit:     9202292 kB
Committed_AS:   57821504 kB
VmallocTotal:   263061440 kB
VmallocUsed:       99008 kB
VmallocChunk:          0 kB
Percpu:             7616 kB
CmaTotal:         294912 kB
CmaFree:               0 kB
MemTotal:       12113140 kB
MemFree:         6870548 kB
MemAvailable:    8243204 kB
Buffers:            5576 kB
Cached:          1628124 kB
SwapCached:            0 kB
Active:          1325972 kB
Inactive:        1420812 kB
Active(anon):    1119760 kB
Inactive(anon):    19968 kB
Active(file):     206212 kB
Inactive(file):  1400844 kB
Unevictable:        5556 kB
Mlocked:            5556 kB
SwapTotal:       3145724 kB
SwapFree:        3145724 kB
Dirty:               228 kB
Writeback:             0 kB
AnonPages:       1118348 kB
Mapped:           809576 kB
Shmem:             22124 kB
KReclaimable:     634304 kB
Slab:             205344 kB
SReclaimable:      67644 kB
SUnreclaim:       137700 kB
KernelStack:       42128 kB
PageTables:        56300 kB
NFS_Unstable:          0 kB
Bounce:                0 kB
WritebackTmp:          0 kB
CommitLimit:     9202292 kB
Committed_AS:   57821020 kB
VmallocTotal:   263061440 kB
VmallocUsed:       99008 kB
VmallocChunk:          0 kB
Percpu:             7616 kB
CmaTotal:         294912 kB
CmaFree:               0 kB
MemTotal:       12113140 kB
MemFree:         6870620 kB
MemAvailable:    8243276 kB
Buffers:            5576 kB
Cached:          1628124 kB
SwapCached:            0 kB
Active:          1326092 kB
Inactive:        1420812 kB
Active(anon):    1119880 kB
Inactive(anon):    19968 kB
Active(file):     206212 kB
Inactive(file):  1400844 kB
Unevictable:        5556 kB
Mlocked:            5556 kB
SwapTotal:       3145724 kB
SwapFree:        3145724 kB
Dirty:               228 kB
Writeback:             0 kB
AnonPages:       1119028 kB
Mapped:           809580 kB
Shmem:             22124 kB
KReclaimable:     634304 kB
Slab:             205344 kB
SReclaimable:      67644 kB
SUnreclaim:       137700 kB
KernelStack:       42144 kB
PageTables:        56304 kB
NFS_Unstable:          0 kB
Bounce:                0 kB
WritebackTmp:          0 kB
CommitLimit:     9202292 kB
Committed_AS:   57821452 kB
VmallocTotal:   263061440 kB
VmallocUsed:       99008 kB
VmallocChunk:          0 kB
Percpu:             7616 kB
CmaTotal:         294912 kB
CmaFree:               0 kB
MemTotal:       12113140 kB
MemFree:         6870044 kB
MemAvailable:    8242708 kB
Buffers:            5576 kB
Cached:          1628132 kB
SwapCached:            0 kB
Active:          1326732 kB
Inactive:        1420816 kB
Active(anon):    1120516 kB
Inactive(anon):    19968 kB
Active(file):     206216 kB
Inactive(file):  1400848 kB
Unevictable:        5556 kB
Mlocked:            5556 kB
SwapTotal:       3145724 kB
SwapFree:        3145724 kB
Dirty:               232 kB
Writeback:             0 kB
AnonPages:       1119348 kB
Mapped:           809588 kB
Shmem:             22124 kB
KReclaimable:     634304 kB
Slab:             205344 kB
SReclaimable:      67644 kB
SUnreclaim:       137700 kB
KernelStack:       42148 kB
PageTables:        56308 kB
NFS_Unstable:          0 kB
Bounce:                0 kB
WritebackTmp:          0 kB
CommitLimit:     9202292 kB
Committed_AS:   57821804 kB
VmallocTotal:   263061440 kB
VmallocUsed:       99008 kB
VmallocChunk:          0 kB
Percpu:             7616 kB
CmaTotal:         294912 kB
CmaFree:               0 kB
MemTotal:       12113140 kB
MemFree:         6870404 kB
MemAvailable:    8243064 kB
Buffers:            5576 kB
Cached:          1628140 kB
SwapCached:            0 kB
Active:          1326724 kB
Inactive:        1420828 kB
Active(anon):    1120512 kB
Inactive(anon):    19980 kB
Active(file):     206212 kB
Inactive(file):  1400848 kB
Unevictable:        5556 kB
Mlocked:            5556 kB
SwapTotal:       3145724 kB
SwapFree:        3145724 kB
Dirty:                88 kB
Writeback:             0 kB
AnonPages:       1119076 kB
Mapped:           809456 kB
Shmem:             22136 kB
KReclaimable:     634304 kB
Slab:             205344 kB
SReclaimable:      67644 kB
SUnreclaim:       137700 kB
KernelStack:       42116 kB
PageTables:        56636 kB
NFS_Unstable:          0 kB
Bounce:                0 kB
WritebackTmp:          0 kB
CommitLimit:     9202292 kB
Committed_AS:   57822572 kB
VmallocTotal:   263061440 kB
VmallocUsed:       99008 kB
VmallocChunk:          0 kB
Percpu:             7616 kB
CmaTotal:         294912 kB
CmaFree:               0 kB
MemTotal:       12113140 kB
MemFree:         6869720 kB
MemAvailable:    8242380 kB
Buffers:            5576 kB
Cached:          1628140 kB
SwapCached:            0 kB
Active:          1327124 kB
Inactive:        1420828 kB
Active(anon):    1120912 kB
Inactive(anon):    19980 kB
Active(file):     206212 kB
Inactive(file):  1400848 kB
Unevictable:        5556 kB
Mlocked:            5556 kB
SwapTotal:       3145724 kB
SwapFree:        3145724 kB
Dirty:                88 kB
Writeback:             0 kB
AnonPages:       1119912 kB
Mapped:           809344 kB
Shmem:             22136 kB
KReclaimable:     634304 kB
Slab:             205352 kB
SReclaimable:      67644 kB
SUnreclaim:       137708 kB
KernelStack:       42144 kB
PageTables:        56316 kB
NFS_Unstable:          0 kB
Bounce:                0 kB
WritebackTmp:          0 kB
CommitLimit:     9202292 kB
Committed_AS:   57822132 kB
VmallocTotal:   263061440 kB
VmallocUsed:       98992 kB
VmallocChunk:          0 kB
Percpu:             7616 kB
CmaTotal:         294912 kB
CmaFree:               0 kB
MemTotal:       12113140 kB
MemFree:         6868364 kB
MemAvailable:    8241024 kB
Buffers:            5576 kB
Cached:          1628140 kB
SwapCached:            0 kB
Active:          1327396 kB
Inactive:        1420828 kB
Active(anon):    1121184 kB
Inactive(anon):    19980 kB
Active(file):     206212 kB
Inactive(file):  1400848 kB
Unevictable:        5556 kB
Mlocked:            5556 kB
SwapTotal:       3145724 kB
SwapFree:        3145724 kB
Dirty:                88 kB
Writeback:             0 kB
AnonPages:       1119936 kB
Mapped:           809532 kB
Shmem:             22136 kB
KReclaimable:     634304 kB
Slab:             205344 kB
SReclaimable:      67644 kB
SUnreclaim:       137700 kB
KernelStack:       42164 kB
PageTables:        56248 kB
NFS_Unstable:          0 kB
Bounce:                0 kB
WritebackTmp:          0 kB
CommitLimit:     9202292 kB
Committed_AS:   57821912 kB
VmallocTotal:   263061440 kB
VmallocUsed:       99008 kB
VmallocChunk:          0 kB
Percpu:             7616 kB
CmaTotal:         294912 kB
CmaFree:               0 kB
MemTotal:       12113140 kB
MemFree:         6868628 kB
MemAvailable:    8241296 kB
Buffers:            5584 kB
Cached:          1628140 kB
SwapCached:            0 kB
Active:          1328172 kB
Inactive:        1420828 kB
Active(anon):    1121952 kB
Inactive(anon):    19980 kB
Active(file):     206220 kB
Inactive(file):  1400848 kB
Unevictable:        5556 kB
Mlocked:            5556 kB
SwapTotal:       3145724 kB
SwapFree:        3145724 kB
Dirty:                88 kB
Writeback:             0 kB
AnonPages:       1120872 kB
Mapped:           809592 kB
Shmem:             22136 kB
KReclaimable:     634304 kB
Slab:             205348 kB
SReclaimable:      67644 kB
SUnreclaim:       137704 kB
KernelStack:       42112 kB
PageTables:        56304 kB
NFS_Unstable:          0 kB
Bounce:                0 kB
WritebackTmp:          0 kB
CommitLimit:     9202292 kB
Committed_AS:   57821780 kB
VmallocTotal:   263061440 kB
VmallocUsed:       98992 kB
VmallocChunk:          0 kB
Percpu:             7616 kB
CmaTotal:         294912 kB
CmaFree:               0 kB
MemTotal:       12113140 kB
MemFree:         6878924 kB
MemAvailable:    8251592 kB
Buffers:            5584 kB
Cached:          1628140 kB
SwapCached:            0 kB
Active:          1315456 kB
Inactive:        1420832 kB
Active(anon):    1109240 kB
Inactive(anon):    19980 kB
Active(file):     206216 kB
Inactive(file):  1400852 kB
Unevictable:        5556 kB
Mlocked:            5556 kB
SwapTotal:       3145724 kB
SwapFree:        3145724 kB
Dirty:                72 kB
Writeback:             0 kB
AnonPages:       1108496 kB
Mapped:           809660 kB
Shmem:             22136 kB
KReclaimable:     634304 kB
Slab:             205348 kB
SReclaimable:      67644 kB
SUnreclaim:       137704 kB
KernelStack:       42160 kB
PageTables:        56360 kB
NFS_Unstable:          0 kB
Bounce:                0 kB
WritebackTmp:          0 kB
CommitLimit:     9202292 kB
Committed_AS:   57821472 kB
VmallocTotal:   263061440 kB
VmallocUsed:       98992 kB
VmallocChunk:          0 kB
Percpu:             7616 kB
CmaTotal:         294912 kB
CmaFree:             500 kB
MemTotal:       12113140 kB
MemFree:         6879712 kB
MemAvailable:    8252388 kB
Buffers:            5584 kB
Cached:          1628148 kB
SwapCached:            0 kB
Active:          1316412 kB
Inactive:        1420836 kB
Active(anon):    1110192 kB
Inactive(anon):    19980 kB
Active(file):     206220 kB
Inactive(file):  1400856 kB
Unevictable:        5556 kB
Mlocked:            5556 kB
SwapTotal:       3145724 kB
SwapFree:        3145724 kB
Dirty:               104 kB
Writeback:             0 kB
AnonPages:       1109236 kB
Mapped:           809592 kB
Shmem:             22136 kB
KReclaimable:     634304 kB
Slab:             205348 kB
SReclaimable:      67644 kB
SUnreclaim:       137704 kB
KernelStack:       42112 kB
PageTables:        56304 kB
NFS_Unstable:          0 kB
Bounce:                0 kB
WritebackTmp:          0 kB
CommitLimit:     9202292 kB
Committed_AS:   57821032 kB
VmallocTotal:   263061440 kB
VmallocUsed:       98992 kB
VmallocChunk:          0 kB
Percpu:             7616 kB
CmaTotal:         294912 kB
CmaFree:               0 kB
MemTotal:       12113140 kB
MemFree:         6879044 kB
MemAvailable:    8251720 kB
Buffers:            5584 kB
Cached:          1628148 kB
SwapCached:            0 kB
Active:          1317036 kB
Inactive:        1420836 kB
Active(anon):    1110816 kB
Inactive(anon):    19980 kB
Active(file):     206220 kB
Inactive(file):  1400856 kB
Unevictable:        5556 kB
Mlocked:            5556 kB
SwapTotal:       3145724 kB
SwapFree:        3145724 kB
Dirty:               104 kB
Writeback:             0 kB
AnonPages:       1109200 kB
Mapped:           809272 kB
Shmem:             22136 kB
KReclaimable:     634304 kB
Slab:             205348 kB
SReclaimable:      67644 kB
SUnreclaim:       137704 kB
KernelStack:       42096 kB
PageTables:        56272 kB
NFS_Unstable:          0 kB
Bounce:                0 kB
WritebackTmp:          0 kB
CommitLimit:     9202292 kB
Committed_AS:   57821912 kB
VmallocTotal:   263061440 kB
VmallocUsed:       99008 kB
VmallocChunk:          0 kB
Percpu:             7616 kB
CmaTotal:         294912 kB
CmaFree:             256 kB
MemTotal:       12113140 kB
MemFree:         6878248 kB
MemAvailable:    8250924 kB
Buffers:            5584 kB
Cached:          1628148 kB
SwapCached:            0 kB
Active:          1317256 kB
Inactive:        1420836 kB
Active(anon):    1111036 kB
Inactive(anon):    19980 kB
Active(file):     206220 kB
Inactive(file):  1400856 kB
Unevictable:        5556 kB
Mlocked:            5556 kB
SwapTotal:       3145724 kB
SwapFree:        3145724 kB
Dirty:               104 kB
Writeback:             0 kB
AnonPages:       1109980 kB
Mapped:           809584 kB
Shmem:             22136 kB
KReclaimable:     634304 kB
Slab:             205352 kB
SReclaimable:      67644 kB
SUnreclaim:       137708 kB
KernelStack:       42112 kB
PageTables:        56296 kB
NFS_Unstable:          0 kB
Bounce:                0 kB
WritebackTmp:          0 kB
CommitLimit:     9202292 kB
Committed_AS:   57821608 kB
VmallocTotal:   263061440 kB
VmallocUsed:       99008 kB
VmallocChunk:          0 kB
Percpu:             7616 kB
CmaTotal:         294912 kB
CmaFree:               0 kB
MemTotal:       12113140 kB
MemFree:         6879820 kB
MemAvailable:    8252496 kB
Buffers:            5584 kB
Cached:          1628148 kB
SwapCached:            0 kB
Active:          1316316 kB
Inactive:        1420836 kB
Active(anon):    1110096 kB
Inactive(anon):    19980 kB
Active(file):     206220 kB
Inactive(file):  1400856 kB
Unevictable:        5556 kB
Mlocked:            5556 kB
SwapTotal:       3145724 kB
SwapFree:        3145724 kB
Dirty:               104 kB
Writeback:             0 kB
AnonPages:       1108828 kB
Mapped:           809288 kB
Shmem:             22136 kB
KReclaimable:     634304 kB
Slab:             205352 kB
SReclaimable:      67644 kB
SUnreclaim:       137708 kB
KernelStack:       42128 kB
PageTables:        56620 kB
NFS_Unstable:          0 kB
Bounce:                0 kB
WritebackTmp:          0 kB
CommitLimit:     9202292 kB
Committed_AS:   57821316 kB
VmallocTotal:   263061440 kB
VmallocUsed:       99008 kB
VmallocChunk:          0 kB
Percpu:             7616 kB
CmaTotal:         294912 kB
CmaFree:               0 kB
MemTotal:       12113140 kB
MemFree:         6879656 kB
MemAvailable:    8252332 kB
Buffers:            5584 kB
Cached:          1628148 kB
SwapCached:            0 kB
Active:          1316948 kB
Inactive:        1420836 kB
Active(anon):    1110728 kB
Inactive(anon):    19980 kB
Active(file):     206220 kB
Inactive(file):  1400856 kB
Unevictable:        5556 kB
Mlocked:            5556 kB
SwapTotal:       3145724 kB
SwapFree:        3145724 kB
Dirty:               104 kB
Writeback:             0 kB
AnonPages:       1109372 kB
Mapped:           809340 kB
Shmem:             22136 kB
KReclaimable:     634304 kB
Slab:             205352 kB
SReclaimable:      67644 kB
SUnreclaim:       137708 kB
KernelStack:       42096 kB
PageTables:        56312 kB
NFS_Unstable:          0 kB
Bounce:                0 kB
WritebackTmp:          0 kB
CommitLimit:     9202292 kB
Committed_AS:   57820724 kB
VmallocTotal:   263061440 kB
VmallocUsed:       99008 kB
VmallocChunk:          0 kB
Percpu:             7616 kB
CmaTotal:         294912 kB
CmaFree:               0 kB
MemTotal:       12113140 kB
MemFree:         6879368 kB
MemAvailable:    8252044 kB
Buffers:            5584 kB
Cached:          1628148 kB
SwapCached:            0 kB
Active:          1317200 kB
Inactive:        1420836 kB
Active(anon):    1110980 kB
Inactive(anon):    19980 kB
Active(file):     206220 kB
Inactive(file):  1400856 kB
Unevictable:        5556 kB
Mlocked:            5556 kB
SwapTotal:       3145724 kB
SwapFree:        3145724 kB
Dirty:               104 kB
Writeback:             0 kB
AnonPages:       1109992 kB
Mapped:           809332 kB
Shmem:             22136 kB
KReclaimable:     634304 kB
Slab:             204888 kB
SReclaimable:      67644 kB
SUnreclaim:       137244 kB
KernelStack:       42112 kB
PageTables:        56304 kB
NFS_Unstable:          0 kB
Bounce:                0 kB
WritebackTmp:          0 kB
CommitLimit:     9202292 kB
Committed_AS:   57820328 kB
VmallocTotal:   263061440 kB
VmallocUsed:       99008 kB
VmallocChunk:          0 kB
Percpu:             7616 kB
CmaTotal:         294912 kB
CmaFree:               0 kB
MemTotal:       12113140 kB
MemFree:         6878416 kB
MemAvailable:    8251092 kB
Buffers:            5584 kB
Cached:          1628148 kB
SwapCached:            0 kB
Active:          1317960 kB
Inactive:        1420836 kB
Active(anon):    1111740 kB
Inactive(anon):    19980 kB
Active(file):     206220 kB
Inactive(file):  1400856 kB
Unevictable:        5556 kB
Mlocked:            5556 kB
SwapTotal:       3145724 kB
SwapFree:        3145724 kB
Dirty:               104 kB
Writeback:             0 kB
AnonPages:       1110704 kB
Mapped:           809336 kB
Shmem:             22136 kB
KReclaimable:     634304 kB
Slab:             204888 kB
SReclaimable:      67644 kB
SUnreclaim:       137244 kB
KernelStack:       42096 kB
PageTables:        56308 kB
NFS_Unstable:          0 kB
Bounce:                0 kB
WritebackTmp:          0 kB
CommitLimit:     9202292 kB
Committed_AS:   57819932 kB
VmallocTotal:   263061440 kB
VmallocUsed:       99008 kB
VmallocChunk:          0 kB
Percpu:             7616 kB
CmaTotal:         294912 kB
CmaFree:               0 kB
MemTotal:       12113140 kB
MemFree:         6879008 kB
MemAvailable:    8251680 kB
Buffers:            5584 kB
Cached:          1628140 kB
SwapCached:            0 kB
Active:          1318244 kB
Inactive:        1420832 kB
Active(anon):    1112028 kB
Inactive(anon):    19980 kB
Active(file):     206216 kB
Inactive(file):  1400852 kB
Unevictable:        5556 kB
Mlocked:            5556 kB
SwapTotal:       3145724 kB
SwapFree:        3145724 kB
Dirty:                96 kB
Writeback:             0 kB
AnonPages:       1111044 kB
Mapped:           809596 kB
Shmem:             22136 kB
KReclaimable:     634308 kB
Slab:             204892 kB
SReclaimable:      67648 kB
SUnreclaim:       137244 kB
KernelStack:       42080 kB
PageTables:        56308 kB
NFS_Unstable:          0 kB
Bounce:                0 kB
WritebackTmp:          0 kB
CommitLimit:     9202292 kB
Committed_AS:   57823436 kB
VmallocTotal:   263061440 kB
VmallocUsed:       99024 kB
VmallocChunk:          0 kB
Percpu:             7616 kB
CmaTotal:         294912 kB
CmaFree:              44 kB
MemTotal:       12113140 kB
MemFree:         6878924 kB
MemAvailable:    8251604 kB
Buffers:            5584 kB
Cached:          1628148 kB
SwapCached:            0 kB
Active:          1318712 kB
Inactive:        1420836 kB
Active(anon):    1112492 kB
Inactive(anon):    19980 kB
Active(file):     206220 kB
Inactive(file):  1400856 kB
Unevictable:        5556 kB
Mlocked:            5556 kB
SwapTotal:       3145724 kB
SwapFree:        3145724 kB
Dirty:               120 kB
Writeback:             0 kB
AnonPages:       1111448 kB
Mapped:           809340 kB
Shmem:             22136 kB
KReclaimable:     634308 kB
Slab:             204892 kB
SReclaimable:      67648 kB
SUnreclaim:       137244 kB
KernelStack:       42096 kB
PageTables:        56304 kB
NFS_Unstable:          0 kB
Bounce:                0 kB
WritebackTmp:          0 kB
CommitLimit:     9202292 kB
Committed_AS:   57825172 kB
VmallocTotal:   263061440 kB
VmallocUsed:       99024 kB
VmallocChunk:          0 kB
Percpu:             7616 kB
CmaTotal:         294912 kB
CmaFree:               0 kB
MemTotal:       12113140 kB
MemFree:         6878588 kB
MemAvailable:    8251268 kB
Buffers:            5584 kB
Cached:          1628148 kB
SwapCached:            0 kB
Active:          1319080 kB
Inactive:        1420836 kB
Active(anon):    1112860 kB
Inactive(anon):    19980 kB
Active(file):     206220 kB
Inactive(file):  1400856 kB
Unevictable:        5556 kB
Mlocked:            5556 kB
SwapTotal:       3145724 kB
SwapFree:        3145724 kB
Dirty:               120 kB
Writeback:             0 kB
AnonPages:       1111884 kB
Mapped:           809440 kB
Shmem:             22136 kB
KReclaimable:     634308 kB
Slab:             204892 kB
SReclaimable:      67648 kB
SUnreclaim:       137244 kB
KernelStack:       42132 kB
PageTables:        56492 kB
NFS_Unstable:          0 kB
Bounce:                0 kB
WritebackTmp:          0 kB
CommitLimit:     9202292 kB
Committed_AS:   57825460 kB
VmallocTotal:   263061440 kB
VmallocUsed:       99024 kB
VmallocChunk:          0 kB
Percpu:             7616 kB
CmaTotal:         294912 kB
CmaFree:               0 kB
MemTotal:       12113140 kB
MemFree:         6878320 kB
MemAvailable:    8251000 kB
Buffers:            5584 kB
Cached:          1628148 kB
SwapCached:            0 kB
Active:          1319380 kB
Inactive:        1420836 kB
Active(anon):    1113160 kB
Inactive(anon):    19980 kB
Active(file):     206220 kB
Inactive(file):  1400856 kB
Unevictable:        5556 kB
Mlocked:            5556 kB
SwapTotal:       3145724 kB
SwapFree:        3145724 kB
Dirty:               120 kB
Writeback:             0 kB
AnonPages:       1112028 kB
Mapped:           809336 kB
Shmem:             22136 kB
KReclaimable:     634308 kB
Slab:             204892 kB
SReclaimable:      67648 kB
SUnreclaim:       137244 kB
KernelStack:       42096 kB
PageTables:        56276 kB
NFS_Unstable:          0 kB
Bounce:                0 kB
WritebackTmp:          0 kB
CommitLimit:     9202292 kB
Committed_AS:   57825008 kB
VmallocTotal:   263061440 kB
VmallocUsed:       98992 kB
VmallocChunk:          0 kB
Percpu:             7616 kB
CmaTotal:         294912 kB
CmaFree:               0 kB
MemTotal:       12113140 kB
MemFree:         6878416 kB
MemAvailable:    8251104 kB
Buffers:            5584 kB
Cached:          1628156 kB
SwapCached:            0 kB
Active:          1319732 kB
Inactive:        1420840 kB
Active(anon):    1113508 kB
Inactive(anon):    19980 kB
Active(file):     206224 kB
Inactive(file):  1400860 kB
Unevictable:        5556 kB
Mlocked:            5556 kB
SwapTotal:       3145724 kB
SwapFree:        3145724 kB
Dirty:               128 kB
Writeback:             0 kB
AnonPages:       1112600 kB
Mapped:           809332 kB
Shmem:             22136 kB
KReclaimable:     634308 kB
Slab:             204892 kB
SReclaimable:      67648 kB
SUnreclaim:       137244 kB
KernelStack:       42096 kB
PageTables:        56304 kB
NFS_Unstable:          0 kB
Bounce:                0 kB
WritebackTmp:          0 kB
CommitLimit:     9202292 kB
Committed_AS:   57824612 kB
VmallocTotal:   263061440 kB
VmallocUsed:       98992 kB
VmallocChunk:          0 kB
Percpu:             7616 kB
CmaTotal:         294912 kB
CmaFree:               0 kB
MemTotal:       12113140 kB
MemFree:         6878008 kB
MemAvailable:    8250688 kB
Buffers:            5584 kB
Cached:          1628148 kB
SwapCached:            0 kB
Active:          1320520 kB
Inactive:        1420836 kB
Active(anon):    1114300 kB
Inactive(anon):    19980 kB
Active(file):     206220 kB
Inactive(file):  1400856 kB
Unevictable:        5556 kB
Mlocked:            5556 kB
SwapTotal:       3145724 kB
SwapFree:        3145724 kB
Dirty:               120 kB
Writeback:             0 kB
AnonPages:       1113228 kB
Mapped:           809524 kB
Shmem:             22136 kB
KReclaimable:     634308 kB
Slab:             204892 kB
SReclaimable:      67648 kB
SUnreclaim:       137244 kB
KernelStack:       42132 kB
PageTables:        56248 kB
NFS_Unstable:          0 kB
Bounce:                0 kB
WritebackTmp:          0 kB
CommitLimit:     9202292 kB
Committed_AS:   57824976 kB
VmallocTotal:   263061440 kB
VmallocUsed:       99008 kB
VmallocChunk:          0 kB
Percpu:             7616 kB
CmaTotal:         294912 kB
CmaFree:               0 kB
MemTotal:       12113140 kB
MemFree:         6876896 kB
MemAvailable:    8249600 kB
Buffers:            5592 kB
Cached:          1628164 kB
SwapCached:            0 kB
Active:          1320952 kB
Inactive:        1420856 kB
Active(anon):    1114728 kB
Inactive(anon):    19980 kB
Active(file):     206224 kB
Inactive(file):  1400876 kB
Unevictable:        5556 kB
Mlocked:            5556 kB
SwapTotal:       3145724 kB
SwapFree:        3145724 kB
Dirty:               108 kB
Writeback:             0 kB
AnonPages:       1113496 kB
Mapped:           809404 kB
Shmem:             22136 kB
KReclaimable:     634308 kB
Slab:             204892 kB
SReclaimable:      67648 kB
SUnreclaim:       137244 kB
KernelStack:       42096 kB
PageTables:        56304 kB
NFS_Unstable:          0 kB
Bounce:                0 kB
WritebackTmp:          0 kB
CommitLimit:     9202292 kB
Committed_AS:   57824780 kB
VmallocTotal:   263061440 kB
VmallocUsed:       99008 kB
VmallocChunk:          0 kB
Percpu:             7616 kB
CmaTotal:         294912 kB
CmaFree:              40 kB
MemTotal:       12113140 kB
MemFree:         6876148 kB
MemAvailable:    8248848 kB
Buffers:            5592 kB
Cached:          1628160 kB
SwapCached:            0 kB
Active:          1321768 kB
Inactive:        1420844 kB
Active(anon):    1115536 kB
Inactive(anon):    19980 kB
Active(file):     206232 kB
Inactive(file):  1400864 kB
Unevictable:        5556 kB
Mlocked:            5556 kB
SwapTotal:       3145724 kB
SwapFree:        3145724 kB
Dirty:               112 kB
Writeback:             0 kB
AnonPages:       1114692 kB
Mapped:           809584 kB
Shmem:             22136 kB
KReclaimable:     634308 kB
Slab:             204892 kB
SReclaimable:      67648 kB
SUnreclaim:       137244 kB
KernelStack:       42112 kB
PageTables:        56300 kB
NFS_Unstable:          0 kB
Bounce:                0 kB
WritebackTmp:          0 kB
CommitLimit:     9202292 kB
Committed_AS:   57824516 kB
VmallocTotal:   263061440 kB
VmallocUsed:       99008 kB
VmallocChunk:          0 kB
Percpu:             7616 kB
CmaTotal:         294912 kB
CmaFree:               0 kB
MemTotal:       12113140 kB
MemFree:         6875212 kB
MemAvailable:    8247908 kB
Buffers:            5592 kB
Cached:          1628164 kB
SwapCached:            0 kB
Active:          1321996 kB
Inactive:        1420852 kB
Active(anon):    1115768 kB
Inactive(anon):    19988 kB
Active(file):     206228 kB
Inactive(file):  1400864 kB
Unevictable:        5556 kB
Mlocked:            5556 kB
SwapTotal:       3145724 kB
SwapFree:        3145724 kB
Dirty:               108 kB
Writeback:             0 kB
AnonPages:       1114464 kB
Mapped:           809540 kB
Shmem:             22144 kB
KReclaimable:     634308 kB
Slab:             204892 kB
SReclaimable:      67648 kB
SUnreclaim:       137244 kB
KernelStack:       42112 kB
PageTables:        56256 kB
NFS_Unstable:          0 kB
Bounce:                0 kB
WritebackTmp:          0 kB
CommitLimit:     9202292 kB
Committed_AS:   57824604 kB
VmallocTotal:   263061440 kB
VmallocUsed:       99024 kB
VmallocChunk:          0 kB
Percpu:             7616 kB
CmaTotal:         294912 kB
CmaFree:               0 kB
MemTotal:       12113140 kB
MemFree:         6875736 kB
MemAvailable:    8248432 kB
Buffers:            5592 kB
Cached:          1628164 kB
SwapCached:            0 kB
Active:          1322336 kB
Inactive:        1420852 kB
Active(anon):    1116108 kB
Inactive(anon):    19988 kB
Active(file):     206228 kB
Inactive(file):  1400864 kB
Unevictable:        5556 kB
Mlocked:            5556 kB
SwapTotal:       3145724 kB
SwapFree:        3145724 kB
Dirty:               108 kB
Writeback:             0 kB
AnonPages:       1115288 kB
Mapped:           809344 kB
Shmem:             22144 kB
KReclaimable:     634308 kB
Slab:             204892 kB
SReclaimable:      67648 kB
SUnreclaim:       137244 kB
KernelStack:       42128 kB
PageTables:        56316 kB
NFS_Unstable:          0 kB
Bounce:                0 kB
WritebackTmp:          0 kB
CommitLimit:     9202292 kB
Committed_AS:   57824568 kB
VmallocTotal:   263061440 kB
VmallocUsed:       99008 kB
VmallocChunk:          0 kB
Percpu:             7616 kB
CmaTotal:         294912 kB
CmaFree:               0 kB
MemTotal:       12113140 kB
MemFree:         6874212 kB
MemAvailable:    8246908 kB
Buffers:            5592 kB
Cached:          1628164 kB
SwapCached:            0 kB
Active:          1322676 kB
Inactive:        1420852 kB
Active(anon):    1116448 kB
Inactive(anon):    19988 kB
Active(file):     206228 kB
Inactive(file):  1400864 kB
Unevictable:        5556 kB
Mlocked:            5556 kB
SwapTotal:       3145724 kB
SwapFree:        3145724 kB
Dirty:               108 kB
Writeback:             0 kB
AnonPages:       1115768 kB
Mapped:           809600 kB
Shmem:             22144 kB
KReclaimable:     634308 kB
Slab:             204892 kB
SReclaimable:      67648 kB
SUnreclaim:       137244 kB
KernelStack:       42112 kB
PageTables:        56308 kB
NFS_Unstable:          0 kB
Bounce:                0 kB
WritebackTmp:          0 kB
CommitLimit:     9202292 kB
Committed_AS:   57824348 kB
VmallocTotal:   263061440 kB
VmallocUsed:       99008 kB
VmallocChunk:          0 kB
Percpu:             7616 kB
CmaTotal:         294912 kB
CmaFree:               0 kB
MemTotal:       12113140 kB
MemFree:         6875740 kB
MemAvailable:    8248452 kB
Buffers:            5592 kB
Cached:          1628180 kB
SwapCached:            0 kB
Active:          1318608 kB
Inactive:        1420864 kB
Active(anon):    1112376 kB
Inactive(anon):    19988 kB
Active(file):     206232 kB
Inactive(file):  1400876 kB
Unevictable:        5556 kB
Mlocked:            5556 kB
SwapTotal:       3145724 kB
SwapFree:        3145724 kB
Dirty:               116 kB
Writeback:             0 kB
AnonPages:       1111156 kB
Mapped:           809608 kB
Shmem:             22144 kB
KReclaimable:     634308 kB
Slab:             204892 kB
SReclaimable:      67648 kB
SUnreclaim:       137244 kB
KernelStack:       42112 kB
PageTables:        56312 kB
NFS_Unstable:          0 kB
Bounce:                0 kB
WritebackTmp:          0 kB
CommitLimit:     9202292 kB
Committed_AS:   57824260 kB
VmallocTotal:   263061440 kB
VmallocUsed:       98992 kB
VmallocChunk:          0 kB
Percpu:             7616 kB
CmaTotal:         294912 kB
CmaFree:             216 kB
MemTotal:       12113140 kB
MemFree:         6877124 kB
MemAvailable:    8249820 kB
Buffers:            5592 kB
Cached:          1628164 kB
SwapCached:            0 kB
Active:          1319364 kB
Inactive:        1420852 kB
Active(anon):    1113136 kB
Inactive(anon):    19988 kB
Active(file):     206228 kB
Inactive(file):  1400864 kB
Unevictable:        5556 kB
Mlocked:            5556 kB
SwapTotal:       3145724 kB
SwapFree:        3145724 kB
Dirty:               108 kB
Writeback:             0 kB
AnonPages:       1111876 kB
Mapped:           809652 kB
Shmem:             22144 kB
KReclaimable:     634308 kB
Slab:             204892 kB
SReclaimable:      67648 kB
SUnreclaim:       137244 kB
KernelStack:       42144 kB
PageTables:        56472 kB
NFS_Unstable:          0 kB
Bounce:                0 kB
WritebackTmp:          0 kB
CommitLimit:     9202292 kB
Committed_AS:   57819056 kB
VmallocTotal:   263061440 kB
VmallocUsed:       99008 kB
VmallocChunk:          0 kB
Percpu:             7616 kB
CmaTotal:         294912 kB
CmaFree:               0 kB
MemTotal:       12113140 kB
MemFree:         6876456 kB
MemAvailable:    8249160 kB
Buffers:            5592 kB
Cached:          1628172 kB
SwapCached:            0 kB
Active:          1319920 kB
Inactive:        1420856 kB
Active(anon):    1113688 kB
Inactive(anon):    19988 kB
Active(file):     206232 kB
Inactive(file):  1400868 kB
Unevictable:        5556 kB
Mlocked:            5556 kB
SwapTotal:       3145724 kB
SwapFree:        3145724 kB
Dirty:               116 kB
Writeback:             0 kB
AnonPages:       1112092 kB
Mapped:           809572 kB
Shmem:             22144 kB
KReclaimable:     634308 kB
Slab:             204892 kB
SReclaimable:      67648 kB
SUnreclaim:       137244 kB
KernelStack:       42144 kB
PageTables:        56268 kB
NFS_Unstable:          0 kB
Bounce:                0 kB
WritebackTmp:          0 kB
CommitLimit:     9202292 kB
Committed_AS:   57818916 kB
VmallocTotal:   263061440 kB
VmallocUsed:       98992 kB
