MemTotal:       12113136 kB
MemFree:         6269552 kB
MemAvailable:    7882996 kB
Buffers:            5352 kB
Cached:          1839104 kB
SwapCached:            0 kB
Active:          1537648 kB
Inactive:        1606328 kB
Active(anon):    1305888 kB
Inactive(anon):    23816 kB
Active(file):     231760 kB
Inactive(file):  1582512 kB
Unevictable:        5508 kB
Mlocked:            5508 kB
SwapTotal:       3145724 kB
SwapFree:        3145724 kB
Dirty:               252 kB
Writeback:             0 kB
AnonPages:       1304876 kB
Mapped:           878768 kB
Shmem:             25732 kB
KReclaimable:     667876 kB
Slab:             229076 kB
SReclaimable:      77744 kB
SUnreclaim:       151332 kB
KernelStack:       48488 kB
PageTables:        68700 kB
NFS_Unstable:          0 kB
Bounce:                0 kB
WritebackTmp:          0 kB
CommitLimit:     9202292 kB
Committed_AS:   76602124 kB
VmallocTotal:   263061440 kB
VmallocUsed:      105504 kB
VmallocChunk:          0 kB
Percpu:             7616 kB
CmaTotal:         294912 kB
CmaFree:               0 kB
MemTotal:       12113136 kB
MemFree:         6268536 kB
MemAvailable:    7882092 kB
Buffers:            5352 kB
Cached:          1839236 kB
SwapCached:            0 kB
Active:          1537948 kB
Inactive:        1606416 kB
Active(anon):    1306144 kB
Inactive(anon):    23836 kB
Active(file):     231804 kB
Inactive(file):  1582580 kB
Unevictable:        5508 kB
Mlocked:            5508 kB
SwapTotal:       3145724 kB
SwapFree:        3145724 kB
Dirty:               372 kB
Writeback:             0 kB
AnonPages:       1305308 kB
Mapped:           878720 kB
Shmem:             25752 kB
KReclaimable:     667876 kB
Slab:             229136 kB
SReclaimable:      77744 kB
SUnreclaim:       151392 kB
KernelStack:       48528 kB
PageTables:        68668 kB
NFS_Unstable:          0 kB
Bounce:                0 kB
WritebackTmp:          0 kB
CommitLimit:     9202292 kB
Committed_AS:   76607124 kB
VmallocTotal:   263061440 kB
VmallocUsed:      105552 kB
VmallocChunk:          0 kB
Percpu:             7616 kB
CmaTotal:         294912 kB
CmaFree:               0 kB
MemTotal:       12113136 kB
MemFree:         6267772 kB
MemAvailable:    7881328 kB
Buffers:            5352 kB
Cached:          1839236 kB
SwapCached:            0 kB
Active:          1538980 kB
Inactive:        1606416 kB
Active(anon):    1307176 kB
Inactive(anon):    23836 kB
Active(file):     231804 kB
Inactive(file):  1582580 kB
Unevictable:        5508 kB
Mlocked:            5508 kB
SwapTotal:       3145724 kB
SwapFree:        3145724 kB
Dirty:               404 kB
Writeback:             0 kB
AnonPages:       1306316 kB
Mapped:           878952 kB
Shmem:             25752 kB
KReclaimable:     667876 kB
Slab:             229108 kB
SReclaimable:      77744 kB
SUnreclaim:       151364 kB
KernelStack:       48528 kB
PageTables:        68648 kB
NFS_Unstable:          0 kB
Bounce:                0 kB
WritebackTmp:          0 kB
CommitLimit:     9202292 kB
Committed_AS:   76606788 kB
VmallocTotal:   263061440 kB
VmallocUsed:      105536 kB
VmallocChunk:          0 kB
Percpu:             7616 kB
CmaTotal:         294912 kB
CmaFree:               0 kB
MemTotal:       12113136 kB
MemFree:         6266416 kB
MemAvailable:    7880004 kB
Buffers:            5352 kB
Cached:          1839276 kB
SwapCached:            0 kB
Active:          1540936 kB
Inactive:        1606456 kB
Active(anon):    1309132 kB
Inactive(anon):    23844 kB
Active(file):     231804 kB
Inactive(file):  1582612 kB
Unevictable:        5508 kB
Mlocked:            5508 kB
SwapTotal:       3145724 kB
SwapFree:        3145724 kB
Dirty:               472 kB
Writeback:             0 kB
AnonPages:       1308288 kB
Mapped:           878952 kB
Shmem:             25760 kB
KReclaimable:     667876 kB
Slab:             229140 kB
SReclaimable:      77744 kB
SUnreclaim:       151396 kB
KernelStack:       48544 kB
PageTables:        68708 kB
NFS_Unstable:          0 kB
Bounce:                0 kB
WritebackTmp:          0 kB
CommitLimit:     9202292 kB
Committed_AS:   76607316 kB
VmallocTotal:   263061440 kB
VmallocUsed:      105536 kB
VmallocChunk:          0 kB
Percpu:             7616 kB
CmaTotal:         294912 kB
CmaFree:               0 kB
MemTotal:       12113136 kB
MemFree:         6264620 kB
MemAvailable:    7878208 kB
Buffers:            5352 kB
Cached:          1839288 kB
SwapCached:            0 kB
Active:          1542260 kB
Inactive:        1606468 kB
Active(anon):    1310456 kB
Inactive(anon):    23856 kB
Active(file):     231804 kB
Inactive(file):  1582612 kB
Unevictable:        5508 kB
Mlocked:            5508 kB
SwapTotal:       3145724 kB
SwapFree:        3145724 kB
Dirty:               476 kB
Writeback:             0 kB
AnonPages:       1309600 kB
Mapped:           878976 kB
Shmem:             25772 kB
KReclaimable:     667876 kB
Slab:             229132 kB
SReclaimable:      77744 kB
SUnreclaim:       151388 kB
KernelStack:       48560 kB
PageTables:        68752 kB
NFS_Unstable:          0 kB
Bounce:                0 kB
WritebackTmp:          0 kB
CommitLimit:     9202292 kB
Committed_AS:   76607052 kB
VmallocTotal:   263061440 kB
VmallocUsed:      105552 kB
VmallocChunk:          0 kB
Percpu:             7616 kB
CmaTotal:         294912 kB
CmaFree:               0 kB
MemTotal:       12113136 kB
MemFree:         6263588 kB
MemAvailable:    7879248 kB
Buffers:            5352 kB
Cached:          1839192 kB
SwapCached:            0 kB
Active:          1545416 kB
Inactive:        1606396 kB
Active(anon):    1313612 kB
Inactive(anon):    23764 kB
Active(file):     231804 kB
Inactive(file):  1582632 kB
Unevictable:        5508 kB
Mlocked:            5508 kB
SwapTotal:       3145724 kB
SwapFree:        3145724 kB
Dirty:               532 kB
Writeback:             0 kB
AnonPages:       1312860 kB
Mapped:           878116 kB
Shmem:             25656 kB
KReclaimable:     669928 kB
Slab:             229160 kB
SReclaimable:      77744 kB
SUnreclaim:       151416 kB
KernelStack:       48560 kB
PageTables:        68672 kB
NFS_Unstable:          0 kB
Bounce:                0 kB
WritebackTmp:          0 kB
CommitLimit:     9202292 kB
Committed_AS:   76610392 kB
VmallocTotal:   263061440 kB
VmallocUsed:      105552 kB
VmallocChunk:          0 kB
Percpu:             7616 kB
CmaTotal:         294912 kB
CmaFree:               0 kB
MemTotal:       12113136 kB
MemFree:         6294036 kB
MemAvailable:    7909456 kB
Buffers:            5352 kB
Cached:          1839208 kB
SwapCached:            0 kB
Active:          1509252 kB
Inactive:        1606412 kB
Active(anon):    1277448 kB
Inactive(anon):    23768 kB
Active(file):     231804 kB
Inactive(file):  1582644 kB
Unevictable:        5508 kB
Mlocked:            5508 kB
SwapTotal:       3145724 kB
SwapFree:        3145724 kB
Dirty:               544 kB
Writeback:             0 kB
AnonPages:       1276564 kB
Mapped:           877988 kB
Shmem:             25660 kB
KReclaimable:     669928 kB
Slab:             229152 kB
SReclaimable:      77744 kB
SUnreclaim:       151408 kB
KernelStack:       48576 kB
PageTables:        68556 kB
NFS_Unstable:          0 kB
Bounce:                0 kB
WritebackTmp:          0 kB
CommitLimit:     9202292 kB
Committed_AS:   76605400 kB
VmallocTotal:   263061440 kB
VmallocUsed:      105568 kB
VmallocChunk:          0 kB
Percpu:             7616 kB
CmaTotal:         294912 kB
CmaFree:             184 kB
MemTotal:       12113136 kB
MemFree:         6295320 kB
MemAvailable:    7911000 kB
Buffers:            5352 kB
Cached:          1839216 kB
SwapCached:            0 kB
Active:          1509812 kB
Inactive:        1606420 kB
Active(anon):    1278008 kB
Inactive(anon):    23768 kB
Active(file):     231804 kB
Inactive(file):  1582652 kB
Unevictable:        5508 kB
Mlocked:            5508 kB
SwapTotal:       3145724 kB
SwapFree:        3145724 kB
Dirty:               552 kB
Writeback:             0 kB
AnonPages:       1277220 kB
Mapped:           878228 kB
Shmem:             25660 kB
KReclaimable:     669928 kB
Slab:             229164 kB
SReclaimable:      77744 kB
SUnreclaim:       151420 kB
KernelStack:       48576 kB
PageTables:        68720 kB
NFS_Unstable:          0 kB
Bounce:                0 kB
WritebackTmp:          0 kB
CommitLimit:     9202292 kB
Committed_AS:   76606888 kB
VmallocTotal:   263061440 kB
VmallocUsed:      105520 kB
VmallocChunk:          0 kB
Percpu:             7616 kB
CmaTotal:         294912 kB
CmaFree:               0 kB
MemTotal:       12113136 kB
MemFree:         6276884 kB
MemAvailable:    7892580 kB
Buffers:            5352 kB
Cached:          1847788 kB
SwapCached:            0 kB
Active:          1522064 kB
Inactive:        1614992 kB
Active(anon):    1290260 kB
Inactive(anon):    32324 kB
Active(file):     231804 kB
Inactive(file):  1582668 kB
Unevictable:        5508 kB
Mlocked:            5508 kB
SwapTotal:       3145724 kB
SwapFree:        3145724 kB
Dirty:               584 kB
Writeback:             0 kB
AnonPages:       1289540 kB
Mapped:           886648 kB
Shmem:             34216 kB
KReclaimable:     669928 kB
Slab:             229156 kB
SReclaimable:      77744 kB
SUnreclaim:       151412 kB
KernelStack:       48560 kB
PageTables:        68632 kB
NFS_Unstable:          0 kB
Bounce:                0 kB
WritebackTmp:          0 kB
CommitLimit:     9202292 kB
Committed_AS:   76619228 kB
VmallocTotal:   263061440 kB
VmallocUsed:      105568 kB
VmallocChunk:          0 kB
Percpu:             7616 kB
CmaTotal:         294912 kB
CmaFree:               0 kB
MemTotal:       12113136 kB
MemFree:         6269128 kB
MemAvailable:    7884860 kB
Buffers:            5356 kB
Cached:          1839268 kB
SwapCached:            0 kB
Active:          1536052 kB
Inactive:        1606472 kB
Active(anon):    1304244 kB
Inactive(anon):    23772 kB
Active(file):     231808 kB
Inactive(file):  1582700 kB
Unevictable:        5508 kB
Mlocked:            5508 kB
SwapTotal:       3145724 kB
SwapFree:        3145724 kB
Dirty:               244 kB
Writeback:             0 kB
AnonPages:       1303440 kB
Mapped:           878104 kB
Shmem:             25664 kB
KReclaimable:     669928 kB
Slab:             229136 kB
SReclaimable:      77744 kB
SUnreclaim:       151392 kB
KernelStack:       48592 kB
PageTables:        68732 kB
NFS_Unstable:          0 kB
Bounce:                0 kB
WritebackTmp:          0 kB
CommitLimit:     9202292 kB
Committed_AS:   76609744 kB
VmallocTotal:   263061440 kB
VmallocUsed:      105552 kB
VmallocChunk:          0 kB
Percpu:             7616 kB
CmaTotal:         294912 kB
CmaFree:               0 kB
MemTotal:       12113136 kB
MemFree:         6287240 kB
MemAvailable:    7902980 kB
Buffers:            5356 kB
Cached:          1839276 kB
SwapCached:            0 kB
Active:          1517248 kB
Inactive:        1606480 kB
Active(anon):    1285440 kB
Inactive(anon):    23772 kB
Active(file):     231808 kB
Inactive(file):  1582708 kB
Unevictable:        5508 kB
Mlocked:            5508 kB
SwapTotal:       3145724 kB
SwapFree:        3145724 kB
Dirty:               264 kB
Writeback:             0 kB
AnonPages:       1284028 kB
Mapped:           878036 kB
Shmem:             25664 kB
KReclaimable:     669928 kB
Slab:             229140 kB
SReclaimable:      77744 kB
SUnreclaim:       151396 kB
KernelStack:       48544 kB
PageTables:        68612 kB
NFS_Unstable:          0 kB
Bounce:                0 kB
WritebackTmp:          0 kB
CommitLimit:     9202292 kB
Committed_AS:   76606148 kB
VmallocTotal:   263061440 kB
VmallocUsed:      105536 kB
VmallocChunk:          0 kB
Percpu:             7616 kB
CmaTotal:         294912 kB
CmaFree:               0 kB
MemTotal:       12113136 kB
MemFree:         6265700 kB
MemAvailable:    7881448 kB
Buffers:            5356 kB
Cached:          1847976 kB
SwapCached:            0 kB
Active:          1533552 kB
Inactive:        1615180 kB
Active(anon):    1301744 kB
Inactive(anon):    32464 kB
Active(file):     231808 kB
Inactive(file):  1582716 kB
Unevictable:        5508 kB
Mlocked:            5508 kB
SwapTotal:       3145724 kB
SwapFree:        3145724 kB
Dirty:               300 kB
Writeback:             0 kB
AnonPages:       1301060 kB
Mapped:           886796 kB
Shmem:             34356 kB
KReclaimable:     669928 kB
Slab:             229148 kB
SReclaimable:      77744 kB
SUnreclaim:       151404 kB
KernelStack:       48560 kB
PageTables:        68744 kB
NFS_Unstable:          0 kB
Bounce:                0 kB
WritebackTmp:          0 kB
CommitLimit:     9202292 kB
Committed_AS:   76613888 kB
VmallocTotal:   263061440 kB
VmallocUsed:      105568 kB
VmallocChunk:          0 kB
Percpu:             7616 kB
CmaTotal:         294912 kB
CmaFree:             120 kB
MemTotal:       12113136 kB
MemFree:         6261744 kB
MemAvailable:    7877500 kB
Buffers:            5356 kB
Cached:          1839300 kB
SwapCached:            0 kB
Active:          1545036 kB
Inactive:        1606500 kB
Active(anon):    1313224 kB
Inactive(anon):    23780 kB
Active(file):     231812 kB
Inactive(file):  1582720 kB
Unevictable:        5508 kB
Mlocked:            5508 kB
SwapTotal:       3145724 kB
SwapFree:        3145724 kB
Dirty:               308 kB
Writeback:             0 kB
AnonPages:       1312224 kB
Mapped:           878104 kB
Shmem:             25672 kB
KReclaimable:     669928 kB
Slab:             229140 kB
SReclaimable:      77744 kB
SUnreclaim:       151396 kB
KernelStack:       48508 kB
PageTables:        68800 kB
NFS_Unstable:          0 kB
Bounce:                0 kB
WritebackTmp:          0 kB
CommitLimit:     9202292 kB
Committed_AS:   76609960 kB
VmallocTotal:   263061440 kB
VmallocUsed:      105536 kB
VmallocChunk:          0 kB
Percpu:             7616 kB
CmaTotal:         294912 kB
CmaFree:               4 kB
MemTotal:       12113136 kB
MemFree:         6261868 kB
MemAvailable:    7877644 kB
Buffers:            5356 kB
Cached:          1839320 kB
SwapCached:            0 kB
Active:          1545392 kB
Inactive:        1606524 kB
Active(anon):    1313584 kB
Inactive(anon):    23780 kB
Active(file):     231808 kB
Inactive(file):  1582744 kB
Unevictable:        5508 kB
Mlocked:            5508 kB
SwapTotal:       3145724 kB
SwapFree:        3145724 kB
Dirty:               344 kB
Writeback:             0 kB
AnonPages:       1312772 kB
Mapped:           878292 kB
Shmem:             25672 kB
KReclaimable:     669928 kB
Slab:             229152 kB
SReclaimable:      77744 kB
SUnreclaim:       151408 kB
KernelStack:       48576 kB
PageTables:        68740 kB
NFS_Unstable:          0 kB
Bounce:                0 kB
WritebackTmp:          0 kB
CommitLimit:     9202292 kB
Committed_AS:   76605848 kB
VmallocTotal:   263061440 kB
VmallocUsed:      105568 kB
VmallocChunk:          0 kB
Percpu:             7616 kB
CmaTotal:         294912 kB
CmaFree:               0 kB
MemTotal:       12113136 kB
MemFree:         6259184 kB
MemAvailable:    7874972 kB
Buffers:            5356 kB
Cached:          1847928 kB
SwapCached:            0 kB
Active:          1540116 kB
Inactive:        1615128 kB
Active(anon):    1308308 kB
Inactive(anon):    32372 kB
Active(file):     231808 kB
Inactive(file):  1582756 kB
Unevictable:        5508 kB
Mlocked:            5508 kB
SwapTotal:       3145724 kB
SwapFree:        3145724 kB
Dirty:               236 kB
Writeback:             0 kB
AnonPages:       1307624 kB
Mapped:           886792 kB
Shmem:             34268 kB
KReclaimable:     669928 kB
Slab:             229104 kB
SReclaimable:      77744 kB
SUnreclaim:       151360 kB
KernelStack:       48544 kB
PageTables:        68708 kB
NFS_Unstable:          0 kB
Bounce:                0 kB
WritebackTmp:          0 kB
CommitLimit:     9202292 kB
Committed_AS:   76619324 kB
VmallocTotal:   263061440 kB
VmallocUsed:      105536 kB
VmallocChunk:          0 kB
Percpu:             7616 kB
CmaTotal:         294912 kB
CmaFree:               0 kB
MemTotal:       12113136 kB
MemFree:         6259020 kB
MemAvailable:    7874820 kB
Buffers:            5356 kB
Cached:          1839344 kB
SwapCached:            0 kB
Active:          1547016 kB
Inactive:        1606548 kB
Active(anon):    1315208 kB
Inactive(anon):    23780 kB
Active(file):     231808 kB
Inactive(file):  1582768 kB
Unevictable:        5508 kB
Mlocked:            5508 kB
SwapTotal:       3145724 kB
SwapFree:        3145724 kB
Dirty:               344 kB
Writeback:             0 kB
AnonPages:       1314376 kB
Mapped:           878208 kB
Shmem:             25672 kB
KReclaimable:     669928 kB
Slab:             229172 kB
SReclaimable:      77744 kB
SUnreclaim:       151428 kB
KernelStack:       48544 kB
PageTables:        68600 kB
NFS_Unstable:          0 kB
Bounce:                0 kB
WritebackTmp:          0 kB
CommitLimit:     9202292 kB
Committed_AS:   76608032 kB
VmallocTotal:   263061440 kB
VmallocUsed:      105552 kB
VmallocChunk:          0 kB
Percpu:             7616 kB
CmaTotal:         294912 kB
CmaFree:               0 kB
MemTotal:       12113136 kB
MemFree:         6261084 kB
MemAvailable:    7876900 kB
Buffers:            5356 kB
Cached:          1839360 kB
SwapCached:            0 kB
Active:          1544260 kB
Inactive:        1606564 kB
Active(anon):    1312452 kB
Inactive(anon):    23780 kB
Active(file):     231808 kB
Inactive(file):  1582784 kB
Unevictable:        5508 kB
Mlocked:            5508 kB
SwapTotal:       3145724 kB
SwapFree:        3145724 kB
Dirty:               360 kB
Writeback:             0 kB
AnonPages:       1311484 kB
Mapped:           878412 kB
Shmem:             25672 kB
KReclaimable:     669928 kB
Slab:             229156 kB
SReclaimable:      77744 kB
SUnreclaim:       151412 kB
KernelStack:       48592 kB
PageTables:        68584 kB
NFS_Unstable:          0 kB
Bounce:                0 kB
WritebackTmp:          0 kB
CommitLimit:     9202292 kB
Committed_AS:   76605332 kB
VmallocTotal:   263061440 kB
VmallocUsed:      105568 kB
VmallocChunk:          0 kB
Percpu:             7616 kB
CmaTotal:         294912 kB
CmaFree:             204 kB
MemTotal:       12113136 kB
MemFree:         6259276 kB
MemAvailable:    7875096 kB
Buffers:            5356 kB
Cached:          1848232 kB
SwapCached:            0 kB
Active:          1536116 kB
Inactive:        1615404 kB
Active(anon):    1304308 kB
Inactive(anon):    32616 kB
Active(file):     231808 kB
Inactive(file):  1582788 kB
Unevictable:        5508 kB
Mlocked:            5508 kB
SwapTotal:       3145724 kB
SwapFree:        3145724 kB
Dirty:               380 kB
Writeback:             0 kB
AnonPages:       1303456 kB
Mapped:           887076 kB
Shmem:             34540 kB
KReclaimable:     669928 kB
Slab:             229160 kB
SReclaimable:      77744 kB
SUnreclaim:       151416 kB
KernelStack:       48592 kB
PageTables:        68740 kB
NFS_Unstable:          0 kB
Bounce:                0 kB
WritebackTmp:          0 kB
CommitLimit:     9202292 kB
Committed_AS:   76618068 kB
VmallocTotal:   263061440 kB
VmallocUsed:      105616 kB
VmallocChunk:          0 kB
Percpu:             7616 kB
CmaTotal:         294912 kB
CmaFree:            1112 kB
MemTotal:       12113136 kB
MemFree:         6270676 kB
MemAvailable:    7886508 kB
Buffers:            5356 kB
Cached:          1839376 kB
SwapCached:            0 kB
Active:          1536156 kB
Inactive:        1606580 kB
Active(anon):    1304348 kB
Inactive(anon):    23780 kB
Active(file):     231808 kB
Inactive(file):  1582800 kB
Unevictable:        5508 kB
Mlocked:            5508 kB
SwapTotal:       3145724 kB
SwapFree:        3145724 kB
Dirty:               392 kB
Writeback:             0 kB
AnonPages:       1302984 kB
Mapped:           878248 kB
Shmem:             25672 kB
KReclaimable:     669928 kB
Slab:             229168 kB
SReclaimable:      77744 kB
SUnreclaim:       151424 kB
KernelStack:       48576 kB
PageTables:        68860 kB
NFS_Unstable:          0 kB
Bounce:                0 kB
WritebackTmp:          0 kB
CommitLimit:     9202292 kB
Committed_AS:   76604288 kB
VmallocTotal:   263061440 kB
VmallocUsed:      105584 kB
VmallocChunk:          0 kB
Percpu:             7616 kB
CmaTotal:         294912 kB
CmaFree:             240 kB
MemTotal:       12113136 kB
MemFree:         6268864 kB
MemAvailable:    7884728 kB
Buffers:            5356 kB
Cached:          1839408 kB
SwapCached:            0 kB
Active:          1537012 kB
Inactive:        1606612 kB
Active(anon):    1305204 kB
Inactive(anon):    23780 kB
Active(file):     231808 kB
Inactive(file):  1582832 kB
Unevictable:        5508 kB
Mlocked:            5508 kB
SwapTotal:       3145724 kB
SwapFree:        3145724 kB
Dirty:               432 kB
Writeback:             0 kB
AnonPages:       1304420 kB
Mapped:           878208 kB
Shmem:             25672 kB
KReclaimable:     669928 kB
Slab:             229164 kB
SReclaimable:      77744 kB
SUnreclaim:       151420 kB
KernelStack:       48592 kB
PageTables:        68720 kB
NFS_Unstable:          0 kB
Bounce:                0 kB
WritebackTmp:          0 kB
CommitLimit:     9202292 kB
Committed_AS:   76610952 kB
VmallocTotal:   263061440 kB
VmallocUsed:      105584 kB
VmallocChunk:          0 kB
Percpu:             7616 kB
CmaTotal:         294912 kB
CmaFree:               0 kB
MemTotal:       12113136 kB
MemFree:         6261188 kB
MemAvailable:    7877060 kB
Buffers:            5356 kB
Cached:          1848176 kB
SwapCached:            0 kB
Active:          1538272 kB
Inactive:        1615320 kB
Active(anon):    1306464 kB
Inactive(anon):    32480 kB
Active(file):     231808 kB
Inactive(file):  1582840 kB
Unevictable:        5508 kB
Mlocked:            5508 kB
SwapTotal:       3145724 kB
SwapFree:        3145724 kB
Dirty:               440 kB
Writeback:             0 kB
AnonPages:       1305216 kB
Mapped:           886960 kB
Shmem:             34432 kB
KReclaimable:     669928 kB
Slab:             229100 kB
SReclaimable:      77744 kB
SUnreclaim:       151356 kB
KernelStack:       48592 kB
PageTables:        68716 kB
NFS_Unstable:          0 kB
Bounce:                0 kB
WritebackTmp:          0 kB
CommitLimit:     9202292 kB
Committed_AS:   76620072 kB
VmallocTotal:   263061440 kB
VmallocUsed:      105552 kB
VmallocChunk:          0 kB
Percpu:             7616 kB
CmaTotal:         294912 kB
CmaFree:              92 kB
MemTotal:       12113136 kB
MemFree:         6260032 kB
MemAvailable:    7875924 kB
Buffers:            5356 kB
Cached:          1839440 kB
SwapCached:            0 kB
Active:          1545616 kB
Inactive:        1606644 kB
Active(anon):    1313808 kB
Inactive(anon):    23784 kB
Active(file):     231808 kB
Inactive(file):  1582860 kB
Unevictable:        5508 kB
Mlocked:            5508 kB
SwapTotal:       3145724 kB
SwapFree:        3145724 kB
Dirty:               472 kB
Writeback:             0 kB
AnonPages:       1311924 kB
Mapped:           878212 kB
Shmem:             25676 kB
KReclaimable:     669928 kB
Slab:             229164 kB
SReclaimable:      77744 kB
SUnreclaim:       151420 kB
KernelStack:       48592 kB
PageTables:        68688 kB
NFS_Unstable:          0 kB
Bounce:                0 kB
WritebackTmp:          0 kB
CommitLimit:     9202292 kB
Committed_AS:   76604332 kB
VmallocTotal:   263061440 kB
VmallocUsed:      105568 kB
VmallocChunk:          0 kB
Percpu:             7616 kB
CmaTotal:         294912 kB
CmaFree:               0 kB
MemTotal:       12113136 kB
MemFree:         6258360 kB
MemAvailable:    7874256 kB
Buffers:            5356 kB
Cached:          1839672 kB
SwapCached:            0 kB
Active:          1547012 kB
Inactive:        1606488 kB
Active(anon):    1315204 kB
Inactive(anon):    23624 kB
Active(file):     231808 kB
Inactive(file):  1582864 kB
Unevictable:        5508 kB
Mlocked:            5508 kB
SwapTotal:       3145724 kB
SwapFree:        3145724 kB
Dirty:               476 kB
Writeback:             0 kB
AnonPages:       1314316 kB
Mapped:           878256 kB
Shmem:             25904 kB
KReclaimable:     669928 kB
Slab:             229152 kB
SReclaimable:      77744 kB
SUnreclaim:       151408 kB
KernelStack:       48528 kB
PageTables:        68532 kB
NFS_Unstable:          0 kB
Bounce:                0 kB
WritebackTmp:          0 kB
CommitLimit:     9202292 kB
Committed_AS:   76610420 kB
VmallocTotal:   263061440 kB
VmallocUsed:      105600 kB
VmallocChunk:          0 kB
Percpu:             7616 kB
CmaTotal:         294912 kB
CmaFree:               0 kB
MemTotal:       12113136 kB
MemFree:         6247688 kB
MemAvailable:    7863600 kB
Buffers:            5356 kB
Cached:          1848332 kB
SwapCached:            0 kB
Active:          1548556 kB
Inactive:        1615536 kB
Active(anon):    1316748 kB
Inactive(anon):    32656 kB
Active(file):     231808 kB
Inactive(file):  1582880 kB
Unevictable:        5508 kB
Mlocked:            5508 kB
SwapTotal:       3145724 kB
SwapFree:        3145724 kB
Dirty:               536 kB
Writeback:             0 kB
AnonPages:       1315948 kB
Mapped:           887256 kB
Shmem:             34548 kB
KReclaimable:     669928 kB
Slab:             229176 kB
SReclaimable:      77744 kB
SUnreclaim:       151432 kB
KernelStack:       48576 kB
PageTables:        68660 kB
NFS_Unstable:          0 kB
Bounce:                0 kB
WritebackTmp:          0 kB
CommitLimit:     9202292 kB
Committed_AS:   76612484 kB
VmallocTotal:   263061440 kB
VmallocUsed:      105584 kB
VmallocChunk:          0 kB
Percpu:             7616 kB
CmaTotal:         294912 kB
CmaFree:               0 kB
MemTotal:       12113136 kB
MemFree:         6257160 kB
MemAvailable:    7873100 kB
Buffers:            5360 kB
Cached:          1839488 kB
SwapCached:            0 kB
Active:          1549096 kB
Inactive:        1606692 kB
Active(anon):    1317284 kB
Inactive(anon):    23788 kB
Active(file):     231812 kB
Inactive(file):  1582904 kB
Unevictable:        5508 kB
Mlocked:            5508 kB
SwapTotal:       3145724 kB
SwapFree:        3145724 kB
Dirty:               516 kB
Writeback:             0 kB
AnonPages:       1316720 kB
Mapped:           878276 kB
Shmem:             25680 kB
KReclaimable:     669928 kB
Slab:             228784 kB
SReclaimable:      77744 kB
SUnreclaim:       151040 kB
KernelStack:       48432 kB
PageTables:        68868 kB
NFS_Unstable:          0 kB
Bounce:                0 kB
WritebackTmp:          0 kB
CommitLimit:     9202292 kB
Committed_AS:   76600480 kB
VmallocTotal:   263061440 kB
VmallocUsed:      105536 kB
VmallocChunk:          0 kB
Percpu:             7616 kB
CmaTotal:         294912 kB
CmaFree:              76 kB
MemTotal:       12113136 kB
MemFree:         6256064 kB
MemAvailable:    7872048 kB
Buffers:            5360 kB
Cached:          1839532 kB
SwapCached:            0 kB
Active:          1550344 kB
Inactive:        1606732 kB
Active(anon):    1318528 kB
Inactive(anon):    23788 kB
Active(file):     231816 kB
Inactive(file):  1582944 kB
Unevictable:        5508 kB
Mlocked:            5508 kB
SwapTotal:       3145724 kB
SwapFree:        3145724 kB
Dirty:               544 kB
Writeback:             0 kB
AnonPages:       1317072 kB
Mapped:           878340 kB
Shmem:             25680 kB
KReclaimable:     669928 kB
Slab:             228796 kB
SReclaimable:      77744 kB
SUnreclaim:       151052 kB
KernelStack:       48540 kB
PageTables:        68756 kB
NFS_Unstable:          0 kB
Bounce:                0 kB
WritebackTmp:          0 kB
CommitLimit:     9202292 kB
Committed_AS:   76610440 kB
VmallocTotal:   263061440 kB
VmallocUsed:      105584 kB
VmallocChunk:          0 kB
Percpu:             7616 kB
CmaTotal:         294912 kB
CmaFree:               0 kB
MemTotal:       12113136 kB
MemFree:         6247052 kB
MemAvailable:    7863012 kB
Buffers:            5360 kB
Cached:          1848380 kB
SwapCached:            0 kB
Active:          1550780 kB
Inactive:        1615584 kB
Active(anon):    1318968 kB
Inactive(anon):    32660 kB
Active(file):     231812 kB
Inactive(file):  1582924 kB
Unevictable:        5508 kB
Mlocked:            5508 kB
SwapTotal:       3145724 kB
SwapFree:        3145724 kB
Dirty:               572 kB
Writeback:             0 kB
AnonPages:       1318268 kB
Mapped:           887252 kB
Shmem:             34552 kB
KReclaimable:     669928 kB
Slab:             228780 kB
SReclaimable:      77744 kB
SUnreclaim:       151036 kB
KernelStack:       48524 kB
PageTables:        68612 kB
NFS_Unstable:          0 kB
Bounce:                0 kB
WritebackTmp:          0 kB
CommitLimit:     9202292 kB
Committed_AS:   76608820 kB
VmallocTotal:   263061440 kB
VmallocUsed:      105552 kB
VmallocChunk:          0 kB
Percpu:             7616 kB
CmaTotal:         294912 kB
CmaFree:               0 kB
MemTotal:       12113136 kB
MemFree:         6254208 kB
MemAvailable:    7870192 kB
Buffers:            5360 kB
Cached:          1839536 kB
SwapCached:            0 kB
Active:          1551404 kB
Inactive:        1606740 kB
Active(anon):    1319592 kB
Inactive(anon):    23792 kB
Active(file):     231812 kB
Inactive(file):  1582948 kB
Unevictable:        5508 kB
Mlocked:            5508 kB
SwapTotal:       3145724 kB
SwapFree:        3145724 kB
Dirty:               596 kB
Writeback:             0 kB
AnonPages:       1318340 kB
Mapped:           878392 kB
Shmem:             25684 kB
KReclaimable:     669928 kB
Slab:             228740 kB
SReclaimable:      77744 kB
SUnreclaim:       150996 kB
KernelStack:       48592 kB
PageTables:        68624 kB
NFS_Unstable:          0 kB
Bounce:                0 kB
WritebackTmp:          0 kB
CommitLimit:     9202292 kB
Committed_AS:   76605696 kB
VmallocTotal:   263061440 kB
VmallocUsed:      105552 kB
VmallocChunk:          0 kB
Percpu:             7616 kB
CmaTotal:         294912 kB
CmaFree:               0 kB
MemTotal:       12113136 kB
MemFree:         6253168 kB
MemAvailable:    7869164 kB
Buffers:            5360 kB
Cached:          1839548 kB
SwapCached:            0 kB
Active:          1551608 kB
Inactive:        1606752 kB
Active(anon):    1319796 kB
Inactive(anon):    23792 kB
Active(file):     231812 kB
Inactive(file):  1582960 kB
Unevictable:        5508 kB
Mlocked:            5508 kB
SwapTotal:       3145724 kB
SwapFree:        3145724 kB
Dirty:               648 kB
Writeback:             0 kB
AnonPages:       1319028 kB
Mapped:           878284 kB
Shmem:             25684 kB
KReclaimable:     669928 kB
Slab:             228788 kB
SReclaimable:      77744 kB
SUnreclaim:       151044 kB
KernelStack:       48560 kB
PageTables:        68672 kB
NFS_Unstable:          0 kB
Bounce:                0 kB
WritebackTmp:          0 kB
CommitLimit:     9202292 kB
Committed_AS:   76607676 kB
VmallocTotal:   263061440 kB
VmallocUsed:      105584 kB
VmallocChunk:          0 kB
Percpu:             7616 kB
CmaTotal:         294912 kB
CmaFree:               0 kB
MemTotal:       12113136 kB
MemFree:         6244956 kB
MemAvailable:    7860952 kB
Buffers:            5360 kB
Cached:          1848152 kB
SwapCached:            0 kB
Active:          1550672 kB
Inactive:        1615356 kB
Active(anon):    1318860 kB
Inactive(anon):    32396 kB
Active(file):     231812 kB
Inactive(file):  1582960 kB
Unevictable:        5508 kB
Mlocked:            5508 kB
SwapTotal:       3145724 kB
SwapFree:        3145724 kB
Dirty:               652 kB
Writeback:             0 kB
AnonPages:       1318680 kB
Mapped:           887148 kB
Shmem:             34288 kB
KReclaimable:     669928 kB
Slab:             228788 kB
SReclaimable:      77744 kB
SUnreclaim:       151044 kB
KernelStack:       48564 kB
PageTables:        68680 kB
NFS_Unstable:          0 kB
Bounce:                0 kB
WritebackTmp:          0 kB
CommitLimit:     9202292 kB
Committed_AS:   76614044 kB
VmallocTotal:   263061440 kB
VmallocUsed:      105568 kB
VmallocChunk:          0 kB
Percpu:             7616 kB
CmaTotal:         294912 kB
CmaFree:               0 kB
MemTotal:       12113136 kB
MemFree:         6253148 kB
MemAvailable:    7869136 kB
Buffers:            5360 kB
Cached:          1839540 kB
SwapCached:            0 kB
Active:          1551864 kB
Inactive:        1606748 kB
Active(anon):    1320056 kB
Inactive(anon):    23792 kB
Active(file):     231808 kB
Inactive(file):  1582956 kB
Unevictable:        5508 kB
Mlocked:            5508 kB
SwapTotal:       3145724 kB
SwapFree:        3145724 kB
Dirty:               676 kB
Writeback:             0 kB
AnonPages:       1319040 kB
Mapped:           878380 kB
Shmem:             25684 kB
KReclaimable:     669928 kB
Slab:             228780 kB
SReclaimable:      77744 kB
SUnreclaim:       151036 kB
KernelStack:       48624 kB
PageTables:        68916 kB
NFS_Unstable:          0 kB
Bounce:                0 kB
WritebackTmp:          0 kB
CommitLimit:     9202292 kB
Committed_AS:   76608188 kB
VmallocTotal:   263061440 kB
VmallocUsed:      105600 kB
VmallocChunk:          0 kB
Percpu:             7616 kB
CmaTotal:         294912 kB
CmaFree:               0 kB
MemTotal:       12113136 kB
MemFree:         6251712 kB
MemAvailable:    7867740 kB
Buffers:            5360 kB
Cached:          1839580 kB
SwapCached:            0 kB
Active:          1552996 kB
Inactive:        1606784 kB
Active(anon):    1321184 kB
Inactive(anon):    23792 kB
Active(file):     231812 kB
Inactive(file):  1582992 kB
Unevictable:        5508 kB
Mlocked:            5508 kB
SwapTotal:       3145724 kB
SwapFree:        3145724 kB
Dirty:               696 kB
Writeback:             0 kB
AnonPages:       1320040 kB
Mapped:           878168 kB
Shmem:             25684 kB
KReclaimable:     669928 kB
Slab:             228788 kB
SReclaimable:      77744 kB
SUnreclaim:       151044 kB
KernelStack:       48580 kB
PageTables:        68772 kB
NFS_Unstable:          0 kB
Bounce:                0 kB
WritebackTmp:          0 kB
CommitLimit:     9202292 kB
Committed_AS:   76610368 kB
VmallocTotal:   263061440 kB
VmallocUsed:      105632 kB
VmallocChunk:          0 kB
Percpu:             7616 kB
CmaTotal:         294912 kB
CmaFree:               0 kB
MemTotal:       12113136 kB
MemFree:         6242328 kB
MemAvailable:    7858368 kB
Buffers:            5360 kB
Cached:          1848432 kB
SwapCached:            0 kB
Active:          1553628 kB
Inactive:        1615636 kB
Active(anon):    1321816 kB
Inactive(anon):    32632 kB
Active(file):     231812 kB
Inactive(file):  1583004 kB
Unevictable:        5508 kB
Mlocked:            5508 kB
SwapTotal:       3145724 kB
SwapFree:        3145724 kB
Dirty:               720 kB
Writeback:             0 kB
AnonPages:       1320816 kB
Mapped:           887132 kB
Shmem:             34524 kB
KReclaimable:     669928 kB
Slab:             228740 kB
SReclaimable:      77744 kB
SUnreclaim:       150996 kB
KernelStack:       48608 kB
PageTables:        68344 kB
NFS_Unstable:          0 kB
Bounce:                0 kB
WritebackTmp:          0 kB
CommitLimit:     9202292 kB
Committed_AS:   76617740 kB
VmallocTotal:   263061440 kB
VmallocUsed:      105600 kB
VmallocChunk:          0 kB
Percpu:             7616 kB
CmaTotal:         294912 kB
CmaFree:               0 kB
MemTotal:       12113136 kB
MemFree:         6251796 kB
MemAvailable:    7867860 kB
Buffers:            5360 kB
Cached:          1839616 kB
SwapCached:            0 kB
Active:          1554484 kB
Inactive:        1606820 kB
Active(anon):    1322672 kB
Inactive(anon):    23792 kB
Active(file):     231812 kB
Inactive(file):  1583028 kB
Unevictable:        5508 kB
Mlocked:            5508 kB
SwapTotal:       3145724 kB
SwapFree:        3145724 kB
Dirty:               756 kB
Writeback:             0 kB
AnonPages:       1321876 kB
Mapped:           878284 kB
Shmem:             25684 kB
KReclaimable:     669928 kB
Slab:             228780 kB
SReclaimable:      77744 kB
SUnreclaim:       151036 kB
KernelStack:       48592 kB
PageTables:        68684 kB
NFS_Unstable:          0 kB
Bounce:                0 kB
WritebackTmp:          0 kB
CommitLimit:     9202292 kB
Committed_AS:   76603460 kB
VmallocTotal:   263061440 kB
VmallocUsed:      105616 kB
VmallocChunk:          0 kB
Percpu:             7616 kB
CmaTotal:         294912 kB
CmaFree:               0 kB
MemTotal:       12113136 kB
MemFree:         6251044 kB
MemAvailable:    7867124 kB
Buffers:            5360 kB
Cached:          1839632 kB
SwapCached:            0 kB
Active:          1555020 kB
Inactive:        1606836 kB
Active(anon):    1323208 kB
Inactive(anon):    23792 kB
Active(file):     231812 kB
Inactive(file):  1583044 kB
Unevictable:        5508 kB
Mlocked:            5508 kB
SwapTotal:       3145724 kB
SwapFree:        3145724 kB
Dirty:               244 kB
Writeback:             0 kB
AnonPages:       1322396 kB
Mapped:           878392 kB
Shmem:             25684 kB
KReclaimable:     669928 kB
Slab:             228780 kB
SReclaimable:      77744 kB
SUnreclaim:       151036 kB
KernelStack:       48592 kB
PageTables:        68708 kB
NFS_Unstable:          0 kB
Bounce:                0 kB
WritebackTmp:          0 kB
CommitLimit:     9202292 kB
Committed_AS:   76606896 kB
VmallocTotal:   263061440 kB
VmallocUsed:      105616 kB
VmallocChunk:          0 kB
Percpu:             7616 kB
CmaTotal:         294912 kB
CmaFree:               0 kB
MemTotal:       12113136 kB
MemFree:         6242556 kB
MemAvailable:    7858632 kB
Buffers:            5360 kB
Cached:          1848388 kB
SwapCached:            0 kB
Active:          1555516 kB
Inactive:        1615600 kB
Active(anon):    1323712 kB
Inactive(anon):    32552 kB
Active(file):     231804 kB
Inactive(file):  1583048 kB
Unevictable:        5508 kB
Mlocked:            5508 kB
SwapTotal:       3145724 kB
SwapFree:        3145724 kB
Dirty:               264 kB
Writeback:             0 kB
AnonPages:       1323144 kB
Mapped:           887148 kB
Shmem:             34444 kB
KReclaimable:     669928 kB
Slab:             228780 kB
SReclaimable:      77744 kB
SUnreclaim:       151036 kB
KernelStack:       48620 kB
PageTables:        68752 kB
NFS_Unstable:          0 kB
Bounce:                0 kB
WritebackTmp:          0 kB
CommitLimit:     9202292 kB
Committed_AS:   76619320 kB
VmallocTotal:   263061440 kB
VmallocUsed:      105600 kB
VmallocChunk:          0 kB
Percpu:             7616 kB
CmaTotal:         294912 kB
CmaFree:              12 kB
MemTotal:       12113136 kB
MemFree:         6251608 kB
MemAvailable:    7867700 kB
Buffers:            5360 kB
Cached:          1839644 kB
SwapCached:            0 kB
Active:          1554936 kB
Inactive:        1606848 kB
Active(anon):    1323124 kB
Inactive(anon):    23792 kB
Active(file):     231812 kB
Inactive(file):  1583056 kB
Unevictable:        5508 kB
Mlocked:            5508 kB
SwapTotal:       3145724 kB
SwapFree:        3145724 kB
Dirty:               312 kB
Writeback:             0 kB
AnonPages:       1322040 kB
Mapped:           878232 kB
Shmem:             25684 kB
KReclaimable:     669928 kB
Slab:             228780 kB
SReclaimable:      77744 kB
SUnreclaim:       151036 kB
KernelStack:       48564 kB
PageTables:        68464 kB
NFS_Unstable:          0 kB
Bounce:                0 kB
WritebackTmp:          0 kB
CommitLimit:     9202292 kB
Committed_AS:   76610432 kB
VmallocTotal:   263061440 kB
VmallocUsed:      105632 kB
VmallocChunk:          0 kB
Percpu:             7616 kB
CmaTotal:         294912 kB
CmaFree:             176 kB
MemTotal:       12113136 kB
MemFree:         6250668 kB
MemAvailable:    7866776 kB
Buffers:            5360 kB
Cached:          1839660 kB
SwapCached:            0 kB
Active:          1555336 kB
Inactive:        1606864 kB
Active(anon):    1323524 kB
Inactive(anon):    23792 kB
Active(file):     231812 kB
Inactive(file):  1583072 kB
Unevictable:        5508 kB
Mlocked:            5508 kB
SwapTotal:       3145724 kB
SwapFree:        3145724 kB
Dirty:               344 kB
Writeback:             0 kB
AnonPages:       1322640 kB
Mapped:           878552 kB
Shmem:             25684 kB
KReclaimable:     669928 kB
Slab:             228772 kB
SReclaimable:      77744 kB
SUnreclaim:       151028 kB
KernelStack:       48528 kB
PageTables:        68320 kB
NFS_Unstable:          0 kB
Bounce:                0 kB
WritebackTmp:          0 kB
CommitLimit:     9202292 kB
Committed_AS:   76605820 kB
VmallocTotal:   263061440 kB
VmallocUsed:      105600 kB
VmallocChunk:          0 kB
Percpu:             7616 kB
CmaTotal:         294912 kB
CmaFree:               0 kB
MemTotal:       12113136 kB
MemFree:         6247760 kB
MemAvailable:    7863884 kB
Buffers:            5360 kB
Cached:          1848544 kB
SwapCached:            0 kB
Active:          1547996 kB
Inactive:        1615748 kB
Active(anon):    1316184 kB
Inactive(anon):    32660 kB
Active(file):     231812 kB
Inactive(file):  1583088 kB
Unevictable:        5508 kB
Mlocked:            5508 kB
SwapTotal:       3145724 kB
SwapFree:        3145724 kB
Dirty:               372 kB
Writeback:             0 kB
AnonPages:       1315148 kB
Mapped:           887296 kB
Shmem:             34552 kB
KReclaimable:     669928 kB
Slab:             228796 kB
SReclaimable:      77744 kB
SUnreclaim:       151052 kB
KernelStack:       48576 kB
PageTables:        68592 kB
NFS_Unstable:          0 kB
Bounce:                0 kB
WritebackTmp:          0 kB
CommitLimit:     9202292 kB
Committed_AS:   76612256 kB
VmallocTotal:   263061440 kB
VmallocUsed:      105600 kB
VmallocChunk:          0 kB
Percpu:             7616 kB
CmaTotal:         294912 kB
CmaFree:               0 kB
MemTotal:       12113136 kB
MemFree:         6238468 kB
MemAvailable:    7854632 kB
Buffers:            5364 kB
Cached:          1844876 kB
SwapCached:            0 kB
Active:          1562336 kB
Inactive:        1611988 kB
Active(anon):    1330516 kB
Inactive(anon):    28864 kB
Active(file):     231820 kB
Inactive(file):  1583124 kB
Unevictable:        5508 kB
Mlocked:            5508 kB
SwapTotal:       3145724 kB
SwapFree:        3145724 kB
Dirty:               412 kB
Writeback:             4 kB
AnonPages:       1329064 kB
Mapped:           883780 kB
Shmem:             30844 kB
KReclaimable:     669924 kB
Slab:             228780 kB
SReclaimable:      77744 kB
SUnreclaim:       151036 kB
KernelStack:       48592 kB
PageTables:        68696 kB
NFS_Unstable:          0 kB
Bounce:                0 kB
WritebackTmp:          0 kB
CommitLimit:     9202292 kB
Committed_AS:   76618216 kB
VmallocTotal:   263061440 kB
VmallocUsed:      105600 kB
VmallocChunk:          0 kB
Percpu:             7616 kB
CmaTotal:         294912 kB
CmaFree:               0 kB
MemTotal:       12113136 kB
MemFree:         6257356 kB
MemAvailable:    7873512 kB
Buffers:            5364 kB
Cached:          1839760 kB
SwapCached:            0 kB
Active:          1546508 kB
Inactive:        1606968 kB
Active(anon):    1314696 kB
Inactive(anon):    23844 kB
Active(file):     231812 kB
Inactive(file):  1583124 kB
Unevictable:        5508 kB
Mlocked:            5508 kB
SwapTotal:       3145724 kB
SwapFree:        3145724 kB
Dirty:               432 kB
Writeback:             0 kB
AnonPages:       1313632 kB
Mapped:           879044 kB
Shmem:             25736 kB
KReclaimable:     669924 kB
Slab:             228780 kB
SReclaimable:      77744 kB
SUnreclaim:       151036 kB
KernelStack:       48560 kB
PageTables:        68544 kB
NFS_Unstable:          0 kB
Bounce:                0 kB
WritebackTmp:          0 kB
CommitLimit:     9202292 kB
Committed_AS:   76606532 kB
VmallocTotal:   263061440 kB
VmallocUsed:      105632 kB
VmallocChunk:          0 kB
Percpu:             7616 kB
CmaTotal:         294912 kB
CmaFree:              24 kB
MemTotal:       12113136 kB
MemFree:         6252020 kB
MemAvailable:    7868196 kB
Buffers:            5364 kB
Cached:          1848652 kB
SwapCached:            0 kB
Active:          1546804 kB
Inactive:        1615808 kB
Active(anon):    1314988 kB
Inactive(anon):    32668 kB
Active(file):     231816 kB
Inactive(file):  1583140 kB
Unevictable:        5508 kB
Mlocked:            5508 kB
SwapTotal:       3145724 kB
SwapFree:        3145724 kB
Dirty:               464 kB
Writeback:             0 kB
AnonPages:       1314156 kB
Mapped:           887668 kB
Shmem:             34608 kB
KReclaimable:     669924 kB
Slab:             228788 kB
SReclaimable:      77744 kB
SUnreclaim:       151044 kB
KernelStack:       48560 kB
PageTables:        68640 kB
NFS_Unstable:          0 kB
Bounce:                0 kB
WritebackTmp:          0 kB
CommitLimit:     9202292 kB
Committed_AS:   76623500 kB
VmallocTotal:   263061440 kB
VmallocUsed:      105616 kB
VmallocChunk:          0 kB
Percpu:             7616 kB
CmaTotal:         294912 kB
CmaFree:             276 kB
MemTotal:       12113136 kB
MemFree:         6260200 kB
MemAvailable:    7876376 kB
Buffers:            5364 kB
Cached:          1839576 kB
SwapCached:            0 kB
Active:          1547276 kB
Inactive:        1606776 kB
Active(anon):    1315460 kB
Inactive(anon):    23636 kB
Active(file):     231816 kB
Inactive(file):  1583140 kB
Unevictable:        5508 kB
Mlocked:            5508 kB
SwapTotal:       3145724 kB
SwapFree:        3145724 kB
Dirty:               464 kB
Writeback:             0 kB
AnonPages:       1314700 kB
Mapped:           878696 kB
Shmem:             25532 kB
KReclaimable:     669924 kB
Slab:             228804 kB
SReclaimable:      77744 kB
SUnreclaim:       151060 kB
KernelStack:       48624 kB
PageTables:        68488 kB
NFS_Unstable:          0 kB
Bounce:                0 kB
WritebackTmp:          0 kB
CommitLimit:     9202292 kB
Committed_AS:   76610828 kB
VmallocTotal:   263061440 kB
VmallocUsed:      105600 kB
VmallocChunk:          0 kB
Percpu:             7616 kB
CmaTotal:         294912 kB
CmaFree:               0 kB
MemTotal:       12113136 kB
MemFree:         6258944 kB
MemAvailable:    7875156 kB
Buffers:            5364 kB
Cached:          1839820 kB
SwapCached:            0 kB
Active:          1547968 kB
Inactive:        1607024 kB
Active(anon):    1316152 kB
Inactive(anon):    23848 kB
Active(file):     231816 kB
Inactive(file):  1583176 kB
Unevictable:        5508 kB
Mlocked:            5508 kB
SwapTotal:       3145724 kB
SwapFree:        3145724 kB
Dirty:               500 kB
Writeback:             0 kB
AnonPages:       1315448 kB
Mapped:           878908 kB
Shmem:             25740 kB
KReclaimable:     669924 kB
Slab:             228788 kB
SReclaimable:      77744 kB
SUnreclaim:       151044 kB
KernelStack:       48608 kB
PageTables:        68704 kB
NFS_Unstable:          0 kB
Bounce:                0 kB
WritebackTmp:          0 kB
CommitLimit:     9202292 kB
Committed_AS:   76603536 kB
VmallocTotal:   263061440 kB
VmallocUsed:      105568 kB
VmallocChunk:          0 kB
Percpu:             7616 kB
CmaTotal:         294912 kB
CmaFree:               0 kB
MemTotal:       12113136 kB
MemFree:         6241436 kB
MemAvailable:    7857652 kB
Buffers:            5364 kB
Cached:          1848612 kB
SwapCached:            0 kB
Active:          1555452 kB
Inactive:        1615720 kB
Active(anon):    1323636 kB
Inactive(anon):    32540 kB
Active(file):     231816 kB
Inactive(file):  1583180 kB
Unevictable:        5508 kB
Mlocked:            5508 kB
SwapTotal:       3145724 kB
SwapFree:        3145724 kB
Dirty:               216 kB
Writeback:             4 kB
AnonPages:       1315784 kB
Mapped:           887588 kB
Shmem:             34528 kB
KReclaimable:     669924 kB
Slab:             228796 kB
SReclaimable:      77744 kB
SUnreclaim:       151052 kB
KernelStack:       48544 kB
PageTables:        68576 kB
NFS_Unstable:          0 kB
Bounce:                0 kB
WritebackTmp:          0 kB
CommitLimit:     9202292 kB
Committed_AS:   76621416 kB
VmallocTotal:   263061440 kB
VmallocUsed:      105616 kB
VmallocChunk:          0 kB
Percpu:             7616 kB
CmaTotal:         294912 kB
CmaFree:               0 kB
MemTotal:       12113136 kB
MemFree:         6260224 kB
MemAvailable:    7876452 kB
Buffers:            5364 kB
Cached:          1846624 kB
SwapCached:            0 kB
Active:          1546456 kB
Inactive:        1607068 kB
Active(anon):    1314640 kB
Inactive(anon):    23876 kB
Active(file):     231816 kB
Inactive(file):  1583192 kB
Unevictable:        5508 kB
Mlocked:            5508 kB
SwapTotal:       3145724 kB
SwapFree:        3145724 kB
Dirty:               308 kB
Writeback:             0 kB
AnonPages:       1307144 kB
Mapped:           878828 kB
Shmem:             32528 kB
KReclaimable:     669924 kB
Slab:             228780 kB
SReclaimable:      77744 kB
SUnreclaim:       151036 kB
KernelStack:       48608 kB
PageTables:        68716 kB
NFS_Unstable:          0 kB
Bounce:                0 kB
WritebackTmp:          0 kB
CommitLimit:     9202292 kB
Committed_AS:   76600856 kB
VmallocTotal:   263061440 kB
VmallocUsed:      105584 kB
VmallocChunk:          0 kB
Percpu:             7616 kB
CmaTotal:         294912 kB
CmaFree:               0 kB
MemTotal:       12113136 kB
MemFree:         6265184 kB
MemAvailable:    7881440 kB
Buffers:            5364 kB
Cached:          1839864 kB
SwapCached:            0 kB
Active:          1540368 kB
Inactive:        1607072 kB
Active(anon):    1308556 kB
Inactive(anon):    23848 kB
Active(file):     231812 kB
Inactive(file):  1583224 kB
Unevictable:        5508 kB
Mlocked:            5508 kB
SwapTotal:       3145724 kB
SwapFree:        3145724 kB
Dirty:               316 kB
Writeback:             0 kB
AnonPages:       1307732 kB
Mapped:           878800 kB
Shmem:             25740 kB
KReclaimable:     669924 kB
Slab:             228780 kB
SReclaimable:      77744 kB
SUnreclaim:       151036 kB
KernelStack:       48576 kB
PageTables:        68620 kB
NFS_Unstable:          0 kB
Bounce:                0 kB
WritebackTmp:          0 kB
CommitLimit:     9202292 kB
Committed_AS:   76605208 kB
VmallocTotal:   263061440 kB
VmallocUsed:      105616 kB
VmallocChunk:          0 kB
Percpu:             7616 kB
CmaTotal:         294912 kB
CmaFree:               0 kB
MemTotal:       12113136 kB
MemFree:         6256708 kB
MemAvailable:    7872932 kB
Buffers:            5364 kB
Cached:          1840352 kB
SwapCached:            0 kB
Active:          1549584 kB
Inactive:        1607556 kB
Active(anon):    1317768 kB
Inactive(anon):    24368 kB
Active(file):     231816 kB
Inactive(file):  1583188 kB
Unevictable:        5508 kB
Mlocked:            5508 kB
SwapTotal:       3145724 kB
SwapFree:        3145724 kB
Dirty:               344 kB
Writeback:             0 kB
AnonPages:       1317080 kB
Mapped:           879452 kB
Shmem:             26260 kB
KReclaimable:     669924 kB
Slab:             228780 kB
SReclaimable:      77744 kB
SUnreclaim:       151036 kB
KernelStack:       48640 kB
PageTables:        68836 kB
NFS_Unstable:          0 kB
Bounce:                0 kB
WritebackTmp:          0 kB
CommitLimit:     9202292 kB
Committed_AS:   76615376 kB
VmallocTotal:   263061440 kB
VmallocUsed:      105632 kB
VmallocChunk:          0 kB
Percpu:             7616 kB
CmaTotal:         294912 kB
CmaFree:               0 kB
MemTotal:       12113136 kB
MemFree:         6253308 kB
MemAvailable:    7869576 kB
Buffers:            5364 kB
Cached:          1840152 kB
SwapCached:            0 kB
Active:          1550932 kB
Inactive:        1607052 kB
Active(anon):    1319116 kB
Inactive(anon):    23824 kB
Active(file):     231816 kB
Inactive(file):  1583228 kB
Unevictable:        5508 kB
Mlocked:            5508 kB
SwapTotal:       3145724 kB
SwapFree:        3145724 kB
Dirty:               352 kB
Writeback:             0 kB
AnonPages:       1317752 kB
Mapped:           879064 kB
Shmem:             26020 kB
KReclaimable:     669928 kB
Slab:             228784 kB
SReclaimable:      77748 kB
SUnreclaim:       151036 kB
KernelStack:       48656 kB
PageTables:        68592 kB
NFS_Unstable:          0 kB
Bounce:                0 kB
WritebackTmp:          0 kB
CommitLimit:     9202292 kB
Committed_AS:   76603012 kB
VmallocTotal:   263061440 kB
VmallocUsed:      105616 kB
VmallocChunk:          0 kB
Percpu:             7616 kB
CmaTotal:         294912 kB
CmaFree:               0 kB
MemTotal:       12113136 kB
MemFree:         6257636 kB
MemAvailable:    7873932 kB
Buffers:            5364 kB
Cached:          1839904 kB
SwapCached:            0 kB
Active:          1546456 kB
Inactive:        1607108 kB
Active(anon):    1314640 kB
Inactive(anon):    23852 kB
Active(file):     231816 kB
Inactive(file):  1583256 kB
Unevictable:        5508 kB
Mlocked:            5508 kB
SwapTotal:       3145724 kB
SwapFree:        3145724 kB
Dirty:               392 kB
Writeback:             0 kB
AnonPages:       1313840 kB
Mapped:           878836 kB
Shmem:             25744 kB
KReclaimable:     669928 kB
Slab:             228792 kB
SReclaimable:      77748 kB
SUnreclaim:       151044 kB
KernelStack:       48640 kB
PageTables:        68728 kB
NFS_Unstable:          0 kB
Bounce:                0 kB
WritebackTmp:          0 kB
CommitLimit:     9202292 kB
Committed_AS:   76604028 kB
VmallocTotal:   263061440 kB
VmallocUsed:      105616 kB
VmallocChunk:          0 kB
Percpu:             7616 kB
CmaTotal:         294912 kB
CmaFree:               0 kB
MemTotal:       12113136 kB
MemFree:         6242984 kB
MemAvailable:    7859292 kB
Buffers:            5364 kB
Cached:          1848236 kB
SwapCached:            0 kB
Active:          1554648 kB
Inactive:        1615440 kB
Active(anon):    1322832 kB
Inactive(anon):    32172 kB
Active(file):     231816 kB
Inactive(file):  1583268 kB
Unevictable:        5508 kB
Mlocked:            5508 kB
SwapTotal:       3145724 kB
SwapFree:        3145724 kB
Dirty:               404 kB
Writeback:             0 kB
AnonPages:       1322032 kB
Mapped:           887112 kB
Shmem:             34064 kB
KReclaimable:     669928 kB
Slab:             228792 kB
SReclaimable:      77748 kB
SUnreclaim:       151044 kB
KernelStack:       48672 kB
PageTables:        68716 kB
NFS_Unstable:          0 kB
Bounce:                0 kB
WritebackTmp:          0 kB
CommitLimit:     9202292 kB
Committed_AS:   76619620 kB
VmallocTotal:   263061440 kB
VmallocUsed:      105648 kB
VmallocChunk:          0 kB
Percpu:             7616 kB
CmaTotal:         294912 kB
CmaFree:             240 kB
MemTotal:       12113136 kB
MemFree:         6258532 kB
MemAvailable:    7874848 kB
Buffers:            5364 kB
Cached:          1840632 kB
SwapCached:            0 kB
Active:          1547692 kB
Inactive:        1607128 kB
Active(anon):    1315876 kB
Inactive(anon):    23852 kB
Active(file):     231816 kB
Inactive(file):  1583276 kB
Unevictable:        5508 kB
Mlocked:            5508 kB
SwapTotal:       3145724 kB
SwapFree:        3145724 kB
Dirty:               424 kB
Writeback:             0 kB
AnonPages:       1314368 kB
Mapped:           878804 kB
Shmem:             26452 kB
KReclaimable:     669928 kB
Slab:             228784 kB
SReclaimable:      77748 kB
SUnreclaim:       151036 kB
KernelStack:       48672 kB
PageTables:        68720 kB
NFS_Unstable:          0 kB
Bounce:                0 kB
WritebackTmp:          0 kB
CommitLimit:     9202292 kB
Committed_AS:   76600500 kB
VmallocTotal:   263061440 kB
VmallocUsed:      105600 kB
VmallocChunk:          0 kB
Percpu:             7616 kB
CmaTotal:         294912 kB
CmaFree:               0 kB
MemTotal:       12113136 kB
MemFree:         6258396 kB
MemAvailable:    7874724 kB
Buffers:            5364 kB
Cached:          1839936 kB
SwapCached:            0 kB
Active:          1547596 kB
Inactive:        1607140 kB
Active(anon):    1315780 kB
Inactive(anon):    23852 kB
Active(file):     231816 kB
Inactive(file):  1583288 kB
Unevictable:        5508 kB
Mlocked:            5508 kB
SwapTotal:       3145724 kB
SwapFree:        3145724 kB
Dirty:               436 kB
Writeback:             0 kB
AnonPages:       1314900 kB
Mapped:           878844 kB
Shmem:             25744 kB
KReclaimable:     669928 kB
Slab:             228728 kB
SReclaimable:      77748 kB
SUnreclaim:       150980 kB
KernelStack:       48704 kB
PageTables:        68876 kB
NFS_Unstable:          0 kB
Bounce:                0 kB
WritebackTmp:          0 kB
CommitLimit:     9202292 kB
Committed_AS:   76610348 kB
VmallocTotal:   263061440 kB
VmallocUsed:      105664 kB
VmallocChunk:          0 kB
Percpu:             7616 kB
CmaTotal:         294912 kB
CmaFree:              24 kB
MemTotal:       12113136 kB
MemFree:         6246492 kB
MemAvailable:    7862860 kB
Buffers:            5364 kB
Cached:          1848724 kB
SwapCached:            0 kB
Active:          1548412 kB
Inactive:        1615920 kB
Active(anon):    1316588 kB
Inactive(anon):    32600 kB
Active(file):     231824 kB
Inactive(file):  1583320 kB
Unevictable:        5508 kB
Mlocked:            5508 kB
SwapTotal:       3145724 kB
SwapFree:        3145724 kB
Dirty:               452 kB
Writeback:             4 kB
AnonPages:       1315816 kB
Mapped:           887576 kB
Shmem:             34492 kB
KReclaimable:     669928 kB
Slab:             228816 kB
SReclaimable:      77748 kB
SUnreclaim:       151068 kB
KernelStack:       48596 kB
PageTables:        68444 kB
NFS_Unstable:          0 kB
Bounce:                0 kB
WritebackTmp:          0 kB
CommitLimit:     9202292 kB
Committed_AS:   76613384 kB
VmallocTotal:   263061440 kB
VmallocUsed:      105648 kB
VmallocChunk:          0 kB
Percpu:             7616 kB
CmaTotal:         294912 kB
CmaFree:               0 kB
MemTotal:       12113136 kB
MemFree:         6248244 kB
MemAvailable:    7864624 kB
Buffers:            5368 kB
Cached:          1848860 kB
SwapCached:            0 kB
Active:          1548420 kB
Inactive:        1616064 kB
Active(anon):    1316600 kB
Inactive(anon):    32728 kB
Active(file):     231820 kB
Inactive(file):  1583336 kB
Unevictable:        5508 kB
Mlocked:            5508 kB
SwapTotal:       3145724 kB
SwapFree:        3145724 kB
Dirty:               456 kB
Writeback:             0 kB
AnonPages:       1315588 kB
Mapped:           887672 kB
Shmem:             34620 kB
KReclaimable:     669928 kB
Slab:             228784 kB
SReclaimable:      77748 kB
SUnreclaim:       151036 kB
KernelStack:       48640 kB
PageTables:        68676 kB
NFS_Unstable:          0 kB
Bounce:                0 kB
WritebackTmp:          0 kB
CommitLimit:     9202292 kB
Committed_AS:   76619064 kB
VmallocTotal:   263061440 kB
VmallocUsed:      105680 kB
VmallocChunk:          0 kB
Percpu:             7616 kB
CmaTotal:         294912 kB
CmaFree:               4 kB
MemTotal:       12113136 kB
MemFree:         6262704 kB
MemAvailable:    7879092 kB
Buffers:            5368 kB
Cached:          1840000 kB
SwapCached:            0 kB
Active:          1541056 kB
Inactive:        1607204 kB
Active(anon):    1309236 kB
Inactive(anon):    23860 kB
Active(file):     231820 kB
Inactive(file):  1583344 kB
Unevictable:        5508 kB
Mlocked:            5508 kB
SwapTotal:       3145724 kB
SwapFree:        3145724 kB
Dirty:               468 kB
Writeback:             0 kB
AnonPages:       1308436 kB
Mapped:           878940 kB
Shmem:             25752 kB
KReclaimable:     669928 kB
Slab:             228792 kB
SReclaimable:      77748 kB
SUnreclaim:       151044 kB
KernelStack:       48672 kB
PageTables:        68712 kB
NFS_Unstable:          0 kB
Bounce:                0 kB
WritebackTmp:          0 kB
CommitLimit:     9202292 kB
Committed_AS:   76605832 kB
VmallocTotal:   263061440 kB
VmallocUsed:      105664 kB
VmallocChunk:          0 kB
Percpu:             7616 kB
CmaTotal:         294912 kB
CmaFree:               0 kB
MemTotal:       12113136 kB
MemFree:         6251496 kB
MemAvailable:    7867892 kB
Buffers:            5368 kB
Cached:          1840008 kB
SwapCached:            0 kB
Active:          1553160 kB
Inactive:        1607216 kB
Active(anon):    1321344 kB
Inactive(anon):    23860 kB
Active(file):     231816 kB
Inactive(file):  1583356 kB
Unevictable:        5508 kB
Mlocked:            5508 kB
SwapTotal:       3145724 kB
SwapFree:        3145724 kB
Dirty:               504 kB
Writeback:             0 kB
AnonPages:       1320092 kB
Mapped:           879076 kB
Shmem:             25752 kB
KReclaimable:     669928 kB
Slab:             228784 kB
SReclaimable:      77748 kB
SUnreclaim:       151036 kB
KernelStack:       48656 kB
PageTables:        68576 kB
NFS_Unstable:          0 kB
Bounce:                0 kB
WritebackTmp:          0 kB
CommitLimit:     9202292 kB
Committed_AS:   76605148 kB
VmallocTotal:   263061440 kB
VmallocUsed:      105680 kB
VmallocChunk:          0 kB
Percpu:             7616 kB
CmaTotal:         294912 kB
CmaFree:             800 kB
MemTotal:       12113136 kB
MemFree:         6258812 kB
MemAvailable:    7875224 kB
Buffers:            5368 kB
Cached:          1848892 kB
SwapCached:            0 kB
Active:          1538612 kB
Inactive:        1616096 kB
Active(anon):    1306792 kB
Inactive(anon):    32728 kB
Active(file):     231820 kB
Inactive(file):  1583368 kB
Unevictable:        5508 kB
Mlocked:            5508 kB
SwapTotal:       3145724 kB
SwapFree:        3145724 kB
Dirty:               524 kB
Writeback:             0 kB
AnonPages:       1306080 kB
Mapped:           887720 kB
Shmem:             34620 kB
KReclaimable:     669928 kB
Slab:             228792 kB
SReclaimable:      77748 kB
SUnreclaim:       151044 kB
KernelStack:       48672 kB
PageTables:        68728 kB
NFS_Unstable:          0 kB
Bounce:                0 kB
WritebackTmp:          0 kB
CommitLimit:     9202292 kB
Committed_AS:   76612828 kB
VmallocTotal:   263061440 kB
VmallocUsed:      105696 kB
VmallocChunk:          0 kB
Percpu:             7616 kB
CmaTotal:         294912 kB
CmaFree:               0 kB
MemTotal:       12113136 kB
MemFree:         6262000 kB
MemAvailable:    7878428 kB
Buffers:            5368 kB
Cached:          1840044 kB
SwapCached:            0 kB
Active:          1543388 kB
Inactive:        1607248 kB
Active(anon):    1311568 kB
Inactive(anon):    23864 kB
Active(file):     231820 kB
Inactive(file):  1583384 kB
Unevictable:        5508 kB
Mlocked:            5508 kB
SwapTotal:       3145724 kB
SwapFree:        3145724 kB
Dirty:               540 kB
Writeback:             0 kB
AnonPages:       1310824 kB
Mapped:           878816 kB
Shmem:             25756 kB
KReclaimable:     669928 kB
Slab:             228784 kB
SReclaimable:      77748 kB
SUnreclaim:       151036 kB
KernelStack:       48640 kB
PageTables:        68668 kB
NFS_Unstable:          0 kB
Bounce:                0 kB
WritebackTmp:          0 kB
CommitLimit:     9202292 kB
Committed_AS:   76610284 kB
VmallocTotal:   263061440 kB
VmallocUsed:      105664 kB
VmallocChunk:          0 kB
Percpu:             7616 kB
CmaTotal:         294912 kB
CmaFree:               0 kB
MemTotal:       12113136 kB
MemFree:         6243372 kB
MemAvailable:    7859828 kB
Buffers:            5368 kB
Cached:          1840072 kB
SwapCached:            0 kB
Active:          1563540 kB
Inactive:        1607272 kB
Active(anon):    1331716 kB
Inactive(anon):    23864 kB
Active(file):     231824 kB
Inactive(file):  1583408 kB
Unevictable:        5508 kB
Mlocked:            5508 kB
SwapTotal:       3145724 kB
SwapFree:        3145724 kB
Dirty:               544 kB
Writeback:             0 kB
AnonPages:       1331288 kB
Mapped:           878968 kB
Shmem:             25756 kB
KReclaimable:     669928 kB
Slab:             228776 kB
SReclaimable:      77748 kB
SUnreclaim:       151028 kB
KernelStack:       48656 kB
PageTables:        68868 kB
NFS_Unstable:          0 kB
Bounce:                0 kB
WritebackTmp:          0 kB
CommitLimit:     9202292 kB
Committed_AS:   76615188 kB
VmallocTotal:   263061440 kB
VmallocUsed:      105664 kB
VmallocChunk:          0 kB
Percpu:             7616 kB
CmaTotal:         294912 kB
CmaFree:               0 kB
MemTotal:       12113136 kB
MemFree:         6272280 kB
MemAvailable:    7888724 kB
Buffers:            5368 kB
Cached:          1848900 kB
SwapCached:            0 kB
Active:          1526608 kB
Inactive:        1616104 kB
Active(anon):    1294788 kB
Inactive(anon):    32704 kB
Active(file):     231820 kB
Inactive(file):  1583400 kB
Unevictable:        5508 kB
Mlocked:            5508 kB
SwapTotal:       3145724 kB
SwapFree:        3145724 kB
Dirty:               588 kB
Writeback:             0 kB
AnonPages:       1293688 kB
Mapped:           887724 kB
Shmem:             34596 kB
KReclaimable:     669928 kB
Slab:             228816 kB
SReclaimable:      77748 kB
SUnreclaim:       151068 kB
KernelStack:       48640 kB
PageTables:        68672 kB
NFS_Unstable:          0 kB
Bounce:                0 kB
WritebackTmp:          0 kB
CommitLimit:     9202292 kB
Committed_AS:   76617768 kB
VmallocTotal:   263061440 kB
VmallocUsed:      105664 kB
VmallocChunk:          0 kB
Percpu:             7616 kB
CmaTotal:         294912 kB
CmaFree:             152 kB
MemTotal:       12113136 kB
MemFree:         6268388 kB
MemAvailable:    7884848 kB
Buffers:            5368 kB
Cached:          1840076 kB
SwapCached:            0 kB
Active:          1536268 kB
Inactive:        1607280 kB
Active(anon):    1304448 kB
Inactive(anon):    23864 kB
Active(file):     231820 kB
Inactive(file):  1583416 kB
Unevictable:        5508 kB
Mlocked:            5508 kB
SwapTotal:       3145724 kB
SwapFree:        3145724 kB
Dirty:               640 kB
Writeback:             0 kB
AnonPages:       1303648 kB
Mapped:           878816 kB
Shmem:             25756 kB
KReclaimable:     669928 kB
Slab:             228784 kB
SReclaimable:      77748 kB
SUnreclaim:       151036 kB
KernelStack:       48640 kB
PageTables:        68624 kB
NFS_Unstable:          0 kB
Bounce:                0 kB
WritebackTmp:          0 kB
CommitLimit:     9202292 kB
Committed_AS:   76605396 kB
VmallocTotal:   263061440 kB
VmallocUsed:      105664 kB
VmallocChunk:          0 kB
Percpu:             7616 kB
CmaTotal:         294912 kB
CmaFree:               0 kB
MemTotal:       12113136 kB
MemFree:         6251224 kB
MemAvailable:    7867716 kB
Buffers:            5368 kB
Cached:          1840108 kB
SwapCached:            0 kB
Active:          1554768 kB
Inactive:        1607308 kB
Active(anon):    1322944 kB
Inactive(anon):    23864 kB
Active(file):     231824 kB
Inactive(file):  1583444 kB
Unevictable:        5508 kB
Mlocked:            5508 kB
SwapTotal:       3145724 kB
SwapFree:        3145724 kB
Dirty:               660 kB
Writeback:             4 kB
AnonPages:       1314164 kB
Mapped:           878632 kB
Shmem:             25756 kB
KReclaimable:     669928 kB
Slab:             228792 kB
SReclaimable:      77748 kB
SUnreclaim:       151044 kB
KernelStack:       48624 kB
PageTables:        68316 kB
NFS_Unstable:          0 kB
Bounce:                0 kB
WritebackTmp:          0 kB
CommitLimit:     9202292 kB
Committed_AS:   76604284 kB
VmallocTotal:   263061440 kB
VmallocUsed:      105648 kB
VmallocChunk:          0 kB
Percpu:             7616 kB
CmaTotal:         294912 kB
CmaFree:               8 kB
MemTotal:       12113136 kB
MemFree:         6274632 kB
MemAvailable:    7891112 kB
Buffers:            5368 kB
Cached:          1848964 kB
SwapCached:            0 kB
Active:          1524088 kB
Inactive:        1616168 kB
Active(anon):    1292268 kB
Inactive(anon):    32732 kB
Active(file):     231820 kB
Inactive(file):  1583436 kB
Unevictable:        5508 kB
Mlocked:            5508 kB
SwapTotal:       3145724 kB
SwapFree:        3145724 kB
Dirty:               680 kB
Writeback:             0 kB
AnonPages:       1291364 kB
Mapped:           887820 kB
Shmem:             34624 kB
KReclaimable:     669928 kB
Slab:             228800 kB
SReclaimable:      77748 kB
SUnreclaim:       151052 kB
KernelStack:       48672 kB
PageTables:        68744 kB
NFS_Unstable:          0 kB
Bounce:                0 kB
WritebackTmp:          0 kB
CommitLimit:     9202292 kB
Committed_AS:   76612320 kB
VmallocTotal:   263061440 kB
VmallocUsed:      105664 kB
VmallocChunk:          0 kB
Percpu:             7616 kB
CmaTotal:         294912 kB
CmaFree:               0 kB
MemTotal:       12113136 kB
MemFree:         6265972 kB
MemAvailable:    7880580 kB
Buffers:            5368 kB
Cached:          1840132 kB
SwapCached:            0 kB
Active:          1539420 kB
Inactive:        1607380 kB
Active(anon):    1307604 kB
Inactive(anon):    23916 kB
Active(file):     231816 kB
Inactive(file):  1583464 kB
Unevictable:        5508 kB
Mlocked:            5508 kB
SwapTotal:       3145724 kB
SwapFree:        3145724 kB
Dirty:               252 kB
Writeback:             0 kB
AnonPages:       1306608 kB
Mapped:           879304 kB
Shmem:             25768 kB
KReclaimable:     668032 kB
Slab:             228780 kB
SReclaimable:      77744 kB
SUnreclaim:       151036 kB
KernelStack:       48720 kB
PageTables:        68616 kB
NFS_Unstable:          0 kB
Bounce:                0 kB
WritebackTmp:          0 kB
CommitLimit:     9202292 kB
Committed_AS:   76609748 kB
VmallocTotal:   263061440 kB
VmallocUsed:      105696 kB
VmallocChunk:          0 kB
Percpu:             7616 kB
CmaTotal:         294912 kB
CmaFree:             196 kB
MemTotal:       12113136 kB
MemFree:         6257576 kB
MemAvailable:    7872044 kB
Buffers:            5368 kB
Cached:          1840332 kB
SwapCached:            0 kB
Active:          1549744 kB
Inactive:        1607512 kB
Active(anon):    1317924 kB
Inactive(anon):    24036 kB
Active(file):     231820 kB
Inactive(file):  1583476 kB
Unevictable:        5508 kB
Mlocked:            5508 kB
SwapTotal:       3145724 kB
SwapFree:        3145724 kB
Dirty:               360 kB
Writeback:             0 kB
AnonPages:       1317192 kB
Mapped:           879328 kB
Shmem:             25952 kB
KReclaimable:     667876 kB
Slab:             228772 kB
SReclaimable:      77744 kB
SUnreclaim:       151028 kB
KernelStack:       48656 kB
PageTables:        68592 kB
NFS_Unstable:          0 kB
Bounce:                0 kB
WritebackTmp:          0 kB
CommitLimit:     9202292 kB
Committed_AS:   76604888 kB
VmallocTotal:   263061440 kB
VmallocUsed:      105616 kB
VmallocChunk:          0 kB
Percpu:             7616 kB
CmaTotal:         294912 kB
CmaFree:               0 kB
MemTotal:       12113136 kB
MemFree:         6256944 kB
MemAvailable:    7871396 kB
Buffers:            5368 kB
Cached:          1848988 kB
SwapCached:            0 kB
Active:          1539684 kB
Inactive:        1616172 kB
Active(anon):    1307868 kB
Inactive(anon):    32708 kB
Active(file):     231816 kB
Inactive(file):  1583464 kB
Unevictable:        5508 kB
Mlocked:            5508 kB
SwapTotal:       3145724 kB
SwapFree:        3145724 kB
Dirty:               380 kB
Writeback:             0 kB
AnonPages:       1307020 kB
Mapped:           888276 kB
Shmem:             34624 kB
KReclaimable:     667876 kB
Slab:             228796 kB
SReclaimable:      77744 kB
SUnreclaim:       151052 kB
KernelStack:       48656 kB
PageTables:        68668 kB
NFS_Unstable:          0 kB
Bounce:                0 kB
WritebackTmp:          0 kB
CommitLimit:     9202292 kB
Committed_AS:   76609196 kB
VmallocTotal:   263061440 kB
VmallocUsed:      105648 kB
VmallocChunk:          0 kB
Percpu:             7616 kB
CmaTotal:         294912 kB
CmaFree:             268 kB
MemTotal:       12113136 kB
MemFree:         6257976 kB
MemAvailable:    7872460 kB
Buffers:            5368 kB
Cached:          1840372 kB
SwapCached:            0 kB
Active:          1548148 kB
Inactive:        1607552 kB
Active(anon):    1316328 kB
Inactive(anon):    24060 kB
Active(file):     231820 kB
Inactive(file):  1583492 kB
Unevictable:        5508 kB
Mlocked:            5508 kB
SwapTotal:       3145724 kB
SwapFree:        3145724 kB
Dirty:               412 kB
Writeback:             0 kB
AnonPages:       1315532 kB
Mapped:           879416 kB
Shmem:             25976 kB
KReclaimable:     667876 kB
Slab:             228780 kB
SReclaimable:      77744 kB
SUnreclaim:       151036 kB
KernelStack:       48656 kB
PageTables:        68704 kB
NFS_Unstable:          0 kB
Bounce:                0 kB
WritebackTmp:          0 kB
CommitLimit:     9202292 kB
Committed_AS:   76610764 kB
VmallocTotal:   263061440 kB
VmallocUsed:      105712 kB
VmallocChunk:          0 kB
Percpu:             7616 kB
CmaTotal:         294912 kB
CmaFree:               0 kB
MemTotal:       12113136 kB
MemFree:         6241120 kB
MemAvailable:    7855620 kB
Buffers:            5368 kB
Cached:          1840388 kB
SwapCached:            0 kB
Active:          1564500 kB
Inactive:        1607568 kB
Active(anon):    1332680 kB
Inactive(anon):    24060 kB
Active(file):     231820 kB
Inactive(file):  1583508 kB
Unevictable:        5508 kB
Mlocked:            5508 kB
SwapTotal:       3145724 kB
SwapFree:        3145724 kB
Dirty:               452 kB
Writeback:             0 kB
AnonPages:       1332448 kB
Mapped:           879488 kB
Shmem:             25976 kB
KReclaimable:     667876 kB
Slab:             228812 kB
SReclaimable:      77744 kB
SUnreclaim:       151068 kB
KernelStack:       48672 kB
PageTables:        68828 kB
NFS_Unstable:          0 kB
Bounce:                0 kB
WritebackTmp:          0 kB
CommitLimit:     9202292 kB
Committed_AS:   76601804 kB
VmallocTotal:   263061440 kB
VmallocUsed:      105712 kB
VmallocChunk:          0 kB
Percpu:             7616 kB
CmaTotal:         294912 kB
CmaFree:               0 kB
MemTotal:       12113136 kB
MemFree:         6245256 kB
MemAvailable:    7859760 kB
Buffers:            5372 kB
Cached:          1849040 kB
SwapCached:            0 kB
Active:          1551436 kB
Inactive:        1616176 kB
Active(anon):    1319616 kB
Inactive(anon):    32664 kB
Active(file):     231820 kB
Inactive(file):  1583512 kB
Unevictable:        5508 kB
Mlocked:            5508 kB
SwapTotal:       3145724 kB
SwapFree:        3145724 kB
Dirty:               516 kB
Writeback:             0 kB
AnonPages:       1318948 kB
Mapped:           888140 kB
Shmem:             34628 kB
KReclaimable:     667876 kB
Slab:             228812 kB
SReclaimable:      77744 kB
SUnreclaim:       151068 kB
KernelStack:       48660 kB
PageTables:        68712 kB
NFS_Unstable:          0 kB
Bounce:                0 kB
WritebackTmp:          0 kB
CommitLimit:     9202292 kB
Committed_AS:   76612352 kB
VmallocTotal:   263061440 kB
VmallocUsed:      105696 kB
VmallocChunk:          0 kB
Percpu:             7616 kB
CmaTotal:         294912 kB
CmaFree:               0 kB
MemTotal:       12113136 kB
MemFree:         6260624 kB
MemAvailable:    7875168 kB
Buffers:            5372 kB
Cached:          1840436 kB
SwapCached:            0 kB
Active:          1543996 kB
Inactive:        1607616 kB
Active(anon):    1312172 kB
Inactive(anon):    24068 kB
Active(file):     231824 kB
Inactive(file):  1583548 kB
Unevictable:        5508 kB
Mlocked:            5508 kB
SwapTotal:       3145724 kB
SwapFree:        3145724 kB
Dirty:               524 kB
Writeback:             0 kB
AnonPages:       1311592 kB
Mapped:           879100 kB
Shmem:             25984 kB
KReclaimable:     667876 kB
Slab:             228836 kB
SReclaimable:      77744 kB
SUnreclaim:       151092 kB
KernelStack:       48736 kB
PageTables:        68868 kB
NFS_Unstable:          0 kB
Bounce:                0 kB
WritebackTmp:          0 kB
CommitLimit:     9202292 kB
Committed_AS:   76610672 kB
VmallocTotal:   263061440 kB
VmallocUsed:      105728 kB
VmallocChunk:          0 kB
Percpu:             7616 kB
CmaTotal:         294912 kB
CmaFree:             628 kB
MemTotal:       12113136 kB
MemFree:         6243344 kB
MemAvailable:    7857892 kB
Buffers:            5372 kB
Cached:          1840472 kB
SwapCached:            0 kB
Active:          1565088 kB
Inactive:        1607652 kB
Active(anon):    1333264 kB
Inactive(anon):    24100 kB
Active(file):     231824 kB
Inactive(file):  1583552 kB
Unevictable:        5508 kB
Mlocked:            5508 kB
SwapTotal:       3145724 kB
SwapFree:        3145724 kB
Dirty:               572 kB
Writeback:             0 kB
AnonPages:       1332464 kB
Mapped:           879000 kB
Shmem:             26016 kB
KReclaimable:     667876 kB
Slab:             228804 kB
SReclaimable:      77744 kB
SUnreclaim:       151060 kB
KernelStack:       48724 kB
PageTables:        68740 kB
NFS_Unstable:          0 kB
Bounce:                0 kB
WritebackTmp:          0 kB
CommitLimit:     9202292 kB
Committed_AS:   76605960 kB
VmallocTotal:   263061440 kB
VmallocUsed:      105696 kB
VmallocChunk:          0 kB
Percpu:             7616 kB
CmaTotal:         294912 kB
CmaFree:               0 kB
MemTotal:       12113136 kB
MemFree:         6250176 kB
MemAvailable:    7864744 kB
Buffers:            5372 kB
Cached:          1849072 kB
SwapCached:            0 kB
Active:          1546828 kB
Inactive:        1616252 kB
Active(anon):    1315004 kB
Inactive(anon):    32680 kB
Active(file):     231824 kB
Inactive(file):  1583572 kB
Unevictable:        5508 kB
Mlocked:            5508 kB
SwapTotal:       3145724 kB
SwapFree:        3145724 kB
Dirty:               592 kB
Writeback:             0 kB
AnonPages:       1313564 kB
Mapped:           887804 kB
Shmem:             34596 kB
KReclaimable:     667876 kB
Slab:             228796 kB
SReclaimable:      77744 kB
SUnreclaim:       151052 kB
KernelStack:       48736 kB
PageTables:        68916 kB
NFS_Unstable:          0 kB
Bounce:                0 kB
WritebackTmp:          0 kB
CommitLimit:     9202292 kB
Committed_AS:   76620360 kB
VmallocTotal:   263061440 kB
VmallocUsed:      105728 kB
VmallocChunk:          0 kB
Percpu:             7616 kB
CmaTotal:         294912 kB
CmaFree:               0 kB
MemTotal:       12113136 kB
MemFree:         6257668 kB
MemAvailable:    7872248 kB
Buffers:            5372 kB
Cached:          1840512 kB
SwapCached:            0 kB
Active:          1547468 kB
Inactive:        1607692 kB
Active(anon):    1315644 kB
Inactive(anon):    24108 kB
Active(file):     231824 kB
Inactive(file):  1583584 kB
Unevictable:        5508 kB
Mlocked:            5508 kB
SwapTotal:       3145724 kB
SwapFree:        3145724 kB
Dirty:               652 kB
Writeback:             0 kB
AnonPages:       1314836 kB
Mapped:           879180 kB
Shmem:             26024 kB
KReclaimable:     667876 kB
Slab:             228796 kB
SReclaimable:      77744 kB
SUnreclaim:       151052 kB
KernelStack:       48704 kB
PageTables:        68716 kB
NFS_Unstable:          0 kB
Bounce:                0 kB
WritebackTmp:          0 kB
CommitLimit:     9202292 kB
Committed_AS:   76605456 kB
VmallocTotal:   263061440 kB
VmallocUsed:      105712 kB
VmallocChunk:          0 kB
Percpu:             7616 kB
CmaTotal:         294912 kB
CmaFree:               0 kB
MemTotal:       12113136 kB
MemFree:         6240740 kB
MemAvailable:    7855316 kB
Buffers:            5372 kB
Cached:          1840508 kB
SwapCached:            0 kB
Active:          1567444 kB
Inactive:        1607692 kB
Active(anon):    1335624 kB
Inactive(anon):    24108 kB
Active(file):     231820 kB
Inactive(file):  1583584 kB
Unevictable:        5508 kB
Mlocked:            5508 kB
SwapTotal:       3145724 kB
SwapFree:        3145724 kB
Dirty:               392 kB
Writeback:             4 kB
AnonPages:       1335080 kB
Mapped:           879064 kB
Shmem:             26024 kB
KReclaimable:     667876 kB
Slab:             228796 kB
SReclaimable:      77744 kB
SUnreclaim:       151052 kB
KernelStack:       48720 kB
PageTables:        68740 kB
NFS_Unstable:          0 kB
Bounce:                0 kB
WritebackTmp:          0 kB
CommitLimit:     9202292 kB
Committed_AS:   76606440 kB
VmallocTotal:   263061440 kB
VmallocUsed:      105680 kB
VmallocChunk:          0 kB
Percpu:             7616 kB
CmaTotal:         294912 kB
CmaFree:               0 kB
MemTotal:       12113136 kB
MemFree:         6248388 kB
MemAvailable:    7862996 kB
Buffers:            5372 kB
Cached:          1849416 kB
SwapCached:            0 kB
Active:          1547560 kB
Inactive:        1616596 kB
Active(anon):    1315736 kB
Inactive(anon):    32984 kB
Active(file):     231824 kB
Inactive(file):  1583612 kB
Unevictable:        5508 kB
Mlocked:            5508 kB
SwapTotal:       3145724 kB
SwapFree:        3145724 kB
Dirty:               396 kB
Writeback:             0 kB
AnonPages:       1314892 kB
Mapped:           888016 kB
Shmem:             34900 kB
KReclaimable:     667876 kB
Slab:             228872 kB
SReclaimable:      77744 kB
SUnreclaim:       151128 kB
KernelStack:       48688 kB
PageTables:        68764 kB
NFS_Unstable:          0 kB
Bounce:                0 kB
WritebackTmp:          0 kB
CommitLimit:     9202292 kB
Committed_AS:   76613780 kB
VmallocTotal:   263061440 kB
VmallocUsed:      105680 kB
VmallocChunk:          0 kB
Percpu:             7616 kB
CmaTotal:         294912 kB
CmaFree:               0 kB
MemTotal:       12113136 kB
MemFree:         6255748 kB
MemAvailable:    7870340 kB
Buffers:            5372 kB
Cached:          1840532 kB
SwapCached:            0 kB
Active:          1549532 kB
Inactive:        1607716 kB
Active(anon):    1317712 kB
Inactive(anon):    24116 kB
Active(file):     231820 kB
Inactive(file):  1583600 kB
Unevictable:        5508 kB
Mlocked:            5508 kB
SwapTotal:       3145724 kB
SwapFree:        3145724 kB
Dirty:               420 kB
Writeback:             0 kB
AnonPages:       1316616 kB
Mapped:           879108 kB
Shmem:             26032 kB
KReclaimable:     667876 kB
Slab:             228872 kB
SReclaimable:      77744 kB
SUnreclaim:       151128 kB
KernelStack:       48688 kB
PageTables:        68780 kB
NFS_Unstable:          0 kB
Bounce:                0 kB
WritebackTmp:          0 kB
CommitLimit:     9202292 kB
Committed_AS:   76604692 kB
VmallocTotal:   263061440 kB
VmallocUsed:      105744 kB
VmallocChunk:          0 kB
Percpu:             7616 kB
CmaTotal:         294912 kB
CmaFree:               0 kB
MemTotal:       12113136 kB
MemFree:         6236776 kB
MemAvailable:    7851408 kB
Buffers:            5372 kB
Cached:          1840592 kB
SwapCached:            0 kB
Active:          1570756 kB
Inactive:        1607772 kB
Active(anon):    1338932 kB
Inactive(anon):    24136 kB
Active(file):     231824 kB
Inactive(file):  1583636 kB
Unevictable:        5508 kB
Mlocked:            5508 kB
SwapTotal:       3145724 kB
SwapFree:        3145724 kB
Dirty:               484 kB
Writeback:             0 kB
AnonPages:       1338008 kB
Mapped:           879232 kB
Shmem:             26052 kB
KReclaimable:     667876 kB
Slab:             228864 kB
SReclaimable:      77744 kB
SUnreclaim:       151120 kB
KernelStack:       48688 kB
PageTables:        68728 kB
NFS_Unstable:          0 kB
Bounce:                0 kB
WritebackTmp:          0 kB
CommitLimit:     9202292 kB
Committed_AS:   76605212 kB
VmallocTotal:   263061440 kB
VmallocUsed:      105728 kB
VmallocChunk:          0 kB
Percpu:             7616 kB
CmaTotal:         294912 kB
CmaFree:               0 kB
MemTotal:       12113136 kB
MemFree:         6248060 kB
MemAvailable:    7862692 kB
Buffers:            5372 kB
Cached:          1849236 kB
SwapCached:            0 kB
Active:          1547336 kB
Inactive:        1616420 kB
Active(anon):    1315512 kB
Inactive(anon):    32784 kB
Active(file):     231824 kB
Inactive(file):  1583636 kB
Unevictable:        5508 kB
Mlocked:            5508 kB
SwapTotal:       3145724 kB
SwapFree:        3145724 kB
Dirty:               496 kB
Writeback:             0 kB
AnonPages:       1314228 kB
Mapped:           887988 kB
Shmem:             34696 kB
KReclaimable:     667876 kB
Slab:             228880 kB
SReclaimable:      77744 kB
SUnreclaim:       151136 kB
KernelStack:       48656 kB
PageTables:        68684 kB
NFS_Unstable:          0 kB
Bounce:                0 kB
WritebackTmp:          0 kB
CommitLimit:     9202292 kB
Committed_AS:   76623588 kB
VmallocTotal:   263061440 kB
VmallocUsed:      105760 kB
VmallocChunk:          0 kB
Percpu:             7616 kB
CmaTotal:         294912 kB
CmaFree:               0 kB
MemTotal:       12113136 kB
MemFree:         6256100 kB
MemAvailable:    7870772 kB
Buffers:            5372 kB
Cached:          1840636 kB
SwapCached:            0 kB
Active:          1548228 kB
Inactive:        1607816 kB
Active(anon):    1316404 kB
Inactive(anon):    24140 kB
Active(file):     231824 kB
Inactive(file):  1583676 kB
Unevictable:        5508 kB
Mlocked:            5508 kB
SwapTotal:       3145724 kB
SwapFree:        3145724 kB
Dirty:               576 kB
Writeback:             0 kB
AnonPages:       1315584 kB
Mapped:           879304 kB
Shmem:             26056 kB
KReclaimable:     667876 kB
Slab:             228864 kB
SReclaimable:      77744 kB
SUnreclaim:       151120 kB
KernelStack:       48704 kB
PageTables:        68696 kB
NFS_Unstable:          0 kB
Bounce:                0 kB
WritebackTmp:          0 kB
CommitLimit:     9202292 kB
Committed_AS:   76612224 kB
VmallocTotal:   263061440 kB
VmallocUsed:      105760 kB
VmallocChunk:          0 kB
Percpu:             7616 kB
CmaTotal:         294912 kB
CmaFree:               0 kB
MemTotal:       12113136 kB
MemFree:         6245412 kB
MemAvailable:    7860076 kB
Buffers:            5372 kB
Cached:          1849512 kB
SwapCached:            0 kB
Active:          1549796 kB
Inactive:        1616628 kB
Active(anon):    1317972 kB
Inactive(anon):    32960 kB
Active(file):     231824 kB
Inactive(file):  1583668 kB
Unevictable:        5508 kB
Mlocked:            5508 kB
SwapTotal:       3145724 kB
SwapFree:        3145724 kB
Dirty:               616 kB
Writeback:             0 kB
AnonPages:       1317164 kB
Mapped:           888204 kB
Shmem:             34924 kB
KReclaimable:     667876 kB
Slab:             228872 kB
SReclaimable:      77744 kB
SUnreclaim:       151128 kB
KernelStack:       48704 kB
PageTables:        68772 kB
NFS_Unstable:          0 kB
Bounce:                0 kB
WritebackTmp:          0 kB
CommitLimit:     9202292 kB
Committed_AS:   76615828 kB
VmallocTotal:   263061440 kB
VmallocUsed:      105712 kB
VmallocChunk:          0 kB
Percpu:             7616 kB
CmaTotal:         294912 kB
CmaFree:               0 kB
MemTotal:       12113136 kB
MemFree:         6246416 kB
MemAvailable:    7861112 kB
Buffers:            5372 kB
Cached:          1849556 kB
SwapCached:            0 kB
Active:          1550812 kB
Inactive:        1616732 kB
Active(anon):    1318988 kB
Inactive(anon):    33032 kB
Active(file):     231824 kB
Inactive(file):  1583700 kB
Unevictable:        5508 kB
Mlocked:            5508 kB
SwapTotal:       3145724 kB
SwapFree:        3145724 kB
Dirty:               648 kB
Writeback:             0 kB
AnonPages:       1318392 kB
Mapped:           888264 kB
Shmem:             34952 kB
KReclaimable:     667876 kB
Slab:             228864 kB
SReclaimable:      77744 kB
SUnreclaim:       151120 kB
KernelStack:       48688 kB
PageTables:        68660 kB
NFS_Unstable:          0 kB
Bounce:                0 kB
WritebackTmp:          0 kB
CommitLimit:     9202292 kB
Committed_AS:   76619568 kB
VmallocTotal:   263061440 kB
VmallocUsed:      105712 kB
VmallocChunk:          0 kB
Percpu:             7616 kB
CmaTotal:         294912 kB
CmaFree:               0 kB
MemTotal:       12113136 kB
MemFree:         6251076 kB
MemAvailable:    7865780 kB
Buffers:            5372 kB
Cached:          1840696 kB
SwapCached:            0 kB
Active:          1552776 kB
Inactive:        1607876 kB
Active(anon):    1320952 kB
Inactive(anon):    24168 kB
Active(file):     231824 kB
Inactive(file):  1583708 kB
Unevictable:        5508 kB
Mlocked:            5508 kB
SwapTotal:       3145724 kB
SwapFree:        3145724 kB
Dirty:               660 kB
Writeback:             0 kB
AnonPages:       1319840 kB
Mapped:           879484 kB
Shmem:             26084 kB
KReclaimable:     667876 kB
Slab:             228872 kB
SReclaimable:      77744 kB
SUnreclaim:       151128 kB
KernelStack:       48672 kB
PageTables:        68596 kB
NFS_Unstable:          0 kB
Bounce:                0 kB
WritebackTmp:          0 kB
CommitLimit:     9202292 kB
Committed_AS:   76614616 kB
VmallocTotal:   263061440 kB
VmallocUsed:      105744 kB
VmallocChunk:          0 kB
Percpu:             7616 kB
CmaTotal:         294912 kB
CmaFree:               0 kB
MemTotal:       12113136 kB
MemFree:         6239880 kB
MemAvailable:    7854608 kB
Buffers:            5372 kB
Cached:          1840724 kB
SwapCached:            0 kB
Active:          1565356 kB
Inactive:        1607904 kB
Active(anon):    1333532 kB
Inactive(anon):    24172 kB
Active(file):     231824 kB
Inactive(file):  1583732 kB
Unevictable:        5508 kB
Mlocked:            5508 kB
SwapTotal:       3145724 kB
SwapFree:        3145724 kB
Dirty:               700 kB
Writeback:             0 kB
AnonPages:       1332848 kB
Mapped:           879528 kB
Shmem:             26088 kB
KReclaimable:     667876 kB
Slab:             228824 kB
SReclaimable:      77744 kB
SUnreclaim:       151080 kB
KernelStack:       48688 kB
PageTables:        68644 kB
NFS_Unstable:          0 kB
Bounce:                0 kB
WritebackTmp:          0 kB
CommitLimit:     9202292 kB
Committed_AS:   76615672 kB
VmallocTotal:   263061440 kB
VmallocUsed:      105744 kB
VmallocChunk:          0 kB
Percpu:             7616 kB
CmaTotal:         294912 kB
CmaFree:               0 kB
MemTotal:       12113136 kB
MemFree:         6243896 kB
MemAvailable:    7858624 kB
Buffers:            5372 kB
Cached:          1849520 kB
SwapCached:            0 kB
Active:          1553496 kB
Inactive:        1616696 kB
Active(anon):    1321668 kB
Inactive(anon):    32968 kB
Active(file):     231828 kB
Inactive(file):  1583728 kB
Unevictable:        5508 kB
Mlocked:            5508 kB
SwapTotal:       3145724 kB
SwapFree:        3145724 kB
Dirty:               728 kB
Writeback:             0 kB
AnonPages:       1320652 kB
Mapped:           887856 kB
Shmem:             34884 kB
KReclaimable:     667876 kB
Slab:             228824 kB
SReclaimable:      77744 kB
SUnreclaim:       151080 kB
KernelStack:       48656 kB
PageTables:        68504 kB
NFS_Unstable:          0 kB
Bounce:                0 kB
WritebackTmp:          0 kB
CommitLimit:     9202292 kB
Committed_AS:   76619476 kB
VmallocTotal:   263061440 kB
VmallocUsed:      105728 kB
VmallocChunk:          0 kB
Percpu:             7616 kB
CmaTotal:         294912 kB
CmaFree:               0 kB
MemTotal:       12113136 kB
MemFree:         6251188 kB
MemAvailable:    7865964 kB
Buffers:            5380 kB
Cached:          1840764 kB
SwapCached:            0 kB
Active:          1554528 kB
Inactive:        1607940 kB
Active(anon):    1322692 kB
Inactive(anon):    24176 kB
Active(file):     231836 kB
Inactive(file):  1583764 kB
Unevictable:        5508 kB
Mlocked:            5508 kB
SwapTotal:       3145724 kB
SwapFree:        3145724 kB
Dirty:               756 kB
Writeback:             0 kB
AnonPages:       1321884 kB
Mapped:           878836 kB
Shmem:             26092 kB
KReclaimable:     667880 kB
Slab:             228828 kB
SReclaimable:      77748 kB
SUnreclaim:       151080 kB
KernelStack:       48656 kB
PageTables:        68640 kB
NFS_Unstable:          0 kB
Bounce:                0 kB
WritebackTmp:          0 kB
CommitLimit:     9202292 kB
Committed_AS:   76615844 kB
VmallocTotal:   263061440 kB
VmallocUsed:      105712 kB
VmallocChunk:          0 kB
Percpu:             7616 kB
CmaTotal:         294912 kB
CmaFree:               0 kB
MemTotal:       12113136 kB
MemFree:         6241292 kB
MemAvailable:    7856088 kB
Buffers:            5380 kB
Cached:          1840808 kB
SwapCached:            0 kB
Active:          1565700 kB
Inactive:        1607976 kB
Active(anon):    1333856 kB
Inactive(anon):    24200 kB
Active(file):     231844 kB
Inactive(file):  1583776 kB
Unevictable:        5508 kB
Mlocked:            5508 kB
SwapTotal:       3145724 kB
SwapFree:        3145724 kB
Dirty:               828 kB
Writeback:             0 kB
AnonPages:       1333048 kB
Mapped:           878896 kB
Shmem:             26116 kB
KReclaimable:     667880 kB
Slab:             228836 kB
SReclaimable:      77748 kB
SUnreclaim:       151088 kB
KernelStack:       48644 kB
PageTables:        68628 kB
NFS_Unstable:          0 kB
Bounce:                0 kB
WritebackTmp:          0 kB
CommitLimit:     9202292 kB
Committed_AS:   76616128 kB
VmallocTotal:   263061440 kB
VmallocUsed:      105712 kB
VmallocChunk:          0 kB
Percpu:             7616 kB
CmaTotal:         294912 kB
CmaFree:               0 kB
MemTotal:       12113136 kB
MemFree:         6246824 kB
MemAvailable:    7861624 kB
Buffers:            5380 kB
Cached:          1849688 kB
SwapCached:            0 kB
Active:          1549112 kB
Inactive:        1616856 kB
Active(anon):    1317272 kB
Inactive(anon):    33072 kB
Active(file):     231840 kB
Inactive(file):  1583784 kB
Unevictable:        5508 kB
Mlocked:            5508 kB
SwapTotal:       3145724 kB
SwapFree:        3145724 kB
Dirty:               868 kB
Writeback:             0 kB
AnonPages:       1316460 kB
Mapped:           887808 kB
Shmem:             34992 kB
KReclaimable:     667880 kB
Slab:             228824 kB
SReclaimable:      77748 kB
SUnreclaim:       151076 kB
KernelStack:       48640 kB
PageTables:        68668 kB
NFS_Unstable:          0 kB
Bounce:                0 kB
WritebackTmp:          0 kB
CommitLimit:     9202292 kB
Committed_AS:   76629084 kB
VmallocTotal:   263061440 kB
VmallocUsed:      105696 kB
VmallocChunk:          0 kB
Percpu:             7616 kB
CmaTotal:         294912 kB
CmaFree:               0 kB
MemTotal:       12113136 kB
MemFree:         6254252 kB
MemAvailable:    7869048 kB
Buffers:            5380 kB
Cached:          1840820 kB
SwapCached:            0 kB
Active:          1549364 kB
Inactive:        1607996 kB
Active(anon):    1317528 kB
Inactive(anon):    24212 kB
Active(file):     231836 kB
Inactive(file):  1583784 kB
Unevictable:        5508 kB
Mlocked:            5508 kB
SwapTotal:       3145724 kB
SwapFree:        3145724 kB
Dirty:               860 kB
Writeback:             0 kB
AnonPages:       1316468 kB
Mapped:           879184 kB
Shmem:             26128 kB
KReclaimable:     667880 kB
Slab:             228824 kB
SReclaimable:      77748 kB
SUnreclaim:       151076 kB
KernelStack:       48740 kB
PageTables:        68608 kB
NFS_Unstable:          0 kB
Bounce:                0 kB
WritebackTmp:          0 kB
CommitLimit:     9202292 kB
Committed_AS:   76619896 kB
VmallocTotal:   263061440 kB
VmallocUsed:      105696 kB
VmallocChunk:          0 kB
Percpu:             7616 kB
CmaTotal:         294912 kB
CmaFree:               4 kB
MemTotal:       12113136 kB
MemFree:         6244456 kB
MemAvailable:    7859280 kB
Buffers:            5380 kB
Cached:          1840856 kB
SwapCached:            0 kB
Active:          1562324 kB
Inactive:        1608028 kB
Active(anon):    1330484 kB
Inactive(anon):    24220 kB
Active(file):     231840 kB
Inactive(file):  1583808 kB
Unevictable:        5508 kB
Mlocked:            5508 kB
SwapTotal:       3145724 kB
SwapFree:        3145724 kB
Dirty:               300 kB
Writeback:             0 kB
AnonPages:       1329568 kB
Mapped:           879020 kB
Shmem:             26136 kB
KReclaimable:     667880 kB
Slab:             228876 kB
SReclaimable:      77748 kB
SUnreclaim:       151128 kB
KernelStack:       48656 kB
PageTables:        68752 kB
NFS_Unstable:          0 kB
Bounce:                0 kB
WritebackTmp:          0 kB
CommitLimit:     9202292 kB
Committed_AS:   76620940 kB
VmallocTotal:   263061440 kB
VmallocUsed:      105696 kB
VmallocChunk:          0 kB
Percpu:             7616 kB
CmaTotal:         294912 kB
CmaFree:               0 kB
MemTotal:       12113136 kB
MemFree:         6244532 kB
MemAvailable:    7859364 kB
Buffers:            5380 kB
Cached:          1849732 kB
SwapCached:            0 kB
Active:          1551312 kB
Inactive:        1616904 kB
Active(anon):    1319472 kB
Inactive(anon):    33088 kB
Active(file):     231840 kB
Inactive(file):  1583816 kB
Unevictable:        5508 kB
Mlocked:            5508 kB
SwapTotal:       3145724 kB
SwapFree:        3145724 kB
Dirty:               332 kB
Writeback:             0 kB
AnonPages:       1318704 kB
Mapped:           888052 kB
Shmem:             35004 kB
KReclaimable:     667880 kB
Slab:             228884 kB
SReclaimable:      77748 kB
SUnreclaim:       151136 kB
KernelStack:       48592 kB
PageTables:        68684 kB
NFS_Unstable:          0 kB
Bounce:                0 kB
WritebackTmp:          0 kB
CommitLimit:     9202292 kB
Committed_AS:   76628952 kB
VmallocTotal:   263061440 kB
VmallocUsed:      105664 kB
VmallocChunk:          0 kB
Percpu:             7616 kB
CmaTotal:         294912 kB
CmaFree:               0 kB
MemTotal:       12113136 kB
MemFree:         6252280 kB
MemAvailable:    7867124 kB
Buffers:            5380 kB
Cached:          1840880 kB
SwapCached:            0 kB
Active:          1553180 kB
Inactive:        1608052 kB
Active(anon):    1321340 kB
Inactive(anon):    24224 kB
Active(file):     231840 kB
Inactive(file):  1583828 kB
Unevictable:        5508 kB
Mlocked:            5508 kB
SwapTotal:       3145724 kB
SwapFree:        3145724 kB
Dirty:               392 kB
Writeback:             0 kB
AnonPages:       1320528 kB
Mapped:           879088 kB
Shmem:             26140 kB
KReclaimable:     667880 kB
Slab:             228868 kB
SReclaimable:      77748 kB
SUnreclaim:       151120 kB
KernelStack:       48640 kB
PageTables:        68632 kB
NFS_Unstable:          0 kB
Bounce:                0 kB
WritebackTmp:          0 kB
CommitLimit:     9202292 kB
Committed_AS:   76620128 kB
VmallocTotal:   263061440 kB
VmallocUsed:      105712 kB
VmallocChunk:          0 kB
Percpu:             7616 kB
CmaTotal:         294912 kB
CmaFree:               0 kB
MemTotal:       12113136 kB
MemFree:         6237044 kB
MemAvailable:    7851896 kB
Buffers:            5380 kB
Cached:          1840888 kB
SwapCached:            0 kB
Active:          1567788 kB
Inactive:        1608060 kB
Active(anon):    1335948 kB
Inactive(anon):    24224 kB
Active(file):     231840 kB
Inactive(file):  1583836 kB
Unevictable:        5508 kB
Mlocked:            5508 kB
SwapTotal:       3145724 kB
SwapFree:        3145724 kB
Dirty:               436 kB
Writeback:             0 kB
AnonPages:       1334876 kB
Mapped:           879328 kB
Shmem:             26140 kB
KReclaimable:     667880 kB
Slab:             228884 kB
SReclaimable:      77748 kB
SUnreclaim:       151136 kB
KernelStack:       48640 kB
PageTables:        68516 kB
NFS_Unstable:          0 kB
Bounce:                0 kB
WritebackTmp:          0 kB
CommitLimit:     9202292 kB
Committed_AS:   76615092 kB
VmallocTotal:   263061440 kB
VmallocUsed:      105712 kB
VmallocChunk:          0 kB
Percpu:             7616 kB
CmaTotal:         294912 kB
CmaFree:               0 kB
MemTotal:       12113136 kB
MemFree:         6246380 kB
MemAvailable:    7861248 kB
Buffers:            5380 kB
Cached:          1849776 kB
SwapCached:            0 kB
Active:          1550916 kB
Inactive:        1616948 kB
Active(anon):    1319076 kB
Inactive(anon):    33096 kB
Active(file):     231840 kB
Inactive(file):  1583852 kB
Unevictable:        5508 kB
Mlocked:            5508 kB
SwapTotal:       3145724 kB
SwapFree:        3145724 kB
Dirty:               472 kB
Writeback:             0 kB
AnonPages:       1318048 kB
Mapped:           888032 kB
Shmem:             35012 kB
KReclaimable:     667880 kB
Slab:             228876 kB
SReclaimable:      77748 kB
SUnreclaim:       151128 kB
KernelStack:       48560 kB
PageTables:        68664 kB
NFS_Unstable:          0 kB
Bounce:                0 kB
WritebackTmp:          0 kB
CommitLimit:     9202292 kB
Committed_AS:   76628412 kB
VmallocTotal:   263061440 kB
VmallocUsed:      105664 kB
