MemTotal:       12113136 kB
MemFree:         4288192 kB
MemAvailable:    7644708 kB
Buffers:            7036 kB
Cached:          2518820 kB
SwapCached:            0 kB
Active:          1811572 kB
Inactive:        2142060 kB
Active(anon):    1436960 kB
Inactive(anon):    34076 kB
Active(file):     374612 kB
Inactive(file):  2107984 kB
Unevictable:        5564 kB
Mlocked:            5564 kB
SwapTotal:       3145724 kB
SwapFree:        3145724 kB
Dirty:               220 kB
Writeback:             0 kB
AnonPages:       1433472 kB
Mapped:           976292 kB
Shmem:             38784 kB
KReclaimable:    1742624 kB
Slab:             271328 kB
SReclaimable:     117208 kB
SUnreclaim:       154120 kB
KernelStack:       48992 kB
PageTables:        68632 kB
NFS_Unstable:          0 kB
Bounce:                0 kB
WritebackTmp:          0 kB
CommitLimit:     9202292 kB
Committed_AS:   73553972 kB
VmallocTotal:   263061440 kB
VmallocUsed:      106152 kB
VmallocChunk:          0 kB
Percpu:             7648 kB
CmaTotal:         294912 kB
CmaFree:               0 kB
MemTotal:       12113136 kB
MemFree:         4287800 kB
MemAvailable:    7644396 kB
Buffers:            7036 kB
Cached:          2518916 kB
SwapCached:            0 kB
Active:          1812472 kB
Inactive:        2142124 kB
Active(anon):    1437828 kB
Inactive(anon):    34092 kB
Active(file):     374644 kB
Inactive(file):  2108032 kB
Unevictable:        5564 kB
Mlocked:            5564 kB
SwapTotal:       3145724 kB
SwapFree:        3145724 kB
Dirty:               364 kB
Writeback:             0 kB
AnonPages:       1434164 kB
Mapped:           976320 kB
Shmem:             38800 kB
KReclaimable:    1742624 kB
Slab:             271328 kB
SReclaimable:     117208 kB
SUnreclaim:       154120 kB
KernelStack:       48976 kB
PageTables:        68504 kB
NFS_Unstable:          0 kB
Bounce:                0 kB
WritebackTmp:          0 kB
CommitLimit:     9202292 kB
Committed_AS:   73549160 kB
VmallocTotal:   263061440 kB
VmallocUsed:      106120 kB
VmallocChunk:          0 kB
Percpu:             7648 kB
CmaTotal:         294912 kB
CmaFree:               0 kB
MemTotal:       12113136 kB
MemFree:         4284820 kB
MemAvailable:    7641428 kB
Buffers:            7036 kB
Cached:          2518928 kB
SwapCached:            0 kB
Active:          1813816 kB
Inactive:        2142136 kB
Active(anon):    1439172 kB
Inactive(anon):    34092 kB
Active(file):     374644 kB
Inactive(file):  2108044 kB
Unevictable:        5564 kB
Mlocked:            5564 kB
SwapTotal:       3145724 kB
SwapFree:        3145724 kB
Dirty:               392 kB
Writeback:             0 kB
AnonPages:       1435268 kB
Mapped:           976308 kB
Shmem:             38800 kB
KReclaimable:    1742624 kB
Slab:             271328 kB
SReclaimable:     117208 kB
SUnreclaim:       154120 kB
KernelStack:       48976 kB
PageTables:        68484 kB
NFS_Unstable:          0 kB
Bounce:                0 kB
WritebackTmp:          0 kB
CommitLimit:     9202292 kB
Committed_AS:   73564108 kB
VmallocTotal:   263061440 kB
VmallocUsed:      106168 kB
VmallocChunk:          0 kB
Percpu:             7648 kB
CmaTotal:         294912 kB
CmaFree:               0 kB
MemTotal:       12113136 kB
MemFree:         4284768 kB
MemAvailable:    7641396 kB
Buffers:            7036 kB
Cached:          2518948 kB
SwapCached:            0 kB
Active:          1815020 kB
Inactive:        2142156 kB
Active(anon):    1440376 kB
Inactive(anon):    34092 kB
Active(file):     374644 kB
Inactive(file):  2108064 kB
Unevictable:        5564 kB
Mlocked:            5564 kB
SwapTotal:       3145724 kB
SwapFree:        3145724 kB
Dirty:               300 kB
Writeback:             0 kB
AnonPages:       1436916 kB
Mapped:           976328 kB
Shmem:             38800 kB
KReclaimable:    1742624 kB
Slab:             271364 kB
SReclaimable:     117208 kB
SUnreclaim:       154156 kB
KernelStack:       48976 kB
PageTables:        68492 kB
NFS_Unstable:          0 kB
Bounce:                0 kB
WritebackTmp:          0 kB
CommitLimit:     9202292 kB
Committed_AS:   73562948 kB
VmallocTotal:   263061440 kB
VmallocUsed:      106200 kB
VmallocChunk:          0 kB
Percpu:             7648 kB
CmaTotal:         294912 kB
CmaFree:               0 kB
MemTotal:       12113136 kB
MemFree:         4282852 kB
MemAvailable:    7639496 kB
Buffers:            7036 kB
Cached:          2518964 kB
SwapCached:            0 kB
Active:          1818036 kB
Inactive:        2142172 kB
Active(anon):    1443392 kB
Inactive(anon):    34092 kB
Active(file):     374644 kB
Inactive(file):  2108080 kB
Unevictable:        5564 kB
Mlocked:            5564 kB
SwapTotal:       3145724 kB
SwapFree:        3145724 kB
Dirty:               396 kB
Writeback:             0 kB
AnonPages:       1439420 kB
Mapped:           976344 kB
Shmem:             38800 kB
KReclaimable:    1742624 kB
Slab:             271364 kB
SReclaimable:     117208 kB
SUnreclaim:       154156 kB
KernelStack:       48960 kB
PageTables:        68496 kB
NFS_Unstable:          0 kB
Bounce:                0 kB
WritebackTmp:          0 kB
CommitLimit:     9202292 kB
Committed_AS:   73559956 kB
VmallocTotal:   263061440 kB
VmallocUsed:      106184 kB
VmallocChunk:          0 kB
Percpu:             7648 kB
CmaTotal:         294912 kB
CmaFree:               0 kB
MemTotal:       12113136 kB
MemFree:         4282040 kB
MemAvailable:    7638696 kB
Buffers:            7036 kB
Cached:          2518976 kB
SwapCached:            0 kB
Active:          1818748 kB
Inactive:        2142184 kB
Active(anon):    1444104 kB
Inactive(anon):    34092 kB
Active(file):     374644 kB
Inactive(file):  2108092 kB
Unevictable:        5564 kB
Mlocked:            5564 kB
SwapTotal:       3145724 kB
SwapFree:        3145724 kB
Dirty:               432 kB
Writeback:             0 kB
AnonPages:       1440720 kB
Mapped:           976344 kB
Shmem:             38800 kB
KReclaimable:    1742624 kB
Slab:             271364 kB
SReclaimable:     117208 kB
SUnreclaim:       154156 kB
KernelStack:       48960 kB
PageTables:        68496 kB
NFS_Unstable:          0 kB
Bounce:                0 kB
WritebackTmp:          0 kB
CommitLimit:     9202292 kB
Committed_AS:   73573000 kB
VmallocTotal:   263061440 kB
VmallocUsed:      106184 kB
VmallocChunk:          0 kB
Percpu:             7648 kB
CmaTotal:         294912 kB
CmaFree:               0 kB
MemTotal:       12113136 kB
MemFree:         4282328 kB
MemAvailable:    7638988 kB
Buffers:            7036 kB
Cached:          2518980 kB
SwapCached:            0 kB
Active:          1817212 kB
Inactive:        2142188 kB
Active(anon):    1442568 kB
Inactive(anon):    34092 kB
Active(file):     374644 kB
Inactive(file):  2108096 kB
Unevictable:        5564 kB
Mlocked:            5564 kB
SwapTotal:       3145724 kB
SwapFree:        3145724 kB
Dirty:               464 kB
Writeback:             0 kB
AnonPages:       1439460 kB
Mapped:           976336 kB
Shmem:             38800 kB
KReclaimable:    1742624 kB
Slab:             271364 kB
SReclaimable:     117208 kB
SUnreclaim:       154156 kB
KernelStack:       48976 kB
PageTables:        68468 kB
NFS_Unstable:          0 kB
Bounce:                0 kB
WritebackTmp:          0 kB
CommitLimit:     9202292 kB
Committed_AS:   73569656 kB
VmallocTotal:   263061440 kB
VmallocUsed:      106184 kB
VmallocChunk:          0 kB
Percpu:             7648 kB
CmaTotal:         294912 kB
CmaFree:               0 kB
MemTotal:       12113136 kB
MemFree:         4280944 kB
MemAvailable:    7637636 kB
Buffers:            7040 kB
Cached:          2519008 kB
SwapCached:            0 kB
Active:          1818156 kB
Inactive:        2142216 kB
Active(anon):    1443508 kB
Inactive(anon):    34092 kB
Active(file):     374648 kB
Inactive(file):  2108124 kB
Unevictable:        5564 kB
Mlocked:            5564 kB
SwapTotal:       3145724 kB
SwapFree:        3145724 kB
Dirty:               492 kB
Writeback:             0 kB
AnonPages:       1439824 kB
Mapped:           976344 kB
Shmem:             38800 kB
KReclaimable:    1742624 kB
Slab:             271364 kB
SReclaimable:     117208 kB
SUnreclaim:       154156 kB
KernelStack:       48960 kB
PageTables:        68484 kB
NFS_Unstable:          0 kB
Bounce:                0 kB
WritebackTmp:          0 kB
CommitLimit:     9202292 kB
Committed_AS:   73569924 kB
VmallocTotal:   263061440 kB
VmallocUsed:      106168 kB
VmallocChunk:          0 kB
Percpu:             7648 kB
CmaTotal:         294912 kB
CmaFree:               0 kB
MemTotal:       12113136 kB
MemFree:         4287024 kB
MemAvailable:    7643736 kB
Buffers:            7040 kB
Cached:          2519028 kB
SwapCached:            0 kB
Active:          1812484 kB
Inactive:        2142236 kB
Active(anon):    1437836 kB
Inactive(anon):    34092 kB
Active(file):     374648 kB
Inactive(file):  2108144 kB
Unevictable:        5564 kB
Mlocked:            5564 kB
SwapTotal:       3145724 kB
SwapFree:        3145724 kB
Dirty:               532 kB
Writeback:             0 kB
AnonPages:       1434060 kB
Mapped:           976344 kB
Shmem:             38800 kB
KReclaimable:    1742624 kB
Slab:             271364 kB
SReclaimable:     117208 kB
SUnreclaim:       154156 kB
KernelStack:       49028 kB
PageTables:        68840 kB
NFS_Unstable:          0 kB
Bounce:                0 kB
WritebackTmp:          0 kB
CommitLimit:     9202292 kB
Committed_AS:   73574436 kB
VmallocTotal:   263061440 kB
VmallocUsed:      106200 kB
VmallocChunk:          0 kB
Percpu:             7648 kB
CmaTotal:         294912 kB
CmaFree:              76 kB
MemTotal:       12113136 kB
MemFree:         4306756 kB
MemAvailable:    7663476 kB
Buffers:            7040 kB
Cached:          2519036 kB
SwapCached:            0 kB
Active:          1792176 kB
Inactive:        2142244 kB
Active(anon):    1417528 kB
Inactive(anon):    34092 kB
Active(file):     374648 kB
Inactive(file):  2108152 kB
Unevictable:        5564 kB
Mlocked:            5564 kB
SwapTotal:       3145724 kB
SwapFree:        3145724 kB
Dirty:               576 kB
Writeback:             0 kB
AnonPages:       1413836 kB
Mapped:           975584 kB
Shmem:             38800 kB
KReclaimable:    1742624 kB
Slab:             271372 kB
SReclaimable:     117208 kB
SUnreclaim:       154164 kB
KernelStack:       48976 kB
PageTables:        68752 kB
NFS_Unstable:          0 kB
Bounce:                0 kB
WritebackTmp:          0 kB
CommitLimit:     9202292 kB
Committed_AS:   73576708 kB
VmallocTotal:   263061440 kB
VmallocUsed:      106152 kB
VmallocChunk:          0 kB
Percpu:             7648 kB
CmaTotal:         294912 kB
CmaFree:               4 kB
MemTotal:       12113136 kB
MemFree:         4306036 kB
MemAvailable:    7662768 kB
Buffers:            7040 kB
Cached:          2519048 kB
SwapCached:            0 kB
Active:          1792352 kB
Inactive:        2142260 kB
Active(anon):    1417708 kB
Inactive(anon):    34092 kB
Active(file):     374644 kB
Inactive(file):  2108168 kB
Unevictable:        5564 kB
Mlocked:            5564 kB
SwapTotal:       3145724 kB
SwapFree:        3145724 kB
Dirty:               632 kB
Writeback:             0 kB
AnonPages:       1413972 kB
Mapped:           975588 kB
Shmem:             38800 kB
KReclaimable:    1742624 kB
Slab:             271372 kB
SReclaimable:     117208 kB
SUnreclaim:       154164 kB
KernelStack:       48912 kB
PageTables:        68456 kB
NFS_Unstable:          0 kB
Bounce:                0 kB
WritebackTmp:          0 kB
CommitLimit:     9202292 kB
Committed_AS:   73572668 kB
VmallocTotal:   263061440 kB
VmallocUsed:      106152 kB
VmallocChunk:          0 kB
Percpu:             7648 kB
CmaTotal:         294912 kB
CmaFree:               4 kB
MemTotal:       12113136 kB
MemFree:         4306616 kB
MemAvailable:    7663344 kB
Buffers:            7040 kB
Cached:          2519044 kB
SwapCached:            0 kB
Active:          1793292 kB
Inactive:        2142260 kB
Active(anon):    1418652 kB
Inactive(anon):    34092 kB
Active(file):     374640 kB
Inactive(file):  2108168 kB
Unevictable:        5564 kB
Mlocked:            5564 kB
SwapTotal:       3145724 kB
SwapFree:        3145724 kB
Dirty:               652 kB
Writeback:             0 kB
AnonPages:       1415064 kB
Mapped:           975592 kB
Shmem:             38800 kB
KReclaimable:    1742624 kB
Slab:             271364 kB
SReclaimable:     117208 kB
SUnreclaim:       154156 kB
KernelStack:       48912 kB
PageTables:        68416 kB
NFS_Unstable:          0 kB
Bounce:                0 kB
WritebackTmp:          0 kB
CommitLimit:     9202292 kB
Committed_AS:   73570996 kB
VmallocTotal:   263061440 kB
VmallocUsed:      106136 kB
VmallocChunk:          0 kB
Percpu:             7648 kB
CmaTotal:         294912 kB
CmaFree:               0 kB
MemTotal:       12113136 kB
MemFree:         4305480 kB
MemAvailable:    7662248 kB
Buffers:            7040 kB
Cached:          2519084 kB
SwapCached:            0 kB
Active:          1794716 kB
Inactive:        2142292 kB
Active(anon):    1420068 kB
Inactive(anon):    34092 kB
Active(file):     374648 kB
Inactive(file):  2108200 kB
Unevictable:        5564 kB
Mlocked:            5564 kB
SwapTotal:       3145724 kB
SwapFree:        3145724 kB
Dirty:               192 kB
Writeback:             0 kB
AnonPages:       1416544 kB
Mapped:           975608 kB
Shmem:             38800 kB
KReclaimable:    1742624 kB
Slab:             271364 kB
SReclaimable:     117208 kB
SUnreclaim:       154156 kB
KernelStack:       48912 kB
PageTables:        68496 kB
NFS_Unstable:          0 kB
Bounce:                0 kB
WritebackTmp:          0 kB
CommitLimit:     9202292 kB
Committed_AS:   73559044 kB
VmallocTotal:   263061440 kB
VmallocUsed:      106120 kB
VmallocChunk:          0 kB
Percpu:             7648 kB
CmaTotal:         294912 kB
CmaFree:               0 kB
MemTotal:       12113136 kB
MemFree:         4304212 kB
MemAvailable:    7660992 kB
Buffers:            7040 kB
Cached:          2519096 kB
SwapCached:            0 kB
Active:          1796116 kB
Inactive:        2142304 kB
Active(anon):    1421468 kB
Inactive(anon):    34092 kB
Active(file):     374648 kB
Inactive(file):  2108212 kB
Unevictable:        5564 kB
Mlocked:            5564 kB
SwapTotal:       3145724 kB
SwapFree:        3145724 kB
Dirty:               336 kB
Writeback:             0 kB
AnonPages:       1417164 kB
Mapped:           975604 kB
Shmem:             38800 kB
KReclaimable:    1742624 kB
Slab:             271372 kB
SReclaimable:     117208 kB
SUnreclaim:       154164 kB
KernelStack:       48944 kB
PageTables:        68592 kB
NFS_Unstable:          0 kB
Bounce:                0 kB
WritebackTmp:          0 kB
CommitLimit:     9202292 kB
Committed_AS:   73566420 kB
VmallocTotal:   263061440 kB
VmallocUsed:      106120 kB
VmallocChunk:          0 kB
Percpu:             7648 kB
CmaTotal:         294912 kB
CmaFree:               0 kB
MemTotal:       12113136 kB
MemFree:         4303408 kB
MemAvailable:    7660200 kB
Buffers:            7040 kB
Cached:          2519108 kB
SwapCached:            0 kB
Active:          1796232 kB
Inactive:        2142316 kB
Active(anon):    1421584 kB
Inactive(anon):    34092 kB
Active(file):     374648 kB
Inactive(file):  2108224 kB
Unevictable:        5564 kB
Mlocked:            5564 kB
SwapTotal:       3145724 kB
SwapFree:        3145724 kB
Dirty:               372 kB
Writeback:             0 kB
AnonPages:       1417476 kB
Mapped:           975604 kB
Shmem:             38800 kB
KReclaimable:    1742624 kB
Slab:             271372 kB
SReclaimable:     117208 kB
SUnreclaim:       154164 kB
KernelStack:       48960 kB
PageTables:        68592 kB
NFS_Unstable:          0 kB
Bounce:                0 kB
WritebackTmp:          0 kB
CommitLimit:     9202292 kB
Committed_AS:   73563256 kB
VmallocTotal:   263061440 kB
VmallocUsed:      106136 kB
VmallocChunk:          0 kB
Percpu:             7648 kB
CmaTotal:         294912 kB
CmaFree:               0 kB
MemTotal:       12113136 kB
MemFree:         4302648 kB
MemAvailable:    7659460 kB
Buffers:            7040 kB
Cached:          2519128 kB
SwapCached:            0 kB
Active:          1797312 kB
Inactive:        2142336 kB
Active(anon):    1422664 kB
Inactive(anon):    34092 kB
Active(file):     374648 kB
Inactive(file):  2108244 kB
Unevictable:        5564 kB
Mlocked:            5564 kB
SwapTotal:       3145724 kB
SwapFree:        3145724 kB
Dirty:               412 kB
Writeback:             0 kB
AnonPages:       1419052 kB
Mapped:           975732 kB
Shmem:             38800 kB
KReclaimable:    1742624 kB
Slab:             271372 kB
SReclaimable:     117208 kB
SUnreclaim:       154164 kB
KernelStack:       48880 kB
PageTables:        68484 kB
NFS_Unstable:          0 kB
Bounce:                0 kB
WritebackTmp:          0 kB
CommitLimit:     9202292 kB
Committed_AS:   73557976 kB
VmallocTotal:   263061440 kB
VmallocUsed:      106072 kB
VmallocChunk:          0 kB
Percpu:             7648 kB
CmaTotal:         294912 kB
CmaFree:               0 kB
MemTotal:       12113136 kB
MemFree:         4302336 kB
MemAvailable:    7659168 kB
Buffers:            7040 kB
Cached:          2519152 kB
SwapCached:            0 kB
Active:          1797740 kB
Inactive:        2142360 kB
Active(anon):    1423092 kB
Inactive(anon):    34096 kB
Active(file):     374648 kB
Inactive(file):  2108264 kB
Unevictable:        5564 kB
Mlocked:            5564 kB
SwapTotal:       3145724 kB
SwapFree:        3145724 kB
Dirty:               496 kB
Writeback:             0 kB
AnonPages:       1419612 kB
Mapped:           975616 kB
Shmem:             38804 kB
KReclaimable:    1742624 kB
Slab:             271364 kB
SReclaimable:     117208 kB
SUnreclaim:       154156 kB
KernelStack:       48864 kB
PageTables:        68424 kB
NFS_Unstable:          0 kB
Bounce:                0 kB
WritebackTmp:          0 kB
CommitLimit:     9202292 kB
Committed_AS:   73563184 kB
VmallocTotal:   263061440 kB
VmallocUsed:      106056 kB
VmallocChunk:          0 kB
Percpu:             7648 kB
CmaTotal:         294912 kB
CmaFree:               0 kB
MemTotal:       12113136 kB
MemFree:         4300036 kB
MemAvailable:    7656876 kB
Buffers:            7040 kB
Cached:          2519160 kB
SwapCached:            0 kB
Active:          1798764 kB
Inactive:        2142368 kB
Active(anon):    1424116 kB
Inactive(anon):    34096 kB
Active(file):     374648 kB
Inactive(file):  2108272 kB
Unevictable:        5564 kB
Mlocked:            5564 kB
SwapTotal:       3145724 kB
SwapFree:        3145724 kB
Dirty:               264 kB
Writeback:           260 kB
AnonPages:       1420492 kB
Mapped:           975600 kB
Shmem:             38804 kB
KReclaimable:    1742624 kB
Slab:             271380 kB
SReclaimable:     117208 kB
SUnreclaim:       154172 kB
KernelStack:       48912 kB
PageTables:        68520 kB
NFS_Unstable:          0 kB
Bounce:                0 kB
WritebackTmp:          0 kB
CommitLimit:     9202292 kB
Committed_AS:   73565464 kB
VmallocTotal:   263061440 kB
VmallocUsed:      106072 kB
VmallocChunk:          0 kB
Percpu:             7648 kB
CmaTotal:         294912 kB
CmaFree:               0 kB
MemTotal:       12113136 kB
MemFree:         4301376 kB
MemAvailable:    7658224 kB
Buffers:            7040 kB
Cached:          2519168 kB
SwapCached:            0 kB
Active:          1800268 kB
Inactive:        2142376 kB
Active(anon):    1425620 kB
Inactive(anon):    34096 kB
Active(file):     374648 kB
Inactive(file):  2108280 kB
Unevictable:        5564 kB
Mlocked:            5564 kB
SwapTotal:       3145724 kB
SwapFree:        3145724 kB
Dirty:               284 kB
Writeback:             0 kB
AnonPages:       1421904 kB
Mapped:           975620 kB
Shmem:             38804 kB
KReclaimable:    1742624 kB
Slab:             271360 kB
SReclaimable:     117208 kB
SUnreclaim:       154152 kB
KernelStack:       48912 kB
PageTables:        68584 kB
NFS_Unstable:          0 kB
Bounce:                0 kB
WritebackTmp:          0 kB
CommitLimit:     9202292 kB
Committed_AS:   73560600 kB
VmallocTotal:   263061440 kB
VmallocUsed:      106040 kB
VmallocChunk:          0 kB
Percpu:             7648 kB
CmaTotal:         294912 kB
CmaFree:               0 kB
MemTotal:       12113136 kB
MemFree:         4296796 kB
MemAvailable:    7653660 kB
Buffers:            7040 kB
Cached:          2519184 kB
SwapCached:            0 kB
Active:          1802244 kB
Inactive:        2142392 kB
Active(anon):    1427596 kB
Inactive(anon):    34096 kB
Active(file):     374648 kB
Inactive(file):  2108296 kB
Unevictable:        5564 kB
Mlocked:            5564 kB
SwapTotal:       3145724 kB
SwapFree:        3145724 kB
Dirty:               364 kB
Writeback:             0 kB
AnonPages:       1423912 kB
Mapped:           975620 kB
Shmem:             38804 kB
KReclaimable:    1742624 kB
Slab:             271360 kB
SReclaimable:     117208 kB
SUnreclaim:       154152 kB
KernelStack:       48848 kB
PageTables:        68472 kB
NFS_Unstable:          0 kB
Bounce:                0 kB
WritebackTmp:          0 kB
CommitLimit:     9202292 kB
Committed_AS:   73565980 kB
VmallocTotal:   263061440 kB
VmallocUsed:      106056 kB
VmallocChunk:          0 kB
Percpu:             7648 kB
CmaTotal:         294912 kB
CmaFree:              76 kB
MemTotal:       12113136 kB
MemFree:         4296156 kB
MemAvailable:    7653040 kB
Buffers:            7040 kB
Cached:          2519204 kB
SwapCached:            0 kB
Active:          1803688 kB
Inactive:        2142412 kB
Active(anon):    1429040 kB
Inactive(anon):    34096 kB
Active(file):     374648 kB
Inactive(file):  2108316 kB
Unevictable:        5564 kB
Mlocked:            5564 kB
SwapTotal:       3145724 kB
SwapFree:        3145724 kB
Dirty:               460 kB
Writeback:             0 kB
AnonPages:       1425760 kB
Mapped:           975744 kB
Shmem:             38804 kB
KReclaimable:    1742624 kB
Slab:             271360 kB
SReclaimable:     117208 kB
SUnreclaim:       154152 kB
KernelStack:       48912 kB
PageTables:        68524 kB
NFS_Unstable:          0 kB
Bounce:                0 kB
WritebackTmp:          0 kB
CommitLimit:     9202292 kB
Committed_AS:   73565012 kB
VmallocTotal:   263061440 kB
VmallocUsed:      106056 kB
VmallocChunk:          0 kB
Percpu:             7648 kB
CmaTotal:         294912 kB
CmaFree:               4 kB
MemTotal:       12113136 kB
MemFree:         4296464 kB
MemAvailable:    7653368 kB
Buffers:            7048 kB
Cached:          2519216 kB
SwapCached:            0 kB
Active:          1804432 kB
Inactive:        2142424 kB
Active(anon):    1429776 kB
Inactive(anon):    34096 kB
Active(file):     374656 kB
Inactive(file):  2108328 kB
Unevictable:        5564 kB
Mlocked:            5564 kB
SwapTotal:       3145724 kB
SwapFree:        3145724 kB
Dirty:               556 kB
Writeback:             0 kB
AnonPages:       1426212 kB
Mapped:           975624 kB
Shmem:             38804 kB
KReclaimable:    1742624 kB
Slab:             271360 kB
SReclaimable:     117208 kB
SUnreclaim:       154152 kB
KernelStack:       48912 kB
PageTables:        68444 kB
NFS_Unstable:          0 kB
Bounce:                0 kB
WritebackTmp:          0 kB
CommitLimit:     9202292 kB
Committed_AS:   73559804 kB
VmallocTotal:   263061440 kB
VmallocUsed:      106056 kB
VmallocChunk:          0 kB
Percpu:             7648 kB
CmaTotal:         294912 kB
CmaFree:               0 kB
MemTotal:       12113136 kB
MemFree:         4291944 kB
MemAvailable:    7648876 kB
Buffers:            7048 kB
Cached:          2519244 kB
SwapCached:            0 kB
Active:          1805484 kB
Inactive:        2142452 kB
Active(anon):    1430828 kB
Inactive(anon):    34096 kB
Active(file):     374656 kB
Inactive(file):  2108356 kB
Unevictable:        5564 kB
Mlocked:            5564 kB
SwapTotal:       3145724 kB
SwapFree:        3145724 kB
Dirty:               596 kB
Writeback:             0 kB
AnonPages:       1427328 kB
Mapped:           975628 kB
Shmem:             38804 kB
KReclaimable:    1742624 kB
Slab:             271360 kB
SReclaimable:     117208 kB
SUnreclaim:       154152 kB
KernelStack:       48944 kB
PageTables:        68500 kB
NFS_Unstable:          0 kB
Bounce:                0 kB
WritebackTmp:          0 kB
CommitLimit:     9202292 kB
Committed_AS:   73559640 kB
VmallocTotal:   263061440 kB
VmallocUsed:      106056 kB
VmallocChunk:          0 kB
Percpu:             7648 kB
CmaTotal:         294912 kB
CmaFree:               4 kB
MemTotal:       12113136 kB
MemFree:         4292796 kB
MemAvailable:    7649740 kB
Buffers:            7048 kB
Cached:          2519256 kB
SwapCached:            0 kB
Active:          1807340 kB
Inactive:        2142464 kB
Active(anon):    1432684 kB
Inactive(anon):    34096 kB
Active(file):     374656 kB
Inactive(file):  2108368 kB
Unevictable:        5564 kB
Mlocked:            5564 kB
SwapTotal:       3145724 kB
SwapFree:        3145724 kB
Dirty:               628 kB
Writeback:             0 kB
AnonPages:       1429468 kB
Mapped:           975628 kB
Shmem:             38804 kB
KReclaimable:    1742624 kB
Slab:             271360 kB
SReclaimable:     117208 kB
SUnreclaim:       154152 kB
KernelStack:       48880 kB
PageTables:        68488 kB
NFS_Unstable:          0 kB
Bounce:                0 kB
WritebackTmp:          0 kB
CommitLimit:     9202292 kB
Committed_AS:   73563168 kB
VmallocTotal:   263061440 kB
VmallocUsed:      106072 kB
VmallocChunk:          0 kB
Percpu:             7648 kB
CmaTotal:         294912 kB
CmaFree:               0 kB
MemTotal:       12113136 kB
MemFree:         4290916 kB
MemAvailable:    7647880 kB
Buffers:            7048 kB
Cached:          2519276 kB
SwapCached:            0 kB
Active:          1808804 kB
Inactive:        2142484 kB
Active(anon):    1434148 kB
Inactive(anon):    34096 kB
Active(file):     374656 kB
Inactive(file):  2108388 kB
Unevictable:        5564 kB
Mlocked:            5564 kB
SwapTotal:       3145724 kB
SwapFree:        3145724 kB
Dirty:               696 kB
Writeback:             0 kB
AnonPages:       1430232 kB
Mapped:           975636 kB
Shmem:             38804 kB
KReclaimable:    1742624 kB
Slab:             271352 kB
SReclaimable:     117208 kB
SUnreclaim:       154144 kB
KernelStack:       48880 kB
PageTables:        68476 kB
NFS_Unstable:          0 kB
Bounce:                0 kB
WritebackTmp:          0 kB
CommitLimit:     9202292 kB
Committed_AS:   73566552 kB
VmallocTotal:   263061440 kB
VmallocUsed:      106056 kB
VmallocChunk:          0 kB
Percpu:             7648 kB
CmaTotal:         294912 kB
CmaFree:               0 kB
MemTotal:       12113136 kB
MemFree:         4289388 kB
MemAvailable:    7646364 kB
Buffers:            7048 kB
Cached:          2519288 kB
SwapCached:            0 kB
Active:          1809468 kB
Inactive:        2142496 kB
Active(anon):    1434812 kB
Inactive(anon):    34096 kB
Active(file):     374656 kB
Inactive(file):  2108400 kB
Unevictable:        5564 kB
Mlocked:            5564 kB
SwapTotal:       3145724 kB
SwapFree:        3145724 kB
Dirty:               720 kB
Writeback:             0 kB
AnonPages:       1430940 kB
Mapped:           975632 kB
Shmem:             38804 kB
KReclaimable:    1742624 kB
Slab:             271360 kB
SReclaimable:     117208 kB
SUnreclaim:       154152 kB
KernelStack:       48928 kB
PageTables:        68652 kB
NFS_Unstable:          0 kB
Bounce:                0 kB
WritebackTmp:          0 kB
CommitLimit:     9202292 kB
Committed_AS:   73571448 kB
VmallocTotal:   263061440 kB
VmallocUsed:      106088 kB
VmallocChunk:          0 kB
Percpu:             7648 kB
CmaTotal:         294912 kB
CmaFree:               0 kB
MemTotal:       12113136 kB
MemFree:         4287692 kB
MemAvailable:    7644676 kB
Buffers:            7048 kB
Cached:          2519296 kB
SwapCached:            0 kB
Active:          1811240 kB
Inactive:        2142504 kB
Active(anon):    1436584 kB
Inactive(anon):    34096 kB
Active(file):     374656 kB
Inactive(file):  2108408 kB
Unevictable:        5564 kB
Mlocked:            5564 kB
SwapTotal:       3145724 kB
SwapFree:        3145724 kB
Dirty:               736 kB
Writeback:             0 kB
AnonPages:       1433044 kB
Mapped:           975664 kB
Shmem:             38804 kB
KReclaimable:    1742624 kB
Slab:             271360 kB
SReclaimable:     117208 kB
SUnreclaim:       154152 kB
KernelStack:       48928 kB
PageTables:        68480 kB
NFS_Unstable:          0 kB
Bounce:                0 kB
WritebackTmp:          0 kB
CommitLimit:     9202292 kB
Committed_AS:   73571632 kB
VmallocTotal:   263061440 kB
VmallocUsed:      106104 kB
VmallocChunk:          0 kB
Percpu:             7648 kB
CmaTotal:         294912 kB
CmaFree:               0 kB
MemTotal:       12113136 kB
MemFree:         4286652 kB
MemAvailable:    7643660 kB
Buffers:            7048 kB
Cached:          2519320 kB
SwapCached:            0 kB
Active:          1812216 kB
Inactive:        2142528 kB
Active(anon):    1437560 kB
Inactive(anon):    34096 kB
Active(file):     374656 kB
Inactive(file):  2108432 kB
Unevictable:        5564 kB
Mlocked:            5564 kB
SwapTotal:       3145724 kB
SwapFree:        3145724 kB
Dirty:               760 kB
Writeback:             0 kB
AnonPages:       1433812 kB
Mapped:           975660 kB
Shmem:             38804 kB
KReclaimable:    1742624 kB
Slab:             271360 kB
SReclaimable:     117208 kB
SUnreclaim:       154152 kB
KernelStack:       48976 kB
PageTables:        68448 kB
NFS_Unstable:          0 kB
Bounce:                0 kB
WritebackTmp:          0 kB
CommitLimit:     9202292 kB
Committed_AS:   73572744 kB
VmallocTotal:   263061440 kB
VmallocUsed:      106120 kB
VmallocChunk:          0 kB
Percpu:             7648 kB
CmaTotal:         294912 kB
CmaFree:               0 kB
MemTotal:       12113136 kB
MemFree:         4285528 kB
MemAvailable:    7642544 kB
Buffers:            7048 kB
Cached:          2519328 kB
SwapCached:            0 kB
Active:          1814284 kB
Inactive:        2142536 kB
Active(anon):    1439628 kB
Inactive(anon):    34096 kB
Active(file):     374656 kB
Inactive(file):  2108440 kB
Unevictable:        5564 kB
Mlocked:            5564 kB
SwapTotal:       3145724 kB
SwapFree:        3145724 kB
Dirty:               328 kB
Writeback:             0 kB
AnonPages:       1435788 kB
Mapped:           975724 kB
Shmem:             38804 kB
KReclaimable:    1742624 kB
Slab:             271364 kB
SReclaimable:     117208 kB
SUnreclaim:       154156 kB
KernelStack:       48992 kB
PageTables:        68668 kB
NFS_Unstable:          0 kB
Bounce:                0 kB
WritebackTmp:          0 kB
CommitLimit:     9202292 kB
Committed_AS:   73570456 kB
VmallocTotal:   263061440 kB
VmallocUsed:      106200 kB
VmallocChunk:          0 kB
Percpu:             7648 kB
CmaTotal:         294912 kB
CmaFree:               0 kB
MemTotal:       12113136 kB
MemFree:         4284908 kB
MemAvailable:    7641936 kB
Buffers:            7048 kB
Cached:          2519340 kB
SwapCached:            0 kB
Active:          1814116 kB
Inactive:        2142548 kB
Active(anon):    1439460 kB
Inactive(anon):    34096 kB
Active(file):     374656 kB
Inactive(file):  2108452 kB
Unevictable:        5564 kB
Mlocked:            5564 kB
SwapTotal:       3145724 kB
SwapFree:        3145724 kB
Dirty:               388 kB
Writeback:             0 kB
AnonPages:       1436072 kB
Mapped:           975724 kB
Shmem:             38804 kB
KReclaimable:    1742624 kB
Slab:             271364 kB
SReclaimable:     117208 kB
SUnreclaim:       154156 kB
KernelStack:       48960 kB
PageTables:        68476 kB
NFS_Unstable:          0 kB
Bounce:                0 kB
WritebackTmp:          0 kB
CommitLimit:     9202292 kB
Committed_AS:   73569916 kB
VmallocTotal:   263061440 kB
VmallocUsed:      106168 kB
VmallocChunk:          0 kB
Percpu:             7648 kB
CmaTotal:         294912 kB
CmaFree:               0 kB
MemTotal:       12113136 kB
MemFree:         4283748 kB
MemAvailable:    7640792 kB
Buffers:            7048 kB
Cached:          2519356 kB
SwapCached:            0 kB
Active:          1815892 kB
Inactive:        2142564 kB
Active(anon):    1441236 kB
Inactive(anon):    34096 kB
Active(file):     374656 kB
Inactive(file):  2108468 kB
Unevictable:        5564 kB
Mlocked:            5564 kB
SwapTotal:       3145724 kB
SwapFree:        3145724 kB
Dirty:               420 kB
Writeback:             0 kB
AnonPages:       1437496 kB
Mapped:           975792 kB
Shmem:             38804 kB
KReclaimable:    1742624 kB
Slab:             271364 kB
SReclaimable:     117208 kB
SUnreclaim:       154156 kB
KernelStack:       48992 kB
PageTables:        68500 kB
NFS_Unstable:          0 kB
Bounce:                0 kB
WritebackTmp:          0 kB
CommitLimit:     9202292 kB
Committed_AS:   73567496 kB
VmallocTotal:   263061440 kB
VmallocUsed:      106216 kB
VmallocChunk:          0 kB
Percpu:             7648 kB
CmaTotal:         294912 kB
CmaFree:               8 kB
MemTotal:       12113136 kB
MemFree:         4281960 kB
MemAvailable:    7638828 kB
Buffers:            7048 kB
Cached:          2519384 kB
SwapCached:            0 kB
Active:          1817128 kB
Inactive:        2142592 kB
Active(anon):    1442472 kB
Inactive(anon):    34096 kB
Active(file):     374656 kB
Inactive(file):  2108496 kB
Unevictable:        5564 kB
Mlocked:            5564 kB
SwapTotal:       3145724 kB
SwapFree:        3145724 kB
Dirty:               516 kB
Writeback:             0 kB
AnonPages:       1438904 kB
Mapped:           975824 kB
Shmem:             38804 kB
KReclaimable:    1742420 kB
Slab:             271332 kB
SReclaimable:     117208 kB
SUnreclaim:       154124 kB
KernelStack:       49008 kB
PageTables:        68576 kB
NFS_Unstable:          0 kB
Bounce:                0 kB
WritebackTmp:          0 kB
CommitLimit:     9202292 kB
Committed_AS:   73570544 kB
VmallocTotal:   263061440 kB
VmallocUsed:      106216 kB
VmallocChunk:          0 kB
Percpu:             7648 kB
CmaTotal:         294912 kB
CmaFree:               0 kB
MemTotal:       12113136 kB
MemFree:         4280220 kB
MemAvailable:    7637096 kB
Buffers:            7048 kB
Cached:          2519392 kB
SwapCached:            0 kB
Active:          1818280 kB
Inactive:        2142600 kB
Active(anon):    1443624 kB
Inactive(anon):    34096 kB
Active(file):     374656 kB
Inactive(file):  2108504 kB
Unevictable:        5564 kB
Mlocked:            5564 kB
SwapTotal:       3145724 kB
SwapFree:        3145724 kB
Dirty:               544 kB
Writeback:             0 kB
AnonPages:       1440368 kB
Mapped:           975936 kB
Shmem:             38804 kB
KReclaimable:    1742420 kB
Slab:             271332 kB
SReclaimable:     117208 kB
SUnreclaim:       154124 kB
KernelStack:       48944 kB
PageTables:        68412 kB
NFS_Unstable:          0 kB
Bounce:                0 kB
WritebackTmp:          0 kB
CommitLimit:     9202292 kB
Committed_AS:   73568024 kB
VmallocTotal:   263061440 kB
VmallocUsed:      106248 kB
VmallocChunk:          0 kB
Percpu:             7648 kB
CmaTotal:         294912 kB
CmaFree:               0 kB
MemTotal:       12113136 kB
MemFree:         4280628 kB
MemAvailable:    7637508 kB
Buffers:            7048 kB
Cached:          2519396 kB
SwapCached:            0 kB
Active:          1820252 kB
Inactive:        2142604 kB
Active(anon):    1445596 kB
Inactive(anon):    34096 kB
Active(file):     374656 kB
Inactive(file):  2108508 kB
Unevictable:        5564 kB
Mlocked:            5564 kB
SwapTotal:       3145724 kB
SwapFree:        3145724 kB
Dirty:               320 kB
Writeback:             0 kB
AnonPages:       1441624 kB
Mapped:           975836 kB
Shmem:             38804 kB
KReclaimable:    1742420 kB
Slab:             271264 kB
SReclaimable:     117208 kB
SUnreclaim:       154056 kB
KernelStack:       48976 kB
PageTables:        68548 kB
NFS_Unstable:          0 kB
Bounce:                0 kB
WritebackTmp:          0 kB
CommitLimit:     9202292 kB
Committed_AS:   73564624 kB
VmallocTotal:   263061440 kB
VmallocUsed:      106216 kB
VmallocChunk:          0 kB
Percpu:             7648 kB
CmaTotal:         294912 kB
CmaFree:               0 kB
MemTotal:       12113136 kB
MemFree:         4278428 kB
MemAvailable:    7635328 kB
Buffers:            7048 kB
Cached:          2519416 kB
SwapCached:            0 kB
Active:          1821716 kB
Inactive:        2142624 kB
Active(anon):    1447060 kB
Inactive(anon):    34096 kB
Active(file):     374656 kB
Inactive(file):  2108528 kB
Unevictable:        5564 kB
Mlocked:            5564 kB
SwapTotal:       3145724 kB
SwapFree:        3145724 kB
Dirty:               388 kB
Writeback:             0 kB
AnonPages:       1443416 kB
Mapped:           975920 kB
Shmem:             38804 kB
KReclaimable:    1742420 kB
Slab:             271256 kB
SReclaimable:     117208 kB
SUnreclaim:       154048 kB
KernelStack:       48960 kB
PageTables:        68488 kB
NFS_Unstable:          0 kB
Bounce:                0 kB
WritebackTmp:          0 kB
CommitLimit:     9202292 kB
Committed_AS:   73563568 kB
VmallocTotal:   263061440 kB
VmallocUsed:      106248 kB
VmallocChunk:          0 kB
Percpu:             7648 kB
CmaTotal:         294912 kB
CmaFree:               0 kB
MemTotal:       12113136 kB
MemFree:         4276524 kB
MemAvailable:    7633436 kB
Buffers:            7048 kB
Cached:          2519428 kB
SwapCached:            0 kB
Active:          1822360 kB
Inactive:        2142636 kB
Active(anon):    1447704 kB
Inactive(anon):    34096 kB
Active(file):     374656 kB
Inactive(file):  2108540 kB
Unevictable:        5564 kB
Mlocked:            5564 kB
SwapTotal:       3145724 kB
SwapFree:        3145724 kB
Dirty:               424 kB
Writeback:             0 kB
AnonPages:       1443964 kB
Mapped:           975920 kB
Shmem:             38804 kB
KReclaimable:    1742420 kB
Slab:             271264 kB
SReclaimable:     117208 kB
SUnreclaim:       154056 kB
KernelStack:       48992 kB
PageTables:        68520 kB
NFS_Unstable:          0 kB
Bounce:                0 kB
WritebackTmp:          0 kB
CommitLimit:     9202292 kB
Committed_AS:   73559824 kB
VmallocTotal:   263061440 kB
VmallocUsed:      106248 kB
VmallocChunk:          0 kB
Percpu:             7648 kB
CmaTotal:         294912 kB
CmaFree:               0 kB
MemTotal:       12113136 kB
MemFree:         4275312 kB
MemAvailable:    7632236 kB
Buffers:            7048 kB
Cached:          2519440 kB
SwapCached:            0 kB
Active:          1822700 kB
Inactive:        2142648 kB
Active(anon):    1448044 kB
Inactive(anon):    34096 kB
Active(file):     374656 kB
Inactive(file):  2108552 kB
Unevictable:        5564 kB
Mlocked:            5564 kB
SwapTotal:       3145724 kB
SwapFree:        3145724 kB
Dirty:               464 kB
Writeback:             0 kB
AnonPages:       1444676 kB
Mapped:           975968 kB
Shmem:             38804 kB
KReclaimable:    1742420 kB
Slab:             271256 kB
SReclaimable:     117208 kB
SUnreclaim:       154048 kB
KernelStack:       48960 kB
PageTables:        68492 kB
NFS_Unstable:          0 kB
Bounce:                0 kB
WritebackTmp:          0 kB
CommitLimit:     9202292 kB
Committed_AS:   73565028 kB
VmallocTotal:   263061440 kB
VmallocUsed:      106248 kB
VmallocChunk:          0 kB
Percpu:             7648 kB
CmaTotal:         294912 kB
CmaFree:              32 kB
MemTotal:       12113136 kB
MemFree:         4275388 kB
MemAvailable:    7632352 kB
Buffers:            7052 kB
Cached:          2519476 kB
SwapCached:            0 kB
Active:          1822380 kB
Inactive:        2142684 kB
Active(anon):    1447720 kB
Inactive(anon):    34096 kB
Active(file):     374660 kB
Inactive(file):  2108588 kB
Unevictable:        5564 kB
Mlocked:            5564 kB
SwapTotal:       3145724 kB
SwapFree:        3145724 kB
Dirty:               492 kB
Writeback:             0 kB
AnonPages:       1444108 kB
Mapped:           976128 kB
Shmem:             38804 kB
KReclaimable:    1742420 kB
Slab:             271264 kB
SReclaimable:     117208 kB
SUnreclaim:       154056 kB
KernelStack:       49008 kB
PageTables:        68564 kB
NFS_Unstable:          0 kB
Bounce:                0 kB
WritebackTmp:          0 kB
CommitLimit:     9202292 kB
Committed_AS:   73556032 kB
VmallocTotal:   263061440 kB
VmallocUsed:      106232 kB
VmallocChunk:          0 kB
Percpu:             7648 kB
CmaTotal:         294912 kB
CmaFree:               0 kB
MemTotal:       12113136 kB
MemFree:         4274424 kB
MemAvailable:    7631400 kB
Buffers:            7052 kB
Cached:          2519488 kB
SwapCached:            0 kB
Active:          1824540 kB
Inactive:        2142696 kB
Active(anon):    1449880 kB
Inactive(anon):    34096 kB
Active(file):     374660 kB
Inactive(file):  2108600 kB
Unevictable:        5564 kB
Mlocked:            5564 kB
SwapTotal:       3145724 kB
SwapFree:        3145724 kB
Dirty:               312 kB
Writeback:             0 kB
AnonPages:       1446544 kB
Mapped:           976012 kB
Shmem:             38804 kB
KReclaimable:    1742420 kB
Slab:             271268 kB
SReclaimable:     117208 kB
SUnreclaim:       154060 kB
KernelStack:       48992 kB
PageTables:        68580 kB
NFS_Unstable:          0 kB
Bounce:                0 kB
WritebackTmp:          0 kB
CommitLimit:     9202292 kB
Committed_AS:   73565168 kB
VmallocTotal:   263061440 kB
VmallocUsed:      106216 kB
VmallocChunk:          0 kB
Percpu:             7648 kB
CmaTotal:         294912 kB
CmaFree:               0 kB
MemTotal:       12113136 kB
MemFree:         4290120 kB
MemAvailable:    7647108 kB
Buffers:            7052 kB
Cached:          2519544 kB
SwapCached:            0 kB
Active:          1809244 kB
Inactive:        2142752 kB
Active(anon):    1434584 kB
Inactive(anon):    34140 kB
Active(file):     374660 kB
Inactive(file):  2108612 kB
Unevictable:        5564 kB
Mlocked:            5564 kB
SwapTotal:       3145724 kB
SwapFree:        3145724 kB
Dirty:               352 kB
Writeback:             0 kB
AnonPages:       1430916 kB
Mapped:           975508 kB
Shmem:             38848 kB
KReclaimable:    1742420 kB
Slab:             271268 kB
SReclaimable:     117208 kB
SUnreclaim:       154060 kB
KernelStack:       48976 kB
PageTables:        68484 kB
NFS_Unstable:          0 kB
Bounce:                0 kB
WritebackTmp:          0 kB
CommitLimit:     9202292 kB
Committed_AS:   73571116 kB
VmallocTotal:   263061440 kB
VmallocUsed:      106200 kB
VmallocChunk:          0 kB
Percpu:             7648 kB
CmaTotal:         294912 kB
CmaFree:               0 kB
MemTotal:       12113136 kB
MemFree:         4288284 kB
MemAvailable:    7645284 kB
Buffers:            7052 kB
Cached:          2519556 kB
SwapCached:            0 kB
Active:          1811564 kB
Inactive:        2142764 kB
Active(anon):    1436904 kB
Inactive(anon):    34140 kB
Active(file):     374660 kB
Inactive(file):  2108624 kB
Unevictable:        5564 kB
Mlocked:            5564 kB
SwapTotal:       3145724 kB
SwapFree:        3145724 kB
Dirty:               416 kB
Writeback:             0 kB
AnonPages:       1433392 kB
Mapped:           975480 kB
Shmem:             38848 kB
KReclaimable:    1742420 kB
Slab:             271268 kB
SReclaimable:     117208 kB
SUnreclaim:       154060 kB
KernelStack:       49008 kB
PageTables:        68684 kB
NFS_Unstable:          0 kB
Bounce:                0 kB
WritebackTmp:          0 kB
CommitLimit:     9202292 kB
Committed_AS:   73559920 kB
VmallocTotal:   263061440 kB
VmallocUsed:      106184 kB
VmallocChunk:          0 kB
Percpu:             7648 kB
CmaTotal:         294912 kB
CmaFree:               0 kB
MemTotal:       12113136 kB
MemFree:         4287836 kB
MemAvailable:    7644852 kB
Buffers:            7052 kB
Cached:          2519572 kB
SwapCached:            0 kB
Active:          1811828 kB
Inactive:        2142780 kB
Active(anon):    1437168 kB
Inactive(anon):    34140 kB
Active(file):     374660 kB
Inactive(file):  2108640 kB
Unevictable:        5564 kB
Mlocked:            5564 kB
SwapTotal:       3145724 kB
SwapFree:        3145724 kB
Dirty:               444 kB
Writeback:             0 kB
AnonPages:       1433564 kB
Mapped:           975588 kB
Shmem:             38848 kB
KReclaimable:    1742420 kB
Slab:             271268 kB
SReclaimable:     117208 kB
SUnreclaim:       154060 kB
KernelStack:       49008 kB
PageTables:        68480 kB
NFS_Unstable:          0 kB
Bounce:                0 kB
WritebackTmp:          0 kB
CommitLimit:     9202292 kB
Committed_AS:   73569744 kB
VmallocTotal:   263061440 kB
VmallocUsed:      106216 kB
VmallocChunk:          0 kB
Percpu:             7648 kB
CmaTotal:         294912 kB
CmaFree:               0 kB
MemTotal:       12113136 kB
MemFree:         4286776 kB
MemAvailable:    7643804 kB
Buffers:            7052 kB
Cached:          2519588 kB
SwapCached:            0 kB
Active:          1813392 kB
Inactive:        2142792 kB
Active(anon):    1438732 kB
Inactive(anon):    34140 kB
Active(file):     374660 kB
Inactive(file):  2108652 kB
Unevictable:        5564 kB
Mlocked:            5564 kB
SwapTotal:       3145724 kB
SwapFree:        3145724 kB
Dirty:               500 kB
Writeback:             0 kB
AnonPages:       1434848 kB
Mapped:           975612 kB
Shmem:             38848 kB
KReclaimable:    1742420 kB
Slab:             271276 kB
SReclaimable:     117208 kB
SUnreclaim:       154068 kB
KernelStack:       48992 kB
PageTables:        68600 kB
NFS_Unstable:          0 kB
Bounce:                0 kB
WritebackTmp:          0 kB
CommitLimit:     9202292 kB
Committed_AS:   73565888 kB
VmallocTotal:   263061440 kB
VmallocUsed:      106216 kB
VmallocChunk:          0 kB
Percpu:             7648 kB
CmaTotal:         294912 kB
CmaFree:               0 kB
MemTotal:       12113136 kB
MemFree:         4304524 kB
MemAvailable:    7661572 kB
Buffers:            7052 kB
Cached:          2519604 kB
SwapCached:            0 kB
Active:          1795432 kB
Inactive:        2142812 kB
Active(anon):    1420772 kB
Inactive(anon):    34140 kB
Active(file):     374660 kB
Inactive(file):  2108672 kB
Unevictable:        5564 kB
Mlocked:            5564 kB
SwapTotal:       3145724 kB
SwapFree:        3145724 kB
Dirty:               320 kB
Writeback:             0 kB
AnonPages:       1417020 kB
Mapped:           975896 kB
Shmem:             38848 kB
KReclaimable:    1742420 kB
Slab:             271232 kB
SReclaimable:     117208 kB
SUnreclaim:       154024 kB
KernelStack:       49040 kB
PageTables:        68688 kB
NFS_Unstable:          0 kB
Bounce:                0 kB
WritebackTmp:          0 kB
CommitLimit:     9202292 kB
Committed_AS:   73559992 kB
VmallocTotal:   263061440 kB
VmallocUsed:      106232 kB
VmallocChunk:          0 kB
Percpu:             7648 kB
CmaTotal:         294912 kB
CmaFree:              44 kB
MemTotal:       12113136 kB
MemFree:         4303428 kB
MemAvailable:    7660484 kB
Buffers:            7052 kB
Cached:          2519612 kB
SwapCached:            0 kB
Active:          1796572 kB
Inactive:        2142824 kB
Active(anon):    1421916 kB
Inactive(anon):    34140 kB
Active(file):     374656 kB
Inactive(file):  2108684 kB
Unevictable:        5564 kB
Mlocked:            5564 kB
SwapTotal:       3145724 kB
SwapFree:        3145724 kB
Dirty:               364 kB
Writeback:             0 kB
AnonPages:       1418396 kB
Mapped:           975672 kB
Shmem:             38848 kB
KReclaimable:    1742420 kB
Slab:             271232 kB
SReclaimable:     117208 kB
SUnreclaim:       154024 kB
KernelStack:       48960 kB
PageTables:        68484 kB
NFS_Unstable:          0 kB
Bounce:                0 kB
WritebackTmp:          0 kB
CommitLimit:     9202292 kB
Committed_AS:   73560152 kB
VmallocTotal:   263061440 kB
VmallocUsed:      106168 kB
VmallocChunk:          0 kB
Percpu:             7648 kB
CmaTotal:         294912 kB
CmaFree:               0 kB
MemTotal:       12113136 kB
MemFree:         4305668 kB
MemAvailable:    7662736 kB
Buffers:            7052 kB
Cached:          2519624 kB
SwapCached:            0 kB
Active:          1792984 kB
Inactive:        2142832 kB
Active(anon):    1418324 kB
Inactive(anon):    34140 kB
Active(file):     374660 kB
Inactive(file):  2108692 kB
Unevictable:        5564 kB
Mlocked:            5564 kB
SwapTotal:       3145724 kB
SwapFree:        3145724 kB
Dirty:               408 kB
Writeback:             0 kB
AnonPages:       1414344 kB
Mapped:           975680 kB
Shmem:             38848 kB
KReclaimable:    1742420 kB
Slab:             271232 kB
SReclaimable:     117208 kB
SUnreclaim:       154024 kB
KernelStack:       48976 kB
PageTables:        68988 kB
NFS_Unstable:          0 kB
Bounce:                0 kB
WritebackTmp:          0 kB
CommitLimit:     9202292 kB
Committed_AS:   73558124 kB
VmallocTotal:   263061440 kB
VmallocUsed:      106168 kB
VmallocChunk:          0 kB
Percpu:             7648 kB
CmaTotal:         294912 kB
CmaFree:               0 kB
MemTotal:       12113136 kB
MemFree:         4304420 kB
MemAvailable:    7661512 kB
Buffers:            7052 kB
Cached:          2519644 kB
SwapCached:            0 kB
Active:          1793820 kB
Inactive:        2142852 kB
Active(anon):    1419160 kB
Inactive(anon):    34140 kB
Active(file):     374660 kB
Inactive(file):  2108712 kB
Unevictable:        5564 kB
Mlocked:            5564 kB
SwapTotal:       3145724 kB
SwapFree:        3145724 kB
Dirty:               488 kB
Writeback:             0 kB
AnonPages:       1415600 kB
Mapped:           975712 kB
Shmem:             38848 kB
KReclaimable:    1742424 kB
Slab:             271236 kB
SReclaimable:     117212 kB
SUnreclaim:       154024 kB
KernelStack:       49008 kB
PageTables:        68580 kB
NFS_Unstable:          0 kB
Bounce:                0 kB
WritebackTmp:          0 kB
CommitLimit:     9202292 kB
Committed_AS:   73554644 kB
VmallocTotal:   263061440 kB
VmallocUsed:      106120 kB
VmallocChunk:          0 kB
Percpu:             7648 kB
CmaTotal:         294912 kB
CmaFree:               0 kB
MemTotal:       12113136 kB
MemFree:         4303024 kB
MemAvailable:    7660128 kB
Buffers:            7052 kB
Cached:          2519656 kB
SwapCached:            0 kB
Active:          1794600 kB
Inactive:        2142864 kB
Active(anon):    1419940 kB
Inactive(anon):    34140 kB
Active(file):     374660 kB
Inactive(file):  2108724 kB
Unevictable:        5564 kB
Mlocked:            5564 kB
SwapTotal:       3145724 kB
SwapFree:        3145724 kB
Dirty:               508 kB
Writeback:             0 kB
AnonPages:       1416336 kB
Mapped:           975744 kB
Shmem:             38848 kB
KReclaimable:    1742424 kB
Slab:             271244 kB
SReclaimable:     117212 kB
SUnreclaim:       154032 kB
KernelStack:       48976 kB
PageTables:        68508 kB
NFS_Unstable:          0 kB
Bounce:                0 kB
WritebackTmp:          0 kB
CommitLimit:     9202292 kB
Committed_AS:   73548312 kB
VmallocTotal:   263061440 kB
VmallocUsed:      106152 kB
VmallocChunk:          0 kB
Percpu:             7648 kB
CmaTotal:         294912 kB
CmaFree:               0 kB
MemTotal:       12113136 kB
MemFree:         4302516 kB
MemAvailable:    7659636 kB
Buffers:            7052 kB
Cached:          2519672 kB
SwapCached:            0 kB
Active:          1796612 kB
Inactive:        2142880 kB
Active(anon):    1421952 kB
Inactive(anon):    34140 kB
Active(file):     374660 kB
Inactive(file):  2108740 kB
Unevictable:        5564 kB
Mlocked:            5564 kB
SwapTotal:       3145724 kB
SwapFree:        3145724 kB
Dirty:               264 kB
Writeback:             0 kB
AnonPages:       1418500 kB
Mapped:           975792 kB
Shmem:             38848 kB
KReclaimable:    1742424 kB
Slab:             271240 kB
SReclaimable:     117212 kB
SUnreclaim:       154028 kB
KernelStack:       48976 kB
PageTables:        68584 kB
NFS_Unstable:          0 kB
Bounce:                0 kB
WritebackTmp:          0 kB
CommitLimit:     9202292 kB
Committed_AS:   73553620 kB
VmallocTotal:   263061440 kB
VmallocUsed:      106168 kB
VmallocChunk:          0 kB
Percpu:             7648 kB
CmaTotal:         294912 kB
CmaFree:               0 kB
MemTotal:       12113136 kB
MemFree:         4301108 kB
MemAvailable:    7658244 kB
Buffers:            7052 kB
Cached:          2519688 kB
SwapCached:            0 kB
Active:          1797736 kB
Inactive:        2142896 kB
Active(anon):    1423076 kB
Inactive(anon):    34140 kB
Active(file):     374660 kB
Inactive(file):  2108756 kB
Unevictable:        5564 kB
Mlocked:            5564 kB
SwapTotal:       3145724 kB
SwapFree:        3145724 kB
Dirty:               392 kB
Writeback:             0 kB
AnonPages:       1419092 kB
Mapped:           975816 kB
Shmem:             38848 kB
KReclaimable:    1742424 kB
Slab:             271240 kB
SReclaimable:     117212 kB
SUnreclaim:       154028 kB
KernelStack:       48992 kB
PageTables:        68536 kB
NFS_Unstable:          0 kB
Bounce:                0 kB
WritebackTmp:          0 kB
CommitLimit:     9202292 kB
Committed_AS:   73556960 kB
VmallocTotal:   263061440 kB
VmallocUsed:      106184 kB
VmallocChunk:          0 kB
Percpu:             7648 kB
CmaTotal:         294912 kB
CmaFree:               0 kB
MemTotal:       12113136 kB
MemFree:         4299468 kB
MemAvailable:    7656616 kB
Buffers:            7052 kB
Cached:          2519700 kB
SwapCached:            0 kB
Active:          1798916 kB
Inactive:        2142908 kB
Active(anon):    1424256 kB
Inactive(anon):    34140 kB
Active(file):     374660 kB
Inactive(file):  2108768 kB
Unevictable:        5564 kB
Mlocked:            5564 kB
SwapTotal:       3145724 kB
SwapFree:        3145724 kB
Dirty:               440 kB
Writeback:             0 kB
AnonPages:       1420984 kB
Mapped:           975840 kB
Shmem:             38848 kB
KReclaimable:    1742424 kB
Slab:             271248 kB
SReclaimable:     117212 kB
SUnreclaim:       154036 kB
KernelStack:       48976 kB
PageTables:        68612 kB
NFS_Unstable:          0 kB
Bounce:                0 kB
WritebackTmp:          0 kB
CommitLimit:     9202292 kB
Committed_AS:   73563840 kB
VmallocTotal:   263061440 kB
VmallocUsed:      106200 kB
VmallocChunk:          0 kB
Percpu:             7648 kB
CmaTotal:         294912 kB
CmaFree:               8 kB
MemTotal:       12113136 kB
MemFree:         4297064 kB
MemAvailable:    7654244 kB
Buffers:            7056 kB
Cached:          2519728 kB
SwapCached:            0 kB
Active:          1803388 kB
Inactive:        2142940 kB
Active(anon):    1428728 kB
Inactive(anon):    34140 kB
Active(file):     374660 kB
Inactive(file):  2108800 kB
Unevictable:        5564 kB
Mlocked:            5564 kB
SwapTotal:       3145724 kB
SwapFree:        3145724 kB
Dirty:               452 kB
Writeback:             0 kB
AnonPages:       1425132 kB
Mapped:           975856 kB
Shmem:             38848 kB
KReclaimable:    1742424 kB
Slab:             271240 kB
SReclaimable:     117212 kB
SUnreclaim:       154028 kB
KernelStack:       49040 kB
PageTables:        68580 kB
NFS_Unstable:          0 kB
Bounce:                0 kB
WritebackTmp:          0 kB
CommitLimit:     9202292 kB
Committed_AS:   73571700 kB
VmallocTotal:   263061440 kB
VmallocUsed:      106184 kB
VmallocChunk:          0 kB
Percpu:             7648 kB
CmaTotal:         294912 kB
CmaFree:               0 kB
MemTotal:       12113136 kB
MemFree:         4299784 kB
MemAvailable:    7656984 kB
Buffers:            7056 kB
Cached:          2519748 kB
SwapCached:            0 kB
Active:          1800328 kB
Inactive:        2142956 kB
Active(anon):    1425664 kB
Inactive(anon):    34140 kB
Active(file):     374664 kB
Inactive(file):  2108816 kB
Unevictable:        5564 kB
Mlocked:            5564 kB
SwapTotal:       3145724 kB
SwapFree:        3145724 kB
Dirty:               500 kB
Writeback:             0 kB
AnonPages:       1421928 kB
Mapped:           975896 kB
Shmem:             38848 kB
KReclaimable:    1742424 kB
Slab:             271240 kB
SReclaimable:     117212 kB
SUnreclaim:       154028 kB
KernelStack:       48976 kB
PageTables:        68472 kB
NFS_Unstable:          0 kB
Bounce:                0 kB
WritebackTmp:          0 kB
CommitLimit:     9202292 kB
Committed_AS:   73572548 kB
VmallocTotal:   263061440 kB
VmallocUsed:      106136 kB
VmallocChunk:          0 kB
Percpu:             7648 kB
CmaTotal:         294912 kB
CmaFree:             124 kB
MemTotal:       12113136 kB
MemFree:         4297544 kB
MemAvailable:    7654760 kB
Buffers:            7056 kB
Cached:          2519764 kB
SwapCached:            0 kB
Active:          1801748 kB
Inactive:        2142976 kB
Active(anon):    1427088 kB
Inactive(anon):    34140 kB
Active(file):     374660 kB
Inactive(file):  2108836 kB
Unevictable:        5564 kB
Mlocked:            5564 kB
SwapTotal:       3145724 kB
SwapFree:        3145724 kB
Dirty:               532 kB
Writeback:             0 kB
AnonPages:       1423288 kB
Mapped:           975928 kB
Shmem:             38848 kB
KReclaimable:    1742424 kB
Slab:             271240 kB
SReclaimable:     117212 kB
SUnreclaim:       154028 kB
KernelStack:       48976 kB
PageTables:        68492 kB
NFS_Unstable:          0 kB
Bounce:                0 kB
WritebackTmp:          0 kB
CommitLimit:     9202292 kB
Committed_AS:   73574524 kB
VmallocTotal:   263061440 kB
VmallocUsed:      106168 kB
VmallocChunk:          0 kB
Percpu:             7648 kB
CmaTotal:         294912 kB
CmaFree:               0 kB
MemTotal:       12113136 kB
MemFree:         4298008 kB
MemAvailable:    7655240 kB
Buffers:            7056 kB
Cached:          2519780 kB
SwapCached:            0 kB
Active:          1802284 kB
Inactive:        2142988 kB
Active(anon):    1427620 kB
Inactive(anon):    34140 kB
Active(file):     374664 kB
Inactive(file):  2108848 kB
Unevictable:        5564 kB
Mlocked:            5564 kB
SwapTotal:       3145724 kB
SwapFree:        3145724 kB
Dirty:               576 kB
Writeback:             0 kB
AnonPages:       1424116 kB
Mapped:           975956 kB
Shmem:             38848 kB
KReclaimable:    1742424 kB
Slab:             271240 kB
SReclaimable:     117212 kB
SUnreclaim:       154028 kB
KernelStack:       48976 kB
PageTables:        68484 kB
NFS_Unstable:          0 kB
Bounce:                0 kB
WritebackTmp:          0 kB
CommitLimit:     9202292 kB
Committed_AS:   73569204 kB
VmallocTotal:   263061440 kB
VmallocUsed:      106168 kB
VmallocChunk:          0 kB
Percpu:             7648 kB
CmaTotal:         294912 kB
CmaFree:               0 kB
MemTotal:       12113136 kB
MemFree:         4295232 kB
MemAvailable:    7652472 kB
Buffers:            7056 kB
Cached:          2519788 kB
SwapCached:            0 kB
Active:          1803568 kB
Inactive:        2142992 kB
Active(anon):    1428900 kB
Inactive(anon):    34140 kB
Active(file):     374668 kB
Inactive(file):  2108852 kB
Unevictable:        5564 kB
Mlocked:            5564 kB
SwapTotal:       3145724 kB
SwapFree:        3145724 kB
Dirty:               620 kB
Writeback:             0 kB
AnonPages:       1425112 kB
Mapped:           976008 kB
Shmem:             38848 kB
KReclaimable:    1742424 kB
Slab:             271240 kB
SReclaimable:     117212 kB
SUnreclaim:       154028 kB
KernelStack:       49040 kB
PageTables:        68628 kB
NFS_Unstable:          0 kB
Bounce:                0 kB
WritebackTmp:          0 kB
CommitLimit:     9202292 kB
Committed_AS:   73572660 kB
VmallocTotal:   263061440 kB
VmallocUsed:      106216 kB
VmallocChunk:          0 kB
Percpu:             7648 kB
CmaTotal:         294912 kB
CmaFree:               0 kB
MemTotal:       12113136 kB
MemFree:         4294804 kB
MemAvailable:    7652064 kB
Buffers:            7056 kB
Cached:          2519808 kB
SwapCached:            0 kB
Active:          1804516 kB
Inactive:        2143012 kB
Active(anon):    1429848 kB
Inactive(anon):    34140 kB
Active(file):     374668 kB
Inactive(file):  2108872 kB
Unevictable:        5564 kB
Mlocked:            5564 kB
SwapTotal:       3145724 kB
SwapFree:        3145724 kB
Dirty:               672 kB
Writeback:             0 kB
AnonPages:       1426244 kB
Mapped:           976024 kB
Shmem:             38848 kB
KReclaimable:    1742424 kB
Slab:             271248 kB
SReclaimable:     117212 kB
SUnreclaim:       154036 kB
KernelStack:       48976 kB
PageTables:        68488 kB
NFS_Unstable:          0 kB
Bounce:                0 kB
WritebackTmp:          0 kB
CommitLimit:     9202292 kB
Committed_AS:   73568884 kB
VmallocTotal:   263061440 kB
VmallocUsed:      106216 kB
VmallocChunk:          0 kB
Percpu:             7648 kB
CmaTotal:         294912 kB
CmaFree:               0 kB
MemTotal:       12113136 kB
MemFree:         4294008 kB
MemAvailable:    7651276 kB
Buffers:            7056 kB
Cached:          2519816 kB
SwapCached:            0 kB
Active:          1804372 kB
Inactive:        2143020 kB
Active(anon):    1429704 kB
Inactive(anon):    34140 kB
Active(file):     374668 kB
Inactive(file):  2108880 kB
Unevictable:        5564 kB
Mlocked:            5564 kB
SwapTotal:       3145724 kB
SwapFree:        3145724 kB
Dirty:               700 kB
Writeback:             0 kB
AnonPages:       1425984 kB
Mapped:           975900 kB
Shmem:             38848 kB
KReclaimable:    1742424 kB
Slab:             271240 kB
SReclaimable:     117212 kB
SUnreclaim:       154028 kB
KernelStack:       48976 kB
PageTables:        68472 kB
NFS_Unstable:          0 kB
Bounce:                0 kB
WritebackTmp:          0 kB
CommitLimit:     9202292 kB
Committed_AS:   73559972 kB
VmallocTotal:   263061440 kB
VmallocUsed:      106200 kB
VmallocChunk:          0 kB
Percpu:             7648 kB
CmaTotal:         294912 kB
CmaFree:               0 kB
MemTotal:       12113136 kB
MemFree:         4292148 kB
MemAvailable:    7649432 kB
Buffers:            7056 kB
Cached:          2519832 kB
SwapCached:            0 kB
Active:          1806176 kB
Inactive:        2143036 kB
Active(anon):    1431508 kB
Inactive(anon):    34140 kB
Active(file):     374668 kB
Inactive(file):  2108896 kB
Unevictable:        5564 kB
Mlocked:            5564 kB
SwapTotal:       3145724 kB
SwapFree:        3145724 kB
Dirty:               264 kB
Writeback:             0 kB
AnonPages:       1427808 kB
Mapped:           975956 kB
Shmem:             38848 kB
KReclaimable:    1742424 kB
Slab:             271276 kB
SReclaimable:     117212 kB
SUnreclaim:       154064 kB
KernelStack:       48960 kB
PageTables:        68512 kB
NFS_Unstable:          0 kB
Bounce:                0 kB
WritebackTmp:          0 kB
CommitLimit:     9202292 kB
Committed_AS:   73566844 kB
VmallocTotal:   263061440 kB
VmallocUsed:      106248 kB
VmallocChunk:          0 kB
Percpu:             7648 kB
CmaTotal:         294912 kB
CmaFree:               0 kB
MemTotal:       12113136 kB
MemFree:         4291892 kB
MemAvailable:    7649188 kB
Buffers:            7056 kB
Cached:          2519844 kB
SwapCached:            0 kB
Active:          1807340 kB
Inactive:        2143048 kB
Active(anon):    1432672 kB
Inactive(anon):    34140 kB
Active(file):     374668 kB
Inactive(file):  2108908 kB
Unevictable:        5564 kB
Mlocked:            5564 kB
SwapTotal:       3145724 kB
SwapFree:        3145724 kB
Dirty:               352 kB
Writeback:             0 kB
AnonPages:       1428668 kB
Mapped:           975864 kB
Shmem:             38848 kB
KReclaimable:    1742424 kB
Slab:             271276 kB
SReclaimable:     117212 kB
SUnreclaim:       154064 kB
KernelStack:       49024 kB
PageTables:        68528 kB
NFS_Unstable:          0 kB
Bounce:                0 kB
WritebackTmp:          0 kB
CommitLimit:     9202292 kB
Committed_AS:   73566780 kB
VmallocTotal:   263061440 kB
VmallocUsed:      106216 kB
VmallocChunk:          0 kB
Percpu:             7648 kB
CmaTotal:         294912 kB
CmaFree:               0 kB
MemTotal:       12113136 kB
MemFree:         4294524 kB
MemAvailable:    7651832 kB
Buffers:            7056 kB
Cached:          2519856 kB
SwapCached:            0 kB
Active:          1804832 kB
Inactive:        2143060 kB
Active(anon):    1430164 kB
Inactive(anon):    34140 kB
Active(file):     374668 kB
Inactive(file):  2108920 kB
Unevictable:        5564 kB
Mlocked:            5564 kB
SwapTotal:       3145724 kB
SwapFree:        3145724 kB
Dirty:               404 kB
Writeback:             0 kB
AnonPages:       1426416 kB
Mapped:           975940 kB
Shmem:             38848 kB
KReclaimable:    1742424 kB
Slab:             271284 kB
SReclaimable:     117212 kB
SUnreclaim:       154072 kB
KernelStack:       49028 kB
PageTables:        68780 kB
NFS_Unstable:          0 kB
Bounce:                0 kB
WritebackTmp:          0 kB
CommitLimit:     9202292 kB
Committed_AS:   73561540 kB
VmallocTotal:   263061440 kB
VmallocUsed:      106216 kB
VmallocChunk:          0 kB
Percpu:             7648 kB
CmaTotal:         294912 kB
CmaFree:               0 kB
MemTotal:       12113136 kB
MemFree:         4291740 kB
MemAvailable:    7649056 kB
Buffers:            7056 kB
Cached:          2519868 kB
SwapCached:            0 kB
Active:          1804944 kB
Inactive:        2143072 kB
Active(anon):    1430276 kB
Inactive(anon):    34144 kB
Active(file):     374668 kB
Inactive(file):  2108928 kB
Unevictable:        5564 kB
Mlocked:            5564 kB
SwapTotal:       3145724 kB
SwapFree:        3145724 kB
Dirty:               472 kB
Writeback:            12 kB
AnonPages:       1426680 kB
Mapped:           975924 kB
Shmem:             38852 kB
KReclaimable:    1742424 kB
Slab:             271276 kB
SReclaimable:     117212 kB
SUnreclaim:       154064 kB
KernelStack:       49024 kB
PageTables:        68628 kB
NFS_Unstable:          0 kB
Bounce:                0 kB
WritebackTmp:          0 kB
CommitLimit:     9202292 kB
Committed_AS:   73569336 kB
VmallocTotal:   263061440 kB
VmallocUsed:      106184 kB
VmallocChunk:          0 kB
Percpu:             7648 kB
CmaTotal:         294912 kB
CmaFree:               0 kB
MemTotal:       12113136 kB
MemFree:         4289388 kB
MemAvailable:    7646736 kB
Buffers:            7056 kB
Cached:          2519900 kB
SwapCached:            0 kB
Active:          1809820 kB
Inactive:        2143100 kB
Active(anon):    1435148 kB
Inactive(anon):    34144 kB
Active(file):     374672 kB
Inactive(file):  2108956 kB
Unevictable:        5564 kB
Mlocked:            5564 kB
SwapTotal:       3145724 kB
SwapFree:        3145724 kB
Dirty:               540 kB
Writeback:             0 kB
AnonPages:       1431256 kB
Mapped:           975948 kB
Shmem:             38852 kB
KReclaimable:    1742424 kB
Slab:             271276 kB
SReclaimable:     117212 kB
SUnreclaim:       154064 kB
KernelStack:       49008 kB
PageTables:        68572 kB
NFS_Unstable:          0 kB
Bounce:                0 kB
WritebackTmp:          0 kB
CommitLimit:     9202292 kB
Committed_AS:   73571224 kB
VmallocTotal:   263061440 kB
VmallocUsed:      106200 kB
VmallocChunk:          0 kB
Percpu:             7648 kB
CmaTotal:         294912 kB
CmaFree:               0 kB
MemTotal:       12113136 kB
MemFree:         4287684 kB
MemAvailable:    7645036 kB
Buffers:            7056 kB
Cached:          2519904 kB
SwapCached:            0 kB
Active:          1811292 kB
Inactive:        2143108 kB
Active(anon):    1436624 kB
Inactive(anon):    34144 kB
Active(file):     374668 kB
Inactive(file):  2108964 kB
Unevictable:        5564 kB
Mlocked:            5564 kB
SwapTotal:       3145724 kB
SwapFree:        3145724 kB
Dirty:               276 kB
Writeback:             0 kB
AnonPages:       1432920 kB
Mapped:           975984 kB
Shmem:             38852 kB
KReclaimable:    1742424 kB
Slab:             271300 kB
SReclaimable:     117212 kB
SUnreclaim:       154088 kB
KernelStack:       48992 kB
PageTables:        68484 kB
NFS_Unstable:          0 kB
Bounce:                0 kB
WritebackTmp:          0 kB
CommitLimit:     9202292 kB
Committed_AS:   73570456 kB
VmallocTotal:   263061440 kB
VmallocUsed:      106200 kB
VmallocChunk:          0 kB
Percpu:             7648 kB
CmaTotal:         294912 kB
CmaFree:               0 kB
MemTotal:       12113136 kB
MemFree:         4288516 kB
MemAvailable:    7645888 kB
Buffers:            7056 kB
Cached:          2519928 kB
SwapCached:            0 kB
Active:          1808892 kB
Inactive:        2143132 kB
Active(anon):    1434224 kB
Inactive(anon):    34148 kB
Active(file):     374668 kB
Inactive(file):  2108984 kB
Unevictable:        5564 kB
Mlocked:            5564 kB
SwapTotal:       3145724 kB
SwapFree:        3145724 kB
Dirty:               372 kB
Writeback:             0 kB
AnonPages:       1430612 kB
Mapped:           976016 kB
Shmem:             38856 kB
KReclaimable:    1742424 kB
Slab:             271300 kB
SReclaimable:     117212 kB
SUnreclaim:       154088 kB
KernelStack:       49008 kB
PageTables:        68592 kB
NFS_Unstable:          0 kB
Bounce:                0 kB
WritebackTmp:          0 kB
CommitLimit:     9202292 kB
Committed_AS:   73574340 kB
VmallocTotal:   263061440 kB
VmallocUsed:      106248 kB
VmallocChunk:          0 kB
Percpu:             7648 kB
CmaTotal:         294912 kB
CmaFree:               0 kB
MemTotal:       12113136 kB
MemFree:         4287756 kB
MemAvailable:    7645140 kB
Buffers:            7056 kB
Cached:          2519940 kB
SwapCached:            0 kB
Active:          1809852 kB
Inactive:        2143144 kB
Active(anon):    1435184 kB
Inactive(anon):    34148 kB
Active(file):     374668 kB
Inactive(file):  2108996 kB
Unevictable:        5564 kB
Mlocked:            5564 kB
SwapTotal:       3145724 kB
SwapFree:        3145724 kB
Dirty:               412 kB
Writeback:             0 kB
AnonPages:       1431880 kB
Mapped:           976036 kB
Shmem:             38856 kB
KReclaimable:    1742424 kB
Slab:             271300 kB
SReclaimable:     117212 kB
SUnreclaim:       154088 kB
KernelStack:       49024 kB
PageTables:        68580 kB
NFS_Unstable:          0 kB
Bounce:                0 kB
WritebackTmp:          0 kB
CommitLimit:     9202292 kB
Committed_AS:   73568480 kB
VmallocTotal:   263061440 kB
VmallocUsed:      106232 kB
VmallocChunk:          0 kB
Percpu:             7648 kB
CmaTotal:         294912 kB
CmaFree:               0 kB
MemTotal:       12113136 kB
MemFree:         4287624 kB
MemAvailable:    7645016 kB
Buffers:            7056 kB
Cached:          2519948 kB
SwapCached:            0 kB
Active:          1810884 kB
Inactive:        2143152 kB
Active(anon):    1436216 kB
Inactive(anon):    34148 kB
Active(file):     374668 kB
Inactive(file):  2109004 kB
Unevictable:        5564 kB
Mlocked:            5564 kB
SwapTotal:       3145724 kB
SwapFree:        3145724 kB
Dirty:               448 kB
Writeback:             0 kB
AnonPages:       1432900 kB
Mapped:           976080 kB
Shmem:             38856 kB
KReclaimable:    1742424 kB
Slab:             271300 kB
SReclaimable:     117212 kB
SUnreclaim:       154088 kB
KernelStack:       48976 kB
PageTables:        68080 kB
NFS_Unstable:          0 kB
Bounce:                0 kB
WritebackTmp:          0 kB
CommitLimit:     9202292 kB
Committed_AS:   73563716 kB
VmallocTotal:   263061440 kB
VmallocUsed:      106184 kB
VmallocChunk:          0 kB
Percpu:             7648 kB
CmaTotal:         294912 kB
CmaFree:               0 kB
MemTotal:       12113136 kB
MemFree:         4286732 kB
MemAvailable:    7644136 kB
Buffers:            7056 kB
Cached:          2519960 kB
SwapCached:            0 kB
Active:          1812568 kB
Inactive:        2143164 kB
Active(anon):    1437900 kB
Inactive(anon):    34148 kB
Active(file):     374668 kB
Inactive(file):  2109016 kB
Unevictable:        5564 kB
Mlocked:            5564 kB
SwapTotal:       3145724 kB
SwapFree:        3145724 kB
Dirty:               488 kB
Writeback:             0 kB
AnonPages:       1434336 kB
Mapped:           976112 kB
Shmem:             38856 kB
KReclaimable:    1742424 kB
Slab:             271300 kB
SReclaimable:     117212 kB
SUnreclaim:       154088 kB
KernelStack:       48992 kB
PageTables:        68616 kB
NFS_Unstable:          0 kB
Bounce:                0 kB
WritebackTmp:          0 kB
CommitLimit:     9202292 kB
Committed_AS:   73556252 kB
VmallocTotal:   263061440 kB
VmallocUsed:      106216 kB
VmallocChunk:          0 kB
Percpu:             7648 kB
CmaTotal:         294912 kB
CmaFree:               0 kB
MemTotal:       12113136 kB
MemFree:         4287796 kB
MemAvailable:    7645236 kB
Buffers:            7060 kB
Cached:          2519992 kB
SwapCached:            0 kB
Active:          1812500 kB
Inactive:        2143196 kB
Active(anon):    1437828 kB
Inactive(anon):    34148 kB
Active(file):     374672 kB
Inactive(file):  2109048 kB
Unevictable:        5564 kB
Mlocked:            5564 kB
SwapTotal:       3145724 kB
SwapFree:        3145724 kB
Dirty:               300 kB
Writeback:             0 kB
AnonPages:       1434196 kB
Mapped:           976156 kB
Shmem:             38856 kB
KReclaimable:    1742424 kB
Slab:             271244 kB
SReclaimable:     117212 kB
SUnreclaim:       154032 kB
KernelStack:       49008 kB
PageTables:        68212 kB
NFS_Unstable:          0 kB
Bounce:                0 kB
WritebackTmp:          0 kB
CommitLimit:     9202292 kB
Committed_AS:   73556484 kB
VmallocTotal:   263061440 kB
VmallocUsed:      106152 kB
VmallocChunk:          0 kB
Percpu:             7648 kB
CmaTotal:         294912 kB
CmaFree:               4 kB
MemTotal:       12113136 kB
MemFree:         4284520 kB
MemAvailable:    7641972 kB
Buffers:            7060 kB
Cached:          2520008 kB
SwapCached:            0 kB
Active:          1814324 kB
Inactive:        2143228 kB
Active(anon):    1439668 kB
Inactive(anon):    34152 kB
Active(file):     374656 kB
Inactive(file):  2109076 kB
Unevictable:        5564 kB
Mlocked:            5564 kB
SwapTotal:       3145724 kB
SwapFree:        3145724 kB
Dirty:               456 kB
Writeback:             0 kB
AnonPages:       1436500 kB
Mapped:           975488 kB
Shmem:             38860 kB
KReclaimable:    1742424 kB
Slab:             271236 kB
SReclaimable:     117212 kB
SUnreclaim:       154024 kB
KernelStack:       48976 kB
PageTables:        68600 kB
NFS_Unstable:          0 kB
Bounce:                0 kB
WritebackTmp:          0 kB
CommitLimit:     9202292 kB
Committed_AS:   73563840 kB
VmallocTotal:   263061440 kB
VmallocUsed:      106200 kB
VmallocChunk:          0 kB
Percpu:             7648 kB
CmaTotal:         294912 kB
CmaFree:               0 kB
MemTotal:       12113136 kB
MemFree:         4283200 kB
MemAvailable:    7640668 kB
Buffers:            7060 kB
Cached:          2520024 kB
SwapCached:            0 kB
Active:          1815508 kB
Inactive:        2143244 kB
Active(anon):    1440852 kB
Inactive(anon):    34152 kB
Active(file):     374656 kB
Inactive(file):  2109092 kB
Unevictable:        5564 kB
Mlocked:            5564 kB
SwapTotal:       3145724 kB
SwapFree:        3145724 kB
Dirty:               524 kB
Writeback:             0 kB
AnonPages:       1437096 kB
Mapped:           975524 kB
Shmem:             38860 kB
KReclaimable:    1742424 kB
Slab:             271228 kB
SReclaimable:     117212 kB
SUnreclaim:       154016 kB
KernelStack:       48976 kB
PageTables:        68476 kB
NFS_Unstable:          0 kB
Bounce:                0 kB
WritebackTmp:          0 kB
CommitLimit:     9202292 kB
Committed_AS:   73563928 kB
VmallocTotal:   263061440 kB
VmallocUsed:      106200 kB
VmallocChunk:          0 kB
Percpu:             7648 kB
CmaTotal:         294912 kB
CmaFree:               0 kB
MemTotal:       12113136 kB
MemFree:         4281580 kB
MemAvailable:    7639060 kB
Buffers:            7060 kB
Cached:          2520036 kB
SwapCached:            0 kB
Active:          1815724 kB
Inactive:        2143256 kB
Active(anon):    1441068 kB
Inactive(anon):    34152 kB
Active(file):     374656 kB
Inactive(file):  2109104 kB
Unevictable:        5564 kB
Mlocked:            5564 kB
SwapTotal:       3145724 kB
SwapFree:        3145724 kB
Dirty:               556 kB
Writeback:             0 kB
AnonPages:       1437552 kB
Mapped:           975556 kB
Shmem:             38860 kB
KReclaimable:    1742424 kB
Slab:             271228 kB
SReclaimable:     117212 kB
SUnreclaim:       154016 kB
KernelStack:       48976 kB
PageTables:        68480 kB
NFS_Unstable:          0 kB
Bounce:                0 kB
WritebackTmp:          0 kB
CommitLimit:     9202292 kB
Committed_AS:   73561048 kB
VmallocTotal:   263061440 kB
VmallocUsed:      106216 kB
VmallocChunk:          0 kB
Percpu:             7648 kB
CmaTotal:         294912 kB
CmaFree:               0 kB
MemTotal:       12113136 kB
MemFree:         4279840 kB
MemAvailable:    7637332 kB
Buffers:            7060 kB
Cached:          2520048 kB
SwapCached:            0 kB
Active:          1817764 kB
Inactive:        2143268 kB
Active(anon):    1443108 kB
Inactive(anon):    34152 kB
Active(file):     374656 kB
Inactive(file):  2109116 kB
Unevictable:        5564 kB
Mlocked:            5564 kB
SwapTotal:       3145724 kB
SwapFree:        3145724 kB
Dirty:               592 kB
Writeback:             0 kB
AnonPages:       1439572 kB
Mapped:           975584 kB
Shmem:             38860 kB
KReclaimable:    1742424 kB
Slab:             271236 kB
SReclaimable:     117212 kB
SUnreclaim:       154024 kB
KernelStack:       48976 kB
PageTables:        68468 kB
NFS_Unstable:          0 kB
Bounce:                0 kB
WritebackTmp:          0 kB
CommitLimit:     9202292 kB
Committed_AS:   73556460 kB
VmallocTotal:   263061440 kB
VmallocUsed:      106184 kB
VmallocChunk:          0 kB
Percpu:             7648 kB
CmaTotal:         294912 kB
CmaFree:               0 kB
MemTotal:       12113136 kB
MemFree:         4276312 kB
MemAvailable:    7633816 kB
Buffers:            7060 kB
Cached:          2520060 kB
SwapCached:            0 kB
Active:          1821956 kB
Inactive:        2143280 kB
Active(anon):    1447300 kB
Inactive(anon):    34152 kB
Active(file):     374656 kB
Inactive(file):  2109128 kB
Unevictable:        5564 kB
Mlocked:            5564 kB
SwapTotal:       3145724 kB
SwapFree:        3145724 kB
Dirty:               312 kB
Writeback:             0 kB
AnonPages:       1443748 kB
Mapped:           975624 kB
Shmem:             38860 kB
KReclaimable:    1742424 kB
Slab:             271232 kB
SReclaimable:     117212 kB
SUnreclaim:       154020 kB
KernelStack:       49008 kB
PageTables:        68584 kB
NFS_Unstable:          0 kB
Bounce:                0 kB
WritebackTmp:          0 kB
CommitLimit:     9202292 kB
Committed_AS:   73556404 kB
VmallocTotal:   263061440 kB
VmallocUsed:      106184 kB
VmallocChunk:          0 kB
Percpu:             7648 kB
CmaTotal:         294912 kB
CmaFree:               0 kB
MemTotal:       12113136 kB
MemFree:         4275248 kB
MemAvailable:    7632772 kB
Buffers:            7060 kB
Cached:          2520080 kB
SwapCached:            0 kB
Active:          1823788 kB
Inactive:        2143300 kB
Active(anon):    1449132 kB
Inactive(anon):    34152 kB
Active(file):     374656 kB
Inactive(file):  2109148 kB
Unevictable:        5564 kB
Mlocked:            5564 kB
SwapTotal:       3145724 kB
SwapFree:        3145724 kB
Dirty:               388 kB
Writeback:             0 kB
AnonPages:       1445456 kB
Mapped:           975660 kB
Shmem:             38860 kB
KReclaimable:    1742424 kB
Slab:             271232 kB
SReclaimable:     117212 kB
SUnreclaim:       154020 kB
KernelStack:       49008 kB
PageTables:        68608 kB
NFS_Unstable:          0 kB
Bounce:                0 kB
WritebackTmp:          0 kB
CommitLimit:     9202292 kB
Committed_AS:   73566328 kB
VmallocTotal:   263061440 kB
VmallocUsed:      106232 kB
VmallocChunk:          0 kB
Percpu:             7648 kB
CmaTotal:         294912 kB
CmaFree:               0 kB
MemTotal:       12113136 kB
MemFree:         4273100 kB
MemAvailable:    7630636 kB
Buffers:            7060 kB
Cached:          2520092 kB
SwapCached:            0 kB
Active:          1825200 kB
Inactive:        2143312 kB
Active(anon):    1450544 kB
Inactive(anon):    34152 kB
Active(file):     374656 kB
Inactive(file):  2109160 kB
Unevictable:        5564 kB
Mlocked:            5564 kB
SwapTotal:       3145724 kB
SwapFree:        3145724 kB
Dirty:               424 kB
Writeback:             0 kB
AnonPages:       1447004 kB
Mapped:           975684 kB
Shmem:             38860 kB
KReclaimable:    1742424 kB
Slab:             271232 kB
SReclaimable:     117212 kB
SUnreclaim:       154020 kB
KernelStack:       48992 kB
PageTables:        68492 kB
NFS_Unstable:          0 kB
Bounce:                0 kB
WritebackTmp:          0 kB
CommitLimit:     9202292 kB
Committed_AS:   73568600 kB
VmallocTotal:   263061440 kB
VmallocUsed:      106200 kB
VmallocChunk:          0 kB
Percpu:             7648 kB
CmaTotal:         294912 kB
CmaFree:               0 kB
MemTotal:       12113136 kB
MemFree:         4272884 kB
MemAvailable:    7630436 kB
Buffers:            7060 kB
Cached:          2520108 kB
SwapCached:            0 kB
Active:          1826212 kB
Inactive:        2143328 kB
Active(anon):    1451556 kB
Inactive(anon):    34152 kB
Active(file):     374656 kB
Inactive(file):  2109176 kB
Unevictable:        5564 kB
Mlocked:            5564 kB
SwapTotal:       3145724 kB
SwapFree:        3145724 kB
Dirty:               484 kB
Writeback:             0 kB
AnonPages:       1447984 kB
Mapped:           975728 kB
Shmem:             38860 kB
KReclaimable:    1742424 kB
Slab:             271232 kB
SReclaimable:     117212 kB
SUnreclaim:       154020 kB
KernelStack:       48992 kB
PageTables:        68492 kB
NFS_Unstable:          0 kB
Bounce:                0 kB
WritebackTmp:          0 kB
CommitLimit:     9202292 kB
Committed_AS:   73564368 kB
VmallocTotal:   263061440 kB
VmallocUsed:      106184 kB
VmallocChunk:          0 kB
Percpu:             7648 kB
CmaTotal:         294912 kB
CmaFree:               0 kB
MemTotal:       12113136 kB
MemFree:         4287888 kB
MemAvailable:    7645460 kB
Buffers:            7060 kB
Cached:          2520128 kB
SwapCached:            0 kB
Active:          1809660 kB
Inactive:        2143348 kB
Active(anon):    1435004 kB
Inactive(anon):    34152 kB
Active(file):     374656 kB
Inactive(file):  2109196 kB
Unevictable:        5564 kB
Mlocked:            5564 kB
SwapTotal:       3145724 kB
SwapFree:        3145724 kB
Dirty:               540 kB
Writeback:             0 kB
AnonPages:       1430896 kB
Mapped:           975880 kB
Shmem:             38860 kB
KReclaimable:    1742424 kB
Slab:             271232 kB
SReclaimable:     117212 kB
SUnreclaim:       154020 kB
KernelStack:       49040 kB
PageTables:        68608 kB
NFS_Unstable:          0 kB
Bounce:                0 kB
WritebackTmp:          0 kB
CommitLimit:     9202292 kB
Committed_AS:   73563872 kB
VmallocTotal:   263061440 kB
VmallocUsed:      106216 kB
VmallocChunk:          0 kB
Percpu:             7648 kB
CmaTotal:         294912 kB
CmaFree:               0 kB
MemTotal:       12113136 kB
MemFree:         4287648 kB
MemAvailable:    7645228 kB
Buffers:            7060 kB
Cached:          2520136 kB
SwapCached:            0 kB
Active:          1810452 kB
Inactive:        2143356 kB
Active(anon):    1435796 kB
Inactive(anon):    34152 kB
Active(file):     374656 kB
Inactive(file):  2109204 kB
Unevictable:        5564 kB
Mlocked:            5564 kB
SwapTotal:       3145724 kB
SwapFree:        3145724 kB
Dirty:               264 kB
Writeback:             0 kB
AnonPages:       1432220 kB
Mapped:           975808 kB
Shmem:             38860 kB
KReclaimable:    1742424 kB
Slab:             271264 kB
SReclaimable:     117212 kB
SUnreclaim:       154052 kB
KernelStack:       48992 kB
PageTables:        68396 kB
NFS_Unstable:          0 kB
Bounce:                0 kB
WritebackTmp:          0 kB
CommitLimit:     9202292 kB
Committed_AS:   73567896 kB
VmallocTotal:   263061440 kB
VmallocUsed:      106232 kB
VmallocChunk:          0 kB
Percpu:             7648 kB
CmaTotal:         294912 kB
CmaFree:               0 kB
MemTotal:       12113136 kB
MemFree:         4286592 kB
MemAvailable:    7644188 kB
Buffers:            7060 kB
Cached:          2520156 kB
SwapCached:            0 kB
Active:          1811820 kB
Inactive:        2143376 kB
Active(anon):    1437164 kB
Inactive(anon):    34156 kB
Active(file):     374656 kB
Inactive(file):  2109220 kB
Unevictable:        5564 kB
Mlocked:            5564 kB
SwapTotal:       3145724 kB
SwapFree:        3145724 kB
Dirty:               392 kB
Writeback:             0 kB
AnonPages:       1433624 kB
Mapped:           975820 kB
Shmem:             38864 kB
KReclaimable:    1742424 kB
Slab:             271264 kB
SReclaimable:     117212 kB
SUnreclaim:       154052 kB
KernelStack:       49040 kB
PageTables:        68488 kB
NFS_Unstable:          0 kB
Bounce:                0 kB
WritebackTmp:          0 kB
CommitLimit:     9202292 kB
Committed_AS:   73573016 kB
VmallocTotal:   263061440 kB
VmallocUsed:      106200 kB
VmallocChunk:          0 kB
Percpu:             7648 kB
CmaTotal:         294912 kB
CmaFree:               0 kB
MemTotal:       12113136 kB
MemFree:         4285540 kB
MemAvailable:    7643144 kB
Buffers:            7060 kB
Cached:          2520164 kB
SwapCached:            0 kB
Active:          1813524 kB
Inactive:        2143384 kB
Active(anon):    1438868 kB
Inactive(anon):    34156 kB
Active(file):     374656 kB
Inactive(file):  2109228 kB
Unevictable:        5564 kB
Mlocked:            5564 kB
SwapTotal:       3145724 kB
SwapFree:        3145724 kB
Dirty:               472 kB
Writeback:             0 kB
AnonPages:       1435392 kB
Mapped:           975860 kB
Shmem:             38864 kB
KReclaimable:    1742424 kB
Slab:             271304 kB
SReclaimable:     117212 kB
SUnreclaim:       154092 kB
KernelStack:       49024 kB
PageTables:        68476 kB
NFS_Unstable:          0 kB
Bounce:                0 kB
WritebackTmp:          0 kB
CommitLimit:     9202292 kB
Committed_AS:   73563300 kB
VmallocTotal:   263061440 kB
VmallocUsed:      106216 kB
VmallocChunk:          0 kB
Percpu:             7648 kB
CmaTotal:         294912 kB
CmaFree:               0 kB
MemTotal:       12113136 kB
MemFree:         4284444 kB
MemAvailable:    7642068 kB
Buffers:            7060 kB
Cached:          2520184 kB
SwapCached:            0 kB
Active:          1814616 kB
Inactive:        2143404 kB
Active(anon):    1439960 kB
Inactive(anon):    34156 kB
Active(file):     374656 kB
Inactive(file):  2109248 kB
Unevictable:        5564 kB
Mlocked:            5564 kB
SwapTotal:       3145724 kB
SwapFree:        3145724 kB
Dirty:               536 kB
Writeback:             0 kB
AnonPages:       1436412 kB
Mapped:           975888 kB
Shmem:             38864 kB
KReclaimable:    1742424 kB
Slab:             271296 kB
SReclaimable:     117212 kB
SUnreclaim:       154084 kB
KernelStack:       49040 kB
PageTables:        68628 kB
NFS_Unstable:          0 kB
Bounce:                0 kB
WritebackTmp:          0 kB
CommitLimit:     9202292 kB
Committed_AS:   73556552 kB
VmallocTotal:   263061440 kB
VmallocUsed:      106200 kB
VmallocChunk:          0 kB
Percpu:             7648 kB
CmaTotal:         294912 kB
CmaFree:               0 kB
MemTotal:       12113136 kB
MemFree:         4286392 kB
MemAvailable:    7644032 kB
Buffers:            7068 kB
Cached:          2520192 kB
SwapCached:            0 kB
Active:          1813004 kB
Inactive:        2143412 kB
Active(anon):    1438340 kB
Inactive(anon):    34156 kB
Active(file):     374664 kB
Inactive(file):  2109256 kB
Unevictable:        5564 kB
Mlocked:            5564 kB
SwapTotal:       3145724 kB
SwapFree:        3145724 kB
Dirty:               572 kB
Writeback:             0 kB
AnonPages:       1434452 kB
Mapped:           975916 kB
Shmem:             38864 kB
KReclaimable:    1742424 kB
Slab:             271296 kB
SReclaimable:     117212 kB
SUnreclaim:       154084 kB
KernelStack:       48992 kB
PageTables:        68476 kB
NFS_Unstable:          0 kB
Bounce:                0 kB
WritebackTmp:          0 kB
CommitLimit:     9202292 kB
Committed_AS:   73568576 kB
VmallocTotal:   263061440 kB
VmallocUsed:      106216 kB
VmallocChunk:          0 kB
Percpu:             7648 kB
CmaTotal:         294912 kB
CmaFree:               0 kB
MemTotal:       12113136 kB
MemFree:         4298612 kB
MemAvailable:    7656284 kB
Buffers:            7068 kB
Cached:          2520372 kB
SwapCached:            0 kB
Active:          1799972 kB
Inactive:        2143560 kB
Active(anon):    1425276 kB
Inactive(anon):    34304 kB
Active(file):     374696 kB
Inactive(file):  2109256 kB
Unevictable:        5564 kB
Mlocked:            5564 kB
SwapTotal:       3145724 kB
SwapFree:        3145724 kB
Dirty:               356 kB
Writeback:             0 kB
AnonPages:       1422064 kB
Mapped:           976092 kB
Shmem:             39012 kB
KReclaimable:    1742424 kB
Slab:             271264 kB
SReclaimable:     117212 kB
SUnreclaim:       154052 kB
KernelStack:       49168 kB
PageTables:        68596 kB
NFS_Unstable:          0 kB
Bounce:                0 kB
WritebackTmp:          0 kB
CommitLimit:     9202292 kB
Committed_AS:   73564344 kB
VmallocTotal:   263061440 kB
VmallocUsed:      106312 kB
VmallocChunk:          0 kB
Percpu:             7648 kB
CmaTotal:         294912 kB
CmaFree:               0 kB
MemTotal:       12113136 kB
MemFree:         4295372 kB
MemAvailable:    7653060 kB
Buffers:            7068 kB
Cached:          2520240 kB
SwapCached:            0 kB
Active:          1802564 kB
Inactive:        2143428 kB
Active(anon):    1427868 kB
Inactive(anon):    34156 kB
Active(file):     374696 kB
Inactive(file):  2109272 kB
Unevictable:        5564 kB
Mlocked:            5564 kB
SwapTotal:       3145724 kB
SwapFree:        3145724 kB
Dirty:               436 kB
Writeback:             0 kB
AnonPages:       1424396 kB
Mapped:           975980 kB
Shmem:             38864 kB
KReclaimable:    1742424 kB
Slab:             271248 kB
SReclaimable:     117212 kB
SUnreclaim:       154036 kB
KernelStack:       49104 kB
PageTables:        68460 kB
NFS_Unstable:          0 kB
Bounce:                0 kB
WritebackTmp:          0 kB
CommitLimit:     9202292 kB
Committed_AS:   73564856 kB
VmallocTotal:   263061440 kB
VmallocUsed:      106344 kB
VmallocChunk:          0 kB
Percpu:             7648 kB
CmaTotal:         294912 kB
CmaFree:               4 kB
MemTotal:       12113136 kB
MemFree:         4295396 kB
MemAvailable:    7653104 kB
Buffers:            7068 kB
Cached:          2520260 kB
SwapCached:            0 kB
Active:          1802744 kB
Inactive:        2143448 kB
Active(anon):    1428048 kB
Inactive(anon):    34156 kB
Active(file):     374696 kB
Inactive(file):  2109292 kB
Unevictable:        5564 kB
Mlocked:            5564 kB
SwapTotal:       3145724 kB
SwapFree:        3145724 kB
Dirty:               496 kB
Writeback:             0 kB
AnonPages:       1424596 kB
Mapped:           976008 kB
Shmem:             38864 kB
KReclaimable:    1742424 kB
Slab:             271264 kB
SReclaimable:     117212 kB
SUnreclaim:       154052 kB
KernelStack:       49104 kB
PageTables:        68476 kB
NFS_Unstable:          0 kB
Bounce:                0 kB
WritebackTmp:          0 kB
CommitLimit:     9202292 kB
Committed_AS:   73564420 kB
VmallocTotal:   263061440 kB
VmallocUsed:      106312 kB
VmallocChunk:          0 kB
Percpu:             7648 kB
CmaTotal:         294912 kB
CmaFree:               0 kB
MemTotal:       12113136 kB
MemFree:         4294656 kB
MemAvailable:    7652380 kB
Buffers:            7068 kB
Cached:          2520276 kB
SwapCached:            0 kB
Active:          1803688 kB
Inactive:        2143464 kB
Active(anon):    1428992 kB
Inactive(anon):    34156 kB
Active(file):     374696 kB
Inactive(file):  2109308 kB
Unevictable:        5564 kB
Mlocked:            5564 kB
SwapTotal:       3145724 kB
SwapFree:        3145724 kB
Dirty:               552 kB
Writeback:             0 kB
AnonPages:       1425344 kB
Mapped:           976040 kB
Shmem:             38864 kB
KReclaimable:    1742424 kB
Slab:             271256 kB
SReclaimable:     117212 kB
SUnreclaim:       154044 kB
KernelStack:       49104 kB
PageTables:        68484 kB
NFS_Unstable:          0 kB
Bounce:                0 kB
WritebackTmp:          0 kB
CommitLimit:     9202292 kB
Committed_AS:   73569880 kB
VmallocTotal:   263061440 kB
VmallocUsed:      106312 kB
VmallocChunk:          0 kB
Percpu:             7648 kB
CmaTotal:         294912 kB
CmaFree:               0 kB
MemTotal:       12113136 kB
MemFree:         4293508 kB
MemAvailable:    7651244 kB
Buffers:            7068 kB
Cached:          2520288 kB
SwapCached:            0 kB
Active:          1805196 kB
Inactive:        2143476 kB
Active(anon):    1430500 kB
Inactive(anon):    34156 kB
Active(file):     374696 kB
Inactive(file):  2109320 kB
Unevictable:        5564 kB
Mlocked:            5564 kB
SwapTotal:       3145724 kB
SwapFree:        3145724 kB
Dirty:               584 kB
Writeback:             0 kB
AnonPages:       1426688 kB
Mapped:           976068 kB
Shmem:             38864 kB
KReclaimable:    1742424 kB
Slab:             271264 kB
SReclaimable:     117212 kB
SUnreclaim:       154052 kB
KernelStack:       49072 kB
PageTables:        68540 kB
NFS_Unstable:          0 kB
Bounce:                0 kB
WritebackTmp:          0 kB
CommitLimit:     9202292 kB
Committed_AS:   73558528 kB
VmallocTotal:   263061440 kB
VmallocUsed:      106264 kB
VmallocChunk:          0 kB
Percpu:             7648 kB
CmaTotal:         294912 kB
CmaFree:               0 kB
MemTotal:       12113136 kB
MemFree:         4293080 kB
MemAvailable:    7650820 kB
Buffers:            7068 kB
Cached:          2520292 kB
SwapCached:            0 kB
Active:          1804872 kB
Inactive:        2143480 kB
Active(anon):    1430176 kB
Inactive(anon):    34156 kB
Active(file):     374696 kB
Inactive(file):  2109324 kB
Unevictable:        5564 kB
Mlocked:            5564 kB
SwapTotal:       3145724 kB
SwapFree:        3145724 kB
Dirty:               640 kB
Writeback:             0 kB
AnonPages:       1426064 kB
Mapped:           976080 kB
Shmem:             38864 kB
KReclaimable:    1742424 kB
Slab:             271264 kB
SReclaimable:     117212 kB
SUnreclaim:       154052 kB
KernelStack:       49024 kB
PageTables:        68344 kB
NFS_Unstable:          0 kB
Bounce:                0 kB
WritebackTmp:          0 kB
CommitLimit:     9202292 kB
Committed_AS:   73564504 kB
VmallocTotal:   263061440 kB
VmallocUsed:      106264 kB
VmallocChunk:          0 kB
Percpu:             7648 kB
CmaTotal:         294912 kB
CmaFree:               0 kB
MemTotal:       12113136 kB
MemFree:         4291084 kB
MemAvailable:    7648848 kB
Buffers:            7068 kB
Cached:          2520316 kB
SwapCached:            0 kB
Active:          1806052 kB
Inactive:        2143504 kB
Active(anon):    1431356 kB
Inactive(anon):    34156 kB
Active(file):     374696 kB
Inactive(file):  2109348 kB
Unevictable:        5564 kB
Mlocked:            5564 kB
SwapTotal:       3145724 kB
SwapFree:        3145724 kB
Dirty:               712 kB
Writeback:             0 kB
AnonPages:       1427676 kB
Mapped:           976104 kB
Shmem:             38864 kB
KReclaimable:    1742424 kB
Slab:             271264 kB
SReclaimable:     117212 kB
SUnreclaim:       154052 kB
KernelStack:       49056 kB
PageTables:        68692 kB
NFS_Unstable:          0 kB
Bounce:                0 kB
WritebackTmp:          0 kB
CommitLimit:     9202292 kB
Committed_AS:   73567764 kB
VmallocTotal:   263061440 kB
VmallocUsed:      106264 kB
VmallocChunk:          0 kB
Percpu:             7648 kB
CmaTotal:         294912 kB
CmaFree:               0 kB
MemTotal:       12113136 kB
MemFree:         4290488 kB
MemAvailable:    7648264 kB
Buffers:            7068 kB
Cached:          2520332 kB
SwapCached:            0 kB
Active:          1807432 kB
Inactive:        2143520 kB
Active(anon):    1432736 kB
Inactive(anon):    34160 kB
Active(file):     374696 kB
Inactive(file):  2109360 kB
Unevictable:        5564 kB
Mlocked:            5564 kB
SwapTotal:       3145724 kB
SwapFree:        3145724 kB
Dirty:               752 kB
Writeback:             0 kB
AnonPages:       1428632 kB
Mapped:           976168 kB
Shmem:             38868 kB
KReclaimable:    1742424 kB
Slab:             271256 kB
SReclaimable:     117212 kB
SUnreclaim:       154044 kB
KernelStack:       49056 kB
PageTables:        68488 kB
NFS_Unstable:          0 kB
Bounce:                0 kB
WritebackTmp:          0 kB
CommitLimit:     9202292 kB
Committed_AS:   73568060 kB
VmallocTotal:   263061440 kB
VmallocUsed:      106280 kB
VmallocChunk:          0 kB
Percpu:             7648 kB
CmaTotal:         294912 kB
CmaFree:               0 kB
MemTotal:       12113136 kB
MemFree:         4290248 kB
MemAvailable:    7648036 kB
Buffers:            7068 kB
Cached:          2520344 kB
SwapCached:            0 kB
Active:          1808252 kB
Inactive:        2143532 kB
Active(anon):    1433556 kB
Inactive(anon):    34160 kB
Active(file):     374696 kB
Inactive(file):  2109372 kB
Unevictable:        5564 kB
Mlocked:            5564 kB
SwapTotal:       3145724 kB
SwapFree:        3145724 kB
Dirty:               796 kB
Writeback:             0 kB
AnonPages:       1429524 kB
Mapped:           976204 kB
Shmem:             38868 kB
KReclaimable:    1742424 kB
Slab:             271256 kB
SReclaimable:     117212 kB
SUnreclaim:       154044 kB
KernelStack:       49076 kB
PageTables:        68432 kB
NFS_Unstable:          0 kB
Bounce:                0 kB
WritebackTmp:          0 kB
CommitLimit:     9202292 kB
Committed_AS:   73565272 kB
VmallocTotal:   263061440 kB
VmallocUsed:      106264 kB
VmallocChunk:          0 kB
Percpu:             7648 kB
CmaTotal:         294912 kB
CmaFree:               8 kB
MemTotal:       12113136 kB
MemFree:         4286928 kB
MemAvailable:    7644744 kB
Buffers:            7068 kB
Cached:          2520368 kB
SwapCached:            0 kB
Active:          1810036 kB
Inactive:        2143556 kB
Active(anon):    1435340 kB
Inactive(anon):    34160 kB
Active(file):     374696 kB
Inactive(file):  2109396 kB
Unevictable:        5564 kB
Mlocked:            5564 kB
SwapTotal:       3145724 kB
SwapFree:        3145724 kB
Dirty:               852 kB
Writeback:             0 kB
AnonPages:       1431628 kB
Mapped:           976232 kB
Shmem:             38868 kB
KReclaimable:    1742428 kB
Slab:             271268 kB
SReclaimable:     117216 kB
SUnreclaim:       154052 kB
KernelStack:       49040 kB
PageTables:        68620 kB
NFS_Unstable:          0 kB
Bounce:                0 kB
WritebackTmp:          0 kB
CommitLimit:     9202292 kB
Committed_AS:   73563852 kB
VmallocTotal:   263061440 kB
VmallocUsed:      106248 kB
VmallocChunk:          0 kB
Percpu:             7648 kB
CmaTotal:         294912 kB
CmaFree:               0 kB
MemTotal:       12113136 kB
MemFree:         4287296 kB
MemAvailable:    7645128 kB
Buffers:            7068 kB
Cached:          2520384 kB
SwapCached:            0 kB
Active:          1811056 kB
Inactive:        2143572 kB
Active(anon):    1436360 kB
Inactive(anon):    34160 kB
Active(file):     374696 kB
Inactive(file):  2109412 kB
Unevictable:        5564 kB
Mlocked:            5564 kB
SwapTotal:       3145724 kB
SwapFree:        3145724 kB
Dirty:               892 kB
Writeback:             0 kB
AnonPages:       1432788 kB
Mapped:           976256 kB
Shmem:             38868 kB
KReclaimable:    1742428 kB
Slab:             271268 kB
SReclaimable:     117216 kB
SUnreclaim:       154052 kB
KernelStack:       49072 kB
PageTables:        68588 kB
NFS_Unstable:          0 kB
Bounce:                0 kB
WritebackTmp:          0 kB
CommitLimit:     9202292 kB
Committed_AS:   73554584 kB
VmallocTotal:   263061440 kB
VmallocUsed:      106200 kB
