MemTotal:       12113132 kB
MemFree:         6546964 kB
MemAvailable:    7956384 kB
Buffers:            4668 kB
Cached:          1642620 kB
SwapCached:            0 kB
Active:          1430564 kB
Inactive:        1465892 kB
Active(anon):    1255608 kB
Inactive(anon):    22372 kB
Active(file):     174956 kB
Inactive(file):  1443520 kB
Unevictable:        5444 kB
Mlocked:            5444 kB
SwapTotal:       3145724 kB
SwapFree:        3145724 kB
Dirty:               256 kB
Writeback:             0 kB
AnonPages:       1254536 kB
Mapped:           866748 kB
Shmem:             24416 kB
KReclaimable:     659648 kB
Slab:             223108 kB
SReclaimable:      72940 kB
SUnreclaim:       150168 kB
KernelStack:       52752 kB
PageTables:        69620 kB
NFS_Unstable:          0 kB
Bounce:                0 kB
WritebackTmp:          0 kB
CommitLimit:     9202288 kB
Committed_AS:   77955484 kB
VmallocTotal:   263061440 kB
VmallocUsed:      109760 kB
VmallocChunk:          0 kB
Percpu:             7584 kB
CmaTotal:         294912 kB
CmaFree:              88 kB
MemTotal:       12113132 kB
MemFree:         6546736 kB
MemAvailable:    7956324 kB
Buffers:            4668 kB
Cached:          1642796 kB
SwapCached:            0 kB
Active:          1430448 kB
Inactive:        1465972 kB
Active(anon):    1255396 kB
Inactive(anon):    22380 kB
Active(file):     175052 kB
Inactive(file):  1443592 kB
Unevictable:        5444 kB
Mlocked:            5444 kB
SwapTotal:       3145724 kB
SwapFree:        3145724 kB
Dirty:               336 kB
Writeback:             0 kB
AnonPages:       1254492 kB
Mapped:           866692 kB
Shmem:             24424 kB
KReclaimable:     659648 kB
Slab:             223188 kB
SReclaimable:      72940 kB
SUnreclaim:       150248 kB
KernelStack:       52576 kB
PageTables:        69584 kB
NFS_Unstable:          0 kB
Bounce:                0 kB
WritebackTmp:          0 kB
CommitLimit:     9202288 kB
Committed_AS:   77964988 kB
VmallocTotal:   263061440 kB
VmallocUsed:      109616 kB
VmallocChunk:          0 kB
Percpu:             7584 kB
CmaTotal:         294912 kB
CmaFree:             128 kB
MemTotal:       12113132 kB
MemFree:         6552408 kB
MemAvailable:    7962028 kB
Buffers:            4668 kB
Cached:          1642832 kB
SwapCached:            0 kB
Active:          1427844 kB
Inactive:        1465984 kB
Active(anon):    1252768 kB
Inactive(anon):    22384 kB
Active(file):     175076 kB
Inactive(file):  1443600 kB
Unevictable:        5444 kB
Mlocked:            5444 kB
SwapTotal:       3145724 kB
SwapFree:        3145724 kB
Dirty:               348 kB
Writeback:             0 kB
AnonPages:       1251928 kB
Mapped:           866728 kB
Shmem:             24428 kB
KReclaimable:     659648 kB
Slab:             222884 kB
SReclaimable:      72940 kB
SUnreclaim:       149944 kB
KernelStack:       52192 kB
PageTables:        69176 kB
NFS_Unstable:          0 kB
Bounce:                0 kB
WritebackTmp:          0 kB
CommitLimit:     9202288 kB
Committed_AS:   76635244 kB
VmallocTotal:   263061440 kB
VmallocUsed:      109144 kB
VmallocChunk:          0 kB
Percpu:             7584 kB
CmaTotal:         294912 kB
CmaFree:               0 kB
MemTotal:       12113132 kB
MemFree:         6555200 kB
MemAvailable:    7964868 kB
Buffers:            4668 kB
Cached:          1642872 kB
SwapCached:            0 kB
Active:          1426540 kB
Inactive:        1465948 kB
Active(anon):    1251388 kB
Inactive(anon):    22376 kB
Active(file):     175152 kB
Inactive(file):  1443572 kB
Unevictable:        5444 kB
Mlocked:            5444 kB
SwapTotal:       3145724 kB
SwapFree:        3145724 kB
Dirty:               432 kB
Writeback:             0 kB
AnonPages:       1250232 kB
Mapped:           866700 kB
Shmem:             24420 kB
KReclaimable:     659648 kB
Slab:             222640 kB
SReclaimable:      72940 kB
SUnreclaim:       149700 kB
KernelStack:       51972 kB
PageTables:        69084 kB
NFS_Unstable:          0 kB
Bounce:                0 kB
WritebackTmp:          0 kB
CommitLimit:     9202288 kB
Committed_AS:   76651904 kB
VmallocTotal:   263061440 kB
VmallocUsed:      109000 kB
VmallocChunk:          0 kB
Percpu:             7584 kB
CmaTotal:         294912 kB
CmaFree:               0 kB
MemTotal:       12113132 kB
MemFree:         6553604 kB
MemAvailable:    7963256 kB
Buffers:            4668 kB
Cached:          1642860 kB
SwapCached:            0 kB
Active:          1426768 kB
Inactive:        1465920 kB
Active(anon):    1251600 kB
Inactive(anon):    22380 kB
Active(file):     175168 kB
Inactive(file):  1443540 kB
Unevictable:        5444 kB
Mlocked:            5444 kB
SwapTotal:       3145724 kB
SwapFree:        3145724 kB
Dirty:               464 kB
Writeback:             0 kB
AnonPages:       1250684 kB
Mapped:           866612 kB
Shmem:             24424 kB
KReclaimable:     659648 kB
Slab:             222632 kB
SReclaimable:      72940 kB
SUnreclaim:       149692 kB
KernelStack:       51856 kB
PageTables:        68940 kB
NFS_Unstable:          0 kB
Bounce:                0 kB
WritebackTmp:          0 kB
CommitLimit:     9202288 kB
Committed_AS:   76652864 kB
VmallocTotal:   263061440 kB
VmallocUsed:      108888 kB
VmallocChunk:          0 kB
Percpu:             7584 kB
CmaTotal:         294912 kB
CmaFree:               0 kB
MemTotal:       12113132 kB
MemFree:         6555352 kB
MemAvailable:    7965008 kB
Buffers:            4668 kB
Cached:          1642864 kB
SwapCached:            0 kB
Active:          1427212 kB
Inactive:        1465924 kB
Active(anon):    1252044 kB
Inactive(anon):    22380 kB
Active(file):     175168 kB
Inactive(file):  1443544 kB
Unevictable:        5444 kB
Mlocked:            5444 kB
SwapTotal:       3145724 kB
SwapFree:        3145724 kB
Dirty:               476 kB
Writeback:             0 kB
AnonPages:       1251120 kB
Mapped:           866612 kB
Shmem:             24424 kB
KReclaimable:     659648 kB
Slab:             222640 kB
SReclaimable:      72940 kB
SUnreclaim:       149700 kB
KernelStack:       51696 kB
PageTables:        68976 kB
NFS_Unstable:          0 kB
Bounce:                0 kB
WritebackTmp:          0 kB
CommitLimit:     9202288 kB
Committed_AS:   76649676 kB
VmallocTotal:   263061440 kB
VmallocUsed:      108712 kB
VmallocChunk:          0 kB
Percpu:             7584 kB
CmaTotal:         294912 kB
CmaFree:               0 kB
MemTotal:       12113132 kB
MemFree:         6554432 kB
MemAvailable:    7964100 kB
Buffers:            4668 kB
Cached:          1642876 kB
SwapCached:            0 kB
Active:          1426960 kB
Inactive:        1465936 kB
Active(anon):    1251792 kB
Inactive(anon):    22380 kB
Active(file):     175168 kB
Inactive(file):  1443556 kB
Unevictable:        5444 kB
Mlocked:            5444 kB
SwapTotal:       3145724 kB
SwapFree:        3145724 kB
Dirty:               488 kB
Writeback:             0 kB
AnonPages:       1250748 kB
Mapped:           866772 kB
Shmem:             24424 kB
KReclaimable:     659648 kB
Slab:             222592 kB
SReclaimable:      72940 kB
SUnreclaim:       149652 kB
KernelStack:       51480 kB
PageTables:        69060 kB
NFS_Unstable:          0 kB
Bounce:                0 kB
WritebackTmp:          0 kB
CommitLimit:     9202288 kB
Committed_AS:   76653736 kB
VmallocTotal:   263061440 kB
VmallocUsed:      108488 kB
VmallocChunk:          0 kB
Percpu:             7584 kB
CmaTotal:         294912 kB
CmaFree:               0 kB
MemTotal:       12113132 kB
MemFree:         6555384 kB
MemAvailable:    7965056 kB
Buffers:            4668 kB
Cached:          1642880 kB
SwapCached:            0 kB
Active:          1426020 kB
Inactive:        1465924 kB
Active(anon):    1250836 kB
Inactive(anon):    22380 kB
Active(file):     175184 kB
Inactive(file):  1443544 kB
Unevictable:        5444 kB
Mlocked:            5444 kB
SwapTotal:       3145724 kB
SwapFree:        3145724 kB
Dirty:               504 kB
Writeback:             0 kB
AnonPages:       1249992 kB
Mapped:           866484 kB
Shmem:             24424 kB
KReclaimable:     659648 kB
Slab:             222696 kB
SReclaimable:      72940 kB
SUnreclaim:       149756 kB
KernelStack:       51232 kB
PageTables:        69160 kB
NFS_Unstable:          0 kB
Bounce:                0 kB
WritebackTmp:          0 kB
CommitLimit:     9202288 kB
Committed_AS:   76657024 kB
VmallocTotal:   263061440 kB
VmallocUsed:      108312 kB
VmallocChunk:          0 kB
Percpu:             7584 kB
CmaTotal:         294912 kB
CmaFree:               4 kB
MemTotal:       12113132 kB
MemFree:         6540044 kB
MemAvailable:    7949748 kB
Buffers:            4668 kB
Cached:          1642920 kB
SwapCached:            0 kB
Active:          1443896 kB
Inactive:        1465964 kB
Active(anon):    1268712 kB
Inactive(anon):    22388 kB
Active(file):     175184 kB
Inactive(file):  1443576 kB
Unevictable:        5444 kB
Mlocked:            5444 kB
SwapTotal:       3145724 kB
SwapFree:        3145724 kB
Dirty:               616 kB
Writeback:             0 kB
AnonPages:       1267772 kB
Mapped:           866600 kB
Shmem:             24432 kB
KReclaimable:     659648 kB
Slab:             222640 kB
SReclaimable:      72940 kB
SUnreclaim:       149700 kB
KernelStack:       51264 kB
PageTables:        68832 kB
NFS_Unstable:          0 kB
Bounce:                0 kB
WritebackTmp:          0 kB
CommitLimit:     9202288 kB
Committed_AS:   76647808 kB
VmallocTotal:   263061440 kB
VmallocUsed:      108328 kB
VmallocChunk:          0 kB
Percpu:             7584 kB
CmaTotal:         294912 kB
CmaFree:              16 kB
MemTotal:       12113132 kB
MemFree:         6528788 kB
MemAvailable:    7938492 kB
Buffers:            4668 kB
Cached:          1642920 kB
SwapCached:            0 kB
Active:          1453460 kB
Inactive:        1465964 kB
Active(anon):    1278276 kB
Inactive(anon):    22388 kB
Active(file):     175184 kB
Inactive(file):  1443576 kB
Unevictable:        5444 kB
Mlocked:            5444 kB
SwapTotal:       3145724 kB
SwapFree:        3145724 kB
Dirty:               616 kB
Writeback:             0 kB
AnonPages:       1277292 kB
Mapped:           866768 kB
Shmem:             24432 kB
KReclaimable:     659648 kB
Slab:             222656 kB
SReclaimable:      72940 kB
SUnreclaim:       149716 kB
KernelStack:       51220 kB
PageTables:        69092 kB
NFS_Unstable:          0 kB
Bounce:                0 kB
WritebackTmp:          0 kB
CommitLimit:     9202288 kB
Committed_AS:   76652128 kB
VmallocTotal:   263061440 kB
VmallocUsed:      108264 kB
VmallocChunk:          0 kB
Percpu:             7584 kB
CmaTotal:         294912 kB
CmaFree:             116 kB
MemTotal:       12113132 kB
MemFree:         6529664 kB
MemAvailable:    7939416 kB
Buffers:            4668 kB
Cached:          1642968 kB
SwapCached:            0 kB
Active:          1454516 kB
Inactive:        1466004 kB
Active(anon):    1279324 kB
Inactive(anon):    22388 kB
Active(file):     175192 kB
Inactive(file):  1443616 kB
Unevictable:        5444 kB
Mlocked:            5444 kB
SwapTotal:       3145724 kB
SwapFree:        3145724 kB
Dirty:               160 kB
Writeback:             0 kB
AnonPages:       1278200 kB
Mapped:           866592 kB
Shmem:             24432 kB
KReclaimable:     659648 kB
Slab:             222676 kB
SReclaimable:      72940 kB
SUnreclaim:       149736 kB
KernelStack:       51200 kB
PageTables:        69012 kB
NFS_Unstable:          0 kB
Bounce:                0 kB
WritebackTmp:          0 kB
CommitLimit:     9202288 kB
Committed_AS:   76644004 kB
VmallocTotal:   263061440 kB
VmallocUsed:      108200 kB
VmallocChunk:          0 kB
Percpu:             7584 kB
CmaTotal:         294912 kB
CmaFree:             100 kB
MemTotal:       12113132 kB
MemFree:         6521856 kB
MemAvailable:    7931592 kB
Buffers:            4668 kB
Cached:          1642952 kB
SwapCached:            0 kB
Active:          1464772 kB
Inactive:        1465980 kB
Active(anon):    1289572 kB
Inactive(anon):    22388 kB
Active(file):     175200 kB
Inactive(file):  1443592 kB
Unevictable:        5444 kB
Mlocked:            5444 kB
SwapTotal:       3145724 kB
SwapFree:        3145724 kB
Dirty:               240 kB
Writeback:             0 kB
AnonPages:       1288756 kB
Mapped:           866728 kB
Shmem:             24432 kB
KReclaimable:     659648 kB
Slab:             222668 kB
SReclaimable:      72940 kB
SUnreclaim:       149728 kB
KernelStack:       51008 kB
PageTables:        68928 kB
NFS_Unstable:          0 kB
Bounce:                0 kB
WritebackTmp:          0 kB
CommitLimit:     9202288 kB
Committed_AS:   76643348 kB
VmallocTotal:   263061440 kB
VmallocUsed:      108024 kB
VmallocChunk:          0 kB
Percpu:             7584 kB
CmaTotal:         294912 kB
CmaFree:               0 kB
MemTotal:       12113132 kB
MemFree:         6526888 kB
MemAvailable:    7936644 kB
Buffers:            4668 kB
Cached:          1642976 kB
SwapCached:            0 kB
Active:          1455452 kB
Inactive:        1466004 kB
Active(anon):    1280252 kB
Inactive(anon):    22392 kB
Active(file):     175200 kB
Inactive(file):  1443612 kB
Unevictable:        5444 kB
Mlocked:            5444 kB
SwapTotal:       3145724 kB
SwapFree:        3145724 kB
Dirty:               292 kB
Writeback:             0 kB
AnonPages:       1279232 kB
Mapped:           866624 kB
Shmem:             24436 kB
KReclaimable:     659648 kB
Slab:             222676 kB
SReclaimable:      72940 kB
SUnreclaim:       149736 kB
KernelStack:       50992 kB
PageTables:        68924 kB
NFS_Unstable:          0 kB
Bounce:                0 kB
WritebackTmp:          0 kB
CommitLimit:     9202288 kB
Committed_AS:   76651116 kB
VmallocTotal:   263061440 kB
VmallocUsed:      108024 kB
VmallocChunk:          0 kB
Percpu:             7584 kB
CmaTotal:         294912 kB
CmaFree:               0 kB
MemTotal:       12113132 kB
MemFree:         6526776 kB
MemAvailable:    7936536 kB
Buffers:            4668 kB
Cached:          1642980 kB
SwapCached:            0 kB
Active:          1455592 kB
Inactive:        1465996 kB
Active(anon):    1280380 kB
Inactive(anon):    22392 kB
Active(file):     175212 kB
Inactive(file):  1443604 kB
Unevictable:        5444 kB
Mlocked:            5444 kB
SwapTotal:       3145724 kB
SwapFree:        3145724 kB
Dirty:               392 kB
Writeback:             0 kB
AnonPages:       1279104 kB
Mapped:           866752 kB
Shmem:             24436 kB
KReclaimable:     659648 kB
Slab:             222684 kB
SReclaimable:      72940 kB
SUnreclaim:       149744 kB
KernelStack:       50960 kB
PageTables:        68556 kB
NFS_Unstable:          0 kB
Bounce:                0 kB
WritebackTmp:          0 kB
CommitLimit:     9202288 kB
Committed_AS:   76651556 kB
VmallocTotal:   263061440 kB
VmallocUsed:      107960 kB
VmallocChunk:          0 kB
Percpu:             7584 kB
CmaTotal:         294912 kB
CmaFree:               0 kB
MemTotal:       12113132 kB
MemFree:         6526924 kB
MemAvailable:    7936720 kB
Buffers:            4672 kB
Cached:          1643020 kB
SwapCached:            0 kB
Active:          1456752 kB
Inactive:        1466032 kB
Active(anon):    1281532 kB
Inactive(anon):    22400 kB
Active(file):     175220 kB
Inactive(file):  1443632 kB
Unevictable:        5444 kB
Mlocked:            5444 kB
SwapTotal:       3145724 kB
SwapFree:        3145724 kB
Dirty:               408 kB
Writeback:             0 kB
AnonPages:       1280620 kB
Mapped:           866632 kB
Shmem:             24444 kB
KReclaimable:     659648 kB
Slab:             222684 kB
SReclaimable:      72940 kB
SUnreclaim:       149744 kB
KernelStack:       50848 kB
PageTables:        68916 kB
NFS_Unstable:          0 kB
Bounce:                0 kB
WritebackTmp:          0 kB
CommitLimit:     9202288 kB
Committed_AS:   76643220 kB
VmallocTotal:   263061440 kB
VmallocUsed:      107880 kB
VmallocChunk:          0 kB
Percpu:             7584 kB
CmaTotal:         294912 kB
CmaFree:               0 kB
MemTotal:       12113132 kB
MemFree:         6527600 kB
MemAvailable:    7937408 kB
Buffers:            4672 kB
Cached:          1643032 kB
SwapCached:            0 kB
Active:          1457216 kB
Inactive:        1466040 kB
Active(anon):    1281992 kB
Inactive(anon):    22400 kB
Active(file):     175224 kB
Inactive(file):  1443640 kB
Unevictable:        5444 kB
Mlocked:            5444 kB
SwapTotal:       3145724 kB
SwapFree:        3145724 kB
Dirty:               420 kB
Writeback:             0 kB
AnonPages:       1281320 kB
Mapped:           866628 kB
Shmem:             24444 kB
KReclaimable:     659648 kB
Slab:             222628 kB
SReclaimable:      72940 kB
SUnreclaim:       149688 kB
KernelStack:       50800 kB
PageTables:        68760 kB
NFS_Unstable:          0 kB
Bounce:                0 kB
WritebackTmp:          0 kB
CommitLimit:     9202288 kB
Committed_AS:   76644820 kB
VmallocTotal:   263061440 kB
VmallocUsed:      107816 kB
VmallocChunk:          0 kB
Percpu:             7584 kB
CmaTotal:         294912 kB
CmaFree:               0 kB
MemTotal:       12113132 kB
MemFree:         6525736 kB
MemAvailable:    7935556 kB
Buffers:            4672 kB
Cached:          1643044 kB
SwapCached:            0 kB
Active:          1458024 kB
Inactive:        1466040 kB
Active(anon):    1282788 kB
Inactive(anon):    22400 kB
Active(file):     175236 kB
Inactive(file):  1443640 kB
Unevictable:        5444 kB
Mlocked:            5444 kB
SwapTotal:       3145724 kB
SwapFree:        3145724 kB
Dirty:               432 kB
Writeback:             0 kB
AnonPages:       1281804 kB
Mapped:           866664 kB
Shmem:             24444 kB
KReclaimable:     659648 kB
Slab:             222708 kB
SReclaimable:      72940 kB
SUnreclaim:       149768 kB
KernelStack:       50736 kB
PageTables:        68868 kB
NFS_Unstable:          0 kB
Bounce:                0 kB
WritebackTmp:          0 kB
CommitLimit:     9202288 kB
Committed_AS:   76649904 kB
VmallocTotal:   263061440 kB
VmallocUsed:      107800 kB
VmallocChunk:          0 kB
Percpu:             7584 kB
CmaTotal:         294912 kB
CmaFree:               0 kB
MemTotal:       12113132 kB
MemFree:         6525452 kB
MemAvailable:    7935284 kB
Buffers:            4672 kB
Cached:          1643064 kB
SwapCached:            0 kB
Active:          1458936 kB
Inactive:        1466056 kB
Active(anon):    1283696 kB
Inactive(anon):    22408 kB
Active(file):     175240 kB
Inactive(file):  1443648 kB
Unevictable:        5444 kB
Mlocked:            5444 kB
SwapTotal:       3145724 kB
SwapFree:        3145724 kB
Dirty:               456 kB
Writeback:             0 kB
AnonPages:       1282600 kB
Mapped:           866640 kB
Shmem:             24452 kB
KReclaimable:     659648 kB
Slab:             222668 kB
SReclaimable:      72940 kB
SUnreclaim:       149728 kB
KernelStack:       50688 kB
PageTables:        68784 kB
NFS_Unstable:          0 kB
Bounce:                0 kB
WritebackTmp:          0 kB
CommitLimit:     9202288 kB
Committed_AS:   76644076 kB
VmallocTotal:   263061440 kB
VmallocUsed:      107752 kB
VmallocChunk:          0 kB
Percpu:             7584 kB
CmaTotal:         294912 kB
CmaFree:               0 kB
MemTotal:       12113132 kB
MemFree:         6524468 kB
MemAvailable:    7934308 kB
Buffers:            4672 kB
Cached:          1643072 kB
SwapCached:            0 kB
Active:          1459328 kB
Inactive:        1466064 kB
Active(anon):    1284088 kB
Inactive(anon):    22408 kB
Active(file):     175240 kB
Inactive(file):  1443656 kB
Unevictable:        5444 kB
Mlocked:            5444 kB
SwapTotal:       3145724 kB
SwapFree:        3145724 kB
Dirty:               464 kB
Writeback:             0 kB
AnonPages:       1283196 kB
Mapped:           866660 kB
Shmem:             24452 kB
KReclaimable:     659648 kB
Slab:             222676 kB
SReclaimable:      72940 kB
SUnreclaim:       149736 kB
KernelStack:       50688 kB
PageTables:        68860 kB
NFS_Unstable:          0 kB
Bounce:                0 kB
WritebackTmp:          0 kB
CommitLimit:     9202288 kB
Committed_AS:   76645020 kB
VmallocTotal:   263061440 kB
VmallocUsed:      107752 kB
VmallocChunk:          0 kB
Percpu:             7584 kB
CmaTotal:         294912 kB
CmaFree:               0 kB
MemTotal:       12113132 kB
MemFree:         6523168 kB
MemAvailable:    7933024 kB
Buffers:            4672 kB
Cached:          1643088 kB
SwapCached:            0 kB
Active:          1460416 kB
Inactive:        1466068 kB
Active(anon):    1285164 kB
Inactive(anon):    22408 kB
Active(file):     175252 kB
Inactive(file):  1443660 kB
Unevictable:        5444 kB
Mlocked:            5444 kB
SwapTotal:       3145724 kB
SwapFree:        3145724 kB
Dirty:               492 kB
Writeback:             0 kB
AnonPages:       1284248 kB
Mapped:           866640 kB
Shmem:             24452 kB
KReclaimable:     659648 kB
Slab:             222668 kB
SReclaimable:      72940 kB
SUnreclaim:       149728 kB
KernelStack:       50704 kB
PageTables:        68916 kB
NFS_Unstable:          0 kB
Bounce:                0 kB
WritebackTmp:          0 kB
CommitLimit:     9202288 kB
Committed_AS:   76652460 kB
VmallocTotal:   263061440 kB
VmallocUsed:      107752 kB
VmallocChunk:          0 kB
Percpu:             7584 kB
CmaTotal:         294912 kB
CmaFree:               0 kB
MemTotal:       12113132 kB
MemFree:         6523460 kB
MemAvailable:    7933324 kB
Buffers:            4672 kB
Cached:          1643096 kB
SwapCached:            0 kB
Active:          1461076 kB
Inactive:        1466076 kB
Active(anon):    1285824 kB
Inactive(anon):    22408 kB
Active(file):     175252 kB
Inactive(file):  1443668 kB
Unevictable:        5444 kB
Mlocked:            5444 kB
SwapTotal:       3145724 kB
SwapFree:        3145724 kB
Dirty:               212 kB
Writeback:             8 kB
AnonPages:       1284760 kB
Mapped:           866596 kB
Shmem:             24452 kB
KReclaimable:     659648 kB
Slab:             222628 kB
SReclaimable:      72940 kB
SUnreclaim:       149688 kB
KernelStack:       50656 kB
PageTables:        68936 kB
NFS_Unstable:          0 kB
Bounce:                0 kB
WritebackTmp:          0 kB
CommitLimit:     9202288 kB
Committed_AS:   76643672 kB
VmallocTotal:   263061440 kB
VmallocUsed:      107704 kB
VmallocChunk:          0 kB
Percpu:             7584 kB
CmaTotal:         294912 kB
CmaFree:               4 kB
MemTotal:       12113132 kB
MemFree:         6522372 kB
MemAvailable:    7932252 kB
Buffers:            4672 kB
Cached:          1643116 kB
SwapCached:            0 kB
Active:          1461352 kB
Inactive:        1466096 kB
Active(anon):    1286100 kB
Inactive(anon):    22412 kB
Active(file):     175252 kB
Inactive(file):  1443684 kB
Unevictable:        5444 kB
Mlocked:            5444 kB
SwapTotal:       3145724 kB
SwapFree:        3145724 kB
Dirty:               240 kB
Writeback:             0 kB
AnonPages:       1285136 kB
Mapped:           866668 kB
Shmem:             24456 kB
KReclaimable:     659648 kB
Slab:             222676 kB
SReclaimable:      72940 kB
SUnreclaim:       149736 kB
KernelStack:       50672 kB
PageTables:        69032 kB
NFS_Unstable:          0 kB
Bounce:                0 kB
WritebackTmp:          0 kB
CommitLimit:     9202288 kB
Committed_AS:   76644360 kB
VmallocTotal:   263061440 kB
VmallocUsed:      107720 kB
VmallocChunk:          0 kB
Percpu:             7584 kB
CmaTotal:         294912 kB
CmaFree:               0 kB
MemTotal:       12113132 kB
MemFree:         6520752 kB
MemAvailable:    7930632 kB
Buffers:            4672 kB
Cached:          1643116 kB
SwapCached:            0 kB
Active:          1461900 kB
Inactive:        1466096 kB
Active(anon):    1286648 kB
Inactive(anon):    22412 kB
Active(file):     175252 kB
Inactive(file):  1443684 kB
Unevictable:        5444 kB
Mlocked:            5444 kB
SwapTotal:       3145724 kB
SwapFree:        3145724 kB
Dirty:               256 kB
Writeback:             0 kB
AnonPages:       1285652 kB
Mapped:           866600 kB
Shmem:             24456 kB
KReclaimable:     659648 kB
Slab:             222620 kB
SReclaimable:      72940 kB
SUnreclaim:       149680 kB
KernelStack:       50676 kB
PageTables:        69068 kB
NFS_Unstable:          0 kB
Bounce:                0 kB
WritebackTmp:          0 kB
CommitLimit:     9202288 kB
Committed_AS:   76646792 kB
VmallocTotal:   263061440 kB
VmallocUsed:      107736 kB
VmallocChunk:          0 kB
Percpu:             7584 kB
CmaTotal:         294912 kB
CmaFree:               0 kB
MemTotal:       12113132 kB
MemFree:         6520248 kB
MemAvailable:    7930168 kB
Buffers:            4672 kB
Cached:          1643156 kB
SwapCached:            0 kB
Active:          1462908 kB
Inactive:        1466132 kB
Active(anon):    1287652 kB
Inactive(anon):    22412 kB
Active(file):     175256 kB
Inactive(file):  1443720 kB
Unevictable:        5444 kB
Mlocked:            5444 kB
SwapTotal:       3145724 kB
SwapFree:        3145724 kB
Dirty:               348 kB
Writeback:             0 kB
AnonPages:       1286584 kB
Mapped:           866552 kB
Shmem:             24456 kB
KReclaimable:     659648 kB
Slab:             222644 kB
SReclaimable:      72940 kB
SUnreclaim:       149704 kB
KernelStack:       50608 kB
PageTables:        68680 kB
NFS_Unstable:          0 kB
Bounce:                0 kB
WritebackTmp:          0 kB
CommitLimit:     9202288 kB
Committed_AS:   76644176 kB
VmallocTotal:   263061440 kB
VmallocUsed:      107704 kB
VmallocChunk:          0 kB
Percpu:             7584 kB
CmaTotal:         294912 kB
CmaFree:               8 kB
MemTotal:       12113132 kB
MemFree:         6519800 kB
MemAvailable:    7929700 kB
Buffers:            4672 kB
Cached:          1643136 kB
SwapCached:            0 kB
Active:          1463576 kB
Inactive:        1466112 kB
Active(anon):    1288320 kB
Inactive(anon):    22412 kB
Active(file):     175256 kB
Inactive(file):  1443700 kB
Unevictable:        5444 kB
Mlocked:            5444 kB
SwapTotal:       3145724 kB
SwapFree:        3145724 kB
Dirty:               352 kB
Writeback:             0 kB
AnonPages:       1287112 kB
Mapped:           866848 kB
Shmem:             24456 kB
KReclaimable:     659648 kB
Slab:             222620 kB
SReclaimable:      72940 kB
SUnreclaim:       149680 kB
KernelStack:       50576 kB
PageTables:        68608 kB
NFS_Unstable:          0 kB
Bounce:                0 kB
WritebackTmp:          0 kB
CommitLimit:     9202288 kB
Committed_AS:   76645408 kB
VmallocTotal:   263061440 kB
VmallocUsed:      107640 kB
VmallocChunk:          0 kB
Percpu:             7584 kB
CmaTotal:         294912 kB
CmaFree:               0 kB
MemTotal:       12113132 kB
MemFree:         6519768 kB
MemAvailable:    7929712 kB
Buffers:            4672 kB
Cached:          1643180 kB
SwapCached:            0 kB
Active:          1464208 kB
Inactive:        1466144 kB
Active(anon):    1288940 kB
Inactive(anon):    22412 kB
Active(file):     175268 kB
Inactive(file):  1443732 kB
Unevictable:        5444 kB
Mlocked:            5444 kB
SwapTotal:       3145724 kB
SwapFree:        3145724 kB
Dirty:               384 kB
Writeback:             0 kB
AnonPages:       1288016 kB
Mapped:           866644 kB
Shmem:             24456 kB
KReclaimable:     659648 kB
Slab:             222636 kB
SReclaimable:      72940 kB
SUnreclaim:       149696 kB
KernelStack:       50432 kB
PageTables:        68832 kB
NFS_Unstable:          0 kB
Bounce:                0 kB
WritebackTmp:          0 kB
CommitLimit:     9202288 kB
Committed_AS:   76644876 kB
VmallocTotal:   263061440 kB
VmallocUsed:      107528 kB
VmallocChunk:          0 kB
Percpu:             7584 kB
CmaTotal:         294912 kB
CmaFree:               0 kB
MemTotal:       12113132 kB
MemFree:         6518292 kB
MemAvailable:    7928244 kB
Buffers:            4672 kB
Cached:          1643188 kB
SwapCached:            0 kB
Active:          1464904 kB
Inactive:        1466152 kB
Active(anon):    1289636 kB
Inactive(anon):    22412 kB
Active(file):     175268 kB
Inactive(file):  1443740 kB
Unevictable:        5444 kB
Mlocked:            5444 kB
SwapTotal:       3145724 kB
SwapFree:        3145724 kB
Dirty:               392 kB
Writeback:             0 kB
AnonPages:       1288720 kB
Mapped:           866644 kB
Shmem:             24456 kB
KReclaimable:     659648 kB
Slab:             222644 kB
SReclaimable:      72940 kB
SUnreclaim:       149704 kB
KernelStack:       50416 kB
PageTables:        68812 kB
NFS_Unstable:          0 kB
Bounce:                0 kB
WritebackTmp:          0 kB
CommitLimit:     9202288 kB
Committed_AS:   76638756 kB
VmallocTotal:   263061440 kB
VmallocUsed:      107512 kB
VmallocChunk:          0 kB
Percpu:             7584 kB
CmaTotal:         294912 kB
CmaFree:               0 kB
MemTotal:       12113132 kB
MemFree:         6517764 kB
MemAvailable:    7927736 kB
Buffers:            4672 kB
Cached:          1643208 kB
SwapCached:            0 kB
Active:          1465780 kB
Inactive:        1466172 kB
Active(anon):    1290512 kB
Inactive(anon):    22412 kB
Active(file):     175268 kB
Inactive(file):  1443760 kB
Unevictable:        5444 kB
Mlocked:            5444 kB
SwapTotal:       3145724 kB
SwapFree:        3145724 kB
Dirty:               412 kB
Writeback:             0 kB
AnonPages:       1289528 kB
Mapped:           866644 kB
Shmem:             24456 kB
KReclaimable:     659648 kB
Slab:             222628 kB
SReclaimable:      72940 kB
SUnreclaim:       149688 kB
KernelStack:       50368 kB
PageTables:        68912 kB
NFS_Unstable:          0 kB
Bounce:                0 kB
WritebackTmp:          0 kB
CommitLimit:     9202288 kB
Committed_AS:   76638804 kB
VmallocTotal:   263061440 kB
VmallocUsed:      107416 kB
VmallocChunk:          0 kB
Percpu:             7584 kB
CmaTotal:         294912 kB
CmaFree:               0 kB
MemTotal:       12113132 kB
MemFree:         6516856 kB
MemAvailable:    7926836 kB
Buffers:            4672 kB
Cached:          1643220 kB
SwapCached:            0 kB
Active:          1466400 kB
Inactive:        1466184 kB
Active(anon):    1291132 kB
Inactive(anon):    22416 kB
Active(file):     175268 kB
Inactive(file):  1443768 kB
Unevictable:        5444 kB
Mlocked:            5444 kB
SwapTotal:       3145724 kB
SwapFree:        3145724 kB
Dirty:               436 kB
Writeback:             0 kB
AnonPages:       1290152 kB
Mapped:           866648 kB
Shmem:             24460 kB
KReclaimable:     659648 kB
Slab:             222636 kB
SReclaimable:      72940 kB
SUnreclaim:       149696 kB
KernelStack:       50288 kB
PageTables:        68804 kB
NFS_Unstable:          0 kB
Bounce:                0 kB
WritebackTmp:          0 kB
CommitLimit:     9202288 kB
Committed_AS:   76638572 kB
VmallocTotal:   263061440 kB
VmallocUsed:      107368 kB
VmallocChunk:          0 kB
Percpu:             7584 kB
CmaTotal:         294912 kB
CmaFree:               0 kB
MemTotal:       12113132 kB
MemFree:         6516412 kB
MemAvailable:    7926420 kB
Buffers:            4676 kB
Cached:          1643248 kB
SwapCached:            0 kB
Active:          1466088 kB
Inactive:        1466208 kB
Active(anon):    1290812 kB
Inactive(anon):    22420 kB
Active(file):     175276 kB
Inactive(file):  1443788 kB
Unevictable:        5444 kB
Mlocked:            5444 kB
SwapTotal:       3145724 kB
SwapFree:        3145724 kB
Dirty:               432 kB
Writeback:             0 kB
AnonPages:       1289848 kB
Mapped:           866652 kB
Shmem:             24464 kB
KReclaimable:     659648 kB
Slab:             222644 kB
SReclaimable:      72940 kB
SUnreclaim:       149704 kB
KernelStack:       50208 kB
PageTables:        68800 kB
NFS_Unstable:          0 kB
Bounce:                0 kB
WritebackTmp:          0 kB
CommitLimit:     9202288 kB
Committed_AS:   76643828 kB
VmallocTotal:   263061440 kB
VmallocUsed:      107336 kB
VmallocChunk:          0 kB
Percpu:             7584 kB
CmaTotal:         294912 kB
CmaFree:               0 kB
MemTotal:       12113132 kB
MemFree:         6516544 kB
MemAvailable:    7926564 kB
Buffers:            4676 kB
Cached:          1643264 kB
SwapCached:            0 kB
Active:          1466820 kB
Inactive:        1466224 kB
Active(anon):    1291544 kB
Inactive(anon):    22424 kB
Active(file):     175276 kB
Inactive(file):  1443800 kB
Unevictable:        5444 kB
Mlocked:            5444 kB
SwapTotal:       3145724 kB
SwapFree:        3145724 kB
Dirty:               444 kB
Writeback:             0 kB
AnonPages:       1290564 kB
Mapped:           866656 kB
Shmem:             24468 kB
KReclaimable:     659648 kB
Slab:             222644 kB
SReclaimable:      72940 kB
SUnreclaim:       149704 kB
KernelStack:       50176 kB
PageTables:        68800 kB
NFS_Unstable:          0 kB
Bounce:                0 kB
WritebackTmp:          0 kB
CommitLimit:     9202288 kB
Committed_AS:   76638036 kB
VmallocTotal:   263061440 kB
VmallocUsed:      107256 kB
VmallocChunk:          0 kB
Percpu:             7584 kB
CmaTotal:         294912 kB
CmaFree:               0 kB
MemTotal:       12113132 kB
MemFree:         6530332 kB
MemAvailable:    7940368 kB
Buffers:            4676 kB
Cached:          1643284 kB
SwapCached:            0 kB
Active:          1453188 kB
Inactive:        1466240 kB
Active(anon):    1277908 kB
Inactive(anon):    22428 kB
Active(file):     175280 kB
Inactive(file):  1443812 kB
Unevictable:        5444 kB
Mlocked:            5444 kB
SwapTotal:       3145724 kB
SwapFree:        3145724 kB
Dirty:               476 kB
Writeback:             0 kB
AnonPages:       1276972 kB
Mapped:           866660 kB
Shmem:             24472 kB
KReclaimable:     659648 kB
Slab:             222644 kB
SReclaimable:      72940 kB
SUnreclaim:       149704 kB
KernelStack:       50176 kB
PageTables:        68800 kB
NFS_Unstable:          0 kB
Bounce:                0 kB
WritebackTmp:          0 kB
CommitLimit:     9202288 kB
Committed_AS:   76641256 kB
VmallocTotal:   263061440 kB
VmallocUsed:      107256 kB
VmallocChunk:          0 kB
Percpu:             7584 kB
CmaTotal:         294912 kB
CmaFree:             124 kB
MemTotal:       12113132 kB
MemFree:         6528852 kB
MemAvailable:    7938896 kB
Buffers:            4676 kB
Cached:          1643296 kB
SwapCached:            0 kB
Active:          1453356 kB
Inactive:        1466252 kB
Active(anon):    1278076 kB
Inactive(anon):    22432 kB
Active(file):     175280 kB
Inactive(file):  1443820 kB
Unevictable:        5444 kB
Mlocked:            5444 kB
SwapTotal:       3145724 kB
SwapFree:        3145724 kB
Dirty:               484 kB
Writeback:             0 kB
AnonPages:       1277128 kB
Mapped:           866664 kB
Shmem:             24476 kB
KReclaimable:     659648 kB
Slab:             222644 kB
SReclaimable:      72940 kB
SUnreclaim:       149704 kB
KernelStack:       50128 kB
PageTables:        68796 kB
NFS_Unstable:          0 kB
Bounce:                0 kB
WritebackTmp:          0 kB
CommitLimit:     9202288 kB
Committed_AS:   76640740 kB
VmallocTotal:   263061440 kB
VmallocUsed:      107208 kB
VmallocChunk:          0 kB
Percpu:             7584 kB
CmaTotal:         294912 kB
CmaFree:               0 kB
MemTotal:       12113132 kB
MemFree:         6528948 kB
MemAvailable:    7939012 kB
Buffers:            4676 kB
Cached:          1643328 kB
SwapCached:            0 kB
Active:          1454028 kB
Inactive:        1466284 kB
Active(anon):    1278748 kB
Inactive(anon):    22448 kB
Active(file):     175280 kB
Inactive(file):  1443836 kB
Unevictable:        5444 kB
Mlocked:            5444 kB
SwapTotal:       3145724 kB
SwapFree:        3145724 kB
Dirty:               504 kB
Writeback:             0 kB
AnonPages:       1277776 kB
Mapped:           866680 kB
Shmem:             24492 kB
KReclaimable:     659652 kB
Slab:             222648 kB
SReclaimable:      72944 kB
SUnreclaim:       149704 kB
KernelStack:       50176 kB
PageTables:        68892 kB
NFS_Unstable:          0 kB
Bounce:                0 kB
WritebackTmp:          0 kB
CommitLimit:     9202288 kB
Committed_AS:   76636972 kB
VmallocTotal:   263061440 kB
VmallocUsed:      107192 kB
VmallocChunk:          0 kB
Percpu:             7584 kB
CmaTotal:         294912 kB
CmaFree:               0 kB
MemTotal:       12113132 kB
MemFree:         6537672 kB
MemAvailable:    7947748 kB
Buffers:            4676 kB
Cached:          1643340 kB
SwapCached:            0 kB
Active:          1444904 kB
Inactive:        1466292 kB
Active(anon):    1269620 kB
Inactive(anon):    22448 kB
Active(file):     175284 kB
Inactive(file):  1443844 kB
Unevictable:        5444 kB
Mlocked:            5444 kB
SwapTotal:       3145724 kB
SwapFree:        3145724 kB
Dirty:               528 kB
Writeback:             0 kB
AnonPages:       1268640 kB
Mapped:           866680 kB
Shmem:             24492 kB
KReclaimable:     659652 kB
Slab:             222648 kB
SReclaimable:      72944 kB
SUnreclaim:       149704 kB
KernelStack:       50080 kB
PageTables:        68788 kB
NFS_Unstable:          0 kB
Bounce:                0 kB
WritebackTmp:          0 kB
CommitLimit:     9202288 kB
Committed_AS:   76646244 kB
VmallocTotal:   263061440 kB
VmallocUsed:      107144 kB
VmallocChunk:          0 kB
Percpu:             7584 kB
CmaTotal:         294912 kB
CmaFree:               0 kB
MemTotal:       12113132 kB
MemFree:         6537968 kB
MemAvailable:    7948056 kB
Buffers:            4676 kB
Cached:          1643356 kB
SwapCached:            0 kB
Active:          1445800 kB
Inactive:        1466308 kB
Active(anon):    1270516 kB
Inactive(anon):    22452 kB
Active(file):     175284 kB
Inactive(file):  1443856 kB
Unevictable:        5444 kB
Mlocked:            5444 kB
SwapTotal:       3145724 kB
SwapFree:        3145724 kB
Dirty:               540 kB
Writeback:             0 kB
AnonPages:       1269564 kB
Mapped:           866684 kB
Shmem:             24496 kB
KReclaimable:     659652 kB
Slab:             222648 kB
SReclaimable:      72944 kB
SUnreclaim:       149704 kB
KernelStack:       50128 kB
PageTables:        68892 kB
NFS_Unstable:          0 kB
Bounce:                0 kB
WritebackTmp:          0 kB
CommitLimit:     9202288 kB
Committed_AS:   76646148 kB
VmallocTotal:   263061440 kB
VmallocUsed:      107144 kB
VmallocChunk:          0 kB
Percpu:             7584 kB
CmaTotal:         294912 kB
CmaFree:               0 kB
MemTotal:       12113132 kB
MemFree:         6536784 kB
MemAvailable:    7946880 kB
Buffers:            4676 kB
Cached:          1643372 kB
SwapCached:            0 kB
Active:          1446584 kB
Inactive:        1466324 kB
Active(anon):    1271300 kB
Inactive(anon):    22460 kB
Active(file):     175284 kB
Inactive(file):  1443864 kB
Unevictable:        5444 kB
Mlocked:            5444 kB
SwapTotal:       3145724 kB
SwapFree:        3145724 kB
Dirty:               564 kB
Writeback:             0 kB
AnonPages:       1270408 kB
Mapped:           866692 kB
Shmem:             24504 kB
KReclaimable:     659652 kB
Slab:             222648 kB
SReclaimable:      72944 kB
SUnreclaim:       149704 kB
KernelStack:       50080 kB
PageTables:        68788 kB
NFS_Unstable:          0 kB
Bounce:                0 kB
WritebackTmp:          0 kB
CommitLimit:     9202288 kB
Committed_AS:   76651316 kB
VmallocTotal:   263061440 kB
VmallocUsed:      107176 kB
VmallocChunk:          0 kB
Percpu:             7584 kB
CmaTotal:         294912 kB
CmaFree:               8 kB
MemTotal:       12113132 kB
MemFree:         6537152 kB
MemAvailable:    7947256 kB
Buffers:            4676 kB
Cached:          1643384 kB
SwapCached:            0 kB
Active:          1447776 kB
Inactive:        1466328 kB
Active(anon):    1272484 kB
Inactive(anon):    22464 kB
Active(file):     175292 kB
Inactive(file):  1443864 kB
Unevictable:        5444 kB
Mlocked:            5444 kB
SwapTotal:       3145724 kB
SwapFree:        3145724 kB
Dirty:               624 kB
Writeback:             0 kB
AnonPages:       1271524 kB
Mapped:           866760 kB
Shmem:             24508 kB
KReclaimable:     659652 kB
Slab:             222648 kB
SReclaimable:      72944 kB
SUnreclaim:       149704 kB
KernelStack:       50080 kB
PageTables:        68788 kB
NFS_Unstable:          0 kB
Bounce:                0 kB
WritebackTmp:          0 kB
CommitLimit:     9202288 kB
Committed_AS:   76651744 kB
VmallocTotal:   263061440 kB
VmallocUsed:      107128 kB
VmallocChunk:          0 kB
Percpu:             7584 kB
CmaTotal:         294912 kB
CmaFree:               0 kB
MemTotal:       12113132 kB
MemFree:         6536104 kB
MemAvailable:    7946240 kB
Buffers:            4676 kB
Cached:          1643420 kB
SwapCached:            0 kB
Active:          1448420 kB
Inactive:        1466364 kB
Active(anon):    1273128 kB
Inactive(anon):    22468 kB
Active(file):     175292 kB
Inactive(file):  1443896 kB
Unevictable:        5444 kB
Mlocked:            5444 kB
SwapTotal:       3145724 kB
SwapFree:        3145724 kB
Dirty:               664 kB
Writeback:             0 kB
AnonPages:       1272172 kB
Mapped:           866764 kB
Shmem:             24512 kB
KReclaimable:     659652 kB
Slab:             222648 kB
SReclaimable:      72944 kB
SUnreclaim:       149704 kB
KernelStack:       50080 kB
PageTables:        68792 kB
NFS_Unstable:          0 kB
Bounce:                0 kB
WritebackTmp:          0 kB
CommitLimit:     9202288 kB
Committed_AS:   76651432 kB
VmallocTotal:   263061440 kB
VmallocUsed:      107128 kB
VmallocChunk:          0 kB
Percpu:             7584 kB
CmaTotal:         294912 kB
CmaFree:               0 kB
MemTotal:       12113132 kB
MemFree:         6543704 kB
MemAvailable:    7953848 kB
Buffers:            4676 kB
Cached:          1643432 kB
SwapCached:            0 kB
Active:          1442060 kB
Inactive:        1466376 kB
Active(anon):    1266768 kB
Inactive(anon):    22472 kB
Active(file):     175292 kB
Inactive(file):  1443904 kB
Unevictable:        5444 kB
Mlocked:            5444 kB
SwapTotal:       3145724 kB
SwapFree:        3145724 kB
Dirty:               680 kB
Writeback:             0 kB
AnonPages:       1266060 kB
Mapped:           866768 kB
Shmem:             24516 kB
KReclaimable:     659652 kB
Slab:             222648 kB
SReclaimable:      72944 kB
SUnreclaim:       149704 kB
KernelStack:       50064 kB
PageTables:        68916 kB
NFS_Unstable:          0 kB
Bounce:                0 kB
WritebackTmp:          0 kB
CommitLimit:     9202288 kB
Committed_AS:   76646956 kB
VmallocTotal:   263061440 kB
VmallocUsed:      107128 kB
VmallocChunk:          0 kB
Percpu:             7584 kB
CmaTotal:         294912 kB
CmaFree:               0 kB
MemTotal:       12113132 kB
MemFree:         6526564 kB
MemAvailable:    7936720 kB
Buffers:            4676 kB
Cached:          1643444 kB
SwapCached:            0 kB
Active:          1457340 kB
Inactive:        1466380 kB
Active(anon):    1282040 kB
Inactive(anon):    22472 kB
Active(file):     175300 kB
Inactive(file):  1443908 kB
Unevictable:        5444 kB
Mlocked:            5444 kB
SwapTotal:       3145724 kB
SwapFree:        3145724 kB
Dirty:               704 kB
Writeback:             0 kB
AnonPages:       1281096 kB
Mapped:           866768 kB
Shmem:             24516 kB
KReclaimable:     659652 kB
Slab:             222640 kB
SReclaimable:      72944 kB
SUnreclaim:       149696 kB
KernelStack:       50048 kB
PageTables:        68784 kB
NFS_Unstable:          0 kB
Bounce:                0 kB
WritebackTmp:          0 kB
CommitLimit:     9202288 kB
Committed_AS:   76646544 kB
VmallocTotal:   263061440 kB
VmallocUsed:      107112 kB
VmallocChunk:          0 kB
Percpu:             7584 kB
CmaTotal:         294912 kB
CmaFree:               0 kB
MemTotal:       12113132 kB
MemFree:         6520924 kB
MemAvailable:    7931088 kB
Buffers:            4676 kB
Cached:          1643456 kB
SwapCached:            0 kB
Active:          1463756 kB
Inactive:        1466388 kB
Active(anon):    1288452 kB
Inactive(anon):    22476 kB
Active(file):     175304 kB
Inactive(file):  1443912 kB
Unevictable:        5444 kB
Mlocked:            5444 kB
SwapTotal:       3145724 kB
SwapFree:        3145724 kB
Dirty:               712 kB
Writeback:             0 kB
AnonPages:       1287480 kB
Mapped:           866772 kB
Shmem:             24520 kB
KReclaimable:     659652 kB
Slab:             222640 kB
SReclaimable:      72944 kB
SUnreclaim:       149696 kB
KernelStack:       50016 kB
PageTables:        68792 kB
NFS_Unstable:          0 kB
Bounce:                0 kB
WritebackTmp:          0 kB
CommitLimit:     9202288 kB
Committed_AS:   76658108 kB
VmallocTotal:   263061440 kB
VmallocUsed:      107112 kB
VmallocChunk:          0 kB
Percpu:             7584 kB
CmaTotal:         294912 kB
CmaFree:               0 kB
MemTotal:       12113132 kB
MemFree:         6507824 kB
MemAvailable:    7918004 kB
Buffers:            4676 kB
Cached:          1643472 kB
SwapCached:            0 kB
Active:          1478660 kB
Inactive:        1466404 kB
Active(anon):    1303356 kB
Inactive(anon):    22476 kB
Active(file):     175304 kB
Inactive(file):  1443928 kB
Unevictable:        5444 kB
Mlocked:            5444 kB
SwapTotal:       3145724 kB
SwapFree:        3145724 kB
Dirty:               736 kB
Writeback:             0 kB
AnonPages:       1302392 kB
Mapped:           866772 kB
Shmem:             24520 kB
KReclaimable:     659652 kB
Slab:             222640 kB
SReclaimable:      72944 kB
SUnreclaim:       149696 kB
KernelStack:       50016 kB
PageTables:        68792 kB
NFS_Unstable:          0 kB
Bounce:                0 kB
WritebackTmp:          0 kB
CommitLimit:     9202288 kB
Committed_AS:   76651892 kB
VmallocTotal:   263061440 kB
VmallocUsed:      107112 kB
VmallocChunk:          0 kB
Percpu:             7584 kB
CmaTotal:         294912 kB
CmaFree:               0 kB
MemTotal:       12113132 kB
MemFree:         6508980 kB
MemAvailable:    7919180 kB
Buffers:            4676 kB
Cached:          1643492 kB
SwapCached:            0 kB
Active:          1475152 kB
Inactive:        1466416 kB
Active(anon):    1299840 kB
Inactive(anon):    22476 kB
Active(file):     175312 kB
Inactive(file):  1443940 kB
Unevictable:        5444 kB
Mlocked:            5444 kB
SwapTotal:       3145724 kB
SwapFree:        3145724 kB
Dirty:               804 kB
Writeback:             0 kB
AnonPages:       1298908 kB
Mapped:           866772 kB
Shmem:             24520 kB
KReclaimable:     659652 kB
Slab:             222648 kB
SReclaimable:      72944 kB
SUnreclaim:       149704 kB
KernelStack:       50048 kB
PageTables:        68816 kB
NFS_Unstable:          0 kB
Bounce:                0 kB
WritebackTmp:          0 kB
CommitLimit:     9202288 kB
Committed_AS:   76656616 kB
VmallocTotal:   263061440 kB
VmallocUsed:      107112 kB
VmallocChunk:          0 kB
Percpu:             7584 kB
CmaTotal:         294912 kB
CmaFree:               0 kB
MemTotal:       12113132 kB
MemFree:         6507980 kB
MemAvailable:    7918212 kB
Buffers:            4684 kB
Cached:          1643516 kB
SwapCached:            0 kB
Active:          1476888 kB
Inactive:        1466436 kB
Active(anon):    1301564 kB
Inactive(anon):    22476 kB
Active(file):     175324 kB
Inactive(file):  1443960 kB
Unevictable:        5444 kB
Mlocked:            5444 kB
SwapTotal:       3145724 kB
SwapFree:        3145724 kB
Dirty:               788 kB
Writeback:             0 kB
AnonPages:       1300588 kB
Mapped:           866772 kB
Shmem:             24520 kB
KReclaimable:     659652 kB
Slab:             222640 kB
SReclaimable:      72944 kB
SUnreclaim:       149696 kB
KernelStack:       50000 kB
PageTables:        68796 kB
NFS_Unstable:          0 kB
Bounce:                0 kB
WritebackTmp:          0 kB
CommitLimit:     9202288 kB
Committed_AS:   76663152 kB
VmallocTotal:   263061440 kB
VmallocUsed:      107112 kB
VmallocChunk:          0 kB
Percpu:             7584 kB
CmaTotal:         294912 kB
CmaFree:               0 kB
MemTotal:       12113132 kB
MemFree:         6507708 kB
MemAvailable:    7917952 kB
Buffers:            4684 kB
Cached:          1643532 kB
SwapCached:            0 kB
Active:          1477384 kB
Inactive:        1466452 kB
Active(anon):    1302060 kB
Inactive(anon):    22480 kB
Active(file):     175324 kB
Inactive(file):  1443972 kB
Unevictable:        5444 kB
Mlocked:            5444 kB
SwapTotal:       3145724 kB
SwapFree:        3145724 kB
Dirty:               804 kB
Writeback:             0 kB
AnonPages:       1301160 kB
Mapped:           866776 kB
Shmem:             24524 kB
KReclaimable:     659652 kB
Slab:             222624 kB
SReclaimable:      72944 kB
SUnreclaim:       149680 kB
KernelStack:       50000 kB
PageTables:        68792 kB
NFS_Unstable:          0 kB
Bounce:                0 kB
WritebackTmp:          0 kB
CommitLimit:     9202288 kB
Committed_AS:   76657156 kB
VmallocTotal:   263061440 kB
VmallocUsed:      107096 kB
VmallocChunk:          0 kB
Percpu:             7584 kB
CmaTotal:         294912 kB
CmaFree:               0 kB
MemTotal:       12113132 kB
MemFree:         6505300 kB
MemAvailable:    7915560 kB
Buffers:            4684 kB
Cached:          1643548 kB
SwapCached:            0 kB
Active:          1478264 kB
Inactive:        1466464 kB
Active(anon):    1302936 kB
Inactive(anon):    22480 kB
Active(file):     175328 kB
Inactive(file):  1443984 kB
Unevictable:        5444 kB
Mlocked:            5444 kB
SwapTotal:       3145724 kB
SwapFree:        3145724 kB
Dirty:               316 kB
Writeback:             0 kB
AnonPages:       1301944 kB
Mapped:           866776 kB
Shmem:             24524 kB
KReclaimable:     659652 kB
Slab:             222648 kB
SReclaimable:      72944 kB
SUnreclaim:       149704 kB
KernelStack:       50000 kB
PageTables:        68792 kB
NFS_Unstable:          0 kB
Bounce:                0 kB
WritebackTmp:          0 kB
CommitLimit:     9202288 kB
Committed_AS:   76657124 kB
VmallocTotal:   263061440 kB
VmallocUsed:      107096 kB
VmallocChunk:          0 kB
Percpu:             7584 kB
CmaTotal:         294912 kB
CmaFree:               0 kB
MemTotal:       12113132 kB
MemFree:         6503976 kB
MemAvailable:    7914248 kB
Buffers:            4684 kB
Cached:          1643560 kB
SwapCached:            0 kB
Active:          1479448 kB
Inactive:        1466472 kB
Active(anon):    1304116 kB
Inactive(anon):    22480 kB
Active(file):     175332 kB
Inactive(file):  1443992 kB
Unevictable:        5444 kB
Mlocked:            5444 kB
SwapTotal:       3145724 kB
SwapFree:        3145724 kB
Dirty:               348 kB
Writeback:             0 kB
AnonPages:       1303400 kB
Mapped:           866796 kB
Shmem:             24524 kB
KReclaimable:     659652 kB
Slab:             222616 kB
SReclaimable:      72944 kB
SUnreclaim:       149672 kB
KernelStack:       50032 kB
PageTables:        68832 kB
NFS_Unstable:          0 kB
Bounce:                0 kB
WritebackTmp:          0 kB
CommitLimit:     9202288 kB
Committed_AS:   76656880 kB
VmallocTotal:   263061440 kB
VmallocUsed:      107064 kB
VmallocChunk:          0 kB
Percpu:             7584 kB
CmaTotal:         294912 kB
CmaFree:               0 kB
MemTotal:       12113132 kB
MemFree:         6503568 kB
MemAvailable:    7913848 kB
Buffers:            4684 kB
Cached:          1643568 kB
SwapCached:            0 kB
Active:          1479704 kB
Inactive:        1466480 kB
Active(anon):    1304372 kB
Inactive(anon):    22480 kB
Active(file):     175332 kB
Inactive(file):  1444000 kB
Unevictable:        5444 kB
Mlocked:            5444 kB
SwapTotal:       3145724 kB
SwapFree:        3145724 kB
Dirty:               356 kB
Writeback:             0 kB
AnonPages:       1303456 kB
Mapped:           866776 kB
Shmem:             24524 kB
KReclaimable:     659652 kB
Slab:             222624 kB
SReclaimable:      72944 kB
SUnreclaim:       149680 kB
KernelStack:       50000 kB
PageTables:        68796 kB
NFS_Unstable:          0 kB
Bounce:                0 kB
WritebackTmp:          0 kB
CommitLimit:     9202288 kB
Committed_AS:   76651652 kB
VmallocTotal:   263061440 kB
VmallocUsed:      107064 kB
VmallocChunk:          0 kB
Percpu:             7584 kB
CmaTotal:         294912 kB
CmaFree:               0 kB
MemTotal:       12113132 kB
MemFree:         6536664 kB
MemAvailable:    7946960 kB
Buffers:            4684 kB
Cached:          1643588 kB
SwapCached:            0 kB
Active:          1446328 kB
Inactive:        1466496 kB
Active(anon):    1270992 kB
Inactive(anon):    22484 kB
Active(file):     175336 kB
Inactive(file):  1444012 kB
Unevictable:        5444 kB
Mlocked:            5444 kB
SwapTotal:       3145724 kB
SwapFree:        3145724 kB
Dirty:               408 kB
Writeback:             0 kB
AnonPages:       1269824 kB
Mapped:           866800 kB
Shmem:             24528 kB
KReclaimable:     659652 kB
Slab:             222624 kB
SReclaimable:      72944 kB
SUnreclaim:       149680 kB
KernelStack:       50032 kB
PageTables:        68836 kB
NFS_Unstable:          0 kB
Bounce:                0 kB
WritebackTmp:          0 kB
CommitLimit:     9202288 kB
Committed_AS:   76650716 kB
VmallocTotal:   263061440 kB
VmallocUsed:      107112 kB
VmallocChunk:          0 kB
Percpu:             7584 kB
CmaTotal:         294912 kB
CmaFree:               0 kB
MemTotal:       12113132 kB
MemFree:         6536164 kB
MemAvailable:    7946468 kB
Buffers:            4684 kB
Cached:          1643596 kB
SwapCached:            0 kB
Active:          1446972 kB
Inactive:        1466504 kB
Active(anon):    1271636 kB
Inactive(anon):    22484 kB
Active(file):     175336 kB
Inactive(file):  1444020 kB
Unevictable:        5444 kB
Mlocked:            5444 kB
SwapTotal:       3145724 kB
SwapFree:        3145724 kB
Dirty:               420 kB
Writeback:             0 kB
AnonPages:       1270652 kB
Mapped:           866780 kB
Shmem:             24528 kB
KReclaimable:     659652 kB
Slab:             222632 kB
SReclaimable:      72944 kB
SUnreclaim:       149688 kB
KernelStack:       50000 kB
PageTables:        68792 kB
NFS_Unstable:          0 kB
Bounce:                0 kB
WritebackTmp:          0 kB
CommitLimit:     9202288 kB
Committed_AS:   76645596 kB
VmallocTotal:   263061440 kB
VmallocUsed:      107064 kB
VmallocChunk:          0 kB
Percpu:             7584 kB
CmaTotal:         294912 kB
CmaFree:               0 kB
MemTotal:       12113132 kB
MemFree:         6536124 kB
MemAvailable:    7946436 kB
Buffers:            4684 kB
Cached:          1643604 kB
SwapCached:            0 kB
Active:          1447808 kB
Inactive:        1466512 kB
Active(anon):    1272472 kB
Inactive(anon):    22484 kB
Active(file):     175336 kB
Inactive(file):  1444028 kB
Unevictable:        5444 kB
Mlocked:            5444 kB
SwapTotal:       3145724 kB
SwapFree:        3145724 kB
Dirty:               428 kB
Writeback:             0 kB
AnonPages:       1271476 kB
Mapped:           866780 kB
Shmem:             24528 kB
KReclaimable:     659652 kB
Slab:             222636 kB
SReclaimable:      72944 kB
SUnreclaim:       149692 kB
KernelStack:       50016 kB
PageTables:        68756 kB
NFS_Unstable:          0 kB
Bounce:                0 kB
WritebackTmp:          0 kB
CommitLimit:     9202288 kB
Committed_AS:   76645364 kB
VmallocTotal:   263061440 kB
VmallocUsed:      107064 kB
VmallocChunk:          0 kB
Percpu:             7584 kB
CmaTotal:         294912 kB
CmaFree:               0 kB
MemTotal:       12113132 kB
MemFree:         6534876 kB
MemAvailable:    7945200 kB
Buffers:            4684 kB
Cached:          1643624 kB
SwapCached:            0 kB
Active:          1449060 kB
Inactive:        1466524 kB
Active(anon):    1273716 kB
Inactive(anon):    22492 kB
Active(file):     175344 kB
Inactive(file):  1444032 kB
Unevictable:        5444 kB
Mlocked:            5444 kB
SwapTotal:       3145724 kB
SwapFree:        3145724 kB
Dirty:               456 kB
Writeback:             0 kB
AnonPages:       1272768 kB
Mapped:           866908 kB
Shmem:             24536 kB
KReclaimable:     659652 kB
Slab:             222620 kB
SReclaimable:      72944 kB
SUnreclaim:       149676 kB
KernelStack:       50000 kB
PageTables:        68780 kB
NFS_Unstable:          0 kB
Bounce:                0 kB
WritebackTmp:          0 kB
CommitLimit:     9202288 kB
Committed_AS:   76639916 kB
VmallocTotal:   263061440 kB
VmallocUsed:      107032 kB
VmallocChunk:          0 kB
Percpu:             7584 kB
CmaTotal:         294912 kB
CmaFree:               0 kB
MemTotal:       12113132 kB
MemFree:         6534804 kB
MemAvailable:    7945136 kB
Buffers:            4684 kB
Cached:          1643632 kB
SwapCached:            0 kB
Active:          1449920 kB
Inactive:        1466532 kB
Active(anon):    1274576 kB
Inactive(anon):    22492 kB
Active(file):     175344 kB
Inactive(file):  1444040 kB
Unevictable:        5444 kB
Mlocked:            5444 kB
SwapTotal:       3145724 kB
SwapFree:        3145724 kB
Dirty:               488 kB
Writeback:             0 kB
AnonPages:       1273664 kB
Mapped:           866788 kB
Shmem:             24536 kB
KReclaimable:     659652 kB
Slab:             222636 kB
SReclaimable:      72944 kB
SUnreclaim:       149692 kB
KernelStack:       50032 kB
PageTables:        68820 kB
NFS_Unstable:          0 kB
Bounce:                0 kB
WritebackTmp:          0 kB
CommitLimit:     9202288 kB
Committed_AS:   76649348 kB
VmallocTotal:   263061440 kB
VmallocUsed:      107048 kB
VmallocChunk:          0 kB
Percpu:             7584 kB
CmaTotal:         294912 kB
CmaFree:               0 kB
MemTotal:       12113132 kB
MemFree:         6534256 kB
MemAvailable:    7944624 kB
Buffers:            4684 kB
Cached:          1643668 kB
SwapCached:            0 kB
Active:          1450188 kB
Inactive:        1466568 kB
Active(anon):    1274844 kB
Inactive(anon):    22492 kB
Active(file):     175344 kB
Inactive(file):  1444076 kB
Unevictable:        5444 kB
Mlocked:            5444 kB
SwapTotal:       3145724 kB
SwapFree:        3145724 kB
Dirty:               576 kB
Writeback:             0 kB
AnonPages:       1273896 kB
Mapped:           866788 kB
Shmem:             24536 kB
KReclaimable:     659652 kB
Slab:             222644 kB
SReclaimable:      72944 kB
SUnreclaim:       149700 kB
KernelStack:       50000 kB
PageTables:        68796 kB
NFS_Unstable:          0 kB
Bounce:                0 kB
WritebackTmp:          0 kB
CommitLimit:     9202288 kB
Committed_AS:   76649172 kB
VmallocTotal:   263061440 kB
VmallocUsed:      107032 kB
VmallocChunk:          0 kB
Percpu:             7584 kB
CmaTotal:         294912 kB
CmaFree:               0 kB
MemTotal:       12113132 kB
MemFree:         6532488 kB
MemAvailable:    7942864 kB
Buffers:            4684 kB
Cached:          1643676 kB
SwapCached:            0 kB
Active:          1450892 kB
Inactive:        1466564 kB
Active(anon):    1275536 kB
Inactive(anon):    22492 kB
Active(file):     175356 kB
Inactive(file):  1444072 kB
Unevictable:        5444 kB
Mlocked:            5444 kB
SwapTotal:       3145724 kB
SwapFree:        3145724 kB
Dirty:               624 kB
Writeback:             0 kB
AnonPages:       1274544 kB
Mapped:           866788 kB
Shmem:             24536 kB
KReclaimable:     659652 kB
Slab:             222652 kB
SReclaimable:      72944 kB
SUnreclaim:       149708 kB
KernelStack:       50032 kB
PageTables:        68828 kB
NFS_Unstable:          0 kB
Bounce:                0 kB
WritebackTmp:          0 kB
CommitLimit:     9202288 kB
Committed_AS:   76643756 kB
VmallocTotal:   263061440 kB
VmallocUsed:      107048 kB
VmallocChunk:          0 kB
Percpu:             7584 kB
CmaTotal:         294912 kB
CmaFree:               0 kB
MemTotal:       12113132 kB
MemFree:         6531324 kB
MemAvailable:    7941716 kB
Buffers:            4684 kB
Cached:          1643700 kB
SwapCached:            0 kB
Active:          1451656 kB
Inactive:        1466588 kB
Active(anon):    1276300 kB
Inactive(anon):    22500 kB
Active(file):     175356 kB
Inactive(file):  1444088 kB
Unevictable:        5444 kB
Mlocked:            5444 kB
SwapTotal:       3145724 kB
SwapFree:        3145724 kB
Dirty:               256 kB
Writeback:             0 kB
AnonPages:       1275392 kB
Mapped:           866796 kB
Shmem:             24544 kB
KReclaimable:     659652 kB
Slab:             222648 kB
SReclaimable:      72944 kB
SUnreclaim:       149704 kB
KernelStack:       50000 kB
PageTables:        68796 kB
NFS_Unstable:          0 kB
Bounce:                0 kB
WritebackTmp:          0 kB
CommitLimit:     9202288 kB
Committed_AS:   76648888 kB
VmallocTotal:   263061440 kB
VmallocUsed:      107064 kB
VmallocChunk:          0 kB
Percpu:             7584 kB
CmaTotal:         294912 kB
CmaFree:               0 kB
MemTotal:       12113132 kB
MemFree:         6531056 kB
MemAvailable:    7941456 kB
Buffers:            4684 kB
Cached:          1643716 kB
SwapCached:            0 kB
Active:          1453208 kB
Inactive:        1466604 kB
Active(anon):    1277852 kB
Inactive(anon):    22508 kB
Active(file):     175356 kB
Inactive(file):  1444096 kB
Unevictable:        5444 kB
Mlocked:            5444 kB
SwapTotal:       3145724 kB
SwapFree:        3145724 kB
Dirty:               288 kB
Writeback:             0 kB
AnonPages:       1276944 kB
Mapped:           866804 kB
Shmem:             24552 kB
KReclaimable:     659652 kB
Slab:             222664 kB
SReclaimable:      72944 kB
SUnreclaim:       149720 kB
KernelStack:       50032 kB
PageTables:        68844 kB
NFS_Unstable:          0 kB
Bounce:                0 kB
WritebackTmp:          0 kB
CommitLimit:     9202288 kB
Committed_AS:   76646348 kB
VmallocTotal:   263061440 kB
VmallocUsed:      107016 kB
VmallocChunk:          0 kB
Percpu:             7584 kB
CmaTotal:         294912 kB
CmaFree:               0 kB
MemTotal:       12113132 kB
MemFree:         6529936 kB
MemAvailable:    7940348 kB
Buffers:            4684 kB
Cached:          1643728 kB
SwapCached:            0 kB
Active:          1454040 kB
Inactive:        1466612 kB
Active(anon):    1278680 kB
Inactive(anon):    22508 kB
Active(file):     175360 kB
Inactive(file):  1444104 kB
Unevictable:        5444 kB
Mlocked:            5444 kB
SwapTotal:       3145724 kB
SwapFree:        3145724 kB
Dirty:               360 kB
Writeback:             0 kB
AnonPages:       1277660 kB
Mapped:           866804 kB
Shmem:             24552 kB
KReclaimable:     659652 kB
Slab:             222652 kB
SReclaimable:      72944 kB
SUnreclaim:       149708 kB
KernelStack:       50000 kB
PageTables:        68792 kB
NFS_Unstable:          0 kB
Bounce:                0 kB
WritebackTmp:          0 kB
CommitLimit:     9202288 kB
Committed_AS:   76635952 kB
VmallocTotal:   263061440 kB
VmallocUsed:      107064 kB
VmallocChunk:          0 kB
Percpu:             7584 kB
CmaTotal:         294912 kB
CmaFree:               0 kB
MemTotal:       12113132 kB
MemFree:         6528456 kB
MemAvailable:    7938908 kB
Buffers:            4688 kB
Cached:          1643768 kB
SwapCached:            0 kB
Active:          1454908 kB
Inactive:        1466652 kB
Active(anon):    1279544 kB
Inactive(anon):    22512 kB
Active(file):     175364 kB
Inactive(file):  1444140 kB
Unevictable:        5444 kB
Mlocked:            5444 kB
SwapTotal:       3145724 kB
SwapFree:        3145724 kB
Dirty:               396 kB
Writeback:             0 kB
AnonPages:       1278600 kB
Mapped:           866808 kB
Shmem:             24556 kB
KReclaimable:     659652 kB
Slab:             222656 kB
SReclaimable:      72944 kB
SUnreclaim:       149712 kB
KernelStack:       50000 kB
PageTables:        68800 kB
NFS_Unstable:          0 kB
Bounce:                0 kB
WritebackTmp:          0 kB
CommitLimit:     9202288 kB
Committed_AS:   76641032 kB
VmallocTotal:   263061440 kB
VmallocUsed:      107096 kB
VmallocChunk:          0 kB
Percpu:             7584 kB
CmaTotal:         294912 kB
CmaFree:               0 kB
MemTotal:       12113132 kB
MemFree:         6528108 kB
MemAvailable:    7938568 kB
Buffers:            4688 kB
Cached:          1643788 kB
SwapCached:            0 kB
Active:          1456564 kB
Inactive:        1466672 kB
Active(anon):    1281200 kB
Inactive(anon):    22524 kB
Active(file):     175364 kB
Inactive(file):  1444148 kB
Unevictable:        5444 kB
Mlocked:            5444 kB
SwapTotal:       3145724 kB
SwapFree:        3145724 kB
Dirty:               420 kB
Writeback:             0 kB
AnonPages:       1280256 kB
Mapped:           866112 kB
Shmem:             24568 kB
KReclaimable:     659652 kB
Slab:             222656 kB
SReclaimable:      72944 kB
SUnreclaim:       149712 kB
KernelStack:       50000 kB
PageTables:        68796 kB
NFS_Unstable:          0 kB
Bounce:                0 kB
WritebackTmp:          0 kB
CommitLimit:     9202288 kB
Committed_AS:   76646388 kB
VmallocTotal:   263061440 kB
VmallocUsed:      107096 kB
VmallocChunk:          0 kB
Percpu:             7584 kB
CmaTotal:         294912 kB
CmaFree:               0 kB
MemTotal:       12113132 kB
MemFree:         6526124 kB
MemAvailable:    7936596 kB
Buffers:            4688 kB
Cached:          1643800 kB
SwapCached:            0 kB
Active:          1457308 kB
Inactive:        1466664 kB
Active(anon):    1281924 kB
Inactive(anon):    22524 kB
Active(file):     175384 kB
Inactive(file):  1444140 kB
Unevictable:        5444 kB
Mlocked:            5444 kB
SwapTotal:       3145724 kB
SwapFree:        3145724 kB
Dirty:               276 kB
Writeback:             0 kB
AnonPages:       1281016 kB
Mapped:           866256 kB
Shmem:             24568 kB
KReclaimable:     659652 kB
Slab:             222656 kB
SReclaimable:      72944 kB
SUnreclaim:       149712 kB
KernelStack:       50112 kB
PageTables:        68844 kB
NFS_Unstable:          0 kB
Bounce:                0 kB
WritebackTmp:          0 kB
CommitLimit:     9202288 kB
Committed_AS:   76637736 kB
VmallocTotal:   263061440 kB
VmallocUsed:      107112 kB
VmallocChunk:          0 kB
Percpu:             7584 kB
CmaTotal:         294912 kB
CmaFree:               0 kB
MemTotal:       12113132 kB
MemFree:         6525004 kB
MemAvailable:    7935492 kB
Buffers:            4688 kB
Cached:          1643816 kB
SwapCached:            0 kB
Active:          1458872 kB
Inactive:        1466680 kB
Active(anon):    1283488 kB
Inactive(anon):    22524 kB
Active(file):     175384 kB
Inactive(file):  1444156 kB
Unevictable:        5444 kB
Mlocked:            5444 kB
SwapTotal:       3145724 kB
SwapFree:        3145724 kB
Dirty:               328 kB
Writeback:             0 kB
AnonPages:       1282512 kB
Mapped:           866112 kB
Shmem:             24568 kB
KReclaimable:     659652 kB
Slab:             222676 kB
SReclaimable:      72944 kB
SUnreclaim:       149732 kB
KernelStack:       50064 kB
PageTables:        68800 kB
NFS_Unstable:          0 kB
Bounce:                0 kB
WritebackTmp:          0 kB
CommitLimit:     9202288 kB
Committed_AS:   76646240 kB
VmallocTotal:   263061440 kB
VmallocUsed:      107112 kB
VmallocChunk:          0 kB
Percpu:             7584 kB
CmaTotal:         294912 kB
CmaFree:               0 kB
MemTotal:       12113132 kB
MemFree:         6523540 kB
MemAvailable:    7934036 kB
Buffers:            4688 kB
Cached:          1643824 kB
SwapCached:            0 kB
Active:          1459604 kB
Inactive:        1466688 kB
Active(anon):    1284220 kB
Inactive(anon):    22524 kB
Active(file):     175384 kB
Inactive(file):  1444164 kB
Unevictable:        5444 kB
Mlocked:            5444 kB
SwapTotal:       3145724 kB
SwapFree:        3145724 kB
Dirty:               352 kB
Writeback:             0 kB
AnonPages:       1283132 kB
Mapped:           866232 kB
Shmem:             24568 kB
KReclaimable:     659652 kB
Slab:             222652 kB
SReclaimable:      72944 kB
SUnreclaim:       149708 kB
KernelStack:       50064 kB
PageTables:        68880 kB
NFS_Unstable:          0 kB
Bounce:                0 kB
WritebackTmp:          0 kB
CommitLimit:     9202288 kB
Committed_AS:   76645660 kB
VmallocTotal:   263061440 kB
VmallocUsed:      107064 kB
VmallocChunk:          0 kB
Percpu:             7584 kB
CmaTotal:         294912 kB
CmaFree:               0 kB
MemTotal:       12113132 kB
MemFree:         6537620 kB
MemAvailable:    7948132 kB
Buffers:            4688 kB
Cached:          1643844 kB
SwapCached:            0 kB
Active:          1445728 kB
Inactive:        1466696 kB
Active(anon):    1270332 kB
Inactive(anon):    22528 kB
Active(file):     175396 kB
Inactive(file):  1444168 kB
Unevictable:        5444 kB
Mlocked:            5444 kB
SwapTotal:       3145724 kB
SwapFree:        3145724 kB
Dirty:               436 kB
Writeback:             0 kB
AnonPages:       1269352 kB
Mapped:           866116 kB
Shmem:             24572 kB
KReclaimable:     659652 kB
Slab:             222660 kB
SReclaimable:      72944 kB
SUnreclaim:       149716 kB
KernelStack:       50016 kB
PageTables:        68796 kB
NFS_Unstable:          0 kB
Bounce:                0 kB
WritebackTmp:          0 kB
CommitLimit:     9202288 kB
Committed_AS:   76645784 kB
VmallocTotal:   263061440 kB
VmallocUsed:      107080 kB
VmallocChunk:          0 kB
Percpu:             7584 kB
CmaTotal:         294912 kB
CmaFree:               0 kB
MemTotal:       12113132 kB
MemFree:         6536560 kB
MemAvailable:    7947084 kB
Buffers:            4688 kB
Cached:          1643860 kB
SwapCached:            0 kB
Active:          1446392 kB
Inactive:        1466712 kB
Active(anon):    1270996 kB
Inactive(anon):    22532 kB
Active(file):     175396 kB
Inactive(file):  1444180 kB
Unevictable:        5444 kB
Mlocked:            5444 kB
SwapTotal:       3145724 kB
SwapFree:        3145724 kB
Dirty:               448 kB
Writeback:             0 kB
AnonPages:       1270016 kB
Mapped:           866120 kB
Shmem:             24576 kB
KReclaimable:     659652 kB
Slab:             222664 kB
SReclaimable:      72944 kB
SUnreclaim:       149720 kB
KernelStack:       50016 kB
PageTables:        68804 kB
NFS_Unstable:          0 kB
Bounce:                0 kB
WritebackTmp:          0 kB
CommitLimit:     9202288 kB
Committed_AS:   76641384 kB
VmallocTotal:   263061440 kB
VmallocUsed:      107064 kB
VmallocChunk:          0 kB
Percpu:             7584 kB
CmaTotal:         294912 kB
CmaFree:               0 kB
MemTotal:       12113132 kB
MemFree:         6544832 kB
MemAvailable:    7955364 kB
Buffers:            4688 kB
Cached:          1643868 kB
SwapCached:            0 kB
Active:          1437700 kB
Inactive:        1466720 kB
Active(anon):    1262304 kB
Inactive(anon):    22532 kB
Active(file):     175396 kB
Inactive(file):  1444188 kB
Unevictable:        5444 kB
Mlocked:            5444 kB
SwapTotal:       3145724 kB
SwapFree:        3145724 kB
Dirty:               240 kB
Writeback:             0 kB
AnonPages:       1261356 kB
Mapped:           866120 kB
Shmem:             24576 kB
KReclaimable:     659652 kB
Slab:             222664 kB
SReclaimable:      72944 kB
SUnreclaim:       149720 kB
KernelStack:       50016 kB
PageTables:        68804 kB
NFS_Unstable:          0 kB
Bounce:                0 kB
WritebackTmp:          0 kB
CommitLimit:     9202288 kB
Committed_AS:   76649260 kB
VmallocTotal:   263061440 kB
VmallocUsed:      107080 kB
VmallocChunk:          0 kB
Percpu:             7584 kB
CmaTotal:         294912 kB
CmaFree:               0 kB
MemTotal:       12113132 kB
MemFree:         6548504 kB
MemAvailable:    7959044 kB
Buffers:            4688 kB
Cached:          1643876 kB
SwapCached:            0 kB
Active:          1434568 kB
Inactive:        1466720 kB
Active(anon):    1259164 kB
Inactive(anon):    22532 kB
Active(file):     175404 kB
Inactive(file):  1444188 kB
Unevictable:        5444 kB
Mlocked:            5444 kB
SwapTotal:       3145724 kB
SwapFree:        3145724 kB
Dirty:               312 kB
Writeback:             0 kB
AnonPages:       1258216 kB
Mapped:           866280 kB
Shmem:             24576 kB
KReclaimable:     659652 kB
Slab:             222708 kB
SReclaimable:      72944 kB
SUnreclaim:       149764 kB
KernelStack:       49984 kB
PageTables:        68804 kB
NFS_Unstable:          0 kB
Bounce:                0 kB
WritebackTmp:          0 kB
CommitLimit:     9202288 kB
Committed_AS:   76651740 kB
VmallocTotal:   263061440 kB
VmallocUsed:      107032 kB
VmallocChunk:          0 kB
Percpu:             7584 kB
CmaTotal:         294912 kB
CmaFree:              12 kB
MemTotal:       12113132 kB
MemFree:         6547816 kB
MemAvailable:    7958372 kB
Buffers:            4688 kB
Cached:          1643900 kB
SwapCached:            0 kB
Active:          1434960 kB
Inactive:        1466744 kB
Active(anon):    1259556 kB
Inactive(anon):    22540 kB
Active(file):     175404 kB
Inactive(file):  1444204 kB
Unevictable:        5444 kB
Mlocked:            5444 kB
SwapTotal:       3145724 kB
SwapFree:        3145724 kB
Dirty:               332 kB
Writeback:             0 kB
AnonPages:       1258608 kB
Mapped:           866288 kB
Shmem:             24584 kB
KReclaimable:     659652 kB
Slab:             222704 kB
SReclaimable:      72944 kB
SUnreclaim:       149760 kB
KernelStack:       49952 kB
PageTables:        68796 kB
NFS_Unstable:          0 kB
Bounce:                0 kB
WritebackTmp:          0 kB
CommitLimit:     9202288 kB
Committed_AS:   76656200 kB
VmallocTotal:   263061440 kB
VmallocUsed:      107048 kB
VmallocChunk:          0 kB
Percpu:             7584 kB
CmaTotal:         294912 kB
CmaFree:               0 kB
MemTotal:       12113132 kB
MemFree:         6547832 kB
MemAvailable:    7958412 kB
Buffers:            4688 kB
Cached:          1643932 kB
SwapCached:            0 kB
Active:          1435484 kB
Inactive:        1466776 kB
Active(anon):    1260080 kB
Inactive(anon):    22548 kB
Active(file):     175404 kB
Inactive(file):  1444228 kB
Unevictable:        5444 kB
Mlocked:            5444 kB
SwapTotal:       3145724 kB
SwapFree:        3145724 kB
Dirty:               368 kB
Writeback:             0 kB
AnonPages:       1259184 kB
Mapped:           866296 kB
Shmem:             24592 kB
KReclaimable:     659652 kB
Slab:             222696 kB
SReclaimable:      72944 kB
SUnreclaim:       149752 kB
KernelStack:       49984 kB
PageTables:        68852 kB
NFS_Unstable:          0 kB
Bounce:                0 kB
WritebackTmp:          0 kB
CommitLimit:     9202288 kB
Committed_AS:   76651552 kB
VmallocTotal:   263061440 kB
VmallocUsed:      107000 kB
VmallocChunk:          0 kB
Percpu:             7584 kB
CmaTotal:         294912 kB
CmaFree:               0 kB
MemTotal:       12113132 kB
MemFree:         6546528 kB
MemAvailable:    7957124 kB
Buffers:            4688 kB
Cached:          1643948 kB
SwapCached:            0 kB
Active:          1436396 kB
Inactive:        1466792 kB
Active(anon):    1260992 kB
Inactive(anon):    22548 kB
Active(file):     175404 kB
Inactive(file):  1444244 kB
Unevictable:        5444 kB
Mlocked:            5444 kB
SwapTotal:       3145724 kB
SwapFree:        3145724 kB
Dirty:               400 kB
Writeback:             0 kB
AnonPages:       1260032 kB
Mapped:           866296 kB
Shmem:             24592 kB
KReclaimable:     659652 kB
Slab:             222704 kB
SReclaimable:      72944 kB
SUnreclaim:       149760 kB
KernelStack:       49952 kB
PageTables:        68800 kB
NFS_Unstable:          0 kB
Bounce:                0 kB
WritebackTmp:          0 kB
CommitLimit:     9202288 kB
Committed_AS:   76651996 kB
VmallocTotal:   263061440 kB
VmallocUsed:      106968 kB
VmallocChunk:          0 kB
Percpu:             7584 kB
CmaTotal:         294912 kB
CmaFree:               0 kB
MemTotal:       12113132 kB
MemFree:         6546244 kB
MemAvailable:    7956848 kB
Buffers:            4688 kB
Cached:          1643956 kB
SwapCached:            0 kB
Active:          1437076 kB
Inactive:        1466800 kB
Active(anon):    1261672 kB
Inactive(anon):    22548 kB
Active(file):     175404 kB
Inactive(file):  1444252 kB
Unevictable:        5444 kB
Mlocked:            5444 kB
SwapTotal:       3145724 kB
SwapFree:        3145724 kB
Dirty:               256 kB
Writeback:             0 kB
AnonPages:       1260696 kB
Mapped:           866296 kB
Shmem:             24592 kB
KReclaimable:     659652 kB
Slab:             222692 kB
SReclaimable:      72944 kB
SUnreclaim:       149748 kB
KernelStack:       49952 kB
PageTables:        68800 kB
NFS_Unstable:          0 kB
Bounce:                0 kB
WritebackTmp:          0 kB
CommitLimit:     9202288 kB
Committed_AS:   76651816 kB
VmallocTotal:   263061440 kB
VmallocUsed:      106936 kB
VmallocChunk:          0 kB
Percpu:             7584 kB
CmaTotal:         294912 kB
CmaFree:               0 kB
MemTotal:       12113132 kB
MemFree:         6533500 kB
MemAvailable:    7944124 kB
Buffers:            4688 kB
Cached:          1644008 kB
SwapCached:            0 kB
Active:          1449496 kB
Inactive:        1466852 kB
Active(anon):    1274092 kB
Inactive(anon):    22580 kB
Active(file):     175404 kB
Inactive(file):  1444272 kB
Unevictable:        5444 kB
Mlocked:            5444 kB
SwapTotal:       3145724 kB
SwapFree:        3145724 kB
Dirty:               308 kB
Writeback:             0 kB
AnonPages:       1273428 kB
Mapped:           866328 kB
Shmem:             24624 kB
KReclaimable:     659652 kB
Slab:             222692 kB
SReclaimable:      72944 kB
SUnreclaim:       149748 kB
KernelStack:       49952 kB
PageTables:        68800 kB
NFS_Unstable:          0 kB
Bounce:                0 kB
WritebackTmp:          0 kB
CommitLimit:     9202288 kB
Committed_AS:   76656144 kB
VmallocTotal:   263061440 kB
VmallocUsed:      107000 kB
VmallocChunk:          0 kB
Percpu:             7584 kB
CmaTotal:         294912 kB
CmaFree:               0 kB
MemTotal:       12113132 kB
MemFree:         6518900 kB
MemAvailable:    7929528 kB
Buffers:            4688 kB
Cached:          1644012 kB
SwapCached:            0 kB
Active:          1466904 kB
Inactive:        1466848 kB
Active(anon):    1291492 kB
Inactive(anon):    22580 kB
Active(file):     175412 kB
Inactive(file):  1444268 kB
Unevictable:        5444 kB
Mlocked:            5444 kB
SwapTotal:       3145724 kB
SwapFree:        3145724 kB
Dirty:               344 kB
Writeback:             0 kB
AnonPages:       1290524 kB
Mapped:           866328 kB
Shmem:             24624 kB
KReclaimable:     659652 kB
Slab:             222712 kB
SReclaimable:      72944 kB
SUnreclaim:       149768 kB
KernelStack:       49920 kB
PageTables:        68804 kB
NFS_Unstable:          0 kB
Bounce:                0 kB
WritebackTmp:          0 kB
CommitLimit:     9202288 kB
Committed_AS:   76656836 kB
VmallocTotal:   263061440 kB
VmallocUsed:      106984 kB
VmallocChunk:          0 kB
Percpu:             7584 kB
CmaTotal:         294912 kB
CmaFree:               0 kB
MemTotal:       12113132 kB
MemFree:         6503012 kB
MemAvailable:    7913660 kB
Buffers:            4688 kB
Cached:          1644052 kB
SwapCached:            0 kB
Active:          1484652 kB
Inactive:        1466884 kB
Active(anon):    1309236 kB
Inactive(anon):    22600 kB
Active(file):     175416 kB
Inactive(file):  1444284 kB
Unevictable:        5444 kB
Mlocked:            5444 kB
SwapTotal:       3145724 kB
SwapFree:        3145724 kB
Dirty:               360 kB
Writeback:             0 kB
AnonPages:       1303244 kB
Mapped:           866348 kB
Shmem:             24644 kB
KReclaimable:     659652 kB
Slab:             222712 kB
SReclaimable:      72944 kB
SUnreclaim:       149768 kB
KernelStack:       49920 kB
PageTables:        68804 kB
NFS_Unstable:          0 kB
Bounce:                0 kB
WritebackTmp:          0 kB
CommitLimit:     9202288 kB
Committed_AS:   76651688 kB
VmallocTotal:   263061440 kB
VmallocUsed:      106984 kB
VmallocChunk:          0 kB
Percpu:             7584 kB
CmaTotal:         294912 kB
CmaFree:               0 kB
MemTotal:       12113132 kB
MemFree:         6506876 kB
MemAvailable:    7917560 kB
Buffers:            4692 kB
Cached:          1644084 kB
SwapCached:            0 kB
Active:          1477932 kB
Inactive:        1466920 kB
Active(anon):    1302516 kB
Inactive(anon):    22600 kB
Active(file):     175416 kB
Inactive(file):  1444320 kB
Unevictable:        5444 kB
Mlocked:            5444 kB
SwapTotal:       3145724 kB
SwapFree:        3145724 kB
Dirty:               388 kB
Writeback:             0 kB
AnonPages:       1301548 kB
Mapped:           866348 kB
Shmem:             24644 kB
KReclaimable:     659652 kB
Slab:             222704 kB
SReclaimable:      72944 kB
SUnreclaim:       149760 kB
KernelStack:       49936 kB
PageTables:        68820 kB
NFS_Unstable:          0 kB
Bounce:                0 kB
WritebackTmp:          0 kB
CommitLimit:     9202288 kB
Committed_AS:   76668180 kB
VmallocTotal:   263061440 kB
VmallocUsed:      106968 kB
VmallocChunk:          0 kB
Percpu:             7584 kB
CmaTotal:         294912 kB
CmaFree:               0 kB
MemTotal:       12113132 kB
MemFree:         6505288 kB
MemAvailable:    7915976 kB
Buffers:            4692 kB
Cached:          1644104 kB
SwapCached:            0 kB
Active:          1478544 kB
Inactive:        1466944 kB
Active(anon):    1303132 kB
Inactive(anon):    22616 kB
Active(file):     175412 kB
Inactive(file):  1444328 kB
Unevictable:        5444 kB
Mlocked:            5444 kB
SwapTotal:       3145724 kB
SwapFree:        3145724 kB
Dirty:               288 kB
Writeback:             0 kB
AnonPages:       1302220 kB
Mapped:           866364 kB
Shmem:             24660 kB
KReclaimable:     659652 kB
Slab:             222716 kB
SReclaimable:      72944 kB
SUnreclaim:       149772 kB
KernelStack:       49920 kB
PageTables:        68804 kB
NFS_Unstable:          0 kB
Bounce:                0 kB
WritebackTmp:          0 kB
CommitLimit:     9202288 kB
Committed_AS:   76670676 kB
VmallocTotal:   263061440 kB
VmallocUsed:      106984 kB
VmallocChunk:          0 kB
Percpu:             7584 kB
CmaTotal:         294912 kB
CmaFree:               0 kB
MemTotal:       12113132 kB
MemFree:         6504496 kB
MemAvailable:    7915204 kB
Buffers:            4692 kB
Cached:          1644136 kB
SwapCached:            0 kB
Active:          1479348 kB
Inactive:        1466972 kB
Active(anon):    1303932 kB
Inactive(anon):    22628 kB
Active(file):     175416 kB
Inactive(file):  1444344 kB
Unevictable:        5444 kB
Mlocked:            5444 kB
SwapTotal:       3145724 kB
SwapFree:        3145724 kB
Dirty:               340 kB
Writeback:             0 kB
AnonPages:       1302980 kB
Mapped:           866376 kB
Shmem:             24672 kB
KReclaimable:     659652 kB
Slab:             222716 kB
SReclaimable:      72944 kB
SUnreclaim:       149772 kB
KernelStack:       49968 kB
PageTables:        68872 kB
NFS_Unstable:          0 kB
Bounce:                0 kB
WritebackTmp:          0 kB
CommitLimit:     9202288 kB
Committed_AS:   76666768 kB
VmallocTotal:   263061440 kB
VmallocUsed:      106952 kB
VmallocChunk:          0 kB
Percpu:             7584 kB
CmaTotal:         294912 kB
CmaFree:               0 kB
MemTotal:       12113132 kB
MemFree:         6504132 kB
MemAvailable:    7914844 kB
Buffers:            4692 kB
Cached:          1644148 kB
SwapCached:            0 kB
Active:          1480224 kB
Inactive:        1466984 kB
Active(anon):    1304808 kB
Inactive(anon):    22636 kB
Active(file):     175416 kB
Inactive(file):  1444348 kB
Unevictable:        5444 kB
Mlocked:            5444 kB
SwapTotal:       3145724 kB
SwapFree:        3145724 kB
Dirty:               344 kB
Writeback:             0 kB
AnonPages:       1303792 kB
Mapped:           866384 kB
Shmem:             24680 kB
KReclaimable:     659652 kB
Slab:             222720 kB
SReclaimable:      72944 kB
SUnreclaim:       149776 kB
KernelStack:       49920 kB
PageTables:        68800 kB
NFS_Unstable:          0 kB
Bounce:                0 kB
WritebackTmp:          0 kB
CommitLimit:     9202288 kB
Committed_AS:   76659588 kB
VmallocTotal:   263061440 kB
VmallocUsed:      106984 kB
VmallocChunk:          0 kB
Percpu:             7584 kB
CmaTotal:         294912 kB
CmaFree:               0 kB
MemTotal:       12113132 kB
MemFree:         6502436 kB
MemAvailable:    7913160 kB
Buffers:            4692 kB
Cached:          1644160 kB
SwapCached:            0 kB
Active:          1480964 kB
Inactive:        1466996 kB
Active(anon):    1305548 kB
Inactive(anon):    22636 kB
Active(file):     175416 kB
Inactive(file):  1444360 kB
Unevictable:        5444 kB
Mlocked:            5444 kB
SwapTotal:       3145724 kB
SwapFree:        3145724 kB
Dirty:               372 kB
Writeback:             0 kB
AnonPages:       1304584 kB
Mapped:           866384 kB
Shmem:             24680 kB
KReclaimable:     659652 kB
Slab:             222712 kB
SReclaimable:      72944 kB
SUnreclaim:       149768 kB
KernelStack:       49936 kB
PageTables:        68928 kB
NFS_Unstable:          0 kB
Bounce:                0 kB
WritebackTmp:          0 kB
CommitLimit:     9202288 kB
Committed_AS:   76656368 kB
VmallocTotal:   263061440 kB
VmallocUsed:      106968 kB
VmallocChunk:          0 kB
Percpu:             7584 kB
CmaTotal:         294912 kB
CmaFree:               0 kB
MemTotal:       12113132 kB
MemFree:         6500924 kB
MemAvailable:    7911660 kB
Buffers:            4692 kB
Cached:          1644172 kB
SwapCached:            0 kB
Active:          1481680 kB
Inactive:        1467008 kB
Active(anon):    1306264 kB
Inactive(anon):    22636 kB
Active(file):     175416 kB
Inactive(file):  1444372 kB
Unevictable:        5444 kB
Mlocked:            5444 kB
SwapTotal:       3145724 kB
SwapFree:        3145724 kB
Dirty:               384 kB
Writeback:             0 kB
AnonPages:       1305368 kB
Mapped:           866384 kB
Shmem:             24680 kB
KReclaimable:     659652 kB
Slab:             222712 kB
SReclaimable:      72944 kB
SUnreclaim:       149768 kB
KernelStack:       49920 kB
PageTables:        68804 kB
NFS_Unstable:          0 kB
Bounce:                0 kB
WritebackTmp:          0 kB
CommitLimit:     9202288 kB
Committed_AS:   76653724 kB
VmallocTotal:   263061440 kB
VmallocUsed:      106952 kB
VmallocChunk:          0 kB
Percpu:             7584 kB
CmaTotal:         294912 kB
CmaFree:               0 kB
MemTotal:       12113132 kB
MemFree:         6500264 kB
MemAvailable:    7911012 kB
Buffers:            4692 kB
Cached:          1644184 kB
SwapCached:            0 kB
Active:          1482472 kB
Inactive:        1467020 kB
Active(anon):    1307056 kB
Inactive(anon):    22636 kB
Active(file):     175416 kB
Inactive(file):  1444384 kB
Unevictable:        5444 kB
Mlocked:            5444 kB
SwapTotal:       3145724 kB
SwapFree:        3145724 kB
Dirty:               396 kB
Writeback:             0 kB
AnonPages:       1306088 kB
Mapped:           866384 kB
Shmem:             24680 kB
KReclaimable:     659652 kB
Slab:             222716 kB
SReclaimable:      72944 kB
SUnreclaim:       149772 kB
KernelStack:       49968 kB
PageTables:        68884 kB
NFS_Unstable:          0 kB
Bounce:                0 kB
WritebackTmp:          0 kB
CommitLimit:     9202288 kB
Committed_AS:   76655872 kB
VmallocTotal:   263061440 kB
VmallocUsed:      107000 kB
VmallocChunk:          0 kB
Percpu:             7584 kB
CmaTotal:         294912 kB
CmaFree:               0 kB
MemTotal:       12113132 kB
MemFree:         6500428 kB
MemAvailable:    7911180 kB
Buffers:            4692 kB
Cached:          1644196 kB
SwapCached:            0 kB
Active:          1483156 kB
Inactive:        1467028 kB
Active(anon):    1307736 kB
Inactive(anon):    22644 kB
Active(file):     175420 kB
Inactive(file):  1444384 kB
Unevictable:        5444 kB
Mlocked:            5444 kB
SwapTotal:       3145724 kB
SwapFree:        3145724 kB
Dirty:               416 kB
Writeback:             0 kB
AnonPages:       1306892 kB
Mapped:           866392 kB
Shmem:             24688 kB
KReclaimable:     659652 kB
Slab:             222708 kB
SReclaimable:      72944 kB
SUnreclaim:       149764 kB
KernelStack:       49920 kB
PageTables:        68804 kB
NFS_Unstable:          0 kB
Bounce:                0 kB
WritebackTmp:          0 kB
CommitLimit:     9202288 kB
Committed_AS:   76656412 kB
VmallocTotal:   263061440 kB
VmallocUsed:      107000 kB
VmallocChunk:          0 kB
Percpu:             7584 kB
CmaTotal:         294912 kB
CmaFree:               0 kB
MemTotal:       12113132 kB
MemFree:         6499792 kB
MemAvailable:    7910564 kB
Buffers:            4692 kB
Cached:          1644228 kB
SwapCached:            0 kB
Active:          1483976 kB
Inactive:        1467060 kB
Active(anon):    1308556 kB
Inactive(anon):    22656 kB
Active(file):     175420 kB
Inactive(file):  1444404 kB
Unevictable:        5444 kB
Mlocked:            5444 kB
SwapTotal:       3145724 kB
SwapFree:        3145724 kB
Dirty:               436 kB
Writeback:             0 kB
AnonPages:       1307604 kB
Mapped:           866404 kB
Shmem:             24700 kB
KReclaimable:     659652 kB
Slab:             222716 kB
SReclaimable:      72944 kB
SUnreclaim:       149772 kB
KernelStack:       49952 kB
PageTables:        68856 kB
NFS_Unstable:          0 kB
Bounce:                0 kB
WritebackTmp:          0 kB
CommitLimit:     9202288 kB
Committed_AS:   76658340 kB
VmallocTotal:   263061440 kB
VmallocUsed:      106968 kB
VmallocChunk:          0 kB
Percpu:             7584 kB
CmaTotal:         294912 kB
CmaFree:               0 kB
MemTotal:       12113132 kB
MemFree:         6535252 kB
MemAvailable:    7946056 kB
Buffers:            4692 kB
Cached:          1644360 kB
SwapCached:            0 kB
Active:          1447076 kB
Inactive:        1467188 kB
Active(anon):    1271652 kB
Inactive(anon):    22756 kB
Active(file):     175424 kB
Inactive(file):  1444432 kB
Unevictable:        5444 kB
Mlocked:            5444 kB
SwapTotal:       3145724 kB
SwapFree:        3145724 kB
Dirty:               480 kB
Writeback:             0 kB
AnonPages:       1270700 kB
Mapped:           866504 kB
Shmem:             24800 kB
KReclaimable:     659652 kB
Slab:             222728 kB
SReclaimable:      72944 kB
SUnreclaim:       149784 kB
KernelStack:       49920 kB
PageTables:        68808 kB
NFS_Unstable:          0 kB
Bounce:                0 kB
WritebackTmp:          0 kB
CommitLimit:     9202288 kB
Committed_AS:   76658088 kB
VmallocTotal:   263061440 kB
VmallocUsed:      106968 kB
VmallocChunk:          0 kB
Percpu:             7584 kB
CmaTotal:         294912 kB
CmaFree:               0 kB
MemTotal:       12113132 kB
MemFree:         6535536 kB
MemAvailable:    7946352 kB
Buffers:            4692 kB
Cached:          1644372 kB
SwapCached:            0 kB
Active:          1447724 kB
Inactive:        1467200 kB
Active(anon):    1272300 kB
Inactive(anon):    22756 kB
Active(file):     175424 kB
Inactive(file):  1444444 kB
Unevictable:        5444 kB
Mlocked:            5444 kB
SwapTotal:       3145724 kB
SwapFree:        3145724 kB
Dirty:               508 kB
Writeback:             0 kB
AnonPages:       1271380 kB
Mapped:           866504 kB
Shmem:             24800 kB
KReclaimable:     659652 kB
Slab:             222728 kB
SReclaimable:      72944 kB
SUnreclaim:       149784 kB
KernelStack:       49920 kB
PageTables:        68936 kB
NFS_Unstable:          0 kB
Bounce:                0 kB
WritebackTmp:          0 kB
CommitLimit:     9202288 kB
Committed_AS:   76653200 kB
VmallocTotal:   263061440 kB
VmallocUsed:      106968 kB
VmallocChunk:          0 kB
Percpu:             7584 kB
CmaTotal:         294912 kB
CmaFree:               0 kB
MemTotal:       12113132 kB
MemFree:         6534632 kB
MemAvailable:    7945464 kB
Buffers:            4692 kB
Cached:          1644388 kB
SwapCached:            0 kB
Active:          1448388 kB
Inactive:        1467216 kB
Active(anon):    1272964 kB
Inactive(anon):    22756 kB
Active(file):     175424 kB
Inactive(file):  1444460 kB
Unevictable:        5444 kB
Mlocked:            5444 kB
SwapTotal:       3145724 kB
SwapFree:        3145724 kB
Dirty:               528 kB
Writeback:             0 kB
AnonPages:       1271960 kB
Mapped:           866504 kB
Shmem:             24800 kB
KReclaimable:     659652 kB
Slab:             222724 kB
SReclaimable:      72944 kB
SUnreclaim:       149780 kB
KernelStack:       49920 kB
PageTables:        68812 kB
NFS_Unstable:          0 kB
Bounce:                0 kB
WritebackTmp:          0 kB
CommitLimit:     9202288 kB
Committed_AS:   76656360 kB
VmallocTotal:   263061440 kB
VmallocUsed:      106952 kB
VmallocChunk:          0 kB
Percpu:             7584 kB
CmaTotal:         294912 kB
CmaFree:               0 kB
MemTotal:       12113132 kB
MemFree:         6535480 kB
MemAvailable:    7946320 kB
Buffers:            4692 kB
Cached:          1644396 kB
SwapCached:            0 kB
Active:          1447728 kB
Inactive:        1467224 kB
Active(anon):    1272304 kB
Inactive(anon):    22756 kB
Active(file):     175424 kB
Inactive(file):  1444468 kB
Unevictable:        5444 kB
Mlocked:            5444 kB
SwapTotal:       3145724 kB
SwapFree:        3145724 kB
Dirty:               536 kB
Writeback:             0 kB
AnonPages:       1271360 kB
Mapped:           866504 kB
Shmem:             24800 kB
KReclaimable:     659652 kB
Slab:             222724 kB
SReclaimable:      72944 kB
SUnreclaim:       149780 kB
KernelStack:       49936 kB
PageTables:        68944 kB
NFS_Unstable:          0 kB
Bounce:                0 kB
WritebackTmp:          0 kB
CommitLimit:     9202288 kB
Committed_AS:   76655324 kB
VmallocTotal:   263061440 kB
VmallocUsed:      106952 kB
VmallocChunk:          0 kB
Percpu:             7584 kB
CmaTotal:         294912 kB
CmaFree:               0 kB
MemTotal:       12113132 kB
MemFree:         6534768 kB
MemAvailable:    7945620 kB
Buffers:            4692 kB
Cached:          1644408 kB
SwapCached:            0 kB
Active:          1448016 kB
Inactive:        1467236 kB
Active(anon):    1272592 kB
Inactive(anon):    22756 kB
Active(file):     175424 kB
Inactive(file):  1444480 kB
Unevictable:        5444 kB
Mlocked:            5444 kB
SwapTotal:       3145724 kB
SwapFree:        3145724 kB
Dirty:               560 kB
Writeback:             0 kB
AnonPages:       1271616 kB
Mapped:           866504 kB
Shmem:             24800 kB
KReclaimable:     659652 kB
Slab:             222724 kB
SReclaimable:      72944 kB
SUnreclaim:       149780 kB
KernelStack:       49920 kB
PageTables:        68812 kB
NFS_Unstable:          0 kB
Bounce:                0 kB
WritebackTmp:          0 kB
CommitLimit:     9202288 kB
Committed_AS:   76659768 kB
VmallocTotal:   263061440 kB
VmallocUsed:      106984 kB
VmallocChunk:          0 kB
Percpu:             7584 kB
CmaTotal:         294912 kB
CmaFree:               0 kB
MemTotal:       12113132 kB
MemFree:         6534152 kB
MemAvailable:    7945016 kB
Buffers:            4692 kB
Cached:          1644416 kB
SwapCached:            0 kB
Active:          1448488 kB
Inactive:        1467244 kB
Active(anon):    1273064 kB
Inactive(anon):    22756 kB
Active(file):     175424 kB
Inactive(file):  1444488 kB
Unevictable:        5444 kB
Mlocked:            5444 kB
SwapTotal:       3145724 kB
SwapFree:        3145724 kB
Dirty:               572 kB
Writeback:             0 kB
AnonPages:       1272096 kB
Mapped:           866504 kB
Shmem:             24800 kB
KReclaimable:     659656 kB
Slab:             222740 kB
SReclaimable:      72948 kB
SUnreclaim:       149792 kB
KernelStack:       49920 kB
PageTables:        68780 kB
NFS_Unstable:          0 kB
Bounce:                0 kB
WritebackTmp:          0 kB
CommitLimit:     9202288 kB
Committed_AS:   76646704 kB
VmallocTotal:   263061440 kB
VmallocUsed:      106968 kB
VmallocChunk:          0 kB
Percpu:             7584 kB
CmaTotal:         294912 kB
CmaFree:               0 kB
MemTotal:       12113132 kB
MemFree:         6533144 kB
MemAvailable:    7944048 kB
Buffers:            4696 kB
Cached:          1644448 kB
SwapCached:            0 kB
Active:          1449340 kB
Inactive:        1467276 kB
Active(anon):    1273912 kB
Inactive(anon):    22756 kB
Active(file):     175428 kB
Inactive(file):  1444520 kB
Unevictable:        5444 kB
Mlocked:            5444 kB
SwapTotal:       3145724 kB
SwapFree:        3145724 kB
Dirty:               556 kB
Writeback:             0 kB
AnonPages:       1272916 kB
Mapped:           866504 kB
Shmem:             24800 kB
KReclaimable:     659660 kB
Slab:             222744 kB
SReclaimable:      72952 kB
SUnreclaim:       149792 kB
KernelStack:       49920 kB
PageTables:        68816 kB
NFS_Unstable:          0 kB
Bounce:                0 kB
WritebackTmp:          0 kB
CommitLimit:     9202288 kB
Committed_AS:   76656384 kB
VmallocTotal:   263061440 kB
VmallocUsed:      106968 kB
VmallocChunk:          0 kB
Percpu:             7584 kB
CmaTotal:         294912 kB
CmaFree:               0 kB
MemTotal:       12113132 kB
MemFree:         6532120 kB
MemAvailable:    7943032 kB
Buffers:            4696 kB
Cached:          1644456 kB
SwapCached:            0 kB
Active:          1450256 kB
Inactive:        1467264 kB
Active(anon):    1274808 kB
Inactive(anon):    22756 kB
Active(file):     175448 kB
Inactive(file):  1444508 kB
Unevictable:        5444 kB
Mlocked:            5444 kB
SwapTotal:       3145724 kB
SwapFree:        3145724 kB
Dirty:               280 kB
Writeback:             0 kB
AnonPages:       1273832 kB
Mapped:           866504 kB
Shmem:             24800 kB
KReclaimable:     659660 kB
Slab:             222748 kB
SReclaimable:      72952 kB
SUnreclaim:       149796 kB
KernelStack:       49968 kB
PageTables:        68884 kB
NFS_Unstable:          0 kB
Bounce:                0 kB
WritebackTmp:          0 kB
CommitLimit:     9202288 kB
Committed_AS:   76656244 kB
VmallocTotal:   263061440 kB
VmallocUsed:      106952 kB
VmallocChunk:          0 kB
Percpu:             7584 kB
CmaTotal:         294912 kB
CmaFree:               0 kB
MemTotal:       12113132 kB
MemFree:         6530520 kB
MemAvailable:    7941440 kB
Buffers:            4696 kB
Cached:          1644476 kB
SwapCached:            0 kB
Active:          1451536 kB
Inactive:        1467284 kB
Active(anon):    1276088 kB
Inactive(anon):    22768 kB
Active(file):     175448 kB
Inactive(file):  1444516 kB
Unevictable:        5444 kB
Mlocked:            5444 kB
SwapTotal:       3145724 kB
SwapFree:        3145724 kB
Dirty:               336 kB
Writeback:             0 kB
AnonPages:       1275124 kB
Mapped:           866516 kB
Shmem:             24812 kB
KReclaimable:     659660 kB
Slab:             222752 kB
SReclaimable:      72952 kB
SUnreclaim:       149800 kB
KernelStack:       49920 kB
PageTables:        68816 kB
NFS_Unstable:          0 kB
Bounce:                0 kB
WritebackTmp:          0 kB
CommitLimit:     9202288 kB
Committed_AS:   76659084 kB
VmallocTotal:   263061440 kB
VmallocUsed:      106968 kB
VmallocChunk:          0 kB
Percpu:             7584 kB
CmaTotal:         294912 kB
CmaFree:               0 kB
MemTotal:       12113132 kB
MemFree:         6530268 kB
MemAvailable:    7941208 kB
Buffers:            4696 kB
Cached:          1644496 kB
SwapCached:            0 kB
Active:          1452240 kB
Inactive:        1467304 kB
Active(anon):    1276792 kB
Inactive(anon):    22768 kB
Active(file):     175448 kB
Inactive(file):  1444536 kB
Unevictable:        5444 kB
Mlocked:            5444 kB
SwapTotal:       3145724 kB
SwapFree:        3145724 kB
Dirty:               356 kB
Writeback:             0 kB
AnonPages:       1275872 kB
Mapped:           866516 kB
Shmem:             24812 kB
KReclaimable:     659660 kB
Slab:             222752 kB
SReclaimable:      72952 kB
SUnreclaim:       149800 kB
KernelStack:       49920 kB
PageTables:        68816 kB
NFS_Unstable:          0 kB
Bounce:                0 kB
WritebackTmp:          0 kB
CommitLimit:     9202288 kB
Committed_AS:   76658944 kB
VmallocTotal:   263061440 kB
VmallocUsed:      106952 kB
