MemTotal:       12113140 kB
MemFree:         1332220 kB
MemAvailable:    8364772 kB
Buffers:            6928 kB
Cached:          6767484 kB
SwapCached:            0 kB
Active:          3984052 kB
Inactive:        4205476 kB
Active(anon):    1177440 kB
Inactive(anon):   272804 kB
Active(file):    2806612 kB
Inactive(file):  3932672 kB
Unevictable:        5576 kB
Mlocked:            5576 kB
SwapTotal:       3145724 kB
SwapFree:        3143276 kB
Dirty:               472 kB
Writeback:             0 kB
AnonPages:       1420852 kB
Mapped:           643608 kB
Shmem:             30592 kB
KReclaimable:    1161972 kB
Slab:             227028 kB
SReclaimable:      84164 kB
SUnreclaim:       142864 kB
KernelStack:       50032 kB
PageTables:        63812 kB
NFS_Unstable:          0 kB
Bounce:                0 kB
WritebackTmp:          0 kB
CommitLimit:     9202292 kB
Committed_AS:   69934836 kB
VmallocTotal:   263061440 kB
VmallocUsed:      106980 kB
VmallocChunk:          0 kB
Percpu:             7616 kB
CmaTotal:         294912 kB
CmaFree:               0 kB
MemTotal:       12113140 kB
MemFree:         1269448 kB
MemAvailable:    8203612 kB
Buffers:            6928 kB
Cached:          6756984 kB
SwapCached:            0 kB
Active:          3933292 kB
Inactive:        4196116 kB
Active(anon):    1127628 kB
Inactive(anon):   272832 kB
Active(file):    2805664 kB
Inactive(file):  3923284 kB
Unevictable:        5576 kB
Mlocked:            5576 kB
SwapTotal:       3145724 kB
SwapFree:        3143276 kB
Dirty:               760 kB
Writeback:             0 kB
AnonPages:       1370984 kB
Mapped:           660060 kB
Shmem:             30428 kB
KReclaimable:    1073920 kB
Slab:             227500 kB
SReclaimable:      84244 kB
SUnreclaim:       143256 kB
KernelStack:       50608 kB
PageTables:        64708 kB
NFS_Unstable:          0 kB
Bounce:                0 kB
WritebackTmp:          0 kB
CommitLimit:     9202292 kB
Committed_AS:   69977092 kB
VmallocTotal:   263061440 kB
VmallocUsed:      107604 kB
VmallocChunk:          0 kB
Percpu:             7616 kB
CmaTotal:         294912 kB
CmaFree:               0 kB
MemTotal:       12113140 kB
MemFree:         1267108 kB
MemAvailable:    8201608 kB
Buffers:            6928 kB
Cached:          6757192 kB
SwapCached:            0 kB
Active:          3934612 kB
Inactive:        4195956 kB
Active(anon):    1128968 kB
Inactive(anon):   272708 kB
Active(file):    2805644 kB
Inactive(file):  3923248 kB
Unevictable:        5576 kB
Mlocked:            5576 kB
SwapTotal:       3145724 kB
SwapFree:        3143276 kB
Dirty:               520 kB
Writeback:             0 kB
AnonPages:       1372796 kB
Mapped:           664520 kB
Shmem:             30304 kB
KReclaimable:    1074312 kB
Slab:             227692 kB
SReclaimable:      84268 kB
SUnreclaim:       143424 kB
KernelStack:       50880 kB
PageTables:        65412 kB
NFS_Unstable:          0 kB
Bounce:                0 kB
WritebackTmp:          0 kB
CommitLimit:     9202292 kB
Committed_AS:   69972572 kB
VmallocTotal:   263061440 kB
VmallocUsed:      107844 kB
VmallocChunk:          0 kB
Percpu:             7616 kB
CmaTotal:         294912 kB
CmaFree:             124 kB
MemTotal:       12113140 kB
MemFree:         1266888 kB
MemAvailable:    8251952 kB
Buffers:            6928 kB
Cached:          6757360 kB
SwapCached:            0 kB
Active:          3934656 kB
Inactive:        4196468 kB
Active(anon):    1128968 kB
Inactive(anon):   272900 kB
Active(file):    2805688 kB
Inactive(file):  3923568 kB
Unevictable:        5576 kB
Mlocked:            5576 kB
SwapTotal:       3145724 kB
SwapFree:        3143276 kB
Dirty:               928 kB
Writeback:             0 kB
AnonPages:       1372648 kB
Mapped:           664360 kB
Shmem:             30496 kB
KReclaimable:    1124512 kB
Slab:             227676 kB
SReclaimable:      84268 kB
SUnreclaim:       143408 kB
KernelStack:       50900 kB
PageTables:        65116 kB
NFS_Unstable:          0 kB
Bounce:                0 kB
WritebackTmp:          0 kB
CommitLimit:     9202292 kB
Committed_AS:   69975184 kB
VmallocTotal:   263061440 kB
VmallocUsed:      107892 kB
VmallocChunk:          0 kB
Percpu:             7616 kB
CmaTotal:         294912 kB
CmaFree:               0 kB
MemTotal:       12113140 kB
MemFree:         1266688 kB
MemAvailable:    8251884 kB
Buffers:            6928 kB
Cached:          6757492 kB
SwapCached:            0 kB
Active:          3934448 kB
Inactive:        4196600 kB
Active(anon):    1128760 kB
Inactive(anon):   272900 kB
Active(file):    2805688 kB
Inactive(file):  3923700 kB
Unevictable:        5576 kB
Mlocked:            5576 kB
SwapTotal:       3145724 kB
SwapFree:        3143276 kB
Dirty:              1064 kB
Writeback:             0 kB
AnonPages:       1372380 kB
Mapped:           664464 kB
Shmem:             30496 kB
KReclaimable:    1124512 kB
Slab:             227728 kB
SReclaimable:      84268 kB
SUnreclaim:       143460 kB
KernelStack:       50896 kB
PageTables:        64896 kB
NFS_Unstable:          0 kB
Bounce:                0 kB
WritebackTmp:          0 kB
CommitLimit:     9202292 kB
Committed_AS:   69976572 kB
VmallocTotal:   263061440 kB
VmallocUsed:      107892 kB
VmallocChunk:          0 kB
Percpu:             7616 kB
CmaTotal:         294912 kB
CmaFree:               0 kB
MemTotal:       12113140 kB
MemFree:         1264968 kB
MemAvailable:    8250308 kB
Buffers:            6928 kB
Cached:          6757620 kB
SwapCached:            0 kB
Active:          3935688 kB
Inactive:        4196728 kB
Active(anon):    1130000 kB
Inactive(anon):   272900 kB
Active(file):    2805688 kB
Inactive(file):  3923828 kB
Unevictable:        5576 kB
Mlocked:            5576 kB
SwapTotal:       3145724 kB
SwapFree:        3143276 kB
Dirty:              1192 kB
Writeback:             0 kB
AnonPages:       1373696 kB
Mapped:           664464 kB
Shmem:             30496 kB
KReclaimable:    1124528 kB
Slab:             227724 kB
SReclaimable:      84284 kB
SUnreclaim:       143440 kB
KernelStack:       50868 kB
PageTables:        65108 kB
NFS_Unstable:          0 kB
Bounce:                0 kB
WritebackTmp:          0 kB
CommitLimit:     9202292 kB
Committed_AS:   69975788 kB
VmallocTotal:   263061440 kB
VmallocUsed:      107844 kB
VmallocChunk:          0 kB
Percpu:             7616 kB
CmaTotal:         294912 kB
CmaFree:               0 kB
MemTotal:       12113140 kB
MemFree:         1263512 kB
MemAvailable:    8248988 kB
Buffers:            6928 kB
Cached:          6757760 kB
SwapCached:            0 kB
Active:          3937956 kB
Inactive:        4196864 kB
Active(anon):    1132264 kB
Inactive(anon):   272904 kB
Active(file):    2805692 kB
Inactive(file):  3923960 kB
Unevictable:        5576 kB
Mlocked:            5576 kB
SwapTotal:       3145724 kB
SwapFree:        3143276 kB
Dirty:              1536 kB
Writeback:             0 kB
AnonPages:       1375808 kB
Mapped:           664480 kB
Shmem:             30500 kB
KReclaimable:    1124528 kB
Slab:             227752 kB
SReclaimable:      84284 kB
SUnreclaim:       143468 kB
KernelStack:       50848 kB
PageTables:        65000 kB
NFS_Unstable:          0 kB
Bounce:                0 kB
WritebackTmp:          0 kB
CommitLimit:     9202292 kB
Committed_AS:   69969336 kB
VmallocTotal:   263061440 kB
VmallocUsed:      107780 kB
VmallocChunk:          0 kB
Percpu:             7616 kB
CmaTotal:         294912 kB
CmaFree:               0 kB
MemTotal:       12113140 kB
MemFree:         1220348 kB
MemAvailable:    8205936 kB
Buffers:            6928 kB
Cached:          6757888 kB
SwapCached:            0 kB
Active:          3983348 kB
Inactive:        4196992 kB
Active(anon):    1177656 kB
Inactive(anon):   272904 kB
Active(file):    2805692 kB
Inactive(file):  3924088 kB
Unevictable:        5576 kB
Mlocked:            5576 kB
SwapTotal:       3145724 kB
SwapFree:        3143276 kB
Dirty:              1664 kB
Writeback:             0 kB
AnonPages:       1420992 kB
Mapped:           664836 kB
Shmem:             30500 kB
KReclaimable:    1124512 kB
Slab:             227720 kB
SReclaimable:      84268 kB
SUnreclaim:       143452 kB
KernelStack:       50852 kB
PageTables:        64908 kB
NFS_Unstable:          0 kB
Bounce:                0 kB
WritebackTmp:          0 kB
CommitLimit:     9202292 kB
Committed_AS:   70021984 kB
VmallocTotal:   263061440 kB
VmallocUsed:      107844 kB
VmallocChunk:          0 kB
Percpu:             7616 kB
CmaTotal:         294912 kB
CmaFree:               0 kB
MemTotal:       12113140 kB
MemFree:         1047452 kB
MemAvailable:    7914224 kB
Buffers:            6928 kB
Cached:          6758020 kB
SwapCached:            0 kB
Active:          4154964 kB
Inactive:        4197124 kB
Active(anon):    1349272 kB
Inactive(anon):   272908 kB
Active(file):    2805692 kB
Inactive(file):  3924216 kB
Unevictable:        5576 kB
Mlocked:            5576 kB
SwapTotal:       3145724 kB
SwapFree:        3143276 kB
Dirty:              1812 kB
Writeback:             0 kB
AnonPages:       1592352 kB
Mapped:           718344 kB
Shmem:             30504 kB
KReclaimable:    1005568 kB
Slab:             228252 kB
SReclaimable:      84268 kB
SUnreclaim:       143984 kB
KernelStack:       50832 kB
PageTables:        65428 kB
NFS_Unstable:          0 kB
Bounce:                0 kB
WritebackTmp:          0 kB
CommitLimit:     9202292 kB
Committed_AS:   70275920 kB
VmallocTotal:   263061440 kB
VmallocUsed:      107812 kB
VmallocChunk:          0 kB
Percpu:             7616 kB
CmaTotal:         294912 kB
CmaFree:               0 kB
MemTotal:       12113140 kB
MemFree:         1084148 kB
MemAvailable:    7818872 kB
Buffers:            6928 kB
Cached:          6758020 kB
SwapCached:            0 kB
Active:          4115040 kB
Inactive:        4197124 kB
Active(anon):    1309348 kB
Inactive(anon):   272908 kB
Active(file):    2805692 kB
Inactive(file):  3924216 kB
Unevictable:        5576 kB
Mlocked:            5576 kB
SwapTotal:       3145724 kB
SwapFree:        3143276 kB
Dirty:              1860 kB
Writeback:             0 kB
AnonPages:       1553020 kB
Mapped:           830520 kB
Shmem:             30504 kB
KReclaimable:     873520 kB
Slab:             228184 kB
SReclaimable:      84252 kB
SUnreclaim:       143932 kB
KernelStack:       50736 kB
PageTables:        66252 kB
NFS_Unstable:          0 kB
Bounce:                0 kB
WritebackTmp:          0 kB
CommitLimit:     9202292 kB
Committed_AS:   70443464 kB
VmallocTotal:   263061440 kB
VmallocUsed:      107780 kB
VmallocChunk:          0 kB
Percpu:             7616 kB
CmaTotal:         294912 kB
CmaFree:               0 kB
MemTotal:       12113140 kB
MemFree:          910000 kB
MemAvailable:    7623276 kB
Buffers:            6928 kB
Cached:          6758092 kB
SwapCached:            0 kB
Active:          4290200 kB
Inactive:        4195240 kB
Active(anon):    1482552 kB
Inactive(anon):   272972 kB
Active(file):    2807648 kB
Inactive(file):  3922268 kB
Unevictable:        5576 kB
Mlocked:            5576 kB
SwapTotal:       3145724 kB
SwapFree:        3143276 kB
Dirty:              1884 kB
Writeback:             0 kB
AnonPages:       1726200 kB
Mapped:           844072 kB
Shmem:             30568 kB
KReclaimable:     852064 kB
Slab:             228396 kB
SReclaimable:      84268 kB
SUnreclaim:       144128 kB
KernelStack:       50832 kB
PageTables:        66136 kB
NFS_Unstable:          0 kB
Bounce:                0 kB
WritebackTmp:          0 kB
CommitLimit:     9202292 kB
Committed_AS:   70682676 kB
VmallocTotal:   263061440 kB
VmallocUsed:      107812 kB
VmallocChunk:          0 kB
Percpu:             7616 kB
CmaTotal:         294912 kB
CmaFree:               0 kB
MemTotal:       12113140 kB
MemFree:          784940 kB
MemAvailable:    7498200 kB
Buffers:            6928 kB
Cached:          6758092 kB
SwapCached:            0 kB
Active:          4415380 kB
Inactive:        4195240 kB
Active(anon):    1607732 kB
Inactive(anon):   272972 kB
Active(file):    2807648 kB
Inactive(file):  3922268 kB
Unevictable:        5576 kB
Mlocked:            5576 kB
SwapTotal:       3145724 kB
SwapFree:        3143276 kB
Dirty:              1888 kB
Writeback:             0 kB
AnonPages:       1850992 kB
Mapped:           844056 kB
Shmem:             30568 kB
KReclaimable:     852048 kB
Slab:             228372 kB
SReclaimable:      84252 kB
SUnreclaim:       144120 kB
KernelStack:       50816 kB
PageTables:        66452 kB
NFS_Unstable:          0 kB
Bounce:                0 kB
WritebackTmp:          0 kB
CommitLimit:     9202292 kB
Committed_AS:   71153920 kB
VmallocTotal:   263061440 kB
VmallocUsed:      107828 kB
VmallocChunk:          0 kB
Percpu:             7616 kB
CmaTotal:         294912 kB
CmaFree:               0 kB
MemTotal:       12113140 kB
MemFree:          466388 kB
MemAvailable:    7179652 kB
Buffers:            6928 kB
Cached:          6758096 kB
SwapCached:            0 kB
Active:          4732084 kB
Inactive:        4195244 kB
Active(anon):    1924436 kB
Inactive(anon):   272972 kB
Active(file):    2807648 kB
Inactive(file):  3922272 kB
Unevictable:        5576 kB
Mlocked:            5576 kB
SwapTotal:       3145724 kB
SwapFree:        3143276 kB
Dirty:              1952 kB
Writeback:             0 kB
AnonPages:       2168240 kB
Mapped:           844056 kB
Shmem:             30568 kB
KReclaimable:     852048 kB
Slab:             228388 kB
SReclaimable:      84252 kB
SUnreclaim:       144136 kB
KernelStack:       50848 kB
PageTables:        67052 kB
NFS_Unstable:          0 kB
Bounce:                0 kB
WritebackTmp:          0 kB
CommitLimit:     9202292 kB
Committed_AS:   71151620 kB
VmallocTotal:   263061440 kB
VmallocUsed:      107812 kB
VmallocChunk:          0 kB
Percpu:             7616 kB
CmaTotal:         294912 kB
CmaFree:               0 kB
MemTotal:       12113140 kB
MemFree:          850652 kB
MemAvailable:    7095984 kB
Buffers:            6928 kB
Cached:          6536388 kB
SwapCached:            0 kB
Active:          4651416 kB
Inactive:        4139524 kB
Active(anon):    1996560 kB
Inactive(anon):   286168 kB
Active(file):    2654856 kB
Inactive(file):  3853356 kB
Unevictable:        5576 kB
Mlocked:            5576 kB
SwapTotal:       3145724 kB
SwapFree:        3143276 kB
Dirty:              1952 kB
Writeback:             0 kB
AnonPages:       2253296 kB
Mapped:           843928 kB
Shmem:             30568 kB
KReclaimable:     605824 kB
Slab:             225116 kB
SReclaimable:      80980 kB
SUnreclaim:       144136 kB
KernelStack:       50752 kB
PageTables:        68032 kB
NFS_Unstable:          0 kB
Bounce:                0 kB
WritebackTmp:          0 kB
CommitLimit:     9202292 kB
Committed_AS:   71572280 kB
VmallocTotal:   263061440 kB
VmallocUsed:      107764 kB
VmallocChunk:          0 kB
Percpu:             7616 kB
CmaTotal:         294912 kB
CmaFree:               0 kB
MemTotal:       12113140 kB
MemFree:          850164 kB
MemAvailable:    7095500 kB
Buffers:            6932 kB
Cached:          6536400 kB
SwapCached:            0 kB
Active:          4652456 kB
Inactive:        4139520 kB
Active(anon):    1997580 kB
Inactive(anon):   286176 kB
Active(file):    2654876 kB
Inactive(file):  3853344 kB
Unevictable:        5576 kB
Mlocked:            5576 kB
SwapTotal:       3145724 kB
SwapFree:        3143276 kB
Dirty:              1988 kB
Writeback:             0 kB
AnonPages:       2254500 kB
Mapped:           843972 kB
Shmem:             30576 kB
KReclaimable:     605820 kB
Slab:             225120 kB
SReclaimable:      80976 kB
SUnreclaim:       144144 kB
KernelStack:       50768 kB
PageTables:        68032 kB
NFS_Unstable:          0 kB
Bounce:                0 kB
WritebackTmp:          0 kB
CommitLimit:     9202292 kB
Committed_AS:   71572236 kB
VmallocTotal:   263061440 kB
VmallocUsed:      107764 kB
VmallocChunk:          0 kB
Percpu:             7616 kB
CmaTotal:         294912 kB
CmaFree:               0 kB
MemTotal:       12113140 kB
MemFree:          832556 kB
MemAvailable:    7077892 kB
Buffers:            6932 kB
Cached:          6536400 kB
SwapCached:            0 kB
Active:          4670300 kB
Inactive:        4139520 kB
Active(anon):    2015424 kB
Inactive(anon):   286176 kB
Active(file):    2654876 kB
Inactive(file):  3853344 kB
Unevictable:        5576 kB
Mlocked:            5576 kB
SwapTotal:       3145724 kB
SwapFree:        3143276 kB
Dirty:              2000 kB
Writeback:             0 kB
AnonPages:       2271824 kB
Mapped:           843972 kB
Shmem:             30576 kB
KReclaimable:     605820 kB
Slab:             225108 kB
SReclaimable:      80976 kB
SUnreclaim:       144132 kB
KernelStack:       50736 kB
PageTables:        68064 kB
NFS_Unstable:          0 kB
Bounce:                0 kB
WritebackTmp:          0 kB
CommitLimit:     9202292 kB
Committed_AS:   71589004 kB
VmallocTotal:   263061440 kB
VmallocUsed:      107732 kB
VmallocChunk:          0 kB
Percpu:             7616 kB
CmaTotal:         294912 kB
CmaFree:               0 kB
MemTotal:       12113140 kB
MemFree:          832668 kB
MemAvailable:    7078004 kB
Buffers:            6932 kB
Cached:          6536404 kB
SwapCached:            0 kB
Active:          4670104 kB
Inactive:        4139524 kB
Active(anon):    2015228 kB
Inactive(anon):   286180 kB
Active(file):    2654876 kB
Inactive(file):  3853344 kB
Unevictable:        5576 kB
Mlocked:            5576 kB
SwapTotal:       3145724 kB
SwapFree:        3143276 kB
Dirty:              2004 kB
Writeback:             0 kB
AnonPages:       2272036 kB
Mapped:           843976 kB
Shmem:             30580 kB
KReclaimable:     605820 kB
Slab:             225116 kB
SReclaimable:      80976 kB
SUnreclaim:       144140 kB
KernelStack:       50672 kB
PageTables:        68064 kB
NFS_Unstable:          0 kB
Bounce:                0 kB
WritebackTmp:          0 kB
CommitLimit:     9202292 kB
Committed_AS:   71589220 kB
VmallocTotal:   263061440 kB
VmallocUsed:      107684 kB
VmallocChunk:          0 kB
Percpu:             7616 kB
CmaTotal:         294912 kB
CmaFree:               0 kB
MemTotal:       12113140 kB
MemFree:          832484 kB
MemAvailable:    7077820 kB
Buffers:            6932 kB
Cached:          6536408 kB
SwapCached:            0 kB
Active:          4670568 kB
Inactive:        4139528 kB
Active(anon):    2015692 kB
Inactive(anon):   286184 kB
Active(file):    2654876 kB
Inactive(file):  3853344 kB
Unevictable:        5576 kB
Mlocked:            5576 kB
SwapTotal:       3145724 kB
SwapFree:        3143276 kB
Dirty:              2004 kB
Writeback:             0 kB
AnonPages:       2272220 kB
Mapped:           843980 kB
Shmem:             30584 kB
KReclaimable:     605820 kB
Slab:             225116 kB
SReclaimable:      80976 kB
SUnreclaim:       144140 kB
KernelStack:       50656 kB
PageTables:        68064 kB
NFS_Unstable:          0 kB
Bounce:                0 kB
WritebackTmp:          0 kB
CommitLimit:     9202292 kB
Committed_AS:   71588500 kB
VmallocTotal:   263061440 kB
VmallocUsed:      107652 kB
VmallocChunk:          0 kB
Percpu:             7616 kB
CmaTotal:         294912 kB
CmaFree:               0 kB
MemTotal:       12113140 kB
MemFree:          815348 kB
MemAvailable:    7060684 kB
Buffers:            6932 kB
Cached:          6536408 kB
SwapCached:            0 kB
Active:          4687540 kB
Inactive:        4139528 kB
Active(anon):    2032664 kB
Inactive(anon):   286184 kB
Active(file):    2654876 kB
Inactive(file):  3853344 kB
Unevictable:        5576 kB
Mlocked:            5576 kB
SwapTotal:       3145724 kB
SwapFree:        3143276 kB
Dirty:              2016 kB
Writeback:             0 kB
AnonPages:       2289464 kB
Mapped:           843980 kB
Shmem:             30584 kB
KReclaimable:     605820 kB
Slab:             225116 kB
SReclaimable:      80976 kB
SUnreclaim:       144140 kB
KernelStack:       50672 kB
PageTables:        68096 kB
NFS_Unstable:          0 kB
Bounce:                0 kB
WritebackTmp:          0 kB
CommitLimit:     9202292 kB
Committed_AS:   71604088 kB
VmallocTotal:   263061440 kB
VmallocUsed:      107668 kB
VmallocChunk:          0 kB
Percpu:             7616 kB
CmaTotal:         294912 kB
CmaFree:               0 kB
MemTotal:       12113140 kB
MemFree:          814852 kB
MemAvailable:    7060188 kB
Buffers:            6932 kB
Cached:          6536408 kB
SwapCached:            0 kB
Active:          4687780 kB
Inactive:        4139528 kB
Active(anon):    2032904 kB
Inactive(anon):   286184 kB
Active(file):    2654876 kB
Inactive(file):  3853344 kB
Unevictable:        5576 kB
Mlocked:            5576 kB
SwapTotal:       3145724 kB
SwapFree:        3143276 kB
Dirty:              2016 kB
Writeback:             0 kB
AnonPages:       2289584 kB
Mapped:           843980 kB
Shmem:             30584 kB
KReclaimable:     605820 kB
Slab:             225108 kB
SReclaimable:      80976 kB
SUnreclaim:       144132 kB
KernelStack:       50688 kB
PageTables:        68096 kB
NFS_Unstable:          0 kB
Bounce:                0 kB
WritebackTmp:          0 kB
CommitLimit:     9202292 kB
Committed_AS:   71604728 kB
VmallocTotal:   263061440 kB
VmallocUsed:      107668 kB
VmallocChunk:          0 kB
Percpu:             7616 kB
CmaTotal:         294912 kB
CmaFree:               0 kB
MemTotal:       12113140 kB
MemFree:          815256 kB
MemAvailable:    7060592 kB
Buffers:            6932 kB
Cached:          6536408 kB
SwapCached:            0 kB
Active:          4687812 kB
Inactive:        4139524 kB
Active(anon):    2032932 kB
Inactive(anon):   286184 kB
Active(file):    2654880 kB
Inactive(file):  3853340 kB
Unevictable:        5576 kB
Mlocked:            5576 kB
SwapTotal:       3145724 kB
SwapFree:        3143276 kB
Dirty:              2016 kB
Writeback:             0 kB
AnonPages:       2289532 kB
Mapped:           843992 kB
Shmem:             30584 kB
KReclaimable:     605820 kB
Slab:             225124 kB
SReclaimable:      80976 kB
SUnreclaim:       144148 kB
KernelStack:       50688 kB
PageTables:        68116 kB
NFS_Unstable:          0 kB
Bounce:                0 kB
WritebackTmp:          0 kB
CommitLimit:     9202292 kB
Committed_AS:   71602728 kB
VmallocTotal:   263061440 kB
VmallocUsed:      107700 kB
VmallocChunk:          0 kB
Percpu:             7616 kB
CmaTotal:         294912 kB
CmaFree:               0 kB
MemTotal:       12113140 kB
MemFree:          809592 kB
MemAvailable:    7054928 kB
Buffers:            6932 kB
Cached:          6536408 kB
SwapCached:            0 kB
Active:          4691320 kB
Inactive:        4139524 kB
Active(anon):    2036440 kB
Inactive(anon):   286184 kB
Active(file):    2654880 kB
Inactive(file):  3853340 kB
Unevictable:        5576 kB
Mlocked:            5576 kB
SwapTotal:       3145724 kB
SwapFree:        3143276 kB
Dirty:              2040 kB
Writeback:             0 kB
AnonPages:       2293168 kB
Mapped:           843980 kB
Shmem:             30584 kB
KReclaimable:     605820 kB
Slab:             225132 kB
SReclaimable:      80976 kB
SUnreclaim:       144156 kB
KernelStack:       50656 kB
PageTables:        68096 kB
NFS_Unstable:          0 kB
Bounce:                0 kB
WritebackTmp:          0 kB
CommitLimit:     9202292 kB
Committed_AS:   71605300 kB
VmallocTotal:   263061440 kB
VmallocUsed:      107668 kB
VmallocChunk:          0 kB
Percpu:             7616 kB
CmaTotal:         294912 kB
CmaFree:               0 kB
MemTotal:       12113140 kB
MemFree:          808516 kB
MemAvailable:    7053884 kB
Buffers:            6932 kB
Cached:          6536440 kB
SwapCached:            0 kB
Active:          4692012 kB
Inactive:        4139464 kB
Active(anon):    2037040 kB
Inactive(anon):   286184 kB
Active(file):    2654972 kB
Inactive(file):  3853280 kB
Unevictable:        5576 kB
Mlocked:            5576 kB
SwapTotal:       3145724 kB
SwapFree:        3143276 kB
Dirty:              2040 kB
Writeback:             0 kB
AnonPages:       2293884 kB
Mapped:           843980 kB
Shmem:             30584 kB
KReclaimable:     605820 kB
Slab:             225132 kB
SReclaimable:      80976 kB
SUnreclaim:       144156 kB
KernelStack:       50688 kB
PageTables:        68116 kB
NFS_Unstable:          0 kB
Bounce:                0 kB
WritebackTmp:          0 kB
CommitLimit:     9202292 kB
Committed_AS:   71606612 kB
VmallocTotal:   263061440 kB
VmallocUsed:      107636 kB
VmallocChunk:          0 kB
Percpu:             7616 kB
CmaTotal:         294912 kB
CmaFree:               0 kB
MemTotal:       12113140 kB
MemFree:          969128 kB
MemAvailable:    7120380 kB
Buffers:            6932 kB
Cached:          6536440 kB
SwapCached:            0 kB
Active:          4534624 kB
Inactive:        4139464 kB
Active(anon):    1879652 kB
Inactive(anon):   286184 kB
Active(file):    2654972 kB
Inactive(file):  3853280 kB
Unevictable:        5576 kB
Mlocked:            5576 kB
SwapTotal:       3145724 kB
SwapFree:        3143276 kB
Dirty:              2040 kB
Writeback:             0 kB
AnonPages:       2136412 kB
Mapped:           851904 kB
Shmem:             30584 kB
KReclaimable:     511704 kB
Slab:             225244 kB
SReclaimable:      80976 kB
SUnreclaim:       144268 kB
KernelStack:       50672 kB
PageTables:        68132 kB
NFS_Unstable:          0 kB
Bounce:                0 kB
WritebackTmp:          0 kB
CommitLimit:     9202292 kB
Committed_AS:   71604572 kB
VmallocTotal:   263061440 kB
VmallocUsed:      107652 kB
VmallocChunk:          0 kB
Percpu:             7616 kB
CmaTotal:         294912 kB
CmaFree:               0 kB
MemTotal:       12113140 kB
MemFree:          962044 kB
MemAvailable:    7071000 kB
Buffers:            6932 kB
Cached:          6536476 kB
SwapCached:            0 kB
Active:          4536156 kB
Inactive:        4139500 kB
Active(anon):    1881184 kB
Inactive(anon):   286220 kB
Active(file):    2654972 kB
Inactive(file):  3853280 kB
Unevictable:        5576 kB
Mlocked:            5576 kB
SwapTotal:       3145724 kB
SwapFree:        3143276 kB
Dirty:              2052 kB
Writeback:             0 kB
AnonPages:       2137748 kB
Mapped:           868764 kB
Shmem:             30620 kB
KReclaimable:     456584 kB
Slab:             225388 kB
SReclaimable:      80976 kB
SUnreclaim:       144412 kB
KernelStack:       50736 kB
PageTables:        68180 kB
NFS_Unstable:          0 kB
Bounce:                0 kB
WritebackTmp:          0 kB
CommitLimit:     9202292 kB
Committed_AS:   71624980 kB
VmallocTotal:   263061440 kB
VmallocUsed:      107748 kB
VmallocChunk:          0 kB
Percpu:             7616 kB
CmaTotal:         294912 kB
CmaFree:               0 kB
MemTotal:       12113140 kB
MemFree:          933604 kB
MemAvailable:    7245088 kB
Buffers:            6932 kB
Cached:          6536616 kB
SwapCached:            0 kB
Active:          4564928 kB
Inactive:        4139604 kB
Active(anon):    1909920 kB
Inactive(anon):   286220 kB
Active(file):    2655008 kB
Inactive(file):  3853384 kB
Unevictable:        5576 kB
Mlocked:            5576 kB
SwapTotal:       3145724 kB
SwapFree:        3143276 kB
Dirty:              2184 kB
Writeback:             0 kB
AnonPages:       2166580 kB
Mapped:           868672 kB
Shmem:             30620 kB
KReclaimable:     671796 kB
Slab:             225392 kB
SReclaimable:      80976 kB
SUnreclaim:       144416 kB
KernelStack:       50912 kB
PageTables:        67928 kB
NFS_Unstable:          0 kB
Bounce:                0 kB
WritebackTmp:          0 kB
CommitLimit:     9202292 kB
Committed_AS:   71621200 kB
VmallocTotal:   263061440 kB
VmallocUsed:      107892 kB
VmallocChunk:          0 kB
Percpu:             7616 kB
CmaTotal:         294912 kB
CmaFree:               0 kB
MemTotal:       12113140 kB
MemFree:          921012 kB
MemAvailable:    7231864 kB
Buffers:            6932 kB
Cached:          6536768 kB
SwapCached:            0 kB
Active:          4578032 kB
Inactive:        4138696 kB
Active(anon):    1921964 kB
Inactive(anon):   286236 kB
Active(file):    2656068 kB
Inactive(file):  3852460 kB
Unevictable:        5576 kB
Mlocked:            5576 kB
SwapTotal:       3145724 kB
SwapFree:        3143276 kB
Dirty:              2312 kB
Writeback:             0 kB
AnonPages:       2178576 kB
Mapped:           869812 kB
Shmem:             30636 kB
KReclaimable:     671028 kB
Slab:             225400 kB
SReclaimable:      80976 kB
SUnreclaim:       144424 kB
KernelStack:       50912 kB
PageTables:        67936 kB
NFS_Unstable:          0 kB
Bounce:                0 kB
WritebackTmp:          0 kB
CommitLimit:     9202292 kB
Committed_AS:   71625628 kB
VmallocTotal:   263061440 kB
VmallocUsed:      107892 kB
VmallocChunk:          0 kB
Percpu:             7616 kB
CmaTotal:         294912 kB
CmaFree:               0 kB
MemTotal:       12113140 kB
MemFree:          920400 kB
MemAvailable:    7231512 kB
Buffers:            6932 kB
Cached:          6537028 kB
SwapCached:            0 kB
Active:          4580492 kB
Inactive:        4138956 kB
Active(anon):    1924424 kB
Inactive(anon):   286236 kB
Active(file):    2656068 kB
Inactive(file):  3852720 kB
Unevictable:        5576 kB
Mlocked:            5576 kB
SwapTotal:       3145724 kB
SwapFree:        3143276 kB
Dirty:              2444 kB
Writeback:             0 kB
AnonPages:       2181188 kB
Mapped:           870332 kB
Shmem:             30636 kB
KReclaimable:     671028 kB
Slab:             225352 kB
SReclaimable:      80976 kB
SUnreclaim:       144376 kB
KernelStack:       50896 kB
PageTables:        67828 kB
NFS_Unstable:          0 kB
Bounce:                0 kB
WritebackTmp:          0 kB
CommitLimit:     9202292 kB
Committed_AS:   71621308 kB
VmallocTotal:   263061440 kB
VmallocUsed:      107924 kB
VmallocChunk:          0 kB
Percpu:             7616 kB
CmaTotal:         294912 kB
CmaFree:               0 kB
MemTotal:       12113140 kB
MemFree:          916588 kB
MemAvailable:    7227840 kB
Buffers:            6932 kB
Cached:          6537168 kB
SwapCached:            0 kB
Active:          4584416 kB
Inactive:        4139080 kB
Active(anon):    1928332 kB
Inactive(anon):   286236 kB
Active(file):    2656084 kB
Inactive(file):  3852844 kB
Unevictable:        5576 kB
Mlocked:            5576 kB
SwapTotal:       3145724 kB
SwapFree:        3143276 kB
Dirty:              2576 kB
Writeback:             0 kB
AnonPages:       2185016 kB
Mapped:           870324 kB
Shmem:             30636 kB
KReclaimable:     671028 kB
Slab:             225376 kB
SReclaimable:      80976 kB
SUnreclaim:       144400 kB
KernelStack:       50896 kB
PageTables:        67888 kB
NFS_Unstable:          0 kB
Bounce:                0 kB
WritebackTmp:          0 kB
CommitLimit:     9202292 kB
Committed_AS:   71620920 kB
VmallocTotal:   263061440 kB
VmallocUsed:      107892 kB
VmallocChunk:          0 kB
Percpu:             7616 kB
CmaTotal:         294912 kB
CmaFree:               0 kB
MemTotal:       12113140 kB
MemFree:          899996 kB
MemAvailable:    7211512 kB
Buffers:            6932 kB
Cached:          6537432 kB
SwapCached:            0 kB
Active:          4599860 kB
Inactive:        4139344 kB
Active(anon):    1943776 kB
Inactive(anon):   286236 kB
Active(file):    2656084 kB
Inactive(file):  3853108 kB
Unevictable:        5576 kB
Mlocked:            5576 kB
SwapTotal:       3145724 kB
SwapFree:        3143276 kB
Dirty:              4192 kB
Writeback:             0 kB
AnonPages:       2200612 kB
Mapped:           870324 kB
Shmem:             30636 kB
KReclaimable:     671028 kB
Slab:             225396 kB
SReclaimable:      80976 kB
SUnreclaim:       144420 kB
KernelStack:       50880 kB
PageTables:        67916 kB
NFS_Unstable:          0 kB
Bounce:                0 kB
WritebackTmp:          0 kB
CommitLimit:     9202292 kB
Committed_AS:   71622892 kB
VmallocTotal:   263061440 kB
VmallocUsed:      107892 kB
VmallocChunk:          0 kB
Percpu:             7616 kB
CmaTotal:         294912 kB
CmaFree:               0 kB
MemTotal:       12113140 kB
MemFree:          895476 kB
MemAvailable:    7207120 kB
Buffers:            6932 kB
Cached:          6537568 kB
SwapCached:            0 kB
Active:          4605180 kB
Inactive:        4139480 kB
Active(anon):    1949096 kB
Inactive(anon):   286244 kB
Active(file):    2656084 kB
Inactive(file):  3853236 kB
Unevictable:        5576 kB
Mlocked:            5576 kB
SwapTotal:       3145724 kB
SwapFree:        3143276 kB
Dirty:              4356 kB
Writeback:             0 kB
AnonPages:       2205664 kB
Mapped:           870332 kB
Shmem:             30644 kB
KReclaimable:     671028 kB
Slab:             225436 kB
SReclaimable:      80976 kB
SUnreclaim:       144460 kB
KernelStack:       50896 kB
PageTables:        68100 kB
NFS_Unstable:          0 kB
Bounce:                0 kB
WritebackTmp:          0 kB
CommitLimit:     9202292 kB
Committed_AS:   71618680 kB
VmallocTotal:   263061440 kB
VmallocUsed:      107908 kB
VmallocChunk:          0 kB
Percpu:             7616 kB
CmaTotal:         294912 kB
CmaFree:               0 kB
MemTotal:       12113140 kB
MemFree:          893884 kB
MemAvailable:    7205660 kB
Buffers:            6932 kB
Cached:          6537700 kB
SwapCached:            0 kB
Active:          4606864 kB
Inactive:        4139612 kB
Active(anon):    1950780 kB
Inactive(anon):   286244 kB
Active(file):    2656084 kB
Inactive(file):  3853368 kB
Unevictable:        5576 kB
Mlocked:            5576 kB
SwapTotal:       3145724 kB
SwapFree:        3143276 kB
Dirty:              4488 kB
Writeback:             0 kB
AnonPages:       2207528 kB
Mapped:           870396 kB
Shmem:             30644 kB
KReclaimable:     671028 kB
Slab:             225392 kB
SReclaimable:      80976 kB
SUnreclaim:       144416 kB
KernelStack:       50896 kB
PageTables:        67920 kB
NFS_Unstable:          0 kB
Bounce:                0 kB
WritebackTmp:          0 kB
CommitLimit:     9202292 kB
Committed_AS:   71620096 kB
VmallocTotal:   263061440 kB
VmallocUsed:      107892 kB
VmallocChunk:          0 kB
Percpu:             7616 kB
CmaTotal:         294912 kB
CmaFree:               0 kB
MemTotal:       12113140 kB
MemFree:          893356 kB
MemAvailable:    7205388 kB
Buffers:            6932 kB
Cached:          6537956 kB
SwapCached:            0 kB
Active:          4608996 kB
Inactive:        4139880 kB
Active(anon):    1952924 kB
Inactive(anon):   286244 kB
Active(file):    2656072 kB
Inactive(file):  3853636 kB
Unevictable:        5576 kB
Mlocked:            5576 kB
SwapTotal:       3145724 kB
SwapFree:        3143276 kB
Dirty:              4760 kB
Writeback:             0 kB
AnonPages:       2209648 kB
Mapped:           870396 kB
Shmem:             30644 kB
KReclaimable:     671028 kB
Slab:             225384 kB
SReclaimable:      80976 kB
SUnreclaim:       144408 kB
KernelStack:       50880 kB
PageTables:        67920 kB
NFS_Unstable:          0 kB
Bounce:                0 kB
WritebackTmp:          0 kB
CommitLimit:     9202292 kB
Committed_AS:   71623824 kB
VmallocTotal:   263061440 kB
VmallocUsed:      107892 kB
VmallocChunk:          0 kB
Percpu:             7616 kB
CmaTotal:         294912 kB
CmaFree:               0 kB
MemTotal:       12113140 kB
MemFree:          894776 kB
MemAvailable:    7206940 kB
Buffers:            6932 kB
Cached:          6538088 kB
SwapCached:            0 kB
Active:          4607140 kB
Inactive:        4139868 kB
Active(anon):    1950924 kB
Inactive(anon):   286244 kB
Active(file):    2656216 kB
Inactive(file):  3853624 kB
Unevictable:        5576 kB
Mlocked:            5576 kB
SwapTotal:       3145724 kB
SwapFree:        3143276 kB
Dirty:              1848 kB
Writeback:             0 kB
AnonPages:       2207656 kB
Mapped:           870396 kB
Shmem:             30644 kB
KReclaimable:     671028 kB
Slab:             225364 kB
SReclaimable:      80976 kB
SUnreclaim:       144388 kB
KernelStack:       50912 kB
PageTables:        67812 kB
NFS_Unstable:          0 kB
Bounce:                0 kB
WritebackTmp:          0 kB
CommitLimit:     9202292 kB
Committed_AS:   71620184 kB
VmallocTotal:   263061440 kB
VmallocUsed:      107860 kB
VmallocChunk:          0 kB
Percpu:             7616 kB
CmaTotal:         294912 kB
CmaFree:               0 kB
MemTotal:       12113140 kB
MemFree:          930656 kB
MemAvailable:    7243088 kB
Buffers:            6932 kB
Cached:          6538356 kB
SwapCached:            0 kB
Active:          4569360 kB
Inactive:        4140136 kB
Active(anon):    1913144 kB
Inactive(anon):   286244 kB
Active(file):    2656216 kB
Inactive(file):  3853892 kB
Unevictable:        5576 kB
Mlocked:            5576 kB
SwapTotal:       3145724 kB
SwapFree:        3143276 kB
Dirty:              2104 kB
Writeback:             0 kB
AnonPages:       2169944 kB
Mapped:           870396 kB
Shmem:             30644 kB
KReclaimable:     671028 kB
Slab:             225428 kB
SReclaimable:      80976 kB
SUnreclaim:       144452 kB
KernelStack:       50880 kB
PageTables:        67944 kB
NFS_Unstable:          0 kB
Bounce:                0 kB
WritebackTmp:          0 kB
CommitLimit:     9202292 kB
Committed_AS:   71623652 kB
VmallocTotal:   263061440 kB
VmallocUsed:      107908 kB
VmallocChunk:          0 kB
Percpu:             7616 kB
CmaTotal:         294912 kB
CmaFree:               0 kB
MemTotal:       12113140 kB
MemFree:          931228 kB
MemAvailable:    7243788 kB
Buffers:            6932 kB
Cached:          6538484 kB
SwapCached:            0 kB
Active:          4569796 kB
Inactive:        4140264 kB
Active(anon):    1913580 kB
Inactive(anon):   286244 kB
Active(file):    2656216 kB
Inactive(file):  3854020 kB
Unevictable:        5576 kB
Mlocked:            5576 kB
SwapTotal:       3145724 kB
SwapFree:        3143276 kB
Dirty:              2268 kB
Writeback:             0 kB
AnonPages:       2170312 kB
Mapped:           870472 kB
Shmem:             30644 kB
KReclaimable:     671028 kB
Slab:             225420 kB
SReclaimable:      80976 kB
SUnreclaim:       144444 kB
KernelStack:       50864 kB
PageTables:        67904 kB
NFS_Unstable:          0 kB
Bounce:                0 kB
WritebackTmp:          0 kB
CommitLimit:     9202292 kB
Committed_AS:   71619124 kB
VmallocTotal:   263061440 kB
VmallocUsed:      107860 kB
VmallocChunk:          0 kB
Percpu:             7616 kB
CmaTotal:         294912 kB
CmaFree:               0 kB
MemTotal:       12113140 kB
MemFree:          929848 kB
MemAvailable:    7242668 kB
Buffers:            6932 kB
Cached:          6538744 kB
SwapCached:            0 kB
Active:          4571108 kB
Inactive:        4140524 kB
Active(anon):    1914892 kB
Inactive(anon):   286244 kB
Active(file):    2656216 kB
Inactive(file):  3854280 kB
Unevictable:        5576 kB
Mlocked:            5576 kB
SwapTotal:       3145724 kB
SwapFree:        3143276 kB
Dirty:              2560 kB
Writeback:             0 kB
AnonPages:       2171584 kB
Mapped:           870472 kB
Shmem:             30644 kB
KReclaimable:     671028 kB
Slab:             225416 kB
SReclaimable:      80976 kB
SUnreclaim:       144440 kB
KernelStack:       50880 kB
PageTables:        67912 kB
NFS_Unstable:          0 kB
Bounce:                0 kB
WritebackTmp:          0 kB
CommitLimit:     9202292 kB
Committed_AS:   71621448 kB
VmallocTotal:   263061440 kB
VmallocUsed:      107860 kB
VmallocChunk:          0 kB
Percpu:             7616 kB
CmaTotal:         294912 kB
CmaFree:               0 kB
MemTotal:       12113140 kB
MemFree:          928076 kB
MemAvailable:    7241024 kB
Buffers:            6932 kB
Cached:          6538880 kB
SwapCached:            0 kB
Active:          4572360 kB
Inactive:        4140660 kB
Active(anon):    1916144 kB
Inactive(anon):   286252 kB
Active(file):    2656216 kB
Inactive(file):  3854408 kB
Unevictable:        5576 kB
Mlocked:            5576 kB
SwapTotal:       3145724 kB
SwapFree:        3143276 kB
Dirty:              2688 kB
Writeback:             0 kB
AnonPages:       2172872 kB
Mapped:           870480 kB
Shmem:             30652 kB
KReclaimable:     671028 kB
Slab:             225412 kB
SReclaimable:      80976 kB
SUnreclaim:       144436 kB
KernelStack:       50896 kB
PageTables:        67916 kB
NFS_Unstable:          0 kB
Bounce:                0 kB
WritebackTmp:          0 kB
CommitLimit:     9202292 kB
Committed_AS:   71619356 kB
VmallocTotal:   263061440 kB
VmallocUsed:      107892 kB
VmallocChunk:          0 kB
Percpu:             7616 kB
CmaTotal:         294912 kB
CmaFree:               0 kB
MemTotal:       12113140 kB
MemFree:          926976 kB
MemAvailable:    7240052 kB
Buffers:            6932 kB
Cached:          6539008 kB
SwapCached:            0 kB
Active:          4573520 kB
Inactive:        4140788 kB
Active(anon):    1917304 kB
Inactive(anon):   286252 kB
Active(file):    2656216 kB
Inactive(file):  3854536 kB
Unevictable:        5576 kB
Mlocked:            5576 kB
SwapTotal:       3145724 kB
SwapFree:        3143276 kB
Dirty:              2640 kB
Writeback:             0 kB
AnonPages:       2174356 kB
Mapped:           870544 kB
Shmem:             30652 kB
KReclaimable:     671028 kB
Slab:             225460 kB
SReclaimable:      80976 kB
SUnreclaim:       144484 kB
KernelStack:       50912 kB
PageTables:        68052 kB
NFS_Unstable:          0 kB
Bounce:                0 kB
WritebackTmp:          0 kB
CommitLimit:     9202292 kB
Committed_AS:   71622200 kB
VmallocTotal:   263061440 kB
VmallocUsed:      107908 kB
VmallocChunk:          0 kB
Percpu:             7616 kB
CmaTotal:         294912 kB
CmaFree:               0 kB
MemTotal:       12113140 kB
MemFree:          926548 kB
MemAvailable:    7239884 kB
Buffers:            6932 kB
Cached:          6539268 kB
SwapCached:            0 kB
Active:          4574188 kB
Inactive:        4141044 kB
Active(anon):    1917968 kB
Inactive(anon):   286252 kB
Active(file):    2656220 kB
Inactive(file):  3854792 kB
Unevictable:        5576 kB
Mlocked:            5576 kB
SwapTotal:       3145724 kB
SwapFree:        3143276 kB
Dirty:              2912 kB
Writeback:             0 kB
AnonPages:       2174624 kB
Mapped:           870544 kB
Shmem:             30652 kB
KReclaimable:     671028 kB
Slab:             225404 kB
SReclaimable:      80976 kB
SUnreclaim:       144428 kB
KernelStack:       50896 kB
PageTables:        67908 kB
NFS_Unstable:          0 kB
Bounce:                0 kB
WritebackTmp:          0 kB
CommitLimit:     9202292 kB
Committed_AS:   71618184 kB
VmallocTotal:   263061440 kB
VmallocUsed:      107876 kB
VmallocChunk:          0 kB
Percpu:             7616 kB
CmaTotal:         294912 kB
CmaFree:               0 kB
MemTotal:       12113140 kB
MemFree:          925104 kB
MemAvailable:    7238568 kB
Buffers:            6932 kB
Cached:          6539396 kB
SwapCached:            0 kB
Active:          4575376 kB
Inactive:        4141168 kB
Active(anon):    1919152 kB
Inactive(anon):   286252 kB
Active(file):    2656224 kB
Inactive(file):  3854916 kB
Unevictable:        5576 kB
Mlocked:            5576 kB
SwapTotal:       3145724 kB
SwapFree:        3143276 kB
Dirty:              3040 kB
Writeback:             0 kB
AnonPages:       2175956 kB
Mapped:           870544 kB
Shmem:             30652 kB
KReclaimable:     671028 kB
Slab:             225404 kB
SReclaimable:      80976 kB
SUnreclaim:       144428 kB
KernelStack:       50880 kB
PageTables:        67908 kB
NFS_Unstable:          0 kB
Bounce:                0 kB
WritebackTmp:          0 kB
CommitLimit:     9202292 kB
Committed_AS:   71617412 kB
VmallocTotal:   263061440 kB
VmallocUsed:      107892 kB
VmallocChunk:          0 kB
Percpu:             7616 kB
CmaTotal:         294912 kB
CmaFree:               0 kB
MemTotal:       12113140 kB
MemFree:          924056 kB
MemAvailable:    7237776 kB
Buffers:            6932 kB
Cached:          6539652 kB
SwapCached:            0 kB
Active:          4576584 kB
Inactive:        4141424 kB
Active(anon):    1920360 kB
Inactive(anon):   286252 kB
Active(file):    2656224 kB
Inactive(file):  3855172 kB
Unevictable:        5576 kB
Mlocked:            5576 kB
SwapTotal:       3145724 kB
SwapFree:        3143276 kB
Dirty:              3296 kB
Writeback:             0 kB
AnonPages:       2177060 kB
Mapped:           870544 kB
Shmem:             30652 kB
KReclaimable:     671028 kB
Slab:             225412 kB
SReclaimable:      80976 kB
SUnreclaim:       144436 kB
KernelStack:       50880 kB
PageTables:        67912 kB
NFS_Unstable:          0 kB
Bounce:                0 kB
WritebackTmp:          0 kB
CommitLimit:     9202292 kB
Committed_AS:   71619140 kB
VmallocTotal:   263061440 kB
VmallocUsed:      107908 kB
VmallocChunk:          0 kB
Percpu:             7616 kB
CmaTotal:         294912 kB
CmaFree:               4 kB
MemTotal:       12113140 kB
MemFree:          922536 kB
MemAvailable:    7236388 kB
Buffers:            6932 kB
Cached:          6539784 kB
SwapCached:            0 kB
Active:          4577664 kB
Inactive:        4141556 kB
Active(anon):    1921440 kB
Inactive(anon):   286252 kB
Active(file):    2656224 kB
Inactive(file):  3855304 kB
Unevictable:        5576 kB
Mlocked:            5576 kB
SwapTotal:       3145724 kB
SwapFree:        3143276 kB
Dirty:              3444 kB
Writeback:             0 kB
AnonPages:       2178212 kB
Mapped:           870544 kB
Shmem:             30652 kB
KReclaimable:     671028 kB
Slab:             225412 kB
SReclaimable:      80976 kB
SUnreclaim:       144436 kB
KernelStack:       50880 kB
PageTables:        67904 kB
NFS_Unstable:          0 kB
Bounce:                0 kB
WritebackTmp:          0 kB
CommitLimit:     9202292 kB
Committed_AS:   71620788 kB
VmallocTotal:   263061440 kB
VmallocUsed:      107908 kB
VmallocChunk:          0 kB
Percpu:             7616 kB
CmaTotal:         294912 kB
CmaFree:               0 kB
MemTotal:       12113140 kB
MemFree:          921024 kB
MemAvailable:    7235132 kB
Buffers:            6932 kB
Cached:          6540040 kB
SwapCached:            0 kB
Active:          4580128 kB
Inactive:        4141804 kB
Active(anon):    1923896 kB
Inactive(anon):   286252 kB
Active(file):    2656232 kB
Inactive(file):  3855552 kB
Unevictable:        5576 kB
Mlocked:            5576 kB
SwapTotal:       3145724 kB
SwapFree:        3143276 kB
Dirty:              3708 kB
Writeback:             0 kB
AnonPages:       2180652 kB
Mapped:           870680 kB
Shmem:             30652 kB
KReclaimable:     671028 kB
Slab:             225404 kB
SReclaimable:      80976 kB
SUnreclaim:       144428 kB
KernelStack:       50864 kB
PageTables:        67916 kB
NFS_Unstable:          0 kB
Bounce:                0 kB
WritebackTmp:          0 kB
CommitLimit:     9202292 kB
Committed_AS:   71620556 kB
VmallocTotal:   263061440 kB
VmallocUsed:      107876 kB
VmallocChunk:          0 kB
Percpu:             7616 kB
CmaTotal:         294912 kB
CmaFree:               0 kB
MemTotal:       12113140 kB
MemFree:          919612 kB
MemAvailable:    7233852 kB
Buffers:            6932 kB
Cached:          6540172 kB
SwapCached:            0 kB
Active:          4581648 kB
Inactive:        4141936 kB
Active(anon):    1925416 kB
Inactive(anon):   286252 kB
Active(file):    2656232 kB
Inactive(file):  3855684 kB
Unevictable:        5576 kB
Mlocked:            5576 kB
SwapTotal:       3145724 kB
SwapFree:        3143276 kB
Dirty:              3840 kB
Writeback:             0 kB
AnonPages:       2182024 kB
Mapped:           870716 kB
Shmem:             30652 kB
KReclaimable:     671028 kB
Slab:             225404 kB
SReclaimable:      80976 kB
SUnreclaim:       144428 kB
KernelStack:       50832 kB
PageTables:        67852 kB
NFS_Unstable:          0 kB
Bounce:                0 kB
WritebackTmp:          0 kB
CommitLimit:     9202292 kB
Committed_AS:   71617380 kB
VmallocTotal:   263061440 kB
VmallocUsed:      107876 kB
VmallocChunk:          0 kB
Percpu:             7616 kB
CmaTotal:         294912 kB
CmaFree:               0 kB
MemTotal:       12113140 kB
MemFree:          845764 kB
MemAvailable:    7424792 kB
Buffers:            6932 kB
Cached:          6540312 kB
SwapCached:            0 kB
Active:          4553732 kB
Inactive:        4142064 kB
Active(anon):    1897488 kB
Inactive(anon):   286252 kB
Active(file):    2656244 kB
Inactive(file):  3855812 kB
Unevictable:        5576 kB
Mlocked:            5576 kB
SwapTotal:       3145724 kB
SwapFree:        3143276 kB
Dirty:              3980 kB
Writeback:             0 kB
AnonPages:       2154024 kB
Mapped:           733320 kB
Shmem:             30652 kB
KReclaimable:     935676 kB
Slab:             225324 kB
SReclaimable:      80976 kB
SUnreclaim:       144348 kB
KernelStack:       50880 kB
PageTables:        67656 kB
NFS_Unstable:          0 kB
Bounce:                0 kB
WritebackTmp:          0 kB
CommitLimit:     9202292 kB
Committed_AS:   71613816 kB
VmallocTotal:   263061440 kB
VmallocUsed:      107876 kB
VmallocChunk:          0 kB
Percpu:             7616 kB
CmaTotal:         294912 kB
CmaFree:               0 kB
MemTotal:       12113140 kB
MemFree:          702156 kB
MemAvailable:    7054892 kB
Buffers:            6932 kB
Cached:          6540312 kB
SwapCached:            0 kB
Active:          4697664 kB
Inactive:        4142064 kB
Active(anon):    2041420 kB
Inactive(anon):   286252 kB
Active(file):    2656244 kB
Inactive(file):  3855812 kB
Unevictable:        5576 kB
Mlocked:            5576 kB
SwapTotal:       3145724 kB
SwapFree:        3143276 kB
Dirty:              3980 kB
Writeback:             0 kB
AnonPages:       2298120 kB
Mapped:           853748 kB
Shmem:             30652 kB
KReclaimable:     709384 kB
Slab:             225324 kB
SReclaimable:      80976 kB
SUnreclaim:       144348 kB
KernelStack:       50848 kB
PageTables:        68004 kB
NFS_Unstable:          0 kB
Bounce:                0 kB
WritebackTmp:          0 kB
CommitLimit:     9202292 kB
Committed_AS:   71619456 kB
VmallocTotal:   263061440 kB
VmallocUsed:      107860 kB
VmallocChunk:          0 kB
Percpu:             7616 kB
CmaTotal:         294912 kB
CmaFree:               0 kB
MemTotal:       12113140 kB
MemFree:          793792 kB
MemAvailable:    7146208 kB
Buffers:            6932 kB
Cached:          6540440 kB
SwapCached:            0 kB
Active:          4602376 kB
Inactive:        4142192 kB
Active(anon):    1946132 kB
Inactive(anon):   286252 kB
Active(file):    2656244 kB
Inactive(file):  3855940 kB
Unevictable:        5576 kB
Mlocked:            5576 kB
SwapTotal:       3145724 kB
SwapFree:        3143276 kB
Dirty:              4108 kB
Writeback:             0 kB
AnonPages:       2203012 kB
Mapped:           854132 kB
Shmem:             30652 kB
KReclaimable:     708936 kB
Slab:             225328 kB
SReclaimable:      80976 kB
SUnreclaim:       144352 kB
KernelStack:       50880 kB
PageTables:        68024 kB
NFS_Unstable:          0 kB
Bounce:                0 kB
WritebackTmp:          0 kB
CommitLimit:     9202292 kB
Committed_AS:   71608724 kB
VmallocTotal:   263061440 kB
VmallocUsed:      107876 kB
VmallocChunk:          0 kB
Percpu:             7616 kB
CmaTotal:         294912 kB
CmaFree:               0 kB
MemTotal:       12113140 kB
MemFree:          783284 kB
MemAvailable:    7131188 kB
Buffers:            6932 kB
Cached:          6540568 kB
SwapCached:            0 kB
Active:          4613384 kB
Inactive:        4142140 kB
Active(anon):    1956960 kB
Inactive(anon):   286252 kB
Active(file):    2656424 kB
Inactive(file):  3855888 kB
Unevictable:        5576 kB
Mlocked:            5576 kB
SwapTotal:       3145724 kB
SwapFree:        3143276 kB
Dirty:              4228 kB
Writeback:             0 kB
AnonPages:       2213584 kB
Mapped:           855716 kB
Shmem:             30652 kB
KReclaimable:     704296 kB
Slab:             225380 kB
SReclaimable:      80976 kB
SUnreclaim:       144404 kB
KernelStack:       50848 kB
PageTables:        67920 kB
NFS_Unstable:          0 kB
Bounce:                0 kB
WritebackTmp:          0 kB
CommitLimit:     9202292 kB
Committed_AS:   71597580 kB
VmallocTotal:   263061440 kB
VmallocUsed:      107844 kB
VmallocChunk:          0 kB
Percpu:             7616 kB
CmaTotal:         294912 kB
CmaFree:               0 kB
MemTotal:       12113140 kB
MemFree:          781028 kB
MemAvailable:    7133296 kB
Buffers:            6932 kB
Cached:          6540696 kB
SwapCached:            0 kB
Active:          4615352 kB
Inactive:        4142256 kB
Active(anon):    1958928 kB
Inactive(anon):   286252 kB
Active(file):    2656424 kB
Inactive(file):  3856004 kB
Unevictable:        5576 kB
Mlocked:            5576 kB
SwapTotal:       3145724 kB
SwapFree:        3143276 kB
Dirty:              4356 kB
Writeback:             0 kB
AnonPages:       2215736 kB
Mapped:           856196 kB
Shmem:             30652 kB
KReclaimable:     708544 kB
Slab:             225344 kB
SReclaimable:      80976 kB
SUnreclaim:       144368 kB
KernelStack:       50816 kB
PageTables:        67988 kB
NFS_Unstable:          0 kB
Bounce:                0 kB
WritebackTmp:          0 kB
CommitLimit:     9202292 kB
Committed_AS:   71603484 kB
VmallocTotal:   263061440 kB
VmallocUsed:      107844 kB
VmallocChunk:          0 kB
Percpu:             7616 kB
CmaTotal:         294912 kB
CmaFree:               0 kB
MemTotal:       12113140 kB
MemFree:          779952 kB
MemAvailable:    7132348 kB
Buffers:            6932 kB
Cached:          6540828 kB
SwapCached:            0 kB
Active:          4615908 kB
Inactive:        4142400 kB
Active(anon):    1959484 kB
Inactive(anon):   286252 kB
Active(file):    2656424 kB
Inactive(file):  3856148 kB
Unevictable:        5576 kB
Mlocked:            5576 kB
SwapTotal:       3145724 kB
SwapFree:        3143276 kB
Dirty:              4488 kB
Writeback:             0 kB
AnonPages:       2216144 kB
Mapped:           856212 kB
Shmem:             30652 kB
KReclaimable:     708528 kB
Slab:             225348 kB
SReclaimable:      80976 kB
SUnreclaim:       144372 kB
KernelStack:       50816 kB
PageTables:        67996 kB
NFS_Unstable:          0 kB
Bounce:                0 kB
WritebackTmp:          0 kB
CommitLimit:     9202292 kB
Committed_AS:   71608920 kB
VmallocTotal:   263061440 kB
VmallocUsed:      107860 kB
VmallocChunk:          0 kB
Percpu:             7616 kB
CmaTotal:         294912 kB
CmaFree:               0 kB
MemTotal:       12113140 kB
MemFree:          775840 kB
MemAvailable:    7129148 kB
Buffers:            6932 kB
Cached:          6541792 kB
SwapCached:            0 kB
Active:          4618104 kB
Inactive:        4143076 kB
Active(anon):    1961436 kB
Inactive(anon):   286252 kB
Active(file):    2656668 kB
Inactive(file):  3856824 kB
Unevictable:        5576 kB
Mlocked:            5576 kB
SwapTotal:       3145724 kB
SwapFree:        3143276 kB
Dirty:              4628 kB
Writeback:             0 kB
AnonPages:       2218012 kB
Mapped:           856984 kB
Shmem:             30652 kB
KReclaimable:     708520 kB
Slab:             225440 kB
SReclaimable:      80976 kB
SUnreclaim:       144464 kB
KernelStack:       50832 kB
PageTables:        68208 kB
NFS_Unstable:          0 kB
Bounce:                0 kB
WritebackTmp:          0 kB
CommitLimit:     9202292 kB
Committed_AS:   71616452 kB
VmallocTotal:   263061440 kB
VmallocUsed:      107828 kB
VmallocChunk:          0 kB
Percpu:             7616 kB
CmaTotal:         294912 kB
CmaFree:               0 kB
MemTotal:       12113140 kB
MemFree:          780836 kB
MemAvailable:    7141608 kB
Buffers:            6932 kB
Cached:          6549212 kB
SwapCached:            0 kB
Active:          4608468 kB
Inactive:        4145824 kB
Active(anon):    1947088 kB
Inactive(anon):   286248 kB
Active(file):    2661380 kB
Inactive(file):  3859576 kB
Unevictable:        5576 kB
Mlocked:            5576 kB
SwapTotal:       3145724 kB
SwapFree:        3143276 kB
Dirty:              4768 kB
Writeback:             0 kB
AnonPages:       2203804 kB
Mapped:           853400 kB
Shmem:             30652 kB
KReclaimable:     708520 kB
Slab:             225436 kB
SReclaimable:      80976 kB
SUnreclaim:       144460 kB
KernelStack:       50800 kB
PageTables:        68084 kB
NFS_Unstable:          0 kB
Bounce:                0 kB
WritebackTmp:          0 kB
CommitLimit:     9202292 kB
Committed_AS:   71600728 kB
VmallocTotal:   263061440 kB
VmallocUsed:      107796 kB
VmallocChunk:          0 kB
Percpu:             7616 kB
CmaTotal:         294912 kB
CmaFree:               0 kB
MemTotal:       12113140 kB
MemFree:          775264 kB
MemAvailable:    7136164 kB
Buffers:            6932 kB
Cached:          6549340 kB
SwapCached:            0 kB
Active:          4616464 kB
Inactive:        4145952 kB
Active(anon):    1955084 kB
Inactive(anon):   286248 kB
Active(file):    2661380 kB
Inactive(file):  3859704 kB
Unevictable:        5576 kB
Mlocked:            5576 kB
SwapTotal:       3145724 kB
SwapFree:        3143276 kB
Dirty:              4892 kB
Writeback:             0 kB
AnonPages:       2211736 kB
Mapped:           853400 kB
Shmem:             30652 kB
KReclaimable:     708520 kB
Slab:             225436 kB
SReclaimable:      80976 kB
SUnreclaim:       144460 kB
KernelStack:       50752 kB
PageTables:        67848 kB
NFS_Unstable:          0 kB
Bounce:                0 kB
WritebackTmp:          0 kB
CommitLimit:     9202292 kB
Committed_AS:   71600872 kB
VmallocTotal:   263061440 kB
VmallocUsed:      107748 kB
VmallocChunk:          0 kB
Percpu:             7616 kB
CmaTotal:         294912 kB
CmaFree:              24 kB
MemTotal:       12113140 kB
MemFree:          738096 kB
MemAvailable:    7099124 kB
Buffers:            6932 kB
Cached:          6549472 kB
SwapCached:            0 kB
Active:          4650280 kB
Inactive:        4146084 kB
Active(anon):    1988900 kB
Inactive(anon):   286252 kB
Active(file):    2661380 kB
Inactive(file):  3859832 kB
Unevictable:        5576 kB
Mlocked:            5576 kB
SwapTotal:       3145724 kB
SwapFree:        3143276 kB
Dirty:              5032 kB
Writeback:             0 kB
AnonPages:       2245632 kB
Mapped:           853412 kB
Shmem:             30656 kB
KReclaimable:     708520 kB
Slab:             225436 kB
SReclaimable:      80976 kB
SUnreclaim:       144460 kB
KernelStack:       50736 kB
PageTables:        67928 kB
NFS_Unstable:          0 kB
Bounce:                0 kB
WritebackTmp:          0 kB
CommitLimit:     9202292 kB
Committed_AS:   71611868 kB
VmallocTotal:   263061440 kB
VmallocUsed:      107700 kB
VmallocChunk:          0 kB
Percpu:             7616 kB
CmaTotal:         294912 kB
CmaFree:               0 kB
MemTotal:       12113140 kB
MemFree:          735636 kB
MemAvailable:    7096664 kB
Buffers:            6932 kB
Cached:          6549472 kB
SwapCached:            0 kB
Active:          4651568 kB
Inactive:        4146084 kB
Active(anon):    1990188 kB
Inactive(anon):   286252 kB
Active(file):    2661380 kB
Inactive(file):  3859832 kB
Unevictable:        5576 kB
Mlocked:            5576 kB
SwapTotal:       3145724 kB
SwapFree:        3143276 kB
Dirty:              5036 kB
Writeback:             0 kB
AnonPages:       2247052 kB
Mapped:           853412 kB
Shmem:             30656 kB
KReclaimable:     708520 kB
Slab:             225492 kB
SReclaimable:      80976 kB
SUnreclaim:       144516 kB
KernelStack:       50640 kB
PageTables:        67932 kB
NFS_Unstable:          0 kB
Bounce:                0 kB
WritebackTmp:          0 kB
CommitLimit:     9202292 kB
Committed_AS:   71611308 kB
VmallocTotal:   263061440 kB
VmallocUsed:      107652 kB
VmallocChunk:          0 kB
Percpu:             7616 kB
CmaTotal:         294912 kB
CmaFree:               0 kB
MemTotal:       12113140 kB
MemFree:          720748 kB
MemAvailable:    7082024 kB
Buffers:            6932 kB
Cached:          6549728 kB
SwapCached:            0 kB
Active:          4668704 kB
Inactive:        4146332 kB
Active(anon):    2007324 kB
Inactive(anon):   286252 kB
Active(file):    2661380 kB
Inactive(file):  3860080 kB
Unevictable:        5576 kB
Mlocked:            5576 kB
SwapTotal:       3145724 kB
SwapFree:        3143276 kB
Dirty:              5292 kB
Writeback:             0 kB
AnonPages:       2264060 kB
Mapped:           853476 kB
Shmem:             30656 kB
KReclaimable:     708520 kB
Slab:             225564 kB
SReclaimable:      80976 kB
SUnreclaim:       144588 kB
KernelStack:       50624 kB
PageTables:        67936 kB
NFS_Unstable:          0 kB
Bounce:                0 kB
WritebackTmp:          0 kB
CommitLimit:     9202292 kB
Committed_AS:   71611128 kB
VmallocTotal:   263061440 kB
VmallocUsed:      107636 kB
VmallocChunk:          0 kB
Percpu:             7616 kB
CmaTotal:         294912 kB
CmaFree:               4 kB
MemTotal:       12113140 kB
MemFree:          729360 kB
MemAvailable:    7090772 kB
Buffers:            6932 kB
Cached:          6549856 kB
SwapCached:            0 kB
Active:          4655936 kB
Inactive:        4146468 kB
Active(anon):    1994556 kB
Inactive(anon):   286252 kB
Active(file):    2661380 kB
Inactive(file):  3860216 kB
Unevictable:        5576 kB
Mlocked:            5576 kB
SwapTotal:       3145724 kB
SwapFree:        3143276 kB
Dirty:              5432 kB
Writeback:             0 kB
AnonPages:       2251356 kB
Mapped:           853484 kB
Shmem:             30656 kB
KReclaimable:     708520 kB
Slab:             225564 kB
SReclaimable:      80976 kB
SUnreclaim:       144588 kB
KernelStack:       50624 kB
PageTables:        68088 kB
NFS_Unstable:          0 kB
Bounce:                0 kB
WritebackTmp:          0 kB
CommitLimit:     9202292 kB
Committed_AS:   71605524 kB
VmallocTotal:   263061440 kB
VmallocUsed:      107604 kB
VmallocChunk:          0 kB
Percpu:             7616 kB
CmaTotal:         294912 kB
CmaFree:               0 kB
MemTotal:       12113140 kB
MemFree:          729764 kB
MemAvailable:    7091320 kB
Buffers:            6932 kB
Cached:          6550028 kB
SwapCached:            0 kB
Active:          4657368 kB
Inactive:        4146640 kB
Active(anon):    1995988 kB
Inactive(anon):   286280 kB
Active(file):    2661380 kB
Inactive(file):  3860360 kB
Unevictable:        5576 kB
Mlocked:            5576 kB
SwapTotal:       3145724 kB
SwapFree:        3143276 kB
Dirty:               408 kB
Writeback:             0 kB
AnonPages:       2252724 kB
Mapped:           853512 kB
Shmem:             30684 kB
KReclaimable:     708520 kB
Slab:             225436 kB
SReclaimable:      80976 kB
SUnreclaim:       144460 kB
KernelStack:       50608 kB
PageTables:        67940 kB
NFS_Unstable:          0 kB
Bounce:                0 kB
WritebackTmp:          0 kB
CommitLimit:     9202292 kB
Committed_AS:   71605572 kB
VmallocTotal:   263061440 kB
VmallocUsed:      107636 kB
VmallocChunk:          0 kB
Percpu:             7616 kB
CmaTotal:         294912 kB
CmaFree:               0 kB
MemTotal:       12113140 kB
MemFree:          728976 kB
MemAvailable:    7090660 kB
Buffers:            6932 kB
Cached:          6550156 kB
SwapCached:            0 kB
Active:          4658508 kB
Inactive:        4146768 kB
Active(anon):    1997128 kB
Inactive(anon):   286280 kB
Active(file):    2661380 kB
Inactive(file):  3860488 kB
Unevictable:        5576 kB
Mlocked:            5576 kB
SwapTotal:       3145724 kB
SwapFree:        3143276 kB
Dirty:               536 kB
Writeback:             0 kB
AnonPages:       2253864 kB
Mapped:           853512 kB
Shmem:             30684 kB
KReclaimable:     708520 kB
Slab:             225428 kB
SReclaimable:      80976 kB
SUnreclaim:       144452 kB
KernelStack:       50608 kB
PageTables:        67940 kB
NFS_Unstable:          0 kB
Bounce:                0 kB
WritebackTmp:          0 kB
CommitLimit:     9202292 kB
Committed_AS:   71610900 kB
VmallocTotal:   263061440 kB
VmallocUsed:      107652 kB
VmallocChunk:          0 kB
Percpu:             7616 kB
CmaTotal:         294912 kB
CmaFree:               0 kB
MemTotal:       12113140 kB
MemFree:          727916 kB
MemAvailable:    7089732 kB
Buffers:            6932 kB
Cached:          6550288 kB
SwapCached:            0 kB
Active:          4659080 kB
Inactive:        4146900 kB
Active(anon):    1997700 kB
Inactive(anon):   286280 kB
Active(file):    2661380 kB
Inactive(file):  3860620 kB
Unevictable:        5576 kB
Mlocked:            5576 kB
SwapTotal:       3145724 kB
SwapFree:        3143276 kB
Dirty:               692 kB
Writeback:             0 kB
AnonPages:       2254448 kB
Mapped:           853520 kB
Shmem:             30684 kB
KReclaimable:     708520 kB
Slab:             225444 kB
SReclaimable:      80976 kB
SUnreclaim:       144468 kB
KernelStack:       50640 kB
PageTables:        67956 kB
NFS_Unstable:          0 kB
Bounce:                0 kB
WritebackTmp:          0 kB
CommitLimit:     9202292 kB
Committed_AS:   71611408 kB
VmallocTotal:   263061440 kB
VmallocUsed:      107668 kB
VmallocChunk:          0 kB
Percpu:             7616 kB
CmaTotal:         294912 kB
CmaFree:               0 kB
MemTotal:       12113140 kB
MemFree:          729480 kB
MemAvailable:    7091280 kB
Buffers:            6932 kB
Cached:          6550416 kB
SwapCached:            0 kB
Active:          4660548 kB
Inactive:        4146972 kB
Active(anon):    1999168 kB
Inactive(anon):   286280 kB
Active(file):    2661380 kB
Inactive(file):  3860692 kB
Unevictable:        5576 kB
Mlocked:            5576 kB
SwapTotal:       3145724 kB
SwapFree:        3143276 kB
Dirty:               824 kB
Writeback:             0 kB
AnonPages:       2255896 kB
Mapped:           853392 kB
Shmem:             30684 kB
KReclaimable:     708432 kB
Slab:             225340 kB
SReclaimable:      80888 kB
SUnreclaim:       144452 kB
KernelStack:       50576 kB
PageTables:        67936 kB
NFS_Unstable:          0 kB
Bounce:                0 kB
WritebackTmp:          0 kB
CommitLimit:     9202292 kB
Committed_AS:   71611508 kB
VmallocTotal:   263061440 kB
VmallocUsed:      107636 kB
VmallocChunk:          0 kB
Percpu:             7616 kB
CmaTotal:         294912 kB
CmaFree:               0 kB
MemTotal:       12113140 kB
MemFree:          729588 kB
MemAvailable:    7091552 kB
Buffers:            6932 kB
Cached:          6550548 kB
SwapCached:            0 kB
Active:          4661640 kB
Inactive:        4147140 kB
Active(anon):    2000260 kB
Inactive(anon):   286284 kB
Active(file):    2661380 kB
Inactive(file):  3860856 kB
Unevictable:        5576 kB
Mlocked:            5576 kB
SwapTotal:       3145724 kB
SwapFree:        3143276 kB
Dirty:               952 kB
Writeback:             0 kB
AnonPages:       2256932 kB
Mapped:           853396 kB
Shmem:             30688 kB
KReclaimable:     708432 kB
Slab:             225340 kB
SReclaimable:      80888 kB
SUnreclaim:       144452 kB
KernelStack:       50480 kB
PageTables:        67920 kB
NFS_Unstable:          0 kB
Bounce:                0 kB
WritebackTmp:          0 kB
CommitLimit:     9202292 kB
Committed_AS:   71611544 kB
VmallocTotal:   263061440 kB
VmallocUsed:      107556 kB
VmallocChunk:          0 kB
Percpu:             7616 kB
CmaTotal:         294912 kB
CmaFree:               0 kB
MemTotal:       12113140 kB
MemFree:          729656 kB
MemAvailable:    7091716 kB
Buffers:            6932 kB
Cached:          6550676 kB
SwapCached:            0 kB
Active:          4662284 kB
Inactive:        4147236 kB
Active(anon):    2000904 kB
Inactive(anon):   286284 kB
Active(file):    2661380 kB
Inactive(file):  3860952 kB
Unevictable:        5576 kB
Mlocked:            5576 kB
SwapTotal:       3145724 kB
SwapFree:        3143276 kB
Dirty:              1112 kB
Writeback:             0 kB
AnonPages:       2257744 kB
Mapped:           853404 kB
Shmem:             30688 kB
KReclaimable:     708432 kB
Slab:             225340 kB
SReclaimable:      80888 kB
SUnreclaim:       144452 kB
KernelStack:       50480 kB
PageTables:        67916 kB
NFS_Unstable:          0 kB
Bounce:                0 kB
WritebackTmp:          0 kB
CommitLimit:     9202292 kB
Committed_AS:   71606180 kB
VmallocTotal:   263061440 kB
VmallocUsed:      107556 kB
VmallocChunk:          0 kB
Percpu:             7616 kB
CmaTotal:         294912 kB
CmaFree:               0 kB
MemTotal:       12113140 kB
MemFree:          728332 kB
MemAvailable:    7090444 kB
Buffers:            6932 kB
Cached:          6550676 kB
SwapCached:            0 kB
Active:          4663548 kB
Inactive:        4147288 kB
Active(anon):    2002168 kB
Inactive(anon):   286284 kB
Active(file):    2661380 kB
Inactive(file):  3861004 kB
Unevictable:        5576 kB
Mlocked:            5576 kB
SwapTotal:       3145724 kB
SwapFree:        3143276 kB
Dirty:              1112 kB
Writeback:             0 kB
AnonPages:       2258904 kB
Mapped:           853404 kB
Shmem:             30688 kB
KReclaimable:     708432 kB
Slab:             225340 kB
SReclaimable:      80888 kB
SUnreclaim:       144452 kB
KernelStack:       50480 kB
PageTables:        67912 kB
NFS_Unstable:          0 kB
Bounce:                0 kB
WritebackTmp:          0 kB
CommitLimit:     9202292 kB
Committed_AS:   71610212 kB
VmallocTotal:   263061440 kB
VmallocUsed:      107540 kB
VmallocChunk:          0 kB
Percpu:             7616 kB
CmaTotal:         294912 kB
CmaFree:               0 kB
MemTotal:       12113140 kB
MemFree:          726564 kB
MemAvailable:    7088908 kB
Buffers:            6932 kB
Cached:          6550940 kB
SwapCached:            0 kB
Active:          4664104 kB
Inactive:        4147520 kB
Active(anon):    2002724 kB
Inactive(anon):   286284 kB
Active(file):    2661380 kB
Inactive(file):  3861236 kB
Unevictable:        5576 kB
Mlocked:            5576 kB
SwapTotal:       3145724 kB
SwapFree:        3143276 kB
Dirty:              1396 kB
Writeback:             0 kB
AnonPages:       2259544 kB
Mapped:           853404 kB
Shmem:             30688 kB
KReclaimable:     708432 kB
Slab:             225340 kB
SReclaimable:      80888 kB
SUnreclaim:       144452 kB
KernelStack:       50480 kB
PageTables:        67912 kB
NFS_Unstable:          0 kB
Bounce:                0 kB
WritebackTmp:          0 kB
CommitLimit:     9202292 kB
Committed_AS:   71611308 kB
VmallocTotal:   263061440 kB
VmallocUsed:      107524 kB
VmallocChunk:          0 kB
Percpu:             7616 kB
CmaTotal:         294912 kB
CmaFree:               0 kB
MemTotal:       12113140 kB
MemFree:          727132 kB
MemAvailable:    7089508 kB
Buffers:            6932 kB
Cached:          6550940 kB
SwapCached:            0 kB
Active:          4664008 kB
Inactive:        4147552 kB
Active(anon):    2002628 kB
Inactive(anon):   286284 kB
Active(file):    2661380 kB
Inactive(file):  3861268 kB
Unevictable:        5576 kB
Mlocked:            5576 kB
SwapTotal:       3145724 kB
SwapFree:        3143276 kB
Dirty:              1412 kB
Writeback:             0 kB
AnonPages:       2259344 kB
Mapped:           853476 kB
Shmem:             30688 kB
KReclaimable:     708432 kB
Slab:             225340 kB
SReclaimable:      80888 kB
SUnreclaim:       144452 kB
KernelStack:       50384 kB
PageTables:        67912 kB
NFS_Unstable:          0 kB
Bounce:                0 kB
WritebackTmp:          0 kB
CommitLimit:     9202292 kB
Committed_AS:   71610972 kB
VmallocTotal:   263061440 kB
VmallocUsed:      107444 kB
VmallocChunk:          0 kB
Percpu:             7616 kB
CmaTotal:         294912 kB
CmaFree:               0 kB
MemTotal:       12113140 kB
MemFree:          727824 kB
MemAvailable:    7090452 kB
Buffers:            6932 kB
Cached:          6551200 kB
SwapCached:            0 kB
Active:          4662380 kB
Inactive:        4147804 kB
Active(anon):    2001000 kB
Inactive(anon):   286284 kB
Active(file):    2661380 kB
Inactive(file):  3861520 kB
Unevictable:        5576 kB
Mlocked:            5576 kB
SwapTotal:       3145724 kB
SwapFree:        3143276 kB
Dirty:              1672 kB
Writeback:             0 kB
AnonPages:       2257700 kB
Mapped:           853476 kB
Shmem:             30688 kB
KReclaimable:     708432 kB
Slab:             225340 kB
SReclaimable:      80888 kB
SUnreclaim:       144452 kB
KernelStack:       50336 kB
PageTables:        68056 kB
NFS_Unstable:          0 kB
Bounce:                0 kB
WritebackTmp:          0 kB
CommitLimit:     9202292 kB
Committed_AS:   71604900 kB
VmallocTotal:   263061440 kB
VmallocUsed:      107380 kB
VmallocChunk:          0 kB
Percpu:             7616 kB
CmaTotal:         294912 kB
CmaFree:               0 kB
MemTotal:       12113140 kB
MemFree:          727844 kB
MemAvailable:    7090480 kB
Buffers:            6932 kB
Cached:          6551200 kB
SwapCached:            0 kB
Active:          4662888 kB
Inactive:        4147564 kB
Active(anon):    2001260 kB
Inactive(anon):   286284 kB
Active(file):    2661628 kB
Inactive(file):  3861280 kB
Unevictable:        5576 kB
Mlocked:            5576 kB
SwapTotal:       3145724 kB
SwapFree:        3143276 kB
Dirty:              1704 kB
Writeback:             0 kB
AnonPages:       2257968 kB
Mapped:           853476 kB
Shmem:             30688 kB
KReclaimable:     708432 kB
Slab:             225340 kB
SReclaimable:      80888 kB
SUnreclaim:       144452 kB
KernelStack:       50320 kB
PageTables:        67904 kB
NFS_Unstable:          0 kB
Bounce:                0 kB
WritebackTmp:          0 kB
CommitLimit:     9202292 kB
Committed_AS:   71605836 kB
VmallocTotal:   263061440 kB
VmallocUsed:      107380 kB
VmallocChunk:          0 kB
Percpu:             7616 kB
CmaTotal:         294912 kB
CmaFree:               0 kB
MemTotal:       12113140 kB
MemFree:          727080 kB
MemAvailable:    7089960 kB
Buffers:            6932 kB
Cached:          6551460 kB
SwapCached:            0 kB
Active:          4663180 kB
Inactive:        4147808 kB
Active(anon):    2001552 kB
Inactive(anon):   286284 kB
Active(file):    2661628 kB
Inactive(file):  3861524 kB
Unevictable:        5576 kB
Mlocked:            5576 kB
SwapTotal:       3145724 kB
SwapFree:        3143276 kB
Dirty:              1996 kB
Writeback:             0 kB
AnonPages:       2258276 kB
Mapped:           853484 kB
Shmem:             30688 kB
KReclaimable:     708432 kB
Slab:             225340 kB
SReclaimable:      80888 kB
SUnreclaim:       144452 kB
KernelStack:       50320 kB
PageTables:        67908 kB
NFS_Unstable:          0 kB
Bounce:                0 kB
WritebackTmp:          0 kB
CommitLimit:     9202292 kB
Committed_AS:   71605828 kB
VmallocTotal:   263061440 kB
VmallocUsed:      107380 kB
VmallocChunk:          0 kB
Percpu:             7616 kB
CmaTotal:         294912 kB
CmaFree:               0 kB
MemTotal:       12113140 kB
MemFree:          727048 kB
MemAvailable:    7089944 kB
Buffers:            6932 kB
Cached:          6551460 kB
SwapCached:            0 kB
Active:          4663340 kB
Inactive:        4147820 kB
Active(anon):    2001708 kB
Inactive(anon):   286284 kB
Active(file):    2661632 kB
Inactive(file):  3861536 kB
Unevictable:        5576 kB
Mlocked:            5576 kB
SwapTotal:       3145724 kB
SwapFree:        3143276 kB
Dirty:              2000 kB
Writeback:             0 kB
AnonPages:       2258428 kB
Mapped:           853548 kB
Shmem:             30688 kB
KReclaimable:     708432 kB
Slab:             225340 kB
SReclaimable:      80888 kB
SUnreclaim:       144452 kB
KernelStack:       50304 kB
PageTables:        67900 kB
NFS_Unstable:          0 kB
Bounce:                0 kB
WritebackTmp:          0 kB
CommitLimit:     9202292 kB
Committed_AS:   71605520 kB
VmallocTotal:   263061440 kB
VmallocUsed:      107364 kB
VmallocChunk:          0 kB
Percpu:             7616 kB
CmaTotal:         294912 kB
CmaFree:               0 kB
MemTotal:       12113140 kB
MemFree:          727616 kB
MemAvailable:    7090640 kB
Buffers:            6932 kB
Cached:          6551588 kB
SwapCached:            0 kB
Active:          4663124 kB
Inactive:        4147948 kB
Active(anon):    2001492 kB
Inactive(anon):   286284 kB
Active(file):    2661632 kB
Inactive(file):  3861664 kB
Unevictable:        5576 kB
Mlocked:            5576 kB
SwapTotal:       3145724 kB
SwapFree:        3143276 kB
Dirty:              2128 kB
Writeback:             0 kB
AnonPages:       2258196 kB
Mapped:           853568 kB
Shmem:             30688 kB
KReclaimable:     708432 kB
Slab:             225324 kB
SReclaimable:      80888 kB
SUnreclaim:       144436 kB
KernelStack:       50272 kB
PageTables:        67960 kB
NFS_Unstable:          0 kB
Bounce:                0 kB
WritebackTmp:          0 kB
CommitLimit:     9202292 kB
Committed_AS:   71599196 kB
VmallocTotal:   263061440 kB
VmallocUsed:      107284 kB
VmallocChunk:          0 kB
Percpu:             7616 kB
CmaTotal:         294912 kB
CmaFree:               0 kB
MemTotal:       12113140 kB
MemFree:          727144 kB
MemAvailable:    7090260 kB
Buffers:            6932 kB
Cached:          6551716 kB
SwapCached:            0 kB
Active:          4663300 kB
Inactive:        4148040 kB
Active(anon):    2001668 kB
Inactive(anon):   286284 kB
Active(file):    2661632 kB
Inactive(file):  3861756 kB
Unevictable:        5576 kB
Mlocked:            5576 kB
SwapTotal:       3145724 kB
SwapFree:        3143276 kB
Dirty:              2268 kB
Writeback:             0 kB
AnonPages:       2258416 kB
Mapped:           853588 kB
Shmem:             30688 kB
KReclaimable:     708432 kB
Slab:             225324 kB
SReclaimable:      80888 kB
SUnreclaim:       144436 kB
KernelStack:       50256 kB
PageTables:        68056 kB
NFS_Unstable:          0 kB
Bounce:                0 kB
WritebackTmp:          0 kB
CommitLimit:     9202292 kB
Committed_AS:   71593348 kB
VmallocTotal:   263061440 kB
VmallocUsed:      107236 kB
VmallocChunk:          0 kB
Percpu:             7616 kB
CmaTotal:         294912 kB
CmaFree:               0 kB
MemTotal:       12113140 kB
MemFree:          727176 kB
MemAvailable:    7090456 kB
Buffers:            6932 kB
Cached:          6551848 kB
SwapCached:            0 kB
Active:          4663476 kB
Inactive:        4148208 kB
Active(anon):    2001844 kB
Inactive(anon):   286288 kB
Active(file):    2661632 kB
Inactive(file):  3861920 kB
Unevictable:        5576 kB
Mlocked:            5576 kB
SwapTotal:       3145724 kB
SwapFree:        3143276 kB
Dirty:               316 kB
Writeback:             0 kB
AnonPages:       2258600 kB
Mapped:           853432 kB
Shmem:             30692 kB
KReclaimable:     708432 kB
Slab:             225324 kB
SReclaimable:      80888 kB
SUnreclaim:       144436 kB
KernelStack:       50240 kB
PageTables:        67908 kB
NFS_Unstable:          0 kB
Bounce:                0 kB
WritebackTmp:          0 kB
CommitLimit:     9202292 kB
Committed_AS:   71606360 kB
VmallocTotal:   263061440 kB
VmallocUsed:      107252 kB
VmallocChunk:          0 kB
Percpu:             7616 kB
CmaTotal:         294912 kB
CmaFree:               0 kB
MemTotal:       12113140 kB
MemFree:          727012 kB
MemAvailable:    7090412 kB
Buffers:            6932 kB
Cached:          6551980 kB
SwapCached:            0 kB
Active:          4663620 kB
Inactive:        4148328 kB
Active(anon):    2001988 kB
Inactive(anon):   286288 kB
Active(file):    2661632 kB
Inactive(file):  3862040 kB
Unevictable:        5576 kB
Mlocked:            5576 kB
SwapTotal:       3145724 kB
SwapFree:        3143276 kB
Dirty:               412 kB
Writeback:             0 kB
AnonPages:       2258784 kB
Mapped:           853432 kB
Shmem:             30692 kB
KReclaimable:     708432 kB
Slab:             225332 kB
SReclaimable:      80888 kB
SUnreclaim:       144444 kB
KernelStack:       50240 kB
PageTables:        67896 kB
NFS_Unstable:          0 kB
Bounce:                0 kB
WritebackTmp:          0 kB
CommitLimit:     9202292 kB
Committed_AS:   71606008 kB
VmallocTotal:   263061440 kB
VmallocUsed:      107236 kB
VmallocChunk:          0 kB
Percpu:             7616 kB
CmaTotal:         294912 kB
CmaFree:               0 kB
MemTotal:       12113140 kB
MemFree:          726924 kB
MemAvailable:    7090468 kB
Buffers:            6932 kB
Cached:          6552112 kB
SwapCached:            0 kB
Active:          4664704 kB
Inactive:        4148472 kB
Active(anon):    2003072 kB
Inactive(anon):   286288 kB
Active(file):    2661632 kB
Inactive(file):  3862184 kB
Unevictable:        5576 kB
Mlocked:            5576 kB
SwapTotal:       3145724 kB
SwapFree:        3143276 kB
Dirty:               588 kB
Writeback:             0 kB
AnonPages:       2259940 kB
Mapped:           853440 kB
Shmem:             30692 kB
KReclaimable:     708432 kB
Slab:             225332 kB
SReclaimable:      80888 kB
SUnreclaim:       144444 kB
KernelStack:       50240 kB
PageTables:        67900 kB
NFS_Unstable:          0 kB
Bounce:                0 kB
WritebackTmp:          0 kB
CommitLimit:     9202292 kB
Committed_AS:   71605788 kB
VmallocTotal:   263061440 kB
VmallocUsed:      107220 kB
VmallocChunk:          0 kB
Percpu:             7616 kB
CmaTotal:         294912 kB
CmaFree:               0 kB
MemTotal:       12113140 kB
MemFree:          726276 kB
MemAvailable:    7089952 kB
Buffers:            6932 kB
Cached:          6552244 kB
SwapCached:            0 kB
Active:          4664596 kB
Inactive:        4148604 kB
Active(anon):    2002964 kB
Inactive(anon):   286288 kB
Active(file):    2661632 kB
Inactive(file):  3862316 kB
Unevictable:        5576 kB
Mlocked:            5576 kB
SwapTotal:       3145724 kB
SwapFree:        3143276 kB
Dirty:               756 kB
Writeback:             0 kB
AnonPages:       2259732 kB
Mapped:           853504 kB
Shmem:             30692 kB
KReclaimable:     708432 kB
Slab:             225332 kB
SReclaimable:      80888 kB
SUnreclaim:       144444 kB
KernelStack:       50240 kB
PageTables:        67896 kB
NFS_Unstable:          0 kB
Bounce:                0 kB
WritebackTmp:          0 kB
CommitLimit:     9202292 kB
Committed_AS:   71604268 kB
VmallocTotal:   263061440 kB
VmallocUsed:      107204 kB
VmallocChunk:          0 kB
Percpu:             7616 kB
CmaTotal:         294912 kB
CmaFree:               0 kB
MemTotal:       12113140 kB
MemFree:          727932 kB
MemAvailable:    7091720 kB
Buffers:            6932 kB
Cached:          6552372 kB
SwapCached:            0 kB
Active:          4662600 kB
Inactive:        4148716 kB
Active(anon):    2000968 kB
Inactive(anon):   286288 kB
Active(file):    2661632 kB
Inactive(file):  3862428 kB
Unevictable:        5576 kB
Mlocked:            5576 kB
SwapTotal:       3145724 kB
SwapFree:        3143276 kB
Dirty:               884 kB
Writeback:             0 kB
AnonPages:       2257828 kB
Mapped:           853504 kB
Shmem:             30692 kB
KReclaimable:     708432 kB
Slab:             225332 kB
SReclaimable:      80888 kB
SUnreclaim:       144444 kB
KernelStack:       50240 kB
PageTables:        67884 kB
NFS_Unstable:          0 kB
Bounce:                0 kB
WritebackTmp:          0 kB
CommitLimit:     9202292 kB
Committed_AS:   71599592 kB
VmallocTotal:   263061440 kB
VmallocUsed:      107204 kB
VmallocChunk:          0 kB
Percpu:             7616 kB
CmaTotal:         294912 kB
CmaFree:               0 kB
MemTotal:       12113140 kB
MemFree:          726412 kB
MemAvailable:    7090344 kB
Buffers:            6932 kB
Cached:          6552500 kB
SwapCached:            0 kB
Active:          4663904 kB
Inactive:        4148860 kB
Active(anon):    2002272 kB
Inactive(anon):   286288 kB
Active(file):    2661632 kB
Inactive(file):  3862572 kB
Unevictable:        5576 kB
Mlocked:            5576 kB
SwapTotal:       3145724 kB
SwapFree:        3143276 kB
Dirty:              1032 kB
Writeback:             0 kB
AnonPages:       2259100 kB
Mapped:           853512 kB
Shmem:             30692 kB
KReclaimable:     708432 kB
Slab:             225332 kB
SReclaimable:      80888 kB
SUnreclaim:       144444 kB
KernelStack:       50240 kB
PageTables:        67884 kB
NFS_Unstable:          0 kB
Bounce:                0 kB
WritebackTmp:          0 kB
CommitLimit:     9202292 kB
Committed_AS:   71599020 kB
VmallocTotal:   263061440 kB
VmallocUsed:      107236 kB
VmallocChunk:          0 kB
Percpu:             7616 kB
CmaTotal:         294912 kB
CmaFree:               0 kB
MemTotal:       12113140 kB
MemFree:          735876 kB
MemAvailable:    7099936 kB
Buffers:            6932 kB
Cached:          6552628 kB
SwapCached:            0 kB
Active:          4653920 kB
Inactive:        4148988 kB
Active(anon):    1992288 kB
Inactive(anon):   286288 kB
Active(file):    2661632 kB
Inactive(file):  3862700 kB
Unevictable:        5576 kB
Mlocked:            5576 kB
SwapTotal:       3145724 kB
SwapFree:        3143276 kB
Dirty:              1228 kB
Writeback:             0 kB
AnonPages:       2248936 kB
Mapped:           853512 kB
Shmem:             30692 kB
KReclaimable:     708432 kB
Slab:             225332 kB
SReclaimable:      80888 kB
SUnreclaim:       144444 kB
KernelStack:       50256 kB
PageTables:        68044 kB
NFS_Unstable:          0 kB
Bounce:                0 kB
WritebackTmp:          0 kB
CommitLimit:     9202292 kB
Committed_AS:   71597548 kB
VmallocTotal:   263061440 kB
VmallocUsed:      107236 kB
VmallocChunk:          0 kB
Percpu:             7616 kB
CmaTotal:         294912 kB
CmaFree:               0 kB
MemTotal:       12113140 kB
MemFree:          735576 kB
MemAvailable:    7099764 kB
Buffers:            6932 kB
Cached:          6552756 kB
SwapCached:            0 kB
Active:          4653984 kB
Inactive:        4149116 kB
Active(anon):    1992352 kB
Inactive(anon):   286288 kB
Active(file):    2661632 kB
Inactive(file):  3862828 kB
Unevictable:        5576 kB
Mlocked:            5576 kB
SwapTotal:       3145724 kB
SwapFree:        3143276 kB
Dirty:              1356 kB
Writeback:             0 kB
AnonPages:       2249200 kB
Mapped:           853576 kB
Shmem:             30692 kB
KReclaimable:     708432 kB
Slab:             225332 kB
SReclaimable:      80888 kB
SUnreclaim:       144444 kB
KernelStack:       50240 kB
PageTables:        67884 kB
NFS_Unstable:          0 kB
Bounce:                0 kB
WritebackTmp:          0 kB
CommitLimit:     9202292 kB
Committed_AS:   71603072 kB
VmallocTotal:   263061440 kB
VmallocUsed:      107236 kB
VmallocChunk:          0 kB
Percpu:             7616 kB
CmaTotal:         294912 kB
CmaFree:               0 kB
MemTotal:       12113140 kB
MemFree:          735540 kB
MemAvailable:    7099824 kB
Buffers:            6932 kB
Cached:          6552884 kB
SwapCached:            0 kB
Active:          4653284 kB
Inactive:        4149244 kB
Active(anon):    1991652 kB
Inactive(anon):   286288 kB
Active(file):    2661632 kB
Inactive(file):  3862956 kB
Unevictable:        5576 kB
Mlocked:            5576 kB
SwapTotal:       3145724 kB
SwapFree:        3143276 kB
Dirty:              1508 kB
Writeback:             0 kB
AnonPages:       2248504 kB
Mapped:           853620 kB
Shmem:             30692 kB
KReclaimable:     708400 kB
Slab:             225332 kB
SReclaimable:      80888 kB
SUnreclaim:       144444 kB
KernelStack:       50240 kB
PageTables:        67884 kB
NFS_Unstable:          0 kB
Bounce:                0 kB
WritebackTmp:          0 kB
CommitLimit:     9202292 kB
Committed_AS:   71602808 kB
VmallocTotal:   263061440 kB
VmallocUsed:      107220 kB
VmallocChunk:          0 kB
Percpu:             7616 kB
CmaTotal:         294912 kB
CmaFree:               0 kB
MemTotal:       12113140 kB
MemFree:          734756 kB
MemAvailable:    7099172 kB
Buffers:            6932 kB
Cached:          6553016 kB
SwapCached:            0 kB
Active:          4653352 kB
Inactive:        4149376 kB
Active(anon):    1991720 kB
Inactive(anon):   286288 kB
Active(file):    2661632 kB
Inactive(file):  3863088 kB
Unevictable:        5576 kB
Mlocked:            5576 kB
SwapTotal:       3145724 kB
SwapFree:        3143276 kB
Dirty:              1640 kB
Writeback:             0 kB
AnonPages:       2248580 kB
Mapped:           853620 kB
Shmem:             30692 kB
KReclaimable:     708400 kB
Slab:             225332 kB
SReclaimable:      80888 kB
SUnreclaim:       144444 kB
KernelStack:       50240 kB
PageTables:        67884 kB
NFS_Unstable:          0 kB
Bounce:                0 kB
WritebackTmp:          0 kB
CommitLimit:     9202292 kB
Committed_AS:   71602932 kB
VmallocTotal:   263061440 kB
VmallocUsed:      107236 kB
VmallocChunk:          0 kB
Percpu:             7616 kB
CmaTotal:         294912 kB
CmaFree:               0 kB
MemTotal:       12113140 kB
MemFree:          736708 kB
MemAvailable:    7101332 kB
Buffers:            6932 kB
Cached:          6553272 kB
SwapCached:            0 kB
Active:          4652116 kB
Inactive:        4149584 kB
Active(anon):    1990484 kB
Inactive(anon):   286288 kB
Active(file):    2661632 kB
Inactive(file):  3863296 kB
Unevictable:        5576 kB
Mlocked:            5576 kB
SwapTotal:       3145724 kB
SwapFree:        3143276 kB
Dirty:              1896 kB
Writeback:             0 kB
AnonPages:       2247176 kB
Mapped:           853628 kB
Shmem:             30692 kB
KReclaimable:     708400 kB
Slab:             225332 kB
SReclaimable:      80888 kB
SUnreclaim:       144444 kB
KernelStack:       50240 kB
PageTables:        67884 kB
NFS_Unstable:          0 kB
Bounce:                0 kB
WritebackTmp:          0 kB
CommitLimit:     9202292 kB
Committed_AS:   71596596 kB
VmallocTotal:   263061440 kB
VmallocUsed:      107220 kB
VmallocChunk:          0 kB
Percpu:             7616 kB
CmaTotal:         294912 kB
CmaFree:               0 kB
MemTotal:       12113140 kB
MemFree:          737212 kB
MemAvailable:    7102000 kB
Buffers:            6932 kB
Cached:          6553400 kB
SwapCached:            0 kB
Active:          4652808 kB
Inactive:        4149744 kB
Active(anon):    1991172 kB
Inactive(anon):   286288 kB
Active(file):    2661636 kB
Inactive(file):  3863456 kB
Unevictable:        5576 kB
Mlocked:            5576 kB
SwapTotal:       3145724 kB
SwapFree:        3143276 kB
Dirty:              2064 kB
Writeback:             0 kB
AnonPages:       2248016 kB
Mapped:           853632 kB
Shmem:             30692 kB
KReclaimable:     708400 kB
Slab:             225332 kB
SReclaimable:      80888 kB
SUnreclaim:       144444 kB
KernelStack:       50240 kB
PageTables:        67892 kB
NFS_Unstable:          0 kB
Bounce:                0 kB
WritebackTmp:          0 kB
CommitLimit:     9202292 kB
Committed_AS:   71603384 kB
VmallocTotal:   263061440 kB
VmallocUsed:      107236 kB
VmallocChunk:          0 kB
Percpu:             7616 kB
CmaTotal:         294912 kB
CmaFree:               0 kB
MemTotal:       12113140 kB
MemFree:          736100 kB
MemAvailable:    7100900 kB
Buffers:            6932 kB
Cached:          6553400 kB
SwapCached:            0 kB
Active:          4652972 kB
Inactive:        4149756 kB
Active(anon):    1991336 kB
Inactive(anon):   286288 kB
Active(file):    2661636 kB
Inactive(file):  3863468 kB
Unevictable:        5576 kB
Mlocked:            5576 kB
SwapTotal:       3145724 kB
SwapFree:        3143276 kB
Dirty:              2064 kB
Writeback:             0 kB
AnonPages:       2247980 kB
Mapped:           853440 kB
Shmem:             30692 kB
KReclaimable:     708400 kB
Slab:             225332 kB
SReclaimable:      80888 kB
SUnreclaim:       144444 kB
KernelStack:       50224 kB
PageTables:        67892 kB
NFS_Unstable:          0 kB
Bounce:                0 kB
WritebackTmp:          0 kB
CommitLimit:     9202292 kB
Committed_AS:   71602988 kB
VmallocTotal:   263061440 kB
VmallocUsed:      107204 kB
VmallocChunk:          0 kB
Percpu:             7616 kB
CmaTotal:         294912 kB
CmaFree:               0 kB
MemTotal:       12113140 kB
MemFree:          738252 kB
MemAvailable:    7098860 kB
Buffers:            6932 kB
Cached:          6553528 kB
SwapCached:            0 kB
Active:          4650740 kB
Inactive:        4149884 kB
Active(anon):    1989104 kB
Inactive(anon):   286288 kB
Active(file):    2661636 kB
Inactive(file):  3863596 kB
Unevictable:        5576 kB
Mlocked:            5576 kB
SwapTotal:       3145724 kB
SwapFree:        3143276 kB
Dirty:              2196 kB
Writeback:             0 kB
AnonPages:       2245844 kB
Mapped:           853568 kB
Shmem:             30692 kB
KReclaimable:     704080 kB
Slab:             225608 kB
SReclaimable:      80888 kB
SUnreclaim:       144720 kB
KernelStack:       50208 kB
PageTables:        67900 kB
NFS_Unstable:          0 kB
Bounce:                0 kB
WritebackTmp:          0 kB
CommitLimit:     9202292 kB
Committed_AS:   71591000 kB
VmallocTotal:   263061440 kB
VmallocUsed:      107172 kB
VmallocChunk:          0 kB
Percpu:             7616 kB
CmaTotal:         294912 kB
CmaFree:               0 kB
MemTotal:       12113140 kB
MemFree:          802848 kB
MemAvailable:    7374956 kB
Buffers:            6932 kB
Cached:          6553656 kB
SwapCached:            0 kB
Active:          4583776 kB
Inactive:        4150012 kB
Active(anon):    1922140 kB
Inactive(anon):   286288 kB
Active(file):    2661636 kB
Inactive(file):  3863724 kB
Unevictable:        5576 kB
Mlocked:            5576 kB
SwapTotal:       3145724 kB
SwapFree:        3143276 kB
Dirty:              2336 kB
Writeback:             0 kB
AnonPages:       2178956 kB
Mapped:           733236 kB
Shmem:             30692 kB
KReclaimable:     915452 kB
Slab:             225596 kB
SReclaimable:      80888 kB
SUnreclaim:       144708 kB
KernelStack:       50256 kB
PageTables:        67672 kB
NFS_Unstable:          0 kB
Bounce:                0 kB
WritebackTmp:          0 kB
CommitLimit:     9202292 kB
Committed_AS:   71605540 kB
VmallocTotal:   263061440 kB
VmallocUsed:      107236 kB
VmallocChunk:          0 kB
Percpu:             7616 kB
CmaTotal:         294912 kB
CmaFree:               0 kB
MemTotal:       12113140 kB
MemFree:         1024972 kB
MemAvailable:    7349200 kB
Buffers:            6932 kB
Cached:          6553784 kB
SwapCached:            0 kB
Active:          4361760 kB
Inactive:        4150140 kB
Active(anon):    1700124 kB
Inactive(anon):   286288 kB
Active(file):    2661636 kB
Inactive(file):  3863852 kB
Unevictable:        5576 kB
Mlocked:            5576 kB
SwapTotal:       3145724 kB
SwapFree:        3143276 kB
Dirty:               384 kB
Writeback:             0 kB
AnonPages:       1956952 kB
Mapped:           911728 kB
Shmem:             30692 kB
KReclaimable:     667444 kB
Slab:             225604 kB
SReclaimable:      80888 kB
SUnreclaim:       144716 kB
KernelStack:       50256 kB
PageTables:        67304 kB
NFS_Unstable:          0 kB
Bounce:                0 kB
WritebackTmp:          0 kB
CommitLimit:     9202292 kB
Committed_AS:   71230504 kB
VmallocTotal:   263061440 kB
VmallocUsed:      107252 kB
VmallocChunk:          0 kB
Percpu:             7616 kB
CmaTotal:         294912 kB
CmaFree:               0 kB
MemTotal:       12113140 kB
MemFree:         1113548 kB
MemAvailable:    7437908 kB
Buffers:            6932 kB
Cached:          6553916 kB
SwapCached:            0 kB
Active:          4274292 kB
Inactive:        4150272 kB
Active(anon):    1612656 kB
Inactive(anon):   286288 kB
Active(file):    2661636 kB
Inactive(file):  3863984 kB
Unevictable:        5576 kB
Mlocked:            5576 kB
SwapTotal:       3145724 kB
SwapFree:        3143276 kB
Dirty:               460 kB
Writeback:             0 kB
AnonPages:       1869456 kB
Mapped:           911728 kB
Shmem:             30692 kB
KReclaimable:     667444 kB
Slab:             225636 kB
SReclaimable:      80888 kB
SUnreclaim:       144748 kB
KernelStack:       50256 kB
PageTables:        67312 kB
NFS_Unstable:          0 kB
Bounce:                0 kB
WritebackTmp:          0 kB
CommitLimit:     9202292 kB
Committed_AS:   71224716 kB
VmallocTotal:   263061440 kB
VmallocUsed:      107252 kB
VmallocChunk:          0 kB
Percpu:             7616 kB
CmaTotal:         294912 kB
CmaFree:               0 kB
MemTotal:       12113140 kB
MemFree:         1100144 kB
MemAvailable:    7308992 kB
Buffers:            6932 kB
Cached:          6553916 kB
SwapCached:            0 kB
Active:          4285168 kB
Inactive:        4150272 kB
Active(anon):    1623532 kB
Inactive(anon):   286288 kB
Active(file):    2661636 kB
Inactive(file):  3863984 kB
Unevictable:        5576 kB
Mlocked:            5576 kB
SwapTotal:       3145724 kB
SwapFree:        3143276 kB
Dirty:               496 kB
Writeback:             0 kB
AnonPages:       1880260 kB
Mapped:           927856 kB
Shmem:             30692 kB
KReclaimable:     551932 kB
Slab:             225816 kB
SReclaimable:      80888 kB
SUnreclaim:       144928 kB
KernelStack:       50288 kB
PageTables:        67396 kB
NFS_Unstable:          0 kB
Bounce:                0 kB
WritebackTmp:          0 kB
CommitLimit:     9202292 kB
Committed_AS:   71224724 kB
VmallocTotal:   263061440 kB
VmallocUsed:      107284 kB
VmallocChunk:          0 kB
Percpu:             7616 kB
CmaTotal:         294912 kB
CmaFree:               0 kB
MemTotal:       12113140 kB
MemFree:         1042128 kB
MemAvailable:    7380276 kB
Buffers:            6932 kB
Cached:          6553920 kB
SwapCached:            0 kB
Active:          4299272 kB
Inactive:        4150160 kB
Active(anon):    1637520 kB
Inactive(anon):   286292 kB
Active(file):    2661752 kB
Inactive(file):  3863868 kB
Unevictable:        5576 kB
Mlocked:            5576 kB
SwapTotal:       3145724 kB
SwapFree:        3143276 kB
Dirty:               504 kB
Writeback:             0 kB
AnonPages:       1894304 kB
Mapped:           934788 kB
Shmem:             30696 kB
KReclaimable:     681232 kB
Slab:             225924 kB
SReclaimable:      80888 kB
SUnreclaim:       145036 kB
KernelStack:       50256 kB
PageTables:        67376 kB
NFS_Unstable:          0 kB
Bounce:                0 kB
WritebackTmp:          0 kB
CommitLimit:     9202292 kB
Committed_AS:   71213736 kB
VmallocTotal:   263061440 kB
VmallocUsed:      107268 kB
VmallocChunk:          0 kB
Percpu:             7616 kB
CmaTotal:         294912 kB
CmaFree:               0 kB
MemTotal:       12113140 kB
MemFree:         1025124 kB
MemAvailable:    7366680 kB
Buffers:            6932 kB
Cached:          6554052 kB
SwapCached:            0 kB
Active:          4315260 kB
Inactive:        4150156 kB
Active(anon):    1653372 kB
Inactive(anon):   286292 kB
Active(file):    2661888 kB
Inactive(file):  3863864 kB
Unevictable:        5576 kB
Mlocked:            5576 kB
SwapTotal:       3145724 kB
SwapFree:        3143276 kB
Dirty:               676 kB
Writeback:             0 kB
AnonPages:       1910136 kB
Mapped:           935388 kB
Shmem:             30696 kB
KReclaimable:     684508 kB
Slab:             225936 kB
SReclaimable:      80888 kB
SUnreclaim:       145048 kB
KernelStack:       50256 kB
PageTables:        67372 kB
NFS_Unstable:          0 kB
Bounce:                0 kB
WritebackTmp:          0 kB
CommitLimit:     9202292 kB
Committed_AS:   71213560 kB
VmallocTotal:   263061440 kB
VmallocUsed:      107236 kB
VmallocChunk:          0 kB
Percpu:             7616 kB
CmaTotal:         294912 kB
CmaFree:               0 kB
MemTotal:       12113140 kB
MemFree:         1025280 kB
MemAvailable:    7366940 kB
Buffers:            6932 kB
Cached:          6554184 kB
SwapCached:            0 kB
Active:          4315636 kB
Inactive:        4150260 kB
Active(anon):    1653748 kB
Inactive(anon):   286292 kB
Active(file):    2661888 kB
Inactive(file):  3863968 kB
Unevictable:        5576 kB
Mlocked:            5576 kB
SwapTotal:       3145724 kB
SwapFree:        3143276 kB
Dirty:               820 kB
Writeback:             0 kB
AnonPages:       1910624 kB
Mapped:           935460 kB
Shmem:             30696 kB
KReclaimable:     684508 kB
Slab:             225936 kB
SReclaimable:      80888 kB
SUnreclaim:       145048 kB
KernelStack:       50256 kB
PageTables:        67380 kB
NFS_Unstable:          0 kB
Bounce:                0 kB
WritebackTmp:          0 kB
CommitLimit:     9202292 kB
Committed_AS:   71213260 kB
VmallocTotal:   263061440 kB
VmallocUsed:      107284 kB
