MemTotal:        7922396 kB
MemFree:          903568 kB
MemAvailable:    4525084 kB
Buffers:           66876 kB
Cached:          2527316 kB
SwapCached:         1808 kB
Active:          1792672 kB
Inactive:        1855312 kB
Active(anon):      95416 kB
Inactive(anon):   992448 kB
Active(file):    1697256 kB
Inactive(file):   862864 kB
Unevictable:        6048 kB
Mlocked:            5608 kB
SwapTotal:       4718584 kB
SwapFree:        4570872 kB
Dirty:             40384 kB
Writeback:             0 kB
AnonPages:       1058048 kB
Mapped:           592964 kB
Shmem:             29520 kB
KReclaimable:    1451668 kB
Slab:             295480 kB
SReclaimable:      80584 kB
SUnreclaim:       214896 kB
KernelStack:       43744 kB
ShadowCallStack:   10960 kB
PageTables:        61096 kB
NFS_Unstable:          0 kB
Bounce:                0 kB
WritebackTmp:          0 kB
CommitLimit:     8679780 kB
Committed_AS:   59693300 kB
VmallocTotal:   263061440 kB
VmallocUsed:      124304 kB
VmallocChunk:          0 kB
Percpu:             6216 kB
CmaTotal:         405504 kB
CmaFree:           17200 kB
MemTotal:        7922396 kB
MemFree:          770296 kB
MemAvailable:    4393416 kB
Buffers:           66956 kB
Cached:          2530328 kB
SwapCached:         1808 kB
Active:          1792896 kB
Inactive:        1987532 kB
Active(anon):      95552 kB
Inactive(anon):  1121820 kB
Active(file):    1697344 kB
Inactive(file):   865712 kB
Unevictable:        6048 kB
Mlocked:            5608 kB
SwapTotal:       4718584 kB
SwapFree:        4570872 kB
Dirty:             43372 kB
Writeback:             0 kB
AnonPages:       1187396 kB
Mapped:           672348 kB
Shmem:             29676 kB
KReclaimable:    1450336 kB
Slab:             295548 kB
SReclaimable:      80664 kB
SUnreclaim:       214884 kB
KernelStack:       44448 kB
ShadowCallStack:   11112 kB
PageTables:        62276 kB
NFS_Unstable:          0 kB
Bounce:                0 kB
WritebackTmp:          0 kB
CommitLimit:     8679780 kB
Committed_AS:   61088108 kB
VmallocTotal:   263061440 kB
VmallocUsed:      125212 kB
VmallocChunk:          0 kB
Percpu:             6216 kB
CmaTotal:         405504 kB
CmaFree:           17200 kB
MemTotal:        7922396 kB
MemFree:          560608 kB
MemAvailable:    4178568 kB
Buffers:           66992 kB
Cached:          2530996 kB
SwapCached:         1808 kB
Active:          1792952 kB
Inactive:        2195620 kB
Active(anon):      95580 kB
Inactive(anon):  1329304 kB
Active(file):    1697372 kB
Inactive(file):   866316 kB
Unevictable:        6048 kB
Mlocked:            5608 kB
SwapTotal:       4718584 kB
SwapFree:        4570872 kB
Dirty:             43492 kB
Writeback:             0 kB
AnonPages:       1394824 kB
Mapped:           813624 kB
Shmem:             29748 kB
KReclaimable:    1444544 kB
Slab:             295764 kB
SReclaimable:      80668 kB
SUnreclaim:       215096 kB
KernelStack:       45216 kB
ShadowCallStack:   11316 kB
PageTables:        62992 kB
NFS_Unstable:          0 kB
Bounce:                0 kB
WritebackTmp:          0 kB
CommitLimit:     8679780 kB
Committed_AS:   61178076 kB
VmallocTotal:   263061440 kB
VmallocUsed:      126112 kB
VmallocChunk:          0 kB
Percpu:             6216 kB
CmaTotal:         405504 kB
CmaFree:           17200 kB
MemTotal:        7922396 kB
MemFree:          442496 kB
MemAvailable:    3812180 kB
Buffers:           67000 kB
Cached:          2530864 kB
SwapCached:         1808 kB
Active:          1794464 kB
Inactive:        2313480 kB
Active(anon):      95580 kB
Inactive(anon):  1448656 kB
Active(file):    1698884 kB
Inactive(file):   864824 kB
Unevictable:        6048 kB
Mlocked:            5608 kB
SwapTotal:       4718584 kB
SwapFree:        4570872 kB
Dirty:             43456 kB
Writeback:             0 kB
AnonPages:       1514124 kB
Mapped:           889028 kB
Shmem:             29604 kB
KReclaimable:    1196248 kB
Slab:             296192 kB
SReclaimable:      80668 kB
SUnreclaim:       215524 kB
KernelStack:       45232 kB
ShadowCallStack:   11340 kB
PageTables:        63448 kB
NFS_Unstable:          0 kB
Bounce:                0 kB
WritebackTmp:          0 kB
CommitLimit:     8679780 kB
Committed_AS:   61349940 kB
VmallocTotal:   263061440 kB
VmallocUsed:      126168 kB
VmallocChunk:          0 kB
Percpu:             6216 kB
CmaTotal:         405504 kB
CmaFree:               0 kB
MemTotal:        7922396 kB
MemFree:          335868 kB
MemAvailable:    3652512 kB
Buffers:           67000 kB
Cached:          2530844 kB
SwapCached:         1808 kB
Active:          1794468 kB
Inactive:        2421376 kB
Active(anon):      95576 kB
Inactive(anon):  1556548 kB
Active(file):    1698892 kB
Inactive(file):   864828 kB
Unevictable:        6048 kB
Mlocked:            5608 kB
SwapTotal:       4718584 kB
SwapFree:        4570872 kB
Dirty:             43468 kB
Writeback:             0 kB
AnonPages:       1622384 kB
Mapped:           911044 kB
Shmem:             29572 kB
KReclaimable:    1143196 kB
Slab:             296356 kB
SReclaimable:      80668 kB
SUnreclaim:       215688 kB
KernelStack:       45232 kB
ShadowCallStack:   11344 kB
PageTables:        64184 kB
NFS_Unstable:          0 kB
Bounce:                0 kB
WritebackTmp:          0 kB
CommitLimit:     8679780 kB
Committed_AS:   61519000 kB
VmallocTotal:   263061440 kB
VmallocUsed:      126216 kB
VmallocChunk:          0 kB
Percpu:             6216 kB
CmaTotal:         405504 kB
CmaFree:               0 kB
MemTotal:        7922396 kB
MemFree:          383868 kB
MemAvailable:    3445552 kB
Buffers:           67000 kB
Cached:          2530856 kB
SwapCached:         1808 kB
Active:          1794464 kB
Inactive:        2368028 kB
Active(anon):      95572 kB
Inactive(anon):  1503188 kB
Active(file):    1698892 kB
Inactive(file):   864840 kB
Unevictable:        6048 kB
Mlocked:            5608 kB
SwapTotal:       4718584 kB
SwapFree:        4570872 kB
Dirty:             43496 kB
Writeback:             0 kB
AnonPages:       1568848 kB
Mapped:           954068 kB
Shmem:             29572 kB
KReclaimable:     888224 kB
Slab:             297148 kB
SReclaimable:      80668 kB
SUnreclaim:       216480 kB
KernelStack:       45232 kB
ShadowCallStack:   11336 kB
PageTables:        63936 kB
NFS_Unstable:          0 kB
Bounce:                0 kB
WritebackTmp:          0 kB
CommitLimit:     8679780 kB
Committed_AS:   61469268 kB
VmallocTotal:   263061440 kB
VmallocUsed:      126216 kB
VmallocChunk:          0 kB
Percpu:             6216 kB
CmaTotal:         405504 kB
CmaFree:            2920 kB
MemTotal:        7922396 kB
MemFree:          366360 kB
MemAvailable:    3350820 kB
Buffers:           67080 kB
Cached:          2530540 kB
SwapCached:         1808 kB
Active:          1796708 kB
Inactive:        2381532 kB
Active(anon):      95524 kB
Inactive(anon):  1518864 kB
Active(file):    1701184 kB
Inactive(file):   862668 kB
Unevictable:        6048 kB
Mlocked:            5608 kB
SwapTotal:       4718584 kB
SwapFree:        4570872 kB
Dirty:             43916 kB
Writeback:            16 kB
AnonPages:       1584836 kB
Mapped:           953668 kB
Shmem:             29216 kB
KReclaimable:     810880 kB
Slab:             297664 kB
SReclaimable:      80668 kB
SUnreclaim:       216996 kB
KernelStack:       45680 kB
ShadowCallStack:   11508 kB
PageTables:        64632 kB
NFS_Unstable:          0 kB
Bounce:                0 kB
WritebackTmp:          0 kB
CommitLimit:     8679780 kB
Committed_AS:   61487412 kB
VmallocTotal:   263061440 kB
VmallocUsed:      126304 kB
VmallocChunk:          0 kB
Percpu:             6216 kB
CmaTotal:         405504 kB
CmaFree:            7076 kB
MemTotal:        7922396 kB
MemFree:          253516 kB
MemAvailable:    3149508 kB
Buffers:           67180 kB
Cached:          2521404 kB
SwapCached:         1808 kB
Active:          1782972 kB
Inactive:        2418392 kB
Active(anon):      96184 kB
Inactive(anon):  1550580 kB
Active(file):    1686788 kB
Inactive(file):   867812 kB
Unevictable:        6048 kB
Mlocked:            5608 kB
SwapTotal:       4718584 kB
SwapFree:        4567544 kB
Dirty:             43848 kB
Writeback:             0 kB
AnonPages:       1617092 kB
Mapped:           923460 kB
Shmem:             29432 kB
KReclaimable:     748048 kB
Slab:             293420 kB
SReclaimable:      75648 kB
SUnreclaim:       217772 kB
KernelStack:       45824 kB
ShadowCallStack:   11480 kB
PageTables:        64876 kB
NFS_Unstable:          0 kB
Bounce:                0 kB
WritebackTmp:          0 kB
CommitLimit:     8679780 kB
Committed_AS:   61523328 kB
VmallocTotal:   263061440 kB
VmallocUsed:      126364 kB
VmallocChunk:          0 kB
Percpu:             6216 kB
CmaTotal:         405504 kB
CmaFree:             208 kB
MemTotal:        7922396 kB
MemFree:          270656 kB
MemAvailable:    3006616 kB
Buffers:           67024 kB
Cached:          2466168 kB
SwapCached:         1808 kB
Active:          1783608 kB
Inactive:        2503064 kB
Active(anon):      96500 kB
Inactive(anon):  1691064 kB
Active(file):    1687108 kB
Inactive(file):   812000 kB
Unevictable:        6048 kB
Mlocked:            5608 kB
SwapTotal:       4718584 kB
SwapFree:        4566264 kB
Dirty:             43904 kB
Writeback:             0 kB
AnonPages:       1757764 kB
Mapped:           917844 kB
Shmem:             29532 kB
KReclaimable:     627124 kB
Slab:             293616 kB
SReclaimable:      75648 kB
SUnreclaim:       217968 kB
KernelStack:       45888 kB
ShadowCallStack:   11500 kB
PageTables:        65432 kB
NFS_Unstable:          0 kB
Bounce:                0 kB
WritebackTmp:          0 kB
CommitLimit:     8679780 kB
Committed_AS:   61687132 kB
VmallocTotal:   263061440 kB
VmallocUsed:      126448 kB
VmallocChunk:          0 kB
Percpu:             6216 kB
CmaTotal:         405504 kB
CmaFree:               0 kB
MemTotal:        7922396 kB
MemFree:          287028 kB
MemAvailable:    2906880 kB
Buffers:           67024 kB
Cached:          2452652 kB
SwapCached:         1808 kB
Active:          1788440 kB
Inactive:        2494740 kB
Active(anon):      96536 kB
Inactive(anon):  1701052 kB
Active(file):    1691904 kB
Inactive(file):   793688 kB
Unevictable:        6048 kB
Mlocked:            5608 kB
SwapTotal:       4718584 kB
SwapFree:        4566264 kB
Dirty:             43912 kB
Writeback:             0 kB
AnonPages:       1767860 kB
Mapped:           920176 kB
Shmem:             29532 kB
KReclaimable:     524532 kB
Slab:             293732 kB
SReclaimable:      75648 kB
SUnreclaim:       218084 kB
KernelStack:       45872 kB
ShadowCallStack:   11492 kB
PageTables:        65336 kB
NFS_Unstable:          0 kB
Bounce:                0 kB
WritebackTmp:          0 kB
CommitLimit:     8679780 kB
Committed_AS:   61695896 kB
VmallocTotal:   263061440 kB
VmallocUsed:      126476 kB
VmallocChunk:          0 kB
Percpu:             6216 kB
CmaTotal:         405504 kB
CmaFree:            3296 kB
MemTotal:        7922396 kB
MemFree:          291508 kB
MemAvailable:    2977124 kB
Buffers:           67024 kB
Cached:          2452688 kB
SwapCached:         1808 kB
Active:          1788760 kB
Inactive:        2490620 kB
Active(anon):      96536 kB
Inactive(anon):  1697248 kB
Active(file):    1692224 kB
Inactive(file):   793372 kB
Unevictable:        6048 kB
Mlocked:            5608 kB
SwapTotal:       4718584 kB
SwapFree:        4566264 kB
Dirty:             43920 kB
Writeback:             0 kB
AnonPages:       1764140 kB
Mapped:           928472 kB
Shmem:             29564 kB
KReclaimable:     590292 kB
Slab:             293796 kB
SReclaimable:      75648 kB
SUnreclaim:       218148 kB
KernelStack:       45888 kB
ShadowCallStack:   11492 kB
PageTables:        65256 kB
NFS_Unstable:          0 kB
Bounce:                0 kB
WritebackTmp:          0 kB
CommitLimit:     8679780 kB
Committed_AS:   61685816 kB
VmallocTotal:   263061440 kB
VmallocUsed:      126500 kB
VmallocChunk:          0 kB
Percpu:             6216 kB
CmaTotal:         405504 kB
CmaFree:            2876 kB
MemTotal:        7922396 kB
MemFree:          268600 kB
MemAvailable:    2749300 kB
Buffers:           66020 kB
Cached:          2423408 kB
SwapCached:         1808 kB
Active:          1789980 kB
Inactive:        2548836 kB
Active(anon):      96912 kB
Inactive(anon):  1786716 kB
Active(file):    1693068 kB
Inactive(file):   762120 kB
Unevictable:        6048 kB
Mlocked:            5608 kB
SwapTotal:       4718584 kB
SwapFree:        4566264 kB
Dirty:             43988 kB
Writeback:             0 kB
AnonPages:       1853720 kB
Mapped:           925256 kB
Shmem:             29688 kB
KReclaimable:     423976 kB
Slab:             293232 kB
SReclaimable:      74844 kB
SUnreclaim:       218388 kB
KernelStack:       45904 kB
ShadowCallStack:   11500 kB
PageTables:        65400 kB
NFS_Unstable:          0 kB
Bounce:                0 kB
WritebackTmp:          0 kB
CommitLimit:     8679780 kB
Committed_AS:   61678788 kB
VmallocTotal:   263061440 kB
VmallocUsed:      126480 kB
VmallocChunk:          0 kB
Percpu:             6216 kB
CmaTotal:         405504 kB
CmaFree:               0 kB
MemTotal:        7922396 kB
MemFree:          352060 kB
MemAvailable:    2963616 kB
Buffers:           66036 kB
Cached:          2423304 kB
SwapCached:         1808 kB
Active:          1789996 kB
Inactive:        2462228 kB
Active(anon):      96908 kB
Inactive(anon):  1700092 kB
Active(file):    1693088 kB
Inactive(file):   762136 kB
Unevictable:        6048 kB
Mlocked:            5608 kB
SwapTotal:       4718584 kB
SwapFree:        4566264 kB
Dirty:             44016 kB
Writeback:             0 kB
AnonPages:       1767164 kB
Mapped:           924616 kB
Shmem:             29564 kB
KReclaimable:     554796 kB
Slab:             293092 kB
SReclaimable:      74732 kB
SUnreclaim:       218360 kB
KernelStack:       45792 kB
ShadowCallStack:   11496 kB
PageTables:        65352 kB
NFS_Unstable:          0 kB
Bounce:                0 kB
WritebackTmp:          0 kB
CommitLimit:     8679780 kB
Committed_AS:   61678408 kB
VmallocTotal:   263061440 kB
VmallocUsed:      126400 kB
VmallocChunk:          0 kB
Percpu:             6216 kB
CmaTotal:         405504 kB
CmaFree:           15636 kB
MemTotal:        7922396 kB
MemFree:          350552 kB
MemAvailable:    2962392 kB
Buffers:           66060 kB
Cached:          2423308 kB
SwapCached:         1808 kB
Active:          1790208 kB
Inactive:        2463352 kB
Active(anon):      96912 kB
Inactive(anon):  1701396 kB
Active(file):    1693296 kB
Inactive(file):   761956 kB
Unevictable:        6048 kB
Mlocked:            5608 kB
SwapTotal:       4718584 kB
SwapFree:        4566264 kB
Dirty:             44060 kB
Writeback:             0 kB
AnonPages:       1768712 kB
Mapped:           924636 kB
Shmem:             29564 kB
KReclaimable:     555052 kB
Slab:             293300 kB
SReclaimable:      75004 kB
SUnreclaim:       218296 kB
KernelStack:       45824 kB
ShadowCallStack:   11480 kB
PageTables:        64912 kB
NFS_Unstable:          0 kB
Bounce:                0 kB
WritebackTmp:          0 kB
CommitLimit:     8679780 kB
Committed_AS:   61682504 kB
VmallocTotal:   263061440 kB
VmallocUsed:      126400 kB
VmallocChunk:          0 kB
Percpu:             6216 kB
CmaTotal:         405504 kB
CmaFree:           15636 kB
MemTotal:        7922396 kB
MemFree:          350852 kB
MemAvailable:    2962744 kB
Buffers:           66092 kB
Cached:          2423312 kB
SwapCached:         1808 kB
Active:          1790288 kB
Inactive:        2463876 kB
Active(anon):      96900 kB
Inactive(anon):  1701976 kB
Active(file):    1693388 kB
Inactive(file):   761900 kB
Unevictable:        6048 kB
Mlocked:            5608 kB
SwapTotal:       4718584 kB
SwapFree:        4566264 kB
Dirty:             44064 kB
Writeback:             0 kB
AnonPages:       1769012 kB
Mapped:           924692 kB
Shmem:             29564 kB
KReclaimable:     555068 kB
Slab:             293332 kB
SReclaimable:      75020 kB
SUnreclaim:       218312 kB
KernelStack:       45808 kB
ShadowCallStack:   11472 kB
PageTables:        65288 kB
NFS_Unstable:          0 kB
Bounce:                0 kB
WritebackTmp:          0 kB
CommitLimit:     8679780 kB
Committed_AS:   61682504 kB
VmallocTotal:   263061440 kB
VmallocUsed:      126400 kB
VmallocChunk:          0 kB
Percpu:             6216 kB
CmaTotal:         405504 kB
CmaFree:           15636 kB
MemTotal:        7922396 kB
MemFree:          350520 kB
MemAvailable:    2962496 kB
Buffers:           66092 kB
Cached:          2423332 kB
SwapCached:         1808 kB
Active:          1790300 kB
Inactive:        2464496 kB
Active(anon):      96912 kB
Inactive(anon):  1702576 kB
Active(file):    1693388 kB
Inactive(file):   761920 kB
Unevictable:        6048 kB
Mlocked:            5608 kB
SwapTotal:       4718584 kB
SwapFree:        4566264 kB
Dirty:             44084 kB
Writeback:             0 kB
AnonPages:       1769720 kB
Mapped:           924672 kB
Shmem:             29564 kB
KReclaimable:     555132 kB
Slab:             293392 kB
SReclaimable:      75084 kB
SUnreclaim:       218308 kB
KernelStack:       45808 kB
ShadowCallStack:   11476 kB
PageTables:        65280 kB
NFS_Unstable:          0 kB
Bounce:                0 kB
WritebackTmp:          0 kB
CommitLimit:     8679780 kB
Committed_AS:   61682504 kB
VmallocTotal:   263061440 kB
VmallocUsed:      126400 kB
VmallocChunk:          0 kB
Percpu:             6216 kB
CmaTotal:         405504 kB
CmaFree:           15636 kB
MemTotal:        7922396 kB
MemFree:          348960 kB
MemAvailable:    2960992 kB
Buffers:           66092 kB
Cached:          2423340 kB
SwapCached:         1808 kB
Active:          1790360 kB
Inactive:        2465184 kB
Active(anon):      96912 kB
Inactive(anon):  1703316 kB
Active(file):    1693448 kB
Inactive(file):   761868 kB
Unevictable:        6048 kB
Mlocked:            5608 kB
SwapTotal:       4718584 kB
SwapFree:        4566264 kB
Dirty:             44092 kB
Writeback:             0 kB
AnonPages:       1770452 kB
Mapped:           924804 kB
Shmem:             29564 kB
KReclaimable:     555180 kB
Slab:             293448 kB
SReclaimable:      75132 kB
SUnreclaim:       218316 kB
KernelStack:       45824 kB
ShadowCallStack:   11480 kB
PageTables:        65304 kB
NFS_Unstable:          0 kB
Bounce:                0 kB
WritebackTmp:          0 kB
CommitLimit:     8679780 kB
Committed_AS:   61682504 kB
VmallocTotal:   263061440 kB
VmallocUsed:      126400 kB
VmallocChunk:          0 kB
Percpu:             6216 kB
CmaTotal:         405504 kB
CmaFree:           15636 kB
MemTotal:        7922396 kB
MemFree:          347936 kB
MemAvailable:    2959996 kB
Buffers:           66092 kB
Cached:          2423348 kB
SwapCached:         1808 kB
Active:          1790356 kB
Inactive:        2466020 kB
Active(anon):      96908 kB
Inactive(anon):  1704148 kB
Active(file):    1693448 kB
Inactive(file):   761872 kB
Unevictable:        6048 kB
Mlocked:            5608 kB
SwapTotal:       4718584 kB
SwapFree:        4566264 kB
Dirty:             44100 kB
Writeback:             0 kB
AnonPages:       1771404 kB
Mapped:           924828 kB
Shmem:             29568 kB
KReclaimable:     555204 kB
Slab:             293444 kB
SReclaimable:      75148 kB
SUnreclaim:       218296 kB
KernelStack:       45792 kB
ShadowCallStack:   11476 kB
PageTables:        65280 kB
NFS_Unstable:          0 kB
Bounce:                0 kB
WritebackTmp:          0 kB
CommitLimit:     8679780 kB
Committed_AS:   61682508 kB
VmallocTotal:   263061440 kB
VmallocUsed:      126392 kB
VmallocChunk:          0 kB
Percpu:             6216 kB
CmaTotal:         405504 kB
CmaFree:           15636 kB
MemTotal:        7922396 kB
MemFree:          353004 kB
MemAvailable:    2965248 kB
Buffers:           66092 kB
Cached:          2423352 kB
SwapCached:         1808 kB
Active:          1790356 kB
Inactive:        2462400 kB
Active(anon):      96908 kB
Inactive(anon):  1700524 kB
Active(file):    1693448 kB
Inactive(file):   761876 kB
Unevictable:        6048 kB
Mlocked:            5608 kB
SwapTotal:       4718584 kB
SwapFree:        4566264 kB
Dirty:             44156 kB
Writeback:             0 kB
AnonPages:       1767580 kB
Mapped:           924700 kB
Shmem:             29568 kB
KReclaimable:     555384 kB
Slab:             293572 kB
SReclaimable:      75308 kB
SUnreclaim:       218264 kB
KernelStack:       45824 kB
ShadowCallStack:   11484 kB
PageTables:        65316 kB
NFS_Unstable:          0 kB
Bounce:                0 kB
WritebackTmp:          0 kB
CommitLimit:     8679780 kB
Committed_AS:   61682512 kB
VmallocTotal:   263061440 kB
VmallocUsed:      126416 kB
VmallocChunk:          0 kB
Percpu:             6216 kB
CmaTotal:         405504 kB
CmaFree:           16524 kB
MemTotal:        7922396 kB
MemFree:          349940 kB
MemAvailable:    2961852 kB
Buffers:           66188 kB
Cached:          2423372 kB
SwapCached:         1808 kB
Active:          1790880 kB
Inactive:        2464896 kB
Active(anon):      96904 kB
Inactive(anon):  1703436 kB
Active(file):    1693976 kB
Inactive(file):   761460 kB
Unevictable:        6048 kB
Mlocked:            5608 kB
SwapTotal:       4718584 kB
SwapFree:        4566264 kB
Dirty:             44172 kB
Writeback:             0 kB
AnonPages:       1770500 kB
Mapped:           925756 kB
Shmem:             29572 kB
KReclaimable:     554940 kB
Slab:             293668 kB
SReclaimable:      75340 kB
SUnreclaim:       218328 kB
KernelStack:       45808 kB
ShadowCallStack:   11476 kB
PageTables:        65036 kB
NFS_Unstable:          0 kB
Bounce:                0 kB
WritebackTmp:          0 kB
CommitLimit:     8679780 kB
Committed_AS:   61681488 kB
VmallocTotal:   263061440 kB
VmallocUsed:      126384 kB
VmallocChunk:          0 kB
Percpu:             6216 kB
CmaTotal:         405504 kB
CmaFree:           16524 kB
MemTotal:        7922396 kB
MemFree:          347356 kB
MemAvailable:    2959232 kB
Buffers:           66188 kB
Cached:          2423380 kB
SwapCached:         1808 kB
Active:          1791148 kB
Inactive:        2465216 kB
Active(anon):      96908 kB
Inactive(anon):  1704012 kB
Active(file):    1694240 kB
Inactive(file):   761204 kB
Unevictable:        6048 kB
Mlocked:            5608 kB
SwapTotal:       4718584 kB
SwapFree:        4566264 kB
Dirty:             44180 kB
Writeback:             0 kB
AnonPages:       1771200 kB
Mapped:           925792 kB
Shmem:             29572 kB
KReclaimable:     554896 kB
Slab:             293684 kB
SReclaimable:      75372 kB
SUnreclaim:       218312 kB
KernelStack:       45808 kB
ShadowCallStack:   11484 kB
PageTables:        65296 kB
NFS_Unstable:          0 kB
Bounce:                0 kB
WritebackTmp:          0 kB
CommitLimit:     8679780 kB
Committed_AS:   61681492 kB
VmallocTotal:   263061440 kB
VmallocUsed:      126400 kB
VmallocChunk:          0 kB
Percpu:             6216 kB
CmaTotal:         405504 kB
CmaFree:           16524 kB
MemTotal:        7922396 kB
MemFree:          347340 kB
MemAvailable:    2959228 kB
Buffers:           66188 kB
Cached:          2423408 kB
SwapCached:         1808 kB
Active:          1791608 kB
Inactive:        2465748 kB
Active(anon):      96912 kB
Inactive(anon):  1705000 kB
Active(file):    1694696 kB
Inactive(file):   760748 kB
Unevictable:        6048 kB
Mlocked:            5608 kB
SwapTotal:       4718584 kB
SwapFree:        4566264 kB
Dirty:             44180 kB
Writeback:             0 kB
AnonPages:       1772088 kB
Mapped:           925772 kB
Shmem:             29600 kB
KReclaimable:     554908 kB
Slab:             293860 kB
SReclaimable:      75388 kB
SUnreclaim:       218472 kB
KernelStack:       45808 kB
ShadowCallStack:   11476 kB
PageTables:        65228 kB
NFS_Unstable:          0 kB
Bounce:                0 kB
WritebackTmp:          0 kB
CommitLimit:     8679780 kB
Committed_AS:   61681516 kB
VmallocTotal:   263061440 kB
VmallocUsed:      126392 kB
VmallocChunk:          0 kB
Percpu:             6216 kB
CmaTotal:         405504 kB
CmaFree:           16524 kB
MemTotal:        7922396 kB
MemFree:          345320 kB
MemAvailable:    2957256 kB
Buffers:           66208 kB
Cached:          2423428 kB
SwapCached:         1808 kB
Active:          1791944 kB
Inactive:        2467648 kB
Active(anon):      96908 kB
Inactive(anon):  1707208 kB
Active(file):    1695036 kB
Inactive(file):   760440 kB
Unevictable:        6048 kB
Mlocked:            5608 kB
SwapTotal:       4718584 kB
SwapFree:        4566264 kB
Dirty:               952 kB
Writeback:             0 kB
AnonPages:       1774184 kB
Mapped:           925920 kB
Shmem:             29608 kB
KReclaimable:     554924 kB
Slab:             293864 kB
SReclaimable:      75404 kB
SUnreclaim:       218460 kB
KernelStack:       45808 kB
ShadowCallStack:   11476 kB
PageTables:        65324 kB
NFS_Unstable:          0 kB
Bounce:                0 kB
WritebackTmp:          0 kB
CommitLimit:     8679780 kB
Committed_AS:   61681528 kB
VmallocTotal:   263061440 kB
VmallocUsed:      126380 kB
VmallocChunk:          0 kB
Percpu:             6216 kB
CmaTotal:         405504 kB
CmaFree:           16524 kB
MemTotal:        7922396 kB
MemFree:          344500 kB
MemAvailable:    2956504 kB
Buffers:           66208 kB
Cached:          2423432 kB
SwapCached:         1808 kB
Active:          1792212 kB
Inactive:        2467736 kB
Active(anon):      96912 kB
Inactive(anon):  1707556 kB
Active(file):    1695300 kB
Inactive(file):   760180 kB
Unevictable:        6048 kB
Mlocked:            5608 kB
SwapTotal:       4718584 kB
SwapFree:        4566264 kB
Dirty:               968 kB
Writeback:             0 kB
AnonPages:       1774636 kB
Mapped:           925796 kB
Shmem:             29608 kB
KReclaimable:     554988 kB
Slab:             293900 kB
SReclaimable:      75468 kB
SUnreclaim:       218432 kB
KernelStack:       45792 kB
ShadowCallStack:   11472 kB
PageTables:        65296 kB
NFS_Unstable:          0 kB
Bounce:                0 kB
WritebackTmp:          0 kB
CommitLimit:     8679780 kB
Committed_AS:   61681472 kB
VmallocTotal:   263061440 kB
VmallocUsed:      126380 kB
VmallocChunk:          0 kB
Percpu:             6216 kB
CmaTotal:         405504 kB
CmaFree:           16524 kB
MemTotal:        7922396 kB
MemFree:          342876 kB
MemAvailable:    2954924 kB
Buffers:           66208 kB
Cached:          2423444 kB
SwapCached:         1808 kB
Active:          1792336 kB
Inactive:        2468420 kB
Active(anon):      96908 kB
Inactive(anon):  1708356 kB
Active(file):    1695428 kB
Inactive(file):   760064 kB
Unevictable:        6048 kB
Mlocked:            5608 kB
SwapTotal:       4718584 kB
SwapFree:        4566264 kB
Dirty:               980 kB
Writeback:             0 kB
AnonPages:       1775380 kB
Mapped:           925932 kB
Shmem:             29608 kB
KReclaimable:     555020 kB
Slab:             293864 kB
SReclaimable:      75500 kB
SUnreclaim:       218364 kB
KernelStack:       45808 kB
ShadowCallStack:   11476 kB
PageTables:        65352 kB
NFS_Unstable:          0 kB
Bounce:                0 kB
WritebackTmp:          0 kB
CommitLimit:     8679780 kB
Committed_AS:   61681472 kB
VmallocTotal:   263061440 kB
VmallocUsed:      126380 kB
VmallocChunk:          0 kB
Percpu:             6216 kB
CmaTotal:         405504 kB
CmaFree:           16524 kB
MemTotal:        7922396 kB
MemFree:          343700 kB
MemAvailable:    2955728 kB
Buffers:           66208 kB
Cached:          2423444 kB
SwapCached:         1808 kB
Active:          1792468 kB
Inactive:        2467536 kB
Active(anon):      96912 kB
Inactive(anon):  1707600 kB
Active(file):    1695556 kB
Inactive(file):   759936 kB
Unevictable:        6048 kB
Mlocked:            5608 kB
SwapTotal:       4718584 kB
SwapFree:        4566264 kB
Dirty:               980 kB
Writeback:             0 kB
AnonPages:       1774656 kB
Mapped:           925844 kB
Shmem:             29608 kB
KReclaimable:     555000 kB
Slab:             293824 kB
SReclaimable:      75500 kB
SUnreclaim:       218324 kB
KernelStack:       45792 kB
ShadowCallStack:   11468 kB
PageTables:        65320 kB
NFS_Unstable:          0 kB
Bounce:                0 kB
WritebackTmp:          0 kB
CommitLimit:     8679780 kB
Committed_AS:   61681476 kB
VmallocTotal:   263061440 kB
VmallocUsed:      126364 kB
VmallocChunk:          0 kB
Percpu:             6216 kB
CmaTotal:         405504 kB
CmaFree:           16524 kB
MemTotal:        7922396 kB
MemFree:          342896 kB
MemAvailable:    2954952 kB
Buffers:           66208 kB
Cached:          2423456 kB
SwapCached:         1808 kB
Active:          1792528 kB
Inactive:        2468052 kB
Active(anon):      96912 kB
Inactive(anon):  1708164 kB
Active(file):    1695616 kB
Inactive(file):   759888 kB
Unevictable:        6048 kB
Mlocked:            5608 kB
SwapTotal:       4718584 kB
SwapFree:        4566264 kB
Dirty:               992 kB
Writeback:             0 kB
AnonPages:       1775288 kB
Mapped:           925940 kB
Shmem:             29608 kB
KReclaimable:     555016 kB
Slab:             293880 kB
SReclaimable:      75516 kB
SUnreclaim:       218364 kB
KernelStack:       45808 kB
ShadowCallStack:   11484 kB
PageTables:        65292 kB
NFS_Unstable:          0 kB
Bounce:                0 kB
WritebackTmp:          0 kB
CommitLimit:     8679780 kB
Committed_AS:   61681472 kB
VmallocTotal:   263061440 kB
VmallocUsed:      126380 kB
VmallocChunk:          0 kB
Percpu:             6216 kB
CmaTotal:         405504 kB
CmaFree:           16524 kB
MemTotal:        7922396 kB
MemFree:          343432 kB
MemAvailable:    2955504 kB
Buffers:           66216 kB
Cached:          2423464 kB
SwapCached:         1808 kB
Active:          1792508 kB
Inactive:        2468568 kB
Active(anon):      96912 kB
Inactive(anon):  1708644 kB
Active(file):    1695596 kB
Inactive(file):   759924 kB
Unevictable:        6048 kB
Mlocked:            5608 kB
SwapTotal:       4718584 kB
SwapFree:        4566264 kB
Dirty:               276 kB
Writeback:             0 kB
AnonPages:       1775744 kB
Mapped:           925852 kB
Shmem:             29608 kB
KReclaimable:     555016 kB
Slab:             293900 kB
SReclaimable:      75516 kB
SUnreclaim:       218384 kB
KernelStack:       45808 kB
ShadowCallStack:   11476 kB
PageTables:        65288 kB
NFS_Unstable:          0 kB
Bounce:                0 kB
WritebackTmp:          0 kB
CommitLimit:     8679780 kB
Committed_AS:   61681472 kB
VmallocTotal:   263061440 kB
VmallocUsed:      126376 kB
VmallocChunk:          0 kB
Percpu:             6216 kB
CmaTotal:         405504 kB
CmaFree:           16524 kB
MemTotal:        7922396 kB
MemFree:          343952 kB
MemAvailable:    2956016 kB
Buffers:           66216 kB
Cached:          2423472 kB
SwapCached:         1808 kB
Active:          1792572 kB
Inactive:        2468600 kB
Active(anon):      96912 kB
Inactive(anon):  1708732 kB
Active(file):    1695660 kB
Inactive(file):   759868 kB
Unevictable:        6048 kB
Mlocked:            5608 kB
SwapTotal:       4718584 kB
SwapFree:        4566264 kB
Dirty:               284 kB
Writeback:             0 kB
AnonPages:       1775860 kB
Mapped:           925868 kB
Shmem:             29608 kB
KReclaimable:     555000 kB
Slab:             293932 kB
SReclaimable:      75500 kB
SUnreclaim:       218432 kB
KernelStack:       45808 kB
ShadowCallStack:   11476 kB
PageTables:        65324 kB
NFS_Unstable:          0 kB
Bounce:                0 kB
WritebackTmp:          0 kB
CommitLimit:     8679780 kB
Committed_AS:   61681476 kB
VmallocTotal:   263061440 kB
VmallocUsed:      126392 kB
VmallocChunk:          0 kB
Percpu:             6216 kB
CmaTotal:         405504 kB
CmaFree:           16524 kB
MemTotal:        7922396 kB
MemFree:          343944 kB
MemAvailable:    2956012 kB
Buffers:           66216 kB
Cached:          2423476 kB
SwapCached:         1808 kB
Active:          1792572 kB
Inactive:        2467640 kB
Active(anon):      96912 kB
Inactive(anon):  1707768 kB
Active(file):    1695660 kB
Inactive(file):   759872 kB
Unevictable:        6048 kB
Mlocked:            5608 kB
SwapTotal:       4718584 kB
SwapFree:        4566264 kB
Dirty:               328 kB
Writeback:             0 kB
AnonPages:       1775012 kB
Mapped:           925996 kB
Shmem:             29608 kB
KReclaimable:     555000 kB
Slab:             293824 kB
SReclaimable:      75500 kB
SUnreclaim:       218324 kB
KernelStack:       45808 kB
ShadowCallStack:   11476 kB
PageTables:        65264 kB
NFS_Unstable:          0 kB
Bounce:                0 kB
WritebackTmp:          0 kB
CommitLimit:     8679780 kB
Committed_AS:   61681472 kB
VmallocTotal:   263061440 kB
VmallocUsed:      126392 kB
VmallocChunk:          0 kB
Percpu:             6216 kB
CmaTotal:         405504 kB
CmaFree:           16524 kB
MemTotal:        7922396 kB
MemFree:          343660 kB
MemAvailable:    2955744 kB
Buffers:           66216 kB
Cached:          2423492 kB
SwapCached:         1808 kB
Active:          1792752 kB
Inactive:        2468140 kB
Active(anon):      96912 kB
Inactive(anon):  1708432 kB
Active(file):    1695840 kB
Inactive(file):   759708 kB
Unevictable:        6048 kB
Mlocked:            5608 kB
SwapTotal:       4718584 kB
SwapFree:        4566264 kB
Dirty:               344 kB
Writeback:             0 kB
AnonPages:       1775496 kB
Mapped:           925888 kB
Shmem:             29608 kB
KReclaimable:     555000 kB
Slab:             293880 kB
SReclaimable:      75500 kB
SUnreclaim:       218380 kB
KernelStack:       45808 kB
ShadowCallStack:   11476 kB
PageTables:        65312 kB
NFS_Unstable:          0 kB
Bounce:                0 kB
WritebackTmp:          0 kB
CommitLimit:     8679780 kB
Committed_AS:   61681472 kB
VmallocTotal:   263061440 kB
VmallocUsed:      126364 kB
VmallocChunk:          0 kB
Percpu:             6216 kB
CmaTotal:         405504 kB
CmaFree:           16524 kB
MemTotal:        7922396 kB
MemFree:          344736 kB
MemAvailable:    2956832 kB
Buffers:           66216 kB
Cached:          2423508 kB
SwapCached:         1808 kB
Active:          1792748 kB
Inactive:        2466628 kB
Active(anon):      96908 kB
Inactive(anon):  1706908 kB
Active(file):    1695840 kB
Inactive(file):   759720 kB
Unevictable:        6048 kB
Mlocked:            5608 kB
SwapTotal:       4718584 kB
SwapFree:        4566264 kB
Dirty:               356 kB
Writeback:             0 kB
AnonPages:       1774152 kB
Mapped:           925892 kB
Shmem:             29612 kB
KReclaimable:     555000 kB
Slab:             293844 kB
SReclaimable:      75500 kB
SUnreclaim:       218344 kB
KernelStack:       45776 kB
ShadowCallStack:   11480 kB
PageTables:        65260 kB
NFS_Unstable:          0 kB
Bounce:                0 kB
WritebackTmp:          0 kB
CommitLimit:     8679780 kB
Committed_AS:   61681476 kB
VmallocTotal:   263061440 kB
VmallocUsed:      126360 kB
VmallocChunk:          0 kB
Percpu:             6216 kB
CmaTotal:         405504 kB
CmaFree:           16520 kB
MemTotal:        7922396 kB
MemFree:          308252 kB
MemAvailable:    2791144 kB
Buffers:           66224 kB
Cached:          2423552 kB
SwapCached:         1808 kB
Active:          1792760 kB
Inactive:        2505116 kB
Active(anon):      96912 kB
Inactive(anon):  1745392 kB
Active(file):    1695848 kB
Inactive(file):   759724 kB
Unevictable:        6048 kB
Mlocked:            5608 kB
SwapTotal:       4718584 kB
SwapFree:        4566264 kB
Dirty:               364 kB
Writeback:             0 kB
AnonPages:       1812356 kB
Mapped:           926164 kB
Shmem:             29652 kB
KReclaimable:     425784 kB
Slab:             294016 kB
SReclaimable:      75500 kB
SUnreclaim:       218516 kB
KernelStack:       45872 kB
ShadowCallStack:   11492 kB
PageTables:        65348 kB
NFS_Unstable:          0 kB
Bounce:                0 kB
WritebackTmp:          0 kB
CommitLimit:     8679780 kB
Committed_AS:   61681816 kB
VmallocTotal:   263061440 kB
VmallocUsed:      126460 kB
VmallocChunk:          0 kB
Percpu:             6216 kB
CmaTotal:         405504 kB
CmaFree:            7724 kB
MemTotal:        7922396 kB
MemFree:          272068 kB
MemAvailable:    2736392 kB
Buffers:           66168 kB
Cached:          2411272 kB
SwapCached:         1808 kB
Active:          1793060 kB
Inactive:        2544556 kB
Active(anon):      96916 kB
Inactive(anon):  1797568 kB
Active(file):    1696144 kB
Inactive(file):   746988 kB
Unevictable:        6048 kB
Mlocked:            5608 kB
SwapTotal:       4718584 kB
SwapFree:        4566264 kB
Dirty:               384 kB
Writeback:             0 kB
AnonPages:       1864580 kB
Mapped:           919812 kB
Shmem:             29756 kB
KReclaimable:     419656 kB
Slab:             293764 kB
SReclaimable:      75132 kB
SUnreclaim:       218632 kB
KernelStack:       45872 kB
ShadowCallStack:   11492 kB
PageTables:        65444 kB
NFS_Unstable:          0 kB
Bounce:                0 kB
WritebackTmp:          0 kB
CommitLimit:     8679780 kB
Committed_AS:   61685376 kB
VmallocTotal:   263061440 kB
VmallocUsed:      126480 kB
VmallocChunk:          0 kB
Percpu:             6216 kB
CmaTotal:         405504 kB
CmaFree:               0 kB
MemTotal:        7922396 kB
MemFree:          357660 kB
MemAvailable:    2955476 kB
Buffers:           66168 kB
Cached:          2411148 kB
SwapCached:         1808 kB
Active:          1793064 kB
Inactive:        2456896 kB
Active(anon):      96912 kB
Inactive(anon):  1709896 kB
Active(file):    1696152 kB
Inactive(file):   747000 kB
Unevictable:        6048 kB
Mlocked:            5608 kB
SwapTotal:       4718584 kB
SwapFree:        4566264 kB
Dirty:               396 kB
Writeback:             0 kB
AnonPages:       1776936 kB
Mapped:           919092 kB
Shmem:             29612 kB
KReclaimable:     553128 kB
Slab:             293376 kB
SReclaimable:      74956 kB
SUnreclaim:       218420 kB
KernelStack:       45808 kB
ShadowCallStack:   11472 kB
PageTables:        65356 kB
NFS_Unstable:          0 kB
Bounce:                0 kB
WritebackTmp:          0 kB
CommitLimit:     8679780 kB
Committed_AS:   61684996 kB
VmallocTotal:   263061440 kB
VmallocUsed:      126364 kB
VmallocChunk:          0 kB
Percpu:             6216 kB
CmaTotal:         405504 kB
CmaFree:           16920 kB
MemTotal:        7922396 kB
MemFree:          357172 kB
MemAvailable:    2954976 kB
Buffers:           66168 kB
Cached:          2411152 kB
SwapCached:         1808 kB
Active:          1793128 kB
Inactive:        2457184 kB
Active(anon):      96912 kB
Inactive(anon):  1710244 kB
Active(file):    1696216 kB
Inactive(file):   746940 kB
Unevictable:        6048 kB
Mlocked:            5608 kB
SwapTotal:       4718584 kB
SwapFree:        4566264 kB
Dirty:               400 kB
Writeback:             0 kB
AnonPages:       1777384 kB
Mapped:           919100 kB
Shmem:             29612 kB
KReclaimable:     553112 kB
Slab:             293388 kB
SReclaimable:      74940 kB
SUnreclaim:       218448 kB
KernelStack:       45808 kB
ShadowCallStack:   11476 kB
PageTables:        65288 kB
NFS_Unstable:          0 kB
Bounce:                0 kB
WritebackTmp:          0 kB
CommitLimit:     8679780 kB
Committed_AS:   61684996 kB
VmallocTotal:   263061440 kB
VmallocUsed:      126392 kB
VmallocChunk:          0 kB
Percpu:             6216 kB
CmaTotal:         405504 kB
CmaFree:           16920 kB
MemTotal:        7922396 kB
MemFree:          357644 kB
MemAvailable:    2955456 kB
Buffers:           66168 kB
Cached:          2411160 kB
SwapCached:         1808 kB
Active:          1793128 kB
Inactive:        2457512 kB
Active(anon):      96912 kB
Inactive(anon):  1710564 kB
Active(file):    1696216 kB
Inactive(file):   746948 kB
Unevictable:        6048 kB
Mlocked:            5608 kB
SwapTotal:       4718584 kB
SwapFree:        4566264 kB
Dirty:               408 kB
Writeback:             0 kB
AnonPages:       1777632 kB
Mapped:           919108 kB
Shmem:             29612 kB
KReclaimable:     553112 kB
Slab:             293456 kB
SReclaimable:      74940 kB
SUnreclaim:       218516 kB
KernelStack:       45808 kB
ShadowCallStack:   11476 kB
PageTables:        65292 kB
NFS_Unstable:          0 kB
Bounce:                0 kB
WritebackTmp:          0 kB
CommitLimit:     8679780 kB
Committed_AS:   61684996 kB
VmallocTotal:   263061440 kB
VmallocUsed:      126380 kB
VmallocChunk:          0 kB
Percpu:             6216 kB
CmaTotal:         405504 kB
CmaFree:           16920 kB
MemTotal:        7922396 kB
MemFree:          357668 kB
MemAvailable:    2955488 kB
Buffers:           66168 kB
Cached:          2411168 kB
SwapCached:         1808 kB
Active:          1793188 kB
Inactive:        2457912 kB
Active(anon):      96912 kB
Inactive(anon):  1711016 kB
Active(file):    1696276 kB
Inactive(file):   746896 kB
Unevictable:        6048 kB
Mlocked:            5608 kB
SwapTotal:       4718584 kB
SwapFree:        4566264 kB
Dirty:               416 kB
Writeback:             0 kB
AnonPages:       1778084 kB
Mapped:           919120 kB
Shmem:             29612 kB
KReclaimable:     553112 kB
Slab:             293448 kB
SReclaimable:      74940 kB
SUnreclaim:       218508 kB
KernelStack:       45792 kB
ShadowCallStack:   11472 kB
PageTables:        65156 kB
NFS_Unstable:          0 kB
Bounce:                0 kB
WritebackTmp:          0 kB
CommitLimit:     8679780 kB
Committed_AS:   61684996 kB
VmallocTotal:   263061440 kB
VmallocUsed:      126396 kB
VmallocChunk:          0 kB
Percpu:             6216 kB
CmaTotal:         405504 kB
CmaFree:           16920 kB
MemTotal:        7922396 kB
MemFree:          356084 kB
MemAvailable:    2953920 kB
Buffers:           66176 kB
Cached:          2411176 kB
SwapCached:         1808 kB
Active:          1793256 kB
Inactive:        2458212 kB
Active(anon):      96912 kB
Inactive(anon):  1711368 kB
Active(file):    1696344 kB
Inactive(file):   746844 kB
Unevictable:        6048 kB
Mlocked:            5608 kB
SwapTotal:       4718584 kB
SwapFree:        4566264 kB
Dirty:               424 kB
Writeback:             0 kB
AnonPages:       1778424 kB
Mapped:           919236 kB
Shmem:             29612 kB
KReclaimable:     553112 kB
Slab:             293420 kB
SReclaimable:      74940 kB
SUnreclaim:       218480 kB
KernelStack:       45808 kB
ShadowCallStack:   11476 kB
PageTables:        65304 kB
NFS_Unstable:          0 kB
Bounce:                0 kB
WritebackTmp:          0 kB
CommitLimit:     8679780 kB
Committed_AS:   61684996 kB
VmallocTotal:   263061440 kB
VmallocUsed:      126364 kB
VmallocChunk:          0 kB
Percpu:             6216 kB
CmaTotal:         405504 kB
CmaFree:           16920 kB
MemTotal:        7922396 kB
MemFree:          357076 kB
MemAvailable:    2954964 kB
Buffers:           66176 kB
Cached:          2411180 kB
SwapCached:         1808 kB
Active:          1793252 kB
Inactive:        2458632 kB
Active(anon):      96908 kB
Inactive(anon):  1711784 kB
Active(file):    1696344 kB
Inactive(file):   746848 kB
Unevictable:        6048 kB
Mlocked:            5608 kB
SwapTotal:       4718584 kB
SwapFree:        4566264 kB
Dirty:               436 kB
Writeback:             0 kB
AnonPages:       1778860 kB
Mapped:           919308 kB
Shmem:             29612 kB
KReclaimable:     553160 kB
Slab:             293424 kB
SReclaimable:      74988 kB
SUnreclaim:       218436 kB
KernelStack:       45792 kB
ShadowCallStack:   11472 kB
PageTables:        65328 kB
NFS_Unstable:          0 kB
Bounce:                0 kB
WritebackTmp:          0 kB
CommitLimit:     8679780 kB
Committed_AS:   61684996 kB
VmallocTotal:   263061440 kB
VmallocUsed:      126364 kB
VmallocChunk:          0 kB
Percpu:             6216 kB
CmaTotal:         405504 kB
CmaFree:           16920 kB
MemTotal:        7922396 kB
MemFree:          354808 kB
MemAvailable:    2952628 kB
Buffers:           66176 kB
Cached:          2411192 kB
SwapCached:         1808 kB
Active:          1793448 kB
Inactive:        2458692 kB
Active(anon):      96912 kB
Inactive(anon):  1712024 kB
Active(file):    1696536 kB
Inactive(file):   746668 kB
Unevictable:        6048 kB
Mlocked:            5608 kB
SwapTotal:       4718584 kB
SwapFree:        4566264 kB
Dirty:               476 kB
Writeback:             0 kB
AnonPages:       1779020 kB
Mapped:           919264 kB
Shmem:             29612 kB
KReclaimable:     553080 kB
Slab:             293380 kB
SReclaimable:      74908 kB
SUnreclaim:       218472 kB
KernelStack:       45792 kB
ShadowCallStack:   11480 kB
PageTables:        65288 kB
NFS_Unstable:          0 kB
Bounce:                0 kB
WritebackTmp:          0 kB
CommitLimit:     8679780 kB
Committed_AS:   61684996 kB
VmallocTotal:   263061440 kB
VmallocUsed:      126380 kB
VmallocChunk:          0 kB
Percpu:             6216 kB
CmaTotal:         405504 kB
CmaFree:           16920 kB
MemTotal:        7922396 kB
MemFree:          356684 kB
MemAvailable:    2954516 kB
Buffers:           66176 kB
Cached:          2411204 kB
SwapCached:         1808 kB
Active:          1793448 kB
Inactive:        2458988 kB
Active(anon):      96912 kB
Inactive(anon):  1712308 kB
Active(file):    1696536 kB
Inactive(file):   746680 kB
Unevictable:        6048 kB
Mlocked:            5608 kB
SwapTotal:       4718584 kB
SwapFree:        4566264 kB
Dirty:               488 kB
Writeback:             0 kB
AnonPages:       1779544 kB
Mapped:           919156 kB
Shmem:             29612 kB
KReclaimable:     553080 kB
Slab:             293348 kB
SReclaimable:      74908 kB
SUnreclaim:       218440 kB
KernelStack:       45808 kB
ShadowCallStack:   11476 kB
PageTables:        65288 kB
NFS_Unstable:          0 kB
Bounce:                0 kB
WritebackTmp:          0 kB
CommitLimit:     8679780 kB
Committed_AS:   61685000 kB
VmallocTotal:   263061440 kB
VmallocUsed:      126380 kB
VmallocChunk:          0 kB
Percpu:             6216 kB
CmaTotal:         405504 kB
CmaFree:           16920 kB
MemTotal:        7922396 kB
MemFree:          355360 kB
MemAvailable:    2953196 kB
Buffers:           66176 kB
Cached:          2411208 kB
SwapCached:         1808 kB
Active:          1793448 kB
Inactive:        2459124 kB
Active(anon):      96912 kB
Inactive(anon):  1712440 kB
Active(file):    1696536 kB
Inactive(file):   746684 kB
Unevictable:        6048 kB
Mlocked:            5608 kB
SwapTotal:       4718584 kB
SwapFree:        4566264 kB
Dirty:               492 kB
Writeback:             0 kB
AnonPages:       1779612 kB
Mapped:           919272 kB
Shmem:             29612 kB
KReclaimable:     553080 kB
Slab:             293348 kB
SReclaimable:      74908 kB
SUnreclaim:       218440 kB
KernelStack:       45808 kB
ShadowCallStack:   11468 kB
PageTables:        65236 kB
NFS_Unstable:          0 kB
Bounce:                0 kB
WritebackTmp:          0 kB
CommitLimit:     8679780 kB
Committed_AS:   61685000 kB
VmallocTotal:   263061440 kB
VmallocUsed:      126364 kB
VmallocChunk:          0 kB
Percpu:             6216 kB
CmaTotal:         405504 kB
CmaFree:           16920 kB
MemTotal:        7922396 kB
MemFree:          353832 kB
MemAvailable:    2951720 kB
Buffers:           66200 kB
Cached:          2411220 kB
SwapCached:         1808 kB
Active:          1793472 kB
Inactive:        2460784 kB
Active(anon):      96912 kB
Inactive(anon):  1714088 kB
Active(file):    1696560 kB
Inactive(file):   746696 kB
Unevictable:        6048 kB
Mlocked:            5608 kB
SwapTotal:       4718584 kB
SwapFree:        4566264 kB
Dirty:               516 kB
Writeback:             0 kB
AnonPages:       1781192 kB
Mapped:           919164 kB
Shmem:             29612 kB
KReclaimable:     553096 kB
Slab:             293448 kB
SReclaimable:      74924 kB
SUnreclaim:       218524 kB
KernelStack:       45808 kB
ShadowCallStack:   11476 kB
PageTables:        65328 kB
NFS_Unstable:          0 kB
Bounce:                0 kB
WritebackTmp:          0 kB
CommitLimit:     8679780 kB
Committed_AS:   61685000 kB
VmallocTotal:   263061440 kB
VmallocUsed:      126380 kB
VmallocChunk:          0 kB
Percpu:             6216 kB
CmaTotal:         405504 kB
CmaFree:           16920 kB
MemTotal:        7922396 kB
MemFree:          358048 kB
MemAvailable:    2955960 kB
Buffers:           66200 kB
Cached:          2411228 kB
SwapCached:         1808 kB
Active:          1793528 kB
Inactive:        2457356 kB
Active(anon):      96904 kB
Inactive(anon):  1710716 kB
Active(file):    1696624 kB
Inactive(file):   746640 kB
Unevictable:        6048 kB
Mlocked:            5608 kB
SwapTotal:       4718584 kB
SwapFree:        4566264 kB
Dirty:               524 kB
Writeback:             0 kB
AnonPages:       1777704 kB
Mapped:           919204 kB
Shmem:             29612 kB
KReclaimable:     553112 kB
Slab:             293352 kB
SReclaimable:      74940 kB
SUnreclaim:       218412 kB
KernelStack:       45792 kB
ShadowCallStack:   11468 kB
PageTables:        65156 kB
NFS_Unstable:          0 kB
Bounce:                0 kB
WritebackTmp:          0 kB
CommitLimit:     8679780 kB
Committed_AS:   61685000 kB
VmallocTotal:   263061440 kB
VmallocUsed:      126364 kB
VmallocChunk:          0 kB
Percpu:             6216 kB
CmaTotal:         405504 kB
CmaFree:           16904 kB
MemTotal:        7922396 kB
MemFree:          355676 kB
MemAvailable:    2953600 kB
Buffers:           66200 kB
Cached:          2411240 kB
SwapCached:         1808 kB
Active:          1793532 kB
Inactive:        2457560 kB
Active(anon):      96908 kB
Inactive(anon):  1710908 kB
Active(file):    1696624 kB
Inactive(file):   746652 kB
Unevictable:        6048 kB
Mlocked:            5608 kB
SwapTotal:       4718584 kB
SwapFree:        4566264 kB
Dirty:               536 kB
Writeback:             0 kB
AnonPages:       1777932 kB
Mapped:           919272 kB
Shmem:             29612 kB
KReclaimable:     553112 kB
Slab:             293356 kB
SReclaimable:      74940 kB
SUnreclaim:       218416 kB
KernelStack:       45792 kB
ShadowCallStack:   11472 kB
PageTables:        65212 kB
NFS_Unstable:          0 kB
Bounce:                0 kB
WritebackTmp:          0 kB
CommitLimit:     8679780 kB
Committed_AS:   61684996 kB
VmallocTotal:   263061440 kB
VmallocUsed:      126368 kB
VmallocChunk:          0 kB
Percpu:             6216 kB
CmaTotal:         405504 kB
CmaFree:           12268 kB
MemTotal:        7922396 kB
MemFree:          354688 kB
MemAvailable:    2952632 kB
Buffers:           66200 kB
Cached:          2411244 kB
SwapCached:         1808 kB
Active:          1793536 kB
Inactive:        2457872 kB
Active(anon):      96912 kB
Inactive(anon):  1711216 kB
Active(file):    1696624 kB
Inactive(file):   746656 kB
Unevictable:        6048 kB
Mlocked:            5608 kB
SwapTotal:       4718584 kB
SwapFree:        4566264 kB
Dirty:               540 kB
Writeback:             0 kB
AnonPages:       1778252 kB
Mapped:           919164 kB
Shmem:             29612 kB
KReclaimable:     553128 kB
Slab:             293388 kB
SReclaimable:      74956 kB
SUnreclaim:       218432 kB
KernelStack:       45840 kB
ShadowCallStack:   11476 kB
PageTables:        65352 kB
NFS_Unstable:          0 kB
Bounce:                0 kB
WritebackTmp:          0 kB
CommitLimit:     8679780 kB
Committed_AS:   61684996 kB
VmallocTotal:   263061440 kB
VmallocUsed:      126380 kB
VmallocChunk:          0 kB
Percpu:             6216 kB
CmaTotal:         405504 kB
CmaFree:           12268 kB
MemTotal:        7922396 kB
MemFree:          353348 kB
MemAvailable:    2951300 kB
Buffers:           66200 kB
Cached:          2411252 kB
SwapCached:         1808 kB
Active:          1793720 kB
Inactive:        2459100 kB
Active(anon):      96912 kB
Inactive(anon):  1712620 kB
Active(file):    1696808 kB
Inactive(file):   746480 kB
Unevictable:        6048 kB
Mlocked:            5608 kB
SwapTotal:       4718584 kB
SwapFree:        4566264 kB
Dirty:               548 kB
Writeback:             0 kB
AnonPages:       1779640 kB
Mapped:           919164 kB
Shmem:             29612 kB
KReclaimable:     553128 kB
Slab:             293428 kB
SReclaimable:      74956 kB
SUnreclaim:       218472 kB
KernelStack:       45808 kB
ShadowCallStack:   11476 kB
PageTables:        65276 kB
NFS_Unstable:          0 kB
Bounce:                0 kB
WritebackTmp:          0 kB
CommitLimit:     8679780 kB
Committed_AS:   61685004 kB
VmallocTotal:   263061440 kB
VmallocUsed:      126396 kB
VmallocChunk:          0 kB
Percpu:             6216 kB
CmaTotal:         405504 kB
CmaFree:           12268 kB
MemTotal:        7922396 kB
MemFree:          353824 kB
MemAvailable:    2951812 kB
Buffers:           66208 kB
Cached:          2411264 kB
SwapCached:         1808 kB
Active:          1793720 kB
Inactive:        2458656 kB
Active(anon):      96904 kB
Inactive(anon):  1712164 kB
Active(file):    1696816 kB
Inactive(file):   746492 kB
Unevictable:        6048 kB
Mlocked:            5608 kB
SwapTotal:       4718584 kB
SwapFree:        4566264 kB
Dirty:               564 kB
Writeback:             0 kB
AnonPages:       1779228 kB
Mapped:           919400 kB
Shmem:             29612 kB
KReclaimable:     553144 kB
Slab:             293396 kB
SReclaimable:      74972 kB
SUnreclaim:       218424 kB
KernelStack:       45808 kB
ShadowCallStack:   11472 kB
PageTables:        65016 kB
NFS_Unstable:          0 kB
Bounce:                0 kB
WritebackTmp:          0 kB
CommitLimit:     8679780 kB
Committed_AS:   61684996 kB
VmallocTotal:   263061440 kB
VmallocUsed:      126376 kB
VmallocChunk:          0 kB
Percpu:             6216 kB
CmaTotal:         405504 kB
CmaFree:           12268 kB
MemTotal:        7922396 kB
MemFree:          352240 kB
MemAvailable:    2950248 kB
Buffers:           66208 kB
Cached:          2411268 kB
SwapCached:         1808 kB
Active:          1793780 kB
Inactive:        2459476 kB
Active(anon):      96904 kB
Inactive(anon):  1713040 kB
Active(file):    1696876 kB
Inactive(file):   746436 kB
Unevictable:        6048 kB
Mlocked:            5608 kB
SwapTotal:       4718584 kB
SwapFree:        4566264 kB
Dirty:               516 kB
Writeback:             0 kB
AnonPages:       1780004 kB
Mapped:           919204 kB
Shmem:             29612 kB
KReclaimable:     553160 kB
Slab:             293424 kB
SReclaimable:      74988 kB
SUnreclaim:       218436 kB
KernelStack:       45776 kB
ShadowCallStack:   11468 kB
PageTables:        65264 kB
NFS_Unstable:          0 kB
Bounce:                0 kB
WritebackTmp:          0 kB
CommitLimit:     8679780 kB
Committed_AS:   61684996 kB
VmallocTotal:   263061440 kB
VmallocUsed:      126396 kB
VmallocChunk:          0 kB
Percpu:             6216 kB
CmaTotal:         405504 kB
CmaFree:           12396 kB
MemTotal:        7922396 kB
MemFree:          352760 kB
MemAvailable:    2950828 kB
Buffers:           66208 kB
Cached:          2411280 kB
SwapCached:         1808 kB
Active:          1793852 kB
Inactive:        2459692 kB
Active(anon):      96912 kB
Inactive(anon):  1713308 kB
Active(file):    1696940 kB
Inactive(file):   746384 kB
Unevictable:        6048 kB
Mlocked:            5608 kB
SwapTotal:       4718584 kB
SwapFree:        4566264 kB
Dirty:               564 kB
Writeback:             0 kB
AnonPages:       1780408 kB
Mapped:           919272 kB
Shmem:             29612 kB
KReclaimable:     553208 kB
Slab:             293440 kB
SReclaimable:      75036 kB
SUnreclaim:       218404 kB
KernelStack:       45776 kB
ShadowCallStack:   11472 kB
PageTables:        65188 kB
NFS_Unstable:          0 kB
Bounce:                0 kB
WritebackTmp:          0 kB
CommitLimit:     8679780 kB
Committed_AS:   61685000 kB
VmallocTotal:   263061440 kB
VmallocUsed:      126380 kB
VmallocChunk:          0 kB
Percpu:             6216 kB
CmaTotal:         405504 kB
CmaFree:           12400 kB
MemTotal:        7922396 kB
MemFree:          351644 kB
MemAvailable:    2949740 kB
Buffers:           66208 kB
Cached:          2411292 kB
SwapCached:         1808 kB
Active:          1793852 kB
Inactive:        2460160 kB
Active(anon):      96912 kB
Inactive(anon):  1713764 kB
Active(file):    1696940 kB
Inactive(file):   746396 kB
Unevictable:        6048 kB
Mlocked:            5608 kB
SwapTotal:       4718584 kB
SwapFree:        4566264 kB
Dirty:               576 kB
Writeback:             0 kB
AnonPages:       1780924 kB
Mapped:           919176 kB
Shmem:             29612 kB
KReclaimable:     553224 kB
Slab:             293476 kB
SReclaimable:      75052 kB
SUnreclaim:       218424 kB
KernelStack:       45792 kB
ShadowCallStack:   11464 kB
PageTables:        65388 kB
NFS_Unstable:          0 kB
Bounce:                0 kB
WritebackTmp:          0 kB
CommitLimit:     8679780 kB
Committed_AS:   61684900 kB
VmallocTotal:   263061440 kB
VmallocUsed:      126320 kB
VmallocChunk:          0 kB
Percpu:             6216 kB
CmaTotal:         405504 kB
CmaFree:           12396 kB
MemTotal:        7922396 kB
MemFree:          351552 kB
MemAvailable:    2949688 kB
Buffers:           66208 kB
Cached:          2411304 kB
SwapCached:         1808 kB
Active:          1793848 kB
Inactive:        2461672 kB
Active(anon):      96908 kB
Inactive(anon):  1715268 kB
Active(file):    1696940 kB
Inactive(file):   746404 kB
Unevictable:        6048 kB
Mlocked:            5608 kB
SwapTotal:       4718584 kB
SwapFree:        4566264 kB
Dirty:                24 kB
Writeback:             0 kB
AnonPages:       1782368 kB
Mapped:           919168 kB
Shmem:             29616 kB
KReclaimable:     553256 kB
Slab:             293392 kB
SReclaimable:      75084 kB
SUnreclaim:       218308 kB
KernelStack:       45760 kB
ShadowCallStack:   11472 kB
PageTables:        65256 kB
NFS_Unstable:          0 kB
Bounce:                0 kB
WritebackTmp:          0 kB
CommitLimit:     8679780 kB
Committed_AS:   61684852 kB
VmallocTotal:   263061440 kB
VmallocUsed:      126304 kB
VmallocChunk:          0 kB
Percpu:             6216 kB
CmaTotal:         405504 kB
CmaFree:           12396 kB
MemTotal:        7922396 kB
MemFree:          351660 kB
MemAvailable:    2949828 kB
Buffers:           66216 kB
Cached:          2411312 kB
SwapCached:         1808 kB
Active:          1793916 kB
Inactive:        2461268 kB
Active(anon):      96908 kB
Inactive(anon):  1714916 kB
Active(file):    1697008 kB
Inactive(file):   746352 kB
Unevictable:        6048 kB
Mlocked:            5608 kB
SwapTotal:       4718584 kB
SwapFree:        4566264 kB
Dirty:               148 kB
Writeback:             0 kB
AnonPages:       1781912 kB
Mapped:           919176 kB
Shmem:             29616 kB
KReclaimable:     553272 kB
Slab:             293372 kB
SReclaimable:      75100 kB
SUnreclaim:       218272 kB
KernelStack:       45760 kB
ShadowCallStack:   11456 kB
PageTables:        65288 kB
NFS_Unstable:          0 kB
Bounce:                0 kB
WritebackTmp:          0 kB
CommitLimit:     8679780 kB
Committed_AS:   61684288 kB
VmallocTotal:   263061440 kB
VmallocUsed:      126296 kB
VmallocChunk:          0 kB
Percpu:             6216 kB
CmaTotal:         405504 kB
CmaFree:           12396 kB
MemTotal:        7922396 kB
MemFree:          266440 kB
MemAvailable:    2731000 kB
Buffers:           66232 kB
Cached:          2411464 kB
SwapCached:         1808 kB
Active:          1793928 kB
Inactive:        2549404 kB
Active(anon):      96904 kB
Inactive(anon):  1803044 kB
Active(file):    1697024 kB
Inactive(file):   746360 kB
Unevictable:        6048 kB
Mlocked:            5608 kB
SwapTotal:       4718584 kB
SwapFree:        4566264 kB
Dirty:               184 kB
Writeback:             0 kB
AnonPages:       1870020 kB
Mapped:           919740 kB
Shmem:             29760 kB
KReclaimable:     419640 kB
Slab:             293572 kB
SReclaimable:      75116 kB
SUnreclaim:       218456 kB
KernelStack:       45808 kB
ShadowCallStack:   11476 kB
PageTables:        65384 kB
NFS_Unstable:          0 kB
Bounce:                0 kB
WritebackTmp:          0 kB
CommitLimit:     8679780 kB
Committed_AS:   61684668 kB
VmallocTotal:   263061440 kB
VmallocUsed:      126384 kB
VmallocChunk:          0 kB
Percpu:             6216 kB
CmaTotal:         405504 kB
CmaFree:             128 kB
MemTotal:        7922396 kB
MemFree:          350292 kB
MemAvailable:    2948512 kB
Buffers:           66232 kB
Cached:          2411332 kB
SwapCached:         1808 kB
Active:          1793928 kB
Inactive:        2461668 kB
Active(anon):      96904 kB
Inactive(anon):  1715296 kB
Active(file):    1697024 kB
Inactive(file):   746372 kB
Unevictable:        6048 kB
Mlocked:            5608 kB
SwapTotal:       4718584 kB
SwapFree:        4566264 kB
Dirty:               204 kB
Writeback:             0 kB
AnonPages:       1782516 kB
Mapped:           919168 kB
Shmem:             29616 kB
KReclaimable:     553288 kB
Slab:             293512 kB
SReclaimable:      75116 kB
SUnreclaim:       218396 kB
KernelStack:       45744 kB
ShadowCallStack:   11460 kB
PageTables:        65304 kB
NFS_Unstable:          0 kB
Bounce:                0 kB
WritebackTmp:          0 kB
CommitLimit:     8679780 kB
Committed_AS:   61684292 kB
VmallocTotal:   263061440 kB
VmallocUsed:      126296 kB
VmallocChunk:          0 kB
Percpu:             6216 kB
CmaTotal:         405504 kB
CmaFree:           12148 kB
MemTotal:        7922396 kB
MemFree:          350028 kB
MemAvailable:    2948220 kB
Buffers:           66232 kB
Cached:          2411336 kB
SwapCached:         1808 kB
Active:          1793928 kB
Inactive:        2462004 kB
Active(anon):      96904 kB
Inactive(anon):  1715628 kB
Active(file):    1697024 kB
Inactive(file):   746376 kB
Unevictable:        6048 kB
Mlocked:            5608 kB
SwapTotal:       4718584 kB
SwapFree:        4566264 kB
Dirty:               208 kB
Writeback:             0 kB
AnonPages:       1782732 kB
Mapped:           919316 kB
Shmem:             29616 kB
KReclaimable:     553256 kB
Slab:             293456 kB
SReclaimable:      75084 kB
SUnreclaim:       218372 kB
KernelStack:       45760 kB
ShadowCallStack:   11460 kB
PageTables:        65304 kB
NFS_Unstable:          0 kB
Bounce:                0 kB
WritebackTmp:          0 kB
CommitLimit:     8679780 kB
Committed_AS:   61684292 kB
VmallocTotal:   263061440 kB
VmallocUsed:      126296 kB
VmallocChunk:          0 kB
Percpu:             6216 kB
CmaTotal:         405504 kB
CmaFree:           12148 kB
MemTotal:        7922396 kB
MemFree:          351220 kB
MemAvailable:    2949356 kB
Buffers:           66232 kB
Cached:          2411344 kB
SwapCached:         1808 kB
Active:          1793912 kB
Inactive:        2460172 kB
Active(anon):      96888 kB
Inactive(anon):  1713788 kB
Active(file):    1697024 kB
Inactive(file):   746384 kB
Unevictable:        6048 kB
Mlocked:            5608 kB
SwapTotal:       4718584 kB
SwapFree:        4566264 kB
Dirty:               216 kB
Writeback:             0 kB
AnonPages:       1780808 kB
Mapped:           919168 kB
Shmem:             29616 kB
KReclaimable:     553192 kB
Slab:             293368 kB
SReclaimable:      75020 kB
SUnreclaim:       218348 kB
KernelStack:       45648 kB
ShadowCallStack:   11456 kB
PageTables:        65192 kB
NFS_Unstable:          0 kB
Bounce:                0 kB
WritebackTmp:          0 kB
CommitLimit:     8679780 kB
Committed_AS:   61682328 kB
VmallocTotal:   263061440 kB
VmallocUsed:      126244 kB
VmallocChunk:          0 kB
Percpu:             6216 kB
CmaTotal:         405504 kB
CmaFree:           12148 kB
MemTotal:        7922396 kB
MemFree:          351056 kB
MemAvailable:    2949192 kB
Buffers:           66232 kB
Cached:          2411344 kB
SwapCached:         1808 kB
Active:          1793912 kB
Inactive:        2460324 kB
Active(anon):      96888 kB
Inactive(anon):  1713940 kB
Active(file):    1697024 kB
Inactive(file):   746384 kB
Unevictable:        6048 kB
Mlocked:            5608 kB
SwapTotal:       4718584 kB
SwapFree:        4566264 kB
Dirty:               216 kB
Writeback:             0 kB
AnonPages:       1780996 kB
Mapped:           919176 kB
Shmem:             29616 kB
KReclaimable:     553192 kB
Slab:             293408 kB
SReclaimable:      75020 kB
SUnreclaim:       218388 kB
KernelStack:       45680 kB
ShadowCallStack:   11436 kB
PageTables:        65228 kB
NFS_Unstable:          0 kB
Bounce:                0 kB
WritebackTmp:          0 kB
CommitLimit:     8679780 kB
Committed_AS:   61682224 kB
VmallocTotal:   263061440 kB
VmallocUsed:      126236 kB
VmallocChunk:          0 kB
Percpu:             6216 kB
CmaTotal:         405504 kB
CmaFree:           12148 kB
MemTotal:        7922396 kB
MemFree:          351628 kB
MemAvailable:    2949788 kB
Buffers:           66240 kB
Cached:          2411360 kB
SwapCached:         1808 kB
Active:          1793920 kB
Inactive:        2462068 kB
Active(anon):      96888 kB
Inactive(anon):  1715668 kB
Active(file):    1697032 kB
Inactive(file):   746400 kB
Unevictable:        6048 kB
Mlocked:            5608 kB
SwapTotal:       4718584 kB
SwapFree:        4566264 kB
Dirty:               232 kB
Writeback:             0 kB
AnonPages:       1782912 kB
Mapped:           919168 kB
Shmem:             29616 kB
KReclaimable:     553192 kB
Slab:             293408 kB
SReclaimable:      75020 kB
SUnreclaim:       218388 kB
KernelStack:       45664 kB
ShadowCallStack:   11448 kB
PageTables:        65300 kB
NFS_Unstable:          0 kB
Bounce:                0 kB
WritebackTmp:          0 kB
CommitLimit:     8679780 kB
Committed_AS:   61682224 kB
VmallocTotal:   263061440 kB
VmallocUsed:      126204 kB
VmallocChunk:          0 kB
Percpu:             6216 kB
CmaTotal:         405504 kB
CmaFree:           12148 kB
MemTotal:        7922396 kB
MemFree:          349612 kB
MemAvailable:    2947780 kB
Buffers:           66240 kB
Cached:          2411368 kB
SwapCached:         1808 kB
Active:          1793912 kB
Inactive:        2462388 kB
Active(anon):      96880 kB
Inactive(anon):  1715980 kB
Active(file):    1697032 kB
Inactive(file):   746408 kB
Unevictable:        6048 kB
Mlocked:            5608 kB
SwapTotal:       4718584 kB
SwapFree:        4566264 kB
Dirty:               268 kB
Writeback:             0 kB
AnonPages:       1782940 kB
Mapped:           919216 kB
Shmem:             29616 kB
KReclaimable:     553192 kB
Slab:             293416 kB
SReclaimable:      75020 kB
SUnreclaim:       218396 kB
KernelStack:       45648 kB
ShadowCallStack:   11424 kB
PageTables:        65160 kB
NFS_Unstable:          0 kB
Bounce:                0 kB
WritebackTmp:          0 kB
CommitLimit:     8679780 kB
Committed_AS:   61682224 kB
VmallocTotal:   263061440 kB
VmallocUsed:      126220 kB
VmallocChunk:          0 kB
Percpu:             6216 kB
CmaTotal:         405504 kB
CmaFree:           12148 kB
MemTotal:        7922396 kB
MemFree:          350084 kB
MemAvailable:    2948256 kB
Buffers:           66240 kB
Cached:          2411372 kB
SwapCached:         1808 kB
Active:          1793972 kB
Inactive:        2462352 kB
Active(anon):      96880 kB
Inactive(anon):  1716000 kB
Active(file):    1697092 kB
Inactive(file):   746352 kB
Unevictable:        6048 kB
Mlocked:            5608 kB
SwapTotal:       4718584 kB
SwapFree:        4566264 kB
Dirty:               272 kB
Writeback:             0 kB
AnonPages:       1783216 kB
Mapped:           919164 kB
Shmem:             29616 kB
KReclaimable:     553192 kB
Slab:             293388 kB
SReclaimable:      75020 kB
SUnreclaim:       218368 kB
KernelStack:       45680 kB
ShadowCallStack:   11440 kB
PageTables:        65364 kB
NFS_Unstable:          0 kB
Bounce:                0 kB
WritebackTmp:          0 kB
CommitLimit:     8679780 kB
Committed_AS:   61682224 kB
VmallocTotal:   263061440 kB
VmallocUsed:      126200 kB
VmallocChunk:          0 kB
Percpu:             6216 kB
CmaTotal:         405504 kB
CmaFree:           12148 kB
MemTotal:        7922396 kB
MemFree:          350108 kB
MemAvailable:    2948292 kB
Buffers:           66240 kB
Cached:          2411388 kB
SwapCached:         1808 kB
Active:          1793980 kB
Inactive:        2462736 kB
Active(anon):      96888 kB
Inactive(anon):  1716372 kB
Active(file):    1697092 kB
Inactive(file):   746364 kB
Unevictable:        6048 kB
Mlocked:            5608 kB
SwapTotal:       4718584 kB
SwapFree:        4566264 kB
Dirty:               300 kB
Writeback:             0 kB
AnonPages:       1783384 kB
Mapped:           919168 kB
Shmem:             29616 kB
KReclaimable:     553192 kB
Slab:             293380 kB
SReclaimable:      75020 kB
SUnreclaim:       218360 kB
KernelStack:       45664 kB
ShadowCallStack:   11436 kB
PageTables:        65100 kB
NFS_Unstable:          0 kB
Bounce:                0 kB
WritebackTmp:          0 kB
CommitLimit:     8679780 kB
Committed_AS:   61682224 kB
VmallocTotal:   263061440 kB
VmallocUsed:      126188 kB
VmallocChunk:          0 kB
Percpu:             6216 kB
CmaTotal:         405504 kB
CmaFree:           12148 kB
MemTotal:        7922396 kB
MemFree:          349000 kB
MemAvailable:    2947196 kB
Buffers:           66240 kB
Cached:          2411396 kB
SwapCached:         1808 kB
Active:          1793980 kB
Inactive:        2462972 kB
Active(anon):      96888 kB
Inactive(anon):  1716596 kB
Active(file):    1697092 kB
Inactive(file):   746376 kB
Unevictable:        6048 kB
Mlocked:            5608 kB
SwapTotal:       4718584 kB
SwapFree:        4566264 kB
Dirty:               348 kB
Writeback:             0 kB
AnonPages:       1783608 kB
Mapped:           919168 kB
Shmem:             29616 kB
KReclaimable:     553192 kB
Slab:             293380 kB
SReclaimable:      75020 kB
SUnreclaim:       218360 kB
KernelStack:       45664 kB
ShadowCallStack:   11440 kB
PageTables:        65272 kB
NFS_Unstable:          0 kB
Bounce:                0 kB
WritebackTmp:          0 kB
CommitLimit:     8679780 kB
Committed_AS:   61682224 kB
VmallocTotal:   263061440 kB
VmallocUsed:      126216 kB
VmallocChunk:          0 kB
Percpu:             6216 kB
CmaTotal:         405504 kB
CmaFree:           12148 kB
MemTotal:        7922396 kB
MemFree:          362208 kB
MemAvailable:    2960436 kB
Buffers:           66264 kB
Cached:          2411404 kB
SwapCached:         1808 kB
Active:          1794004 kB
Inactive:        2450120 kB
Active(anon):      96888 kB
Inactive(anon):  1703736 kB
Active(file):    1697116 kB
Inactive(file):   746384 kB
Unevictable:        6048 kB
Mlocked:            5608 kB
SwapTotal:       4718584 kB
SwapFree:        4566264 kB
Dirty:               408 kB
Writeback:             0 kB
AnonPages:       1770800 kB
Mapped:           916272 kB
Shmem:             29616 kB
KReclaimable:     553192 kB
Slab:             293376 kB
SReclaimable:      75020 kB
SUnreclaim:       218356 kB
KernelStack:       45664 kB
ShadowCallStack:   11440 kB
PageTables:        65260 kB
NFS_Unstable:          0 kB
Bounce:                0 kB
WritebackTmp:          0 kB
CommitLimit:     8679780 kB
Committed_AS:   61682224 kB
VmallocTotal:   263061440 kB
VmallocUsed:      126216 kB
VmallocChunk:          0 kB
Percpu:             6216 kB
CmaTotal:         405504 kB
CmaFree:           13044 kB
MemTotal:        7922396 kB
MemFree:          361616 kB
MemAvailable:    2959844 kB
Buffers:           66264 kB
Cached:          2411404 kB
SwapCached:         1808 kB
Active:          1793996 kB
Inactive:        2450036 kB
Active(anon):      96880 kB
Inactive(anon):  1703652 kB
Active(file):    1697116 kB
Inactive(file):   746384 kB
Unevictable:        6048 kB
Mlocked:            5608 kB
SwapTotal:       4718584 kB
SwapFree:        4566264 kB
Dirty:               408 kB
Writeback:             0 kB
AnonPages:       1770764 kB
Mapped:           916440 kB
Shmem:             29616 kB
KReclaimable:     553192 kB
Slab:             293424 kB
SReclaimable:      75020 kB
SUnreclaim:       218404 kB
KernelStack:       45680 kB
ShadowCallStack:   11440 kB
PageTables:        65232 kB
NFS_Unstable:          0 kB
Bounce:                0 kB
WritebackTmp:          0 kB
CommitLimit:     8679780 kB
Committed_AS:   61682224 kB
VmallocTotal:   263061440 kB
VmallocUsed:      126216 kB
VmallocChunk:          0 kB
Percpu:             6216 kB
CmaTotal:         405504 kB
CmaFree:           13044 kB
MemTotal:        7922396 kB
MemFree:          363376 kB
MemAvailable:    2961612 kB
Buffers:           66264 kB
Cached:          2411412 kB
SwapCached:         1808 kB
Active:          1793996 kB
Inactive:        2449456 kB
Active(anon):      96880 kB
Inactive(anon):  1703064 kB
Active(file):    1697116 kB
Inactive(file):   746392 kB
Unevictable:        6048 kB
Mlocked:            5608 kB
SwapTotal:       4718584 kB
SwapFree:        4566264 kB
Dirty:               416 kB
Writeback:             0 kB
AnonPages:       1770260 kB
Mapped:           916280 kB
Shmem:             29616 kB
KReclaimable:     553192 kB
Slab:             293416 kB
SReclaimable:      75020 kB
SUnreclaim:       218396 kB
KernelStack:       45552 kB
ShadowCallStack:   11412 kB
PageTables:        65196 kB
NFS_Unstable:          0 kB
Bounce:                0 kB
WritebackTmp:          0 kB
CommitLimit:     8679780 kB
Committed_AS:   61681348 kB
VmallocTotal:   263061440 kB
VmallocUsed:      126076 kB
VmallocChunk:          0 kB
Percpu:             6216 kB
CmaTotal:         405504 kB
CmaFree:           13044 kB
MemTotal:        7922396 kB
MemFree:          364264 kB
MemAvailable:    2962516 kB
Buffers:           66264 kB
Cached:          2411428 kB
SwapCached:         1808 kB
Active:          1793984 kB
Inactive:        2448572 kB
Active(anon):      96868 kB
Inactive(anon):  1702164 kB
Active(file):    1697116 kB
Inactive(file):   746408 kB
Unevictable:        6048 kB
Mlocked:            5608 kB
SwapTotal:       4718584 kB
SwapFree:        4566264 kB
Dirty:               432 kB
Writeback:             0 kB
AnonPages:       1769192 kB
Mapped:           916372 kB
Shmem:             29616 kB
KReclaimable:     553192 kB
Slab:             293392 kB
SReclaimable:      75020 kB
SUnreclaim:       218372 kB
KernelStack:       45360 kB
ShadowCallStack:   11376 kB
PageTables:        65252 kB
NFS_Unstable:          0 kB
Bounce:                0 kB
WritebackTmp:          0 kB
CommitLimit:     8679780 kB
Committed_AS:   61680268 kB
VmallocTotal:   263061440 kB
VmallocUsed:      125860 kB
VmallocChunk:          0 kB
Percpu:             6216 kB
CmaTotal:         405504 kB
CmaFree:           13172 kB
MemTotal:        7922396 kB
MemFree:          383096 kB
MemAvailable:    3005992 kB
Buffers:           66264 kB
Cached:          2411432 kB
SwapCached:         1808 kB
Active:          1793984 kB
Inactive:        2430840 kB
Active(anon):      96868 kB
Inactive(anon):  1684428 kB
Active(file):    1697116 kB
Inactive(file):   746412 kB
Unevictable:        6048 kB
Mlocked:            5608 kB
SwapTotal:       4718584 kB
SwapFree:        4566264 kB
Dirty:                84 kB
Writeback:             0 kB
AnonPages:       1751472 kB
Mapped:           916404 kB
Shmem:             29616 kB
KReclaimable:     577832 kB
Slab:             293288 kB
SReclaimable:      75020 kB
SUnreclaim:       218268 kB
KernelStack:       45392 kB
ShadowCallStack:   11380 kB
PageTables:        65208 kB
NFS_Unstable:          0 kB
Bounce:                0 kB
WritebackTmp:          0 kB
CommitLimit:     8679780 kB
Committed_AS:   61665420 kB
VmallocTotal:   263061440 kB
VmallocUsed:      125876 kB
VmallocChunk:          0 kB
Percpu:             6216 kB
CmaTotal:         405504 kB
CmaFree:           13812 kB
MemTotal:        7922396 kB
MemFree:          376912 kB
MemAvailable:    2965308 kB
Buffers:           66272 kB
Cached:          2411704 kB
SwapCached:         1808 kB
Active:          1794140 kB
Inactive:        2436528 kB
Active(anon):      96868 kB
Inactive(anon):  1689996 kB
Active(file):    1697272 kB
Inactive(file):   746532 kB
Unevictable:        6048 kB
Mlocked:            5608 kB
SwapTotal:       4718584 kB
SwapFree:        4566264 kB
Dirty:               164 kB
Writeback:             0 kB
AnonPages:       1756972 kB
Mapped:           916984 kB
Shmem:             29620 kB
KReclaimable:     543056 kB
Slab:             293356 kB
SReclaimable:      75052 kB
SUnreclaim:       218304 kB
KernelStack:       45392 kB
ShadowCallStack:   11372 kB
PageTables:        65384 kB
NFS_Unstable:          0 kB
Bounce:                0 kB
WritebackTmp:          0 kB
CommitLimit:     8679780 kB
Committed_AS:   61668556 kB
VmallocTotal:   263061440 kB
VmallocUsed:      125844 kB
VmallocChunk:          0 kB
Percpu:             6216 kB
CmaTotal:         405504 kB
CmaFree:           13812 kB
MemTotal:        7922396 kB
MemFree:          375660 kB
MemAvailable:    2964020 kB
Buffers:           66272 kB
Cached:          2411708 kB
SwapCached:         1808 kB
Active:          1794136 kB
Inactive:        2436680 kB
Active(anon):      96864 kB
Inactive(anon):  1690144 kB
Active(file):    1697272 kB
Inactive(file):   746536 kB
Unevictable:        6048 kB
Mlocked:            5608 kB
SwapTotal:       4718584 kB
SwapFree:        4566264 kB
Dirty:               168 kB
Writeback:             0 kB
AnonPages:       1757080 kB
Mapped:           917008 kB
Shmem:             29620 kB
KReclaimable:     543016 kB
Slab:             293336 kB
SReclaimable:      75020 kB
SUnreclaim:       218316 kB
KernelStack:       45376 kB
ShadowCallStack:   11368 kB
PageTables:        65372 kB
NFS_Unstable:          0 kB
Bounce:                0 kB
WritebackTmp:          0 kB
CommitLimit:     8679780 kB
Committed_AS:   61668504 kB
VmallocTotal:   263061440 kB
VmallocUsed:      125836 kB
VmallocChunk:          0 kB
Percpu:             6216 kB
CmaTotal:         405504 kB
CmaFree:           13812 kB
MemTotal:        7922396 kB
MemFree:          376532 kB
MemAvailable:    2964904 kB
Buffers:           66272 kB
Cached:          2411720 kB
SwapCached:         1808 kB
Active:          1794128 kB
Inactive:        2435928 kB
Active(anon):      96856 kB
Inactive(anon):  1689380 kB
Active(file):    1697272 kB
Inactive(file):   746548 kB
Unevictable:        6048 kB
Mlocked:            5608 kB
SwapTotal:       4718584 kB
SwapFree:        4566264 kB
Dirty:               180 kB
Writeback:             0 kB
AnonPages:       1756424 kB
Mapped:           917096 kB
Shmem:             29620 kB
KReclaimable:     543016 kB
Slab:             293336 kB
SReclaimable:      75020 kB
SUnreclaim:       218316 kB
KernelStack:       45184 kB
ShadowCallStack:   11328 kB
PageTables:        65384 kB
NFS_Unstable:          0 kB
Bounce:                0 kB
WritebackTmp:          0 kB
CommitLimit:     8679780 kB
Committed_AS:   61667932 kB
VmallocTotal:   263061440 kB
VmallocUsed:      125636 kB
VmallocChunk:          0 kB
Percpu:             6216 kB
CmaTotal:         405504 kB
CmaFree:           13812 kB
MemTotal:        7922396 kB
MemFree:          378120 kB
MemAvailable:    2966500 kB
Buffers:           66272 kB
Cached:          2411728 kB
SwapCached:         1808 kB
Active:          1794124 kB
Inactive:        2435760 kB
Active(anon):      96852 kB
Inactive(anon):  1689204 kB
Active(file):    1697272 kB
Inactive(file):   746556 kB
Unevictable:        6048 kB
Mlocked:            5608 kB
SwapTotal:       4718584 kB
SwapFree:        4566264 kB
Dirty:               188 kB
Writeback:             0 kB
AnonPages:       1756192 kB
Mapped:           916996 kB
Shmem:             29620 kB
KReclaimable:     543016 kB
Slab:             293296 kB
SReclaimable:      75020 kB
SUnreclaim:       218276 kB
KernelStack:       45056 kB
ShadowCallStack:   11292 kB
PageTables:        65284 kB
NFS_Unstable:          0 kB
Bounce:                0 kB
WritebackTmp:          0 kB
CommitLimit:     8679780 kB
Committed_AS:   61667516 kB
VmallocTotal:   263061440 kB
VmallocUsed:      125456 kB
VmallocChunk:          0 kB
Percpu:             6216 kB
CmaTotal:         405504 kB
CmaFree:           13812 kB
MemTotal:        7922396 kB
MemFree:          376836 kB
MemAvailable:    2965228 kB
Buffers:           66272 kB
Cached:          2411740 kB
SwapCached:         1808 kB
Active:          1794128 kB
Inactive:        2435440 kB
Active(anon):      96856 kB
Inactive(anon):  1688872 kB
Active(file):    1697272 kB
Inactive(file):   746568 kB
Unevictable:        6048 kB
Mlocked:            5608 kB
SwapTotal:       4718584 kB
SwapFree:        4566264 kB
Dirty:               200 kB
Writeback:             0 kB
AnonPages:       1755888 kB
Mapped:           916968 kB
Shmem:             29620 kB
KReclaimable:     543016 kB
Slab:             293296 kB
SReclaimable:      75020 kB
SUnreclaim:       218276 kB
KernelStack:       45056 kB
ShadowCallStack:   11288 kB
PageTables:        65344 kB
NFS_Unstable:          0 kB
Bounce:                0 kB
WritebackTmp:          0 kB
CommitLimit:     8679780 kB
Committed_AS:   61667516 kB
VmallocTotal:   263061440 kB
VmallocUsed:      125436 kB
VmallocChunk:          0 kB
Percpu:             6216 kB
CmaTotal:         405504 kB
CmaFree:           13812 kB
MemTotal:        7922396 kB
MemFree:          377672 kB
MemAvailable:    2966076 kB
Buffers:           66280 kB
Cached:          2411744 kB
SwapCached:         1808 kB
Active:          1794144 kB
Inactive:        2435448 kB
Active(anon):      96864 kB
Inactive(anon):  1688876 kB
Active(file):    1697280 kB
Inactive(file):   746572 kB
Unevictable:        6048 kB
Mlocked:            5608 kB
SwapTotal:       4718584 kB
SwapFree:        4566264 kB
Dirty:               204 kB
Writeback:             0 kB
AnonPages:       1755856 kB
Mapped:           917032 kB
Shmem:             29620 kB
KReclaimable:     543016 kB
Slab:             293296 kB
SReclaimable:      75020 kB
SUnreclaim:       218276 kB
KernelStack:       45072 kB
ShadowCallStack:   11284 kB
PageTables:        65432 kB
NFS_Unstable:          0 kB
Bounce:                0 kB
WritebackTmp:          0 kB
CommitLimit:     8679780 kB
Committed_AS:   61667516 kB
VmallocTotal:   263061440 kB
VmallocUsed:      125460 kB
VmallocChunk:          0 kB
Percpu:             6216 kB
CmaTotal:         405504 kB
CmaFree:           13812 kB
MemTotal:        7922396 kB
MemFree:          332872 kB
MemAvailable:    2797544 kB
Buffers:           66252 kB
Cached:          2403352 kB
SwapCached:         1808 kB
Active:          1794416 kB
Inactive:        2473716 kB
Active(anon):      96856 kB
Inactive(anon):  1735912 kB
Active(file):    1697560 kB
Inactive(file):   737804 kB
Unevictable:        6048 kB
Mlocked:            5608 kB
SwapTotal:       4718584 kB
SwapFree:        4566264 kB
Dirty:               256 kB
Writeback:             0 kB
AnonPages:       1802856 kB
Mapped:           914388 kB
Shmem:             29688 kB
KReclaimable:     419580 kB
Slab:             293220 kB
SReclaimable:      74828 kB
SUnreclaim:       218392 kB
KernelStack:       45136 kB
ShadowCallStack:   11316 kB
PageTables:        65420 kB
NFS_Unstable:          0 kB
Bounce:                0 kB
WritebackTmp:          0 kB
CommitLimit:     8679780 kB
Committed_AS:   61667900 kB
VmallocTotal:   263061440 kB
VmallocUsed:      125544 kB
VmallocChunk:          0 kB
Percpu:             6216 kB
CmaTotal:         405504 kB
CmaFree:           13812 kB
MemTotal:        7922396 kB
MemFree:          281204 kB
MemAvailable:    2875548 kB
Buffers:           66284 kB
Cached:          2403440 kB
SwapCached:         1808 kB
Active:          1794444 kB
Inactive:        2533044 kB
Active(anon):      96852 kB
Inactive(anon):  1795232 kB
Active(file):    1697592 kB
Inactive(file):   737812 kB
Unevictable:        6048 kB
Mlocked:            5608 kB
SwapTotal:       4718584 kB
SwapFree:        4566264 kB
Dirty:               284 kB
Writeback:             0 kB
AnonPages:       1862148 kB
Mapped:           913080 kB
Shmem:             29768 kB
KReclaimable:     549212 kB
Slab:             293148 kB
SReclaimable:      74828 kB
SUnreclaim:       218320 kB
KernelStack:       45088 kB
ShadowCallStack:   11300 kB
PageTables:        65492 kB
NFS_Unstable:          0 kB
Bounce:                0 kB
WritebackTmp:          0 kB
CommitLimit:     8679780 kB
Committed_AS:   61684824 kB
VmallocTotal:   263061440 kB
VmallocUsed:      125480 kB
VmallocChunk:          0 kB
Percpu:             6216 kB
CmaTotal:         405504 kB
CmaFree:               0 kB
MemTotal:        7922396 kB
MemFree:          348320 kB
MemAvailable:    2671272 kB
Buffers:           65648 kB
Cached:          2341312 kB
SwapCached:         1808 kB
Active:          1798792 kB
Inactive:        2388324 kB
Active(anon):      97984 kB
Inactive(anon):  1716348 kB
Active(file):    1700808 kB
Inactive(file):   671976 kB
Unevictable:        6048 kB
Mlocked:            5608 kB
SwapTotal:       4718584 kB
SwapFree:        4562936 kB
Dirty:               320 kB
Writeback:             0 kB
AnonPages:       1784476 kB
Mapped:           897008 kB
Shmem:             29624 kB
KReclaimable:     340440 kB
Slab:             294404 kB
SReclaimable:      74828 kB
SUnreclaim:       219576 kB
KernelStack:       45024 kB
ShadowCallStack:   11280 kB
PageTables:        65516 kB
NFS_Unstable:          0 kB
Bounce:                0 kB
WritebackTmp:          0 kB
CommitLimit:     8679780 kB
Committed_AS:   61694876 kB
VmallocTotal:   263061440 kB
VmallocUsed:      125400 kB
VmallocChunk:          0 kB
Percpu:             6216 kB
CmaTotal:         405504 kB
CmaFree:           14812 kB
MemTotal:        7922396 kB
MemFree:          345296 kB
MemAvailable:    2668236 kB
Buffers:           65648 kB
Cached:          2341332 kB
SwapCached:         1808 kB
Active:          1798800 kB
Inactive:        2388088 kB
Active(anon):      97984 kB
Inactive(anon):  1716100 kB
Active(file):    1700816 kB
Inactive(file):   671988 kB
Unevictable:        6048 kB
Mlocked:            5608 kB
SwapTotal:       4718584 kB
SwapFree:        4562936 kB
Dirty:               348 kB
Writeback:             0 kB
AnonPages:       1784352 kB
Mapped:           897224 kB
Shmem:             29624 kB
KReclaimable:     340408 kB
Slab:             294460 kB
SReclaimable:      74828 kB
SUnreclaim:       219632 kB
KernelStack:       45024 kB
ShadowCallStack:   11276 kB
PageTables:        65508 kB
NFS_Unstable:          0 kB
Bounce:                0 kB
WritebackTmp:          0 kB
CommitLimit:     8679780 kB
Committed_AS:   61694876 kB
VmallocTotal:   263061440 kB
VmallocUsed:      125416 kB
VmallocChunk:          0 kB
Percpu:             6216 kB
CmaTotal:         405504 kB
CmaFree:           14812 kB
MemTotal:        7922396 kB
MemFree:          345292 kB
MemAvailable:    2668240 kB
Buffers:           65648 kB
Cached:          2341340 kB
SwapCached:         1808 kB
Active:          1798928 kB
Inactive:        2387592 kB
Active(anon):      97980 kB
Inactive(anon):  1715728 kB
Active(file):    1700948 kB
Inactive(file):   671864 kB
Unevictable:        6048 kB
Mlocked:            5608 kB
SwapTotal:       4718584 kB
SwapFree:        4562936 kB
Dirty:               368 kB
Writeback:             0 kB
AnonPages:       1783840 kB
Mapped:           897112 kB
Shmem:             29624 kB
KReclaimable:     340408 kB
Slab:             294456 kB
SReclaimable:      74828 kB
SUnreclaim:       219628 kB
KernelStack:       45008 kB
ShadowCallStack:   11276 kB
PageTables:        65524 kB
NFS_Unstable:          0 kB
Bounce:                0 kB
WritebackTmp:          0 kB
CommitLimit:     8679780 kB
Committed_AS:   61694872 kB
VmallocTotal:   263061440 kB
VmallocUsed:      125400 kB
VmallocChunk:          0 kB
Percpu:             6216 kB
CmaTotal:         405504 kB
CmaFree:           14812 kB
MemTotal:        7922396 kB
MemFree:          345040 kB
MemAvailable:    2667996 kB
Buffers:           65648 kB
Cached:          2341348 kB
SwapCached:         1808 kB
Active:          1798932 kB
Inactive:        2388256 kB
Active(anon):      97984 kB
Inactive(anon):  1716384 kB
Active(file):    1700948 kB
Inactive(file):   671872 kB
Unevictable:        6048 kB
Mlocked:            5608 kB
SwapTotal:       4718584 kB
SwapFree:        4562936 kB
Dirty:               376 kB
Writeback:             0 kB
AnonPages:       1784468 kB
Mapped:           897120 kB
Shmem:             29624 kB
KReclaimable:     340408 kB
Slab:             294412 kB
SReclaimable:      74828 kB
SUnreclaim:       219584 kB
KernelStack:       45008 kB
ShadowCallStack:   11284 kB
PageTables:        65400 kB
NFS_Unstable:          0 kB
Bounce:                0 kB
WritebackTmp:          0 kB
CommitLimit:     8679780 kB
Committed_AS:   61694876 kB
VmallocTotal:   263061440 kB
VmallocUsed:      125396 kB
VmallocChunk:          0 kB
Percpu:             6216 kB
CmaTotal:         405504 kB
CmaFree:            1032 kB
MemTotal:        7922396 kB
MemFree:          344452 kB
MemAvailable:    2667496 kB
Buffers:           65648 kB
Cached:          2341356 kB
SwapCached:         1808 kB
Active:          1798928 kB
Inactive:        2388492 kB
Active(anon):      97980 kB
Inactive(anon):  1716612 kB
Active(file):    1700948 kB
Inactive(file):   671880 kB
Unevictable:        6048 kB
Mlocked:            5608 kB
SwapTotal:       4718584 kB
SwapFree:        4562936 kB
Dirty:               384 kB
Writeback:             0 kB
AnonPages:       1784732 kB
Mapped:           897128 kB
Shmem:             29624 kB
KReclaimable:     340488 kB
Slab:             294500 kB
SReclaimable:      74908 kB
SUnreclaim:       219592 kB
KernelStack:       45008 kB
ShadowCallStack:   11276 kB
PageTables:        65456 kB
NFS_Unstable:          0 kB
Bounce:                0 kB
WritebackTmp:          0 kB
CommitLimit:     8679780 kB
Committed_AS:   61694872 kB
VmallocTotal:   263061440 kB
VmallocUsed:      125416 kB
VmallocChunk:          0 kB
Percpu:             6216 kB
CmaTotal:         405504 kB
CmaFree:             704 kB
MemTotal:        7922396 kB
MemFree:          344376 kB
MemAvailable:    2667516 kB
Buffers:           65680 kB
Cached:          2341356 kB
SwapCached:         1808 kB
Active:          1798968 kB
Inactive:        2388620 kB
Active(anon):      97988 kB
Inactive(anon):  1716740 kB
Active(file):    1700980 kB
Inactive(file):   671880 kB
Unevictable:        6048 kB
Mlocked:            5608 kB
SwapTotal:       4718584 kB
SwapFree:        4562936 kB
Dirty:               384 kB
Writeback:             0 kB
AnonPages:       1784980 kB
Mapped:           897248 kB
Shmem:             29624 kB
KReclaimable:     340552 kB
Slab:             294640 kB
SReclaimable:      74972 kB
SUnreclaim:       219668 kB
KernelStack:       45056 kB
ShadowCallStack:   11280 kB
PageTables:        65588 kB
NFS_Unstable:          0 kB
Bounce:                0 kB
WritebackTmp:          0 kB
CommitLimit:     8679780 kB
Committed_AS:   61694876 kB
VmallocTotal:   263061440 kB
VmallocUsed:      125380 kB
VmallocChunk:          0 kB
Percpu:             6216 kB
CmaTotal:         405504 kB
CmaFree:             704 kB
MemTotal:        7922396 kB
MemFree:          344384 kB
MemAvailable:    2667592 kB
Buffers:           65680 kB
Cached:          2341376 kB
SwapCached:         1808 kB
Active:          1798964 kB
Inactive:        2388232 kB
Active(anon):      97984 kB
Inactive(anon):  1716332 kB
Active(file):    1700980 kB
Inactive(file):   671900 kB
Unevictable:        6048 kB
Mlocked:            5608 kB
SwapTotal:       4718584 kB
SwapFree:        4562936 kB
Dirty:               100 kB
Writeback:             0 kB
AnonPages:       1784456 kB
Mapped:           897256 kB
Shmem:             29624 kB
KReclaimable:     340600 kB
Slab:             294708 kB
SReclaimable:      75020 kB
SUnreclaim:       219688 kB
KernelStack:       45024 kB
ShadowCallStack:   11280 kB
PageTables:        65512 kB
NFS_Unstable:          0 kB
Bounce:                0 kB
WritebackTmp:          0 kB
CommitLimit:     8679780 kB
Committed_AS:   61694876 kB
VmallocTotal:   263061440 kB
VmallocUsed:      125416 kB
VmallocChunk:          0 kB
Percpu:             6216 kB
CmaTotal:         405504 kB
CmaFree:             704 kB
MemTotal:        7922396 kB
MemFree:          344496 kB
MemAvailable:    2667892 kB
Buffers:           65680 kB
Cached:          2341516 kB
SwapCached:         1808 kB
Active:          1798960 kB
Inactive:        2388860 kB
Active(anon):      97980 kB
Inactive(anon):  1716820 kB
Active(file):    1700980 kB
Inactive(file):   672040 kB
Unevictable:        6048 kB
Mlocked:            5608 kB
SwapTotal:       4718584 kB
SwapFree:        4562936 kB
Dirty:               136 kB
Writeback:             0 kB
AnonPages:       1784896 kB
Mapped:           897180 kB
Shmem:             29624 kB
KReclaimable:     340648 kB
Slab:             294692 kB
SReclaimable:      75068 kB
SUnreclaim:       219624 kB
KernelStack:       44992 kB
ShadowCallStack:   11276 kB
PageTables:        65416 kB
NFS_Unstable:          0 kB
Bounce:                0 kB
WritebackTmp:          0 kB
CommitLimit:     8679780 kB
Committed_AS:   61694872 kB
VmallocTotal:   263061440 kB
VmallocUsed:      125384 kB
VmallocChunk:          0 kB
Percpu:             6216 kB
CmaTotal:         405504 kB
CmaFree:             704 kB
MemTotal:        7922396 kB
MemFree:          342476 kB
MemAvailable:    2665924 kB
Buffers:           65696 kB
Cached:          2341520 kB
SwapCached:         1808 kB
Active:          1798980 kB
Inactive:        2389896 kB
Active(anon):      97984 kB
Inactive(anon):  1717852 kB
Active(file):    1700996 kB
Inactive(file):   672044 kB
Unevictable:        6048 kB
Mlocked:            5608 kB
SwapTotal:       4718584 kB
SwapFree:        4562936 kB
Dirty:               228 kB
Writeback:             0 kB
AnonPages:       1785924 kB
Mapped:           897164 kB
Shmem:             29624 kB
KReclaimable:     340680 kB
Slab:             294816 kB
SReclaimable:      75100 kB
SUnreclaim:       219716 kB
KernelStack:       45024 kB
ShadowCallStack:   11280 kB
PageTables:        65492 kB
NFS_Unstable:          0 kB
Bounce:                0 kB
WritebackTmp:          0 kB
CommitLimit:     8679780 kB
Committed_AS:   61694872 kB
VmallocTotal:   263061440 kB
VmallocUsed:      125400 kB
VmallocChunk:          0 kB
Percpu:             6216 kB
CmaTotal:         405504 kB
CmaFree:             704 kB
MemTotal:        7922396 kB
MemFree:          342964 kB
MemAvailable:    2666404 kB
Buffers:           65696 kB
Cached:          2341528 kB
SwapCached:         1808 kB
Active:          1799040 kB
Inactive:        2390264 kB
Active(anon):      97980 kB
Inactive(anon):  1718276 kB
Active(file):    1701060 kB
Inactive(file):   671988 kB
Unevictable:        6048 kB
Mlocked:            5608 kB
SwapTotal:       4718584 kB
SwapFree:        4562936 kB
Dirty:               240 kB
Writeback:             0 kB
AnonPages:       1786224 kB
Mapped:           897176 kB
Shmem:             29624 kB
KReclaimable:     340664 kB
Slab:             294688 kB
SReclaimable:      75084 kB
SUnreclaim:       219604 kB
KernelStack:       44960 kB
ShadowCallStack:   11280 kB
PageTables:        65360 kB
NFS_Unstable:          0 kB
Bounce:                0 kB
WritebackTmp:          0 kB
CommitLimit:     8679780 kB
Committed_AS:   61694872 kB
VmallocTotal:   263061440 kB
VmallocUsed:      125380 kB
VmallocChunk:          0 kB
Percpu:             6216 kB
CmaTotal:         405504 kB
CmaFree:             704 kB
MemTotal:        7922396 kB
MemFree:          343112 kB
MemAvailable:    2666396 kB
Buffers:           65696 kB
Cached:          2341532 kB
SwapCached:         1808 kB
Active:          1799172 kB
Inactive:        2390108 kB
Active(anon):      97980 kB
Inactive(anon):  1718248 kB
Active(file):    1701192 kB
Inactive(file):   671860 kB
Unevictable:        6048 kB
Mlocked:            5608 kB
SwapTotal:       4718584 kB
SwapFree:        4562936 kB
Dirty:               244 kB
Writeback:             0 kB
AnonPages:       1786332 kB
Mapped:           897184 kB
Shmem:             29624 kB
KReclaimable:     340504 kB
Slab:             294584 kB
SReclaimable:      74924 kB
SUnreclaim:       219660 kB
KernelStack:       45008 kB
ShadowCallStack:   11276 kB
PageTables:        65524 kB
NFS_Unstable:          0 kB
Bounce:                0 kB
WritebackTmp:          0 kB
CommitLimit:     8679780 kB
Committed_AS:   61694872 kB
VmallocTotal:   263061440 kB
VmallocUsed:      125400 kB
VmallocChunk:          0 kB
Percpu:             6216 kB
CmaTotal:         405504 kB
CmaFree:             704 kB
MemTotal:        7922396 kB
MemFree:          343364 kB
MemAvailable:    2666660 kB
Buffers:           65696 kB
Cached:          2341544 kB
SwapCached:         1808 kB
Active:          1799176 kB
Inactive:        2390576 kB
Active(anon):      97984 kB
Inactive(anon):  1718704 kB
Active(file):    1701192 kB
Inactive(file):   671872 kB
Unevictable:        6048 kB
Mlocked:            5608 kB
SwapTotal:       4718584 kB
SwapFree:        4562936 kB
Dirty:               256 kB
Writeback:             0 kB
AnonPages:       1786804 kB
Mapped:           897192 kB
Shmem:             29624 kB
KReclaimable:     340504 kB
Slab:             294532 kB
SReclaimable:      74924 kB
SUnreclaim:       219608 kB
KernelStack:       45024 kB
ShadowCallStack:   11292 kB
PageTables:        65484 kB
NFS_Unstable:          0 kB
Bounce:                0 kB
WritebackTmp:          0 kB
CommitLimit:     8679780 kB
Committed_AS:   61694876 kB
VmallocTotal:   263061440 kB
VmallocUsed:      125400 kB
VmallocChunk:          0 kB
Percpu:             6216 kB
CmaTotal:         405504 kB
CmaFree:             704 kB
MemTotal:        7922396 kB
MemFree:          342356 kB
MemAvailable:    2665652 kB
Buffers:           65696 kB
Cached:          2341544 kB
SwapCached:         1808 kB
Active:          1799168 kB
Inactive:        2390704 kB
Active(anon):      97976 kB
Inactive(anon):  1718832 kB
Active(file):    1701192 kB
Inactive(file):   671872 kB
Unevictable:        6048 kB
Mlocked:            5608 kB
SwapTotal:       4718584 kB
SwapFree:        4562936 kB
Dirty:               256 kB
Writeback:             0 kB
AnonPages:       1786992 kB
Mapped:           897200 kB
Shmem:             29624 kB
KReclaimable:     340504 kB
Slab:             294552 kB
SReclaimable:      74924 kB
SUnreclaim:       219628 kB
KernelStack:       45024 kB
ShadowCallStack:   11276 kB
PageTables:        65588 kB
NFS_Unstable:          0 kB
Bounce:                0 kB
WritebackTmp:          0 kB
CommitLimit:     8679780 kB
Committed_AS:   61694880 kB
VmallocTotal:   263061440 kB
VmallocUsed:      125380 kB
VmallocChunk:          0 kB
Percpu:             6216 kB
CmaTotal:         405504 kB
CmaFree:             704 kB
MemTotal:        7922396 kB
MemFree:          343032 kB
MemAvailable:    2666352 kB
Buffers:           65704 kB
Cached:          2341564 kB
SwapCached:         1808 kB
Active:          1799168 kB
Inactive:        2391020 kB
Active(anon):      97968 kB
Inactive(anon):  1719132 kB
Active(file):    1701200 kB
Inactive(file):   671888 kB
Unevictable:        6048 kB
Mlocked:            5608 kB
SwapTotal:       4718584 kB
SwapFree:        4562936 kB
Dirty:               272 kB
Writeback:             0 kB
AnonPages:       1787076 kB
Mapped:           897216 kB
Shmem:             29628 kB
KReclaimable:     340504 kB
Slab:             294600 kB
SReclaimable:      74924 kB
SUnreclaim:       219676 kB
KernelStack:       45040 kB
ShadowCallStack:   11280 kB
PageTables:        65592 kB
NFS_Unstable:          0 kB
Bounce:                0 kB
WritebackTmp:          0 kB
CommitLimit:     8679780 kB
Committed_AS:   61694880 kB
VmallocTotal:   263061440 kB
VmallocUsed:      125384 kB
VmallocChunk:          0 kB
Percpu:             6216 kB
CmaTotal:         405504 kB
CmaFree:             704 kB
MemTotal:        7922396 kB
MemFree:          343352 kB
MemAvailable:    2666676 kB
Buffers:           65704 kB
Cached:          2341568 kB
SwapCached:         1808 kB
Active:          1799176 kB
Inactive:        2391000 kB
Active(anon):      97976 kB
Inactive(anon):  1719108 kB
Active(file):    1701200 kB
Inactive(file):   671892 kB
Unevictable:        6048 kB
Mlocked:            5608 kB
SwapTotal:       4718584 kB
SwapFree:        4562936 kB
Dirty:               276 kB
Writeback:             0 kB
AnonPages:       1787256 kB
