MemTotal:       12113136 kB
MemFree:         6393272 kB
MemAvailable:    7996244 kB
Buffers:            5416 kB
Cached:          1832708 kB
SwapCached:            0 kB
Active:          1481364 kB
Inactive:        1595064 kB
Active(anon):    1244788 kB
Inactive(anon):    24200 kB
Active(file):     236576 kB
Inactive(file):  1570864 kB
Unevictable:        5620 kB
Mlocked:            5620 kB
SwapTotal:       3145724 kB
SwapFree:        3145724 kB
Dirty:               120 kB
Writeback:             0 kB
AnonPages:       1243728 kB
Mapped:           862284 kB
Shmem:             26116 kB
KReclaimable:     664236 kB
Slab:             225448 kB
SReclaimable:      77172 kB
SUnreclaim:       148276 kB
KernelStack:       47860 kB
PageTables:        67132 kB
NFS_Unstable:          0 kB
Bounce:                0 kB
WritebackTmp:          0 kB
CommitLimit:     9202292 kB
Committed_AS:   75069888 kB
VmallocTotal:   263061440 kB
VmallocUsed:      104920 kB
VmallocChunk:          0 kB
Percpu:             7552 kB
CmaTotal:         294912 kB
CmaFree:             132 kB
MemTotal:       12113136 kB
MemFree:         6392292 kB
MemAvailable:    7995344 kB
Buffers:            5416 kB
Cached:          1832788 kB
SwapCached:            0 kB
Active:          1482168 kB
Inactive:        1595108 kB
Active(anon):    1245556 kB
Inactive(anon):    24200 kB
Active(file):     236612 kB
Inactive(file):  1570908 kB
Unevictable:        5620 kB
Mlocked:            5620 kB
SwapTotal:       3145724 kB
SwapFree:        3145724 kB
Dirty:               212 kB
Writeback:             0 kB
AnonPages:       1244600 kB
Mapped:           862152 kB
Shmem:             26116 kB
KReclaimable:     664236 kB
Slab:             225456 kB
SReclaimable:      77172 kB
SUnreclaim:       148284 kB
KernelStack:       47952 kB
PageTables:        67132 kB
NFS_Unstable:          0 kB
Bounce:                0 kB
WritebackTmp:          0 kB
CommitLimit:     9202292 kB
Committed_AS:   75069528 kB
VmallocTotal:   263061440 kB
VmallocUsed:      104952 kB
VmallocChunk:          0 kB
Percpu:             7552 kB
CmaTotal:         294912 kB
CmaFree:               4 kB
MemTotal:       12113136 kB
MemFree:         6391468 kB
MemAvailable:    7994524 kB
Buffers:            5420 kB
Cached:          1832788 kB
SwapCached:            0 kB
Active:          1482740 kB
Inactive:        1595112 kB
Active(anon):    1246128 kB
Inactive(anon):    24200 kB
Active(file):     236612 kB
Inactive(file):  1570912 kB
Unevictable:        5620 kB
Mlocked:            5620 kB
SwapTotal:       3145724 kB
SwapFree:        3145724 kB
Dirty:               228 kB
Writeback:             0 kB
AnonPages:       1245028 kB
Mapped:           862344 kB
Shmem:             26116 kB
KReclaimable:     664236 kB
Slab:             225448 kB
SReclaimable:      77172 kB
SUnreclaim:       148276 kB
KernelStack:       47904 kB
PageTables:        66972 kB
NFS_Unstable:          0 kB
Bounce:                0 kB
WritebackTmp:          0 kB
CommitLimit:     9202292 kB
Committed_AS:   75069408 kB
VmallocTotal:   263061440 kB
VmallocUsed:      104952 kB
VmallocChunk:          0 kB
Percpu:             7552 kB
CmaTotal:         294912 kB
CmaFree:               0 kB
MemTotal:       12113136 kB
MemFree:         6389604 kB
MemAvailable:    7992700 kB
Buffers:            5420 kB
Cached:          1832824 kB
SwapCached:            0 kB
Active:          1483328 kB
Inactive:        1595144 kB
Active(anon):    1246712 kB
Inactive(anon):    24200 kB
Active(file):     236616 kB
Inactive(file):  1570944 kB
Unevictable:        5620 kB
Mlocked:            5620 kB
SwapTotal:       3145724 kB
SwapFree:        3145724 kB
Dirty:               328 kB
Writeback:             0 kB
AnonPages:       1245904 kB
Mapped:           862152 kB
Shmem:             26116 kB
KReclaimable:     664240 kB
Slab:             225484 kB
SReclaimable:      77176 kB
SUnreclaim:       148308 kB
KernelStack:       47904 kB
PageTables:        67016 kB
NFS_Unstable:          0 kB
Bounce:                0 kB
WritebackTmp:          0 kB
CommitLimit:     9202292 kB
Committed_AS:   75074664 kB
VmallocTotal:   263061440 kB
VmallocUsed:      104968 kB
VmallocChunk:          0 kB
Percpu:             7552 kB
CmaTotal:         294912 kB
CmaFree:               0 kB
MemTotal:       12113136 kB
MemFree:         6389468 kB
MemAvailable:    7992548 kB
Buffers:            5420 kB
Cached:          1832812 kB
SwapCached:            0 kB
Active:          1484568 kB
Inactive:        1595136 kB
Active(anon):    1247956 kB
Inactive(anon):    24204 kB
Active(file):     236612 kB
Inactive(file):  1570932 kB
Unevictable:        5620 kB
Mlocked:            5620 kB
SwapTotal:       3145724 kB
SwapFree:        3145724 kB
Dirty:               408 kB
Writeback:             0 kB
AnonPages:       1246640 kB
Mapped:           862296 kB
Shmem:             26120 kB
KReclaimable:     664240 kB
Slab:             225420 kB
SReclaimable:      77176 kB
SUnreclaim:       148244 kB
KernelStack:       47900 kB
PageTables:        67020 kB
NFS_Unstable:          0 kB
Bounce:                0 kB
WritebackTmp:          0 kB
CommitLimit:     9202292 kB
Committed_AS:   75074608 kB
VmallocTotal:   263061440 kB
VmallocUsed:      104984 kB
VmallocChunk:          0 kB
Percpu:             7552 kB
CmaTotal:         294912 kB
CmaFree:               8 kB
MemTotal:       12113136 kB
MemFree:         6388596 kB
MemAvailable:    7991720 kB
Buffers:            5420 kB
Cached:          1832856 kB
SwapCached:            0 kB
Active:          1484892 kB
Inactive:        1595176 kB
Active(anon):    1248276 kB
Inactive(anon):    24204 kB
Active(file):     236616 kB
Inactive(file):  1570972 kB
Unevictable:        5620 kB
Mlocked:            5620 kB
SwapTotal:       3145724 kB
SwapFree:        3145724 kB
Dirty:               508 kB
Writeback:             0 kB
AnonPages:       1247280 kB
Mapped:           862348 kB
Shmem:             26120 kB
KReclaimable:     664240 kB
Slab:             225492 kB
SReclaimable:      77176 kB
SUnreclaim:       148316 kB
KernelStack:       47952 kB
PageTables:        67032 kB
NFS_Unstable:          0 kB
Bounce:                0 kB
WritebackTmp:          0 kB
CommitLimit:     9202292 kB
Committed_AS:   75079824 kB
VmallocTotal:   263061440 kB
VmallocUsed:      104968 kB
VmallocChunk:          0 kB
Percpu:             7552 kB
CmaTotal:         294912 kB
CmaFree:               0 kB
MemTotal:       12113136 kB
MemFree:         6387604 kB
MemAvailable:    7990732 kB
Buffers:            5420 kB
Cached:          1832864 kB
SwapCached:            0 kB
Active:          1486028 kB
Inactive:        1595184 kB
Active(anon):    1249412 kB
Inactive(anon):    24208 kB
Active(file):     236616 kB
Inactive(file):  1570976 kB
Unevictable:        5620 kB
Mlocked:            5620 kB
SwapTotal:       3145724 kB
SwapFree:        3145724 kB
Dirty:               512 kB
Writeback:             0 kB
AnonPages:       1248608 kB
Mapped:           862228 kB
Shmem:             26124 kB
KReclaimable:     664240 kB
Slab:             225444 kB
SReclaimable:      77176 kB
SUnreclaim:       148268 kB
KernelStack:       47936 kB
PageTables:        66988 kB
NFS_Unstable:          0 kB
Bounce:                0 kB
WritebackTmp:          0 kB
CommitLimit:     9202292 kB
Committed_AS:   75079640 kB
VmallocTotal:   263061440 kB
VmallocUsed:      104984 kB
VmallocChunk:          0 kB
Percpu:             7552 kB
CmaTotal:         294912 kB
CmaFree:               0 kB
MemTotal:       12113136 kB
MemFree:         6386744 kB
MemAvailable:    7989884 kB
Buffers:            5420 kB
Cached:          1832876 kB
SwapCached:            0 kB
Active:          1485240 kB
Inactive:        1595196 kB
Active(anon):    1248624 kB
Inactive(anon):    24208 kB
Active(file):     236616 kB
Inactive(file):  1570988 kB
Unevictable:        5620 kB
Mlocked:            5620 kB
SwapTotal:       3145724 kB
SwapFree:        3145724 kB
Dirty:               528 kB
Writeback:             0 kB
AnonPages:       1247380 kB
Mapped:           862352 kB
Shmem:             26124 kB
KReclaimable:     664240 kB
Slab:             225476 kB
SReclaimable:      77176 kB
SUnreclaim:       148300 kB
KernelStack:       47956 kB
PageTables:        66976 kB
NFS_Unstable:          0 kB
Bounce:                0 kB
WritebackTmp:          0 kB
CommitLimit:     9202292 kB
Committed_AS:   75079588 kB
VmallocTotal:   263061440 kB
VmallocUsed:      105016 kB
VmallocChunk:          0 kB
Percpu:             7552 kB
CmaTotal:         294912 kB
CmaFree:             184 kB
MemTotal:       12113136 kB
MemFree:         6350952 kB
MemAvailable:    7954108 kB
Buffers:            5420 kB
Cached:          1832848 kB
SwapCached:            0 kB
Active:          1524692 kB
Inactive:        1595364 kB
Active(anon):    1288076 kB
Inactive(anon):    24360 kB
Active(file):     236616 kB
Inactive(file):  1571004 kB
Unevictable:        5620 kB
Mlocked:            5620 kB
SwapTotal:       3145724 kB
SwapFree:        3145724 kB
Dirty:               556 kB
Writeback:             0 kB
AnonPages:       1284024 kB
Mapped:           862504 kB
Shmem:             26080 kB
KReclaimable:     664240 kB
Slab:             225444 kB
SReclaimable:      77176 kB
SUnreclaim:       148268 kB
KernelStack:       47904 kB
PageTables:        66932 kB
NFS_Unstable:          0 kB
Bounce:                0 kB
WritebackTmp:          0 kB
CommitLimit:     9202292 kB
Committed_AS:   75079764 kB
VmallocTotal:   263061440 kB
VmallocUsed:      105000 kB
VmallocChunk:          0 kB
Percpu:             7552 kB
CmaTotal:         294912 kB
CmaFree:               0 kB
MemTotal:       12113136 kB
MemFree:         6363804 kB
MemAvailable:    7966968 kB
Buffers:            5420 kB
Cached:          1832928 kB
SwapCached:            0 kB
Active:          1509380 kB
Inactive:        1595248 kB
Active(anon):    1272764 kB
Inactive(anon):    24236 kB
Active(file):     236616 kB
Inactive(file):  1571012 kB
Unevictable:        5620 kB
Mlocked:            5620 kB
SwapTotal:       3145724 kB
SwapFree:        3145724 kB
Dirty:               240 kB
Writeback:             0 kB
AnonPages:       1272068 kB
Mapped:           862380 kB
Shmem:             26152 kB
KReclaimable:     664240 kB
Slab:             225448 kB
SReclaimable:      77176 kB
SUnreclaim:       148272 kB
KernelStack:       48020 kB
PageTables:        66988 kB
NFS_Unstable:          0 kB
Bounce:                0 kB
WritebackTmp:          0 kB
CommitLimit:     9202292 kB
Committed_AS:   75079452 kB
VmallocTotal:   263061440 kB
VmallocUsed:      105000 kB
VmallocChunk:          0 kB
Percpu:             7552 kB
CmaTotal:         294912 kB
CmaFree:               0 kB
MemTotal:       12113136 kB
MemFree:         6364768 kB
MemAvailable:    7967944 kB
Buffers:            5420 kB
Cached:          1832940 kB
SwapCached:            0 kB
Active:          1509164 kB
Inactive:        1595260 kB
Active(anon):    1272548 kB
Inactive(anon):    24236 kB
Active(file):     236616 kB
Inactive(file):  1571024 kB
Unevictable:        5620 kB
Mlocked:            5620 kB
SwapTotal:       3145724 kB
SwapFree:        3145724 kB
Dirty:               272 kB
Writeback:             0 kB
AnonPages:       1271848 kB
Mapped:           862192 kB
Shmem:             26152 kB
KReclaimable:     664240 kB
Slab:             225456 kB
SReclaimable:      77176 kB
SUnreclaim:       148280 kB
KernelStack:       48016 kB
PageTables:        67036 kB
NFS_Unstable:          0 kB
Bounce:                0 kB
WritebackTmp:          0 kB
CommitLimit:     9202292 kB
Committed_AS:   75074504 kB
VmallocTotal:   263061440 kB
VmallocUsed:      105000 kB
VmallocChunk:          0 kB
Percpu:             7552 kB
CmaTotal:         294912 kB
CmaFree:             100 kB
MemTotal:       12113136 kB
MemFree:         6371828 kB
MemAvailable:    7975012 kB
Buffers:            5420 kB
Cached:          1833080 kB
SwapCached:            0 kB
Active:          1502696 kB
Inactive:        1595380 kB
Active(anon):    1266080 kB
Inactive(anon):    24348 kB
Active(file):     236616 kB
Inactive(file):  1571032 kB
Unevictable:        5620 kB
Mlocked:            5620 kB
SwapTotal:       3145724 kB
SwapFree:        3145724 kB
Dirty:               316 kB
Writeback:             0 kB
AnonPages:       1265232 kB
Mapped:           862420 kB
Shmem:             26284 kB
KReclaimable:     664240 kB
Slab:             225416 kB
SReclaimable:      77176 kB
SUnreclaim:       148240 kB
KernelStack:       48048 kB
PageTables:        67120 kB
NFS_Unstable:          0 kB
Bounce:                0 kB
WritebackTmp:          0 kB
CommitLimit:     9202292 kB
Committed_AS:   75064344 kB
VmallocTotal:   263061440 kB
VmallocUsed:      105000 kB
VmallocChunk:          0 kB
Percpu:             7552 kB
CmaTotal:         294912 kB
CmaFree:              16 kB
MemTotal:       12113136 kB
MemFree:         6377848 kB
MemAvailable:    7981088 kB
Buffers:            5420 kB
Cached:          1833008 kB
SwapCached:            0 kB
Active:          1494284 kB
Inactive:        1595324 kB
Active(anon):    1257664 kB
Inactive(anon):    24240 kB
Active(file):     236620 kB
Inactive(file):  1571084 kB
Unevictable:        5620 kB
Mlocked:            5620 kB
SwapTotal:       3145724 kB
SwapFree:        3145724 kB
Dirty:               372 kB
Writeback:             0 kB
AnonPages:       1256512 kB
Mapped:           862196 kB
Shmem:             26156 kB
KReclaimable:     664240 kB
Slab:             225448 kB
SReclaimable:      77176 kB
SUnreclaim:       148272 kB
KernelStack:       48048 kB
PageTables:        67096 kB
NFS_Unstable:          0 kB
Bounce:                0 kB
WritebackTmp:          0 kB
CommitLimit:     9202292 kB
Committed_AS:   75067200 kB
VmallocTotal:   263061440 kB
VmallocUsed:      105032 kB
VmallocChunk:          0 kB
Percpu:             7552 kB
CmaTotal:         294912 kB
CmaFree:             476 kB
MemTotal:       12113136 kB
MemFree:         6377804 kB
MemAvailable:    7981028 kB
Buffers:            5420 kB
Cached:          1832996 kB
SwapCached:            0 kB
Active:          1494556 kB
Inactive:        1595316 kB
Active(anon):    1257940 kB
Inactive(anon):    24244 kB
Active(file):     236616 kB
Inactive(file):  1571072 kB
Unevictable:        5620 kB
Mlocked:            5620 kB
SwapTotal:       3145724 kB
SwapFree:        3145724 kB
Dirty:               396 kB
Writeback:             0 kB
AnonPages:       1257480 kB
Mapped:           862388 kB
Shmem:             26160 kB
KReclaimable:     664240 kB
Slab:             225464 kB
SReclaimable:      77176 kB
SUnreclaim:       148288 kB
KernelStack:       48016 kB
PageTables:        67024 kB
NFS_Unstable:          0 kB
Bounce:                0 kB
WritebackTmp:          0 kB
CommitLimit:     9202292 kB
Committed_AS:   75074488 kB
VmallocTotal:   263061440 kB
VmallocUsed:      105048 kB
VmallocChunk:          0 kB
Percpu:             7552 kB
CmaTotal:         294912 kB
CmaFree:               0 kB
MemTotal:       12113136 kB
MemFree:         6377776 kB
MemAvailable:    7981012 kB
Buffers:            5420 kB
Cached:          1833008 kB
SwapCached:            0 kB
Active:          1495240 kB
Inactive:        1595328 kB
Active(anon):    1258624 kB
Inactive(anon):    24244 kB
Active(file):     236616 kB
Inactive(file):  1571084 kB
Unevictable:        5620 kB
Mlocked:            5620 kB
SwapTotal:       3145724 kB
SwapFree:        3145724 kB
Dirty:               424 kB
Writeback:             0 kB
AnonPages:       1257536 kB
Mapped:           862392 kB
Shmem:             26160 kB
KReclaimable:     664240 kB
Slab:             225448 kB
SReclaimable:      77176 kB
SUnreclaim:       148272 kB
KernelStack:       48000 kB
PageTables:        67008 kB
NFS_Unstable:          0 kB
Bounce:                0 kB
WritebackTmp:          0 kB
CommitLimit:     9202292 kB
Committed_AS:   75074264 kB
VmallocTotal:   263061440 kB
VmallocUsed:      105048 kB
VmallocChunk:          0 kB
Percpu:             7552 kB
CmaTotal:         294912 kB
CmaFree:               4 kB
MemTotal:       12113136 kB
MemFree:         6377168 kB
MemAvailable:    7980416 kB
Buffers:            5420 kB
Cached:          1833020 kB
SwapCached:            0 kB
Active:          1496112 kB
Inactive:        1595340 kB
Active(anon):    1259496 kB
Inactive(anon):    24244 kB
Active(file):     236616 kB
Inactive(file):  1571096 kB
Unevictable:        5620 kB
Mlocked:            5620 kB
SwapTotal:       3145724 kB
SwapFree:        3145724 kB
Dirty:               436 kB
Writeback:             0 kB
AnonPages:       1258540 kB
Mapped:           862388 kB
Shmem:             26160 kB
KReclaimable:     664240 kB
Slab:             225448 kB
SReclaimable:      77176 kB
SUnreclaim:       148272 kB
KernelStack:       48000 kB
PageTables:        67164 kB
NFS_Unstable:          0 kB
Bounce:                0 kB
WritebackTmp:          0 kB
CommitLimit:     9202292 kB
Committed_AS:   75069140 kB
VmallocTotal:   263061440 kB
VmallocUsed:      105032 kB
VmallocChunk:          0 kB
Percpu:             7552 kB
CmaTotal:         294912 kB
CmaFree:               0 kB
MemTotal:       12113136 kB
MemFree:         6376156 kB
MemAvailable:    7979420 kB
Buffers:            5420 kB
Cached:          1833036 kB
SwapCached:            0 kB
Active:          1496332 kB
Inactive:        1595356 kB
Active(anon):    1259716 kB
Inactive(anon):    24244 kB
Active(file):     236616 kB
Inactive(file):  1571112 kB
Unevictable:        5620 kB
Mlocked:            5620 kB
SwapTotal:       3145724 kB
SwapFree:        3145724 kB
Dirty:               452 kB
Writeback:             0 kB
AnonPages:       1258732 kB
Mapped:           862388 kB
Shmem:             26160 kB
KReclaimable:     664240 kB
Slab:             225448 kB
SReclaimable:      77176 kB
SUnreclaim:       148272 kB
KernelStack:       47984 kB
PageTables:        66984 kB
NFS_Unstable:          0 kB
Bounce:                0 kB
WritebackTmp:          0 kB
CommitLimit:     9202292 kB
Committed_AS:   75074664 kB
VmallocTotal:   263061440 kB
VmallocUsed:      105048 kB
VmallocChunk:          0 kB
Percpu:             7552 kB
CmaTotal:         294912 kB
CmaFree:               0 kB
MemTotal:       12113136 kB
MemFree:         6375772 kB
MemAvailable:    7979080 kB
Buffers:            5424 kB
Cached:          1833076 kB
SwapCached:            0 kB
Active:          1497348 kB
Inactive:        1595388 kB
Active(anon):    1260720 kB
Inactive(anon):    24244 kB
Active(file):     236628 kB
Inactive(file):  1571144 kB
Unevictable:        5620 kB
Mlocked:            5620 kB
SwapTotal:       3145724 kB
SwapFree:        3145724 kB
Dirty:               484 kB
Writeback:             0 kB
AnonPages:       1260036 kB
Mapped:           862388 kB
Shmem:             26160 kB
KReclaimable:     664240 kB
Slab:             225464 kB
SReclaimable:      77176 kB
SUnreclaim:       148288 kB
KernelStack:       47968 kB
PageTables:        66988 kB
NFS_Unstable:          0 kB
Bounce:                0 kB
WritebackTmp:          0 kB
CommitLimit:     9202292 kB
Committed_AS:   75073644 kB
VmallocTotal:   263061440 kB
VmallocUsed:      105064 kB
VmallocChunk:          0 kB
Percpu:             7552 kB
CmaTotal:         294912 kB
CmaFree:               0 kB
MemTotal:       12113136 kB
MemFree:         6374196 kB
MemAvailable:    7977500 kB
Buffers:            5424 kB
Cached:          1833072 kB
SwapCached:            0 kB
Active:          1497980 kB
Inactive:        1595392 kB
Active(anon):    1261360 kB
Inactive(anon):    24244 kB
Active(file):     236620 kB
Inactive(file):  1571148 kB
Unevictable:        5620 kB
Mlocked:            5620 kB
SwapTotal:       3145724 kB
SwapFree:        3145724 kB
Dirty:               460 kB
Writeback:             0 kB
AnonPages:       1260748 kB
Mapped:           862388 kB
Shmem:             26160 kB
KReclaimable:     664240 kB
Slab:             225448 kB
SReclaimable:      77176 kB
SUnreclaim:       148272 kB
KernelStack:       48000 kB
PageTables:        67044 kB
NFS_Unstable:          0 kB
Bounce:                0 kB
WritebackTmp:          0 kB
CommitLimit:     9202292 kB
Committed_AS:   75073468 kB
VmallocTotal:   263061440 kB
VmallocUsed:      105064 kB
VmallocChunk:          0 kB
Percpu:             7552 kB
CmaTotal:         294912 kB
CmaFree:               0 kB
MemTotal:       12113136 kB
MemFree:         6373568 kB
MemAvailable:    7976876 kB
Buffers:            5424 kB
Cached:          1833076 kB
SwapCached:            0 kB
Active:          1498748 kB
Inactive:        1595400 kB
Active(anon):    1262132 kB
Inactive(anon):    24244 kB
Active(file):     236616 kB
Inactive(file):  1571156 kB
Unevictable:        5620 kB
Mlocked:            5620 kB
SwapTotal:       3145724 kB
SwapFree:        3145724 kB
Dirty:               196 kB
Writeback:             0 kB
AnonPages:       1261328 kB
Mapped:           862388 kB
Shmem:             26160 kB
KReclaimable:     664240 kB
Slab:             225436 kB
SReclaimable:      77176 kB
SUnreclaim:       148260 kB
KernelStack:       47968 kB
PageTables:        66972 kB
NFS_Unstable:          0 kB
Bounce:                0 kB
WritebackTmp:          0 kB
CommitLimit:     9202292 kB
Committed_AS:   75074712 kB
VmallocTotal:   263061440 kB
VmallocUsed:      105032 kB
VmallocChunk:          0 kB
Percpu:             7552 kB
CmaTotal:         294912 kB
CmaFree:               0 kB
MemTotal:       12113136 kB
MemFree:         6372436 kB
MemAvailable:    7975764 kB
Buffers:            5424 kB
Cached:          1833096 kB
SwapCached:            0 kB
Active:          1499708 kB
Inactive:        1595416 kB
Active(anon):    1263088 kB
Inactive(anon):    24244 kB
Active(file):     236620 kB
Inactive(file):  1571172 kB
Unevictable:        5620 kB
Mlocked:            5620 kB
SwapTotal:       3145724 kB
SwapFree:        3145724 kB
Dirty:               268 kB
Writeback:             0 kB
AnonPages:       1262036 kB
Mapped:           862392 kB
Shmem:             26160 kB
KReclaimable:     664240 kB
Slab:             225436 kB
SReclaimable:      77176 kB
SUnreclaim:       148260 kB
KernelStack:       47968 kB
PageTables:        66976 kB
NFS_Unstable:          0 kB
Bounce:                0 kB
WritebackTmp:          0 kB
CommitLimit:     9202292 kB
Committed_AS:   75068272 kB
VmallocTotal:   263061440 kB
VmallocUsed:      105096 kB
VmallocChunk:          0 kB
Percpu:             7552 kB
CmaTotal:         294912 kB
CmaFree:               0 kB
MemTotal:       12113136 kB
MemFree:         6371724 kB
MemAvailable:    7975064 kB
Buffers:            5424 kB
Cached:          1833108 kB
SwapCached:            0 kB
Active:          1500072 kB
Inactive:        1595428 kB
Active(anon):    1263452 kB
Inactive(anon):    24244 kB
Active(file):     236620 kB
Inactive(file):  1571184 kB
Unevictable:        5620 kB
Mlocked:            5620 kB
SwapTotal:       3145724 kB
SwapFree:        3145724 kB
Dirty:               296 kB
Writeback:             0 kB
AnonPages:       1262268 kB
Mapped:           862388 kB
Shmem:             26160 kB
KReclaimable:     664240 kB
Slab:             225444 kB
SReclaimable:      77176 kB
SUnreclaim:       148268 kB
KernelStack:       47984 kB
PageTables:        67108 kB
NFS_Unstable:          0 kB
Bounce:                0 kB
WritebackTmp:          0 kB
CommitLimit:     9202292 kB
Committed_AS:   75078108 kB
VmallocTotal:   263061440 kB
VmallocUsed:      105064 kB
VmallocChunk:          0 kB
Percpu:             7552 kB
CmaTotal:         294912 kB
CmaFree:               0 kB
MemTotal:       12113136 kB
MemFree:         6390696 kB
MemAvailable:    7994044 kB
Buffers:            5424 kB
Cached:          1833116 kB
SwapCached:            0 kB
Active:          1481520 kB
Inactive:        1595436 kB
Active(anon):    1244900 kB
Inactive(anon):    24244 kB
Active(file):     236620 kB
Inactive(file):  1571192 kB
Unevictable:        5620 kB
Mlocked:            5620 kB
SwapTotal:       3145724 kB
SwapFree:        3145724 kB
Dirty:               304 kB
Writeback:             0 kB
AnonPages:       1243764 kB
Mapped:           862252 kB
Shmem:             26160 kB
KReclaimable:     664240 kB
Slab:             225420 kB
SReclaimable:      77176 kB
SUnreclaim:       148244 kB
KernelStack:       48000 kB
PageTables:        67016 kB
NFS_Unstable:          0 kB
Bounce:                0 kB
WritebackTmp:          0 kB
CommitLimit:     9202292 kB
Committed_AS:   75079888 kB
VmallocTotal:   263061440 kB
VmallocUsed:      105064 kB
VmallocChunk:          0 kB
Percpu:             7552 kB
CmaTotal:         294912 kB
CmaFree:             184 kB
MemTotal:       12113136 kB
MemFree:         6389420 kB
MemAvailable:    7992788 kB
Buffers:            5424 kB
Cached:          1833132 kB
SwapCached:            0 kB
Active:          1481552 kB
Inactive:        1595452 kB
Active(anon):    1244932 kB
Inactive(anon):    24244 kB
Active(file):     236620 kB
Inactive(file):  1571208 kB
Unevictable:        5620 kB
Mlocked:            5620 kB
SwapTotal:       3145724 kB
SwapFree:        3145724 kB
Dirty:               360 kB
Writeback:             0 kB
AnonPages:       1244344 kB
Mapped:           862388 kB
Shmem:             26160 kB
KReclaimable:     664244 kB
Slab:             225448 kB
SReclaimable:      77180 kB
SUnreclaim:       148268 kB
KernelStack:       48020 kB
PageTables:        66956 kB
NFS_Unstable:          0 kB
Bounce:                0 kB
WritebackTmp:          0 kB
CommitLimit:     9202292 kB
Committed_AS:   75078852 kB
VmallocTotal:   263061440 kB
VmallocUsed:      105080 kB
VmallocChunk:          0 kB
Percpu:             7552 kB
CmaTotal:         294912 kB
CmaFree:              24 kB
MemTotal:       12113136 kB
MemFree:         6389836 kB
MemAvailable:    7993224 kB
Buffers:            5424 kB
Cached:          1833152 kB
SwapCached:            0 kB
Active:          1482304 kB
Inactive:        1595468 kB
Active(anon):    1245680 kB
Inactive(anon):    24244 kB
Active(file):     236624 kB
Inactive(file):  1571224 kB
Unevictable:        5620 kB
Mlocked:            5620 kB
SwapTotal:       3145724 kB
SwapFree:        3145724 kB
Dirty:               212 kB
Writeback:             0 kB
AnonPages:       1245064 kB
Mapped:           862376 kB
Shmem:             26160 kB
KReclaimable:     664244 kB
Slab:             225440 kB
SReclaimable:      77180 kB
SUnreclaim:       148260 kB
KernelStack:       47984 kB
PageTables:        67044 kB
NFS_Unstable:          0 kB
Bounce:                0 kB
WritebackTmp:          0 kB
CommitLimit:     9202292 kB
Committed_AS:   75079924 kB
VmallocTotal:   263061440 kB
VmallocUsed:      105080 kB
VmallocChunk:          0 kB
Percpu:             7552 kB
CmaTotal:         294912 kB
CmaFree:               0 kB
MemTotal:       12113136 kB
MemFree:         6388760 kB
MemAvailable:    7992156 kB
Buffers:            5424 kB
Cached:          1833160 kB
SwapCached:            0 kB
Active:          1483184 kB
Inactive:        1595476 kB
Active(anon):    1246560 kB
Inactive(anon):    24244 kB
Active(file):     236624 kB
Inactive(file):  1571232 kB
Unevictable:        5620 kB
Mlocked:            5620 kB
SwapTotal:       3145724 kB
SwapFree:        3145724 kB
Dirty:               296 kB
Writeback:             0 kB
AnonPages:       1245672 kB
Mapped:           862388 kB
Shmem:             26160 kB
KReclaimable:     664244 kB
Slab:             225448 kB
SReclaimable:      77180 kB
SUnreclaim:       148268 kB
KernelStack:       47952 kB
PageTables:        66980 kB
NFS_Unstable:          0 kB
Bounce:                0 kB
WritebackTmp:          0 kB
CommitLimit:     9202292 kB
Committed_AS:   75079976 kB
VmallocTotal:   263061440 kB
VmallocUsed:      105048 kB
VmallocChunk:          0 kB
Percpu:             7552 kB
CmaTotal:         294912 kB
CmaFree:               0 kB
MemTotal:       12113136 kB
MemFree:         6388292 kB
MemAvailable:    7991692 kB
Buffers:            5424 kB
Cached:          1833168 kB
SwapCached:            0 kB
Active:          1484104 kB
Inactive:        1595484 kB
Active(anon):    1247480 kB
Inactive(anon):    24248 kB
Active(file):     236624 kB
Inactive(file):  1571236 kB
Unevictable:        5620 kB
Mlocked:            5620 kB
SwapTotal:       3145724 kB
SwapFree:        3145724 kB
Dirty:               328 kB
Writeback:             0 kB
AnonPages:       1246600 kB
Mapped:           862204 kB
Shmem:             26164 kB
KReclaimable:     664244 kB
Slab:             225440 kB
SReclaimable:      77180 kB
SUnreclaim:       148260 kB
KernelStack:       48016 kB
PageTables:        67168 kB
NFS_Unstable:          0 kB
Bounce:                0 kB
WritebackTmp:          0 kB
CommitLimit:     9202292 kB
Committed_AS:   75075204 kB
VmallocTotal:   263061440 kB
VmallocUsed:      105032 kB
VmallocChunk:          0 kB
Percpu:             7552 kB
CmaTotal:         294912 kB
CmaFree:               0 kB
MemTotal:       12113136 kB
MemFree:         6388772 kB
MemAvailable:    7992208 kB
Buffers:            5424 kB
Cached:          1833208 kB
SwapCached:            0 kB
Active:          1484700 kB
Inactive:        1595524 kB
Active(anon):    1248076 kB
Inactive(anon):    24252 kB
Active(file):     236624 kB
Inactive(file):  1571272 kB
Unevictable:        5620 kB
Mlocked:            5620 kB
SwapTotal:       3145724 kB
SwapFree:        3145724 kB
Dirty:               372 kB
Writeback:             0 kB
AnonPages:       1247132 kB
Mapped:           862396 kB
Shmem:             26168 kB
KReclaimable:     664244 kB
Slab:             225440 kB
SReclaimable:      77180 kB
SUnreclaim:       148260 kB
KernelStack:       47968 kB
PageTables:        66980 kB
NFS_Unstable:          0 kB
Bounce:                0 kB
WritebackTmp:          0 kB
CommitLimit:     9202292 kB
Committed_AS:   75074616 kB
VmallocTotal:   263061440 kB
VmallocUsed:      105048 kB
VmallocChunk:          0 kB
Percpu:             7552 kB
CmaTotal:         294912 kB
CmaFree:               0 kB
MemTotal:       12113136 kB
MemFree:         6387100 kB
MemAvailable:    7990552 kB
Buffers:            5424 kB
Cached:          1833224 kB
SwapCached:            0 kB
Active:          1485952 kB
Inactive:        1595540 kB
Active(anon):    1249328 kB
Inactive(anon):    24252 kB
Active(file):     236624 kB
Inactive(file):  1571288 kB
Unevictable:        5620 kB
Mlocked:            5620 kB
SwapTotal:       3145724 kB
SwapFree:        3145724 kB
Dirty:               388 kB
Writeback:             0 kB
AnonPages:       1248188 kB
Mapped:           862396 kB
Shmem:             26168 kB
KReclaimable:     664244 kB
Slab:             225440 kB
SReclaimable:      77180 kB
SUnreclaim:       148260 kB
KernelStack:       48000 kB
PageTables:        67040 kB
NFS_Unstable:          0 kB
Bounce:                0 kB
WritebackTmp:          0 kB
CommitLimit:     9202292 kB
Committed_AS:   75080040 kB
VmallocTotal:   263061440 kB
VmallocUsed:      105064 kB
VmallocChunk:          0 kB
Percpu:             7552 kB
CmaTotal:         294912 kB
CmaFree:               0 kB
MemTotal:       12113136 kB
MemFree:         6389772 kB
MemAvailable:    7993228 kB
Buffers:            5424 kB
Cached:          1833228 kB
SwapCached:            0 kB
Active:          1482472 kB
Inactive:        1595544 kB
Active(anon):    1245848 kB
Inactive(anon):    24252 kB
Active(file):     236624 kB
Inactive(file):  1571292 kB
Unevictable:        5620 kB
Mlocked:            5620 kB
SwapTotal:       3145724 kB
SwapFree:        3145724 kB
Dirty:               408 kB
Writeback:             0 kB
AnonPages:       1245144 kB
Mapped:           862396 kB
Shmem:             26168 kB
KReclaimable:     664244 kB
Slab:             225444 kB
SReclaimable:      77180 kB
SUnreclaim:       148264 kB
KernelStack:       48020 kB
PageTables:        66972 kB
NFS_Unstable:          0 kB
Bounce:                0 kB
WritebackTmp:          0 kB
CommitLimit:     9202292 kB
Committed_AS:   75079748 kB
VmallocTotal:   263061440 kB
VmallocUsed:      105096 kB
VmallocChunk:          0 kB
Percpu:             7552 kB
CmaTotal:         294912 kB
CmaFree:               0 kB
MemTotal:       12113136 kB
MemFree:         6389008 kB
MemAvailable:    7992476 kB
Buffers:            5424 kB
Cached:          1833240 kB
SwapCached:            0 kB
Active:          1483720 kB
Inactive:        1595556 kB
Active(anon):    1247096 kB
Inactive(anon):    24252 kB
Active(file):     236624 kB
Inactive(file):  1571304 kB
Unevictable:        5620 kB
Mlocked:            5620 kB
SwapTotal:       3145724 kB
SwapFree:        3145724 kB
Dirty:               424 kB
Writeback:             0 kB
AnonPages:       1245900 kB
Mapped:           862236 kB
Shmem:             26168 kB
KReclaimable:     664244 kB
Slab:             225452 kB
SReclaimable:      77180 kB
SUnreclaim:       148272 kB
KernelStack:       48000 kB
PageTables:        67020 kB
NFS_Unstable:          0 kB
Bounce:                0 kB
WritebackTmp:          0 kB
CommitLimit:     9202292 kB
Committed_AS:   75074812 kB
VmallocTotal:   263061440 kB
VmallocUsed:      105064 kB
VmallocChunk:          0 kB
Percpu:             7552 kB
CmaTotal:         294912 kB
CmaFree:               0 kB
MemTotal:       12113136 kB
MemFree:         6388540 kB
MemAvailable:    7992024 kB
Buffers:            5424 kB
Cached:          1833256 kB
SwapCached:            0 kB
Active:          1484248 kB
Inactive:        1595572 kB
Active(anon):    1247624 kB
Inactive(anon):    24252 kB
Active(file):     236624 kB
Inactive(file):  1571320 kB
Unevictable:        5620 kB
Mlocked:            5620 kB
SwapTotal:       3145724 kB
SwapFree:        3145724 kB
Dirty:               440 kB
Writeback:             0 kB
AnonPages:       1247080 kB
Mapped:           862208 kB
Shmem:             26168 kB
KReclaimable:     664244 kB
Slab:             225444 kB
SReclaimable:      77180 kB
SUnreclaim:       148264 kB
KernelStack:       47984 kB
PageTables:        67048 kB
NFS_Unstable:          0 kB
Bounce:                0 kB
WritebackTmp:          0 kB
CommitLimit:     9202292 kB
Committed_AS:   75074496 kB
VmallocTotal:   263061440 kB
VmallocUsed:      105032 kB
VmallocChunk:          0 kB
Percpu:             7552 kB
CmaTotal:         294912 kB
CmaFree:               0 kB
MemTotal:       12113136 kB
MemFree:         6387412 kB
MemAvailable:    7990908 kB
Buffers:            5432 kB
Cached:          1833260 kB
SwapCached:            0 kB
Active:          1485292 kB
Inactive:        1595580 kB
Active(anon):    1248664 kB
Inactive(anon):    24252 kB
Active(file):     236628 kB
Inactive(file):  1571328 kB
Unevictable:        5620 kB
Mlocked:            5620 kB
SwapTotal:       3145724 kB
SwapFree:        3145724 kB
Dirty:               468 kB
Writeback:             4 kB
AnonPages:       1248356 kB
Mapped:           862396 kB
Shmem:             26168 kB
KReclaimable:     664244 kB
Slab:             225464 kB
SReclaimable:      77180 kB
SUnreclaim:       148284 kB
KernelStack:       47952 kB
PageTables:        66980 kB
NFS_Unstable:          0 kB
Bounce:                0 kB
WritebackTmp:          0 kB
CommitLimit:     9202292 kB
Committed_AS:   75075068 kB
VmallocTotal:   263061440 kB
VmallocUsed:      105032 kB
VmallocChunk:          0 kB
Percpu:             7552 kB
CmaTotal:         294912 kB
CmaFree:               0 kB
MemTotal:       12113136 kB
MemFree:         6387532 kB
MemAvailable:    7991068 kB
Buffers:            5432 kB
Cached:          1833300 kB
SwapCached:            0 kB
Active:          1485912 kB
Inactive:        1595616 kB
Active(anon):    1249280 kB
Inactive(anon):    24252 kB
Active(file):     236632 kB
Inactive(file):  1571364 kB
Unevictable:        5620 kB
Mlocked:            5620 kB
SwapTotal:       3145724 kB
SwapFree:        3145724 kB
Dirty:               464 kB
Writeback:             0 kB
AnonPages:       1248644 kB
Mapped:           862396 kB
Shmem:             26168 kB
KReclaimable:     664244 kB
Slab:             225444 kB
SReclaimable:      77180 kB
SUnreclaim:       148264 kB
KernelStack:       47968 kB
PageTables:        66988 kB
NFS_Unstable:          0 kB
Bounce:                0 kB
WritebackTmp:          0 kB
CommitLimit:     9202292 kB
Committed_AS:   75079980 kB
VmallocTotal:   263061440 kB
VmallocUsed:      105064 kB
VmallocChunk:          0 kB
Percpu:             7552 kB
CmaTotal:         294912 kB
CmaFree:               0 kB
MemTotal:       12113136 kB
MemFree:         6385452 kB
MemAvailable:    7989000 kB
Buffers:            5432 kB
Cached:          1833312 kB
SwapCached:            0 kB
Active:          1486156 kB
Inactive:        1595628 kB
Active(anon):    1249524 kB
Inactive(anon):    24252 kB
Active(file):     236632 kB
Inactive(file):  1571376 kB
Unevictable:        5620 kB
Mlocked:            5620 kB
SwapTotal:       3145724 kB
SwapFree:        3145724 kB
Dirty:               216 kB
Writeback:             0 kB
AnonPages:       1248792 kB
Mapped:           862396 kB
Shmem:             26168 kB
KReclaimable:     664244 kB
Slab:             225456 kB
SReclaimable:      77180 kB
SUnreclaim:       148276 kB
KernelStack:       48000 kB
PageTables:        66980 kB
NFS_Unstable:          0 kB
Bounce:                0 kB
WritebackTmp:          0 kB
CommitLimit:     9202292 kB
Committed_AS:   75080292 kB
VmallocTotal:   263061440 kB
VmallocUsed:      105048 kB
VmallocChunk:          0 kB
Percpu:             7552 kB
CmaTotal:         294912 kB
CmaFree:               0 kB
MemTotal:       12113136 kB
MemFree:         6385592 kB
MemAvailable:    7989156 kB
Buffers:            5432 kB
Cached:          1833340 kB
SwapCached:            0 kB
Active:          1486992 kB
Inactive:        1595656 kB
Active(anon):    1250360 kB
Inactive(anon):    24264 kB
Active(file):     236632 kB
Inactive(file):  1571392 kB
Unevictable:        5620 kB
Mlocked:            5620 kB
SwapTotal:       3145724 kB
SwapFree:        3145724 kB
Dirty:               288 kB
Writeback:             0 kB
AnonPages:       1249648 kB
Mapped:           862480 kB
Shmem:             26180 kB
KReclaimable:     664244 kB
Slab:             225460 kB
SReclaimable:      77180 kB
SUnreclaim:       148280 kB
KernelStack:       48016 kB
PageTables:        67012 kB
NFS_Unstable:          0 kB
Bounce:                0 kB
WritebackTmp:          0 kB
CommitLimit:     9202292 kB
Committed_AS:   75069064 kB
VmallocTotal:   263061440 kB
VmallocUsed:      105096 kB
VmallocChunk:          0 kB
Percpu:             7552 kB
CmaTotal:         294912 kB
CmaFree:               0 kB
MemTotal:       12113136 kB
MemFree:         6385212 kB
MemAvailable:    7988784 kB
Buffers:            5432 kB
Cached:          1833348 kB
SwapCached:            0 kB
Active:          1487736 kB
Inactive:        1595664 kB
Active(anon):    1251104 kB
Inactive(anon):    24264 kB
Active(file):     236632 kB
Inactive(file):  1571400 kB
Unevictable:        5620 kB
Mlocked:            5620 kB
SwapTotal:       3145724 kB
SwapFree:        3145724 kB
Dirty:               328 kB
Writeback:             0 kB
AnonPages:       1250444 kB
Mapped:           862276 kB
Shmem:             26180 kB
KReclaimable:     664244 kB
Slab:             225472 kB
SReclaimable:      77180 kB
SUnreclaim:       148292 kB
KernelStack:       48064 kB
PageTables:        67088 kB
NFS_Unstable:          0 kB
Bounce:                0 kB
WritebackTmp:          0 kB
CommitLimit:     9202292 kB
Committed_AS:   75075364 kB
VmallocTotal:   263061440 kB
VmallocUsed:      105080 kB
VmallocChunk:          0 kB
Percpu:             7552 kB
CmaTotal:         294912 kB
CmaFree:               0 kB
MemTotal:       12113136 kB
MemFree:         6384036 kB
MemAvailable:    7987612 kB
Buffers:            5432 kB
Cached:          1833352 kB
SwapCached:            0 kB
Active:          1489192 kB
Inactive:        1595668 kB
Active(anon):    1252560 kB
Inactive(anon):    24264 kB
Active(file):     236632 kB
Inactive(file):  1571404 kB
Unevictable:        5620 kB
Mlocked:            5620 kB
SwapTotal:       3145724 kB
SwapFree:        3145724 kB
Dirty:               336 kB
Writeback:             0 kB
AnonPages:       1251540 kB
Mapped:           862220 kB
Shmem:             26180 kB
KReclaimable:     664244 kB
Slab:             225456 kB
SReclaimable:      77180 kB
SUnreclaim:       148276 kB
KernelStack:       48016 kB
PageTables:        67040 kB
NFS_Unstable:          0 kB
Bounce:                0 kB
WritebackTmp:          0 kB
CommitLimit:     9202292 kB
Committed_AS:   75075584 kB
VmallocTotal:   263061440 kB
VmallocUsed:      105112 kB
VmallocChunk:          0 kB
Percpu:             7552 kB
CmaTotal:         294912 kB
CmaFree:               0 kB
MemTotal:       12113136 kB
MemFree:         6376748 kB
MemAvailable:    7980344 kB
Buffers:            5432 kB
Cached:          1833372 kB
SwapCached:            0 kB
Active:          1499748 kB
Inactive:        1595684 kB
Active(anon):    1263112 kB
Inactive(anon):    24264 kB
Active(file):     236636 kB
Inactive(file):  1571420 kB
Unevictable:        5620 kB
Mlocked:            5620 kB
SwapTotal:       3145724 kB
SwapFree:        3145724 kB
Dirty:               372 kB
Writeback:             0 kB
AnonPages:       1262336 kB
Mapped:           862352 kB
Shmem:             26180 kB
KReclaimable:     664244 kB
Slab:             225480 kB
SReclaimable:      77180 kB
SUnreclaim:       148300 kB
KernelStack:       48032 kB
PageTables:        67028 kB
NFS_Unstable:          0 kB
Bounce:                0 kB
WritebackTmp:          0 kB
CommitLimit:     9202292 kB
Committed_AS:   75080424 kB
VmallocTotal:   263061440 kB
VmallocUsed:      105096 kB
VmallocChunk:          0 kB
Percpu:             7552 kB
CmaTotal:         294912 kB
CmaFree:               0 kB
MemTotal:       12113136 kB
MemFree:         6370100 kB
MemAvailable:    7973704 kB
Buffers:            5432 kB
Cached:          1833380 kB
SwapCached:            0 kB
Active:          1502388 kB
Inactive:        1595696 kB
Active(anon):    1265756 kB
Inactive(anon):    24264 kB
Active(file):     236632 kB
Inactive(file):  1571432 kB
Unevictable:        5620 kB
Mlocked:            5620 kB
SwapTotal:       3145724 kB
SwapFree:        3145724 kB
Dirty:               384 kB
Writeback:             0 kB
AnonPages:       1264996 kB
Mapped:           862408 kB
Shmem:             26180 kB
KReclaimable:     664244 kB
Slab:             225472 kB
SReclaimable:      77180 kB
SUnreclaim:       148292 kB
KernelStack:       48000 kB
PageTables:        66976 kB
NFS_Unstable:          0 kB
Bounce:                0 kB
WritebackTmp:          0 kB
CommitLimit:     9202292 kB
Committed_AS:   75079604 kB
VmallocTotal:   263061440 kB
VmallocUsed:      105080 kB
VmallocChunk:          0 kB
Percpu:             7552 kB
CmaTotal:         294912 kB
CmaFree:             408 kB
MemTotal:       12113136 kB
MemFree:         6369604 kB
MemAvailable:    7973216 kB
Buffers:            5432 kB
Cached:          1833388 kB
SwapCached:            0 kB
Active:          1503032 kB
Inactive:        1595704 kB
Active(anon):    1266400 kB
Inactive(anon):    24264 kB
Active(file):     236632 kB
Inactive(file):  1571440 kB
Unevictable:        5620 kB
Mlocked:            5620 kB
SwapTotal:       3145724 kB
SwapFree:        3145724 kB
Dirty:               392 kB
Writeback:             0 kB
AnonPages:       1265564 kB
Mapped:           862292 kB
Shmem:             26180 kB
KReclaimable:     664244 kB
Slab:             225476 kB
SReclaimable:      77180 kB
SUnreclaim:       148296 kB
KernelStack:       48028 kB
PageTables:        67152 kB
NFS_Unstable:          0 kB
Bounce:                0 kB
WritebackTmp:          0 kB
CommitLimit:     9202292 kB
Committed_AS:   75079252 kB
VmallocTotal:   263061440 kB
VmallocUsed:      105048 kB
VmallocChunk:          0 kB
Percpu:             7552 kB
CmaTotal:         294912 kB
CmaFree:             132 kB
MemTotal:       12113136 kB
MemFree:         6356276 kB
MemAvailable:    7959900 kB
Buffers:            5432 kB
Cached:          1833264 kB
SwapCached:            0 kB
Active:          1517948 kB
Inactive:        1595580 kB
Active(anon):    1281316 kB
Inactive(anon):    24128 kB
Active(file):     236632 kB
Inactive(file):  1571452 kB
Unevictable:        5620 kB
Mlocked:            5620 kB
SwapTotal:       3145724 kB
SwapFree:        3145724 kB
Dirty:               420 kB
Writeback:             0 kB
AnonPages:       1280740 kB
Mapped:           862084 kB
Shmem:             26044 kB
KReclaimable:     664244 kB
Slab:             225476 kB
SReclaimable:      77180 kB
SUnreclaim:       148296 kB
KernelStack:       48000 kB
PageTables:        66944 kB
NFS_Unstable:          0 kB
Bounce:                0 kB
WritebackTmp:          0 kB
CommitLimit:     9202292 kB
Committed_AS:   75079184 kB
VmallocTotal:   263061440 kB
VmallocUsed:      105080 kB
VmallocChunk:          0 kB
Percpu:             7552 kB
CmaTotal:         294912 kB
CmaFree:               0 kB
MemTotal:       12113136 kB
MemFree:         6359424 kB
MemAvailable:    7963068 kB
Buffers:            5432 kB
Cached:          1833440 kB
SwapCached:            0 kB
Active:          1513732 kB
Inactive:        1595744 kB
Active(anon):    1277100 kB
Inactive(anon):    24272 kB
Active(file):     236632 kB
Inactive(file):  1571472 kB
Unevictable:        5620 kB
Mlocked:            5620 kB
SwapTotal:       3145724 kB
SwapFree:        3145724 kB
Dirty:               460 kB
Writeback:             0 kB
AnonPages:       1276284 kB
Mapped:           862416 kB
Shmem:             26188 kB
KReclaimable:     664244 kB
Slab:             225472 kB
SReclaimable:      77180 kB
SUnreclaim:       148292 kB
KernelStack:       48000 kB
PageTables:        66980 kB
NFS_Unstable:          0 kB
Bounce:                0 kB
WritebackTmp:          0 kB
CommitLimit:     9202292 kB
Committed_AS:   75076728 kB
VmallocTotal:   263061440 kB
VmallocUsed:      105064 kB
VmallocChunk:          0 kB
Percpu:             7552 kB
CmaTotal:         294912 kB
CmaFree:               0 kB
MemTotal:       12113136 kB
MemFree:         6368544 kB
MemAvailable:    7972216 kB
Buffers:            5432 kB
Cached:          1833456 kB
SwapCached:            0 kB
Active:          1503884 kB
Inactive:        1595772 kB
Active(anon):    1267252 kB
Inactive(anon):    24272 kB
Active(file):     236632 kB
Inactive(file):  1571500 kB
Unevictable:        5620 kB
Mlocked:            5620 kB
SwapTotal:       3145724 kB
SwapFree:        3145724 kB
Dirty:               480 kB
Writeback:             0 kB
AnonPages:       1266360 kB
Mapped:           862228 kB
Shmem:             26188 kB
KReclaimable:     664244 kB
Slab:             225444 kB
SReclaimable:      77180 kB
SUnreclaim:       148264 kB
KernelStack:       48032 kB
PageTables:        67052 kB
NFS_Unstable:          0 kB
Bounce:                0 kB
WritebackTmp:          0 kB
CommitLimit:     9202292 kB
Committed_AS:   75076400 kB
VmallocTotal:   263061440 kB
VmallocUsed:      105080 kB
VmallocChunk:          0 kB
Percpu:             7552 kB
CmaTotal:         294912 kB
CmaFree:             108 kB
MemTotal:       12113136 kB
MemFree:         6367976 kB
MemAvailable:    7971652 kB
Buffers:            5432 kB
Cached:          1833460 kB
SwapCached:            0 kB
Active:          1504588 kB
Inactive:        1595780 kB
Active(anon):    1267960 kB
Inactive(anon):    24272 kB
Active(file):     236628 kB
Inactive(file):  1571508 kB
Unevictable:        5620 kB
Mlocked:            5620 kB
SwapTotal:       3145724 kB
SwapFree:        3145724 kB
Dirty:               500 kB
Writeback:             0 kB
AnonPages:       1266992 kB
Mapped:           862224 kB
Shmem:             26188 kB
KReclaimable:     664244 kB
Slab:             225476 kB
SReclaimable:      77180 kB
SUnreclaim:       148296 kB
KernelStack:       48016 kB
PageTables:        67028 kB
NFS_Unstable:          0 kB
Bounce:                0 kB
WritebackTmp:          0 kB
CommitLimit:     9202292 kB
Committed_AS:   75076384 kB
VmallocTotal:   263061440 kB
VmallocUsed:      105112 kB
VmallocChunk:          0 kB
Percpu:             7552 kB
CmaTotal:         294912 kB
CmaFree:              80 kB
MemTotal:       12113136 kB
MemFree:         6366684 kB
MemAvailable:    7970384 kB
Buffers:            5432 kB
Cached:          1833484 kB
SwapCached:            0 kB
Active:          1505184 kB
Inactive:        1595800 kB
Active(anon):    1268552 kB
Inactive(anon):    24272 kB
Active(file):     236632 kB
Inactive(file):  1571528 kB
Unevictable:        5620 kB
Mlocked:            5620 kB
SwapTotal:       3145724 kB
SwapFree:        3145724 kB
Dirty:               524 kB
Writeback:             0 kB
AnonPages:       1267840 kB
Mapped:           862228 kB
Shmem:             26188 kB
KReclaimable:     664244 kB
Slab:             225504 kB
SReclaimable:      77180 kB
SUnreclaim:       148324 kB
KernelStack:       48016 kB
PageTables:        67040 kB
NFS_Unstable:          0 kB
Bounce:                0 kB
WritebackTmp:          0 kB
CommitLimit:     9202292 kB
Committed_AS:   75072624 kB
VmallocTotal:   263061440 kB
VmallocUsed:      105112 kB
VmallocChunk:          0 kB
Percpu:             7552 kB
CmaTotal:         294912 kB
CmaFree:               0 kB
MemTotal:       12113136 kB
MemFree:         6366248 kB
MemAvailable:    7969952 kB
Buffers:            5432 kB
Cached:          1833492 kB
SwapCached:            0 kB
Active:          1506064 kB
Inactive:        1595808 kB
Active(anon):    1269432 kB
Inactive(anon):    24276 kB
Active(file):     236632 kB
Inactive(file):  1571532 kB
Unevictable:        5620 kB
Mlocked:            5620 kB
SwapTotal:       3145724 kB
SwapFree:        3145724 kB
Dirty:               528 kB
Writeback:             0 kB
AnonPages:       1268488 kB
Mapped:           862228 kB
Shmem:             26192 kB
KReclaimable:     664244 kB
Slab:             225424 kB
SReclaimable:      77180 kB
SUnreclaim:       148244 kB
KernelStack:       48016 kB
PageTables:        67036 kB
NFS_Unstable:          0 kB
Bounce:                0 kB
WritebackTmp:          0 kB
CommitLimit:     9202292 kB
Committed_AS:   75080300 kB
VmallocTotal:   263061440 kB
VmallocUsed:      105112 kB
VmallocChunk:          0 kB
Percpu:             7552 kB
CmaTotal:         294912 kB
CmaFree:               0 kB
MemTotal:       12113136 kB
MemFree:         6391976 kB
MemAvailable:    7995728 kB
Buffers:            5440 kB
Cached:          1833528 kB
SwapCached:            0 kB
Active:          1480072 kB
Inactive:        1595840 kB
Active(anon):    1243428 kB
Inactive(anon):    24276 kB
Active(file):     236644 kB
Inactive(file):  1571564 kB
Unevictable:        5620 kB
Mlocked:            5620 kB
SwapTotal:       3145724 kB
SwapFree:        3145724 kB
Dirty:               652 kB
Writeback:             0 kB
AnonPages:       1242540 kB
Mapped:           862420 kB
Shmem:             26192 kB
KReclaimable:     664248 kB
Slab:             225496 kB
SReclaimable:      77184 kB
SUnreclaim:       148312 kB
KernelStack:       48052 kB
PageTables:        66972 kB
NFS_Unstable:          0 kB
Bounce:                0 kB
WritebackTmp:          0 kB
CommitLimit:     9202292 kB
Committed_AS:   75079832 kB
VmallocTotal:   263061440 kB
VmallocUsed:      105096 kB
VmallocChunk:          0 kB
Percpu:             7552 kB
CmaTotal:         294912 kB
CmaFree:              56 kB
MemTotal:       12113136 kB
MemFree:         6392744 kB
MemAvailable:    7996504 kB
Buffers:            5440 kB
Cached:          1833536 kB
SwapCached:            0 kB
Active:          1480316 kB
Inactive:        1595848 kB
Active(anon):    1243672 kB
Inactive(anon):    24276 kB
Active(file):     236644 kB
Inactive(file):  1571572 kB
Unevictable:        5620 kB
Mlocked:            5620 kB
SwapTotal:       3145724 kB
SwapFree:        3145724 kB
Dirty:               584 kB
Writeback:             0 kB
AnonPages:       1243184 kB
Mapped:           862584 kB
Shmem:             26192 kB
KReclaimable:     664248 kB
Slab:             225448 kB
SReclaimable:      77184 kB
SUnreclaim:       148264 kB
KernelStack:       48000 kB
PageTables:        66980 kB
NFS_Unstable:          0 kB
Bounce:                0 kB
WritebackTmp:          0 kB
CommitLimit:     9202292 kB
Committed_AS:   75079476 kB
VmallocTotal:   263061440 kB
VmallocUsed:      105096 kB
VmallocChunk:          0 kB
Percpu:             7552 kB
CmaTotal:         294912 kB
CmaFree:               4 kB
MemTotal:       12113136 kB
MemFree:         6391832 kB
MemAvailable:    7995600 kB
Buffers:            5440 kB
Cached:          1833544 kB
SwapCached:            0 kB
Active:          1481088 kB
Inactive:        1595856 kB
Active(anon):    1244444 kB
Inactive(anon):    24276 kB
Active(file):     236644 kB
Inactive(file):  1571580 kB
Unevictable:        5620 kB
Mlocked:            5620 kB
SwapTotal:       3145724 kB
SwapFree:        3145724 kB
Dirty:               336 kB
Writeback:             0 kB
AnonPages:       1243752 kB
Mapped:           862584 kB
Shmem:             26192 kB
KReclaimable:     664248 kB
Slab:             225480 kB
SReclaimable:      77184 kB
SUnreclaim:       148296 kB
KernelStack:       48052 kB
PageTables:        66980 kB
NFS_Unstable:          0 kB
Bounce:                0 kB
WritebackTmp:          0 kB
CommitLimit:     9202292 kB
Committed_AS:   75078444 kB
VmallocTotal:   263061440 kB
VmallocUsed:      105096 kB
VmallocChunk:          0 kB
Percpu:             7552 kB
CmaTotal:         294912 kB
CmaFree:               0 kB
MemTotal:       12113136 kB
MemFree:         6390800 kB
MemAvailable:    7994588 kB
Buffers:            5440 kB
Cached:          1833564 kB
SwapCached:            0 kB
Active:          1481528 kB
Inactive:        1595876 kB
Active(anon):    1244884 kB
Inactive(anon):    24276 kB
Active(file):     236644 kB
Inactive(file):  1571600 kB
Unevictable:        5620 kB
Mlocked:            5620 kB
SwapTotal:       3145724 kB
SwapFree:        3145724 kB
Dirty:               296 kB
Writeback:             0 kB
AnonPages:       1243900 kB
Mapped:           862588 kB
Shmem:             26192 kB
KReclaimable:     664248 kB
Slab:             225468 kB
SReclaimable:      77184 kB
SUnreclaim:       148284 kB
KernelStack:       48048 kB
PageTables:        67080 kB
NFS_Unstable:          0 kB
Bounce:                0 kB
WritebackTmp:          0 kB
CommitLimit:     9202292 kB
Committed_AS:   75073356 kB
VmallocTotal:   263061440 kB
VmallocUsed:      105080 kB
VmallocChunk:          0 kB
Percpu:             7552 kB
CmaTotal:         294912 kB
CmaFree:               0 kB
MemTotal:       12113136 kB
MemFree:         6389648 kB
MemAvailable:    7993440 kB
Buffers:            5440 kB
Cached:          1833568 kB
SwapCached:            0 kB
Active:          1482328 kB
Inactive:        1595880 kB
Active(anon):    1245684 kB
Inactive(anon):    24276 kB
Active(file):     236644 kB
Inactive(file):  1571604 kB
Unevictable:        5620 kB
Mlocked:            5620 kB
SwapTotal:       3145724 kB
SwapFree:        3145724 kB
Dirty:               332 kB
Writeback:             0 kB
AnonPages:       1244916 kB
Mapped:           862584 kB
Shmem:             26192 kB
KReclaimable:     664248 kB
Slab:             225484 kB
SReclaimable:      77184 kB
SUnreclaim:       148300 kB
KernelStack:       48000 kB
PageTables:        66968 kB
NFS_Unstable:          0 kB
Bounce:                0 kB
WritebackTmp:          0 kB
CommitLimit:     9202292 kB
Committed_AS:   75073092 kB
VmallocTotal:   263061440 kB
VmallocUsed:      105080 kB
VmallocChunk:          0 kB
Percpu:             7552 kB
CmaTotal:         294912 kB
CmaFree:               0 kB
MemTotal:       12113136 kB
MemFree:         6390200 kB
MemAvailable:    7993992 kB
Buffers:            5440 kB
Cached:          1833568 kB
SwapCached:            0 kB
Active:          1483616 kB
Inactive:        1595884 kB
Active(anon):    1246976 kB
Inactive(anon):    24276 kB
Active(file):     236640 kB
Inactive(file):  1571608 kB
Unevictable:        5620 kB
Mlocked:            5620 kB
SwapTotal:       3145724 kB
SwapFree:        3145724 kB
Dirty:               336 kB
Writeback:             0 kB
AnonPages:       1246328 kB
Mapped:           862584 kB
Shmem:             26192 kB
KReclaimable:     664248 kB
Slab:             225476 kB
SReclaimable:      77184 kB
SUnreclaim:       148292 kB
KernelStack:       48032 kB
PageTables:        67028 kB
NFS_Unstable:          0 kB
Bounce:                0 kB
WritebackTmp:          0 kB
CommitLimit:     9202292 kB
Committed_AS:   75074624 kB
VmallocTotal:   263061440 kB
VmallocUsed:      105112 kB
VmallocChunk:          0 kB
Percpu:             7552 kB
CmaTotal:         294912 kB
CmaFree:               0 kB
MemTotal:       12113136 kB
MemFree:         6388760 kB
MemAvailable:    7992572 kB
Buffers:            5440 kB
Cached:          1833588 kB
SwapCached:            0 kB
Active:          1484212 kB
Inactive:        1595900 kB
Active(anon):    1247568 kB
Inactive(anon):    24276 kB
Active(file):     236644 kB
Inactive(file):  1571624 kB
Unevictable:        5620 kB
Mlocked:            5620 kB
SwapTotal:       3145724 kB
SwapFree:        3145724 kB
Dirty:               368 kB
Writeback:             0 kB
AnonPages:       1246996 kB
Mapped:           862396 kB
Shmem:             26192 kB
KReclaimable:     664248 kB
Slab:             225504 kB
SReclaimable:      77184 kB
SUnreclaim:       148320 kB
KernelStack:       48064 kB
PageTables:        66904 kB
NFS_Unstable:          0 kB
Bounce:                0 kB
WritebackTmp:          0 kB
CommitLimit:     9202292 kB
Committed_AS:   75069176 kB
VmallocTotal:   263061440 kB
VmallocUsed:      105048 kB
VmallocChunk:          0 kB
Percpu:             7552 kB
CmaTotal:         294912 kB
CmaFree:               0 kB
MemTotal:       12113136 kB
MemFree:         6388972 kB
MemAvailable:    7992800 kB
Buffers:            5440 kB
Cached:          1833608 kB
SwapCached:            0 kB
Active:          1483920 kB
Inactive:        1595920 kB
Active(anon):    1247276 kB
Inactive(anon):    24280 kB
Active(file):     236644 kB
Inactive(file):  1571640 kB
Unevictable:        5620 kB
Mlocked:            5620 kB
SwapTotal:       3145724 kB
SwapFree:        3145724 kB
Dirty:               420 kB
Writeback:             0 kB
AnonPages:       1246104 kB
Mapped:           862540 kB
Shmem:             26196 kB
KReclaimable:     664248 kB
Slab:             225488 kB
SReclaimable:      77184 kB
SUnreclaim:       148304 kB
KernelStack:       48048 kB
PageTables:        67012 kB
NFS_Unstable:          0 kB
Bounce:                0 kB
WritebackTmp:          0 kB
CommitLimit:     9202292 kB
Committed_AS:   75068232 kB
VmallocTotal:   263061440 kB
VmallocUsed:      105048 kB
VmallocChunk:          0 kB
Percpu:             7552 kB
CmaTotal:         294912 kB
CmaFree:              12 kB
MemTotal:       12113136 kB
MemFree:         6388876 kB
MemAvailable:    7992716 kB
Buffers:            5440 kB
Cached:          1833620 kB
SwapCached:            0 kB
Active:          1483988 kB
Inactive:        1595928 kB
Active(anon):    1247340 kB
Inactive(anon):    24280 kB
Active(file):     236648 kB
Inactive(file):  1571648 kB
Unevictable:        5620 kB
Mlocked:            5620 kB
SwapTotal:       3145724 kB
SwapFree:        3145724 kB
Dirty:               436 kB
Writeback:             0 kB
AnonPages:       1246560 kB
Mapped:           862400 kB
Shmem:             26196 kB
KReclaimable:     664248 kB
Slab:             225484 kB
SReclaimable:      77184 kB
SUnreclaim:       148300 kB
KernelStack:       47984 kB
PageTables:        67040 kB
NFS_Unstable:          0 kB
Bounce:                0 kB
WritebackTmp:          0 kB
CommitLimit:     9202292 kB
Committed_AS:   75073188 kB
VmallocTotal:   263061440 kB
VmallocUsed:      105000 kB
VmallocChunk:          0 kB
Percpu:             7552 kB
CmaTotal:         294912 kB
CmaFree:               0 kB
MemTotal:       12113136 kB
MemFree:         6388172 kB
MemAvailable:    7992028 kB
Buffers:            5440 kB
Cached:          1833640 kB
SwapCached:            0 kB
Active:          1484840 kB
Inactive:        1595948 kB
Active(anon):    1248192 kB
Inactive(anon):    24284 kB
Active(file):     236648 kB
Inactive(file):  1571664 kB
Unevictable:        5620 kB
Mlocked:            5620 kB
SwapTotal:       3145724 kB
SwapFree:        3145724 kB
Dirty:               452 kB
Writeback:             0 kB
AnonPages:       1247240 kB
Mapped:           862404 kB
Shmem:             26200 kB
KReclaimable:     664248 kB
Slab:             225504 kB
SReclaimable:      77184 kB
SUnreclaim:       148320 kB
KernelStack:       48000 kB
PageTables:        67112 kB
NFS_Unstable:          0 kB
Bounce:                0 kB
WritebackTmp:          0 kB
CommitLimit:     9202292 kB
Committed_AS:   75069784 kB
VmallocTotal:   263061440 kB
VmallocUsed:      105016 kB
VmallocChunk:          0 kB
Percpu:             7552 kB
CmaTotal:         294912 kB
CmaFree:               4 kB
MemTotal:       12113136 kB
MemFree:         6387684 kB
MemAvailable:    7991544 kB
Buffers:            5440 kB
Cached:          1833644 kB
SwapCached:            0 kB
Active:          1485620 kB
Inactive:        1595952 kB
Active(anon):    1248972 kB
Inactive(anon):    24284 kB
Active(file):     236648 kB
Inactive(file):  1571668 kB
Unevictable:        5620 kB
Mlocked:            5620 kB
SwapTotal:       3145724 kB
SwapFree:        3145724 kB
Dirty:               472 kB
Writeback:             0 kB
AnonPages:       1248212 kB
Mapped:           862404 kB
Shmem:             26200 kB
KReclaimable:     664248 kB
Slab:             225504 kB
SReclaimable:      77184 kB
SUnreclaim:       148320 kB
KernelStack:       47968 kB
PageTables:        67036 kB
NFS_Unstable:          0 kB
Bounce:                0 kB
WritebackTmp:          0 kB
CommitLimit:     9202292 kB
Committed_AS:   75074696 kB
VmallocTotal:   263061440 kB
VmallocUsed:      105000 kB
VmallocChunk:          0 kB
Percpu:             7552 kB
CmaTotal:         294912 kB
CmaFree:               0 kB
MemTotal:       12113136 kB
MemFree:         6388432 kB
MemAvailable:    7992324 kB
Buffers:            5440 kB
Cached:          1833676 kB
SwapCached:            0 kB
Active:          1486160 kB
Inactive:        1595984 kB
Active(anon):    1249512 kB
Inactive(anon):    24284 kB
Active(file):     236648 kB
Inactive(file):  1571700 kB
Unevictable:        5620 kB
Mlocked:            5620 kB
SwapTotal:       3145724 kB
SwapFree:        3145724 kB
Dirty:               516 kB
Writeback:             0 kB
AnonPages:       1249128 kB
Mapped:           862472 kB
Shmem:             26200 kB
KReclaimable:     664248 kB
Slab:             225500 kB
SReclaimable:      77184 kB
SUnreclaim:       148316 kB
KernelStack:       47968 kB
PageTables:        67048 kB
NFS_Unstable:          0 kB
Bounce:                0 kB
WritebackTmp:          0 kB
CommitLimit:     9202292 kB
Committed_AS:   75071096 kB
VmallocTotal:   263061440 kB
VmallocUsed:      104984 kB
VmallocChunk:          0 kB
Percpu:             7552 kB
CmaTotal:         294912 kB
CmaFree:               0 kB
MemTotal:       12113136 kB
MemFree:         6386208 kB
MemAvailable:    7990120 kB
Buffers:            5440 kB
Cached:          1833704 kB
SwapCached:            0 kB
Active:          1488180 kB
Inactive:        1596012 kB
Active(anon):    1251532 kB
Inactive(anon):    24292 kB
Active(file):     236648 kB
Inactive(file):  1571720 kB
Unevictable:        5620 kB
Mlocked:            5620 kB
SwapTotal:       3145724 kB
SwapFree:        3145724 kB
Dirty:               444 kB
Writeback:             0 kB
AnonPages:       1250724 kB
Mapped:           862664 kB
Shmem:             26208 kB
KReclaimable:     664248 kB
Slab:             225508 kB
SReclaimable:      77184 kB
SUnreclaim:       148324 kB
KernelStack:       47936 kB
PageTables:        66976 kB
NFS_Unstable:          0 kB
Bounce:                0 kB
WritebackTmp:          0 kB
CommitLimit:     9202292 kB
Committed_AS:   75075980 kB
VmallocTotal:   263061440 kB
VmallocUsed:      105080 kB
VmallocChunk:          0 kB
Percpu:             7552 kB
CmaTotal:         294912 kB
CmaFree:               0 kB
MemTotal:       12113136 kB
MemFree:         6384668 kB
MemAvailable:    7988616 kB
Buffers:            5440 kB
Cached:          1833740 kB
SwapCached:            0 kB
Active:          1489388 kB
Inactive:        1595972 kB
Active(anon):    1252664 kB
Inactive(anon):    24292 kB
Active(file):     236724 kB
Inactive(file):  1571680 kB
Unevictable:        5620 kB
Mlocked:            5620 kB
SwapTotal:       3145724 kB
SwapFree:        3145724 kB
Dirty:               516 kB
Writeback:             0 kB
AnonPages:       1252164 kB
Mapped:           875788 kB
Shmem:             26208 kB
KReclaimable:     664248 kB
Slab:             225508 kB
SReclaimable:      77184 kB
SUnreclaim:       148324 kB
KernelStack:       48036 kB
PageTables:        66988 kB
NFS_Unstable:          0 kB
Bounce:                0 kB
WritebackTmp:          0 kB
CommitLimit:     9202292 kB
Committed_AS:   75079832 kB
VmallocTotal:   263061440 kB
VmallocUsed:      105096 kB
VmallocChunk:          0 kB
Percpu:             7552 kB
CmaTotal:         294912 kB
CmaFree:               0 kB
MemTotal:       12113136 kB
MemFree:         6383804 kB
MemAvailable:    7987760 kB
Buffers:            5440 kB
Cached:          1833748 kB
SwapCached:            0 kB
Active:          1490072 kB
Inactive:        1595980 kB
Active(anon):    1253348 kB
Inactive(anon):    24292 kB
Active(file):     236724 kB
Inactive(file):  1571688 kB
Unevictable:        5620 kB
Mlocked:            5620 kB
SwapTotal:       3145724 kB
SwapFree:        3145724 kB
Dirty:               532 kB
Writeback:             0 kB
AnonPages:       1252560 kB
Mapped:           876108 kB
Shmem:             26208 kB
KReclaimable:     664248 kB
Slab:             225520 kB
SReclaimable:      77184 kB
SUnreclaim:       148336 kB
KernelStack:       47984 kB
PageTables:        67040 kB
NFS_Unstable:          0 kB
Bounce:                0 kB
WritebackTmp:          0 kB
CommitLimit:     9202292 kB
Committed_AS:   75079628 kB
VmallocTotal:   263061440 kB
VmallocUsed:      105112 kB
VmallocChunk:          0 kB
Percpu:             7552 kB
CmaTotal:         294912 kB
CmaFree:               0 kB
MemTotal:       12113136 kB
MemFree:         6382636 kB
MemAvailable:    7986620 kB
Buffers:            5448 kB
Cached:          1833772 kB
SwapCached:            0 kB
Active:          1490824 kB
Inactive:        1596004 kB
Active(anon):    1254092 kB
Inactive(anon):    24296 kB
Active(file):     236732 kB
Inactive(file):  1571708 kB
Unevictable:        5620 kB
Mlocked:            5620 kB
SwapTotal:       3145724 kB
SwapFree:        3145724 kB
Dirty:               540 kB
Writeback:             0 kB
AnonPages:       1253540 kB
Mapped:           876112 kB
Shmem:             26212 kB
KReclaimable:     664248 kB
Slab:             225512 kB
SReclaimable:      77184 kB
SUnreclaim:       148328 kB
KernelStack:       47984 kB
PageTables:        67032 kB
NFS_Unstable:          0 kB
Bounce:                0 kB
WritebackTmp:          0 kB
CommitLimit:     9202292 kB
Committed_AS:   75074824 kB
VmallocTotal:   263061440 kB
VmallocUsed:      105096 kB
VmallocChunk:          0 kB
Percpu:             7552 kB
CmaTotal:         294912 kB
CmaFree:               0 kB
MemTotal:       12113136 kB
MemFree:         6381420 kB
MemAvailable:    7985428 kB
Buffers:            5448 kB
Cached:          1833796 kB
SwapCached:            0 kB
Active:          1491656 kB
Inactive:        1596028 kB
Active(anon):    1254924 kB
Inactive(anon):    24296 kB
Active(file):     236732 kB
Inactive(file):  1571732 kB
Unevictable:        5620 kB
Mlocked:            5620 kB
SwapTotal:       3145724 kB
SwapFree:        3145724 kB
Dirty:               552 kB
Writeback:             0 kB
AnonPages:       1254336 kB
Mapped:           876112 kB
Shmem:             26212 kB
KReclaimable:     664248 kB
Slab:             225520 kB
SReclaimable:      77184 kB
SUnreclaim:       148336 kB
KernelStack:       47984 kB
PageTables:        67036 kB
NFS_Unstable:          0 kB
Bounce:                0 kB
WritebackTmp:          0 kB
CommitLimit:     9202292 kB
Committed_AS:   75074480 kB
VmallocTotal:   263061440 kB
VmallocUsed:      105096 kB
VmallocChunk:          0 kB
Percpu:             7552 kB
CmaTotal:         294912 kB
CmaFree:               0 kB
MemTotal:       12113136 kB
MemFree:         6380904 kB
MemAvailable:    7984928 kB
Buffers:            5448 kB
Cached:          1833812 kB
SwapCached:            0 kB
Active:          1492808 kB
Inactive:        1596044 kB
Active(anon):    1256076 kB
Inactive(anon):    24296 kB
Active(file):     236732 kB
Inactive(file):  1571748 kB
Unevictable:        5620 kB
Mlocked:            5620 kB
SwapTotal:       3145724 kB
SwapFree:        3145724 kB
Dirty:               676 kB
Writeback:             0 kB
AnonPages:       1255152 kB
Mapped:           876112 kB
Shmem:             26212 kB
KReclaimable:     664248 kB
Slab:             225516 kB
SReclaimable:      77184 kB
SUnreclaim:       148332 kB
KernelStack:       47984 kB
PageTables:        67032 kB
NFS_Unstable:          0 kB
Bounce:                0 kB
WritebackTmp:          0 kB
CommitLimit:     9202292 kB
Committed_AS:   75073168 kB
VmallocTotal:   263061440 kB
VmallocUsed:      105048 kB
VmallocChunk:          0 kB
Percpu:             7552 kB
CmaTotal:         294912 kB
CmaFree:               0 kB
MemTotal:       12113136 kB
MemFree:         6380236 kB
MemAvailable:    7984272 kB
Buffers:            5448 kB
Cached:          1833824 kB
SwapCached:            0 kB
Active:          1493520 kB
Inactive:        1596056 kB
Active(anon):    1256788 kB
Inactive(anon):    24296 kB
Active(file):     236732 kB
Inactive(file):  1571760 kB
Unevictable:        5620 kB
Mlocked:            5620 kB
SwapTotal:       3145724 kB
SwapFree:        3145724 kB
Dirty:               544 kB
Writeback:             0 kB
AnonPages:       1256004 kB
Mapped:           876112 kB
Shmem:             26212 kB
KReclaimable:     664248 kB
Slab:             225516 kB
SReclaimable:      77184 kB
SUnreclaim:       148332 kB
KernelStack:       48016 kB
PageTables:        67032 kB
NFS_Unstable:          0 kB
Bounce:                0 kB
WritebackTmp:          0 kB
CommitLimit:     9202292 kB
Committed_AS:   75074912 kB
VmallocTotal:   263061440 kB
VmallocUsed:      105016 kB
VmallocChunk:          0 kB
Percpu:             7552 kB
CmaTotal:         294912 kB
CmaFree:               0 kB
MemTotal:       12113136 kB
MemFree:         6393176 kB
MemAvailable:    7997220 kB
Buffers:            5448 kB
Cached:          1833832 kB
SwapCached:            0 kB
Active:          1479384 kB
Inactive:        1596056 kB
Active(anon):    1242644 kB
Inactive(anon):    24296 kB
Active(file):     236740 kB
Inactive(file):  1571760 kB
Unevictable:        5620 kB
Mlocked:            5620 kB
SwapTotal:       3145724 kB
SwapFree:        3145724 kB
Dirty:               584 kB
Writeback:             0 kB
AnonPages:       1241916 kB
Mapped:           862668 kB
Shmem:             26212 kB
KReclaimable:     664248 kB
Slab:             225528 kB
SReclaimable:      77184 kB
SUnreclaim:       148344 kB
KernelStack:       48016 kB
PageTables:        67024 kB
NFS_Unstable:          0 kB
Bounce:                0 kB
WritebackTmp:          0 kB
CommitLimit:     9202292 kB
Committed_AS:   75074224 kB
VmallocTotal:   263061440 kB
VmallocUsed:      105048 kB
VmallocChunk:          0 kB
Percpu:             7552 kB
CmaTotal:         294912 kB
CmaFree:               0 kB
MemTotal:       12113136 kB
MemFree:         6395644 kB
MemAvailable:    7999692 kB
Buffers:            5448 kB
Cached:          1833836 kB
SwapCached:            0 kB
Active:          1476280 kB
Inactive:        1596060 kB
Active(anon):    1239540 kB
Inactive(anon):    24296 kB
Active(file):     236740 kB
Inactive(file):  1571764 kB
Unevictable:        5620 kB
Mlocked:            5620 kB
SwapTotal:       3145724 kB
SwapFree:        3145724 kB
Dirty:               588 kB
Writeback:             0 kB
AnonPages:       1238632 kB
Mapped:           862668 kB
Shmem:             26212 kB
KReclaimable:     664248 kB
Slab:             225528 kB
SReclaimable:      77184 kB
SUnreclaim:       148344 kB
KernelStack:       48000 kB
PageTables:        67112 kB
NFS_Unstable:          0 kB
Bounce:                0 kB
WritebackTmp:          0 kB
CommitLimit:     9202292 kB
Committed_AS:   75068716 kB
VmallocTotal:   263061440 kB
VmallocUsed:      105048 kB
VmallocChunk:          0 kB
Percpu:             7552 kB
CmaTotal:         294912 kB
CmaFree:              84 kB
MemTotal:       12113136 kB
MemFree:         6395252 kB
MemAvailable:    7999316 kB
Buffers:            5448 kB
Cached:          1833856 kB
SwapCached:            0 kB
Active:          1477112 kB
Inactive:        1596080 kB
Active(anon):    1240372 kB
Inactive(anon):    24300 kB
Active(file):     236740 kB
Inactive(file):  1571780 kB
Unevictable:        5620 kB
Mlocked:            5620 kB
SwapTotal:       3145724 kB
SwapFree:        3145724 kB
Dirty:               616 kB
Writeback:             0 kB
AnonPages:       1239508 kB
Mapped:           862484 kB
Shmem:             26216 kB
KReclaimable:     664248 kB
Slab:             225520 kB
SReclaimable:      77184 kB
SUnreclaim:       148336 kB
KernelStack:       48000 kB
PageTables:        67056 kB
NFS_Unstable:          0 kB
Bounce:                0 kB
WritebackTmp:          0 kB
CommitLimit:     9202292 kB
Committed_AS:   75072496 kB
VmallocTotal:   263061440 kB
VmallocUsed:      105080 kB
VmallocChunk:          0 kB
Percpu:             7552 kB
CmaTotal:         294912 kB
CmaFree:               0 kB
MemTotal:       12113136 kB
MemFree:         6394440 kB
MemAvailable:    7998516 kB
Buffers:            5448 kB
Cached:          1833868 kB
SwapCached:            0 kB
Active:          1477612 kB
Inactive:        1596092 kB
Active(anon):    1240872 kB
Inactive(anon):    24300 kB
Active(file):     236740 kB
Inactive(file):  1571792 kB
Unevictable:        5620 kB
Mlocked:            5620 kB
SwapTotal:       3145724 kB
SwapFree:        3145724 kB
Dirty:               628 kB
Writeback:             0 kB
AnonPages:       1239756 kB
Mapped:           862672 kB
Shmem:             26216 kB
KReclaimable:     664248 kB
Slab:             225524 kB
SReclaimable:      77184 kB
SUnreclaim:       148340 kB
KernelStack:       47984 kB
PageTables:        66976 kB
NFS_Unstable:          0 kB
Bounce:                0 kB
WritebackTmp:          0 kB
CommitLimit:     9202292 kB
Committed_AS:   75077120 kB
VmallocTotal:   263061440 kB
VmallocUsed:      105000 kB
VmallocChunk:          0 kB
Percpu:             7552 kB
CmaTotal:         294912 kB
CmaFree:               0 kB
MemTotal:       12113136 kB
MemFree:         6394472 kB
MemAvailable:    7998560 kB
Buffers:            5448 kB
Cached:          1833904 kB
SwapCached:            0 kB
Active:          1478184 kB
Inactive:        1596128 kB
Active(anon):    1241444 kB
Inactive(anon):    24328 kB
Active(file):     236740 kB
Inactive(file):  1571800 kB
Unevictable:        5620 kB
Mlocked:            5620 kB
SwapTotal:       3145724 kB
SwapFree:        3145724 kB
Dirty:               636 kB
Writeback:             0 kB
AnonPages:       1240672 kB
Mapped:           862512 kB
Shmem:             26244 kB
KReclaimable:     664252 kB
Slab:             225536 kB
SReclaimable:      77188 kB
SUnreclaim:       148348 kB
KernelStack:       47984 kB
PageTables:        67104 kB
NFS_Unstable:          0 kB
Bounce:                0 kB
WritebackTmp:          0 kB
CommitLimit:     9202292 kB
Committed_AS:   75079248 kB
VmallocTotal:   263061440 kB
VmallocUsed:      105016 kB
VmallocChunk:          0 kB
Percpu:             7552 kB
CmaTotal:         294912 kB
CmaFree:               4 kB
MemTotal:       12113136 kB
MemFree:         6361500 kB
MemAvailable:    7965600 kB
Buffers:            5448 kB
Cached:          1833732 kB
SwapCached:            0 kB
Active:          1510952 kB
Inactive:        1595960 kB
Active(anon):    1274212 kB
Inactive(anon):    24148 kB
Active(file):     236740 kB
Inactive(file):  1571812 kB
Unevictable:        5620 kB
Mlocked:            5620 kB
SwapTotal:       3145724 kB
SwapFree:        3145724 kB
Dirty:               664 kB
Writeback:             0 kB
AnonPages:       1273396 kB
Mapped:           862520 kB
Shmem:             26060 kB
KReclaimable:     664252 kB
Slab:             225540 kB
SReclaimable:      77188 kB
SUnreclaim:       148352 kB
KernelStack:       47920 kB
PageTables:        66968 kB
NFS_Unstable:          0 kB
Bounce:                0 kB
WritebackTmp:          0 kB
CommitLimit:     9202292 kB
Committed_AS:   75074024 kB
VmallocTotal:   263061440 kB
VmallocUsed:      105016 kB
VmallocChunk:          0 kB
Percpu:             7552 kB
CmaTotal:         294912 kB
CmaFree:              76 kB
MemTotal:       12113136 kB
MemFree:         6358164 kB
MemAvailable:    7962284 kB
Buffers:            5448 kB
Cached:          1833944 kB
SwapCached:            0 kB
Active:          1515860 kB
Inactive:        1596168 kB
Active(anon):    1279120 kB
Inactive(anon):    24336 kB
Active(file):     236740 kB
Inactive(file):  1571832 kB
Unevictable:        5620 kB
Mlocked:            5620 kB
SwapTotal:       3145724 kB
SwapFree:        3145724 kB
Dirty:               692 kB
Writeback:             0 kB
AnonPages:       1278248 kB
Mapped:           862708 kB
Shmem:             26252 kB
KReclaimable:     664252 kB
Slab:             225532 kB
SReclaimable:      77188 kB
SUnreclaim:       148344 kB
KernelStack:       47968 kB
PageTables:        67012 kB
NFS_Unstable:          0 kB
Bounce:                0 kB
WritebackTmp:          0 kB
CommitLimit:     9202292 kB
Committed_AS:   75073012 kB
VmallocTotal:   263061440 kB
VmallocUsed:      104984 kB
VmallocChunk:          0 kB
Percpu:             7552 kB
CmaTotal:         294912 kB
CmaFree:               4 kB
MemTotal:       12113136 kB
MemFree:         6356912 kB
MemAvailable:    7961056 kB
Buffers:            5448 kB
Cached:          1833968 kB
SwapCached:            0 kB
Active:          1516208 kB
Inactive:        1596192 kB
Active(anon):    1279468 kB
Inactive(anon):    24336 kB
Active(file):     236740 kB
Inactive(file):  1571856 kB
Unevictable:        5620 kB
Mlocked:            5620 kB
SwapTotal:       3145724 kB
SwapFree:        3145724 kB
Dirty:               736 kB
Writeback:             0 kB
AnonPages:       1278828 kB
Mapped:           862708 kB
Shmem:             26252 kB
KReclaimable:     664252 kB
Slab:             225532 kB
SReclaimable:      77188 kB
SUnreclaim:       148344 kB
KernelStack:       47920 kB
PageTables:        66972 kB
NFS_Unstable:          0 kB
Bounce:                0 kB
WritebackTmp:          0 kB
CommitLimit:     9202292 kB
Committed_AS:   75072700 kB
VmallocTotal:   263061440 kB
VmallocUsed:      105016 kB
VmallocChunk:          0 kB
Percpu:             7552 kB
CmaTotal:         294912 kB
CmaFree:               0 kB
MemTotal:       12113136 kB
MemFree:         6356744 kB
MemAvailable:    7960892 kB
Buffers:            5448 kB
Cached:          1834148 kB
SwapCached:            0 kB
Active:          1516924 kB
Inactive:        1596380 kB
Active(anon):    1280188 kB
Inactive(anon):    24516 kB
Active(file):     236736 kB
Inactive(file):  1571864 kB
Unevictable:        5620 kB
Mlocked:            5620 kB
SwapTotal:       3145724 kB
SwapFree:        3145724 kB
Dirty:               496 kB
Writeback:             0 kB
AnonPages:       1279472 kB
Mapped:           862832 kB
Shmem:             26428 kB
KReclaimable:     664252 kB
Slab:             225568 kB
SReclaimable:      77188 kB
SUnreclaim:       148380 kB
KernelStack:       47952 kB
PageTables:        67080 kB
NFS_Unstable:          0 kB
Bounce:                0 kB
WritebackTmp:          0 kB
CommitLimit:     9202292 kB
Committed_AS:   75081884 kB
VmallocTotal:   263061440 kB
VmallocUsed:      104984 kB
VmallocChunk:          0 kB
Percpu:             7552 kB
CmaTotal:         294912 kB
CmaFree:               0 kB
MemTotal:       12113136 kB
MemFree:         6356008 kB
MemAvailable:    7960184 kB
Buffers:            5448 kB
Cached:          1834004 kB
SwapCached:            0 kB
Active:          1517060 kB
Inactive:        1596228 kB
Active(anon):    1280320 kB
Inactive(anon):    24340 kB
Active(file):     236740 kB
Inactive(file):  1571888 kB
Unevictable:        5620 kB
Mlocked:            5620 kB
SwapTotal:       3145724 kB
SwapFree:        3145724 kB
Dirty:               432 kB
Writeback:             0 kB
AnonPages:       1279492 kB
Mapped:           862520 kB
Shmem:             26256 kB
KReclaimable:     664252 kB
Slab:             225520 kB
SReclaimable:      77188 kB
SUnreclaim:       148332 kB
KernelStack:       47920 kB
PageTables:        67016 kB
NFS_Unstable:          0 kB
Bounce:                0 kB
WritebackTmp:          0 kB
CommitLimit:     9202292 kB
Committed_AS:   75083024 kB
VmallocTotal:   263061440 kB
VmallocUsed:      104984 kB
VmallocChunk:          0 kB
Percpu:             7552 kB
CmaTotal:         294912 kB
CmaFree:               0 kB
MemTotal:       12113136 kB
MemFree:         6355644 kB
MemAvailable:    7959824 kB
Buffers:            5448 kB
Cached:          1834008 kB
SwapCached:            0 kB
Active:          1517872 kB
Inactive:        1596232 kB
Active(anon):    1281132 kB
Inactive(anon):    24340 kB
Active(file):     236740 kB
Inactive(file):  1571892 kB
Unevictable:        5620 kB
Mlocked:            5620 kB
SwapTotal:       3145724 kB
SwapFree:        3145724 kB
Dirty:               440 kB
Writeback:             0 kB
AnonPages:       1280360 kB
Mapped:           862716 kB
Shmem:             26256 kB
KReclaimable:     664252 kB
Slab:             225544 kB
SReclaimable:      77188 kB
SUnreclaim:       148356 kB
KernelStack:       47920 kB
PageTables:        67016 kB
NFS_Unstable:          0 kB
Bounce:                0 kB
WritebackTmp:          0 kB
CommitLimit:     9202292 kB
Committed_AS:   75083120 kB
VmallocTotal:   263061440 kB
VmallocUsed:      104984 kB
VmallocChunk:          0 kB
Percpu:             7552 kB
CmaTotal:         294912 kB
CmaFree:               0 kB
MemTotal:       12113136 kB
MemFree:         6355552 kB
MemAvailable:    7959744 kB
Buffers:            5448 kB
Cached:          1834028 kB
SwapCached:            0 kB
Active:          1518320 kB
Inactive:        1596252 kB
Active(anon):    1281580 kB
Inactive(anon):    24348 kB
Active(file):     236740 kB
Inactive(file):  1571904 kB
Unevictable:        5620 kB
Mlocked:            5620 kB
SwapTotal:       3145724 kB
SwapFree:        3145724 kB
Dirty:               456 kB
Writeback:             0 kB
AnonPages:       1280752 kB
Mapped:           862532 kB
Shmem:             26264 kB
KReclaimable:     664252 kB
Slab:             225556 kB
SReclaimable:      77188 kB
SUnreclaim:       148368 kB
KernelStack:       47904 kB
PageTables:        67028 kB
NFS_Unstable:          0 kB
Bounce:                0 kB
WritebackTmp:          0 kB
CommitLimit:     9202292 kB
Committed_AS:   75082832 kB
VmallocTotal:   263061440 kB
VmallocUsed:      105000 kB
VmallocChunk:          0 kB
Percpu:             7552 kB
CmaTotal:         294912 kB
CmaFree:             124 kB
MemTotal:       12113136 kB
MemFree:         6353940 kB
MemAvailable:    7958144 kB
Buffers:            5456 kB
Cached:          1834036 kB
SwapCached:            0 kB
Active:          1519056 kB
Inactive:        1596268 kB
Active(anon):    1282316 kB
Inactive(anon):    24352 kB
Active(file):     236740 kB
Inactive(file):  1571916 kB
Unevictable:        5620 kB
Mlocked:            5620 kB
SwapTotal:       3145724 kB
SwapFree:        3145724 kB
Dirty:               444 kB
Writeback:             0 kB
AnonPages:       1281604 kB
Mapped:           862724 kB
Shmem:             26268 kB
KReclaimable:     664252 kB
Slab:             225556 kB
SReclaimable:      77188 kB
SUnreclaim:       148368 kB
KernelStack:       47888 kB
PageTables:        66980 kB
NFS_Unstable:          0 kB
Bounce:                0 kB
WritebackTmp:          0 kB
CommitLimit:     9202292 kB
Committed_AS:   75083376 kB
VmallocTotal:   263061440 kB
VmallocUsed:      104984 kB
VmallocChunk:          0 kB
Percpu:             7552 kB
CmaTotal:         294912 kB
CmaFree:               0 kB
MemTotal:       12113136 kB
MemFree:         6353180 kB
MemAvailable:    7957424 kB
Buffers:            5456 kB
Cached:          1834072 kB
SwapCached:            0 kB
Active:          1520120 kB
Inactive:        1596296 kB
Active(anon):    1283372 kB
Inactive(anon):    24352 kB
Active(file):     236748 kB
Inactive(file):  1571944 kB
Unevictable:        5620 kB
Mlocked:            5620 kB
SwapTotal:       3145724 kB
SwapFree:        3145724 kB
Dirty:               484 kB
Writeback:             0 kB
AnonPages:       1282624 kB
Mapped:           862536 kB
Shmem:             26268 kB
KReclaimable:     664256 kB
Slab:             225564 kB
SReclaimable:      77192 kB
SUnreclaim:       148372 kB
KernelStack:       47904 kB
PageTables:        67040 kB
NFS_Unstable:          0 kB
Bounce:                0 kB
WritebackTmp:          0 kB
CommitLimit:     9202292 kB
Committed_AS:   75083144 kB
VmallocTotal:   263061440 kB
VmallocUsed:      104984 kB
VmallocChunk:          0 kB
Percpu:             7552 kB
CmaTotal:         294912 kB
CmaFree:               0 kB
MemTotal:       12113136 kB
MemFree:         6361752 kB
MemAvailable:    7966028 kB
Buffers:            5456 kB
Cached:          1834104 kB
SwapCached:            0 kB
Active:          1511088 kB
Inactive:        1596328 kB
Active(anon):    1274340 kB
Inactive(anon):    24352 kB
Active(file):     236748 kB
Inactive(file):  1571976 kB
Unevictable:        5620 kB
Mlocked:            5620 kB
SwapTotal:       3145724 kB
SwapFree:        3145724 kB
Dirty:               320 kB
Writeback:             0 kB
AnonPages:       1273640 kB
Mapped:           862724 kB
Shmem:             26268 kB
KReclaimable:     664256 kB
Slab:             225564 kB
SReclaimable:      77192 kB
SUnreclaim:       148372 kB
KernelStack:       47872 kB
PageTables:        67032 kB
NFS_Unstable:          0 kB
Bounce:                0 kB
WritebackTmp:          0 kB
CommitLimit:     9202292 kB
Committed_AS:   75083060 kB
VmallocTotal:   263061440 kB
VmallocUsed:      104968 kB
VmallocChunk:          0 kB
Percpu:             7552 kB
CmaTotal:         294912 kB
CmaFree:               0 kB
MemTotal:       12113136 kB
MemFree:         6360536 kB
MemAvailable:    7964808 kB
Buffers:            5456 kB
Cached:          1834100 kB
SwapCached:            0 kB
Active:          1511968 kB
Inactive:        1596324 kB
Active(anon):    1275220 kB
Inactive(anon):    24352 kB
Active(file):     236748 kB
Inactive(file):  1571972 kB
Unevictable:        5620 kB
Mlocked:            5620 kB
SwapTotal:       3145724 kB
SwapFree:        3145724 kB
Dirty:               372 kB
Writeback:             0 kB
AnonPages:       1274312 kB
Mapped:           862724 kB
Shmem:             26268 kB
KReclaimable:     664256 kB
Slab:             225564 kB
SReclaimable:      77192 kB
SUnreclaim:       148372 kB
KernelStack:       47840 kB
PageTables:        66964 kB
NFS_Unstable:          0 kB
Bounce:                0 kB
WritebackTmp:          0 kB
CommitLimit:     9202292 kB
Committed_AS:   75082908 kB
VmallocTotal:   263061440 kB
VmallocUsed:      104952 kB
VmallocChunk:          0 kB
Percpu:             7552 kB
CmaTotal:         294912 kB
CmaFree:               0 kB
MemTotal:       12113136 kB
MemFree:         6363884 kB
MemAvailable:    7968160 kB
Buffers:            5456 kB
Cached:          1834104 kB
SwapCached:            0 kB
Active:          1507424 kB
Inactive:        1596328 kB
Active(anon):    1270676 kB
Inactive(anon):    24352 kB
Active(file):     236748 kB
Inactive(file):  1571976 kB
Unevictable:        5620 kB
Mlocked:            5620 kB
SwapTotal:       3145724 kB
SwapFree:        3145724 kB
Dirty:               376 kB
Writeback:             0 kB
AnonPages:       1269700 kB
Mapped:           862724 kB
Shmem:             26268 kB
KReclaimable:     664256 kB
Slab:             225568 kB
SReclaimable:      77192 kB
SUnreclaim:       148376 kB
KernelStack:       47824 kB
PageTables:        66964 kB
NFS_Unstable:          0 kB
Bounce:                0 kB
WritebackTmp:          0 kB
CommitLimit:     9202292 kB
Committed_AS:   75078708 kB
VmallocTotal:   263061440 kB
VmallocUsed:      104920 kB
VmallocChunk:          0 kB
Percpu:             7552 kB
CmaTotal:         294912 kB
CmaFree:             168 kB
MemTotal:       12113136 kB
MemFree:         6362744 kB
MemAvailable:    7967036 kB
Buffers:            5456 kB
Cached:          1834120 kB
SwapCached:            0 kB
Active:          1508160 kB
Inactive:        1596344 kB
Active(anon):    1271412 kB
Inactive(anon):    24352 kB
Active(file):     236748 kB
Inactive(file):  1571992 kB
Unevictable:        5620 kB
Mlocked:            5620 kB
SwapTotal:       3145724 kB
SwapFree:        3145724 kB
Dirty:               408 kB
Writeback:             0 kB
AnonPages:       1270692 kB
Mapped:           862724 kB
Shmem:             26268 kB
KReclaimable:     664256 kB
Slab:             225568 kB
SReclaimable:      77192 kB
SUnreclaim:       148376 kB
KernelStack:       47840 kB
PageTables:        66964 kB
NFS_Unstable:          0 kB
Bounce:                0 kB
WritebackTmp:          0 kB
CommitLimit:     9202292 kB
Committed_AS:   75083208 kB
VmallocTotal:   263061440 kB
VmallocUsed:      104968 kB
VmallocChunk:          0 kB
Percpu:             7552 kB
CmaTotal:         294912 kB
CmaFree:             104 kB
MemTotal:       12113136 kB
MemFree:         6363280 kB
MemAvailable:    7967584 kB
Buffers:            5456 kB
Cached:          1834132 kB
SwapCached:            0 kB
Active:          1508256 kB
Inactive:        1596356 kB
Active(anon):    1271508 kB
Inactive(anon):    24352 kB
Active(file):     236748 kB
Inactive(file):  1572004 kB
Unevictable:        5620 kB
Mlocked:            5620 kB
SwapTotal:       3145724 kB
SwapFree:        3145724 kB
Dirty:               424 kB
Writeback:             0 kB
AnonPages:       1270716 kB
Mapped:           862656 kB
Shmem:             26268 kB
KReclaimable:     664256 kB
Slab:             225584 kB
SReclaimable:      77192 kB
SUnreclaim:       148392 kB
KernelStack:       47888 kB
PageTables:        67084 kB
NFS_Unstable:          0 kB
Bounce:                0 kB
WritebackTmp:          0 kB
CommitLimit:     9202292 kB
Committed_AS:   75083208 kB
VmallocTotal:   263061440 kB
VmallocUsed:      104952 kB
VmallocChunk:          0 kB
Percpu:             7552 kB
CmaTotal:         294912 kB
CmaFree:              28 kB
MemTotal:       12113136 kB
MemFree:         6388864 kB
MemAvailable:    7993180 kB
Buffers:            5456 kB
Cached:          1834144 kB
SwapCached:            0 kB
Active:          1482092 kB
Inactive:        1596368 kB
Active(anon):    1245344 kB
Inactive(anon):    24352 kB
Active(file):     236748 kB
Inactive(file):  1572016 kB
Unevictable:        5620 kB
Mlocked:            5620 kB
SwapTotal:       3145724 kB
SwapFree:        3145724 kB
Dirty:               436 kB
Writeback:             0 kB
AnonPages:       1244444 kB
Mapped:           862536 kB
Shmem:             26268 kB
KReclaimable:     664256 kB
Slab:             225588 kB
SReclaimable:      77192 kB
SUnreclaim:       148396 kB
KernelStack:       47872 kB
PageTables:        67032 kB
NFS_Unstable:          0 kB
Bounce:                0 kB
WritebackTmp:          0 kB
CommitLimit:     9202292 kB
Committed_AS:   75082996 kB
VmallocTotal:   263061440 kB
VmallocUsed:      104920 kB
VmallocChunk:          0 kB
Percpu:             7552 kB
CmaTotal:         294912 kB
CmaFree:              56 kB
MemTotal:       12113136 kB
MemFree:         6388932 kB
MemAvailable:    7993252 kB
Buffers:            5456 kB
Cached:          1834160 kB
SwapCached:            0 kB
Active:          1483168 kB
Inactive:        1596384 kB
Active(anon):    1246420 kB
Inactive(anon):    24364 kB
Active(file):     236748 kB
Inactive(file):  1572020 kB
Unevictable:        5620 kB
Mlocked:            5620 kB
SwapTotal:       3145724 kB
SwapFree:        3145724 kB
Dirty:               460 kB
Writeback:             0 kB
AnonPages:       1245676 kB
Mapped:           862736 kB
Shmem:             26280 kB
KReclaimable:     664256 kB
Slab:             225588 kB
SReclaimable:      77192 kB
SUnreclaim:       148396 kB
KernelStack:       47856 kB
PageTables:        66988 kB
NFS_Unstable:          0 kB
Bounce:                0 kB
WritebackTmp:          0 kB
CommitLimit:     9202292 kB
Committed_AS:   75083292 kB
VmallocTotal:   263061440 kB
VmallocUsed:      104936 kB
VmallocChunk:          0 kB
Percpu:             7552 kB
CmaTotal:         294912 kB
CmaFree:               4 kB
MemTotal:       12113136 kB
MemFree:         6387180 kB
MemAvailable:    7991516 kB
Buffers:            5456 kB
Cached:          1834176 kB
SwapCached:            0 kB
Active:          1484048 kB
Inactive:        1596400 kB
Active(anon):    1247300 kB
Inactive(anon):    24364 kB
Active(file):     236748 kB
Inactive(file):  1572036 kB
Unevictable:        5620 kB
Mlocked:            5620 kB
SwapTotal:       3145724 kB
SwapFree:        3145724 kB
Dirty:               476 kB
Writeback:             0 kB
AnonPages:       1246540 kB
Mapped:           862736 kB
Shmem:             26280 kB
KReclaimable:     664256 kB
Slab:             225592 kB
SReclaimable:      77192 kB
SUnreclaim:       148400 kB
KernelStack:       47856 kB
PageTables:        66968 kB
NFS_Unstable:          0 kB
Bounce:                0 kB
WritebackTmp:          0 kB
CommitLimit:     9202292 kB
Committed_AS:   75079328 kB
VmallocTotal:   263061440 kB
VmallocUsed:      104936 kB
VmallocChunk:          0 kB
Percpu:             7552 kB
CmaTotal:         294912 kB
CmaFree:               0 kB
MemTotal:       12113136 kB
MemFree:         6387232 kB
MemAvailable:    7991592 kB
Buffers:            5456 kB
Cached:          1834200 kB
SwapCached:            0 kB
Active:          1484556 kB
Inactive:        1596424 kB
Active(anon):    1247808 kB
Inactive(anon):    24364 kB
Active(file):     236748 kB
Inactive(file):  1572060 kB
Unevictable:        5620 kB
Mlocked:            5620 kB
SwapTotal:       3145724 kB
SwapFree:        3145724 kB
Dirty:               516 kB
Writeback:             0 kB
AnonPages:       1247080 kB
Mapped:           862736 kB
Shmem:             26280 kB
KReclaimable:     664256 kB
Slab:             225592 kB
SReclaimable:      77192 kB
SUnreclaim:       148400 kB
KernelStack:       47840 kB
PageTables:        66984 kB
NFS_Unstable:          0 kB
Bounce:                0 kB
WritebackTmp:          0 kB
CommitLimit:     9202292 kB
Committed_AS:   75079600 kB
VmallocTotal:   263061440 kB
VmallocUsed:      104920 kB
VmallocChunk:          0 kB
Percpu:             7552 kB
CmaTotal:         294912 kB
CmaFree:               0 kB
MemTotal:       12113136 kB
MemFree:         6385728 kB
MemAvailable:    7990096 kB
Buffers:            5456 kB
Cached:          1834208 kB
SwapCached:            0 kB
Active:          1485212 kB
Inactive:        1596432 kB
Active(anon):    1248464 kB
Inactive(anon):    24364 kB
Active(file):     236748 kB
Inactive(file):  1572068 kB
Unevictable:        5620 kB
Mlocked:            5620 kB
SwapTotal:       3145724 kB
SwapFree:        3145724 kB
Dirty:               284 kB
Writeback:             0 kB
AnonPages:       1247348 kB
Mapped:           862736 kB
Shmem:             26280 kB
KReclaimable:     664256 kB
Slab:             225600 kB
SReclaimable:      77192 kB
SUnreclaim:       148408 kB
KernelStack:       47856 kB
PageTables:        67028 kB
NFS_Unstable:          0 kB
Bounce:                0 kB
WritebackTmp:          0 kB
CommitLimit:     9202292 kB
Committed_AS:   75080076 kB
VmallocTotal:   263061440 kB
VmallocUsed:      104920 kB
VmallocChunk:          0 kB
Percpu:             7552 kB
CmaTotal:         294912 kB
CmaFree:               0 kB
MemTotal:       12113136 kB
MemFree:         6385724 kB
MemAvailable:    7990112 kB
Buffers:            5456 kB
Cached:          1834228 kB
SwapCached:            0 kB
Active:          1485416 kB
Inactive:        1596452 kB
Active(anon):    1248668 kB
Inactive(anon):    24364 kB
Active(file):     236748 kB
Inactive(file):  1572088 kB
Unevictable:        5620 kB
Mlocked:            5620 kB
SwapTotal:       3145724 kB
SwapFree:        3145724 kB
Dirty:               352 kB
Writeback:             0 kB
AnonPages:       1247828 kB
Mapped:           862736 kB
Shmem:             26280 kB
KReclaimable:     664256 kB
Slab:             225596 kB
SReclaimable:      77192 kB
SUnreclaim:       148404 kB
KernelStack:       47840 kB
PageTables:        66968 kB
NFS_Unstable:          0 kB
Bounce:                0 kB
WritebackTmp:          0 kB
CommitLimit:     9202292 kB
Committed_AS:   75079816 kB
VmallocTotal:   263061440 kB
VmallocUsed:      104936 kB
VmallocChunk:          0 kB
Percpu:             7552 kB
CmaTotal:         294912 kB
CmaFree:               0 kB
MemTotal:       12113136 kB
MemFree:         6385572 kB
MemAvailable:    7989968 kB
Buffers:            5456 kB
Cached:          1834236 kB
SwapCached:            0 kB
Active:          1485720 kB
Inactive:        1596456 kB
Active(anon):    1248968 kB
Inactive(anon):    24364 kB
Active(file):     236752 kB
Inactive(file):  1572092 kB
Unevictable:        5620 kB
Mlocked:            5620 kB
SwapTotal:       3145724 kB
SwapFree:        3145724 kB
Dirty:               368 kB
Writeback:             0 kB
AnonPages:       1248236 kB
Mapped:           862736 kB
Shmem:             26280 kB
KReclaimable:     664256 kB
Slab:             225604 kB
SReclaimable:      77192 kB
SUnreclaim:       148412 kB
KernelStack:       47824 kB
PageTables:        66976 kB
NFS_Unstable:          0 kB
Bounce:                0 kB
WritebackTmp:          0 kB
CommitLimit:     9202292 kB
Committed_AS:   75079696 kB
VmallocTotal:   263061440 kB
VmallocUsed:      104936 kB
VmallocChunk:          0 kB
Percpu:             7552 kB
CmaTotal:         294912 kB
CmaFree:               0 kB
MemTotal:       12113136 kB
MemFree:         6385680 kB
MemAvailable:    7990080 kB
Buffers:            5456 kB
Cached:          1834244 kB
SwapCached:            0 kB
Active:          1486996 kB
Inactive:        1596468 kB
Active(anon):    1250248 kB
Inactive(anon):    24368 kB
Active(file):     236748 kB
Inactive(file):  1572100 kB
Unevictable:        5620 kB
Mlocked:            5620 kB
SwapTotal:       3145724 kB
SwapFree:        3145724 kB
Dirty:               392 kB
Writeback:             0 kB
AnonPages:       1249604 kB
Mapped:           862740 kB
Shmem:             26284 kB
KReclaimable:     664256 kB
Slab:             225600 kB
SReclaimable:      77192 kB
SUnreclaim:       148408 kB
KernelStack:       47840 kB
PageTables:        66984 kB
NFS_Unstable:          0 kB
Bounce:                0 kB
WritebackTmp:          0 kB
CommitLimit:     9202292 kB
Committed_AS:   75079476 kB
VmallocTotal:   263061440 kB
VmallocUsed:      104920 kB
VmallocChunk:          0 kB
Percpu:             7552 kB
CmaTotal:         294912 kB
CmaFree:               0 kB
MemTotal:       12113136 kB
MemFree:         6384216 kB
MemAvailable:    7988628 kB
Buffers:            5464 kB
Cached:          1834252 kB
SwapCached:            0 kB
Active:          1487368 kB
Inactive:        1596488 kB
Active(anon):    1250624 kB
Inactive(anon):    24372 kB
Active(file):     236744 kB
Inactive(file):  1572116 kB
Unevictable:        5620 kB
Mlocked:            5620 kB
SwapTotal:       3145724 kB
SwapFree:        3145724 kB
Dirty:               408 kB
Writeback:             0 kB
AnonPages:       1249896 kB
Mapped:           862744 kB
Shmem:             26288 kB
KReclaimable:     664256 kB
Slab:             225600 kB
SReclaimable:      77192 kB
SUnreclaim:       148408 kB
KernelStack:       47840 kB
PageTables:        66976 kB
NFS_Unstable:          0 kB
Bounce:                0 kB
WritebackTmp:          0 kB
CommitLimit:     9202292 kB
Committed_AS:   75074404 kB
VmallocTotal:   263061440 kB
VmallocUsed:      104920 kB
