MemTotal:       12113136 kB
MemFree:          468896 kB
MemAvailable:    7925032 kB
Buffers:            7432 kB
Cached:          7829372 kB
SwapCached:            0 kB
Active:          2089744 kB
Inactive:        6991920 kB
Active(anon):    1147144 kB
Inactive(anon):   136800 kB
Active(file):     942600 kB
Inactive(file):  6855120 kB
Unevictable:        5716 kB
Mlocked:            5716 kB
SwapTotal:       3145724 kB
SwapFree:        3145724 kB
Dirty:               536 kB
Writeback:             0 kB
AnonPages:       1250668 kB
Mapped:           771516 kB
Shmem:             34416 kB
KReclaimable:     527120 kB
Slab:             226804 kB
SReclaimable:      79620 kB
SUnreclaim:       147184 kB
KernelStack:       47152 kB
PageTables:        63784 kB
NFS_Unstable:          0 kB
Bounce:                0 kB
WritebackTmp:          0 kB
CommitLimit:     9202292 kB
Committed_AS:   67515848 kB
VmallocTotal:   263061440 kB
VmallocUsed:      104152 kB
VmallocChunk:          0 kB
Percpu:             7648 kB
CmaTotal:         294912 kB
CmaFree:               0 kB
MemTotal:       12113136 kB
MemFree:          468528 kB
MemAvailable:    7924716 kB
Buffers:            7432 kB
Cached:          7829424 kB
SwapCached:            0 kB
Active:          2090492 kB
Inactive:        6991948 kB
Active(anon):    1147868 kB
Inactive(anon):   136800 kB
Active(file):     942624 kB
Inactive(file):  6855148 kB
Unevictable:        5716 kB
Mlocked:            5716 kB
SwapTotal:       3145724 kB
SwapFree:        3145724 kB
Dirty:               616 kB
Writeback:             0 kB
AnonPages:       1251316 kB
Mapped:           771516 kB
Shmem:             34416 kB
KReclaimable:     527120 kB
Slab:             226804 kB
SReclaimable:      79620 kB
SUnreclaim:       147184 kB
KernelStack:       47152 kB
PageTables:        63632 kB
NFS_Unstable:          0 kB
Bounce:                0 kB
WritebackTmp:          0 kB
CommitLimit:     9202292 kB
Committed_AS:   67513500 kB
VmallocTotal:   263061440 kB
VmallocUsed:      104120 kB
VmallocChunk:          0 kB
Percpu:             7648 kB
CmaTotal:         294912 kB
CmaFree:               0 kB
MemTotal:       12113136 kB
MemFree:          484888 kB
MemAvailable:    7941100 kB
Buffers:            7432 kB
Cached:          7829432 kB
SwapCached:            0 kB
Active:          2073820 kB
Inactive:        6991956 kB
Active(anon):    1131196 kB
Inactive(anon):   136800 kB
Active(file):     942624 kB
Inactive(file):  6855156 kB
Unevictable:        5716 kB
Mlocked:            5716 kB
SwapTotal:       3145724 kB
SwapFree:        3145724 kB
Dirty:               640 kB
Writeback:             0 kB
AnonPages:       1234620 kB
Mapped:           771516 kB
Shmem:             34416 kB
KReclaimable:     527136 kB
Slab:             226812 kB
SReclaimable:      79636 kB
SUnreclaim:       147176 kB
KernelStack:       47136 kB
PageTables:        63644 kB
NFS_Unstable:          0 kB
Bounce:                0 kB
WritebackTmp:          0 kB
CommitLimit:     9202292 kB
Committed_AS:   67508200 kB
VmallocTotal:   263061440 kB
VmallocUsed:      104120 kB
VmallocChunk:          0 kB
Percpu:             7648 kB
CmaTotal:         294912 kB
CmaFree:               0 kB
MemTotal:       12113136 kB
MemFree:          485188 kB
MemAvailable:    7941412 kB
Buffers:            7432 kB
Cached:          7829444 kB
SwapCached:            0 kB
Active:          2072832 kB
Inactive:        6991968 kB
Active(anon):    1130208 kB
Inactive(anon):   136800 kB
Active(file):     942624 kB
Inactive(file):  6855168 kB
Unevictable:        5716 kB
Mlocked:            5716 kB
SwapTotal:       3145724 kB
SwapFree:        3145724 kB
Dirty:               652 kB
Writeback:             0 kB
AnonPages:       1233712 kB
Mapped:           771516 kB
Shmem:             34416 kB
KReclaimable:     527136 kB
Slab:             226812 kB
SReclaimable:      79636 kB
SUnreclaim:       147176 kB
KernelStack:       47184 kB
PageTables:        63756 kB
NFS_Unstable:          0 kB
Bounce:                0 kB
WritebackTmp:          0 kB
CommitLimit:     9202292 kB
Committed_AS:   67513388 kB
VmallocTotal:   263061440 kB
VmallocUsed:      104120 kB
VmallocChunk:          0 kB
Percpu:             7648 kB
CmaTotal:         294912 kB
CmaFree:               0 kB
MemTotal:       12113136 kB
MemFree:          485648 kB
MemAvailable:    7941888 kB
Buffers:            7432 kB
Cached:          7829460 kB
SwapCached:            0 kB
Active:          2071724 kB
Inactive:        6991984 kB
Active(anon):    1129100 kB
Inactive(anon):   136800 kB
Active(file):     942624 kB
Inactive(file):  6855184 kB
Unevictable:        5716 kB
Mlocked:            5716 kB
SwapTotal:       3145724 kB
SwapFree:        3145724 kB
Dirty:               668 kB
Writeback:             0 kB
AnonPages:       1232664 kB
Mapped:           771512 kB
Shmem:             34416 kB
KReclaimable:     527136 kB
Slab:             226772 kB
SReclaimable:      79636 kB
SUnreclaim:       147136 kB
KernelStack:       47184 kB
PageTables:        63752 kB
NFS_Unstable:          0 kB
Bounce:                0 kB
WritebackTmp:          0 kB
CommitLimit:     9202292 kB
Committed_AS:   67512168 kB
VmallocTotal:   263061440 kB
VmallocUsed:      104136 kB
VmallocChunk:          0 kB
Percpu:             7648 kB
CmaTotal:         294912 kB
CmaFree:               0 kB
MemTotal:       12113136 kB
MemFree:          486880 kB
MemAvailable:    7943232 kB
Buffers:            7432 kB
Cached:          7829568 kB
SwapCached:            0 kB
Active:          2071772 kB
Inactive:        6992092 kB
Active(anon):    1129148 kB
Inactive(anon):   136800 kB
Active(file):     942624 kB
Inactive(file):  6855292 kB
Unevictable:        5716 kB
Mlocked:            5716 kB
SwapTotal:       3145724 kB
SwapFree:        3145724 kB
Dirty:               788 kB
Writeback:             0 kB
AnonPages:       1232584 kB
Mapped:           771516 kB
Shmem:             34416 kB
KReclaimable:     527140 kB
Slab:             226808 kB
SReclaimable:      79640 kB
SUnreclaim:       147168 kB
KernelStack:       47136 kB
PageTables:        63644 kB
NFS_Unstable:          0 kB
Bounce:                0 kB
WritebackTmp:          0 kB
CommitLimit:     9202292 kB
Committed_AS:   67509224 kB
VmallocTotal:   263061440 kB
VmallocUsed:      104104 kB
VmallocChunk:          0 kB
Percpu:             7648 kB
CmaTotal:         294912 kB
CmaFree:               0 kB
MemTotal:       12113136 kB
MemFree:          485648 kB
MemAvailable:    7942028 kB
Buffers:            7432 kB
Cached:          7829584 kB
SwapCached:            0 kB
Active:          2072680 kB
Inactive:        6992108 kB
Active(anon):    1130056 kB
Inactive(anon):   136804 kB
Active(file):     942624 kB
Inactive(file):  6855304 kB
Unevictable:        5716 kB
Mlocked:            5716 kB
SwapTotal:       3145724 kB
SwapFree:        3145724 kB
Dirty:               820 kB
Writeback:             0 kB
AnonPages:       1233380 kB
Mapped:           771580 kB
Shmem:             34420 kB
KReclaimable:     527156 kB
Slab:             226824 kB
SReclaimable:      79656 kB
SUnreclaim:       147168 kB
KernelStack:       47152 kB
PageTables:        63620 kB
NFS_Unstable:          0 kB
Bounce:                0 kB
WritebackTmp:          0 kB
CommitLimit:     9202292 kB
Committed_AS:   67508080 kB
VmallocTotal:   263061440 kB
VmallocUsed:      104104 kB
VmallocChunk:          0 kB
Percpu:             7648 kB
CmaTotal:         294912 kB
CmaFree:               0 kB
MemTotal:       12113136 kB
MemFree:          484572 kB
MemAvailable:    7940952 kB
Buffers:            7432 kB
Cached:          7829584 kB
SwapCached:            0 kB
Active:          2073456 kB
Inactive:        6992108 kB
Active(anon):    1130832 kB
Inactive(anon):   136804 kB
Active(file):     942624 kB
Inactive(file):  6855304 kB
Unevictable:        5716 kB
Mlocked:            5716 kB
SwapTotal:       3145724 kB
SwapFree:        3145724 kB
Dirty:               832 kB
Writeback:             0 kB
AnonPages:       1234280 kB
Mapped:           771840 kB
Shmem:             34420 kB
KReclaimable:     527156 kB
Slab:             226888 kB
SReclaimable:      79656 kB
SUnreclaim:       147232 kB
KernelStack:       47220 kB
PageTables:        64008 kB
NFS_Unstable:          0 kB
Bounce:                0 kB
WritebackTmp:          0 kB
CommitLimit:     9202292 kB
Committed_AS:   67508076 kB
VmallocTotal:   263061440 kB
VmallocUsed:      104088 kB
VmallocChunk:          0 kB
Percpu:             7648 kB
CmaTotal:         294912 kB
CmaFree:               0 kB
MemTotal:       12113136 kB
MemFree:          496972 kB
MemAvailable:    7953380 kB
Buffers:            7432 kB
Cached:          7829612 kB
SwapCached:            0 kB
Active:          2060536 kB
Inactive:        6992136 kB
Active(anon):    1117912 kB
Inactive(anon):   136804 kB
Active(file):     942624 kB
Inactive(file):  6855332 kB
Unevictable:        5716 kB
Mlocked:            5716 kB
SwapTotal:       3145724 kB
SwapFree:        3145724 kB
Dirty:               896 kB
Writeback:             0 kB
AnonPages:       1221080 kB
Mapped:           771572 kB
Shmem:             34420 kB
KReclaimable:     527156 kB
Slab:             226800 kB
SReclaimable:      79656 kB
SUnreclaim:       147144 kB
KernelStack:       47184 kB
PageTables:        63748 kB
NFS_Unstable:          0 kB
Bounce:                0 kB
WritebackTmp:          0 kB
CommitLimit:     9202292 kB
Committed_AS:   67508868 kB
VmallocTotal:   263061440 kB
VmallocUsed:      104120 kB
VmallocChunk:          0 kB
Percpu:             7648 kB
CmaTotal:         294912 kB
CmaFree:             228 kB
MemTotal:       12113136 kB
MemFree:          504456 kB
MemAvailable:    7960892 kB
Buffers:            7432 kB
Cached:          7829456 kB
SwapCached:            0 kB
Active:          2053892 kB
Inactive:        6991980 kB
Active(anon):    1111268 kB
Inactive(anon):   136620 kB
Active(file):     942624 kB
Inactive(file):  6855360 kB
Unevictable:        5716 kB
Mlocked:            5716 kB
SwapTotal:       3145724 kB
SwapFree:        3145724 kB
Dirty:               988 kB
Writeback:             0 kB
AnonPages:       1214708 kB
Mapped:           771588 kB
Shmem:             34236 kB
KReclaimable:     527156 kB
Slab:             226824 kB
SReclaimable:      79656 kB
SUnreclaim:       147168 kB
KernelStack:       47184 kB
PageTables:        63748 kB
NFS_Unstable:          0 kB
Bounce:                0 kB
WritebackTmp:          0 kB
CommitLimit:     9202292 kB
Committed_AS:   67508112 kB
VmallocTotal:   263061440 kB
VmallocUsed:      104104 kB
VmallocChunk:          0 kB
Percpu:             7648 kB
CmaTotal:         294912 kB
CmaFree:             404 kB
MemTotal:       12113136 kB
MemFree:          503860 kB
MemAvailable:    7960304 kB
Buffers:            7432 kB
Cached:          7829464 kB
SwapCached:            0 kB
Active:          2054556 kB
Inactive:        6991988 kB
Active(anon):    1111932 kB
Inactive(anon):   136620 kB
Active(file):     942624 kB
Inactive(file):  6855368 kB
Unevictable:        5716 kB
Mlocked:            5716 kB
SwapTotal:       3145724 kB
SwapFree:        3145724 kB
Dirty:              1012 kB
Writeback:             0 kB
AnonPages:       1215404 kB
Mapped:           771588 kB
Shmem:             34236 kB
KReclaimable:     527156 kB
Slab:             226832 kB
SReclaimable:      79656 kB
SUnreclaim:       147176 kB
KernelStack:       47184 kB
PageTables:        63756 kB
NFS_Unstable:          0 kB
Bounce:                0 kB
WritebackTmp:          0 kB
CommitLimit:     9202292 kB
Committed_AS:   67504652 kB
VmallocTotal:   263061440 kB
VmallocUsed:      104104 kB
VmallocChunk:          0 kB
Percpu:             7648 kB
CmaTotal:         294912 kB
CmaFree:               0 kB
MemTotal:       12113136 kB
MemFree:          503468 kB
MemAvailable:    7959908 kB
Buffers:            7436 kB
Cached:          7829456 kB
SwapCached:            0 kB
Active:          2054868 kB
Inactive:        6991980 kB
Active(anon):    1112240 kB
Inactive(anon):   136620 kB
Active(file):     942628 kB
Inactive(file):  6855360 kB
Unevictable:        5716 kB
Mlocked:            5716 kB
SwapTotal:       3145724 kB
SwapFree:        3145724 kB
Dirty:               952 kB
Writeback:             0 kB
AnonPages:       1215728 kB
Mapped:           771588 kB
Shmem:             34236 kB
KReclaimable:     527156 kB
Slab:             226824 kB
SReclaimable:      79656 kB
SUnreclaim:       147168 kB
KernelStack:       47136 kB
PageTables:        63644 kB
NFS_Unstable:          0 kB
Bounce:                0 kB
WritebackTmp:          0 kB
CommitLimit:     9202292 kB
Committed_AS:   67513540 kB
VmallocTotal:   263061440 kB
VmallocUsed:      104136 kB
VmallocChunk:          0 kB
Percpu:             7648 kB
CmaTotal:         294912 kB
CmaFree:               0 kB
MemTotal:       12113136 kB
MemFree:          503060 kB
MemAvailable:    7959504 kB
Buffers:            7436 kB
Cached:          7829460 kB
SwapCached:            0 kB
Active:          2055036 kB
Inactive:        6991984 kB
Active(anon):    1112408 kB
Inactive(anon):   136620 kB
Active(file):     942628 kB
Inactive(file):  6855364 kB
Unevictable:        5716 kB
Mlocked:            5716 kB
SwapTotal:       3145724 kB
SwapFree:        3145724 kB
Dirty:               956 kB
Writeback:             0 kB
AnonPages:       1216200 kB
Mapped:           771600 kB
Shmem:             34236 kB
KReclaimable:     527156 kB
Slab:             226784 kB
SReclaimable:      79656 kB
SUnreclaim:       147128 kB
KernelStack:       47188 kB
PageTables:        63640 kB
NFS_Unstable:          0 kB
Bounce:                0 kB
WritebackTmp:          0 kB
CommitLimit:     9202292 kB
Committed_AS:   67510036 kB
VmallocTotal:   263061440 kB
VmallocUsed:      104120 kB
VmallocChunk:          0 kB
Percpu:             7648 kB
CmaTotal:         294912 kB
CmaFree:             296 kB
MemTotal:       12113136 kB
MemFree:          502216 kB
MemAvailable:    7958700 kB
Buffers:            7436 kB
Cached:          7829500 kB
SwapCached:            0 kB
Active:          2055708 kB
Inactive:        6992024 kB
Active(anon):    1113080 kB
Inactive(anon):   136620 kB
Active(file):     942628 kB
Inactive(file):  6855404 kB
Unevictable:        5716 kB
Mlocked:            5716 kB
SwapTotal:       3145724 kB
SwapFree:        3145724 kB
Dirty:              1000 kB
Writeback:             0 kB
AnonPages:       1216332 kB
Mapped:           771588 kB
Shmem:             34236 kB
KReclaimable:     527156 kB
Slab:             226848 kB
SReclaimable:      79656 kB
SUnreclaim:       147192 kB
KernelStack:       47184 kB
PageTables:        63756 kB
NFS_Unstable:          0 kB
Bounce:                0 kB
WritebackTmp:          0 kB
CommitLimit:     9202292 kB
Committed_AS:   67504588 kB
VmallocTotal:   263061440 kB
VmallocUsed:      104104 kB
VmallocChunk:          0 kB
Percpu:             7648 kB
CmaTotal:         294912 kB
CmaFree:               0 kB
MemTotal:       12113136 kB
MemFree:          500684 kB
MemAvailable:    7957568 kB
Buffers:            7436 kB
Cached:          7829916 kB
SwapCached:            0 kB
Active:          2056372 kB
Inactive:        6992444 kB
Active(anon):    1113748 kB
Inactive(anon):   136620 kB
Active(file):     942624 kB
Inactive(file):  6855824 kB
Unevictable:        5716 kB
Mlocked:            5716 kB
SwapTotal:       3145724 kB
SwapFree:        3145724 kB
Dirty:              1000 kB
Writeback:             0 kB
AnonPages:       1217188 kB
Mapped:           771504 kB
Shmem:             34236 kB
KReclaimable:     527140 kB
Slab:             226840 kB
SReclaimable:      79640 kB
SUnreclaim:       147200 kB
KernelStack:       47152 kB
PageTables:        63568 kB
NFS_Unstable:          0 kB
Bounce:                0 kB
WritebackTmp:          0 kB
CommitLimit:     9202292 kB
Committed_AS:   67502768 kB
VmallocTotal:   263061440 kB
VmallocUsed:      104120 kB
VmallocChunk:          0 kB
Percpu:             7648 kB
CmaTotal:         294912 kB
CmaFree:             128 kB
MemTotal:       12113136 kB
MemFree:          502236 kB
MemAvailable:    7959144 kB
Buffers:            7436 kB
Cached:          7829940 kB
SwapCached:            0 kB
Active:          2057396 kB
Inactive:        6992464 kB
Active(anon):    1114768 kB
Inactive(anon):   136620 kB
Active(file):     942628 kB
Inactive(file):  6855844 kB
Unevictable:        5716 kB
Mlocked:            5716 kB
SwapTotal:       3145724 kB
SwapFree:        3145724 kB
Dirty:              1024 kB
Writeback:             0 kB
AnonPages:       1218248 kB
Mapped:           771588 kB
Shmem:             34236 kB
KReclaimable:     527140 kB
Slab:             226816 kB
SReclaimable:      79640 kB
SUnreclaim:       147176 kB
KernelStack:       47152 kB
PageTables:        63728 kB
NFS_Unstable:          0 kB
Bounce:                0 kB
WritebackTmp:          0 kB
CommitLimit:     9202292 kB
Committed_AS:   67507256 kB
VmallocTotal:   263061440 kB
VmallocUsed:      104120 kB
VmallocChunk:          0 kB
Percpu:             7648 kB
CmaTotal:         294912 kB
CmaFree:               0 kB
MemTotal:       12113136 kB
MemFree:          502636 kB
MemAvailable:    7959548 kB
Buffers:            7436 kB
Cached:          7829944 kB
SwapCached:            0 kB
Active:          2057912 kB
Inactive:        6992468 kB
Active(anon):    1115284 kB
Inactive(anon):   136620 kB
Active(file):     942628 kB
Inactive(file):  6855848 kB
Unevictable:        5716 kB
Mlocked:            5716 kB
SwapTotal:       3145724 kB
SwapFree:        3145724 kB
Dirty:              1040 kB
Writeback:             0 kB
AnonPages:       1218476 kB
Mapped:           771628 kB
Shmem:             34236 kB
KReclaimable:     527140 kB
Slab:             226808 kB
SReclaimable:      79640 kB
SUnreclaim:       147168 kB
KernelStack:       47204 kB
PageTables:        63728 kB
NFS_Unstable:          0 kB
Bounce:                0 kB
WritebackTmp:          0 kB
CommitLimit:     9202292 kB
Committed_AS:   67508020 kB
VmallocTotal:   263061440 kB
VmallocUsed:      104104 kB
VmallocChunk:          0 kB
Percpu:             7648 kB
CmaTotal:         294912 kB
CmaFree:             160 kB
MemTotal:       12113136 kB
MemFree:          501932 kB
MemAvailable:    7958860 kB
Buffers:            7436 kB
Cached:          7829960 kB
SwapCached:            0 kB
Active:          2058368 kB
Inactive:        6992484 kB
Active(anon):    1115740 kB
Inactive(anon):   136620 kB
Active(file):     942628 kB
Inactive(file):  6855864 kB
Unevictable:        5716 kB
Mlocked:            5716 kB
SwapTotal:       3145724 kB
SwapFree:        3145724 kB
Dirty:              1056 kB
Writeback:             0 kB
AnonPages:       1219244 kB
Mapped:           771664 kB
Shmem:             34236 kB
KReclaimable:     527140 kB
Slab:             226816 kB
SReclaimable:      79640 kB
SUnreclaim:       147176 kB
KernelStack:       47152 kB
PageTables:        63620 kB
NFS_Unstable:          0 kB
Bounce:                0 kB
WritebackTmp:          0 kB
CommitLimit:     9202292 kB
Committed_AS:   67502076 kB
VmallocTotal:   263061440 kB
VmallocUsed:      104120 kB
VmallocChunk:          0 kB
Percpu:             7648 kB
CmaTotal:         294912 kB
CmaFree:               0 kB
MemTotal:       12113136 kB
MemFree:          499000 kB
MemAvailable:    7955940 kB
Buffers:            7436 kB
Cached:          7829976 kB
SwapCached:            0 kB
Active:          2059644 kB
Inactive:        6992500 kB
Active(anon):    1117016 kB
Inactive(anon):   136624 kB
Active(file):     942628 kB
Inactive(file):  6855876 kB
Unevictable:        5716 kB
Mlocked:            5716 kB
SwapTotal:       3145724 kB
SwapFree:        3145724 kB
Dirty:              1120 kB
Writeback:             0 kB
AnonPages:       1220452 kB
Mapped:           771744 kB
Shmem:             34240 kB
KReclaimable:     527140 kB
Slab:             226856 kB
SReclaimable:      79640 kB
SUnreclaim:       147216 kB
KernelStack:       47156 kB
PageTables:        63620 kB
NFS_Unstable:          0 kB
Bounce:                0 kB
WritebackTmp:          0 kB
CommitLimit:     9202292 kB
Committed_AS:   67507420 kB
VmallocTotal:   263061440 kB
VmallocUsed:      104104 kB
VmallocChunk:          0 kB
Percpu:             7648 kB
CmaTotal:         294912 kB
CmaFree:              32 kB
MemTotal:       12113136 kB
MemFree:          498628 kB
MemAvailable:    7955588 kB
Buffers:            7444 kB
Cached:          7829988 kB
SwapCached:            0 kB
Active:          2060100 kB
Inactive:        6992512 kB
Active(anon):    1117464 kB
Inactive(anon):   136624 kB
Active(file):     942636 kB
Inactive(file):  6855888 kB
Unevictable:        5716 kB
Mlocked:            5716 kB
SwapTotal:       3145724 kB
SwapFree:        3145724 kB
Dirty:               272 kB
Writeback:             0 kB
AnonPages:       1220976 kB
Mapped:           771736 kB
Shmem:             34240 kB
KReclaimable:     527140 kB
Slab:             226812 kB
SReclaimable:      79640 kB
SUnreclaim:       147172 kB
KernelStack:       47184 kB
PageTables:        63736 kB
NFS_Unstable:          0 kB
Bounce:                0 kB
WritebackTmp:          0 kB
CommitLimit:     9202292 kB
Committed_AS:   67508052 kB
VmallocTotal:   263061440 kB
VmallocUsed:      104136 kB
VmallocChunk:          0 kB
Percpu:             7648 kB
CmaTotal:         294912 kB
CmaFree:               0 kB
MemTotal:       12113136 kB
MemFree:          470820 kB
MemAvailable:    7927796 kB
Buffers:            7444 kB
Cached:          7829780 kB
SwapCached:            0 kB
Active:          2088268 kB
Inactive:        6992304 kB
Active(anon):    1145632 kB
Inactive(anon):   136400 kB
Active(file):     942636 kB
Inactive(file):  6855904 kB
Unevictable:        5716 kB
Mlocked:            5716 kB
SwapTotal:       3145724 kB
SwapFree:        3145724 kB
Dirty:               332 kB
Writeback:             0 kB
AnonPages:       1248928 kB
Mapped:           771500 kB
Shmem:             34016 kB
KReclaimable:     527140 kB
Slab:             226780 kB
SReclaimable:      79640 kB
SUnreclaim:       147140 kB
KernelStack:       47152 kB
PageTables:        63720 kB
NFS_Unstable:          0 kB
Bounce:                0 kB
WritebackTmp:          0 kB
CommitLimit:     9202292 kB
Committed_AS:   67497516 kB
VmallocTotal:   263061440 kB
VmallocUsed:      104120 kB
VmallocChunk:          0 kB
Percpu:             7648 kB
CmaTotal:         294912 kB
CmaFree:               0 kB
MemTotal:       12113136 kB
MemFree:          470584 kB
MemAvailable:    7927600 kB
Buffers:            7444 kB
Cached:          7830012 kB
SwapCached:            0 kB
Active:          2088952 kB
Inactive:        6992536 kB
Active(anon):    1146316 kB
Inactive(anon):   136624 kB
Active(file):     942636 kB
Inactive(file):  6855912 kB
Unevictable:        5716 kB
Mlocked:            5716 kB
SwapTotal:       3145724 kB
SwapFree:        3145724 kB
Dirty:               364 kB
Writeback:             0 kB
AnonPages:       1249716 kB
Mapped:           771540 kB
Shmem:             34240 kB
KReclaimable:     527172 kB
Slab:             226868 kB
SReclaimable:      79672 kB
SUnreclaim:       147196 kB
KernelStack:       47136 kB
PageTables:        63488 kB
NFS_Unstable:          0 kB
Bounce:                0 kB
WritebackTmp:          0 kB
CommitLimit:     9202292 kB
Committed_AS:   67498712 kB
VmallocTotal:   263061440 kB
VmallocUsed:      104136 kB
VmallocChunk:          0 kB
Percpu:             7648 kB
CmaTotal:         294912 kB
CmaFree:               4 kB
MemTotal:       12113136 kB
MemFree:          468940 kB
MemAvailable:    7925968 kB
Buffers:            7444 kB
Cached:          7830024 kB
SwapCached:            0 kB
Active:          2090904 kB
Inactive:        6992548 kB
Active(anon):    1148268 kB
Inactive(anon):   136624 kB
Active(file):     942636 kB
Inactive(file):  6855924 kB
Unevictable:        5716 kB
Mlocked:            5716 kB
SwapTotal:       3145724 kB
SwapFree:        3145724 kB
Dirty:               388 kB
Writeback:             0 kB
AnonPages:       1251688 kB
Mapped:           771592 kB
Shmem:             34240 kB
KReclaimable:     527172 kB
Slab:             226852 kB
SReclaimable:      79672 kB
SUnreclaim:       147180 kB
KernelStack:       47168 kB
PageTables:        63644 kB
NFS_Unstable:          0 kB
Bounce:                0 kB
WritebackTmp:          0 kB
CommitLimit:     9202292 kB
Committed_AS:   67501252 kB
VmallocTotal:   263061440 kB
VmallocUsed:      104152 kB
VmallocChunk:          0 kB
Percpu:             7648 kB
CmaTotal:         294912 kB
CmaFree:               0 kB
MemTotal:       12113136 kB
MemFree:          469128 kB
MemAvailable:    7926168 kB
Buffers:            7444 kB
Cached:          7829988 kB
SwapCached:            0 kB
Active:          2091136 kB
Inactive:        6992656 kB
Active(anon):    1148500 kB
Inactive(anon):   136720 kB
Active(file):     942636 kB
Inactive(file):  6855936 kB
Unevictable:        5716 kB
Mlocked:            5716 kB
SwapTotal:       3145724 kB
SwapFree:        3145724 kB
Dirty:               408 kB
Writeback:             0 kB
AnonPages:       1251864 kB
Mapped:           771780 kB
Shmem:             34192 kB
KReclaimable:     527172 kB
Slab:             226860 kB
SReclaimable:      79672 kB
SUnreclaim:       147188 kB
KernelStack:       47136 kB
PageTables:        63648 kB
NFS_Unstable:          0 kB
Bounce:                0 kB
WritebackTmp:          0 kB
CommitLimit:     9202292 kB
Committed_AS:   67497176 kB
VmallocTotal:   263061440 kB
VmallocUsed:      104152 kB
VmallocChunk:          0 kB
Percpu:             7648 kB
CmaTotal:         294912 kB
CmaFree:               0 kB
MemTotal:       12113136 kB
MemFree:          467732 kB
MemAvailable:    7924800 kB
Buffers:            7444 kB
Cached:          7830048 kB
SwapCached:            0 kB
Active:          2091872 kB
Inactive:        6992572 kB
Active(anon):    1149236 kB
Inactive(anon):   136624 kB
Active(file):     942636 kB
Inactive(file):  6855948 kB
Unevictable:        5716 kB
Mlocked:            5716 kB
SwapTotal:       3145724 kB
SwapFree:        3145724 kB
Dirty:               456 kB
Writeback:             0 kB
AnonPages:       1252680 kB
Mapped:           771592 kB
Shmem:             34240 kB
KReclaimable:     527188 kB
Slab:             226876 kB
SReclaimable:      79688 kB
SUnreclaim:       147188 kB
KernelStack:       47152 kB
PageTables:        63624 kB
NFS_Unstable:          0 kB
Bounce:                0 kB
WritebackTmp:          0 kB
CommitLimit:     9202292 kB
Committed_AS:   67503672 kB
VmallocTotal:   263061440 kB
VmallocUsed:      104104 kB
VmallocChunk:          0 kB
Percpu:             7648 kB
CmaTotal:         294912 kB
CmaFree:               0 kB
MemTotal:       12113136 kB
MemFree:          468088 kB
MemAvailable:    7925168 kB
Buffers:            7444 kB
Cached:          7830060 kB
SwapCached:            0 kB
Active:          2091680 kB
Inactive:        6992584 kB
Active(anon):    1149044 kB
Inactive(anon):   136624 kB
Active(file):     942636 kB
Inactive(file):  6855960 kB
Unevictable:        5716 kB
Mlocked:            5716 kB
SwapTotal:       3145724 kB
SwapFree:        3145724 kB
Dirty:               480 kB
Writeback:             0 kB
AnonPages:       1252492 kB
Mapped:           771592 kB
Shmem:             34240 kB
KReclaimable:     527188 kB
Slab:             226868 kB
SReclaimable:      79688 kB
SUnreclaim:       147180 kB
KernelStack:       47152 kB
PageTables:        63596 kB
NFS_Unstable:          0 kB
Bounce:                0 kB
WritebackTmp:          0 kB
CommitLimit:     9202292 kB
Committed_AS:   67497864 kB
VmallocTotal:   263061440 kB
VmallocUsed:      104136 kB
VmallocChunk:          0 kB
Percpu:             7648 kB
CmaTotal:         294912 kB
CmaFree:               0 kB
MemTotal:       12113136 kB
MemFree:          467916 kB
MemAvailable:    7925000 kB
Buffers:            7444 kB
Cached:          7830064 kB
SwapCached:            0 kB
Active:          2092420 kB
Inactive:        6992588 kB
Active(anon):    1149784 kB
Inactive(anon):   136624 kB
Active(file):     942636 kB
Inactive(file):  6855964 kB
Unevictable:        5716 kB
Mlocked:            5716 kB
SwapTotal:       3145724 kB
SwapFree:        3145724 kB
Dirty:               484 kB
Writeback:             0 kB
AnonPages:       1252972 kB
Mapped:           771904 kB
Shmem:             34240 kB
KReclaimable:     527188 kB
Slab:             226868 kB
SReclaimable:      79688 kB
SUnreclaim:       147180 kB
KernelStack:       47188 kB
PageTables:        63652 kB
NFS_Unstable:          0 kB
Bounce:                0 kB
WritebackTmp:          0 kB
CommitLimit:     9202292 kB
Committed_AS:   67498740 kB
VmallocTotal:   263061440 kB
VmallocUsed:      104168 kB
VmallocChunk:          0 kB
Percpu:             7648 kB
CmaTotal:         294912 kB
CmaFree:               0 kB
MemTotal:       12113136 kB
MemFree:          465804 kB
MemAvailable:    7922912 kB
Buffers:            7444 kB
Cached:          7830088 kB
SwapCached:            0 kB
Active:          2093224 kB
Inactive:        6992612 kB
Active(anon):    1150588 kB
Inactive(anon):   136624 kB
Active(file):     942636 kB
Inactive(file):  6855988 kB
Unevictable:        5716 kB
Mlocked:            5716 kB
SwapTotal:       3145724 kB
SwapFree:        3145724 kB
Dirty:               508 kB
Writeback:             0 kB
AnonPages:       1253832 kB
Mapped:           771680 kB
Shmem:             34240 kB
KReclaimable:     527188 kB
Slab:             226876 kB
SReclaimable:      79688 kB
SUnreclaim:       147188 kB
KernelStack:       47200 kB
PageTables:        63640 kB
NFS_Unstable:          0 kB
Bounce:                0 kB
WritebackTmp:          0 kB
CommitLimit:     9202292 kB
Committed_AS:   67498648 kB
VmallocTotal:   263061440 kB
VmallocUsed:      104152 kB
VmallocChunk:          0 kB
Percpu:             7648 kB
CmaTotal:         294912 kB
CmaFree:               0 kB
MemTotal:       12113136 kB
MemFree:          466720 kB
MemAvailable:    7923840 kB
Buffers:            7444 kB
Cached:          7830100 kB
SwapCached:            0 kB
Active:          2092972 kB
Inactive:        6992624 kB
Active(anon):    1150336 kB
Inactive(anon):   136624 kB
Active(file):     942636 kB
Inactive(file):  6856000 kB
Unevictable:        5716 kB
Mlocked:            5716 kB
SwapTotal:       3145724 kB
SwapFree:        3145724 kB
Dirty:               520 kB
Writeback:             0 kB
AnonPages:       1253732 kB
Mapped:           771476 kB
Shmem:             34240 kB
KReclaimable:     527188 kB
Slab:             226876 kB
SReclaimable:      79688 kB
SUnreclaim:       147188 kB
KernelStack:       47184 kB
PageTables:        63904 kB
NFS_Unstable:          0 kB
Bounce:                0 kB
WritebackTmp:          0 kB
CommitLimit:     9202292 kB
Committed_AS:   67502204 kB
VmallocTotal:   263061440 kB
VmallocUsed:      104152 kB
VmallocChunk:          0 kB
Percpu:             7648 kB
CmaTotal:         294912 kB
CmaFree:             104 kB
MemTotal:       12113136 kB
MemFree:          467376 kB
MemAvailable:    7924488 kB
Buffers:            7444 kB
Cached:          7830108 kB
SwapCached:            0 kB
Active:          2091836 kB
Inactive:        6992632 kB
Active(anon):    1149200 kB
Inactive(anon):   136624 kB
Active(file):     942636 kB
Inactive(file):  6856008 kB
Unevictable:        5716 kB
Mlocked:            5716 kB
SwapTotal:       3145724 kB
SwapFree:        3145724 kB
Dirty:               296 kB
Writeback:             0 kB
AnonPages:       1252504 kB
Mapped:           771520 kB
Shmem:             34240 kB
KReclaimable:     527172 kB
Slab:             226860 kB
SReclaimable:      79672 kB
SUnreclaim:       147188 kB
KernelStack:       47184 kB
PageTables:        63544 kB
NFS_Unstable:          0 kB
Bounce:                0 kB
WritebackTmp:          0 kB
CommitLimit:     9202292 kB
Committed_AS:   67497988 kB
VmallocTotal:   263061440 kB
VmallocUsed:      104152 kB
VmallocChunk:          0 kB
Percpu:             7648 kB
CmaTotal:         294912 kB
CmaFree:             148 kB
MemTotal:       12113136 kB
MemFree:          465676 kB
MemAvailable:    7922928 kB
Buffers:            7448 kB
Cached:          7830228 kB
SwapCached:            0 kB
Active:          2092760 kB
Inactive:        6992752 kB
Active(anon):    1150120 kB
Inactive(anon):   136624 kB
Active(file):     942640 kB
Inactive(file):  6856128 kB
Unevictable:        5716 kB
Mlocked:            5716 kB
SwapTotal:       3145724 kB
SwapFree:        3145724 kB
Dirty:               372 kB
Writeback:             0 kB
AnonPages:       1253648 kB
Mapped:           771592 kB
Shmem:             34240 kB
KReclaimable:     527188 kB
Slab:             226876 kB
SReclaimable:      79688 kB
SUnreclaim:       147188 kB
KernelStack:       47168 kB
PageTables:        63748 kB
NFS_Unstable:          0 kB
Bounce:                0 kB
WritebackTmp:          0 kB
CommitLimit:     9202292 kB
Committed_AS:   67497788 kB
VmallocTotal:   263061440 kB
VmallocUsed:      104120 kB
VmallocChunk:          0 kB
Percpu:             7648 kB
CmaTotal:         294912 kB
CmaFree:               0 kB
MemTotal:       12113136 kB
MemFree:          464408 kB
MemAvailable:    7921692 kB
Buffers:            7448 kB
Cached:          7830244 kB
SwapCached:            0 kB
Active:          2093584 kB
Inactive:        6992768 kB
Active(anon):    1150944 kB
Inactive(anon):   136624 kB
Active(file):     942640 kB
Inactive(file):  6856144 kB
Unevictable:        5716 kB
Mlocked:            5716 kB
SwapTotal:       3145724 kB
SwapFree:        3145724 kB
Dirty:               392 kB
Writeback:             0 kB
AnonPages:       1254372 kB
Mapped:           771712 kB
Shmem:             34240 kB
KReclaimable:     527204 kB
Slab:             226892 kB
SReclaimable:      79704 kB
SUnreclaim:       147188 kB
KernelStack:       47168 kB
PageTables:        63636 kB
NFS_Unstable:          0 kB
Bounce:                0 kB
WritebackTmp:          0 kB
CommitLimit:     9202292 kB
Committed_AS:   67502144 kB
VmallocTotal:   263061440 kB
VmallocUsed:      104168 kB
VmallocChunk:          0 kB
Percpu:             7648 kB
CmaTotal:         294912 kB
CmaFree:               0 kB
MemTotal:       12113136 kB
MemFree:          492344 kB
MemAvailable:    7949636 kB
Buffers:            7448 kB
Cached:          7830252 kB
SwapCached:            0 kB
Active:          2064652 kB
Inactive:        6992776 kB
Active(anon):    1122012 kB
Inactive(anon):   136624 kB
Active(file):     942640 kB
Inactive(file):  6856152 kB
Unevictable:        5716 kB
Mlocked:            5716 kB
SwapTotal:       3145724 kB
SwapFree:        3145724 kB
Dirty:               424 kB
Writeback:             0 kB
AnonPages:       1225560 kB
Mapped:           771516 kB
Shmem:             34240 kB
KReclaimable:     527204 kB
Slab:             226892 kB
SReclaimable:      79704 kB
SUnreclaim:       147188 kB
KernelStack:       47232 kB
PageTables:        63720 kB
NFS_Unstable:          0 kB
Bounce:                0 kB
WritebackTmp:          0 kB
CommitLimit:     9202292 kB
Committed_AS:   67501440 kB
VmallocTotal:   263061440 kB
VmallocUsed:      104168 kB
VmallocChunk:          0 kB
Percpu:             7648 kB
CmaTotal:         294912 kB
CmaFree:             132 kB
MemTotal:       12113136 kB
MemFree:          493020 kB
MemAvailable:    7950308 kB
Buffers:            7448 kB
Cached:          7830268 kB
SwapCached:            0 kB
Active:          2065980 kB
Inactive:        6992792 kB
Active(anon):    1123340 kB
Inactive(anon):   136628 kB
Active(file):     942640 kB
Inactive(file):  6856164 kB
Unevictable:        5716 kB
Mlocked:            5716 kB
SwapTotal:       3145724 kB
SwapFree:        3145724 kB
Dirty:               436 kB
Writeback:             0 kB
AnonPages:       1226680 kB
Mapped:           771588 kB
Shmem:             34244 kB
KReclaimable:     527188 kB
Slab:             226876 kB
SReclaimable:      79688 kB
SUnreclaim:       147188 kB
KernelStack:       47200 kB
PageTables:        63740 kB
NFS_Unstable:          0 kB
Bounce:                0 kB
WritebackTmp:          0 kB
CommitLimit:     9202292 kB
Committed_AS:   67495676 kB
VmallocTotal:   263061440 kB
VmallocUsed:      104136 kB
VmallocChunk:          0 kB
Percpu:             7648 kB
CmaTotal:         294912 kB
CmaFree:               0 kB
MemTotal:       12113136 kB
MemFree:          492448 kB
MemAvailable:    7949752 kB
Buffers:            7448 kB
Cached:          7830284 kB
SwapCached:            0 kB
Active:          2066592 kB
Inactive:        6992808 kB
Active(anon):    1123952 kB
Inactive(anon):   136628 kB
Active(file):     942640 kB
Inactive(file):  6856180 kB
Unevictable:        5716 kB
Mlocked:            5716 kB
SwapTotal:       3145724 kB
SwapFree:        3145724 kB
Dirty:               316 kB
Writeback:             0 kB
AnonPages:       1227388 kB
Mapped:           771596 kB
Shmem:             34244 kB
KReclaimable:     527188 kB
Slab:             226876 kB
SReclaimable:      79688 kB
SUnreclaim:       147188 kB
KernelStack:       47200 kB
PageTables:        63748 kB
NFS_Unstable:          0 kB
Bounce:                0 kB
WritebackTmp:          0 kB
CommitLimit:     9202292 kB
Committed_AS:   67502776 kB
VmallocTotal:   263061440 kB
VmallocUsed:      104168 kB
VmallocChunk:          0 kB
Percpu:             7648 kB
CmaTotal:         294912 kB
CmaFree:               0 kB
MemTotal:       12113136 kB
MemFree:          491256 kB
MemAvailable:    7948572 kB
Buffers:            7448 kB
Cached:          7830296 kB
SwapCached:            0 kB
Active:          2066364 kB
Inactive:        6992820 kB
Active(anon):    1123724 kB
Inactive(anon):   136628 kB
Active(file):     942640 kB
Inactive(file):  6856192 kB
Unevictable:        5716 kB
Mlocked:            5716 kB
SwapTotal:       3145724 kB
SwapFree:        3145724 kB
Dirty:               352 kB
Writeback:             0 kB
AnonPages:       1227204 kB
Mapped:           771596 kB
Shmem:             34244 kB
KReclaimable:     527188 kB
Slab:             226876 kB
SReclaimable:      79688 kB
SUnreclaim:       147188 kB
KernelStack:       47168 kB
PageTables:        63780 kB
NFS_Unstable:          0 kB
Bounce:                0 kB
WritebackTmp:          0 kB
CommitLimit:     9202292 kB
Committed_AS:   67502776 kB
VmallocTotal:   263061440 kB
VmallocUsed:      104200 kB
VmallocChunk:          0 kB
Percpu:             7648 kB
CmaTotal:         294912 kB
CmaFree:               0 kB
MemTotal:       12113136 kB
MemFree:          491396 kB
MemAvailable:    7948720 kB
Buffers:            7448 kB
Cached:          7830304 kB
SwapCached:            0 kB
Active:          2067136 kB
Inactive:        6992828 kB
Active(anon):    1124496 kB
Inactive(anon):   136628 kB
Active(file):     942640 kB
Inactive(file):  6856200 kB
Unevictable:        5716 kB
Mlocked:            5716 kB
SwapTotal:       3145724 kB
SwapFree:        3145724 kB
Dirty:               368 kB
Writeback:             0 kB
AnonPages:       1227584 kB
Mapped:           771476 kB
Shmem:             34244 kB
KReclaimable:     527188 kB
Slab:             226876 kB
SReclaimable:      79688 kB
SUnreclaim:       147188 kB
KernelStack:       47248 kB
PageTables:        63592 kB
NFS_Unstable:          0 kB
Bounce:                0 kB
WritebackTmp:          0 kB
CommitLimit:     9202292 kB
Committed_AS:   67498776 kB
VmallocTotal:   263061440 kB
VmallocUsed:      104200 kB
VmallocChunk:          0 kB
Percpu:             7648 kB
CmaTotal:         294912 kB
CmaFree:               0 kB
MemTotal:       12113136 kB
MemFree:          489968 kB
MemAvailable:    7947304 kB
Buffers:            7448 kB
Cached:          7830316 kB
SwapCached:            0 kB
Active:          2067704 kB
Inactive:        6992840 kB
Active(anon):    1125064 kB
Inactive(anon):   136628 kB
Active(file):     942640 kB
Inactive(file):  6856212 kB
Unevictable:        5716 kB
Mlocked:            5716 kB
SwapTotal:       3145724 kB
SwapFree:        3145724 kB
Dirty:               396 kB
Writeback:             0 kB
AnonPages:       1228556 kB
Mapped:           771596 kB
Shmem:             34244 kB
KReclaimable:     527188 kB
Slab:             226876 kB
SReclaimable:      79688 kB
SUnreclaim:       147188 kB
KernelStack:       47152 kB
PageTables:        63644 kB
NFS_Unstable:          0 kB
Bounce:                0 kB
WritebackTmp:          0 kB
CommitLimit:     9202292 kB
Committed_AS:   67502340 kB
VmallocTotal:   263061440 kB
VmallocUsed:      104216 kB
VmallocChunk:          0 kB
Percpu:             7648 kB
CmaTotal:         294912 kB
CmaFree:               0 kB
MemTotal:       12113136 kB
MemFree:          489408 kB
MemAvailable:    7946756 kB
Buffers:            7448 kB
Cached:          7830328 kB
SwapCached:            0 kB
Active:          2068036 kB
Inactive:        6992852 kB
Active(anon):    1125396 kB
Inactive(anon):   136628 kB
Active(file):     942640 kB
Inactive(file):  6856224 kB
Unevictable:        5716 kB
Mlocked:            5716 kB
SwapTotal:       3145724 kB
SwapFree:        3145724 kB
Dirty:               408 kB
Writeback:             0 kB
AnonPages:       1229044 kB
Mapped:           771604 kB
Shmem:             34244 kB
KReclaimable:     527188 kB
Slab:             226876 kB
SReclaimable:      79688 kB
SUnreclaim:       147188 kB
KernelStack:       47184 kB
PageTables:        63688 kB
NFS_Unstable:          0 kB
Bounce:                0 kB
WritebackTmp:          0 kB
CommitLimit:     9202292 kB
Committed_AS:   67499304 kB
VmallocTotal:   263061440 kB
VmallocUsed:      104216 kB
VmallocChunk:          0 kB
Percpu:             7648 kB
CmaTotal:         294912 kB
CmaFree:               0 kB
MemTotal:       12113136 kB
MemFree:          490032 kB
MemAvailable:    7947516 kB
Buffers:            7448 kB
Cached:          7830452 kB
SwapCached:            0 kB
Active:          2068328 kB
Inactive:        6992976 kB
Active(anon):    1125688 kB
Inactive(anon):   136628 kB
Active(file):     942640 kB
Inactive(file):  6856348 kB
Unevictable:        5716 kB
Mlocked:            5716 kB
SwapTotal:       3145724 kB
SwapFree:        3145724 kB
Dirty:               424 kB
Writeback:             0 kB
AnonPages:       1229128 kB
Mapped:           771596 kB
Shmem:             34244 kB
KReclaimable:     527200 kB
Slab:             226888 kB
SReclaimable:      79700 kB
SUnreclaim:       147188 kB
KernelStack:       47152 kB
PageTables:        63648 kB
NFS_Unstable:          0 kB
Bounce:                0 kB
WritebackTmp:          0 kB
CommitLimit:     9202292 kB
Committed_AS:   67496840 kB
VmallocTotal:   263061440 kB
VmallocUsed:      104184 kB
VmallocChunk:          0 kB
Percpu:             7648 kB
CmaTotal:         294912 kB
CmaFree:               0 kB
MemTotal:       12113136 kB
MemFree:          489500 kB
MemAvailable:    7946988 kB
Buffers:            7448 kB
Cached:          7830456 kB
SwapCached:            0 kB
Active:          2067536 kB
Inactive:        6992980 kB
Active(anon):    1124896 kB
Inactive(anon):   136628 kB
Active(file):     942640 kB
Inactive(file):  6856352 kB
Unevictable:        5716 kB
Mlocked:            5716 kB
SwapTotal:       3145724 kB
SwapFree:        3145724 kB
Dirty:               484 kB
Writeback:             0 kB
AnonPages:       1228340 kB
Mapped:           771616 kB
Shmem:             34244 kB
KReclaimable:     527200 kB
Slab:             226888 kB
SReclaimable:      79700 kB
SUnreclaim:       147188 kB
KernelStack:       47184 kB
PageTables:        63752 kB
NFS_Unstable:          0 kB
Bounce:                0 kB
WritebackTmp:          0 kB
CommitLimit:     9202292 kB
Committed_AS:   67497652 kB
VmallocTotal:   263061440 kB
VmallocUsed:      104136 kB
VmallocChunk:          0 kB
Percpu:             7648 kB
CmaTotal:         294912 kB
CmaFree:               0 kB
MemTotal:       12113136 kB
MemFree:          488996 kB
MemAvailable:    7946500 kB
Buffers:            7448 kB
Cached:          7830472 kB
SwapCached:            0 kB
Active:          2068424 kB
Inactive:        6992996 kB
Active(anon):    1125784 kB
Inactive(anon):   136628 kB
Active(file):     942640 kB
Inactive(file):  6856368 kB
Unevictable:        5716 kB
Mlocked:            5716 kB
SwapTotal:       3145724 kB
SwapFree:        3145724 kB
Dirty:               500 kB
Writeback:             0 kB
AnonPages:       1229284 kB
Mapped:           771596 kB
Shmem:             34244 kB
KReclaimable:     527200 kB
Slab:             226888 kB
SReclaimable:      79700 kB
SUnreclaim:       147188 kB
KernelStack:       47168 kB
PageTables:        63648 kB
NFS_Unstable:          0 kB
Bounce:                0 kB
WritebackTmp:          0 kB
CommitLimit:     9202292 kB
Committed_AS:   67497012 kB
VmallocTotal:   263061440 kB
VmallocUsed:      104168 kB
VmallocChunk:          0 kB
Percpu:             7648 kB
CmaTotal:         294912 kB
CmaFree:               0 kB
MemTotal:       12113136 kB
MemFree:          488196 kB
MemAvailable:    7945844 kB
Buffers:            7448 kB
Cached:          7830488 kB
SwapCached:            0 kB
Active:          2069108 kB
Inactive:        6993012 kB
Active(anon):    1126468 kB
Inactive(anon):   136628 kB
Active(file):     942640 kB
Inactive(file):  6856384 kB
Unevictable:        5716 kB
Mlocked:            5716 kB
SwapTotal:       3145724 kB
SwapFree:        3145724 kB
Dirty:               516 kB
Writeback:             0 kB
AnonPages:       1229848 kB
Mapped:           771596 kB
Shmem:             34244 kB
KReclaimable:     527200 kB
Slab:             226888 kB
SReclaimable:      79700 kB
SUnreclaim:       147188 kB
KernelStack:       47216 kB
PageTables:        63720 kB
NFS_Unstable:          0 kB
Bounce:                0 kB
WritebackTmp:          0 kB
CommitLimit:     9202292 kB
Committed_AS:   67496836 kB
VmallocTotal:   263061440 kB
VmallocUsed:      104200 kB
VmallocChunk:          0 kB
Percpu:             7648 kB
CmaTotal:         294912 kB
CmaFree:               0 kB
MemTotal:       12113136 kB
MemFree:          487656 kB
MemAvailable:    7945196 kB
Buffers:            7448 kB
Cached:          7830508 kB
SwapCached:            0 kB
Active:          2070664 kB
Inactive:        6993028 kB
Active(anon):    1128020 kB
Inactive(anon):   136628 kB
Active(file):     942644 kB
Inactive(file):  6856400 kB
Unevictable:        5716 kB
Mlocked:            5716 kB
SwapTotal:       3145724 kB
SwapFree:        3145724 kB
Dirty:               520 kB
Writeback:             0 kB
AnonPages:       1231512 kB
Mapped:           771596 kB
Shmem:             34244 kB
KReclaimable:     527200 kB
Slab:             226888 kB
SReclaimable:      79700 kB
SUnreclaim:       147188 kB
KernelStack:       47248 kB
PageTables:        63644 kB
NFS_Unstable:          0 kB
Bounce:                0 kB
WritebackTmp:          0 kB
CommitLimit:     9202292 kB
Committed_AS:   67497584 kB
VmallocTotal:   263061440 kB
VmallocUsed:      104216 kB
VmallocChunk:          0 kB
Percpu:             7648 kB
CmaTotal:         294912 kB
CmaFree:               0 kB
MemTotal:       12113136 kB
MemFree:          487204 kB
MemAvailable:    7944752 kB
Buffers:            7448 kB
Cached:          7830516 kB
SwapCached:            0 kB
Active:          2071732 kB
Inactive:        6993036 kB
Active(anon):    1129088 kB
Inactive(anon):   136628 kB
Active(file):     942644 kB
Inactive(file):  6856408 kB
Unevictable:        5716 kB
Mlocked:            5716 kB
SwapTotal:       3145724 kB
SwapFree:        3145724 kB
Dirty:               408 kB
Writeback:             0 kB
AnonPages:       1232464 kB
Mapped:           771596 kB
Shmem:             34244 kB
KReclaimable:     527200 kB
Slab:             226888 kB
SReclaimable:      79700 kB
SUnreclaim:       147188 kB
KernelStack:       47296 kB
PageTables:        63720 kB
NFS_Unstable:          0 kB
Bounce:                0 kB
WritebackTmp:          0 kB
CommitLimit:     9202292 kB
Committed_AS:   67491588 kB
VmallocTotal:   263061440 kB
VmallocUsed:      104216 kB
VmallocChunk:          0 kB
Percpu:             7648 kB
CmaTotal:         294912 kB
CmaFree:               0 kB
MemTotal:       12113136 kB
MemFree:          486380 kB
MemAvailable:    7943944 kB
Buffers:            7452 kB
Cached:          7830528 kB
SwapCached:            0 kB
Active:          2071648 kB
Inactive:        6993048 kB
Active(anon):    1129000 kB
Inactive(anon):   136628 kB
Active(file):     942648 kB
Inactive(file):  6856420 kB
Unevictable:        5716 kB
Mlocked:            5716 kB
SwapTotal:       3145724 kB
SwapFree:        3145724 kB
Dirty:               456 kB
Writeback:             0 kB
AnonPages:       1232484 kB
Mapped:           771704 kB
Shmem:             34244 kB
KReclaimable:     527200 kB
Slab:             226888 kB
SReclaimable:      79700 kB
SUnreclaim:       147188 kB
KernelStack:       47248 kB
PageTables:        63632 kB
NFS_Unstable:          0 kB
Bounce:                0 kB
WritebackTmp:          0 kB
CommitLimit:     9202292 kB
Committed_AS:   67487176 kB
VmallocTotal:   263061440 kB
VmallocUsed:      104264 kB
VmallocChunk:          0 kB
Percpu:             7648 kB
CmaTotal:         294912 kB
CmaFree:               0 kB
MemTotal:       12113136 kB
MemFree:          498748 kB
MemAvailable:    7956320 kB
Buffers:            7452 kB
Cached:          7830536 kB
SwapCached:            0 kB
Active:          2058428 kB
Inactive:        6993056 kB
Active(anon):    1115780 kB
Inactive(anon):   136628 kB
Active(file):     942648 kB
Inactive(file):  6856428 kB
Unevictable:        5716 kB
Mlocked:            5716 kB
SwapTotal:       3145724 kB
SwapFree:        3145724 kB
Dirty:               512 kB
Writeback:             0 kB
AnonPages:       1219112 kB
Mapped:           771596 kB
Shmem:             34244 kB
KReclaimable:     527200 kB
Slab:             226888 kB
SReclaimable:      79700 kB
SUnreclaim:       147188 kB
KernelStack:       47296 kB
PageTables:        63760 kB
NFS_Unstable:          0 kB
Bounce:                0 kB
WritebackTmp:          0 kB
CommitLimit:     9202292 kB
Committed_AS:   67492088 kB
VmallocTotal:   263061440 kB
VmallocUsed:      104232 kB
VmallocChunk:          0 kB
Percpu:             7648 kB
CmaTotal:         294912 kB
CmaFree:               0 kB
MemTotal:       12113136 kB
MemFree:          498328 kB
MemAvailable:    7955912 kB
Buffers:            7452 kB
Cached:          7830548 kB
SwapCached:            0 kB
Active:          2058932 kB
Inactive:        6993064 kB
Active(anon):    1116280 kB
Inactive(anon):   136628 kB
Active(file):     942652 kB
Inactive(file):  6856436 kB
Unevictable:        5716 kB
Mlocked:            5716 kB
SwapTotal:       3145724 kB
SwapFree:        3145724 kB
Dirty:               524 kB
Writeback:             0 kB
AnonPages:       1219752 kB
Mapped:           771596 kB
Shmem:             34244 kB
KReclaimable:     527200 kB
Slab:             226888 kB
SReclaimable:      79700 kB
SUnreclaim:       147188 kB
KernelStack:       47200 kB
PageTables:        63648 kB
NFS_Unstable:          0 kB
Bounce:                0 kB
WritebackTmp:          0 kB
CommitLimit:     9202292 kB
Committed_AS:   67486288 kB
VmallocTotal:   263061440 kB
VmallocUsed:      104200 kB
VmallocChunk:          0 kB
Percpu:             7648 kB
CmaTotal:         294912 kB
CmaFree:               0 kB
MemTotal:       12113136 kB
MemFree:          498924 kB
MemAvailable:    7956520 kB
Buffers:            7452 kB
Cached:          7830560 kB
SwapCached:            0 kB
Active:          2058476 kB
Inactive:        6993076 kB
Active(anon):    1115824 kB
Inactive(anon):   136628 kB
Active(file):     942652 kB
Inactive(file):  6856448 kB
Unevictable:        5716 kB
Mlocked:            5716 kB
SwapTotal:       3145724 kB
SwapFree:        3145724 kB
Dirty:               536 kB
Writeback:             0 kB
AnonPages:       1219432 kB
Mapped:           771596 kB
Shmem:             34244 kB
KReclaimable:     527200 kB
Slab:             226888 kB
SReclaimable:      79700 kB
SUnreclaim:       147188 kB
KernelStack:       47248 kB
PageTables:        63752 kB
NFS_Unstable:          0 kB
Bounce:                0 kB
WritebackTmp:          0 kB
CommitLimit:     9202292 kB
Committed_AS:   67486228 kB
VmallocTotal:   263061440 kB
VmallocUsed:      104184 kB
VmallocChunk:          0 kB
Percpu:             7648 kB
CmaTotal:         294912 kB
CmaFree:               0 kB
MemTotal:       12113136 kB
MemFree:          497720 kB
MemAvailable:    7955332 kB
Buffers:            7452 kB
Cached:          7830576 kB
SwapCached:            0 kB
Active:          2059228 kB
Inactive:        6993088 kB
Active(anon):    1116572 kB
Inactive(anon):   136628 kB
Active(file):     942656 kB
Inactive(file):  6856460 kB
Unevictable:        5716 kB
Mlocked:            5716 kB
SwapTotal:       3145724 kB
SwapFree:        3145724 kB
Dirty:               448 kB
Writeback:             0 kB
AnonPages:       1220012 kB
Mapped:           771596 kB
Shmem:             34244 kB
KReclaimable:     527200 kB
Slab:             226888 kB
SReclaimable:      79700 kB
SUnreclaim:       147188 kB
KernelStack:       47200 kB
PageTables:        63652 kB
NFS_Unstable:          0 kB
Bounce:                0 kB
WritebackTmp:          0 kB
CommitLimit:     9202292 kB
Committed_AS:   67491728 kB
VmallocTotal:   263061440 kB
VmallocUsed:      104200 kB
VmallocChunk:          0 kB
Percpu:             7648 kB
CmaTotal:         294912 kB
CmaFree:               0 kB
MemTotal:       12113136 kB
MemFree:          497824 kB
MemAvailable:    7955452 kB
Buffers:            7452 kB
Cached:          7830592 kB
SwapCached:            0 kB
Active:          2059920 kB
Inactive:        6993104 kB
Active(anon):    1117264 kB
Inactive(anon):   136628 kB
Active(file):     942656 kB
Inactive(file):  6856476 kB
Unevictable:        5716 kB
Mlocked:            5716 kB
SwapTotal:       3145724 kB
SwapFree:        3145724 kB
Dirty:               484 kB
Writeback:             0 kB
AnonPages:       1220592 kB
Mapped:           771596 kB
Shmem:             34244 kB
KReclaimable:     527200 kB
Slab:             226888 kB
SReclaimable:      79700 kB
SUnreclaim:       147188 kB
KernelStack:       47248 kB
PageTables:        63720 kB
NFS_Unstable:          0 kB
Bounce:                0 kB
WritebackTmp:          0 kB
CommitLimit:     9202292 kB
Committed_AS:   67491856 kB
VmallocTotal:   263061440 kB
VmallocUsed:      104232 kB
VmallocChunk:          0 kB
Percpu:             7648 kB
CmaTotal:         294912 kB
CmaFree:               0 kB
MemTotal:       12113136 kB
MemFree:          497336 kB
MemAvailable:    7954988 kB
Buffers:            7452 kB
Cached:          7830600 kB
SwapCached:            0 kB
Active:          2060208 kB
Inactive:        6993112 kB
Active(anon):    1117552 kB
Inactive(anon):   136628 kB
Active(file):     942656 kB
Inactive(file):  6856484 kB
Unevictable:        5716 kB
Mlocked:            5716 kB
SwapTotal:       3145724 kB
SwapFree:        3145724 kB
Dirty:               492 kB
Writeback:             0 kB
AnonPages:       1220996 kB
Mapped:           771596 kB
Shmem:             34244 kB
KReclaimable:     527216 kB
Slab:             226904 kB
SReclaimable:      79716 kB
SUnreclaim:       147188 kB
KernelStack:       47184 kB
PageTables:        63644 kB
NFS_Unstable:          0 kB
Bounce:                0 kB
WritebackTmp:          0 kB
CommitLimit:     9202292 kB
Committed_AS:   67497076 kB
VmallocTotal:   263061440 kB
VmallocUsed:      104200 kB
VmallocChunk:          0 kB
Percpu:             7648 kB
CmaTotal:         294912 kB
CmaFree:               0 kB
MemTotal:       12113136 kB
MemFree:          497108 kB
MemAvailable:    7954752 kB
Buffers:            7452 kB
Cached:          7830608 kB
SwapCached:            0 kB
Active:          2060272 kB
Inactive:        6993120 kB
Active(anon):    1117616 kB
Inactive(anon):   136628 kB
Active(file):     942656 kB
Inactive(file):  6856492 kB
Unevictable:        5716 kB
Mlocked:            5716 kB
SwapTotal:       3145724 kB
SwapFree:        3145724 kB
Dirty:               500 kB
Writeback:             0 kB
AnonPages:       1221252 kB
Mapped:           771596 kB
Shmem:             34244 kB
KReclaimable:     527200 kB
Slab:             226888 kB
SReclaimable:      79700 kB
SUnreclaim:       147188 kB
KernelStack:       47232 kB
PageTables:        63724 kB
NFS_Unstable:          0 kB
Bounce:                0 kB
WritebackTmp:          0 kB
CommitLimit:     9202292 kB
Committed_AS:   67492356 kB
VmallocTotal:   263061440 kB
VmallocUsed:      104232 kB
VmallocChunk:          0 kB
Percpu:             7648 kB
CmaTotal:         294912 kB
CmaFree:               0 kB
MemTotal:       12113136 kB
MemFree:          460068 kB
MemAvailable:    7917732 kB
Buffers:            7452 kB
Cached:          7830628 kB
SwapCached:            0 kB
Active:          2098832 kB
Inactive:        6993140 kB
Active(anon):    1156176 kB
Inactive(anon):   136628 kB
Active(file):     942656 kB
Inactive(file):  6856512 kB
Unevictable:        5716 kB
Mlocked:            5716 kB
SwapTotal:       3145724 kB
SwapFree:        3145724 kB
Dirty:               552 kB
Writeback:             0 kB
AnonPages:       1259632 kB
Mapped:           771596 kB
Shmem:             34244 kB
KReclaimable:     527200 kB
Slab:             226888 kB
SReclaimable:      79700 kB
SUnreclaim:       147188 kB
KernelStack:       47184 kB
PageTables:        63648 kB
NFS_Unstable:          0 kB
Bounce:                0 kB
WritebackTmp:          0 kB
CommitLimit:     9202292 kB
Committed_AS:   67496372 kB
VmallocTotal:   263061440 kB
VmallocUsed:      104216 kB
VmallocChunk:          0 kB
Percpu:             7648 kB
CmaTotal:         294912 kB
CmaFree:               0 kB
MemTotal:       12113136 kB
MemFree:          458360 kB
MemAvailable:    7916024 kB
Buffers:            7452 kB
Cached:          7830644 kB
SwapCached:            0 kB
Active:          2099692 kB
Inactive:        6993156 kB
Active(anon):    1157036 kB
Inactive(anon):   136628 kB
Active(file):     942656 kB
Inactive(file):  6856528 kB
Unevictable:        5716 kB
Mlocked:            5716 kB
SwapTotal:       3145724 kB
SwapFree:        3145724 kB
Dirty:               396 kB
Writeback:             0 kB
AnonPages:       1260404 kB
Mapped:           771596 kB
Shmem:             34244 kB
KReclaimable:     527184 kB
Slab:             226872 kB
SReclaimable:      79684 kB
SUnreclaim:       147188 kB
KernelStack:       47184 kB
PageTables:        63668 kB
NFS_Unstable:          0 kB
Bounce:                0 kB
WritebackTmp:          0 kB
CommitLimit:     9202292 kB
Committed_AS:   67497196 kB
VmallocTotal:   263061440 kB
VmallocUsed:      104264 kB
VmallocChunk:          0 kB
Percpu:             7648 kB
CmaTotal:         294912 kB
CmaFree:               0 kB
MemTotal:       12113136 kB
MemFree:          474192 kB
MemAvailable:    7931872 kB
Buffers:            7452 kB
Cached:          7830660 kB
SwapCached:            0 kB
Active:          2083644 kB
Inactive:        6993172 kB
Active(anon):    1140988 kB
Inactive(anon):   136628 kB
Active(file):     942656 kB
Inactive(file):  6856544 kB
Unevictable:        5716 kB
Mlocked:            5716 kB
SwapTotal:       3145724 kB
SwapFree:        3145724 kB
Dirty:               468 kB
Writeback:             0 kB
AnonPages:       1244616 kB
Mapped:           771596 kB
Shmem:             34244 kB
KReclaimable:     527184 kB
Slab:             226864 kB
SReclaimable:      79684 kB
SUnreclaim:       147180 kB
KernelStack:       47184 kB
PageTables:        63648 kB
NFS_Unstable:          0 kB
Bounce:                0 kB
WritebackTmp:          0 kB
CommitLimit:     9202292 kB
Committed_AS:   67496684 kB
VmallocTotal:   263061440 kB
VmallocUsed:      104232 kB
VmallocChunk:          0 kB
Percpu:             7648 kB
CmaTotal:         294912 kB
CmaFree:               0 kB
MemTotal:       12113136 kB
MemFree:          460096 kB
MemAvailable:    7917804 kB
Buffers:            7452 kB
Cached:          7830672 kB
SwapCached:            0 kB
Active:          2098052 kB
Inactive:        6993184 kB
Active(anon):    1155396 kB
Inactive(anon):   136628 kB
Active(file):     942656 kB
Inactive(file):  6856556 kB
Unevictable:        5716 kB
Mlocked:            5716 kB
SwapTotal:       3145724 kB
SwapFree:        3145724 kB
Dirty:               508 kB
Writeback:             0 kB
AnonPages:       1258836 kB
Mapped:           771596 kB
Shmem:             34244 kB
KReclaimable:     527200 kB
Slab:             226880 kB
SReclaimable:      79700 kB
SUnreclaim:       147180 kB
KernelStack:       47168 kB
PageTables:        63676 kB
NFS_Unstable:          0 kB
Bounce:                0 kB
WritebackTmp:          0 kB
CommitLimit:     9202292 kB
Committed_AS:   67506796 kB
VmallocTotal:   263061440 kB
VmallocUsed:      104184 kB
VmallocChunk:          0 kB
Percpu:             7648 kB
CmaTotal:         294912 kB
CmaFree:               0 kB
MemTotal:       12113136 kB
MemFree:          459260 kB
MemAvailable:    7916964 kB
Buffers:            7452 kB
Cached:          7830684 kB
SwapCached:            0 kB
Active:          2098512 kB
Inactive:        6993196 kB
Active(anon):    1155856 kB
Inactive(anon):   136628 kB
Active(file):     942656 kB
Inactive(file):  6856568 kB
Unevictable:        5716 kB
Mlocked:            5716 kB
SwapTotal:       3145724 kB
SwapFree:        3145724 kB
Dirty:               520 kB
Writeback:             0 kB
AnonPages:       1259348 kB
Mapped:           771596 kB
Shmem:             34244 kB
KReclaimable:     527184 kB
Slab:             226872 kB
SReclaimable:      79684 kB
SUnreclaim:       147188 kB
KernelStack:       47152 kB
PageTables:        63644 kB
NFS_Unstable:          0 kB
Bounce:                0 kB
WritebackTmp:          0 kB
CommitLimit:     9202292 kB
Committed_AS:   67507052 kB
VmallocTotal:   263061440 kB
VmallocUsed:      104200 kB
VmallocChunk:          0 kB
Percpu:             7648 kB
CmaTotal:         294912 kB
CmaFree:               0 kB
MemTotal:       12113136 kB
MemFree:          459664 kB
MemAvailable:    7917396 kB
Buffers:            7452 kB
Cached:          7830696 kB
SwapCached:            0 kB
Active:          2098352 kB
Inactive:        6993208 kB
Active(anon):    1155696 kB
Inactive(anon):   136628 kB
Active(file):     942656 kB
Inactive(file):  6856580 kB
Unevictable:        5716 kB
Mlocked:            5716 kB
SwapTotal:       3145724 kB
SwapFree:        3145724 kB
Dirty:               532 kB
Writeback:             0 kB
AnonPages:       1259344 kB
Mapped:           771772 kB
Shmem:             34244 kB
KReclaimable:     527200 kB
Slab:             226888 kB
SReclaimable:      79700 kB
SUnreclaim:       147188 kB
KernelStack:       47200 kB
PageTables:        63740 kB
NFS_Unstable:          0 kB
Bounce:                0 kB
WritebackTmp:          0 kB
CommitLimit:     9202292 kB
Committed_AS:   67501100 kB
VmallocTotal:   263061440 kB
VmallocUsed:      104184 kB
VmallocChunk:          0 kB
Percpu:             7648 kB
CmaTotal:         294912 kB
CmaFree:               0 kB
MemTotal:       12113136 kB
MemFree:          459248 kB
MemAvailable:    7916976 kB
Buffers:            7452 kB
Cached:          7830708 kB
SwapCached:            0 kB
Active:          2098840 kB
Inactive:        6993220 kB
Active(anon):    1156184 kB
Inactive(anon):   136628 kB
Active(file):     942656 kB
Inactive(file):  6856592 kB
Unevictable:        5716 kB
Mlocked:            5716 kB
SwapTotal:       3145724 kB
SwapFree:        3145724 kB
Dirty:               376 kB
Writeback:             0 kB
AnonPages:       1259664 kB
Mapped:           771596 kB
Shmem:             34244 kB
KReclaimable:     527184 kB
Slab:             226872 kB
SReclaimable:      79684 kB
SUnreclaim:       147188 kB
KernelStack:       47152 kB
PageTables:        63644 kB
NFS_Unstable:          0 kB
Bounce:                0 kB
WritebackTmp:          0 kB
CommitLimit:     9202292 kB
Committed_AS:   67494684 kB
VmallocTotal:   263061440 kB
VmallocUsed:      104216 kB
VmallocChunk:          0 kB
Percpu:             7648 kB
CmaTotal:         294912 kB
CmaFree:              28 kB
MemTotal:       12113136 kB
MemFree:          457976 kB
MemAvailable:    7915720 kB
Buffers:            7456 kB
Cached:          7830720 kB
SwapCached:            0 kB
Active:          2099424 kB
Inactive:        6993232 kB
Active(anon):    1156764 kB
Inactive(anon):   136628 kB
Active(file):     942660 kB
Inactive(file):  6856604 kB
Unevictable:        5716 kB
Mlocked:            5716 kB
SwapTotal:       3145724 kB
SwapFree:        3145724 kB
Dirty:               424 kB
Writeback:             0 kB
AnonPages:       1260116 kB
Mapped:           771596 kB
Shmem:             34244 kB
KReclaimable:     527184 kB
Slab:             226872 kB
SReclaimable:      79684 kB
SUnreclaim:       147188 kB
KernelStack:       47152 kB
PageTables:        63648 kB
NFS_Unstable:          0 kB
Bounce:                0 kB
WritebackTmp:          0 kB
CommitLimit:     9202292 kB
Committed_AS:   67496308 kB
VmallocTotal:   263061440 kB
VmallocUsed:      104200 kB
VmallocChunk:          0 kB
Percpu:             7648 kB
CmaTotal:         294912 kB
CmaFree:               0 kB
MemTotal:       12113136 kB
MemFree:          458408 kB
MemAvailable:    7916272 kB
Buffers:            7456 kB
Cached:          7830832 kB
SwapCached:            0 kB
Active:          2100076 kB
Inactive:        6993344 kB
Active(anon):    1157416 kB
Inactive(anon):   136628 kB
Active(file):     942660 kB
Inactive(file):  6856716 kB
Unevictable:        5716 kB
Mlocked:            5716 kB
SwapTotal:       3145724 kB
SwapFree:        3145724 kB
Dirty:               536 kB
Writeback:             0 kB
AnonPages:       1260880 kB
Mapped:           771596 kB
Shmem:             34244 kB
KReclaimable:     527192 kB
Slab:             226880 kB
SReclaimable:      79692 kB
SUnreclaim:       147188 kB
KernelStack:       47152 kB
PageTables:        63644 kB
NFS_Unstable:          0 kB
Bounce:                0 kB
WritebackTmp:          0 kB
CommitLimit:     9202292 kB
Committed_AS:   67496092 kB
VmallocTotal:   263061440 kB
VmallocUsed:      104184 kB
VmallocChunk:          0 kB
Percpu:             7648 kB
CmaTotal:         294912 kB
CmaFree:               0 kB
MemTotal:       12113136 kB
MemFree:          457452 kB
MemAvailable:    7915332 kB
Buffers:            7456 kB
Cached:          7830848 kB
SwapCached:            0 kB
Active:          2100772 kB
Inactive:        6993360 kB
Active(anon):    1158112 kB
Inactive(anon):   136628 kB
Active(file):     942660 kB
Inactive(file):  6856732 kB
Unevictable:        5716 kB
Mlocked:            5716 kB
SwapTotal:       3145724 kB
SwapFree:        3145724 kB
Dirty:               608 kB
Writeback:             0 kB
AnonPages:       1261464 kB
Mapped:           771596 kB
Shmem:             34244 kB
KReclaimable:     527192 kB
Slab:             226880 kB
SReclaimable:      79692 kB
SUnreclaim:       147188 kB
KernelStack:       47152 kB
PageTables:        63644 kB
NFS_Unstable:          0 kB
Bounce:                0 kB
WritebackTmp:          0 kB
CommitLimit:     9202292 kB
Committed_AS:   67495968 kB
VmallocTotal:   263061440 kB
VmallocUsed:      104184 kB
VmallocChunk:          0 kB
Percpu:             7648 kB
CmaTotal:         294912 kB
CmaFree:               0 kB
MemTotal:       12113136 kB
MemFree:          489552 kB
MemAvailable:    7947456 kB
Buffers:            7456 kB
Cached:          7830896 kB
SwapCached:            0 kB
Active:          2068100 kB
Inactive:        6993408 kB
Active(anon):    1125440 kB
Inactive(anon):   136668 kB
Active(file):     942660 kB
Inactive(file):  6856740 kB
Unevictable:        5716 kB
Mlocked:            5716 kB
SwapTotal:       3145724 kB
SwapFree:        3145724 kB
Dirty:               624 kB
Writeback:             0 kB
AnonPages:       1228824 kB
Mapped:           771636 kB
Shmem:             34284 kB
KReclaimable:     527208 kB
Slab:             226896 kB
SReclaimable:      79708 kB
SUnreclaim:       147188 kB
KernelStack:       47152 kB
PageTables:        63644 kB
NFS_Unstable:          0 kB
Bounce:                0 kB
WritebackTmp:          0 kB
CommitLimit:     9202292 kB
Committed_AS:   67496968 kB
VmallocTotal:   263061440 kB
VmallocUsed:      104168 kB
VmallocChunk:          0 kB
Percpu:             7648 kB
CmaTotal:         294912 kB
CmaFree:               0 kB
MemTotal:       12113136 kB
MemFree:          489188 kB
MemAvailable:    7947120 kB
Buffers:            7456 kB
Cached:          7830908 kB
SwapCached:            0 kB
Active:          2069108 kB
Inactive:        6993420 kB
Active(anon):    1126448 kB
Inactive(anon):   136668 kB
Active(file):     942660 kB
Inactive(file):  6856752 kB
Unevictable:        5716 kB
Mlocked:            5716 kB
SwapTotal:       3145724 kB
SwapFree:        3145724 kB
Dirty:               484 kB
Writeback:             0 kB
AnonPages:       1229796 kB
Mapped:           771804 kB
Shmem:             34284 kB
KReclaimable:     527224 kB
Slab:             226912 kB
SReclaimable:      79724 kB
SUnreclaim:       147188 kB
KernelStack:       47184 kB
PageTables:        63660 kB
NFS_Unstable:          0 kB
Bounce:                0 kB
WritebackTmp:          0 kB
CommitLimit:     9202292 kB
Committed_AS:   67492768 kB
VmallocTotal:   263061440 kB
VmallocUsed:      104120 kB
VmallocChunk:          0 kB
Percpu:             7648 kB
CmaTotal:         294912 kB
CmaFree:               0 kB
MemTotal:       12113136 kB
MemFree:          488772 kB
MemAvailable:    7947024 kB
Buffers:            7456 kB
Cached:          7831228 kB
SwapCached:            0 kB
Active:          2069684 kB
Inactive:        6993740 kB
Active(anon):    1127024 kB
Inactive(anon):   136668 kB
Active(file):     942660 kB
Inactive(file):  6857072 kB
Unevictable:        5716 kB
Mlocked:            5716 kB
SwapTotal:       3145724 kB
SwapFree:        3145724 kB
Dirty:               580 kB
Writeback:             0 kB
AnonPages:       1230488 kB
Mapped:           771804 kB
Shmem:             34284 kB
KReclaimable:     527224 kB
Slab:             226912 kB
SReclaimable:      79724 kB
SUnreclaim:       147188 kB
KernelStack:       47152 kB
PageTables:        63640 kB
NFS_Unstable:          0 kB
Bounce:                0 kB
WritebackTmp:          0 kB
CommitLimit:     9202292 kB
Committed_AS:   67490512 kB
VmallocTotal:   263061440 kB
VmallocUsed:      104136 kB
VmallocChunk:          0 kB
Percpu:             7648 kB
CmaTotal:         294912 kB
CmaFree:               0 kB
MemTotal:       12113136 kB
MemFree:          487728 kB
MemAvailable:    7945988 kB
Buffers:            7456 kB
Cached:          7831236 kB
SwapCached:            0 kB
Active:          2070328 kB
Inactive:        6993748 kB
Active(anon):    1127668 kB
Inactive(anon):   136668 kB
Active(file):     942660 kB
Inactive(file):  6857080 kB
Unevictable:        5716 kB
Mlocked:            5716 kB
SwapTotal:       3145724 kB
SwapFree:        3145724 kB
Dirty:               608 kB
Writeback:             0 kB
AnonPages:       1231064 kB
Mapped:           771104 kB
Shmem:             34284 kB
KReclaimable:     527224 kB
Slab:             226912 kB
SReclaimable:      79724 kB
SUnreclaim:       147188 kB
KernelStack:       47152 kB
PageTables:        63644 kB
NFS_Unstable:          0 kB
Bounce:                0 kB
WritebackTmp:          0 kB
CommitLimit:     9202292 kB
Committed_AS:   67488008 kB
VmallocTotal:   263061440 kB
VmallocUsed:      104152 kB
VmallocChunk:          0 kB
Percpu:             7648 kB
CmaTotal:         294912 kB
CmaFree:               0 kB
MemTotal:       12113136 kB
MemFree:          489316 kB
MemAvailable:    7947604 kB
Buffers:            7460 kB
Cached:          7831256 kB
SwapCached:            0 kB
Active:          2067436 kB
Inactive:        6993768 kB
Active(anon):    1124772 kB
Inactive(anon):   136668 kB
Active(file):     942664 kB
Inactive(file):  6857100 kB
Unevictable:        5716 kB
Mlocked:            5716 kB
SwapTotal:       3145724 kB
SwapFree:        3145724 kB
Dirty:               344 kB
Writeback:             0 kB
AnonPages:       1228228 kB
Mapped:           771104 kB
Shmem:             34284 kB
KReclaimable:     527228 kB
Slab:             226916 kB
SReclaimable:      79728 kB
SUnreclaim:       147188 kB
KernelStack:       47152 kB
PageTables:        63640 kB
NFS_Unstable:          0 kB
Bounce:                0 kB
WritebackTmp:          0 kB
CommitLimit:     9202292 kB
Committed_AS:   67493184 kB
VmallocTotal:   263061440 kB
VmallocUsed:      104104 kB
VmallocChunk:          0 kB
Percpu:             7648 kB
CmaTotal:         294912 kB
CmaFree:              92 kB
MemTotal:       12113136 kB
MemFree:          489380 kB
MemAvailable:    7947676 kB
Buffers:            7460 kB
Cached:          7831264 kB
SwapCached:            0 kB
Active:          2067476 kB
Inactive:        6993776 kB
Active(anon):    1124812 kB
Inactive(anon):   136668 kB
Active(file):     942664 kB
Inactive(file):  6857108 kB
Unevictable:        5716 kB
Mlocked:            5716 kB
SwapTotal:       3145724 kB
SwapFree:        3145724 kB
Dirty:               380 kB
Writeback:             0 kB
AnonPages:       1228236 kB
Mapped:           771104 kB
Shmem:             34284 kB
KReclaimable:     527228 kB
Slab:             226916 kB
SReclaimable:      79728 kB
SUnreclaim:       147188 kB
KernelStack:       47184 kB
PageTables:        63660 kB
NFS_Unstable:          0 kB
Bounce:                0 kB
WritebackTmp:          0 kB
CommitLimit:     9202292 kB
Committed_AS:   67492800 kB
VmallocTotal:   263061440 kB
VmallocUsed:      104120 kB
VmallocChunk:          0 kB
Percpu:             7648 kB
CmaTotal:         294912 kB
CmaFree:               0 kB
MemTotal:       12113136 kB
MemFree:          489224 kB
MemAvailable:    7947544 kB
Buffers:            7460 kB
Cached:          7831288 kB
SwapCached:            0 kB
Active:          2067968 kB
Inactive:        6993800 kB
Active(anon):    1125304 kB
Inactive(anon):   136668 kB
Active(file):     942664 kB
Inactive(file):  6857132 kB
Unevictable:        5716 kB
Mlocked:            5716 kB
SwapTotal:       3145724 kB
SwapFree:        3145724 kB
Dirty:               452 kB
Writeback:             0 kB
AnonPages:       1228776 kB
Mapped:           771104 kB
Shmem:             34284 kB
KReclaimable:     527228 kB
Slab:             226916 kB
SReclaimable:      79728 kB
SUnreclaim:       147188 kB
KernelStack:       47136 kB
PageTables:        63640 kB
NFS_Unstable:          0 kB
Bounce:                0 kB
WritebackTmp:          0 kB
CommitLimit:     9202292 kB
Committed_AS:   67493492 kB
VmallocTotal:   263061440 kB
VmallocUsed:      104136 kB
VmallocChunk:          0 kB
Percpu:             7648 kB
CmaTotal:         294912 kB
CmaFree:               0 kB
MemTotal:       12113136 kB
MemFree:          487836 kB
MemAvailable:    7946172 kB
Buffers:            7460 kB
Cached:          7831304 kB
SwapCached:            0 kB
Active:          2068720 kB
Inactive:        6993816 kB
Active(anon):    1126056 kB
Inactive(anon):   136668 kB
Active(file):     942664 kB
Inactive(file):  6857148 kB
Unevictable:        5716 kB
Mlocked:            5716 kB
SwapTotal:       3145724 kB
SwapFree:        3145724 kB
Dirty:               472 kB
Writeback:             0 kB
AnonPages:       1229512 kB
Mapped:           771104 kB
Shmem:             34284 kB
KReclaimable:     527228 kB
Slab:             226916 kB
SReclaimable:      79728 kB
SUnreclaim:       147188 kB
KernelStack:       47184 kB
PageTables:        63720 kB
NFS_Unstable:          0 kB
Bounce:                0 kB
WritebackTmp:          0 kB
CommitLimit:     9202292 kB
Committed_AS:   67488404 kB
VmallocTotal:   263061440 kB
VmallocUsed:      104120 kB
VmallocChunk:          0 kB
Percpu:             7648 kB
CmaTotal:         294912 kB
CmaFree:               0 kB
MemTotal:       12113136 kB
MemFree:          488664 kB
MemAvailable:    7947012 kB
Buffers:            7460 kB
Cached:          7831316 kB
SwapCached:            0 kB
Active:          2067980 kB
Inactive:        6993828 kB
Active(anon):    1125316 kB
Inactive(anon):   136668 kB
Active(file):     942664 kB
Inactive(file):  6857160 kB
Unevictable:        5716 kB
Mlocked:            5716 kB
SwapTotal:       3145724 kB
SwapFree:        3145724 kB
Dirty:               500 kB
Writeback:             0 kB
AnonPages:       1228776 kB
Mapped:           771104 kB
Shmem:             34284 kB
KReclaimable:     527228 kB
Slab:             226916 kB
SReclaimable:      79728 kB
SUnreclaim:       147188 kB
KernelStack:       47152 kB
PageTables:        63608 kB
NFS_Unstable:          0 kB
Bounce:                0 kB
WritebackTmp:          0 kB
CommitLimit:     9202292 kB
Committed_AS:   67492468 kB
VmallocTotal:   263061440 kB
VmallocUsed:      104168 kB
VmallocChunk:          0 kB
Percpu:             7648 kB
CmaTotal:         294912 kB
CmaFree:               0 kB
MemTotal:       12113136 kB
MemFree:          489296 kB
MemAvailable:    7947656 kB
Buffers:            7460 kB
Cached:          7831332 kB
SwapCached:            0 kB
Active:          2068692 kB
Inactive:        6993844 kB
Active(anon):    1126032 kB
Inactive(anon):   136668 kB
Active(file):     942660 kB
Inactive(file):  6857176 kB
Unevictable:        5716 kB
Mlocked:            5716 kB
SwapTotal:       3145724 kB
SwapFree:        3145724 kB
Dirty:               520 kB
Writeback:             0 kB
AnonPages:       1229436 kB
Mapped:           771104 kB
Shmem:             34284 kB
KReclaimable:     527228 kB
Slab:             226916 kB
SReclaimable:      79728 kB
SUnreclaim:       147188 kB
KernelStack:       47136 kB
PageTables:        63640 kB
NFS_Unstable:          0 kB
Bounce:                0 kB
WritebackTmp:          0 kB
CommitLimit:     9202292 kB
Committed_AS:   67488848 kB
VmallocTotal:   263061440 kB
VmallocUsed:      104136 kB
VmallocChunk:          0 kB
Percpu:             7648 kB
CmaTotal:         294912 kB
CmaFree:               0 kB
MemTotal:       12113136 kB
MemFree:          488172 kB
MemAvailable:    7946540 kB
Buffers:            7460 kB
Cached:          7831336 kB
SwapCached:            0 kB
Active:          2069168 kB
Inactive:        6993848 kB
Active(anon):    1126504 kB
Inactive(anon):   136668 kB
Active(file):     942664 kB
Inactive(file):  6857180 kB
Unevictable:        5716 kB
Mlocked:            5716 kB
SwapTotal:       3145724 kB
SwapFree:        3145724 kB
Dirty:               524 kB
Writeback:             0 kB
AnonPages:       1230032 kB
Mapped:           771104 kB
Shmem:             34284 kB
KReclaimable:     527228 kB
Slab:             226916 kB
SReclaimable:      79728 kB
SUnreclaim:       147188 kB
KernelStack:       47136 kB
PageTables:        63640 kB
NFS_Unstable:          0 kB
Bounce:                0 kB
WritebackTmp:          0 kB
CommitLimit:     9202292 kB
Committed_AS:   67488156 kB
VmallocTotal:   263061440 kB
VmallocUsed:      104168 kB
VmallocChunk:          0 kB
Percpu:             7648 kB
CmaTotal:         294912 kB
CmaFree:               0 kB
MemTotal:       12113136 kB
MemFree:          487812 kB
MemAvailable:    7946196 kB
Buffers:            7460 kB
Cached:          7831352 kB
SwapCached:            0 kB
Active:          2069924 kB
Inactive:        6993864 kB
Active(anon):    1127260 kB
Inactive(anon):   136668 kB
Active(file):     942664 kB
Inactive(file):  6857196 kB
Unevictable:        5716 kB
Mlocked:            5716 kB
SwapTotal:       3145724 kB
SwapFree:        3145724 kB
Dirty:               196 kB
Writeback:             0 kB
AnonPages:       1230616 kB
Mapped:           771104 kB
Shmem:             34284 kB
KReclaimable:     527228 kB
Slab:             226944 kB
SReclaimable:      79728 kB
SUnreclaim:       147216 kB
KernelStack:       47136 kB
PageTables:        63648 kB
NFS_Unstable:          0 kB
Bounce:                0 kB
WritebackTmp:          0 kB
CommitLimit:     9202292 kB
Committed_AS:   67487244 kB
VmallocTotal:   263061440 kB
VmallocUsed:      104152 kB
VmallocChunk:          0 kB
Percpu:             7648 kB
CmaTotal:         294912 kB
CmaFree:               0 kB
MemTotal:       12113136 kB
MemFree:          487640 kB
MemAvailable:    7946052 kB
Buffers:            7460 kB
Cached:          7831372 kB
SwapCached:            0 kB
Active:          2070892 kB
Inactive:        6993876 kB
Active(anon):    1128220 kB
Inactive(anon):   136668 kB
Active(file):     942672 kB
Inactive(file):  6857208 kB
Unevictable:        5716 kB
Mlocked:            5716 kB
SwapTotal:       3145724 kB
SwapFree:        3145724 kB
Dirty:               108 kB
Writeback:             0 kB
AnonPages:       1231704 kB
Mapped:           771104 kB
Shmem:             34284 kB
KReclaimable:     527236 kB
Slab:             226920 kB
SReclaimable:      79736 kB
SUnreclaim:       147184 kB
KernelStack:       47184 kB
PageTables:        63752 kB
NFS_Unstable:          0 kB
Bounce:                0 kB
WritebackTmp:          0 kB
CommitLimit:     9202292 kB
Committed_AS:   67487888 kB
VmallocTotal:   263061440 kB
VmallocUsed:      104136 kB
VmallocChunk:          0 kB
Percpu:             7648 kB
CmaTotal:         294912 kB
CmaFree:               0 kB
MemTotal:       12113136 kB
MemFree:          484380 kB
MemAvailable:    7942804 kB
Buffers:            7460 kB
Cached:          7831384 kB
SwapCached:            0 kB
Active:          2072232 kB
Inactive:        6993888 kB
Active(anon):    1129560 kB
Inactive(anon):   136668 kB
Active(file):     942672 kB
Inactive(file):  6857220 kB
Unevictable:        5716 kB
Mlocked:            5716 kB
SwapTotal:       3145724 kB
SwapFree:        3145724 kB
Dirty:               184 kB
Writeback:             0 kB
AnonPages:       1232996 kB
Mapped:           771104 kB
Shmem:             34284 kB
KReclaimable:     527236 kB
Slab:             226944 kB
SReclaimable:      79736 kB
SUnreclaim:       147208 kB
KernelStack:       47216 kB
PageTables:        63704 kB
NFS_Unstable:          0 kB
Bounce:                0 kB
WritebackTmp:          0 kB
CommitLimit:     9202292 kB
Committed_AS:   67492888 kB
VmallocTotal:   263061440 kB
VmallocUsed:      104200 kB
VmallocChunk:          0 kB
Percpu:             7648 kB
CmaTotal:         294912 kB
CmaFree:               0 kB
MemTotal:       12113136 kB
MemFree:          484916 kB
MemAvailable:    7943372 kB
Buffers:            7460 kB
Cached:          7831400 kB
SwapCached:            0 kB
Active:          2073120 kB
Inactive:        6993904 kB
Active(anon):    1130448 kB
Inactive(anon):   136668 kB
Active(file):     942672 kB
Inactive(file):  6857236 kB
Unevictable:        5716 kB
Mlocked:            5716 kB
SwapTotal:       3145724 kB
SwapFree:        3145724 kB
Dirty:               276 kB
Writeback:             0 kB
AnonPages:       1233940 kB
Mapped:           771104 kB
Shmem:             34284 kB
KReclaimable:     527252 kB
Slab:             226960 kB
SReclaimable:      79752 kB
SUnreclaim:       147208 kB
KernelStack:       47168 kB
PageTables:        63644 kB
NFS_Unstable:          0 kB
Bounce:                0 kB
WritebackTmp:          0 kB
CommitLimit:     9202292 kB
Committed_AS:   67492916 kB
VmallocTotal:   263061440 kB
VmallocUsed:      104120 kB
VmallocChunk:          0 kB
Percpu:             7648 kB
CmaTotal:         294912 kB
CmaFree:               0 kB
MemTotal:       12113136 kB
MemFree:          484004 kB
MemAvailable:    7942468 kB
Buffers:            7460 kB
Cached:          7831408 kB
SwapCached:            0 kB
Active:          2073984 kB
Inactive:        6993912 kB
Active(anon):    1131312 kB
Inactive(anon):   136668 kB
Active(file):     942672 kB
Inactive(file):  6857244 kB
Unevictable:        5716 kB
Mlocked:            5716 kB
SwapTotal:       3145724 kB
SwapFree:        3145724 kB
Dirty:               288 kB
Writeback:             0 kB
AnonPages:       1234900 kB
Mapped:           771104 kB
Shmem:             34284 kB
KReclaimable:     527252 kB
Slab:             226960 kB
SReclaimable:      79752 kB
SUnreclaim:       147208 kB
KernelStack:       47184 kB
PageTables:        63744 kB
NFS_Unstable:          0 kB
Bounce:                0 kB
WritebackTmp:          0 kB
CommitLimit:     9202292 kB
Committed_AS:   67493700 kB
VmallocTotal:   263061440 kB
VmallocUsed:      104104 kB
VmallocChunk:          0 kB
Percpu:             7648 kB
CmaTotal:         294912 kB
CmaFree:               0 kB
MemTotal:       12113136 kB
MemFree:          483316 kB
MemAvailable:    7941808 kB
Buffers:            7460 kB
Cached:          7831424 kB
SwapCached:            0 kB
Active:          2074368 kB
Inactive:        6993928 kB
Active(anon):    1131696 kB
Inactive(anon):   136672 kB
Active(file):     942672 kB
Inactive(file):  6857256 kB
Unevictable:        5716 kB
Mlocked:            5716 kB
SwapTotal:       3145724 kB
SwapFree:        3145724 kB
Dirty:               152 kB
Writeback:             0 kB
AnonPages:       1235220 kB
Mapped:           771108 kB
Shmem:             34288 kB
KReclaimable:     527268 kB
Slab:             226984 kB
SReclaimable:      79768 kB
SUnreclaim:       147216 kB
KernelStack:       47168 kB
PageTables:        63776 kB
NFS_Unstable:          0 kB
Bounce:                0 kB
WritebackTmp:          0 kB
CommitLimit:     9202292 kB
Committed_AS:   67493708 kB
VmallocTotal:   263061440 kB
VmallocUsed:      104152 kB
VmallocChunk:          0 kB
Percpu:             7648 kB
CmaTotal:         294912 kB
CmaFree:               0 kB
MemTotal:       12113136 kB
MemFree:          482284 kB
MemAvailable:    7940784 kB
Buffers:            7460 kB
Cached:          7831432 kB
SwapCached:            0 kB
Active:          2075184 kB
Inactive:        6993836 kB
Active(anon):    1132412 kB
Inactive(anon):   136672 kB
Active(file):     942772 kB
Inactive(file):  6857164 kB
Unevictable:        5716 kB
Mlocked:            5716 kB
SwapTotal:       3145724 kB
SwapFree:        3145724 kB
Dirty:               276 kB
Writeback:             0 kB
AnonPages:       1235992 kB
Mapped:           771108 kB
Shmem:             34288 kB
KReclaimable:     527268 kB
Slab:             226976 kB
SReclaimable:      79768 kB
SUnreclaim:       147208 kB
KernelStack:       47168 kB
PageTables:        63776 kB
NFS_Unstable:          0 kB
Bounce:                0 kB
WritebackTmp:          0 kB
CommitLimit:     9202292 kB
Committed_AS:   67493756 kB
VmallocTotal:   263061440 kB
VmallocUsed:      104136 kB
VmallocChunk:          0 kB
Percpu:             7648 kB
CmaTotal:         294912 kB
CmaFree:               0 kB
MemTotal:       12113136 kB
MemFree:          493724 kB
MemAvailable:    7952240 kB
Buffers:            7460 kB
Cached:          7831460 kB
SwapCached:            0 kB
Active:          2062868 kB
Inactive:        6993864 kB
Active(anon):    1120096 kB
Inactive(anon):   136684 kB
Active(file):     942772 kB
Inactive(file):  6857180 kB
Unevictable:        5716 kB
Mlocked:            5716 kB
SwapTotal:       3145724 kB
SwapFree:        3145724 kB
Dirty:               360 kB
Writeback:             0 kB
AnonPages:       1223584 kB
Mapped:           771120 kB
Shmem:             34300 kB
KReclaimable:     527268 kB
Slab:             226984 kB
SReclaimable:      79768 kB
SUnreclaim:       147216 kB
KernelStack:       47264 kB
PageTables:        63644 kB
NFS_Unstable:          0 kB
Bounce:                0 kB
WritebackTmp:          0 kB
CommitLimit:     9202292 kB
Committed_AS:   67493112 kB
VmallocTotal:   263061440 kB
VmallocUsed:      104232 kB
VmallocChunk:          0 kB
Percpu:             7648 kB
CmaTotal:         294912 kB
CmaFree:               0 kB
MemTotal:       12113136 kB
MemFree:          493644 kB
MemAvailable:    7952164 kB
Buffers:            7460 kB
Cached:          7831468 kB
SwapCached:            0 kB
Active:          2063656 kB
Inactive:        6993872 kB
Active(anon):    1120884 kB
Inactive(anon):   136688 kB
Active(file):     942772 kB
Inactive(file):  6857184 kB
Unevictable:        5716 kB
Mlocked:            5716 kB
SwapTotal:       3145724 kB
SwapFree:        3145724 kB
Dirty:               364 kB
Writeback:             0 kB
AnonPages:       1224276 kB
Mapped:           771124 kB
Shmem:             34304 kB
KReclaimable:     527268 kB
Slab:             226976 kB
SReclaimable:      79768 kB
SUnreclaim:       147208 kB
KernelStack:       47296 kB
PageTables:        63672 kB
NFS_Unstable:          0 kB
Bounce:                0 kB
WritebackTmp:          0 kB
CommitLimit:     9202292 kB
Committed_AS:   67498120 kB
VmallocTotal:   263061440 kB
VmallocUsed:      104264 kB
VmallocChunk:          0 kB
Percpu:             7648 kB
CmaTotal:         294912 kB
CmaFree:               0 kB
MemTotal:       12113136 kB
MemFree:          466436 kB
MemAvailable:    7924996 kB
Buffers:            7460 kB
Cached:          7831492 kB
SwapCached:            0 kB
Active:          2092224 kB
Inactive:        6993896 kB
Active(anon):    1149452 kB
Inactive(anon):   136688 kB
Active(file):     942772 kB
Inactive(file):  6857208 kB
Unevictable:        5716 kB
Mlocked:            5716 kB
SwapTotal:       3145724 kB
SwapFree:        3145724 kB
Dirty:               400 kB
Writeback:             0 kB
AnonPages:       1252932 kB
Mapped:           771124 kB
Shmem:             34304 kB
KReclaimable:     527284 kB
Slab:             226992 kB
SReclaimable:      79784 kB
SUnreclaim:       147208 kB
KernelStack:       47264 kB
PageTables:        63644 kB
NFS_Unstable:          0 kB
Bounce:                0 kB
WritebackTmp:          0 kB
CommitLimit:     9202292 kB
Committed_AS:   67498040 kB
VmallocTotal:   263061440 kB
VmallocUsed:      104296 kB
VmallocChunk:          0 kB
Percpu:             7648 kB
CmaTotal:         294912 kB
CmaFree:               4 kB
MemTotal:       12113136 kB
MemFree:          464976 kB
MemAvailable:    7923556 kB
Buffers:            7460 kB
Cached:          7831512 kB
SwapCached:            0 kB
Active:          2092804 kB
Inactive:        6993916 kB
Active(anon):    1150032 kB
Inactive(anon):   136688 kB
Active(file):     942772 kB
Inactive(file):  6857228 kB
Unevictable:        5716 kB
Mlocked:            5716 kB
SwapTotal:       3145724 kB
SwapFree:        3145724 kB
Dirty:               216 kB
Writeback:             0 kB
AnonPages:       1253708 kB
Mapped:           771144 kB
Shmem:             34304 kB
KReclaimable:     527284 kB
Slab:             226992 kB
SReclaimable:      79784 kB
SUnreclaim:       147208 kB
KernelStack:       47296 kB
PageTables:        63688 kB
NFS_Unstable:          0 kB
Bounce:                0 kB
WritebackTmp:          0 kB
CommitLimit:     9202292 kB
Committed_AS:   67497908 kB
VmallocTotal:   263061440 kB
VmallocUsed:      104296 kB
VmallocChunk:          0 kB
Percpu:             7648 kB
CmaTotal:         294912 kB
CmaFree:               0 kB
MemTotal:       12113136 kB
MemFree:          464336 kB
MemAvailable:    7922932 kB
Buffers:            7460 kB
Cached:          7831528 kB
SwapCached:            0 kB
Active:          2094400 kB
Inactive:        6993932 kB
Active(anon):    1151628 kB
Inactive(anon):   136688 kB
Active(file):     942772 kB
Inactive(file):  6857244 kB
Unevictable:        5716 kB
Mlocked:            5716 kB
SwapTotal:       3145724 kB
SwapFree:        3145724 kB
Dirty:               276 kB
Writeback:             0 kB
AnonPages:       1255116 kB
Mapped:           771124 kB
Shmem:             34304 kB
KReclaimable:     527284 kB
Slab:             227000 kB
SReclaimable:      79784 kB
SUnreclaim:       147216 kB
KernelStack:       47264 kB
PageTables:        63644 kB
NFS_Unstable:          0 kB
Bounce:                0 kB
WritebackTmp:          0 kB
CommitLimit:     9202292 kB
Committed_AS:   67498688 kB
VmallocTotal:   263061440 kB
VmallocUsed:      104264 kB
VmallocChunk:          0 kB
Percpu:             7648 kB
CmaTotal:         294912 kB
CmaFree:               0 kB
MemTotal:       12113136 kB
MemFree:          467196 kB
MemAvailable:    7925800 kB
Buffers:            7460 kB
Cached:          7831536 kB
SwapCached:            0 kB
Active:          2088604 kB
Inactive:        6993940 kB
Active(anon):    1145832 kB
Inactive(anon):   136688 kB
Active(file):     942772 kB
Inactive(file):  6857252 kB
Unevictable:        5716 kB
Mlocked:            5716 kB
SwapTotal:       3145724 kB
SwapFree:        3145724 kB
Dirty:               316 kB
Writeback:             0 kB
AnonPages:       1249304 kB
Mapped:           771124 kB
Shmem:             34304 kB
KReclaimable:     527284 kB
Slab:             226992 kB
SReclaimable:      79784 kB
SUnreclaim:       147208 kB
KernelStack:       47280 kB
PageTables:        63780 kB
NFS_Unstable:          0 kB
Bounce:                0 kB
WritebackTmp:          0 kB
CommitLimit:     9202292 kB
Committed_AS:   67498292 kB
VmallocTotal:   263061440 kB
VmallocUsed:      104296 kB
VmallocChunk:          0 kB
Percpu:             7648 kB
CmaTotal:         294912 kB
CmaFree:               0 kB
MemTotal:       12113136 kB
MemFree:          466268 kB
MemAvailable:    7924884 kB
Buffers:            7460 kB
Cached:          7831548 kB
SwapCached:            0 kB
Active:          2089060 kB
Inactive:        6993952 kB
Active(anon):    1146288 kB
Inactive(anon):   136688 kB
Active(file):     942772 kB
Inactive(file):  6857264 kB
Unevictable:        5716 kB
Mlocked:            5716 kB
SwapTotal:       3145724 kB
SwapFree:        3145724 kB
Dirty:               328 kB
Writeback:             0 kB
AnonPages:       1249812 kB
Mapped:           771124 kB
Shmem:             34304 kB
KReclaimable:     527284 kB
Slab:             227000 kB
SReclaimable:      79784 kB
SUnreclaim:       147216 kB
KernelStack:       47264 kB
PageTables:        63644 kB
NFS_Unstable:          0 kB
Bounce:                0 kB
WritebackTmp:          0 kB
CommitLimit:     9202292 kB
Committed_AS:   67498428 kB
VmallocTotal:   263061440 kB
VmallocUsed:      104296 kB
VmallocChunk:          0 kB
Percpu:             7648 kB
CmaTotal:         294912 kB
CmaFree:               0 kB
MemTotal:       12113136 kB
MemFree:          467676 kB
MemAvailable:    7926304 kB
Buffers:            7460 kB
Cached:          7831560 kB
SwapCached:            0 kB
Active:          2088508 kB
Inactive:        6993964 kB
Active(anon):    1145736 kB
Inactive(anon):   136688 kB
Active(file):     942772 kB
Inactive(file):  6857276 kB
Unevictable:        5716 kB
Mlocked:            5716 kB
SwapTotal:       3145724 kB
SwapFree:        3145724 kB
Dirty:               344 kB
Writeback:             0 kB
AnonPages:       1249156 kB
Mapped:           771140 kB
Shmem:             34304 kB
KReclaimable:     527284 kB
Slab:             226992 kB
SReclaimable:      79784 kB
SUnreclaim:       147208 kB
KernelStack:       47296 kB
PageTables:        63672 kB
NFS_Unstable:          0 kB
Bounce:                0 kB
WritebackTmp:          0 kB
CommitLimit:     9202292 kB
Committed_AS:   67493204 kB
VmallocTotal:   263061440 kB
VmallocUsed:      104280 kB
VmallocChunk:          0 kB
Percpu:             7648 kB
CmaTotal:         294912 kB
CmaFree:             128 kB
MemTotal:       12113136 kB
MemFree:          467204 kB
MemAvailable:    7925844 kB
Buffers:            7460 kB
Cached:          7831572 kB
SwapCached:            0 kB
Active:          2088920 kB
Inactive:        6993976 kB
Active(anon):    1146148 kB
Inactive(anon):   136688 kB
Active(file):     942772 kB
Inactive(file):  6857288 kB
Unevictable:        5716 kB
Mlocked:            5716 kB
SwapTotal:       3145724 kB
SwapFree:        3145724 kB
Dirty:               196 kB
Writeback:             0 kB
AnonPages:       1249684 kB
Mapped:           771124 kB
Shmem:             34304 kB
KReclaimable:     527284 kB
Slab:             227000 kB
SReclaimable:      79784 kB
SUnreclaim:       147216 kB
KernelStack:       47264 kB
PageTables:        63644 kB
NFS_Unstable:          0 kB
Bounce:                0 kB
WritebackTmp:          0 kB
CommitLimit:     9202292 kB
Committed_AS:   67492764 kB
VmallocTotal:   263061440 kB
VmallocUsed:      104232 kB
VmallocChunk:          0 kB
Percpu:             7648 kB
CmaTotal:         294912 kB
CmaFree:               0 kB
MemTotal:       12113136 kB
MemFree:          465840 kB
MemAvailable:    7924500 kB
Buffers:            7464 kB
Cached:          7831588 kB
SwapCached:            0 kB
Active:          2089808 kB
Inactive:        6993992 kB
Active(anon):    1147032 kB
Inactive(anon):   136688 kB
Active(file):     942776 kB
Inactive(file):  6857304 kB
Unevictable:        5716 kB
Mlocked:            5716 kB
SwapTotal:       3145724 kB
SwapFree:        3145724 kB
Dirty:               312 kB
Writeback:             0 kB
AnonPages:       1250448 kB
Mapped:           771124 kB
Shmem:             34304 kB
KReclaimable:     527284 kB
Slab:             226992 kB
SReclaimable:      79784 kB
SUnreclaim:       147208 kB
KernelStack:       47296 kB
PageTables:        63696 kB
NFS_Unstable:          0 kB
Bounce:                0 kB
WritebackTmp:          0 kB
CommitLimit:     9202292 kB
Committed_AS:   67498108 kB
VmallocTotal:   263061440 kB
VmallocUsed:      104296 kB
VmallocChunk:          0 kB
Percpu:             7648 kB
CmaTotal:         294912 kB
CmaFree:               0 kB
MemTotal:       12113136 kB
MemFree:          495040 kB
MemAvailable:    7953724 kB
Buffers:            7464 kB
Cached:          7831596 kB
SwapCached:            0 kB
Active:          2060412 kB
Inactive:        6994000 kB
Active(anon):    1117636 kB
Inactive(anon):   136688 kB
Active(file):     942776 kB
Inactive(file):  6857312 kB
Unevictable:        5716 kB
Mlocked:            5716 kB
SwapTotal:       3145724 kB
SwapFree:        3145724 kB
Dirty:               320 kB
Writeback:             0 kB
AnonPages:       1221140 kB
Mapped:           771124 kB
Shmem:             34304 kB
KReclaimable:     527300 kB
Slab:             227008 kB
SReclaimable:      79800 kB
SUnreclaim:       147208 kB
KernelStack:       47264 kB
PageTables:        63648 kB
NFS_Unstable:          0 kB
Bounce:                0 kB
WritebackTmp:          0 kB
CommitLimit:     9202292 kB
Committed_AS:   67493080 kB
VmallocTotal:   263061440 kB
VmallocUsed:      104312 kB
VmallocChunk:          0 kB
Percpu:             7648 kB
CmaTotal:         294912 kB
CmaFree:             104 kB
MemTotal:       12113136 kB
MemFree:          494904 kB
MemAvailable:    7953592 kB
Buffers:            7464 kB
Cached:          7831600 kB
SwapCached:            0 kB
Active:          2060964 kB
Inactive:        6994004 kB
Active(anon):    1118188 kB
Inactive(anon):   136688 kB
Active(file):     942776 kB
Inactive(file):  6857316 kB
Unevictable:        5716 kB
Mlocked:            5716 kB
SwapTotal:       3145724 kB
SwapFree:        3145724 kB
Dirty:               360 kB
Writeback:             0 kB
AnonPages:       1221872 kB
Mapped:           771268 kB
Shmem:             34304 kB
KReclaimable:     527300 kB
Slab:             227016 kB
SReclaimable:      79800 kB
SUnreclaim:       147216 kB
KernelStack:       47312 kB
PageTables:        63744 kB
NFS_Unstable:          0 kB
Bounce:                0 kB
WritebackTmp:          0 kB
CommitLimit:     9202292 kB
Committed_AS:   67492772 kB
VmallocTotal:   263061440 kB
VmallocUsed:      104280 kB
VmallocChunk:          0 kB
Percpu:             7648 kB
CmaTotal:         294912 kB
CmaFree:               0 kB
MemTotal:       12113136 kB
MemFree:          494612 kB
MemAvailable:    7953320 kB
Buffers:            7464 kB
Cached:          7831620 kB
SwapCached:            0 kB
Active:          2061116 kB
Inactive:        6994024 kB
Active(anon):    1118340 kB
Inactive(anon):   136688 kB
Active(file):     942776 kB
Inactive(file):  6857336 kB
Unevictable:        5716 kB
Mlocked:            5716 kB
SwapTotal:       3145724 kB
SwapFree:        3145724 kB
Dirty:               380 kB
Writeback:             0 kB
AnonPages:       1221852 kB
Mapped:           771124 kB
Shmem:             34304 kB
KReclaimable:     527300 kB
Slab:             227016 kB
SReclaimable:      79800 kB
SUnreclaim:       147216 kB
KernelStack:       47248 kB
PageTables:        63640 kB
NFS_Unstable:          0 kB
Bounce:                0 kB
WritebackTmp:          0 kB
CommitLimit:     9202292 kB
Committed_AS:   67498372 kB
VmallocTotal:   263061440 kB
VmallocUsed:      104296 kB
