MemTotal:       12113136 kB
MemFree:         4302492 kB
MemAvailable:    7658876 kB
Buffers:            6956 kB
Cached:          2518224 kB
SwapCached:            0 kB
Active:          1797656 kB
Inactive:        2141480 kB
Active(anon):    1423140 kB
Inactive(anon):    33944 kB
Active(file):     374516 kB
Inactive(file):  2107536 kB
Unevictable:        5564 kB
Mlocked:            5564 kB
SwapTotal:       3145724 kB
SwapFree:        3145724 kB
Dirty:               184 kB
Writeback:             0 kB
AnonPages:       1419604 kB
Mapped:           975508 kB
Shmem:             38652 kB
KReclaimable:    1743036 kB
Slab:             271240 kB
SReclaimable:     117212 kB
SUnreclaim:       154028 kB
KernelStack:       49008 kB
PageTables:        68616 kB
NFS_Unstable:          0 kB
Bounce:                0 kB
WritebackTmp:          0 kB
CommitLimit:     9202292 kB
Committed_AS:   73564340 kB
VmallocTotal:   263061440 kB
VmallocUsed:      106152 kB
VmallocChunk:          0 kB
Percpu:             7648 kB
CmaTotal:         294912 kB
CmaFree:               0 kB
MemTotal:       12113136 kB
MemFree:         4302224 kB
MemAvailable:    7658668 kB
Buffers:            6956 kB
Cached:          2518284 kB
SwapCached:            0 kB
Active:          1797592 kB
Inactive:        2141512 kB
Active(anon):    1423048 kB
Inactive(anon):    33944 kB
Active(file):     374544 kB
Inactive(file):  2107568 kB
Unevictable:        5564 kB
Mlocked:            5564 kB
SwapTotal:       3145724 kB
SwapFree:        3145724 kB
Dirty:               268 kB
Writeback:             0 kB
AnonPages:       1419580 kB
Mapped:           975532 kB
Shmem:             38652 kB
KReclaimable:    1743036 kB
Slab:             271232 kB
SReclaimable:     117212 kB
SUnreclaim:       154020 kB
KernelStack:       49024 kB
PageTables:        68532 kB
NFS_Unstable:          0 kB
Bounce:                0 kB
WritebackTmp:          0 kB
CommitLimit:     9202292 kB
Committed_AS:   73563228 kB
VmallocTotal:   263061440 kB
VmallocUsed:      106184 kB
VmallocChunk:          0 kB
Percpu:             7648 kB
CmaTotal:         294912 kB
CmaFree:               0 kB
MemTotal:       12113136 kB
MemFree:         4300484 kB
MemAvailable:    7656936 kB
Buffers:            6956 kB
Cached:          2518292 kB
SwapCached:            0 kB
Active:          1799192 kB
Inactive:        2141520 kB
Active(anon):    1424648 kB
Inactive(anon):    33944 kB
Active(file):     374544 kB
Inactive(file):  2107576 kB
Unevictable:        5564 kB
Mlocked:            5564 kB
SwapTotal:       3145724 kB
SwapFree:        3145724 kB
Dirty:               332 kB
Writeback:             0 kB
AnonPages:       1421096 kB
Mapped:           975540 kB
Shmem:             38652 kB
KReclaimable:    1743036 kB
Slab:             271232 kB
SReclaimable:     117212 kB
SUnreclaim:       154020 kB
KernelStack:       48992 kB
PageTables:        68488 kB
NFS_Unstable:          0 kB
Bounce:                0 kB
WritebackTmp:          0 kB
CommitLimit:     9202292 kB
Committed_AS:   73568500 kB
VmallocTotal:   263061440 kB
VmallocUsed:      106232 kB
VmallocChunk:          0 kB
Percpu:             7648 kB
CmaTotal:         294912 kB
CmaFree:               0 kB
MemTotal:       12113136 kB
MemFree:         4301296 kB
MemAvailable:    7657764 kB
Buffers:            6956 kB
Cached:          2518308 kB
SwapCached:            0 kB
Active:          1799224 kB
Inactive:        2141536 kB
Active(anon):    1424680 kB
Inactive(anon):    33944 kB
Active(file):     374544 kB
Inactive(file):  2107592 kB
Unevictable:        5564 kB
Mlocked:            5564 kB
SwapTotal:       3145724 kB
SwapFree:        3145724 kB
Dirty:               404 kB
Writeback:             0 kB
AnonPages:       1421124 kB
Mapped:           975540 kB
Shmem:             38652 kB
KReclaimable:    1743036 kB
Slab:             271240 kB
SReclaimable:     117212 kB
SUnreclaim:       154028 kB
KernelStack:       48992 kB
PageTables:        68480 kB
NFS_Unstable:          0 kB
Bounce:                0 kB
WritebackTmp:          0 kB
CommitLimit:     9202292 kB
Committed_AS:   73568412 kB
VmallocTotal:   263061440 kB
VmallocUsed:      106200 kB
VmallocChunk:          0 kB
Percpu:             7648 kB
CmaTotal:         294912 kB
CmaFree:               0 kB
MemTotal:       12113136 kB
MemFree:         4300544 kB
MemAvailable:    7657028 kB
Buffers:            6956 kB
Cached:          2518324 kB
SwapCached:            0 kB
Active:          1800384 kB
Inactive:        2141552 kB
Active(anon):    1425840 kB
Inactive(anon):    33944 kB
Active(file):     374544 kB
Inactive(file):  2107608 kB
Unevictable:        5564 kB
Mlocked:            5564 kB
SwapTotal:       3145724 kB
SwapFree:        3145724 kB
Dirty:               304 kB
Writeback:             0 kB
AnonPages:       1421932 kB
Mapped:           975572 kB
Shmem:             38652 kB
KReclaimable:    1743036 kB
Slab:             271240 kB
SReclaimable:     117212 kB
SUnreclaim:       154028 kB
KernelStack:       49008 kB
PageTables:        68548 kB
NFS_Unstable:          0 kB
Bounce:                0 kB
WritebackTmp:          0 kB
CommitLimit:     9202292 kB
Committed_AS:   73558108 kB
VmallocTotal:   263061440 kB
VmallocUsed:      106168 kB
VmallocChunk:          0 kB
Percpu:             7648 kB
CmaTotal:         294912 kB
CmaFree:               0 kB
MemTotal:       12113136 kB
MemFree:         4299608 kB
MemAvailable:    7656104 kB
Buffers:            6956 kB
Cached:          2518336 kB
SwapCached:            0 kB
Active:          1801904 kB
Inactive:        2141564 kB
Active(anon):    1427360 kB
Inactive(anon):    33944 kB
Active(file):     374544 kB
Inactive(file):  2107620 kB
Unevictable:        5564 kB
Mlocked:            5564 kB
SwapTotal:       3145724 kB
SwapFree:        3145724 kB
Dirty:               356 kB
Writeback:             0 kB
AnonPages:       1423788 kB
Mapped:           975568 kB
Shmem:             38652 kB
KReclaimable:    1743036 kB
Slab:             271232 kB
SReclaimable:     117212 kB
SUnreclaim:       154020 kB
KernelStack:       49008 kB
PageTables:        68616 kB
NFS_Unstable:          0 kB
Bounce:                0 kB
WritebackTmp:          0 kB
CommitLimit:     9202292 kB
Committed_AS:   73560600 kB
VmallocTotal:   263061440 kB
VmallocUsed:      106200 kB
VmallocChunk:          0 kB
Percpu:             7648 kB
CmaTotal:         294912 kB
CmaFree:               0 kB
MemTotal:       12113136 kB
MemFree:         4297604 kB
MemAvailable:    7654108 kB
Buffers:            6956 kB
Cached:          2518344 kB
SwapCached:            0 kB
Active:          1803008 kB
Inactive:        2141572 kB
Active(anon):    1428464 kB
Inactive(anon):    33944 kB
Active(file):     374544 kB
Inactive(file):  2107628 kB
Unevictable:        5564 kB
Mlocked:            5564 kB
SwapTotal:       3145724 kB
SwapFree:        3145724 kB
Dirty:               408 kB
Writeback:             0 kB
AnonPages:       1424884 kB
Mapped:           975580 kB
Shmem:             38652 kB
KReclaimable:    1743036 kB
Slab:             271240 kB
SReclaimable:     117212 kB
SUnreclaim:       154028 kB
KernelStack:       49040 kB
PageTables:        68592 kB
NFS_Unstable:          0 kB
Bounce:                0 kB
WritebackTmp:          0 kB
CommitLimit:     9202292 kB
Committed_AS:   73565776 kB
VmallocTotal:   263061440 kB
VmallocUsed:      106184 kB
VmallocChunk:          0 kB
Percpu:             7648 kB
CmaTotal:         294912 kB
CmaFree:               0 kB
MemTotal:       12113136 kB
MemFree:         4295964 kB
MemAvailable:    7652476 kB
Buffers:            6956 kB
Cached:          2518352 kB
SwapCached:            0 kB
Active:          1803988 kB
Inactive:        2141580 kB
Active(anon):    1429444 kB
Inactive(anon):    33944 kB
Active(file):     374544 kB
Inactive(file):  2107636 kB
Unevictable:        5564 kB
Mlocked:            5564 kB
SwapTotal:       3145724 kB
SwapFree:        3145724 kB
Dirty:               436 kB
Writeback:             0 kB
AnonPages:       1425796 kB
Mapped:           975580 kB
Shmem:             38652 kB
KReclaimable:    1743036 kB
Slab:             271232 kB
SReclaimable:     117212 kB
SUnreclaim:       154020 kB
KernelStack:       49024 kB
PageTables:        68516 kB
NFS_Unstable:          0 kB
Bounce:                0 kB
WritebackTmp:          0 kB
CommitLimit:     9202292 kB
Committed_AS:   73568764 kB
VmallocTotal:   263061440 kB
VmallocUsed:      106232 kB
VmallocChunk:          0 kB
Percpu:             7648 kB
CmaTotal:         294912 kB
CmaFree:               0 kB
MemTotal:       12113136 kB
MemFree:         4292208 kB
MemAvailable:    7648772 kB
Buffers:            6960 kB
Cached:          2518396 kB
SwapCached:            0 kB
Active:          1808304 kB
Inactive:        2141624 kB
Active(anon):    1433756 kB
Inactive(anon):    33944 kB
Active(file):     374548 kB
Inactive(file):  2107680 kB
Unevictable:        5564 kB
Mlocked:            5564 kB
SwapTotal:       3145724 kB
SwapFree:        3145724 kB
Dirty:               488 kB
Writeback:             0 kB
AnonPages:       1430176 kB
Mapped:           975596 kB
Shmem:             38652 kB
KReclaimable:    1743040 kB
Slab:             271236 kB
SReclaimable:     117216 kB
SUnreclaim:       154020 kB
KernelStack:       48992 kB
PageTables:        68480 kB
NFS_Unstable:          0 kB
Bounce:                0 kB
WritebackTmp:          0 kB
CommitLimit:     9202292 kB
Committed_AS:   73576260 kB
VmallocTotal:   263061440 kB
VmallocUsed:      106232 kB
VmallocChunk:          0 kB
Percpu:             7648 kB
CmaTotal:         294912 kB
CmaFree:               0 kB
MemTotal:       12113136 kB
MemFree:         4290992 kB
MemAvailable:    7647568 kB
Buffers:            6960 kB
Cached:          2518408 kB
SwapCached:            0 kB
Active:          1810100 kB
Inactive:        2141636 kB
Active(anon):    1435552 kB
Inactive(anon):    33944 kB
Active(file):     374548 kB
Inactive(file):  2107692 kB
Unevictable:        5564 kB
Mlocked:            5564 kB
SwapTotal:       3145724 kB
SwapFree:        3145724 kB
Dirty:               308 kB
Writeback:             0 kB
AnonPages:       1431992 kB
Mapped:           975600 kB
Shmem:             38652 kB
KReclaimable:    1743040 kB
Slab:             271244 kB
SReclaimable:     117216 kB
SUnreclaim:       154028 kB
KernelStack:       49056 kB
PageTables:        68528 kB
NFS_Unstable:          0 kB
Bounce:                0 kB
WritebackTmp:          0 kB
CommitLimit:     9202292 kB
Committed_AS:   73562748 kB
VmallocTotal:   263061440 kB
VmallocUsed:      106168 kB
VmallocChunk:          0 kB
Percpu:             7648 kB
CmaTotal:         294912 kB
CmaFree:               0 kB
MemTotal:       12113136 kB
MemFree:         4290460 kB
MemAvailable:    7647056 kB
Buffers:            6960 kB
Cached:          2518428 kB
SwapCached:            0 kB
Active:          1811036 kB
Inactive:        2141656 kB
Active(anon):    1436488 kB
Inactive(anon):    33944 kB
Active(file):     374548 kB
Inactive(file):  2107712 kB
Unevictable:        5564 kB
Mlocked:            5564 kB
SwapTotal:       3145724 kB
SwapFree:        3145724 kB
Dirty:               364 kB
Writeback:             0 kB
AnonPages:       1432860 kB
Mapped:           975600 kB
Shmem:             38652 kB
KReclaimable:    1743040 kB
Slab:             271244 kB
SReclaimable:     117216 kB
SUnreclaim:       154028 kB
KernelStack:       49008 kB
PageTables:        68452 kB
NFS_Unstable:          0 kB
Bounce:                0 kB
WritebackTmp:          0 kB
CommitLimit:     9202292 kB
Committed_AS:   73565920 kB
VmallocTotal:   263061440 kB
VmallocUsed:      106152 kB
VmallocChunk:          0 kB
Percpu:             7648 kB
CmaTotal:         294912 kB
CmaFree:               0 kB
MemTotal:       12113136 kB
MemFree:         4289160 kB
MemAvailable:    7645760 kB
Buffers:            6960 kB
Cached:          2518432 kB
SwapCached:            0 kB
Active:          1811512 kB
Inactive:        2141660 kB
Active(anon):    1436964 kB
Inactive(anon):    33944 kB
Active(file):     374548 kB
Inactive(file):  2107716 kB
Unevictable:        5564 kB
Mlocked:            5564 kB
SwapTotal:       3145724 kB
SwapFree:        3145724 kB
Dirty:               388 kB
Writeback:             0 kB
AnonPages:       1433248 kB
Mapped:           975600 kB
Shmem:             38652 kB
KReclaimable:    1743040 kB
Slab:             271244 kB
SReclaimable:     117216 kB
SUnreclaim:       154028 kB
KernelStack:       49008 kB
PageTables:        68484 kB
NFS_Unstable:          0 kB
Bounce:                0 kB
WritebackTmp:          0 kB
CommitLimit:     9202292 kB
Committed_AS:   73563392 kB
VmallocTotal:   263061440 kB
VmallocUsed:      106136 kB
VmallocChunk:          0 kB
Percpu:             7648 kB
CmaTotal:         294912 kB
CmaFree:               0 kB
MemTotal:       12113136 kB
MemFree:         4286356 kB
MemAvailable:    7642976 kB
Buffers:            6960 kB
Cached:          2518452 kB
SwapCached:            0 kB
Active:          1813528 kB
Inactive:        2141680 kB
Active(anon):    1438980 kB
Inactive(anon):    33944 kB
Active(file):     374548 kB
Inactive(file):  2107736 kB
Unevictable:        5564 kB
Mlocked:            5564 kB
SwapTotal:       3145724 kB
SwapFree:        3145724 kB
Dirty:               460 kB
Writeback:             0 kB
AnonPages:       1435388 kB
Mapped:           974844 kB
Shmem:             38652 kB
KReclaimable:    1743040 kB
Slab:             271236 kB
SReclaimable:     117216 kB
SUnreclaim:       154020 kB
KernelStack:       48976 kB
PageTables:        68452 kB
NFS_Unstable:          0 kB
Bounce:                0 kB
WritebackTmp:          0 kB
CommitLimit:     9202292 kB
Committed_AS:   73573368 kB
VmallocTotal:   263061440 kB
VmallocUsed:      106248 kB
VmallocChunk:          0 kB
Percpu:             7648 kB
CmaTotal:         294912 kB
CmaFree:               0 kB
MemTotal:       12113136 kB
MemFree:         4285896 kB
MemAvailable:    7642528 kB
Buffers:            6960 kB
Cached:          2518464 kB
SwapCached:            0 kB
Active:          1814200 kB
Inactive:        2141692 kB
Active(anon):    1439652 kB
Inactive(anon):    33944 kB
Active(file):     374548 kB
Inactive(file):  2107748 kB
Unevictable:        5564 kB
Mlocked:            5564 kB
SwapTotal:       3145724 kB
SwapFree:        3145724 kB
Dirty:               500 kB
Writeback:             0 kB
AnonPages:       1436048 kB
Mapped:           974844 kB
Shmem:             38652 kB
KReclaimable:    1743040 kB
Slab:             271244 kB
SReclaimable:     117216 kB
SUnreclaim:       154028 kB
KernelStack:       49040 kB
PageTables:        68584 kB
NFS_Unstable:          0 kB
Bounce:                0 kB
WritebackTmp:          0 kB
CommitLimit:     9202292 kB
Committed_AS:   73568252 kB
VmallocTotal:   263061440 kB
VmallocUsed:      106232 kB
VmallocChunk:          0 kB
Percpu:             7648 kB
CmaTotal:         294912 kB
CmaFree:               0 kB
MemTotal:       12113136 kB
MemFree:         4284296 kB
MemAvailable:    7640940 kB
Buffers:            6960 kB
Cached:          2518476 kB
SwapCached:            0 kB
Active:          1815184 kB
Inactive:        2141704 kB
Active(anon):    1440636 kB
Inactive(anon):    33944 kB
Active(file):     374548 kB
Inactive(file):  2107760 kB
Unevictable:        5564 kB
Mlocked:            5564 kB
SwapTotal:       3145724 kB
SwapFree:        3145724 kB
Dirty:               300 kB
Writeback:             0 kB
AnonPages:       1437064 kB
Mapped:           974852 kB
Shmem:             38652 kB
KReclaimable:    1743040 kB
Slab:             271244 kB
SReclaimable:     117216 kB
SUnreclaim:       154028 kB
KernelStack:       48992 kB
PageTables:        68472 kB
NFS_Unstable:          0 kB
Bounce:                0 kB
WritebackTmp:          0 kB
CommitLimit:     9202292 kB
Committed_AS:   73570536 kB
VmallocTotal:   263061440 kB
VmallocUsed:      106248 kB
VmallocChunk:          0 kB
Percpu:             7648 kB
CmaTotal:         294912 kB
CmaFree:               0 kB
MemTotal:       12113136 kB
MemFree:         4286160 kB
MemAvailable:    7642820 kB
Buffers:            6960 kB
Cached:          2518492 kB
SwapCached:            0 kB
Active:          1815172 kB
Inactive:        2141736 kB
Active(anon):    1440640 kB
Inactive(anon):    33944 kB
Active(file):     374532 kB
Inactive(file):  2107792 kB
Unevictable:        5564 kB
Mlocked:            5564 kB
SwapTotal:       3145724 kB
SwapFree:        3145724 kB
Dirty:               404 kB
Writeback:             0 kB
AnonPages:       1436972 kB
Mapped:           974848 kB
Shmem:             38652 kB
KReclaimable:    1743040 kB
Slab:             271244 kB
SReclaimable:     117216 kB
SUnreclaim:       154028 kB
KernelStack:       49040 kB
PageTables:        68564 kB
NFS_Unstable:          0 kB
Bounce:                0 kB
WritebackTmp:          0 kB
CommitLimit:     9202292 kB
Committed_AS:   73571468 kB
VmallocTotal:   263061440 kB
VmallocUsed:      106232 kB
VmallocChunk:          0 kB
Percpu:             7648 kB
CmaTotal:         294912 kB
CmaFree:               0 kB
MemTotal:       12113136 kB
MemFree:         4285140 kB
MemAvailable:    7641816 kB
Buffers:            6960 kB
Cached:          2518508 kB
SwapCached:            0 kB
Active:          1815604 kB
Inactive:        2141752 kB
Active(anon):    1441072 kB
Inactive(anon):    33944 kB
Active(file):     374532 kB
Inactive(file):  2107808 kB
Unevictable:        5564 kB
Mlocked:            5564 kB
SwapTotal:       3145724 kB
SwapFree:        3145724 kB
Dirty:               452 kB
Writeback:             0 kB
AnonPages:       1437580 kB
Mapped:           974852 kB
Shmem:             38652 kB
KReclaimable:    1743040 kB
Slab:             271244 kB
SReclaimable:     117216 kB
SUnreclaim:       154028 kB
KernelStack:       49008 kB
PageTables:        68580 kB
NFS_Unstable:          0 kB
Bounce:                0 kB
WritebackTmp:          0 kB
CommitLimit:     9202292 kB
Committed_AS:   73564236 kB
VmallocTotal:   263061440 kB
VmallocUsed:      106200 kB
VmallocChunk:          0 kB
Percpu:             7648 kB
CmaTotal:         294912 kB
CmaFree:               0 kB
MemTotal:       12113136 kB
MemFree:         4284940 kB
MemAvailable:    7641632 kB
Buffers:            6960 kB
Cached:          2518524 kB
SwapCached:            0 kB
Active:          1814172 kB
Inactive:        2141768 kB
Active(anon):    1439640 kB
Inactive(anon):    33944 kB
Active(file):     374532 kB
Inactive(file):  2107824 kB
Unevictable:        5564 kB
Mlocked:            5564 kB
SwapTotal:       3145724 kB
SwapFree:        3145724 kB
Dirty:               504 kB
Writeback:             0 kB
AnonPages:       1436068 kB
Mapped:           974856 kB
Shmem:             38652 kB
KReclaimable:    1743040 kB
Slab:             271252 kB
SReclaimable:     117216 kB
SUnreclaim:       154036 kB
KernelStack:       49024 kB
PageTables:        68500 kB
NFS_Unstable:          0 kB
Bounce:                0 kB
WritebackTmp:          0 kB
CommitLimit:     9202292 kB
Committed_AS:   73564896 kB
VmallocTotal:   263061440 kB
VmallocUsed:      106168 kB
VmallocChunk:          0 kB
Percpu:             7648 kB
CmaTotal:         294912 kB
CmaFree:               0 kB
MemTotal:       12113136 kB
MemFree:         4282344 kB
MemAvailable:    7639048 kB
Buffers:            6960 kB
Cached:          2518540 kB
SwapCached:            0 kB
Active:          1818828 kB
Inactive:        2141784 kB
Active(anon):    1444296 kB
Inactive(anon):    33948 kB
Active(file):     374532 kB
Inactive(file):  2107836 kB
Unevictable:        5564 kB
Mlocked:            5564 kB
SwapTotal:       3145724 kB
SwapFree:        3145724 kB
Dirty:               548 kB
Writeback:             0 kB
AnonPages:       1440820 kB
Mapped:           974864 kB
Shmem:             38656 kB
KReclaimable:    1743040 kB
Slab:             271244 kB
SReclaimable:     117216 kB
SUnreclaim:       154028 kB
KernelStack:       48992 kB
PageTables:        68476 kB
NFS_Unstable:          0 kB
Bounce:                0 kB
WritebackTmp:          0 kB
CommitLimit:     9202292 kB
Committed_AS:   73566508 kB
VmallocTotal:   263061440 kB
VmallocUsed:      106200 kB
VmallocChunk:          0 kB
Percpu:             7648 kB
CmaTotal:         294912 kB
CmaFree:               0 kB
MemTotal:       12113136 kB
MemFree:         4300192 kB
MemAvailable:    7656908 kB
Buffers:            6960 kB
Cached:          2518552 kB
SwapCached:            0 kB
Active:          1798960 kB
Inactive:        2141796 kB
Active(anon):    1424428 kB
Inactive(anon):    33948 kB
Active(file):     374532 kB
Inactive(file):  2107848 kB
Unevictable:        5564 kB
Mlocked:            5564 kB
SwapTotal:       3145724 kB
SwapFree:        3145724 kB
Dirty:               328 kB
Writeback:             0 kB
AnonPages:       1420856 kB
Mapped:           975120 kB
Shmem:             38656 kB
KReclaimable:    1743040 kB
Slab:             271244 kB
SReclaimable:     117216 kB
SUnreclaim:       154028 kB
KernelStack:       48992 kB
PageTables:        68460 kB
NFS_Unstable:          0 kB
Bounce:                0 kB
WritebackTmp:          0 kB
CommitLimit:     9202292 kB
Committed_AS:   73574500 kB
VmallocTotal:   263061440 kB
VmallocUsed:      106200 kB
VmallocChunk:          0 kB
Percpu:             7648 kB
CmaTotal:         294912 kB
CmaFree:               0 kB
MemTotal:       12113136 kB
MemFree:         4314672 kB
MemAvailable:    7671404 kB
Buffers:            6960 kB
Cached:          2518568 kB
SwapCached:            0 kB
Active:          1784280 kB
Inactive:        2141812 kB
Active(anon):    1409748 kB
Inactive(anon):    33948 kB
Active(file):     374532 kB
Inactive(file):  2107864 kB
Unevictable:        5564 kB
Mlocked:            5564 kB
SwapTotal:       3145724 kB
SwapFree:        3145724 kB
Dirty:               468 kB
Writeback:             0 kB
AnonPages:       1406072 kB
Mapped:           975036 kB
Shmem:             38656 kB
KReclaimable:    1743040 kB
Slab:             271244 kB
SReclaimable:     117216 kB
SUnreclaim:       154028 kB
KernelStack:       49056 kB
PageTables:        68448 kB
NFS_Unstable:          0 kB
Bounce:                0 kB
WritebackTmp:          0 kB
CommitLimit:     9202292 kB
Committed_AS:   73555884 kB
VmallocTotal:   263061440 kB
VmallocUsed:      106200 kB
VmallocChunk:          0 kB
Percpu:             7648 kB
CmaTotal:         294912 kB
CmaFree:              96 kB
MemTotal:       12113136 kB
MemFree:         4313188 kB
MemAvailable:    7669936 kB
Buffers:            6960 kB
Cached:          2518584 kB
SwapCached:            0 kB
Active:          1786532 kB
Inactive:        2141828 kB
Active(anon):    1412000 kB
Inactive(anon):    33948 kB
Active(file):     374532 kB
Inactive(file):  2107880 kB
Unevictable:        5564 kB
Mlocked:            5564 kB
SwapTotal:       3145724 kB
SwapFree:        3145724 kB
Dirty:               532 kB
Writeback:             0 kB
AnonPages:       1408360 kB
Mapped:           974868 kB
Shmem:             38656 kB
KReclaimable:    1743040 kB
Slab:             271244 kB
SReclaimable:     117216 kB
SUnreclaim:       154028 kB
KernelStack:       49024 kB
PageTables:        68532 kB
NFS_Unstable:          0 kB
Bounce:                0 kB
WritebackTmp:          0 kB
CommitLimit:     9202292 kB
Committed_AS:   73570220 kB
VmallocTotal:   263061440 kB
VmallocUsed:      106264 kB
VmallocChunk:          0 kB
Percpu:             7648 kB
CmaTotal:         294912 kB
CmaFree:               0 kB
MemTotal:       12113136 kB
MemFree:         4312184 kB
MemAvailable:    7668940 kB
Buffers:            6960 kB
Cached:          2518592 kB
SwapCached:            0 kB
Active:          1787516 kB
Inactive:        2141836 kB
Active(anon):    1412984 kB
Inactive(anon):    33948 kB
Active(file):     374532 kB
Inactive(file):  2107888 kB
Unevictable:        5564 kB
Mlocked:            5564 kB
SwapTotal:       3145724 kB
SwapFree:        3145724 kB
Dirty:               600 kB
Writeback:             0 kB
AnonPages:       1409084 kB
Mapped:           974884 kB
Shmem:             38656 kB
KReclaimable:    1743040 kB
Slab:             271244 kB
SReclaimable:     117216 kB
SUnreclaim:       154028 kB
KernelStack:       49040 kB
PageTables:        68544 kB
NFS_Unstable:          0 kB
Bounce:                0 kB
WritebackTmp:          0 kB
CommitLimit:     9202292 kB
Committed_AS:   73566232 kB
VmallocTotal:   263061440 kB
VmallocUsed:      106232 kB
VmallocChunk:          0 kB
Percpu:             7648 kB
CmaTotal:         294912 kB
CmaFree:               4 kB
MemTotal:       12113136 kB
MemFree:         4315360 kB
MemAvailable:    7671948 kB
Buffers:            6964 kB
Cached:          2518624 kB
SwapCached:            0 kB
Active:          1784432 kB
Inactive:        2141868 kB
Active(anon):    1409896 kB
Inactive(anon):    33948 kB
Active(file):     374536 kB
Inactive(file):  2107920 kB
Unevictable:        5564 kB
Mlocked:            5564 kB
SwapTotal:       3145724 kB
SwapFree:        3145724 kB
Dirty:               640 kB
Writeback:             0 kB
AnonPages:       1405972 kB
Mapped:           974876 kB
Shmem:             38656 kB
KReclaimable:    1742836 kB
Slab:             271244 kB
SReclaimable:     117216 kB
SUnreclaim:       154028 kB
KernelStack:       49024 kB
PageTables:        68572 kB
NFS_Unstable:          0 kB
Bounce:                0 kB
WritebackTmp:          0 kB
CommitLimit:     9202292 kB
Committed_AS:   73557560 kB
VmallocTotal:   263061440 kB
VmallocUsed:      106248 kB
VmallocChunk:          0 kB
Percpu:             7648 kB
CmaTotal:         294912 kB
CmaFree:               0 kB
MemTotal:       12113136 kB
MemFree:         4315316 kB
MemAvailable:    7671920 kB
Buffers:            6964 kB
Cached:          2518640 kB
SwapCached:            0 kB
Active:          1785888 kB
Inactive:        2141884 kB
Active(anon):    1411352 kB
Inactive(anon):    33948 kB
Active(file):     374536 kB
Inactive(file):  2107936 kB
Unevictable:        5564 kB
Mlocked:            5564 kB
SwapTotal:       3145724 kB
SwapFree:        3145724 kB
Dirty:               352 kB
Writeback:             0 kB
AnonPages:       1407568 kB
Mapped:           974900 kB
Shmem:             38656 kB
KReclaimable:    1742836 kB
Slab:             271240 kB
SReclaimable:     117216 kB
SUnreclaim:       154024 kB
KernelStack:       49008 kB
PageTables:        68452 kB
NFS_Unstable:          0 kB
Bounce:                0 kB
WritebackTmp:          0 kB
CommitLimit:     9202292 kB
Committed_AS:   73555788 kB
VmallocTotal:   263061440 kB
VmallocUsed:      106232 kB
VmallocChunk:          0 kB
Percpu:             7648 kB
CmaTotal:         294912 kB
CmaFree:               0 kB
MemTotal:       12113136 kB
MemFree:         4313312 kB
MemAvailable:    7669916 kB
Buffers:            6964 kB
Cached:          2518640 kB
SwapCached:            0 kB
Active:          1786576 kB
Inactive:        2141888 kB
Active(anon):    1412044 kB
Inactive(anon):    33948 kB
Active(file):     374532 kB
Inactive(file):  2107940 kB
Unevictable:        5564 kB
Mlocked:            5564 kB
SwapTotal:       3145724 kB
SwapFree:        3145724 kB
Dirty:               404 kB
Writeback:             0 kB
AnonPages:       1408636 kB
Mapped:           974904 kB
Shmem:             38656 kB
KReclaimable:    1742836 kB
Slab:             271240 kB
SReclaimable:     117216 kB
SUnreclaim:       154024 kB
KernelStack:       49024 kB
PageTables:        68548 kB
NFS_Unstable:          0 kB
Bounce:                0 kB
WritebackTmp:          0 kB
CommitLimit:     9202292 kB
Committed_AS:   73561800 kB
VmallocTotal:   263061440 kB
VmallocUsed:      106248 kB
VmallocChunk:          0 kB
Percpu:             7648 kB
CmaTotal:         294912 kB
CmaFree:               0 kB
MemTotal:       12113136 kB
MemFree:         4313692 kB
MemAvailable:    7670316 kB
Buffers:            6964 kB
Cached:          2518660 kB
SwapCached:            0 kB
Active:          1784456 kB
Inactive:        2141904 kB
Active(anon):    1409920 kB
Inactive(anon):    33948 kB
Active(file):     374536 kB
Inactive(file):  2107956 kB
Unevictable:        5564 kB
Mlocked:            5564 kB
SwapTotal:       3145724 kB
SwapFree:        3145724 kB
Dirty:               440 kB
Writeback:             0 kB
AnonPages:       1406672 kB
Mapped:           974940 kB
Shmem:             38656 kB
KReclaimable:    1742836 kB
Slab:             271240 kB
SReclaimable:     117216 kB
SUnreclaim:       154024 kB
KernelStack:       48992 kB
PageTables:        68480 kB
NFS_Unstable:          0 kB
Bounce:                0 kB
WritebackTmp:          0 kB
CommitLimit:     9202292 kB
Committed_AS:   73567292 kB
VmallocTotal:   263061440 kB
VmallocUsed:      106200 kB
VmallocChunk:          0 kB
Percpu:             7648 kB
CmaTotal:         294912 kB
CmaFree:               0 kB
MemTotal:       12113136 kB
MemFree:         4313132 kB
MemAvailable:    7669780 kB
Buffers:            6964 kB
Cached:          2518684 kB
SwapCached:            0 kB
Active:          1786008 kB
Inactive:        2141928 kB
Active(anon):    1411472 kB
Inactive(anon):    33948 kB
Active(file):     374536 kB
Inactive(file):  2107980 kB
Unevictable:        5564 kB
Mlocked:            5564 kB
SwapTotal:       3145724 kB
SwapFree:        3145724 kB
Dirty:               544 kB
Writeback:             0 kB
AnonPages:       1407956 kB
Mapped:           975000 kB
Shmem:             38656 kB
KReclaimable:    1742836 kB
Slab:             271240 kB
SReclaimable:     117216 kB
SUnreclaim:       154024 kB
KernelStack:       49040 kB
PageTables:        68544 kB
NFS_Unstable:          0 kB
Bounce:                0 kB
WritebackTmp:          0 kB
CommitLimit:     9202292 kB
Committed_AS:   73570580 kB
VmallocTotal:   263061440 kB
VmallocUsed:      106216 kB
VmallocChunk:          0 kB
Percpu:             7648 kB
CmaTotal:         294912 kB
CmaFree:               0 kB
MemTotal:       12113136 kB
MemFree:         4311952 kB
MemAvailable:    7668608 kB
Buffers:            6964 kB
Cached:          2518692 kB
SwapCached:            0 kB
Active:          1786700 kB
Inactive:        2141936 kB
Active(anon):    1412164 kB
Inactive(anon):    33948 kB
Active(file):     374536 kB
Inactive(file):  2107988 kB
Unevictable:        5564 kB
Mlocked:            5564 kB
SwapTotal:       3145724 kB
SwapFree:        3145724 kB
Dirty:               536 kB
Writeback:             0 kB
AnonPages:       1408280 kB
Mapped:           975000 kB
Shmem:             38656 kB
KReclaimable:    1742836 kB
Slab:             271240 kB
SReclaimable:     117216 kB
SUnreclaim:       154024 kB
KernelStack:       48992 kB
PageTables:        68492 kB
NFS_Unstable:          0 kB
Bounce:                0 kB
WritebackTmp:          0 kB
CommitLimit:     9202292 kB
Committed_AS:   73571788 kB
VmallocTotal:   263061440 kB
VmallocUsed:      106216 kB
VmallocChunk:          0 kB
Percpu:             7648 kB
CmaTotal:         294912 kB
CmaFree:               0 kB
MemTotal:       12113136 kB
MemFree:         4309468 kB
MemAvailable:    7666136 kB
Buffers:            6964 kB
Cached:          2518704 kB
SwapCached:            0 kB
Active:          1791540 kB
Inactive:        2141948 kB
Active(anon):    1417004 kB
Inactive(anon):    33948 kB
Active(file):     374536 kB
Inactive(file):  2108000 kB
Unevictable:        5564 kB
Mlocked:            5564 kB
SwapTotal:       3145724 kB
SwapFree:        3145724 kB
Dirty:               604 kB
Writeback:             0 kB
AnonPages:       1413448 kB
Mapped:           975068 kB
Shmem:             38656 kB
KReclaimable:    1742836 kB
Slab:             271240 kB
SReclaimable:     117216 kB
SUnreclaim:       154024 kB
KernelStack:       49072 kB
PageTables:        68484 kB
NFS_Unstable:          0 kB
Bounce:                0 kB
WritebackTmp:          0 kB
CommitLimit:     9202292 kB
Committed_AS:   73560108 kB
VmallocTotal:   263061440 kB
VmallocUsed:      106264 kB
VmallocChunk:          0 kB
Percpu:             7648 kB
CmaTotal:         294912 kB
CmaFree:               0 kB
MemTotal:       12113136 kB
MemFree:         4307316 kB
MemAvailable:    7663996 kB
Buffers:            6964 kB
Cached:          2518716 kB
SwapCached:            0 kB
Active:          1792868 kB
Inactive:        2141960 kB
Active(anon):    1418332 kB
Inactive(anon):    33948 kB
Active(file):     374536 kB
Inactive(file):  2108012 kB
Unevictable:        5564 kB
Mlocked:            5564 kB
SwapTotal:       3145724 kB
SwapFree:        3145724 kB
Dirty:               648 kB
Writeback:             0 kB
AnonPages:       1414648 kB
Mapped:           975064 kB
Shmem:             38656 kB
KReclaimable:    1742836 kB
Slab:             271240 kB
SReclaimable:     117216 kB
SUnreclaim:       154024 kB
KernelStack:       49120 kB
PageTables:        68588 kB
NFS_Unstable:          0 kB
Bounce:                0 kB
WritebackTmp:          0 kB
CommitLimit:     9202292 kB
Committed_AS:   73557476 kB
VmallocTotal:   263061440 kB
VmallocUsed:      106280 kB
VmallocChunk:          0 kB
Percpu:             7648 kB
CmaTotal:         294912 kB
CmaFree:               0 kB
MemTotal:       12113136 kB
MemFree:         4305220 kB
MemAvailable:    7661920 kB
Buffers:            6964 kB
Cached:          2518736 kB
SwapCached:            0 kB
Active:          1794072 kB
Inactive:        2141980 kB
Active(anon):    1419536 kB
Inactive(anon):    33948 kB
Active(file):     374536 kB
Inactive(file):  2108032 kB
Unevictable:        5564 kB
Mlocked:            5564 kB
SwapTotal:       3145724 kB
SwapFree:        3145724 kB
Dirty:               700 kB
Writeback:             0 kB
AnonPages:       1415612 kB
Mapped:           975124 kB
Shmem:             38656 kB
KReclaimable:    1742836 kB
Slab:             271240 kB
SReclaimable:     117216 kB
SUnreclaim:       154024 kB
KernelStack:       49120 kB
PageTables:        68596 kB
NFS_Unstable:          0 kB
Bounce:                0 kB
WritebackTmp:          0 kB
CommitLimit:     9202292 kB
Committed_AS:   73557540 kB
VmallocTotal:   263061440 kB
VmallocUsed:      106264 kB
VmallocChunk:          0 kB
Percpu:             7648 kB
CmaTotal:         294912 kB
CmaFree:               0 kB
MemTotal:       12113136 kB
MemFree:         4306356 kB
MemAvailable:    7663068 kB
Buffers:            6964 kB
Cached:          2518748 kB
SwapCached:            0 kB
Active:          1794696 kB
Inactive:        2141992 kB
Active(anon):    1420160 kB
Inactive(anon):    33948 kB
Active(file):     374536 kB
Inactive(file):  2108044 kB
Unevictable:        5564 kB
Mlocked:            5564 kB
SwapTotal:       3145724 kB
SwapFree:        3145724 kB
Dirty:               740 kB
Writeback:             0 kB
AnonPages:       1416428 kB
Mapped:           975160 kB
Shmem:             38656 kB
KReclaimable:    1742836 kB
Slab:             271240 kB
SReclaimable:     117216 kB
SUnreclaim:       154024 kB
KernelStack:       49056 kB
PageTables:        68488 kB
NFS_Unstable:          0 kB
Bounce:                0 kB
WritebackTmp:          0 kB
CommitLimit:     9202292 kB
Committed_AS:   73556016 kB
VmallocTotal:   263061440 kB
VmallocUsed:      106216 kB
VmallocChunk:          0 kB
Percpu:             7648 kB
CmaTotal:         294912 kB
CmaFree:               0 kB
MemTotal:       12113136 kB
MemFree:         4302924 kB
MemAvailable:    7659644 kB
Buffers:            6964 kB
Cached:          2518756 kB
SwapCached:            0 kB
Active:          1796132 kB
Inactive:        2142000 kB
Active(anon):    1421596 kB
Inactive(anon):    33948 kB
Active(file):     374536 kB
Inactive(file):  2108052 kB
Unevictable:        5564 kB
Mlocked:            5564 kB
SwapTotal:       3145724 kB
SwapFree:        3145724 kB
Dirty:               808 kB
Writeback:             0 kB
AnonPages:       1417844 kB
Mapped:           975188 kB
Shmem:             38656 kB
KReclaimable:    1742836 kB
Slab:             271240 kB
SReclaimable:     117216 kB
SUnreclaim:       154024 kB
KernelStack:       49040 kB
PageTables:        68464 kB
NFS_Unstable:          0 kB
Bounce:                0 kB
WritebackTmp:          0 kB
CommitLimit:     9202292 kB
Committed_AS:   73559644 kB
VmallocTotal:   263061440 kB
VmallocUsed:      106280 kB
VmallocChunk:          0 kB
Percpu:             7648 kB
CmaTotal:         294912 kB
CmaFree:               0 kB
MemTotal:       12113136 kB
MemFree:         4302856 kB
MemAvailable:    7659592 kB
Buffers:            6964 kB
Cached:          2518772 kB
SwapCached:            0 kB
Active:          1796432 kB
Inactive:        2142016 kB
Active(anon):    1421896 kB
Inactive(anon):    33948 kB
Active(file):     374536 kB
Inactive(file):  2108068 kB
Unevictable:        5564 kB
Mlocked:            5564 kB
SwapTotal:       3145724 kB
SwapFree:        3145724 kB
Dirty:               284 kB
Writeback:             0 kB
AnonPages:       1418540 kB
Mapped:           975220 kB
Shmem:             38656 kB
KReclaimable:    1742836 kB
Slab:             271248 kB
SReclaimable:     117216 kB
SUnreclaim:       154032 kB
KernelStack:       49072 kB
PageTables:        68488 kB
NFS_Unstable:          0 kB
Bounce:                0 kB
WritebackTmp:          0 kB
CommitLimit:     9202292 kB
Committed_AS:   73547300 kB
VmallocTotal:   263061440 kB
VmallocUsed:      106248 kB
VmallocChunk:          0 kB
Percpu:             7648 kB
CmaTotal:         294912 kB
CmaFree:               0 kB
MemTotal:       12113136 kB
MemFree:         4302080 kB
MemAvailable:    7658828 kB
Buffers:            6964 kB
Cached:          2518784 kB
SwapCached:            0 kB
Active:          1798592 kB
Inactive:        2142028 kB
Active(anon):    1424056 kB
Inactive(anon):    33948 kB
Active(file):     374536 kB
Inactive(file):  2108080 kB
Unevictable:        5564 kB
Mlocked:            5564 kB
SwapTotal:       3145724 kB
SwapFree:        3145724 kB
Dirty:               352 kB
Writeback:             0 kB
AnonPages:       1420404 kB
Mapped:           975220 kB
Shmem:             38656 kB
KReclaimable:    1742836 kB
Slab:             271248 kB
SReclaimable:     117216 kB
SUnreclaim:       154032 kB
KernelStack:       49104 kB
PageTables:        68556 kB
NFS_Unstable:          0 kB
Bounce:                0 kB
WritebackTmp:          0 kB
CommitLimit:     9202292 kB
Committed_AS:   73551468 kB
VmallocTotal:   263061440 kB
VmallocUsed:      106248 kB
VmallocChunk:          0 kB
Percpu:             7648 kB
CmaTotal:         294912 kB
CmaFree:               0 kB
MemTotal:       12113136 kB
MemFree:         4299508 kB
MemAvailable:    7656268 kB
Buffers:            6964 kB
Cached:          2518796 kB
SwapCached:            0 kB
Active:          1800544 kB
Inactive:        2142040 kB
Active(anon):    1426008 kB
Inactive(anon):    33948 kB
Active(file):     374536 kB
Inactive(file):  2108092 kB
Unevictable:        5564 kB
Mlocked:            5564 kB
SwapTotal:       3145724 kB
SwapFree:        3145724 kB
Dirty:               420 kB
Writeback:             0 kB
AnonPages:       1422488 kB
Mapped:           974652 kB
Shmem:             38656 kB
KReclaimable:    1742836 kB
Slab:             271248 kB
SReclaimable:     117216 kB
SUnreclaim:       154032 kB
KernelStack:       49056 kB
PageTables:        68476 kB
NFS_Unstable:          0 kB
Bounce:                0 kB
WritebackTmp:          0 kB
CommitLimit:     9202292 kB
Committed_AS:   73553556 kB
VmallocTotal:   263061440 kB
VmallocUsed:      106264 kB
VmallocChunk:          0 kB
Percpu:             7648 kB
CmaTotal:         294912 kB
CmaFree:               0 kB
MemTotal:       12113136 kB
MemFree:         4298480 kB
MemAvailable:    7655256 kB
Buffers:            6964 kB
Cached:          2518812 kB
SwapCached:            0 kB
Active:          1801692 kB
Inactive:        2142056 kB
Active(anon):    1427156 kB
Inactive(anon):    33948 kB
Active(file):     374536 kB
Inactive(file):  2108108 kB
Unevictable:        5564 kB
Mlocked:            5564 kB
SwapTotal:       3145724 kB
SwapFree:        3145724 kB
Dirty:               456 kB
Writeback:             0 kB
AnonPages:       1423536 kB
Mapped:           974684 kB
Shmem:             38656 kB
KReclaimable:    1742836 kB
Slab:             271240 kB
SReclaimable:     117216 kB
SUnreclaim:       154024 kB
KernelStack:       49072 kB
PageTables:        68460 kB
NFS_Unstable:          0 kB
Bounce:                0 kB
WritebackTmp:          0 kB
CommitLimit:     9202292 kB
Committed_AS:   73548508 kB
VmallocTotal:   263061440 kB
VmallocUsed:      106248 kB
VmallocChunk:          0 kB
Percpu:             7648 kB
CmaTotal:         294912 kB
CmaFree:               0 kB
MemTotal:       12113136 kB
MemFree:         4296908 kB
MemAvailable:    7653696 kB
Buffers:            6964 kB
Cached:          2518824 kB
SwapCached:            0 kB
Active:          1802560 kB
Inactive:        2142068 kB
Active(anon):    1428024 kB
Inactive(anon):    33948 kB
Active(file):     374536 kB
Inactive(file):  2108120 kB
Unevictable:        5564 kB
Mlocked:            5564 kB
SwapTotal:       3145724 kB
SwapFree:        3145724 kB
Dirty:               488 kB
Writeback:             0 kB
AnonPages:       1424144 kB
Mapped:           974720 kB
Shmem:             38656 kB
KReclaimable:    1742836 kB
Slab:             271240 kB
SReclaimable:     117216 kB
SUnreclaim:       154024 kB
KernelStack:       49056 kB
PageTables:        68536 kB
NFS_Unstable:          0 kB
Bounce:                0 kB
WritebackTmp:          0 kB
CommitLimit:     9202292 kB
Committed_AS:   73558892 kB
VmallocTotal:   263061440 kB
VmallocUsed:      106264 kB
VmallocChunk:          0 kB
Percpu:             7648 kB
CmaTotal:         294912 kB
CmaFree:               0 kB
MemTotal:       12113136 kB
MemFree:         4296940 kB
MemAvailable:    7653772 kB
Buffers:            6972 kB
Cached:          2518860 kB
SwapCached:            0 kB
Active:          1803664 kB
Inactive:        2142104 kB
Active(anon):    1429120 kB
Inactive(anon):    33948 kB
Active(file):     374544 kB
Inactive(file):  2108156 kB
Unevictable:        5564 kB
Mlocked:            5564 kB
SwapTotal:       3145724 kB
SwapFree:        3145724 kB
Dirty:               292 kB
Writeback:             0 kB
AnonPages:       1425600 kB
Mapped:           974784 kB
Shmem:             38656 kB
KReclaimable:    1742836 kB
Slab:             271240 kB
SReclaimable:     117216 kB
SUnreclaim:       154024 kB
KernelStack:       49104 kB
PageTables:        68576 kB
NFS_Unstable:          0 kB
Bounce:                0 kB
WritebackTmp:          0 kB
CommitLimit:     9202292 kB
Committed_AS:   73559832 kB
VmallocTotal:   263061440 kB
VmallocUsed:      106248 kB
VmallocChunk:          0 kB
Percpu:             7648 kB
CmaTotal:         294912 kB
CmaFree:               0 kB
MemTotal:       12113136 kB
MemFree:         4292716 kB
MemAvailable:    7649556 kB
Buffers:            6972 kB
Cached:          2518868 kB
SwapCached:            0 kB
Active:          1807972 kB
Inactive:        2142112 kB
Active(anon):    1433428 kB
Inactive(anon):    33948 kB
Active(file):     374544 kB
Inactive(file):  2108164 kB
Unevictable:        5564 kB
Mlocked:            5564 kB
SwapTotal:       3145724 kB
SwapFree:        3145724 kB
Dirty:               340 kB
Writeback:             0 kB
AnonPages:       1430152 kB
Mapped:           974924 kB
Shmem:             38656 kB
KReclaimable:    1742836 kB
Slab:             271240 kB
SReclaimable:     117216 kB
SUnreclaim:       154024 kB
KernelStack:       49088 kB
PageTables:        68564 kB
NFS_Unstable:          0 kB
Bounce:                0 kB
WritebackTmp:          0 kB
CommitLimit:     9202292 kB
Committed_AS:   73564964 kB
VmallocTotal:   263061440 kB
VmallocUsed:      106280 kB
VmallocChunk:          0 kB
Percpu:             7648 kB
CmaTotal:         294912 kB
CmaFree:               0 kB
MemTotal:       12113136 kB
MemFree:         4290668 kB
MemAvailable:    7647528 kB
Buffers:            6972 kB
Cached:          2518888 kB
SwapCached:            0 kB
Active:          1809176 kB
Inactive:        2142132 kB
Active(anon):    1434632 kB
Inactive(anon):    33948 kB
Active(file):     374544 kB
Inactive(file):  2108184 kB
Unevictable:        5564 kB
Mlocked:            5564 kB
SwapTotal:       3145724 kB
SwapFree:        3145724 kB
Dirty:               388 kB
Writeback:             0 kB
AnonPages:       1431096 kB
Mapped:           974844 kB
Shmem:             38656 kB
KReclaimable:    1742836 kB
Slab:             271240 kB
SReclaimable:     117216 kB
SUnreclaim:       154024 kB
KernelStack:       49056 kB
PageTables:        68484 kB
NFS_Unstable:          0 kB
Bounce:                0 kB
WritebackTmp:          0 kB
CommitLimit:     9202292 kB
Committed_AS:   73561460 kB
VmallocTotal:   263061440 kB
VmallocUsed:      106296 kB
VmallocChunk:          0 kB
Percpu:             7648 kB
CmaTotal:         294912 kB
CmaFree:               0 kB
MemTotal:       12113136 kB
MemFree:         4288488 kB
MemAvailable:    7645364 kB
Buffers:            6972 kB
Cached:          2518904 kB
SwapCached:            0 kB
Active:          1809768 kB
Inactive:        2142148 kB
Active(anon):    1435224 kB
Inactive(anon):    33948 kB
Active(file):     374544 kB
Inactive(file):  2108200 kB
Unevictable:        5564 kB
Mlocked:            5564 kB
SwapTotal:       3145724 kB
SwapFree:        3145724 kB
Dirty:               468 kB
Writeback:             0 kB
AnonPages:       1431704 kB
Mapped:           974880 kB
Shmem:             38656 kB
KReclaimable:    1742836 kB
Slab:             271248 kB
SReclaimable:     117216 kB
SUnreclaim:       154032 kB
KernelStack:       49056 kB
PageTables:        68528 kB
NFS_Unstable:          0 kB
Bounce:                0 kB
WritebackTmp:          0 kB
CommitLimit:     9202292 kB
Committed_AS:   73576428 kB
VmallocTotal:   263061440 kB
VmallocUsed:      106264 kB
VmallocChunk:          0 kB
Percpu:             7648 kB
CmaTotal:         294912 kB
CmaFree:               0 kB
MemTotal:       12113136 kB
MemFree:         4289016 kB
MemAvailable:    7645908 kB
Buffers:            6972 kB
Cached:          2518920 kB
SwapCached:            0 kB
Active:          1811188 kB
Inactive:        2142164 kB
Active(anon):    1436644 kB
Inactive(anon):    33948 kB
Active(file):     374544 kB
Inactive(file):  2108216 kB
Unevictable:        5564 kB
Mlocked:            5564 kB
SwapTotal:       3145724 kB
SwapFree:        3145724 kB
Dirty:               504 kB
Writeback:             0 kB
AnonPages:       1432848 kB
Mapped:           974912 kB
Shmem:             38656 kB
KReclaimable:    1742836 kB
Slab:             271240 kB
SReclaimable:     117216 kB
SUnreclaim:       154024 kB
KernelStack:       49056 kB
PageTables:        68488 kB
NFS_Unstable:          0 kB
Bounce:                0 kB
WritebackTmp:          0 kB
CommitLimit:     9202292 kB
Committed_AS:   73572904 kB
VmallocTotal:   263061440 kB
VmallocUsed:      106248 kB
VmallocChunk:          0 kB
Percpu:             7648 kB
CmaTotal:         294912 kB
CmaFree:               0 kB
MemTotal:       12113136 kB
MemFree:         4289772 kB
MemAvailable:    7646672 kB
Buffers:            6972 kB
Cached:          2518928 kB
SwapCached:            0 kB
Active:          1811300 kB
Inactive:        2142172 kB
Active(anon):    1436756 kB
Inactive(anon):    33948 kB
Active(file):     374544 kB
Inactive(file):  2108224 kB
Unevictable:        5564 kB
Mlocked:            5564 kB
SwapTotal:       3145724 kB
SwapFree:        3145724 kB
Dirty:               532 kB
Writeback:             0 kB
AnonPages:       1432832 kB
Mapped:           974940 kB
Shmem:             38656 kB
KReclaimable:    1742836 kB
Slab:             271240 kB
SReclaimable:     117216 kB
SUnreclaim:       154024 kB
KernelStack:       49056 kB
PageTables:        68616 kB
NFS_Unstable:          0 kB
Bounce:                0 kB
WritebackTmp:          0 kB
CommitLimit:     9202292 kB
Committed_AS:   73559948 kB
VmallocTotal:   263061440 kB
VmallocUsed:      106232 kB
VmallocChunk:          0 kB
Percpu:             7648 kB
CmaTotal:         294912 kB
CmaFree:               0 kB
MemTotal:       12113136 kB
MemFree:         4287140 kB
MemAvailable:    7644052 kB
Buffers:            6972 kB
Cached:          2518940 kB
SwapCached:            0 kB
Active:          1812196 kB
Inactive:        2142184 kB
Active(anon):    1437652 kB
Inactive(anon):    33948 kB
Active(file):     374544 kB
Inactive(file):  2108236 kB
Unevictable:        5564 kB
Mlocked:            5564 kB
SwapTotal:       3145724 kB
SwapFree:        3145724 kB
Dirty:               568 kB
Writeback:             0 kB
AnonPages:       1434104 kB
Mapped:           974944 kB
Shmem:             38656 kB
KReclaimable:    1742836 kB
Slab:             271240 kB
SReclaimable:     117216 kB
SUnreclaim:       154024 kB
KernelStack:       49056 kB
PageTables:        68616 kB
NFS_Unstable:          0 kB
Bounce:                0 kB
WritebackTmp:          0 kB
CommitLimit:     9202292 kB
Committed_AS:   73564128 kB
VmallocTotal:   263061440 kB
VmallocUsed:      106232 kB
VmallocChunk:          0 kB
Percpu:             7648 kB
CmaTotal:         294912 kB
CmaFree:               0 kB
MemTotal:       12113136 kB
MemFree:         4286228 kB
MemAvailable:    7643152 kB
Buffers:            6972 kB
Cached:          2518952 kB
SwapCached:            0 kB
Active:          1813756 kB
Inactive:        2142196 kB
Active(anon):    1439212 kB
Inactive(anon):    33948 kB
Active(file):     374544 kB
Inactive(file):  2108248 kB
Unevictable:        5564 kB
Mlocked:            5564 kB
SwapTotal:       3145724 kB
SwapFree:        3145724 kB
Dirty:               596 kB
Writeback:             0 kB
AnonPages:       1435828 kB
Mapped:           974972 kB
Shmem:             38656 kB
KReclaimable:    1742836 kB
Slab:             271240 kB
SReclaimable:     117216 kB
SUnreclaim:       154024 kB
KernelStack:       49088 kB
PageTables:        68588 kB
NFS_Unstable:          0 kB
Bounce:                0 kB
WritebackTmp:          0 kB
CommitLimit:     9202292 kB
Committed_AS:   73569008 kB
VmallocTotal:   263061440 kB
VmallocUsed:      106264 kB
VmallocChunk:          0 kB
Percpu:             7648 kB
CmaTotal:         294912 kB
CmaFree:               0 kB
MemTotal:       12113136 kB
MemFree:         4284480 kB
MemAvailable:    7641420 kB
Buffers:            6972 kB
Cached:          2518968 kB
SwapCached:            0 kB
Active:          1814920 kB
Inactive:        2142212 kB
Active(anon):    1440376 kB
Inactive(anon):    33948 kB
Active(file):     374544 kB
Inactive(file):  2108264 kB
Unevictable:        5564 kB
Mlocked:            5564 kB
SwapTotal:       3145724 kB
SwapFree:        3145724 kB
Dirty:               640 kB
Writeback:             0 kB
AnonPages:       1436788 kB
Mapped:           975124 kB
Shmem:             38656 kB
KReclaimable:    1742836 kB
Slab:             271240 kB
SReclaimable:     117216 kB
SUnreclaim:       154024 kB
KernelStack:       49088 kB
PageTables:        68608 kB
NFS_Unstable:          0 kB
Bounce:                0 kB
WritebackTmp:          0 kB
CommitLimit:     9202292 kB
Committed_AS:   73556800 kB
VmallocTotal:   263061440 kB
VmallocUsed:      106264 kB
VmallocChunk:          0 kB
Percpu:             7648 kB
CmaTotal:         294912 kB
CmaFree:               0 kB
MemTotal:       12113136 kB
MemFree:         4283024 kB
MemAvailable:    7639992 kB
Buffers:            6972 kB
Cached:          2518996 kB
SwapCached:            0 kB
Active:          1815960 kB
Inactive:        2142240 kB
Active(anon):    1441416 kB
Inactive(anon):    33948 kB
Active(file):     374544 kB
Inactive(file):  2108292 kB
Unevictable:        5564 kB
Mlocked:            5564 kB
SwapTotal:       3145724 kB
SwapFree:        3145724 kB
Dirty:               708 kB
Writeback:             0 kB
AnonPages:       1437652 kB
Mapped:           975040 kB
Shmem:             38656 kB
KReclaimable:    1742836 kB
Slab:             271240 kB
SReclaimable:     117216 kB
SUnreclaim:       154024 kB
KernelStack:       49088 kB
PageTables:        68576 kB
NFS_Unstable:          0 kB
Bounce:                0 kB
WritebackTmp:          0 kB
CommitLimit:     9202292 kB
Committed_AS:   73567152 kB
VmallocTotal:   263061440 kB
VmallocUsed:      106280 kB
VmallocChunk:          0 kB
Percpu:             7648 kB
CmaTotal:         294912 kB
CmaFree:               0 kB
MemTotal:       12113136 kB
MemFree:         4281520 kB
MemAvailable:    7638500 kB
Buffers:            6972 kB
Cached:          2519008 kB
SwapCached:            0 kB
Active:          1816996 kB
Inactive:        2142252 kB
Active(anon):    1442452 kB
Inactive(anon):    33948 kB
Active(file):     374544 kB
Inactive(file):  2108304 kB
Unevictable:        5564 kB
Mlocked:            5564 kB
SwapTotal:       3145724 kB
SwapFree:        3145724 kB
Dirty:               740 kB
Writeback:             0 kB
AnonPages:       1438504 kB
Mapped:           975064 kB
Shmem:             38656 kB
KReclaimable:    1742836 kB
Slab:             271240 kB
SReclaimable:     117216 kB
SUnreclaim:       154024 kB
KernelStack:       49056 kB
PageTables:        68228 kB
NFS_Unstable:          0 kB
Bounce:                0 kB
WritebackTmp:          0 kB
CommitLimit:     9202292 kB
Committed_AS:   73556696 kB
VmallocTotal:   263061440 kB
VmallocUsed:      106280 kB
VmallocChunk:          0 kB
Percpu:             7648 kB
CmaTotal:         294912 kB
CmaFree:               0 kB
MemTotal:       12113136 kB
MemFree:         4281992 kB
MemAvailable:    7638988 kB
Buffers:            6972 kB
Cached:          2519024 kB
SwapCached:            0 kB
Active:          1818256 kB
Inactive:        2142268 kB
Active(anon):    1443712 kB
Inactive(anon):    33948 kB
Active(file):     374544 kB
Inactive(file):  2108320 kB
Unevictable:        5564 kB
Mlocked:            5564 kB
SwapTotal:       3145724 kB
SwapFree:        3145724 kB
Dirty:               788 kB
Writeback:             0 kB
AnonPages:       1440040 kB
Mapped:           975132 kB
Shmem:             38656 kB
KReclaimable:    1742836 kB
Slab:             271240 kB
SReclaimable:     117216 kB
SUnreclaim:       154024 kB
KernelStack:       49056 kB
PageTables:        68624 kB
NFS_Unstable:          0 kB
Bounce:                0 kB
WritebackTmp:          0 kB
CommitLimit:     9202292 kB
Committed_AS:   73561416 kB
VmallocTotal:   263061440 kB
VmallocUsed:      106264 kB
VmallocChunk:          0 kB
Percpu:             7648 kB
CmaTotal:         294912 kB
CmaFree:               0 kB
MemTotal:       12113136 kB
MemFree:         4283328 kB
MemAvailable:    7640336 kB
Buffers:            6972 kB
Cached:          2519056 kB
SwapCached:            0 kB
Active:          1816176 kB
Inactive:        2142300 kB
Active(anon):    1441632 kB
Inactive(anon):    33968 kB
Active(file):     374544 kB
Inactive(file):  2108332 kB
Unevictable:        5564 kB
Mlocked:            5564 kB
SwapTotal:       3145724 kB
SwapFree:        3145724 kB
Dirty:               812 kB
Writeback:             0 kB
AnonPages:       1438172 kB
Mapped:           975028 kB
Shmem:             38676 kB
KReclaimable:    1742836 kB
Slab:             271240 kB
SReclaimable:     117216 kB
SUnreclaim:       154024 kB
KernelStack:       49056 kB
PageTables:        68508 kB
NFS_Unstable:          0 kB
Bounce:                0 kB
WritebackTmp:          0 kB
CommitLimit:     9202292 kB
Committed_AS:   73547624 kB
VmallocTotal:   263061440 kB
VmallocUsed:      106280 kB
VmallocChunk:          0 kB
Percpu:             7648 kB
CmaTotal:         294912 kB
CmaFree:              48 kB
MemTotal:       12113136 kB
MemFree:         4283020 kB
MemAvailable:    7640040 kB
Buffers:            6972 kB
Cached:          2519068 kB
SwapCached:            0 kB
Active:          1817208 kB
Inactive:        2142312 kB
Active(anon):    1442664 kB
Inactive(anon):    33968 kB
Active(file):     374544 kB
Inactive(file):  2108344 kB
Unevictable:        5564 kB
Mlocked:            5564 kB
SwapTotal:       3145724 kB
SwapFree:        3145724 kB
Dirty:               860 kB
Writeback:             0 kB
AnonPages:       1439104 kB
Mapped:           975172 kB
Shmem:             38676 kB
KReclaimable:    1742836 kB
Slab:             271240 kB
SReclaimable:     117216 kB
SUnreclaim:       154024 kB
KernelStack:       49040 kB
PageTables:        68472 kB
NFS_Unstable:          0 kB
Bounce:                0 kB
WritebackTmp:          0 kB
CommitLimit:     9202292 kB
Committed_AS:   73552712 kB
VmallocTotal:   263061440 kB
VmallocUsed:      106264 kB
VmallocChunk:          0 kB
Percpu:             7648 kB
CmaTotal:         294912 kB
CmaFree:               0 kB
MemTotal:       12113136 kB
MemFree:         4284616 kB
MemAvailable:    7641660 kB
Buffers:            6976 kB
Cached:          2519088 kB
SwapCached:            0 kB
Active:          1814352 kB
Inactive:        2142336 kB
Active(anon):    1439808 kB
Inactive(anon):    33968 kB
Active(file):     374544 kB
Inactive(file):  2108368 kB
Unevictable:        5564 kB
Mlocked:            5564 kB
SwapTotal:       3145724 kB
SwapFree:        3145724 kB
Dirty:               892 kB
Writeback:             0 kB
AnonPages:       1436192 kB
Mapped:           975204 kB
Shmem:             38676 kB
KReclaimable:    1742836 kB
Slab:             271240 kB
SReclaimable:     117216 kB
SUnreclaim:       154024 kB
KernelStack:       49088 kB
PageTables:        68620 kB
NFS_Unstable:          0 kB
Bounce:                0 kB
WritebackTmp:          0 kB
CommitLimit:     9202292 kB
Committed_AS:   73557288 kB
VmallocTotal:   263061440 kB
VmallocUsed:      106248 kB
VmallocChunk:          0 kB
Percpu:             7648 kB
CmaTotal:         294912 kB
CmaFree:               0 kB
MemTotal:       12113136 kB
MemFree:         4283920 kB
MemAvailable:    7640996 kB
Buffers:            6976 kB
Cached:          2519120 kB
SwapCached:            0 kB
Active:          1815328 kB
Inactive:        2142360 kB
Active(anon):    1440776 kB
Inactive(anon):    33968 kB
Active(file):     374552 kB
Inactive(file):  2108392 kB
Unevictable:        5564 kB
Mlocked:            5564 kB
SwapTotal:       3145724 kB
SwapFree:        3145724 kB
Dirty:               268 kB
Writeback:             0 kB
AnonPages:       1437476 kB
Mapped:           975240 kB
Shmem:             38676 kB
KReclaimable:    1742836 kB
Slab:             271252 kB
SReclaimable:     117216 kB
SUnreclaim:       154036 kB
KernelStack:       49040 kB
PageTables:        68360 kB
NFS_Unstable:          0 kB
Bounce:                0 kB
WritebackTmp:          0 kB
CommitLimit:     9202292 kB
Committed_AS:   73547792 kB
VmallocTotal:   263061440 kB
VmallocUsed:      106232 kB
VmallocChunk:          0 kB
Percpu:             7648 kB
CmaTotal:         294912 kB
CmaFree:               0 kB
MemTotal:       12113136 kB
MemFree:         4282596 kB
MemAvailable:    7639680 kB
Buffers:            6976 kB
Cached:          2519128 kB
SwapCached:            0 kB
Active:          1816540 kB
Inactive:        2142368 kB
Active(anon):    1441988 kB
Inactive(anon):    33968 kB
Active(file):     374552 kB
Inactive(file):  2108400 kB
Unevictable:        5564 kB
Mlocked:            5564 kB
SwapTotal:       3145724 kB
SwapFree:        3145724 kB
Dirty:               328 kB
Writeback:             0 kB
AnonPages:       1438316 kB
Mapped:           975268 kB
Shmem:             38676 kB
KReclaimable:    1742836 kB
Slab:             271252 kB
SReclaimable:     117216 kB
SUnreclaim:       154036 kB
KernelStack:       49072 kB
PageTables:        68536 kB
NFS_Unstable:          0 kB
Bounce:                0 kB
WritebackTmp:          0 kB
CommitLimit:     9202292 kB
Committed_AS:   73562160 kB
VmallocTotal:   263061440 kB
VmallocUsed:      106248 kB
VmallocChunk:          0 kB
Percpu:             7648 kB
CmaTotal:         294912 kB
CmaFree:               0 kB
MemTotal:       12113136 kB
MemFree:         4281212 kB
MemAvailable:    7638316 kB
Buffers:            6976 kB
Cached:          2519148 kB
SwapCached:            0 kB
Active:          1818228 kB
Inactive:        2142388 kB
Active(anon):    1443676 kB
Inactive(anon):    33968 kB
Active(file):     374552 kB
Inactive(file):  2108420 kB
Unevictable:        5564 kB
Mlocked:            5564 kB
SwapTotal:       3145724 kB
SwapFree:        3145724 kB
Dirty:               376 kB
Writeback:             0 kB
AnonPages:       1440016 kB
Mapped:           975296 kB
Shmem:             38676 kB
KReclaimable:    1742836 kB
Slab:             271252 kB
SReclaimable:     117216 kB
SUnreclaim:       154036 kB
KernelStack:       49072 kB
PageTables:        68412 kB
NFS_Unstable:          0 kB
Bounce:                0 kB
WritebackTmp:          0 kB
CommitLimit:     9202292 kB
Committed_AS:   73552708 kB
VmallocTotal:   263061440 kB
VmallocUsed:      106248 kB
VmallocChunk:          0 kB
Percpu:             7648 kB
CmaTotal:         294912 kB
CmaFree:               0 kB
MemTotal:       12113136 kB
MemFree:         4279740 kB
MemAvailable:    7636852 kB
Buffers:            6976 kB
Cached:          2519156 kB
SwapCached:            0 kB
Active:          1819912 kB
Inactive:        2142396 kB
Active(anon):    1445360 kB
Inactive(anon):    33968 kB
Active(file):     374552 kB
Inactive(file):  2108428 kB
Unevictable:        5564 kB
Mlocked:            5564 kB
SwapTotal:       3145724 kB
SwapFree:        3145724 kB
Dirty:               448 kB
Writeback:             0 kB
AnonPages:       1441812 kB
Mapped:           975328 kB
Shmem:             38676 kB
KReclaimable:    1742836 kB
Slab:             271252 kB
SReclaimable:     117216 kB
SUnreclaim:       154036 kB
KernelStack:       49088 kB
PageTables:        68576 kB
NFS_Unstable:          0 kB
Bounce:                0 kB
WritebackTmp:          0 kB
CommitLimit:     9202292 kB
Committed_AS:   73561424 kB
VmallocTotal:   263061440 kB
VmallocUsed:      106264 kB
VmallocChunk:          0 kB
Percpu:             7648 kB
CmaTotal:         294912 kB
CmaFree:               0 kB
MemTotal:       12113136 kB
MemFree:         4280232 kB
MemAvailable:    7637360 kB
Buffers:            6976 kB
Cached:          2519172 kB
SwapCached:            0 kB
Active:          1819472 kB
Inactive:        2142412 kB
Active(anon):    1444920 kB
Inactive(anon):    33968 kB
Active(file):     374552 kB
Inactive(file):  2108444 kB
Unevictable:        5564 kB
Mlocked:            5564 kB
SwapTotal:       3145724 kB
SwapFree:        3145724 kB
Dirty:               476 kB
Writeback:             0 kB
AnonPages:       1441416 kB
Mapped:           975364 kB
Shmem:             38676 kB
KReclaimable:    1742836 kB
Slab:             271252 kB
SReclaimable:     117216 kB
SUnreclaim:       154036 kB
KernelStack:       49056 kB
PageTables:        68228 kB
NFS_Unstable:          0 kB
Bounce:                0 kB
WritebackTmp:          0 kB
CommitLimit:     9202292 kB
Committed_AS:   73557424 kB
VmallocTotal:   263061440 kB
VmallocUsed:      106232 kB
VmallocChunk:          0 kB
Percpu:             7648 kB
CmaTotal:         294912 kB
CmaFree:               0 kB
MemTotal:       12113136 kB
MemFree:         4278244 kB
MemAvailable:    7635384 kB
Buffers:            6976 kB
Cached:          2519184 kB
SwapCached:            0 kB
Active:          1821272 kB
Inactive:        2142424 kB
Active(anon):    1446720 kB
Inactive(anon):    33968 kB
Active(file):     374552 kB
Inactive(file):  2108456 kB
Unevictable:        5564 kB
Mlocked:            5564 kB
SwapTotal:       3145724 kB
SwapFree:        3145724 kB
Dirty:               516 kB
Writeback:             0 kB
AnonPages:       1443128 kB
Mapped:           975396 kB
Shmem:             38676 kB
KReclaimable:    1742836 kB
Slab:             271252 kB
SReclaimable:     117216 kB
SUnreclaim:       154036 kB
KernelStack:       49024 kB
PageTables:        68476 kB
NFS_Unstable:          0 kB
Bounce:                0 kB
WritebackTmp:          0 kB
CommitLimit:     9202292 kB
Committed_AS:   73566936 kB
VmallocTotal:   263061440 kB
VmallocUsed:      106296 kB
VmallocChunk:          0 kB
Percpu:             7648 kB
CmaTotal:         294912 kB
CmaFree:               0 kB
MemTotal:       12113136 kB
MemFree:         4277260 kB
MemAvailable:    7634412 kB
Buffers:            6976 kB
Cached:          2519196 kB
SwapCached:            0 kB
Active:          1822120 kB
Inactive:        2142436 kB
Active(anon):    1447568 kB
Inactive(anon):    33968 kB
Active(file):     374552 kB
Inactive(file):  2108468 kB
Unevictable:        5564 kB
Mlocked:            5564 kB
SwapTotal:       3145724 kB
SwapFree:        3145724 kB
Dirty:               564 kB
Writeback:             0 kB
AnonPages:       1443828 kB
Mapped:           975432 kB
Shmem:             38676 kB
KReclaimable:    1742836 kB
Slab:             271252 kB
SReclaimable:     117216 kB
SUnreclaim:       154036 kB
KernelStack:       49040 kB
PageTables:        68480 kB
NFS_Unstable:          0 kB
Bounce:                0 kB
WritebackTmp:          0 kB
CommitLimit:     9202292 kB
Committed_AS:   73570504 kB
VmallocTotal:   263061440 kB
VmallocUsed:      106312 kB
VmallocChunk:          0 kB
Percpu:             7648 kB
CmaTotal:         294912 kB
CmaFree:               0 kB
MemTotal:       12113136 kB
MemFree:         4279848 kB
MemAvailable:    7637012 kB
Buffers:            6976 kB
Cached:          2519208 kB
SwapCached:            0 kB
Active:          1819276 kB
Inactive:        2142448 kB
Active(anon):    1444724 kB
Inactive(anon):    33968 kB
Active(file):     374552 kB
Inactive(file):  2108480 kB
Unevictable:        5564 kB
Mlocked:            5564 kB
SwapTotal:       3145724 kB
SwapFree:        3145724 kB
Dirty:               596 kB
Writeback:             0 kB
AnonPages:       1441012 kB
Mapped:           975480 kB
Shmem:             38676 kB
KReclaimable:    1742836 kB
Slab:             271252 kB
SReclaimable:     117216 kB
SUnreclaim:       154036 kB
KernelStack:       49056 kB
PageTables:        68460 kB
NFS_Unstable:          0 kB
Bounce:                0 kB
WritebackTmp:          0 kB
CommitLimit:     9202292 kB
Committed_AS:   73559796 kB
VmallocTotal:   263061440 kB
VmallocUsed:      106312 kB
VmallocChunk:          0 kB
Percpu:             7648 kB
CmaTotal:         294912 kB
CmaFree:               0 kB
MemTotal:       12113136 kB
MemFree:         4294396 kB
MemAvailable:    7651572 kB
Buffers:            6976 kB
Cached:          2519220 kB
SwapCached:            0 kB
Active:          1805800 kB
Inactive:        2142460 kB
Active(anon):    1431248 kB
Inactive(anon):    33968 kB
Active(file):     374552 kB
Inactive(file):  2108492 kB
Unevictable:        5564 kB
Mlocked:            5564 kB
SwapTotal:       3145724 kB
SwapFree:        3145724 kB
Dirty:               624 kB
Writeback:             0 kB
AnonPages:       1427696 kB
Mapped:           975500 kB
Shmem:             38676 kB
KReclaimable:    1742836 kB
Slab:             271252 kB
SReclaimable:     117216 kB
SUnreclaim:       154036 kB
KernelStack:       49040 kB
PageTables:        68472 kB
NFS_Unstable:          0 kB
Bounce:                0 kB
WritebackTmp:          0 kB
CommitLimit:     9202292 kB
Committed_AS:   73561144 kB
VmallocTotal:   263061440 kB
VmallocUsed:      106280 kB
VmallocChunk:          0 kB
Percpu:             7648 kB
CmaTotal:         294912 kB
CmaFree:             128 kB
MemTotal:       12113136 kB
MemFree:         4314132 kB
MemAvailable:    7671328 kB
Buffers:            6976 kB
Cached:          2519244 kB
SwapCached:            0 kB
Active:          1784720 kB
Inactive:        2142484 kB
Active(anon):    1410168 kB
Inactive(anon):    33972 kB
Active(file):     374552 kB
Inactive(file):  2108512 kB
Unevictable:        5564 kB
Mlocked:            5564 kB
SwapTotal:       3145724 kB
SwapFree:        3145724 kB
Dirty:               728 kB
Writeback:             0 kB
AnonPages:       1406564 kB
Mapped:           975532 kB
Shmem:             38680 kB
KReclaimable:    1742836 kB
Slab:             271252 kB
SReclaimable:     117216 kB
SUnreclaim:       154036 kB
KernelStack:       49088 kB
PageTables:        68584 kB
NFS_Unstable:          0 kB
Bounce:                0 kB
WritebackTmp:          0 kB
CommitLimit:     9202292 kB
Committed_AS:   73561180 kB
VmallocTotal:   263061440 kB
VmallocUsed:      106280 kB
VmallocChunk:          0 kB
Percpu:             7648 kB
CmaTotal:         294912 kB
CmaFree:               0 kB
MemTotal:       12113136 kB
MemFree:         4313064 kB
MemAvailable:    7670276 kB
Buffers:            6976 kB
Cached:          2519268 kB
SwapCached:            0 kB
Active:          1785904 kB
Inactive:        2142508 kB
Active(anon):    1411352 kB
Inactive(anon):    33980 kB
Active(file):     374552 kB
Inactive(file):  2108528 kB
Unevictable:        5564 kB
Mlocked:            5564 kB
SwapTotal:       3145724 kB
SwapFree:        3145724 kB
Dirty:               248 kB
Writeback:             0 kB
AnonPages:       1407756 kB
Mapped:           975580 kB
Shmem:             38688 kB
KReclaimable:    1742836 kB
Slab:             271248 kB
SReclaimable:     117216 kB
SUnreclaim:       154032 kB
KernelStack:       49040 kB
PageTables:        68472 kB
NFS_Unstable:          0 kB
Bounce:                0 kB
WritebackTmp:          0 kB
CommitLimit:     9202292 kB
Committed_AS:   73566488 kB
VmallocTotal:   263061440 kB
VmallocUsed:      106296 kB
VmallocChunk:          0 kB
Percpu:             7648 kB
CmaTotal:         294912 kB
CmaFree:               0 kB
MemTotal:       12113136 kB
MemFree:         4311572 kB
MemAvailable:    7668804 kB
Buffers:            6976 kB
Cached:          2519288 kB
SwapCached:            0 kB
Active:          1787456 kB
Inactive:        2142528 kB
Active(anon):    1412904 kB
Inactive(anon):    33980 kB
Active(file):     374552 kB
Inactive(file):  2108548 kB
Unevictable:        5564 kB
Mlocked:            5564 kB
SwapTotal:       3145724 kB
SwapFree:        3145724 kB
Dirty:               372 kB
Writeback:             0 kB
AnonPages:       1409264 kB
Mapped:           975608 kB
Shmem:             38688 kB
KReclaimable:    1742836 kB
Slab:             271256 kB
SReclaimable:     117216 kB
SUnreclaim:       154040 kB
KernelStack:       49056 kB
PageTables:        68364 kB
NFS_Unstable:          0 kB
Bounce:                0 kB
WritebackTmp:          0 kB
CommitLimit:     9202292 kB
Committed_AS:   73550828 kB
VmallocTotal:   263061440 kB
VmallocUsed:      106232 kB
VmallocChunk:          0 kB
Percpu:             7648 kB
CmaTotal:         294912 kB
CmaFree:               0 kB
MemTotal:       12113136 kB
MemFree:         4311260 kB
MemAvailable:    7668500 kB
Buffers:            6976 kB
Cached:          2519296 kB
SwapCached:            0 kB
Active:          1788492 kB
Inactive:        2142536 kB
Active(anon):    1413940 kB
Inactive(anon):    33980 kB
Active(file):     374552 kB
Inactive(file):  2108556 kB
Unevictable:        5564 kB
Mlocked:            5564 kB
SwapTotal:       3145724 kB
SwapFree:        3145724 kB
Dirty:               428 kB
Writeback:             0 kB
AnonPages:       1410384 kB
Mapped:           975636 kB
Shmem:             38688 kB
KReclaimable:    1742836 kB
Slab:             271248 kB
SReclaimable:     117216 kB
SUnreclaim:       154032 kB
KernelStack:       49040 kB
PageTables:        68460 kB
NFS_Unstable:          0 kB
Bounce:                0 kB
WritebackTmp:          0 kB
CommitLimit:     9202292 kB
Committed_AS:   73562108 kB
VmallocTotal:   263061440 kB
VmallocUsed:      106184 kB
VmallocChunk:          0 kB
Percpu:             7648 kB
CmaTotal:         294912 kB
CmaFree:               0 kB
MemTotal:       12113136 kB
MemFree:         4309692 kB
MemAvailable:    7666948 kB
Buffers:            6976 kB
Cached:          2519316 kB
SwapCached:            0 kB
Active:          1789764 kB
Inactive:        2142556 kB
Active(anon):    1415212 kB
Inactive(anon):    33984 kB
Active(file):     374552 kB
Inactive(file):  2108572 kB
Unevictable:        5564 kB
Mlocked:            5564 kB
SwapTotal:       3145724 kB
SwapFree:        3145724 kB
Dirty:               464 kB
Writeback:             0 kB
AnonPages:       1411684 kB
Mapped:           975668 kB
Shmem:             38692 kB
KReclaimable:    1742836 kB
Slab:             271248 kB
SReclaimable:     117216 kB
SUnreclaim:       154032 kB
KernelStack:       49072 kB
PageTables:        68564 kB
NFS_Unstable:          0 kB
Bounce:                0 kB
WritebackTmp:          0 kB
CommitLimit:     9202292 kB
Committed_AS:   73569216 kB
VmallocTotal:   263061440 kB
VmallocUsed:      106264 kB
VmallocChunk:          0 kB
Percpu:             7648 kB
CmaTotal:         294912 kB
CmaFree:               0 kB
MemTotal:       12113136 kB
MemFree:         4309244 kB
MemAvailable:    7666512 kB
Buffers:            6976 kB
Cached:          2519328 kB
SwapCached:            0 kB
Active:          1789812 kB
Inactive:        2142568 kB
Active(anon):    1415260 kB
Inactive(anon):    33984 kB
Active(file):     374552 kB
Inactive(file):  2108584 kB
Unevictable:        5564 kB
Mlocked:            5564 kB
SwapTotal:       3145724 kB
SwapFree:        3145724 kB
Dirty:               492 kB
Writeback:             0 kB
AnonPages:       1411676 kB
Mapped:           975700 kB
Shmem:             38692 kB
KReclaimable:    1742836 kB
Slab:             271248 kB
SReclaimable:     117216 kB
SUnreclaim:       154032 kB
KernelStack:       49024 kB
PageTables:        68492 kB
NFS_Unstable:          0 kB
Bounce:                0 kB
WritebackTmp:          0 kB
CommitLimit:     9202292 kB
Committed_AS:   73565644 kB
VmallocTotal:   263061440 kB
VmallocUsed:      106280 kB
VmallocChunk:          0 kB
Percpu:             7648 kB
CmaTotal:         294912 kB
CmaFree:               0 kB
MemTotal:       12113136 kB
MemFree:         4305616 kB
MemAvailable:    7662916 kB
Buffers:            6980 kB
Cached:          2519356 kB
SwapCached:            0 kB
Active:          1793860 kB
Inactive:        2142596 kB
Active(anon):    1419304 kB
Inactive(anon):    33984 kB
Active(file):     374556 kB
Inactive(file):  2108612 kB
Unevictable:        5564 kB
Mlocked:            5564 kB
SwapTotal:       3145724 kB
SwapFree:        3145724 kB
Dirty:               244 kB
Writeback:             0 kB
AnonPages:       1415624 kB
Mapped:           975776 kB
Shmem:             38692 kB
KReclaimable:    1742836 kB
Slab:             271240 kB
SReclaimable:     117216 kB
SUnreclaim:       154024 kB
KernelStack:       49024 kB
PageTables:        68460 kB
NFS_Unstable:          0 kB
Bounce:                0 kB
WritebackTmp:          0 kB
CommitLimit:     9202292 kB
Committed_AS:   73562472 kB
VmallocTotal:   263061440 kB
VmallocUsed:      106312 kB
VmallocChunk:          0 kB
Percpu:             7648 kB
CmaTotal:         294912 kB
CmaFree:               0 kB
MemTotal:       12113136 kB
MemFree:         4305212 kB
MemAvailable:    7662532 kB
Buffers:            6980 kB
Cached:          2519376 kB
SwapCached:            0 kB
Active:          1795044 kB
Inactive:        2142616 kB
Active(anon):    1420488 kB
Inactive(anon):    33984 kB
Active(file):     374556 kB
Inactive(file):  2108632 kB
Unevictable:        5564 kB
Mlocked:            5564 kB
SwapTotal:       3145724 kB
SwapFree:        3145724 kB
Dirty:               336 kB
Writeback:             0 kB
AnonPages:       1416936 kB
Mapped:           975760 kB
Shmem:             38692 kB
KReclaimable:    1742836 kB
Slab:             271240 kB
SReclaimable:     117216 kB
SUnreclaim:       154024 kB
KernelStack:       49008 kB
PageTables:        68508 kB
NFS_Unstable:          0 kB
Bounce:                0 kB
WritebackTmp:          0 kB
CommitLimit:     9202292 kB
Committed_AS:   73563064 kB
VmallocTotal:   263061440 kB
VmallocUsed:      106264 kB
VmallocChunk:          0 kB
Percpu:             7648 kB
CmaTotal:         294912 kB
CmaFree:               0 kB
MemTotal:       12113136 kB
MemFree:         4304000 kB
MemAvailable:    7661328 kB
Buffers:            6980 kB
Cached:          2519384 kB
SwapCached:            0 kB
Active:          1796128 kB
Inactive:        2142624 kB
Active(anon):    1421572 kB
Inactive(anon):    33984 kB
Active(file):     374556 kB
Inactive(file):  2108640 kB
Unevictable:        5564 kB
Mlocked:            5564 kB
SwapTotal:       3145724 kB
SwapFree:        3145724 kB
Dirty:               380 kB
Writeback:             0 kB
AnonPages:       1417972 kB
Mapped:           975800 kB
Shmem:             38692 kB
KReclaimable:    1742836 kB
Slab:             271240 kB
SReclaimable:     117216 kB
SUnreclaim:       154024 kB
KernelStack:       49040 kB
PageTables:        68460 kB
NFS_Unstable:          0 kB
Bounce:                0 kB
WritebackTmp:          0 kB
CommitLimit:     9202292 kB
Committed_AS:   73558164 kB
VmallocTotal:   263061440 kB
VmallocUsed:      106216 kB
VmallocChunk:          0 kB
Percpu:             7648 kB
CmaTotal:         294912 kB
CmaFree:               0 kB
MemTotal:       12113136 kB
MemFree:         4303516 kB
MemAvailable:    7660856 kB
Buffers:            6980 kB
Cached:          2519400 kB
SwapCached:            0 kB
Active:          1796756 kB
Inactive:        2142640 kB
Active(anon):    1422200 kB
Inactive(anon):    33988 kB
Active(file):     374556 kB
Inactive(file):  2108652 kB
Unevictable:        5564 kB
Mlocked:            5564 kB
SwapTotal:       3145724 kB
SwapFree:        3145724 kB
Dirty:               452 kB
Writeback:             0 kB
AnonPages:       1418668 kB
Mapped:           975140 kB
Shmem:             38696 kB
KReclaimable:    1742836 kB
Slab:             271240 kB
SReclaimable:     117216 kB
SUnreclaim:       154024 kB
KernelStack:       49040 kB
PageTables:        68484 kB
NFS_Unstable:          0 kB
Bounce:                0 kB
WritebackTmp:          0 kB
CommitLimit:     9202292 kB
Committed_AS:   73562948 kB
VmallocTotal:   263061440 kB
VmallocUsed:      106232 kB
VmallocChunk:          0 kB
Percpu:             7648 kB
CmaTotal:         294912 kB
CmaFree:               0 kB
MemTotal:       12113136 kB
MemFree:         4300396 kB
MemAvailable:    7657744 kB
Buffers:            6980 kB
Cached:          2519408 kB
SwapCached:            0 kB
Active:          1797788 kB
Inactive:        2142648 kB
Active(anon):    1423232 kB
Inactive(anon):    33988 kB
Active(file):     374556 kB
Inactive(file):  2108660 kB
Unevictable:        5564 kB
Mlocked:            5564 kB
SwapTotal:       3145724 kB
SwapFree:        3145724 kB
Dirty:               488 kB
Writeback:             0 kB
AnonPages:       1419500 kB
Mapped:           975172 kB
Shmem:             38696 kB
KReclaimable:    1742836 kB
Slab:             271240 kB
SReclaimable:     117216 kB
SUnreclaim:       154024 kB
KernelStack:       49072 kB
PageTables:        68588 kB
NFS_Unstable:          0 kB
Bounce:                0 kB
WritebackTmp:          0 kB
CommitLimit:     9202292 kB
Committed_AS:   73564328 kB
VmallocTotal:   263061440 kB
VmallocUsed:      106232 kB
VmallocChunk:          0 kB
Percpu:             7648 kB
CmaTotal:         294912 kB
CmaFree:               0 kB
MemTotal:       12113136 kB
MemFree:         4300628 kB
MemAvailable:    7657992 kB
Buffers:            6980 kB
Cached:          2519424 kB
SwapCached:            0 kB
Active:          1798752 kB
Inactive:        2142664 kB
Active(anon):    1424196 kB
Inactive(anon):    33988 kB
Active(file):     374556 kB
Inactive(file):  2108676 kB
Unevictable:        5564 kB
Mlocked:            5564 kB
SwapTotal:       3145724 kB
SwapFree:        3145724 kB
Dirty:               236 kB
Writeback:             0 kB
AnonPages:       1420624 kB
Mapped:           975200 kB
Shmem:             38696 kB
KReclaimable:    1742836 kB
Slab:             271240 kB
SReclaimable:     117216 kB
SUnreclaim:       154024 kB
KernelStack:       49008 kB
PageTables:        68440 kB
NFS_Unstable:          0 kB
Bounce:                0 kB
WritebackTmp:          0 kB
CommitLimit:     9202292 kB
Committed_AS:   73564424 kB
VmallocTotal:   263061440 kB
VmallocUsed:      106232 kB
VmallocChunk:          0 kB
Percpu:             7648 kB
CmaTotal:         294912 kB
CmaFree:               0 kB
MemTotal:       12113136 kB
MemFree:         4298336 kB
MemAvailable:    7655720 kB
Buffers:            6980 kB
Cached:          2519444 kB
SwapCached:            0 kB
Active:          1799576 kB
Inactive:        2142684 kB
Active(anon):    1425020 kB
Inactive(anon):    33988 kB
Active(file):     374556 kB
Inactive(file):  2108696 kB
Unevictable:        5564 kB
Mlocked:            5564 kB
SwapTotal:       3145724 kB
SwapFree:        3145724 kB
Dirty:               368 kB
Writeback:             0 kB
AnonPages:       1421448 kB
Mapped:           975232 kB
Shmem:             38696 kB
KReclaimable:    1742836 kB
Slab:             271240 kB
SReclaimable:     117216 kB
SUnreclaim:       154024 kB
KernelStack:       49072 kB
PageTables:        68596 kB
NFS_Unstable:          0 kB
Bounce:                0 kB
WritebackTmp:          0 kB
CommitLimit:     9202292 kB
Committed_AS:   73565768 kB
VmallocTotal:   263061440 kB
VmallocUsed:      106264 kB
VmallocChunk:          0 kB
Percpu:             7648 kB
CmaTotal:         294912 kB
CmaFree:               0 kB
MemTotal:       12113136 kB
MemFree:         4297648 kB
MemAvailable:    7655044 kB
Buffers:            6980 kB
Cached:          2519456 kB
SwapCached:            0 kB
Active:          1800960 kB
Inactive:        2142696 kB
Active(anon):    1426404 kB
Inactive(anon):    33988 kB
Active(file):     374556 kB
Inactive(file):  2108708 kB
Unevictable:        5564 kB
Mlocked:            5564 kB
SwapTotal:       3145724 kB
SwapFree:        3145724 kB
Dirty:               416 kB
Writeback:             0 kB
AnonPages:       1422564 kB
Mapped:           974456 kB
Shmem:             38696 kB
KReclaimable:    1742836 kB
Slab:             271240 kB
SReclaimable:     117216 kB
SUnreclaim:       154024 kB
KernelStack:       49076 kB
PageTables:        68468 kB
NFS_Unstable:          0 kB
Bounce:                0 kB
WritebackTmp:          0 kB
CommitLimit:     9202292 kB
Committed_AS:   73559208 kB
VmallocTotal:   263061440 kB
VmallocUsed:      106264 kB
VmallocChunk:          0 kB
Percpu:             7648 kB
CmaTotal:         294912 kB
CmaFree:               0 kB
MemTotal:       12113136 kB
MemFree:         4296344 kB
MemAvailable:    7653752 kB
Buffers:            6980 kB
Cached:          2519468 kB
SwapCached:            0 kB
Active:          1801976 kB
Inactive:        2142708 kB
Active(anon):    1427420 kB
Inactive(anon):    33988 kB
Active(file):     374556 kB
Inactive(file):  2108720 kB
Unevictable:        5564 kB
Mlocked:            5564 kB
SwapTotal:       3145724 kB
SwapFree:        3145724 kB
Dirty:               448 kB
Writeback:             0 kB
AnonPages:       1423656 kB
Mapped:           974560 kB
Shmem:             38696 kB
KReclaimable:    1742836 kB
Slab:             271240 kB
SReclaimable:     117216 kB
SUnreclaim:       154024 kB
KernelStack:       49056 kB
PageTables:        68520 kB
NFS_Unstable:          0 kB
Bounce:                0 kB
WritebackTmp:          0 kB
CommitLimit:     9202292 kB
Committed_AS:   73565380 kB
VmallocTotal:   263061440 kB
VmallocUsed:      106232 kB
VmallocChunk:          0 kB
Percpu:             7648 kB
CmaTotal:         294912 kB
CmaFree:               0 kB
MemTotal:       12113136 kB
MemFree:         4297148 kB
MemAvailable:    7654584 kB
Buffers:            6980 kB
Cached:          2519496 kB
SwapCached:            0 kB
Active:          1801840 kB
Inactive:        2142732 kB
Active(anon):    1427280 kB
Inactive(anon):    33988 kB
Active(file):     374560 kB
Inactive(file):  2108744 kB
Unevictable:        5564 kB
Mlocked:            5564 kB
SwapTotal:       3145724 kB
SwapFree:        3145724 kB
Dirty:               536 kB
Writeback:             0 kB
AnonPages:       1423648 kB
Mapped:           974756 kB
Shmem:             38696 kB
KReclaimable:    1742836 kB
Slab:             271240 kB
SReclaimable:     117216 kB
SUnreclaim:       154024 kB
KernelStack:       49040 kB
PageTables:        68616 kB
NFS_Unstable:          0 kB
Bounce:                0 kB
WritebackTmp:          0 kB
CommitLimit:     9202292 kB
Committed_AS:   73550560 kB
VmallocTotal:   263061440 kB
VmallocUsed:      106216 kB
VmallocChunk:          0 kB
Percpu:             7648 kB
CmaTotal:         294912 kB
CmaFree:               0 kB
MemTotal:       12113136 kB
MemFree:         4295872 kB
MemAvailable:    7653324 kB
Buffers:            6980 kB
Cached:          2519512 kB
SwapCached:            0 kB
Active:          1802732 kB
Inactive:        2142748 kB
Active(anon):    1428172 kB
Inactive(anon):    33988 kB
Active(file):     374560 kB
Inactive(file):  2108760 kB
Unevictable:        5564 kB
Mlocked:            5564 kB
SwapTotal:       3145724 kB
SwapFree:        3145724 kB
Dirty:               256 kB
Writeback:             0 kB
AnonPages:       1424704 kB
Mapped:           974588 kB
Shmem:             38696 kB
KReclaimable:    1742836 kB
Slab:             271240 kB
SReclaimable:     117216 kB
SUnreclaim:       154024 kB
KernelStack:       49072 kB
PageTables:        68596 kB
NFS_Unstable:          0 kB
Bounce:                0 kB
WritebackTmp:          0 kB
CommitLimit:     9202292 kB
Committed_AS:   73560504 kB
VmallocTotal:   263061440 kB
VmallocUsed:      106248 kB
VmallocChunk:          0 kB
Percpu:             7648 kB
CmaTotal:         294912 kB
CmaFree:               0 kB
MemTotal:       12113136 kB
MemFree:         4291988 kB
MemAvailable:    7649448 kB
Buffers:            6980 kB
Cached:          2519524 kB
SwapCached:            0 kB
Active:          1807572 kB
Inactive:        2142760 kB
Active(anon):    1433012 kB
Inactive(anon):    33992 kB
Active(file):     374560 kB
Inactive(file):  2108768 kB
Unevictable:        5564 kB
Mlocked:            5564 kB
SwapTotal:       3145724 kB
SwapFree:        3145724 kB
Dirty:               348 kB
Writeback:             0 kB
AnonPages:       1429400 kB
Mapped:           974704 kB
Shmem:             38700 kB
KReclaimable:    1742836 kB
Slab:             271240 kB
SReclaimable:     117216 kB
SUnreclaim:       154024 kB
KernelStack:       49024 kB
PageTables:        68496 kB
NFS_Unstable:          0 kB
Bounce:                0 kB
WritebackTmp:          0 kB
CommitLimit:     9202292 kB
Committed_AS:   73560500 kB
VmallocTotal:   263061440 kB
VmallocUsed:      106216 kB
VmallocChunk:          0 kB
Percpu:             7648 kB
CmaTotal:         294912 kB
CmaFree:               4 kB
MemTotal:       12113136 kB
MemFree:         4290808 kB
MemAvailable:    7648412 kB
Buffers:            6980 kB
Cached:          2519540 kB
SwapCached:            0 kB
Active:          1808748 kB
Inactive:        2142776 kB
Active(anon):    1434188 kB
Inactive(anon):    33992 kB
Active(file):     374560 kB
Inactive(file):  2108784 kB
Unevictable:        5564 kB
Mlocked:            5564 kB
SwapTotal:       3145724 kB
SwapFree:        3145724 kB
Dirty:               412 kB
Writeback:             0 kB
AnonPages:       1430624 kB
Mapped:           974652 kB
Shmem:             38700 kB
KReclaimable:    1742836 kB
Slab:             271240 kB
SReclaimable:     117216 kB
SUnreclaim:       154024 kB
KernelStack:       49024 kB
PageTables:        68484 kB
NFS_Unstable:          0 kB
Bounce:                0 kB
WritebackTmp:          0 kB
CommitLimit:     9202292 kB
Committed_AS:   73550516 kB
VmallocTotal:   263061440 kB
VmallocUsed:      106200 kB
VmallocChunk:          0 kB
Percpu:             7648 kB
CmaTotal:         294912 kB
CmaFree:               0 kB
MemTotal:       12113136 kB
MemFree:         4287532 kB
MemAvailable:    7645032 kB
Buffers:            6980 kB
Cached:          2519564 kB
SwapCached:            0 kB
Active:          1810128 kB
Inactive:        2142796 kB
Active(anon):    1435564 kB
Inactive(anon):    33992 kB
Active(file):     374564 kB
Inactive(file):  2108804 kB
Unevictable:        5564 kB
Mlocked:            5564 kB
SwapTotal:       3145724 kB
SwapFree:        3145724 kB
Dirty:               456 kB
Writeback:             0 kB
AnonPages:       1432076 kB
Mapped:           974688 kB
Shmem:             38700 kB
KReclaimable:    1742836 kB
Slab:             271240 kB
SReclaimable:     117216 kB
SUnreclaim:       154024 kB
KernelStack:       49056 kB
PageTables:        68448 kB
NFS_Unstable:          0 kB
Bounce:                0 kB
WritebackTmp:          0 kB
CommitLimit:     9202292 kB
Committed_AS:   73558384 kB
VmallocTotal:   263061440 kB
VmallocUsed:      106248 kB
VmallocChunk:          0 kB
Percpu:             7648 kB
CmaTotal:         294912 kB
CmaFree:               0 kB
MemTotal:       12113136 kB
MemFree:         4287652 kB
MemAvailable:    7645176 kB
Buffers:            6988 kB
Cached:          2519580 kB
SwapCached:            0 kB
Active:          1811388 kB
Inactive:        2142816 kB
Active(anon):    1436820 kB
Inactive(anon):    33992 kB
Active(file):     374568 kB
Inactive(file):  2108824 kB
Unevictable:        5564 kB
Mlocked:            5564 kB
SwapTotal:       3145724 kB
SwapFree:        3145724 kB
Dirty:               588 kB
Writeback:             0 kB
AnonPages:       1433268 kB
Mapped:           974716 kB
Shmem:             38700 kB
KReclaimable:    1742836 kB
Slab:             271236 kB
SReclaimable:     117216 kB
SUnreclaim:       154020 kB
KernelStack:       49056 kB
PageTables:        68476 kB
NFS_Unstable:          0 kB
Bounce:                0 kB
WritebackTmp:          0 kB
CommitLimit:     9202292 kB
Committed_AS:   73556392 kB
VmallocTotal:   263061440 kB
VmallocUsed:      106264 kB
VmallocChunk:          0 kB
Percpu:             7648 kB
CmaTotal:         294912 kB
CmaFree:               0 kB
MemTotal:       12113136 kB
MemFree:         4286376 kB
MemAvailable:    7643920 kB
Buffers:            6988 kB
Cached:          2519600 kB
SwapCached:            0 kB
Active:          1811972 kB
Inactive:        2142836 kB
Active(anon):    1437404 kB
Inactive(anon):    33992 kB
Active(file):     374568 kB
Inactive(file):  2108844 kB
Unevictable:        5564 kB
Mlocked:            5564 kB
SwapTotal:       3145724 kB
SwapFree:        3145724 kB
Dirty:               268 kB
Writeback:             0 kB
AnonPages:       1433520 kB
Mapped:           974744 kB
Shmem:             38700 kB
KReclaimable:    1742836 kB
Slab:             271240 kB
SReclaimable:     117216 kB
SUnreclaim:       154024 kB
KernelStack:       49056 kB
PageTables:        68624 kB
NFS_Unstable:          0 kB
Bounce:                0 kB
WritebackTmp:          0 kB
CommitLimit:     9202292 kB
Committed_AS:   73564708 kB
VmallocTotal:   263061440 kB
VmallocUsed:      106248 kB
VmallocChunk:          0 kB
Percpu:             7648 kB
CmaTotal:         294912 kB
CmaFree:               0 kB
MemTotal:       12113136 kB
MemFree:         4285700 kB
MemAvailable:    7643260 kB
Buffers:            6988 kB
Cached:          2519616 kB
SwapCached:            0 kB
Active:          1813340 kB
Inactive:        2142852 kB
Active(anon):    1438772 kB
Inactive(anon):    33992 kB
Active(file):     374568 kB
Inactive(file):  2108860 kB
Unevictable:        5564 kB
Mlocked:            5564 kB
SwapTotal:       3145724 kB
SwapFree:        3145724 kB
Dirty:               384 kB
Writeback:             0 kB
AnonPages:       1434908 kB
Mapped:           974780 kB
Shmem:             38700 kB
KReclaimable:    1742836 kB
Slab:             271240 kB
SReclaimable:     117216 kB
SUnreclaim:       154024 kB
KernelStack:       49056 kB
PageTables:        68724 kB
NFS_Unstable:          0 kB
Bounce:                0 kB
WritebackTmp:          0 kB
CommitLimit:     9202292 kB
Committed_AS:   73556596 kB
VmallocTotal:   263061440 kB
VmallocUsed:      106216 kB
VmallocChunk:          0 kB
Percpu:             7648 kB
CmaTotal:         294912 kB
CmaFree:               0 kB
MemTotal:       12113136 kB
MemFree:         4283592 kB
MemAvailable:    7641172 kB
Buffers:            6988 kB
Cached:          2519636 kB
SwapCached:            0 kB
Active:          1814900 kB
Inactive:        2142872 kB
Active(anon):    1440332 kB
Inactive(anon):    33992 kB
Active(file):     374568 kB
Inactive(file):  2108880 kB
Unevictable:        5564 kB
Mlocked:            5564 kB
SwapTotal:       3145724 kB
SwapFree:        3145724 kB
Dirty:               424 kB
Writeback:             0 kB
AnonPages:       1436908 kB
Mapped:           974812 kB
Shmem:             38700 kB
KReclaimable:    1742836 kB
Slab:             271240 kB
SReclaimable:     117216 kB
SUnreclaim:       154024 kB
KernelStack:       49008 kB
PageTables:        68704 kB
NFS_Unstable:          0 kB
Bounce:                0 kB
WritebackTmp:          0 kB
CommitLimit:     9202292 kB
Committed_AS:   73560288 kB
VmallocTotal:   263061440 kB
VmallocUsed:      106216 kB
VmallocChunk:          0 kB
Percpu:             7648 kB
CmaTotal:         294912 kB
CmaFree:               0 kB
MemTotal:       12113136 kB
MemFree:         4282556 kB
MemAvailable:    7640144 kB
Buffers:            6988 kB
Cached:          2519644 kB
SwapCached:            0 kB
Active:          1816300 kB
Inactive:        2142880 kB
Active(anon):    1441732 kB
Inactive(anon):    33992 kB
Active(file):     374568 kB
Inactive(file):  2108888 kB
Unevictable:        5564 kB
Mlocked:            5564 kB
SwapTotal:       3145724 kB
SwapFree:        3145724 kB
Dirty:               508 kB
Writeback:             0 kB
AnonPages:       1437996 kB
Mapped:           974848 kB
Shmem:             38700 kB
KReclaimable:    1742836 kB
Slab:             271240 kB
SReclaimable:     117216 kB
SUnreclaim:       154024 kB
KernelStack:       49040 kB
PageTables:        68492 kB
NFS_Unstable:          0 kB
Bounce:                0 kB
WritebackTmp:          0 kB
CommitLimit:     9202292 kB
Committed_AS:   73566592 kB
VmallocTotal:   263061440 kB
VmallocUsed:      106264 kB
VmallocChunk:          0 kB
Percpu:             7648 kB
CmaTotal:         294912 kB
CmaFree:               0 kB
MemTotal:       12113136 kB
MemFree:         4282616 kB
MemAvailable:    7640208 kB
Buffers:            6988 kB
Cached:          2519648 kB
SwapCached:            0 kB
Active:          1817096 kB
Inactive:        2142884 kB
Active(anon):    1442528 kB
Inactive(anon):    33992 kB
Active(file):     374568 kB
Inactive(file):  2108892 kB
Unevictable:        5564 kB
Mlocked:            5564 kB
SwapTotal:       3145724 kB
SwapFree:        3145724 kB
Dirty:               528 kB
Writeback:             0 kB
AnonPages:       1438980 kB
Mapped:           974888 kB
Shmem:             38700 kB
KReclaimable:    1742836 kB
Slab:             271240 kB
SReclaimable:     117216 kB
SUnreclaim:       154024 kB
KernelStack:       49040 kB
PageTables:        68592 kB
NFS_Unstable:          0 kB
Bounce:                0 kB
WritebackTmp:          0 kB
CommitLimit:     9202292 kB
Committed_AS:   73564920 kB
VmallocTotal:   263061440 kB
VmallocUsed:      106264 kB
VmallocChunk:          0 kB
Percpu:             7648 kB
CmaTotal:         294912 kB
CmaFree:               0 kB
MemTotal:       12113136 kB
MemFree:         4280480 kB
MemAvailable:    7638092 kB
Buffers:            6988 kB
Cached:          2519668 kB
SwapCached:            0 kB
Active:          1818100 kB
Inactive:        2142904 kB
Active(anon):    1443532 kB
Inactive(anon):    33992 kB
Active(file):     374568 kB
Inactive(file):  2108912 kB
Unevictable:        5564 kB
Mlocked:            5564 kB
SwapTotal:       3145724 kB
SwapFree:        3145724 kB
Dirty:               288 kB
Writeback:             0 kB
AnonPages:       1440080 kB
Mapped:           974912 kB
Shmem:             38700 kB
KReclaimable:    1742836 kB
Slab:             271236 kB
SReclaimable:     117216 kB
SUnreclaim:       154020 kB
KernelStack:       48976 kB
PageTables:        68508 kB
NFS_Unstable:          0 kB
Bounce:                0 kB
WritebackTmp:          0 kB
CommitLimit:     9202292 kB
Committed_AS:   73566564 kB
VmallocTotal:   263061440 kB
VmallocUsed:      106168 kB
VmallocChunk:          0 kB
Percpu:             7648 kB
CmaTotal:         294912 kB
CmaFree:               0 kB
MemTotal:       12113136 kB
MemFree:         4279324 kB
MemAvailable:    7636952 kB
Buffers:            6988 kB
Cached:          2519688 kB
SwapCached:            0 kB
Active:          1818884 kB
Inactive:        2142924 kB
Active(anon):    1444316 kB
Inactive(anon):    33996 kB
Active(file):     374568 kB
Inactive(file):  2108928 kB
Unevictable:        5564 kB
Mlocked:            5564 kB
SwapTotal:       3145724 kB
SwapFree:        3145724 kB
Dirty:               444 kB
Writeback:             0 kB
AnonPages:       1440568 kB
Mapped:           974940 kB
Shmem:             38704 kB
KReclaimable:    1742836 kB
Slab:             271236 kB
SReclaimable:     117216 kB
SUnreclaim:       154020 kB
KernelStack:       48960 kB
PageTables:        68524 kB
NFS_Unstable:          0 kB
Bounce:                0 kB
WritebackTmp:          0 kB
CommitLimit:     9202292 kB
Committed_AS:   73575476 kB
VmallocTotal:   263061440 kB
VmallocUsed:      106168 kB
VmallocChunk:          0 kB
Percpu:             7648 kB
CmaTotal:         294912 kB
CmaFree:              16 kB
MemTotal:       12113136 kB
MemFree:         4278692 kB
MemAvailable:    7636332 kB
Buffers:            6988 kB
Cached:          2519700 kB
SwapCached:            0 kB
Active:          1819972 kB
Inactive:        2142936 kB
Active(anon):    1445404 kB
Inactive(anon):    33996 kB
Active(file):     374568 kB
Inactive(file):  2108940 kB
Unevictable:        5564 kB
Mlocked:            5564 kB
SwapTotal:       3145724 kB
SwapFree:        3145724 kB
Dirty:               484 kB
Writeback:             0 kB
AnonPages:       1441900 kB
Mapped:           974980 kB
Shmem:             38704 kB
KReclaimable:    1742836 kB
Slab:             271236 kB
SReclaimable:     117216 kB
SUnreclaim:       154020 kB
KernelStack:       48976 kB
PageTables:        68372 kB
NFS_Unstable:          0 kB
Bounce:                0 kB
WritebackTmp:          0 kB
CommitLimit:     9202292 kB
Committed_AS:   73555400 kB
VmallocTotal:   263061440 kB
VmallocUsed:      106136 kB
VmallocChunk:          0 kB
Percpu:             7648 kB
CmaTotal:         294912 kB
CmaFree:               0 kB
MemTotal:       12113136 kB
MemFree:         4278420 kB
MemAvailable:    7636072 kB
Buffers:            6988 kB
Cached:          2519712 kB
SwapCached:            0 kB
Active:          1820660 kB
Inactive:        2142948 kB
Active(anon):    1446092 kB
Inactive(anon):    33996 kB
Active(file):     374568 kB
Inactive(file):  2108952 kB
Unevictable:        5564 kB
Mlocked:            5564 kB
SwapTotal:       3145724 kB
SwapFree:        3145724 kB
Dirty:               528 kB
Writeback:             0 kB
AnonPages:       1442476 kB
Mapped:           975012 kB
Shmem:             38704 kB
KReclaimable:    1742836 kB
Slab:             271232 kB
SReclaimable:     117216 kB
SUnreclaim:       154016 kB
KernelStack:       48992 kB
PageTables:        68584 kB
NFS_Unstable:          0 kB
Bounce:                0 kB
WritebackTmp:          0 kB
CommitLimit:     9202292 kB
Committed_AS:   73561256 kB
VmallocTotal:   263061440 kB
VmallocUsed:      106136 kB
VmallocChunk:          0 kB
Percpu:             7648 kB
CmaTotal:         294912 kB
CmaFree:               0 kB
MemTotal:       12113136 kB
MemFree:         4278716 kB
MemAvailable:    7636388 kB
Buffers:            6988 kB
Cached:          2519732 kB
SwapCached:            0 kB
Active:          1822064 kB
Inactive:        2142968 kB
Active(anon):    1447496 kB
Inactive(anon):    33996 kB
Active(file):     374568 kB
Inactive(file):  2108972 kB
Unevictable:        5564 kB
Mlocked:            5564 kB
SwapTotal:       3145724 kB
SwapFree:        3145724 kB
Dirty:               628 kB
Writeback:             0 kB
AnonPages:       1443888 kB
Mapped:           975044 kB
Shmem:             38704 kB
KReclaimable:    1742836 kB
Slab:             271232 kB
SReclaimable:     117216 kB
SUnreclaim:       154016 kB
KernelStack:       48944 kB
PageTables:        68448 kB
NFS_Unstable:          0 kB
Bounce:                0 kB
WritebackTmp:          0 kB
CommitLimit:     9202292 kB
Committed_AS:   73554712 kB
VmallocTotal:   263061440 kB
VmallocUsed:      106104 kB
