MemTotal:       12113132 kB
MemFree:         6479304 kB
MemAvailable:    7783440 kB
Buffers:            4788 kB
Cached:          1646256 kB
SwapCached:            0 kB
Active:          1502396 kB
Inactive:        1463456 kB
Active(anon):    1321224 kB
Inactive(anon):    23868 kB
Active(file):     181172 kB
Inactive(file):  1439588 kB
Unevictable:        5532 kB
Mlocked:            5532 kB
SwapTotal:       3145724 kB
SwapFree:        3145724 kB
Dirty:               348 kB
Writeback:             0 kB
AnonPages:       1320428 kB
Mapped:           872676 kB
Shmem:             25804 kB
KReclaimable:     552080 kB
Slab:             219688 kB
SReclaimable:      71556 kB
SUnreclaim:       148132 kB
KernelStack:       49376 kB
PageTables:        67384 kB
NFS_Unstable:          0 kB
Bounce:                0 kB
WritebackTmp:          0 kB
CommitLimit:     9202288 kB
Committed_AS:   74999612 kB
VmallocTotal:   263061440 kB
VmallocUsed:      106552 kB
VmallocChunk:          0 kB
Percpu:             7648 kB
CmaTotal:         294912 kB
CmaFree:               0 kB
MemTotal:       12113132 kB
MemFree:         6477536 kB
MemAvailable:    7781900 kB
Buffers:            4788 kB
Cached:          1646472 kB
SwapCached:            0 kB
Active:          1502820 kB
Inactive:        1463564 kB
Active(anon):    1321540 kB
Inactive(anon):    23868 kB
Active(file):     181280 kB
Inactive(file):  1439696 kB
Unevictable:        5532 kB
Mlocked:            5532 kB
SwapTotal:       3145724 kB
SwapFree:        3145724 kB
Dirty:               440 kB
Writeback:             0 kB
AnonPages:       1320580 kB
Mapped:           872688 kB
Shmem:             25804 kB
KReclaimable:     552092 kB
Slab:             219720 kB
SReclaimable:      71568 kB
SUnreclaim:       148152 kB
KernelStack:       49376 kB
PageTables:        67448 kB
NFS_Unstable:          0 kB
Bounce:                0 kB
WritebackTmp:          0 kB
CommitLimit:     9202288 kB
Committed_AS:   75017728 kB
VmallocTotal:   263061440 kB
VmallocUsed:      106568 kB
VmallocChunk:          0 kB
Percpu:             7648 kB
CmaTotal:         294912 kB
CmaFree:              20 kB
MemTotal:       12113132 kB
MemFree:         6478232 kB
MemAvailable:    7782600 kB
Buffers:            4788 kB
Cached:          1646476 kB
SwapCached:            0 kB
Active:          1503644 kB
Inactive:        1463560 kB
Active(anon):    1322356 kB
Inactive(anon):    23868 kB
Active(file):     181288 kB
Inactive(file):  1439692 kB
Unevictable:        5532 kB
Mlocked:            5532 kB
SwapTotal:       3145724 kB
SwapFree:        3145724 kB
Dirty:               444 kB
Writeback:             0 kB
AnonPages:       1321656 kB
Mapped:           872728 kB
Shmem:             25804 kB
KReclaimable:     552092 kB
Slab:             219720 kB
SReclaimable:      71568 kB
SUnreclaim:       148152 kB
KernelStack:       49184 kB
PageTables:        67480 kB
NFS_Unstable:          0 kB
Bounce:                0 kB
WritebackTmp:          0 kB
CommitLimit:     9202288 kB
Committed_AS:   75016936 kB
VmallocTotal:   263061440 kB
VmallocUsed:      106456 kB
VmallocChunk:          0 kB
Percpu:             7648 kB
CmaTotal:         294912 kB
CmaFree:               0 kB
MemTotal:       12113132 kB
MemFree:         6476936 kB
MemAvailable:    7781316 kB
Buffers:            4788 kB
Cached:          1646488 kB
SwapCached:            0 kB
Active:          1503896 kB
Inactive:        1463564 kB
Active(anon):    1322600 kB
Inactive(anon):    23868 kB
Active(file):     181296 kB
Inactive(file):  1439696 kB
Unevictable:        5532 kB
Mlocked:            5532 kB
SwapTotal:       3145724 kB
SwapFree:        3145724 kB
Dirty:               456 kB
Writeback:             0 kB
AnonPages:       1321384 kB
Mapped:           872696 kB
Shmem:             25804 kB
KReclaimable:     552092 kB
Slab:             219720 kB
SReclaimable:      71568 kB
SUnreclaim:       148152 kB
KernelStack:       49136 kB
PageTables:        67396 kB
NFS_Unstable:          0 kB
Bounce:                0 kB
WritebackTmp:          0 kB
CommitLimit:     9202288 kB
Committed_AS:   75017288 kB
VmallocTotal:   263061440 kB
VmallocUsed:      106392 kB
VmallocChunk:          0 kB
Percpu:             7648 kB
CmaTotal:         294912 kB
CmaFree:               0 kB
MemTotal:       12113132 kB
MemFree:         6477324 kB
MemAvailable:    7781724 kB
Buffers:            4788 kB
Cached:          1646504 kB
SwapCached:            0 kB
Active:          1504380 kB
Inactive:        1463580 kB
Active(anon):    1323084 kB
Inactive(anon):    23868 kB
Active(file):     181296 kB
Inactive(file):  1439712 kB
Unevictable:        5532 kB
Mlocked:            5532 kB
SwapTotal:       3145724 kB
SwapFree:        3145724 kB
Dirty:               224 kB
Writeback:             0 kB
AnonPages:       1322372 kB
Mapped:           872744 kB
Shmem:             25804 kB
KReclaimable:     552096 kB
Slab:             219724 kB
SReclaimable:      71572 kB
SUnreclaim:       148152 kB
KernelStack:       48992 kB
PageTables:        67404 kB
NFS_Unstable:          0 kB
Bounce:                0 kB
WritebackTmp:          0 kB
CommitLimit:     9202288 kB
Committed_AS:   75021140 kB
VmallocTotal:   263061440 kB
VmallocUsed:      106264 kB
VmallocChunk:          0 kB
Percpu:             7648 kB
CmaTotal:         294912 kB
CmaFree:               0 kB
MemTotal:       12113132 kB
MemFree:         6476500 kB
MemAvailable:    7780908 kB
Buffers:            4788 kB
Cached:          1646512 kB
SwapCached:            0 kB
Active:          1504916 kB
Inactive:        1463588 kB
Active(anon):    1323620 kB
Inactive(anon):    23868 kB
Active(file):     181296 kB
Inactive(file):  1439720 kB
Unevictable:        5532 kB
Mlocked:            5532 kB
SwapTotal:       3145724 kB
SwapFree:        3145724 kB
Dirty:               196 kB
Writeback:             0 kB
AnonPages:       1322728 kB
Mapped:           872748 kB
Shmem:             25804 kB
KReclaimable:     552096 kB
Slab:             219708 kB
SReclaimable:      71572 kB
SUnreclaim:       148136 kB
KernelStack:       49072 kB
PageTables:        67504 kB
NFS_Unstable:          0 kB
Bounce:                0 kB
WritebackTmp:          0 kB
CommitLimit:     9202288 kB
Committed_AS:   75022060 kB
VmallocTotal:   263061440 kB
VmallocUsed:      106232 kB
VmallocChunk:          0 kB
Percpu:             7648 kB
CmaTotal:         294912 kB
CmaFree:               0 kB
MemTotal:       12113132 kB
MemFree:         6476684 kB
MemAvailable:    7781100 kB
Buffers:            4788 kB
Cached:          1646520 kB
SwapCached:            0 kB
Active:          1506428 kB
Inactive:        1463596 kB
Active(anon):    1325132 kB
Inactive(anon):    23868 kB
Active(file):     181296 kB
Inactive(file):  1439728 kB
Unevictable:        5532 kB
Mlocked:            5532 kB
SwapTotal:       3145724 kB
SwapFree:        3145724 kB
Dirty:               224 kB
Writeback:             0 kB
AnonPages:       1323652 kB
Mapped:           872716 kB
Shmem:             25804 kB
KReclaimable:     552096 kB
Slab:             219700 kB
SReclaimable:      71572 kB
SUnreclaim:       148128 kB
KernelStack:       49024 kB
PageTables:        67400 kB
NFS_Unstable:          0 kB
Bounce:                0 kB
WritebackTmp:          0 kB
CommitLimit:     9202288 kB
Committed_AS:   75017264 kB
VmallocTotal:   263061440 kB
VmallocUsed:      106264 kB
VmallocChunk:          0 kB
Percpu:             7648 kB
CmaTotal:         294912 kB
CmaFree:               0 kB
MemTotal:       12113132 kB
MemFree:         6475124 kB
MemAvailable:    7779568 kB
Buffers:            4788 kB
Cached:          1646552 kB
SwapCached:            0 kB
Active:          1506244 kB
Inactive:        1463620 kB
Active(anon):    1324944 kB
Inactive(anon):    23868 kB
Active(file):     181300 kB
Inactive(file):  1439752 kB
Unevictable:        5532 kB
Mlocked:            5532 kB
SwapTotal:       3145724 kB
SwapFree:        3145724 kB
Dirty:               304 kB
Writeback:             0 kB
AnonPages:       1324088 kB
Mapped:           872732 kB
Shmem:             25804 kB
KReclaimable:     552096 kB
Slab:             219716 kB
SReclaimable:      71572 kB
SUnreclaim:       148144 kB
KernelStack:       49024 kB
PageTables:        67380 kB
NFS_Unstable:          0 kB
Bounce:                0 kB
WritebackTmp:          0 kB
CommitLimit:     9202288 kB
Committed_AS:   74991520 kB
VmallocTotal:   263061440 kB
VmallocUsed:      106168 kB
VmallocChunk:          0 kB
Percpu:             7648 kB
CmaTotal:         294912 kB
CmaFree:               0 kB
MemTotal:       12113132 kB
MemFree:         6464532 kB
MemAvailable:    7768992 kB
Buffers:            4788 kB
Cached:          1646568 kB
SwapCached:            0 kB
Active:          1520016 kB
Inactive:        1463640 kB
Active(anon):    1338716 kB
Inactive(anon):    23872 kB
Active(file):     181300 kB
Inactive(file):  1439768 kB
Unevictable:        5532 kB
Mlocked:            5532 kB
SwapTotal:       3145724 kB
SwapFree:        3145724 kB
Dirty:               320 kB
Writeback:             0 kB
AnonPages:       1337616 kB
Mapped:           872872 kB
Shmem:             25808 kB
KReclaimable:     552096 kB
Slab:             219716 kB
SReclaimable:      71572 kB
SUnreclaim:       148144 kB
KernelStack:       49088 kB
PageTables:        67492 kB
NFS_Unstable:          0 kB
Bounce:                0 kB
WritebackTmp:          0 kB
CommitLimit:     9202288 kB
Committed_AS:   75003348 kB
VmallocTotal:   263061440 kB
VmallocUsed:      106248 kB
VmallocChunk:          0 kB
Percpu:             7648 kB
CmaTotal:         294912 kB
CmaFree:              44 kB
MemTotal:       12113132 kB
MemFree:         6446956 kB
MemAvailable:    7751424 kB
Buffers:            4788 kB
Cached:          1646580 kB
SwapCached:            0 kB
Active:          1535436 kB
Inactive:        1463652 kB
Active(anon):    1354136 kB
Inactive(anon):    23876 kB
Active(file):     181300 kB
Inactive(file):  1439776 kB
Unevictable:        5532 kB
Mlocked:            5532 kB
SwapTotal:       3145724 kB
SwapFree:        3145724 kB
Dirty:               364 kB
Writeback:             0 kB
AnonPages:       1353532 kB
Mapped:           872736 kB
Shmem:             25812 kB
KReclaimable:     552096 kB
Slab:             219684 kB
SReclaimable:      71572 kB
SUnreclaim:       148112 kB
KernelStack:       49072 kB
PageTables:        67432 kB
NFS_Unstable:          0 kB
Bounce:                0 kB
WritebackTmp:          0 kB
CommitLimit:     9202288 kB
Committed_AS:   75018048 kB
VmallocTotal:   263061440 kB
VmallocUsed:      106216 kB
VmallocChunk:          0 kB
Percpu:             7648 kB
CmaTotal:         294912 kB
CmaFree:               0 kB
MemTotal:       12113132 kB
MemFree:         6446480 kB
MemAvailable:    7750964 kB
Buffers:            4788 kB
Cached:          1646600 kB
SwapCached:            0 kB
Active:          1536560 kB
Inactive:        1463672 kB
Active(anon):    1355260 kB
Inactive(anon):    23880 kB
Active(file):     181300 kB
Inactive(file):  1439792 kB
Unevictable:        5532 kB
Mlocked:            5532 kB
SwapTotal:       3145724 kB
SwapFree:        3145724 kB
Dirty:               288 kB
Writeback:             0 kB
AnonPages:       1354616 kB
Mapped:           872792 kB
Shmem:             25816 kB
KReclaimable:     552096 kB
Slab:             219684 kB
SReclaimable:      71572 kB
SUnreclaim:       148112 kB
KernelStack:       48960 kB
PageTables:        67260 kB
NFS_Unstable:          0 kB
Bounce:                0 kB
WritebackTmp:          0 kB
CommitLimit:     9202288 kB
Committed_AS:   75014692 kB
VmallocTotal:   263061440 kB
VmallocUsed:      106184 kB
VmallocChunk:          0 kB
Percpu:             7648 kB
CmaTotal:         294912 kB
CmaFree:               0 kB
MemTotal:       12113132 kB
MemFree:         6440308 kB
MemAvailable:    7744800 kB
Buffers:            4788 kB
Cached:          1646452 kB
SwapCached:            0 kB
Active:          1542476 kB
Inactive:        1463492 kB
Active(anon):    1361176 kB
Inactive(anon):    23692 kB
Active(file):     181300 kB
Inactive(file):  1439800 kB
Unevictable:        5532 kB
Mlocked:            5532 kB
SwapTotal:       3145724 kB
SwapFree:        3145724 kB
Dirty:               296 kB
Writeback:             0 kB
AnonPages:       1360100 kB
Mapped:           872552 kB
Shmem:             25660 kB
KReclaimable:     552096 kB
Slab:             219684 kB
SReclaimable:      71572 kB
SUnreclaim:       148112 kB
KernelStack:       49024 kB
PageTables:        67532 kB
NFS_Unstable:          0 kB
Bounce:                0 kB
WritebackTmp:          0 kB
CommitLimit:     9202288 kB
Committed_AS:   75021300 kB
VmallocTotal:   263061440 kB
VmallocUsed:      106136 kB
VmallocChunk:          0 kB
Percpu:             7648 kB
CmaTotal:         294912 kB
CmaFree:              24 kB
MemTotal:       12113132 kB
MemFree:         6439256 kB
MemAvailable:    7743764 kB
Buffers:            4788 kB
Cached:          1646624 kB
SwapCached:            0 kB
Active:          1543396 kB
Inactive:        1463692 kB
Active(anon):    1362092 kB
Inactive(anon):    23880 kB
Active(file):     181304 kB
Inactive(file):  1439812 kB
Unevictable:        5532 kB
Mlocked:            5532 kB
SwapTotal:       3145724 kB
SwapFree:        3145724 kB
Dirty:               316 kB
Writeback:             0 kB
AnonPages:       1361316 kB
Mapped:           872728 kB
Shmem:             25816 kB
KReclaimable:     552096 kB
Slab:             219684 kB
SReclaimable:      71572 kB
SUnreclaim:       148112 kB
KernelStack:       48960 kB
PageTables:        67524 kB
NFS_Unstable:          0 kB
Bounce:                0 kB
WritebackTmp:          0 kB
CommitLimit:     9202288 kB
Committed_AS:   75016164 kB
VmallocTotal:   263061440 kB
VmallocUsed:      106152 kB
VmallocChunk:          0 kB
Percpu:             7648 kB
CmaTotal:         294912 kB
CmaFree:               0 kB
MemTotal:       12113132 kB
MemFree:         6437712 kB
MemAvailable:    7742256 kB
Buffers:            4792 kB
Cached:          1646664 kB
SwapCached:            0 kB
Active:          1544724 kB
Inactive:        1463728 kB
Active(anon):    1363412 kB
Inactive(anon):    23888 kB
Active(file):     181312 kB
Inactive(file):  1439840 kB
Unevictable:        5532 kB
Mlocked:            5532 kB
SwapTotal:       3145724 kB
SwapFree:        3145724 kB
Dirty:               328 kB
Writeback:             0 kB
AnonPages:       1362648 kB
Mapped:           872772 kB
Shmem:             25824 kB
KReclaimable:     552096 kB
Slab:             219684 kB
SReclaimable:      71572 kB
SUnreclaim:       148112 kB
KernelStack:       48976 kB
PageTables:        67444 kB
NFS_Unstable:          0 kB
Bounce:                0 kB
WritebackTmp:          0 kB
CommitLimit:     9202288 kB
Committed_AS:   75016872 kB
VmallocTotal:   263061440 kB
VmallocUsed:      106136 kB
VmallocChunk:          0 kB
Percpu:             7648 kB
CmaTotal:         294912 kB
CmaFree:               0 kB
MemTotal:       12113132 kB
MemFree:         6436864 kB
MemAvailable:    7741416 kB
Buffers:            4792 kB
Cached:          1646672 kB
SwapCached:            0 kB
Active:          1544952 kB
Inactive:        1463736 kB
Active(anon):    1363640 kB
Inactive(anon):    23888 kB
Active(file):     181312 kB
Inactive(file):  1439848 kB
Unevictable:        5532 kB
Mlocked:            5532 kB
SwapTotal:       3145724 kB
SwapFree:        3145724 kB
Dirty:               368 kB
Writeback:             0 kB
AnonPages:       1362844 kB
Mapped:           872748 kB
Shmem:             25824 kB
KReclaimable:     552096 kB
Slab:             219692 kB
SReclaimable:      71572 kB
SUnreclaim:       148120 kB
KernelStack:       48944 kB
PageTables:        67404 kB
NFS_Unstable:          0 kB
Bounce:                0 kB
WritebackTmp:          0 kB
CommitLimit:     9202288 kB
Committed_AS:   75016700 kB
VmallocTotal:   263061440 kB
VmallocUsed:      106152 kB
VmallocChunk:          0 kB
Percpu:             7648 kB
CmaTotal:         294912 kB
CmaFree:               0 kB
MemTotal:       12113132 kB
MemFree:         6435608 kB
MemAvailable:    7740168 kB
Buffers:            4792 kB
Cached:          1646680 kB
SwapCached:            0 kB
Active:          1545296 kB
Inactive:        1463744 kB
Active(anon):    1363984 kB
Inactive(anon):    23888 kB
Active(file):     181312 kB
Inactive(file):  1439856 kB
Unevictable:        5532 kB
Mlocked:            5532 kB
SwapTotal:       3145724 kB
SwapFree:        3145724 kB
Dirty:               252 kB
Writeback:             0 kB
AnonPages:       1363208 kB
Mapped:           872772 kB
Shmem:             25824 kB
KReclaimable:     552096 kB
Slab:             219692 kB
SReclaimable:      71572 kB
SUnreclaim:       148120 kB
KernelStack:       48896 kB
PageTables:        67400 kB
NFS_Unstable:          0 kB
Bounce:                0 kB
WritebackTmp:          0 kB
CommitLimit:     9202288 kB
Committed_AS:   75015040 kB
VmallocTotal:   263061440 kB
VmallocUsed:      106104 kB
VmallocChunk:          0 kB
Percpu:             7648 kB
CmaTotal:         294912 kB
CmaFree:               0 kB
MemTotal:       12113132 kB
MemFree:         6449016 kB
MemAvailable:    7753596 kB
Buffers:            4792 kB
Cached:          1646700 kB
SwapCached:            0 kB
Active:          1531588 kB
Inactive:        1463764 kB
Active(anon):    1350276 kB
Inactive(anon):    23888 kB
Active(file):     181312 kB
Inactive(file):  1439876 kB
Unevictable:        5532 kB
Mlocked:            5532 kB
SwapTotal:       3145724 kB
SwapFree:        3145724 kB
Dirty:               304 kB
Writeback:             0 kB
AnonPages:       1349640 kB
Mapped:           872744 kB
Shmem:             25824 kB
KReclaimable:     552096 kB
Slab:             219724 kB
SReclaimable:      71572 kB
SUnreclaim:       148152 kB
KernelStack:       48912 kB
PageTables:        67356 kB
NFS_Unstable:          0 kB
Bounce:                0 kB
WritebackTmp:          0 kB
CommitLimit:     9202288 kB
Committed_AS:   75021136 kB
VmallocTotal:   263061440 kB
VmallocUsed:      106152 kB
VmallocChunk:          0 kB
Percpu:             7648 kB
CmaTotal:         294912 kB
CmaFree:               0 kB
MemTotal:       12113132 kB
MemFree:         6445664 kB
MemAvailable:    7750248 kB
Buffers:            4792 kB
Cached:          1646704 kB
SwapCached:            0 kB
Active:          1536752 kB
Inactive:        1463764 kB
Active(anon):    1355436 kB
Inactive(anon):    23888 kB
Active(file):     181316 kB
Inactive(file):  1439876 kB
Unevictable:        5532 kB
Mlocked:            5532 kB
SwapTotal:       3145724 kB
SwapFree:        3145724 kB
Dirty:               308 kB
Writeback:             0 kB
AnonPages:       1354388 kB
Mapped:           872756 kB
Shmem:             25824 kB
KReclaimable:     552096 kB
Slab:             219692 kB
SReclaimable:      71572 kB
SUnreclaim:       148120 kB
KernelStack:       48864 kB
PageTables:        67480 kB
NFS_Unstable:          0 kB
Bounce:                0 kB
WritebackTmp:          0 kB
CommitLimit:     9202288 kB
Committed_AS:   75014048 kB
VmallocTotal:   263061440 kB
VmallocUsed:      106120 kB
VmallocChunk:          0 kB
Percpu:             7648 kB
CmaTotal:         294912 kB
CmaFree:              40 kB
MemTotal:       12113132 kB
MemFree:         6448096 kB
MemAvailable:    7752692 kB
Buffers:            4792 kB
Cached:          1646940 kB
SwapCached:            0 kB
Active:          1532868 kB
Inactive:        1463776 kB
Active(anon):    1351552 kB
Inactive(anon):    23888 kB
Active(file):     181316 kB
Inactive(file):  1439888 kB
Unevictable:        5532 kB
Mlocked:            5532 kB
SwapTotal:       3145724 kB
SwapFree:        3145724 kB
Dirty:               328 kB
Writeback:             0 kB
AnonPages:       1350708 kB
Mapped:           872752 kB
Shmem:             26048 kB
KReclaimable:     552096 kB
Slab:             219752 kB
SReclaimable:      71572 kB
SUnreclaim:       148180 kB
KernelStack:       48864 kB
PageTables:        67408 kB
NFS_Unstable:          0 kB
Bounce:                0 kB
WritebackTmp:          0 kB
CommitLimit:     9202288 kB
Committed_AS:   75015548 kB
VmallocTotal:   263061440 kB
VmallocUsed:      106120 kB
VmallocChunk:          0 kB
Percpu:             7648 kB
CmaTotal:         294912 kB
CmaFree:              36 kB
MemTotal:       12113132 kB
MemFree:         6447964 kB
MemAvailable:    7752560 kB
Buffers:            4792 kB
Cached:          1646716 kB
SwapCached:            0 kB
Active:          1534016 kB
Inactive:        1463780 kB
Active(anon):    1352704 kB
Inactive(anon):    23888 kB
Active(file):     181312 kB
Inactive(file):  1439892 kB
Unevictable:        5532 kB
Mlocked:            5532 kB
SwapTotal:       3145724 kB
SwapFree:        3145724 kB
Dirty:               340 kB
Writeback:             0 kB
AnonPages:       1352048 kB
Mapped:           872824 kB
Shmem:             25824 kB
KReclaimable:     552096 kB
Slab:             219680 kB
SReclaimable:      71572 kB
SUnreclaim:       148108 kB
KernelStack:       48860 kB
PageTables:        67516 kB
NFS_Unstable:          0 kB
Bounce:                0 kB
WritebackTmp:          0 kB
CommitLimit:     9202288 kB
Committed_AS:   75013148 kB
VmallocTotal:   263061440 kB
VmallocUsed:      106040 kB
VmallocChunk:          0 kB
Percpu:             7648 kB
CmaTotal:         294912 kB
CmaFree:               0 kB
MemTotal:       12113132 kB
MemFree:         6447568 kB
MemAvailable:    7752184 kB
Buffers:            4792 kB
Cached:          1646648 kB
SwapCached:            0 kB
Active:          1534528 kB
Inactive:        1463708 kB
Active(anon):    1353212 kB
Inactive(anon):    23800 kB
Active(file):     181316 kB
Inactive(file):  1439908 kB
Unevictable:        5532 kB
Mlocked:            5532 kB
SwapTotal:       3145724 kB
SwapFree:        3145724 kB
Dirty:               356 kB
Writeback:             0 kB
AnonPages:       1352620 kB
Mapped:           872672 kB
Shmem:             25736 kB
KReclaimable:     552096 kB
Slab:             219728 kB
SReclaimable:      71572 kB
SUnreclaim:       148156 kB
KernelStack:       48768 kB
PageTables:        67212 kB
NFS_Unstable:          0 kB
Bounce:                0 kB
WritebackTmp:          0 kB
CommitLimit:     9202288 kB
Committed_AS:   75025728 kB
VmallocTotal:   263061440 kB
VmallocUsed:      106056 kB
VmallocChunk:          0 kB
Percpu:             7648 kB
CmaTotal:         294912 kB
CmaFree:              24 kB
MemTotal:       12113132 kB
MemFree:         6446740 kB
MemAvailable:    7751368 kB
Buffers:            4792 kB
Cached:          1646752 kB
SwapCached:            0 kB
Active:          1534996 kB
Inactive:        1463812 kB
Active(anon):    1353680 kB
Inactive(anon):    23892 kB
Active(file):     181316 kB
Inactive(file):  1439920 kB
Unevictable:        5532 kB
Mlocked:            5532 kB
SwapTotal:       3145724 kB
SwapFree:        3145724 kB
Dirty:               368 kB
Writeback:             0 kB
AnonPages:       1352768 kB
Mapped:           872768 kB
Shmem:             25828 kB
KReclaimable:     552096 kB
Slab:             219672 kB
SReclaimable:      71572 kB
SUnreclaim:       148100 kB
KernelStack:       48832 kB
PageTables:        67364 kB
NFS_Unstable:          0 kB
Bounce:                0 kB
WritebackTmp:          0 kB
CommitLimit:     9202288 kB
Committed_AS:   75025600 kB
VmallocTotal:   263061440 kB
VmallocUsed:      106056 kB
VmallocChunk:          0 kB
Percpu:             7648 kB
CmaTotal:         294912 kB
CmaFree:               0 kB
MemTotal:       12113132 kB
MemFree:         6446304 kB
MemAvailable:    7750960 kB
Buffers:            4792 kB
Cached:          1646780 kB
SwapCached:            0 kB
Active:          1535528 kB
Inactive:        1463840 kB
Active(anon):    1354212 kB
Inactive(anon):    23892 kB
Active(file):     181316 kB
Inactive(file):  1439948 kB
Unevictable:        5532 kB
Mlocked:            5532 kB
SwapTotal:       3145724 kB
SwapFree:        3145724 kB
Dirty:               420 kB
Writeback:             0 kB
AnonPages:       1353564 kB
Mapped:           872744 kB
Shmem:             25828 kB
KReclaimable:     552096 kB
Slab:             219672 kB
SReclaimable:      71572 kB
SUnreclaim:       148100 kB
KernelStack:       48864 kB
PageTables:        67440 kB
NFS_Unstable:          0 kB
Bounce:                0 kB
WritebackTmp:          0 kB
CommitLimit:     9202288 kB
Committed_AS:   75024756 kB
VmallocTotal:   263061440 kB
VmallocUsed:      106072 kB
VmallocChunk:          0 kB
Percpu:             7648 kB
CmaTotal:         294912 kB
CmaFree:               4 kB
MemTotal:       12113132 kB
MemFree:         6445412 kB
MemAvailable:    7750084 kB
Buffers:            4792 kB
Cached:          1646800 kB
SwapCached:            0 kB
Active:          1536112 kB
Inactive:        1463856 kB
Active(anon):    1354792 kB
Inactive(anon):    23896 kB
Active(file):     181320 kB
Inactive(file):  1439960 kB
Unevictable:        5532 kB
Mlocked:            5532 kB
SwapTotal:       3145724 kB
SwapFree:        3145724 kB
Dirty:               436 kB
Writeback:             0 kB
AnonPages:       1354116 kB
Mapped:           872732 kB
Shmem:             25832 kB
KReclaimable:     552096 kB
Slab:             219680 kB
SReclaimable:      71572 kB
SUnreclaim:       148108 kB
KernelStack:       48848 kB
PageTables:        67248 kB
NFS_Unstable:          0 kB
Bounce:                0 kB
WritebackTmp:          0 kB
CommitLimit:     9202288 kB
Committed_AS:   75007392 kB
VmallocTotal:   263061440 kB
VmallocUsed:      106072 kB
VmallocChunk:          0 kB
Percpu:             7648 kB
CmaTotal:         294912 kB
CmaFree:               0 kB
MemTotal:       12113132 kB
MemFree:         6444348 kB
MemAvailable:    7749032 kB
Buffers:            4792 kB
Cached:          1646812 kB
SwapCached:            0 kB
Active:          1537764 kB
Inactive:        1463872 kB
Active(anon):    1356448 kB
Inactive(anon):    23896 kB
Active(file):     181316 kB
Inactive(file):  1439976 kB
Unevictable:        5532 kB
Mlocked:            5532 kB
SwapTotal:       3145724 kB
SwapFree:        3145724 kB
Dirty:               448 kB
Writeback:             0 kB
AnonPages:       1355204 kB
Mapped:           872764 kB
Shmem:             25832 kB
KReclaimable:     552096 kB
Slab:             219680 kB
SReclaimable:      71572 kB
SUnreclaim:       148108 kB
KernelStack:       48880 kB
PageTables:        67572 kB
NFS_Unstable:          0 kB
Bounce:                0 kB
WritebackTmp:          0 kB
CommitLimit:     9202288 kB
Committed_AS:   75011756 kB
VmallocTotal:   263061440 kB
VmallocUsed:      106024 kB
VmallocChunk:          0 kB
Percpu:             7648 kB
CmaTotal:         294912 kB
CmaFree:               0 kB
MemTotal:       12113132 kB
MemFree:         6443840 kB
MemAvailable:    7748532 kB
Buffers:            4792 kB
Cached:          1646820 kB
SwapCached:            0 kB
Active:          1537984 kB
Inactive:        1463876 kB
Active(anon):    1356664 kB
Inactive(anon):    23896 kB
Active(file):     181320 kB
Inactive(file):  1439980 kB
Unevictable:        5532 kB
Mlocked:            5532 kB
SwapTotal:       3145724 kB
SwapFree:        3145724 kB
Dirty:               468 kB
Writeback:             0 kB
AnonPages:       1356012 kB
Mapped:           872744 kB
Shmem:             25832 kB
KReclaimable:     552096 kB
Slab:             219680 kB
SReclaimable:      71572 kB
SUnreclaim:       148108 kB
KernelStack:       48896 kB
PageTables:        67308 kB
NFS_Unstable:          0 kB
Bounce:                0 kB
WritebackTmp:          0 kB
CommitLimit:     9202288 kB
Committed_AS:   75006332 kB
VmallocTotal:   263061440 kB
VmallocUsed:      106040 kB
VmallocChunk:          0 kB
Percpu:             7648 kB
CmaTotal:         294912 kB
CmaFree:               0 kB
MemTotal:       12113132 kB
MemFree:         6443168 kB
MemAvailable:    7747880 kB
Buffers:            4792 kB
Cached:          1646840 kB
SwapCached:            0 kB
Active:          1539308 kB
Inactive:        1463892 kB
Active(anon):    1357984 kB
Inactive(anon):    23896 kB
Active(file):     181324 kB
Inactive(file):  1439996 kB
Unevictable:        5532 kB
Mlocked:            5532 kB
SwapTotal:       3145724 kB
SwapFree:        3145724 kB
Dirty:               484 kB
Writeback:             0 kB
AnonPages:       1356772 kB
Mapped:           872748 kB
Shmem:             25832 kB
KReclaimable:     552096 kB
Slab:             219680 kB
SReclaimable:      71572 kB
SUnreclaim:       148108 kB
KernelStack:       48864 kB
PageTables:        67432 kB
NFS_Unstable:          0 kB
Bounce:                0 kB
WritebackTmp:          0 kB
CommitLimit:     9202288 kB
Committed_AS:   75010920 kB
VmallocTotal:   263061440 kB
VmallocUsed:      106040 kB
VmallocChunk:          0 kB
Percpu:             7648 kB
CmaTotal:         294912 kB
CmaFree:               0 kB
MemTotal:       12113132 kB
MemFree:         6442436 kB
MemAvailable:    7747144 kB
Buffers:            4792 kB
Cached:          1646836 kB
SwapCached:            0 kB
Active:          1539668 kB
Inactive:        1463892 kB
Active(anon):    1358348 kB
Inactive(anon):    23896 kB
Active(file):     181320 kB
Inactive(file):  1439996 kB
Unevictable:        5532 kB
Mlocked:            5532 kB
SwapTotal:       3145724 kB
SwapFree:        3145724 kB
Dirty:               536 kB
Writeback:             0 kB
AnonPages:       1357408 kB
Mapped:           872964 kB
Shmem:             25832 kB
KReclaimable:     552096 kB
Slab:             219680 kB
SReclaimable:      71572 kB
SUnreclaim:       148108 kB
KernelStack:       48864 kB
PageTables:        67524 kB
NFS_Unstable:          0 kB
Bounce:                0 kB
WritebackTmp:          0 kB
CommitLimit:     9202288 kB
Committed_AS:   75000540 kB
VmallocTotal:   263061440 kB
VmallocUsed:      106056 kB
VmallocChunk:          0 kB
Percpu:             7648 kB
CmaTotal:         294912 kB
CmaFree:               0 kB
MemTotal:       12113132 kB
MemFree:         6441316 kB
MemAvailable:    7746052 kB
Buffers:            4796 kB
Cached:          1646864 kB
SwapCached:            0 kB
Active:          1540328 kB
Inactive:        1463920 kB
Active(anon):    1359004 kB
Inactive(anon):    23900 kB
Active(file):     181324 kB
Inactive(file):  1440020 kB
Unevictable:        5532 kB
Mlocked:            5532 kB
SwapTotal:       3145724 kB
SwapFree:        3145724 kB
Dirty:               592 kB
Writeback:             0 kB
AnonPages:       1358096 kB
Mapped:           872760 kB
Shmem:             25836 kB
KReclaimable:     552096 kB
Slab:             219672 kB
SReclaimable:      71572 kB
SUnreclaim:       148100 kB
KernelStack:       48848 kB
PageTables:        67512 kB
NFS_Unstable:          0 kB
Bounce:                0 kB
WritebackTmp:          0 kB
CommitLimit:     9202288 kB
Committed_AS:   75004716 kB
VmallocTotal:   263061440 kB
VmallocUsed:      106040 kB
VmallocChunk:          0 kB
Percpu:             7648 kB
CmaTotal:         294912 kB
CmaFree:               0 kB
MemTotal:       12113132 kB
MemFree:         6441084 kB
MemAvailable:    7745844 kB
Buffers:            4796 kB
Cached:          1646888 kB
SwapCached:            0 kB
Active:          1541196 kB
Inactive:        1463936 kB
Active(anon):    1359864 kB
Inactive(anon):    23900 kB
Active(file):     181332 kB
Inactive(file):  1440036 kB
Unevictable:        5532 kB
Mlocked:            5532 kB
SwapTotal:       3145724 kB
SwapFree:        3145724 kB
Dirty:               572 kB
Writeback:             0 kB
AnonPages:       1358868 kB
Mapped:           872768 kB
Shmem:             25836 kB
KReclaimable:     552096 kB
Slab:             219680 kB
SReclaimable:      71572 kB
SUnreclaim:       148108 kB
KernelStack:       48848 kB
PageTables:        67400 kB
NFS_Unstable:          0 kB
Bounce:                0 kB
WritebackTmp:          0 kB
CommitLimit:     9202288 kB
Committed_AS:   75012452 kB
VmallocTotal:   263061440 kB
VmallocUsed:      106056 kB
VmallocChunk:          0 kB
Percpu:             7648 kB
CmaTotal:         294912 kB
CmaFree:               0 kB
MemTotal:       12113132 kB
MemFree:         6440512 kB
MemAvailable:    7745284 kB
Buffers:            4796 kB
Cached:          1646912 kB
SwapCached:            0 kB
Active:          1541632 kB
Inactive:        1463960 kB
Active(anon):    1360300 kB
Inactive(anon):    23912 kB
Active(file):     181332 kB
Inactive(file):  1440048 kB
Unevictable:        5532 kB
Mlocked:            5532 kB
SwapTotal:       3145724 kB
SwapFree:        3145724 kB
Dirty:               588 kB
Writeback:             0 kB
AnonPages:       1359640 kB
Mapped:           872768 kB
Shmem:             25848 kB
KReclaimable:     552096 kB
Slab:             219672 kB
SReclaimable:      71572 kB
SUnreclaim:       148100 kB
KernelStack:       48896 kB
PageTables:        67440 kB
NFS_Unstable:          0 kB
Bounce:                0 kB
WritebackTmp:          0 kB
CommitLimit:     9202288 kB
Committed_AS:   74998496 kB
VmallocTotal:   263061440 kB
VmallocUsed:      106056 kB
VmallocChunk:          0 kB
Percpu:             7648 kB
CmaTotal:         294912 kB
CmaFree:               4 kB
MemTotal:       12113132 kB
MemFree:         6470988 kB
MemAvailable:    7775772 kB
Buffers:            4796 kB
Cached:          1646924 kB
SwapCached:            0 kB
Active:          1510068 kB
Inactive:        1463972 kB
Active(anon):    1328736 kB
Inactive(anon):    23912 kB
Active(file):     181332 kB
Inactive(file):  1440060 kB
Unevictable:        5532 kB
Mlocked:            5532 kB
SwapTotal:       3145724 kB
SwapFree:        3145724 kB
Dirty:               612 kB
Writeback:             0 kB
AnonPages:       1328080 kB
Mapped:           872772 kB
Shmem:             25848 kB
KReclaimable:     552096 kB
Slab:             219672 kB
SReclaimable:      71572 kB
SUnreclaim:       148100 kB
KernelStack:       48864 kB
PageTables:        67388 kB
NFS_Unstable:          0 kB
Bounce:                0 kB
WritebackTmp:          0 kB
CommitLimit:     9202288 kB
Committed_AS:   75008028 kB
VmallocTotal:   263061440 kB
VmallocUsed:      106056 kB
VmallocChunk:          0 kB
Percpu:             7648 kB
CmaTotal:         294912 kB
CmaFree:               0 kB
MemTotal:       12113132 kB
MemFree:         6470976 kB
MemAvailable:    7775772 kB
Buffers:            4796 kB
Cached:          1646936 kB
SwapCached:            0 kB
Active:          1510540 kB
Inactive:        1463988 kB
Active(anon):    1329212 kB
Inactive(anon):    23912 kB
Active(file):     181328 kB
Inactive(file):  1440076 kB
Unevictable:        5532 kB
Mlocked:            5532 kB
SwapTotal:       3145724 kB
SwapFree:        3145724 kB
Dirty:               628 kB
Writeback:             0 kB
AnonPages:       1327864 kB
Mapped:           872780 kB
Shmem:             25848 kB
KReclaimable:     552096 kB
Slab:             219672 kB
SReclaimable:      71572 kB
SUnreclaim:       148100 kB
KernelStack:       48880 kB
PageTables:        67464 kB
NFS_Unstable:          0 kB
Bounce:                0 kB
WritebackTmp:          0 kB
CommitLimit:     9202288 kB
Committed_AS:   75008008 kB
VmallocTotal:   263061440 kB
VmallocUsed:      106072 kB
VmallocChunk:          0 kB
Percpu:             7648 kB
CmaTotal:         294912 kB
CmaFree:               0 kB
MemTotal:       12113132 kB
MemFree:         6470836 kB
MemAvailable:    7775644 kB
Buffers:            4796 kB
Cached:          1646948 kB
SwapCached:            0 kB
Active:          1511916 kB
Inactive:        1464000 kB
Active(anon):    1330588 kB
Inactive(anon):    23912 kB
Active(file):     181328 kB
Inactive(file):  1440088 kB
Unevictable:        5532 kB
Mlocked:            5532 kB
SwapTotal:       3145724 kB
SwapFree:        3145724 kB
Dirty:               672 kB
Writeback:             0 kB
AnonPages:       1329684 kB
Mapped:           872888 kB
Shmem:             25848 kB
KReclaimable:     552096 kB
Slab:             219680 kB
SReclaimable:      71572 kB
SUnreclaim:       148108 kB
KernelStack:       48880 kB
PageTables:        67436 kB
NFS_Unstable:          0 kB
Bounce:                0 kB
WritebackTmp:          0 kB
CommitLimit:     9202288 kB
Committed_AS:   74999252 kB
VmallocTotal:   263061440 kB
VmallocUsed:      106024 kB
VmallocChunk:          0 kB
Percpu:             7648 kB
CmaTotal:         294912 kB
CmaFree:               0 kB
MemTotal:       12113132 kB
MemFree:         6469380 kB
MemAvailable:    7774200 kB
Buffers:            4796 kB
Cached:          1646960 kB
SwapCached:            0 kB
Active:          1512400 kB
Inactive:        1464008 kB
Active(anon):    1331068 kB
Inactive(anon):    23912 kB
Active(file):     181332 kB
Inactive(file):  1440096 kB
Unevictable:        5532 kB
Mlocked:            5532 kB
SwapTotal:       3145724 kB
SwapFree:        3145724 kB
Dirty:               172 kB
Writeback:             0 kB
AnonPages:       1330176 kB
Mapped:           872744 kB
Shmem:             25848 kB
KReclaimable:     552096 kB
Slab:             219672 kB
SReclaimable:      71572 kB
SUnreclaim:       148100 kB
KernelStack:       48848 kB
PageTables:        67412 kB
NFS_Unstable:          0 kB
Bounce:                0 kB
WritebackTmp:          0 kB
CommitLimit:     9202288 kB
Committed_AS:   75011508 kB
VmallocTotal:   263061440 kB
VmallocUsed:      106056 kB
VmallocChunk:          0 kB
Percpu:             7648 kB
CmaTotal:         294912 kB
CmaFree:               0 kB
MemTotal:       12113132 kB
MemFree:         6468268 kB
MemAvailable:    7773104 kB
Buffers:            4796 kB
Cached:          1646976 kB
SwapCached:            0 kB
Active:          1513056 kB
Inactive:        1464024 kB
Active(anon):    1331724 kB
Inactive(anon):    23912 kB
Active(file):     181332 kB
Inactive(file):  1440112 kB
Unevictable:        5532 kB
Mlocked:            5532 kB
SwapTotal:       3145724 kB
SwapFree:        3145724 kB
Dirty:               252 kB
Writeback:             0 kB
AnonPages:       1330908 kB
Mapped:           872604 kB
Shmem:             25848 kB
KReclaimable:     552096 kB
Slab:             219672 kB
SReclaimable:      71572 kB
SUnreclaim:       148100 kB
KernelStack:       48864 kB
PageTables:        67612 kB
NFS_Unstable:          0 kB
Bounce:                0 kB
WritebackTmp:          0 kB
CommitLimit:     9202288 kB
Committed_AS:   74997892 kB
VmallocTotal:   263061440 kB
VmallocUsed:      106056 kB
VmallocChunk:          0 kB
Percpu:             7648 kB
CmaTotal:         294912 kB
CmaFree:               0 kB
MemTotal:       12113132 kB
MemFree:         6468448 kB
MemAvailable:    7773288 kB
Buffers:            4796 kB
Cached:          1646984 kB
SwapCached:            0 kB
Active:          1513636 kB
Inactive:        1464032 kB
Active(anon):    1332304 kB
Inactive(anon):    23916 kB
Active(file):     181332 kB
Inactive(file):  1440116 kB
Unevictable:        5532 kB
Mlocked:            5532 kB
SwapTotal:       3145724 kB
SwapFree:        3145724 kB
Dirty:               264 kB
Writeback:             0 kB
AnonPages:       1331520 kB
Mapped:           872792 kB
Shmem:             25852 kB
KReclaimable:     552096 kB
Slab:             219672 kB
SReclaimable:      71572 kB
SUnreclaim:       148100 kB
KernelStack:       48864 kB
PageTables:        67536 kB
NFS_Unstable:          0 kB
Bounce:                0 kB
WritebackTmp:          0 kB
CommitLimit:     9202288 kB
Committed_AS:   75010592 kB
VmallocTotal:   263061440 kB
VmallocUsed:      106072 kB
VmallocChunk:          0 kB
Percpu:             7648 kB
CmaTotal:         294912 kB
CmaFree:               0 kB
MemTotal:       12113132 kB
MemFree:         6468300 kB
MemAvailable:    7773156 kB
Buffers:            4796 kB
Cached:          1647000 kB
SwapCached:            0 kB
Active:          1514420 kB
Inactive:        1464048 kB
Active(anon):    1333088 kB
Inactive(anon):    23916 kB
Active(file):     181332 kB
Inactive(file):  1440132 kB
Unevictable:        5532 kB
Mlocked:            5532 kB
SwapTotal:       3145724 kB
SwapFree:        3145724 kB
Dirty:               304 kB
Writeback:             0 kB
AnonPages:       1332680 kB
Mapped:           872776 kB
Shmem:             25852 kB
KReclaimable:     552096 kB
Slab:             219680 kB
SReclaimable:      71572 kB
SUnreclaim:       148108 kB
KernelStack:       48896 kB
PageTables:        67520 kB
NFS_Unstable:          0 kB
Bounce:                0 kB
WritebackTmp:          0 kB
CommitLimit:     9202288 kB
Committed_AS:   75006720 kB
VmallocTotal:   263061440 kB
VmallocUsed:      106040 kB
VmallocChunk:          0 kB
Percpu:             7648 kB
CmaTotal:         294912 kB
CmaFree:               0 kB
MemTotal:       12113132 kB
MemFree:         6468932 kB
MemAvailable:    7773816 kB
Buffers:            4796 kB
Cached:          1647028 kB
SwapCached:            0 kB
Active:          1514292 kB
Inactive:        1464076 kB
Active(anon):    1332960 kB
Inactive(anon):    23916 kB
Active(file):     181332 kB
Inactive(file):  1440160 kB
Unevictable:        5532 kB
Mlocked:            5532 kB
SwapTotal:       3145724 kB
SwapFree:        3145724 kB
Dirty:               344 kB
Writeback:             0 kB
AnonPages:       1332192 kB
Mapped:           872780 kB
Shmem:             25852 kB
KReclaimable:     552096 kB
Slab:             219680 kB
SReclaimable:      71572 kB
SUnreclaim:       148108 kB
KernelStack:       48848 kB
PageTables:        67424 kB
NFS_Unstable:          0 kB
Bounce:                0 kB
WritebackTmp:          0 kB
CommitLimit:     9202288 kB
Committed_AS:   75012016 kB
VmallocTotal:   263061440 kB
VmallocUsed:      106040 kB
VmallocChunk:          0 kB
Percpu:             7648 kB
CmaTotal:         294912 kB
CmaFree:               0 kB
MemTotal:       12113132 kB
MemFree:         6451860 kB
MemAvailable:    7756792 kB
Buffers:            4796 kB
Cached:          1647076 kB
SwapCached:            0 kB
Active:          1531692 kB
Inactive:        1464108 kB
Active(anon):    1350344 kB
Inactive(anon):    23916 kB
Active(file):     181348 kB
Inactive(file):  1440192 kB
Unevictable:        5532 kB
Mlocked:            5532 kB
SwapTotal:       3145724 kB
SwapFree:        3145724 kB
Dirty:               368 kB
Writeback:             0 kB
AnonPages:       1349492 kB
Mapped:           872768 kB
Shmem:             25852 kB
KReclaimable:     552096 kB
Slab:             219680 kB
SReclaimable:      71572 kB
SUnreclaim:       148108 kB
KernelStack:       48896 kB
PageTables:        67544 kB
NFS_Unstable:          0 kB
Bounce:                0 kB
WritebackTmp:          0 kB
CommitLimit:     9202288 kB
Committed_AS:   75003544 kB
VmallocTotal:   263061440 kB
VmallocUsed:      106040 kB
VmallocChunk:          0 kB
Percpu:             7648 kB
CmaTotal:         294912 kB
CmaFree:              24 kB
MemTotal:       12113132 kB
MemFree:         6439528 kB
MemAvailable:    7744464 kB
Buffers:            4796 kB
Cached:          1647080 kB
SwapCached:            0 kB
Active:          1542936 kB
Inactive:        1464112 kB
Active(anon):    1361588 kB
Inactive(anon):    23916 kB
Active(file):     181348 kB
Inactive(file):  1440196 kB
Unevictable:        5532 kB
Mlocked:            5532 kB
SwapTotal:       3145724 kB
SwapFree:        3145724 kB
Dirty:               420 kB
Writeback:             0 kB
AnonPages:       1360648 kB
Mapped:           872780 kB
Shmem:             25852 kB
KReclaimable:     552096 kB
Slab:             219648 kB
SReclaimable:      71572 kB
SUnreclaim:       148076 kB
KernelStack:       48848 kB
PageTables:        67416 kB
NFS_Unstable:          0 kB
Bounce:                0 kB
WritebackTmp:          0 kB
CommitLimit:     9202288 kB
Committed_AS:   75021264 kB
VmallocTotal:   263061440 kB
VmallocUsed:      106072 kB
VmallocChunk:          0 kB
Percpu:             7648 kB
CmaTotal:         294912 kB
CmaFree:               0 kB
MemTotal:       12113132 kB
MemFree:         6432664 kB
MemAvailable:    7737608 kB
Buffers:            4796 kB
Cached:          1647292 kB
SwapCached:            0 kB
Active:          1548852 kB
Inactive:        1464324 kB
Active(anon):    1367504 kB
Inactive(anon):    24120 kB
Active(file):     181348 kB
Inactive(file):  1440204 kB
Unevictable:        5532 kB
Mlocked:            5532 kB
SwapTotal:       3145724 kB
SwapFree:        3145724 kB
Dirty:               432 kB
Writeback:             0 kB
AnonPages:       1366404 kB
Mapped:           873004 kB
Shmem:             26056 kB
KReclaimable:     552096 kB
Slab:             219728 kB
SReclaimable:      71572 kB
SUnreclaim:       148156 kB
KernelStack:       48848 kB
PageTables:        67408 kB
NFS_Unstable:          0 kB
Bounce:                0 kB
WritebackTmp:          0 kB
CommitLimit:     9202288 kB
Committed_AS:   75026744 kB
VmallocTotal:   263061440 kB
VmallocUsed:      106072 kB
VmallocChunk:          0 kB
Percpu:             7648 kB
CmaTotal:         294912 kB
CmaFree:              12 kB
MemTotal:       12113132 kB
MemFree:         6432444 kB
MemAvailable:    7737408 kB
Buffers:            4796 kB
Cached:          1647112 kB
SwapCached:            0 kB
Active:          1549660 kB
Inactive:        1464144 kB
Active(anon):    1368312 kB
Inactive(anon):    23920 kB
Active(file):     181348 kB
Inactive(file):  1440224 kB
Unevictable:        5532 kB
Mlocked:            5532 kB
SwapTotal:       3145724 kB
SwapFree:        3145724 kB
Dirty:               488 kB
Writeback:             0 kB
AnonPages:       1367272 kB
Mapped:           872808 kB
Shmem:             25856 kB
KReclaimable:     552096 kB
Slab:             219672 kB
SReclaimable:      71572 kB
SUnreclaim:       148100 kB
KernelStack:       48880 kB
PageTables:        67616 kB
NFS_Unstable:          0 kB
Bounce:                0 kB
WritebackTmp:          0 kB
CommitLimit:     9202288 kB
Committed_AS:   75017696 kB
VmallocTotal:   263061440 kB
VmallocUsed:      106040 kB
VmallocChunk:          0 kB
Percpu:             7648 kB
CmaTotal:         294912 kB
CmaFree:               0 kB
MemTotal:       12113132 kB
MemFree:         6431864 kB
MemAvailable:    7736848 kB
Buffers:            4804 kB
Cached:          1647132 kB
SwapCached:            0 kB
Active:          1550348 kB
Inactive:        1464160 kB
Active(anon):    1368992 kB
Inactive(anon):    23924 kB
Active(file):     181356 kB
Inactive(file):  1440236 kB
Unevictable:        5532 kB
Mlocked:            5532 kB
SwapTotal:       3145724 kB
SwapFree:        3145724 kB
Dirty:               520 kB
Writeback:             0 kB
AnonPages:       1368256 kB
Mapped:           872872 kB
Shmem:             25860 kB
KReclaimable:     552096 kB
Slab:             219680 kB
SReclaimable:      71572 kB
SUnreclaim:       148108 kB
KernelStack:       48848 kB
PageTables:        67420 kB
NFS_Unstable:          0 kB
Bounce:                0 kB
WritebackTmp:          0 kB
CommitLimit:     9202288 kB
Committed_AS:   75032608 kB
VmallocTotal:   263061440 kB
VmallocUsed:      106072 kB
VmallocChunk:          0 kB
Percpu:             7648 kB
CmaTotal:         294912 kB
CmaFree:               0 kB
MemTotal:       12113132 kB
MemFree:         6462236 kB
MemAvailable:    7767256 kB
Buffers:            4804 kB
Cached:          1647164 kB
SwapCached:            0 kB
Active:          1519132 kB
Inactive:        1464196 kB
Active(anon):    1337776 kB
Inactive(anon):    23924 kB
Active(file):     181356 kB
Inactive(file):  1440272 kB
Unevictable:        5532 kB
Mlocked:            5532 kB
SwapTotal:       3145724 kB
SwapFree:        3145724 kB
Dirty:               184 kB
Writeback:             0 kB
AnonPages:       1336732 kB
Mapped:           872852 kB
Shmem:             25860 kB
KReclaimable:     552096 kB
Slab:             219676 kB
SReclaimable:      71572 kB
SUnreclaim:       148104 kB
KernelStack:       48864 kB
PageTables:        67548 kB
NFS_Unstable:          0 kB
Bounce:                0 kB
WritebackTmp:          0 kB
CommitLimit:     9202288 kB
Committed_AS:   75016488 kB
VmallocTotal:   263061440 kB
VmallocUsed:      106072 kB
VmallocChunk:          0 kB
Percpu:             7648 kB
CmaTotal:         294912 kB
CmaFree:               4 kB
MemTotal:       12113132 kB
MemFree:         6463240 kB
MemAvailable:    7768268 kB
Buffers:            4804 kB
Cached:          1647172 kB
SwapCached:            0 kB
Active:          1519212 kB
Inactive:        1464200 kB
Active(anon):    1337852 kB
Inactive(anon):    23924 kB
Active(file):     181360 kB
Inactive(file):  1440276 kB
Unevictable:        5532 kB
Mlocked:            5532 kB
SwapTotal:       3145724 kB
SwapFree:        3145724 kB
Dirty:               248 kB
Writeback:             0 kB
AnonPages:       1336972 kB
Mapped:           872852 kB
Shmem:             25860 kB
KReclaimable:     552096 kB
Slab:             219676 kB
SReclaimable:      71572 kB
SUnreclaim:       148104 kB
KernelStack:       48848 kB
PageTables:        67412 kB
NFS_Unstable:          0 kB
Bounce:                0 kB
WritebackTmp:          0 kB
CommitLimit:     9202288 kB
Committed_AS:   75017084 kB
VmallocTotal:   263061440 kB
VmallocUsed:      106072 kB
VmallocChunk:          0 kB
Percpu:             7648 kB
CmaTotal:         294912 kB
CmaFree:               0 kB
MemTotal:       12113132 kB
MemFree:         6461496 kB
MemAvailable:    7766536 kB
Buffers:            4804 kB
Cached:          1647188 kB
SwapCached:            0 kB
Active:          1519896 kB
Inactive:        1464216 kB
Active(anon):    1338536 kB
Inactive(anon):    23928 kB
Active(file):     181360 kB
Inactive(file):  1440288 kB
Unevictable:        5532 kB
Mlocked:            5532 kB
SwapTotal:       3145724 kB
SwapFree:        3145724 kB
Dirty:               324 kB
Writeback:             0 kB
AnonPages:       1337844 kB
Mapped:           872844 kB
Shmem:             25864 kB
KReclaimable:     552096 kB
Slab:             219676 kB
SReclaimable:      71572 kB
SUnreclaim:       148104 kB
KernelStack:       48848 kB
PageTables:        67416 kB
NFS_Unstable:          0 kB
Bounce:                0 kB
WritebackTmp:          0 kB
CommitLimit:     9202288 kB
Committed_AS:   75017484 kB
VmallocTotal:   263061440 kB
VmallocUsed:      106088 kB
VmallocChunk:          0 kB
Percpu:             7648 kB
CmaTotal:         294912 kB
CmaFree:               0 kB
MemTotal:       12113132 kB
MemFree:         6460264 kB
MemAvailable:    7765316 kB
Buffers:            4804 kB
Cached:          1647200 kB
SwapCached:            0 kB
Active:          1520804 kB
Inactive:        1464228 kB
Active(anon):    1339444 kB
Inactive(anon):    23928 kB
Active(file):     181360 kB
Inactive(file):  1440300 kB
Unevictable:        5532 kB
Mlocked:            5532 kB
SwapTotal:       3145724 kB
SwapFree:        3145724 kB
Dirty:               340 kB
Writeback:             0 kB
AnonPages:       1338632 kB
Mapped:           872848 kB
Shmem:             25864 kB
KReclaimable:     552096 kB
Slab:             219676 kB
SReclaimable:      71572 kB
SUnreclaim:       148104 kB
KernelStack:       48848 kB
PageTables:        67412 kB
NFS_Unstable:          0 kB
Bounce:                0 kB
WritebackTmp:          0 kB
CommitLimit:     9202288 kB
Committed_AS:   75013424 kB
VmallocTotal:   263061440 kB
VmallocUsed:      106072 kB
VmallocChunk:          0 kB
Percpu:             7648 kB
CmaTotal:         294912 kB
CmaFree:               0 kB
MemTotal:       12113132 kB
MemFree:         6459564 kB
MemAvailable:    7764624 kB
Buffers:            4804 kB
Cached:          1647208 kB
SwapCached:            0 kB
Active:          1521368 kB
Inactive:        1464236 kB
Active(anon):    1340008 kB
Inactive(anon):    23928 kB
Active(file):     181360 kB
Inactive(file):  1440308 kB
Unevictable:        5532 kB
Mlocked:            5532 kB
SwapTotal:       3145724 kB
SwapFree:        3145724 kB
Dirty:               348 kB
Writeback:             0 kB
AnonPages:       1338980 kB
Mapped:           872960 kB
Shmem:             25864 kB
KReclaimable:     552096 kB
Slab:             219676 kB
SReclaimable:      71572 kB
SUnreclaim:       148104 kB
KernelStack:       48848 kB
PageTables:        67480 kB
NFS_Unstable:          0 kB
Bounce:                0 kB
WritebackTmp:          0 kB
CommitLimit:     9202288 kB
Committed_AS:   75006664 kB
VmallocTotal:   263061440 kB
VmallocUsed:      106088 kB
VmallocChunk:          0 kB
Percpu:             7648 kB
CmaTotal:         294912 kB
CmaFree:              16 kB
MemTotal:       12113132 kB
MemFree:         6472412 kB
MemAvailable:    7777488 kB
Buffers:            4804 kB
Cached:          1647224 kB
SwapCached:            0 kB
Active:          1507812 kB
Inactive:        1464252 kB
Active(anon):    1326452 kB
Inactive(anon):    23928 kB
Active(file):     181360 kB
Inactive(file):  1440324 kB
Unevictable:        5532 kB
Mlocked:            5532 kB
SwapTotal:       3145724 kB
SwapFree:        3145724 kB
Dirty:               176 kB
Writeback:             0 kB
AnonPages:       1325676 kB
Mapped:           872856 kB
Shmem:             25864 kB
KReclaimable:     552096 kB
Slab:             219676 kB
SReclaimable:      71572 kB
SUnreclaim:       148104 kB
KernelStack:       48848 kB
PageTables:        67404 kB
NFS_Unstable:          0 kB
Bounce:                0 kB
WritebackTmp:          0 kB
CommitLimit:     9202288 kB
Committed_AS:   75012012 kB
VmallocTotal:   263061440 kB
VmallocUsed:      106088 kB
VmallocChunk:          0 kB
Percpu:             7648 kB
CmaTotal:         294912 kB
CmaFree:               0 kB
MemTotal:       12113132 kB
MemFree:         6471680 kB
MemAvailable:    7776764 kB
Buffers:            4804 kB
Cached:          1647240 kB
SwapCached:            0 kB
Active:          1509492 kB
Inactive:        1464268 kB
Active(anon):    1328132 kB
Inactive(anon):    23936 kB
Active(file):     181360 kB
Inactive(file):  1440332 kB
Unevictable:        5532 kB
Mlocked:            5532 kB
SwapTotal:       3145724 kB
SwapFree:        3145724 kB
Dirty:               264 kB
Writeback:             0 kB
AnonPages:       1327132 kB
Mapped:           872860 kB
Shmem:             25872 kB
KReclaimable:     552096 kB
Slab:             219676 kB
SReclaimable:      71572 kB
SUnreclaim:       148104 kB
KernelStack:       48880 kB
PageTables:        67464 kB
NFS_Unstable:          0 kB
Bounce:                0 kB
WritebackTmp:          0 kB
CommitLimit:     9202288 kB
Committed_AS:   75006584 kB
VmallocTotal:   263061440 kB
VmallocUsed:      106040 kB
VmallocChunk:          0 kB
Percpu:             7648 kB
CmaTotal:         294912 kB
CmaFree:               0 kB
MemTotal:       12113132 kB
MemFree:         6472164 kB
MemAvailable:    7777256 kB
Buffers:            4804 kB
Cached:          1647248 kB
SwapCached:            0 kB
Active:          1509236 kB
Inactive:        1464276 kB
Active(anon):    1327876 kB
Inactive(anon):    23936 kB
Active(file):     181360 kB
Inactive(file):  1440340 kB
Unevictable:        5532 kB
Mlocked:            5532 kB
SwapTotal:       3145724 kB
SwapFree:        3145724 kB
Dirty:               328 kB
Writeback:             0 kB
AnonPages:       1327552 kB
Mapped:           872872 kB
Shmem:             25872 kB
KReclaimable:     552096 kB
Slab:             219676 kB
SReclaimable:      71572 kB
SUnreclaim:       148104 kB
KernelStack:       48848 kB
PageTables:        67412 kB
NFS_Unstable:          0 kB
Bounce:                0 kB
WritebackTmp:          0 kB
CommitLimit:     9202288 kB
Committed_AS:   75011544 kB
VmallocTotal:   263061440 kB
VmallocUsed:      106056 kB
VmallocChunk:          0 kB
Percpu:             7648 kB
CmaTotal:         294912 kB
CmaFree:               0 kB
MemTotal:       12113132 kB
MemFree:         6472476 kB
MemAvailable:    7777584 kB
Buffers:            4804 kB
Cached:          1647264 kB
SwapCached:            0 kB
Active:          1510632 kB
Inactive:        1464292 kB
Active(anon):    1329272 kB
Inactive(anon):    23936 kB
Active(file):     181360 kB
Inactive(file):  1440356 kB
Unevictable:        5532 kB
Mlocked:            5532 kB
SwapTotal:       3145724 kB
SwapFree:        3145724 kB
Dirty:               380 kB
Writeback:             0 kB
AnonPages:       1328472 kB
Mapped:           872860 kB
Shmem:             25872 kB
KReclaimable:     552096 kB
Slab:             219676 kB
SReclaimable:      71572 kB
SUnreclaim:       148104 kB
KernelStack:       48848 kB
PageTables:        67428 kB
NFS_Unstable:          0 kB
Bounce:                0 kB
WritebackTmp:          0 kB
CommitLimit:     9202288 kB
Committed_AS:   75010648 kB
VmallocTotal:   263061440 kB
VmallocUsed:      106072 kB
VmallocChunk:          0 kB
Percpu:             7648 kB
CmaTotal:         294912 kB
CmaFree:               0 kB
MemTotal:       12113132 kB
MemFree:         6473708 kB
MemAvailable:    7778836 kB
Buffers:            4804 kB
Cached:          1647284 kB
SwapCached:            0 kB
Active:          1507292 kB
Inactive:        1464312 kB
Active(anon):    1325932 kB
Inactive(anon):    23936 kB
Active(file):     181360 kB
Inactive(file):  1440376 kB
Unevictable:        5532 kB
Mlocked:            5532 kB
SwapTotal:       3145724 kB
SwapFree:        3145724 kB
Dirty:               416 kB
Writeback:             0 kB
AnonPages:       1325196 kB
Mapped:           872628 kB
Shmem:             25872 kB
KReclaimable:     552096 kB
Slab:             219676 kB
SReclaimable:      71572 kB
SUnreclaim:       148104 kB
KernelStack:       48864 kB
PageTables:        67536 kB
NFS_Unstable:          0 kB
Bounce:                0 kB
WritebackTmp:          0 kB
CommitLimit:     9202288 kB
Committed_AS:   75017292 kB
VmallocTotal:   263061440 kB
VmallocUsed:      106040 kB
VmallocChunk:          0 kB
Percpu:             7648 kB
CmaTotal:         294912 kB
CmaFree:               0 kB
MemTotal:       12113132 kB
MemFree:         6474084 kB
MemAvailable:    7779228 kB
Buffers:            4804 kB
Cached:          1647312 kB
SwapCached:            0 kB
Active:          1507832 kB
Inactive:        1464340 kB
Active(anon):    1326472 kB
Inactive(anon):    23948 kB
Active(file):     181360 kB
Inactive(file):  1440392 kB
Unevictable:        5532 kB
Mlocked:            5532 kB
SwapTotal:       3145724 kB
SwapFree:        3145724 kB
Dirty:               184 kB
Writeback:             0 kB
AnonPages:       1325788 kB
Mapped:           872252 kB
Shmem:             25884 kB
KReclaimable:     552096 kB
Slab:             219684 kB
SReclaimable:      71572 kB
SUnreclaim:       148112 kB
KernelStack:       48880 kB
PageTables:        67476 kB
NFS_Unstable:          0 kB
Bounce:                0 kB
WritebackTmp:          0 kB
CommitLimit:     9202288 kB
Committed_AS:   75027736 kB
VmallocTotal:   263061440 kB
VmallocUsed:      106024 kB
VmallocChunk:          0 kB
Percpu:             7648 kB
CmaTotal:         294912 kB
CmaFree:             148 kB
MemTotal:       12113132 kB
MemFree:         6472980 kB
MemAvailable:    7778136 kB
Buffers:            4804 kB
Cached:          1647324 kB
SwapCached:            0 kB
Active:          1508780 kB
Inactive:        1464352 kB
Active(anon):    1327420 kB
Inactive(anon):    23948 kB
Active(file):     181360 kB
Inactive(file):  1440404 kB
Unevictable:        5532 kB
Mlocked:            5532 kB
SwapTotal:       3145724 kB
SwapFree:        3145724 kB
Dirty:               288 kB
Writeback:             0 kB
AnonPages:       1326556 kB
Mapped:           872152 kB
Shmem:             25884 kB
KReclaimable:     552096 kB
Slab:             219684 kB
SReclaimable:      71572 kB
SUnreclaim:       148112 kB
KernelStack:       48864 kB
PageTables:        67504 kB
NFS_Unstable:          0 kB
Bounce:                0 kB
WritebackTmp:          0 kB
CommitLimit:     9202288 kB
Committed_AS:   75029308 kB
VmallocTotal:   263061440 kB
VmallocUsed:      106040 kB
VmallocChunk:          0 kB
Percpu:             7648 kB
CmaTotal:         294912 kB
CmaFree:               0 kB
MemTotal:       12113132 kB
MemFree:         6472048 kB
MemAvailable:    7777212 kB
Buffers:            4804 kB
Cached:          1647332 kB
SwapCached:            0 kB
Active:          1509948 kB
Inactive:        1464360 kB
Active(anon):    1328588 kB
Inactive(anon):    23948 kB
Active(file):     181360 kB
Inactive(file):  1440412 kB
Unevictable:        5532 kB
Mlocked:            5532 kB
SwapTotal:       3145724 kB
SwapFree:        3145724 kB
Dirty:               300 kB
Writeback:             0 kB
AnonPages:       1327300 kB
Mapped:           872276 kB
Shmem:             25884 kB
KReclaimable:     552096 kB
Slab:             219684 kB
SReclaimable:      71572 kB
SUnreclaim:       148112 kB
KernelStack:       48896 kB
PageTables:        67520 kB
NFS_Unstable:          0 kB
Bounce:                0 kB
WritebackTmp:          0 kB
CommitLimit:     9202288 kB
Committed_AS:   75026980 kB
VmallocTotal:   263061440 kB
VmallocUsed:      106072 kB
VmallocChunk:          0 kB
Percpu:             7648 kB
CmaTotal:         294912 kB
CmaFree:               0 kB
MemTotal:       12113132 kB
MemFree:         6470348 kB
MemAvailable:    7775552 kB
Buffers:            4804 kB
Cached:          1647372 kB
SwapCached:            0 kB
Active:          1510220 kB
Inactive:        1464396 kB
Active(anon):    1328856 kB
Inactive(anon):    23952 kB
Active(file):     181364 kB
Inactive(file):  1440444 kB
Unevictable:        5532 kB
Mlocked:            5532 kB
SwapTotal:       3145724 kB
SwapFree:        3145724 kB
Dirty:               320 kB
Writeback:             0 kB
AnonPages:       1328016 kB
Mapped:           872272 kB
Shmem:             25888 kB
KReclaimable:     552100 kB
Slab:             219688 kB
SReclaimable:      71576 kB
SUnreclaim:       148112 kB
KernelStack:       48864 kB
PageTables:        67448 kB
NFS_Unstable:          0 kB
Bounce:                0 kB
WritebackTmp:          0 kB
CommitLimit:     9202288 kB
Committed_AS:   75037384 kB
VmallocTotal:   263061440 kB
VmallocUsed:      106072 kB
VmallocChunk:          0 kB
Percpu:             7648 kB
CmaTotal:         294912 kB
CmaFree:              12 kB
MemTotal:       12113132 kB
MemFree:         6469896 kB
MemAvailable:    7775112 kB
Buffers:            4808 kB
Cached:          1647376 kB
SwapCached:            0 kB
Active:          1511500 kB
Inactive:        1464404 kB
Active(anon):    1330136 kB
Inactive(anon):    23952 kB
Active(file):     181364 kB
Inactive(file):  1440452 kB
Unevictable:        5532 kB
Mlocked:            5532 kB
SwapTotal:       3145724 kB
SwapFree:        3145724 kB
Dirty:               372 kB
Writeback:             0 kB
AnonPages:       1328748 kB
Mapped:           872276 kB
Shmem:             25888 kB
KReclaimable:     552104 kB
Slab:             219692 kB
SReclaimable:      71580 kB
SUnreclaim:       148112 kB
KernelStack:       48864 kB
PageTables:        67536 kB
NFS_Unstable:          0 kB
Bounce:                0 kB
WritebackTmp:          0 kB
CommitLimit:     9202288 kB
Committed_AS:   75027296 kB
VmallocTotal:   263061440 kB
VmallocUsed:      106088 kB
VmallocChunk:          0 kB
Percpu:             7648 kB
CmaTotal:         294912 kB
CmaFree:               0 kB
MemTotal:       12113132 kB
MemFree:         6468408 kB
MemAvailable:    7773640 kB
Buffers:            4808 kB
Cached:          1647396 kB
SwapCached:            0 kB
Active:          1512308 kB
Inactive:        1464420 kB
Active(anon):    1330940 kB
Inactive(anon):    23956 kB
Active(file):     181368 kB
Inactive(file):  1440464 kB
Unevictable:        5532 kB
Mlocked:            5532 kB
SwapTotal:       3145724 kB
SwapFree:        3145724 kB
Dirty:               404 kB
Writeback:             0 kB
AnonPages:       1330168 kB
Mapped:           872284 kB
Shmem:             25892 kB
KReclaimable:     552104 kB
Slab:             219692 kB
SReclaimable:      71580 kB
SUnreclaim:       148112 kB
KernelStack:       48880 kB
PageTables:        67532 kB
NFS_Unstable:          0 kB
Bounce:                0 kB
WritebackTmp:          0 kB
CommitLimit:     9202288 kB
Committed_AS:   75032984 kB
VmallocTotal:   263061440 kB
VmallocUsed:      106056 kB
VmallocChunk:          0 kB
Percpu:             7648 kB
CmaTotal:         294912 kB
CmaFree:               0 kB
MemTotal:       12113132 kB
MemFree:         6460428 kB
MemAvailable:    7765668 kB
Buffers:            4808 kB
Cached:          1647404 kB
SwapCached:            0 kB
Active:          1521872 kB
Inactive:        1464432 kB
Active(anon):    1340508 kB
Inactive(anon):    23956 kB
Active(file):     181364 kB
Inactive(file):  1440476 kB
Unevictable:        5532 kB
Mlocked:            5532 kB
SwapTotal:       3145724 kB
SwapFree:        3145724 kB
Dirty:               420 kB
Writeback:             0 kB
AnonPages:       1339780 kB
Mapped:           872272 kB
Shmem:             25892 kB
KReclaimable:     552104 kB
Slab:             219692 kB
SReclaimable:      71580 kB
SUnreclaim:       148112 kB
KernelStack:       48848 kB
PageTables:        67500 kB
NFS_Unstable:          0 kB
Bounce:                0 kB
WritebackTmp:          0 kB
CommitLimit:     9202288 kB
Committed_AS:   75028160 kB
VmallocTotal:   263061440 kB
VmallocUsed:      106024 kB
VmallocChunk:          0 kB
Percpu:             7648 kB
CmaTotal:         294912 kB
CmaFree:             268 kB
MemTotal:       12113132 kB
MemFree:         6446156 kB
MemAvailable:    7751416 kB
Buffers:            4808 kB
Cached:          1647408 kB
SwapCached:            0 kB
Active:          1534836 kB
Inactive:        1464436 kB
Active(anon):    1353472 kB
Inactive(anon):    23956 kB
Active(file):     181364 kB
Inactive(file):  1440480 kB
Unevictable:        5532 kB
Mlocked:            5532 kB
SwapTotal:       3145724 kB
SwapFree:        3145724 kB
Dirty:               440 kB
Writeback:             0 kB
AnonPages:       1353004 kB
Mapped:           872276 kB
Shmem:             25892 kB
KReclaimable:     552120 kB
Slab:             219708 kB
SReclaimable:      71596 kB
SUnreclaim:       148112 kB
KernelStack:       48880 kB
PageTables:        67536 kB
NFS_Unstable:          0 kB
Bounce:                0 kB
WritebackTmp:          0 kB
CommitLimit:     9202288 kB
Committed_AS:   75029576 kB
VmallocTotal:   263061440 kB
VmallocUsed:      106040 kB
VmallocChunk:          0 kB
Percpu:             7648 kB
CmaTotal:         294912 kB
CmaFree:               0 kB
MemTotal:       12113132 kB
MemFree:         6440384 kB
MemAvailable:    7745660 kB
Buffers:            4808 kB
Cached:          1647424 kB
SwapCached:            0 kB
Active:          1540956 kB
Inactive:        1464452 kB
Active(anon):    1359592 kB
Inactive(anon):    23956 kB
Active(file):     181364 kB
Inactive(file):  1440496 kB
Unevictable:        5532 kB
Mlocked:            5532 kB
SwapTotal:       3145724 kB
SwapFree:        3145724 kB
Dirty:               456 kB
Writeback:             0 kB
AnonPages:       1358900 kB
Mapped:           872272 kB
Shmem:             25892 kB
KReclaimable:     552120 kB
Slab:             219716 kB
SReclaimable:      71596 kB
SUnreclaim:       148120 kB
KernelStack:       48832 kB
PageTables:        67440 kB
NFS_Unstable:          0 kB
Bounce:                0 kB
WritebackTmp:          0 kB
CommitLimit:     9202288 kB
Committed_AS:   75042044 kB
VmallocTotal:   263061440 kB
VmallocUsed:      106024 kB
VmallocChunk:          0 kB
Percpu:             7648 kB
CmaTotal:         294912 kB
CmaFree:               0 kB
MemTotal:       12113132 kB
MemFree:         6451376 kB
MemAvailable:    7756660 kB
Buffers:            4808 kB
Cached:          1647432 kB
SwapCached:            0 kB
Active:          1529336 kB
Inactive:        1464460 kB
Active(anon):    1347972 kB
Inactive(anon):    23956 kB
Active(file):     181364 kB
Inactive(file):  1440504 kB
Unevictable:        5532 kB
Mlocked:            5532 kB
SwapTotal:       3145724 kB
SwapFree:        3145724 kB
Dirty:               468 kB
Writeback:             0 kB
AnonPages:       1347608 kB
Mapped:           872280 kB
Shmem:             25892 kB
KReclaimable:     552120 kB
Slab:             219716 kB
SReclaimable:      71596 kB
SUnreclaim:       148120 kB
KernelStack:       48880 kB
PageTables:        67728 kB
NFS_Unstable:          0 kB
Bounce:                0 kB
WritebackTmp:          0 kB
CommitLimit:     9202288 kB
Committed_AS:   75036432 kB
VmallocTotal:   263061440 kB
VmallocUsed:      106040 kB
VmallocChunk:          0 kB
Percpu:             7648 kB
CmaTotal:         294912 kB
CmaFree:               0 kB
MemTotal:       12113132 kB
MemFree:         6438336 kB
MemAvailable:    7743676 kB
Buffers:            4808 kB
Cached:          1647484 kB
SwapCached:            0 kB
Active:          1543024 kB
Inactive:        1464508 kB
Active(anon):    1361656 kB
Inactive(anon):    23968 kB
Active(file):     181368 kB
Inactive(file):  1440540 kB
Unevictable:        5532 kB
Mlocked:            5532 kB
SwapTotal:       3145724 kB
SwapFree:        3145724 kB
Dirty:               244 kB
Writeback:           260 kB
AnonPages:       1360956 kB
Mapped:           872284 kB
Shmem:             25904 kB
KReclaimable:     552136 kB
Slab:             219772 kB
SReclaimable:      71612 kB
SUnreclaim:       148160 kB
KernelStack:       48880 kB
PageTables:        67424 kB
NFS_Unstable:          0 kB
Bounce:                0 kB
WritebackTmp:          0 kB
CommitLimit:     9202288 kB
Committed_AS:   75032256 kB
VmallocTotal:   263061440 kB
VmallocUsed:      106040 kB
VmallocChunk:          0 kB
Percpu:             7648 kB
CmaTotal:         294912 kB
CmaFree:               0 kB
MemTotal:       12113132 kB
MemFree:         6430568 kB
MemAvailable:    7735864 kB
Buffers:            4808 kB
Cached:          1647584 kB
SwapCached:            0 kB
Active:          1549108 kB
Inactive:        1464536 kB
Active(anon):    1367748 kB
Inactive(anon):    24032 kB
Active(file):     181360 kB
Inactive(file):  1440504 kB
Unevictable:        5532 kB
Mlocked:            5532 kB
SwapTotal:       3145724 kB
SwapFree:        3145724 kB
Dirty:               228 kB
Writeback:             0 kB
AnonPages:       1366928 kB
Mapped:           872348 kB
Shmem:             26048 kB
KReclaimable:     552136 kB
Slab:             219764 kB
SReclaimable:      71612 kB
SUnreclaim:       148152 kB
KernelStack:       48880 kB
PageTables:        67632 kB
NFS_Unstable:          0 kB
Bounce:                0 kB
WritebackTmp:          0 kB
CommitLimit:     9202288 kB
Committed_AS:   75043092 kB
VmallocTotal:   263061440 kB
VmallocUsed:      106040 kB
VmallocChunk:          0 kB
Percpu:             7648 kB
CmaTotal:         294912 kB
CmaFree:               0 kB
MemTotal:       12113132 kB
MemFree:         6430044 kB
MemAvailable:    7735384 kB
Buffers:            4808 kB
Cached:          1647500 kB
SwapCached:            0 kB
Active:          1549964 kB
Inactive:        1464528 kB
Active(anon):    1368600 kB
Inactive(anon):    23984 kB
Active(file):     181364 kB
Inactive(file):  1440544 kB
Unevictable:        5532 kB
Mlocked:            5532 kB
SwapTotal:       3145724 kB
SwapFree:        3145724 kB
Dirty:               292 kB
Writeback:             0 kB
AnonPages:       1367824 kB
Mapped:           872296 kB
Shmem:             25920 kB
KReclaimable:     552136 kB
Slab:             219732 kB
SReclaimable:      71612 kB
SUnreclaim:       148120 kB
KernelStack:       48816 kB
PageTables:        67392 kB
NFS_Unstable:          0 kB
Bounce:                0 kB
WritebackTmp:          0 kB
CommitLimit:     9202288 kB
Committed_AS:   75047376 kB
VmallocTotal:   263061440 kB
VmallocUsed:      106024 kB
VmallocChunk:          0 kB
Percpu:             7648 kB
CmaTotal:         294912 kB
CmaFree:               0 kB
MemTotal:       12113132 kB
MemFree:         6430028 kB
MemAvailable:    7735376 kB
Buffers:            4808 kB
Cached:          1647512 kB
SwapCached:            0 kB
Active:          1549876 kB
Inactive:        1464540 kB
Active(anon):    1368512 kB
Inactive(anon):    23988 kB
Active(file):     181364 kB
Inactive(file):  1440552 kB
Unevictable:        5532 kB
Mlocked:            5532 kB
SwapTotal:       3145724 kB
SwapFree:        3145724 kB
Dirty:               332 kB
Writeback:             0 kB
AnonPages:       1367380 kB
Mapped:           872328 kB
Shmem:             25924 kB
KReclaimable:     552136 kB
Slab:             219716 kB
SReclaimable:      71612 kB
SUnreclaim:       148104 kB
KernelStack:       48864 kB
PageTables:        67512 kB
NFS_Unstable:          0 kB
Bounce:                0 kB
WritebackTmp:          0 kB
CommitLimit:     9202288 kB
Committed_AS:   75037372 kB
VmallocTotal:   263061440 kB
VmallocUsed:      106040 kB
VmallocChunk:          0 kB
Percpu:             7648 kB
CmaTotal:         294912 kB
CmaFree:               0 kB
MemTotal:       12113132 kB
MemFree:         6429204 kB
MemAvailable:    7734580 kB
Buffers:            4808 kB
Cached:          1647544 kB
SwapCached:            0 kB
Active:          1551300 kB
Inactive:        1464572 kB
Active(anon):    1369936 kB
Inactive(anon):    23992 kB
Active(file):     181364 kB
Inactive(file):  1440580 kB
Unevictable:        5532 kB
Mlocked:            5532 kB
SwapTotal:       3145724 kB
SwapFree:        3145724 kB
Dirty:               368 kB
Writeback:             0 kB
AnonPages:       1369088 kB
Mapped:           872308 kB
Shmem:             25928 kB
KReclaimable:     552136 kB
Slab:             219724 kB
SReclaimable:      71612 kB
SUnreclaim:       148112 kB
KernelStack:       48832 kB
PageTables:        67452 kB
NFS_Unstable:          0 kB
Bounce:                0 kB
WritebackTmp:          0 kB
CommitLimit:     9202288 kB
Committed_AS:   75039876 kB
VmallocTotal:   263061440 kB
VmallocUsed:      106040 kB
VmallocChunk:          0 kB
Percpu:             7648 kB
CmaTotal:         294912 kB
CmaFree:               0 kB
MemTotal:       12113132 kB
MemFree:         6429228 kB
MemAvailable:    7734620 kB
Buffers:            4808 kB
Cached:          1647560 kB
SwapCached:            0 kB
Active:          1551988 kB
Inactive:        1464588 kB
Active(anon):    1370624 kB
Inactive(anon):    23992 kB
Active(file):     181364 kB
Inactive(file):  1440596 kB
Unevictable:        5532 kB
Mlocked:            5532 kB
SwapTotal:       3145724 kB
SwapFree:        3145724 kB
Dirty:               388 kB
Writeback:             0 kB
AnonPages:       1369636 kB
Mapped:           872308 kB
Shmem:             25928 kB
KReclaimable:     552136 kB
Slab:             219724 kB
SReclaimable:      71612 kB
SUnreclaim:       148112 kB
KernelStack:       48848 kB
PageTables:        67520 kB
NFS_Unstable:          0 kB
Bounce:                0 kB
WritebackTmp:          0 kB
CommitLimit:     9202288 kB
Committed_AS:   75036848 kB
VmallocTotal:   263061440 kB
VmallocUsed:      106040 kB
VmallocChunk:          0 kB
Percpu:             7648 kB
CmaTotal:         294912 kB
CmaFree:               0 kB
MemTotal:       12113132 kB
MemFree:         6427868 kB
MemAvailable:    7733268 kB
Buffers:            4808 kB
Cached:          1647568 kB
SwapCached:            0 kB
Active:          1552320 kB
Inactive:        1464600 kB
Active(anon):    1370960 kB
Inactive(anon):    23992 kB
Active(file):     181360 kB
Inactive(file):  1440608 kB
Unevictable:        5532 kB
Mlocked:            5532 kB
SwapTotal:       3145724 kB
SwapFree:        3145724 kB
Dirty:               408 kB
Writeback:             0 kB
AnonPages:       1370240 kB
Mapped:           872316 kB
Shmem:             25928 kB
KReclaimable:     552136 kB
Slab:             219720 kB
SReclaimable:      71612 kB
SUnreclaim:       148108 kB
KernelStack:       48848 kB
PageTables:        67464 kB
NFS_Unstable:          0 kB
Bounce:                0 kB
WritebackTmp:          0 kB
CommitLimit:     9202288 kB
Committed_AS:   75041780 kB
VmallocTotal:   263061440 kB
VmallocUsed:      106040 kB
VmallocChunk:          0 kB
Percpu:             7648 kB
CmaTotal:         294912 kB
CmaFree:               0 kB
MemTotal:       12113132 kB
MemFree:         6427912 kB
MemAvailable:    7733324 kB
Buffers:            4808 kB
Cached:          1647580 kB
SwapCached:            0 kB
Active:          1553728 kB
Inactive:        1464604 kB
Active(anon):    1372360 kB
Inactive(anon):    23992 kB
Active(file):     181368 kB
Inactive(file):  1440612 kB
Unevictable:        5532 kB
Mlocked:            5532 kB
SwapTotal:       3145724 kB
SwapFree:        3145724 kB
Dirty:               424 kB
Writeback:             0 kB
AnonPages:       1371268 kB
Mapped:           872316 kB
Shmem:             25928 kB
KReclaimable:     552136 kB
Slab:             219720 kB
SReclaimable:      71612 kB
SUnreclaim:       148108 kB
KernelStack:       48848 kB
PageTables:        67524 kB
NFS_Unstable:          0 kB
Bounce:                0 kB
WritebackTmp:          0 kB
CommitLimit:     9202288 kB
Committed_AS:   75036324 kB
VmallocTotal:   263061440 kB
VmallocUsed:      106008 kB
VmallocChunk:          0 kB
Percpu:             7648 kB
CmaTotal:         294912 kB
CmaFree:               0 kB
MemTotal:       12113132 kB
MemFree:         6426672 kB
MemAvailable:    7732100 kB
Buffers:            4808 kB
Cached:          1647604 kB
SwapCached:            0 kB
Active:          1553928 kB
Inactive:        1464628 kB
Active(anon):    1372560 kB
Inactive(anon):    24000 kB
Active(file):     181368 kB
Inactive(file):  1440628 kB
Unevictable:        5532 kB
Mlocked:            5532 kB
SwapTotal:       3145724 kB
SwapFree:        3145724 kB
Dirty:               440 kB
Writeback:             0 kB
AnonPages:       1371984 kB
Mapped:           872312 kB
Shmem:             25936 kB
KReclaimable:     552136 kB
Slab:             219720 kB
SReclaimable:      71612 kB
SUnreclaim:       148108 kB
KernelStack:       48832 kB
PageTables:        67440 kB
NFS_Unstable:          0 kB
Bounce:                0 kB
WritebackTmp:          0 kB
CommitLimit:     9202288 kB
Committed_AS:   75031580 kB
VmallocTotal:   263061440 kB
VmallocUsed:      105992 kB
VmallocChunk:          0 kB
Percpu:             7648 kB
CmaTotal:         294912 kB
CmaFree:               0 kB
MemTotal:       12113132 kB
MemFree:         6425600 kB
MemAvailable:    7731036 kB
Buffers:            4808 kB
Cached:          1647616 kB
SwapCached:            0 kB
Active:          1555064 kB
Inactive:        1464640 kB
Active(anon):    1373696 kB
Inactive(anon):    24004 kB
Active(file):     181368 kB
Inactive(file):  1440636 kB
Unevictable:        5532 kB
Mlocked:            5532 kB
SwapTotal:       3145724 kB
SwapFree:        3145724 kB
Dirty:               464 kB
Writeback:             0 kB
AnonPages:       1372624 kB
Mapped:           872332 kB
Shmem:             25940 kB
KReclaimable:     552136 kB
Slab:             219720 kB
SReclaimable:      71612 kB
SUnreclaim:       148108 kB
KernelStack:       48864 kB
PageTables:        67492 kB
NFS_Unstable:          0 kB
Bounce:                0 kB
WritebackTmp:          0 kB
CommitLimit:     9202288 kB
Committed_AS:   75036656 kB
VmallocTotal:   263061440 kB
VmallocUsed:      106040 kB
VmallocChunk:          0 kB
Percpu:             7648 kB
CmaTotal:         294912 kB
CmaFree:               0 kB
MemTotal:       12113132 kB
MemFree:         6425116 kB
MemAvailable:    7730584 kB
Buffers:            4812 kB
Cached:          1647644 kB
SwapCached:            0 kB
Active:          1555748 kB
Inactive:        1464668 kB
Active(anon):    1374376 kB
Inactive(anon):    24004 kB
Active(file):     181372 kB
Inactive(file):  1440664 kB
Unevictable:        5532 kB
Mlocked:            5532 kB
SwapTotal:       3145724 kB
SwapFree:        3145724 kB
Dirty:               452 kB
Writeback:             0 kB
AnonPages:       1373620 kB
Mapped:           872412 kB
Shmem:             25940 kB
KReclaimable:     552136 kB
Slab:             219720 kB
SReclaimable:      71612 kB
SUnreclaim:       148108 kB
KernelStack:       48828 kB
PageTables:        67500 kB
NFS_Unstable:          0 kB
Bounce:                0 kB
WritebackTmp:          0 kB
CommitLimit:     9202288 kB
Committed_AS:   75033024 kB
VmallocTotal:   263061440 kB
VmallocUsed:      106008 kB
VmallocChunk:          0 kB
Percpu:             7648 kB
CmaTotal:         294912 kB
CmaFree:               0 kB
MemTotal:       12113132 kB
MemFree:         6424808 kB
MemAvailable:    7730296 kB
Buffers:            4812 kB
Cached:          1647668 kB
SwapCached:            0 kB
Active:          1556468 kB
Inactive:        1464692 kB
Active(anon):    1375096 kB
Inactive(anon):    24008 kB
Active(file):     181372 kB
Inactive(file):  1440684 kB
Unevictable:        5532 kB
Mlocked:            5532 kB
SwapTotal:       3145724 kB
SwapFree:        3145724 kB
Dirty:               480 kB
Writeback:             0 kB
AnonPages:       1374496 kB
Mapped:           872316 kB
Shmem:             25944 kB
KReclaimable:     552136 kB
Slab:             219720 kB
SReclaimable:      71612 kB
SUnreclaim:       148108 kB
KernelStack:       48896 kB
PageTables:        67552 kB
NFS_Unstable:          0 kB
Bounce:                0 kB
WritebackTmp:          0 kB
CommitLimit:     9202288 kB
Committed_AS:   75041240 kB
VmallocTotal:   263061440 kB
VmallocUsed:      106040 kB
VmallocChunk:          0 kB
Percpu:             7648 kB
CmaTotal:         294912 kB
CmaFree:               0 kB
MemTotal:       12113132 kB
MemFree:         6423260 kB
MemAvailable:    7728552 kB
Buffers:            4812 kB
Cached:          1647676 kB
SwapCached:            0 kB
Active:          1557776 kB
Inactive:        1464700 kB
Active(anon):    1376404 kB
Inactive(anon):    24008 kB
Active(file):     181372 kB
Inactive(file):  1440692 kB
Unevictable:        5532 kB
Mlocked:            5532 kB
SwapTotal:       3145724 kB
SwapFree:        3145724 kB
Dirty:               524 kB
Writeback:             0 kB
AnonPages:       1375772 kB
Mapped:           872324 kB
Shmem:             25944 kB
KReclaimable:     551932 kB
Slab:             219720 kB
SReclaimable:      71612 kB
SUnreclaim:       148108 kB
KernelStack:       48832 kB
PageTables:        67444 kB
NFS_Unstable:          0 kB
Bounce:                0 kB
WritebackTmp:          0 kB
CommitLimit:     9202288 kB
Committed_AS:   75042916 kB
VmallocTotal:   263061440 kB
VmallocUsed:      106040 kB
VmallocChunk:          0 kB
Percpu:             7648 kB
CmaTotal:         294912 kB
CmaFree:               0 kB
MemTotal:       12113132 kB
MemFree:         6422604 kB
MemAvailable:    7727908 kB
Buffers:            4812 kB
Cached:          1647688 kB
SwapCached:            0 kB
Active:          1558336 kB
Inactive:        1464712 kB
Active(anon):    1376964 kB
Inactive(anon):    24008 kB
Active(file):     181372 kB
Inactive(file):  1440704 kB
Unevictable:        5532 kB
Mlocked:            5532 kB
SwapTotal:       3145724 kB
SwapFree:        3145724 kB
Dirty:               536 kB
Writeback:             0 kB
AnonPages:       1376408 kB
Mapped:           872288 kB
Shmem:             25944 kB
KReclaimable:     551932 kB
Slab:             219720 kB
SReclaimable:      71612 kB
SUnreclaim:       148108 kB
KernelStack:       48832 kB
PageTables:        67696 kB
NFS_Unstable:          0 kB
Bounce:                0 kB
WritebackTmp:          0 kB
CommitLimit:     9202288 kB
Committed_AS:   75041124 kB
VmallocTotal:   263061440 kB
VmallocUsed:      105992 kB
VmallocChunk:          0 kB
Percpu:             7648 kB
CmaTotal:         294912 kB
CmaFree:               0 kB
MemTotal:       12113132 kB
MemFree:         6422136 kB
MemAvailable:    7727452 kB
Buffers:            4812 kB
Cached:          1647700 kB
SwapCached:            0 kB
Active:          1559012 kB
Inactive:        1464724 kB
Active(anon):    1377640 kB
Inactive(anon):    24008 kB
Active(file):     181372 kB
Inactive(file):  1440716 kB
Unevictable:        5532 kB
Mlocked:            5532 kB
SwapTotal:       3145724 kB
SwapFree:        3145724 kB
Dirty:               552 kB
Writeback:             0 kB
AnonPages:       1376840 kB
Mapped:           872324 kB
Shmem:             25944 kB
KReclaimable:     551932 kB
Slab:             219720 kB
SReclaimable:      71612 kB
SUnreclaim:       148108 kB
KernelStack:       48832 kB
PageTables:        67452 kB
NFS_Unstable:          0 kB
Bounce:                0 kB
WritebackTmp:          0 kB
CommitLimit:     9202288 kB
Committed_AS:   75038008 kB
VmallocTotal:   263061440 kB
VmallocUsed:      106040 kB
VmallocChunk:          0 kB
Percpu:             7648 kB
CmaTotal:         294912 kB
CmaFree:               0 kB
MemTotal:       12113132 kB
MemFree:         6420112 kB
MemAvailable:    7725436 kB
Buffers:            4812 kB
Cached:          1647708 kB
SwapCached:            0 kB
Active:          1559328 kB
Inactive:        1464732 kB
Active(anon):    1377956 kB
Inactive(anon):    24008 kB
Active(file):     181372 kB
Inactive(file):  1440724 kB
Unevictable:        5532 kB
Mlocked:            5532 kB
SwapTotal:       3145724 kB
SwapFree:        3145724 kB
Dirty:               568 kB
Writeback:             0 kB
AnonPages:       1377200 kB
Mapped:           872328 kB
Shmem:             25944 kB
KReclaimable:     551932 kB
Slab:             219720 kB
SReclaimable:      71612 kB
SUnreclaim:       148108 kB
KernelStack:       48864 kB
PageTables:        67496 kB
NFS_Unstable:          0 kB
Bounce:                0 kB
WritebackTmp:          0 kB
CommitLimit:     9202288 kB
Committed_AS:   75042708 kB
VmallocTotal:   263061440 kB
VmallocUsed:      106024 kB
VmallocChunk:          0 kB
Percpu:             7648 kB
CmaTotal:         294912 kB
CmaFree:               0 kB
MemTotal:       12113132 kB
MemFree:         6420364 kB
MemAvailable:    7725700 kB
Buffers:            4812 kB
Cached:          1647720 kB
SwapCached:            0 kB
Active:          1559832 kB
Inactive:        1464744 kB
Active(anon):    1378460 kB
Inactive(anon):    24008 kB
Active(file):     181372 kB
Inactive(file):  1440736 kB
Unevictable:        5532 kB
Mlocked:            5532 kB
SwapTotal:       3145724 kB
SwapFree:        3145724 kB
Dirty:               244 kB
Writeback:             0 kB
AnonPages:       1377812 kB
Mapped:           872328 kB
Shmem:             25944 kB
KReclaimable:     551932 kB
Slab:             219728 kB
SReclaimable:      71612 kB
SUnreclaim:       148116 kB
KernelStack:       48832 kB
PageTables:        67444 kB
NFS_Unstable:          0 kB
Bounce:                0 kB
WritebackTmp:          0 kB
CommitLimit:     9202288 kB
Committed_AS:   75037356 kB
VmallocTotal:   263061440 kB
VmallocUsed:      106072 kB
VmallocChunk:          0 kB
Percpu:             7648 kB
CmaTotal:         294912 kB
CmaFree:               0 kB
MemTotal:       12113132 kB
MemFree:         6420132 kB
MemAvailable:    7725480 kB
Buffers:            4812 kB
Cached:          1647732 kB
SwapCached:            0 kB
Active:          1560740 kB
Inactive:        1464756 kB
Active(anon):    1379368 kB
Inactive(anon):    24008 kB
Active(file):     181372 kB
Inactive(file):  1440748 kB
Unevictable:        5532 kB
Mlocked:            5532 kB
SwapTotal:       3145724 kB
SwapFree:        3145724 kB
Dirty:               280 kB
Writeback:             0 kB
AnonPages:       1378672 kB
Mapped:           872320 kB
Shmem:             25944 kB
KReclaimable:     551932 kB
Slab:             219728 kB
SReclaimable:      71612 kB
SUnreclaim:       148116 kB
KernelStack:       48880 kB
PageTables:        67532 kB
NFS_Unstable:          0 kB
Bounce:                0 kB
WritebackTmp:          0 kB
CommitLimit:     9202288 kB
Committed_AS:   75021132 kB
VmallocTotal:   263061440 kB
VmallocUsed:      106008 kB
VmallocChunk:          0 kB
Percpu:             7648 kB
CmaTotal:         294912 kB
CmaFree:               0 kB
MemTotal:       12113132 kB
MemFree:         6451276 kB
MemAvailable:    7756628 kB
Buffers:            4812 kB
Cached:          1647736 kB
SwapCached:            0 kB
Active:          1528920 kB
Inactive:        1464760 kB
Active(anon):    1347548 kB
Inactive(anon):    24008 kB
Active(file):     181372 kB
Inactive(file):  1440752 kB
Unevictable:        5532 kB
Mlocked:            5532 kB
SwapTotal:       3145724 kB
SwapFree:        3145724 kB
Dirty:               296 kB
Writeback:             0 kB
AnonPages:       1346552 kB
Mapped:           872320 kB
Shmem:             25944 kB
KReclaimable:     551932 kB
Slab:             219728 kB
SReclaimable:      71612 kB
SUnreclaim:       148116 kB
KernelStack:       48832 kB
PageTables:        67444 kB
NFS_Unstable:          0 kB
Bounce:                0 kB
WritebackTmp:          0 kB
CommitLimit:     9202288 kB
Committed_AS:   75027148 kB
VmallocTotal:   263061440 kB
VmallocUsed:      106024 kB
VmallocChunk:          0 kB
Percpu:             7648 kB
CmaTotal:         294912 kB
CmaFree:               0 kB
MemTotal:       12113132 kB
MemFree:         6464976 kB
MemAvailable:    7770344 kB
Buffers:            4812 kB
Cached:          1647760 kB
SwapCached:            0 kB
Active:          1516116 kB
Inactive:        1464784 kB
Active(anon):    1334744 kB
Inactive(anon):    24016 kB
Active(file):     181372 kB
Inactive(file):  1440768 kB
Unevictable:        5532 kB
Mlocked:            5532 kB
SwapTotal:       3145724 kB
SwapFree:        3145724 kB
Dirty:               340 kB
Writeback:             0 kB
AnonPages:       1333808 kB
Mapped:           872320 kB
Shmem:             25952 kB
KReclaimable:     551932 kB
Slab:             219728 kB
SReclaimable:      71612 kB
SUnreclaim:       148116 kB
KernelStack:       48832 kB
PageTables:        67460 kB
NFS_Unstable:          0 kB
Bounce:                0 kB
WritebackTmp:          0 kB
CommitLimit:     9202288 kB
Committed_AS:   75027360 kB
VmallocTotal:   263061440 kB
VmallocUsed:      106008 kB
VmallocChunk:          0 kB
Percpu:             7648 kB
CmaTotal:         294912 kB
CmaFree:               0 kB
MemTotal:       12113132 kB
MemFree:         6464236 kB
MemAvailable:    7769632 kB
Buffers:            4812 kB
Cached:          1647788 kB
SwapCached:            0 kB
Active:          1516760 kB
Inactive:        1464812 kB
Active(anon):    1335388 kB
Inactive(anon):    24016 kB
Active(file):     181372 kB
Inactive(file):  1440796 kB
Unevictable:        5532 kB
Mlocked:            5532 kB
SwapTotal:       3145724 kB
SwapFree:        3145724 kB
Dirty:               356 kB
Writeback:             0 kB
AnonPages:       1334984 kB
Mapped:           872260 kB
Shmem:             25952 kB
KReclaimable:     551932 kB
Slab:             219728 kB
SReclaimable:      71612 kB
SUnreclaim:       148116 kB
KernelStack:       48848 kB
PageTables:        67544 kB
NFS_Unstable:          0 kB
Bounce:                0 kB
WritebackTmp:          0 kB
CommitLimit:     9202288 kB
Committed_AS:   75022708 kB
VmallocTotal:   263061440 kB
VmallocUsed:      106008 kB
VmallocChunk:          0 kB
Percpu:             7648 kB
CmaTotal:         294912 kB
CmaFree:               0 kB
MemTotal:       12113132 kB
MemFree:         6464108 kB
MemAvailable:    7769520 kB
Buffers:            4812 kB
Cached:          1647812 kB
SwapCached:            0 kB
Active:          1517580 kB
Inactive:        1464836 kB
Active(anon):    1336208 kB
Inactive(anon):    24024 kB
Active(file):     181372 kB
Inactive(file):  1440812 kB
Unevictable:        5532 kB
Mlocked:            5532 kB
SwapTotal:       3145724 kB
SwapFree:        3145724 kB
Dirty:               272 kB
Writeback:             0 kB
AnonPages:       1335332 kB
Mapped:           872352 kB
Shmem:             25960 kB
KReclaimable:     551932 kB
Slab:             219732 kB
SReclaimable:      71612 kB
SUnreclaim:       148120 kB
KernelStack:       48832 kB
PageTables:        67468 kB
NFS_Unstable:          0 kB
Bounce:                0 kB
WritebackTmp:          0 kB
CommitLimit:     9202288 kB
Committed_AS:   75024776 kB
VmallocTotal:   263061440 kB
VmallocUsed:      106008 kB
VmallocChunk:          0 kB
Percpu:             7648 kB
CmaTotal:         294912 kB
CmaFree:               0 kB
MemTotal:       12113132 kB
MemFree:         6463380 kB
MemAvailable:    7768796 kB
Buffers:            4812 kB
Cached:          1647816 kB
SwapCached:            0 kB
Active:          1518080 kB
Inactive:        1464840 kB
Active(anon):    1336708 kB
Inactive(anon):    24024 kB
Active(file):     181372 kB
Inactive(file):  1440816 kB
Unevictable:        5532 kB
Mlocked:            5532 kB
SwapTotal:       3145724 kB
SwapFree:        3145724 kB
Dirty:               340 kB
Writeback:             0 kB
AnonPages:       1335964 kB
Mapped:           872316 kB
Shmem:             25960 kB
KReclaimable:     551932 kB
Slab:             219732 kB
SReclaimable:      71612 kB
SUnreclaim:       148120 kB
KernelStack:       48816 kB
PageTables:        67456 kB
NFS_Unstable:          0 kB
Bounce:                0 kB
WritebackTmp:          0 kB
CommitLimit:     9202288 kB
Committed_AS:   75022168 kB
VmallocTotal:   263061440 kB
VmallocUsed:      106024 kB
VmallocChunk:          0 kB
Percpu:             7648 kB
CmaTotal:         294912 kB
CmaFree:               0 kB
MemTotal:       12113132 kB
MemFree:         6461760 kB
MemAvailable:    7767196 kB
Buffers:            4812 kB
Cached:          1647840 kB
SwapCached:            0 kB
Active:          1518484 kB
Inactive:        1464864 kB
Active(anon):    1337112 kB
Inactive(anon):    24028 kB
Active(file):     181372 kB
Inactive(file):  1440836 kB
Unevictable:        5532 kB
Mlocked:            5532 kB
SwapTotal:       3145724 kB
SwapFree:        3145724 kB
Dirty:               360 kB
Writeback:             0 kB
AnonPages:       1336352 kB
Mapped:           872336 kB
Shmem:             25964 kB
KReclaimable:     551932 kB
Slab:             219732 kB
SReclaimable:      71612 kB
SUnreclaim:       148120 kB
KernelStack:       48832 kB
PageTables:        67444 kB
NFS_Unstable:          0 kB
Bounce:                0 kB
WritebackTmp:          0 kB
CommitLimit:     9202288 kB
Committed_AS:   75032988 kB
VmallocTotal:   263061440 kB
VmallocUsed:      106040 kB
VmallocChunk:          0 kB
Percpu:             7648 kB
CmaTotal:         294912 kB
CmaFree:               0 kB
MemTotal:       12113132 kB
MemFree:         6461004 kB
MemAvailable:    7766456 kB
Buffers:            4816 kB
Cached:          1647852 kB
SwapCached:            0 kB
Active:          1520024 kB
Inactive:        1464876 kB
Active(anon):    1338648 kB
Inactive(anon):    24028 kB
Active(file):     181376 kB
Inactive(file):  1440848 kB
Unevictable:        5532 kB
Mlocked:            5532 kB
SwapTotal:       3145724 kB
SwapFree:        3145724 kB
Dirty:               384 kB
Writeback:             0 kB
AnonPages:       1337844 kB
Mapped:           872352 kB
Shmem:             25964 kB
KReclaimable:     551932 kB
Slab:             219732 kB
SReclaimable:      71612 kB
SUnreclaim:       148120 kB
KernelStack:       48816 kB
PageTables:        67460 kB
NFS_Unstable:          0 kB
Bounce:                0 kB
WritebackTmp:          0 kB
CommitLimit:     9202288 kB
Committed_AS:   75037580 kB
VmallocTotal:   263061440 kB
VmallocUsed:      106088 kB
VmallocChunk:          0 kB
Percpu:             7648 kB
CmaTotal:         294912 kB
CmaFree:               0 kB
MemTotal:       12113132 kB
MemFree:         6460088 kB
MemAvailable:    7765560 kB
Buffers:            4816 kB
Cached:          1647876 kB
SwapCached:            0 kB
Active:          1520576 kB
Inactive:        1464896 kB
Active(anon):    1339196 kB
Inactive(anon):    24032 kB
Active(file):     181380 kB
Inactive(file):  1440864 kB
Unevictable:        5532 kB
Mlocked:            5532 kB
SwapTotal:       3145724 kB
SwapFree:        3145724 kB
Dirty:               396 kB
Writeback:             0 kB
AnonPages:       1338172 kB
Mapped:           872344 kB
Shmem:             25968 kB
KReclaimable:     551932 kB
Slab:             219736 kB
SReclaimable:      71612 kB
SUnreclaim:       148124 kB
KernelStack:       48864 kB
PageTables:        67516 kB
NFS_Unstable:          0 kB
Bounce:                0 kB
WritebackTmp:          0 kB
CommitLimit:     9202288 kB
Committed_AS:   75032316 kB
VmallocTotal:   263061440 kB
VmallocUsed:      106056 kB
VmallocChunk:          0 kB
Percpu:             7648 kB
CmaTotal:         294912 kB
CmaFree:               0 kB
MemTotal:       12113132 kB
MemFree:         6459200 kB
MemAvailable:    7764692 kB
Buffers:            4816 kB
Cached:          1647896 kB
SwapCached:            0 kB
Active:          1521120 kB
Inactive:        1464916 kB
Active(anon):    1339740 kB
Inactive(anon):    24032 kB
Active(file):     181380 kB
Inactive(file):  1440884 kB
Unevictable:        5532 kB
Mlocked:            5532 kB
SwapTotal:       3145724 kB
SwapFree:        3145724 kB
Dirty:               420 kB
Writeback:             0 kB
AnonPages:       1338792 kB
Mapped:           872344 kB
Shmem:             25968 kB
KReclaimable:     551932 kB
Slab:             219740 kB
SReclaimable:      71612 kB
SUnreclaim:       148128 kB
KernelStack:       48832 kB
PageTables:        67560 kB
NFS_Unstable:          0 kB
Bounce:                0 kB
WritebackTmp:          0 kB
CommitLimit:     9202288 kB
Committed_AS:   75026436 kB
VmallocTotal:   263061440 kB
VmallocUsed:      106040 kB
VmallocChunk:          0 kB
Percpu:             7648 kB
CmaTotal:         294912 kB
CmaFree:               0 kB
MemTotal:       12113132 kB
MemFree:         6458068 kB
MemAvailable:    7763564 kB
Buffers:            4816 kB
Cached:          1647900 kB
SwapCached:            0 kB
Active:          1522200 kB
Inactive:        1464896 kB
Active(anon):    1340796 kB
Inactive(anon):    24032 kB
Active(file):     181404 kB
Inactive(file):  1440864 kB
Unevictable:        5532 kB
Mlocked:            5532 kB
SwapTotal:       3145724 kB
SwapFree:        3145724 kB
Dirty:               440 kB
Writeback:             0 kB
AnonPages:       1339848 kB
Mapped:           872348 kB
Shmem:             25968 kB
KReclaimable:     551932 kB
Slab:             219740 kB
SReclaimable:      71612 kB
SUnreclaim:       148128 kB
KernelStack:       48816 kB
PageTables:        67456 kB
NFS_Unstable:          0 kB
Bounce:                0 kB
WritebackTmp:          0 kB
CommitLimit:     9202288 kB
Committed_AS:   75034296 kB
VmallocTotal:   263061440 kB
VmallocUsed:      106088 kB
VmallocChunk:          0 kB
Percpu:             7648 kB
CmaTotal:         294912 kB
CmaFree:               0 kB
MemTotal:       12113132 kB
MemFree:         6458156 kB
MemAvailable:    7763664 kB
Buffers:            4816 kB
Cached:          1647916 kB
SwapCached:            0 kB
Active:          1522940 kB
Inactive:        1464912 kB
Active(anon):    1341536 kB
Inactive(anon):    24036 kB
Active(file):     181404 kB
Inactive(file):  1440876 kB
Unevictable:        5532 kB
Mlocked:            5532 kB
SwapTotal:       3145724 kB
SwapFree:        3145724 kB
Dirty:               456 kB
Writeback:             0 kB
AnonPages:       1340408 kB
Mapped:           872476 kB
Shmem:             25972 kB
KReclaimable:     551932 kB
Slab:             219744 kB
SReclaimable:      71612 kB
SUnreclaim:       148132 kB
KernelStack:       48864 kB
PageTables:        67536 kB
NFS_Unstable:          0 kB
Bounce:                0 kB
WritebackTmp:          0 kB
CommitLimit:     9202288 kB
Committed_AS:   75024252 kB
VmallocTotal:   263061440 kB
VmallocUsed:      106040 kB
VmallocChunk:          0 kB
Percpu:             7648 kB
CmaTotal:         294912 kB
CmaFree:               0 kB
MemTotal:       12113132 kB
MemFree:         6445680 kB
MemAvailable:    7751204 kB
Buffers:            4816 kB
Cached:          1647932 kB
SwapCached:            0 kB
Active:          1536776 kB
Inactive:        1464928 kB
Active(anon):    1355372 kB
Inactive(anon):    24036 kB
Active(file):     181404 kB
Inactive(file):  1440892 kB
Unevictable:        5532 kB
Mlocked:            5532 kB
SwapTotal:       3145724 kB
SwapFree:        3145724 kB
Dirty:               496 kB
Writeback:             0 kB
AnonPages:       1354616 kB
Mapped:           872340 kB
Shmem:             25972 kB
KReclaimable:     551932 kB
Slab:             219760 kB
SReclaimable:      71612 kB
SUnreclaim:       148148 kB
KernelStack:       48788 kB
PageTables:        67316 kB
NFS_Unstable:          0 kB
Bounce:                0 kB
WritebackTmp:          0 kB
CommitLimit:     9202288 kB
Committed_AS:   75025676 kB
VmallocTotal:   263061440 kB
VmallocUsed:      106024 kB
