MemTotal:       12113136 kB
MemFree:         6357732 kB
MemAvailable:    7961448 kB
Buffers:            5504 kB
Cached:          1833660 kB
SwapCached:            0 kB
Active:          1514944 kB
Inactive:        1595908 kB
Active(anon):    1278172 kB
Inactive(anon):    24528 kB
Active(file):     236772 kB
Inactive(file):  1571380 kB
Unevictable:        5620 kB
Mlocked:            5620 kB
SwapTotal:       3145724 kB
SwapFree:        3145724 kB
Dirty:               148 kB
Writeback:             0 kB
AnonPages:       1277288 kB
Mapped:           863068 kB
Shmem:             26444 kB
KReclaimable:     664268 kB
Slab:             225884 kB
SReclaimable:      77204 kB
SUnreclaim:       148680 kB
KernelStack:       47892 kB
PageTables:        66964 kB
NFS_Unstable:          0 kB
Bounce:                0 kB
WritebackTmp:          0 kB
CommitLimit:     9202292 kB
Committed_AS:   75077220 kB
VmallocTotal:   263061440 kB
VmallocUsed:      104888 kB
VmallocChunk:          0 kB
Percpu:             7552 kB
CmaTotal:         294912 kB
CmaFree:              92 kB
MemTotal:       12113136 kB
MemFree:         6357988 kB
MemAvailable:    7961764 kB
Buffers:            5504 kB
Cached:          1833720 kB
SwapCached:            0 kB
Active:          1514424 kB
Inactive:        1595940 kB
Active(anon):    1277624 kB
Inactive(anon):    24528 kB
Active(file):     236800 kB
Inactive(file):  1571412 kB
Unevictable:        5620 kB
Mlocked:            5620 kB
SwapTotal:       3145724 kB
SwapFree:        3145724 kB
Dirty:               232 kB
Writeback:             0 kB
AnonPages:       1276828 kB
Mapped:           863264 kB
Shmem:             26444 kB
KReclaimable:     664268 kB
Slab:             225824 kB
SReclaimable:      77204 kB
SUnreclaim:       148620 kB
KernelStack:       47872 kB
PageTables:        66968 kB
NFS_Unstable:          0 kB
Bounce:                0 kB
WritebackTmp:          0 kB
CommitLimit:     9202292 kB
Committed_AS:   75077216 kB
VmallocTotal:   263061440 kB
VmallocUsed:      104920 kB
VmallocChunk:          0 kB
Percpu:             7552 kB
CmaTotal:         294912 kB
CmaFree:             172 kB
MemTotal:       12113136 kB
MemFree:         6383840 kB
MemAvailable:    7987636 kB
Buffers:            5504 kB
Cached:          1833740 kB
SwapCached:            0 kB
Active:          1487908 kB
Inactive:        1595952 kB
Active(anon):    1251100 kB
Inactive(anon):    24528 kB
Active(file):     236808 kB
Inactive(file):  1571424 kB
Unevictable:        5620 kB
Mlocked:            5620 kB
SwapTotal:       3145724 kB
SwapFree:        3145724 kB
Dirty:               252 kB
Writeback:             0 kB
AnonPages:       1250304 kB
Mapped:           863072 kB
Shmem:             26444 kB
KReclaimable:     664268 kB
Slab:             225892 kB
SReclaimable:      77204 kB
SUnreclaim:       148688 kB
KernelStack:       47952 kB
PageTables:        67132 kB
NFS_Unstable:          0 kB
Bounce:                0 kB
WritebackTmp:          0 kB
CommitLimit:     9202292 kB
Committed_AS:   75077232 kB
VmallocTotal:   263061440 kB
VmallocUsed:      104888 kB
VmallocChunk:          0 kB
Percpu:             7552 kB
CmaTotal:         294912 kB
CmaFree:               0 kB
MemTotal:       12113136 kB
MemFree:         6384376 kB
MemAvailable:    7988184 kB
Buffers:            5504 kB
Cached:          1833752 kB
SwapCached:            0 kB
Active:          1488704 kB
Inactive:        1595964 kB
Active(anon):    1251896 kB
Inactive(anon):    24528 kB
Active(file):     236808 kB
Inactive(file):  1571436 kB
Unevictable:        5620 kB
Mlocked:            5620 kB
SwapTotal:       3145724 kB
SwapFree:        3145724 kB
Dirty:               268 kB
Writeback:             0 kB
AnonPages:       1251084 kB
Mapped:           863072 kB
Shmem:             26444 kB
KReclaimable:     664268 kB
Slab:             225848 kB
SReclaimable:      77204 kB
SUnreclaim:       148644 kB
KernelStack:       47888 kB
PageTables:        67032 kB
NFS_Unstable:          0 kB
Bounce:                0 kB
WritebackTmp:          0 kB
CommitLimit:     9202292 kB
Committed_AS:   75076924 kB
VmallocTotal:   263061440 kB
VmallocUsed:      104904 kB
VmallocChunk:          0 kB
Percpu:             7552 kB
CmaTotal:         294912 kB
CmaFree:               0 kB
MemTotal:       12113136 kB
MemFree:         6395408 kB
MemAvailable:    7999232 kB
Buffers:            5504 kB
Cached:          1833768 kB
SwapCached:            0 kB
Active:          1476408 kB
Inactive:        1595980 kB
Active(anon):    1239600 kB
Inactive(anon):    24528 kB
Active(file):     236808 kB
Inactive(file):  1571452 kB
Unevictable:        5620 kB
Mlocked:            5620 kB
SwapTotal:       3145724 kB
SwapFree:        3145724 kB
Dirty:               296 kB
Writeback:             0 kB
AnonPages:       1238536 kB
Mapped:           863068 kB
Shmem:             26444 kB
KReclaimable:     664268 kB
Slab:             225908 kB
SReclaimable:      77204 kB
SUnreclaim:       148704 kB
KernelStack:       47904 kB
PageTables:        67072 kB
NFS_Unstable:          0 kB
Bounce:                0 kB
WritebackTmp:          0 kB
CommitLimit:     9202292 kB
Committed_AS:   75076836 kB
VmallocTotal:   263061440 kB
VmallocUsed:      104904 kB
VmallocChunk:          0 kB
Percpu:             7552 kB
CmaTotal:         294912 kB
CmaFree:             536 kB
MemTotal:       12113136 kB
MemFree:         6396000 kB
MemAvailable:    7999840 kB
Buffers:            5508 kB
Cached:          1833780 kB
SwapCached:            0 kB
Active:          1477548 kB
Inactive:        1595992 kB
Active(anon):    1240736 kB
Inactive(anon):    24528 kB
Active(file):     236812 kB
Inactive(file):  1571464 kB
Unevictable:        5620 kB
Mlocked:            5620 kB
SwapTotal:       3145724 kB
SwapFree:        3145724 kB
Dirty:               428 kB
Writeback:             0 kB
AnonPages:       1240100 kB
Mapped:           863072 kB
Shmem:             26444 kB
KReclaimable:     664268 kB
Slab:             225836 kB
SReclaimable:      77204 kB
SUnreclaim:       148632 kB
KernelStack:       47936 kB
PageTables:        67036 kB
NFS_Unstable:          0 kB
Bounce:                0 kB
WritebackTmp:          0 kB
CommitLimit:     9202292 kB
Committed_AS:   75076616 kB
VmallocTotal:   263061440 kB
VmallocUsed:      104920 kB
VmallocChunk:          0 kB
Percpu:             7552 kB
CmaTotal:         294912 kB
CmaFree:             260 kB
MemTotal:       12113136 kB
MemFree:         6394784 kB
MemAvailable:    7998648 kB
Buffers:            5508 kB
Cached:          1833804 kB
SwapCached:            0 kB
Active:          1477368 kB
Inactive:        1596016 kB
Active(anon):    1240556 kB
Inactive(anon):    24528 kB
Active(file):     236812 kB
Inactive(file):  1571488 kB
Unevictable:        5620 kB
Mlocked:            5620 kB
SwapTotal:       3145724 kB
SwapFree:        3145724 kB
Dirty:               232 kB
Writeback:             0 kB
AnonPages:       1239924 kB
Mapped:           863072 kB
Shmem:             26444 kB
KReclaimable:     664268 kB
Slab:             225892 kB
SReclaimable:      77204 kB
SUnreclaim:       148688 kB
KernelStack:       47904 kB
PageTables:        67020 kB
NFS_Unstable:          0 kB
Bounce:                0 kB
WritebackTmp:          0 kB
CommitLimit:     9202292 kB
Committed_AS:   75072596 kB
VmallocTotal:   263061440 kB
VmallocUsed:      104936 kB
VmallocChunk:          0 kB
Percpu:             7552 kB
CmaTotal:         294912 kB
CmaFree:               4 kB
MemTotal:       12113136 kB
MemFree:         6394180 kB
MemAvailable:    7998056 kB
Buffers:            5508 kB
Cached:          1833824 kB
SwapCached:            0 kB
Active:          1478356 kB
Inactive:        1596036 kB
Active(anon):    1241544 kB
Inactive(anon):    24536 kB
Active(file):     236812 kB
Inactive(file):  1571500 kB
Unevictable:        5620 kB
Mlocked:            5620 kB
SwapTotal:       3145724 kB
SwapFree:        3145724 kB
Dirty:               260 kB
Writeback:             0 kB
AnonPages:       1241144 kB
Mapped:           863268 kB
Shmem:             26452 kB
KReclaimable:     664268 kB
Slab:             225864 kB
SReclaimable:      77204 kB
SUnreclaim:       148660 kB
KernelStack:       47840 kB
PageTables:        66976 kB
NFS_Unstable:          0 kB
Bounce:                0 kB
WritebackTmp:          0 kB
CommitLimit:     9202292 kB
Committed_AS:   75073696 kB
VmallocTotal:   263061440 kB
VmallocUsed:      104984 kB
VmallocChunk:          0 kB
Percpu:             7552 kB
CmaTotal:         294912 kB
CmaFree:               0 kB
MemTotal:       12113136 kB
MemFree:         6394372 kB
MemAvailable:    7998260 kB
Buffers:            5508 kB
Cached:          1833836 kB
SwapCached:            0 kB
Active:          1477616 kB
Inactive:        1596048 kB
Active(anon):    1240804 kB
Inactive(anon):    24536 kB
Active(file):     236812 kB
Inactive(file):  1571512 kB
Unevictable:        5620 kB
Mlocked:            5620 kB
SwapTotal:       3145724 kB
SwapFree:        3145724 kB
Dirty:               284 kB
Writeback:             0 kB
AnonPages:       1239560 kB
Mapped:           863148 kB
Shmem:             26452 kB
KReclaimable:     664268 kB
Slab:             225912 kB
SReclaimable:      77204 kB
SUnreclaim:       148708 kB
KernelStack:       47936 kB
PageTables:        67132 kB
NFS_Unstable:          0 kB
Bounce:                0 kB
WritebackTmp:          0 kB
CommitLimit:     9202292 kB
Committed_AS:   75074208 kB
VmallocTotal:   263061440 kB
VmallocUsed:      104952 kB
VmallocChunk:          0 kB
Percpu:             7552 kB
CmaTotal:         294912 kB
CmaFree:               0 kB
MemTotal:       12113136 kB
MemFree:         6394368 kB
MemAvailable:    7998268 kB
Buffers:            5508 kB
Cached:          1833856 kB
SwapCached:            0 kB
Active:          1479536 kB
Inactive:        1596068 kB
Active(anon):    1242724 kB
Inactive(anon):    24544 kB
Active(file):     236812 kB
Inactive(file):  1571524 kB
Unevictable:        5620 kB
Mlocked:            5620 kB
SwapTotal:       3145724 kB
SwapFree:        3145724 kB
Dirty:               316 kB
Writeback:             0 kB
AnonPages:       1241784 kB
Mapped:           863156 kB
Shmem:             26460 kB
KReclaimable:     664268 kB
Slab:             225872 kB
SReclaimable:      77204 kB
SUnreclaim:       148668 kB
KernelStack:       47904 kB
PageTables:        67032 kB
NFS_Unstable:          0 kB
Bounce:                0 kB
WritebackTmp:          0 kB
CommitLimit:     9202292 kB
Committed_AS:   75079688 kB
VmallocTotal:   263061440 kB
VmallocUsed:      104920 kB
VmallocChunk:          0 kB
Percpu:             7552 kB
CmaTotal:         294912 kB
CmaFree:               0 kB
MemTotal:       12113136 kB
MemFree:         6393288 kB
MemAvailable:    7997200 kB
Buffers:            5508 kB
Cached:          1833868 kB
SwapCached:            0 kB
Active:          1478920 kB
Inactive:        1596080 kB
Active(anon):    1242108 kB
Inactive(anon):    24544 kB
Active(file):     236812 kB
Inactive(file):  1571536 kB
Unevictable:        5620 kB
Mlocked:            5620 kB
SwapTotal:       3145724 kB
SwapFree:        3145724 kB
Dirty:               348 kB
Writeback:             0 kB
AnonPages:       1241328 kB
Mapped:           863116 kB
Shmem:             26460 kB
KReclaimable:     664268 kB
Slab:             225892 kB
SReclaimable:      77204 kB
SUnreclaim:       148688 kB
KernelStack:       47920 kB
PageTables:        67132 kB
NFS_Unstable:          0 kB
Bounce:                0 kB
WritebackTmp:          0 kB
CommitLimit:     9202292 kB
Committed_AS:   75080420 kB
VmallocTotal:   263061440 kB
VmallocUsed:      104904 kB
VmallocChunk:          0 kB
Percpu:             7552 kB
CmaTotal:         294912 kB
CmaFree:               0 kB
MemTotal:       12113136 kB
MemFree:         6392600 kB
MemAvailable:    7996528 kB
Buffers:            5508 kB
Cached:          1833884 kB
SwapCached:            0 kB
Active:          1479732 kB
Inactive:        1596092 kB
Active(anon):    1242916 kB
Inactive(anon):    24544 kB
Active(file):     236816 kB
Inactive(file):  1571548 kB
Unevictable:        5620 kB
Mlocked:            5620 kB
SwapTotal:       3145724 kB
SwapFree:        3145724 kB
Dirty:               372 kB
Writeback:             0 kB
AnonPages:       1242144 kB
Mapped:           863276 kB
Shmem:             26460 kB
KReclaimable:     664268 kB
Slab:             225876 kB
SReclaimable:      77204 kB
SUnreclaim:       148672 kB
KernelStack:       47936 kB
PageTables:        66860 kB
NFS_Unstable:          0 kB
Bounce:                0 kB
WritebackTmp:          0 kB
CommitLimit:     9202292 kB
Committed_AS:   75076292 kB
VmallocTotal:   263061440 kB
VmallocUsed:      105000 kB
VmallocChunk:          0 kB
Percpu:             7552 kB
CmaTotal:         294912 kB
CmaFree:               4 kB
MemTotal:       12113136 kB
MemFree:         6390384 kB
MemAvailable:    7994328 kB
Buffers:            5508 kB
Cached:          1833900 kB
SwapCached:            0 kB
Active:          1480448 kB
Inactive:        1596108 kB
Active(anon):    1243632 kB
Inactive(anon):    24544 kB
Active(file):     236816 kB
Inactive(file):  1571564 kB
Unevictable:        5620 kB
Mlocked:            5620 kB
SwapTotal:       3145724 kB
SwapFree:        3145724 kB
Dirty:               388 kB
Writeback:             0 kB
AnonPages:       1242708 kB
Mapped:           863276 kB
Shmem:             26460 kB
KReclaimable:     664268 kB
Slab:             225904 kB
SReclaimable:      77204 kB
SUnreclaim:       148700 kB
KernelStack:       47984 kB
PageTables:        67036 kB
NFS_Unstable:          0 kB
Bounce:                0 kB
WritebackTmp:          0 kB
CommitLimit:     9202292 kB
Committed_AS:   75087356 kB
VmallocTotal:   263061440 kB
VmallocUsed:      105000 kB
VmallocChunk:          0 kB
Percpu:             7552 kB
CmaTotal:         294912 kB
CmaFree:               0 kB
MemTotal:       12113136 kB
MemFree:         6391572 kB
MemAvailable:    7995516 kB
Buffers:            5508 kB
Cached:          1833900 kB
SwapCached:            0 kB
Active:          1481460 kB
Inactive:        1596112 kB
Active(anon):    1244648 kB
Inactive(anon):    24544 kB
Active(file):     236812 kB
Inactive(file):  1571568 kB
Unevictable:        5620 kB
Mlocked:            5620 kB
SwapTotal:       3145724 kB
SwapFree:        3145724 kB
Dirty:               388 kB
Writeback:             0 kB
AnonPages:       1243332 kB
Mapped:           863260 kB
Shmem:             26460 kB
KReclaimable:     664268 kB
Slab:             225872 kB
SReclaimable:      77204 kB
SUnreclaim:       148668 kB
KernelStack:       48016 kB
PageTables:        67152 kB
NFS_Unstable:          0 kB
Bounce:                0 kB
WritebackTmp:          0 kB
CommitLimit:     9202292 kB
Committed_AS:   75087568 kB
VmallocTotal:   263061440 kB
VmallocUsed:      104984 kB
VmallocChunk:          0 kB
Percpu:             7552 kB
CmaTotal:         294912 kB
CmaFree:               0 kB
MemTotal:       12113136 kB
MemFree:         6390764 kB
MemAvailable:    7994724 kB
Buffers:            5508 kB
Cached:          1833920 kB
SwapCached:            0 kB
Active:          1482024 kB
Inactive:        1596132 kB
Active(anon):    1245212 kB
Inactive(anon):    24548 kB
Active(file):     236812 kB
Inactive(file):  1571584 kB
Unevictable:        5620 kB
Mlocked:            5620 kB
SwapTotal:       3145724 kB
SwapFree:        3145724 kB
Dirty:               444 kB
Writeback:             0 kB
AnonPages:       1244564 kB
Mapped:           863040 kB
Shmem:             26464 kB
KReclaimable:     664268 kB
Slab:             225908 kB
SReclaimable:      77204 kB
SUnreclaim:       148704 kB
KernelStack:       48000 kB
PageTables:        67052 kB
NFS_Unstable:          0 kB
Bounce:                0 kB
WritebackTmp:          0 kB
CommitLimit:     9202292 kB
Committed_AS:   75087300 kB
VmallocTotal:   263061440 kB
VmallocUsed:      105032 kB
VmallocChunk:          0 kB
Percpu:             7552 kB
CmaTotal:         294912 kB
CmaFree:               8 kB
MemTotal:       12113136 kB
MemFree:         6389368 kB
MemAvailable:    7993356 kB
Buffers:            5508 kB
Cached:          1833948 kB
SwapCached:            0 kB
Active:          1482808 kB
Inactive:        1596160 kB
Active(anon):    1245996 kB
Inactive(anon):    24548 kB
Active(file):     236812 kB
Inactive(file):  1571612 kB
Unevictable:        5620 kB
Mlocked:            5620 kB
SwapTotal:       3145724 kB
SwapFree:        3145724 kB
Dirty:               504 kB
Writeback:             0 kB
AnonPages:       1245112 kB
Mapped:           863280 kB
Shmem:             26464 kB
KReclaimable:     664268 kB
Slab:             225864 kB
SReclaimable:      77204 kB
SUnreclaim:       148660 kB
KernelStack:       47936 kB
PageTables:        66984 kB
NFS_Unstable:          0 kB
Bounce:                0 kB
WritebackTmp:          0 kB
CommitLimit:     9202292 kB
Committed_AS:   75081188 kB
VmallocTotal:   263061440 kB
VmallocUsed:      105032 kB
VmallocChunk:          0 kB
Percpu:             7552 kB
CmaTotal:         294912 kB
CmaFree:               0 kB
MemTotal:       12113136 kB
MemFree:         6388440 kB
MemAvailable:    7992444 kB
Buffers:            5508 kB
Cached:          1833964 kB
SwapCached:            0 kB
Active:          1483236 kB
Inactive:        1596176 kB
Active(anon):    1246424 kB
Inactive(anon):    24548 kB
Active(file):     236812 kB
Inactive(file):  1571628 kB
Unevictable:        5620 kB
Mlocked:            5620 kB
SwapTotal:       3145724 kB
SwapFree:        3145724 kB
Dirty:               260 kB
Writeback:             0 kB
AnonPages:       1245924 kB
Mapped:           863320 kB
Shmem:             26464 kB
KReclaimable:     664268 kB
Slab:             225912 kB
SReclaimable:      77204 kB
SUnreclaim:       148708 kB
KernelStack:       48000 kB
PageTables:        67136 kB
NFS_Unstable:          0 kB
Bounce:                0 kB
WritebackTmp:          0 kB
CommitLimit:     9202292 kB
Committed_AS:   75079292 kB
VmallocTotal:   263061440 kB
VmallocUsed:      105000 kB
VmallocChunk:          0 kB
Percpu:             7552 kB
CmaTotal:         294912 kB
CmaFree:               0 kB
MemTotal:       12113136 kB
MemFree:         6387924 kB
MemAvailable:    7991940 kB
Buffers:            5508 kB
Cached:          1833976 kB
SwapCached:            0 kB
Active:          1484472 kB
Inactive:        1596184 kB
Active(anon):    1247656 kB
Inactive(anon):    24548 kB
Active(file):     236816 kB
Inactive(file):  1571636 kB
Unevictable:        5620 kB
Mlocked:            5620 kB
SwapTotal:       3145724 kB
SwapFree:        3145724 kB
Dirty:               252 kB
Writeback:             0 kB
AnonPages:       1246848 kB
Mapped:           863280 kB
Shmem:             26464 kB
KReclaimable:     664268 kB
Slab:             225868 kB
SReclaimable:      77204 kB
SUnreclaim:       148664 kB
KernelStack:       47936 kB
PageTables:        66980 kB
NFS_Unstable:          0 kB
Bounce:                0 kB
WritebackTmp:          0 kB
CommitLimit:     9202292 kB
Committed_AS:   75084344 kB
VmallocTotal:   263061440 kB
VmallocUsed:      105000 kB
VmallocChunk:          0 kB
Percpu:             7552 kB
CmaTotal:         294912 kB
CmaFree:               0 kB
MemTotal:       12113136 kB
MemFree:         6386756 kB
MemAvailable:    7990776 kB
Buffers:            5508 kB
Cached:          1833980 kB
SwapCached:            0 kB
Active:          1484964 kB
Inactive:        1596192 kB
Active(anon):    1248152 kB
Inactive(anon):    24548 kB
Active(file):     236812 kB
Inactive(file):  1571644 kB
Unevictable:        5620 kB
Mlocked:            5620 kB
SwapTotal:       3145724 kB
SwapFree:        3145724 kB
Dirty:               280 kB
Writeback:             0 kB
AnonPages:       1247188 kB
Mapped:           863144 kB
Shmem:             26464 kB
KReclaimable:     664268 kB
Slab:             225900 kB
SReclaimable:      77204 kB
SUnreclaim:       148696 kB
KernelStack:       47948 kB
PageTables:        67148 kB
NFS_Unstable:          0 kB
Bounce:                0 kB
WritebackTmp:          0 kB
CommitLimit:     9202292 kB
Committed_AS:   75081844 kB
VmallocTotal:   263061440 kB
VmallocUsed:      105000 kB
VmallocChunk:          0 kB
Percpu:             7552 kB
CmaTotal:         294912 kB
CmaFree:               0 kB
MemTotal:       12113136 kB
MemFree:         6385440 kB
MemAvailable:    7989468 kB
Buffers:            5508 kB
Cached:          1833988 kB
SwapCached:            0 kB
Active:          1486284 kB
Inactive:        1596200 kB
Active(anon):    1249472 kB
Inactive(anon):    24548 kB
Active(file):     236812 kB
Inactive(file):  1571652 kB
Unevictable:        5620 kB
Mlocked:            5620 kB
SwapTotal:       3145724 kB
SwapFree:        3145724 kB
Dirty:               316 kB
Writeback:             0 kB
AnonPages:       1248932 kB
Mapped:           863280 kB
Shmem:             26464 kB
KReclaimable:     664268 kB
Slab:             225928 kB
SReclaimable:      77204 kB
SUnreclaim:       148724 kB
KernelStack:       47936 kB
PageTables:        66980 kB
NFS_Unstable:          0 kB
Bounce:                0 kB
WritebackTmp:          0 kB
CommitLimit:     9202292 kB
Committed_AS:   75086464 kB
VmallocTotal:   263061440 kB
VmallocUsed:      105032 kB
VmallocChunk:          0 kB
Percpu:             7552 kB
CmaTotal:         294912 kB
CmaFree:               4 kB
MemTotal:       12113136 kB
MemFree:         6385836 kB
MemAvailable:    7989880 kB
Buffers:            5508 kB
Cached:          1834004 kB
SwapCached:            0 kB
Active:          1486548 kB
Inactive:        1596216 kB
Active(anon):    1249736 kB
Inactive(anon):    24548 kB
Active(file):     236812 kB
Inactive(file):  1571668 kB
Unevictable:        5620 kB
Mlocked:            5620 kB
SwapTotal:       3145724 kB
SwapFree:        3145724 kB
Dirty:               336 kB
Writeback:             0 kB
AnonPages:       1248904 kB
Mapped:           863092 kB
Shmem:             26464 kB
KReclaimable:     664268 kB
Slab:             225892 kB
SReclaimable:      77204 kB
SUnreclaim:       148688 kB
KernelStack:       47984 kB
PageTables:        67056 kB
NFS_Unstable:          0 kB
Bounce:                0 kB
WritebackTmp:          0 kB
CommitLimit:     9202292 kB
Committed_AS:   75086240 kB
VmallocTotal:   263061440 kB
VmallocUsed:      105064 kB
VmallocChunk:          0 kB
Percpu:             7552 kB
CmaTotal:         294912 kB
CmaFree:               0 kB
MemTotal:       12113136 kB
MemFree:         6384936 kB
MemAvailable:    7989016 kB
Buffers:            5512 kB
Cached:          1834052 kB
SwapCached:            0 kB
Active:          1486968 kB
Inactive:        1596264 kB
Active(anon):    1250152 kB
Inactive(anon):    24564 kB
Active(file):     236816 kB
Inactive(file):  1571700 kB
Unevictable:        5620 kB
Mlocked:            5620 kB
SwapTotal:       3145724 kB
SwapFree:        3145724 kB
Dirty:               336 kB
Writeback:             0 kB
AnonPages:       1249452 kB
Mapped:           863296 kB
Shmem:             26480 kB
KReclaimable:     664268 kB
Slab:             225904 kB
SReclaimable:      77204 kB
SUnreclaim:       148700 kB
KernelStack:       47952 kB
PageTables:        66968 kB
NFS_Unstable:          0 kB
Bounce:                0 kB
WritebackTmp:          0 kB
CommitLimit:     9202292 kB
Committed_AS:   75085904 kB
VmallocTotal:   263061440 kB
VmallocUsed:      105064 kB
VmallocChunk:          0 kB
Percpu:             7552 kB
CmaTotal:         294912 kB
CmaFree:               0 kB
MemTotal:       12113136 kB
MemFree:         6384440 kB
MemAvailable:    7988528 kB
Buffers:            5512 kB
Cached:          1834060 kB
SwapCached:            0 kB
Active:          1488024 kB
Inactive:        1596272 kB
Active(anon):    1251208 kB
Inactive(anon):    24564 kB
Active(file):     236816 kB
Inactive(file):  1571708 kB
Unevictable:        5620 kB
Mlocked:            5620 kB
SwapTotal:       3145724 kB
SwapFree:        3145724 kB
Dirty:               248 kB
Writeback:             0 kB
AnonPages:       1250700 kB
Mapped:           863296 kB
Shmem:             26480 kB
KReclaimable:     664268 kB
Slab:             225900 kB
SReclaimable:      77204 kB
SUnreclaim:       148696 kB
KernelStack:       47968 kB
PageTables:        67104 kB
NFS_Unstable:          0 kB
Bounce:                0 kB
WritebackTmp:          0 kB
CommitLimit:     9202292 kB
Committed_AS:   75081748 kB
VmallocTotal:   263061440 kB
VmallocUsed:      105032 kB
VmallocChunk:          0 kB
Percpu:             7552 kB
CmaTotal:         294912 kB
CmaFree:               0 kB
MemTotal:       12113136 kB
MemFree:         6347536 kB
MemAvailable:    7951640 kB
Buffers:            5512 kB
Cached:          1843132 kB
SwapCached:            0 kB
Active:          1516416 kB
Inactive:        1605352 kB
Active(anon):    1279600 kB
Inactive(anon):    33628 kB
Active(file):     236816 kB
Inactive(file):  1571724 kB
Unevictable:        5620 kB
Mlocked:            5620 kB
SwapTotal:       3145724 kB
SwapFree:        3145724 kB
Dirty:               300 kB
Writeback:             0 kB
AnonPages:       1278628 kB
Mapped:           872368 kB
Shmem:             35536 kB
KReclaimable:     664268 kB
Slab:             225900 kB
SReclaimable:      77204 kB
SUnreclaim:       148696 kB
KernelStack:       47952 kB
PageTables:        67000 kB
NFS_Unstable:          0 kB
Bounce:                0 kB
WritebackTmp:          0 kB
CommitLimit:     9202292 kB
Committed_AS:   75096296 kB
VmallocTotal:   263061440 kB
VmallocUsed:      105048 kB
VmallocChunk:          0 kB
Percpu:             7552 kB
CmaTotal:         294912 kB
CmaFree:               4 kB
MemTotal:       12113136 kB
MemFree:         6345928 kB
MemAvailable:    7950040 kB
Buffers:            5512 kB
Cached:          1834088 kB
SwapCached:            0 kB
Active:          1525872 kB
Inactive:        1596300 kB
Active(anon):    1289056 kB
Inactive(anon):    24568 kB
Active(file):     236816 kB
Inactive(file):  1571732 kB
Unevictable:        5620 kB
Mlocked:            5620 kB
SwapTotal:       3145724 kB
SwapFree:        3145724 kB
Dirty:               308 kB
Writeback:             0 kB
AnonPages:       1288548 kB
Mapped:           863300 kB
Shmem:             26484 kB
KReclaimable:     664268 kB
Slab:             225884 kB
SReclaimable:      77204 kB
SUnreclaim:       148680 kB
KernelStack:       48000 kB
PageTables:        67076 kB
NFS_Unstable:          0 kB
Bounce:                0 kB
WritebackTmp:          0 kB
CommitLimit:     9202292 kB
Committed_AS:   75087072 kB
VmallocTotal:   263061440 kB
VmallocUsed:      105048 kB
VmallocChunk:          0 kB
Percpu:             7552 kB
CmaTotal:         294912 kB
CmaFree:               0 kB
MemTotal:       12113136 kB
MemFree:         6345700 kB
MemAvailable:    7949828 kB
Buffers:            5512 kB
Cached:          1834104 kB
SwapCached:            0 kB
Active:          1526732 kB
Inactive:        1596316 kB
Active(anon):    1289916 kB
Inactive(anon):    24568 kB
Active(file):     236816 kB
Inactive(file):  1571748 kB
Unevictable:        5620 kB
Mlocked:            5620 kB
SwapTotal:       3145724 kB
SwapFree:        3145724 kB
Dirty:               328 kB
Writeback:             0 kB
AnonPages:       1289304 kB
Mapped:           863300 kB
Shmem:             26484 kB
KReclaimable:     664268 kB
Slab:             225880 kB
SReclaimable:      77204 kB
SUnreclaim:       148676 kB
KernelStack:       47920 kB
PageTables:        66976 kB
NFS_Unstable:          0 kB
Bounce:                0 kB
WritebackTmp:          0 kB
CommitLimit:     9202292 kB
Committed_AS:   75084528 kB
VmallocTotal:   263061440 kB
VmallocUsed:      105048 kB
VmallocChunk:          0 kB
Percpu:             7552 kB
CmaTotal:         294912 kB
CmaFree:               0 kB
MemTotal:       12113136 kB
MemFree:         6345052 kB
MemAvailable:    7949184 kB
Buffers:            5512 kB
Cached:          1834108 kB
SwapCached:            0 kB
Active:          1527008 kB
Inactive:        1596320 kB
Active(anon):    1290192 kB
Inactive(anon):    24568 kB
Active(file):     236816 kB
Inactive(file):  1571752 kB
Unevictable:        5620 kB
Mlocked:            5620 kB
SwapTotal:       3145724 kB
SwapFree:        3145724 kB
Dirty:               364 kB
Writeback:             0 kB
AnonPages:       1289488 kB
Mapped:           863300 kB
Shmem:             26484 kB
KReclaimable:     664268 kB
Slab:             225872 kB
SReclaimable:      77204 kB
SUnreclaim:       148668 kB
KernelStack:       47968 kB
PageTables:        67024 kB
NFS_Unstable:          0 kB
Bounce:                0 kB
WritebackTmp:          0 kB
CommitLimit:     9202292 kB
Committed_AS:   75093976 kB
VmallocTotal:   263061440 kB
VmallocUsed:      105048 kB
VmallocChunk:          0 kB
Percpu:             7552 kB
CmaTotal:         294912 kB
CmaFree:               0 kB
MemTotal:       12113136 kB
MemFree:         6343752 kB
MemAvailable:    7947900 kB
Buffers:            5512 kB
Cached:          1834124 kB
SwapCached:            0 kB
Active:          1527312 kB
Inactive:        1596336 kB
Active(anon):    1290496 kB
Inactive(anon):    24568 kB
Active(file):     236816 kB
Inactive(file):  1571768 kB
Unevictable:        5620 kB
Mlocked:            5620 kB
SwapTotal:       3145724 kB
SwapFree:        3145724 kB
Dirty:               380 kB
Writeback:             0 kB
AnonPages:       1289868 kB
Mapped:           863300 kB
Shmem:             26484 kB
KReclaimable:     664268 kB
Slab:             225884 kB
SReclaimable:      77204 kB
SUnreclaim:       148680 kB
KernelStack:       47952 kB
PageTables:        66988 kB
NFS_Unstable:          0 kB
Bounce:                0 kB
WritebackTmp:          0 kB
CommitLimit:     9202292 kB
Committed_AS:   75093840 kB
VmallocTotal:   263061440 kB
VmallocUsed:      105080 kB
VmallocChunk:          0 kB
Percpu:             7552 kB
CmaTotal:         294912 kB
CmaFree:               0 kB
MemTotal:       12113136 kB
MemFree:         6371672 kB
MemAvailable:    7975836 kB
Buffers:            5512 kB
Cached:          1834140 kB
SwapCached:            0 kB
Active:          1499840 kB
Inactive:        1596352 kB
Active(anon):    1263024 kB
Inactive(anon):    24568 kB
Active(file):     236816 kB
Inactive(file):  1571784 kB
Unevictable:        5620 kB
Mlocked:            5620 kB
SwapTotal:       3145724 kB
SwapFree:        3145724 kB
Dirty:               412 kB
Writeback:             0 kB
AnonPages:       1262372 kB
Mapped:           863108 kB
Shmem:             26484 kB
KReclaimable:     664268 kB
Slab:             225980 kB
SReclaimable:      77204 kB
SUnreclaim:       148776 kB
KernelStack:       47968 kB
PageTables:        67036 kB
NFS_Unstable:          0 kB
Bounce:                0 kB
WritebackTmp:          0 kB
CommitLimit:     9202292 kB
Committed_AS:   75081416 kB
VmallocTotal:   263061440 kB
VmallocUsed:      105064 kB
VmallocChunk:          0 kB
Percpu:             7552 kB
CmaTotal:         294912 kB
CmaFree:               0 kB
MemTotal:       12113136 kB
MemFree:         6370916 kB
MemAvailable:    7975084 kB
Buffers:            5512 kB
Cached:          1834144 kB
SwapCached:            0 kB
Active:          1500648 kB
Inactive:        1596356 kB
Active(anon):    1263832 kB
Inactive(anon):    24568 kB
Active(file):     236816 kB
Inactive(file):  1571788 kB
Unevictable:        5620 kB
Mlocked:            5620 kB
SwapTotal:       3145724 kB
SwapFree:        3145724 kB
Dirty:               420 kB
Writeback:             0 kB
AnonPages:       1262964 kB
Mapped:           863300 kB
Shmem:             26484 kB
KReclaimable:     664268 kB
Slab:             225900 kB
SReclaimable:      77204 kB
SUnreclaim:       148696 kB
KernelStack:       47968 kB
PageTables:        66980 kB
NFS_Unstable:          0 kB
Bounce:                0 kB
WritebackTmp:          0 kB
CommitLimit:     9202292 kB
Committed_AS:   75080808 kB
VmallocTotal:   263061440 kB
VmallocUsed:      105064 kB
VmallocChunk:          0 kB
Percpu:             7552 kB
CmaTotal:         294912 kB
CmaFree:               0 kB
MemTotal:       12113136 kB
MemFree:         6377712 kB
MemAvailable:    7981920 kB
Buffers:            5512 kB
Cached:          1834184 kB
SwapCached:            0 kB
Active:          1494492 kB
Inactive:        1596392 kB
Active(anon):    1257672 kB
Inactive(anon):    24568 kB
Active(file):     236820 kB
Inactive(file):  1571824 kB
Unevictable:        5620 kB
Mlocked:            5620 kB
SwapTotal:       3145724 kB
SwapFree:        3145724 kB
Dirty:               472 kB
Writeback:             0 kB
AnonPages:       1256972 kB
Mapped:           862688 kB
Shmem:             26484 kB
KReclaimable:     664268 kB
Slab:             225896 kB
SReclaimable:      77204 kB
SUnreclaim:       148692 kB
KernelStack:       48000 kB
PageTables:        67044 kB
NFS_Unstable:          0 kB
Bounce:                0 kB
WritebackTmp:          0 kB
CommitLimit:     9202292 kB
Committed_AS:   75085756 kB
VmallocTotal:   263061440 kB
VmallocUsed:      105048 kB
VmallocChunk:          0 kB
Percpu:             7552 kB
CmaTotal:         294912 kB
CmaFree:               0 kB
MemTotal:       12113136 kB
MemFree:         6376324 kB
MemAvailable:    7980536 kB
Buffers:            5512 kB
Cached:          1834188 kB
SwapCached:            0 kB
Active:          1495032 kB
Inactive:        1596400 kB
Active(anon):    1258216 kB
Inactive(anon):    24568 kB
Active(file):     236816 kB
Inactive(file):  1571832 kB
Unevictable:        5620 kB
Mlocked:            5620 kB
SwapTotal:       3145724 kB
SwapFree:        3145724 kB
Dirty:               496 kB
Writeback:             0 kB
AnonPages:       1257676 kB
Mapped:           862496 kB
Shmem:             26484 kB
KReclaimable:     664268 kB
Slab:             225896 kB
SReclaimable:      77204 kB
SUnreclaim:       148692 kB
KernelStack:       47952 kB
PageTables:        66960 kB
NFS_Unstable:          0 kB
Bounce:                0 kB
WritebackTmp:          0 kB
CommitLimit:     9202292 kB
Committed_AS:   75086280 kB
VmallocTotal:   263061440 kB
VmallocUsed:      105016 kB
VmallocChunk:          0 kB
Percpu:             7552 kB
CmaTotal:         294912 kB
CmaFree:               0 kB
MemTotal:       12113136 kB
MemFree:         6387024 kB
MemAvailable:    7991244 kB
Buffers:            5512 kB
Cached:          1834196 kB
SwapCached:            0 kB
Active:          1482528 kB
Inactive:        1596408 kB
Active(anon):    1245712 kB
Inactive(anon):    24568 kB
Active(file):     236816 kB
Inactive(file):  1571840 kB
Unevictable:        5620 kB
Mlocked:            5620 kB
SwapTotal:       3145724 kB
SwapFree:        3145724 kB
Dirty:               504 kB
Writeback:             0 kB
AnonPages:       1245044 kB
Mapped:           862496 kB
Shmem:             26484 kB
KReclaimable:     664268 kB
Slab:             225900 kB
SReclaimable:      77204 kB
SUnreclaim:       148696 kB
KernelStack:       47968 kB
PageTables:        67036 kB
NFS_Unstable:          0 kB
Bounce:                0 kB
WritebackTmp:          0 kB
CommitLimit:     9202292 kB
Committed_AS:   75090648 kB
VmallocTotal:   263061440 kB
VmallocUsed:      105000 kB
VmallocChunk:          0 kB
Percpu:             7552 kB
CmaTotal:         294912 kB
CmaFree:             508 kB
MemTotal:       12113136 kB
MemFree:         6389808 kB
MemAvailable:    7994044 kB
Buffers:            5512 kB
Cached:          1834212 kB
SwapCached:            0 kB
Active:          1481308 kB
Inactive:        1596424 kB
Active(anon):    1244492 kB
Inactive(anon):    24568 kB
Active(file):     236816 kB
Inactive(file):  1571856 kB
Unevictable:        5620 kB
Mlocked:            5620 kB
SwapTotal:       3145724 kB
SwapFree:        3145724 kB
Dirty:               524 kB
Writeback:             0 kB
AnonPages:       1243468 kB
Mapped:           862500 kB
Shmem:             26484 kB
KReclaimable:     664268 kB
Slab:             225892 kB
SReclaimable:      77204 kB
SUnreclaim:       148688 kB
KernelStack:       48000 kB
PageTables:        67048 kB
NFS_Unstable:          0 kB
Bounce:                0 kB
WritebackTmp:          0 kB
CommitLimit:     9202292 kB
Committed_AS:   75090380 kB
VmallocTotal:   263061440 kB
VmallocUsed:      105000 kB
VmallocChunk:          0 kB
Percpu:             7552 kB
CmaTotal:         294912 kB
CmaFree:               0 kB
MemTotal:       12113136 kB
MemFree:         6388972 kB
MemAvailable:    7993220 kB
Buffers:            5512 kB
Cached:          1834224 kB
SwapCached:            0 kB
Active:          1481036 kB
Inactive:        1596436 kB
Active(anon):    1244220 kB
Inactive(anon):    24568 kB
Active(file):     236816 kB
Inactive(file):  1571868 kB
Unevictable:        5620 kB
Mlocked:            5620 kB
SwapTotal:       3145724 kB
SwapFree:        3145724 kB
Dirty:               536 kB
Writeback:             0 kB
AnonPages:       1243352 kB
Mapped:           862668 kB
Shmem:             26484 kB
KReclaimable:     664268 kB
Slab:             225900 kB
SReclaimable:      77204 kB
SUnreclaim:       148696 kB
KernelStack:       47984 kB
PageTables:        67120 kB
NFS_Unstable:          0 kB
Bounce:                0 kB
WritebackTmp:          0 kB
CommitLimit:     9202292 kB
Committed_AS:   75087604 kB
VmallocTotal:   263061440 kB
VmallocUsed:      105032 kB
VmallocChunk:          0 kB
Percpu:             7552 kB
CmaTotal:         294912 kB
CmaFree:               0 kB
MemTotal:       12113136 kB
MemFree:         6388920 kB
MemAvailable:    7993196 kB
Buffers:            5516 kB
Cached:          1834248 kB
SwapCached:            0 kB
Active:          1481896 kB
Inactive:        1596460 kB
Active(anon):    1245076 kB
Inactive(anon):    24568 kB
Active(file):     236820 kB
Inactive(file):  1571892 kB
Unevictable:        5620 kB
Mlocked:            5620 kB
SwapTotal:       3145724 kB
SwapFree:        3145724 kB
Dirty:               576 kB
Writeback:             0 kB
AnonPages:       1244356 kB
Mapped:           862500 kB
Shmem:             26484 kB
KReclaimable:     664268 kB
Slab:             225904 kB
SReclaimable:      77204 kB
SUnreclaim:       148700 kB
KernelStack:       47968 kB
PageTables:        67048 kB
NFS_Unstable:          0 kB
Bounce:                0 kB
WritebackTmp:          0 kB
CommitLimit:     9202292 kB
Committed_AS:   75087492 kB
VmallocTotal:   263061440 kB
VmallocUsed:      105016 kB
VmallocChunk:          0 kB
Percpu:             7552 kB
CmaTotal:         294912 kB
CmaFree:               0 kB
MemTotal:       12113136 kB
MemFree:         6388692 kB
MemAvailable:    7992988 kB
Buffers:            5516 kB
Cached:          1834268 kB
SwapCached:            0 kB
Active:          1482740 kB
Inactive:        1596480 kB
Active(anon):    1245920 kB
Inactive(anon):    24568 kB
Active(file):     236820 kB
Inactive(file):  1571912 kB
Unevictable:        5620 kB
Mlocked:            5620 kB
SwapTotal:       3145724 kB
SwapFree:        3145724 kB
Dirty:               552 kB
Writeback:             0 kB
AnonPages:       1245216 kB
Mapped:           862596 kB
Shmem:             26484 kB
KReclaimable:     664268 kB
Slab:             225904 kB
SReclaimable:      77204 kB
SUnreclaim:       148700 kB
KernelStack:       48000 kB
PageTables:        67060 kB
NFS_Unstable:          0 kB
Bounce:                0 kB
WritebackTmp:          0 kB
CommitLimit:     9202292 kB
Committed_AS:   75081952 kB
VmallocTotal:   263061440 kB
VmallocUsed:      105016 kB
VmallocChunk:          0 kB
Percpu:             7552 kB
CmaTotal:         294912 kB
CmaFree:               0 kB
MemTotal:       12113136 kB
MemFree:         6388368 kB
MemAvailable:    7992668 kB
Buffers:            5516 kB
Cached:          1834272 kB
SwapCached:            0 kB
Active:          1483680 kB
Inactive:        1596484 kB
Active(anon):    1246860 kB
Inactive(anon):    24568 kB
Active(file):     236820 kB
Inactive(file):  1571916 kB
Unevictable:        5620 kB
Mlocked:            5620 kB
SwapTotal:       3145724 kB
SwapFree:        3145724 kB
Dirty:               200 kB
Writeback:             0 kB
AnonPages:       1245944 kB
Mapped:           862500 kB
Shmem:             26484 kB
KReclaimable:     664268 kB
Slab:             225908 kB
SReclaimable:      77204 kB
SUnreclaim:       148704 kB
KernelStack:       47984 kB
PageTables:        67048 kB
NFS_Unstable:          0 kB
Bounce:                0 kB
WritebackTmp:          0 kB
CommitLimit:     9202292 kB
Committed_AS:   75088060 kB
VmallocTotal:   263061440 kB
VmallocUsed:      105000 kB
VmallocChunk:          0 kB
Percpu:             7552 kB
CmaTotal:         294912 kB
CmaFree:               0 kB
MemTotal:       12113136 kB
MemFree:         6387716 kB
MemAvailable:    7992024 kB
Buffers:            5516 kB
Cached:          1834280 kB
SwapCached:            0 kB
Active:          1484424 kB
Inactive:        1596492 kB
Active(anon):    1247604 kB
Inactive(anon):    24568 kB
Active(file):     236820 kB
Inactive(file):  1571924 kB
Unevictable:        5620 kB
Mlocked:            5620 kB
SwapTotal:       3145724 kB
SwapFree:        3145724 kB
Dirty:               284 kB
Writeback:             0 kB
AnonPages:       1246432 kB
Mapped:           862500 kB
Shmem:             26484 kB
KReclaimable:     664268 kB
Slab:             225908 kB
SReclaimable:      77204 kB
SUnreclaim:       148704 kB
KernelStack:       48016 kB
PageTables:        67156 kB
NFS_Unstable:          0 kB
Bounce:                0 kB
WritebackTmp:          0 kB
CommitLimit:     9202292 kB
Committed_AS:   75087832 kB
VmallocTotal:   263061440 kB
VmallocUsed:      105032 kB
VmallocChunk:          0 kB
Percpu:             7552 kB
CmaTotal:         294912 kB
CmaFree:               0 kB
MemTotal:       12113136 kB
MemFree:         6387348 kB
MemAvailable:    7991680 kB
Buffers:            5516 kB
Cached:          1834304 kB
SwapCached:            0 kB
Active:          1485148 kB
Inactive:        1596516 kB
Active(anon):    1248328 kB
Inactive(anon):    24568 kB
Active(file):     236820 kB
Inactive(file):  1571948 kB
Unevictable:        5620 kB
Mlocked:            5620 kB
SwapTotal:       3145724 kB
SwapFree:        3145724 kB
Dirty:               324 kB
Writeback:             0 kB
AnonPages:       1247588 kB
Mapped:           862688 kB
Shmem:             26484 kB
KReclaimable:     664268 kB
Slab:             225916 kB
SReclaimable:      77204 kB
SUnreclaim:       148712 kB
KernelStack:       47952 kB
PageTables:        66976 kB
NFS_Unstable:          0 kB
Bounce:                0 kB
WritebackTmp:          0 kB
CommitLimit:     9202292 kB
Committed_AS:   75087624 kB
VmallocTotal:   263061440 kB
VmallocUsed:      105032 kB
VmallocChunk:          0 kB
Percpu:             7552 kB
CmaTotal:         294912 kB
CmaFree:               0 kB
MemTotal:       12113136 kB
MemFree:         6386972 kB
MemAvailable:    7991312 kB
Buffers:            5516 kB
Cached:          1834312 kB
SwapCached:            0 kB
Active:          1485844 kB
Inactive:        1596524 kB
Active(anon):    1249024 kB
Inactive(anon):    24568 kB
Active(file):     236820 kB
Inactive(file):  1571956 kB
Unevictable:        5620 kB
Mlocked:            5620 kB
SwapTotal:       3145724 kB
SwapFree:        3145724 kB
Dirty:               348 kB
Writeback:             0 kB
AnonPages:       1248072 kB
Mapped:           862500 kB
Shmem:             26484 kB
KReclaimable:     664268 kB
Slab:             225912 kB
SReclaimable:      77204 kB
SUnreclaim:       148708 kB
KernelStack:       48000 kB
PageTables:        67092 kB
NFS_Unstable:          0 kB
Bounce:                0 kB
WritebackTmp:          0 kB
CommitLimit:     9202292 kB
Committed_AS:   75083220 kB
VmallocTotal:   263061440 kB
VmallocUsed:      105032 kB
VmallocChunk:          0 kB
Percpu:             7552 kB
CmaTotal:         294912 kB
CmaFree:               4 kB
MemTotal:       12113136 kB
MemFree:         6385360 kB
MemAvailable:    7989712 kB
Buffers:            5516 kB
Cached:          1834324 kB
SwapCached:            0 kB
Active:          1486144 kB
Inactive:        1596536 kB
Active(anon):    1249324 kB
Inactive(anon):    24568 kB
Active(file):     236820 kB
Inactive(file):  1571968 kB
Unevictable:        5620 kB
Mlocked:            5620 kB
SwapTotal:       3145724 kB
SwapFree:        3145724 kB
Dirty:               360 kB
Writeback:             0 kB
AnonPages:       1248552 kB
Mapped:           862496 kB
Shmem:             26484 kB
KReclaimable:     664268 kB
Slab:             225904 kB
SReclaimable:      77204 kB
SUnreclaim:       148700 kB
KernelStack:       47952 kB
PageTables:        66988 kB
NFS_Unstable:          0 kB
Bounce:                0 kB
WritebackTmp:          0 kB
CommitLimit:     9202292 kB
Committed_AS:   75082708 kB
VmallocTotal:   263061440 kB
VmallocUsed:      105048 kB
VmallocChunk:          0 kB
Percpu:             7552 kB
CmaTotal:         294912 kB
CmaFree:               0 kB
MemTotal:       12113136 kB
MemFree:         6385080 kB
MemAvailable:    7989440 kB
Buffers:            5516 kB
Cached:          1834332 kB
SwapCached:            0 kB
Active:          1486860 kB
Inactive:        1596544 kB
Active(anon):    1250040 kB
Inactive(anon):    24568 kB
Active(file):     236820 kB
Inactive(file):  1571976 kB
Unevictable:        5620 kB
Mlocked:            5620 kB
SwapTotal:       3145724 kB
SwapFree:        3145724 kB
Dirty:               208 kB
Writeback:             0 kB
AnonPages:       1249420 kB
Mapped:           862500 kB
Shmem:             26484 kB
KReclaimable:     664268 kB
Slab:             225912 kB
SReclaimable:      77204 kB
SUnreclaim:       148708 kB
KernelStack:       47984 kB
PageTables:        67044 kB
NFS_Unstable:          0 kB
Bounce:                0 kB
WritebackTmp:          0 kB
CommitLimit:     9202292 kB
Committed_AS:   75087624 kB
VmallocTotal:   263061440 kB
VmallocUsed:      105016 kB
VmallocChunk:          0 kB
Percpu:             7552 kB
CmaTotal:         294912 kB
CmaFree:               0 kB
MemTotal:       12113136 kB
MemFree:         6386736 kB
MemAvailable:    7991116 kB
Buffers:            5516 kB
Cached:          1834352 kB
SwapCached:            0 kB
Active:          1485076 kB
Inactive:        1596564 kB
Active(anon):    1248256 kB
Inactive(anon):    24568 kB
Active(file):     236820 kB
Inactive(file):  1571996 kB
Unevictable:        5620 kB
Mlocked:            5620 kB
SwapTotal:       3145724 kB
SwapFree:        3145724 kB
Dirty:               292 kB
Writeback:             0 kB
AnonPages:       1247640 kB
Mapped:           862500 kB
Shmem:             26484 kB
KReclaimable:     664268 kB
Slab:             225920 kB
SReclaimable:      77204 kB
SUnreclaim:       148716 kB
KernelStack:       48000 kB
PageTables:        67172 kB
NFS_Unstable:          0 kB
Bounce:                0 kB
WritebackTmp:          0 kB
CommitLimit:     9202292 kB
Committed_AS:   75081856 kB
VmallocTotal:   263061440 kB
VmallocUsed:      105000 kB
VmallocChunk:          0 kB
Percpu:             7552 kB
CmaTotal:         294912 kB
CmaFree:             224 kB
MemTotal:       12113136 kB
MemFree:         6386400 kB
MemAvailable:    7990800 kB
Buffers:            5516 kB
Cached:          1834372 kB
SwapCached:            0 kB
Active:          1486240 kB
Inactive:        1596580 kB
Active(anon):    1249416 kB
Inactive(anon):    24568 kB
Active(file):     236824 kB
Inactive(file):  1572012 kB
Unevictable:        5620 kB
Mlocked:            5620 kB
SwapTotal:       3145724 kB
SwapFree:        3145724 kB
Dirty:               320 kB
Writeback:             0 kB
AnonPages:       1248508 kB
Mapped:           862496 kB
Shmem:             26484 kB
KReclaimable:     664268 kB
Slab:             225920 kB
SReclaimable:      77204 kB
SUnreclaim:       148716 kB
KernelStack:       48000 kB
PageTables:        66960 kB
NFS_Unstable:          0 kB
Bounce:                0 kB
WritebackTmp:          0 kB
CommitLimit:     9202292 kB
Committed_AS:   75073068 kB
VmallocTotal:   263061440 kB
VmallocUsed:      105032 kB
VmallocChunk:          0 kB
Percpu:             7552 kB
CmaTotal:         294912 kB
CmaFree:               0 kB
MemTotal:       12113136 kB
MemFree:         6385200 kB
MemAvailable:    7989620 kB
Buffers:            5516 kB
Cached:          1834392 kB
SwapCached:            0 kB
Active:          1485888 kB
Inactive:        1596604 kB
Active(anon):    1249068 kB
Inactive(anon):    24568 kB
Active(file):     236820 kB
Inactive(file):  1572036 kB
Unevictable:        5620 kB
Mlocked:            5620 kB
SwapTotal:       3145724 kB
SwapFree:        3145724 kB
Dirty:               364 kB
Writeback:             0 kB
AnonPages:       1248608 kB
Mapped:           862500 kB
Shmem:             26484 kB
KReclaimable:     664268 kB
Slab:             225920 kB
SReclaimable:      77204 kB
SUnreclaim:       148716 kB
KernelStack:       47984 kB
PageTables:        67036 kB
NFS_Unstable:          0 kB
Bounce:                0 kB
WritebackTmp:          0 kB
CommitLimit:     9202292 kB
Committed_AS:   75079540 kB
VmallocTotal:   263061440 kB
VmallocUsed:      105064 kB
VmallocChunk:          0 kB
Percpu:             7552 kB
CmaTotal:         294912 kB
CmaFree:             152 kB
MemTotal:       12113136 kB
MemFree:         6385276 kB
MemAvailable:    7989704 kB
Buffers:            5516 kB
Cached:          1834400 kB
SwapCached:            0 kB
Active:          1486728 kB
Inactive:        1596612 kB
Active(anon):    1249908 kB
Inactive(anon):    24568 kB
Active(file):     236820 kB
Inactive(file):  1572044 kB
Unevictable:        5620 kB
Mlocked:            5620 kB
SwapTotal:       3145724 kB
SwapFree:        3145724 kB
Dirty:               384 kB
Writeback:             0 kB
AnonPages:       1249212 kB
Mapped:           862648 kB
Shmem:             26484 kB
KReclaimable:     664268 kB
Slab:             225924 kB
SReclaimable:      77204 kB
SUnreclaim:       148720 kB
KernelStack:       47980 kB
PageTables:        67256 kB
NFS_Unstable:          0 kB
Bounce:                0 kB
WritebackTmp:          0 kB
CommitLimit:     9202292 kB
Committed_AS:   75079540 kB
VmallocTotal:   263061440 kB
VmallocUsed:      105032 kB
VmallocChunk:          0 kB
Percpu:             7552 kB
CmaTotal:         294912 kB
CmaFree:               0 kB
MemTotal:       12113136 kB
MemFree:         6385000 kB
MemAvailable:    7989444 kB
Buffers:            5516 kB
Cached:          1834416 kB
SwapCached:            0 kB
Active:          1487364 kB
Inactive:        1596628 kB
Active(anon):    1250544 kB
Inactive(anon):    24568 kB
Active(file):     236820 kB
Inactive(file):  1572060 kB
Unevictable:        5620 kB
Mlocked:            5620 kB
SwapTotal:       3145724 kB
SwapFree:        3145724 kB
Dirty:               404 kB
Writeback:             0 kB
AnonPages:       1249564 kB
Mapped:           862500 kB
Shmem:             26484 kB
KReclaimable:     664268 kB
Slab:             225924 kB
SReclaimable:      77204 kB
SUnreclaim:       148720 kB
KernelStack:       47968 kB
PageTables:        67052 kB
NFS_Unstable:          0 kB
Bounce:                0 kB
WritebackTmp:          0 kB
CommitLimit:     9202292 kB
Committed_AS:   75074740 kB
VmallocTotal:   263061440 kB
VmallocUsed:      105048 kB
VmallocChunk:          0 kB
Percpu:             7552 kB
CmaTotal:         294912 kB
CmaFree:               0 kB
MemTotal:       12113136 kB
MemFree:         6383476 kB
MemAvailable:    7987928 kB
Buffers:            5516 kB
Cached:          1834424 kB
SwapCached:            0 kB
Active:          1487660 kB
Inactive:        1596636 kB
Active(anon):    1250840 kB
Inactive(anon):    24568 kB
Active(file):     236820 kB
Inactive(file):  1572068 kB
Unevictable:        5620 kB
Mlocked:            5620 kB
SwapTotal:       3145724 kB
SwapFree:        3145724 kB
Dirty:               428 kB
Writeback:             0 kB
AnonPages:       1250240 kB
Mapped:           862448 kB
Shmem:             26484 kB
KReclaimable:     664268 kB
Slab:             225932 kB
SReclaimable:      77204 kB
SUnreclaim:       148728 kB
KernelStack:       48000 kB
PageTables:        67048 kB
NFS_Unstable:          0 kB
Bounce:                0 kB
WritebackTmp:          0 kB
CommitLimit:     9202292 kB
Committed_AS:   75085460 kB
VmallocTotal:   263061440 kB
VmallocUsed:      105048 kB
VmallocChunk:          0 kB
Percpu:             7552 kB
CmaTotal:         294912 kB
CmaFree:               0 kB
MemTotal:       12113136 kB
MemFree:         6383564 kB
MemAvailable:    7988024 kB
Buffers:            5516 kB
Cached:          1834432 kB
SwapCached:            0 kB
Active:          1488748 kB
Inactive:        1596644 kB
Active(anon):    1251928 kB
Inactive(anon):    24568 kB
Active(file):     236820 kB
Inactive(file):  1572076 kB
Unevictable:        5620 kB
Mlocked:            5620 kB
SwapTotal:       3145724 kB
SwapFree:        3145724 kB
Dirty:               448 kB
Writeback:             0 kB
AnonPages:       1251300 kB
Mapped:           862688 kB
Shmem:             26484 kB
KReclaimable:     664268 kB
Slab:             225932 kB
SReclaimable:      77204 kB
SUnreclaim:       148728 kB
KernelStack:       47952 kB
PageTables:        66984 kB
NFS_Unstable:          0 kB
Bounce:                0 kB
WritebackTmp:          0 kB
CommitLimit:     9202292 kB
Committed_AS:   75084920 kB
VmallocTotal:   263061440 kB
VmallocUsed:      105080 kB
VmallocChunk:          0 kB
Percpu:             7552 kB
CmaTotal:         294912 kB
CmaFree:               0 kB
MemTotal:       12113136 kB
MemFree:         6383664 kB
MemAvailable:    7988140 kB
Buffers:            5520 kB
Cached:          1834444 kB
SwapCached:            0 kB
Active:          1489632 kB
Inactive:        1596660 kB
Active(anon):    1252812 kB
Inactive(anon):    24568 kB
Active(file):     236820 kB
Inactive(file):  1572092 kB
Unevictable:        5620 kB
Mlocked:            5620 kB
SwapTotal:       3145724 kB
SwapFree:        3145724 kB
Dirty:               464 kB
Writeback:             0 kB
AnonPages:       1252124 kB
Mapped:           862496 kB
Shmem:             26484 kB
KReclaimable:     664268 kB
Slab:             225932 kB
SReclaimable:      77204 kB
SUnreclaim:       148728 kB
KernelStack:       47968 kB
PageTables:        67028 kB
NFS_Unstable:          0 kB
Bounce:                0 kB
WritebackTmp:          0 kB
CommitLimit:     9202292 kB
Committed_AS:   75080396 kB
VmallocTotal:   263061440 kB
VmallocUsed:      105064 kB
VmallocChunk:          0 kB
Percpu:             7552 kB
CmaTotal:         294912 kB
CmaFree:               0 kB
MemTotal:       12113136 kB
MemFree:         6383364 kB
MemAvailable:    7987872 kB
Buffers:            5520 kB
Cached:          1834476 kB
SwapCached:            0 kB
Active:          1490536 kB
Inactive:        1596688 kB
Active(anon):    1253712 kB
Inactive(anon):    24568 kB
Active(file):     236824 kB
Inactive(file):  1572120 kB
Unevictable:        5620 kB
Mlocked:            5620 kB
SwapTotal:       3145724 kB
SwapFree:        3145724 kB
Dirty:               468 kB
Writeback:             0 kB
AnonPages:       1252720 kB
Mapped:           862500 kB
Shmem:             26484 kB
KReclaimable:     664268 kB
Slab:             225936 kB
SReclaimable:      77204 kB
SUnreclaim:       148732 kB
KernelStack:       48000 kB
PageTables:        67016 kB
NFS_Unstable:          0 kB
Bounce:                0 kB
WritebackTmp:          0 kB
CommitLimit:     9202292 kB
Committed_AS:   75075496 kB
VmallocTotal:   263061440 kB
VmallocUsed:      105016 kB
VmallocChunk:          0 kB
Percpu:             7552 kB
CmaTotal:         294912 kB
CmaFree:               0 kB
MemTotal:       12113136 kB
MemFree:         6381940 kB
MemAvailable:    7986452 kB
Buffers:            5520 kB
Cached:          1834480 kB
SwapCached:            0 kB
Active:          1491240 kB
Inactive:        1596696 kB
Active(anon):    1254420 kB
Inactive(anon):    24568 kB
Active(file):     236820 kB
Inactive(file):  1572128 kB
Unevictable:        5620 kB
Mlocked:            5620 kB
SwapTotal:       3145724 kB
SwapFree:        3145724 kB
Dirty:               524 kB
Writeback:             0 kB
AnonPages:       1253680 kB
Mapped:           862600 kB
Shmem:             26484 kB
KReclaimable:     664268 kB
Slab:             225928 kB
SReclaimable:      77204 kB
SUnreclaim:       148724 kB
KernelStack:       48000 kB
PageTables:        67072 kB
NFS_Unstable:          0 kB
Bounce:                0 kB
WritebackTmp:          0 kB
CommitLimit:     9202292 kB
Committed_AS:   75084464 kB
VmallocTotal:   263061440 kB
VmallocUsed:      105048 kB
VmallocChunk:          0 kB
Percpu:             7552 kB
CmaTotal:         294912 kB
CmaFree:               8 kB
MemTotal:       12113136 kB
MemFree:         6379988 kB
MemAvailable:    7984520 kB
Buffers:            5520 kB
Cached:          1834500 kB
SwapCached:            0 kB
Active:          1490928 kB
Inactive:        1596716 kB
Active(anon):    1254108 kB
Inactive(anon):    24568 kB
Active(file):     236820 kB
Inactive(file):  1572148 kB
Unevictable:        5620 kB
Mlocked:            5620 kB
SwapTotal:       3145724 kB
SwapFree:        3145724 kB
Dirty:               560 kB
Writeback:             0 kB
AnonPages:       1253592 kB
Mapped:           862688 kB
Shmem:             26484 kB
KReclaimable:     664268 kB
Slab:             225936 kB
SReclaimable:      77204 kB
SUnreclaim:       148732 kB
KernelStack:       47952 kB
PageTables:        66980 kB
NFS_Unstable:          0 kB
Bounce:                0 kB
WritebackTmp:          0 kB
CommitLimit:     9202292 kB
Committed_AS:   75080692 kB
VmallocTotal:   263061440 kB
VmallocUsed:      105032 kB
VmallocChunk:          0 kB
Percpu:             7552 kB
CmaTotal:         294912 kB
CmaFree:               0 kB
MemTotal:       12113136 kB
MemFree:         6379028 kB
MemAvailable:    7983572 kB
Buffers:            5520 kB
Cached:          1834512 kB
SwapCached:            0 kB
Active:          1491756 kB
Inactive:        1596724 kB
Active(anon):    1254932 kB
Inactive(anon):    24568 kB
Active(file):     236824 kB
Inactive(file):  1572156 kB
Unevictable:        5620 kB
Mlocked:            5620 kB
SwapTotal:       3145724 kB
SwapFree:        3145724 kB
Dirty:               576 kB
Writeback:             0 kB
AnonPages:       1253976 kB
Mapped:           862556 kB
Shmem:             26484 kB
KReclaimable:     664268 kB
Slab:             225948 kB
SReclaimable:      77204 kB
SUnreclaim:       148744 kB
KernelStack:       48032 kB
PageTables:        67144 kB
NFS_Unstable:          0 kB
Bounce:                0 kB
WritebackTmp:          0 kB
CommitLimit:     9202292 kB
Committed_AS:   75087292 kB
VmallocTotal:   263061440 kB
VmallocUsed:      105016 kB
VmallocChunk:          0 kB
Percpu:             7552 kB
CmaTotal:         294912 kB
CmaFree:               0 kB
MemTotal:       12113136 kB
MemFree:         6378748 kB
MemAvailable:    7983304 kB
Buffers:            5520 kB
Cached:          1834524 kB
SwapCached:            0 kB
Active:          1492328 kB
Inactive:        1596736 kB
Active(anon):    1255504 kB
Inactive(anon):    24568 kB
Active(file):     236824 kB
Inactive(file):  1572168 kB
Unevictable:        5620 kB
Mlocked:            5620 kB
SwapTotal:       3145724 kB
SwapFree:        3145724 kB
Dirty:               616 kB
Writeback:             0 kB
AnonPages:       1254828 kB
Mapped:           862688 kB
Shmem:             26484 kB
KReclaimable:     664268 kB
Slab:             225956 kB
SReclaimable:      77204 kB
SUnreclaim:       148752 kB
KernelStack:       47952 kB
PageTables:        66992 kB
NFS_Unstable:          0 kB
Bounce:                0 kB
WritebackTmp:          0 kB
CommitLimit:     9202292 kB
Committed_AS:   75087376 kB
VmallocTotal:   263061440 kB
VmallocUsed:      105032 kB
VmallocChunk:          0 kB
Percpu:             7552 kB
CmaTotal:         294912 kB
CmaFree:               0 kB
MemTotal:       12113136 kB
MemFree:         6341048 kB
MemAvailable:    7945620 kB
Buffers:            5520 kB
Cached:          1843264 kB
SwapCached:            0 kB
Active:          1520540 kB
Inactive:        1605544 kB
Active(anon):    1283716 kB
Inactive(anon):    33360 kB
Active(file):     236824 kB
Inactive(file):  1572184 kB
Unevictable:        5620 kB
Mlocked:            5620 kB
SwapTotal:       3145724 kB
SwapFree:        3145724 kB
Dirty:               660 kB
Writeback:             0 kB
AnonPages:       1282352 kB
Mapped:           871484 kB
Shmem:             35208 kB
KReclaimable:     664268 kB
Slab:             225944 kB
SReclaimable:      77204 kB
SUnreclaim:       148740 kB
KernelStack:       47984 kB
PageTables:        67040 kB
NFS_Unstable:          0 kB
Bounce:                0 kB
WritebackTmp:          0 kB
CommitLimit:     9202292 kB
Committed_AS:   75096952 kB
VmallocTotal:   263061440 kB
VmallocUsed:      105032 kB
VmallocChunk:          0 kB
Percpu:             7552 kB
CmaTotal:         294912 kB
CmaFree:              24 kB
MemTotal:       12113136 kB
MemFree:         6340516 kB
MemAvailable:    7945068 kB
Buffers:            5520 kB
Cached:          1834520 kB
SwapCached:            0 kB
Active:          1530052 kB
Inactive:        1596736 kB
Active(anon):    1293232 kB
Inactive(anon):    24568 kB
Active(file):     236820 kB
Inactive(file):  1572168 kB
Unevictable:        5620 kB
Mlocked:            5620 kB
SwapTotal:       3145724 kB
SwapFree:        3145724 kB
Dirty:               416 kB
Writeback:             0 kB
AnonPages:       1292516 kB
Mapped:           862500 kB
Shmem:             26484 kB
KReclaimable:     664268 kB
Slab:             225992 kB
SReclaimable:      77204 kB
SUnreclaim:       148788 kB
KernelStack:       47952 kB
PageTables:        67040 kB
NFS_Unstable:          0 kB
Bounce:                0 kB
WritebackTmp:          0 kB
CommitLimit:     9202292 kB
Committed_AS:   75087552 kB
VmallocTotal:   263061440 kB
VmallocUsed:      105032 kB
VmallocChunk:          0 kB
Percpu:             7552 kB
CmaTotal:         294912 kB
CmaFree:               0 kB
MemTotal:       12113136 kB
MemFree:         6340564 kB
MemAvailable:    7945156 kB
Buffers:            5520 kB
Cached:          1834560 kB
SwapCached:            0 kB
Active:          1530636 kB
Inactive:        1596776 kB
Active(anon):    1293816 kB
Inactive(anon):    24568 kB
Active(file):     236820 kB
Inactive(file):  1572208 kB
Unevictable:        5620 kB
Mlocked:            5620 kB
SwapTotal:       3145724 kB
SwapFree:        3145724 kB
Dirty:               288 kB
Writeback:             0 kB
AnonPages:       1293144 kB
Mapped:           862692 kB
Shmem:             26484 kB
KReclaimable:     664268 kB
Slab:             226016 kB
SReclaimable:      77204 kB
SUnreclaim:       148812 kB
KernelStack:       47984 kB
PageTables:        67012 kB
NFS_Unstable:          0 kB
Bounce:                0 kB
WritebackTmp:          0 kB
CommitLimit:     9202292 kB
Committed_AS:   75087420 kB
VmallocTotal:   263061440 kB
VmallocUsed:      105016 kB
VmallocChunk:          0 kB
Percpu:             7552 kB
CmaTotal:         294912 kB
CmaFree:               0 kB
MemTotal:       12113136 kB
MemFree:         6341208 kB
MemAvailable:    7945816 kB
Buffers:            5520 kB
Cached:          1834432 kB
SwapCached:            0 kB
Active:          1529304 kB
Inactive:        1596848 kB
Active(anon):    1292480 kB
Inactive(anon):    24628 kB
Active(file):     236824 kB
Inactive(file):  1572220 kB
Unevictable:        5620 kB
Mlocked:            5620 kB
SwapTotal:       3145724 kB
SwapFree:        3145724 kB
Dirty:               308 kB
Writeback:             0 kB
AnonPages:       1291800 kB
Mapped:           862748 kB
Shmem:             26340 kB
KReclaimable:     664268 kB
Slab:             225932 kB
SReclaimable:      77204 kB
SUnreclaim:       148728 kB
KernelStack:       47988 kB
PageTables:        66972 kB
NFS_Unstable:          0 kB
Bounce:                0 kB
WritebackTmp:          0 kB
CommitLimit:     9202292 kB
Committed_AS:   75093688 kB
VmallocTotal:   263061440 kB
VmallocUsed:      105032 kB
VmallocChunk:          0 kB
Percpu:             7552 kB
CmaTotal:         294912 kB
CmaFree:              40 kB
MemTotal:       12113136 kB
MemFree:         6351436 kB
MemAvailable:    7956052 kB
Buffers:            5520 kB
Cached:          1834584 kB
SwapCached:            0 kB
Active:          1517808 kB
Inactive:        1596796 kB
Active(anon):    1280984 kB
Inactive(anon):    24568 kB
Active(file):     236824 kB
Inactive(file):  1572228 kB
Unevictable:        5620 kB
Mlocked:            5620 kB
SwapTotal:       3145724 kB
SwapFree:        3145724 kB
Dirty:               364 kB
Writeback:             0 kB
AnonPages:       1279884 kB
Mapped:           862496 kB
Shmem:             26484 kB
KReclaimable:     664268 kB
Slab:             226020 kB
SReclaimable:      77204 kB
SUnreclaim:       148816 kB
KernelStack:       47984 kB
PageTables:        67140 kB
NFS_Unstable:          0 kB
Bounce:                0 kB
WritebackTmp:          0 kB
CommitLimit:     9202292 kB
Committed_AS:   75077644 kB
VmallocTotal:   263061440 kB
VmallocUsed:      105048 kB
VmallocChunk:          0 kB
Percpu:             7552 kB
CmaTotal:         294912 kB
CmaFree:             240 kB
MemTotal:       12113136 kB
MemFree:         6353572 kB
MemAvailable:    7958220 kB
Buffers:            5520 kB
Cached:          1834620 kB
SwapCached:            0 kB
Active:          1516724 kB
Inactive:        1596832 kB
Active(anon):    1279900 kB
Inactive(anon):    24572 kB
Active(file):     236824 kB
Inactive(file):  1572260 kB
Unevictable:        5620 kB
Mlocked:            5620 kB
SwapTotal:       3145724 kB
SwapFree:        3145724 kB
Dirty:               408 kB
Writeback:             0 kB
AnonPages:       1279216 kB
Mapped:           862760 kB
Shmem:             26488 kB
KReclaimable:     664268 kB
Slab:             225968 kB
SReclaimable:      77204 kB
SUnreclaim:       148764 kB
KernelStack:       48004 kB
PageTables:        66980 kB
NFS_Unstable:          0 kB
Bounce:                0 kB
WritebackTmp:          0 kB
CommitLimit:     9202292 kB
Committed_AS:   75087728 kB
VmallocTotal:   263061440 kB
VmallocUsed:      105064 kB
VmallocChunk:          0 kB
Percpu:             7552 kB
CmaTotal:         294912 kB
CmaFree:             292 kB
MemTotal:       12113136 kB
MemFree:         6353740 kB
MemAvailable:    7958404 kB
Buffers:            5520 kB
Cached:          1834636 kB
SwapCached:            0 kB
Active:          1517520 kB
Inactive:        1596844 kB
Active(anon):    1280692 kB
Inactive(anon):    24572 kB
Active(file):     236828 kB
Inactive(file):  1572272 kB
Unevictable:        5620 kB
Mlocked:            5620 kB
SwapTotal:       3145724 kB
SwapFree:        3145724 kB
Dirty:               452 kB
Writeback:             0 kB
AnonPages:       1279840 kB
Mapped:           862572 kB
Shmem:             26488 kB
KReclaimable:     664268 kB
Slab:             225968 kB
SReclaimable:      77204 kB
SUnreclaim:       148764 kB
KernelStack:       48000 kB
PageTables:        66980 kB
NFS_Unstable:          0 kB
Bounce:                0 kB
WritebackTmp:          0 kB
CommitLimit:     9202292 kB
Committed_AS:   75083084 kB
VmallocTotal:   263061440 kB
VmallocUsed:      105032 kB
VmallocChunk:          0 kB
Percpu:             7552 kB
CmaTotal:         294912 kB
CmaFree:               0 kB
MemTotal:       12113136 kB
MemFree:         6353500 kB
MemAvailable:    7958172 kB
Buffers:            5520 kB
Cached:          1834644 kB
SwapCached:            0 kB
Active:          1518052 kB
Inactive:        1596852 kB
Active(anon):    1281224 kB
Inactive(anon):    24572 kB
Active(file):     236828 kB
Inactive(file):  1572280 kB
Unevictable:        5620 kB
Mlocked:            5620 kB
SwapTotal:       3145724 kB
SwapFree:        3145724 kB
Dirty:               268 kB
Writeback:             0 kB
AnonPages:       1280224 kB
Mapped:           862572 kB
Shmem:             26488 kB
KReclaimable:     664268 kB
Slab:             225960 kB
SReclaimable:      77204 kB
SUnreclaim:       148756 kB
KernelStack:       47984 kB
PageTables:        67036 kB
NFS_Unstable:          0 kB
Bounce:                0 kB
WritebackTmp:          0 kB
CommitLimit:     9202292 kB
Committed_AS:   75087412 kB
VmallocTotal:   263061440 kB
VmallocUsed:      105048 kB
VmallocChunk:          0 kB
Percpu:             7552 kB
CmaTotal:         294912 kB
CmaFree:               0 kB
MemTotal:       12113136 kB
MemFree:         6352584 kB
MemAvailable:    7957260 kB
Buffers:            5520 kB
Cached:          1834648 kB
SwapCached:            0 kB
Active:          1519140 kB
Inactive:        1596856 kB
Active(anon):    1282312 kB
Inactive(anon):    24572 kB
Active(file):     236828 kB
Inactive(file):  1572284 kB
Unevictable:        5620 kB
Mlocked:            5620 kB
SwapTotal:       3145724 kB
SwapFree:        3145724 kB
Dirty:               332 kB
Writeback:             0 kB
AnonPages:       1281292 kB
Mapped:           862572 kB
Shmem:             26488 kB
KReclaimable:     664268 kB
Slab:             225956 kB
SReclaimable:      77204 kB
SUnreclaim:       148752 kB
KernelStack:       48048 kB
PageTables:        67132 kB
NFS_Unstable:          0 kB
Bounce:                0 kB
WritebackTmp:          0 kB
CommitLimit:     9202292 kB
Committed_AS:   75086772 kB
VmallocTotal:   263061440 kB
VmallocUsed:      105048 kB
VmallocChunk:          0 kB
Percpu:             7552 kB
CmaTotal:         294912 kB
CmaFree:               0 kB
MemTotal:       12113136 kB
MemFree:         6350844 kB
MemAvailable:    7955584 kB
Buffers:            5524 kB
Cached:          1834708 kB
SwapCached:            0 kB
Active:          1520280 kB
Inactive:        1596916 kB
Active(anon):    1283448 kB
Inactive(anon):    24572 kB
Active(file):     236832 kB
Inactive(file):  1572344 kB
Unevictable:        5620 kB
Mlocked:            5620 kB
SwapTotal:       3145724 kB
SwapFree:        3145724 kB
Dirty:               368 kB
Writeback:             0 kB
AnonPages:       1282624 kB
Mapped:           862568 kB
Shmem:             26488 kB
KReclaimable:     664268 kB
Slab:             225956 kB
SReclaimable:      77204 kB
SUnreclaim:       148752 kB
KernelStack:       47968 kB
PageTables:        67020 kB
NFS_Unstable:          0 kB
Bounce:                0 kB
WritebackTmp:          0 kB
CommitLimit:     9202292 kB
Committed_AS:   75087480 kB
VmallocTotal:   263061440 kB
VmallocUsed:      105064 kB
VmallocChunk:          0 kB
Percpu:             7552 kB
CmaTotal:         294912 kB
CmaFree:              92 kB
MemTotal:       12113136 kB
MemFree:         6351016 kB
MemAvailable:    7955744 kB
Buffers:            5524 kB
Cached:          1834692 kB
SwapCached:            0 kB
Active:          1520256 kB
Inactive:        1596904 kB
Active(anon):    1283428 kB
Inactive(anon):    24572 kB
Active(file):     236828 kB
Inactive(file):  1572332 kB
Unevictable:        5620 kB
Mlocked:            5620 kB
SwapTotal:       3145724 kB
SwapFree:        3145724 kB
Dirty:               512 kB
Writeback:             0 kB
AnonPages:       1282788 kB
Mapped:           862760 kB
Shmem:             26488 kB
KReclaimable:     664272 kB
Slab:             225980 kB
SReclaimable:      77208 kB
SUnreclaim:       148772 kB
KernelStack:       48000 kB
PageTables:        67036 kB
NFS_Unstable:          0 kB
Bounce:                0 kB
WritebackTmp:          0 kB
CommitLimit:     9202292 kB
Committed_AS:   75086948 kB
VmallocTotal:   263061440 kB
VmallocUsed:      105032 kB
VmallocChunk:          0 kB
Percpu:             7552 kB
CmaTotal:         294912 kB
CmaFree:               0 kB
MemTotal:       12113136 kB
MemFree:         6353632 kB
MemAvailable:    7958376 kB
Buffers:            5524 kB
Cached:          1834708 kB
SwapCached:            0 kB
Active:          1516560 kB
Inactive:        1596916 kB
Active(anon):    1279728 kB
Inactive(anon):    24572 kB
Active(file):     236832 kB
Inactive(file):  1572344 kB
Unevictable:        5620 kB
Mlocked:            5620 kB
SwapTotal:       3145724 kB
SwapFree:        3145724 kB
Dirty:               552 kB
Writeback:             0 kB
AnonPages:       1279236 kB
Mapped:           862760 kB
Shmem:             26488 kB
KReclaimable:     664272 kB
Slab:             225956 kB
SReclaimable:      77208 kB
SUnreclaim:       148748 kB
KernelStack:       47904 kB
PageTables:        66972 kB
NFS_Unstable:          0 kB
Bounce:                0 kB
WritebackTmp:          0 kB
CommitLimit:     9202292 kB
Committed_AS:   75081684 kB
VmallocTotal:   263061440 kB
VmallocUsed:      105000 kB
VmallocChunk:          0 kB
Percpu:             7552 kB
CmaTotal:         294912 kB
CmaFree:             380 kB
MemTotal:       12113136 kB
MemFree:         6353016 kB
MemAvailable:    7957772 kB
Buffers:            5524 kB
Cached:          1834720 kB
SwapCached:            0 kB
Active:          1517268 kB
Inactive:        1596928 kB
Active(anon):    1280436 kB
Inactive(anon):    24572 kB
Active(file):     236832 kB
Inactive(file):  1572356 kB
Unevictable:        5620 kB
Mlocked:            5620 kB
SwapTotal:       3145724 kB
SwapFree:        3145724 kB
Dirty:               592 kB
Writeback:             0 kB
AnonPages:       1279640 kB
Mapped:           862760 kB
Shmem:             26488 kB
KReclaimable:     664272 kB
Slab:             225964 kB
SReclaimable:      77208 kB
SUnreclaim:       148756 kB
KernelStack:       47984 kB
PageTables:        66996 kB
NFS_Unstable:          0 kB
Bounce:                0 kB
WritebackTmp:          0 kB
CommitLimit:     9202292 kB
Committed_AS:   75081780 kB
VmallocTotal:   263061440 kB
VmallocUsed:      105000 kB
VmallocChunk:          0 kB
Percpu:             7552 kB
CmaTotal:         294912 kB
CmaFree:              84 kB
MemTotal:       12113136 kB
MemFree:         6352328 kB
MemAvailable:    7957096 kB
Buffers:            5524 kB
Cached:          1834740 kB
SwapCached:            0 kB
Active:          1518616 kB
Inactive:        1596948 kB
Active(anon):    1281784 kB
Inactive(anon):    24580 kB
Active(file):     236832 kB
Inactive(file):  1572368 kB
Unevictable:        5620 kB
Mlocked:            5620 kB
SwapTotal:       3145724 kB
SwapFree:        3145724 kB
Dirty:               604 kB
Writeback:             0 kB
AnonPages:       1281260 kB
Mapped:           862580 kB
Shmem:             26496 kB
KReclaimable:     664272 kB
Slab:             225952 kB
SReclaimable:      77208 kB
SUnreclaim:       148744 kB
KernelStack:       47936 kB
PageTables:        67044 kB
NFS_Unstable:          0 kB
Bounce:                0 kB
WritebackTmp:          0 kB
CommitLimit:     9202292 kB
Committed_AS:   75076696 kB
VmallocTotal:   263061440 kB
VmallocUsed:      104984 kB
VmallocChunk:          0 kB
Percpu:             7552 kB
CmaTotal:         294912 kB
CmaFree:               0 kB
MemTotal:       12113136 kB
MemFree:         6351932 kB
MemAvailable:    7956716 kB
Buffers:            5524 kB
Cached:          1834756 kB
SwapCached:            0 kB
Active:          1519468 kB
Inactive:        1596964 kB
Active(anon):    1282636 kB
Inactive(anon):    24580 kB
Active(file):     236832 kB
Inactive(file):  1572384 kB
Unevictable:        5620 kB
Mlocked:            5620 kB
SwapTotal:       3145724 kB
SwapFree:        3145724 kB
Dirty:               632 kB
Writeback:             0 kB
AnonPages:       1281744 kB
Mapped:           862768 kB
Shmem:             26496 kB
KReclaimable:     664272 kB
Slab:             225984 kB
SReclaimable:      77208 kB
SUnreclaim:       148776 kB
KernelStack:       47968 kB
PageTables:        67096 kB
NFS_Unstable:          0 kB
Bounce:                0 kB
WritebackTmp:          0 kB
CommitLimit:     9202292 kB
Committed_AS:   75076432 kB
VmallocTotal:   263061440 kB
VmallocUsed:      105000 kB
VmallocChunk:          0 kB
Percpu:             7552 kB
CmaTotal:         294912 kB
CmaFree:               8 kB
MemTotal:       12113136 kB
MemFree:         6351468 kB
MemAvailable:    7956256 kB
Buffers:            5524 kB
Cached:          1834760 kB
SwapCached:            0 kB
Active:          1519568 kB
Inactive:        1596968 kB
Active(anon):    1282736 kB
Inactive(anon):    24580 kB
Active(file):     236832 kB
Inactive(file):  1572388 kB
Unevictable:        5620 kB
Mlocked:            5620 kB
SwapTotal:       3145724 kB
SwapFree:        3145724 kB
Dirty:               636 kB
Writeback:             0 kB
AnonPages:       1282024 kB
Mapped:           862768 kB
Shmem:             26496 kB
KReclaimable:     664272 kB
Slab:             225968 kB
SReclaimable:      77208 kB
SUnreclaim:       148760 kB
KernelStack:       47888 kB
PageTables:        66980 kB
NFS_Unstable:          0 kB
Bounce:                0 kB
WritebackTmp:          0 kB
CommitLimit:     9202292 kB
Committed_AS:   75081640 kB
VmallocTotal:   263061440 kB
VmallocUsed:      104968 kB
VmallocChunk:          0 kB
Percpu:             7552 kB
CmaTotal:         294912 kB
CmaFree:               0 kB
MemTotal:       12113136 kB
MemFree:         6377224 kB
MemAvailable:    7982024 kB
Buffers:            5524 kB
Cached:          1834772 kB
SwapCached:            0 kB
Active:          1493964 kB
Inactive:        1596984 kB
Active(anon):    1257136 kB
Inactive(anon):    24580 kB
Active(file):     236828 kB
Inactive(file):  1572404 kB
Unevictable:        5620 kB
Mlocked:            5620 kB
SwapTotal:       3145724 kB
SwapFree:        3145724 kB
Dirty:               392 kB
Writeback:             0 kB
AnonPages:       1256020 kB
Mapped:           862748 kB
Shmem:             26496 kB
KReclaimable:     664272 kB
Slab:             225984 kB
SReclaimable:      77208 kB
SUnreclaim:       148776 kB
KernelStack:       47936 kB
PageTables:        67132 kB
NFS_Unstable:          0 kB
Bounce:                0 kB
WritebackTmp:          0 kB
CommitLimit:     9202292 kB
Committed_AS:   75086988 kB
VmallocTotal:   263061440 kB
VmallocUsed:      104952 kB
VmallocChunk:          0 kB
Percpu:             7552 kB
CmaTotal:         294912 kB
CmaFree:               0 kB
MemTotal:       12113136 kB
MemFree:         6383696 kB
MemAvailable:    7988504 kB
Buffers:            5524 kB
Cached:          1834780 kB
SwapCached:            0 kB
Active:          1487756 kB
Inactive:        1596992 kB
Active(anon):    1250928 kB
Inactive(anon):    24580 kB
Active(file):     236828 kB
Inactive(file):  1572412 kB
Unevictable:        5620 kB
Mlocked:            5620 kB
SwapTotal:       3145724 kB
SwapFree:        3145724 kB
Dirty:               256 kB
Writeback:             0 kB
AnonPages:       1250084 kB
Mapped:           862580 kB
Shmem:             26496 kB
KReclaimable:     664272 kB
Slab:             225932 kB
SReclaimable:      77208 kB
SUnreclaim:       148724 kB
KernelStack:       47888 kB
PageTables:        67040 kB
NFS_Unstable:          0 kB
Bounce:                0 kB
WritebackTmp:          0 kB
CommitLimit:     9202292 kB
Committed_AS:   75081568 kB
VmallocTotal:   263061440 kB
VmallocUsed:      104904 kB
VmallocChunk:          0 kB
Percpu:             7552 kB
CmaTotal:         294912 kB
CmaFree:               0 kB
MemTotal:       12113136 kB
MemFree:         6383092 kB
MemAvailable:    7987920 kB
Buffers:            5524 kB
Cached:          1834800 kB
SwapCached:            0 kB
Active:          1488212 kB
Inactive:        1597008 kB
Active(anon):    1251380 kB
Inactive(anon):    24580 kB
Active(file):     236832 kB
Inactive(file):  1572428 kB
Unevictable:        5620 kB
Mlocked:            5620 kB
SwapTotal:       3145724 kB
SwapFree:        3145724 kB
Dirty:               320 kB
Writeback:             0 kB
AnonPages:       1250588 kB
Mapped:           862600 kB
Shmem:             26496 kB
KReclaimable:     664272 kB
Slab:             226000 kB
SReclaimable:      77208 kB
SUnreclaim:       148792 kB
KernelStack:       47904 kB
PageTables:        67084 kB
NFS_Unstable:          0 kB
Bounce:                0 kB
WritebackTmp:          0 kB
CommitLimit:     9202292 kB
Committed_AS:   75086524 kB
VmallocTotal:   263061440 kB
VmallocUsed:      104920 kB
VmallocChunk:          0 kB
Percpu:             7552 kB
CmaTotal:         294912 kB
CmaFree:               0 kB
MemTotal:       12113136 kB
MemFree:         6382900 kB
MemAvailable:    7987740 kB
Buffers:            5524 kB
Cached:          1834812 kB
SwapCached:            0 kB
Active:          1488804 kB
Inactive:        1597020 kB
Active(anon):    1251972 kB
Inactive(anon):    24580 kB
Active(file):     236832 kB
Inactive(file):  1572440 kB
Unevictable:        5620 kB
Mlocked:            5620 kB
SwapTotal:       3145724 kB
SwapFree:        3145724 kB
Dirty:               356 kB
Writeback:             0 kB
AnonPages:       1251636 kB
Mapped:           862580 kB
Shmem:             26496 kB
KReclaimable:     664272 kB
Slab:             225992 kB
SReclaimable:      77208 kB
SUnreclaim:       148784 kB
KernelStack:       47888 kB
PageTables:        67036 kB
NFS_Unstable:          0 kB
Bounce:                0 kB
WritebackTmp:          0 kB
CommitLimit:     9202292 kB
Committed_AS:   75086832 kB
VmallocTotal:   263061440 kB
VmallocUsed:      104936 kB
VmallocChunk:          0 kB
Percpu:             7552 kB
CmaTotal:         294912 kB
CmaFree:               0 kB
MemTotal:       12113136 kB
MemFree:         6381912 kB
MemAvailable:    7986780 kB
Buffers:            5524 kB
Cached:          1834840 kB
SwapCached:            0 kB
Active:          1489512 kB
Inactive:        1597048 kB
Active(anon):    1252680 kB
Inactive(anon):    24580 kB
Active(file):     236832 kB
Inactive(file):  1572468 kB
Unevictable:        5620 kB
Mlocked:            5620 kB
SwapTotal:       3145724 kB
SwapFree:        3145724 kB
Dirty:               396 kB
Writeback:             0 kB
AnonPages:       1251736 kB
Mapped:           862580 kB
Shmem:             26496 kB
KReclaimable:     664272 kB
Slab:             225988 kB
SReclaimable:      77208 kB
SUnreclaim:       148780 kB
KernelStack:       47856 kB
PageTables:        67028 kB
NFS_Unstable:          0 kB
Bounce:                0 kB
WritebackTmp:          0 kB
CommitLimit:     9202292 kB
Committed_AS:   75081872 kB
VmallocTotal:   263061440 kB
VmallocUsed:      104904 kB
VmallocChunk:          0 kB
Percpu:             7552 kB
CmaTotal:         294912 kB
CmaFree:               0 kB
MemTotal:       12113136 kB
MemFree:         6381168 kB
MemAvailable:    7986052 kB
Buffers:            5524 kB
Cached:          1834856 kB
SwapCached:            0 kB
Active:          1490196 kB
Inactive:        1597064 kB
Active(anon):    1253364 kB
Inactive(anon):    24580 kB
Active(file):     236832 kB
Inactive(file):  1572484 kB
Unevictable:        5620 kB
Mlocked:            5620 kB
SwapTotal:       3145724 kB
SwapFree:        3145724 kB
Dirty:               428 kB
Writeback:             0 kB
AnonPages:       1252772 kB
Mapped:           862768 kB
Shmem:             26496 kB
KReclaimable:     664272 kB
Slab:             225996 kB
SReclaimable:      77208 kB
SUnreclaim:       148788 kB
KernelStack:       47824 kB
PageTables:        66976 kB
NFS_Unstable:          0 kB
Bounce:                0 kB
WritebackTmp:          0 kB
CommitLimit:     9202292 kB
Committed_AS:   75086652 kB
VmallocTotal:   263061440 kB
VmallocUsed:      104952 kB
VmallocChunk:          0 kB
Percpu:             7552 kB
CmaTotal:         294912 kB
CmaFree:               0 kB
MemTotal:       12113136 kB
MemFree:         6381144 kB
MemAvailable:    7986036 kB
Buffers:            5524 kB
Cached:          1834868 kB
SwapCached:            0 kB
Active:          1489900 kB
Inactive:        1597076 kB
Active(anon):    1253068 kB
Inactive(anon):    24584 kB
Active(file):     236832 kB
Inactive(file):  1572492 kB
Unevictable:        5620 kB
Mlocked:            5620 kB
SwapTotal:       3145724 kB
SwapFree:        3145724 kB
Dirty:               440 kB
Writeback:             0 kB
AnonPages:       1252484 kB
Mapped:           862708 kB
Shmem:             26500 kB
KReclaimable:     664272 kB
Slab:             226012 kB
SReclaimable:      77208 kB
SUnreclaim:       148804 kB
KernelStack:       47872 kB
PageTables:        67064 kB
NFS_Unstable:          0 kB
Bounce:                0 kB
WritebackTmp:          0 kB
CommitLimit:     9202292 kB
Committed_AS:   75086644 kB
VmallocTotal:   263061440 kB
VmallocUsed:      104936 kB
VmallocChunk:          0 kB
Percpu:             7552 kB
CmaTotal:         294912 kB
CmaFree:               0 kB
MemTotal:       12113136 kB
MemFree:         6379440 kB
MemAvailable:    7984348 kB
Buffers:            5524 kB
Cached:          1834884 kB
SwapCached:            0 kB
Active:          1490824 kB
Inactive:        1597092 kB
Active(anon):    1253992 kB
Inactive(anon):    24584 kB
Active(file):     236832 kB
Inactive(file):  1572508 kB
Unevictable:        5620 kB
Mlocked:            5620 kB
SwapTotal:       3145724 kB
SwapFree:        3145724 kB
Dirty:               472 kB
Writeback:             0 kB
AnonPages:       1253620 kB
Mapped:           862580 kB
Shmem:             26500 kB
KReclaimable:     664272 kB
Slab:             225976 kB
SReclaimable:      77208 kB
SUnreclaim:       148768 kB
KernelStack:       47840 kB
PageTables:        67020 kB
NFS_Unstable:          0 kB
Bounce:                0 kB
WritebackTmp:          0 kB
CommitLimit:     9202292 kB
Committed_AS:   75081780 kB
VmallocTotal:   263061440 kB
VmallocUsed:      104904 kB
VmallocChunk:          0 kB
Percpu:             7552 kB
CmaTotal:         294912 kB
CmaFree:               0 kB
MemTotal:       12113136 kB
MemFree:         6384684 kB
MemAvailable:    7989604 kB
Buffers:            5528 kB
Cached:          1834892 kB
SwapCached:            0 kB
Active:          1485476 kB
Inactive:        1597100 kB
Active(anon):    1248640 kB
Inactive(anon):    24584 kB
Active(file):     236836 kB
Inactive(file):  1572516 kB
Unevictable:        5620 kB
Mlocked:            5620 kB
SwapTotal:       3145724 kB
SwapFree:        3145724 kB
Dirty:               480 kB
Writeback:             0 kB
AnonPages:       1247768 kB
Mapped:           862772 kB
Shmem:             26500 kB
KReclaimable:     664272 kB
Slab:             226032 kB
SReclaimable:      77208 kB
SUnreclaim:       148824 kB
KernelStack:       47824 kB
PageTables:        66844 kB
NFS_Unstable:          0 kB
Bounce:                0 kB
WritebackTmp:          0 kB
CommitLimit:     9202292 kB
Committed_AS:   75080952 kB
VmallocTotal:   263061440 kB
VmallocUsed:      104888 kB
VmallocChunk:          0 kB
Percpu:             7552 kB
CmaTotal:         294912 kB
CmaFree:             284 kB
MemTotal:       12113136 kB
MemFree:         6384412 kB
MemAvailable:    7989368 kB
Buffers:            5528 kB
Cached:          1834928 kB
SwapCached:            0 kB
Active:          1486160 kB
Inactive:        1597136 kB
Active(anon):    1249324 kB
Inactive(anon):    24584 kB
Active(file):     236836 kB
Inactive(file):  1572552 kB
Unevictable:        5620 kB
Mlocked:            5620 kB
SwapTotal:       3145724 kB
SwapFree:        3145724 kB
Dirty:               476 kB
Writeback:             0 kB
AnonPages:       1248612 kB
Mapped:           862580 kB
Shmem:             26500 kB
KReclaimable:     664272 kB
Slab:             225976 kB
SReclaimable:      77208 kB
SUnreclaim:       148768 kB
KernelStack:       47824 kB
PageTables:        66980 kB
NFS_Unstable:          0 kB
Bounce:                0 kB
WritebackTmp:          0 kB
CommitLimit:     9202292 kB
Committed_AS:   75077528 kB
VmallocTotal:   263061440 kB
VmallocUsed:      104904 kB
VmallocChunk:          0 kB
Percpu:             7552 kB
CmaTotal:         294912 kB
CmaFree:               0 kB
MemTotal:       12113136 kB
MemFree:         6384532 kB
MemAvailable:    7989496 kB
Buffers:            5528 kB
Cached:          1834936 kB
SwapCached:            0 kB
Active:          1486328 kB
Inactive:        1597144 kB
Active(anon):    1249492 kB
Inactive(anon):    24584 kB
Active(file):     236836 kB
Inactive(file):  1572560 kB
Unevictable:        5620 kB
Mlocked:            5620 kB
SwapTotal:       3145724 kB
SwapFree:        3145724 kB
Dirty:               488 kB
Writeback:             0 kB
AnonPages:       1248772 kB
Mapped:           862792 kB
Shmem:             26500 kB
KReclaimable:     664272 kB
Slab:             226012 kB
SReclaimable:      77208 kB
SUnreclaim:       148804 kB
KernelStack:       47888 kB
PageTables:        67040 kB
NFS_Unstable:          0 kB
Bounce:                0 kB
WritebackTmp:          0 kB
CommitLimit:     9202292 kB
Committed_AS:   75077940 kB
VmallocTotal:   263061440 kB
VmallocUsed:      104888 kB
VmallocChunk:          0 kB
Percpu:             7552 kB
CmaTotal:         294912 kB
CmaFree:               0 kB
MemTotal:       12113136 kB
MemFree:         6384156 kB
MemAvailable:    7989136 kB
Buffers:            5528 kB
Cached:          1834952 kB
SwapCached:            0 kB
Active:          1486900 kB
Inactive:        1597160 kB
Active(anon):    1250064 kB
Inactive(anon):    24584 kB
Active(file):     236836 kB
Inactive(file):  1572576 kB
Unevictable:        5620 kB
Mlocked:            5620 kB
SwapTotal:       3145724 kB
SwapFree:        3145724 kB
Dirty:               516 kB
Writeback:             0 kB
AnonPages:       1249448 kB
Mapped:           862772 kB
Shmem:             26500 kB
KReclaimable:     664272 kB
Slab:             225988 kB
SReclaimable:      77208 kB
SUnreclaim:       148780 kB
KernelStack:       47824 kB
PageTables:        66984 kB
NFS_Unstable:          0 kB
Bounce:                0 kB
WritebackTmp:          0 kB
CommitLimit:     9202292 kB
Committed_AS:   75077504 kB
VmallocTotal:   263061440 kB
VmallocUsed:      104920 kB
VmallocChunk:          0 kB
Percpu:             7552 kB
CmaTotal:         294912 kB
CmaFree:              40 kB
MemTotal:       12113136 kB
MemFree:         6382776 kB
MemAvailable:    7987796 kB
Buffers:            5528 kB
Cached:          1834992 kB
SwapCached:            0 kB
Active:          1488176 kB
Inactive:        1597196 kB
Active(anon):    1251336 kB
Inactive(anon):    24584 kB
Active(file):     236840 kB
Inactive(file):  1572612 kB
Unevictable:        5620 kB
Mlocked:            5620 kB
SwapTotal:       3145724 kB
SwapFree:        3145724 kB
Dirty:               532 kB
Writeback:             0 kB
AnonPages:       1250032 kB
Mapped:           862772 kB
Shmem:             26500 kB
KReclaimable:     664272 kB
Slab:             225980 kB
SReclaimable:      77208 kB
SUnreclaim:       148772 kB
KernelStack:       47856 kB
PageTables:        67068 kB
NFS_Unstable:          0 kB
Bounce:                0 kB
WritebackTmp:          0 kB
CommitLimit:     9202292 kB
Committed_AS:   75082320 kB
VmallocTotal:   263061440 kB
VmallocUsed:      104936 kB
VmallocChunk:          0 kB
Percpu:             7552 kB
CmaTotal:         294912 kB
CmaFree:               0 kB
MemTotal:       12113136 kB
MemFree:         6381476 kB
MemAvailable:    7986476 kB
Buffers:            5528 kB
Cached:          1834972 kB
SwapCached:            0 kB
Active:          1488708 kB
Inactive:        1597180 kB
Active(anon):    1251872 kB
Inactive(anon):    24584 kB
Active(file):     236836 kB
Inactive(file):  1572596 kB
Unevictable:        5620 kB
Mlocked:            5620 kB
SwapTotal:       3145724 kB
SwapFree:        3145724 kB
Dirty:               536 kB
Writeback:             0 kB
AnonPages:       1251348 kB
Mapped:           862772 kB
Shmem:             26500 kB
KReclaimable:     664272 kB
Slab:             226008 kB
SReclaimable:      77208 kB
SUnreclaim:       148800 kB
KernelStack:       47840 kB
PageTables:        67240 kB
NFS_Unstable:          0 kB
Bounce:                0 kB
WritebackTmp:          0 kB
CommitLimit:     9202292 kB
Committed_AS:   75072796 kB
VmallocTotal:   263061440 kB
VmallocUsed:      104920 kB
VmallocChunk:          0 kB
Percpu:             7552 kB
CmaTotal:         294912 kB
CmaFree:               8 kB
MemTotal:       12113136 kB
MemFree:         6381896 kB
MemAvailable:    7986944 kB
Buffers:            5528 kB
Cached:          1835020 kB
SwapCached:            0 kB
Active:          1488692 kB
Inactive:        1597220 kB
Active(anon):    1251848 kB
Inactive(anon):    24584 kB
Active(file):     236844 kB
Inactive(file):  1572636 kB
Unevictable:        5620 kB
Mlocked:            5620 kB
SwapTotal:       3145724 kB
SwapFree:        3145724 kB
Dirty:               572 kB
Writeback:             0 kB
AnonPages:       1251020 kB
Mapped:           862568 kB
Shmem:             26500 kB
KReclaimable:     664272 kB
Slab:             226000 kB
SReclaimable:      77208 kB
SUnreclaim:       148792 kB
KernelStack:       47872 kB
PageTables:        67072 kB
NFS_Unstable:          0 kB
Bounce:                0 kB
WritebackTmp:          0 kB
CommitLimit:     9202292 kB
Committed_AS:   75072308 kB
VmallocTotal:   263061440 kB
VmallocUsed:      104888 kB
VmallocChunk:          0 kB
Percpu:             7552 kB
CmaTotal:         294912 kB
CmaFree:               0 kB
MemTotal:       12113136 kB
MemFree:         6380648 kB
MemAvailable:    7985672 kB
Buffers:            5528 kB
Cached:          1834996 kB
SwapCached:            0 kB
Active:          1489220 kB
Inactive:        1597204 kB
Active(anon):    1252384 kB
Inactive(anon):    24584 kB
Active(file):     236836 kB
Inactive(file):  1572620 kB
Unevictable:        5620 kB
Mlocked:            5620 kB
SwapTotal:       3145724 kB
SwapFree:        3145724 kB
Dirty:               580 kB
Writeback:             0 kB
AnonPages:       1251612 kB
Mapped:           862772 kB
Shmem:             26500 kB
KReclaimable:     664272 kB
Slab:             226024 kB
SReclaimable:      77208 kB
SUnreclaim:       148816 kB
KernelStack:       47824 kB
PageTables:        66984 kB
NFS_Unstable:          0 kB
Bounce:                0 kB
WritebackTmp:          0 kB
CommitLimit:     9202292 kB
Committed_AS:   75076248 kB
VmallocTotal:   263061440 kB
VmallocUsed:      104904 kB
VmallocChunk:          0 kB
Percpu:             7552 kB
CmaTotal:         294912 kB
CmaFree:               4 kB
MemTotal:       12113136 kB
MemFree:         6392936 kB
MemAvailable:    7997972 kB
Buffers:            5528 kB
Cached:          1835008 kB
SwapCached:            0 kB
Active:          1477412 kB
Inactive:        1597216 kB
Active(anon):    1240576 kB
Inactive(anon):    24584 kB
Active(file):     236836 kB
Inactive(file):  1572632 kB
Unevictable:        5620 kB
Mlocked:            5620 kB
SwapTotal:       3145724 kB
SwapFree:        3145724 kB
Dirty:               596 kB
Writeback:             0 kB
AnonPages:       1239800 kB
Mapped:           862580 kB
Shmem:             26500 kB
KReclaimable:     664272 kB
Slab:             226012 kB
SReclaimable:      77208 kB
SUnreclaim:       148804 kB
KernelStack:       47856 kB
PageTables:        67156 kB
NFS_Unstable:          0 kB
Bounce:                0 kB
WritebackTmp:          0 kB
CommitLimit:     9202292 kB
Committed_AS:   75070856 kB
VmallocTotal:   263061440 kB
VmallocUsed:      104856 kB
VmallocChunk:          0 kB
Percpu:             7552 kB
CmaTotal:         294912 kB
CmaFree:               0 kB
MemTotal:       12113136 kB
MemFree:         6357460 kB
MemAvailable:    7962508 kB
Buffers:            5528 kB
Cached:          1843676 kB
SwapCached:            0 kB
Active:          1505152 kB
Inactive:        1606108 kB
Active(anon):    1268316 kB
Inactive(anon):    33464 kB
Active(file):     236836 kB
Inactive(file):  1572644 kB
Unevictable:        5620 kB
Mlocked:            5620 kB
SwapTotal:       3145724 kB
SwapFree:        3145724 kB
Dirty:               620 kB
Writeback:             0 kB
AnonPages:       1267756 kB
Mapped:           871476 kB
Shmem:             35156 kB
KReclaimable:     664272 kB
Slab:             226016 kB
SReclaimable:      77208 kB
SUnreclaim:       148808 kB
KernelStack:       47840 kB
PageTables:        67020 kB
NFS_Unstable:          0 kB
Bounce:                0 kB
WritebackTmp:          0 kB
CommitLimit:     9202292 kB
Committed_AS:   75094084 kB
VmallocTotal:   263061440 kB
VmallocUsed:      104872 kB
VmallocChunk:          0 kB
Percpu:             7552 kB
CmaTotal:         294912 kB
CmaFree:             104 kB
MemTotal:       12113136 kB
MemFree:         6355844 kB
MemAvailable:    7960912 kB
Buffers:            5528 kB
Cached:          1835040 kB
SwapCached:            0 kB
Active:          1515440 kB
Inactive:        1597248 kB
Active(anon):    1278604 kB
Inactive(anon):    24584 kB
Active(file):     236836 kB
Inactive(file):  1572664 kB
Unevictable:        5620 kB
Mlocked:            5620 kB
SwapTotal:       3145724 kB
SwapFree:        3145724 kB
Dirty:               640 kB
Writeback:             0 kB
AnonPages:       1277604 kB
Mapped:           862580 kB
Shmem:             26500 kB
KReclaimable:     664272 kB
Slab:             226020 kB
SReclaimable:      77208 kB
SUnreclaim:       148812 kB
KernelStack:       47856 kB
PageTables:        67160 kB
NFS_Unstable:          0 kB
Bounce:                0 kB
WritebackTmp:          0 kB
CommitLimit:     9202292 kB
Committed_AS:   75081320 kB
VmallocTotal:   263061440 kB
VmallocUsed:      104888 kB
VmallocChunk:          0 kB
Percpu:             7552 kB
CmaTotal:         294912 kB
CmaFree:               0 kB
MemTotal:       12113136 kB
MemFree:         6356268 kB
MemAvailable:    7961356 kB
Buffers:            5528 kB
Cached:          1835064 kB
SwapCached:            0 kB
Active:          1515456 kB
Inactive:        1597272 kB
Active(anon):    1278620 kB
Inactive(anon):    24588 kB
Active(file):     236836 kB
Inactive(file):  1572684 kB
Unevictable:        5620 kB
Mlocked:            5620 kB
SwapTotal:       3145724 kB
SwapFree:        3145724 kB
Dirty:               676 kB
Writeback:             0 kB
AnonPages:       1278052 kB
Mapped:           862776 kB
Shmem:             26504 kB
KReclaimable:     664272 kB
Slab:             226012 kB
SReclaimable:      77208 kB
SUnreclaim:       148804 kB
KernelStack:       47840 kB
PageTables:        66952 kB
NFS_Unstable:          0 kB
Bounce:                0 kB
WritebackTmp:          0 kB
CommitLimit:     9202292 kB
Committed_AS:   75077552 kB
VmallocTotal:   263061440 kB
VmallocUsed:      104872 kB
VmallocChunk:          0 kB
Percpu:             7552 kB
CmaTotal:         294912 kB
CmaFree:               0 kB
MemTotal:       12113136 kB
MemFree:         6355588 kB
MemAvailable:    7960716 kB
Buffers:            5528 kB
Cached:          1835304 kB
SwapCached:            0 kB
Active:          1515732 kB
Inactive:        1597396 kB
Active(anon):    1278892 kB
Inactive(anon):    24676 kB
Active(file):     236840 kB
Inactive(file):  1572720 kB
Unevictable:        5620 kB
Mlocked:            5620 kB
SwapTotal:       3145724 kB
SwapFree:        3145724 kB
Dirty:               484 kB
Writeback:            24 kB
AnonPages:       1278200 kB
Mapped:           862680 kB
Shmem:             26704 kB
KReclaimable:     664272 kB
Slab:             226052 kB
SReclaimable:      77208 kB
SUnreclaim:       148844 kB
KernelStack:       47856 kB
PageTables:        66976 kB
NFS_Unstable:          0 kB
Bounce:                0 kB
WritebackTmp:          0 kB
CommitLimit:     9202292 kB
Committed_AS:   75089068 kB
VmallocTotal:   263061440 kB
VmallocUsed:      104904 kB
VmallocChunk:          0 kB
Percpu:             7552 kB
CmaTotal:         294912 kB
CmaFree:              60 kB
MemTotal:       12113136 kB
MemFree:         6355804 kB
MemAvailable:    7960916 kB
Buffers:            5528 kB
Cached:          1835088 kB
SwapCached:            0 kB
Active:          1514536 kB
Inactive:        1597296 kB
Active(anon):    1277700 kB
Inactive(anon):    24588 kB
Active(file):     236836 kB
Inactive(file):  1572708 kB
Unevictable:        5620 kB
Mlocked:            5620 kB
SwapTotal:       3145724 kB
SwapFree:        3145724 kB
Dirty:               312 kB
Writeback:             0 kB
AnonPages:       1277020 kB
Mapped:           862776 kB
Shmem:             26504 kB
KReclaimable:     664272 kB
Slab:             226028 kB
SReclaimable:      77208 kB
SUnreclaim:       148820 kB
KernelStack:       47840 kB
PageTables:        67112 kB
NFS_Unstable:          0 kB
Bounce:                0 kB
WritebackTmp:          0 kB
CommitLimit:     9202292 kB
Committed_AS:   75085112 kB
VmallocTotal:   263061440 kB
VmallocUsed:      104904 kB
