MemTotal:       12113144 kB
MemFree:         6967928 kB
MemAvailable:    8366676 kB
Buffers:            6124 kB
Cached:          1621672 kB
SwapCached:            0 kB
Active:          1345072 kB
Inactive:        1412588 kB
Active(anon):    1136388 kB
Inactive(anon):    21120 kB
Active(file):     208684 kB
Inactive(file):  1391468 kB
Unevictable:        5692 kB
Mlocked:            5692 kB
SwapTotal:       3145724 kB
SwapFree:        3145724 kB
Dirty:               244 kB
Writeback:             0 kB
AnonPages:       1135892 kB
Mapped:           806980 kB
Shmem:             22992 kB
KReclaimable:     667300 kB
Slab:             202484 kB
SReclaimable:      66908 kB
SUnreclaim:       135576 kB
KernelStack:       41376 kB
PageTables:        55500 kB
NFS_Unstable:          0 kB
Bounce:                0 kB
WritebackTmp:          0 kB
CommitLimit:     9202296 kB
Committed_AS:   56359560 kB
VmallocTotal:   263061440 kB
VmallocUsed:       98292 kB
VmallocChunk:          0 kB
Percpu:             7584 kB
CmaTotal:         294912 kB
CmaFree:               0 kB
MemTotal:       12113144 kB
MemFree:         6965308 kB
MemAvailable:    8364048 kB
Buffers:            6124 kB
Cached:          1621664 kB
SwapCached:            0 kB
Active:          1346752 kB
Inactive:        1412584 kB
Active(anon):    1138072 kB
Inactive(anon):    21120 kB
Active(file):     208680 kB
Inactive(file):  1391464 kB
Unevictable:        5692 kB
Mlocked:            5692 kB
SwapTotal:       3145724 kB
SwapFree:        3145724 kB
Dirty:               260 kB
Writeback:             0 kB
AnonPages:       1137096 kB
Mapped:           805056 kB
Shmem:             22992 kB
KReclaimable:     667300 kB
Slab:             202492 kB
SReclaimable:      66908 kB
SUnreclaim:       135584 kB
KernelStack:       41376 kB
PageTables:        55656 kB
NFS_Unstable:          0 kB
Bounce:                0 kB
WritebackTmp:          0 kB
CommitLimit:     9202296 kB
Committed_AS:   56364480 kB
VmallocTotal:   263061440 kB
VmallocUsed:       98292 kB
VmallocChunk:          0 kB
Percpu:             7584 kB
CmaTotal:         294912 kB
CmaFree:               0 kB
MemTotal:       12113144 kB
MemFree:         6965088 kB
MemAvailable:    8363836 kB
Buffers:            6124 kB
Cached:          1621672 kB
SwapCached:            0 kB
Active:          1346628 kB
Inactive:        1412588 kB
Active(anon):    1137944 kB
Inactive(anon):    21120 kB
Active(file):     208684 kB
Inactive(file):  1391468 kB
Unevictable:        5692 kB
Mlocked:            5692 kB
SwapTotal:       3145724 kB
SwapFree:        3145724 kB
Dirty:               264 kB
Writeback:             0 kB
AnonPages:       1137208 kB
Mapped:           804796 kB
Shmem:             22992 kB
KReclaimable:     667300 kB
Slab:             202496 kB
SReclaimable:      66908 kB
SUnreclaim:       135588 kB
KernelStack:       41376 kB
PageTables:        55656 kB
NFS_Unstable:          0 kB
Bounce:                0 kB
WritebackTmp:          0 kB
CommitLimit:     9202296 kB
Committed_AS:   56364260 kB
VmallocTotal:   263061440 kB
VmallocUsed:       98292 kB
VmallocChunk:          0 kB
Percpu:             7584 kB
CmaTotal:         294912 kB
CmaFree:               0 kB
MemTotal:       12113144 kB
MemFree:         6962232 kB
MemAvailable:    8360980 kB
Buffers:            6124 kB
Cached:          1621672 kB
SwapCached:            0 kB
Active:          1350632 kB
Inactive:        1412588 kB
Active(anon):    1141948 kB
Inactive(anon):    21120 kB
Active(file):     208684 kB
Inactive(file):  1391468 kB
Unevictable:        5692 kB
Mlocked:            5692 kB
SwapTotal:       3145724 kB
SwapFree:        3145724 kB
Dirty:               264 kB
Writeback:             0 kB
AnonPages:       1141164 kB
Mapped:           805060 kB
Shmem:             22992 kB
KReclaimable:     667300 kB
Slab:             202488 kB
SReclaimable:      66908 kB
SUnreclaim:       135580 kB
KernelStack:       41376 kB
PageTables:        55652 kB
NFS_Unstable:          0 kB
Bounce:                0 kB
WritebackTmp:          0 kB
CommitLimit:     9202296 kB
Committed_AS:   56365936 kB
VmallocTotal:   263061440 kB
VmallocUsed:       98276 kB
VmallocChunk:          0 kB
Percpu:             7584 kB
CmaTotal:         294912 kB
CmaFree:               0 kB
MemTotal:       12113144 kB
MemFree:         6962764 kB
MemAvailable:    8361512 kB
Buffers:            6124 kB
Cached:          1621672 kB
SwapCached:            0 kB
Active:          1347720 kB
Inactive:        1412588 kB
Active(anon):    1139036 kB
Inactive(anon):    21120 kB
Active(file):     208684 kB
Inactive(file):  1391468 kB
Unevictable:        5692 kB
Mlocked:            5692 kB
SwapTotal:       3145724 kB
SwapFree:        3145724 kB
Dirty:               264 kB
Writeback:             0 kB
AnonPages:       1138316 kB
Mapped:           804800 kB
Shmem:             22992 kB
KReclaimable:     667300 kB
Slab:             202488 kB
SReclaimable:      66908 kB
SUnreclaim:       135580 kB
KernelStack:       41376 kB
PageTables:        55652 kB
NFS_Unstable:          0 kB
Bounce:                0 kB
WritebackTmp:          0 kB
CommitLimit:     9202296 kB
Committed_AS:   56365644 kB
VmallocTotal:   263061440 kB
VmallocUsed:       98276 kB
VmallocChunk:          0 kB
Percpu:             7584 kB
CmaTotal:         294912 kB
CmaFree:               0 kB
MemTotal:       12113144 kB
MemFree:         6962896 kB
MemAvailable:    8361660 kB
Buffers:            6128 kB
Cached:          1621684 kB
SwapCached:            0 kB
Active:          1347864 kB
Inactive:        1412600 kB
Active(anon):    1139176 kB
Inactive(anon):    21120 kB
Active(file):     208688 kB
Inactive(file):  1391480 kB
Unevictable:        5692 kB
Mlocked:            5692 kB
SwapTotal:       3145724 kB
SwapFree:        3145724 kB
Dirty:               252 kB
Writeback:             0 kB
AnonPages:       1138416 kB
Mapped:           805060 kB
Shmem:             22992 kB
KReclaimable:     667300 kB
Slab:             202488 kB
SReclaimable:      66908 kB
SUnreclaim:       135580 kB
KernelStack:       41376 kB
PageTables:        55652 kB
NFS_Unstable:          0 kB
Bounce:                0 kB
WritebackTmp:          0 kB
CommitLimit:     9202296 kB
Committed_AS:   56365608 kB
VmallocTotal:   263061440 kB
VmallocUsed:       98276 kB
VmallocChunk:          0 kB
Percpu:             7584 kB
CmaTotal:         294912 kB
CmaFree:               0 kB
MemTotal:       12113144 kB
MemFree:         6962856 kB
MemAvailable:    8361620 kB
Buffers:            6128 kB
Cached:          1621684 kB
SwapCached:            0 kB
Active:          1347500 kB
Inactive:        1412600 kB
Active(anon):    1138812 kB
Inactive(anon):    21120 kB
Active(file):     208688 kB
Inactive(file):  1391480 kB
Unevictable:        5692 kB
Mlocked:            5692 kB
SwapTotal:       3145724 kB
SwapFree:        3145724 kB
Dirty:               260 kB
Writeback:             0 kB
AnonPages:       1138168 kB
Mapped:           805060 kB
Shmem:             22992 kB
KReclaimable:     667300 kB
Slab:             202488 kB
SReclaimable:      66908 kB
SUnreclaim:       135580 kB
KernelStack:       41376 kB
PageTables:        55652 kB
NFS_Unstable:          0 kB
Bounce:                0 kB
WritebackTmp:          0 kB
CommitLimit:     9202296 kB
Committed_AS:   56365352 kB
VmallocTotal:   263061440 kB
VmallocUsed:       98244 kB
VmallocChunk:          0 kB
Percpu:             7584 kB
CmaTotal:         294912 kB
CmaFree:               0 kB
MemTotal:       12113144 kB
MemFree:         6962356 kB
MemAvailable:    8361120 kB
Buffers:            6128 kB
Cached:          1621688 kB
SwapCached:            0 kB
Active:          1348092 kB
Inactive:        1412608 kB
Active(anon):    1139408 kB
Inactive(anon):    21124 kB
Active(file):     208684 kB
Inactive(file):  1391484 kB
Unevictable:        5692 kB
Mlocked:            5692 kB
SwapTotal:       3145724 kB
SwapFree:        3145724 kB
Dirty:               284 kB
Writeback:             0 kB
AnonPages:       1138460 kB
Mapped:           804804 kB
Shmem:             22996 kB
KReclaimable:     667300 kB
Slab:             202488 kB
SReclaimable:      66908 kB
SUnreclaim:       135580 kB
KernelStack:       41408 kB
PageTables:        55652 kB
NFS_Unstable:          0 kB
Bounce:                0 kB
WritebackTmp:          0 kB
CommitLimit:     9202296 kB
Committed_AS:   56364980 kB
VmallocTotal:   263061440 kB
VmallocUsed:       98292 kB
VmallocChunk:          0 kB
Percpu:             7584 kB
CmaTotal:         294912 kB
CmaFree:               0 kB
MemTotal:       12113144 kB
MemFree:         6962068 kB
MemAvailable:    8360832 kB
Buffers:            6128 kB
Cached:          1621688 kB
SwapCached:            0 kB
Active:          1348360 kB
Inactive:        1412608 kB
Active(anon):    1139676 kB
Inactive(anon):    21124 kB
Active(file):     208684 kB
Inactive(file):  1391484 kB
Unevictable:        5692 kB
Mlocked:            5692 kB
SwapTotal:       3145724 kB
SwapFree:        3145724 kB
Dirty:               292 kB
Writeback:             0 kB
AnonPages:       1138852 kB
Mapped:           805064 kB
Shmem:             22996 kB
KReclaimable:     667300 kB
Slab:             202492 kB
SReclaimable:      66908 kB
SUnreclaim:       135584 kB
KernelStack:       41408 kB
PageTables:        55652 kB
NFS_Unstable:          0 kB
Bounce:                0 kB
WritebackTmp:          0 kB
CommitLimit:     9202296 kB
Committed_AS:   56364884 kB
VmallocTotal:   263061440 kB
VmallocUsed:       98276 kB
VmallocChunk:          0 kB
Percpu:             7584 kB
CmaTotal:         294912 kB
CmaFree:             128 kB
MemTotal:       12113144 kB
MemFree:         6962376 kB
MemAvailable:    8361140 kB
Buffers:            6128 kB
Cached:          1621688 kB
SwapCached:            0 kB
Active:          1348864 kB
Inactive:        1412608 kB
Active(anon):    1140180 kB
Inactive(anon):    21124 kB
Active(file):     208684 kB
Inactive(file):  1391484 kB
Unevictable:        5692 kB
Mlocked:            5692 kB
SwapTotal:       3145724 kB
SwapFree:        3145724 kB
Dirty:               300 kB
Writeback:             0 kB
AnonPages:       1139656 kB
Mapped:           805064 kB
Shmem:             22996 kB
KReclaimable:     667300 kB
Slab:             202492 kB
SReclaimable:      66908 kB
SUnreclaim:       135584 kB
KernelStack:       41408 kB
PageTables:        55652 kB
NFS_Unstable:          0 kB
Bounce:                0 kB
WritebackTmp:          0 kB
CommitLimit:     9202296 kB
Committed_AS:   56364532 kB
VmallocTotal:   263061440 kB
VmallocUsed:       98276 kB
VmallocChunk:          0 kB
Percpu:             7584 kB
CmaTotal:         294912 kB
CmaFree:               0 kB
MemTotal:       12113144 kB
MemFree:         6964240 kB
MemAvailable:    8363004 kB
Buffers:            6128 kB
Cached:          1621688 kB
SwapCached:            0 kB
Active:          1346864 kB
Inactive:        1412608 kB
Active(anon):    1138180 kB
Inactive(anon):    21124 kB
Active(file):     208684 kB
Inactive(file):  1391484 kB
Unevictable:        5692 kB
Mlocked:            5692 kB
SwapTotal:       3145724 kB
SwapFree:        3145724 kB
Dirty:               304 kB
Writeback:             0 kB
AnonPages:       1137492 kB
Mapped:           805068 kB
Shmem:             22996 kB
KReclaimable:     667300 kB
Slab:             202500 kB
SReclaimable:      66908 kB
SUnreclaim:       135592 kB
KernelStack:       41408 kB
PageTables:        55652 kB
NFS_Unstable:          0 kB
Bounce:                0 kB
WritebackTmp:          0 kB
CommitLimit:     9202296 kB
Committed_AS:   56364436 kB
VmallocTotal:   263061440 kB
VmallocUsed:       98276 kB
VmallocChunk:          0 kB
Percpu:             7584 kB
CmaTotal:         294912 kB
CmaFree:               0 kB
MemTotal:       12113144 kB
MemFree:         6963820 kB
MemAvailable:    8362584 kB
Buffers:            6128 kB
Cached:          1621688 kB
SwapCached:            0 kB
Active:          1347172 kB
Inactive:        1412608 kB
Active(anon):    1138488 kB
Inactive(anon):    21124 kB
Active(file):     208684 kB
Inactive(file):  1391484 kB
Unevictable:        5692 kB
Mlocked:            5692 kB
SwapTotal:       3145724 kB
SwapFree:        3145724 kB
Dirty:               304 kB
Writeback:             0 kB
AnonPages:       1137780 kB
Mapped:           804808 kB
Shmem:             22996 kB
KReclaimable:     667300 kB
Slab:             202500 kB
SReclaimable:      66908 kB
SUnreclaim:       135592 kB
KernelStack:       41408 kB
PageTables:        55652 kB
NFS_Unstable:          0 kB
Bounce:                0 kB
WritebackTmp:          0 kB
CommitLimit:     9202296 kB
Committed_AS:   56364188 kB
VmallocTotal:   263061440 kB
VmallocUsed:       98276 kB
VmallocChunk:          0 kB
Percpu:             7584 kB
CmaTotal:         294912 kB
CmaFree:               0 kB
MemTotal:       12113144 kB
MemFree:         6964376 kB
MemAvailable:    8363140 kB
Buffers:            6128 kB
Cached:          1621688 kB
SwapCached:            0 kB
Active:          1347732 kB
Inactive:        1412608 kB
Active(anon):    1139048 kB
Inactive(anon):    21124 kB
Active(file):     208684 kB
Inactive(file):  1391484 kB
Unevictable:        5692 kB
Mlocked:            5692 kB
SwapTotal:       3145724 kB
SwapFree:        3145724 kB
Dirty:               324 kB
Writeback:             0 kB
AnonPages:       1138368 kB
Mapped:           805068 kB
Shmem:             22996 kB
KReclaimable:     667300 kB
Slab:             202476 kB
SReclaimable:      66908 kB
SUnreclaim:       135568 kB
KernelStack:       41408 kB
PageTables:        55652 kB
NFS_Unstable:          0 kB
Bounce:                0 kB
WritebackTmp:          0 kB
CommitLimit:     9202296 kB
Committed_AS:   56364056 kB
VmallocTotal:   263061440 kB
VmallocUsed:       98276 kB
VmallocChunk:          0 kB
Percpu:             7584 kB
CmaTotal:         294912 kB
CmaFree:               0 kB
MemTotal:       12113144 kB
MemFree:         6963448 kB
MemAvailable:    8362212 kB
Buffers:            6128 kB
Cached:          1621688 kB
SwapCached:            0 kB
Active:          1347820 kB
Inactive:        1412608 kB
Active(anon):    1139136 kB
Inactive(anon):    21124 kB
Active(file):     208684 kB
Inactive(file):  1391484 kB
Unevictable:        5692 kB
Mlocked:            5692 kB
SwapTotal:       3145724 kB
SwapFree:        3145724 kB
Dirty:               356 kB
Writeback:             0 kB
AnonPages:       1138692 kB
Mapped:           805068 kB
Shmem:             22996 kB
KReclaimable:     667300 kB
Slab:             202500 kB
SReclaimable:      66908 kB
SUnreclaim:       135592 kB
KernelStack:       41408 kB
PageTables:        55652 kB
NFS_Unstable:          0 kB
Bounce:                0 kB
WritebackTmp:          0 kB
CommitLimit:     9202296 kB
Committed_AS:   56364964 kB
VmallocTotal:   263061440 kB
VmallocUsed:       98244 kB
VmallocChunk:          0 kB
Percpu:             7584 kB
CmaTotal:         294912 kB
CmaFree:               0 kB
MemTotal:       12113144 kB
MemFree:         6963580 kB
MemAvailable:    8362352 kB
Buffers:            6128 kB
Cached:          1621696 kB
SwapCached:            0 kB
Active:          1347776 kB
Inactive:        1412616 kB
Active(anon):    1139092 kB
Inactive(anon):    21124 kB
Active(file):     208684 kB
Inactive(file):  1391492 kB
Unevictable:        5692 kB
Mlocked:            5692 kB
SwapTotal:       3145724 kB
SwapFree:        3145724 kB
Dirty:               376 kB
Writeback:             0 kB
AnonPages:       1138416 kB
Mapped:           805068 kB
Shmem:             22996 kB
KReclaimable:     667300 kB
Slab:             202480 kB
SReclaimable:      66908 kB
SUnreclaim:       135572 kB
KernelStack:       41408 kB
PageTables:        55652 kB
NFS_Unstable:          0 kB
Bounce:                0 kB
WritebackTmp:          0 kB
CommitLimit:     9202296 kB
Committed_AS:   56365008 kB
VmallocTotal:   263061440 kB
VmallocUsed:       98292 kB
VmallocChunk:          0 kB
Percpu:             7584 kB
CmaTotal:         294912 kB
CmaFree:               0 kB
MemTotal:       12113144 kB
MemFree:         6962696 kB
MemAvailable:    8361468 kB
Buffers:            6128 kB
Cached:          1621696 kB
SwapCached:            0 kB
Active:          1348392 kB
Inactive:        1412616 kB
Active(anon):    1139708 kB
Inactive(anon):    21124 kB
Active(file):     208684 kB
Inactive(file):  1391492 kB
Unevictable:        5692 kB
Mlocked:            5692 kB
SwapTotal:       3145724 kB
SwapFree:        3145724 kB
Dirty:               376 kB
Writeback:             0 kB
AnonPages:       1139240 kB
Mapped:           804808 kB
Shmem:             22996 kB
KReclaimable:     667300 kB
Slab:             202504 kB
SReclaimable:      66908 kB
SUnreclaim:       135596 kB
KernelStack:       41408 kB
PageTables:        55656 kB
NFS_Unstable:          0 kB
Bounce:                0 kB
WritebackTmp:          0 kB
CommitLimit:     9202296 kB
Committed_AS:   56365368 kB
VmallocTotal:   263061440 kB
VmallocUsed:       98292 kB
VmallocChunk:          0 kB
Percpu:             7584 kB
CmaTotal:         294912 kB
CmaFree:               0 kB
MemTotal:       12113144 kB
MemFree:         6962792 kB
MemAvailable:    8361560 kB
Buffers:            6128 kB
Cached:          1621692 kB
SwapCached:            0 kB
Active:          1348808 kB
Inactive:        1412616 kB
Active(anon):    1140128 kB
Inactive(anon):    21124 kB
Active(file):     208680 kB
Inactive(file):  1391492 kB
Unevictable:        5692 kB
Mlocked:            5692 kB
SwapTotal:       3145724 kB
SwapFree:        3145724 kB
Dirty:               368 kB
Writeback:             0 kB
AnonPages:       1139432 kB
Mapped:           804808 kB
Shmem:             22996 kB
KReclaimable:     667300 kB
Slab:             202496 kB
SReclaimable:      66908 kB
SUnreclaim:       135588 kB
KernelStack:       41408 kB
PageTables:        55656 kB
NFS_Unstable:          0 kB
Bounce:                0 kB
WritebackTmp:          0 kB
CommitLimit:     9202296 kB
Committed_AS:   56365192 kB
VmallocTotal:   263061440 kB
VmallocUsed:       98292 kB
VmallocChunk:          0 kB
Percpu:             7584 kB
CmaTotal:         294912 kB
CmaFree:               0 kB
MemTotal:       12113144 kB
MemFree:         6961280 kB
MemAvailable:    8360052 kB
Buffers:            6128 kB
Cached:          1621696 kB
SwapCached:            0 kB
Active:          1349672 kB
Inactive:        1412616 kB
Active(anon):    1140988 kB
Inactive(anon):    21124 kB
Active(file):     208684 kB
Inactive(file):  1391492 kB
Unevictable:        5692 kB
Mlocked:            5692 kB
SwapTotal:       3145724 kB
SwapFree:        3145724 kB
Dirty:               376 kB
Writeback:             0 kB
AnonPages:       1140256 kB
Mapped:           805068 kB
Shmem:             22996 kB
KReclaimable:     667300 kB
Slab:             202496 kB
SReclaimable:      66908 kB
SUnreclaim:       135588 kB
KernelStack:       41440 kB
PageTables:        55660 kB
NFS_Unstable:          0 kB
Bounce:                0 kB
WritebackTmp:          0 kB
CommitLimit:     9202296 kB
Committed_AS:   56364964 kB
VmallocTotal:   263061440 kB
VmallocUsed:       98292 kB
VmallocChunk:          0 kB
Percpu:             7584 kB
CmaTotal:         294912 kB
CmaFree:               0 kB
MemTotal:       12113144 kB
MemFree:         6961884 kB
MemAvailable:    8360656 kB
Buffers:            6128 kB
Cached:          1621696 kB
SwapCached:            0 kB
Active:          1349936 kB
Inactive:        1412616 kB
Active(anon):    1141252 kB
Inactive(anon):    21124 kB
Active(file):     208684 kB
Inactive(file):  1391492 kB
Unevictable:        5692 kB
Mlocked:            5692 kB
SwapTotal:       3145724 kB
SwapFree:        3145724 kB
Dirty:               400 kB
Writeback:             0 kB
AnonPages:       1140500 kB
Mapped:           805068 kB
Shmem:             22996 kB
KReclaimable:     667300 kB
Slab:             202496 kB
SReclaimable:      66908 kB
SUnreclaim:       135588 kB
KernelStack:       41376 kB
PageTables:        55656 kB
NFS_Unstable:          0 kB
Bounce:                0 kB
WritebackTmp:          0 kB
CommitLimit:     9202296 kB
Committed_AS:   56364692 kB
VmallocTotal:   263061440 kB
VmallocUsed:       98244 kB
VmallocChunk:          0 kB
Percpu:             7584 kB
CmaTotal:         294912 kB
CmaFree:               0 kB
MemTotal:       12113144 kB
MemFree:         6961428 kB
MemAvailable:    8360200 kB
Buffers:            6132 kB
Cached:          1621700 kB
SwapCached:            0 kB
Active:          1349744 kB
Inactive:        1412616 kB
Active(anon):    1141060 kB
Inactive(anon):    21124 kB
Active(file):     208684 kB
Inactive(file):  1391492 kB
Unevictable:        5692 kB
Mlocked:            5692 kB
SwapTotal:       3145724 kB
SwapFree:        3145724 kB
Dirty:               376 kB
Writeback:             0 kB
AnonPages:       1140336 kB
Mapped:           805068 kB
Shmem:             22996 kB
KReclaimable:     667300 kB
Slab:             202500 kB
SReclaimable:      66908 kB
SUnreclaim:       135592 kB
KernelStack:       41360 kB
PageTables:        55652 kB
NFS_Unstable:          0 kB
Bounce:                0 kB
WritebackTmp:          0 kB
CommitLimit:     9202296 kB
Committed_AS:   56364340 kB
VmallocTotal:   263061440 kB
VmallocUsed:       98260 kB
VmallocChunk:          0 kB
Percpu:             7584 kB
CmaTotal:         294912 kB
CmaFree:               0 kB
MemTotal:       12113144 kB
MemFree:         6961128 kB
MemAvailable:    8359916 kB
Buffers:            6132 kB
Cached:          1621708 kB
SwapCached:            0 kB
Active:          1350120 kB
Inactive:        1412628 kB
Active(anon):    1141432 kB
Inactive(anon):    21124 kB
Active(file):     208688 kB
Inactive(file):  1391504 kB
Unevictable:        5692 kB
Mlocked:            5692 kB
SwapTotal:       3145724 kB
SwapFree:        3145724 kB
Dirty:               380 kB
Writeback:             0 kB
AnonPages:       1140908 kB
Mapped:           804808 kB
Shmem:             22996 kB
KReclaimable:     667300 kB
Slab:             202500 kB
SReclaimable:      66908 kB
SUnreclaim:       135592 kB
KernelStack:       41360 kB
PageTables:        55664 kB
NFS_Unstable:          0 kB
Bounce:                0 kB
WritebackTmp:          0 kB
CommitLimit:     9202296 kB
Committed_AS:   56365008 kB
VmallocTotal:   263061440 kB
VmallocUsed:       98260 kB
VmallocChunk:          0 kB
Percpu:             7584 kB
CmaTotal:         294912 kB
CmaFree:               0 kB
MemTotal:       12113144 kB
MemFree:         6960992 kB
MemAvailable:    8359780 kB
Buffers:            6132 kB
Cached:          1621708 kB
SwapCached:            0 kB
Active:          1351068 kB
Inactive:        1412628 kB
Active(anon):    1142380 kB
Inactive(anon):    21124 kB
Active(file):     208688 kB
Inactive(file):  1391504 kB
Unevictable:        5692 kB
Mlocked:            5692 kB
SwapTotal:       3145724 kB
SwapFree:        3145724 kB
Dirty:               380 kB
Writeback:             0 kB
AnonPages:       1141192 kB
Mapped:           805068 kB
Shmem:             22996 kB
KReclaimable:     667300 kB
Slab:             202516 kB
SReclaimable:      66908 kB
SUnreclaim:       135608 kB
KernelStack:       41376 kB
PageTables:        55652 kB
NFS_Unstable:          0 kB
Bounce:                0 kB
WritebackTmp:          0 kB
CommitLimit:     9202296 kB
Committed_AS:   56364956 kB
VmallocTotal:   263061440 kB
VmallocUsed:       98260 kB
VmallocChunk:          0 kB
Percpu:             7584 kB
CmaTotal:         294912 kB
CmaFree:               0 kB
MemTotal:       12113144 kB
MemFree:         6960808 kB
MemAvailable:    8359596 kB
Buffers:            6132 kB
Cached:          1621708 kB
SwapCached:            0 kB
Active:          1351384 kB
Inactive:        1412628 kB
Active(anon):    1142696 kB
Inactive(anon):    21124 kB
Active(file):     208688 kB
Inactive(file):  1391504 kB
Unevictable:        5692 kB
Mlocked:            5692 kB
SwapTotal:       3145724 kB
SwapFree:        3145724 kB
Dirty:               380 kB
Writeback:             0 kB
AnonPages:       1141780 kB
Mapped:           805052 kB
Shmem:             22996 kB
KReclaimable:     667300 kB
Slab:             202508 kB
SReclaimable:      66908 kB
SUnreclaim:       135600 kB
KernelStack:       41392 kB
PageTables:        55652 kB
NFS_Unstable:          0 kB
Bounce:                0 kB
WritebackTmp:          0 kB
CommitLimit:     9202296 kB
Committed_AS:   56359836 kB
VmallocTotal:   263061440 kB
VmallocUsed:       98308 kB
VmallocChunk:          0 kB
Percpu:             7584 kB
CmaTotal:         294912 kB
CmaFree:               0 kB
MemTotal:       12113144 kB
MemFree:         6959836 kB
MemAvailable:    8358624 kB
Buffers:            6132 kB
Cached:          1621708 kB
SwapCached:            0 kB
Active:          1351660 kB
Inactive:        1412628 kB
Active(anon):    1142972 kB
Inactive(anon):    21124 kB
Active(file):     208688 kB
Inactive(file):  1391504 kB
Unevictable:        5692 kB
Mlocked:            5692 kB
SwapTotal:       3145724 kB
SwapFree:        3145724 kB
Dirty:               376 kB
Writeback:             0 kB
AnonPages:       1142128 kB
Mapped:           805068 kB
Shmem:             22996 kB
KReclaimable:     667300 kB
Slab:             202500 kB
SReclaimable:      66908 kB
SUnreclaim:       135592 kB
KernelStack:       41392 kB
PageTables:        55652 kB
NFS_Unstable:          0 kB
Bounce:                0 kB
WritebackTmp:          0 kB
CommitLimit:     9202296 kB
Committed_AS:   56363292 kB
VmallocTotal:   263061440 kB
VmallocUsed:       98308 kB
VmallocChunk:          0 kB
Percpu:             7584 kB
CmaTotal:         294912 kB
CmaFree:               0 kB
MemTotal:       12113144 kB
MemFree:         6959828 kB
MemAvailable:    8358616 kB
Buffers:            6132 kB
Cached:          1621708 kB
SwapCached:            0 kB
Active:          1351820 kB
Inactive:        1412628 kB
Active(anon):    1143132 kB
Inactive(anon):    21124 kB
Active(file):     208688 kB
Inactive(file):  1391504 kB
Unevictable:        5692 kB
Mlocked:            5692 kB
SwapTotal:       3145724 kB
SwapFree:        3145724 kB
Dirty:               380 kB
Writeback:             0 kB
AnonPages:       1142424 kB
Mapped:           804808 kB
Shmem:             22996 kB
KReclaimable:     667300 kB
Slab:             202504 kB
SReclaimable:      66908 kB
SUnreclaim:       135596 kB
KernelStack:       41392 kB
PageTables:        55648 kB
NFS_Unstable:          0 kB
Bounce:                0 kB
WritebackTmp:          0 kB
CommitLimit:     9202296 kB
Committed_AS:   56363824 kB
VmallocTotal:   263061440 kB
VmallocUsed:       98292 kB
VmallocChunk:          0 kB
Percpu:             7584 kB
CmaTotal:         294912 kB
CmaFree:               0 kB
MemTotal:       12113144 kB
MemFree:         6960676 kB
MemAvailable:    8359464 kB
Buffers:            6132 kB
Cached:          1621708 kB
SwapCached:            0 kB
Active:          1350332 kB
Inactive:        1412628 kB
Active(anon):    1141644 kB
Inactive(anon):    21124 kB
Active(file):     208688 kB
Inactive(file):  1391504 kB
Unevictable:        5692 kB
Mlocked:            5692 kB
SwapTotal:       3145724 kB
SwapFree:        3145724 kB
Dirty:               380 kB
Writeback:             0 kB
AnonPages:       1140956 kB
Mapped:           805076 kB
Shmem:             22996 kB
KReclaimable:     667300 kB
Slab:             202512 kB
SReclaimable:      66908 kB
SUnreclaim:       135604 kB
KernelStack:       41408 kB
PageTables:        55648 kB
NFS_Unstable:          0 kB
Bounce:                0 kB
WritebackTmp:          0 kB
CommitLimit:     9202296 kB
Committed_AS:   56365008 kB
VmallocTotal:   263061440 kB
VmallocUsed:       98292 kB
VmallocChunk:          0 kB
Percpu:             7584 kB
CmaTotal:         294912 kB
CmaFree:              32 kB
MemTotal:       12113144 kB
MemFree:         6960264 kB
MemAvailable:    8359052 kB
Buffers:            6132 kB
Cached:          1621708 kB
SwapCached:            0 kB
Active:          1350612 kB
Inactive:        1412628 kB
Active(anon):    1141924 kB
Inactive(anon):    21124 kB
Active(file):     208688 kB
Inactive(file):  1391504 kB
Unevictable:        5692 kB
Mlocked:            5692 kB
SwapTotal:       3145724 kB
SwapFree:        3145724 kB
Dirty:               196 kB
Writeback:             0 kB
AnonPages:       1141044 kB
Mapped:           804572 kB
Shmem:             22996 kB
KReclaimable:     667300 kB
Slab:             202516 kB
SReclaimable:      66908 kB
SUnreclaim:       135608 kB
KernelStack:       41392 kB
PageTables:        55716 kB
NFS_Unstable:          0 kB
Bounce:                0 kB
WritebackTmp:          0 kB
CommitLimit:     9202296 kB
Committed_AS:   56365324 kB
VmallocTotal:   263061440 kB
VmallocUsed:       98308 kB
VmallocChunk:          0 kB
Percpu:             7584 kB
CmaTotal:         294912 kB
CmaFree:               0 kB
MemTotal:       12113144 kB
MemFree:         6959480 kB
MemAvailable:    8358268 kB
Buffers:            6132 kB
Cached:          1621708 kB
SwapCached:            0 kB
Active:          1350740 kB
Inactive:        1412628 kB
Active(anon):    1142052 kB
Inactive(anon):    21124 kB
Active(file):     208688 kB
Inactive(file):  1391504 kB
Unevictable:        5692 kB
Mlocked:            5692 kB
SwapTotal:       3145724 kB
SwapFree:        3145724 kB
Dirty:               196 kB
Writeback:             0 kB
AnonPages:       1141512 kB
Mapped:           804816 kB
Shmem:             22996 kB
KReclaimable:     667300 kB
Slab:             202516 kB
SReclaimable:      66908 kB
SUnreclaim:       135608 kB
KernelStack:       41392 kB
PageTables:        55648 kB
NFS_Unstable:          0 kB
Bounce:                0 kB
WritebackTmp:          0 kB
CommitLimit:     9202296 kB
Committed_AS:   56364688 kB
VmallocTotal:   263061440 kB
VmallocUsed:       98308 kB
VmallocChunk:          0 kB
Percpu:             7584 kB
CmaTotal:         294912 kB
CmaFree:               0 kB
MemTotal:       12113144 kB
MemFree:         6959608 kB
MemAvailable:    8358396 kB
Buffers:            6132 kB
Cached:          1621708 kB
SwapCached:            0 kB
Active:          1351264 kB
Inactive:        1412628 kB
Active(anon):    1142576 kB
Inactive(anon):    21124 kB
Active(file):     208688 kB
Inactive(file):  1391504 kB
Unevictable:        5692 kB
Mlocked:            5692 kB
SwapTotal:       3145724 kB
SwapFree:        3145724 kB
Dirty:               196 kB
Writeback:             0 kB
AnonPages:       1141932 kB
Mapped:           804816 kB
Shmem:             22996 kB
KReclaimable:     667300 kB
Slab:             202520 kB
SReclaimable:      66908 kB
SUnreclaim:       135612 kB
KernelStack:       41392 kB
PageTables:        55660 kB
NFS_Unstable:          0 kB
Bounce:                0 kB
WritebackTmp:          0 kB
CommitLimit:     9202296 kB
Committed_AS:   56364352 kB
VmallocTotal:   263061440 kB
VmallocUsed:       98308 kB
VmallocChunk:          0 kB
Percpu:             7584 kB
CmaTotal:         294912 kB
CmaFree:               0 kB
MemTotal:       12113144 kB
MemFree:         6959580 kB
MemAvailable:    8358372 kB
Buffers:            6132 kB
Cached:          1621712 kB
SwapCached:            0 kB
Active:          1351268 kB
Inactive:        1412632 kB
Active(anon):    1142580 kB
Inactive(anon):    21124 kB
Active(file):     208688 kB
Inactive(file):  1391508 kB
Unevictable:        5692 kB
Mlocked:            5692 kB
SwapTotal:       3145724 kB
SwapFree:        3145724 kB
Dirty:               212 kB
Writeback:             0 kB
AnonPages:       1141972 kB
Mapped:           804816 kB
Shmem:             22996 kB
KReclaimable:     667300 kB
Slab:             202528 kB
SReclaimable:      66908 kB
SUnreclaim:       135620 kB
KernelStack:       41392 kB
PageTables:        55656 kB
NFS_Unstable:          0 kB
Bounce:                0 kB
WritebackTmp:          0 kB
CommitLimit:     9202296 kB
Committed_AS:   56364776 kB
VmallocTotal:   263061440 kB
VmallocUsed:       98292 kB
VmallocChunk:          0 kB
Percpu:             7584 kB
CmaTotal:         294912 kB
CmaFree:               0 kB
MemTotal:       12113144 kB
MemFree:         6958664 kB
MemAvailable:    8357456 kB
Buffers:            6132 kB
Cached:          1621712 kB
SwapCached:            0 kB
Active:          1351924 kB
Inactive:        1412632 kB
Active(anon):    1143236 kB
Inactive(anon):    21124 kB
Active(file):     208688 kB
Inactive(file):  1391508 kB
Unevictable:        5692 kB
Mlocked:            5692 kB
SwapTotal:       3145724 kB
SwapFree:        3145724 kB
Dirty:               212 kB
Writeback:             0 kB
AnonPages:       1142508 kB
Mapped:           804816 kB
Shmem:             22996 kB
KReclaimable:     667300 kB
Slab:             202512 kB
SReclaimable:      66908 kB
SUnreclaim:       135604 kB
KernelStack:       41408 kB
PageTables:        55664 kB
NFS_Unstable:          0 kB
Bounce:                0 kB
WritebackTmp:          0 kB
CommitLimit:     9202296 kB
Committed_AS:   56364500 kB
VmallocTotal:   263061440 kB
VmallocUsed:       98292 kB
VmallocChunk:          0 kB
Percpu:             7584 kB
CmaTotal:         294912 kB
CmaFree:               0 kB
MemTotal:       12113144 kB
MemFree:         6958776 kB
MemAvailable:    8357568 kB
Buffers:            6132 kB
Cached:          1621712 kB
SwapCached:            0 kB
Active:          1352660 kB
Inactive:        1412632 kB
Active(anon):    1143972 kB
Inactive(anon):    21124 kB
Active(file):     208688 kB
Inactive(file):  1391508 kB
Unevictable:        5692 kB
Mlocked:            5692 kB
SwapTotal:       3145724 kB
SwapFree:        3145724 kB
Dirty:               212 kB
Writeback:             0 kB
AnonPages:       1143024 kB
Mapped:           804856 kB
Shmem:             22996 kB
KReclaimable:     667300 kB
Slab:             202528 kB
SReclaimable:      66908 kB
SUnreclaim:       135620 kB
KernelStack:       41408 kB
PageTables:        55552 kB
NFS_Unstable:          0 kB
Bounce:                0 kB
WritebackTmp:          0 kB
CommitLimit:     9202296 kB
Committed_AS:   56364076 kB
VmallocTotal:   263061440 kB
VmallocUsed:       98308 kB
VmallocChunk:          0 kB
Percpu:             7584 kB
CmaTotal:         294912 kB
CmaFree:               0 kB
MemTotal:       12113144 kB
MemFree:         6958308 kB
MemAvailable:    8357100 kB
Buffers:            6132 kB
Cached:          1621716 kB
SwapCached:            0 kB
Active:          1353600 kB
Inactive:        1412636 kB
Active(anon):    1144912 kB
Inactive(anon):    21128 kB
Active(file):     208688 kB
Inactive(file):  1391508 kB
Unevictable:        5692 kB
Mlocked:            5692 kB
SwapTotal:       3145724 kB
SwapFree:        3145724 kB
Dirty:               200 kB
Writeback:             0 kB
AnonPages:       1143988 kB
Mapped:           804820 kB
Shmem:             23000 kB
KReclaimable:     667300 kB
Slab:             202496 kB
SReclaimable:      66908 kB
SUnreclaim:       135588 kB
KernelStack:       41408 kB
PageTables:        55652 kB
NFS_Unstable:          0 kB
Bounce:                0 kB
WritebackTmp:          0 kB
CommitLimit:     9202296 kB
Committed_AS:   56368484 kB
VmallocTotal:   263061440 kB
VmallocUsed:       98308 kB
VmallocChunk:          0 kB
Percpu:             7584 kB
CmaTotal:         294912 kB
CmaFree:               0 kB
MemTotal:       12113144 kB
MemFree:         6958856 kB
MemAvailable:    8357648 kB
Buffers:            6132 kB
Cached:          1621716 kB
SwapCached:            0 kB
Active:          1353648 kB
Inactive:        1412636 kB
Active(anon):    1144960 kB
Inactive(anon):    21128 kB
Active(file):     208688 kB
Inactive(file):  1391508 kB
Unevictable:        5692 kB
Mlocked:            5692 kB
SwapTotal:       3145724 kB
SwapFree:        3145724 kB
Dirty:               256 kB
Writeback:             0 kB
AnonPages:       1144192 kB
Mapped:           805080 kB
Shmem:             23000 kB
KReclaimable:     667300 kB
Slab:             202520 kB
SReclaimable:      66908 kB
SUnreclaim:       135612 kB
KernelStack:       41392 kB
PageTables:        55652 kB
NFS_Unstable:          0 kB
Bounce:                0 kB
WritebackTmp:          0 kB
CommitLimit:     9202296 kB
Committed_AS:   56368396 kB
VmallocTotal:   263061440 kB
VmallocUsed:       98292 kB
VmallocChunk:          0 kB
Percpu:             7584 kB
CmaTotal:         294912 kB
CmaFree:               0 kB
MemTotal:       12113144 kB
MemFree:         6966420 kB
MemAvailable:    8365212 kB
Buffers:            6132 kB
Cached:          1621716 kB
SwapCached:            0 kB
Active:          1344736 kB
Inactive:        1412636 kB
Active(anon):    1136048 kB
Inactive(anon):    21128 kB
Active(file):     208688 kB
Inactive(file):  1391508 kB
Unevictable:        5692 kB
Mlocked:            5692 kB
SwapTotal:       3145724 kB
SwapFree:        3145724 kB
Dirty:               256 kB
Writeback:             0 kB
AnonPages:       1135100 kB
Mapped:           805080 kB
Shmem:             23000 kB
KReclaimable:     667300 kB
Slab:             202516 kB
SReclaimable:      66908 kB
SUnreclaim:       135608 kB
KernelStack:       41376 kB
PageTables:        55652 kB
NFS_Unstable:          0 kB
Bounce:                0 kB
WritebackTmp:          0 kB
CommitLimit:     9202296 kB
Committed_AS:   56370108 kB
VmallocTotal:   263061440 kB
VmallocUsed:       98276 kB
VmallocChunk:          0 kB
Percpu:             7584 kB
CmaTotal:         294912 kB
CmaFree:              40 kB
MemTotal:       12113144 kB
MemFree:         6965652 kB
MemAvailable:    8364456 kB
Buffers:            6136 kB
Cached:          1621724 kB
SwapCached:            0 kB
Active:          1345456 kB
Inactive:        1412644 kB
Active(anon):    1136764 kB
Inactive(anon):    21128 kB
Active(file):     208692 kB
Inactive(file):  1391516 kB
Unevictable:        5692 kB
Mlocked:            5692 kB
SwapTotal:       3145724 kB
SwapFree:        3145724 kB
Dirty:               248 kB
Writeback:             0 kB
AnonPages:       1135800 kB
Mapped:           804824 kB
Shmem:             23000 kB
KReclaimable:     667300 kB
Slab:             202524 kB
SReclaimable:      66908 kB
SUnreclaim:       135616 kB
KernelStack:       41360 kB
PageTables:        55656 kB
NFS_Unstable:          0 kB
Bounce:                0 kB
WritebackTmp:          0 kB
CommitLimit:     9202296 kB
Committed_AS:   56369924 kB
VmallocTotal:   263061440 kB
VmallocUsed:       98276 kB
VmallocChunk:          0 kB
Percpu:             7584 kB
CmaTotal:         294912 kB
CmaFree:               0 kB
MemTotal:       12113144 kB
MemFree:         6965968 kB
MemAvailable:    8364772 kB
Buffers:            6136 kB
Cached:          1621724 kB
SwapCached:            0 kB
Active:          1346048 kB
Inactive:        1412644 kB
Active(anon):    1137356 kB
Inactive(anon):    21128 kB
Active(file):     208692 kB
Inactive(file):  1391516 kB
Unevictable:        5692 kB
Mlocked:            5692 kB
SwapTotal:       3145724 kB
SwapFree:        3145724 kB
Dirty:               248 kB
Writeback:             0 kB
AnonPages:       1137068 kB
Mapped:           804820 kB
Shmem:             23000 kB
KReclaimable:     667300 kB
Slab:             202516 kB
SReclaimable:      66908 kB
SUnreclaim:       135608 kB
KernelStack:       41376 kB
PageTables:        55664 kB
NFS_Unstable:          0 kB
Bounce:                0 kB
WritebackTmp:          0 kB
CommitLimit:     9202296 kB
Committed_AS:   56369624 kB
VmallocTotal:   263061440 kB
VmallocUsed:       98276 kB
VmallocChunk:          0 kB
Percpu:             7584 kB
CmaTotal:         294912 kB
CmaFree:               0 kB
MemTotal:       12113144 kB
MemFree:         6965072 kB
MemAvailable:    8363876 kB
Buffers:            6136 kB
Cached:          1621724 kB
SwapCached:            0 kB
Active:          1346436 kB
Inactive:        1412644 kB
Active(anon):    1137744 kB
Inactive(anon):    21128 kB
Active(file):     208692 kB
Inactive(file):  1391516 kB
Unevictable:        5692 kB
Mlocked:            5692 kB
SwapTotal:       3145724 kB
SwapFree:        3145724 kB
Dirty:               244 kB
Writeback:             0 kB
AnonPages:       1137212 kB
Mapped:           805080 kB
Shmem:             23000 kB
KReclaimable:     667300 kB
Slab:             202532 kB
SReclaimable:      66908 kB
SUnreclaim:       135624 kB
KernelStack:       41376 kB
PageTables:        55656 kB
NFS_Unstable:          0 kB
Bounce:                0 kB
WritebackTmp:          0 kB
CommitLimit:     9202296 kB
Committed_AS:   56369500 kB
VmallocTotal:   263061440 kB
VmallocUsed:       98260 kB
VmallocChunk:          0 kB
Percpu:             7584 kB
CmaTotal:         294912 kB
CmaFree:               0 kB
MemTotal:       12113144 kB
MemFree:         6964976 kB
MemAvailable:    8363780 kB
Buffers:            6136 kB
Cached:          1621724 kB
SwapCached:            0 kB
Active:          1346884 kB
Inactive:        1412644 kB
Active(anon):    1138192 kB
Inactive(anon):    21128 kB
Active(file):     208692 kB
Inactive(file):  1391516 kB
Unevictable:        5692 kB
Mlocked:            5692 kB
SwapTotal:       3145724 kB
SwapFree:        3145724 kB
Dirty:               244 kB
Writeback:             0 kB
AnonPages:       1137524 kB
Mapped:           805080 kB
Shmem:             23000 kB
KReclaimable:     667300 kB
Slab:             202548 kB
SReclaimable:      66908 kB
SUnreclaim:       135640 kB
KernelStack:       41376 kB
PageTables:        55664 kB
NFS_Unstable:          0 kB
Bounce:                0 kB
WritebackTmp:          0 kB
CommitLimit:     9202296 kB
Committed_AS:   56369652 kB
VmallocTotal:   263061440 kB
VmallocUsed:       98260 kB
VmallocChunk:          0 kB
Percpu:             7584 kB
CmaTotal:         294912 kB
CmaFree:               0 kB
MemTotal:       12113144 kB
MemFree:         6964520 kB
MemAvailable:    8363324 kB
Buffers:            6136 kB
Cached:          1621724 kB
SwapCached:            0 kB
Active:          1347264 kB
Inactive:        1412644 kB
Active(anon):    1138572 kB
Inactive(anon):    21128 kB
Active(file):     208692 kB
Inactive(file):  1391516 kB
Unevictable:        5692 kB
Mlocked:            5692 kB
SwapTotal:       3145724 kB
SwapFree:        3145724 kB
Dirty:               244 kB
Writeback:             0 kB
AnonPages:       1137924 kB
Mapped:           805084 kB
Shmem:             23000 kB
KReclaimable:     667300 kB
Slab:             202496 kB
SReclaimable:      66908 kB
SUnreclaim:       135588 kB
KernelStack:       41376 kB
PageTables:        55656 kB
NFS_Unstable:          0 kB
Bounce:                0 kB
WritebackTmp:          0 kB
CommitLimit:     9202296 kB
Committed_AS:   56370356 kB
VmallocTotal:   263061440 kB
VmallocUsed:       98260 kB
VmallocChunk:          0 kB
Percpu:             7584 kB
CmaTotal:         294912 kB
CmaFree:               0 kB
MemTotal:       12113144 kB
MemFree:         6963240 kB
MemAvailable:    8362044 kB
Buffers:            6136 kB
Cached:          1621724 kB
SwapCached:            0 kB
Active:          1347936 kB
Inactive:        1412644 kB
Active(anon):    1139244 kB
Inactive(anon):    21128 kB
Active(file):     208692 kB
Inactive(file):  1391516 kB
Unevictable:        5692 kB
Mlocked:            5692 kB
SwapTotal:       3145724 kB
SwapFree:        3145724 kB
Dirty:               244 kB
Writeback:             0 kB
AnonPages:       1138508 kB
Mapped:           805080 kB
Shmem:             23000 kB
KReclaimable:     667300 kB
Slab:             202512 kB
SReclaimable:      66908 kB
SUnreclaim:       135604 kB
KernelStack:       41376 kB
PageTables:        55652 kB
NFS_Unstable:          0 kB
Bounce:                0 kB
WritebackTmp:          0 kB
CommitLimit:     9202296 kB
Committed_AS:   56375132 kB
VmallocTotal:   263061440 kB
VmallocUsed:       98308 kB
VmallocChunk:          0 kB
Percpu:             7584 kB
CmaTotal:         294912 kB
CmaFree:               0 kB
MemTotal:       12113144 kB
MemFree:         6963148 kB
MemAvailable:    8361952 kB
Buffers:            6136 kB
Cached:          1621724 kB
SwapCached:            0 kB
Active:          1347536 kB
Inactive:        1412644 kB
Active(anon):    1138844 kB
Inactive(anon):    21128 kB
Active(file):     208692 kB
Inactive(file):  1391516 kB
Unevictable:        5692 kB
Mlocked:            5692 kB
SwapTotal:       3145724 kB
SwapFree:        3145724 kB
Dirty:               240 kB
Writeback:             0 kB
AnonPages:       1138096 kB
Mapped:           804820 kB
Shmem:             23000 kB
KReclaimable:     667300 kB
Slab:             202512 kB
SReclaimable:      66908 kB
SUnreclaim:       135604 kB
KernelStack:       41376 kB
PageTables:        55648 kB
NFS_Unstable:          0 kB
Bounce:                0 kB
WritebackTmp:          0 kB
CommitLimit:     9202296 kB
Committed_AS:   56374964 kB
VmallocTotal:   263061440 kB
VmallocUsed:       98292 kB
VmallocChunk:          0 kB
Percpu:             7584 kB
CmaTotal:         294912 kB
CmaFree:               0 kB
MemTotal:       12113144 kB
MemFree:         6962904 kB
MemAvailable:    8361708 kB
Buffers:            6136 kB
Cached:          1621724 kB
SwapCached:            0 kB
Active:          1348256 kB
Inactive:        1412644 kB
Active(anon):    1139564 kB
Inactive(anon):    21128 kB
Active(file):     208692 kB
Inactive(file):  1391516 kB
Unevictable:        5692 kB
Mlocked:            5692 kB
SwapTotal:       3145724 kB
SwapFree:        3145724 kB
Dirty:               240 kB
Writeback:             0 kB
AnonPages:       1138928 kB
Mapped:           805080 kB
Shmem:             23000 kB
KReclaimable:     667300 kB
Slab:             202536 kB
SReclaimable:      66908 kB
SUnreclaim:       135628 kB
KernelStack:       41376 kB
PageTables:        55660 kB
NFS_Unstable:          0 kB
Bounce:                0 kB
WritebackTmp:          0 kB
CommitLimit:     9202296 kB
Committed_AS:   56374824 kB
VmallocTotal:   263061440 kB
VmallocUsed:       98292 kB
VmallocChunk:          0 kB
Percpu:             7584 kB
CmaTotal:         294912 kB
CmaFree:               0 kB
MemTotal:       12113144 kB
MemFree:         6962836 kB
MemAvailable:    8361640 kB
Buffers:            6136 kB
Cached:          1621724 kB
SwapCached:            0 kB
Active:          1348732 kB
Inactive:        1412644 kB
Active(anon):    1140040 kB
Inactive(anon):    21128 kB
Active(file):     208692 kB
Inactive(file):  1391516 kB
Unevictable:        5692 kB
Mlocked:            5692 kB
SwapTotal:       3145724 kB
SwapFree:        3145724 kB
Dirty:               240 kB
Writeback:             0 kB
AnonPages:       1139560 kB
Mapped:           805084 kB
Shmem:             23000 kB
KReclaimable:     667300 kB
Slab:             202468 kB
SReclaimable:      66908 kB
SUnreclaim:       135560 kB
KernelStack:       41376 kB
PageTables:        55660 kB
NFS_Unstable:          0 kB
Bounce:                0 kB
WritebackTmp:          0 kB
CommitLimit:     9202296 kB
Committed_AS:   56374428 kB
VmallocTotal:   263061440 kB
VmallocUsed:       98260 kB
VmallocChunk:          0 kB
Percpu:             7584 kB
CmaTotal:         294912 kB
CmaFree:               0 kB
MemTotal:       12113144 kB
MemFree:         6962400 kB
MemAvailable:    8361216 kB
Buffers:            6136 kB
Cached:          1621740 kB
SwapCached:            0 kB
Active:          1349048 kB
Inactive:        1412660 kB
Active(anon):    1140356 kB
Inactive(anon):    21132 kB
Active(file):     208692 kB
Inactive(file):  1391528 kB
Unevictable:        5692 kB
Mlocked:            5692 kB
SwapTotal:       3145724 kB
SwapFree:        3145724 kB
Dirty:               268 kB
Writeback:             0 kB
AnonPages:       1139564 kB
Mapped:           804828 kB
Shmem:             23004 kB
KReclaimable:     667300 kB
Slab:             202564 kB
SReclaimable:      66908 kB
SUnreclaim:       135656 kB
KernelStack:       41360 kB
PageTables:        55652 kB
NFS_Unstable:          0 kB
Bounce:                0 kB
WritebackTmp:          0 kB
CommitLimit:     9202296 kB
Committed_AS:   56374472 kB
VmallocTotal:   263061440 kB
VmallocUsed:       98260 kB
VmallocChunk:          0 kB
Percpu:             7584 kB
CmaTotal:         294912 kB
CmaFree:               0 kB
MemTotal:       12113144 kB
MemFree:         6961280 kB
MemAvailable:    8360096 kB
Buffers:            6136 kB
Cached:          1621740 kB
SwapCached:            0 kB
Active:          1349332 kB
Inactive:        1412660 kB
Active(anon):    1140640 kB
Inactive(anon):    21132 kB
Active(file):     208692 kB
Inactive(file):  1391528 kB
Unevictable:        5692 kB
Mlocked:            5692 kB
SwapTotal:       3145724 kB
SwapFree:        3145724 kB
Dirty:               268 kB
Writeback:             0 kB
AnonPages:       1139600 kB
Mapped:           805092 kB
Shmem:             23004 kB
KReclaimable:     667300 kB
Slab:             202436 kB
SReclaimable:      66908 kB
SUnreclaim:       135528 kB
KernelStack:       41360 kB
PageTables:        55656 kB
NFS_Unstable:          0 kB
Bounce:                0 kB
WritebackTmp:          0 kB
CommitLimit:     9202296 kB
Committed_AS:   56374376 kB
VmallocTotal:   263061440 kB
VmallocUsed:       98244 kB
VmallocChunk:          0 kB
Percpu:             7584 kB
CmaTotal:         294912 kB
CmaFree:               0 kB
MemTotal:       12113144 kB
MemFree:         6960324 kB
MemAvailable:    8359140 kB
Buffers:            6136 kB
Cached:          1621740 kB
SwapCached:            0 kB
Active:          1350472 kB
Inactive:        1412660 kB
Active(anon):    1141780 kB
Inactive(anon):    21132 kB
Active(file):     208692 kB
Inactive(file):  1391528 kB
Unevictable:        5692 kB
Mlocked:            5692 kB
SwapTotal:       3145724 kB
SwapFree:        3145724 kB
Dirty:               276 kB
Writeback:             0 kB
AnonPages:       1141256 kB
Mapped:           805068 kB
Shmem:             23004 kB
KReclaimable:     667300 kB
Slab:             202548 kB
SReclaimable:      66908 kB
SUnreclaim:       135640 kB
KernelStack:       41392 kB
PageTables:        55636 kB
NFS_Unstable:          0 kB
Bounce:                0 kB
WritebackTmp:          0 kB
CommitLimit:     9202296 kB
Committed_AS:   56373988 kB
VmallocTotal:   263061440 kB
VmallocUsed:       98196 kB
VmallocChunk:          0 kB
Percpu:             7584 kB
CmaTotal:         294912 kB
CmaFree:               0 kB
MemTotal:       12113144 kB
MemFree:         6960512 kB
MemAvailable:    8359332 kB
Buffers:            6136 kB
Cached:          1621744 kB
SwapCached:            0 kB
Active:          1351136 kB
Inactive:        1412664 kB
Active(anon):    1142444 kB
Inactive(anon):    21132 kB
Active(file):     208692 kB
Inactive(file):  1391532 kB
Unevictable:        5692 kB
Mlocked:            5692 kB
SwapTotal:       3145724 kB
SwapFree:        3145724 kB
Dirty:               280 kB
Writeback:             0 kB
AnonPages:       1141640 kB
Mapped:           804836 kB
Shmem:             23004 kB
KReclaimable:     667300 kB
Slab:             202596 kB
SReclaimable:      66908 kB
SUnreclaim:       135688 kB
KernelStack:       41344 kB
PageTables:        55668 kB
NFS_Unstable:          0 kB
Bounce:                0 kB
WritebackTmp:          0 kB
CommitLimit:     9202296 kB
Committed_AS:   56374632 kB
VmallocTotal:   263061440 kB
VmallocUsed:       98244 kB
VmallocChunk:          0 kB
Percpu:             7584 kB
CmaTotal:         294912 kB
CmaFree:               0 kB
MemTotal:       12113144 kB
MemFree:         6960512 kB
MemAvailable:    8359328 kB
Buffers:            6136 kB
Cached:          1621744 kB
SwapCached:            0 kB
Active:          1350736 kB
Inactive:        1412664 kB
Active(anon):    1142044 kB
Inactive(anon):    21132 kB
Active(file):     208692 kB
Inactive(file):  1391532 kB
Unevictable:        5692 kB
Mlocked:            5692 kB
SwapTotal:       3145724 kB
SwapFree:        3145724 kB
Dirty:               280 kB
Writeback:             0 kB
AnonPages:       1141200 kB
Mapped:           805088 kB
Shmem:             23004 kB
KReclaimable:     667296 kB
Slab:             202540 kB
SReclaimable:      66904 kB
SUnreclaim:       135636 kB
KernelStack:       41360 kB
PageTables:        55664 kB
NFS_Unstable:          0 kB
Bounce:                0 kB
WritebackTmp:          0 kB
CommitLimit:     9202296 kB
Committed_AS:   56374616 kB
VmallocTotal:   263061440 kB
VmallocUsed:       98228 kB
VmallocChunk:          0 kB
Percpu:             7584 kB
CmaTotal:         294912 kB
CmaFree:              12 kB
MemTotal:       12113144 kB
MemFree:         6959536 kB
MemAvailable:    8358360 kB
Buffers:            6144 kB
Cached:          1621744 kB
SwapCached:            0 kB
Active:          1350932 kB
Inactive:        1412668 kB
Active(anon):    1142236 kB
Inactive(anon):    21132 kB
Active(file):     208696 kB
Inactive(file):  1391536 kB
Unevictable:        5692 kB
Mlocked:            5692 kB
SwapTotal:       3145724 kB
SwapFree:        3145724 kB
Dirty:               284 kB
Writeback:             0 kB
AnonPages:       1141592 kB
Mapped:           805092 kB
Shmem:             23004 kB
KReclaimable:     667296 kB
Slab:             202548 kB
SReclaimable:      66904 kB
SUnreclaim:       135644 kB
KernelStack:       41360 kB
PageTables:        55660 kB
NFS_Unstable:          0 kB
Bounce:                0 kB
WritebackTmp:          0 kB
CommitLimit:     9202296 kB
Committed_AS:   56374368 kB
VmallocTotal:   263061440 kB
VmallocUsed:       98228 kB
VmallocChunk:          0 kB
Percpu:             7584 kB
CmaTotal:         294912 kB
CmaFree:               0 kB
MemTotal:       12113144 kB
MemFree:         6959708 kB
MemAvailable:    8358544 kB
Buffers:            6144 kB
Cached:          1621756 kB
SwapCached:            0 kB
Active:          1351792 kB
Inactive:        1412676 kB
Active(anon):    1143092 kB
Inactive(anon):    21132 kB
Active(file):     208700 kB
Inactive(file):  1391544 kB
Unevictable:        5692 kB
Mlocked:            5692 kB
SwapTotal:       3145724 kB
SwapFree:        3145724 kB
Dirty:               260 kB
Writeback:             0 kB
AnonPages:       1142276 kB
Mapped:           805088 kB
Shmem:             23004 kB
KReclaimable:     667296 kB
Slab:             202468 kB
SReclaimable:      66904 kB
SUnreclaim:       135564 kB
KernelStack:       41344 kB
PageTables:        55652 kB
NFS_Unstable:          0 kB
Bounce:                0 kB
WritebackTmp:          0 kB
CommitLimit:     9202296 kB
Committed_AS:   56374360 kB
VmallocTotal:   263061440 kB
VmallocUsed:       98228 kB
VmallocChunk:          0 kB
Percpu:             7584 kB
CmaTotal:         294912 kB
CmaFree:               0 kB
MemTotal:       12113144 kB
MemFree:         6960104 kB
MemAvailable:    8358940 kB
Buffers:            6144 kB
Cached:          1621756 kB
SwapCached:            0 kB
Active:          1351836 kB
Inactive:        1412676 kB
Active(anon):    1143136 kB
Inactive(anon):    21132 kB
Active(file):     208700 kB
Inactive(file):  1391544 kB
Unevictable:        5692 kB
Mlocked:            5692 kB
SwapTotal:       3145724 kB
SwapFree:        3145724 kB
Dirty:               260 kB
Writeback:             0 kB
AnonPages:       1142216 kB
Mapped:           805024 kB
Shmem:             23004 kB
KReclaimable:     667296 kB
Slab:             202524 kB
SReclaimable:      66904 kB
SUnreclaim:       135620 kB
KernelStack:       41328 kB
PageTables:        55600 kB
NFS_Unstable:          0 kB
Bounce:                0 kB
WritebackTmp:          0 kB
CommitLimit:     9202296 kB
Committed_AS:   56374324 kB
VmallocTotal:   263061440 kB
VmallocUsed:       98212 kB
VmallocChunk:          0 kB
Percpu:             7584 kB
CmaTotal:         294912 kB
CmaFree:               0 kB
MemTotal:       12113144 kB
MemFree:         6959524 kB
MemAvailable:    8358360 kB
Buffers:            6144 kB
Cached:          1621756 kB
SwapCached:            0 kB
Active:          1351460 kB
Inactive:        1412676 kB
Active(anon):    1142760 kB
Inactive(anon):    21132 kB
Active(file):     208700 kB
Inactive(file):  1391544 kB
Unevictable:        5692 kB
Mlocked:            5692 kB
SwapTotal:       3145724 kB
SwapFree:        3145724 kB
Dirty:               260 kB
Writeback:             0 kB
AnonPages:       1141720 kB
Mapped:           804644 kB
Shmem:             23004 kB
KReclaimable:     667296 kB
Slab:             202524 kB
SReclaimable:      66904 kB
SUnreclaim:       135620 kB
KernelStack:       41392 kB
PageTables:        55732 kB
NFS_Unstable:          0 kB
Bounce:                0 kB
WritebackTmp:          0 kB
CommitLimit:     9202296 kB
Committed_AS:   56374548 kB
VmallocTotal:   263061440 kB
VmallocUsed:       98196 kB
VmallocChunk:          0 kB
Percpu:             7584 kB
CmaTotal:         294912 kB
CmaFree:               0 kB
MemTotal:       12113144 kB
MemFree:         6959612 kB
MemAvailable:    8358448 kB
Buffers:            6144 kB
Cached:          1621756 kB
SwapCached:            0 kB
Active:          1351748 kB
Inactive:        1412676 kB
Active(anon):    1143048 kB
Inactive(anon):    21132 kB
Active(file):     208700 kB
Inactive(file):  1391544 kB
Unevictable:        5692 kB
Mlocked:            5692 kB
SwapTotal:       3145724 kB
SwapFree:        3145724 kB
Dirty:               260 kB
Writeback:             0 kB
AnonPages:       1142376 kB
Mapped:           804828 kB
Shmem:             23004 kB
KReclaimable:     667296 kB
Slab:             202512 kB
SReclaimable:      66904 kB
SUnreclaim:       135608 kB
KernelStack:       41344 kB
PageTables:        55652 kB
NFS_Unstable:          0 kB
Bounce:                0 kB
WritebackTmp:          0 kB
CommitLimit:     9202296 kB
Committed_AS:   56374388 kB
VmallocTotal:   263061440 kB
VmallocUsed:       98196 kB
VmallocChunk:          0 kB
Percpu:             7584 kB
CmaTotal:         294912 kB
CmaFree:               0 kB
MemTotal:       12113144 kB
MemFree:         6959668 kB
MemAvailable:    8358504 kB
Buffers:            6144 kB
Cached:          1621756 kB
SwapCached:            0 kB
Active:          1352764 kB
Inactive:        1412676 kB
Active(anon):    1144064 kB
Inactive(anon):    21132 kB
Active(file):     208700 kB
Inactive(file):  1391544 kB
Unevictable:        5692 kB
Mlocked:            5692 kB
SwapTotal:       3145724 kB
SwapFree:        3145724 kB
Dirty:               260 kB
Writeback:             0 kB
AnonPages:       1143120 kB
Mapped:           805024 kB
Shmem:             23004 kB
KReclaimable:     667296 kB
Slab:             202504 kB
SReclaimable:      66904 kB
SUnreclaim:       135600 kB
KernelStack:       41328 kB
PageTables:        55600 kB
NFS_Unstable:          0 kB
Bounce:                0 kB
WritebackTmp:          0 kB
CommitLimit:     9202296 kB
Committed_AS:   56374168 kB
VmallocTotal:   263061440 kB
VmallocUsed:       98196 kB
VmallocChunk:          0 kB
Percpu:             7584 kB
CmaTotal:         294912 kB
CmaFree:               0 kB
MemTotal:       12113144 kB
MemFree:         6958912 kB
MemAvailable:    8357748 kB
Buffers:            6144 kB
Cached:          1621756 kB
SwapCached:            0 kB
Active:          1352940 kB
Inactive:        1412676 kB
Active(anon):    1144240 kB
Inactive(anon):    21132 kB
Active(file):     208700 kB
Inactive(file):  1391544 kB
Unevictable:        5692 kB
Mlocked:            5692 kB
SwapTotal:       3145724 kB
SwapFree:        3145724 kB
Dirty:               260 kB
Writeback:             0 kB
AnonPages:       1143564 kB
Mapped:           805160 kB
Shmem:             23004 kB
KReclaimable:     667296 kB
Slab:             202568 kB
SReclaimable:      66904 kB
SUnreclaim:       135664 kB
KernelStack:       41392 kB
PageTables:        55708 kB
NFS_Unstable:          0 kB
Bounce:                0 kB
WritebackTmp:          0 kB
CommitLimit:     9202296 kB
Committed_AS:   56374596 kB
VmallocTotal:   263061440 kB
VmallocUsed:       98212 kB
VmallocChunk:          0 kB
Percpu:             7584 kB
CmaTotal:         294912 kB
CmaFree:               0 kB
MemTotal:       12113144 kB
MemFree:         6958168 kB
MemAvailable:    8357004 kB
Buffers:            6144 kB
Cached:          1621756 kB
SwapCached:            0 kB
Active:          1353864 kB
Inactive:        1412676 kB
Active(anon):    1145164 kB
Inactive(anon):    21132 kB
Active(file):     208700 kB
Inactive(file):  1391544 kB
Unevictable:        5692 kB
Mlocked:            5692 kB
SwapTotal:       3145724 kB
SwapFree:        3145724 kB
Dirty:               260 kB
Writeback:             0 kB
AnonPages:       1144592 kB
Mapped:           804828 kB
Shmem:             23004 kB
KReclaimable:     667296 kB
Slab:             202600 kB
SReclaimable:      66904 kB
SUnreclaim:       135696 kB
KernelStack:       41344 kB
PageTables:        55652 kB
NFS_Unstable:          0 kB
Bounce:                0 kB
WritebackTmp:          0 kB
CommitLimit:     9202296 kB
Committed_AS:   56374296 kB
VmallocTotal:   263061440 kB
VmallocUsed:       98212 kB
VmallocChunk:          0 kB
Percpu:             7584 kB
CmaTotal:         294912 kB
CmaFree:               0 kB
MemTotal:       12113144 kB
MemFree:         6958392 kB
MemAvailable:    8357228 kB
Buffers:            6144 kB
Cached:          1621756 kB
SwapCached:            0 kB
Active:          1354384 kB
Inactive:        1412676 kB
Active(anon):    1145684 kB
Inactive(anon):    21132 kB
Active(file):     208700 kB
Inactive(file):  1391544 kB
Unevictable:        5692 kB
Mlocked:            5692 kB
SwapTotal:       3145724 kB
SwapFree:        3145724 kB
Dirty:               260 kB
Writeback:             0 kB
AnonPages:       1144988 kB
Mapped:           805096 kB
Shmem:             23004 kB
KReclaimable:     667296 kB
Slab:             202560 kB
SReclaimable:      66904 kB
SUnreclaim:       135656 kB
KernelStack:       41344 kB
PageTables:        55800 kB
NFS_Unstable:          0 kB
Bounce:                0 kB
WritebackTmp:          0 kB
CommitLimit:     9202296 kB
Committed_AS:   56374156 kB
VmallocTotal:   263061440 kB
VmallocUsed:       98212 kB
VmallocChunk:          0 kB
Percpu:             7584 kB
CmaTotal:         294912 kB
CmaFree:               0 kB
MemTotal:       12113144 kB
MemFree:         6957292 kB
MemAvailable:    8356128 kB
Buffers:            6144 kB
Cached:          1621756 kB
SwapCached:            0 kB
Active:          1354600 kB
Inactive:        1412676 kB
Active(anon):    1145900 kB
Inactive(anon):    21132 kB
Active(file):     208700 kB
Inactive(file):  1391544 kB
Unevictable:        5692 kB
Mlocked:            5692 kB
SwapTotal:       3145724 kB
SwapFree:        3145724 kB
Dirty:               264 kB
Writeback:             0 kB
AnonPages:       1144996 kB
Mapped:           805088 kB
Shmem:             23004 kB
KReclaimable:     667296 kB
Slab:             202512 kB
SReclaimable:      66904 kB
SUnreclaim:       135608 kB
KernelStack:       41360 kB
PageTables:        55648 kB
NFS_Unstable:          0 kB
Bounce:                0 kB
WritebackTmp:          0 kB
CommitLimit:     9202296 kB
Committed_AS:   56373988 kB
VmallocTotal:   263061440 kB
VmallocUsed:       98228 kB
VmallocChunk:          0 kB
Percpu:             7584 kB
CmaTotal:         294912 kB
CmaFree:               0 kB
MemTotal:       12113144 kB
MemFree:         6957184 kB
MemAvailable:    8356020 kB
Buffers:            6144 kB
Cached:          1621756 kB
SwapCached:            0 kB
Active:          1354780 kB
Inactive:        1412676 kB
Active(anon):    1146080 kB
Inactive(anon):    21132 kB
Active(file):     208700 kB
Inactive(file):  1391544 kB
Unevictable:        5692 kB
Mlocked:            5692 kB
SwapTotal:       3145724 kB
SwapFree:        3145724 kB
Dirty:               264 kB
Writeback:             0 kB
AnonPages:       1145268 kB
Mapped:           805080 kB
Shmem:             23004 kB
KReclaimable:     667296 kB
Slab:             202608 kB
SReclaimable:      66904 kB
SUnreclaim:       135704 kB
KernelStack:       41344 kB
PageTables:        55600 kB
NFS_Unstable:          0 kB
Bounce:                0 kB
WritebackTmp:          0 kB
CommitLimit:     9202296 kB
Committed_AS:   56374324 kB
VmallocTotal:   263061440 kB
VmallocUsed:       98212 kB
VmallocChunk:          0 kB
Percpu:             7584 kB
CmaTotal:         294912 kB
CmaFree:               0 kB
MemTotal:       12113144 kB
MemFree:         6958236 kB
MemAvailable:    8357080 kB
Buffers:            6144 kB
Cached:          1621764 kB
SwapCached:            0 kB
Active:          1355232 kB
Inactive:        1412684 kB
Active(anon):    1146532 kB
Inactive(anon):    21132 kB
Active(file):     208700 kB
Inactive(file):  1391552 kB
Unevictable:        5692 kB
Mlocked:            5692 kB
SwapTotal:       3145724 kB
SwapFree:        3145724 kB
Dirty:               280 kB
Writeback:             0 kB
AnonPages:       1145724 kB
Mapped:           805096 kB
Shmem:             23004 kB
KReclaimable:     667296 kB
Slab:             202480 kB
SReclaimable:      66904 kB
SUnreclaim:       135576 kB
KernelStack:       41328 kB
PageTables:        55652 kB
NFS_Unstable:          0 kB
Bounce:                0 kB
WritebackTmp:          0 kB
CommitLimit:     9202296 kB
Committed_AS:   56369420 kB
VmallocTotal:   263061440 kB
VmallocUsed:       98212 kB
VmallocChunk:          0 kB
Percpu:             7584 kB
CmaTotal:         294912 kB
CmaFree:               0 kB
MemTotal:       12113144 kB
MemFree:         6957052 kB
MemAvailable:    8355896 kB
Buffers:            6144 kB
Cached:          1621764 kB
SwapCached:            0 kB
Active:          1355484 kB
Inactive:        1412684 kB
Active(anon):    1146784 kB
Inactive(anon):    21132 kB
Active(file):     208700 kB
Inactive(file):  1391552 kB
Unevictable:        5692 kB
Mlocked:            5692 kB
SwapTotal:       3145724 kB
SwapFree:        3145724 kB
Dirty:               304 kB
Writeback:             0 kB
AnonPages:       1145972 kB
Mapped:           804836 kB
Shmem:             23004 kB
KReclaimable:     667296 kB
Slab:             202584 kB
SReclaimable:      66904 kB
SUnreclaim:       135680 kB
KernelStack:       41376 kB
PageTables:        55804 kB
NFS_Unstable:          0 kB
Bounce:                0 kB
WritebackTmp:          0 kB
CommitLimit:     9202296 kB
Committed_AS:   56369228 kB
VmallocTotal:   263061440 kB
VmallocUsed:       98196 kB
VmallocChunk:          0 kB
Percpu:             7584 kB
CmaTotal:         294912 kB
CmaFree:               0 kB
MemTotal:       12113144 kB
MemFree:         6956420 kB
MemAvailable:    8355264 kB
Buffers:            6144 kB
Cached:          1621764 kB
SwapCached:            0 kB
Active:          1355716 kB
Inactive:        1412684 kB
Active(anon):    1147016 kB
Inactive(anon):    21132 kB
Active(file):     208700 kB
Inactive(file):  1391552 kB
Unevictable:        5692 kB
Mlocked:            5692 kB
SwapTotal:       3145724 kB
SwapFree:        3145724 kB
Dirty:               304 kB
Writeback:             0 kB
AnonPages:       1146164 kB
Mapped:           805020 kB
Shmem:             23004 kB
KReclaimable:     667296 kB
Slab:             202544 kB
SReclaimable:      66904 kB
SUnreclaim:       135640 kB
KernelStack:       41344 kB
PageTables:        55592 kB
NFS_Unstable:          0 kB
Bounce:                0 kB
WritebackTmp:          0 kB
CommitLimit:     9202296 kB
Committed_AS:   56369004 kB
VmallocTotal:   263061440 kB
VmallocUsed:       98244 kB
VmallocChunk:          0 kB
Percpu:             7584 kB
CmaTotal:         294912 kB
CmaFree:               0 kB
MemTotal:       12113144 kB
MemFree:         6955448 kB
MemAvailable:    8354292 kB
Buffers:            6144 kB
Cached:          1621764 kB
SwapCached:            0 kB
Active:          1356288 kB
Inactive:        1412684 kB
Active(anon):    1147588 kB
Inactive(anon):    21132 kB
Active(file):     208700 kB
Inactive(file):  1391552 kB
Unevictable:        5692 kB
Mlocked:            5692 kB
SwapTotal:       3145724 kB
SwapFree:        3145724 kB
Dirty:               304 kB
Writeback:             0 kB
AnonPages:       1146820 kB
Mapped:           804828 kB
Shmem:             23004 kB
KReclaimable:     667296 kB
Slab:             202524 kB
SReclaimable:      66904 kB
SUnreclaim:       135620 kB
KernelStack:       41344 kB
PageTables:        55660 kB
NFS_Unstable:          0 kB
Bounce:                0 kB
WritebackTmp:          0 kB
CommitLimit:     9202296 kB
Committed_AS:   56368960 kB
VmallocTotal:   263061440 kB
VmallocUsed:       98228 kB
VmallocChunk:          0 kB
Percpu:             7584 kB
CmaTotal:         294912 kB
CmaFree:               0 kB
MemTotal:       12113144 kB
MemFree:         6954824 kB
MemAvailable:    8353672 kB
Buffers:            6148 kB
Cached:          1621772 kB
SwapCached:            0 kB
Active:          1356744 kB
Inactive:        1412696 kB
Active(anon):    1148044 kB
Inactive(anon):    21140 kB
Active(file):     208700 kB
Inactive(file):  1391556 kB
Unevictable:        5692 kB
Mlocked:            5692 kB
SwapTotal:       3145724 kB
SwapFree:        3145724 kB
Dirty:               308 kB
Writeback:             0 kB
AnonPages:       1147528 kB
Mapped:           805096 kB
Shmem:             23012 kB
KReclaimable:     667296 kB
Slab:             202564 kB
SReclaimable:      66904 kB
SUnreclaim:       135660 kB
KernelStack:       41360 kB
PageTables:        55656 kB
NFS_Unstable:          0 kB
Bounce:                0 kB
WritebackTmp:          0 kB
CommitLimit:     9202296 kB
Committed_AS:   56374744 kB
VmallocTotal:   263061440 kB
VmallocUsed:       98228 kB
VmallocChunk:          0 kB
Percpu:             7584 kB
CmaTotal:         294912 kB
CmaFree:               0 kB
MemTotal:       12113144 kB
MemFree:         6955312 kB
MemAvailable:    8354172 kB
Buffers:            6148 kB
Cached:          1621784 kB
SwapCached:            0 kB
Active:          1357432 kB
Inactive:        1412704 kB
Active(anon):    1148728 kB
Inactive(anon):    21140 kB
Active(file):     208704 kB
Inactive(file):  1391564 kB
Unevictable:        5692 kB
Mlocked:            5692 kB
SwapTotal:       3145724 kB
SwapFree:        3145724 kB
Dirty:               288 kB
Writeback:             0 kB
AnonPages:       1148032 kB
Mapped:           805096 kB
Shmem:             23012 kB
KReclaimable:     667296 kB
Slab:             202540 kB
SReclaimable:      66904 kB
SUnreclaim:       135636 kB
KernelStack:       41344 kB
PageTables:        55656 kB
NFS_Unstable:          0 kB
Bounce:                0 kB
WritebackTmp:          0 kB
CommitLimit:     9202296 kB
Committed_AS:   56374540 kB
VmallocTotal:   263061440 kB
VmallocUsed:       98196 kB
VmallocChunk:          0 kB
Percpu:             7584 kB
CmaTotal:         294912 kB
CmaFree:               0 kB
MemTotal:       12113144 kB
MemFree:         6954836 kB
MemAvailable:    8353696 kB
Buffers:            6148 kB
Cached:          1621784 kB
SwapCached:            0 kB
Active:          1357700 kB
Inactive:        1412704 kB
Active(anon):    1148996 kB
Inactive(anon):    21140 kB
Active(file):     208704 kB
Inactive(file):  1391564 kB
Unevictable:        5692 kB
Mlocked:            5692 kB
SwapTotal:       3145724 kB
SwapFree:        3145724 kB
Dirty:               292 kB
Writeback:             0 kB
AnonPages:       1148400 kB
Mapped:           805096 kB
Shmem:             23012 kB
KReclaimable:     667296 kB
Slab:             202520 kB
SReclaimable:      66904 kB
SUnreclaim:       135616 kB
KernelStack:       41344 kB
PageTables:        55668 kB
NFS_Unstable:          0 kB
Bounce:                0 kB
WritebackTmp:          0 kB
CommitLimit:     9202296 kB
Committed_AS:   56374420 kB
VmallocTotal:   263061440 kB
VmallocUsed:       98196 kB
VmallocChunk:          0 kB
Percpu:             7584 kB
CmaTotal:         294912 kB
CmaFree:               0 kB
MemTotal:       12113144 kB
MemFree:         6954004 kB
MemAvailable:    8352860 kB
Buffers:            6148 kB
Cached:          1621780 kB
SwapCached:            0 kB
Active:          1357892 kB
Inactive:        1412704 kB
Active(anon):    1149192 kB
Inactive(anon):    21140 kB
Active(file):     208700 kB
Inactive(file):  1391564 kB
Unevictable:        5692 kB
Mlocked:            5692 kB
SwapTotal:       3145724 kB
SwapFree:        3145724 kB
Dirty:               228 kB
Writeback:             0 kB
AnonPages:       1148660 kB
Mapped:           804836 kB
Shmem:             23012 kB
KReclaimable:     667296 kB
Slab:             202592 kB
SReclaimable:      66904 kB
SUnreclaim:       135688 kB
KernelStack:       41344 kB
PageTables:        55660 kB
NFS_Unstable:          0 kB
Bounce:                0 kB
WritebackTmp:          0 kB
CommitLimit:     9202296 kB
Committed_AS:   56374200 kB
VmallocTotal:   263061440 kB
VmallocUsed:       98196 kB
VmallocChunk:          0 kB
Percpu:             7584 kB
CmaTotal:         294912 kB
CmaFree:               0 kB
MemTotal:       12113144 kB
MemFree:         6953692 kB
MemAvailable:    8352548 kB
Buffers:            6148 kB
Cached:          1621784 kB
SwapCached:            0 kB
Active:          1357516 kB
Inactive:        1412704 kB
Active(anon):    1148816 kB
Inactive(anon):    21140 kB
Active(file):     208700 kB
Inactive(file):  1391564 kB
Unevictable:        5692 kB
Mlocked:            5692 kB
SwapTotal:       3145724 kB
SwapFree:        3145724 kB
Dirty:               228 kB
Writeback:             0 kB
AnonPages:       1147984 kB
Mapped:           805096 kB
Shmem:             23012 kB
KReclaimable:     667296 kB
Slab:             202524 kB
SReclaimable:      66904 kB
SUnreclaim:       135620 kB
KernelStack:       41328 kB
PageTables:        55652 kB
NFS_Unstable:          0 kB
Bounce:                0 kB
WritebackTmp:          0 kB
CommitLimit:     9202296 kB
Committed_AS:   56374260 kB
VmallocTotal:   263061440 kB
VmallocUsed:       98196 kB
VmallocChunk:          0 kB
Percpu:             7584 kB
CmaTotal:         294912 kB
CmaFree:               0 kB
MemTotal:       12113144 kB
MemFree:         6953436 kB
MemAvailable:    8352296 kB
Buffers:            6148 kB
Cached:          1621784 kB
SwapCached:            0 kB
Active:          1357856 kB
Inactive:        1412708 kB
Active(anon):    1149156 kB
Inactive(anon):    21140 kB
Active(file):     208700 kB
Inactive(file):  1391568 kB
Unevictable:        5692 kB
Mlocked:            5692 kB
SwapTotal:       3145724 kB
SwapFree:        3145724 kB
Dirty:               236 kB
Writeback:             0 kB
AnonPages:       1148348 kB
Mapped:           805100 kB
Shmem:             23012 kB
KReclaimable:     667296 kB
Slab:             202548 kB
SReclaimable:      66904 kB
SUnreclaim:       135644 kB
KernelStack:       41344 kB
PageTables:        55784 kB
NFS_Unstable:          0 kB
Bounce:                0 kB
WritebackTmp:          0 kB
CommitLimit:     9202296 kB
Committed_AS:   56373856 kB
VmallocTotal:   263061440 kB
VmallocUsed:       98180 kB
VmallocChunk:          0 kB
Percpu:             7584 kB
CmaTotal:         294912 kB
CmaFree:               0 kB
MemTotal:       12113144 kB
MemFree:         6953476 kB
MemAvailable:    8352336 kB
Buffers:            6148 kB
Cached:          1621784 kB
SwapCached:            0 kB
Active:          1358676 kB
Inactive:        1412704 kB
Active(anon):    1149972 kB
Inactive(anon):    21140 kB
Active(file):     208704 kB
Inactive(file):  1391564 kB
Unevictable:        5692 kB
Mlocked:            5692 kB
SwapTotal:       3145724 kB
SwapFree:        3145724 kB
Dirty:               236 kB
Writeback:             0 kB
AnonPages:       1149268 kB
Mapped:           805100 kB
Shmem:             23012 kB
KReclaimable:     667296 kB
Slab:             202580 kB
SReclaimable:      66904 kB
SUnreclaim:       135676 kB
KernelStack:       41328 kB
PageTables:        55664 kB
NFS_Unstable:          0 kB
Bounce:                0 kB
WritebackTmp:          0 kB
CommitLimit:     9202296 kB
Committed_AS:   56373504 kB
VmallocTotal:   263061440 kB
VmallocUsed:       98180 kB
VmallocChunk:          0 kB
Percpu:             7584 kB
CmaTotal:         294912 kB
CmaFree:               0 kB
MemTotal:       12113144 kB
MemFree:         6952516 kB
MemAvailable:    8351376 kB
Buffers:            6148 kB
Cached:          1621784 kB
SwapCached:            0 kB
Active:          1359352 kB
Inactive:        1412704 kB
Active(anon):    1150648 kB
Inactive(anon):    21140 kB
Active(file):     208704 kB
Inactive(file):  1391564 kB
Unevictable:        5692 kB
Mlocked:            5692 kB
SwapTotal:       3145724 kB
SwapFree:        3145724 kB
Dirty:               244 kB
Writeback:             0 kB
AnonPages:       1149888 kB
Mapped:           804844 kB
Shmem:             23012 kB
KReclaimable:     667296 kB
Slab:             202508 kB
SReclaimable:      66904 kB
SUnreclaim:       135604 kB
KernelStack:       41344 kB
PageTables:        55780 kB
NFS_Unstable:          0 kB
Bounce:                0 kB
WritebackTmp:          0 kB
CommitLimit:     9202296 kB
Committed_AS:   56373608 kB
VmallocTotal:   263061440 kB
VmallocUsed:       98196 kB
VmallocChunk:          0 kB
Percpu:             7584 kB
CmaTotal:         294912 kB
CmaFree:               0 kB
MemTotal:       12113144 kB
MemFree:         6951356 kB
MemAvailable:    8350216 kB
Buffers:            6148 kB
Cached:          1621784 kB
SwapCached:            0 kB
Active:          1359860 kB
Inactive:        1412704 kB
Active(anon):    1151156 kB
Inactive(anon):    21140 kB
Active(file):     208704 kB
Inactive(file):  1391564 kB
Unevictable:        5692 kB
Mlocked:            5692 kB
SwapTotal:       3145724 kB
SwapFree:        3145724 kB
Dirty:               228 kB
Writeback:             0 kB
AnonPages:       1150380 kB
Mapped:           804840 kB
Shmem:             23012 kB
KReclaimable:     667296 kB
Slab:             202636 kB
SReclaimable:      66904 kB
SUnreclaim:       135732 kB
KernelStack:       41344 kB
PageTables:        55652 kB
NFS_Unstable:          0 kB
Bounce:                0 kB
WritebackTmp:          0 kB
CommitLimit:     9202296 kB
Committed_AS:   56373344 kB
VmallocTotal:   263061440 kB
VmallocUsed:       98196 kB
VmallocChunk:          0 kB
Percpu:             7584 kB
CmaTotal:         294912 kB
CmaFree:               0 kB
MemTotal:       12113144 kB
MemFree:         6960528 kB
MemAvailable:    8359388 kB
Buffers:            6148 kB
Cached:          1621784 kB
SwapCached:            0 kB
Active:          1350892 kB
Inactive:        1412704 kB
Active(anon):    1142188 kB
Inactive(anon):    21140 kB
Active(file):     208704 kB
Inactive(file):  1391564 kB
Unevictable:        5692 kB
Mlocked:            5692 kB
SwapTotal:       3145724 kB
SwapFree:        3145724 kB
Dirty:               260 kB
Writeback:             0 kB
AnonPages:       1141332 kB
Mapped:           804816 kB
Shmem:             23012 kB
KReclaimable:     667296 kB
Slab:             202564 kB
SReclaimable:      66904 kB
SUnreclaim:       135660 kB
KernelStack:       41344 kB
PageTables:        55508 kB
NFS_Unstable:          0 kB
Bounce:                0 kB
WritebackTmp:          0 kB
CommitLimit:     9202296 kB
Committed_AS:   56367584 kB
VmallocTotal:   263061440 kB
VmallocUsed:       98212 kB
VmallocChunk:          0 kB
Percpu:             7584 kB
CmaTotal:         294912 kB
CmaFree:               0 kB
MemTotal:       12113144 kB
MemFree:         6960572 kB
MemAvailable:    8359420 kB
Buffers:            6148 kB
Cached:          1621772 kB
SwapCached:            0 kB
Active:          1351364 kB
Inactive:        1412696 kB
Active(anon):    1142664 kB
Inactive(anon):    21140 kB
Active(file):     208700 kB
Inactive(file):  1391556 kB
Unevictable:        5692 kB
Mlocked:            5692 kB
SwapTotal:       3145724 kB
SwapFree:        3145724 kB
Dirty:               256 kB
Writeback:             0 kB
AnonPages:       1141948 kB
Mapped:           804844 kB
Shmem:             23012 kB
KReclaimable:     667296 kB
Slab:             202528 kB
SReclaimable:      66904 kB
SUnreclaim:       135624 kB
KernelStack:       41360 kB
PageTables:        55656 kB
NFS_Unstable:          0 kB
Bounce:                0 kB
WritebackTmp:          0 kB
CommitLimit:     9202296 kB
Committed_AS:   56367276 kB
VmallocTotal:   263061440 kB
VmallocUsed:       98212 kB
VmallocChunk:          0 kB
Percpu:             7584 kB
CmaTotal:         294912 kB
CmaFree:               0 kB
MemTotal:       12113144 kB
MemFree:         6960172 kB
MemAvailable:    8359048 kB
Buffers:            6148 kB
Cached:          1621800 kB
SwapCached:            0 kB
Active:          1351992 kB
Inactive:        1412716 kB
Active(anon):    1143284 kB
Inactive(anon):    21140 kB
Active(file):     208708 kB
Inactive(file):  1391576 kB
Unevictable:        5692 kB
Mlocked:            5692 kB
SwapTotal:       3145724 kB
SwapFree:        3145724 kB
Dirty:               284 kB
Writeback:             0 kB
AnonPages:       1142512 kB
Mapped:           805100 kB
Shmem:             23012 kB
KReclaimable:     667296 kB
Slab:             202576 kB
SReclaimable:      66904 kB
SUnreclaim:       135672 kB
KernelStack:       41360 kB
PageTables:        55656 kB
NFS_Unstable:          0 kB
Bounce:                0 kB
WritebackTmp:          0 kB
CommitLimit:     9202296 kB
Committed_AS:   56367100 kB
VmallocTotal:   263061440 kB
VmallocUsed:       98212 kB
VmallocChunk:          0 kB
Percpu:             7584 kB
CmaTotal:         294912 kB
CmaFree:               0 kB
MemTotal:       12113144 kB
MemFree:         6959592 kB
MemAvailable:    8358456 kB
Buffers:            6148 kB
Cached:          1621788 kB
SwapCached:            0 kB
Active:          1352092 kB
Inactive:        1412708 kB
Active(anon):    1143388 kB
Inactive(anon):    21140 kB
Active(file):     208704 kB
Inactive(file):  1391568 kB
Unevictable:        5692 kB
Mlocked:            5692 kB
SwapTotal:       3145724 kB
SwapFree:        3145724 kB
Dirty:               276 kB
Writeback:             0 kB
AnonPages:       1142772 kB
Mapped:           805100 kB
Shmem:             23012 kB
KReclaimable:     667296 kB
Slab:             202584 kB
SReclaimable:      66904 kB
SUnreclaim:       135680 kB
KernelStack:       41360 kB
PageTables:        55656 kB
NFS_Unstable:          0 kB
Bounce:                0 kB
WritebackTmp:          0 kB
CommitLimit:     9202296 kB
Committed_AS:   56370136 kB
VmallocTotal:   263061440 kB
VmallocUsed:       98212 kB
VmallocChunk:          0 kB
Percpu:             7584 kB
CmaTotal:         294912 kB
CmaFree:               0 kB
MemTotal:       12113144 kB
MemFree:         6958024 kB
MemAvailable:    8356888 kB
Buffers:            6148 kB
Cached:          1621788 kB
SwapCached:            0 kB
Active:          1352944 kB
Inactive:        1412708 kB
Active(anon):    1144240 kB
Inactive(anon):    21140 kB
Active(file):     208704 kB
Inactive(file):  1391568 kB
Unevictable:        5692 kB
Mlocked:            5692 kB
SwapTotal:       3145724 kB
SwapFree:        3145724 kB
Dirty:               196 kB
Writeback:             0 kB
AnonPages:       1143236 kB
Mapped:           805100 kB
Shmem:             23012 kB
KReclaimable:     667296 kB
Slab:             202632 kB
SReclaimable:      66904 kB
SUnreclaim:       135728 kB
KernelStack:       41376 kB
PageTables:        55656 kB
NFS_Unstable:          0 kB
Bounce:                0 kB
WritebackTmp:          0 kB
CommitLimit:     9202296 kB
Committed_AS:   56369784 kB
VmallocTotal:   263061440 kB
VmallocUsed:       98180 kB
VmallocChunk:          0 kB
Percpu:             7584 kB
CmaTotal:         294912 kB
CmaFree:               0 kB
MemTotal:       12113144 kB
MemFree:         6957468 kB
MemAvailable:    8356332 kB
Buffers:            6148 kB
Cached:          1621788 kB
SwapCached:            0 kB
Active:          1352872 kB
Inactive:        1412708 kB
Active(anon):    1144168 kB
Inactive(anon):    21140 kB
Active(file):     208704 kB
Inactive(file):  1391568 kB
Unevictable:        5692 kB
Mlocked:            5692 kB
SwapTotal:       3145724 kB
SwapFree:        3145724 kB
Dirty:               256 kB
Writeback:             0 kB
AnonPages:       1143376 kB
Mapped:           805104 kB
Shmem:             23012 kB
KReclaimable:     667296 kB
Slab:             202600 kB
SReclaimable:      66904 kB
SUnreclaim:       135696 kB
KernelStack:       41396 kB
PageTables:        55656 kB
NFS_Unstable:          0 kB
Bounce:                0 kB
WritebackTmp:          0 kB
CommitLimit:     9202296 kB
Committed_AS:   56369616 kB
VmallocTotal:   263061440 kB
VmallocUsed:       98196 kB
VmallocChunk:          0 kB
Percpu:             7584 kB
CmaTotal:         294912 kB
CmaFree:               0 kB
MemTotal:       12113144 kB
MemFree:         6957240 kB
MemAvailable:    8356104 kB
Buffers:            6148 kB
Cached:          1621788 kB
SwapCached:            0 kB
Active:          1353284 kB
Inactive:        1412708 kB
Active(anon):    1144580 kB
Inactive(anon):    21140 kB
Active(file):     208704 kB
Inactive(file):  1391568 kB
Unevictable:        5692 kB
Mlocked:            5692 kB
SwapTotal:       3145724 kB
SwapFree:        3145724 kB
Dirty:               256 kB
Writeback:             0 kB
AnonPages:       1143872 kB
Mapped:           805100 kB
Shmem:             23012 kB
KReclaimable:     667296 kB
Slab:             202620 kB
SReclaimable:      66904 kB
SUnreclaim:       135716 kB
KernelStack:       41360 kB
PageTables:        55656 kB
NFS_Unstable:          0 kB
Bounce:                0 kB
WritebackTmp:          0 kB
CommitLimit:     9202296 kB
Committed_AS:   56369316 kB
VmallocTotal:   263061440 kB
VmallocUsed:       98228 kB
VmallocChunk:          0 kB
Percpu:             7584 kB
CmaTotal:         294912 kB
CmaFree:               0 kB
MemTotal:       12113144 kB
MemFree:         6957172 kB
MemAvailable:    8356036 kB
Buffers:            6152 kB
Cached:          1621784 kB
SwapCached:            0 kB
Active:          1353544 kB
Inactive:        1412708 kB
Active(anon):    1144840 kB
Inactive(anon):    21140 kB
Active(file):     208704 kB
Inactive(file):  1391568 kB
Unevictable:        5692 kB
Mlocked:            5692 kB
SwapTotal:       3145724 kB
SwapFree:        3145724 kB
Dirty:               256 kB
Writeback:             0 kB
AnonPages:       1144248 kB
Mapped:           805104 kB
Shmem:             23012 kB
KReclaimable:     667296 kB
Slab:             202484 kB
SReclaimable:      66904 kB
SUnreclaim:       135580 kB
KernelStack:       41344 kB
PageTables:        55652 kB
NFS_Unstable:          0 kB
Bounce:                0 kB
WritebackTmp:          0 kB
CommitLimit:     9202296 kB
Committed_AS:   56369052 kB
VmallocTotal:   263061440 kB
VmallocUsed:       98228 kB
VmallocChunk:          0 kB
Percpu:             7584 kB
CmaTotal:         294912 kB
CmaFree:               0 kB
MemTotal:       12113144 kB
MemFree:         6956832 kB
MemAvailable:    8355712 kB
Buffers:            6152 kB
Cached:          1621800 kB
SwapCached:            0 kB
Active:          1354052 kB
Inactive:        1412720 kB
Active(anon):    1145344 kB
Inactive(anon):    21140 kB
Active(file):     208708 kB
Inactive(file):  1391580 kB
Unevictable:        5692 kB
Mlocked:            5692 kB
SwapTotal:       3145724 kB
SwapFree:        3145724 kB
Dirty:               252 kB
Writeback:             0 kB
AnonPages:       1144552 kB
Mapped:           804868 kB
Shmem:             23012 kB
KReclaimable:     667296 kB
Slab:             202580 kB
SReclaimable:      66904 kB
SUnreclaim:       135676 kB
KernelStack:       41392 kB
PageTables:        55676 kB
NFS_Unstable:          0 kB
Bounce:                0 kB
WritebackTmp:          0 kB
CommitLimit:     9202296 kB
Committed_AS:   56368788 kB
VmallocTotal:   263061440 kB
VmallocUsed:       98228 kB
VmallocChunk:          0 kB
Percpu:             7584 kB
CmaTotal:         294912 kB
CmaFree:               0 kB
MemTotal:       12113144 kB
MemFree:         6956360 kB
MemAvailable:    8355240 kB
Buffers:            6152 kB
Cached:          1621800 kB
SwapCached:            0 kB
Active:          1354792 kB
Inactive:        1412720 kB
Active(anon):    1146084 kB
Inactive(anon):    21140 kB
Active(file):     208708 kB
Inactive(file):  1391580 kB
Unevictable:        5692 kB
Mlocked:            5692 kB
SwapTotal:       3145724 kB
SwapFree:        3145724 kB
Dirty:               252 kB
Writeback:             0 kB
AnonPages:       1145276 kB
Mapped:           805100 kB
Shmem:             23012 kB
KReclaimable:     667296 kB
Slab:             202588 kB
SReclaimable:      66904 kB
SUnreclaim:       135684 kB
KernelStack:       41360 kB
PageTables:        55652 kB
NFS_Unstable:          0 kB
Bounce:                0 kB
WritebackTmp:          0 kB
CommitLimit:     9202296 kB
Committed_AS:   56373096 kB
VmallocTotal:   263061440 kB
VmallocUsed:       98260 kB
VmallocChunk:          0 kB
Percpu:             7584 kB
CmaTotal:         294912 kB
CmaFree:               0 kB
MemTotal:       12113144 kB
MemFree:         6956068 kB
MemAvailable:    8354948 kB
Buffers:            6152 kB
Cached:          1621800 kB
SwapCached:            0 kB
Active:          1355332 kB
Inactive:        1412720 kB
Active(anon):    1146624 kB
Inactive(anon):    21140 kB
Active(file):     208708 kB
Inactive(file):  1391580 kB
Unevictable:        5692 kB
Mlocked:            5692 kB
SwapTotal:       3145724 kB
SwapFree:        3145724 kB
Dirty:               252 kB
Writeback:             0 kB
AnonPages:       1145604 kB
Mapped:           805100 kB
Shmem:             23012 kB
KReclaimable:     667296 kB
Slab:             202608 kB
SReclaimable:      66904 kB
SUnreclaim:       135704 kB
KernelStack:       41376 kB
PageTables:        55652 kB
NFS_Unstable:          0 kB
Bounce:                0 kB
WritebackTmp:          0 kB
CommitLimit:     9202296 kB
Committed_AS:   56373104 kB
VmallocTotal:   263061440 kB
VmallocUsed:       98244 kB
VmallocChunk:          0 kB
Percpu:             7584 kB
CmaTotal:         294912 kB
CmaFree:               0 kB
MemTotal:       12113144 kB
MemFree:         6956064 kB
MemAvailable:    8354944 kB
Buffers:            6152 kB
Cached:          1621800 kB
SwapCached:            0 kB
Active:          1355580 kB
Inactive:        1412720 kB
Active(anon):    1146872 kB
Inactive(anon):    21140 kB
Active(file):     208708 kB
Inactive(file):  1391580 kB
Unevictable:        5692 kB
Mlocked:            5692 kB
SwapTotal:       3145724 kB
SwapFree:        3145724 kB
Dirty:               248 kB
Writeback:             0 kB
AnonPages:       1146152 kB
Mapped:           804844 kB
Shmem:             23012 kB
KReclaimable:     667296 kB
Slab:             202528 kB
SReclaimable:      66904 kB
SUnreclaim:       135624 kB
KernelStack:       41376 kB
PageTables:        55652 kB
NFS_Unstable:          0 kB
Bounce:                0 kB
WritebackTmp:          0 kB
CommitLimit:     9202296 kB
Committed_AS:   56372892 kB
VmallocTotal:   263061440 kB
VmallocUsed:       98244 kB
VmallocChunk:          0 kB
Percpu:             7584 kB
CmaTotal:         294912 kB
CmaFree:               0 kB
MemTotal:       12113144 kB
MemFree:         6956120 kB
MemAvailable:    8355000 kB
Buffers:            6152 kB
Cached:          1621800 kB
SwapCached:            0 kB
Active:          1356060 kB
Inactive:        1412720 kB
Active(anon):    1147352 kB
Inactive(anon):    21140 kB
Active(file):     208708 kB
Inactive(file):  1391580 kB
Unevictable:        5692 kB
Mlocked:            5692 kB
SwapTotal:       3145724 kB
SwapFree:        3145724 kB
Dirty:               252 kB
Writeback:             0 kB
AnonPages:       1146464 kB
Mapped:           805104 kB
Shmem:             23012 kB
KReclaimable:     667296 kB
Slab:             202636 kB
SReclaimable:      66904 kB
SUnreclaim:       135732 kB
KernelStack:       41392 kB
PageTables:        55656 kB
NFS_Unstable:          0 kB
Bounce:                0 kB
WritebackTmp:          0 kB
CommitLimit:     9202296 kB
Committed_AS:   56373112 kB
VmallocTotal:   263061440 kB
VmallocUsed:       98260 kB
VmallocChunk:          0 kB
Percpu:             7584 kB
CmaTotal:         294912 kB
CmaFree:               0 kB
MemTotal:       12113144 kB
MemFree:         6955876 kB
MemAvailable:    8354748 kB
Buffers:            6152 kB
Cached:          1621792 kB
SwapCached:            0 kB
Active:          1356716 kB
Inactive:        1412716 kB
Active(anon):    1148012 kB
Inactive(anon):    21140 kB
Active(file):     208704 kB
Inactive(file):  1391576 kB
Unevictable:        5692 kB
Mlocked:            5692 kB
SwapTotal:       3145724 kB
SwapFree:        3145724 kB
Dirty:               264 kB
Writeback:             0 kB
AnonPages:       1147244 kB
Mapped:           804844 kB
Shmem:             23012 kB
KReclaimable:     667296 kB
Slab:             202496 kB
SReclaimable:      66904 kB
SUnreclaim:       135592 kB
KernelStack:       41376 kB
PageTables:        55656 kB
NFS_Unstable:          0 kB
Bounce:                0 kB
WritebackTmp:          0 kB
CommitLimit:     9202296 kB
Committed_AS:   56372848 kB
VmallocTotal:   263061440 kB
VmallocUsed:       98260 kB
VmallocChunk:          0 kB
Percpu:             7584 kB
CmaTotal:         294912 kB
CmaFree:               0 kB
MemTotal:       12113144 kB
MemFree:         6955492 kB
MemAvailable:    8354376 kB
Buffers:            6152 kB
Cached:          1621804 kB
SwapCached:            0 kB
Active:          1357344 kB
Inactive:        1412724 kB
Active(anon):    1148636 kB
Inactive(anon):    21140 kB
Active(file):     208708 kB
Inactive(file):  1391584 kB
Unevictable:        5692 kB
Mlocked:            5692 kB
SwapTotal:       3145724 kB
SwapFree:        3145724 kB
Dirty:               272 kB
Writeback:             0 kB
AnonPages:       1147724 kB
Mapped:           805072 kB
Shmem:             23012 kB
KReclaimable:     667296 kB
Slab:             202624 kB
SReclaimable:      66904 kB
SUnreclaim:       135720 kB
KernelStack:       41392 kB
PageTables:        55620 kB
NFS_Unstable:          0 kB
Bounce:                0 kB
WritebackTmp:          0 kB
CommitLimit:     9202296 kB
Committed_AS:   56372708 kB
VmallocTotal:   263061440 kB
VmallocUsed:       98244 kB
VmallocChunk:          0 kB
Percpu:             7584 kB
CmaTotal:         294912 kB
CmaFree:               0 kB
MemTotal:       12113144 kB
MemFree:         6955348 kB
MemAvailable:    8354228 kB
Buffers:            6152 kB
Cached:          1621800 kB
SwapCached:            0 kB
Active:          1357424 kB
Inactive:        1412720 kB
Active(anon):    1148716 kB
Inactive(anon):    21140 kB
Active(file):     208708 kB
Inactive(file):  1391580 kB
Unevictable:        5692 kB
Mlocked:            5692 kB
SwapTotal:       3145724 kB
SwapFree:        3145724 kB
Dirty:               276 kB
Writeback:             0 kB
AnonPages:       1148020 kB
Mapped:           805104 kB
Shmem:             23012 kB
KReclaimable:     667296 kB
Slab:             202632 kB
SReclaimable:      66904 kB
SUnreclaim:       135728 kB
KernelStack:       41376 kB
PageTables:        55672 kB
NFS_Unstable:          0 kB
Bounce:                0 kB
WritebackTmp:          0 kB
CommitLimit:     9202296 kB
Committed_AS:   56372444 kB
VmallocTotal:   263061440 kB
VmallocUsed:       98228 kB
VmallocChunk:          0 kB
Percpu:             7584 kB
CmaTotal:         294912 kB
CmaFree:               0 kB
MemTotal:       12113144 kB
MemFree:         6954640 kB
MemAvailable:    8353524 kB
Buffers:            6152 kB
Cached:          1621800 kB
SwapCached:            0 kB
Active:          1357808 kB
Inactive:        1412720 kB
Active(anon):    1149100 kB
Inactive(anon):    21140 kB
Active(file):     208708 kB
Inactive(file):  1391580 kB
Unevictable:        5692 kB
Mlocked:            5692 kB
SwapTotal:       3145724 kB
SwapFree:        3145724 kB
Dirty:               272 kB
Writeback:             0 kB
AnonPages:       1148276 kB
Mapped:           805104 kB
Shmem:             23012 kB
KReclaimable:     667300 kB
Slab:             202520 kB
SReclaimable:      66908 kB
SUnreclaim:       135612 kB
KernelStack:       41376 kB
PageTables:        55660 kB
NFS_Unstable:          0 kB
Bounce:                0 kB
WritebackTmp:          0 kB
CommitLimit:     9202296 kB
Committed_AS:   56372876 kB
VmallocTotal:   263061440 kB
VmallocUsed:       98244 kB
VmallocChunk:          0 kB
Percpu:             7584 kB
CmaTotal:         294912 kB
CmaFree:               0 kB
MemTotal:       12113144 kB
MemFree:         6954152 kB
MemAvailable:    8353044 kB
Buffers:            6152 kB
Cached:          1621808 kB
SwapCached:            0 kB
Active:          1358352 kB
Inactive:        1412728 kB
Active(anon):    1149644 kB
Inactive(anon):    21140 kB
Active(file):     208708 kB
Inactive(file):  1391588 kB
Unevictable:        5692 kB
Mlocked:            5692 kB
SwapTotal:       3145724 kB
SwapFree:        3145724 kB
Dirty:               288 kB
Writeback:             0 kB
AnonPages:       1148800 kB
Mapped:           805004 kB
Shmem:             23012 kB
KReclaimable:     667300 kB
Slab:             202608 kB
SReclaimable:      66908 kB
SUnreclaim:       135700 kB
KernelStack:       41376 kB
PageTables:        55696 kB
NFS_Unstable:          0 kB
Bounce:                0 kB
WritebackTmp:          0 kB
CommitLimit:     9202296 kB
Committed_AS:   56372780 kB
VmallocTotal:   263061440 kB
VmallocUsed:       98228 kB
VmallocChunk:          0 kB
Percpu:             7584 kB
CmaTotal:         294912 kB
CmaFree:               0 kB
MemTotal:       12113144 kB
MemFree:         6957424 kB
MemAvailable:    8356316 kB
Buffers:            6152 kB
Cached:          1621808 kB
SwapCached:            0 kB
Active:          1354036 kB
Inactive:        1412728 kB
Active(anon):    1145328 kB
Inactive(anon):    21140 kB
Active(file):     208708 kB
Inactive(file):  1391588 kB
Unevictable:        5692 kB
Mlocked:            5692 kB
SwapTotal:       3145724 kB
SwapFree:        3145724 kB
Dirty:               288 kB
Writeback:             0 kB
AnonPages:       1144280 kB
Mapped:           805104 kB
Shmem:             23012 kB
KReclaimable:     667300 kB
Slab:             202608 kB
SReclaimable:      66908 kB
SUnreclaim:       135700 kB
KernelStack:       41376 kB
PageTables:        55672 kB
NFS_Unstable:          0 kB
Bounce:                0 kB
WritebackTmp:          0 kB
CommitLimit:     9202296 kB
Committed_AS:   56372716 kB
VmallocTotal:   263061440 kB
VmallocUsed:       98228 kB
VmallocChunk:          0 kB
Percpu:             7584 kB
CmaTotal:         294912 kB
CmaFree:              76 kB
MemTotal:       12113144 kB
MemFree:         6956496 kB
MemAvailable:    8355388 kB
Buffers:            6152 kB
Cached:          1621808 kB
SwapCached:            0 kB
Active:          1354200 kB
Inactive:        1412728 kB
Active(anon):    1145492 kB
Inactive(anon):    21140 kB
Active(file):     208708 kB
Inactive(file):  1391588 kB
Unevictable:        5692 kB
Mlocked:            5692 kB
SwapTotal:       3145724 kB
SwapFree:        3145724 kB
Dirty:               288 kB
Writeback:             0 kB
AnonPages:       1145000 kB
Mapped:           804956 kB
Shmem:             23012 kB
KReclaimable:     667300 kB
Slab:             202672 kB
SReclaimable:      66908 kB
SUnreclaim:       135764 kB
KernelStack:       41376 kB
PageTables:        55644 kB
NFS_Unstable:          0 kB
Bounce:                0 kB
WritebackTmp:          0 kB
CommitLimit:     9202296 kB
Committed_AS:   56372584 kB
VmallocTotal:   263061440 kB
VmallocUsed:       98244 kB
VmallocChunk:          0 kB
Percpu:             7584 kB
CmaTotal:         294912 kB
CmaFree:               0 kB
MemTotal:       12113144 kB
MemFree:         6957808 kB
MemAvailable:    8356700 kB
Buffers:            6152 kB
Cached:          1621808 kB
SwapCached:            0 kB
Active:          1354000 kB
Inactive:        1412728 kB
Active(anon):    1145292 kB
Inactive(anon):    21140 kB
Active(file):     208708 kB
Inactive(file):  1391588 kB
Unevictable:        5692 kB
Mlocked:            5692 kB
SwapTotal:       3145724 kB
SwapFree:        3145724 kB
Dirty:               288 kB
Writeback:             0 kB
AnonPages:       1144608 kB
Mapped:           804840 kB
Shmem:             23012 kB
KReclaimable:     667300 kB
Slab:             202524 kB
SReclaimable:      66908 kB
SUnreclaim:       135616 kB
KernelStack:       41376 kB
PageTables:        55660 kB
NFS_Unstable:          0 kB
Bounce:                0 kB
WritebackTmp:          0 kB
CommitLimit:     9202296 kB
Committed_AS:   56367276 kB
VmallocTotal:   263061440 kB
VmallocUsed:       98212 kB
