MemTotal:        5980404 kB
MemFree:          591356 kB
MemAvailable:    2817964 kB
Buffers:            6792 kB
Cached:          2372392 kB
SwapCached:            0 kB
Active:          1564680 kB
Inactive:        1907120 kB
Active(anon):     996852 kB
Inactive(anon):   123524 kB
Active(file):     567828 kB
Inactive(file):  1783596 kB
Unevictable:        5672 kB
Mlocked:            5672 kB
SwapTotal:       3670008 kB
SwapFree:        3670008 kB
Dirty:               120 kB
Writeback:             0 kB
AnonPages:       1098188 kB
Mapped:           646164 kB
Shmem:             23128 kB
KReclaimable:     437616 kB
Slab:             210332 kB
SReclaimable:      56844 kB
SUnreclaim:       153488 kB
KernelStack:       43616 kB
PageTables:        54116 kB
NFS_Unstable:          0 kB
Bounce:                0 kB
WritebackTmp:          0 kB
CommitLimit:     6660208 kB
Committed_AS:   58879028 kB
VmallocTotal:   263061440 kB
VmallocUsed:       83960 kB
VmallocChunk:          0 kB
Percpu:             7616 kB
CmaTotal:         315392 kB
CmaFree:               0 kB
MemTotal:        5980404 kB
MemFree:          587752 kB
MemAvailable:    2814424 kB
Buffers:            6792 kB
Cached:          2372392 kB
SwapCached:            0 kB
Active:          1569656 kB
Inactive:        1907120 kB
Active(anon):    1001828 kB
Inactive(anon):   123524 kB
Active(file):     567828 kB
Inactive(file):  1783596 kB
Unevictable:        5672 kB
Mlocked:            5672 kB
SwapTotal:       3670008 kB
SwapFree:        3670008 kB
Dirty:               152 kB
Writeback:             0 kB
AnonPages:       1103504 kB
Mapped:           645956 kB
Shmem:             23128 kB
KReclaimable:     437680 kB
Slab:             210428 kB
SReclaimable:      56908 kB
SUnreclaim:       153520 kB
KernelStack:       43616 kB
PageTables:        54252 kB
NFS_Unstable:          0 kB
Bounce:                0 kB
WritebackTmp:          0 kB
CommitLimit:     6660208 kB
Committed_AS:   58885568 kB
VmallocTotal:   263061440 kB
VmallocUsed:       83992 kB
VmallocChunk:          0 kB
Percpu:             7616 kB
CmaTotal:         315392 kB
CmaFree:              44 kB
MemTotal:        5980404 kB
MemFree:          587980 kB
MemAvailable:    2814652 kB
Buffers:            6792 kB
Cached:          2372404 kB
SwapCached:            0 kB
Active:          1570288 kB
Inactive:        1907132 kB
Active(anon):    1002460 kB
Inactive(anon):   123536 kB
Active(file):     567828 kB
Inactive(file):  1783596 kB
Unevictable:        5672 kB
Mlocked:            5672 kB
SwapTotal:       3670008 kB
SwapFree:        3670008 kB
Dirty:               152 kB
Writeback:             0 kB
AnonPages:       1103856 kB
Mapped:           645952 kB
Shmem:             23140 kB
KReclaimable:     437680 kB
Slab:             210372 kB
SReclaimable:      56908 kB
SUnreclaim:       153464 kB
KernelStack:       43632 kB
PageTables:        54304 kB
NFS_Unstable:          0 kB
Bounce:                0 kB
WritebackTmp:          0 kB
CommitLimit:     6660208 kB
Committed_AS:   58888108 kB
VmallocTotal:   263061440 kB
VmallocUsed:       84008 kB
VmallocChunk:          0 kB
Percpu:             7616 kB
CmaTotal:         315392 kB
CmaFree:               0 kB
MemTotal:        5980404 kB
MemFree:          586628 kB
MemAvailable:    2813300 kB
Buffers:            6792 kB
Cached:          2372404 kB
SwapCached:            0 kB
Active:          1570556 kB
Inactive:        1907132 kB
Active(anon):    1002728 kB
Inactive(anon):   123536 kB
Active(file):     567828 kB
Inactive(file):  1783596 kB
Unevictable:        5672 kB
Mlocked:            5672 kB
SwapTotal:       3670008 kB
SwapFree:        3670008 kB
Dirty:               152 kB
Writeback:             0 kB
AnonPages:       1104336 kB
Mapped:           645880 kB
Shmem:             23140 kB
KReclaimable:     437680 kB
Slab:             210396 kB
SReclaimable:      56908 kB
SUnreclaim:       153488 kB
KernelStack:       43568 kB
PageTables:        54116 kB
NFS_Unstable:          0 kB
Bounce:                0 kB
WritebackTmp:          0 kB
CommitLimit:     6660208 kB
Committed_AS:   58885136 kB
VmallocTotal:   263061440 kB
VmallocUsed:       84008 kB
VmallocChunk:          0 kB
Percpu:             7616 kB
CmaTotal:         315392 kB
CmaFree:               0 kB
MemTotal:        5980404 kB
MemFree:          586016 kB
MemAvailable:    2812688 kB
Buffers:            6792 kB
Cached:          2372404 kB
SwapCached:            0 kB
Active:          1571036 kB
Inactive:        1907132 kB
Active(anon):    1003208 kB
Inactive(anon):   123536 kB
Active(file):     567828 kB
Inactive(file):  1783596 kB
Unevictable:        5672 kB
Mlocked:            5672 kB
SwapTotal:       3670008 kB
SwapFree:        3670008 kB
Dirty:               160 kB
Writeback:             0 kB
AnonPages:       1104560 kB
Mapped:           645756 kB
Shmem:             23140 kB
KReclaimable:     437680 kB
Slab:             210372 kB
SReclaimable:      56908 kB
SUnreclaim:       153464 kB
KernelStack:       43616 kB
PageTables:        54304 kB
NFS_Unstable:          0 kB
Bounce:                0 kB
WritebackTmp:          0 kB
CommitLimit:     6660208 kB
Committed_AS:   58886028 kB
VmallocTotal:   263061440 kB
VmallocUsed:       83992 kB
VmallocChunk:          0 kB
Percpu:             7616 kB
CmaTotal:         315392 kB
CmaFree:               0 kB
MemTotal:        5980404 kB
MemFree:          585336 kB
MemAvailable:    2812016 kB
Buffers:            6792 kB
Cached:          2372412 kB
SwapCached:            0 kB
Active:          1571976 kB
Inactive:        1907136 kB
Active(anon):    1004144 kB
Inactive(anon):   123536 kB
Active(file):     567832 kB
Inactive(file):  1783600 kB
Unevictable:        5672 kB
Mlocked:            5672 kB
SwapTotal:       3670008 kB
SwapFree:        3670008 kB
Dirty:               168 kB
Writeback:             0 kB
AnonPages:       1105492 kB
Mapped:           645944 kB
Shmem:             23140 kB
KReclaimable:     437680 kB
Slab:             210420 kB
SReclaimable:      56908 kB
SUnreclaim:       153512 kB
KernelStack:       43616 kB
PageTables:        54288 kB
NFS_Unstable:          0 kB
Bounce:                0 kB
WritebackTmp:          0 kB
CommitLimit:     6660208 kB
Committed_AS:   58884640 kB
VmallocTotal:   263061440 kB
VmallocUsed:       83992 kB
VmallocChunk:          0 kB
Percpu:             7616 kB
CmaTotal:         315392 kB
CmaFree:               0 kB
MemTotal:        5980404 kB
MemFree:          587164 kB
MemAvailable:    2813836 kB
Buffers:            6792 kB
Cached:          2372408 kB
SwapCached:            0 kB
Active:          1572104 kB
Inactive:        1907136 kB
Active(anon):    1004276 kB
Inactive(anon):   123540 kB
Active(file):     567828 kB
Inactive(file):  1783596 kB
Unevictable:        5672 kB
Mlocked:            5672 kB
SwapTotal:       3670008 kB
SwapFree:        3670008 kB
Dirty:               164 kB
Writeback:             0 kB
AnonPages:       1105692 kB
Mapped:           645932 kB
Shmem:             23144 kB
KReclaimable:     437680 kB
Slab:             210396 kB
SReclaimable:      56908 kB
SUnreclaim:       153488 kB
KernelStack:       43616 kB
PageTables:        54368 kB
NFS_Unstable:          0 kB
Bounce:                0 kB
WritebackTmp:          0 kB
CommitLimit:     6660208 kB
Committed_AS:   58882924 kB
VmallocTotal:   263061440 kB
VmallocUsed:       83976 kB
VmallocChunk:          0 kB
Percpu:             7616 kB
CmaTotal:         315392 kB
CmaFree:               0 kB
MemTotal:        5980404 kB
MemFree:          587696 kB
MemAvailable:    2814384 kB
Buffers:            6796 kB
Cached:          2372420 kB
SwapCached:            0 kB
Active:          1572240 kB
Inactive:        1907148 kB
Active(anon):    1004408 kB
Inactive(anon):   123540 kB
Active(file):     567832 kB
Inactive(file):  1783608 kB
Unevictable:        5672 kB
Mlocked:            5672 kB
SwapTotal:       3670008 kB
SwapFree:        3670008 kB
Dirty:               144 kB
Writeback:             0 kB
AnonPages:       1105884 kB
Mapped:           645820 kB
Shmem:             23144 kB
KReclaimable:     437680 kB
Slab:             210388 kB
SReclaimable:      56908 kB
SUnreclaim:       153480 kB
KernelStack:       43632 kB
PageTables:        54152 kB
NFS_Unstable:          0 kB
Bounce:                0 kB
WritebackTmp:          0 kB
CommitLimit:     6660208 kB
Committed_AS:   58886536 kB
VmallocTotal:   263061440 kB
VmallocUsed:       83960 kB
VmallocChunk:          0 kB
Percpu:             7616 kB
CmaTotal:         315392 kB
CmaFree:             120 kB
MemTotal:        5980404 kB
MemFree:          585692 kB
MemAvailable:    2812380 kB
Buffers:            6796 kB
Cached:          2372420 kB
SwapCached:            0 kB
Active:          1572564 kB
Inactive:        1907148 kB
Active(anon):    1004732 kB
Inactive(anon):   123540 kB
Active(file):     567832 kB
Inactive(file):  1783608 kB
Unevictable:        5672 kB
Mlocked:            5672 kB
SwapTotal:       3670008 kB
SwapFree:        3670008 kB
Dirty:               144 kB
Writeback:             0 kB
AnonPages:       1106176 kB
Mapped:           645808 kB
Shmem:             23144 kB
KReclaimable:     437680 kB
Slab:             210404 kB
SReclaimable:      56908 kB
SUnreclaim:       153496 kB
KernelStack:       43584 kB
PageTables:        54324 kB
NFS_Unstable:          0 kB
Bounce:                0 kB
WritebackTmp:          0 kB
CommitLimit:     6660208 kB
Committed_AS:   58882168 kB
VmallocTotal:   263061440 kB
VmallocUsed:       83976 kB
VmallocChunk:          0 kB
Percpu:             7616 kB
CmaTotal:         315392 kB
CmaFree:               0 kB
MemTotal:        5980404 kB
MemFree:          585212 kB
MemAvailable:    2811900 kB
Buffers:            6796 kB
Cached:          2372424 kB
SwapCached:            0 kB
Active:          1572656 kB
Inactive:        1907152 kB
Active(anon):    1004824 kB
Inactive(anon):   123544 kB
Active(file):     567832 kB
Inactive(file):  1783608 kB
Unevictable:        5672 kB
Mlocked:            5672 kB
SwapTotal:       3670008 kB
SwapFree:        3670008 kB
Dirty:               144 kB
Writeback:             0 kB
AnonPages:       1106560 kB
Mapped:           645920 kB
Shmem:             23148 kB
KReclaimable:     437680 kB
Slab:             210372 kB
SReclaimable:      56908 kB
SUnreclaim:       153464 kB
KernelStack:       43600 kB
PageTables:        54428 kB
NFS_Unstable:          0 kB
Bounce:                0 kB
WritebackTmp:          0 kB
CommitLimit:     6660208 kB
Committed_AS:   58887012 kB
VmallocTotal:   263061440 kB
VmallocUsed:       83896 kB
VmallocChunk:          0 kB
Percpu:             7616 kB
CmaTotal:         315392 kB
CmaFree:               0 kB
MemTotal:        5980404 kB
MemFree:          585020 kB
MemAvailable:    2811708 kB
Buffers:            6796 kB
Cached:          2372424 kB
SwapCached:            0 kB
Active:          1572964 kB
Inactive:        1907152 kB
Active(anon):    1005132 kB
Inactive(anon):   123544 kB
Active(file):     567832 kB
Inactive(file):  1783608 kB
Unevictable:        5672 kB
Mlocked:            5672 kB
SwapTotal:       3670008 kB
SwapFree:        3670008 kB
Dirty:               144 kB
Writeback:             0 kB
AnonPages:       1106472 kB
Mapped:           646180 kB
Shmem:             23148 kB
KReclaimable:     437680 kB
Slab:             210404 kB
SReclaimable:      56908 kB
SUnreclaim:       153496 kB
KernelStack:       43568 kB
PageTables:        54408 kB
NFS_Unstable:          0 kB
Bounce:                0 kB
WritebackTmp:          0 kB
CommitLimit:     6660208 kB
Committed_AS:   58886592 kB
VmallocTotal:   263061440 kB
VmallocUsed:       83848 kB
VmallocChunk:          0 kB
Percpu:             7616 kB
CmaTotal:         315392 kB
CmaFree:               0 kB
MemTotal:        5980404 kB
MemFree:          584980 kB
MemAvailable:    2811668 kB
Buffers:            6796 kB
Cached:          2372424 kB
SwapCached:            0 kB
Active:          1573324 kB
Inactive:        1907152 kB
Active(anon):    1005492 kB
Inactive(anon):   123544 kB
Active(file):     567832 kB
Inactive(file):  1783608 kB
Unevictable:        5672 kB
Mlocked:            5672 kB
SwapTotal:       3670008 kB
SwapFree:        3670008 kB
Dirty:               144 kB
Writeback:             0 kB
AnonPages:       1107148 kB
Mapped:           645976 kB
Shmem:             23148 kB
KReclaimable:     437680 kB
Slab:             210396 kB
SReclaimable:      56908 kB
SUnreclaim:       153488 kB
KernelStack:       43600 kB
PageTables:        54192 kB
NFS_Unstable:          0 kB
Bounce:                0 kB
WritebackTmp:          0 kB
CommitLimit:     6660208 kB
Committed_AS:   58882800 kB
VmallocTotal:   263061440 kB
VmallocUsed:       83864 kB
VmallocChunk:          0 kB
Percpu:             7616 kB
CmaTotal:         315392 kB
CmaFree:               0 kB
MemTotal:        5980404 kB
MemFree:          584712 kB
MemAvailable:    2811400 kB
Buffers:            6796 kB
Cached:          2372424 kB
SwapCached:            0 kB
Active:          1573220 kB
Inactive:        1907152 kB
Active(anon):    1005388 kB
Inactive(anon):   123544 kB
Active(file):     567832 kB
Inactive(file):  1783608 kB
Unevictable:        5672 kB
Mlocked:            5672 kB
SwapTotal:       3670008 kB
SwapFree:        3670008 kB
Dirty:               144 kB
Writeback:             0 kB
AnonPages:       1107192 kB
Mapped:           645936 kB
Shmem:             23148 kB
KReclaimable:     437680 kB
Slab:             210396 kB
SReclaimable:      56908 kB
SUnreclaim:       153488 kB
KernelStack:       43568 kB
PageTables:        54240 kB
NFS_Unstable:          0 kB
Bounce:                0 kB
WritebackTmp:          0 kB
CommitLimit:     6660208 kB
Committed_AS:   58878068 kB
VmallocTotal:   263061440 kB
VmallocUsed:       83848 kB
VmallocChunk:          0 kB
Percpu:             7616 kB
CmaTotal:         315392 kB
CmaFree:               8 kB
MemTotal:        5980404 kB
MemFree:          584112 kB
MemAvailable:    2810800 kB
Buffers:            6796 kB
Cached:          2372428 kB
SwapCached:            0 kB
Active:          1574100 kB
Inactive:        1907156 kB
Active(anon):    1006268 kB
Inactive(anon):   123548 kB
Active(file):     567832 kB
Inactive(file):  1783608 kB
Unevictable:        5672 kB
Mlocked:            5672 kB
SwapTotal:       3670008 kB
SwapFree:        3670008 kB
Dirty:               148 kB
Writeback:             0 kB
AnonPages:       1107768 kB
Mapped:           646020 kB
Shmem:             23152 kB
KReclaimable:     437680 kB
Slab:             210388 kB
SReclaimable:      56908 kB
SUnreclaim:       153480 kB
KernelStack:       43584 kB
PageTables:        54312 kB
NFS_Unstable:          0 kB
Bounce:                0 kB
WritebackTmp:          0 kB
CommitLimit:     6660208 kB
Committed_AS:   58877716 kB
VmallocTotal:   263061440 kB
VmallocUsed:       83896 kB
VmallocChunk:          0 kB
Percpu:             7616 kB
CmaTotal:         315392 kB
CmaFree:               0 kB
MemTotal:        5980404 kB
MemFree:          584268 kB
MemAvailable:    2810956 kB
Buffers:            6796 kB
Cached:          2372428 kB
SwapCached:            0 kB
Active:          1574300 kB
Inactive:        1907156 kB
Active(anon):    1006468 kB
Inactive(anon):   123548 kB
Active(file):     567832 kB
Inactive(file):  1783608 kB
Unevictable:        5672 kB
Mlocked:            5672 kB
SwapTotal:       3670008 kB
SwapFree:        3670008 kB
Dirty:               152 kB
Writeback:             0 kB
AnonPages:       1107964 kB
Mapped:           645924 kB
Shmem:             23152 kB
KReclaimable:     437680 kB
Slab:             210404 kB
SReclaimable:      56908 kB
SUnreclaim:       153496 kB
KernelStack:       43536 kB
PageTables:        54292 kB
NFS_Unstable:          0 kB
Bounce:                0 kB
WritebackTmp:          0 kB
CommitLimit:     6660208 kB
Committed_AS:   58877868 kB
VmallocTotal:   263061440 kB
VmallocUsed:       83848 kB
VmallocChunk:          0 kB
Percpu:             7616 kB
CmaTotal:         315392 kB
CmaFree:               0 kB
MemTotal:        5980404 kB
MemFree:          583540 kB
MemAvailable:    2810228 kB
Buffers:            6796 kB
Cached:          2372428 kB
SwapCached:            0 kB
Active:          1575120 kB
Inactive:        1907156 kB
Active(anon):    1007288 kB
Inactive(anon):   123548 kB
Active(file):     567832 kB
Inactive(file):  1783608 kB
Unevictable:        5672 kB
Mlocked:            5672 kB
SwapTotal:       3670008 kB
SwapFree:        3670008 kB
Dirty:               156 kB
Writeback:             0 kB
AnonPages:       1108552 kB
Mapped:           645996 kB
Shmem:             23152 kB
KReclaimable:     437680 kB
Slab:             210388 kB
SReclaimable:      56908 kB
SUnreclaim:       153480 kB
KernelStack:       43552 kB
PageTables:        54268 kB
NFS_Unstable:          0 kB
Bounce:                0 kB
WritebackTmp:          0 kB
CommitLimit:     6660208 kB
Committed_AS:   58875212 kB
VmallocTotal:   263061440 kB
VmallocUsed:       83848 kB
VmallocChunk:          0 kB
Percpu:             7616 kB
CmaTotal:         315392 kB
CmaFree:               0 kB
MemTotal:        5980404 kB
MemFree:          581460 kB
MemAvailable:    2808152 kB
Buffers:            6796 kB
Cached:          2372432 kB
SwapCached:            0 kB
Active:          1575436 kB
Inactive:        1907160 kB
Active(anon):    1007604 kB
Inactive(anon):   123548 kB
Active(file):     567832 kB
Inactive(file):  1783612 kB
Unevictable:        5672 kB
Mlocked:            5672 kB
SwapTotal:       3670008 kB
SwapFree:        3670008 kB
Dirty:               248 kB
Writeback:             0 kB
AnonPages:       1109076 kB
Mapped:           645812 kB
Shmem:             23152 kB
KReclaimable:     437680 kB
Slab:             210412 kB
SReclaimable:      56908 kB
SUnreclaim:       153504 kB
KernelStack:       43520 kB
PageTables:        54288 kB
NFS_Unstable:          0 kB
Bounce:                0 kB
WritebackTmp:          0 kB
CommitLimit:     6660208 kB
Committed_AS:   58876324 kB
VmallocTotal:   263061440 kB
VmallocUsed:       83864 kB
VmallocChunk:          0 kB
Percpu:             7616 kB
CmaTotal:         315392 kB
CmaFree:               0 kB
MemTotal:        5980404 kB
MemFree:          581208 kB
MemAvailable:    2807900 kB
Buffers:            6796 kB
Cached:          2372432 kB
SwapCached:            0 kB
Active:          1575584 kB
Inactive:        1907160 kB
Active(anon):    1007752 kB
Inactive(anon):   123548 kB
Active(file):     567832 kB
Inactive(file):  1783612 kB
Unevictable:        5672 kB
Mlocked:            5672 kB
SwapTotal:       3670008 kB
SwapFree:        3670008 kB
Dirty:               248 kB
Writeback:             0 kB
AnonPages:       1109404 kB
Mapped:           646208 kB
Shmem:             23152 kB
KReclaimable:     437680 kB
Slab:             210396 kB
SReclaimable:      56908 kB
SUnreclaim:       153488 kB
KernelStack:       43564 kB
PageTables:        54588 kB
NFS_Unstable:          0 kB
Bounce:                0 kB
WritebackTmp:          0 kB
CommitLimit:     6660208 kB
Committed_AS:   58879904 kB
VmallocTotal:   263061440 kB
VmallocUsed:       83896 kB
VmallocChunk:          0 kB
Percpu:             7616 kB
CmaTotal:         315392 kB
CmaFree:               0 kB
MemTotal:        5980404 kB
MemFree:          580636 kB
MemAvailable:    2807328 kB
Buffers:            6796 kB
Cached:          2372432 kB
SwapCached:            0 kB
Active:          1575956 kB
Inactive:        1907160 kB
Active(anon):    1008124 kB
Inactive(anon):   123548 kB
Active(file):     567832 kB
Inactive(file):  1783612 kB
Unevictable:        5672 kB
Mlocked:            5672 kB
SwapTotal:       3670008 kB
SwapFree:        3670008 kB
Dirty:               248 kB
Writeback:             0 kB
AnonPages:       1109608 kB
Mapped:           645856 kB
Shmem:             23152 kB
KReclaimable:     437680 kB
Slab:             210404 kB
SReclaimable:      56908 kB
SUnreclaim:       153496 kB
KernelStack:       43536 kB
PageTables:        54148 kB
NFS_Unstable:          0 kB
Bounce:                0 kB
WritebackTmp:          0 kB
CommitLimit:     6660208 kB
Committed_AS:   58883856 kB
VmallocTotal:   263061440 kB
VmallocUsed:       83896 kB
VmallocChunk:          0 kB
Percpu:             7616 kB
CmaTotal:         315392 kB
CmaFree:               0 kB
MemTotal:        5980404 kB
MemFree:          580064 kB
MemAvailable:    2806748 kB
Buffers:            6796 kB
Cached:          2372428 kB
SwapCached:            0 kB
Active:          1576952 kB
Inactive:        1907160 kB
Active(anon):    1009124 kB
Inactive(anon):   123552 kB
Active(file):     567828 kB
Inactive(file):  1783608 kB
Unevictable:        5672 kB
Mlocked:            5672 kB
SwapTotal:       3670008 kB
SwapFree:        3670008 kB
Dirty:               240 kB
Writeback:             0 kB
AnonPages:       1110676 kB
Mapped:           645920 kB
Shmem:             23156 kB
KReclaimable:     437680 kB
Slab:             210388 kB
SReclaimable:      56908 kB
SUnreclaim:       153480 kB
KernelStack:       43520 kB
PageTables:        54228 kB
NFS_Unstable:          0 kB
Bounce:                0 kB
WritebackTmp:          0 kB
CommitLimit:     6660208 kB
Committed_AS:   58881948 kB
VmallocTotal:   263061440 kB
VmallocUsed:       83864 kB
VmallocChunk:          0 kB
Percpu:             7616 kB
CmaTotal:         315392 kB
CmaFree:               0 kB
MemTotal:        5980404 kB
MemFree:          579332 kB
MemAvailable:    2806024 kB
Buffers:            6796 kB
Cached:          2372436 kB
SwapCached:            0 kB
Active:          1575920 kB
Inactive:        1907164 kB
Active(anon):    1008088 kB
Inactive(anon):   123552 kB
Active(file):     567832 kB
Inactive(file):  1783612 kB
Unevictable:        5672 kB
Mlocked:            5672 kB
SwapTotal:       3670008 kB
SwapFree:        3670008 kB
Dirty:               248 kB
Writeback:             0 kB
AnonPages:       1109648 kB
Mapped:           645984 kB
Shmem:             23156 kB
KReclaimable:     437680 kB
Slab:             210400 kB
SReclaimable:      56908 kB
SUnreclaim:       153492 kB
KernelStack:       43536 kB
PageTables:        54380 kB
NFS_Unstable:          0 kB
Bounce:                0 kB
WritebackTmp:          0 kB
CommitLimit:     6660208 kB
Committed_AS:   58886380 kB
VmallocTotal:   263061440 kB
VmallocUsed:       83864 kB
VmallocChunk:          0 kB
Percpu:             7616 kB
CmaTotal:         315392 kB
CmaFree:               0 kB
MemTotal:        5980404 kB
MemFree:          580632 kB
MemAvailable:    2807340 kB
Buffers:            6804 kB
Cached:          2372444 kB
SwapCached:            0 kB
Active:          1576344 kB
Inactive:        1907180 kB
Active(anon):    1008512 kB
Inactive(anon):   123552 kB
Active(file):     567832 kB
Inactive(file):  1783628 kB
Unevictable:        5672 kB
Mlocked:            5672 kB
SwapTotal:       3670008 kB
SwapFree:        3670008 kB
Dirty:               224 kB
Writeback:             0 kB
AnonPages:       1109976 kB
Mapped:           645984 kB
Shmem:             23156 kB
KReclaimable:     437680 kB
Slab:             210416 kB
SReclaimable:      56908 kB
SUnreclaim:       153508 kB
KernelStack:       43536 kB
PageTables:        54384 kB
NFS_Unstable:          0 kB
Bounce:                0 kB
WritebackTmp:          0 kB
CommitLimit:     6660208 kB
Committed_AS:   58885648 kB
VmallocTotal:   263061440 kB
VmallocUsed:       83880 kB
VmallocChunk:          0 kB
Percpu:             7616 kB
CmaTotal:         315392 kB
CmaFree:               0 kB
MemTotal:        5980404 kB
MemFree:          580624 kB
MemAvailable:    2807340 kB
Buffers:            6804 kB
Cached:          2372452 kB
SwapCached:            0 kB
Active:          1576368 kB
Inactive:        1907180 kB
Active(anon):    1008528 kB
Inactive(anon):   123552 kB
Active(file):     567840 kB
Inactive(file):  1783628 kB
Unevictable:        5672 kB
Mlocked:            5672 kB
SwapTotal:       3670008 kB
SwapFree:        3670008 kB
Dirty:               224 kB
Writeback:             0 kB
AnonPages:       1110060 kB
Mapped:           645984 kB
Shmem:             23156 kB
KReclaimable:     437680 kB
Slab:             210424 kB
SReclaimable:      56908 kB
SUnreclaim:       153516 kB
KernelStack:       43520 kB
PageTables:        54092 kB
NFS_Unstable:          0 kB
Bounce:                0 kB
WritebackTmp:          0 kB
CommitLimit:     6660208 kB
Committed_AS:   58882496 kB
VmallocTotal:   263061440 kB
VmallocUsed:       83912 kB
VmallocChunk:          0 kB
Percpu:             7616 kB
CmaTotal:         315392 kB
CmaFree:               0 kB
MemTotal:        5980404 kB
MemFree:          580388 kB
MemAvailable:    2807104 kB
Buffers:            6804 kB
Cached:          2372452 kB
SwapCached:            0 kB
Active:          1577028 kB
Inactive:        1907180 kB
Active(anon):    1009188 kB
Inactive(anon):   123552 kB
Active(file):     567840 kB
Inactive(file):  1783628 kB
Unevictable:        5672 kB
Mlocked:            5672 kB
SwapTotal:       3670008 kB
SwapFree:        3670008 kB
Dirty:               224 kB
Writeback:             0 kB
AnonPages:       1110540 kB
Mapped:           646020 kB
Shmem:             23156 kB
KReclaimable:     437680 kB
Slab:             210416 kB
SReclaimable:      56908 kB
SUnreclaim:       153508 kB
KernelStack:       43584 kB
PageTables:        54380 kB
NFS_Unstable:          0 kB
Bounce:                0 kB
WritebackTmp:          0 kB
CommitLimit:     6660208 kB
Committed_AS:   58879764 kB
VmallocTotal:   263061440 kB
VmallocUsed:       83896 kB
VmallocChunk:          0 kB
Percpu:             7616 kB
CmaTotal:         315392 kB
CmaFree:               0 kB
MemTotal:        5980404 kB
MemFree:          591796 kB
MemAvailable:    2818512 kB
Buffers:            6804 kB
Cached:          2372464 kB
SwapCached:            0 kB
Active:          1564656 kB
Inactive:        1907196 kB
Active(anon):     996816 kB
Inactive(anon):   123568 kB
Active(file):     567840 kB
Inactive(file):  1783628 kB
Unevictable:        5672 kB
Mlocked:            5672 kB
SwapTotal:       3670008 kB
SwapFree:        3670008 kB
Dirty:               220 kB
Writeback:             0 kB
AnonPages:       1098160 kB
Mapped:           636984 kB
Shmem:             23172 kB
KReclaimable:     437680 kB
Slab:             210432 kB
SReclaimable:      56908 kB
SUnreclaim:       153524 kB
KernelStack:       43568 kB
PageTables:        54188 kB
NFS_Unstable:          0 kB
Bounce:                0 kB
WritebackTmp:          0 kB
CommitLimit:     6660208 kB
Committed_AS:   58883436 kB
VmallocTotal:   263061440 kB
VmallocUsed:       83912 kB
VmallocChunk:          0 kB
Percpu:             7616 kB
CmaTotal:         315392 kB
CmaFree:             176 kB
MemTotal:        5980404 kB
MemFree:          592968 kB
MemAvailable:    2819692 kB
Buffers:            6804 kB
Cached:          2372476 kB
SwapCached:            0 kB
Active:          1564576 kB
Inactive:        1907200 kB
Active(anon):     996732 kB
Inactive(anon):   123568 kB
Active(file):     567844 kB
Inactive(file):  1783632 kB
Unevictable:        5672 kB
Mlocked:            5672 kB
SwapTotal:       3670008 kB
SwapFree:        3670008 kB
Dirty:               228 kB
Writeback:             0 kB
AnonPages:       1098320 kB
Mapped:           637212 kB
Shmem:             23172 kB
KReclaimable:     437680 kB
Slab:             210416 kB
SReclaimable:      56908 kB
SUnreclaim:       153508 kB
KernelStack:       43568 kB
PageTables:        54248 kB
NFS_Unstable:          0 kB
Bounce:                0 kB
WritebackTmp:          0 kB
CommitLimit:     6660208 kB
Committed_AS:   58882100 kB
VmallocTotal:   263061440 kB
VmallocUsed:       83944 kB
VmallocChunk:          0 kB
Percpu:             7616 kB
CmaTotal:         315392 kB
CmaFree:               0 kB
MemTotal:        5980404 kB
MemFree:          591852 kB
MemAvailable:    2818568 kB
Buffers:            6804 kB
Cached:          2372468 kB
SwapCached:            0 kB
Active:          1565304 kB
Inactive:        1907196 kB
Active(anon):     997464 kB
Inactive(anon):   123568 kB
Active(file):     567840 kB
Inactive(file):  1783628 kB
Unevictable:        5672 kB
Mlocked:            5672 kB
SwapTotal:       3670008 kB
SwapFree:        3670008 kB
Dirty:               224 kB
Writeback:             0 kB
AnonPages:       1098620 kB
Mapped:           637276 kB
Shmem:             23172 kB
KReclaimable:     437680 kB
Slab:             210440 kB
SReclaimable:      56908 kB
SUnreclaim:       153532 kB
KernelStack:       43568 kB
PageTables:        54460 kB
NFS_Unstable:          0 kB
Bounce:                0 kB
WritebackTmp:          0 kB
CommitLimit:     6660208 kB
Committed_AS:   58884824 kB
VmallocTotal:   263061440 kB
VmallocUsed:       83960 kB
VmallocChunk:          0 kB
Percpu:             7616 kB
CmaTotal:         315392 kB
CmaFree:               0 kB
MemTotal:        5980404 kB
MemFree:          591520 kB
MemAvailable:    2818236 kB
Buffers:            6804 kB
Cached:          2372468 kB
SwapCached:            0 kB
Active:          1565208 kB
Inactive:        1907196 kB
Active(anon):     997368 kB
Inactive(anon):   123568 kB
Active(file):     567840 kB
Inactive(file):  1783628 kB
Unevictable:        5672 kB
Mlocked:            5672 kB
SwapTotal:       3670008 kB
SwapFree:        3670008 kB
Dirty:               224 kB
Writeback:             0 kB
AnonPages:       1098772 kB
Mapped:           637212 kB
Shmem:             23172 kB
KReclaimable:     437680 kB
Slab:             210408 kB
SReclaimable:      56908 kB
SUnreclaim:       153500 kB
KernelStack:       43600 kB
PageTables:        54332 kB
NFS_Unstable:          0 kB
Bounce:                0 kB
WritebackTmp:          0 kB
CommitLimit:     6660208 kB
Committed_AS:   58883816 kB
VmallocTotal:   263061440 kB
VmallocUsed:       83944 kB
VmallocChunk:          0 kB
Percpu:             7616 kB
CmaTotal:         315392 kB
CmaFree:               0 kB
MemTotal:        5980404 kB
MemFree:          591160 kB
MemAvailable:    2817876 kB
Buffers:            6804 kB
Cached:          2372468 kB
SwapCached:            0 kB
Active:          1565472 kB
Inactive:        1907196 kB
Active(anon):     997632 kB
Inactive(anon):   123568 kB
Active(file):     567840 kB
Inactive(file):  1783628 kB
Unevictable:        5672 kB
Mlocked:            5672 kB
SwapTotal:       3670008 kB
SwapFree:        3670008 kB
Dirty:               224 kB
Writeback:             0 kB
AnonPages:       1099204 kB
Mapped:           636984 kB
Shmem:             23172 kB
KReclaimable:     437680 kB
Slab:             210420 kB
SReclaimable:      56908 kB
SUnreclaim:       153512 kB
KernelStack:       43568 kB
PageTables:        54188 kB
NFS_Unstable:          0 kB
Bounce:                0 kB
WritebackTmp:          0 kB
CommitLimit:     6660208 kB
Committed_AS:   58884672 kB
VmallocTotal:   263061440 kB
VmallocUsed:       83944 kB
VmallocChunk:          0 kB
Percpu:             7616 kB
CmaTotal:         315392 kB
CmaFree:               0 kB
MemTotal:        5980404 kB
MemFree:          590620 kB
MemAvailable:    2817336 kB
Buffers:            6804 kB
Cached:          2372476 kB
SwapCached:            0 kB
Active:          1565388 kB
Inactive:        1907204 kB
Active(anon):     997548 kB
Inactive(anon):   123576 kB
Active(file):     567840 kB
Inactive(file):  1783628 kB
Unevictable:        5672 kB
Mlocked:            5672 kB
SwapTotal:       3670008 kB
SwapFree:        3670008 kB
Dirty:               224 kB
Writeback:             0 kB
AnonPages:       1099128 kB
Mapped:           637428 kB
Shmem:             23180 kB
KReclaimable:     437680 kB
Slab:             210436 kB
SReclaimable:      56908 kB
SUnreclaim:       153528 kB
KernelStack:       43648 kB
PageTables:        54168 kB
NFS_Unstable:          0 kB
Bounce:                0 kB
WritebackTmp:          0 kB
CommitLimit:     6660208 kB
Committed_AS:   58885468 kB
VmallocTotal:   263061440 kB
VmallocUsed:       83960 kB
VmallocChunk:          0 kB
Percpu:             7616 kB
CmaTotal:         315392 kB
CmaFree:               0 kB
MemTotal:        5980404 kB
MemFree:          590236 kB
MemAvailable:    2816956 kB
Buffers:            6804 kB
Cached:          2372476 kB
SwapCached:            0 kB
Active:          1566220 kB
Inactive:        1907204 kB
Active(anon):     998380 kB
Inactive(anon):   123576 kB
Active(file):     567840 kB
Inactive(file):  1783628 kB
Unevictable:        5672 kB
Mlocked:            5672 kB
SwapTotal:       3670008 kB
SwapFree:        3670008 kB
Dirty:               236 kB
Writeback:             0 kB
AnonPages:       1100044 kB
Mapped:           637180 kB
Shmem:             23180 kB
KReclaimable:     437684 kB
Slab:             210440 kB
SReclaimable:      56912 kB
SUnreclaim:       153528 kB
KernelStack:       43584 kB
PageTables:        54112 kB
NFS_Unstable:          0 kB
Bounce:                0 kB
WritebackTmp:          0 kB
CommitLimit:     6660208 kB
Committed_AS:   58884972 kB
VmallocTotal:   263061440 kB
VmallocUsed:       83960 kB
VmallocChunk:          0 kB
Percpu:             7616 kB
CmaTotal:         315392 kB
CmaFree:               4 kB
MemTotal:        5980404 kB
MemFree:          588704 kB
MemAvailable:    2815424 kB
Buffers:            6804 kB
Cached:          2372476 kB
SwapCached:            0 kB
Active:          1567160 kB
Inactive:        1907204 kB
Active(anon):     999320 kB
Inactive(anon):   123576 kB
Active(file):     567840 kB
Inactive(file):  1783628 kB
Unevictable:        5672 kB
Mlocked:            5672 kB
SwapTotal:       3670008 kB
SwapFree:        3670008 kB
Dirty:               240 kB
Writeback:             0 kB
AnonPages:       1100624 kB
Mapped:           637220 kB
Shmem:             23180 kB
KReclaimable:     437684 kB
Slab:             210420 kB
SReclaimable:      56912 kB
SUnreclaim:       153508 kB
KernelStack:       43600 kB
PageTables:        54308 kB
NFS_Unstable:          0 kB
Bounce:                0 kB
WritebackTmp:          0 kB
CommitLimit:     6660208 kB
Committed_AS:   58887456 kB
VmallocTotal:   263061440 kB
VmallocUsed:       83960 kB
VmallocChunk:          0 kB
Percpu:             7616 kB
CmaTotal:         315392 kB
CmaFree:              12 kB
MemTotal:        5980404 kB
MemFree:          589276 kB
MemAvailable:    2815996 kB
Buffers:            6804 kB
Cached:          2372480 kB
SwapCached:            0 kB
Active:          1567168 kB
Inactive:        1907208 kB
Active(anon):     999328 kB
Inactive(anon):   123580 kB
Active(file):     567840 kB
Inactive(file):  1783628 kB
Unevictable:        5672 kB
Mlocked:            5672 kB
SwapTotal:       3670008 kB
SwapFree:        3670008 kB
Dirty:               240 kB
Writeback:             0 kB
AnonPages:       1100880 kB
Mapped:           637224 kB
Shmem:             23184 kB
KReclaimable:     437684 kB
Slab:             210436 kB
SReclaimable:      56912 kB
SUnreclaim:       153524 kB
KernelStack:       43616 kB
PageTables:        54368 kB
NFS_Unstable:          0 kB
Bounce:                0 kB
WritebackTmp:          0 kB
CommitLimit:     6660208 kB
Committed_AS:   58884768 kB
VmallocTotal:   263061440 kB
VmallocUsed:       83944 kB
VmallocChunk:          0 kB
Percpu:             7616 kB
CmaTotal:         315392 kB
CmaFree:              36 kB
MemTotal:        5980404 kB
MemFree:          589024 kB
MemAvailable:    2815744 kB
Buffers:            6804 kB
Cached:          2372480 kB
SwapCached:            0 kB
Active:          1568056 kB
Inactive:        1907208 kB
Active(anon):    1000216 kB
Inactive(anon):   123580 kB
Active(file):     567840 kB
Inactive(file):  1783628 kB
Unevictable:        5672 kB
Mlocked:            5672 kB
SwapTotal:       3670008 kB
SwapFree:        3670008 kB
Dirty:               252 kB
Writeback:             0 kB
AnonPages:       1101244 kB
Mapped:           637248 kB
Shmem:             23184 kB
KReclaimable:     437684 kB
Slab:             210436 kB
SReclaimable:      56912 kB
SUnreclaim:       153524 kB
KernelStack:       43616 kB
PageTables:        54388 kB
NFS_Unstable:          0 kB
Bounce:                0 kB
WritebackTmp:          0 kB
CommitLimit:     6660208 kB
Committed_AS:   58886312 kB
VmallocTotal:   263061440 kB
VmallocUsed:       83960 kB
VmallocChunk:          0 kB
Percpu:             7616 kB
CmaTotal:         315392 kB
CmaFree:               0 kB
MemTotal:        5980404 kB
MemFree:          588280 kB
MemAvailable:    2815000 kB
Buffers:            6804 kB
Cached:          2372480 kB
SwapCached:            0 kB
Active:          1567784 kB
Inactive:        1907208 kB
Active(anon):     999944 kB
Inactive(anon):   123580 kB
Active(file):     567840 kB
Inactive(file):  1783628 kB
Unevictable:        5672 kB
Mlocked:            5672 kB
SwapTotal:       3670008 kB
SwapFree:        3670008 kB
Dirty:               252 kB
Writeback:             0 kB
AnonPages:       1101356 kB
Mapped:           637224 kB
Shmem:             23184 kB
KReclaimable:     437684 kB
Slab:             210436 kB
SReclaimable:      56912 kB
SUnreclaim:       153524 kB
KernelStack:       43568 kB
PageTables:        54048 kB
NFS_Unstable:          0 kB
Bounce:                0 kB
WritebackTmp:          0 kB
CommitLimit:     6660208 kB
Committed_AS:   58881688 kB
VmallocTotal:   263061440 kB
VmallocUsed:       83928 kB
VmallocChunk:          0 kB
Percpu:             7616 kB
CmaTotal:         315392 kB
CmaFree:               0 kB
MemTotal:        5980404 kB
MemFree:          586888 kB
MemAvailable:    2813608 kB
Buffers:            6804 kB
Cached:          2372480 kB
SwapCached:            0 kB
Active:          1568272 kB
Inactive:        1907208 kB
Active(anon):    1000432 kB
Inactive(anon):   123580 kB
Active(file):     567840 kB
Inactive(file):  1783628 kB
Unevictable:        5672 kB
Mlocked:            5672 kB
SwapTotal:       3670008 kB
SwapFree:        3670008 kB
Dirty:               100 kB
Writeback:             0 kB
AnonPages:       1101744 kB
Mapped:           637224 kB
Shmem:             23184 kB
KReclaimable:     437684 kB
Slab:             210428 kB
SReclaimable:      56912 kB
SUnreclaim:       153516 kB
KernelStack:       43616 kB
PageTables:        54188 kB
NFS_Unstable:          0 kB
Bounce:                0 kB
WritebackTmp:          0 kB
CommitLimit:     6660208 kB
Committed_AS:   58881380 kB
VmallocTotal:   263061440 kB
VmallocUsed:       83976 kB
VmallocChunk:          0 kB
Percpu:             7616 kB
CmaTotal:         315392 kB
CmaFree:               0 kB
MemTotal:        5980404 kB
MemFree:          587072 kB
MemAvailable:    2813792 kB
Buffers:            6804 kB
Cached:          2372480 kB
SwapCached:            0 kB
Active:          1568716 kB
Inactive:        1907208 kB
Active(anon):    1000876 kB
Inactive(anon):   123580 kB
Active(file):     567840 kB
Inactive(file):  1783628 kB
Unevictable:        5672 kB
Mlocked:            5672 kB
SwapTotal:       3670008 kB
SwapFree:        3670008 kB
Dirty:               100 kB
Writeback:             0 kB
AnonPages:       1102428 kB
Mapped:           637224 kB
Shmem:             23184 kB
KReclaimable:     437684 kB
Slab:             210428 kB
SReclaimable:      56912 kB
SUnreclaim:       153516 kB
KernelStack:       43600 kB
PageTables:        54184 kB
NFS_Unstable:          0 kB
Bounce:                0 kB
WritebackTmp:          0 kB
CommitLimit:     6660208 kB
Committed_AS:   58883320 kB
VmallocTotal:   263061440 kB
VmallocUsed:       83928 kB
VmallocChunk:          0 kB
Percpu:             7616 kB
CmaTotal:         315392 kB
CmaFree:               0 kB
MemTotal:        5980404 kB
MemFree:          587092 kB
MemAvailable:    2813832 kB
Buffers:            6808 kB
Cached:          2372496 kB
SwapCached:            0 kB
Active:          1568904 kB
Inactive:        1907224 kB
Active(anon):    1001060 kB
Inactive(anon):   123580 kB
Active(file):     567844 kB
Inactive(file):  1783644 kB
Unevictable:        5672 kB
Mlocked:            5672 kB
SwapTotal:       3670008 kB
SwapFree:        3670008 kB
Dirty:               120 kB
Writeback:             0 kB
AnonPages:       1102776 kB
Mapped:           636996 kB
Shmem:             23184 kB
KReclaimable:     437684 kB
Slab:             210428 kB
SReclaimable:      56912 kB
SUnreclaim:       153516 kB
KernelStack:       43632 kB
PageTables:        54308 kB
NFS_Unstable:          0 kB
Bounce:                0 kB
WritebackTmp:          0 kB
CommitLimit:     6660208 kB
Committed_AS:   58885352 kB
VmallocTotal:   263061440 kB
VmallocUsed:       83976 kB
VmallocChunk:          0 kB
Percpu:             7616 kB
CmaTotal:         315392 kB
CmaFree:               0 kB
MemTotal:        5980404 kB
MemFree:          585976 kB
MemAvailable:    2812716 kB
Buffers:            6808 kB
Cached:          2372496 kB
SwapCached:            0 kB
Active:          1568704 kB
Inactive:        1907224 kB
Active(anon):    1000860 kB
Inactive(anon):   123580 kB
Active(file):     567844 kB
Inactive(file):  1783644 kB
Unevictable:        5672 kB
Mlocked:            5672 kB
SwapTotal:       3670008 kB
SwapFree:        3670008 kB
Dirty:               124 kB
Writeback:             0 kB
AnonPages:       1102516 kB
Mapped:           637184 kB
Shmem:             23184 kB
KReclaimable:     437684 kB
Slab:             210436 kB
SReclaimable:      56912 kB
SUnreclaim:       153524 kB
KernelStack:       43616 kB
PageTables:        54436 kB
NFS_Unstable:          0 kB
Bounce:                0 kB
WritebackTmp:          0 kB
CommitLimit:     6660208 kB
Committed_AS:   58886744 kB
VmallocTotal:   263061440 kB
VmallocUsed:       83944 kB
VmallocChunk:          0 kB
Percpu:             7616 kB
CmaTotal:         315392 kB
CmaFree:              88 kB
MemTotal:        5980404 kB
MemFree:          586280 kB
MemAvailable:    2813020 kB
Buffers:            6808 kB
Cached:          2372496 kB
SwapCached:            0 kB
Active:          1569516 kB
Inactive:        1907224 kB
Active(anon):    1001672 kB
Inactive(anon):   123580 kB
Active(file):     567844 kB
Inactive(file):  1783644 kB
Unevictable:        5672 kB
Mlocked:            5672 kB
SwapTotal:       3670008 kB
SwapFree:        3670008 kB
Dirty:               152 kB
Writeback:             0 kB
AnonPages:       1103120 kB
Mapped:           637376 kB
Shmem:             23184 kB
KReclaimable:     437684 kB
Slab:             210416 kB
SReclaimable:      56912 kB
SUnreclaim:       153504 kB
KernelStack:       43632 kB
PageTables:        54260 kB
NFS_Unstable:          0 kB
Bounce:                0 kB
WritebackTmp:          0 kB
CommitLimit:     6660208 kB
Committed_AS:   58887008 kB
VmallocTotal:   263061440 kB
VmallocUsed:       83992 kB
VmallocChunk:          0 kB
Percpu:             7616 kB
CmaTotal:         315392 kB
CmaFree:               0 kB
MemTotal:        5980404 kB
MemFree:          585404 kB
MemAvailable:    2812144 kB
Buffers:            6808 kB
Cached:          2372496 kB
SwapCached:            0 kB
Active:          1569828 kB
Inactive:        1907224 kB
Active(anon):    1001984 kB
Inactive(anon):   123580 kB
Active(file):     567844 kB
Inactive(file):  1783644 kB
Unevictable:        5672 kB
Mlocked:            5672 kB
SwapTotal:       3670008 kB
SwapFree:        3670008 kB
Dirty:               152 kB
Writeback:             0 kB
AnonPages:       1103372 kB
Mapped:           637224 kB
Shmem:             23184 kB
KReclaimable:     437684 kB
Slab:             210432 kB
SReclaimable:      56912 kB
SUnreclaim:       153520 kB
KernelStack:       43600 kB
PageTables:        54220 kB
NFS_Unstable:          0 kB
Bounce:                0 kB
WritebackTmp:          0 kB
CommitLimit:     6660208 kB
Committed_AS:   58882400 kB
VmallocTotal:   263061440 kB
VmallocUsed:       83928 kB
VmallocChunk:          0 kB
Percpu:             7616 kB
CmaTotal:         315392 kB
CmaFree:               0 kB
MemTotal:        5980404 kB
MemFree:          588008 kB
MemAvailable:    2814748 kB
Buffers:            6808 kB
Cached:          2372496 kB
SwapCached:            0 kB
Active:          1569932 kB
Inactive:        1907224 kB
Active(anon):    1002088 kB
Inactive(anon):   123580 kB
Active(file):     567844 kB
Inactive(file):  1783644 kB
Unevictable:        5672 kB
Mlocked:            5672 kB
SwapTotal:       3670008 kB
SwapFree:        3670008 kB
Dirty:               152 kB
Writeback:             0 kB
AnonPages:       1103888 kB
Mapped:           636996 kB
Shmem:             23184 kB
KReclaimable:     437684 kB
Slab:             210444 kB
SReclaimable:      56912 kB
SUnreclaim:       153532 kB
KernelStack:       43600 kB
PageTables:        54192 kB
NFS_Unstable:          0 kB
Bounce:                0 kB
WritebackTmp:          0 kB
CommitLimit:     6660208 kB
Committed_AS:   58887088 kB
VmallocTotal:   263061440 kB
VmallocUsed:       83944 kB
VmallocChunk:          0 kB
Percpu:             7616 kB
CmaTotal:         315392 kB
CmaFree:               0 kB
MemTotal:        5980404 kB
MemFree:          586888 kB
MemAvailable:    2813628 kB
Buffers:            6808 kB
Cached:          2372496 kB
SwapCached:            0 kB
Active:          1570388 kB
Inactive:        1907224 kB
Active(anon):    1002544 kB
Inactive(anon):   123580 kB
Active(file):     567844 kB
Inactive(file):  1783644 kB
Unevictable:        5672 kB
Mlocked:            5672 kB
SwapTotal:       3670008 kB
SwapFree:        3670008 kB
Dirty:               152 kB
Writeback:             0 kB
AnonPages:       1104252 kB
Mapped:           637016 kB
Shmem:             23184 kB
KReclaimable:     437684 kB
Slab:             210436 kB
SReclaimable:      56912 kB
SUnreclaim:       153524 kB
KernelStack:       43616 kB
PageTables:        54224 kB
NFS_Unstable:          0 kB
Bounce:                0 kB
WritebackTmp:          0 kB
CommitLimit:     6660208 kB
Committed_AS:   58885356 kB
VmallocTotal:   263061440 kB
VmallocUsed:       83944 kB
VmallocChunk:          0 kB
Percpu:             7616 kB
CmaTotal:         315392 kB
CmaFree:               0 kB
MemTotal:        5980404 kB
MemFree:          585364 kB
MemAvailable:    2812104 kB
Buffers:            6808 kB
Cached:          2372496 kB
SwapCached:            0 kB
Active:          1571008 kB
Inactive:        1907224 kB
Active(anon):    1003164 kB
Inactive(anon):   123580 kB
Active(file):     567844 kB
Inactive(file):  1783644 kB
Unevictable:        5672 kB
Mlocked:            5672 kB
SwapTotal:       3670008 kB
SwapFree:        3670008 kB
Dirty:               152 kB
Writeback:             0 kB
AnonPages:       1104824 kB
Mapped:           637140 kB
Shmem:             23184 kB
KReclaimable:     437684 kB
Slab:             210444 kB
SReclaimable:      56912 kB
SUnreclaim:       153532 kB
KernelStack:       43584 kB
PageTables:        54140 kB
NFS_Unstable:          0 kB
Bounce:                0 kB
WritebackTmp:          0 kB
CommitLimit:     6660208 kB
Committed_AS:   58884072 kB
VmallocTotal:   263061440 kB
VmallocUsed:       83944 kB
VmallocChunk:          0 kB
Percpu:             7616 kB
CmaTotal:         315392 kB
CmaFree:               0 kB
MemTotal:        5980404 kB
MemFree:          583568 kB
MemAvailable:    2810300 kB
Buffers:            6808 kB
Cached:          2372488 kB
SwapCached:            0 kB
Active:          1571912 kB
Inactive:        1907220 kB
Active(anon):    1004072 kB
Inactive(anon):   123580 kB
Active(file):     567840 kB
Inactive(file):  1783640 kB
Unevictable:        5672 kB
Mlocked:            5672 kB
SwapTotal:       3670008 kB
SwapFree:        3670008 kB
Dirty:               148 kB
Writeback:             0 kB
AnonPages:       1105228 kB
Mapped:           637036 kB
Shmem:             23184 kB
KReclaimable:     437684 kB
Slab:             210456 kB
SReclaimable:      56912 kB
SUnreclaim:       153544 kB
KernelStack:       43584 kB
PageTables:        54080 kB
NFS_Unstable:          0 kB
Bounce:                0 kB
WritebackTmp:          0 kB
CommitLimit:     6660208 kB
Committed_AS:   58884612 kB
VmallocTotal:   263061440 kB
VmallocUsed:       83960 kB
VmallocChunk:          0 kB
Percpu:             7616 kB
CmaTotal:         315392 kB
CmaFree:               0 kB
MemTotal:        5980404 kB
MemFree:          584096 kB
MemAvailable:    2810840 kB
Buffers:            6808 kB
Cached:          2372484 kB
SwapCached:            0 kB
Active:          1572236 kB
Inactive:        1907216 kB
Active(anon):    1004396 kB
Inactive(anon):   123580 kB
Active(file):     567840 kB
Inactive(file):  1783636 kB
Unevictable:        5672 kB
Mlocked:            5672 kB
SwapTotal:       3670008 kB
SwapFree:        3670008 kB
Dirty:               160 kB
Writeback:             0 kB
AnonPages:       1106312 kB
Mapped:           637384 kB
Shmem:             23184 kB
KReclaimable:     437700 kB
Slab:             210476 kB
SReclaimable:      56928 kB
SUnreclaim:       153548 kB
KernelStack:       43568 kB
PageTables:        54328 kB
NFS_Unstable:          0 kB
Bounce:                0 kB
WritebackTmp:          0 kB
CommitLimit:     6660208 kB
Committed_AS:   58888460 kB
VmallocTotal:   263061440 kB
VmallocUsed:       83912 kB
VmallocChunk:          0 kB
Percpu:             7616 kB
CmaTotal:         315392 kB
CmaFree:               0 kB
MemTotal:        5980404 kB
MemFree:          583672 kB
MemAvailable:    2810416 kB
Buffers:            6808 kB
Cached:          2372504 kB
SwapCached:            0 kB
Active:          1572624 kB
Inactive:        1907232 kB
Active(anon):    1004780 kB
Inactive(anon):   123584 kB
Active(file):     567844 kB
Inactive(file):  1783648 kB
Unevictable:        5672 kB
Mlocked:            5672 kB
SwapTotal:       3670008 kB
SwapFree:        3670008 kB
Dirty:               188 kB
Writeback:             0 kB
AnonPages:       1106236 kB
Mapped:           637188 kB
Shmem:             23188 kB
KReclaimable:     437684 kB
Slab:             210464 kB
SReclaimable:      56912 kB
SUnreclaim:       153552 kB
KernelStack:       43504 kB
PageTables:        54236 kB
NFS_Unstable:          0 kB
Bounce:                0 kB
WritebackTmp:          0 kB
CommitLimit:     6660208 kB
Committed_AS:   58885680 kB
VmallocTotal:   263061440 kB
VmallocUsed:       83864 kB
VmallocChunk:          0 kB
Percpu:             7616 kB
CmaTotal:         315392 kB
CmaFree:               0 kB
MemTotal:        5980404 kB
MemFree:          583284 kB
MemAvailable:    2810028 kB
Buffers:            6808 kB
Cached:          2372504 kB
SwapCached:            0 kB
Active:          1572724 kB
Inactive:        1907228 kB
Active(anon):    1004876 kB
Inactive(anon):   123584 kB
Active(file):     567848 kB
Inactive(file):  1783644 kB
Unevictable:        5672 kB
Mlocked:            5672 kB
SwapTotal:       3670008 kB
SwapFree:        3670008 kB
Dirty:               192 kB
Writeback:             0 kB
AnonPages:       1106312 kB
Mapped:           637352 kB
Shmem:             23188 kB
KReclaimable:     437684 kB
Slab:             210464 kB
SReclaimable:      56912 kB
SUnreclaim:       153552 kB
KernelStack:       43456 kB
PageTables:        54380 kB
NFS_Unstable:          0 kB
Bounce:                0 kB
WritebackTmp:          0 kB
CommitLimit:     6660208 kB
Committed_AS:   58887456 kB
VmallocTotal:   263061440 kB
VmallocUsed:       83848 kB
VmallocChunk:          0 kB
Percpu:             7616 kB
CmaTotal:         315392 kB
CmaFree:              40 kB
MemTotal:        5980404 kB
MemFree:          584036 kB
MemAvailable:    2810780 kB
Buffers:            6808 kB
Cached:          2372504 kB
SwapCached:            0 kB
Active:          1572656 kB
Inactive:        1907228 kB
Active(anon):    1004808 kB
Inactive(anon):   123584 kB
Active(file):     567848 kB
Inactive(file):  1783644 kB
Unevictable:        5672 kB
Mlocked:            5672 kB
SwapTotal:       3670008 kB
SwapFree:        3670008 kB
Dirty:               192 kB
Writeback:             0 kB
AnonPages:       1106316 kB
Mapped:           637352 kB
Shmem:             23188 kB
KReclaimable:     437684 kB
Slab:             210464 kB
SReclaimable:      56912 kB
SUnreclaim:       153552 kB
KernelStack:       43472 kB
PageTables:        54176 kB
NFS_Unstable:          0 kB
Bounce:                0 kB
WritebackTmp:          0 kB
CommitLimit:     6660208 kB
Committed_AS:   58883140 kB
VmallocTotal:   263061440 kB
VmallocUsed:       83848 kB
VmallocChunk:          0 kB
Percpu:             7616 kB
CmaTotal:         315392 kB
CmaFree:               0 kB
MemTotal:        5980404 kB
MemFree:          583208 kB
MemAvailable:    2809936 kB
Buffers:            6808 kB
Cached:          2372504 kB
SwapCached:            0 kB
Active:          1572884 kB
Inactive:        1907228 kB
Active(anon):    1005036 kB
Inactive(anon):   123584 kB
Active(file):     567848 kB
Inactive(file):  1783644 kB
Unevictable:        5672 kB
Mlocked:            5672 kB
SwapTotal:       3670008 kB
SwapFree:        3670008 kB
Dirty:               192 kB
Writeback:             0 kB
AnonPages:       1106672 kB
Mapped:           637460 kB
Shmem:             23188 kB
KReclaimable:     437668 kB
Slab:             210448 kB
SReclaimable:      56896 kB
SUnreclaim:       153552 kB
KernelStack:       43472 kB
PageTables:        54392 kB
NFS_Unstable:          0 kB
Bounce:                0 kB
WritebackTmp:          0 kB
CommitLimit:     6660208 kB
Committed_AS:   58885948 kB
VmallocTotal:   263061440 kB
VmallocUsed:       83832 kB
VmallocChunk:          0 kB
Percpu:             7616 kB
CmaTotal:         315392 kB
CmaFree:               0 kB
MemTotal:        5980404 kB
MemFree:          583404 kB
MemAvailable:    2810132 kB
Buffers:            6808 kB
Cached:          2372504 kB
SwapCached:            0 kB
Active:          1572544 kB
Inactive:        1907228 kB
Active(anon):    1004696 kB
Inactive(anon):   123584 kB
Active(file):     567848 kB
Inactive(file):  1783644 kB
Unevictable:        5672 kB
Mlocked:            5672 kB
SwapTotal:       3670008 kB
SwapFree:        3670008 kB
Dirty:               192 kB
Writeback:             0 kB
AnonPages:       1106392 kB
Mapped:           637164 kB
Shmem:             23188 kB
KReclaimable:     437668 kB
Slab:             210448 kB
SReclaimable:      56896 kB
SUnreclaim:       153552 kB
KernelStack:       43360 kB
PageTables:        54208 kB
NFS_Unstable:          0 kB
Bounce:                0 kB
WritebackTmp:          0 kB
CommitLimit:     6660208 kB
Committed_AS:   58886116 kB
VmallocTotal:   263061440 kB
VmallocUsed:       83768 kB
VmallocChunk:          0 kB
Percpu:             7616 kB
CmaTotal:         315392 kB
CmaFree:               0 kB
MemTotal:        5980404 kB
MemFree:          582944 kB
MemAvailable:    2809676 kB
Buffers:            6812 kB
Cached:          2372504 kB
SwapCached:            0 kB
Active:          1572912 kB
Inactive:        1907236 kB
Active(anon):    1005068 kB
Inactive(anon):   123584 kB
Active(file):     567844 kB
Inactive(file):  1783652 kB
Unevictable:        5672 kB
Mlocked:            5672 kB
SwapTotal:       3670008 kB
SwapFree:        3670008 kB
Dirty:               200 kB
Writeback:             0 kB
AnonPages:       1106288 kB
Mapped:           637188 kB
Shmem:             23188 kB
KReclaimable:     437668 kB
Slab:             210448 kB
SReclaimable:      56896 kB
SUnreclaim:       153552 kB
KernelStack:       43312 kB
PageTables:        54048 kB
NFS_Unstable:          0 kB
Bounce:                0 kB
WritebackTmp:          0 kB
CommitLimit:     6660208 kB
Committed_AS:   58881012 kB
VmallocTotal:   263061440 kB
VmallocUsed:       83704 kB
VmallocChunk:          0 kB
Percpu:             7616 kB
CmaTotal:         315392 kB
CmaFree:               0 kB
MemTotal:        5980404 kB
MemFree:          583404 kB
MemAvailable:    2810152 kB
Buffers:            6812 kB
Cached:          2372520 kB
SwapCached:            0 kB
Active:          1573216 kB
Inactive:        1907244 kB
Active(anon):    1005364 kB
Inactive(anon):   123584 kB
Active(file):     567852 kB
Inactive(file):  1783660 kB
Unevictable:        5672 kB
Mlocked:            5672 kB
SwapTotal:       3670008 kB
SwapFree:        3670008 kB
Dirty:               172 kB
Writeback:             0 kB
AnonPages:       1106764 kB
Mapped:           637352 kB
Shmem:             23188 kB
KReclaimable:     437668 kB
Slab:             210448 kB
SReclaimable:      56896 kB
SUnreclaim:       153552 kB
KernelStack:       43328 kB
PageTables:        54172 kB
NFS_Unstable:          0 kB
Bounce:                0 kB
WritebackTmp:          0 kB
CommitLimit:     6660208 kB
Committed_AS:   58883172 kB
VmallocTotal:   263061440 kB
VmallocUsed:       83704 kB
VmallocChunk:          0 kB
Percpu:             7616 kB
CmaTotal:         315392 kB
CmaFree:               0 kB
MemTotal:        5980404 kB
MemFree:          584380 kB
MemAvailable:    2811128 kB
Buffers:            6812 kB
Cached:          2372520 kB
SwapCached:            0 kB
Active:          1573888 kB
Inactive:        1907244 kB
Active(anon):    1006036 kB
Inactive(anon):   123584 kB
Active(file):     567852 kB
Inactive(file):  1783660 kB
Unevictable:        5672 kB
Mlocked:            5672 kB
SwapTotal:       3670008 kB
SwapFree:        3670008 kB
Dirty:               184 kB
Writeback:             0 kB
AnonPages:       1107240 kB
Mapped:           637392 kB
Shmem:             23188 kB
KReclaimable:     437668 kB
Slab:             210448 kB
SReclaimable:      56896 kB
SUnreclaim:       153552 kB
KernelStack:       43312 kB
PageTables:        54128 kB
NFS_Unstable:          0 kB
Bounce:                0 kB
WritebackTmp:          0 kB
CommitLimit:     6660208 kB
Committed_AS:   58881976 kB
VmallocTotal:   263061440 kB
VmallocUsed:       83688 kB
VmallocChunk:          0 kB
Percpu:             7616 kB
CmaTotal:         315392 kB
CmaFree:               0 kB
MemTotal:        5980404 kB
MemFree:          583696 kB
MemAvailable:    2810444 kB
Buffers:            6812 kB
Cached:          2372520 kB
SwapCached:            0 kB
Active:          1573852 kB
Inactive:        1907244 kB
Active(anon):    1006000 kB
Inactive(anon):   123584 kB
Active(file):     567852 kB
Inactive(file):  1783660 kB
Unevictable:        5672 kB
Mlocked:            5672 kB
SwapTotal:       3670008 kB
SwapFree:        3670008 kB
Dirty:               192 kB
Writeback:             0 kB
AnonPages:       1107708 kB
Mapped:           637124 kB
Shmem:             23188 kB
KReclaimable:     437668 kB
Slab:             210448 kB
SReclaimable:      56896 kB
SUnreclaim:       153552 kB
KernelStack:       43312 kB
PageTables:        54424 kB
NFS_Unstable:          0 kB
Bounce:                0 kB
WritebackTmp:          0 kB
CommitLimit:     6660208 kB
Committed_AS:   58886696 kB
VmallocTotal:   263061440 kB
VmallocUsed:       83672 kB
VmallocChunk:          0 kB
Percpu:             7616 kB
CmaTotal:         315392 kB
CmaFree:               0 kB
MemTotal:        5980404 kB
MemFree:          582624 kB
MemAvailable:    2809372 kB
Buffers:            6812 kB
Cached:          2372520 kB
SwapCached:            0 kB
Active:          1574712 kB
Inactive:        1907244 kB
Active(anon):    1006860 kB
Inactive(anon):   123584 kB
Active(file):     567852 kB
Inactive(file):  1783660 kB
Unevictable:        5672 kB
Mlocked:            5672 kB
SwapTotal:       3670008 kB
SwapFree:        3670008 kB
Dirty:               196 kB
Writeback:             0 kB
AnonPages:       1108096 kB
Mapped:           637204 kB
Shmem:             23188 kB
KReclaimable:     437668 kB
Slab:             210448 kB
SReclaimable:      56896 kB
SUnreclaim:       153552 kB
KernelStack:       43296 kB
PageTables:        53920 kB
NFS_Unstable:          0 kB
Bounce:                0 kB
WritebackTmp:          0 kB
CommitLimit:     6660208 kB
Committed_AS:   58883576 kB
VmallocTotal:   263061440 kB
VmallocUsed:       83688 kB
VmallocChunk:          0 kB
Percpu:             7616 kB
CmaTotal:         315392 kB
CmaFree:               0 kB
MemTotal:        5980404 kB
MemFree:          583236 kB
MemAvailable:    2809976 kB
Buffers:            6812 kB
Cached:          2372512 kB
SwapCached:            0 kB
Active:          1574852 kB
Inactive:        1907240 kB
Active(anon):    1007004 kB
Inactive(anon):   123584 kB
Active(file):     567848 kB
Inactive(file):  1783656 kB
Unevictable:        5672 kB
Mlocked:            5672 kB
SwapTotal:       3670008 kB
SwapFree:        3670008 kB
Dirty:               188 kB
Writeback:             0 kB
AnonPages:       1108592 kB
Mapped:           636944 kB
Shmem:             23188 kB
KReclaimable:     437668 kB
Slab:             210448 kB
SReclaimable:      56896 kB
SUnreclaim:       153552 kB
KernelStack:       43312 kB
PageTables:        54352 kB
NFS_Unstable:          0 kB
Bounce:                0 kB
WritebackTmp:          0 kB
CommitLimit:     6660208 kB
Committed_AS:   58887188 kB
VmallocTotal:   263061440 kB
VmallocUsed:       83672 kB
VmallocChunk:          0 kB
Percpu:             7616 kB
CmaTotal:         315392 kB
CmaFree:               0 kB
MemTotal:        5980404 kB
MemFree:          583244 kB
MemAvailable:    2809992 kB
Buffers:            6812 kB
Cached:          2372520 kB
SwapCached:            0 kB
Active:          1575348 kB
Inactive:        1907244 kB
Active(anon):    1007496 kB
Inactive(anon):   123584 kB
Active(file):     567852 kB
Inactive(file):  1783660 kB
Unevictable:        5672 kB
Mlocked:            5672 kB
SwapTotal:       3670008 kB
SwapFree:        3670008 kB
Dirty:               196 kB
Writeback:             0 kB
AnonPages:       1108804 kB
Mapped:           637228 kB
Shmem:             23188 kB
KReclaimable:     437668 kB
Slab:             210452 kB
SReclaimable:      56896 kB
SUnreclaim:       153556 kB
KernelStack:       43344 kB
PageTables:        54224 kB
NFS_Unstable:          0 kB
Bounce:                0 kB
WritebackTmp:          0 kB
CommitLimit:     6660208 kB
Committed_AS:   58881744 kB
VmallocTotal:   263061440 kB
VmallocUsed:       83688 kB
VmallocChunk:          0 kB
Percpu:             7616 kB
CmaTotal:         315392 kB
CmaFree:               0 kB
MemTotal:        5980404 kB
MemFree:          581808 kB
MemAvailable:    2808568 kB
Buffers:            6812 kB
Cached:          2372532 kB
SwapCached:            0 kB
Active:          1575888 kB
Inactive:        1907252 kB
Active(anon):    1008032 kB
Inactive(anon):   123584 kB
Active(file):     567856 kB
Inactive(file):  1783668 kB
Unevictable:        5672 kB
Mlocked:            5672 kB
SwapTotal:       3670008 kB
SwapFree:        3670008 kB
Dirty:               200 kB
Writeback:             4 kB
AnonPages:       1109664 kB
Mapped:           637172 kB
Shmem:             23188 kB
KReclaimable:     437668 kB
Slab:             210456 kB
SReclaimable:      56896 kB
SUnreclaim:       153560 kB
KernelStack:       43328 kB
PageTables:        54200 kB
NFS_Unstable:          0 kB
Bounce:                0 kB
WritebackTmp:          0 kB
CommitLimit:     6660208 kB
Committed_AS:   58880168 kB
VmallocTotal:   263061440 kB
VmallocUsed:       83672 kB
VmallocChunk:          0 kB
Percpu:             7616 kB
CmaTotal:         315392 kB
CmaFree:               0 kB
MemTotal:        5980404 kB
MemFree:          581744 kB
MemAvailable:    2808492 kB
Buffers:            6812 kB
Cached:          2372520 kB
SwapCached:            0 kB
Active:          1575924 kB
Inactive:        1907244 kB
Active(anon):    1008072 kB
Inactive(anon):   123584 kB
Active(file):     567852 kB
Inactive(file):  1783660 kB
Unevictable:        5672 kB
Mlocked:            5672 kB
SwapTotal:       3670008 kB
SwapFree:        3670008 kB
Dirty:               196 kB
Writeback:             0 kB
AnonPages:       1109764 kB
Mapped:           637524 kB
Shmem:             23188 kB
KReclaimable:     437668 kB
Slab:             210456 kB
SReclaimable:      56896 kB
SUnreclaim:       153560 kB
KernelStack:       43328 kB
PageTables:        54200 kB
NFS_Unstable:          0 kB
Bounce:                0 kB
WritebackTmp:          0 kB
CommitLimit:     6660208 kB
Committed_AS:   58882336 kB
VmallocTotal:   263061440 kB
VmallocUsed:       83688 kB
VmallocChunk:          0 kB
Percpu:             7616 kB
CmaTotal:         315392 kB
CmaFree:               0 kB
MemTotal:        5980404 kB
MemFree:          581236 kB
MemAvailable:    2807984 kB
Buffers:            6812 kB
Cached:          2372520 kB
SwapCached:            0 kB
Active:          1576716 kB
Inactive:        1907244 kB
Active(anon):    1008864 kB
Inactive(anon):   123584 kB
Active(file):     567852 kB
Inactive(file):  1783660 kB
Unevictable:        5672 kB
Mlocked:            5672 kB
SwapTotal:       3670008 kB
SwapFree:        3670008 kB
Dirty:               208 kB
Writeback:             0 kB
AnonPages:       1110204 kB
Mapped:           636592 kB
Shmem:             23188 kB
KReclaimable:     437668 kB
Slab:             210456 kB
SReclaimable:      56896 kB
SUnreclaim:       153560 kB
KernelStack:       43312 kB
PageTables:        54144 kB
NFS_Unstable:          0 kB
Bounce:                0 kB
WritebackTmp:          0 kB
CommitLimit:     6660208 kB
Committed_AS:   58883160 kB
VmallocTotal:   263061440 kB
VmallocUsed:       83640 kB
VmallocChunk:          0 kB
Percpu:             7616 kB
CmaTotal:         315392 kB
CmaFree:               0 kB
MemTotal:        5980404 kB
MemFree:          580544 kB
MemAvailable:    2807292 kB
Buffers:            6812 kB
Cached:          2372520 kB
SwapCached:            0 kB
Active:          1576828 kB
Inactive:        1907244 kB
Active(anon):    1008976 kB
Inactive(anon):   123584 kB
Active(file):     567852 kB
Inactive(file):  1783660 kB
Unevictable:        5672 kB
Mlocked:            5672 kB
SwapTotal:       3670008 kB
SwapFree:        3670008 kB
Dirty:               224 kB
Writeback:             0 kB
AnonPages:       1110520 kB
Mapped:           636632 kB
Shmem:             23188 kB
KReclaimable:     437668 kB
Slab:             210460 kB
SReclaimable:      56896 kB
SUnreclaim:       153564 kB
KernelStack:       43296 kB
PageTables:        54156 kB
NFS_Unstable:          0 kB
Bounce:                0 kB
WritebackTmp:          0 kB
CommitLimit:     6660208 kB
Committed_AS:   58881676 kB
VmallocTotal:   263061440 kB
VmallocUsed:       83640 kB
VmallocChunk:          0 kB
Percpu:             7616 kB
CmaTotal:         315392 kB
CmaFree:               0 kB
MemTotal:        5980404 kB
MemFree:          579848 kB
MemAvailable:    2806596 kB
Buffers:            6812 kB
Cached:          2372520 kB
SwapCached:            0 kB
Active:          1577060 kB
Inactive:        1907244 kB
Active(anon):    1009208 kB
Inactive(anon):   123584 kB
Active(file):     567852 kB
Inactive(file):  1783660 kB
Unevictable:        5672 kB
Mlocked:            5672 kB
SwapTotal:       3670008 kB
SwapFree:        3670008 kB
Dirty:               224 kB
Writeback:             0 kB
AnonPages:       1110740 kB
Mapped:           636660 kB
Shmem:             23188 kB
KReclaimable:     437668 kB
Slab:             210460 kB
SReclaimable:      56896 kB
SUnreclaim:       153564 kB
KernelStack:       43344 kB
PageTables:        54252 kB
NFS_Unstable:          0 kB
Bounce:                0 kB
WritebackTmp:          0 kB
CommitLimit:     6660208 kB
Committed_AS:   58880972 kB
VmallocTotal:   263061440 kB
VmallocUsed:       83608 kB
VmallocChunk:          0 kB
Percpu:             7616 kB
CmaTotal:         315392 kB
CmaFree:               0 kB
MemTotal:        5980404 kB
MemFree:          579484 kB
MemAvailable:    2806244 kB
Buffers:            6812 kB
Cached:          2372532 kB
SwapCached:            0 kB
Active:          1577484 kB
Inactive:        1907252 kB
Active(anon):    1009628 kB
Inactive(anon):   123584 kB
Active(file):     567856 kB
Inactive(file):  1783668 kB
Unevictable:        5672 kB
Mlocked:            5672 kB
SwapTotal:       3670008 kB
SwapFree:        3670008 kB
Dirty:               232 kB
Writeback:             0 kB
AnonPages:       1110996 kB
Mapped:           636404 kB
Shmem:             23188 kB
KReclaimable:     437668 kB
Slab:             210464 kB
SReclaimable:      56896 kB
SUnreclaim:       153568 kB
KernelStack:       43312 kB
PageTables:        54160 kB
NFS_Unstable:          0 kB
Bounce:                0 kB
WritebackTmp:          0 kB
CommitLimit:     6660208 kB
Committed_AS:   58882748 kB
VmallocTotal:   263061440 kB
VmallocUsed:       83640 kB
VmallocChunk:          0 kB
Percpu:             7616 kB
CmaTotal:         315392 kB
CmaFree:               0 kB
MemTotal:        5980404 kB
MemFree:          578228 kB
MemAvailable:    2804976 kB
Buffers:            6812 kB
Cached:          2372520 kB
SwapCached:            0 kB
Active:          1578060 kB
Inactive:        1907244 kB
Active(anon):    1010208 kB
Inactive(anon):   123584 kB
Active(file):     567852 kB
Inactive(file):  1783660 kB
Unevictable:        5672 kB
Mlocked:            5672 kB
SwapTotal:       3670008 kB
SwapFree:        3670008 kB
Dirty:               228 kB
Writeback:             0 kB
AnonPages:       1111716 kB
Mapped:           636632 kB
Shmem:             23188 kB
KReclaimable:     437668 kB
Slab:             210464 kB
SReclaimable:      56896 kB
SUnreclaim:       153568 kB
KernelStack:       43312 kB
PageTables:        54168 kB
NFS_Unstable:          0 kB
Bounce:                0 kB
WritebackTmp:          0 kB
CommitLimit:     6660208 kB
Committed_AS:   58880284 kB
VmallocTotal:   263061440 kB
VmallocUsed:       83640 kB
VmallocChunk:          0 kB
Percpu:             7616 kB
CmaTotal:         315392 kB
CmaFree:               0 kB
MemTotal:        5980404 kB
MemFree:          579796 kB
MemAvailable:    2806544 kB
Buffers:            6812 kB
Cached:          2372524 kB
SwapCached:            0 kB
Active:          1578136 kB
Inactive:        1907248 kB
Active(anon):    1010284 kB
Inactive(anon):   123588 kB
Active(file):     567852 kB
Inactive(file):  1783660 kB
Unevictable:        5672 kB
Mlocked:            5672 kB
SwapTotal:       3670008 kB
SwapFree:        3670008 kB
Dirty:               208 kB
Writeback:             0 kB
AnonPages:       1111496 kB
Mapped:           636636 kB
Shmem:             23192 kB
KReclaimable:     437668 kB
Slab:             210464 kB
SReclaimable:      56896 kB
SUnreclaim:       153568 kB
KernelStack:       43280 kB
PageTables:        54152 kB
NFS_Unstable:          0 kB
Bounce:                0 kB
WritebackTmp:          0 kB
CommitLimit:     6660208 kB
Committed_AS:   58881116 kB
VmallocTotal:   263061440 kB
VmallocUsed:       83624 kB
VmallocChunk:          0 kB
Percpu:             7616 kB
CmaTotal:         315392 kB
CmaFree:               0 kB
MemTotal:        5980404 kB
MemFree:          580076 kB
MemAvailable:    2806840 kB
Buffers:            6816 kB
Cached:          2372536 kB
SwapCached:            0 kB
Active:          1578704 kB
Inactive:        1907260 kB
Active(anon):    1010848 kB
Inactive(anon):   123588 kB
Active(file):     567856 kB
Inactive(file):  1783672 kB
Unevictable:        5672 kB
Mlocked:            5672 kB
SwapTotal:       3670008 kB
SwapFree:        3670008 kB
Dirty:               216 kB
Writeback:             0 kB
AnonPages:       1112200 kB
Mapped:           636636 kB
Shmem:             23192 kB
KReclaimable:     437668 kB
Slab:             210464 kB
SReclaimable:      56896 kB
SUnreclaim:       153568 kB
KernelStack:       43312 kB
PageTables:        54288 kB
NFS_Unstable:          0 kB
Bounce:                0 kB
WritebackTmp:          0 kB
CommitLimit:     6660208 kB
Committed_AS:   58881496 kB
VmallocTotal:   263061440 kB
VmallocUsed:       83624 kB
VmallocChunk:          0 kB
Percpu:             7616 kB
CmaTotal:         315392 kB
CmaFree:               0 kB
MemTotal:        5980404 kB
MemFree:          579296 kB
MemAvailable:    2806060 kB
Buffers:            6816 kB
Cached:          2372536 kB
SwapCached:            0 kB
Active:          1578972 kB
Inactive:        1907260 kB
Active(anon):    1011116 kB
Inactive(anon):   123588 kB
Active(file):     567856 kB
Inactive(file):  1783672 kB
Unevictable:        5672 kB
Mlocked:            5672 kB
SwapTotal:       3670008 kB
SwapFree:        3670008 kB
Dirty:               216 kB
Writeback:             0 kB
AnonPages:       1112752 kB
Mapped:           636512 kB
Shmem:             23192 kB
KReclaimable:     437668 kB
Slab:             210464 kB
SReclaimable:      56896 kB
SUnreclaim:       153568 kB
KernelStack:       43312 kB
PageTables:        54192 kB
NFS_Unstable:          0 kB
Bounce:                0 kB
WritebackTmp:          0 kB
CommitLimit:     6660208 kB
Committed_AS:   58880360 kB
VmallocTotal:   263061440 kB
VmallocUsed:       83624 kB
VmallocChunk:          0 kB
Percpu:             7616 kB
CmaTotal:         315392 kB
CmaFree:               0 kB
MemTotal:        5980404 kB
MemFree:          578800 kB
MemAvailable:    2805564 kB
Buffers:            6816 kB
Cached:          2372536 kB
SwapCached:            0 kB
Active:          1579392 kB
Inactive:        1907260 kB
Active(anon):    1011536 kB
Inactive(anon):   123588 kB
Active(file):     567856 kB
Inactive(file):  1783672 kB
Unevictable:        5672 kB
Mlocked:            5672 kB
SwapTotal:       3670008 kB
SwapFree:        3670008 kB
Dirty:               216 kB
Writeback:             0 kB
AnonPages:       1113092 kB
Mapped:           636408 kB
Shmem:             23192 kB
KReclaimable:     437668 kB
Slab:             210464 kB
SReclaimable:      56896 kB
SUnreclaim:       153568 kB
KernelStack:       43280 kB
PageTables:        54156 kB
NFS_Unstable:          0 kB
Bounce:                0 kB
WritebackTmp:          0 kB
CommitLimit:     6660208 kB
Committed_AS:   58881976 kB
VmallocTotal:   263061440 kB
VmallocUsed:       83624 kB
VmallocChunk:          0 kB
Percpu:             7616 kB
CmaTotal:         315392 kB
CmaFree:               0 kB
MemTotal:        5980404 kB
MemFree:          576960 kB
MemAvailable:    2803712 kB
Buffers:            6816 kB
Cached:          2372528 kB
SwapCached:            0 kB
Active:          1580816 kB
Inactive:        1907256 kB
Active(anon):    1012964 kB
Inactive(anon):   123592 kB
Active(file):     567852 kB
Inactive(file):  1783664 kB
Unevictable:        5672 kB
Mlocked:            5672 kB
SwapTotal:       3670008 kB
SwapFree:        3670008 kB
Dirty:               212 kB
Writeback:             0 kB
AnonPages:       1114396 kB
Mapped:           636848 kB
Shmem:             23196 kB
KReclaimable:     437668 kB
Slab:             210464 kB
SReclaimable:      56896 kB
SUnreclaim:       153568 kB
KernelStack:       43400 kB
PageTables:        54308 kB
NFS_Unstable:          0 kB
Bounce:                0 kB
WritebackTmp:          0 kB
CommitLimit:     6660208 kB
Committed_AS:   58880060 kB
VmallocTotal:   263061440 kB
VmallocUsed:       83752 kB
VmallocChunk:          0 kB
Percpu:             7616 kB
CmaTotal:         315392 kB
CmaFree:               0 kB
MemTotal:        5980404 kB
MemFree:          575308 kB
MemAvailable:    2802072 kB
Buffers:            6816 kB
Cached:          2372540 kB
SwapCached:            0 kB
Active:          1581176 kB
Inactive:        1907264 kB
Active(anon):    1013320 kB
Inactive(anon):   123592 kB
Active(file):     567856 kB
Inactive(file):  1783672 kB
Unevictable:        5672 kB
Mlocked:            5672 kB
SwapTotal:       3670008 kB
SwapFree:        3670008 kB
Dirty:               112 kB
Writeback:             0 kB
AnonPages:       1114820 kB
Mapped:           636600 kB
Shmem:             23196 kB
KReclaimable:     437668 kB
Slab:             210468 kB
SReclaimable:      56896 kB
SUnreclaim:       153572 kB
KernelStack:       43408 kB
PageTables:        54428 kB
NFS_Unstable:          0 kB
Bounce:                0 kB
WritebackTmp:          0 kB
CommitLimit:     6660208 kB
Committed_AS:   58880872 kB
VmallocTotal:   263061440 kB
VmallocUsed:       83752 kB
VmallocChunk:          0 kB
Percpu:             7616 kB
CmaTotal:         315392 kB
CmaFree:               0 kB
MemTotal:        5980404 kB
MemFree:          575588 kB
MemAvailable:    2802352 kB
Buffers:            6816 kB
Cached:          2372540 kB
SwapCached:            0 kB
Active:          1581724 kB
Inactive:        1907264 kB
Active(anon):    1013868 kB
Inactive(anon):   123592 kB
Active(file):     567856 kB
Inactive(file):  1783672 kB
Unevictable:        5672 kB
Mlocked:            5672 kB
SwapTotal:       3670008 kB
SwapFree:        3670008 kB
Dirty:                80 kB
Writeback:            32 kB
AnonPages:       1115248 kB
Mapped:           636680 kB
Shmem:             23196 kB
KReclaimable:     437668 kB
Slab:             210468 kB
SReclaimable:      56896 kB
SUnreclaim:       153572 kB
KernelStack:       43388 kB
PageTables:        54252 kB
NFS_Unstable:          0 kB
Bounce:                0 kB
WritebackTmp:          0 kB
CommitLimit:     6660208 kB
Committed_AS:   58883116 kB
VmallocTotal:   263061440 kB
VmallocUsed:       83736 kB
VmallocChunk:          0 kB
Percpu:             7616 kB
CmaTotal:         315392 kB
CmaFree:               0 kB
MemTotal:        5980404 kB
MemFree:          576820 kB
MemAvailable:    2803584 kB
Buffers:            6816 kB
Cached:          2372540 kB
SwapCached:            0 kB
Active:          1581092 kB
Inactive:        1907264 kB
Active(anon):    1013236 kB
Inactive(anon):   123592 kB
Active(file):     567856 kB
Inactive(file):  1783672 kB
Unevictable:        5672 kB
Mlocked:            5672 kB
SwapTotal:       3670008 kB
SwapFree:        3670008 kB
Dirty:               112 kB
Writeback:             0 kB
AnonPages:       1115108 kB
Mapped:           636412 kB
Shmem:             23196 kB
KReclaimable:     437668 kB
Slab:             210468 kB
SReclaimable:      56896 kB
SUnreclaim:       153572 kB
KernelStack:       43392 kB
PageTables:        53968 kB
NFS_Unstable:          0 kB
Bounce:                0 kB
WritebackTmp:          0 kB
CommitLimit:     6660208 kB
Committed_AS:   58884660 kB
VmallocTotal:   263061440 kB
VmallocUsed:       83784 kB
VmallocChunk:          0 kB
Percpu:             7616 kB
CmaTotal:         315392 kB
CmaFree:               0 kB
MemTotal:        5980404 kB
MemFree:          588816 kB
MemAvailable:    2815580 kB
Buffers:            6816 kB
Cached:          2372540 kB
SwapCached:            0 kB
Active:          1569876 kB
Inactive:        1907264 kB
Active(anon):    1002020 kB
Inactive(anon):   123592 kB
Active(file):     567856 kB
Inactive(file):  1783672 kB
Unevictable:        5672 kB
Mlocked:            5672 kB
SwapTotal:       3670008 kB
SwapFree:        3670008 kB
Dirty:               144 kB
Writeback:             0 kB
AnonPages:       1103728 kB
Mapped:           636712 kB
Shmem:             23196 kB
KReclaimable:     437668 kB
Slab:             210476 kB
SReclaimable:      56896 kB
SUnreclaim:       153580 kB
KernelStack:       43376 kB
PageTables:        54076 kB
NFS_Unstable:          0 kB
Bounce:                0 kB
WritebackTmp:          0 kB
CommitLimit:     6660208 kB
Committed_AS:   58881884 kB
VmallocTotal:   263061440 kB
VmallocUsed:       83768 kB
VmallocChunk:          0 kB
Percpu:             7616 kB
CmaTotal:         315392 kB
CmaFree:             140 kB
MemTotal:        5980404 kB
MemFree:          586864 kB
MemAvailable:    2813636 kB
Buffers:            6816 kB
Cached:          2372548 kB
SwapCached:            0 kB
Active:          1570920 kB
Inactive:        1907268 kB
Active(anon):    1003060 kB
Inactive(anon):   123592 kB
Active(file):     567860 kB
Inactive(file):  1783676 kB
Unevictable:        5672 kB
Mlocked:            5672 kB
SwapTotal:       3670008 kB
SwapFree:        3670008 kB
Dirty:               152 kB
Writeback:             0 kB
AnonPages:       1104348 kB
Mapped:           636640 kB
Shmem:             23196 kB
KReclaimable:     437668 kB
Slab:             210476 kB
SReclaimable:      56896 kB
SUnreclaim:       153580 kB
KernelStack:       43376 kB
PageTables:        54176 kB
NFS_Unstable:          0 kB
Bounce:                0 kB
WritebackTmp:          0 kB
CommitLimit:     6660208 kB
Committed_AS:   58879992 kB
VmallocTotal:   263061440 kB
VmallocUsed:       83720 kB
VmallocChunk:          0 kB
Percpu:             7616 kB
CmaTotal:         315392 kB
CmaFree:               0 kB
MemTotal:        5980404 kB
MemFree:          586448 kB
MemAvailable:    2813212 kB
Buffers:            6816 kB
Cached:          2372540 kB
SwapCached:            0 kB
Active:          1571492 kB
Inactive:        1907264 kB
Active(anon):    1003636 kB
Inactive(anon):   123592 kB
Active(file):     567856 kB
Inactive(file):  1783672 kB
Unevictable:        5672 kB
Mlocked:            5672 kB
SwapTotal:       3670008 kB
SwapFree:        3670008 kB
Dirty:               220 kB
Writeback:             0 kB
AnonPages:       1104936 kB
Mapped:           636640 kB
Shmem:             23196 kB
KReclaimable:     437668 kB
Slab:             210476 kB
SReclaimable:      56896 kB
SUnreclaim:       153580 kB
KernelStack:       43360 kB
PageTables:        54288 kB
NFS_Unstable:          0 kB
Bounce:                0 kB
WritebackTmp:          0 kB
CommitLimit:     6660208 kB
Committed_AS:   58882316 kB
VmallocTotal:   263061440 kB
VmallocUsed:       83720 kB
VmallocChunk:          0 kB
Percpu:             7616 kB
CmaTotal:         315392 kB
CmaFree:               0 kB
MemTotal:        5980404 kB
MemFree:          586844 kB
MemAvailable:    2813604 kB
Buffers:            6816 kB
Cached:          2372536 kB
SwapCached:            0 kB
Active:          1571944 kB
Inactive:        1907264 kB
Active(anon):    1004092 kB
Inactive(anon):   123592 kB
Active(file):     567852 kB
Inactive(file):  1783672 kB
Unevictable:        5672 kB
Mlocked:            5672 kB
SwapTotal:       3670008 kB
SwapFree:        3670008 kB
Dirty:               240 kB
Writeback:             0 kB
AnonPages:       1105536 kB
Mapped:           636472 kB
Shmem:             23196 kB
KReclaimable:     437668 kB
Slab:             210476 kB
SReclaimable:      56896 kB
SUnreclaim:       153580 kB
KernelStack:       43408 kB
PageTables:        54224 kB
NFS_Unstable:          0 kB
Bounce:                0 kB
WritebackTmp:          0 kB
CommitLimit:     6660208 kB
Committed_AS:   58880616 kB
VmallocTotal:   263061440 kB
VmallocUsed:       83736 kB
VmallocChunk:          0 kB
Percpu:             7616 kB
CmaTotal:         315392 kB
CmaFree:               0 kB
MemTotal:        5980404 kB
MemFree:          585008 kB
MemAvailable:    2811780 kB
Buffers:            6816 kB
Cached:          2372548 kB
SwapCached:            0 kB
Active:          1571808 kB
Inactive:        1907272 kB
Active(anon):    1003952 kB
Inactive(anon):   123592 kB
Active(file):     567856 kB
Inactive(file):  1783680 kB
Unevictable:        5672 kB
Mlocked:            5672 kB
SwapTotal:       3670008 kB
SwapFree:        3670008 kB
Dirty:               244 kB
Writeback:             0 kB
AnonPages:       1105616 kB
Mapped:           636640 kB
Shmem:             23196 kB
KReclaimable:     437668 kB
Slab:             210476 kB
SReclaimable:      56896 kB
SUnreclaim:       153580 kB
KernelStack:       43392 kB
PageTables:        54172 kB
NFS_Unstable:          0 kB
Bounce:                0 kB
WritebackTmp:          0 kB
CommitLimit:     6660208 kB
Committed_AS:   58882936 kB
VmallocTotal:   263061440 kB
VmallocUsed:       83736 kB
VmallocChunk:          0 kB
Percpu:             7616 kB
CmaTotal:         315392 kB
CmaFree:               8 kB
MemTotal:        5980404 kB
MemFree:          586012 kB
MemAvailable:    2812784 kB
Buffers:            6816 kB
Cached:          2372548 kB
SwapCached:            0 kB
Active:          1572040 kB
Inactive:        1907272 kB
Active(anon):    1004184 kB
Inactive(anon):   123592 kB
Active(file):     567856 kB
Inactive(file):  1783680 kB
Unevictable:        5672 kB
Mlocked:            5672 kB
SwapTotal:       3670008 kB
SwapFree:        3670008 kB
Dirty:               244 kB
Writeback:             0 kB
AnonPages:       1105836 kB
Mapped:           636568 kB
Shmem:             23196 kB
KReclaimable:     437668 kB
Slab:             210476 kB
SReclaimable:      56896 kB
SUnreclaim:       153580 kB
KernelStack:       43388 kB
PageTables:        54216 kB
NFS_Unstable:          0 kB
Bounce:                0 kB
WritebackTmp:          0 kB
CommitLimit:     6660208 kB
Committed_AS:   58882284 kB
VmallocTotal:   263061440 kB
VmallocUsed:       83720 kB
VmallocChunk:          0 kB
Percpu:             7616 kB
CmaTotal:         315392 kB
CmaFree:               8 kB
MemTotal:        5980404 kB
MemFree:          584244 kB
MemAvailable:    2811016 kB
Buffers:            6816 kB
Cached:          2372548 kB
SwapCached:            0 kB
Active:          1572772 kB
Inactive:        1907272 kB
Active(anon):    1004916 kB
Inactive(anon):   123592 kB
Active(file):     567856 kB
Inactive(file):  1783680 kB
Unevictable:        5672 kB
Mlocked:            5672 kB
SwapTotal:       3670008 kB
SwapFree:        3670008 kB
Dirty:               244 kB
Writeback:             0 kB
AnonPages:       1106428 kB
Mapped:           636640 kB
Shmem:             23196 kB
KReclaimable:     437668 kB
Slab:             210476 kB
SReclaimable:      56896 kB
SUnreclaim:       153580 kB
KernelStack:       43392 kB
PageTables:        54172 kB
NFS_Unstable:          0 kB
Bounce:                0 kB
WritebackTmp:          0 kB
CommitLimit:     6660208 kB
Committed_AS:   58882808 kB
VmallocTotal:   263061440 kB
VmallocUsed:       83736 kB
VmallocChunk:          0 kB
Percpu:             7616 kB
CmaTotal:         315392 kB
CmaFree:               0 kB
MemTotal:        5980404 kB
MemFree:          582964 kB
MemAvailable:    2809736 kB
Buffers:            6816 kB
Cached:          2372548 kB
SwapCached:            0 kB
Active:          1573392 kB
Inactive:        1907272 kB
Active(anon):    1005536 kB
Inactive(anon):   123592 kB
Active(file):     567856 kB
Inactive(file):  1783680 kB
Unevictable:        5672 kB
Mlocked:            5672 kB
SwapTotal:       3670008 kB
SwapFree:        3670008 kB
Dirty:               244 kB
Writeback:             0 kB
AnonPages:       1107116 kB
Mapped:           636640 kB
Shmem:             23196 kB
KReclaimable:     437668 kB
Slab:             210476 kB
SReclaimable:      56896 kB
SUnreclaim:       153580 kB
KernelStack:       43376 kB
PageTables:        54168 kB
NFS_Unstable:          0 kB
Bounce:                0 kB
WritebackTmp:          0 kB
CommitLimit:     6660208 kB
Committed_AS:   58884836 kB
VmallocTotal:   263061440 kB
VmallocUsed:       83784 kB
VmallocChunk:          0 kB
Percpu:             7616 kB
CmaTotal:         315392 kB
CmaFree:               0 kB
MemTotal:        5980404 kB
MemFree:          582960 kB
MemAvailable:    2809752 kB
Buffers:            6820 kB
Cached:          2372564 kB
SwapCached:            0 kB
Active:          1573992 kB
Inactive:        1907288 kB
Active(anon):    1006132 kB
Inactive(anon):   123592 kB
Active(file):     567860 kB
Inactive(file):  1783696 kB
Unevictable:        5672 kB
Mlocked:            5672 kB
SwapTotal:       3670008 kB
SwapFree:        3670008 kB
Dirty:               224 kB
Writeback:             0 kB
AnonPages:       1107396 kB
Mapped:           636412 kB
Shmem:             23196 kB
KReclaimable:     437668 kB
Slab:             210476 kB
SReclaimable:      56896 kB
SUnreclaim:       153580 kB
KernelStack:       43392 kB
PageTables:        54176 kB
NFS_Unstable:          0 kB
Bounce:                0 kB
WritebackTmp:          0 kB
CommitLimit:     6660208 kB
Committed_AS:   58883292 kB
VmallocTotal:   263061440 kB
VmallocUsed:       83768 kB
VmallocChunk:          0 kB
Percpu:             7616 kB
CmaTotal:         315392 kB
CmaFree:               0 kB
MemTotal:        5980404 kB
MemFree:          581980 kB
MemAvailable:    2808772 kB
Buffers:            6820 kB
Cached:          2372564 kB
SwapCached:            0 kB
Active:          1574336 kB
Inactive:        1907288 kB
Active(anon):    1006476 kB
Inactive(anon):   123592 kB
Active(file):     567860 kB
Inactive(file):  1783696 kB
Unevictable:        5672 kB
Mlocked:            5672 kB
SwapTotal:       3670008 kB
SwapFree:        3670008 kB
Dirty:               224 kB
Writeback:             0 kB
AnonPages:       1107948 kB
Mapped:           636596 kB
Shmem:             23196 kB
KReclaimable:     437668 kB
Slab:             210480 kB
SReclaimable:      56896 kB
SUnreclaim:       153584 kB
KernelStack:       43392 kB
PageTables:        54192 kB
NFS_Unstable:          0 kB
Bounce:                0 kB
WritebackTmp:          0 kB
CommitLimit:     6660208 kB
Committed_AS:   58884368 kB
VmallocTotal:   263061440 kB
VmallocUsed:       83752 kB
VmallocChunk:          0 kB
Percpu:             7616 kB
CmaTotal:         315392 kB
CmaFree:               0 kB
MemTotal:        5980404 kB
MemFree:          582520 kB
MemAvailable:    2809312 kB
Buffers:            6820 kB
Cached:          2372564 kB
SwapCached:            0 kB
Active:          1574312 kB
Inactive:        1907288 kB
Active(anon):    1006452 kB
Inactive(anon):   123592 kB
Active(file):     567860 kB
Inactive(file):  1783696 kB
Unevictable:        5672 kB
Mlocked:            5672 kB
SwapTotal:       3670008 kB
SwapFree:        3670008 kB
Dirty:               224 kB
Writeback:             0 kB
AnonPages:       1108264 kB
Mapped:           636772 kB
Shmem:             23196 kB
KReclaimable:     437668 kB
Slab:             210480 kB
SReclaimable:      56896 kB
SUnreclaim:       153584 kB
KernelStack:       43424 kB
PageTables:        53992 kB
NFS_Unstable:          0 kB
Bounce:                0 kB
WritebackTmp:          0 kB
CommitLimit:     6660208 kB
Committed_AS:   58883208 kB
VmallocTotal:   263061440 kB
VmallocUsed:       83720 kB
VmallocChunk:          0 kB
Percpu:             7616 kB
CmaTotal:         315392 kB
CmaFree:               0 kB
MemTotal:        5980404 kB
MemFree:          582352 kB
MemAvailable:    2809144 kB
Buffers:            6820 kB
Cached:          2372564 kB
SwapCached:            0 kB
Active:          1573588 kB
Inactive:        1907288 kB
Active(anon):    1005728 kB
Inactive(anon):   123592 kB
Active(file):     567860 kB
Inactive(file):  1783696 kB
Unevictable:        5672 kB
Mlocked:            5672 kB
SwapTotal:       3670008 kB
SwapFree:        3670008 kB
Dirty:               224 kB
Writeback:             0 kB
AnonPages:       1107512 kB
Mapped:           636640 kB
Shmem:             23196 kB
KReclaimable:     437668 kB
Slab:             210480 kB
SReclaimable:      56896 kB
SUnreclaim:       153584 kB
KernelStack:       43424 kB
PageTables:        54300 kB
NFS_Unstable:          0 kB
Bounce:                0 kB
WritebackTmp:          0 kB
CommitLimit:     6660208 kB
Committed_AS:   58882104 kB
VmallocTotal:   263061440 kB
VmallocUsed:       83752 kB
VmallocChunk:          0 kB
Percpu:             7616 kB
CmaTotal:         315392 kB
CmaFree:               0 kB
MemTotal:        5980404 kB
MemFree:          582296 kB
MemAvailable:    2809088 kB
Buffers:            6820 kB
Cached:          2372564 kB
SwapCached:            0 kB
Active:          1574268 kB
Inactive:        1907288 kB
Active(anon):    1006408 kB
Inactive(anon):   123592 kB
Active(file):     567860 kB
Inactive(file):  1783696 kB
Unevictable:        5672 kB
Mlocked:            5672 kB
SwapTotal:       3670008 kB
SwapFree:        3670008 kB
Dirty:               224 kB
Writeback:             0 kB
AnonPages:       1107988 kB
Mapped:           636640 kB
Shmem:             23196 kB
KReclaimable:     437668 kB
Slab:             210480 kB
SReclaimable:      56896 kB
SUnreclaim:       153584 kB
KernelStack:       43376 kB
PageTables:        54172 kB
NFS_Unstable:          0 kB
Bounce:                0 kB
WritebackTmp:          0 kB
CommitLimit:     6660208 kB
Committed_AS:   58882700 kB
VmallocTotal:   263061440 kB
VmallocUsed:       83768 kB
VmallocChunk:          0 kB
Percpu:             7616 kB
CmaTotal:         315392 kB
CmaFree:               8 kB
MemTotal:        5980404 kB
MemFree:          581980 kB
MemAvailable:    2808772 kB
Buffers:            6820 kB
Cached:          2372564 kB
SwapCached:            0 kB
Active:          1574452 kB
Inactive:        1907288 kB
Active(anon):    1006592 kB
Inactive(anon):   123592 kB
Active(file):     567860 kB
Inactive(file):  1783696 kB
Unevictable:        5672 kB
Mlocked:            5672 kB
SwapTotal:       3670008 kB
SwapFree:        3670008 kB
Dirty:               224 kB
Writeback:             0 kB
AnonPages:       1108052 kB
Mapped:           636640 kB
Shmem:             23196 kB
KReclaimable:     437668 kB
Slab:             210480 kB
SReclaimable:      56896 kB
SUnreclaim:       153584 kB
KernelStack:       43392 kB
PageTables:        54164 kB
NFS_Unstable:          0 kB
Bounce:                0 kB
WritebackTmp:          0 kB
CommitLimit:     6660208 kB
Committed_AS:   58882856 kB
VmallocTotal:   263061440 kB
VmallocUsed:       83704 kB
VmallocChunk:          0 kB
Percpu:             7616 kB
CmaTotal:         315392 kB
CmaFree:               0 kB
MemTotal:        5980404 kB
MemFree:          581408 kB
MemAvailable:    2808200 kB
Buffers:            6820 kB
Cached:          2372564 kB
SwapCached:            0 kB
Active:          1575216 kB
Inactive:        1907288 kB
Active(anon):    1007356 kB
Inactive(anon):   123592 kB
Active(file):     567860 kB
Inactive(file):  1783696 kB
Unevictable:        5672 kB
Mlocked:            5672 kB
SwapTotal:       3670008 kB
SwapFree:        3670008 kB
Dirty:               224 kB
Writeback:             0 kB
AnonPages:       1108876 kB
Mapped:           636640 kB
Shmem:             23196 kB
KReclaimable:     437668 kB
Slab:             210480 kB
SReclaimable:      56896 kB
SUnreclaim:       153584 kB
KernelStack:       43408 kB
PageTables:        54312 kB
NFS_Unstable:          0 kB
Bounce:                0 kB
WritebackTmp:          0 kB
CommitLimit:     6660208 kB
Committed_AS:   58885232 kB
VmallocTotal:   263061440 kB
VmallocUsed:       83704 kB
VmallocChunk:          0 kB
Percpu:             7616 kB
CmaTotal:         315392 kB
CmaFree:               0 kB
MemTotal:        5980404 kB
MemFree:          582472 kB
MemAvailable:    2809256 kB
Buffers:            6820 kB
Cached:          2372556 kB
SwapCached:            0 kB
Active:          1575848 kB
Inactive:        1907284 kB
Active(anon):    1007992 kB
Inactive(anon):   123592 kB
Active(file):     567856 kB
Inactive(file):  1783692 kB
Unevictable:        5672 kB
Mlocked:            5672 kB
SwapTotal:       3670008 kB
SwapFree:        3670008 kB
Dirty:               216 kB
Writeback:             0 kB
AnonPages:       1109332 kB
Mapped:           636708 kB
Shmem:             23196 kB
KReclaimable:     437668 kB
Slab:             210480 kB
SReclaimable:      56896 kB
SUnreclaim:       153584 kB
KernelStack:       43408 kB
PageTables:        54232 kB
NFS_Unstable:          0 kB
Bounce:                0 kB
WritebackTmp:          0 kB
CommitLimit:     6660208 kB
Committed_AS:   58884568 kB
VmallocTotal:   263061440 kB
VmallocUsed:       83688 kB
VmallocChunk:          0 kB
Percpu:             7616 kB
CmaTotal:         315392 kB
CmaFree:               0 kB
MemTotal:        5980404 kB
MemFree:          581160 kB
MemAvailable:    2807952 kB
Buffers:            6820 kB
Cached:          2372568 kB
SwapCached:            0 kB
Active:          1576024 kB
Inactive:        1907292 kB
Active(anon):    1008164 kB
Inactive(anon):   123596 kB
Active(file):     567860 kB
Inactive(file):  1783696 kB
Unevictable:        5672 kB
Mlocked:            5672 kB
SwapTotal:       3670008 kB
SwapFree:        3670008 kB
Dirty:               224 kB
Writeback:             0 kB
AnonPages:       1109324 kB
Mapped:           636644 kB
Shmem:             23200 kB
KReclaimable:     437668 kB
Slab:             210480 kB
SReclaimable:      56896 kB
SUnreclaim:       153584 kB
KernelStack:       43392 kB
PageTables:        54172 kB
NFS_Unstable:          0 kB
Bounce:                0 kB
WritebackTmp:          0 kB
CommitLimit:     6660208 kB
Committed_AS:   58887328 kB
VmallocTotal:   263061440 kB
VmallocUsed:       83672 kB
VmallocChunk:          0 kB
Percpu:             7616 kB
CmaTotal:         315392 kB
CmaFree:               0 kB
MemTotal:        5980404 kB
MemFree:          584812 kB
MemAvailable:    2811604 kB
Buffers:            6820 kB
Cached:          2372568 kB
SwapCached:            0 kB
Active:          1572080 kB
Inactive:        1907292 kB
Active(anon):    1004220 kB
Inactive(anon):   123596 kB
Active(file):     567860 kB
Inactive(file):  1783696 kB
Unevictable:        5672 kB
Mlocked:            5672 kB
SwapTotal:       3670008 kB
SwapFree:        3670008 kB
Dirty:               232 kB
Writeback:             0 kB
AnonPages:       1105580 kB
Mapped:           636588 kB
Shmem:             23200 kB
KReclaimable:     437668 kB
Slab:             210488 kB
SReclaimable:      56896 kB
SUnreclaim:       153592 kB
KernelStack:       43408 kB
PageTables:        54276 kB
NFS_Unstable:          0 kB
Bounce:                0 kB
WritebackTmp:          0 kB
CommitLimit:     6660208 kB
Committed_AS:   58886112 kB
VmallocTotal:   263061440 kB
VmallocUsed:       83688 kB
VmallocChunk:          0 kB
Percpu:             7616 kB
CmaTotal:         315392 kB
CmaFree:             324 kB
MemTotal:        5980404 kB
MemFree:          589304 kB
MemAvailable:    2816096 kB
Buffers:            6820 kB
Cached:          2372568 kB
SwapCached:            0 kB
Active:          1567816 kB
Inactive:        1907292 kB
Active(anon):     999956 kB
Inactive(anon):   123596 kB
Active(file):     567860 kB
Inactive(file):  1783696 kB
Unevictable:        5672 kB
Mlocked:            5672 kB
SwapTotal:       3670008 kB
SwapFree:        3670008 kB
Dirty:               244 kB
Writeback:             0 kB
AnonPages:       1101136 kB
Mapped:           636700 kB
Shmem:             23200 kB
KReclaimable:     437668 kB
Slab:             210492 kB
SReclaimable:      56896 kB
SUnreclaim:       153596 kB
KernelStack:       43360 kB
PageTables:        54064 kB
NFS_Unstable:          0 kB
Bounce:                0 kB
WritebackTmp:          0 kB
CommitLimit:     6660208 kB
Committed_AS:   58885836 kB
VmallocTotal:   263061440 kB
VmallocUsed:       83656 kB
VmallocChunk:          0 kB
Percpu:             7616 kB
CmaTotal:         315392 kB
CmaFree:               0 kB
MemTotal:        5980404 kB
MemFree:          588488 kB
MemAvailable:    2815284 kB
Buffers:            6820 kB
Cached:          2372572 kB
SwapCached:            0 kB
Active:          1567936 kB
Inactive:        1907296 kB
Active(anon):    1000076 kB
Inactive(anon):   123596 kB
Active(file):     567860 kB
Inactive(file):  1783700 kB
Unevictable:        5672 kB
Mlocked:            5672 kB
SwapTotal:       3670008 kB
SwapFree:        3670008 kB
Dirty:               256 kB
Writeback:             0 kB
AnonPages:       1101876 kB
Mapped:           636416 kB
Shmem:             23200 kB
KReclaimable:     437668 kB
Slab:             210492 kB
SReclaimable:      56896 kB
SUnreclaim:       153596 kB
KernelStack:       43360 kB
PageTables:        53968 kB
NFS_Unstable:          0 kB
Bounce:                0 kB
WritebackTmp:          0 kB
CommitLimit:     6660208 kB
Committed_AS:   58883016 kB
VmallocTotal:   263061440 kB
VmallocUsed:       83672 kB
VmallocChunk:          0 kB
Percpu:             7616 kB
CmaTotal:         315392 kB
CmaFree:               0 kB
MemTotal:        5980404 kB
MemFree:          588472 kB
MemAvailable:    2815268 kB
Buffers:            6820 kB
Cached:          2372572 kB
SwapCached:            0 kB
Active:          1568392 kB
Inactive:        1907296 kB
Active(anon):    1000532 kB
Inactive(anon):   123596 kB
Active(file):     567860 kB
Inactive(file):  1783700 kB
Unevictable:        5672 kB
Mlocked:            5672 kB
SwapTotal:       3670008 kB
SwapFree:        3670008 kB
Dirty:               260 kB
Writeback:             0 kB
AnonPages:       1102088 kB
Mapped:           636416 kB
Shmem:             23200 kB
KReclaimable:     437668 kB
Slab:             210492 kB
SReclaimable:      56896 kB
SUnreclaim:       153596 kB
KernelStack:       43376 kB
PageTables:        54176 kB
NFS_Unstable:          0 kB
Bounce:                0 kB
WritebackTmp:          0 kB
CommitLimit:     6660208 kB
Committed_AS:   58881844 kB
VmallocTotal:   263061440 kB
VmallocUsed:       83640 kB
